12-12 11:50:07.445  9193  9282 D EGL_emulation: eglMakeCurrent: 0xd471b6e0: ver 2 0 (tinfo 0xba0ae100)
12-12 11:50:07.681  9193  9193 I ViewInteraction: Performing 'wait for a specific view with <is assignable from class <class android.widget.TimePicker>> during 10000 millis.' action on view view.getRootView() to equal view
12-12 11:50:07.689  9193  9193 I ViewInteraction: Checking 'MatchesViewAssertion{viewMatcher=(view has effective visibility <VISIBLE> and view.getGlobalVisibleRect() to return non-empty rectangle)}' assertion on view is assignable from class <class android.widget.TimePicker>
12-12 11:50:07.697  9193  9193 I ViewInteraction: Performing 'wait for a specific view with <is assignable from class <class android.widget.TimePicker>> during 10000 millis.' action on view view.getRootView() to equal view
12-12 11:50:07.704  9193  9193 I ViewInteraction: Performing 'set time' action on view is assignable from class <class android.widget.TimePicker>
12-12 11:50:07.732  9193  9282 D EGL_emulation: eglMakeCurrent: 0xd471b6e0: ver 2 0 (tinfo 0xba0ae100)
12-12 11:50:07.742  9193  9193 I ViewInteraction: Performing 'wait for a specific view with <view.getId() is <16908313/android:id/button1>> during 10000 millis.' action on view view.getRootView() to equal view
12-12 11:50:07.751  9193  9193 I ViewInteraction: Performing 'single click' action on view view.getId() is <16908313/android:id/button1>
12-12 11:50:07.849  9193  9282 D EGL_emulation: eglMakeCurrent: 0xd471b6e0: ver 2 0 (tinfo 0xba0ae100)
12-12 11:50:07.866  2009  2457 E InputDispatcher: Window handle Window{43394 u0 ru.iteco.fmhandroid/ru.iteco.fmhandroid.ui.AppActivity} has no registered input channel
12-12 11:50:07.923  9193  9282 D EGL_emulation: eglMakeCurrent: 0xd471b6e0: ver 2 0 (tinfo 0xba0ae100)
12-12 11:50:08.389  9193  9193 I ViewInteraction: Performing 'wait for a specific view with <(an instance of android.widget.TextView and view.getHint() matching: is "Description" and view.getParent() view.getParent() view.getId() is <2131230988>)> during 10000 millis.' action on view view.getRootView() to equal view
12-12 11:50:08.414  9193  9193 I ViewInteraction: Performing 'replace text( 588c11cc-6a11-4eec-ae49-0f630caace41)' action on view (an instance of android.widget.TextView and view.getHint() matching: is "Description" and view.getParent() view.getParent() view.getId() is <2131230988/ru.iteco.fmhandroid:id/description_text_input_layout>)
12-12 11:50:08.625  9193  9206 I teco.fmhandroi: Background young concurrent copying GC freed 65823(2623KB) AllocSpace objects, 3(60KB) LOS objects, 18% free, 12MB/14MB, paused 1.122ms total 182.569ms
12-12 11:50:08.650  9193  9193 I ViewInteraction: Performing 'wait for a specific view with <view.getId() is <2131231291>> during 10000 millis.' action on view view.getRootView() to equal view
12-12 11:50:08.662  9193  9193 I ViewInteraction: Performing 'single click' action on view view.getId() is <2131231291/ru.iteco.fmhandroid:id/save_button>
12-12 11:50:08.739  9193  9298 I okhttp.OkHttpClient: --> POST http://www.981757-ca08998.tmweb.ru:8080/fmh/claims
12-12 11:50:08.739  9193  9298 I okhttp.OkHttpClient: Content-Type: application/json; charset=UTF-8
12-12 11:50:08.739  9193  9298 I okhttp.OkHttpClient: Content-Length: 258
12-12 11:50:08.741  9193  9298 I okhttp.OkHttpClient: {"createDate":1670845808,"creatorId":1,"creatorName":"Ivanov Ivan Ivanovich","description":" 588c11cc-6a11-4eec-ae49-0f630caace41","planExecuteDate":1670845740,"status":"OPEN","title":" 2c46380b-5d43-44f2-a02c-41b8c09710c2"}
12-12 11:50:08.741  9193  9298 I okhttp.OkHttpClient: --> END POST (258-byte body)
12-12 11:50:08.955  9193  9298 I okhttp.OkHttpClient: <-- 200 http://www.981757-ca08998.tmweb.ru:8080/fmh/claims (213ms)
12-12 11:50:08.955  9193  9298 I okhttp.OkHttpClient: Vary: Origin
12-12 11:50:08.955  9193  9298 I okhttp.OkHttpClient: Vary: Access-Control-Request-Method
12-12 11:50:08.956  9193  9298 I okhttp.OkHttpClient: Vary: Access-Control-Request-Headers
12-12 11:50:08.957  9193  9298 I okhttp.OkHttpClient: X-Content-Type-Options: nosniff
12-12 11:50:08.957  9193  9298 I okhttp.OkHttpClient: X-XSS-Protection: 1; mode=block
12-12 11:50:08.958  9193  9298 I okhttp.OkHttpClient: Cache-Control: no-cache, no-store, max-age=0, must-revalidate
12-12 11:50:08.958  9193  9298 I okhttp.OkHttpClient: Pragma: no-cache
12-12 11:50:08.958  9193  9298 I okhttp.OkHttpClient: Expires: 0
12-12 11:50:08.958  9193  9298 I okhttp.OkHttpClient: X-Frame-Options: DENY
12-12 11:50:08.958  9193  9298 I okhttp.OkHttpClient: Content-Type: application/json
12-12 11:50:08.958  9193  9298 I okhttp.OkHttpClient: Transfer-Encoding: chunked
12-12 11:50:08.958  9193  9298 I okhttp.OkHttpClient: Date: Mon, 12 Dec 2022 11:50:10 GMT
12-12 11:50:08.961  9193  9298 I okhttp.OkHttpClient: Keep-Alive: timeout=60
12-12 11:50:08.962  9193  9298 I okhttp.OkHttpClient: Connection: keep-alive
12-12 11:50:08.963  9193  9298 I okhttp.OkHttpClient: {"id":2,"title":" 2c46380b-5d43-44f2-a02c-41b8c09710c2","description":" 588c11cc-6a11-4eec-ae49-0f630caace41","creatorId":1,"executorId":null,"createDate":1670845808,"planExecuteDate":1670845740,"factExecuteDate":null,"status":"OPEN","creatorName":"Ivanov Ivan Ivanovich","executorName":null}
12-12 11:50:08.963  9193  9298 I okhttp.OkHttpClient: <-- END HTTP (326-byte body)
12-12 11:50:08.965  9193  9193 I ViewInteraction: Performing 'wait for a specific view with <view.getId() is <2131230916>> during 10000 millis.' action on view view.getRootView() to equal view
12-12 11:50:09.137  9193  9193 I ViewInteraction: Checking 'MatchesViewAssertion{viewMatcher=Have view id $targetViewId with matches $itemMatcher}' assertion on view view.getId() is <2131230916/ru.iteco.fmhandroid:id/claim_list_recycler_view>
12-12 11:50:09.143  9193  9193 D takeScreenshot: Found 2 global views to redraw
12-12 11:50:09.162  9193  9282 D EGL_emulation: eglMakeCurrent: 0xd471b6e0: ver 2 0 (tinfo 0xba0ae100)
12-12 11:50:09.205  1776  1920 D gralloc_ranchu: gralloc_alloc: Creating ashmem region of size 10108928
12-12 11:50:09.532  9193  9206 I teco.fmhandroi: Background concurrent copying GC freed 75025(3843KB) AllocSpace objects, 1(16KB) LOS objects, 32% free, 12MB/18MB, paused 999us total 417.388ms
12-12 11:50:09.550  9193  9237 W DefaultFailureHandler: Failed to take screenshot
12-12 11:50:09.550  9193  9237 W DefaultFailureHandler: java.io.FileNotFoundException: view-op-error-2.png: open failed: EROFS (Read-only file system)
12-12 11:50:09.550  9193  9237 W DefaultFailureHandler: 	at libcore.io.IoBridge.open(IoBridge.java:496)
12-12 11:50:09.550  9193  9237 W DefaultFailureHandler: 	at java.io.FileOutputStream.<init>(FileOutputStream.java:235)
12-12 11:50:09.550  9193  9237 W DefaultFailureHandler: 	at java.io.FileOutputStream.<init>(FileOutputStream.java:125)
12-12 11:50:09.550  9193  9237 W DefaultFailureHandler: 	at androidx.test.platform.io.FileTestStorage.openOutputFile(FileTestStorage.java:60)
12-12 11:50:09.550  9193  9237 W DefaultFailureHandler: 	at androidx.test.core.graphics.BitmapStorage.writeToTestStorage(BitmapStorageExt.kt:49)
12-12 11:50:09.550  9193  9237 W DefaultFailureHandler: 	at androidx.test.espresso.base.DefaultFailureHandler.takeScreenshot(DefaultFailureHandler.java:4)
12-12 11:50:09.550  9193  9237 W DefaultFailureHandler: 	at androidx.test.espresso.base.DefaultFailureHandler.handle(DefaultFailureHandler.java:3)
12-12 11:50:09.550  9193  9237 W DefaultFailureHandler: 	at androidx.test.espresso.ViewInteraction.waitForAndHandleInteractionResults(ViewInteraction.java:5)
12-12 11:50:09.550  9193  9237 W DefaultFailureHandler: 	at androidx.test.espresso.ViewInteraction.check(ViewInteraction.java:12)
12-12 11:50:09.550  9193  9237 W DefaultFailureHandler: 	at ru.iteco.fmhandroid.ui.steps.ClaimsPageSteps.checkClaimIsPresent(ClaimsPageSteps.java:264)
12-12 11:50:09.550  9193  9237 W DefaultFailureHandler: 	at ru.iteco.fmhandroid.ui.ClaimsCreationFormTest.shouldCreateAClaimWithoutChoosingExecutor(ClaimsCreationFormTest.java:104)
12-12 11:50:09.550  9193  9237 W DefaultFailureHandler: 	at java.lang.reflect.Method.invoke(Native Method)
12-12 11:50:09.550  9193  9237 W DefaultFailureHandler: 	at org.junit.runners.model.FrameworkMethod$1.runReflectiveCall(FrameworkMethod.java:59)
12-12 11:50:09.550  9193  9237 W DefaultFailureHandler: 	at org.junit.internal.runners.model.ReflectiveCallable.run(ReflectiveCallable.java:12)
12-12 11:50:09.550  9193  9237 W DefaultFailureHandler: 	at org.junit.runners.model.FrameworkMethod.invokeExplosively(FrameworkMethod.java:56)
12-12 11:50:09.550  9193  9237 W DefaultFailureHandler: 	at org.junit.internal.runners.statements.InvokeMethod.evaluate(InvokeMethod.java:17)
12-12 11:50:09.550  9193  9237 W DefaultFailureHandler: 	at androidx.test.internal.runner.junit4.statement.RunBefores.evaluate(RunBefores.java:80)
12-12 11:50:09.550  9193  9237 W DefaultFailureHandler: 	at androidx.test.internal.runner.junit4.statement.RunAfters.evaluate(RunAfters.java:61)
12-12 11:50:09.550  9193  9237 W DefaultFailureHandler: 	at io.qameta.allure.android.rules.ScreenshotRule$apply$1.evaluate(ScreenshotRule.kt:22)
12-12 11:50:09.550  9193  9237 W DefaultFailureHandler: 	at org.junit.rules.ExternalResource$1.evaluate(ExternalResource.java:54)
12-12 11:50:09.550  9193  9237 W DefaultFailureHandler: 	at io.qameta.allure.android.rules.LogcatRule$apply$1.evaluate(LogcatRule.kt:23)
12-12 11:50:09.550  9193  9237 W DefaultFailureHandler: 	at org.junit.rules.RunRules.evaluate(RunRules.java:20)
12-12 11:50:09.550  9193  9237 W DefaultFailureHandler: 	at org.junit.runners.ParentRunner$3.evaluate(ParentRunner.java:306)
12-12 11:50:09.550  9193  9237 W DefaultFailureHandler: 	at org.junit.runners.BlockJUnit4ClassRunner$1.evaluate(BlockJUnit4ClassRunner.java:100)
12-12 11:50:09.550  9193  9237 W DefaultFailureHandler: 	at org.junit.runners.ParentRunner.runLeaf(ParentRunner.java:366)
12-12 11:50:09.550  9193  9237 W DefaultFailureHandler: 	at org.junit.runners.BlockJUnit4ClassRunner.runChild(BlockJUnit4ClassRunner.java:103)
12-12 11:50:09.550  9193  9237 W DefaultFailureHandler: 	at org.junit.runners.BlockJUnit4ClassRunner.runChild(BlockJUnit4ClassRunner.java:63)
12-12 11:50:09.550  9193  9237 W DefaultFailureHandler: 	at org.junit.runners.ParentRunner$4.run(ParentRunner.java:331)
12-12 11:50:09.550  9193  9237 W DefaultFailureHandler: 	at org.junit.runners.ParentRunner$1.schedule(ParentRunner.java:79)
12-12 11:50:09.550  9193  9237 W DefaultFailureHandler: 	at org.junit.runners.ParentRunner.runChildren(ParentRunner.java:329)
12-12 11:50:09.550  9193  9237 W DefaultFailureHandler: 	at org.junit.runners.ParentRunner.access$100(ParentRunner.java:66)
12-12 11:50:09.550  9193  9237 W DefaultFailureHandler: 	at org.junit.runners.ParentRunner$2.evaluate(ParentRunner.java:293)
12-12 11:50:09.550  9193  9237 W DefaultFailureHandler: 	at org.junit.runners.ParentRunner$3.evaluate(ParentRunner.java:306)
12-12 11:50:09.550  9193  9237 W DefaultFailureHandler: 	at org.junit.runners.ParentRunner.run(ParentRunner.java:413)
12-12 11:50:09.550  9193  9237 W DefaultFailureHandler: 	at androidx.test.ext.junit.runners.AndroidJUnit4.run(AndroidJUnit4.java:162)
12-12 11:50:09.550  9193  9237 W DefaultFailureHandler: 	at io.qameta.allure.android.runners.AllureAndroidJUnit4.run(AllureAndroidJUnitRunners.kt:29)
12-12 11:50:09.550  9193  9237 W DefaultFailureHandler: 	at org.junit.runners.Suite.runChild(Suite.java:128)
12-12 11:50:09.550  9193  9237 W DefaultFailureHandler: 	at org.junit.runners.Suite.runChild(Suite.java:27)
12-12 11:50:09.550  9193  9237 W DefaultFailureHandler: 	at org.junit.runners.ParentRunner$4.run(ParentRunner.java:331)
12-12 11:50:09.550  9193  9237 W DefaultFailureHandler: 	at org.junit.runners.ParentRunner$1.schedule(ParentRunner.java:79)
12-12 11:50:09.550  9193  9237 W DefaultFailureHandler: 	at org.junit.runners.ParentRunner.runChildren(ParentRunner.java:329)
12-12 11:50:09.550  9193  9237 W DefaultFailureHandler: 	at org.junit.runners.ParentRunner.access$100(ParentRunner.java:66)
12-12 11:50:09.550  9193  9237 W DefaultFailureHandler: 	at org.junit.runners.ParentRunner$2.evaluate(ParentRunner.java:293)
12-12 11:50:09.550  9193  9237 W DefaultFailureHandler: 	at org.junit.runners.ParentRunner$3.evaluate(ParentRunner.java:306)
12-12 11:50:09.550  9193  9237 W DefaultFailureHandler: 	at org.junit.runners.ParentRunner.run(ParentRunner.java:413)
12-12 11:50:09.550  9193  9237 W DefaultFailureHandler: 	at org.junit.runner.JUnitCore.run(JUnitCore.java:137)
12-12 11:50:09.550  9193  9237 W DefaultFailureHandler: 	at org.junit.runner.JUnitCore.run(JUnitCore.java:115)
12-12 11:50:09.550  9193  9237 W DefaultFailureHandler: 	at androidx.test.internal.runner.TestExecutor.execute(TestExecutor.java:67)
12-12 11:50:09.550  9193  9237 W DefaultFailureHandler: 	at androidx.test.internal.runner.TestExecutor.execute(TestExecutor.java:58)
12-12 11:50:09.550  9193  9237 W DefaultFailureHandler: 	at androidx.test.runner.AndroidJUnitRunner.onStart(AndroidJUnitRunner.java:438)
12-12 11:50:09.550  9193  9237 W DefaultFailureHandler: 	at android.app.Instrumentation$InstrumentationThread.run(Instrumentation.java:2189)
12-12 11:50:09.550  9193  9237 W DefaultFailureHandler: Caused by: android.system.ErrnoException: open failed: EROFS (Read-only file system)
12-12 11:50:09.550  9193  9237 W DefaultFailureHandler: 	at libcore.io.Linux.open(Native Method)
12-12 11:50:09.550  9193  9237 W DefaultFailureHandler: 	at libcore.io.ForwardingOs.open(ForwardingOs.java:167)
12-12 11:50:09.550  9193  9237 W DefaultFailureHandler: 	at libcore.io.BlockGuardOs.open(BlockGuardOs.java:252)
12-12 11:50:09.550  9193  9237 W DefaultFailureHandler: 	at libcore.io.ForwardingOs.open(ForwardingOs.java:167)
12-12 11:50:09.550  9193  9237 W DefaultFailureHandler: 	at android.app.ActivityThread$AndroidOs.open(ActivityThread.java:7255)
12-12 11:50:09.550  9193  9237 W DefaultFailureHandler: 	at libcore.io.IoBridge.open(IoBridge.java:482)
12-12 11:50:09.550  9193  9237 W DefaultFailureHandler: 	... 50 more
12-12 11:50:09.626  2009  2009 W WindowManager: removeWindowToken: Attempted to remove non-existing token: android.os.Binder@cbfd4e5
12-12 11:50:09.667  9193  9282 D EGL_emulation: eglMakeCurrent: 0xd471b6e0: ver 2 0 (tinfo 0xba0ae100)
12-12 11:50:09.980  2009  2457 W NotificationService: Toast already killed. pkg=ru.iteco.fmhandroid callback=android.app.ITransientNotification$Stub$Proxy@64e6d5c
12-12 11:50:10.016  2009  2042 W WindowManager: Unable to start animation, surface is null or no children.
12-12 11:50:11.837  1765  1916 W audio_hw_generic: Not supplying enough data to HAL, expected position 3033413 , only wrote 2537579
12-12 11:50:17.469  2009  2009 W WindowManager: removeWindowToken: Attempted to remove non-existing token: android.os.Binder@6ee3379
12-12 11:50:18.453  2009  3034 W ActivityManager: Background start not allowed: service Intent { cmp=com.google.android.apps.messaging/.shared.datamodel.action.execution.ActionExecutorImpl$EmptyService } to com.google.android.apps.messaging/.shared.datamodel.action.execution.ActionExecutorImpl$EmptyService from pid=8760 uid=10130 pkg=com.google.android.apps.messaging startFg?=false
12-12 11:50:18.490  8760  8760 W BugleDataModel: ActionExecutorImpl: Action started execution, but we can't guarantee it will complete, the app may be killed. Action: class com.google.android.apps.messaging.shared.datamodel.action.SelfParticipantsRefreshAction-SelfParticipantsRefreshAction:3123668005
12-12 11:50:18.490  8760  8760 W BugleDataModel: java.lang.IllegalStateException: Not allowed to start service Intent { cmp=com.google.android.apps.messaging/.shared.datamodel.action.execution.ActionExecutorImpl$EmptyService }: app is in background uid UidRecord{6b3c8db u0a130 CEM  idle change:cached procs:1 seq(0,0,0)}
12-12 11:50:18.490  8760  8760 W BugleDataModel: 	at android.app.ContextImpl.startServiceCommon(ContextImpl.java:1616)
12-12 11:50:18.490  8760  8760 W BugleDataModel: 	at android.app.ContextImpl.startService(ContextImpl.java:1571)
12-12 11:50:18.490  8760  8760 W BugleDataModel: 	at android.content.ContextWrapper.startService(ContextWrapper.java:669)
12-12 11:50:18.490  8760  8760 W BugleDataModel: 	at com.google.android.apps.messaging.shared.datamodel.action.execution.ActionExecutorImpl.e(SourceFile:107)
12-12 11:50:18.490  8760  8760 W BugleDataModel: 	at com.google.android.apps.messaging.shared.datamodel.action.execution.ActionExecutorImpl.a(SourceFile:19)
12-12 11:50:18.490  8760  8760 W BugleDataModel: 	at com.google.android.apps.messaging.shared.datamodel.action.execution.ActionExecutorImpl.a(SourceFile:16)
12-12 11:50:18.490  8760  8760 W BugleDataModel: 	at dya.c(SourceFile:12)
12-12 11:50:18.490  8760  8760 W BugleDataModel: 	at dyb.run(Unknown Source:2)
12-12 11:50:18.490  8760  8760 W BugleDataModel: 	at android.os.Handler.handleCallback(Handler.java:883)
12-12 11:50:18.490  8760  8760 W BugleDataModel: 	at android.os.Handler.dispatchMessage(Handler.java:100)
12-12 11:50:18.490  8760  8760 W BugleDataModel: 	at android.os.Looper.loop(Looper.java:214)
12-12 11:50:18.490  8760  8760 W BugleDataModel: 	at android.app.ActivityThread.main(ActivityThread.java:7356)
12-12 11:50:18.490  8760  8760 W BugleDataModel: 	at java.lang.reflect.Method.invoke(Native Method)
12-12 11:50:18.490  8760  8760 W BugleDataModel: 	at com.android.internal.os.RuntimeInit$MethodAndArgsCaller.run(RuntimeInit.java:492)
12-12 11:50:18.490  8760  8760 W BugleDataModel: 	at com.android.internal.os.ZygoteInit.main(ZygoteInit.java:930)
12-12 11:50:18.575  8760  8848 I BugleDataModel: ParticipantRefresh: Start participant refresh. refreshMode: 1
12-12 11:50:18.710  8760  8848 I BugleBackup: Registering preference change listener for "buglesub_1".
12-12 11:50:18.786  8760  8773 I .apps.messagin: WaitForGcToComplete blocked Background on ProfileSaver for 7.186ms
12-12 11:50:19.059  1746  1746 D Zygote  : Forked child process 9323
12-12 11:50:19.071  9323  9323 W d.process.acor: Unexpected CPU variant for X86 using defaults: x86
12-12 11:50:19.076  2009  2049 W ActivityManager: Slow operation: 117ms so far, now at startProcess: returned from zygote!
12-12 11:50:19.076  2009  2049 W ActivityManager: Slow operation: 117ms so far, now at startProcess: done updating battery stats
12-12 11:50:19.077  2009  2049 W ActivityManager: Slow operation: 117ms so far, now at startProcess: building log message
12-12 11:50:19.077  2009  2049 I ActivityManager: Start proc 9323:android.process.acore/u0a56 for content provider {com.android.providers.contacts/com.android.providers.contacts.ContactsProvider2}
12-12 11:50:19.077  2009  2049 W ActivityManager: Slow operation: 117ms so far, now at startProcess: starting to update pids map
12-12 11:50:19.079  2009  2049 W ActivityManager: Slow operation: 120ms so far, now at startProcess: done updating pids map
12-12 11:50:19.208  9323  9323 I d.process.acor: The ClassLoaderContext is a special shared library.
12-12 11:50:19.254  9323  9323 I chatty  : uid=10056(com.android.calllogbackup) android.process.acore identical 1 line
12-12 11:50:19.273  9323  9323 I d.process.acor: The ClassLoaderContext is a special shared library.
12-12 11:50:19.295  9323  9323 I ContactsPerf: VoicemailContentProvider.onCreate start
12-12 11:50:19.320  9323  9323 I ContactsPerf: VoicemailContentProvider.onCreate finish
12-12 11:50:19.378  2009  2094 D CountryDetector: The first listener is added
12-12 11:50:19.379  9323  9323 I ContactsDatabaseHelper: updateUseStrictPhoneNumberComparison: US
12-12 11:50:19.389  9323  9323 D ActivityThread: Loading provider contacts;com.android.contacts: com.android.providers.contacts.ContactsProvider2
12-12 11:50:19.517  9323  9358 D ContactsDatabaseHelper: WAL enabled for contacts2.db: true
12-12 11:50:19.663  1745  1942 I netd    : trafficSwapActiveStatsMap() <45.11ms>
12-12 11:50:19.667  1745  1942 I netd    : tetherGetStats() <1.63ms>
12-12 11:50:19.684  9323  9359 I ContactLocale: AddressBook Labels [[en_US]]: [, A, B, C, D, E, F, G, H, I, J, K, L, M, N, O, P, Q, R, S, T, U, V, W, X, Y, Z, , , , , , , , , , , , , , , , , , , , , , , , , , , , , , , , , , , , , , , , , , , , , , , , , , , , , , , , , , , , , , , , , , , , , , , , , , , , , , , , , , , , , , , , , , , , , , , , , , , , , , , , , , , , , , , , , , , , , , , , , , , , , , , , , , , , , , , , , , , , , , , , , , , , , , , , , , , , , , , , , , , , , , , , , , , , , , , , , , , , , , , , , , , #, ]
12-12 11:50:19.731  9323  9358 D ContactsDatabaseHelper: WAL enabled for profile.db: false
12-12 11:50:19.990  8760  8848 I BugleDataModel: ParticipantRefresh: Number of participants refreshed: 0
12-12 11:50:20.980  2009  2009 W WindowManager: removeWindowToken: Attempted to remove non-existing token: android.os.Binder@5767117
12-12 11:50:21.490  1776  1920 D gralloc_ranchu: gralloc_alloc: Creating ashmem region of size 10108928
12-12 11:50:21.836  2009  2094 I ActivityTaskManager: START u0 {act=android.intent.action.MAIN cat=[android.intent.category.LAUNCHER] flg=0x10000000 cmp=ru.iteco.fmhandroid.test/androidx.test.core.app.InstrumentationActivityInvoker$EmptyActivity} from uid 10146
12-12 11:50:21.860  9193  9193 D LifecycleMonitor: Lifecycle status change: ru.iteco.fmhandroid.ui.AppActivity@bb51593 in: PAUSED
12-12 11:50:21.860  9193  9193 V ActivityScenario: Update currentActivityStage to PAUSED, currentActivity=ru.iteco.fmhandroid.ui.AppActivity@bb51593
12-12 11:50:21.863  2009  2457 W InputReader: Device has associated, but no associated display id.
12-12 11:50:21.873  2009  2457 I chatty  : uid=1000(system) Binder:2009_8 identical 48 lines
12-12 11:50:21.873  2009  2457 W InputReader: Device has associated, but no associated display id.
12-12 11:50:21.873  9193  9231 V FA      : Recording user engagement, ms: 33459
12-12 11:50:21.876  9248  9248 W ActivityThread: handleWindowVisibility: no activity for token android.os.BinderProxy@9533af5
12-12 11:50:21.933  9193  9231 V FA      : Connecting to remote service
12-12 11:50:21.976  9193  9231 V FA      : Connection attempt already in progress
12-12 11:50:21.978  2009  5193 I ActivityTaskManager: START u0 {act=android.intent.action.MAIN cat=[android.intent.category.LAUNCHER] flg=0x10000000 cmp=ru.iteco.fmhandroid.test/androidx.test.core.app.InstrumentationActivityInvoker$EmptyActivity} from uid 10146
12-12 11:50:21.997  9193  9231 V FA      : Activity paused, time: 3247542
12-12 11:50:22.000  9193  9231 D FA      : Connected to remote service
12-12 11:50:22.002  9193  9231 V FA      : Processing queued up service tasks: 2
12-12 11:50:22.033  9248  9279 D HostConnection: HostConnection::get() New Host Connection established 0xd1144eb0, tid 9279
12-12 11:50:22.041  9248  9279 D HostConnection: HostComposition ext ANDROID_EMU_CHECKSUM_HELPER_v1 ANDROID_EMU_dma_v1 ANDROID_EMU_direct_mem ANDROID_EMU_host_composition_v1 ANDROID_EMU_host_composition_v2 ANDROID_EMU_vulkan ANDROID_EMU_deferred_vulkan_commands ANDROID_EMU_vulkan_null_optional_strings ANDROID_EMU_vulkan_create_resources_with_requirements ANDROID_EMU_YUV_Cache ANDROID_EMU_vulkan_ignored_handles ANDROID_EMU_vulkan_free_memory_sync ANDROID_EMU_vulkan_shader_float16_int8 ANDROID_EMU_vulkan_async_queue_submit ANDROID_EMU_sync_buffer_data GL_OES_vertex_array_object GL_KHR_texture_compression_astc_ldr ANDROID_EMU_host_side_tracing ANDROID_EMU_gles_max_version_2 
12-12 11:50:22.056  2861  9365 V FA-SVC  : Logging event: origin=auto,name=user_engagement(_e),params=Bundle[{ga_event_origin(_o)=auto, engagement_time_msec(_et)=33459, ga_screen_class(_sc)=AppActivity, ga_screen_id(_si)=-7553228960620047396}]
12-12 11:50:22.057  9248  9279 W OpenGLRenderer: Failed to choose config with EGL_SWAP_BEHAVIOR_PRESERVED, retrying without...
12-12 11:50:22.118  2861  9365 V FA-SVC  : Upload scheduled in approximately ms: 3472468
12-12 11:50:22.118  2861  9365 V FA-SVC  : Unscheduling upload
12-12 11:50:22.127  2861  9365 V FA-SVC  : Scheduling upload, millis: 3472468
12-12 11:50:22.129  9248  9279 D EGL_emulation: eglCreateContext: 0xe7a7ff40: maj 2 min 0 rcv 2
12-12 11:50:22.135  9248  9279 D EGL_emulation: eglMakeCurrent: 0xe7a7ff40: ver 2 0 (tinfo 0xdc7e6450)
12-12 11:50:22.147  1776  1920 D gralloc_ranchu: gralloc_alloc: Creating ashmem region of size 10108928
12-12 11:50:22.150  2861  9365 V FA-SVC  : Background event processing time, ms: 94
12-12 11:50:22.154  1650  1650 I hwservicemanager: getTransport: Cannot find entry android.hardware.graphics.mapper@3.0::IMapper/default in either framework or device manifest.
12-12 11:50:22.154  9248  9279 W Gralloc3: mapper 3.x is not supported
12-12 11:50:22.159  9248  9279 D HostConnection: createUnique: call
12-12 11:50:22.161  9248  9279 D HostConnection: HostConnection::get() New Host Connection established 0xd1146580, tid 9279
12-12 11:50:22.162  9248  9279 D HostConnection: HostComposition ext ANDROID_EMU_CHECKSUM_HELPER_v1 ANDROID_EMU_dma_v1 ANDROID_EMU_direct_mem ANDROID_EMU_host_composition_v1 ANDROID_EMU_host_composition_v2 ANDROID_EMU_vulkan ANDROID_EMU_deferred_vulkan_commands ANDROID_EMU_vulkan_null_optional_strings ANDROID_EMU_vulkan_create_resources_with_requirements ANDROID_EMU_YUV_Cache ANDROID_EMU_vulkan_ignored_handles ANDROID_EMU_vulkan_free_memory_sync ANDROID_EMU_vulkan_shader_float16_int8 ANDROID_EMU_vulkan_async_queue_submit ANDROID_EMU_sync_buffer_data GL_OES_vertex_array_object GL_KHR_texture_compression_astc_ldr ANDROID_EMU_host_side_tracing ANDROID_EMU_gles_max_version_2 
12-12 11:50:22.163  9248  9279 D eglCodecCommon: allocate: Ask for block of size 0x1000
12-12 11:50:22.163  9248  9279 D eglCodecCommon: allocate: ioctl allocate returned offset 0x3ff647000 size 0x2000
12-12 11:50:22.168  1776  1920 D gralloc_ranchu: gralloc_alloc: Creating ashmem region of size 10108928
12-12 11:50:22.171  9248  9279 D EGL_emulation: eglMakeCurrent: 0xe7a7ff40: ver 2 0 (tinfo 0xdc7e6450)
12-12 11:50:22.172  1776  1920 D gralloc_ranchu: gralloc_alloc: Creating ashmem region of size 10108928
12-12 11:50:22.328  2009  5193 W InputReader: Device has associated, but no associated display id.
12-12 11:50:22.339  2009  5193 I chatty  : uid=1000(system) Binder:2009_13 identical 48 lines
12-12 11:50:22.339  2009  5193 W InputReader: Device has associated, but no associated display id.
12-12 11:50:22.352  9248  9248 W ActivityThread: handleWindowVisibility: no activity for token android.os.BinderProxy@7e2903a
12-12 11:50:22.396  2009  5193 W ActivityTaskManager: Duplicate finish request for ActivityRecord{125b048 u0 ru.iteco.fmhandroid/.ui.AppActivity t411 f}
12-12 11:50:22.441  1776  1920 D gralloc_ranchu: gralloc_alloc: Creating ashmem region of size 10108928
12-12 11:50:22.452  1776  1920 D gralloc_ranchu: gralloc_alloc: Creating ashmem region of size 10108928
12-12 11:50:22.455  9248  9279 D EGL_emulation: eglMakeCurrent: 0xe7a7ff40: ver 2 0 (tinfo 0xdc7e6450)
12-12 11:50:22.457  1776  1920 D gralloc_ranchu: gralloc_alloc: Creating ashmem region of size 10108928
12-12 11:50:22.499  2009  2043 W InputReader: Device has associated, but no associated display id.
12-12 11:50:22.500  2009  2043 I chatty  : uid=1000(system) android.anim identical 18 lines
12-12 11:50:22.500  2009  2043 W InputReader: Device has associated, but no associated display id.
12-12 11:50:22.516  2009  2047 I ActivityTaskManager: Displayed ru.iteco.fmhandroid.test/androidx.test.core.app.InstrumentationActivityInvoker$EmptyActivity: +472ms
12-12 11:50:22.525  9193  9282 D EGL_emulation: eglMakeCurrent: 0xd471b6e0: ver 2 0 (tinfo 0xba0ae100)
12-12 11:50:22.539  2009  3027 W InputReader: Device has associated, but no associated display id.
12-12 11:50:22.539  2009  3027 I chatty  : uid=1000(system) Binder:2009_A identical 8 lines
12-12 11:50:22.539  2009  3027 W InputReader: Device has associated, but no associated display id.
12-12 11:50:22.593  2009  2457 W InputReader: Device has associated, but no associated display id.
12-12 11:50:22.594  2009  2457 I chatty  : uid=1000(system) Binder:2009_8 identical 8 lines
12-12 11:50:22.594  2009  2457 W InputReader: Device has associated, but no associated display id.
12-12 11:50:22.612  9193  9193 D LifecycleMonitor: Lifecycle status change: ru.iteco.fmhandroid.ui.AppActivity@bb51593 in: STOPPED
12-12 11:50:22.614  9193  9193 V ActivityScenario: Update currentActivityStage to STOPPED, currentActivity=ru.iteco.fmhandroid.ui.AppActivity@bb51593
12-12 11:50:22.680  1776  1920 D gralloc_ranchu: gralloc_alloc: Creating ashmem region of size 10108928
12-12 11:50:22.695  1776  1920 D gralloc_ranchu: gralloc_alloc: Creating ashmem region of size 10108928
12-12 11:50:22.702  9193  9193 D LifecycleMonitor: Lifecycle status change: ru.iteco.fmhandroid.ui.AppActivity@bb51593 in: DESTROYED
12-12 11:50:22.703  9193  9193 V ActivityScenario: Update currentActivityStage to DESTROYED, currentActivity=null
12-12 11:50:22.703  1776  1920 D gralloc_ranchu: gralloc_alloc: Creating ashmem region of size 10108928
12-12 11:50:22.707  2009  2009 W ActivityManager: Unable to start service Intent { act=android.service.appprediction.AppPredictionService cmp=com.google.android.as/com.google.android.apps.miphone.aiai.app.AiAiPredictionService } U=0: not found
12-12 11:50:22.707  2009  2009 W RemoteAppPredictionService: could not bind to Intent { act=android.service.appprediction.AppPredictionService cmp=com.google.android.as/com.google.android.apps.miphone.aiai.app.AiAiPredictionService } using flags 67108865
12-12 11:50:22.734  2934  3550 D EGL_emulation: eglMakeCurrent: 0xb4f69600: ver 2 0 (tinfo 0xb7b06800)
12-12 11:50:22.789  1776  1920 D gralloc_ranchu: gralloc_alloc: Creating ashmem region of size 10108928
12-12 11:50:22.801  1776  1920 I chatty  : uid=1000(system) HwBinder:1776_2 identical 1 line
12-12 11:50:22.806  1776  1920 D gralloc_ranchu: gralloc_alloc: Creating ashmem region of size 10108928
12-12 11:50:22.818  2934  2934 W ThreadPoolDumper: Queue length for executor EventBus is now 11. Perhaps some tasks are too long, or the pool is too small.
12-12 11:50:22.847  2484  3096 D EGL_emulation: eglMakeCurrent: 0xe7a7f6a0: ver 2 0 (tinfo 0xdc8104f0)
12-12 11:50:22.850  2934  3332 W SessionLifecycleManager: Handover failed. Creating new session controller.
12-12 11:50:22.947  2009  2043 W InputReader: Device has associated, but no associated display id.
12-12 11:50:22.948  2009  2043 I chatty  : uid=1000(system) android.anim identical 8 lines
12-12 11:50:22.948  2009  2043 W InputReader: Device has associated, but no associated display id.
12-12 11:50:22.959  1776  1920 D gralloc_ranchu: gralloc_alloc: Creating ashmem region of size 6471680
