12-07 07:05:50.077 22064 22463 I okhttp.OkHttpClient: {"accessToken":"eyJhbGciOiJIUzUxMiJ9.eyJzdWIiOiJsb2dpbjIiLCJqdGkiOiIyIiwiZXhwIjoxNjcwNDgzMTUwfQ.1oM7JjB8VH1fMJiC-SouZiIs7nGXPZvX9gFb4oLWHWmiIQpeljNXW7DDh-Bd-IAdENmc3iZTp_Frmvk6ePv3hg","refreshToken":"eyJhbGciOiJIUzUxMiJ9.eyJzdWIiOiJsb2dpbjIiLCJqdGkiOiIyIiwiZXhwIjoxNjcyOTg4NzUwfQ.2nSTvpFPvxRkf3BSYANSh17aDh9mXWxSbT4HZrY5uhMszlII2zvh8KdRMUgrQMH7uageOtqjwO0HuGaPeXAIxg"}
12-07 07:05:50.077 22064 22463 I okhttp.OkHttpClient: <-- END HTTP (368-byte body)
12-07 07:05:50.079 22064 22457 I okhttp.OkHttpClient: --> GET http://www.981757-ca08998.tmweb.ru:8080/fmh/authentication/userInfo
12-07 07:05:50.079 22064 22457 I okhttp.OkHttpClient: --> END GET
12-07 07:05:50.184 22064 22457 I okhttp.OkHttpClient: <-- 200 http://www.981757-ca08998.tmweb.ru:8080/fmh/authentication/userInfo (104ms)
12-07 07:05:50.184 22064 22457 I okhttp.OkHttpClient: Vary: Origin
12-07 07:05:50.184 22064 22457 I okhttp.OkHttpClient: Vary: Access-Control-Request-Method
12-07 07:05:50.184 22064 22457 I okhttp.OkHttpClient: Vary: Access-Control-Request-Headers
12-07 07:05:50.184 22064 22457 I okhttp.OkHttpClient: X-Content-Type-Options: nosniff
12-07 07:05:50.184 22064 22457 I okhttp.OkHttpClient: X-XSS-Protection: 1; mode=block
12-07 07:05:50.184 22064 22457 I okhttp.OkHttpClient: Cache-Control: no-cache, no-store, max-age=0, must-revalidate
12-07 07:05:50.185 22064 22457 I okhttp.OkHttpClient: Pragma: no-cache
12-07 07:05:50.185 22064 22457 I okhttp.OkHttpClient: Expires: 0
12-07 07:05:50.185 22064 22457 I okhttp.OkHttpClient: X-Frame-Options: DENY
12-07 07:05:50.185 22064 22457 I okhttp.OkHttpClient: Content-Type: application/json
12-07 07:05:50.185 22064 22457 I okhttp.OkHttpClient: Transfer-Encoding: chunked
12-07 07:05:50.185 22064 22457 I okhttp.OkHttpClient: Date: Wed, 07 Dec 2022 07:05:52 GMT
12-07 07:05:50.185 22064 22457 I okhttp.OkHttpClient: Keep-Alive: timeout=60
12-07 07:05:50.185 22064 22457 I okhttp.OkHttpClient: Connection: keep-alive
12-07 07:05:50.185 22064 22457 I okhttp.OkHttpClient: {"id":2,"firstName":"Данил","lastName":"Иванов","middleName":"Данилович","admin":true}
12-07 07:05:50.186 22064 22457 I okhttp.OkHttpClient: <-- END HTTP (106-byte body)
12-07 07:05:50.190 22064 22180 I okhttp.OkHttpClient: --> GET http://www.981757-ca08998.tmweb.ru:8080/fmh/claims
12-07 07:05:50.190 22064 22180 I okhttp.OkHttpClient: --> END GET
12-07 07:05:50.193  1744 22503 E ResolverController: No valid NAT64 prefix (100, <unspecified>/0)
12-07 07:05:50.248 22064 22064 I ViewInteraction: Checking 'MatchesViewAssertion{viewMatcher=(view has effective visibility <VISIBLE> and view.getGlobalVisibleRect() to return non-empty rectangle)}' assertion on view an instance of android.widget.TextView and view.getText() with or without transformation to match: is "News"
12-07 07:05:50.250 22064 22064 I ViewInteraction: Performing 'wait for a specific view with <view.getId() is <2131230951>> during 10000 millis.' action on view view.getRootView() to equal view
12-07 07:05:50.253 22064 22064 I ViewInteraction: Checking 'MatchesViewAssertion{viewMatcher=(view has effective visibility <VISIBLE> and view.getGlobalVisibleRect() to return non-empty rectangle)}' assertion on view view.getId() is <2131230951/ru.iteco.fmhandroid:id/container_list_news_include_on_fragment_main>
12-07 07:05:50.360 22064 22077 I teco.fmhandroi: Background concurrent copying GC freed 61868(2902KB) AllocSpace objects, 3(120KB) LOS objects, 30% free, 13MB/19MB, paused 448us total 106.615ms
12-07 07:05:50.434 22064 22064 I ViewInteraction: Performing 'wait for a specific view with <view.getId() is <2131230949>> during 10000 millis.' action on view view.getRootView() to equal view
12-07 07:05:50.437 22064 22064 I ViewInteraction: Checking 'MatchesViewAssertion{viewMatcher=(view has effective visibility <VISIBLE> and view.getGlobalVisibleRect() to return non-empty rectangle)}' assertion on view view.getId() is <2131230949/ru.iteco.fmhandroid:id/container_list_claim_include_on_fragment_main>
12-07 07:05:50.439 22064 22064 I ViewInteraction: Performing 'wait for a specific view with <an instance of android.widget.TextView and view.getText() with or without transformation to match: is "Claims"> during 10000 millis.' action on view view.getRootView() to equal view
12-07 07:05:50.442 22064 22064 I ViewInteraction: Checking 'MatchesViewAssertion{viewMatcher=(view has effective visibility <VISIBLE> and view.getGlobalVisibleRect() to return non-empty rectangle)}' assertion on view an instance of android.widget.TextView and view.getText() with or without transformation to match: is "Claims"
12-07 07:05:50.447 22064 22064 I ViewInteraction: Performing 'wait for a specific view with <view.getId() is <2131231123/ru.iteco.fmhandroid:id/main_menu_image_button>> during 10000 millis.' action on view view.getRootView() to equal view
12-07 07:05:50.450 22064 22064 I ViewInteraction: Performing 'single click' action on view view.getId() is <2131231123/ru.iteco.fmhandroid:id/main_menu_image_button>
12-07 07:05:50.539  1776  1776 D gralloc_ranchu: gralloc_alloc: Creating ashmem region of size 2015232
12-07 07:05:50.545  1776  1776 I chatty  : uid=1000(system) allocator@2.0-s identical 1 line
12-07 07:05:50.546  1776  1776 D gralloc_ranchu: gralloc_alloc: Creating ashmem region of size 2015232
12-07 07:05:50.557 22064 22155 D EGL_emulation: eglMakeCurrent: 0xe593dde0: ver 2 0 (tinfo 0xf0c9e670)
12-07 07:05:50.589 22064 22155 I chatty  : uid=10146(ru.iteco.fmhandroid) RenderThread identical 2 lines
12-07 07:05:50.615 22064 22155 D EGL_emulation: eglMakeCurrent: 0xe593dde0: ver 2 0 (tinfo 0xf0c9e670)
12-07 07:05:50.836 22064 22064 I ViewInteraction: Performing 'wait for a specific view with <an instance of android.widget.TextView and view.getText() with or without transformation to match: is "News"> during 10000 millis.' action on view view.getRootView() to equal view
12-07 07:05:50.839 22064 22064 I ViewInteraction: Performing 'single click' action on view an instance of android.widget.TextView and view.getText() with or without transformation to match: is "News"
12-07 07:05:50.893 22064 22155 D EGL_emulation: eglMakeCurrent: 0xe593dde0: ver 2 0 (tinfo 0xf0c9e670)
12-07 07:05:50.967 22064 22205 I okhttp.OkHttpClient: --> GET http://www.981757-ca08998.tmweb.ru:8080/fmh/news
12-07 07:05:50.968 22064 22205 I okhttp.OkHttpClient: --> END GET
12-07 07:05:51.002 22064 22155 D EGL_emulation: eglMakeCurrent: 0xe593dde0: ver 2 0 (tinfo 0xf0c9e670)
12-07 07:05:51.013 22064 22155 D EGL_emulation: eglMakeCurrent: 0xe593dde0: ver 2 0 (tinfo 0xf0c9e670)
12-07 07:05:51.187 22064 22064 I ViewInteraction: Performing 'wait for a specific view with <view.getId() is <2131231025/ru.iteco.fmhandroid:id/edit_news_material_button>> during 10000 millis.' action on view view.getRootView() to equal view
12-07 07:05:51.191 22064 22064 I ViewInteraction: Performing 'single click' action on view view.getId() is <2131231025/ru.iteco.fmhandroid:id/edit_news_material_button>
12-07 07:05:51.268 22064 22504 I okhttp.OkHttpClient: --> GET http://www.981757-ca08998.tmweb.ru:8080/fmh/news
12-07 07:05:51.268 22064 22504 I okhttp.OkHttpClient: --> END GET
12-07 07:05:51.590 22064 22064 I ViewInteraction: Performing 'wait for a specific view with <view.getId() is <2131230850/ru.iteco.fmhandroid:id/add_news_image_view>> during 10000 millis.' action on view view.getRootView() to equal view
12-07 07:05:51.593 22064 22064 I ViewInteraction: Performing 'single click' action on view view.getId() is <2131230850/ru.iteco.fmhandroid:id/add_news_image_view>
12-07 07:05:51.978 22064 22064 I ViewInteraction: Performing 'wait for a specific view with <view.getId() is <2131231204/ru.iteco.fmhandroid:id/news_item_category_text_auto_complete_text_view>> during 10000 millis.' action on view view.getRootView() to equal view
12-07 07:05:51.980 22064 22064 I ViewInteraction: Performing 'single click' action on view view.getId() is <2131231204/ru.iteco.fmhandroid:id/news_item_category_text_auto_complete_text_view>
12-07 07:05:52.067  1776  1776 D gralloc_ranchu: gralloc_alloc: Creating ashmem region of size 5308416
12-07 07:05:52.071  1776  1776 I chatty  : uid=1000(system) allocator@2.0-s identical 1 line
12-07 07:05:52.071  1776  1776 D gralloc_ranchu: gralloc_alloc: Creating ashmem region of size 5308416
12-07 07:05:52.080 22064 22155 D EGL_emulation: eglMakeCurrent: 0xe593dde0: ver 2 0 (tinfo 0xf0c9e670)
12-07 07:05:52.118 22064 22064 I AssistStructure: Flattened final assist data: 7432 bytes, containing 2 windows, 55 views
12-07 07:05:52.122  2018  9359 D AutofillSession: Starting partition or augmented request for view id 1073741826@1318951663: STARTED_SESSION
12-07 07:05:52.122  2018  2018 D AutofillSession: cancelCurrentRequest(): id = 224
12-07 07:05:52.138 22064 22155 D EGL_emulation: eglMakeCurrent: 0xe593dde0: ver 2 0 (tinfo 0xf0c9e670)
12-07 07:05:52.153 22064 22064 I AssistStructure: Flattened final assist data: 7432 bytes, containing 2 windows, 55 views
12-07 07:05:52.157 22064 22155 D EGL_emulation: eglMakeCurrent: 0xe593dde0: ver 2 0 (tinfo 0xf0c9e670)
12-07 07:05:52.171  2656  2656 W ktk     : Pending fill request while another request in the same session was triggered. [CONTEXT service_id=177 ]
12-07 07:05:52.180 22064 22155 D EGL_emulation: eglMakeCurrent: 0xe593dde0: ver 2 0 (tinfo 0xf0c9e670)
12-07 07:05:52.184  2537  2537 I KeyboardViewUtil: systemKeyboardHeightRatio:1.000000; userKeyboardHeightRatio:1.000000.
12-07 07:05:52.184  2537  2537 I AndroidIME: LatinIme.onActivate() : EditorInfo = Package = ru.iteco.fmhandroid : Type = Text : Learning = Disable : Suggestion = Show : AutoCorrection = Disable : Microphone = Show : NoPersonalizedLearning = Disable
12-07 07:05:52.196  2537  2537 I Conv2QueryExtension: Current locale: en_US, config allows these locales: de,en,es,fr,it,ms,pt,ta
12-07 07:05:52.196  2537  2537 I Conv2QueryExtension: Conv2Query not enabled due to current app [ru.iteco.fmhandroid] not in whitelist
12-07 07:05:52.196  2537  2537 I Conv2QueryExtension: onActivate() : Disabled by unsupported host app
12-07 07:05:52.204  1776  1776 D gralloc_ranchu: gralloc_alloc: Creating ashmem region of size 9826304
12-07 07:05:52.213  2170  2566 D EGL_emulation: eglMakeCurrent: 0xe594e040: ver 2 0 (tinfo 0xc52450c0)
12-07 07:05:52.213  1776  1776 D gralloc_ranchu: gralloc_alloc: Creating ashmem region of size 9826304
12-07 07:05:52.215  1776  1776 D gralloc_ranchu: gralloc_alloc: Creating ashmem region of size 9826304
12-07 07:05:52.216  2537  8546 D EGL_emulation: eglMakeCurrent: 0xc286ce00: ver 2 0 (tinfo 0xc335ede0)
12-07 07:05:52.271  1776  1776 D gralloc_ranchu: gralloc_alloc: Creating ashmem region of size 4198400
12-07 07:05:52.272  2018  2051 D AutofillUI: destroySaveUiUiThread(): already destroyed
12-07 07:05:52.281 22064 22155 D EGL_emulation: eglMakeCurrent: 0xe593dde0: ver 2 0 (tinfo 0xf0c9e670)
12-07 07:05:52.294  2656  2671 I .gms.persisten: Background young concurrent copying GC freed 57414(3109KB) AllocSpace objects, 34(2296KB) LOS objects, 20% free, 11MB/14MB, paused 374us total 116.684ms
12-07 07:05:52.298  1776  1776 D gralloc_ranchu: gralloc_alloc: Creating ashmem region of size 4198400
12-07 07:05:52.310 22064 22155 D EGL_emulation: eglMakeCurrent: 0xe593dde0: ver 2 0 (tinfo 0xf0c9e670)
12-07 07:05:52.323 22064 22155 D EGL_emulation: eglMakeCurrent: 0xe593dde0: ver 2 0 (tinfo 0xf0c9e670)
12-07 07:05:52.334  1776  1776 D gralloc_ranchu: gralloc_alloc: Creating ashmem region of size 4198400
12-07 07:05:52.405 22064 22064 I ViewInteraction: Performing 'close keyboard' action on view view.getRootView() to equal view
12-07 07:05:52.411  2537  2537 I PhenotypeExpConfig: refreshConfiguration() : Force = false : UpdateAvailable = false : Age = 116 minutes : MaxAge = 720 minutes
12-07 07:05:52.413  2537  2537 I AndroidIME: LatinIme.onDeactivate()
12-07 07:05:52.426  2537  8546 D EGL_emulation: eglMakeCurrent: 0xc286ce00: ver 2 0 (tinfo 0xc335ede0)
12-07 07:05:52.456 22064 22155 D EGL_emulation: eglMakeCurrent: 0xe593dde0: ver 2 0 (tinfo 0xf0c9e670)
12-07 07:05:52.481  1776  1776 D gralloc_ranchu: gralloc_alloc: Creating ashmem region of size 5308416
12-07 07:05:52.487 22064 22155 D EGL_emulation: eglMakeCurrent: 0xe593dde0: ver 2 0 (tinfo 0xf0c9e670)
12-07 07:05:52.502  1776  1776 D gralloc_ranchu: gralloc_alloc: Creating ashmem region of size 5308416
12-07 07:05:52.505 22064 22155 D EGL_emulation: eglMakeCurrent: 0xe593dde0: ver 2 0 (tinfo 0xf0c9e670)
12-07 07:05:52.516 22064 22155 D EGL_emulation: eglMakeCurrent: 0xe593dde0: ver 2 0 (tinfo 0xf0c9e670)
12-07 07:05:52.525  1776  1776 D gralloc_ranchu: gralloc_alloc: Creating ashmem region of size 5308416
12-07 07:05:52.544 22064 22155 D EGL_emulation: eglMakeCurrent: 0xe593dde0: ver 2 0 (tinfo 0xf0c9e670)
12-07 07:05:52.719 22064 22064 I ViewInteraction: Performing 'single click' action on view an instance of android.widget.TextView and view.getText() with or without transformation to match: is "Объявление"
12-07 07:05:52.733 22064 22504 I okhttp.OkHttpClient: <-- 200 http://www.981757-ca08998.tmweb.ru:8080/fmh/news (1465ms)
12-07 07:05:52.733 22064 22504 I okhttp.OkHttpClient: Vary: Origin
12-07 07:05:52.733 22064 22504 I okhttp.OkHttpClient: Vary: Access-Control-Request-Method
12-07 07:05:52.733 22064 22504 I okhttp.OkHttpClient: Vary: Access-Control-Request-Headers
12-07 07:05:52.733 22064 22504 I okhttp.OkHttpClient: X-Content-Type-Options: nosniff
12-07 07:05:52.733 22064 22504 I okhttp.OkHttpClient: X-XSS-Protection: 1; mode=block
12-07 07:05:52.733 22064 22504 I okhttp.OkHttpClient: Cache-Control: no-cache, no-store, max-age=0, must-revalidate
12-07 07:05:52.733 22064 22504 I okhttp.OkHttpClient: Pragma: no-cache
12-07 07:05:52.733 22064 22504 I okhttp.OkHttpClient: Expires: 0
12-07 07:05:52.734 22064 22504 I okhttp.OkHttpClient: X-Frame-Options: DENY
12-07 07:05:52.734 22064 22504 I okhttp.OkHttpClient: Content-Type: application/json
12-07 07:05:52.734 22064 22504 I okhttp.OkHttpClient: Transfer-Encoding: chunked
12-07 07:05:52.734 22064 22504 I okhttp.OkHttpClient: Date: Wed, 07 Dec 2022 07:05:54 GMT
12-07 07:05:52.734 22064 22504 I okhttp.OkHttpClient: Keep-Alive: timeout=60
12-07 07:05:52.734 22064 22504 I okhttp.OkHttpClient: Connection: keep-alive
12-07 07:05:52.778 22064 22155 D EGL_emulation: eglMakeCurrent: 0xe593dde0: ver 2 0 (tinfo 0xf0c9e670)
12-07 07:05:52.850 22064 22155 D EGL_emulation: eglMakeCurrent: 0xe593dde0: ver 2 0 (tinfo 0xf0c9e670)
12-07 07:05:52.859  2018  9359 E InputDispatcher: Window handle Window{803eef0 u0 PopupWindow:dbc0c81} has no registered input channel
12-07 07:05:52.868 22064 22155 D EGL_emulation: eglMakeCurrent: 0xe593dde0: ver 2 0 (tinfo 0xf0c9e670)
12-07 07:05:53.027 22064 22064 I ViewInteraction: Performing 'wait for a specific view with <view.getId() is <2131231227/ru.iteco.fmhandroid:id/news_item_title_text_input_edit_text>> during 10000 millis.' action on view view.getRootView() to equal view
12-07 07:05:53.031 22064 22064 I ViewInteraction: Performing 'replace text(Заголовок f524c18e-c314-40ff-bf80-55a79500d1da)' action on view view.getId() is <2131231227/ru.iteco.fmhandroid:id/news_item_title_text_input_edit_text>
12-07 07:05:53.049 22064 22064 I ViewInteraction: Performing 'wait for a specific view with <view.getId() is <2131231222/ru.iteco.fmhandroid:id/news_item_publish_date_text_input_edit_text>> during 10000 millis.' action on view view.getRootView() to equal view
12-07 07:05:53.052 22064 22064 I ViewInteraction: Performing 'single click' action on view view.getId() is <2131231222/ru.iteco.fmhandroid:id/news_item_publish_date_text_input_edit_text>
12-07 07:05:53.155  1776  1776 D gralloc_ranchu: gralloc_alloc: Creating ashmem region of size 6778880
12-07 07:05:53.162  1776  1776 I chatty  : uid=1000(system) allocator@2.0-s identical 1 line
12-07 07:05:53.163  1776  1776 D gralloc_ranchu: gralloc_alloc: Creating ashmem region of size 6778880
12-07 07:05:53.169 22064 22155 D EGL_emulation: eglMakeCurrent: 0xe593dde0: ver 2 0 (tinfo 0xf0c9e670)
12-07 07:05:53.281 22064 22155 I chatty  : uid=10146(ru.iteco.fmhandroid) RenderThread identical 5 lines
12-07 07:05:53.295 22064 22155 D EGL_emulation: eglMakeCurrent: 0xe593dde0: ver 2 0 (tinfo 0xf0c9e670)
12-07 07:05:53.322 22064 22064 W System.err: ru.iteco.fmhandroid.exceptions.ServerException
12-07 07:05:53.322 22064 22064 W System.err: 	at ru.iteco.fmhandroid.utils.Utils.makeRequest(Utils.kt:119)
12-07 07:05:53.322 22064 22064 W System.err: 	at ru.iteco.fmhandroid.utils.Utils$makeRequest$1.invokeSuspend(Unknown Source:15)
12-07 07:05:53.322 22064 22064 W System.err: 	at kotlin.coroutines.jvm.internal.BaseContinuationImpl.resumeWith(ContinuationImpl.kt:33)
12-07 07:05:53.322 22064 22064 W System.err: 	at kotlinx.coroutines.DispatchedTask.run(DispatchedTask.kt:104)
12-07 07:05:53.322 22064 22064 W System.err: 	at android.os.Handler.handleCallback(Handler.java:883)
12-07 07:05:53.322 22064 22064 W System.err: 	at android.os.Handler.dispatchMessage(Handler.java:100)
12-07 07:05:53.322 22064 22064 W System.err: 	at androidx.test.espresso.base.Interrogator.loopAndInterrogate(Interrogator.java:14)
12-07 07:05:53.322 22064 22064 W System.err: 	at androidx.test.espresso.base.UiControllerImpl.loopUntil(UiControllerImpl.java:8)
12-07 07:05:53.322 22064 22064 W System.err: 	at androidx.test.espresso.base.UiControllerImpl.loopUntil(UiControllerImpl.java:1)
12-07 07:05:53.322 22064 22064 W System.err: 	at androidx.test.espresso.base.UiControllerImpl.loopMainThreadForAtLeast(UiControllerImpl.java:7)
12-07 07:05:53.322 22064 22064 W System.err: 	at androidx.test.espresso.base.RootViewPicker.pickARoot(RootViewPicker.java:7)
12-07 07:05:53.322 22064 22064 W System.err: 	at androidx.test.espresso.base.RootViewPicker.pickRootView(RootViewPicker.java:1)
12-07 07:05:53.322 22064 22064 W System.err: 	at androidx.test.espresso.base.RootViewPicker.get(RootViewPicker.java:4)
12-07 07:05:53.322 22064 22064 W System.err: 	at androidx.test.espresso.ViewInteractionModule.provideRootView(ViewInteractionModule.java:1)
12-07 07:05:53.322 22064 22064 W System.err: 	at androidx.test.espresso.ViewInteractionModule_ProvideRootViewFactory.provideRootView(ViewInteractionModule_ProvideRootViewFactory.java:1)
12-07 07:05:53.322 22064 22064 W System.err: 	at androidx.test.espresso.ViewInteractionModule_ProvideRootViewFactory.get(ViewInteractionModule_ProvideRootViewFactory.java:1)
12-07 07:05:53.322 22064 22064 W System.err: 	at androidx.test.espresso.ViewInteractionModule_ProvideRootViewFactory.get(ViewInteractionModule_ProvideRootViewFactory.java:2)
12-07 07:05:53.323 22064 22064 W System.err: 	at androidx.test.espresso.base.ViewFinderImpl.getView(ViewFinderImpl.java:4)
12-07 07:05:53.323 22064 22064 W System.err: 	at androidx.test.espresso.ViewInteraction$2.call(ViewInteraction.java:9)
12-07 07:05:53.323 22064 22064 W System.err: 	at androidx.test.espresso.ViewInteraction$2.call(ViewInteraction.java:1)
12-07 07:05:53.323 22064 22064 W System.err: 	at java.util.concurrent.FutureTask.run(FutureTask.java:266)
12-07 07:05:53.323 22064 22064 W System.err: 	at android.os.Handler.handleCallback(Handler.java:883)
12-07 07:05:53.323 22064 22064 W System.err: 	at android.os.Handler.dispatchMessage(Handler.java:100)
12-07 07:05:53.323 22064 22064 W System.err: 	at android.os.Looper.loop(Looper.java:214)
12-07 07:05:53.323 22064 22064 W System.err: 	at android.app.ActivityThread.main(ActivityThread.java:7356)
12-07 07:05:53.323 22064 22064 W System.err: 	at java.lang.reflect.Method.invoke(Native Method)
12-07 07:05:53.323 22064 22064 W System.err: 	at com.android.internal.os.RuntimeInit$MethodAndArgsCaller.run(RuntimeInit.java:492)
12-07 07:05:53.323 22064 22064 W System.err: 	at com.android.internal.os.ZygoteInit.main(ZygoteInit.java:930)
12-07 07:05:53.327 22064 22205 I okhttp.OkHttpClient: <-- 200 http://www.981757-ca08998.tmweb.ru:8080/fmh/news (2359ms)
12-07 07:05:53.327 22064 22205 I okhttp.OkHttpClient: Vary: Origin
12-07 07:05:53.327 22064 22205 I okhttp.OkHttpClient: Vary: Access-Control-Request-Method
12-07 07:05:53.327 22064 22205 I okhttp.OkHttpClient: Vary: Access-Control-Request-Headers
12-07 07:05:53.327 22064 22205 I okhttp.OkHttpClient: X-Content-Type-Options: nosniff
12-07 07:05:53.327 22064 22205 I okhttp.OkHttpClient: X-XSS-Protection: 1; mode=block
12-07 07:05:53.327 22064 22205 I okhttp.OkHttpClient: Cache-Control: no-cache, no-store, max-age=0, must-revalidate
12-07 07:05:53.328 22064 22205 I okhttp.OkHttpClient: Pragma: no-cache
12-07 07:05:53.328 22064 22205 I okhttp.OkHttpClient: Expires: 0
12-07 07:05:53.328 22064 22205 I okhttp.OkHttpClient: X-Frame-Options: DENY
12-07 07:05:53.328 22064 22205 I okhttp.OkHttpClient: Content-Type: application/json
12-07 07:05:53.328 22064 22205 I okhttp.OkHttpClient: Transfer-Encoding: chunked
12-07 07:05:53.328 22064 22205 I okhttp.OkHttpClient: Date: Wed, 07 Dec 2022 07:05:54 GMT
12-07 07:05:53.328 22064 22205 I okhttp.OkHttpClient: Keep-Alive: timeout=60
12-07 07:05:53.328 22064 22205 I okhttp.OkHttpClient: Connection: keep-alive
12-07 07:05:53.380 22064 22155 D EGL_emulation: eglMakeCurrent: 0xe593dde0: ver 2 0 (tinfo 0xf0c9e670)
12-07 07:05:53.457 22064 22155 I chatty  : uid=10146(ru.iteco.fmhandroid) RenderThread identical 7 lines
12-07 07:05:53.472 22064 22155 D EGL_emulation: eglMakeCurrent: 0xe593dde0: ver 2 0 (tinfo 0xf0c9e670)
12-07 07:05:53.850 22064 22064 I ViewInteraction: Performing 'wait for a specific view with <is assignable from class <class android.widget.DatePicker>> during 10000 millis.' action on view view.getRootView() to equal view
12-07 07:05:53.852 22064 22064 I ViewInteraction: Checking 'MatchesViewAssertion{viewMatcher=(view has effective visibility <VISIBLE> and view.getGlobalVisibleRect() to return non-empty rectangle)}' assertion on view is assignable from class <class android.widget.DatePicker>
12-07 07:05:53.856 22064 22064 I ViewInteraction: Performing 'wait for a specific view with <is assignable from class <class android.widget.DatePicker>> during 10000 millis.' action on view view.getRootView() to equal view
12-07 07:05:53.858 22064 22064 I ViewInteraction: Performing 'set date' action on view is assignable from class <class android.widget.DatePicker>
12-07 07:05:53.876 22064 22155 D EGL_emulation: eglMakeCurrent: 0xe593dde0: ver 2 0 (tinfo 0xf0c9e670)
12-07 07:05:53.896 22064 22064 I ViewInteraction: Performing 'wait for a specific view with <view.getId() is <16908313/android:id/button1>> during 10000 millis.' action on view view.getRootView() to equal view
12-07 07:05:53.899 22064 22064 I ViewInteraction: Performing 'single click' action on view view.getId() is <16908313/android:id/button1>
12-07 07:05:53.969 22064 22155 D EGL_emulation: eglMakeCurrent: 0xe593dde0: ver 2 0 (tinfo 0xf0c9e670)
12-07 07:05:53.976  2018  2358 E InputDispatcher: Window handle Window{ba10280 u0 ru.iteco.fmhandroid/ru.iteco.fmhandroid.ui.AppActivity} has no registered input channel
12-07 07:05:53.984 22064 22155 D EGL_emulation: eglMakeCurrent: 0xe593dde0: ver 2 0 (tinfo 0xf0c9e670)
12-07 07:05:54.066 22064 22180 I okhttp.OkHttpClient: <-- 200 http://www.981757-ca08998.tmweb.ru:8080/fmh/claims (3875ms)
12-07 07:05:54.066 22064 22180 I okhttp.OkHttpClient: Vary: Origin
12-07 07:05:54.066 22064 22180 I okhttp.OkHttpClient: Vary: Access-Control-Request-Method
12-07 07:05:54.066 22064 22180 I okhttp.OkHttpClient: Vary: Access-Control-Request-Headers
12-07 07:05:54.067 22064 22180 I okhttp.OkHttpClient: X-Content-Type-Options: nosniff
12-07 07:05:54.067 22064 22180 I okhttp.OkHttpClient: X-XSS-Protection: 1; mode=block
12-07 07:05:54.067 22064 22180 I okhttp.OkHttpClient: Cache-Control: no-cache, no-store, max-age=0, must-revalidate
12-07 07:05:54.067 22064 22180 I okhttp.OkHttpClient: Pragma: no-cache
12-07 07:05:54.067 22064 22180 I okhttp.OkHttpClient: Expires: 0
12-07 07:05:54.067 22064 22180 I okhttp.OkHttpClient: X-Frame-Options: DENY
12-07 07:05:54.067 22064 22180 I okhttp.OkHttpClient: Content-Type: application/json
12-07 07:05:54.067 22064 22180 I okhttp.OkHttpClient: Transfer-Encoding: chunked
12-07 07:05:54.067 22064 22180 I okhttp.OkHttpClient: Date: Wed, 07 Dec 2022 07:05:54 GMT
12-07 07:05:54.067 22064 22180 I okhttp.OkHttpClient: Keep-Alive: timeout=60
12-07 07:05:54.067 22064 22180 I okhttp.OkHttpClient: Connection: keep-alive
12-07 07:05:54.228 22064 22064 I ViewInteraction: Performing 'wait for a specific view with <view.getId() is <2131231223/ru.iteco.fmhandroid:id/news_item_publish_time_text_input_edit_text>> during 10000 millis.' action on view view.getRootView() to equal view
12-07 07:05:54.231 22064 22064 I ViewInteraction: Performing 'single click' action on view view.getId() is <2131231223/ru.iteco.fmhandroid:id/news_item_publish_time_text_input_edit_text>
12-07 07:05:54.355  1776  1776 D gralloc_ranchu: gralloc_alloc: Creating ashmem region of size 5718016
12-07 07:05:54.362  1776  1776 I chatty  : uid=1000(system) allocator@2.0-s identical 1 line
12-07 07:05:54.363  1776  1776 D gralloc_ranchu: gralloc_alloc: Creating ashmem region of size 5718016
12-07 07:05:54.365 22064 22155 D EGL_emulation: eglMakeCurrent: 0xe593dde0: ver 2 0 (tinfo 0xf0c9e670)
12-07 07:05:54.406 22064 22155 D EGL_emulation: eglMakeCurrent: 0xe593dde0: ver 2 0 (tinfo 0xf0c9e670)
12-07 07:05:54.658 22064 22064 I ViewInteraction: Performing 'wait for a specific view with <is assignable from class <class android.widget.TimePicker>> during 10000 millis.' action on view view.getRootView() to equal view
12-07 07:05:54.660 22064 22064 I ViewInteraction: Checking 'MatchesViewAssertion{viewMatcher=(view has effective visibility <VISIBLE> and view.getGlobalVisibleRect() to return non-empty rectangle)}' assertion on view is assignable from class <class android.widget.TimePicker>
12-07 07:05:54.662 22064 22064 I ViewInteraction: Performing 'wait for a specific view with <is assignable from class <class android.widget.TimePicker>> during 10000 millis.' action on view view.getRootView() to equal view
12-07 07:05:54.664 22064 22064 I ViewInteraction: Performing 'set time' action on view is assignable from class <class android.widget.TimePicker>
12-07 07:05:54.677 22064 22155 D EGL_emulation: eglMakeCurrent: 0xe593dde0: ver 2 0 (tinfo 0xf0c9e670)
12-07 07:05:54.680 22064 22064 I ViewInteraction: Performing 'wait for a specific view with <view.getId() is <16908313/android:id/button1>> during 10000 millis.' action on view view.getRootView() to equal view
12-07 07:05:54.681 22064 22064 I ViewInteraction: Performing 'single click' action on view view.getId() is <16908313/android:id/button1>
12-07 07:05:54.772 22064 22155 D EGL_emulation: eglMakeCurrent: 0xe593dde0: ver 2 0 (tinfo 0xf0c9e670)
12-07 07:05:54.786 22064 22155 D EGL_emulation: eglMakeCurrent: 0xe593dde0: ver 2 0 (tinfo 0xf0c9e670)
12-07 07:05:54.798  2018  9359 E InputDispatcher: Window handle Window{b93ab4f u0 ru.iteco.fmhandroid/ru.iteco.fmhandroid.ui.AppActivity} has no registered input channel
12-07 07:05:55.028 22064 22064 I ViewInteraction: Performing 'wait for a specific view with <view.getId() is <2131231211/ru.iteco.fmhandroid:id/news_item_description_text_input_edit_text>> during 10000 millis.' action on view view.getRootView() to equal view
12-07 07:05:55.030 22064 22064 I ViewInteraction: Performing 'replace text(Описание 9b4dcc36-0ad9-4c90-ade4-aaca61044eaa)' action on view view.getId() is <2131231211/ru.iteco.fmhandroid:id/news_item_description_text_input_edit_text>
12-07 07:05:55.062 22064 22064 I ViewInteraction: Performing 'wait for a specific view with <view.getId() is <2131231291/ru.iteco.fmhandroid:id/save_button>> during 10000 millis.' action on view view.getRootView() to equal view
12-07 07:05:55.065 22064 22064 I ViewInteraction: Performing 'single click' action on view view.getId() is <2131231291/ru.iteco.fmhandroid:id/save_button>
12-07 07:05:55.132 22064 22506 I okhttp.OkHttpClient: --> POST http://www.981757-ca08998.tmweb.ru:8080/fmh/news
12-07 07:05:55.132 22064 22506 I okhttp.OkHttpClient: Content-Type: application/json; charset=UTF-8
12-07 07:05:55.134 22064 22506 I okhttp.OkHttpClient: Content-Length: 315
12-07 07:05:55.135 22064 22506 I okhttp.OkHttpClient: {"createDate":1670385955,"creatorId":2,"creatorName":"Иванов Данил Данилович","description":"Описание 9b4dcc36-0ad9-4c90-ade4-aaca61044eaa","isOpen":false,"newsCategoryId":1,"publishDate":1667804340,"publishEnabled":true,"title":"Заголовок f524c18e-c314-40ff-bf80-55a79500d1da"}
12-07 07:05:55.135 22064 22506 I okhttp.OkHttpClient: --> END POST (315-byte body)
12-07 07:05:55.139  1744 22507 E ResolverController: No valid NAT64 prefix (100, <unspecified>/0)
12-07 07:05:55.363 22064 22064 I ViewInteraction: Performing 'wait for a specific view with <view.getId() is <2131230850/ru.iteco.fmhandroid:id/add_news_image_view>> during 10000 millis.' action on view view.getRootView() to equal view
12-07 07:05:55.590 22064 22506 I okhttp.OkHttpClient: <-- 200 http://www.981757-ca08998.tmweb.ru:8080/fmh/news (455ms)
12-07 07:05:55.590 22064 22506 I okhttp.OkHttpClient: Vary: Origin
12-07 07:05:55.590 22064 22506 I okhttp.OkHttpClient: Vary: Access-Control-Request-Method
12-07 07:05:55.590 22064 22506 I okhttp.OkHttpClient: Vary: Access-Control-Request-Headers
12-07 07:05:55.590 22064 22506 I okhttp.OkHttpClient: X-Content-Type-Options: nosniff
12-07 07:05:55.590 22064 22506 I okhttp.OkHttpClient: X-XSS-Protection: 1; mode=block
12-07 07:05:55.590 22064 22506 I okhttp.OkHttpClient: Cache-Control: no-cache, no-store, max-age=0, must-revalidate
12-07 07:05:55.591 22064 22506 I okhttp.OkHttpClient: Pragma: no-cache
12-07 07:05:55.591 22064 22506 I okhttp.OkHttpClient: Expires: 0
12-07 07:05:55.591 22064 22506 I okhttp.OkHttpClient: X-Frame-Options: DENY
12-07 07:05:55.591 22064 22506 I okhttp.OkHttpClient: Content-Type: application/json
12-07 07:05:55.591 22064 22506 I okhttp.OkHttpClient: Transfer-Encoding: chunked
12-07 07:05:55.591 22064 22506 I okhttp.OkHttpClient: Date: Wed, 07 Dec 2022 07:05:57 GMT
12-07 07:05:55.591 22064 22506 I okhttp.OkHttpClient: Keep-Alive: timeout=60
12-07 07:05:55.591 22064 22506 I okhttp.OkHttpClient: Connection: keep-alive
12-07 07:05:55.591 22064 22506 I okhttp.OkHttpClient: {"id":4413,"newsCategoryId":1,"title":"Заголовок f524c18e-c314-40ff-bf80-55a79500d1da","description":"Описание 9b4dcc36-0ad9-4c90-ade4-aaca61044eaa","creatorId":2,"createDate":1670385955,"publishDate":1667804340,"publishEnabled":true,"creatorName":"Иванов Данил Данилович"}
12-07 07:05:55.591 22064 22506 I okhttp.OkHttpClient: <-- END HTTP (310-byte body)
12-07 07:05:55.724 22064 22064 I ViewInteraction: Performing 'single click' action on view view.getId() is <2131230850/ru.iteco.fmhandroid:id/add_news_image_view>
12-07 07:05:56.068 22064 22064 I ViewInteraction: Performing 'wait for a specific view with <view.getId() is <2131231204/ru.iteco.fmhandroid:id/news_item_category_text_auto_complete_text_view>> during 10000 millis.' action on view view.getRootView() to equal view
12-07 07:05:56.071 22064 22064 I ViewInteraction: Performing 'single click' action on view view.getId() is <2131231204/ru.iteco.fmhandroid:id/news_item_category_text_auto_complete_text_view>
12-07 07:05:56.161  1776  1776 D gralloc_ranchu: gralloc_alloc: Creating ashmem region of size 5308416
12-07 07:05:56.165  1776  1776 I chatty  : uid=1000(system) allocator@2.0-s identical 1 line
12-07 07:05:56.166  1776  1776 D gralloc_ranchu: gralloc_alloc: Creating ashmem region of size 5308416
12-07 07:05:56.172 22064 22155 D EGL_emulation: eglMakeCurrent: 0xe593dde0: ver 2 0 (tinfo 0xf0c9e670)
12-07 07:05:56.204 22064 22064 I AssistStructure: Flattened final assist data: 7432 bytes, containing 2 windows, 55 views
12-07 07:05:56.215  2018  7051 D AutofillSession: Starting partition or augmented request for view id 1073741888@997389406: STARTED_SESSION
12-07 07:05:56.217  2656  2656 W ktk     : Pending fill request while another request in the same session was triggered. [CONTEXT service_id=177 ]
12-07 07:05:56.223  2018  2051 D AutofillUI: destroySaveUiUiThread(): already destroyed
12-07 07:05:56.231 22064 22155 D EGL_emulation: eglMakeCurrent: 0xe593dde0: ver 2 0 (tinfo 0xf0c9e670)
12-07 07:05:56.238 22064 22064 I AssistStructure: Flattened final assist data: 7432 bytes, containing 2 windows, 55 views
12-07 07:05:56.262 22064 22155 D EGL_emulation: eglMakeCurrent: 0xe593dde0: ver 2 0 (tinfo 0xf0c9e670)
12-07 07:05:56.265  2537  2537 I KeyboardViewUtil: systemKeyboardHeightRatio:1.000000; userKeyboardHeightRatio:1.000000.
12-07 07:05:56.266  2537  2537 I AndroidIME: LatinIme.onActivate() : EditorInfo = Package = ru.iteco.fmhandroid : Type = Text : Learning = Disable : Suggestion = Show : AutoCorrection = Disable : Microphone = Show : NoPersonalizedLearning = Disable
12-07 07:05:56.274  2537  2537 I Conv2QueryExtension: Current locale: en_US, config allows these locales: de,en,es,fr,it,ms,pt,ta
12-07 07:05:56.274  2537  2537 I Conv2QueryExtension: Conv2Query not enabled due to current app [ru.iteco.fmhandroid] not in whitelist
12-07 07:05:56.274  2537  2537 I Conv2QueryExtension: onActivate() : Disabled by unsupported host app
12-07 07:05:56.286  1776  1776 D gralloc_ranchu: gralloc_alloc: Creating ashmem region of size 9826304
12-07 07:05:56.287  1776  1776 I chatty  : uid=1000(system) allocator@2.0-s identical 1 line
12-07 07:05:56.288  1776  1776 D gralloc_ranchu: gralloc_alloc: Creating ashmem region of size 9826304
12-07 07:05:56.292  2537  8546 D EGL_emulation: eglMakeCurrent: 0xc286ce00: ver 2 0 (tinfo 0xc335ede0)
12-07 07:05:56.329 22064 22155 D EGL_emulation: eglMakeCurrent: 0xe593dde0: ver 2 0 (tinfo 0xf0c9e670)
12-07 07:05:56.348  1776  1776 D gralloc_ranchu: gralloc_alloc: Creating ashmem region of size 4198400
12-07 07:05:56.353 22064 22155 D EGL_emulation: eglMakeCurrent: 0xe593dde0: ver 2 0 (tinfo 0xf0c9e670)
12-07 07:05:56.370  1776  1776 D gralloc_ranchu: gralloc_alloc: Creating ashmem region of size 4198400
12-07 07:05:56.374 22064 22155 D EGL_emulation: eglMakeCurrent: 0xe593dde0: ver 2 0 (tinfo 0xf0c9e670)
12-07 07:05:56.393 22064 22155 D EGL_emulation: eglMakeCurrent: 0xe593dde0: ver 2 0 (tinfo 0xf0c9e670)
12-07 07:05:56.406  1776  1776 D gralloc_ranchu: gralloc_alloc: Creating ashmem region of size 4198400
12-07 07:05:56.484 22064 22064 I ViewInteraction: Performing 'close keyboard' action on view view.getRootView() to equal view
12-07 07:05:56.492  2537  2537 I PhenotypeExpConfig: refreshConfiguration() : Force = false : UpdateAvailable = false : Age = 116 minutes : MaxAge = 720 minutes
12-07 07:05:56.495  2537  2537 I AndroidIME: LatinIme.onDeactivate()
12-07 07:05:56.509  2537  8546 D EGL_emulation: eglMakeCurrent: 0xc286ce00: ver 2 0 (tinfo 0xc335ede0)
12-07 07:05:56.539 22064 22155 D EGL_emulation: eglMakeCurrent: 0xe593dde0: ver 2 0 (tinfo 0xf0c9e670)
12-07 07:05:56.567  1776  1776 D gralloc_ranchu: gralloc_alloc: Creating ashmem region of size 5308416
12-07 07:05:56.573 22064 22155 D EGL_emulation: eglMakeCurrent: 0xe593dde0: ver 2 0 (tinfo 0xf0c9e670)
12-07 07:05:56.589  1776  1776 D gralloc_ranchu: gralloc_alloc: Creating ashmem region of size 5308416
12-07 07:05:56.595 22064 22155 D EGL_emulation: eglMakeCurrent: 0xe593dde0: ver 2 0 (tinfo 0xf0c9e670)
12-07 07:05:56.606 22064 22155 D EGL_emulation: eglMakeCurrent: 0xe593dde0: ver 2 0 (tinfo 0xf0c9e670)
12-07 07:05:56.618  1776  1776 D gralloc_ranchu: gralloc_alloc: Creating ashmem region of size 5308416
12-07 07:05:56.644 22064 22155 D EGL_emulation: eglMakeCurrent: 0xe593dde0: ver 2 0 (tinfo 0xf0c9e670)
12-07 07:05:56.803 22064 22064 I ViewInteraction: Performing 'single click' action on view an instance of android.widget.TextView and view.getText() with or without transformation to match: is "Объявление"
12-07 07:05:56.859 22064 22155 D EGL_emulation: eglMakeCurrent: 0xe593dde0: ver 2 0 (tinfo 0xf0c9e670)
12-07 07:05:56.934 22064 22155 D EGL_emulation: eglMakeCurrent: 0xe593dde0: ver 2 0 (tinfo 0xf0c9e670)
12-07 07:05:56.941  2018  2358 E InputDispatcher: Window handle Window{748f10d u0 PopupWindow:3a70106} has no registered input channel
12-07 07:05:56.949 22064 22155 D EGL_emulation: eglMakeCurrent: 0xe593dde0: ver 2 0 (tinfo 0xf0c9e670)
12-07 07:05:57.096 22064 22064 I ViewInteraction: Performing 'wait for a specific view with <view.getId() is <2131231227/ru.iteco.fmhandroid:id/news_item_title_text_input_edit_text>> during 10000 millis.' action on view view.getRootView() to equal view
12-07 07:05:57.099 22064 22064 I ViewInteraction: Performing 'replace text(Заголовок ac8fbab2-0b77-4a08-9b1b-cf3777fc1b59)' action on view view.getId() is <2131231227/ru.iteco.fmhandroid:id/news_item_title_text_input_edit_text>
12-07 07:05:57.129 22064 22064 I ViewInteraction: Performing 'wait for a specific view with <view.getId() is <2131231222/ru.iteco.fmhandroid:id/news_item_publish_date_text_input_edit_text>> during 10000 millis.' action on view view.getRootView() to equal view
12-07 07:05:57.131 22064 22064 I ViewInteraction: Performing 'single click' action on view view.getId() is <2131231222/ru.iteco.fmhandroid:id/news_item_publish_date_text_input_edit_text>
12-07 07:05:57.222  1776  1776 D gralloc_ranchu: gralloc_alloc: Creating ashmem region of size 6778880
12-07 07:05:57.229  1776  1776 I chatty  : uid=1000(system) allocator@2.0-s identical 1 line
12-07 07:05:57.230  1776  1776 D gralloc_ranchu: gralloc_alloc: Creating ashmem region of size 6778880
12-07 07:05:57.232 22064 22155 D EGL_emulation: eglMakeCurrent: 0xe593dde0: ver 2 0 (tinfo 0xf0c9e670)
12-07 07:05:57.522 22064 22155 I chatty  : uid=10146(ru.iteco.fmhandroid) RenderThread identical 10 lines
12-07 07:05:57.533 22064 22155 D EGL_emulation: eglMakeCurrent: 0xe593dde0: ver 2 0 (tinfo 0xf0c9e670)
12-07 07:05:57.935 22064 22064 I ViewInteraction: Performing 'wait for a specific view with <is assignable from class <class android.widget.DatePicker>> during 10000 millis.' action on view view.getRootView() to equal view
12-07 07:05:57.937 22064 22064 I ViewInteraction: Checking 'MatchesViewAssertion{viewMatcher=(view has effective visibility <VISIBLE> and view.getGlobalVisibleRect() to return non-empty rectangle)}' assertion on view is assignable from class <class android.widget.DatePicker>
12-07 07:05:57.939 22064 22064 I ViewInteraction: Performing 'wait for a specific view with <is assignable from class <class android.widget.DatePicker>> during 10000 millis.' action on view view.getRootView() to equal view
12-07 07:05:57.943 22064 22064 I ViewInteraction: Performing 'set date' action on view is assignable from class <class android.widget.DatePicker>
12-07 07:05:57.963 22064 22155 D EGL_emulation: eglMakeCurrent: 0xe593dde0: ver 2 0 (tinfo 0xf0c9e670)
12-07 07:05:57.979 22064 22064 I ViewInteraction: Performing 'wait for a specific view with <view.getId() is <16908313/android:id/button1>> during 10000 millis.' action on view view.getRootView() to equal view
12-07 07:05:57.981 22064 22064 I ViewInteraction: Performing 'single click' action on view view.getId() is <16908313/android:id/button1>
12-07 07:05:58.057 22064 22155 D EGL_emulation: eglMakeCurrent: 0xe593dde0: ver 2 0 (tinfo 0xf0c9e670)
12-07 07:05:58.075  2018  8910 E InputDispatcher: Window handle Window{3df5588 u0 ru.iteco.fmhandroid/ru.iteco.fmhandroid.ui.AppActivity} has no registered input channel
12-07 07:05:58.079 22064 22155 D EGL_emulation: eglMakeCurrent: 0xe593dde0: ver 2 0 (tinfo 0xf0c9e670)
12-07 07:05:58.319 22064 22064 I ViewInteraction: Performing 'wait for a specific view with <view.getId() is <2131231223/ru.iteco.fmhandroid:id/news_item_publish_time_text_input_edit_text>> during 10000 millis.' action on view view.getRootView() to equal view
12-07 07:05:58.321 22064 22064 I ViewInteraction: Performing 'single click' action on view view.getId() is <2131231223/ru.iteco.fmhandroid:id/news_item_publish_time_text_input_edit_text>
12-07 07:05:58.440  1776  1776 D gralloc_ranchu: gralloc_alloc: Creating ashmem region of size 5718016
12-07 07:05:58.446  1776  1776 I chatty  : uid=1000(system) allocator@2.0-s identical 1 line
12-07 07:05:58.447  1776  1776 D gralloc_ranchu: gralloc_alloc: Creating ashmem region of size 5718016
12-07 07:05:58.451 22064 22155 D EGL_emulation: eglMakeCurrent: 0xe593dde0: ver 2 0 (tinfo 0xf0c9e670)
12-07 07:05:58.488 22064 22155 D EGL_emulation: eglMakeCurrent: 0xe593dde0: ver 2 0 (tinfo 0xf0c9e670)
12-07 07:05:58.727 22064 22064 I ViewInteraction: Performing 'wait for a specific view with <is assignable from class <class android.widget.TimePicker>> during 10000 millis.' action on view view.getRootView() to equal view
12-07 07:05:58.730 22064 22064 I ViewInteraction: Checking 'MatchesViewAssertion{viewMatcher=(view has effective visibility <VISIBLE> and view.getGlobalVisibleRect() to return non-empty rectangle)}' assertion on view is assignable from class <class android.widget.TimePicker>
12-07 07:05:58.732 22064 22064 I ViewInteraction: Performing 'wait for a specific view with <is assignable from class <class android.widget.TimePicker>> during 10000 millis.' action on view view.getRootView() to equal view
12-07 07:05:58.734 22064 22064 I ViewInteraction: Performing 'set time' action on view is assignable from class <class android.widget.TimePicker>
12-07 07:05:58.744 22064 22155 D EGL_emulation: eglMakeCurrent: 0xe593dde0: ver 2 0 (tinfo 0xf0c9e670)
12-07 07:05:58.747 22064 22064 I ViewInteraction: Performing 'wait for a specific view with <view.getId() is <16908313/android:id/button1>> during 10000 millis.' action on view view.getRootView() to equal view
12-07 07:05:58.749 22064 22064 I ViewInteraction: Performing 'single click' action on view view.getId() is <16908313/android:id/button1>
12-07 07:05:58.834 22064 22155 D EGL_emulation: eglMakeCurrent: 0xe593dde0: ver 2 0 (tinfo 0xf0c9e670)
12-07 07:05:58.844  2018  9359 E InputDispatcher: Window handle Window{fc8b9f7 u0 ru.iteco.fmhandroid/ru.iteco.fmhandroid.ui.AppActivity} has no registered input channel
12-07 07:05:58.852 22064 22155 D EGL_emulation: eglMakeCurrent: 0xe593dde0: ver 2 0 (tinfo 0xf0c9e670)
12-07 07:05:59.093 22064 22064 I ViewInteraction: Performing 'wait for a specific view with <view.getId() is <2131231211/ru.iteco.fmhandroid:id/news_item_description_text_input_edit_text>> during 10000 millis.' action on view view.getRootView() to equal view
12-07 07:05:59.095 22064 22064 I ViewInteraction: Performing 'replace text(Описание a1941619-defa-451b-814c-5d6c15b228b6)' action on view view.getId() is <2131231211/ru.iteco.fmhandroid:id/news_item_description_text_input_edit_text>
12-07 07:05:59.131 22064 22064 I ViewInteraction: Performing 'wait for a specific view with <view.getId() is <2131231291/ru.iteco.fmhandroid:id/save_button>> during 10000 millis.' action on view view.getRootView() to equal view
12-07 07:05:59.135 22064 22064 I ViewInteraction: Performing 'single click' action on view view.getId() is <2131231291/ru.iteco.fmhandroid:id/save_button>
12-07 07:05:59.196 22064 22506 I okhttp.OkHttpClient: --> POST http://www.981757-ca08998.tmweb.ru:8080/fmh/news
12-07 07:05:59.196 22064 22506 I okhttp.OkHttpClient: Content-Type: application/json; charset=UTF-8
12-07 07:05:59.196 22064 22506 I okhttp.OkHttpClient: Content-Length: 315
12-07 07:05:59.197 22064 22506 I okhttp.OkHttpClient: {"createDate":1670385959,"creatorId":2,"creatorName":"Иванов Данил Данилович","description":"Описание a1941619-defa-451b-814c-5d6c15b228b6","isOpen":false,"newsCategoryId":1,"publishDate":1669532340,"publishEnabled":true,"title":"Заголовок ac8fbab2-0b77-4a08-9b1b-cf3777fc1b59"}
12-07 07:05:59.197 22064 22506 I okhttp.OkHttpClient: --> END POST (315-byte body)
12-07 07:05:59.360 22064 22506 I okhttp.OkHttpClient: <-- 200 http://www.981757-ca08998.tmweb.ru:8080/fmh/news (162ms)
12-07 07:05:59.360 22064 22506 I okhttp.OkHttpClient: Vary: Origin
12-07 07:05:59.360 22064 22506 I okhttp.OkHttpClient: Vary: Access-Control-Request-Method
12-07 07:05:59.360 22064 22506 I okhttp.OkHttpClient: Vary: Access-Control-Request-Headers
12-07 07:05:59.360 22064 22506 I okhttp.OkHttpClient: X-Content-Type-Options: nosniff
12-07 07:05:59.360 22064 22506 I okhttp.OkHttpClient: X-XSS-Protection: 1; mode=block
12-07 07:05:59.360 22064 22506 I okhttp.OkHttpClient: Cache-Control: no-cache, no-store, max-age=0, must-revalidate
12-07 07:05:59.360 22064 22506 I okhttp.OkHttpClient: Pragma: no-cache
12-07 07:05:59.360 22064 22506 I okhttp.OkHttpClient: Expires: 0
12-07 07:05:59.360 22064 22506 I okhttp.OkHttpClient: X-Frame-Options: DENY
12-07 07:05:59.360 22064 22506 I okhttp.OkHttpClient: Content-Type: application/json
12-07 07:05:59.360 22064 22506 I okhttp.OkHttpClient: Transfer-Encoding: chunked
12-07 07:05:59.361 22064 22506 I okhttp.OkHttpClient: Date: Wed, 07 Dec 2022 07:06:01 GMT
12-07 07:05:59.361 22064 22506 I okhttp.OkHttpClient: Keep-Alive: timeout=60
12-07 07:05:59.361 22064 22506 I okhttp.OkHttpClient: Connection: keep-alive
12-07 07:05:59.361 22064 22506 I okhttp.OkHttpClient: {"id":4414,"newsCategoryId":1,"title":"Заголовок ac8fbab2-0b77-4a08-9b1b-cf3777fc1b59","description":"Описание a1941619-defa-451b-814c-5d6c15b228b6","creatorId":2,"createDate":1670385959,"publishDate":1669532340,"publishEnabled":true,"creatorName":"Иванов Данил Данилович"}
12-07 07:05:59.361 22064 22506 I okhttp.OkHttpClient: <-- END HTTP (310-byte body)
12-07 07:05:59.509 22064 22064 I ViewInteraction: Performing 'wait for a specific view with <view.getId() is <2131230850/ru.iteco.fmhandroid:id/add_news_image_view>> during 10000 millis.' action on view view.getRootView() to equal view
12-07 07:05:59.514 22064 22064 I ViewInteraction: Performing 'single click' action on view view.getId() is <2131230850/ru.iteco.fmhandroid:id/add_news_image_view>
12-07 07:05:59.866 22064 22064 I ViewInteraction: Performing 'wait for a specific view with <view.getId() is <2131231204/ru.iteco.fmhandroid:id/news_item_category_text_auto_complete_text_view>> during 10000 millis.' action on view view.getRootView() to equal view
12-07 07:05:59.869 22064 22064 I ViewInteraction: Performing 'single click' action on view view.getId() is <2131231204/ru.iteco.fmhandroid:id/news_item_category_text_auto_complete_text_view>
12-07 07:05:59.962  1776  1776 D gralloc_ranchu: gralloc_alloc: Creating ashmem region of size 5308416
12-07 07:05:59.966  1776  1776 I chatty  : uid=1000(system) allocator@2.0-s identical 1 line
12-07 07:05:59.967  1776  1776 D gralloc_ranchu: gralloc_alloc: Creating ashmem region of size 5308416
12-07 07:05:59.971 22064 22155 D EGL_emulation: eglMakeCurrent: 0xe593dde0: ver 2 0 (tinfo 0xf0c9e670)
12-07 07:05:59.993 22064 22064 I AssistStructure: Flattened final assist data: 7432 bytes, containing 2 windows, 55 views
12-07 07:06:00.000  2018  7051 D AutofillSession: Starting partition or augmented request for view id 1073741946@826429647: STARTED_SESSION
12-07 07:06:00.004  2656  2656 W ktk     : Pending fill request while another request in the same session was triggered. [CONTEXT service_id=177 ]
12-07 07:06:00.005  2170  2170 D KeyguardClockSwitch: Updating clock: 706
12-07 07:06:00.016 22064 22155 D EGL_emulation: eglMakeCurrent: 0xe593dde0: ver 2 0 (tinfo 0xf0c9e670)
12-07 07:06:00.025 22064 22064 I AssistStructure: Flattened final assist data: 7432 bytes, containing 2 windows, 55 views
12-07 07:06:00.026  2018  2051 D AutofillUI: destroySaveUiUiThread(): already destroyed
12-07 07:06:00.028  2170  2566 D EGL_emulation: eglMakeCurrent: 0xe594e040: ver 2 0 (tinfo 0xc52450c0)
12-07 07:06:00.034 22064 22155 D EGL_emulation: eglMakeCurrent: 0xe593dde0: ver 2 0 (tinfo 0xf0c9e670)
12-07 07:06:00.042 22064 22155 D EGL_emulation: eglMakeCurrent: 0xe593dde0: ver 2 0 (tinfo 0xf0c9e670)
12-07 07:06:00.046  2537  2537 I KeyboardViewUtil: systemKeyboardHeightRatio:1.000000; userKeyboardHeightRatio:1.000000.
12-07 07:06:00.047  2537  2537 I AndroidIME: LatinIme.onActivate() : EditorInfo = Package = ru.iteco.fmhandroid : Type = Text : Learning = Disable : Suggestion = Show : AutoCorrection = Disable : Microphone = Show : NoPersonalizedLearning = Disable
12-07 07:06:00.054  2537  2537 I Conv2QueryExtension: Current locale: en_US, config allows these locales: de,en,es,fr,it,ms,pt,ta
12-07 07:06:00.054  2537  2537 I Conv2QueryExtension: Conv2Query not enabled due to current app [ru.iteco.fmhandroid] not in whitelist
12-07 07:06:00.054  2537  2537 I Conv2QueryExtension: onActivate() : Disabled by unsupported host app
12-07 07:06:00.065  2170  2566 D EGL_emulation: eglMakeCurrent: 0xe594e040: ver 2 0 (tinfo 0xc52450c0)
12-07 07:06:00.069  1776  1776 D gralloc_ranchu: gralloc_alloc: Creating ashmem region of size 9826304
12-07 07:06:00.073  1776  1776 D gralloc_ranchu: gralloc_alloc: Creating ashmem region of size 9826304
12-07 07:06:00.075  2537  8546 D EGL_emulation: eglMakeCurrent: 0xc286ce00: ver 2 0 (tinfo 0xc335ede0)
12-07 07:06:00.091  1776  1776 D gralloc_ranchu: gralloc_alloc: Creating ashmem region of size 9826304
12-07 07:06:00.124  1776  1776 D gralloc_ranchu: gralloc_alloc: Creating ashmem region of size 4198400
12-07 07:06:00.132 22064 22155 D EGL_emulation: eglMakeCurrent: 0xe593dde0: ver 2 0 (tinfo 0xf0c9e670)
12-07 07:06:00.145  1776  1776 D gralloc_ranchu: gralloc_alloc: Creating ashmem region of size 4198400
12-07 07:06:00.147 22064 22155 D EGL_emulation: eglMakeCurrent: 0xe593dde0: ver 2 0 (tinfo 0xf0c9e670)
12-07 07:06:00.158 22064 22155 D EGL_emulation: eglMakeCurrent: 0xe593dde0: ver 2 0 (tinfo 0xf0c9e670)
12-07 07:06:00.176  1776  1776 D gralloc_ranchu: gralloc_alloc: Creating ashmem region of size 4198400
12-07 07:06:00.268 22064 22064 I ViewInteraction: Performing 'close keyboard' action on view view.getRootView() to equal view
12-07 07:06:00.272  2537  2537 I PhenotypeExpConfig: refreshConfiguration() : Force = false : UpdateAvailable = false : Age = 116 minutes : MaxAge = 720 minutes
