12-08 10:35:47.342 11395 11501 I okhttp.OkHttpClient: --> END GET
12-08 10:35:47.487 11395 11501 I okhttp.OkHttpClient: <-- 200 http://www.981757-ca08998.tmweb.ru:8080/fmh/authentication/userInfo (144ms)
12-08 10:35:47.487 11395 11501 I okhttp.OkHttpClient: Vary: Origin
12-08 10:35:47.488 11395 11501 I okhttp.OkHttpClient: Vary: Access-Control-Request-Method
12-08 10:35:47.488 11395 11501 I okhttp.OkHttpClient: Vary: Access-Control-Request-Headers
12-08 10:35:47.488 11395 11501 I okhttp.OkHttpClient: X-Content-Type-Options: nosniff
12-08 10:35:47.488 11395 11501 I okhttp.OkHttpClient: X-XSS-Protection: 1; mode=block
12-08 10:35:47.488 11395 11501 I okhttp.OkHttpClient: Cache-Control: no-cache, no-store, max-age=0, must-revalidate
12-08 10:35:47.488 11395 11501 I okhttp.OkHttpClient: Pragma: no-cache
12-08 10:35:47.488 11395 11501 I okhttp.OkHttpClient: Expires: 0
12-08 10:35:47.488 11395 11501 I okhttp.OkHttpClient: X-Frame-Options: DENY
12-08 10:35:47.488 11395 11501 I okhttp.OkHttpClient: Content-Type: application/json
12-08 10:35:47.488 11395 11501 I okhttp.OkHttpClient: Transfer-Encoding: chunked
12-08 10:35:47.488 11395 11501 I okhttp.OkHttpClient: Date: Thu, 08 Dec 2022 10:36:32 GMT
12-08 10:35:47.488 11395 11501 I okhttp.OkHttpClient: Keep-Alive: timeout=60
12-08 10:35:47.489 11395 11501 I okhttp.OkHttpClient: Connection: keep-alive
12-08 10:35:47.489 11395 11501 I okhttp.OkHttpClient: {"id":2,"firstName":"Данил","lastName":"Иванов","middleName":"Данилович","admin":true}
12-08 10:35:47.489 11395 11501 I okhttp.OkHttpClient: <-- END HTTP (106-byte body)
12-08 10:35:47.498 11395 11521 I okhttp.OkHttpClient: --> GET http://www.981757-ca08998.tmweb.ru:8080/fmh/claims
12-08 10:35:47.498 11395 11521 I okhttp.OkHttpClient: --> END GET
12-08 10:35:47.501  1744 11669 E ResolverController: No valid NAT64 prefix (106, <unspecified>/0)
12-08 10:35:47.597 11395 11395 I ViewInteraction: Checking 'MatchesViewAssertion{viewMatcher=(view has effective visibility <VISIBLE> and view.getGlobalVisibleRect() to return non-empty rectangle)}' assertion on view an instance of android.widget.TextView and view.getText() with or without transformation to match: is "News"
12-08 10:35:47.605 11395 11395 I ViewInteraction: Performing 'wait for a specific view with <view.getId() is <2131230951>> during 10000 millis.' action on view view.getRootView() to equal view
12-08 10:35:47.609 11395 11395 I ViewInteraction: Checking 'MatchesViewAssertion{viewMatcher=(view has effective visibility <VISIBLE> and view.getGlobalVisibleRect() to return non-empty rectangle)}' assertion on view view.getId() is <2131230951/ru.iteco.fmhandroid:id/container_list_news_include_on_fragment_main>
12-08 10:35:47.612 11395 11395 I ViewInteraction: Performing 'wait for a specific view with <view.getId() is <2131230949>> during 10000 millis.' action on view view.getRootView() to equal view
12-08 10:35:47.620 11395 11395 I ViewInteraction: Checking 'MatchesViewAssertion{viewMatcher=(view has effective visibility <VISIBLE> and view.getGlobalVisibleRect() to return non-empty rectangle)}' assertion on view view.getId() is <2131230949/ru.iteco.fmhandroid:id/container_list_claim_include_on_fragment_main>
12-08 10:35:47.836 11395 11395 I ViewInteraction: Performing 'wait for a specific view with <an instance of android.widget.TextView and view.getText() with or without transformation to match: is "Claims"> during 10000 millis.' action on view view.getRootView() to equal view
12-08 10:35:47.844 11395 11395 I ViewInteraction: Checking 'MatchesViewAssertion{viewMatcher=(view has effective visibility <VISIBLE> and view.getGlobalVisibleRect() to return non-empty rectangle)}' assertion on view an instance of android.widget.TextView and view.getText() with or without transformation to match: is "Claims"
12-08 10:35:47.849 11395 11395 I ViewInteraction: Performing 'wait for a specific view with <view.getId() is <2131231123/ru.iteco.fmhandroid:id/main_menu_image_button>> during 10000 millis.' action on view view.getRootView() to equal view
12-08 10:35:47.853 11395 11395 I ViewInteraction: Performing 'single click' action on view view.getId() is <2131231123/ru.iteco.fmhandroid:id/main_menu_image_button>
12-08 10:35:47.958  1776  1825 D gralloc_ranchu: gralloc_alloc: Creating ashmem region of size 2015232
12-08 10:35:47.968  1776  1825 I chatty  : uid=1000(system) HwBinder:1776_1 identical 1 line
12-08 10:35:47.969  1776  1825 D gralloc_ranchu: gralloc_alloc: Creating ashmem region of size 2015232
12-08 10:35:47.988 11395 11489 D EGL_emulation: eglMakeCurrent: 0xdd81af60: ver 2 0 (tinfo 0xc30989a0)
12-08 10:35:48.052 11395 11489 I chatty  : uid=10146(ru.iteco.fmhandroid) RenderThread identical 3 lines
12-08 10:35:48.068 11395 11489 D EGL_emulation: eglMakeCurrent: 0xdd81af60: ver 2 0 (tinfo 0xc30989a0)
12-08 10:35:48.296 11395 11395 I ViewInteraction: Performing 'wait for a specific view with <an instance of android.widget.TextView and view.getText() with or without transformation to match: is "Claims"> during 10000 millis.' action on view view.getRootView() to equal view
12-08 10:35:48.300 11395 11395 I ViewInteraction: Performing 'single click' action on view an instance of android.widget.TextView and view.getText() with or without transformation to match: is "Claims"
12-08 10:35:48.455 11395 11523 I okhttp.OkHttpClient: --> GET http://www.981757-ca08998.tmweb.ru:8080/fmh/claims
12-08 10:35:48.456 11395 11523 I okhttp.OkHttpClient: --> END GET
12-08 10:35:48.502 11395 11489 D EGL_emulation: eglMakeCurrent: 0xdd81af60: ver 2 0 (tinfo 0xc30989a0)
12-08 10:35:48.524 11395 11489 D EGL_emulation: eglMakeCurrent: 0xdd81af60: ver 2 0 (tinfo 0xc30989a0)
12-08 10:35:48.682 11395 11395 I ViewInteraction: Performing 'wait for a specific view with <view.getId() is <2131230849/ru.iteco.fmhandroid:id/add_new_claim_material_button>> during 10000 millis.' action on view view.getRootView() to equal view
12-08 10:35:48.687 11395 11395 I ViewInteraction: Performing 'single click' action on view view.getId() is <2131230849/ru.iteco.fmhandroid:id/add_new_claim_material_button>
12-08 10:35:48.770 11395 11501 I okhttp.OkHttpClient: --> GET http://www.981757-ca08998.tmweb.ru:8080/fmh/users
12-08 10:35:48.770 11395 11501 I okhttp.OkHttpClient: --> END GET
12-08 10:35:48.923 11395 11501 I okhttp.OkHttpClient: <-- 200 http://www.981757-ca08998.tmweb.ru:8080/fmh/users (152ms)
12-08 10:35:48.923 11395 11501 I okhttp.OkHttpClient: Vary: Origin
12-08 10:35:48.923 11395 11501 I okhttp.OkHttpClient: Vary: Access-Control-Request-Method
12-08 10:35:48.923 11395 11501 I okhttp.OkHttpClient: Vary: Access-Control-Request-Headers
12-08 10:35:48.923 11395 11501 I okhttp.OkHttpClient: X-Content-Type-Options: nosniff
12-08 10:35:48.923 11395 11501 I okhttp.OkHttpClient: X-XSS-Protection: 1; mode=block
12-08 10:35:48.924 11395 11501 I okhttp.OkHttpClient: Cache-Control: no-cache, no-store, max-age=0, must-revalidate
12-08 10:35:48.924 11395 11501 I okhttp.OkHttpClient: Pragma: no-cache
12-08 10:35:48.924 11395 11501 I okhttp.OkHttpClient: Expires: 0
12-08 10:35:48.924 11395 11501 I okhttp.OkHttpClient: X-Frame-Options: DENY
12-08 10:35:48.924 11395 11501 I okhttp.OkHttpClient: Content-Type: application/json
12-08 10:35:48.924 11395 11501 I okhttp.OkHttpClient: Transfer-Encoding: chunked
12-08 10:35:48.924 11395 11501 I okhttp.OkHttpClient: Date: Thu, 08 Dec 2022 10:36:34 GMT
12-08 10:35:48.924 11395 11501 I okhttp.OkHttpClient: Keep-Alive: timeout=60
12-08 10:35:48.924 11395 11501 I okhttp.OkHttpClient: Connection: keep-alive
12-08 10:35:48.925 11395 11501 I okhttp.OkHttpClient: [{"id":1,"firstName":"Петр","lastName":"Смирнов","middleName":"Петрович","admin":true},{"id":2,"firstName":"Данил","lastName":"Иванов","middleName":"Данилович","admin":true},{"id":3,"firstName":"Егор","lastName":"Петров","middleName":"Егорович","admin":false},{"id":4,"firstName":"Дмитрий","lastName":"Сидоров","middleName":"Дмитриевич","admin":false},{"id":5,"firstName":"Тест","lastName":"Тестов","middleName":"Тестович","admin":true},{"id":6,"firstName":"Diplom","lastName":"Netology","middleName":"QAMID","admin":true}]
12-08 10:35:48.925 11395 11501 I okhttp.OkHttpClient: <-- END HTTP (622-byte body)
12-08 10:35:49.175 11395 11395 I ViewInteraction: Performing 'wait for a specific view with <view.getId() is <2131231041/ru.iteco.fmhandroid:id/executor_drop_menu_auto_complete_text_view>> during 10000 millis.' action on view view.getRootView() to equal view
12-08 10:35:49.179 11395 11395 I ViewInteraction: Performing 'single click' action on view view.getId() is <2131231041/ru.iteco.fmhandroid:id/executor_drop_menu_auto_complete_text_view>
12-08 10:35:49.293  1776  1825 D gralloc_ranchu: gralloc_alloc: Creating ashmem region of size 4116480
12-08 10:35:49.302  1776  1825 I chatty  : uid=1000(system) HwBinder:1776_1 identical 1 line
12-08 10:35:49.305  1776  1825 D gralloc_ranchu: gralloc_alloc: Creating ashmem region of size 4116480
12-08 10:35:49.313 11395 11489 D EGL_emulation: eglMakeCurrent: 0xdd81af60: ver 2 0 (tinfo 0xc30989a0)
12-08 10:35:49.347 11395 11395 I AssistStructure: Flattened final assist data: 6984 bytes, containing 2 windows, 53 views
12-08 10:35:49.358  2018  2358 D AutofillSession: Starting partition or augmented request for view id 1073741827@466454905: STARTED_SESSION
12-08 10:35:49.362  2018  2018 D AutofillSession: cancelCurrentRequest(): id = 698
12-08 10:35:49.376 11395 11489 D EGL_emulation: eglMakeCurrent: 0xdd81af60: ver 2 0 (tinfo 0xc30989a0)
12-08 10:35:49.387 11395 11395 I AssistStructure: Flattened final assist data: 6984 bytes, containing 2 windows, 53 views
12-08 10:35:49.398  2656  2656 W ktk     : Pending fill request while another request in the same session was triggered. [CONTEXT service_id=177 ]
12-08 10:35:49.411 11395 11489 D EGL_emulation: eglMakeCurrent: 0xdd81af60: ver 2 0 (tinfo 0xc30989a0)
12-08 10:35:49.416  2537  2537 I KeyboardViewUtil: systemKeyboardHeightRatio:1.000000; userKeyboardHeightRatio:1.000000.
12-08 10:35:49.417  2537  2537 I AndroidIME: LatinIme.onActivate() : EditorInfo = Package = ru.iteco.fmhandroid : Type = Text : Learning = Disable : Suggestion = Show : AutoCorrection = Disable : Microphone = Show : NoPersonalizedLearning = Disable
12-08 10:35:49.438  2537  2537 I Conv2QueryExtension: Current locale: en_US, config allows these locales: de,en,es,fr,it,ms,pt,ta
12-08 10:35:49.438  2537  2537 I Conv2QueryExtension: Conv2Query not enabled due to current app [ru.iteco.fmhandroid] not in whitelist
12-08 10:35:49.438  2537  2537 I Conv2QueryExtension: onActivate() : Disabled by unsupported host app
12-08 10:35:49.439  2018  2051 D AutofillUI: destroySaveUiUiThread(): already destroyed
12-08 10:35:49.467  2170  2566 D EGL_emulation: eglMakeCurrent: 0xe594e040: ver 2 0 (tinfo 0xc52450c0)
12-08 10:35:49.476  1776  1825 D gralloc_ranchu: gralloc_alloc: Creating ashmem region of size 9826304
12-08 10:35:49.490  1776  1825 I chatty  : uid=1000(system) HwBinder:1776_1 identical 1 line
12-08 10:35:49.495  1776  1825 D gralloc_ranchu: gralloc_alloc: Creating ashmem region of size 9826304
12-08 10:35:49.498  2537  8546 D EGL_emulation: eglMakeCurrent: 0xc286ce00: ver 2 0 (tinfo 0xc335ede0)
12-08 10:35:49.538 11395 11489 D EGL_emulation: eglMakeCurrent: 0xdd81af60: ver 2 0 (tinfo 0xc30989a0)
12-08 10:35:49.586  1776  1825 D gralloc_ranchu: gralloc_alloc: Creating ashmem region of size 3072000
12-08 10:35:49.610 11395 11489 D EGL_emulation: eglMakeCurrent: 0xdd81af60: ver 2 0 (tinfo 0xc30989a0)
12-08 10:35:49.628  1776  1825 D gralloc_ranchu: gralloc_alloc: Creating ashmem region of size 3072000
12-08 10:35:49.637 11395 11489 D EGL_emulation: eglMakeCurrent: 0xdd81af60: ver 2 0 (tinfo 0xc30989a0)
12-08 10:35:49.653 11395 11489 D EGL_emulation: eglMakeCurrent: 0xdd81af60: ver 2 0 (tinfo 0xc30989a0)
12-08 10:35:49.663  1776  1825 D gralloc_ranchu: gralloc_alloc: Creating ashmem region of size 3072000
12-08 10:35:49.735 11395 11489 D EGL_emulation: eglMakeCurrent: 0xdd81af60: ver 2 0 (tinfo 0xc30989a0)
12-08 10:35:49.748 11395 11395 I ViewInteraction: Performing 'close keyboard' action on view view.getRootView() to equal view
12-08 10:35:49.755  2537  2537 I PhenotypeExpConfig: refreshConfiguration() : Force = false : UpdateAvailable = false : Age = 83 minutes : MaxAge = 720 minutes
12-08 10:35:49.757  2537  2537 I AndroidIME: LatinIme.onDeactivate()
12-08 10:35:49.776  2537  8546 D EGL_emulation: eglMakeCurrent: 0xc286ce00: ver 2 0 (tinfo 0xc335ede0)
12-08 10:35:49.868  1776  1825 D gralloc_ranchu: gralloc_alloc: Creating ashmem region of size 4116480
12-08 10:35:49.879 11395 11489 D EGL_emulation: eglMakeCurrent: 0xdd81af60: ver 2 0 (tinfo 0xc30989a0)
12-08 10:35:49.902  1776  1825 D gralloc_ranchu: gralloc_alloc: Creating ashmem region of size 4116480
12-08 10:35:49.905 11395 11489 D EGL_emulation: eglMakeCurrent: 0xdd81af60: ver 2 0 (tinfo 0xc30989a0)
12-08 10:35:49.920 11395 11489 D EGL_emulation: eglMakeCurrent: 0xdd81af60: ver 2 0 (tinfo 0xc30989a0)
12-08 10:35:49.931  1776  1825 D gralloc_ranchu: gralloc_alloc: Creating ashmem region of size 4116480
12-08 10:35:50.066 11395 11395 I ViewInteraction: Performing 'single click' action on view an instance of android.widget.TextView and view.getText() with or without transformation to match: is "Иван��в Данил Данилович"
12-08 10:35:50.214 11395 11489 D EGL_emulation: eglMakeCurrent: 0xdd81af60: ver 2 0 (tinfo 0xc30989a0)
12-08 10:35:50.232  2018  2358 E InputDispatcher: Window handle Window{bbae440 u0 PopupWindow:ef32cb} has no registered input channel
12-08 10:35:50.244 11395 11489 D EGL_emulation: eglMakeCurrent: 0xdd81af60: ver 2 0 (tinfo 0xc30989a0)
12-08 10:35:50.336 11395 11395 I ViewInteraction: Performing 'wait for a specific view with <(view.getId() is <2131231402/ru.iteco.fmhandroid:id/title_edit_text> and view.getParent() view.getParent() view.getId() is <2131231406/ru.iteco.fmhandroid:id/title_text_input_layout>)> during 10000 millis.' action on view view.getRootView() to equal view
12-08 10:35:50.340 11395 11395 I ViewInteraction: Performing 'replace text(Заголовок 47592300-1c42-4635-b7ef-ab5b7aba856d)' action on view (view.getId() is <2131231402/ru.iteco.fmhandroid:id/title_edit_text> and view.getParent() view.getParent() view.getId() is <2131231406/ru.iteco.fmhandroid:id/title_text_input_layout>)
12-08 10:35:50.375 11395 11395 I ViewInteraction: Performing 'wait for a specific view with <view.getId() is <2131230975/ru.iteco.fmhandroid:id/date_in_plan_text_input_edit_text>> during 10000 millis.' action on view view.getRootView() to equal view
12-08 10:35:50.379 11395 11395 I ViewInteraction: Performing 'single click' action on view view.getId() is <2131230975/ru.iteco.fmhandroid:id/date_in_plan_text_input_edit_text>
12-08 10:35:50.540  1776  1825 D gralloc_ranchu: gralloc_alloc: Creating ashmem region of size 6778880
12-08 10:35:50.556  1776  1825 I chatty  : uid=1000(system) HwBinder:1776_1 identical 1 line
12-08 10:35:50.558  1776  1825 D gralloc_ranchu: gralloc_alloc: Creating ashmem region of size 6778880
12-08 10:35:50.567 11395 11489 D EGL_emulation: eglMakeCurrent: 0xdd81af60: ver 2 0 (tinfo 0xc30989a0)
12-08 10:35:50.835 11395 11489 I chatty  : uid=10146(ru.iteco.fmhandroid) RenderThread identical 10 lines
12-08 10:35:50.845 11395 11489 D EGL_emulation: eglMakeCurrent: 0xdd81af60: ver 2 0 (tinfo 0xc30989a0)
12-08 10:35:51.226 11395 11395 I ViewInteraction: Performing 'wait for a specific view with <is assignable from class <class android.widget.DatePicker>> during 10000 millis.' action on view view.getRootView() to equal view
12-08 10:35:51.231 11395 11395 I ViewInteraction: Checking 'MatchesViewAssertion{viewMatcher=(view has effective visibility <VISIBLE> and view.getGlobalVisibleRect() to return non-empty rectangle)}' assertion on view is assignable from class <class android.widget.DatePicker>
12-08 10:35:51.234 11395 11395 I ViewInteraction: Performing 'wait for a specific view with <is assignable from class <class android.widget.DatePicker>> during 10000 millis.' action on view view.getRootView() to equal view
12-08 10:35:51.237 11395 11395 I ViewInteraction: Performing 'set date' action on view is assignable from class <class android.widget.DatePicker>
12-08 10:35:51.251 11395 11489 D EGL_emulation: eglMakeCurrent: 0xdd81af60: ver 2 0 (tinfo 0xc30989a0)
12-08 10:35:51.266 11395 11395 I ViewInteraction: Performing 'wait for a specific view with <view.getId() is <16908313/android:id/button1>> during 10000 millis.' action on view view.getRootView() to equal view
12-08 10:35:51.273 11395 11395 I ViewInteraction: Performing 'single click' action on view view.getId() is <16908313/android:id/button1>
12-08 10:35:51.355 11395 11489 D EGL_emulation: eglMakeCurrent: 0xdd81af60: ver 2 0 (tinfo 0xc30989a0)
12-08 10:35:51.364  2018  3061 E InputDispatcher: Window handle Window{8a4a9ef u0 ru.iteco.fmhandroid/ru.iteco.fmhandroid.ui.AppActivity} has no registered input channel
12-08 10:35:51.381 11395 11489 D EGL_emulation: eglMakeCurrent: 0xdd81af60: ver 2 0 (tinfo 0xc30989a0)
12-08 10:35:51.496 11395 11521 I okhttp.OkHttpClient: <-- 200 http://www.981757-ca08998.tmweb.ru:8080/fmh/claims (3997ms)
12-08 10:35:51.496 11395 11521 I okhttp.OkHttpClient: Vary: Origin
12-08 10:35:51.496 11395 11521 I okhttp.OkHttpClient: Vary: Access-Control-Request-Method
12-08 10:35:51.496 11395 11521 I okhttp.OkHttpClient: Vary: Access-Control-Request-Headers
12-08 10:35:51.496 11395 11521 I okhttp.OkHttpClient: X-Content-Type-Options: nosniff
12-08 10:35:51.496 11395 11521 I okhttp.OkHttpClient: X-XSS-Protection: 1; mode=block
12-08 10:35:51.496 11395 11521 I okhttp.OkHttpClient: Cache-Control: no-cache, no-store, max-age=0, must-revalidate
12-08 10:35:51.497 11395 11521 I okhttp.OkHttpClient: Pragma: no-cache
12-08 10:35:51.497 11395 11521 I okhttp.OkHttpClient: Expires: 0
12-08 10:35:51.497 11395 11521 I okhttp.OkHttpClient: X-Frame-Options: DENY
12-08 10:35:51.497 11395 11521 I okhttp.OkHttpClient: Content-Type: application/json
12-08 10:35:51.497 11395 11521 I okhttp.OkHttpClient: Transfer-Encoding: chunked
12-08 10:35:51.497 11395 11521 I okhttp.OkHttpClient: Date: Thu, 08 Dec 2022 10:36:36 GMT
12-08 10:35:51.497 11395 11521 I okhttp.OkHttpClient: Keep-Alive: timeout=60
12-08 10:35:51.498 11395 11521 I okhttp.OkHttpClient: Connection: keep-alive
12-08 10:35:51.647 11395 11395 I ViewInteraction: Performing 'wait for a specific view with <(an instance of android.widget.TextView and view.getHint() matching: is "Time" and view.getParent() view.getParent() view.getId() is <2131231399/ru.iteco.fmhandroid:id/time_in_plan_text_input_layout>)> during 10000 millis.' action on view view.getRootView() to equal view
12-08 10:35:51.652 11395 11395 I ViewInteraction: Performing 'single click' action on view (an instance of android.widget.TextView and view.getHint() matching: is "Time" and view.getParent() view.getParent() view.getId() is <2131231399/ru.iteco.fmhandroid:id/time_in_plan_text_input_layout>)
12-08 10:35:51.807  1776  1825 D gralloc_ranchu: gralloc_alloc: Creating ashmem region of size 5718016
12-08 10:35:51.821  1776  1825 I chatty  : uid=1000(system) HwBinder:1776_1 identical 1 line
12-08 10:35:51.822  1776  1825 D gralloc_ranchu: gralloc_alloc: Creating ashmem region of size 5718016
12-08 10:35:51.833 11395 11489 D EGL_emulation: eglMakeCurrent: 0xdd81af60: ver 2 0 (tinfo 0xc30989a0)
12-08 10:35:51.902 11395 11489 I chatty  : uid=10146(ru.iteco.fmhandroid) RenderThread identical 2 lines
12-08 10:35:51.930 11395 11489 D EGL_emulation: eglMakeCurrent: 0xdd81af60: ver 2 0 (tinfo 0xc30989a0)
12-08 10:35:52.165 11395 11395 I ViewInteraction: Performing 'wait for a specific view with <is assignable from class <class android.widget.TimePicker>> during 10000 millis.' action on view view.getRootView() to equal view
12-08 10:35:52.169 11395 11395 I ViewInteraction: Checking 'MatchesViewAssertion{viewMatcher=(view has effective visibility <VISIBLE> and view.getGlobalVisibleRect() to return non-empty rectangle)}' assertion on view is assignable from class <class android.widget.TimePicker>
12-08 10:35:52.174 11395 11395 I ViewInteraction: Performing 'wait for a specific view with <is assignable from class <class android.widget.TimePicker>> during 10000 millis.' action on view view.getRootView() to equal view
12-08 10:35:52.175 11395 11523 I okhttp.OkHttpClient: <-- 200 http://www.981757-ca08998.tmweb.ru:8080/fmh/claims (3718ms)
12-08 10:35:52.175 11395 11523 I okhttp.OkHttpClient: Vary: Origin
12-08 10:35:52.175 11395 11523 I okhttp.OkHttpClient: Vary: Access-Control-Request-Method
12-08 10:35:52.175 11395 11523 I okhttp.OkHttpClient: Vary: Access-Control-Request-Headers
12-08 10:35:52.175 11395 11523 I okhttp.OkHttpClient: X-Content-Type-Options: nosniff
12-08 10:35:52.175 11395 11523 I okhttp.OkHttpClient: X-XSS-Protection: 1; mode=block
12-08 10:35:52.175 11395 11523 I okhttp.OkHttpClient: Cache-Control: no-cache, no-store, max-age=0, must-revalidate
12-08 10:35:52.175 11395 11523 I okhttp.OkHttpClient: Pragma: no-cache
12-08 10:35:52.176 11395 11523 I okhttp.OkHttpClient: Expires: 0
12-08 10:35:52.176 11395 11523 I okhttp.OkHttpClient: X-Frame-Options: DENY
12-08 10:35:52.176 11395 11523 I okhttp.OkHttpClient: Content-Type: application/json
12-08 10:35:52.176 11395 11523 I okhttp.OkHttpClient: Transfer-Encoding: chunked
12-08 10:35:52.176 11395 11523 I okhttp.OkHttpClient: Date: Thu, 08 Dec 2022 10:36:36 GMT
12-08 10:35:52.176 11395 11523 I okhttp.OkHttpClient: Keep-Alive: timeout=60
12-08 10:35:52.176 11395 11523 I okhttp.OkHttpClient: Connection: keep-alive
12-08 10:35:52.179 11395 11395 I ViewInteraction: Performing 'set time' action on view is assignable from class <class android.widget.TimePicker>
12-08 10:35:52.183 11395 11395 I ViewInteraction: Performing 'wait for a specific view with <view.getId() is <16908313/android:id/button1>> during 10000 millis.' action on view view.getRootView() to equal view
12-08 10:35:52.189 11395 11395 I ViewInteraction: Performing 'single click' action on view view.getId() is <16908313/android:id/button1>
12-08 10:35:52.253 11395 11489 D EGL_emulation: eglMakeCurrent: 0xdd81af60: ver 2 0 (tinfo 0xc30989a0)
12-08 10:35:52.277 11395 11489 D EGL_emulation: eglMakeCurrent: 0xdd81af60: ver 2 0 (tinfo 0xc30989a0)
12-08 10:35:52.282  2018  2358 E InputDispatcher: Window handle Window{e0f658a u0 ru.iteco.fmhandroid/ru.iteco.fmhandroid.ui.AppActivity} has no registered input channel
12-08 10:35:52.299  2018  5644 E InputDispatcher: Window handle Window{e0f658a u0 ru.iteco.fmhandroid/ru.iteco.fmhandroid.ui.AppActivity} has no registered input channel
12-08 10:35:52.308 11395 11489 D EGL_emulation: eglMakeCurrent: 0xdd81af60: ver 2 0 (tinfo 0xc30989a0)
12-08 10:35:52.580 11395 11395 I ViewInteraction: Performing 'wait for a specific view with <(an instance of android.widget.TextView and view.getHint() matching: is "Description" and view.getParent() view.getParent() view.getId() is <2131230988/ru.iteco.fmhandroid:id/description_text_input_layout>)> during 10000 millis.' action on view view.getRootView() to equal view
12-08 10:35:52.584 11395 11395 I ViewInteraction: Performing 'replace text(Описание b7543095-7e43-48e1-8ffe-71a2c58a2fe1)' action on view (an instance of android.widget.TextView and view.getHint() matching: is "Description" and view.getParent() view.getParent() view.getId() is <2131230988/ru.iteco.fmhandroid:id/description_text_input_layout>)
12-08 10:35:52.620 11395 11395 I ViewInteraction: Performing 'wait for a specific view with <view.getId() is <2131231291/ru.iteco.fmhandroid:id/save_button>> during 10000 millis.' action on view view.getRootView() to equal view
12-08 10:35:52.626 11395 11395 I ViewInteraction: Performing 'single click' action on view view.getId() is <2131231291/ru.iteco.fmhandroid:id/save_button>
12-08 10:35:52.690 11395 11528 I okhttp.OkHttpClient: --> POST http://www.981757-ca08998.tmweb.ru:8080/fmh/claims
12-08 10:35:52.691 11395 11528 I okhttp.OkHttpClient: Content-Type: application/json; charset=UTF-8
12-08 10:35:52.691 11395 11528 I okhttp.OkHttpClient: Content-Length: 294
12-08 10:35:52.691 11395 11528 I okhttp.OkHttpClient: {"createDate":1670495752,"creatorId":2,"creatorName":"Иванов Данил Данилович","description":"Описание b7543095-7e43-48e1-8ffe-71a2c58a2fe1","executorId":2,"planExecuteDate":1670495700,"status":"OPEN","title":"Заголовок 47592300-1c42-4635-b7ef-ab5b7aba856d"}
12-08 10:35:52.691 11395 11528 I okhttp.OkHttpClient: --> END POST (294-byte body)
12-08 10:35:52.697  1744 11671 E ResolverController: No valid NAT64 prefix (106, <unspecified>/0)
12-08 10:35:52.922 11395 11395 I ViewInteraction: Performing 'wait for a specific view with <view.getId() is <2131230916/ru.iteco.fmhandroid:id/claim_list_recycler_view>> during 10000 millis.' action on view view.getRootView() to equal view
12-08 10:35:53.120 11395 11528 I okhttp.OkHttpClient: <-- 200 http://www.981757-ca08998.tmweb.ru:8080/fmh/claims (429ms)
12-08 10:35:53.121 11395 11528 I okhttp.OkHttpClient: Vary: Origin
12-08 10:35:53.121 11395 11528 I okhttp.OkHttpClient: Vary: Access-Control-Request-Method
12-08 10:35:53.121 11395 11528 I okhttp.OkHttpClient: Vary: Access-Control-Request-Headers
12-08 10:35:53.121 11395 11528 I okhttp.OkHttpClient: X-Content-Type-Options: nosniff
12-08 10:35:53.121 11395 11528 I okhttp.OkHttpClient: X-XSS-Protection: 1; mode=block
12-08 10:35:53.121 11395 11528 I okhttp.OkHttpClient: Cache-Control: no-cache, no-store, max-age=0, must-revalidate
12-08 10:35:53.121 11395 11528 I okhttp.OkHttpClient: Pragma: no-cache
12-08 10:35:53.121 11395 11528 I okhttp.OkHttpClient: Expires: 0
12-08 10:35:53.122 11395 11528 I okhttp.OkHttpClient: X-Frame-Options: DENY
12-08 10:35:53.122 11395 11528 I okhttp.OkHttpClient: Content-Type: application/json
12-08 10:35:53.122 11395 11528 I okhttp.OkHttpClient: Transfer-Encoding: chunked
12-08 10:35:53.122 11395 11528 I okhttp.OkHttpClient: Date: Thu, 08 Dec 2022 10:36:38 GMT
12-08 10:35:53.122 11395 11528 I okhttp.OkHttpClient: Keep-Alive: timeout=60
12-08 10:35:53.122 11395 11528 I okhttp.OkHttpClient: Connection: keep-alive
12-08 10:35:54.041 11395 11528 I okhttp.OkHttpClient: {"id":2730,"title":"Заголовок 47592300-1c42-4635-b7ef-ab5b7aba856d","description":"Описание b7543095-7e43-48e1-8ffe-71a2c58a2fe1","creatorId":2,"executorId":2,"createDate":1670495752,"planExecuteDate":1670495700,"factExecuteDate":null,"status":"IN_PROGRESS","creatorName":"Иванов Данил Данилович","executorName":"Иванов Данил Данилович"}
12-08 10:35:54.041 11395 11528 I okhttp.OkHttpClient: <-- END HTTP (394-byte body)
12-08 10:35:54.157 11395 11395 I ViewInteraction: Checking 'MatchesViewAssertion{viewMatcher=(view has effective visibility <VISIBLE> and view.getGlobalVisibleRect() to return non-empty rectangle)}' assertion on view view.getId() is <2131230916/ru.iteco.fmhandroid:id/claim_list_recycler_view>
12-08 10:35:54.160 11395 11395 I ViewInteraction: Performing 'scroll RecyclerView to: holder with view: (view is an instance of android.view.ViewGroup and has descendant matching an instance of android.widget.TextView and view.getText() with or without transformation to match: is "Заголовок 47592300-1c42-4635-b7ef-ab5b7aba856d")' action on view view.getId() is <2131230916/ru.iteco.fmhandroid:id/claim_list_recycler_view>
12-08 10:35:54.163 11395 11395 D takeScreenshot: Found 1 global views to redraw
12-08 10:35:54.218  1776  1825 D gralloc_ranchu: gralloc_alloc: Creating ashmem region of size 10108928
12-08 10:35:54.265 11395 11440 W DefaultFailureHandler: Failed to take screenshot
12-08 10:35:54.265 11395 11440 W DefaultFailureHandler: java.io.FileNotFoundException: view-op-error-13.png: open failed: EROFS (Read-only file system)
12-08 10:35:54.265 11395 11440 W DefaultFailureHandler: 	at libcore.io.IoBridge.open(IoBridge.java:496)
12-08 10:35:54.265 11395 11440 W DefaultFailureHandler: 	at java.io.FileOutputStream.<init>(FileOutputStream.java:235)
12-08 10:35:54.265 11395 11440 W DefaultFailureHandler: 	at java.io.FileOutputStream.<init>(FileOutputStream.java:125)
12-08 10:35:54.265 11395 11440 W DefaultFailureHandler: 	at androidx.test.platform.io.FileTestStorage.openOutputFile(FileTestStorage.java:60)
12-08 10:35:54.265 11395 11440 W DefaultFailureHandler: 	at androidx.test.core.graphics.BitmapStorage.writeToTestStorage(BitmapStorageExt.kt:49)
12-08 10:35:54.265 11395 11440 W DefaultFailureHandler: 	at androidx.test.espresso.base.DefaultFailureHandler.takeScreenshot(DefaultFailureHandler.java:4)
12-08 10:35:54.265 11395 11440 W DefaultFailureHandler: 	at androidx.test.espresso.base.DefaultFailureHandler.handle(DefaultFailureHandler.java:3)
12-08 10:35:54.265 11395 11440 W DefaultFailureHandler: 	at androidx.test.espresso.ViewInteraction.waitForAndHandleInteractionResults(ViewInteraction.java:8)
12-08 10:35:54.265 11395 11440 W DefaultFailureHandler: 	at androidx.test.espresso.ViewInteraction.desugaredPerform(ViewInteraction.java:11)
12-08 10:35:54.265 11395 11440 W DefaultFailureHandler: 	at androidx.test.espresso.ViewInteraction.perform(ViewInteraction.java:8)
12-08 10:35:54.265 11395 11440 W DefaultFailureHandler: 	at ru.iteco.fmhandroid.ui.steps.ClaimsPageSteps.scrollToElementInRecyclerList(ClaimsPageSteps.java:127)
12-08 10:35:54.265 11395 11440 W DefaultFailureHandler: 	at ru.iteco.fmhandroid.ui.steps.ClaimsPageSteps.openClaimCard(ClaimsPageSteps.java:150)
12-08 10:35:54.265 11395 11440 W DefaultFailureHandler: 	at ru.iteco.fmhandroid.ui.ClaimsPageTest.shouldShowMessageFieldCannotBeEmpty(ClaimsPageTest.java:114)
12-08 10:35:54.265 11395 11440 W DefaultFailureHandler: 	at java.lang.reflect.Method.invoke(Native Method)
12-08 10:35:54.265 11395 11440 W DefaultFailureHandler: 	at org.junit.runners.model.FrameworkMethod$1.runReflectiveCall(FrameworkMethod.java:59)
12-08 10:35:54.265 11395 11440 W DefaultFailureHandler: 	at org.junit.internal.runners.model.ReflectiveCallable.run(ReflectiveCallable.java:12)
12-08 10:35:54.265 11395 11440 W DefaultFailureHandler: 	at org.junit.runners.model.FrameworkMethod.invokeExplosively(FrameworkMethod.java:56)
12-08 10:35:54.265 11395 11440 W DefaultFailureHandler: 	at org.junit.internal.runners.statements.InvokeMethod.evaluate(InvokeMethod.java:17)
12-08 10:35:54.265 11395 11440 W DefaultFailureHandler: 	at androidx.test.internal.runner.junit4.statement.RunBefores.evaluate(RunBefores.java:80)
12-08 10:35:54.265 11395 11440 W DefaultFailureHandler: 	at io.qameta.allure.android.rules.ScreenshotRule$apply$1.evaluate(ScreenshotRule.kt:22)
12-08 10:35:54.265 11395 11440 W DefaultFailureHandler: 	at org.junit.rules.ExternalResource$1.evaluate(ExternalResource.java:54)
12-08 10:35:54.265 11395 11440 W DefaultFailureHandler: 	at io.qameta.allure.android.rules.LogcatRule$apply$1.evaluate(LogcatRule.kt:23)
12-08 10:35:54.265 11395 11440 W DefaultFailureHandler: 	at org.junit.rules.RunRules.evaluate(RunRules.java:20)
12-08 10:35:54.265 11395 11440 W DefaultFailureHandler: 	at org.junit.runners.ParentRunner$3.evaluate(ParentRunner.java:306)
12-08 10:35:54.265 11395 11440 W DefaultFailureHandler: 	at org.junit.runners.BlockJUnit4ClassRunner$1.evaluate(BlockJUnit4ClassRunner.java:100)
12-08 10:35:54.265 11395 11440 W DefaultFailureHandler: 	at org.junit.runners.ParentRunner.runLeaf(ParentRunner.java:366)
12-08 10:35:54.265 11395 11440 W DefaultFailureHandler: 	at org.junit.runners.BlockJUnit4ClassRunner.runChild(BlockJUnit4ClassRunner.java:103)
12-08 10:35:54.265 11395 11440 W DefaultFailureHandler: 	at org.junit.runners.BlockJUnit4ClassRunner.runChild(BlockJUnit4ClassRunner.java:63)
12-08 10:35:54.265 11395 11440 W DefaultFailureHandler: 	at org.junit.runners.ParentRunner$4.run(ParentRunner.java:331)
12-08 10:35:54.265 11395 11440 W DefaultFailureHandler: 	at org.junit.runners.ParentRunner$1.schedule(ParentRunner.java:79)
12-08 10:35:54.265 11395 11440 W DefaultFailureHandler: 	at org.junit.runners.ParentRunner.runChildren(ParentRunner.java:329)
12-08 10:35:54.265 11395 11440 W DefaultFailureHandler: 	at org.junit.runners.ParentRunner.access$100(ParentRunner.java:66)
12-08 10:35:54.265 11395 11440 W DefaultFailureHandler: 	at org.junit.runners.ParentRunner$2.evaluate(ParentRunner.java:293)
12-08 10:35:54.265 11395 11440 W DefaultFailureHandler: 	at org.junit.runners.ParentRunner$3.evaluate(ParentRunner.java:306)
12-08 10:35:54.265 11395 11440 W DefaultFailureHandler: 	at org.junit.runners.ParentRunner.run(ParentRunner.java:413)
12-08 10:35:54.265 11395 11440 W DefaultFailureHandler: 	at androidx.test.ext.junit.runners.AndroidJUnit4.run(AndroidJUnit4.java:162)
12-08 10:35:54.265 11395 11440 W DefaultFailureHandler: 	at io.qameta.allure.android.runners.AllureAndroidJUnit4.run(AllureAndroidJUnitRunners.kt:29)
12-08 10:35:54.265 11395 11440 W DefaultFailureHandler: 	at org.junit.runners.Suite.runChild(Suite.java:128)
12-08 10:35:54.265 11395 11440 W DefaultFailureHandler: 	at org.junit.runners.Suite.runChild(Suite.java:27)
12-08 10:35:54.265 11395 11440 W DefaultFailureHandler: 	at org.junit.runners.ParentRunner$4.run(ParentRunner.java:331)
12-08 10:35:54.265 11395 11440 W DefaultFailureHandler: 	at org.junit.runners.ParentRunner$1.schedule(ParentRunner.java:79)
12-08 10:35:54.265 11395 11440 W DefaultFailureHandler: 	at org.junit.runners.ParentRunner.runChildren(ParentRunner.java:329)
12-08 10:35:54.265 11395 11440 W DefaultFailureHandler: 	at org.junit.runners.ParentRunner.access$100(ParentRunner.java:66)
12-08 10:35:54.265 11395 11440 W DefaultFailureHandler: 	at org.junit.runners.ParentRunner$2.evaluate(ParentRunner.java:293)
12-08 10:35:54.265 11395 11440 W DefaultFailureHandler: 	at org.junit.runners.ParentRunner$3.evaluate(ParentRunner.java:306)
12-08 10:35:54.265 11395 11440 W DefaultFailureHandler: 	at org.junit.runners.ParentRunner.run(ParentRunner.java:413)
12-08 10:35:54.265 11395 11440 W DefaultFailureHandler: 	at org.junit.runner.JUnitCore.run(JUnitCore.java:137)
12-08 10:35:54.265 11395 11440 W DefaultFailureHandler: 	at org.junit.runner.JUnitCore.run(JUnitCore.java:115)
12-08 10:35:54.265 11395 11440 W DefaultFailureHandler: 	at androidx.test.internal.runner.TestExecutor.execute(TestExecutor.java:67)
12-08 10:35:54.265 11395 11440 W DefaultFailureHandler: 	at androidx.test.internal.runner.TestExecutor.execute(TestExecutor.java:58)
12-08 10:35:54.265 11395 11440 W DefaultFailureHandler: 	at androidx.test.runner.AndroidJUnitRunner.onStart(AndroidJUnitRunner.java:438)
12-08 10:35:54.265 11395 11440 W DefaultFailureHandler: 	at android.app.Instrumentation$InstrumentationThread.run(Instrumentation.java:2189)
12-08 10:35:54.265 11395 11440 W DefaultFailureHandler: Caused by: android.system.ErrnoException: open failed: EROFS (Read-only file system)
12-08 10:35:54.265 11395 11440 W DefaultFailureHandler: 	at libcore.io.Linux.open(Native Method)
12-08 10:35:54.265 11395 11440 W DefaultFailureHandler: 	at libcore.io.ForwardingOs.open(ForwardingOs.java:167)
12-08 10:35:54.265 11395 11440 W DefaultFailureHandler: 	at libcore.io.BlockGuardOs.open(BlockGuardOs.java:252)
12-08 10:35:54.265 11395 11440 W DefaultFailureHandler: 	at libcore.io.ForwardingOs.open(ForwardingOs.java:167)
12-08 10:35:54.265 11395 11440 W DefaultFailureHandler: 	at android.app.ActivityThread$AndroidOs.open(ActivityThread.java:7255)
12-08 10:35:54.265 11395 11440 W DefaultFailureHandler: 	at libcore.io.IoBridge.open(IoBridge.java:482)
12-08 10:35:54.265 11395 11440 W DefaultFailureHandler: 	... 51 more
12-08 10:35:54.275  1776  1825 D gralloc_ranchu: gralloc_alloc: Creating ashmem region of size 10108928
12-08 10:35:54.463 11395 11408 I teco.fmhandroi: NativeAlloc concurrent copying GC freed 96476(4659KB) AllocSpace objects, 4(64KB) LOS objects, 30% free, 13MB/19MB, paused 1.019ms total 149.845ms
12-08 10:35:54.592  2018  2037 I ActivityTaskManager: START u0 {act=android.intent.action.MAIN cat=[android.intent.category.LAUNCHER] flg=0x10000000 cmp=ru.iteco.fmhandroid.test/androidx.test.core.app.InstrumentationActivityInvoker$EmptyActivity} from uid 10146
12-08 10:35:54.605 11395 11395 D LifecycleMonitor: Lifecycle status change: ru.iteco.fmhandroid.ui.AppActivity@1572da2 in: PAUSED
12-08 10:35:54.605 11395 11395 V ActivityScenario: Update currentActivityStage to PAUSED, currentActivity=ru.iteco.fmhandroid.ui.AppActivity@1572da2
12-08 10:35:54.607  2018  5644 W InputReader: Device has associated, but no associated display id.
12-08 10:35:54.609  2018  5644 I chatty  : uid=1000(system) Binder:2018_14 identical 38 lines
12-08 10:35:54.609  2018  5644 W InputReader: Device has associated, but no associated display id.
12-08 10:35:54.609 11395 11434 V FA      : Recording user engagement, ms: 19552
12-08 10:35:54.611 11453 11453 W ActivityThread: handleWindowVisibility: no activity for token android.os.BinderProxy@15c83ab
12-08 10:35:54.611  2018  5644 W InputReader: Device has associated, but no associated display id.
12-08 10:35:54.675  2018  5644 I ActivityTaskManager: START u0 {act=android.intent.action.MAIN cat=[android.intent.category.LAUNCHER] flg=0x10000000 cmp=ru.iteco.fmhandroid.test/androidx.test.core.app.InstrumentationActivityInvoker$EmptyActivity} from uid 10146
12-08 10:35:54.611  2018  5644 I chatty  : uid=1000(system) Binder:2018_14 identical 8 lines
12-08 10:35:54.611  2018  5644 W InputReader: Device has associated, but no associated display id.
12-08 10:35:54.686  1776  1825 D gralloc_ranchu: gralloc_alloc: Creating ashmem region of size 10108928
12-08 10:35:54.692  1776  1825 I chatty  : uid=1000(system) HwBinder:1776_1 identical 1 line
12-08 10:35:54.693  1776  1825 D gralloc_ranchu: gralloc_alloc: Creating ashmem region of size 10108928
12-08 10:35:54.697 11453 11486 D EGL_emulation: eglMakeCurrent: 0xdd81a2a0: ver 2 0 (tinfo 0xdd80f3a0)
12-08 10:35:54.739  2018  5644 W InputReader: Device has associated, but no associated display id.
12-08 10:35:54.740  2018  5644 I chatty  : uid=1000(system) Binder:2018_14 identical 18 lines
12-08 10:35:54.740  2018  5644 W InputReader: Device has associated, but no associated display id.
12-08 10:35:54.740 11395 11434 V FA      : Connecting to remote service
12-08 10:35:54.740  2018  5644 W InputReader: Device has associated, but no associated display id.
12-08 10:35:54.746  2018  5644 I chatty  : uid=1000(system) Binder:2018_14 identical 28 lines
12-08 10:35:54.746  2018  5644 W InputReader: Device has associated, but no associated display id.
12-08 10:35:54.761 11453 11453 W ActivityThread: handleWindowVisibility: no activity for token android.os.BinderProxy@8096daa
12-08 10:35:54.778 11395 11434 V FA      : Connection attempt already in progress
12-08 10:35:54.778 11395 11434 V FA      : Activity paused, time: 58701642
12-08 10:35:54.791  2018  2037 W ActivityTaskManager: Duplicate finish request for ActivityRecord{c9b74c u0 ru.iteco.fmhandroid/.ui.AppActivity t328 f}
12-08 10:35:54.792 11395 11434 D FA      : Connected to remote service
12-08 10:35:54.794 11395 11434 V FA      : Processing queued up service tasks: 2
12-08 10:35:54.842  1776  1825 D gralloc_ranchu: gralloc_alloc: Creating ashmem region of size 10108928
12-08 10:35:54.857  1776  1825 I chatty  : uid=1000(system) HwBinder:1776_1 identical 1 line
12-08 10:35:54.859  1776  1825 D gralloc_ranchu: gralloc_alloc: Creating ashmem region of size 10108928
12-08 10:35:54.860 11453 11486 D EGL_emulation: eglMakeCurrent: 0xdd81a2a0: ver 2 0 (tinfo 0xdd80f3a0)
12-08 10:35:54.886  2873 11443 V FA-SVC  : Logging event: origin=auto,name=user_engagement(_e),params=Bundle[{ga_event_origin(_o)=auto, engagement_time_msec(_et)=19552, ga_screen_class(_sc)=AppActivity, ga_screen_id(_si)=-7630774614883317533}]
12-08 10:35:54.888  2018  2054 W InputReader: Device has associated, but no associated display id.
12-08 10:35:54.889  2018  2054 I chatty  : uid=1000(system) android.anim identical 18 lines
12-08 10:35:54.889  2018  2054 W InputReader: Device has associated, but no associated display id.
12-08 10:35:54.895  2018  2058 I ActivityTaskManager: Displayed ru.iteco.fmhandroid.test/androidx.test.core.app.InstrumentationActivityInvoker$EmptyActivity: +133ms
12-08 10:35:54.906 11395 11489 D EGL_emulation: eglMakeCurrent: 0xdd81af60: ver 2 0 (tinfo 0xc30989a0)
12-08 10:35:54.910  2018  3051 W InputReader: Device has associated, but no associated display id.
12-08 10:35:54.910  2018  3051 I chatty  : uid=1000(system) Binder:2018_E identical 8 lines
12-08 10:35:54.910  2018  3051 W InputReader: Device has associated, but no associated display id.
12-08 10:35:54.953  2873 11443 V FA-SVC  : Upload scheduled in approximately ms: 2029562
12-08 10:35:54.953  2873 11443 V FA-SVC  : Unscheduling upload
12-08 10:35:54.960  2018  5837 W InputReader: Device has associated, but no associated display id.
12-08 10:35:54.960  2018  5837 I chatty  : uid=1000(system) Binder:2018_16 identical 8 lines
12-08 10:35:54.960  2018  5837 W InputReader: Device has associated, but no associated display id.
12-08 10:35:54.961  2873 11443 V FA-SVC  : Scheduling upload, millis: 2029562
12-08 10:35:54.967  2018  5837 W InputReader: Device has associated, but no associated display id.
12-08 10:35:54.969  2018  5837 I chatty  : uid=1000(system) Binder:2018_16 identical 18 lines
12-08 10:35:54.970  2018  5837 W InputReader: Device has associated, but no associated display id.
12-08 10:35:54.980 11395 11395 D AutofillManager: onActivityFinishing(): calling cancelLocked()
12-08 10:35:54.982 11395 11395 D LifecycleMonitor: Lifecycle status change: ru.iteco.fmhandroid.ui.AppActivity@1572da2 in: STOPPED
12-08 10:35:54.982 11395 11395 V ActivityScenario: Update currentActivityStage to STOPPED, currentActivity=ru.iteco.fmhandroid.ui.AppActivity@1572da2
12-08 10:35:55.005  2873 11443 V FA-SVC  : Background event processing time, ms: 120
12-08 10:35:55.006  2018  5907 D ConnectivityService: requestNetwork for uid/pid:10129/8344 NetworkRequest [ TRACK_DEFAULT id=134, [ Capabilities: INTERNET&NOT_RESTRICTED&TRUSTED Uid: 10129] ]
12-08 10:35:55.008  2298  2298 D PhoneSwitcherNetworkRequstListener: got request NetworkRequest [ TRACK_DEFAULT id=134, [ Capabilities: INTERNET&NOT_RESTRICTED&TRUSTED Uid: 10129] ] with score 50 and serial 2
12-08 10:35:55.009  2018  2136 D UntrustedWifiNetworkFactory: got request NetworkRequest [ TRACK_DEFAULT id=134, [ Capabilities: INTERNET&NOT_RESTRICTED&TRUSTED Uid: 10129] ] with score 50 and serial 2
12-08 10:35:55.009  2018  2136 D WifiNetworkFactory: got request NetworkRequest [ TRACK_DEFAULT id=134, [ Capabilities: INTERNET&NOT_RESTRICTED&TRUSTED Uid: 10129] ] with score 50 and serial 2
12-08 10:35:55.024 11395 11395 W System.err: ru.iteco.fmhandroid.exceptions.UnknownException
12-08 10:35:55.024 11395 11395 W System.err: 	at ru.iteco.fmhandroid.utils.Utils.makeRequest(Utils.kt:123)
12-08 10:35:55.024 11395 11395 W System.err: 	at ru.iteco.fmhandroid.utils.Utils$makeRequest$1.invokeSuspend(Unknown Source:15)
12-08 10:35:55.024 11395 11395 W System.err: 	at kotlin.coroutines.jvm.internal.BaseContinuationImpl.resumeWith(ContinuationImpl.kt:33)
12-08 10:35:55.024 11395 11395 W System.err: 	at kotlinx.coroutines.DispatchedTaskKt.resume(DispatchedTask.kt:234)
12-08 10:35:55.024 11395 11395 W System.err: 	at kotlinx.coroutines.DispatchedTaskKt.resumeUnconfined(DispatchedTask.kt:190)
12-08 10:35:55.024 11395 11395 W System.err: 	at kotlinx.coroutines.DispatchedTaskKt.dispatch(DispatchedTask.kt:161)
12-08 10:35:55.024 11395 11395 W System.err: 	at kotlinx.coroutines.CancellableContinuationImpl.dispatchResume(CancellableContinuationImpl.kt:397)
12-08 10:35:55.024 11395 11395 W System.err: 	at kotlinx.coroutines.CancellableContinuationImpl.cancel(CancellableContinuationImpl.kt:183)
12-08 10:35:55.025 11395 11395 W System.err: 	at kotlinx.coroutines.CancellableContinuationImpl.parentCancelled$kotlinx_coroutines_core(CancellableContinuationImpl.kt:190)
12-08 10:35:55.025 11395 11395 W System.err: 	at kotlinx.coroutines.ChildContinuation.invoke(JobSupport.kt:1474)
12-08 10:35:55.025 11395 11395 W System.err: 	at kotlinx.coroutines.JobSupport.notifyCancelling(JobSupport.kt:1499)
12-08 10:35:55.025 11395 11395 W System.err: 	at kotlinx.coroutines.JobSupport.tryMakeCancelling(JobSupport.kt:795)
12-08 10:35:55.025 11395 11395 W System.err: 	at kotlinx.coroutines.JobSupport.makeCancelling(JobSupport.kt:755)
12-08 10:35:55.025 11395 11395 W System.err: 	at kotlinx.coroutines.JobSupport.cancelImpl$kotlinx_coroutines_core(JobSupport.kt:671)
12-08 10:35:55.025 11395 11395 W System.err: 	at kotlinx.coroutines.JobSupport.parentCancelled(JobSupport.kt:637)
12-08 10:35:55.025 11395 11395 W System.err: 	at kotlinx.coroutines.ChildHandleNode.invoke(JobSupport.kt:1465)
12-08 10:35:55.025 11395 11395 W System.err: 	at kotlinx.coroutines.JobSupport.notifyCancelling(JobSupport.kt:1499)
12-08 10:35:55.025 11395 11395 W System.err: 	at kotlinx.coroutines.JobSupport.tryMakeCompletingSlowPath(JobSupport.kt:900)
12-08 10:35:55.025 11395 11395 W System.err: 	at kotlinx.coroutines.JobSupport.tryMakeCompleting(JobSupport.kt:863)
12-08 10:35:55.025 11395 11395 W System.err: 	at kotlinx.coroutines.JobSupport.cancelMakeCompleting(JobSupport.kt:696)
12-08 10:35:55.025 11395 11395 W System.err: 	at kotlinx.coroutines.JobSupport.cancelImpl$kotlinx_coroutines_core(JobSupport.kt:667)
12-08 10:35:55.025 11395 11395 W System.err: 	at kotlinx.coroutines.JobSupport.cancelInternal(JobSupport.kt:632)
12-08 10:35:55.025 11395 11395 W System.err: 	at kotlinx.coroutines.JobSupport.cancel(JobSupport.kt:617)
12-08 10:35:55.025 11395 11395 W System.err: 	at kotlinx.coroutines.JobKt__JobKt.cancel(Job.kt:561)
12-08 10:35:55.025 11395 11395 W System.err: 	at kotlinx.coroutines.JobKt.cancel(Unknown Source:1)
12-08 10:35:55.025 11395 11395 W System.err: 	at kotlinx.coroutines.JobKt__JobKt.cancel$default(Job.kt:560)
12-08 10:35:55.025 11395 11395 W System.err: 	at kotlinx.coroutines.JobKt.cancel$default(Unknown Source:1)
12-08 10:35:55.025 11395 11395 W System.err: 	at androidx.lifecycle.CloseableCoroutineScope.close(ViewModel.kt:51)
12-08 10:35:55.025 11395 11395 W System.err: 	at androidx.lifecycle.ViewModel.closeWithRuntimeException(ViewModel.java:188)
12-08 10:35:55.025 11395 11395 W System.err: 	at androidx.lifecycle.ViewModel.clear(ViewModel.java:134)
12-08 10:35:55.025 11395 11395 W System.err: 	at androidx.lifecycle.ViewModelStore.clear(ViewModelStore.java:62)
12-08 10:35:55.025 11395 11395 W System.err: 	at androidx.fragment.app.FragmentManagerViewModel.clearNonConfigStateInternal(FragmentManagerViewModel.java:210)
12-08 10:35:55.026 11395 11395 W System.err: 	at androidx.fragment.app.FragmentManagerViewModel.clearNonConfigState(FragmentManagerViewModel.java:190)
12-08 10:35:55.026 11395 11395 W System.err: 	at androidx.fragment.app.FragmentStateManager.destroy(FragmentStateManager.java:778)
12-08 10:35:55.026 11395 11395 W System.err: 	at androidx.fragment.app.FragmentStateManager.moveToExpectedState(FragmentStateManager.java:335)
12-08 10:35:55.026 11395 11395 W System.err: 	at androidx.fragment.app.FragmentStore.moveToExpectedState(FragmentStore.java:113)
12-08 10:35:55.026 11395 11395 W System.err: 	at androidx.fragment.app.FragmentManager.moveToState(FragmentManager.java:1374)
12-08 10:35:55.026 11395 11395 W System.err: 	at androidx.fragment.app.FragmentManager.dispatchStateChange(FragmentManager.java:2841)
12-08 10:35:55.026 11395 11395 W System.err: 	at androidx.fragment.app.FragmentManager.dispatchDestroy(FragmentManager.java:2820)
12-08 10:35:55.026 11395 11395 W System.err: 	at androidx.fragment.app.Fragment.performDestroy(Fragment.java:3246)
12-08 10:35:55.026 11395 11395 W System.err: 	at androidx.fragment.app.FragmentStateManager.destroy(FragmentStateManager.java:780)
12-08 10:35:55.026 11395 11395 W System.err: 	at androidx.fragment.app.FragmentStateManager.moveToExpectedState(FragmentStateManager.java:335)
12-08 10:35:55.026 11395 11395 W System.err: 	at androidx.fragment.app.SpecialEffectsController$FragmentStateManagerOperation.complete(SpecialEffectsController.java:771)
12-08 10:35:55.026 11395 11395 W System.err: 	at androidx.fragment.app.SpecialEffectsController$Operation.cancel(SpecialEffectsController.java:615)
12-08 10:35:55.027 11395 11395 W System.err: 	at androidx.fragment.app.SpecialEffectsController.forceCompleteAllOperations(SpecialEffectsController.java:350)
12-08 10:35:55.028 11395 11395 W System.err: 	at androidx.fragment.app.FragmentManager.dispatchStateChange(FragmentManager.java:2844)
12-08 10:35:55.028 11395 11395 W System.err: 	at androidx.fragment.app.FragmentManager.dispatchDestroy(FragmentManager.java:2820)
12-08 10:35:55.028 11395 11395 W System.err: 	at androidx.fragment.app.FragmentController.dispatchDestroy(FragmentController.java:345)
12-08 10:35:55.028 11395 11395 W System.err: 	at androidx.fragment.app.FragmentActivity.onDestroy(FragmentActivity.java:306)
12-08 10:35:55.028 11395 11395 W System.err: 	at androidx.appcompat.app.AppCompatActivity.onDestroy(AppCompatActivity.java:278)
12-08 10:35:55.028 11395 11395 W System.err: 	at android.app.Activity.performDestroy(Activity.java:8048)
12-08 10:35:55.028 11395 11395 W System.err: 	at android.app.Instrumentation.callActivityOnDestroy(Instrumentation.java:1334)
12-08 10:35:55.028 11395 11395 W System.err: 	at androidx.test.runner.MonitoringInstrumentation.callActivityOnDestroy(MonitoringInstrumentation.java:766)
12-08 10:35:55.028 11395 11395 W System.err: 	at android.app.ActivityThread.performDestroyActivity(ActivityThread.java:4926)
12-08 10:35:55.028 11395 11395 W System.err: 	at android.app.ActivityThread.handleDestroyActivity(ActivityThread.java:4970)
12-08 10:35:55.028 11395 11395 W System.err: 	at android.app.servertransaction.DestroyActivityItem.execute(DestroyActivityItem.java:44)
12-08 10:35:55.028 11395 11395 W System.err: 	at android.app.servertransaction.TransactionExecutor.executeLifecycleState(TransactionExecutor.java:176)
