12-08 10:35:34.175  2656 11624 E SQLiteDatabase: 	at android.database.sqlite.SQLiteDatabase.insertWithOnConflict(SQLiteDatabase.java:1599)
12-08 10:35:34.175  2656 11624 E SQLiteDatabase: 	at android.database.sqlite.SQLiteDatabase.insert(SQLiteDatabase.java:1468)
12-08 10:35:34.175  2656 11624 E SQLiteDatabase: 	at aqui.a(:com.google.android.gms@202414022@20.24.14 (040700-319035315):175)
12-08 10:35:34.175  2656 11624 E SQLiteDatabase: 	at aqtk.a(:com.google.android.gms@202414022@20.24.14 (040700-319035315):182)
12-08 10:35:34.175  2656 11624 E SQLiteDatabase: 	at aqtk.a(:com.google.android.gms@202414022@20.24.14 (040700-319035315):23)
12-08 10:35:34.175  2656 11624 E SQLiteDatabase: 	at aqtk.a(:com.google.android.gms@202414022@20.24.14 (040700-319035315):177)
12-08 10:35:34.175  2656 11624 E SQLiteDatabase: 	at aqpu.run(:com.google.android.gms@202414022@20.24.14 (040700-319035315):9)
12-08 10:35:34.175  2656 11624 E SQLiteDatabase: 	at soy.b(:com.google.android.gms@202414022@20.24.14 (040700-319035315):12)
12-08 10:35:34.175  2656 11624 E SQLiteDatabase: 	at soy.run(:com.google.android.gms@202414022@20.24.14 (040700-319035315):7)
12-08 10:35:34.175  2656 11624 E SQLiteDatabase: 	at java.util.concurrent.ThreadPoolExecutor.runWorker(ThreadPoolExecutor.java:1167)
12-08 10:35:34.175  2656 11624 E SQLiteDatabase: 	at java.util.concurrent.ThreadPoolExecutor$Worker.run(ThreadPoolExecutor.java:641)
12-08 10:35:34.175  2656 11624 E SQLiteDatabase: 	at sux.run(:com.google.android.gms@202414022@20.24.14 (040700-319035315):0)
12-08 10:35:34.175  2656 11624 E SQLiteDatabase: 	at java.lang.Thread.run(Thread.java:919)
12-08 10:35:34.179 11395 11395 D LifecycleMonitor: Lifecycle status change: ru.iteco.fmhandroid.ui.AppActivity@2f6bb4a in: DESTROYED
12-08 10:35:34.180 11395 11395 V ActivityScenario: Update currentActivityStage to DESTROYED, currentActivity=null
12-08 10:35:34.206  8437  8470 D EGL_emulation: eglCreateContext: 0xf0c7eb00: maj 2 min 0 rcv 2
12-08 10:35:34.211  8437  8470 D EGL_emulation: eglMakeCurrent: 0xf0c7eb00: ver 2 0 (tinfo 0xf0cc0670)
12-08 10:35:34.274  8437  8470 E chromium: [ERROR:gl_surface_egl.cc(342)] eglChooseConfig failed with error EGL_SUCCESS
12-08 10:35:34.277  1776  1825 D gralloc_ranchu: gralloc_alloc: Creating ashmem region of size 9256960
12-08 10:35:34.309  8437  8470 D EGL_emulation: eglCreateContext: 0xf0c7e8c0: maj 2 min 0 rcv 2
12-08 10:35:34.317  8437  8470 D EGL_emulation: eglMakeCurrent: 0xf0c7e8c0: ver 2 0 (tinfo 0xf0cc0670)
12-08 10:35:34.327  1776  1825 D gralloc_ranchu: gralloc_alloc: Creating ashmem region of size 10108928
12-08 10:35:34.388  8437  8470 D EGL_emulation: eglMakeCurrent: 0xe59eb0c0: ver 2 0 (tinfo 0xf0cc0670)
12-08 10:35:34.390 11395 11440 E TestRunner: failed: shouldFindOnTheScreenJustClosedClaim(ru.iteco.fmhandroid.ui.ClaimsPageTest)
12-08 10:35:34.390 11395 11440 E TestRunner: ----- begin exception -----
12-08 10:35:34.391 11395 11440 E TestRunner: androidx.test.espresso.PerformException: Error performing 'scroll RecyclerView to: holder with view: (view is an instance of android.view.ViewGroup and has descendant matching an instance of android.widget.TextView and view.getText() with or without transformation to match: is "Заголовок 96bc1e25-db95-4689-94a1-fee1ab450ef4")' on view 'view.getId() is <2131230916/ru.iteco.fmhandroid:id/claim_list_recycler_view>'.
12-08 10:35:34.391 11395 11440 E TestRunner: 	at androidx.test.espresso.PerformException$Builder.build(PerformException.java:1)
12-08 10:35:34.391 11395 11440 E TestRunner: 	at androidx.test.espresso.base.PerformExceptionHandler.handleSafely(PerformExceptionHandler.java:8)
12-08 10:35:34.391 11395 11440 E TestRunner: 	at androidx.test.espresso.base.PerformExceptionHandler.handleSafely(PerformExceptionHandler.java:9)
12-08 10:35:34.391 11395 11440 E TestRunner: 	at androidx.test.espresso.base.DefaultFailureHandler$TypedFailureHandler.handle(DefaultFailureHandler.java:4)
12-08 10:35:34.391 11395 11440 E TestRunner: 	at androidx.test.espresso.base.DefaultFailureHandler.handle(DefaultFailureHandler.java:5)
12-08 10:35:34.391 11395 11440 E TestRunner: 	at androidx.test.espresso.ViewInteraction.waitForAndHandleInteractionResults(ViewInteraction.java:8)
12-08 10:35:34.391 11395 11440 E TestRunner: 	at androidx.test.espresso.ViewInteraction.desugaredPerform(ViewInteraction.java:11)
12-08 10:35:34.391 11395 11440 E TestRunner: 	at androidx.test.espresso.ViewInteraction.perform(ViewInteraction.java:8)
12-08 10:35:34.391 11395 11440 E TestRunner: 	at ru.iteco.fmhandroid.ui.steps.ClaimsPageSteps.scrollToElementInRecyclerList(ClaimsPageSteps.java:127)
12-08 10:35:34.391 11395 11440 E TestRunner: 	at ru.iteco.fmhandroid.ui.steps.ClaimsPageSteps.openClaimCard(ClaimsPageSteps.java:150)
12-08 10:35:34.391 11395 11440 E TestRunner: 	at ru.iteco.fmhandroid.ui.ClaimsPageTest.shouldFindOnTheScreenJustClosedClaim(ClaimsPageTest.java:185)
12-08 10:35:34.391 11395 11440 E TestRunner: 	at java.lang.reflect.Method.invoke(Native Method)
12-08 10:35:34.391 11395 11440 E TestRunner: 	at org.junit.runners.model.FrameworkMethod$1.runReflectiveCall(FrameworkMethod.java:59)
12-08 10:35:34.391 11395 11440 E TestRunner: 	at org.junit.internal.runners.model.ReflectiveCallable.run(ReflectiveCallable.java:12)
12-08 10:35:34.391 11395 11440 E TestRunner: 	at org.junit.runners.model.FrameworkMethod.invokeExplosively(FrameworkMethod.java:56)
12-08 10:35:34.391 11395 11440 E TestRunner: 	at org.junit.internal.runners.statements.InvokeMethod.evaluate(InvokeMethod.java:17)
12-08 10:35:34.391 11395 11440 E TestRunner: 	at androidx.test.internal.runner.junit4.statement.RunBefores.evaluate(RunBefores.java:80)
12-08 10:35:34.391 11395 11440 E TestRunner: 	at io.qameta.allure.android.rules.ScreenshotRule$apply$1.evaluate(ScreenshotRule.kt:22)
12-08 10:35:34.391 11395 11440 E TestRunner: 	at org.junit.rules.ExternalResource$1.evaluate(ExternalResource.java:54)
12-08 10:35:34.391 11395 11440 E TestRunner: 	at io.qameta.allure.android.rules.LogcatRule$apply$1.evaluate(LogcatRule.kt:23)
12-08 10:35:34.391 11395 11440 E TestRunner: 	at org.junit.rules.RunRules.evaluate(RunRules.java:20)
12-08 10:35:34.391 11395 11440 E TestRunner: 	at org.junit.runners.ParentRunner$3.evaluate(ParentRunner.java:306)
12-08 10:35:34.391 11395 11440 E TestRunner: 	at org.junit.runners.BlockJUnit4ClassRunner$1.evaluate(BlockJUnit4ClassRunner.java:100)
12-08 10:35:34.391 11395 11440 E TestRunner: 	at org.junit.runners.ParentRunner.runLeaf(ParentRunner.java:366)
12-08 10:35:34.391 11395 11440 E TestRunner: 	at org.junit.runners.BlockJUnit4ClassRunner.runChild(BlockJUnit4ClassRunner.java:103)
12-08 10:35:34.391 11395 11440 E TestRunner: 	at org.junit.runners.BlockJUnit4ClassRunner.runChild(BlockJUnit4ClassRunner.java:63)
12-08 10:35:34.391 11395 11440 E TestRunner: 	at org.junit.runners.ParentRunner$4.run(ParentRunner.java:331)
12-08 10:35:34.391 11395 11440 E TestRunner: 	at org.junit.runners.ParentRunner$1.schedule(ParentRunner.java:79)
12-08 10:35:34.391 11395 11440 E TestRunner: 	at org.junit.runners.ParentRunner.runChildren(ParentRunner.java:329)
12-08 10:35:34.391 11395 11440 E TestRunner: 	at org.junit.runners.ParentRunner.access$100(ParentRunner.java:66)
12-08 10:35:34.391 11395 11440 E TestRunner: 	at org.junit.runners.ParentRunner$2.evaluate(ParentRunner.java:293)
12-08 10:35:34.391 11395 11440 E TestRunner: 	at org.junit.runners.ParentRunner$3.evaluate(ParentRunner.java:306)
12-08 10:35:34.391 11395 11440 E TestRunner: 	at org.junit.runners.ParentRunner.run(ParentRunner.java:413)
12-08 10:35:34.391 11395 11440 E TestRunner: 	at androidx.test.ext.junit.runners.AndroidJUnit4.run(AndroidJUnit4.java:162)
12-08 10:35:34.391 11395 11440 E TestRunner: 	at io.qameta.allure.android.runners.AllureAndroidJUnit4.run(AllureAndroidJUnitRunners.kt:29)
12-08 10:35:34.391 11395 11440 E TestRunner: 	at org.junit.runners.Suite.runChild(Suite.java:128)
12-08 10:35:34.391 11395 11440 E TestRunner: 	at org.junit.runners.Suite.runChild(Suite.java:27)
12-08 10:35:34.391 11395 11440 E TestRunner: 	at org.junit.runners.ParentRunner$4.run(ParentRunner.java:331)
12-08 10:35:34.391 11395 11440 E TestRunner: 	at org.junit.runners.ParentRunner$1.schedule(ParentRunner.java:79)
12-08 10:35:34.391 11395 11440 E TestRunner: 	at org.junit.runners.ParentRunner.runChildren(ParentRunner.java:329)
12-08 10:35:34.391 11395 11440 E TestRunner: 	at org.junit.runners.ParentRunner.access$100(ParentRunner.java:66)
12-08 10:35:34.391 11395 11440 E TestRunner: 	at org.junit.runners.ParentRunner$2.evaluate(ParentRunner.java:293)
12-08 10:35:34.391 11395 11440 E TestRunner: 	at org.junit.runners.ParentRunner$3.evaluate(ParentRunner.java:306)
12-08 10:35:34.391 11395 11440 E TestRunner: 	at org.junit.runners.ParentRunner.run(ParentRunner.java:413)
12-08 10:35:34.391 11395 11440 E TestRunner: 	at org.junit.runner.JUnitCore.run(JUnitCore.java:137)
12-08 10:35:34.391 11395 11440 E TestRunner: 	at org.junit.runner.JUnitCore.run(JUnitCore.java:115)
12-08 10:35:34.391 11395 11440 E TestRunner: 	at androidx.test.internal.runner.TestExecutor.execute(TestExecuto
12-08 10:35:34.391 11395 11440 E TestRunner: ----- end exception -----
12-08 10:35:34.393 11395 11440 I TestRunner: finished: shouldFindOnTheScreenJustClosedClaim(ru.iteco.fmhandroid.ui.ClaimsPageTest)
12-08 10:35:34.412  8437  8470 D EGL_emulation: eglMakeCurrent: 0xf0c7e8c0: ver 2 0 (tinfo 0xf0cc0670)
12-08 10:35:34.522  1776  1825 D gralloc_ranchu: gralloc_alloc: Creating ashmem region of size 9256960
12-08 10:35:34.529  8437  8470 D EGL_emulation: eglMakeCurrent: 0xe59eb0c0: ver 2 0 (tinfo 0xf0cc0670)
12-08 10:35:34.538  8437  8470 D EGL_emulation: eglMakeCurrent: 0xf0c7e8c0: ver 2 0 (tinfo 0xf0cc0670)
12-08 10:35:34.540  2018  2054 W InputReader: Device has associated, but no associated display id.
12-08 10:35:34.541  2018  2054 I chatty  : uid=1000(system) android.anim identical 18 lines
12-08 10:35:34.541  2018  2054 W InputReader: Device has associated, but no associated display id.
12-08 10:35:34.554  1776  1825 D gralloc_ranchu: gralloc_alloc: Creating ashmem region of size 6471680
12-08 10:35:34.557 11453 11486 D EGL_emulation: eglMakeCurrent: 0xdd81a2a0: ver 2 0 (tinfo 0xdd80f3a0)
12-08 10:35:34.580  1776  1825 D gralloc_ranchu: gralloc_alloc: Creating ashmem region of size 9256960
12-08 10:35:34.584  2170  2566 D EGL_emulation: eglMakeCurrent: 0xe594e040: ver 2 0 (tinfo 0xc52450c0)
12-08 10:35:34.587  8437  8470 D EGL_emulation: eglMakeCurrent: 0xe59eb0c0: ver 2 0 (tinfo 0xf0cc0670)
12-08 10:35:34.612  2170  2566 D EGL_emulation: eglMakeCurrent: 0xe594e040: ver 2 0 (tinfo 0xc52450c0)
12-08 10:35:34.621  8437  8470 D EGL_emulation: eglMakeCurrent: 0xf0c7e8c0: ver 2 0 (tinfo 0xf0cc0670)
12-08 10:35:34.626 11395 11440 I TestRunner: started: shouldShowMessageFieldCannotBeEmpty(ru.iteco.fmhandroid.ui.ClaimsPageTest)
12-08 10:35:34.637  8437  8470 D EGL_emulation: eglMakeCurrent: 0xe59eb0c0: ver 2 0 (tinfo 0xf0cc0670)
12-08 10:35:34.687 11395 11440 W Settings: Setting always_finish_activities has moved from android.provider.Settings.System to android.provider.Settings.Global, returning read-only value.
12-08 10:35:34.704  2018  3051 I ActivityTaskManager: START u0 {act=android.intent.action.MAIN cat=[android.intent.category.LAUNCHER] flg=0x10008000 cmp=ru.iteco.fmhandroid.test/androidx.test.core.app.InstrumentationActivityInvoker$BootstrapActivity (has extras)} from uid 10146
12-08 10:35:34.715  8437  8470 D EGL_emulation: eglMakeCurrent: 0xf0c7e8c0: ver 2 0 (tinfo 0xf0cc0670)
12-08 10:35:34.764  2018  2139 D ConnectivityService: releasing NetworkRequest [ TRACK_DEFAULT id=132, [ Capabilities: INTERNET&NOT_RESTRICTED&TRUSTED Uid: 10129] ] (release request)
12-08 10:35:34.766  1776  1825 D gralloc_ranchu: gralloc_alloc: Creating ashmem region of size 10108928
12-08 10:35:34.773  2018  3051 W InputReader: Device has associated, but no associated display id.
12-08 10:35:34.779  2018  3051 I chatty  : uid=1000(system) Binder:2018_E identical 38 lines
12-08 10:35:34.779  2018  3051 W InputReader: Device has associated, but no associated display id.
12-08 10:35:34.779 11453 11453 W ActivityThread: handleWindowVisibility: no activity for token android.os.BinderProxy@482133
12-08 10:35:34.783  2018  3051 W InputReader: Device has associated, but no associated display id.
12-08 10:35:34.783  2018  3051 I chatty  : uid=1000(system) Binder:2018_E identical 8 lines
12-08 10:35:34.784  2018  3051 W InputReader: Device has associated, but no associated display id.
12-08 10:35:34.815  2170  2186 I ndroid.systemu: NativeAlloc concurrent copying GC freed 3957(280KB) AllocSpace objects, 0(0B) LOS objects, 49% free, 5570KB/10MB, paused 998us total 186.085ms
12-08 10:35:34.822  2018  2054 W InputReader: Device has associated, but no associated display id.
12-08 10:35:34.824  2018  2054 I chatty  : uid=1000(system) android.anim identical 18 lines
12-08 10:35:34.824  2018  2054 W InputReader: Device has associated, but no associated display id.
12-08 10:35:34.828  1776  1825 D gralloc_ranchu: gralloc_alloc: Creating ashmem region of size 6471680
12-08 10:35:34.852  1776  1825 D gralloc_ranchu: gralloc_alloc: Creating ashmem region of size 10108928
12-08 10:35:34.861  2018  5907 I ActivityTaskManager: START u0 {act=android.intent.action.MAIN cat=[android.intent.category.LAUNCHER] cmp=ru.iteco.fmhandroid/.ui.AppActivity} from uid 10146
12-08 10:35:34.873  2170  2566 D EGL_emulation: eglMakeCurrent: 0xe594e040: ver 2 0 (tinfo 0xc52450c0)
12-08 10:35:34.889  2170  2566 D EGL_emulation: eglMakeCurrent: 0xe594e040: ver 2 0 (tinfo 0xc52450c0)
12-08 10:35:34.891  2018  3051 W InputReader: Device has associated, but no associated display id.
12-08 10:35:34.895  2018  3051 I chatty  : uid=1000(system) Binder:2018_E identical 38 lines
12-08 10:35:34.895  2018  3051 W InputReader: Device has associated, but no associated display id.
12-08 10:35:34.895 11395 11395 W ActivityThread: handleWindowVisibility: no activity for token android.os.BinderProxy@65cc616
12-08 10:35:34.896  8437  8470 D EGL_emulation: eglMakeCurrent: 0xe59eb0c0: ver 2 0 (tinfo 0xf0cc0670)
12-08 10:35:34.897  2018  3051 W InputReader: Device has associated, but no associated display id.
12-08 10:35:34.899  2018  3051 I chatty  : uid=1000(system) Binder:2018_E identical 18 lines
12-08 10:35:34.899  2018  3051 W InputReader: Device has associated, but no associated display id.
12-08 10:35:34.909  8437  8470 D EGL_emulation: eglMakeCurrent: 0xf0c7eb00: ver 2 0 (tinfo 0xf0cc0670)
12-08 10:35:34.937 11395 11395 D LifecycleMonitor: Lifecycle status change: ru.iteco.fmhandroid.ui.AppActivity@1572da2 in: PRE_ON_CREATE
12-08 10:35:34.937 11395 11395 V ActivityScenario: Activity lifecycle changed event received but ignored because the reported transition was not ON_CREATE while the last known transition was PRE_ON_CREATE
12-08 10:35:34.947 11395 11428 V FA      : onActivityCreated
12-08 10:35:34.962  8437  8470 D EGL_emulation: eglMakeCurrent: 0xe59eb0c0: ver 2 0 (tinfo 0xf0cc0670)
12-08 10:35:34.967  8437  8470 D EGL_emulation: eglMakeCurrent: 0xf0c7eb00: ver 2 0 (tinfo 0xf0cc0670)
12-08 10:35:34.991 11395 11395 D LifecycleMonitor: Lifecycle status change: ru.iteco.fmhandroid.ui.AppActivity@1572da2 in: CREATED
12-08 10:35:34.991 11395 11395 V ActivityScenario: Update currentActivityStage to CREATED, currentActivity=ru.iteco.fmhandroid.ui.AppActivity@1572da2
12-08 10:35:35.001  8344  8376 D EGL_emulation: eglMakeCurrent: 0xe59ed1c0: ver 2 0 (tinfo 0xe59d9f10)
12-08 10:35:35.004  8437  8470 D EGL_emulation: eglMakeCurrent: 0xf0c7e8c0: ver 2 0 (tinfo 0xf0cc0670)
12-08 10:35:35.015  8344  8393 I cr_BindingManager: onTrimMemory: level=20, size=0
12-08 10:35:35.048  8437  8470 D EGL_emulation: eglMakeCurrent: 0xe59eb0c0: ver 2 0 (tinfo 0xf0cc0670)
12-08 10:35:35.051 11395 11395 D LifecycleMonitor: Lifecycle status change: ru.iteco.fmhandroid.ui.AppActivity@1572da2 in: STARTED
12-08 10:35:35.051 11395 11395 V ActivityScenario: Update currentActivityStage to STARTED, currentActivity=ru.iteco.fmhandroid.ui.AppActivity@1572da2
12-08 10:35:35.052 11395 11395 D LifecycleMonitor: Lifecycle status change: ru.iteco.fmhandroid.ui.AppActivity@1572da2 in: RESUMED
12-08 10:35:35.053 11395 11395 V ActivityScenario: Update currentActivityStage to RESUMED, currentActivity=ru.iteco.fmhandroid.ui.AppActivity@1572da2
12-08 10:35:35.055 11395 11434 V FA      : Activity resumed, time: 58682089
12-08 10:35:35.109  1776  1825 D gralloc_ranchu: gralloc_alloc: Creating ashmem region of size 10108928
12-08 10:35:35.120  1776  1825 I chatty  : uid=1000(system) HwBinder:1776_1 identical 1 line
12-08 10:35:35.126  1776  1825 D gralloc_ranchu: gralloc_alloc: Creating ashmem region of size 10108928
12-08 10:35:35.127 11395 11489 D EGL_emulation: eglMakeCurrent: 0xdd81af60: ver 2 0 (tinfo 0xc30989a0)
12-08 10:35:35.194  2170  2566 D EGL_emulation: eglMakeCurrent: 0xe594e040: ver 2 0 (tinfo 0xc52450c0)
12-08 10:35:35.240  2018  2058 I ActivityTaskManager: Displayed ru.iteco.fmhandroid/.ui.AppActivity: +505ms
12-08 10:35:35.375  2873 11443 V FA-SVC  : Logging event: origin=auto,name=screen_view(_vs),params=Bundle[{ga_event_origin(_o)=auto, ga_previous_class(_pc)=AppActivity, ga_previous_id(_pi)=-7630774614883317534, ga_screen_class(_sc)=AppActivity, ga_screen_id(_si)=-7630774614883317533}]
12-08 10:35:35.429 11395 11408 I teco.fmhandroi: NativeAlloc concurrent copying GC freed 110386(6789KB) AllocSpace objects, 25(2728KB) LOS objects, 38% free, 9717KB/15MB, paused 810us total 169.610ms
12-08 10:35:35.443  2018  2031 I system_server: NativeAlloc concurrent copying GC freed 33971(1715KB) AllocSpace objects, 7(268KB) LOS objects, 26% free, 17MB/23MB, paused 617us total 300.790ms
12-08 10:35:35.458  2873 11443 V FA-SVC  : Upload scheduled in approximately ms: 2049057
12-08 10:35:35.458  2873 11443 V FA-SVC  : Unscheduling upload
12-08 10:35:35.465  2873 11443 V FA-SVC  : Scheduling upload, millis: 2049057
12-08 10:35:35.473  2873 11443 V FA-SVC  : Background event processing time, ms: 99
12-08 10:35:35.513  2656 11624 E SQLiteDatabase: Error inserting flex_time=2049000 job_id=-1 period=4099000 source=16 requires_charging=0 preferred_network_type=1 target_class=com.google.android.gms.measurement.PackageMeasurementTaskService user_id=0 target_package=com.google.android.gms tag=Measurement.PackageMeasurementTaskService.UPLOAD_TASK_TAG task_type=0 required_idleness_state=0 service_kind=0 source_version=202414000 persistence_level=1 preferred_charging_state=1 required_network_type=0 runtime=1670495735486 retry_strategy={"maximum_backoff_seconds":{"3600":0},"initial_backoff_seconds":{"30":0},"retry_policy":{"0":0}} last_runtime=0
12-08 10:35:35.513  2656 11624 E SQLiteDatabase: android.database.sqlite.SQLiteConstraintException: UNIQUE constraint failed: pending_ops.tag, pending_ops.target_class, pending_ops.target_package, pending_ops.user_id (code 2067 SQLITE_CONSTRAINT_UNIQUE)
12-08 10:35:35.513  2656 11624 E SQLiteDatabase: 	at android.database.sqlite.SQLiteConnection.nativeExecuteForLastInsertedRowId(Native Method)
12-08 10:35:35.513  2656 11624 E SQLiteDatabase: 	at android.database.sqlite.SQLiteConnection.executeForLastInsertedRowId(SQLiteConnection.java:879)
12-08 10:35:35.513  2656 11624 E SQLiteDatabase: 	at android.database.sqlite.SQLiteSession.executeForLastInsertedRowId(SQLiteSession.java:790)
12-08 10:35:35.513  2656 11624 E SQLiteDatabase: 	at android.database.sqlite.SQLiteStatement.executeInsert(SQLiteStatement.java:88)
12-08 10:35:35.513  2656 11624 E SQLiteDatabase: 	at android.database.sqlite.SQLiteDatabase.insertWithOnConflict(SQLiteDatabase.java:1599)
12-08 10:35:35.513  2656 11624 E SQLiteDatabase: 	at android.database.sqlite.SQLiteDatabase.insert(SQLiteDatabase.java:1468)
12-08 10:35:35.513  2656 11624 E SQLiteDatabase: 	at aqui.a(:com.google.android.gms@202414022@20.24.14 (040700-319035315):175)
12-08 10:35:35.513  2656 11624 E SQLiteDatabase: 	at aqtk.a(:com.google.android.gms@202414022@20.24.14 (040700-319035315):182)
12-08 10:35:35.513  2656 11624 E SQLiteDatabase: 	at aqtk.a(:com.google.android.gms@202414022@20.24.14 (040700-319035315):23)
12-08 10:35:35.513  2656 11624 E SQLiteDatabase: 	at aqtk.a(:com.google.android.gms@202414022@20.24.14 (040700-319035315):177)
12-08 10:35:35.513  2656 11624 E SQLiteDatabase: 	at aqpu.run(:com.google.android.gms@202414022@20.24.14 (040700-319035315):9)
12-08 10:35:35.513  2656 11624 E SQLiteDatabase: 	at soy.b(:com.google.android.gms@202414022@20.24.14 (040700-319035315):12)
12-08 10:35:35.513  2656 11624 E SQLiteDatabase: 	at soy.run(:com.google.android.gms@202414022@20.24.14 (040700-319035315):7)
12-08 10:35:35.513  2656 11624 E SQLiteDatabase: 	at java.util.concurrent.ThreadPoolExecutor.runWorker(ThreadPoolExecutor.java:1167)
12-08 10:35:35.513  2656 11624 E SQLiteDatabase: 	at java.util.concurrent.ThreadPoolExecutor$Worker.run(ThreadPoolExecutor.java:641)
12-08 10:35:35.513  2656 11624 E SQLiteDatabase: 	at sux.run(:com.google.android.gms@202414022@20.24.14 (040700-319035315):0)
12-08 10:35:35.513  2656 11624 E SQLiteDatabase: 	at java.lang.Thread.run(Thread.java:919)
12-08 10:35:35.902  1764  1891 W audio_hw_generic: Not supplying enough data to HAL, expected position 170719145 , only wrote 170282854
12-08 10:35:35.936 11395 11395 I ViewInteraction: Performing 'wait for a specific view with <(an instance of android.widget.TextView and view.getText() with or without transformation to match: is "Authorization" and view.getParent() view.getParent() view.getId() is <2131231186>)> during 10000 millis.' action on view view.getRootView() to equal view
12-08 10:35:38.054 11395 11501 I okhttp.OkHttpClient: --> GET http://www.981757-ca08998.tmweb.ru:8080/fmh/authentication/userInfo
12-08 10:35:38.054 11395 11501 I okhttp.OkHttpClient: --> END GET
12-08 10:35:38.784 11395 11501 I okhttp.OkHttpClient: <-- 200 http://www.981757-ca08998.tmweb.ru:8080/fmh/authentication/userInfo (729ms)
12-08 10:35:38.785 11395 11501 I okhttp.OkHttpClient: Vary: Origin
12-08 10:35:38.785 11395 11501 I okhttp.OkHttpClient: Vary: Access-Control-Request-Method
12-08 10:35:38.785 11395 11501 I okhttp.OkHttpClient: Vary: Access-Control-Request-Headers
12-08 10:35:38.785 11395 11501 I okhttp.OkHttpClient: X-Content-Type-Options: nosniff
12-08 10:35:38.785 11395 11501 I okhttp.OkHttpClient: X-XSS-Protection: 1; mode=block
12-08 10:35:38.785 11395 11501 I okhttp.OkHttpClient: Cache-Control: no-cache, no-store, max-age=0, must-revalidate
12-08 10:35:38.785 11395 11501 I okhttp.OkHttpClient: Pragma: no-cache
12-08 10:35:38.786 11395 11501 I okhttp.OkHttpClient: Expires: 0
12-08 10:35:38.786 11395 11501 I okhttp.OkHttpClient: X-Frame-Options: DENY
12-08 10:35:38.786 11395 11501 I okhttp.OkHttpClient: Content-Type: application/json
12-08 10:35:38.786 11395 11501 I okhttp.OkHttpClient: Transfer-Encoding: chunked
12-08 10:35:38.786 11395 11501 I okhttp.OkHttpClient: Date: Thu, 08 Dec 2022 10:36:23 GMT
12-08 10:35:38.786 11395 11501 I okhttp.OkHttpClient: Keep-Alive: timeout=60
12-08 10:35:38.787 11395 11501 I okhttp.OkHttpClient: Connection: keep-alive
12-08 10:35:38.787 11395 11501 I okhttp.OkHttpClient: {"id":2,"firstName":"Данил","lastName":"Иванов","middleName":"Данилович","admin":true}
12-08 10:35:38.788 11395 11501 I okhttp.OkHttpClient: <-- END HTTP (106-byte body)
12-08 10:35:38.808 11395 11506 I okhttp.OkHttpClient: --> GET http://www.981757-ca08998.tmweb.ru:8080/fmh/claims
12-08 10:35:38.808 11395 11506 I okhttp.OkHttpClient: --> END GET
12-08 10:35:40.697 11395 11395 I Choreographer: Skipped 113 frames!  The application may be doing too much work on its main thread.
12-08 10:35:40.740 11395 11434 V FA      : Inactivity, disconnecting from the service
12-08 10:35:40.917 11395 11489 I OpenGLRenderer: Davey! duration=2104ms; Flags=1, IntendedVsync=58685849276524, Vsync=58687732609782, OldestInputEvent=9223372036854775807, NewestInputEvent=0, HandleInputStart=58687734266180, AnimationStart=58687734343480, PerformTraversalsStart=58687734583880, DrawStart=58687762609180, SyncQueued=58687765188880, SyncStart=58687765637580, IssueDrawCommandsStart=58687765890380, SwapBuffers=58687948293480, FrameCompleted=58687953939080, DequeueBufferDuration=235000, QueueBufferDuration=437000, 
12-08 10:35:41.344 11395 11506 I okhttp.OkHttpClient: <-- 200 http://www.981757-ca08998.tmweb.ru:8080/fmh/claims (2536ms)
12-08 10:35:41.345 11395 11506 I okhttp.OkHttpClient: Vary: Origin
12-08 10:35:41.345 11395 11506 I okhttp.OkHttpClient: Vary: Access-Control-Request-Method
12-08 10:35:41.345 11395 11506 I okhttp.OkHttpClient: Vary: Access-Control-Request-Headers
12-08 10:35:41.345 11395 11506 I okhttp.OkHttpClient: X-Content-Type-Options: nosniff
12-08 10:35:41.345 11395 11506 I okhttp.OkHttpClient: X-XSS-Protection: 1; mode=block
12-08 10:35:41.345 11395 11506 I okhttp.OkHttpClient: Cache-Control: no-cache, no-store, max-age=0, must-revalidate
12-08 10:35:41.345 11395 11506 I okhttp.OkHttpClient: Pragma: no-cache
12-08 10:35:41.345 11395 11506 I okhttp.OkHttpClient: Expires: 0
12-08 10:35:41.345 11395 11506 I okhttp.OkHttpClient: X-Frame-Options: DENY
12-08 10:35:41.345 11395 11506 I okhttp.OkHttpClient: Content-Type: application/json
12-08 10:35:41.345 11395 11506 I okhttp.OkHttpClient: Transfer-Encoding: chunked
12-08 10:35:41.345 11395 11506 I okhttp.OkHttpClient: Date: Thu, 08 Dec 2022 10:36:26 GMT
12-08 10:35:41.345 11395 11506 I okhttp.OkHttpClient: Keep-Alive: timeout=60
12-08 10:35:41.345 11395 11506 I okhttp.OkHttpClient: Connection: keep-alive
12-08 10:35:44.404  1893  1893 E netmgr  : Failed to open QEMU pipe 'qemud:network': Invalid argument
12-08 10:35:44.651  2018  2058 E memtrack: Couldn't load memtrack module
12-08 10:35:44.651  2018  2058 W android.os.Debug: failed to get memory consumption info: -1
12-08 10:35:44.733  2018  2058 E memtrack: Couldn't load memtrack module
12-08 10:35:44.733  2018  2058 W android.os.Debug: failed to get memory consumption info: -1
12-08 10:35:45.964 11395 11395 D takeScreenshot: Found 1 global views to redraw
12-08 10:35:46.002  1776  1825 D gralloc_ranchu: gralloc_alloc: Creating ashmem region of size 10108928
12-08 10:35:46.079 11395 11440 W DefaultFailureHandler: Failed to take screenshot
12-08 10:35:46.079 11395 11440 W DefaultFailureHandler: java.io.FileNotFoundException: view-op-error-12.png: open failed: EROFS (Read-only file system)
12-08 10:35:46.079 11395 11440 W DefaultFailureHandler: 	at libcore.io.IoBridge.open(IoBridge.java:496)
12-08 10:35:46.079 11395 11440 W DefaultFailureHandler: 	at java.io.FileOutputStream.<init>(FileOutputStream.java:235)
12-08 10:35:46.079 11395 11440 W DefaultFailureHandler: 	at java.io.FileOutputStream.<init>(FileOutputStream.java:125)
12-08 10:35:46.079 11395 11440 W DefaultFailureHandler: 	at androidx.test.platform.io.FileTestStorage.openOutputFile(FileTestStorage.java:60)
12-08 10:35:46.079 11395 11440 W DefaultFailureHandler: 	at androidx.test.core.graphics.BitmapStorage.writeToTestStorage(BitmapStorageExt.kt:49)
12-08 10:35:46.079 11395 11440 W DefaultFailureHandler: 	at androidx.test.espresso.base.DefaultFailureHandler.takeScreenshot(DefaultFailureHandler.java:4)
12-08 10:35:46.079 11395 11440 W DefaultFailureHandler: 	at androidx.test.espresso.base.DefaultFailureHandler.handle(DefaultFailureHandler.java:3)
12-08 10:35:46.079 11395 11440 W DefaultFailureHandler: 	at androidx.test.espresso.ViewInteraction.waitForAndHandleInteractionResults(ViewInteraction.java:8)
12-08 10:35:46.079 11395 11440 W DefaultFailureHandler: 	at androidx.test.espresso.ViewInteraction.desugaredPerform(ViewInteraction.java:11)
12-08 10:35:46.079 11395 11440 W DefaultFailureHandler: 	at androidx.test.espresso.ViewInteraction.perform(ViewInteraction.java:8)
12-08 10:35:46.079 11395 11440 W DefaultFailureHandler: 	at ru.iteco.fmhandroid.ui.data.TestUtils.waitView(TestUtils.java:61)
12-08 10:35:46.079 11395 11440 W DefaultFailureHandler: 	at ru.iteco.fmhandroid.ui.steps.AuthSteps.isAuthScreen(AuthSteps.java:56)
12-08 10:35:46.079 11395 11440 W DefaultFailureHandler: 	at ru.iteco.fmhandroid.ui.ClaimsPageTest.logoutCheck(ClaimsPageTest.java:51)
12-08 10:35:46.079 11395 11440 W DefaultFailureHandler: 	at java.lang.reflect.Method.invoke(Native Method)
12-08 10:35:46.079 11395 11440 W DefaultFailureHandler: 	at org.junit.runners.model.FrameworkMethod$1.runReflectiveCall(FrameworkMethod.java:59)
12-08 10:35:46.079 11395 11440 W DefaultFailureHandler: 	at org.junit.internal.runners.model.ReflectiveCallable.run(ReflectiveCallable.java:12)
12-08 10:35:46.079 11395 11440 W DefaultFailureHandler: 	at org.junit.runners.model.FrameworkMethod.invokeExplosively(FrameworkMethod.java:56)
12-08 10:35:46.079 11395 11440 W DefaultFailureHandler: 	at androidx.test.internal.runner.junit4.statement.RunBefores.evaluate(RunBefores.java:76)
12-08 10:35:46.079 11395 11440 W DefaultFailureHandler: 	at io.qameta.allure.android.rules.ScreenshotRule$apply$1.evaluate(ScreenshotRule.kt:22)
12-08 10:35:46.079 11395 11440 W DefaultFailureHandler: 	at org.junit.rules.ExternalResource$1.evaluate(ExternalResource.java:54)
12-08 10:35:46.079 11395 11440 W DefaultFailureHandler: 	at io.qameta.allure.android.rules.LogcatRule$apply$1.evaluate(LogcatRule.kt:23)
12-08 10:35:46.079 11395 11440 W DefaultFailureHandler: 	at org.junit.rules.RunRules.evaluate(RunRules.java:20)
12-08 10:35:46.079 11395 11440 W DefaultFailureHandler: 	at org.junit.runners.ParentRunner$3.evaluate(ParentRunner.java:306)
12-08 10:35:46.079 11395 11440 W DefaultFailureHandler: 	at org.junit.runners.BlockJUnit4ClassRunner$1.evaluate(BlockJUnit4ClassRunner.java:100)
12-08 10:35:46.079 11395 11440 W DefaultFailureHandler: 	at org.junit.runners.ParentRunner.runLeaf(ParentRunner.java:366)
12-08 10:35:46.079 11395 11440 W DefaultFailureHandler: 	at org.junit.runners.BlockJUnit4ClassRunner.runChild(BlockJUnit4ClassRunner.java:103)
12-08 10:35:46.079 11395 11440 W DefaultFailureHandler: 	at org.junit.runners.BlockJUnit4ClassRunner.runChild(BlockJUnit4ClassRunner.java:63)
12-08 10:35:46.079 11395 11440 W DefaultFailureHandler: 	at org.junit.runners.ParentRunner$4.run(ParentRunner.java:331)
12-08 10:35:46.079 11395 11440 W DefaultFailureHandler: 	at org.junit.runners.ParentRunner$1.schedule(ParentRunner.java:79)
12-08 10:35:46.079 11395 11440 W DefaultFailureHandler: 	at org.junit.runners.ParentRunner.runChildren(ParentRunner.java:329)
12-08 10:35:46.079 11395 11440 W DefaultFailureHandler: 	at org.junit.runners.ParentRunner.access$100(ParentRunner.java:66)
12-08 10:35:46.079 11395 11440 W DefaultFailureHandler: 	at org.junit.runners.ParentRunner$2.evaluate(ParentRunner.java:293)
12-08 10:35:46.079 11395 11440 W DefaultFailureHandler: 	at org.junit.runners.ParentRunner$3.evaluate(ParentRunner.java:306)
12-08 10:35:46.079 11395 11440 W DefaultFailureHandler: 	at org.junit.runners.ParentRunner.run(ParentRunner.java:413)
12-08 10:35:46.079 11395 11440 W DefaultFailureHandler: 	at androidx.test.ext.junit.runners.AndroidJUnit4.run(AndroidJUnit4.java:162)
12-08 10:35:46.079 11395 11440 W DefaultFailureHandler: 	at io.qameta.allure.android.runners.AllureAndroidJUnit4.run(AllureAndroidJUnitRunners.kt:29)
12-08 10:35:46.079 11395 11440 W DefaultFailureHandler: 	at org.junit.runners.Suite.runChild(Suite.java:128)
12-08 10:35:46.079 11395 11440 W DefaultFailureHandler: 	at org.junit.runners.Suite.runChild(Suite.java:27)
12-08 10:35:46.079 11395 11440 W DefaultFailureHandler: 	at org.junit.runners.ParentRunner$4.run(ParentRunner.java:331)
12-08 10:35:46.079 11395 11440 W DefaultFailureHandler: 	at org.junit.runners.ParentRunner$1.schedule(ParentRunner.java:79)
12-08 10:35:46.079 11395 11440 W DefaultFailureHandler: 	at org.junit.runners.ParentRunner.runChildren(ParentRunner.java:329)
12-08 10:35:46.079 11395 11440 W DefaultFailureHandler: 	at org.junit.runners.ParentRunner.access$100(ParentRunner.java:66)
12-08 10:35:46.079 11395 11440 W DefaultFailureHandler: 	at org.junit.runners.ParentRunner$2.evaluate(ParentRunner.java:293)
12-08 10:35:46.079 11395 11440 W DefaultFailureHandler: 	at org.junit.runners.ParentRunner$3.evaluate(ParentRunner.java:306)
12-08 10:35:46.079 11395 11440 W DefaultFailureHandler: 	at org.junit.runners.ParentRunner.run(ParentRunner.java:413)
12-08 10:35:46.079 11395 11440 W DefaultFailureHandler: 	at org.junit.runner.JUnitCore.run(JUnitCore.java:137)
12-08 10:35:46.079 11395 11440 W DefaultFailureHandler: 	at org.junit.runner.JUnitCore.run(JUnitCore.java:115)
12-08 10:35:46.079 11395 11440 W DefaultFailureHandler: 	at androidx.test.internal.runner.TestExecutor.execute(TestExecutor.java:67)
12-08 10:35:46.079 11395 11440 W DefaultFailureHandler: 	at androidx.test.internal.runner.TestExecutor.execute(TestExecutor.java:58)
12-08 10:35:46.079 11395 11440 W DefaultFailureHandler: 	at androidx.test.runner.AndroidJUnitRunner.onStart(AndroidJUnitRunner.java:438)
12-08 10:35:46.079 11395 11440 W DefaultFailureHandler: 	at android.app.Instrumentation$InstrumentationThread.run(Instrumentation.java:2189)
12-08 10:35:46.079 11395 11440 W DefaultFailureHandler: Caused by: android.system.ErrnoException: open failed: EROFS (Read-only file system)
12-08 10:35:46.079 11395 11440 W DefaultFailureHandler: 	at libcore.io.Linux.open(Native Method)
12-08 10:35:46.079 11395 11440 W DefaultFailureHandler: 	at libcore.io.ForwardingOs.open(ForwardingOs.java:167)
12-08 10:35:46.079 11395 11440 W DefaultFailureHandler: 	at libcore.io.BlockGuardOs.open(BlockGuardOs.java:252)
12-08 10:35:46.079 11395 11440 W DefaultFailureHandler: 	at libcore.io.ForwardingOs.open(ForwardingOs.java:167)
12-08 10:35:46.079 11395 11440 W DefaultFailureHandler: 	at android.app.ActivityThread$AndroidOs.open(ActivityThread.java:7255)
12-08 10:35:46.079 11395 11440 W DefaultFailureHandler: 	at libcore.io.IoBridge.open(IoBridge.java:482)
12-08 10:35:46.079 11395 11440 W DefaultFailureHandler: 	... 50 more
12-08 10:35:46.085 11395 11395 I ViewInteraction: Performing 'wait for a specific view with <view.getId() is <2131230870/ru.iteco.fmhandroid:id/authorization_image_button>> during 10000 millis.' action on view view.getRootView() to equal view
12-08 10:35:46.089 11395 11395 I ViewInteraction: Checking 'MatchesViewAssertion{viewMatcher=(view has effective visibility <VISIBLE> and view.getGlobalVisibleRect() to return non-empty rectangle)}' assertion on view view.getId() is <2131230870/ru.iteco.fmhandroid:id/authorization_image_button>
12-08 10:35:46.092 11395 11395 I ViewInteraction: Performing 'single click' action on view view.getId() is <2131230870/ru.iteco.fmhandroid:id/authorization_image_button>
12-08 10:35:46.146  1764  6994 W audio_hw_generic: Not supplying enough data to HAL, expected position 170282879 , only wrote 170282854
12-08 10:35:46.192  1776  1825 D gralloc_ranchu: gralloc_alloc: Creating ashmem region of size 884736
12-08 10:35:46.198  1776  1825 I chatty  : uid=1000(system) HwBinder:1776_1 identical 1 line
12-08 10:35:46.202  1776  1825 D gralloc_ranchu: gralloc_alloc: Creating ashmem region of size 884736
12-08 10:35:46.207 11395 11489 D EGL_emulation: eglMakeCurrent: 0xdd81af60: ver 2 0 (tinfo 0xc30989a0)
12-08 10:35:46.274 11395 11489 I chatty  : uid=10146(ru.iteco.fmhandroid) RenderThread identical 3 lines
12-08 10:35:46.287 11395 11489 D EGL_emulation: eglMakeCurrent: 0xdd81af60: ver 2 0 (tinfo 0xc30989a0)
12-08 10:35:46.495 11395 11395 I ViewInteraction: Performing 'wait for a specific view with <an instance of android.widget.TextView and view.getText() with or without transformation to match: is "Log out"> during 10000 millis.' action on view view.getRootView() to equal view
12-08 10:35:46.499 11395 11395 I ViewInteraction: Checking 'MatchesViewAssertion{viewMatcher=(view has effective visibility <VISIBLE> and view.getGlobalVisibleRect() to return non-empty rectangle)}' assertion on view an instance of android.widget.TextView and view.getText() with or without transformation to match: is "Log out"
12-08 10:35:46.501 11395 11395 I ViewInteraction: Performing 'single click' action on view an instance of android.widget.TextView and view.getText() with or without transformation to match: is "Log out"
12-08 10:35:46.702 11395 11489 D EGL_emulation: eglMakeCurrent: 0xdd81af60: ver 2 0 (tinfo 0xc30989a0)
12-08 10:35:46.743 11395 11489 D EGL_emulation: eglMakeCurrent: 0xdd81af60: ver 2 0 (tinfo 0xc30989a0)
12-08 10:35:46.836 11395 11395 I ViewInteraction: Performing 'wait for a specific view with <(an instance of android.widget.TextView and view.getText() with or without transformation to match: is "Authorization" and view.getParent() view.getParent() view.getId() is <2131231186>)> during 10000 millis.' action on view view.getRootView() to equal view
12-08 10:35:46.842 11395 11395 I ViewInteraction: Checking 'MatchesViewAssertion{viewMatcher=(view has effective visibility <VISIBLE> and view.getGlobalVisibleRect() to return non-empty rectangle)}' assertion on view (an instance of android.widget.TextView and view.getText() with or without transformation to match: is "Authorization" and view.getParent() view.getParent() view.getId() is <2131231186/ru.iteco.fmhandroid:id/nav_host_fragment>)
12-08 10:35:46.846 11395 11395 I ViewInteraction: Performing 'wait for a specific view with <(an instance of android.widget.TextView and view.getHint() matching: is "Login" and view.getParent() view.getParent() view.getId() is <2131231121/ru.iteco.fmhandroid:id/login_text_input_layout>)> during 10000 millis.' action on view view.getRootView() to equal view
12-08 10:35:46.851 11395 11395 I ViewInteraction: Checking 'MatchesViewAssertion{viewMatcher=(view has effective visibility <VISIBLE> and view.getGlobalVisibleRect() to return non-empty rectangle)}' assertion on view (an instance of android.widget.TextView and view.getHint() matching: is "Login" and view.getParent() view.getParent() view.getId() is <2131231121/ru.iteco.fmhandroid:id/login_text_input_layout>)
12-08 10:35:46.854 11395 11395 I ViewInteraction: Performing 'wait for a specific view with <(an instance of android.widget.TextView and view.getHint() matching: is "Password" and view.getParent() view.getParent() view.getId() is <2131231264/ru.iteco.fmhandroid:id/password_text_input_layout>)> during 10000 millis.' action on view view.getRootView() to equal view
12-08 10:35:46.860 11395 11395 I ViewInteraction: Checking 'MatchesViewAssertion{viewMatcher=(view has effective visibility <VISIBLE> and view.getGlobalVisibleRect() to return non-empty rectangle)}' assertion on view (an instance of android.widget.TextView and view.getHint() matching: is "Password" and view.getParent() view.getParent() view.getId() is <2131231264/ru.iteco.fmhandroid:id/password_text_input_layout>)
12-08 10:35:46.864 11395 11395 I ViewInteraction: Performing 'wait for a specific view with <(view.getId() is <2131231039/ru.iteco.fmhandroid:id/enter_button> and an instance of android.widget.TextView and view.getText() with or without transformation to match: is "SIGN IN" and view.getContentDescription() is "Save" and view.getParent() view.getParent() an instance of android.widget.RelativeLayout)> during 10000 millis.' action on view view.getRootView() to equal view
12-08 10:35:46.870 11395 11395 I ViewInteraction: Checking 'MatchesViewAssertion{viewMatcher=(view has effective visibility <VISIBLE> and view.getGlobalVisibleRect() to return non-empty rectangle)}' assertion on view (view.getId() is <2131231039/ru.iteco.fmhandroid:id/enter_button> and an instance of android.widget.TextView and view.getText() with or without transformation to match: is "SIGN IN" and view.getContentDescription() is "Save" and view.getParent() view.getParent() an instance of android.widget.RelativeLayout)
12-08 10:35:46.874 11395 11395 I ViewInteraction: Performing 'wait for a specific view with <(an instance of android.widget.TextView and view.getText() with or without transformation to match: is "Authorization" and view.getParent() view.getParent() view.getId() is <2131231186>)> during 10000 millis.' action on view view.getRootView() to equal view
12-08 10:35:46.879 11395 11395 I ViewInteraction: Checking 'MatchesViewAssertion{viewMatcher=(view has effective visibility <VISIBLE> and view.getGlobalVisibleRect() to return non-empty rectangle)}' assertion on view (an instance of android.widget.TextView and view.getText() with or without transformation to match: is "Authorization" and view.getParent() view.getParent() view.getId() is <2131231186/ru.iteco.fmhandroid:id/nav_host_fragment>)
12-08 10:35:46.879 11395 11401 W teco.fmhandroi: Accessing hidden method Lsun/misc/Unsafe;->getObject(Ljava/lang/Object;J)Ljava/lang/Object; (greylist, linking, allowed)
12-08 10:35:46.884 11395 11395 I ViewInteraction: Performing 'wait for a specific view with <(an instance of android.widget.TextView and view.getHint() matching: is "Login" and view.getParent() view.getParent() view.getId() is <2131231121/ru.iteco.fmhandroid:id/login_text_input_layout>)> during 10000 millis.' action on view view.getRootView() to equal view
12-08 10:35:46.888 11395 11395 I ViewInteraction: Checking 'MatchesViewAssertion{viewMatcher=(view has effective visibility <VISIBLE> and view.getGlobalVisibleRect() to return non-empty rectangle)}' assertion on view (an instance of android.widget.TextView and view.getHint() matching: is "Login" and view.getParent() view.getParent() view.getId() is <2131231121/ru.iteco.fmhandroid:id/login_text_input_layout>)
12-08 10:35:46.891 11395 11395 I ViewInteraction: Performing 'wait for a specific view with <(an instance of android.widget.TextView and view.getHint() matching: is "Password" and view.getParent() view.getParent() view.getId() is <2131231264/ru.iteco.fmhandroid:id/password_text_input_layout>)> during 10000 millis.' action on view view.getRootView() to equal view
12-08 10:35:46.895 11395 11395 I ViewInteraction: Checking 'MatchesViewAssertion{viewMatcher=(view has effective visibility <VISIBLE> and view.getGlobalVisibleRect() to return non-empty rectangle)}' assertion on view (an instance of android.widget.TextView and view.getHint() matching: is "Password" and view.getParent() view.getParent() view.getId() is <2131231264/ru.iteco.fmhandroid:id/password_text_input_layout>)
12-08 10:35:46.901 11395 11395 I ViewInteraction: Performing 'wait for a specific view with <(view.getId() is <2131231039/ru.iteco.fmhandroid:id/enter_button> and an instance of android.widget.TextView and view.getText() with or without transformation to match: is "SIGN IN" and view.getContentDescription() is "Save" and view.getParent() view.getParent() an instance of android.widget.RelativeLayout)> during 10000 millis.' action on view view.getRootView() to equal view
12-08 10:35:46.904 11395 11395 I ViewInteraction: Checking 'MatchesViewAssertion{viewMatcher=(view has effective visibility <VISIBLE> and view.getGlobalVisibleRect() to return non-empty rectangle)}' assertion on view (view.getId() is <2131231039/ru.iteco.fmhandroid:id/enter_button> and an instance of android.widget.TextView and view.getText() with or without transformation to match: is "SIGN IN" and view.getContentDescription() is "Save" and view.getParent() view.getParent() an instance of android.widget.RelativeLayout)
12-08 10:35:46.907 11395 11395 I ViewInteraction: Performing 'wait for a specific view with <(an instance of android.widget.TextView and view.getHint() matching: is "Login" and view.getParent() view.getParent() view.getId() is <2131231121/ru.iteco.fmhandroid:id/login_text_input_layout>)> during 10000 millis.' action on view view.getRootView() to equal view
12-08 10:35:46.913 11395 11395 I ViewInteraction: Performing 'replace text(login2)' action on view (an instance of android.widget.TextView and view.getHint() matching: is "Login" and view.getParent() view.getParent() view.getId() is <2131231121/ru.iteco.fmhandroid:id/login_text_input_layout>)
12-08 10:35:46.940 11395 11395 I ViewInteraction: Performing 'wait for a specific view with <(an instance of android.widget.TextView and view.getHint() matching: is "Password" and view.getParent() view.getParent() view.getId() is <2131231264/ru.iteco.fmhandroid:id/password_text_input_layout>)> during 10000 millis.' action on view view.getRootView() to equal view
12-08 10:35:46.947 11395 11395 I ViewInteraction: Performing 'replace text(password2)' action on view (an instance of android.widget.TextView and view.getHint() matching: is "Password" and view.getParent() view.getParent() view.getId() is <2131231264/ru.iteco.fmhandroid:id/password_text_input_layout>)
12-08 10:35:46.963 11395 11395 I ViewInteraction: Performing 'wait for a specific view with <(view.getId() is <2131231039/ru.iteco.fmhandroid:id/enter_button> and an instance of android.widget.TextView and view.getText() with or without transformation to match: is "SIGN IN" and view.getContentDescription() is "Save" and view.getParent() view.getParent() an instance of android.widget.RelativeLayout)> during 10000 millis.' action on view view.getRootView() to equal view
12-08 10:35:46.976 11395 11395 I ViewInteraction: Checking 'MatchesViewAssertion{viewMatcher=view.isClickable() is <true>}' assertion on view (view.getId() is <2131231039/ru.iteco.fmhandroid:id/enter_button> and an instance of android.widget.TextView and view.getText() with or without transformation to match: is "SIGN IN" and view.getContentDescription() is "Save" and view.getParent() view.getParent() an instance of android.widget.RelativeLayout)
12-08 10:35:46.981 11395 11395 I ViewInteraction: Performing 'wait for a specific view with <(view.getId() is <2131231039/ru.iteco.fmhandroid:id/enter_button> and an instance of android.widget.TextView and view.getText() with or without transformation to match: is "SIGN IN" and view.getContentDescription() is "Save" and view.getParent() view.getParent() an instance of android.widget.RelativeLayout)> during 10000 millis.' action on view view.getRootView() to equal view
12-08 10:35:46.986 11395 11395 I ViewInteraction: Checking 'MatchesViewAssertion{viewMatcher=view.isClickable() is <true>}' assertion on view (view.getId() is <2131231039/ru.iteco.fmhandroid:id/enter_button> and an instance of android.widget.TextView and view.getText() with or without transformation to match: is "SIGN IN" and view.getContentDescription() is "Save" and view.getParent() view.getParent() an instance of android.widget.RelativeLayout)
12-08 10:35:46.992 11395 11395 I ViewInteraction: Performing 'wait for a specific view with <(view.getId() is <2131231039/ru.iteco.fmhandroid:id/enter_button> and an instance of android.widget.TextView and view.getText() with or without transformation to match: is "SIGN IN" and view.getContentDescription() is "Save" and view.getParent() view.getParent() an instance of android.widget.RelativeLayout)> during 10000 millis.' action on view view.getRootView() to equal view
12-08 10:35:46.996 11395 11395 I ViewInteraction: Performing 'single click' action on view (view.getId() is <2131231039/ru.iteco.fmhandroid:id/enter_button> and an instance of android.widget.TextView and view.getText() with or without transformation to match: is "SIGN IN" and view.getContentDescription() is "Save" and view.getParent() view.getParent() an instance of android.widget.RelativeLayout)
12-08 10:35:47.050 11395 11519 I okhttp.OkHttpClient: --> POST http://www.981757-ca08998.tmweb.ru:8080/fmh/authentication/login
12-08 10:35:47.051 11395 11519 I okhttp.OkHttpClient: Content-Type: application/json; charset=UTF-8
12-08 10:35:47.051 11395 11519 I okhttp.OkHttpClient: Content-Length: 41
12-08 10:35:47.051 11395 11519 I okhttp.OkHttpClient: {"login":"login2","password":"password2"}
12-08 10:35:47.051 11395 11519 I okhttp.OkHttpClient: --> END POST (41-byte body)
12-08 10:35:47.290 11395 11395 I ViewInteraction: Performing 'wait for a specific view with <an instance of android.widget.TextView and view.getText() with or without transformation to match: is "News"> during 10000 millis.' action on view view.getRootView() to equal view
12-08 10:35:47.332 11395 11519 I okhttp.OkHttpClient: <-- 200 http://www.981757-ca08998.tmweb.ru:8080/fmh/authentication/login (280ms)
12-08 10:35:47.332 11395 11519 I okhttp.OkHttpClient: Vary: Origin
12-08 10:35:47.332 11395 11519 I okhttp.OkHttpClient: Vary: Access-Control-Request-Method
12-08 10:35:47.333 11395 11519 I okhttp.OkHttpClient: Vary: Access-Control-Request-Headers
12-08 10:35:47.333 11395 11519 I okhttp.OkHttpClient: X-Content-Type-Options: nosniff
12-08 10:35:47.333 11395 11519 I okhttp.OkHttpClient: X-XSS-Protection: 1; mode=block
12-08 10:35:47.333 11395 11519 I okhttp.OkHttpClient: Cache-Control: no-cache, no-store, max-age=0, must-revalidate
12-08 10:35:47.333 11395 11519 I okhttp.OkHttpClient: Pragma: no-cache
12-08 10:35:47.333 11395 11519 I okhttp.OkHttpClient: Expires: 0
12-08 10:35:47.334 11395 11519 I okhttp.OkHttpClient: X-Frame-Options: DENY
12-08 10:35:47.334 11395 11519 I okhttp.OkHttpClient: Content-Type: application/json
12-08 10:35:47.334 11395 11519 I okhttp.OkHttpClient: Transfer-Encoding: chunked
12-08 10:35:47.334 11395 11519 I okhttp.OkHttpClient: Date: Thu, 08 Dec 2022 10:36:32 GMT
12-08 10:35:47.334 11395 11519 I okhttp.OkHttpClient: Keep-Alive: timeout=60
12-08 10:35:47.334 11395 11519 I okhttp.OkHttpClient: Connection: keep-alive
12-08 10:35:47.335 11395 11519 I okhttp.OkHttpClient: {"accessToken":"eyJhbGciOiJIUzUxMiJ9.eyJzdWIiOiJsb2dpbjIiLCJqdGkiOiIyIiwiZXhwIjoxNjcwNTgyMTkyfQ.ULDsrcvJ7WHwXfqFGPQ-4SwINpaAzZt5Um39k183snwAVGTJkz2muAOwwpgbRVtpnKHNZYZTJ6TvztmWj1Bjwg","refreshToken":"eyJhbGciOiJIUzUxMiJ9.eyJzdWIiOiJsb2dpbjIiLCJqdGkiOiIyIiwiZXhwIjoxNjczMDg3NzkyfQ.yrkU-LoPIhZKZHmSV1Eb9QVhnnAJDB--DrcLwYzK3W-GNrOhRgI4Zb80Dyl7N3brB9oEDjmUL7XGrhzVE1lPvQ"}
12-08 10:35:47.335 11395 11519 I okhttp.OkHttpClient: <-- END HTTP (368-byte body)
12-08 10:35:47.342 11395 11501 I okhttp.OkHttpClient: --> GET http://www.981757-ca08998.tmweb.ru:8080/fmh/authentication/userInfo
