12-07 20:51:49.885   529   576 W DefaultFailureHandler: 	at java.io.FileOutputStream.<init>(FileOutputStream.java:235)
12-07 20:51:49.885   529   576 W DefaultFailureHandler: 	at java.io.FileOutputStream.<init>(FileOutputStream.java:125)
12-07 20:51:49.885   529   576 W DefaultFailureHandler: 	at androidx.test.platform.io.FileTestStorage.openOutputFile(FileTestStorage.java:60)
12-07 20:51:49.885   529   576 W DefaultFailureHandler: 	at androidx.test.core.graphics.BitmapStorage.writeToTestStorage(BitmapStorageExt.kt:49)
12-07 20:51:49.885   529   576 W DefaultFailureHandler: 	at androidx.test.espresso.base.DefaultFailureHandler.takeScreenshot(DefaultFailureHandler.java:4)
12-07 20:51:49.885   529   576 W DefaultFailureHandler: 	at androidx.test.espresso.base.DefaultFailureHandler.handle(DefaultFailureHandler.java:3)
12-07 20:51:49.885   529   576 W DefaultFailureHandler: 	at androidx.test.espresso.ViewInteraction.waitForAndHandleInteractionResults(ViewInteraction.java:8)
12-07 20:51:49.885   529   576 W DefaultFailureHandler: 	at androidx.test.espresso.ViewInteraction.desugaredPerform(ViewInteraction.java:11)
12-07 20:51:49.885   529   576 W DefaultFailureHandler: 	at androidx.test.espresso.ViewInteraction.perform(ViewInteraction.java:8)
12-07 20:51:49.885   529   576 W DefaultFailureHandler: 	at ru.iteco.fmhandroid.ui.steps.ClaimsPageSteps.scrollToElementInRecyclerList(ClaimsPageSteps.java:130)
12-07 20:51:49.885   529   576 W DefaultFailureHandler: 	at ru.iteco.fmhandroid.ui.steps.ClaimsPageSteps.openClaimCard(ClaimsPageSteps.java:153)
12-07 20:51:49.885   529   576 W DefaultFailureHandler: 	at ru.iteco.fmhandroid.ui.ClaimEditTest.shouldSaveClaimChanges(ClaimEditTest.java:75)
12-07 20:51:49.885   529   576 W DefaultFailureHandler: 	at java.lang.reflect.Method.invoke(Native Method)
12-07 20:51:49.885   529   576 W DefaultFailureHandler: 	at org.junit.runners.model.FrameworkMethod$1.runReflectiveCall(FrameworkMethod.java:59)
12-07 20:51:49.885   529   576 W DefaultFailureHandler: 	at org.junit.internal.runners.model.ReflectiveCallable.run(ReflectiveCallable.java:12)
12-07 20:51:49.885   529   576 W DefaultFailureHandler: 	at org.junit.runners.model.FrameworkMethod.invokeExplosively(FrameworkMethod.java:56)
12-07 20:51:49.885   529   576 W DefaultFailureHandler: 	at org.junit.internal.runners.statements.InvokeMethod.evaluate(InvokeMethod.java:17)
12-07 20:51:49.885   529   576 W DefaultFailureHandler: 	at androidx.test.internal.runner.junit4.statement.RunBefores.evaluate(RunBefores.java:80)
12-07 20:51:49.885   529   576 W DefaultFailureHandler: 	at io.qameta.allure.android.rules.ScreenshotRule$apply$1.evaluate(ScreenshotRule.kt:22)
12-07 20:51:49.885   529   576 W DefaultFailureHandler: 	at org.junit.rules.ExternalResource$1.evaluate(ExternalResource.java:54)
12-07 20:51:49.885   529   576 W DefaultFailureHandler: 	at io.qameta.allure.android.rules.LogcatRule$apply$1.evaluate(LogcatRule.kt:23)
12-07 20:51:49.885   529   576 W DefaultFailureHandler: 	at org.junit.rules.RunRules.evaluate(RunRules.java:20)
12-07 20:51:49.885   529   576 W DefaultFailureHandler: 	at org.junit.runners.ParentRunner$3.evaluate(ParentRunner.java:306)
12-07 20:51:49.885   529   576 W DefaultFailureHandler: 	at org.junit.runners.BlockJUnit4ClassRunner$1.evaluate(BlockJUnit4ClassRunner.java:100)
12-07 20:51:49.885   529   576 W DefaultFailureHandler: 	at org.junit.runners.ParentRunner.runLeaf(ParentRunner.java:366)
12-07 20:51:49.885   529   576 W DefaultFailureHandler: 	at org.junit.runners.BlockJUnit4ClassRunner.runChild(BlockJUnit4ClassRunner.java:103)
12-07 20:51:49.885   529   576 W DefaultFailureHandler: 	at org.junit.runners.BlockJUnit4ClassRunner.runChild(BlockJUnit4ClassRunner.java:63)
12-07 20:51:49.885   529   576 W DefaultFailureHandler: 	at org.junit.runners.ParentRunner$4.run(ParentRunner.java:331)
12-07 20:51:49.885   529   576 W DefaultFailureHandler: 	at org.junit.runners.ParentRunner$1.schedule(ParentRunner.java:79)
12-07 20:51:49.885   529   576 W DefaultFailureHandler: 	at org.junit.runners.ParentRunner.runChildren(ParentRunner.java:329)
12-07 20:51:49.885   529   576 W DefaultFailureHandler: 	at org.junit.runners.ParentRunner.access$100(ParentRunner.java:66)
12-07 20:51:49.885   529   576 W DefaultFailureHandler: 	at org.junit.runners.ParentRunner$2.evaluate(ParentRunner.java:293)
12-07 20:51:49.885   529   576 W DefaultFailureHandler: 	at org.junit.runners.ParentRunner$3.evaluate(ParentRunner.java:306)
12-07 20:51:49.885   529   576 W DefaultFailureHandler: 	at org.junit.runners.ParentRunner.run(ParentRunner.java:413)
12-07 20:51:49.885   529   576 W DefaultFailureHandler: 	at androidx.test.ext.junit.runners.AndroidJUnit4.run(AndroidJUnit4.java:162)
12-07 20:51:49.885   529   576 W DefaultFailureHandler: 	at io.qameta.allure.android.runners.AllureAndroidJUnit4.run(AllureAndroidJUnitRunners.kt:29)
12-07 20:51:49.885   529   576 W DefaultFailureHandler: 	at org.junit.runners.Suite.runChild(Suite.java:128)
12-07 20:51:49.885   529   576 W DefaultFailureHandler: 	at org.junit.runners.Suite.runChild(Suite.java:27)
12-07 20:51:49.885   529   576 W DefaultFailureHandler: 	at org.junit.runners.ParentRunner$4.run(ParentRunner.java:331)
12-07 20:51:49.885   529   576 W DefaultFailureHandler: 	at org.junit.runners.ParentRunner$1.schedule(ParentRunner.java:79)
12-07 20:51:49.885   529   576 W DefaultFailureHandler: 	at org.junit.runners.ParentRunner.runChildren(ParentRunner.java:329)
12-07 20:51:49.885   529   576 W DefaultFailureHandler: 	at org.junit.runners.ParentRunner.access$100(ParentRunner.java:66)
12-07 20:51:49.885   529   576 W DefaultFailureHandler: 	at org.junit.runners.ParentRunner$2.evaluate(ParentRunner.java:293)
12-07 20:51:49.885   529   576 W DefaultFailureHandler: 	at org.junit.runners.ParentRunner$3.evaluate(ParentRunner.java:306)
12-07 20:51:49.885   529   576 W DefaultFailureHandler: 	at org.junit.runners.ParentRunner.run(ParentRunner.java:413)
12-07 20:51:49.885   529   576 W DefaultFailureHandler: 	at org.junit.runner.JUnitCore.run(JUnitCore.java:137)
12-07 20:51:49.885   529   576 W DefaultFailureHandler: 	at org.junit.runner.JUnitCore.run(JUnitCore.java:115)
12-07 20:51:49.885   529   576 W DefaultFailureHandler: 	at androidx.test.internal.runner.TestExecutor.execute(TestExecutor.java:67)
12-07 20:51:49.885   529   576 W DefaultFailureHandler: 	at androidx.test.internal.runner.TestExecutor.execute(TestExecutor.java:58)
12-07 20:51:49.885   529   576 W DefaultFailureHandler: 	at androidx.test.runner.AndroidJUnitRunner.onStart(AndroidJUnitRunner.java:438)
12-07 20:51:49.887   529   576 W DefaultFailureHandler: 	at android.app.Instrumentation$InstrumentationThread.run(Instrumentation.java:2189)
12-07 20:51:49.887   529   576 W DefaultFailureHandler: Caused by: android.system.ErrnoException: open failed: EROFS (Read-only file system)
12-07 20:51:49.887   529   576 W DefaultFailureHandler: 	at libcore.io.Linux.open(Native Method)
12-07 20:51:49.887   529   576 W DefaultFailureHandler: 	at libcore.io.ForwardingOs.open(ForwardingOs.java:167)
12-07 20:51:49.887   529   576 W DefaultFailureHandler: 	at libcore.io.BlockGuardOs.open(BlockGuardOs.java:252)
12-07 20:51:49.887   529   576 W DefaultFailureHandler: 	at libcore.io.ForwardingOs.open(ForwardingOs.java:167)
12-07 20:51:49.887   529   576 W DefaultFailureHandler: 	at android.app.ActivityThread$AndroidOs.open(ActivityThread.java:7255)
12-07 20:51:49.887   529   576 W DefaultFailureHandler: 	at libcore.io.IoBridge.open(IoBridge.java:482)
12-07 20:51:49.887   529   576 W DefaultFailureHandler: 	... 51 more
12-07 20:51:49.942  1776  1825 D gralloc_ranchu: gralloc_alloc: Creating ashmem region of size 10108928
12-07 20:51:50.458  2018  2340 I ActivityTaskManager: START u0 {act=android.intent.action.MAIN cat=[android.intent.category.LAUNCHER] flg=0x10000000 cmp=ru.iteco.fmhandroid.test/androidx.test.core.app.InstrumentationActivityInvoker$EmptyActivity} from uid 10146
12-07 20:51:50.508   529   529 D LifecycleMonitor: Lifecycle status change: ru.iteco.fmhandroid.ui.AppActivity@4d99d8f in: PAUSED
12-07 20:51:50.508   529   529 V ActivityScenario: Update currentActivityStage to PAUSED, currentActivity=ru.iteco.fmhandroid.ui.AppActivity@4d99d8f
12-07 20:51:50.516  2018  2340 W InputReader: Device has associated, but no associated display id.
12-07 20:51:50.519  2018  2340 I chatty  : uid=1000(system) Binder:2018_5 identical 8 lines
12-07 20:51:50.519  2018  2340 W InputReader: Device has associated, but no associated display id.
12-07 20:51:50.530   529   568 V FA      : Recording user engagement, ms: 32265
12-07 20:51:50.535  2018  2340 W InputReader: Device has associated, but no associated display id.
12-07 20:51:50.547  2018  2340 I chatty  : uid=1000(system) Binder:2018_5 identical 38 lines
12-07 20:51:50.547  2018  2340 W InputReader: Device has associated, but no associated display id.
12-07 20:51:50.566   587   587 W ActivityThread: handleWindowVisibility: no activity for token android.os.BinderProxy@8831977
12-07 20:51:50.665   529   568 V FA      : Connecting to remote service
12-07 20:51:50.691   529   568 V FA      : Connection attempt already in progress
12-07 20:51:50.692   529   568 V FA      : Activity paused, time: 46660632
12-07 20:51:50.723   529   568 D FA      : Connected to remote service
12-07 20:51:50.724   529   568 V FA      : Processing queued up service tasks: 2
12-07 20:51:50.811  2873   673 V FA-SVC  : Logging event: origin=auto,name=user_engagement(_e),params=Bundle[{ga_event_origin(_o)=auto, engagement_time_msec(_et)=32265, ga_screen_class(_sc)=AppActivity, ga_screen_id(_si)=9133311627922161141}]
12-07 20:51:50.863  2018  3039 W InputReader: Device has associated, but no associated display id.
12-07 20:51:50.869  2018  3039 I chatty  : uid=1000(system) Binder:2018_D identical 48 lines
12-07 20:51:50.869  2018  3039 W InputReader: Device has associated, but no associated display id.
12-07 20:51:50.921  2873   673 V FA-SVC  : Upload scheduled in approximately ms: 405722
12-07 20:51:50.921  2873   673 V FA-SVC  : Unscheduling upload
12-07 20:51:50.931   587   618 D HostConnection: HostConnection::get() New Host Connection established 0xda28f0e0, tid 618
12-07 20:51:50.935   587   618 D HostConnection: HostComposition ext ANDROID_EMU_CHECKSUM_HELPER_v1 ANDROID_EMU_dma_v1 ANDROID_EMU_direct_mem ANDROID_EMU_host_composition_v1 ANDROID_EMU_host_composition_v2 ANDROID_EMU_vulkan ANDROID_EMU_deferred_vulkan_commands ANDROID_EMU_vulkan_null_optional_strings ANDROID_EMU_vulkan_create_resources_with_requirements ANDROID_EMU_YUV_Cache ANDROID_EMU_vulkan_ignored_handles ANDROID_EMU_vulkan_free_memory_sync ANDROID_EMU_vulkan_shader_float16_int8 ANDROID_EMU_vulkan_async_queue_submit ANDROID_EMU_sync_buffer_data GL_OES_vertex_array_object GL_KHR_texture_compression_astc_ldr ANDROID_EMU_host_side_tracing ANDROID_EMU_gles_max_version_2 
12-07 20:51:50.947   587   618 W OpenGLRenderer: Failed to choose config with EGL_SWAP_BEHAVIOR_PRESERVED, retrying without...
12-07 20:51:50.960  2873   673 V FA-SVC  : Scheduling upload, millis: 405722
12-07 20:51:50.978  2873   673 V FA-SVC  : Background event processing time, ms: 174
12-07 20:51:51.038   587   618 D EGL_emulation: eglCreateContext: 0xe593d300: maj 2 min 0 rcv 2
12-07 20:51:51.044   587   618 D EGL_emulation: eglMakeCurrent: 0xe593d300: ver 2 0 (tinfo 0xf0c89f00)
12-07 20:51:51.058  1776  1825 D gralloc_ranchu: gralloc_alloc: Creating ashmem region of size 10108928
12-07 20:51:51.061  1764  1891 W audio_hw_generic: Not supplying enough data to HAL, expected position 103575915 , only wrote 103077662
12-07 20:51:51.063  1648  1648 I hwservicemanager: getTransport: Cannot find entry android.hardware.graphics.mapper@3.0::IMapper/default in either framework or device manifest.
12-07 20:51:51.063   587   618 W Gralloc3: mapper 3.x is not supported
12-07 20:51:51.073   587   618 D HostConnection: createUnique: call
12-07 20:51:51.074   587   618 D HostConnection: HostConnection::get() New Host Connection established 0xda2908f0, tid 618
12-07 20:51:51.076   587   618 D HostConnection: HostComposition ext ANDROID_EMU_CHECKSUM_HELPER_v1 ANDROID_EMU_dma_v1 ANDROID_EMU_direct_mem ANDROID_EMU_host_composition_v1 ANDROID_EMU_host_composition_v2 ANDROID_EMU_vulkan ANDROID_EMU_deferred_vulkan_commands ANDROID_EMU_vulkan_null_optional_strings ANDROID_EMU_vulkan_create_resources_with_requirements ANDROID_EMU_YUV_Cache ANDROID_EMU_vulkan_ignored_handles ANDROID_EMU_vulkan_free_memory_sync ANDROID_EMU_vulkan_shader_float16_int8 ANDROID_EMU_vulkan_async_queue_submit ANDROID_EMU_sync_buffer_data GL_OES_vertex_array_object GL_KHR_texture_compression_astc_ldr ANDROID_EMU_host_side_tracing ANDROID_EMU_gles_max_version_2 
12-07 20:51:51.077   587   618 D eglCodecCommon: allocate: Ask for block of size 0x1000
12-07 20:51:51.077   587   618 D eglCodecCommon: allocate: ioctl allocate returned offset 0x3ff647000 size 0x2000
12-07 20:51:51.082  1776  1825 D gralloc_ranchu: gralloc_alloc: Creating ashmem region of size 10108928
12-07 20:51:51.086  1776  1825 D gralloc_ranchu: gralloc_alloc: Creating ashmem region of size 10108928
12-07 20:51:51.095   587   618 D EGL_emulation: eglMakeCurrent: 0xe593d300: ver 2 0 (tinfo 0xf0c89f00)
12-07 20:51:51.115  2656 32640 E SQLiteDatabase: Error inserting flex_time=405000 job_id=-1 period=812000 source=16 requires_charging=0 preferred_network_type=1 target_class=com.google.android.gms.measurement.PackageMeasurementTaskService user_id=0 target_package=com.google.android.gms tag=Measurement.PackageMeasurementTaskService.UPLOAD_TASK_TAG task_type=0 required_idleness_state=0 service_kind=0 source_version=202414000 persistence_level=1 preferred_charging_state=1 required_network_type=0 runtime=1670446311004 retry_strategy={"maximum_backoff_seconds":{"3600":0},"initial_backoff_seconds":{"30":0},"retry_policy":{"0":0}} last_runtime=0
12-07 20:51:51.115  2656 32640 E SQLiteDatabase: android.database.sqlite.SQLiteConstraintException: UNIQUE constraint failed: pending_ops.tag, pending_ops.target_class, pending_ops.target_package, pending_ops.user_id (code 2067 SQLITE_CONSTRAINT_UNIQUE)
12-07 20:51:51.115  2656 32640 E SQLiteDatabase: 	at android.database.sqlite.SQLiteConnection.nativeExecuteForLastInsertedRowId(Native Method)
12-07 20:51:51.115  2656 32640 E SQLiteDatabase: 	at android.database.sqlite.SQLiteConnection.executeForLastInsertedRowId(SQLiteConnection.java:879)
12-07 20:51:51.115  2656 32640 E SQLiteDatabase: 	at android.database.sqlite.SQLiteSession.executeForLastInsertedRowId(SQLiteSession.java:790)
12-07 20:51:51.115  2656 32640 E SQLiteDatabase: 	at android.database.sqlite.SQLiteStatement.executeInsert(SQLiteStatement.java:88)
12-07 20:51:51.115  2656 32640 E SQLiteDatabase: 	at android.database.sqlite.SQLiteDatabase.insertWithOnConflict(SQLiteDatabase.java:1599)
12-07 20:51:51.115  2656 32640 E SQLiteDatabase: 	at android.database.sqlite.SQLiteDatabase.insert(SQLiteDatabase.java:1468)
12-07 20:51:51.115  2656 32640 E SQLiteDatabase: 	at aqui.a(:com.google.android.gms@202414022@20.24.14 (040700-319035315):175)
12-07 20:51:51.115  2656 32640 E SQLiteDatabase: 	at aqtk.a(:com.google.android.gms@202414022@20.24.14 (040700-319035315):182)
12-07 20:51:51.115  2656 32640 E SQLiteDatabase: 	at aqtk.a(:com.google.android.gms@202414022@20.24.14 (040700-319035315):23)
12-07 20:51:51.115  2656 32640 E SQLiteDatabase: 	at aqtk.a(:com.google.android.gms@202414022@20.24.14 (040700-319035315):177)
12-07 20:51:51.115  2656 32640 E SQLiteDatabase: 	at aqpu.run(:com.google.android.gms@202414022@20.24.14 (040700-319035315):9)
12-07 20:51:51.115  2656 32640 E SQLiteDatabase: 	at soy.b(:com.google.android.gms@202414022@20.24.14 (040700-319035315):12)
12-07 20:51:51.115  2656 32640 E SQLiteDatabase: 	at soy.run(:com.google.android.gms@202414022@20.24.14 (040700-319035315):7)
12-07 20:51:51.115  2656 32640 E SQLiteDatabase: 	at java.util.concurrent.ThreadPoolExecutor.runWorker(ThreadPoolExecutor.java:1167)
12-07 20:51:51.115  2656 32640 E SQLiteDatabase: 	at java.util.concurrent.ThreadPoolExecutor$Worker.run(ThreadPoolExecutor.java:641)
12-07 20:51:51.115  2656 32640 E SQLiteDatabase: 	at sux.run(:com.google.android.gms@202414022@20.24.14 (040700-319035315):0)
12-07 20:51:51.115  2656 32640 E SQLiteDatabase: 	at java.lang.Thread.run(Thread.java:919)
12-07 20:51:51.236   587   587 W ActivityThread: handleWindowVisibility: no activity for token android.os.BinderProxy@19f414
12-07 20:51:50.794  2018  2340 I ActivityTaskManager: START u0 {act=android.intent.action.MAIN cat=[android.intent.category.LAUNCHER] flg=0x10000000 cmp=ru.iteco.fmhandroid.test/androidx.test.core.app.InstrumentationActivityInvoker$EmptyActivity} from uid 10146
12-07 20:51:51.268  2018  4653 W ActivityTaskManager: Duplicate finish request for ActivityRecord{d64fdca u0 ru.iteco.fmhandroid/.ui.AppActivity t221 f}
12-07 20:51:51.304  1776  1825 D gralloc_ranchu: gralloc_alloc: Creating ashmem region of size 10108928
12-07 20:51:51.318  1776  1825 I chatty  : uid=1000(system) HwBinder:1776_1 identical 1 line
12-07 20:51:51.322  1776  1825 D gralloc_ranchu: gralloc_alloc: Creating ashmem region of size 10108928
12-07 20:51:51.333   587   618 D EGL_emulation: eglMakeCurrent: 0xe593d300: ver 2 0 (tinfo 0xf0c89f00)
12-07 20:51:51.369  2018  2054 W InputReader: Device has associated, but no associated display id.
12-07 20:51:51.372  2018  2054 I chatty  : uid=1000(system) android.anim identical 18 lines
12-07 20:51:51.372  2018  2054 W InputReader: Device has associated, but no associated display id.
12-07 20:51:51.378  2018  2058 I ActivityTaskManager: Displayed ru.iteco.fmhandroid.test/androidx.test.core.app.InstrumentationActivityInvoker$EmptyActivity: +779ms
12-07 20:51:51.384   529   621 D EGL_emulation: eglMakeCurrent: 0xe593eb00: ver 2 0 (tinfo 0xe59302b0)
12-07 20:51:51.414  2018  4653 W InputReader: Device has associated, but no associated display id.
12-07 20:51:51.415  2018  4653 I chatty  : uid=1000(system) Binder:2018_12 identical 8 lines
12-07 20:51:51.415  2018  4653 W InputReader: Device has associated, but no associated display id.
12-07 20:51:51.444  2018  3039 W InputReader: Device has associated, but no associated display id.
12-07 20:51:51.444  2018  3039 I chatty  : uid=1000(system) Binder:2018_D identical 8 lines
12-07 20:51:51.444  2018  3039 W InputReader: Device has associated, but no associated display id.
12-07 20:51:51.467   529   529 D LifecycleMonitor: Lifecycle status change: ru.iteco.fmhandroid.ui.AppActivity@4d99d8f in: STOPPED
12-07 20:51:51.467   529   529 V ActivityScenario: Update currentActivityStage to STOPPED, currentActivity=ru.iteco.fmhandroid.ui.AppActivity@4d99d8f
12-07 20:51:51.518   529   529 W System.err: ru.iteco.fmhandroid.exceptions.UnknownException
12-07 20:51:51.535   529   529 W System.err: 	at ru.iteco.fmhandroid.utils.Utils.makeRequest(Utils.kt:123)
12-07 20:51:51.536   529   529 W System.err: 	at ru.iteco.fmhandroid.utils.Utils$makeRequest$1.invokeSuspend(Unknown Source:15)
12-07 20:51:51.536   529   529 W System.err: 	at kotlin.coroutines.jvm.internal.BaseContinuationImpl.resumeWith(ContinuationImpl.kt:33)
12-07 20:51:51.536   529   529 W System.err: 	at kotlinx.coroutines.DispatchedTaskKt.resume(DispatchedTask.kt:234)
12-07 20:51:51.537   529   529 W System.err: 	at kotlinx.coroutines.DispatchedTaskKt.resumeUnconfined(DispatchedTask.kt:190)
12-07 20:51:51.537   529   529 W System.err: 	at kotlinx.coroutines.DispatchedTaskKt.dispatch(DispatchedTask.kt:161)
12-07 20:51:51.537   529   529 W System.err: 	at kotlinx.coroutines.CancellableContinuationImpl.dispatchResume(CancellableContinuationImpl.kt:397)
12-07 20:51:51.537   529   529 W System.err: 	at kotlinx.coroutines.CancellableContinuationImpl.cancel(CancellableContinuationImpl.kt:183)
12-07 20:51:51.538   529   529 W System.err: 	at kotlinx.coroutines.CancellableContinuationImpl.parentCancelled$kotlinx_coroutines_core(CancellableContinuationImpl.kt:190)
12-07 20:51:51.538   529   529 W System.err: 	at kotlinx.coroutines.ChildContinuation.invoke(JobSupport.kt:1474)
12-07 20:51:51.538   529   529 W System.err: 	at kotlinx.coroutines.JobSupport.notifyCancelling(JobSupport.kt:1499)
12-07 20:51:51.538   529   529 W System.err: 	at kotlinx.coroutines.JobSupport.tryMakeCancelling(JobSupport.kt:795)
12-07 20:51:51.538   529   529 W System.err: 	at kotlinx.coroutines.JobSupport.makeCancelling(JobSupport.kt:755)
12-07 20:51:51.539   529   529 W System.err: 	at kotlinx.coroutines.JobSupport.cancelImpl$kotlinx_coroutines_core(JobSupport.kt:671)
12-07 20:51:51.539   529   529 W System.err: 	at kotlinx.coroutines.JobSupport.parentCancelled(JobSupport.kt:637)
12-07 20:51:51.539   529   529 W System.err: 	at kotlinx.coroutines.ChildHandleNode.invoke(JobSupport.kt:1465)
12-07 20:51:51.539   529   529 W System.err: 	at kotlinx.coroutines.JobSupport.notifyCancelling(JobSupport.kt:1499)
12-07 20:51:51.540   529   529 W System.err: 	at kotlinx.coroutines.JobSupport.tryMakeCompletingSlowPath(JobSupport.kt:900)
12-07 20:51:51.540   529   529 W System.err: 	at kotlinx.coroutines.JobSupport.tryMakeCompleting(JobSupport.kt:863)
12-07 20:51:51.541   529   529 W System.err: 	at kotlinx.coroutines.JobSupport.cancelMakeCompleting(JobSupport.kt:696)
12-07 20:51:51.546   529   529 W System.err: 	at kotlinx.coroutines.JobSupport.cancelImpl$kotlinx_coroutines_core(JobSupport.kt:667)
12-07 20:51:51.546   529   529 W System.err: 	at kotlinx.coroutines.JobSupport.cancelInternal(JobSupport.kt:632)
12-07 20:51:51.547   529   529 W System.err: 	at kotlinx.coroutines.JobSupport.cancel(JobSupport.kt:617)
12-07 20:51:51.547   529   529 W System.err: 	at kotlinx.coroutines.JobKt__JobKt.cancel(Job.kt:561)
12-07 20:51:51.547   529   529 W System.err: 	at kotlinx.coroutines.JobKt.cancel(Unknown Source:1)
12-07 20:51:51.547   529   529 W System.err: 	at kotlinx.coroutines.JobKt__JobKt.cancel$default(Job.kt:560)
12-07 20:51:51.547   529   529 W System.err: 	at kotlinx.coroutines.JobKt.cancel$default(Unknown Source:1)
12-07 20:51:51.547   529   529 W System.err: 	at androidx.lifecycle.CloseableCoroutineScope.close(ViewModel.kt:51)
12-07 20:51:51.547   529   529 W System.err: 	at androidx.lifecycle.ViewModel.closeWithRuntimeException(ViewModel.java:188)
12-07 20:51:51.547   529   529 W System.err: 	at androidx.lifecycle.ViewModel.clear(ViewModel.java:134)
12-07 20:51:51.547   529   529 W System.err: 	at androidx.lifecycle.ViewModelStore.clear(ViewModelStore.java:62)
12-07 20:51:51.547   529   529 W System.err: 	at androidx.fragment.app.FragmentManagerViewModel.clearNonConfigStateInternal(FragmentManagerViewModel.java:210)
12-07 20:51:51.547   529   529 W System.err: 	at androidx.fragment.app.FragmentManagerViewModel.clearNonConfigState(FragmentManagerViewModel.java:190)
12-07 20:51:51.548   529   529 W System.err: 	at androidx.fragment.app.FragmentStateManager.destroy(FragmentStateManager.java:778)
12-07 20:51:51.548   529   529 W System.err: 	at androidx.fragment.app.FragmentStateManager.moveToExpectedState(FragmentStateManager.java:335)
12-07 20:51:51.548   529   529 W System.err: 	at androidx.fragment.app.FragmentStore.moveToExpectedState(FragmentStore.java:113)
12-07 20:51:51.548   529   529 W System.err: 	at androidx.fragment.app.FragmentManager.moveToState(FragmentManager.java:1374)
12-07 20:51:51.548   529   529 W System.err: 	at androidx.fragment.app.FragmentManager.dispatchStateChange(FragmentManager.java:2841)
12-07 20:51:51.548   529   529 W System.err: 	at androidx.fragment.app.FragmentManager.dispatchDestroy(FragmentManager.java:2820)
12-07 20:51:51.548   529   529 W System.err: 	at androidx.fragment.app.Fragment.performDestroy(Fragment.java:3246)
12-07 20:51:51.548   529   529 W System.err: 	at androidx.fragment.app.FragmentStateManager.destroy(FragmentStateManager.java:780)
12-07 20:51:51.548   529   529 W System.err: 	at androidx.fragment.app.FragmentStateManager.moveToExpectedState(FragmentStateManager.java:335)
12-07 20:51:51.548   529   529 W System.err: 	at androidx.fragment.app.SpecialEffectsController$FragmentStateManagerOperation.complete(SpecialEffectsController.java:771)
12-07 20:51:51.548   529   529 W System.err: 	at androidx.fragment.app.SpecialEffectsController$Operation.cancel(SpecialEffectsController.java:615)
12-07 20:51:51.548   529   529 W System.err: 	at androidx.fragment.app.SpecialEffectsController.forceCompleteAllOperations(SpecialEffectsController.java:350)
12-07 20:51:51.548   529   529 W System.err: 	at androidx.fragment.app.FragmentManager.dispatchStateChange(FragmentManager.java:2844)
12-07 20:51:51.548   529   529 W System.err: 	at androidx.fragment.app.FragmentManager.dispatchDestroy(FragmentManager.java:2820)
12-07 20:51:51.548   529   529 W System.err: 	at androidx.fragment.app.FragmentController.dispatchDestroy(FragmentController.java:345)
12-07 20:51:51.548   529   529 W System.err: 	at androidx.fragment.app.FragmentActivity.onDestroy(FragmentActivity.java:306)
12-07 20:51:51.549   529   529 W System.err: 	at androidx.appcompat.app.AppCompatActivity.onDestroy(AppCompatActivity.java:278)
12-07 20:51:51.549   529   529 W System.err: 	at android.app.Activity.performDestroy(Activity.java:8048)
12-07 20:51:51.550   529   529 W System.err: 	at android.app.Instrumentation.callActivityOnDestroy(Instrumentation.java:1334)
12-07 20:51:51.550   529   529 W System.err: 	at androidx.test.runner.MonitoringInstrumentation.callActivityOnDestroy(MonitoringInstrumentation.java:766)
12-07 20:51:51.550   529   529 W System.err: 	at android.app.ActivityThread.performDestroyActivity(ActivityThread.java:4926)
12-07 20:51:51.550   529   529 W System.err: 	at android.app.ActivityThread.handleDestroyActivity(ActivityThread.java:4970)
12-07 20:51:51.553   529   529 W System.err: 	at android.app.servertransaction.DestroyActivityItem.execute(DestroyActivityItem.java:44)
12-07 20:51:51.553   529   529 W System.err: 	at android.app.servertransaction.TransactionExecutor.executeLifecycleState(TransactionExecutor.java:176)
12-07 20:51:51.554   529   529 W System.err: 	at android.app.servertransaction.TransactionExecutor.execute(TransactionExecutor.java:97)
12-07 20:51:51.554   529   529 W System.err: 	at android.app.ActivityThread$H.handleMessage(ActivityThread.java:2016)
12-07 20:51:51.554   529   529 W System.err: 	at android.os.Handler.dispatchMessage(Handler.java:107)
12-07 20:51:51.554   529   529 W System.err: 	at android.os.Looper.loop(Looper.java:214)
12-07 20:51:51.554   529   529 W System.err: 	at android.app.ActivityThread.main(ActivityThread.java:7356)
12-07 20:51:51.554   529   529 W System.err: 	at java.lang.reflect.Method.invoke(Native Method)
12-07 20:51:51.554   529   529 W System.err: 	at com.android.internal.os.RuntimeInit$MethodAndArgsCaller.run(RuntimeInit.java:492)
12-07 20:51:51.554   529   529 W System.err: 	at com.android.internal.os.ZygoteInit.main(ZygoteInit.java:930)
12-07 20:51:51.557  1776  1825 D gralloc_ranchu: gralloc_alloc: Creating ashmem region of size 10108928
12-07 20:51:51.563   529   529 W System.err: ru.iteco.fmhandroid.exceptions.UnknownException
12-07 20:51:51.563   529   529 W System.err: 	at ru.iteco.fmhandroid.utils.Utils.makeRequest(Utils.kt:123)
12-07 20:51:51.563   529   529 W System.err: 	at ru.iteco.fmhandroid.utils.Utils$makeRequest$1.invokeSuspend(Unknown Source:15)
12-07 20:51:51.563   529   529 W System.err: 	at kotlin.coroutines.jvm.internal.BaseContinuationImpl.resumeWith(ContinuationImpl.kt:33)
12-07 20:51:51.563   529   529 W System.err: 	at kotlinx.coroutines.DispatchedTaskKt.resume(DispatchedTask.kt:234)
12-07 20:51:51.563   529   529 W System.err: 	at kotlinx.coroutines.DispatchedTaskKt.resumeUnconfined(DispatchedTask.kt:190)
12-07 20:51:51.564   529   529 W System.err: 	at kotlinx.coroutines.DispatchedTaskKt.dispatch(DispatchedTask.kt:161)
12-07 20:51:51.564   529   529 W System.err: 	at kotlinx.coroutines.CancellableContinuationImpl.dispatchResume(CancellableContinuationImpl.kt:397)
12-07 20:51:51.564   529   529 W System.err: 	at kotlinx.coroutines.CancellableContinuationImpl.cancel(CancellableContinuationImpl.kt:183)
12-07 20:51:51.564   529   529 W System.err: 	at kotlinx.coroutines.CancellableContinuationImpl.parentCancelled$kotlinx_coroutines_core(CancellableContinuationImpl.kt:190)
12-07 20:51:51.564   529   529 W System.err: 	at kotlinx.coroutines.ChildContinuation.invoke(JobSupport.kt:1474)
12-07 20:51:51.566   529   529 W System.err: 	at kotlinx.coroutines.JobSupport.notifyCancelling(JobSupport.kt:1499)
12-07 20:51:51.566   529   529 W System.err: 	at kotlinx.coroutines.JobSupport.tryMakeCancelling(JobSupport.kt:795)
12-07 20:51:51.566   529   529 W System.err: 	at kotlinx.coroutines.JobSupport.makeCancelling(JobSupport.kt:755)
12-07 20:51:51.566   529   529 W System.err: 	at kotlinx.coroutines.JobSupport.cancelImpl$kotlinx_coroutines_core(JobSupport.kt:671)
12-07 20:51:51.566   529   529 W System.err: 	at kotlinx.coroutines.JobSupport.parentCancelled(JobSupport.kt:637)
12-07 20:51:51.566   529   529 W System.err: 	at kotlinx.coroutines.ChildHandleNode.invoke(JobSupport.kt:1465)
12-07 20:51:51.566   529   529 W System.err: 	at kotlinx.coroutines.JobSupport.notifyCancelling(JobSupport.kt:1499)
12-07 20:51:51.566   529   529 W System.err: 	at kotlinx.coroutines.JobSupport.tryMakeCompletingSlowPath(JobSupport.kt:900)
12-07 20:51:51.566   529   529 W System.err: 	at kotlinx.coroutines.JobSupport.tryMakeCompleting(JobSupport.kt:863)
12-07 20:51:51.566   529   529 W System.err: 	at kotlinx.coroutines.JobSupport.cancelMakeCompleting(JobSupport.kt:696)
12-07 20:51:51.566   529   529 W System.err: 	at kotlinx.coroutines.JobSupport.cancelImpl$kotlinx_coroutines_core(JobSupport.kt:667)
12-07 20:51:51.566   529   529 W System.err: 	at kotlinx.coroutines.JobSupport.cancelInternal(JobSupport.kt:632)
12-07 20:51:51.566   529   529 W System.err: 	at kotlinx.coroutines.JobSupport.cancel(JobSupport.kt:617)
12-07 20:51:51.566   529   529 W System.err: 	at kotlinx.coroutines.JobKt__JobKt.cancel(Job.kt:561)
12-07 20:51:51.571   529   529 W System.err: 	at kotlinx.coroutines.JobKt.cancel(Unknown Source:1)
12-07 20:51:51.571   529   529 W System.err: 	at kotlinx.coroutines.JobKt__JobKt.cancel$default(Job.kt:560)
12-07 20:51:51.571   529   529 W System.err: 	at kotlinx.coroutines.JobKt.cancel$default(Unknown Source:1)
12-07 20:51:51.571   529   529 W System.err: 	at androidx.lifecycle.CloseableCoroutineScope.close(ViewModel.kt:51)
12-07 20:51:51.574   529   529 W System.err: 	at androidx.lifecycle.ViewModel.closeWithRuntimeException(ViewModel.java:188)
12-07 20:51:51.574   529   529 W System.err: 	at androidx.lifecycle.ViewModel.clear(ViewModel.java:134)
12-07 20:51:51.574   529   529 W System.err: 	at androidx.lifecycle.ViewModelStore.clear(ViewModelStore.java:62)
12-07 20:51:51.574   529   529 W System.err: 	at androidx.fragment.app.FragmentManagerViewModel.clearNonConfigStateInternal(FragmentManagerViewModel.java:210)
12-07 20:51:51.574   529   529 W System.err: 	at androidx.fragment.app.FragmentManagerViewModel.clearNonConfigState(FragmentManagerViewModel.java:190)
12-07 20:51:51.575   529   529 W System.err: 	at androidx.fragment.app.FragmentStateManager.destroy(FragmentStateManager.java:778)
12-07 20:51:51.575   529   529 W System.err: 	at androidx.fragment.app.FragmentStateManager.moveToExpectedState(FragmentStateManager.java:335)
12-07 20:51:51.575   529   529 W System.err: 	at androidx.fragment.app.FragmentStore.moveToExpectedState(FragmentStore.java:113)
12-07 20:51:51.575   529   529 W System.err: 	at androidx.fragment.app.FragmentManager.moveToState(FragmentManager.java:1374)
12-07 20:51:51.575   529   529 W System.err: 	at androidx.fragment.app.FragmentManager.dispatchStateChange(FragmentManager.java:2841)
12-07 20:51:51.575   529   529 W System.err: 	at androidx.fragment.app.FragmentManager.dispatchDestroy(FragmentManager.java:2820)
12-07 20:51:51.575   529   529 W System.err: 	at androidx.fragment.app.Fragment.performDestroy(Fragment.java:3246)
12-07 20:51:51.575   529   529 W System.err: 	at androidx.fragment.app.FragmentStateManager.destroy(FragmentStateManager.java:780)
12-07 20:51:51.575   529   529 W System.err: 	at androidx.fragment.app.FragmentStateManager.moveToExpectedState(FragmentStateManager.java:335)
12-07 20:51:51.575   529   529 W System.err: 	at androidx.fragment.app.SpecialEffectsController$FragmentStateManagerOperation.complete(SpecialEffectsController.java:771)
12-07 20:51:51.575   529   529 W System.err: 	at androidx.fragment.app.SpecialEffectsController$Operation.cancel(SpecialEffectsController.java:615)
12-07 20:51:51.575   529   529 W System.err: 	at androidx.fragment.app.SpecialEffectsController.forceCompleteAllOperations(SpecialEffectsController.java:350)
12-07 20:51:51.575   529   529 W System.err: 	at androidx.fragment.app.FragmentManager.dispatchStateChange(FragmentManager.java:2844)
12-07 20:51:51.575   529   529 W System.err: 	at androidx.fragment.app.FragmentManager.dispatchDestroy(FragmentManager.java:2820)
12-07 20:51:51.575   529   529 W System.err: 	at androidx.fragment.app.FragmentController.dispatchDestroy(FragmentController.java:345)
12-07 20:51:51.575   529   529 W System.err: 	at androidx.fragment.app.FragmentActivity.onDestroy(FragmentActivity.java:306)
12-07 20:51:51.575   529   529 W System.err: 	at androidx.appcompat.app.AppCompatActivity.onDestroy(AppCompatActivity.java:278)
12-07 20:51:51.575   529   529 W System.err: 	at android.app.Activity.performDestroy(Activity.java:8048)
12-07 20:51:51.576   529   529 W System.err: 	at android.app.Instrumentation.callActivityOnDestroy(Instrumentation.java:1334)
12-07 20:51:51.576   529   529 W System.err: 	at androidx.test.runner.MonitoringInstrumentation.callActivityOnDestroy(MonitoringInstrumentation.java:766)
12-07 20:51:51.576   529   529 W System.err: 	at android.app.ActivityThread.performDestroyActivity(ActivityThread.java:4926)
12-07 20:51:51.576   529   529 W System.err: 	at android.app.ActivityThread.handleDestroyActivity(ActivityThread.java:4970)
12-07 20:51:51.576   529   529 W System.err: 	at android.app.servertransaction.DestroyActivityItem.execute(DestroyActivityItem.java:44)
12-07 20:51:51.576   529   529 W System.err: 	at android.app.servertransaction.TransactionExecutor.executeLifecycleState(TransactionExecutor.java:176)
12-07 20:51:51.576   529   529 W System.err: 	at android.app.servertransaction.TransactionExecutor.execute(TransactionExecutor.java:97)
12-07 20:51:51.576   529   529 W System.err: 	at android.app.ActivityThread$H.handleMessage(ActivityThread.java:2016)
12-07 20:51:51.576   529   529 W System.err: 	at android.os.Handler.dispatchMessage(Handler.java:107)
12-07 20:51:51.576   529   529 W System.err: 	at android.os.Looper.loop(Looper.java:214)
12-07 20:51:51.576   529   529 W System.err: 	at android.app.ActivityThread.main(ActivityThread.java:7356)
12-07 20:51:51.576   529   529 W System.err: 	at java.lang.reflect.Method.invoke(Native Method)
12-07 20:51:51.576   529   529 W System.err: 	at com.android.internal.os.RuntimeInit$MethodAndArgsCaller.run(RuntimeInit.java:492)
12-07 20:51:51.576   529   529 W System.err: 	at com.android.internal.os.ZygoteInit.main(ZygoteInit.java:930)
12-07 20:51:51.599  1776  1825 D gralloc_ranchu: gralloc_alloc: Creating ashmem region of size 10108928
12-07 20:51:51.610  1776  1825 D gralloc_ranchu: gralloc_alloc: Creating ashmem region of size 10108928
12-07 20:51:51.617   529   529 W System.err: ru.iteco.fmhandroid.exceptions.UnknownException
12-07 20:51:51.617   529   529 W System.err: 	at ru.iteco.fmhandroid.utils.Utils.makeRequest(Utils.kt:123)
12-07 20:51:51.617   529   529 W System.err: 	at ru.iteco.fmhandroid.utils.Utils$makeRequest$1.invokeSuspend(Unknown Source:15)
12-07 20:51:51.618   529   529 W System.err: 	at kotlin.coroutines.jvm.internal.BaseContinuationImpl.resumeWith(ContinuationImpl.kt:33)
12-07 20:51:51.618   529   529 W System.err: 	at kotlinx.coroutines.DispatchedTaskKt.resume(DispatchedTask.kt:234)
12-07 20:51:51.618   529   529 W System.err: 	at kotlinx.coroutines.DispatchedTaskKt.resumeUnconfined(DispatchedTask.kt:190)
12-07 20:51:51.618   529   529 W System.err: 	at kotlinx.coroutines.DispatchedTaskKt.dispatch(DispatchedTask.kt:161)
12-07 20:51:51.618   529   529 W System.err: 	at kotlinx.coroutines.CancellableContinuationImpl.dispatchResume(CancellableContinuationImpl.kt:397)
12-07 20:51:51.618   529   529 W System.err: 	at kotlinx.coroutines.CancellableContinuationImpl.cancel(CancellableContinuationImpl.kt:183)
12-07 20:51:51.618   529   529 W System.err: 	at kotlinx.coroutines.CancellableContinuationImpl.parentCancelled$kotlinx_coroutines_core(CancellableContinuationImpl.kt:190)
12-07 20:51:51.618   529   529 W System.err: 	at kotlinx.coroutines.ChildContinuation.invoke(JobSupport.kt:1474)
12-07 20:51:51.618   529   529 W System.err: 	at kotlinx.coroutines.JobSupport.notifyCancelling(JobSupport.kt:1499)
12-07 20:51:51.618   529   529 W System.err: 	at kotlinx.coroutines.JobSupport.tryMakeCancelling(JobSupport.kt:795)
12-07 20:51:51.618   529   529 W System.err: 	at kotlinx.coroutines.JobSupport.makeCancelling(JobSupport.kt:755)
12-07 20:51:51.618   529   529 W System.err: 	at kotlinx.coroutines.JobSupport.cancelImpl$kotlinx_coroutines_core(JobSupport.kt:671)
12-07 20:51:51.618   529   529 W System.err: 	at kotlinx.coroutines.JobSupport.parentCancelled(JobSupport.kt:637)
12-07 20:51:51.618   529   529 W System.err: 	at kotlinx.coroutines.ChildHandleNode.invoke(JobSupport.kt:1465)
12-07 20:51:51.618   529   529 W System.err: 	at kotlinx.coroutines.JobSupport.notifyCancelling(JobSupport.kt:1499)
12-07 20:51:51.618   529   529 W System.err: 	at kotlinx.coroutines.JobSupport.tryMakeCompletingSlowPath(JobSupport.kt:900)
12-07 20:51:51.618   529   529 W System.err: 	at kotlinx.coroutines.JobSupport.tryMakeCompleting(JobSupport.kt:863)
12-07 20:51:51.618   529   529 W System.err: 	at kotlinx.coroutines.JobSupport.cancelMakeCompleting(JobSupport.kt:696)
12-07 20:51:51.619   529   529 W System.err: 	at kotlinx.coroutines.JobSupport.cancelImpl$kotlinx_coroutines_core(JobSupport.kt:667)
12-07 20:51:51.619   529   529 W System.err: 	at kotlinx.coroutines.JobSupport.cancelInternal(JobSupport.kt:632)
12-07 20:51:51.619   529   529 W System.err: 	at kotlinx.coroutines.JobSupport.cancel(JobSupport.kt:617)
12-07 20:51:51.619   529   529 W System.err: 	at kotlinx.coroutines.JobKt__JobKt.cancel(Job.kt:561)
12-07 20:51:51.619   529   529 W System.err: 	at kotlinx.coroutines.JobKt.cancel(Unknown Source:1)
12-07 20:51:51.619   529   529 W System.err: 	at kotlinx.coroutines.JobKt__JobKt.cancel$default(Job.kt:560)
12-07 20:51:51.619   529   529 W System.err: 	at kotlinx.coroutines.JobKt.cancel$default(Unknown Source:1)
12-07 20:51:51.619   529   529 W System.err: 	at androidx.lifecycle.CloseableCoroutineScope.close(ViewModel.kt:51)
12-07 20:51:51.619   529   529 W System.err: 	at androidx.lifecycle.ViewModel.closeWithRuntimeException(ViewModel.java:188)
12-07 20:51:51.619   529   529 W System.err: 	at androidx.lifecycle.ViewModel.clear(ViewModel.java:134)
12-07 20:51:51.619   529   529 W System.err: 	at androidx.lifecycle.ViewModelStore.clear(ViewModelStore.java:62)
12-07 20:51:51.619   529   529 W System.err: 	at androidx.fragment.app.FragmentManagerViewModel.clearNonConfigStateInternal(FragmentManagerViewModel.java:210)
12-07 20:51:51.619   529   529 W System.err: 	at androidx.fragment.app.FragmentManagerViewModel.clearNonConfigState(FragmentManagerViewModel.java:190)
12-07 20:51:51.619   529   529 W System.err: 	at androidx.fragment.app.FragmentStateManager.destroy(FragmentStateManager.java:778)
12-07 20:51:51.619   529   529 W System.err: 	at androidx.fragment.app.FragmentStateManager.moveToExpectedState(FragmentStateManager.java:335)
12-07 20:51:51.619   529   529 W System.err: 	at androidx.fragment.app.FragmentStore.moveToExpectedState(FragmentStore.java:113)
12-07 20:51:51.623   529   529 W System.err: 	at androidx.fragment.app.FragmentManager.moveToState(FragmentManager.java:1374)
12-07 20:51:51.623   529   529 W System.err: 	at androidx.fragment.app.FragmentManager.dispatchStateChange(FragmentManager.java:2841)
12-07 20:51:51.623   529   529 W System.err: 	at androidx.fragment.app.FragmentManager.dispatchDestroy(FragmentManager.java:2820)
12-07 20:51:51.623   529   529 W System.err: 	at androidx.fragment.app.Fragment.performDestroy(Fragment.java:3246)
12-07 20:51:51.623   529   529 W System.err: 	at androidx.fragment.app.FragmentStateManager.destroy(FragmentStateManager.java:780)
12-07 20:51:51.623   529   529 W System.err: 	at androidx.fragment.app.FragmentStateManager.moveToExpectedState(FragmentStateManager.java:335)
12-07 20:51:51.645   529   529 W System.err: 	at androidx.fragment.app.SpecialEffectsController$FragmentStateManagerOperation.complete(SpecialEffectsController.java:771)
12-07 20:51:51.646   529   529 W System.err: 	at androidx.fragment.app.SpecialEffectsController$Operation.cancel(SpecialEffectsController.java:615)
12-07 20:51:51.646   529   529 W System.err: 	at androidx.fragment.app.SpecialEffectsController.forceCompleteAllOperations(SpecialEffectsController.java:350)
12-07 20:51:51.646   529   529 W System.err: 	at androidx.fragment.app.FragmentManager.dispatchStateChange(FragmentManager.java:2844)
12-07 20:51:51.646   529   529 W System.err: 	at androidx.fragment.app.FragmentManager.dispatchDestroy(FragmentManager.java:2820)
12-07 20:51:51.646   529   529 W System.err: 	at androidx.fragment.app.FragmentController.dispatchDestroy(FragmentController.java:345)
12-07 20:51:51.646   529   529 W System.err: 	at androidx.fragment.app.FragmentActivity.onDestroy(FragmentActivity.java:306)
12-07 20:51:51.646   529   529 W System.err: 	at androidx.appcompat.app.AppCompatActivity.onDestroy(AppCompatActivity.java:278)
12-07 20:51:51.646   529   529 W System.err: 	at android.app.Activity.performDestroy(Activity.java:8048)
12-07 20:51:51.646   529   529 W System.err: 	at android.app.Instrumentation.callActivityOnDestroy(Instrumentation.java:1334)
12-07 20:51:51.647   529   529 W System.err: 	at androidx.test.runner.MonitoringInstrumentation.callActivityOnDestroy(MonitoringInstrumentation.java:766)
12-07 20:51:51.647   529   529 W System.err: 	at android.app.ActivityThread.performDestroyActivity(ActivityThread.java:4926)
12-07 20:51:51.647   529   529 W System.err: 	at android.app.ActivityThread.handleDestroyActivity(ActivityThread.java:4970)
12-07 20:51:51.647   529   529 W System.err: 	at android.app.servertransaction.DestroyActivityItem.execute(DestroyActivityItem.java:44)
12-07 20:51:51.647   529   529 W System.err: 	at android.app.servertransaction.TransactionExecutor.executeLifecycleState(TransactionExecutor.java:176)
12-07 20:51:51.647   529   529 W System.err: 	at android.app.servertransaction.TransactionExecutor.execute(TransactionExecutor.java:97)
12-07 20:51:51.647   529   529 W System.err: 	at android.app.ActivityThread$H.handleMessage(ActivityThread.java:2016)
12-07 20:51:51.647   529   529 W System.err: 	at android.os.Handler.dispatchMessage(Handler.java:107)
12-07 20:51:51.647   529   529 W System.err: 	at android.os.Looper.loop(Looper.java:214)
12-07 20:51:51.647   529   529 W System.err: 	at android.app.ActivityThread.main(ActivityThread.java:7356)
12-07 20:51:51.648   529   529 W System.err: 	at java.lang.reflect.Method.invoke(Native Method)
12-07 20:51:51.648   529   529 W System.err: 	at com.android.internal.os.RuntimeInit$MethodAndArgsCaller.run(RuntimeInit.java:492)
12-07 20:51:51.648   529   529 W System.err: 	at com.android.internal.os.ZygoteInit.main(ZygoteInit.java:930)
12-07 20:51:51.665   529   529 D LifecycleMonitor: Lifecycle status change: ru.iteco.fmhandroid.ui.AppActivity@4d99d8f in: DESTROYED
12-07 20:51:51.665   529   529 V ActivityScenario: Update currentActivityStage to DESTROYED, currentActivity=null
12-07 20:51:51.705  1776  1825 D gralloc_ranchu: gralloc_alloc: Creating ashmem region of size 10108928
12-07 20:51:51.721  2962  3510 D EGL_emulation: eglMakeCurrent: 0xe597d120: ver 2 0 (tinfo 0xbffb2540)
12-07 20:51:51.829  1776  1825 D gralloc_ranchu: gralloc_alloc: Creating ashmem region of size 10108928
12-07 20:51:51.851  1776  1825 D gralloc_ranchu: gralloc_alloc: Creating ashmem region of size 10108928
12-07 20:51:51.967 12448 12488 D EGL_emulation: eglMakeCurrent: 0xe594d140: ver 2 0 (tinfo 0xc539bd10)
12-07 20:51:52.013  2962  2962 W ThreadPoolDumper: Queue length for executor EventBus is now 11. Perhaps some tasks are too long, or the pool is too small.
12-07 20:51:52.177  2962 32219 W GmsLocationProvider: Error removing location updates: 16
12-07 20:51:52.207  2962  3348 W SessionLifecycleManager: Handover failed. Creating new session controller.
12-07 20:51:52.223  2018  2054 W InputReader: Device has associated, but no associated display id.
12-07 20:51:52.223  2018  2054 I chatty  : uid=1000(system) android.anim identical 8 lines
12-07 20:51:52.223  2018  2054 W InputReader: Device has associated, but no associated display id.
12-07 20:51:52.234  1776  1825 D gralloc_ranchu: gralloc_alloc: Creating ashmem region of size 6471680
12-07 20:51:52.348  2018  2018 W ActivityManager: Unable to start service Intent { act=android.service.appprediction.AppPredictionService cmp=com.google.android.as/com.google.android.apps.miphone.aiai.app.AiAiPredictionService } U=0: not found
12-07 20:51:52.348  2018  2018 W RemoteAppPredictionService: could not bind to Intent { act=android.service.appprediction.AppPredictionService cmp=com.google.android.as/com.google.android.apps.miphone.aiai.app.AiAiPredictionService } using flags 67108865
12-07 20:51:52.350   587   618 D EGL_emulation: eglMakeCurrent: 0xe593d300: ver 2 0 (tinfo 0xf0c89f00)
12-07 20:51:52.392  1793  1793 E Layer   : [Surface(name=AppWindowToken{8dcd2e token=Token{a00d3a9 ActivityRecord{4384b30 u0 com.google.android.apps.nexuslauncher/.NexusLauncherActivity t105}}})/@0x3848044 - animation-leash#0] No local sync point found
12-07 20:51:52.392  1793  1793 E Layer   : [Surface(name=AppWindowToken{7b75f04 token=Token{deccf17 ActivityRecord{2986b1 u0 ru.iteco.fmhandroid.test/androidx.test.core.app.InstrumentationActivityInvoker$EmptyActivity t221}}})/@0x2704c3d - animation-leash#0] No local sync point found
12-07 20:51:52.483  2170  2566 D EGL_emulation: eglMakeCurrent: 0xe594e040: ver 2 0 (tinfo 0xc52450c0)
