--------- beginning of main
12-07 20:51:11.745   529   529 I teco.fmhandroi: The ClassLoaderContext is a special shared library.
12-07 20:51:11.746   529   529 I teco.fmhandroi: The ClassLoaderContext is a special shared library.
12-07 20:51:12.389   529   529 W teco.fmhandroi: ClassLoaderContext classpath size mismatch. expected=0, found=7 (PCL[] | PCL[/system/framework/android.test.runner.jar*3312018701:/system/framework/android.test.mock.jar*3601177991:/data/app/ru.iteco.fmhandroid.test-f3eeTqqOnbXgDsc_xEsj5w==/base.apk*125722370:/data/app/ru.iteco.fmhandroid.test-f3eeTqqOnbXgDsc_xEsj5w==/base.apk!classes2.dex*2301094307:/data/app/ru.iteco.fmhandroid.test-f3eeTqqOnbXgDsc_xEsj5w==/base.apk!classes3.dex*960838810:/data/app/ru.iteco.fmhandroid.test-f3eeTqqOnbXgDsc_xEsj5w==/base.apk!classes4.dex*2107875085:/data/app/ru.iteco.fmhandroid.test-f3eeTqqOnbXgDsc_xEsj5w==/base.apk!classes5.dex*3024307245];PCL[/system/framework/android.test.runner.jar*3312018701:/system/framework/android.test.mock.jar*3601177991:/data/app/ru.iteco.fmhandroid.test-f3eeTqqOnbXgDsc_xEsj5w==/base.apk*125722370:/data/app/ru.iteco.fmhandroid.test-f3eeTqqOnbXgDsc_xEsj5w==/base.apk!classes2.dex*2301094307:/data/app/ru.iteco.fmhandroid.test-f3eeTqqOnbXgDsc_xEsj5w==/base.apk!classes3.dex*960838810:/data/app/ru.iteco.
12-07 20:51:12.393   529   529 W teco.fmhandroi: Found duplicate classes, falling back to extracting from APK : /data/app/ru.iteco.fmhandroid-R0QVQlEGwG1IVzN-H3bqog==/base.apk
12-07 20:51:12.393   529   529 W teco.fmhandroi: NOTE: This wastes RAM and hurts startup performance.
12-07 20:51:12.393   529   529 W teco.fmhandroi: Found duplicated class when checking oat files: 'Landroid/support/v4/app/INotificationSideChannel$Default;' in /data/app/ru.iteco.fmhandroid-R0QVQlEGwG1IVzN-H3bqog==/base.apk and /data/app/ru.iteco.fmhandroid-R0QVQlEGwG1IVzN-H3bqog==/base.apk
12-07 20:51:12.393   529   529 W teco.fmhandroi: 
12-07 20:51:12.824  1893  1893 E netmgr  : Failed to open QEMU pipe 'qemud:network': Invalid argument
12-07 20:51:13.135   529   529 W teco.fmhandroi: Accessing hidden method Landroid/app/Instrumentation;->execStartActivity(Landroid/content/Context;Landroid/os/IBinder;Landroid/os/IBinder;Landroid/app/Activity;Landroid/content/Intent;ILandroid/os/Bundle;)Landroid/app/Instrumentation$ActivityResult; (greylist, linking, allowed)
12-07 20:51:13.135   529   529 W teco.fmhandroi: Accessing hidden method Landroid/app/Instrumentation;->execStartActivity(Landroid/content/Context;Landroid/os/IBinder;Landroid/os/IBinder;Ljava/lang/String;Landroid/content/Intent;ILandroid/os/Bundle;)Landroid/app/Instrumentation$ActivityResult; (greylist, linking, allowed)
12-07 20:51:13.159   529   529 I MonitoringInstr: newApplication called!
12-07 20:51:13.257   529   529 I FirebaseApp: Device unlocked: initializing all Firebase APIs for app [DEFAULT]
12-07 20:51:13.331   529   529 I FirebaseCrashlytics: Initializing Firebase Crashlytics 18.2.6 for ru.iteco.fmhandroid
12-07 20:51:13.359   529   563 I DynamiteModule: Considering local module com.google.android.gms.measurement.dynamite:55 and remote module com.google.android.gms.measurement.dynamite:15
12-07 20:51:13.359   529   563 I DynamiteModule: Selected local version of com.google.android.gms.measurement.dynamite
12-07 20:51:13.387   529   529 W FA      : Failed to register event listener on calling thread. Trying again on the dynamite thread.
12-07 20:51:13.596   529   529 I FirebaseInitProvider: FirebaseApp initialization successful
12-07 20:51:13.661   529   529 I MonitoringInstr: Instrumentation started!
12-07 20:51:13.673   529   568 V FA      : App measurement collection enabled
12-07 20:51:13.675   529   529 D ClassesArgTokenizer: input: ru.iteco.fmhandroid.ui.ClaimEditTest#shouldSaveClaimChanges
12-07 20:51:13.678   529   529 D ClassesArgTokenizer: result: [ru.iteco.fmhandroid.ui.ClaimEditTest#shouldSaveClaimChanges]
12-07 20:51:13.678   529   529 D ClassesArgTokenizer: input: null
12-07 20:51:13.678   529   568 V FA      : App measurement enabled for app package, google app id: ru.iteco.fmhandroid, 1:729587742060:android:e7d6f87c783f52b9a42f49
12-07 20:51:13.678   529   529 D ClassesArgTokenizer: result: []
12-07 20:51:13.683   529   568 I FA      : App measurement initialized, version: 46000
12-07 20:51:13.683   529   568 I FA      : To enable debug logging run: adb shell setprop log.tag.FA VERBOSE
12-07 20:51:13.683   529   568 I FA      : To enable faster debug mode event logging run:
12-07 20:51:13.683   529   568 I FA      :   adb shell setprop debug.firebase.analytics.app ru.iteco.fmhandroid
12-07 20:51:13.683   529   568 D FA      : Debug-level message logging enabled
12-07 20:51:13.688   529   529 V TestEventClient: No service name argument was given (testDiscoveryService, testRunEventService or orchestratorService)
12-07 20:51:13.731   529   576 D AndroidJUnitRunner: onStart is called.
12-07 20:51:13.753   529   529 I MonitoringInstr: No JSBridge.
12-07 20:51:13.789   529   576 D TestRequestBuilder: Skipping class path scanning and directly running [ru.iteco.fmhandroid.ui.ClaimEditTest]
12-07 20:51:13.812   529   576 D ClassesArgTokenizer: input: ru.iteco.fmhandroid.ui.ClaimEditTest#shouldSaveClaimChanges
12-07 20:51:13.812   529   576 D ClassesArgTokenizer: result: [ru.iteco.fmhandroid.ui.ClaimEditTest#shouldSaveClaimChanges]
12-07 20:51:13.812   529   576 D ClassesArgTokenizer: input: null
12-07 20:51:13.812   529   576 D ClassesArgTokenizer: result: []
12-07 20:51:13.818   529   568 V FA      : Connecting to remote service
12-07 20:51:13.843   529   576 D AndroidJUnitRunner: Use the raw file system for managing file I/O.
12-07 20:51:13.857   529   576 D TestExecutor: Adding listener androidx.test.internal.runner.listener.LogRunListener
12-07 20:51:13.858   529   576 D TestExecutor: Adding listener androidx.test.internal.runner.listener.InstrumentationResultPrinter
12-07 20:51:13.858   529   576 D TestExecutor: Adding listener androidx.test.internal.runner.listener.ActivityFinisherRunListener
12-07 20:51:13.858   529   576 D TestExecutor: Adding listener androidx.test.internal.runner.listener.TraceRunListener
12-07 20:51:13.868   529   576 I TestRunner: run started: 1 tests
12-07 20:51:13.877   529   568 V FA      : Connection attempt already in progress
12-07 20:51:13.908   529   568 V FA      : Connection attempt already in progress
12-07 20:51:13.909   529   568 D FA      : Connected to remote service
12-07 20:51:13.909   529   568 V FA      : Processing queued up service tasks: 3
12-07 20:51:13.988   529   576 I TestRunner: started: shouldSaveClaimChanges(ru.iteco.fmhandroid.ui.ClaimEditTest)
12-07 20:51:14.004  2873   578 V FA-SVC  : Saving default event parameters, appId, data size: ru.iteco.fmhandroid, 2
12-07 20:51:14.248  1744   579 E ResolverController: No valid NAT64 prefix (102, <unspecified>/0)
12-07 20:51:14.415   529   576 W FileTestStorage: Output properties is not supported.
12-07 20:51:14.418   529   576 I Tracing : Tracer added: class androidx.test.platform.tracing.AndroidXTracer
12-07 20:51:14.449   529   576 D EventInjectionStrategy: Creating injection strategy with input manager.
12-07 20:51:14.451   529   576 W teco.fmhandroi: Accessing hidden method Landroid/hardware/input/InputManager;->getInstance()Landroid/hardware/input/InputManager; (greylist, reflection, allowed)
12-07 20:51:14.454   529   576 W teco.fmhandroi: Accessing hidden method Landroid/hardware/input/InputManager;->injectInputEvent(Landroid/view/InputEvent;I)Z (greylist, reflection, allowed)
12-07 20:51:14.455   529   576 W teco.fmhandroi: Accessing hidden field Landroid/hardware/input/InputManager;->INJECT_INPUT_EVENT_MODE_WAIT_FOR_FINISH:I (greylist, reflection, allowed)
--------- beginning of system
12-07 20:51:14.613  2018  2018 V SettingsProvider: Notifying for 0: content://settings/secure/accessibility_enabled
12-07 20:51:14.775  2962  3348 I MicroDetectionWorker: #startMicroDetector [speakerMode: 0]
12-07 20:51:14.777  2962  3348 W ErrorReporter: reportError [type: 211, code: 393244, bug: 0]: errorCode: 393244, engine: 0
12-07 20:51:14.778  2962  3348 I MicroDetector: Keeping mic open: false
12-07 20:51:14.778  2962  3348 I MicroDetectionWorker: #onError(false)
12-07 20:51:14.944   529   576 W Settings: Setting always_finish_activities has moved from android.provider.Settings.System to android.provider.Settings.Global, returning read-only value.
12-07 20:51:14.964  2018  8910 I ActivityTaskManager: START u0 {act=android.intent.action.MAIN cat=[android.intent.category.LAUNCHER] flg=0x10008000 cmp=ru.iteco.fmhandroid.test/androidx.test.core.app.InstrumentationActivityInvoker$BootstrapActivity (has extras)} from uid 10146
12-07 20:51:15.083  2018  2340 W InputReader: Device has associated, but no associated display id.
12-07 20:51:15.087  2018  2340 I chatty  : uid=1000(system) Binder:2018_5 identical 8 lines
12-07 20:51:15.087  2018  2340 W InputReader: Device has associated, but no associated display id.
12-07 20:51:15.145  1745  1745 D Zygote  : Forked child process 587
12-07 20:51:15.153  2018  2060 I ActivityManager: Start proc 587:ru.iteco.fmhandroid.test/u0a147 for activity {ru.iteco.fmhandroid.test/androidx.test.core.app.InstrumentationActivityInvoker$BootstrapActivity}
12-07 20:51:15.162   587   587 I fmhandroid.tes: Late-enabling -Xcheck:jni
12-07 20:51:15.164  2018  2060 W ActivityManager: Slow operation: 52ms so far, now at startProcess: done updating pids map
12-07 20:51:15.246  1776  1825 D gralloc_ranchu: gralloc_alloc: Creating ashmem region of size 10108928
12-07 20:51:15.544   587   587 E fmhandroid.tes: Unknown bits set in runtime_flags: 0x8000
12-07 20:51:15.547   587   587 W fmhandroid.tes: Unexpected CPU variant for X86 using defaults: x86
12-07 20:51:15.652  2018  2340 W InputReader: Device has associated, but no associated display id.
12-07 20:51:15.675  2018  2340 I chatty  : uid=1000(system) Binder:2018_5 identical 28 lines
12-07 20:51:15.675  2018  2340 W InputReader: Device has associated, but no associated display id.
12-07 20:51:15.748   587   587 I fmhandroid.tes: The ClassLoaderContext is a special shared library.
12-07 20:51:15.750   587   587 I fmhandroid.tes: The ClassLoaderContext is a special shared library.
12-07 20:51:16.023  2018  2054 I Choreographer: Skipped 51 frames!  The application may be doing too much work on its main thread.
12-07 20:51:16.028  2018  2054 I Choreographer: Skipped 49 frames!  The application may be doing too much work on its main thread.
12-07 20:51:16.037  2018  2054 W InputReader: Device has associated, but no associated display id.
12-07 20:51:16.037  2018  2054 I chatty  : uid=1000(system) android.anim identical 8 lines
12-07 20:51:16.038  2018  2054 W InputReader: Device has associated, but no associated display id.
12-07 20:51:16.059  1776  1825 D gralloc_ranchu: gralloc_alloc: Creating ashmem region of size 10108928
12-07 20:51:16.081 12448 12488 D EGL_emulation: eglMakeCurrent: 0xe594d140: ver 2 0 (tinfo 0xc539bd10)
12-07 20:51:16.206  2962  3510 D EGL_emulation: eglMakeCurrent: 0xe597d120: ver 2 0 (tinfo 0xbffb2540)
12-07 20:51:16.308  2170  2566 D EGL_emulation: eglMakeCurrent: 0xe594e040: ver 2 0 (tinfo 0xc52450c0)
12-07 20:51:16.399  2170  2566 D EGL_emulation: eglMakeCurrent: 0xe594e040: ver 2 0 (tinfo 0xc52450c0)
12-07 20:51:16.413  1793  2129 E SurfaceFlinger: ro.sf.lcd_density must be defined as a build property
12-07 20:51:16.416  1793  2129 E SurfaceFlinger: ro.sf.lcd_density must be defined as a build property
12-07 20:51:16.432   587   620 D libEGL  : Emulator has host GPU support, qemu.gles is set to 1.
12-07 20:51:16.433   587   620 W libc    : Unable to set property "qemu.gles" to "1": connection failed; errno=13 (Permission denied)
12-07 20:51:16.430   587   587 W RenderThread: type=1400 audit(0.0:445): avc: denied { write } for name="property_service" dev="tmpfs" ino=7388 scontext=u:r:untrusted_app:s0:c147,c256,c512,c768 tcontext=u:object_r:property_socket:s0 tclass=sock_file permissive=0 app=ru.iteco.fmhandroid.test
12-07 20:51:16.536   587   620 D libEGL  : loaded /vendor/lib/egl/libEGL_emulation.so
12-07 20:51:16.562   587   620 D libEGL  : loaded /vendor/lib/egl/libGLESv1_CM_emulation.so
12-07 20:51:16.573   587   620 D libEGL  : loaded /vendor/lib/egl/libGLESv2_emulation.so
12-07 20:51:16.586  2018  2054 I Choreographer: Skipped 31 frames!  The application may be doing too much work on its main thread.
12-07 20:51:16.598  2018  8910 I ActivityTaskManager: START u0 {act=android.intent.action.MAIN cat=[android.intent.category.LAUNCHER] cmp=ru.iteco.fmhandroid/.ui.AppActivity} from uid 10146
12-07 20:51:16.615  2018  3060 W InputReader: Device has associated, but no associated display id.
12-07 20:51:16.617  2018  3060 I chatty  : uid=1000(system) Binder:2018_F identical 38 lines
12-07 20:51:16.617  2018  3060 W InputReader: Device has associated, but no associated display id.
12-07 20:51:16.618   529   529 W ActivityThread: handleWindowVisibility: no activity for token android.os.BinderProxy@74190a2
12-07 20:51:16.619  2018  3060 W InputReader: Device has associated, but no associated display id.
12-07 20:51:16.624  2018  3060 I chatty  : uid=1000(system) Binder:2018_F identical 18 lines
12-07 20:51:16.624  2018  3060 W InputReader: Device has associated, but no associated display id.
12-07 20:51:16.633  1793  2640 E SurfaceFlinger: ro.sf.lcd_density must be defined as a build property
12-07 20:51:16.635  1793  2640 E SurfaceFlinger: ro.sf.lcd_density must be defined as a build property
12-07 20:51:16.660   529   623 D libEGL  : Emulator has host GPU support, qemu.gles is set to 1.
12-07 20:51:16.662   529   623 W libc    : Unable to set property "qemu.gles" to "1": connection failed; errno=13 (Permission denied)
12-07 20:51:16.660   529   529 W RenderThread: type=1400 audit(0.0:446): avc: denied { write } for name="property_service" dev="tmpfs" ino=7388 scontext=u:r:untrusted_app:s0:c146,c256,c512,c768 tcontext=u:object_r:property_socket:s0 tclass=sock_file permissive=0 app=ru.iteco.fmhandroid
12-07 20:51:16.796   529   623 D libEGL  : loaded /vendor/lib/egl/libEGL_emulation.so
12-07 20:51:16.807   529   623 D libEGL  : loaded /vendor/lib/egl/libGLESv1_CM_emulation.so
12-07 20:51:16.822   529   623 D libEGL  : loaded /vendor/lib/egl/libGLESv2_emulation.so
12-07 20:51:16.893   529   529 D LifecycleMonitor: Lifecycle status change: ru.iteco.fmhandroid.ui.AppActivity@4d99d8f in: PRE_ON_CREATE
12-07 20:51:16.894   529   529 V ActivityScenario: Activity lifecycle changed event received but ignored because the reported transition was not ON_CREATE while the last known transition was PRE_ON_CREATE
12-07 20:51:16.930  2962 31959 I PBSessionCacheImpl: Deleted sessionId[635179750811] from persistence.
12-07 20:51:16.938   529   563 V FA      : onActivityCreated
12-07 20:51:16.952   529   529 E teco.fmhandroi: Invalid ID 0x00000000.
12-07 20:51:17.031   529   529 W teco.fmhandroi: Accessing hidden method Landroid/view/View;->computeFitSystemWindows(Landroid/graphics/Rect;Landroid/graphics/Rect;)Z (greylist, reflection, allowed)
12-07 20:51:17.033   529   529 W teco.fmhandroi: Accessing hidden method Landroid/view/ViewGroup;->makeOptionalFitsSystemWindows()V (greylist, reflection, allowed)
12-07 20:51:17.050  2962  3348 W SearchServiceCore: Abort, client detached.
12-07 20:51:17.341   529   529 D NetworkSecurityConfig: No Network Security Config specified, using platform default
12-07 20:51:17.372   529   529 W teco.fmhandroi: Accessing hidden method Ljava/lang/invoke/MethodHandles$Lookup;-><init>(Ljava/lang/Class;I)V (greylist, reflection, allowed)
12-07 20:51:17.654   529   529 D LifecycleMonitor: Lifecycle status change: ru.iteco.fmhandroid.ui.AppActivity@4d99d8f in: CREATED
12-07 20:51:17.655   529   529 V ActivityScenario: Update currentActivityStage to CREATED, currentActivity=ru.iteco.fmhandroid.ui.AppActivity@4d99d8f
12-07 20:51:18.244   529   529 D LifecycleMonitor: Lifecycle status change: ru.iteco.fmhandroid.ui.AppActivity@4d99d8f in: STARTED
12-07 20:51:18.245   529   529 V ActivityScenario: Update currentActivityStage to STARTED, currentActivity=ru.iteco.fmhandroid.ui.AppActivity@4d99d8f
12-07 20:51:18.248   529   529 D LifecycleMonitor: Lifecycle status change: ru.iteco.fmhandroid.ui.AppActivity@4d99d8f in: RESUMED
12-07 20:51:18.248   529   529 V ActivityScenario: Update currentActivityStage to RESUMED, currentActivity=ru.iteco.fmhandroid.ui.AppActivity@4d99d8f
12-07 20:51:18.253   529   568 V FA      : Activity resumed, time: 46628359
12-07 20:51:18.259   529   576 W FileTestStorage: Test input args is not supported.
12-07 20:51:18.282   529   576 W teco.fmhandroi: Accessing hidden method Lsun/misc/Unsafe;->getUnsafe()Lsun/misc/Unsafe; (greylist,core-platform-api, linking, allowed)
12-07 20:51:18.282   529   576 W teco.fmhandroi: Accessing hidden method Lsun/misc/Unsafe;->objectFieldOffset(Ljava/lang/reflect/Field;)J (greylist,core-platform-api, linking, allowed)
12-07 20:51:18.283   529   576 W teco.fmhandroi: Accessing hidden method Lsun/misc/Unsafe;->putObject(Ljava/lang/Object;JLjava/lang/Object;)V (greylist, linking, allowed)
12-07 20:51:18.313   529   576 W teco.fmhandroi: Accessing hidden method Lsun/misc/Unsafe;->compareAndSwapObject(Ljava/lang/Object;JLjava/lang/Object;Ljava/lang/Object;)Z (greylist, linking, allowed)
12-07 20:51:18.313   529   576 W teco.fmhandroi: Accessing hidden method Lsun/misc/Unsafe;->getObject(Ljava/lang/Object;J)Ljava/lang/Object; (greylist, linking, allowed)
12-07 20:51:18.321   529   568 I FA      : Tag Manager is not found and thus will not be used
12-07 20:51:18.367   529   529 W teco.fmhandroi: Accessing hidden method Landroid/os/MessageQueue;->next()Landroid/os/Message; (greylist, reflection, allowed)
12-07 20:51:18.367   529   529 W teco.fmhandroi: Accessing hidden field Landroid/os/MessageQueue;->mMessages:Landroid/os/Message; (greylist, reflection, allowed)
12-07 20:51:18.370   529   529 W teco.fmhandroi: Accessing hidden method Landroid/os/Message;->recycleUnchecked()V (greylist, reflection, allowed)
12-07 20:51:18.465   529   544 I teco.fmhandroi: NativeAlloc concurrent copying GC freed 39978(3424KB) AllocSpace objects, 14(280KB) LOS objects, 49% free, 3253KB/6507KB, paused 3.155ms total 246.482ms
12-07 20:51:18.519   529   621 D HostConnection: HostConnection::get() New Host Connection established 0xda28fb30, tid 621
12-07 20:51:18.553   529   621 D HostConnection: HostComposition ext ANDROID_EMU_CHECKSUM_HELPER_v1 ANDROID_EMU_dma_v1 ANDROID_EMU_direct_mem ANDROID_EMU_host_composition_v1 ANDROID_EMU_host_composition_v2 ANDROID_EMU_vulkan ANDROID_EMU_deferred_vulkan_commands ANDROID_EMU_vulkan_null_optional_strings ANDROID_EMU_vulkan_create_resources_with_requirements ANDROID_EMU_YUV_Cache ANDROID_EMU_vulkan_ignored_handles ANDROID_EMU_vulkan_free_memory_sync ANDROID_EMU_vulkan_shader_float16_int8 ANDROID_EMU_vulkan_async_queue_submit ANDROID_EMU_sync_buffer_data GL_OES_vertex_array_object GL_KHR_texture_compression_astc_ldr ANDROID_EMU_host_side_tracing ANDROID_EMU_gles_max_version_2 
12-07 20:51:18.556  2873   578 V FA-SVC  : Logging event: origin=auto,name=screen_view(_vs),params=Bundle[{ga_event_origin(_o)=auto, ga_screen_class(_sc)=AppActivity, ga_screen_id(_si)=9133311627922161141}]
12-07 20:51:18.597   529   621 W OpenGLRenderer: Failed to choose config with EGL_SWAP_BEHAVIOR_PRESERVED, retrying without...
12-07 20:51:18.598  2018  2031 I system_server: Background concurrent copying GC freed 65628(4237KB) AllocSpace objects, 32(1684KB) LOS objects, 27% free, 16MB/22MB, paused 941us total 539.959ms
12-07 20:51:18.650  2873   578 V FA-SVC  : Upload scheduled in approximately ms: 437993
12-07 20:51:18.651  2873   578 V FA-SVC  : Unscheduling upload
12-07 20:51:18.669  2873   578 V FA-SVC  : Scheduling upload, millis: 437993
12-07 20:51:18.689  2873   578 V FA-SVC  : Background event processing time, ms: 139
12-07 20:51:18.768   529   621 D EGL_emulation: eglCreateContext: 0xe593eb00: maj 2 min 0 rcv 2
12-07 20:51:18.786   529   621 D EGL_emulation: eglMakeCurrent: 0xe593eb00: ver 2 0 (tinfo 0xe59302b0)
12-07 20:51:18.805  1776  1825 D gralloc_ranchu: gralloc_alloc: Creating ashmem region of size 10108928
12-07 20:51:18.813  1648  1648 I hwservicemanager: getTransport: Cannot find entry android.hardware.graphics.mapper@3.0::IMapper/default in either framework or device manifest.
12-07 20:51:18.814   529   621 W Gralloc3: mapper 3.x is not supported
12-07 20:51:18.816  2656 32640 E SQLiteDatabase: Error inserting flex_time=437000 job_id=-1 period=876000 source=16 requires_charging=0 preferred_network_type=1 target_class=com.google.android.gms.measurement.PackageMeasurementTaskService user_id=0 target_package=com.google.android.gms tag=Measurement.PackageMeasurementTaskService.UPLOAD_TASK_TAG task_type=0 required_idleness_state=0 service_kind=0 source_version=202414000 persistence_level=1 preferred_charging_state=1 required_network_type=0 runtime=1670446278707 retry_strategy={"maximum_backoff_seconds":{"3600":0},"initial_backoff_seconds":{"30":0},"retry_policy":{"0":0}} last_runtime=0
12-07 20:51:18.816  2656 32640 E SQLiteDatabase: android.database.sqlite.SQLiteConstraintException: UNIQUE constraint failed: pending_ops.tag, pending_ops.target_class, pending_ops.target_package, pending_ops.user_id (code 2067 SQLITE_CONSTRAINT_UNIQUE)
12-07 20:51:18.816  2656 32640 E SQLiteDatabase: 	at android.database.sqlite.SQLiteConnection.nativeExecuteForLastInsertedRowId(Native Method)
12-07 20:51:18.816  2656 32640 E SQLiteDatabase: 	at android.database.sqlite.SQLiteConnection.executeForLastInsertedRowId(SQLiteConnection.java:879)
12-07 20:51:18.816  2656 32640 E SQLiteDatabase: 	at android.database.sqlite.SQLiteSession.executeForLastInsertedRowId(SQLiteSession.java:790)
12-07 20:51:18.816  2656 32640 E SQLiteDatabase: 	at android.database.sqlite.SQLiteStatement.executeInsert(SQLiteStatement.java:88)
12-07 20:51:18.816  2656 32640 E SQLiteDatabase: 	at android.database.sqlite.SQLiteDatabase.insertWithOnConflict(SQLiteDatabase.java:1599)
12-07 20:51:18.816  2656 32640 E SQLiteDatabase: 	at android.database.sqlite.SQLiteDatabase.insert(SQLiteDatabase.java:1468)
12-07 20:51:18.816  2656 32640 E SQLiteDatabase: 	at aqui.a(:com.google.android.gms@202414022@20.24.14 (040700-319035315):175)
12-07 20:51:18.816  2656 32640 E SQLiteDatabase: 	at aqtk.a(:com.google.android.gms@202414022@20.24.14 (040700-319035315):182)
12-07 20:51:18.816  2656 32640 E SQLiteDatabase: 	at aqtk.a(:com.google.android.gms@202414022@20.24.14 (040700-319035315):23)
12-07 20:51:18.816  2656 32640 E SQLiteDatabase: 	at aqtk.a(:com.google.android.gms@202414022@20.24.14 (040700-319035315):177)
12-07 20:51:18.816  2656 32640 E SQLiteDatabase: 	at aqpu.run(:com.google.android.gms@202414022@20.24.14 (040700-319035315):9)
12-07 20:51:18.816  2656 32640 E SQLiteDatabase: 	at soy.b(:com.google.android.gms@202414022@20.24.14 (040700-319035315):12)
12-07 20:51:18.816  2656 32640 E SQLiteDatabase: 	at soy.run(:com.google.android.gms@202414022@20.24.14 (040700-319035315):7)
12-07 20:51:18.816  2656 32640 E SQLiteDatabase: 	at java.util.concurrent.ThreadPoolExecutor.runWorker(ThreadPoolExecutor.java:1167)
12-07 20:51:18.816  2656 32640 E SQLiteDatabase: 	at java.util.concurrent.ThreadPoolExecutor$Worker.run(ThreadPoolExecutor.java:641)
12-07 20:51:18.816  2656 32640 E SQLiteDatabase: 	at sux.run(:com.google.android.gms@202414022@20.24.14 (040700-319035315):0)
12-07 20:51:18.816  2656 32640 E SQLiteDatabase: 	at java.lang.Thread.run(Thread.java:919)
12-07 20:51:18.833   529   621 D HostConnection: createUnique: call
12-07 20:51:18.834   529   621 D HostConnection: HostConnection::get() New Host Connection established 0xda292100, tid 621
12-07 20:51:18.859   529   621 D HostConnection: HostComposition ext ANDROID_EMU_CHECKSUM_HELPER_v1 ANDROID_EMU_dma_v1 ANDROID_EMU_direct_mem ANDROID_EMU_host_composition_v1 ANDROID_EMU_host_composition_v2 ANDROID_EMU_vulkan ANDROID_EMU_deferred_vulkan_commands ANDROID_EMU_vulkan_null_optional_strings ANDROID_EMU_vulkan_create_resources_with_requirements ANDROID_EMU_YUV_Cache ANDROID_EMU_vulkan_ignored_handles ANDROID_EMU_vulkan_free_memory_sync ANDROID_EMU_vulkan_shader_float16_int8 ANDROID_EMU_vulkan_async_queue_submit ANDROID_EMU_sync_buffer_data GL_OES_vertex_array_object GL_KHR_texture_compression_astc_ldr ANDROID_EMU_host_side_tracing ANDROID_EMU_gles_max_version_2 
12-07 20:51:18.862   529   621 D eglCodecCommon: allocate: Ask for block of size 0x1000
12-07 20:51:18.863   529   621 D eglCodecCommon: allocate: ioctl allocate returned offset 0x3ffff8000 size 0x2000
12-07 20:51:18.872  1776  1825 D gralloc_ranchu: gralloc_alloc: Creating ashmem region of size 10108928
12-07 20:51:18.874  1776  1825 D gralloc_ranchu: gralloc_alloc: Creating ashmem region of size 10108928
12-07 20:51:18.881   529   621 D EGL_emulation: eglMakeCurrent: 0xe593eb00: ver 2 0 (tinfo 0xe59302b0)
12-07 20:51:19.156   529   621 I OpenGLRenderer: Davey! duration=808ms; Flags=1, IntendedVsync=46628449738239, Vsync=46628483071571, OldestInputEvent=9223372036854775807, NewestInputEvent=0, HandleInputStart=46628486905880, AnimationStart=46628487013280, PerformTraversalsStart=46628487074780, DrawStart=46628978882680, SyncQueued=46628986620380, SyncStart=46628992919680, IssueDrawCommandsStart=46628993041580, SwapBuffers=46629208977880, FrameCompleted=46629264348780, DequeueBufferDuration=656000, QueueBufferDuration=2663000, 
12-07 20:51:19.162   529   529 I Choreographer: Skipped 46 frames!  The application may be doing too much work on its main thread.
12-07 20:51:19.239   529   529 W teco.fmhandroi: Accessing hidden method Landroid/view/WindowManagerGlobal;->getInstance()Landroid/view/WindowManagerGlobal; (greylist, reflection, allowed)
12-07 20:51:19.239   529   529 W teco.fmhandroi: Accessing hidden field Landroid/view/WindowManagerGlobal;->mViews:Ljava/util/ArrayList; (greylist, reflection, allowed)
12-07 20:51:19.241   529   529 W teco.fmhandroi: Accessing hidden field Landroid/view/WindowManagerGlobal;->mParams:Ljava/util/ArrayList; (greylist, reflection, allowed)
12-07 20:51:19.271   529   529 I ViewInteraction: Performing 'wait for a specific view with <(an instance of android.widget.TextView and view.getText() with or without transformation to match: is "Authorization" and view.getParent() view.getParent() view.getId() is <2131231186>)> during 10000 millis.' action on view view.getRootView() to equal view
12-07 20:51:19.284  2018  2058 I ActivityTaskManager: Displayed ru.iteco.fmhandroid/.ui.AppActivity: +4s219ms
12-07 20:51:21.250   529   529 W teco.fmhandroi: Accessing hidden field Lsun/misc/Unsafe;->theUnsafe:Lsun/misc/Unsafe; (greylist, reflection, allowed)
12-07 20:51:21.250   529   529 W teco.fmhandroi: Accessing hidden method Lsun/misc/Unsafe;->allocateInstance(Ljava/lang/Class;)Ljava/lang/Object; (greylist, reflection, allowed)
12-07 20:51:21.287   529   635 I okhttp.OkHttpClient: --> GET http://www.981757-ca08998.tmweb.ru:8080/fmh/authentication/userInfo
12-07 20:51:21.287   529   635 I okhttp.OkHttpClient: --> END GET
12-07 20:51:21.394  2018  2058 E memtrack: Couldn't load memtrack module
12-07 20:51:21.394  2018  2058 W android.os.Debug: failed to get memory consumption info: -1
12-07 20:51:22.517  2656   378 I LogUtils: [Places]: ?: Couldn't find platform key file. [CONTEXT service_id=253 ]
12-07 20:51:22.519  2656   377 I LogUtils: [Places]: ?: Couldn't find platform key file. [CONTEXT service_id=253 ]
12-07 20:51:22.565  2656   375 I LogUtils: [Places]: ?: PlacesBleScanner stop() [CONTEXT service_id=253 ]
12-07 20:51:22.593  2656  2656 I BeaconBle: Scan : No clients left, canceling alarm. [CONTEXT service_id=111 ]
12-07 20:51:22.596  2656  2656 I BeaconBle: Scan canceled successfully. [CONTEXT service_id=111 ]
12-07 20:51:22.599  2656   375 I PlacesLogger: [PlaceInferenceEngine]: [anon] Changed inference mode: 0 [CONTEXT service_id=253 ]
12-07 20:51:22.604  2656  3542 W GCoreFlp: No location to return for getLastLocation()
12-07 20:51:22.673  3300  3342 I e.process.gapp: Background concurrent copying GC freed 41025(1400KB) AllocSpace objects, 0(0B) LOS objects, 52% free, 1416KB/2952KB, paused 1.543ms total 234.333ms
12-07 20:51:22.718  2656   377 I LogUtils: [Places]: ?: Couldn't find platform key file. [CONTEXT service_id=253 ]
12-07 20:51:22.723  2656   378 I LogUtils: [Places]: ?: Couldn't find platform key file. [CONTEXT service_id=253 ]
12-07 20:51:22.902  2656  2656 I GeofencerStateMachine: removeGeofences: removeRequest=RemoveGeofencingRequest[REMOVE_BY_PENDING_INTENT pendingIntent=PendingIntent[creatorPackage=com.google.android.gms], packageName=com.google.android.gms]
12-07 20:51:23.541   529   568 V FA      : Inactivity, disconnecting from the service
12-07 20:51:25.006  1905  1905 E wifi_forwarder: RemoteConnection failed to initialize: RemoteConnection failed to open pipe
12-07 20:51:25.219 12448 12508 E ActivityThread: Failed to find provider info for com.google.android.apps.wellbeing.api
12-07 20:51:26.830  2962  3348 I WorkerManager: dispose()
12-07 20:51:26.830  2962  3348 W ThreadPoolDumper: Queue length for executor EventBus is now 11. Perhaps some tasks are too long, or the pool is too small.
12-07 20:51:27.684  2656  2656 I BeaconBle: Scan : No clients left, canceling alarm. [CONTEXT service_id=111 ]
12-07 20:51:28.550  2018  3060 I ActivityManager: Killing 30821:com.google.android.calendar/u0a144 (adj 995): empty for 3224s
12-07 20:51:28.815  1745  1745 I Zygote  : Process 30821 exited due to signal 9 (Killed)
12-07 20:51:28.824  2018  2061 I libprocessgroup: Successfully killed process cgroup uid 10144 pid 30821 in 246ms
12-07 20:51:29.455   529   529 D takeScreenshot: Found 1 global views to redraw
12-07 20:51:29.506  1776  1825 D gralloc_ranchu: gralloc_alloc: Creating ashmem region of size 10108928
12-07 20:51:29.588  1648  1648 I hwservicemanager: getTransport: Cannot find entry android.hardware.graphics.mapper@3.0::IMapper/default in either framework or device manifest.
12-07 20:51:29.589   497   528 W Gralloc3: mapper 3.x is not supported
12-07 20:51:29.685   497   528 D HostConnection: createUnique: call
12-07 20:51:29.688   497   528 D HostConnection: HostConnection::get() New Host Connection established 0xea356620, tid 528
12-07 20:51:29.970   497   528 D HostConnection: HostComposition ext ANDROID_EMU_CHECKSUM_HELPER_v1 ANDROID_EMU_dma_v1 ANDROID_EMU_direct_mem ANDROID_EMU_host_composition_v1 ANDROID_EMU_host_composition_v2 ANDROID_EMU_vulkan ANDROID_EMU_deferred_vulkan_commands ANDROID_EMU_vulkan_null_optional_strings ANDROID_EMU_vulkan_create_resources_with_requirements ANDROID_EMU_YUV_Cache ANDROID_EMU_vulkan_ignored_handles ANDROID_EMU_vulkan_free_memory_sync ANDROID_EMU_vulkan_shader_float16_int8 ANDROID_EMU_vulkan_async_queue_submit ANDROID_EMU_sync_buffer_data GL_OES_vertex_array_object GL_KHR_texture_compression_astc_ldr ANDROID_EMU_host_side_tracing ANDROID_EMU_gles_max_version_2 
12-07 20:51:29.972   497   528 D eglCodecCommon: allocate: Ask for block of size 0x1000
12-07 20:51:29.972   497   528 D eglCodecCommon: allocate: ioctl allocate returned offset 0x3ffff6000 size 0x2000
12-07 20:51:30.010  1793  1896 E SurfaceFlinger: ro.sf.lcd_density must be defined as a build property
12-07 20:51:30.011  1793  1896 E SurfaceFlinger: ro.sf.lcd_density must be defined as a build property
12-07 20:51:30.019   497   643 D libEGL  : Emulator has host GPU support, qemu.gles is set to 1.
12-07 20:51:30.057   497   643 W libc    : Unable to set property "qemu.gles" to "1": error code: 0x18
12-07 20:51:30.065   497   643 D libEGL  : loaded /vendor/lib/egl/libEGL_emulation.so
12-07 20:51:30.080   497   643 D libEGL  : loaded /vendor/lib/egl/libGLESv1_CM_emulation.so
12-07 20:51:30.093   497   643 D libEGL  : loaded /vendor/lib/egl/libGLESv2_emulation.so
12-07 20:51:30.122   497   523 I app_process: NativeAlloc concurrent copying GC freed 1248(257KB) AllocSpace objects, 0(0B) LOS objects, 95% free, 64KB/1600KB, paused 1.268ms total 133.036ms
12-07 20:51:30.132   497   643 D HostConnection: HostConnection::get() New Host Connection established 0xea356440, tid 643
12-07 20:51:30.134   497   643 D HostConnection: HostComposition ext ANDROID_EMU_CHECKSUM_HELPER_v1 ANDROID_EMU_dma_v1 ANDROID_EMU_direct_mem ANDROID_EMU_host_composition_v1 ANDROID_EMU_host_composition_v2 ANDROID_EMU_vulkan ANDROID_EMU_deferred_vulkan_commands ANDROID_EMU_vulkan_null_optional_strings ANDROID_EMU_vulkan_create_resources_with_requirements ANDROID_EMU_YUV_Cache ANDROID_EMU_vulkan_ignored_handles ANDROID_EMU_vulkan_free_memory_sync ANDROID_EMU_vulkan_shader_float16_int8 ANDROID_EMU_vulkan_async_queue_submit ANDROID_EMU_sync_buffer_data GL_OES_vertex_array_object GL_KHR_texture_compression_astc_ldr ANDROID_EMU_host_side_tracing ANDROID_EMU_gles_max_version_2 
12-07 20:51:30.145   497   643 W OpenGLRenderer: Failed to choose config with EGL_SWAP_BEHAVIOR_PRESERVED, retrying without...
12-07 20:51:30.228   497   643 D EGL_emulation: eglCreateContext: 0xd4f28360: maj 2 min 0 rcv 2
12-07 20:51:30.235   497   643 D EGL_emulation: eglMakeCurrent: 0xd4f28360: ver 2 0 (tinfo 0xd4f0f2a0)
12-07 20:51:30.870   529   576 W DefaultFailureHandler: Failed to take screenshot
12-07 20:51:30.870   529   576 W DefaultFailureHandler: java.io.FileNotFoundException: view-op-error-1.png: open failed: EROFS (Read-only file system)
12-07 20:51:30.870   529   576 W DefaultFailureHandler: 	at libcore.io.IoBridge.open(IoBridge.java:496)
12-07 20:51:30.870   529   576 W DefaultFailureHandler: 	at java.io.FileOutputStream.<init>(FileOutputStream.java:235)
12-07 20:51:30.870   529   576 W DefaultFailureHandler: 	at java.io.FileOutputStream.<init>(FileOutputStream.java:125)
12-07 20:51:30.870   529   576 W DefaultFailureHandler: 	at androidx.test.platform.io.FileTestStorage.openOutputFile(FileTestStorage.java:60)
12-07 20:51:30.870   529   576 W DefaultFailureHandler: 	at androidx.test.core.graphics.BitmapStorage.writeToTestStorage(BitmapStorageExt.kt:49)
12-07 20:51:30.870   529   576 W DefaultFailureHandler: 	at androidx.test.espresso.base.DefaultFailureHandler.takeScreenshot(DefaultFailureHandler.java:4)
12-07 20:51:30.870   529   576 W DefaultFailureHandler: 	at androidx.test.espresso.base.DefaultFailureHandler.handle(DefaultFailureHandler.java:3)
12-07 20:51:30.870   529   576 W DefaultFailureHandler: 	at androidx.test.espresso.ViewInteraction.waitForAndHandleInteractionResults(ViewInteraction.java:8)
12-07 20:51:30.870   529   576 W DefaultFailureHandler: 	at androidx.test.espresso.ViewInteraction.desugaredPerform(ViewInteraction.java:11)
12-07 20:51:30.870   529   576 W DefaultFailureHandler: 	at androidx.test.espresso.ViewInteraction.perform(ViewInteraction.java:8)
12-07 20:51:30.870   529   576 W DefaultFailureHandler: 	at ru.iteco.fmhandroid.ui.data.TestUtils.waitView(TestUtils.java:61)
12-07 20:51:30.870   529   576 W DefaultFailureHandler: 	at ru.iteco.fmhandroid.ui.steps.AuthSteps.isAuthScreen(AuthSteps.java:56)
12-07 20:51:30.870   529   576 W DefaultFailureHandler: 	at ru.iteco.fmhandroid.ui.ClaimEditTest.logoutCheck(ClaimEditTest.java:53)
12-07 20:51:30.870   529   576 W DefaultFailureHandler: 	at java.lang.reflect.Method.invoke(Native Method)
12-07 20:51:30.870   529   576 W DefaultFailureHandler: 	at org.junit.runners.model.FrameworkMethod$1.runReflectiveCall(FrameworkMethod.java:59)
12-07 20:51:30.870   529   576 W DefaultFailureHandler: 	at org.junit.internal.runners.model.ReflectiveCallable.run(ReflectiveCallable.java:12)
12-07 20:51:30.870   529   576 W DefaultFailureHandler: 	at org.junit.runners.model.FrameworkMethod.invokeExplosively(FrameworkMethod.java:56)
12-07 20:51:30.870   529   576 W DefaultFailureHandler: 	at androidx.test.internal.runner.junit4.statement.RunBefores.evaluate(RunBefores.java:76)
12-07 20:51:30.870   529   576 W DefaultFailureHandler: 	at io.qameta.allure.android.rules.ScreenshotRule$apply$1.evaluate(ScreenshotRule.kt:22)
12-07 20:51:30.870   529   576 W DefaultFailureHandler: 	at org.junit.rules.ExternalResource$1.evaluate(ExternalResource.java:54)
12-07 20:51:30.870   529   576 W DefaultFailureHandler: 	at io.qameta.allure.android.rules.LogcatRule$apply$1.evaluate(LogcatRule.kt:23)
12-07 20:51:30.870   529   576 W DefaultFailureHandler: 	at org.junit.rules.RunRules.evaluate(RunRules.java:20)
12-07 20:51:30.870   529   576 W DefaultFailureHandler: 	at org.junit.runners.ParentRunner$3.evaluate(ParentRunner.java:306)
12-07 20:51:30.870   529   576 W DefaultFailureHandler: 	at org.junit.runners.BlockJUnit4ClassRunner$1.evaluate(BlockJUnit4ClassRunner.java:100)
12-07 20:51:30.870   529   576 W DefaultFailureHandler: 	at org.junit.runners.ParentRunner.runLeaf(ParentRunner.java:366)
12-07 20:51:30.870   529   576 W DefaultFailureHandler: 	at org.junit.runners.BlockJUnit4ClassRunner.runChild(BlockJUnit4ClassRunner.java:103)
12-07 20:51:30.870   529   576 W DefaultFailureHandler: 	at org.junit.runners.BlockJUnit4ClassRunner.runChild(BlockJUnit4ClassRunner.java:63)
12-07 20:51:30.870   529   576 W DefaultFailureHandler: 	at org.junit.runners.ParentRunner$4.run(ParentRunner.java:331)
12-07 20:51:30.870   529   576 W DefaultFailureHandler: 	at org.junit.runners.ParentRunner$1.schedule(ParentRunner.java:79)
12-07 20:51:30.870   529   576 W DefaultFailureHandler: 	at org.junit.runners.ParentRunner.runChildren(ParentRunner.java:329)
12-07 20:51:30.870   529   576 W DefaultFailureHandler: 	at org.junit.runners.ParentRunner.access$100(ParentRunner.java:66)
12-07 20:51:30.870   529   576 W DefaultFailureHandler: 	at org.junit.runners.ParentRunner$2.evaluate(ParentRunner.java:293)
12-07 20:51:30.870   529   576 W DefaultFailureHandler: 	at org.junit.runners.ParentRunner$3.evaluate(ParentRunner.java:306)
12-07 20:51:30.870   529   576 W DefaultFailureHandler: 	at org.junit.runners.ParentRunner.run(ParentRunner.java:413)
12-07 20:51:30.870   529   576 W DefaultFailureHandler: 	at androidx.test.ext.junit.runners.AndroidJUnit4.run(AndroidJUnit4.java:162)
12-07 20:51:30.870   529   576 W DefaultFailureHandler: 	at io.qameta.allure.android.runners.AllureAndroidJUnit4.run(AllureAndroidJUnitRunners.kt:29)
12-07 20:51:30.870   529   576 W DefaultFailureHandler: 	at org.junit.runners.Suite.runChild(Suite.java:128)
12-07 20:51:30.870   529   576 W DefaultFailureHandler: 	at org.junit.runners.Suite.runChild(Suite.java:27)
12-07 20:51:30.870   529   576 W DefaultFailureHandler: 	at org.junit.runners.ParentRunner$4.run(ParentRunner.java:331)
12-07 20:51:30.870   529   576 W DefaultFailureHandler: 	at org.junit.runners.ParentRunner$1.schedule(ParentRunner.java:79)
12-07 20:51:30.870   529   576 W DefaultFailureHandler: 	at org.junit.runners.ParentRunner.runChildren(ParentRunner.java:329)
12-07 20:51:30.870   529   576 W DefaultFailureHandler: 	at org.junit.runners.ParentRunner.access$100(ParentRunner.java:66)
12-07 20:51:30.870   529   576 W DefaultFailureHandler: 	at org.junit.runners.ParentRunner$2.evaluate(ParentRunner.java:293)
12-07 20:51:30.870   529   576 W DefaultFailureHandler: 	at org.junit.runners.ParentRunner$3.evaluate(ParentRunner.java:306)
12-07 20:51:30.870   529   576 W DefaultFailureHandler: 	at org.junit.runners.ParentRunner.run(ParentRunner.java:413)
12-07 20:51:30.870   529   576 W DefaultFailureHandler: 	at org.junit.runner.JUnitCore.run(JUnitCore.java:137)
12-07 20:51:30.870   529   576 W DefaultFailureHandler: 	at org.junit.runner.JUnitCore.run(JUnitCore.java:115)
12-07 20:51:30.870   529   576 W DefaultFailureHandler: 	at androidx.test.internal.runner.TestExecutor.execute(TestExecutor.java:67)
12-07 20:51:30.870   529   576 W DefaultFailureHandler: 	at androidx.test.internal.runner.TestExecutor.execute(TestExecutor.java:58)
12-07 20:51:30.870   529   576 W DefaultFailureHandler: 	at androidx.test.runner.AndroidJUnitRunner.onStart(AndroidJUnitRunner.java:438)
12-07 20:51:30.870   529   576 W DefaultFailureHandler: 	at android.app.Instrumentation$InstrumentationThread.run(Instrumentation.java:2189)
12-07 20:51:30.870   529   576 W DefaultFailureHandler: Caused by: android.system.ErrnoException: open failed: EROFS (Read-only file system)
12-07 20:51:30.871   529   576 W DefaultFailureHandler: 	at libcore.io.Linux.open(Native Method)
12-07 20:51:30.871   529   576 W DefaultFailureHandler: 	at libcore.io.ForwardingOs.open(ForwardingOs.java:167)
12-07 20:51:30.871   529   576 W DefaultFailureHandler: 	at libcore.io.BlockGuardOs.open(BlockGuardOs.java:252)
12-07 20:51:30.871   529   576 W DefaultFailureHandler: 	at libcore.io.ForwardingOs.open(ForwardingOs.java:167)
12-07 20:51:30.871   529   576 W DefaultFailureHandler: 	at android.app.ActivityThread$AndroidOs.open(ActivityThread.java:7255)
12-07 20:51:30.871   529   576 W DefaultFailureHandler: 	at libcore.io.IoBridge.open(IoBridge.java:482)
12-07 20:51:30.871   529   576 W DefaultFailureHandler: 	... 50 more
12-07 20:51:30.877   529   576 W teco.fmhandroi: Accessing hidden method Lsun/misc/Unsafe;->compareAndSwapObject(Ljava/lang/Object;JLjava/lang/Object;Ljava/lang/Object;)Z (greylist, linking, allowed)
12-07 20:51:30.880   529   529 I ViewInteraction: Performing 'wait for a specific view with <view.getId() is <2131230870>> during 10000 millis.' action on view view.getRootView() to equal view
12-07 20:51:30.882   529   644 W teco.fmhandroi: Accessing hidden method Lsun/misc/Unsafe;->compareAndSwapObject(Ljava/lang/Object;JLjava/lang/Object;Ljava/lang/Object;)Z (greylist, linking, allowed)
12-07 20:51:32.160  1744   636 E ResolverController: No valid NAT64 prefix (102, <unspecified>/0)
12-07 20:51:32.528   529   635 I okhttp.OkHttpClient: <-- 200 http://www.981757-ca08998.tmweb.ru:8080/fmh/authentication/userInfo (11241ms)
12-07 20:51:32.529   529   635 I okhttp.OkHttpClient: Vary: Origin
12-07 20:51:32.529   529   635 I okhttp.OkHttpClient: Vary: Access-Control-Request-Method
12-07 20:51:32.529   529   635 I okhttp.OkHttpClient: Vary: Access-Control-Request-Headers
12-07 20:51:32.529   529   635 I okhttp.OkHttpClient: X-Content-Type-Options: nosniff
12-07 20:51:32.529   529   635 I okhttp.OkHttpClient: X-XSS-Protection: 1; mode=block
12-07 20:51:32.529   529   635 I okhttp.OkHttpClient: Cache-Control: no-cache, no-store, max-age=0, must-revalidate
12-07 20:51:32.529   529   635 I okhttp.OkHttpClient: Pragma: no-cache
12-07 20:51:32.529   529   635 I okhttp.OkHttpClient: Expires: 0
12-07 20:51:32.529   529   635 I okhttp.OkHttpClient: X-Frame-Options: DENY
12-07 20:51:32.529   529   635 I okhttp.OkHttpClient: Content-Type: application/json
12-07 20:51:32.529   529   635 I okhttp.OkHttpClient: Transfer-Encoding: chunked
12-07 20:51:32.529   529   635 I okhttp.OkHttpClient: Date: Wed, 07 Dec 2022 20:52:18 GMT
12-07 20:51:32.529   529   635 I okhttp.OkHttpClient: Keep-Alive: timeout=60
12-07 20:51:32.529   529   635 I okhttp.OkHttpClient: Connection: keep-alive
12-07 20:51:32.533   529   635 I okhttp.OkHttpClient: {"id":2,"firstName":"Данил","lastName":"Иванов","middleName":"Данилович","admin":true}
12-07 20:51:32.533   529   635 I okhttp.OkHttpClient: <-- END HTTP (106-byte body)
12-07 20:51:32.607   529   647 I okhttp.OkHttpClient: --> GET http://www.981757-ca08998.tmweb.ru:8080/fmh/claims
12-07 20:51:32.607   529   647 I okhttp.OkHttpClient: --> END GET
12-07 20:51:35.028  2018  2058 E memtrack: Couldn't load memtrack module
12-07 20:51:35.028  2018  2058 W android.os.Debug: failed to get memory consumption info: -1
12-07 20:51:35.158   529   647 I okhttp.OkHttpClient: <-- 200 http://www.981757-ca08998.tmweb.ru:8080/fmh/claims (2550ms)
12-07 20:51:35.158   529   647 I okhttp.OkHttpClient: Vary: Origin
12-07 20:51:35.159   529   647 I okhttp.OkHttpClient: Vary: Access-Control-Request-Method
12-07 20:51:35.159   529   647 I okhttp.OkHttpClient: Vary: Access-Control-Request-Headers
12-07 20:51:35.159   529   647 I okhttp.OkHttpClient: X-Content-Type-Options: nosniff
12-07 20:51:35.159   529   647 I okhttp.OkHttpClient: X-XSS-Protection: 1; mode=block
12-07 20:51:35.159   529   647 I okhttp.OkHttpClient: Cache-Control: no-cache, no-store, max-age=0, must-revalidate
12-07 20:51:35.159   529   647 I okhttp.OkHttpClient: Pragma: no-cache
12-07 20:51:35.159   529   647 I okhttp.OkHttpClient: Expires: 0
12-07 20:51:35.159   529   647 I okhttp.OkHttpClient: X-Frame-Options: DENY
12-07 20:51:35.160   529   647 I okhttp.OkHttpClient: Content-Type: application/json
12-07 20:51:35.160   529   647 I okhttp.OkHttpClient: Transfer-Encoding: chunked
12-07 20:51:35.160   529   647 I okhttp.OkHttpClient: Date: Wed, 07 Dec 2022 20:52:21 GMT
12-07 20:51:35.160   529   647 I okhttp.OkHttpClient: Keep-Alive: timeout=60
12-07 20:51:35.160   529   647 I okhttp.OkHttpClient: Connection: keep-alive
12-07 20:51:37.409  2018  2058 E memtrack: Couldn't load memtrack module
12-07 20:51:37.409  2018  2058 W android.os.Debug: failed to get memory consumption info: -1
12-07 20:51:38.063   529   529 I Choreographer: Skipped 329 frames!  The application may be doing too much work on its main thread.
12-07 20:51:38.657   529   621 I OpenGLRenderer: Davey! duration=6083ms; Flags=1, IntendedVsync=46642683021086, Vsync=46648166354200, OldestInputEvent=9223372036854775807, NewestInputEvent=0, HandleInputStart=46648173693080, AnimationStart=46648173767580, PerformTraversalsStart=46648174391480, DrawStart=46648333311880, SyncQueued=46648343548880, SyncStart=46648344657480, IssueDrawCommandsStart=46648344952680, SwapBuffers=46648756639380, FrameCompleted=46648767256580, DequeueBufferDuration=630000, QueueBufferDuration=1013000, 
12-07 20:51:39.383   529   529 I Choreographer: Skipped 32 frames!  The application may be doing too much work on its main thread.
12-07 20:51:39.402   529   621 I OpenGLRenderer: Davey! duration=728ms; Flags=0, IntendedVsync=46648783000297, Vsync=46648783000297, OldestInputEvent=9223372036854775807, NewestInputEvent=0, HandleInputStart=46648795436480, AnimationStart=46648795502680, PerformTraversalsStart=46648795594480, DrawStart=46649422834580, SyncQueued=46649481704280, SyncStart=46649482896580, IssueDrawCommandsStart=46649483108780, SwapBuffers=46649504207080, FrameCompleted=46649512205480, DequeueBufferDuration=794000, QueueBufferDuration=1192000, 
12-07 20:51:39.450   529   576 W teco.fmhandroi: Accessing hidden method Lsun/misc/Unsafe;->compareAndSwapObject(Ljava/lang/Object;JLjava/lang/Object;Ljava/lang/Object;)Z (greylist, linking, allowed)
12-07 20:51:39.452   529   644 W teco.fmhandroi: Accessing hidden method Lsun/misc/Unsafe;->compareAndSwapObject(Ljava/lang/Object;JLjava/lang/Object;Ljava/lang/Object;)Z (greylist, linking, allowed)
12-07 20:51:39.471   529   529 I ViewInteraction: Checking 'MatchesViewAssertion{viewMatcher=(view has effective visibility <VISIBLE> and view.getGlobalVisibleRect() to return non-empty rectangle)}' assertion on view view.getId() is <2131230870/ru.iteco.fmhandroid:id/authorization_image_button>
12-07 20:51:39.487   529   576 W teco.fmhandroi: Accessing hidden method Landroid/view/ViewConfiguration;->getDoubleTapMinTime()I (greylist, reflection, allowed)
12-07 20:51:39.497   529   576 W teco.fmhandroi: Accessing hidden method Lsun/misc/Unsafe;->compareAndSwapObject(Ljava/lang/Object;JLjava/lang/Object;Ljava/lang/Object;)Z (greylist, linking, allowed)
12-07 20:51:39.515   529   529 I ViewInteraction: Performing 'single click' action on view view.getId() is <2131230870/ru.iteco.fmhandroid:id/authorization_image_button>
12-07 20:51:39.572   529   544 I teco.fmhandroi: NativeAlloc concurrent copying GC freed 11594(527KB) AllocSpace objects, 0(0B) LOS objects, 49% free, 5970KB/11MB, paused 2.203ms total 128.359ms
12-07 20:51:39.731  1764  6994 W audio_hw_generic: Not supplying enough data to HAL, expected position 102578236 , only wrote 102577946
12-07 20:51:39.752  1776  1825 D gralloc_ranchu: gralloc_alloc: Creating ashmem region of size 884736
12-07 20:51:39.762  1776  1825 I chatty  : uid=1000(system) HwBinder:1776_1 identical 1 line
12-07 20:51:39.764  1776  1825 D gralloc_ranchu: gralloc_alloc: Creating ashmem region of size 884736
12-07 20:51:39.794   529   621 D EGL_emulation: eglMakeCurrent: 0xe593eb00: ver 2 0 (tinfo 0xe59302b0)
12-07 20:51:39.885   529   621 I chatty  : uid=10146(ru.iteco.fmhandroid) RenderThread identical 3 lines
12-07 20:51:39.901   529   621 D EGL_emulation: eglMakeCurrent: 0xe593eb00: ver 2 0 (tinfo 0xe59302b0)
12-07 20:51:40.127   529   576 W teco.fmhandroi: Accessing hidden method Lsun/misc/Unsafe;->compareAndSwapObject(Ljava/lang/Object;JLjava/lang/Object;Ljava/lang/Object;)Z (greylist, linking, allowed)
12-07 20:51:40.131   529   529 I ViewInteraction: Performing 'wait for a specific view with <an instance of android.widget.TextView and view.getText() with or without transformation to match: is "Log out"> during 10000 millis.' action on view view.getRootView() to equal view
12-07 20:51:40.135   529   529 I ViewInteraction: Checking 'MatchesViewAssertion{viewMatcher=(view has effective visibility <VISIBLE> and view.getGlobalVisibleRect() to return non-empty rectangle)}' assertion on view an instance of android.widget.TextView and view.getText() with or without transformation to match: is "Log out"
12-07 20:51:40.141   529   529 I ViewInteraction: Performing 'single click' action on view an instance of android.widget.TextView and view.getText() with or without transformation to match: is "Log out"
12-07 20:51:40.586   529   621 D EGL_emulation: eglMakeCurrent: 0xe593eb00: ver 2 0 (tinfo 0xe59302b0)
12-07 20:51:40.702   529   621 D EGL_emulation: eglMakeCurrent: 0xe593eb00: ver 2 0 (tinfo 0xe59302b0)
12-07 20:51:40.798   529   644 W teco.fmhandroi: Accessing hidden method Lsun/misc/Unsafe;->compareAndSwapObject(Ljava/lang/Object;JLjava/lang/Object;Ljava/lang/Object;)Z (greylist, linking, allowed)
