--------- beginning of main
12-06 13:05:36.121 12692 12692 W teco.fmhandroi: ClassLoaderContext classpath size mismatch. expected=0, found=7 (PCL[] | PCL[/system/framework/android.test.runner.jar*3312018701:/system/framework/android.test.mock.jar*3601177991:/data/app/ru.iteco.fmhandroid.test-P8X0gQqy3rdqn4c64Z8pZA==/base.apk*125722370:/data/app/ru.iteco.fmhandroid.test-P8X0gQqy3rdqn4c64Z8pZA==/base.apk!classes2.dex*2301094307:/data/app/ru.iteco.fmhandroid.test-P8X0gQqy3rdqn4c64Z8pZA==/base.apk!classes3.dex*15908525:/data/app/ru.iteco.fmhandroid.test-P8X0gQqy3rdqn4c64Z8pZA==/base.apk!classes4.dex*592257888:/data/app/ru.iteco.fmhandroid.test-P8X0gQqy3rdqn4c64Z8pZA==/base.apk!classes5.dex*2981505913])
--------- beginning of system
12-06 13:05:36.172 12448 12508 E ActivityThread: Failed to find provider info for com.google.android.apps.wellbeing.api
12-06 13:05:36.180 12692 12692 W teco.fmhandroi: Found duplicate classes, falling back to extracting from APK : /data/app/ru.iteco.fmhandroid-R0QVQlEGwG1IVzN-H3bqog==/base.apk
12-06 13:05:36.180 12692 12692 W teco.fmhandroi: NOTE: This wastes RAM and hurts startup performance.
12-06 13:05:36.180 12692 12692 W teco.fmhandroi: Found duplicated class when checking oat files: 'Lcom/google/common/util/concurrent/ListenableFuture;' in /data/app/ru.iteco.fmhandroid.test-P8X0gQqy3rdqn4c64Z8pZA==/base.apk and /data/app/ru.iteco.fmhandroid-R0QVQlEGwG1IVzN-H3bqog==/base.apk
12-06 13:05:36.180 12692 12692 W teco.fmhandroi: 
12-06 13:05:37.076 12692 12692 I teco.fmhandroi: The ClassLoaderContext is a special shared library.
12-06 13:05:37.077 12692 12692 I teco.fmhandroi: The ClassLoaderContext is a special shared library.
12-06 13:05:37.463 12692 12692 W teco.fmhandroi: ClassLoaderContext classpath size mismatch. expected=0, found=7 (PCL[] | PCL[/system/framework/android.test.runner.jar*3312018701:/system/framework/android.test.mock.jar*3601177991:/data/app/ru.iteco.fmhandroid.test-P8X0gQqy3rdqn4c64Z8pZA==/base.apk*125722370:/data/app/ru.iteco.fmhandroid.test-P8X0gQqy3rdqn4c64Z8pZA==/base.apk!classes2.dex*2301094307:/data/app/ru.iteco.fmhandroid.test-P8X0gQqy3rdqn4c64Z8pZA==/base.apk!classes3.dex*15908525:/data/app/ru.iteco.fmhandroid.test-P8X0gQqy3rdqn4c64Z8pZA==/base.apk!classes4.dex*592257888:/data/app/ru.iteco.fmhandroid.test-P8X0gQqy3rdqn4c64Z8pZA==/base.apk!classes5.dex*2981505913];PCL[/system/framework/android.test.runner.jar*3312018701:/system/framework/android.test.mock.jar*3601177991:/data/app/ru.iteco.fmhandroid.test-P8X0gQqy3rdqn4c64Z8pZA==/base.apk*125722370:/data/app/ru.iteco.fmhandroid.test-P8X0gQqy3rdqn4c64Z8pZA==/base.apk!classes2.dex*2301094307:/data/app/ru.iteco.fmhandroid.test-P8X0gQqy3rdqn4c64Z8pZA==/base.apk!classes3.dex*15908525:/data/app/ru.iteco.fmh
12-06 13:05:37.467 12692 12692 W teco.fmhandroi: Found duplicate classes, falling back to extracting from APK : /data/app/ru.iteco.fmhandroid-R0QVQlEGwG1IVzN-H3bqog==/base.apk
12-06 13:05:37.468 12692 12692 W teco.fmhandroi: NOTE: This wastes RAM and hurts startup performance.
12-06 13:05:37.468 12692 12692 W teco.fmhandroi: Found duplicated class when checking oat files: 'Landroid/support/v4/app/INotificationSideChannel$Default;' in /data/app/ru.iteco.fmhandroid-R0QVQlEGwG1IVzN-H3bqog==/base.apk and /data/app/ru.iteco.fmhandroid-R0QVQlEGwG1IVzN-H3bqog==/base.apk
12-06 13:05:37.468 12692 12692 W teco.fmhandroi: 
12-06 13:05:37.977 12692 12692 W teco.fmhandroi: Accessing hidden method Landroid/app/Instrumentation;->execStartActivity(Landroid/content/Context;Landroid/os/IBinder;Landroid/os/IBinder;Landroid/app/Activity;Landroid/content/Intent;ILandroid/os/Bundle;)Landroid/app/Instrumentation$ActivityResult; (greylist, linking, allowed)
12-06 13:05:37.977 12692 12692 W teco.fmhandroi: Accessing hidden method Landroid/app/Instrumentation;->execStartActivity(Landroid/content/Context;Landroid/os/IBinder;Landroid/os/IBinder;Ljava/lang/String;Landroid/content/Intent;ILandroid/os/Bundle;)Landroid/app/Instrumentation$ActivityResult; (greylist, linking, allowed)
12-06 13:05:37.996 12692 12692 I MonitoringInstr: newApplication called!
12-06 13:05:38.079 12692 12692 I FirebaseApp: Device unlocked: initializing all Firebase APIs for app [DEFAULT]
12-06 13:05:38.130 12692 12692 I FirebaseCrashlytics: Initializing Firebase Crashlytics 18.2.6 for ru.iteco.fmhandroid
12-06 13:05:38.165 12692 12725 I DynamiteModule: Considering local module com.google.android.gms.measurement.dynamite:55 and remote module com.google.android.gms.measurement.dynamite:15
12-06 13:05:38.166 12692 12725 I DynamiteModule: Selected local version of com.google.android.gms.measurement.dynamite
12-06 13:05:38.282 12692 12692 I FirebaseInitProvider: FirebaseApp initialization successful
12-06 13:05:38.318 12692 12692 I MonitoringInstr: Instrumentation started!
12-06 13:05:38.325 12692 12692 D ClassesArgTokenizer: input: ru.iteco.fmhandroid.ui.FilterClaimsPageTest#shouldFilterClaimsWithStatusOpenAndInProgress
12-06 13:05:38.326 12692 12692 D ClassesArgTokenizer: result: [ru.iteco.fmhandroid.ui.FilterClaimsPageTest#shouldFilterClaimsWithStatusOpenAndInProgress]
12-06 13:05:38.326 12692 12692 D ClassesArgTokenizer: input: null
12-06 13:05:38.326 12692 12692 D ClassesArgTokenizer: result: []
12-06 13:05:38.331 12692 12692 V TestEventClient: No service name argument was given (testDiscoveryService, testRunEventService or orchestratorService)
12-06 13:05:38.350 12692 12737 D AndroidJUnitRunner: onStart is called.
12-06 13:05:38.361 12692 12692 I MonitoringInstr: No JSBridge.
12-06 13:05:38.391 12692 12737 D TestRequestBuilder: Skipping class path scanning and directly running [ru.iteco.fmhandroid.ui.FilterClaimsPageTest]
12-06 13:05:38.404 12692 12731 V FA      : App measurement collection enabled
12-06 13:05:38.406 12692 12731 V FA      : App measurement enabled for app package, google app id: ru.iteco.fmhandroid, 1:729587742060:android:e7d6f87c783f52b9a42f49
12-06 13:05:38.412 12692 12737 D ClassesArgTokenizer: input: ru.iteco.fmhandroid.ui.FilterClaimsPageTest#shouldFilterClaimsWithStatusOpenAndInProgress
12-06 13:05:38.412 12692 12731 I FA      : App measurement initialized, version: 46000
12-06 13:05:38.413 12692 12737 D ClassesArgTokenizer: result: [ru.iteco.fmhandroid.ui.FilterClaimsPageTest#shouldFilterClaimsWithStatusOpenAndInProgress]
12-06 13:05:38.413 12692 12731 I FA      : To enable debug logging run: adb shell setprop log.tag.FA VERBOSE
12-06 13:05:38.413 12692 12731 I FA      : To enable faster debug mode event logging run:
12-06 13:05:38.413 12692 12731 I FA      :   adb shell setprop debug.firebase.analytics.app ru.iteco.fmhandroid
12-06 13:05:38.413 12692 12737 D ClassesArgTokenizer: input: null
12-06 13:05:38.413 12692 12731 D FA      : Debug-level message logging enabled
12-06 13:05:38.414 12692 12737 D ClassesArgTokenizer: result: []
12-06 13:05:38.448 12692 12737 D AndroidJUnitRunner: Use the raw file system for managing file I/O.
12-06 13:05:38.459 12692 12737 D TestExecutor: Adding listener androidx.test.internal.runner.listener.LogRunListener
12-06 13:05:38.460 12692 12737 D TestExecutor: Adding listener androidx.test.internal.runner.listener.InstrumentationResultPrinter
12-06 13:05:38.461 12692 12737 D TestExecutor: Adding listener androidx.test.internal.runner.listener.ActivityFinisherRunListener
12-06 13:05:38.461 12692 12737 D TestExecutor: Adding listener androidx.test.internal.runner.listener.TraceRunListener
12-06 13:05:38.481 12692 12737 I TestRunner: run started: 1 tests
12-06 13:05:38.530 12692 12731 V FA      : Connecting to remote service
12-06 13:05:38.567  2018  2058 E memtrack: Couldn't load memtrack module
12-06 13:05:38.567  2018  2058 W android.os.Debug: failed to get memory consumption info: -1
12-06 13:05:38.575  2018  2031 I system_server: Background young concurrent copying GC freed 83568(4809KB) AllocSpace objects, 31(1736KB) LOS objects, 32% free, 12MB/18MB, paused 1.388ms total 182.257ms
12-06 13:05:38.581 12692 12737 I TestRunner: started: shouldFilterClaimsWithStatusOpenAndInProgress(ru.iteco.fmhandroid.ui.FilterClaimsPageTest)
12-06 13:05:38.601 12692 12731 V FA      : Connection attempt already in progress
12-06 13:05:38.608 12692 12731 V FA      : Connection attempt already in progress
12-06 13:05:38.628 12692 12731 D FA      : Connected to remote service
12-06 13:05:38.628 12692 12731 V FA      : Processing queued up service tasks: 3
12-06 13:05:38.722  2873 12740 V FA-SVC  : Saving default event parameters, appId, data size: ru.iteco.fmhandroid, 2
12-06 13:05:38.795  1744 12741 E ResolverController: No valid NAT64 prefix (100, <unspecified>/0)
12-06 13:05:38.868 12692 12737 W FileTestStorage: Output properties is not supported.
12-06 13:05:38.869 12692 12737 I Tracing : Tracer added: class androidx.test.platform.tracing.AndroidXTracer
12-06 13:05:38.885 12692 12737 D EventInjectionStrategy: Creating injection strategy with input manager.
12-06 13:05:38.886 12692 12737 W teco.fmhandroi: Accessing hidden method Landroid/hardware/input/InputManager;->getInstance()Landroid/hardware/input/InputManager; (greylist, reflection, allowed)
12-06 13:05:38.888 12692 12737 W teco.fmhandroi: Accessing hidden method Landroid/hardware/input/InputManager;->injectInputEvent(Landroid/view/InputEvent;I)Z (greylist, reflection, allowed)
12-06 13:05:38.888 12692 12737 W teco.fmhandroi: Accessing hidden field Landroid/hardware/input/InputManager;->INJECT_INPUT_EVENT_MODE_WAIT_FOR_FINISH:I (greylist, reflection, allowed)
12-06 13:05:39.025  2018  2018 V SettingsProvider: Notifying for 0: content://settings/secure/accessibility_enabled
12-06 13:05:39.601 12692 12737 W Settings: Setting always_finish_activities has moved from android.provider.Settings.System to android.provider.Settings.Global, returning read-only value.
12-06 13:05:39.619  2018  2693 I ActivityTaskManager: START u0 {act=android.intent.action.MAIN cat=[android.intent.category.LAUNCHER] flg=0x10008000 cmp=ru.iteco.fmhandroid.test/androidx.test.core.app.InstrumentationActivityInvoker$BootstrapActivity (has extras)} from uid 10146
12-06 13:05:39.710  2018 11055 W InputReader: Device has associated, but no associated display id.
12-06 13:05:39.712  2018 11055 I chatty  : uid=1000(system) Binder:2018_1E identical 8 lines
12-06 13:05:39.713  2018 11055 W InputReader: Device has associated, but no associated display id.
12-06 13:05:39.764  1745  1745 D Zygote  : Forked child process 12748
12-06 13:05:39.776 12748 12748 I fmhandroid.tes: Late-enabling -Xcheck:jni
12-06 13:05:39.781  2018  2060 W ActivityManager: Slow operation: 52ms so far, now at startProcess: returned from zygote!
12-06 13:05:39.781  2018  2060 W ActivityManager: Slow operation: 53ms so far, now at startProcess: done updating battery stats
12-06 13:05:39.782  2018  2060 W ActivityManager: Slow operation: 53ms so far, now at startProcess: building log message
12-06 13:05:39.782  2018  2060 I ActivityManager: Start proc 12748:ru.iteco.fmhandroid.test/u0a147 for activity {ru.iteco.fmhandroid.test/androidx.test.core.app.InstrumentationActivityInvoker$BootstrapActivity}
12-06 13:05:39.782  2018  2060 W ActivityManager: Slow operation: 53ms so far, now at startProcess: starting to update pids map
12-06 13:05:39.786  2018  2060 W ActivityManager: Slow operation: 57ms so far, now at startProcess: done updating pids map
12-06 13:05:39.830  1776  1825 D gralloc_ranchu: gralloc_alloc: Creating ashmem region of size 10108928
12-06 13:05:39.916 12748 12748 E fmhandroid.tes: Unknown bits set in runtime_flags: 0x8000
12-06 13:05:39.922 12748 12748 W fmhandroid.tes: Unexpected CPU variant for X86 using defaults: x86
12-06 13:05:40.038  2018  2693 W InputReader: Device has associated, but no associated display id.
12-06 13:05:40.053  2018  2693 I chatty  : uid=1000(system) Binder:2018_9 identical 28 lines
12-06 13:05:40.053  2018  2693 W InputReader: Device has associated, but no associated display id.
12-06 13:05:40.071  1776  1825 D gralloc_ranchu: gralloc_alloc: Creating ashmem region of size 1617920
12-06 13:05:40.101 12748 12748 I fmhandroid.tes: The ClassLoaderContext is a special shared library.
12-06 13:05:40.105 12748 12748 I fmhandroid.tes: The ClassLoaderContext is a special shared library.
12-06 13:05:40.145  2018  6939 D HostConnection: HostConnection::get() New Host Connection established 0xb2678040, tid 6939
12-06 13:05:40.149  2018  6939 D HostConnection: HostComposition ext ANDROID_EMU_CHECKSUM_HELPER_v1 ANDROID_EMU_dma_v1 ANDROID_EMU_direct_mem ANDROID_EMU_host_composition_v1 ANDROID_EMU_host_composition_v2 ANDROID_EMU_vulkan ANDROID_EMU_deferred_vulkan_commands ANDROID_EMU_vulkan_null_optional_strings ANDROID_EMU_vulkan_create_resources_with_requirements ANDROID_EMU_YUV_Cache ANDROID_EMU_vulkan_ignored_handles ANDROID_EMU_vulkan_free_memory_sync ANDROID_EMU_vulkan_shader_float16_int8 ANDROID_EMU_vulkan_async_queue_submit ANDROID_EMU_sync_buffer_data GL_OES_vertex_array_object GL_KHR_texture_compression_astc_ldr ANDROID_EMU_host_side_tracing ANDROID_EMU_gles_max_version_2 
12-06 13:05:40.157  2018  6939 W OpenGLRenderer: Failed to choose config with EGL_SWAP_BEHAVIOR_PRESERVED, retrying without...
12-06 13:05:40.288  2018  6939 D EGL_emulation: eglCreateContext: 0xb23556c0: maj 2 min 0 rcv 2
12-06 13:05:40.297  2018  6939 D EGL_emulation: eglMakeCurrent: 0xb23556c0: ver 2 0 (tinfo 0xc1799d10)
12-06 13:05:40.303  2018  3061 D HostConnection: HostConnection::get() New Host Connection established 0xb26770f0, tid 3061
12-06 13:05:40.307  2018  3061 D HostConnection: HostComposition ext ANDROID_EMU_CHECKSUM_HELPER_v1 ANDROID_EMU_dma_v1 ANDROID_EMU_direct_mem ANDROID_EMU_host_composition_v1 ANDROID_EMU_host_composition_v2 ANDROID_EMU_vulkan ANDROID_EMU_deferred_vulkan_commands ANDROID_EMU_vulkan_null_optional_strings ANDROID_EMU_vulkan_create_resources_with_requirements ANDROID_EMU_YUV_Cache ANDROID_EMU_vulkan_ignored_handles ANDROID_EMU_vulkan_free_memory_sync ANDROID_EMU_vulkan_shader_float16_int8 ANDROID_EMU_vulkan_async_queue_submit ANDROID_EMU_sync_buffer_data GL_OES_vertex_array_object GL_KHR_texture_compression_astc_ldr ANDROID_EMU_host_side_tracing ANDROID_EMU_gles_max_version_2 
12-06 13:05:40.340  2018  3061 W ActivityTaskManager: getTaskSnapshot: taskId=104 not found
12-06 13:05:40.428  2018  2054 I Choreographer: Skipped 39 frames!  The application may be doing too much work on its main thread.
12-06 13:05:40.431  2018  2054 I Choreographer: Skipped 37 frames!  The application may be doing too much work on its main thread.
12-06 13:05:40.440  2018  2054 W InputReader: Device has associated, but no associated display id.
12-06 13:05:40.440  2018  2054 I chatty  : uid=1000(system) android.anim identical 8 lines
12-06 13:05:40.440  2018  2054 W InputReader: Device has associated, but no associated display id.
12-06 13:05:40.457  1776  1825 D gralloc_ranchu: gralloc_alloc: Creating ashmem region of size 10108928
12-06 13:05:40.464 12448 12488 D EGL_emulation: eglMakeCurrent: 0xe594d140: ver 2 0 (tinfo 0xc539bd10)
12-06 13:05:40.551  1793  2640 E SurfaceFlinger: ro.sf.lcd_density must be defined as a build property
12-06 13:05:40.556  2962  3510 D EGL_emulation: eglMakeCurrent: 0xe597d120: ver 2 0 (tinfo 0xbffb2540)
12-06 13:05:40.555  1793  2640 E SurfaceFlinger: ro.sf.lcd_density must be defined as a build property
12-06 13:05:40.564 12748 12782 D libEGL  : Emulator has host GPU support, qemu.gles is set to 1.
12-06 13:05:40.573 12748 12782 W libc    : Unable to set property "qemu.gles" to "1": connection failed; errno=13 (Permission denied)
12-06 13:05:40.563 12748 12748 W RenderThread: type=1400 audit(0.0:125): avc: denied { write } for name="property_service" dev="tmpfs" ino=7388 scontext=u:r:untrusted_app:s0:c147,c256,c512,c768 tcontext=u:object_r:property_socket:s0 tclass=sock_file permissive=0 app=ru.iteco.fmhandroid.test
12-06 13:05:40.643 12748 12782 D libEGL  : loaded /vendor/lib/egl/libEGL_emulation.so
12-06 13:05:40.651 12748 12782 D libEGL  : loaded /vendor/lib/egl/libGLESv1_CM_emulation.so
12-06 13:05:40.655 12748 12782 D libEGL  : loaded /vendor/lib/egl/libGLESv2_emulation.so
12-06 13:05:40.672  2018  2693 I ActivityTaskManager: START u0 {act=android.intent.action.MAIN cat=[android.intent.category.LAUNCHER] cmp=ru.iteco.fmhandroid/.ui.AppActivity} from uid 10146
12-06 13:05:40.688  2018  2693 W InputReader: Device has associated, but no associated display id.
12-06 13:05:40.693  2018  2693 I chatty  : uid=1000(system) Binder:2018_9 identical 48 lines
12-06 13:05:40.693  2018  2693 W InputReader: Device has associated, but no associated display id.
12-06 13:05:40.695 12692 12692 W ActivityThread: handleWindowVisibility: no activity for token android.os.BinderProxy@482133
12-06 13:05:40.699  2018  2693 W InputReader: Device has associated, but no associated display id.
12-06 13:05:40.699  2018  2693 I chatty  : uid=1000(system) Binder:2018_9 identical 8 lines
12-06 13:05:40.699  2018  2693 W InputReader: Device has associated, but no associated display id.
12-06 13:05:40.711  1793  2640 E SurfaceFlinger: ro.sf.lcd_density must be defined as a build property
12-06 13:05:40.712  1793  1999 E SurfaceFlinger: ro.sf.lcd_density must be defined as a build property
12-06 13:05:40.738 12692 12786 D libEGL  : Emulator has host GPU support, qemu.gles is set to 1.
12-06 13:05:40.739 12692 12786 W libc    : Unable to set property "qemu.gles" to "1": connection failed; errno=13 (Permission denied)
12-06 13:05:40.733 12692 12692 W RenderThread: type=1400 audit(0.0:126): avc: denied { write } for name="property_service" dev="tmpfs" ino=7388 scontext=u:r:untrusted_app:s0:c146,c256,c512,c768 tcontext=u:object_r:property_socket:s0 tclass=sock_file permissive=0 app=ru.iteco.fmhandroid
12-06 13:05:40.820 12692 12786 D libEGL  : loaded /vendor/lib/egl/libEGL_emulation.so
12-06 13:05:40.823 12692 12786 D libEGL  : loaded /vendor/lib/egl/libGLESv1_CM_emulation.so
12-06 13:05:40.828 12692 12786 D libEGL  : loaded /vendor/lib/egl/libGLESv2_emulation.so
12-06 13:05:40.856  2962 12458 I PBSessionCacheImpl: Deleted sessionId[635178102971] from persistence.
12-06 13:05:40.864 12692 12692 D LifecycleMonitor: Lifecycle status change: ru.iteco.fmhandroid.ui.AppActivity@a43d81c in: PRE_ON_CREATE
12-06 13:05:40.866 12692 12692 V ActivityScenario: Activity lifecycle changed event received but ignored because the reported transition was not ON_CREATE while the last known transition was PRE_ON_CREATE
12-06 13:05:40.903 12692 12725 V FA      : onActivityCreated
12-06 13:05:40.913 12692 12692 E teco.fmhandroi: Invalid ID 0x00000000.
12-06 13:05:40.946  2962  3348 W SearchServiceCore: Abort, client detached.
12-06 13:05:40.976 12692 12692 W teco.fmhandroi: Accessing hidden method Landroid/view/View;->computeFitSystemWindows(Landroid/graphics/Rect;Landroid/graphics/Rect;)Z (greylist, reflection, allowed)
12-06 13:05:40.978 12692 12692 W teco.fmhandroi: Accessing hidden method Landroid/view/ViewGroup;->makeOptionalFitsSystemWindows()V (greylist, reflection, allowed)
12-06 13:05:41.198 12692 12692 D NetworkSecurityConfig: No Network Security Config specified, using platform default
12-06 13:05:41.227 12692 12692 W teco.fmhandroi: Accessing hidden method Ljava/lang/invoke/MethodHandles$Lookup;-><init>(Ljava/lang/Class;I)V (greylist, reflection, allowed)
12-06 13:05:41.457 12692 12692 D LifecycleMonitor: Lifecycle status change: ru.iteco.fmhandroid.ui.AppActivity@a43d81c in: CREATED
12-06 13:05:41.458 12692 12692 V ActivityScenario: Update currentActivityStage to CREATED, currentActivity=ru.iteco.fmhandroid.ui.AppActivity@a43d81c
12-06 13:05:41.857 12692 12692 D LifecycleMonitor: Lifecycle status change: ru.iteco.fmhandroid.ui.AppActivity@a43d81c in: STARTED
12-06 13:05:41.857 12692 12692 V ActivityScenario: Update currentActivityStage to STARTED, currentActivity=ru.iteco.fmhandroid.ui.AppActivity@a43d81c
12-06 13:05:41.860 12692 12692 D LifecycleMonitor: Lifecycle status change: ru.iteco.fmhandroid.ui.AppActivity@a43d81c in: RESUMED
12-06 13:05:41.860 12692 12692 V ActivityScenario: Update currentActivityStage to RESUMED, currentActivity=ru.iteco.fmhandroid.ui.AppActivity@a43d81c
12-06 13:05:41.861 12692 12731 V FA      : Activity resumed, time: 7491936
12-06 13:05:41.871 12692 12737 W FileTestStorage: Test input args is not supported.
12-06 13:05:41.880 12692 12731 V FA      : Session started, time: 7491956
12-06 13:05:41.890 12692 12737 W teco.fmhandroi: Accessing hidden method Lsun/misc/Unsafe;->getUnsafe()Lsun/misc/Unsafe; (greylist,core-platform-api, linking, allowed)
12-06 13:05:41.890 12692 12737 W teco.fmhandroi: Accessing hidden method Lsun/misc/Unsafe;->objectFieldOffset(Ljava/lang/reflect/Field;)J (greylist,core-platform-api, linking, allowed)
12-06 13:05:41.891 12692 12737 W teco.fmhandroi: Accessing hidden method Lsun/misc/Unsafe;->putObject(Ljava/lang/Object;JLjava/lang/Object;)V (greylist, linking, allowed)
12-06 13:05:41.908 12692 12737 W teco.fmhandroi: Accessing hidden method Lsun/misc/Unsafe;->compareAndSwapObject(Ljava/lang/Object;JLjava/lang/Object;Ljava/lang/Object;)Z (greylist, linking, allowed)
12-06 13:05:41.908 12692 12737 W teco.fmhandroi: Accessing hidden method Lsun/misc/Unsafe;->getObject(Ljava/lang/Object;J)Ljava/lang/Object; (greylist, linking, allowed)
12-06 13:05:41.983 12692 12692 W teco.fmhandroi: Accessing hidden method Landroid/os/MessageQueue;->next()Landroid/os/Message; (greylist, reflection, allowed)
12-06 13:05:41.984 12692 12692 W teco.fmhandroi: Accessing hidden field Landroid/os/MessageQueue;->mMessages:Landroid/os/Message; (greylist, reflection, allowed)
12-06 13:05:41.987 12692 12692 W teco.fmhandroi: Accessing hidden method Landroid/os/Message;->recycleUnchecked()V (greylist, reflection, allowed)
12-06 13:05:42.060 12692 12705 I teco.fmhandroi: NativeAlloc concurrent copying GC freed 40768(3390KB) AllocSpace objects, 16(384KB) LOS objects, 49% free, 3246KB/6493KB, paused 779us total 221.366ms
12-06 13:05:42.067 12692 12731 I FA      : Tag Manager is not found and thus will not be used
12-06 13:05:42.087  2873 12740 V FA-SVC  : Setting user property: ga_session_number(_sno), 10
12-06 13:05:42.107  2873 12740 V FA-SVC  : Setting user property: ga_session_id(_sid), 1670331941
12-06 13:05:42.146 12692 12783 D HostConnection: HostConnection::get() New Host Connection established 0xdd856d70, tid 12783
12-06 13:05:42.217 12692 12783 D HostConnection: HostComposition ext ANDROID_EMU_CHECKSUM_HELPER_v1 ANDROID_EMU_dma_v1 ANDROID_EMU_direct_mem ANDROID_EMU_host_composition_v1 ANDROID_EMU_host_composition_v2 ANDROID_EMU_vulkan ANDROID_EMU_deferred_vulkan_commands ANDROID_EMU_vulkan_null_optional_strings ANDROID_EMU_vulkan_create_resources_with_requirements ANDROID_EMU_YUV_Cache ANDROID_EMU_vulkan_ignored_handles ANDROID_EMU_vulkan_free_memory_sync ANDROID_EMU_vulkan_shader_float16_int8 ANDROID_EMU_vulkan_async_queue_submit ANDROID_EMU_sync_buffer_data GL_OES_vertex_array_object GL_KHR_texture_compression_astc_ldr ANDROID_EMU_host_side_tracing ANDROID_EMU_gles_max_version_2 
12-06 13:05:42.263  2873 12740 V FA-SVC  : Logging event: origin=auto,name=session_start(_s),params=Bundle[{ga_event_origin(_o)=auto, ga_session_id(_sid)=1670331941}]
12-06 13:05:42.263 12692 12783 W OpenGLRenderer: Failed to choose config with EGL_SWAP_BEHAVIOR_PRESERVED, retrying without...
12-06 13:05:42.322  2873 12740 V FA-SVC  : Upload scheduled in approximately ms: 14548
12-06 13:05:42.323  2873 12740 V FA-SVC  : Unscheduling upload
12-06 13:05:42.338 12692 12783 D EGL_emulation: eglCreateContext: 0xdd81b2c0: maj 2 min 0 rcv 2
12-06 13:05:42.345  2873 12740 V FA-SVC  : Scheduling upload, millis: 14548
12-06 13:05:42.353  2873 12740 V FA-SVC  : Background event processing time, ms: 97
12-06 13:05:42.357 12692 12783 D EGL_emulation: eglMakeCurrent: 0xdd81b2c0: ver 2 0 (tinfo 0xc30e7b60)
12-06 13:05:42.375  1776  1825 D gralloc_ranchu: gralloc_alloc: Creating ashmem region of size 10108928
12-06 13:05:42.379  2873 12740 V FA-SVC  : Logging event: origin=auto,name=screen_view(_vs),params=Bundle[{ga_event_origin(_o)=auto, ga_screen_class(_sc)=AppActivity, ga_screen_id(_si)=6306915343857927694}]
12-06 13:05:42.383  1648  1648 I hwservicemanager: getTransport: Cannot find entry android.hardware.graphics.mapper@3.0::IMapper/default in either framework or device manifest.
12-06 13:05:42.384 12692 12783 W Gralloc3: mapper 3.x is not supported
12-06 13:05:42.394  2873 12740 V FA-SVC  : Upload scheduled in approximately ms: 14847
12-06 13:05:42.395  2873 12740 V FA-SVC  : Unscheduling upload
12-06 13:05:42.396 12692 12783 D HostConnection: createUnique: call
12-06 13:05:42.396 12692 12783 D HostConnection: HostConnection::get() New Host Connection established 0xdd856aa0, tid 12783
12-06 13:05:42.398 12692 12783 D HostConnection: HostComposition ext ANDROID_EMU_CHECKSUM_HELPER_v1 ANDROID_EMU_dma_v1 ANDROID_EMU_direct_mem ANDROID_EMU_host_composition_v1 ANDROID_EMU_host_composition_v2 ANDROID_EMU_vulkan ANDROID_EMU_deferred_vulkan_commands ANDROID_EMU_vulkan_null_optional_strings ANDROID_EMU_vulkan_create_resources_with_requirements ANDROID_EMU_YUV_Cache ANDROID_EMU_vulkan_ignored_handles ANDROID_EMU_vulkan_free_memory_sync ANDROID_EMU_vulkan_shader_float16_int8 ANDROID_EMU_vulkan_async_queue_submit ANDROID_EMU_sync_buffer_data GL_OES_vertex_array_object GL_KHR_texture_compression_astc_ldr ANDROID_EMU_host_side_tracing ANDROID_EMU_gles_max_version_2 
12-06 13:05:42.401 12692 12783 D eglCodecCommon: allocate: Ask for block of size 0x1000
12-06 13:05:42.401 12692 12783 D eglCodecCommon: allocate: ioctl allocate returned offset 0x3ffff8000 size 0x2000
12-06 13:05:42.405  2873 12740 V FA-SVC  : Scheduling upload, millis: 14847
12-06 13:05:42.405  1776  1825 D gralloc_ranchu: gralloc_alloc: Creating ashmem region of size 10108928
12-06 13:05:42.408  1776  1825 D gralloc_ranchu: gralloc_alloc: Creating ashmem region of size 10108928
12-06 13:05:42.419 12692 12783 D EGL_emulation: eglMakeCurrent: 0xdd81b2c0: ver 2 0 (tinfo 0xc30e7b60)
12-06 13:05:42.421  2873 12740 V FA-SVC  : Background event processing time, ms: 42
12-06 13:05:42.499  2656 11800 E SQLiteDatabase: Error inserting flex_time=14000 job_id=-1 period=30000 source=16 requires_charging=0 preferred_network_type=1 target_class=com.google.android.gms.measurement.PackageMeasurementTaskService user_id=0 target_package=com.google.android.gms tag=Measurement.PackageMeasurementTaskService.UPLOAD_TASK_TAG task_type=0 required_idleness_state=0 service_kind=0 source_version=202414000 persistence_level=1 preferred_charging_state=1 required_network_type=0 runtime=1670331942373 retry_strategy={"maximum_backoff_seconds":{"3600":0},"initial_backoff_seconds":{"30":0},"retry_policy":{"0":0}} last_runtime=0
12-06 13:05:42.499  2656 11800 E SQLiteDatabase: android.database.sqlite.SQLiteConstraintException: UNIQUE constraint failed: pending_ops.tag, pending_ops.target_class, pending_ops.target_package, pending_ops.user_id (code 2067 SQLITE_CONSTRAINT_UNIQUE)
12-06 13:05:42.499  2656 11800 E SQLiteDatabase: 	at android.database.sqlite.SQLiteConnection.nativeExecuteForLastInsertedRowId(Native Method)
12-06 13:05:42.499  2656 11800 E SQLiteDatabase: 	at android.database.sqlite.SQLiteConnection.executeForLastInsertedRowId(SQLiteConnection.java:879)
12-06 13:05:42.499  2656 11800 E SQLiteDatabase: 	at android.database.sqlite.SQLiteSession.executeForLastInsertedRowId(SQLiteSession.java:790)
12-06 13:05:42.499  2656 11800 E SQLiteDatabase: 	at android.database.sqlite.SQLiteStatement.executeInsert(SQLiteStatement.java:88)
12-06 13:05:42.499  2656 11800 E SQLiteDatabase: 	at android.database.sqlite.SQLiteDatabase.insertWithOnConflict(SQLiteDatabase.java:1599)
12-06 13:05:42.499  2656 11800 E SQLiteDatabase: 	at android.database.sqlite.SQLiteDatabase.insert(SQLiteDatabase.java:1468)
12-06 13:05:42.499  2656 11800 E SQLiteDatabase: 	at aqui.a(:com.google.android.gms@202414022@20.24.14 (040700-319035315):175)
12-06 13:05:42.499  2656 11800 E SQLiteDatabase: 	at aqtk.a(:com.google.android.gms@202414022@20.24.14 (040700-319035315):182)
12-06 13:05:42.499  2656 11800 E SQLiteDatabase: 	at aqtk.a(:com.google.android.gms@202414022@20.24.14 (040700-319035315):23)
12-06 13:05:42.499  2656 11800 E SQLiteDatabase: 	at aqtk.a(:com.google.android.gms@202414022@20.24.14 (040700-319035315):177)
12-06 13:05:42.499  2656 11800 E SQLiteDatabase: 	at aqpu.run(:com.google.android.gms@202414022@20.24.14 (040700-319035315):9)
12-06 13:05:42.499  2656 11800 E SQLiteDatabase: 	at soy.b(:com.google.android.gms@202414022@20.24.14 (040700-319035315):12)
12-06 13:05:42.499  2656 11800 E SQLiteDatabase: 	at soy.run(:com.google.android.gms@202414022@20.24.14 (040700-319035315):7)
12-06 13:05:42.499  2656 11800 E SQLiteDatabase: 	at java.util.concurrent.ThreadPoolExecutor.runWorker(ThreadPoolExecutor.java:1167)
12-06 13:05:42.499  2656 11800 E SQLiteDatabase: 	at java.util.concurrent.ThreadPoolExecutor$Worker.run(ThreadPoolExecutor.java:641)
12-06 13:05:42.499  2656 11800 E SQLiteDatabase: 	at sux.run(:com.google.android.gms@202414022@20.24.14 (040700-319035315):0)
12-06 13:05:42.499  2656 11800 E SQLiteDatabase: 	at java.lang.Thread.run(Thread.java:919)
12-06 13:05:42.556  2656 11800 E SQLiteDatabase: Error inserting flex_time=14000 job_id=-1 period=30000 source=16 requires_charging=0 preferred_network_type=1 target_class=com.google.android.gms.measurement.PackageMeasurementTaskService user_id=0 target_package=com.google.android.gms tag=Measurement.PackageMeasurementTaskService.UPLOAD_TASK_TAG task_type=0 required_idleness_state=0 service_kind=0 source_version=202414000 persistence_level=1 preferred_charging_state=1 required_network_type=0 runtime=1670331942433 retry_strategy={"maximum_backoff_seconds":{"3600":0},"initial_backoff_seconds":{"30":0},"retry_policy":{"0":0}} last_runtime=0
12-06 13:05:42.556  2656 11800 E SQLiteDatabase: android.database.sqlite.SQLiteConstraintException: UNIQUE constraint failed: pending_ops.tag, pending_ops.target_class, pending_ops.target_package, pending_ops.user_id (code 2067 SQLITE_CONSTRAINT_UNIQUE)
12-06 13:05:42.556  2656 11800 E SQLiteDatabase: 	at android.database.sqlite.SQLiteConnection.nativeExecuteForLastInsertedRowId(Native Method)
12-06 13:05:42.556  2656 11800 E SQLiteDatabase: 	at android.database.sqlite.SQLiteConnection.executeForLastInsertedRowId(SQLiteConnection.java:879)
12-06 13:05:42.556  2656 11800 E SQLiteDatabase: 	at android.database.sqlite.SQLiteSession.executeForLastInsertedRowId(SQLiteSession.java:790)
12-06 13:05:42.556  2656 11800 E SQLiteDatabase: 	at android.database.sqlite.SQLiteStatement.executeInsert(SQLiteStatement.java:88)
12-06 13:05:42.556  2656 11800 E SQLiteDatabase: 	at android.database.sqlite.SQLiteDatabase.insertWithOnConflict(SQLiteDatabase.java:1599)
12-06 13:05:42.556  2656 11800 E SQLiteDatabase: 	at android.database.sqlite.SQLiteDatabase.insert(SQLiteDatabase.java:1468)
12-06 13:05:42.556  2656 11800 E SQLiteDatabase: 	at aqui.a(:com.google.android.gms@202414022@20.24.14 (040700-319035315):175)
12-06 13:05:42.556  2656 11800 E SQLiteDatabase: 	at aqtk.a(:com.google.android.gms@202414022@20.24.14 (040700-319035315):182)
12-06 13:05:42.556  2656 11800 E SQLiteDatabase: 	at aqtk.a(:com.google.android.gms@202414022@20.24.14 (040700-319035315):23)
12-06 13:05:42.556  2656 11800 E SQLiteDatabase: 	at aqtk.a(:com.google.android.gms@202414022@20.24.14 (040700-319035315):177)
12-06 13:05:42.556  2656 11800 E SQLiteDatabase: 	at aqpu.run(:com.google.android.gms@202414022@20.24.14 (040700-319035315):9)
12-06 13:05:42.556  2656 11800 E SQLiteDatabase: 	at soy.b(:com.google.android.gms@202414022@20.24.14 (040700-319035315):12)
12-06 13:05:42.556  2656 11800 E SQLiteDatabase: 	at soy.run(:com.google.android.gms@202414022@20.24.14 (040700-319035315):8)
12-06 13:05:42.556  2656 11800 E SQLiteDatabase: 	at java.util.concurrent.ThreadPoolExecutor.runWorker(ThreadPoolExecutor.java:1167)
12-06 13:05:42.556  2656 11800 E SQLiteDatabase: 	at java.util.concurrent.ThreadPoolExecutor$Worker.run(ThreadPoolExecutor.java:641)
12-06 13:05:42.556  2656 11800 E SQLiteDatabase: 	at sux.run(:com.google.android.gms@202414022@20.24.14 (040700-319035315):0)
12-06 13:05:42.556  2656 11800 E SQLiteDatabase: 	at java.lang.Thread.run(Thread.java:919)
12-06 13:05:42.637 12692 12692 I Choreographer: Skipped 37 frames!  The application may be doing too much work on its main thread.
12-06 13:05:42.676  2018  2058 I ActivityTaskManager: Displayed ru.iteco.fmhandroid/.ui.AppActivity: +3s41ms
12-06 13:05:42.719 12692 12692 W teco.fmhandroi: Accessing hidden method Landroid/view/WindowManagerGlobal;->getInstance()Landroid/view/WindowManagerGlobal; (greylist, reflection, allowed)
12-06 13:05:42.719 12692 12692 W teco.fmhandroi: Accessing hidden field Landroid/view/WindowManagerGlobal;->mViews:Ljava/util/ArrayList; (greylist, reflection, allowed)
12-06 13:05:42.719 12692 12692 W teco.fmhandroi: Accessing hidden field Landroid/view/WindowManagerGlobal;->mParams:Ljava/util/ArrayList; (greylist, reflection, allowed)
12-06 13:05:43.060 12692 12692 I ViewInteraction: Performing 'wait for a specific view with <(an instance of android.widget.TextView and view.getText() with or without transformation to match: is "Authorization" and view.getParent() view.getParent() view.getId() is <2131231186>)> during 10000 millis.' action on view view.getRootView() to equal view
12-06 13:05:44.877 12692 12692 W teco.fmhandroi: Accessing hidden field Lsun/misc/Unsafe;->theUnsafe:Lsun/misc/Unsafe; (greylist, reflection, allowed)
12-06 13:05:44.877 12692 12692 W teco.fmhandroi: Accessing hidden method Lsun/misc/Unsafe;->allocateInstance(Ljava/lang/Class;)Ljava/lang/Object; (greylist, reflection, allowed)
12-06 13:05:44.905 12692 12798 I okhttp.OkHttpClient: --> GET http://www.981757-ca08998.tmweb.ru:8080/fmh/authentication/userInfo
12-06 13:05:44.905 12692 12798 I okhttp.OkHttpClient: --> END GET
12-06 13:05:45.531  1744 12799 E ResolverController: No valid NAT64 prefix (100, <unspecified>/0)
12-06 13:05:45.549  2018  2058 E memtrack: Couldn't load memtrack module
12-06 13:05:45.549  2018  2058 W android.os.Debug: failed to get memory consumption info: -1
12-06 13:05:45.952 12692 12798 I okhttp.OkHttpClient: <-- 200 http://www.981757-ca08998.tmweb.ru:8080/fmh/authentication/userInfo (1046ms)
12-06 13:05:45.952 12692 12798 I okhttp.OkHttpClient: Vary: Origin
12-06 13:05:45.952 12692 12798 I okhttp.OkHttpClient: Vary: Access-Control-Request-Method
12-06 13:05:45.952 12692 12798 I okhttp.OkHttpClient: Vary: Access-Control-Request-Headers
12-06 13:05:45.952 12692 12798 I okhttp.OkHttpClient: X-Content-Type-Options: nosniff
12-06 13:05:45.952 12692 12798 I okhttp.OkHttpClient: X-XSS-Protection: 1; mode=block
12-06 13:05:45.953 12692 12798 I okhttp.OkHttpClient: Cache-Control: no-cache, no-store, max-age=0, must-revalidate
12-06 13:05:45.953 12692 12798 I okhttp.OkHttpClient: Pragma: no-cache
12-06 13:05:45.953 12692 12798 I okhttp.OkHttpClient: Expires: 0
12-06 13:05:45.953 12692 12798 I okhttp.OkHttpClient: X-Frame-Options: DENY
12-06 13:05:45.953 12692 12798 I okhttp.OkHttpClient: Content-Type: application/json
12-06 13:05:45.953 12692 12798 I okhttp.OkHttpClient: Transfer-Encoding: chunked
12-06 13:05:45.953 12692 12798 I okhttp.OkHttpClient: Date: Tue, 06 Dec 2022 13:05:46 GMT
12-06 13:05:45.953 12692 12798 I okhttp.OkHttpClient: Keep-Alive: timeout=60
12-06 13:05:45.954 12692 12798 I okhttp.OkHttpClient: Connection: keep-alive
12-06 13:05:45.958 12692 12798 I okhttp.OkHttpClient: {"id":2,"firstName":"Данил","lastName":"И��анов","middleName":"Данилович","admin":true}
12-06 13:05:45.959 12692 12798 I okhttp.OkHttpClient: <-- END HTTP (106-byte body)
12-06 13:05:46.016 12692 12803 I okhttp.OkHttpClient: --> GET http://www.981757-ca08998.tmweb.ru:8080/fmh/claims
12-06 13:05:46.017 12692 12803 I okhttp.OkHttpClient: --> END GET
12-06 13:05:46.291  2656 12203 I LogUtils: [Places]: ?: Couldn't find platform key file. [CONTEXT service_id=253 ]
12-06 13:05:46.293  2656 11535 I LogUtils: [Places]: ?: Couldn't find platform key file. [CONTEXT service_id=253 ]
12-06 13:05:46.325  2656 12045 I LogUtils: [Places]: ?: PlacesBleScanner stop() [CONTEXT service_id=253 ]
12-06 13:05:46.335  2656  2656 I BeaconBle: Scan : No clients left, canceling alarm. [CONTEXT service_id=111 ]
12-06 13:05:46.338  2656  2656 I BeaconBle: Scan canceled successfully. [CONTEXT service_id=111 ]
12-06 13:05:46.339  2656 12045 I PlacesLogger: [PlaceInferenceEngine]: [anon] Changed inference mode: 0 [CONTEXT service_id=253 ]
12-06 13:05:46.377  2656  3542 W GCoreFlp: No location to return for getLastLocation()
12-06 13:05:46.415  2656 12203 I LogUtils: [Places]: ?: Couldn't find platform key file. [CONTEXT service_id=253 ]
12-06 13:05:46.422  2656 11800 I LogUtils: [Places]: ?: Couldn't find platform key file. [CONTEXT service_id=253 ]
12-06 13:05:46.510  2656  2656 I GeofencerStateMachine: removeGeofences: removeRequest=RemoveGeofencingRequest[REMOVE_BY_PENDING_INTENT pendingIntent=PendingIntent[creatorPackage=com.google.android.gms], packageName=com.google.android.gms]
12-06 13:05:48.505 12692 12803 I okhttp.OkHttpClient: <-- 200 http://www.981757-ca08998.tmweb.ru:8080/fmh/claims (2488ms)
12-06 13:05:48.506 12692 12803 I okhttp.OkHttpClient: Vary: Origin
12-06 13:05:48.506 12692 12803 I okhttp.OkHttpClient: Vary: Access-Control-Request-Method
12-06 13:05:48.506 12692 12803 I okhttp.OkHttpClient: Vary: Access-Control-Request-Headers
12-06 13:05:48.506 12692 12803 I okhttp.OkHttpClient: X-Content-Type-Options: nosniff
12-06 13:05:48.506 12692 12803 I okhttp.OkHttpClient: X-XSS-Protection: 1; mode=block
12-06 13:05:48.506 12692 12803 I okhttp.OkHttpClient: Cache-Control: no-cache, no-store, max-age=0, must-revalidate
12-06 13:05:48.506 12692 12803 I okhttp.OkHttpClient: Pragma: no-cache
12-06 13:05:48.506 12692 12803 I okhttp.OkHttpClient: Expires: 0
12-06 13:05:48.507 12692 12803 I okhttp.OkHttpClient: X-Frame-Options: DENY
12-06 13:05:48.507 12692 12803 I okhttp.OkHttpClient: Content-Type: application/json
12-06 13:05:48.507 12692 12803 I okhttp.OkHttpClient: Transfer-Encoding: chunked
12-06 13:05:48.507 12692 12803 I okhttp.OkHttpClient: Date: Tue, 06 Dec 2022 13:05:49 GMT
12-06 13:05:48.507 12692 12803 I okhttp.OkHttpClient: Keep-Alive: timeout=60
12-06 13:05:48.507 12692 12803 I okhttp.OkHttpClient: Connection: keep-alive
12-06 13:05:48.782  2018  2058 E memtrack: Couldn't load memtrack module
12-06 13:05:48.782  2018  2058 W android.os.Debug: failed to get memory consumption info: -1
12-06 13:05:49.109 12692 12692 I Choreographer: Skipped 187 frames!  The application may be doing too much work on its main thread.
12-06 13:05:49.204 12692 12731 V FA      : Inactivity, disconnecting from the service
12-06 13:05:49.987 12692 12783 I OpenGLRenderer: Davey! duration=3992ms; Flags=1, IntendedVsync=7496067803898, Vsync=7499184470440, OldestInputEvent=9223372036854775807, NewestInputEvent=0, HandleInputStart=7499185729400, AnimationStart=7499185785300, PerformTraversalsStart=7499185953900, DrawStart=7499263272200, SyncQueued=7499268991200, SyncStart=7499272137600, IssueDrawCommandsStart=7499272611500, SwapBuffers=7500042006500, FrameCompleted=7500063193200, DequeueBufferDuration=2969000, QueueBufferDuration=3744000, 
12-06 13:05:49.994 12692 12692 I Choreographer: Skipped 47 frames!  The application may be doing too much work on its main thread.
12-06 13:05:50.887  2962  3348 I WorkerManager: dispose()
12-06 13:05:50.905  2962  3348 W ThreadPoolDumper: Queue length for executor EventBus is now 11. Perhaps some tasks are too long, or the pool is too small.
12-06 13:05:51.193 12448 12508 E ActivityThread: Failed to find provider info for com.google.android.apps.wellbeing.api
12-06 13:05:51.370  2018  2058 E memtrack: Couldn't load memtrack module
12-06 13:05:51.370  2018  2058 W android.os.Debug: failed to get memory consumption info: -1
12-06 13:05:51.384  2656  2656 I BeaconBle: Scan : No clients left, canceling alarm. [CONTEXT service_id=111 ]
12-06 13:05:51.799  2656  2671 I .gms.persisten: Background young concurrent copying GC freed 114518(5567KB) AllocSpace objects, 4(148KB) LOS objects, 36% free, 9295KB/14MB, paused 597us total 392.358ms
12-06 13:05:53.273 12692 12692 D takeScreenshot: Found 1 global views to redraw
12-06 13:05:53.330  1776  1825 D gralloc_ranchu: gralloc_alloc: Creating ashmem region of size 10108928
12-06 13:05:53.420  1648  1648 I hwservicemanager: getTransport: Cannot find entry android.hardware.graphics.mapper@3.0::IMapper/default in either framework or device manifest.
12-06 13:05:53.421 12673 12744 W Gralloc3: mapper 3.x is not supported
12-06 13:05:53.558 12673 12744 D HostConnection: createUnique: call
12-06 13:05:53.561 12673 12744 D HostConnection: HostConnection::get() New Host Connection established 0xe06700a0, tid 12744
12-06 13:05:53.608 12673 12744 D HostConnection: HostComposition ext ANDROID_EMU_CHECKSUM_HELPER_v1 ANDROID_EMU_dma_v1 ANDROID_EMU_direct_mem ANDROID_EMU_host_composition_v1 ANDROID_EMU_host_composition_v2 ANDROID_EMU_vulkan ANDROID_EMU_deferred_vulkan_commands ANDROID_EMU_vulkan_null_optional_strings ANDROID_EMU_vulkan_create_resources_with_requirements ANDROID_EMU_YUV_Cache ANDROID_EMU_vulkan_ignored_handles ANDROID_EMU_vulkan_free_memory_sync ANDROID_EMU_vulkan_shader_float16_int8 ANDROID_EMU_vulkan_async_queue_submit ANDROID_EMU_sync_buffer_data GL_OES_vertex_array_object GL_KHR_texture_compression_astc_ldr ANDROID_EMU_host_side_tracing ANDROID_EMU_gles_max_version_2 
12-06 13:05:53.612 12673 12744 D eglCodecCommon: allocate: Ask for block of size 0x1000
12-06 13:05:53.612 12673 12744 D eglCodecCommon: allocate: ioctl allocate returned offset 0x3ffff6000 size 0x2000
12-06 13:05:53.632  1793  2640 E SurfaceFlinger: ro.sf.lcd_density must be defined as a build property
12-06 13:05:53.636  1793  2640 E SurfaceFlinger: ro.sf.lcd_density must be defined as a build property
12-06 13:05:53.642 12673 12815 D libEGL  : Emulator has host GPU support, qemu.gles is set to 1.
12-06 13:05:53.673 12673 12815 W libc    : Unable to set property "qemu.gles" to "1": error code: 0x18
12-06 13:05:53.678 12673 12815 D libEGL  : loaded /vendor/lib/egl/libEGL_emulation.so
12-06 13:05:53.681 12673 12815 D libEGL  : loaded /vendor/lib/egl/libGLESv1_CM_emulation.so
12-06 13:05:53.684 12673 12815 D libEGL  : loaded /vendor/lib/egl/libGLESv2_emulation.so
12-06 13:05:53.697 12673 12815 D HostConnection: HostConnection::get() New Host Connection established 0xf59563f0, tid 12815
12-06 13:05:53.699 12673 12815 D HostConnection: HostComposition ext ANDROID_EMU_CHECKSUM_HELPER_v1 ANDROID_EMU_dma_v1 ANDROID_EMU_direct_mem ANDROID_EMU_host_composition_v1 ANDROID_EMU_host_composition_v2 ANDROID_EMU_vulkan ANDROID_EMU_deferred_vulkan_commands ANDROID_EMU_vulkan_null_optional_strings ANDROID_EMU_vulkan_create_resources_with_requirements ANDROID_EMU_YUV_Cache ANDROID_EMU_vulkan_ignored_handles ANDROID_EMU_vulkan_free_memory_sync ANDROID_EMU_vulkan_shader_float16_int8 ANDROID_EMU_vulkan_async_queue_submit ANDROID_EMU_sync_buffer_data GL_OES_vertex_array_object GL_KHR_texture_compression_astc_ldr ANDROID_EMU_host_side_tracing ANDROID_EMU_gles_max_version_2 
12-06 13:05:53.718 12673 12815 W OpenGLRenderer: Failed to choose config with EGL_SWAP_BEHAVIOR_PRESERVED, retrying without...
12-06 13:05:53.782 12673 12815 D EGL_emulation: eglCreateContext: 0xe06289c0: maj 2 min 0 rcv 2
12-06 13:05:53.788 12673 12815 D EGL_emulation: eglMakeCurrent: 0xe06289c0: ver 2 0 (tinfo 0xe060f620)
12-06 13:05:54.039 12692 12737 W DefaultFailureHandler: Failed to take screenshot
12-06 13:05:54.039 12692 12737 W DefaultFailureHandler: java.io.FileNotFoundException: view-op-error-1.png: open failed: EROFS (Read-only file system)
12-06 13:05:54.039 12692 12737 W DefaultFailureHandler: 	at libcore.io.IoBridge.open(IoBridge.java:496)
12-06 13:05:54.039 12692 12737 W DefaultFailureHandler: 	at java.io.FileOutputStream.<init>(FileOutputStream.java:235)
12-06 13:05:54.039 12692 12737 W DefaultFailureHandler: 	at java.io.FileOutputStream.<init>(FileOutputStream.java:125)
12-06 13:05:54.039 12692 12737 W DefaultFailureHandler: 	at androidx.test.platform.io.FileTestStorage.openOutputFile(FileTestStorage.java:60)
12-06 13:05:54.039 12692 12737 W DefaultFailureHandler: 	at androidx.test.core.graphics.BitmapStorage.writeToTestStorage(BitmapStorageExt.kt:49)
12-06 13:05:54.039 12692 12737 W DefaultFailureHandler: 	at androidx.test.espresso.base.DefaultFailureHandler.takeScreenshot(DefaultFailureHandler.java:4)
12-06 13:05:54.039 12692 12737 W DefaultFailureHandler: 	at androidx.test.espresso.base.DefaultFailureHandler.handle(DefaultFailureHandler.java:3)
12-06 13:05:54.039 12692 12737 W DefaultFailureHandler: 	at androidx.test.espresso.ViewInteraction.waitForAndHandleInteractionResults(ViewInteraction.java:8)
12-06 13:05:54.039 12692 12737 W DefaultFailureHandler: 	at androidx.test.espresso.ViewInteraction.desugaredPerform(ViewInteraction.java:11)
12-06 13:05:54.039 12692 12737 W DefaultFailureHandler: 	at androidx.test.espresso.ViewInteraction.perform(ViewInteraction.java:8)
12-06 13:05:54.039 12692 12737 W DefaultFailureHandler: 	at ru.iteco.fmhandroid.ui.data.TestUtils.waitView(TestUtils.java:61)
12-06 13:05:54.039 12692 12737 W DefaultFailureHandler: 	at ru.iteco.fmhandroid.ui.steps.AuthSteps.isAuthScreen(AuthSteps.java:56)
12-06 13:05:54.039 12692 12737 W DefaultFailureHandler: 	at ru.iteco.fmhandroid.ui.FilterClaimsPageTest.logoutCheck(FilterClaimsPageTest.java:47)
12-06 13:05:54.039 12692 12737 W DefaultFailureHandler: 	at java.lang.reflect.Method.invoke(Native Method)
12-06 13:05:54.039 12692 12737 W DefaultFailureHandler: 	at org.junit.runners.model.FrameworkMethod$1.runReflectiveCall(FrameworkMethod.java:59)
12-06 13:05:54.039 12692 12737 W DefaultFailureHandler: 	at org.junit.internal.runners.model.ReflectiveCallable.run(ReflectiveCallable.java:12)
12-06 13:05:54.039 12692 12737 W DefaultFailureHandler: 	at org.junit.runners.model.FrameworkMethod.invokeExplosively(FrameworkMethod.java:56)
12-06 13:05:54.039 12692 12737 W DefaultFailureHandler: 	at androidx.test.internal.runner.junit4.statement.RunBefores.evaluate(RunBefores.java:76)
12-06 13:05:54.039 12692 12737 W DefaultFailureHandler: 	at io.qameta.allure.android.rules.ScreenshotRule$apply$1.evaluate(ScreenshotRule.kt:22)
12-06 13:05:54.039 12692 12737 W DefaultFailureHandler: 	at org.junit.rules.ExternalResource$1.evaluate(ExternalResource.java:54)
12-06 13:05:54.039 12692 12737 W DefaultFailureHandler: 	at io.qameta.allure.android.rules.LogcatRule$apply$1.evaluate(LogcatRule.kt:23)
12-06 13:05:54.039 12692 12737 W DefaultFailureHandler: 	at org.junit.rules.RunRules.evaluate(RunRules.java:20)
12-06 13:05:54.039 12692 12737 W DefaultFailureHandler: 	at org.junit.runners.ParentRunner$3.evaluate(ParentRunner.java:306)
12-06 13:05:54.039 12692 12737 W DefaultFailureHandler: 	at org.junit.runners.BlockJUnit4ClassRunner$1.evaluate(BlockJUnit4ClassRunner.java:100)
12-06 13:05:54.039 12692 12737 W DefaultFailureHandler: 	at org.junit.runners.ParentRunner.runLeaf(ParentRunner.java:366)
12-06 13:05:54.039 12692 12737 W DefaultFailureHandler: 	at org.junit.runners.BlockJUnit4ClassRunner.runChild(BlockJUnit4ClassRunner.java:103)
12-06 13:05:54.039 12692 12737 W DefaultFailureHandler: 	at org.junit.runners.BlockJUnit4ClassRunner.runChild(BlockJUnit4ClassRunner.java:63)
12-06 13:05:54.039 12692 12737 W DefaultFailureHandler: 	at org.junit.runners.ParentRunner$4.run(ParentRunner.java:331)
12-06 13:05:54.039 12692 12737 W DefaultFailureHandler: 	at org.junit.runners.ParentRunner$1.schedule(ParentRunner.java:79)
12-06 13:05:54.039 12692 12737 W DefaultFailureHandler: 	at org.junit.runners.ParentRunner.runChildren(ParentRunner.java:329)
12-06 13:05:54.039 12692 12737 W DefaultFailureHandler: 	at org.junit.runners.ParentRunner.access$100(ParentRunner.java:66)
12-06 13:05:54.039 12692 12737 W DefaultFailureHandler: 	at org.junit.runners.ParentRunner$2.evaluate(ParentRunner.java:293)
12-06 13:05:54.039 12692 12737 W DefaultFailureHandler: 	at org.junit.runners.ParentRunner$3.evaluate(ParentRunner.java:306)
12-06 13:05:54.039 12692 12737 W DefaultFailureHandler: 	at org.junit.runners.ParentRunner.run(ParentRunner.java:413)
12-06 13:05:54.039 12692 12737 W DefaultFailureHandler: 	at androidx.test.ext.junit.runners.AndroidJUnit4.run(AndroidJUnit4.java:162)
12-06 13:05:54.039 12692 12737 W DefaultFailureHandler: 	at io.qameta.allure.android.runners.AllureAndroidJUnit4.run(AllureAndroidJUnitRunners.kt:29)
12-06 13:05:54.039 12692 12737 W DefaultFailureHandler: 	at org.junit.runners.Suite.runChild(Suite.java:128)
12-06 13:05:54.039 12692 12737 W DefaultFailureHandler: 	at org.junit.runners.Suite.runChild(Suite.java:27)
12-06 13:05:54.039 12692 12737 W DefaultFailureHandler: 	at org.junit.runners.ParentRunner$4.run(ParentRunner.java:331)
12-06 13:05:54.039 12692 12737 W DefaultFailureHandler: 	at org.junit.runners.ParentRunner$1.schedule(ParentRunner.java:79)
12-06 13:05:54.039 12692 12737 W DefaultFailureHandler: 	at org.junit.runners.ParentRunner.runChildren(ParentRunner.java:329)
12-06 13:05:54.039 12692 12737 W DefaultFailureHandler: 	at org.junit.runners.ParentRunner.access$100(ParentRunner.java:66)
12-06 13:05:54.039 12692 12737 W DefaultFailureHandler: 	at org.junit.runners.ParentRunner$2.evaluate(ParentRunner.java:293)
12-06 13:05:54.039 12692 12737 W DefaultFailureHandler: 	at org.junit.runners.ParentRunner$3.evaluate(ParentRunner.java:306)
12-06 13:05:54.039 12692 12737 W DefaultFailureHandler: 	at org.junit.runners.ParentRunner.run(ParentRunner.java:413)
12-06 13:05:54.039 12692 12737 W DefaultFailureHandler: 	at org.junit.runner.JUnitCore.run(JUnitCore.java:137)
12-06 13:05:54.039 12692 12737 W DefaultFailureHandler: 	at org.junit.runner.JUnitCore.run(JUnitCore.java:115)
