12-08 05:44:23.891  2656 10928 E SQLiteDatabase: 	at android.database.sqlite.SQLiteSession.executeForLastInsertedRowId(SQLiteSession.java:790)
12-08 05:44:23.891  2656 10928 E SQLiteDatabase: 	at android.database.sqlite.SQLiteStatement.executeInsert(SQLiteStatement.java:88)
12-08 05:44:23.891  2656 10928 E SQLiteDatabase: 	at android.database.sqlite.SQLiteDatabase.insertWithOnConflict(SQLiteDatabase.java:1599)
12-08 05:44:23.891  2656 10928 E SQLiteDatabase: 	at android.database.sqlite.SQLiteDatabase.insert(SQLiteDatabase.java:1468)
12-08 05:44:23.891  2656 10928 E SQLiteDatabase: 	at aqui.a(:com.google.android.gms@202414022@20.24.14 (040700-319035315):175)
12-08 05:44:23.891  2656 10928 E SQLiteDatabase: 	at aqtk.a(:com.google.android.gms@202414022@20.24.14 (040700-319035315):182)
12-08 05:44:23.891  2656 10928 E SQLiteDatabase: 	at aqtk.a(:com.google.android.gms@202414022@20.24.14 (040700-319035315):23)
12-08 05:44:23.891  2656 10928 E SQLiteDatabase: 	at aqtk.a(:com.google.android.gms@202414022@20.24.14 (040700-319035315):177)
12-08 05:44:23.891  2656 10928 E SQLiteDatabase: 	at aqpu.run(:com.google.android.gms@202414022@20.24.14 (040700-319035315):9)
12-08 05:44:23.891  2656 10928 E SQLiteDatabase: 	at soy.b(:com.google.android.gms@202414022@20.24.14 (040700-319035315):12)
12-08 05:44:23.891  2656 10928 E SQLiteDatabase: 	at soy.run(:com.google.android.gms@202414022@20.24.14 (040700-319035315):7)
12-08 05:44:23.891  2656 10928 E SQLiteDatabase: 	at java.util.concurrent.ThreadPoolExecutor.runWorker(ThreadPoolExecutor.java:1167)
12-08 05:44:23.891  2656 10928 E SQLiteDatabase: 	at java.util.concurrent.ThreadPoolExecutor$Worker.run(ThreadPoolExecutor.java:641)
12-08 05:44:23.891  2656 10928 E SQLiteDatabase: 	at sux.run(:com.google.android.gms@202414022@20.24.14 (040700-319035315):0)
12-08 05:44:23.891  2656 10928 E SQLiteDatabase: 	at java.lang.Thread.run(Thread.java:919)
12-08 05:44:24.308  8437  8470 D EGL_emulation: eglMakeCurrent: 0xe59eb0c0: ver 2 0 (tinfo 0xf0cc0670)
12-08 05:44:26.479 11839 12434 I okhttp.OkHttpClient: --> GET http://www.981757-ca08998.tmweb.ru:8080/fmh/authentication/userInfo
12-08 05:44:26.480 11839 12434 I okhttp.OkHttpClient: --> END GET
12-08 05:44:26.857 11839 12434 I okhttp.OkHttpClient: <-- 200 http://www.981757-ca08998.tmweb.ru:8080/fmh/authentication/userInfo (377ms)
12-08 05:44:26.858 11839 12434 I okhttp.OkHttpClient: Vary: Origin
12-08 05:44:26.858 11839 12434 I okhttp.OkHttpClient: Vary: Access-Control-Request-Method
12-08 05:44:26.858 11839 12434 I okhttp.OkHttpClient: Vary: Access-Control-Request-Headers
12-08 05:44:26.858 11839 12434 I okhttp.OkHttpClient: X-Content-Type-Options: nosniff
12-08 05:44:26.858 11839 12434 I okhttp.OkHttpClient: X-XSS-Protection: 1; mode=block
12-08 05:44:26.858 11839 12434 I okhttp.OkHttpClient: Cache-Control: no-cache, no-store, max-age=0, must-revalidate
12-08 05:44:26.858 11839 12434 I okhttp.OkHttpClient: Pragma: no-cache
12-08 05:44:26.859 11839 12434 I okhttp.OkHttpClient: Expires: 0
12-08 05:44:26.859 11839 12434 I okhttp.OkHttpClient: X-Frame-Options: DENY
12-08 05:44:26.859 11839 12434 I okhttp.OkHttpClient: Content-Type: application/json
12-08 05:44:26.859 11839 12434 I okhttp.OkHttpClient: Transfer-Encoding: chunked
12-08 05:44:26.859 11839 12434 I okhttp.OkHttpClient: Date: Thu, 08 Dec 2022 10:45:11 GMT
12-08 05:44:26.859 11839 12434 I okhttp.OkHttpClient: Keep-Alive: timeout=60
12-08 05:44:26.859 11839 12434 I okhttp.OkHttpClient: Connection: keep-alive
12-08 05:44:26.860 11839 12434 I okhttp.OkHttpClient: {"id":2,"firstName":"","lastName":"","middleName":"","admin":true}
12-08 05:44:26.861 11839 12434 I okhttp.OkHttpClient: <-- END HTTP (106-byte body)
12-08 05:44:26.869 11839 12417 I okhttp.OkHttpClient: --> GET http://www.981757-ca08998.tmweb.ru:8080/fmh/claims
12-08 05:44:26.869 11839 12417 I okhttp.OkHttpClient: --> END GET
12-08 05:44:27.078  2018  3005 E memtrack: Couldn't load memtrack module
12-08 05:44:27.078  2018  3005 W android.os.Debug: failed to get memory consumption info: -1
12-08 05:44:28.806  1744 12216 W DnsTlsSocket: SSL_connect error 5, errno=110
12-08 05:44:28.815 11839 11878 V FA      : Inactivity, disconnecting from the service
12-08 05:44:29.314 11839 12417 I okhttp.OkHttpClient: <-- 200 http://www.981757-ca08998.tmweb.ru:8080/fmh/claims (2444ms)
12-08 05:44:29.314 11839 12417 I okhttp.OkHttpClient: Vary: Origin
12-08 05:44:29.314 11839 12417 I okhttp.OkHttpClient: Vary: Access-Control-Request-Method
12-08 05:44:29.314 11839 12417 I okhttp.OkHttpClient: Vary: Access-Control-Request-Headers
12-08 05:44:29.314 11839 12417 I okhttp.OkHttpClient: X-Content-Type-Options: nosniff
12-08 05:44:29.314 11839 12417 I okhttp.OkHttpClient: X-XSS-Protection: 1; mode=block
12-08 05:44:29.315 11839 12417 I okhttp.OkHttpClient: Cache-Control: no-cache, no-store, max-age=0, must-revalidate
12-08 05:44:29.315 11839 12417 I okhttp.OkHttpClient: Pragma: no-cache
12-08 05:44:29.315 11839 12417 I okhttp.OkHttpClient: Expires: 0
12-08 05:44:29.315 11839 12417 I okhttp.OkHttpClient: X-Frame-Options: DENY
12-08 05:44:29.315 11839 12417 I okhttp.OkHttpClient: Content-Type: application/json
12-08 05:44:29.315 11839 12417 I okhttp.OkHttpClient: Transfer-Encoding: chunked
12-08 05:44:29.315 11839 12417 I okhttp.OkHttpClient: Date: Thu, 08 Dec 2022 10:45:14 GMT
12-08 05:44:29.315 11839 12417 I okhttp.OkHttpClient: Keep-Alive: timeout=60
12-08 05:44:29.315 11839 12417 I okhttp.OkHttpClient: Connection: keep-alive
12-08 05:44:33.791 11839 11839 D takeScreenshot: Found 1 global views to redraw
12-08 05:44:33.835  1776  1825 D gralloc_ranchu: gralloc_alloc: Creating ashmem region of size 10108928
12-08 05:44:33.883 11839 11884 W DefaultFailureHandler: Failed to take screenshot
12-08 05:44:33.883 11839 11884 W DefaultFailureHandler: java.io.FileNotFoundException: view-op-error-15.png: open failed: EROFS (Read-only file system)
12-08 05:44:33.883 11839 11884 W DefaultFailureHandler: 	at libcore.io.IoBridge.open(IoBridge.java:496)
12-08 05:44:33.883 11839 11884 W DefaultFailureHandler: 	at java.io.FileOutputStream.<init>(FileOutputStream.java:235)
12-08 05:44:33.883 11839 11884 W DefaultFailureHandler: 	at java.io.FileOutputStream.<init>(FileOutputStream.java:125)
12-08 05:44:33.883 11839 11884 W DefaultFailureHandler: 	at androidx.test.platform.io.FileTestStorage.openOutputFile(FileTestStorage.java:60)
12-08 05:44:33.883 11839 11884 W DefaultFailureHandler: 	at androidx.test.core.graphics.BitmapStorage.writeToTestStorage(BitmapStorageExt.kt:49)
12-08 05:44:33.883 11839 11884 W DefaultFailureHandler: 	at androidx.test.espresso.base.DefaultFailureHandler.takeScreenshot(DefaultFailureHandler.java:4)
12-08 05:44:33.883 11839 11884 W DefaultFailureHandler: 	at androidx.test.espresso.base.DefaultFailureHandler.handle(DefaultFailureHandler.java:3)
12-08 05:44:33.883 11839 11884 W DefaultFailureHandler: 	at androidx.test.espresso.ViewInteraction.waitForAndHandleInteractionResults(ViewInteraction.java:8)
12-08 05:44:33.883 11839 11884 W DefaultFailureHandler: 	at androidx.test.espresso.ViewInteraction.desugaredPerform(ViewInteraction.java:11)
12-08 05:44:33.883 11839 11884 W DefaultFailureHandler: 	at androidx.test.espresso.ViewInteraction.perform(ViewInteraction.java:8)
12-08 05:44:33.883 11839 11884 W DefaultFailureHandler: 	at ru.iteco.fmhandroid.ui.data.TestUtils.waitView(TestUtils.java:61)
12-08 05:44:33.883 11839 11884 W DefaultFailureHandler: 	at ru.iteco.fmhandroid.ui.steps.AuthSteps.isAuthScreen(AuthSteps.java:56)
12-08 05:44:33.883 11839 11884 W DefaultFailureHandler: 	at ru.iteco.fmhandroid.ui.ClaimsCreationFormTest.logoutCheck(ClaimsCreationFormTest.java:58)
12-08 05:44:33.883 11839 11884 W DefaultFailureHandler: 	at java.lang.reflect.Method.invoke(Native Method)
12-08 05:44:33.883 11839 11884 W DefaultFailureHandler: 	at org.junit.runners.model.FrameworkMethod$1.runReflectiveCall(FrameworkMethod.java:59)
12-08 05:44:33.883 11839 11884 W DefaultFailureHandler: 	at org.junit.internal.runners.model.ReflectiveCallable.run(ReflectiveCallable.java:12)
12-08 05:44:33.883 11839 11884 W DefaultFailureHandler: 	at org.junit.runners.model.FrameworkMethod.invokeExplosively(FrameworkMethod.java:56)
12-08 05:44:33.883 11839 11884 W DefaultFailureHandler: 	at androidx.test.internal.runner.junit4.statement.RunBefores.evaluate(RunBefores.java:76)
12-08 05:44:33.883 11839 11884 W DefaultFailureHandler: 	at androidx.test.internal.runner.junit4.statement.RunAfters.evaluate(RunAfters.java:61)
12-08 05:44:33.883 11839 11884 W DefaultFailureHandler: 	at io.qameta.allure.android.rules.ScreenshotRule$apply$1.evaluate(ScreenshotRule.kt:22)
12-08 05:44:33.883 11839 11884 W DefaultFailureHandler: 	at org.junit.rules.ExternalResource$1.evaluate(ExternalResource.java:54)
12-08 05:44:33.883 11839 11884 W DefaultFailureHandler: 	at io.qameta.allure.android.rules.LogcatRule$apply$1.evaluate(LogcatRule.kt:23)
12-08 05:44:33.883 11839 11884 W DefaultFailureHandler: 	at org.junit.rules.RunRules.evaluate(RunRules.java:20)
12-08 05:44:33.883 11839 11884 W DefaultFailureHandler: 	at org.junit.runners.ParentRunner$3.evaluate(ParentRunner.java:306)
12-08 05:44:33.883 11839 11884 W DefaultFailureHandler: 	at org.junit.runners.BlockJUnit4ClassRunner$1.evaluate(BlockJUnit4ClassRunner.java:100)
12-08 05:44:33.883 11839 11884 W DefaultFailureHandler: 	at org.junit.runners.ParentRunner.runLeaf(ParentRunner.java:366)
12-08 05:44:33.883 11839 11884 W DefaultFailureHandler: 	at org.junit.runners.BlockJUnit4ClassRunner.runChild(BlockJUnit4ClassRunner.java:103)
12-08 05:44:33.883 11839 11884 W DefaultFailureHandler: 	at org.junit.runners.BlockJUnit4ClassRunner.runChild(BlockJUnit4ClassRunner.java:63)
12-08 05:44:33.883 11839 11884 W DefaultFailureHandler: 	at org.junit.runners.ParentRunner$4.run(ParentRunner.java:331)
12-08 05:44:33.883 11839 11884 W DefaultFailureHandler: 	at org.junit.runners.ParentRunner$1.schedule(ParentRunner.java:79)
12-08 05:44:33.883 11839 11884 W DefaultFailureHandler: 	at org.junit.runners.ParentRunner.runChildren(ParentRunner.java:329)
12-08 05:44:33.883 11839 11884 W DefaultFailureHandler: 	at org.junit.runners.ParentRunner.access$100(ParentRunner.java:66)
12-08 05:44:33.883 11839 11884 W DefaultFailureHandler: 	at org.junit.runners.ParentRunner$2.evaluate(ParentRunner.java:293)
12-08 05:44:33.883 11839 11884 W DefaultFailureHandler: 	at org.junit.runners.ParentRunner$3.evaluate(ParentRunner.java:306)
12-08 05:44:33.883 11839 11884 W DefaultFailureHandler: 	at org.junit.runners.ParentRunner.run(ParentRunner.java:413)
12-08 05:44:33.883 11839 11884 W DefaultFailureHandler: 	at androidx.test.ext.junit.runners.AndroidJUnit4.run(AndroidJUnit4.java:162)
12-08 05:44:33.883 11839 11884 W DefaultFailureHandler: 	at io.qameta.allure.android.runners.AllureAndroidJUnit4.run(AllureAndroidJUnitRunners.kt:29)
12-08 05:44:33.883 11839 11884 W DefaultFailureHandler: 	at org.junit.runners.Suite.runChild(Suite.java:128)
12-08 05:44:33.883 11839 11884 W DefaultFailureHandler: 	at org.junit.runners.Suite.runChild(Suite.java:27)
12-08 05:44:33.883 11839 11884 W DefaultFailureHandler: 	at org.junit.runners.ParentRunner$4.run(ParentRunner.java:331)
12-08 05:44:33.883 11839 11884 W DefaultFailureHandler: 	at org.junit.runners.ParentRunner$1.schedule(ParentRunner.java:79)
12-08 05:44:33.883 11839 11884 W DefaultFailureHandler: 	at org.junit.runners.ParentRunner.runChildren(ParentRunner.java:329)
12-08 05:44:33.883 11839 11884 W DefaultFailureHandler: 	at org.junit.runners.ParentRunner.access$100(ParentRunner.java:66)
12-08 05:44:33.883 11839 11884 W DefaultFailureHandler: 	at org.junit.runners.ParentRunner$2.evaluate(ParentRunner.java:293)
12-08 05:44:33.883 11839 11884 W DefaultFailureHandler: 	at org.junit.runners.ParentRunner$3.evaluate(ParentRunner.java:306)
12-08 05:44:33.883 11839 11884 W DefaultFailureHandler: 	at org.junit.runners.ParentRunner.run(ParentRunner.java:413)
12-08 05:44:33.883 11839 11884 W DefaultFailureHandler: 	at org.junit.runner.JUnitCore.run(JUnitCore.java:137)
12-08 05:44:33.883 11839 11884 W DefaultFailureHandler: 	at org.junit.runner.JUnitCore.run(JUnitCore.java:115)
12-08 05:44:33.883 11839 11884 W DefaultFailureHandler: 	at androidx.test.internal.runner.TestExecutor.execute(TestExecutor.java:67)
12-08 05:44:33.883 11839 11884 W DefaultFailureHandler: 	at androidx.test.internal.runner.TestExecutor.execute(TestExecutor.java:58)
12-08 05:44:33.883 11839 11884 W DefaultFailureHandler: 	at androidx.test.runner.AndroidJUnitRunner.onStart(AndroidJUnitRunner.java:438)
12-08 05:44:33.883 11839 11884 W DefaultFailureHandler: 	at android.app.Instrumentation$InstrumentationThread.run(Instrumentation.java:2189)
12-08 05:44:33.883 11839 11884 W DefaultFailureHandler: Caused by: android.system.ErrnoException: open failed: EROFS (Read-only file system)
12-08 05:44:33.883 11839 11884 W DefaultFailureHandler: 	at libcore.io.Linux.open(Native Method)
12-08 05:44:33.883 11839 11884 W DefaultFailureHandler: 	at libcore.io.ForwardingOs.open(ForwardingOs.java:167)
12-08 05:44:33.883 11839 11884 W DefaultFailureHandler: 	at libcore.io.BlockGuardOs.open(BlockGuardOs.java:252)
12-08 05:44:33.883 11839 11884 W DefaultFailureHandler: 	at libcore.io.ForwardingOs.open(ForwardingOs.java:167)
12-08 05:44:33.883 11839 11884 W DefaultFailureHandler: 	at android.app.ActivityThread$AndroidOs.open(ActivityThread.java:7255)
12-08 05:44:33.883 11839 11884 W DefaultFailureHandler: 	at libcore.io.IoBridge.open(IoBridge.java:482)
12-08 05:44:33.883 11839 11884 W DefaultFailureHandler: 	... 51 more
12-08 05:44:33.889 11839 11839 I ViewInteraction: Performing 'wait for a specific view with <view.getId() is <2131230870/ru.iteco.fmhandroid:id/authorization_image_button>> during 10000 millis.' action on view view.getRootView() to equal view
12-08 05:44:33.893 11839 11839 I ViewInteraction: Checking 'MatchesViewAssertion{viewMatcher=(view has effective visibility <VISIBLE> and view.getGlobalVisibleRect() to return non-empty rectangle)}' assertion on view view.getId() is <2131230870/ru.iteco.fmhandroid:id/authorization_image_button>
12-08 05:44:33.898 11839 11839 I ViewInteraction: Performing 'single click' action on view view.getId() is <2131230870/ru.iteco.fmhandroid:id/authorization_image_button>
12-08 05:44:33.959  1764  6994 W audio_hw_generic: Not supplying enough data to HAL, expected position 175517349 , only wrote 175517313
12-08 05:44:34.017  1776  1825 D gralloc_ranchu: gralloc_alloc: Creating ashmem region of size 884736
12-08 05:44:34.024  1776  1825 I chatty  : uid=1000(system) HwBinder:1776_1 identical 1 line
12-08 05:44:34.027  1776  1825 D gralloc_ranchu: gralloc_alloc: Creating ashmem region of size 884736
12-08 05:44:34.039 11839 11936 D EGL_emulation: eglMakeCurrent: 0xdd81b020: ver 2 0 (tinfo 0xdd891860)
12-08 05:44:34.107 11839 11936 I chatty  : uid=10146(ru.iteco.fmhandroid) RenderThread identical 3 lines
12-08 05:44:34.129 11839 11936 D EGL_emulation: eglMakeCurrent: 0xdd81b020: ver 2 0 (tinfo 0xdd891860)
12-08 05:44:34.354 11839 11839 I ViewInteraction: Performing 'wait for a specific view with <an instance of android.widget.TextView and view.getText() with or without transformation to match: is "Log out"> during 10000 millis.' action on view view.getRootView() to equal view
12-08 05:44:34.357 11839 11839 I ViewInteraction: Checking 'MatchesViewAssertion{viewMatcher=(view has effective visibility <VISIBLE> and view.getGlobalVisibleRect() to return non-empty rectangle)}' assertion on view an instance of android.widget.TextView and view.getText() with or without transformation to match: is "Log out"
12-08 05:44:34.359 11839 11839 I ViewInteraction: Performing 'single click' action on view an instance of android.widget.TextView and view.getText() with or without transformation to match: is "Log out"
12-08 05:44:34.589 11839 11936 D EGL_emulation: eglMakeCurrent: 0xdd81b020: ver 2 0 (tinfo 0xdd891860)
12-08 05:44:34.626 11839 11936 D EGL_emulation: eglMakeCurrent: 0xdd81b020: ver 2 0 (tinfo 0xdd891860)
12-08 05:44:34.719 11839 11839 I ViewInteraction: Performing 'wait for a specific view with <(an instance of android.widget.TextView and view.getText() with or without transformation to match: is "Authorization" and view.getParent() view.getParent() view.getId() is <2131231186>)> during 10000 millis.' action on view view.getRootView() to equal view
12-08 05:44:34.734 11839 11839 I ViewInteraction: Checking 'MatchesViewAssertion{viewMatcher=(view has effective visibility <VISIBLE> and view.getGlobalVisibleRect() to return non-empty rectangle)}' assertion on view (an instance of android.widget.TextView and view.getText() with or without transformation to match: is "Authorization" and view.getParent() view.getParent() view.getId() is <2131231186/ru.iteco.fmhandroid:id/nav_host_fragment>)
12-08 05:44:34.739 11839 11839 I ViewInteraction: Performing 'wait for a specific view with <(an instance of android.widget.TextView and view.getHint() matching: is "Login" and view.getParent() view.getParent() view.getId() is <2131231121/ru.iteco.fmhandroid:id/login_text_input_layout>)> during 10000 millis.' action on view view.getRootView() to equal view
12-08 05:44:34.746 11839 11839 I ViewInteraction: Checking 'MatchesViewAssertion{viewMatcher=(view has effective visibility <VISIBLE> and view.getGlobalVisibleRect() to return non-empty rectangle)}' assertion on view (an instance of android.widget.TextView and view.getHint() matching: is "Login" and view.getParent() view.getParent() view.getId() is <2131231121/ru.iteco.fmhandroid:id/login_text_input_layout>)
12-08 05:44:34.751 11839 11839 I ViewInteraction: Performing 'wait for a specific view with <(an instance of android.widget.TextView and view.getHint() matching: is "Password" and view.getParent() view.getParent() view.getId() is <2131231264/ru.iteco.fmhandroid:id/password_text_input_layout>)> during 10000 millis.' action on view view.getRootView() to equal view
12-08 05:44:34.757 11839 11839 I ViewInteraction: Checking 'MatchesViewAssertion{viewMatcher=(view has effective visibility <VISIBLE> and view.getGlobalVisibleRect() to return non-empty rectangle)}' assertion on view (an instance of android.widget.TextView and view.getHint() matching: is "Password" and view.getParent() view.getParent() view.getId() is <2131231264/ru.iteco.fmhandroid:id/password_text_input_layout>)
12-08 05:44:34.760 11839 11839 I ViewInteraction: Performing 'wait for a specific view with <(view.getId() is <2131231039/ru.iteco.fmhandroid:id/enter_button> and an instance of android.widget.TextView and view.getText() with or without transformation to match: is "SIGN IN" and view.getContentDescription() is "Save" and view.getParent() view.getParent() an instance of android.widget.RelativeLayout)> during 10000 millis.' action on view view.getRootView() to equal view
12-08 05:44:34.765 11839 11839 I ViewInteraction: Checking 'MatchesViewAssertion{viewMatcher=(view has effective visibility <VISIBLE> and view.getGlobalVisibleRect() to return non-empty rectangle)}' assertion on view (view.getId() is <2131231039/ru.iteco.fmhandroid:id/enter_button> and an instance of android.widget.TextView and view.getText() with or without transformation to match: is "SIGN IN" and view.getContentDescription() is "Save" and view.getParent() view.getParent() an instance of android.widget.RelativeLayout)
12-08 05:44:34.770 11839 11839 I ViewInteraction: Performing 'wait for a specific view with <(an instance of android.widget.TextView and view.getText() with or without transformation to match: is "Authorization" and view.getParent() view.getParent() view.getId() is <2131231186>)> during 10000 millis.' action on view view.getRootView() to equal view
12-08 05:44:34.779 11839 11839 I ViewInteraction: Checking 'MatchesViewAssertion{viewMatcher=(view has effective visibility <VISIBLE> and view.getGlobalVisibleRect() to return non-empty rectangle)}' assertion on view (an instance of android.widget.TextView and view.getText() with or without transformation to match: is "Authorization" and view.getParent() view.getParent() view.getId() is <2131231186/ru.iteco.fmhandroid:id/nav_host_fragment>)
12-08 05:44:34.789 11839 11839 I ViewInteraction: Performing 'wait for a specific view with <(an instance of android.widget.TextView and view.getHint() matching: is "Login" and view.getParent() view.getParent() view.getId() is <2131231121/ru.iteco.fmhandroid:id/login_text_input_layout>)> during 10000 millis.' action on view view.getRootView() to equal view
12-08 05:44:34.795 11839 11839 I ViewInteraction: Checking 'MatchesViewAssertion{viewMatcher=(view has effective visibility <VISIBLE> and view.getGlobalVisibleRect() to return non-empty rectangle)}' assertion on view (an instance of android.widget.TextView and view.getHint() matching: is "Login" and view.getParent() view.getParent() view.getId() is <2131231121/ru.iteco.fmhandroid:id/login_text_input_layout>)
12-08 05:44:34.799 11839 11839 I ViewInteraction: Performing 'wait for a specific view with <(an instance of android.widget.TextView and view.getHint() matching: is "Password" and view.getParent() view.getParent() view.getId() is <2131231264/ru.iteco.fmhandroid:id/password_text_input_layout>)> during 10000 millis.' action on view view.getRootView() to equal view
12-08 05:44:34.803 11839 11839 I ViewInteraction: Checking 'MatchesViewAssertion{viewMatcher=(view has effective visibility <VISIBLE> and view.getGlobalVisibleRect() to return non-empty rectangle)}' assertion on view (an instance of android.widget.TextView and view.getHint() matching: is "Password" and view.getParent() view.getParent() view.getId() is <2131231264/ru.iteco.fmhandroid:id/password_text_input_layout>)
12-08 05:44:34.808 11839 11839 I ViewInteraction: Performing 'wait for a specific view with <(view.getId() is <2131231039/ru.iteco.fmhandroid:id/enter_button> and an instance of android.widget.TextView and view.getText() with or without transformation to match: is "SIGN IN" and view.getContentDescription() is "Save" and view.getParent() view.getParent() an instance of android.widget.RelativeLayout)> during 10000 millis.' action on view view.getRootView() to equal view
12-08 05:44:34.812 11839 11839 I ViewInteraction: Checking 'MatchesViewAssertion{viewMatcher=(view has effective visibility <VISIBLE> and view.getGlobalVisibleRect() to return non-empty rectangle)}' assertion on view (view.getId() is <2131231039/ru.iteco.fmhandroid:id/enter_button> and an instance of android.widget.TextView and view.getText() with or without transformation to match: is "SIGN IN" and view.getContentDescription() is "Save" and view.getParent() view.getParent() an instance of android.widget.RelativeLayout)
12-08 05:44:34.817 11839 11839 I ViewInteraction: Performing 'wait for a specific view with <(an instance of android.widget.TextView and view.getHint() matching: is "Login" and view.getParent() view.getParent() view.getId() is <2131231121/ru.iteco.fmhandroid:id/login_text_input_layout>)> during 10000 millis.' action on view view.getRootView() to equal view
12-08 05:44:34.822 11839 11839 I ViewInteraction: Performing 'replace text(login2)' action on view (an instance of android.widget.TextView and view.getHint() matching: is "Login" and view.getParent() view.getParent() view.getId() is <2131231121/ru.iteco.fmhandroid:id/login_text_input_layout>)
12-08 05:44:34.865 11839 11839 I ViewInteraction: Performing 'wait for a specific view with <(an instance of android.widget.TextView and view.getHint() matching: is "Password" and view.getParent() view.getParent() view.getId() is <2131231264/ru.iteco.fmhandroid:id/password_text_input_layout>)> during 10000 millis.' action on view view.getRootView() to equal view
12-08 05:44:34.870 11839 11839 I ViewInteraction: Performing 'replace text(password2)' action on view (an instance of android.widget.TextView and view.getHint() matching: is "Password" and view.getParent() view.getParent() view.getId() is <2131231264/ru.iteco.fmhandroid:id/password_text_input_layout>)
12-08 05:44:34.894 11839 11839 I ViewInteraction: Performing 'wait for a specific view with <(view.getId() is <2131231039/ru.iteco.fmhandroid:id/enter_button> and an instance of android.widget.TextView and view.getText() with or without transformation to match: is "SIGN IN" and view.getContentDescription() is "Save" and view.getParent() view.getParent() an instance of android.widget.RelativeLayout)> during 10000 millis.' action on view view.getRootView() to equal view
12-08 05:44:34.899 11839 11839 I ViewInteraction: Checking 'MatchesViewAssertion{viewMatcher=view.isClickable() is <true>}' assertion on view (view.getId() is <2131231039/ru.iteco.fmhandroid:id/enter_button> and an instance of android.widget.TextView and view.getText() with or without transformation to match: is "SIGN IN" and view.getContentDescription() is "Save" and view.getParent() view.getParent() an instance of android.widget.RelativeLayout)
12-08 05:44:34.907 11839 11839 I ViewInteraction: Performing 'wait for a specific view with <(view.getId() is <2131231039/ru.iteco.fmhandroid:id/enter_button> and an instance of android.widget.TextView and view.getText() with or without transformation to match: is "SIGN IN" and view.getContentDescription() is "Save" and view.getParent() view.getParent() an instance of android.widget.RelativeLayout)> during 10000 millis.' action on view view.getRootView() to equal view
12-08 05:44:34.910 11839 11839 I ViewInteraction: Checking 'MatchesViewAssertion{viewMatcher=view.isClickable() is <true>}' assertion on view (view.getId() is <2131231039/ru.iteco.fmhandroid:id/enter_button> and an instance of android.widget.TextView and view.getText() with or without transformation to match: is "SIGN IN" and view.getContentDescription() is "Save" and view.getParent() view.getParent() an instance of android.widget.RelativeLayout)
12-08 05:44:34.919 11839 11839 I ViewInteraction: Performing 'wait for a specific view with <(view.getId() is <2131231039/ru.iteco.fmhandroid:id/enter_button> and an instance of android.widget.TextView and view.getText() with or without transformation to match: is "SIGN IN" and view.getContentDescription() is "Save" and view.getParent() view.getParent() an instance of android.widget.RelativeLayout)> during 10000 millis.' action on view view.getRootView() to equal view
12-08 05:44:34.940 11839 11839 I ViewInteraction: Performing 'single click' action on view (view.getId() is <2131231039/ru.iteco.fmhandroid:id/enter_button> and an instance of android.widget.TextView and view.getText() with or without transformation to match: is "SIGN IN" and view.getContentDescription() is "Save" and view.getParent() view.getParent() an instance of android.widget.RelativeLayout)
12-08 05:44:34.992 11839 11967 I okhttp.OkHttpClient: --> POST http://www.981757-ca08998.tmweb.ru:8080/fmh/authentication/login
12-08 05:44:34.992 11839 11967 I okhttp.OkHttpClient: Content-Type: application/json; charset=UTF-8
12-08 05:44:34.992 11839 11967 I okhttp.OkHttpClient: Content-Length: 41
12-08 05:44:34.992 11839 11967 I okhttp.OkHttpClient: {"login":"login2","password":"password2"}
12-08 05:44:34.993 11839 11967 I okhttp.OkHttpClient: --> END POST (41-byte body)
12-08 05:44:35.223 11839 11839 I ViewInteraction: Performing 'wait for a specific view with <an instance of android.widget.TextView and view.getText() with or without transformation to match: is "News"> during 10000 millis.' action on view view.getRootView() to equal view
12-08 05:44:35.263 11839 11967 I okhttp.OkHttpClient: <-- 200 http://www.981757-ca08998.tmweb.ru:8080/fmh/authentication/login (269ms)
12-08 05:44:35.263 11839 11967 I okhttp.OkHttpClient: Vary: Origin
12-08 05:44:35.264 11839 11967 I okhttp.OkHttpClient: Vary: Access-Control-Request-Method
12-08 05:44:35.264 11839 11967 I okhttp.OkHttpClient: Vary: Access-Control-Request-Headers
12-08 05:44:35.264 11839 11967 I okhttp.OkHttpClient: X-Content-Type-Options: nosniff
12-08 05:44:35.264 11839 11967 I okhttp.OkHttpClient: X-XSS-Protection: 1; mode=block
12-08 05:44:35.264 11839 11967 I okhttp.OkHttpClient: Cache-Control: no-cache, no-store, max-age=0, must-revalidate
12-08 05:44:35.264 11839 11967 I okhttp.OkHttpClient: Pragma: no-cache
12-08 05:44:35.264 11839 11967 I okhttp.OkHttpClient: Expires: 0
12-08 05:44:35.265 11839 11967 I okhttp.OkHttpClient: X-Frame-Options: DENY
12-08 05:44:35.265 11839 11967 I okhttp.OkHttpClient: Content-Type: application/json
12-08 05:44:35.265 11839 11967 I okhttp.OkHttpClient: Transfer-Encoding: chunked
12-08 05:44:35.266 11839 11967 I okhttp.OkHttpClient: Date: Thu, 08 Dec 2022 10:45:20 GMT
12-08 05:44:35.266 11839 11967 I okhttp.OkHttpClient: Keep-Alive: timeout=60
12-08 05:44:35.266 11839 11967 I okhttp.OkHttpClient: Connection: keep-alive
12-08 05:44:35.267 11839 11967 I okhttp.OkHttpClient: {"accessToken":"eyJhbGciOiJIUzUxMiJ9.eyJzdWIiOiJsb2dpbjIiLCJqdGkiOiIyIiwiZXhwIjoxNjcwNTgyNzIwfQ.RhNvXofES-pPWc3B68ZGzG8uxjpO9zuSvHpQnuBP-VBNQtx_2cv4Q2VIoyT7oc6a_JaJ22BnIfmVziCckg1ZqA","refreshToken":"eyJhbGciOiJIUzUxMiJ9.eyJzdWIiOiJsb2dpbjIiLCJqdGkiOiIyIiwiZXhwIjoxNjczMDg4MzIwfQ.hxsSBJ0xyp8L7cbDqW773jEvZdbGOGzRxXalhCMLt6jhjCpsn0Ti2ptnyRH83RrSaknqloMRrkzep-y_WmEDag"}
12-08 05:44:35.267 11839 11967 I okhttp.OkHttpClient: <-- END HTTP (368-byte body)
12-08 05:44:35.274 11839 12434 I okhttp.OkHttpClient: --> GET http://www.981757-ca08998.tmweb.ru:8080/fmh/authentication/userInfo
12-08 05:44:35.274 11839 12434 I okhttp.OkHttpClient: --> END GET
12-08 05:44:35.421 11839 12434 I okhttp.OkHttpClient: <-- 200 http://www.981757-ca08998.tmweb.ru:8080/fmh/authentication/userInfo (146ms)
12-08 05:44:35.421 11839 12434 I okhttp.OkHttpClient: Vary: Origin
12-08 05:44:35.421 11839 12434 I okhttp.OkHttpClient: Vary: Access-Control-Request-Method
12-08 05:44:35.421 11839 12434 I okhttp.OkHttpClient: Vary: Access-Control-Request-Headers
12-08 05:44:35.421 11839 12434 I okhttp.OkHttpClient: X-Content-Type-Options: nosniff
12-08 05:44:35.422 11839 12434 I okhttp.OkHttpClient: X-XSS-Protection: 1; mode=block
12-08 05:44:35.422 11839 12434 I okhttp.OkHttpClient: Cache-Control: no-cache, no-store, max-age=0, must-revalidate
12-08 05:44:35.422 11839 12434 I okhttp.OkHttpClient: Pragma: no-cache
12-08 05:44:35.422 11839 12434 I okhttp.OkHttpClient: Expires: 0
12-08 05:44:35.422 11839 12434 I okhttp.OkHttpClient: X-Frame-Options: DENY
12-08 05:44:35.422 11839 12434 I okhttp.OkHttpClient: Content-Type: application/json
12-08 05:44:35.422 11839 12434 I okhttp.OkHttpClient: Transfer-Encoding: chunked
12-08 05:44:35.423 11839 12434 I okhttp.OkHttpClient: Date: Thu, 08 Dec 2022 10:45:20 GMT
12-08 05:44:35.423 11839 12434 I okhttp.OkHttpClient: Keep-Alive: timeout=60
12-08 05:44:35.423 11839 12434 I okhttp.OkHttpClient: Connection: keep-alive
12-08 05:44:35.424 11839 12434 I okhttp.OkHttpClient: {"id":2,"firstName":"","lastName":"","middleName":"","admin":true}
12-08 05:44:35.424 11839 12434 I okhttp.OkHttpClient: <-- END HTTP (106-byte body)
12-08 05:44:35.433 11839 11970 I okhttp.OkHttpClient: --> GET http://www.981757-ca08998.tmweb.ru:8080/fmh/claims
12-08 05:44:35.433 11839 11970 I okhttp.OkHttpClient: --> END GET
12-08 05:44:35.457  1744 12460 E ResolverController: No valid NAT64 prefix (107, <unspecified>/0)
12-08 05:44:35.674 11839 11852 I teco.fmhandroi: Background concurrent copying GC freed 140086(8702KB) AllocSpace objects, 3(120KB) LOS objects, 29% free, 14MB/20MB, paused 3.883ms total 195.291ms
12-08 05:44:35.826 11839 11839 I ViewInteraction: Checking 'MatchesViewAssertion{viewMatcher=(view has effective visibility <VISIBLE> and view.getGlobalVisibleRect() to return non-empty rectangle)}' assertion on view an instance of android.widget.TextView and view.getText() with or without transformation to match: is "News"
12-08 05:44:35.853 11839 11839 I ViewInteraction: Performing 'wait for a specific view with <view.getId() is <2131230951>> during 10000 millis.' action on view view.getRootView() to equal view
12-08 05:44:35.858 11839 11839 I ViewInteraction: Checking 'MatchesViewAssertion{viewMatcher=(view has effective visibility <VISIBLE> and view.getGlobalVisibleRect() to return non-empty rectangle)}' assertion on view view.getId() is <2131230951/ru.iteco.fmhandroid:id/container_list_news_include_on_fragment_main>
12-08 05:44:35.861 11839 11839 I ViewInteraction: Performing 'wait for a specific view with <view.getId() is <2131230949>> during 10000 millis.' action on view view.getRootView() to equal view
12-08 05:44:35.869 11839 11839 I ViewInteraction: Checking 'MatchesViewAssertion{viewMatcher=(view has effective visibility <VISIBLE> and view.getGlobalVisibleRect() to return non-empty rectangle)}' assertion on view view.getId() is <2131230949/ru.iteco.fmhandroid:id/container_list_claim_include_on_fragment_main>
12-08 05:44:35.872 11839 11839 I ViewInteraction: Performing 'wait for a specific view with <an instance of android.widget.TextView and view.getText() with or without transformation to match: is "Claims"> during 10000 millis.' action on view view.getRootView() to equal view
12-08 05:44:35.877 11839 11839 I ViewInteraction: Checking 'MatchesViewAssertion{viewMatcher=(view has effective visibility <VISIBLE> and view.getGlobalVisibleRect() to return non-empty rectangle)}' assertion on view an instance of android.widget.TextView and view.getText() with or without transformation to match: is "Claims"
12-08 05:44:35.881 11839 11839 I ViewInteraction: Performing 'wait for a specific view with <view.getId() is <2131231123/ru.iteco.fmhandroid:id/main_menu_image_button>> during 10000 millis.' action on view view.getRootView() to equal view
12-08 05:44:35.901 11839 11839 I ViewInteraction: Performing 'single click' action on view view.getId() is <2131231123/ru.iteco.fmhandroid:id/main_menu_image_button>
12-08 05:44:36.002  1776  1825 D gralloc_ranchu: gralloc_alloc: Creating ashmem region of size 2015232
12-08 05:44:36.010  1776  1825 I chatty  : uid=1000(system) HwBinder:1776_1 identical 1 line
12-08 05:44:36.011  1776  1825 D gralloc_ranchu: gralloc_alloc: Creating ashmem region of size 2015232
12-08 05:44:36.029 11839 11936 D EGL_emulation: eglMakeCurrent: 0xdd81b020: ver 2 0 (tinfo 0xdd891860)
12-08 05:44:36.095 11839 11936 I chatty  : uid=10146(ru.iteco.fmhandroid) RenderThread identical 3 lines
12-08 05:44:36.117 11839 11936 D EGL_emulation: eglMakeCurrent: 0xdd81b020: ver 2 0 (tinfo 0xdd891860)
12-08 05:44:36.341 11839 11839 I ViewInteraction: Performing 'wait for a specific view with <an instance of android.widget.TextView and view.getText() with or without transformation to match: is "Claims"> during 10000 millis.' action on view view.getRootView() to equal view
12-08 05:44:36.345 11839 11839 I ViewInteraction: Performing 'single click' action on view an instance of android.widget.TextView and view.getText() with or without transformation to match: is "Claims"
12-08 05:44:36.480 11839 11969 I okhttp.OkHttpClient: --> GET http://www.981757-ca08998.tmweb.ru:8080/fmh/claims
12-08 05:44:36.484 11839 11969 I okhttp.OkHttpClient: --> END GET
12-08 05:44:36.529 11839 11936 D EGL_emulation: eglMakeCurrent: 0xdd81b020: ver 2 0 (tinfo 0xdd891860)
12-08 05:44:36.549 11839 11936 D EGL_emulation: eglMakeCurrent: 0xdd81b020: ver 2 0 (tinfo 0xdd891860)
12-08 05:44:36.705 11839 11839 I ViewInteraction: Performing 'wait for a specific view with <view.getId() is <2131230849/ru.iteco.fmhandroid:id/add_new_claim_material_button>> during 10000 millis.' action on view view.getRootView() to equal view
12-08 05:44:36.710 11839 11839 I ViewInteraction: Performing 'single click' action on view view.getId() is <2131230849/ru.iteco.fmhandroid:id/add_new_claim_material_button>
12-08 05:44:36.785 11839 12434 I okhttp.OkHttpClient: --> GET http://www.981757-ca08998.tmweb.ru:8080/fmh/users
12-08 05:44:36.785 11839 12434 I okhttp.OkHttpClient: --> END GET
12-08 05:44:36.898 11839 12434 I okhttp.OkHttpClient: <-- 200 http://www.981757-ca08998.tmweb.ru:8080/fmh/users (112ms)
12-08 05:44:36.898 11839 12434 I okhttp.OkHttpClient: Vary: Origin
12-08 05:44:36.898 11839 12434 I okhttp.OkHttpClient: Vary: Access-Control-Request-Method
12-08 05:44:36.898 11839 12434 I okhttp.OkHttpClient: Vary: Access-Control-Request-Headers
12-08 05:44:36.898 11839 12434 I okhttp.OkHttpClient: X-Content-Type-Options: nosniff
12-08 05:44:36.898 11839 12434 I okhttp.OkHttpClient: X-XSS-Protection: 1; mode=block
12-08 05:44:36.898 11839 12434 I okhttp.OkHttpClient: Cache-Control: no-cache, no-store, max-age=0, must-revalidate
12-08 05:44:36.899 11839 12434 I okhttp.OkHttpClient: Pragma: no-cache
12-08 05:44:36.899 11839 12434 I okhttp.OkHttpClient: Expires: 0
12-08 05:44:36.900 11839 12434 I okhttp.OkHttpClient: X-Frame-Options: DENY
12-08 05:44:36.900 11839 12434 I okhttp.OkHttpClient: Content-Type: application/json
12-08 05:44:36.900 11839 12434 I okhttp.OkHttpClient: Transfer-Encoding: chunked
12-08 05:44:36.901 11839 12434 I okhttp.OkHttpClient: Date: Thu, 08 Dec 2022 10:45:22 GMT
12-08 05:44:36.901 11839 12434 I okhttp.OkHttpClient: Keep-Alive: timeout=60
12-08 05:44:36.901 11839 12434 I okhttp.OkHttpClient: Connection: keep-alive
12-08 05:44:36.901 11839 12434 I okhttp.OkHttpClient: [{"id":1,"firstName":"","lastName":"","middleName":"","admin":true},{"id":2,"firstName":"","lastName":"","middleName":"","admin":true},{"id":3,"firstName":"","lastName":"","middleName":"","admin":false},{"id":4,"firstName":"","lastName":"","middleName":"","admin":false},{"id":5,"firstName":"","lastName":"","middleName":"","admin":true},{"id":6,"firstName":"Diplom","lastName":"Netology","middleName":"QAMID","admin":true}]
12-08 05:44:36.901 11839 12434 I okhttp.OkHttpClient: <-- END HTTP (622-byte body)
12-08 05:44:37.098 11839 11839 I ViewInteraction: Performing 'wait for a specific view with <(view.getId() is <2131231402/ru.iteco.fmhandroid:id/title_edit_text> and view.getParent() view.getParent() view.getId() is <2131231406/ru.iteco.fmhandroid:id/title_text_input_layout>)> during 10000 millis.' action on view view.getRootView() to equal view
12-08 05:44:37.102 11839 11839 I ViewInteraction: Performing 'replace text(;&&)' action on view (view.getId() is <2131231402/ru.iteco.fmhandroid:id/title_edit_text> and view.getParent() view.getParent() view.getId() is <2131231406/ru.iteco.fmhandroid:id/title_text_input_layout>)
12-08 05:44:37.126 11839 11839 I ViewInteraction: Performing 'wait for a specific view with <view.getId() is <2131230975/ru.iteco.fmhandroid:id/date_in_plan_text_input_edit_text>> during 10000 millis.' action on view view.getRootView() to equal view
12-08 05:44:37.131 11839 11839 I ViewInteraction: Performing 'single click' action on view view.getId() is <2131230975/ru.iteco.fmhandroid:id/date_in_plan_text_input_edit_text>
12-08 05:44:37.274  1776  1825 D gralloc_ranchu: gralloc_alloc: Creating ashmem region of size 6778880
12-08 05:44:37.280  1776  1825 I chatty  : uid=1000(system) HwBinder:1776_1 identical 1 line
12-08 05:44:37.281  1776  1825 D gralloc_ranchu: gralloc_alloc: Creating ashmem region of size 6778880
12-08 05:44:37.290 11839 11936 D EGL_emulation: eglMakeCurrent: 0xdd81b020: ver 2 0 (tinfo 0xdd891860)
12-08 05:44:37.402 11839 11936 I chatty  : uid=10146(ru.iteco.fmhandroid) RenderThread identical 3 lines
12-08 05:44:37.419 11839 11936 D EGL_emulation: eglMakeCurrent: 0xdd81b020: ver 2 0 (tinfo 0xdd891860)
12-08 05:44:37.757 11839 11839 I ViewInteraction: Performing 'wait for a specific view with <is assignable from class <class android.widget.DatePicker>> during 10000 millis.' action on view view.getRootView() to equal view
12-08 05:44:37.760 11839 11839 I ViewInteraction: Checking 'MatchesViewAssertion{viewMatcher=(view has effective visibility <VISIBLE> and view.getGlobalVisibleRect() to return non-empty rectangle)}' assertion on view is assignable from class <class android.widget.DatePicker>
12-08 05:44:37.765 11839 11839 I ViewInteraction: Performing 'wait for a specific view with <is assignable from class <class android.widget.DatePicker>> during 10000 millis.' action on view view.getRootView() to equal view
12-08 05:44:37.768 11839 11839 I ViewInteraction: Performing 'set date' action on view is assignable from class <class android.widget.DatePicker>
12-08 05:44:37.801 11839 11839 I ViewInteraction: Performing 'wait for a specific view with <view.getId() is <16908313/android:id/button1>> during 10000 millis.' action on view view.getRootView() to equal view
12-08 05:44:37.808 11839 11839 I ViewInteraction: Performing 'single click' action on view view.getId() is <16908313/android:id/button1>
12-08 05:44:37.889 11839 11936 D EGL_emulation: eglMakeCurrent: 0xdd81b020: ver 2 0 (tinfo 0xdd891860)
12-08 05:44:37.898  2018  3051 E InputDispatcher: Window handle Window{953ed8f u0 ru.iteco.fmhandroid/ru.iteco.fmhandroid.ui.AppActivity} has no registered input channel
12-08 05:44:37.921 11839 11936 D EGL_emulation: eglMakeCurrent: 0xdd81b020: ver 2 0 (tinfo 0xdd891860)
12-08 05:44:38.176 11839 11839 I ViewInteraction: Performing 'wait for a specific view with <(an instance of android.widget.TextView and view.getHint() matching: is "Time" and view.getParent() view.getParent() view.getId() is <2131231399/ru.iteco.fmhandroid:id/time_in_plan_text_input_layout>)> during 10000 millis.' action on view view.getRootView() to equal view
12-08 05:44:38.180 11839 11839 I ViewInteraction: Performing 'single click' action on view (an instance of android.widget.TextView and view.getHint() matching: is "Time" and view.getParent() view.getParent() view.getId() is <2131231399/ru.iteco.fmhandroid:id/time_in_plan_text_input_layout>)
12-08 05:44:38.326  1776  1825 D gralloc_ranchu: gralloc_alloc: Creating ashmem region of size 5718016
12-08 05:44:38.338  1776  1825 I chatty  : uid=1000(system) HwBinder:1776_1 identical 1 line
12-08 05:44:38.339  1776  1825 D gralloc_ranchu: gralloc_alloc: Creating ashmem region of size 5718016
12-08 05:44:38.345 11839 11936 D EGL_emulation: eglMakeCurrent: 0xdd81b020: ver 2 0 (tinfo 0xdd891860)
12-08 05:44:38.406 11839 11936 I chatty  : uid=10146(ru.iteco.fmhandroid) RenderThread identical 2 lines
12-08 05:44:38.431 11839 11936 D EGL_emulation: eglMakeCurrent: 0xdd81b020: ver 2 0 (tinfo 0xdd891860)
12-08 05:44:38.956 11839 11839 I ViewInteraction: Performing 'wait for a specific view with <is assignable from class <class android.widget.TimePicker>> during 10000 millis.' action on view view.getRootView() to equal view
12-08 05:44:38.959 11839 11839 I ViewInteraction: Checking 'MatchesViewAssertion{viewMatcher=(view has effective visibility <VISIBLE> and view.getGlobalVisibleRect() to return non-empty rectangle)}' assertion on view is assignable from class <class android.widget.TimePicker>
12-08 05:44:38.962 11839 11839 I ViewInteraction: Performing 'wait for a specific view with <is assignable from class <class android.widget.TimePicker>> during 10000 millis.' action on view view.getRootView() to equal view
12-08 05:44:38.966 11839 11839 I ViewInteraction: Performing 'set time' action on view is assignable from class <class android.widget.TimePicker>
12-08 05:44:38.970 11839 11839 I ViewInteraction: Performing 'wait for a specific view with <view.getId() is <16908313/android:id/button1>> during 10000 millis.' action on view view.getRootView() to equal view
12-08 05:44:38.973 11839 11839 I ViewInteraction: Performing 'single click' action on view view.getId() is <16908313/android:id/button1>
12-08 05:44:39.033 11839 11936 D EGL_emulation: eglMakeCurrent: 0xdd81b020: ver 2 0 (tinfo 0xdd891860)
12-08 05:44:39.058 11839 11936 D EGL_emulation: eglMakeCurrent: 0xdd81b020: ver 2 0 (tinfo 0xdd891860)
12-08 05:44:39.065  2018  3051 E InputDispatcher: Window handle Window{84f6538 u0 ru.iteco.fmhandroid/ru.iteco.fmhandroid.ui.AppActivity} has no registered input channel
12-08 05:44:39.079 11839 11936 D EGL_emulation: eglMakeCurrent: 0xdd81b020: ver 2 0 (tinfo 0xdd891860)
12-08 05:44:39.246 11839 11970 I okhttp.OkHttpClient: <-- 200 http://www.981757-ca08998.tmweb.ru:8080/fmh/claims (3813ms)
12-08 05:44:39.246 11839 11970 I okhttp.OkHttpClient: Vary: Origin
12-08 05:44:39.246 11839 11970 I okhttp.OkHttpClient: Vary: Access-Control-Request-Method
12-08 05:44:39.246 11839 11970 I okhttp.OkHttpClient: Vary: Access-Control-Request-Headers
12-08 05:44:39.247 11839 11970 I okhttp.OkHttpClient: X-Content-Type-Options: nosniff
12-08 05:44:39.247 11839 11970 I okhttp.OkHttpClient: X-XSS-Protection: 1; mode=block
12-08 05:44:39.247 11839 11970 I okhttp.OkHttpClient: Cache-Control: no-cache, no-store, max-age=0, must-revalidate
12-08 05:44:39.247 11839 11970 I okhttp.OkHttpClient: Pragma: no-cache
12-08 05:44:39.247 11839 11970 I okhttp.OkHttpClient: Expires: 0
12-08 05:44:39.247 11839 11970 I okhttp.OkHttpClient: X-Frame-Options: DENY
12-08 05:44:39.247 11839 11970 I okhttp.OkHttpClient: Content-Type: application/json
12-08 05:44:39.247 11839 11970 I okhttp.OkHttpClient: Transfer-Encoding: chunked
12-08 05:44:39.247 11839 11970 I okhttp.OkHttpClient: Date: Thu, 08 Dec 2022 10:45:24 GMT
12-08 05:44:39.248 11839 11970 I okhttp.OkHttpClient: Keep-Alive: timeout=60
12-08 05:44:39.248 11839 11970 I okhttp.OkHttpClient: Connection: keep-alive
12-08 05:44:39.345 11839 11839 I ViewInteraction: Performing 'wait for a specific view with <(an instance of android.widget.TextView and view.getHint() matching: is "Description" and view.getParent() view.getParent() view.getId() is <2131230988/ru.iteco.fmhandroid:id/description_text_input_layout>)> during 10000 millis.' action on view view.getRootView() to equal view
12-08 05:44:39.350 11839 11839 I ViewInteraction: Performing 'replace text( 9d7e0761-09b1-450a-8376-f7e0a0ac2784)' action on view (an instance of android.widget.TextView and view.getHint() matching: is "Description" and view.getParent() view.getParent() view.getId() is <2131230988/ru.iteco.fmhandroid:id/description_text_input_layout>)
12-08 05:44:39.390 11839 11839 I ViewInteraction: Performing 'wait for a specific view with <(view.getId() is <2131231402/ru.iteco.fmhandroid:id/title_edit_text> and view.getParent() view.getParent() view.getId() is <2131231406/ru.iteco.fmhandroid:id/title_text_input_layout>)> during 10000 millis.' action on view view.getRootView() to equal view
12-08 05:44:39.394 11839 11839 I ViewInteraction: Checking 'MatchesViewAssertion{viewMatcher=an instance of android.widget.TextView and view.getText() with or without transformation to match: is ""}' assertion on view (view.getId() is <2131231402/ru.iteco.fmhandroid:id/title_edit_text> and view.getParent() view.getParent() view.getId() is <2131231406/ru.iteco.fmhandroid:id/title_text_input_layout>)
12-08 05:44:39.411 11839 11839 D takeScreenshot: Found 1 global views to redraw
12-08 05:44:39.438  1776  1825 D gralloc_ranchu: gralloc_alloc: Creating ashmem region of size 10108928
12-08 05:44:39.479 11839 11884 W DefaultFailureHandler: Failed to take screenshot
12-08 05:44:39.479 11839 11884 W DefaultFailureHandler: java.io.FileNotFoundException: view-op-error-16.png: open failed: EROFS (Read-only file system)
12-08 05:44:39.479 11839 11884 W DefaultFailureHandler: 	at libcore.io.IoBridge.open(IoBridge.java:496)
12-08 05:44:39.479 11839 11884 W DefaultFailureHandler: 	at java.io.FileOutputStream.<init>(FileOutputStream.java:235)
12-08 05:44:39.479 11839 11884 W DefaultFailureHandler: 	at java.io.FileOutputStream.<init>(FileOutputStream.java:125)
12-08 05:44:39.479 11839 11884 W DefaultFailureHandler: 	at androidx.test.platform.io.FileTestStorage.openOutputFile(FileTestStorage.java:60)
12-08 05:44:39.479 11839 11884 W DefaultFailureHandler: 	at androidx.test.core.graphics.BitmapStorage.writeToTestStorage(BitmapStorageExt.kt:49)
12-08 05:44:39.479 11839 11884 W DefaultFailureHandler: 	at androidx.test.espresso.base.DefaultFailureHandler.takeScreenshot(DefaultFailureHandler.java:4)
12-08 05:44:39.479 11839 11884 W DefaultFailureHandler: 	at androidx.test.espresso.base.DefaultFailureHandler.handle(DefaultFailureHandler.java:3)
12-08 05:44:39.479 11839 11884 W DefaultFailureHandler: 	at androidx.test.espresso.ViewInteraction.waitForAndHandleInteractionResults(ViewInteraction.java:5)
12-08 05:44:39.479 11839 11884 W DefaultFailureHandler: 	at androidx.test.espresso.ViewInteraction.check(ViewInteraction.java:12)
12-08 05:44:39.479 11839 11884 W DefaultFailureHandler: 	at ru.iteco.fmhandroid.ui.ClaimsCreationFormTest.shouldNotDisplayNonAlphabeticAndNonNumericCharactersInTheFieldTitle(ClaimsCreationFormTest.java:297)
12-08 05:44:39.479 11839 11884 W DefaultFailureHandler: 	at java.lang.reflect.Method.invoke(Native Method)
12-08 05:44:39.479 11839 11884 W DefaultFailureHandler: 	at org.junit.runners.model.FrameworkMethod$1.runReflectiveCall(FrameworkMethod.java:59)
12-08 05:44:39.479 11839 11884 W DefaultFailureHandler: 	at org.junit.internal.runners.model.ReflectiveCallable.run(ReflectiveCallable.java:12)
12-08 05:44:39.479 11839 11884 W DefaultFailureHandler: 	at org.junit.runners.model.FrameworkMethod.invokeExplosively(FrameworkMethod.java:56)
12-08 05:44:39.479 11839 11884 W DefaultFailureHandler: 	at org.junit.internal.runners.statements.InvokeMethod.evaluate(InvokeMethod.java:17)
12-08 05:44:39.479 11839 11884 W DefaultFailureHandler: 	at androidx.test.internal.runner.junit4.statement.RunBefores.evaluate(RunBefores.java:80)
12-08 05:44:39.479 11839 11884 W DefaultFailureHandler: 	at androidx.test.internal.runner.junit4.statement.RunAfters.evaluate(RunAfters.java:61)
12-08 05:44:39.479 11839 11884 W DefaultFailureHandler: 	at io.qameta.allure.android.rules.ScreenshotRule$apply$1.evaluate(ScreenshotRule.kt:22)
12-08 05:44:39.479 11839 11884 W DefaultFailureHandler: 	at org.junit.rules.ExternalResource$1.evaluate(ExternalResource.java:54)
12-08 05:44:39.479 11839 11884 W DefaultFailureHandler: 	at io.qameta.allure.android.rules.LogcatRule$apply$1.evaluate(LogcatRule.kt:23)
