12-08 10:34:53.588 11395 11395 V ActivityScenario: Activity lifecycle changed event received but ignored because the reported transition was not ON_CREATE while the last known transition was PRE_ON_CREATE
12-08 10:34:53.595 11395 11428 V FA      : onActivityCreated
12-08 10:34:53.617 11453 11486 D EGL_emulation: eglMakeCurrent: 0xdd81a2a0: ver 2 0 (tinfo 0xdd80f3a0)
12-08 10:34:53.620  8437  8470 D EGL_emulation: eglMakeCurrent: 0xe59eb0c0: ver 2 0 (tinfo 0xf0cc0670)
12-08 10:34:53.627 11395 11395 D LifecycleMonitor: Lifecycle status change: ru.iteco.fmhandroid.ui.AppActivity@bb4421d in: CREATED
12-08 10:34:53.627 11395 11395 V ActivityScenario: Update currentActivityStage to CREATED, currentActivity=ru.iteco.fmhandroid.ui.AppActivity@bb4421d
12-08 10:34:53.640  8437  8470 D EGL_emulation: eglMakeCurrent: 0xf0c7fca0: ver 2 0 (tinfo 0xf0cc0670)
12-08 10:34:53.673  8437  8470 D EGL_emulation: eglMakeCurrent: 0xe59eb0c0: ver 2 0 (tinfo 0xf0cc0670)
12-08 10:34:53.681  8437  8470 D EGL_emulation: eglMakeCurrent: 0xf0c7ee60: ver 2 0 (tinfo 0xf0cc0670)
12-08 10:34:53.684  8437  8470 D EGL_emulation: eglMakeCurrent: 0xe59eb0c0: ver 2 0 (tinfo 0xf0cc0670)
12-08 10:34:53.691  8437  8470 D EGL_emulation: eglMakeCurrent: 0xf0c7ee60: ver 2 0 (tinfo 0xf0cc0670)
12-08 10:34:53.702  8437  8470 D EGL_emulation: eglMakeCurrent: 0xe59eb0c0: ver 2 0 (tinfo 0xf0cc0670)
12-08 10:34:53.714  8437  8470 D EGL_emulation: eglMakeCurrent: 0xf0c7ee60: ver 2 0 (tinfo 0xf0cc0670)
12-08 10:34:53.726  2170  2186 I ndroid.systemu: NativeAlloc concurrent copying GC freed 2300(192KB) AllocSpace objects, 0(0B) LOS objects, 49% free, 5521KB/10MB, paused 910us total 150.754ms
12-08 10:34:53.739 11395 11395 D LifecycleMonitor: Lifecycle status change: ru.iteco.fmhandroid.ui.AppActivity@bb4421d in: STARTED
12-08 10:34:53.739 11395 11395 V ActivityScenario: Update currentActivityStage to STARTED, currentActivity=ru.iteco.fmhandroid.ui.AppActivity@bb4421d
12-08 10:34:53.740 11395 11395 D LifecycleMonitor: Lifecycle status change: ru.iteco.fmhandroid.ui.AppActivity@bb4421d in: RESUMED
12-08 10:34:53.741 11395 11395 V ActivityScenario: Update currentActivityStage to RESUMED, currentActivity=ru.iteco.fmhandroid.ui.AppActivity@bb4421d
12-08 10:34:53.742  8344  8376 D EGL_emulation: eglMakeCurrent: 0xe59ed1c0: ver 2 0 (tinfo 0xe59d9f10)
12-08 10:34:53.744  8437  8470 D EGL_emulation: eglMakeCurrent: 0xe59eb0c0: ver 2 0 (tinfo 0xf0cc0670)
12-08 10:34:53.746 11395 11434 V FA      : Activity resumed, time: 58640781
12-08 10:34:53.759  8344  8393 I cr_BindingManager: onTrimMemory: level=20, size=0
12-08 10:34:53.803  1776  1927 D gralloc_ranchu: gralloc_alloc: Creating ashmem region of size 10108928
12-08 10:34:53.820  1776  1927 I chatty  : uid=1000(system) HwBinder:1776_3 identical 1 line
12-08 10:34:53.823  1776  1927 D gralloc_ranchu: gralloc_alloc: Creating ashmem region of size 10108928
12-08 10:34:53.825 11395 11489 D EGL_emulation: eglMakeCurrent: 0xdd81af60: ver 2 0 (tinfo 0xc30989a0)
12-08 10:34:53.974  2018  2058 I ActivityTaskManager: Displayed ru.iteco.fmhandroid/.ui.AppActivity: +462ms
12-08 10:34:54.006  2873 11443 V FA-SVC  : Logging event: origin=auto,name=screen_view(_vs),params=Bundle[{ga_event_origin(_o)=auto, ga_previous_class(_pc)=AppActivity, ga_previous_id(_pi)=-7630774614883317536, ga_screen_class(_sc)=AppActivity, ga_screen_id(_si)=-7630774614883317535}]
12-08 10:34:54.047  2873 11443 V FA-SVC  : Upload scheduled in approximately ms: 2090468
12-08 10:34:54.047  2873 11443 V FA-SVC  : Unscheduling upload
12-08 10:34:54.062  2873 11443 V FA-SVC  : Scheduling upload, millis: 2090468
12-08 10:34:54.084  2873 11443 V FA-SVC  : Background event processing time, ms: 78
12-08 10:34:54.155  2656 10161 E SQLiteDatabase: Error inserting flex_time=2090000 job_id=-1 period=4181000 source=16 requires_charging=0 preferred_network_type=1 target_class=com.google.android.gms.measurement.PackageMeasurementTaskService user_id=0 target_package=com.google.android.gms tag=Measurement.PackageMeasurementTaskService.UPLOAD_TASK_TAG task_type=0 required_idleness_state=0 service_kind=0 source_version=202414000 persistence_level=1 preferred_charging_state=1 required_network_type=0 runtime=1670495694102 retry_strategy={"maximum_backoff_seconds":{"3600":0},"initial_backoff_seconds":{"30":0},"retry_policy":{"0":0}} last_runtime=0
12-08 10:34:54.155  2656 10161 E SQLiteDatabase: android.database.sqlite.SQLiteConstraintException: UNIQUE constraint failed: pending_ops.tag, pending_ops.target_class, pending_ops.target_package, pending_ops.user_id (code 2067 SQLITE_CONSTRAINT_UNIQUE)
12-08 10:34:54.155  2656 10161 E SQLiteDatabase: 	at android.database.sqlite.SQLiteConnection.nativeExecuteForLastInsertedRowId(Native Method)
12-08 10:34:54.155  2656 10161 E SQLiteDatabase: 	at android.database.sqlite.SQLiteConnection.executeForLastInsertedRowId(SQLiteConnection.java:879)
12-08 10:34:54.155  2656 10161 E SQLiteDatabase: 	at android.database.sqlite.SQLiteSession.executeForLastInsertedRowId(SQLiteSession.java:790)
12-08 10:34:54.155  2656 10161 E SQLiteDatabase: 	at android.database.sqlite.SQLiteStatement.executeInsert(SQLiteStatement.java:88)
12-08 10:34:54.155  2656 10161 E SQLiteDatabase: 	at android.database.sqlite.SQLiteDatabase.insertWithOnConflict(SQLiteDatabase.java:1599)
12-08 10:34:54.155  2656 10161 E SQLiteDatabase: 	at android.database.sqlite.SQLiteDatabase.insert(SQLiteDatabase.java:1468)
12-08 10:34:54.155  2656 10161 E SQLiteDatabase: 	at aqui.a(:com.google.android.gms@202414022@20.24.14 (040700-319035315):175)
12-08 10:34:54.155  2656 10161 E SQLiteDatabase: 	at aqtk.a(:com.google.android.gms@202414022@20.24.14 (040700-319035315):182)
12-08 10:34:54.155  2656 10161 E SQLiteDatabase: 	at aqtk.a(:com.google.android.gms@202414022@20.24.14 (040700-319035315):23)
12-08 10:34:54.155  2656 10161 E SQLiteDatabase: 	at aqtk.a(:com.google.android.gms@202414022@20.24.14 (040700-319035315):177)
12-08 10:34:54.155  2656 10161 E SQLiteDatabase: 	at aqpu.run(:com.google.android.gms@202414022@20.24.14 (040700-319035315):9)
12-08 10:34:54.155  2656 10161 E SQLiteDatabase: 	at soy.b(:com.google.android.gms@202414022@20.24.14 (040700-319035315):12)
12-08 10:34:54.155  2656 10161 E SQLiteDatabase: 	at soy.run(:com.google.android.gms@202414022@20.24.14 (040700-319035315):7)
12-08 10:34:54.155  2656 10161 E SQLiteDatabase: 	at java.util.concurrent.ThreadPoolExecutor.runWorker(ThreadPoolExecutor.java:1167)
12-08 10:34:54.155  2656 10161 E SQLiteDatabase: 	at java.util.concurrent.ThreadPoolExecutor$Worker.run(ThreadPoolExecutor.java:641)
12-08 10:34:54.155  2656 10161 E SQLiteDatabase: 	at sux.run(:com.google.android.gms@202414022@20.24.14 (040700-319035315):0)
12-08 10:34:54.155  2656 10161 E SQLiteDatabase: 	at java.lang.Thread.run(Thread.java:919)
12-08 10:34:54.541 11395 11395 I ViewInteraction: Performing 'wait for a specific view with <(an instance of android.widget.TextView and view.getText() with or without transformation to match: is "Authorization" and view.getParent() view.getParent() view.getId() is <2131231186>)> during 10000 millis.' action on view view.getRootView() to equal view
12-08 10:34:55.041  1764  1891 W audio_hw_generic: Not supplying enough data to HAL, expected position 169665003 , only wrote 169388521
12-08 10:34:55.171  2018  2031 I system_server: NativeAlloc concurrent copying GC freed 57565(2609KB) AllocSpace objects, 12(496KB) LOS objects, 26% free, 16MB/22MB, paused 941us total 1.000s
12-08 10:34:56.741 11395 11501 I okhttp.OkHttpClient: --> GET http://www.981757-ca08998.tmweb.ru:8080/fmh/authentication/userInfo
12-08 10:34:56.741 11395 11501 I okhttp.OkHttpClient: --> END GET
12-08 10:34:57.005 11395 11501 I okhttp.OkHttpClient: <-- 200 http://www.981757-ca08998.tmweb.ru:8080/fmh/authentication/userInfo (263ms)
12-08 10:34:57.005 11395 11501 I okhttp.OkHttpClient: Vary: Origin
12-08 10:34:57.005 11395 11501 I okhttp.OkHttpClient: Vary: Access-Control-Request-Method
12-08 10:34:57.005 11395 11501 I okhttp.OkHttpClient: Vary: Access-Control-Request-Headers
12-08 10:34:57.005 11395 11501 I okhttp.OkHttpClient: X-Content-Type-Options: nosniff
12-08 10:34:57.005 11395 11501 I okhttp.OkHttpClient: X-XSS-Protection: 1; mode=block
12-08 10:34:57.005 11395 11501 I okhttp.OkHttpClient: Cache-Control: no-cache, no-store, max-age=0, must-revalidate
12-08 10:34:57.005 11395 11501 I okhttp.OkHttpClient: Pragma: no-cache
12-08 10:34:57.006 11395 11501 I okhttp.OkHttpClient: Expires: 0
12-08 10:34:57.006 11395 11501 I okhttp.OkHttpClient: X-Frame-Options: DENY
12-08 10:34:57.006 11395 11501 I okhttp.OkHttpClient: Content-Type: application/json
12-08 10:34:57.006 11395 11501 I okhttp.OkHttpClient: Transfer-Encoding: chunked
12-08 10:34:57.006 11395 11501 I okhttp.OkHttpClient: Date: Thu, 08 Dec 2022 10:35:42 GMT
12-08 10:34:57.006 11395 11501 I okhttp.OkHttpClient: Keep-Alive: timeout=60
12-08 10:34:57.006 11395 11501 I okhttp.OkHttpClient: Connection: keep-alive
12-08 10:34:57.006 11395 11501 I okhttp.OkHttpClient: {"id":2,"firstName":"Данил","lastName":"Иванов","middleName":"Данилович","admin":true}
12-08 10:34:57.007 11395 11501 I okhttp.OkHttpClient: <-- END HTTP (106-byte body)
12-08 10:34:57.016 11395 11506 I okhttp.OkHttpClient: --> GET http://www.981757-ca08998.tmweb.ru:8080/fmh/claims
12-08 10:34:57.016 11395 11506 I okhttp.OkHttpClient: --> END GET
12-08 10:34:57.023  1744 11619 E ResolverController: No valid NAT64 prefix (106, <unspecified>/0)
12-08 10:34:57.154 11395 11408 I teco.fmhandroi: NativeAlloc concurrent copying GC freed 95932(4921KB) AllocSpace objects, 8(288KB) LOS objects, 38% free, 9852KB/15MB, paused 882us total 129.338ms
12-08 10:34:57.156  1905  1905 E wifi_forwarder: RemoteConnection failed to initialize: RemoteConnection failed to open pipe
12-08 10:34:59.012 11395 11434 V FA      : Inactivity, disconnecting from the service
12-08 10:34:59.568 11395 11506 I okhttp.OkHttpClient: <-- 200 http://www.981757-ca08998.tmweb.ru:8080/fmh/claims (2551ms)
12-08 10:34:59.568 11395 11506 I okhttp.OkHttpClient: Vary: Origin
12-08 10:34:59.568 11395 11506 I okhttp.OkHttpClient: Vary: Access-Control-Request-Method
12-08 10:34:59.568 11395 11506 I okhttp.OkHttpClient: Vary: Access-Control-Request-Headers
12-08 10:34:59.569 11395 11506 I okhttp.OkHttpClient: X-Content-Type-Options: nosniff
12-08 10:34:59.569 11395 11506 I okhttp.OkHttpClient: X-XSS-Protection: 1; mode=block
12-08 10:34:59.569 11395 11506 I okhttp.OkHttpClient: Cache-Control: no-cache, no-store, max-age=0, must-revalidate
12-08 10:34:59.569 11395 11506 I okhttp.OkHttpClient: Pragma: no-cache
12-08 10:34:59.569 11395 11506 I okhttp.OkHttpClient: Expires: 0
12-08 10:34:59.569 11395 11506 I okhttp.OkHttpClient: X-Frame-Options: DENY
12-08 10:34:59.570 11395 11506 I okhttp.OkHttpClient: Content-Type: application/json
12-08 10:34:59.570 11395 11506 I okhttp.OkHttpClient: Transfer-Encoding: chunked
12-08 10:34:59.570 11395 11506 I okhttp.OkHttpClient: Date: Thu, 08 Dec 2022 10:35:44 GMT
12-08 10:34:59.570 11395 11506 I okhttp.OkHttpClient: Keep-Alive: timeout=60
12-08 10:34:59.570 11395 11506 I okhttp.OkHttpClient: Connection: keep-alive
12-08 10:35:00.022  2170  2170 D KeyguardClockSwitch: Updating clock: 1035
12-08 10:35:00.428  2298  2315 I m.android.phon: Background concurrent copying GC freed 13807(1310KB) AllocSpace objects, 0(0B) LOS objects, 49% free, 1777KB/3555KB, paused 739us total 207.063ms
12-08 10:35:04.577 11395 11395 D takeScreenshot: Found 1 global views to redraw
12-08 10:35:04.604  1776  1927 D gralloc_ranchu: gralloc_alloc: Creating ashmem region of size 10108928
12-08 10:35:04.685 11395 11440 W DefaultFailureHandler: Failed to take screenshot
12-08 10:35:04.685 11395 11440 W DefaultFailureHandler: java.io.FileNotFoundException: view-op-error-8.png: open failed: EROFS (Read-only file system)
12-08 10:35:04.685 11395 11440 W DefaultFailureHandler: 	at libcore.io.IoBridge.open(IoBridge.java:496)
12-08 10:35:04.685 11395 11440 W DefaultFailureHandler: 	at java.io.FileOutputStream.<init>(FileOutputStream.java:235)
12-08 10:35:04.685 11395 11440 W DefaultFailureHandler: 	at java.io.FileOutputStream.<init>(FileOutputStream.java:125)
12-08 10:35:04.685 11395 11440 W DefaultFailureHandler: 	at androidx.test.platform.io.FileTestStorage.openOutputFile(FileTestStorage.java:60)
12-08 10:35:04.685 11395 11440 W DefaultFailureHandler: 	at androidx.test.core.graphics.BitmapStorage.writeToTestStorage(BitmapStorageExt.kt:49)
12-08 10:35:04.685 11395 11440 W DefaultFailureHandler: 	at androidx.test.espresso.base.DefaultFailureHandler.takeScreenshot(DefaultFailureHandler.java:4)
12-08 10:35:04.685 11395 11440 W DefaultFailureHandler: 	at androidx.test.espresso.base.DefaultFailureHandler.handle(DefaultFailureHandler.java:3)
12-08 10:35:04.685 11395 11440 W DefaultFailureHandler: 	at androidx.test.espresso.ViewInteraction.waitForAndHandleInteractionResults(ViewInteraction.java:8)
12-08 10:35:04.685 11395 11440 W DefaultFailureHandler: 	at androidx.test.espresso.ViewInteraction.desugaredPerform(ViewInteraction.java:11)
12-08 10:35:04.685 11395 11440 W DefaultFailureHandler: 	at androidx.test.espresso.ViewInteraction.perform(ViewInteraction.java:8)
12-08 10:35:04.685 11395 11440 W DefaultFailureHandler: 	at ru.iteco.fmhandroid.ui.data.TestUtils.waitView(TestUtils.java:61)
12-08 10:35:04.685 11395 11440 W DefaultFailureHandler: 	at ru.iteco.fmhandroid.ui.steps.AuthSteps.isAuthScreen(AuthSteps.java:56)
12-08 10:35:04.685 11395 11440 W DefaultFailureHandler: 	at ru.iteco.fmhandroid.ui.ClaimsPageTest.logoutCheck(ClaimsPageTest.java:51)
12-08 10:35:04.685 11395 11440 W DefaultFailureHandler: 	at java.lang.reflect.Method.invoke(Native Method)
12-08 10:35:04.685 11395 11440 W DefaultFailureHandler: 	at org.junit.runners.model.FrameworkMethod$1.runReflectiveCall(FrameworkMethod.java:59)
12-08 10:35:04.685 11395 11440 W DefaultFailureHandler: 	at org.junit.internal.runners.model.ReflectiveCallable.run(ReflectiveCallable.java:12)
12-08 10:35:04.685 11395 11440 W DefaultFailureHandler: 	at org.junit.runners.model.FrameworkMethod.invokeExplosively(FrameworkMethod.java:56)
12-08 10:35:04.685 11395 11440 W DefaultFailureHandler: 	at androidx.test.internal.runner.junit4.statement.RunBefores.evaluate(RunBefores.java:76)
12-08 10:35:04.685 11395 11440 W DefaultFailureHandler: 	at io.qameta.allure.android.rules.ScreenshotRule$apply$1.evaluate(ScreenshotRule.kt:22)
12-08 10:35:04.685 11395 11440 W DefaultFailureHandler: 	at org.junit.rules.ExternalResource$1.evaluate(ExternalResource.java:54)
12-08 10:35:04.685 11395 11440 W DefaultFailureHandler: 	at io.qameta.allure.android.rules.LogcatRule$apply$1.evaluate(LogcatRule.kt:23)
12-08 10:35:04.685 11395 11440 W DefaultFailureHandler: 	at org.junit.rules.RunRules.evaluate(RunRules.java:20)
12-08 10:35:04.685 11395 11440 W DefaultFailureHandler: 	at org.junit.runners.ParentRunner$3.evaluate(ParentRunner.java:306)
12-08 10:35:04.685 11395 11440 W DefaultFailureHandler: 	at org.junit.runners.BlockJUnit4ClassRunner$1.evaluate(BlockJUnit4ClassRunner.java:100)
12-08 10:35:04.685 11395 11440 W DefaultFailureHandler: 	at org.junit.runners.ParentRunner.runLeaf(ParentRunner.java:366)
12-08 10:35:04.685 11395 11440 W DefaultFailureHandler: 	at org.junit.runners.BlockJUnit4ClassRunner.runChild(BlockJUnit4ClassRunner.java:103)
12-08 10:35:04.685 11395 11440 W DefaultFailureHandler: 	at org.junit.runners.BlockJUnit4ClassRunner.runChild(BlockJUnit4ClassRunner.java:63)
12-08 10:35:04.685 11395 11440 W DefaultFailureHandler: 	at org.junit.runners.ParentRunner$4.run(ParentRunner.java:331)
12-08 10:35:04.685 11395 11440 W DefaultFailureHandler: 	at org.junit.runners.ParentRunner$1.schedule(ParentRunner.java:79)
12-08 10:35:04.685 11395 11440 W DefaultFailureHandler: 	at org.junit.runners.ParentRunner.runChildren(ParentRunner.java:329)
12-08 10:35:04.685 11395 11440 W DefaultFailureHandler: 	at org.junit.runners.ParentRunner.access$100(ParentRunner.java:66)
12-08 10:35:04.685 11395 11440 W DefaultFailureHandler: 	at org.junit.runners.ParentRunner$2.evaluate(ParentRunner.java:293)
12-08 10:35:04.685 11395 11440 W DefaultFailureHandler: 	at org.junit.runners.ParentRunner$3.evaluate(ParentRunner.java:306)
12-08 10:35:04.685 11395 11440 W DefaultFailureHandler: 	at org.junit.runners.ParentRunner.run(ParentRunner.java:413)
12-08 10:35:04.685 11395 11440 W DefaultFailureHandler: 	at androidx.test.ext.junit.runners.AndroidJUnit4.run(AndroidJUnit4.java:162)
12-08 10:35:04.685 11395 11440 W DefaultFailureHandler: 	at io.qameta.allure.android.runners.AllureAndroidJUnit4.run(AllureAndroidJUnitRunners.kt:29)
12-08 10:35:04.685 11395 11440 W DefaultFailureHandler: 	at org.junit.runners.Suite.runChild(Suite.java:128)
12-08 10:35:04.685 11395 11440 W DefaultFailureHandler: 	at org.junit.runners.Suite.runChild(Suite.java:27)
12-08 10:35:04.685 11395 11440 W DefaultFailureHandler: 	at org.junit.runners.ParentRunner$4.run(ParentRunner.java:331)
12-08 10:35:04.685 11395 11440 W DefaultFailureHandler: 	at org.junit.runners.ParentRunner$1.schedule(ParentRunner.java:79)
12-08 10:35:04.685 11395 11440 W DefaultFailureHandler: 	at org.junit.runners.ParentRunner.runChildren(ParentRunner.java:329)
12-08 10:35:04.685 11395 11440 W DefaultFailureHandler: 	at org.junit.runners.ParentRunner.access$100(ParentRunner.java:66)
12-08 10:35:04.685 11395 11440 W DefaultFailureHandler: 	at org.junit.runners.ParentRunner$2.evaluate(ParentRunner.java:293)
12-08 10:35:04.685 11395 11440 W DefaultFailureHandler: 	at org.junit.runners.ParentRunner$3.evaluate(ParentRunner.java:306)
12-08 10:35:04.685 11395 11440 W DefaultFailureHandler: 	at org.junit.runners.ParentRunner.run(ParentRunner.java:413)
12-08 10:35:04.685 11395 11440 W DefaultFailureHandler: 	at org.junit.runner.JUnitCore.run(JUnitCore.java:137)
12-08 10:35:04.685 11395 11440 W DefaultFailureHandler: 	at org.junit.runner.JUnitCore.run(JUnitCore.java:115)
12-08 10:35:04.685 11395 11440 W DefaultFailureHandler: 	at androidx.test.internal.runner.TestExecutor.execute(TestExecutor.java:67)
12-08 10:35:04.685 11395 11440 W DefaultFailureHandler: 	at androidx.test.internal.runner.TestExecutor.execute(TestExecutor.java:58)
12-08 10:35:04.685 11395 11440 W DefaultFailureHandler: 	at androidx.test.runner.AndroidJUnitRunner.onStart(AndroidJUnitRunner.java:438)
12-08 10:35:04.685 11395 11440 W DefaultFailureHandler: 	at android.app.Instrumentation$InstrumentationThread.run(Instrumentation.java:2189)
12-08 10:35:04.685 11395 11440 W DefaultFailureHandler: Caused by: android.system.ErrnoException: open failed: EROFS (Read-only file system)
12-08 10:35:04.685 11395 11440 W DefaultFailureHandler: 	at libcore.io.Linux.open(Native Method)
12-08 10:35:04.685 11395 11440 W DefaultFailureHandler: 	at libcore.io.ForwardingOs.open(ForwardingOs.java:167)
12-08 10:35:04.685 11395 11440 W DefaultFailureHandler: 	at libcore.io.BlockGuardOs.open(BlockGuardOs.java:252)
12-08 10:35:04.685 11395 11440 W DefaultFailureHandler: 	at libcore.io.ForwardingOs.open(ForwardingOs.java:167)
12-08 10:35:04.685 11395 11440 W DefaultFailureHandler: 	at android.app.ActivityThread$AndroidOs.open(ActivityThread.java:7255)
12-08 10:35:04.685 11395 11440 W DefaultFailureHandler: 	at libcore.io.IoBridge.open(IoBridge.java:482)
12-08 10:35:04.685 11395 11440 W DefaultFailureHandler: 	... 50 more
12-08 10:35:04.690 11395 11395 I ViewInteraction: Performing 'wait for a specific view with <view.getId() is <2131230870/ru.iteco.fmhandroid:id/authorization_image_button>> during 10000 millis.' action on view view.getRootView() to equal view
12-08 10:35:04.694 11395 11395 I ViewInteraction: Checking 'MatchesViewAssertion{viewMatcher=(view has effective visibility <VISIBLE> and view.getGlobalVisibleRect() to return non-empty rectangle)}' assertion on view view.getId() is <2131230870/ru.iteco.fmhandroid:id/authorization_image_button>
12-08 10:35:04.696 11395 11395 I ViewInteraction: Performing 'single click' action on view view.getId() is <2131230870/ru.iteco.fmhandroid:id/authorization_image_button>
12-08 10:35:04.755  1764  6994 W audio_hw_generic: Not supplying enough data to HAL, expected position 169388542 , only wrote 169388521
12-08 10:35:04.789  1776  1927 D gralloc_ranchu: gralloc_alloc: Creating ashmem region of size 884736
12-08 10:35:04.796  1776  1927 I chatty  : uid=1000(system) HwBinder:1776_3 identical 1 line
12-08 10:35:04.799  1776  1927 D gralloc_ranchu: gralloc_alloc: Creating ashmem region of size 884736
12-08 10:35:04.804 11395 11489 D EGL_emulation: eglMakeCurrent: 0xdd81af60: ver 2 0 (tinfo 0xc30989a0)
12-08 10:35:04.873 11395 11489 I chatty  : uid=10146(ru.iteco.fmhandroid) RenderThread identical 3 lines
12-08 10:35:04.889 11395 11489 D EGL_emulation: eglMakeCurrent: 0xdd81af60: ver 2 0 (tinfo 0xc30989a0)
12-08 10:35:05.097 11395 11395 I ViewInteraction: Performing 'wait for a specific view with <an instance of android.widget.TextView and view.getText() with or without transformation to match: is "Log out"> during 10000 millis.' action on view view.getRootView() to equal view
12-08 10:35:05.099 11395 11395 I ViewInteraction: Checking 'MatchesViewAssertion{viewMatcher=(view has effective visibility <VISIBLE> and view.getGlobalVisibleRect() to return non-empty rectangle)}' assertion on view an instance of android.widget.TextView and view.getText() with or without transformation to match: is "Log out"
12-08 10:35:05.101 11395 11395 I ViewInteraction: Performing 'single click' action on view an instance of android.widget.TextView and view.getText() with or without transformation to match: is "Log out"
12-08 10:35:05.319 11395 11489 D EGL_emulation: eglMakeCurrent: 0xdd81af60: ver 2 0 (tinfo 0xc30989a0)
12-08 10:35:05.343 11395 11489 D EGL_emulation: eglMakeCurrent: 0xdd81af60: ver 2 0 (tinfo 0xc30989a0)
12-08 10:35:05.441 11395 11395 I ViewInteraction: Performing 'wait for a specific view with <(an instance of android.widget.TextView and view.getText() with or without transformation to match: is "Authorization" and view.getParent() view.getParent() view.getId() is <2131231186>)> during 10000 millis.' action on view view.getRootView() to equal view
12-08 10:35:05.449 11395 11395 I ViewInteraction: Checking 'MatchesViewAssertion{viewMatcher=(view has effective visibility <VISIBLE> and view.getGlobalVisibleRect() to return non-empty rectangle)}' assertion on view (an instance of android.widget.TextView and view.getText() with or without transformation to match: is "Authorization" and view.getParent() view.getParent() view.getId() is <2131231186/ru.iteco.fmhandroid:id/nav_host_fragment>)
12-08 10:35:05.451 11395 11395 I ViewInteraction: Performing 'wait for a specific view with <(an instance of android.widget.TextView and view.getHint() matching: is "Login" and view.getParent() view.getParent() view.getId() is <2131231121/ru.iteco.fmhandroid:id/login_text_input_layout>)> during 10000 millis.' action on view view.getRootView() to equal view
12-08 10:35:05.456 11395 11395 I ViewInteraction: Checking 'MatchesViewAssertion{viewMatcher=(view has effective visibility <VISIBLE> and view.getGlobalVisibleRect() to return non-empty rectangle)}' assertion on view (an instance of android.widget.TextView and view.getHint() matching: is "Login" and view.getParent() view.getParent() view.getId() is <2131231121/ru.iteco.fmhandroid:id/login_text_input_layout>)
12-08 10:35:05.460 11395 11395 I ViewInteraction: Performing 'wait for a specific view with <(an instance of android.widget.TextView and view.getHint() matching: is "Password" and view.getParent() view.getParent() view.getId() is <2131231264/ru.iteco.fmhandroid:id/password_text_input_layout>)> during 10000 millis.' action on view view.getRootView() to equal view
12-08 10:35:05.465 11395 11395 I ViewInteraction: Checking 'MatchesViewAssertion{viewMatcher=(view has effective visibility <VISIBLE> and view.getGlobalVisibleRect() to return non-empty rectangle)}' assertion on view (an instance of android.widget.TextView and view.getHint() matching: is "Password" and view.getParent() view.getParent() view.getId() is <2131231264/ru.iteco.fmhandroid:id/password_text_input_layout>)
12-08 10:35:05.468 11395 11395 I ViewInteraction: Performing 'wait for a specific view with <(view.getId() is <2131231039/ru.iteco.fmhandroid:id/enter_button> and an instance of android.widget.TextView and view.getText() with or without transformation to match: is "SIGN IN" and view.getContentDescription() is "Save" and view.getParent() view.getParent() an instance of android.widget.RelativeLayout)> during 10000 millis.' action on view view.getRootView() to equal view
12-08 10:35:05.478 11395 11395 I ViewInteraction: Checking 'MatchesViewAssertion{viewMatcher=(view has effective visibility <VISIBLE> and view.getGlobalVisibleRect() to return non-empty rectangle)}' assertion on view (view.getId() is <2131231039/ru.iteco.fmhandroid:id/enter_button> and an instance of android.widget.TextView and view.getText() with or without transformation to match: is "SIGN IN" and view.getContentDescription() is "Save" and view.getParent() view.getParent() an instance of android.widget.RelativeLayout)
12-08 10:35:05.482 11395 11395 I ViewInteraction: Performing 'wait for a specific view with <(an instance of android.widget.TextView and view.getText() with or without transformation to match: is "Authorization" and view.getParent() view.getParent() view.getId() is <2131231186>)> during 10000 millis.' action on view view.getRootView() to equal view
12-08 10:35:05.487 11395 11395 I ViewInteraction: Checking 'MatchesViewAssertion{viewMatcher=(view has effective visibility <VISIBLE> and view.getGlobalVisibleRect() to return non-empty rectangle)}' assertion on view (an instance of android.widget.TextView and view.getText() with or without transformation to match: is "Authorization" and view.getParent() view.getParent() view.getId() is <2131231186/ru.iteco.fmhandroid:id/nav_host_fragment>)
12-08 10:35:05.491 11395 11395 I ViewInteraction: Performing 'wait for a specific view with <(an instance of android.widget.TextView and view.getHint() matching: is "Login" and view.getParent() view.getParent() view.getId() is <2131231121/ru.iteco.fmhandroid:id/login_text_input_layout>)> during 10000 millis.' action on view view.getRootView() to equal view
12-08 10:35:05.496 11395 11395 I ViewInteraction: Checking 'MatchesViewAssertion{viewMatcher=(view has effective visibility <VISIBLE> and view.getGlobalVisibleRect() to return non-empty rectangle)}' assertion on view (an instance of android.widget.TextView and view.getHint() matching: is "Login" and view.getParent() view.getParent() view.getId() is <2131231121/ru.iteco.fmhandroid:id/login_text_input_layout>)
12-08 10:35:05.499 11395 11395 I ViewInteraction: Performing 'wait for a specific view with <(an instance of android.widget.TextView and view.getHint() matching: is "Password" and view.getParent() view.getParent() view.getId() is <2131231264/ru.iteco.fmhandroid:id/password_text_input_layout>)> during 10000 millis.' action on view view.getRootView() to equal view
12-08 10:35:05.503 11395 11395 I ViewInteraction: Checking 'MatchesViewAssertion{viewMatcher=(view has effective visibility <VISIBLE> and view.getGlobalVisibleRect() to return non-empty rectangle)}' assertion on view (an instance of android.widget.TextView and view.getHint() matching: is "Password" and view.getParent() view.getParent() view.getId() is <2131231264/ru.iteco.fmhandroid:id/password_text_input_layout>)
12-08 10:35:05.508 11395 11395 I ViewInteraction: Performing 'wait for a specific view with <(view.getId() is <2131231039/ru.iteco.fmhandroid:id/enter_button> and an instance of android.widget.TextView and view.getText() with or without transformation to match: is "SIGN IN" and view.getContentDescription() is "Save" and view.getParent() view.getParent() an instance of android.widget.RelativeLayout)> during 10000 millis.' action on view view.getRootView() to equal view
12-08 10:35:05.513 11395 11395 I ViewInteraction: Checking 'MatchesViewAssertion{viewMatcher=(view has effective visibility <VISIBLE> and view.getGlobalVisibleRect() to return non-empty rectangle)}' assertion on view (view.getId() is <2131231039/ru.iteco.fmhandroid:id/enter_button> and an instance of android.widget.TextView and view.getText() with or without transformation to match: is "SIGN IN" and view.getContentDescription() is "Save" and view.getParent() view.getParent() an instance of android.widget.RelativeLayout)
12-08 10:35:05.515 11395 11395 I ViewInteraction: Performing 'wait for a specific view with <(an instance of android.widget.TextView and view.getHint() matching: is "Login" and view.getParent() view.getParent() view.getId() is <2131231121/ru.iteco.fmhandroid:id/login_text_input_layout>)> during 10000 millis.' action on view view.getRootView() to equal view
12-08 10:35:05.520 11395 11395 I ViewInteraction: Performing 'replace text(login2)' action on view (an instance of android.widget.TextView and view.getHint() matching: is "Login" and view.getParent() view.getParent() view.getId() is <2131231121/ru.iteco.fmhandroid:id/login_text_input_layout>)
12-08 10:35:05.546 11395 11395 I ViewInteraction: Performing 'wait for a specific view with <(an instance of android.widget.TextView and view.getHint() matching: is "Password" and view.getParent() view.getParent() view.getId() is <2131231264/ru.iteco.fmhandroid:id/password_text_input_layout>)> during 10000 millis.' action on view view.getRootView() to equal view
12-08 10:35:05.559 11395 11395 I ViewInteraction: Performing 'replace text(password2)' action on view (an instance of android.widget.TextView and view.getHint() matching: is "Password" and view.getParent() view.getParent() view.getId() is <2131231264/ru.iteco.fmhandroid:id/password_text_input_layout>)
12-08 10:35:05.577 11395 11395 I ViewInteraction: Performing 'wait for a specific view with <(view.getId() is <2131231039/ru.iteco.fmhandroid:id/enter_button> and an instance of android.widget.TextView and view.getText() with or without transformation to match: is "SIGN IN" and view.getContentDescription() is "Save" and view.getParent() view.getParent() an instance of android.widget.RelativeLayout)> during 10000 millis.' action on view view.getRootView() to equal view
12-08 10:35:05.580 11395 11395 I ViewInteraction: Checking 'MatchesViewAssertion{viewMatcher=view.isClickable() is <true>}' assertion on view (view.getId() is <2131231039/ru.iteco.fmhandroid:id/enter_button> and an instance of android.widget.TextView and view.getText() with or without transformation to match: is "SIGN IN" and view.getContentDescription() is "Save" and view.getParent() view.getParent() an instance of android.widget.RelativeLayout)
12-08 10:35:05.591 11395 11395 I ViewInteraction: Performing 'wait for a specific view with <(view.getId() is <2131231039/ru.iteco.fmhandroid:id/enter_button> and an instance of android.widget.TextView and view.getText() with or without transformation to match: is "SIGN IN" and view.getContentDescription() is "Save" and view.getParent() view.getParent() an instance of android.widget.RelativeLayout)> during 10000 millis.' action on view view.getRootView() to equal view
12-08 10:35:05.597 11395 11395 I ViewInteraction: Checking 'MatchesViewAssertion{viewMatcher=view.isClickable() is <true>}' assertion on view (view.getId() is <2131231039/ru.iteco.fmhandroid:id/enter_button> and an instance of android.widget.TextView and view.getText() with or without transformation to match: is "SIGN IN" and view.getContentDescription() is "Save" and view.getParent() view.getParent() an instance of android.widget.RelativeLayout)
12-08 10:35:05.605 11395 11395 I ViewInteraction: Performing 'wait for a specific view with <(view.getId() is <2131231039/ru.iteco.fmhandroid:id/enter_button> and an instance of android.widget.TextView and view.getText() with or without transformation to match: is "SIGN IN" and view.getContentDescription() is "Save" and view.getParent() view.getParent() an instance of android.widget.RelativeLayout)> during 10000 millis.' action on view view.getRootView() to equal view
12-08 10:35:05.609 11395 11395 I ViewInteraction: Performing 'single click' action on view (view.getId() is <2131231039/ru.iteco.fmhandroid:id/enter_button> and an instance of android.widget.TextView and view.getText() with or without transformation to match: is "SIGN IN" and view.getContentDescription() is "Save" and view.getParent() view.getParent() an instance of android.widget.RelativeLayout)
12-08 10:35:05.662 11395 11519 I okhttp.OkHttpClient: --> POST http://www.981757-ca08998.tmweb.ru:8080/fmh/authentication/login
12-08 10:35:05.662 11395 11519 I okhttp.OkHttpClient: Content-Type: application/json; charset=UTF-8
12-08 10:35:05.662 11395 11519 I okhttp.OkHttpClient: Content-Length: 41
12-08 10:35:05.663 11395 11519 I okhttp.OkHttpClient: {"login":"login2","password":"password2"}
12-08 10:35:05.665 11395 11519 I okhttp.OkHttpClient: --> END POST (41-byte body)
12-08 10:35:05.889 11395 11395 I ViewInteraction: Performing 'wait for a specific view with <an instance of android.widget.TextView and view.getText() with or without transformation to match: is "News"> during 10000 millis.' action on view view.getRootView() to equal view
12-08 10:35:05.914 11395 11519 I okhttp.OkHttpClient: <-- 200 http://www.981757-ca08998.tmweb.ru:8080/fmh/authentication/login (248ms)
12-08 10:35:05.915 11395 11519 I okhttp.OkHttpClient: Vary: Origin
12-08 10:35:05.915 11395 11519 I okhttp.OkHttpClient: Vary: Access-Control-Request-Method
12-08 10:35:05.915 11395 11519 I okhttp.OkHttpClient: Vary: Access-Control-Request-Headers
12-08 10:35:05.915 11395 11519 I okhttp.OkHttpClient: X-Content-Type-Options: nosniff
12-08 10:35:05.915 11395 11519 I okhttp.OkHttpClient: X-XSS-Protection: 1; mode=block
12-08 10:35:05.915 11395 11519 I okhttp.OkHttpClient: Cache-Control: no-cache, no-store, max-age=0, must-revalidate
12-08 10:35:05.915 11395 11519 I okhttp.OkHttpClient: Pragma: no-cache
12-08 10:35:05.915 11395 11519 I okhttp.OkHttpClient: Expires: 0
12-08 10:35:05.915 11395 11519 I okhttp.OkHttpClient: X-Frame-Options: DENY
12-08 10:35:05.916 11395 11519 I okhttp.OkHttpClient: Content-Type: application/json
12-08 10:35:05.916 11395 11519 I okhttp.OkHttpClient: Transfer-Encoding: chunked
12-08 10:35:05.916 11395 11519 I okhttp.OkHttpClient: Date: Thu, 08 Dec 2022 10:35:51 GMT
12-08 10:35:05.916 11395 11519 I okhttp.OkHttpClient: Keep-Alive: timeout=60
12-08 10:35:05.916 11395 11519 I okhttp.OkHttpClient: Connection: keep-alive
12-08 10:35:05.916 11395 11519 I okhttp.OkHttpClient: {"accessToken":"eyJhbGciOiJIUzUxMiJ9.eyJzdWIiOiJsb2dpbjIiLCJqdGkiOiIyIiwiZXhwIjoxNjcwNTgyMTUxfQ.y_HBaKJIk9N4cQOL2n9bMSz4r7vm_4gP8AIKAWO1Wo8TULFiFuDEj7eAHFEkSMMUfboW_-UsDizBmb2PDLhhwg","refreshToken":"eyJhbGciOiJIUzUxMiJ9.eyJzdWIiOiJsb2dpbjIiLCJqdGkiOiIyIiwiZXhwIjoxNjczMDg3NzUxfQ.piQqQeuXnoKadBBHQGU8zVq9yPVb9p0OuKsHdfp-rGMeJ1EE7RaCDmpyGDO_nJ9NpVfsizHHv0lRm06ve3s_pw"}
12-08 10:35:05.917 11395 11519 I okhttp.OkHttpClient: <-- END HTTP (368-byte body)
12-08 10:35:05.926 11395 11501 I okhttp.OkHttpClient: --> GET http://www.981757-ca08998.tmweb.ru:8080/fmh/authentication/userInfo
12-08 10:35:05.926 11395 11501 I okhttp.OkHttpClient: --> END GET
12-08 10:35:06.120 11395 11501 I okhttp.OkHttpClient: <-- 200 http://www.981757-ca08998.tmweb.ru:8080/fmh/authentication/userInfo (192ms)
12-08 10:35:06.120 11395 11501 I okhttp.OkHttpClient: Vary: Origin
12-08 10:35:06.120 11395 11501 I okhttp.OkHttpClient: Vary: Access-Control-Request-Method
12-08 10:35:06.122 11395 11501 I okhttp.OkHttpClient: Vary: Access-Control-Request-Headers
12-08 10:35:06.123 11395 11501 I okhttp.OkHttpClient: X-Content-Type-Options: nosniff
12-08 10:35:06.123 11395 11501 I okhttp.OkHttpClient: X-XSS-Protection: 1; mode=block
12-08 10:35:06.123 11395 11501 I okhttp.OkHttpClient: Cache-Control: no-cache, no-store, max-age=0, must-revalidate
12-08 10:35:06.123 11395 11501 I okhttp.OkHttpClient: Pragma: no-cache
12-08 10:35:06.123 11395 11501 I okhttp.OkHttpClient: Expires: 0
12-08 10:35:06.123 11395 11501 I okhttp.OkHttpClient: X-Frame-Options: DENY
12-08 10:35:06.123 11395 11501 I okhttp.OkHttpClient: Content-Type: application/json
12-08 10:35:06.123 11395 11501 I okhttp.OkHttpClient: Transfer-Encoding: chunked
12-08 10:35:06.125 11395 11501 I okhttp.OkHttpClient: Date: Thu, 08 Dec 2022 10:35:51 GMT
12-08 10:35:06.126 11395 11501 I okhttp.OkHttpClient: Keep-Alive: timeout=60
12-08 10:35:06.126 11395 11501 I okhttp.OkHttpClient: Connection: keep-alive
12-08 10:35:06.647 11395 11501 I okhttp.OkHttpClient: {"id":2,"firstName":"Данил","lastName":"Иванов","middleName":"Данилович","admin":true}
12-08 10:35:06.647 11395 11501 I okhttp.OkHttpClient: <-- END HTTP (106-byte body)
12-08 10:35:06.662 11395 11521 I okhttp.OkHttpClient: --> GET http://www.981757-ca08998.tmweb.ru:8080/fmh/claims
12-08 10:35:06.662 11395 11521 I okhttp.OkHttpClient: --> END GET
12-08 10:35:06.699  1744 11622 E ResolverController: No valid NAT64 prefix (106, <unspecified>/0)
12-08 10:35:06.767 11395 11395 I ViewInteraction: Checking 'MatchesViewAssertion{viewMatcher=(view has effective visibility <VISIBLE> and view.getGlobalVisibleRect() to return non-empty rectangle)}' assertion on view an instance of android.widget.TextView and view.getText() with or without transformation to match: is "News"
12-08 10:35:06.773 11395 11395 I ViewInteraction: Performing 'wait for a specific view with <view.getId() is <2131230951>> during 10000 millis.' action on view view.getRootView() to equal view
12-08 10:35:06.778 11395 11395 I ViewInteraction: Checking 'MatchesViewAssertion{viewMatcher=(view has effective visibility <VISIBLE> and view.getGlobalVisibleRect() to return non-empty rectangle)}' assertion on view view.getId() is <2131230951/ru.iteco.fmhandroid:id/container_list_news_include_on_fragment_main>
12-08 10:35:07.014 11395 11395 I ViewInteraction: Performing 'wait for a specific view with <view.getId() is <2131230949>> during 10000 millis.' action on view view.getRootView() to equal view
12-08 10:35:07.021 11395 11408 I teco.fmhandroi: Background concurrent copying GC freed 104273(5599KB) AllocSpace objects, 1(16KB) LOS objects, 36% free, 10MB/16MB, paused 658us total 101.595ms
12-08 10:35:07.027 11395 11395 I ViewInteraction: Checking 'MatchesViewAssertion{viewMatcher=(view has effective visibility <VISIBLE> and view.getGlobalVisibleRect() to return non-empty rectangle)}' assertion on view view.getId() is <2131230949/ru.iteco.fmhandroid:id/container_list_claim_include_on_fragment_main>
12-08 10:35:07.034 11395 11395 I ViewInteraction: Performing 'wait for a specific view with <an instance of android.widget.TextView and view.getText() with or without transformation to match: is "Claims"> during 10000 millis.' action on view view.getRootView() to equal view
12-08 10:35:07.040 11395 11395 I ViewInteraction: Checking 'MatchesViewAssertion{viewMatcher=(view has effective visibility <VISIBLE> and view.getGlobalVisibleRect() to return non-empty rectangle)}' assertion on view an instance of android.widget.TextView and view.getText() with or without transformation to match: is "Claims"
12-08 10:35:07.045 11395 11395 I ViewInteraction: Performing 'wait for a specific view with <view.getId() is <2131231123/ru.iteco.fmhandroid:id/main_menu_image_button>> during 10000 millis.' action on view view.getRootView() to equal view
12-08 10:35:07.049 11395 11395 I ViewInteraction: Performing 'single click' action on view view.getId() is <2131231123/ru.iteco.fmhandroid:id/main_menu_image_button>
12-08 10:35:07.162  1776  1927 D gralloc_ranchu: gralloc_alloc: Creating ashmem region of size 2015232
12-08 10:35:07.171  1776  1927 I chatty  : uid=1000(system) HwBinder:1776_3 identical 1 line
12-08 10:35:07.173  1776  1927 D gralloc_ranchu: gralloc_alloc: Creating ashmem region of size 2015232
12-08 10:35:07.199 11395 11489 D EGL_emulation: eglMakeCurrent: 0xdd81af60: ver 2 0 (tinfo 0xc30989a0)
12-08 10:35:07.242 11395 11489 I chatty  : uid=10146(ru.iteco.fmhandroid) RenderThread identical 2 lines
12-08 10:35:07.271 11395 11489 D EGL_emulation: eglMakeCurrent: 0xdd81af60: ver 2 0 (tinfo 0xc30989a0)
12-08 10:35:07.500 11395 11395 I ViewInteraction: Performing 'wait for a specific view with <an instance of android.widget.TextView and view.getText() with or without transformation to match: is "Claims"> during 10000 millis.' action on view view.getRootView() to equal view
12-08 10:35:07.505 11395 11395 I ViewInteraction: Performing 'single click' action on view an instance of android.widget.TextView and view.getText() with or without transformation to match: is "Claims"
12-08 10:35:07.565 11395 11489 D EGL_emulation: eglMakeCurrent: 0xdd81af60: ver 2 0 (tinfo 0xc30989a0)
12-08 10:35:07.624  1788  1978 D AF::Track: interceptBuffer: took 221us to intercept 0 tracks
12-08 10:35:07.647 11395 11523 I okhttp.OkHttpClient: --> GET http://www.981757-ca08998.tmweb.ru:8080/fmh/claims
12-08 10:35:07.648 11395 11523 I okhttp.OkHttpClient: --> END GET
12-08 10:35:07.699 11395 11489 D EGL_emulation: eglMakeCurrent: 0xdd81af60: ver 2 0 (tinfo 0xc30989a0)
12-08 10:35:07.719 11395 11489 D EGL_emulation: eglMakeCurrent: 0xdd81af60: ver 2 0 (tinfo 0xc30989a0)
12-08 10:35:07.937 11395 11395 I ViewInteraction: Performing 'wait for a specific view with <view.getId() is <2131230849/ru.iteco.fmhandroid:id/add_new_claim_material_button>> during 10000 millis.' action on view view.getRootView() to equal view
12-08 10:35:07.941 11395 11395 I ViewInteraction: Performing 'single click' action on view view.getId() is <2131230849/ru.iteco.fmhandroid:id/add_new_claim_material_button>
12-08 10:35:08.000 11395 11501 I okhttp.OkHttpClient: --> GET http://www.981757-ca08998.tmweb.ru:8080/fmh/users
12-08 10:35:08.001 11395 11501 I okhttp.OkHttpClient: --> END GET
12-08 10:35:08.167 11395 11501 I okhttp.OkHttpClient: <-- 200 http://www.981757-ca08998.tmweb.ru:8080/fmh/users (165ms)
12-08 10:35:08.167 11395 11501 I okhttp.OkHttpClient: Vary: Origin
12-08 10:35:08.167 11395 11501 I okhttp.OkHttpClient: Vary: Access-Control-Request-Method
12-08 10:35:08.167 11395 11501 I okhttp.OkHttpClient: Vary: Access-Control-Request-Headers
12-08 10:35:08.167 11395 11501 I okhttp.OkHttpClient: X-Content-Type-Options: nosniff
12-08 10:35:08.167 11395 11501 I okhttp.OkHttpClient: X-XSS-Protection: 1; mode=block
12-08 10:35:08.167 11395 11501 I okhttp.OkHttpClient: Cache-Control: no-cache, no-store, max-age=0, must-revalidate
12-08 10:35:08.167 11395 11501 I okhttp.OkHttpClient: Pragma: no-cache
12-08 10:35:08.167 11395 11501 I okhttp.OkHttpClient: Expires: 0
12-08 10:35:08.167 11395 11501 I okhttp.OkHttpClient: X-Frame-Options: DENY
12-08 10:35:08.167 11395 11501 I okhttp.OkHttpClient: Content-Type: application/json
12-08 10:35:08.168 11395 11501 I okhttp.OkHttpClient: Transfer-Encoding: chunked
12-08 10:35:08.168 11395 11501 I okhttp.OkHttpClient: Date: Thu, 08 Dec 2022 10:35:53 GMT
12-08 10:35:08.168 11395 11501 I okhttp.OkHttpClient: Keep-Alive: timeout=60
12-08 10:35:08.168 11395 11501 I okhttp.OkHttpClient: Connection: keep-alive
12-08 10:35:08.168 11395 11501 I okhttp.OkHttpClient: [{"id":1,"firstName":"Петр","lastName":"Смирнов","middleName":"Петрович","admin":true},{"id":2,"firstName":"Данил","lastName":"Иванов","middleName":"Данилович","admin":true},{"id":3,"firstName":"Егор","lastName":"Петров","middleName":"Егорович","admin":false},{"id":4,"firstName":"Дмитрий","lastName":"Сидоров","middleName":"Дмитриевич","admin":false},{"id":5,"firstName":"Тест","lastName":"Тестов","middleName":"Тестович","admin":true},{"id":6,"firstName":"Diplom","lastName":"Netology","middleName":"QAMID","admin":true}]
12-08 10:35:08.168 11395 11501 I okhttp.OkHttpClient: <-- END HTTP (622-byte body)
12-08 10:35:08.345 11395 11395 I ViewInteraction: Performing 'wait for a specific view with <view.getId() is <2131231041/ru.iteco.fmhandroid:id/executor_drop_menu_auto_complete_text_view>> during 10000 millis.' action on view view.getRootView() to equal view
12-08 10:35:08.349 11395 11395 I ViewInteraction: Performing 'single click' action on view view.getId() is <2131231041/ru.iteco.fmhandroid:id/executor_drop_menu_auto_complete_text_view>
12-08 10:35:08.490  1776  1927 D gralloc_ranchu: gralloc_alloc: Creating ashmem region of size 4116480
12-08 10:35:08.495  1776  1927 I chatty  : uid=1000(system) HwBinder:1776_3 identical 1 line
12-08 10:35:08.506  1776  1927 D gralloc_ranchu: gralloc_alloc: Creating ashmem region of size 4116480
12-08 10:35:08.513 11395 11489 D EGL_emulation: eglMakeCurrent: 0xdd81af60: ver 2 0 (tinfo 0xc30989a0)
12-08 10:35:08.557 11395 11395 I AssistStructure: Flattened final assist data: 6984 bytes, containing 2 windows, 53 views
12-08 10:35:08.575  2018  2340 D AutofillSession: Starting partition or augmented request for view id 1073741827@1591852005: STARTED_SESSION
12-08 10:35:08.575  2537  2537 W GInputConnectionWrapper: IPC IC_GET_TEXT_BEFORE_CURSOR_AND_FIX_SELECTION_INDICES took 124 ms
12-08 10:35:08.590  2656  2656 W ktk     : Pending fill request while another request in the same session was triggered. [CONTEXT service_id=177 ]
12-08 10:35:08.594 11395 11489 D EGL_emulation: eglMakeCurrent: 0xdd81af60: ver 2 0 (tinfo 0xc30989a0)
12-08 10:35:08.609 11395 11395 I AssistStructure: Flattened final assist data: 6984 bytes, containing 2 windows, 53 views
12-08 10:35:08.626  2018  2051 D AutofillUI: destroySaveUiUiThread(): already destroyed
12-08 10:35:08.633  2656  2656 W ktk     : Pending fill request while another request in the same session was triggered. [CONTEXT service_id=177 ]
12-08 10:35:08.638 11395 11489 D EGL_emulation: eglMakeCurrent: 0xdd81af60: ver 2 0 (tinfo 0xc30989a0)
12-08 10:35:08.645  2537  2537 I KeyboardViewUtil: systemKeyboardHeightRatio:1.000000; userKeyboardHeightRatio:1.000000.
12-08 10:35:08.645  2537  2537 I AndroidIME: LatinIme.onActivate() : EditorInfo = Package = ru.iteco.fmhandroid : Type = Text : Learning = Disable : Suggestion = Show : AutoCorrection = Disable : Microphone = Show : NoPersonalizedLearning = Disable
12-08 10:35:08.663  2537  2537 I Conv2QueryExtension: Current locale: en_US, config allows these locales: de,en,es,fr,it,ms,pt,ta
12-08 10:35:08.663  2537  2537 I Conv2QueryExtension: Conv2Query not enabled due to current app [ru.iteco.fmhandroid] not in whitelist
12-08 10:35:08.663  2537  2537 I Conv2QueryExtension: onActivate() : Disabled by unsupported host app
12-08 10:35:08.688  1776  1927 D gralloc_ranchu: gralloc_alloc: Creating ashmem region of size 9826304
12-08 10:35:08.692  2170  2566 D EGL_emulation: eglMakeCurrent: 0xe594e040: ver 2 0 (tinfo 0xc52450c0)
12-08 10:35:08.701  1776  1927 D gralloc_ranchu: gralloc_alloc: Creating ashmem region of size 9826304
12-08 10:35:08.705  1776  1825 D gralloc_ranchu: gralloc_alloc: Creating ashmem region of size 9826304
12-08 10:35:08.709  2537  8546 D EGL_emulation: eglMakeCurrent: 0xc286ce00: ver 2 0 (tinfo 0xc335ede0)
12-08 10:35:08.759 11395 11489 D EGL_emulation: eglMakeCurrent: 0xdd81af60: ver 2 0 (tinfo 0xc30989a0)
12-08 10:35:08.798  1776  1825 D gralloc_ranchu: gralloc_alloc: Creating ashmem region of size 3072000
12-08 10:35:08.807 11395 11489 D EGL_emulation: eglMakeCurrent: 0xdd81af60: ver 2 0 (tinfo 0xc30989a0)
12-08 10:35:08.830  1776  1825 D gralloc_ranchu: gralloc_alloc: Creating ashmem region of size 3072000
12-08 10:35:08.833 11395 11489 D EGL_emulation: eglMakeCurrent: 0xdd81af60: ver 2 0 (tinfo 0xc30989a0)
12-08 10:35:08.866 11395 11489 D EGL_emulation: eglMakeCurrent: 0xdd81af60: ver 2 0 (tinfo 0xc30989a0)
12-08 10:35:08.884  1776  1825 D gralloc_ranchu: gralloc_alloc: Creating ashmem region of size 3072000
12-08 10:35:08.918 11395 11489 D EGL_emulation: eglMakeCurrent: 0xdd81af60: ver 2 0 (tinfo 0xc30989a0)
12-08 10:35:08.990 11395 11395 I ViewInteraction: Performing 'close keyboard' action on view view.getRootView() to equal view
12-08 10:35:08.996  2537  2537 I PhenotypeExpConfig: refreshConfiguration() : Force = false : UpdateAvailable = false : Age = 83 minutes : MaxAge = 720 minutes
12-08 10:35:08.998  2537  2537 I AndroidIME: LatinIme.onDeactivate()
12-08 10:35:09.020  2537  8546 D EGL_emulation: eglMakeCurrent: 0xc286ce00: ver 2 0 (tinfo 0xc335ede0)
12-08 10:35:09.109  1776  1825 D gralloc_ranchu: gralloc_alloc: Creating ashmem region of size 4116480
12-08 10:35:09.118 11395 11489 D EGL_emulation: eglMakeCurrent: 0xdd81af60: ver 2 0 (tinfo 0xc30989a0)
12-08 10:35:09.134  1776  1825 D gralloc_ranchu: gralloc_alloc: Creating ashmem region of size 4116480
12-08 10:35:09.137 11395 11489 D EGL_emulation: eglMakeCurrent: 0xdd81af60: ver 2 0 (tinfo 0xc30989a0)
12-08 10:35:09.156 11395 11489 D EGL_emulation: eglMakeCurrent: 0xdd81af60: ver 2 0 (tinfo 0xc30989a0)
12-08 10:35:09.171  1776  1825 D gralloc_ranchu: gralloc_alloc: Creating ashmem region of size 4116480
12-08 10:35:09.314 11395 11395 I ViewInteraction: Performing 'single click' action on view an instance of android.widget.TextView and view.getText() with or without transformation to match: is "Иванов Данил Данилович"
12-08 10:35:09.416 11395 11489 D EGL_emulation: eglMakeCurrent: 0xdd81af60: ver 2 0 (tinfo 0xc30989a0)
12-08 10:35:09.464  2018  3061 E InputDispatcher: Window handle Window{14bca0c u0 PopupWindow:4dafd3b} has no registered input channel
12-08 10:35:09.500 11395 11521 I okhttp.OkHttpClient: <-- 200 http://www.981757-ca08998.tmweb.ru:8080/fmh/claims (2837ms)
12-08 10:35:09.501 11395 11521 I okhttp.OkHttpClient: Vary: Origin
12-08 10:35:09.501 11395 11521 I okhttp.OkHttpClient: Vary: Access-Control-Request-Method
12-08 10:35:09.501 11395 11521 I okhttp.OkHttpClient: Vary: Access-Control-Request-Headers
12-08 10:35:09.501 11395 11521 I okhttp.OkHttpClient: X-Content-Type-Options: nosniff
12-08 10:35:09.501 11395 11521 I okhttp.OkHttpClient: X-XSS-Protection: 1; mode=block
