--------- beginning of main
12-08 10:34:50.451 11395 11501 I okhttp.OkHttpClient: <-- 200 http://www.981757-ca08998.tmweb.ru:8080/fmh/authentication/userInfo (194ms)
12-08 10:34:50.451 11395 11501 I okhttp.OkHttpClient: Vary: Origin
12-08 10:34:50.451 11395 11501 I okhttp.OkHttpClient: Vary: Access-Control-Request-Method
12-08 10:34:50.451 11395 11501 I okhttp.OkHttpClient: Vary: Access-Control-Request-Headers
12-08 10:34:50.451 11395 11501 I okhttp.OkHttpClient: X-Content-Type-Options: nosniff
12-08 10:34:50.451 11395 11501 I okhttp.OkHttpClient: X-XSS-Protection: 1; mode=block
12-08 10:34:50.451 11395 11501 I okhttp.OkHttpClient: Cache-Control: no-cache, no-store, max-age=0, must-revalidate
12-08 10:34:50.451 11395 11501 I okhttp.OkHttpClient: Pragma: no-cache
12-08 10:34:50.452 11395 11501 I okhttp.OkHttpClient: Expires: 0
12-08 10:34:50.452 11395 11501 I okhttp.OkHttpClient: X-Frame-Options: DENY
12-08 10:34:50.452 11395 11501 I okhttp.OkHttpClient: Content-Type: application/json
12-08 10:34:50.452 11395 11501 I okhttp.OkHttpClient: Transfer-Encoding: chunked
12-08 10:34:50.452 11395 11501 I okhttp.OkHttpClient: Date: Thu, 08 Dec 2022 10:35:35 GMT
12-08 10:34:50.452 11395 11501 I okhttp.OkHttpClient: Keep-Alive: timeout=60
12-08 10:34:50.452 11395 11501 I okhttp.OkHttpClient: Connection: keep-alive
12-08 10:34:50.453 11395 11501 I okhttp.OkHttpClient: {"id":2,"firstName":"Данил","lastName":"Иванов","middleName":"Данилович","admin":true}
12-08 10:34:50.454 11395 11501 I okhttp.OkHttpClient: <-- END HTTP (106-byte body)
12-08 10:34:50.464 11395 11506 I okhttp.OkHttpClient: --> GET http://www.981757-ca08998.tmweb.ru:8080/fmh/claims
12-08 10:34:50.464 11395 11506 I okhttp.OkHttpClient: --> END GET
12-08 10:34:50.478  1744 11604 E ResolverController: No valid NAT64 prefix (106, <unspecified>/0)
12-08 10:34:50.619 11395 11395 I ViewInteraction: Checking 'MatchesViewAssertion{viewMatcher=(view has effective visibility <VISIBLE> and view.getGlobalVisibleRect() to return non-empty rectangle)}' assertion on view an instance of android.widget.TextView and view.getText() with or without transformation to match: is "News"
12-08 10:34:50.624 11395 11395 I ViewInteraction: Performing 'wait for a specific view with <view.getId() is <2131230951>> during 10000 millis.' action on view view.getRootView() to equal view
12-08 10:34:50.644 11395 11395 I ViewInteraction: Checking 'MatchesViewAssertion{viewMatcher=(view has effective visibility <VISIBLE> and view.getGlobalVisibleRect() to return non-empty rectangle)}' assertion on view view.getId() is <2131230951/ru.iteco.fmhandroid:id/container_list_news_include_on_fragment_main>
12-08 10:34:50.896 11395 11395 I ViewInteraction: Performing 'wait for a specific view with <view.getId() is <2131230949>> during 10000 millis.' action on view view.getRootView() to equal view
12-08 10:34:50.901 11395 11395 I ViewInteraction: Checking 'MatchesViewAssertion{viewMatcher=(view has effective visibility <VISIBLE> and view.getGlobalVisibleRect() to return non-empty rectangle)}' assertion on view view.getId() is <2131230949/ru.iteco.fmhandroid:id/container_list_claim_include_on_fragment_main>
12-08 10:34:50.907 11395 11395 I ViewInteraction: Performing 'wait for a specific view with <an instance of android.widget.TextView and view.getText() with or without transformation to match: is "Claims"> during 10000 millis.' action on view view.getRootView() to equal view
12-08 10:34:50.913 11395 11395 I ViewInteraction: Checking 'MatchesViewAssertion{viewMatcher=(view has effective visibility <VISIBLE> and view.getGlobalVisibleRect() to return non-empty rectangle)}' assertion on view an instance of android.widget.TextView and view.getText() with or without transformation to match: is "Claims"
12-08 10:34:50.941 11395 11395 I ViewInteraction: Performing 'wait for a specific view with <view.getId() is <2131231123/ru.iteco.fmhandroid:id/main_menu_image_button>> during 10000 millis.' action on view view.getRootView() to equal view
12-08 10:34:50.946 11395 11395 I ViewInteraction: Performing 'single click' action on view view.getId() is <2131231123/ru.iteco.fmhandroid:id/main_menu_image_button>
12-08 10:34:51.049  1776  1927 D gralloc_ranchu: gralloc_alloc: Creating ashmem region of size 2015232
12-08 10:34:51.060  1776  1927 I chatty  : uid=1000(system) HwBinder:1776_3 identical 1 line
12-08 10:34:51.062  1776  1927 D gralloc_ranchu: gralloc_alloc: Creating ashmem region of size 2015232
12-08 10:34:51.089 11395 11489 D EGL_emulation: eglMakeCurrent: 0xdd81af60: ver 2 0 (tinfo 0xc30989a0)
12-08 10:34:51.156 11395 11489 I chatty  : uid=10146(ru.iteco.fmhandroid) RenderThread identical 3 lines
12-08 10:34:51.168 11395 11489 D EGL_emulation: eglMakeCurrent: 0xdd81af60: ver 2 0 (tinfo 0xc30989a0)
12-08 10:34:51.391 11395 11395 I ViewInteraction: Performing 'wait for a specific view with <an instance of android.widget.TextView and view.getText() with or without transformation to match: is "Claims"> during 10000 millis.' action on view view.getRootView() to equal view
12-08 10:34:51.396 11395 11395 I ViewInteraction: Performing 'single click' action on view an instance of android.widget.TextView and view.getText() with or without transformation to match: is "Claims"
12-08 10:34:51.531 11395 11523 I okhttp.OkHttpClient: --> GET http://www.981757-ca08998.tmweb.ru:8080/fmh/claims
12-08 10:34:51.531 11395 11523 I okhttp.OkHttpClient: --> END GET
12-08 10:34:51.580 11395 11489 D EGL_emulation: eglMakeCurrent: 0xdd81af60: ver 2 0 (tinfo 0xc30989a0)
12-08 10:34:51.604 11395 11489 D EGL_emulation: eglMakeCurrent: 0xdd81af60: ver 2 0 (tinfo 0xc30989a0)
12-08 10:34:51.752 11395 11408 I teco.fmhandroi: Background young concurrent copying GC freed 56909(2718KB) AllocSpace objects, 3(120KB) LOS objects, 14% free, 11MB/13MB, paused 1ms total 118.417ms
12-08 10:34:51.841 11395 11395 I ViewInteraction: Performing 'wait for a specific view with <view.getId() is <2131231062>> during 10000 millis.' action on view view.getRootView() to equal view
12-08 10:34:51.849 11395 11395 I ViewInteraction: Performing 'single click' action on view view.getId() is <2131231062/ru.iteco.fmhandroid:id/filters_material_button>
12-08 10:34:52.086  1776  1927 D gralloc_ranchu: gralloc_alloc: Creating ashmem region of size 6696960
12-08 10:34:52.097  1776  1927 I chatty  : uid=1000(system) HwBinder:1776_3 identical 1 line
12-08 10:34:52.098  1776  1927 D gralloc_ranchu: gralloc_alloc: Creating ashmem region of size 6696960
12-08 10:34:52.115 11395 11489 D EGL_emulation: eglMakeCurrent: 0xdd81af60: ver 2 0 (tinfo 0xc30989a0)
12-08 10:34:52.187 11395 11489 I chatty  : uid=10146(ru.iteco.fmhandroid) RenderThread identical 2 lines
12-08 10:34:52.212 11395 11489 D EGL_emulation: eglMakeCurrent: 0xdd81af60: ver 2 0 (tinfo 0xc30989a0)
12-08 10:34:52.435 11395 11395 I ViewInteraction: Performing 'wait for a specific view with <view.getId() is <2131230913>> during 10000 millis.' action on view view.getRootView() to equal view
12-08 10:34:52.443 11395 11395 I ViewInteraction: Checking 'MatchesViewAssertion{viewMatcher=(view has effective visibility <VISIBLE> and view.getGlobalVisibleRect() to return non-empty rectangle)}' assertion on view view.getId() is <2131230913/ru.iteco.fmhandroid:id/claim_filter_dialog_title>
12-08 10:34:52.452 11395 11395 I ViewInteraction: Performing 'wait for a specific view with <view.getId() is <2131231106>> during 10000 millis.' action on view view.getRootView() to equal view
12-08 10:34:52.459 11395 11395 I ViewInteraction: Checking 'MatchesViewAssertion{viewMatcher=(view has effective visibility <VISIBLE> and view.getGlobalVisibleRect() to return non-empty rectangle)}' assertion on view view.getId() is <2131231106/ru.iteco.fmhandroid:id/item_filter_open>
12-08 10:34:52.464 11395 11395 I ViewInteraction: Performing 'wait for a specific view with <view.getId() is <2131231105>> during 10000 millis.' action on view view.getRootView() to equal view
12-08 10:34:52.470 11395 11395 I ViewInteraction: Checking 'MatchesViewAssertion{viewMatcher=(view has effective visibility <VISIBLE> and view.getGlobalVisibleRect() to return non-empty rectangle)}' assertion on view view.getId() is <2131231105/ru.iteco.fmhandroid:id/item_filter_in_progress>
12-08 10:34:52.474 11395 11395 I ViewInteraction: Performing 'wait for a specific view with <view.getId() is <2131231104>> during 10000 millis.' action on view view.getRootView() to equal view
12-08 10:34:52.482 11395 11395 I ViewInteraction: Checking 'MatchesViewAssertion{viewMatcher=(view has effective visibility <VISIBLE> and view.getGlobalVisibleRect() to return non-empty rectangle)}' assertion on view view.getId() is <2131231104/ru.iteco.fmhandroid:id/item_filter_executed>
12-08 10:34:52.485 11395 11395 I ViewInteraction: Performing 'wait for a specific view with <view.getId() is <2131231103>> during 10000 millis.' action on view view.getRootView() to equal view
12-08 10:34:52.491 11395 11395 I ViewInteraction: Checking 'MatchesViewAssertion{viewMatcher=(view has effective visibility <VISIBLE> and view.getGlobalVisibleRect() to return non-empty rectangle)}' assertion on view view.getId() is <2131231103/ru.iteco.fmhandroid:id/item_filter_cancelled>
12-08 10:34:52.495 11395 11395 I ViewInteraction: Performing 'wait for a specific view with <view.getId() is <2131230915>> during 10000 millis.' action on view view.getRootView() to equal view
12-08 10:34:52.502 11395 11395 I ViewInteraction: Checking 'MatchesViewAssertion{viewMatcher=(view has effective visibility <VISIBLE> and view.getGlobalVisibleRect() to return non-empty rectangle)}' assertion on view view.getId() is <2131230915/ru.iteco.fmhandroid:id/claim_list_filter_ok_material_button>
12-08 10:34:52.506 11395 11395 I ViewInteraction: Performing 'wait for a specific view with <view.getId() is <2131230912>> during 10000 millis.' action on view view.getRootView() to equal view
12-08 10:34:52.511 11395 11395 I ViewInteraction: Checking 'MatchesViewAssertion{viewMatcher=(view has effective visibility <VISIBLE> and view.getGlobalVisibleRect() to return non-empty rectangle)}' assertion on view view.getId() is <2131230912/ru.iteco.fmhandroid:id/claim_filter_cancel_material_button>
--------- beginning of system
12-08 10:34:52.519  2018  2037 I ActivityTaskManager: START u0 {act=android.intent.action.MAIN cat=[android.intent.category.LAUNCHER] flg=0x10000000 cmp=ru.iteco.fmhandroid.test/androidx.test.core.app.InstrumentationActivityInvoker$EmptyActivity} from uid 10146
12-08 10:34:52.537 11395 11395 D LifecycleMonitor: Lifecycle status change: ru.iteco.fmhandroid.ui.AppActivity@b8246d4 in: PAUSED
12-08 10:34:52.537 11395 11395 V ActivityScenario: Update currentActivityStage to PAUSED, currentActivity=ru.iteco.fmhandroid.ui.AppActivity@b8246d4
12-08 10:34:52.538  2018  2127 W InputReader: Device has associated, but no associated display id.
12-08 10:34:52.545  2018  2127 I chatty  : uid=1000(system) Binder:2018_3 identical 38 lines
12-08 10:34:52.545  2018  2127 W InputReader: Device has associated, but no associated display id.
12-08 10:34:52.550 11453 11453 W ActivityThread: handleWindowVisibility: no activity for token android.os.BinderProxy@89ea515
12-08 10:34:52.552  2018  2127 W InputReader: Device has associated, but no associated display id.
12-08 10:34:52.552  2018  2127 I chatty  : uid=1000(system) Binder:2018_3 identical 8 lines
12-08 10:34:52.552  2018  2127 W InputReader: Device has associated, but no associated display id.
12-08 10:34:52.554 11395 11408 I teco.fmhandroi: Background concurrent copying GC freed 36904(1706KB) AllocSpace objects, 1(16KB) LOS objects, 34% free, 11MB/17MB, paused 926us total 118.562ms
12-08 10:34:52.566 11395 11434 V FA      : Recording user engagement, ms: 14226
12-08 10:34:52.568 11395 11489 D EGL_emulation: eglMakeCurrent: 0xdd81af60: ver 2 0 (tinfo 0xc30989a0)
12-08 10:34:52.618  2018  3061 I ActivityTaskManager: START u0 {act=android.intent.action.MAIN cat=[android.intent.category.LAUNCHER] flg=0x10000000 cmp=ru.iteco.fmhandroid.test/androidx.test.core.app.InstrumentationActivityInvoker$EmptyActivity} from uid 10146
12-08 10:34:52.648  1776  1927 D gralloc_ranchu: gralloc_alloc: Creating ashmem region of size 10108928
12-08 10:34:52.654  1776  1927 I chatty  : uid=1000(system) HwBinder:1776_3 identical 1 line
12-08 10:34:52.656  1776  1927 D gralloc_ranchu: gralloc_alloc: Creating ashmem region of size 10108928
12-08 10:34:52.660 11453 11486 D EGL_emulation: eglMakeCurrent: 0xdd81a2a0: ver 2 0 (tinfo 0xdd80f3a0)
12-08 10:34:52.667 11395 11434 V FA      : Connecting to remote service
12-08 10:34:52.688 11395 11434 V FA      : Connection attempt already in progress
12-08 10:34:52.688 11395 11434 V FA      : Activity paused, time: 58639593
12-08 10:34:52.707  2018  3061 W InputReader: Device has associated, but no associated display id.
12-08 10:34:52.715  2018  3061 I chatty  : uid=1000(system) Binder:2018_10 identical 48 lines
12-08 10:34:52.715  2018  3061 W InputReader: Device has associated, but no associated display id.
12-08 10:34:52.722 11395 11434 D FA      : Connected to remote service
12-08 10:34:52.723 11395 11434 V FA      : Processing queued up service tasks: 2
12-08 10:34:52.726 11453 11453 W ActivityThread: handleWindowVisibility: no activity for token android.os.BinderProxy@950c2fc
12-08 10:34:52.768  2018  2340 W ActivityTaskManager: Duplicate finish request for ActivityRecord{a5227b0 u0 ru.iteco.fmhandroid/.ui.AppActivity t325 f}
12-08 10:34:52.810  1776  1927 D gralloc_ranchu: gralloc_alloc: Creating ashmem region of size 10108928
12-08 10:34:52.812  2873 11443 V FA-SVC  : Logging event: origin=auto,name=user_engagement(_e),params=Bundle[{ga_event_origin(_o)=auto, engagement_time_msec(_et)=14226, ga_screen_class(_sc)=AppActivity, ga_screen_id(_si)=-7630774614883317536}]
12-08 10:34:52.818  1776  1927 D gralloc_ranchu: gralloc_alloc: Creating ashmem region of size 10108928
12-08 10:34:52.821  1776  1927 D gralloc_ranchu: gralloc_alloc: Creating ashmem region of size 10108928
12-08 10:34:52.825 11453 11486 D EGL_emulation: eglMakeCurrent: 0xdd81a2a0: ver 2 0 (tinfo 0xdd80f3a0)
12-08 10:34:52.853  2018  2054 W InputReader: Device has associated, but no associated display id.
12-08 10:34:52.855  2018  2054 I chatty  : uid=1000(system) android.anim identical 18 lines
12-08 10:34:52.855  2018  2054 W InputReader: Device has associated, but no associated display id.
12-08 10:34:52.860  2873 11443 V FA-SVC  : Upload scheduled in approximately ms: 2091655
12-08 10:34:52.860  2873 11443 V FA-SVC  : Unscheduling upload
12-08 10:34:52.862  2018  2058 I ActivityTaskManager: Displayed ru.iteco.fmhandroid.test/androidx.test.core.app.InstrumentationActivityInvoker$EmptyActivity: +171ms
12-08 10:34:52.872 11395 11489 D EGL_emulation: eglMakeCurrent: 0xdd81af60: ver 2 0 (tinfo 0xc30989a0)
12-08 10:34:52.876  2018  3061 W InputReader: Device has associated, but no associated display id.
12-08 10:34:52.877  2018  3061 I chatty  : uid=1000(system) Binder:2018_10 identical 8 lines
12-08 10:34:52.877  2018  3061 W InputReader: Device has associated, but no associated display id.
12-08 10:34:52.891  2873 11443 V FA-SVC  : Scheduling upload, millis: 2091655
12-08 10:34:52.926  2873 11443 V FA-SVC  : Background event processing time, ms: 115
12-08 10:34:52.957  2018  2127 W InputReader: Device has associated, but no associated display id.
12-08 10:34:52.959  2018  2127 I chatty  : uid=1000(system) Binder:2018_3 identical 28 lines
12-08 10:34:52.959  2018  2127 W InputReader: Device has associated, but no associated display id.
12-08 10:34:52.971 11395 11395 D LifecycleMonitor: Lifecycle status change: ru.iteco.fmhandroid.ui.AppActivity@b8246d4 in: STOPPED
12-08 10:34:52.972 11395 11395 V ActivityScenario: Update currentActivityStage to STOPPED, currentActivity=ru.iteco.fmhandroid.ui.AppActivity@b8246d4
12-08 10:34:52.992  2018  2127 D ConnectivityService: requestNetwork for uid/pid:10129/8344 NetworkRequest [ TRACK_DEFAULT id=128, [ Capabilities: INTERNET&NOT_RESTRICTED&TRUSTED Uid: 10129] ]
12-08 10:34:52.992 11395 11395 W System.err: ru.iteco.fmhandroid.exceptions.UnknownException
12-08 10:34:52.993 11395 11395 W System.err: 	at ru.iteco.fmhandroid.utils.Utils.makeRequest(Utils.kt:123)
12-08 10:34:52.993  2018  2136 D UntrustedWifiNetworkFactory: got request NetworkRequest [ TRACK_DEFAULT id=128, [ Capabilities: INTERNET&NOT_RESTRICTED&TRUSTED Uid: 10129] ] with score 50 and serial 2
12-08 10:34:52.993  2018  2136 D WifiNetworkFactory: got request NetworkRequest [ TRACK_DEFAULT id=128, [ Capabilities: INTERNET&NOT_RESTRICTED&TRUSTED Uid: 10129] ] with score 50 and serial 2
12-08 10:34:52.993  2298  2298 D PhoneSwitcherNetworkRequstListener: got request NetworkRequest [ TRACK_DEFAULT id=128, [ Capabilities: INTERNET&NOT_RESTRICTED&TRUSTED Uid: 10129] ] with score 50 and serial 2
12-08 10:34:52.994 11395 11523 I okhttp.OkHttpClient: <-- HTTP FAILED: java.net.SocketException: Socket closed
12-08 10:34:52.996 11395 11395 W System.err: 	at ru.iteco.fmhandroid.utils.Utils$makeRequest$1.invokeSuspend(Unknown Source:15)
12-08 10:34:52.996 11395 11395 W System.err: 	at kotlin.coroutines.jvm.internal.BaseContinuationImpl.resumeWith(ContinuationImpl.kt:33)
12-08 10:34:52.999 11395 11395 W System.err: 	at kotlinx.coroutines.DispatchedTaskKt.resume(DispatchedTask.kt:234)
12-08 10:34:52.999 11395 11395 W System.err: 	at kotlinx.coroutines.DispatchedTaskKt.resumeUnconfined(DispatchedTask.kt:190)
12-08 10:34:52.999 11395 11395 W System.err: 	at kotlinx.coroutines.DispatchedTaskKt.dispatch(DispatchedTask.kt:161)
12-08 10:34:52.999 11395 11395 W System.err: 	at kotlinx.coroutines.CancellableContinuationImpl.dispatchResume(CancellableContinuationImpl.kt:397)
12-08 10:34:52.999 11395 11395 W System.err: 	at kotlinx.coroutines.CancellableContinuationImpl.cancel(CancellableContinuationImpl.kt:183)
12-08 10:34:52.999 11395 11395 W System.err: 	at kotlinx.coroutines.CancellableContinuationImpl.parentCancelled$kotlinx_coroutines_core(CancellableContinuationImpl.kt:190)
12-08 10:34:52.999 11395 11395 W System.err: 	at kotlinx.coroutines.ChildContinuation.invoke(JobSupport.kt:1474)
12-08 10:34:52.999 11395 11395 W System.err: 	at kotlinx.coroutines.JobSupport.notifyCancelling(JobSupport.kt:1499)
12-08 10:34:52.999 11395 11395 W System.err: 	at kotlinx.coroutines.JobSupport.tryMakeCancelling(JobSupport.kt:795)
12-08 10:34:53.000 11395 11395 W System.err: 	at kotlinx.coroutines.JobSupport.makeCancelling(JobSupport.kt:755)
12-08 10:34:53.000 11395 11395 W System.err: 	at kotlinx.coroutines.JobSupport.cancelImpl$kotlinx_coroutines_core(JobSupport.kt:671)
12-08 10:34:53.000 11395 11395 W System.err: 	at kotlinx.coroutines.JobSupport.parentCancelled(JobSupport.kt:637)
12-08 10:34:53.000 11395 11395 W System.err: 	at kotlinx.coroutines.ChildHandleNode.invoke(JobSupport.kt:1465)
12-08 10:34:53.000 11395 11395 W System.err: 	at kotlinx.coroutines.JobSupport.notifyCancelling(JobSupport.kt:1499)
12-08 10:34:53.000 11395 11395 W System.err: 	at kotlinx.coroutines.JobSupport.tryMakeCompletingSlowPath(JobSupport.kt:900)
12-08 10:34:53.000 11395 11395 W System.err: 	at kotlinx.coroutines.JobSupport.tryMakeCompleting(JobSupport.kt:863)
12-08 10:34:53.000 11395 11395 W System.err: 	at kotlinx.coroutines.JobSupport.cancelMakeCompleting(JobSupport.kt:696)
12-08 10:34:53.000 11395 11395 W System.err: 	at kotlinx.coroutines.JobSupport.cancelImpl$kotlinx_coroutines_core(JobSupport.kt:667)
12-08 10:34:53.000 11395 11395 W System.err: 	at kotlinx.coroutines.JobSupport.cancelInternal(JobSupport.kt:632)
12-08 10:34:53.000 11395 11395 W System.err: 	at kotlinx.coroutines.JobSupport.cancel(JobSupport.kt:617)
12-08 10:34:53.000 11395 11395 W System.err: 	at kotlinx.coroutines.JobKt__JobKt.cancel(Job.kt:561)
12-08 10:34:53.000 11395 11395 W System.err: 	at kotlinx.coroutines.JobKt.cancel(Unknown Source:1)
12-08 10:34:53.000 11395 11395 W System.err: 	at kotlinx.coroutines.JobKt__JobKt.cancel$default(Job.kt:560)
12-08 10:34:53.000 11395 11395 W System.err: 	at kotlinx.coroutines.JobKt.cancel$default(Unknown Source:1)
12-08 10:34:53.000 11395 11395 W System.err: 	at androidx.lifecycle.CloseableCoroutineScope.close(ViewModel.kt:51)
12-08 10:34:53.000 11395 11395 W System.err: 	at androidx.lifecycle.ViewModel.closeWithRuntimeException(ViewModel.java:188)
12-08 10:34:53.000 11395 11395 W System.err: 	at androidx.lifecycle.ViewModel.clear(ViewModel.java:134)
12-08 10:34:53.000 11395 11395 W System.err: 	at androidx.lifecycle.ViewModelStore.clear(ViewModelStore.java:62)
12-08 10:34:53.001 11395 11395 W System.err: 	at androidx.fragment.app.FragmentManagerViewModel.clearNonConfigStateInternal(FragmentManagerViewModel.java:210)
12-08 10:34:53.001 11395 11395 W System.err: 	at androidx.fragment.app.FragmentManagerViewModel.clearNonConfigState(FragmentManagerViewModel.java:190)
12-08 10:34:53.001 11395 11395 W System.err: 	at androidx.fragment.app.FragmentStateManager.destroy(FragmentStateManager.java:778)
12-08 10:34:53.001 11395 11395 W System.err: 	at androidx.fragment.app.FragmentStateManager.moveToExpectedState(FragmentStateManager.java:335)
12-08 10:34:53.001 11395 11395 W System.err: 	at androidx.fragment.app.FragmentStore.moveToExpectedState(FragmentStore.java:113)
12-08 10:34:53.001 11395 11395 W System.err: 	at androidx.fragment.app.FragmentManager.moveToState(FragmentManager.java:1374)
12-08 10:34:53.001 11395 11395 W System.err: 	at androidx.fragment.app.FragmentManager.dispatchStateChange(FragmentManager.java:2841)
12-08 10:34:53.001 11395 11395 W System.err: 	at androidx.fragment.app.FragmentManager.dispatchDestroy(FragmentManager.java:2820)
12-08 10:34:53.001 11395 11395 W System.err: 	at androidx.fragment.app.Fragment.performDestroy(Fragment.java:3246)
12-08 10:34:53.001 11395 11395 W System.err: 	at androidx.fragment.app.FragmentStateManager.destroy(FragmentStateManager.java:780)
12-08 10:34:53.001 11395 11395 W System.err: 	at androidx.fragment.app.FragmentStateManager.moveToExpectedState(FragmentStateManager.java:335)
12-08 10:34:53.001 11395 11395 W System.err: 	at androidx.fragment.app.SpecialEffectsController$FragmentStateManagerOperation.complete(SpecialEffectsController.java:771)
12-08 10:34:53.001 11395 11395 W System.err: 	at androidx.fragment.app.SpecialEffectsController$Operation.cancel(SpecialEffectsController.java:615)
12-08 10:34:53.001 11395 11395 W System.err: 	at androidx.fragment.app.SpecialEffectsController.forceCompleteAllOperations(SpecialEffectsController.java:350)
12-08 10:34:53.001 11395 11395 W System.err: 	at androidx.fragment.app.FragmentManager.dispatchStateChange(FragmentManager.java:2844)
12-08 10:34:53.001 11395 11395 W System.err: 	at androidx.fragment.app.FragmentManager.dispatchDestroy(FragmentManager.java:2820)
12-08 10:34:53.002 11395 11395 W System.err: 	at androidx.fragment.app.FragmentController.dispatchDestroy(FragmentController.java:345)
12-08 10:34:53.002 11395 11395 W System.err: 	at androidx.fragment.app.FragmentActivity.onDestroy(FragmentActivity.java:306)
12-08 10:34:53.002 11395 11395 W System.err: 	at androidx.appcompat.app.AppCompatActivity.onDestroy(AppCompatActivity.java:278)
12-08 10:34:53.002 11395 11395 W System.err: 	at android.app.Activity.performDestroy(Activity.java:8048)
12-08 10:34:53.002 11395 11395 W System.err: 	at android.app.Instrumentation.callActivityOnDestroy(Instrumentation.java:1334)
12-08 10:34:53.002 11395 11395 W System.err: 	at androidx.test.runner.MonitoringInstrumentation.callActivityOnDestroy(MonitoringInstrumentation.java:766)
12-08 10:34:53.003 11395 11395 W System.err: 	at android.app.ActivityThread.performDestroyActivity(ActivityThread.java:4926)
12-08 10:34:53.003 11395 11395 W System.err: 	at android.app.ActivityThread.handleDestroyActivity(ActivityThread.java:4970)
12-08 10:34:53.003 11395 11395 W System.err: 	at android.app.servertransaction.DestroyActivityItem.execute(DestroyActivityItem.java:44)
12-08 10:34:53.003 11395 11395 W System.err: 	at android.app.servertransaction.TransactionExecutor.executeLifecycleState(TransactionExecutor.java:176)
12-08 10:34:53.003 11395 11395 W System.err: 	at android.app.servertransaction.TransactionExecutor.execute(TransactionExecutor.java:97)
12-08 10:34:53.003 11395 11395 W System.err: 	at android.app.ActivityThread$H.handleMessage(ActivityThread.java:2016)
12-08 10:34:53.003 11395 11395 W System.err: 	at android.os.Handler.dispatchMessage(Handler.java:107)
12-08 10:34:53.003 11395 11395 W System.err: 	at android.os.Looper.loop(Looper.java:214)
12-08 10:34:53.003 11395 11395 W System.err: 	at android.app.ActivityThread.main(ActivityThread.java:7356)
12-08 10:34:53.003 11395 11395 W System.err: 	at java.lang.reflect.Method.invoke(Native Method)
12-08 10:34:53.003 11395 11395 W System.err: 	at com.android.internal.os.RuntimeInit$MethodAndArgsCaller.run(RuntimeInit.java:492)
12-08 10:34:53.003 11395 11395 W System.err: 	at com.android.internal.os.ZygoteInit.main(ZygoteInit.java:930)
12-08 10:34:53.016 11395 11395 W System.err: ru.iteco.fmhandroid.exceptions.UnknownException
12-08 10:34:53.016 11395 11395 W System.err: 	at ru.iteco.fmhandroid.utils.Utils.makeRequest(Utils.kt:123)
12-08 10:34:53.016 11395 11395 W System.err: 	at ru.iteco.fmhandroid.utils.Utils$makeRequest$1.invokeSuspend(Unknown Source:15)
12-08 10:34:53.016 11395 11395 W System.err: 	at kotlin.coroutines.jvm.internal.BaseContinuationImpl.resumeWith(ContinuationImpl.kt:33)
12-08 10:34:53.016 11395 11395 W System.err: 	at kotlinx.coroutines.DispatchedTaskKt.resume(DispatchedTask.kt:234)
12-08 10:34:53.016 11395 11395 W System.err: 	at kotlinx.coroutines.DispatchedTaskKt.resumeUnconfined(DispatchedTask.kt:190)
12-08 10:34:53.016 11395 11395 W System.err: 	at kotlinx.coroutines.DispatchedTaskKt.dispatch(DispatchedTask.kt:161)
12-08 10:34:53.016 11395 11395 W System.err: 	at kotlinx.coroutines.CancellableContinuationImpl.dispatchResume(CancellableContinuationImpl.kt:397)
12-08 10:34:53.016 11395 11395 W System.err: 	at kotlinx.coroutines.CancellableContinuationImpl.cancel(CancellableContinuationImpl.kt:183)
12-08 10:34:53.016 11395 11395 W System.err: 	at kotlinx.coroutines.CancellableContinuationImpl.parentCancelled$kotlinx_coroutines_core(CancellableContinuationImpl.kt:190)
12-08 10:34:53.016 11395 11395 W System.err: 	at kotlinx.coroutines.ChildContinuation.invoke(JobSupport.kt:1474)
12-08 10:34:53.016 11395 11395 W System.err: 	at kotlinx.coroutines.JobSupport.notifyCancelling(JobSupport.kt:1499)
12-08 10:34:53.017 11395 11395 W System.err: 	at kotlinx.coroutines.JobSupport.tryMakeCancelling(JobSupport.kt:795)
12-08 10:34:53.017 11395 11395 W System.err: 	at kotlinx.coroutines.JobSupport.makeCancelling(JobSupport.kt:755)
12-08 10:34:53.017 11395 11395 W System.err: 	at kotlinx.coroutines.JobSupport.cancelImpl$kotlinx_coroutines_core(JobSupport.kt:671)
12-08 10:34:53.017 11395 11395 W System.err: 	at kotlinx.coroutines.JobSupport.parentCancelled(JobSupport.kt:637)
12-08 10:34:53.017 11395 11395 W System.err: 	at kotlinx.coroutines.ChildHandleNode.invoke(JobSupport.kt:1465)
12-08 10:34:53.017 11395 11395 W System.err: 	at kotlinx.coroutines.JobSupport.notifyCancelling(JobSupport.kt:1499)
12-08 10:34:53.017 11395 11395 W System.err: 	at kotlinx.coroutines.JobSupport.tryMakeCompletingSlowPath(JobSupport.kt:900)
12-08 10:34:53.017 11395 11395 W System.err: 	at kotlinx.coroutines.JobSupport.tryMakeCompleting(JobSupport.kt:863)
12-08 10:34:53.017 11395 11395 W System.err: 	at kotlinx.coroutines.JobSupport.cancelMakeCompleting(JobSupport.kt:696)
12-08 10:34:53.017 11395 11395 W System.err: 	at kotlinx.coroutines.JobSupport.cancelImpl$kotlinx_coroutines_core(JobSupport.kt:667)
12-08 10:34:53.018 11395 11395 W System.err: 	at kotlinx.coroutines.JobSupport.cancelInternal(JobSupport.kt:632)
12-08 10:34:53.018 11395 11395 W System.err: 	at kotlinx.coroutines.JobSupport.cancel(JobSupport.kt:617)
12-08 10:34:53.018 11395 11395 W System.err: 	at kotlinx.coroutines.JobKt__JobKt.cancel(Job.kt:561)
12-08 10:34:53.018 11395 11395 W System.err: 	at kotlinx.coroutines.JobKt.cancel(Unknown Source:1)
12-08 10:34:53.018 11395 11395 W System.err: 	at kotlinx.coroutines.JobKt__JobKt.cancel$default(Job.kt:560)
12-08 10:34:53.018 11395 11395 W System.err: 	at kotlinx.coroutines.JobKt.cancel$default(Unknown Source:1)
12-08 10:34:53.018 11395 11395 W System.err: 	at androidx.lifecycle.CloseableCoroutineScope.close(ViewModel.kt:51)
12-08 10:34:53.018 11395 11395 W System.err: 	at androidx.lifecycle.ViewModel.closeWithRuntimeException(ViewModel.java:188)
12-08 10:34:53.018 11395 11395 W System.err: 	at androidx.lifecycle.ViewModel.clear(ViewModel.java:134)
12-08 10:34:53.018 11395 11395 W System.err: 	at androidx.lifecycle.ViewModelStore.clear(ViewModelStore.java:62)
12-08 10:34:53.018 11395 11395 W System.err: 	at androidx.fragment.app.FragmentManagerViewModel.clearNonConfigStateInternal(FragmentManagerViewModel.java:210)
12-08 10:34:53.018 11395 11395 W System.err: 	at androidx.fragment.app.FragmentManagerViewModel.clearNonConfigState(FragmentManagerViewModel.java:190)
12-08 10:34:53.018 11395 11395 W System.err: 	at androidx.fragment.app.FragmentStateManager.destroy(FragmentStateManager.java:778)
12-08 10:34:53.018 11395 11395 W System.err: 	at androidx.fragment.app.FragmentStateManager.moveToExpectedState(FragmentStateManager.java:335)
12-08 10:34:53.018 11395 11395 W System.err: 	at androidx.fragment.app.FragmentStore.moveToExpectedState(FragmentStore.java:113)
12-08 10:34:53.018 11395 11395 W System.err: 	at androidx.fragment.app.FragmentManager.moveToState(FragmentManager.java:1374)
12-08 10:34:53.019 11395 11395 W System.err: 	at androidx.fragment.app.FragmentManager.dispatchStateChange(FragmentManager.java:2841)
12-08 10:34:53.019 11395 11395 W System.err: 	at androidx.fragment.app.FragmentManager.dispatchDestroy(FragmentManager.java:2820)
12-08 10:34:53.019 11395 11395 W System.err: 	at androidx.fragment.app.Fragment.performDestroy(Fragment.java:3246)
12-08 10:34:53.019 11395 11395 W System.err: 	at androidx.fragment.app.FragmentStateManager.destroy(FragmentStateManager.java:780)
12-08 10:34:53.019 11395 11395 W System.err: 	at androidx.fragment.app.FragmentStateManager.moveToExpectedState(FragmentStateManager.java:335)
12-08 10:34:53.019 11395 11395 W System.err: 	at androidx.fragment.app.SpecialEffectsController$FragmentStateManagerOperation.complete(SpecialEffectsController.java:771)
12-08 10:34:53.019 11395 11395 W System.err: 	at androidx.fragment.app.SpecialEffectsController$Operation.cancel(SpecialEffectsController.java:615)
12-08 10:34:53.019 11395 11395 W System.err: 	at androidx.fragment.app.SpecialEffectsController.forceCompleteAllOperations(SpecialEffectsController.java:350)
12-08 10:34:53.019 11395 11395 W System.err: 	at androidx.fragment.app.FragmentManager.dispatchStateChange(FragmentManager.java:2844)
12-08 10:34:53.019 11395 11395 W System.err: 	at androidx.fragment.app.FragmentManager.dispatchDestroy(FragmentManager.java:2820)
12-08 10:34:53.019 11395 11395 W System.err: 	at androidx.fragment.app.FragmentController.dispatchDestroy(FragmentController.java:345)
12-08 10:34:53.019 11395 11395 W System.err: 	at androidx.fragment.app.FragmentActivity.onDestroy(FragmentActivity.java:306)
12-08 10:34:53.019 11395 11395 W System.err: 	at androidx.appcompat.app.AppCompatActivity.onDestroy(AppCompatActivity.java:278)
12-08 10:34:53.019 11395 11395 W System.err: 	at android.app.Activity.performDestroy(Activity.java:8048)
12-08 10:34:53.020 11395 11395 W System.err: 	at android.app.Instrumentation.callActivityOnDestroy(Instrumentation.java:1334)
12-08 10:34:53.020 11395 11395 W System.err: 	at androidx.test.runner.MonitoringInstrumentation.callActivityOnDestroy(MonitoringInstrumentation.java:766)
12-08 10:34:53.020 11395 11395 W System.err: 	at android.app.ActivityThread.performDestroyActivity(ActivityThread.java:4926)
12-08 10:34:53.020 11395 11395 W System.err: 	at android.app.ActivityThread.handleDestroyActivity(ActivityThread.java:4970)
12-08 10:34:53.021 11395 11395 W System.err: 	at android.app.servertransaction.DestroyActivityItem.execute(DestroyActivityItem.java:44)
12-08 10:34:53.021 11395 11395 W System.err: 	at android.app.servertransaction.TransactionExecutor.executeLifecycleState(TransactionExecutor.java:176)
12-08 10:34:53.021 11395 11395 W System.err: 	at android.app.servertransaction.TransactionExecutor.execute(TransactionExecutor.java:97)
12-08 10:34:53.021 11395 11395 W System.err: 	at android.app.ActivityThread$H.handleMessage(ActivityThread.java:2016)
12-08 10:34:53.022 11395 11395 W System.err: 	at android.os.Handler.dispatchMessage(Handler.java:107)
12-08 10:34:53.022 11395 11395 W System.err: 	at android.os.Looper.loop(Looper.java:214)
12-08 10:34:53.022 11395 11395 W System.err: 	at android.app.ActivityThread.main(ActivityThread.java:7356)
12-08 10:34:53.022 11395 11395 W System.err: 	at java.lang.reflect.Method.invoke(Native Method)
12-08 10:34:53.022 11395 11395 W System.err: 	at com.android.internal.os.RuntimeInit$MethodAndArgsCaller.run(RuntimeInit.java:492)
12-08 10:34:53.022 11395 11395 W System.err: 	at com.android.internal.os.ZygoteInit.main(ZygoteInit.java:930)
12-08 10:34:53.042 11395 11395 W System.err: ru.iteco.fmhandroid.exceptions.UnknownException
12-08 10:34:53.042 11395 11395 W System.err: 	at ru.iteco.fmhandroid.utils.Utils.makeRequest(Utils.kt:123)
12-08 10:34:53.042 11395 11395 W System.err: 	at ru.iteco.fmhandroid.utils.Utils$makeRequest$1.invokeSuspend(Unknown Source:15)
12-08 10:34:53.042 11395 11395 W System.err: 	at kotlin.coroutines.jvm.internal.BaseContinuationImpl.resumeWith(ContinuationImpl.kt:33)
12-08 10:34:53.042 11395 11395 W System.err: 	at kotlinx.coroutines.DispatchedTaskKt.resume(DispatchedTask.kt:234)
12-08 10:34:53.042 11395 11395 W System.err: 	at kotlinx.coroutines.DispatchedTaskKt.resumeUnconfined(DispatchedTask.kt:190)
12-08 10:34:53.042 11395 11395 W System.err: 	at kotlinx.coroutines.DispatchedTaskKt.dispatch(DispatchedTask.kt:161)
12-08 10:34:53.042 11395 11395 W System.err: 	at kotlinx.coroutines.CancellableContinuationImpl.dispatchResume(CancellableContinuationImpl.kt:397)
12-08 10:34:53.042 11395 11395 W System.err: 	at kotlinx.coroutines.CancellableContinuationImpl.cancel(CancellableContinuationImpl.kt:183)
12-08 10:34:53.042 11395 11395 W System.err: 	at kotlinx.coroutines.CancellableContinuationImpl.parentCancelled$kotlinx_coroutines_core(CancellableContinuationImpl.kt:190)
12-08 10:34:53.043 11395 11395 W System.err: 	at kotlinx.coroutines.ChildContinuation.invoke(JobSupport.kt:1474)
12-08 10:34:53.043 11395 11395 W System.err: 	at kotlinx.coroutines.JobSupport.notifyCancelling(JobSupport.kt:1499)
12-08 10:34:53.043 11395 11395 W System.err: 	at kotlinx.coroutines.JobSupport.tryMakeCancelling(JobSupport.kt:795)
12-08 10:34:53.043 11395 11395 W System.err: 	at kotlinx.coroutines.JobSupport.makeCancelling(JobSupport.kt:755)
12-08 10:34:53.043 11395 11395 W System.err: 	at kotlinx.coroutines.JobSupport.cancelImpl$kotlinx_coroutines_core(JobSupport.kt:671)
12-08 10:34:53.043 11395 11395 W System.err: 	at kotlinx.coroutines.JobSupport.parentCancelled(JobSupport.kt:637)
12-08 10:34:53.043 11395 11395 W System.err: 	at kotlinx.coroutines.ChildHandleNode.invoke(JobSupport.kt:1465)
12-08 10:34:53.043 11395 11395 W System.err: 	at kotlinx.coroutines.JobSupport.notifyCancelling(JobSupport.kt:1499)
12-08 10:34:53.043 11395 11395 W System.err: 	at kotlinx.coroutines.JobSupport.tryMakeCompletingSlowPath(JobSupport.kt:900)
12-08 10:34:53.043 11395 11395 W System.err: 	at kotlinx.coroutines.JobSupport.tryMakeCompleting(JobSupport.kt:863)
12-08 10:34:53.043 11395 11395 W System.err: 	at kotlinx.coroutines.JobSupport.cancelMakeCompleting(JobSupport.kt:696)
12-08 10:34:53.043 11395 11395 W System.err: 	at kotlinx.coroutines.JobSupport.cancelImpl$kotlinx_coroutines_core(JobSupport.kt:667)
12-08 10:34:53.043 11395 11395 W System.err: 	at kotlinx.coroutines.JobSupport.cancelInternal(JobSupport.kt:632)
12-08 10:34:53.043 11395 11395 W System.err: 	at kotlinx.coroutines.JobSupport.cancel(JobSupport.kt:617)
12-08 10:34:53.043 11395 11395 W System.err: 	at kotlinx.coroutines.JobKt__JobKt.cancel(Job.kt:561)
12-08 10:34:53.043 11395 11395 W System.err: 	at kotlinx.coroutines.JobKt.cancel(Unknown Source:1)
12-08 10:34:53.043 11395 11395 W System.err: 	at kotlinx.coroutines.JobKt__JobKt.cancel$default(Job.kt:560)
12-08 10:34:53.043 11395 11395 W System.err: 	at kotlinx.coroutines.JobKt.cancel$default(Unknown Source:1)
12-08 10:34:53.043 11395 11395 W System.err: 	at androidx.lifecycle.CloseableCoroutineScope.close(ViewModel.kt:51)
12-08 10:34:53.043 11395 11395 W System.err: 	at androidx.lifecycle.ViewModel.closeWithRuntimeException(ViewModel.java:188)
12-08 10:34:53.043 11395 11395 W System.err: 	at androidx.lifecycle.ViewModel.clear(ViewModel.java:134)
12-08 10:34:53.044 11395 11395 W System.err: 	at androidx.lifecycle.ViewModelStore.clear(ViewModelStore.java:62)
12-08 10:34:53.044 11395 11395 W System.err: 	at androidx.fragment.app.FragmentManagerViewModel.clearNonConfigStateInternal(FragmentManagerViewModel.java:210)
12-08 10:34:53.044 11395 11395 W System.err: 	at androidx.fragment.app.FragmentManagerViewModel.clearNonConfigState(FragmentManagerViewModel.java:190)
12-08 10:34:53.044 11395 11395 W System.err: 	at androidx.fragment.app.FragmentStateManager.destroy(FragmentStateManager.java:778)
12-08 10:34:53.044 11395 11395 W System.err: 	at androidx.fragment.app.FragmentStateManager.moveToExpectedState(FragmentStateManager.java:335)
12-08 10:34:53.044 11395 11395 W System.err: 	at androidx.fragment.app.FragmentStore.moveToExpectedState(FragmentStore.java:113)
12-08 10:34:53.044 11395 11395 W System.err: 	at androidx.fragment.app.FragmentManager.moveToState(FragmentManager.java:1374)
12-08 10:34:53.044 11395 11395 W System.err: 	at androidx.fragment.app.FragmentManager.dispatchStateChange(FragmentManager.java:2841)
12-08 10:34:53.044 11395 11395 W System.err: 	at androidx.fragment.app.FragmentManager.dispatchDestroy(FragmentManager.java:2820)
12-08 10:34:53.045 11395 11395 W System.err: 	at androidx.fragment.app.Fragment.performDestroy(Fragment.java:3246)
12-08 10:34:53.045 11395 11395 W System.err: 	at androidx.fragment.app.FragmentStateManager.destroy(FragmentStateManager.java:780)
12-08 10:34:53.045 11395 11395 W System.err: 	at androidx.fragment.app.FragmentStateManager.moveToExpectedState(FragmentStateManager.java:335)
12-08 10:34:53.045 11395 11395 W System.err: 	at androidx.fragment.app.SpecialEffectsController$FragmentStateManagerOperation.complete(SpecialEffectsController.java:771)
12-08 10:34:53.045 11395 11395 W System.err: 	at androidx.fragment.app.SpecialEffectsController$Operation.cancel(SpecialEffectsController.java:615)
12-08 10:34:53.045 11395 11506 I okhttp.OkHttpClient: <-- HTTP FAILED: java.net.SocketException: Socket closed
12-08 10:34:53.045 11395 11395 W System.err: 	at androidx.fragment.app.SpecialEffectsController.forceCompleteAllOperations(SpecialEffectsController.java:350)
12-08 10:34:53.045 11395 11395 W System.err: 	at androidx.fragment.app.FragmentManager.dispatchStateChange(FragmentManager.java:2844)
12-08 10:34:53.045 11395 11395 W System.err: 	at androidx.fragment.app.FragmentManager.dispatchDestroy(FragmentManager.java:2820)
12-08 10:34:53.045 11395 11395 W System.err: 	at androidx.fragment.app.FragmentController.dispatchDestroy(FragmentController.java:345)
12-08 10:34:53.045 11395 11395 W System.err: 	at androidx.fragment.app.FragmentActivity.onDestroy(FragmentActivity.java:306)
12-08 10:34:53.045 11395 11395 W System.err: 	at androidx.appcompat.app.AppCompatActivity.onDestroy(AppCompatActivity.java:278)
12-08 10:34:53.045 11395 11395 W System.err: 	at android.app.Activity.performDestroy(Activity.java:8048)
12-08 10:34:53.045 11395 11395 W System.err: 	at android.app.Instrumentation.callActivityOnDestroy(Instrumentation.java:1334)
12-08 10:34:53.045 11395 11395 W System.err: 	at androidx.test.runner.MonitoringInstrumentation.callActivityOnDestroy(MonitoringInstrumentation.java:766)
12-08 10:34:53.045 11395 11395 W System.err: 	at android.app.ActivityThread.performDestroyActivity(ActivityThread.java:4926)
12-08 10:34:53.045 11395 11395 W System.err: 	at android.app.ActivityThread.handleDestroyActivity(ActivityThread.java:4970)
12-08 10:34:53.045 11395 11395 W System.err: 	at android.app.servertransaction.DestroyActivityItem.execute(DestroyActivityItem.java:44)
12-08 10:34:53.045 11395 11395 W System.err: 	at android.app.servertransaction.TransactionExecutor.executeLifecycleState(TransactionExecutor.java:176)
12-08 10:34:53.045 11395 11395 W System.err: 	at android.app.servertransaction.TransactionExecutor.execute(TransactionExecutor.java:97)
12-08 10:34:53.045 11395 11395 W System.err: 	at android.app.ActivityThread$H.handleMessage(ActivityThread.java:2016)
12-08 10:34:53.045 11395 11395 W System.err: 	at android.os.Handler.dispatchMessage(Handler.java:107)
12-08 10:34:53.045 11395 11395 W System.err: 	at android.os.Looper.loop(Looper.java:214)
12-08 10:34:53.045 11395 11395 W System.err: 	at android.app.ActivityThread.main(ActivityThread.java:7356)
12-08 10:34:53.045 11395 11395 W System.err: 	at java.lang.reflect.Method.invoke(Native Method)
12-08 10:34:53.045 11395 11395 W System.err: 	at com.android.internal.os.RuntimeInit$MethodAndArgsCaller.run(RuntimeInit.java:492)
12-08 10:34:53.045 11395 11395 W System.err: 	at com.android.internal.os.ZygoteInit.main(ZygoteInit.java:930)
12-08 10:34:53.054  1776  1927 D gralloc_ranchu: gralloc_alloc: Creating ashmem region of size 10108928
12-08 10:34:53.058 11395 11395 D LifecycleMonitor: Lifecycle status change: ru.iteco.fmhandroid.ui.AppActivity@b8246d4 in: DESTROYED
12-08 10:34:53.058 11395 11395 V ActivityScenario: Update currentActivityStage to DESTROYED, currentActivity=null
12-08 10:34:53.058 11395 11440 I TestRunner: finished: shouldOpenTheClaimsFilterSettingsForm(ru.iteco.fmhandroid.ui.ClaimsPageTest)
12-08 10:34:53.077  8344  8376 D EGL_emulation: eglMakeCurrent: 0xe59ed1c0: ver 2 0 (tinfo 0xe59d9f10)
12-08 10:34:53.097  2656 10161 E SQLiteDatabase: Error inserting flex_time=2091000 job_id=-1 period=4184000 source=16 requires_charging=0 preferred_network_type=1 target_class=com.google.android.gms.measurement.PackageMeasurementTaskService user_id=0 target_package=com.google.android.gms tag=Measurement.PackageMeasurementTaskService.UPLOAD_TASK_TAG task_type=0 required_idleness_state=0 service_kind=0 source_version=202414000 persistence_level=1 preferred_charging_state=1 required_network_type=0 runtime=1670495692956 retry_strategy={"maximum_backoff_seconds":{"3600":0},"initial_backoff_seconds":{"30":0},"retry_policy":{"0":0}} last_runtime=0
12-08 10:34:53.097  2656 10161 E SQLiteDatabase: android.database.sqlite.SQLiteConstraintException: UNIQUE constraint failed: pending_ops.tag, pending_ops.target_class, pending_ops.target_package, pending_ops.user_id (code 2067 SQLITE_CONSTRAINT_UNIQUE)
12-08 10:34:53.097  2656 10161 E SQLiteDatabase: 	at android.database.sqlite.SQLiteConnection.nativeExecuteForLastInsertedRowId(Native Method)
12-08 10:34:53.097  2656 10161 E SQLiteDatabase: 	at android.database.sqlite.SQLiteConnection.executeForLastInsertedRowId(SQLiteConnection.java:879)
12-08 10:34:53.097  2656 10161 E SQLiteDatabase: 	at android.database.sqlite.SQLiteSession.executeForLastInsertedRowId(SQLiteSession.java:790)
12-08 10:34:53.097  2656 10161 E SQLiteDatabase: 	at android.database.sqlite.SQLiteStatement.executeInsert(SQLiteStatement.java:88)
12-08 10:34:53.097  2656 10161 E SQLiteDatabase: 	at android.database.sqlite.SQLiteDatabase.insertWithOnConflict(SQLiteDatabase.java:1599)
12-08 10:34:53.097  2656 10161 E SQLiteDatabase: 	at android.database.sqlite.SQLiteDatabase.insert(SQLiteDatabase.java:1468)
12-08 10:34:53.097  2656 10161 E SQLiteDatabase: 	at aqui.a(:com.google.android.gms@202414022@20.24.14 (040700-319035315):175)
12-08 10:34:53.097  2656 10161 E SQLiteDatabase: 	at aqtk.a(:com.google.android.gms@202414022@20.24.14 (040700-319035315):182)
12-08 10:34:53.097  2656 10161 E SQLiteDatabase: 	at aqtk.a(:com.google.android.gms@202414022@20.24.14 (040700-319035315):23)
12-08 10:34:53.097  2656 10161 E SQLiteDatabase: 	at aqtk.a(:com.google.android.gms@202414022@20.24.14 (040700-319035315):177)
12-08 10:34:53.097  2656 10161 E SQLiteDatabase: 	at aqpu.run(:com.google.android.gms@202414022@20.24.14 (040700-319035315):9)
12-08 10:34:53.097  2656 10161 E SQLiteDatabase: 	at soy.b(:com.google.android.gms@202414022@20.24.14 (040700-319035315):12)
12-08 10:34:53.097  2656 10161 E SQLiteDatabase: 	at soy.run(:com.google.android.gms@202414022@20.24.14 (040700-319035315):7)
12-08 10:34:53.097  2656 10161 E SQLiteDatabase: 	at java.util.concurrent.ThreadPoolExecutor.runWorker(ThreadPoolExecutor.java:1167)
12-08 10:34:53.097  2656 10161 E SQLiteDatabase: 	at java.util.concurrent.ThreadPoolExecutor$Worker.run(ThreadPoolExecutor.java:641)
12-08 10:34:53.097  2656 10161 E SQLiteDatabase: 	at sux.run(:com.google.android.gms@202414022@20.24.14 (040700-319035315):0)
12-08 10:34:53.097  2656 10161 E SQLiteDatabase: 	at java.lang.Thread.run(Thread.java:919)
12-08 10:34:53.117  1776  1927 D gralloc_ranchu: gralloc_alloc: Creating ashmem region of size 10108928
12-08 10:34:53.151  8437  8470 D EGL_emulation: eglCreateContext: 0xf0c7ee60: maj 2 min 0 rcv 2
12-08 10:34:53.155  8437  8470 D EGL_emulation: eglMakeCurrent: 0xf0c7ee60: ver 2 0 (tinfo 0xf0cc0670)
12-08 10:34:53.208  8437  8470 E chromium: [ERROR:gl_surface_egl.cc(342)] eglChooseConfig failed with error EGL_SUCCESS
12-08 10:34:53.212  1776  1927 D gralloc_ranchu: gralloc_alloc: Creating ashmem region of size 9256960
12-08 10:34:53.225 11395 11440 I TestRunner: started: shouldOpenTheClaimCard(ru.iteco.fmhandroid.ui.ClaimsPageTest)
12-08 10:34:53.260  8437  8470 D EGL_emulation: eglCreateContext: 0xf0c7fca0: maj 2 min 0 rcv 2
12-08 10:34:53.263  8437  8470 D EGL_emulation: eglMakeCurrent: 0xf0c7fca0: ver 2 0 (tinfo 0xf0cc0670)
12-08 10:34:53.280  1776  1927 D gralloc_ranchu: gralloc_alloc: Creating ashmem region of size 10108928
12-08 10:34:53.308  8437  8470 D EGL_emulation: eglMakeCurrent: 0xf0c7ee60: ver 2 0 (tinfo 0xf0cc0670)
12-08 10:34:53.309 11395 11440 W Settings: Setting always_finish_activities has moved from android.provider.Settings.System to android.provider.Settings.Global, returning read-only value.
12-08 10:34:53.314  8437  8470 D EGL_emulation: eglMakeCurrent: 0xf0c7fca0: ver 2 0 (tinfo 0xf0cc0670)
12-08 10:34:53.319  2018  5907 W ActivityTaskManager: Finishing task with all activities already finished
12-08 10:34:53.320  2018  5907 W ActivityTaskManager: Duplicate finish request for ActivityRecord{cb00e7e u0 ru.iteco.fmhandroid.test/androidx.test.core.app.InstrumentationActivityInvoker$EmptyActivity t325 f}
12-08 10:34:53.326  8437  8470 D EGL_emulation: eglMakeCurrent: 0xe59eb0c0: ver 2 0 (tinfo 0xf0cc0670)
12-08 10:34:53.331  2018  3061 I ActivityTaskManager: START u0 {act=android.intent.action.MAIN cat=[android.intent.category.LAUNCHER] flg=0x10008000 cmp=ru.iteco.fmhandroid.test/androidx.test.core.app.InstrumentationActivityInvoker$BootstrapActivity (has extras)} from uid 10146
12-08 10:34:53.348  8437  8470 D EGL_emulation: eglMakeCurrent: 0xf0c7fca0: ver 2 0 (tinfo 0xf0cc0670)
12-08 10:34:53.393  1776  1927 D gralloc_ranchu: gralloc_alloc: Creating ashmem region of size 10108928
12-08 10:34:53.405  2018  2340 W InputReader: Device has associated, but no associated display id.
12-08 10:34:53.405  2018  2139 D ConnectivityService: releasing NetworkRequest [ TRACK_DEFAULT id=128, [ Capabilities: INTERNET&NOT_RESTRICTED&TRUSTED Uid: 10129] ] (release request)
12-08 10:34:53.408  2018  2340 I chatty  : uid=1000(system) Binder:2018_5 identical 38 lines
12-08 10:34:53.408  2018  2340 W InputReader: Device has associated, but no associated display id.
12-08 10:34:53.409 11453 11453 W ActivityThread: handleWindowVisibility: no activity for token android.os.BinderProxy@60eaadf
12-08 10:34:53.412  2018  2340 W InputReader: Device has associated, but no associated display id.
12-08 10:34:53.461  2018  5907 I ActivityTaskManager: START u0 {act=android.intent.action.MAIN cat=[android.intent.category.LAUNCHER] cmp=ru.iteco.fmhandroid/.ui.AppActivity} from uid 10146
12-08 10:34:53.489  2018  2340 I chatty  : uid=1000(system) Binder:2018_5 identical 48 lines
12-08 10:34:53.490  2018  2340 W InputReader: Device has associated, but no associated display id.
12-08 10:34:53.490 11395 11395 W ActivityThread: handleWindowVisibility: no activity for token android.os.BinderProxy@71f8e1
12-08 10:34:53.492  2018  2340 W InputReader: Device has associated, but no associated display id.
12-08 10:34:53.500  2018  2340 I chatty  : uid=1000(system) Binder:2018_5 identical 28 lines
12-08 10:34:53.500  2018  2340 W InputReader: Device has associated, but no associated display id.
12-08 10:34:53.508  1776  1927 D gralloc_ranchu: gralloc_alloc: Creating ashmem region of size 6471680
12-08 10:34:53.526  1776  1927 D gralloc_ranchu: gralloc_alloc: Creating ashmem region of size 9256960
12-08 10:34:53.541  8437  8470 D EGL_emulation: eglMakeCurrent: 0xe59eb0c0: ver 2 0 (tinfo 0xf0cc0670)
12-08 10:34:53.544  8437  8470 D EGL_emulation: eglMakeCurrent: 0xf0c7fca0: ver 2 0 (tinfo 0xf0cc0670)
12-08 10:34:53.555  8437  8470 D EGL_emulation: eglMakeCurrent: 0xe59eb0c0: ver 2 0 (tinfo 0xf0cc0670)
12-08 10:34:53.555  1776  1927 D gralloc_ranchu: gralloc_alloc: Creating ashmem region of size 10108928
12-08 10:34:53.558  8437  8470 D EGL_emulation: eglMakeCurrent: 0xf0c7fca0: ver 2 0 (tinfo 0xf0cc0670)
12-08 10:34:53.588 11395 11395 D LifecycleMonitor: Lifecycle status change: ru.iteco.fmhandroid.ui.AppActivity@bb4421d in: PRE_ON_CREATE
