--------- beginning of main
12-06 14:15:18.515 14028 14028 I teco.fmhandroi: The ClassLoaderContext is a special shared library.
12-06 14:15:18.516 14028 14028 I teco.fmhandroi: The ClassLoaderContext is a special shared library.
12-06 14:15:18.992 14028 14028 W teco.fmhandroi: ClassLoaderContext classpath size mismatch. expected=0, found=7 (PCL[] | PCL[/system/framework/android.test.runner.jar*3312018701:/system/framework/android.test.mock.jar*3601177991:/data/app/ru.iteco.fmhandroid.test-mWU0U9srvCA-Qsn0wzRDGw==/base.apk*125722370:/data/app/ru.iteco.fmhandroid.test-mWU0U9srvCA-Qsn0wzRDGw==/base.apk!classes2.dex*2301094307:/data/app/ru.iteco.fmhandroid.test-mWU0U9srvCA-Qsn0wzRDGw==/base.apk!classes3.dex*191231228:/data/app/ru.iteco.fmhandroid.test-mWU0U9srvCA-Qsn0wzRDGw==/base.apk!classes4.dex*2613847043:/data/app/ru.iteco.fmhandroid.test-mWU0U9srvCA-Qsn0wzRDGw==/base.apk!classes5.dex*4182778598];PCL[/system/framework/android.test.runner.jar*3312018701:/system/framework/android.test.mock.jar*3601177991:/data/app/ru.iteco.fmhandroid.test-mWU0U9srvCA-Qsn0wzRDGw==/base.apk*125722370:/data/app/ru.iteco.fmhandroid.test-mWU0U9srvCA-Qsn0wzRDGw==/base.apk!classes2.dex*2301094307:/data/app/ru.iteco.fmhandroid.test-mWU0U9srvCA-Qsn0wzRDGw==/base.apk!classes3.dex*191231228:/data/app/ru.iteco.
12-06 14:15:18.995  2962  3348 I MicroDetectionWorker: #startMicroDetector [speakerMode: 0]
12-06 14:15:18.995 14028 14028 W teco.fmhandroi: Found duplicate classes, falling back to extracting from APK : /data/app/ru.iteco.fmhandroid-R0QVQlEGwG1IVzN-H3bqog==/base.apk
12-06 14:15:18.995 14028 14028 W teco.fmhandroi: NOTE: This wastes RAM and hurts startup performance.
12-06 14:15:18.995 14028 14028 W teco.fmhandroi: Found duplicated class when checking oat files: 'Landroid/support/v4/app/INotificationSideChannel$Default;' in /data/app/ru.iteco.fmhandroid-R0QVQlEGwG1IVzN-H3bqog==/base.apk and /data/app/ru.iteco.fmhandroid-R0QVQlEGwG1IVzN-H3bqog==/base.apk
12-06 14:15:18.995 14028 14028 W teco.fmhandroi: 
12-06 14:15:18.996  2962  3348 W ErrorReporter: reportError [type: 211, code: 393244, bug: 0]: errorCode: 393244, engine: 0
12-06 14:15:18.997  2962  3348 I MicroDetector: Keeping mic open: false
12-06 14:15:18.998  2962  3348 I MicroDetectionWorker: #onError(false)
12-06 14:15:19.807 14028 14028 W teco.fmhandroi: Accessing hidden method Landroid/app/Instrumentation;->execStartActivity(Landroid/content/Context;Landroid/os/IBinder;Landroid/os/IBinder;Landroid/app/Activity;Landroid/content/Intent;ILandroid/os/Bundle;)Landroid/app/Instrumentation$ActivityResult; (greylist, linking, allowed)
12-06 14:15:19.808 14028 14028 W teco.fmhandroi: Accessing hidden method Landroid/app/Instrumentation;->execStartActivity(Landroid/content/Context;Landroid/os/IBinder;Landroid/os/IBinder;Ljava/lang/String;Landroid/content/Intent;ILandroid/os/Bundle;)Landroid/app/Instrumentation$ActivityResult; (greylist, linking, allowed)
12-06 14:15:19.827 14028 14028 I MonitoringInstr: newApplication called!
12-06 14:15:19.911 14028 14028 I FirebaseApp: Device unlocked: initializing all Firebase APIs for app [DEFAULT]
12-06 14:15:19.964 14028 14028 I FirebaseCrashlytics: Initializing Firebase Crashlytics 18.2.6 for ru.iteco.fmhandroid
12-06 14:15:19.995 14028 14061 I DynamiteModule: Considering local module com.google.android.gms.measurement.dynamite:55 and remote module com.google.android.gms.measurement.dynamite:15
12-06 14:15:19.995 14028 14061 I DynamiteModule: Selected local version of com.google.android.gms.measurement.dynamite
12-06 14:15:20.196 14028 14028 I FirebaseInitProvider: FirebaseApp initialization successful
12-06 14:15:20.247 14028 14028 I MonitoringInstr: Instrumentation started!
12-06 14:15:20.255 14028 14028 D ClassesArgTokenizer: input: ru.iteco.fmhandroid.ui.ClaimsPageTest#shouldAddACommentToTheClaim
12-06 14:15:20.257 14028 14028 D ClassesArgTokenizer: result: [ru.iteco.fmhandroid.ui.ClaimsPageTest#shouldAddACommentToTheClaim]
12-06 14:15:20.257 14028 14028 D ClassesArgTokenizer: input: null
12-06 14:15:20.257 14028 14028 D ClassesArgTokenizer: result: []
12-06 14:15:20.263 14028 14028 V TestEventClient: No service name argument was given (testDiscoveryService, testRunEventService or orchestratorService)
12-06 14:15:20.289 14028 14073 D AndroidJUnitRunner: onStart is called.
12-06 14:15:20.310 14028 14028 I MonitoringInstr: No JSBridge.
12-06 14:15:20.339 14028 14067 V FA      : App measurement collection enabled
12-06 14:15:20.340 14028 14073 D TestRequestBuilder: Skipping class path scanning and directly running [ru.iteco.fmhandroid.ui.ClaimsPageTest]
12-06 14:15:20.340 14028 14067 V FA      : App measurement enabled for app package, google app id: ru.iteco.fmhandroid, 1:729587742060:android:e7d6f87c783f52b9a42f49
12-06 14:15:20.344 14028 14067 I FA      : App measurement initialized, version: 46000
12-06 14:15:20.344 14028 14067 I FA      : To enable debug logging run: adb shell setprop log.tag.FA VERBOSE
12-06 14:15:20.344 14028 14067 I FA      : To enable faster debug mode event logging run:
12-06 14:15:20.344 14028 14067 I FA      :   adb shell setprop debug.firebase.analytics.app ru.iteco.fmhandroid
12-06 14:15:20.345 14028 14067 D FA      : Debug-level message logging enabled
12-06 14:15:20.358 14028 14073 D ClassesArgTokenizer: input: ru.iteco.fmhandroid.ui.ClaimsPageTest#shouldAddACommentToTheClaim
12-06 14:15:20.358 14028 14073 D ClassesArgTokenizer: result: [ru.iteco.fmhandroid.ui.ClaimsPageTest#shouldAddACommentToTheClaim]
12-06 14:15:20.358 14028 14073 D ClassesArgTokenizer: input: null
12-06 14:15:20.358 14028 14073 D ClassesArgTokenizer: result: []
12-06 14:15:20.394 14028 14073 D AndroidJUnitRunner: Use the raw file system for managing file I/O.
12-06 14:15:20.409 14028 14073 D TestExecutor: Adding listener androidx.test.internal.runner.listener.LogRunListener
12-06 14:15:20.412 14028 14073 D TestExecutor: Adding listener androidx.test.internal.runner.listener.InstrumentationResultPrinter
12-06 14:15:20.412 14028 14073 D TestExecutor: Adding listener androidx.test.internal.runner.listener.ActivityFinisherRunListener
12-06 14:15:20.412 14028 14073 D TestExecutor: Adding listener androidx.test.internal.runner.listener.TraceRunListener
12-06 14:15:20.428 14028 14073 I TestRunner: run started: 1 tests
12-06 14:15:20.451 14028 14067 V FA      : Connecting to remote service
12-06 14:15:20.495 14028 14067 V FA      : Connection attempt already in progress
12-06 14:15:20.505 14028 14067 V FA      : Connection attempt already in progress
12-06 14:15:20.508 14028 14067 D FA      : Connected to remote service
12-06 14:15:20.508 14028 14067 V FA      : Processing queued up service tasks: 3
12-06 14:15:20.528 14028 14073 I TestRunner: started: shouldAddACommentToTheClaim(ru.iteco.fmhandroid.ui.ClaimsPageTest)
12-06 14:15:20.573  2873 14011 V FA-SVC  : Saving default event parameters, appId, data size: ru.iteco.fmhandroid, 2
12-06 14:15:20.718  1744 14076 E ResolverController: No valid NAT64 prefix (100, <unspecified>/0)
12-06 14:15:20.839 14028 14073 W FileTestStorage: Output properties is not supported.
12-06 14:15:20.843 14028 14073 I Tracing : Tracer added: class androidx.test.platform.tracing.AndroidXTracer
12-06 14:15:20.877 14028 14073 D EventInjectionStrategy: Creating injection strategy with input manager.
12-06 14:15:20.878 14028 14073 W teco.fmhandroi: Accessing hidden method Landroid/hardware/input/InputManager;->getInstance()Landroid/hardware/input/InputManager; (greylist, reflection, allowed)
12-06 14:15:20.879 14028 14073 W teco.fmhandroi: Accessing hidden method Landroid/hardware/input/InputManager;->injectInputEvent(Landroid/view/InputEvent;I)Z (greylist, reflection, allowed)
12-06 14:15:20.880 14028 14073 W teco.fmhandroi: Accessing hidden field Landroid/hardware/input/InputManager;->INJECT_INPUT_EVENT_MODE_WAIT_FOR_FINISH:I (greylist, reflection, allowed)
--------- beginning of system
12-06 14:15:21.231  2018  2018 W Looper  : Slow dispatch took 125ms main h=com.android.server.accessibility.AccessibilityManagerService$MainHandler c=com.android.server.accessibility.-$$Lambda$UiAutomationManager$UiAutomationService$z2oxrodQt4ZxyzsfB6p_GYgwxqk@926224b m=0
12-06 14:15:21.234  2018  2018 V SettingsProvider: Notifying for 0: content://settings/secure/accessibility_enabled
12-06 14:15:21.243  2873 14011 V FA-SVC  : onConfigFetched. Response size: 501
12-06 14:15:21.254  2873 14011 V FA-SVC  : Parsed config. version, gmp_app_id: 1656011037651724, 1:729587742060:android:e7d6f87c783f52b9a42f49
12-06 14:15:21.324  2873 14011 V FA-SVC  : Successfully fetched config. Got network response. code, size: 200, 501
12-06 14:15:21.356  2873 14011 V FA-SVC  : Updated engagement user property. scope, value: lifetime, 45804643
12-06 14:15:21.366  2873 14011 V FA-SVC  : Updated engagement user property. scope, value: session-scoped, 76727
12-06 14:15:21.366  2873 14011 V FA-SVC  : Checking account type status for ad personalization signals
12-06 14:15:21.400  2873 14011 V FA-SVC  : Saving bundle, size: 623
12-06 14:15:21.408  2873 14011 V FA-SVC  : Updated engagement user property. scope, value: lifetime, 45882183
12-06 14:15:21.415  2873 14011 V FA-SVC  : Updated engagement user property. scope, value: session-scoped, 154267
12-06 14:15:21.415  2873 14011 V FA-SVC  : Checking account type status for ad personalization signals
12-06 14:15:21.438  2873 14011 V FA-SVC  : Saving bundle, size: 520
12-06 14:15:21.441  2873 14011 D FA-SVC  : Uploading events. Elapsed time since last upload attempt (ms): 4162265
12-06 14:15:21.457  2873 14011 V FA-SVC  : Uploading data. app, uncompressed size, data: ru.iteco.fmhandroid, 1573, 
12-06 14:15:21.457  2873 14011 V FA-SVC  : batch {
12-06 14:15:21.457  2873 14011 V FA-SVC  :   bundle {
12-06 14:15:21.457  2873 14011 V FA-SVC  :     protocol_version: 1
12-06 14:15:21.457  2873 14011 V FA-SVC  :     platform: android
12-06 14:15:21.457  2873 14011 V FA-SVC  :     gmp_version: 46000
12-06 14:15:21.457  2873 14011 V FA-SVC  :     uploading_gmp_version: 202414
12-06 14:15:21.457  2873 14011 V FA-SVC  :     dynamite_version: 55
12-06 14:15:21.457  2873 14011 V FA-SVC  :     config_version: 1656011037651724
12-06 14:15:21.457  2873 14011 V FA-SVC  :     gmp_app_id: 1:729587742060:android:e7d6f87c783f52b9a42f49
12-06 14:15:21.457  2873 14011 V FA-SVC  :     admob_app_id: 
12-06 14:15:21.457  2873 14011 V FA-SVC  :     app_id: ru.iteco.fmhandroid
12-06 14:15:21.457  2873 14011 V FA-SVC  :     app_version: 1.0.0
12-06 14:15:21.457  2873 14011 V FA-SVC  :     app_version_major: 14
12-06 14:15:21.457  2873 14011 V FA-SVC  :     firebase_instance_id: eRQ4aMSoTPqWoExjCC0g-3
12-06 14:15:21.457  2873 14011 V FA-SVC  :     dev_cert_hash: 3813092228651948080
12-06 14:15:21.457  2873 14011 V FA-SVC  :     app_store: manual_install
12-06 14:15:21.457  2873 14011 V FA-SVC  :     upload_timestamp_millis: 1670336121330
12-06 14:15:21.457  2873 14011 V FA-SVC  :     start_timestamp_millis: 1670331970948
12-06 14:15:21.457  2873 14011 V FA-SVC  :     end_timestamp_millis: 1670333548001
12-06 14:15:21.457  2873 14011 V FA-SVC  :     previous_bundle_start_timestamp_millis: 1670331941870
12-06 14:15:21.457  2873 14011 V FA-SVC  :     previous_bundle_end_timestamp_millis: 1670331942241
12-06 14:15:21.457  2873 14011 V FA-SVC  :     app_instance_id: 753aa278b481095094d11bba92331d41
12-06 14:15:21.457  2873 14011 V FA-SVC  :     resettable_device_id: 831836a0-ca61-4ac2-9204-f3453582de46
12-06 14:15:21.457  2873 14011 V FA-SVC  :     device_id: 
12-06 14:15:21.457  2873 14011 V FA-SVC  :     ds_id: 
12-06 14:15:21.457  2873 14011 V FA-SVC  :     limited_ad_tracking: false
12-06 14:15:21.457  2873 14011 V FA-SVC  :     os_version: 10
12-06 14:15:21.457  2873 14011 V FA-SVC  :     device_model: Android SDK built for x86
12-06 14:15:21.457  2873 14011 V FA-SVC  :     user_default_language: en-us
12-06 14:15:21.457  2873 14011 V FA-SVC  :     time_zone_offset_minutes: -300
12-06 14:15:21.457  2873 14011 V FA-SVC  :     bundle_sequential_index: 58
12-06 14:15:21.457  2873 14011 V FA-SVC  :     service_upload: true
12-06 14:15:21.457  2873 14011 V FA-SVC  :     health_monitor: 
12-06 14:15:21.457  2873 14011 V FA-SVC  :     user_property {
12-06 14:15:21.457  2873 14011 V FA-SVC  :       set_timestamp_millis: 1662550931565
12-06 14:15:21.457  2873 14011 V FA-SVC  :       name: first_open_time(_fot)
12-06 14:15:21.457  2873 14011 V FA-SVC  :       string_value: 
12-06 14:15:21.457  2873 14011 V FA-SVC  :       int_value: 1662552000000
12-06 14:15:21.457  2873 14011 V FA-SVC  :     }
12-06 14:15:21.457  2873 14011 V FA-SVC  :     user_property {
12-06 14:15:21.457  2873 14011 V FA-SVC  :       set_timestamp_millis: 1662550931565
12-06 14:15:21.457  2873 14011 V FA-SVC  :       name: first_open_after_install(_fi)
12-06 14:15:21.457  2873 14011 V FA-SVC  :       string_value: 
12-06 14:15:21.457  2873 14011 V FA-SVC  :       int_value: 1
12-06 14:15:21.457  2873 14011 V FA-SVC  :     }
12-06 14:15:21.457  2873 14011 V FA-SVC  :     user_property {
12-06 14:15:21.457  2873 14011 V FA-SVC  :       set_timestamp_millis: 1670336121350
12-06 14:15:21.457  2873 14011 V FA-SVC  :       name: lifetime_user_engagement(_lte)
12-06 14:15:21.457  2873 14011 V FA-SVC  :       string_value: 
12-06 14:15:21.457  2873 14011 V FA-SVC  :       int_value: 45804643
12-06 14:15:21.457  2873 14011 V FA-SVC  :     }
12-06 14:15:21.457  2873 14011 V FA-SVC  :     user_property {
12-06 14:15:21.457  2873 14011 V FA-SVC  :       set_timestamp_millis: 1670331941870
12-06 14:15:21.457  2873 14011 V FA-SVC  :       name: ga_session_number(_sno)
12-06 14:15:21.457  2873 14011 V FA-SVC  :       string_value: 
12-06 14:15:21.457  2873 14011 V FA-SVC  :       int_value: 10
12-06 14:15:21.457  2873 14011 V FA-SVC  :     }
12-06 14:15:21.457  2873 14011 V FA-SVC  :     user_property {
12-06 14:15:21.457  2873 14011 V FA-SVC  :       set_timestamp_millis: 1670331941870
12-06 14:15:21.457  2873 14011 V FA-SVC  :       name: ga_session_id(_sid)
12-06 14:15:21.457  2873 14011 V FA-SVC  :       string_value: 
12-06 14:15:21.457  2873 14011 V FA-SVC  :       int_value: 1670331941
12-06 14:15:21.457  2873 14011 V FA-SVC  :     }
12-06 14:15:21.457  2873 14011 V FA-SVC  :     user_property {
12-06 14:15:21.457  2873 14011 V FA-SVC  :       set_timestamp_millis: 1670336121358
12-06 14:15:21.457  2873 14011 V FA-SVC  :       name: session_user_engagement(_se)
12-06 14:15:21.457  2873 14011 V FA-SVC  :       string_value: 
12-06 14:15:21.457  2873 14011 V FA-SVC  :       int_value: 76727
12-06 14:15:21.457  2873 14011 V FA-SVC  :     }
12-06 14:15:21.457  2873 14011 V FA-SVC  :     event {
12-06 14:15:21.457  2873 14011 V FA-SVC  :       name: user_engagement(_e)
12-06 14:15:21.457  2873 14011 V FA-SVC  :       timestamp_millis: 1670331970948
12-06 14:15:21.457  2873 14011 V FA-SVC  :       previous_timestamp_millis: 1670281231965
12-06 14:15:21.457  2873 14011 V FA-SVC  :       param {
12-06 14:15:21.457  2873 14011 V FA-SVC  :         name: ga_event_origin(_o)
12-06 14:15:21.457  2873 14011 V FA-SVC  :         string_value: auto
12-06 14:15:21.457  2873 14011 V FA-SVC  :       }
12-06 14:15:21.457  2873 14011 V FA-SVC  :       param {
12-06 14:15:21.457  2873 14011 V FA-SVC  :         name: engagement_time_msec(_et)
12-06 14:15:21.457  2873 14011 V FA-SVC  :         int_value: 29067
12-06 14:15:21.457  2873 14011 V FA-SVC  :       }
12-06 14:15:21.457  2873 14011 V FA-SVC  :       param {
12-06 14:15:21.457  2873 14011 V FA-SVC  :         name: ga_screen_class(_sc)
12-06 14:15:21.457  2873 14011 V FA-SVC  :         string_value: AppActivity
12-06 14:15:21.457  2873 14011 V FA-SVC  :       }
12-06 14:15:21.457  2873 14011 V FA-SVC  :       param {
12-06 14:15:21.457  2873 14011 V FA-SVC  :         name: ga_screen_id(_si)
12-06 14:15:21.457  2873 14011 V FA-SVC  :         int_value: 6306915343857927694
12-06 14:15:21.457  2873 14011 V FA-SVC  :       }
12-06 14:15:21.457  2873 14011 V FA-SVC  :     }
12-06 14:15:21.457  2873 14011 V FA-SVC  :     event {
12-06 14:15:21.457  2873 14011 V FA-SVC  :       name: app_background(_ab)
12-06 14:15:21.457  2873 14011 V FA-SVC  :       timestamp_millis: 1670331971056
12-06 14:15:21.457  2873 14011 V FA-SVC  :       previous_timestamp_millis: 1670281163868
12-06 14:15:21.457  2873 14011 V FA-SVC  :       param {
12-06 14:15:21.457  2873 14011 V FA-SVC  :         name: ga_event_origin(_o)
12-06 14:15:21.457  2873 14011 V FA-SVC  :         string_value: auto
12-06 14:15:21.457  2873 14011 V FA-SVC  :       }
12-06 14:15:21.457  2873 14011 V FA-SVC  :     }
12-06 14:15:21.457  2873 14011 V FA-SVC  :     event {
12-06 14:15:21.457  2873 14011 V FA-SVC  :       name: screen_view(_vs)
12-06 14:15:21.457  2873 14011 V FA-SVC  :       timestamp_millis: 1670333470414
12-06 14:15:21.457  2873 14011 V FA-SVC  :       previous_timestamp_millis: 1670331942241
12-06 14:15:21.457  2873 14011 V FA-SVC  :       param {
12-06 14:15:21.457  2873 14011 V FA-SVC  :         name: ga_event_origin(_o)
12-06 14:15:21.457  2873 14011 V FA-SVC  :         string_value: auto
12-06 14:15:21.457  2873 14011 V FA-SVC  :       }
12-06 14:15:21.457  2873 14011 V FA-SVC  :       param {
12-06 14:15:21.457  2873 14011 V FA-SVC  :         name: ga_screen_class(_sc)
12-06 14:15:21.457  2873 14011 V FA-SVC  :         string_value: AppActivity
12-06 14:15:21.457  2873 14011 V FA-SVC  :       }
12-06 14:15:21.457  2873 14011 V FA-SVC  :       param {
12-06 14:15:21.457  2873 14011 V FA-SVC  :         name: ga_screen_id(_si)
12-06 14:15:21.457  2873 14011 V FA-SVC  :         int_value: -1195419216629724770
12-06 14:15:21.457  2873 14011 V FA-SVC  :       }
12-06 14:15:21.457  2873 14011 V FA-SVC  :     }
12-06 14:15:21.457  2873 14011 V FA-SVC  :     event {
12-06 14:15:21.457  2873 14011 V FA-SVC  :       name: user_engagement(_e)
12-06 14:15:21.457  2873 14011 V FA-SVC  :       timestamp_millis: 1670333492282
12-06 14:15:21.457  2873 14011 V FA-SVC  :       previous_timestamp_millis: 1670331970948
12-06 14:15:21.457  2873 14011 V FA-SVC  :       param {
12-06 14:15:21.457  2873 14011 V FA-SVC  :         name: ga_event_origin(_o)
12-06 14:15:21.457  2873 14011 V FA-SVC  :         string_value: auto
12-06 14:15:21.457  2873 14011 V FA-SVC  :       }
12-06 14:15:21.457  2873 14011 V FA-SVC  :       param {
12-06 14:15:21.457  2873 14011 V FA-SVC  :         name: engagement_time_msec(_et)
12-06 14:15:21.457  2873 14011 V FA-SVC  :         int_value: 21858
12-06 14:15:21.457  2873 14011 V FA-SVC  :       }
12-06 14:15:21.457  2873 14011 V FA-SVC  :       param {
12-06 14:15:21.457  2873 14011 V FA-SVC  :         name: ga_screen_class(_sc)
12-06 14:15:21.457  2873 14011 V FA-SVC  :         string_value: AppActivity
12-06 14:15:21.457  2873 14011 V FA-SVC  :       }
12-06 14:15:21.457  2873 14011 V FA-SVC  :       param {
12-06 14:15:21.457  2873 14011 V FA-SVC  :         name: ga_screen_id(_si)
12-06 14:15:21.457  2873 14011 V FA-SVC  :         int_value: -1195419216629724770
12-06 14:15:21.457  2873 14011 V FA-SVC  :       }
12-06 14:15:21.457  2873 14011 V FA-SVC  :     }
12-06 14:15:21.457  2873 14011 V FA-SVC  :     event {
12-06 14:15:21.457  2873 14011 V FA-SVC  :       name: screen_view(_vs)
12-06 14:15:21.457  2873 14011 V FA-SVC  :       timestamp_millis: 1670333499742
12-06 14:15:21.457  2873 14011 V FA-SVC  :       previous_timestamp_millis: 1670333470414
12-06 14:15:21.457  2873 14011 V FA-SVC  :       param {
12-06 14:15:21.457  2873 14011 V FA-SVC  :         name: ga_event_origin(_o)
12-06 14:15:21.457  2873 14011 V FA-SVC  :         string_value: auto
12-06 14:15:21.457  2873 14011 V FA-SVC  :       }
12-06 14:15:21.457  2873 14011 V FA-SVC  :       param {
12-06 14:15:21.457  2873 14011 V FA-SVC  :         name: ga_screen_class(_sc)
12-06 14:15:21.457  2873 14011 V FA-SVC  :         string_value: AppActivity
12-06 14:15:21.457  2873 14011 V FA-SVC  :       }
12-06 14:15:21.457  2873 14011 V FA-SVC  :       param {
12-06 14:15:21.457  2873 14011 V FA-SVC  :         name: ga_screen_id(_si)
12-06 14:15:21.457  2873 14011 V FA-SVC  :         int_value: -5761011831509972794
12-06 14:15:21.457  2873 14011 V FA-SVC  :      
12-06 14:15:21.457  2873 14011 V FA-SVC  : Not stopping services. fetch, network, upload: true, true, false
12-06 14:15:21.476  2873 14012 V FA-SVC  : Uploading data. size: 742
12-06 14:15:21.478  2873 14011 V FA-SVC  : Not stopping services. fetch, network, upload: false, true, false
12-06 14:15:21.566 14028 14073 W Settings: Setting always_finish_activities has moved from android.provider.Settings.System to android.provider.Settings.Global, returning read-only value.
12-06 14:15:21.583  2018  3060 I ActivityTaskManager: START u0 {act=android.intent.action.MAIN cat=[android.intent.category.LAUNCHER] flg=0x10008000 cmp=ru.iteco.fmhandroid.test/androidx.test.core.app.InstrumentationActivityInvoker$BootstrapActivity (has extras)} from uid 10146
12-06 14:15:21.682  2873 14011 V FA-SVC  : Upload scheduled in approximately ms: 3599962
12-06 14:15:21.682  2873 14011 V FA-SVC  : Unscheduling upload
12-06 14:15:21.714  2018  3060 W InputReader: Device has associated, but no associated display id.
12-06 14:15:21.717  2018  3060 I chatty  : uid=1000(system) Binder:2018_F identical 8 lines
12-06 14:15:21.717  2018  3060 W InputReader: Device has associated, but no associated display id.
12-06 14:15:21.860  2873 14011 V FA-SVC  : Scheduling upload, millis: 3599962
12-06 14:15:21.990  2873 14011 V FA-SVC  : Successful upload. Got network response. code, size: 204, 0
12-06 14:15:22.584  2873 14011 V FA-SVC  : Nothing to upload or uploading impossible
12-06 14:15:22.584  2873 14011 V FA-SVC  : Unscheduling upload
12-06 14:15:22.716  2018  2054 I Choreographer: Skipped 61 frames!  The application may be doing too much work on its main thread.
12-06 14:15:22.735  2018  3051 W system_server: Long monitor contention with owner android.anim (2054) at int com.android.server.wm.WindowManagerService.addWindow(com.android.server.wm.Session, android.view.IWindow, int, android.view.WindowManager$LayoutParams, int, int, android.graphics.Rect, android.graphics.Rect, android.graphics.Rect, android.graphics.Rect, android.view.DisplayCutout$ParcelableWrapper, android.view.InputChannel, android.view.InsetsState)(WindowManagerService.java:1236) waiters=0 in boolean com.android.server.wm.WindowProcessController.hasActivities() for 402ms
12-06 14:15:22.759  2873  2873 V FA-SVC  : onUnbind called for intent. action: com.google.android.gms.gcm.ACTION_TASK_READY
12-06 14:15:22.784  2873  2873 V FA-SVC  : Device PackageMeasurementTaskService is shutting down
12-06 14:15:22.802  2873 13996 W FA-SVC  : Interrupted in onRunTask while uploading
12-06 14:15:22.807  2873 14011 V FA-SVC  : Stopping uploading service(s)
12-06 14:15:22.807  2873 14011 V FA-SVC  : ChimeraPackageMeasurementTaskService processed last upload request.
12-06 14:15:22.838  1745  1745 D Zygote  : Forked child process 14083
12-06 14:15:22.901  2018  2060 W ActivityManager: Slow operation: 1167ms so far, now at startProcess: returned from zygote!
12-06 14:15:22.901  2018  2060 W ActivityManager: Slow operation: 1168ms so far, now at startProcess: done updating battery stats
12-06 14:15:22.901  2018  2060 W ActivityManager: Slow operation: 1168ms so far, now at startProcess: building log message
12-06 14:15:22.901  2018  2060 I ActivityManager: Start proc 14083:ru.iteco.fmhandroid.test/u0a147 for activity {ru.iteco.fmhandroid.test/androidx.test.core.app.InstrumentationActivityInvoker$BootstrapActivity}
12-06 14:15:22.901  2018  2060 W ActivityManager: Slow operation: 1168ms so far, now at startProcess: starting to update pids map
12-06 14:15:22.913  2018  2060 W ActivityManager: Slow operation: 1180ms so far, now at startProcess: done updating pids map
12-06 14:15:22.924  2656 12806 E NetworkScheduler.ATC: Called cancelTask for already completed task com.google.android.gms/.measurement.PackageMeasurementTaskService{u=0 tag="Measurement.PackageMeasurementTaskService.UPLOAD_TASK_TAG" trigger=window{start=271s,end=544s,earliest=-564s,latest=-291s} requirements=[NET_CONNECTED] attributes=[PERSISTED] scheduled=-835s last_run=-9s jid=N/A status=ACTIVE retries=0 client_lib=GMS_TASK_SCHEDULER-202414000} :1 [CONTEXT service_id=218 ]
12-06 14:15:22.977 14083 14083 I fmhandroid.tes: Late-enabling -Xcheck:jni
12-06 14:15:23.043  1776  1776 D gralloc_ranchu: gralloc_alloc: Creating ashmem region of size 10108928
12-06 14:15:23.496 14083 14083 E fmhandroid.tes: Unknown bits set in runtime_flags: 0x8000
12-06 14:15:23.503 14083 14083 W fmhandroid.tes: Unexpected CPU variant for X86 using defaults: x86
12-06 14:15:23.607  2018  3051 W InputReader: Device has associated, but no associated display id.
12-06 14:15:23.621  2018  3051 I chatty  : uid=1000(system) Binder:2018_E identical 28 lines
12-06 14:15:23.621  2018  3051 W InputReader: Device has associated, but no associated display id.
12-06 14:15:23.719 14083 14083 I fmhandroid.tes: The ClassLoaderContext is a special shared library.
12-06 14:15:23.728 14083 14083 I fmhandroid.tes: The ClassLoaderContext is a special shared library.
12-06 14:15:24.147  2018  2054 I Choreographer: Skipped 84 frames!  The application may be doing too much work on its main thread.
12-06 14:15:24.151  2018  2054 I Choreographer: Skipped 76 frames!  The application may be doing too much work on its main thread.
12-06 14:15:24.164  2018  2054 W InputReader: Device has associated, but no associated display id.
12-06 14:15:24.165  2018  2054 I chatty  : uid=1000(system) android.anim identical 8 lines
12-06 14:15:24.165  2018  2054 W InputReader: Device has associated, but no associated display id.
12-06 14:15:24.198 12448 12488 D EGL_emulation: eglMakeCurrent: 0xe594d140: ver 2 0 (tinfo 0xc539bd10)
12-06 14:15:24.203  1776  1776 D gralloc_ranchu: gralloc_alloc: Creating ashmem region of size 10108928
12-06 14:15:24.305  2962  3510 D EGL_emulation: eglMakeCurrent: 0xe597d120: ver 2 0 (tinfo 0xbffb2540)
12-06 14:15:24.394  2170  2566 D EGL_emulation: eglMakeCurrent: 0xe594e040: ver 2 0 (tinfo 0xc52450c0)
12-06 14:15:24.425  1793  1896 E SurfaceFlinger: ro.sf.lcd_density must be defined as a build property
12-06 14:15:24.430  1793  1896 E SurfaceFlinger: ro.sf.lcd_density must be defined as a build property
12-06 14:15:24.443 14083 14119 D libEGL  : Emulator has host GPU support, qemu.gles is set to 1.
12-06 14:15:24.443 14083 14119 W libc    : Unable to set property "qemu.gles" to "1": connection failed; errno=13 (Permission denied)
12-06 14:15:24.434 14083 14083 W RenderThread: type=1400 audit(0.0:146): avc: denied { write } for name="property_service" dev="tmpfs" ino=7388 scontext=u:r:untrusted_app:s0:c147,c256,c512,c768 tcontext=u:object_r:property_socket:s0 tclass=sock_file permissive=0 app=ru.iteco.fmhandroid.test
12-06 14:15:24.558 14083 14119 D libEGL  : loaded /vendor/lib/egl/libEGL_emulation.so
12-06 14:15:24.571 14083 14119 D libEGL  : loaded /vendor/lib/egl/libGLESv1_CM_emulation.so
12-06 14:15:24.577 14083 14119 D libEGL  : loaded /vendor/lib/egl/libGLESv2_emulation.so
12-06 14:15:24.590  2018  3051 I ActivityTaskManager: START u0 {act=android.intent.action.MAIN cat=[android.intent.category.LAUNCHER] cmp=ru.iteco.fmhandroid/.ui.AppActivity} from uid 10146
12-06 14:15:24.606  2018  3051 W InputReader: Device has associated, but no associated display id.
12-06 14:15:24.614  2018  3051 I chatty  : uid=1000(system) Binder:2018_E identical 48 lines
12-06 14:15:24.614  2018  3051 W InputReader: Device has associated, but no associated display id.
12-06 14:15:24.617 14028 14028 W ActivityThread: handleWindowVisibility: no activity for token android.os.BinderProxy@74190a2
12-06 14:15:24.618  2018  3051 W InputReader: Device has associated, but no associated display id.
12-06 14:15:24.618  2018  3051 I chatty  : uid=1000(system) Binder:2018_E identical 8 lines
12-06 14:15:24.618  2018  3051 W InputReader: Device has associated, but no associated display id.
12-06 14:15:24.637  1793  1896 E SurfaceFlinger: ro.sf.lcd_density must be defined as a build property
12-06 14:15:24.637  1793  1896 E SurfaceFlinger: ro.sf.lcd_density must be defined as a build property
12-06 14:15:24.640 14028 14121 D libEGL  : Emulator has host GPU support, qemu.gles is set to 1.
12-06 14:15:24.640 14028 14121 W libc    : Unable to set property "qemu.gles" to "1": connection failed; errno=13 (Permission denied)
12-06 14:15:24.624 14028 14028 W RenderThread: type=1400 audit(0.0:147): avc: denied { write } for name="property_service" dev="tmpfs" ino=7388 scontext=u:r:untrusted_app:s0:c146,c256,c512,c768 tcontext=u:object_r:property_socket:s0 tclass=sock_file permissive=0 app=ru.iteco.fmhandroid
12-06 14:15:24.731 14028 14121 D libEGL  : loaded /vendor/lib/egl/libEGL_emulation.so
12-06 14:15:24.735 14028 14121 D libEGL  : loaded /vendor/lib/egl/libGLESv1_CM_emulation.so
12-06 14:15:24.741 14028 14121 D libEGL  : loaded /vendor/lib/egl/libGLESv2_emulation.so
12-06 14:15:24.807 14028 14028 D LifecycleMonitor: Lifecycle status change: ru.iteco.fmhandroid.ui.AppActivity@4d99d8f in: PRE_ON_CREATE
12-06 14:15:24.807 14028 14028 V ActivityScenario: Activity lifecycle changed event received but ignored because the reported transition was not ON_CREATE while the last known transition was PRE_ON_CREATE
12-06 14:15:24.847 14028 14061 V FA      : onActivityCreated
12-06 14:15:24.856 14028 14028 E teco.fmhandroi: Invalid ID 0x00000000.
12-06 14:15:24.901  2962 14127 I PBSessionCacheImpl: Deleted sessionId[635178643488] from persistence.
12-06 14:15:24.917 14028 14028 W teco.fmhandroi: Accessing hidden method Landroid/view/View;->computeFitSystemWindows(Landroid/graphics/Rect;Landroid/graphics/Rect;)Z (greylist, reflection, allowed)
12-06 14:15:24.919 14028 14028 W teco.fmhandroi: Accessing hidden method Landroid/view/ViewGroup;->makeOptionalFitsSystemWindows()V (greylist, reflection, allowed)
12-06 14:15:24.988  2962  3348 W SearchServiceCore: Abort, client detached.
12-06 14:15:25.276 14028 14028 D NetworkSecurityConfig: No Network Security Config specified, using platform default
12-06 14:15:25.313 14028 14028 W teco.fmhandroi: Accessing hidden method Ljava/lang/invoke/MethodHandles$Lookup;-><init>(Ljava/lang/Class;I)V (greylist, reflection, allowed)
12-06 14:15:25.585 14028 14028 D LifecycleMonitor: Lifecycle status change: ru.iteco.fmhandroid.ui.AppActivity@4d99d8f in: CREATED
12-06 14:15:25.585 14028 14028 V ActivityScenario: Update currentActivityStage to CREATED, currentActivity=ru.iteco.fmhandroid.ui.AppActivity@4d99d8f
12-06 14:15:25.615 14028 14130 W teco.fmhandroi: JNI critical lock held for 27.556ms on Thread[4,tid=14130,Runnable,Thread*=0xe5a33a00,peer=0x13573b10,"arch_disk_io_0"]
12-06 14:15:26.262 14028 14028 D LifecycleMonitor: Lifecycle status change: ru.iteco.fmhandroid.ui.AppActivity@4d99d8f in: STARTED
12-06 14:15:26.263 14028 14028 V ActivityScenario: Update currentActivityStage to STARTED, currentActivity=ru.iteco.fmhandroid.ui.AppActivity@4d99d8f
12-06 14:15:26.268 14028 14028 D LifecycleMonitor: Lifecycle status change: ru.iteco.fmhandroid.ui.AppActivity@4d99d8f in: RESUMED
12-06 14:15:26.269 14028 14028 V ActivityScenario: Update currentActivityStage to RESUMED, currentActivity=ru.iteco.fmhandroid.ui.AppActivity@4d99d8f
12-06 14:15:26.269 14028 14067 V FA      : Activity resumed, time: 11332877
12-06 14:15:26.303 14028 14073 W FileTestStorage: Test input args is not supported.
12-06 14:15:26.304 14028 14067 I FA      : Tag Manager is not found and thus will not be used
12-06 14:15:26.340 14028 14073 W teco.fmhandroi: Accessing hidden method Lsun/misc/Unsafe;->getUnsafe()Lsun/misc/Unsafe; (greylist,core-platform-api, linking, allowed)
12-06 14:15:26.340 14028 14073 W teco.fmhandroi: Accessing hidden method Lsun/misc/Unsafe;->objectFieldOffset(Ljava/lang/reflect/Field;)J (greylist,core-platform-api, linking, allowed)
12-06 14:15:26.341 14028 14073 W teco.fmhandroi: Accessing hidden method Lsun/misc/Unsafe;->putObject(Ljava/lang/Object;JLjava/lang/Object;)V (greylist, linking, allowed)
12-06 14:15:26.361 14028 14073 W teco.fmhandroi: Accessing hidden method Lsun/misc/Unsafe;->compareAndSwapObject(Ljava/lang/Object;JLjava/lang/Object;Ljava/lang/Object;)Z (greylist, linking, allowed)
12-06 14:15:26.361 14028 14073 W teco.fmhandroi: Accessing hidden method Lsun/misc/Unsafe;->getObject(Ljava/lang/Object;J)Ljava/lang/Object; (greylist, linking, allowed)
12-06 14:15:26.409 14028 14028 W teco.fmhandroi: Accessing hidden method Landroid/os/MessageQueue;->next()Landroid/os/Message; (greylist, reflection, allowed)
12-06 14:15:26.409 14028 14028 W teco.fmhandroi: Accessing hidden field Landroid/os/MessageQueue;->mMessages:Landroid/os/Message; (greylist, reflection, allowed)
12-06 14:15:26.410 14028 14028 W teco.fmhandroi: Accessing hidden method Landroid/os/Message;->recycleUnchecked()V (greylist, reflection, allowed)
12-06 14:15:26.448 14028 14041 I teco.fmhandroi: NativeAlloc concurrent copying GC freed 40006(3393KB) AllocSpace objects, 14(280KB) LOS objects, 49% free, 3228KB/6456KB, paused 2.459ms total 214.877ms
12-06 14:15:26.468 14028 14067 V FA      : Inactivity, disconnecting from the service
12-06 14:15:26.489  2873 14011 V FA-SVC  : Logging event: origin=auto,name=screen_view(_vs),params=Bundle[{ga_event_origin(_o)=auto, ga_screen_class(_sc)=AppActivity, ga_screen_id(_si)=4972209783907033704}]
12-06 14:15:26.528 14028 14120 D HostConnection: HostConnection::get() New Host Connection established 0xda28fb80, tid 14120
12-06 14:15:26.554  2873 14011 V FA-SVC  : Upload scheduled in approximately ms: 3595089
12-06 14:15:26.554  2873 14011 V FA-SVC  : Unscheduling upload
12-06 14:15:26.563  2873 14011 V FA-SVC  : Scheduling upload, millis: 3595089
12-06 14:15:26.569  2656 12806 E NetworkScheduler.ATC: Called cancelTask for already completed task com.google.android.gms/.measurement.PackageMeasurementTaskService{u=0 tag="Measurement.PackageMeasurementTaskService.UPLOAD_TASK_TAG" trigger=window{start=271s,end=544s,earliest=-567s,latest=-294s} requirements=[NET_CONNECTED] attributes=[PERSISTED] scheduled=-838s last_run=-13s jid=N/A status=ACTIVE retries=0 client_lib=GMS_TASK_SCHEDULER-202414000} :1 [CONTEXT service_id=218 ]
12-06 14:15:26.573  2873 14011 V FA-SVC  : Background event processing time, ms: 86
12-06 14:15:26.589 14028 14120 D HostConnection: HostComposition ext ANDROID_EMU_CHECKSUM_HELPER_v1 ANDROID_EMU_dma_v1 ANDROID_EMU_direct_mem ANDROID_EMU_host_composition_v1 ANDROID_EMU_host_composition_v2 ANDROID_EMU_vulkan ANDROID_EMU_deferred_vulkan_commands ANDROID_EMU_vulkan_null_optional_strings ANDROID_EMU_vulkan_create_resources_with_requirements ANDROID_EMU_YUV_Cache ANDROID_EMU_vulkan_ignored_handles ANDROID_EMU_vulkan_free_memory_sync ANDROID_EMU_vulkan_shader_float16_int8 ANDROID_EMU_vulkan_async_queue_submit ANDROID_EMU_sync_buffer_data GL_OES_vertex_array_object GL_KHR_texture_compression_astc_ldr ANDROID_EMU_host_side_tracing ANDROID_EMU_gles_max_version_2 
12-06 14:15:26.638 14028 14120 W OpenGLRenderer: Failed to choose config with EGL_SWAP_BEHAVIOR_PRESERVED, retrying without...
12-06 14:15:26.812 14028 14120 D EGL_emulation: eglCreateContext: 0xe593da80: maj 2 min 0 rcv 2
12-06 14:15:26.830 14028 14120 D EGL_emulation: eglMakeCurrent: 0xe593da80: ver 2 0 (tinfo 0xf0c9ef00)
12-06 14:15:26.851  1776  1776 D gralloc_ranchu: gralloc_alloc: Creating ashmem region of size 10108928
12-06 14:15:26.858  1648  1648 I hwservicemanager: getTransport: Cannot find entry android.hardware.graphics.mapper@3.0::IMapper/default in either framework or device manifest.
12-06 14:15:26.858 14028 14120 W Gralloc3: mapper 3.x is not supported
12-06 14:15:26.870 14028 14120 D HostConnection: createUnique: call
12-06 14:15:26.871 14028 14120 D HostConnection: HostConnection::get() New Host Connection established 0xda292060, tid 14120
12-06 14:15:26.873 14028 14120 D HostConnection: HostComposition ext ANDROID_EMU_CHECKSUM_HELPER_v1 ANDROID_EMU_dma_v1 ANDROID_EMU_direct_mem ANDROID_EMU_host_composition_v1 ANDROID_EMU_host_composition_v2 ANDROID_EMU_vulkan ANDROID_EMU_deferred_vulkan_commands ANDROID_EMU_vulkan_null_optional_strings ANDROID_EMU_vulkan_create_resources_with_requirements ANDROID_EMU_YUV_Cache ANDROID_EMU_vulkan_ignored_handles ANDROID_EMU_vulkan_free_memory_sync ANDROID_EMU_vulkan_shader_float16_int8 ANDROID_EMU_vulkan_async_queue_submit ANDROID_EMU_sync_buffer_data GL_OES_vertex_array_object GL_KHR_texture_compression_astc_ldr ANDROID_EMU_host_side_tracing ANDROID_EMU_gles_max_version_2 
12-06 14:15:26.875 14028 14120 D eglCodecCommon: allocate: Ask for block of size 0x1000
12-06 14:15:26.876 14028 14120 D eglCodecCommon: allocate: ioctl allocate returned offset 0x3ffff8000 size 0x2000
12-06 14:15:26.884  1776  1776 D gralloc_ranchu: gralloc_alloc: Creating ashmem region of size 10108928
12-06 14:15:26.887  1776  1776 D gralloc_ranchu: gralloc_alloc: Creating ashmem region of size 10108928
12-06 14:15:26.891 14028 14120 D EGL_emulation: eglMakeCurrent: 0xe593da80: ver 2 0 (tinfo 0xf0c9ef00)
12-06 14:15:27.097 14028 14120 I OpenGLRenderer: Davey! duration=712ms; Flags=1, IntendedVsync=11332984333546, Vsync=11333017666878, OldestInputEvent=9223372036854775807, NewestInputEvent=0, HandleInputStart=11333021669420, AnimationStart=11333021745420, PerformTraversalsStart=11333021829620, DrawStart=11333490250520, SyncQueued=11333493713120, SyncStart=11333501681820, IssueDrawCommandsStart=11333502968220, SwapBuffers=11333658555820, FrameCompleted=11333704713820, DequeueBufferDuration=854000, QueueBufferDuration=2460000, 
12-06 14:15:27.103 14028 14028 I Choreographer: Skipped 40 frames!  The application may be doing too much work on its main thread.
12-06 14:15:27.174  2018  2058 I ActivityTaskManager: Displayed ru.iteco.fmhandroid/.ui.AppActivity: +5s538ms
12-06 14:15:27.176  2018  2058 E memtrack: Couldn't load memtrack module
12-06 14:15:27.176  2018  2058 W android.os.Debug: failed to get memory consumption info: -1
12-06 14:15:27.194 14028 14028 W teco.fmhandroi: Accessing hidden method Landroid/view/WindowManagerGlobal;->getInstance()Landroid/view/WindowManagerGlobal; (greylist, reflection, allowed)
12-06 14:15:27.194 14028 14028 W teco.fmhandroi: Accessing hidden field Landroid/view/WindowManagerGlobal;->mViews:Ljava/util/ArrayList; (greylist, reflection, allowed)
12-06 14:15:27.194 14028 14028 W teco.fmhandroi: Accessing hidden field Landroid/view/WindowManagerGlobal;->mParams:Ljava/util/ArrayList; (greylist, reflection, allowed)
12-06 14:15:27.219 14028 14028 I ViewInteraction: Performing 'wait for a specific view with <(an instance of android.widget.TextView and view.getText() with or without transformation to match: is "Authorization" and view.getParent() view.getParent() view.getId() is <2131231186>)> during 10000 millis.' action on view view.getRootView() to equal view
12-06 14:15:27.342  2170  2566 D EGL_emulation: eglMakeCurrent: 0xe594e040: ver 2 0 (tinfo 0xc52450c0)
12-06 14:15:29.272 14028 14028 W teco.fmhandroi: Accessing hidden field Lsun/misc/Unsafe;->theUnsafe:Lsun/misc/Unsafe; (greylist, reflection, allowed)
12-06 14:15:29.272 14028 14028 W teco.fmhandroi: Accessing hidden method Lsun/misc/Unsafe;->allocateInstance(Ljava/lang/Class;)Ljava/lang/Object; (greylist, reflection, allowed)
12-06 14:15:29.322 14028 14138 I okhttp.OkHttpClient: --> GET http://www.981757-ca08998.tmweb.ru:8080/fmh/authentication/userInfo
12-06 14:15:29.322 14028 14138 I okhttp.OkHttpClient: --> END GET
12-06 14:15:30.254  2656 13868 I LogUtils: [Places]: ?: Couldn't find platform key file. [CONTEXT service_id=253 ]
12-06 14:15:30.261  2656 13868 I LogUtils: [Places]: ?: Couldn't find platform key file. [CONTEXT service_id=253 ]
12-06 14:15:30.301  2656 13864 I LogUtils: [Places]: ?: PlacesBleScanner stop() [CONTEXT service_id=253 ]
12-06 14:15:30.308  2656  2656 I BeaconBle: Scan : No clients left, canceling alarm. [CONTEXT service_id=111 ]
12-06 14:15:30.308  2656  2656 I BeaconBle: Scan canceled successfully. [CONTEXT service_id=111 ]
12-06 14:15:30.325  2656 13864 I PlacesLogger: [PlaceInferenceEngine]: [anon] Changed inference mode: 0 [CONTEXT service_id=253 ]
12-06 14:15:30.361  2656  3542 W GCoreFlp: No location to return for getLastLocation()
12-06 14:15:30.409  2656 13867 I LogUtils: [Places]: ?: Couldn't find platform key file. [CONTEXT service_id=253 ]
12-06 14:15:30.421  2656 13798 I LogUtils: [Places]: ?: Couldn't find platform key file. [CONTEXT service_id=253 ]
12-06 14:15:30.507  2656  2656 I GeofencerStateMachine: removeGeofences: removeRequest=RemoveGeofencingRequest[REMOVE_BY_PENDING_INTENT pendingIntent=PendingIntent[creatorPackage=com.google.android.gms], packageName=com.google.android.gms]
12-06 14:15:32.508 12448 12508 E ActivityThread: Failed to find provider info for com.google.android.apps.wellbeing.api
12-06 14:15:34.827  2962  3348 I WorkerManager: dispose()
12-06 14:15:34.828  2962  3348 W ThreadPoolDumper: Queue length for executor EventBus is now 11. Perhaps some tasks are too long, or the pool is too small.
12-06 14:15:35.261  1744 14139 E ResolverController: No valid NAT64 prefix (100, <unspecified>/0)
12-06 14:15:35.325  2656  2656 I BeaconBle: Scan : No clients left, canceling alarm. [CONTEXT service_id=111 ]
12-06 14:15:35.583 14028 14138 I okhttp.OkHttpClient: <-- 200 http://www.981757-ca08998.tmweb.ru:8080/fmh/authentication/userInfo (6260ms)
12-06 14:15:35.583 14028 14138 I okhttp.OkHttpClient: Vary: Origin
12-06 14:15:35.583 14028 14138 I okhttp.OkHttpClient: Vary: Access-Control-Request-Method
12-06 14:15:35.583 14028 14138 I okhttp.OkHttpClient: Vary: Access-Control-Request-Headers
12-06 14:15:35.584 14028 14138 I okhttp.OkHttpClient: X-Content-Type-Options: nosniff
12-06 14:15:35.584 14028 14138 I okhttp.OkHttpClient: X-XSS-Protection: 1; mode=block
12-06 14:15:35.584 14028 14138 I okhttp.OkHttpClient: Cache-Control: no-cache, no-store, max-age=0, must-revalidate
12-06 14:15:35.584 14028 14138 I okhttp.OkHttpClient: Pragma: no-cache
12-06 14:15:35.584 14028 14138 I okhttp.OkHttpClient: Expires: 0
12-06 14:15:35.584 14028 14138 I okhttp.OkHttpClient: X-Frame-Options: DENY
12-06 14:15:35.584 14028 14138 I okhttp.OkHttpClient: Content-Type: application/json
12-06 14:15:35.584 14028 14138 I okhttp.OkHttpClient: Transfer-Encoding: chunked
12-06 14:15:35.584 14028 14138 I okhttp.OkHttpClient: Date: Tue, 06 Dec 2022 14:15:36 GMT
12-06 14:15:35.584 14028 14138 I okhttp.OkHttpClient: Keep-Alive: timeout=60
12-06 14:15:35.584 14028 14138 I okhttp.OkHttpClient: Connection: keep-alive
12-06 14:15:35.586 14028 14138 I okhttp.OkHttpClient: {"id":2,"firstName":"Данил","lastName":"Иванов","middleName":"Данилович","admin":true}
12-06 14:15:35.586 14028 14138 I okhttp.OkHttpClient: <-- END HTTP (106-byte body)
12-06 14:15:35.707 14028 14147 I okhttp.OkHttpClient: --> GET http://www.981757-ca08998.tmweb.ru:8080/fmh/claims
12-06 14:15:35.707 14028 14147 I okhttp.OkHttpClient: --> END GET
12-06 14:15:38.177  2018  2058 E memtrack: Couldn't load memtrack module
12-06 14:15:38.177  2018  2058 W android.os.Debug: failed to get memory consumption info: -1
12-06 14:15:38.438 14028 14147 I okhttp.OkHttpClient: <-- 200 http://www.981757-ca08998.tmweb.ru:8080/fmh/claims (2731ms)
12-06 14:15:38.439 14028 14147 I okhttp.OkHttpClient: Vary: Origin
12-06 14:15:38.439 14028 14147 I okhttp.OkHttpClient: Vary: Access-Control-Request-Method
12-06 14:15:38.439 14028 14147 I okhttp.OkHttpClient: Vary: Access-Control-Request-Headers
12-06 14:15:38.440 14028 14147 I okhttp.OkHttpClient: X-Content-Type-Options: nosniff
12-06 14:15:38.440 14028 14147 I okhttp.OkHttpClient: X-XSS-Protection: 1; mode=block
12-06 14:15:38.440 14028 14147 I okhttp.OkHttpClient: Cache-Control: no-cache, no-store, max-age=0, must-revalidate
12-06 14:15:38.440 14028 14147 I okhttp.OkHttpClient: Pragma: no-cache
12-06 14:15:38.442 14028 14147 I okhttp.OkHttpClient: Expires: 0
12-06 14:15:38.442 14028 14147 I okhttp.OkHttpClient: X-Frame-Options: DENY
12-06 14:15:38.442 14028 14147 I okhttp.OkHttpClient: Content-Type: application/json
12-06 14:15:38.442 14028 14147 I okhttp.OkHttpClient: Transfer-Encoding: chunked
12-06 14:15:38.442 14028 14147 I okhttp.OkHttpClient: Date: Tue, 06 Dec 2022 14:15:39 GMT
12-06 14:15:38.442 14028 14147 I okhttp.OkHttpClient: Keep-Alive: timeout=60
12-06 14:15:38.442 14028 14147 I okhttp.OkHttpClient: Connection: keep-alive
12-06 14:15:39.995 14028 14028 I Choreographer: Skipped 262 frames!  The application may be doing too much work on its main thread.
12-06 14:15:40.591 14028 14120 I OpenGLRenderer: Davey! duration=4965ms; Flags=1, IntendedVsync=11342234382439, Vsync=11346601048931, OldestInputEvent=9223372036854775807, NewestInputEvent=0, HandleInputStart=11346604142420, AnimationStart=11346604197320, PerformTraversalsStart=11346604447120, DrawStart=11346741798520, SyncQueued=11346748831520, SyncStart=11346749157220, IssueDrawCommandsStart=11346751056220, SwapBuffers=11347173532820, FrameCompleted=11347200037220, DequeueBufferDuration=125000, QueueBufferDuration=426000, 
12-06 14:15:41.194 14028 14041 I teco.fmhandroi: Background young concurrent copying GC freed 17568(941KB) AllocSpace objects, 1(16KB) LOS objects, 9% free, 5885KB/6498KB, paused 1.128ms total 229.202ms
12-06 14:15:41.352 14028 14028 I Choreographer: Skipped 35 frames!  The application may be doing too much work on its main thread.
12-06 14:15:41.378 14028 14041 I teco.fmhandroi: Background concurrent copying GC freed 6561(271KB) AllocSpace objects, 0(0B) LOS objects, 49% free, 5881KB/11MB, paused 1.708ms total 123.308ms
12-06 14:15:41.382 14028 14120 I OpenGLRenderer: Davey! duration=773ms; Flags=0, IntendedVsync=11347217655852, Vsync=11347217655852, OldestInputEvent=9223372036854775807, NewestInputEvent=0, HandleInputStart=11347225592920, AnimationStart=11347225746420, PerformTraversalsStart=11347225833420, DrawStart=11347848103320, SyncQueued=11347954717720, SyncStart=11347955312620, IssueDrawCommandsStart=11347955794220, SwapBuffers=11347983223220, FrameCompleted=11347991583520, DequeueBufferDuration=672000, QueueBufferDuration=923000, 
12-06 14:15:41.490 14028 14028 D takeScreenshot: Found 1 global views to redraw
12-06 14:15:41.536  1776  1776 D gralloc_ranchu: gralloc_alloc: Creating ashmem region of size 10108928
12-06 14:15:41.608  1648  1648 I hwservicemanager: getTransport: Cannot find entry android.hardware.graphics.mapper@3.0::IMapper/default in either framework or device manifest.
12-06 14:15:41.609 14007 14027 W Gralloc3: mapper 3.x is not supported
12-06 14:15:41.682 14007 14027 D HostConnection: createUnique: call
12-06 14:15:41.685 14007 14027 D HostConnection: HostConnection::get() New Host Connection established 0xeb0564e0, tid 14027
12-06 14:15:41.715 14007 14027 D HostConnection: HostComposition ext ANDROID_EMU_CHECKSUM_HELPER_v1 ANDROID_EMU_dma_v1 ANDROID_EMU_direct_mem ANDROID_EMU_host_composition_v1 ANDROID_EMU_host_composition_v2 ANDROID_EMU_vulkan ANDROID_EMU_deferred_vulkan_commands ANDROID_EMU_vulkan_null_optional_strings ANDROID_EMU_vulkan_create_resources_with_requirements ANDROID_EMU_YUV_Cache ANDROID_EMU_vulkan_ignored_handles ANDROID_EMU_vulkan_free_memory_sync ANDROID_EMU_vulkan_shader_float16_int8 ANDROID_EMU_vulkan_async_queue_submit ANDROID_EMU_sync_buffer_data GL_OES_vertex_array_object GL_KHR_texture_compression_astc_ldr ANDROID_EMU_host_side_tracing ANDROID_EMU_gles_max_version_2 
12-06 14:15:41.716 14007 14027 D eglCodecCommon: allocate: Ask for block of size 0x1000
12-06 14:15:41.717 14007 14027 D eglCodecCommon: allocate: ioctl allocate returned offset 0x3ffff6000 size 0x2000
12-06 14:15:41.738  1793  2129 E SurfaceFlinger: ro.sf.lcd_density must be defined as a build property
12-06 14:15:41.741  1793  2129 E SurfaceFlinger: ro.sf.lcd_density must be defined as a build property
12-06 14:15:41.745 14007 14154 D libEGL  : Emulator has host GPU support, qemu.gles is set to 1.
12-06 14:15:41.763 14007 14154 W libc    : Unable to set property "qemu.gles" to "1": error code: 0x18
12-06 14:15:41.772 14007 14154 D libEGL  : loaded /vendor/lib/egl/libEGL_emulation.so
12-06 14:15:41.778 14007 14154 D libEGL  : loaded /vendor/lib/egl/libGLESv1_CM_emulation.so
12-06 14:15:41.779 14007 14154 D libEGL  : loaded /vendor/lib/egl/libGLESv2_emulation.so
12-06 14:15:41.793 14007 14154 D HostConnection: HostConnection::get() New Host Connection established 0xeb0563f0, tid 14154
12-06 14:15:41.795 14007 14154 D HostConnection: HostComposition ext ANDROID_EMU_CHECKSUM_HELPER_v1 ANDROID_EMU_dma_v1 ANDROID_EMU_direct_mem ANDROID_EMU_host_composition_v1 ANDROID_EMU_host_composition_v2 ANDROID_EMU_vulkan ANDROID_EMU_deferred_vulkan_commands ANDROID_EMU_vulkan_null_optional_strings ANDROID_EMU_vulkan_create_resources_with_requirements ANDROID_EMU_YUV_Cache ANDROID_EMU_vulkan_ignored_handles ANDROID_EMU_vulkan_free_memory_sync ANDROID_EMU_vulkan_shader_float16_int8 ANDROID_EMU_vulkan_async_queue_submit ANDROID_EMU_sync_buffer_data GL_OES_vertex_array_object GL_KHR_texture_compression_astc_ldr ANDROID_EMU_host_side_tracing ANDROID_EMU_gles_max_version_2 
12-06 14:15:41.800 14007 14154 W OpenGLRenderer: Failed to choose config with EGL_SWAP_BEHAVIOR_PRESERVED, retrying without...
12-06 14:15:41.873 14007 14154 D EGL_emulation: eglCreateContext: 0xd5c283c0: maj 2 min 0 rcv 2
12-06 14:15:41.878 14007 14154 D EGL_emulation: eglMakeCurrent: 0xd5c283c0: ver 2 0 (tinfo 0xd5c0f0e0)
12-06 14:15:42.364 14028 14073 W DefaultFailureHandler: Failed to take screenshot
12-06 14:15:42.364 14028 14073 W DefaultFailureHandler: java.io.FileNotFoundException: view-op-error-1.png: open failed: EROFS (Read-only file system)
12-06 14:15:42.364 14028 14073 W DefaultFailureHandler: 	at libcore.io.IoBridge.open(IoBridge.java:496)
