12-06 14:15:48.579  1776  1825 D gralloc_ranchu: gralloc_alloc: Creating ashmem region of size 3072000
12-06 14:15:48.663 14028 14120 D EGL_emulation: eglMakeCurrent: 0xe593da80: ver 2 0 (tinfo 0xf0c9ef00)
12-06 14:15:48.664  2537  8546 I OpenGLRenderer: Davey! duration=755ms; Flags=1, IntendedVsync=11354501137609, Vsync=11354951137591, OldestInputEvent=9223372036854775807, NewestInputEvent=0, HandleInputStart=11354966909020, AnimationStart=11354966964020, PerformTraversalsStart=11354967023420, DrawStart=11355017404920, SyncQueued=11355082129020, SyncStart=11355095884720, IssueDrawCommandsStart=11355096670320, SwapBuffers=11355197238220, FrameCompleted=11355270187220, DequeueBufferDuration=195000, QueueBufferDuration=402000, 
12-06 14:15:48.688  1776  1825 D gralloc_ranchu: gralloc_alloc: Creating ashmem region of size 3072000
12-06 14:15:48.694  2537  2537 I PhenotypeExpConfig: refreshConfiguration() : Force = false : UpdateAvailable = false : Age = 69 minutes : MaxAge = 720 minutes
12-06 14:15:48.704 14028 14120 D EGL_emulation: eglMakeCurrent: 0xe593da80: ver 2 0 (tinfo 0xf0c9ef00)
12-06 14:15:48.712  2537  2537 I AndroidIME: LatinIme.onDeactivate()
12-06 14:15:48.723 14028 14120 D EGL_emulation: eglMakeCurrent: 0xe593da80: ver 2 0 (tinfo 0xf0c9ef00)
12-06 14:15:48.738  1776  1825 D gralloc_ranchu: gralloc_alloc: Creating ashmem region of size 3072000
12-06 14:15:48.757  2537  8546 D EGL_emulation: eglMakeCurrent: 0xc286ce00: ver 2 0 (tinfo 0xc335ede0)
12-06 14:15:48.818 14028 14120 D EGL_emulation: eglMakeCurrent: 0xe593da80: ver 2 0 (tinfo 0xf0c9ef00)
12-06 14:15:48.852  1776  1825 D gralloc_ranchu: gralloc_alloc: Creating ashmem region of size 4116480
12-06 14:15:48.860 14028 14120 D EGL_emulation: eglMakeCurrent: 0xe593da80: ver 2 0 (tinfo 0xf0c9ef00)
12-06 14:15:48.881  1776  1825 D gralloc_ranchu: gralloc_alloc: Creating ashmem region of size 4116480
12-06 14:15:48.885 14028 14120 D EGL_emulation: eglMakeCurrent: 0xe593da80: ver 2 0 (tinfo 0xf0c9ef00)
12-06 14:15:48.909 14028 14120 D EGL_emulation: eglMakeCurrent: 0xe593da80: ver 2 0 (tinfo 0xf0c9ef00)
12-06 14:15:48.919  1776  1825 D gralloc_ranchu: gralloc_alloc: Creating ashmem region of size 4116480
12-06 14:15:48.923 14028 14120 D EGL_emulation: eglMakeCurrent: 0xe593da80: ver 2 0 (tinfo 0xf0c9ef00)
12-06 14:15:50.211 14028 14162 I okhttp.OkHttpClient: <-- 200 http://www.981757-ca08998.tmweb.ru:8080/fmh/claims (3578ms)
12-06 14:15:50.212 14028 14162 I okhttp.OkHttpClient: Vary: Origin
12-06 14:15:50.212 14028 14162 I okhttp.OkHttpClient: Vary: Access-Control-Request-Method
12-06 14:15:50.212 14028 14162 I okhttp.OkHttpClient: Vary: Access-Control-Request-Headers
12-06 14:15:50.212 14028 14162 I okhttp.OkHttpClient: X-Content-Type-Options: nosniff
12-06 14:15:50.213 14028 14162 I okhttp.OkHttpClient: X-XSS-Protection: 1; mode=block
12-06 14:15:50.213 14028 14162 I okhttp.OkHttpClient: Cache-Control: no-cache, no-store, max-age=0, must-revalidate
12-06 14:15:50.213 14028 14162 I okhttp.OkHttpClient: Pragma: no-cache
12-06 14:15:50.213 14028 14162 I okhttp.OkHttpClient: Expires: 0
12-06 14:15:50.213 14028 14162 I okhttp.OkHttpClient: X-Frame-Options: DENY
12-06 14:15:50.213 14028 14162 I okhttp.OkHttpClient: Content-Type: application/json
12-06 14:15:50.213 14028 14162 I okhttp.OkHttpClient: Transfer-Encoding: chunked
12-06 14:15:50.213 14028 14162 I okhttp.OkHttpClient: Date: Tue, 06 Dec 2022 14:15:51 GMT
12-06 14:15:50.214 14028 14162 I okhttp.OkHttpClient: Keep-Alive: timeout=60
12-06 14:15:50.215 14028 14162 I okhttp.OkHttpClient: Connection: keep-alive
12-06 14:15:50.429 14028 14120 D EGL_emulation: eglMakeCurrent: 0xe593da80: ver 2 0 (tinfo 0xf0c9ef00)
12-06 14:15:50.936 14028 14120 D EGL_emulation: eglMakeCurrent: 0xe593da80: ver 2 0 (tinfo 0xf0c9ef00)
12-06 14:15:51.114  1764  1764 W audio_hw_generic: Not supplying enough data to HAL, expected position 17860245 , only wrote 17488738
12-06 14:15:52.039 14028 14028 I ViewInteraction: Checking 'MatchesViewAssertion{viewMatcher=(view has effective visibility <VISIBLE> and view.getGlobalVisibleRect() to return non-empty rectangle)}' assertion on view an instance of android.widget.TextView and view.getText() with or without transformation to match: is "Иванов Данил Данилович"
12-06 14:15:52.044 14028 14028 I ViewInteraction: Performing 'single click' action on view an instance of android.widget.TextView and view.getText() with or without transformation to match: is "Иванов Данил Данилович"
12-06 14:15:52.096 14028 14120 D EGL_emulation: eglMakeCurrent: 0xe593da80: ver 2 0 (tinfo 0xf0c9ef00)
12-06 14:15:52.166  1764  6994 W audio_hw_generic: Not supplying enough data to HAL, expected position 17488758 , only wrote 17488738
12-06 14:15:52.187 14028 14120 D EGL_emulation: eglMakeCurrent: 0xe593da80: ver 2 0 (tinfo 0xf0c9ef00)
12-06 14:15:52.211  2018  2036 E InputDispatcher: Window handle Window{ed15961 u0 PopupWindow:d2c14d1} has no registered input channel
12-06 14:15:52.228 14028 14120 D EGL_emulation: eglMakeCurrent: 0xe593da80: ver 2 0 (tinfo 0xf0c9ef00)
12-06 14:15:52.333 14028 14028 I ViewInteraction: Performing 'wait for a specific view with <(view.getId() is <2131231402> and view.getParent() view.getParent() view.getId() is <2131231406>)> during 10000 millis.' action on view view.getRootView() to equal view
12-06 14:15:52.336 14028 14073 W teco.fmhandroi: Accessing hidden method Lsun/misc/Unsafe;->compareAndSwapObject(Ljava/lang/Object;JLjava/lang/Object;Ljava/lang/Object;)Z (greylist, linking, allowed)
12-06 14:15:52.338 14028 14028 I ViewInteraction: Performing 'replace text(Заголовок 5553fed2-c3fd-4c82-9822-bb06bb6e0561)' action on view (view.getId() is <2131231402/ru.iteco.fmhandroid:id/title_edit_text> and view.getParent() view.getParent() view.getId() is <2131231406/ru.iteco.fmhandroid:id/title_text_input_layout>)
12-06 14:15:52.359 14028 14073 W teco.fmhandroi: Accessing hidden method Lsun/misc/Unsafe;->compareAndSwapObject(Ljava/lang/Object;JLjava/lang/Object;Ljava/lang/Object;)Z (greylist, linking, allowed)
12-06 14:15:52.389 14028 14028 I ViewInteraction: Performing 'wait for a specific view with <view.getId() is <2131230975>> during 10000 millis.' action on view view.getRootView() to equal view
12-06 14:15:52.391 14028 14073 W teco.fmhandroi: Accessing hidden method Lsun/misc/Unsafe;->compareAndSwapObject(Ljava/lang/Object;JLjava/lang/Object;Ljava/lang/Object;)Z (greylist, linking, allowed)
12-06 14:15:52.391 14028 14155 W teco.fmhandroi: Accessing hidden method Lsun/misc/Unsafe;->compareAndSwapObject(Ljava/lang/Object;JLjava/lang/Object;Ljava/lang/Object;)Z (greylist, linking, allowed)
12-06 14:15:52.395 14028 14028 I ViewInteraction: Performing 'single click' action on view view.getId() is <2131230975/ru.iteco.fmhandroid:id/date_in_plan_text_input_edit_text>
12-06 14:15:52.700  1776  1825 D gralloc_ranchu: gralloc_alloc: Creating ashmem region of size 6778880
12-06 14:15:52.705  1776  1825 I chatty  : uid=1000(system) HwBinder:1776_1 identical 1 line
12-06 14:15:52.706  1776  1825 D gralloc_ranchu: gralloc_alloc: Creating ashmem region of size 6778880
12-06 14:15:52.742 14028 14120 D EGL_emulation: eglMakeCurrent: 0xe593da80: ver 2 0 (tinfo 0xf0c9ef00)
12-06 14:15:52.786 14028 14041 I teco.fmhandroi: NativeAlloc concurrent copying GC freed 58744(2471KB) AllocSpace objects, 1(16KB) LOS objects, 33% free, 11MB/17MB, paused 812us total 216.218ms
12-06 14:15:52.793 14028 14120 D EGL_emulation: eglMakeCurrent: 0xe593da80: ver 2 0 (tinfo 0xf0c9ef00)
12-06 14:15:52.944 14028 14120 I chatty  : uid=10146(ru.iteco.fmhandroid) RenderThread identical 4 lines
12-06 14:15:52.963 14028 14120 D EGL_emulation: eglMakeCurrent: 0xe593da80: ver 2 0 (tinfo 0xf0c9ef00)
12-06 14:15:53.194 14028 14073 W teco.fmhandroi: Accessing hidden method Lsun/misc/Unsafe;->compareAndSwapObject(Ljava/lang/Object;JLjava/lang/Object;Ljava/lang/Object;)Z (greylist, linking, allowed)
12-06 14:15:53.197 14028 14028 I ViewInteraction: Performing 'wait for a specific view with <is assignable from class <class android.widget.DatePicker>> during 10000 millis.' action on view view.getRootView() to equal view
12-06 14:15:53.201 14028 14028 I ViewInteraction: Checking 'MatchesViewAssertion{viewMatcher=(view has effective visibility <VISIBLE> and view.getGlobalVisibleRect() to return non-empty rectangle)}' assertion on view is assignable from class <class android.widget.DatePicker>
12-06 14:15:53.205 14028 14028 I ViewInteraction: Performing 'wait for a specific view with <is assignable from class <class android.widget.DatePicker>> during 10000 millis.' action on view view.getRootView() to equal view
12-06 14:15:53.209 14028 14028 I ViewInteraction: Performing 'set date' action on view is assignable from class <class android.widget.DatePicker>
12-06 14:15:53.250 14028 14028 I ViewInteraction: Performing 'wait for a specific view with <view.getId() is <16908313>> during 10000 millis.' action on view view.getRootView() to equal view
12-06 14:15:53.251 14028 14073 W teco.fmhandroi: Accessing hidden method Lsun/misc/Unsafe;->compareAndSwapObject(Ljava/lang/Object;JLjava/lang/Object;Ljava/lang/Object;)Z (greylist, linking, allowed)
12-06 14:15:53.255 14028 14028 I ViewInteraction: Performing 'single click' action on view view.getId() is <16908313/android:id/button1>
12-06 14:15:53.352 14028 14120 D EGL_emulation: eglMakeCurrent: 0xe593da80: ver 2 0 (tinfo 0xf0c9ef00)
12-06 14:15:53.361  2018  7051 E InputDispatcher: Window handle Window{1c4a30f u0 ru.iteco.fmhandroid/ru.iteco.fmhandroid.ui.AppActivity} has no registered input channel
12-06 14:15:53.372 14028 14120 D EGL_emulation: eglMakeCurrent: 0xe593da80: ver 2 0 (tinfo 0xf0c9ef00)
12-06 14:15:53.596 14028 14073 W teco.fmhandroi: Accessing hidden method Lsun/misc/Unsafe;->compareAndSwapObject(Ljava/lang/Object;JLjava/lang/Object;Ljava/lang/Object;)Z (greylist, linking, allowed)
12-06 14:15:53.597 14028 14155 W teco.fmhandroi: Accessing hidden method Lsun/misc/Unsafe;->compareAndSwapObject(Ljava/lang/Object;JLjava/lang/Object;Ljava/lang/Object;)Z (greylist, linking, allowed)
12-06 14:15:53.599 14028 14028 I ViewInteraction: Performing 'wait for a specific view with <(an instance of android.widget.TextView and view.getHint() matching: is "Time" and view.getParent() view.getParent() view.getId() is <2131231399>)> during 10000 millis.' action on view view.getRootView() to equal view
12-06 14:15:53.601 14028 14073 W teco.fmhandroi: Accessing hidden method Lsun/misc/Unsafe;->compareAndSwapObject(Ljava/lang/Object;JLjava/lang/Object;Ljava/lang/Object;)Z (greylist, linking, allowed)
12-06 14:15:53.601 14028 14155 W teco.fmhandroi: Accessing hidden method Lsun/misc/Unsafe;->compareAndSwapObject(Ljava/lang/Object;JLjava/lang/Object;Ljava/lang/Object;)Z (greylist, linking, allowed)
12-06 14:15:53.603 14028 14028 I ViewInteraction: Performing 'single click' action on view (an instance of android.widget.TextView and view.getHint() matching: is "Time" and view.getParent() view.getParent() view.getId() is <2131231399/ru.iteco.fmhandroid:id/time_in_plan_text_input_layout>)
12-06 14:15:53.864  1776  1825 D gralloc_ranchu: gralloc_alloc: Creating ashmem region of size 5718016
12-06 14:15:53.870  1776  1825 I chatty  : uid=1000(system) HwBinder:1776_1 identical 1 line
12-06 14:15:53.871  1776  1825 D gralloc_ranchu: gralloc_alloc: Creating ashmem region of size 5718016
12-06 14:15:53.883 14028 14120 D EGL_emulation: eglMakeCurrent: 0xe593da80: ver 2 0 (tinfo 0xf0c9ef00)
12-06 14:15:53.952 14028 14120 I chatty  : uid=10146(ru.iteco.fmhandroid) RenderThread identical 2 lines
12-06 14:15:54.017 14028 14120 D EGL_emulation: eglMakeCurrent: 0xe593da80: ver 2 0 (tinfo 0xf0c9ef00)
12-06 14:15:54.244 14028 14073 W teco.fmhandroi: Accessing hidden method Lsun/misc/Unsafe;->compareAndSwapObject(Ljava/lang/Object;JLjava/lang/Object;Ljava/lang/Object;)Z (greylist, linking, allowed)
12-06 14:15:54.245 14028 14155 W teco.fmhandroi: Accessing hidden method Lsun/misc/Unsafe;->compareAndSwapObject(Ljava/lang/Object;JLjava/lang/Object;Ljava/lang/Object;)Z (greylist, linking, allowed)
12-06 14:15:54.247 14028 14028 I ViewInteraction: Performing 'wait for a specific view with <is assignable from class <class android.widget.TimePicker>> during 10000 millis.' action on view view.getRootView() to equal view
12-06 14:15:54.253 14028 14028 I ViewInteraction: Checking 'MatchesViewAssertion{viewMatcher=(view has effective visibility <VISIBLE> and view.getGlobalVisibleRect() to return non-empty rectangle)}' assertion on view is assignable from class <class android.widget.TimePicker>
12-06 14:15:54.257 14028 14028 I ViewInteraction: Performing 'wait for a specific view with <is assignable from class <class android.widget.TimePicker>> during 10000 millis.' action on view view.getRootView() to equal view
12-06 14:15:54.261 14028 14028 I ViewInteraction: Performing 'set time' action on view is assignable from class <class android.widget.TimePicker>
12-06 14:15:54.266 14028 14028 I ViewInteraction: Performing 'wait for a specific view with <view.getId() is <16908313/android:id/button1>> during 10000 millis.' action on view view.getRootView() to equal view
12-06 14:15:54.269 14028 14073 W teco.fmhandroi: Accessing hidden method Lsun/misc/Unsafe;->compareAndSwapObject(Ljava/lang/Object;JLjava/lang/Object;Ljava/lang/Object;)Z (greylist, linking, allowed)
12-06 14:15:54.269 14028 14155 W teco.fmhandroi: Accessing hidden method Lsun/misc/Unsafe;->compareAndSwapObject(Ljava/lang/Object;JLjava/lang/Object;Ljava/lang/Object;)Z (greylist, linking, allowed)
12-06 14:15:54.272 14028 14028 I ViewInteraction: Performing 'single click' action on view view.getId() is <16908313/android:id/button1>
12-06 14:15:54.332 14028 14120 D EGL_emulation: eglMakeCurrent: 0xe593da80: ver 2 0 (tinfo 0xf0c9ef00)
12-06 14:15:54.351 14028 14120 D EGL_emulation: eglMakeCurrent: 0xe593da80: ver 2 0 (tinfo 0xf0c9ef00)
12-06 14:15:54.363  2018  5837 E InputDispatcher: Window handle Window{7e312a u0 ru.iteco.fmhandroid/ru.iteco.fmhandroid.ui.AppActivity} has no registered input channel
12-06 14:15:54.367 14028 14120 D EGL_emulation: eglMakeCurrent: 0xe593da80: ver 2 0 (tinfo 0xf0c9ef00)
12-06 14:15:54.653 14028 14073 W teco.fmhandroi: Accessing hidden method Lsun/misc/Unsafe;->compareAndSwapObject(Ljava/lang/Object;JLjava/lang/Object;Ljava/lang/Object;)Z (greylist, linking, allowed)
12-06 14:15:54.653 14028 14155 W teco.fmhandroi: Accessing hidden method Lsun/misc/Unsafe;->compareAndSwapObject(Ljava/lang/Object;JLjava/lang/Object;Ljava/lang/Object;)Z (greylist, linking, allowed)
12-06 14:15:54.656 14028 14028 I ViewInteraction: Performing 'wait for a specific view with <(an instance of android.widget.TextView and view.getHint() matching: is "Description" and view.getParent() view.getParent() view.getId() is <2131230988>)> during 10000 millis.' action on view view.getRootView() to equal view
12-06 14:15:54.659 14028 14073 W teco.fmhandroi: Accessing hidden method Lsun/misc/Unsafe;->compareAndSwapObject(Ljava/lang/Object;JLjava/lang/Object;Ljava/lang/Object;)Z (greylist, linking, allowed)
12-06 14:15:54.662 14028 14028 I ViewInteraction: Performing 'replace text(Описание a16b0cba-6bae-4bab-96e7-9112f6ee9f6a)' action on view (an instance of android.widget.TextView and view.getHint() matching: is "Description" and view.getParent() view.getParent() view.getId() is <2131230988/ru.iteco.fmhandroid:id/description_text_input_layout>)
12-06 14:15:54.674 14028 14073 W teco.fmhandroi: Accessing hidden method Lsun/misc/Unsafe;->compareAndSwapObject(Ljava/lang/Object;JLjava/lang/Object;Ljava/lang/Object;)Z (greylist, linking, allowed)
12-06 14:15:54.727 14028 14028 I ViewInteraction: Performing 'wait for a specific view with <view.getId() is <2131231291>> during 10000 millis.' action on view view.getRootView() to equal view
12-06 14:15:54.730 14028 14073 W teco.fmhandroi: Accessing hidden method Lsun/misc/Unsafe;->compareAndSwapObject(Ljava/lang/Object;JLjava/lang/Object;Ljava/lang/Object;)Z (greylist, linking, allowed)
12-06 14:15:54.735 14028 14028 I ViewInteraction: Performing 'single click' action on view view.getId() is <2131231291/ru.iteco.fmhandroid:id/save_button>
12-06 14:15:54.813 14028 14167 I okhttp.OkHttpClient: --> POST http://www.981757-ca08998.tmweb.ru:8080/fmh/claims
12-06 14:15:54.813 14028 14167 I okhttp.OkHttpClient: Content-Type: application/json; charset=UTF-8
12-06 14:15:54.813 14028 14167 I okhttp.OkHttpClient: Content-Length: 294
12-06 14:15:54.813 14028 14167 I okhttp.OkHttpClient: {"createDate":1670336154,"creatorId":2,"creatorName":"Иванов Данил Данилович","description":"Описание a16b0cba-6bae-4bab-96e7-9112f6ee9f6a","executorId":2,"planExecuteDate":1670336100,"status":"OPEN","title":"Заголовок 5553fed2-c3fd-4c82-9822-bb06bb6e0561"}
12-06 14:15:54.813 14028 14167 I okhttp.OkHttpClient: --> END POST (294-byte body)
12-06 14:15:54.820  1744 14168 E ResolverController: No valid NAT64 prefix (100, <unspecified>/0)
12-06 14:15:55.036 14028 14155 W teco.fmhandroi: Accessing hidden method Lsun/misc/Unsafe;->compareAndSwapObject(Ljava/lang/Object;JLjava/lang/Object;Ljava/lang/Object;)Z (greylist, linking, allowed)
12-06 14:15:55.040 14028 14028 I ViewInteraction: Performing 'wait for a specific view with <view.getId() is <2131230916>> during 10000 millis.' action on view view.getRootView() to equal view
12-06 14:15:55.230 14028 14167 I okhttp.OkHttpClient: <-- 200 http://www.981757-ca08998.tmweb.ru:8080/fmh/claims (416ms)
12-06 14:15:55.230 14028 14167 I okhttp.OkHttpClient: Vary: Origin
12-06 14:15:55.230 14028 14167 I okhttp.OkHttpClient: Vary: Access-Control-Request-Method
12-06 14:15:55.230 14028 14167 I okhttp.OkHttpClient: Vary: Access-Control-Request-Headers
12-06 14:15:55.230 14028 14167 I okhttp.OkHttpClient: X-Content-Type-Options: nosniff
12-06 14:15:55.230 14028 14167 I okhttp.OkHttpClient: X-XSS-Protection: 1; mode=block
12-06 14:15:55.230 14028 14167 I okhttp.OkHttpClient: Cache-Control: no-cache, no-store, max-age=0, must-revalidate
12-06 14:15:55.231 14028 14167 I okhttp.OkHttpClient: Pragma: no-cache
12-06 14:15:55.232 14028 14167 I okhttp.OkHttpClient: Expires: 0
12-06 14:15:55.232 14028 14167 I okhttp.OkHttpClient: X-Frame-Options: DENY
12-06 14:15:55.232 14028 14167 I okhttp.OkHttpClient: Content-Type: application/json
12-06 14:15:55.232 14028 14167 I okhttp.OkHttpClient: Transfer-Encoding: chunked
12-06 14:15:55.232 14028 14167 I okhttp.OkHttpClient: Date: Tue, 06 Dec 2022 14:15:56 GMT
12-06 14:15:55.232 14028 14167 I okhttp.OkHttpClient: Keep-Alive: timeout=60
12-06 14:15:55.232 14028 14167 I okhttp.OkHttpClient: Connection: keep-alive
12-06 14:15:55.233 14028 14167 I okhttp.OkHttpClient: {"id":2638,"title":"Заголовок 5553fed2-c3fd-4c82-9822-bb06bb6e0561","description":"Описание a16b0cba-6bae-4bab-96e7-9112f6ee9f6a","creatorId":2,"executorId":2,"createDate":1670336154,"planExecuteDate":1670336100,"factExecuteDate":null,"status":"IN_PROGRESS","creatorName":"Иванов Данил Данилович","executorName":"Иванов Данил Данилович"}
12-06 14:15:55.233 14028 14167 I okhttp.OkHttpClient: <-- END HTTP (394-byte body)
12-06 14:15:55.347 14028 14028 I ViewInteraction: Checking 'MatchesViewAssertion{viewMatcher=(view has effective visibility <VISIBLE> and view.getGlobalVisibleRect() to return non-empty rectangle)}' assertion on view view.getId() is <2131230916/ru.iteco.fmhandroid:id/claim_list_recycler_view>
12-06 14:15:55.344 14028 14073 W teco.fmhandroi: Accessing hidden method Lsun/misc/Unsafe;->compareAndSwapObject(Ljava/lang/Object;JLjava/lang/Object;Ljava/lang/Object;)Z (greylist, linking, allowed)
12-06 14:15:55.347 14028 14155 W teco.fmhandroi: Accessing hidden method Lsun/misc/Unsafe;->compareAndSwapObject(Ljava/lang/Object;JLjava/lang/Object;Ljava/lang/Object;)Z (greylist, linking, allowed)
12-06 14:15:55.348 14028 14155 W teco.fmhandroi: Accessing hidden method Lsun/misc/Unsafe;->getObject(Ljava/lang/Object;J)Ljava/lang/Object; (greylist, linking, allowed)
12-06 14:15:55.355 14028 14028 I ViewInteraction: Performing 'scroll RecyclerView to: holder with view: (view is an instance of android.view.ViewGroup and has descendant matching an instance of android.widget.TextView and view.getText() with or without transformation to match: is "Заголовок 5553fed2-c3fd-4c82-9822-bb06bb6e0561")' action on view view.getId() is <2131230916/ru.iteco.fmhandroid:id/claim_list_recycler_view>
12-06 14:15:55.360 14028 14028 D takeScreenshot: Found 1 global views to redraw
12-06 14:15:55.382  1776  1825 D gralloc_ranchu: gralloc_alloc: Creating ashmem region of size 10108928
12-06 14:15:55.588 14028 14073 W DefaultFailureHandler: Failed to take screenshot
12-06 14:15:55.588 14028 14073 W DefaultFailureHandler: java.io.FileNotFoundException: view-op-error-2.png: open failed: EROFS (Read-only file system)
12-06 14:15:55.588 14028 14073 W DefaultFailureHandler: 	at libcore.io.IoBridge.open(IoBridge.java:496)
12-06 14:15:55.588 14028 14073 W DefaultFailureHandler: 	at java.io.FileOutputStream.<init>(FileOutputStream.java:235)
12-06 14:15:55.588 14028 14073 W DefaultFailureHandler: 	at java.io.FileOutputStream.<init>(FileOutputStream.java:125)
12-06 14:15:55.588 14028 14073 W DefaultFailureHandler: 	at androidx.test.platform.io.FileTestStorage.openOutputFile(FileTestStorage.java:60)
12-06 14:15:55.588 14028 14073 W DefaultFailureHandler: 	at androidx.test.core.graphics.BitmapStorage.writeToTestStorage(BitmapStorageExt.kt:49)
12-06 14:15:55.588 14028 14073 W DefaultFailureHandler: 	at androidx.test.espresso.base.DefaultFailureHandler.takeScreenshot(DefaultFailureHandler.java:4)
12-06 14:15:55.588 14028 14073 W DefaultFailureHandler: 	at androidx.test.espresso.base.DefaultFailureHandler.handle(DefaultFailureHandler.java:3)
12-06 14:15:55.588 14028 14073 W DefaultFailureHandler: 	at androidx.test.espresso.ViewInteraction.waitForAndHandleInteractionResults(ViewInteraction.java:8)
12-06 14:15:55.588 14028 14073 W DefaultFailureHandler: 	at androidx.test.espresso.ViewInteraction.desugaredPerform(ViewInteraction.java:11)
12-06 14:15:55.588 14028 14073 W DefaultFailureHandler: 	at androidx.test.espresso.ViewInteraction.perform(ViewInteraction.java:8)
12-06 14:15:55.588 14028 14073 W DefaultFailureHandler: 	at ru.iteco.fmhandroid.ui.steps.ClaimsPageSteps.scrollToElementInRecyclerList(ClaimsPageSteps.java:128)
12-06 14:15:55.588 14028 14073 W DefaultFailureHandler: 	at ru.iteco.fmhandroid.ui.steps.ClaimsPageSteps.openClaimCard(ClaimsPageSteps.java:151)
12-06 14:15:55.588 14028 14073 W DefaultFailureHandler: 	at ru.iteco.fmhandroid.ui.ClaimsPageTest.shouldAddACommentToTheClaim(ClaimsPageTest.java:102)
12-06 14:15:55.588 14028 14073 W DefaultFailureHandler: 	at java.lang.reflect.Method.invoke(Native Method)
12-06 14:15:55.588 14028 14073 W DefaultFailureHandler: 	at org.junit.runners.model.FrameworkMethod$1.runReflectiveCall(FrameworkMethod.java:59)
12-06 14:15:55.588 14028 14073 W DefaultFailureHandler: 	at org.junit.internal.runners.model.ReflectiveCallable.run(ReflectiveCallable.java:12)
12-06 14:15:55.588 14028 14073 W DefaultFailureHandler: 	at org.junit.runners.model.FrameworkMethod.invokeExplosively(FrameworkMethod.java:56)
12-06 14:15:55.588 14028 14073 W DefaultFailureHandler: 	at org.junit.internal.runners.statements.InvokeMethod.evaluate(InvokeMethod.java:17)
12-06 14:15:55.588 14028 14073 W DefaultFailureHandler: 	at androidx.test.internal.runner.junit4.statement.RunBefores.evaluate(RunBefores.java:80)
12-06 14:15:55.588 14028 14073 W DefaultFailureHandler: 	at io.qameta.allure.android.rules.ScreenshotRule$apply$1.evaluate(ScreenshotRule.kt:22)
12-06 14:15:55.588 14028 14073 W DefaultFailureHandler: 	at org.junit.rules.ExternalResource$1.evaluate(ExternalResource.java:54)
12-06 14:15:55.588 14028 14073 W DefaultFailureHandler: 	at io.qameta.allure.android.rules.LogcatRule$apply$1.evaluate(LogcatRule.kt:23)
12-06 14:15:55.588 14028 14073 W DefaultFailureHandler: 	at org.junit.rules.RunRules.evaluate(RunRules.java:20)
12-06 14:15:55.588 14028 14073 W DefaultFailureHandler: 	at org.junit.runners.ParentRunner$3.evaluate(ParentRunner.java:306)
12-06 14:15:55.588 14028 14073 W DefaultFailureHandler: 	at org.junit.runners.BlockJUnit4ClassRunner$1.evaluate(BlockJUnit4ClassRunner.java:100)
12-06 14:15:55.588 14028 14073 W DefaultFailureHandler: 	at org.junit.runners.ParentRunner.runLeaf(ParentRunner.java:366)
12-06 14:15:55.588 14028 14073 W DefaultFailureHandler: 	at org.junit.runners.BlockJUnit4ClassRunner.runChild(BlockJUnit4ClassRunner.java:103)
12-06 14:15:55.588 14028 14073 W DefaultFailureHandler: 	at org.junit.runners.BlockJUnit4ClassRunner.runChild(BlockJUnit4ClassRunner.java:63)
12-06 14:15:55.588 14028 14073 W DefaultFailureHandler: 	at org.junit.runners.ParentRunner$4.run(ParentRunner.java:331)
12-06 14:15:55.588 14028 14073 W DefaultFailureHandler: 	at org.junit.runners.ParentRunner$1.schedule(ParentRunner.java:79)
12-06 14:15:55.588 14028 14073 W DefaultFailureHandler: 	at org.junit.runners.ParentRunner.runChildren(ParentRunner.java:329)
12-06 14:15:55.588 14028 14073 W DefaultFailureHandler: 	at org.junit.runners.ParentRunner.access$100(ParentRunner.java:66)
12-06 14:15:55.588 14028 14073 W DefaultFailureHandler: 	at org.junit.runners.ParentRunner$2.evaluate(ParentRunner.java:293)
12-06 14:15:55.588 14028 14073 W DefaultFailureHandler: 	at org.junit.runners.ParentRunner$3.evaluate(ParentRunner.java:306)
12-06 14:15:55.588 14028 14073 W DefaultFailureHandler: 	at org.junit.runners.ParentRunner.run(ParentRunner.java:413)
12-06 14:15:55.588 14028 14073 W DefaultFailureHandler: 	at androidx.test.ext.junit.runners.AndroidJUnit4.run(AndroidJUnit4.java:162)
12-06 14:15:55.588 14028 14073 W DefaultFailureHandler: 	at io.qameta.allure.android.runners.AllureAndroidJUnit4.run(AllureAndroidJUnitRunners.kt:29)
12-06 14:15:55.588 14028 14073 W DefaultFailureHandler: 	at org.junit.runners.Suite.runChild(Suite.java:128)
12-06 14:15:55.588 14028 14073 W DefaultFailureHandler: 	at org.junit.runners.Suite.runChild(Suite.java:27)
12-06 14:15:55.588 14028 14073 W DefaultFailureHandler: 	at org.junit.runners.ParentRunner$4.run(ParentRunner.java:331)
12-06 14:15:55.588 14028 14073 W DefaultFailureHandler: 	at org.junit.runners.ParentRunner$1.schedule(ParentRunner.java:79)
12-06 14:15:55.588 14028 14073 W DefaultFailureHandler: 	at org.junit.runners.ParentRunner.runChildren(ParentRunner.java:329)
12-06 14:15:55.588 14028 14073 W DefaultFailureHandler: 	at org.junit.runners.ParentRunner.access$100(ParentRunner.java:66)
12-06 14:15:55.588 14028 14073 W DefaultFailureHandler: 	at org.junit.runners.ParentRunner$2.evaluate(ParentRunner.java:293)
12-06 14:15:55.588 14028 14073 W DefaultFailureHandler: 	at org.junit.runners.ParentRunner$3.evaluate(ParentRunner.java:306)
12-06 14:15:55.588 14028 14073 W DefaultFailureHandler: 	at org.junit.runners.ParentRunner.run(ParentRunner.java:413)
12-06 14:15:55.588 14028 14073 W DefaultFailureHandler: 	at org.junit.runner.JUnitCore.run(JUnitCore.java:137)
12-06 14:15:55.588 14028 14073 W DefaultFailureHandler: 	at org.junit.runner.JUnitCore.run(JUnitCore.java:115)
12-06 14:15:55.588 14028 14073 W DefaultFailureHandler: 	at androidx.test.internal.runner.TestExecutor.execute(TestExecutor.java:67)
12-06 14:15:55.588 14028 14073 W DefaultFailureHandler: 	at androidx.test.internal.runner.TestExecutor.execute(TestExecutor.java:58)
12-06 14:15:55.588 14028 14073 W DefaultFailureHandler: 	at androidx.test.runner.AndroidJUnitRunner.onStart(AndroidJUnitRunner.java:438)
12-06 14:15:55.592 14028 14073 W DefaultFailureHandler: 	at android.app.Instrumentation$InstrumentationThread.run(Instrumentation.java:2189)
12-06 14:15:55.592 14028 14073 W DefaultFailureHandler: Caused by: android.system.ErrnoException: open failed: EROFS (Read-only file system)
12-06 14:15:55.592 14028 14073 W DefaultFailureHandler: 	at libcore.io.Linux.open(Native Method)
12-06 14:15:55.592 14028 14073 W DefaultFailureHandler: 	at libcore.io.ForwardingOs.open(ForwardingOs.java:167)
12-06 14:15:55.592 14028 14073 W DefaultFailureHandler: 	at libcore.io.BlockGuardOs.open(BlockGuardOs.java:252)
12-06 14:15:55.592 14028 14073 W DefaultFailureHandler: 	at libcore.io.ForwardingOs.open(ForwardingOs.java:167)
12-06 14:15:55.592 14028 14073 W DefaultFailureHandler: 	at android.app.ActivityThread$AndroidOs.open(ActivityThread.java:7255)
12-06 14:15:55.592 14028 14073 W DefaultFailureHandler: 	at libcore.io.IoBridge.open(IoBridge.java:482)
12-06 14:15:55.592 14028 14073 W DefaultFailureHandler: 	... 51 more
12-06 14:15:55.610  1776  1825 D gralloc_ranchu: gralloc_alloc: Creating ashmem region of size 10108928
12-06 14:15:55.809  2018  5837 I ActivityTaskManager: START u0 {act=android.intent.action.MAIN cat=[android.intent.category.LAUNCHER] flg=0x10000000 cmp=ru.iteco.fmhandroid.test/androidx.test.core.app.InstrumentationActivityInvoker$EmptyActivity} from uid 10146
12-06 14:15:55.821 14028 14028 D LifecycleMonitor: Lifecycle status change: ru.iteco.fmhandroid.ui.AppActivity@4d99d8f in: PAUSED
12-06 14:15:55.821 14028 14028 V ActivityScenario: Update currentActivityStage to PAUSED, currentActivity=ru.iteco.fmhandroid.ui.AppActivity@4d99d8f
12-06 14:15:55.823  2018  5837 W InputReader: Device has associated, but no associated display id.
12-06 14:15:55.831  2018  5837 I chatty  : uid=1000(system) Binder:2018_16 identical 48 lines
12-06 14:15:55.831  2018  5837 W InputReader: Device has associated, but no associated display id.
12-06 14:15:55.854 14083 14083 W ActivityThread: handleWindowVisibility: no activity for token android.os.BinderProxy@8831977
12-06 14:15:55.868 14028 14067 V FA      : Recording user engagement, ms: 29552
12-06 14:15:55.910 14028 14067 V FA      : Connecting to remote service
12-06 14:15:55.920 14028 14067 V FA      : Connection attempt already in progress
12-06 14:15:55.920 14028 14067 V FA      : Activity paused, time: 11362437
12-06 14:15:55.932 14028 14067 D FA      : Connected to remote service
12-06 14:15:55.933 14028 14067 V FA      : Processing queued up service tasks: 2
12-06 14:15:55.980  2018  3051 W InputReader: Device has associated, but no associated display id.
12-06 14:15:55.980  2018  3051 I chatty  : uid=1000(system) Binder:2018_E identical 13 lines
12-06 14:15:55.980  2018  3051 W InputReader: Device has associated, but no associated display id.
12-06 14:15:55.980  2873 14011 V FA-SVC  : Logging event: origin=auto,name=user_engagement(_e),params=Bundle[{ga_event_origin(_o)=auto, engagement_time_msec(_et)=29552, ga_screen_class(_sc)=AppActivity, ga_screen_id(_si)=4972209783907033704}]
12-06 14:15:55.980  2018  3051 W InputReader: Device has associated, but no associated display id.
12-06 14:15:55.985  2018  3051 I chatty  : uid=1000(system) Binder:2018_E identical 33 lines
12-06 14:15:55.985  2018  3051 W InputReader: Device has associated, but no associated display id.
12-06 14:15:56.009 14083 14117 D HostConnection: HostConnection::get() New Host Connection established 0xdd8562d0, tid 14117
12-06 14:15:56.013 14083 14117 D HostConnection: HostComposition ext ANDROID_EMU_CHECKSUM_HELPER_v1 ANDROID_EMU_dma_v1 ANDROID_EMU_direct_mem ANDROID_EMU_host_composition_v1 ANDROID_EMU_host_composition_v2 ANDROID_EMU_vulkan ANDROID_EMU_deferred_vulkan_commands ANDROID_EMU_vulkan_null_optional_strings ANDROID_EMU_vulkan_create_resources_with_requirements ANDROID_EMU_YUV_Cache ANDROID_EMU_vulkan_ignored_handles ANDROID_EMU_vulkan_free_memory_sync ANDROID_EMU_vulkan_shader_float16_int8 ANDROID_EMU_vulkan_async_queue_submit ANDROID_EMU_sync_buffer_data GL_OES_vertex_array_object GL_KHR_texture_compression_astc_ldr ANDROID_EMU_host_side_tracing ANDROID_EMU_gles_max_version_2 
12-06 14:15:56.017 14083 14117 W OpenGLRenderer: Failed to choose config with EGL_SWAP_BEHAVIOR_PRESERVED, retrying without...
12-06 14:15:56.030  2873 14011 V FA-SVC  : Upload scheduled in approximately ms: 3565613
12-06 14:15:56.031  2873 14011 V FA-SVC  : Unscheduling upload
12-06 14:15:56.070 14083 14117 D EGL_emulation: eglCreateContext: 0xdd81a240: maj 2 min 0 rcv 2
12-06 14:15:56.070  2873 14011 V FA-SVC  : Scheduling upload, millis: 3565613
12-06 14:15:56.074 14083 14117 D EGL_emulation: eglMakeCurrent: 0xdd81a240: ver 2 0 (tinfo 0xdd80f630)
12-06 14:15:56.078  2656 14142 E NetworkScheduler.ATC: Called cancelTask for already completed task com.google.android.gms/.measurement.PackageMeasurementTaskService{u=0 tag="Measurement.PackageMeasurementTaskService.UPLOAD_TASK_TAG" trigger=window{start=271s,end=544s,earliest=-597s,latest=-324s} requirements=[NET_CONNECTED] attributes=[PERSISTED] scheduled=-868s last_run=-42s jid=N/A status=ACTIVE retries=0 client_lib=GMS_TASK_SCHEDULER-202414000} :1 [CONTEXT service_id=218 ]
12-06 14:15:56.082  1776  1825 D gralloc_ranchu: gralloc_alloc: Creating ashmem region of size 10108928
12-06 14:15:56.085  1648  1648 I hwservicemanager: getTransport: Cannot find entry android.hardware.graphics.mapper@3.0::IMapper/default in either framework or device manifest.
12-06 14:15:56.085 14083 14117 W Gralloc3: mapper 3.x is not supported
12-06 14:15:56.085  2873 14011 V FA-SVC  : Background event processing time, ms: 110
12-06 14:15:56.086 14083 14117 D HostConnection: createUnique: call
12-06 14:15:56.087 14083 14117 D HostConnection: HostConnection::get() New Host Connection established 0xdd8565f0, tid 14117
12-06 14:15:56.089 14083 14117 D HostConnection: HostComposition ext ANDROID_EMU_CHECKSUM_HELPER_v1 ANDROID_EMU_dma_v1 ANDROID_EMU_direct_mem ANDROID_EMU_host_composition_v1 ANDROID_EMU_host_composition_v2 ANDROID_EMU_vulkan ANDROID_EMU_deferred_vulkan_commands ANDROID_EMU_vulkan_null_optional_strings ANDROID_EMU_vulkan_create_resources_with_requirements ANDROID_EMU_YUV_Cache ANDROID_EMU_vulkan_ignored_handles ANDROID_EMU_vulkan_free_memory_sync ANDROID_EMU_vulkan_shader_float16_int8 ANDROID_EMU_vulkan_async_queue_submit ANDROID_EMU_sync_buffer_data GL_OES_vertex_array_object GL_KHR_texture_compression_astc_ldr ANDROID_EMU_host_side_tracing ANDROID_EMU_gles_max_version_2 
12-06 14:15:56.090 14083 14117 D eglCodecCommon: allocate: Ask for block of size 0x1000
12-06 14:15:56.090 14083 14117 D eglCodecCommon: allocate: ioctl allocate returned offset 0x3ff647000 size 0x2000
12-06 14:15:56.096  1776  1825 D gralloc_ranchu: gralloc_alloc: Creating ashmem region of size 10108928
12-06 14:15:56.098  1776  1825 D gralloc_ranchu: gralloc_alloc: Creating ashmem region of size 10108928
12-06 14:15:56.101 14083 14117 D EGL_emulation: eglMakeCurrent: 0xdd81a240: ver 2 0 (tinfo 0xdd80f630)
12-06 14:15:56.246 14083 14083 W ActivityThread: handleWindowVisibility: no activity for token android.os.BinderProxy@19f414
12-06 14:15:55.942  2018  5837 I ActivityTaskManager: START u0 {act=android.intent.action.MAIN cat=[android.intent.category.LAUNCHER] flg=0x10000000 cmp=ru.iteco.fmhandroid.test/androidx.test.core.app.InstrumentationActivityInvoker$EmptyActivity} from uid 10146
12-06 14:15:56.271  2018  7051 W ActivityTaskManager: Duplicate finish request for ActivityRecord{3a2ab91 u0 ru.iteco.fmhandroid/.ui.AppActivity t111 f}
12-06 14:15:56.302  1776  1825 D gralloc_ranchu: gralloc_alloc: Creating ashmem region of size 10108928
12-06 14:15:56.307  1776  1825 I chatty  : uid=1000(system) HwBinder:1776_1 identical 1 line
12-06 14:15:56.309  1776  1825 D gralloc_ranchu: gralloc_alloc: Creating ashmem region of size 10108928
12-06 14:15:56.316 14083 14117 D EGL_emulation: eglMakeCurrent: 0xdd81a240: ver 2 0 (tinfo 0xdd80f630)
12-06 14:15:56.351  2018  2054 W InputReader: Device has associated, but no associated display id.
12-06 14:15:56.352  2018  2054 I chatty  : uid=1000(system) android.anim identical 18 lines
12-06 14:15:56.352  2018  2054 W InputReader: Device has associated, but no associated display id.
12-06 14:15:56.356  2018  2058 I ActivityTaskManager: Displayed ru.iteco.fmhandroid.test/androidx.test.core.app.InstrumentationActivityInvoker$EmptyActivity: +436ms
12-06 14:15:56.370  2018  2036 W InputReader: Device has associated, but no associated display id.
12-06 14:15:56.371  2018  2036 I chatty  : uid=1000(system) Binder:2018_1 identical 8 lines
12-06 14:15:56.371  2018  2036 W InputReader: Device has associated, but no associated display id.
12-06 14:15:56.391 14028 14120 D EGL_emulation: eglMakeCurrent: 0xe593da80: ver 2 0 (tinfo 0xf0c9ef00)
12-06 14:15:56.411  2018  7051 W InputReader: Device has associated, but no associated display id.
12-06 14:15:56.412  2018  7051 I chatty  : uid=1000(system) Binder:2018_19 identical 8 lines
12-06 14:15:56.412  2018  7051 W InputReader: Device has associated, but no associated display id.
12-06 14:15:56.433 14028 14028 D AutofillManager: onActivityFinishing(): calling cancelLocked()
12-06 14:15:56.434 14028 14028 D LifecycleMonitor: Lifecycle status change: ru.iteco.fmhandroid.ui.AppActivity@4d99d8f in: STOPPED
12-06 14:15:56.434 14028 14028 V ActivityScenario: Update currentActivityStage to STOPPED, currentActivity=ru.iteco.fmhandroid.ui.AppActivity@4d99d8f
12-06 14:15:56.450 14028 14028 W System.err: ru.iteco.fmhandroid.exceptions.UnknownException
12-06 14:15:56.455 14028 14028 W System.err: 	at ru.iteco.fmhandroid.utils.Utils.makeRequest(Utils.kt:123)
12-06 14:15:56.455 14028 14028 W System.err: 	at ru.iteco.fmhandroid.utils.Utils$makeRequest$1.invokeSuspend(Unknown Source:15)
12-06 14:15:56.455 14028 14028 W System.err: 	at kotlin.coroutines.jvm.internal.BaseContinuationImpl.resumeWith(ContinuationImpl.kt:33)
12-06 14:15:56.455 14028 14028 W System.err: 	at kotlinx.coroutines.DispatchedTaskKt.resume(DispatchedTask.kt:234)
12-06 14:15:56.455 14028 14028 W System.err: 	at kotlinx.coroutines.DispatchedTaskKt.resumeUnconfined(DispatchedTask.kt:190)
12-06 14:15:56.455 14028 14028 W System.err: 	at kotlinx.coroutines.DispatchedTaskKt.dispatch(DispatchedTask.kt:161)
12-06 14:15:56.455 14028 14028 W System.err: 	at kotlinx.coroutines.CancellableContinuationImpl.dispatchResume(CancellableContinuationImpl.kt:397)
12-06 14:15:56.455 14028 14028 W System.err: 	at kotlinx.coroutines.CancellableContinuationImpl.cancel(CancellableContinuationImpl.kt:183)
12-06 14:15:56.455 14028 14028 W System.err: 	at kotlinx.coroutines.CancellableContinuationImpl.parentCancelled$kotlinx_coroutines_core(CancellableContinuationImpl.kt:190)
12-06 14:15:56.455 14028 14028 W System.err: 	at kotlinx.coroutines.ChildContinuation.invoke(JobSupport.kt:1474)
12-06 14:15:56.455 14028 14028 W System.err: 	at kotlinx.coroutines.JobSupport.notifyCancelling(JobSupport.kt:1499)
12-06 14:15:56.455 14028 14028 W System.err: 	at kotlinx.coroutines.JobSupport.tryMakeCancelling(JobSupport.kt:795)
12-06 14:15:56.456 14028 14028 W System.err: 	at kotlinx.coroutines.JobSupport.makeCancelling(JobSupport.kt:755)
12-06 14:15:56.456 14028 14028 W System.err: 	at kotlinx.coroutines.JobSupport.cancelImpl$kotlinx_coroutines_core(JobSupport.kt:671)
12-06 14:15:56.456 14028 14028 W System.err: 	at kotlinx.coroutines.JobSupport.parentCancelled(JobSupport.kt:637)
12-06 14:15:56.456 14028 14028 W System.err: 	at kotlinx.coroutines.ChildHandleNode.invoke(JobSupport.kt:1465)
12-06 14:15:56.456 14028 14028 W System.err: 	at kotlinx.coroutines.JobSupport.notifyCancelling(JobSupport.kt:1499)
12-06 14:15:56.456 14028 14028 W System.err: 	at kotlinx.coroutines.JobSupport.tryMakeCompletingSlowPath(JobSupport.kt:900)
12-06 14:15:56.456 14028 14028 W System.err: 	at kotlinx.coroutines.JobSupport.tryMakeCompleting(JobSupport.kt:863)
12-06 14:15:56.456 14028 14028 W System.err: 	at kotlinx.coroutines.JobSupport.cancelMakeCompleting(JobSupport.kt:696)
12-06 14:15:56.456 14028 14028 W System.err: 	at kotlinx.coroutines.JobSupport.cancelImpl$kotlinx_coroutines_core(JobSupport.kt:667)
12-06 14:15:56.456 14028 14028 W System.err: 	at kotlinx.coroutines.JobSupport.cancelInternal(JobSupport.kt:632)
12-06 14:15:56.456 14028 14028 W System.err: 	at kotlinx.coroutines.JobSupport.cancel(JobSupport.kt:617)
12-06 14:15:56.456 14028 14028 W System.err: 	at kotlinx.coroutines.JobKt__JobKt.cancel(Job.kt:561)
12-06 14:15:56.456 14028 14028 W System.err: 	at kotlinx.coroutines.JobKt.cancel(Unknown Source:1)
12-06 14:15:56.456 14028 14028 W System.err: 	at kotlinx.coroutines.JobKt__JobKt.cancel$default(Job.kt:560)
12-06 14:15:56.457 14028 14028 W System.err: 	at kotlinx.coroutines.JobKt.cancel$default(Unknown Source:1)
12-06 14:15:56.457 14028 14028 W System.err: 	at androidx.lifecycle.CloseableCoroutineScope.close(ViewModel.kt:51)
12-06 14:15:56.457 14028 14028 W System.err: 	at androidx.lifecycle.ViewModel.closeWithRuntimeException(ViewModel.java:188)
12-06 14:15:56.457 14028 14028 W System.err: 	at androidx.lifecycle.ViewModel.clear(ViewModel.java:134)
12-06 14:15:56.457 14028 14028 W System.err: 	at androidx.lifecycle.ViewModelStore.clear(ViewModelStore.java:62)
12-06 14:15:56.457 14028 14028 W System.err: 	at androidx.fragment.app.FragmentManagerViewModel.clearNonConfigStateInternal(FragmentManagerViewModel.java:210)
12-06 14:15:56.457 14028 14028 W System.err: 	at androidx.fragment.app.FragmentManagerViewModel.clearNonConfigState(FragmentManagerViewModel.java:190)
12-06 14:15:56.457 14028 14028 W System.err: 	at androidx.fragment.app.FragmentStateManager.destroy(FragmentStateManager.java:778)
12-06 14:15:56.457 14028 14028 W System.err: 	at androidx.fragment.app.FragmentStateManager.moveToExpectedState(FragmentStateManager.java:335)
12-06 14:15:56.457 14028 14028 W System.err: 	at androidx.fragment.app.FragmentStore.moveToExpectedState(FragmentStore.java:113)
12-06 14:15:56.457 14028 14028 W System.err: 	at androidx.fragment.app.FragmentManager.moveToState(FragmentManager.java:1374)
12-06 14:15:56.457 14028 14028 W System.err: 	at androidx.fragment.app.FragmentManager.dispatchStateChange(FragmentManager.java:2841)
12-06 14:15:56.458 14028 14028 W System.err: 	at androidx.fragment.app.FragmentManager.dispatchDestroy(FragmentManager.java:2820)
12-06 14:15:56.458 14028 14028 W System.err: 	at androidx.fragment.app.Fragment.performDestroy(Fragment.java:3246)
12-06 14:15:56.458 14028 14028 W System.err: 	at androidx.fragment.app.FragmentStateManager.destroy(FragmentStateManager.java:780)
12-06 14:15:56.458 14028 14028 W System.err: 	at androidx.fragment.app.FragmentStateManager.moveToExpectedState(FragmentStateManager.java:335)
12-06 14:15:56.458 14028 14028 W System.err: 	at androidx.fragment.app.SpecialEffectsController$FragmentStateManagerOperation.complete(SpecialEffectsController.java:771)
12-06 14:15:56.458 14028 14028 W System.err: 	at androidx.fragment.app.SpecialEffectsController$Operation.cancel(SpecialEffectsController.java:615)
12-06 14:15:56.458 14028 14028 W System.err: 	at androidx.fragment.app.SpecialEffectsController.forceCompleteAllOperations(SpecialEffectsController.java:350)
12-06 14:15:56.458 14028 14028 W System.err: 	at androidx.fragment.app.FragmentManager.dispatchStateChange(FragmentManager.java:2844)
12-06 14:15:56.458 14028 14028 W System.err: 	at androidx.fragment.app.FragmentManager.dispatchDestroy(FragmentManager.java:2820)
12-06 14:15:56.458 14028 14028 W System.err: 	at androidx.fragment.app.FragmentController.dispatchDestroy(FragmentController.java:345)
12-06 14:15:56.458 14028 14028 W System.err: 	at androidx.fragment.app.FragmentActivity.onDestroy(FragmentActivity.java:306)
12-06 14:15:56.459 14028 14028 W System.err: 	at androidx.appcompat.app.AppCompatActivity.onDestroy(AppCompatActivity.java:278)
12-06 14:15:56.459 14028 14028 W System.err: 	at android.app.Activity.performDestroy(Activity.java:8048)
12-06 14:15:56.459 14028 14028 W System.err: 	at android.app.Instrumentation.callActivityOnDestroy(Instrumentation.java:1334)
12-06 14:15:56.459 14028 14028 W System.err: 	at androidx.test.runner.MonitoringInstrumentation.callActivityOnDestroy(MonitoringInstrumentation.java:766)
12-06 14:15:56.459 14028 14028 W System.err: 	at android.app.ActivityThread.performDestroyActivity(ActivityThread.java:4926)
12-06 14:15:56.459 14028 14028 W System.err: 	at android.app.ActivityThread.handleDestroyActivity(ActivityThread.java:4970)
12-06 14:15:56.459 14028 14028 W System.err: 	at android.app.servertransaction.DestroyActivityItem.execute(DestroyActivityItem.java:44)
12-06 14:15:56.459 14028 14028 W System.err: 	at android.app.servertransaction.TransactionExecutor.executeLifecycleState(TransactionExecutor.java:176)
12-06 14:15:56.459 14028 14028 W System.err: 	at android.app.servertransaction.TransactionExecutor.execute(TransactionExecutor.java:97)
12-06 14:15:56.459 14028 14028 W System.err: 	at android.app.ActivityThread$H.handleMessage(ActivityThread.java:2016)
12-06 14:15:56.459 14028 14028 W System.err: 	at android.os.Handler.dispatchMessage(Handler.java:107)
12-06 14:15:56.459 14028 14028 W System.err: 	at android.os.Looper.loop(Looper.java:214)
12-06 14:15:56.459 14028 14028 W System.err: 	at android.app.ActivityThread.main(ActivityThread.java:7356)
12-06 14:15:56.459 14028 14028 W System.err: 	at java.lang.reflect.Method.invoke(Native Method)
12-06 14:15:56.460 14028 14028 W System.err: 	at com.android.internal.os.RuntimeInit$MethodAndArgsCaller.run(RuntimeInit.java:492)
12-06 14:15:56.460 14028 14028 W System.err: 	at com.android.internal.os.ZygoteInit.main(ZygoteInit.java:930)
12-06 14:15:56.467 14028 14028 W System.err: ru.iteco.fmhandroid.exceptions.UnknownException
12-06 14:15:56.468 14028 14028 W System.err: 	at ru.iteco.fmhandroid.utils.Utils.makeRequest(Utils.kt:123)
12-06 14:15:56.468 14028 14028 W System.err: 	at ru.iteco.fmhandroid.utils.Utils$makeRequest$1.invokeSuspend(Unknown Source:15)
12-06 14:15:56.468 14028 14028 W System.err: 	at kotlin.coroutines.jvm.internal.BaseContinuationImpl.resumeWith(ContinuationImpl.kt:33)
12-06 14:15:56.468 14028 14028 W System.err: 	at kotlinx.coroutines.DispatchedTaskKt.resume(DispatchedTask.kt:234)
12-06 14:15:56.468 14028 14028 W System.err: 	at kotlinx.coroutines.DispatchedTaskKt.resumeUnconfined(DispatchedTask.kt:190)
12-06 14:15:56.468 14028 14028 W System.err: 	at kotlinx.coroutines.DispatchedTaskKt.dispatch(DispatchedTask.kt:161)
12-06 14:15:56.468 14028 14028 W System.err: 	at kotlinx.coroutines.CancellableContinuationImpl.dispatchResume(CancellableContinuationImpl.kt:397)
12-06 14:15:56.468 14028 14028 W System.err: 	at kotlinx.coroutines.CancellableContinuationImpl.cancel(CancellableContinuationImpl.kt:183)
12-06 14:15:56.468 14028 14028 W System.err: 	at kotlinx.coroutines.CancellableContinuationImpl.parentCancelled$kotlinx_coroutines_core(CancellableContinuationImpl.kt:190)
12-06 14:15:56.468 14028 14028 W System.err: 	at kotlinx.coroutines.ChildContinuation.invoke(JobSupport.kt:1474)
12-06 14:15:56.468 14028 14028 W System.err: 	at kotlinx.coroutines.JobSupport.notifyCancelling(JobSupport.kt:1499)
12-06 14:15:56.468 14028 14028 W System.err: 	at kotlinx.coroutines.JobSupport.tryMakeCancelling(JobSupport.kt:795)
12-06 14:15:56.468 14028 14028 W System.err: 	at kotlinx.coroutines.JobSupport.makeCancelling(JobSupport.kt:755)
12-06 14:15:56.468 14028 14028 W System.err: 	at kotlinx.coroutines.JobSupport.cancelImpl$kotlinx_coroutines_core(JobSupport.kt:671)
12-06 14:15:56.468 14028 14028 W System.err: 	at kotlinx.coroutines.JobSupport.parentCancelled(JobSupport.kt:637)
12-06 14:15:56.468 14028 14028 W System.err: 	at kotlinx.coroutines.ChildHandleNode.invoke(JobSupport.kt:1465)
12-06 14:15:56.468 14028 14028 W System.err: 	at kotlinx.coroutines.JobSupport.notifyCancelling(JobSupport.kt:1499)
12-06 14:15:56.468 14028 14028 W System.err: 	at kotlinx.coroutines.JobSupport.tryMakeCompletingSlowPath(JobSupport.kt:900)
12-06 14:15:56.468 14028 14028 W System.err: 	at kotlinx.coroutines.JobSupport.tryMakeCompleting(JobSupport.kt:863)
12-06 14:15:56.468 14028 14028 W System.err: 	at kotlinx.coroutines.JobSupport.cancelMakeCompleting(JobSupport.kt:696)
12-06 14:15:56.468 14028 14028 W System.err: 	at kotlinx.coroutines.JobSupport.cancelImpl$kotlinx_coroutines_core(JobSupport.kt:667)
12-06 14:15:56.468 14028 14028 W System.err: 	at kotlinx.coroutines.JobSupport.cancelInternal(JobSupport.kt:632)
12-06 14:15:56.468 14028 14028 W System.err: 	at kotlinx.coroutines.JobSupport.cancel(JobSupport.kt:617)
12-06 14:15:56.468 14028 14028 W System.err: 	at kotlinx.coroutines.JobKt__JobKt.cancel(Job.kt:561)
12-06 14:15:56.469 14028 14028 W System.err: 	at kotlinx.coroutines.JobKt.cancel(Unknown Source:1)
12-06 14:15:56.469 14028 14028 W System.err: 	at kotlinx.coroutines.JobKt__JobKt.cancel$default(Job.kt:560)
12-06 14:15:56.469 14028 14028 W System.err: 	at kotlinx.coroutines.JobKt.cancel$default(Unknown Source:1)
12-06 14:15:56.469 14028 14028 W System.err: 	at androidx.lifecycle.CloseableCoroutineScope.close(ViewModel.kt:51)
12-06 14:15:56.469 14028 14028 W System.err: 	at androidx.lifecycle.ViewModel.closeWithRuntimeException(ViewModel.java:188)
12-06 14:15:56.469 14028 14028 W System.err: 	at androidx.lifecycle.ViewModel.clear(ViewModel.java:134)
12-06 14:15:56.469 14028 14028 W System.err: 	at androidx.lifecycle.ViewModelStore.clear(ViewModelStore.java:62)
12-06 14:15:56.469 14028 14028 W System.err: 	at androidx.fragment.app.FragmentManagerViewModel.clearNonConfigStateInternal(FragmentManagerViewModel.java:210)
12-06 14:15:56.469 14028 14028 W System.err: 	at androidx.fragment.app.FragmentManagerViewModel.clearNonConfigState(FragmentManagerViewModel.java:190)
12-06 14:15:56.469 14028 14028 W System.err: 	at androidx.fragment.app.FragmentStateManager.destroy(FragmentStateManager.java:778)
12-06 14:15:56.469 14028 14028 W System.err: 	at androidx.fragment.app.FragmentStateManager.moveToExpectedState(FragmentStateManager.java:335)
12-06 14:15:56.469 14028 14028 W System.err: 	at androidx.fragment.app.FragmentStore.moveToExpectedState(FragmentStore.java:113)
12-06 14:15:56.469 14028 14028 W System.err: 	at androidx.fragment.app.FragmentManager.moveToState(FragmentManager.java:1374)
