12-07 08:31:23.324  2018  8097 W InputReader: Device has associated, but no associated display id.
12-07 08:31:23.330  2018  8097 I chatty  : uid=1000(system) Binder:2018_1B identical 48 lines
12-07 08:31:23.330  2018  8097 W InputReader: Device has associated, but no associated display id.
12-07 08:31:23.332 27762 27762 W ActivityThread: handleWindowVisibility: no activity for token android.os.BinderProxy@68f56b3
12-07 08:31:23.337  2018  8097 W InputReader: Device has associated, but no associated display id.
12-07 08:31:23.337  2018  8097 I chatty  : uid=1000(system) Binder:2018_1B identical 8 lines
12-07 08:31:23.337  2018  8097 W InputReader: Device has associated, but no associated display id.
12-07 08:31:23.350  2962  3510 D EGL_emulation: eglMakeCurrent: 0xe597d120: ver 2 0 (tinfo 0xbffb2540)
12-07 08:31:23.361  2170  2566 D EGL_emulation: eglMakeCurrent: 0xe594e040: ver 2 0 (tinfo 0xc52450c0)
12-07 08:31:23.387 12448 12488 D EGL_emulation: eglMakeCurrent: 0xe594d140: ver 2 0 (tinfo 0xc539bd10)
12-07 08:31:23.389 27762 27762 D LifecycleMonitor: Lifecycle status change: ru.iteco.fmhandroid.ui.AppActivity@41eab0f in: PRE_ON_CREATE
12-07 08:31:23.389 27762 27762 V ActivityScenario: Activity lifecycle changed event received but ignored because the reported transition was not ON_CREATE while the last known transition was PRE_ON_CREATE
12-07 08:31:23.403 27762 27794 V FA      : onActivityCreated
12-07 08:31:23.409  2656  3542 W GCoreFlp: No location to return for getLastLocation()
12-07 08:31:23.436 27762 27762 D LifecycleMonitor: Lifecycle status change: ru.iteco.fmhandroid.ui.AppActivity@41eab0f in: CREATED
12-07 08:31:23.436 27762 27762 V ActivityScenario: Update currentActivityStage to CREATED, currentActivity=ru.iteco.fmhandroid.ui.AppActivity@41eab0f
12-07 08:31:23.444  2962 27436 I PBSessionCacheImpl: Deleted sessionId[635179489451] from persistence.
12-07 08:31:23.452  2962  3348 W SearchServiceCore: Abort, client detached.
12-07 08:31:23.473 27762 27762 D LifecycleMonitor: Lifecycle status change: ru.iteco.fmhandroid.ui.AppActivity@41eab0f in: STARTED
12-07 08:31:23.474 27762 27762 V ActivityScenario: Update currentActivityStage to STARTED, currentActivity=ru.iteco.fmhandroid.ui.AppActivity@41eab0f
12-07 08:31:23.475 27762 27762 D LifecycleMonitor: Lifecycle status change: ru.iteco.fmhandroid.ui.AppActivity@41eab0f in: RESUMED
12-07 08:31:23.475 27762 27762 V ActivityScenario: Update currentActivityStage to RESUMED, currentActivity=ru.iteco.fmhandroid.ui.AppActivity@41eab0f
12-07 08:31:23.475 27762 27799 V FA      : Activity resumed, time: 39345864
12-07 08:31:23.503  1776  1825 D gralloc_ranchu: gralloc_alloc: Creating ashmem region of size 10108928
12-07 08:31:23.506  2656  3542 W GCoreFlp: No location to return for getLastLocation()
12-07 08:31:23.512  1776  1825 D gralloc_ranchu: gralloc_alloc: Creating ashmem region of size 10108928
12-07 08:31:23.516  1776  1825 D gralloc_ranchu: gralloc_alloc: Creating ashmem region of size 10108928
12-07 08:31:23.519 27762 27852 D EGL_emulation: eglMakeCurrent: 0xe593ea40: ver 2 0 (tinfo 0xf0cc0130)
12-07 08:31:23.544  2656 28166 I LogUtils: [Places]: ?: Couldn't find platform key file. [CONTEXT service_id=253 ]
12-07 08:31:23.544  2656 28223 I LogUtils: [Places]: ?: Couldn't find platform key file. [CONTEXT service_id=253 ]
12-07 08:31:23.586 27762 27762 I ViewInteraction: Performing 'wait for a specific view with <(an instance of android.widget.TextView and view.getText() with or without transformation to match: is "Authorization" and view.getParent() view.getParent() view.getId() is <2131231186>)> during 10000 millis.' action on view view.getRootView() to equal view
12-07 08:31:23.590  2018  2058 I ActivityTaskManager: Displayed ru.iteco.fmhandroid/.ui.AppActivity: +370ms
12-07 08:31:23.644  2873 28123 V FA-SVC  : Logging event: origin=auto,name=screen_view(_vs),params=Bundle[{ga_event_origin(_o)=auto, ga_previous_class(_pc)=AppActivity, ga_previous_id(_pi)=8894325159233167665, ga_screen_class(_sc)=AppActivity, ga_screen_id(_si)=8894325159233167666}]
12-07 08:31:23.651  2656  2656 I GeofencerStateMachine: removeGeofences: removeRequest=RemoveGeofencingRequest[REMOVE_BY_PENDING_INTENT pendingIntent=PendingIntent[creatorPackage=com.google.android.gms], packageName=com.google.android.gms]
12-07 08:31:23.658  2656  2656 I GeofencerStateMachine: removeGeofences: removeRequest=RemoveGeofencingRequest[REMOVE_BY_PENDING_INTENT pendingIntent=PendingIntent[creatorPackage=com.google.android.gms], packageName=com.google.android.gms]
12-07 08:31:23.668  2873 28123 V FA-SVC  : Upload scheduled in approximately ms: 432912
12-07 08:31:23.668  2873 28123 V FA-SVC  : Unscheduling upload
12-07 08:31:23.670  2656 28196 I LogUtils: [Places]: ?: Couldn't find platform key file. [CONTEXT service_id=253 ]
12-07 08:31:23.674  2656 28249 I PlacesLogger: [PlaceInferenceEngine]: [anon] Changed inference mode: 0 [CONTEXT service_id=253 ]
12-07 08:31:23.674  2656 28166 I LogUtils: [Places]: ?: Couldn't find platform key file. [CONTEXT service_id=253 ]
12-07 08:31:23.676  2873 28123 V FA-SVC  : Scheduling upload, millis: 432912
12-07 08:31:23.691  2873 28123 V FA-SVC  : Background event processing time, ms: 53
12-07 08:31:23.693  2656  3542 W GCoreFlp: No location to return for getLastLocation()
12-07 08:31:23.719  2656 28196 I LogUtils: [Places]: ?: Couldn't find platform key file. [CONTEXT service_id=253 ]
12-07 08:31:23.760  2656 28249 I LogUtils: [Places]: ?: PlacesBleScanner start() with priority 2 [CONTEXT service_id=253 ]
12-07 08:31:23.770  2656 28249 I PlacesLogger: [PlaceInferenceEngine]: [anon] Changed inference mode: 1 [CONTEXT service_id=253 ]
12-07 08:31:23.790  2656 28166 I LogUtils: [Places]: ?: Couldn't find platform key file. [CONTEXT service_id=253 ]
12-07 08:31:23.794  2656  2656 E BeaconBle: Missing BluetoothAdapter [CONTEXT service_id=111 ]
12-07 08:31:23.795  2656  2656 I BeaconBle: BLE 'KK+' software access layer enabled [CONTEXT service_id=111 ]
12-07 08:31:23.814  2656 28250 E SQLiteDatabase: Error inserting flex_time=432000 job_id=-1 period=866000 source=16 requires_charging=0 preferred_network_type=1 target_class=com.google.android.gms.measurement.PackageMeasurementTaskService user_id=0 target_package=com.google.android.gms tag=Measurement.PackageMeasurementTaskService.UPLOAD_TASK_TAG task_type=0 required_idleness_state=0 service_kind=0 source_version=202414000 persistence_level=1 preferred_charging_state=1 required_network_type=0 runtime=1670419883697 retry_strategy={"maximum_backoff_seconds":{"3600":0},"initial_backoff_seconds":{"30":0},"retry_policy":{"0":0}} last_runtime=0
12-07 08:31:23.814  2656 28250 E SQLiteDatabase: android.database.sqlite.SQLiteConstraintException: UNIQUE constraint failed: pending_ops.tag, pending_ops.target_class, pending_ops.target_package, pending_ops.user_id (code 2067 SQLITE_CONSTRAINT_UNIQUE)
12-07 08:31:23.814  2656 28250 E SQLiteDatabase: 	at android.database.sqlite.SQLiteConnection.nativeExecuteForLastInsertedRowId(Native Method)
12-07 08:31:23.814  2656 28250 E SQLiteDatabase: 	at android.database.sqlite.SQLiteConnection.executeForLastInsertedRowId(SQLiteConnection.java:879)
12-07 08:31:23.814  2656 28250 E SQLiteDatabase: 	at android.database.sqlite.SQLiteSession.executeForLastInsertedRowId(SQLiteSession.java:790)
12-07 08:31:23.814  2656 28250 E SQLiteDatabase: 	at android.database.sqlite.SQLiteStatement.executeInsert(SQLiteStatement.java:88)
12-07 08:31:23.814  2656 28250 E SQLiteDatabase: 	at android.database.sqlite.SQLiteDatabase.insertWithOnConflict(SQLiteDatabase.java:1599)
12-07 08:31:23.814  2656 28250 E SQLiteDatabase: 	at android.database.sqlite.SQLiteDatabase.insert(SQLiteDatabase.java:1468)
12-07 08:31:23.814  2656 28250 E SQLiteDatabase: 	at aqui.a(:com.google.android.gms@202414022@20.24.14 (040700-319035315):175)
12-07 08:31:23.814  2656 28250 E SQLiteDatabase: 	at aqtk.a(:com.google.android.gms@202414022@20.24.14 (040700-319035315):182)
12-07 08:31:23.814  2656 28250 E SQLiteDatabase: 	at aqtk.a(:com.google.android.gms@202414022@20.24.14 (040700-319035315):23)
12-07 08:31:23.814  2656 28250 E SQLiteDatabase: 	at aqtk.a(:com.google.android.gms@202414022@20.24.14 (040700-319035315):177)
12-07 08:31:23.814  2656 28250 E SQLiteDatabase: 	at aqpu.run(:com.google.android.gms@202414022@20.24.14 (040700-319035315):9)
12-07 08:31:23.814  2656 28250 E SQLiteDatabase: 	at soy.b(:com.google.android.gms@202414022@20.24.14 (040700-319035315):12)
12-07 08:31:23.814  2656 28250 E SQLiteDatabase: 	at soy.run(:com.google.android.gms@202414022@20.24.14 (040700-319035315):7)
12-07 08:31:23.814  2656 28250 E SQLiteDatabase: 	at java.util.concurrent.ThreadPoolExecutor.runWorker(ThreadPoolExecutor.java:1167)
12-07 08:31:23.814  2656 28250 E SQLiteDatabase: 	at java.util.concurrent.ThreadPoolExecutor$Worker.run(ThreadPoolExecutor.java:641)
12-07 08:31:23.814  2656 28250 E SQLiteDatabase: 	at sux.run(:com.google.android.gms@202414022@20.24.14 (040700-319035315):0)
12-07 08:31:23.814  2656 28250 E SQLiteDatabase: 	at java.lang.Thread.run(Thread.java:919)
12-07 08:31:23.833  2656  2656 I BeaconBle: Client requested scan, settings=BleSettings [scanMode=ZERO_POWER, callbackType=ALL_MATCHES, reportDelayMillis=0, 1 filters, 0 clients, callingClientName=Places] [CONTEXT service_id=111 ]
12-07 08:31:23.834  2656  2656 I BeaconBle: Scan : No clients left, canceling alarm. [CONTEXT service_id=111 ]
12-07 08:31:23.837  2656  2656 E BeaconBle: Scan couldn't start for Places [CONTEXT service_id=111 ]
12-07 08:31:23.839  2656  2656 W Places  : BLE failure while scanning - code 5
12-07 08:31:23.854  2656  3542 W GCoreFlp: No location to return for getLastLocation()
12-07 08:31:23.866  2656  2671 I .gms.persisten: Background concurrent copying GC freed 75103(4448KB) AllocSpace objects, 26(1128KB) LOS objects, 37% free, 10181KB/15MB, paused 1.964ms total 143.350ms
12-07 08:31:24.112  2018  4164 D WificondControl: Scan result ready event
12-07 08:31:26.476 27762 27861 I okhttp.OkHttpClient: --> GET http://www.981757-ca08998.tmweb.ru:8080/fmh/authentication/userInfo
12-07 08:31:26.476 27762 27861 I okhttp.OkHttpClient: --> END GET
12-07 08:31:26.745 27762 27861 I okhttp.OkHttpClient: <-- 200 http://www.981757-ca08998.tmweb.ru:8080/fmh/authentication/userInfo (268ms)
12-07 08:31:26.745 27762 27861 I okhttp.OkHttpClient: Vary: Origin
12-07 08:31:26.745 27762 27861 I okhttp.OkHttpClient: Vary: Access-Control-Request-Method
12-07 08:31:26.745 27762 27861 I okhttp.OkHttpClient: Vary: Access-Control-Request-Headers
12-07 08:31:26.745 27762 27861 I okhttp.OkHttpClient: X-Content-Type-Options: nosniff
12-07 08:31:26.745 27762 27861 I okhttp.OkHttpClient: X-XSS-Protection: 1; mode=block
12-07 08:31:26.745 27762 27861 I okhttp.OkHttpClient: Cache-Control: no-cache, no-store, max-age=0, must-revalidate
12-07 08:31:26.746 27762 27861 I okhttp.OkHttpClient: Pragma: no-cache
12-07 08:31:26.746 27762 27861 I okhttp.OkHttpClient: Expires: 0
12-07 08:31:26.746 27762 27861 I okhttp.OkHttpClient: X-Frame-Options: DENY
12-07 08:31:26.746 27762 27861 I okhttp.OkHttpClient: Content-Type: application/json
12-07 08:31:26.746 27762 27861 I okhttp.OkHttpClient: Transfer-Encoding: chunked
12-07 08:31:26.746 27762 27861 I okhttp.OkHttpClient: Date: Wed, 07 Dec 2022 13:31:29 GMT
12-07 08:31:26.747 27762 27861 I okhttp.OkHttpClient: Keep-Alive: timeout=60
12-07 08:31:26.748 27762 27861 I okhttp.OkHttpClient: Connection: keep-alive
12-07 08:31:26.750 27762 27861 I okhttp.OkHttpClient: {"id":2,"firstName":"Данил","lastName":"Иванов","middleName":"Данилович","admin":true}
12-07 08:31:26.751 27762 27861 I okhttp.OkHttpClient: <-- END HTTP (106-byte body)
12-07 08:31:26.756 27762 27885 I okhttp.OkHttpClient: --> GET http://www.981757-ca08998.tmweb.ru:8080/fmh/claims
12-07 08:31:26.757 27762 27885 I okhttp.OkHttpClient: --> END GET
12-07 08:31:26.760  1744 28251 E ResolverController: No valid NAT64 prefix (102, <unspecified>/0)
12-07 08:31:28.574  2656 28136 I LogUtils: [Places]: ?: Couldn't find platform key file. [CONTEXT service_id=253 ]
12-07 08:31:28.579  2656 28196 I LogUtils: [Places]: ?: Couldn't find platform key file. [CONTEXT service_id=253 ]
12-07 08:31:28.596  2656 28249 I LogUtils: [Places]: ?: PlacesBleScanner stop() [CONTEXT service_id=253 ]
12-07 08:31:28.597  2656  2656 I BeaconBle: Scan : No clients left, canceling alarm. [CONTEXT service_id=111 ]
12-07 08:31:28.600  2656  2656 I BeaconBle: Scan canceled successfully. [CONTEXT service_id=111 ]
12-07 08:31:28.614  2656 28249 I PlacesLogger: [PlaceInferenceEngine]: [anon] Changed inference mode: 0 [CONTEXT service_id=253 ]
12-07 08:31:28.633  2656  3542 W GCoreFlp: No location to return for getLastLocation()
12-07 08:31:28.647 27762 27799 V FA      : Inactivity, disconnecting from the service
12-07 08:31:28.674  2656 28136 I LogUtils: [Places]: ?: Couldn't find platform key file. [CONTEXT service_id=253 ]
12-07 08:31:28.674  2656 28223 I LogUtils: [Places]: ?: Couldn't find platform key file. [CONTEXT service_id=253 ]
12-07 08:31:28.824  2656  2656 I GeofencerStateMachine: removeGeofences: removeRequest=RemoveGeofencingRequest[REMOVE_BY_PENDING_INTENT pendingIntent=PendingIntent[creatorPackage=com.google.android.gms], packageName=com.google.android.gms]
12-07 08:31:29.202 27762 27885 I okhttp.OkHttpClient: <-- 200 http://www.981757-ca08998.tmweb.ru:8080/fmh/claims (2445ms)
12-07 08:31:29.202 27762 27885 I okhttp.OkHttpClient: Vary: Origin
12-07 08:31:29.202 27762 27885 I okhttp.OkHttpClient: Vary: Access-Control-Request-Method
12-07 08:31:29.202 27762 27885 I okhttp.OkHttpClient: Vary: Access-Control-Request-Headers
12-07 08:31:29.202 27762 27885 I okhttp.OkHttpClient: X-Content-Type-Options: nosniff
12-07 08:31:29.203 27762 27885 I okhttp.OkHttpClient: X-XSS-Protection: 1; mode=block
12-07 08:31:29.203 27762 27885 I okhttp.OkHttpClient: Cache-Control: no-cache, no-store, max-age=0, must-revalidate
12-07 08:31:29.203 27762 27885 I okhttp.OkHttpClient: Pragma: no-cache
12-07 08:31:29.203 27762 27885 I okhttp.OkHttpClient: Expires: 0
12-07 08:31:29.203 27762 27885 I okhttp.OkHttpClient: X-Frame-Options: DENY
12-07 08:31:29.203 27762 27885 I okhttp.OkHttpClient: Content-Type: application/json
12-07 08:31:29.203 27762 27885 I okhttp.OkHttpClient: Transfer-Encoding: chunked
12-07 08:31:29.203 27762 27885 I okhttp.OkHttpClient: Date: Wed, 07 Dec 2022 13:31:31 GMT
12-07 08:31:29.203 27762 27885 I okhttp.OkHttpClient: Keep-Alive: timeout=60
12-07 08:31:29.203 27762 27885 I okhttp.OkHttpClient: Connection: keep-alive
12-07 08:31:33.449  2962  3348 I WorkerManager: dispose()
12-07 08:31:33.450  2962  3348 W ThreadPoolDumper: Queue length for executor EventBus is now 11. Perhaps some tasks are too long, or the pool is too small.
12-07 08:31:33.595 27762 27762 D takeScreenshot: Found 1 global views to redraw
12-07 08:31:33.626  2656  2656 I BeaconBle: Scan : No clients left, canceling alarm. [CONTEXT service_id=111 ]
12-07 08:31:33.639  1776  1825 D gralloc_ranchu: gralloc_alloc: Creating ashmem region of size 10108928
12-07 08:31:33.681 27762 27806 W DefaultFailureHandler: Failed to take screenshot
12-07 08:31:33.681 27762 27806 W DefaultFailureHandler: java.io.FileNotFoundException: view-op-error-16.png: open failed: EROFS (Read-only file system)
12-07 08:31:33.681 27762 27806 W DefaultFailureHandler: 	at libcore.io.IoBridge.open(IoBridge.java:496)
12-07 08:31:33.681 27762 27806 W DefaultFailureHandler: 	at java.io.FileOutputStream.<init>(FileOutputStream.java:235)
12-07 08:31:33.681 27762 27806 W DefaultFailureHandler: 	at java.io.FileOutputStream.<init>(FileOutputStream.java:125)
12-07 08:31:33.681 27762 27806 W DefaultFailureHandler: 	at androidx.test.platform.io.FileTestStorage.openOutputFile(FileTestStorage.java:60)
12-07 08:31:33.681 27762 27806 W DefaultFailureHandler: 	at androidx.test.core.graphics.BitmapStorage.writeToTestStorage(BitmapStorageExt.kt:49)
12-07 08:31:33.681 27762 27806 W DefaultFailureHandler: 	at androidx.test.espresso.base.DefaultFailureHandler.takeScreenshot(DefaultFailureHandler.java:4)
12-07 08:31:33.681 27762 27806 W DefaultFailureHandler: 	at androidx.test.espresso.base.DefaultFailureHandler.handle(DefaultFailureHandler.java:3)
12-07 08:31:33.681 27762 27806 W DefaultFailureHandler: 	at androidx.test.espresso.ViewInteraction.waitForAndHandleInteractionResults(ViewInteraction.java:8)
12-07 08:31:33.681 27762 27806 W DefaultFailureHandler: 	at androidx.test.espresso.ViewInteraction.desugaredPerform(ViewInteraction.java:11)
12-07 08:31:33.681 27762 27806 W DefaultFailureHandler: 	at androidx.test.espresso.ViewInteraction.perform(ViewInteraction.java:8)
12-07 08:31:33.681 27762 27806 W DefaultFailureHandler: 	at ru.iteco.fmhandroid.ui.data.TestUtils.waitView(TestUtils.java:61)
12-07 08:31:33.681 27762 27806 W DefaultFailureHandler: 	at ru.iteco.fmhandroid.ui.steps.AuthSteps.isAuthScreen(AuthSteps.java:56)
12-07 08:31:33.681 27762 27806 W DefaultFailureHandler: 	at ru.iteco.fmhandroid.ui.ControlPanelTest.logoutCheckAndOpenControlPanelPage(ControlPanelTest.java:60)
12-07 08:31:33.681 27762 27806 W DefaultFailureHandler: 	at java.lang.reflect.Method.invoke(Native Method)
12-07 08:31:33.681 27762 27806 W DefaultFailureHandler: 	at org.junit.runners.model.FrameworkMethod$1.runReflectiveCall(FrameworkMethod.java:59)
12-07 08:31:33.681 27762 27806 W DefaultFailureHandler: 	at org.junit.internal.runners.model.ReflectiveCallable.run(ReflectiveCallable.java:12)
12-07 08:31:33.681 27762 27806 W DefaultFailureHandler: 	at org.junit.runners.model.FrameworkMethod.invokeExplosively(FrameworkMethod.java:56)
12-07 08:31:33.681 27762 27806 W DefaultFailureHandler: 	at androidx.test.internal.runner.junit4.statement.RunBefores.evaluate(RunBefores.java:76)
12-07 08:31:33.681 27762 27806 W DefaultFailureHandler: 	at androidx.test.internal.runner.junit4.statement.RunAfters.evaluate(RunAfters.java:61)
12-07 08:31:33.681 27762 27806 W DefaultFailureHandler: 	at io.qameta.allure.android.rules.ScreenshotRule$apply$1.evaluate(ScreenshotRule.kt:22)
12-07 08:31:33.681 27762 27806 W DefaultFailureHandler: 	at org.junit.rules.ExternalResource$1.evaluate(ExternalResource.java:54)
12-07 08:31:33.681 27762 27806 W DefaultFailureHandler: 	at io.qameta.allure.android.rules.LogcatRule$apply$1.evaluate(LogcatRule.kt:23)
12-07 08:31:33.681 27762 27806 W DefaultFailureHandler: 	at org.junit.rules.RunRules.evaluate(RunRules.java:20)
12-07 08:31:33.681 27762 27806 W DefaultFailureHandler: 	at org.junit.runners.ParentRunner$3.evaluate(ParentRunner.java:306)
12-07 08:31:33.681 27762 27806 W DefaultFailureHandler: 	at org.junit.runners.BlockJUnit4ClassRunner$1.evaluate(BlockJUnit4ClassRunner.java:100)
12-07 08:31:33.681 27762 27806 W DefaultFailureHandler: 	at org.junit.runners.ParentRunner.runLeaf(ParentRunner.java:366)
12-07 08:31:33.681 27762 27806 W DefaultFailureHandler: 	at org.junit.runners.BlockJUnit4ClassRunner.runChild(BlockJUnit4ClassRunner.java:103)
12-07 08:31:33.681 27762 27806 W DefaultFailureHandler: 	at org.junit.runners.BlockJUnit4ClassRunner.runChild(BlockJUnit4ClassRunner.java:63)
12-07 08:31:33.681 27762 27806 W DefaultFailureHandler: 	at org.junit.runners.ParentRunner$4.run(ParentRunner.java:331)
12-07 08:31:33.681 27762 27806 W DefaultFailureHandler: 	at org.junit.runners.ParentRunner$1.schedule(ParentRunner.java:79)
12-07 08:31:33.681 27762 27806 W DefaultFailureHandler: 	at org.junit.runners.ParentRunner.runChildren(ParentRunner.java:329)
12-07 08:31:33.681 27762 27806 W DefaultFailureHandler: 	at org.junit.runners.ParentRunner.access$100(ParentRunner.java:66)
12-07 08:31:33.681 27762 27806 W DefaultFailureHandler: 	at org.junit.runners.ParentRunner$2.evaluate(ParentRunner.java:293)
12-07 08:31:33.681 27762 27806 W DefaultFailureHandler: 	at org.junit.runners.ParentRunner$3.evaluate(ParentRunner.java:306)
12-07 08:31:33.681 27762 27806 W DefaultFailureHandler: 	at org.junit.runners.ParentRunner.run(ParentRunner.java:413)
12-07 08:31:33.681 27762 27806 W DefaultFailureHandler: 	at androidx.test.ext.junit.runners.AndroidJUnit4.run(AndroidJUnit4.java:162)
12-07 08:31:33.681 27762 27806 W DefaultFailureHandler: 	at io.qameta.allure.android.runners.AllureAndroidJUnit4.run(AllureAndroidJUnitRunners.kt:29)
12-07 08:31:33.681 27762 27806 W DefaultFailureHandler: 	at org.junit.runners.Suite.runChild(Suite.java:128)
12-07 08:31:33.681 27762 27806 W DefaultFailureHandler: 	at org.junit.runners.Suite.runChild(Suite.java:27)
12-07 08:31:33.681 27762 27806 W DefaultFailureHandler: 	at org.junit.runners.ParentRunner$4.run(ParentRunner.java:331)
12-07 08:31:33.681 27762 27806 W DefaultFailureHandler: 	at org.junit.runners.ParentRunner$1.schedule(ParentRunner.java:79)
12-07 08:31:33.681 27762 27806 W DefaultFailureHandler: 	at org.junit.runners.ParentRunner.runChildren(ParentRunner.java:329)
12-07 08:31:33.681 27762 27806 W DefaultFailureHandler: 	at org.junit.runners.ParentRunner.access$100(ParentRunner.java:66)
12-07 08:31:33.681 27762 27806 W DefaultFailureHandler: 	at org.junit.runners.ParentRunner$2.evaluate(ParentRunner.java:293)
12-07 08:31:33.681 27762 27806 W DefaultFailureHandler: 	at org.junit.runners.ParentRunner$3.evaluate(ParentRunner.java:306)
12-07 08:31:33.681 27762 27806 W DefaultFailureHandler: 	at org.junit.runners.ParentRunner.run(ParentRunner.java:413)
12-07 08:31:33.681 27762 27806 W DefaultFailureHandler: 	at org.junit.runner.JUnitCore.run(JUnitCore.java:137)
12-07 08:31:33.681 27762 27806 W DefaultFailureHandler: 	at org.junit.runner.JUnitCore.run(JUnitCore.java:115)
12-07 08:31:33.681 27762 27806 W DefaultFailureHandler: 	at androidx.test.internal.runner.TestExecutor.execute(TestExecutor.java:67)
12-07 08:31:33.681 27762 27806 W DefaultFailureHandler: 	at androidx.test.internal.runner.TestExecutor.execute(TestExecutor.java:58)
12-07 08:31:33.681 27762 27806 W DefaultFailureHandler: 	at androidx.test.runner.AndroidJUnitRunner.onStart(AndroidJUnitRunner.java:438)
12-07 08:31:33.681 27762 27806 W DefaultFailureHandler: 	at android.app.Instrumentation$InstrumentationThread.run(Instrumentation.java:2189)
12-07 08:31:33.681 27762 27806 W DefaultFailureHandler: Caused by: android.system.ErrnoException: open failed: EROFS (Read-only file system)
12-07 08:31:33.681 27762 27806 W DefaultFailureHandler: 	at libcore.io.Linux.open(Native Method)
12-07 08:31:33.681 27762 27806 W DefaultFailureHandler: 	at libcore.io.ForwardingOs.open(ForwardingOs.java:167)
12-07 08:31:33.681 27762 27806 W DefaultFailureHandler: 	at libcore.io.BlockGuardOs.open(BlockGuardOs.java:252)
12-07 08:31:33.681 27762 27806 W DefaultFailureHandler: 	at libcore.io.ForwardingOs.open(ForwardingOs.java:167)
12-07 08:31:33.681 27762 27806 W DefaultFailureHandler: 	at android.app.ActivityThread$AndroidOs.open(ActivityThread.java:7255)
12-07 08:31:33.681 27762 27806 W DefaultFailureHandler: 	at libcore.io.IoBridge.open(IoBridge.java:482)
12-07 08:31:33.681 27762 27806 W DefaultFailureHandler: 	... 51 more
12-07 08:31:33.685 27762 27762 I ViewInteraction: Performing 'wait for a specific view with <view.getId() is <2131230870/ru.iteco.fmhandroid:id/authorization_image_button>> during 10000 millis.' action on view view.getRootView() to equal view
12-07 08:31:33.690 27762 27762 I ViewInteraction: Checking 'MatchesViewAssertion{viewMatcher=(view has effective visibility <VISIBLE> and view.getGlobalVisibleRect() to return non-empty rectangle)}' assertion on view view.getId() is <2131230870/ru.iteco.fmhandroid:id/authorization_image_button>
12-07 08:31:33.693 27762 27762 I ViewInteraction: Performing 'single click' action on view view.getId() is <2131230870/ru.iteco.fmhandroid:id/authorization_image_button>
12-07 08:31:33.761  1764  6994 W audio_hw_generic: Not supplying enough data to HAL, expected position 88655394 , only wrote 88655303
12-07 08:31:33.806  1776  1825 D gralloc_ranchu: gralloc_alloc: Creating ashmem region of size 884736
12-07 08:31:33.813  1776  1825 D gralloc_ranchu: gralloc_alloc: Creating ashmem region of size 884736
12-07 08:31:33.816 27762 27852 D EGL_emulation: eglMakeCurrent: 0xe593ea40: ver 2 0 (tinfo 0xf0cc0130)
12-07 08:31:33.830  1776  1825 D gralloc_ranchu: gralloc_alloc: Creating ashmem region of size 884736
12-07 08:31:33.835 27762 27852 D EGL_emulation: eglMakeCurrent: 0xe593ea40: ver 2 0 (tinfo 0xf0cc0130)
12-07 08:31:33.886 27762 27852 I chatty  : uid=10146(ru.iteco.fmhandroid) RenderThread identical 2 lines
12-07 08:31:33.899 27762 27852 D EGL_emulation: eglMakeCurrent: 0xe593ea40: ver 2 0 (tinfo 0xf0cc0130)
12-07 08:31:34.126 27762 27762 I ViewInteraction: Performing 'wait for a specific view with <an instance of android.widget.TextView and view.getText() with or without transformation to match: is "Log out"> during 10000 millis.' action on view view.getRootView() to equal view
12-07 08:31:34.129 27762 27762 I ViewInteraction: Checking 'MatchesViewAssertion{viewMatcher=(view has effective visibility <VISIBLE> and view.getGlobalVisibleRect() to return non-empty rectangle)}' assertion on view an instance of android.widget.TextView and view.getText() with or without transformation to match: is "Log out"
12-07 08:31:34.131 27762 27762 I ViewInteraction: Performing 'single click' action on view an instance of android.widget.TextView and view.getText() with or without transformation to match: is "Log out"
12-07 08:31:34.319 27762 27852 D EGL_emulation: eglMakeCurrent: 0xe593ea40: ver 2 0 (tinfo 0xf0cc0130)
12-07 08:31:34.352 27762 27852 D EGL_emulation: eglMakeCurrent: 0xe593ea40: ver 2 0 (tinfo 0xf0cc0130)
12-07 08:31:34.445 27762 27762 I ViewInteraction: Performing 'wait for a specific view with <(an instance of android.widget.TextView and view.getText() with or without transformation to match: is "Authorization" and view.getParent() view.getParent() view.getId() is <2131231186>)> during 10000 millis.' action on view view.getRootView() to equal view
12-07 08:31:34.449 27762 27762 I ViewInteraction: Checking 'MatchesViewAssertion{viewMatcher=(view has effective visibility <VISIBLE> and view.getGlobalVisibleRect() to return non-empty rectangle)}' assertion on view (an instance of android.widget.TextView and view.getText() with or without transformation to match: is "Authorization" and view.getParent() view.getParent() view.getId() is <2131231186/ru.iteco.fmhandroid:id/nav_host_fragment>)
12-07 08:31:34.454 27762 27762 I ViewInteraction: Performing 'wait for a specific view with <(an instance of android.widget.TextView and view.getHint() matching: is "Login" and view.getParent() view.getParent() view.getId() is <2131231121/ru.iteco.fmhandroid:id/login_text_input_layout>)> during 10000 millis.' action on view view.getRootView() to equal view
12-07 08:31:34.458 27762 27762 I ViewInteraction: Checking 'MatchesViewAssertion{viewMatcher=(view has effective visibility <VISIBLE> and view.getGlobalVisibleRect() to return non-empty rectangle)}' assertion on view (an instance of android.widget.TextView and view.getHint() matching: is "Login" and view.getParent() view.getParent() view.getId() is <2131231121/ru.iteco.fmhandroid:id/login_text_input_layout>)
12-07 08:31:34.461 27762 27762 I ViewInteraction: Performing 'wait for a specific view with <(an instance of android.widget.TextView and view.getHint() matching: is "Password" and view.getParent() view.getParent() view.getId() is <2131231264/ru.iteco.fmhandroid:id/password_text_input_layout>)> during 10000 millis.' action on view view.getRootView() to equal view
12-07 08:31:34.465 27762 27762 I ViewInteraction: Checking 'MatchesViewAssertion{viewMatcher=(view has effective visibility <VISIBLE> and view.getGlobalVisibleRect() to return non-empty rectangle)}' assertion on view (an instance of android.widget.TextView and view.getHint() matching: is "Password" and view.getParent() view.getParent() view.getId() is <2131231264/ru.iteco.fmhandroid:id/password_text_input_layout>)
12-07 08:31:34.468 27762 27762 I ViewInteraction: Performing 'wait for a specific view with <(view.getId() is <2131231039/ru.iteco.fmhandroid:id/enter_button> and an instance of android.widget.TextView and view.getText() with or without transformation to match: is "SIGN IN" and view.getContentDescription() is "Save" and view.getParent() view.getParent() an instance of android.widget.RelativeLayout)> during 10000 millis.' action on view view.getRootView() to equal view
12-07 08:31:34.473 27762 27762 I ViewInteraction: Checking 'MatchesViewAssertion{viewMatcher=(view has effective visibility <VISIBLE> and view.getGlobalVisibleRect() to return non-empty rectangle)}' assertion on view (view.getId() is <2131231039/ru.iteco.fmhandroid:id/enter_button> and an instance of android.widget.TextView and view.getText() with or without transformation to match: is "SIGN IN" and view.getContentDescription() is "Save" and view.getParent() view.getParent() an instance of android.widget.RelativeLayout)
12-07 08:31:34.475 27762 27762 I ViewInteraction: Performing 'wait for a specific view with <(an instance of android.widget.TextView and view.getText() with or without transformation to match: is "Authorization" and view.getParent() view.getParent() view.getId() is <2131231186>)> during 10000 millis.' action on view view.getRootView() to equal view
12-07 08:31:34.480 27762 27762 I ViewInteraction: Checking 'MatchesViewAssertion{viewMatcher=(view has effective visibility <VISIBLE> and view.getGlobalVisibleRect() to return non-empty rectangle)}' assertion on view (an instance of android.widget.TextView and view.getText() with or without transformation to match: is "Authorization" and view.getParent() view.getParent() view.getId() is <2131231186/ru.iteco.fmhandroid:id/nav_host_fragment>)
12-07 08:31:34.485 27762 27762 I ViewInteraction: Performing 'wait for a specific view with <(an instance of android.widget.TextView and view.getHint() matching: is "Login" and view.getParent() view.getParent() view.getId() is <2131231121/ru.iteco.fmhandroid:id/login_text_input_layout>)> during 10000 millis.' action on view view.getRootView() to equal view
12-07 08:31:34.488 27762 27762 I ViewInteraction: Checking 'MatchesViewAssertion{viewMatcher=(view has effective visibility <VISIBLE> and view.getGlobalVisibleRect() to return non-empty rectangle)}' assertion on view (an instance of android.widget.TextView and view.getHint() matching: is "Login" and view.getParent() view.getParent() view.getId() is <2131231121/ru.iteco.fmhandroid:id/login_text_input_layout>)
12-07 08:31:34.491 27762 27762 I ViewInteraction: Performing 'wait for a specific view with <(an instance of android.widget.TextView and view.getHint() matching: is "Password" and view.getParent() view.getParent() view.getId() is <2131231264/ru.iteco.fmhandroid:id/password_text_input_layout>)> during 10000 millis.' action on view view.getRootView() to equal view
12-07 08:31:34.496 27762 27762 I ViewInteraction: Checking 'MatchesViewAssertion{viewMatcher=(view has effective visibility <VISIBLE> and view.getGlobalVisibleRect() to return non-empty rectangle)}' assertion on view (an instance of android.widget.TextView and view.getHint() matching: is "Password" and view.getParent() view.getParent() view.getId() is <2131231264/ru.iteco.fmhandroid:id/password_text_input_layout>)
12-07 08:31:34.499 27762 27762 I ViewInteraction: Performing 'wait for a specific view with <(view.getId() is <2131231039/ru.iteco.fmhandroid:id/enter_button> and an instance of android.widget.TextView and view.getText() with or without transformation to match: is "SIGN IN" and view.getContentDescription() is "Save" and view.getParent() view.getParent() an instance of android.widget.RelativeLayout)> during 10000 millis.' action on view view.getRootView() to equal view
12-07 08:31:34.504 27762 27762 I ViewInteraction: Checking 'MatchesViewAssertion{viewMatcher=(view has effective visibility <VISIBLE> and view.getGlobalVisibleRect() to return non-empty rectangle)}' assertion on view (view.getId() is <2131231039/ru.iteco.fmhandroid:id/enter_button> and an instance of android.widget.TextView and view.getText() with or without transformation to match: is "SIGN IN" and view.getContentDescription() is "Save" and view.getParent() view.getParent() an instance of android.widget.RelativeLayout)
12-07 08:31:34.506 27762 27762 I ViewInteraction: Performing 'wait for a specific view with <(an instance of android.widget.TextView and view.getHint() matching: is "Login" and view.getParent() view.getParent() view.getId() is <2131231121/ru.iteco.fmhandroid:id/login_text_input_layout>)> during 10000 millis.' action on view view.getRootView() to equal view
12-07 08:31:34.511 27762 27762 I ViewInteraction: Performing 'replace text(login2)' action on view (an instance of android.widget.TextView and view.getHint() matching: is "Login" and view.getParent() view.getParent() view.getId() is <2131231121/ru.iteco.fmhandroid:id/login_text_input_layout>)
12-07 08:31:34.545 27762 27762 I ViewInteraction: Performing 'wait for a specific view with <(an instance of android.widget.TextView and view.getHint() matching: is "Password" and view.getParent() view.getParent() view.getId() is <2131231264/ru.iteco.fmhandroid:id/password_text_input_layout>)> during 10000 millis.' action on view view.getRootView() to equal view
12-07 08:31:34.558 27762 27762 I ViewInteraction: Performing 'replace text(password2)' action on view (an instance of android.widget.TextView and view.getHint() matching: is "Password" and view.getParent() view.getParent() view.getId() is <2131231264/ru.iteco.fmhandroid:id/password_text_input_layout>)
12-07 08:31:34.576 27762 27762 I ViewInteraction: Performing 'wait for a specific view with <(view.getId() is <2131231039/ru.iteco.fmhandroid:id/enter_button> and an instance of android.widget.TextView and view.getText() with or without transformation to match: is "SIGN IN" and view.getContentDescription() is "Save" and view.getParent() view.getParent() an instance of android.widget.RelativeLayout)> during 10000 millis.' action on view view.getRootView() to equal view
12-07 08:31:34.580 27762 27762 I ViewInteraction: Checking 'MatchesViewAssertion{viewMatcher=view.isClickable() is <true>}' assertion on view (view.getId() is <2131231039/ru.iteco.fmhandroid:id/enter_button> and an instance of android.widget.TextView and view.getText() with or without transformation to match: is "SIGN IN" and view.getContentDescription() is "Save" and view.getParent() view.getParent() an instance of android.widget.RelativeLayout)
12-07 08:31:34.592 27762 27762 I ViewInteraction: Performing 'wait for a specific view with <(view.getId() is <2131231039/ru.iteco.fmhandroid:id/enter_button> and an instance of android.widget.TextView and view.getText() with or without transformation to match: is "SIGN IN" and view.getContentDescription() is "Save" and view.getParent() view.getParent() an instance of android.widget.RelativeLayout)> during 10000 millis.' action on view view.getRootView() to equal view
12-07 08:31:34.597 27762 27762 I ViewInteraction: Checking 'MatchesViewAssertion{viewMatcher=view.isClickable() is <true>}' assertion on view (view.getId() is <2131231039/ru.iteco.fmhandroid:id/enter_button> and an instance of android.widget.TextView and view.getText() with or without transformation to match: is "SIGN IN" and view.getContentDescription() is "Save" and view.getParent() view.getParent() an instance of android.widget.RelativeLayout)
12-07 08:31:34.600 27762 27762 I ViewInteraction: Performing 'wait for a specific view with <(view.getId() is <2131231039/ru.iteco.fmhandroid:id/enter_button> and an instance of android.widget.TextView and view.getText() with or without transformation to match: is "SIGN IN" and view.getContentDescription() is "Save" and view.getParent() view.getParent() an instance of android.widget.RelativeLayout)> during 10000 millis.' action on view view.getRootView() to equal view
12-07 08:31:34.605 27762 27762 I ViewInteraction: Performing 'single click' action on view (view.getId() is <2131231039/ru.iteco.fmhandroid:id/enter_button> and an instance of android.widget.TextView and view.getText() with or without transformation to match: is "SIGN IN" and view.getContentDescription() is "Save" and view.getParent() view.getParent() an instance of android.widget.RelativeLayout)
12-07 08:31:34.658 27762 27883 I okhttp.OkHttpClient: --> POST http://www.981757-ca08998.tmweb.ru:8080/fmh/authentication/login
12-07 08:31:34.658 27762 27883 I okhttp.OkHttpClient: Content-Type: application/json; charset=UTF-8
12-07 08:31:34.658 27762 27883 I okhttp.OkHttpClient: Content-Length: 41
12-07 08:31:34.659 27762 27883 I okhttp.OkHttpClient: {"login":"login2","password":"password2"}
12-07 08:31:34.659 27762 27883 I okhttp.OkHttpClient: --> END POST (41-byte body)
12-07 08:31:34.885 27762 27762 I ViewInteraction: Performing 'wait for a specific view with <an instance of android.widget.TextView and view.getText() with or without transformation to match: is "News"> during 10000 millis.' action on view view.getRootView() to equal view
12-07 08:31:34.935 27762 27883 I okhttp.OkHttpClient: <-- 200 http://www.981757-ca08998.tmweb.ru:8080/fmh/authentication/login (275ms)
12-07 08:31:34.936 27762 27883 I okhttp.OkHttpClient: Vary: Origin
12-07 08:31:34.936 27762 27883 I okhttp.OkHttpClient: Vary: Access-Control-Request-Method
12-07 08:31:34.936 27762 27883 I okhttp.OkHttpClient: Vary: Access-Control-Request-Headers
12-07 08:31:34.936 27762 27883 I okhttp.OkHttpClient: X-Content-Type-Options: nosniff
12-07 08:31:34.936 27762 27883 I okhttp.OkHttpClient: X-XSS-Protection: 1; mode=block
12-07 08:31:34.936 27762 27883 I okhttp.OkHttpClient: Cache-Control: no-cache, no-store, max-age=0, must-revalidate
12-07 08:31:34.936 27762 27883 I okhttp.OkHttpClient: Pragma: no-cache
12-07 08:31:34.936 27762 27883 I okhttp.OkHttpClient: Expires: 0
12-07 08:31:34.936 27762 27883 I okhttp.OkHttpClient: X-Frame-Options: DENY
12-07 08:31:34.937 27762 27883 I okhttp.OkHttpClient: Content-Type: application/json
12-07 08:31:34.937 27762 27883 I okhttp.OkHttpClient: Transfer-Encoding: chunked
12-07 08:31:34.938 27762 27883 I okhttp.OkHttpClient: Date: Wed, 07 Dec 2022 13:31:37 GMT
12-07 08:31:34.938 27762 27883 I okhttp.OkHttpClient: Keep-Alive: timeout=60
12-07 08:31:34.938 27762 27883 I okhttp.OkHttpClient: Connection: keep-alive
12-07 08:31:34.938 27762 27883 I okhttp.OkHttpClient: {"accessToken":"eyJhbGciOiJIUzUxMiJ9.eyJzdWIiOiJsb2dpbjIiLCJqdGkiOiIyIiwiZXhwIjoxNjcwNTA2Mjk3fQ.KtlZEgVJ_tUzod4kI5eT_xO74jAOJqTiHu9cp-jDLrGiQ3UlYZq3gDVGFVj42J8Qk-NXpv8G-FpCwlqJnQYGLg","refreshToken":"eyJhbGciOiJIUzUxMiJ9.eyJzdWIiOiJsb2dpbjIiLCJqdGkiOiIyIiwiZXhwIjoxNjczMDExODk3fQ.tvFQcmx6zLUQGaVlWR4NFV3PKLtNsBVBoQM4Oph7oRe7sY_vIo46I46dMYJ5O_oGui4cWTltFAorEHhd6GC_-Q"}
12-07 08:31:34.939 27762 27883 I okhttp.OkHttpClient: <-- END HTTP (368-byte body)
12-07 08:31:34.945 27762 27861 I okhttp.OkHttpClient: --> GET http://www.981757-ca08998.tmweb.ru:8080/fmh/authentication/userInfo
12-07 08:31:34.945 27762 27861 I okhttp.OkHttpClient: --> END GET
12-07 08:31:34.993  1893  1893 E netmgr  : Failed to open QEMU pipe 'qemud:network': Invalid argument
12-07 08:31:35.144 27762 27861 I okhttp.OkHttpClient: <-- 200 http://www.981757-ca08998.tmweb.ru:8080/fmh/authentication/userInfo (199ms)
12-07 08:31:35.145 27762 27861 I okhttp.OkHttpClient: Vary: Origin
12-07 08:31:35.145 27762 27861 I okhttp.OkHttpClient: Vary: Access-Control-Request-Method
12-07 08:31:35.145 27762 27861 I okhttp.OkHttpClient: Vary: Access-Control-Request-Headers
12-07 08:31:35.145 27762 27861 I okhttp.OkHttpClient: X-Content-Type-Options: nosniff
12-07 08:31:35.145 27762 27861 I okhttp.OkHttpClient: X-XSS-Protection: 1; mode=block
12-07 08:31:35.145 27762 27861 I okhttp.OkHttpClient: Cache-Control: no-cache, no-store, max-age=0, must-revalidate
12-07 08:31:35.145 27762 27861 I okhttp.OkHttpClient: Pragma: no-cache
12-07 08:31:35.145 27762 27861 I okhttp.OkHttpClient: Expires: 0
12-07 08:31:35.145 27762 27861 I okhttp.OkHttpClient: X-Frame-Options: DENY
12-07 08:31:35.145 27762 27861 I okhttp.OkHttpClient: Content-Type: application/json
12-07 08:31:35.145 27762 27861 I okhttp.OkHttpClient: Transfer-Encoding: chunked
12-07 08:31:35.145 27762 27861 I okhttp.OkHttpClient: Date: Wed, 07 Dec 2022 13:31:37 GMT
12-07 08:31:35.145 27762 27861 I okhttp.OkHttpClient: Keep-Alive: timeout=60
12-07 08:31:35.145 27762 27861 I okhttp.OkHttpClient: Connection: keep-alive
12-07 08:31:35.146 27762 27861 I okhttp.OkHttpClient: {"id":2,"firstName":"Данил","lastName":"Иванов","middleName":"Данилович","admin":true}
12-07 08:31:35.146 27762 27861 I okhttp.OkHttpClient: <-- END HTTP (106-byte body)
12-07 08:31:35.151 27762 27866 I okhttp.OkHttpClient: --> GET http://www.981757-ca08998.tmweb.ru:8080/fmh/claims
12-07 08:31:35.151 27762 27866 I okhttp.OkHttpClient: --> END GET
12-07 08:31:35.154  1744 28255 E ResolverController: No valid NAT64 prefix (102, <unspecified>/0)
12-07 08:31:35.245 27762 27762 I ViewInteraction: Checking 'MatchesViewAssertion{viewMatcher=(view has effective visibility <VISIBLE> and view.getGlobalVisibleRect() to return non-empty rectangle)}' assertion on view an instance of android.widget.TextView and view.getText() with or without transformation to match: is "News"
12-07 08:31:35.251 27762 27762 I ViewInteraction: Performing 'wait for a specific view with <view.getId() is <2131230951>> during 10000 millis.' action on view view.getRootView() to equal view
12-07 08:31:35.256 27762 27762 I ViewInteraction: Checking 'MatchesViewAssertion{viewMatcher=(view has effective visibility <VISIBLE> and view.getGlobalVisibleRect() to return non-empty rectangle)}' assertion on view view.getId() is <2131230951/ru.iteco.fmhandroid:id/container_list_news_include_on_fragment_main>
12-07 08:31:35.259 27762 27762 I ViewInteraction: Performing 'wait for a specific view with <view.getId() is <2131230949>> during 10000 millis.' action on view view.getRootView() to equal view
12-07 08:31:35.263 27762 27762 I ViewInteraction: Checking 'MatchesViewAssertion{viewMatcher=(view has effective visibility <VISIBLE> and view.getGlobalVisibleRect() to return non-empty rectangle)}' assertion on view view.getId() is <2131230949/ru.iteco.fmhandroid:id/container_list_claim_include_on_fragment_main>
12-07 08:31:35.271 27762 27762 I ViewInteraction: Performing 'wait for a specific view with <an instance of android.widget.TextView and view.getText() with or without transformation to match: is "Claims"> during 10000 millis.' action on view view.getRootView() to equal view
12-07 08:31:35.277 27762 27762 I ViewInteraction: Checking 'MatchesViewAssertion{viewMatcher=(view has effective visibility <VISIBLE> and view.getGlobalVisibleRect() to return non-empty rectangle)}' assertion on view an instance of android.widget.TextView and view.getText() with or without transformation to match: is "Claims"
12-07 08:31:35.355 27762 27775 I teco.fmhandroi: Background young concurrent copying GC freed 71256(3604KB) AllocSpace objects, 6(240KB) LOS objects, 13% free, 22MB/25MB, paused 6.304ms total 50.056ms
12-07 08:31:35.465 27762 27762 I ViewInteraction: Performing 'wait for a specific view with <view.getId() is <2131231123/ru.iteco.fmhandroid:id/main_menu_image_button>> during 10000 millis.' action on view view.getRootView() to equal view
12-07 08:31:35.476 27762 27762 I ViewInteraction: Performing 'single click' action on view view.getId() is <2131231123/ru.iteco.fmhandroid:id/main_menu_image_button>
12-07 08:31:35.575  1776  1825 D gralloc_ranchu: gralloc_alloc: Creating ashmem region of size 2015232
12-07 08:31:35.582  1776  1825 I chatty  : uid=1000(system) HwBinder:1776_1 identical 1 line
12-07 08:31:35.586  1776  1825 D gralloc_ranchu: gralloc_alloc: Creating ashmem region of size 2015232
12-07 08:31:35.610 27762 27852 D EGL_emulation: eglMakeCurrent: 0xe593ea40: ver 2 0 (tinfo 0xf0cc0130)
12-07 08:31:35.687 27762 27852 I chatty  : uid=10146(ru.iteco.fmhandroid) RenderThread identical 3 lines
12-07 08:31:35.700 27762 27852 D EGL_emulation: eglMakeCurrent: 0xe593ea40: ver 2 0 (tinfo 0xf0cc0130)
12-07 08:31:35.927 27762 27762 I ViewInteraction: Performing 'wait for a specific view with <an instance of android.widget.TextView and view.getText() with or without transformation to match: is "News"> during 10000 millis.' action on view view.getRootView() to equal view
12-07 08:31:35.929 27762 27762 I ViewInteraction: Performing 'single click' action on view an instance of android.widget.TextView and view.getText() with or without transformation to match: is "News"
12-07 08:31:36.060 27762 27888 I okhttp.OkHttpClient: --> GET http://www.981757-ca08998.tmweb.ru:8080/fmh/news
12-07 08:31:36.060 27762 27888 I okhttp.OkHttpClient: --> END GET
12-07 08:31:36.106 27762 27852 D EGL_emulation: eglMakeCurrent: 0xe593ea40: ver 2 0 (tinfo 0xf0cc0130)
12-07 08:31:36.135 27762 27852 D EGL_emulation: eglMakeCurrent: 0xe593ea40: ver 2 0 (tinfo 0xf0cc0130)
12-07 08:31:36.340 27762 27775 I teco.fmhandroi: Background concurrent copying GC freed 138995(7429KB) AllocSpace objects, 0(0B) LOS objects, 24% free, 18MB/24MB, paused 917us total 134.527ms
12-07 08:31:36.401 27762 27762 I ViewInteraction: Performing 'wait for a specific view with <view.getId() is <2131231025/ru.iteco.fmhandroid:id/edit_news_material_button>> during 10000 millis.' action on view view.getRootView() to equal view
12-07 08:31:36.405 27762 27762 I ViewInteraction: Performing 'single click' action on view view.getId() is <2131231025/ru.iteco.fmhandroid:id/edit_news_material_button>
12-07 08:31:36.493 27762 28175 I okhttp.OkHttpClient: --> GET http://www.981757-ca08998.tmweb.ru:8080/fmh/news
12-07 08:31:36.493 27762 28175 I okhttp.OkHttpClient: --> END GET
12-07 08:31:36.906 27762 27762 I ViewInteraction: Performing 'wait for a specific view with <view.getId() is <2131230850/ru.iteco.fmhandroid:id/add_news_image_view>> during 10000 millis.' action on view view.getRootView() to equal view
12-07 08:31:36.911 27762 27762 I ViewInteraction: Performing 'single click' action on view view.getId() is <2131230850/ru.iteco.fmhandroid:id/add_news_image_view>
12-07 08:31:37.338 27762 27762 I ViewInteraction: Performing 'wait for a specific view with <view.getId() is <2131231204/ru.iteco.fmhandroid:id/news_item_category_text_auto_complete_text_view>> during 10000 millis.' action on view view.getRootView() to equal view
12-07 08:31:37.343 27762 27762 I ViewInteraction: Performing 'single click' action on view view.getId() is <2131231204/ru.iteco.fmhandroid:id/news_item_category_text_auto_complete_text_view>
12-07 08:31:37.493  1776  1825 D gralloc_ranchu: gralloc_alloc: Creating ashmem region of size 5308416
12-07 08:31:37.503 27762 27888 I okhttp.OkHttpClient: <-- 200 http://www.981757-ca08998.tmweb.ru:8080/fmh/news (1441ms)
12-07 08:31:37.503 27762 27888 I okhttp.OkHttpClient: Vary: Origin
12-07 08:31:37.503 27762 27888 I okhttp.OkHttpClient: Vary: Access-Control-Request-Method
12-07 08:31:37.504 27762 27888 I okhttp.OkHttpClient: Vary: Access-Control-Request-Headers
12-07 08:31:37.505 27762 27888 I okhttp.OkHttpClient: X-Content-Type-Options: nosniff
12-07 08:31:37.505 27762 27888 I okhttp.OkHttpClient: X-XSS-Protection: 1; mode=block
12-07 08:31:37.505 27762 27888 I okhttp.OkHttpClient: Cache-Control: no-cache, no-store, max-age=0, must-revalidate
12-07 08:31:37.505 27762 27888 I okhttp.OkHttpClient: Pragma: no-cache
12-07 08:31:37.505 27762 27888 I okhttp.OkHttpClient: Expires: 0
12-07 08:31:37.505 27762 27888 I okhttp.OkHttpClient: X-Frame-Options: DENY
12-07 08:31:37.505 27762 27888 I okhttp.OkHttpClient: Content-Type: application/json
12-07 08:31:37.505 27762 27888 I okhttp.OkHttpClient: Transfer-Encoding: chunked
12-07 08:31:37.505 27762 27888 I okhttp.OkHttpClient: Date: Wed, 07 Dec 2022 13:31:39 GMT
12-07 08:31:37.506 27762 27888 I okhttp.OkHttpClient: Keep-Alive: timeout=60
12-07 08:31:37.506 27762 27888 I okhttp.OkHttpClient: Connection: keep-alive
12-07 08:31:37.507  1776  1825 D gralloc_ranchu: gralloc_alloc: Creating ashmem region of size 5308416
12-07 08:31:37.509  1776  1825 D gralloc_ranchu: gralloc_alloc: Creating ashmem region of size 5308416
12-07 08:31:37.524 27762 27852 D EGL_emulation: eglMakeCurrent: 0xe593ea40: ver 2 0 (tinfo 0xf0cc0130)
12-07 08:31:37.579 27762 27762 I AssistStructure: Flattened final assist data: 7432 bytes, containing 2 windows, 55 views
12-07 08:31:37.600  2018  4164 D AutofillSession: Starting partition or augmented request for view id 1073741826@1719187437: STARTED_SESSION
12-07 08:31:37.608  2018  2018 D AutofillSession: cancelCurrentRequest(): id = 375
12-07 08:31:37.622 27762 27852 D EGL_emulation: eglMakeCurrent: 0xe593ea40: ver 2 0 (tinfo 0xf0cc0130)
12-07 08:31:37.624  2537  2537 W GInputConnectionWrapper: IPC IC_GET_TEXT_BEFORE_CURSOR_AND_FIX_SELECTION_INDICES took 168 ms
12-07 08:31:37.636 27762 27762 I AssistStructure: Flattened final assist data: 7432 bytes, containing 2 windows, 55 views
12-07 08:31:37.644  2656  2656 W ktk     : Pending fill request while another request in the same session was triggered. [CONTEXT service_id=177 ]
12-07 08:31:37.664 27762 27852 D EGL_emulation: eglMakeCurrent: 0xe593ea40: ver 2 0 (tinfo 0xf0cc0130)
12-07 08:31:37.668  2537  2537 I KeyboardViewUtil: systemKeyboardHeightRatio:1.000000; userKeyboardHeightRatio:1.000000.
12-07 08:31:37.669  2537  2537 I AndroidIME: LatinIme.onActivate() : EditorInfo = Package = ru.iteco.fmhandroid : Type = Text : Learning = Disable : Suggestion = Show : AutoCorrection = Disable : Microphone = Show : NoPersonalizedLearning = Disable
12-07 08:31:37.679  2537  2537 I Conv2QueryExtension: Current locale: en_US, config allows these locales: de,en,es,fr,it,ms,pt,ta
12-07 08:31:37.679  2537  2537 I Conv2QueryExtension: Conv2Query not enabled due to current app [ru.iteco.fmhandroid] not in whitelist
12-07 08:31:37.679  2537  2537 I Conv2QueryExtension: onActivate() : Disabled by unsupported host app
