12-02 19:26:25.451 30705 30705 W System.err: 	at androidx.test.runner.MonitoringInstrumentation.callActivityOnDestroy(MonitoringInstrumentation.java:766)
12-02 19:26:25.451 30705 30705 W System.err: 	at android.app.ActivityThread.performDestroyActivity(ActivityThread.java:4926)
12-02 19:26:25.451 30705 30705 W System.err: 	at android.app.ActivityThread.handleDestroyActivity(ActivityThread.java:4970)
12-02 19:26:25.451 30705 30705 W System.err: 	at android.app.servertransaction.DestroyActivityItem.execute(DestroyActivityItem.java:44)
12-02 19:26:25.451 30705 30705 W System.err: 	at android.app.servertransaction.TransactionExecutor.executeLifecycleState(TransactionExecutor.java:176)
12-02 19:26:25.452 30705 30705 W System.err: 	at android.app.servertransaction.TransactionExecutor.execute(TransactionExecutor.java:97)
12-02 19:26:25.453 30705 30705 W System.err: 	at android.app.ActivityThread$H.handleMessage(ActivityThread.java:2016)
12-02 19:26:25.453 30705 30705 W System.err: 	at android.os.Handler.dispatchMessage(Handler.java:107)
12-02 19:26:25.453 30705 30705 W System.err: 	at android.os.Looper.loop(Looper.java:214)
12-02 19:26:25.453 30705 30705 W System.err: 	at android.app.ActivityThread.main(ActivityThread.java:7356)
12-02 19:26:25.453 30705 30705 W System.err: 	at java.lang.reflect.Method.invoke(Native Method)
12-02 19:26:25.453 30705 30705 W System.err: 	at com.android.internal.os.RuntimeInit$MethodAndArgsCaller.run(RuntimeInit.java:492)
12-02 19:26:25.453 30705 30705 W System.err: 	at com.android.internal.os.ZygoteInit.main(ZygoteInit.java:930)
12-02 19:26:25.461  2448  2466 I s.nexuslaunche: NativeAlloc concurrent copying GC freed 2570(209KB) AllocSpace objects, 0(0B) LOS objects, 49% free, 2770KB/5541KB, paused 4.163ms total 111.223ms
12-02 19:26:25.461  2448  2468 W System  : A resource failed to call release. 
12-02 19:26:25.461  2448  2468 W System  : A resource failed to call release. 
12-02 19:26:25.468 30705 30705 W System.err: ru.iteco.fmhandroid.exceptions.UnknownException
12-02 19:26:25.469 30705 30705 W System.err: 	at ru.iteco.fmhandroid.utils.Utils.makeRequest(Utils.kt:123)
12-02 19:26:25.469 30705 30705 W System.err: 	at ru.iteco.fmhandroid.utils.Utils$makeRequest$1.invokeSuspend(Unknown Source:15)
12-02 19:26:25.469 30705 30705 W System.err: 	at kotlin.coroutines.jvm.internal.BaseContinuationImpl.resumeWith(ContinuationImpl.kt:33)
12-02 19:26:25.469 30705 30705 W System.err: 	at kotlinx.coroutines.DispatchedTaskKt.resume(DispatchedTask.kt:234)
12-02 19:26:25.469 30705 30705 W System.err: 	at kotlinx.coroutines.DispatchedTaskKt.resumeUnconfined(DispatchedTask.kt:190)
12-02 19:26:25.469 30705 30705 W System.err: 	at kotlinx.coroutines.DispatchedTaskKt.dispatch(DispatchedTask.kt:161)
12-02 19:26:25.469 30705 30705 W System.err: 	at kotlinx.coroutines.CancellableContinuationImpl.dispatchResume(CancellableContinuationImpl.kt:397)
12-02 19:26:25.469 30705 30705 W System.err: 	at kotlinx.coroutines.CancellableContinuationImpl.cancel(CancellableContinuationImpl.kt:183)
12-02 19:26:25.469 30705 30705 W System.err: 	at kotlinx.coroutines.CancellableContinuationImpl.parentCancelled$kotlinx_coroutines_core(CancellableContinuationImpl.kt:190)
12-02 19:26:25.469 30705 30705 W System.err: 	at kotlinx.coroutines.ChildContinuation.invoke(JobSupport.kt:1474)
12-02 19:26:25.469 30705 30705 W System.err: 	at kotlinx.coroutines.JobSupport.notifyCancelling(JobSupport.kt:1499)
12-02 19:26:25.469 30705 30705 W System.err: 	at kotlinx.coroutines.JobSupport.tryMakeCancelling(JobSupport.kt:795)
12-02 19:26:25.469 30705 30705 W System.err: 	at kotlinx.coroutines.JobSupport.makeCancelling(JobSupport.kt:755)
12-02 19:26:25.469 30705 30705 W System.err: 	at kotlinx.coroutines.JobSupport.cancelImpl$kotlinx_coroutines_core(JobSupport.kt:671)
12-02 19:26:25.469 30705 30705 W System.err: 	at kotlinx.coroutines.JobSupport.parentCancelled(JobSupport.kt:637)
12-02 19:26:25.469 30705 30705 W System.err: 	at kotlinx.coroutines.ChildHandleNode.invoke(JobSupport.kt:1465)
12-02 19:26:25.469 30705 30705 W System.err: 	at kotlinx.coroutines.JobSupport.notifyCancelling(JobSupport.kt:1499)
12-02 19:26:25.469 30705 30705 W System.err: 	at kotlinx.coroutines.JobSupport.tryMakeCompletingSlowPath(JobSupport.kt:900)
12-02 19:26:25.469 30705 30705 W System.err: 	at kotlinx.coroutines.JobSupport.tryMakeCompleting(JobSupport.kt:863)
12-02 19:26:25.469 30705 30705 W System.err: 	at kotlinx.coroutines.JobSupport.cancelMakeCompleting(JobSupport.kt:696)
12-02 19:26:25.469 30705 30705 W System.err: 	at kotlinx.coroutines.JobSupport.cancelImpl$kotlinx_coroutines_core(JobSupport.kt:667)
12-02 19:26:25.469 30705 30705 W System.err: 	at kotlinx.coroutines.JobSupport.cancelInternal(JobSupport.kt:632)
12-02 19:26:25.469 30705 30705 W System.err: 	at kotlinx.coroutines.JobSupport.cancel(JobSupport.kt:617)
12-02 19:26:25.469 30705 30705 W System.err: 	at kotlinx.coroutines.JobKt__JobKt.cancel(Job.kt:561)
12-02 19:26:25.469 30705 30705 W System.err: 	at kotlinx.coroutines.JobKt.cancel(Unknown Source:1)
12-02 19:26:25.469 30705 30705 W System.err: 	at kotlinx.coroutines.JobKt__JobKt.cancel$default(Job.kt:560)
12-02 19:26:25.469 30705 30705 W System.err: 	at kotlinx.coroutines.JobKt.cancel$default(Unknown Source:1)
12-02 19:26:25.469 30705 30705 W System.err: 	at androidx.lifecycle.CloseableCoroutineScope.close(ViewModel.kt:51)
12-02 19:26:25.469 30705 30705 W System.err: 	at androidx.lifecycle.ViewModel.closeWithRuntimeException(ViewModel.java:188)
12-02 19:26:25.469 30705 30705 W System.err: 	at androidx.lifecycle.ViewModel.clear(ViewModel.java:134)
12-02 19:26:25.469 30705 30705 W System.err: 	at androidx.lifecycle.ViewModelStore.clear(ViewModelStore.java:62)
12-02 19:26:25.469 30705 30705 W System.err: 	at androidx.fragment.app.FragmentManagerViewModel.clearNonConfigStateInternal(FragmentManagerViewModel.java:210)
12-02 19:26:25.469 30705 30705 W System.err: 	at androidx.fragment.app.FragmentManagerViewModel.clearNonConfigState(FragmentManagerViewModel.java:190)
12-02 19:26:25.469 30705 30705 W System.err: 	at androidx.fragment.app.FragmentStateManager.destroy(FragmentStateManager.java:778)
12-02 19:26:25.469 30705 30705 W System.err: 	at androidx.fragment.app.FragmentStateManager.moveToExpectedState(FragmentStateManager.java:335)
12-02 19:26:25.469 30705 30705 W System.err: 	at androidx.fragment.app.FragmentStore.moveToExpectedState(FragmentStore.java:113)
12-02 19:26:25.469 30705 30705 W System.err: 	at androidx.fragment.app.FragmentManager.moveToState(FragmentManager.java:1374)
12-02 19:26:25.469 30705 30705 W System.err: 	at androidx.fragment.app.FragmentManager.dispatchStateChange(FragmentManager.java:2841)
12-02 19:26:25.470 30705 30705 W System.err: 	at androidx.fragment.app.FragmentManager.dispatchDestroy(FragmentManager.java:2820)
12-02 19:26:25.470 30705 30705 W System.err: 	at androidx.fragment.app.Fragment.performDestroy(Fragment.java:3246)
12-02 19:26:25.470 30705 30705 W System.err: 	at androidx.fragment.app.FragmentStateManager.destroy(FragmentStateManager.java:780)
12-02 19:26:25.470 30705 30705 W System.err: 	at androidx.fragment.app.FragmentStateManager.moveToExpectedState(FragmentStateManager.java:335)
12-02 19:26:25.470 30705 30705 W System.err: 	at androidx.fragment.app.SpecialEffectsController$FragmentStateManagerOperation.complete(SpecialEffectsController.java:771)
12-02 19:26:25.470 30705 30705 W System.err: 	at androidx.fragment.app.SpecialEffectsController$Operation.cancel(SpecialEffectsController.java:615)
12-02 19:26:25.470 30705 30705 W System.err: 	at androidx.fragment.app.SpecialEffectsController.forceCompleteAllOperations(SpecialEffectsController.java:350)
12-02 19:26:25.470 30705 30705 W System.err: 	at androidx.fragment.app.FragmentManager.dispatchStateChange(FragmentManager.java:2844)
12-02 19:26:25.470 30705 30705 W System.err: 	at androidx.fragment.app.FragmentManager.dispatchDestroy(FragmentManager.java:2820)
12-02 19:26:25.470 30705 30705 W System.err: 	at androidx.fragment.app.FragmentController.dispatchDestroy(FragmentController.java:345)
12-02 19:26:25.470 30705 30705 W System.err: 	at androidx.fragment.app.FragmentActivity.onDestroy(FragmentActivity.java:306)
12-02 19:26:25.470 30705 30705 W System.err: 	at androidx.appcompat.app.AppCompatActivity.onDestroy(AppCompatActivity.java:278)
12-02 19:26:25.470 30705 30705 W System.err: 	at android.app.Activity.performDestroy(Activity.java:8048)
12-02 19:26:25.470 30705 30705 W System.err: 	at android.app.Instrumentation.callActivityOnDestroy(Instrumentation.java:1334)
12-02 19:26:25.470 30705 30705 W System.err: 	at androidx.test.runner.MonitoringInstrumentation.callActivityOnDestroy(MonitoringInstrumentation.java:766)
12-02 19:26:25.470 30705 30705 W System.err: 	at android.app.ActivityThread.performDestroyActivity(ActivityThread.java:4926)
12-02 19:26:25.470 30705 30705 W System.err: 	at android.app.ActivityThread.handleDestroyActivity(ActivityThread.java:4970)
12-02 19:26:25.470 30705 30705 W System.err: 	at android.app.servertransaction.DestroyActivityItem.execute(DestroyActivityItem.java:44)
12-02 19:26:25.470 30705 30705 W System.err: 	at android.app.servertransaction.TransactionExecutor.executeLifecycleState(TransactionExecutor.java:176)
12-02 19:26:25.470 30705 30705 W System.err: 	at android.app.servertransaction.TransactionExecutor.execute(TransactionExecutor.java:97)
12-02 19:26:25.470 30705 30705 W System.err: 	at android.app.ActivityThread$H.handleMessage(ActivityThread.java:2016)
12-02 19:26:25.470 30705 30705 W System.err: 	at android.os.Handler.dispatchMessage(Handler.java:107)
12-02 19:26:25.470 30705 30705 W System.err: 	at android.os.Looper.loop(Looper.java:214)
12-02 19:26:25.470 30705 30705 W System.err: 	at android.app.ActivityThread.main(ActivityThread.java:7356)
12-02 19:26:25.470 30705 30705 W System.err: 	at java.lang.reflect.Method.invoke(Native Method)
12-02 19:26:25.470 30705 30705 W System.err: 	at com.android.internal.os.RuntimeInit$MethodAndArgsCaller.run(RuntimeInit.java:492)
12-02 19:26:25.470 30705 30705 W System.err: 	at com.android.internal.os.ZygoteInit.main(ZygoteInit.java:930)
12-02 19:26:25.494 30705 30705 D LifecycleMonitor: Lifecycle status change: ru.iteco.fmhandroid.ui.AppActivity@d2f879b in: DESTROYED
12-02 19:26:25.510 30705 30749 I TestRunner: ignored: shouldCloseTheApp(ru.iteco.fmhandroid.ui.MainPageTest)
12-02 19:26:25.534  3139  3568 I MicroDetectionWorker: #startMicroDetector [speakerMode: 0]
12-02 19:26:25.537  3139  3568 W ErrorReporter: reportError [type: 211, code: 393244, bug: 0]: errorCode: 393244, engine: 0
12-02 19:26:25.538 30705 30743 D FA      : Connected to remote service
12-02 19:26:25.538  3139  3568 I MicroDetector: Keeping mic open: false
12-02 19:26:25.538  3139  3568 I MicroDetectionWorker: #onError(false)
12-02 19:26:25.539 30705 30743 V FA      : Processing queued up service tasks: 2
12-02 19:26:25.593  2584  3808 W GCoreFlp: No location to return for getLastLocation()
12-02 19:26:25.593 30705 30749 I TestRunner: started: shouldOpenClaimsItemDescription(ru.iteco.fmhandroid.ui.MainPageTest)
12-02 19:26:25.600  3620  3641 I e.process.gapp: Background young concurrent copying GC freed 23458(1003KB) AllocSpace objects, 0(0B) LOS objects, 38% free, 1816KB/2931KB, paused 2.998ms total 106.964ms
12-02 19:26:25.634  2881 30753 V FA-SVC  : Logging event: origin=auto,name=user_engagement(_e),params=Bundle[{ga_event_origin(_o)=auto, engagement_time_msec(_et)=12730, ga_screen_class(_sc)=AppActivity, ga_screen_id(_si)=-4375354061206987173}]
12-02 19:26:25.646 30705 30749 W ActivityTestRule: getActivityIntent() returned null using default: Intent(Intent.ACTION_MAIN)
12-02 19:26:25.658  2010  9089 I ActivityTaskManager: START u0 {act=android.intent.action.MAIN flg=0x10000000 cmp=ru.iteco.fmhandroid/.ui.AppActivity} from uid 10159
12-02 19:26:25.688  2010  9089 W InputReader: Device has associated, but no associated display id.
12-02 19:26:25.690  2010  9089 I chatty  : uid=1000(system) Binder:2010_1A identical 22 lines
12-02 19:26:25.690  2010  9089 W InputReader: Device has associated, but no associated display id.
12-02 19:26:25.690  2881 30753 V FA-SVC  : Upload scheduled in approximately ms: 3138406
12-02 19:26:25.690  2881 30753 V FA-SVC  : Unscheduling upload
12-02 19:26:25.690  2010  9089 W InputReader: Device has associated, but no associated display id.
12-02 19:26:25.690  2010  9089 I chatty  : uid=1000(system) Binder:2010_1A identical 4 lines
12-02 19:26:25.690  2010  9089 W InputReader: Device has associated, but no associated display id.
12-02 19:26:25.692 30705 30705 W ActivityThread: handleWindowVisibility: no activity for token android.os.BinderProxy@10bebfa
12-02 19:26:25.696  2881 30753 V FA-SVC  : Scheduling upload, millis: 3138406
12-02 19:26:25.697  2010  9089 W InputReader: Device has associated, but no associated display id.
12-02 19:26:25.697  2010  9089 I chatty  : uid=1000(system) Binder:2010_1A identical 8 lines
12-02 19:26:25.697  2010  9089 W InputReader: Device has associated, but no associated display id.
12-02 19:26:25.699  2881 30753 V FA-SVC  : Background event processing time, ms: 65
12-02 19:26:25.722 30705 30705 D LifecycleMonitor: Lifecycle status change: ru.iteco.fmhandroid.ui.AppActivity@61ccdc6 in: PRE_ON_CREATE
12-02 19:26:25.737 30705 30739 V FA      : onActivityCreated
12-02 19:26:25.751  1772  1772 D gralloc_ranchu: gralloc_alloc: Creating ashmem region of size 14749696
12-02 19:26:25.769  2584 30885 E SQLiteDatabase: Error inserting flex_time=3138000 job_id=-1 period=6277000 source=16 requires_charging=0 preferred_network_type=1 target_class=com.google.android.gms.measurement.PackageMeasurementTaskService user_id=0 target_package=com.google.android.gms tag=Measurement.PackageMeasurementTaskService.UPLOAD_TASK_TAG task_type=0 required_idleness_state=0 service_kind=0 source_version=202414000 persistence_level=1 preferred_charging_state=1 required_network_type=0 runtime=1669998385743 retry_strategy={"maximum_backoff_seconds":{"3600":0},"initial_backoff_seconds":{"30":0},"retry_policy":{"0":0}} last_runtime=0
12-02 19:26:25.769  2584 30885 E SQLiteDatabase: android.database.sqlite.SQLiteConstraintException: UNIQUE constraint failed: pending_ops.tag, pending_ops.target_class, pending_ops.target_package, pending_ops.user_id (code 2067 SQLITE_CONSTRAINT_UNIQUE)
12-02 19:26:25.769  2584 30885 E SQLiteDatabase: 	at android.database.sqlite.SQLiteConnection.nativeExecuteForLastInsertedRowId(Native Method)
12-02 19:26:25.769  2584 30885 E SQLiteDatabase: 	at android.database.sqlite.SQLiteConnection.executeForLastInsertedRowId(SQLiteConnection.java:879)
12-02 19:26:25.769  2584 30885 E SQLiteDatabase: 	at android.database.sqlite.SQLiteSession.executeForLastInsertedRowId(SQLiteSession.java:790)
12-02 19:26:25.769  2584 30885 E SQLiteDatabase: 	at android.database.sqlite.SQLiteStatement.executeInsert(SQLiteStatement.java:88)
12-02 19:26:25.769  2584 30885 E SQLiteDatabase: 	at android.database.sqlite.SQLiteDatabase.insertWithOnConflict(SQLiteDatabase.java:1599)
12-02 19:26:25.769  2584 30885 E SQLiteDatabase: 	at android.database.sqlite.SQLiteDatabase.insert(SQLiteDatabase.java:1468)
12-02 19:26:25.769  2584 30885 E SQLiteDatabase: 	at aqui.a(:com.google.android.gms@202414022@20.24.14 (040700-319035315):175)
12-02 19:26:25.769  2584 30885 E SQLiteDatabase: 	at aqtk.a(:com.google.android.gms@202414022@20.24.14 (040700-319035315):182)
12-02 19:26:25.769  2584 30885 E SQLiteDatabase: 	at aqtk.a(:com.google.android.gms@202414022@20.24.14 (040700-319035315):23)
12-02 19:26:25.769  2584 30885 E SQLiteDatabase: 	at aqtk.a(:com.google.android.gms@202414022@20.24.14 (040700-319035315):177)
12-02 19:26:25.769  2584 30885 E SQLiteDatabase: 	at aqpu.run(:com.google.android.gms@202414022@20.24.14 (040700-319035315):9)
12-02 19:26:25.769  2584 30885 E SQLiteDatabase: 	at soy.b(:com.google.android.gms@202414022@20.24.14 (040700-319035315):12)
12-02 19:26:25.769  2584 30885 E SQLiteDatabase: 	at soy.run(:com.google.android.gms@202414022@20.24.14 (040700-319035315):7)
12-02 19:26:25.769  2584 30885 E SQLiteDatabase: 	at java.util.concurrent.ThreadPoolExecutor.runWorker(ThreadPoolExecutor.java:1167)
12-02 19:26:25.769  2584 30885 E SQLiteDatabase: 	at java.util.concurrent.ThreadPoolExecutor$Worker.run(ThreadPoolExecutor.java:641)
12-02 19:26:25.769  2584 30885 E SQLiteDatabase: 	at sux.run(:com.google.android.gms@202414022@20.24.14 (040700-319035315):0)
12-02 19:26:25.769  2584 30885 E SQLiteDatabase: 	at java.lang.Thread.run(Thread.java:919)
12-02 19:26:25.771  2010  2025 I system_server: NativeAlloc concurrent copying GC freed 32280(1449KB) AllocSpace objects, 2(104KB) LOS objects, 22% free, 21MB/27MB, paused 976us total 271.535ms
12-02 19:26:25.780  2584 30853 W ctxmgr  : [AclManager] No 3 for (accnt=account#-517948760#, com.google.android.gms(10114):UserVelocityProducer, vrsn=202414022, 0, 3pPkg = null ,  3pMdlId = null ,  pid = 2584). Was: 3 for 1, account#-517948760# [CONTEXT service_id=47 ]
12-02 19:26:25.815 30705 30705 D LifecycleMonitor: Lifecycle status change: ru.iteco.fmhandroid.ui.AppActivity@61ccdc6 in: CREATED
12-02 19:26:25.845  2010  2037 W InputReader: Device has associated, but no associated display id.
12-02 19:26:25.846  2010  2037 I chatty  : uid=1000(system) android.anim identical 8 lines
12-02 19:26:25.846  2010  2037 W InputReader: Device has associated, but no associated display id.
12-02 19:26:25.866  2584  3808 W GCoreFlp: No location to return for getLastLocation()
12-02 19:26:25.872  2584 30885 I LogUtils: [Places]: ?: Couldn't find platform key file. [CONTEXT service_id=253 ]
12-02 19:26:25.884 30705 30705 D LifecycleMonitor: Lifecycle status change: ru.iteco.fmhandroid.ui.AppActivity@61ccdc6 in: STARTED
12-02 19:26:25.886 30705 30705 D LifecycleMonitor: Lifecycle status change: ru.iteco.fmhandroid.ui.AppActivity@61ccdc6 in: RESUMED
12-02 19:26:25.887 30705 30743 V FA      : Activity resumed, time: 90822292
12-02 19:26:25.895  3139  3664 D EGL_emulation: eglMakeCurrent: 0xdb91c460: ver 2 0 (tinfo 0xbe64a3f0)
12-02 19:26:25.900  2448  3326 D EGL_emulation: eglMakeCurrent: 0xe3a07ba0: ver 2 0 (tinfo 0xe3a93b30)
12-02 19:26:25.928  1772  1772 D gralloc_ranchu: gralloc_alloc: Creating ashmem region of size 14749696
12-02 19:26:25.933  1772  1772 I chatty  : uid=1000(system) allocator@2.0-s identical 1 line
12-02 19:26:25.936  1772  1772 D gralloc_ranchu: gralloc_alloc: Creating ashmem region of size 14749696
12-02 19:26:25.941 30705 30763 D EGL_emulation: eglMakeCurrent: 0xe3a08680: ver 2 0 (tinfo 0xeec9edb0)
12-02 19:26:26.007  2584  2599 I .gms.persisten: Background concurrent copying GC freed 69339(3166KB) AllocSpace objects, 32(3144KB) LOS objects, 40% free, 9068KB/14MB, paused 2.238ms total 245.254ms
12-02 19:26:26.013  2584  2584 I GeofencerStateMachine: removeGeofences: removeRequest=RemoveGeofencingRequest[REMOVE_BY_PENDING_INTENT pendingIntent=PendingIntent[creatorPackage=com.google.android.gms], packageName=com.google.android.gms]
12-02 19:26:26.036  2010  2041 I ActivityTaskManager: Displayed ru.iteco.fmhandroid/.ui.AppActivity: +344ms
12-02 19:26:26.042  2584  2584 I GeofencerStateMachine: removeGeofences: removeRequest=RemoveGeofencingRequest[REMOVE_BY_PENDING_INTENT pendingIntent=PendingIntent[creatorPackage=com.google.android.gms], packageName=com.google.android.gms]
12-02 19:26:26.047  2584 30919 I PlacesLogger: [PlaceInferenceEngine]: [anon] Changed inference mode: 0 [CONTEXT service_id=253 ]
12-02 19:26:26.051  2584 30814 I LogUtils: [Places]: ?: Couldn't find platform key file. [CONTEXT service_id=253 ]
12-02 19:26:26.058  2169  2501 D EGL_emulation: eglMakeCurrent: 0xdb91a600: ver 2 0 (tinfo 0xdb90f8d0)
12-02 19:26:26.061  2584 30920 I LogUtils: [Places]: ?: Couldn't find platform key file. [CONTEXT service_id=253 ]
12-02 19:26:26.142  3139  3568 W SearchServiceCore: Abort, client detached.
12-02 19:26:26.171  3139 29683 I PBSessionCacheImpl: Deleted sessionId[429016844269] from persistence.
12-02 19:26:26.190  2881 30753 V FA-SVC  : Logging event: origin=auto,name=screen_view(_vs),params=Bundle[{ga_event_origin(_o)=auto, ga_previous_class(_pc)=AppActivity, ga_previous_id(_pi)=-4375354061206987173, ga_screen_class(_sc)=AppActivity, ga_screen_id(_si)=-4375354061206987172}]
12-02 19:26:26.207  2584 30853 I ctxmgr  : [ProducerStatusImpl] updateStateForNewContextData: inactive, contextName=7 [CONTEXT service_id=47 ]
12-02 19:26:26.208  2584 30819 I LogUtils: [Places]: ?: Couldn't find platform key file. [CONTEXT service_id=253 ]
12-02 19:26:26.221  2584 30921 I LogUtils: [Places]: ?: Couldn't find platform key file. [CONTEXT service_id=253 ]
12-02 19:26:26.224  2881 30753 V FA-SVC  : Upload scheduled in approximately ms: 3137873
12-02 19:26:26.224  2881 30753 V FA-SVC  : Unscheduling upload
12-02 19:26:26.228  2881 30753 V FA-SVC  : Scheduling upload, millis: 3137873
12-02 19:26:26.230  2584  3808 W GCoreFlp: No location to return for getLastLocation()
12-02 19:26:26.231  2881 30753 V FA-SVC  : Background event processing time, ms: 41
12-02 19:26:26.245 30705 30718 I teco.fmhandroi: NativeAlloc concurrent copying GC freed 147933(8146KB) AllocSpace objects, 8(284KB) LOS objects, 42% free, 8376KB/14MB, paused 3.448ms total 367.647ms
12-02 19:26:26.251  2584 30921 E SQLiteDatabase: Error inserting flex_time=3137000 job_id=-1 period=6276000 source=16 requires_charging=0 preferred_network_type=1 target_class=com.google.android.gms.measurement.PackageMeasurementTaskService user_id=0 target_package=com.google.android.gms tag=Measurement.PackageMeasurementTaskService.UPLOAD_TASK_TAG task_type=0 required_idleness_state=0 service_kind=0 source_version=202414000 persistence_level=1 preferred_charging_state=1 required_network_type=0 runtime=1669998386243 retry_strategy={"maximum_backoff_seconds":{"3600":0},"initial_backoff_seconds":{"30":0},"retry_policy":{"0":0}} last_runtime=0
12-02 19:26:26.251  2584 30921 E SQLiteDatabase: android.database.sqlite.SQLiteConstraintException: UNIQUE constraint failed: pending_ops.tag, pending_ops.target_class, pending_ops.target_package, pending_ops.user_id (code 2067 SQLITE_CONSTRAINT_UNIQUE)
12-02 19:26:26.251  2584 30921 E SQLiteDatabase: 	at android.database.sqlite.SQLiteConnection.nativeExecuteForLastInsertedRowId(Native Method)
12-02 19:26:26.251  2584 30921 E SQLiteDatabase: 	at android.database.sqlite.SQLiteConnection.executeForLastInsertedRowId(SQLiteConnection.java:879)
12-02 19:26:26.251  2584 30921 E SQLiteDatabase: 	at android.database.sqlite.SQLiteSession.executeForLastInsertedRowId(SQLiteSession.java:790)
12-02 19:26:26.251  2584 30921 E SQLiteDatabase: 	at android.database.sqlite.SQLiteStatement.executeInsert(SQLiteStatement.java:88)
12-02 19:26:26.251  2584 30921 E SQLiteDatabase: 	at android.database.sqlite.SQLiteDatabase.insertWithOnConflict(SQLiteDatabase.java:1599)
12-02 19:26:26.251  2584 30921 E SQLiteDatabase: 	at android.database.sqlite.SQLiteDatabase.insert(SQLiteDatabase.java:1468)
12-02 19:26:26.251  2584 30921 E SQLiteDatabase: 	at aqui.a(:com.google.android.gms@202414022@20.24.14 (040700-319035315):175)
12-02 19:26:26.251  2584 30921 E SQLiteDatabase: 	at aqtk.a(:com.google.android.gms@202414022@20.24.14 (040700-319035315):182)
12-02 19:26:26.251  2584 30921 E SQLiteDatabase: 	at aqtk.a(:com.google.android.gms@202414022@20.24.14 (040700-319035315):23)
12-02 19:26:26.251  2584 30921 E SQLiteDatabase: 	at aqtk.a(:com.google.android.gms@202414022@20.24.14 (040700-319035315):177)
12-02 19:26:26.251  2584 30921 E SQLiteDatabase: 	at aqpu.run(:com.google.android.gms@202414022@20.24.14 (040700-319035315):9)
12-02 19:26:26.251  2584 30921 E SQLiteDatabase: 	at soy.b(:com.google.android.gms@202414022@20.24.14 (040700-319035315):12)
12-02 19:26:26.251  2584 30921 E SQLiteDatabase: 	at soy.run(:com.google.android.gms@202414022@20.24.14 (040700-319035315):7)
12-02 19:26:26.251  2584 30921 E SQLiteDatabase: 	at java.util.concurrent.ThreadPoolExecutor.runWorker(ThreadPoolExecutor.java:1167)
12-02 19:26:26.251  2584 30921 E SQLiteDatabase: 	at java.util.concurrent.ThreadPoolExecutor$Worker.run(ThreadPoolExecutor.java:641)
12-02 19:26:26.251  2584 30921 E SQLiteDatabase: 	at sux.run(:com.google.android.gms@202414022@20.24.14 (040700-319035315):0)
12-02 19:26:26.251  2584 30921 E SQLiteDatabase: 	at java.lang.Thread.run(Thread.java:919)
12-02 19:26:26.266  2584  3808 W GCoreFlp: No location to return for getLastLocation()
12-02 19:26:26.297  2584 30819 I LogUtils: [Places]: ?: Couldn't find platform key file. [CONTEXT service_id=253 ]
12-02 19:26:26.319  2584 30919 I LogUtils: [Places]: ?: PlacesBleScanner start() with priority 2 [CONTEXT service_id=253 ]
12-02 19:26:26.319  2584 30919 I PlacesLogger: [PlaceInferenceEngine]: [anon] Changed inference mode: 1 [CONTEXT service_id=253 ]
12-02 19:26:26.333  2584  2584 E BeaconBle: Missing BluetoothAdapter [CONTEXT service_id=111 ]
12-02 19:26:26.333  2584  2584 I BeaconBle: BLE 'KK+' software access layer enabled [CONTEXT service_id=111 ]
12-02 19:26:26.356  2584  2584 I BeaconBle: Client requested scan, settings=BleSettings [scanMode=ZERO_POWER, callbackType=ALL_MATCHES, reportDelayMillis=0, 1 filters, 0 clients, callingClientName=Places] [CONTEXT service_id=111 ]
12-02 19:26:26.357  2584  2584 I BeaconBle: Scan : No clients left, canceling alarm. [CONTEXT service_id=111 ]
12-02 19:26:26.359  2584  2584 E BeaconBle: Scan couldn't start for Places [CONTEXT service_id=111 ]
12-02 19:26:26.359  2584  2584 W Places  : BLE failure while scanning - code 5
12-02 19:26:26.359  2584  3808 W GCoreFlp: No location to return for getLastLocation()
12-02 19:26:26.763 30705 30705 I ViewInteraction: Performing 'wait for a specific view with <(an instance of android.widget.TextView and view.getText() with or without transformation to match: is "Authorization" and view.getParent() view.getParent() view.getId() is <2131231186>)> during 10000 millis.' action on view view.getRootView() to equal view
12-02 19:26:26.796  2010  2419 D WificondControl: Scan result ready event
12-02 19:26:28.044  1750  1962 W audio_hw_generic: Not supplying enough data to HAL, expected position 410804183 , only wrote 410601963
12-02 19:26:28.879 30705 30775 I okhttp.OkHttpClient: --> GET http://www.981757-ca08998.tmweb.ru:8080/fmh/authentication/userInfo
12-02 19:26:28.879 30705 30775 I okhttp.OkHttpClient: --> END GET
12-02 19:26:29.019 30705 30775 I okhttp.OkHttpClient: <-- 200 http://www.981757-ca08998.tmweb.ru:8080/fmh/authentication/userInfo (140ms)
12-02 19:26:29.019 30705 30775 I okhttp.OkHttpClient: Vary: Origin
12-02 19:26:29.019 30705 30775 I okhttp.OkHttpClient: Vary: Access-Control-Request-Method
12-02 19:26:29.019 30705 30775 I okhttp.OkHttpClient: Vary: Access-Control-Request-Headers
12-02 19:26:29.019 30705 30775 I okhttp.OkHttpClient: X-Content-Type-Options: nosniff
12-02 19:26:29.019 30705 30775 I okhttp.OkHttpClient: X-XSS-Protection: 1; mode=block
12-02 19:26:29.019 30705 30775 I okhttp.OkHttpClient: Cache-Control: no-cache, no-store, max-age=0, must-revalidate
12-02 19:26:29.019 30705 30775 I okhttp.OkHttpClient: Pragma: no-cache
12-02 19:26:29.019 30705 30775 I okhttp.OkHttpClient: Expires: 0
12-02 19:26:29.019 30705 30775 I okhttp.OkHttpClient: X-Frame-Options: DENY
12-02 19:26:29.020 30705 30775 I okhttp.OkHttpClient: Content-Type: application/json
12-02 19:26:29.020 30705 30775 I okhttp.OkHttpClient: Transfer-Encoding: chunked
12-02 19:26:29.020 30705 30775 I okhttp.OkHttpClient: Date: Fri, 02 Dec 2022 16:26:30 GMT
12-02 19:26:29.020 30705 30775 I okhttp.OkHttpClient: Keep-Alive: timeout=60
12-02 19:26:29.020 30705 30775 I okhttp.OkHttpClient: Connection: keep-alive
12-02 19:26:29.021 30705 30775 I okhttp.OkHttpClient: {"id":2,"firstName":"Данил","lastName":"Иванов","middleName":"Данилович","admin":true}
12-02 19:26:29.021 30705 30775 I okhttp.OkHttpClient: <-- END HTTP (106-byte body)
12-02 19:26:29.026 30705 30802 I okhttp.OkHttpClient: --> GET http://www.981757-ca08998.tmweb.ru:8080/fmh/claims
12-02 19:26:29.026 30705 30802 I okhttp.OkHttpClient: --> END GET
12-02 19:26:29.028  1743 30923 E ResolverController: No valid NAT64 prefix (128, <unspecified>/0)
12-02 19:26:31.188  2584 30920 I LogUtils: [Places]: ?: Couldn't find platform key file. [CONTEXT service_id=253 ]
12-02 19:26:31.194  2584 30921 I LogUtils: [Places]: ?: Couldn't find platform key file. [CONTEXT service_id=253 ]
12-02 19:26:31.201  2584 30919 I LogUtils: [Places]: ?: PlacesBleScanner stop() [CONTEXT service_id=253 ]
12-02 19:26:31.201  2584  2584 I BeaconBle: Scan : No clients left, canceling alarm. [CONTEXT service_id=111 ]
12-02 19:26:31.202  2584  2584 I BeaconBle: Scan canceled successfully. [CONTEXT service_id=111 ]
12-02 19:26:31.210 30705 30743 V FA      : Inactivity, disconnecting from the service
12-02 19:26:31.212  2584 30919 I PlacesLogger: [PlaceInferenceEngine]: [anon] Changed inference mode: 0 [CONTEXT service_id=253 ]
12-02 19:26:31.223  2584  3808 W GCoreFlp: No location to return for getLastLocation()
12-02 19:26:31.254  2584 30853 I LogUtils: [Places]: ?: Couldn't find platform key file. [CONTEXT service_id=253 ]
12-02 19:26:31.255  2584 30921 I LogUtils: [Places]: ?: Couldn't find platform key file. [CONTEXT service_id=253 ]
12-02 19:26:31.276 30705 30802 I okhttp.OkHttpClient: <-- 200 http://www.981757-ca08998.tmweb.ru:8080/fmh/claims (2250ms)
12-02 19:26:31.276 30705 30802 I okhttp.OkHttpClient: Vary: Origin
12-02 19:26:31.277 30705 30802 I okhttp.OkHttpClient: Vary: Access-Control-Request-Method
12-02 19:26:31.277 30705 30802 I okhttp.OkHttpClient: Vary: Access-Control-Request-Headers
12-02 19:26:31.277 30705 30802 I okhttp.OkHttpClient: X-Content-Type-Options: nosniff
12-02 19:26:31.277 30705 30802 I okhttp.OkHttpClient: X-XSS-Protection: 1; mode=block
12-02 19:26:31.277 30705 30802 I okhttp.OkHttpClient: Cache-Control: no-cache, no-store, max-age=0, must-revalidate
12-02 19:26:31.277 30705 30802 I okhttp.OkHttpClient: Pragma: no-cache
12-02 19:26:31.277 30705 30802 I okhttp.OkHttpClient: Expires: 0
12-02 19:26:31.277 30705 30802 I okhttp.OkHttpClient: X-Frame-Options: DENY
12-02 19:26:31.277 30705 30802 I okhttp.OkHttpClient: Content-Type: application/json
12-02 19:26:31.277 30705 30802 I okhttp.OkHttpClient: Transfer-Encoding: chunked
12-02 19:26:31.277 30705 30802 I okhttp.OkHttpClient: Date: Fri, 02 Dec 2022 16:26:32 GMT
12-02 19:26:31.277 30705 30802 I okhttp.OkHttpClient: Keep-Alive: timeout=60
12-02 19:26:31.277 30705 30802 I okhttp.OkHttpClient: Connection: keep-alive
12-02 19:26:31.350  2584  2584 I GeofencerStateMachine: removeGeofences: removeRequest=RemoveGeofencingRequest[REMOVE_BY_PENDING_INTENT pendingIntent=PendingIntent[creatorPackage=com.google.android.gms], packageName=com.google.android.gms]
12-02 19:26:36.165  3139  3568 I WorkerManager: dispose()
12-02 19:26:36.165  3139  3568 W ThreadPoolDumper: Queue length for executor EventBus is now 11. Perhaps some tasks are too long, or the pool is too small.
12-02 19:26:36.213  2584  2584 I BeaconBle: Scan : No clients left, canceling alarm. [CONTEXT service_id=111 ]
12-02 19:26:36.793 30705 30705 D takeScreenshot: Found 1 global views to redraw
12-02 19:26:36.829  1772  1772 D gralloc_ranchu: gralloc_alloc: Creating ashmem region of size 14749696
12-02 19:26:36.872 30705 30749 W DefaultFailureHandler: Failed to take screenshot
12-02 19:26:36.872 30705 30749 W DefaultFailureHandler: java.io.FileNotFoundException: view-op-error-8.png: open failed: EROFS (Read-only file system)
12-02 19:26:36.872 30705 30749 W DefaultFailureHandler: 	at libcore.io.IoBridge.open(IoBridge.java:496)
12-02 19:26:36.872 30705 30749 W DefaultFailureHandler: 	at java.io.FileOutputStream.<init>(FileOutputStream.java:235)
12-02 19:26:36.872 30705 30749 W DefaultFailureHandler: 	at java.io.FileOutputStream.<init>(FileOutputStream.java:125)
12-02 19:26:36.872 30705 30749 W DefaultFailureHandler: 	at androidx.test.platform.io.FileTestStorage.openOutputFile(FileTestStorage.java:60)
12-02 19:26:36.872 30705 30749 W DefaultFailureHandler: 	at androidx.test.core.graphics.BitmapStorage.writeToTestStorage(BitmapStorageExt.kt:49)
12-02 19:26:36.872 30705 30749 W DefaultFailureHandler: 	at androidx.test.espresso.base.DefaultFailureHandler.takeScreenshot(DefaultFailureHandler.java:4)
12-02 19:26:36.872 30705 30749 W DefaultFailureHandler: 	at androidx.test.espresso.base.DefaultFailureHandler.handle(DefaultFailureHandler.java:3)
12-02 19:26:36.872 30705 30749 W DefaultFailureHandler: 	at androidx.test.espresso.ViewInteraction.waitForAndHandleInteractionResults(ViewInteraction.java:8)
12-02 19:26:36.872 30705 30749 W DefaultFailureHandler: 	at androidx.test.espresso.ViewInteraction.desugaredPerform(ViewInteraction.java:11)
12-02 19:26:36.872 30705 30749 W DefaultFailureHandler: 	at androidx.test.espresso.ViewInteraction.perform(ViewInteraction.java:8)
12-02 19:26:36.872 30705 30749 W DefaultFailureHandler: 	at ru.iteco.fmhandroid.ui.data.TestUtils.waitView(TestUtils.java:61)
12-02 19:26:36.872 30705 30749 W DefaultFailureHandler: 	at ru.iteco.fmhandroid.ui.steps.AuthSteps.isAuthScreen(AuthSteps.java:56)
12-02 19:26:36.872 30705 30749 W DefaultFailureHandler: 	at ru.iteco.fmhandroid.ui.MainPageTest.logoutCheck(MainPageTest.java:44)
12-02 19:26:36.872 30705 30749 W DefaultFailureHandler: 	at java.lang.reflect.Method.invoke(Native Method)
12-02 19:26:36.872 30705 30749 W DefaultFailureHandler: 	at org.junit.runners.model.FrameworkMethod$1.runReflectiveCall(FrameworkMethod.java:59)
12-02 19:26:36.872 30705 30749 W DefaultFailureHandler: 	at org.junit.internal.runners.model.ReflectiveCallable.run(ReflectiveCallable.java:12)
12-02 19:26:36.872 30705 30749 W DefaultFailureHandler: 	at org.junit.runners.model.FrameworkMethod.invokeExplosively(FrameworkMethod.java:56)
12-02 19:26:36.872 30705 30749 W DefaultFailureHandler: 	at androidx.test.internal.runner.junit4.statement.RunBefores.evaluate(RunBefores.java:76)
12-02 19:26:36.872 30705 30749 W DefaultFailureHandler: 	at androidx.test.rule.ActivityTestRule$ActivityStatement.evaluate(ActivityTestRule.java:543)
12-02 19:26:36.872 30705 30749 W DefaultFailureHandler: 	at io.qameta.allure.android.rules.LogcatRule$apply$1.evaluate(LogcatRule.kt:23)
12-02 19:26:36.872 30705 30749 W DefaultFailureHandler: 	at io.qameta.allure.android.rules.ScreenshotRule$apply$1.evaluate(ScreenshotRule.kt:22)
12-02 19:26:36.872 30705 30749 W DefaultFailureHandler: 	at io.qameta.allure.android.rules.ScreenshotRule$apply$1.evaluate(ScreenshotRule.kt:22)
12-02 19:26:36.872 30705 30749 W DefaultFailureHandler: 	at org.junit.rules.RunRules.evaluate(RunRules.java:20)
12-02 19:26:36.872 30705 30749 W DefaultFailureHandler: 	at org.junit.runners.ParentRunner$3.evaluate(ParentRunner.java:306)
12-02 19:26:36.872 30705 30749 W DefaultFailureHandler: 	at org.junit.runners.BlockJUnit4ClassRunner$1.evaluate(BlockJUnit4ClassRunner.java:100)
12-02 19:26:36.872 30705 30749 W DefaultFailureHandler: 	at org.junit.runners.ParentRunner.runLeaf(ParentRunner.java:366)
12-02 19:26:36.872 30705 30749 W DefaultFailureHandler: 	at org.junit.runners.BlockJUnit4ClassRunner.runChild(BlockJUnit4ClassRunner.java:103)
12-02 19:26:36.872 30705 30749 W DefaultFailureHandler: 	at org.junit.runners.BlockJUnit4ClassRunner.runChild(BlockJUnit4ClassRunner.java:63)
12-02 19:26:36.872 30705 30749 W DefaultFailureHandler: 	at org.junit.runners.ParentRunner$4.run(ParentRunner.java:331)
12-02 19:26:36.872 30705 30749 W DefaultFailureHandler: 	at org.junit.runners.ParentRunner$1.schedule(ParentRunner.java:79)
12-02 19:26:36.872 30705 30749 W DefaultFailureHandler: 	at org.junit.runners.ParentRunner.runChildren(ParentRunner.java:329)
12-02 19:26:36.872 30705 30749 W DefaultFailureHandler: 	at org.junit.runners.ParentRunner.access$100(ParentRunner.java:66)
12-02 19:26:36.872 30705 30749 W DefaultFailureHandler: 	at org.junit.runners.ParentRunner$2.evaluate(ParentRunner.java:293)
12-02 19:26:36.872 30705 30749 W DefaultFailureHandler: 	at org.junit.runners.ParentRunner$3.evaluate(ParentRunner.java:306)
12-02 19:26:36.872 30705 30749 W DefaultFailureHandler: 	at org.junit.runners.ParentRunner.run(ParentRunner.java:413)
12-02 19:26:36.872 30705 30749 W DefaultFailureHandler: 	at androidx.test.ext.junit.runners.AndroidJUnit4.run(AndroidJUnit4.java:162)
12-02 19:26:36.872 30705 30749 W DefaultFailureHandler: 	at io.qameta.allure.android.runners.AllureAndroidJUnit4.run(AllureAndroidJUnitRunners.kt:29)
12-02 19:26:36.872 30705 30749 W DefaultFailureHandler: 	at org.junit.runners.Suite.runChild(Suite.java:128)
12-02 19:26:36.872 30705 30749 W DefaultFailureHandler: 	at org.junit.runners.Suite.runChild(Suite.java:27)
12-02 19:26:36.872 30705 30749 W DefaultFailureHandler: 	at org.junit.runners.ParentRunner$4.run(ParentRunner.java:331)
12-02 19:26:36.872 30705 30749 W DefaultFailureHandler: 	at org.junit.runners.ParentRunner$1.schedule(ParentRunner.java:79)
12-02 19:26:36.872 30705 30749 W DefaultFailureHandler: 	at org.junit.runners.ParentRunner.runChildren(ParentRunner.java:329)
12-02 19:26:36.872 30705 30749 W DefaultFailureHandler: 	at org.junit.runners.ParentRunner.access$100(ParentRunner.java:66)
12-02 19:26:36.872 30705 30749 W DefaultFailureHandler: 	at org.junit.runners.ParentRunner$2.evaluate(ParentRunner.java:293)
12-02 19:26:36.872 30705 30749 W DefaultFailureHandler: 	at org.junit.runners.ParentRunner$3.evaluate(ParentRunner.java:306)
12-02 19:26:36.872 30705 30749 W DefaultFailureHandler: 	at org.junit.runners.ParentRunner.run(ParentRunner.java:413)
12-02 19:26:36.872 30705 30749 W DefaultFailureHandler: 	at org.junit.runner.JUnitCore.run(JUnitCore.java:137)
12-02 19:26:36.872 30705 30749 W DefaultFailureHandler: 	at org.junit.runner.JUnitCore.run(JUnitCore.java:115)
12-02 19:26:36.872 30705 30749 W DefaultFailureHandler: 	at androidx.test.internal.runner.TestExecutor.execute(TestExecutor.java:67)
12-02 19:26:36.872 30705 30749 W DefaultFailureHandler: 	at androidx.test.internal.runner.TestExecutor.execute(TestExecutor.java:58)
12-02 19:26:36.872 30705 30749 W DefaultFailureHandler: 	at androidx.test.runner.AndroidJUnitRunner.onStart(AndroidJUnitRunner.java:438)
12-02 19:26:36.872 30705 30749 W DefaultFailureHandler: 	at android.app.Instrumentation$InstrumentationThread.run(Instrumentation.java:2189)
12-02 19:26:36.872 30705 30749 W DefaultFailureHandler: Caused by: android.system.ErrnoException: open failed: EROFS (Read-only file system)
12-02 19:26:36.872 30705 30749 W DefaultFailureHandler: 	at libcore.io.Linux.open(Native Method)
12-02 19:26:36.872 30705 30749 W DefaultFailureHandler: 	at libcore.io.ForwardingOs.open(ForwardingOs.java:167)
12-02 19:26:36.872 30705 30749 W DefaultFailureHandler: 	at libcore.io.BlockGuardOs.open(BlockGuardOs.java:252)
12-02 19:26:36.872 30705 30749 W DefaultFailureHandler: 	at libcore.io.ForwardingOs.open(ForwardingOs.java:167)
12-02 19:26:36.872 30705 30749 W DefaultFailureHandler: 	at android.app.ActivityThread$AndroidOs.open(ActivityThread.java:7255)
12-02 19:26:36.872 30705 30749 W DefaultFailureHandler: 	at libcore.io.IoBridge.open(IoBridge.java:482)
12-02 19:26:36.872 30705 30749 W DefaultFailureHandler: 	... 51 more
12-02 19:26:36.878 30705 30705 I ViewInteraction: Performing 'wait for a specific view with <view.getId() is <2131230870/ru.iteco.fmhandroid:id/authorization_image_button>> during 10000 millis.' action on view view.getRootView() to equal view
12-02 19:26:36.881 30705 30705 I ViewInteraction: Checking 'MatchesViewAssertion{viewMatcher=(view has effective visibility <VISIBLE> and view.getGlobalVisibleRect() to return non-empty rectangle)}' assertion on view view.getId() is <2131230870/ru.iteco.fmhandroid:id/authorization_image_button>
12-02 19:26:36.883 30705 30705 I ViewInteraction: Performing 'single click' action on view view.getId() is <2131230870/ru.iteco.fmhandroid:id/authorization_image_button>
12-02 19:26:36.891 30705 30735 I teco.fmhandroi: Waiting for a blocking GC ProfileSaver
12-02 19:26:36.918 30705 30735 I teco.fmhandroi: WaitForGcToComplete blocked ProfileSaver on HeapTrim for 26.827ms
12-02 19:26:36.933  1750  3111 W audio_hw_generic: Not supplying enough data to HAL, expected position 410601984 , only wrote 410601963
12-02 19:26:36.966  1772  1772 D gralloc_ranchu: gralloc_alloc: Creating ashmem region of size 1429504
12-02 19:26:36.971  1772  1772 I chatty  : uid=1000(system) allocator@2.0-s identical 1 line
12-02 19:26:36.972  1772  1772 D gralloc_ranchu: gralloc_alloc: Creating ashmem region of size 1429504
12-02 19:26:36.988 30705 30763 D EGL_emulation: eglMakeCurrent: 0xe3a08680: ver 2 0 (tinfo 0xeec9edb0)
12-02 19:26:37.026 30705 30763 I chatty  : uid=10159(ru.iteco.fmhandroid) RenderThread identical 2 lines
12-02 19:26:37.046 30705 30763 D EGL_emulation: eglMakeCurrent: 0xe3a08680: ver 2 0 (tinfo 0xeec9edb0)
12-02 19:26:37.281 30705 30705 I ViewInteraction: Performing 'wait for a specific view with <an instance of android.widget.TextView and view.getText() with or without transformation to match: is "Log out"> during 10000 millis.' action on view view.getRootView() to equal view
12-02 19:26:37.285 30705 30705 I ViewInteraction: Checking 'MatchesViewAssertion{viewMatcher=(view has effective visibility <VISIBLE> and view.getGlobalVisibleRect() to return non-empty rectangle)}' assertion on view an instance of android.widget.TextView and view.getText() with or without transformation to match: is "Log out"
12-02 19:26:37.293 30705 30705 I ViewInteraction: Performing 'single click' action on view an instance of android.widget.TextView and view.getText() with or without transformation to match: is "Log out"
12-02 19:26:37.341 30705 30763 D EGL_emulation: eglMakeCurrent: 0xe3a08680: ver 2 0 (tinfo 0xeec9edb0)
12-02 19:26:37.469 30705 30763 I chatty  : uid=10159(ru.iteco.fmhandroid) RenderThread identical 1 line
12-02 19:26:37.495 30705 30763 D EGL_emulation: eglMakeCurrent: 0xe3a08680: ver 2 0 (tinfo 0xeec9edb0)
12-02 19:26:37.592 30705 30705 I ViewInteraction: Performing 'wait for a specific view with <(an instance of android.widget.TextView and view.getText() with or without transformation to match: is "Authorization" and view.getParent() view.getParent() view.getId() is <2131231186>)> during 10000 millis.' action on view view.getRootView() to equal view
12-02 19:26:37.596 30705 30705 I ViewInteraction: Checking 'MatchesViewAssertion{viewMatcher=(view has effective visibility <VISIBLE> and view.getGlobalVisibleRect() to return non-empty rectangle)}' assertion on view (an instance of android.widget.TextView and view.getText() with or without transformation to match: is "Authorization" and view.getParent() view.getParent() view.getId() is <2131231186/ru.iteco.fmhandroid:id/nav_host_fragment>)
12-02 19:26:37.599 30705 30705 I ViewInteraction: Performing 'wait for a specific view with <(an instance of android.widget.TextView and view.getHint() matching: is "Login" and view.getParent() view.getParent() view.getId() is <2131231121/ru.iteco.fmhandroid:id/login_text_input_layout>)> during 10000 millis.' action on view view.getRootView() to equal view
12-02 19:26:37.602 30705 30705 I ViewInteraction: Checking 'MatchesViewAssertion{viewMatcher=(view has effective visibility <VISIBLE> and view.getGlobalVisibleRect() to return non-empty rectangle)}' assertion on view (an instance of android.widget.TextView and view.getHint() matching: is "Login" and view.getParent() view.getParent() view.getId() is <2131231121/ru.iteco.fmhandroid:id/login_text_input_layout>)
12-02 19:26:37.605 30705 30705 I ViewInteraction: Performing 'wait for a specific view with <(an instance of android.widget.TextView and view.getHint() matching: is "Password" and view.getParent() view.getParent() view.getId() is <2131231264/ru.iteco.fmhandroid:id/password_text_input_layout>)> during 10000 millis.' action on view view.getRootView() to equal view
12-02 19:26:37.608 30705 30705 I ViewInteraction: Checking 'MatchesViewAssertion{viewMatcher=(view has effective visibility <VISIBLE> and view.getGlobalVisibleRect() to return non-empty rectangle)}' assertion on view (an instance of android.widget.TextView and view.getHint() matching: is "Password" and view.getParent() view.getParent() view.getId() is <2131231264/ru.iteco.fmhandroid:id/password_text_input_layout>)
12-02 19:26:37.613 30705 30705 I ViewInteraction: Performing 'wait for a specific view with <(view.getId() is <2131231039/ru.iteco.fmhandroid:id/enter_button> and an instance of android.widget.TextView and view.getText() with or without transformation to match: is "SIGN IN" and view.getContentDescription() is "Save" and view.getParent() view.getParent() an instance of android.widget.RelativeLayout)> during 10000 millis.' action on view view.getRootView() to equal view
12-02 19:26:37.615 30705 30705 I ViewInteraction: Checking 'MatchesViewAssertion{viewMatcher=(view has effective visibility <VISIBLE> and view.getGlobalVisibleRect() to return non-empty rectangle)}' assertion on view (view.getId() is <2131231039/ru.iteco.fmhandroid:id/enter_button> and an instance of android.widget.TextView and view.getText() with or without transformation to match: is "SIGN IN" and view.getContentDescription() is "Save" and view.getParent() view.getParent() an instance of android.widget.RelativeLayout)
12-02 19:26:37.618 30705 30705 I ViewInteraction: Performing 'wait for a specific view with <(an instance of android.widget.TextView and view.getText() with or without transformation to match: is "Authorization" and view.getParent() view.getParent() view.getId() is <2131231186>)> during 10000 millis.' action on view view.getRootView() to equal view
12-02 19:26:37.620 30705 30705 I ViewInteraction: Checking 'MatchesViewAssertion{viewMatcher=(view has effective visibility <VISIBLE> and view.getGlobalVisibleRect() to return non-empty rectangle)}' assertion on view (an instance of android.widget.TextView and view.getText() with or without transformation to match: is "Authorization" and view.getParent() view.getParent() view.getId() is <2131231186/ru.iteco.fmhandroid:id/nav_host_fragment>)
12-02 19:26:37.622 30705 30705 I ViewInteraction: Performing 'wait for a specific view with <(an instance of android.widget.TextView and view.getHint() matching: is "Login" and view.getParent() view.getParent() view.getId() is <2131231121/ru.iteco.fmhandroid:id/login_text_input_layout>)> during 10000 millis.' action on view view.getRootView() to equal view
12-02 19:26:37.624 30705 30705 I ViewInteraction: Checking 'MatchesViewAssertion{viewMatcher=(view has effective visibility <VISIBLE> and view.getGlobalVisibleRect() to return non-empty rectangle)}' assertion on view (an instance of android.widget.TextView and view.getHint() matching: is "Login" and view.getParent() view.getParent() view.getId() is <2131231121/ru.iteco.fmhandroid:id/login_text_input_layout>)
12-02 19:26:37.626 30705 30705 I ViewInteraction: Performing 'wait for a specific view with <(an instance of android.widget.TextView and view.getHint() matching: is "Password" and view.getParent() view.getParent() view.getId() is <2131231264/ru.iteco.fmhandroid:id/password_text_input_layout>)> during 10000 millis.' action on view view.getRootView() to equal view
12-02 19:26:37.628 30705 30705 I ViewInteraction: Checking 'MatchesViewAssertion{viewMatcher=(view has effective visibility <VISIBLE> and view.getGlobalVisibleRect() to return non-empty rectangle)}' assertion on view (an instance of android.widget.TextView and view.getHint() matching: is "Password" and view.getParent() view.getParent() view.getId() is <2131231264/ru.iteco.fmhandroid:id/password_text_input_layout>)
12-02 19:26:37.630 30705 30705 I ViewInteraction: Performing 'wait for a specific view with <(view.getId() is <2131231039/ru.iteco.fmhandroid:id/enter_button> and an instance of android.widget.TextView and view.getText() with or without transformation to match: is "SIGN IN" and view.getContentDescription() is "Save" and view.getParent() view.getParent() an instance of android.widget.RelativeLayout)> during 10000 millis.' action on view view.getRootView() to equal view
12-02 19:26:37.632 30705 30705 I ViewInteraction: Checking 'MatchesViewAssertion{viewMatcher=(view has effective visibility <VISIBLE> and view.getGlobalVisibleRect() to return non-empty rectangle)}' assertion on view (view.getId() is <2131231039/ru.iteco.fmhandroid:id/enter_button> and an instance of android.widget.TextView and view.getText() with or without transformation to match: is "SIGN IN" and view.getContentDescription() is "Save" and view.getParent() view.getParent() an instance of android.widget.RelativeLayout)
12-02 19:26:37.634 30705 30705 I ViewInteraction: Performing 'wait for a specific view with <(an instance of android.widget.TextView and view.getHint() matching: is "Login" and view.getParent() view.getParent() view.getId() is <2131231121/ru.iteco.fmhandroid:id/login_text_input_layout>)> during 10000 millis.' action on view view.getRootView() to equal view
12-02 19:26:37.636 30705 30705 I ViewInteraction: Performing 'replace text(login2)' action on view (an instance of android.widget.TextView and view.getHint() matching: is "Login" and view.getParent() view.getParent() view.getId() is <2131231121/ru.iteco.fmhandroid:id/login_text_input_layout>)
12-02 19:26:37.657 30705 30705 I ViewInteraction: Performing 'wait for a specific view with <(an instance of android.widget.TextView and view.getHint() matching: is "Password" and view.getParent() view.getParent() view.getId() is <2131231264/ru.iteco.fmhandroid:id/password_text_input_layout>)> during 10000 millis.' action on view view.getRootView() to equal view
