12-02 19:26:37.668 30705 30705 I ViewInteraction: Performing 'replace text(password2)' action on view (an instance of android.widget.TextView and view.getHint() matching: is "Password" and view.getParent() view.getParent() view.getId() is <2131231264/ru.iteco.fmhandroid:id/password_text_input_layout>)
12-02 19:26:37.686 30705 30705 I ViewInteraction: Performing 'wait for a specific view with <(view.getId() is <2131231039/ru.iteco.fmhandroid:id/enter_button> and an instance of android.widget.TextView and view.getText() with or without transformation to match: is "SIGN IN" and view.getContentDescription() is "Save" and view.getParent() view.getParent() an instance of android.widget.RelativeLayout)> during 10000 millis.' action on view view.getRootView() to equal view
12-02 19:26:37.689 30705 30705 I ViewInteraction: Checking 'MatchesViewAssertion{viewMatcher=view.isClickable() is <true>}' assertion on view (view.getId() is <2131231039/ru.iteco.fmhandroid:id/enter_button> and an instance of android.widget.TextView and view.getText() with or without transformation to match: is "SIGN IN" and view.getContentDescription() is "Save" and view.getParent() view.getParent() an instance of android.widget.RelativeLayout)
12-02 19:26:37.691 30705 30705 I ViewInteraction: Performing 'wait for a specific view with <(view.getId() is <2131231039/ru.iteco.fmhandroid:id/enter_button> and an instance of android.widget.TextView and view.getText() with or without transformation to match: is "SIGN IN" and view.getContentDescription() is "Save" and view.getParent() view.getParent() an instance of android.widget.RelativeLayout)> during 10000 millis.' action on view view.getRootView() to equal view
12-02 19:26:37.699 30705 30705 I ViewInteraction: Checking 'MatchesViewAssertion{viewMatcher=view.isClickable() is <true>}' assertion on view (view.getId() is <2131231039/ru.iteco.fmhandroid:id/enter_button> and an instance of android.widget.TextView and view.getText() with or without transformation to match: is "SIGN IN" and view.getContentDescription() is "Save" and view.getParent() view.getParent() an instance of android.widget.RelativeLayout)
12-02 19:26:37.702 30705 30705 I ViewInteraction: Performing 'wait for a specific view with <(view.getId() is <2131231039/ru.iteco.fmhandroid:id/enter_button> and an instance of android.widget.TextView and view.getText() with or without transformation to match: is "SIGN IN" and view.getContentDescription() is "Save" and view.getParent() view.getParent() an instance of android.widget.RelativeLayout)> during 10000 millis.' action on view view.getRootView() to equal view
12-02 19:26:37.709 30705 30705 I ViewInteraction: Performing 'single click' action on view (view.getId() is <2131231039/ru.iteco.fmhandroid:id/enter_button> and an instance of android.widget.TextView and view.getText() with or without transformation to match: is "SIGN IN" and view.getContentDescription() is "Save" and view.getParent() view.getParent() an instance of android.widget.RelativeLayout)
12-02 19:26:37.753 30705 30800 I okhttp.OkHttpClient: --> POST http://www.981757-ca08998.tmweb.ru:8080/fmh/authentication/login
12-02 19:26:37.753 30705 30800 I okhttp.OkHttpClient: Content-Type: application/json; charset=UTF-8
12-02 19:26:37.753 30705 30800 I okhttp.OkHttpClient: Content-Length: 41
12-02 19:26:37.754 30705 30800 I okhttp.OkHttpClient: {"login":"login2","password":"password2"}
12-02 19:26:37.754 30705 30800 I okhttp.OkHttpClient: --> END POST (41-byte body)
12-02 19:26:37.994 30705 30705 I ViewInteraction: Performing 'wait for a specific view with <an instance of android.widget.TextView and view.getText() with or without transformation to match: is "News"> during 10000 millis.' action on view view.getRootView() to equal view
12-02 19:26:38.091 30705 30800 I okhttp.OkHttpClient: <-- 200 http://www.981757-ca08998.tmweb.ru:8080/fmh/authentication/login (337ms)
12-02 19:26:38.091 30705 30800 I okhttp.OkHttpClient: Vary: Origin
12-02 19:26:38.091 30705 30800 I okhttp.OkHttpClient: Vary: Access-Control-Request-Method
12-02 19:26:38.091 30705 30800 I okhttp.OkHttpClient: Vary: Access-Control-Request-Headers
12-02 19:26:38.091 30705 30800 I okhttp.OkHttpClient: X-Content-Type-Options: nosniff
12-02 19:26:38.092 30705 30800 I okhttp.OkHttpClient: X-XSS-Protection: 1; mode=block
12-02 19:26:38.092 30705 30800 I okhttp.OkHttpClient: Cache-Control: no-cache, no-store, max-age=0, must-revalidate
12-02 19:26:38.092 30705 30800 I okhttp.OkHttpClient: Pragma: no-cache
12-02 19:26:38.092 30705 30800 I okhttp.OkHttpClient: Expires: 0
12-02 19:26:38.092 30705 30800 I okhttp.OkHttpClient: X-Frame-Options: DENY
12-02 19:26:38.092 30705 30800 I okhttp.OkHttpClient: Content-Type: application/json
12-02 19:26:38.092 30705 30800 I okhttp.OkHttpClient: Transfer-Encoding: chunked
12-02 19:26:38.092 30705 30800 I okhttp.OkHttpClient: Date: Fri, 02 Dec 2022 16:26:39 GMT
12-02 19:26:38.092 30705 30800 I okhttp.OkHttpClient: Keep-Alive: timeout=60
12-02 19:26:38.092 30705 30800 I okhttp.OkHttpClient: Connection: keep-alive
12-02 19:26:38.093 30705 30800 I okhttp.OkHttpClient: {"accessToken":"eyJhbGciOiJIUzUxMiJ9.eyJzdWIiOiJsb2dpbjIiLCJqdGkiOiIyIiwiZXhwIjoxNjcwMDg0Nzk5fQ.JzEN7wtcqIPAVUW6qSjSbNzJpsgpu1Ut7SYNue6w9RnYjiKf0YAFJL16hVi4usGtc-BH3xW8OQLhl7R2PXXOPA","refreshToken":"eyJhbGciOiJIUzUxMiJ9.eyJzdWIiOiJsb2dpbjIiLCJqdGkiOiIyIiwiZXhwIjoxNjcyNTkwMzk5fQ.Y3bTy7CYiSAJBt4ODeEOkdJetPVV9xyXWjzdH95CKqtJGqlheVEgmyKzK5CY1m-n33XsNG3ZSsumXtiiYhVa6A"}
12-02 19:26:38.093 30705 30800 I okhttp.OkHttpClient: <-- END HTTP (368-byte body)
12-02 19:26:38.096 30705 30775 I okhttp.OkHttpClient: --> GET http://www.981757-ca08998.tmweb.ru:8080/fmh/authentication/userInfo
12-02 19:26:38.096 30705 30775 I okhttp.OkHttpClient: --> END GET
12-02 19:26:38.257  1897  1897 E wifi_forwarder: RemoteConnection failed to initialize: RemoteConnection failed to open pipe
12-02 19:26:38.390 30705 30775 I okhttp.OkHttpClient: <-- 200 http://www.981757-ca08998.tmweb.ru:8080/fmh/authentication/userInfo (293ms)
12-02 19:26:38.390 30705 30775 I okhttp.OkHttpClient: Vary: Origin
12-02 19:26:38.390 30705 30775 I okhttp.OkHttpClient: Vary: Access-Control-Request-Method
12-02 19:26:38.390 30705 30775 I okhttp.OkHttpClient: Vary: Access-Control-Request-Headers
12-02 19:26:38.390 30705 30775 I okhttp.OkHttpClient: X-Content-Type-Options: nosniff
12-02 19:26:38.390 30705 30775 I okhttp.OkHttpClient: X-XSS-Protection: 1; mode=block
12-02 19:26:38.391 30705 30775 I okhttp.OkHttpClient: Cache-Control: no-cache, no-store, max-age=0, must-revalidate
12-02 19:26:38.391 30705 30775 I okhttp.OkHttpClient: Pragma: no-cache
12-02 19:26:38.391 30705 30775 I okhttp.OkHttpClient: Expires: 0
12-02 19:26:38.391 30705 30775 I okhttp.OkHttpClient: X-Frame-Options: DENY
12-02 19:26:38.391 30705 30775 I okhttp.OkHttpClient: Content-Type: application/json
12-02 19:26:38.391 30705 30775 I okhttp.OkHttpClient: Transfer-Encoding: chunked
12-02 19:26:38.391 30705 30775 I okhttp.OkHttpClient: Date: Fri, 02 Dec 2022 16:26:39 GMT
12-02 19:26:38.391 30705 30775 I okhttp.OkHttpClient: Keep-Alive: timeout=60
12-02 19:26:38.391 30705 30775 I okhttp.OkHttpClient: Connection: keep-alive
12-02 19:26:38.391 30705 30775 I okhttp.OkHttpClient: {"id":2,"firstName":"Данил","lastName":"Иванов","middleName":"Данилович","admin":true}
12-02 19:26:38.391 30705 30775 I okhttp.OkHttpClient: <-- END HTTP (106-byte body)
12-02 19:26:38.399 30705 30779 I okhttp.OkHttpClient: --> GET http://www.981757-ca08998.tmweb.ru:8080/fmh/claims
12-02 19:26:38.399 30705 30779 I okhttp.OkHttpClient: --> END GET
12-02 19:26:38.403  1743 30927 E ResolverController: No valid NAT64 prefix (128, <unspecified>/0)
12-02 19:26:38.461 30705 30705 I ViewInteraction: Checking 'MatchesViewAssertion{viewMatcher=(view has effective visibility <VISIBLE> and view.getGlobalVisibleRect() to return non-empty rectangle)}' assertion on view an instance of android.widget.TextView and view.getText() with or without transformation to match: is "News"
12-02 19:26:38.464 30705 30705 I ViewInteraction: Performing 'wait for a specific view with <view.getId() is <2131230951>> during 10000 millis.' action on view view.getRootView() to equal view
12-02 19:26:38.466 30705 30705 I ViewInteraction: Checking 'MatchesViewAssertion{viewMatcher=(view has effective visibility <VISIBLE> and view.getGlobalVisibleRect() to return non-empty rectangle)}' assertion on view view.getId() is <2131230951/ru.iteco.fmhandroid:id/container_list_news_include_on_fragment_main>
12-02 19:26:38.468 30705 30705 I ViewInteraction: Performing 'wait for a specific view with <view.getId() is <2131230949>> during 10000 millis.' action on view view.getRootView() to equal view
12-02 19:26:38.471 30705 30705 I ViewInteraction: Checking 'MatchesViewAssertion{viewMatcher=(view has effective visibility <VISIBLE> and view.getGlobalVisibleRect() to return non-empty rectangle)}' assertion on view view.getId() is <2131230949/ru.iteco.fmhandroid:id/container_list_claim_include_on_fragment_main>
12-02 19:26:38.474 30705 30705 I ViewInteraction: Performing 'wait for a specific view with <an instance of android.widget.TextView and view.getText() with or without transformation to match: is "Claims"> during 10000 millis.' action on view view.getRootView() to equal view
12-02 19:26:38.652 30705 30705 I ViewInteraction: Checking 'MatchesViewAssertion{viewMatcher=(view has effective visibility <VISIBLE> and view.getGlobalVisibleRect() to return non-empty rectangle)}' assertion on view an instance of android.widget.TextView and view.getText() with or without transformation to match: is "Claims"
12-02 19:26:38.654 30705 30705 I ViewInteraction: Performing 'wait for a specific view with <view.getClass().getName() matches: a string ending with "ScrollView"> during 10000 millis.' action on view view.getRootView() to equal view
12-02 19:26:38.660 30705 30705 I ViewInteraction: Checking 'MatchesViewAssertion{viewMatcher=view.isEnabled() is <true>}' assertion on view view.getClass().getName() matches: a string ending with "ScrollView"
12-02 19:26:38.663 30705 30705 I ViewInteraction: Performing 'wait for a specific view with <view.getClass().getName() matches: a string ending with "ScrollView"> during 10000 millis.' action on view view.getRootView() to equal view
12-02 19:26:38.667 30705 30705 I ViewInteraction: Performing 'fast swipe' action on view view.getClass().getName() matches: a string ending with "ScrollView"
12-02 19:26:38.670  2010  2108 V InputDispatcher: Asynchronous input event injection succeeded.
12-02 19:26:38.807  2010  2108 I chatty  : uid=1000(system) InputDispatcher identical 9 lines
12-02 19:26:38.823  2010  2108 V InputDispatcher: Asynchronous input event injection succeeded.
12-02 19:26:40.550 30705 30779 I okhttp.OkHttpClient: <-- 200 http://www.981757-ca08998.tmweb.ru:8080/fmh/claims (2151ms)
12-02 19:26:40.550 30705 30779 I okhttp.OkHttpClient: Vary: Origin
12-02 19:26:40.550 30705 30779 I okhttp.OkHttpClient: Vary: Access-Control-Request-Method
12-02 19:26:40.550 30705 30779 I okhttp.OkHttpClient: Vary: Access-Control-Request-Headers
12-02 19:26:40.550 30705 30779 I okhttp.OkHttpClient: X-Content-Type-Options: nosniff
12-02 19:26:40.551 30705 30779 I okhttp.OkHttpClient: X-XSS-Protection: 1; mode=block
12-02 19:26:40.551 30705 30779 I okhttp.OkHttpClient: Cache-Control: no-cache, no-store, max-age=0, must-revalidate
12-02 19:26:40.551 30705 30779 I okhttp.OkHttpClient: Pragma: no-cache
12-02 19:26:40.551 30705 30779 I okhttp.OkHttpClient: Expires: 0
12-02 19:26:40.551 30705 30779 I okhttp.OkHttpClient: X-Frame-Options: DENY
12-02 19:26:40.551 30705 30779 I okhttp.OkHttpClient: Content-Type: application/json
12-02 19:26:40.551 30705 30779 I okhttp.OkHttpClient: Transfer-Encoding: chunked
12-02 19:26:40.551 30705 30779 I okhttp.OkHttpClient: Date: Fri, 02 Dec 2022 16:26:42 GMT
12-02 19:26:40.551 30705 30779 I okhttp.OkHttpClient: Keep-Alive: timeout=60
12-02 19:26:40.551 30705 30779 I okhttp.OkHttpClient: Connection: keep-alive
12-02 19:26:40.907  1750  1962 W audio_hw_generic: Not supplying enough data to HAL, expected position 410950689 , only wrote 410777128
12-02 19:26:41.920 30705 30705 I ViewInteraction: Performing 'wait for a specific view with <with id: 2131230916> during 10000 millis.' action on view view.getRootView() to equal view
12-02 19:26:41.922 30705 30705 I ViewInteraction: Performing 'single click' action on view with id: ru.iteco.fmhandroid:id/claim_list_recycler_view
12-02 19:26:41.983 30705 30824 I okhttp.OkHttpClient: --> GET http://www.981757-ca08998.tmweb.ru:8080/fmh/claims/742/comments
12-02 19:26:41.983 30705 30824 I okhttp.OkHttpClient: --> END GET
12-02 19:26:41.987  1743 30928 E ResolverController: No valid NAT64 prefix (128, <unspecified>/0)
12-02 19:26:41.991  1750  3111 W audio_hw_generic: Not supplying enough data to HAL, expected position 410777167 , only wrote 410777128
12-02 19:26:42.208 30705 30705 I ViewInteraction: Performing 'wait for a specific view with <view.getId() is <2131230989>> during 10000 millis.' action on view view.getRootView() to equal view
12-02 19:26:42.265 30705 30824 I okhttp.OkHttpClient: <-- 200 http://www.981757-ca08998.tmweb.ru:8080/fmh/claims/742/comments (281ms)
12-02 19:26:42.265 30705 30824 I okhttp.OkHttpClient: Vary: Origin
12-02 19:26:42.265 30705 30824 I okhttp.OkHttpClient: Vary: Access-Control-Request-Method
12-02 19:26:42.265 30705 30824 I okhttp.OkHttpClient: Vary: Access-Control-Request-Headers
12-02 19:26:42.265 30705 30824 I okhttp.OkHttpClient: X-Content-Type-Options: nosniff
12-02 19:26:42.265 30705 30824 I okhttp.OkHttpClient: X-XSS-Protection: 1; mode=block
12-02 19:26:42.265 30705 30824 I okhttp.OkHttpClient: Cache-Control: no-cache, no-store, max-age=0, must-revalidate
12-02 19:26:42.265 30705 30824 I okhttp.OkHttpClient: Pragma: no-cache
12-02 19:26:42.265 30705 30824 I okhttp.OkHttpClient: Expires: 0
12-02 19:26:42.265 30705 30824 I okhttp.OkHttpClient: X-Frame-Options: DENY
12-02 19:26:42.265 30705 30824 I okhttp.OkHttpClient: Content-Type: application/json
12-02 19:26:42.265 30705 30824 I okhttp.OkHttpClient: Transfer-Encoding: chunked
12-02 19:26:42.265 30705 30824 I okhttp.OkHttpClient: Date: Fri, 02 Dec 2022 16:26:43 GMT
12-02 19:26:42.265 30705 30824 I okhttp.OkHttpClient: Keep-Alive: timeout=60
12-02 19:26:42.265 30705 30824 I okhttp.OkHttpClient: Connection: keep-alive
12-02 19:26:42.266 30705 30824 I okhttp.OkHttpClient: [{"id":597,"claimId":742,"description":"comment","creatorId":2,"createDate":1664126213,"creatorName":"Иванов Данил Данилович"},{"id":598,"claimId":742,"description":"Комментарий","creatorId":2,"createDate":1664127439,"creatorName":"Иванов Данил Данилови��"},{"id":602,"claimId":742,"description":"Комментарий","creatorId":2,"createDate":1664199196,"creatorName":"Иванов Данил Данилович"},{"id":603,"claimId":742,"description":"Спасибо за комментарий","creatorId":2,"createDate":1664199958,"creatorName":"Иванов Данил Данилович"},{"id":596,"claimId":742,"description":"Отредактированный комментарий","creatorId":2,"createDate":1664082598,"creatorName":"Иванов Данил Данилович"},{"id":736,"claimId":742,"description":"Комментарий 1","creatorId":2,"createDate":1665931147,"creatorName":"Иванов Данил Данилович"},{"id":756,"claimId":742,"description":"ухты","creatorId":2,"createDate":1666345146,"creatorName":"Иванов Данил Данилович"},{"id":763,"claimId":742,"description":"изверги","creatorId":3,"createDate":1666349638,"creatorName":"Петров Егор Егорович"},{"id":764,"claimId":742,"description":"изверги2","creatorId":4,"createDate":1666349681,"creatorName":"Сидоров Дмитрий Дмитриевич"},{"id":765,"claimId":742,"description":"fg","creatorId":1,"createDate":1666349912,"creatorName":"Смирнов Петр Петрович"}]
12-02 19:26:42.266 30705 30824 I okhttp.OkHttpClient: <-- END HTTP (1606-byte body)
12-02 19:26:42.379 30705 30705 I ViewInteraction: Checking 'MatchesViewAssertion{viewMatcher=(view has effective visibility <VISIBLE> and view.getGlobalVisibleRect() to return non-empty rectangle)}' assertion on view view.getId() is <2131230989/ru.iteco.fmhandroid:id/description_text_view>
12-02 19:26:42.383 30705 30705 D takeScreenshot: Found 1 global views to redraw
12-02 19:26:42.517  1772  1772 D gralloc_ranchu: gralloc_alloc: Creating ashmem region of size 14749696
12-02 19:26:42.566 30705 30749 W DefaultFailureHandler: Failed to take screenshot
12-02 19:26:42.566 30705 30749 W DefaultFailureHandler: java.io.FileNotFoundException: view-op-error-9.png: open failed: EROFS (Read-only file system)
12-02 19:26:42.566 30705 30749 W DefaultFailureHandler: 	at libcore.io.IoBridge.open(IoBridge.java:496)
12-02 19:26:42.566 30705 30749 W DefaultFailureHandler: 	at java.io.FileOutputStream.<init>(FileOutputStream.java:235)
12-02 19:26:42.566 30705 30749 W DefaultFailureHandler: 	at java.io.FileOutputStream.<init>(FileOutputStream.java:125)
12-02 19:26:42.566 30705 30749 W DefaultFailureHandler: 	at androidx.test.platform.io.FileTestStorage.openOutputFile(FileTestStorage.java:60)
12-02 19:26:42.566 30705 30749 W DefaultFailureHandler: 	at androidx.test.core.graphics.BitmapStorage.writeToTestStorage(BitmapStorageExt.kt:49)
12-02 19:26:42.566 30705 30749 W DefaultFailureHandler: 	at androidx.test.espresso.base.DefaultFailureHandler.takeScreenshot(DefaultFailureHandler.java:4)
12-02 19:26:42.566 30705 30749 W DefaultFailureHandler: 	at androidx.test.espresso.base.DefaultFailureHandler.handle(DefaultFailureHandler.java:3)
12-02 19:26:42.566 30705 30749 W DefaultFailureHandler: 	at androidx.test.espresso.ViewInteraction.waitForAndHandleInteractionResults(ViewInteraction.java:5)
12-02 19:26:42.566 30705 30749 W DefaultFailureHandler: 	at androidx.test.espresso.ViewInteraction.check(ViewInteraction.java:12)
12-02 19:26:42.566 30705 30749 W DefaultFailureHandler: 	at ru.iteco.fmhandroid.ui.MainPageTest.shouldOpenClaimsItemDescription(MainPageTest.java:121)
12-02 19:26:42.566 30705 30749 W DefaultFailureHandler: 	at java.lang.reflect.Method.invoke(Native Method)
12-02 19:26:42.566 30705 30749 W DefaultFailureHandler: 	at org.junit.runners.model.FrameworkMethod$1.runReflectiveCall(FrameworkMethod.java:59)
12-02 19:26:42.566 30705 30749 W DefaultFailureHandler: 	at org.junit.internal.runners.model.ReflectiveCallable.run(ReflectiveCallable.java:12)
12-02 19:26:42.566 30705 30749 W DefaultFailureHandler: 	at org.junit.runners.model.FrameworkMethod.invokeExplosively(FrameworkMethod.java:56)
12-02 19:26:42.566 30705 30749 W DefaultFailureHandler: 	at org.junit.internal.runners.statements.InvokeMethod.evaluate(InvokeMethod.java:17)
12-02 19:26:42.566 30705 30749 W DefaultFailureHandler: 	at androidx.test.internal.runner.junit4.statement.RunBefores.evaluate(RunBefores.java:80)
12-02 19:26:42.566 30705 30749 W DefaultFailureHandler: 	at androidx.test.rule.ActivityTestRule$ActivityStatement.evaluate(ActivityTestRule.java:543)
12-02 19:26:42.566 30705 30749 W DefaultFailureHandler: 	at io.qameta.allure.android.rules.LogcatRule$apply$1.evaluate(LogcatRule.kt:23)
12-02 19:26:42.566 30705 30749 W DefaultFailureHandler: 	at io.qameta.allure.android.rules.ScreenshotRule$apply$1.evaluate(ScreenshotRule.kt:22)
12-02 19:26:42.566 30705 30749 W DefaultFailureHandler: 	at io.qameta.allure.android.rules.ScreenshotRule$apply$1.evaluate(ScreenshotRule.kt:22)
12-02 19:26:42.566 30705 30749 W DefaultFailureHandler: 	at org.junit.rules.RunRules.evaluate(RunRules.java:20)
12-02 19:26:42.566 30705 30749 W DefaultFailureHandler: 	at org.junit.runners.ParentRunner$3.evaluate(ParentRunner.java:306)
12-02 19:26:42.566 30705 30749 W DefaultFailureHandler: 	at org.junit.runners.BlockJUnit4ClassRunner$1.evaluate(BlockJUnit4ClassRunner.java:100)
12-02 19:26:42.566 30705 30749 W DefaultFailureHandler: 	at org.junit.runners.ParentRunner.runLeaf(ParentRunner.java:366)
12-02 19:26:42.566 30705 30749 W DefaultFailureHandler: 	at org.junit.runners.BlockJUnit4ClassRunner.runChild(BlockJUnit4ClassRunner.java:103)
12-02 19:26:42.566 30705 30749 W DefaultFailureHandler: 	at org.junit.runners.BlockJUnit4ClassRunner.runChild(BlockJUnit4ClassRunner.java:63)
12-02 19:26:42.566 30705 30749 W DefaultFailureHandler: 	at org.junit.runners.ParentRunner$4.run(ParentRunner.java:331)
12-02 19:26:42.566 30705 30749 W DefaultFailureHandler: 	at org.junit.runners.ParentRunner$1.schedule(ParentRunner.java:79)
12-02 19:26:42.566 30705 30749 W DefaultFailureHandler: 	at org.junit.runners.ParentRunner.runChildren(ParentRunner.java:329)
12-02 19:26:42.566 30705 30749 W DefaultFailureHandler: 	at org.junit.runners.ParentRunner.access$100(ParentRunner.java:66)
12-02 19:26:42.566 30705 30749 W DefaultFailureHandler: 	at org.junit.runners.ParentRunner$2.evaluate(ParentRunner.java:293)
12-02 19:26:42.566 30705 30749 W DefaultFailureHandler: 	at org.junit.runners.ParentRunner$3.evaluate(ParentRunner.java:306)
12-02 19:26:42.566 30705 30749 W DefaultFailureHandler: 	at org.junit.runners.ParentRunner.run(ParentRunner.java:413)
12-02 19:26:42.566 30705 30749 W DefaultFailureHandler: 	at androidx.test.ext.junit.runners.AndroidJUnit4.run(AndroidJUnit4.java:162)
12-02 19:26:42.566 30705 30749 W DefaultFailureHandler: 	at io.qameta.allure.android.runners.AllureAndroidJUnit4.run(AllureAndroidJUnitRunners.kt:29)
12-02 19:26:42.566 30705 30749 W DefaultFailureHandler: 	at org.junit.runners.Suite.runChild(Suite.java:128)
12-02 19:26:42.566 30705 30749 W DefaultFailureHandler: 	at org.junit.runners.Suite.runChild(Suite.java:27)
12-02 19:26:42.566 30705 30749 W DefaultFailureHandler: 	at org.junit.runners.ParentRunner$4.run(ParentRunner.java:331)
12-02 19:26:42.566 30705 30749 W DefaultFailureHandler: 	at org.junit.runners.ParentRunner$1.schedule(ParentRunner.java:79)
12-02 19:26:42.566 30705 30749 W DefaultFailureHandler: 	at org.junit.runners.ParentRunner.runChildren(ParentRunner.java:329)
12-02 19:26:42.566 30705 30749 W DefaultFailureHandler: 	at org.junit.runners.ParentRunner.access$100(ParentRunner.java:66)
12-02 19:26:42.566 30705 30749 W DefaultFailureHandler: 	at org.junit.runners.ParentRunner$2.evaluate(ParentRunner.java:293)
12-02 19:26:42.566 30705 30749 W DefaultFailureHandler: 	at org.junit.runners.ParentRunner$3.evaluate(ParentRunner.java:306)
12-02 19:26:42.566 30705 30749 W DefaultFailureHandler: 	at org.junit.runners.ParentRunner.run(ParentRunner.java:413)
12-02 19:26:42.566 30705 30749 W DefaultFailureHandler: 	at org.junit.runner.JUnitCore.run(JUnitCore.java:137)
12-02 19:26:42.566 30705 30749 W DefaultFailureHandler: 	at org.junit.runner.JUnitCore.run(JUnitCore.java:115)
12-02 19:26:42.566 30705 30749 W DefaultFailureHandler: 	at androidx.test.internal.runner.TestExecutor.execute(TestExecutor.java:67)
12-02 19:26:42.566 30705 30749 W DefaultFailureHandler: 	at androidx.test.internal.runner.TestExecutor.execute(TestExecutor.java:58)
12-02 19:26:42.566 30705 30749 W DefaultFailureHandler: 	at androidx.test.runner.AndroidJUnitRunner.onStart(AndroidJUnitRunner.java:438)
12-02 19:26:42.566 30705 30749 W DefaultFailureHandler: 	at android.app.Instrumentation$InstrumentationThread.run(Instrumentation.java:2189)
12-02 19:26:42.566 30705 30749 W DefaultFailureHandler: Caused by: android.system.ErrnoException: open failed: EROFS (Read-only file system)
12-02 19:26:42.566 30705 30749 W DefaultFailureHandler: 	at libcore.io.Linux.open(Native Method)
12-02 19:26:42.566 30705 30749 W DefaultFailureHandler: 	at libcore.io.ForwardingOs.open(ForwardingOs.java:167)
12-02 19:26:42.566 30705 30749 W DefaultFailureHandler: 	at libcore.io.BlockGuardOs.open(BlockGuardOs.java:252)
12-02 19:26:42.566 30705 30749 W DefaultFailureHandler: 	at libcore.io.ForwardingOs.open(ForwardingOs.java:167)
12-02 19:26:42.566 30705 30749 W DefaultFailureHandler: 	at android.app.ActivityThread$AndroidOs.open(ActivityThread.java:7255)
12-02 19:26:42.566 30705 30749 W DefaultFailureHandler: 	at libcore.io.IoBridge.open(IoBridge.java:482)
12-02 19:26:42.566 30705 30749 W DefaultFailureHandler: 	... 49 more
12-02 19:26:42.578  2010  9089 W InputReader: Device has associated, but no associated display id.
12-02 19:26:42.578  2010  9089 I chatty  : uid=1000(system) Binder:2010_1A identical 8 lines
12-02 19:26:42.578  2010  9089 W InputReader: Device has associated, but no associated display id.
12-02 19:26:42.584 30705 30705 D LifecycleMonitor: Lifecycle status change: ru.iteco.fmhandroid.ui.AppActivity@61ccdc6 in: PAUSED
12-02 19:26:42.586  2010  2342 W InputReader: Device has associated, but no associated display id.
12-02 19:26:42.586  2010  2342 I chatty  : uid=1000(system) Binder:2010_6 identical 8 lines
12-02 19:26:42.586  2010  2342 W InputReader: Device has associated, but no associated display id.
12-02 19:26:42.601  1772  1772 D gralloc_ranchu: gralloc_alloc: Creating ashmem region of size 14749696
12-02 19:26:42.604 30705 30743 V FA      : Recording user engagement, ms: 16698
12-02 19:26:42.605  1772  1772 D gralloc_ranchu: gralloc_alloc: Creating ashmem region of size 14749696
12-02 19:26:42.612  3139  3664 D EGL_emulation: eglMakeCurrent: 0xdb91c460: ver 2 0 (tinfo 0xbe64a3f0)
12-02 19:26:42.625  1772  1772 D gralloc_ranchu: gralloc_alloc: Creating ashmem region of size 14749696
12-02 19:26:42.632  1772  1875 D gralloc_ranchu: gralloc_alloc: Creating ashmem region of size 14749696
12-02 19:26:42.641  1772  1875 I chatty  : uid=1000(system) HwBinder:1772_2 identical 1 line
12-02 19:26:42.645  1772  1875 D gralloc_ranchu: gralloc_alloc: Creating ashmem region of size 14749696
12-02 19:26:42.646  2448  3326 D EGL_emulation: eglMakeCurrent: 0xe3a07ba0: ver 2 0 (tinfo 0xe3a93b30)
12-02 19:26:42.649  3139  3139 W ThreadPoolDumper: Queue length for executor EventBus is now 11. Perhaps some tasks are too long, or the pool is too small.
12-02 19:26:42.668  3139  3568 W SessionLifecycleManager: Handover failed. Creating new session controller.
12-02 19:26:42.673  3139  3568 W ThreadPoolDumper: Queue length for executor Lightweight is now 11. Perhaps some tasks are too long, or the pool is too small.
12-02 19:26:42.687  2010  2037 W InputReader: Device has associated, but no associated display id.
12-02 19:26:42.687  2010  2037 I chatty  : uid=1000(system) android.anim identical 8 lines
12-02 19:26:42.687  2010  2037 W InputReader: Device has associated, but no associated display id.
12-02 19:26:42.690  1772  1875 D gralloc_ranchu: gralloc_alloc: Creating ashmem region of size 9441280
12-02 19:26:42.702  2169  2501 D EGL_emulation: eglMakeCurrent: 0xdb91a600: ver 2 0 (tinfo 0xdb90f8d0)
12-02 19:26:42.713  2010  2010 W ActivityManager: Unable to start service Intent { act=android.service.appprediction.AppPredictionService cmp=com.google.android.as/com.google.android.apps.miphone.aiai.app.AiAiPredictionService } U=0: not found
12-02 19:26:42.713  2010  2010 W RemoteAppPredictionService: could not bind to Intent { act=android.service.appprediction.AppPredictionService cmp=com.google.android.as/com.google.android.apps.miphone.aiai.app.AiAiPredictionService } using flags 67108865
12-02 19:26:42.718 30705 30743 V FA      : Connecting to remote service
12-02 19:26:42.741  1788  1788 E Layer   : [Surface(name=AppWindowToken{dc3011b token=Token{2eddf2a ActivityRecord{1864015 u0 ru.iteco.fmhandroid/.ui.AppActivity t3217}}})/@0x60b547e - animation-leash#0] No local sync point found
12-02 19:26:42.741  1788  1788 E Layer   : [Surface(name=AppWindowToken{e44e437 token=Token{8e32d36 ActivityRecord{89f0ed1 u0 com.google.android.apps.nexuslauncher/.NexusLauncherActivity t2562}}})/@0xb44cf46 - animation-leash#0] No local sync point found
12-02 19:26:42.744 30705 30763 D EGL_emulation: eglMakeCurrent: 0xe3a08680: ver 2 0 (tinfo 0xeec9edb0)
12-02 19:26:42.756  2010  6726 D HostConnection: HostConnection::get() New Host Connection established 0xb4601c80, tid 6726
12-02 19:26:42.769  2010  6726 D HostConnection: HostComposition ext ANDROID_EMU_CHECKSUM_HELPER_v1 ANDROID_EMU_dma_v1 ANDROID_EMU_direct_mem ANDROID_EMU_host_composition_v1 ANDROID_EMU_host_composition_v2 ANDROID_EMU_vulkan ANDROID_EMU_deferred_vulkan_commands ANDROID_EMU_vulkan_null_optional_strings ANDROID_EMU_vulkan_create_resources_with_requirements ANDROID_EMU_YUV_Cache ANDROID_EMU_vulkan_ignored_handles ANDROID_EMU_vulkan_free_memory_sync ANDROID_EMU_vulkan_shader_float16_int8 ANDROID_EMU_vulkan_async_queue_submit ANDROID_EMU_sync_buffer_data GL_OES_vertex_array_object GL_KHR_texture_compression_astc_ldr ANDROID_EMU_host_side_tracing ANDROID_EMU_gles_max_version_2 
12-02 19:26:42.769  2010  6726 W OpenGLRenderer: Failed to choose config with EGL_SWAP_BEHAVIOR_PRESERVED, retrying without...
12-02 19:26:42.776  3139 29270 W LocationOracle: No location history returned by ContextManager
12-02 19:26:42.795  2010  6726 D EGL_emulation: eglCreateContext: 0xd856c380: maj 2 min 0 rcv 2
12-02 19:26:42.806  2010  6726 D EGL_emulation: eglMakeCurrent: 0xd856c380: ver 2 0 (tinfo 0xbf01f330)
12-02 19:26:42.814 30705 30705 D LifecycleMonitor: Lifecycle status change: ru.iteco.fmhandroid.ui.AppActivity@61ccdc6 in: STOPPED
12-02 19:26:42.858 30705 30705 W System.err: ru.iteco.fmhandroid.exceptions.UnknownException
12-02 19:26:42.858 30705 30705 W System.err: 	at ru.iteco.fmhandroid.utils.Utils.makeRequest(Utils.kt:123)
12-02 19:26:42.858 30705 30705 W System.err: 	at ru.iteco.fmhandroid.utils.Utils$makeRequest$1.invokeSuspend(Unknown Source:15)
12-02 19:26:42.858 30705 30705 W System.err: 	at kotlin.coroutines.jvm.internal.BaseContinuationImpl.resumeWith(ContinuationImpl.kt:33)
12-02 19:26:42.858 30705 30705 W System.err: 	at kotlinx.coroutines.DispatchedTaskKt.resume(DispatchedTask.kt:234)
12-02 19:26:42.858 30705 30705 W System.err: 	at kotlinx.coroutines.DispatchedTaskKt.resumeUnconfined(DispatchedTask.kt:190)
12-02 19:26:42.858 30705 30705 W System.err: 	at kotlinx.coroutines.DispatchedTaskKt.dispatch(DispatchedTask.kt:161)
12-02 19:26:42.859 30705 30705 W System.err: 	at kotlinx.coroutines.CancellableContinuationImpl.dispatchResume(CancellableContinuationImpl.kt:397)
12-02 19:26:42.859 30705 30705 W System.err: 	at kotlinx.coroutines.CancellableContinuationImpl.cancel(CancellableContinuationImpl.kt:183)
12-02 19:26:42.859 30705 30705 W System.err: 	at kotlinx.coroutines.CancellableContinuationImpl.parentCancelled$kotlinx_coroutines_core(CancellableContinuationImpl.kt:190)
12-02 19:26:42.859 30705 30705 W System.err: 	at kotlinx.coroutines.ChildContinuation.invoke(JobSupport.kt:1474)
12-02 19:26:42.859 30705 30705 W System.err: 	at kotlinx.coroutines.JobSupport.notifyCancelling(JobSupport.kt:1499)
12-02 19:26:42.859 30705 30705 W System.err: 	at kotlinx.coroutines.JobSupport.tryMakeCancelling(JobSupport.kt:795)
12-02 19:26:42.859 30705 30705 W System.err: 	at kotlinx.coroutines.JobSupport.makeCancelling(JobSupport.kt:755)
12-02 19:26:42.859 30705 30705 W System.err: 	at kotlinx.coroutines.JobSupport.cancelImpl$kotlinx_coroutines_core(JobSupport.kt:671)
12-02 19:26:42.859 30705 30705 W System.err: 	at kotlinx.coroutines.JobSupport.parentCancelled(JobSupport.kt:637)
12-02 19:26:42.859 30705 30705 W System.err: 	at kotlinx.coroutines.ChildHandleNode.invoke(JobSupport.kt:1465)
12-02 19:26:42.859 30705 30705 W System.err: 	at kotlinx.coroutines.JobSupport.notifyCancelling(JobSupport.kt:1499)
12-02 19:26:42.859 30705 30705 W System.err: 	at kotlinx.coroutines.JobSupport.tryMakeCompletingSlowPath(JobSupport.kt:900)
12-02 19:26:42.859 30705 30705 W System.err: 	at kotlinx.coroutines.JobSupport.tryMakeCompleting(JobSupport.kt:863)
12-02 19:26:42.859 30705 30705 W System.err: 	at kotlinx.coroutines.JobSupport.cancelMakeCompleting(JobSupport.kt:696)
12-02 19:26:42.859 30705 30705 W System.err: 	at kotlinx.coroutines.JobSupport.cancelImpl$kotlinx_coroutines_core(JobSupport.kt:667)
12-02 19:26:42.859 30705 30705 W System.err: 	at kotlinx.coroutines.JobSupport.cancelInternal(JobSupport.kt:632)
12-02 19:26:42.859 30705 30705 W System.err: 	at kotlinx.coroutines.JobSupport.cancel(JobSupport.kt:617)
12-02 19:26:42.859 30705 30705 W System.err: 	at kotlinx.coroutines.JobKt__JobKt.cancel(Job.kt:561)
12-02 19:26:42.859 30705 30705 W System.err: 	at kotlinx.coroutines.JobKt.cancel(Unknown Source:1)
12-02 19:26:42.859 30705 30705 W System.err: 	at kotlinx.coroutines.JobKt__JobKt.cancel$default(Job.kt:560)
12-02 19:26:42.859 30705 30705 W System.err: 	at kotlinx.coroutines.JobKt.cancel$default(Unknown Source:1)
12-02 19:26:42.859 30705 30705 W System.err: 	at androidx.lifecycle.CloseableCoroutineScope.close(ViewModel.kt:51)
12-02 19:26:42.859 30705 30705 W System.err: 	at androidx.lifecycle.ViewModel.closeWithRuntimeException(ViewModel.java:188)
12-02 19:26:42.859 30705 30705 W System.err: 	at androidx.lifecycle.ViewModel.clear(ViewModel.java:134)
12-02 19:26:42.859 30705 30705 W System.err: 	at androidx.lifecycle.ViewModelStore.clear(ViewModelStore.java:62)
12-02 19:26:42.859 30705 30705 W System.err: 	at androidx.fragment.app.FragmentManagerViewModel.clearNonConfigStateInternal(FragmentManagerViewModel.java:210)
12-02 19:26:42.859 30705 30705 W System.err: 	at androidx.fragment.app.FragmentManagerViewModel.clearNonConfigState(FragmentManagerViewModel.java:190)
12-02 19:26:42.859 30705 30705 W System.err: 	at androidx.fragment.app.FragmentStateManager.destroy(FragmentStateManager.java:778)
12-02 19:26:42.859 30705 30705 W System.err: 	at androidx.fragment.app.FragmentStateManager.moveToExpectedState(FragmentStateManager.java:335)
12-02 19:26:42.859 30705 30705 W System.err: 	at androidx.fragment.app.FragmentStore.moveToExpectedState(FragmentStore.java:113)
12-02 19:26:42.859 30705 30705 W System.err: 	at androidx.fragment.app.FragmentManager.moveToState(FragmentManager.java:1374)
12-02 19:26:42.859 30705 30705 W System.err: 	at androidx.fragment.app.FragmentManager.dispatchStateChange(FragmentManager.java:2841)
12-02 19:26:42.859 30705 30705 W System.err: 	at androidx.fragment.app.FragmentManager.dispatchDestroy(FragmentManager.java:2820)
12-02 19:26:42.859 30705 30705 W System.err: 	at androidx.fragment.app.Fragment.performDestroy(Fragment.java:3246)
12-02 19:26:42.860 30705 30705 W System.err: 	at androidx.fragment.app.FragmentStateManager.destroy(FragmentStateManager.java:780)
12-02 19:26:42.860 30705 30705 W System.err: 	at androidx.fragment.app.FragmentStateManager.moveToExpectedState(FragmentStateManager.java:335)
12-02 19:26:42.860 30705 30705 W System.err: 	at androidx.fragment.app.SpecialEffectsController$FragmentStateManagerOperation.complete(SpecialEffectsController.java:771)
12-02 19:26:42.860 30705 30705 W System.err: 	at androidx.fragment.app.SpecialEffectsController$Operation.cancel(SpecialEffectsController.java:615)
12-02 19:26:42.860 30705 30705 W System.err: 	at androidx.fragment.app.SpecialEffectsController.forceCompleteAllOperations(SpecialEffectsController.java:350)
12-02 19:26:42.860 30705 30705 W System.err: 	at androidx.fragment.app.FragmentManager.dispatchStateChange(FragmentManager.java:2844)
12-02 19:26:42.860 30705 30705 W System.err: 	at androidx.fragment.app.FragmentManager.dispatchDestroy(FragmentManager.java:2820)
12-02 19:26:42.860 30705 30705 W System.err: 	at androidx.fragment.app.FragmentController.dispatchDestroy(FragmentController.java:345)
12-02 19:26:42.860 30705 30705 W System.err: 	at androidx.fragment.app.FragmentActivity.onDestroy(FragmentActivity.java:306)
12-02 19:26:42.860 30705 30705 W System.err: 	at androidx.appcompat.app.AppCompatActivity.onDestroy(AppCompatActivity.java:278)
12-02 19:26:42.860 30705 30705 W System.err: 	at android.app.Activity.performDestroy(Activity.java:8048)
12-02 19:26:42.861 30705 30705 W System.err: 	at android.app.Instrumentation.callActivityOnDestroy(Instrumentation.java:1334)
12-02 19:26:42.861 30705 30705 W System.err: 	at androidx.test.runner.MonitoringInstrumentation.callActivityOnDestroy(MonitoringInstrumentation.java:766)
12-02 19:26:42.861 30705 30705 W System.err: 	at android.app.ActivityThread.performDestroyActivity(ActivityThread.java:4926)
12-02 19:26:42.861 30705 30705 W System.err: 	at android.app.ActivityThread.handleDestroyActivity(ActivityThread.java:4970)
12-02 19:26:42.861 30705 30705 W System.err: 	at android.app.servertransaction.DestroyActivityItem.execute(DestroyActivityItem.java:44)
12-02 19:26:42.861 30705 30705 W System.err: 	at android.app.servertransaction.TransactionExecutor.executeLifecycleState(TransactionExecutor.java:176)
12-02 19:26:42.861 30705 30705 W System.err: 	at android.app.servertransaction.TransactionExecutor.execute(TransactionExecutor.java:97)
12-02 19:26:42.861 30705 30705 W System.err: 	at android.app.ActivityThread$H.handleMessage(ActivityThread.java:2016)
12-02 19:26:42.861 30705 30705 W System.err: 	at android.os.Handler.dispatchMessage(Handler.java:107)
12-02 19:26:42.862 30705 30705 W System.err: 	at android.os.Looper.loop(Looper.java:214)
12-02 19:26:42.863 30705 30705 W System.err: 	at android.app.ActivityThread.main(ActivityThread.java:7356)
12-02 19:26:42.863 30705 30705 W System.err: 	at java.lang.reflect.Method.invoke(Native Method)
12-02 19:26:42.863 30705 30705 W System.err: 	at com.android.internal.os.RuntimeInit$MethodAndArgsCaller.run(RuntimeInit.java:492)
12-02 19:26:42.872  3139  3568 I MicroDetectionWorker: #startMicroDetector [speakerMode: 0]
12-02 19:26:42.873 30705 30705 W System.err: 	at com.android.internal.os.ZygoteInit.main(ZygoteInit.java:930)
12-02 19:26:42.874  3139  3568 W ErrorReporter: reportError [type: 211, code: 393244, bug: 0]: errorCode: 393244, engine: 0
12-02 19:26:42.875  3139  3568 I MicroDetector: Keeping mic open: false
12-02 19:26:42.875  3139  3568 I MicroDetectionWorker: #onError(false)
12-02 19:26:42.881 30705 30705 W System.err: ru.iteco.fmhandroid.exceptions.UnknownException
12-02 19:26:42.881 30705 30705 W System.err: 	at ru.iteco.fmhandroid.utils.Utils.makeRequest(Utils.kt:123)
12-02 19:26:42.881 30705 30705 W System.err: 	at ru.iteco.fmhandroid.utils.Utils$makeRequest$1.invokeSuspend(Unknown Source:15)
12-02 19:26:42.882 30705 30705 W System.err: 	at kotlin.coroutines.jvm.internal.BaseContinuationImpl.resumeWith(ContinuationImpl.kt:33)
12-02 19:26:42.882 30705 30705 W System.err: 	at kotlinx.coroutines.DispatchedTaskKt.resume(DispatchedTask.kt:234)
12-02 19:26:42.882 30705 30705 W System.err: 	at kotlinx.coroutines.DispatchedTaskKt.resumeUnconfined(DispatchedTask.kt:190)
12-02 19:26:42.882 30705 30705 W System.err: 	at kotlinx.coroutines.DispatchedTaskKt.dispatch(DispatchedTask.kt:161)
12-02 19:26:42.882 30705 30705 W System.err: 	at kotlinx.coroutines.CancellableContinuationImpl.dispatchResume(CancellableContinuationImpl.kt:397)
12-02 19:26:42.882 30705 30705 W System.err: 	at kotlinx.coroutines.CancellableContinuationImpl.cancel(CancellableContinuationImpl.kt:183)
12-02 19:26:42.882 30705 30705 W System.err: 	at kotlinx.coroutines.CancellableContinuationImpl.parentCancelled$kotlinx_coroutines_core(CancellableContinuationImpl.kt:190)
12-02 19:26:42.882 30705 30705 W System.err: 	at kotlinx.coroutines.ChildContinuation.invoke(JobSupport.kt:1474)
12-02 19:26:42.882 30705 30705 W System.err: 	at kotlinx.coroutines.JobSupport.notifyCancelling(JobSupport.kt:1499)
12-02 19:26:42.882 30705 30705 W System.err: 	at kotlinx.coroutines.JobSupport.tryMakeCancelling(JobSupport.kt:795)
12-02 19:26:42.882 30705 30705 W System.err: 	at kotlinx.coroutines.JobSupport.makeCancelling(JobSupport.kt:755)
12-02 19:26:42.882 30705 30705 W System.err: 	at kotlinx.coroutines.JobSupport.cancelImpl$kotlinx_coroutines_core(JobSupport.kt:671)
12-02 19:26:42.882 30705 30705 W System.err: 	at kotlinx.coroutines.JobSupport.parentCancelled(JobSupport.kt:637)
12-02 19:26:42.882 30705 30705 W System.err: 	at kotlinx.coroutines.ChildHandleNode.invoke(JobSupport.kt:1465)
12-02 19:26:42.882 30705 30705 W System.err: 	at kotlinx.coroutines.JobSupport.notifyCancelling(JobSupport.kt:1499)
12-02 19:26:42.882 30705 30705 W System.err: 	at kotlinx.coroutines.JobSupport.tryMakeCompletingSlowPath(JobSupport.kt:900)
12-02 19:26:42.882 30705 30705 W System.err: 	at kotlinx.coroutines.JobSupport.tryMakeCompleting(JobSupport.kt:863)
12-02 19:26:42.882 30705 30705 W System.err: 	at kotlinx.coroutines.JobSupport.cancelMakeCompleting(JobSupport.kt:696)
12-02 19:26:42.882 30705 30705 W System.err: 	at kotlinx.coroutines.JobSupport.cancelImpl$kotlinx_coroutines_core(JobSupport.kt:667)
12-02 19:26:42.882 30705 30705 W System.err: 	at kotlinx.coroutines.JobSupport.cancelInternal(JobSupport.kt:632)
12-02 19:26:42.882 30705 30705 W System.err: 	at kotlinx.coroutines.JobSupport.cancel(JobSupport.kt:617)
12-02 19:26:42.882 30705 30705 W System.err: 	at kotlinx.coroutines.JobKt__JobKt.cancel(Job.kt:561)
12-02 19:26:42.882 30705 30705 W System.err: 	at kotlinx.coroutines.JobKt.cancel(Unknown Source:1)
12-02 19:26:42.882 30705 30705 W System.err: 	at kotlinx.coroutines.JobKt__JobKt.cancel$default(Job.kt:560)
12-02 19:26:42.882 30705 30705 W System.err: 	at kotlinx.coroutines.JobKt.cancel$default(Unknown Source:1)
12-02 19:26:42.882 30705 30705 W System.err: 	at androidx.lifecycle.CloseableCoroutineScope.close(ViewModel.kt:51)
12-02 19:26:42.882 30705 30705 W System.err: 	at androidx.lifecycle.ViewModel.closeWithRuntimeException(ViewModel.java:188)
12-02 19:26:42.882 30705 30705 W System.err: 	at androidx.lifecycle.ViewModel.clear(ViewModel.java:134)
12-02 19:26:42.882 30705 30705 W System.err: 	at androidx.lifecycle.ViewModelStore.clear(ViewModelStore.java:62)
12-02 19:26:42.882 30705 30705 W System.err: 	at androidx.fragment.app.FragmentManagerViewModel.clearNonConfigStateInternal(FragmentManagerViewModel.java:210)
12-02 19:26:42.882 30705 30705 W System.err: 	at androidx.fragment.app.FragmentManagerViewModel.clearNonConfigState(FragmentManagerViewModel.java:190)
12-02 19:26:42.882 30705 30705 W System.err: 	at androidx.fragment.app.FragmentStateManager.destroy(FragmentStateManager.java:778)
12-02 19:26:42.882 30705 30705 W System.err: 	at androidx.fragment.app.FragmentStateManager.moveToExpectedState(FragmentStateManager.java:335)
12-02 19:26:42.882 30705 30705 W System.err: 	at androidx.fragment.app.FragmentStore.moveToExpectedState(FragmentStore.java:113)
12-02 19:26:42.882 30705 30705 W System.err: 	at androidx.fragment.app.FragmentManager.moveToState(FragmentManager.java:1374)
12-02 19:26:42.882 30705 30705 W System.err: 	at androidx.fragment.app.FragmentManager.dispatchStateChange(FragmentManager.java:2841)
12-02 19:26:42.882 30705 30705 W System.err: 	at androidx.fragment.app.FragmentManager.dispatchDestroy(FragmentManager.java:2820)
12-02 19:26:42.882 30705 30705 W System.err: 	at androidx.fragment.app.Fragment.performDestroy(Fragment.java:3246)
12-02 19:26:42.882 30705 30705 W System.err: 	at androidx.fragment.app.FragmentStateManager.destroy(FragmentStateManager.java:780)
12-02 19:26:42.882 30705 30705 W System.err: 	at androidx.fragment.app.FragmentStateManager.moveToExpectedState(FragmentStateManager.java:335)
12-02 19:26:42.882 30705 30705 W System.err: 	at androidx.fragment.app.SpecialEffectsController$FragmentStateManagerOperation.complete(SpecialEffectsController.java:771)
12-02 19:26:42.882 30705 30705 W System.err: 	at androidx.fragment.app.SpecialEffectsController$Operation.cancel(SpecialEffectsController.java:615)
12-02 19:26:42.882 30705 30705 W System.err: 	at androidx.fragment.app.SpecialEffectsController.forceCompleteAllOperations(SpecialEffectsController.java:350)
12-02 19:26:42.882 30705 30705 W System.err: 	at androidx.fragment.app.FragmentManager.dispatchStateChange(FragmentManager.java:2844)
12-02 19:26:42.882 30705 30705 W System.err: 	at androidx.fragment.app.FragmentManager.dispatchDestroy(FragmentManager.java:2820)
12-02 19:26:42.882 30705 30705 W System.err: 	at androidx.fragment.app.FragmentController.dispatchDestroy(FragmentController.java:345)
12-02 19:26:42.882 30705 30705 W System.err: 	at androidx.fragment.app.FragmentActivity.onDestroy(FragmentActivity.java:306)
12-02 19:26:42.882 30705 30705 W System.err: 	at androidx.appcompat.app.AppCompatActivity.onDestroy(AppCompatActivity.java:278)
12-02 19:26:42.882 30705 30705 W System.err: 	at android.app.Activity.performDestroy(Activity.java:8048)
12-02 19:26:42.882 30705 30705 W System.err: 	at android.app.Instrumentation.callActivityOnDestroy(Instrumentation.java:1334)
12-02 19:26:42.882 30705 30705 W System.err: 	at androidx.test.runner.MonitoringInstrumentation.callActivityOnDestroy(MonitoringInstrumentation.java:766)
12-02 19:26:42.882 30705 30705 W System.err: 	at android.app.ActivityThread.performDestroyActivity(ActivityThread.java:4926)
12-02 19:26:42.882 30705 30705 W System.err: 	at android.app.ActivityThread.handleDestroyActivity(ActivityThread.java:4970)
12-02 19:26:42.882 30705 30705 W System.err: 	at android.app.servertransaction.DestroyActivityItem.execute(DestroyActivityItem.java:44)
12-02 19:26:42.882 30705 30705 W System.err: 	at android.app.servertransaction.TransactionExecutor.executeLifecycleState(TransactionExecutor.java:176)
12-02 19:26:42.882 30705 30705 W System.err: 	at android.app.servertransaction.TransactionExecutor.execute(TransactionExecutor.java:97)
12-02 19:26:42.883 30705 30705 W System.err: 	at android.app.ActivityThread$H.handleMessage(ActivityThread.java:2016)
12-02 19:26:42.883 30705 30705 W System.err: 	at android.os.Handler.dispatchMessage(Handler.java:107)
12-02 19:26:42.883 30705 30705 W System.err: 	at android.os.Looper.loop(Looper.java:214)
12-02 19:26:42.883 30705 30705 W System.err: 	at android.app.ActivityThread.main(ActivityThread.java:7356)
12-02 19:26:42.883 30705 30705 W System.err: 	at java.lang.reflect.Method.invoke(Native Method)
12-02 19:26:42.883 30705 30705 W System.err: 	at com.android.internal.os.RuntimeInit$MethodAndArgsCaller.run(RuntimeInit.java:492)
12-02 19:26:42.883 30705 30705 W System.err: 	at com.android.internal.os.ZygoteInit.main(ZygoteInit.java:930)
12-02 19:26:42.901 30705 30705 D LifecycleMonitor: Lifecycle status change: ru.iteco.fmhandroid.ui.AppActivity@61ccdc6 in: DESTROYED
12-02 19:26:42.931 30705 30743 V FA      : Connection attempt already in progress
12-02 19:26:42.931 30705 30743 V FA      : Activity paused, time: 90838997
12-02 19:26:42.934  2169  2187 I ndroid.systemu: NativeAlloc concurrent copying GC freed 2780(240KB) AllocSpace objects, 0(0B) LOS objects, 49% free, 6017KB/11MB, paused 1.736ms total 213.226ms
