11-21 18:51:41.426  7825  7875 D EGL_emulation: eglMakeCurrent: 0xe5ffa5c0: ver 2 0 (tinfo 0xda8dd010)
11-21 18:51:41.987  2006  2277 W system_server: Long monitor contention with owner android.anim (2032) at void com.android.server.wm.WindowSurfacePlacer.lambda$new$0$WindowSurfacePlacer()(WindowSurfacePlacer.java:61) waiters=1 in android.content.pm.ParceledListSlice com.android.server.wm.ActivityTaskManagerService.getRecentTasks(int, int, int) for 457ms
11-21 18:51:42.001  2441  2951 D EGL_emulation: eglMakeCurrent: 0xdde1a480: ver 2 0 (tinfo 0xdde0f530)
11-21 18:51:42.005  2876  3288 D EGL_emulation: eglMakeCurrent: 0xdde1bb00: ver 2 0 (tinfo 0xdde0ff90)
11-21 18:51:42.024  2006  2006 W Looper  : Slow dispatch took 440ms main h=android.os.Handler c=android.telecom.Logging.-$$Lambda$SessionManager$VyH2gT1EjIvzDy_C9JfTT60CISM@a774aad m=0
11-21 18:51:42.036  2006  2029 W Looper  : Drained
11-21 18:51:42.046  1761  8136 D gralloc_ranchu: gralloc_alloc: Creating ashmem region of size 14749696
11-21 18:51:42.058  1761  8136 I chatty  : uid=1000(system) HwBinder:1761_3 identical 1 line
11-21 18:51:42.060  1761  8136 D gralloc_ranchu: gralloc_alloc: Creating ashmem region of size 14749696
11-21 18:51:42.077  1322  1388 D EGL_emulation: eglMakeCurrent: 0xdde1c1c0: ver 2 0 (tinfo 0xcd7b4040)
11-21 18:51:42.089  2757  1377 V FA-SVC  : Logging event: origin=auto,name=screen_view(_vs),params=Bundle[{ga_event_origin(_o)=auto, ga_previous_class(_pc)=AppActivity, ga_previous_id(_pi)=-3797736664109286965, ga_screen_class(_sc)=AppActivity, ga_screen_id(_si)=-3797736664109286964}]
11-21 18:51:42.097  2757  1377 V FA-SVC  : Upload scheduled in approximately ms: 3572572
11-21 18:51:42.098  2757  1377 V FA-SVC  : Unscheduling upload
11-21 18:51:42.107  2757  1377 V FA-SVC  : Scheduling upload, millis: 3572572
11-21 18:51:42.112  2006  2036 E memtrack: Couldn't load memtrack module
11-21 18:51:42.113  2006  2036 W android.os.Debug: failed to get memory consumption info: -1
11-21 18:51:42.128  2757  1377 V FA-SVC  : Background event processing time, ms: 39
11-21 18:51:42.206  7825  7875 D EGL_emulation: eglMakeCurrent: 0xe5ffa5c0: ver 2 0 (tinfo 0xda8dd010)
11-21 18:51:42.227  2006  2036 I ActivityTaskManager: Displayed ru.iteco.fmhandroid/.ui.AppActivity: +1s975ms
11-21 18:51:42.246  2006  2277 W InputReader: Device has associated, but no associated display id.
11-21 18:51:42.247  2006  2277 I chatty  : uid=1000(system) Binder:2006_5 identical 8 lines
11-21 18:51:42.247  2006  2277 W InputReader: Device has associated, but no associated display id.
11-21 18:51:42.257  1322  1322 D LifecycleMonitor: Lifecycle status change: ru.iteco.fmhandroid.ui.AppActivity@babd195 in: PAUSED
11-21 18:51:42.266  2006  2024 W InputReader: Device has associated, but no associated display id.
11-21 18:51:42.266  2006  2024 I chatty  : uid=1000(system) Binder:2006_2 identical 8 lines
11-21 18:51:42.266  2006  2024 W InputReader: Device has associated, but no associated display id.
11-21 18:51:42.293  1761  8136 D gralloc_ranchu: gralloc_alloc: Creating ashmem region of size 14749696
11-21 18:51:42.309  2006  2925 W InputReader: Device has associated, but no associated display id.
11-21 18:51:42.309  2006  2925 I chatty  : uid=1000(system) Binder:2006_A identical 8 lines
11-21 18:51:42.309  2006  2925 W InputReader: Device has associated, but no associated display id.
11-21 18:51:42.315  1761  8136 D gralloc_ranchu: gralloc_alloc: Creating ashmem region of size 14749696
11-21 18:51:42.318  1761  1761 D gralloc_ranchu: gralloc_alloc: Creating ashmem region of size 14749696
11-21 18:51:42.327  1322  1363 V FA      : Recording user engagement, ms: 1486
11-21 18:51:42.327  7825  7875 D EGL_emulation: eglMakeCurrent: 0xe5ffa5c0: ver 2 0 (tinfo 0xda8dd010)
11-21 18:51:42.333  2876  3288 D EGL_emulation: eglMakeCurrent: 0xdde1bb00: ver 2 0 (tinfo 0xdde0ff90)
11-21 18:51:42.385  1761  1761 D gralloc_ranchu: gralloc_alloc: Creating ashmem region of size 9441280
11-21 18:51:42.422  7825  7875 D EGL_emulation: eglMakeCurrent: 0xe5ffa5c0: ver 2 0 (tinfo 0xda8dd010)
11-21 18:51:42.429  1761  1761 D gralloc_ranchu: gralloc_alloc: Creating ashmem region of size 14749696
11-21 18:51:42.446  1761  1761 D gralloc_ranchu: gralloc_alloc: Creating ashmem region of size 14749696
11-21 18:51:42.449  1761  8136 D gralloc_ranchu: gralloc_alloc: Creating ashmem region of size 14749696
11-21 18:51:42.452  2441  2951 D EGL_emulation: eglMakeCurrent: 0xdde1a480: ver 2 0 (tinfo 0xdde0f530)
11-21 18:51:42.460  7825  7875 D EGL_emulation: eglMakeCurrent: 0xe5ffa5c0: ver 2 0 (tinfo 0xda8dd010)
11-21 18:51:42.471  1322  1388 D EGL_emulation: eglMakeCurrent: 0xdde1c1c0: ver 2 0 (tinfo 0xcd7b4040)
11-21 18:51:42.485  2876  3118 I MicroDetectionWorker: #startMicroDetector [speakerMode: 0]
11-21 18:51:42.496  2006  2006 W ActivityManager: Unable to start service Intent { act=android.service.appprediction.AppPredictionService cmp=com.google.android.as/com.google.android.apps.miphone.aiai.app.AiAiPredictionService } U=0: not found
11-21 18:51:42.496  2006  2006 W RemoteAppPredictionService: could not bind to Intent { act=android.service.appprediction.AppPredictionService cmp=com.google.android.as/com.google.android.apps.miphone.aiai.app.AiAiPredictionService } using flags 67108865
11-21 18:51:42.503  1775  1775 E Layer   : [Surface(name=AppWindowToken{cf95f47 token=Token{19f6a86 ActivityRecord{5fbaf61 u0 com.google.android.apps.nexuslauncher/.NexusLauncherActivity t1123}}})/@0xb8f158b - animation-leash#0] No local sync point found
11-21 18:51:42.503  1775  1775 E Layer   : [Surface(name=AppWindowToken{ee654f6 token=Token{71afd91 ActivityRecord{caacbb8 u0 ru.iteco.fmhandroid/.ui.AppActivity t2511}}})/@0x3de457e - animation-leash#0] No local sync point found
11-21 18:51:42.515  2876  3118 W ErrorReporter: reportError [type: 211, code: 393244, bug: 0]: errorCode: 393244, engine: 0
11-21 18:51:42.525  2876  3118 I MicroDetector: Keeping mic open: false
11-21 18:51:42.525  2876  3118 I MicroDetectionWorker: #onError(false)
11-21 18:51:42.545  1322  1322 D LifecycleMonitor: Lifecycle status change: ru.iteco.fmhandroid.ui.AppActivity@babd195 in: STOPPED
11-21 18:51:42.549  2006  6581 D HostConnection: HostConnection::get() New Host Connection established 0xdde553f0, tid 6581
11-21 18:51:42.553  2006  6581 D HostConnection: HostComposition ext ANDROID_EMU_CHECKSUM_HELPER_v1 ANDROID_EMU_dma_v1 ANDROID_EMU_direct_mem ANDROID_EMU_host_composition_v1 ANDROID_EMU_host_composition_v2 ANDROID_EMU_vulkan ANDROID_EMU_deferred_vulkan_commands ANDROID_EMU_vulkan_null_optional_strings ANDROID_EMU_vulkan_create_resources_with_requirements ANDROID_EMU_YUV_Cache ANDROID_EMU_vulkan_ignored_handles ANDROID_EMU_vulkan_free_memory_sync ANDROID_EMU_vulkan_shader_float16_int8 ANDROID_EMU_vulkan_async_queue_submit ANDROID_EMU_sync_buffer_data GL_OES_vertex_array_object GL_KHR_texture_compression_astc_ldr ANDROID_EMU_host_side_tracing ANDROID_EMU_gles_max_version_2 
11-21 18:51:42.554  2006  6581 W OpenGLRenderer: Failed to choose config with EGL_SWAP_BEHAVIOR_PRESERVED, retrying without...
11-21 18:51:42.569  2441  2461 W System  : A resource failed to call release. 
11-21 18:51:42.569  2441  2461 W System  : A resource failed to call release. 
11-21 18:51:42.571  1322  1322 D LifecycleMonitor: Lifecycle status change: ru.iteco.fmhandroid.ui.AppActivity@babd195 in: DESTROYED
