12-08 06:54:18.256  2402  2475 W DefaultFailureHandler: 	at org.junit.runners.ParentRunner$1.schedule(ParentRunner.java:79)
12-08 06:54:18.256  2402  2475 W DefaultFailureHandler: 	at org.junit.runners.ParentRunner.runChildren(ParentRunner.java:329)
12-08 06:54:18.256  2402  2475 W DefaultFailureHandler: 	at org.junit.runners.ParentRunner.access$100(ParentRunner.java:66)
12-08 06:54:18.256  2402  2475 W DefaultFailureHandler: 	at org.junit.runners.ParentRunner$2.evaluate(ParentRunner.java:293)
12-08 06:54:18.256  2402  2475 W DefaultFailureHandler: 	at org.junit.runners.ParentRunner$3.evaluate(ParentRunner.java:306)
12-08 06:54:18.256  2402  2475 W DefaultFailureHandler: 	at org.junit.runners.ParentRunner.run(ParentRunner.java:413)
12-08 06:54:18.256  2402  2475 W DefaultFailureHandler: 	at org.junit.runner.JUnitCore.run(JUnitCore.java:137)
12-08 06:54:18.256  2402  2475 W DefaultFailureHandler: 	at org.junit.runner.JUnitCore.run(JUnitCore.java:115)
12-08 06:54:18.256  2402  2475 W DefaultFailureHandler: 	at androidx.test.internal.runner.TestExecutor.execute(TestExecutor.java:67)
12-08 06:54:18.256  2402  2475 W DefaultFailureHandler: 	at androidx.test.internal.runner.TestExecutor.execute(TestExecutor.java:58)
12-08 06:54:18.256  2402  2475 W DefaultFailureHandler: 	at androidx.test.runner.AndroidJUnitRunner.onStart(AndroidJUnitRunner.java:438)
12-08 06:54:18.257  2402  2475 W DefaultFailureHandler: 	at android.app.Instrumentation$InstrumentationThread.run(Instrumentation.java:2189)
12-08 06:54:18.257  2402  2475 W DefaultFailureHandler: Caused by: android.system.ErrnoException: open failed: EROFS (Read-only file system)
12-08 06:54:18.257  2402  2475 W DefaultFailureHandler: 	at libcore.io.Linux.open(Native Method)
12-08 06:54:18.257  2402  2475 W DefaultFailureHandler: 	at libcore.io.ForwardingOs.open(ForwardingOs.java:167)
12-08 06:54:18.257  2402  2475 W DefaultFailureHandler: 	at libcore.io.BlockGuardOs.open(BlockGuardOs.java:252)
12-08 06:54:18.257  2402  2475 W DefaultFailureHandler: 	at libcore.io.ForwardingOs.open(ForwardingOs.java:167)
12-08 06:54:18.257  2402  2475 W DefaultFailureHandler: 	at android.app.ActivityThread$AndroidOs.open(ActivityThread.java:7255)
12-08 06:54:18.257  2402  2475 W DefaultFailureHandler: 	at libcore.io.IoBridge.open(IoBridge.java:482)
12-08 06:54:18.257  2402  2475 W DefaultFailureHandler: 	... 51 more
12-08 06:54:18.311  2170  2170 D StatusBar: disable<e i a s b h r c s > disable2<q i n >
12-08 06:54:18.407  2170  2566 D EGL_emulation: eglMakeCurrent: 0xe594e040: ver 2 0 (tinfo 0xc52450c0)
12-08 06:54:18.416  1776  1825 D gralloc_ranchu: gralloc_alloc: Creating ashmem region of size 10108928
12-08 06:54:18.482  2170  2566 D EGL_emulation: eglMakeCurrent: 0xe594e040: ver 2 0 (tinfo 0xc52450c0)
12-08 06:54:18.530  1776  1825 D gralloc_ranchu: gralloc_alloc: Creating ashmem region of size 10108928
12-08 06:54:18.566  2170  2170 D StatusBar: disable<e i a s b h r c s > disable2<q i n >
12-08 06:54:18.778  1776  1825 D gralloc_ranchu: gralloc_alloc: Creating ashmem region of size 10108928
12-08 06:54:19.464  2402  2475 I QueryController: Matched selector: UiSelector[DESCRIPTION=Airplane mode] <<==>> [android.view.accessibility.AccessibilityNodeInfo@6d930; boundsInParent: Rect(0, 0 - 292, 292); boundsInScreen: Rect(736, 804 - 1028, 1096); packageName: com.android.systemui; className: android.widget.Switch; text: Off; error: null; maxTextLength: -1; contentDescription: Airplane mode; tooltipText: null; viewIdResName: null; checkable: true; checked: false; focusable: true; focused: false; selected: false; clickable: true; longClickable: true; contextClickable: false; enabled: true; password: false; scrollable: false; importantForAccessibility: true; visible: true; actions: [AccessibilityAction: ACTION_FOCUS - null, AccessibilityAction: ACTION_SELECT - null, AccessibilityAction: ACTION_CLEAR_SELECTION - null, AccessibilityAction: ACTION_CLICK - null, AccessibilityAction: ACTION_ACCESSIBILITY_FOCUS - null, AccessibilityAction: ACTION_NEXT_AT_MOVEMENT_GRANULARITY - null, AccessibilityAction: ACTION_PREVIOUS_AT_MOVEMENT_GRANULARITY - null, AccessibilityAction: ACTION_SET_SELECTION - null, AccessibilityAction: ACTION_SHOW_ON_SCREEN - null, AccessibilityAction: ACTION_LONG_CLICK - Open settings]]
12-08 06:54:19.503  2018  2051 D AutofillManagerService: onBackKeyPressed()
12-08 06:54:20.159  2170  2170 V StatusBar: mStatusBarWindow: com.android.systemui.statusbar.phone.StatusBarWindowView{4752fa5 V.E...... ........ 0,0-1080,2340} canPanelBeCollapsed(): true
12-08 06:54:20.169  2170  2170 D StatusBar: disable<e i a s b h r c s > disable2<q i n >
12-08 06:54:20.200  1776  1825 D gralloc_ranchu: gralloc_alloc: Creating ashmem region of size 10108928
12-08 06:54:20.239  2170  2170 D StatusBar: disable<e i a s b h r c s > disable2<q i n >
12-08 06:54:20.289  2170  2566 D EGL_emulation: eglMakeCurrent: 0xe594e040: ver 2 0 (tinfo 0xc52450c0)
12-08 06:54:20.292  1776  1825 D gralloc_ranchu: gralloc_alloc: Creating ashmem region of size 286720
12-08 06:54:20.298  2170  2566 D EGL_emulation: eglMakeCurrent: 0xe594e040: ver 2 0 (tinfo 0xc52450c0)
12-08 06:54:20.314  1776  1825 D gralloc_ranchu: gralloc_alloc: Creating ashmem region of size 286720
12-08 06:54:20.158  2018  2051 D AutofillManagerService: onBackKeyPressed()
12-08 06:54:20.407  2018 15480 I ActivityTaskManager: START u0 {act=android.intent.action.MAIN cat=[android.intent.category.LAUNCHER] flg=0x10000000 cmp=ru.iteco.fmhandroid.test/androidx.test.core.app.InstrumentationActivityInvoker$EmptyActivity} from uid 10146
12-08 06:54:20.332  1776  1825 D gralloc_ranchu: gralloc_alloc: Creating ashmem region of size 286720
12-08 06:54:20.423  2402  2402 D LifecycleMonitor: Lifecycle status change: ru.iteco.fmhandroid.ui.AppActivity@15c83ab in: PAUSED
12-08 06:54:20.424  2402  2402 V ActivityScenario: Update currentActivityStage to PAUSED, currentActivity=ru.iteco.fmhandroid.ui.AppActivity@15c83ab
12-08 06:54:20.425  2018 15480 W InputReader: Device has associated, but no associated display id.
12-08 06:54:20.431  2018 15480 I chatty  : uid=1000(system) Binder:2018_1F identical 48 lines
12-08 06:54:20.432  2018 15480 W InputReader: Device has associated, but no associated display id.
12-08 06:54:20.433  2492  2492 W ActivityThread: handleWindowVisibility: no activity for token android.os.BinderProxy@8831977
12-08 06:54:20.441  2402  2453 V FA      : Recording user engagement, ms: 24279
12-08 06:54:20.458  2018  2693 I ActivityTaskManager: START u0 {act=android.intent.action.MAIN cat=[android.intent.category.LAUNCHER] flg=0x10000000 cmp=ru.iteco.fmhandroid.test/androidx.test.core.app.InstrumentationActivityInvoker$EmptyActivity} from uid 10146
12-08 06:54:20.499  2018  2693 W InputReader: Device has associated, but no associated display id.
12-08 06:54:20.506  2018  2693 I chatty  : uid=1000(system) Binder:2018_9 identical 48 lines
12-08 06:54:20.506  2018  2693 W InputReader: Device has associated, but no associated display id.
12-08 06:54:20.521  2492  2528 D HostConnection: HostConnection::get() New Host Connection established 0xda28ec30, tid 2528
12-08 06:54:20.523  2492  2528 D HostConnection: HostComposition ext ANDROID_EMU_CHECKSUM_HELPER_v1 ANDROID_EMU_dma_v1 ANDROID_EMU_direct_mem ANDROID_EMU_host_composition_v1 ANDROID_EMU_host_composition_v2 ANDROID_EMU_vulkan ANDROID_EMU_deferred_vulkan_commands ANDROID_EMU_vulkan_null_optional_strings ANDROID_EMU_vulkan_create_resources_with_requirements ANDROID_EMU_YUV_Cache ANDROID_EMU_vulkan_ignored_handles ANDROID_EMU_vulkan_free_memory_sync ANDROID_EMU_vulkan_shader_float16_int8 ANDROID_EMU_vulkan_async_queue_submit ANDROID_EMU_sync_buffer_data GL_OES_vertex_array_object GL_KHR_texture_compression_astc_ldr ANDROID_EMU_host_side_tracing ANDROID_EMU_gles_max_version_2 
12-08 06:54:20.526  2492  2528 W OpenGLRenderer: Failed to choose config with EGL_SWAP_BEHAVIOR_PRESERVED, retrying without...
12-08 06:54:20.582  2492  2528 D EGL_emulation: eglCreateContext: 0xe593eec0: maj 2 min 0 rcv 2
12-08 06:54:20.590  2492  2528 D EGL_emulation: eglMakeCurrent: 0xe593eec0: ver 2 0 (tinfo 0xf0c89630)
12-08 06:54:20.595  1776  1825 D gralloc_ranchu: gralloc_alloc: Creating ashmem region of size 10108928
12-08 06:54:20.595  2402  2453 V FA      : Connecting to remote service
12-08 06:54:20.597  1648  1648 I hwservicemanager: getTransport: Cannot find entry android.hardware.graphics.mapper@3.0::IMapper/default in either framework or device manifest.
12-08 06:54:20.597  2492  2528 W Gralloc3: mapper 3.x is not supported
12-08 06:54:20.598  2492  2528 D HostConnection: createUnique: call
12-08 06:54:20.600  2492  2528 D HostConnection: HostConnection::get() New Host Connection established 0xda290620, tid 2528
12-08 06:54:20.601  2492  2528 D HostConnection: HostComposition ext ANDROID_EMU_CHECKSUM_HELPER_v1 ANDROID_EMU_dma_v1 ANDROID_EMU_direct_mem ANDROID_EMU_host_composition_v1 ANDROID_EMU_host_composition_v2 ANDROID_EMU_vulkan ANDROID_EMU_deferred_vulkan_commands ANDROID_EMU_vulkan_null_optional_strings ANDROID_EMU_vulkan_create_resources_with_requirements ANDROID_EMU_YUV_Cache ANDROID_EMU_vulkan_ignored_handles ANDROID_EMU_vulkan_free_memory_sync ANDROID_EMU_vulkan_shader_float16_int8 ANDROID_EMU_vulkan_async_queue_submit ANDROID_EMU_sync_buffer_data GL_OES_vertex_array_object GL_KHR_texture_compression_astc_ldr ANDROID_EMU_host_side_tracing ANDROID_EMU_gles_max_version_2 
12-08 06:54:20.602  2492  2528 D eglCodecCommon: allocate: Ask for block of size 0x1000
12-08 06:54:20.602  2492  2528 D eglCodecCommon: allocate: ioctl allocate returned offset 0x3ff647000 size 0x2000
12-08 06:54:20.603  1776  1825 D gralloc_ranchu: gralloc_alloc: Creating ashmem region of size 10108928
12-08 06:54:20.604  1776  1825 D gralloc_ranchu: gralloc_alloc: Creating ashmem region of size 10108928
12-08 06:54:20.609  2492  2528 D EGL_emulation: eglMakeCurrent: 0xe593eec0: ver 2 0 (tinfo 0xf0c89630)
12-08 06:54:20.620  2402  2453 V FA      : Connection attempt already in progress
12-08 06:54:20.620  2402  2453 V FA      : Activity paused, time: 52793037
12-08 06:54:20.634  2402  2453 D FA      : Connected to remote service
12-08 06:54:20.636  2402  2453 V FA      : Processing queued up service tasks: 2
12-08 06:54:20.662  2873  2477 V FA-SVC  : Logging event: origin=auto,name=user_engagement(_e),params=Bundle[{ga_event_origin(_o)=auto, engagement_time_msec(_et)=24279, ga_screen_class(_sc)=AppActivity, ga_screen_id(_si)=-8703244134777407339}]
12-08 06:54:20.682  2873  2477 V FA-SVC  : Upload scheduled in approximately ms: 1559595
12-08 06:54:20.682  2873  2477 V FA-SVC  : Unscheduling upload
12-08 06:54:20.690  2873  2477 V FA-SVC  : Scheduling upload, millis: 1559595
12-08 06:54:20.699  2873  2477 V FA-SVC  : Background event processing time, ms: 36
12-08 06:54:20.721  2656  2005 E SQLiteDatabase: Error inserting flex_time=1559000 job_id=-1 period=3120000 source=16 requires_charging=0 preferred_network_type=1 target_class=com.google.android.gms.measurement.PackageMeasurementTaskService user_id=0 target_package=com.google.android.gms tag=Measurement.PackageMeasurementTaskService.UPLOAD_TASK_TAG task_type=0 required_idleness_state=0 service_kind=0 source_version=202414000 persistence_level=1 preferred_charging_state=1 required_network_type=0 runtime=1670482460699 retry_strategy={"maximum_backoff_seconds":{"3600":0},"initial_backoff_seconds":{"30":0},"retry_policy":{"0":0}} last_runtime=0
12-08 06:54:20.721  2656  2005 E SQLiteDatabase: android.database.sqlite.SQLiteConstraintException: UNIQUE constraint failed: pending_ops.tag, pending_ops.target_class, pending_ops.target_package, pending_ops.user_id (code 2067 SQLITE_CONSTRAINT_UNIQUE)
12-08 06:54:20.721  2656  2005 E SQLiteDatabase: 	at android.database.sqlite.SQLiteConnection.nativeExecuteForLastInsertedRowId(Native Method)
12-08 06:54:20.721  2656  2005 E SQLiteDatabase: 	at android.database.sqlite.SQLiteConnection.executeForLastInsertedRowId(SQLiteConnection.java:879)
12-08 06:54:20.721  2656  2005 E SQLiteDatabase: 	at android.database.sqlite.SQLiteSession.executeForLastInsertedRowId(SQLiteSession.java:790)
12-08 06:54:20.721  2656  2005 E SQLiteDatabase: 	at android.database.sqlite.SQLiteStatement.executeInsert(SQLiteStatement.java:88)
12-08 06:54:20.721  2656  2005 E SQLiteDatabase: 	at android.database.sqlite.SQLiteDatabase.insertWithOnConflict(SQLiteDatabase.java:1599)
12-08 06:54:20.721  2656  2005 E SQLiteDatabase: 	at android.database.sqlite.SQLiteDatabase.insert(SQLiteDatabase.java:1468)
12-08 06:54:20.721  2656  2005 E SQLiteDatabase: 	at aqui.a(:com.google.android.gms@202414022@20.24.14 (040700-319035315):175)
12-08 06:54:20.721  2656  2005 E SQLiteDatabase: 	at aqtk.a(:com.google.android.gms@202414022@20.24.14 (040700-319035315):182)
12-08 06:54:20.721  2656  2005 E SQLiteDatabase: 	at aqtk.a(:com.google.android.gms@202414022@20.24.14 (040700-319035315):23)
12-08 06:54:20.721  2656  2005 E SQLiteDatabase: 	at aqtk.a(:com.google.android.gms@202414022@20.24.14 (040700-319035315):177)
12-08 06:54:20.721  2656  2005 E SQLiteDatabase: 	at aqpu.run(:com.google.android.gms@202414022@20.24.14 (040700-319035315):9)
12-08 06:54:20.721  2656  2005 E SQLiteDatabase: 	at soy.b(:com.google.android.gms@202414022@20.24.14 (040700-319035315):12)
12-08 06:54:20.721  2656  2005 E SQLiteDatabase: 	at soy.run(:com.google.android.gms@202414022@20.24.14 (040700-319035315):7)
12-08 06:54:20.721  2656  2005 E SQLiteDatabase: 	at java.util.concurrent.ThreadPoolExecutor.runWorker(ThreadPoolExecutor.java:1167)
12-08 06:54:20.721  2656  2005 E SQLiteDatabase: 	at java.util.concurrent.ThreadPoolExecutor$Worker.run(ThreadPoolExecutor.java:641)
12-08 06:54:20.721  2656  2005 E SQLiteDatabase: 	at sux.run(:com.google.android.gms@202414022@20.24.14 (040700-319035315):0)
12-08 06:54:20.721  2656  2005 E SQLiteDatabase: 	at java.lang.Thread.run(Thread.java:919)
12-08 06:54:20.727  2492  2492 W ActivityThread: handleWindowVisibility: no activity for token android.os.BinderProxy@4374e67
12-08 06:54:20.744  2018  2340 W ActivityTaskManager: Duplicate finish request for ActivityRecord{e9bfed1 u0 ru.iteco.fmhandroid/.ui.AppActivity t227 f}
12-08 06:54:20.763  1776  1825 D gralloc_ranchu: gralloc_alloc: Creating ashmem region of size 10108928
12-08 06:54:20.766  1776  1825 I chatty  : uid=1000(system) HwBinder:1776_1 identical 1 line
12-08 06:54:20.773  1776  1825 D gralloc_ranchu: gralloc_alloc: Creating ashmem region of size 10108928
12-08 06:54:20.773  2492  2528 D EGL_emulation: eglMakeCurrent: 0xe593eec0: ver 2 0 (tinfo 0xf0c89630)
12-08 06:54:20.826  2018 15480 W InputReader: Device has associated, but no associated display id.
12-08 06:54:20.827  2018 15480 I chatty  : uid=1000(system) Binder:2018_1F identical 18 lines
12-08 06:54:20.827  2018 15480 W InputReader: Device has associated, but no associated display id.
12-08 06:54:20.832  2018  2058 I ActivityTaskManager: Displayed ru.iteco.fmhandroid.test/androidx.test.core.app.InstrumentationActivityInvoker$EmptyActivity: +320ms
12-08 06:54:20.839  2018  2693 W InputReader: Device has associated, but no associated display id.
12-08 06:54:20.840  2018  2693 I chatty  : uid=1000(system) Binder:2018_9 identical 8 lines
12-08 06:54:20.840  2018  2693 W InputReader: Device has associated, but no associated display id.
12-08 06:54:20.870  2402  2534 D EGL_emulation: eglMakeCurrent: 0xc20f0ca0: ver 2 0 (tinfo 0xc21c8970)
12-08 06:54:20.877  2018  5907 W InputReader: Device has associated, but no associated display id.
12-08 06:54:20.878  2018  5907 I chatty  : uid=1000(system) Binder:2018_17 identical 8 lines
12-08 06:54:20.878  2018  5907 W InputReader: Device has associated, but no associated display id.
12-08 06:54:20.907  1776  1825 D gralloc_ranchu: gralloc_alloc: Creating ashmem region of size 10108928
12-08 06:54:20.939  1776  1776 D gralloc_ranchu: gralloc_alloc: Creating ashmem region of size 10108928
12-08 06:54:20.942  1776  1776 D gralloc_ranchu: gralloc_alloc: Creating ashmem region of size 10108928
12-08 06:54:20.972  2402  2402 D LifecycleMonitor: Lifecycle status change: ru.iteco.fmhandroid.ui.AppActivity@15c83ab in: STOPPED
12-08 06:54:20.973  2402  2402 V ActivityScenario: Update currentActivityStage to STOPPED, currentActivity=ru.iteco.fmhandroid.ui.AppActivity@15c83ab
12-08 06:54:20.993  2962  3510 D EGL_emulation: eglMakeCurrent: 0xe597d120: ver 2 0 (tinfo 0xbffb2540)
12-08 06:54:21.016  1776  1776 D gralloc_ranchu: gralloc_alloc: Creating ashmem region of size 10108928
12-08 06:54:21.047  1776  1776 I chatty  : uid=1000(system) allocator@2.0-s identical 1 line
12-08 06:54:21.049  1776  1776 D gralloc_ranchu: gralloc_alloc: Creating ashmem region of size 10108928
12-08 06:54:21.065  2402  2402 D LifecycleMonitor: Lifecycle status change: ru.iteco.fmhandroid.ui.AppActivity@15c83ab in: DESTROYED
12-08 06:54:21.066  2402  2402 V ActivityScenario: Update currentActivityStage to DESTROYED, currentActivity=null
12-08 06:54:21.412  2962  2962 W ThreadPoolDumper: Queue length for executor EventBus is now 11. Perhaps some tasks are too long, or the pool is too small.
12-08 06:54:21.543 12448 12488 D EGL_emulation: eglMakeCurrent: 0xe594d140: ver 2 0 (tinfo 0xc539bd10)
12-08 06:54:22.598 12448 12488 I OpenGLRenderer: Davey! duration=1512ms; Flags=1, IntendedVsync=52793516274682, Vsync=52793549608014, OldestInputEvent=9223372036854775807, NewestInputEvent=0, HandleInputStart=52793554148800, AnimationStart=52793554187500, PerformTraversalsStart=52793554728000, DrawStart=52793662860500, SyncQueued=52794082815100, SyncStart=52794235154600, IssueDrawCommandsStart=52794235650500, SwapBuffers=52794552610100, FrameCompleted=52795181590800, DequeueBufferDuration=117000, QueueBufferDuration=63230000, 
12-08 06:54:22.631  2402  2453 D FA      : Application going to the background
12-08 06:54:23.636  2402  2470 D SharedPreferencesImpl: Time required to fsync /data/user/0/ru.iteco.fmhandroid/shared_prefs/com.google.android.gms.measurement.prefs.xml: [<1: 0, <2: 0, <4: 0, <8: 4, <16: 0, <32: 0, <64: 0, <128: 0, <256: 0, <512: 0, <1024: 1, <2048: 0, <4096: 0, <8192: 0, <16384: 0, >=16384: 0]
12-08 06:54:23.641  2018  2054 W InputReader: Device has associated, but no associated display id.
12-08 06:54:23.642  2018  2054 I chatty  : uid=1000(system) android.anim identical 8 lines
12-08 06:54:23.642  2018  2054 W InputReader: Device has associated, but no associated display id.
12-08 06:54:23.662  1776  1776 D gralloc_ranchu: gralloc_alloc: Creating ashmem region of size 6471680
12-08 06:54:23.676  2170  2566 D EGL_emulation: eglMakeCurrent: 0xe594e040: ver 2 0 (tinfo 0xc52450c0)
12-08 06:54:23.682  2018  2053 W system_server: Long monitor contention with owner android.anim (2054) at void com.android.server.wm.WindowSurfacePlacer.lambda$new$0$WindowSurfacePlacer()(WindowSurfacePlacer.java:61) waiters=0 in void com.android.server.wm.WindowManagerService$H.handleMessage(android.os.Message) for 516ms
12-08 06:54:23.705  2492  2528 D EGL_emulation: eglMakeCurrent: 0xe593eec0: ver 2 0 (tinfo 0xf0c89630)
12-08 06:54:23.712  2018  2018 W ActivityManager: Unable to start service Intent { act=android.service.appprediction.AppPredictionService cmp=com.google.android.as/com.google.android.apps.miphone.aiai.app.AiAiPredictionService } U=0: not found
12-08 06:54:23.712  2018  2018 W RemoteAppPredictionService: could not bind to Intent { act=android.service.appprediction.AppPredictionService cmp=com.google.android.as/com.google.android.apps.miphone.aiai.app.AiAiPredictionService } using flags 67108865
12-08 06:54:23.714  2170  2566 D EGL_emulation: eglMakeCurrent: 0xe594e040: ver 2 0 (tinfo 0xc52450c0)
12-08 06:54:23.723  2170  2566 D EGL_emulation: eglMakeCurrent: 0xe594e040: ver 2 0 (tinfo 0xc52450c0)
12-08 06:54:23.728  2962  3348 W ThreadPoolDumper: Task aw[SearchServiceCore [attachClient]] was queued for 2314ms before starting on executor EventBus
12-08 06:54:23.730  2962  3348 W SessionLifecycleManager: Handover failed. Creating new session controller.
12-08 06:54:23.736  1793  1793 E Layer   : [Surface(name=AppWindowToken{8dcd2e token=Token{a00d3a9 ActivityRecord{4384b30 u0 com.google.android.apps.nexuslauncher/.NexusLauncherActivity t105}}})/@0x3848044 - animation-leash#0] No local sync point found
12-08 06:54:23.736  1793  1793 E Layer   : [Surface(name=AppWindowToken{a973a62 token=Token{98ba52d ActivityRecord{4b52044 u0 ru.iteco.fmhandroid.test/androidx.test.core.app.InstrumentationActivityInvoker$EmptyActivity t227}}})/@0x60b51f - animation-leash#0] No local sync point found
