--------- beginning of main
11-21 18:51:48.638  1322  1374 W ActivityTestRule: getActivityIntent() returned null using default: Intent(Intent.ACTION_MAIN)
--------- beginning of system
11-21 18:51:48.640  2006  2899 I ActivityTaskManager: START u0 {act=android.intent.action.MAIN flg=0x10000000 cmp=ru.iteco.fmhandroid/.ui.AppActivity} from uid 10153
11-21 18:51:48.651  2006  2024 W InputReader: Device has associated, but no associated display id.
11-21 18:51:48.652  2006  2024 I chatty  : uid=1000(system) Binder:2006_2 identical 28 lines
11-21 18:51:48.652  2006  2024 W InputReader: Device has associated, but no associated display id.
11-21 18:51:48.653  1322  1322 W ActivityThread: handleWindowVisibility: no activity for token android.os.BinderProxy@1c87598
11-21 18:51:48.654  2006  2024 W InputReader: Device has associated, but no associated display id.
11-21 18:51:48.654  2006  2024 I chatty  : uid=1000(system) Binder:2006_2 identical 8 lines
11-21 18:51:48.654  2006  2024 W InputReader: Device has associated, but no associated display id.
11-21 18:51:48.667  1761  1761 D gralloc_ranchu: gralloc_alloc: Creating ashmem region of size 14749696
11-21 18:51:48.692  1322  1322 D LifecycleMonitor: Lifecycle status change: ru.iteco.fmhandroid.ui.AppActivity@89b5344 in: PRE_ON_CREATE
11-21 18:51:48.707  1322  1356 V FA      : onActivityCreated
11-21 18:51:48.733  1322  1322 D LifecycleMonitor: Lifecycle status change: ru.iteco.fmhandroid.ui.AppActivity@89b5344 in: CREATED
11-21 18:51:48.745  2006  2032 W InputReader: Device has associated, but no associated display id.
11-21 18:51:48.745  2006  2032 I chatty  : uid=1000(system) android.anim identical 8 lines
11-21 18:51:48.745  2006  2032 W InputReader: Device has associated, but no associated display id.
11-21 18:51:48.757  7825  7875 D EGL_emulation: eglMakeCurrent: 0xe5ffa5c0: ver 2 0 (tinfo 0xda8dd010)
11-21 18:51:48.770  7825  7875 D EGL_emulation: eglMakeCurrent: 0xe5ffa5c0: ver 2 0 (tinfo 0xda8dd010)
11-21 18:51:48.772  2876  3288 D EGL_emulation: eglMakeCurrent: 0xdde1bb00: ver 2 0 (tinfo 0xdde0ff90)
11-21 18:51:48.777  2441  2951 D EGL_emulation: eglMakeCurrent: 0xdde1a480: ver 2 0 (tinfo 0xdde0f530)
11-21 18:51:48.801  1322  1322 D LifecycleMonitor: Lifecycle status change: ru.iteco.fmhandroid.ui.AppActivity@89b5344 in: STARTED
11-21 18:51:48.802  1322  1322 D LifecycleMonitor: Lifecycle status change: ru.iteco.fmhandroid.ui.AppActivity@89b5344 in: RESUMED
11-21 18:51:48.805  1322  1363 V FA      : Activity resumed, time: 841943011
11-21 18:51:48.857  1761  1761 D gralloc_ranchu: gralloc_alloc: Creating ashmem region of size 14749696
11-21 18:51:48.877  1761  1761 I chatty  : uid=1000(system) allocator@2.0-s identical 1 line
11-21 18:51:48.885  1761  1761 D gralloc_ranchu: gralloc_alloc: Creating ashmem region of size 14749696
11-21 18:51:48.889  1322  1388 D EGL_emulation: eglMakeCurrent: 0xdde1c1c0: ver 2 0 (tinfo 0xcd7b4040)
11-21 18:51:48.937  1322  1335 I teco.fmhandroi: NativeAlloc concurrent copying GC freed 12897(896KB) AllocSpace objects, 4(68KB) LOS objects, 49% free, 3975KB/7951KB, paused 612us total 139.750ms
11-21 18:51:48.949  2006  2036 I ActivityTaskManager: Displayed ru.iteco.fmhandroid/.ui.AppActivity: +302ms
11-21 18:51:48.969  7825  7875 D EGL_emulation: eglMakeCurrent: 0xe5ffa5c0: ver 2 0 (tinfo 0xda8dd010)
11-21 18:51:49.010  2006  4428 W InputReader: Device has associated, but no associated display id.
11-21 18:51:49.011  2006  4428 I chatty  : uid=1000(system) Binder:2006_10 identical 8 lines
11-21 18:51:49.011  2006  4428 W InputReader: Device has associated, but no associated display id.
11-21 18:51:49.031  1322  1322 D LifecycleMonitor: Lifecycle status change: ru.iteco.fmhandroid.ui.AppActivity@89b5344 in: PAUSED
11-21 18:51:49.036  1322  1363 V FA      : Screen exposed for less than 1000 ms. Event not sent. time: 228
11-21 18:51:49.037  1322  1363 V FA      : Activity paused, time: 841943240
11-21 18:51:49.075  2006  8134 W InputReader: Device has associated, but no associated display id.
11-21 18:51:49.094  2006  2024 I ActivityTaskManager: Activity reported stop, but no longer stopping: ActivityRecord{5fbaf61 u0 com.google.android.apps.nexuslauncher/.NexusLauncherActivity t1123}
11-21 18:51:49.075  2006  8134 I chatty  : uid=1000(system) Binder:2006_1B identical 8 lines
11-21 18:51:49.075  2006  8134 W InputReader: Device has associated, but no associated display id.
11-21 18:51:49.105  7825  7875 D EGL_emulation: eglMakeCurrent: 0xe5ffa5c0: ver 2 0 (tinfo 0xda8dd010)
11-21 18:51:49.106  2876  1431 I PBSessionCacheImpl: Deleted sessionId[360287841332] from persistence.
11-21 18:51:49.109  2757  1377 V FA-SVC  : Logging event: origin=auto,name=screen_view(_vs),params=Bundle[{ga_event_origin(_o)=auto, ga_previous_class(_pc)=AppActivity, ga_previous_id(_pi)=-3797736664109286960, ga_screen_class(_sc)=AppActivity, ga_screen_id(_si)=-3797736664109286959}]
11-21 18:51:49.116  2006  2006 W ActivityManager: Unable to start service Intent { act=android.service.appprediction.AppPredictionService cmp=com.google.android.as/com.google.android.apps.miphone.aiai.app.AiAiPredictionService } U=0: not found
11-21 18:51:49.116  2006  2006 W RemoteAppPredictionService: could not bind to Intent { act=android.service.appprediction.AppPredictionService cmp=com.google.android.as/com.google.android.apps.miphone.aiai.app.AiAiPredictionService } using flags 67108865
11-21 18:51:49.121  2006  8134 W InputReader: Device has associated, but no associated display id.
11-21 18:51:49.121  2006  8134 I chatty  : uid=1000(system) Binder:2006_1B identical 8 lines
11-21 18:51:49.121  2006  8134 W InputReader: Device has associated, but no associated display id.
11-21 18:51:49.127  2876  3118 W SearchServiceCore: Abort, client detached.
11-21 18:51:49.127  1761  1761 D gralloc_ranchu: gralloc_alloc: Creating ashmem region of size 9441280
11-21 18:51:49.159  7825  7875 D EGL_emulation: eglMakeCurrent: 0xe5ffa5c0: ver 2 0 (tinfo 0xda8dd010)
11-21 18:51:49.165  1761  1761 D gralloc_ranchu: gralloc_alloc: Creating ashmem region of size 14749696
11-21 18:51:49.167  1761  8136 D gralloc_ranchu: gralloc_alloc: Creating ashmem region of size 14749696
11-21 18:51:49.177  1761  8136 D gralloc_ranchu: gralloc_alloc: Creating ashmem region of size 14749696
11-21 18:51:49.179  2441  2951 D EGL_emulation: eglMakeCurrent: 0xdde1a480: ver 2 0 (tinfo 0xdde0f530)
11-21 18:51:49.182  1761  8136 D gralloc_ranchu: gralloc_alloc: Creating ashmem region of size 14749696
11-21 18:51:49.184  1761  1761 D gralloc_ranchu: gralloc_alloc: Creating ashmem region of size 14749696
11-21 18:51:49.192  2876  3288 D EGL_emulation: eglMakeCurrent: 0xdde1bb00: ver 2 0 (tinfo 0xdde0ff90)
11-21 18:51:49.204  1761  1761 D gralloc_ranchu: gralloc_alloc: Creating ashmem region of size 14749696
11-21 18:51:49.233  2876  3118 W SessionLifecycleManager: Handover failed. Creating new session controller.
11-21 18:51:49.237  1775  1775 E Layer   : [Surface(name=AppWindowToken{cf95f47 token=Token{19f6a86 ActivityRecord{5fbaf61 u0 com.google.android.apps.nexuslauncher/.NexusLauncherActivity t1123}}})/@0xb8f158b - animation-leash#0] No local sync point found
11-21 18:51:49.237  1775  1775 E Layer   : [Surface(name=AppWindowToken{3ea4186 token=Token{fdf8261 ActivityRecord{26e21c8 u0 ru.iteco.fmhandroid/.ui.AppActivity t2516}}})/@0x19f122f - animation-leash#0] No local sync point found
11-21 18:51:49.256  2006  6581 D HostConnection: HostConnection::get() New Host Connection established 0xdde553f0, tid 6581
11-21 18:51:49.276  2006  6581 D HostConnection: HostComposition ext ANDROID_EMU_CHECKSUM_HELPER_v1 ANDROID_EMU_dma_v1 ANDROID_EMU_direct_mem ANDROID_EMU_host_composition_v1 ANDROID_EMU_host_composition_v2 ANDROID_EMU_vulkan ANDROID_EMU_deferred_vulkan_commands ANDROID_EMU_vulkan_null_optional_strings ANDROID_EMU_vulkan_create_resources_with_requirements ANDROID_EMU_YUV_Cache ANDROID_EMU_vulkan_ignored_handles ANDROID_EMU_vulkan_free_memory_sync ANDROID_EMU_vulkan_shader_float16_int8 ANDROID_EMU_vulkan_async_queue_submit ANDROID_EMU_sync_buffer_data GL_OES_vertex_array_object GL_KHR_texture_compression_astc_ldr ANDROID_EMU_host_side_tracing ANDROID_EMU_gles_max_version_2 
11-21 18:51:49.284  2006  6581 W OpenGLRenderer: Failed to choose config with EGL_SWAP_BEHAVIOR_PRESERVED, retrying without...
11-21 18:51:49.284  1322  1388 D EGL_emulation: eglMakeCurrent: 0xdde1c1c0: ver 2 0 (tinfo 0xcd7b4040)
11-21 18:51:49.284  7825  7875 D EGL_emulation: eglMakeCurrent: 0xe5ffa5c0: ver 2 0 (tinfo 0xda8dd010)
11-21 18:51:49.314  2006  6581 D EGL_emulation: eglCreateContext: 0xdde1c3a0: maj 2 min 0 rcv 2
11-21 18:51:49.314  1322  1322 D LifecycleMonitor: Lifecycle status change: ru.iteco.fmhandroid.ui.AppActivity@89b5344 in: STOPPED
11-21 18:51:49.322  2006  6581 D EGL_emulation: eglMakeCurrent: 0xdde1c3a0: ver 2 0 (tinfo 0xb180ad60)
11-21 18:51:49.328  1322  1322 D LifecycleMonitor: Lifecycle status change: ru.iteco.fmhandroid.ui.AppActivity@89b5344 in: DESTROYED
11-21 18:51:49.330  1761  8136 D gralloc_ranchu: gralloc_alloc: Creating ashmem region of size 14749696
11-21 18:51:49.336  2441  2459 I s.nexuslaunche: NativeAlloc concurrent copying GC freed 2609(175KB) AllocSpace objects, 0(0B) LOS objects, 49% free, 2938KB/5877KB, paused 5.814ms total 148.862ms
11-21 18:51:49.337  2441  2461 W System  : A resource failed to call release. 
11-21 18:51:49.337  2441  2461 W System  : A resource failed to call release. 
11-21 18:51:49.349  2757  1377 V FA-SVC  : Upload scheduled in approximately ms: 3565320
11-21 18:51:49.352  2757  1377 V FA-SVC  : Unscheduling upload
11-21 18:51:49.374  2757  1377 V FA-SVC  : Scheduling upload, millis: 3565320
11-21 18:51:49.384  2757  1377 V FA-SVC  : Background event processing time, ms: 275
11-21 18:51:49.409  2876  3118 I MicroDetectionWorker: #startMicroDetector [speakerMode: 0]
11-21 18:51:49.410  2876  3118 W ErrorReporter: reportError [type: 211, code: 393244, bug: 0]: errorCode: 393244, engine: 0
11-21 18:51:49.412  2876  3118 I MicroDetector: Keeping mic open: false
11-21 18:51:49.412  2876  3118 I MicroDetectionWorker: #onError(false)
11-21 18:51:49.475  2580   837 E SQLiteDatabase: Error inserting flex_time=3565000 job_id=-1 period=7131000 source=16 requires_charging=0 preferred_network_type=1 target_class=com.google.android.gms.measurement.PackageMeasurementTaskService user_id=0 target_package=com.google.android.gms tag=Measurement.PackageMeasurementTaskService.UPLOAD_TASK_TAG task_type=0 required_idleness_state=0 service_kind=0 source_version=202414000 persistence_level=1 preferred_charging_state=1 required_network_type=0 runtime=1669045909399 retry_strategy={"maximum_backoff_seconds":{"3600":0},"initial_backoff_seconds":{"30":0},"retry_policy":{"0":0}} last_runtime=0
11-21 18:51:49.475  2580   837 E SQLiteDatabase: android.database.sqlite.SQLiteConstraintException: UNIQUE constraint failed: pending_ops.tag, pending_ops.target_class, pending_ops.target_package, pending_ops.user_id (code 2067 SQLITE_CONSTRAINT_UNIQUE)
11-21 18:51:49.475  2580   837 E SQLiteDatabase: 	at android.database.sqlite.SQLiteConnection.nativeExecuteForLastInsertedRowId(Native Method)
11-21 18:51:49.475  2580   837 E SQLiteDatabase: 	at android.database.sqlite.SQLiteConnection.executeForLastInsertedRowId(SQLiteConnection.java:879)
11-21 18:51:49.475  2580   837 E SQLiteDatabase: 	at android.database.sqlite.SQLiteSession.executeForLastInsertedRowId(SQLiteSession.java:790)
11-21 18:51:49.475  2580   837 E SQLiteDatabase: 	at android.database.sqlite.SQLiteStatement.executeInsert(SQLiteStatement.java:88)
11-21 18:51:49.475  2580   837 E SQLiteDatabase: 	at android.database.sqlite.SQLiteDatabase.insertWithOnConflict(SQLiteDatabase.java:1599)
11-21 18:51:49.475  2580   837 E SQLiteDatabase: 	at android.database.sqlite.SQLiteDatabase.insert(SQLiteDatabase.java:1468)
11-21 18:51:49.475  2580   837 E SQLiteDatabase: 	at aqui.a(:com.google.android.gms@202414022@20.24.14 (040700-319035315):175)
11-21 18:51:49.475  2580   837 E SQLiteDatabase: 	at aqtk.a(:com.google.android.gms@202414022@20.24.14 (040700-319035315):182)
11-21 18:51:49.475  2580   837 E SQLiteDatabase: 	at aqtk.a(:com.google.android.gms@202414022@20.24.14 (040700-319035315):23)
11-21 18:51:49.475  2580   837 E SQLiteDatabase: 	at aqtk.a(:com.google.android.gms@202414022@20.24.14 (040700-319035315):177)
11-21 18:51:49.475  2580   837 E SQLiteDatabase: 	at aqpu.run(:com.google.android.gms@202414022@20.24.14 (040700-319035315):9)
11-21 18:51:49.475  2580   837 E SQLiteDatabase: 	at soy.b(:com.google.android.gms@202414022@20.24.14 (040700-319035315):12)
11-21 18:51:49.475  2580   837 E SQLiteDatabase: 	at soy.run(:com.google.android.gms@202414022@20.24.14 (040700-319035315):7)
11-21 18:51:49.475  2580   837 E SQLiteDatabase: 	at java.util.concurrent.ThreadPoolExecutor.runWorker(ThreadPoolExecutor.java:1167)
11-21 18:51:49.475  2580   837 E SQLiteDatabase: 	at java.util.concurrent.ThreadPoolExecutor$Worker.run(ThreadPoolExecutor.java:641)
11-21 18:51:49.475  2580   837 E SQLiteDatabase: 	at sux.run(:com.google.android.gms@202414022@20.24.14 (040700-319035315):0)
11-21 18:51:49.475  2580   837 E SQLiteDatabase: 	at java.lang.Thread.run(Thread.java:919)
11-21 18:51:49.691  1761  8136 D gralloc_ranchu: gralloc_alloc: Creating ashmem region of size 14749696
11-21 18:51:49.990  1322  1374 E TestRunner: failed: shouldCreateANewsItemWithCategoryAnnouncement(ru.iteco.fmhandroid.ui.NewsCreationFormTest)
11-21 18:51:49.990  1322  1374 E TestRunner: ----- begin exception -----
11-21 18:51:49.991  1322  1374 E TestRunner: java.lang.RuntimeException: java.io.IOException: Cannot run program "adb": error=13, Permission denied
11-21 18:51:49.991  1322  1374 E TestRunner: 	at ru.iteco.fmhandroid.ui.data.DeviceHelper.executeBash(DeviceHelper.java:20)
11-21 18:51:49.991  1322  1374 E TestRunner: 	at ru.iteco.fmhandroid.ui.BaseTest.disableAnimationOnEmulator(BaseTest.java:43)
11-21 18:51:49.991  1322  1374 E TestRunner: 	at ru.iteco.fmhandroid.ui.BaseTest.beforeEachTest(BaseTest.java:50)
11-21 18:51:49.991  1322  1374 E TestRunner: 	at java.lang.reflect.Method.invoke(Native Method)
11-21 18:51:49.991  1322  1374 E TestRunner: 	at org.junit.runners.model.FrameworkMethod$1.runReflectiveCall(FrameworkMethod.java:59)
11-21 18:51:49.991  1322  1374 E TestRunner: 	at org.junit.internal.runners.model.ReflectiveCallable.run(ReflectiveCallable.java:12)
11-21 18:51:49.991  1322  1374 E TestRunner: 	at org.junit.runners.model.FrameworkMethod.invokeExplosively(FrameworkMethod.java:56)
11-21 18:51:49.991  1322  1374 E TestRunner: 	at androidx.test.internal.runner.junit4.statement.RunBefores.evaluate(RunBefores.java:76)
11-21 18:51:49.991  1322  1374 E TestRunner: 	at androidx.test.rule.ActivityTestRule$ActivityStatement.evaluate(ActivityTestRule.java:543)
11-21 18:51:49.991  1322  1374 E TestRunner: 	at io.qameta.allure.android.rules.LogcatRule$apply$1.evaluate(LogcatRule.kt:23)
11-21 18:51:49.991  1322  1374 E TestRunner: 	at io.qameta.allure.android.rules.ScreenshotRule$apply$1.evaluate(ScreenshotRule.kt:22)
11-21 18:51:49.991  1322  1374 E TestRunner: 	at io.qameta.allure.android.rules.ScreenshotRule$apply$1.evaluate(ScreenshotRule.kt:22)
11-21 18:51:49.991  1322  1374 E TestRunner: 	at org.junit.rules.RunRules.evaluate(RunRules.java:20)
11-21 18:51:49.991  1322  1374 E TestRunner: 	at org.junit.runners.ParentRunner$3.evaluate(ParentRunner.java:306)
11-21 18:51:49.991  1322  1374 E TestRunner: 	at org.junit.runners.BlockJUnit4ClassRunner$1.evaluate(BlockJUnit4ClassRunner.java:100)
11-21 18:51:49.991  1322  1374 E TestRunner: 	at org.junit.runners.ParentRunner.runLeaf(ParentRunner.java:366)
11-21 18:51:49.991  1322  1374 E TestRunner: 	at org.junit.runners.BlockJUnit4ClassRunner.runChild(BlockJUnit4ClassRunner.java:103)
11-21 18:51:49.991  1322  1374 E TestRunner: 	at org.junit.runners.BlockJUnit4ClassRunner.runChild(BlockJUnit4ClassRunner.java:63)
11-21 18:51:49.991  1322  1374 E TestRunner: 	at org.junit.runners.ParentRunner$4.run(ParentRunner.java:331)
11-21 18:51:49.991  1322  1374 E TestRunner: 	at org.junit.runners.ParentRunner$1.schedule(ParentRunner.java:79)
11-21 18:51:49.991  1322  1374 E TestRunner: 	at org.junit.runners.ParentRunner.runChildren(ParentRunner.java:329)
11-21 18:51:49.991  1322  1374 E TestRunner: 	at org.junit.runners.ParentRunner.access$100(ParentRunner.java:66)
11-21 18:51:49.991  1322  1374 E TestRunner: 	at org.junit.runners.ParentRunner$2.evaluate(ParentRunner.java:293)
11-21 18:51:49.991  1322  1374 E TestRunner: 	at org.junit.runners.ParentRunner$3.evaluate(ParentRunner.java:306)
11-21 18:51:49.991  1322  1374 E TestRunner: 	at org.junit.runners.ParentRunner.run(ParentRunner.java:413)
11-21 18:51:49.991  1322  1374 E TestRunner: 	at androidx.test.ext.junit.runners.AndroidJUnit4.run(AndroidJUnit4.java:162)
11-21 18:51:49.991  1322  1374 E TestRunner: 	at io.qameta.allure.android.runners.AllureAndroidJUnit4.run(AllureAndroidJUnitRunners.kt:29)
11-21 18:51:49.991  1322  1374 E TestRunner: 	at org.junit.runners.Suite.runChild(Suite.java:128)
11-21 18:51:49.991  1322  1374 E TestRunner: 	at org.junit.runners.Suite.runChild(Suite.java:27)
11-21 18:51:49.991  1322  1374 E TestRunner: 	at org.junit.runners.ParentRunner$4.run(ParentRunner.java:331)
11-21 18:51:49.991  1322  1374 E TestRunner: 	at org.junit.runners.ParentRunner$1.schedule(ParentRunner.java:79)
11-21 18:51:49.991  1322  1374 E TestRunner: 	at org.junit.runners.ParentRunner.runChildren(ParentRunner.java:329)
11-21 18:51:49.991  1322  1374 E TestRunner: 	at org.junit.runners.ParentRunner.access$100(ParentRunner.java:66)
11-21 18:51:49.991  1322  1374 E TestRunner: 	at org.junit.runners.ParentRunner$2.evaluate(ParentRunner.java:293)
11-21 18:51:49.991  1322  1374 E TestRunner: 	at org.junit.runners.ParentRunner$3.evaluate(ParentRunner.java:306)
11-21 18:51:49.991  1322  1374 E TestRunner: 	at org.junit.runners.ParentRunner.run(ParentRunner.java:413)
11-21 18:51:49.991  1322  1374 E TestRunner: 	at org.junit.runner.JUnitCore.run(JUnitCore.java:137)
11-21 18:51:49.991  1322  1374 E TestRunner: 	at org.junit.runner.JUnitCore.run(JUnitCore.java:115)
11-21 18:51:49.991  1322  1374 E TestRunner: 	at androidx.test.internal.runner.TestExecutor.execute(TestExecutor.java:67)
11-21 18:51:49.991  1322  1374 E TestRunner: 	at androidx.test.internal.runner.TestExecutor.execute(TestExecutor.java:58)
11-21 18:51:49.991  1322  1374 E TestRunner: 	at androidx.test.runner.AndroidJUnitRunner.onStart(AndroidJUnitRunner.java:438)
11-21 18:51:49.991  1322  1374 E TestRunner: 	at android.app.Instrumentation$InstrumentationThread.run(Instrumentation.java:2189)
11-21 18:51:49.991  1322  1374 E TestRunner: Caused by: java.io.IOException: Cannot run program "adb": error=13, Permission denied
11-21 18:51:49.991  1322  1374 E TestRunner: 	at java.lang.ProcessBuilder.start(ProcessBuilder.java:1050)
11-21 18:51:49.991  1322  1374 E TestRunner: 	at java.lang.Runtime.exec(Runtime.java:698)
11-21 18:51:49.991  1322  1374 E TestRunner: 	at java.lang.Runtime.exec(Runtime.java:528)
11-21 18:51:49.991  1322  1374 E TestRunner: 	at java.lang.Runtime.exec(Runtime.java:425)
11-21 18:51:49.991  1322  1374 E TestRunner: 	at ru.iteco.fmhandroid.ui.data.DeviceHelper.executeBash(DeviceHelper.java:18)
11-21 18:51:49.991  1322  1374 E TestRunner: 	... 41 more
11-21 18:51:49.991  1322  1374 E TestRunner: Caused by: java.io.IOException: error=13, Permission denied
11-21 18:51:49.991  1322  1374 E TestRunner: 	at java.lang.UNIXProcess.forkAndExec(Native Method)
11-21 18:51:49.991  1322  1374 E TestRunner: 	at java.lang.UNIXProcess.<init>(UNIXProcess.java:133)
11-21 18:51:49.991  1322  1374 E TestRunner: 	at java.lang.ProcessImpl.start(ProcessImpl.java:141)
11-21 18:51:49.991  1322  1374 E TestRunner: 	at java.lang.ProcessBuilder.start(ProcessBuilder.java:1029)
11-21 18:51:49.991  1322  1374 E TestRunner: 	... 45 more
11-21 18:51:49.991  1322  1374 E TestRunner: ----- end exception -----
11-21 18:51:49.992  1322  1374 I TestRunner: finished: shouldCreateANewsItemWithCategoryAnnouncement(ru.iteco.fmhandroid.ui.NewsCreationFormTest)
11-21 18:51:50.015  1322  1374 I TestRunner: started: shouldCreateANewsItemWithPublicationTimeInOneHour(ru.iteco.fmhandroid.ui.NewsCreationFormTest)
11-21 18:51:50.035  1322  1374 W ActivityTestRule: getActivityIntent() returned null using default: Intent(Intent.ACTION_MAIN)
11-21 18:51:50.039  2006  2024 I ActivityTaskManager: START u0 {act=android.intent.action.MAIN flg=0x10000000 cmp=ru.iteco.fmhandroid/.ui.AppActivity} from uid 10153
11-21 18:51:50.058  2006  2024 W InputReader: Device has associated, but no associated display id.
11-21 18:51:50.061  2006  2024 I chatty  : uid=1000(system) Binder:2006_2 identical 22 lines
11-21 18:51:50.061  2006  2024 W InputReader: Device has associated, but no associated display id.
11-21 18:51:50.061  1322  1322 W ActivityThread: handleWindowVisibility: no activity for token android.os.BinderProxy@9a62978
11-21 18:51:50.061  2006  2024 W InputReader: Device has associated, but no associated display id.
11-21 18:51:50.063  2006  2024 I chatty  : uid=1000(system) Binder:2006_2 identical 14 lines
11-21 18:51:50.063  2006  2024 W InputReader: Device has associated, but no associated display id.
11-21 18:51:50.077  1761  8136 D gralloc_ranchu: gralloc_alloc: Creating ashmem region of size 14749696
11-21 18:51:50.114  1322  1322 D LifecycleMonitor: Lifecycle status change: ru.iteco.fmhandroid.ui.AppActivity@1d06524 in: PRE_ON_CREATE
11-21 18:51:50.121  1322  1356 V FA      : onActivityCreated
11-21 18:51:50.146  2006  2032 W InputReader: Device has associated, but no associated display id.
11-21 18:51:50.147  2006  2032 I chatty  : uid=1000(system) android.anim identical 8 lines
11-21 18:51:50.147  2006  2032 W InputReader: Device has associated, but no associated display id.
11-21 18:51:50.167  7825  7875 D EGL_emulation: eglMakeCurrent: 0xe5ffa5c0: ver 2 0 (tinfo 0xda8dd010)
11-21 18:51:50.177  2876  3288 D EGL_emulation: eglMakeCurrent: 0xdde1bb00: ver 2 0 (tinfo 0xdde0ff90)
11-21 18:51:50.179  7825  7875 D EGL_emulation: eglMakeCurrent: 0xe5ffa5c0: ver 2 0 (tinfo 0xda8dd010)
11-21 18:51:50.179  2441  2951 D EGL_emulation: eglMakeCurrent: 0xdde1a480: ver 2 0 (tinfo 0xdde0f530)
11-21 18:51:50.189  1322  1322 D LifecycleMonitor: Lifecycle status change: ru.iteco.fmhandroid.ui.AppActivity@1d06524 in: CREATED
11-21 18:51:50.243  1322  1322 D LifecycleMonitor: Lifecycle status change: ru.iteco.fmhandroid.ui.AppActivity@1d06524 in: STARTED
11-21 18:51:50.247  1322  1363 V FA      : Activity resumed, time: 841944452
11-21 18:51:50.247  1322  1322 D LifecycleMonitor: Lifecycle status change: ru.iteco.fmhandroid.ui.AppActivity@1d06524 in: RESUMED
11-21 18:51:50.317  1761  8136 D gralloc_ranchu: gralloc_alloc: Creating ashmem region of size 14749696
11-21 18:51:50.329  1761  8136 I chatty  : uid=1000(system) HwBinder:1761_3 identical 1 line
11-21 18:51:50.333  1761  8136 D gralloc_ranchu: gralloc_alloc: Creating ashmem region of size 14749696
11-21 18:51:50.335  1322  1388 D EGL_emulation: eglMakeCurrent: 0xdde1c1c0: ver 2 0 (tinfo 0xcd7b4040)
11-21 18:51:50.391  7825  7875 D EGL_emulation: eglMakeCurrent: 0xe5ffa5c0: ver 2 0 (tinfo 0xda8dd010)
11-21 18:51:50.394  2006  2036 I ActivityTaskManager: Displayed ru.iteco.fmhandroid/.ui.AppActivity: +345ms
11-21 18:51:50.416  2006  4428 W InputReader: Device has associated, but no associated display id.
11-21 18:51:50.416  2006  4428 I chatty  : uid=1000(system) Binder:2006_10 identical 8 lines
11-21 18:51:50.416  2006  4428 W InputReader: Device has associated, but no associated display id.
11-21 18:51:50.450  1322  1322 D LifecycleMonitor: Lifecycle status change: ru.iteco.fmhandroid.ui.AppActivity@1d06524 in: PAUSED
11-21 18:51:50.459  2006 22382 W InputReader: Device has associated, but no associated display id.
11-21 18:51:50.459  2006 22382 I chatty  : uid=1000(system) Binder:2006_1E identical 8 lines
11-21 18:51:50.460  2006 22382 W InputReader: Device has associated, but no associated display id.
11-21 18:51:50.514  2757  1377 V FA-SVC  : Logging event: origin=auto,name=screen_view(_vs),params=Bundle[{ga_event_origin(_o)=auto, ga_previous_class(_pc)=AppActivity, ga_previous_id(_pi)=-3797736664109286959, ga_screen_class(_sc)=AppActivity, ga_screen_id(_si)=-3797736664109286958}]
11-21 18:51:50.518  1322  1363 V FA      : Screen exposed for less than 1000 ms. Event not sent. time: 207
11-21 18:51:50.524  1322  1363 V FA      : Activity paused, time: 841944665
11-21 18:51:50.527  2876   797 I PBSessionCacheImpl: Deleted sessionId[360287841333] from persistence.
11-21 18:51:50.533  1761  8136 D gralloc_ranchu: gralloc_alloc: Creating ashmem region of size 14749696
11-21 18:51:50.564  2006  2006 W ActivityManager: Unable to start service Intent { act=android.service.appprediction.AppPredictionService cmp=com.google.android.as/com.google.android.apps.miphone.aiai.app.AiAiPredictionService } U=0: not found
11-21 18:51:50.564  2006  2006 W RemoteAppPredictionService: could not bind to Intent { act=android.service.appprediction.AppPredictionService cmp=com.google.android.as/com.google.android.apps.miphone.aiai.app.AiAiPredictionService } using flags 67108865
11-21 18:51:50.553  1761  8136 I chatty  : uid=1000(system) HwBinder:1761_3 identical 1 line
11-21 18:51:50.556  1761  8136 D gralloc_ranchu: gralloc_alloc: Creating ashmem region of size 14749696
11-21 18:51:50.567  2876  3288 D EGL_emulation: eglMakeCurrent: 0xdde1bb00: ver 2 0 (tinfo 0xdde0ff90)
11-21 18:51:50.568  2876  3118 W SearchServiceCore: Abort, client detached.
11-21 18:51:50.574  2757  1377 V FA-SVC  : Upload scheduled in approximately ms: 3564095
11-21 18:51:50.574  2757  1377 V FA-SVC  : Unscheduling upload
11-21 18:51:50.583  1761  8136 D gralloc_ranchu: gralloc_alloc: Creating ashmem region of size 14749696
11-21 18:51:50.607  1761  8136 I chatty  : uid=1000(system) HwBinder:1761_3 identical 1 line
11-21 18:51:50.608  1761  8136 D gralloc_ranchu: gralloc_alloc: Creating ashmem region of size 14749696
11-21 18:51:50.611  2757  1377 V FA-SVC  : Scheduling upload, millis: 3564095
11-21 18:51:50.622  2441  2951 D EGL_emulation: eglMakeCurrent: 0xdde1a480: ver 2 0 (tinfo 0xdde0f530)
11-21 18:51:50.638  2876  2876 W ThreadPoolDumper: Queue length for executor EventBus is now 11. Perhaps some tasks are too long, or the pool is too small.
11-21 18:51:50.643  2876  3118 W SessionLifecycleManager: Handover failed. Creating new session controller.
11-21 18:51:50.665  2757  1377 V FA-SVC  : Background event processing time, ms: 150
11-21 18:51:50.666  2006  2032 W InputReader: Device has associated, but no associated display id.
11-21 18:51:50.667  2006  2032 I chatty  : uid=1000(system) android.anim identical 8 lines
11-21 18:51:50.667  2006  2032 W InputReader: Device has associated, but no associated display id.
11-21 18:51:50.674  7825  7875 D EGL_emulation: eglMakeCurrent: 0xe5ffa5c0: ver 2 0 (tinfo 0xda8dd010)
11-21 18:51:50.678  1761  8136 D gralloc_ranchu: gralloc_alloc: Creating ashmem region of size 9441280
11-21 18:51:50.708  7825  7875 D EGL_emulation: eglMakeCurrent: 0xe5ffa5c0: ver 2 0 (tinfo 0xda8dd010)
11-21 18:51:50.738  1775  1775 E Layer   : [Surface(name=AppWindowToken{1077164 token=Token{2c22ef7 ActivityRecord{6afeaf6 u0 ru.iteco.fmhandroid/.ui.AppActivity t2517}}})/@0x32e48df - animation-leash#0] No local sync point found
11-21 18:51:50.738  1775  1775 E Layer   : [Surface(name=AppWindowToken{cf95f47 token=Token{19f6a86 ActivityRecord{5fbaf61 u0 com.google.android.apps.nexuslauncher/.NexusLauncherActivity t1123}}})/@0xb8f158b - animation-leash#0] No local sync point found
11-21 18:51:50.745  1322  1388 D EGL_emulation: eglMakeCurrent: 0xdde1c1c0: ver 2 0 (tinfo 0xcd7b4040)
11-21 18:51:50.756  7825  7875 D EGL_emulation: eglMakeCurrent: 0xe5ffa5c0: ver 2 0 (tinfo 0xda8dd010)
11-21 18:51:50.783  1322  1322 D LifecycleMonitor: Lifecycle status change: ru.iteco.fmhandroid.ui.AppActivity@1d06524 in: STOPPED
11-21 18:51:50.799  2441  2461 W System  : A resource failed to call release. 
11-21 18:51:50.800  2441  2461 W System  : A resource failed to call release. 
11-21 18:51:50.810  1322  1322 D LifecycleMonitor: Lifecycle status change: ru.iteco.fmhandroid.ui.AppActivity@1d06524 in: DESTROYED
11-21 18:51:50.816  2580   837 E SQLiteDatabase: Error inserting flex_time=3564000 job_id=-1 period=7129000 source=16 requires_charging=0 preferred_network_type=1 target_class=com.google.android.gms.measurement.PackageMeasurementTaskService user_id=0 target_package=com.google.android.gms tag=Measurement.PackageMeasurementTaskService.UPLOAD_TASK_TAG task_type=0 required_idleness_state=0 service_kind=0 source_version=202414000 persistence_level=1 preferred_charging_state=1 required_network_type=0 runtime=1669045910680 retry_strategy={"maximum_backoff_seconds":{"3600":0},"initial_backoff_seconds":{"30":0},"retry_policy":{"0":0}} last_runtime=0
11-21 18:51:50.816  2580   837 E SQLiteDatabase: android.database.sqlite.SQLiteConstraintException: UNIQUE constraint failed: pending_ops.tag, pending_ops.target_class, pending_ops.target_package, pending_ops.user_id (code 2067 SQLITE_CONSTRAINT_UNIQUE)
11-21 18:51:50.816  2580   837 E SQLiteDatabase: 	at android.database.sqlite.SQLiteConnection.nativeExecuteForLastInsertedRowId(Native Method)
11-21 18:51:50.816  2580   837 E SQLiteDatabase: 	at android.database.sqlite.SQLiteConnection.executeForLastInsertedRowId(SQLiteConnection.java:879)
11-21 18:51:50.816  2580   837 E SQLiteDatabase: 	at android.database.sqlite.SQLiteSession.executeForLastInsertedRowId(SQLiteSession.java:790)
11-21 18:51:50.816  2580   837 E SQLiteDatabase: 	at android.database.sqlite.SQLiteStatement.executeInsert(SQLiteStatement.java:88)
11-21 18:51:50.816  2580   837 E SQLiteDatabase: 	at android.database.sqlite.SQLiteDatabase.insertWithOnConflict(SQLiteDatabase.java:1599)
11-21 18:51:50.816  2580   837 E SQLiteDatabase: 	at android.database.sqlite.SQLiteDatabase.insert(SQLiteDatabase.java:1468)
11-21 18:51:50.816  2580   837 E SQLiteDatabase: 	at aqui.a(:com.google.android.gms@202414022@20.24.14 (040700-319035315):175)
11-21 18:51:50.816  2580   837 E SQLiteDatabase: 	at aqtk.a(:com.google.android.gms@202414022@20.24.14 (040700-319035315):182)
11-21 18:51:50.816  2580   837 E SQLiteDatabase: 	at aqtk.a(:com.google.android.gms@202414022@20.24.14 (040700-319035315):23)
11-21 18:51:50.816  2580   837 E SQLiteDatabase: 	at aqtk.a(:com.google.android.gms@202414022@20.24.14 (040700-319035315):177)
11-21 18:51:50.816  2580   837 E SQLiteDatabase: 	at aqpu.run(:com.google.android.gms@202414022@20.24.14 (040700-319035315):9)
11-21 18:51:50.816  2580   837 E SQLiteDatabase: 	at soy.b(:com.google.android.gms@202414022@20.24.14 (040700-319035315):12)
11-21 18:51:50.816  2580   837 E SQLiteDatabase: 	at soy.run(:com.google.android.gms@202414022@20.24.14 (040700-319035315):7)
11-21 18:51:50.816  2580   837 E SQLiteDatabase: 	at java.util.concurrent.ThreadPoolExecutor.runWorker(ThreadPoolExecutor.java:1167)
11-21 18:51:50.816  2580   837 E SQLiteDatabase: 	at java.util.concurrent.ThreadPoolExecutor$Worker.run(ThreadPoolExecutor.java:641)
11-21 18:51:50.816  2580   837 E SQLiteDatabase: 	at sux.run(:com.google.android.gms@202414022@20.24.14 (040700-319035315):0)
11-21 18:51:50.816  2580   837 E SQLiteDatabase: 	at java.lang.Thread.run(Thread.java:919)
11-21 18:51:50.829  2006  6581 D HostConnection: HostConnection::get() New Host Connection established 0xdde553f0, tid 6581
11-21 18:51:50.829  2006  6581 D HostConnection: HostComposition ext ANDROID_EMU_CHECKSUM_HELPER_v1 ANDROID_EMU_dma_v1 ANDROID_EMU_direct_mem ANDROID_EMU_host_composition_v1 ANDROID_EMU_host_composition_v2 ANDROID_EMU_vulkan ANDROID_EMU_deferred_vulkan_commands ANDROID_EMU_vulkan_null_optional_strings ANDROID_EMU_vulkan_create_resources_with_requirements ANDROID_EMU_YUV_Cache ANDROID_EMU_vulkan_ignored_handles ANDROID_EMU_vulkan_free_memory_sync ANDROID_EMU_vulkan_shader_float16_int8 ANDROID_EMU_vulkan_async_queue_submit ANDROID_EMU_sync_buffer_data GL_OES_vertex_array_object GL_KHR_texture_compression_astc_ldr ANDROID_EMU_host_side_tracing ANDROID_EMU_gles_max_version_2 
11-21 18:51:50.839  2006  6581 W OpenGLRenderer: Failed to choose config with EGL_SWAP_BEHAVIOR_PRESERVED, retrying without...
11-21 18:51:50.860  1761  8136 D gralloc_ranchu: gralloc_alloc: Creating ashmem region of size 14749696
11-21 18:51:50.876  2006  6581 D EGL_emulation: eglCreateContext: 0xdde1af60: maj 2 min 0 rcv 2
11-21 18:51:50.881  2006  6581 D EGL_emulation: eglMakeCurrent: 0xdde1af60: ver 2 0 (tinfo 0xb180ad60)
11-21 18:51:50.889  7825  7838 I ndroid.systemu: NativeAlloc concurrent copying GC freed 1487(181KB) AllocSpace objects, 0(0B) LOS objects, 49% free, 5626KB/10MB, paused 837us total 122.086ms
11-21 18:51:50.905  2876  2905 I earchbox:searc: Background young concurrent copying GC freed 142109(5368KB) AllocSpace objects, 0(0B) LOS objects, 34% free, 9929KB/14MB, paused 3.281ms total 287.213ms
11-21 18:51:50.924  2876  3118 I MicroDetectionWorker: #startMicroDetector [speakerMode: 0]
11-21 18:51:50.927  2876  3118 W ErrorReporter: reportError [type: 211, code: 393244, bug: 0]: errorCode: 393244, engine: 0
11-21 18:51:50.929  2876  3118 I MicroDetector: Keeping mic open: false
11-21 18:51:50.929  2876  3118 I MicroDetectionWorker: #onError(false)
11-21 18:51:51.257  1761  8136 D gralloc_ranchu: gralloc_alloc: Creating ashmem region of size 14749696
11-21 18:51:51.586  1322  1374 E TestRunner: failed: shouldCreateANewsItemWithPublicationTimeInOneHour(ru.iteco.fmhandroid.ui.NewsCreationFormTest)
11-21 18:51:51.586  1322  1374 E TestRunner: ----- begin exception -----
11-21 18:51:51.587  1322  1374 E TestRunner: java.lang.RuntimeException: java.io.IOException: Cannot run program "adb": error=13, Permission denied
11-21 18:51:51.587  1322  1374 E TestRunner: 	at ru.iteco.fmhandroid.ui.data.DeviceHelper.executeBash(DeviceHelper.java:20)
11-21 18:51:51.587  1322  1374 E TestRunner: 	at ru.iteco.fmhandroid.ui.BaseTest.disableAnimationOnEmulator(BaseTest.java:43)
11-21 18:51:51.587  1322  1374 E TestRunner: 	at ru.iteco.fmhandroid.ui.BaseTest.beforeEachTest(BaseTest.java:50)
11-21 18:51:51.587  1322  1374 E TestRunner: 	at java.lang.reflect.Method.invoke(Native Method)
11-21 18:51:51.587  1322  1374 E TestRunner: 	at org.junit.runners.model.FrameworkMethod$1.runReflectiveCall(FrameworkMethod.java:59)
11-21 18:51:51.587  1322  1374 E TestRunner: 	at org.junit.internal.runners.model.ReflectiveCallable.run(ReflectiveCallable.java:12)
11-21 18:51:51.587  1322  1374 E TestRunner: 	at org.junit.runners.model.FrameworkMethod.invokeExplosively(FrameworkMethod.java:56)
11-21 18:51:51.587  1322  1374 E TestRunner: 	at androidx.test.internal.runner.junit4.statement.RunBefores.evaluate(RunBefores.java:76)
11-21 18:51:51.587  1322  1374 E TestRunner: 	at androidx.test.rule.ActivityTestRule$ActivityStatement.evaluate(ActivityTestRule.java:543)
11-21 18:51:51.587  1322  1374 E TestRunner: 	at io.qameta.allure.android.rules.LogcatRule$apply$1.evaluate(LogcatRule.kt:23)
11-21 18:51:51.587  1322  1374 E TestRunner: 	at io.qameta.allure.android.rules.ScreenshotRule$apply$1.evaluate(ScreenshotRule.kt:22)
11-21 18:51:51.587  1322  1374 E TestRunner: 	at io.qameta.allure.android.rules.ScreenshotRule$apply$1.evaluate(ScreenshotRule.kt:22)
11-21 18:51:51.587  1322  1374 E TestRunner: 	at org.junit.rules.RunRules.evaluate(RunRules.java:20)
11-21 18:51:51.587  1322  1374 E TestRunner: 	at org.junit.runners.ParentRunner$3.evaluate(ParentRunner.java:306)
11-21 18:51:51.587  1322  1374 E TestRunner: 	at org.junit.runners.BlockJUnit4ClassRunner$1.evaluate(BlockJUnit4ClassRunner.java:100)
11-21 18:51:51.587  1322  1374 E TestRunner: 	at org.junit.runners.ParentRunner.runLeaf(ParentRunner.java:366)
11-21 18:51:51.587  1322  1374 E TestRunner: 	at org.junit.runners.BlockJUnit4ClassRunner.runChild(BlockJUnit4ClassRunner.java:103)
11-21 18:51:51.587  1322  1374 E TestRunner: 	at org.junit.runners.BlockJUnit4ClassRunner.runChild(BlockJUnit4ClassRunner.java:63)
11-21 18:51:51.587  1322  1374 E TestRunner: 	at org.junit.runners.ParentRunner$4.run(ParentRunner.java:331)
11-21 18:51:51.587  1322  1374 E TestRunner: 	at org.junit.runners.ParentRunner$1.schedule(ParentRunner.java:79)
11-21 18:51:51.587  1322  1374 E TestRunner: 	at org.junit.runners.ParentRunner.runChildren(ParentRunner.java:329)
11-21 18:51:51.587  1322  1374 E TestRunner: 	at org.junit.runners.ParentRunner.access$100(ParentRunner.java:66)
11-21 18:51:51.587  1322  1374 E TestRunner: 	at org.junit.runners.ParentRunner$2.evaluate(ParentRunner.java:293)
11-21 18:51:51.587  1322  1374 E TestRunner: 	at org.junit.runners.ParentRunner$3.evaluate(ParentRunner.java:306)
11-21 18:51:51.587  1322  1374 E TestRunner: 	at org.junit.runners.ParentRunner.run(ParentRunner.java:413)
11-21 18:51:51.587  1322  1374 E TestRunner: 	at androidx.test.ext.junit.runners.AndroidJUnit4.run(AndroidJUnit4.java:162)
11-21 18:51:51.587  1322  1374 E TestRunner: 	at io.qameta.allure.android.runners.AllureAndroidJUnit4.run(AllureAndroidJUnitRunners.kt:29)
11-21 18:51:51.587  1322  1374 E TestRunner: 	at org.junit.runners.Suite.runChild(Suite.java:128)
11-21 18:51:51.587  1322  1374 E TestRunner: 	at org.junit.runners.Suite.runChild(Suite.java:27)
11-21 18:51:51.587  1322  1374 E TestRunner: 	at org.junit.runners.ParentRunner$4.run(ParentRunner.java:331)
11-21 18:51:51.587  1322  1374 E TestRunner: 	at org.junit.runners.ParentRunner$1.schedule(ParentRunner.java:79)
11-21 18:51:51.587  1322  1374 E TestRunner: 	at org.junit.runners.ParentRunner.runChildren(ParentRunner.java:329)
11-21 18:51:51.587  1322  1374 E TestRunner: 	at org.junit.runners.ParentRunner.access$100(ParentRunner.java:66)
11-21 18:51:51.587  1322  1374 E TestRunner: 	at org.junit.runners.ParentRunner$2.evaluate(ParentRunner.java:293)
11-21 18:51:51.587  1322  1374 E TestRunner: 	at org.junit.runners.ParentRunner$3.evaluate(ParentRunner.java:306)
11-21 18:51:51.587  1322  1374 E TestRunner: 	at org.junit.runners.ParentRunner.run(ParentRunner.java:413)
11-21 18:51:51.587  1322  1374 E TestRunner: 	at org.junit.runner.JUnitCore.run(JUnitCore.java:137)
11-21 18:51:51.587  1322  1374 E TestRunner: 	at org.junit.runner.JUnitCore.run(JUnitCore.java:115)
11-21 18:51:51.587  1322  1374 E TestRunner: 	at androidx.test.internal.runner.TestExecutor.execute(TestExecutor.java:67)
11-21 18:51:51.587  1322  1374 E TestRunner: 	at androidx.test.internal.runner.TestExecutor.execute(TestExecutor.java:58)
11-21 18:51:51.587  1322  1374 E TestRunner: 	at androidx.test.runner.AndroidJUnitRunner.onStart(AndroidJUnitRunner.java:438)
11-21 18:51:51.587  1322  1374 E TestRunner: 	at android.app.Instrumentation$InstrumentationThread.run(Instrumentation.java:2189)
11-21 18:51:51.587  1322  1374 E TestRunner: Caused by: java.io.IOException: Cannot run program "adb": error=13, Permission denied
11-21 18:51:51.587  1322  1374 E TestRunner: 	at java.lang.ProcessBuilder.start(ProcessBuilder.java:1050)
11-21 18:51:51.587  1322  1374 E TestRunner: 	at java.lang.Runtime.exec(Runtime.java:698)
11-21 18:51:51.587  1322  1374 E TestRunner: 	at java.lang.Runtime.exec(Runtime.java:528)
11-21 18:51:51.587  1322  1374 E TestRunner: 	at java.lang.Runtime.exec(Runtime.java:425)
11-21 18:51:51.587  1322  1374 E TestRunner: 	at ru.iteco.fmhandroid.ui.data.DeviceHelper.executeBash(DeviceHelper.java:18)
11-21 18:51:51.587  1322  1374 E TestRunner: 	... 41 more
11-21 18:51:51.587  1322  1374 E TestRunner: Caused by: java.io.IOException: error=13, Permission denied
11-21 18:51:51.587  1322  1374 E TestRunner: 	at java.lang.UNIXProcess.forkAndExec(Native Method)
11-21 18:51:51.587  1322  1374 E TestRunner: 	at java.lang.UNIXProcess.<init>(UNIXProcess.java:133)
11-21 18:51:51.587  1322  1374 E TestRunner: 	at java.lang.ProcessImpl.start(ProcessImpl.java:141)
11-21 18:51:51.587  1322  1374 E TestRunner: 	at java.lang.ProcessBuilder.start(ProcessBuilder.java:1029)
11-21 18:51:51.587  1322  1374 E TestRunner: 	... 45 more
11-21 18:51:51.587  1322  1374 E TestRunner: ----- end exception -----
11-21 18:51:51.600  1322  1374 I TestRunner: finished: shouldCreateANewsItemWithPublicationTimeInOneHour(ru.iteco.fmhandroid.ui.NewsCreationFormTest)
11-21 18:51:51.626  1322  1374 I TestRunner: started: shouldShowAWrongMessageWithTextSelectACategoryFromTheList(ru.iteco.fmhandroid.ui.NewsCreationFormTest)
11-21 18:51:51.653  1322  1374 W ActivityTestRule: getActivityIntent() returned null using default: Intent(Intent.ACTION_MAIN)
11-21 18:51:51.657  2006 22382 I ActivityTaskManager: START u0 {act=android.intent.action.MAIN flg=0x10000000 cmp=ru.iteco.fmhandroid/.ui.AppActivity} from uid 10153
11-21 18:51:51.674  2006  2024 W InputReader: Device has associated, but no associated display id.
11-21 18:51:51.680  2006  2024 I chatty  : uid=1000(system) Binder:2006_2 identical 38 lines
11-21 18:51:51.680  2006  2024 W InputReader: Device has associated, but no associated display id.
11-21 18:51:51.681  1322  1322 W ActivityThread: handleWindowVisibility: no activity for token android.os.BinderProxy@f2baeb1
11-21 18:51:51.705  1761  8136 D gralloc_ranchu: gralloc_alloc: Creating ashmem region of size 14749696
11-21 18:51:51.759  1322  1322 D LifecycleMonitor: Lifecycle status change: ru.iteco.fmhandroid.ui.AppActivity@a1b84ed in: PRE_ON_CREATE
11-21 18:51:51.768  1322  1356 V FA      : onActivityCreated
11-21 18:51:51.781  2006  2032 W InputReader: Device has associated, but no associated display id.
11-21 18:51:51.781  2006  2032 I chatty  : uid=1000(system) android.anim identical 8 lines
11-21 18:51:51.781  2006  2032 W InputReader: Device has associated, but no associated display id.
11-21 18:51:51.805  2876  3288 D EGL_emulation: eglMakeCurrent: 0xdde1bb00: ver 2 0 (tinfo 0xdde0ff90)
11-21 18:51:51.808  2441  2951 D EGL_emulation: eglMakeCurrent: 0xdde1a480: ver 2 0 (tinfo 0xdde0f530)
11-21 18:51:51.813  1322  1322 D LifecycleMonitor: Lifecycle status change: ru.iteco.fmhandroid.ui.AppActivity@a1b84ed in: CREATED
11-21 18:51:51.819  7825  7875 D EGL_emulation: eglMakeCurrent: 0xe5ffa5c0: ver 2 0 (tinfo 0xda8dd010)
11-21 18:51:51.836  7825  7875 D EGL_emulation: eglMakeCurrent: 0xe5ffa5c0: ver 2 0 (tinfo 0xda8dd010)
11-21 18:51:51.888  1322  1322 D LifecycleMonitor: Lifecycle status change: ru.iteco.fmhandroid.ui.AppActivity@a1b84ed in: STARTED
11-21 18:51:51.889  1322  1322 D LifecycleMonitor: Lifecycle status change: ru.iteco.fmhandroid.ui.AppActivity@a1b84ed in: RESUMED
11-21 18:51:51.891  1322  1363 V FA      : Activity resumed, time: 841946098
11-21 18:51:51.946  1761  8136 D gralloc_ranchu: gralloc_alloc: Creating ashmem region of size 14749696
11-21 18:51:51.952  1761  8136 D gralloc_ranchu: gralloc_alloc: Creating ashmem region of size 14749696
11-21 18:51:51.954  1761  1761 D gralloc_ranchu: gralloc_alloc: Creating ashmem region of size 14749696
11-21 18:51:51.964  1322  1388 D EGL_emulation: eglMakeCurrent: 0xdde1c1c0: ver 2 0 (tinfo 0xcd7b4040)
11-21 18:51:52.017  2006  2036 I ActivityTaskManager: Displayed ru.iteco.fmhandroid/.ui.AppActivity: +357ms
11-21 18:51:52.025  2757  1377 V FA-SVC  : Logging event: origin=auto,name=screen_view(_vs),params=Bundle[{ga_event_origin(_o)=auto, ga_previous_class(_pc)=AppActivity, ga_previous_id(_pi)=-3797736664109286958, ga_screen_class(_sc)=AppActivity, ga_screen_id(_si)=-3797736664109286957}]
11-21 18:51:52.026  7825  7875 D EGL_emulation: eglMakeCurrent: 0xe5ffa5c0: ver 2 0 (tinfo 0xda8dd010)
11-21 18:51:52.081  2006  2024 W InputReader: Device has associated, but no associated display id.
11-21 18:51:52.081  2006  2024 I chatty  : uid=1000(system) Binder:2006_2 identical 8 lines
11-21 18:51:52.081  2006  2024 W InputReader: Device has associated, but no associated display id.
11-21 18:51:52.100  2757  1377 V FA-SVC  : Upload scheduled in approximately ms: 3562569
11-21 18:51:52.100  2757  1377 V FA-SVC  : Unscheduling upload
11-21 18:51:52.117  1322  1322 D LifecycleMonitor: Lifecycle status change: ru.iteco.fmhandroid.ui.AppActivity@a1b84ed in: PAUSED
11-21 18:51:52.122  2006  2024 W InputReader: Device has associated, but no associated display id.
11-21 18:51:52.122  2006  2024 I chatty  : uid=1000(system) Binder:2006_2 identical 8 lines
11-21 18:51:52.122  2006  2024 W InputReader: Device has associated, but no associated display id.
11-21 18:51:52.152  1322  1363 V FA      : Screen exposed for less than 1000 ms. Event not sent. time: 227
11-21 18:51:52.154  1322  1363 V FA      : Activity paused, time: 841946327
11-21 18:51:52.183  2757  1377 V FA-SVC  : Scheduling upload, millis: 3562569
11-21 18:51:52.192  2876   797 I PBSessionCacheImpl: Deleted sessionId[360287841334] from persistence.
11-21 18:51:52.198  2006  2036 E memtrack: Couldn't load memtrack module
11-21 18:51:52.198  2006  2036 W android.os.Debug: failed to get memory consumption info: -1
11-21 18:51:52.206  2876  3118 W SearchServiceCore: Abort, client detached.
11-21 18:51:52.213  2757  1377 V FA-SVC  : Background event processing time, ms: 174
11-21 18:51:52.219  1761  1761 D gralloc_ranchu: gralloc_alloc: Creating ashmem region of size 14749696
11-21 18:51:52.229  1761  1761 I chatty  : uid=1000(system) allocator@2.0-s identical 1 line
11-21 18:51:52.232  1761  1761 D gralloc_ranchu: gralloc_alloc: Creating ashmem region of size 14749696
11-21 18:51:52.235  2876  3288 D EGL_emulation: eglMakeCurrent: 0xdde1bb00: ver 2 0 (tinfo 0xdde0ff90)
11-21 18:51:52.236  2006  2006 W ActivityManager: Unable to start service Intent { act=android.service.appprediction.AppPredictionService cmp=com.google.android.as/com.google.android.apps.miphone.aiai.app.AiAiPredictionService } U=0: not found
11-21 18:51:52.236  2006  2006 W RemoteAppPredictionService: could not bind to Intent { act=android.service.appprediction.AppPredictionService cmp=com.google.android.as/com.google.android.apps.miphone.aiai.app.AiAiPredictionService } using flags 67108865
11-21 18:51:52.268  1761  1761 D gralloc_ranchu: gralloc_alloc: Creating ashmem region of size 14749696
11-21 18:51:52.284  1761  1761 I chatty  : uid=1000(system) allocator@2.0-s identical 1 line
11-21 18:51:52.285  1761  1761 D gralloc_ranchu: gralloc_alloc: Creating ashmem region of size 14749696
11-21 18:51:52.297  2441  2951 D EGL_emulation: eglMakeCurrent: 0xdde1a480: ver 2 0 (tinfo 0xdde0f530)
11-21 18:51:52.334  2876  3118 W SessionLifecycleManager: Handover failed. Creating new session controller.
11-21 18:51:52.347  2006  2032 W InputReader: Device has associated, but no associated display id.
11-21 18:51:52.347  2006  2032 I chatty  : uid=1000(system) android.anim identical 8 lines
11-21 18:51:52.347  2006  2032 W InputReader: Device has associated, but no associated display id.
11-21 18:51:52.352  1761  1761 D gralloc_ranchu: gralloc_alloc: Creating ashmem region of size 9441280
11-21 18:51:52.357  7825  7875 D EGL_emulation: eglMakeCurrent: 0xe5ffa5c0: ver 2 0 (tinfo 0xda8dd010)
11-21 18:51:52.391  7825  7875 D EGL_emulation: eglMakeCurrent: 0xe5ffa5c0: ver 2 0 (tinfo 0xda8dd010)
11-21 18:51:52.395  1322  1388 D EGL_emulation: eglMakeCurrent: 0xdde1c1c0: ver 2 0 (tinfo 0xcd7b4040)
11-21 18:51:52.420  1775  1775 E Layer   : [Surface(name=AppWindowToken{cf95f47 token=Token{19f6a86 ActivityRecord{5fbaf61 u0 com.google.android.apps.nexuslauncher/.NexusLauncherActivity t1123}}})/@0xb8f158b - animation-leash#0] No local sync point found
11-21 18:51:52.420  1775  1775 E Layer   : [Surface(name=AppWindowToken{d5d7cf2 token=Token{aee17fd ActivityRecord{8415c54 u0 ru.iteco.fmhandroid/.ui.AppActivity t2518}}})/@0xee181ab - animation-leash#0] No local sync point found
11-21 18:51:52.449  1322  1322 D LifecycleMonitor: Lifecycle status change: ru.iteco.fmhandroid.ui.AppActivity@a1b84ed in: STOPPED
11-21 18:51:52.463  7825  7875 D EGL_emulation: eglMakeCurrent: 0xe5ffa5c0: ver 2 0 (tinfo 0xda8dd010)
11-21 18:51:52.470  2876  3118 I MicroDetectionWorker: #startMicroDetector [speakerMode: 0]
11-21 18:51:52.472  2876  3118 W ErrorReporter: reportError [type: 211, code: 393244, bug: 0]: errorCode: 393244, engine: 0
11-21 18:51:52.474  2876  3118 I MicroDetector: Keeping mic open: false
11-21 18:51:52.474  2876  3118 I MicroDetectionWorker: #onError(false)
11-21 18:51:52.478  2006  6581 D HostConnection: HostConnection::get() New Host Connection established 0xdde553f0, tid 6581
