12-06 16:20:38.647 17416 17460 W teco.fmhandroi: Accessing hidden method Lsun/misc/Unsafe;->compareAndSwapObject(Ljava/lang/Object;JLjava/lang/Object;Ljava/lang/Object;)Z (greylist, linking, allowed)
12-06 16:20:38.650 17416 17416 I ViewInteraction: Performing 'single click' action on view view.getId() is <2131231291/ru.iteco.fmhandroid:id/save_button>
12-06 16:20:38.716 17416 17539 I okhttp.OkHttpClient: --> POST http://www.981757-ca08998.tmweb.ru:8080/fmh/claims
12-06 16:20:38.716 17416 17539 I okhttp.OkHttpClient: Content-Type: application/json; charset=UTF-8
12-06 16:20:38.716 17416 17539 I okhttp.OkHttpClient: Content-Length: 294
12-06 16:20:38.716 17416 17539 I okhttp.OkHttpClient: {"createDate":1670343638,"creatorId":2,"creatorName":"Иванов Данил Данилович","description":"Описание b38f02af-4358-4631-adeb-1be47938e79f","executorId":1,"planExecuteDate":1670343600,"status":"OPEN","title":"Заголовок c4b5498e-fd64-4a51-87b4-bde31f74f853"}
12-06 16:20:38.716 17416 17539 I okhttp.OkHttpClient: --> END POST (294-byte body)
12-06 16:20:38.720  1744 17540 E ResolverController: No valid NAT64 prefix (100, <unspecified>/0)
12-06 16:20:38.933 17416 17460 W teco.fmhandroi: Accessing hidden method Lsun/misc/Unsafe;->compareAndSwapObject(Ljava/lang/Object;JLjava/lang/Object;Ljava/lang/Object;)Z (greylist, linking, allowed)
12-06 16:20:38.935 17416 17416 I ViewInteraction: Performing 'wait for a specific view with <view.getId() is <2131230916>> during 10000 millis.' action on view view.getRootView() to equal view
12-06 16:20:38.993 17416 17539 I okhttp.OkHttpClient: <-- 200 http://www.981757-ca08998.tmweb.ru:8080/fmh/claims (276ms)
12-06 16:20:38.993 17416 17539 I okhttp.OkHttpClient: Vary: Origin
12-06 16:20:38.993 17416 17539 I okhttp.OkHttpClient: Vary: Access-Control-Request-Method
12-06 16:20:38.993 17416 17539 I okhttp.OkHttpClient: Vary: Access-Control-Request-Headers
12-06 16:20:38.993 17416 17539 I okhttp.OkHttpClient: X-Content-Type-Options: nosniff
12-06 16:20:38.993 17416 17539 I okhttp.OkHttpClient: X-XSS-Protection: 1; mode=block
12-06 16:20:38.994 17416 17539 I okhttp.OkHttpClient: Cache-Control: no-cache, no-store, max-age=0, must-revalidate
12-06 16:20:38.994 17416 17539 I okhttp.OkHttpClient: Pragma: no-cache
12-06 16:20:38.994 17416 17539 I okhttp.OkHttpClient: Expires: 0
12-06 16:20:38.995 17416 17539 I okhttp.OkHttpClient: X-Frame-Options: DENY
12-06 16:20:38.995 17416 17539 I okhttp.OkHttpClient: Content-Type: application/json
12-06 16:20:38.995 17416 17539 I okhttp.OkHttpClient: Transfer-Encoding: chunked
12-06 16:20:38.995 17416 17539 I okhttp.OkHttpClient: Date: Tue, 06 Dec 2022 16:20:40 GMT
12-06 16:20:38.995 17416 17539 I okhttp.OkHttpClient: Keep-Alive: timeout=60
12-06 16:20:38.995 17416 17539 I okhttp.OkHttpClient: Connection: keep-alive
12-06 16:20:38.997 17416 17539 I okhttp.OkHttpClient: {"id":2647,"title":"Заголовок c4b5498e-fd64-4a51-87b4-bde31f74f853","description":"Описание b38f02af-4358-4631-adeb-1be47938e79f","creatorId":2,"executorId":1,"createDate":1670343638,"planExecuteDate":1670343600,"factExecuteDate":null,"status":"IN_PROGRESS","creatorName":"Иванов Данил Данилович","executorName":"Смирнов Петр Петрович"}
12-06 16:20:38.997 17416 17539 I okhttp.OkHttpClient: <-- END HTTP (392-byte body)
12-06 16:20:39.083 17416 17460 W teco.fmhandroi: Accessing hidden method Lsun/misc/Unsafe;->compareAndSwapObject(Ljava/lang/Object;JLjava/lang/Object;Ljava/lang/Object;)Z (greylist, linking, allowed)
12-06 16:20:39.086 17416 17416 I ViewInteraction: Checking 'MatchesViewAssertion{viewMatcher=(view has effective visibility <VISIBLE> and view.getGlobalVisibleRect() to return non-empty rectangle)}' assertion on view view.getId() is <2131230916/ru.iteco.fmhandroid:id/claim_list_recycler_view>
12-06 16:20:39.090 17416 17460 W teco.fmhandroi: Accessing hidden method Lsun/misc/Unsafe;->compareAndSwapObject(Ljava/lang/Object;JLjava/lang/Object;Ljava/lang/Object;)Z (greylist, linking, allowed)
12-06 16:20:39.093 17416 17416 I ViewInteraction: Performing 'scroll RecyclerView to: holder with view: (view is an instance of android.view.ViewGroup and has descendant matching an instance of android.widget.TextView and view.getText() with or without transformation to match: is "Заголовок c4b5498e-fd64-4a51-87b4-bde31f74f853")' action on view view.getId() is <2131230916/ru.iteco.fmhandroid:id/claim_list_recycler_view>
12-06 16:20:39.097 17416 17416 D takeScreenshot: Found 1 global views to redraw
12-06 16:20:39.126  1776  1825 D gralloc_ranchu: gralloc_alloc: Creating ashmem region of size 10108928
12-06 16:20:39.234 17416 17460 W DefaultFailureHandler: Failed to take screenshot
12-06 16:20:39.234 17416 17460 W DefaultFailureHandler: java.io.FileNotFoundException: view-op-error-2.png: open failed: EROFS (Read-only file system)
12-06 16:20:39.234 17416 17460 W DefaultFailureHandler: 	at libcore.io.IoBridge.open(IoBridge.java:496)
12-06 16:20:39.234 17416 17460 W DefaultFailureHandler: 	at java.io.FileOutputStream.<init>(FileOutputStream.java:235)
12-06 16:20:39.234 17416 17460 W DefaultFailureHandler: 	at java.io.FileOutputStream.<init>(FileOutputStream.java:125)
12-06 16:20:39.234 17416 17460 W DefaultFailureHandler: 	at androidx.test.platform.io.FileTestStorage.openOutputFile(FileTestStorage.java:60)
12-06 16:20:39.234 17416 17460 W DefaultFailureHandler: 	at androidx.test.core.graphics.BitmapStorage.writeToTestStorage(BitmapStorageExt.kt:49)
12-06 16:20:39.234 17416 17460 W DefaultFailureHandler: 	at androidx.test.espresso.base.DefaultFailureHandler.takeScreenshot(DefaultFailureHandler.java:4)
12-06 16:20:39.234 17416 17460 W DefaultFailureHandler: 	at androidx.test.espresso.base.DefaultFailureHandler.handle(DefaultFailureHandler.java:3)
12-06 16:20:39.234 17416 17460 W DefaultFailureHandler: 	at androidx.test.espresso.ViewInteraction.waitForAndHandleInteractionResults(ViewInteraction.java:8)
12-06 16:20:39.234 17416 17460 W DefaultFailureHandler: 	at androidx.test.espresso.ViewInteraction.desugaredPerform(ViewInteraction.java:11)
12-06 16:20:39.234 17416 17460 W DefaultFailureHandler: 	at androidx.test.espresso.ViewInteraction.perform(ViewInteraction.java:8)
12-06 16:20:39.234 17416 17460 W DefaultFailureHandler: 	at ru.iteco.fmhandroid.ui.steps.ClaimsPageSteps.scrollToElementInRecyclerList(ClaimsPageSteps.java:129)
12-06 16:20:39.234 17416 17460 W DefaultFailureHandler: 	at ru.iteco.fmhandroid.ui.steps.ClaimsPageSteps.openClaimCard(ClaimsPageSteps.java:152)
12-06 16:20:39.234 17416 17460 W DefaultFailureHandler: 	at ru.iteco.fmhandroid.ui.ClaimEditTest.shouldNotChangeTheStatusOfTheClaimIfExecutorSmirnov(ClaimEditTest.java:185)
12-06 16:20:39.234 17416 17460 W DefaultFailureHandler: 	at java.lang.reflect.Method.invoke(Native Method)
12-06 16:20:39.234 17416 17460 W DefaultFailureHandler: 	at org.junit.runners.model.FrameworkMethod$1.runReflectiveCall(FrameworkMethod.java:59)
12-06 16:20:39.234 17416 17460 W DefaultFailureHandler: 	at org.junit.internal.runners.model.ReflectiveCallable.run(ReflectiveCallable.java:12)
12-06 16:20:39.234 17416 17460 W DefaultFailureHandler: 	at org.junit.runners.model.FrameworkMethod.invokeExplosively(FrameworkMethod.java:56)
12-06 16:20:39.234 17416 17460 W DefaultFailureHandler: 	at org.junit.internal.runners.statements.InvokeMethod.evaluate(InvokeMethod.java:17)
12-06 16:20:39.234 17416 17460 W DefaultFailureHandler: 	at androidx.test.internal.runner.junit4.statement.RunBefores.evaluate(RunBefores.java:80)
12-06 16:20:39.234 17416 17460 W DefaultFailureHandler: 	at io.qameta.allure.android.rules.ScreenshotRule$apply$1.evaluate(ScreenshotRule.kt:22)
12-06 16:20:39.234 17416 17460 W DefaultFailureHandler: 	at org.junit.rules.ExternalResource$1.evaluate(ExternalResource.java:54)
12-06 16:20:39.234 17416 17460 W DefaultFailureHandler: 	at io.qameta.allure.android.rules.LogcatRule$apply$1.evaluate(LogcatRule.kt:23)
12-06 16:20:39.234 17416 17460 W DefaultFailureHandler: 	at org.junit.rules.RunRules.evaluate(RunRules.java:20)
12-06 16:20:39.234 17416 17460 W DefaultFailureHandler: 	at org.junit.runners.ParentRunner$3.evaluate(ParentRunner.java:306)
12-06 16:20:39.234 17416 17460 W DefaultFailureHandler: 	at org.junit.runners.BlockJUnit4ClassRunner$1.evaluate(BlockJUnit4ClassRunner.java:100)
12-06 16:20:39.234 17416 17460 W DefaultFailureHandler: 	at org.junit.runners.ParentRunner.runLeaf(ParentRunner.java:366)
12-06 16:20:39.234 17416 17460 W DefaultFailureHandler: 	at org.junit.runners.BlockJUnit4ClassRunner.runChild(BlockJUnit4ClassRunner.java:103)
12-06 16:20:39.234 17416 17460 W DefaultFailureHandler: 	at org.junit.runners.BlockJUnit4ClassRunner.runChild(BlockJUnit4ClassRunner.java:63)
12-06 16:20:39.234 17416 17460 W DefaultFailureHandler: 	at org.junit.runners.ParentRunner$4.run(ParentRunner.java:331)
12-06 16:20:39.234 17416 17460 W DefaultFailureHandler: 	at org.junit.runners.ParentRunner$1.schedule(ParentRunner.java:79)
12-06 16:20:39.234 17416 17460 W DefaultFailureHandler: 	at org.junit.runners.ParentRunner.runChildren(ParentRunner.java:329)
12-06 16:20:39.234 17416 17460 W DefaultFailureHandler: 	at org.junit.runners.ParentRunner.access$100(ParentRunner.java:66)
12-06 16:20:39.234 17416 17460 W DefaultFailureHandler: 	at org.junit.runners.ParentRunner$2.evaluate(ParentRunner.java:293)
12-06 16:20:39.234 17416 17460 W DefaultFailureHandler: 	at org.junit.runners.ParentRunner$3.evaluate(ParentRunner.java:306)
12-06 16:20:39.234 17416 17460 W DefaultFailureHandler: 	at org.junit.runners.ParentRunner.run(ParentRunner.java:413)
12-06 16:20:39.234 17416 17460 W DefaultFailureHandler: 	at androidx.test.ext.junit.runners.AndroidJUnit4.run(AndroidJUnit4.java:162)
12-06 16:20:39.234 17416 17460 W DefaultFailureHandler: 	at io.qameta.allure.android.runners.AllureAndroidJUnit4.run(AllureAndroidJUnitRunners.kt:29)
12-06 16:20:39.234 17416 17460 W DefaultFailureHandler: 	at org.junit.runners.Suite.runChild(Suite.java:128)
12-06 16:20:39.234 17416 17460 W DefaultFailureHandler: 	at org.junit.runners.Suite.runChild(Suite.java:27)
12-06 16:20:39.234 17416 17460 W DefaultFailureHandler: 	at org.junit.runners.ParentRunner$4.run(ParentRunner.java:331)
12-06 16:20:39.234 17416 17460 W DefaultFailureHandler: 	at org.junit.runners.ParentRunner$1.schedule(ParentRunner.java:79)
12-06 16:20:39.234 17416 17460 W DefaultFailureHandler: 	at org.junit.runners.ParentRunner.runChildren(ParentRunner.java:329)
12-06 16:20:39.234 17416 17460 W DefaultFailureHandler: 	at org.junit.runners.ParentRunner.access$100(ParentRunner.java:66)
12-06 16:20:39.234 17416 17460 W DefaultFailureHandler: 	at org.junit.runners.ParentRunner$2.evaluate(ParentRunner.java:293)
12-06 16:20:39.234 17416 17460 W DefaultFailureHandler: 	at org.junit.runners.ParentRunner$3.evaluate(ParentRunner.java:306)
12-06 16:20:39.234 17416 17460 W DefaultFailureHandler: 	at org.junit.runners.ParentRunner.run(ParentRunner.java:413)
12-06 16:20:39.234 17416 17460 W DefaultFailureHandler: 	at org.junit.runner.JUnitCore.run(JUnitCore.java:137)
12-06 16:20:39.234 17416 17460 W DefaultFailureHandler: 	at org.junit.runner.JUnitCore.run(JUnitCore.java:115)
12-06 16:20:39.234 17416 17460 W DefaultFailureHandler: 	at androidx.test.internal.runner.TestExecutor.execute(TestExecutor.java:67)
12-06 16:20:39.234 17416 17460 W DefaultFailureHandler: 	at androidx.test.internal.runner.TestExecutor.execute(TestExecutor.java:58)
12-06 16:20:39.234 17416 17460 W DefaultFailureHandler: 	at androidx.test.runner.AndroidJUnitRunner.onStart(AndroidJUnitRunner.java:438)
12-06 16:20:39.237 17416 17460 W DefaultFailureHandler: 	at android.app.Instrumentation$InstrumentationThread.run(Instrumentation.java:2189)
12-06 16:20:39.237 17416 17460 W DefaultFailureHandler: Caused by: android.system.ErrnoException: open failed: EROFS (Read-only file system)
12-06 16:20:39.237 17416 17460 W DefaultFailureHandler: 	at libcore.io.Linux.open(Native Method)
12-06 16:20:39.237 17416 17460 W DefaultFailureHandler: 	at libcore.io.ForwardingOs.open(ForwardingOs.java:167)
12-06 16:20:39.237 17416 17460 W DefaultFailureHandler: 	at libcore.io.BlockGuardOs.open(BlockGuardOs.java:252)
12-06 16:20:39.237 17416 17460 W DefaultFailureHandler: 	at libcore.io.ForwardingOs.open(ForwardingOs.java:167)
12-06 16:20:39.237 17416 17460 W DefaultFailureHandler: 	at android.app.ActivityThread$AndroidOs.open(ActivityThread.java:7255)
12-06 16:20:39.237 17416 17460 W DefaultFailureHandler: 	at libcore.io.IoBridge.open(IoBridge.java:482)
12-06 16:20:39.237 17416 17460 W DefaultFailureHandler: 	... 51 more
12-06 16:20:39.247  1776  1825 D gralloc_ranchu: gralloc_alloc: Creating ashmem region of size 10108928
12-06 16:20:39.440  2018  8097 I ActivityTaskManager: START u0 {act=android.intent.action.MAIN cat=[android.intent.category.LAUNCHER] flg=0x10000000 cmp=ru.iteco.fmhandroid.test/androidx.test.core.app.InstrumentationActivityInvoker$EmptyActivity} from uid 10146
12-06 16:20:39.448 17416 17416 D LifecycleMonitor: Lifecycle status change: ru.iteco.fmhandroid.ui.AppActivity@4d99d8f in: PAUSED
12-06 16:20:39.448 17416 17416 V ActivityScenario: Update currentActivityStage to PAUSED, currentActivity=ru.iteco.fmhandroid.ui.AppActivity@4d99d8f
12-06 16:20:39.449  2018  3039 W InputReader: Device has associated, but no associated display id.
12-06 16:20:39.451  2018  3039 I chatty  : uid=1000(system) Binder:2018_D identical 38 lines
12-06 16:20:39.451  2018  3039 W InputReader: Device has associated, but no associated display id.
12-06 16:20:39.451 17471 17471 W ActivityThread: handleWindowVisibility: no activity for token android.os.BinderProxy@8831977
12-06 16:20:39.453  2018  3039 W InputReader: Device has associated, but no associated display id.
12-06 16:20:39.453  2018  3039 I chatty  : uid=1000(system) Binder:2018_D identical 8 lines
12-06 16:20:39.454  2018  3039 W InputReader: Device has associated, but no associated display id.
12-06 16:20:39.464 17416 17454 V FA      : Recording user engagement, ms: 18627
12-06 16:20:39.485  2018  3039 I ActivityTaskManager: START u0 {act=android.intent.action.MAIN cat=[android.intent.category.LAUNCHER] flg=0x10000000 cmp=ru.iteco.fmhandroid.test/androidx.test.core.app.InstrumentationActivityInvoker$EmptyActivity} from uid 10146
12-06 16:20:39.514 17471 17503 D HostConnection: HostConnection::get() New Host Connection established 0xda28eeb0, tid 17503
12-06 16:20:39.516 17471 17503 D HostConnection: HostComposition ext ANDROID_EMU_CHECKSUM_HELPER_v1 ANDROID_EMU_dma_v1 ANDROID_EMU_direct_mem ANDROID_EMU_host_composition_v1 ANDROID_EMU_host_composition_v2 ANDROID_EMU_vulkan ANDROID_EMU_deferred_vulkan_commands ANDROID_EMU_vulkan_null_optional_strings ANDROID_EMU_vulkan_create_resources_with_requirements ANDROID_EMU_YUV_Cache ANDROID_EMU_vulkan_ignored_handles ANDROID_EMU_vulkan_free_memory_sync ANDROID_EMU_vulkan_shader_float16_int8 ANDROID_EMU_vulkan_async_queue_submit ANDROID_EMU_sync_buffer_data GL_OES_vertex_array_object GL_KHR_texture_compression_astc_ldr ANDROID_EMU_host_side_tracing ANDROID_EMU_gles_max_version_2 
12-06 16:20:39.521 17471 17503 W OpenGLRenderer: Failed to choose config with EGL_SWAP_BEHAVIOR_PRESERVED, retrying without...
12-06 16:20:39.574 17471 17503 D EGL_emulation: eglCreateContext: 0xe597fca0: maj 2 min 0 rcv 2
12-06 16:20:39.579 17471 17503 D EGL_emulation: eglMakeCurrent: 0xe597fca0: ver 2 0 (tinfo 0xf0c89520)
12-06 16:20:39.583 17416 17454 V FA      : Connecting to remote service
12-06 16:20:39.591  1776  1825 D gralloc_ranchu: gralloc_alloc: Creating ashmem region of size 10108928
12-06 16:20:39.592 17416 17454 V FA      : Connection attempt already in progress
12-06 16:20:39.592 17416 17454 V FA      : Activity paused, time: 18459763
12-06 16:20:39.595  1648  1648 I hwservicemanager: getTransport: Cannot find entry android.hardware.graphics.mapper@3.0::IMapper/default in either framework or device manifest.
12-06 16:20:39.596 17471 17503 W Gralloc3: mapper 3.x is not supported
12-06 16:20:39.596 17416 17454 D FA      : Connected to remote service
12-06 16:20:39.597 17416 17454 V FA      : Processing queued up service tasks: 2
12-06 16:20:39.597 17471 17503 D HostConnection: createUnique: call
12-06 16:20:39.598 17471 17503 D HostConnection: HostConnection::get() New Host Connection established 0xda2906c0, tid 17503
12-06 16:20:39.600 17471 17503 D HostConnection: HostComposition ext ANDROID_EMU_CHECKSUM_HELPER_v1 ANDROID_EMU_dma_v1 ANDROID_EMU_direct_mem ANDROID_EMU_host_composition_v1 ANDROID_EMU_host_composition_v2 ANDROID_EMU_vulkan ANDROID_EMU_deferred_vulkan_commands ANDROID_EMU_vulkan_null_optional_strings ANDROID_EMU_vulkan_create_resources_with_requirements ANDROID_EMU_YUV_Cache ANDROID_EMU_vulkan_ignored_handles ANDROID_EMU_vulkan_free_memory_sync ANDROID_EMU_vulkan_shader_float16_int8 ANDROID_EMU_vulkan_async_queue_submit ANDROID_EMU_sync_buffer_data GL_OES_vertex_array_object GL_KHR_texture_compression_astc_ldr ANDROID_EMU_host_side_tracing ANDROID_EMU_gles_max_version_2 
12-06 16:20:39.601 17471 17503 D eglCodecCommon: allocate: Ask for block of size 0x1000
12-06 16:20:39.601 17471 17503 D eglCodecCommon: allocate: ioctl allocate returned offset 0x3ff647000 size 0x2000
12-06 16:20:39.603  1776  1825 D gralloc_ranchu: gralloc_alloc: Creating ashmem region of size 10108928
12-06 16:20:39.605  1776  1825 D gralloc_ranchu: gralloc_alloc: Creating ashmem region of size 10108928
12-06 16:20:39.608 17471 17503 D EGL_emulation: eglMakeCurrent: 0xe597fca0: ver 2 0 (tinfo 0xf0c89520)
12-06 16:20:39.626  2873 17463 V FA-SVC  : Logging event: origin=auto,name=user_engagement(_e),params=Bundle[{ga_event_origin(_o)=auto, engagement_time_msec(_et)=18627, ga_screen_class(_sc)=AppActivity, ga_screen_id(_si)=-6377810324021221868}]
12-06 16:20:39.643  2873 17463 V FA-SVC  : Upload scheduled in approximately ms: 1662742
12-06 16:20:39.644  2873 17463 V FA-SVC  : Unscheduling upload
12-06 16:20:39.649  2873 17463 V FA-SVC  : Scheduling upload, millis: 1662742
12-06 16:20:39.654  2873 17463 V FA-SVC  : Background event processing time, ms: 28
12-06 16:20:39.672  2656 17523 E SQLiteDatabase: Error inserting flex_time=1662000 job_id=-1 period=3326000 source=16 requires_charging=0 preferred_network_type=1 target_class=com.google.android.gms.measurement.PackageMeasurementTaskService user_id=0 target_package=com.google.android.gms tag=Measurement.PackageMeasurementTaskService.UPLOAD_TASK_TAG task_type=0 required_idleness_state=0 service_kind=0 source_version=202414000 persistence_level=1 preferred_charging_state=1 required_network_type=0 runtime=1670343639662 retry_strategy={"maximum_backoff_seconds":{"3600":0},"initial_backoff_seconds":{"30":0},"retry_policy":{"0":0}} last_runtime=0
12-06 16:20:39.672  2656 17523 E SQLiteDatabase: android.database.sqlite.SQLiteConstraintException: UNIQUE constraint failed: pending_ops.tag, pending_ops.target_class, pending_ops.target_package, pending_ops.user_id (code 2067 SQLITE_CONSTRAINT_UNIQUE)
12-06 16:20:39.672  2656 17523 E SQLiteDatabase: 	at android.database.sqlite.SQLiteConnection.nativeExecuteForLastInsertedRowId(Native Method)
12-06 16:20:39.672  2656 17523 E SQLiteDatabase: 	at android.database.sqlite.SQLiteConnection.executeForLastInsertedRowId(SQLiteConnection.java:879)
12-06 16:20:39.672  2656 17523 E SQLiteDatabase: 	at android.database.sqlite.SQLiteSession.executeForLastInsertedRowId(SQLiteSession.java:790)
12-06 16:20:39.672  2656 17523 E SQLiteDatabase: 	at android.database.sqlite.SQLiteStatement.executeInsert(SQLiteStatement.java:88)
12-06 16:20:39.672  2656 17523 E SQLiteDatabase: 	at android.database.sqlite.SQLiteDatabase.insertWithOnConflict(SQLiteDatabase.java:1599)
12-06 16:20:39.672  2656 17523 E SQLiteDatabase: 	at android.database.sqlite.SQLiteDatabase.insert(SQLiteDatabase.java:1468)
12-06 16:20:39.672  2656 17523 E SQLiteDatabase: 	at aqui.a(:com.google.android.gms@202414022@20.24.14 (040700-319035315):175)
12-06 16:20:39.672  2656 17523 E SQLiteDatabase: 	at aqtk.a(:com.google.android.gms@202414022@20.24.14 (040700-319035315):182)
12-06 16:20:39.672  2656 17523 E SQLiteDatabase: 	at aqtk.a(:com.google.android.gms@202414022@20.24.14 (040700-319035315):23)
12-06 16:20:39.672  2656 17523 E SQLiteDatabase: 	at aqtk.a(:com.google.android.gms@202414022@20.24.14 (040700-319035315):177)
12-06 16:20:39.672  2656 17523 E SQLiteDatabase: 	at aqpu.run(:com.google.android.gms@202414022@20.24.14 (040700-319035315):9)
12-06 16:20:39.672  2656 17523 E SQLiteDatabase: 	at soy.b(:com.google.android.gms@202414022@20.24.14 (040700-319035315):12)
12-06 16:20:39.672  2656 17523 E SQLiteDatabase: 	at soy.run(:com.google.android.gms@202414022@20.24.14 (040700-319035315):7)
12-06 16:20:39.672  2656 17523 E SQLiteDatabase: 	at java.util.concurrent.ThreadPoolExecutor.runWorker(ThreadPoolExecutor.java:1167)
12-06 16:20:39.672  2656 17523 E SQLiteDatabase: 	at java.util.concurrent.ThreadPoolExecutor$Worker.run(ThreadPoolExecutor.java:641)
12-06 16:20:39.672  2656 17523 E SQLiteDatabase: 	at sux.run(:com.google.android.gms@202414022@20.24.14 (040700-319035315):0)
12-06 16:20:39.672  2656 17523 E SQLiteDatabase: 	at java.lang.Thread.run(Thread.java:919)
12-06 16:20:39.690  2018  8097 W InputReader: Device has associated, but no associated display id.
12-06 16:20:39.695  2018  8097 I chatty  : uid=1000(system) Binder:2018_1B identical 48 lines
12-06 16:20:39.695  2018  8097 W InputReader: Device has associated, but no associated display id.
12-06 16:20:39.699 17471 17471 W ActivityThread: handleWindowVisibility: no activity for token android.os.BinderProxy@19f414
12-06 16:20:39.717  2018  8097 W ActivityTaskManager: Duplicate finish request for ActivityRecord{3e4eff0 u0 ru.iteco.fmhandroid/.ui.AppActivity t124 f}
12-06 16:20:39.737  1776  1825 D gralloc_ranchu: gralloc_alloc: Creating ashmem region of size 10108928
12-06 16:20:39.743  1776  1825 I chatty  : uid=1000(system) HwBinder:1776_1 identical 1 line
12-06 16:20:39.745  1776  1825 D gralloc_ranchu: gralloc_alloc: Creating ashmem region of size 10108928
12-06 16:20:39.749 17471 17503 D EGL_emulation: eglMakeCurrent: 0xe597fca0: ver 2 0 (tinfo 0xf0c89520)
12-06 16:20:39.780  2018  2054 W InputReader: Device has associated, but no associated display id.
12-06 16:20:39.781  2018  2054 I chatty  : uid=1000(system) android.anim identical 18 lines
12-06 16:20:39.781  2018  2054 W InputReader: Device has associated, but no associated display id.
12-06 16:20:39.786  2018  2058 I ActivityTaskManager: Displayed ru.iteco.fmhandroid.test/androidx.test.core.app.InstrumentationActivityInvoker$EmptyActivity: +249ms
12-06 16:20:39.788 17416 17506 D EGL_emulation: eglMakeCurrent: 0xf0c7f6a0: ver 2 0 (tinfo 0xf0c89830)
12-06 16:20:39.791  2018  2693 W InputReader: Device has associated, but no associated display id.
12-06 16:20:39.816  2018  2693 I chatty  : uid=1000(system) Binder:2018_9 identical 18 lines
12-06 16:20:39.816  2018  2693 W InputReader: Device has associated, but no associated display id.
12-06 16:20:39.822 17416 17416 D AutofillManager: onActivityFinishing(): calling cancelLocked()
12-06 16:20:39.822 17416 17416 D LifecycleMonitor: Lifecycle status change: ru.iteco.fmhandroid.ui.AppActivity@4d99d8f in: STOPPED
12-06 16:20:39.822 17416 17416 V ActivityScenario: Update currentActivityStage to STOPPED, currentActivity=ru.iteco.fmhandroid.ui.AppActivity@4d99d8f
12-06 16:20:39.847  1776  1825 D gralloc_ranchu: gralloc_alloc: Creating ashmem region of size 10108928
12-06 16:20:39.857 17416 17416 W System.err: ru.iteco.fmhandroid.exceptions.UnknownException
12-06 16:20:39.863 17416 17416 W System.err: 	at ru.iteco.fmhandroid.utils.Utils.makeRequest(Utils.kt:123)
12-06 16:20:39.862  2018  2018 W ActivityManager: Unable to start service Intent { act=android.service.appprediction.AppPredictionService cmp=com.google.android.as/com.google.android.apps.miphone.aiai.app.AiAiPredictionService } U=0: not found
12-06 16:20:39.863 17416 17416 W System.err: 	at ru.iteco.fmhandroid.utils.Utils$makeRequest$1.invokeSuspend(Unknown Source:15)
12-06 16:20:39.863  2018  2018 W RemoteAppPredictionService: could not bind to Intent { act=android.service.appprediction.AppPredictionService cmp=com.google.android.as/com.google.android.apps.miphone.aiai.app.AiAiPredictionService } using flags 67108865
12-06 16:20:39.863 17416 17416 W System.err: 	at kotlin.coroutines.jvm.internal.BaseContinuationImpl.resumeWith(ContinuationImpl.kt:33)
12-06 16:20:39.863 17416 17416 W System.err: 	at kotlinx.coroutines.DispatchedTaskKt.resume(DispatchedTask.kt:234)
12-06 16:20:39.863 17416 17416 W System.err: 	at kotlinx.coroutines.DispatchedTaskKt.resumeUnconfined(DispatchedTask.kt:190)
12-06 16:20:39.863 17416 17416 W System.err: 	at kotlinx.coroutines.DispatchedTaskKt.dispatch(DispatchedTask.kt:161)
12-06 16:20:39.863 17416 17416 W System.err: 	at kotlinx.coroutines.CancellableContinuationImpl.dispatchResume(CancellableContinuationImpl.kt:397)
12-06 16:20:39.863 17416 17416 W System.err: 	at kotlinx.coroutines.CancellableContinuationImpl.cancel(CancellableContinuationImpl.kt:183)
12-06 16:20:39.863 17416 17416 W System.err: 	at kotlinx.coroutines.CancellableContinuationImpl.parentCancelled$kotlinx_coroutines_core(CancellableContinuationImpl.kt:190)
12-06 16:20:39.863 17416 17416 W System.err: 	at kotlinx.coroutines.ChildContinuation.invoke(JobSupport.kt:1474)
12-06 16:20:39.863 17416 17416 W System.err: 	at kotlinx.coroutines.JobSupport.notifyCancelling(JobSupport.kt:1499)
12-06 16:20:39.863 17416 17416 W System.err: 	at kotlinx.coroutines.JobSupport.tryMakeCancelling(JobSupport.kt:795)
12-06 16:20:39.863 17416 17416 W System.err: 	at kotlinx.coroutines.JobSupport.makeCancelling(JobSupport.kt:755)
12-06 16:20:39.863 17416 17416 W System.err: 	at kotlinx.coroutines.JobSupport.cancelImpl$kotlinx_coroutines_core(JobSupport.kt:671)
12-06 16:20:39.863 17416 17416 W System.err: 	at kotlinx.coroutines.JobSupport.parentCancelled(JobSupport.kt:637)
12-06 16:20:39.863 17416 17416 W System.err: 	at kotlinx.coroutines.ChildHandleNode.invoke(JobSupport.kt:1465)
12-06 16:20:39.863 17416 17416 W System.err: 	at kotlinx.coroutines.JobSupport.notifyCancelling(JobSupport.kt:1499)
12-06 16:20:39.863 17416 17416 W System.err: 	at kotlinx.coroutines.JobSupport.tryMakeCompletingSlowPath(JobSupport.kt:900)
12-06 16:20:39.864 17416 17416 W System.err: 	at kotlinx.coroutines.JobSupport.tryMakeCompleting(JobSupport.kt:863)
12-06 16:20:39.864 17416 17416 W System.err: 	at kotlinx.coroutines.JobSupport.cancelMakeCompleting(JobSupport.kt:696)
12-06 16:20:39.864 17416 17416 W System.err: 	at kotlinx.coroutines.JobSupport.cancelImpl$kotlinx_coroutines_core(JobSupport.kt:667)
12-06 16:20:39.864 17416 17416 W System.err: 	at kotlinx.coroutines.JobSupport.cancelInternal(JobSupport.kt:632)
12-06 16:20:39.864 17416 17416 W System.err: 	at kotlinx.coroutines.JobSupport.cancel(JobSupport.kt:617)
12-06 16:20:39.864 17416 17416 W System.err: 	at kotlinx.coroutines.JobKt__JobKt.cancel(Job.kt:561)
12-06 16:20:39.864 17416 17416 W System.err: 	at kotlinx.coroutines.JobKt.cancel(Unknown Source:1)
12-06 16:20:39.864 17416 17416 W System.err: 	at kotlinx.coroutines.JobKt__JobKt.cancel$default(Job.kt:560)
12-06 16:20:39.864 17416 17416 W System.err: 	at kotlinx.coroutines.JobKt.cancel$default(Unknown Source:1)
12-06 16:20:39.864 17416 17416 W System.err: 	at androidx.lifecycle.CloseableCoroutineScope.close(ViewModel.kt:51)
12-06 16:20:39.864 17416 17416 W System.err: 	at androidx.lifecycle.ViewModel.closeWithRuntimeException(ViewModel.java:188)
12-06 16:20:39.864 17416 17416 W System.err: 	at androidx.lifecycle.ViewModel.clear(ViewModel.java:134)
12-06 16:20:39.865 17416 17416 W System.err: 	at androidx.lifecycle.ViewModelStore.clear(ViewModelStore.java:62)
12-06 16:20:39.869  1776  1825 D gralloc_ranchu: gralloc_alloc: Creating ashmem region of size 10108928
12-06 16:20:39.871 17416 17416 W System.err: 	at androidx.fragment.app.FragmentManagerViewModel.clearNonConfigStateInternal(FragmentManagerViewModel.java:210)
12-06 16:20:39.871 17416 17416 W System.err: 	at androidx.fragment.app.FragmentManagerViewModel.clearNonConfigState(FragmentManagerViewModel.java:190)
12-06 16:20:39.871 17416 17416 W System.err: 	at androidx.fragment.app.FragmentStateManager.destroy(FragmentStateManager.java:778)
12-06 16:20:39.872 17416 17416 W System.err: 	at androidx.fragment.app.FragmentStateManager.moveToExpectedState(FragmentStateManager.java:335)
12-06 16:20:39.873 17416 17416 W System.err: 	at androidx.fragment.app.FragmentStore.moveToExpectedState(FragmentStore.java:113)
12-06 16:20:39.873 17416 17416 W System.err: 	at androidx.fragment.app.FragmentManager.moveToState(FragmentManager.java:1374)
12-06 16:20:39.873 17416 17416 W System.err: 	at androidx.fragment.app.FragmentManager.dispatchStateChange(FragmentManager.java:2841)
12-06 16:20:39.873 17416 17416 W System.err: 	at androidx.fragment.app.FragmentManager.dispatchDestroy(FragmentManager.java:2820)
12-06 16:20:39.873 17416 17416 W System.err: 	at androidx.fragment.app.Fragment.performDestroy(Fragment.java:3246)
12-06 16:20:39.873 17416 17416 W System.err: 	at androidx.fragment.app.FragmentStateManager.destroy(FragmentStateManager.java:780)
12-06 16:20:39.873 17416 17416 W System.err: 	at androidx.fragment.app.FragmentStateManager.moveToExpectedState(FragmentStateManager.java:335)
12-06 16:20:39.873 17416 17416 W System.err: 	at androidx.fragment.app.SpecialEffectsController$FragmentStateManagerOperation.complete(SpecialEffectsController.java:771)
12-06 16:20:39.873 17416 17416 W System.err: 	at androidx.fragment.app.SpecialEffectsController$Operation.cancel(SpecialEffectsController.java:615)
12-06 16:20:39.874 17416 17416 W System.err: 	at androidx.fragment.app.SpecialEffectsController.forceCompleteAllOperations(SpecialEffectsController.java:350)
12-06 16:20:39.874  2962  3510 D EGL_emulation: eglMakeCurrent: 0xe597d120: ver 2 0 (tinfo 0xbffb2540)
12-06 16:20:39.874 17416 17416 W System.err: 	at androidx.fragment.app.FragmentManager.dispatchStateChange(FragmentManager.java:2844)
12-06 16:20:39.874 17416 17416 W System.err: 	at androidx.fragment.app.FragmentManager.dispatchDestroy(FragmentManager.java:2820)
12-06 16:20:39.880 17416 17416 W System.err: 	at androidx.fragment.app.FragmentController.dispatchDestroy(FragmentController.java:345)
12-06 16:20:39.880 17416 17416 W System.err: 	at androidx.fragment.app.FragmentActivity.onDestroy(FragmentActivity.java:306)
12-06 16:20:39.880 17416 17416 W System.err: 	at androidx.appcompat.app.AppCompatActivity.onDestroy(AppCompatActivity.java:278)
12-06 16:20:39.880 17416 17416 W System.err: 	at android.app.Activity.performDestroy(Activity.java:8048)
12-06 16:20:39.880 17416 17416 W System.err: 	at android.app.Instrumentation.callActivityOnDestroy(Instrumentation.java:1334)
12-06 16:20:39.881 17416 17416 W System.err: 	at androidx.test.runner.MonitoringInstrumentation.callActivityOnDestroy(MonitoringInstrumentation.java:766)
12-06 16:20:39.881 17416 17416 W System.err: 	at android.app.ActivityThread.performDestroyActivity(ActivityThread.java:4926)
12-06 16:20:39.881 17416 17416 W System.err: 	at android.app.ActivityThread.handleDestroyActivity(ActivityThread.java:4970)
12-06 16:20:39.881 17416 17416 W System.err: 	at android.app.servertransaction.DestroyActivityItem.execute(DestroyActivityItem.java:44)
12-06 16:20:39.881 17416 17416 W System.err: 	at android.app.servertransaction.TransactionExecutor.executeLifecycleState(TransactionExecutor.java:176)
12-06 16:20:39.881 17416 17416 W System.err: 	at android.app.servertransaction.TransactionExecutor.execute(TransactionExecutor.java:97)
12-06 16:20:39.881 17416 17416 W System.err: 	at android.app.ActivityThread$H.handleMessage(ActivityThread.java:2016)
12-06 16:20:39.881 17416 17416 W System.err: 	at android.os.Handler.dispatchMessage(Handler.java:107)
12-06 16:20:39.881 17416 17416 W System.err: 	at android.os.Looper.loop(Looper.java:214)
12-06 16:20:39.881 17416 17416 W System.err: 	at android.app.ActivityThread.main(ActivityThread.java:7356)
12-06 16:20:39.881 17416 17416 W System.err: 	at java.lang.reflect.Method.invoke(Native Method)
12-06 16:20:39.881 17416 17416 W System.err: 	at com.android.internal.os.RuntimeInit$MethodAndArgsCaller.run(RuntimeInit.java:492)
12-06 16:20:39.881 17416 17416 W System.err: 	at com.android.internal.os.ZygoteInit.main(ZygoteInit.java:930)
12-06 16:20:39.889  1776  1776 D gralloc_ranchu: gralloc_alloc: Creating ashmem region of size 10108928
12-06 16:20:39.894 17416 17416 W System.err: ru.iteco.fmhandroid.exceptions.UnknownException
12-06 16:20:39.894 17416 17416 W System.err: 	at ru.iteco.fmhandroid.utils.Utils.makeRequest(Utils.kt:123)
12-06 16:20:39.894 17416 17416 W System.err: 	at ru.iteco.fmhandroid.utils.Utils$makeRequest$1.invokeSuspend(Unknown Source:15)
12-06 16:20:39.894 17416 17416 W System.err: 	at kotlin.coroutines.jvm.internal.BaseContinuationImpl.resumeWith(ContinuationImpl.kt:33)
12-06 16:20:39.894 17416 17416 W System.err: 	at kotlinx.coroutines.DispatchedTaskKt.resume(DispatchedTask.kt:234)
12-06 16:20:39.894 17416 17416 W System.err: 	at kotlinx.coroutines.DispatchedTaskKt.resumeUnconfined(DispatchedTask.kt:190)
12-06 16:20:39.894 17416 17416 W System.err: 	at kotlinx.coroutines.DispatchedTaskKt.dispatch(DispatchedTask.kt:161)
12-06 16:20:39.894 17416 17416 W System.err: 	at kotlinx.coroutines.CancellableContinuationImpl.dispatchResume(CancellableContinuationImpl.kt:397)
12-06 16:20:39.894 17416 17416 W System.err: 	at kotlinx.coroutines.CancellableContinuationImpl.cancel(CancellableContinuationImpl.kt:183)
12-06 16:20:39.894 17416 17416 W System.err: 	at kotlinx.coroutines.CancellableContinuationImpl.parentCancelled$kotlinx_coroutines_core(CancellableContinuationImpl.kt:190)
12-06 16:20:39.894 17416 17416 W System.err: 	at kotlinx.coroutines.ChildContinuation.invoke(JobSupport.kt:1474)
12-06 16:20:39.894 17416 17416 W System.err: 	at kotlinx.coroutines.JobSupport.notifyCancelling(JobSupport.kt:1499)
12-06 16:20:39.894 17416 17416 W System.err: 	at kotlinx.coroutines.JobSupport.tryMakeCancelling(JobSupport.kt:795)
12-06 16:20:39.894 17416 17416 W System.err: 	at kotlinx.coroutines.JobSupport.makeCancelling(JobSupport.kt:755)
12-06 16:20:39.895 17416 17416 W System.err: 	at kotlinx.coroutines.JobSupport.cancelImpl$kotlinx_coroutines_core(JobSupport.kt:671)
12-06 16:20:39.895 17416 17416 W System.err: 	at kotlinx.coroutines.JobSupport.parentCancelled(JobSupport.kt:637)
12-06 16:20:39.895 17416 17416 W System.err: 	at kotlinx.coroutines.ChildHandleNode.invoke(JobSupport.kt:1465)
12-06 16:20:39.895 17416 17416 W System.err: 	at kotlinx.coroutines.JobSupport.notifyCancelling(JobSupport.kt:1499)
12-06 16:20:39.895 17416 17416 W System.err: 	at kotlinx.coroutines.JobSupport.tryMakeCompletingSlowPath(JobSupport.kt:900)
12-06 16:20:39.895 17416 17416 W System.err: 	at kotlinx.coroutines.JobSupport.tryMakeCompleting(JobSupport.kt:863)
12-06 16:20:39.895 17416 17416 W System.err: 	at kotlinx.coroutines.JobSupport.cancelMakeCompleting(JobSupport.kt:696)
12-06 16:20:39.895 17416 17416 W System.err: 	at kotlinx.coroutines.JobSupport.cancelImpl$kotlinx_coroutines_core(JobSupport.kt:667)
12-06 16:20:39.895 17416 17416 W System.err: 	at kotlinx.coroutines.JobSupport.cancelInternal(JobSupport.kt:632)
12-06 16:20:39.895 17416 17416 W System.err: 	at kotlinx.coroutines.JobSupport.cancel(JobSupport.kt:617)
12-06 16:20:39.895 17416 17416 W System.err: 	at kotlinx.coroutines.JobKt__JobKt.cancel(Job.kt:561)
12-06 16:20:39.895 17416 17416 W System.err: 	at kotlinx.coroutines.JobKt.cancel(Unknown Source:1)
12-06 16:20:39.895 17416 17416 W System.err: 	at kotlinx.coroutines.JobKt__JobKt.cancel$default(Job.kt:560)
12-06 16:20:39.895 17416 17416 W System.err: 	at kotlinx.coroutines.JobKt.cancel$default(Unknown Source:1)
12-06 16:20:39.895 17416 17416 W System.err: 	at androidx.lifecycle.CloseableCoroutineScope.close(ViewModel.kt:51)
12-06 16:20:39.898 17416 17416 W System.err: 	at androidx.lifecycle.ViewModel.closeWithRuntimeException(ViewModel.java:188)
12-06 16:20:39.898 17416 17416 W System.err: 	at androidx.lifecycle.ViewModel.clear(ViewModel.java:134)
12-06 16:20:39.898 17416 17416 W System.err: 	at androidx.lifecycle.ViewModelStore.clear(ViewModelStore.java:62)
12-06 16:20:39.898 17416 17416 W System.err: 	at androidx.fragment.app.FragmentManagerViewModel.clearNonConfigStateInternal(FragmentManagerViewModel.java:210)
12-06 16:20:39.899 17416 17416 W System.err: 	at androidx.fragment.app.FragmentManagerViewModel.clearNonConfigState(FragmentManagerViewModel.java:190)
12-06 16:20:39.899 17416 17416 W System.err: 	at androidx.fragment.app.FragmentStateManager.destroy(FragmentStateManager.java:778)
12-06 16:20:39.899 17416 17416 W System.err: 	at androidx.fragment.app.FragmentStateManager.moveToExpectedState(FragmentStateManager.java:335)
12-06 16:20:39.899 17416 17416 W System.err: 	at androidx.fragment.app.FragmentStore.moveToExpectedState(FragmentStore.java:113)
12-06 16:20:39.899 17416 17416 W System.err: 	at androidx.fragment.app.FragmentManager.moveToState(FragmentManager.java:1374)
12-06 16:20:39.899 17416 17416 W System.err: 	at androidx.fragment.app.FragmentManager.dispatchStateChange(FragmentManager.java:2841)
12-06 16:20:39.899 17416 17416 W System.err: 	at androidx.fragment.app.FragmentManager.dispatchDestroy(FragmentManager.java:2820)
12-06 16:20:39.899 17416 17416 W System.err: 	at androidx.fragment.app.Fragment.performDestroy(Fragment.java:3246)
12-06 16:20:39.899 17416 17416 W System.err: 	at androidx.fragment.app.FragmentStateManager.destroy(FragmentStateManager.java:780)
12-06 16:20:39.899 17416 17416 W System.err: 	at androidx.fragment.app.FragmentStateManager.moveToExpectedState(FragmentStateManager.java:335)
12-06 16:20:39.899 17416 17416 W System.err: 	at androidx.fragment.app.SpecialEffectsController$FragmentStateManagerOperation.complete(SpecialEffectsController.java:771)
12-06 16:20:39.899 17416 17416 W System.err: 	at androidx.fragment.app.SpecialEffectsController$Operation.cancel(SpecialEffectsController.java:615)
12-06 16:20:39.899 17416 17416 W System.err: 	at androidx.fragment.app.SpecialEffectsController.forceCompleteAllOperations(SpecialEffectsController.java:350)
12-06 16:20:39.899 17416 17416 W System.err: 	at androidx.fragment.app.FragmentManager.dispatchStateChange(FragmentManager.java:2844)
12-06 16:20:39.899 17416 17416 W System.err: 	at androidx.fragment.app.FragmentManager.dispatchDestroy(FragmentManager.java:2820)
12-06 16:20:39.899 17416 17416 W System.err: 	at androidx.fragment.app.FragmentController.dispatchDestroy(FragmentController.java:345)
12-06 16:20:39.899 17416 17416 W System.err: 	at androidx.fragment.app.FragmentActivity.onDestroy(FragmentActivity.java:306)
12-06 16:20:39.899 17416 17416 W System.err: 	at androidx.appcompat.app.AppCompatActivity.onDestroy(AppCompatActivity.java:278)
12-06 16:20:39.899 17416 17416 W System.err: 	at android.app.Activity.performDestroy(Activity.java:8048)
12-06 16:20:39.899 17416 17416 W System.err: 	at android.app.Instrumentation.callActivityOnDestroy(Instrumentation.java:1334)
12-06 16:20:39.899 17416 17416 W System.err: 	at androidx.test.runner.MonitoringInstrumentation.callActivityOnDestroy(MonitoringInstrumentation.java:766)
12-06 16:20:39.899 17416 17416 W System.err: 	at android.app.ActivityThread.performDestroyActivity(ActivityThread.java:4926)
12-06 16:20:39.899 17416 17416 W System.err: 	at android.app.ActivityThread.handleDestroyActivity(ActivityThread.java:4970)
12-06 16:20:39.899 17416 17416 W System.err: 	at android.app.servertransaction.DestroyActivityItem.execute(DestroyActivityItem.java:44)
12-06 16:20:39.899 17416 17416 W System.err: 	at android.app.servertransaction.TransactionExecutor.executeLifecycleState(TransactionExecutor.java:176)
12-06 16:20:39.899 17416 17416 W System.err: 	at android.app.servertransaction.TransactionExecutor.execute(TransactionExecutor.java:97)
12-06 16:20:39.899 17416 17416 W System.err: 	at android.app.ActivityThread$H.handleMessage(ActivityThread.java:2016)
12-06 16:20:39.899 17416 17416 W System.err: 	at android.os.Handler.dispatchMessage(Handler.java:107)
12-06 16:20:39.899 17416 17416 W System.err: 	at android.os.Looper.loop(Looper.java:214)
12-06 16:20:39.899 17416 17416 W System.err: 	at android.app.ActivityThread.main(ActivityThread.java:7356)
12-06 16:20:39.900 17416 17416 W System.err: 	at java.lang.reflect.Method.invoke(Native Method)
12-06 16:20:39.902  1776  1825 D gralloc_ranchu: gralloc_alloc: Creating ashmem region of size 10108928
12-06 16:20:39.903 17416 17416 W System.err: 	at com.android.internal.os.RuntimeInit$MethodAndArgsCaller.run(RuntimeInit.java:492)
12-06 16:20:39.903 17416 17416 W System.err: 	at com.android.internal.os.ZygoteInit.main(ZygoteInit.java:930)
12-06 16:20:39.914  1776  1776 D gralloc_ranchu: gralloc_alloc: Creating ashmem region of size 10108928
12-06 16:20:39.919 12448 12488 D EGL_emulation: eglMakeCurrent: 0xe594d140: ver 2 0 (tinfo 0xc539bd10)
12-06 16:20:39.919  1776  1776 D gralloc_ranchu: gralloc_alloc: Creating ashmem region of size 10108928
12-06 16:20:39.929  2962  2962 W ThreadPoolDumper: Queue length for executor EventBus is now 11. Perhaps some tasks are too long, or the pool is too small.
12-06 16:20:39.935 17416 17416 W System.err: ru.iteco.fmhandroid.exceptions.UnknownException
12-06 16:20:39.935 17416 17416 W System.err: 	at ru.iteco.fmhandroid.utils.Utils.makeRequest(Utils.kt:123)
12-06 16:20:39.935 17416 17416 W System.err: 	at ru.iteco.fmhandroid.utils.Utils$makeRequest$1.invokeSuspend(Unknown Source:15)
12-06 16:20:39.935 17416 17416 W System.err: 	at kotlin.coroutines.jvm.internal.BaseContinuationImpl.resumeWith(ContinuationImpl.kt:33)
12-06 16:20:39.936 17416 17416 W System.err: 	at kotlinx.coroutines.DispatchedTaskKt.resume(DispatchedTask.kt:234)
12-06 16:20:39.936 17416 17416 W System.err: 	at kotlinx.coroutines.DispatchedTaskKt.resumeUnconfined(DispatchedTask.kt:190)
12-06 16:20:39.936 17416 17416 W System.err: 	at kotlinx.coroutines.DispatchedTaskKt.dispatch(DispatchedTask.kt:161)
12-06 16:20:39.936 17416 17416 W System.err: 	at kotlinx.coroutines.CancellableContinuationImpl.dispatchResume(CancellableContinuationImpl.kt:397)
12-06 16:20:39.936 17416 17416 W System.err: 	at kotlinx.coroutines.CancellableContinuationImpl.cancel(CancellableContinuationImpl.kt:183)
12-06 16:20:39.936 17416 17416 W System.err: 	at kotlinx.coroutines.CancellableContinuationImpl.parentCancelled$kotlinx_coroutines_core(CancellableContinuationImpl.kt:190)
12-06 16:20:39.936 17416 17416 W System.err: 	at kotlinx.coroutines.ChildContinuation.invoke(JobSupport.kt:1474)
12-06 16:20:39.936 17416 17416 W System.err: 	at kotlinx.coroutines.JobSupport.notifyCancelling(JobSupport.kt:1499)
12-06 16:20:39.936 17416 17416 W System.err: 	at kotlinx.coroutines.JobSupport.tryMakeCancelling(JobSupport.kt:795)
12-06 16:20:39.936 17416 17416 W System.err: 	at kotlinx.coroutines.JobSupport.makeCancelling(JobSupport.kt:755)
12-06 16:20:39.940  2962  3348 W SessionLifecycleManager: Handover failed. Creating new session controller.
12-06 16:20:39.940 17416 17416 W System.err: 	at kotlinx.coroutines.JobSupport.cancelImpl$kotlinx_coroutines_core(JobSupport.kt:671)
12-06 16:20:39.940 17416 17416 W System.err: 	at kotlinx.coroutines.JobSupport.parentCancelled(JobSupport.kt:637)
12-06 16:20:39.940 17416 17416 W System.err: 	at kotlinx.coroutines.ChildHandleNode.invoke(JobSupport.kt:1465)
12-06 16:20:39.940 17416 17416 W System.err: 	at kotlinx.coroutines.JobSupport.notifyCancelling(JobSupport.kt:1499)
12-06 16:20:39.940 17416 17416 W System.err: 	at kotlinx.coroutines.JobSupport.tryMakeCompletingSlowPath(JobSupport.kt:900)
12-06 16:20:39.940 17416 17416 W System.err: 	at kotlinx.coroutines.JobSupport.tryMakeCompleting(JobSupport.kt:863)
12-06 16:20:39.940 17416 17416 W System.err: 	at kotlinx.coroutines.JobSupport.cancelMakeCompleting(JobSupport.kt:696)
12-06 16:20:39.940 17416 17416 W System.err: 	at kotlinx.coroutines.JobSupport.cancelImpl$kotlinx_coroutines_core(JobSupport.kt:667)
12-06 16:20:39.940 17416 17416 W System.err: 	at kotlinx.coroutines.JobSupport.cancelInternal(JobSupport.kt:632)
12-06 16:20:39.940 17416 17416 W System.err: 	at kotlinx.coroutines.JobSupport.cancel(JobSupport.kt:617)
12-06 16:20:39.940 17416 17416 W System.err: 	at kotlinx.coroutines.JobKt__JobKt.cancel(Job.kt:561)
12-06 16:20:39.940 17416 17416 W System.err: 	at kotlinx.coroutines.JobKt.cancel(Unknown Source:1)
12-06 16:20:39.940 17416 17416 W System.err: 	at kotlinx.coroutines.JobKt__JobKt.cancel$default(Job.kt:560)
12-06 16:20:39.940 17416 17416 W System.err: 	at kotlinx.coroutines.JobKt.cancel$default(Unknown Source:1)
12-06 16:20:39.940 17416 17416 W System.err: 	at androidx.lifecycle.CloseableCoroutineScope.close(ViewModel.kt:51)
12-06 16:20:39.940 17416 17416 W System.err: 	at androidx.lifecycle.ViewModel.closeWithRuntimeException(ViewModel.java:188)
12-06 16:20:39.940 17416 17416 W System.err: 	at androidx.lifecycle.ViewModel.clear(ViewModel.java:134)
12-06 16:20:39.940 17416 17416 W System.err: 	at androidx.lifecycle.ViewModelStore.clear(ViewModelStore.java:62)
12-06 16:20:39.940 17416 17416 W System.err: 	at androidx.fragment.app.FragmentManagerViewModel.clearNonConfigStateInternal(FragmentManagerViewModel.java:210)
12-06 16:20:39.940 17416 17416 W System.err: 	at androidx.fragment.app.FragmentManagerViewModel.clearNonConfigState(FragmentManagerViewModel.java:190)
12-06 16:20:39.940 17416 17416 W System.err: 	at androidx.fragment.app.FragmentStateManager.destroy(FragmentStateManager.java:778)
12-06 16:20:39.942 17416 17416 W System.err: 	at androidx.fragment.app.FragmentStateManager.moveToExpectedState(FragmentStateManager.java:335)
12-06 16:20:39.942 17416 17416 W System.err: 	at androidx.fragment.app.FragmentStore.moveToExpectedState(FragmentStore.java:113)
12-06 16:20:39.942 17416 17416 W System.err: 	at androidx.fragment.app.FragmentManager.moveToState(FragmentManager.java:1374)
12-06 16:20:39.942 17416 17416 W System.err: 	at androidx.fragment.app.FragmentManager.dispatchStateChange(FragmentManager.java:2841)
12-06 16:20:39.962 17416 17416 W System.err: 	at androidx.fragment.app.FragmentManager.dispatchDestroy(FragmentManager.java:2820)
12-06 16:20:39.963 17416 17416 W System.err: 	at androidx.fragment.app.Fragment.performDestroy(Fragment.java:3246)
12-06 16:20:39.964 17416 17416 W System.err: 	at androidx.fragment.app.FragmentStateManager.destroy(FragmentStateManager.java:780)
12-06 16:20:39.964 17416 17416 W System.err: 	at androidx.fragment.app.FragmentStateManager.moveToExpectedState(FragmentStateManager.java:335)
12-06 16:20:39.964 17416 17416 W System.err: 	at androidx.fragment.app.SpecialEffectsController$FragmentStateManagerOperation.complete(SpecialEffectsController.java:771)
12-06 16:20:39.964 17416 17416 W System.err: 	at androidx.fragment.app.SpecialEffectsController$Operation.cancel(SpecialEffectsController.java:615)
12-06 16:20:39.964 17416 17416 W System.err: 	at androidx.fragment.app.SpecialEffectsController.forceCompleteAllOperations(SpecialEffectsController.java:350)
12-06 16:20:39.964 17416 17416 W System.err: 	at androidx.fragment.app.FragmentManager.dispatchStateChange(FragmentManager.java:2844)
12-06 16:20:39.965 17416 17416 W System.err: 	at androidx.fragment.app.FragmentManager.dispatchDestroy(FragmentManager.java:2820)
12-06 16:20:39.965 17416 17416 W System.err: 	at androidx.fragment.app.FragmentController.dispatchDestroy(FragmentController.java:345)
12-06 16:20:39.965 17416 17416 W System.err: 	at androidx.fragment.app.FragmentActivity.onDestroy(FragmentActivity.java:306)
12-06 16:20:39.965 17416 17416 W System.err: 	at androidx.appcompat.app.AppCompatActivity.onDestroy(AppCompatActivity.java:278)
12-06 16:20:39.965 17416 17416 W System.err: 	at android.app.Activity.performDestroy(Activity.java:8048)
12-06 16:20:39.965 17416 17416 W System.err: 	at android.app.Instrumentation.callActivityOnDestroy(Instrumentation.java:1334)
12-06 16:20:39.965 17416 17416 W System.err: 	at androidx.test.runner.MonitoringInstrumentation.callActivityOnDestroy(MonitoringInstrumentation.java:766)
12-06 16:20:39.965 17416 17416 W System.err: 	at android.app.ActivityThread.performDestroyActivity(ActivityThread.java:4926)
12-06 16:20:39.965 17416 17416 W System.err: 	at android.app.ActivityThread.handleDestroyActivity(ActivityThread.java:4970)
12-06 16:20:39.965 17416 17416 W System.err: 	at android.app.servertransaction.DestroyActivityItem.execute(DestroyActivityItem.java:44)
12-06 16:20:39.966 17416 17416 W System.err: 	at android.app.servertransaction.TransactionExecutor.executeLifecycleState(TransactionExecutor.java:176)
12-06 16:20:39.966 17416 17416 W System.err: 	at android.app.servertransaction.TransactionExecutor.execute(TransactionExecutor.java:97)
12-06 16:20:39.966 17416 17416 W System.err: 	at android.app.ActivityThread$H.handleMessage(ActivityThread.java:2016)
12-06 16:20:39.966 17416 17416 W System.err: 	at android.os.Handler.dispatchMessage(Handler.java:107)
12-06 16:20:39.966 17416 17416 W System.err: 	at android.os.Looper.loop(Looper.java:214)
12-06 16:20:39.966 17416 17416 W System.err: 	at android.app.ActivityThread.main(ActivityThread.java:7356)
12-06 16:20:39.966 17416 17416 W System.err: 	at java.lang.reflect.Method.invoke(Native Method)
12-06 16:20:39.966 17416 17416 W System.err: 	at com.android.internal.os.RuntimeInit$MethodAndArgsCaller.run(RuntimeInit.java:492)
12-06 16:20:39.966 17416 17416 W System.err: 	at com.android.internal.os.ZygoteInit.main(ZygoteInit.java:930)
12-06 16:20:39.972  2018  2054 W InputReader: Device has associated, but no associated display id.
12-06 16:20:39.973  2018  2054 I chatty  : uid=1000(system) android.anim identical 8 lines
12-06 16:20:39.973  2018  2054 W InputReader: Device has associated, but no associated display id.
