12-06 16:20:32.368 17416 17460 W teco.fmhandroi: Accessing hidden method Lsun/misc/Unsafe;->compareAndSwapObject(Ljava/lang/Object;JLjava/lang/Object;Ljava/lang/Object;)Z (greylist, linking, allowed)
12-06 16:20:32.370 17416 17416 I ViewInteraction: Performing 'wait for a specific view with <(an instance of android.widget.TextView and view.getHint() matching: is "Login" and view.getParent() view.getParent() view.getId() is <2131231121>)> during 10000 millis.' action on view view.getRootView() to equal view
12-06 16:20:32.373 17416 17460 W teco.fmhandroi: Accessing hidden method Lsun/misc/Unsafe;->compareAndSwapObject(Ljava/lang/Object;JLjava/lang/Object;Ljava/lang/Object;)Z (greylist, linking, allowed)
12-06 16:20:32.373 17416 17530 W teco.fmhandroi: Accessing hidden method Lsun/misc/Unsafe;->compareAndSwapObject(Ljava/lang/Object;JLjava/lang/Object;Ljava/lang/Object;)Z (greylist, linking, allowed)
12-06 16:20:32.375 17416 17416 I ViewInteraction: Checking 'MatchesViewAssertion{viewMatcher=(view has effective visibility <VISIBLE> and view.getGlobalVisibleRect() to return non-empty rectangle)}' assertion on view (an instance of android.widget.TextView and view.getHint() matching: is "Login" and view.getParent() view.getParent() view.getId() is <2131231121/ru.iteco.fmhandroid:id/login_text_input_layout>)
12-06 16:20:32.376 17416 17460 W teco.fmhandroi: Accessing hidden method Lsun/misc/Unsafe;->compareAndSwapObject(Ljava/lang/Object;JLjava/lang/Object;Ljava/lang/Object;)Z (greylist, linking, allowed)
12-06 16:20:32.379 17416 17416 I ViewInteraction: Performing 'wait for a specific view with <(an instance of android.widget.TextView and view.getHint() matching: is "Password" and view.getParent() view.getParent() view.getId() is <2131231264>)> during 10000 millis.' action on view view.getRootView() to equal view
12-06 16:20:32.381 17416 17460 W teco.fmhandroi: Accessing hidden method Lsun/misc/Unsafe;->compareAndSwapObject(Ljava/lang/Object;JLjava/lang/Object;Ljava/lang/Object;)Z (greylist, linking, allowed)
12-06 16:20:32.381 17416 17530 W teco.fmhandroi: Accessing hidden method Lsun/misc/Unsafe;->compareAndSwapObject(Ljava/lang/Object;JLjava/lang/Object;Ljava/lang/Object;)Z (greylist, linking, allowed)
12-06 16:20:32.383 17416 17416 I ViewInteraction: Checking 'MatchesViewAssertion{viewMatcher=(view has effective visibility <VISIBLE> and view.getGlobalVisibleRect() to return non-empty rectangle)}' assertion on view (an instance of android.widget.TextView and view.getHint() matching: is "Password" and view.getParent() view.getParent() view.getId() is <2131231264/ru.iteco.fmhandroid:id/password_text_input_layout>)
12-06 16:20:32.385 17416 17530 W teco.fmhandroi: Accessing hidden method Lsun/misc/Unsafe;->compareAndSwapObject(Ljava/lang/Object;JLjava/lang/Object;Ljava/lang/Object;)Z (greylist, linking, allowed)
12-06 16:20:32.385 17416 17460 W teco.fmhandroi: Accessing hidden method Lsun/misc/Unsafe;->compareAndSwapObject(Ljava/lang/Object;JLjava/lang/Object;Ljava/lang/Object;)Z (greylist, linking, allowed)
12-06 16:20:32.386 17416 17460 W teco.fmhandroi: Accessing hidden method Lsun/misc/Unsafe;->getObject(Ljava/lang/Object;J)Ljava/lang/Object; (greylist, linking, allowed)
12-06 16:20:32.387 17416 17416 I ViewInteraction: Performing 'wait for a specific view with <(view.getId() is <2131231039> and an instance of android.widget.TextView and view.getText() with or without transformation to match: is "SIGN IN" and view.getContentDescription() is "Save" and view.getParent() view.getParent() an instance of android.widget.RelativeLayout)> during 10000 millis.' action on view view.getRootView() to equal view
12-06 16:20:32.389 17416 17460 W teco.fmhandroi: Accessing hidden method Lsun/misc/Unsafe;->compareAndSwapObject(Ljava/lang/Object;JLjava/lang/Object;Ljava/lang/Object;)Z (greylist, linking, allowed)
12-06 16:20:32.391 17416 17416 I ViewInteraction: Checking 'MatchesViewAssertion{viewMatcher=(view has effective visibility <VISIBLE> and view.getGlobalVisibleRect() to return non-empty rectangle)}' assertion on view (view.getId() is <2131231039/ru.iteco.fmhandroid:id/enter_button> and an instance of android.widget.TextView and view.getText() with or without transformation to match: is "SIGN IN" and view.getContentDescription() is "Save" and view.getParent() view.getParent() an instance of android.widget.RelativeLayout)
12-06 16:20:32.393 17416 17460 W teco.fmhandroi: Accessing hidden method Lsun/misc/Unsafe;->compareAndSwapObject(Ljava/lang/Object;JLjava/lang/Object;Ljava/lang/Object;)Z (greylist, linking, allowed)
12-06 16:20:32.394 17416 17530 W teco.fmhandroi: Accessing hidden method Lsun/misc/Unsafe;->compareAndSwapObject(Ljava/lang/Object;JLjava/lang/Object;Ljava/lang/Object;)Z (greylist, linking, allowed)
12-06 16:20:32.395 17416 17416 I ViewInteraction: Performing 'wait for a specific view with <(an instance of android.widget.TextView and view.getText() with or without transformation to match: is "Authorization" and view.getParent() view.getParent() view.getId() is <2131231186>)> during 10000 millis.' action on view view.getRootView() to equal view
12-06 16:20:32.397 17416 17460 W teco.fmhandroi: Accessing hidden method Lsun/misc/Unsafe;->compareAndSwapObject(Ljava/lang/Object;JLjava/lang/Object;Ljava/lang/Object;)Z (greylist, linking, allowed)
12-06 16:20:32.397 17416 17530 W teco.fmhandroi: Accessing hidden method Lsun/misc/Unsafe;->compareAndSwapObject(Ljava/lang/Object;JLjava/lang/Object;Ljava/lang/Object;)Z (greylist, linking, allowed)
12-06 16:20:32.399 17416 17416 I ViewInteraction: Checking 'MatchesViewAssertion{viewMatcher=(view has effective visibility <VISIBLE> and view.getGlobalVisibleRect() to return non-empty rectangle)}' assertion on view (an instance of android.widget.TextView and view.getText() with or without transformation to match: is "Authorization" and view.getParent() view.getParent() view.getId() is <2131231186/ru.iteco.fmhandroid:id/nav_host_fragment>)
12-06 16:20:32.400 17416 17460 W teco.fmhandroi: Accessing hidden method Lsun/misc/Unsafe;->compareAndSwapObject(Ljava/lang/Object;JLjava/lang/Object;Ljava/lang/Object;)Z (greylist, linking, allowed)
12-06 16:20:32.401 17416 17530 W teco.fmhandroi: Accessing hidden method Lsun/misc/Unsafe;->compareAndSwapObject(Ljava/lang/Object;JLjava/lang/Object;Ljava/lang/Object;)Z (greylist, linking, allowed)
12-06 16:20:32.402 17416 17416 I ViewInteraction: Performing 'wait for a specific view with <(an instance of android.widget.TextView and view.getHint() matching: is "Login" and view.getParent() view.getParent() view.getId() is <2131231121/ru.iteco.fmhandroid:id/login_text_input_layout>)> during 10000 millis.' action on view view.getRootView() to equal view
12-06 16:20:32.404 17416 17460 W teco.fmhandroi: Accessing hidden method Lsun/misc/Unsafe;->compareAndSwapObject(Ljava/lang/Object;JLjava/lang/Object;Ljava/lang/Object;)Z (greylist, linking, allowed)
12-06 16:20:32.405 17416 17530 W teco.fmhandroi: Accessing hidden method Lsun/misc/Unsafe;->compareAndSwapObject(Ljava/lang/Object;JLjava/lang/Object;Ljava/lang/Object;)Z (greylist, linking, allowed)
12-06 16:20:32.408 17416 17416 I ViewInteraction: Checking 'MatchesViewAssertion{viewMatcher=(view has effective visibility <VISIBLE> and view.getGlobalVisibleRect() to return non-empty rectangle)}' assertion on view (an instance of android.widget.TextView and view.getHint() matching: is "Login" and view.getParent() view.getParent() view.getId() is <2131231121/ru.iteco.fmhandroid:id/login_text_input_layout>)
12-06 16:20:32.409 17416 17460 W teco.fmhandroi: Accessing hidden method Lsun/misc/Unsafe;->compareAndSwapObject(Ljava/lang/Object;JLjava/lang/Object;Ljava/lang/Object;)Z (greylist, linking, allowed)
12-06 16:20:32.411 17416 17416 I ViewInteraction: Performing 'wait for a specific view with <(an instance of android.widget.TextView and view.getHint() matching: is "Password" and view.getParent() view.getParent() view.getId() is <2131231264/ru.iteco.fmhandroid:id/password_text_input_layout>)> during 10000 millis.' action on view view.getRootView() to equal view
12-06 16:20:32.413 17416 17460 W teco.fmhandroi: Accessing hidden method Lsun/misc/Unsafe;->compareAndSwapObject(Ljava/lang/Object;JLjava/lang/Object;Ljava/lang/Object;)Z (greylist, linking, allowed)
12-06 16:20:32.415 17416 17416 I ViewInteraction: Checking 'MatchesViewAssertion{viewMatcher=(view has effective visibility <VISIBLE> and view.getGlobalVisibleRect() to return non-empty rectangle)}' assertion on view (an instance of android.widget.TextView and view.getHint() matching: is "Password" and view.getParent() view.getParent() view.getId() is <2131231264/ru.iteco.fmhandroid:id/password_text_input_layout>)
12-06 16:20:32.417 17416 17530 W teco.fmhandroi: Accessing hidden method Lsun/misc/Unsafe;->compareAndSwapObject(Ljava/lang/Object;JLjava/lang/Object;Ljava/lang/Object;)Z (greylist, linking, allowed)
12-06 16:20:32.417 17416 17460 W teco.fmhandroi: Accessing hidden method Lsun/misc/Unsafe;->compareAndSwapObject(Ljava/lang/Object;JLjava/lang/Object;Ljava/lang/Object;)Z (greylist, linking, allowed)
12-06 16:20:32.417 17416 17460 W teco.fmhandroi: Accessing hidden method Lsun/misc/Unsafe;->getObject(Ljava/lang/Object;J)Ljava/lang/Object; (greylist, linking, allowed)
12-06 16:20:32.419 17416 17416 I ViewInteraction: Performing 'wait for a specific view with <(view.getId() is <2131231039/ru.iteco.fmhandroid:id/enter_button> and an instance of android.widget.TextView and view.getText() with or without transformation to match: is "SIGN IN" and view.getContentDescription() is "Save" and view.getParent() view.getParent() an instance of android.widget.RelativeLayout)> during 10000 millis.' action on view view.getRootView() to equal view
12-06 16:20:32.421 17416 17460 W teco.fmhandroi: Accessing hidden method Lsun/misc/Unsafe;->compareAndSwapObject(Ljava/lang/Object;JLjava/lang/Object;Ljava/lang/Object;)Z (greylist, linking, allowed)
12-06 16:20:32.423 17416 17416 I ViewInteraction: Checking 'MatchesViewAssertion{viewMatcher=(view has effective visibility <VISIBLE> and view.getGlobalVisibleRect() to return non-empty rectangle)}' assertion on view (view.getId() is <2131231039/ru.iteco.fmhandroid:id/enter_button> and an instance of android.widget.TextView and view.getText() with or without transformation to match: is "SIGN IN" and view.getContentDescription() is "Save" and view.getParent() view.getParent() an instance of android.widget.RelativeLayout)
12-06 16:20:32.425 17416 17460 W teco.fmhandroi: Accessing hidden method Lsun/misc/Unsafe;->compareAndSwapObject(Ljava/lang/Object;JLjava/lang/Object;Ljava/lang/Object;)Z (greylist, linking, allowed)
12-06 16:20:32.427 17416 17416 I ViewInteraction: Performing 'wait for a specific view with <(an instance of android.widget.TextView and view.getHint() matching: is "Login" and view.getParent() view.getParent() view.getId() is <2131231121/ru.iteco.fmhandroid:id/login_text_input_layout>)> during 10000 millis.' action on view view.getRootView() to equal view
12-06 16:20:32.429 17416 17460 W teco.fmhandroi: Accessing hidden method Lsun/misc/Unsafe;->compareAndSwapObject(Ljava/lang/Object;JLjava/lang/Object;Ljava/lang/Object;)Z (greylist, linking, allowed)
12-06 16:20:32.432 17416 17416 I ViewInteraction: Performing 'replace text(login2)' action on view (an instance of android.widget.TextView and view.getHint() matching: is "Login" and view.getParent() view.getParent() view.getId() is <2131231121/ru.iteco.fmhandroid:id/login_text_input_layout>)
12-06 16:20:32.449 17416 17460 W teco.fmhandroi: Accessing hidden method Lsun/misc/Unsafe;->compareAndSwapObject(Ljava/lang/Object;JLjava/lang/Object;Ljava/lang/Object;)Z (greylist, linking, allowed)
12-06 16:20:32.470 17416 17416 I ViewInteraction: Performing 'wait for a specific view with <(an instance of android.widget.TextView and view.getHint() matching: is "Password" and view.getParent() view.getParent() view.getId() is <2131231264/ru.iteco.fmhandroid:id/password_text_input_layout>)> during 10000 millis.' action on view view.getRootView() to equal view
12-06 16:20:32.477 17416 17460 W teco.fmhandroi: Accessing hidden method Lsun/misc/Unsafe;->compareAndSwapObject(Ljava/lang/Object;JLjava/lang/Object;Ljava/lang/Object;)Z (greylist, linking, allowed)
12-06 16:20:32.480 17416 17416 I ViewInteraction: Performing 'replace text(password2)' action on view (an instance of android.widget.TextView and view.getHint() matching: is "Password" and view.getParent() view.getParent() view.getId() is <2131231264/ru.iteco.fmhandroid:id/password_text_input_layout>)
12-06 16:20:32.486 17416 17460 W teco.fmhandroi: Accessing hidden method Lsun/misc/Unsafe;->compareAndSwapObject(Ljava/lang/Object;JLjava/lang/Object;Ljava/lang/Object;)Z (greylist, linking, allowed)
12-06 16:20:32.486 17416 17530 W teco.fmhandroi: Accessing hidden method Lsun/misc/Unsafe;->compareAndSwapObject(Ljava/lang/Object;JLjava/lang/Object;Ljava/lang/Object;)Z (greylist, linking, allowed)
12-06 16:20:32.501 17416 17416 I ViewInteraction: Performing 'wait for a specific view with <(view.getId() is <2131231039/ru.iteco.fmhandroid:id/enter_button> and an instance of android.widget.TextView and view.getText() with or without transformation to match: is "SIGN IN" and view.getContentDescription() is "Save" and view.getParent() view.getParent() an instance of android.widget.RelativeLayout)> during 10000 millis.' action on view view.getRootView() to equal view
12-06 16:20:32.503 17416 17460 W teco.fmhandroi: Accessing hidden method Lsun/misc/Unsafe;->compareAndSwapObject(Ljava/lang/Object;JLjava/lang/Object;Ljava/lang/Object;)Z (greylist, linking, allowed)
12-06 16:20:32.517 17416 17416 I ViewInteraction: Checking 'MatchesViewAssertion{viewMatcher=view.isClickable() is <true>}' assertion on view (view.getId() is <2131231039/ru.iteco.fmhandroid:id/enter_button> and an instance of android.widget.TextView and view.getText() with or without transformation to match: is "SIGN IN" and view.getContentDescription() is "Save" and view.getParent() view.getParent() an instance of android.widget.RelativeLayout)
12-06 16:20:32.518 17416 17460 W teco.fmhandroi: Accessing hidden method Lsun/misc/Unsafe;->compareAndSwapObject(Ljava/lang/Object;JLjava/lang/Object;Ljava/lang/Object;)Z (greylist, linking, allowed)
12-06 16:20:32.525 17416 17416 I ViewInteraction: Performing 'wait for a specific view with <(view.getId() is <2131231039/ru.iteco.fmhandroid:id/enter_button> and an instance of android.widget.TextView and view.getText() with or without transformation to match: is "SIGN IN" and view.getContentDescription() is "Save" and view.getParent() view.getParent() an instance of android.widget.RelativeLayout)> during 10000 millis.' action on view view.getRootView() to equal view
12-06 16:20:32.529 17416 17460 W teco.fmhandroi: Accessing hidden method Lsun/misc/Unsafe;->compareAndSwapObject(Ljava/lang/Object;JLjava/lang/Object;Ljava/lang/Object;)Z (greylist, linking, allowed)
12-06 16:20:32.531 17416 17416 I ViewInteraction: Checking 'MatchesViewAssertion{viewMatcher=view.isClickable() is <true>}' assertion on view (view.getId() is <2131231039/ru.iteco.fmhandroid:id/enter_button> and an instance of android.widget.TextView and view.getText() with or without transformation to match: is "SIGN IN" and view.getContentDescription() is "Save" and view.getParent() view.getParent() an instance of android.widget.RelativeLayout)
12-06 16:20:32.533 17416 17460 W teco.fmhandroi: Accessing hidden method Lsun/misc/Unsafe;->compareAndSwapObject(Ljava/lang/Object;JLjava/lang/Object;Ljava/lang/Object;)Z (greylist, linking, allowed)
12-06 16:20:32.536 17416 17416 I ViewInteraction: Performing 'wait for a specific view with <(view.getId() is <2131231039/ru.iteco.fmhandroid:id/enter_button> and an instance of android.widget.TextView and view.getText() with or without transformation to match: is "SIGN IN" and view.getContentDescription() is "Save" and view.getParent() view.getParent() an instance of android.widget.RelativeLayout)> during 10000 millis.' action on view view.getRootView() to equal view
12-06 16:20:32.541 17416 17460 W teco.fmhandroi: Accessing hidden method Lsun/misc/Unsafe;->compareAndSwapObject(Ljava/lang/Object;JLjava/lang/Object;Ljava/lang/Object;)Z (greylist, linking, allowed)
12-06 16:20:32.542 17416 17530 W teco.fmhandroi: Accessing hidden method Lsun/misc/Unsafe;->compareAndSwapObject(Ljava/lang/Object;JLjava/lang/Object;Ljava/lang/Object;)Z (greylist, linking, allowed)
12-06 16:20:32.544 17416 17416 I ViewInteraction: Performing 'single click' action on view (view.getId() is <2131231039/ru.iteco.fmhandroid:id/enter_button> and an instance of android.widget.TextView and view.getText() with or without transformation to match: is "SIGN IN" and view.getContentDescription() is "Save" and view.getParent() view.getParent() an instance of android.widget.RelativeLayout)
12-06 16:20:32.613 17416 17534 I okhttp.OkHttpClient: --> POST http://www.981757-ca08998.tmweb.ru:8080/fmh/authentication/login
12-06 16:20:32.614 17416 17534 I okhttp.OkHttpClient: Content-Type: application/json; charset=UTF-8
12-06 16:20:32.614 17416 17534 I okhttp.OkHttpClient: Content-Length: 41
12-06 16:20:32.615 17416 17534 I okhttp.OkHttpClient: {"login":"login2","password":"password2"}
12-06 16:20:32.615 17416 17534 I okhttp.OkHttpClient: --> END POST (41-byte body)
12-06 16:20:32.619  1744 17535 E ResolverController: No valid NAT64 prefix (100, <unspecified>/0)
12-06 16:20:32.843 17416 17460 W teco.fmhandroi: Accessing hidden method Lsun/misc/Unsafe;->compareAndSwapObject(Ljava/lang/Object;JLjava/lang/Object;Ljava/lang/Object;)Z (greylist, linking, allowed)
12-06 16:20:32.845 17416 17416 I ViewInteraction: Performing 'wait for a specific view with <an instance of android.widget.TextView and view.getText() with or without transformation to match: is "News"> during 10000 millis.' action on view view.getRootView() to equal view
12-06 16:20:33.001 17416 17534 I okhttp.OkHttpClient: <-- 200 http://www.981757-ca08998.tmweb.ru:8080/fmh/authentication/login (385ms)
12-06 16:20:33.001 17416 17534 I okhttp.OkHttpClient: Vary: Origin
12-06 16:20:33.001 17416 17534 I okhttp.OkHttpClient: Vary: Access-Control-Request-Method
12-06 16:20:33.001 17416 17534 I okhttp.OkHttpClient: Vary: Access-Control-Request-Headers
12-06 16:20:33.001 17416 17534 I okhttp.OkHttpClient: X-Content-Type-Options: nosniff
12-06 16:20:33.002 17416 17534 I okhttp.OkHttpClient: X-XSS-Protection: 1; mode=block
12-06 16:20:33.002 17416 17534 I okhttp.OkHttpClient: Cache-Control: no-cache, no-store, max-age=0, must-revalidate
12-06 16:20:33.002 17416 17534 I okhttp.OkHttpClient: Pragma: no-cache
12-06 16:20:33.002 17416 17534 I okhttp.OkHttpClient: Expires: 0
12-06 16:20:33.002 17416 17534 I okhttp.OkHttpClient: X-Frame-Options: DENY
12-06 16:20:33.002 17416 17534 I okhttp.OkHttpClient: Content-Type: application/json
12-06 16:20:33.002 17416 17534 I okhttp.OkHttpClient: Transfer-Encoding: chunked
12-06 16:20:33.002 17416 17534 I okhttp.OkHttpClient: Date: Tue, 06 Dec 2022 16:20:34 GMT
12-06 16:20:33.002 17416 17534 I okhttp.OkHttpClient: Keep-Alive: timeout=60
12-06 16:20:33.002 17416 17534 I okhttp.OkHttpClient: Connection: keep-alive
12-06 16:20:33.003 17416 17534 I okhttp.OkHttpClient: {"accessToken":"eyJhbGciOiJIUzUxMiJ9.eyJzdWIiOiJsb2dpbjIiLCJqdGkiOiIyIiwiZXhwIjoxNjcwNDMwMDM0fQ.Y9pJCdIBLCauICZDkxf3VPV0b_5x48coc4RwHu0vDr5bbq__L_cXz-1sRIKurugg_LbcGpvBqZJ6YjSc8PDF8A","refreshToken":"eyJhbGciOiJIUzUxMiJ9.eyJzdWIiOiJsb2dpbjIiLCJqdGkiOiIyIiwiZXhwIjoxNjcyOTM1NjM0fQ.jZuEFjzS8Eiga-d1008FUNzh2TbGZ8DiQenMKmAezIQPv7cw3XHtAx_UJz8tUh_hMqsG1hhZ9_kl3Dz74w9P3g"}
12-06 16:20:33.004 17416 17534 I okhttp.OkHttpClient: <-- END HTTP (368-byte body)
12-06 16:20:33.007 17416 17516 I okhttp.OkHttpClient: --> GET http://www.981757-ca08998.tmweb.ru:8080/fmh/authentication/userInfo
12-06 16:20:33.007 17416 17516 I okhttp.OkHttpClient: --> END GET
12-06 16:20:33.140 17416 17516 I okhttp.OkHttpClient: <-- 200 http://www.981757-ca08998.tmweb.ru:8080/fmh/authentication/userInfo (133ms)
12-06 16:20:33.141 17416 17516 I okhttp.OkHttpClient: Vary: Origin
12-06 16:20:33.141 17416 17516 I okhttp.OkHttpClient: Vary: Access-Control-Request-Method
12-06 16:20:33.141 17416 17516 I okhttp.OkHttpClient: Vary: Access-Control-Request-Headers
12-06 16:20:33.141 17416 17516 I okhttp.OkHttpClient: X-Content-Type-Options: nosniff
12-06 16:20:33.141 17416 17516 I okhttp.OkHttpClient: X-XSS-Protection: 1; mode=block
12-06 16:20:33.141 17416 17516 I okhttp.OkHttpClient: Cache-Control: no-cache, no-store, max-age=0, must-revalidate
12-06 16:20:33.141 17416 17516 I okhttp.OkHttpClient: Pragma: no-cache
12-06 16:20:33.141 17416 17516 I okhttp.OkHttpClient: Expires: 0
12-06 16:20:33.141 17416 17516 I okhttp.OkHttpClient: X-Frame-Options: DENY
12-06 16:20:33.143 17416 17516 I okhttp.OkHttpClient: Content-Type: application/json
12-06 16:20:33.143 17416 17516 I okhttp.OkHttpClient: Transfer-Encoding: chunked
12-06 16:20:33.144 17416 17516 I okhttp.OkHttpClient: Date: Tue, 06 Dec 2022 16:20:34 GMT
12-06 16:20:33.144 17416 17516 I okhttp.OkHttpClient: Keep-Alive: timeout=60
12-06 16:20:33.144 17416 17516 I okhttp.OkHttpClient: Connection: keep-alive
12-06 16:20:33.145 17416 17516 I okhttp.OkHttpClient: {"id":2,"firstName":"Данил","lastName":"Иванов","middleName":"Данилович","admin":true}
12-06 16:20:33.145 17416 17516 I okhttp.OkHttpClient: <-- END HTTP (106-byte body)
12-06 16:20:33.159 17416 17536 I okhttp.OkHttpClient: --> GET http://www.981757-ca08998.tmweb.ru:8080/fmh/claims
12-06 16:20:33.160 17416 17536 I okhttp.OkHttpClient: --> END GET
12-06 16:20:33.290 17416 17416 I ViewInteraction: Checking 'MatchesViewAssertion{viewMatcher=(view has effective visibility <VISIBLE> and view.getGlobalVisibleRect() to return non-empty rectangle)}' assertion on view an instance of android.widget.TextView and view.getText() with or without transformation to match: is "News"
12-06 16:20:33.293 17416 17460 W teco.fmhandroi: Accessing hidden method Lsun/misc/Unsafe;->compareAndSwapObject(Ljava/lang/Object;JLjava/lang/Object;Ljava/lang/Object;)Z (greylist, linking, allowed)
12-06 16:20:33.294 17416 17530 W teco.fmhandroi: Accessing hidden method Lsun/misc/Unsafe;->compareAndSwapObject(Ljava/lang/Object;JLjava/lang/Object;Ljava/lang/Object;)Z (greylist, linking, allowed)
12-06 16:20:33.295 17416 17416 I ViewInteraction: Performing 'wait for a specific view with <view.getId() is <2131230951>> during 10000 millis.' action on view view.getRootView() to equal view
12-06 16:20:33.299 17416 17530 W teco.fmhandroi: Accessing hidden method Lsun/misc/Unsafe;->compareAndSwapObject(Ljava/lang/Object;JLjava/lang/Object;Ljava/lang/Object;)Z (greylist, linking, allowed)
12-06 16:20:33.301 17416 17460 W teco.fmhandroi: Accessing hidden method Lsun/misc/Unsafe;->compareAndSwapObject(Ljava/lang/Object;JLjava/lang/Object;Ljava/lang/Object;)Z (greylist, linking, allowed)
12-06 16:20:33.301 17416 17460 W teco.fmhandroi: Accessing hidden method Lsun/misc/Unsafe;->getObject(Ljava/lang/Object;J)Ljava/lang/Object; (greylist, linking, allowed)
12-06 16:20:33.319 17416 17416 I ViewInteraction: Checking 'MatchesViewAssertion{viewMatcher=(view has effective visibility <VISIBLE> and view.getGlobalVisibleRect() to return non-empty rectangle)}' assertion on view view.getId() is <2131230951/ru.iteco.fmhandroid:id/container_list_news_include_on_fragment_main>
12-06 16:20:33.321 17416 17530 W teco.fmhandroi: Accessing hidden method Lsun/misc/Unsafe;->compareAndSwapObject(Ljava/lang/Object;JLjava/lang/Object;Ljava/lang/Object;)Z (greylist, linking, allowed)
12-06 16:20:33.321 17416 17460 W teco.fmhandroi: Accessing hidden method Lsun/misc/Unsafe;->compareAndSwapObject(Ljava/lang/Object;JLjava/lang/Object;Ljava/lang/Object;)Z (greylist, linking, allowed)
12-06 16:20:33.321 17416 17460 W teco.fmhandroi: Accessing hidden method Lsun/misc/Unsafe;->getObject(Ljava/lang/Object;J)Ljava/lang/Object; (greylist, linking, allowed)
12-06 16:20:33.323 17416 17416 I ViewInteraction: Performing 'wait for a specific view with <view.getId() is <2131230949>> during 10000 millis.' action on view view.getRootView() to equal view
12-06 16:20:33.325 17416 17460 W teco.fmhandroi: Accessing hidden method Lsun/misc/Unsafe;->compareAndSwapObject(Ljava/lang/Object;JLjava/lang/Object;Ljava/lang/Object;)Z (greylist, linking, allowed)
12-06 16:20:33.327 17416 17416 I ViewInteraction: Checking 'MatchesViewAssertion{viewMatcher=(view has effective visibility <VISIBLE> and view.getGlobalVisibleRect() to return non-empty rectangle)}' assertion on view view.getId() is <2131230949/ru.iteco.fmhandroid:id/container_list_claim_include_on_fragment_main>
12-06 16:20:33.328 17416 17460 W teco.fmhandroi: Accessing hidden method Lsun/misc/Unsafe;->compareAndSwapObject(Ljava/lang/Object;JLjava/lang/Object;Ljava/lang/Object;)Z (greylist, linking, allowed)
12-06 16:20:33.330 17416 17416 I ViewInteraction: Performing 'wait for a specific view with <an instance of android.widget.TextView and view.getText() with or without transformation to match: is "Claims"> during 10000 millis.' action on view view.getRootView() to equal view
12-06 16:20:33.332 17416 17416 I ViewInteraction: Checking 'MatchesViewAssertion{viewMatcher=(view has effective visibility <VISIBLE> and view.getGlobalVisibleRect() to return non-empty rectangle)}' assertion on view an instance of android.widget.TextView and view.getText() with or without transformation to match: is "Claims"
12-06 16:20:33.334 17416 17460 W teco.fmhandroi: Accessing hidden method Lsun/misc/Unsafe;->compareAndSwapObject(Ljava/lang/Object;JLjava/lang/Object;Ljava/lang/Object;)Z (greylist, linking, allowed)
12-06 16:20:33.337 17416 17416 I ViewInteraction: Performing 'wait for a specific view with <view.getId() is <2131231123>> during 10000 millis.' action on view view.getRootView() to equal view
12-06 16:20:33.339 17416 17460 W teco.fmhandroi: Accessing hidden method Lsun/misc/Unsafe;->compareAndSwapObject(Ljava/lang/Object;JLjava/lang/Object;Ljava/lang/Object;)Z (greylist, linking, allowed)
12-06 16:20:33.342 17416 17416 I ViewInteraction: Performing 'single click' action on view view.getId() is <2131231123/ru.iteco.fmhandroid:id/main_menu_image_button>
12-06 16:20:33.749  1776  1776 D gralloc_ranchu: gralloc_alloc: Creating ashmem region of size 2015232
12-06 16:20:33.754  1776  1776 D gralloc_ranchu: gralloc_alloc: Creating ashmem region of size 2015232
12-06 16:20:33.759  1776  1825 D gralloc_ranchu: gralloc_alloc: Creating ashmem region of size 2015232
12-06 16:20:33.786 17416 17506 D EGL_emulation: eglMakeCurrent: 0xf0c7f6a0: ver 2 0 (tinfo 0xf0c89830)
12-06 16:20:33.841 17416 17506 I chatty  : uid=10146(ru.iteco.fmhandroid) RenderThread identical 2 lines
12-06 16:20:33.859 17416 17506 D EGL_emulation: eglMakeCurrent: 0xf0c7f6a0: ver 2 0 (tinfo 0xf0c89830)
12-06 16:20:34.083 17416 17460 W teco.fmhandroi: Accessing hidden method Lsun/misc/Unsafe;->compareAndSwapObject(Ljava/lang/Object;JLjava/lang/Object;Ljava/lang/Object;)Z (greylist, linking, allowed)
12-06 16:20:34.085 17416 17416 I ViewInteraction: Performing 'wait for a specific view with <an instance of android.widget.TextView and view.getText() with or without transformation to match: is "Claims"> during 10000 millis.' action on view view.getRootView() to equal view
12-06 16:20:34.089 17416 17416 I ViewInteraction: Performing 'single click' action on view an instance of android.widget.TextView and view.getText() with or without transformation to match: is "Claims"
12-06 16:20:34.139 17416 17506 D EGL_emulation: eglMakeCurrent: 0xf0c7f6a0: ver 2 0 (tinfo 0xf0c89830)
12-06 16:20:34.234 17416 17537 I okhttp.OkHttpClient: --> GET http://www.981757-ca08998.tmweb.ru:8080/fmh/claims
12-06 16:20:34.234 17416 17537 I okhttp.OkHttpClient: --> END GET
12-06 16:20:34.301 17416 17506 D EGL_emulation: eglMakeCurrent: 0xf0c7f6a0: ver 2 0 (tinfo 0xf0c89830)
12-06 16:20:34.319 17416 17506 D EGL_emulation: eglMakeCurrent: 0xf0c7f6a0: ver 2 0 (tinfo 0xf0c89830)
12-06 16:20:34.517 17416 17530 W teco.fmhandroi: Accessing hidden method Lsun/misc/Unsafe;->compareAndSwapObject(Ljava/lang/Object;JLjava/lang/Object;Ljava/lang/Object;)Z (greylist, linking, allowed)
12-06 16:20:34.523 17416 17416 I ViewInteraction: Performing 'wait for a specific view with <view.getId() is <2131230849>> during 10000 millis.' action on view view.getRootView() to equal view
12-06 16:20:34.526 17416 17460 W teco.fmhandroi: Accessing hidden method Lsun/misc/Unsafe;->compareAndSwapObject(Ljava/lang/Object;JLjava/lang/Object;Ljava/lang/Object;)Z (greylist, linking, allowed)
12-06 16:20:34.529 17416 17416 I ViewInteraction: Performing 'single click' action on view view.getId() is <2131230849/ru.iteco.fmhandroid:id/add_new_claim_material_button>
12-06 16:20:34.550 17416 17429 I teco.fmhandroi: Background concurrent copying GC freed 33879(1711KB) AllocSpace objects, 1(16KB) LOS objects, 36% free, 10MB/16MB, paused 376us total 107.577ms
12-06 16:20:34.595 17416 17516 I okhttp.OkHttpClient: --> GET http://www.981757-ca08998.tmweb.ru:8080/fmh/users
12-06 16:20:34.595 17416 17516 I okhttp.OkHttpClient: --> END GET
12-06 16:20:34.745 17416 17516 I okhttp.OkHttpClient: <-- 200 http://www.981757-ca08998.tmweb.ru:8080/fmh/users (149ms)
12-06 16:20:34.745 17416 17516 I okhttp.OkHttpClient: Vary: Origin
12-06 16:20:34.745 17416 17516 I okhttp.OkHttpClient: Vary: Access-Control-Request-Method
12-06 16:20:34.745 17416 17516 I okhttp.OkHttpClient: Vary: Access-Control-Request-Headers
12-06 16:20:34.746 17416 17516 I okhttp.OkHttpClient: X-Content-Type-Options: nosniff
12-06 16:20:34.746 17416 17516 I okhttp.OkHttpClient: X-XSS-Protection: 1; mode=block
12-06 16:20:34.746 17416 17516 I okhttp.OkHttpClient: Cache-Control: no-cache, no-store, max-age=0, must-revalidate
12-06 16:20:34.746 17416 17516 I okhttp.OkHttpClient: Pragma: no-cache
12-06 16:20:34.746 17416 17516 I okhttp.OkHttpClient: Expires: 0
12-06 16:20:34.746 17416 17516 I okhttp.OkHttpClient: X-Frame-Options: DENY
12-06 16:20:34.746 17416 17516 I okhttp.OkHttpClient: Content-Type: application/json
12-06 16:20:34.746 17416 17516 I okhttp.OkHttpClient: Transfer-Encoding: chunked
12-06 16:20:34.746 17416 17516 I okhttp.OkHttpClient: Date: Tue, 06 Dec 2022 16:20:36 GMT
12-06 16:20:34.746 17416 17516 I okhttp.OkHttpClient: Keep-Alive: timeout=60
12-06 16:20:34.746 17416 17516 I okhttp.OkHttpClient: Connection: keep-alive
12-06 16:20:34.747 17416 17516 I okhttp.OkHttpClient: [{"id":1,"firstName":"Петр","lastName":"Смирнов","middleName":"Петрович","admin":true},{"id":2,"firstName":"Данил","lastName":"Иванов","middleName":"Данилович","admin":true},{"id":3,"firstName":"Егор","lastName":"Петров","middleName":"Егорович","admin":false},{"id":4,"firstName":"Дмитрий","lastName":"Сидоров","middleName":"Дмитриевич","admin":false},{"id":5,"firstName":"Тест","lastName":"Тестов","middleName":"Тестович","admin":true},{"id":6,"firstName":"Diplom","lastName":"Netology","middleName":"QAMID","admin":true}]
12-06 16:20:34.747 17416 17516 I okhttp.OkHttpClient: <-- END HTTP (622-byte body)
12-06 16:20:35.015 17416 17460 W teco.fmhandroi: Accessing hidden method Lsun/misc/Unsafe;->compareAndSwapObject(Ljava/lang/Object;JLjava/lang/Object;Ljava/lang/Object;)Z (greylist, linking, allowed)
12-06 16:20:35.017 17416 17416 I ViewInteraction: Performing 'wait for a specific view with <view.getId() is <2131231041>> during 10000 millis.' action on view view.getRootView() to equal view
12-06 16:20:35.020 17416 17460 W teco.fmhandroi: Accessing hidden method Lsun/misc/Unsafe;->compareAndSwapObject(Ljava/lang/Object;JLjava/lang/Object;Ljava/lang/Object;)Z (greylist, linking, allowed)
12-06 16:20:35.020 17416 17530 W teco.fmhandroi: Accessing hidden method Lsun/misc/Unsafe;->compareAndSwapObject(Ljava/lang/Object;JLjava/lang/Object;Ljava/lang/Object;)Z (greylist, linking, allowed)
12-06 16:20:35.022 17416 17416 I ViewInteraction: Performing 'single click' action on view view.getId() is <2131231041/ru.iteco.fmhandroid:id/executor_drop_menu_auto_complete_text_view>
12-06 16:20:35.093  2018  2195 I AutofillManagerServiceImpl: Prune session 855769577 (Token{b0a5b15 null})
12-06 16:20:35.094  2018  2051 D AutofillUI: destroySaveUiUiThread(): already destroyed
12-06 16:20:35.163  1776  1825 D gralloc_ranchu: gralloc_alloc: Creating ashmem region of size 4116480
12-06 16:20:35.167  1776  1825 I chatty  : uid=1000(system) HwBinder:1776_1 identical 1 line
12-06 16:20:35.169  1776  1825 D gralloc_ranchu: gralloc_alloc: Creating ashmem region of size 4116480
12-06 16:20:35.180 17416 17506 D EGL_emulation: eglMakeCurrent: 0xf0c7f6a0: ver 2 0 (tinfo 0xf0c89830)
12-06 16:20:35.216 17416 17416 I AssistStructure: Flattened final assist data: 6984 bytes, containing 2 windows, 53 views
12-06 16:20:35.227  2018  2693 D AutofillSession: Starting partition or augmented request for view id 1073741827@1517157269: STARTED_SESSION
12-06 16:20:35.229  2018  2018 D AutofillSession: cancelCurrentRequest(): id = 64
12-06 16:20:35.232  2537  2537 W GInputConnectionWrapper: IPC IC_GET_TEXT_BEFORE_CURSOR_AND_FIX_SELECTION_INDICES took 101 ms
12-06 16:20:35.247 17416 17506 D EGL_emulation: eglMakeCurrent: 0xf0c7f6a0: ver 2 0 (tinfo 0xf0c89830)
12-06 16:20:35.262 17416 17416 I AssistStructure: Flattened final assist data: 6984 bytes, containing 2 windows, 53 views
12-06 16:20:35.282 17416 17506 D EGL_emulation: eglMakeCurrent: 0xf0c7f6a0: ver 2 0 (tinfo 0xf0c89830)
12-06 16:20:35.290  2537  2537 I KeyboardViewUtil: systemKeyboardHeightRatio:1.000000; userKeyboardHeightRatio:1.000000.
12-06 16:20:35.292  2537  2537 I AndroidIME: LatinIme.onActivate() : EditorInfo = Package = ru.iteco.fmhandroid : Type = Text : Learning = Disable : Suggestion = Show : AutoCorrection = Disable : Microphone = Show : NoPersonalizedLearning = Disable
12-06 16:20:35.304  2656  2656 W ktk     : Pending fill request while another request in the same session was triggered. [CONTEXT service_id=177 ]
12-06 16:20:35.375  2537  2537 I Conv2QueryExtension: Current locale: en_US, config allows these locales: de,en,es,fr,it,ms,pt,ta
12-06 16:20:35.375  2537  2537 I Conv2QueryExtension: Conv2Query not enabled due to current app [ru.iteco.fmhandroid] not in whitelist
12-06 16:20:35.375  2537  2537 I Conv2QueryExtension: onActivate() : Disabled by unsupported host app
12-06 16:20:35.377  2018  2051 D AutofillUI: destroySaveUiUiThread(): already destroyed
12-06 16:20:35.392  2170  2566 D EGL_emulation: eglMakeCurrent: 0xe594e040: ver 2 0 (tinfo 0xc52450c0)
12-06 16:20:35.407  1776  1825 D gralloc_ranchu: gralloc_alloc: Creating ashmem region of size 9826304
12-06 16:20:35.415  1776  1825 I chatty  : uid=1000(system) HwBinder:1776_1 identical 1 line
12-06 16:20:35.416  1776  1825 D gralloc_ranchu: gralloc_alloc: Creating ashmem region of size 9826304
12-06 16:20:35.441  2537  8546 D EGL_emulation: eglMakeCurrent: 0xc286ce00: ver 2 0 (tinfo 0xc335ede0)
12-06 16:20:35.462 17416 17506 D EGL_emulation: eglMakeCurrent: 0xf0c7f6a0: ver 2 0 (tinfo 0xf0c89830)
12-06 16:20:35.517  1776  1825 D gralloc_ranchu: gralloc_alloc: Creating ashmem region of size 3072000
12-06 16:20:35.525 17416 17506 D EGL_emulation: eglMakeCurrent: 0xf0c7f6a0: ver 2 0 (tinfo 0xf0c89830)
12-06 16:20:35.544  1776  1825 D gralloc_ranchu: gralloc_alloc: Creating ashmem region of size 3072000
12-06 16:20:35.555 17416 17506 D EGL_emulation: eglMakeCurrent: 0xf0c7f6a0: ver 2 0 (tinfo 0xf0c89830)
12-06 16:20:35.569 17416 17506 D EGL_emulation: eglMakeCurrent: 0xf0c7f6a0: ver 2 0 (tinfo 0xf0c89830)
12-06 16:20:35.581  1776  1825 D gralloc_ranchu: gralloc_alloc: Creating ashmem region of size 3072000
12-06 16:20:35.591 17416 17506 D EGL_emulation: eglMakeCurrent: 0xf0c7f6a0: ver 2 0 (tinfo 0xf0c89830)
12-06 16:20:35.663 17416 17460 W teco.fmhandroi: Accessing hidden method Lsun/misc/Unsafe;->compareAndSwapObject(Ljava/lang/Object;JLjava/lang/Object;Ljava/lang/Object;)Z (greylist, linking, allowed)
12-06 16:20:35.665 17416 17416 I ViewInteraction: Performing 'close keyboard' action on view view.getRootView() to equal view
12-06 16:20:35.670  2537  2537 I PhenotypeExpConfig: refreshConfiguration() : Force = false : UpdateAvailable = false : Age = 194 minutes : MaxAge = 720 minutes
12-06 16:20:35.680  2537  2537 I AndroidIME: LatinIme.onDeactivate()
12-06 16:20:35.694  2537  8546 D EGL_emulation: eglMakeCurrent: 0xc286ce00: ver 2 0 (tinfo 0xc335ede0)
12-06 16:20:35.764  1776  1825 D gralloc_ranchu: gralloc_alloc: Creating ashmem region of size 4116480
12-06 16:20:35.770 17416 17506 D EGL_emulation: eglMakeCurrent: 0xf0c7f6a0: ver 2 0 (tinfo 0xf0c89830)
12-06 16:20:35.789  1776  1825 D gralloc_ranchu: gralloc_alloc: Creating ashmem region of size 4116480
12-06 16:20:35.791 17416 17506 D EGL_emulation: eglMakeCurrent: 0xf0c7f6a0: ver 2 0 (tinfo 0xf0c89830)
12-06 16:20:35.802 17416 17506 D EGL_emulation: eglMakeCurrent: 0xf0c7f6a0: ver 2 0 (tinfo 0xf0c89830)
12-06 16:20:35.814  1776  1825 D gralloc_ranchu: gralloc_alloc: Creating ashmem region of size 4116480
12-06 16:20:35.988 17416 17416 I ViewInteraction: Performing 'single click' action on view an instance of android.widget.TextView and view.getText() with or without transformation to match: is "Смирнов Петр Петрович"
12-06 16:20:36.090 17416 17506 D EGL_emulation: eglMakeCurrent: 0xf0c7f6a0: ver 2 0 (tinfo 0xf0c89830)
12-06 16:20:36.136  2018  3060 E InputDispatcher: Window handle Window{c9109c6 u0 PopupWindow:bd5594b} has no registered input channel
12-06 16:20:36.261 17416 17530 W teco.fmhandroi: Accessing hidden method Lsun/misc/Unsafe;->compareAndSwapObject(Ljava/lang/Object;JLjava/lang/Object;Ljava/lang/Object;)Z (greylist, linking, allowed)
12-06 16:20:36.264 17416 17416 I ViewInteraction: Performing 'wait for a specific view with <(view.getId() is <2131231402> and view.getParent() view.getParent() view.getId() is <2131231406>)> during 10000 millis.' action on view view.getRootView() to equal view
12-06 16:20:36.265 17416 17460 W teco.fmhandroi: Accessing hidden method Lsun/misc/Unsafe;->compareAndSwapObject(Ljava/lang/Object;JLjava/lang/Object;Ljava/lang/Object;)Z (greylist, linking, allowed)
12-06 16:20:36.268 17416 17416 I ViewInteraction: Performing 'replace text(Заголовок c4b5498e-fd64-4a51-87b4-bde31f74f853)' action on view (view.getId() is <2131231402/ru.iteco.fmhandroid:id/title_edit_text> and view.getParent() view.getParent() view.getId() is <2131231406/ru.iteco.fmhandroid:id/title_text_input_layout>)
12-06 16:20:36.277 17416 17460 W teco.fmhandroi: Accessing hidden method Lsun/misc/Unsafe;->compareAndSwapObject(Ljava/lang/Object;JLjava/lang/Object;Ljava/lang/Object;)Z (greylist, linking, allowed)
12-06 16:20:36.325 17416 17416 I ViewInteraction: Performing 'wait for a specific view with <view.getId() is <2131230975>> during 10000 millis.' action on view view.getRootView() to equal view
12-06 16:20:36.326 17416 17460 W teco.fmhandroi: Accessing hidden method Lsun/misc/Unsafe;->compareAndSwapObject(Ljava/lang/Object;JLjava/lang/Object;Ljava/lang/Object;)Z (greylist, linking, allowed)
12-06 16:20:36.329 17416 17416 I ViewInteraction: Performing 'single click' action on view view.getId() is <2131230975/ru.iteco.fmhandroid:id/date_in_plan_text_input_edit_text>
12-06 16:20:36.548 17416 17536 I okhttp.OkHttpClient: <-- 200 http://www.981757-ca08998.tmweb.ru:8080/fmh/claims (3388ms)
12-06 16:20:36.548 17416 17536 I okhttp.OkHttpClient: Vary: Origin
12-06 16:20:36.548 17416 17536 I okhttp.OkHttpClient: Vary: Access-Control-Request-Method
12-06 16:20:36.549 17416 17536 I okhttp.OkHttpClient: Vary: Access-Control-Request-Headers
12-06 16:20:36.549 17416 17536 I okhttp.OkHttpClient: X-Content-Type-Options: nosniff
12-06 16:20:36.549 17416 17536 I okhttp.OkHttpClient: X-XSS-Protection: 1; mode=block
12-06 16:20:36.549 17416 17536 I okhttp.OkHttpClient: Cache-Control: no-cache, no-store, max-age=0, must-revalidate
12-06 16:20:36.549 17416 17536 I okhttp.OkHttpClient: Pragma: no-cache
12-06 16:20:36.549 17416 17536 I okhttp.OkHttpClient: Expires: 0
12-06 16:20:36.549 17416 17536 I okhttp.OkHttpClient: X-Frame-Options: DENY
12-06 16:20:36.549 17416 17536 I okhttp.OkHttpClient: Content-Type: application/json
12-06 16:20:36.549 17416 17536 I okhttp.OkHttpClient: Transfer-Encoding: chunked
12-06 16:20:36.549 17416 17536 I okhttp.OkHttpClient: Date: Tue, 06 Dec 2022 16:20:38 GMT
12-06 16:20:36.549 17416 17536 I okhttp.OkHttpClient: Keep-Alive: timeout=60
12-06 16:20:36.549 17416 17536 I okhttp.OkHttpClient: Connection: keep-alive
12-06 16:20:36.573  1776  1825 D gralloc_ranchu: gralloc_alloc: Creating ashmem region of size 6778880
12-06 16:20:36.578  1776  1825 I chatty  : uid=1000(system) HwBinder:1776_1 identical 1 line
12-06 16:20:36.579  1776  1825 D gralloc_ranchu: gralloc_alloc: Creating ashmem region of size 6778880
12-06 16:20:36.610 17416 17506 D EGL_emulation: eglMakeCurrent: 0xf0c7f6a0: ver 2 0 (tinfo 0xf0c89830)
12-06 16:20:36.848 17416 17506 I chatty  : uid=10146(ru.iteco.fmhandroid) RenderThread identical 10 lines
12-06 16:20:36.862 17416 17506 D EGL_emulation: eglMakeCurrent: 0xf0c7f6a0: ver 2 0 (tinfo 0xf0c89830)
12-06 16:20:37.161 17416 17460 W teco.fmhandroi: Accessing hidden method Lsun/misc/Unsafe;->compareAndSwapObject(Ljava/lang/Object;JLjava/lang/Object;Ljava/lang/Object;)Z (greylist, linking, allowed)
12-06 16:20:37.163 17416 17416 I ViewInteraction: Performing 'wait for a specific view with <is assignable from class <class android.widget.DatePicker>> during 10000 millis.' action on view view.getRootView() to equal view
12-06 16:20:37.167 17416 17416 I ViewInteraction: Checking 'MatchesViewAssertion{viewMatcher=(view has effective visibility <VISIBLE> and view.getGlobalVisibleRect() to return non-empty rectangle)}' assertion on view is assignable from class <class android.widget.DatePicker>
12-06 16:20:37.170 17416 17416 I ViewInteraction: Performing 'wait for a specific view with <is assignable from class <class android.widget.DatePicker>> during 10000 millis.' action on view view.getRootView() to equal view
12-06 16:20:37.178 17416 17416 I ViewInteraction: Performing 'set date' action on view is assignable from class <class android.widget.DatePicker>
12-06 16:20:37.191 17416 17506 D EGL_emulation: eglMakeCurrent: 0xf0c7f6a0: ver 2 0 (tinfo 0xf0c89830)
12-06 16:20:37.210 17416 17416 I ViewInteraction: Performing 'wait for a specific view with <view.getId() is <16908313>> during 10000 millis.' action on view view.getRootView() to equal view
12-06 16:20:37.211 17416 17460 W teco.fmhandroi: Accessing hidden method Lsun/misc/Unsafe;->compareAndSwapObject(Ljava/lang/Object;JLjava/lang/Object;Ljava/lang/Object;)Z (greylist, linking, allowed)
12-06 16:20:37.215 17416 17416 I ViewInteraction: Performing 'single click' action on view view.getId() is <16908313/android:id/button1>
12-06 16:20:37.291 17416 17506 D EGL_emulation: eglMakeCurrent: 0xf0c7f6a0: ver 2 0 (tinfo 0xf0c89830)
12-06 16:20:37.309  2018  3060 E InputDispatcher: Window handle Window{77661d6 u0 ru.iteco.fmhandroid/ru.iteco.fmhandroid.ui.AppActivity} has no registered input channel
12-06 16:20:37.313 17416 17506 D EGL_emulation: eglMakeCurrent: 0xf0c7f6a0: ver 2 0 (tinfo 0xf0c89830)
12-06 16:20:37.645 17416 17460 W teco.fmhandroi: Accessing hidden method Lsun/misc/Unsafe;->compareAndSwapObject(Ljava/lang/Object;JLjava/lang/Object;Ljava/lang/Object;)Z (greylist, linking, allowed)
12-06 16:20:37.647 17416 17416 I ViewInteraction: Performing 'wait for a specific view with <(an instance of android.widget.TextView and view.getHint() matching: is "Time" and view.getParent() view.getParent() view.getId() is <2131231399>)> during 10000 millis.' action on view view.getRootView() to equal view
12-06 16:20:37.649 17416 17460 W teco.fmhandroi: Accessing hidden method Lsun/misc/Unsafe;->compareAndSwapObject(Ljava/lang/Object;JLjava/lang/Object;Ljava/lang/Object;)Z (greylist, linking, allowed)
12-06 16:20:37.651 17416 17416 I ViewInteraction: Performing 'single click' action on view (an instance of android.widget.TextView and view.getHint() matching: is "Time" and view.getParent() view.getParent() view.getId() is <2131231399/ru.iteco.fmhandroid:id/time_in_plan_text_input_layout>)
12-06 16:20:37.666 17416 17537 I okhttp.OkHttpClient: <-- 200 http://www.981757-ca08998.tmweb.ru:8080/fmh/claims (3431ms)
12-06 16:20:37.666 17416 17537 I okhttp.OkHttpClient: Vary: Origin
12-06 16:20:37.666 17416 17537 I okhttp.OkHttpClient: Vary: Access-Control-Request-Method
12-06 16:20:37.666 17416 17537 I okhttp.OkHttpClient: Vary: Access-Control-Request-Headers
12-06 16:20:37.666 17416 17537 I okhttp.OkHttpClient: X-Content-Type-Options: nosniff
12-06 16:20:37.666 17416 17537 I okhttp.OkHttpClient: X-XSS-Protection: 1; mode=block
12-06 16:20:37.666 17416 17537 I okhttp.OkHttpClient: Cache-Control: no-cache, no-store, max-age=0, must-revalidate
12-06 16:20:37.666 17416 17537 I okhttp.OkHttpClient: Pragma: no-cache
12-06 16:20:37.666 17416 17537 I okhttp.OkHttpClient: Expires: 0
12-06 16:20:37.666 17416 17537 I okhttp.OkHttpClient: X-Frame-Options: DENY
12-06 16:20:37.666 17416 17537 I okhttp.OkHttpClient: Content-Type: application/json
12-06 16:20:37.666 17416 17537 I okhttp.OkHttpClient: Transfer-Encoding: chunked
12-06 16:20:37.666 17416 17537 I okhttp.OkHttpClient: Date: Tue, 06 Dec 2022 16:20:39 GMT
12-06 16:20:37.666 17416 17537 I okhttp.OkHttpClient: Keep-Alive: timeout=60
12-06 16:20:37.666 17416 17537 I okhttp.OkHttpClient: Connection: keep-alive
12-06 16:20:37.836  1776  1825 D gralloc_ranchu: gralloc_alloc: Creating ashmem region of size 5718016
12-06 16:20:37.839  1776  1825 I chatty  : uid=1000(system) HwBinder:1776_1 identical 1 line
12-06 16:20:37.840  1776  1825 D gralloc_ranchu: gralloc_alloc: Creating ashmem region of size 5718016
12-06 16:20:37.859 17416 17506 D EGL_emulation: eglMakeCurrent: 0xf0c7f6a0: ver 2 0 (tinfo 0xf0c89830)
12-06 16:20:37.924 17416 17506 I chatty  : uid=10146(ru.iteco.fmhandroid) RenderThread identical 2 lines
12-06 16:20:37.958 17416 17506 D EGL_emulation: eglMakeCurrent: 0xf0c7f6a0: ver 2 0 (tinfo 0xf0c89830)
12-06 16:20:38.202 17416 17460 W teco.fmhandroi: Accessing hidden method Lsun/misc/Unsafe;->compareAndSwapObject(Ljava/lang/Object;JLjava/lang/Object;Ljava/lang/Object;)Z (greylist, linking, allowed)
12-06 16:20:38.204 17416 17416 I ViewInteraction: Performing 'wait for a specific view with <is assignable from class <class android.widget.TimePicker>> during 10000 millis.' action on view view.getRootView() to equal view
12-06 16:20:38.208 17416 17416 I ViewInteraction: Checking 'MatchesViewAssertion{viewMatcher=(view has effective visibility <VISIBLE> and view.getGlobalVisibleRect() to return non-empty rectangle)}' assertion on view is assignable from class <class android.widget.TimePicker>
12-06 16:20:38.211 17416 17416 I ViewInteraction: Performing 'wait for a specific view with <is assignable from class <class android.widget.TimePicker>> during 10000 millis.' action on view view.getRootView() to equal view
12-06 16:20:38.213 17416 17416 I ViewInteraction: Performing 'set time' action on view is assignable from class <class android.widget.TimePicker>
12-06 16:20:38.214 17416 17530 W teco.fmhandroi: Accessing hidden method Lsun/misc/Unsafe;->compareAndSwapObject(Ljava/lang/Object;JLjava/lang/Object;Ljava/lang/Object;)Z (greylist, linking, allowed)
12-06 16:20:38.217 17416 17416 I ViewInteraction: Performing 'wait for a specific view with <view.getId() is <16908313/android:id/button1>> during 10000 millis.' action on view view.getRootView() to equal view
12-06 16:20:38.218 17416 17460 W teco.fmhandroi: Accessing hidden method Lsun/misc/Unsafe;->compareAndSwapObject(Ljava/lang/Object;JLjava/lang/Object;Ljava/lang/Object;)Z (greylist, linking, allowed)
12-06 16:20:38.221 17416 17416 I ViewInteraction: Performing 'single click' action on view view.getId() is <16908313/android:id/button1>
12-06 16:20:38.272 17416 17506 D EGL_emulation: eglMakeCurrent: 0xf0c7f6a0: ver 2 0 (tinfo 0xf0c89830)
12-06 16:20:38.291 17416 17506 D EGL_emulation: eglMakeCurrent: 0xf0c7f6a0: ver 2 0 (tinfo 0xf0c89830)
12-06 16:20:38.304  2018  8097 E InputDispatcher: Window handle Window{56a2e3 u0 ru.iteco.fmhandroid/ru.iteco.fmhandroid.ui.AppActivity} has no registered input channel
12-06 16:20:38.306 17416 17506 D EGL_emulation: eglMakeCurrent: 0xf0c7f6a0: ver 2 0 (tinfo 0xf0c89830)
12-06 16:20:38.602 17416 17460 W teco.fmhandroi: Accessing hidden method Lsun/misc/Unsafe;->compareAndSwapObject(Ljava/lang/Object;JLjava/lang/Object;Ljava/lang/Object;)Z (greylist, linking, allowed)
12-06 16:20:38.604 17416 17416 I ViewInteraction: Performing 'wait for a specific view with <(an instance of android.widget.TextView and view.getHint() matching: is "Description" and view.getParent() view.getParent() view.getId() is <2131230988>)> during 10000 millis.' action on view view.getRootView() to equal view
12-06 16:20:38.608 17416 17460 W teco.fmhandroi: Accessing hidden method Lsun/misc/Unsafe;->compareAndSwapObject(Ljava/lang/Object;JLjava/lang/Object;Ljava/lang/Object;)Z (greylist, linking, allowed)
12-06 16:20:38.610 17416 17416 I ViewInteraction: Performing 'replace text(Описание b38f02af-4358-4631-adeb-1be47938e79f)' action on view (an instance of android.widget.TextView and view.getHint() matching: is "Description" and view.getParent() view.getParent() view.getId() is <2131230988/ru.iteco.fmhandroid:id/description_text_input_layout>)
12-06 16:20:38.620 17416 17460 W teco.fmhandroi: Accessing hidden method Lsun/misc/Unsafe;->compareAndSwapObject(Ljava/lang/Object;JLjava/lang/Object;Ljava/lang/Object;)Z (greylist, linking, allowed)
12-06 16:20:38.646 17416 17416 I ViewInteraction: Performing 'wait for a specific view with <view.getId() is <2131231291>> during 10000 millis.' action on view view.getRootView() to equal view
