12-07 07:01:32.665  2656 21412 E SQLiteDatabase: 	at aqtk.a(:com.google.android.gms@202414022@20.24.14 (040700-319035315):177)
12-07 07:01:32.665  2656 21412 E SQLiteDatabase: 	at aqpu.run(:com.google.android.gms@202414022@20.24.14 (040700-319035315):9)
12-07 07:01:32.665  2656 21412 E SQLiteDatabase: 	at soy.b(:com.google.android.gms@202414022@20.24.14 (040700-319035315):12)
12-07 07:01:32.665  2656 21412 E SQLiteDatabase: 	at soy.run(:com.google.android.gms@202414022@20.24.14 (040700-319035315):7)
12-07 07:01:32.665  2656 21412 E SQLiteDatabase: 	at java.util.concurrent.ThreadPoolExecutor.runWorker(ThreadPoolExecutor.java:1167)
12-07 07:01:32.665  2656 21412 E SQLiteDatabase: 	at java.util.concurrent.ThreadPoolExecutor$Worker.run(ThreadPoolExecutor.java:641)
12-07 07:01:32.665  2656 21412 E SQLiteDatabase: 	at sux.run(:com.google.android.gms@202414022@20.24.14 (040700-319035315):0)
12-07 07:01:32.665  2656 21412 E SQLiteDatabase: 	at java.lang.Thread.run(Thread.java:919)
12-07 07:01:32.677  2656 21412 I LogUtils: [Places]: ?: Couldn't find platform key file. [CONTEXT service_id=253 ]
12-07 07:01:32.759  2656 21908 I ctxmgr  : [ProducerStatusImpl] updateStateForNewContextData: inactive, contextName=7 [CONTEXT service_id=47 ]
12-07 07:01:32.783  2656  2656 I GeofencerStateMachine: removeGeofences: removeRequest=RemoveGeofencingRequest[REMOVE_BY_PENDING_INTENT pendingIntent=PendingIntent[creatorPackage=com.google.android.gms], packageName=com.google.android.gms]
12-07 07:01:32.785  2018  2031 I system_server: NativeAlloc concurrent copying GC freed 121311(4715KB) AllocSpace objects, 21(612KB) LOS objects, 28% free, 15MB/21MB, paused 706us total 1.029s
12-07 07:01:32.792  2656  2656 I GeofencerStateMachine: removeGeofences: removeRequest=RemoveGeofencingRequest[REMOVE_BY_PENDING_INTENT pendingIntent=PendingIntent[creatorPackage=com.google.android.gms], packageName=com.google.android.gms]
12-07 07:01:32.800  2656 22240 I LogUtils: [Places]: ?: Couldn't find platform key file. [CONTEXT service_id=253 ]
12-07 07:01:32.807  2656  3542 W GCoreFlp: No location to return for getLastLocation()
12-07 07:01:32.819  2656 21412 I LogUtils: [Places]: ?: Couldn't find platform key file. [CONTEXT service_id=253 ]
12-07 07:01:32.819  2656 22278 I PlacesLogger: [PlaceInferenceEngine]: [anon] Changed inference mode: 0 [CONTEXT service_id=253 ]
12-07 07:01:32.856  2656  3542 W GCoreFlp: No location to return for getLastLocation()
12-07 07:01:32.886  2656 22239 I LogUtils: [Places]: ?: Couldn't find platform key file. [CONTEXT service_id=253 ]
12-07 07:01:32.889  1764  1891 W audio_hw_generic: Not supplying enough data to HAL, expected position 52252851 , only wrote 50595584
12-07 07:01:32.901  2656 22239 I LogUtils: [Places]: ?: Couldn't find platform key file. [CONTEXT service_id=253 ]
12-07 07:01:32.926  2656 22278 I LogUtils: [Places]: ?: PlacesBleScanner start() with priority 2 [CONTEXT service_id=253 ]
12-07 07:01:32.927  2656 22278 I PlacesLogger: [PlaceInferenceEngine]: [anon] Changed inference mode: 1 [CONTEXT service_id=253 ]
12-07 07:01:32.944  2656  2656 E BeaconBle: Missing BluetoothAdapter [CONTEXT service_id=111 ]
12-07 07:01:32.944  2656  2656 I BeaconBle: BLE 'KK+' software access layer enabled [CONTEXT service_id=111 ]
12-07 07:01:32.960  2656  3542 W GCoreFlp: No location to return for getLastLocation()
12-07 07:01:32.987  2656  2656 I BeaconBle: Client requested scan, settings=BleSettings [scanMode=ZERO_POWER, callbackType=ALL_MATCHES, reportDelayMillis=0, 1 filters, 0 clients, callingClientName=Places] [CONTEXT service_id=111 ]
12-07 07:01:32.990  2656  2656 I BeaconBle: Scan : No clients left, canceling alarm. [CONTEXT service_id=111 ]
12-07 07:01:32.992  2656  2656 E BeaconBle: Scan couldn't start for Places [CONTEXT service_id=111 ]
12-07 07:01:32.993  2656  2656 W Places  : BLE failure while scanning - code 5
12-07 07:01:33.013  2656 21908 I LogUtils: [Places]: ?: Couldn't find platform key file. [CONTEXT service_id=253 ]
12-07 07:01:33.025 22064 22064 I ViewInteraction: Performing 'wait for a specific view with <(an instance of android.widget.TextView and view.getText() with or without transformation to match: is "Authorization" and view.getParent() view.getParent() view.getId() is <2131231186>)> during 10000 millis.' action on view view.getRootView() to equal view
12-07 07:01:33.041  2656  2671 I .gms.persisten: Background young concurrent copying GC freed 87361(5014KB) AllocSpace objects, 1(152KB) LOS objects, 23% free, 10MB/14MB, paused 545us total 139.236ms
12-07 07:01:33.480  2018  5645 D WificondControl: Scan result ready event
12-07 07:01:35.192 22064 22174 I okhttp.OkHttpClient: --> GET http://www.981757-ca08998.tmweb.ru:8080/fmh/authentication/userInfo
12-07 07:01:35.192 22064 22174 I okhttp.OkHttpClient: --> END GET
12-07 07:01:35.447 22064 22174 I okhttp.OkHttpClient: <-- 200 http://www.981757-ca08998.tmweb.ru:8080/fmh/authentication/userInfo (255ms)
12-07 07:01:35.448 22064 22174 I okhttp.OkHttpClient: Vary: Origin
12-07 07:01:35.448 22064 22174 I okhttp.OkHttpClient: Vary: Access-Control-Request-Method
12-07 07:01:35.448 22064 22174 I okhttp.OkHttpClient: Vary: Access-Control-Request-Headers
12-07 07:01:35.448 22064 22174 I okhttp.OkHttpClient: X-Content-Type-Options: nosniff
12-07 07:01:35.448 22064 22174 I okhttp.OkHttpClient: X-XSS-Protection: 1; mode=block
12-07 07:01:35.448 22064 22174 I okhttp.OkHttpClient: Cache-Control: no-cache, no-store, max-age=0, must-revalidate
12-07 07:01:35.448 22064 22174 I okhttp.OkHttpClient: Pragma: no-cache
12-07 07:01:35.448 22064 22174 I okhttp.OkHttpClient: Expires: 0
12-07 07:01:35.448 22064 22174 I okhttp.OkHttpClient: X-Frame-Options: DENY
12-07 07:01:35.448 22064 22174 I okhttp.OkHttpClient: Content-Type: application/json
12-07 07:01:35.448 22064 22174 I okhttp.OkHttpClient: Transfer-Encoding: chunked
12-07 07:01:35.448 22064 22174 I okhttp.OkHttpClient: Date: Wed, 07 Dec 2022 07:01:37 GMT
12-07 07:01:35.448 22064 22174 I okhttp.OkHttpClient: Keep-Alive: timeout=60
12-07 07:01:35.448 22064 22174 I okhttp.OkHttpClient: Connection: keep-alive
12-07 07:01:35.449 22064 22174 I okhttp.OkHttpClient: {"id":2,"firstName":"Данил","lastName":"Иванов","middleName":"Данилович","admin":true}
12-07 07:01:35.449 22064 22174 I okhttp.OkHttpClient: <-- END HTTP (106-byte body)
12-07 07:01:35.455 22064 22197 I okhttp.OkHttpClient: --> GET http://www.981757-ca08998.tmweb.ru:8080/fmh/claims
12-07 07:01:35.455 22064 22197 I okhttp.OkHttpClient: --> END GET
12-07 07:01:35.740 22064 22077 I teco.fmhandroi: Background concurrent copying GC freed 153223(8145KB) AllocSpace objects, 1(16KB) LOS objects, 27% free, 15MB/21MB, paused 389us total 117.258ms
12-07 07:01:37.455 22064 22261 V FA      : Inactivity, disconnecting from the service
12-07 07:01:37.545  2656 21412 I LogUtils: [Places]: ?: Couldn't find platform key file. [CONTEXT service_id=253 ]
12-07 07:01:37.550  2656 22281 I LogUtils: [Places]: ?: Couldn't find platform key file. [CONTEXT service_id=253 ]
12-07 07:01:37.559  2656 22278 I LogUtils: [Places]: ?: PlacesBleScanner stop() [CONTEXT service_id=253 ]
12-07 07:01:37.560  2656  2656 I BeaconBle: Scan : No clients left, canceling alarm. [CONTEXT service_id=111 ]
12-07 07:01:37.560  2656  2656 I BeaconBle: Scan canceled successfully. [CONTEXT service_id=111 ]
12-07 07:01:37.564  2656 22278 I PlacesLogger: [PlaceInferenceEngine]: [anon] Changed inference mode: 0 [CONTEXT service_id=253 ]
12-07 07:01:37.581  2656  3542 W GCoreFlp: No location to return for getLastLocation()
12-07 07:01:37.589  2656 22281 I LogUtils: [Places]: ?: Couldn't find platform key file. [CONTEXT service_id=253 ]
12-07 07:01:37.592  2656 22239 I LogUtils: [Places]: ?: Couldn't find platform key file. [CONTEXT service_id=253 ]
12-07 07:01:37.629  2656  2656 I GeofencerStateMachine: removeGeofences: removeRequest=RemoveGeofencingRequest[REMOVE_BY_PENDING_INTENT pendingIntent=PendingIntent[creatorPackage=com.google.android.gms], packageName=com.google.android.gms]
12-07 07:01:37.654 22064 22197 I okhttp.OkHttpClient: <-- 200 http://www.981757-ca08998.tmweb.ru:8080/fmh/claims (2199ms)
12-07 07:01:37.654 22064 22197 I okhttp.OkHttpClient: Vary: Origin
12-07 07:01:37.654 22064 22197 I okhttp.OkHttpClient: Vary: Access-Control-Request-Method
12-07 07:01:37.654 22064 22197 I okhttp.OkHttpClient: Vary: Access-Control-Request-Headers
12-07 07:01:37.655 22064 22197 I okhttp.OkHttpClient: X-Content-Type-Options: nosniff
12-07 07:01:37.655 22064 22197 I okhttp.OkHttpClient: X-XSS-Protection: 1; mode=block
12-07 07:01:37.655 22064 22197 I okhttp.OkHttpClient: Cache-Control: no-cache, no-store, max-age=0, must-revalidate
12-07 07:01:37.655 22064 22197 I okhttp.OkHttpClient: Pragma: no-cache
12-07 07:01:37.655 22064 22197 I okhttp.OkHttpClient: Expires: 0
12-07 07:01:37.655 22064 22197 I okhttp.OkHttpClient: X-Frame-Options: DENY
12-07 07:01:37.655 22064 22197 I okhttp.OkHttpClient: Content-Type: application/json
12-07 07:01:37.655 22064 22197 I okhttp.OkHttpClient: Transfer-Encoding: chunked
12-07 07:01:37.655 22064 22197 I okhttp.OkHttpClient: Date: Wed, 07 Dec 2022 07:01:39 GMT
12-07 07:01:37.655 22064 22197 I okhttp.OkHttpClient: Keep-Alive: timeout=60
12-07 07:01:37.655 22064 22197 I okhttp.OkHttpClient: Connection: keep-alive
12-07 07:01:37.738  3300  3342 I e.process.gapp: Background young concurrent copying GC freed 23970(1001KB) AllocSpace objects, 0(0B) LOS objects, 36% free, 1890KB/2971KB, paused 455us total 160.566ms
12-07 07:01:42.446  2962  3348 I WorkerManager: dispose()
12-07 07:01:42.447  2962  3348 W ThreadPoolDumper: Queue length for executor EventBus is now 11. Perhaps some tasks are too long, or the pool is too small.
12-07 07:01:42.567  2656  2656 I BeaconBle: Scan : No clients left, canceling alarm. [CONTEXT service_id=111 ]
12-07 07:01:43.073 22064 22064 D takeScreenshot: Found 1 global views to redraw
12-07 07:01:43.096  1776  1825 D gralloc_ranchu: gralloc_alloc: Creating ashmem region of size 10108928
12-07 07:01:43.134 22064 22108 W DefaultFailureHandler: Failed to take screenshot
12-07 07:01:43.134 22064 22108 W DefaultFailureHandler: java.io.FileNotFoundException: view-op-error-4.png: open failed: EROFS (Read-only file system)
12-07 07:01:43.134 22064 22108 W DefaultFailureHandler: 	at libcore.io.IoBridge.open(IoBridge.java:496)
12-07 07:01:43.134 22064 22108 W DefaultFailureHandler: 	at java.io.FileOutputStream.<init>(FileOutputStream.java:235)
12-07 07:01:43.134 22064 22108 W DefaultFailureHandler: 	at java.io.FileOutputStream.<init>(FileOutputStream.java:125)
12-07 07:01:43.134 22064 22108 W DefaultFailureHandler: 	at androidx.test.platform.io.FileTestStorage.openOutputFile(FileTestStorage.java:60)
12-07 07:01:43.134 22064 22108 W DefaultFailureHandler: 	at androidx.test.core.graphics.BitmapStorage.writeToTestStorage(BitmapStorageExt.kt:49)
12-07 07:01:43.134 22064 22108 W DefaultFailureHandler: 	at androidx.test.espresso.base.DefaultFailureHandler.takeScreenshot(DefaultFailureHandler.java:4)
12-07 07:01:43.134 22064 22108 W DefaultFailureHandler: 	at androidx.test.espresso.base.DefaultFailureHandler.handle(DefaultFailureHandler.java:3)
12-07 07:01:43.134 22064 22108 W DefaultFailureHandler: 	at androidx.test.espresso.ViewInteraction.waitForAndHandleInteractionResults(ViewInteraction.java:8)
12-07 07:01:43.134 22064 22108 W DefaultFailureHandler: 	at androidx.test.espresso.ViewInteraction.desugaredPerform(ViewInteraction.java:11)
12-07 07:01:43.134 22064 22108 W DefaultFailureHandler: 	at androidx.test.espresso.ViewInteraction.perform(ViewInteraction.java:8)
12-07 07:01:43.134 22064 22108 W DefaultFailureHandler: 	at ru.iteco.fmhandroid.ui.data.TestUtils.waitView(TestUtils.java:61)
12-07 07:01:43.134 22064 22108 W DefaultFailureHandler: 	at ru.iteco.fmhandroid.ui.steps.AuthSteps.isAuthScreen(AuthSteps.java:56)
12-07 07:01:43.134 22064 22108 W DefaultFailureHandler: 	at ru.iteco.fmhandroid.ui.FilterNewsPageTest.logoutCheck(FilterNewsPageTest.java:53)
12-07 07:01:43.134 22064 22108 W DefaultFailureHandler: 	at java.lang.reflect.Method.invoke(Native Method)
12-07 07:01:43.134 22064 22108 W DefaultFailureHandler: 	at org.junit.runners.model.FrameworkMethod$1.runReflectiveCall(FrameworkMethod.java:59)
12-07 07:01:43.134 22064 22108 W DefaultFailureHandler: 	at org.junit.internal.runners.model.ReflectiveCallable.run(ReflectiveCallable.java:12)
12-07 07:01:43.134 22064 22108 W DefaultFailureHandler: 	at org.junit.runners.model.FrameworkMethod.invokeExplosively(FrameworkMethod.java:56)
12-07 07:01:43.134 22064 22108 W DefaultFailureHandler: 	at androidx.test.internal.runner.junit4.statement.RunBefores.evaluate(RunBefores.java:76)
12-07 07:01:43.134 22064 22108 W DefaultFailureHandler: 	at io.qameta.allure.android.rules.ScreenshotRule$apply$1.evaluate(ScreenshotRule.kt:22)
12-07 07:01:43.134 22064 22108 W DefaultFailureHandler: 	at org.junit.rules.ExternalResource$1.evaluate(ExternalResource.java:54)
12-07 07:01:43.134 22064 22108 W DefaultFailureHandler: 	at io.qameta.allure.android.rules.LogcatRule$apply$1.evaluate(LogcatRule.kt:23)
12-07 07:01:43.134 22064 22108 W DefaultFailureHandler: 	at org.junit.rules.RunRules.evaluate(RunRules.java:20)
12-07 07:01:43.134 22064 22108 W DefaultFailureHandler: 	at org.junit.runners.ParentRunner$3.evaluate(ParentRunner.java:306)
12-07 07:01:43.134 22064 22108 W DefaultFailureHandler: 	at org.junit.runners.BlockJUnit4ClassRunner$1.evaluate(BlockJUnit4ClassRunner.java:100)
12-07 07:01:43.134 22064 22108 W DefaultFailureHandler: 	at org.junit.runners.ParentRunner.runLeaf(ParentRunner.java:366)
12-07 07:01:43.134 22064 22108 W DefaultFailureHandler: 	at org.junit.runners.BlockJUnit4ClassRunner.runChild(BlockJUnit4ClassRunner.java:103)
12-07 07:01:43.134 22064 22108 W DefaultFailureHandler: 	at org.junit.runners.BlockJUnit4ClassRunner.runChild(BlockJUnit4ClassRunner.java:63)
12-07 07:01:43.134 22064 22108 W DefaultFailureHandler: 	at org.junit.runners.ParentRunner$4.run(ParentRunner.java:331)
12-07 07:01:43.134 22064 22108 W DefaultFailureHandler: 	at org.junit.runners.ParentRunner$1.schedule(ParentRunner.java:79)
12-07 07:01:43.134 22064 22108 W DefaultFailureHandler: 	at org.junit.runners.ParentRunner.runChildren(ParentRunner.java:329)
12-07 07:01:43.134 22064 22108 W DefaultFailureHandler: 	at org.junit.runners.ParentRunner.access$100(ParentRunner.java:66)
12-07 07:01:43.134 22064 22108 W DefaultFailureHandler: 	at org.junit.runners.ParentRunner$2.evaluate(ParentRunner.java:293)
12-07 07:01:43.134 22064 22108 W DefaultFailureHandler: 	at org.junit.runners.ParentRunner$3.evaluate(ParentRunner.java:306)
12-07 07:01:43.134 22064 22108 W DefaultFailureHandler: 	at org.junit.runners.ParentRunner.run(ParentRunner.java:413)
12-07 07:01:43.134 22064 22108 W DefaultFailureHandler: 	at androidx.test.ext.junit.runners.AndroidJUnit4.run(AndroidJUnit4.java:162)
12-07 07:01:43.134 22064 22108 W DefaultFailureHandler: 	at io.qameta.allure.android.runners.AllureAndroidJUnit4.run(AllureAndroidJUnitRunners.kt:29)
12-07 07:01:43.134 22064 22108 W DefaultFailureHandler: 	at org.junit.runners.Suite.runChild(Suite.java:128)
12-07 07:01:43.134 22064 22108 W DefaultFailureHandler: 	at org.junit.runners.Suite.runChild(Suite.java:27)
12-07 07:01:43.134 22064 22108 W DefaultFailureHandler: 	at org.junit.runners.ParentRunner$4.run(ParentRunner.java:331)
12-07 07:01:43.134 22064 22108 W DefaultFailureHandler: 	at org.junit.runners.ParentRunner$1.schedule(ParentRunner.java:79)
12-07 07:01:43.134 22064 22108 W DefaultFailureHandler: 	at org.junit.runners.ParentRunner.runChildren(ParentRunner.java:329)
12-07 07:01:43.134 22064 22108 W DefaultFailureHandler: 	at org.junit.runners.ParentRunner.access$100(ParentRunner.java:66)
12-07 07:01:43.134 22064 22108 W DefaultFailureHandler: 	at org.junit.runners.ParentRunner$2.evaluate(ParentRunner.java:293)
12-07 07:01:43.134 22064 22108 W DefaultFailureHandler: 	at org.junit.runners.ParentRunner$3.evaluate(ParentRunner.java:306)
12-07 07:01:43.134 22064 22108 W DefaultFailureHandler: 	at org.junit.runners.ParentRunner.run(ParentRunner.java:413)
12-07 07:01:43.134 22064 22108 W DefaultFailureHandler: 	at org.junit.runner.JUnitCore.run(JUnitCore.java:137)
12-07 07:01:43.134 22064 22108 W DefaultFailureHandler: 	at org.junit.runner.JUnitCore.run(JUnitCore.java:115)
12-07 07:01:43.134 22064 22108 W DefaultFailureHandler: 	at androidx.test.internal.runner.TestExecutor.execute(TestExecutor.java:67)
12-07 07:01:43.134 22064 22108 W DefaultFailureHandler: 	at androidx.test.internal.runner.TestExecutor.execute(TestExecutor.java:58)
12-07 07:01:43.134 22064 22108 W DefaultFailureHandler: 	at androidx.test.runner.AndroidJUnitRunner.onStart(AndroidJUnitRunner.java:438)
12-07 07:01:43.134 22064 22108 W DefaultFailureHandler: 	at android.app.Instrumentation$InstrumentationThread.run(Instrumentation.java:2189)
12-07 07:01:43.134 22064 22108 W DefaultFailureHandler: Caused by: android.system.ErrnoException: open failed: EROFS (Read-only file system)
12-07 07:01:43.135 22064 22108 W DefaultFailureHandler: 	at libcore.io.Linux.open(Native Method)
12-07 07:01:43.135 22064 22108 W DefaultFailureHandler: 	at libcore.io.ForwardingOs.open(ForwardingOs.java:167)
12-07 07:01:43.135 22064 22108 W DefaultFailureHandler: 	at libcore.io.BlockGuardOs.open(BlockGuardOs.java:252)
12-07 07:01:43.135 22064 22108 W DefaultFailureHandler: 	at libcore.io.ForwardingOs.open(ForwardingOs.java:167)
12-07 07:01:43.135 22064 22108 W DefaultFailureHandler: 	at android.app.ActivityThread$AndroidOs.open(ActivityThread.java:7255)
12-07 07:01:43.135 22064 22108 W DefaultFailureHandler: 	at libcore.io.IoBridge.open(IoBridge.java:482)
12-07 07:01:43.135 22064 22108 W DefaultFailureHandler: 	... 50 more
12-07 07:01:43.138 22064 22064 I ViewInteraction: Performing 'wait for a specific view with <view.getId() is <2131230870/ru.iteco.fmhandroid:id/authorization_image_button>> during 10000 millis.' action on view view.getRootView() to equal view
12-07 07:01:43.139 22064 22064 I ViewInteraction: Checking 'MatchesViewAssertion{viewMatcher=(view has effective visibility <VISIBLE> and view.getGlobalVisibleRect() to return non-empty rectangle)}' assertion on view view.getId() is <2131230870/ru.iteco.fmhandroid:id/authorization_image_button>
12-07 07:01:43.140 22064 22064 I ViewInteraction: Performing 'single click' action on view view.getId() is <2131230870/ru.iteco.fmhandroid:id/authorization_image_button>
12-07 07:01:43.191  1764  6994 W audio_hw_generic: Not supplying enough data to HAL, expected position 50595736 , only wrote 50595584
12-07 07:01:43.217  1776  1825 D gralloc_ranchu: gralloc_alloc: Creating ashmem region of size 884736
12-07 07:01:43.219  1776  1825 I chatty  : uid=1000(system) HwBinder:1776_1 identical 1 line
12-07 07:01:43.220  1776  1825 D gralloc_ranchu: gralloc_alloc: Creating ashmem region of size 884736
12-07 07:01:43.223 22064 22155 D EGL_emulation: eglMakeCurrent: 0xe593dde0: ver 2 0 (tinfo 0xf0c9e670)
12-07 07:01:43.251 22064 22155 I chatty  : uid=10146(ru.iteco.fmhandroid) RenderThread identical 2 lines
12-07 07:01:43.269 22064 22155 D EGL_emulation: eglMakeCurrent: 0xe593dde0: ver 2 0 (tinfo 0xf0c9e670)
12-07 07:01:43.495 22064 22064 I ViewInteraction: Performing 'wait for a specific view with <an instance of android.widget.TextView and view.getText() with or without transformation to match: is "Log out"> during 10000 millis.' action on view view.getRootView() to equal view
12-07 07:01:43.504 22064 22064 I ViewInteraction: Checking 'MatchesViewAssertion{viewMatcher=(view has effective visibility <VISIBLE> and view.getGlobalVisibleRect() to return non-empty rectangle)}' assertion on view an instance of android.widget.TextView and view.getText() with or without transformation to match: is "Log out"
12-07 07:01:43.510 22064 22064 I ViewInteraction: Performing 'single click' action on view an instance of android.widget.TextView and view.getText() with or without transformation to match: is "Log out"
12-07 07:01:43.560 22064 22155 D EGL_emulation: eglMakeCurrent: 0xe593dde0: ver 2 0 (tinfo 0xf0c9e670)
12-07 07:01:43.682 22064 22155 I chatty  : uid=10146(ru.iteco.fmhandroid) RenderThread identical 1 line
12-07 07:01:43.706 22064 22155 D EGL_emulation: eglMakeCurrent: 0xe593dde0: ver 2 0 (tinfo 0xf0c9e670)
12-07 07:01:43.804 22064 22064 I ViewInteraction: Performing 'wait for a specific view with <(an instance of android.widget.TextView and view.getText() with or without transformation to match: is "Authorization" and view.getParent() view.getParent() view.getId() is <2131231186>)> during 10000 millis.' action on view view.getRootView() to equal view
12-07 07:01:43.807 22064 22064 I ViewInteraction: Checking 'MatchesViewAssertion{viewMatcher=(view has effective visibility <VISIBLE> and view.getGlobalVisibleRect() to return non-empty rectangle)}' assertion on view (an instance of android.widget.TextView and view.getText() with or without transformation to match: is "Authorization" and view.getParent() view.getParent() view.getId() is <2131231186/ru.iteco.fmhandroid:id/nav_host_fragment>)
12-07 07:01:43.810 22064 22064 I ViewInteraction: Performing 'wait for a specific view with <(an instance of android.widget.TextView and view.getHint() matching: is "Login" and view.getParent() view.getParent() view.getId() is <2131231121/ru.iteco.fmhandroid:id/login_text_input_layout>)> during 10000 millis.' action on view view.getRootView() to equal view
12-07 07:01:43.811 22064 22064 I ViewInteraction: Checking 'MatchesViewAssertion{viewMatcher=(view has effective visibility <VISIBLE> and view.getGlobalVisibleRect() to return non-empty rectangle)}' assertion on view (an instance of android.widget.TextView and view.getHint() matching: is "Login" and view.getParent() view.getParent() view.getId() is <2131231121/ru.iteco.fmhandroid:id/login_text_input_layout>)
12-07 07:01:43.813 22064 22064 I ViewInteraction: Performing 'wait for a specific view with <(an instance of android.widget.TextView and view.getHint() matching: is "Password" and view.getParent() view.getParent() view.getId() is <2131231264/ru.iteco.fmhandroid:id/password_text_input_layout>)> during 10000 millis.' action on view view.getRootView() to equal view
12-07 07:01:43.814 22064 22064 I ViewInteraction: Checking 'MatchesViewAssertion{viewMatcher=(view has effective visibility <VISIBLE> and view.getGlobalVisibleRect() to return non-empty rectangle)}' assertion on view (an instance of android.widget.TextView and view.getHint() matching: is "Password" and view.getParent() view.getParent() view.getId() is <2131231264/ru.iteco.fmhandroid:id/password_text_input_layout>)
12-07 07:01:43.815 22064 22064 I ViewInteraction: Performing 'wait for a specific view with <(view.getId() is <2131231039/ru.iteco.fmhandroid:id/enter_button> and an instance of android.widget.TextView and view.getText() with or without transformation to match: is "SIGN IN" and view.getContentDescription() is "Save" and view.getParent() view.getParent() an instance of android.widget.RelativeLayout)> during 10000 millis.' action on view view.getRootView() to equal view
12-07 07:01:43.817 22064 22064 I ViewInteraction: Checking 'MatchesViewAssertion{viewMatcher=(view has effective visibility <VISIBLE> and view.getGlobalVisibleRect() to return non-empty rectangle)}' assertion on view (view.getId() is <2131231039/ru.iteco.fmhandroid:id/enter_button> and an instance of android.widget.TextView and view.getText() with or without transformation to match: is "SIGN IN" and view.getContentDescription() is "Save" and view.getParent() view.getParent() an instance of android.widget.RelativeLayout)
12-07 07:01:43.819 22064 22064 I ViewInteraction: Performing 'wait for a specific view with <(an instance of android.widget.TextView and view.getText() with or without transformation to match: is "Authorization" and view.getParent() view.getParent() view.getId() is <2131231186>)> during 10000 millis.' action on view view.getRootView() to equal view
12-07 07:01:43.821 22064 22064 I ViewInteraction: Checking 'MatchesViewAssertion{viewMatcher=(view has effective visibility <VISIBLE> and view.getGlobalVisibleRect() to return non-empty rectangle)}' assertion on view (an instance of android.widget.TextView and view.getText() with or without transformation to match: is "Authorization" and view.getParent() view.getParent() view.getId() is <2131231186/ru.iteco.fmhandroid:id/nav_host_fragment>)
12-07 07:01:43.822 22064 22064 I ViewInteraction: Performing 'wait for a specific view with <(an instance of android.widget.TextView and view.getHint() matching: is "Login" and view.getParent() view.getParent() view.getId() is <2131231121/ru.iteco.fmhandroid:id/login_text_input_layout>)> during 10000 millis.' action on view view.getRootView() to equal view
12-07 07:01:43.823 22064 22064 I ViewInteraction: Checking 'MatchesViewAssertion{viewMatcher=(view has effective visibility <VISIBLE> and view.getGlobalVisibleRect() to return non-empty rectangle)}' assertion on view (an instance of android.widget.TextView and view.getHint() matching: is "Login" and view.getParent() view.getParent() view.getId() is <2131231121/ru.iteco.fmhandroid:id/login_text_input_layout>)
12-07 07:01:43.825 22064 22064 I ViewInteraction: Performing 'wait for a specific view with <(an instance of android.widget.TextView and view.getHint() matching: is "Password" and view.getParent() view.getParent() view.getId() is <2131231264/ru.iteco.fmhandroid:id/password_text_input_layout>)> during 10000 millis.' action on view view.getRootView() to equal view
12-07 07:01:43.827 22064 22064 I ViewInteraction: Checking 'MatchesViewAssertion{viewMatcher=(view has effective visibility <VISIBLE> and view.getGlobalVisibleRect() to return non-empty rectangle)}' assertion on view (an instance of android.widget.TextView and view.getHint() matching: is "Password" and view.getParent() view.getParent() view.getId() is <2131231264/ru.iteco.fmhandroid:id/password_text_input_layout>)
12-07 07:01:43.828 22064 22064 I ViewInteraction: Performing 'wait for a specific view with <(view.getId() is <2131231039/ru.iteco.fmhandroid:id/enter_button> and an instance of android.widget.TextView and view.getText() with or without transformation to match: is "SIGN IN" and view.getContentDescription() is "Save" and view.getParent() view.getParent() an instance of android.widget.RelativeLayout)> during 10000 millis.' action on view view.getRootView() to equal view
12-07 07:01:43.830 22064 22064 I ViewInteraction: Checking 'MatchesViewAssertion{viewMatcher=(view has effective visibility <VISIBLE> and view.getGlobalVisibleRect() to return non-empty rectangle)}' assertion on view (view.getId() is <2131231039/ru.iteco.fmhandroid:id/enter_button> and an instance of android.widget.TextView and view.getText() with or without transformation to match: is "SIGN IN" and view.getContentDescription() is "Save" and view.getParent() view.getParent() an instance of android.widget.RelativeLayout)
12-07 07:01:43.831 22064 22064 I ViewInteraction: Performing 'wait for a specific view with <(an instance of android.widget.TextView and view.getHint() matching: is "Login" and view.getParent() view.getParent() view.getId() is <2131231121/ru.iteco.fmhandroid:id/login_text_input_layout>)> during 10000 millis.' action on view view.getRootView() to equal view
12-07 07:01:43.833 22064 22064 I ViewInteraction: Performing 'replace text(login2)' action on view (an instance of android.widget.TextView and view.getHint() matching: is "Login" and view.getParent() view.getParent() view.getId() is <2131231121/ru.iteco.fmhandroid:id/login_text_input_layout>)
12-07 07:01:43.851 22064 22064 I ViewInteraction: Performing 'wait for a specific view with <(an instance of android.widget.TextView and view.getHint() matching: is "Password" and view.getParent() view.getParent() view.getId() is <2131231264/ru.iteco.fmhandroid:id/password_text_input_layout>)> during 10000 millis.' action on view view.getRootView() to equal view
12-07 07:01:43.854 22064 22064 I ViewInteraction: Performing 'replace text(password2)' action on view (an instance of android.widget.TextView and view.getHint() matching: is "Password" and view.getParent() view.getParent() view.getId() is <2131231264/ru.iteco.fmhandroid:id/password_text_input_layout>)
12-07 07:01:43.865 22064 22064 I ViewInteraction: Performing 'wait for a specific view with <(view.getId() is <2131231039/ru.iteco.fmhandroid:id/enter_button> and an instance of android.widget.TextView and view.getText() with or without transformation to match: is "SIGN IN" and view.getContentDescription() is "Save" and view.getParent() view.getParent() an instance of android.widget.RelativeLayout)> during 10000 millis.' action on view view.getRootView() to equal view
12-07 07:01:43.867 22064 22064 I ViewInteraction: Checking 'MatchesViewAssertion{viewMatcher=view.isClickable() is <true>}' assertion on view (view.getId() is <2131231039/ru.iteco.fmhandroid:id/enter_button> and an instance of android.widget.TextView and view.getText() with or without transformation to match: is "SIGN IN" and view.getContentDescription() is "Save" and view.getParent() view.getParent() an instance of android.widget.RelativeLayout)
12-07 07:01:43.870 22064 22064 I ViewInteraction: Performing 'wait for a specific view with <(view.getId() is <2131231039/ru.iteco.fmhandroid:id/enter_button> and an instance of android.widget.TextView and view.getText() with or without transformation to match: is "SIGN IN" and view.getContentDescription() is "Save" and view.getParent() view.getParent() an instance of android.widget.RelativeLayout)> during 10000 millis.' action on view view.getRootView() to equal view
12-07 07:01:43.871 22064 22064 I ViewInteraction: Checking 'MatchesViewAssertion{viewMatcher=view.isClickable() is <true>}' assertion on view (view.getId() is <2131231039/ru.iteco.fmhandroid:id/enter_button> and an instance of android.widget.TextView and view.getText() with or without transformation to match: is "SIGN IN" and view.getContentDescription() is "Save" and view.getParent() view.getParent() an instance of android.widget.RelativeLayout)
12-07 07:01:43.873 22064 22064 I ViewInteraction: Performing 'wait for a specific view with <(view.getId() is <2131231039/ru.iteco.fmhandroid:id/enter_button> and an instance of android.widget.TextView and view.getText() with or without transformation to match: is "SIGN IN" and view.getContentDescription() is "Save" and view.getParent() view.getParent() an instance of android.widget.RelativeLayout)> during 10000 millis.' action on view view.getRootView() to equal view
12-07 07:01:43.878 22064 22064 I ViewInteraction: Performing 'single click' action on view (view.getId() is <2131231039/ru.iteco.fmhandroid:id/enter_button> and an instance of android.widget.TextView and view.getText() with or without transformation to match: is "SIGN IN" and view.getContentDescription() is "Save" and view.getParent() view.getParent() an instance of android.widget.RelativeLayout)
12-07 07:01:43.927 22064 22195 I okhttp.OkHttpClient: --> POST http://www.981757-ca08998.tmweb.ru:8080/fmh/authentication/login
12-07 07:01:43.927 22064 22195 I okhttp.OkHttpClient: Content-Type: application/json; charset=UTF-8
12-07 07:01:43.928 22064 22195 I okhttp.OkHttpClient: Content-Length: 41
12-07 07:01:43.928 22064 22195 I okhttp.OkHttpClient: {"login":"login2","password":"password2"}
12-07 07:01:43.928 22064 22195 I okhttp.OkHttpClient: --> END POST (41-byte body)
12-07 07:01:44.162 22064 22064 I ViewInteraction: Performing 'wait for a specific view with <an instance of android.widget.TextView and view.getText() with or without transformation to match: is "News"> during 10000 millis.' action on view view.getRootView() to equal view
12-07 07:01:44.162 22064 22195 I okhttp.OkHttpClient: <-- 200 http://www.981757-ca08998.tmweb.ru:8080/fmh/authentication/login (234ms)
12-07 07:01:44.162 22064 22195 I okhttp.OkHttpClient: Vary: Origin
12-07 07:01:44.162 22064 22195 I okhttp.OkHttpClient: Vary: Access-Control-Request-Method
12-07 07:01:44.162 22064 22195 I okhttp.OkHttpClient: Vary: Access-Control-Request-Headers
12-07 07:01:44.162 22064 22195 I okhttp.OkHttpClient: X-Content-Type-Options: nosniff
12-07 07:01:44.163 22064 22195 I okhttp.OkHttpClient: X-XSS-Protection: 1; mode=block
12-07 07:01:44.163 22064 22195 I okhttp.OkHttpClient: Cache-Control: no-cache, no-store, max-age=0, must-revalidate
12-07 07:01:44.163 22064 22195 I okhttp.OkHttpClient: Pragma: no-cache
12-07 07:01:44.163 22064 22195 I okhttp.OkHttpClient: Expires: 0
12-07 07:01:44.163 22064 22195 I okhttp.OkHttpClient: X-Frame-Options: DENY
12-07 07:01:44.163 22064 22195 I okhttp.OkHttpClient: Content-Type: application/json
12-07 07:01:44.164 22064 22195 I okhttp.OkHttpClient: Transfer-Encoding: chunked
12-07 07:01:44.164 22064 22195 I okhttp.OkHttpClient: Date: Wed, 07 Dec 2022 07:01:46 GMT
12-07 07:01:44.165 22064 22195 I okhttp.OkHttpClient: Keep-Alive: timeout=60
12-07 07:01:44.165 22064 22195 I okhttp.OkHttpClient: Connection: keep-alive
12-07 07:01:44.166 22064 22195 I okhttp.OkHttpClient: {"accessToken":"eyJhbGciOiJIUzUxMiJ9.eyJzdWIiOiJsb2dpbjIiLCJqdGkiOiIyIiwiZXhwIjoxNjcwNDgyOTA2fQ._Cx1YdSYi9fzJOGhEimGUNInIZRL_8Ni2uXRGl7T7hXLb4Es8ovHZGreyKHO4xciTntChdAmagm_FRBq3UaF1w","refreshToken":"eyJhbGciOiJIUzUxMiJ9.eyJzdWIiOiJsb2dpbjIiLCJqdGkiOiIyIiwiZXhwIjoxNjcyOTg4NTA2fQ.dGuOChiHVMg9z62K0Qg5NVjnPCXCdyrreuEI2pxHQTTERfqaxFB022k0j0lazawXhDVqOSA3WDUZomQl5qNSRA"}
12-07 07:01:44.167 22064 22195 I okhttp.OkHttpClient: <-- END HTTP (368-byte body)
12-07 07:01:44.169 22064 22174 I okhttp.OkHttpClient: --> GET http://www.981757-ca08998.tmweb.ru:8080/fmh/authentication/userInfo
12-07 07:01:44.170 22064 22174 I okhttp.OkHttpClient: --> END GET
12-07 07:01:44.303 22064 22174 I okhttp.OkHttpClient: <-- 200 http://www.981757-ca08998.tmweb.ru:8080/fmh/authentication/userInfo (132ms)
12-07 07:01:44.303 22064 22174 I okhttp.OkHttpClient: Vary: Origin
12-07 07:01:44.303 22064 22174 I okhttp.OkHttpClient: Vary: Access-Control-Request-Method
12-07 07:01:44.303 22064 22174 I okhttp.OkHttpClient: Vary: Access-Control-Request-Headers
12-07 07:01:44.303 22064 22174 I okhttp.OkHttpClient: X-Content-Type-Options: nosniff
12-07 07:01:44.303 22064 22174 I okhttp.OkHttpClient: X-XSS-Protection: 1; mode=block
12-07 07:01:44.303 22064 22174 I okhttp.OkHttpClient: Cache-Control: no-cache, no-store, max-age=0, must-revalidate
12-07 07:01:44.303 22064 22174 I okhttp.OkHttpClient: Pragma: no-cache
12-07 07:01:44.303 22064 22174 I okhttp.OkHttpClient: Expires: 0
12-07 07:01:44.303 22064 22174 I okhttp.OkHttpClient: X-Frame-Options: DENY
12-07 07:01:44.303 22064 22174 I okhttp.OkHttpClient: Content-Type: application/json
12-07 07:01:44.303 22064 22174 I okhttp.OkHttpClient: Transfer-Encoding: chunked
12-07 07:01:44.303 22064 22174 I okhttp.OkHttpClient: Date: Wed, 07 Dec 2022 07:01:46 GMT
12-07 07:01:44.303 22064 22174 I okhttp.OkHttpClient: Keep-Alive: timeout=60
12-07 07:01:44.303 22064 22174 I okhttp.OkHttpClient: Connection: keep-alive
12-07 07:01:45.041 22064 22174 I okhttp.OkHttpClient: {"id":2,"firstName":"Данил","lastName":"Иванов","middleName":"Данилович","admin":true}
12-07 07:01:45.041 22064 22174 I okhttp.OkHttpClient: <-- END HTTP (106-byte body)
12-07 07:01:45.047 22064 22180 I okhttp.OkHttpClient: --> GET http://www.981757-ca08998.tmweb.ru:8080/fmh/claims
12-07 07:01:45.047 22064 22180 I okhttp.OkHttpClient: --> END GET
12-07 07:01:45.054  1744 22284 E ResolverController: No valid NAT64 prefix (100, <unspecified>/0)
12-07 07:01:45.183 22064 22077 I teco.fmhandroi: NativeAlloc concurrent copying GC freed 267267(13MB) AllocSpace objects, 5(224KB) LOS objects, 39% free, 9543KB/15MB, paused 518us total 133.635ms
12-07 07:01:45.325 22064 22064 I ViewInteraction: Checking 'MatchesViewAssertion{viewMatcher=(view has effective visibility <VISIBLE> and view.getGlobalVisibleRect() to return non-empty rectangle)}' assertion on view an instance of android.widget.TextView and view.getText() with or without transformation to match: is "News"
12-07 07:01:45.334 22064 22064 I ViewInteraction: Performing 'wait for a specific view with <view.getId() is <2131230951>> during 10000 millis.' action on view view.getRootView() to equal view
12-07 07:01:45.338 22064 22064 I ViewInteraction: Checking 'MatchesViewAssertion{viewMatcher=(view has effective visibility <VISIBLE> and view.getGlobalVisibleRect() to return non-empty rectangle)}' assertion on view view.getId() is <2131230951/ru.iteco.fmhandroid:id/container_list_news_include_on_fragment_main>
12-07 07:01:45.342 22064 22064 I ViewInteraction: Performing 'wait for a specific view with <view.getId() is <2131230949>> during 10000 millis.' action on view view.getRootView() to equal view
12-07 07:01:45.346 22064 22064 I ViewInteraction: Checking 'MatchesViewAssertion{viewMatcher=(view has effective visibility <VISIBLE> and view.getGlobalVisibleRect() to return non-empty rectangle)}' assertion on view view.getId() is <2131230949/ru.iteco.fmhandroid:id/container_list_claim_include_on_fragment_main>
12-07 07:01:45.348 22064 22064 I ViewInteraction: Performing 'wait for a specific view with <an instance of android.widget.TextView and view.getText() with or without transformation to match: is "Claims"> during 10000 millis.' action on view view.getRootView() to equal view
12-07 07:01:45.350 22064 22064 I ViewInteraction: Checking 'MatchesViewAssertion{viewMatcher=(view has effective visibility <VISIBLE> and view.getGlobalVisibleRect() to return non-empty rectangle)}' assertion on view an instance of android.widget.TextView and view.getText() with or without transformation to match: is "Claims"
12-07 07:01:45.353 22064 22064 I ViewInteraction: Performing 'wait for a specific view with <view.getId() is <2131231123/ru.iteco.fmhandroid:id/main_menu_image_button>> during 10000 millis.' action on view view.getRootView() to equal view
12-07 07:01:45.355 22064 22064 I ViewInteraction: Performing 'single click' action on view view.getId() is <2131231123/ru.iteco.fmhandroid:id/main_menu_image_button>
12-07 07:01:45.438  1776  1825 D gralloc_ranchu: gralloc_alloc: Creating ashmem region of size 2015232
12-07 07:01:45.445  1776  1825 I chatty  : uid=1000(system) HwBinder:1776_1 identical 1 line
12-07 07:01:45.446  1776  1825 D gralloc_ranchu: gralloc_alloc: Creating ashmem region of size 2015232
12-07 07:01:45.453 22064 22155 D EGL_emulation: eglMakeCurrent: 0xe593dde0: ver 2 0 (tinfo 0xf0c9e670)
12-07 07:01:45.489 22064 22155 I chatty  : uid=10146(ru.iteco.fmhandroid) RenderThread identical 2 lines
12-07 07:01:45.512 22064 22155 D EGL_emulation: eglMakeCurrent: 0xe593dde0: ver 2 0 (tinfo 0xf0c9e670)
12-07 07:01:45.733 22064 22064 I ViewInteraction: Performing 'wait for a specific view with <an instance of android.widget.TextView and view.getText() with or without transformation to match: is "News"> during 10000 millis.' action on view view.getRootView() to equal view
12-07 07:01:45.735 22064 22064 I ViewInteraction: Performing 'single click' action on view an instance of android.widget.TextView and view.getText() with or without transformation to match: is "News"
12-07 07:01:45.793 22064 22155 D EGL_emulation: eglMakeCurrent: 0xe593dde0: ver 2 0 (tinfo 0xf0c9e670)
12-07 07:01:45.872 22064 22199 I okhttp.OkHttpClient: --> GET http://www.981757-ca08998.tmweb.ru:8080/fmh/news
12-07 07:01:45.872 22064 22199 I okhttp.OkHttpClient: --> END GET
12-07 07:01:45.895 22064 22155 D EGL_emulation: eglMakeCurrent: 0xe593dde0: ver 2 0 (tinfo 0xf0c9e670)
12-07 07:01:45.906 22064 22155 D EGL_emulation: eglMakeCurrent: 0xe593dde0: ver 2 0 (tinfo 0xf0c9e670)
12-07 07:01:46.069 22064 22064 I ViewInteraction: Performing 'wait for a specific view with <view.getId() is <2131231025/ru.iteco.fmhandroid:id/edit_news_material_button>> during 10000 millis.' action on view view.getRootView() to equal view
12-07 07:01:46.073 22064 22064 I ViewInteraction: Performing 'single click' action on view view.getId() is <2131231025/ru.iteco.fmhandroid:id/edit_news_material_button>
12-07 07:01:46.147 22064 22205 I okhttp.OkHttpClient: --> GET http://www.981757-ca08998.tmweb.ru:8080/fmh/news
12-07 07:01:46.148 22064 22205 I okhttp.OkHttpClient: --> END GET
12-07 07:01:46.488 22064 22064 I ViewInteraction: Performing 'wait for a specific view with <view.getId() is <2131230850/ru.iteco.fmhandroid:id/add_news_image_view>> during 10000 millis.' action on view view.getRootView() to equal view
12-07 07:01:46.491 22064 22064 I ViewInteraction: Performing 'single click' action on view view.getId() is <2131230850/ru.iteco.fmhandroid:id/add_news_image_view>
12-07 07:01:46.834 22064 22064 I ViewInteraction: Performing 'wait for a specific view with <view.getId() is <2131231204/ru.iteco.fmhandroid:id/news_item_category_text_auto_complete_text_view>> during 10000 millis.' action on view view.getRootView() to equal view
12-07 07:01:46.837 22064 22064 I ViewInteraction: Performing 'single click' action on view view.getId() is <2131231204/ru.iteco.fmhandroid:id/news_item_category_text_auto_complete_text_view>
12-07 07:01:46.935  1776  1825 D gralloc_ranchu: gralloc_alloc: Creating ashmem region of size 5308416
12-07 07:01:46.939  1776  1825 I chatty  : uid=1000(system) HwBinder:1776_1 identical 1 line
12-07 07:01:46.941  1776  1825 D gralloc_ranchu: gralloc_alloc: Creating ashmem region of size 5308416
12-07 07:01:46.947 22064 22155 D EGL_emulation: eglMakeCurrent: 0xe593dde0: ver 2 0 (tinfo 0xf0c9e670)
12-07 07:01:46.979 22064 22064 I AssistStructure: Flattened final assist data: 7432 bytes, containing 2 windows, 55 views
12-07 07:01:46.987  2018  5645 D AutofillSession: Starting partition or augmented request for view id 1073741826@1800484331: STARTED_SESSION
12-07 07:01:46.989  2656  2656 W ktk     : Pending fill request while another request in the same session was triggered. [CONTEXT service_id=177 ]
12-07 07:01:47.003 22064 22155 D EGL_emulation: eglMakeCurrent: 0xe593dde0: ver 2 0 (tinfo 0xf0c9e670)
12-07 07:01:47.009 22064 22064 I AssistStructure: Flattened final assist data: 7432 bytes, containing 2 windows, 55 views
12-07 07:01:47.022 22064 22155 D EGL_emulation: eglMakeCurrent: 0xe593dde0: ver 2 0 (tinfo 0xf0c9e670)
12-07 07:01:47.034 22064 22155 D EGL_emulation: eglMakeCurrent: 0xe593dde0: ver 2 0 (tinfo 0xf0c9e670)
12-07 07:01:47.038  2537  2537 I KeyboardViewUtil: systemKeyboardHeightRatio:1.000000; userKeyboardHeightRatio:1.000000.
12-07 07:01:47.039  2537  2537 I AndroidIME: LatinIme.onActivate() : EditorInfo = Package = ru.iteco.fmhandroid : Type = Text : Learning = Disable : Suggestion = Show : AutoCorrection = Disable : Microphone = Show : NoPersonalizedLearning = Disable
12-07 07:01:47.053  2537  2537 I Conv2QueryExtension: Current locale: en_US, config allows these locales: de,en,es,fr,it,ms,pt,ta
12-07 07:01:47.054  2537  2537 I Conv2QueryExtension: Conv2Query not enabled due to current app [ru.iteco.fmhandroid] not in whitelist
12-07 07:01:47.054  2537  2537 I Conv2QueryExtension: onActivate() : Disabled by unsupported host app
12-07 07:01:47.062  2170  2566 D EGL_emulation: eglMakeCurrent: 0xe594e040: ver 2 0 (tinfo 0xc52450c0)
12-07 07:01:47.072  1776  1825 D gralloc_ranchu: gralloc_alloc: Creating ashmem region of size 9826304
12-07 07:01:47.079  1776  1825 D gralloc_ranchu: gralloc_alloc: Creating ashmem region of size 9826304
12-07 07:01:47.084  2537  8546 D EGL_emulation: eglMakeCurrent: 0xc286ce00: ver 2 0 (tinfo 0xc335ede0)
12-07 07:01:47.085  1776  1825 D gralloc_ranchu: gralloc_alloc: Creating ashmem region of size 9826304
12-07 07:01:47.090  2018  2051 D AutofillUI: destroySaveUiUiThread(): already destroyed
12-07 07:01:47.095  2656  2656 W ktk     : Pending fill request while another request in the same session was triggered. [CONTEXT service_id=177 ]
12-07 07:01:47.136  1776  1825 D gralloc_ranchu: gralloc_alloc: Creating ashmem region of size 4198400
12-07 07:01:47.144 22064 22155 D EGL_emulation: eglMakeCurrent: 0xe593dde0: ver 2 0 (tinfo 0xf0c9e670)
12-07 07:01:47.165  1776  1825 D gralloc_ranchu: gralloc_alloc: Creating ashmem region of size 4198400
12-07 07:01:47.172 22064 22155 D EGL_emulation: eglMakeCurrent: 0xe593dde0: ver 2 0 (tinfo 0xf0c9e670)
12-07 07:01:47.186 22064 22155 D EGL_emulation: eglMakeCurrent: 0xe593dde0: ver 2 0 (tinfo 0xf0c9e670)
12-07 07:01:47.189  2656  2671 I .gms.persisten: Background concurrent copying GC freed 78834(4754KB) AllocSpace objects, 35(2448KB) LOS objects, 42% free, 8192KB/14MB, paused 5.799ms total 155.280ms
12-07 07:01:47.196  1776  1825 D gralloc_ranchu: gralloc_alloc: Creating ashmem region of size 4198400
12-07 07:01:47.227 22064 22199 I okhttp.OkHttpClient: <-- 200 http://www.981757-ca08998.tmweb.ru:8080/fmh/news (1354ms)
12-07 07:01:47.227 22064 22199 I okhttp.OkHttpClient: Vary: Origin
12-07 07:01:47.227 22064 22199 I okhttp.OkHttpClient: Vary: Access-Control-Request-Method
12-07 07:01:47.227 22064 22199 I okhttp.OkHttpClient: Vary: Access-Control-Request-Headers
12-07 07:01:47.227 22064 22199 I okhttp.OkHttpClient: X-Content-Type-Options: nosniff
12-07 07:01:47.227 22064 22199 I okhttp.OkHttpClient: X-XSS-Protection: 1; mode=block
12-07 07:01:47.227 22064 22199 I okhttp.OkHttpClient: Cache-Control: no-cache, no-store, max-age=0, must-revalidate
12-07 07:01:47.227 22064 22199 I okhttp.OkHttpClient: Pragma: no-cache
12-07 07:01:47.227 22064 22199 I okhttp.OkHttpClient: Expires: 0
12-07 07:01:47.227 22064 22199 I okhttp.OkHttpClient: X-Frame-Options: DENY
12-07 07:01:47.227 22064 22199 I okhttp.OkHttpClient: Content-Type: application/json
12-07 07:01:47.227 22064 22199 I okhttp.OkHttpClient: Transfer-Encoding: chunked
12-07 07:01:47.227 22064 22199 I okhttp.OkHttpClient: Date: Wed, 07 Dec 2022 07:01:49 GMT
12-07 07:01:47.227 22064 22199 I okhttp.OkHttpClient: Keep-Alive: timeout=60
12-07 07:01:47.227 22064 22199 I okhttp.OkHttpClient: Connection: keep-alive
12-07 07:01:47.257 22064 22064 I ViewInteraction: Performing 'close keyboard' action on view view.getRootView() to equal view
12-07 07:01:47.262  2537  2537 I PhenotypeExpConfig: refreshConfiguration() : Force = false : UpdateAvailable = false : Age = 112 minutes : MaxAge = 720 minutes
12-07 07:01:47.263  2537  2537 I AndroidIME: LatinIme.onDeactivate()
12-07 07:01:47.276  2537  8546 D EGL_emulation: eglMakeCurrent: 0xc286ce00: ver 2 0 (tinfo 0xc335ede0)
12-07 07:01:47.306 22064 22155 D EGL_emulation: eglMakeCurrent: 0xe593dde0: ver 2 0 (tinfo 0xf0c9e670)
12-07 07:01:47.331  1776  1825 D gralloc_ranchu: gralloc_alloc: Creating ashmem region of size 5308416
12-07 07:01:47.338 22064 22155 D EGL_emulation: eglMakeCurrent: 0xe593dde0: ver 2 0 (tinfo 0xf0c9e670)
12-07 07:01:47.357  1776  1825 D gralloc_ranchu: gralloc_alloc: Creating ashmem region of size 5308416
12-07 07:01:47.360 22064 22155 D EGL_emulation: eglMakeCurrent: 0xe593dde0: ver 2 0 (tinfo 0xf0c9e670)
12-07 07:01:47.371 22064 22155 D EGL_emulation: eglMakeCurrent: 0xe593dde0: ver 2 0 (tinfo 0xf0c9e670)
12-07 07:01:47.382  1776  1825 D gralloc_ranchu: gralloc_alloc: Creating ashmem region of size 5308416
12-07 07:01:47.395 22064 22155 D EGL_emulation: eglMakeCurrent: 0xe593dde0: ver 2 0 (tinfo 0xf0c9e670)
12-07 07:01:47.506 22064 22205 I okhttp.OkHttpClient: <-- 200 http://www.981757-ca08998.tmweb.ru:8080/fmh/news (1357ms)
12-07 07:01:47.506 22064 22205 I okhttp.OkHttpClient: Vary: Origin
12-07 07:01:47.506 22064 22205 I okhttp.OkHttpClient: Vary: Access-Control-Request-Method
12-07 07:01:47.506 22064 22205 I okhttp.OkHttpClient: Vary: Access-Control-Request-Headers
12-07 07:01:47.506 22064 22205 I okhttp.OkHttpClient: X-Content-Type-Options: nosniff
12-07 07:01:47.506 22064 22205 I okhttp.OkHttpClient: X-XSS-Protection: 1; mode=block
12-07 07:01:47.506 22064 22205 I okhttp.OkHttpClient: Cache-Control: no-cache, no-store, max-age=0, must-revalidate
12-07 07:01:47.507 22064 22205 I okhttp.OkHttpClient: Pragma: no-cache
12-07 07:01:47.507 22064 22205 I okhttp.OkHttpClient: Expires: 0
12-07 07:01:47.507 22064 22205 I okhttp.OkHttpClient: X-Frame-Options: DENY
12-07 07:01:47.507 22064 22205 I okhttp.OkHttpClient: Content-Type: application/json
12-07 07:01:47.507 22064 22205 I okhttp.OkHttpClient: Transfer-Encoding: chunked
12-07 07:01:47.507 22064 22205 I okhttp.OkHttpClient: Date: Wed, 07 Dec 2022 07:01:49 GMT
12-07 07:01:47.507 22064 22205 I okhttp.OkHttpClient: Keep-Alive: timeout=60
12-07 07:01:47.507 22064 22205 I okhttp.OkHttpClient: Connection: keep-alive
12-07 07:01:47.571 22064 22064 I ViewInteraction: Performing 'single click' action on view an instance of android.widget.TextView and view.getText() with or without transformation to match: is "Благодарность"
12-07 07:01:47.627 22064 22155 D EGL_emulation: eglMakeCurrent: 0xe593dde0: ver 2 0 (tinfo 0xf0c9e670)
12-07 07:01:47.717 22064 22155 I chatty  : uid=10146(ru.iteco.fmhandroid) RenderThread identical 1 line
12-07 07:01:47.734 22064 22155 D EGL_emulation: eglMakeCurrent: 0xe593dde0: ver 2 0 (tinfo 0xf0c9e670)
12-07 07:01:47.743  2018  9359 E InputDispatcher: Window handle Window{e6b4345 u0 PopupWindow:d249fd9} has no registered input channel
12-07 07:01:47.847 22064 22064 I ViewInteraction: Performing 'wait for a specific view with <view.getId() is <2131231227/ru.iteco.fmhandroid:id/news_item_title_text_input_edit_text>> during 10000 millis.' action on view view.getRootView() to equal view
12-07 07:01:47.850 22064 22064 I ViewInteraction: Performing 'replace text(Заголовок 42b96384-152f-48ee-a4cb-c122b6bfcf32)' action on view view.getId() is <2131231227/ru.iteco.fmhandroid:id/news_item_title_text_input_edit_text>
12-07 07:01:47.861 22064 22064 I ViewInteraction: Performing 'wait for a specific view with <view.getId() is <2131231222/ru.iteco.fmhandroid:id/news_item_publish_date_text_input_edit_text>> during 10000 millis.' action on view view.getRootView() to equal view
