--------- beginning of main
12-07 07:01:28.742 22064 22064 I ViewInteraction: Performing 'wait for a specific view with <view.getId() is <2131231218/ru.iteco.fmhandroid:id/news_item_publish_date_end_text_input_edit_text>> during 10000 millis.' action on view view.getRootView() to equal view
12-07 07:01:28.744 22064 22064 I ViewInteraction: Performing 'single click' action on view view.getId() is <2131231218/ru.iteco.fmhandroid:id/news_item_publish_date_end_text_input_edit_text>
12-07 07:01:28.840  1776  1776 D gralloc_ranchu: gralloc_alloc: Creating ashmem region of size 6778880
12-07 07:01:28.847  1776  1776 I chatty  : uid=1000(system) allocator@2.0-s identical 1 line
12-07 07:01:28.848  1776  1776 D gralloc_ranchu: gralloc_alloc: Creating ashmem region of size 6778880
12-07 07:01:28.853 22064 22155 D EGL_emulation: eglMakeCurrent: 0xe593dde0: ver 2 0 (tinfo 0xf0c9e670)
12-07 07:01:28.930 22064 22155 I chatty  : uid=10146(ru.iteco.fmhandroid) RenderThread identical 3 lines
12-07 07:01:28.944 22064 22155 D EGL_emulation: eglMakeCurrent: 0xe593dde0: ver 2 0 (tinfo 0xf0c9e670)
12-07 07:01:29.333 22064 22064 I ViewInteraction: Performing 'wait for a specific view with <is assignable from class <class android.widget.DatePicker>> during 10000 millis.' action on view view.getRootView() to equal view
12-07 07:01:29.334 22064 22064 I ViewInteraction: Checking 'MatchesViewAssertion{viewMatcher=(view has effective visibility <VISIBLE> and view.getGlobalVisibleRect() to return non-empty rectangle)}' assertion on view is assignable from class <class android.widget.DatePicker>
12-07 07:01:29.338 22064 22064 I ViewInteraction: Performing 'wait for a specific view with <is assignable from class <class android.widget.DatePicker>> during 10000 millis.' action on view view.getRootView() to equal view
12-07 07:01:29.339 22064 22064 I ViewInteraction: Performing 'set date' action on view is assignable from class <class android.widget.DatePicker>
12-07 07:01:29.359 22064 22064 I ViewInteraction: Performing 'wait for a specific view with <view.getId() is <16908313/android:id/button1>> during 10000 millis.' action on view view.getRootView() to equal view
12-07 07:01:29.362 22064 22064 I ViewInteraction: Performing 'single click' action on view view.getId() is <16908313/android:id/button1>
12-07 07:01:29.443 22064 22155 D EGL_emulation: eglMakeCurrent: 0xe593dde0: ver 2 0 (tinfo 0xf0c9e670)
12-07 07:01:29.454 22064 22155 D EGL_emulation: eglMakeCurrent: 0xe593dde0: ver 2 0 (tinfo 0xf0c9e670)
12-07 07:01:29.459  2018  9359 E InputDispatcher: Window handle Window{b2b5562 u0 ru.iteco.fmhandroid/ru.iteco.fmhandroid.ui.AppActivity} has no registered input channel
12-07 07:01:29.693 22064 22064 I ViewInteraction: Performing 'wait for a specific view with <view.getId() is <2131231204/ru.iteco.fmhandroid:id/news_item_category_text_auto_complete_text_view>> during 10000 millis.' action on view view.getRootView() to equal view
12-07 07:01:29.696 22064 22064 I ViewInteraction: Checking 'MatchesViewAssertion{viewMatcher=an instance of android.widget.TextView and view.getText() with or without transformation to match: is "Профсоюз"}' assertion on view view.getId() is <2131231204/ru.iteco.fmhandroid:id/news_item_category_text_auto_complete_text_view>
12-07 07:01:29.698 22064 22064 I ViewInteraction: Performing 'wait for a specific view with <view.getId() is <2131231220/ru.iteco.fmhandroid:id/news_item_publish_date_start_text_input_edit_text>> during 10000 millis.' action on view view.getRootView() to equal view
12-07 07:01:29.700 22064 22064 I ViewInteraction: Checking 'MatchesViewAssertion{viewMatcher=an instance of android.widget.TextView and view.getText() with or without transformation to match: is "07.12.2022"}' assertion on view view.getId() is <2131231220/ru.iteco.fmhandroid:id/news_item_publish_date_start_text_input_edit_text>
12-07 07:01:29.702 22064 22064 I ViewInteraction: Performing 'wait for a specific view with <view.getId() is <2131231218/ru.iteco.fmhandroid:id/news_item_publish_date_end_text_input_edit_text>> during 10000 millis.' action on view view.getRootView() to equal view
12-07 07:01:29.705 22064 22064 I ViewInteraction: Checking 'MatchesViewAssertion{viewMatcher=an instance of android.widget.TextView and view.getText() with or without transformation to match: is "08.12.2022"}' assertion on view view.getId() is <2131231218/ru.iteco.fmhandroid:id/news_item_publish_date_end_text_input_edit_text>
12-07 07:01:29.707 22064 22064 I ViewInteraction: Performing 'wait for a specific view with <view.getId() is <2131231057/ru.iteco.fmhandroid:id/filter_button>> during 10000 millis.' action on view view.getRootView() to equal view
12-07 07:01:29.710 22064 22064 I ViewInteraction: Performing 'single click' action on view view.getId() is <2131231057/ru.iteco.fmhandroid:id/filter_button>
12-07 07:01:30.143 22064 22064 I ViewInteraction: Performing 'wait for a specific view with <an instance of android.widget.TextView and view.getText() with or without transformation to match: is "News"> during 10000 millis.' action on view view.getRootView() to equal view
12-07 07:01:30.144 22064 22064 I ViewInteraction: Checking 'MatchesViewAssertion{viewMatcher=(view has effective visibility <VISIBLE> and view.getGlobalVisibleRect() to return non-empty rectangle)}' assertion on view an instance of android.widget.TextView and view.getText() with or without transformation to match: is "News"
12-07 07:01:30.146 22064 22064 I ViewInteraction: Performing 'wait for a specific view with <view.getId() is <2131231231>> during 10000 millis.' action on view view.getRootView() to equal view
12-07 07:01:30.148 22064 22064 I ViewInteraction: Checking 'MatchesViewAssertion{viewMatcher=(view has effective visibility <VISIBLE> and view.getGlobalVisibleRect() to return non-empty rectangle)}' assertion on view view.getId() is <2131231231/ru.iteco.fmhandroid:id/news_list_swipe_refresh>
12-07 07:01:30.150 22064 22064 I ViewInteraction: Performing 'wait for a specific view with <view.getId() is <2131231230/ru.iteco.fmhandroid:id/news_list_recycler_view>> during 10000 millis.' action on view view.getRootView() to equal view
12-07 07:01:30.152 22064 22064 I ViewInteraction: Checking 'MatchesViewAssertion{viewMatcher=(view has effective visibility <VISIBLE> and view.getGlobalVisibleRect() to return non-empty rectangle)}' assertion on view view.getId() is <2131231230/ru.iteco.fmhandroid:id/news_list_recycler_view>
12-07 07:01:30.154 22064 22064 I ViewInteraction: Performing 'scroll RecyclerView to: holder with view: ((view is an instance of android.view.ViewGroup and has descendant matching an instance of android.widget.TextView and view.getText() with or without transformation to match: is "Заголовок 112b470f-8e4b-4983-b4a6-4c112768462c"))' action on view view.getId() is <2131231230/ru.iteco.fmhandroid:id/news_list_recycler_view>
12-07 07:01:30.195 22064 22064 I ViewInteraction: Checking 'MatchesViewAssertion{viewMatcher=(view has effective visibility <VISIBLE> and view.getGlobalVisibleRect() to return non-empty rectangle)}' assertion on view view.getId() is <2131231230/ru.iteco.fmhandroid:id/news_list_recycler_view>
12-07 07:01:30.197 22064 22064 I ViewInteraction: Performing 'wait for a specific view with <view.getId() is <2131231230/ru.iteco.fmhandroid:id/news_list_recycler_view>> during 10000 millis.' action on view view.getRootView() to equal view
12-07 07:01:30.199 22064 22064 I ViewInteraction: Checking 'MatchesViewAssertion{viewMatcher=(view has effective visibility <VISIBLE> and view.getGlobalVisibleRect() to return non-empty rectangle)}' assertion on view view.getId() is <2131231230/ru.iteco.fmhandroid:id/news_list_recycler_view>
12-07 07:01:30.200 22064 22064 I ViewInteraction: Performing 'scroll RecyclerView to: holder with view: ((view is an instance of android.view.ViewGroup and has descendant matching an instance of android.widget.TextView and view.getText() with or without transformation to match: is "Заголовок 6819bbe7-81fc-4a4a-b8ba-ab65bfc01ab0"))' action on view view.getId() is <2131231230/ru.iteco.fmhandroid:id/news_list_recycler_view>
12-07 07:01:30.228 22064 22064 I ViewInteraction: Checking 'MatchesViewAssertion{viewMatcher=(view has effective visibility <VISIBLE> and view.getGlobalVisibleRect() to return non-empty rectangle)}' assertion on view view.getId() is <2131231230/ru.iteco.fmhandroid:id/news_list_recycler_view>
12-07 07:01:30.231 22064 22064 I ViewInteraction: Performing 'wait for a specific view with <view.getId() is <2131231230/ru.iteco.fmhandroid:id/news_list_recycler_view>> during 10000 millis.' action on view view.getRootView() to equal view
12-07 07:01:30.233 22064 22064 I ViewInteraction: Checking 'MatchesViewAssertion{viewMatcher=(view has effective visibility <VISIBLE> and view.getGlobalVisibleRect() to return non-empty rectangle)}' assertion on view view.getId() is <2131231230/ru.iteco.fmhandroid:id/news_list_recycler_view>
12-07 07:01:30.234 22064 22064 I ViewInteraction: Performing 'scroll RecyclerView to: holder with view: ((view is an instance of android.view.ViewGroup and has descendant matching an instance of android.widget.TextView and view.getText() with or without transformation to match: is "Заголовок aae3a912-9d02-4f65-89ba-be2ed0b88412"))' action on view view.getId() is <2131231230/ru.iteco.fmhandroid:id/news_list_recycler_view>
12-07 07:01:30.263 22064 22064 I ViewInteraction: Checking 'MatchesViewAssertion{viewMatcher=(view has effective visibility <VISIBLE> and view.getGlobalVisibleRect() to return non-empty rectangle)}' assertion on view view.getId() is <2131231230/ru.iteco.fmhandroid:id/news_list_recycler_view>
12-07 07:01:30.265 22064 22064 I ViewInteraction: Performing 'wait for a specific view with <view.getId() is <2131231230/ru.iteco.fmhandroid:id/news_list_recycler_view>> during 10000 millis.' action on view view.getRootView() to equal view
12-07 07:01:30.273 22064 22064 I ViewInteraction: Checking 'MatchesViewAssertion{viewMatcher=Does not have view id $targetViewId with matches $itemMatcher}' assertion on view view.getId() is <2131231230/ru.iteco.fmhandroid:id/news_list_recycler_view>
12-07 07:01:30.330 22064 22064 I ViewInteraction: Performing 'wait for a specific view with <view.getId() is <2131231230/ru.iteco.fmhandroid:id/news_list_recycler_view>> during 10000 millis.' action on view view.getRootView() to equal view
12-07 07:01:30.332 22064 22064 I ViewInteraction: Checking 'MatchesViewAssertion{viewMatcher=Does not have view id $targetViewId with matches $itemMatcher}' assertion on view view.getId() is <2131231230/ru.iteco.fmhandroid:id/news_list_recycler_view>
12-07 07:01:30.381 22064 22064 I ViewInteraction: Performing 'wait for a specific view with <view.getId() is <2131231230/ru.iteco.fmhandroid:id/news_list_recycler_view>> during 10000 millis.' action on view view.getRootView() to equal view
12-07 07:01:30.382 22064 22064 I ViewInteraction: Checking 'MatchesViewAssertion{viewMatcher=Does not have view id $targetViewId with matches $itemMatcher}' assertion on view view.getId() is <2131231230/ru.iteco.fmhandroid:id/news_list_recycler_view>
--------- beginning of system
12-07 07:01:30.455  2018  2340 I ActivityTaskManager: START u0 {act=android.intent.action.MAIN cat=[android.intent.category.LAUNCHER] flg=0x10000000 cmp=ru.iteco.fmhandroid.test/androidx.test.core.app.InstrumentationActivityInvoker$EmptyActivity} from uid 10146
12-07 07:01:30.488 22064 22064 D LifecycleMonitor: Lifecycle status change: ru.iteco.fmhandroid.ui.AppActivity@7de269d in: PAUSED
12-07 07:01:30.489 22064 22064 V ActivityScenario: Update currentActivityStage to PAUSED, currentActivity=ru.iteco.fmhandroid.ui.AppActivity@7de269d
12-07 07:01:30.492  2018  7051 W InputReader: Device has associated, but no associated display id.
12-07 07:01:30.503  2018  7051 I chatty  : uid=1000(system) Binder:2018_19 identical 28 lines
12-07 07:01:30.503  2018  7051 W InputReader: Device has associated, but no associated display id.
12-07 07:01:30.508 22120 22120 W ActivityThread: handleWindowVisibility: no activity for token android.os.BinderProxy@4f4224f
12-07 07:01:30.509  2018  7051 W InputReader: Device has associated, but no associated display id.
12-07 07:01:30.509  2018  7051 I chatty  : uid=1000(system) Binder:2018_19 identical 8 lines
12-07 07:01:30.509  2018  7051 W InputReader: Device has associated, but no associated display id.
12-07 07:01:30.512 22064 22261 V FA      : Recording user engagement, ms: 46527
12-07 07:01:30.515  2018  7051 W InputReader: Device has associated, but no associated display id.
12-07 07:01:30.515  2018  7051 I chatty  : uid=1000(system) Binder:2018_19 identical 8 lines
12-07 07:01:30.515  2018  7051 W InputReader: Device has associated, but no associated display id.
12-07 07:01:30.558 22064 22261 V FA      : Connecting to remote service
12-07 07:01:30.570 22064 22261 V FA      : Connection attempt already in progress
12-07 07:01:30.570 22064 22261 V FA      : Activity paused, time: 30555602
12-07 07:01:30.587 22064 22261 D FA      : Connected to remote service
12-07 07:01:30.587 22064 22261 V FA      : Processing queued up service tasks: 2
12-07 07:01:30.632  2873 22266 V FA-SVC  : Logging event: origin=auto,name=user_engagement(_e),params=Bundle[{ga_event_origin(_o)=auto, engagement_time_msec(_et)=46527, ga_screen_class(_sc)=AppActivity, ga_screen_id(_si)=6131447236127349150}]
12-07 07:01:30.634  2018  9359 I ActivityTaskManager: START u0 {act=android.intent.action.MAIN cat=[android.intent.category.LAUNCHER] flg=0x10000000 cmp=ru.iteco.fmhandroid.test/androidx.test.core.app.InstrumentationActivityInvoker$EmptyActivity} from uid 10146
12-07 07:01:30.661  2018  5837 W InputReader: Device has associated, but no associated display id.
12-07 07:01:30.664  2018  5837 I chatty  : uid=1000(system) Binder:2018_16 identical 48 lines
12-07 07:01:30.664  2018  5837 W InputReader: Device has associated, but no associated display id.
12-07 07:01:30.685  1776  1776 D gralloc_ranchu: gralloc_alloc: Creating ashmem region of size 10108928
12-07 07:01:30.691  1776  1776 I chatty  : uid=1000(system) allocator@2.0-s identical 1 line
12-07 07:01:30.692  1776  1776 D gralloc_ranchu: gralloc_alloc: Creating ashmem region of size 10108928
12-07 07:01:30.698  2873 22266 V FA-SVC  : Upload scheduled in approximately ms: 2274579
12-07 07:01:30.698  2873 22266 V FA-SVC  : Unscheduling upload
12-07 07:01:30.706 22120 22152 D EGL_emulation: eglMakeCurrent: 0xe593d600: ver 2 0 (tinfo 0xf0c89dd0)
12-07 07:01:30.713  2873 22266 V FA-SVC  : Scheduling upload, millis: 2274579
12-07 07:01:30.732  2873 22266 V FA-SVC  : Background event processing time, ms: 107
12-07 07:01:30.747 22120 22120 W ActivityThread: handleWindowVisibility: no activity for token android.os.BinderProxy@eb7a55e
12-07 07:01:30.764  2018  7051 W ActivityTaskManager: Duplicate finish request for ActivityRecord{b5f124f u0 ru.iteco.fmhandroid/.ui.AppActivity t141 f}
12-07 07:01:30.783  1776  1776 D gralloc_ranchu: gralloc_alloc: Creating ashmem region of size 10108928
12-07 07:01:30.787  1776  1776 D gralloc_ranchu: gralloc_alloc: Creating ashmem region of size 10108928
12-07 07:01:30.788 22120 22152 D EGL_emulation: eglMakeCurrent: 0xe593d600: ver 2 0 (tinfo 0xf0c89dd0)
12-07 07:01:30.797  2656 21412 E SQLiteDatabase: Error inserting flex_time=2274000 job_id=-1 period=4550000 source=16 requires_charging=0 preferred_network_type=1 target_class=com.google.android.gms.measurement.PackageMeasurementTaskService user_id=0 target_package=com.google.android.gms tag=Measurement.PackageMeasurementTaskService.UPLOAD_TASK_TAG task_type=0 required_idleness_state=0 service_kind=0 source_version=202414000 persistence_level=1 preferred_charging_state=1 required_network_type=0 runtime=1670396490745 retry_strategy={"maximum_backoff_seconds":{"3600":0},"initial_backoff_seconds":{"30":0},"retry_policy":{"0":0}} last_runtime=0
12-07 07:01:30.797  2656 21412 E SQLiteDatabase: android.database.sqlite.SQLiteConstraintException: UNIQUE constraint failed: pending_ops.tag, pending_ops.target_class, pending_ops.target_package, pending_ops.user_id (code 2067 SQLITE_CONSTRAINT_UNIQUE)
12-07 07:01:30.797  2656 21412 E SQLiteDatabase: 	at android.database.sqlite.SQLiteConnection.nativeExecuteForLastInsertedRowId(Native Method)
12-07 07:01:30.797  2656 21412 E SQLiteDatabase: 	at android.database.sqlite.SQLiteConnection.executeForLastInsertedRowId(SQLiteConnection.java:879)
12-07 07:01:30.797  2656 21412 E SQLiteDatabase: 	at android.database.sqlite.SQLiteSession.executeForLastInsertedRowId(SQLiteSession.java:790)
12-07 07:01:30.797  2656 21412 E SQLiteDatabase: 	at android.database.sqlite.SQLiteStatement.executeInsert(SQLiteStatement.java:88)
12-07 07:01:30.797  2656 21412 E SQLiteDatabase: 	at android.database.sqlite.SQLiteDatabase.insertWithOnConflict(SQLiteDatabase.java:1599)
12-07 07:01:30.797  2656 21412 E SQLiteDatabase: 	at android.database.sqlite.SQLiteDatabase.insert(SQLiteDatabase.java:1468)
12-07 07:01:30.797  2656 21412 E SQLiteDatabase: 	at aqui.a(:com.google.android.gms@202414022@20.24.14 (040700-319035315):175)
12-07 07:01:30.797  2656 21412 E SQLiteDatabase: 	at aqtk.a(:com.google.android.gms@202414022@20.24.14 (040700-319035315):182)
12-07 07:01:30.797  2656 21412 E SQLiteDatabase: 	at aqtk.a(:com.google.android.gms@202414022@20.24.14 (040700-319035315):23)
12-07 07:01:30.797  2656 21412 E SQLiteDatabase: 	at aqtk.a(:com.google.android.gms@202414022@20.24.14 (040700-319035315):177)
12-07 07:01:30.797  2656 21412 E SQLiteDatabase: 	at aqpu.run(:com.google.android.gms@202414022@20.24.14 (040700-319035315):9)
12-07 07:01:30.797  2656 21412 E SQLiteDatabase: 	at soy.b(:com.google.android.gms@202414022@20.24.14 (040700-319035315):12)
12-07 07:01:30.797  2656 21412 E SQLiteDatabase: 	at soy.run(:com.google.android.gms@202414022@20.24.14 (040700-319035315):7)
12-07 07:01:30.797  2656 21412 E SQLiteDatabase: 	at java.util.concurrent.ThreadPoolExecutor.runWorker(ThreadPoolExecutor.java:1167)
12-07 07:01:30.797  2656 21412 E SQLiteDatabase: 	at java.util.concurrent.ThreadPoolExecutor$Worker.run(ThreadPoolExecutor.java:641)
12-07 07:01:30.797  2656 21412 E SQLiteDatabase: 	at sux.run(:com.google.android.gms@202414022@20.24.14 (040700-319035315):0)
12-07 07:01:30.797  2656 21412 E SQLiteDatabase: 	at java.lang.Thread.run(Thread.java:919)
12-07 07:01:30.803  1776  1776 D gralloc_ranchu: gralloc_alloc: Creating ashmem region of size 10108928
12-07 07:01:30.807  2018  2054 W InputReader: Device has associated, but no associated display id.
12-07 07:01:30.808  2018  2054 I chatty  : uid=1000(system) android.anim identical 18 lines
12-07 07:01:30.809  2018  2054 W InputReader: Device has associated, but no associated display id.
12-07 07:01:30.820  2018  7051 W InputReader: Device has associated, but no associated display id.
12-07 07:01:30.820  2018  7051 I chatty  : uid=1000(system) Binder:2018_19 identical 8 lines
12-07 07:01:30.820  2018  7051 W InputReader: Device has associated, but no associated display id.
12-07 07:01:30.822  2018  2058 I ActivityTaskManager: Displayed ru.iteco.fmhandroid.test/androidx.test.core.app.InstrumentationActivityInvoker$EmptyActivity: +293ms
12-07 07:01:30.830 22064 22155 D EGL_emulation: eglMakeCurrent: 0xe593dde0: ver 2 0 (tinfo 0xf0c9e670)
12-07 07:01:30.853  2018  7051 W InputReader: Device has associated, but no associated display id.
12-07 07:01:30.853  2018  7051 I chatty  : uid=1000(system) Binder:2018_19 identical 8 lines
12-07 07:01:30.853  2018  7051 W InputReader: Device has associated, but no associated display id.
12-07 07:01:30.863 22064 22064 D AutofillManager: onActivityFinishing(): calling cancelLocked()
12-07 07:01:30.863 22064 22064 D LifecycleMonitor: Lifecycle status change: ru.iteco.fmhandroid.ui.AppActivity@7de269d in: STOPPED
12-07 07:01:30.863 22064 22064 V ActivityScenario: Update currentActivityStage to STOPPED, currentActivity=ru.iteco.fmhandroid.ui.AppActivity@7de269d
12-07 07:01:30.891 22064 22064 W System.err: ru.iteco.fmhandroid.exceptions.UnknownException
12-07 07:01:30.891 22064 22064 W System.err: 	at ru.iteco.fmhandroid.utils.Utils.makeRequest(Utils.kt:123)
12-07 07:01:30.891 22064 22064 W System.err: 	at ru.iteco.fmhandroid.utils.Utils$makeRequest$1.invokeSuspend(Unknown Source:15)
12-07 07:01:30.891 22064 22064 W System.err: 	at kotlin.coroutines.jvm.internal.BaseContinuationImpl.resumeWith(ContinuationImpl.kt:33)
12-07 07:01:30.891 22064 22064 W System.err: 	at kotlinx.coroutines.DispatchedTaskKt.resume(DispatchedTask.kt:234)
12-07 07:01:30.891 22064 22064 W System.err: 	at kotlinx.coroutines.DispatchedTaskKt.resumeUnconfined(DispatchedTask.kt:190)
12-07 07:01:30.891 22064 22064 W System.err: 	at kotlinx.coroutines.DispatchedTaskKt.dispatch(DispatchedTask.kt:161)
12-07 07:01:30.891 22064 22064 W System.err: 	at kotlinx.coroutines.CancellableContinuationImpl.dispatchResume(CancellableContinuationImpl.kt:397)
12-07 07:01:30.891 22064 22064 W System.err: 	at kotlinx.coroutines.CancellableContinuationImpl.cancel(CancellableContinuationImpl.kt:183)
12-07 07:01:30.891 22064 22064 W System.err: 	at kotlinx.coroutines.CancellableContinuationImpl.parentCancelled$kotlinx_coroutines_core(CancellableContinuationImpl.kt:190)
12-07 07:01:30.891 22064 22064 W System.err: 	at kotlinx.coroutines.ChildContinuation.invoke(JobSupport.kt:1474)
12-07 07:01:30.891 22064 22064 W System.err: 	at kotlinx.coroutines.JobSupport.notifyCancelling(JobSupport.kt:1499)
12-07 07:01:30.891 22064 22064 W System.err: 	at kotlinx.coroutines.JobSupport.tryMakeCancelling(JobSupport.kt:795)
12-07 07:01:30.891 22064 22064 W System.err: 	at kotlinx.coroutines.JobSupport.makeCancelling(JobSupport.kt:755)
12-07 07:01:30.891 22064 22064 W System.err: 	at kotlinx.coroutines.JobSupport.cancelImpl$kotlinx_coroutines_core(JobSupport.kt:671)
12-07 07:01:30.891 22064 22064 W System.err: 	at kotlinx.coroutines.JobSupport.parentCancelled(JobSupport.kt:637)
12-07 07:01:30.891 22064 22064 W System.err: 	at kotlinx.coroutines.ChildHandleNode.invoke(JobSupport.kt:1465)
12-07 07:01:30.891 22064 22064 W System.err: 	at kotlinx.coroutines.JobSupport.notifyCancelling(JobSupport.kt:1499)
12-07 07:01:30.891 22064 22064 W System.err: 	at kotlinx.coroutines.JobSupport.tryMakeCompletingSlowPath(JobSupport.kt:900)
12-07 07:01:30.891 22064 22064 W System.err: 	at kotlinx.coroutines.JobSupport.tryMakeCompleting(JobSupport.kt:863)
12-07 07:01:30.891 22064 22064 W System.err: 	at kotlinx.coroutines.JobSupport.cancelMakeCompleting(JobSupport.kt:696)
12-07 07:01:30.891 22064 22064 W System.err: 	at kotlinx.coroutines.JobSupport.cancelImpl$kotlinx_coroutines_core(JobSupport.kt:667)
12-07 07:01:30.891 22064 22064 W System.err: 	at kotlinx.coroutines.JobSupport.cancelInternal(JobSupport.kt:632)
12-07 07:01:30.891 22064 22064 W System.err: 	at kotlinx.coroutines.JobSupport.cancel(JobSupport.kt:617)
12-07 07:01:30.891 22064 22064 W System.err: 	at kotlinx.coroutines.JobKt__JobKt.cancel(Job.kt:561)
12-07 07:01:30.891 22064 22064 W System.err: 	at kotlinx.coroutines.JobKt.cancel(Unknown Source:1)
12-07 07:01:30.891 22064 22064 W System.err: 	at kotlinx.coroutines.JobKt__JobKt.cancel$default(Job.kt:560)
12-07 07:01:30.891 22064 22064 W System.err: 	at kotlinx.coroutines.JobKt.cancel$default(Unknown Source:1)
12-07 07:01:30.891 22064 22064 W System.err: 	at androidx.lifecycle.CloseableCoroutineScope.close(ViewModel.kt:51)
12-07 07:01:30.891 22064 22064 W System.err: 	at androidx.lifecycle.ViewModel.closeWithRuntimeException(ViewModel.java:188)
12-07 07:01:30.891 22064 22064 W System.err: 	at androidx.lifecycle.ViewModel.clear(ViewModel.java:134)
12-07 07:01:30.891 22064 22064 W System.err: 	at androidx.lifecycle.ViewModelStore.clear(ViewModelStore.java:62)
12-07 07:01:30.891 22064 22064 W System.err: 	at androidx.fragment.app.FragmentManagerViewModel.clearNonConfigStateInternal(FragmentManagerViewModel.java:210)
12-07 07:01:30.891 22064 22064 W System.err: 	at androidx.fragment.app.FragmentManagerViewModel.clearNonConfigState(FragmentManagerViewModel.java:190)
12-07 07:01:30.891 22064 22064 W System.err: 	at androidx.fragment.app.FragmentStateManager.destroy(FragmentStateManager.java:778)
12-07 07:01:30.891 22064 22064 W System.err: 	at androidx.fragment.app.FragmentStateManager.moveToExpectedState(FragmentStateManager.java:335)
12-07 07:01:30.891 22064 22064 W System.err: 	at androidx.fragment.app.FragmentStore.moveToExpectedState(FragmentStore.java:113)
12-07 07:01:30.891 22064 22064 W System.err: 	at androidx.fragment.app.FragmentManager.moveToState(FragmentManager.java:1374)
12-07 07:01:30.891 22064 22064 W System.err: 	at androidx.fragment.app.FragmentManager.dispatchStateChange(FragmentManager.java:2841)
12-07 07:01:30.892  1776  1776 D gralloc_ranchu: gralloc_alloc: Creating ashmem region of size 10108928
12-07 07:01:30.892 22064 22064 W System.err: 	at androidx.fragment.app.FragmentManager.dispatchDestroy(FragmentManager.java:2820)
12-07 07:01:30.892 22064 22064 W System.err: 	at androidx.fragment.app.Fragment.performDestroy(Fragment.java:3246)
12-07 07:01:30.892 22064 22064 W System.err: 	at androidx.fragment.app.FragmentStateManager.destroy(FragmentStateManager.java:780)
12-07 07:01:30.892 22064 22064 W System.err: 	at androidx.fragment.app.FragmentStateManager.moveToExpectedState(FragmentStateManager.java:335)
12-07 07:01:30.893 22064 22064 W System.err: 	at androidx.fragment.app.SpecialEffectsController$FragmentStateManagerOperation.complete(SpecialEffectsController.java:771)
12-07 07:01:30.893 22064 22064 W System.err: 	at androidx.fragment.app.SpecialEffectsController$Operation.cancel(SpecialEffectsController.java:615)
12-07 07:01:30.893 22064 22064 W System.err: 	at androidx.fragment.app.SpecialEffectsController.forceCompleteAllOperations(SpecialEffectsController.java:350)
12-07 07:01:30.893 22064 22064 W System.err: 	at androidx.fragment.app.FragmentManager.dispatchStateChange(FragmentManager.java:2844)
12-07 07:01:30.894 22064 22064 W System.err: 	at androidx.fragment.app.FragmentManager.dispatchDestroy(FragmentManager.java:2820)
12-07 07:01:30.894 22064 22064 W System.err: 	at androidx.fragment.app.FragmentController.dispatchDestroy(FragmentController.java:345)
12-07 07:01:30.894 22064 22064 W System.err: 	at androidx.fragment.app.FragmentActivity.onDestroy(FragmentActivity.java:306)
12-07 07:01:30.894 22064 22064 W System.err: 	at androidx.appcompat.app.AppCompatActivity.onDestroy(AppCompatActivity.java:278)
12-07 07:01:30.894 22064 22064 W System.err: 	at android.app.Activity.performDestroy(Activity.java:8048)
12-07 07:01:30.894 22064 22064 W System.err: 	at android.app.Instrumentation.callActivityOnDestroy(Instrumentation.java:1334)
12-07 07:01:30.894 22064 22064 W System.err: 	at androidx.test.runner.MonitoringInstrumentation.callActivityOnDestroy(MonitoringInstrumentation.java:766)
12-07 07:01:30.894 22064 22064 W System.err: 	at android.app.ActivityThread.performDestroyActivity(ActivityThread.java:4926)
12-07 07:01:30.894 22064 22064 W System.err: 	at android.app.ActivityThread.handleDestroyActivity(ActivityThread.java:4970)
12-07 07:01:30.894 22064 22064 W System.err: 	at android.app.servertransaction.DestroyActivityItem.execute(DestroyActivityItem.java:44)
12-07 07:01:30.894 22064 22064 W System.err: 	at android.app.servertransaction.TransactionExecutor.executeLifecycleState(TransactionExecutor.java:176)
12-07 07:01:30.894 22064 22064 W System.err: 	at android.app.servertransaction.TransactionExecutor.execute(TransactionExecutor.java:97)
12-07 07:01:30.894 22064 22064 W System.err: 	at android.app.ActivityThread$H.handleMessage(ActivityThread.java:2016)
12-07 07:01:30.894 22064 22064 W System.err: 	at android.os.Handler.dispatchMessage(Handler.java:107)
12-07 07:01:30.894 22064 22064 W System.err: 	at android.os.Looper.loop(Looper.java:214)
12-07 07:01:30.894 22064 22064 W System.err: 	at android.app.ActivityThread.main(ActivityThread.java:7356)
12-07 07:01:30.894 22064 22064 W System.err: 	at java.lang.reflect.Method.invoke(Native Method)
12-07 07:01:30.894 22064 22064 W System.err: 	at com.android.internal.os.RuntimeInit$MethodAndArgsCaller.run(RuntimeInit.java:492)
12-07 07:01:30.894 22064 22064 W System.err: 	at com.android.internal.os.ZygoteInit.main(ZygoteInit.java:930)
12-07 07:01:30.900 22064 22064 W System.err: kotlinx.coroutines.JobCancellationException: Job was cancelled; job=SupervisorJobImpl{Cancelling}@b8853f9
12-07 07:01:30.901  1776  1776 D gralloc_ranchu: gralloc_alloc: Creating ashmem region of size 10108928
12-07 07:01:30.902  1776  1776 D gralloc_ranchu: gralloc_alloc: Creating ashmem region of size 10108928
12-07 07:01:30.931 22064 22064 W System.err: ru.iteco.fmhandroid.exceptions.UnknownException
12-07 07:01:30.931 22064 22064 W System.err: 	at ru.iteco.fmhandroid.utils.Utils.makeRequest(Utils.kt:123)
12-07 07:01:30.931 22064 22064 W System.err: 	at ru.iteco.fmhandroid.utils.Utils$makeRequest$1.invokeSuspend(Unknown Source:15)
12-07 07:01:30.931 22064 22064 W System.err: 	at kotlin.coroutines.jvm.internal.BaseContinuationImpl.resumeWith(ContinuationImpl.kt:33)
12-07 07:01:30.931 22064 22064 W System.err: 	at kotlinx.coroutines.DispatchedTaskKt.resume(DispatchedTask.kt:234)
12-07 07:01:30.931 22064 22064 W System.err: 	at kotlinx.coroutines.DispatchedTaskKt.resumeUnconfined(DispatchedTask.kt:190)
12-07 07:01:30.931 22064 22064 W System.err: 	at kotlinx.coroutines.DispatchedTaskKt.dispatch(DispatchedTask.kt:161)
12-07 07:01:30.931 22064 22064 W System.err: 	at kotlinx.coroutines.CancellableContinuationImpl.dispatchResume(CancellableContinuationImpl.kt:397)
12-07 07:01:30.931 22064 22064 W System.err: 	at kotlinx.coroutines.CancellableContinuationImpl.cancel(CancellableContinuationImpl.kt:183)
12-07 07:01:30.931 22064 22064 W System.err: 	at kotlinx.coroutines.CancellableContinuationImpl.parentCancelled$kotlinx_coroutines_core(CancellableContinuationImpl.kt:190)
12-07 07:01:30.931 22064 22064 W System.err: 	at kotlinx.coroutines.ChildContinuation.invoke(JobSupport.kt:1474)
12-07 07:01:30.931 22064 22064 W System.err: 	at kotlinx.coroutines.JobSupport.notifyCancelling(JobSupport.kt:1499)
12-07 07:01:30.931 22064 22064 W System.err: 	at kotlinx.coroutines.JobSupport.tryMakeCancelling(JobSupport.kt:795)
12-07 07:01:30.931 22064 22064 W System.err: 	at kotlinx.coroutines.JobSupport.makeCancelling(JobSupport.kt:755)
12-07 07:01:30.931 22064 22064 W System.err: 	at kotlinx.coroutines.JobSupport.cancelImpl$kotlinx_coroutines_core(JobSupport.kt:671)
12-07 07:01:30.933 22064 22064 W System.err: 	at kotlinx.coroutines.JobSupport.parentCancelled(JobSupport.kt:637)
12-07 07:01:30.933 22064 22064 W System.err: 	at kotlinx.coroutines.ChildHandleNode.invoke(JobSupport.kt:1465)
12-07 07:01:30.933 22064 22064 W System.err: 	at kotlinx.coroutines.JobSupport.notifyCancelling(JobSupport.kt:1499)
12-07 07:01:30.933 22064 22064 W System.err: 	at kotlinx.coroutines.JobSupport.tryMakeCompletingSlowPath(JobSupport.kt:900)
12-07 07:01:30.933 22064 22064 W System.err: 	at kotlinx.coroutines.JobSupport.tryMakeCompleting(JobSupport.kt:863)
12-07 07:01:30.933 22064 22064 W System.err: 	at kotlinx.coroutines.JobSupport.cancelMakeCompleting(JobSupport.kt:696)
12-07 07:01:30.933 22064 22064 W System.err: 	at kotlinx.coroutines.JobSupport.cancelImpl$kotlinx_coroutines_core(JobSupport.kt:667)
12-07 07:01:30.933 22064 22064 W System.err: 	at kotlinx.coroutines.JobSupport.cancelInternal(JobSupport.kt:632)
12-07 07:01:30.933 22064 22064 W System.err: 	at kotlinx.coroutines.JobSupport.cancel(JobSupport.kt:617)
12-07 07:01:30.933 22064 22064 W System.err: 	at kotlinx.coroutines.JobKt__JobKt.cancel(Job.kt:561)
12-07 07:01:30.933 22064 22064 W System.err: 	at kotlinx.coroutines.JobKt.cancel(Unknown Source:1)
12-07 07:01:30.933 22064 22064 W System.err: 	at kotlinx.coroutines.JobKt__JobKt.cancel$default(Job.kt:560)
12-07 07:01:30.933 22064 22064 W System.err: 	at kotlinx.coroutines.JobKt.cancel$default(Unknown Source:1)
12-07 07:01:30.933 22064 22064 W System.err: 	at androidx.lifecycle.CloseableCoroutineScope.close(ViewModel.kt:51)
12-07 07:01:30.933 22064 22064 W System.err: 	at androidx.lifecycle.ViewModel.closeWithRuntimeException(ViewModel.java:188)
12-07 07:01:30.933 22064 22064 W System.err: 	at androidx.lifecycle.ViewModel.clear(ViewModel.java:134)
12-07 07:01:30.933 22064 22064 W System.err: 	at androidx.lifecycle.ViewModelStore.clear(ViewModelStore.java:62)
12-07 07:01:30.933 22064 22064 W System.err: 	at androidx.fragment.app.FragmentManagerViewModel.clearNonConfigStateInternal(FragmentManagerViewModel.java:210)
12-07 07:01:30.933 22064 22064 W System.err: 	at androidx.fragment.app.FragmentManagerViewModel.clearNonConfigState(FragmentManagerViewModel.java:190)
12-07 07:01:30.933 22064 22064 W System.err: 	at androidx.fragment.app.FragmentStateManager.destroy(FragmentStateManager.java:778)
12-07 07:01:30.933 22064 22064 W System.err: 	at androidx.fragment.app.FragmentStateManager.moveToExpectedState(FragmentStateManager.java:335)
12-07 07:01:30.933 22064 22064 W System.err: 	at androidx.fragment.app.FragmentStore.moveToExpectedState(FragmentStore.java:113)
12-07 07:01:30.933 22064 22064 W System.err: 	at androidx.fragment.app.FragmentManager.moveToState(FragmentManager.java:1374)
12-07 07:01:30.933 22064 22064 W System.err: 	at androidx.fragment.app.FragmentManager.dispatchStateChange(FragmentManager.java:2841)
12-07 07:01:30.933 22064 22064 W System.err: 	at androidx.fragment.app.FragmentManager.dispatchDestroy(FragmentManager.java:2820)
12-07 07:01:30.933 22064 22064 W System.err: 	at androidx.fragment.app.Fragment.performDestroy(Fragment.java:3246)
12-07 07:01:30.934 22064 22064 W System.err: 	at androidx.fragment.app.FragmentStateManager.destroy(FragmentStateManager.java:780)
12-07 07:01:30.934 22064 22064 W System.err: 	at androidx.fragment.app.FragmentStateManager.moveToExpectedState(FragmentStateManager.java:335)
12-07 07:01:30.934 22064 22064 W System.err: 	at androidx.fragment.app.SpecialEffectsController$FragmentStateManagerOperation.complete(SpecialEffectsController.java:771)
12-07 07:01:30.934 22064 22064 W System.err: 	at androidx.fragment.app.SpecialEffectsController$Operation.cancel(SpecialEffectsController.java:615)
12-07 07:01:30.934 22064 22064 W System.err: 	at androidx.fragment.app.SpecialEffectsController.forceCompleteAllOperations(SpecialEffectsController.java:350)
12-07 07:01:30.934 22064 22064 W System.err: 	at androidx.fragment.app.FragmentManager.dispatchStateChange(FragmentManager.java:2844)
12-07 07:01:30.934 22064 22064 W System.err: 	at androidx.fragment.app.FragmentManager.dispatchDestroy(FragmentManager.java:2820)
12-07 07:01:30.934 22064 22064 W System.err: 	at androidx.fragment.app.FragmentController.dispatchDestroy(FragmentController.java:345)
12-07 07:01:30.934 22064 22064 W System.err: 	at androidx.fragment.app.FragmentActivity.onDestroy(FragmentActivity.java:306)
12-07 07:01:30.934 22064 22064 W System.err: 	at androidx.appcompat.app.AppCompatActivity.onDestroy(AppCompatActivity.java:278)
12-07 07:01:30.934 22064 22064 W System.err: 	at android.app.Activity.performDestroy(Activity.java:8048)
12-07 07:01:30.934 22064 22064 W System.err: 	at android.app.Instrumentation.callActivityOnDestroy(Instrumentation.java:1334)
12-07 07:01:30.935 22064 22064 W System.err: 	at androidx.test.runner.MonitoringInstrumentation.callActivityOnDestroy(MonitoringInstrumentation.java:766)
12-07 07:01:30.936 22064 22064 W System.err: 	at android.app.ActivityThread.performDestroyActivity(ActivityThread.java:4926)
12-07 07:01:30.936 22064 22064 W System.err: 	at android.app.ActivityThread.handleDestroyActivity(ActivityThread.java:4970)
12-07 07:01:30.936 22064 22064 W System.err: 	at android.app.servertransaction.DestroyActivityItem.execute(DestroyActivityItem.java:44)
12-07 07:01:30.936 22064 22064 W System.err: 	at android.app.servertransaction.TransactionExecutor.executeLifecycleState(TransactionExecutor.java:176)
12-07 07:01:30.936 22064 22064 W System.err: 	at android.app.servertransaction.TransactionExecutor.execute(TransactionExecutor.java:97)
12-07 07:01:30.936 22064 22064 W System.err: 	at android.app.ActivityThread$H.handleMessage(ActivityThread.java:2016)
12-07 07:01:30.938 22064 22064 W System.err: 	at android.os.Handler.dispatchMessage(Handler.java:107)
12-07 07:01:30.938 22064 22064 W System.err: 	at android.os.Looper.loop(Looper.java:214)
12-07 07:01:30.938 22064 22064 W System.err: 	at android.app.ActivityThread.main(ActivityThread.java:7356)
12-07 07:01:30.938 22064 22064 W System.err: 	at java.lang.reflect.Method.invoke(Native Method)
12-07 07:01:30.938 22064 22064 W System.err: 	at com.android.internal.os.RuntimeInit$MethodAndArgsCaller.run(RuntimeInit.java:492)
12-07 07:01:30.938 22064 22064 W System.err: 	at com.android.internal.os.ZygoteInit.main(ZygoteInit.java:930)
12-07 07:01:30.942  2962  3510 D EGL_emulation: eglMakeCurrent: 0xe597d120: ver 2 0 (tinfo 0xbffb2540)
12-07 07:01:30.947 22064 22064 D LifecycleMonitor: Lifecycle status change: ru.iteco.fmhandroid.ui.AppActivity@7de269d in: DESTROYED
12-07 07:01:30.947 22064 22064 V ActivityScenario: Update currentActivityStage to DESTROYED, currentActivity=null
12-07 07:01:30.955 22064 22108 I TestRunner: finished: shouldFilterTheNewsWithCategoryTradeUnion(ru.iteco.fmhandroid.ui.FilterNewsPageTest)
12-07 07:01:30.986  2018  2018 W ActivityManager: Unable to start service Intent { act=android.service.appprediction.AppPredictionService cmp=com.google.android.as/com.google.android.apps.miphone.aiai.app.AiAiPredictionService } U=0: not found
12-07 07:01:30.986  2018  2018 W RemoteAppPredictionService: could not bind to Intent { act=android.service.appprediction.AppPredictionService cmp=com.google.android.as/com.google.android.apps.miphone.aiai.app.AiAiPredictionService } using flags 67108865
12-07 07:01:31.007  1776  1776 D gralloc_ranchu: gralloc_alloc: Creating ashmem region of size 10108928
12-07 07:01:31.020  1776  1776 I chatty  : uid=1000(system) allocator@2.0-s identical 1 line
12-07 07:01:31.021  1776  1776 D gralloc_ranchu: gralloc_alloc: Creating ashmem region of size 10108928
12-07 07:01:31.071 12448 12488 D EGL_emulation: eglMakeCurrent: 0xe594d140: ver 2 0 (tinfo 0xc539bd10)
12-07 07:01:31.194  2962  2962 W ThreadPoolDumper: Queue length for executor EventBus is now 11. Perhaps some tasks are too long, or the pool is too small.
12-07 07:01:31.206  2018  2054 W InputReader: Device has associated, but no associated display id.
12-07 07:01:31.207  2018  2054 I chatty  : uid=1000(system) android.anim identical 8 lines
12-07 07:01:31.207  2018  2054 W InputReader: Device has associated, but no associated display id.
12-07 07:01:31.218  1776  1776 D gralloc_ranchu: gralloc_alloc: Creating ashmem region of size 6471680
12-07 07:01:31.263 22120 22152 D EGL_emulation: eglMakeCurrent: 0xe593d600: ver 2 0 (tinfo 0xf0c89dd0)
12-07 07:01:31.269  2962  3348 W SessionLifecycleManager: Handover failed. Creating new session controller.
12-07 07:01:31.321  2170  2566 D EGL_emulation: eglMakeCurrent: 0xe594e040: ver 2 0 (tinfo 0xc52450c0)
12-07 07:01:31.326  1793  1793 E Layer   : [Surface(name=AppWindowToken{125514b token=Token{b03921a ActivityRecord{cc828c5 u0 ru.iteco.fmhandroid.test/androidx.test.core.app.InstrumentationActivityInvoker$EmptyActivity t141}}})/@0xe3cb159 - animation-leash#0] No local sync point found
12-07 07:01:31.326  1793  1793 E Layer   : [Surface(name=AppWindowToken{8dcd2e token=Token{a00d3a9 ActivityRecord{4384b30 u0 com.google.android.apps.nexuslauncher/.NexusLauncherActivity t105}}})/@0x3848044 - animation-leash#0] No local sync point found
12-07 07:01:31.343  2170  2566 D EGL_emulation: eglMakeCurrent: 0xe594e040: ver 2 0 (tinfo 0xc52450c0)
12-07 07:01:31.488 12448 12466 I s.nexuslaunche: NativeAlloc concurrent copying GC freed 3107(249KB) AllocSpace objects, 0(0B) LOS objects, 49% free, 2638KB/5277KB, paused 1.030ms total 199.335ms
12-07 07:01:31.493 12448 12468 W System  : A resource failed to call release. 
12-07 07:01:31.494 12448 12468 W System  : A resource failed to call release. 
12-07 07:01:31.515 22064 22108 I TestRunner: started: shouldFilterTheNewsWithCategoryGratitude(ru.iteco.fmhandroid.ui.FilterNewsPageTest)
12-07 07:01:31.539  2018  7392 D HostConnection: HostConnection::get() New Host Connection established 0xb22b1870, tid 7392
12-07 07:01:31.605 22038 22058 I app_process: Background young concurrent copying GC freed 600(154KB) AllocSpace objects, 11(5860KB) LOS objects, 0% free, 13MB/13MB, paused 2.203ms total 367.190ms
12-07 07:01:31.607  2018  7392 D HostConnection: HostComposition ext ANDROID_EMU_CHECKSUM_HELPER_v1 ANDROID_EMU_dma_v1 ANDROID_EMU_direct_mem ANDROID_EMU_host_composition_v1 ANDROID_EMU_host_composition_v2 ANDROID_EMU_vulkan ANDROID_EMU_deferred_vulkan_commands ANDROID_EMU_vulkan_null_optional_strings ANDROID_EMU_vulkan_create_resources_with_requirements ANDROID_EMU_YUV_Cache ANDROID_EMU_vulkan_ignored_handles ANDROID_EMU_vulkan_free_memory_sync ANDROID_EMU_vulkan_shader_float16_int8 ANDROID_EMU_vulkan_async_queue_submit ANDROID_EMU_sync_buffer_data GL_OES_vertex_array_object GL_KHR_texture_compression_astc_ldr ANDROID_EMU_host_side_tracing ANDROID_EMU_gles_max_version_2 
12-07 07:01:31.612  2018  7392 W OpenGLRenderer: Failed to choose config with EGL_SWAP_BEHAVIOR_PRESERVED, retrying without...
12-07 07:01:31.615  2170  2186 I ndroid.systemu: NativeAlloc concurrent copying GC freed 14429(726KB) AllocSpace objects, 0(0B) LOS objects, 49% free, 5244KB/10MB, paused 468us total 265.838ms
12-07 07:01:31.661 22064 22108 W Settings: Setting always_finish_activities has moved from android.provider.Settings.System to android.provider.Settings.Global, returning read-only value.
12-07 07:01:31.674  2018  9359 I ActivityTaskManager: START u0 {act=android.intent.action.MAIN cat=[android.intent.category.LAUNCHER] flg=0x10008000 cmp=ru.iteco.fmhandroid.test/androidx.test.core.app.InstrumentationActivityInvoker$BootstrapActivity (has extras)} from uid 10146
12-07 07:01:31.725  2018  7392 D EGL_emulation: eglCreateContext: 0xb2357640: maj 2 min 0 rcv 2
12-07 07:01:31.738  2962 21686 W LocationOracle: No location history returned by ContextManager
12-07 07:01:31.739  2018  7051 W InputReader: Device has associated, but no associated display id.
12-07 07:01:31.745  2018  7051 I chatty  : uid=1000(system) Binder:2018_19 identical 38 lines
12-07 07:01:31.745  2018  7051 W InputReader: Device has associated, but no associated display id.
12-07 07:01:31.748 22120 22120 W ActivityThread: handleWindowVisibility: no activity for token android.os.BinderProxy@d83f009
12-07 07:01:31.764  2018  7392 D EGL_emulation: eglMakeCurrent: 0xb2357640: ver 2 0 (tinfo 0xc0d1c860)
12-07 07:01:31.793  1776  1776 D gralloc_ranchu: gralloc_alloc: Creating ashmem region of size 10108928
12-07 07:01:31.804  2018  7051 I ActivityTaskManager: START u0 {act=android.intent.action.MAIN cat=[android.intent.category.LAUNCHER] cmp=ru.iteco.fmhandroid/.ui.AppActivity} from uid 10146
12-07 07:01:31.828  2018  2340 W InputReader: Device has associated, but no associated display id.
12-07 07:01:31.833  2018  2340 I chatty  : uid=1000(system) Binder:2018_5 identical 38 lines
12-07 07:01:31.833  2018  2340 W InputReader: Device has associated, but no associated display id.
12-07 07:01:31.833 22064 22064 W ActivityThread: handleWindowVisibility: no activity for token android.os.BinderProxy@29483ee
12-07 07:01:31.834  2018  2340 W InputReader: Device has associated, but no associated display id.
12-07 07:01:31.835  2018  2340 I chatty  : uid=1000(system) Binder:2018_5 identical 8 lines
12-07 07:01:31.835  2018  2340 W InputReader: Device has associated, but no associated display id.
12-07 07:01:31.877 22064 22064 D LifecycleMonitor: Lifecycle status change: ru.iteco.fmhandroid.ui.AppActivity@b48f0fa in: PRE_ON_CREATE
12-07 07:01:31.877 22064 22064 V ActivityScenario: Activity lifecycle changed event received but ignored because the reported transition was not ON_CREATE while the last known transition was PRE_ON_CREATE
12-07 07:01:31.882 22064 22096 V FA      : onActivityCreated
12-07 07:01:31.905 22064 22064 D LifecycleMonitor: Lifecycle status change: ru.iteco.fmhandroid.ui.AppActivity@b48f0fa in: CREATED
12-07 07:01:31.905 22064 22064 V ActivityScenario: Update currentActivityStage to CREATED, currentActivity=ru.iteco.fmhandroid.ui.AppActivity@b48f0fa
12-07 07:01:32.033  2962  3348 E MicroDetectionWorker: Stale runnable..ignoring
12-07 07:01:32.145  2018  2054 W InputReader: Device has associated, but no associated display id.
12-07 07:01:32.146  2018  2054 I chatty  : uid=1000(system) android.anim identical 8 lines
12-07 07:01:32.146  2018  2054 W InputReader: Device has associated, but no associated display id.
12-07 07:01:32.156  2656  3542 W GCoreFlp: No location to return for getLastLocation()
12-07 07:01:32.170  2962  3510 D EGL_emulation: eglMakeCurrent: 0xe597d120: ver 2 0 (tinfo 0xbffb2540)
12-07 07:01:32.171 12448 12488 D EGL_emulation: eglMakeCurrent: 0xe594d140: ver 2 0 (tinfo 0xc539bd10)
12-07 07:01:32.179  2170  2566 D EGL_emulation: eglMakeCurrent: 0xe594e040: ver 2 0 (tinfo 0xc52450c0)
12-07 07:01:32.189 22064 22064 D LifecycleMonitor: Lifecycle status change: ru.iteco.fmhandroid.ui.AppActivity@b48f0fa in: STARTED
12-07 07:01:32.190 22064 22064 V ActivityScenario: Update currentActivityStage to STARTED, currentActivity=ru.iteco.fmhandroid.ui.AppActivity@b48f0fa
12-07 07:01:32.192 22064 22064 D LifecycleMonitor: Lifecycle status change: ru.iteco.fmhandroid.ui.AppActivity@b48f0fa in: RESUMED
12-07 07:01:32.193 22064 22064 V ActivityScenario: Update currentActivityStage to RESUMED, currentActivity=ru.iteco.fmhandroid.ui.AppActivity@b48f0fa
12-07 07:01:32.195  2170  2566 D EGL_emulation: eglMakeCurrent: 0xe594e040: ver 2 0 (tinfo 0xc52450c0)
12-07 07:01:32.197 22064 22261 V FA      : Activity resumed, time: 30557287
12-07 07:01:32.240  1776  1776 D gralloc_ranchu: gralloc_alloc: Creating ashmem region of size 10108928
12-07 07:01:32.252  1776  1776 D gralloc_ranchu: gralloc_alloc: Creating ashmem region of size 10108928
12-07 07:01:32.258 22064 22155 D EGL_emulation: eglMakeCurrent: 0xe593dde0: ver 2 0 (tinfo 0xf0c9e670)
12-07 07:01:32.262  1776  1825 D gralloc_ranchu: gralloc_alloc: Creating ashmem region of size 10108928
12-07 07:01:32.396  2170  2566 D EGL_emulation: eglMakeCurrent: 0xe594e040: ver 2 0 (tinfo 0xc52450c0)
12-07 07:01:32.434  2018  2058 I ActivityTaskManager: Displayed ru.iteco.fmhandroid/.ui.AppActivity: +644ms
12-07 07:01:32.455  2962 22163 I PBSessionCacheImpl: Deleted sessionId[635179255536] from persistence.
12-07 07:01:32.466  2873 22266 V FA-SVC  : Logging event: origin=auto,name=screen_view(_vs),params=Bundle[{ga_event_origin(_o)=auto, ga_previous_class(_pc)=AppActivity, ga_previous_id(_pi)=6131447236127349150, ga_screen_class(_sc)=AppActivity, ga_screen_id(_si)=6131447236127349151}]
12-07 07:01:32.490  2656 21908 W ctxmgr  : [AclManager] No 3 for (accnt=account#-517948760#, com.google.android.gms(10112):UserVelocityProducer, vrsn=202414022, 0, 3pPkg = null ,  3pMdlId = null ,  pid = 2656). Was: 3 for 1, account#-517948760# [CONTEXT service_id=47 ]
12-07 07:01:32.503  2962  3348 W SearchServiceCore: Abort, client detached.
12-07 07:01:32.533  2873 22266 V FA-SVC  : Upload scheduled in approximately ms: 2272744
12-07 07:01:32.533  2873 22266 V FA-SVC  : Unscheduling upload
12-07 07:01:32.549  2873 22266 V FA-SVC  : Scheduling upload, millis: 2272744
12-07 07:01:32.570  2873 22266 V FA-SVC  : Background event processing time, ms: 100
12-07 07:01:32.595  2656  3542 W GCoreFlp: No location to return for getLastLocation()
12-07 07:01:32.665  2656 21412 E SQLiteDatabase: Error inserting flex_time=2272000 job_id=-1 period=4546000 source=16 requires_charging=0 preferred_network_type=1 target_class=com.google.android.gms.measurement.PackageMeasurementTaskService user_id=0 target_package=com.google.android.gms tag=Measurement.PackageMeasurementTaskService.UPLOAD_TASK_TAG task_type=0 required_idleness_state=0 service_kind=0 source_version=202414000 persistence_level=1 preferred_charging_state=1 required_network_type=0 runtime=1670396492579 retry_strategy={"maximum_backoff_seconds":{"3600":0},"initial_backoff_seconds":{"30":0},"retry_policy":{"0":0}} last_runtime=0
12-07 07:01:32.665  2656 21412 E SQLiteDatabase: android.database.sqlite.SQLiteConstraintException: UNIQUE constraint failed: pending_ops.tag, pending_ops.target_class, pending_ops.target_package, pending_ops.user_id (code 2067 SQLITE_CONSTRAINT_UNIQUE)
12-07 07:01:32.665  2656 21412 E SQLiteDatabase: 	at android.database.sqlite.SQLiteConnection.nativeExecuteForLastInsertedRowId(Native Method)
12-07 07:01:32.665  2656 21412 E SQLiteDatabase: 	at android.database.sqlite.SQLiteConnection.executeForLastInsertedRowId(SQLiteConnection.java:879)
12-07 07:01:32.665  2656 21412 E SQLiteDatabase: 	at android.database.sqlite.SQLiteSession.executeForLastInsertedRowId(SQLiteSession.java:790)
12-07 07:01:32.665  2656 21412 E SQLiteDatabase: 	at android.database.sqlite.SQLiteStatement.executeInsert(SQLiteStatement.java:88)
12-07 07:01:32.665  2656 21412 E SQLiteDatabase: 	at android.database.sqlite.SQLiteDatabase.insertWithOnConflict(SQLiteDatabase.java:1599)
12-07 07:01:32.665  2656 21412 E SQLiteDatabase: 	at android.database.sqlite.SQLiteDatabase.insert(SQLiteDatabase.java:1468)
12-07 07:01:32.665  2656 21412 E SQLiteDatabase: 	at aqui.a(:com.google.android.gms@202414022@20.24.14 (040700-319035315):175)
12-07 07:01:32.665  2656 21412 E SQLiteDatabase: 	at aqtk.a(:com.google.android.gms@202414022@20.24.14 (040700-319035315):182)
12-07 07:01:32.665  2656 21412 E SQLiteDatabase: 	at aqtk.a(:com.google.android.gms@202414022@20.24.14 (040700-319035315):23)
