12-07 20:43:08.534 32097 32097 I ViewInteraction: Checking 'MatchesViewAssertion{viewMatcher=(view has effective visibility <VISIBLE> and view.getGlobalVisibleRect() to return non-empty rectangle)}' assertion on view (an instance of android.widget.TextView and view.getHint() matching: is "Login" and view.getParent() view.getParent() view.getId() is <2131231121/ru.iteco.fmhandroid:id/login_text_input_layout>)
12-07 20:43:08.536 32097 32143 W teco.fmhandroi: Accessing hidden method Lsun/misc/Unsafe;->compareAndSwapObject(Ljava/lang/Object;JLjava/lang/Object;Ljava/lang/Object;)Z (greylist, linking, allowed)
12-07 20:43:08.539 32097 32097 I ViewInteraction: Performing 'wait for a specific view with <(an instance of android.widget.TextView and view.getHint() matching: is "Password" and view.getParent() view.getParent() view.getId() is <2131231264>)> during 10000 millis.' action on view view.getRootView() to equal view
12-07 20:43:08.543 32097 32143 W teco.fmhandroi: Accessing hidden method Lsun/misc/Unsafe;->compareAndSwapObject(Ljava/lang/Object;JLjava/lang/Object;Ljava/lang/Object;)Z (greylist, linking, allowed)
12-07 20:43:08.547 32097 32097 I ViewInteraction: Checking 'MatchesViewAssertion{viewMatcher=(view has effective visibility <VISIBLE> and view.getGlobalVisibleRect() to return non-empty rectangle)}' assertion on view (an instance of android.widget.TextView and view.getHint() matching: is "Password" and view.getParent() view.getParent() view.getId() is <2131231264/ru.iteco.fmhandroid:id/password_text_input_layout>)
12-07 20:43:08.547 32097 32222 W teco.fmhandroi: Accessing hidden method Lsun/misc/Unsafe;->compareAndSwapObject(Ljava/lang/Object;JLjava/lang/Object;Ljava/lang/Object;)Z (greylist, linking, allowed)
12-07 20:43:08.550 32097 32222 W teco.fmhandroi: Accessing hidden method Lsun/misc/Unsafe;->compareAndSwapObject(Ljava/lang/Object;JLjava/lang/Object;Ljava/lang/Object;)Z (greylist, linking, allowed)
12-07 20:43:08.552 32097 32097 I ViewInteraction: Performing 'wait for a specific view with <(view.getId() is <2131231039> and an instance of android.widget.TextView and view.getText() with or without transformation to match: is "SIGN IN" and view.getContentDescription() is "Save" and view.getParent() view.getParent() an instance of android.widget.RelativeLayout)> during 10000 millis.' action on view view.getRootView() to equal view
12-07 20:43:08.555 32097 32143 W teco.fmhandroi: Accessing hidden method Lsun/misc/Unsafe;->compareAndSwapObject(Ljava/lang/Object;JLjava/lang/Object;Ljava/lang/Object;)Z (greylist, linking, allowed)
12-07 20:43:08.560 32097 32097 I ViewInteraction: Checking 'MatchesViewAssertion{viewMatcher=(view has effective visibility <VISIBLE> and view.getGlobalVisibleRect() to return non-empty rectangle)}' assertion on view (view.getId() is <2131231039/ru.iteco.fmhandroid:id/enter_button> and an instance of android.widget.TextView and view.getText() with or without transformation to match: is "SIGN IN" and view.getContentDescription() is "Save" and view.getParent() view.getParent() an instance of android.widget.RelativeLayout)
12-07 20:43:08.561 32097 32143 W teco.fmhandroi: Accessing hidden method Lsun/misc/Unsafe;->compareAndSwapObject(Ljava/lang/Object;JLjava/lang/Object;Ljava/lang/Object;)Z (greylist, linking, allowed)
12-07 20:43:08.564 32097 32097 I ViewInteraction: Performing 'wait for a specific view with <(an instance of android.widget.TextView and view.getText() with or without transformation to match: is "Authorization" and view.getParent() view.getParent() view.getId() is <2131231186>)> during 10000 millis.' action on view view.getRootView() to equal view
12-07 20:43:08.566 32097 32143 W teco.fmhandroi: Accessing hidden method Lsun/misc/Unsafe;->compareAndSwapObject(Ljava/lang/Object;JLjava/lang/Object;Ljava/lang/Object;)Z (greylist, linking, allowed)
12-07 20:43:08.570 32097 32097 I ViewInteraction: Checking 'MatchesViewAssertion{viewMatcher=(view has effective visibility <VISIBLE> and view.getGlobalVisibleRect() to return non-empty rectangle)}' assertion on view (an instance of android.widget.TextView and view.getText() with or without transformation to match: is "Authorization" and view.getParent() view.getParent() view.getId() is <2131231186/ru.iteco.fmhandroid:id/nav_host_fragment>)
12-07 20:43:08.571 32097 32143 W teco.fmhandroi: Accessing hidden method Lsun/misc/Unsafe;->compareAndSwapObject(Ljava/lang/Object;JLjava/lang/Object;Ljava/lang/Object;)Z (greylist, linking, allowed)
12-07 20:43:08.574 32097 32097 I ViewInteraction: Performing 'wait for a specific view with <(an instance of android.widget.TextView and view.getHint() matching: is "Login" and view.getParent() view.getParent() view.getId() is <2131231121/ru.iteco.fmhandroid:id/login_text_input_layout>)> during 10000 millis.' action on view view.getRootView() to equal view
12-07 20:43:08.577 32097 32143 W teco.fmhandroi: Accessing hidden method Lsun/misc/Unsafe;->compareAndSwapObject(Ljava/lang/Object;JLjava/lang/Object;Ljava/lang/Object;)Z (greylist, linking, allowed)
12-07 20:43:08.581 32097 32222 W teco.fmhandroi: Accessing hidden method Lsun/misc/Unsafe;->compareAndSwapObject(Ljava/lang/Object;JLjava/lang/Object;Ljava/lang/Object;)Z (greylist, linking, allowed)
12-07 20:43:08.587 32097 32097 I ViewInteraction: Checking 'MatchesViewAssertion{viewMatcher=(view has effective visibility <VISIBLE> and view.getGlobalVisibleRect() to return non-empty rectangle)}' assertion on view (an instance of android.widget.TextView and view.getHint() matching: is "Login" and view.getParent() view.getParent() view.getId() is <2131231121/ru.iteco.fmhandroid:id/login_text_input_layout>)
12-07 20:43:08.588 32097 32143 W teco.fmhandroi: Accessing hidden method Lsun/misc/Unsafe;->compareAndSwapObject(Ljava/lang/Object;JLjava/lang/Object;Ljava/lang/Object;)Z (greylist, linking, allowed)
12-07 20:43:08.596 32097 32097 I ViewInteraction: Performing 'wait for a specific view with <(an instance of android.widget.TextView and view.getHint() matching: is "Password" and view.getParent() view.getParent() view.getId() is <2131231264/ru.iteco.fmhandroid:id/password_text_input_layout>)> during 10000 millis.' action on view view.getRootView() to equal view
12-07 20:43:08.600 32097 32143 W teco.fmhandroi: Accessing hidden method Lsun/misc/Unsafe;->compareAndSwapObject(Ljava/lang/Object;JLjava/lang/Object;Ljava/lang/Object;)Z (greylist, linking, allowed)
12-07 20:43:08.608 32097 32097 I ViewInteraction: Checking 'MatchesViewAssertion{viewMatcher=(view has effective visibility <VISIBLE> and view.getGlobalVisibleRect() to return non-empty rectangle)}' assertion on view (an instance of android.widget.TextView and view.getHint() matching: is "Password" and view.getParent() view.getParent() view.getId() is <2131231264/ru.iteco.fmhandroid:id/password_text_input_layout>)
12-07 20:43:08.609 32097 32143 W teco.fmhandroi: Accessing hidden method Lsun/misc/Unsafe;->compareAndSwapObject(Ljava/lang/Object;JLjava/lang/Object;Ljava/lang/Object;)Z (greylist, linking, allowed)
12-07 20:43:08.610 32097 32222 W teco.fmhandroi: Accessing hidden method Lsun/misc/Unsafe;->compareAndSwapObject(Ljava/lang/Object;JLjava/lang/Object;Ljava/lang/Object;)Z (greylist, linking, allowed)
12-07 20:43:08.616 32097 32097 I ViewInteraction: Performing 'wait for a specific view with <(view.getId() is <2131231039/ru.iteco.fmhandroid:id/enter_button> and an instance of android.widget.TextView and view.getText() with or without transformation to match: is "SIGN IN" and view.getContentDescription() is "Save" and view.getParent() view.getParent() an instance of android.widget.RelativeLayout)> during 10000 millis.' action on view view.getRootView() to equal view
12-07 20:43:08.621 32097 32143 W teco.fmhandroi: Accessing hidden method Lsun/misc/Unsafe;->compareAndSwapObject(Ljava/lang/Object;JLjava/lang/Object;Ljava/lang/Object;)Z (greylist, linking, allowed)
12-07 20:43:08.621 32097 32222 W teco.fmhandroi: Accessing hidden method Lsun/misc/Unsafe;->compareAndSwapObject(Ljava/lang/Object;JLjava/lang/Object;Ljava/lang/Object;)Z (greylist, linking, allowed)
12-07 20:43:08.628 32097 32097 I ViewInteraction: Checking 'MatchesViewAssertion{viewMatcher=(view has effective visibility <VISIBLE> and view.getGlobalVisibleRect() to return non-empty rectangle)}' assertion on view (view.getId() is <2131231039/ru.iteco.fmhandroid:id/enter_button> and an instance of android.widget.TextView and view.getText() with or without transformation to match: is "SIGN IN" and view.getContentDescription() is "Save" and view.getParent() view.getParent() an instance of android.widget.RelativeLayout)
12-07 20:43:08.630 32097 32143 W teco.fmhandroi: Accessing hidden method Lsun/misc/Unsafe;->compareAndSwapObject(Ljava/lang/Object;JLjava/lang/Object;Ljava/lang/Object;)Z (greylist, linking, allowed)
12-07 20:43:08.631 32097 32222 W teco.fmhandroi: Accessing hidden method Lsun/misc/Unsafe;->compareAndSwapObject(Ljava/lang/Object;JLjava/lang/Object;Ljava/lang/Object;)Z (greylist, linking, allowed)
12-07 20:43:08.635 32097 32097 I ViewInteraction: Performing 'wait for a specific view with <(an instance of android.widget.TextView and view.getHint() matching: is "Login" and view.getParent() view.getParent() view.getId() is <2131231121/ru.iteco.fmhandroid:id/login_text_input_layout>)> during 10000 millis.' action on view view.getRootView() to equal view
12-07 20:43:08.641 32097 32143 W teco.fmhandroi: Accessing hidden method Lsun/misc/Unsafe;->compareAndSwapObject(Ljava/lang/Object;JLjava/lang/Object;Ljava/lang/Object;)Z (greylist, linking, allowed)
12-07 20:43:08.641 32097 32222 W teco.fmhandroi: Accessing hidden method Lsun/misc/Unsafe;->compareAndSwapObject(Ljava/lang/Object;JLjava/lang/Object;Ljava/lang/Object;)Z (greylist, linking, allowed)
12-07 20:43:08.649 32097 32097 I ViewInteraction: Performing 'replace text(login2)' action on view (an instance of android.widget.TextView and view.getHint() matching: is "Login" and view.getParent() view.getParent() view.getId() is <2131231121/ru.iteco.fmhandroid:id/login_text_input_layout>)
12-07 20:43:08.669  2018  2058 E memtrack: Couldn't load memtrack module
12-07 20:43:08.669  2018  2058 W android.os.Debug: failed to get memory consumption info: -1
12-07 20:43:08.674 32097 32143 W teco.fmhandroi: Accessing hidden method Lsun/misc/Unsafe;->compareAndSwapObject(Ljava/lang/Object;JLjava/lang/Object;Ljava/lang/Object;)Z (greylist, linking, allowed)
12-07 20:43:08.704 32097 32097 I ViewInteraction: Performing 'wait for a specific view with <(an instance of android.widget.TextView and view.getHint() matching: is "Password" and view.getParent() view.getParent() view.getId() is <2131231264/ru.iteco.fmhandroid:id/password_text_input_layout>)> during 10000 millis.' action on view view.getRootView() to equal view
12-07 20:43:08.708 32097 32143 W teco.fmhandroi: Accessing hidden method Lsun/misc/Unsafe;->compareAndSwapObject(Ljava/lang/Object;JLjava/lang/Object;Ljava/lang/Object;)Z (greylist, linking, allowed)
12-07 20:43:08.722 32097 32097 I ViewInteraction: Performing 'replace text(password2)' action on view (an instance of android.widget.TextView and view.getHint() matching: is "Password" and view.getParent() view.getParent() view.getId() is <2131231264/ru.iteco.fmhandroid:id/password_text_input_layout>)
12-07 20:43:08.737 32097 32143 W teco.fmhandroi: Accessing hidden method Lsun/misc/Unsafe;->compareAndSwapObject(Ljava/lang/Object;JLjava/lang/Object;Ljava/lang/Object;)Z (greylist, linking, allowed)
12-07 20:43:08.768 32097 32097 I ViewInteraction: Performing 'wait for a specific view with <(view.getId() is <2131231039/ru.iteco.fmhandroid:id/enter_button> and an instance of android.widget.TextView and view.getText() with or without transformation to match: is "SIGN IN" and view.getContentDescription() is "Save" and view.getParent() view.getParent() an instance of android.widget.RelativeLayout)> during 10000 millis.' action on view view.getRootView() to equal view
12-07 20:43:08.772 32097 32143 W teco.fmhandroi: Accessing hidden method Lsun/misc/Unsafe;->compareAndSwapObject(Ljava/lang/Object;JLjava/lang/Object;Ljava/lang/Object;)Z (greylist, linking, allowed)
12-07 20:43:08.773 32097 32222 W teco.fmhandroi: Accessing hidden method Lsun/misc/Unsafe;->compareAndSwapObject(Ljava/lang/Object;JLjava/lang/Object;Ljava/lang/Object;)Z (greylist, linking, allowed)
12-07 20:43:08.781 32097 32097 I ViewInteraction: Checking 'MatchesViewAssertion{viewMatcher=view.isClickable() is <true>}' assertion on view (view.getId() is <2131231039/ru.iteco.fmhandroid:id/enter_button> and an instance of android.widget.TextView and view.getText() with or without transformation to match: is "SIGN IN" and view.getContentDescription() is "Save" and view.getParent() view.getParent() an instance of android.widget.RelativeLayout)
12-07 20:43:08.787 32097 32143 W teco.fmhandroi: Accessing hidden method Lsun/misc/Unsafe;->compareAndSwapObject(Ljava/lang/Object;JLjava/lang/Object;Ljava/lang/Object;)Z (greylist, linking, allowed)
12-07 20:43:08.792 32097 32097 I ViewInteraction: Performing 'wait for a specific view with <(view.getId() is <2131231039/ru.iteco.fmhandroid:id/enter_button> and an instance of android.widget.TextView and view.getText() with or without transformation to match: is "SIGN IN" and view.getContentDescription() is "Save" and view.getParent() view.getParent() an instance of android.widget.RelativeLayout)> during 10000 millis.' action on view view.getRootView() to equal view
12-07 20:43:08.798 32097 32143 W teco.fmhandroi: Accessing hidden method Lsun/misc/Unsafe;->compareAndSwapObject(Ljava/lang/Object;JLjava/lang/Object;Ljava/lang/Object;)Z (greylist, linking, allowed)
12-07 20:43:08.802 32097 32097 I ViewInteraction: Checking 'MatchesViewAssertion{viewMatcher=view.isClickable() is <true>}' assertion on view (view.getId() is <2131231039/ru.iteco.fmhandroid:id/enter_button> and an instance of android.widget.TextView and view.getText() with or without transformation to match: is "SIGN IN" and view.getContentDescription() is "Save" and view.getParent() view.getParent() an instance of android.widget.RelativeLayout)
12-07 20:43:08.804 32097 32143 W teco.fmhandroi: Accessing hidden method Lsun/misc/Unsafe;->compareAndSwapObject(Ljava/lang/Object;JLjava/lang/Object;Ljava/lang/Object;)Z (greylist, linking, allowed)
12-07 20:43:08.808 32097 32097 I ViewInteraction: Performing 'wait for a specific view with <(view.getId() is <2131231039/ru.iteco.fmhandroid:id/enter_button> and an instance of android.widget.TextView and view.getText() with or without transformation to match: is "SIGN IN" and view.getContentDescription() is "Save" and view.getParent() view.getParent() an instance of android.widget.RelativeLayout)> during 10000 millis.' action on view view.getRootView() to equal view
12-07 20:43:08.812 32097 32143 W teco.fmhandroi: Accessing hidden method Lsun/misc/Unsafe;->compareAndSwapObject(Ljava/lang/Object;JLjava/lang/Object;Ljava/lang/Object;)Z (greylist, linking, allowed)
12-07 20:43:08.817 32097 32097 I ViewInteraction: Performing 'single click' action on view (view.getId() is <2131231039/ru.iteco.fmhandroid:id/enter_button> and an instance of android.widget.TextView and view.getText() with or without transformation to match: is "SIGN IN" and view.getContentDescription() is "Save" and view.getParent() view.getParent() an instance of android.widget.RelativeLayout)
12-07 20:43:08.919 32097 32227 I okhttp.OkHttpClient: --> POST http://www.981757-ca08998.tmweb.ru:8080/fmh/authentication/login
12-07 20:43:08.919 32097 32227 I okhttp.OkHttpClient: Content-Type: application/json; charset=UTF-8
12-07 20:43:08.919 32097 32227 I okhttp.OkHttpClient: Content-Length: 41
12-07 20:43:08.920 32097 32227 I okhttp.OkHttpClient: {"login":"login2","password":"password2"}
12-07 20:43:08.920 32097 32227 I okhttp.OkHttpClient: --> END POST (41-byte body)
12-07 20:43:08.928  1744 32228 E ResolverController: No valid NAT64 prefix (102, <unspecified>/0)
12-07 20:43:08.946 32097 32110 I teco.fmhandroi: Background young concurrent copying GC freed 113281(5476KB) AllocSpace objects, 3(120KB) LOS objects, 44% free, 6665KB/11MB, paused 1.258ms total 166.959ms
12-07 20:43:09.151 32097 32143 W teco.fmhandroi: Accessing hidden method Lsun/misc/Unsafe;->compareAndSwapObject(Ljava/lang/Object;JLjava/lang/Object;Ljava/lang/Object;)Z (greylist, linking, allowed)
12-07 20:43:09.154 32097 32097 I ViewInteraction: Performing 'wait for a specific view with <an instance of android.widget.TextView and view.getText() with or without transformation to match: is "News"> during 10000 millis.' action on view view.getRootView() to equal view
12-07 20:43:10.369 32097 32227 I okhttp.OkHttpClient: <-- 200 http://www.981757-ca08998.tmweb.ru:8080/fmh/authentication/login (1448ms)
12-07 20:43:10.369 32097 32227 I okhttp.OkHttpClient: Vary: Origin
12-07 20:43:10.369 32097 32227 I okhttp.OkHttpClient: Vary: Access-Control-Request-Method
12-07 20:43:10.369 32097 32227 I okhttp.OkHttpClient: Vary: Access-Control-Request-Headers
12-07 20:43:10.369 32097 32227 I okhttp.OkHttpClient: X-Content-Type-Options: nosniff
12-07 20:43:10.369 32097 32227 I okhttp.OkHttpClient: X-XSS-Protection: 1; mode=block
12-07 20:43:10.369 32097 32227 I okhttp.OkHttpClient: Cache-Control: no-cache, no-store, max-age=0, must-revalidate
12-07 20:43:10.370 32097 32227 I okhttp.OkHttpClient: Pragma: no-cache
12-07 20:43:10.370 32097 32227 I okhttp.OkHttpClient: Expires: 0
12-07 20:43:10.370 32097 32227 I okhttp.OkHttpClient: X-Frame-Options: DENY
12-07 20:43:10.370 32097 32227 I okhttp.OkHttpClient: Content-Type: application/json
12-07 20:43:10.370 32097 32227 I okhttp.OkHttpClient: Transfer-Encoding: chunked
12-07 20:43:10.370 32097 32227 I okhttp.OkHttpClient: Date: Wed, 07 Dec 2022 20:43:56 GMT
12-07 20:43:10.370 32097 32227 I okhttp.OkHttpClient: Keep-Alive: timeout=60
12-07 20:43:10.371 32097 32227 I okhttp.OkHttpClient: Connection: keep-alive
12-07 20:43:10.373 32097 32227 I okhttp.OkHttpClient: {"accessToken":"eyJhbGciOiJIUzUxMiJ9.eyJzdWIiOiJsb2dpbjIiLCJqdGkiOiIyIiwiZXhwIjoxNjcwNTMyMjM2fQ.cXkedtM-SaOUgb_Xdi0OieqyF7g7QkvAuT9f_BXd5fAAwaXQxN0_hRJFRU-28rP1Q0QHZUIf87bUkvFk6-UFRA","refreshToken":"eyJhbGciOiJIUzUxMiJ9.eyJzdWIiOiJsb2dpbjIiLCJqdGkiOiIyIiwiZXhwIjoxNjczMDM3ODM2fQ.DmpVLDmLadNPyg-ojp2i42L5C43frYIU079kbezBef818eiNIx1EU1YfTLllpwwudw-YuBFZLUt9IPbX58-r2A"}
12-07 20:43:10.373 32097 32227 I okhttp.OkHttpClient: <-- END HTTP (368-byte body)
12-07 20:43:10.380 32097 32203 I okhttp.OkHttpClient: --> GET http://www.981757-ca08998.tmweb.ru:8080/fmh/authentication/userInfo
12-07 20:43:10.381 32097 32203 I okhttp.OkHttpClient: --> END GET
12-07 20:43:10.535 32097 32203 I okhttp.OkHttpClient: <-- 200 http://www.981757-ca08998.tmweb.ru:8080/fmh/authentication/userInfo (153ms)
12-07 20:43:10.535 32097 32203 I okhttp.OkHttpClient: Vary: Origin
12-07 20:43:10.535 32097 32203 I okhttp.OkHttpClient: Vary: Access-Control-Request-Method
12-07 20:43:10.535 32097 32203 I okhttp.OkHttpClient: Vary: Access-Control-Request-Headers
12-07 20:43:10.536 32097 32203 I okhttp.OkHttpClient: X-Content-Type-Options: nosniff
12-07 20:43:10.536 32097 32203 I okhttp.OkHttpClient: X-XSS-Protection: 1; mode=block
12-07 20:43:10.536 32097 32203 I okhttp.OkHttpClient: Cache-Control: no-cache, no-store, max-age=0, must-revalidate
12-07 20:43:10.536 32097 32203 I okhttp.OkHttpClient: Pragma: no-cache
12-07 20:43:10.536 32097 32203 I okhttp.OkHttpClient: Expires: 0
12-07 20:43:10.537 32097 32203 I okhttp.OkHttpClient: X-Frame-Options: DENY
12-07 20:43:10.537 32097 32203 I okhttp.OkHttpClient: Content-Type: application/json
12-07 20:43:10.537 32097 32203 I okhttp.OkHttpClient: Transfer-Encoding: chunked
12-07 20:43:10.538 32097 32203 I okhttp.OkHttpClient: Date: Wed, 07 Dec 2022 20:43:56 GMT
12-07 20:43:10.538 32097 32203 I okhttp.OkHttpClient: Keep-Alive: timeout=60
12-07 20:43:10.540 32097 32203 I okhttp.OkHttpClient: Connection: keep-alive
12-07 20:43:10.542 32097 32203 I okhttp.OkHttpClient: {"id":2,"firstName":"Данил","lastName":"Иванов","middleName":"Данилович","admin":true}
12-07 20:43:10.543 32097 32203 I okhttp.OkHttpClient: <-- END HTTP (106-byte body)
12-07 20:43:10.568 32097 32229 I okhttp.OkHttpClient: --> GET http://www.981757-ca08998.tmweb.ru:8080/fmh/claims
12-07 20:43:10.568 32097 32229 I okhttp.OkHttpClient: --> END GET
12-07 20:43:10.757 32097 32097 I ViewInteraction: Checking 'MatchesViewAssertion{viewMatcher=(view has effective visibility <VISIBLE> and view.getGlobalVisibleRect() to return non-empty rectangle)}' assertion on view an instance of android.widget.TextView and view.getText() with or without transformation to match: is "News"
12-07 20:43:10.765 32097 32143 W teco.fmhandroi: Accessing hidden method Lsun/misc/Unsafe;->compareAndSwapObject(Ljava/lang/Object;JLjava/lang/Object;Ljava/lang/Object;)Z (greylist, linking, allowed)
12-07 20:43:10.766 32097 32097 I ViewInteraction: Performing 'wait for a specific view with <view.getId() is <2131230951>> during 10000 millis.' action on view view.getRootView() to equal view
12-07 20:43:10.769 32097 32143 W teco.fmhandroi: Accessing hidden method Lsun/misc/Unsafe;->compareAndSwapObject(Ljava/lang/Object;JLjava/lang/Object;Ljava/lang/Object;)Z (greylist, linking, allowed)
12-07 20:43:10.769 32097 32222 W teco.fmhandroi: Accessing hidden method Lsun/misc/Unsafe;->compareAndSwapObject(Ljava/lang/Object;JLjava/lang/Object;Ljava/lang/Object;)Z (greylist, linking, allowed)
12-07 20:43:10.772 32097 32097 I ViewInteraction: Checking 'MatchesViewAssertion{viewMatcher=(view has effective visibility <VISIBLE> and view.getGlobalVisibleRect() to return non-empty rectangle)}' assertion on view view.getId() is <2131230951/ru.iteco.fmhandroid:id/container_list_news_include_on_fragment_main>
12-07 20:43:10.775 32097 32143 W teco.fmhandroi: Accessing hidden method Lsun/misc/Unsafe;->compareAndSwapObject(Ljava/lang/Object;JLjava/lang/Object;Ljava/lang/Object;)Z (greylist, linking, allowed)
12-07 20:43:10.776 32097 32222 W teco.fmhandroi: Accessing hidden method Lsun/misc/Unsafe;->compareAndSwapObject(Ljava/lang/Object;JLjava/lang/Object;Ljava/lang/Object;)Z (greylist, linking, allowed)
12-07 20:43:10.779 32097 32097 I ViewInteraction: Performing 'wait for a specific view with <view.getId() is <2131230949>> during 10000 millis.' action on view view.getRootView() to equal view
12-07 20:43:10.783 32097 32143 W teco.fmhandroi: Accessing hidden method Lsun/misc/Unsafe;->compareAndSwapObject(Ljava/lang/Object;JLjava/lang/Object;Ljava/lang/Object;)Z (greylist, linking, allowed)
12-07 20:43:10.783 32097 32222 W teco.fmhandroi: Accessing hidden method Lsun/misc/Unsafe;->compareAndSwapObject(Ljava/lang/Object;JLjava/lang/Object;Ljava/lang/Object;)Z (greylist, linking, allowed)
12-07 20:43:10.787 32097 32097 I ViewInteraction: Checking 'MatchesViewAssertion{viewMatcher=(view has effective visibility <VISIBLE> and view.getGlobalVisibleRect() to return non-empty rectangle)}' assertion on view view.getId() is <2131230949/ru.iteco.fmhandroid:id/container_list_claim_include_on_fragment_main>
12-07 20:43:10.789 32097 32143 W teco.fmhandroi: Accessing hidden method Lsun/misc/Unsafe;->compareAndSwapObject(Ljava/lang/Object;JLjava/lang/Object;Ljava/lang/Object;)Z (greylist, linking, allowed)
12-07 20:43:10.792 32097 32097 I ViewInteraction: Performing 'wait for a specific view with <an instance of android.widget.TextView and view.getText() with or without transformation to match: is "Claims"> during 10000 millis.' action on view view.getRootView() to equal view
12-07 20:43:10.798 32097 32097 I ViewInteraction: Checking 'MatchesViewAssertion{viewMatcher=(view has effective visibility <VISIBLE> and view.getGlobalVisibleRect() to return non-empty rectangle)}' assertion on view an instance of android.widget.TextView and view.getText() with or without transformation to match: is "Claims"
12-07 20:43:10.801 32097 32222 W teco.fmhandroi: Accessing hidden method Lsun/misc/Unsafe;->compareAndSwapObject(Ljava/lang/Object;JLjava/lang/Object;Ljava/lang/Object;)Z (greylist, linking, allowed)
12-07 20:43:10.804 32097 32097 I ViewInteraction: Performing 'wait for a specific view with <view.getId() is <2131231123>> during 10000 millis.' action on view view.getRootView() to equal view
12-07 20:43:10.808 32097 32222 W teco.fmhandroi: Accessing hidden method Lsun/misc/Unsafe;->compareAndSwapObject(Ljava/lang/Object;JLjava/lang/Object;Ljava/lang/Object;)Z (greylist, linking, allowed)
12-07 20:43:10.813 32097 32097 I ViewInteraction: Performing 'single click' action on view view.getId() is <2131231123/ru.iteco.fmhandroid:id/main_menu_image_button>
12-07 20:43:10.983  1776  1825 D gralloc_ranchu: gralloc_alloc: Creating ashmem region of size 2015232
12-07 20:43:10.991  1776  1825 I chatty  : uid=1000(system) HwBinder:1776_1 identical 1 line
12-07 20:43:10.996  1776  1825 D gralloc_ranchu: gralloc_alloc: Creating ashmem region of size 2015232
12-07 20:43:11.035 32097 32190 D EGL_emulation: eglMakeCurrent: 0xdd81b260: ver 2 0 (tinfo 0xdd80f0d0)
12-07 20:43:11.468 32097 32190 D EGL_emulation: eglMakeCurrent: 0xdd81b260: ver 2 0 (tinfo 0xdd80f0d0)
12-07 20:43:11.503 32097 32097 I Choreographer: Skipped 31 frames!  The application may be doing too much work on its main thread.
12-07 20:43:11.533 32097 32190 D EGL_emulation: eglMakeCurrent: 0xdd81b260: ver 2 0 (tinfo 0xdd80f0d0)
12-07 20:43:11.610 32097 32190 I chatty  : uid=10146(ru.iteco.fmhandroid) RenderThread identical 3 lines
12-07 20:43:11.629 32097 32190 D EGL_emulation: eglMakeCurrent: 0xdd81b260: ver 2 0 (tinfo 0xdd80f0d0)
12-07 20:43:11.858 32097 32143 W teco.fmhandroi: Accessing hidden method Lsun/misc/Unsafe;->compareAndSwapObject(Ljava/lang/Object;JLjava/lang/Object;Ljava/lang/Object;)Z (greylist, linking, allowed)
12-07 20:43:11.863 32097 32097 I ViewInteraction: Performing 'wait for a specific view with <an instance of android.widget.TextView and view.getText() with or without transformation to match: is "Claims"> during 10000 millis.' action on view view.getRootView() to equal view
12-07 20:43:11.873 32097 32097 I ViewInteraction: Performing 'single click' action on view an instance of android.widget.TextView and view.getText() with or without transformation to match: is "Claims"
12-07 20:43:12.036 32097 32230 I okhttp.OkHttpClient: --> GET http://www.981757-ca08998.tmweb.ru:8080/fmh/claims
12-07 20:43:12.036 32097 32230 I okhttp.OkHttpClient: --> END GET
12-07 20:43:12.047  1744 32231 E ResolverController: No valid NAT64 prefix (102, <unspecified>/0)
12-07 20:43:12.136 32097 32190 D EGL_emulation: eglMakeCurrent: 0xdd81b260: ver 2 0 (tinfo 0xdd80f0d0)
12-07 20:43:12.172 32097 32190 D EGL_emulation: eglMakeCurrent: 0xdd81b260: ver 2 0 (tinfo 0xdd80f0d0)
12-07 20:43:12.414  1893  1893 E netmgr  : Failed to open QEMU pipe 'qemud:network': Invalid argument
12-07 20:43:12.474 32097 32097 I ViewInteraction: Performing 'wait for a specific view with <view.getId() is <2131230849>> during 10000 millis.' action on view view.getRootView() to equal view
12-07 20:43:12.482 32097 32143 W teco.fmhandroi: Accessing hidden method Lsun/misc/Unsafe;->compareAndSwapObject(Ljava/lang/Object;JLjava/lang/Object;Ljava/lang/Object;)Z (greylist, linking, allowed)
12-07 20:43:12.482 32097 32222 W teco.fmhandroi: Accessing hidden method Lsun/misc/Unsafe;->compareAndSwapObject(Ljava/lang/Object;JLjava/lang/Object;Ljava/lang/Object;)Z (greylist, linking, allowed)
12-07 20:43:12.506 32097 32097 I ViewInteraction: Performing 'single click' action on view view.getId() is <2131230849/ru.iteco.fmhandroid:id/add_new_claim_material_button>
12-07 20:43:12.566 32097 32203 I okhttp.OkHttpClient: --> GET http://www.981757-ca08998.tmweb.ru:8080/fmh/users
12-07 20:43:12.566 32097 32203 I okhttp.OkHttpClient: --> END GET
12-07 20:43:12.789 32097 32203 I okhttp.OkHttpClient: <-- 200 http://www.981757-ca08998.tmweb.ru:8080/fmh/users (222ms)
12-07 20:43:12.789 32097 32203 I okhttp.OkHttpClient: Vary: Origin
12-07 20:43:12.789 32097 32203 I okhttp.OkHttpClient: Vary: Access-Control-Request-Method
12-07 20:43:12.789 32097 32203 I okhttp.OkHttpClient: Vary: Access-Control-Request-Headers
12-07 20:43:12.789 32097 32203 I okhttp.OkHttpClient: X-Content-Type-Options: nosniff
12-07 20:43:12.789 32097 32203 I okhttp.OkHttpClient: X-XSS-Protection: 1; mode=block
12-07 20:43:12.790 32097 32203 I okhttp.OkHttpClient: Cache-Control: no-cache, no-store, max-age=0, must-revalidate
12-07 20:43:12.790 32097 32203 I okhttp.OkHttpClient: Pragma: no-cache
12-07 20:43:12.790 32097 32203 I okhttp.OkHttpClient: Expires: 0
12-07 20:43:12.790 32097 32203 I okhttp.OkHttpClient: X-Frame-Options: DENY
12-07 20:43:12.790 32097 32203 I okhttp.OkHttpClient: Content-Type: application/json
12-07 20:43:12.794 32097 32143 W teco.fmhandroi: Accessing hidden method Lsun/misc/Unsafe;->compareAndSwapObject(Ljava/lang/Object;JLjava/lang/Object;Ljava/lang/Object;)Z (greylist, linking, allowed)
12-07 20:43:12.794 32097 32222 W teco.fmhandroi: Accessing hidden method Lsun/misc/Unsafe;->compareAndSwapObject(Ljava/lang/Object;JLjava/lang/Object;Ljava/lang/Object;)Z (greylist, linking, allowed)
12-07 20:43:12.791 32097 32203 I okhttp.OkHttpClient: Transfer-Encoding: chunked
12-07 20:43:12.796 32097 32203 I okhttp.OkHttpClient: Date: Wed, 07 Dec 2022 20:43:58 GMT
12-07 20:43:12.796 32097 32203 I okhttp.OkHttpClient: Keep-Alive: timeout=60
12-07 20:43:12.797 32097 32097 I ViewInteraction: Performing 'wait for a specific view with <view.getId() is <2131231041>> during 10000 millis.' action on view view.getRootView() to equal view
12-07 20:43:12.800 32097 32203 I okhttp.OkHttpClient: Connection: keep-alive
12-07 20:43:12.803 32097 32203 I okhttp.OkHttpClient: [{"id":1,"firstName":"Петр","lastName":"Смирнов","middleName":"Петрович","admin":true},{"id":2,"firstName":"Данил","lastName":"Иванов","middleName":"Данилович","admin":true},{"id":3,"firstName":"Егор","lastName":"Петров","middleName":"Егорович","admin":false},{"id":4,"firstName":"Дмитрий","lastName":"Сидоров","middleName":"Дмитриевич","admin":false},{"id":5,"firstName":"Тест","lastName":"Тестов","middleName":"Тестович","admin":true},{"id":6,"firstName":"Diplom","lastName":"Netology","middleName":"QAMID","admin":true}]
12-07 20:43:12.803 32097 32203 I okhttp.OkHttpClient: <-- END HTTP (622-byte body)
12-07 20:43:12.926 32097 32110 I teco.fmhandroi: Background young concurrent copying GC freed 19048(1069KB) AllocSpace objects, 1(16KB) LOS objects, 8% free, 10MB/11MB, paused 1.102ms total 103.109ms
12-07 20:43:13.360 32097 32143 W teco.fmhandroi: Accessing hidden method Lsun/misc/Unsafe;->compareAndSwapObject(Ljava/lang/Object;JLjava/lang/Object;Ljava/lang/Object;)Z (greylist, linking, allowed)
12-07 20:43:13.368 32097 32097 I ViewInteraction: Performing 'single click' action on view view.getId() is <2131231041/ru.iteco.fmhandroid:id/executor_drop_menu_auto_complete_text_view>
12-07 20:43:13.431 32097 32110 I teco.fmhandroi: Background concurrent copying GC freed 17716(778KB) AllocSpace objects, 0(0B) LOS objects, 34% free, 11MB/17MB, paused 1.329ms total 178.242ms
12-07 20:43:13.569  1776  1825 D gralloc_ranchu: gralloc_alloc: Creating ashmem region of size 4116480
12-07 20:43:13.580  1776  1825 I chatty  : uid=1000(system) HwBinder:1776_1 identical 1 line
12-07 20:43:13.582  1776  1825 D gralloc_ranchu: gralloc_alloc: Creating ashmem region of size 4116480
12-07 20:43:13.601 32097 32190 D EGL_emulation: eglMakeCurrent: 0xdd81b260: ver 2 0 (tinfo 0xdd80f0d0)
12-07 20:43:13.638 32097 32229 I okhttp.OkHttpClient: <-- 200 http://www.981757-ca08998.tmweb.ru:8080/fmh/claims (3070ms)
12-07 20:43:13.639 32097 32229 I okhttp.OkHttpClient: Vary: Origin
12-07 20:43:13.639 32097 32229 I okhttp.OkHttpClient: Vary: Access-Control-Request-Method
12-07 20:43:13.639 32097 32229 I okhttp.OkHttpClient: Vary: Access-Control-Request-Headers
12-07 20:43:13.639 32097 32229 I okhttp.OkHttpClient: X-Content-Type-Options: nosniff
12-07 20:43:13.639 32097 32229 I okhttp.OkHttpClient: X-XSS-Protection: 1; mode=block
12-07 20:43:13.639 32097 32229 I okhttp.OkHttpClient: Cache-Control: no-cache, no-store, max-age=0, must-revalidate
12-07 20:43:13.639 32097 32229 I okhttp.OkHttpClient: Pragma: no-cache
12-07 20:43:13.640 32097 32229 I okhttp.OkHttpClient: Expires: 0
12-07 20:43:13.640 32097 32229 I okhttp.OkHttpClient: X-Frame-Options: DENY
12-07 20:43:13.640 32097 32229 I okhttp.OkHttpClient: Content-Type: application/json
12-07 20:43:13.640 32097 32229 I okhttp.OkHttpClient: Transfer-Encoding: chunked
12-07 20:43:13.640 32097 32229 I okhttp.OkHttpClient: Date: Wed, 07 Dec 2022 20:43:58 GMT
12-07 20:43:13.646 32097 32229 I okhttp.OkHttpClient: Keep-Alive: timeout=60
12-07 20:43:13.646 32097 32229 I okhttp.OkHttpClient: Connection: keep-alive
12-07 20:43:13.654 32097 32097 I AssistStructure: Flattened final assist data: 6984 bytes, containing 2 windows, 53 views
12-07 20:43:13.676  2018  3039 D AutofillSession: Starting partition or augmented request for view id 1073741827@1081147667: STARTED_SESSION
12-07 20:43:13.680  2018  2018 D AutofillSession: cancelCurrentRequest(): id = 407
12-07 20:43:13.691 32097 32190 D EGL_emulation: eglMakeCurrent: 0xdd81b260: ver 2 0 (tinfo 0xdd80f0d0)
12-07 20:43:13.726 32097 32097 I AssistStructure: Flattened final assist data: 6984 bytes, containing 2 windows, 53 views
12-07 20:43:13.735  2537  2537 W GInputConnectionWrapper: IPC IC_GET_TEXT_BEFORE_CURSOR_AND_FIX_SELECTION_INDICES took 148 ms
12-07 20:43:13.750  2656  2656 W ktk     : Pending fill request while another request in the same session was triggered. [CONTEXT service_id=177 ]
12-07 20:43:13.751 32097 32190 D EGL_emulation: eglMakeCurrent: 0xdd81b260: ver 2 0 (tinfo 0xdd80f0d0)
12-07 20:43:13.773  2537  2537 I KeyboardViewUtil: systemKeyboardHeightRatio:1.000000; userKeyboardHeightRatio:1.000000.
12-07 20:43:13.790  2537  2537 I AndroidIME: LatinIme.onActivate() : EditorInfo = Package = ru.iteco.fmhandroid : Type = Text : Learning = Disable : Suggestion = Show : AutoCorrection = Disable : Microphone = Show : NoPersonalizedLearning = Disable
12-07 20:43:13.920  2018  2051 D AutofillUI: destroySaveUiUiThread(): already destroyed
12-07 20:43:13.927 32097 32190 D EGL_emulation: eglMakeCurrent: 0xdd81b260: ver 2 0 (tinfo 0xdd80f0d0)
12-07 20:43:14.000 32097 32143 W teco.fmhandroi: Accessing hidden method Lsun/misc/Unsafe;->compareAndSwapObject(Ljava/lang/Object;JLjava/lang/Object;Ljava/lang/Object;)Z (greylist, linking, allowed)
12-07 20:43:14.003 32097 32097 I ViewInteraction: Performing 'close keyboard' action on view view.getRootView() to equal view
12-07 20:43:14.042  2537  2537 I Conv2QueryExtension: Current locale: en_US, config allows these locales: de,en,es,fr,it,ms,pt,ta
12-07 20:43:14.043  2537  2537 I Conv2QueryExtension: Conv2Query not enabled due to current app [ru.iteco.fmhandroid] not in whitelist
12-07 20:43:14.044  2537  2537 I Conv2QueryExtension: onActivate() : Disabled by unsupported host app
12-07 20:43:14.081  2170  2566 D EGL_emulation: eglMakeCurrent: 0xe594e040: ver 2 0 (tinfo 0xc52450c0)
12-07 20:43:14.093  2656  2671 I .gms.persisten: Background young concurrent copying GC freed 59865(3722KB) AllocSpace objects, 5(300KB) LOS objects, 22% free, 11MB/14MB, paused 1.533ms total 276.377ms
12-07 20:43:14.128  2537  2537 I Choreographer: Skipped 35 frames!  The application may be doing too much work on its main thread.
12-07 20:43:14.159  1776  1825 D gralloc_ranchu: gralloc_alloc: Creating ashmem region of size 9826304
12-07 20:43:14.184  1776  1825 I chatty  : uid=1000(system) HwBinder:1776_1 identical 1 line
12-07 20:43:14.187  1776  1825 D gralloc_ranchu: gralloc_alloc: Creating ashmem region of size 9826304
12-07 20:43:14.289  2537  8546 D EGL_emulation: eglMakeCurrent: 0xc286ce00: ver 2 0 (tinfo 0xc335ede0)
12-07 20:43:14.297  1776  1825 D gralloc_ranchu: gralloc_alloc: Creating ashmem region of size 3072000
12-07 20:43:14.308 32097 32190 D EGL_emulation: eglMakeCurrent: 0xdd81b260: ver 2 0 (tinfo 0xdd80f0d0)
12-07 20:43:14.330  1776  1825 D gralloc_ranchu: gralloc_alloc: Creating ashmem region of size 3072000
12-07 20:43:14.341 32097 32190 D EGL_emulation: eglMakeCurrent: 0xdd81b260: ver 2 0 (tinfo 0xdd80f0d0)
12-07 20:43:14.357 32097 32190 D EGL_emulation: eglMakeCurrent: 0xdd81b260: ver 2 0 (tinfo 0xdd80f0d0)
12-07 20:43:14.372  1776  1825 D gralloc_ranchu: gralloc_alloc: Creating ashmem region of size 3072000
12-07 20:43:14.409  2537  8546 I OpenGLRenderer: Davey! duration=856ms; Flags=1, IntendedVsync=46143649766576, Vsync=46144233099886, OldestInputEvent=9223372036854775807, NewestInputEvent=0, HandleInputStart=46144239497680, AnimationStart=46144239894380, PerformTraversalsStart=46144239950880, DrawStart=46144295017980, SyncQueued=46144393368780, SyncStart=46144405940380, IssueDrawCommandsStart=46144410381780, SwapBuffers=46144501539780, FrameCompleted=46144518481580, DequeueBufferDuration=495000, QueueBufferDuration=690000, 
12-07 20:43:14.437  2537  2537 I PhenotypeExpConfig: refreshConfiguration() : Force = false : UpdateAvailable = false : Age = 3 minutes : MaxAge = 720 minutes
12-07 20:43:14.448 32097 32190 D EGL_emulation: eglMakeCurrent: 0xdd81b260: ver 2 0 (tinfo 0xdd80f0d0)
12-07 20:43:14.482  2537  2537 I AndroidIME: LatinIme.onDeactivate()
12-07 20:43:14.518  2537  8546 D EGL_emulation: eglMakeCurrent: 0xc286ce00: ver 2 0 (tinfo 0xc335ede0)
12-07 20:43:14.620  1776  1825 D gralloc_ranchu: gralloc_alloc: Creating ashmem region of size 4116480
12-07 20:43:14.638 32097 32190 D EGL_emulation: eglMakeCurrent: 0xdd81b260: ver 2 0 (tinfo 0xdd80f0d0)
12-07 20:43:14.669  1776  1825 D gralloc_ranchu: gralloc_alloc: Creating ashmem region of size 4116480
12-07 20:43:14.672 32097 32190 D EGL_emulation: eglMakeCurrent: 0xdd81b260: ver 2 0 (tinfo 0xdd80f0d0)
12-07 20:43:14.688 32097 32190 D EGL_emulation: eglMakeCurrent: 0xdd81b260: ver 2 0 (tinfo 0xdd80f0d0)
12-07 20:43:14.705  1776  1825 D gralloc_ranchu: gralloc_alloc: Creating ashmem region of size 4116480
12-07 20:43:14.828 32097 32190 D EGL_emulation: eglMakeCurrent: 0xdd81b260: ver 2 0 (tinfo 0xdd80f0d0)
12-07 20:43:14.841  2018  2058 E memtrack: Couldn't load memtrack module
12-07 20:43:14.841  2018  2058 W android.os.Debug: failed to get memory consumption info: -1
12-07 20:43:15.042 32097 32230 I okhttp.OkHttpClient: <-- 200 http://www.981757-ca08998.tmweb.ru:8080/fmh/claims (3005ms)
12-07 20:43:15.047 32097 32230 I okhttp.OkHttpClient: Vary: Origin
12-07 20:43:15.047 32097 32230 I okhttp.OkHttpClient: Vary: Access-Control-Request-Method
12-07 20:43:15.047 32097 32230 I okhttp.OkHttpClient: Vary: Access-Control-Request-Headers
12-07 20:43:15.047 32097 32230 I okhttp.OkHttpClient: X-Content-Type-Options: nosniff
12-07 20:43:15.047 32097 32230 I okhttp.OkHttpClient: X-XSS-Protection: 1; mode=block
12-07 20:43:15.047 32097 32230 I okhttp.OkHttpClient: Cache-Control: no-cache, no-store, max-age=0, must-revalidate
12-07 20:43:15.047 32097 32230 I okhttp.OkHttpClient: Pragma: no-cache
12-07 20:43:15.047 32097 32230 I okhttp.OkHttpClient: Expires: 0
12-07 20:43:15.047 32097 32230 I okhttp.OkHttpClient: X-Frame-Options: DENY
12-07 20:43:15.048 32097 32230 I okhttp.OkHttpClient: Content-Type: application/json
12-07 20:43:15.048 32097 32230 I okhttp.OkHttpClient: Transfer-Encoding: chunked
12-07 20:43:15.048 32097 32230 I okhttp.OkHttpClient: Date: Wed, 07 Dec 2022 20:44:01 GMT
12-07 20:43:15.048 32097 32230 I okhttp.OkHttpClient: Keep-Alive: timeout=60
12-07 20:43:15.048 32097 32230 I okhttp.OkHttpClient: Connection: keep-alive
12-07 20:43:15.102 32097 32097 I ViewInteraction: Performing 'single click' action on view an instance of android.widget.TextView and view.getText() with or without transformation to match: is "Иванов Данил Данилович"
12-07 20:43:15.161 32097 32190 D EGL_emulation: eglMakeCurrent: 0xdd81b260: ver 2 0 (tinfo 0xdd80f0d0)
12-07 20:43:15.253 32097 32190 D EGL_emulation: eglMakeCurrent: 0xdd81b260: ver 2 0 (tinfo 0xdd80f0d0)
12-07 20:43:15.277  2018  2693 E InputDispatcher: Window handle Window{11cdccc u0 PopupWindow:d5b8d09} has no registered input channel
12-07 20:43:15.284 32097 32190 D EGL_emulation: eglMakeCurrent: 0xdd81b260: ver 2 0 (tinfo 0xdd80f0d0)
12-07 20:43:15.386 32097 32222 W teco.fmhandroi: Accessing hidden method Lsun/misc/Unsafe;->compareAndSwapObject(Ljava/lang/Object;JLjava/lang/Object;Ljava/lang/Object;)Z (greylist, linking, allowed)
12-07 20:43:15.390 32097 32097 I ViewInteraction: Performing 'wait for a specific view with <(view.getId() is <2131231402> and view.getParent() view.getParent() view.getId() is <2131231406>)> during 10000 millis.' action on view view.getRootView() to equal view
12-07 20:43:15.392 32097 32143 W teco.fmhandroi: Accessing hidden method Lsun/misc/Unsafe;->compareAndSwapObject(Ljava/lang/Object;JLjava/lang/Object;Ljava/lang/Object;)Z (greylist, linking, allowed)
12-07 20:43:15.397 32097 32097 I ViewInteraction: Performing 'replace text(Заголовок bf023011-e842-4f0b-b1d9-9460b943f979)' action on view (view.getId() is <2131231402/ru.iteco.fmhandroid:id/title_edit_text> and view.getParent() view.getParent() view.getId() is <2131231406/ru.iteco.fmhandroid:id/title_text_input_layout>)
12-07 20:43:15.411 32097 32143 W teco.fmhandroi: Accessing hidden method Lsun/misc/Unsafe;->compareAndSwapObject(Ljava/lang/Object;JLjava/lang/Object;Ljava/lang/Object;)Z (greylist, linking, allowed)
12-07 20:43:15.473 32097 32097 I ViewInteraction: Performing 'wait for a specific view with <view.getId() is <2131230975>> during 10000 millis.' action on view view.getRootView() to equal view
12-07 20:43:15.478 32097 32143 W teco.fmhandroi: Accessing hidden method Lsun/misc/Unsafe;->compareAndSwapObject(Ljava/lang/Object;JLjava/lang/Object;Ljava/lang/Object;)Z (greylist, linking, allowed)
12-07 20:43:15.483 32097 32097 I ViewInteraction: Performing 'single click' action on view view.getId() is <2131230975/ru.iteco.fmhandroid:id/date_in_plan_text_input_edit_text>
12-07 20:43:15.887  1776  1825 D gralloc_ranchu: gralloc_alloc: Creating ashmem region of size 6778880
12-07 20:43:15.898  1776  1825 I chatty  : uid=1000(system) HwBinder:1776_1 identical 1 line
12-07 20:43:15.900  1776  1825 D gralloc_ranchu: gralloc_alloc: Creating ashmem region of size 6778880
12-07 20:43:15.934 32097 32190 D EGL_emulation: eglMakeCurrent: 0xdd81b260: ver 2 0 (tinfo 0xdd80f0d0)
12-07 20:43:16.173 32097 32190 I chatty  : uid=10146(ru.iteco.fmhandroid) RenderThread identical 3 lines
12-07 20:43:16.189 32097 32190 D EGL_emulation: eglMakeCurrent: 0xdd81b260: ver 2 0 (tinfo 0xdd80f0d0)
12-07 20:43:16.426 32097 32143 W teco.fmhandroi: Accessing hidden method Lsun/misc/Unsafe;->compareAndSwapObject(Ljava/lang/Object;JLjava/lang/Object;Ljava/lang/Object;)Z (greylist, linking, allowed)
12-07 20:43:16.429 32097 32097 I ViewInteraction: Performing 'wait for a specific view with <is assignable from class <class android.widget.DatePicker>> during 10000 millis.' action on view view.getRootView() to equal view
12-07 20:43:16.433 32097 32097 I ViewInteraction: Checking 'MatchesViewAssertion{viewMatcher=(view has effective visibility <VISIBLE> and view.getGlobalVisibleRect() to return non-empty rectangle)}' assertion on view is assignable from class <class android.widget.DatePicker>
12-07 20:43:16.441 32097 32097 I ViewInteraction: Performing 'wait for a specific view with <is assignable from class <class android.widget.DatePicker>> during 10000 millis.' action on view view.getRootView() to equal view
12-07 20:43:16.446 32097 32097 I ViewInteraction: Performing 'set date' action on view is assignable from class <class android.widget.DatePicker>
12-07 20:43:16.478 32097 32097 I ViewInteraction: Performing 'wait for a specific view with <view.getId() is <16908313>> during 10000 millis.' action on view view.getRootView() to equal view
12-07 20:43:16.483 32097 32143 W teco.fmhandroi: Accessing hidden method Lsun/misc/Unsafe;->compareAndSwapObject(Ljava/lang/Object;JLjava/lang/Object;Ljava/lang/Object;)Z (greylist, linking, allowed)
12-07 20:43:16.486 32097 32097 I ViewInteraction: Performing 'single click' action on view view.getId() is <16908313/android:id/button1>
12-07 20:43:16.568 32097 32190 D EGL_emulation: eglMakeCurrent: 0xdd81b260: ver 2 0 (tinfo 0xdd80f0d0)
12-07 20:43:16.575  2018  3005 E InputDispatcher: Window handle Window{f01193a u0 ru.iteco.fmhandroid/ru.iteco.fmhandroid.ui.AppActivity} has no registered input channel
12-07 20:43:16.592  2018  3039 E InputDispatcher: Window handle Window{f01193a u0 ru.iteco.fmhandroid/ru.iteco.fmhandroid.ui.AppActivity} has no registered input channel
12-07 20:43:16.595 32097 32190 D EGL_emulation: eglMakeCurrent: 0xdd81b260: ver 2 0 (tinfo 0xdd80f0d0)
12-07 20:43:17.035 32097 32143 W teco.fmhandroi: Accessing hidden method Lsun/misc/Unsafe;->compareAndSwapObject(Ljava/lang/Object;JLjava/lang/Object;Ljava/lang/Object;)Z (greylist, linking, allowed)
12-07 20:43:17.041 32097 32097 I ViewInteraction: Performing 'wait for a specific view with <(an instance of android.widget.TextView and view.getHint() matching: is "Time" and view.getParent() view.getParent() view.getId() is <2131231399>)> during 10000 millis.' action on view view.getRootView() to equal view
12-07 20:43:17.047 32097 32143 W teco.fmhandroi: Accessing hidden method Lsun/misc/Unsafe;->compareAndSwapObject(Ljava/lang/Object;JLjava/lang/Object;Ljava/lang/Object;)Z (greylist, linking, allowed)
12-07 20:43:17.047 32097 32222 W teco.fmhandroi: Accessing hidden method Lsun/misc/Unsafe;->compareAndSwapObject(Ljava/lang/Object;JLjava/lang/Object;Ljava/lang/Object;)Z (greylist, linking, allowed)
12-07 20:43:17.059 32097 32097 I ViewInteraction: Performing 'single click' action on view (an instance of android.widget.TextView and view.getHint() matching: is "Time" and view.getParent() view.getParent() view.getId() is <2131231399/ru.iteco.fmhandroid:id/time_in_plan_text_input_layout>)
12-07 20:43:17.389 32097 32110 I teco.fmhandroi: NativeAlloc concurrent copying GC freed 66768(2846KB) AllocSpace objects, 3(60KB) LOS objects, 32% free, 12MB/18MB, paused 850us total 261.684ms
12-07 20:43:17.420  1776  1825 D gralloc_ranchu: gralloc_alloc: Creating ashmem region of size 5718016
12-07 20:43:17.425  1776  1825 I chatty  : uid=1000(system) HwBinder:1776_1 identical 1 line
12-07 20:43:17.432  1776  1825 D gralloc_ranchu: gralloc_alloc: Creating ashmem region of size 5718016
12-07 20:43:17.462 32097 32190 D EGL_emulation: eglMakeCurrent: 0xdd81b260: ver 2 0 (tinfo 0xdd80f0d0)
12-07 20:43:17.551 32097 32190 I chatty  : uid=10146(ru.iteco.fmhandroid) RenderThread identical 2 lines
12-07 20:43:17.633 32097 32190 D EGL_emulation: eglMakeCurrent: 0xdd81b260: ver 2 0 (tinfo 0xdd80f0d0)
12-07 20:43:17.866 32097 32143 W teco.fmhandroi: Accessing hidden method Lsun/misc/Unsafe;->compareAndSwapObject(Ljava/lang/Object;JLjava/lang/Object;Ljava/lang/Object;)Z (greylist, linking, allowed)
12-07 20:43:17.867 32097 32097 I ViewInteraction: Performing 'wait for a specific view with <is assignable from class <class android.widget.TimePicker>> during 10000 millis.' action on view view.getRootView() to equal view
12-07 20:43:17.871 32097 32097 I ViewInteraction: Checking 'MatchesViewAssertion{viewMatcher=(view has effective visibility <VISIBLE> and view.getGlobalVisibleRect() to return non-empty rectangle)}' assertion on view is assignable from class <class android.widget.TimePicker>
12-07 20:43:17.875 32097 32097 I ViewInteraction: Performing 'wait for a specific view with <is assignable from class <class android.widget.TimePicker>> during 10000 millis.' action on view view.getRootView() to equal view
12-07 20:43:17.881 32097 32097 I ViewInteraction: Performing 'set time' action on view is assignable from class <class android.widget.TimePicker>
12-07 20:43:17.896 32097 32190 D EGL_emulation: eglMakeCurrent: 0xdd81b260: ver 2 0 (tinfo 0xdd80f0d0)
12-07 20:43:17.903 32097 32097 I ViewInteraction: Performing 'wait for a specific view with <view.getId() is <16908313/android:id/button1>> during 10000 millis.' action on view view.getRootView() to equal view
12-07 20:43:17.909 32097 32143 W teco.fmhandroi: Accessing hidden method Lsun/misc/Unsafe;->compareAndSwapObject(Ljava/lang/Object;JLjava/lang/Object;Ljava/lang/Object;)Z (greylist, linking, allowed)
12-07 20:43:17.913 32097 32097 I ViewInteraction: Performing 'single click' action on view view.getId() is <16908313/android:id/button1>
12-07 20:43:18.004 32097 32190 D EGL_emulation: eglMakeCurrent: 0xdd81b260: ver 2 0 (tinfo 0xdd80f0d0)
12-07 20:43:18.023 32097 32190 D EGL_emulation: eglMakeCurrent: 0xdd81b260: ver 2 0 (tinfo 0xdd80f0d0)
12-07 20:43:18.027  2018 27408 E InputDispatcher: Window handle Window{c70d2b7 u0 ru.iteco.fmhandroid/ru.iteco.fmhandroid.ui.AppActivity} has no registered input channel
12-07 20:43:18.342 32097 32143 W teco.fmhandroi: Accessing hidden method Lsun/misc/Unsafe;->compareAndSwapObject(Ljava/lang/Object;JLjava/lang/Object;Ljava/lang/Object;)Z (greylist, linking, allowed)
12-07 20:43:18.345 32097 32097 I ViewInteraction: Performing 'wait for a specific view with <(an instance of android.widget.TextView and view.getHint() matching: is "Description" and view.getParent() view.getParent() view.getId() is <2131230988>)> during 10000 millis.' action on view view.getRootView() to equal view
12-07 20:43:18.348 32097 32143 W teco.fmhandroi: Accessing hidden method Lsun/misc/Unsafe;->compareAndSwapObject(Ljava/lang/Object;JLjava/lang/Object;Ljava/lang/Object;)Z (greylist, linking, allowed)
12-07 20:43:18.352 32097 32097 I ViewInteraction: Performing 'replace text(Описание ebbe3521-750f-44dd-b4b4-15f7444fc94a)' action on view (an instance of android.widget.TextView and view.getHint() matching: is "Description" and view.getParent() view.getParent() view.getId() is <2131230988/ru.iteco.fmhandroid:id/description_text_input_layout>)
