12-02 19:49:24.615 31995 31995 I ViewInteraction: Performing 'wait for a specific view with <(an instance of android.widget.TextView and view.getHint() matching: is "Password" and view.getParent() view.getParent() view.getId() is <2131231264/ru.iteco.fmhandroid:id/password_text_input_layout>)> during 10000 millis.' action on view view.getRootView() to equal view
12-02 19:49:24.620 31995 31995 I ViewInteraction: Checking 'MatchesViewAssertion{viewMatcher=(view has effective visibility <VISIBLE> and view.getGlobalVisibleRect() to return non-empty rectangle)}' assertion on view (an instance of android.widget.TextView and view.getHint() matching: is "Password" and view.getParent() view.getParent() view.getId() is <2131231264/ru.iteco.fmhandroid:id/password_text_input_layout>)
12-02 19:49:24.624 31995 31995 I ViewInteraction: Performing 'wait for a specific view with <(view.getId() is <2131231039/ru.iteco.fmhandroid:id/enter_button> and an instance of android.widget.TextView and view.getText() with or without transformation to match: is "SIGN IN" and view.getContentDescription() is "Save" and view.getParent() view.getParent() an instance of android.widget.RelativeLayout)> during 10000 millis.' action on view view.getRootView() to equal view
12-02 19:49:24.627 31995 31995 I ViewInteraction: Checking 'MatchesViewAssertion{viewMatcher=(view has effective visibility <VISIBLE> and view.getGlobalVisibleRect() to return non-empty rectangle)}' assertion on view (view.getId() is <2131231039/ru.iteco.fmhandroid:id/enter_button> and an instance of android.widget.TextView and view.getText() with or without transformation to match: is "SIGN IN" and view.getContentDescription() is "Save" and view.getParent() view.getParent() an instance of android.widget.RelativeLayout)
12-02 19:49:24.630 31995 31995 I ViewInteraction: Performing 'wait for a specific view with <(an instance of android.widget.TextView and view.getHint() matching: is "Login" and view.getParent() view.getParent() view.getId() is <2131231121/ru.iteco.fmhandroid:id/login_text_input_layout>)> during 10000 millis.' action on view view.getRootView() to equal view
12-02 19:49:24.635 31995 31995 I ViewInteraction: Performing 'replace text(login2)' action on view (an instance of android.widget.TextView and view.getHint() matching: is "Login" and view.getParent() view.getParent() view.getId() is <2131231121/ru.iteco.fmhandroid:id/login_text_input_layout>)
12-02 19:49:24.668 31995 31995 I ViewInteraction: Performing 'wait for a specific view with <(an instance of android.widget.TextView and view.getHint() matching: is "Password" and view.getParent() view.getParent() view.getId() is <2131231264/ru.iteco.fmhandroid:id/password_text_input_layout>)> during 10000 millis.' action on view view.getRootView() to equal view
12-02 19:49:24.674 31995 31995 I ViewInteraction: Performing 'replace text(password2)' action on view (an instance of android.widget.TextView and view.getHint() matching: is "Password" and view.getParent() view.getParent() view.getId() is <2131231264/ru.iteco.fmhandroid:id/password_text_input_layout>)
12-02 19:49:24.701 31995 31995 I ViewInteraction: Performing 'wait for a specific view with <(view.getId() is <2131231039/ru.iteco.fmhandroid:id/enter_button> and an instance of android.widget.TextView and view.getText() with or without transformation to match: is "SIGN IN" and view.getContentDescription() is "Save" and view.getParent() view.getParent() an instance of android.widget.RelativeLayout)> during 10000 millis.' action on view view.getRootView() to equal view
12-02 19:49:24.709 31995 31995 I ViewInteraction: Checking 'MatchesViewAssertion{viewMatcher=view.isClickable() is <true>}' assertion on view (view.getId() is <2131231039/ru.iteco.fmhandroid:id/enter_button> and an instance of android.widget.TextView and view.getText() with or without transformation to match: is "SIGN IN" and view.getContentDescription() is "Save" and view.getParent() view.getParent() an instance of android.widget.RelativeLayout)
12-02 19:49:24.712 31995 31995 I ViewInteraction: Performing 'wait for a specific view with <(view.getId() is <2131231039/ru.iteco.fmhandroid:id/enter_button> and an instance of android.widget.TextView and view.getText() with or without transformation to match: is "SIGN IN" and view.getContentDescription() is "Save" and view.getParent() view.getParent() an instance of android.widget.RelativeLayout)> during 10000 millis.' action on view view.getRootView() to equal view
12-02 19:49:24.716 31995 31995 I ViewInteraction: Checking 'MatchesViewAssertion{viewMatcher=view.isClickable() is <true>}' assertion on view (view.getId() is <2131231039/ru.iteco.fmhandroid:id/enter_button> and an instance of android.widget.TextView and view.getText() with or without transformation to match: is "SIGN IN" and view.getContentDescription() is "Save" and view.getParent() view.getParent() an instance of android.widget.RelativeLayout)
12-02 19:49:24.720 31995 31995 I ViewInteraction: Performing 'wait for a specific view with <(view.getId() is <2131231039/ru.iteco.fmhandroid:id/enter_button> and an instance of android.widget.TextView and view.getText() with or without transformation to match: is "SIGN IN" and view.getContentDescription() is "Save" and view.getParent() view.getParent() an instance of android.widget.RelativeLayout)> during 10000 millis.' action on view view.getRootView() to equal view
12-02 19:49:24.726 31995 31995 I ViewInteraction: Performing 'single click' action on view (view.getId() is <2131231039/ru.iteco.fmhandroid:id/enter_button> and an instance of android.widget.TextView and view.getText() with or without transformation to match: is "SIGN IN" and view.getContentDescription() is "Save" and view.getParent() view.getParent() an instance of android.widget.RelativeLayout)
12-02 19:49:24.785 31995 32085 I okhttp.OkHttpClient: --> POST http://www.981757-ca08998.tmweb.ru:8080/fmh/authentication/login
12-02 19:49:24.786 31995 32085 I okhttp.OkHttpClient: Content-Type: application/json; charset=UTF-8
12-02 19:49:24.786 31995 32085 I okhttp.OkHttpClient: Content-Length: 41
12-02 19:49:24.786 31995 32085 I okhttp.OkHttpClient: {"login":"login2","password":"password2"}
12-02 19:49:24.786 31995 32085 I okhttp.OkHttpClient: --> END POST (41-byte body)
12-02 19:49:24.791  1743 32086 E ResolverController: No valid NAT64 prefix (128, <unspecified>/0)
12-02 19:49:25.015 31995 31995 I ViewInteraction: Performing 'wait for a specific view with <an instance of android.widget.TextView and view.getText() with or without transformation to match: is "News"> during 10000 millis.' action on view view.getRootView() to equal view
12-02 19:49:25.150 31995 32085 I okhttp.OkHttpClient: <-- 200 http://www.981757-ca08998.tmweb.ru:8080/fmh/authentication/login (363ms)
12-02 19:49:25.150 31995 32085 I okhttp.OkHttpClient: Vary: Origin
12-02 19:49:25.150 31995 32085 I okhttp.OkHttpClient: Vary: Access-Control-Request-Method
12-02 19:49:25.150 31995 32085 I okhttp.OkHttpClient: Vary: Access-Control-Request-Headers
12-02 19:49:25.150 31995 32085 I okhttp.OkHttpClient: X-Content-Type-Options: nosniff
12-02 19:49:25.150 31995 32085 I okhttp.OkHttpClient: X-XSS-Protection: 1; mode=block
12-02 19:49:25.151 31995 32085 I okhttp.OkHttpClient: Cache-Control: no-cache, no-store, max-age=0, must-revalidate
12-02 19:49:25.151 31995 32085 I okhttp.OkHttpClient: Pragma: no-cache
12-02 19:49:25.151 31995 32085 I okhttp.OkHttpClient: Expires: 0
12-02 19:49:25.151 31995 32085 I okhttp.OkHttpClient: X-Frame-Options: DENY
12-02 19:49:25.151 31995 32085 I okhttp.OkHttpClient: Content-Type: application/json
12-02 19:49:25.151 31995 32085 I okhttp.OkHttpClient: Transfer-Encoding: chunked
12-02 19:49:25.151 31995 32085 I okhttp.OkHttpClient: Date: Fri, 02 Dec 2022 16:49:26 GMT
12-02 19:49:25.151 31995 32085 I okhttp.OkHttpClient: Keep-Alive: timeout=60
12-02 19:49:25.152 31995 32085 I okhttp.OkHttpClient: Connection: keep-alive
12-02 19:49:25.153 31995 32085 I okhttp.OkHttpClient: {"accessToken":"eyJhbGciOiJIUzUxMiJ9.eyJzdWIiOiJsb2dpbjIiLCJqdGkiOiIyIiwiZXhwIjoxNjcwMDg2MTY2fQ.XX-VKnQh3EeYLWJoDXrqx6zE9YzbLpV-gPUWf8w8I3rFcS5qW_tCduNeSP1WIK5lM9Cxe8cNUxnx3N2pqQY6Ng","refreshToken":"eyJhbGciOiJIUzUxMiJ9.eyJzdWIiOiJsb2dpbjIiLCJqdGkiOiIyIiwiZXhwIjoxNjcyNTkxNzY2fQ.ptB8-uRfQQ-nJrEB30HuJhDMM9eRCEkGxFL7zgbHVgFJxxGS4ZsSlWj3pvJhb0bGc8rphgkeCfbyyv1P9VhvRQ"}
12-02 19:49:25.154 31995 32085 I okhttp.OkHttpClient: <-- END HTTP (368-byte body)
12-02 19:49:25.156 31995 32066 I okhttp.OkHttpClient: --> GET http://www.981757-ca08998.tmweb.ru:8080/fmh/authentication/userInfo
12-02 19:49:25.156 31995 32066 I okhttp.OkHttpClient: --> END GET
12-02 19:49:25.743 31995 32066 I okhttp.OkHttpClient: <-- 200 http://www.981757-ca08998.tmweb.ru:8080/fmh/authentication/userInfo (586ms)
12-02 19:49:25.743 31995 32066 I okhttp.OkHttpClient: Vary: Origin
12-02 19:49:25.743 31995 32066 I okhttp.OkHttpClient: Vary: Access-Control-Request-Method
12-02 19:49:25.743 31995 32066 I okhttp.OkHttpClient: Vary: Access-Control-Request-Headers
12-02 19:49:25.743 31995 32066 I okhttp.OkHttpClient: X-Content-Type-Options: nosniff
12-02 19:49:25.743 31995 32066 I okhttp.OkHttpClient: X-XSS-Protection: 1; mode=block
12-02 19:49:25.743 31995 32066 I okhttp.OkHttpClient: Cache-Control: no-cache, no-store, max-age=0, must-revalidate
12-02 19:49:25.744 31995 32066 I okhttp.OkHttpClient: Pragma: no-cache
12-02 19:49:25.744 31995 32066 I okhttp.OkHttpClient: Expires: 0
12-02 19:49:25.744 31995 32066 I okhttp.OkHttpClient: X-Frame-Options: DENY
12-02 19:49:25.744 31995 32066 I okhttp.OkHttpClient: Content-Type: application/json
12-02 19:49:25.744 31995 32066 I okhttp.OkHttpClient: Transfer-Encoding: chunked
12-02 19:49:25.744 31995 32066 I okhttp.OkHttpClient: Date: Fri, 02 Dec 2022 16:49:26 GMT
12-02 19:49:25.744 31995 32066 I okhttp.OkHttpClient: Keep-Alive: timeout=60
12-02 19:49:25.744 31995 32066 I okhttp.OkHttpClient: Connection: keep-alive
12-02 19:49:25.744 31995 32066 I okhttp.OkHttpClient: {"id":2,"firstName":"Данил","lastName":"Иванов","middleName":"Данилович","admin":true}
12-02 19:49:25.745 31995 32066 I okhttp.OkHttpClient: <-- END HTTP (106-byte body)
12-02 19:49:25.758 31995 32087 I okhttp.OkHttpClient: --> GET http://www.981757-ca08998.tmweb.ru:8080/fmh/claims
12-02 19:49:25.759 31995 32087 I okhttp.OkHttpClient: --> END GET
12-02 19:49:25.819  2010  2041 E memtrack: Couldn't load memtrack module
12-02 19:49:25.821  2010  2041 W android.os.Debug: failed to get memory consumption info: -1
12-02 19:49:25.873 31995 31995 I ViewInteraction: Checking 'MatchesViewAssertion{viewMatcher=(view has effective visibility <VISIBLE> and view.getGlobalVisibleRect() to return non-empty rectangle)}' assertion on view an instance of android.widget.TextView and view.getText() with or without transformation to match: is "News"
12-02 19:49:25.878 31995 31995 I ViewInteraction: Performing 'wait for a specific view with <view.getId() is <2131230951>> during 10000 millis.' action on view view.getRootView() to equal view
12-02 19:49:25.885 31995 31995 I ViewInteraction: Checking 'MatchesViewAssertion{viewMatcher=(view has effective visibility <VISIBLE> and view.getGlobalVisibleRect() to return non-empty rectangle)}' assertion on view view.getId() is <2131230951/ru.iteco.fmhandroid:id/container_list_news_include_on_fragment_main>
12-02 19:49:25.904 31995 31995 I ViewInteraction: Performing 'wait for a specific view with <view.getId() is <2131230949>> during 10000 millis.' action on view view.getRootView() to equal view
12-02 19:49:25.908 31995 31995 I ViewInteraction: Checking 'MatchesViewAssertion{viewMatcher=(view has effective visibility <VISIBLE> and view.getGlobalVisibleRect() to return non-empty rectangle)}' assertion on view view.getId() is <2131230949/ru.iteco.fmhandroid:id/container_list_claim_include_on_fragment_main>
12-02 19:49:25.911 31995 31995 I ViewInteraction: Performing 'wait for a specific view with <an instance of android.widget.TextView and view.getText() with or without transformation to match: is "Claims"> during 10000 millis.' action on view view.getRootView() to equal view
12-02 19:49:25.915 31995 31995 I ViewInteraction: Checking 'MatchesViewAssertion{viewMatcher=(view has effective visibility <VISIBLE> and view.getGlobalVisibleRect() to return non-empty rectangle)}' assertion on view an instance of android.widget.TextView and view.getText() with or without transformation to match: is "Claims"
12-02 19:49:25.919 31995 31995 I ViewInteraction: Performing 'wait for a specific view with <view.getId() is <2131231123>> during 10000 millis.' action on view view.getRootView() to equal view
12-02 19:49:25.923 31995 31995 I ViewInteraction: Performing 'single click' action on view view.getId() is <2131231123/ru.iteco.fmhandroid:id/main_menu_image_button>
12-02 19:49:26.310  1772  1772 D gralloc_ranchu: gralloc_alloc: Creating ashmem region of size 3264512
12-02 19:49:26.315  1772  1772 I chatty  : uid=1000(system) allocator@2.0-s identical 1 line
12-02 19:49:26.316  1772  1772 D gralloc_ranchu: gralloc_alloc: Creating ashmem region of size 3264512
12-02 19:49:26.340 31995 32053 D EGL_emulation: eglMakeCurrent: 0xdb91aea0: ver 2 0 (tinfo 0xdb90ffc0)
12-02 19:49:26.402 31995 32053 I chatty  : uid=10159(ru.iteco.fmhandroid) RenderThread identical 3 lines
12-02 19:49:26.423 31995 32053 D EGL_emulation: eglMakeCurrent: 0xdb91aea0: ver 2 0 (tinfo 0xdb90ffc0)
12-02 19:49:26.643 31995 31995 I ViewInteraction: Performing 'wait for a specific view with <an instance of android.widget.TextView and view.getText() with or without transformation to match: is "News"> during 10000 millis.' action on view view.getRootView() to equal view
12-02 19:49:26.647 31995 31995 I ViewInteraction: Performing 'single click' action on view an instance of android.widget.TextView and view.getText() with or without transformation to match: is "News"
12-02 19:49:26.796 31995 32088 I okhttp.OkHttpClient: --> GET http://www.981757-ca08998.tmweb.ru:8080/fmh/news
12-02 19:49:26.796 31995 32088 I okhttp.OkHttpClient: --> END GET
12-02 19:49:26.800  1743 32089 E ResolverController: No valid NAT64 prefix (128, <unspecified>/0)
12-02 19:49:26.868 31995 32053 D EGL_emulation: eglMakeCurrent: 0xdb91aea0: ver 2 0 (tinfo 0xdb90ffc0)
12-02 19:49:26.890 31995 32053 D EGL_emulation: eglMakeCurrent: 0xdb91aea0: ver 2 0 (tinfo 0xdb90ffc0)
12-02 19:49:27.150 31995 31995 I ViewInteraction: Performing 'wait for a specific view with <view.getId() is <2131231025>> during 10000 millis.' action on view view.getRootView() to equal view
12-02 19:49:27.155 31995 31995 I ViewInteraction: Performing 'single click' action on view view.getId() is <2131231025/ru.iteco.fmhandroid:id/edit_news_material_button>
12-02 19:49:27.236 31995 32090 I okhttp.OkHttpClient: --> GET http://www.981757-ca08998.tmweb.ru:8080/fmh/news
12-02 19:49:27.236 31995 32090 I okhttp.OkHttpClient: --> END GET
12-02 19:49:27.751 31995 31995 I ViewInteraction: Performing 'wait for a specific view with <view.getId() is <2131230850>> during 10000 millis.' action on view view.getRootView() to equal view
12-02 19:49:27.755 31995 31995 I ViewInteraction: Performing 'single click' action on view view.getId() is <2131230850/ru.iteco.fmhandroid:id/add_news_image_view>
12-02 19:49:28.108 31995 32088 I okhttp.OkHttpClient: <-- 200 http://www.981757-ca08998.tmweb.ru:8080/fmh/news (1311ms)
12-02 19:49:28.108 31995 32088 I okhttp.OkHttpClient: Vary: Origin
12-02 19:49:28.108 31995 32088 I okhttp.OkHttpClient: Vary: Access-Control-Request-Method
12-02 19:49:28.108 31995 32088 I okhttp.OkHttpClient: Vary: Access-Control-Request-Headers
12-02 19:49:28.108 31995 32088 I okhttp.OkHttpClient: X-Content-Type-Options: nosniff
12-02 19:49:28.108 31995 32088 I okhttp.OkHttpClient: X-XSS-Protection: 1; mode=block
12-02 19:49:28.108 31995 32088 I okhttp.OkHttpClient: Cache-Control: no-cache, no-store, max-age=0, must-revalidate
12-02 19:49:28.109 31995 32088 I okhttp.OkHttpClient: Pragma: no-cache
12-02 19:49:28.109 31995 32088 I okhttp.OkHttpClient: Expires: 0
12-02 19:49:28.109 31995 32088 I okhttp.OkHttpClient: X-Frame-Options: DENY
12-02 19:49:28.109 31995 32088 I okhttp.OkHttpClient: Content-Type: application/json
12-02 19:49:28.109 31995 32088 I okhttp.OkHttpClient: Transfer-Encoding: chunked
12-02 19:49:28.109 31995 32088 I okhttp.OkHttpClient: Date: Fri, 02 Dec 2022 16:49:29 GMT
12-02 19:49:28.109 31995 32088 I okhttp.OkHttpClient: Keep-Alive: timeout=60
12-02 19:49:28.109 31995 32088 I okhttp.OkHttpClient: Connection: keep-alive
12-02 19:49:28.311 31995 31995 I ViewInteraction: Performing 'wait for a specific view with <view.getId() is <2131231204>> during 10000 millis.' action on view view.getRootView() to equal view
12-02 19:49:28.315 31995 31995 I ViewInteraction: Performing 'replace text(Тест)' action on view view.getId() is <2131231204/ru.iteco.fmhandroid:id/news_item_category_text_auto_complete_text_view>
12-02 19:49:28.362 31995 31995 I ViewInteraction: Performing 'wait for a specific view with <view.getId() is <2131231227>> during 10000 millis.' action on view view.getRootView() to equal view
12-02 19:49:28.365 31995 31995 I ViewInteraction: Performing 'replace text(Моя категория 139c03d1-549a-432f-9922-2b103b9f23dc)' action on view view.getId() is <2131231227/ru.iteco.fmhandroid:id/news_item_title_text_input_edit_text>
12-02 19:49:28.389 31995 31995 I ViewInteraction: Performing 'wait for a specific view with <view.getId() is <2131231222>> during 10000 millis.' action on view view.getRootView() to equal view
12-02 19:49:28.398 31995 31995 I ViewInteraction: Performing 'single click' action on view view.getId() is <2131231222/ru.iteco.fmhandroid:id/news_item_publish_date_text_input_edit_text>
12-02 19:49:28.411 31995 32087 I okhttp.OkHttpClient: <-- 200 http://www.981757-ca08998.tmweb.ru:8080/fmh/claims (2652ms)
12-02 19:49:28.411 31995 32087 I okhttp.OkHttpClient: Vary: Origin
12-02 19:49:28.411 31995 32087 I okhttp.OkHttpClient: Vary: Access-Control-Request-Method
12-02 19:49:28.411 31995 32087 I okhttp.OkHttpClient: Vary: Access-Control-Request-Headers
12-02 19:49:28.411 31995 32087 I okhttp.OkHttpClient: X-Content-Type-Options: nosniff
12-02 19:49:28.411 31995 32087 I okhttp.OkHttpClient: X-XSS-Protection: 1; mode=block
12-02 19:49:28.412 31995 32087 I okhttp.OkHttpClient: Cache-Control: no-cache, no-store, max-age=0, must-revalidate
12-02 19:49:28.412 31995 32087 I okhttp.OkHttpClient: Pragma: no-cache
12-02 19:49:28.412 31995 32087 I okhttp.OkHttpClient: Expires: 0
12-02 19:49:28.412 31995 32087 I okhttp.OkHttpClient: X-Frame-Options: DENY
12-02 19:49:28.412 31995 32087 I okhttp.OkHttpClient: Content-Type: application/json
12-02 19:49:28.412 31995 32087 I okhttp.OkHttpClient: Transfer-Encoding: chunked
12-02 19:49:28.412 31995 32087 I okhttp.OkHttpClient: Date: Fri, 02 Dec 2022 16:49:29 GMT
12-02 19:49:28.413 31995 32087 I okhttp.OkHttpClient: Keep-Alive: timeout=60
12-02 19:49:28.414 31995 32087 I okhttp.OkHttpClient: Connection: keep-alive
12-02 19:49:28.680  1772  1772 D gralloc_ranchu: gralloc_alloc: Creating ashmem region of size 10964992
12-02 19:49:28.686  1772  1772 I chatty  : uid=1000(system) allocator@2.0-s identical 1 line
12-02 19:49:28.689  1772  1772 D gralloc_ranchu: gralloc_alloc: Creating ashmem region of size 10964992
12-02 19:49:28.706 31995 32053 D EGL_emulation: eglMakeCurrent: 0xdb91aea0: ver 2 0 (tinfo 0xdb90ffc0)
12-02 19:49:28.850 31995 32053 I chatty  : uid=10159(ru.iteco.fmhandroid) RenderThread identical 3 lines
12-02 19:49:28.867 31995 32053 D EGL_emulation: eglMakeCurrent: 0xdb91aea0: ver 2 0 (tinfo 0xdb90ffc0)
12-02 19:49:29.150 31995 31995 I ViewInteraction: Performing 'wait for a specific view with <is assignable from class <class android.widget.DatePicker>> during 10000 millis.' action on view view.getRootView() to equal view
12-02 19:49:29.153 31995 31995 I ViewInteraction: Checking 'MatchesViewAssertion{viewMatcher=(view has effective visibility <VISIBLE> and view.getGlobalVisibleRect() to return non-empty rectangle)}' assertion on view is assignable from class <class android.widget.DatePicker>
12-02 19:49:29.157 31995 31995 I ViewInteraction: Performing 'wait for a specific view with <is assignable from class <class android.widget.DatePicker>> during 10000 millis.' action on view view.getRootView() to equal view
12-02 19:49:29.161 31995 31995 I ViewInteraction: Performing 'set date' action on view is assignable from class <class android.widget.DatePicker>
12-02 19:49:29.193 31995 31995 I ViewInteraction: Performing 'wait for a specific view with <view.getId() is <16908313>> during 10000 millis.' action on view view.getRootView() to equal view
12-02 19:49:29.197 31995 31995 I ViewInteraction: Performing 'single click' action on view view.getId() is <16908313/android:id/button1>
12-02 19:49:29.278 31995 32053 D EGL_emulation: eglMakeCurrent: 0xdb91aea0: ver 2 0 (tinfo 0xdb90ffc0)
12-02 19:49:29.292  2010  5522 E InputDispatcher: Window handle Window{9058f64 u0 ru.iteco.fmhandroid/ru.iteco.fmhandroid.ui.AppActivity} has no registered input channel
12-02 19:49:29.301 31995 32053 D EGL_emulation: eglMakeCurrent: 0xdb91aea0: ver 2 0 (tinfo 0xdb90ffc0)
12-02 19:49:29.583 31995 31995 I ViewInteraction: Performing 'wait for a specific view with <view.getId() is <2131231223>> during 10000 millis.' action on view view.getRootView() to equal view
12-02 19:49:29.877 31995 31995 I ViewInteraction: Performing 'single click' action on view view.getId() is <2131231223/ru.iteco.fmhandroid:id/news_item_publish_time_text_input_edit_text>
12-02 19:49:29.944 31995 32090 I okhttp.OkHttpClient: <-- 200 http://www.981757-ca08998.tmweb.ru:8080/fmh/news (2708ms)
12-02 19:49:29.944 31995 32090 I okhttp.OkHttpClient: Vary: Origin
12-02 19:49:29.944 31995 32090 I okhttp.OkHttpClient: Vary: Access-Control-Request-Method
12-02 19:49:29.944 31995 32090 I okhttp.OkHttpClient: Vary: Access-Control-Request-Headers
12-02 19:49:29.944 31995 32090 I okhttp.OkHttpClient: X-Content-Type-Options: nosniff
12-02 19:49:29.944 31995 32090 I okhttp.OkHttpClient: X-XSS-Protection: 1; mode=block
12-02 19:49:29.945 31995 32090 I okhttp.OkHttpClient: Cache-Control: no-cache, no-store, max-age=0, must-revalidate
12-02 19:49:29.945 31995 32090 I okhttp.OkHttpClient: Pragma: no-cache
12-02 19:49:29.945 31995 32090 I okhttp.OkHttpClient: Expires: 0
12-02 19:49:29.945 31995 32090 I okhttp.OkHttpClient: X-Frame-Options: DENY
12-02 19:49:29.945 31995 32090 I okhttp.OkHttpClient: Content-Type: application/json
12-02 19:49:29.945 31995 32090 I okhttp.OkHttpClient: Transfer-Encoding: chunked
12-02 19:49:29.945 31995 32090 I okhttp.OkHttpClient: Date: Fri, 02 Dec 2022 16:49:31 GMT
12-02 19:49:29.945 31995 32090 I okhttp.OkHttpClient: Keep-Alive: timeout=60
12-02 19:49:29.945 31995 32090 I okhttp.OkHttpClient: Connection: keep-alive
12-02 19:49:30.055  1772  1772 D gralloc_ranchu: gralloc_alloc: Creating ashmem region of size 9261056
12-02 19:49:30.062  1772  1772 I chatty  : uid=1000(system) allocator@2.0-s identical 1 line
12-02 19:49:30.063  1772  1772 D gralloc_ranchu: gralloc_alloc: Creating ashmem region of size 9261056
12-02 19:49:30.080 31995 32053 D EGL_emulation: eglMakeCurrent: 0xdb91aea0: ver 2 0 (tinfo 0xdb90ffc0)
12-02 19:49:30.133 31995 32053 I chatty  : uid=10159(ru.iteco.fmhandroid) RenderThread identical 2 lines
12-02 19:49:30.203 31995 32053 D EGL_emulation: eglMakeCurrent: 0xdb91aea0: ver 2 0 (tinfo 0xdb90ffc0)
12-02 19:49:30.447 31995 31995 I ViewInteraction: Performing 'wait for a specific view with <is assignable from class <class android.widget.TimePicker>> during 10000 millis.' action on view view.getRootView() to equal view
12-02 19:49:30.450 31995 31995 I ViewInteraction: Checking 'MatchesViewAssertion{viewMatcher=(view has effective visibility <VISIBLE> and view.getGlobalVisibleRect() to return non-empty rectangle)}' assertion on view is assignable from class <class android.widget.TimePicker>
12-02 19:49:30.454 31995 31995 I ViewInteraction: Performing 'wait for a specific view with <is assignable from class <class android.widget.TimePicker>> during 10000 millis.' action on view view.getRootView() to equal view
12-02 19:49:30.458 31995 31995 I ViewInteraction: Performing 'set time' action on view is assignable from class <class android.widget.TimePicker>
12-02 19:49:30.463 31995 31995 I ViewInteraction: Performing 'wait for a specific view with <view.getId() is <16908313/android:id/button1>> during 10000 millis.' action on view view.getRootView() to equal view
12-02 19:49:30.466 31995 31995 I ViewInteraction: Performing 'single click' action on view view.getId() is <16908313/android:id/button1>
12-02 19:49:30.527 31995 32053 D EGL_emulation: eglMakeCurrent: 0xdb91aea0: ver 2 0 (tinfo 0xdb90ffc0)
12-02 19:49:30.545 31995 32053 D EGL_emulation: eglMakeCurrent: 0xdb91aea0: ver 2 0 (tinfo 0xdb90ffc0)
12-02 19:49:30.557  2010  6092 E InputDispatcher: Window handle Window{37e6d83 u0 ru.iteco.fmhandroid/ru.iteco.fmhandroid.ui.AppActivity} has no registered input channel
12-02 19:49:30.558 31995 32053 D EGL_emulation: eglMakeCurrent: 0xdb91aea0: ver 2 0 (tinfo 0xdb90ffc0)
12-02 19:49:30.681 31995 32008 I teco.fmhandroi: NativeAlloc concurrent copying GC freed 75107(3072KB) AllocSpace objects, 3(60KB) LOS objects, 34% free, 11MB/17MB, paused 1.320ms total 101.173ms
12-02 19:49:30.890 31995 31995 I ViewInteraction: Performing 'wait for a specific view with <view.getId() is <2131231211>> during 10000 millis.' action on view view.getRootView() to equal view
12-02 19:49:30.893 31995 31995 I ViewInteraction: Performing 'replace text(Моя категория 139c03d1-549a-432f-9922-2b103b9f23dc)' action on view view.getId() is <2131231211/ru.iteco.fmhandroid:id/news_item_description_text_input_edit_text>
12-02 19:49:30.933 31995 31995 I ViewInteraction: Performing 'wait for a specific view with <view.getId() is <2131231291>> during 10000 millis.' action on view view.getRootView() to equal view
12-02 19:49:30.937 31995 31995 I ViewInteraction: Performing 'single click' action on view view.getId() is <2131231291/ru.iteco.fmhandroid:id/save_button>
12-02 19:49:31.004 31995 32094 I okhttp.OkHttpClient: --> POST http://www.981757-ca08998.tmweb.ru:8080/fmh/news
12-02 19:49:31.004 31995 32094 I okhttp.OkHttpClient: Content-Type: application/json; charset=UTF-8
12-02 19:49:31.004 31995 32094 I okhttp.OkHttpClient: Content-Length: 331
12-02 19:49:31.004 31995 32094 I okhttp.OkHttpClient: {"createDate":1669999770,"creatorId":2,"creatorName":"Иванов Данил Данилович","description":"Моя категория 139c03d1-549a-432f-9922-2b103b9f23dc","isOpen":false,"newsCategoryId":0,"publishDate":1669999740,"publishEnabled":true,"title":"Моя категория 139c03d1-549a-432f-9922-2b103b9f23dc"}
12-02 19:49:31.004 31995 32094 I okhttp.OkHttpClient: --> END POST (331-byte body)
12-02 19:49:31.014  1743 32095 E ResolverController: No valid NAT64 prefix (128, <unspecified>/0)
12-02 19:49:31.226 31995 31995 D RootViewPicker: No matching root available - waiting: 10ms for one to appear.
12-02 19:49:31.239 31995 31995 D RootViewPicker: No matching root available - waiting: 20ms for one to appear.
12-02 19:49:31.261 31995 31995 D RootViewPicker: No matching root available - waiting: 200ms for one to appear.
12-02 19:49:31.345 31995 32094 I okhttp.OkHttpClient: <-- 500 http://www.981757-ca08998.tmweb.ru:8080/fmh/news (341ms)
12-02 19:49:31.345 31995 32094 I okhttp.OkHttpClient: Vary: Origin
12-02 19:49:31.345 31995 32094 I okhttp.OkHttpClient: Vary: Access-Control-Request-Method
12-02 19:49:31.346 31995 32094 I okhttp.OkHttpClient: Vary: Access-Control-Request-Headers
12-02 19:49:31.346 31995 32094 I okhttp.OkHttpClient: X-Content-Type-Options: nosniff
12-02 19:49:31.346 31995 32094 I okhttp.OkHttpClient: X-XSS-Protection: 1; mode=block
12-02 19:49:31.346 31995 32094 I okhttp.OkHttpClient: Cache-Control: no-cache, no-store, max-age=0, must-revalidate
12-02 19:49:31.346 31995 32094 I okhttp.OkHttpClient: Pragma: no-cache
12-02 19:49:31.346 31995 32094 I okhttp.OkHttpClient: Expires: 0
12-02 19:49:31.346 31995 32094 I okhttp.OkHttpClient: X-Frame-Options: DENY
12-02 19:49:31.346 31995 32094 I okhttp.OkHttpClient: Content-Type: application/json
12-02 19:49:31.346 31995 32094 I okhttp.OkHttpClient: Transfer-Encoding: chunked
12-02 19:49:31.346 31995 32094 I okhttp.OkHttpClient: Date: Fri, 02 Dec 2022 16:49:32 GMT
12-02 19:49:31.346 31995 32094 I okhttp.OkHttpClient: Connection: close
12-02 19:49:31.354 31995 32094 I okhttp.OkHttpClient: {"code":"ERR_UNEXPECTED","message":"Handler dispatch failed; nested exception is java.lang.StackOverflowError"}
12-02 19:49:31.354 31995 32094 I okhttp.OkHttpClient: <-- END HTTP (111-byte body)
12-02 19:49:31.356 31995 31995 W System.err: ru.iteco.fmhandroid.exceptions.UnknownException
12-02 19:49:31.359 31995 31995 W System.err: 	at ru.iteco.fmhandroid.utils.Utils.makeRequest(Utils.kt:123)
12-02 19:49:31.359 31995 31995 W System.err: 	at ru.iteco.fmhandroid.utils.Utils$makeRequest$1.invokeSuspend(Unknown Source:15)
12-02 19:49:31.359 31995 31995 W System.err: 	at kotlin.coroutines.jvm.internal.BaseContinuationImpl.resumeWith(ContinuationImpl.kt:33)
12-02 19:49:31.359 31995 31995 W System.err: 	at kotlinx.coroutines.DispatchedTask.run(DispatchedTask.kt:106)
12-02 19:49:31.359 31995 31995 W System.err: 	at android.os.Handler.handleCallback(Handler.java:883)
12-02 19:49:31.359 31995 31995 W System.err: 	at android.os.Handler.dispatchMessage(Handler.java:100)
12-02 19:49:31.359 31995 31995 W System.err: 	at androidx.test.espresso.base.Interrogator.loopAndInterrogate(Interrogator.java:14)
12-02 19:49:31.359 31995 31995 W System.err: 	at androidx.test.espresso.base.UiControllerImpl.loopUntil(UiControllerImpl.java:8)
12-02 19:49:31.359 31995 31995 W System.err: 	at androidx.test.espresso.base.UiControllerImpl.loopUntil(UiControllerImpl.java:1)
12-02 19:49:31.359 31995 31995 W System.err: 	at androidx.test.espresso.base.UiControllerImpl.loopMainThreadForAtLeast(UiControllerImpl.java:7)
12-02 19:49:31.359 31995 31995 W System.err: 	at androidx.test.espresso.base.RootViewPicker.pickARoot(RootViewPicker.java:7)
12-02 19:49:31.359 31995 31995 W System.err: 	at androidx.test.espresso.base.RootViewPicker.pickRootView(RootViewPicker.java:1)
12-02 19:49:31.359 31995 31995 W System.err: 	at androidx.test.espresso.base.RootViewPicker.get(RootViewPicker.java:4)
12-02 19:49:31.360 31995 31995 W System.err: 	at androidx.test.espresso.ViewInteractionModule.provideRootView(ViewInteractionModule.java:1)
12-02 19:49:31.360 31995 31995 W System.err: 	at androidx.test.espresso.ViewInteractionModule_ProvideRootViewFactory.provideRootView(ViewInteractionModule_ProvideRootViewFactory.java:1)
12-02 19:49:31.360 31995 31995 W System.err: 	at androidx.test.espresso.ViewInteractionModule_ProvideRootViewFactory.get(ViewInteractionModule_ProvideRootViewFactory.java:1)
12-02 19:49:31.360 31995 31995 W System.err: 	at androidx.test.espresso.ViewInteractionModule_ProvideRootViewFactory.get(ViewInteractionModule_ProvideRootViewFactory.java:2)
12-02 19:49:31.360 31995 31995 W System.err: 	at androidx.test.espresso.base.ViewFinderImpl.getView(ViewFinderImpl.java:4)
12-02 19:49:31.360 31995 31995 W System.err: 	at androidx.test.espresso.ViewInteraction$2.call(ViewInteraction.java:9)
12-02 19:49:31.360 31995 31995 W System.err: 	at androidx.test.espresso.ViewInteraction$2.call(ViewInteraction.java:1)
12-02 19:49:31.360 31995 31995 W System.err: 	at java.util.concurrent.FutureTask.run(FutureTask.java:266)
12-02 19:49:31.360 31995 31995 W System.err: 	at android.os.Handler.handleCallback(Handler.java:883)
12-02 19:49:31.360 31995 31995 W System.err: 	at android.os.Handler.dispatchMessage(Handler.java:100)
12-02 19:49:31.360 31995 31995 W System.err: 	at android.os.Looper.loop(Looper.java:214)
12-02 19:49:31.360 31995 31995 W System.err: 	at android.app.ActivityThread.main(ActivityThread.java:7356)
12-02 19:49:31.360 31995 31995 W System.err: 	at java.lang.reflect.Method.invoke(Native Method)
12-02 19:49:31.360 31995 31995 W System.err: 	at com.android.internal.os.RuntimeInit$MethodAndArgsCaller.run(RuntimeInit.java:492)
12-02 19:49:31.360 31995 31995 W System.err: 	at com.android.internal.os.ZygoteInit.main(ZygoteInit.java:930)
12-02 19:49:31.400  1772  1772 D gralloc_ranchu: gralloc_alloc: Creating ashmem region of size 548864
12-02 19:49:31.404  1772  1772 D gralloc_ranchu: gralloc_alloc: Creating ashmem region of size 548864
12-02 19:49:31.407 31995 32053 D EGL_emulation: eglMakeCurrent: 0xdb91aea0: ver 2 0 (tinfo 0xdb90ffc0)
12-02 19:49:31.423  1772  1772 D gralloc_ranchu: gralloc_alloc: Creating ashmem region of size 548864
12-02 19:49:31.474 31995 31995 I ViewInteraction: Checking 'MatchesViewAssertion{viewMatcher=(view has effective visibility <VISIBLE> and view.getGlobalVisibleRect() to return non-empty rectangle)}' assertion on view an instance of android.widget.TextView and view.getText() with or without transformation to match: is "Wrong category selected. Select a category from the list."
12-02 19:49:31.476 31995 31995 D takeScreenshot: Found 2 global views to redraw
12-02 19:49:31.493 31995 32053 D EGL_emulation: eglMakeCurrent: 0xdb91aea0: ver 2 0 (tinfo 0xdb90ffc0)
12-02 19:49:31.509 31995 32053 D EGL_emulation: eglMakeCurrent: 0xdb91aea0: ver 2 0 (tinfo 0xdb90ffc0)
12-02 19:49:31.527  1772  1772 D gralloc_ranchu: gralloc_alloc: Creating ashmem region of size 14749696
12-02 19:49:31.562 31995 32040 W DefaultFailureHandler: Failed to take screenshot
12-02 19:49:31.562 31995 32040 W DefaultFailureHandler: java.io.FileNotFoundException: view-op-error-2.png: open failed: EROFS (Read-only file system)
12-02 19:49:31.562 31995 32040 W DefaultFailureHandler: 	at libcore.io.IoBridge.open(IoBridge.java:496)
12-02 19:49:31.562 31995 32040 W DefaultFailureHandler: 	at java.io.FileOutputStream.<init>(FileOutputStream.java:235)
12-02 19:49:31.562 31995 32040 W DefaultFailureHandler: 	at java.io.FileOutputStream.<init>(FileOutputStream.java:125)
12-02 19:49:31.562 31995 32040 W DefaultFailureHandler: 	at androidx.test.platform.io.FileTestStorage.openOutputFile(FileTestStorage.java:60)
12-02 19:49:31.562 31995 32040 W DefaultFailureHandler: 	at androidx.test.core.graphics.BitmapStorage.writeToTestStorage(BitmapStorageExt.kt:49)
12-02 19:49:31.562 31995 32040 W DefaultFailureHandler: 	at androidx.test.espresso.base.DefaultFailureHandler.takeScreenshot(DefaultFailureHandler.java:4)
12-02 19:49:31.562 31995 32040 W DefaultFailureHandler: 	at androidx.test.espresso.base.DefaultFailureHandler.handle(DefaultFailureHandler.java:3)
12-02 19:49:31.562 31995 32040 W DefaultFailureHandler: 	at androidx.test.espresso.ViewInteraction.waitForAndHandleInteractionResults(ViewInteraction.java:8)
12-02 19:49:31.562 31995 32040 W DefaultFailureHandler: 	at androidx.test.espresso.ViewInteraction.check(ViewInteraction.java:12)
12-02 19:49:31.562 31995 32040 W DefaultFailureHandler: 	at ru.iteco.fmhandroid.ui.steps.ControlPanelSteps.checkToast(ControlPanelSteps.java:218)
12-02 19:49:31.562 31995 32040 W DefaultFailureHandler: 	at ru.iteco.fmhandroid.ui.NewsCreationFormTest.shouldShowAWrongMessageWithTextSelectACategoryFromTheList(NewsCreationFormTest.java:199)
12-02 19:49:31.562 31995 32040 W DefaultFailureHandler: 	at java.lang.reflect.Method.invoke(Native Method)
12-02 19:49:31.562 31995 32040 W DefaultFailureHandler: 	at org.junit.runners.model.FrameworkMethod$1.runReflectiveCall(FrameworkMethod.java:59)
12-02 19:49:31.562 31995 32040 W DefaultFailureHandler: 	at org.junit.internal.runners.model.ReflectiveCallable.run(ReflectiveCallable.java:12)
12-02 19:49:31.562 31995 32040 W DefaultFailureHandler: 	at org.junit.runners.model.FrameworkMethod.invokeExplosively(FrameworkMethod.java:56)
12-02 19:49:31.562 31995 32040 W DefaultFailureHandler: 	at org.junit.internal.runners.statements.InvokeMethod.evaluate(InvokeMethod.java:17)
12-02 19:49:31.562 31995 32040 W DefaultFailureHandler: 	at androidx.test.internal.runner.junit4.statement.RunBefores.evaluate(RunBefores.java:80)
12-02 19:49:31.562 31995 32040 W DefaultFailureHandler: 	at androidx.test.internal.runner.junit4.statement.RunAfters.evaluate(RunAfters.java:61)
12-02 19:49:31.562 31995 32040 W DefaultFailureHandler: 	at androidx.test.rule.ActivityTestRule$ActivityStatement.evaluate(ActivityTestRule.java:543)
12-02 19:49:31.562 31995 32040 W DefaultFailureHandler: 	at io.qameta.allure.android.rules.LogcatRule$apply$1.evaluate(LogcatRule.kt:23)
12-02 19:49:31.562 31995 32040 W DefaultFailureHandler: 	at io.qameta.allure.android.rules.ScreenshotRule$apply$1.evaluate(ScreenshotRule.kt:22)
12-02 19:49:31.562 31995 32040 W DefaultFailureHandler: 	at io.qameta.allure.android.rules.ScreenshotRule$apply$1.evaluate(ScreenshotRule.kt:22)
12-02 19:49:31.562 31995 32040 W DefaultFailureHandler: 	at org.junit.rules.RunRules.evaluate(RunRules.java:20)
12-02 19:49:31.562 31995 32040 W DefaultFailureHandler: 	at org.junit.runners.ParentRunner$3.evaluate(ParentRunner.java:306)
12-02 19:49:31.562 31995 32040 W DefaultFailureHandler: 	at org.junit.runners.BlockJUnit4ClassRunner$1.evaluate(BlockJUnit4ClassRunner.java:100)
12-02 19:49:31.562 31995 32040 W DefaultFailureHandler: 	at org.junit.runners.ParentRunner.runLeaf(ParentRunner.java:366)
12-02 19:49:31.562 31995 32040 W DefaultFailureHandler: 	at org.junit.runners.BlockJUnit4ClassRunner.runChild(BlockJUnit4ClassRunner.java:103)
12-02 19:49:31.562 31995 32040 W DefaultFailureHandler: 	at org.junit.runners.BlockJUnit4ClassRunner.runChild(BlockJUnit4ClassRunner.java:63)
12-02 19:49:31.562 31995 32040 W DefaultFailureHandler: 	at org.junit.runners.ParentRunner$4.run(ParentRunner.java:331)
12-02 19:49:31.562 31995 32040 W DefaultFailureHandler: 	at org.junit.runners.ParentRunner$1.schedule(ParentRunner.java:79)
12-02 19:49:31.562 31995 32040 W DefaultFailureHandler: 	at org.junit.runners.ParentRunner.runChildren(ParentRunner.java:329)
12-02 19:49:31.562 31995 32040 W DefaultFailureHandler: 	at org.junit.runners.ParentRunner.access$100(ParentRunner.java:66)
12-02 19:49:31.562 31995 32040 W DefaultFailureHandler: 	at org.junit.runners.ParentRunner$2.evaluate(ParentRunner.java:293)
12-02 19:49:31.562 31995 32040 W DefaultFailureHandler: 	at org.junit.runners.ParentRunner$3.evaluate(ParentRunner.java:306)
12-02 19:49:31.562 31995 32040 W DefaultFailureHandler: 	at org.junit.runners.ParentRunner.run(ParentRunner.java:413)
12-02 19:49:31.562 31995 32040 W DefaultFailureHandler: 	at androidx.test.ext.junit.runners.AndroidJUnit4.run(AndroidJUnit4.java:162)
12-02 19:49:31.562 31995 32040 W DefaultFailureHandler: 	at io.qameta.allure.android.runners.AllureAndroidJUnit4.run(AllureAndroidJUnitRunners.kt:29)
12-02 19:49:31.562 31995 32040 W DefaultFailureHandler: 	at org.junit.runners.Suite.runChild(Suite.java:128)
12-02 19:49:31.562 31995 32040 W DefaultFailureHandler: 	at org.junit.runners.Suite.runChild(Suite.java:27)
12-02 19:49:31.562 31995 32040 W DefaultFailureHandler: 	at org.junit.runners.ParentRunner$4.run(ParentRunner.java:331)
12-02 19:49:31.562 31995 32040 W DefaultFailureHandler: 	at org.junit.runners.ParentRunner$1.schedule(ParentRunner.java:79)
12-02 19:49:31.562 31995 32040 W DefaultFailureHandler: 	at org.junit.runners.ParentRunner.runChildren(ParentRunner.java:329)
12-02 19:49:31.562 31995 32040 W DefaultFailureHandler: 	at org.junit.runners.ParentRunner.access$100(ParentRunner.java:66)
12-02 19:49:31.562 31995 32040 W DefaultFailureHandler: 	at org.junit.runners.ParentRunner$2.evaluate(ParentRunner.java:293)
12-02 19:49:31.562 31995 32040 W DefaultFailureHandler: 	at org.junit.runners.ParentRunner$3.evaluate(ParentRunner.java:306)
12-02 19:49:31.562 31995 32040 W DefaultFailureHandler: 	at org.junit.runners.ParentRunner.run(ParentRunner.java:413)
12-02 19:49:31.562 31995 32040 W DefaultFailureHandler: 	at org.junit.runner.JUnitCore.run(JUnitCore.java:137)
12-02 19:49:31.562 31995 32040 W DefaultFailureHandler: 	at org.junit.runner.JUnitCore.run(JUnitCore.java:115)
12-02 19:49:31.562 31995 32040 W DefaultFailureHandler: 	at androidx.test.internal.runner.TestExecutor.execute(TestExecutor.java:67)
12-02 19:49:31.562 31995 32040 W DefaultFailureHandler: 	at androidx.test.internal.runner.TestExecutor.execute(TestExecutor.java:58)
12-02 19:49:31.562 31995 32040 W DefaultFailureHandler: 	at androidx.test.runner.AndroidJUnitRunner.onStart(AndroidJUnitRunner.java:438)
12-02 19:49:31.563 31995 32040 W DefaultFailureHandler: 	at android.app.Instrumentation$InstrumentationThread.run(Instrumentation.java:2189)
12-02 19:49:31.563 31995 32040 W DefaultFailureHandler: Caused by: android.system.ErrnoException: open failed: EROFS (Read-only file system)
12-02 19:49:31.563 31995 32040 W DefaultFailureHandler: 	at libcore.io.Linux.open(Native Method)
12-02 19:49:31.563 31995 32040 W DefaultFailureHandler: 	at libcore.io.ForwardingOs.open(ForwardingOs.java:167)
12-02 19:49:31.563 31995 32040 W DefaultFailureHandler: 	at libcore.io.BlockGuardOs.open(BlockGuardOs.java:252)
12-02 19:49:31.563 31995 32040 W DefaultFailureHandler: 	at libcore.io.ForwardingOs.open(ForwardingOs.java:167)
12-02 19:49:31.563 31995 32040 W DefaultFailureHandler: 	at android.app.ActivityThread$AndroidOs.open(ActivityThread.java:7255)
12-02 19:49:31.563 31995 32040 W DefaultFailureHandler: 	at libcore.io.IoBridge.open(IoBridge.java:482)
12-02 19:49:31.563 31995 32040 W DefaultFailureHandler: 	... 51 more
12-02 19:49:31.593 31995 32040 W ViewHierarchyExceptionHandler: Failed to save the view hierarchy to file view-hierarchy-2.txt
12-02 19:49:31.593 31995 32040 W ViewHierarchyExceptionHandler: java.io.FileNotFoundException: view-hierarchy-2.txt: open failed: EROFS (Read-only file system)
12-02 19:49:31.593 31995 32040 W ViewHierarchyExceptionHandler: 	at libcore.io.IoBridge.open(IoBridge.java:496)
12-02 19:49:31.593 31995 32040 W ViewHierarchyExceptionHandler: 	at java.io.FileOutputStream.<init>(FileOutputStream.java:235)
12-02 19:49:31.593 31995 32040 W ViewHierarchyExceptionHandler: 	at java.io.FileOutputStream.<init>(FileOutputStream.java:125)
12-02 19:49:31.593 31995 32040 W ViewHierarchyExceptionHandler: 	at androidx.test.platform.io.FileTestStorage.openOutputFile(FileTestStorage.java:60)
12-02 19:49:31.593 31995 32040 W ViewHierarchyExceptionHandler: 	at androidx.test.espresso.base.ViewHierarchyExceptionHandler.addOutputFile(ViewHierarchyExceptionHandler.java:1)
12-02 19:49:31.593 31995 32040 W ViewHierarchyExceptionHandler: 	at androidx.test.espresso.base.ViewHierarchyExceptionHandler.dumpFullViewHierarchyToFile(ViewHierarchyExceptionHandler.java:5)
12-02 19:49:31.593 31995 32040 W ViewHierarchyExceptionHandler: 	at androidx.test.espresso.base.ViewHierarchyExceptionHandler.handleSafely(ViewHierarchyExceptionHandler.java:2)
12-02 19:49:31.593 31995 32040 W ViewHierarchyExceptionHandler: 	at androidx.test.espresso.base.ViewHierarchyExceptionHandler.handleSafely(ViewHierarchyExceptionHandler.java:1)
12-02 19:49:31.593 31995 32040 W ViewHierarchyExceptionHandler: 	at androidx.test.espresso.base.DefaultFailureHandler$TypedFailureHandler.handle(DefaultFailureHandler.java:4)
12-02 19:49:31.593 31995 32040 W ViewHierarchyExceptionHandler: 	at androidx.test.espresso.base.DefaultFailureHandler.handle(DefaultFailureHandler.java:5)
12-02 19:49:31.593 31995 32040 W ViewHierarchyExceptionHandler: 	at androidx.test.espresso.ViewInteraction.waitForAndHandleInteractionResults(ViewInteraction.java:8)
12-02 19:49:31.593 31995 32040 W ViewHierarchyExceptionHandler: 	at androidx.test.espresso.ViewInteraction.check(ViewInteraction.java:12)
12-02 19:49:31.593 31995 32040 W ViewHierarchyExceptionHandler: 	at ru.iteco.fmhandroid.ui.steps.ControlPanelSteps.checkToast(ControlPanelSteps.java:218)
12-02 19:49:31.593 31995 32040 W ViewHierarchyExceptionHandler: 	at ru.iteco.fmhandroid.ui.NewsCreationFormTest.shouldShowAWrongMessageWithTextSelectACategoryFromTheList(NewsCreationFormTest.java:199)
12-02 19:49:31.593 31995 32040 W ViewHierarchyExceptionHandler: 	at java.lang.reflect.Method.invoke(Native Method)
12-02 19:49:31.593 31995 32040 W ViewHierarchyExceptionHandler: 	at org.junit.runners.model.FrameworkMethod$1.runReflectiveCall(FrameworkMethod.java:59)
12-02 19:49:31.593 31995 32040 W ViewHierarchyExceptionHandler: 	at org.junit.internal.runners.model.ReflectiveCallable.run(ReflectiveCallable.java:12)
12-02 19:49:31.593 31995 32040 W ViewHierarchyExceptionHandler: 	at org.junit.runners.model.FrameworkMethod.invokeExplosively(FrameworkMethod.java:56)
12-02 19:49:31.593 31995 32040 W ViewHierarchyExceptionHandler: 	at org.junit.internal.runners.statements.InvokeMethod.evaluate(InvokeMethod.java:17)
12-02 19:49:31.593 31995 32040 W ViewHierarchyExceptionHandler: 	at androidx.test.internal.runner.junit4.statement.RunBefores.evaluate(RunBefores.java:80)
12-02 19:49:31.593 31995 32040 W ViewHierarchyExceptionHandler: 	at androidx.test.internal.runner.junit4.statement.RunAfters.evaluate(RunAfters.java:61)
12-02 19:49:31.593 31995 32040 W ViewHierarchyExceptionHandler: 	at androidx.test.rule.ActivityTestRule$ActivityStatement.evaluate(ActivityTestRule.java:543)
12-02 19:49:31.593 31995 32040 W ViewHierarchyExceptionHandler: 	at io.qameta.allure.android.rules.LogcatRule$apply$1.evaluate(LogcatRule.kt:23)
12-02 19:49:31.593 31995 32040 W ViewHierarchyExceptionHandler: 	at io.qameta.allure.android.rules.ScreenshotRule$apply$1.evaluate(ScreenshotRule.kt:22)
12-02 19:49:31.593 31995 32040 W ViewHierarchyExceptionHandler: 	at io.qameta.allure.android.rules.ScreenshotRule$apply$1.evaluate(ScreenshotRule.kt:22)
12-02 19:49:31.593 31995 32040 W ViewHierarchyExceptionHandler: 	at org.junit.rules.RunRules.evaluate(RunRules.java:20)
12-02 19:49:31.593 31995 32040 W ViewHierarchyExceptionHandler: 	at org.junit.runners.ParentRunner$3.evaluate(ParentRunner.java:306)
12-02 19:49:31.593 31995 32040 W ViewHierarchyExceptionHandler: 	at org.junit.runners.BlockJUnit4ClassRunner$1.evaluate(BlockJUnit4ClassRunner.java:100)
12-02 19:49:31.593 31995 32040 W ViewHierarchyExceptionHandler: 	at org.junit.runners.ParentRunner.runLeaf(ParentRunner.java:366)
12-02 19:49:31.593 31995 32040 W ViewHierarchyExceptionHandler: 	at org.junit.runners.BlockJUnit4ClassRunner.runChild(BlockJUnit4ClassRunner.java:103)
12-02 19:49:31.593 31995 32040 W ViewHierarchyExceptionHandler: 	at org.junit.runners.BlockJUnit4ClassRunner.runChild(BlockJUnit4ClassRunner.java:63)
12-02 19:49:31.593 31995 32040 W ViewHierarchyExceptionHandler: 	at org.junit.runners.ParentRunner$4.run(ParentRunner.java:331)
12-02 19:49:31.593 31995 32040 W ViewHierarchyExceptionHandler: 	at org.junit.runners.ParentRunner$1.schedule(ParentRunner.java:79)
12-02 19:49:31.593 31995 32040 W ViewHierarchyExceptionHandler: 	at org.junit.runners.ParentRunner.runChildren(ParentRunner.java:329)
12-02 19:49:31.593 31995 32040 W ViewHierarchyExceptionHandler: 	at org.junit.runners.ParentRunner.access$100(ParentRunner.java:66)
12-02 19:49:31.593 31995 32040 W ViewHierarchyExceptionHandler: 	at org.junit.runners.ParentRunner$2.evaluate(ParentRunner.java:293)
12-02 19:49:31.593 31995 32040 W ViewHierarchyExceptionHandler: 	at org.junit.runners.ParentRunner$3.evaluate(ParentRunner.java:306)
12-02 19:49:31.593 31995 32040 W ViewHierarchyExceptionHandler: 	at org.junit.runners.ParentRunner.run(ParentRunner.java:413)
12-02 19:49:31.593 31995 32040 W ViewHierarchyExceptionHandler: 	at androidx.test.ext.junit.runners.AndroidJUnit4.run(AndroidJUnit4.java:162)
12-02 19:49:31.593 31995 32040 W ViewHierarchyExceptionHandler: 	at io.qameta.allure.android.runners.AllureAndroidJUnit4.run(AllureAndroidJUnitRunners.kt:29)
12-02 19:49:31.593 31995 32040 W ViewHierarchyExceptionHandler: 	at org.junit.runners.Suite.runChild(Suite.java:128)
12-02 19:49:31.593 31995 32040 W ViewHierarchyExceptionHandler: 	at org.junit.runners.Suite.runChild(Suite.java:27)
12-02 19:49:31.593 31995 32040 W ViewHierarchyExceptionHandler: 	at org.junit.runners.ParentRunner$4.run(ParentRunner.java:331)
12-02 19:49:31.593 31995 32040 W ViewHierarchyExceptionHandler: 	at org.junit.runners.ParentRunner$1.schedule(ParentRunner.java:79)
12-02 19:49:31.593 31995 32040 W ViewHierarchyExceptionHandler: 	at org.junit.runners.ParentRunner.runChildren(ParentRunner.java:329)
12-02 19:49:31.593 31995 32040 W ViewHierarchyExceptionHandler: 	at org.junit.runners.ParentRunner.access$100(ParentRunner.java:66)
12-02 19:49:31.593 31995 32040 W ViewHierarchyExceptionHandler: 	at org.junit.runners.ParentRunner$2.evaluate(ParentRunner.java:293)
12-02 19:49:31.594 31995 32040 W ViewHierarchyExceptionHandler: 	at org.junit.runners.ParentRunner$3.evaluate(ParentRunner.java:306)
12-02 19:49:31.594 31995 32040 W ViewHierarchyExceptionHandler: 	at org.junit.runners.ParentRunner.run(ParentRunner.java:413)
12-02 19:49:31.594 31995 32040 W ViewHierarchyExceptionHandler: 	at org.junit.runner.JUnitCore.run(JUnitCore.java:137)
12-02 19:49:31.594 31995 32040 W ViewHierarchyExceptionHandler: 	at org.junit.runner.JUnitCore.run(JUnitCore.java:115)
12-02 19:49:31.594 31995 32040 W ViewHierarchyExceptionHandler: 	at androidx.test.internal.runner.TestExecutor.execute(TestExecutor.java:67)
12-02 19:49:31.594 31995 32040 W ViewHierarchyExceptionHandler: 	at androidx.test.internal.runner.TestExecutor.execute(TestExecutor.java:58)
12-02 19:49:31.594 31995 32040 W ViewHierarchyExceptionHandler: 	at androidx.test.runner.AndroidJUnitRunner.onStart(AndroidJUnitRunner.java:438)
12-02 19:49:31.594 31995 32040 W ViewHierarchyExceptionHandler: 	at android.app.Instrumentation$InstrumentationThread.run(Instrumentation.java:2189)
12-02 19:49:31.594 31995 32040 W ViewHierarchyExceptionHandler: Caused by: android.system.ErrnoException: open failed: EROFS (Read-only file system)
12-02 19:49:31.594 31995 32040 W ViewHierarchyExceptionHandler: 	at libcore.io.Linux.open(Native Method)
