--------- beginning of main
12-07 06:42:08.684  1905  1905 E wifi_forwarder: RemoteConnection failed to initialize: RemoteConnection failed to open pipe
12-07 06:42:08.698 21251 21251 I teco.fmhandroi: Waiting for a blocking GC ClassLinker
12-07 06:42:08.721 21251 21251 I teco.fmhandroi: WaitForGcToComplete blocked ClassLinker on HeapTrim for 23.408ms
12-07 06:42:08.753 21251 21251 I teco.fmhandroi: The ClassLoaderContext is a special shared library.
12-07 06:42:08.754 21251 21251 I teco.fmhandroi: The ClassLoaderContext is a special shared library.
12-07 06:42:09.187 21251 21251 W teco.fmhandroi: ClassLoaderContext classpath size mismatch. expected=0, found=7 (PCL[] | PCL[/system/framework/android.test.runner.jar*3312018701:/system/framework/android.test.mock.jar*3601177991:/data/app/ru.iteco.fmhandroid.test-ZUQyhsRGipNgHE4ruoEyQw==/base.apk*125722370:/data/app/ru.iteco.fmhandroid.test-ZUQyhsRGipNgHE4ruoEyQw==/base.apk!classes2.dex*2301094307:/data/app/ru.iteco.fmhandroid.test-ZUQyhsRGipNgHE4ruoEyQw==/base.apk!classes3.dex*1124343404:/data/app/ru.iteco.fmhandroid.test-ZUQyhsRGipNgHE4ruoEyQw==/base.apk!classes4.dex*3962912737:/data/app/ru.iteco.fmhandroid.test-ZUQyhsRGipNgHE4ruoEyQw==/base.apk!classes5.dex*1908958525];PCL[/system/framework/android.test.runner.jar*3312018701:/system/framework/android.test.mock.jar*3601177991:/data/app/ru.iteco.fmhandroid.test-ZUQyhsRGipNgHE4ruoEyQw==/base.apk*125722370:/data/app/ru.iteco.fmhandroid.test-ZUQyhsRGipNgHE4ruoEyQw==/base.apk!classes2.dex*2301094307:/data/app/ru.iteco.fmhandroid.test-ZUQyhsRGipNgHE4ruoEyQw==/base.apk!classes3.dex*1124343404:/data/app/ru.itec
12-07 06:42:09.189 21251 21251 W teco.fmhandroi: Found duplicate classes, falling back to extracting from APK : /data/app/ru.iteco.fmhandroid-R0QVQlEGwG1IVzN-H3bqog==/base.apk
12-07 06:42:09.190 21251 21251 W teco.fmhandroi: NOTE: This wastes RAM and hurts startup performance.
12-07 06:42:09.190 21251 21251 W teco.fmhandroi: Found duplicated class when checking oat files: 'Landroid/support/v4/app/INotificationSideChannel$Default;' in /data/app/ru.iteco.fmhandroid-R0QVQlEGwG1IVzN-H3bqog==/base.apk and /data/app/ru.iteco.fmhandroid-R0QVQlEGwG1IVzN-H3bqog==/base.apk
12-07 06:42:09.190 21251 21251 W teco.fmhandroi: 
12-07 06:42:09.892 21251 21251 W teco.fmhandroi: Accessing hidden method Landroid/app/Instrumentation;->execStartActivity(Landroid/content/Context;Landroid/os/IBinder;Landroid/os/IBinder;Landroid/app/Activity;Landroid/content/Intent;ILandroid/os/Bundle;)Landroid/app/Instrumentation$ActivityResult; (greylist, linking, allowed)
12-07 06:42:09.893 21251 21251 W teco.fmhandroi: Accessing hidden method Landroid/app/Instrumentation;->execStartActivity(Landroid/content/Context;Landroid/os/IBinder;Landroid/os/IBinder;Ljava/lang/String;Landroid/content/Intent;ILandroid/os/Bundle;)Landroid/app/Instrumentation$ActivityResult; (greylist, linking, allowed)
12-07 06:42:09.914 21251 21251 I MonitoringInstr: newApplication called!
12-07 06:42:09.996 21251 21251 I FirebaseApp: Device unlocked: initializing all Firebase APIs for app [DEFAULT]
12-07 06:42:10.052 21251 21251 I FirebaseCrashlytics: Initializing Firebase Crashlytics 18.2.6 for ru.iteco.fmhandroid
12-07 06:42:10.081 21251 21283 I DynamiteModule: Considering local module com.google.android.gms.measurement.dynamite:55 and remote module com.google.android.gms.measurement.dynamite:15
12-07 06:42:10.081 21251 21283 I DynamiteModule: Selected local version of com.google.android.gms.measurement.dynamite
12-07 06:42:10.282 21251 21251 I FirebaseInitProvider: FirebaseApp initialization successful
12-07 06:42:10.331 21251 21251 I MonitoringInstr: Instrumentation started!
12-07 06:42:10.342 21251 21251 D ClassesArgTokenizer: input: ru.iteco.fmhandroid.ui.FilterNewsPageTest#shouldShowAMessageSelectACategoryFromTheList
12-07 06:42:10.344 21251 21251 D ClassesArgTokenizer: result: [ru.iteco.fmhandroid.ui.FilterNewsPageTest#shouldShowAMessageSelectACategoryFromTheList]
12-07 06:42:10.344 21251 21251 D ClassesArgTokenizer: input: null
12-07 06:42:10.344 21251 21251 D ClassesArgTokenizer: result: []
12-07 06:42:10.352 21251 21251 V TestEventClient: No service name argument was given (testDiscoveryService, testRunEventService or orchestratorService)
12-07 06:42:10.381 21251 21295 D AndroidJUnitRunner: onStart is called.
12-07 06:42:10.405 21251 21251 I MonitoringInstr: No JSBridge.
12-07 06:42:10.434 21251 21289 V FA      : App measurement collection enabled
12-07 06:42:10.435 21251 21289 V FA      : App measurement enabled for app package, google app id: ru.iteco.fmhandroid, 1:729587742060:android:e7d6f87c783f52b9a42f49
12-07 06:42:10.439 21251 21289 I FA      : App measurement initialized, version: 46000
12-07 06:42:10.439 21251 21289 I FA      : To enable debug logging run: adb shell setprop log.tag.FA VERBOSE
12-07 06:42:10.440 21251 21289 I FA      : To enable faster debug mode event logging run:
12-07 06:42:10.440 21251 21289 I FA      :   adb shell setprop debug.firebase.analytics.app ru.iteco.fmhandroid
12-07 06:42:10.440 21251 21289 D FA      : Debug-level message logging enabled
12-07 06:42:10.446 21251 21295 D TestRequestBuilder: Skipping class path scanning and directly running [ru.iteco.fmhandroid.ui.FilterNewsPageTest]
12-07 06:42:10.468 21251 21295 D ClassesArgTokenizer: input: ru.iteco.fmhandroid.ui.FilterNewsPageTest#shouldShowAMessageSelectACategoryFromTheList
12-07 06:42:10.468 21251 21295 D ClassesArgTokenizer: result: [ru.iteco.fmhandroid.ui.FilterNewsPageTest#shouldShowAMessageSelectACategoryFromTheList]
12-07 06:42:10.468 21251 21295 D ClassesArgTokenizer: input: null
12-07 06:42:10.469 21251 21295 D ClassesArgTokenizer: result: []
12-07 06:42:10.515 21251 21295 D AndroidJUnitRunner: Use the raw file system for managing file I/O.
12-07 06:42:10.531 21251 21295 D TestExecutor: Adding listener androidx.test.internal.runner.listener.LogRunListener
12-07 06:42:10.532 21251 21295 D TestExecutor: Adding listener androidx.test.internal.runner.listener.InstrumentationResultPrinter
12-07 06:42:10.532 21251 21295 D TestExecutor: Adding listener androidx.test.internal.runner.listener.ActivityFinisherRunListener
12-07 06:42:10.532 21251 21295 D TestExecutor: Adding listener androidx.test.internal.runner.listener.TraceRunListener
12-07 06:42:10.554 21251 21295 I TestRunner: run started: 1 tests
12-07 06:42:10.569 21251 21289 V FA      : Connecting to remote service
12-07 06:42:10.616 21251 21289 V FA      : Connection attempt already in progress
12-07 06:42:10.630 21251 21289 V FA      : Connection attempt already in progress
12-07 06:42:10.633 21251 21289 D FA      : Connected to remote service
12-07 06:42:10.633 21251 21289 V FA      : Processing queued up service tasks: 3
12-07 06:42:10.654 21251 21295 I TestRunner: started: shouldShowAMessageSelectACategoryFromTheList(ru.iteco.fmhandroid.ui.FilterNewsPageTest)
12-07 06:42:10.715  2873 21298 V FA-SVC  : Saving default event parameters, appId, data size: ru.iteco.fmhandroid, 2
12-07 06:42:10.893  1744 21299 E ResolverController: No valid NAT64 prefix (100, <unspecified>/0)
12-07 06:42:10.995 21251 21295 W FileTestStorage: Output properties is not supported.
12-07 06:42:11.005 21251 21295 I Tracing : Tracer added: class androidx.test.platform.tracing.AndroidXTracer
12-07 06:42:11.027 21251 21295 D EventInjectionStrategy: Creating injection strategy with input manager.
12-07 06:42:11.029 21251 21295 W teco.fmhandroi: Accessing hidden method Landroid/hardware/input/InputManager;->getInstance()Landroid/hardware/input/InputManager; (greylist, reflection, allowed)
12-07 06:42:11.030 21251 21295 W teco.fmhandroi: Accessing hidden method Landroid/hardware/input/InputManager;->injectInputEvent(Landroid/view/InputEvent;I)Z (greylist, reflection, allowed)
12-07 06:42:11.030 21251 21295 W teco.fmhandroi: Accessing hidden field Landroid/hardware/input/InputManager;->INJECT_INPUT_EVENT_MODE_WAIT_FOR_FINISH:I (greylist, reflection, allowed)
--------- beginning of system
12-07 06:42:11.119  2018  2018 V SettingsProvider: Notifying for 0: content://settings/secure/accessibility_enabled
12-07 06:42:11.280 21251 21295 W Settings: Setting always_finish_activities has moved from android.provider.Settings.System to android.provider.Settings.Global, returning read-only value.
12-07 06:42:11.298  2018  2459 I ActivityTaskManager: START u0 {act=android.intent.action.MAIN cat=[android.intent.category.LAUNCHER] flg=0x10008000 cmp=ru.iteco.fmhandroid.test/androidx.test.core.app.InstrumentationActivityInvoker$BootstrapActivity (has extras)} from uid 10146
12-07 06:42:11.391  2018  9359 W InputReader: Device has associated, but no associated display id.
12-07 06:42:11.391  2018  9359 I chatty  : uid=1000(system) Binder:2018_1D identical 8 lines
12-07 06:42:11.391  2018  9359 W InputReader: Device has associated, but no associated display id.
12-07 06:42:11.456  1745  1745 D Zygote  : Forked child process 21306
12-07 06:42:11.459  2018  2060 I ActivityManager: Start proc 21306:ru.iteco.fmhandroid.test/u0a147 for activity {ru.iteco.fmhandroid.test/androidx.test.core.app.InstrumentationActivityInvoker$BootstrapActivity}
12-07 06:42:11.467 21306 21306 I fmhandroid.tes: Late-enabling -Xcheck:jni
12-07 06:42:11.510  1776  1825 D gralloc_ranchu: gralloc_alloc: Creating ashmem region of size 10108928
12-07 06:42:11.655 21306 21306 E fmhandroid.tes: Unknown bits set in runtime_flags: 0x8000
12-07 06:42:11.657 21306 21306 W fmhandroid.tes: Unexpected CPU variant for X86 using defaults: x86
12-07 06:42:11.739  2018  5645 W InputReader: Device has associated, but no associated display id.
12-07 06:42:11.769  2018  5645 I chatty  : uid=1000(system) Binder:2018_15 identical 28 lines
12-07 06:42:11.769  2018  5645 W InputReader: Device has associated, but no associated display id.
12-07 06:42:11.793 21306 21306 I fmhandroid.tes: The ClassLoaderContext is a special shared library.
12-07 06:42:11.796 21306 21306 I fmhandroid.tes: The ClassLoaderContext is a special shared library.
12-07 06:42:12.029  2018  2054 I Choreographer: Skipped 33 frames!  The application may be doing too much work on its main thread.
12-07 06:42:12.034  2018  2054 I Choreographer: Skipped 31 frames!  The application may be doing too much work on its main thread.
12-07 06:42:12.044  2018  2054 W InputReader: Device has associated, but no associated display id.
12-07 06:42:12.044  2018  2054 I chatty  : uid=1000(system) android.anim identical 8 lines
12-07 06:42:12.044  2018  2054 W InputReader: Device has associated, but no associated display id.
12-07 06:42:12.066  1776  1825 D gralloc_ranchu: gralloc_alloc: Creating ashmem region of size 10108928
12-07 06:42:12.072 12448 12488 D EGL_emulation: eglMakeCurrent: 0xe594d140: ver 2 0 (tinfo 0xc539bd10)
12-07 06:42:12.184  2962  3510 D EGL_emulation: eglMakeCurrent: 0xe597d120: ver 2 0 (tinfo 0xbffb2540)
12-07 06:42:12.279  2170  2566 D EGL_emulation: eglMakeCurrent: 0xe594e040: ver 2 0 (tinfo 0xc52450c0)
12-07 06:42:12.370  1793  2640 E SurfaceFlinger: ro.sf.lcd_density must be defined as a build property
12-07 06:42:12.373  1793  2640 E SurfaceFlinger: ro.sf.lcd_density must be defined as a build property
12-07 06:42:12.381 21306 21339 D libEGL  : Emulator has host GPU support, qemu.gles is set to 1.
12-07 06:42:12.382 21306 21339 W libc    : Unable to set property "qemu.gles" to "1": connection failed; errno=13 (Permission denied)
12-07 06:42:12.371 21306 21306 W RenderThread: type=1400 audit(0.0:263): avc: denied { write } for name="property_service" dev="tmpfs" ino=7388 scontext=u:r:untrusted_app:s0:c147,c256,c512,c768 tcontext=u:object_r:property_socket:s0 tclass=sock_file permissive=0 app=ru.iteco.fmhandroid.test
12-07 06:42:12.494 21306 21339 D libEGL  : loaded /vendor/lib/egl/libEGL_emulation.so
12-07 06:42:12.501 21306 21339 D libEGL  : loaded /vendor/lib/egl/libGLESv1_CM_emulation.so
12-07 06:42:12.517 21306 21339 D libEGL  : loaded /vendor/lib/egl/libGLESv2_emulation.so
12-07 06:42:12.535  2018  9359 I ActivityTaskManager: START u0 {act=android.intent.action.MAIN cat=[android.intent.category.LAUNCHER] cmp=ru.iteco.fmhandroid/.ui.AppActivity} from uid 10146
12-07 06:42:12.559  2018  5645 W InputReader: Device has associated, but no associated display id.
12-07 06:42:12.562  2018  5645 I chatty  : uid=1000(system) Binder:2018_15 identical 38 lines
12-07 06:42:12.562  2018  5645 W InputReader: Device has associated, but no associated display id.
12-07 06:42:12.563 21251 21251 W ActivityThread: handleWindowVisibility: no activity for token android.os.BinderProxy@74190a2
12-07 06:42:12.565  2018  5645 W InputReader: Device has associated, but no associated display id.
12-07 06:42:12.569  2018  5645 I chatty  : uid=1000(system) Binder:2018_15 identical 18 lines
12-07 06:42:12.569  2018  5645 W InputReader: Device has associated, but no associated display id.
12-07 06:42:12.595  1793  2640 E SurfaceFlinger: ro.sf.lcd_density must be defined as a build property
12-07 06:42:12.597  1793  2640 E SurfaceFlinger: ro.sf.lcd_density must be defined as a build property
12-07 06:42:12.608 21251 21343 D libEGL  : Emulator has host GPU support, qemu.gles is set to 1.
12-07 06:42:12.610 21251 21343 W libc    : Unable to set property "qemu.gles" to "1": connection failed; errno=13 (Permission denied)
12-07 06:42:12.601 21251 21251 W RenderThread: type=1400 audit(0.0:264): avc: denied { write } for name="property_service" dev="tmpfs" ino=7388 scontext=u:r:untrusted_app:s0:c146,c256,c512,c768 tcontext=u:object_r:property_socket:s0 tclass=sock_file permissive=0 app=ru.iteco.fmhandroid
12-07 06:42:12.708 21251 21343 D libEGL  : loaded /vendor/lib/egl/libEGL_emulation.so
12-07 06:42:12.716 21251 21343 D libEGL  : loaded /vendor/lib/egl/libGLESv1_CM_emulation.so
12-07 06:42:12.724 21251 21343 D libEGL  : loaded /vendor/lib/egl/libGLESv2_emulation.so
12-07 06:42:12.799  2962 20840 I PBSessionCacheImpl: Deleted sessionId[635179242495] from persistence.
12-07 06:42:12.819 21251 21251 D LifecycleMonitor: Lifecycle status change: ru.iteco.fmhandroid.ui.AppActivity@4d99d8f in: PRE_ON_CREATE
12-07 06:42:12.820 21251 21251 V ActivityScenario: Activity lifecycle changed event received but ignored because the reported transition was not ON_CREATE while the last known transition was PRE_ON_CREATE
12-07 06:42:12.874 21251 21283 V FA      : onActivityCreated
12-07 06:42:12.883 21251 21251 E teco.fmhandroi: Invalid ID 0x00000000.
12-07 06:42:12.943 21251 21251 W teco.fmhandroi: Accessing hidden method Landroid/view/View;->computeFitSystemWindows(Landroid/graphics/Rect;Landroid/graphics/Rect;)Z (greylist, reflection, allowed)
12-07 06:42:12.945 21251 21251 W teco.fmhandroi: Accessing hidden method Landroid/view/ViewGroup;->makeOptionalFitsSystemWindows()V (greylist, reflection, allowed)
12-07 06:42:12.949  2962  3348 W SearchServiceCore: Abort, client detached.
12-07 06:42:13.091  2962  3009 I earchbox:searc: WaitForGcToComplete blocked Background on ProfileSaver for 198.690ms
12-07 06:42:13.240 21251 21251 D NetworkSecurityConfig: No Network Security Config specified, using platform default
12-07 06:42:13.271 21251 21251 W teco.fmhandroi: Accessing hidden method Ljava/lang/invoke/MethodHandles$Lookup;-><init>(Ljava/lang/Class;I)V (greylist, reflection, allowed)
12-07 06:42:13.557 21251 21251 D LifecycleMonitor: Lifecycle status change: ru.iteco.fmhandroid.ui.AppActivity@4d99d8f in: CREATED
12-07 06:42:13.559 21251 21251 V ActivityScenario: Update currentActivityStage to CREATED, currentActivity=ru.iteco.fmhandroid.ui.AppActivity@4d99d8f
12-07 06:42:14.104 21251 21251 D LifecycleMonitor: Lifecycle status change: ru.iteco.fmhandroid.ui.AppActivity@4d99d8f in: STARTED
12-07 06:42:14.105 21251 21251 V ActivityScenario: Update currentActivityStage to STARTED, currentActivity=ru.iteco.fmhandroid.ui.AppActivity@4d99d8f
12-07 06:42:14.110 21251 21251 D LifecycleMonitor: Lifecycle status change: ru.iteco.fmhandroid.ui.AppActivity@4d99d8f in: RESUMED
12-07 06:42:14.110 21251 21251 V ActivityScenario: Update currentActivityStage to RESUMED, currentActivity=ru.iteco.fmhandroid.ui.AppActivity@4d99d8f
12-07 06:42:14.111 21251 21289 V FA      : Activity resumed, time: 29399204
12-07 06:42:14.121 21251 21295 W FileTestStorage: Test input args is not supported.
12-07 06:42:14.140 21251 21289 I FA      : Tag Manager is not found and thus will not be used
12-07 06:42:14.187 21251 21295 W teco.fmhandroi: Accessing hidden method Lsun/misc/Unsafe;->getUnsafe()Lsun/misc/Unsafe; (greylist,core-platform-api, linking, allowed)
12-07 06:42:14.187 21251 21295 W teco.fmhandroi: Accessing hidden method Lsun/misc/Unsafe;->objectFieldOffset(Ljava/lang/reflect/Field;)J (greylist,core-platform-api, linking, allowed)
12-07 06:42:14.188 21251 21295 W teco.fmhandroi: Accessing hidden method Lsun/misc/Unsafe;->putObject(Ljava/lang/Object;JLjava/lang/Object;)V (greylist, linking, allowed)
12-07 06:42:14.199 21251 21295 W teco.fmhandroi: Accessing hidden method Lsun/misc/Unsafe;->compareAndSwapObject(Ljava/lang/Object;JLjava/lang/Object;Ljava/lang/Object;)Z (greylist, linking, allowed)
12-07 06:42:14.200 21251 21295 W teco.fmhandroi: Accessing hidden method Lsun/misc/Unsafe;->getObject(Ljava/lang/Object;J)Ljava/lang/Object; (greylist, linking, allowed)
12-07 06:42:14.222 21251 21251 W teco.fmhandroi: Accessing hidden method Landroid/os/MessageQueue;->next()Landroid/os/Message; (greylist, reflection, allowed)
12-07 06:42:14.223 21251 21251 W teco.fmhandroi: Accessing hidden field Landroid/os/MessageQueue;->mMessages:Landroid/os/Message; (greylist, reflection, allowed)
12-07 06:42:14.224 21251 21251 W teco.fmhandroi: Accessing hidden method Landroid/os/Message;->recycleUnchecked()V (greylist, reflection, allowed)
12-07 06:42:14.286 21251 21264 I teco.fmhandroi: NativeAlloc concurrent copying GC freed 37468(3222KB) AllocSpace objects, 14(280KB) LOS objects, 49% free, 3286KB/6573KB, paused 1.885ms total 205.198ms
12-07 06:42:14.318  2873 21298 V FA-SVC  : Logging event: origin=auto,name=screen_view(_vs),params=Bundle[{ga_event_origin(_o)=auto, ga_screen_class(_sc)=AppActivity, ga_screen_id(_si)=9009933922979444366}]
12-07 06:42:14.370 21251 21340 D HostConnection: HostConnection::get() New Host Connection established 0xdd856dc0, tid 21340
12-07 06:42:14.412  2873 21298 V FA-SVC  : Upload scheduled in approximately ms: 3430865
12-07 06:42:14.413  2873 21298 V FA-SVC  : Unscheduling upload
12-07 06:42:14.425 21251 21340 D HostConnection: HostComposition ext ANDROID_EMU_CHECKSUM_HELPER_v1 ANDROID_EMU_dma_v1 ANDROID_EMU_direct_mem ANDROID_EMU_host_composition_v1 ANDROID_EMU_host_composition_v2 ANDROID_EMU_vulkan ANDROID_EMU_deferred_vulkan_commands ANDROID_EMU_vulkan_null_optional_strings ANDROID_EMU_vulkan_create_resources_with_requirements ANDROID_EMU_YUV_Cache ANDROID_EMU_vulkan_ignored_handles ANDROID_EMU_vulkan_free_memory_sync ANDROID_EMU_vulkan_shader_float16_int8 ANDROID_EMU_vulkan_async_queue_submit ANDROID_EMU_sync_buffer_data GL_OES_vertex_array_object GL_KHR_texture_compression_astc_ldr ANDROID_EMU_host_side_tracing ANDROID_EMU_gles_max_version_2 
12-07 06:42:14.434  2873 21298 V FA-SVC  : Scheduling upload, millis: 3430865
12-07 06:42:14.443  2873 21298 V FA-SVC  : Background event processing time, ms: 130
12-07 06:42:14.470 21251 21340 W OpenGLRenderer: Failed to choose config with EGL_SWAP_BEHAVIOR_PRESERVED, retrying without...
12-07 06:42:14.591  2656 18533 E SQLiteDatabase: Error inserting flex_time=3430000 job_id=-1 period=6862000 source=16 requires_charging=0 preferred_network_type=1 target_class=com.google.android.gms.measurement.PackageMeasurementTaskService user_id=0 target_package=com.google.android.gms tag=Measurement.PackageMeasurementTaskService.UPLOAD_TASK_TAG task_type=0 required_idleness_state=0 service_kind=0 source_version=202414000 persistence_level=1 preferred_charging_state=1 required_network_type=0 runtime=1670395334467 retry_strategy={"maximum_backoff_seconds":{"3600":0},"initial_backoff_seconds":{"30":0},"retry_policy":{"0":0}} last_runtime=0
12-07 06:42:14.591  2656 18533 E SQLiteDatabase: android.database.sqlite.SQLiteConstraintException: UNIQUE constraint failed: pending_ops.tag, pending_ops.target_class, pending_ops.target_package, pending_ops.user_id (code 2067 SQLITE_CONSTRAINT_UNIQUE)
12-07 06:42:14.591  2656 18533 E SQLiteDatabase: 	at android.database.sqlite.SQLiteConnection.nativeExecuteForLastInsertedRowId(Native Method)
12-07 06:42:14.591  2656 18533 E SQLiteDatabase: 	at android.database.sqlite.SQLiteConnection.executeForLastInsertedRowId(SQLiteConnection.java:879)
12-07 06:42:14.591  2656 18533 E SQLiteDatabase: 	at android.database.sqlite.SQLiteSession.executeForLastInsertedRowId(SQLiteSession.java:790)
12-07 06:42:14.591  2656 18533 E SQLiteDatabase: 	at android.database.sqlite.SQLiteStatement.executeInsert(SQLiteStatement.java:88)
12-07 06:42:14.591  2656 18533 E SQLiteDatabase: 	at android.database.sqlite.SQLiteDatabase.insertWithOnConflict(SQLiteDatabase.java:1599)
12-07 06:42:14.591  2656 18533 E SQLiteDatabase: 	at android.database.sqlite.SQLiteDatabase.insert(SQLiteDatabase.java:1468)
12-07 06:42:14.591  2656 18533 E SQLiteDatabase: 	at aqui.a(:com.google.android.gms@202414022@20.24.14 (040700-319035315):175)
12-07 06:42:14.591  2656 18533 E SQLiteDatabase: 	at aqtk.a(:com.google.android.gms@202414022@20.24.14 (040700-319035315):182)
12-07 06:42:14.591  2656 18533 E SQLiteDatabase: 	at aqtk.a(:com.google.android.gms@202414022@20.24.14 (040700-319035315):23)
12-07 06:42:14.591  2656 18533 E SQLiteDatabase: 	at aqtk.a(:com.google.android.gms@202414022@20.24.14 (040700-319035315):177)
12-07 06:42:14.591  2656 18533 E SQLiteDatabase: 	at aqpu.run(:com.google.android.gms@202414022@20.24.14 (040700-319035315):9)
12-07 06:42:14.591  2656 18533 E SQLiteDatabase: 	at soy.b(:com.google.android.gms@202414022@20.24.14 (040700-319035315):12)
12-07 06:42:14.591  2656 18533 E SQLiteDatabase: 	at soy.run(:com.google.android.gms@202414022@20.24.14 (040700-319035315):7)
12-07 06:42:14.591  2656 18533 E SQLiteDatabase: 	at java.util.concurrent.ThreadPoolExecutor.runWorker(ThreadPoolExecutor.java:1167)
12-07 06:42:14.591  2656 18533 E SQLiteDatabase: 	at java.util.concurrent.ThreadPoolExecutor$Worker.run(ThreadPoolExecutor.java:641)
12-07 06:42:14.591  2656 18533 E SQLiteDatabase: 	at sux.run(:com.google.android.gms@202414022@20.24.14 (040700-319035315):0)
12-07 06:42:14.591  2656 18533 E SQLiteDatabase: 	at java.lang.Thread.run(Thread.java:919)
12-07 06:42:14.639 21251 21340 D EGL_emulation: eglCreateContext: 0xdd81b3e0: maj 2 min 0 rcv 2
12-07 06:42:14.659 21251 21340 D EGL_emulation: eglMakeCurrent: 0xdd81b3e0: ver 2 0 (tinfo 0xc31c87b0)
12-07 06:42:14.679  1776  1825 D gralloc_ranchu: gralloc_alloc: Creating ashmem region of size 10108928
12-07 06:42:14.687  1648  1648 I hwservicemanager: getTransport: Cannot find entry android.hardware.graphics.mapper@3.0::IMapper/default in either framework or device manifest.
12-07 06:42:14.687 21251 21340 W Gralloc3: mapper 3.x is not supported
12-07 06:42:14.697 21251 21340 D HostConnection: createUnique: call
12-07 06:42:14.697 21251 21340 D HostConnection: HostConnection::get() New Host Connection established 0xdd856a00, tid 21340
12-07 06:42:14.699 21251 21340 D HostConnection: HostComposition ext ANDROID_EMU_CHECKSUM_HELPER_v1 ANDROID_EMU_dma_v1 ANDROID_EMU_direct_mem ANDROID_EMU_host_composition_v1 ANDROID_EMU_host_composition_v2 ANDROID_EMU_vulkan ANDROID_EMU_deferred_vulkan_commands ANDROID_EMU_vulkan_null_optional_strings ANDROID_EMU_vulkan_create_resources_with_requirements ANDROID_EMU_YUV_Cache ANDROID_EMU_vulkan_ignored_handles ANDROID_EMU_vulkan_free_memory_sync ANDROID_EMU_vulkan_shader_float16_int8 ANDROID_EMU_vulkan_async_queue_submit ANDROID_EMU_sync_buffer_data GL_OES_vertex_array_object GL_KHR_texture_compression_astc_ldr ANDROID_EMU_host_side_tracing ANDROID_EMU_gles_max_version_2 
12-07 06:42:14.703 21251 21340 D eglCodecCommon: allocate: Ask for block of size 0x1000
12-07 06:42:14.704 21251 21340 D eglCodecCommon: allocate: ioctl allocate returned offset 0x3ffff8000 size 0x2000
12-07 06:42:14.712  1776  1825 D gralloc_ranchu: gralloc_alloc: Creating ashmem region of size 10108928
12-07 06:42:14.715  1776  1825 D gralloc_ranchu: gralloc_alloc: Creating ashmem region of size 10108928
12-07 06:42:14.715 21251 21340 D EGL_emulation: eglMakeCurrent: 0xdd81b3e0: ver 2 0 (tinfo 0xc31c87b0)
12-07 06:42:15.075 21251 21251 I Choreographer: Skipped 50 frames!  The application may be doing too much work on its main thread.
12-07 06:42:15.242  2018  2058 I ActivityTaskManager: Displayed ru.iteco.fmhandroid/.ui.AppActivity: +3s805ms
12-07 06:42:15.247 21251 21251 W teco.fmhandroi: Accessing hidden method Landroid/view/WindowManagerGlobal;->getInstance()Landroid/view/WindowManagerGlobal; (greylist, reflection, allowed)
12-07 06:42:15.247 21251 21251 W teco.fmhandroi: Accessing hidden field Landroid/view/WindowManagerGlobal;->mViews:Ljava/util/ArrayList; (greylist, reflection, allowed)
12-07 06:42:15.247 21251 21251 W teco.fmhandroi: Accessing hidden field Landroid/view/WindowManagerGlobal;->mParams:Ljava/util/ArrayList; (greylist, reflection, allowed)
12-07 06:42:15.264 21251 21251 I ViewInteraction: Performing 'wait for a specific view with <(an instance of android.widget.TextView and view.getText() with or without transformation to match: is "Authorization" and view.getParent() view.getParent() view.getId() is <2131231186>)> during 10000 millis.' action on view view.getRootView() to equal view
12-07 06:42:15.306  2170  2566 D EGL_emulation: eglMakeCurrent: 0xe594e040: ver 2 0 (tinfo 0xc52450c0)
12-07 06:42:17.111 21251 21251 W teco.fmhandroi: Accessing hidden field Lsun/misc/Unsafe;->theUnsafe:Lsun/misc/Unsafe; (greylist, reflection, allowed)
12-07 06:42:17.111 21251 21251 W teco.fmhandroi: Accessing hidden method Lsun/misc/Unsafe;->allocateInstance(Ljava/lang/Class;)Ljava/lang/Object; (greylist, reflection, allowed)
12-07 06:42:17.143 21251 21355 I okhttp.OkHttpClient: --> GET http://www.981757-ca08998.tmweb.ru:8080/fmh/authentication/userInfo
12-07 06:42:17.143 21251 21355 I okhttp.OkHttpClient: --> END GET
12-07 06:42:17.180  1744 21356 E ResolverController: No valid NAT64 prefix (100, <unspecified>/0)
12-07 06:42:17.523 21251 21355 I okhttp.OkHttpClient: <-- 200 http://www.981757-ca08998.tmweb.ru:8080/fmh/authentication/userInfo (379ms)
12-07 06:42:17.523 21251 21355 I okhttp.OkHttpClient: Vary: Origin
12-07 06:42:17.524 21251 21355 I okhttp.OkHttpClient: Vary: Access-Control-Request-Method
12-07 06:42:17.524 21251 21355 I okhttp.OkHttpClient: Vary: Access-Control-Request-Headers
12-07 06:42:17.524 21251 21355 I okhttp.OkHttpClient: X-Content-Type-Options: nosniff
12-07 06:42:17.524 21251 21355 I okhttp.OkHttpClient: X-XSS-Protection: 1; mode=block
12-07 06:42:17.524 21251 21355 I okhttp.OkHttpClient: Cache-Control: no-cache, no-store, max-age=0, must-revalidate
12-07 06:42:17.524 21251 21355 I okhttp.OkHttpClient: Pragma: no-cache
12-07 06:42:17.524 21251 21355 I okhttp.OkHttpClient: Expires: 0
12-07 06:42:17.524 21251 21355 I okhttp.OkHttpClient: X-Frame-Options: DENY
12-07 06:42:17.524 21251 21355 I okhttp.OkHttpClient: Content-Type: application/json
12-07 06:42:17.524 21251 21355 I okhttp.OkHttpClient: Transfer-Encoding: chunked
12-07 06:42:17.524 21251 21355 I okhttp.OkHttpClient: Date: Wed, 07 Dec 2022 06:42:19 GMT
12-07 06:42:17.525 21251 21355 I okhttp.OkHttpClient: Keep-Alive: timeout=60
12-07 06:42:17.525 21251 21355 I okhttp.OkHttpClient: Connection: keep-alive
12-07 06:42:17.529 21251 21355 I okhttp.OkHttpClient: {"id":2,"firstName":"Данил","lastName":"Иванов","middleName":"Данилович","admin":true}
12-07 06:42:17.529 21251 21355 I okhttp.OkHttpClient: <-- END HTTP (106-byte body)
12-07 06:42:17.605 21251 21359 I okhttp.OkHttpClient: --> GET http://www.981757-ca08998.tmweb.ru:8080/fmh/claims
12-07 06:42:17.605 21251 21359 I okhttp.OkHttpClient: --> END GET
12-07 06:42:17.977  2018  2058 E memtrack: Couldn't load memtrack module
12-07 06:42:17.977  2018  2058 W android.os.Debug: failed to get memory consumption info: -1
12-07 06:42:18.403  2656 20469 I LogUtils: [Places]: ?: Couldn't find platform key file. [CONTEXT service_id=253 ]
12-07 06:42:18.418  2656 20469 I LogUtils: [Places]: ?: Couldn't find platform key file. [CONTEXT service_id=253 ]
12-07 06:42:18.461  2656 21147 I LogUtils: [Places]: ?: PlacesBleScanner stop() [CONTEXT service_id=253 ]
12-07 06:42:18.471  2656  2656 I BeaconBle: Scan : No clients left, canceling alarm. [CONTEXT service_id=111 ]
12-07 06:42:18.474  2656  2656 I BeaconBle: Scan canceled successfully. [CONTEXT service_id=111 ]
12-07 06:42:18.488  2656 21147 I PlacesLogger: [PlaceInferenceEngine]: [anon] Changed inference mode: 0 [CONTEXT service_id=253 ]
12-07 06:42:18.516  2656  3542 W GCoreFlp: No location to return for getLastLocation()
12-07 06:42:18.665  2656 21149 I LogUtils: [Places]: ?: Couldn't find platform key file. [CONTEXT service_id=253 ]
12-07 06:42:18.674  2656 21103 I LogUtils: [Places]: ?: Couldn't find platform key file. [CONTEXT service_id=253 ]
12-07 06:42:18.725  2656  2671 I .gms.persisten: Background young concurrent copying GC freed 63730(3245KB) AllocSpace objects, 29(1700KB) LOS objects, 33% free, 9698KB/14MB, paused 1.105ms total 551.802ms
12-07 06:42:18.797  3300  3342 I e.process.gapp: Background concurrent copying GC freed 41605(1365KB) AllocSpace objects, 0(0B) LOS objects, 52% free, 1382KB/2918KB, paused 1.212ms total 305.638ms
12-07 06:42:18.890  2656  2656 I GeofencerStateMachine: removeGeofences: removeRequest=RemoveGeofencingRequest[REMOVE_BY_PENDING_INTENT pendingIntent=PendingIntent[creatorPackage=com.google.android.gms], packageName=com.google.android.gms]
12-07 06:42:20.275 21251 21359 I okhttp.OkHttpClient: <-- 200 http://www.981757-ca08998.tmweb.ru:8080/fmh/claims (2669ms)
12-07 06:42:20.275 21251 21359 I okhttp.OkHttpClient: Vary: Origin
12-07 06:42:20.275 21251 21359 I okhttp.OkHttpClient: Vary: Access-Control-Request-Method
12-07 06:42:20.275 21251 21359 I okhttp.OkHttpClient: Vary: Access-Control-Request-Headers
12-07 06:42:20.276 21251 21359 I okhttp.OkHttpClient: X-Content-Type-Options: nosniff
12-07 06:42:20.276 21251 21359 I okhttp.OkHttpClient: X-XSS-Protection: 1; mode=block
12-07 06:42:20.276 21251 21359 I okhttp.OkHttpClient: Cache-Control: no-cache, no-store, max-age=0, must-revalidate
12-07 06:42:20.276 21251 21359 I okhttp.OkHttpClient: Pragma: no-cache
12-07 06:42:20.276 21251 21359 I okhttp.OkHttpClient: Expires: 0
12-07 06:42:20.276 21251 21359 I okhttp.OkHttpClient: X-Frame-Options: DENY
12-07 06:42:20.276 21251 21359 I okhttp.OkHttpClient: Content-Type: application/json
12-07 06:42:20.277 21251 21359 I okhttp.OkHttpClient: Transfer-Encoding: chunked
12-07 06:42:20.277 21251 21359 I okhttp.OkHttpClient: Date: Wed, 07 Dec 2022 06:42:22 GMT
12-07 06:42:20.277 21251 21359 I okhttp.OkHttpClient: Keep-Alive: timeout=60
12-07 06:42:20.277 21251 21359 I okhttp.OkHttpClient: Connection: keep-alive
12-07 06:42:21.485 21251 21251 I Choreographer: Skipped 234 frames!  The application may be doing too much work on its main thread.
12-07 06:42:21.611 21251 21289 V FA      : Inactivity, disconnecting from the service
12-07 06:42:22.019 12448 12508 E ActivityThread: Failed to find provider info for com.google.android.apps.wellbeing.api
12-07 06:42:22.339 21251 21251 I Choreographer: Skipped 42 frames!  The application may be doing too much work on its main thread.
12-07 06:42:22.818  2962  3348 I WorkerManager: dispose()
12-07 06:42:22.822  2962  3348 W ThreadPoolDumper: Queue length for executor EventBus is now 11. Perhaps some tasks are too long, or the pool is too small.
12-07 06:42:22.901 21251 21264 I teco.fmhandroi: Background young concurrent copying GC freed 16468(933KB) AllocSpace objects, 1(16KB) LOS objects, 11% free, 5807KB/6551KB, paused 1.132ms total 164.822ms
12-07 06:42:23.176 21251 21251 I Choreographer: Skipped 38 frames!  The application may be doing too much work on its main thread.
12-07 06:42:23.489  2656  2656 I BeaconBle: Scan : No clients left, canceling alarm. [CONTEXT service_id=111 ]
12-07 06:42:25.374 21251 21251 D takeScreenshot: Found 1 global views to redraw
12-07 06:42:25.446  1776  1825 D gralloc_ranchu: gralloc_alloc: Creating ashmem region of size 10108928
12-07 06:42:25.512  1648  1648 I hwservicemanager: getTransport: Cannot find entry android.hardware.graphics.mapper@3.0::IMapper/default in either framework or device manifest.
12-07 06:42:25.512 21235 21250 W Gralloc3: mapper 3.x is not supported
12-07 06:42:25.662 21235 21250 D HostConnection: createUnique: call
12-07 06:42:25.668 21235 21250 D HostConnection: HostConnection::get() New Host Connection established 0xe8d564e0, tid 21250
12-07 06:42:25.697 21235 21250 D HostConnection: HostComposition ext ANDROID_EMU_CHECKSUM_HELPER_v1 ANDROID_EMU_dma_v1 ANDROID_EMU_direct_mem ANDROID_EMU_host_composition_v1 ANDROID_EMU_host_composition_v2 ANDROID_EMU_vulkan ANDROID_EMU_deferred_vulkan_commands ANDROID_EMU_vulkan_null_optional_strings ANDROID_EMU_vulkan_create_resources_with_requirements ANDROID_EMU_YUV_Cache ANDROID_EMU_vulkan_ignored_handles ANDROID_EMU_vulkan_free_memory_sync ANDROID_EMU_vulkan_shader_float16_int8 ANDROID_EMU_vulkan_async_queue_submit ANDROID_EMU_sync_buffer_data GL_OES_vertex_array_object GL_KHR_texture_compression_astc_ldr ANDROID_EMU_host_side_tracing ANDROID_EMU_gles_max_version_2 
12-07 06:42:25.700 21235 21250 D eglCodecCommon: allocate: Ask for block of size 0x1000
12-07 06:42:25.700 21235 21250 D eglCodecCommon: allocate: ioctl allocate returned offset 0x3ffff6000 size 0x2000
12-07 06:42:25.727  1793  1898 E SurfaceFlinger: ro.sf.lcd_density must be defined as a build property
12-07 06:42:25.730  1793  1898 E SurfaceFlinger: ro.sf.lcd_density must be defined as a build property
12-07 06:42:25.737 21235 21371 D libEGL  : Emulator has host GPU support, qemu.gles is set to 1.
12-07 06:42:25.777 21235 21371 W libc    : Unable to set property "qemu.gles" to "1": error code: 0x18
12-07 06:42:25.780 21235 21371 D libEGL  : loaded /vendor/lib/egl/libEGL_emulation.so
12-07 06:42:25.785 21235 21371 D libEGL  : loaded /vendor/lib/egl/libGLESv1_CM_emulation.so
12-07 06:42:25.789 21235 21371 D libEGL  : loaded /vendor/lib/egl/libGLESv2_emulation.so
12-07 06:42:25.806 21235 21371 D HostConnection: HostConnection::get() New Host Connection established 0xe8d563f0, tid 21371
12-07 06:42:25.809 21235 21371 D HostConnection: HostComposition ext ANDROID_EMU_CHECKSUM_HELPER_v1 ANDROID_EMU_dma_v1 ANDROID_EMU_direct_mem ANDROID_EMU_host_composition_v1 ANDROID_EMU_host_composition_v2 ANDROID_EMU_vulkan ANDROID_EMU_deferred_vulkan_commands ANDROID_EMU_vulkan_null_optional_strings ANDROID_EMU_vulkan_create_resources_with_requirements ANDROID_EMU_YUV_Cache ANDROID_EMU_vulkan_ignored_handles ANDROID_EMU_vulkan_free_memory_sync ANDROID_EMU_vulkan_shader_float16_int8 ANDROID_EMU_vulkan_async_queue_submit ANDROID_EMU_sync_buffer_data GL_OES_vertex_array_object GL_KHR_texture_compression_astc_ldr ANDROID_EMU_host_side_tracing ANDROID_EMU_gles_max_version_2 
12-07 06:42:25.828 21235 21371 W OpenGLRenderer: Failed to choose config with EGL_SWAP_BEHAVIOR_PRESERVED, retrying without...
12-07 06:42:25.931 21235 21371 D EGL_emulation: eglCreateContext: 0xd3a28360: maj 2 min 0 rcv 2
12-07 06:42:25.939 21235 21371 D EGL_emulation: eglMakeCurrent: 0xd3a28360: ver 2 0 (tinfo 0xd3a0f380)
12-07 06:42:26.151 21251 21295 W DefaultFailureHandler: Failed to take screenshot
12-07 06:42:26.151 21251 21295 W DefaultFailureHandler: java.io.FileNotFoundException: view-op-error-1.png: open failed: EROFS (Read-only file system)
12-07 06:42:26.151 21251 21295 W DefaultFailureHandler: 	at libcore.io.IoBridge.open(IoBridge.java:496)
12-07 06:42:26.151 21251 21295 W DefaultFailureHandler: 	at java.io.FileOutputStream.<init>(FileOutputStream.java:235)
12-07 06:42:26.151 21251 21295 W DefaultFailureHandler: 	at java.io.FileOutputStream.<init>(FileOutputStream.java:125)
12-07 06:42:26.151 21251 21295 W DefaultFailureHandler: 	at androidx.test.platform.io.FileTestStorage.openOutputFile(FileTestStorage.java:60)
12-07 06:42:26.151 21251 21295 W DefaultFailureHandler: 	at androidx.test.core.graphics.BitmapStorage.writeToTestStorage(BitmapStorageExt.kt:49)
12-07 06:42:26.151 21251 21295 W DefaultFailureHandler: 	at androidx.test.espresso.base.DefaultFailureHandler.takeScreenshot(DefaultFailureHandler.java:4)
12-07 06:42:26.151 21251 21295 W DefaultFailureHandler: 	at androidx.test.espresso.base.DefaultFailureHandler.handle(DefaultFailureHandler.java:3)
12-07 06:42:26.151 21251 21295 W DefaultFailureHandler: 	at androidx.test.espresso.ViewInteraction.waitForAndHandleInteractionResults(ViewInteraction.java:8)
12-07 06:42:26.151 21251 21295 W DefaultFailureHandler: 	at androidx.test.espresso.ViewInteraction.desugaredPerform(ViewInteraction.java:11)
12-07 06:42:26.151 21251 21295 W DefaultFailureHandler: 	at androidx.test.espresso.ViewInteraction.perform(ViewInteraction.java:8)
12-07 06:42:26.151 21251 21295 W DefaultFailureHandler: 	at ru.iteco.fmhandroid.ui.data.TestUtils.waitView(TestUtils.java:61)
12-07 06:42:26.151 21251 21295 W DefaultFailureHandler: 	at ru.iteco.fmhandroid.ui.steps.AuthSteps.isAuthScreen(AuthSteps.java:56)
12-07 06:42:26.151 21251 21295 W DefaultFailureHandler: 	at ru.iteco.fmhandroid.ui.FilterNewsPageTest.logoutCheck(FilterNewsPageTest.java:53)
12-07 06:42:26.151 21251 21295 W DefaultFailureHandler: 	at java.lang.reflect.Method.invoke(Native Method)
12-07 06:42:26.151 21251 21295 W DefaultFailureHandler: 	at org.junit.runners.model.FrameworkMethod$1.runReflectiveCall(FrameworkMethod.java:59)
12-07 06:42:26.151 21251 21295 W DefaultFailureHandler: 	at org.junit.internal.runners.model.ReflectiveCallable.run(ReflectiveCallable.java:12)
12-07 06:42:26.151 21251 21295 W DefaultFailureHandler: 	at org.junit.runners.model.FrameworkMethod.invokeExplosively(FrameworkMethod.java:56)
12-07 06:42:26.151 21251 21295 W DefaultFailureHandler: 	at androidx.test.internal.runner.junit4.statement.RunBefores.evaluate(RunBefores.java:76)
12-07 06:42:26.151 21251 21295 W DefaultFailureHandler: 	at io.qameta.allure.android.rules.ScreenshotRule$apply$1.evaluate(ScreenshotRule.kt:22)
12-07 06:42:26.151 21251 21295 W DefaultFailureHandler: 	at org.junit.rules.ExternalResource$1.evaluate(ExternalResource.java:54)
12-07 06:42:26.151 21251 21295 W DefaultFailureHandler: 	at io.qameta.allure.android.rules.LogcatRule$apply$1.evaluate(LogcatRule.kt:23)
12-07 06:42:26.151 21251 21295 W DefaultFailureHandler: 	at org.junit.rules.RunRules.evaluate(RunRules.java:20)
12-07 06:42:26.151 21251 21295 W DefaultFailureHandler: 	at org.junit.runners.ParentRunner$3.evaluate(ParentRunner.java:306)
12-07 06:42:26.151 21251 21295 W DefaultFailureHandler: 	at org.junit.runners.BlockJUnit4ClassRunner$1.evaluate(BlockJUnit4ClassRunner.java:100)
12-07 06:42:26.151 21251 21295 W DefaultFailureHandler: 	at org.junit.runners.ParentRunner.runLeaf(ParentRunner.java:366)
12-07 06:42:26.151 21251 21295 W DefaultFailureHandler: 	at org.junit.runners.BlockJUnit4ClassRunner.runChild(BlockJUnit4ClassRunner.java:103)
12-07 06:42:26.151 21251 21295 W DefaultFailureHandler: 	at org.junit.runners.BlockJUnit4ClassRunner.runChild(BlockJUnit4ClassRunner.java:63)
12-07 06:42:26.151 21251 21295 W DefaultFailureHandler: 	at org.junit.runners.ParentRunner$4.run(ParentRunner.java:331)
12-07 06:42:26.151 21251 21295 W DefaultFailureHandler: 	at org.junit.runners.ParentRunner$1.schedule(ParentRunner.java:79)
12-07 06:42:26.151 21251 21295 W DefaultFailureHandler: 	at org.junit.runners.ParentRunner.runChildren(ParentRunner.java:329)
12-07 06:42:26.151 21251 21295 W DefaultFailureHandler: 	at org.junit.runners.ParentRunner.access$100(ParentRunner.java:66)
12-07 06:42:26.151 21251 21295 W DefaultFailureHandler: 	at org.junit.runners.ParentRunner$2.evaluate(ParentRunner.java:293)
12-07 06:42:26.151 21251 21295 W DefaultFailureHandler: 	at org.junit.runners.ParentRunner$3.evaluate(ParentRunner.java:306)
12-07 06:42:26.151 21251 21295 W DefaultFailureHandler: 	at org.junit.runners.ParentRunner.run(ParentRunner.java:413)
12-07 06:42:26.151 21251 21295 W DefaultFailureHandler: 	at androidx.test.ext.junit.runners.AndroidJUnit4.run(AndroidJUnit4.java:162)
12-07 06:42:26.151 21251 21295 W DefaultFailureHandler: 	at io.qameta.allure.android.runners.AllureAndroidJUnit4.run(AllureAndroidJUnitRunners.kt:29)
12-07 06:42:26.151 21251 21295 W DefaultFailureHandler: 	at org.junit.runners.Suite.runChild(Suite.java:128)
12-07 06:42:26.151 21251 21295 W DefaultFailureHandler: 	at org.junit.runners.Suite.runChild(Suite.java:27)
12-07 06:42:26.151 21251 21295 W DefaultFailureHandler: 	at org.junit.runners.ParentRunner$4.run(ParentRunner.java:331)
12-07 06:42:26.151 21251 21295 W DefaultFailureHandler: 	at org.junit.runners.ParentRunner$1.schedule(ParentRunner.java:79)
12-07 06:42:26.151 21251 21295 W DefaultFailureHandler: 	at org.junit.runners.ParentRunner.runChildren(ParentRunner.java:329)
12-07 06:42:26.151 21251 21295 W DefaultFailureHandler: 	at org.junit.runners.ParentRunner.access$100(ParentRunner.java:66)
12-07 06:42:26.151 21251 21295 W DefaultFailureHandler: 	at org.junit.runners.ParentRunner$2.evaluate(ParentRunner.java:293)
12-07 06:42:26.151 21251 21295 W DefaultFailureHandler: 	at org.junit.runners.ParentRunner$3.evaluate(ParentRunner.java:306)
12-07 06:42:26.151 21251 21295 W DefaultFailureHandler: 	at org.junit.runners.ParentRunner.run(ParentRunner.java:413)
12-07 06:42:26.151 21251 21295 W DefaultFailureHandler: 	at org.junit.runner.JUnitCore.run(JUnitCore.java:137)
12-07 06:42:26.151 21251 21295 W DefaultFailureHandler: 	at org.junit.runner.JUnitCore.run(JUnitCore.java:115)
12-07 06:42:26.151 21251 21295 W DefaultFailureHandler: 	at androidx.test.internal.runner.TestExecutor.execute(TestExecutor.java:67)
12-07 06:42:26.151 21251 21295 W DefaultFailureHandler: 	at androidx.test.internal.runner.TestExecutor.execute(TestExecutor.java:58)
12-07 06:42:26.151 21251 21295 W DefaultFailureHandler: 	at androidx.test.runner.AndroidJUnitRunner.onStart(AndroidJUnitRunner.java:438)
12-07 06:42:26.151 21251 21295 W DefaultFailureHandler: 	at android.app.Instrumentation$InstrumentationThread.run(Instrumentation.java:2189)
12-07 06:42:26.151 21251 21295 W DefaultFailureHandler: Caused by: android.system.ErrnoException: open failed: EROFS (Read-only file system)
12-07 06:42:26.151 21251 21295 W DefaultFailureHandler: 	at libcore.io.Linux.open(Native Method)
12-07 06:42:26.151 21251 21295 W DefaultFailureHandler: 	at libcore.io.ForwardingOs.open(ForwardingOs.java:167)
12-07 06:42:26.151 21251 21295 W DefaultFailureHandler: 	at libcore.io.BlockGuardOs.open(BlockGuardOs.java:252)
12-07 06:42:26.151 21251 21295 W DefaultFailureHandler: 	at libcore.io.ForwardingOs.open(ForwardingOs.java:167)
12-07 06:42:26.151 21251 21295 W DefaultFailureHandler: 	at android.app.ActivityThread$AndroidOs.open(ActivityThread.java:7255)
12-07 06:42:26.151 21251 21295 W DefaultFailureHandler: 	at libcore.io.IoBridge.open(IoBridge.java:482)
12-07 06:42:26.151 21251 21295 W DefaultFailureHandler: 	... 50 more
12-07 06:42:26.165 21251 21251 I ViewInteraction: Performing 'wait for a specific view with <view.getId() is <2131230870>> during 10000 millis.' action on view view.getRootView() to equal view
12-07 06:42:26.166 21251 21295 W teco.fmhandroi: Accessing hidden method Lsun/misc/Unsafe;->compareAndSwapObject(Ljava/lang/Object;JLjava/lang/Object;Ljava/lang/Object;)Z (greylist, linking, allowed)
12-07 06:42:26.185 21251 21295 W teco.fmhandroi: Accessing hidden method Lsun/misc/Unsafe;->compareAndSwapObject(Ljava/lang/Object;JLjava/lang/Object;Ljava/lang/Object;)Z (greylist, linking, allowed)
12-07 06:42:26.195 21251 21251 I ViewInteraction: Checking 'MatchesViewAssertion{viewMatcher=(view has effective visibility <VISIBLE> and view.getGlobalVisibleRect() to return non-empty rectangle)}' assertion on view view.getId() is <2131230870/ru.iteco.fmhandroid:id/authorization_image_button>
12-07 06:42:26.206 21251 21295 W teco.fmhandroi: Accessing hidden method Landroid/view/ViewConfiguration;->getDoubleTapMinTime()I (greylist, reflection, allowed)
12-07 06:42:26.212 21251 21295 W teco.fmhandroi: Accessing hidden method Lsun/misc/Unsafe;->compareAndSwapObject(Ljava/lang/Object;JLjava/lang/Object;Ljava/lang/Object;)Z (greylist, linking, allowed)
12-07 06:42:26.224 21251 21251 I ViewInteraction: Performing 'single click' action on view view.getId() is <2131230870/ru.iteco.fmhandroid:id/authorization_image_button>
12-07 06:42:26.465  1764  6994 W audio_hw_generic: Not supplying enough data to HAL, expected position 45172993 , only wrote 45172740
12-07 06:42:26.516  1776  1825 D gralloc_ranchu: gralloc_alloc: Creating ashmem region of size 884736
12-07 06:42:26.524  1776  1825 I chatty  : uid=1000(system) HwBinder:1776_1 identical 1 line
12-07 06:42:26.527  1776  1825 D gralloc_ranchu: gralloc_alloc: Creating ashmem region of size 884736
12-07 06:42:26.550 21251 21340 D EGL_emulation: eglMakeCurrent: 0xdd81b3e0: ver 2 0 (tinfo 0xc31c87b0)
12-07 06:42:26.631 21251 21340 I chatty  : uid=10146(ru.iteco.fmhandroid) RenderThread identical 3 lines
12-07 06:42:26.673 21251 21340 D EGL_emulation: eglMakeCurrent: 0xdd81b3e0: ver 2 0 (tinfo 0xc31c87b0)
12-07 06:42:26.909 21251 21295 W teco.fmhandroi: Accessing hidden method Lsun/misc/Unsafe;->compareAndSwapObject(Ljava/lang/Object;JLjava/lang/Object;Ljava/lang/Object;)Z (greylist, linking, allowed)
12-07 06:42:26.917 21251 21251 I ViewInteraction: Performing 'wait for a specific view with <an instance of android.widget.TextView and view.getText() with or without transformation to match: is "Log out"> during 10000 millis.' action on view view.getRootView() to equal view
12-07 06:42:26.923 21251 21251 I ViewInteraction: Checking 'MatchesViewAssertion{viewMatcher=(view has effective visibility <VISIBLE> and view.getGlobalVisibleRect() to return non-empty rectangle)}' assertion on view an instance of android.widget.TextView and view.getText() with or without transformation to match: is "Log out"
12-07 06:42:26.927 21251 21251 I ViewInteraction: Performing 'single click' action on view an instance of android.widget.TextView and view.getText() with or without transformation to match: is "Log out"
