--------- beginning of main
12-08 04:21:36.187  2170  2170 D StatusBar: disable<e i a s b h r c s > disable2<q i n >
12-08 04:21:36.236  2170  2566 D EGL_emulation: eglMakeCurrent: 0xe594e040: ver 2 0 (tinfo 0xc52450c0)
12-08 04:21:36.242  1776  1825 D gralloc_ranchu: gralloc_alloc: Creating ashmem region of size 10108928
12-08 04:21:36.253  2170  2566 D EGL_emulation: eglMakeCurrent: 0xe594e040: ver 2 0 (tinfo 0xc52450c0)
12-08 04:21:36.260  1764  1764 W audio_hw_generic: Not supplying enough data to HAL, expected position 123876375 , only wrote 123441750
12-08 04:21:36.289  1776  1825 D gralloc_ranchu: gralloc_alloc: Creating ashmem region of size 10108928
12-08 04:21:36.314  2170  2170 D StatusBar: disable<e i a s b h r c s > disable2<q i n >
12-08 04:21:36.365  1776  1825 D gralloc_ranchu: gralloc_alloc: Creating ashmem region of size 10108928
12-08 04:21:36.571  5025  5759 I okhttp.OkHttpClient: <-- 200 http://www.981757-ca08998.tmweb.ru:8080/fmh/news (2598ms)
12-08 04:21:36.571  5025  5759 I okhttp.OkHttpClient: Vary: Origin
12-08 04:21:36.571  5025  5759 I okhttp.OkHttpClient: Vary: Access-Control-Request-Method
12-08 04:21:36.572  5025  5759 I okhttp.OkHttpClient: Vary: Access-Control-Request-Headers
12-08 04:21:36.572  5025  5759 I okhttp.OkHttpClient: X-Content-Type-Options: nosniff
12-08 04:21:36.572  5025  5759 I okhttp.OkHttpClient: X-XSS-Protection: 1; mode=block
12-08 04:21:36.572  5025  5759 I okhttp.OkHttpClient: Cache-Control: no-cache, no-store, max-age=0, must-revalidate
12-08 04:21:36.573  5025  5759 I okhttp.OkHttpClient: Pragma: no-cache
12-08 04:21:36.573  5025  5759 I okhttp.OkHttpClient: Expires: 0
12-08 04:21:36.573  5025  5759 I okhttp.OkHttpClient: X-Frame-Options: DENY
12-08 04:21:36.573  5025  5759 I okhttp.OkHttpClient: Content-Type: application/json
12-08 04:21:36.574  5025  5759 I okhttp.OkHttpClient: Transfer-Encoding: chunked
12-08 04:21:36.574  5025  5759 I okhttp.OkHttpClient: Date: Thu, 08 Dec 2022 09:21:38 GMT
12-08 04:21:36.575  5025  5759 I okhttp.OkHttpClient: Keep-Alive: timeout=60
12-08 04:21:36.575  5025  5759 I okhttp.OkHttpClient: Connection: keep-alive
12-08 04:21:36.582  5025  5698 I okhttp.OkHttpClient: <-- 200 http://www.981757-ca08998.tmweb.ru:8080/fmh/news (2601ms)
12-08 04:21:36.582  5025  5698 I okhttp.OkHttpClient: Vary: Origin
12-08 04:21:36.582  5025  5698 I okhttp.OkHttpClient: Vary: Access-Control-Request-Method
12-08 04:21:36.582  5025  5698 I okhttp.OkHttpClient: Vary: Access-Control-Request-Headers
12-08 04:21:36.582  5025  5698 I okhttp.OkHttpClient: X-Content-Type-Options: nosniff
12-08 04:21:36.583  5025  5698 I okhttp.OkHttpClient: X-XSS-Protection: 1; mode=block
12-08 04:21:36.583  5025  5698 I okhttp.OkHttpClient: Cache-Control: no-cache, no-store, max-age=0, must-revalidate
12-08 04:21:36.583  5025  5698 I okhttp.OkHttpClient: Pragma: no-cache
12-08 04:21:36.583  5025  5698 I okhttp.OkHttpClient: Expires: 0
12-08 04:21:36.583  5025  5698 I okhttp.OkHttpClient: X-Frame-Options: DENY
12-08 04:21:36.583  5025  5698 I okhttp.OkHttpClient: Content-Type: application/json
12-08 04:21:36.584  5025  5698 I okhttp.OkHttpClient: Transfer-Encoding: chunked
12-08 04:21:36.584  5025  5698 I okhttp.OkHttpClient: Date: Thu, 08 Dec 2022 09:21:38 GMT
12-08 04:21:36.584  5025  5698 I okhttp.OkHttpClient: Keep-Alive: timeout=60
12-08 04:21:36.584  5025  5698 I okhttp.OkHttpClient: Connection: keep-alive
12-08 04:21:37.240  5025  5076 I QueryController: Matched selector: UiSelector[DESCRIPTION=Airplane mode] <<==>> [android.view.accessibility.AccessibilityNodeInfo@6d9e1; boundsInParent: Rect(0, 0 - 292, 292); boundsInScreen: Rect(736, 804 - 1028, 1096); packageName: com.android.systemui; className: android.widget.Switch; text: Off; error: null; maxTextLength: -1; contentDescription: Airplane mode; tooltipText: null; viewIdResName: null; checkable: true; checked: false; focusable: true; focused: false; selected: false; clickable: true; longClickable: true; contextClickable: false; enabled: true; password: false; scrollable: false; importantForAccessibility: true; visible: true; actions: [AccessibilityAction: ACTION_FOCUS - null, AccessibilityAction: ACTION_SELECT - null, AccessibilityAction: ACTION_CLEAR_SELECTION - null, AccessibilityAction: ACTION_CLICK - null, AccessibilityAction: ACTION_ACCESSIBILITY_FOCUS - null, AccessibilityAction: ACTION_NEXT_AT_MOVEMENT_GRANULARITY - null, AccessibilityAction: ACTION_PREVIOUS_AT_MOVEMENT_GRANULARITY - null, AccessibilityAction: ACTION_SET_SELECTION - null, AccessibilityAction: ACTION_SHOW_ON_SCREEN - null, AccessibilityAction: ACTION_LONG_CLICK - Open settings]]
--------- beginning of system
12-08 04:21:37.252  2018  2051 D AutofillManagerService: onBackKeyPressed()
12-08 04:21:37.805  2018  2053 I system_server: Explicit concurrent copying GC freed 84291(3681KB) AllocSpace objects, 15(364KB) LOS objects, 27% free, 15MB/21MB, paused 653us total 130.987ms
12-08 04:21:37.889  2170  2170 V StatusBar: mStatusBarWindow: com.android.systemui.statusbar.phone.StatusBarWindowView{4752fa5 V.E...... ........ 0,0-1080,2340} canPanelBeCollapsed(): true
12-08 04:21:37.908  2170  2170 D StatusBar: disable<e i a s b h r c s > disable2<q i n >
12-08 04:21:37.888  2018  2051 D AutofillManagerService: onBackKeyPressed()
12-08 04:21:37.917  2018 15480 I ActivityTaskManager: START u0 {act=android.intent.action.MAIN cat=[android.intent.category.LAUNCHER] flg=0x10000000 cmp=ru.iteco.fmhandroid.test/androidx.test.core.app.InstrumentationActivityInvoker$EmptyActivity} from uid 10146
12-08 04:21:37.951  5025  5025 D LifecycleMonitor: Lifecycle status change: ru.iteco.fmhandroid.ui.AppActivity@9833240 in: PAUSED
12-08 04:21:37.951  5025  5025 V ActivityScenario: Update currentActivityStage to PAUSED, currentActivity=ru.iteco.fmhandroid.ui.AppActivity@9833240
12-08 04:21:37.953  2018  3051 W InputReader: Device has associated, but no associated display id.
12-08 04:21:37.957  2018  3051 I chatty  : uid=1000(system) Binder:2018_E identical 38 lines
12-08 04:21:37.957  2018  3051 W InputReader: Device has associated, but no associated display id.
12-08 04:21:37.960  5088  5088 W ActivityThread: handleWindowVisibility: no activity for token android.os.BinderProxy@798384a
12-08 04:21:37.963  2018  3051 W InputReader: Device has associated, but no associated display id.
12-08 04:21:37.963  2018  3051 I chatty  : uid=1000(system) Binder:2018_E identical 8 lines
12-08 04:21:37.963  2018  3051 W InputReader: Device has associated, but no associated display id.
12-08 04:21:37.980  5025  5638 V FA      : Recording user engagement, ms: 2495
12-08 04:21:37.985  2170  2170 D StatusBar: disable<e i a s b h r c s > disable2<q i n >
12-08 04:21:38.019  2170  2566 D EGL_emulation: eglMakeCurrent: 0xe594e040: ver 2 0 (tinfo 0xc52450c0)
12-08 04:21:38.023  2018  3060 I ActivityTaskManager: START u0 {act=android.intent.action.MAIN cat=[android.intent.category.LAUNCHER] flg=0x10000000 cmp=ru.iteco.fmhandroid.test/androidx.test.core.app.InstrumentationActivityInvoker$EmptyActivity} from uid 10146
12-08 04:21:38.034  1776  1825 D gralloc_ranchu: gralloc_alloc: Creating ashmem region of size 286720
12-08 04:21:38.048  1776  1825 D gralloc_ranchu: gralloc_alloc: Creating ashmem region of size 10108928
12-08 04:21:38.054  1776  1825 I chatty  : uid=1000(system) HwBinder:1776_1 identical 1 line
12-08 04:21:38.058  1776  1825 D gralloc_ranchu: gralloc_alloc: Creating ashmem region of size 10108928
12-08 04:21:38.061  5088  5120 D EGL_emulation: eglMakeCurrent: 0xdd81a420: ver 2 0 (tinfo 0xdd80f7b0)
12-08 04:21:38.105  2170  2566 D EGL_emulation: eglMakeCurrent: 0xe594e040: ver 2 0 (tinfo 0xc52450c0)
12-08 04:21:38.133  1776  1825 D gralloc_ranchu: gralloc_alloc: Creating ashmem region of size 286720
12-08 04:21:38.134  2018  3051 W InputReader: Device has associated, but no associated display id.
12-08 04:21:38.143  2018  3051 I chatty  : uid=1000(system) Binder:2018_E identical 48 lines
12-08 04:21:38.143  2018  3051 W InputReader: Device has associated, but no associated display id.
12-08 04:21:38.151  1776  1825 D gralloc_ranchu: gralloc_alloc: Creating ashmem region of size 286720
12-08 04:21:38.156  5088  5088 W ActivityThread: handleWindowVisibility: no activity for token android.os.BinderProxy@e238a25
12-08 04:21:38.160  5025  5638 V FA      : Activity paused, time: 55061129
12-08 04:21:38.167  2873  5647 V FA-SVC  : Logging event: origin=auto,name=user_engagement(_e),params=Bundle[{ga_event_origin(_o)=auto, engagement_time_msec(_et)=2495, ga_screen_class(_sc)=AppActivity, ga_screen_id(_si)=6720884523431342225}]
12-08 04:21:38.183  2873  5647 V FA-SVC  : Upload scheduled in approximately ms: 3016966
12-08 04:21:38.183  2873  5647 V FA-SVC  : Unscheduling upload
12-08 04:21:38.185  2018  3051 W ActivityTaskManager: Duplicate finish request for ActivityRecord{1c11cb0 u0 ru.iteco.fmhandroid/.ui.AppActivity t264 f}
12-08 04:21:38.195  2873  5647 V FA-SVC  : Scheduling upload, millis: 3016966
12-08 04:21:38.203  2873  5647 V FA-SVC  : Background event processing time, ms: 36
12-08 04:21:38.237  1776  1825 D gralloc_ranchu: gralloc_alloc: Creating ashmem region of size 10108928
12-08 04:21:38.248  1776  1825 I chatty  : uid=1000(system) HwBinder:1776_1 identical 1 line
12-08 04:21:38.249  1776  1825 D gralloc_ranchu: gralloc_alloc: Creating ashmem region of size 10108928
12-08 04:21:38.249  5088  5120 D EGL_emulation: eglMakeCurrent: 0xdd81a420: ver 2 0 (tinfo 0xdd80f7b0)
12-08 04:21:38.276  2018  2054 W InputReader: Device has associated, but no associated display id.
12-08 04:21:38.277  2018  2054 I chatty  : uid=1000(system) android.anim identical 18 lines
12-08 04:21:38.277  2018  2054 W InputReader: Device has associated, but no associated display id.
12-08 04:21:38.280  2018  2058 I ActivityTaskManager: Displayed ru.iteco.fmhandroid.test/androidx.test.core.app.InstrumentationActivityInvoker$EmptyActivity: +184ms
12-08 04:21:38.293  2018  3051 W InputReader: Device has associated, but no associated display id.
12-08 04:21:38.294  2018  3051 I chatty  : uid=1000(system) Binder:2018_E identical 8 lines
12-08 04:21:38.294  2018  3051 W InputReader: Device has associated, but no associated display id.
12-08 04:21:38.299  5025  5123 D EGL_emulation: eglMakeCurrent: 0xe593dc60: ver 2 0 (tinfo 0xf0cc0390)
12-08 04:21:38.327  2018  3060 W InputReader: Device has associated, but no associated display id.
12-08 04:21:38.327  2018  3060 I chatty  : uid=1000(system) Binder:2018_F identical 8 lines
12-08 04:21:38.327  2018  3060 W InputReader: Device has associated, but no associated display id.
12-08 04:21:38.338  5025  5025 D AutofillManager: onActivityFinishing(): calling cancelLocked()
12-08 04:21:38.339  5025  5025 D LifecycleMonitor: Lifecycle status change: ru.iteco.fmhandroid.ui.AppActivity@9833240 in: STOPPED
12-08 04:21:38.339  5025  5025 V ActivityScenario: Update currentActivityStage to STOPPED, currentActivity=ru.iteco.fmhandroid.ui.AppActivity@9833240
12-08 04:21:38.346  2656  5574 E SQLiteDatabase: Error inserting flex_time=3016000 job_id=-1 period=6034000 source=16 requires_charging=0 preferred_network_type=1 target_class=com.google.android.gms.measurement.PackageMeasurementTaskService user_id=0 target_package=com.google.android.gms tag=Measurement.PackageMeasurementTaskService.UPLOAD_TASK_TAG task_type=0 required_idleness_state=0 service_kind=0 source_version=202414000 persistence_level=1 preferred_charging_state=1 required_network_type=0 runtime=1670491298238 retry_strategy={"maximum_backoff_seconds":{"3600":0},"initial_backoff_seconds":{"30":0},"retry_policy":{"0":0}} last_runtime=0
12-08 04:21:38.346  2656  5574 E SQLiteDatabase: android.database.sqlite.SQLiteConstraintException: UNIQUE constraint failed: pending_ops.tag, pending_ops.target_class, pending_ops.target_package, pending_ops.user_id (code 2067 SQLITE_CONSTRAINT_UNIQUE)
12-08 04:21:38.346  2656  5574 E SQLiteDatabase: 	at android.database.sqlite.SQLiteConnection.nativeExecuteForLastInsertedRowId(Native Method)
12-08 04:21:38.346  2656  5574 E SQLiteDatabase: 	at android.database.sqlite.SQLiteConnection.executeForLastInsertedRowId(SQLiteConnection.java:879)
12-08 04:21:38.346  2656  5574 E SQLiteDatabase: 	at android.database.sqlite.SQLiteSession.executeForLastInsertedRowId(SQLiteSession.java:790)
12-08 04:21:38.346  2656  5574 E SQLiteDatabase: 	at android.database.sqlite.SQLiteStatement.executeInsert(SQLiteStatement.java:88)
12-08 04:21:38.346  2656  5574 E SQLiteDatabase: 	at android.database.sqlite.SQLiteDatabase.insertWithOnConflict(SQLiteDatabase.java:1599)
12-08 04:21:38.346  2656  5574 E SQLiteDatabase: 	at android.database.sqlite.SQLiteDatabase.insert(SQLiteDatabase.java:1468)
12-08 04:21:38.346  2656  5574 E SQLiteDatabase: 	at aqui.a(:com.google.android.gms@202414022@20.24.14 (040700-319035315):175)
12-08 04:21:38.346  2656  5574 E SQLiteDatabase: 	at aqtk.a(:com.google.android.gms@202414022@20.24.14 (040700-319035315):182)
12-08 04:21:38.346  2656  5574 E SQLiteDatabase: 	at aqtk.a(:com.google.android.gms@202414022@20.24.14 (040700-319035315):23)
12-08 04:21:38.346  2656  5574 E SQLiteDatabase: 	at aqtk.a(:com.google.android.gms@202414022@20.24.14 (040700-319035315):177)
12-08 04:21:38.346  2656  5574 E SQLiteDatabase: 	at aqpu.run(:com.google.android.gms@202414022@20.24.14 (040700-319035315):9)
12-08 04:21:38.346  2656  5574 E SQLiteDatabase: 	at soy.b(:com.google.android.gms@202414022@20.24.14 (040700-319035315):12)
12-08 04:21:38.346  2656  5574 E SQLiteDatabase: 	at soy.run(:com.google.android.gms@202414022@20.24.14 (040700-319035315):7)
12-08 04:21:38.346  2656  5574 E SQLiteDatabase: 	at java.util.concurrent.ThreadPoolExecutor.runWorker(ThreadPoolExecutor.java:1167)
12-08 04:21:38.346  2656  5574 E SQLiteDatabase: 	at java.util.concurrent.ThreadPoolExecutor$Worker.run(ThreadPoolExecutor.java:641)
12-08 04:21:38.346  2656  5574 E SQLiteDatabase: 	at sux.run(:com.google.android.gms@202414022@20.24.14 (040700-319035315):0)
12-08 04:21:38.346  2656  5574 E SQLiteDatabase: 	at java.lang.Thread.run(Thread.java:919)
12-08 04:21:38.367  5025  5025 W System.err: ru.iteco.fmhandroid.exceptions.UnknownException
12-08 04:21:38.367  5025  5025 W System.err: 	at ru.iteco.fmhandroid.utils.Utils.makeRequest(Utils.kt:123)
12-08 04:21:38.367  5025  5025 W System.err: 	at ru.iteco.fmhandroid.utils.Utils$makeRequest$1.invokeSuspend(Unknown Source:15)
12-08 04:21:38.368  5025  5025 W System.err: 	at kotlin.coroutines.jvm.internal.BaseContinuationImpl.resumeWith(ContinuationImpl.kt:33)
12-08 04:21:38.368  5025  5025 W System.err: 	at kotlinx.coroutines.DispatchedTaskKt.resume(DispatchedTask.kt:234)
12-08 04:21:38.368  5025  5025 W System.err: 	at kotlinx.coroutines.DispatchedTaskKt.resumeUnconfined(DispatchedTask.kt:190)
12-08 04:21:38.368  5025  5025 W System.err: 	at kotlinx.coroutines.DispatchedTaskKt.dispatch(DispatchedTask.kt:161)
12-08 04:21:38.368  5025  5025 W System.err: 	at kotlinx.coroutines.CancellableContinuationImpl.dispatchResume(CancellableContinuationImpl.kt:397)
12-08 04:21:38.368  5025  5025 W System.err: 	at kotlinx.coroutines.CancellableContinuationImpl.cancel(CancellableContinuationImpl.kt:183)
12-08 04:21:38.368  5025  5025 W System.err: 	at kotlinx.coroutines.CancellableContinuationImpl.parentCancelled$kotlinx_coroutines_core(CancellableContinuationImpl.kt:190)
12-08 04:21:38.368  5025  5025 W System.err: 	at kotlinx.coroutines.ChildContinuation.invoke(JobSupport.kt:1474)
12-08 04:21:38.368  5025  5025 W System.err: 	at kotlinx.coroutines.JobSupport.notifyCancelling(JobSupport.kt:1499)
12-08 04:21:38.368  5025  5025 W System.err: 	at kotlinx.coroutines.JobSupport.tryMakeCancelling(JobSupport.kt:795)
12-08 04:21:38.368  5025  5025 W System.err: 	at kotlinx.coroutines.JobSupport.makeCancelling(JobSupport.kt:755)
12-08 04:21:38.368  5025  5025 W System.err: 	at kotlinx.coroutines.JobSupport.cancelImpl$kotlinx_coroutines_core(JobSupport.kt:671)
12-08 04:21:38.369  5025  5025 W System.err: 	at kotlinx.coroutines.JobSupport.parentCancelled(JobSupport.kt:637)
12-08 04:21:38.369  5025  5025 W System.err: 	at kotlinx.coroutines.ChildHandleNode.invoke(JobSupport.kt:1465)
12-08 04:21:38.369  5025  5025 W System.err: 	at kotlinx.coroutines.JobSupport.notifyCancelling(JobSupport.kt:1499)
12-08 04:21:38.369  5025  5025 W System.err: 	at kotlinx.coroutines.JobSupport.tryMakeCompletingSlowPath(JobSupport.kt:900)
12-08 04:21:38.369  5025  5025 W System.err: 	at kotlinx.coroutines.JobSupport.tryMakeCompleting(JobSupport.kt:863)
12-08 04:21:38.372  1776  1825 D gralloc_ranchu: gralloc_alloc: Creating ashmem region of size 10108928
12-08 04:21:38.373  5025  5025 W System.err: 	at kotlinx.coroutines.JobSupport.cancelMakeCompleting(JobSupport.kt:696)
12-08 04:21:38.373  5025  5025 W System.err: 	at kotlinx.coroutines.JobSupport.cancelImpl$kotlinx_coroutines_core(JobSupport.kt:667)
12-08 04:21:38.373  5025  5025 W System.err: 	at kotlinx.coroutines.JobSupport.cancelInternal(JobSupport.kt:632)
12-08 04:21:38.373  5025  5025 W System.err: 	at kotlinx.coroutines.JobSupport.cancel(JobSupport.kt:617)
12-08 04:21:38.373  5025  5025 W System.err: 	at kotlinx.coroutines.JobKt__JobKt.cancel(Job.kt:561)
12-08 04:21:38.373  5025  5025 W System.err: 	at kotlinx.coroutines.JobKt.cancel(Unknown Source:1)
12-08 04:21:38.373  5025  5025 W System.err: 	at kotlinx.coroutines.JobKt__JobKt.cancel$default(Job.kt:560)
12-08 04:21:38.373  5025  5025 W System.err: 	at kotlinx.coroutines.JobKt.cancel$default(Unknown Source:1)
12-08 04:21:38.373  5025  5025 W System.err: 	at androidx.lifecycle.CloseableCoroutineScope.close(ViewModel.kt:51)
12-08 04:21:38.373  5025  5025 W System.err: 	at androidx.lifecycle.ViewModel.closeWithRuntimeException(ViewModel.java:188)
12-08 04:21:38.373  5025  5025 W System.err: 	at androidx.lifecycle.ViewModel.clear(ViewModel.java:134)
12-08 04:21:38.373  5025  5025 W System.err: 	at androidx.lifecycle.ViewModelStore.clear(ViewModelStore.java:62)
12-08 04:21:38.373  5025  5025 W System.err: 	at androidx.fragment.app.FragmentManagerViewModel.clearNonConfigStateInternal(FragmentManagerViewModel.java:210)
12-08 04:21:38.381  5025  5025 W System.err: 	at androidx.fragment.app.FragmentManagerViewModel.clearNonConfigState(FragmentManagerViewModel.java:190)
12-08 04:21:38.381  5025  5025 W System.err: 	at androidx.fragment.app.FragmentStateManager.destroy(FragmentStateManager.java:778)
12-08 04:21:38.381  5025  5025 W System.err: 	at androidx.fragment.app.FragmentStateManager.moveToExpectedState(FragmentStateManager.java:335)
12-08 04:21:38.382  5025  5025 W System.err: 	at androidx.fragment.app.FragmentStore.moveToExpectedState(FragmentStore.java:121)
12-08 04:21:38.382  5025  5025 W System.err: 	at androidx.fragment.app.FragmentManager.moveToState(FragmentManager.java:1374)
12-08 04:21:38.382  5025  5025 W System.err: 	at androidx.fragment.app.FragmentManager.dispatchStateChange(FragmentManager.java:2841)
12-08 04:21:38.382  5025  5025 W System.err: 	at androidx.fragment.app.FragmentManager.dispatchDestroy(FragmentManager.java:2820)
12-08 04:21:38.383  5025  5025 W System.err: 	at androidx.fragment.app.Fragment.performDestroy(Fragment.java:3246)
12-08 04:21:38.383  5025  5025 W System.err: 	at androidx.fragment.app.FragmentStateManager.destroy(FragmentStateManager.java:780)
12-08 04:21:38.383  5025  5025 W System.err: 	at androidx.fragment.app.FragmentStateManager.moveToExpectedState(FragmentStateManager.java:335)
12-08 04:21:38.384  5025  5025 W System.err: 	at androidx.fragment.app.SpecialEffectsController$FragmentStateManagerOperation.complete(SpecialEffectsController.java:771)
12-08 04:21:38.384  5025  5025 W System.err: 	at androidx.fragment.app.SpecialEffectsController$Operation.cancel(SpecialEffectsController.java:615)
12-08 04:21:38.384  5025  5025 W System.err: 	at androidx.fragment.app.SpecialEffectsController.forceCompleteAllOperations(SpecialEffectsController.java:350)
12-08 04:21:38.385  5025  5025 W System.err: 	at androidx.fragment.app.FragmentManager.dispatchStateChange(FragmentManager.java:2844)
12-08 04:21:38.385  5025  5025 W System.err: 	at androidx.fragment.app.FragmentManager.dispatchDestroy(FragmentManager.java:2820)
12-08 04:21:38.385  5025  5025 W System.err: 	at androidx.fragment.app.FragmentController.dispatchDestroy(FragmentController.java:345)
12-08 04:21:38.386  5025  5025 W System.err: 	at androidx.fragment.app.FragmentActivity.onDestroy(FragmentActivity.java:306)
12-08 04:21:38.386  5025  5025 W System.err: 	at androidx.appcompat.app.AppCompatActivity.onDestroy(AppCompatActivity.java:278)
12-08 04:21:38.387  5025  5025 W System.err: 	at android.app.Activity.performDestroy(Activity.java:8048)
12-08 04:21:38.387  1776  1825 D gralloc_ranchu: gralloc_alloc: Creating ashmem region of size 10108928
12-08 04:21:38.387  5025  5025 W System.err: 	at android.app.Instrumentation.callActivityOnDestroy(Instrumentation.java:1334)
12-08 04:21:38.387  5025  5025 W System.err: 	at androidx.test.runner.MonitoringInstrumentation.callActivityOnDestroy(MonitoringInstrumentation.java:766)
12-08 04:21:38.387  5025  5025 W System.err: 	at android.app.ActivityThread.performDestroyActivity(ActivityThread.java:4926)
12-08 04:21:38.387  5025  5025 W System.err: 	at android.app.ActivityThread.handleDestroyActivity(ActivityThread.java:4970)
12-08 04:21:38.387  5025  5025 W System.err: 	at android.app.servertransaction.DestroyActivityItem.execute(DestroyActivityItem.java:44)
12-08 04:21:38.388  1776  1927 D gralloc_ranchu: gralloc_alloc: Creating ashmem region of size 10108928
12-08 04:21:38.388  5025  5025 W System.err: 	at android.app.servertransaction.TransactionExecutor.executeLifecycleState(TransactionExecutor.java:176)
12-08 04:21:38.388  5025  5025 W System.err: 	at android.app.servertransaction.TransactionExecutor.execute(TransactionExecutor.java:97)
12-08 04:21:38.388  5025  5025 W System.err: 	at android.app.ActivityThread$H.handleMessage(ActivityThread.java:2016)
12-08 04:21:38.388  5025  5025 W System.err: 	at android.os.Handler.dispatchMessage(Handler.java:107)
12-08 04:21:38.389  5025  5025 W System.err: 	at android.os.Looper.loop(Looper.java:214)
12-08 04:21:38.389  5025  5025 W System.err: 	at android.app.ActivityThread.main(ActivityThread.java:7356)
12-08 04:21:38.389  5025  5025 W System.err: 	at java.lang.reflect.Method.invoke(Native Method)
12-08 04:21:38.389  5025  5025 W System.err: 	at com.android.internal.os.RuntimeInit$MethodAndArgsCaller.run(RuntimeInit.java:492)
12-08 04:21:38.389  5025  5025 W System.err: 	at com.android.internal.os.ZygoteInit.main(ZygoteInit.java:930)
12-08 04:21:38.390  1776  1927 D gralloc_ranchu: gralloc_alloc: Creating ashmem region of size 10108928
12-08 04:21:38.400  2962  3510 D EGL_emulation: eglMakeCurrent: 0xe597d120: ver 2 0 (tinfo 0xbffb2540)
12-08 04:21:38.409  1776  1927 D gralloc_ranchu: gralloc_alloc: Creating ashmem region of size 10108928
12-08 04:21:38.417 12448 12488 D EGL_emulation: eglMakeCurrent: 0xe594d140: ver 2 0 (tinfo 0xc539bd10)
12-08 04:21:38.421  1776  1927 D gralloc_ranchu: gralloc_alloc: Creating ashmem region of size 10108928
12-08 04:21:38.422  5025  5420 I okhttp.OkHttpClient: <-- HTTP FAILED: java.io.IOException: Canceled
12-08 04:21:38.428  5025  5025 W System.err: ru.iteco.fmhandroid.exceptions.UnknownException
12-08 04:21:38.429  5025  5025 W System.err: 	at ru.iteco.fmhandroid.utils.Utils.makeRequest(Utils.kt:123)
12-08 04:21:38.429  5025  5025 W System.err: 	at ru.iteco.fmhandroid.utils.Utils$makeRequest$1.invokeSuspend(Unknown Source:15)
12-08 04:21:38.429  5025  5025 W System.err: 	at kotlin.coroutines.jvm.internal.BaseContinuationImpl.resumeWith(ContinuationImpl.kt:33)
12-08 04:21:38.429  5025  5025 W System.err: 	at kotlinx.coroutines.DispatchedTaskKt.resume(DispatchedTask.kt:234)
12-08 04:21:38.430  5025  5025 W System.err: 	at kotlinx.coroutines.DispatchedTaskKt.resumeUnconfined(DispatchedTask.kt:190)
12-08 04:21:38.430  5025  5025 W System.err: 	at kotlinx.coroutines.DispatchedTaskKt.dispatch(DispatchedTask.kt:161)
12-08 04:21:38.431  5025  5025 W System.err: 	at kotlinx.coroutines.CancellableContinuationImpl.dispatchResume(CancellableContinuationImpl.kt:397)
12-08 04:21:38.432  5025  5025 W System.err: 	at kotlinx.coroutines.CancellableContinuationImpl.cancel(CancellableContinuationImpl.kt:183)
12-08 04:21:38.432  5025  5025 W System.err: 	at kotlinx.coroutines.CancellableContinuationImpl.parentCancelled$kotlinx_coroutines_core(CancellableContinuationImpl.kt:190)
12-08 04:21:38.432  5025  5025 W System.err: 	at kotlinx.coroutines.ChildContinuation.invoke(JobSupport.kt:1474)
12-08 04:21:38.432  5025  5025 W System.err: 	at kotlinx.coroutines.JobSupport.notifyCancelling(JobSupport.kt:1499)
12-08 04:21:38.432  5025  5025 W System.err: 	at kotlinx.coroutines.JobSupport.tryMakeCancelling(JobSupport.kt:795)
12-08 04:21:38.433  5025  5025 W System.err: 	at kotlinx.coroutines.JobSupport.makeCancelling(JobSupport.kt:755)
12-08 04:21:38.433  5025  5025 W System.err: 	at kotlinx.coroutines.JobSupport.cancelImpl$kotlinx_coroutines_core(JobSupport.kt:671)
12-08 04:21:38.433  5025  5025 W System.err: 	at kotlinx.coroutines.JobSupport.parentCancelled(JobSupport.kt:637)
12-08 04:21:38.433  5025  5025 W System.err: 	at kotlinx.coroutines.ChildHandleNode.invoke(JobSupport.kt:1465)
12-08 04:21:38.433  5025  5025 W System.err: 	at kotlinx.coroutines.JobSupport.notifyCancelling(JobSupport.kt:1499)
12-08 04:21:38.433  5025  5025 W System.err: 	at kotlinx.coroutines.JobSupport.tryMakeCompletingSlowPath(JobSupport.kt:900)
12-08 04:21:38.433  5025  5025 W System.err: 	at kotlinx.coroutines.JobSupport.tryMakeCompleting(JobSupport.kt:863)
12-08 04:21:38.433  5025  5025 W System.err: 	at kotlinx.coroutines.JobSupport.cancelMakeCompleting(JobSupport.kt:696)
12-08 04:21:38.434  5025  5025 W System.err: 	at kotlinx.coroutines.JobSupport.cancelImpl$kotlinx_coroutines_core(JobSupport.kt:667)
12-08 04:21:38.435  5025  5025 W System.err: 	at kotlinx.coroutines.JobSupport.cancelInternal(JobSupport.kt:632)
12-08 04:21:38.435  5025  5025 W System.err: 	at kotlinx.coroutines.JobSupport.cancel(JobSupport.kt:617)
12-08 04:21:38.435  5025  5025 W System.err: 	at kotlinx.coroutines.JobKt__JobKt.cancel(Job.kt:561)
12-08 04:21:38.435  5025  5025 W System.err: 	at kotlinx.coroutines.JobKt.cancel(Unknown Source:1)
12-08 04:21:38.435  5025  5025 W System.err: 	at kotlinx.coroutines.JobKt__JobKt.cancel$default(Job.kt:560)
12-08 04:21:38.435  5025  5025 W System.err: 	at kotlinx.coroutines.JobKt.cancel$default(Unknown Source:1)
12-08 04:21:38.435  5025  5025 W System.err: 	at androidx.lifecycle.CloseableCoroutineScope.close(ViewModel.kt:51)
12-08 04:21:38.436  5025  5025 W System.err: 	at androidx.lifecycle.ViewModel.closeWithRuntimeException(ViewModel.java:188)
12-08 04:21:38.436  5025  5025 W System.err: 	at androidx.lifecycle.ViewModel.clear(ViewModel.java:134)
12-08 04:21:38.437  5025  5025 W System.err: 	at androidx.lifecycle.ViewModelStore.clear(ViewModelStore.java:62)
12-08 04:21:38.437  5025  5025 W System.err: 	at androidx.fragment.app.FragmentManagerViewModel.clearNonConfigStateInternal(FragmentManagerViewModel.java:210)
12-08 04:21:38.437  5025  5025 W System.err: 	at androidx.fragment.app.FragmentManagerViewModel.clearNonConfigState(FragmentManagerViewModel.java:190)
12-08 04:21:38.438  5025  5025 W System.err: 	at androidx.fragment.app.FragmentStateManager.destroy(FragmentStateManager.java:778)
12-08 04:21:38.438  5025  5025 W System.err: 	at androidx.fragment.app.FragmentStateManager.moveToExpectedState(FragmentStateManager.java:335)
12-08 04:21:38.438  5025  5025 W System.err: 	at androidx.fragment.app.FragmentStore.moveToExpectedState(FragmentStore.java:121)
12-08 04:21:38.438  5025  5025 W System.err: 	at androidx.fragment.app.FragmentManager.moveToState(FragmentManager.java:1374)
12-08 04:21:38.438  5025  5025 W System.err: 	at androidx.fragment.app.FragmentManager.dispatchStateChange(FragmentManager.java:2841)
12-08 04:21:38.438  5025  5025 W System.err: 	at androidx.fragment.app.FragmentManager.dispatchDestroy(FragmentManager.java:2820)
12-08 04:21:38.438  5025  5025 W System.err: 	at androidx.fragment.app.Fragment.performDestroy(Fragment.java:3246)
12-08 04:21:38.439  5025  5025 W System.err: 	at androidx.fragment.app.FragmentStateManager.destroy(FragmentStateManager.java:780)
12-08 04:21:38.439  5025  5025 W System.err: 	at androidx.fragment.app.FragmentStateManager.moveToExpectedState(FragmentStateManager.java:335)
12-08 04:21:38.439  5025  5025 W System.err: 	at androidx.fragment.app.SpecialEffectsController$FragmentStateManagerOperation.complete(SpecialEffectsController.java:771)
12-08 04:21:38.439  5025  5025 W System.err: 	at androidx.fragment.app.SpecialEffectsController$Operation.cancel(SpecialEffectsController.java:615)
12-08 04:21:38.439  5025  5025 W System.err: 	at androidx.fragment.app.SpecialEffectsController.forceCompleteAllOperations(SpecialEffectsController.java:350)
12-08 04:21:38.439  5025  5025 W System.err: 	at androidx.fragment.app.FragmentManager.dispatchStateChange(FragmentManager.java:2844)
12-08 04:21:38.445  2962  3510 D EGL_emulation: eglMakeCurrent: 0xe597d120: ver 2 0 (tinfo 0xbffb2540)
12-08 04:21:38.447  5025  5025 W System.err: 	at androidx.fragment.app.FragmentManager.dispatchDestroy(FragmentManager.java:2820)
12-08 04:21:38.447  5025  5025 W System.err: 	at androidx.fragment.app.FragmentController.dispatchDestroy(FragmentController.java:345)
12-08 04:21:38.447  5025  5025 W System.err: 	at androidx.fragment.app.FragmentActivity.onDestroy(FragmentActivity.java:306)
12-08 04:21:38.447  5025  5025 W System.err: 	at androidx.appcompat.app.AppCompatActivity.onDestroy(AppCompatActivity.java:278)
12-08 04:21:38.448  5025  5025 W System.err: 	at android.app.Activity.performDestroy(Activity.java:8048)
12-08 04:21:38.448  5025  5025 W System.err: 	at android.app.Instrumentation.callActivityOnDestroy(Instrumentation.java:1334)
12-08 04:21:38.448  5025  5025 W System.err: 	at androidx.test.runner.MonitoringInstrumentation.callActivityOnDestroy(MonitoringInstrumentation.java:766)
12-08 04:21:38.449  5025  5025 W System.err: 	at android.app.ActivityThread.performDestroyActivity(ActivityThread.java:4926)
12-08 04:21:38.449  5025  5025 W System.err: 	at android.app.ActivityThread.handleDestroyActivity(ActivityThread.java:4970)
12-08 04:21:38.449  5025  5025 W System.err: 	at android.app.servertransaction.DestroyActivityItem.execute(DestroyActivityItem.java:44)
12-08 04:21:38.449  5025  5025 W System.err: 	at android.app.servertransaction.TransactionExecutor.executeLifecycleState(TransactionExecutor.java:176)
12-08 04:21:38.450  5025  5025 W System.err: 	at android.app.servertransaction.TransactionExecutor.execute(TransactionExecutor.java:97)
12-08 04:21:38.450  5025  5025 W System.err: 	at android.app.ActivityThread$H.handleMessage(ActivityThread.java:2016)
12-08 04:21:38.450  5025  5025 W System.err: 	at android.os.Handler.dispatchMessage(Handler.java:107)
12-08 04:21:38.450  5025  5025 W System.err: 	at android.os.Looper.loop(Looper.java:214)
12-08 04:21:38.450  5025  5025 W System.err: 	at android.app.ActivityThread.main(ActivityThread.java:7356)
12-08 04:21:38.450  5025  5025 W System.err: 	at java.lang.reflect.Method.invoke(Native Method)
12-08 04:21:38.450  5025  5025 W System.err: 	at com.android.internal.os.RuntimeInit$MethodAndArgsCaller.run(RuntimeInit.java:492)
12-08 04:21:38.451  5025  5025 W System.err: 	at com.android.internal.os.ZygoteInit.main(ZygoteInit.java:930)
12-08 04:21:38.451  1776  1927 D gralloc_ranchu: gralloc_alloc: Creating ashmem region of size 10108928
12-08 04:21:38.458  2018  2054 W InputReader: Device has associated, but no associated display id.
12-08 04:21:38.459  2018  2054 I chatty  : uid=1000(system) android.anim identical 8 lines
12-08 04:21:38.459  2018  2054 W InputReader: Device has associated, but no associated display id.
12-08 04:21:38.460  5025  5412 I okhttp.OkHttpClient: <-- HTTP FAILED: java.io.IOException: Canceled
12-08 04:21:38.461  5025  5025 W System.err: ru.iteco.fmhandroid.exceptions.UnknownException
12-08 04:21:38.462  5025  5025 W System.err: 	at ru.iteco.fmhandroid.utils.Utils.makeRequest(Utils.kt:123)
12-08 04:21:38.462  5025  5025 W System.err: 	at ru.iteco.fmhandroid.utils.Utils$makeRequest$1.invokeSuspend(Unknown Source:15)
12-08 04:21:38.462  5025  5025 W System.err: 	at kotlin.coroutines.jvm.internal.BaseContinuationImpl.resumeWith(ContinuationImpl.kt:33)
12-08 04:21:38.462  5025  5025 W System.err: 	at kotlinx.coroutines.DispatchedTaskKt.resume(DispatchedTask.kt:234)
12-08 04:21:38.465  5025  5025 W System.err: 	at kotlinx.coroutines.DispatchedTaskKt.resumeUnconfined(DispatchedTask.kt:190)
12-08 04:21:38.465  5025  5025 W System.err: 	at kotlinx.coroutines.DispatchedTaskKt.dispatch(DispatchedTask.kt:161)
12-08 04:21:38.465  5025  5025 W System.err: 	at kotlinx.coroutines.CancellableContinuationImpl.dispatchResume(CancellableContinuationImpl.kt:397)
12-08 04:21:38.465  5025  5025 W System.err: 	at kotlinx.coroutines.CancellableContinuationImpl.cancel(CancellableContinuationImpl.kt:183)
12-08 04:21:38.467  5025  5025 W System.err: 	at kotlinx.coroutines.CancellableContinuationImpl.parentCancelled$kotlinx_coroutines_core(CancellableContinuationImpl.kt:190)
12-08 04:21:38.467  5025  5025 W System.err: 	at kotlinx.coroutines.ChildContinuation.invoke(JobSupport.kt:1474)
12-08 04:21:38.467  5025  5025 W System.err: 	at kotlinx.coroutines.JobSupport.notifyCancelling(JobSupport.kt:1499)
12-08 04:21:38.467  5025  5025 W System.err: 	at kotlinx.coroutines.JobSupport.tryMakeCancelling(JobSupport.kt:795)
12-08 04:21:38.467  5025  5025 W System.err: 	at kotlinx.coroutines.JobSupport.makeCancelling(JobSupport.kt:755)
12-08 04:21:38.467  5025  5025 W System.err: 	at kotlinx.coroutines.JobSupport.cancelImpl$kotlinx_coroutines_core(JobSupport.kt:671)
12-08 04:21:38.467  2962  3510 D EGL_emulation: eglMakeCurrent: 0xe597d120: ver 2 0 (tinfo 0xbffb2540)
12-08 04:21:38.468  5025  5025 W System.err: 	at kotlinx.coroutines.JobSupport.parentCancelled(JobSupport.kt:637)
12-08 04:21:38.468  5025  5025 W System.err: 	at kotlinx.coroutines.ChildHandleNode.invoke(JobSupport.kt:1465)
12-08 04:21:38.468  5025  5025 W System.err: 	at kotlinx.coroutines.JobSupport.notifyCancelling(JobSupport.kt:1499)
12-08 04:21:38.469  5025  5025 W System.err: 	at kotlinx.coroutines.JobSupport.tryMakeCompletingSlowPath(JobSupport.kt:900)
12-08 04:21:38.469  5025  5025 W System.err: 	at kotlinx.coroutines.JobSupport.tryMakeCompleting(JobSupport.kt:863)
12-08 04:21:38.470  5025  5025 W System.err: 	at kotlinx.coroutines.JobSupport.cancelMakeCompleting(JobSupport.kt:696)
12-08 04:21:38.470  5025  5025 W System.err: 	at kotlinx.coroutines.JobSupport.cancelImpl$kotlinx_coroutines_core(JobSupport.kt:667)
12-08 04:21:38.471  5025  5025 W System.err: 	at kotlinx.coroutines.JobSupport.cancelInternal(JobSupport.kt:632)
12-08 04:21:38.471  5025  5025 W System.err: 	at kotlinx.coroutines.JobSupport.cancel(JobSupport.kt:617)
12-08 04:21:38.471  5025  5025 W System.err: 	at kotlinx.coroutines.JobKt__JobKt.cancel(Job.kt:561)
12-08 04:21:38.471  5025  5025 W System.err: 	at kotlinx.coroutines.JobKt.cancel(Unknown Source:1)
12-08 04:21:38.471  5025  5025 W System.err: 	at kotlinx.coroutines.JobKt__JobKt.cancel$default(Job.kt:560)
12-08 04:21:38.472  5025  5025 W System.err: 	at kotlinx.coroutines.JobKt.cancel$default(Unknown Source:1)
12-08 04:21:38.472  5025  5025 W System.err: 	at androidx.lifecycle.CloseableCoroutineScope.close(ViewModel.kt:51)
12-08 04:21:38.472  5025  5025 W System.err: 	at androidx.lifecycle.ViewModel.closeWithRuntimeException(ViewModel.java:188)
12-08 04:21:38.472  5025  5025 W System.err: 	at androidx.lifecycle.ViewModel.clear(ViewModel.java:134)
12-08 04:21:38.474  5025  5025 W System.err: 	at androidx.lifecycle.ViewModelStore.clear(ViewModelStore.java:62)
12-08 04:21:38.474  5025  5025 W System.err: 	at androidx.fragment.app.FragmentManagerViewModel.clearNonConfigStateInternal(FragmentManagerViewModel.java:210)
12-08 04:21:38.474  5025  5025 W System.err: 	at androidx.fragment.app.FragmentManagerViewModel.clearNonConfigState(FragmentManagerViewModel.java:190)
12-08 04:21:38.474  5025  5025 W System.err: 	at androidx.fragment.app.FragmentStateManager.destroy(FragmentStateManager.java:778)
12-08 04:21:38.474  5025  5025 W System.err: 	at androidx.fragment.app.FragmentStateManager.moveToExpectedState(FragmentStateManager.java:335)
12-08 04:21:38.474  5025  5025 W System.err: 	at androidx.fragment.app.FragmentStore.moveToExpectedState(FragmentStore.java:121)
12-08 04:21:38.474  5025  5025 W System.err: 	at androidx.fragment.app.FragmentManager.moveToState(FragmentManager.java:1374)
12-08 04:21:38.475  5025  5025 W System.err: 	at androidx.fragment.app.FragmentManager.dispatchStateChange(FragmentManager.java:2841)
12-08 04:21:38.476  5025  5025 W System.err: 	at androidx.fragment.app.FragmentManager.dispatchDestroy(FragmentManager.java:2820)
12-08 04:21:38.477  5025  5025 W System.err: 	at androidx.fragment.app.Fragment.performDestroy(Fragment.java:3246)
12-08 04:21:38.477  5025  5025 W System.err: 	at androidx.fragment.app.FragmentStateManager.destroy(FragmentStateManager.java:780)
12-08 04:21:38.477  1776  1927 D gralloc_ranchu: gralloc_alloc: Creating ashmem region of size 6471680
12-08 04:21:38.477  5025  5025 W System.err: 	at androidx.fragment.app.FragmentStateManager.moveToExpectedState(FragmentStateManager.java:335)
12-08 04:21:38.477  5025  5025 W System.err: 	at androidx.fragment.app.SpecialEffectsController$FragmentStateManagerOperation.complete(SpecialEffectsController.java:771)
12-08 04:21:38.477  5025  5025 W System.err: 	at androidx.fragment.app.SpecialEffectsController$Operation.cancel(SpecialEffectsController.java:615)
12-08 04:21:38.478  5025  5025 W System.err: 	at androidx.fragment.app.SpecialEffectsController.forceCompleteAllOperations(SpecialEffectsController.java:350)
12-08 04:21:38.478  5025  5025 W System.err: 	at androidx.fragment.app.FragmentManager.dispatchStateChange(FragmentManager.java:2844)
12-08 04:21:38.478  5025  5025 W System.err: 	at androidx.fragment.app.FragmentManager.dispatchDestroy(FragmentManager.java:2820)
12-08 04:21:38.478  5025  5025 W System.err: 	at androidx.fragment.app.FragmentController.dispatchDestroy(FragmentController.java:345)
12-08 04:21:38.478  5025  5025 W System.err: 	at androidx.fragment.app.FragmentActivity.onDestroy(FragmentActivity.java:306)
12-08 04:21:38.478  5025  5025 W System.err: 	at androidx.appcompat.app.AppCompatActivity.onDestroy(AppCompatActivity.java:278)
12-08 04:21:38.478  5025  5025 W System.err: 	at android.app.Activity.performDestroy(Activity.java:8048)
12-08 04:21:38.479  5025  5025 W System.err: 	at android.app.Instrumentation.callActivityOnDestroy(Instrumentation.java:1334)
12-08 04:21:38.479  5025  5025 W System.err: 	at androidx.test.runner.MonitoringInstrumentation.callActivityOnDestroy(MonitoringInstrumentation.java:766)
12-08 04:21:38.479  5025  5025 W System.err: 	at android.app.ActivityThread.performDestroyActivity(ActivityThread.java:4926)
12-08 04:21:38.479  5025  5025 W System.err: 	at android.app.ActivityThread.handleDestroyActivity(ActivityThread.java:4970)
12-08 04:21:38.479  5025  5025 W System.err: 	at android.app.servertransaction.DestroyActivityItem.execute(DestroyActivityItem.java:44)
12-08 04:21:38.479  5025  5025 W System.err: 	at android.app.servertransaction.TransactionExecutor.executeLifecycleState(TransactionExecutor.java:176)
12-08 04:21:38.480  5025  5025 W System.err: 	at android.app.servertransaction.TransactionExecutor.execute(TransactionExecutor.java:97)
12-08 04:21:38.480  5025  5025 W System.err: 	at android.app.ActivityThread$H.handleMessage(ActivityThread.java:2016)
12-08 04:21:38.480  5025  5025 W System.err: 	at android.os.Handler.dispatchMessage(Handler.java:107)
12-08 04:21:38.480  5025  5025 W System.err: 	at android.os.Looper.loop(Looper.java:214)
12-08 04:21:38.480  5025  5025 W System.err: 	at android.app.ActivityThread.main(ActivityThread.java:7356)
12-08 04:21:38.480  5025  5025 W System.err: 	at java.lang.reflect.Method.invoke(Native Method)
12-08 04:21:38.483  2170  2566 D EGL_emulation: eglMakeCurrent: 0xe594e040: ver 2 0 (tinfo 0xc52450c0)
12-08 04:21:38.483  1776  1825 D gralloc_ranchu: gralloc_alloc: Creating ashmem region of size 10108928
12-08 04:21:38.486  5025  5025 W System.err: 	at com.android.internal.os.RuntimeInit$MethodAndArgsCaller.run(RuntimeInit.java:492)
12-08 04:21:38.486  5025  5025 W System.err: 	at com.android.internal.os.ZygoteInit.main(ZygoteInit.java:930)
12-08 04:21:38.497  5025  5770 I okhttp.OkHttpClient: <-- HTTP FAILED: java.net.SocketException: Socket closed
12-08 04:21:38.499  5025  5025 W System.err: ru.iteco.fmhandroid.exceptions.UnknownException
12-08 04:21:38.499  5025  5025 W System.err: 	at ru.iteco.fmhandroid.utils.Utils.makeRequest(Utils.kt:123)
12-08 04:21:38.499  5025  5025 W System.err: 	at ru.iteco.fmhandroid.utils.Utils$makeRequest$1.invokeSuspend(Unknown Source:15)
12-08 04:21:38.499  5025  5025 W System.err: 	at kotlin.coroutines.jvm.internal.BaseContinuationImpl.resumeWith(ContinuationImpl.kt:33)
12-08 04:21:38.499  5025  5025 W System.err: 	at kotlinx.coroutines.DispatchedTaskKt.resume(DispatchedTask.kt:234)
12-08 04:21:38.500  5025  5025 W System.err: 	at kotlinx.coroutines.DispatchedTaskKt.resumeUnconfined(DispatchedTask.kt:190)
12-08 04:21:38.500  5025  5025 W System.err: 	at kotlinx.coroutines.DispatchedTaskKt.dispatch(DispatchedTask.kt:161)
12-08 04:21:38.500  5025  5025 W System.err: 	at kotlinx.coroutines.CancellableContinuationImpl.dispatchResume(CancellableContinuationImpl.kt:397)
12-08 04:21:38.500  5025  5025 W System.err: 	at kotlinx.coroutines.CancellableContinuationImpl.cancel(CancellableContinuationImpl.kt:183)
12-08 04:21:38.500  5025  5025 W System.err: 	at kotlinx.coroutines.CancellableContinuationImpl.parentCancelled$kotlinx_coroutines_core(CancellableContinuationImpl.kt:190)
12-08 04:21:38.500  5025  5025 W System.err: 	at kotlinx.coroutines.ChildContinuation.invoke(JobSupport.kt:1474)
12-08 04:21:38.500  5025  5025 W System.err: 	at kotlinx.coroutines.JobSupport.notifyCancelling(JobSupport.kt:1499)
12-08 04:21:38.500  5025  5025 W System.err: 	at kotlinx.coroutines.JobSupport.tryMakeCancelling(JobSupport.kt:795)
12-08 04:21:38.500  5025  5025 W System.err: 	at kotlinx.coroutines.JobSupport.makeCancelling(JobSupport.kt:755)
12-08 04:21:38.501  5025  5025 W System.err: 	at kotlinx.coroutines.JobSupport.cancelImpl$kotlinx_coroutines_core(JobSupport.kt:671)
12-08 04:21:38.501  5025  5025 W System.err: 	at kotlinx.coroutines.JobSupport.parentCancelled(JobSupport.kt:637)
12-08 04:21:38.501  5025  5025 W System.err: 	at kotlinx.coroutines.ChildHandleNode.invoke(JobSupport.kt:1465)
12-08 04:21:38.502  5025  5025 W System.err: 	at kotlinx.coroutines.JobSupport.notifyCancelling(JobSupport.kt:1499)
12-08 04:21:38.502  5025  5025 W System.err: 	at kotlinx.coroutines.JobSupport.tryMakeCompletingSlowPath(JobSupport.kt:900)
12-08 04:21:38.502  5025  5025 W System.err: 	at kotlinx.coroutines.JobSupport.tryMakeCompleting(JobSupport.kt:863)
12-08 04:21:38.502  5025  5025 W System.err: 	at kotlinx.coroutines.JobSupport.cancelMakeCompleting(JobSupport.kt:696)
12-08 04:21:38.502  5025  5025 W System.err: 	at kotlinx.coroutines.JobSupport.cancelImpl$kotlinx_coroutines_core(JobSupport.kt:667)
12-08 04:21:38.502  5025  5025 W System.err: 	at kotlinx.coroutines.JobSupport.cancelInternal(JobSupport.kt:632)
12-08 04:21:38.504  5025  5025 W System.err: 	at kotlinx.coroutines.JobSupport.cancel(JobSupport.kt:617)
12-08 04:21:38.504  5025  5025 W System.err: 	at kotlinx.coroutines.JobKt__JobKt.cancel(Job.kt:561)
12-08 04:21:38.504  5025  5025 W System.err: 	at kotlinx.coroutines.JobKt.cancel(Unknown Source:1)
12-08 04:21:38.504  5025  5025 W System.err: 	at kotlinx.coroutines.JobKt__JobKt.cancel$default(Job.kt:560)
12-08 04:21:38.504  5025  5025 W System.err: 	at kotlinx.coroutines.JobKt.cancel$default(Unknown Source:1)
12-08 04:21:38.505  5025  5025 W System.err: 	at androidx.lifecycle.CloseableCoroutineScope.close(ViewModel.kt:51)
12-08 04:21:38.505  5025  5025 W System.err: 	at androidx.lifecycle.ViewModel.closeWithRuntimeException(ViewModel.java:188)
12-08 04:21:38.505  5025  5025 W System.err: 	at androidx.lifecycle.ViewModel.clear(ViewModel.java:134)
12-08 04:21:38.505  5025  5025 W System.err: 	at androidx.lifecycle.ViewModelStore.clear(ViewModelStore.java:62)
12-08 04:21:38.507  5025  5025 W System.err: 	at androidx.fragment.app.FragmentManagerViewModel.clearNonConfigStateInternal(FragmentManagerViewModel.java:210)
12-08 04:21:38.507  5025  5025 W System.err: 	at androidx.fragment.app.FragmentManagerViewModel.clearNonConfigState(FragmentManagerViewModel.java:190)
12-08 04:21:38.507  5025  5025 W System.err: 	at androidx.fragment.app.FragmentStateManager.destroy(FragmentStateManager.java:778)
12-08 04:21:38.507  5025  5025 W System.err: 	at androidx.fragment.app.FragmentStateManager.moveToExpectedState(FragmentStateManager.java:335)
12-08 04:21:38.507  5025  5025 W System.err: 	at androidx.fragment.app.FragmentStore.moveToExpectedState(FragmentStore.java:121)
12-08 04:21:38.507  5025  5025 W System.err: 	at androidx.fragment.app.FragmentManager.moveToState(FragmentManager.java:1374)
12-08 04:21:38.507  5025  5025 W System.err: 	at androidx.fragment.app.FragmentManager.dispatchStateChange(FragmentManager.java:2841)
12-08 04:21:38.507  5025  5025 W System.err: 	at androidx.fragment.app.FragmentManager.dispatchDestroy(FragmentManager.java:2820)
12-08 04:21:38.508  5025  5025 W System.err: 	at androidx.fragment.app.Fragment.performDestroy(Fragment.java:3246)
12-08 04:21:38.508  5025  5025 W System.err: 	at androidx.fragment.app.FragmentStateManager.destroy(FragmentStateManager.java:780)
12-08 04:21:38.508  5025  5025 W System.err: 	at androidx.fragment.app.FragmentStateManager.moveToExpectedState(FragmentStateManager.java:335)
12-08 04:21:38.508  5025  5025 W System.err: 	at androidx.fragment.app.SpecialEffectsController$FragmentStateManagerOperation.complete(SpecialEffectsController.java:771)
12-08 04:21:38.508  5025  5025 W System.err: 	at androidx.fragment.app.SpecialEffectsController$Operation.cancel(SpecialEffectsController.java:615)
12-08 04:21:38.509  5025  5025 W System.err: 	at androidx.fragment.app.SpecialEffectsController.forceCompleteAllOperations(SpecialEffectsController.java:350)
12-08 04:21:38.509  5025  5025 W System.err: 	at androidx.fragment.app.FragmentManager.dispatchStateChange(FragmentManager.java:2844)
12-08 04:21:38.509  5025  5025 W System.err: 	at androidx.fragment.app.FragmentManager.dispatchDestroy(FragmentManager.java:2820)
12-08 04:21:38.509  5025  5025 W System.err: 	at androidx.fragment.app.FragmentController.dispatchDestroy(FragmentController.java:345)
12-08 04:21:38.510  5025  5025 W System.err: 	at androidx.fragment.app.FragmentActivity.onDestroy(FragmentActivity.java:306)
12-08 04:21:38.510  5025  5025 W System.err: 	at androidx.appcompat.app.AppCompatActivity.onDestroy(AppCompatActivity.java:278)
12-08 04:21:38.510  5025  5025 W System.err: 	at android.app.Activity.performDestroy(Activity.java:8048)
12-08 04:21:38.510  5025  5025 W System.err: 	at android.app.Instrumentation.callActivityOnDestroy(Instrumentation.java:1334)
12-08 04:21:38.513  2018  2018 W ActivityManager: Unable to start service Intent { act=android.service.appprediction.AppPredictionService cmp=com.google.android.as/com.google.android.apps.miphone.aiai.app.AiAiPredictionService } U=0: not found
12-08 04:21:38.513  2018  2018 W RemoteAppPredictionService: could not bind to Intent { act=android.service.appprediction.AppPredictionService cmp=com.google.android.as/com.google.android.apps.miphone.aiai.app.AiAiPredictionService } using flags 67108865
12-08 04:21:38.514  5025  5025 W System.err: 	at androidx.test.runner.MonitoringInstrumentation.callActivityOnDestroy(MonitoringInstrumentation.java:766)
12-08 04:21:38.514  5025  5025 W System.err: 	at android.app.ActivityThread.performDestroyActivity(ActivityThread.java:4926)
12-08 04:21:38.514  5025  5025 W System.err: 	at android.app.ActivityThread.handleDestroyActivity(ActivityThread.java:4970)
12-08 04:21:38.515  5025  5025 W System.err: 	at android.app.servertransaction.DestroyActivityItem.execute(DestroyActivityItem.java:44)
12-08 04:21:38.515  5025  5025 W System.err: 	at android.app.servertransaction.TransactionExecutor.executeLifecycleState(TransactionExecutor.java:176)
12-08 04:21:38.515  5025  5025 W System.err: 	at android.app.servertransaction.TransactionExecutor.execute(TransactionExecutor.java:97)
12-08 04:21:38.515  5025  5025 W System.err: 	at android.app.ActivityThread$H.handleMessage(ActivityThread.java:2016)
12-08 04:21:38.523  2962  2962 W ThreadPoolDumper: Queue length for executor EventBus is now 11. Perhaps some tasks are too long, or the pool is too small.
12-08 04:21:38.528  5025  5025 W System.err: 	at android.os.Handler.dispatchMessage(Handler.java:107)
12-08 04:21:38.529  5025  5025 W System.err: 	at android.os.Looper.loop(Looper.java:214)
12-08 04:21:38.529  5025  5025 W System.err: 	at android.app.ActivityThread.main(ActivityThread.java:7356)
12-08 04:21:38.529  5025  5025 W System.err: 	at java.lang.reflect.Method.invoke(Native Method)
12-08 04:21:38.529  5025  5025 W System.err: 	at com.android.internal.os.RuntimeInit$MethodAndArgsCaller.run(RuntimeInit.java:492)
12-08 04:21:38.530  5025  5025 W System.err: 	at com.android.internal.os.ZygoteInit.main(ZygoteInit.java:930)
12-08 04:21:38.536  5088  5120 D EGL_emulation: eglMakeCurrent: 0xdd81a420: ver 2 0 (tinfo 0xdd80f7b0)
12-08 04:21:38.538  5025  5025 W System.err: ru.iteco.fmhandroid.exceptions.UnknownException
