12-03 00:08:21.040  6605  6605 I ViewInteraction: Performing 'wait for a specific view with <(view.getId() is <2131231039/ru.iteco.fmhandroid:id/enter_button> and an instance of android.widget.TextView and view.getText() with or without transformation to match: is "SIGN IN" and view.getContentDescription() is "Save" and view.getParent() view.getParent() an instance of android.widget.RelativeLayout)> during 10000 millis.' action on view view.getRootView() to equal view
12-03 00:08:21.045  6605  6605 I ViewInteraction: Checking 'MatchesViewAssertion{viewMatcher=view.isClickable() is <true>}' assertion on view (view.getId() is <2131231039/ru.iteco.fmhandroid:id/enter_button> and an instance of android.widget.TextView and view.getText() with or without transformation to match: is "SIGN IN" and view.getContentDescription() is "Save" and view.getParent() view.getParent() an instance of android.widget.RelativeLayout)
12-03 00:08:21.052  6605  6605 I ViewInteraction: Performing 'wait for a specific view with <(view.getId() is <2131231039/ru.iteco.fmhandroid:id/enter_button> and an instance of android.widget.TextView and view.getText() with or without transformation to match: is "SIGN IN" and view.getContentDescription() is "Save" and view.getParent() view.getParent() an instance of android.widget.RelativeLayout)> during 10000 millis.' action on view view.getRootView() to equal view
12-03 00:08:21.056  6605  6605 I ViewInteraction: Performing 'single click' action on view (view.getId() is <2131231039/ru.iteco.fmhandroid:id/enter_button> and an instance of android.widget.TextView and view.getText() with or without transformation to match: is "SIGN IN" and view.getContentDescription() is "Save" and view.getParent() view.getParent() an instance of android.widget.RelativeLayout)
12-03 00:08:21.128  6605  6703 I okhttp.OkHttpClient: --> POST http://www.981757-ca08998.tmweb.ru:8080/fmh/authentication/login
12-03 00:08:21.128  6605  6703 I okhttp.OkHttpClient: Content-Type: application/json; charset=UTF-8
12-03 00:08:21.128  6605  6703 I okhttp.OkHttpClient: Content-Length: 41
12-03 00:08:21.129  6605  6703 I okhttp.OkHttpClient: {"login":"login2","password":"password2"}
12-03 00:08:21.129  6605  6703 I okhttp.OkHttpClient: --> END POST (41-byte body)
12-03 00:08:21.354  6605  6605 I ViewInteraction: Performing 'wait for a specific view with <an instance of android.widget.TextView and view.getText() with or without transformation to match: is "News"> during 10000 millis.' action on view view.getRootView() to equal view
12-03 00:08:24.246  1750  1962 W audio_hw_generic: Not supplying enough data to HAL, expected position 470390081 , only wrote 470206316
12-03 00:08:26.322  1743  6705 E ResolverController: No valid NAT64 prefix (128, <unspecified>/0)
12-03 00:08:27.730  6605  6703 I okhttp.OkHttpClient: <-- 200 http://www.981757-ca08998.tmweb.ru:8080/fmh/authentication/login (6601ms)
12-03 00:08:27.730  6605  6703 I okhttp.OkHttpClient: Vary: Origin
12-03 00:08:27.730  6605  6703 I okhttp.OkHttpClient: Vary: Access-Control-Request-Method
12-03 00:08:27.730  6605  6703 I okhttp.OkHttpClient: Vary: Access-Control-Request-Headers
12-03 00:08:27.730  6605  6703 I okhttp.OkHttpClient: X-Content-Type-Options: nosniff
12-03 00:08:27.730  6605  6703 I okhttp.OkHttpClient: X-XSS-Protection: 1; mode=block
12-03 00:08:27.730  6605  6703 I okhttp.OkHttpClient: Cache-Control: no-cache, no-store, max-age=0, must-revalidate
12-03 00:08:27.731  6605  6703 I okhttp.OkHttpClient: Pragma: no-cache
12-03 00:08:27.731  6605  6703 I okhttp.OkHttpClient: Expires: 0
12-03 00:08:27.731  6605  6703 I okhttp.OkHttpClient: X-Frame-Options: DENY
12-03 00:08:27.731  6605  6703 I okhttp.OkHttpClient: Content-Type: application/json
12-03 00:08:27.731  6605  6703 I okhttp.OkHttpClient: Transfer-Encoding: chunked
12-03 00:08:27.731  6605  6703 I okhttp.OkHttpClient: Date: Fri, 02 Dec 2022 21:08:28 GMT
12-03 00:08:27.731  6605  6703 I okhttp.OkHttpClient: Keep-Alive: timeout=60
12-03 00:08:27.731  6605  6703 I okhttp.OkHttpClient: Connection: keep-alive
12-03 00:08:27.732  6605  6703 I okhttp.OkHttpClient: {"accessToken":"eyJhbGciOiJIUzUxMiJ9.eyJzdWIiOiJsb2dpbjIiLCJqdGkiOiIyIiwiZXhwIjoxNjcwMTAxNzA4fQ.ZXgR4wOLfAZHlcvrex-k2Kh3Hmn3J2y5nsuVNmJzy45zWICX6Z4aRWXAej-TiHKAkMbHvH_7DC07RZBLMlzZIg","refreshToken":"eyJhbGciOiJIUzUxMiJ9.eyJzdWIiOiJsb2dpbjIiLCJqdGkiOiIyIiwiZXhwIjoxNjcyNjA3MzA4fQ.trYFZ22r16EjXOkXKTTmnxoABKjURtLcibwQ-UgKlpJOSNeNiYHOqau0ydnu75nEPswU6wbAIskgHZjcWe3zpw"}
12-03 00:08:27.732  6605  6703 I okhttp.OkHttpClient: <-- END HTTP (368-byte body)
12-03 00:08:27.734  6605  6679 I okhttp.OkHttpClient: --> GET http://www.981757-ca08998.tmweb.ru:8080/fmh/authentication/userInfo
12-03 00:08:27.734  6605  6679 I okhttp.OkHttpClient: --> END GET
12-03 00:08:27.915  6605  6679 I okhttp.OkHttpClient: <-- 200 http://www.981757-ca08998.tmweb.ru:8080/fmh/authentication/userInfo (181ms)
12-03 00:08:27.915  6605  6679 I okhttp.OkHttpClient: Vary: Origin
12-03 00:08:27.916  6605  6679 I okhttp.OkHttpClient: Vary: Access-Control-Request-Method
12-03 00:08:27.916  6605  6679 I okhttp.OkHttpClient: Vary: Access-Control-Request-Headers
12-03 00:08:27.916  6605  6679 I okhttp.OkHttpClient: X-Content-Type-Options: nosniff
12-03 00:08:27.916  6605  6679 I okhttp.OkHttpClient: X-XSS-Protection: 1; mode=block
12-03 00:08:27.916  6605  6679 I okhttp.OkHttpClient: Cache-Control: no-cache, no-store, max-age=0, must-revalidate
12-03 00:08:27.916  6605  6679 I okhttp.OkHttpClient: Pragma: no-cache
12-03 00:08:27.916  6605  6679 I okhttp.OkHttpClient: Expires: 0
12-03 00:08:27.916  6605  6679 I okhttp.OkHttpClient: X-Frame-Options: DENY
12-03 00:08:27.916  6605  6679 I okhttp.OkHttpClient: Content-Type: application/json
12-03 00:08:27.916  6605  6679 I okhttp.OkHttpClient: Transfer-Encoding: chunked
12-03 00:08:27.916  6605  6679 I okhttp.OkHttpClient: Date: Fri, 02 Dec 2022 21:08:28 GMT
12-03 00:08:27.916  6605  6679 I okhttp.OkHttpClient: Keep-Alive: timeout=60
12-03 00:08:27.918  6605  6679 I okhttp.OkHttpClient: Connection: keep-alive
12-03 00:08:27.918  6605  6679 I okhttp.OkHttpClient: {"id":2,"firstName":"Данил","lastName":"Иванов","middleName":"Данилович","admin":true}
12-03 00:08:27.918  6605  6679 I okhttp.OkHttpClient: <-- END HTTP (106-byte body)
12-03 00:08:27.932  6605  6706 I okhttp.OkHttpClient: --> GET http://www.981757-ca08998.tmweb.ru:8080/fmh/claims
12-03 00:08:27.933  6605  6706 I okhttp.OkHttpClient: --> END GET
12-03 00:08:28.048  6605  6605 I ViewInteraction: Checking 'MatchesViewAssertion{viewMatcher=(view has effective visibility <VISIBLE> and view.getGlobalVisibleRect() to return non-empty rectangle)}' assertion on view an instance of android.widget.TextView and view.getText() with or without transformation to match: is "News"
12-03 00:08:28.053  6605  6605 I ViewInteraction: Performing 'wait for a specific view with <view.getId() is <2131230951>> during 10000 millis.' action on view view.getRootView() to equal view
12-03 00:08:28.085  6605  6605 I ViewInteraction: Checking 'MatchesViewAssertion{viewMatcher=(view has effective visibility <VISIBLE> and view.getGlobalVisibleRect() to return non-empty rectangle)}' assertion on view view.getId() is <2131230951/ru.iteco.fmhandroid:id/container_list_news_include_on_fragment_main>
12-03 00:08:28.087  6605  6618 I teco.fmhandroi: Background young concurrent copying GC freed 99025(4556KB) AllocSpace objects, 4(208KB) LOS objects, 34% free, 7607KB/11MB, paused 1.055ms total 107.425ms
12-03 00:08:28.092  6605  6605 I ViewInteraction: Performing 'wait for a specific view with <view.getId() is <2131230949>> during 10000 millis.' action on view view.getRootView() to equal view
12-03 00:08:28.098  6605  6605 I ViewInteraction: Checking 'MatchesViewAssertion{viewMatcher=(view has effective visibility <VISIBLE> and view.getGlobalVisibleRect() to return non-empty rectangle)}' assertion on view view.getId() is <2131230949/ru.iteco.fmhandroid:id/container_list_claim_include_on_fragment_main>
12-03 00:08:28.103  6605  6605 I ViewInteraction: Performing 'wait for a specific view with <an instance of android.widget.TextView and view.getText() with or without transformation to match: is "Claims"> during 10000 millis.' action on view view.getRootView() to equal view
12-03 00:08:28.111  6605  6605 I ViewInteraction: Checking 'MatchesViewAssertion{viewMatcher=(view has effective visibility <VISIBLE> and view.getGlobalVisibleRect() to return non-empty rectangle)}' assertion on view an instance of android.widget.TextView and view.getText() with or without transformation to match: is "Claims"
12-03 00:08:28.117  6605  6605 I ViewInteraction: Performing 'wait for a specific view with <view.getId() is <2131231123>> during 10000 millis.' action on view view.getRootView() to equal view
12-03 00:08:28.119  6605  6605 I ViewInteraction: Performing 'single click' action on view view.getId() is <2131231123/ru.iteco.fmhandroid:id/main_menu_image_button>
12-03 00:08:28.427  1750  3111 W audio_hw_generic: Not supplying enough data to HAL, expected position 470206330 , only wrote 470206316
12-03 00:08:28.475  1772  1772 D gralloc_ranchu: gralloc_alloc: Creating ashmem region of size 3264512
12-03 00:08:28.477  1772  1772 I chatty  : uid=1000(system) allocator@2.0-s identical 1 line
12-03 00:08:28.478  1772  1772 D gralloc_ranchu: gralloc_alloc: Creating ashmem region of size 3264512
12-03 00:08:28.509  6605  6664 D EGL_emulation: eglMakeCurrent: 0xdb91b3e0: ver 2 0 (tinfo 0xc0b146a0)
12-03 00:08:28.543  6605  6664 I chatty  : uid=10159(ru.iteco.fmhandroid) RenderThread identical 2 lines
12-03 00:08:28.568  6605  6664 D EGL_emulation: eglMakeCurrent: 0xdb91b3e0: ver 2 0 (tinfo 0xc0b146a0)
12-03 00:08:28.793  6605  6605 I ViewInteraction: Performing 'wait for a specific view with <an instance of android.widget.TextView and view.getText() with or without transformation to match: is "News"> during 10000 millis.' action on view view.getRootView() to equal view
12-03 00:08:28.796  6605  6605 I ViewInteraction: Performing 'single click' action on view an instance of android.widget.TextView and view.getText() with or without transformation to match: is "News"
12-03 00:08:28.849  6605  6664 D EGL_emulation: eglMakeCurrent: 0xdb91b3e0: ver 2 0 (tinfo 0xc0b146a0)
12-03 00:08:28.943  6605  6707 I okhttp.OkHttpClient: --> GET http://www.981757-ca08998.tmweb.ru:8080/fmh/news
12-03 00:08:28.943  6605  6707 I okhttp.OkHttpClient: --> END GET
12-03 00:08:28.952  1743  6708 E ResolverController: No valid NAT64 prefix (128, <unspecified>/0)
12-03 00:08:29.030  6605  6664 D EGL_emulation: eglMakeCurrent: 0xdb91b3e0: ver 2 0 (tinfo 0xc0b146a0)
12-03 00:08:29.054  6605  6664 D EGL_emulation: eglMakeCurrent: 0xdb91b3e0: ver 2 0 (tinfo 0xc0b146a0)
12-03 00:08:29.359  6605  6605 I ViewInteraction: Performing 'wait for a specific view with <view.getId() is <2131231025>> during 10000 millis.' action on view view.getRootView() to equal view
12-03 00:08:29.365  6605  6605 I ViewInteraction: Performing 'single click' action on view view.getId() is <2131231025/ru.iteco.fmhandroid:id/edit_news_material_button>
12-03 00:08:29.445  6605  6710 I okhttp.OkHttpClient: --> GET http://www.981757-ca08998.tmweb.ru:8080/fmh/news
12-03 00:08:29.446  6605  6710 I okhttp.OkHttpClient: --> END GET
12-03 00:08:29.447  1785  1976 D AF::Track: interceptBuffer: took 449us to intercept 0 tracks
12-03 00:08:29.891  6605  6605 I ViewInteraction: Performing 'wait for a specific view with <view.getId() is <2131230850>> during 10000 millis.' action on view view.getRootView() to equal view
12-03 00:08:29.896  6605  6605 I ViewInteraction: Performing 'single click' action on view view.getId() is <2131230850/ru.iteco.fmhandroid:id/add_news_image_view>
12-03 00:08:30.335  1897  1897 E wifi_forwarder: RemoteConnection failed to initialize: RemoteConnection failed to open pipe
12-03 00:08:30.378  6605  6706 I okhttp.OkHttpClient: <-- 200 http://www.981757-ca08998.tmweb.ru:8080/fmh/claims (2445ms)
12-03 00:08:30.379  6605  6706 I okhttp.OkHttpClient: Vary: Origin
12-03 00:08:30.379  6605  6706 I okhttp.OkHttpClient: Vary: Access-Control-Request-Method
12-03 00:08:30.379  6605  6706 I okhttp.OkHttpClient: Vary: Access-Control-Request-Headers
12-03 00:08:30.379  6605  6706 I okhttp.OkHttpClient: X-Content-Type-Options: nosniff
12-03 00:08:30.379  6605  6706 I okhttp.OkHttpClient: X-XSS-Protection: 1; mode=block
12-03 00:08:30.379  6605  6706 I okhttp.OkHttpClient: Cache-Control: no-cache, no-store, max-age=0, must-revalidate
12-03 00:08:30.379  6605  6706 I okhttp.OkHttpClient: Pragma: no-cache
12-03 00:08:30.379  6605  6706 I okhttp.OkHttpClient: Expires: 0
12-03 00:08:30.379  6605  6706 I okhttp.OkHttpClient: X-Frame-Options: DENY
12-03 00:08:30.379  6605  6706 I okhttp.OkHttpClient: Content-Type: application/json
12-03 00:08:30.379  6605  6706 I okhttp.OkHttpClient: Transfer-Encoding: chunked
12-03 00:08:30.379  6605  6706 I okhttp.OkHttpClient: Date: Fri, 02 Dec 2022 21:08:31 GMT
12-03 00:08:30.379  6605  6706 I okhttp.OkHttpClient: Keep-Alive: timeout=60
12-03 00:08:30.380  6605  6706 I okhttp.OkHttpClient: Connection: keep-alive
12-03 00:08:30.446  6605  6605 I ViewInteraction: Performing 'wait for a specific view with <view.getId() is <2131231204>> during 10000 millis.' action on view view.getRootView() to equal view
12-03 00:08:30.451  6605  6605 I ViewInteraction: Performing 'single click' action on view view.getId() is <2131231204/ru.iteco.fmhandroid:id/news_item_category_text_auto_complete_text_view>
12-03 00:08:30.601  1772  1772 D gralloc_ranchu: gralloc_alloc: Creating ashmem region of size 9072640
12-03 00:08:30.604  1743  1743 I netd    : firewallSetUidRule(2, 10145, 1) <4.75ms>
12-03 00:08:30.610  1772  1772 D gralloc_ranchu: gralloc_alloc: Creating ashmem region of size 9072640
12-03 00:08:30.614  1772  1772 D gralloc_ranchu: gralloc_alloc: Creating ashmem region of size 9072640
12-03 00:08:30.624  6605  6664 D EGL_emulation: eglMakeCurrent: 0xdb91b3e0: ver 2 0 (tinfo 0xc0b146a0)
12-03 00:08:30.670  6605  6605 I AssistStructure: Flattened final assist data: 7432 bytes, containing 2 windows, 55 views
12-03 00:08:30.678  2010  4696 D AutofillSession: Starting partition or augmented request for view id 1073741826@1088605349: STARTED_SESSION
12-03 00:08:30.686  2010  2010 D AutofillSession: cancelCurrentRequest(): id = 1366
12-03 00:08:30.698  6605  6664 D EGL_emulation: eglMakeCurrent: 0xdb91b3e0: ver 2 0 (tinfo 0xc0b146a0)
12-03 00:08:30.725  6605  6605 I AssistStructure: Flattened final assist data: 7432 bytes, containing 2 windows, 55 views
12-03 00:08:30.742  6605  6664 D EGL_emulation: eglMakeCurrent: 0xdb91b3e0: ver 2 0 (tinfo 0xc0b146a0)
12-03 00:08:30.767  2584  2584 W ktk     : Pending fill request while another request in the same session was triggered. [CONTEXT service_id=177 ]
12-03 00:08:30.787  2486  2486 I KeyboardViewUtil: systemKeyboardHeightRatio:1.000000; userKeyboardHeightRatio:1.000000.
12-03 00:08:30.798  2486  2486 I AndroidIME: LatinIme.onActivate() : EditorInfo = Package = ru.iteco.fmhandroid : Type = Text : Learning = Disable : Suggestion = Show : AutoCorrection = Disable : Microphone = Show : NoPersonalizedLearning = Disable
12-03 00:08:30.837  2010  2034 D AutofillUI: destroySaveUiUiThread(): already destroyed
12-03 00:08:30.967  6605  6605 I ViewInteraction: Performing 'close keyboard' action on view view.getRootView() to equal view
12-03 00:08:30.972  1743  1743 I netd    : firewallSetUidRule(2, 10145, 2) <0.03ms>
12-03 00:08:30.981  2486  2486 I Conv2QueryExtension: Current locale: en_US, config allows these locales: de,en,es,fr,it,ms,pt,ta
12-03 00:08:30.981  2486  2486 I Conv2QueryExtension: Conv2Query not enabled due to current app [ru.iteco.fmhandroid] not in whitelist
12-03 00:08:30.981  2486  2486 I Conv2QueryExtension: onActivate() : Disabled by unsupported host app
12-03 00:08:31.000  6605  6664 D EGL_emulation: eglMakeCurrent: 0xdb91b3e0: ver 2 0 (tinfo 0xc0b146a0)
12-03 00:08:31.012  2169  2501 D EGL_emulation: eglMakeCurrent: 0xdb91a600: ver 2 0 (tinfo 0xdb90f8d0)
12-03 00:08:31.029  1772  1772 D gralloc_ranchu: gralloc_alloc: Creating ashmem region of size 14262272
12-03 00:08:31.057  1772  1772 I chatty  : uid=1000(system) allocator@2.0-s identical 1 line
12-03 00:08:31.060  1772  1772 D gralloc_ranchu: gralloc_alloc: Creating ashmem region of size 14262272
12-03 00:08:31.088  1772  1772 D gralloc_ranchu: gralloc_alloc: Creating ashmem region of size 4255744
12-03 00:08:31.096  6605  6664 D EGL_emulation: eglMakeCurrent: 0xdb91b3e0: ver 2 0 (tinfo 0xc0b146a0)
12-03 00:08:31.117  1772  1772 D gralloc_ranchu: gralloc_alloc: Creating ashmem region of size 4255744
12-03 00:08:31.122  6605  6664 D EGL_emulation: eglMakeCurrent: 0xdb91b3e0: ver 2 0 (tinfo 0xc0b146a0)
12-03 00:08:31.135  6605  6664 D EGL_emulation: eglMakeCurrent: 0xdb91b3e0: ver 2 0 (tinfo 0xc0b146a0)
12-03 00:08:31.145  1772  1772 D gralloc_ranchu: gralloc_alloc: Creating ashmem region of size 4255744
12-03 00:08:31.196  2486  6704 D EGL_emulation: eglMakeCurrent: 0xdb91b920: ver 2 0 (tinfo 0xdb90fce0)
12-03 00:08:31.303  6605  6710 I okhttp.OkHttpClient: <-- 200 http://www.981757-ca08998.tmweb.ru:8080/fmh/news (1856ms)
12-03 00:08:31.303  6605  6710 I okhttp.OkHttpClient: Vary: Origin
12-03 00:08:31.303  6605  6710 I okhttp.OkHttpClient: Vary: Access-Control-Request-Method
12-03 00:08:31.303  6605  6710 I okhttp.OkHttpClient: Vary: Access-Control-Request-Headers
12-03 00:08:31.303  6605  6710 I okhttp.OkHttpClient: X-Content-Type-Options: nosniff
12-03 00:08:31.303  6605  6710 I okhttp.OkHttpClient: X-XSS-Protection: 1; mode=block
12-03 00:08:31.303  6605  6710 I okhttp.OkHttpClient: Cache-Control: no-cache, no-store, max-age=0, must-revalidate
12-03 00:08:31.303  6605  6710 I okhttp.OkHttpClient: Pragma: no-cache
12-03 00:08:31.303  6605  6710 I okhttp.OkHttpClient: Expires: 0
12-03 00:08:31.303  6605  6710 I okhttp.OkHttpClient: X-Frame-Options: DENY
12-03 00:08:31.303  6605  6710 I okhttp.OkHttpClient: Content-Type: application/json
12-03 00:08:31.303  6605  6710 I okhttp.OkHttpClient: Transfer-Encoding: chunked
12-03 00:08:31.304  6605  6710 I okhttp.OkHttpClient: Date: Fri, 02 Dec 2022 21:08:32 GMT
12-03 00:08:31.304  6605  6710 I okhttp.OkHttpClient: Keep-Alive: timeout=60
12-03 00:08:31.304  6605  6710 I okhttp.OkHttpClient: Connection: keep-alive
12-03 00:08:31.326  2486  2486 I PhenotypeExpConfig: refreshConfiguration() : Force = false : UpdateAvailable = false : Age = 486 minutes : MaxAge = 720 minutes
12-03 00:08:31.338  2486  2486 I AndroidIME: LatinIme.onDeactivate()
12-03 00:08:31.359  2486  6704 D EGL_emulation: eglMakeCurrent: 0xdb91b920: ver 2 0 (tinfo 0xdb90fce0)
12-03 00:08:31.408  6605  6664 D EGL_emulation: eglMakeCurrent: 0xdb91b3e0: ver 2 0 (tinfo 0xc0b146a0)
12-03 00:08:31.444  1772  1772 D gralloc_ranchu: gralloc_alloc: Creating ashmem region of size 9072640
12-03 00:08:31.450  6605  6664 D EGL_emulation: eglMakeCurrent: 0xdb91b3e0: ver 2 0 (tinfo 0xc0b146a0)
12-03 00:08:31.480  1772  1772 D gralloc_ranchu: gralloc_alloc: Creating ashmem region of size 9072640
12-03 00:08:31.484  6605  6664 D EGL_emulation: eglMakeCurrent: 0xdb91b3e0: ver 2 0 (tinfo 0xc0b146a0)
12-03 00:08:31.525  6605  6664 D EGL_emulation: eglMakeCurrent: 0xdb91b3e0: ver 2 0 (tinfo 0xc0b146a0)
12-03 00:08:31.538  1772  1772 D gralloc_ranchu: gralloc_alloc: Creating ashmem region of size 9072640
12-03 00:08:31.542  6605  6664 D EGL_emulation: eglMakeCurrent: 0xdb91b3e0: ver 2 0 (tinfo 0xc0b146a0)
12-03 00:08:31.686  6605  6707 I okhttp.OkHttpClient: <-- 200 http://www.981757-ca08998.tmweb.ru:8080/fmh/news (2742ms)
12-03 00:08:31.686  6605  6707 I okhttp.OkHttpClient: Vary: Origin
12-03 00:08:31.686  6605  6707 I okhttp.OkHttpClient: Vary: Access-Control-Request-Method
12-03 00:08:31.687  6605  6707 I okhttp.OkHttpClient: Vary: Access-Control-Request-Headers
12-03 00:08:31.687  6605  6707 I okhttp.OkHttpClient: X-Content-Type-Options: nosniff
12-03 00:08:31.687  6605  6707 I okhttp.OkHttpClient: X-XSS-Protection: 1; mode=block
12-03 00:08:31.687  6605  6707 I okhttp.OkHttpClient: Cache-Control: no-cache, no-store, max-age=0, must-revalidate
12-03 00:08:31.687  6605  6707 I okhttp.OkHttpClient: Pragma: no-cache
12-03 00:08:31.687  6605  6707 I okhttp.OkHttpClient: Expires: 0
12-03 00:08:31.687  6605  6707 I okhttp.OkHttpClient: X-Frame-Options: DENY
12-03 00:08:31.687  6605  6707 I okhttp.OkHttpClient: Content-Type: application/json
12-03 00:08:31.687  6605  6707 I okhttp.OkHttpClient: Transfer-Encoding: chunked
12-03 00:08:31.687  6605  6707 I okhttp.OkHttpClient: Date: Fri, 02 Dec 2022 21:08:32 GMT
12-03 00:08:31.688  6605  6707 I okhttp.OkHttpClient: Keep-Alive: timeout=60
12-03 00:08:31.688  6605  6707 I okhttp.OkHttpClient: Connection: keep-alive
12-03 00:08:33.033  6605  6664 D EGL_emulation: eglMakeCurrent: 0xdb91b3e0: ver 2 0 (tinfo 0xc0b146a0)
12-03 00:08:33.083  6605  6664 I chatty  : uid=10159(ru.iteco.fmhandroid) RenderThread identical 2 lines
12-03 00:08:33.551  6605  6664 D EGL_emulation: eglMakeCurrent: 0xdb91b3e0: ver 2 0 (tinfo 0xc0b146a0)
12-03 00:08:33.809  1750  1962 W audio_hw_generic: Not supplying enough data to HAL, expected position 470679318 , only wrote 470443615
12-03 00:08:37.653  6605  6605 I ViewInteraction: Checking 'MatchesViewAssertion{viewMatcher=(view has effective visibility <VISIBLE> and view.getGlobalVisibleRect() to return non-empty rectangle)}' assertion on view an instance of android.widget.TextView and view.getText() with or without transformation to match: is "Объявление"
12-03 00:08:37.656  6605  6605 I ViewInteraction: Performing 'single click' action on view an instance of android.widget.TextView and view.getText() with or without transformation to match: is "Объявление"
12-03 00:08:37.717  6605  6664 D EGL_emulation: eglMakeCurrent: 0xdb91b3e0: ver 2 0 (tinfo 0xc0b146a0)
12-03 00:08:37.780  1750  3111 W audio_hw_generic: Not supplying enough data to HAL, expected position 470443654 , only wrote 470443615
12-03 00:08:37.820  6605  6664 D EGL_emulation: eglMakeCurrent: 0xdb91b3e0: ver 2 0 (tinfo 0xc0b146a0)
12-03 00:08:37.832  2010  3605 E InputDispatcher: Window handle Window{230e501 u0 PopupWindow:8a8bd23} has no registered input channel
12-03 00:08:37.843  6605  6664 D EGL_emulation: eglMakeCurrent: 0xdb91b3e0: ver 2 0 (tinfo 0xc0b146a0)
12-03 00:08:37.941  6605  6605 I ViewInteraction: Performing 'wait for a specific view with <view.getId() is <2131231227>> during 10000 millis.' action on view view.getRootView() to equal view
12-03 00:08:37.944  6605  6605 I ViewInteraction: Performing 'replace text(Объявление a743ce49-0c47-4877-a9b8-fc7011637f65)' action on view view.getId() is <2131231227/ru.iteco.fmhandroid:id/news_item_title_text_input_edit_text>
12-03 00:08:37.957  6605  6605 I ViewInteraction: Performing 'wait for a specific view with <view.getId() is <2131231222>> during 10000 millis.' action on view view.getRootView() to equal view
12-03 00:08:37.960  6605  6605 I ViewInteraction: Performing 'single click' action on view view.getId() is <2131231222/ru.iteco.fmhandroid:id/news_item_publish_date_text_input_edit_text>
12-03 00:08:38.242  1772  1772 D gralloc_ranchu: gralloc_alloc: Creating ashmem region of size 10964992
12-03 00:08:38.247  1772  1772 D gralloc_ranchu: gralloc_alloc: Creating ashmem region of size 10964992
12-03 00:08:38.252  1772  6832 D gralloc_ranchu: gralloc_alloc: Creating ashmem region of size 10964992
12-03 00:08:38.272  6605  6664 D EGL_emulation: eglMakeCurrent: 0xdb91b3e0: ver 2 0 (tinfo 0xc0b146a0)
12-03 00:08:38.469  6605  6664 I chatty  : uid=10159(ru.iteco.fmhandroid) RenderThread identical 5 lines
12-03 00:08:38.501  6605  6664 D EGL_emulation: eglMakeCurrent: 0xdb91b3e0: ver 2 0 (tinfo 0xc0b146a0)
12-03 00:08:38.558  3139  4701 W GmsLocationProvider: Error removing location updates: 16
12-03 00:08:38.733  6605  6605 I ViewInteraction: Performing 'wait for a specific view with <is assignable from class <class android.widget.DatePicker>> during 10000 millis.' action on view view.getRootView() to equal view
12-03 00:08:38.735  6605  6605 I ViewInteraction: Checking 'MatchesViewAssertion{viewMatcher=(view has effective visibility <VISIBLE> and view.getGlobalVisibleRect() to return non-empty rectangle)}' assertion on view is assignable from class <class android.widget.DatePicker>
12-03 00:08:38.738  6605  6605 I ViewInteraction: Performing 'wait for a specific view with <is assignable from class <class android.widget.DatePicker>> during 10000 millis.' action on view view.getRootView() to equal view
12-03 00:08:38.741  6605  6605 I ViewInteraction: Performing 'set date' action on view is assignable from class <class android.widget.DatePicker>
12-03 00:08:38.774  6605  6605 I ViewInteraction: Performing 'wait for a specific view with <view.getId() is <16908313>> during 10000 millis.' action on view view.getRootView() to equal view
12-03 00:08:38.777  6605  6605 I ViewInteraction: Performing 'single click' action on view view.getId() is <16908313/android:id/button1>
12-03 00:08:38.850  6605  6664 D EGL_emulation: eglMakeCurrent: 0xdb91b3e0: ver 2 0 (tinfo 0xc0b146a0)
12-03 00:08:38.862  6605  6664 D EGL_emulation: eglMakeCurrent: 0xdb91b3e0: ver 2 0 (tinfo 0xc0b146a0)
12-03 00:08:38.865  2010  2088 E InputDispatcher: Window handle Window{24809a7 u0 ru.iteco.fmhandroid/ru.iteco.fmhandroid.ui.AppActivity} has no registered input channel
12-03 00:08:39.165  6605  6605 I ViewInteraction: Performing 'wait for a specific view with <view.getId() is <2131231223>> during 10000 millis.' action on view view.getRootView() to equal view
12-03 00:08:39.169  6605  6605 I ViewInteraction: Performing 'single click' action on view view.getId() is <2131231223/ru.iteco.fmhandroid:id/news_item_publish_time_text_input_edit_text>
12-03 00:08:39.373  1772  6832 D gralloc_ranchu: gralloc_alloc: Creating ashmem region of size 9261056
12-03 00:08:39.377  1772  6832 I chatty  : uid=1000(system) HwBinder:1772_3 identical 1 line
12-03 00:08:39.379  1772  6832 D gralloc_ranchu: gralloc_alloc: Creating ashmem region of size 9261056
12-03 00:08:39.394  6605  6664 D EGL_emulation: eglMakeCurrent: 0xdb91b3e0: ver 2 0 (tinfo 0xc0b146a0)
12-03 00:08:39.459  6605  6664 I chatty  : uid=10159(ru.iteco.fmhandroid) RenderThread identical 2 lines
12-03 00:08:39.501  6605  6664 D EGL_emulation: eglMakeCurrent: 0xdb91b3e0: ver 2 0 (tinfo 0xc0b146a0)
12-03 00:08:39.730  6605  6605 I ViewInteraction: Performing 'wait for a specific view with <is assignable from class <class android.widget.TimePicker>> during 10000 millis.' action on view view.getRootView() to equal view
12-03 00:08:39.735  6605  6605 I ViewInteraction: Checking 'MatchesViewAssertion{viewMatcher=(view has effective visibility <VISIBLE> and view.getGlobalVisibleRect() to return non-empty rectangle)}' assertion on view is assignable from class <class android.widget.TimePicker>
12-03 00:08:39.737  6605  6605 I ViewInteraction: Performing 'wait for a specific view with <is assignable from class <class android.widget.TimePicker>> during 10000 millis.' action on view view.getRootView() to equal view
12-03 00:08:39.742  6605  6605 I ViewInteraction: Performing 'set time' action on view is assignable from class <class android.widget.TimePicker>
12-03 00:08:39.745  6605  6605 I ViewInteraction: Performing 'wait for a specific view with <view.getId() is <16908313/android:id/button1>> during 10000 millis.' action on view view.getRootView() to equal view
12-03 00:08:39.748  6605  6605 I ViewInteraction: Performing 'single click' action on view view.getId() is <16908313/android:id/button1>
12-03 00:08:39.799  6605  6664 D EGL_emulation: eglMakeCurrent: 0xdb91b3e0: ver 2 0 (tinfo 0xc0b146a0)
12-03 00:08:39.815  6605  6664 D EGL_emulation: eglMakeCurrent: 0xdb91b3e0: ver 2 0 (tinfo 0xc0b146a0)
12-03 00:08:39.833  2010  2088 E InputDispatcher: Window handle Window{82ea8a2 u0 ru.iteco.fmhandroid/ru.iteco.fmhandroid.ui.AppActivity} has no registered input channel
12-03 00:08:39.836  6605  6664 D EGL_emulation: eglMakeCurrent: 0xdb91b3e0: ver 2 0 (tinfo 0xc0b146a0)
12-03 00:08:40.100  6605  6605 I ViewInteraction: Performing 'wait for a specific view with <view.getId() is <2131231211>> during 10000 millis.' action on view view.getRootView() to equal view
12-03 00:08:40.104  6605  6605 I ViewInteraction: Performing 'replace text(Объявление a743ce49-0c47-4877-a9b8-fc7011637f65)' action on view view.getId() is <2131231211/ru.iteco.fmhandroid:id/news_item_description_text_input_edit_text>
12-03 00:08:40.148  6605  6605 I ViewInteraction: Performing 'wait for a specific view with <view.getId() is <2131231291>> during 10000 millis.' action on view view.getRootView() to equal view
12-03 00:08:40.154  6605  6605 I ViewInteraction: Performing 'single click' action on view view.getId() is <2131231291/ru.iteco.fmhandroid:id/save_button>
12-03 00:08:40.228  6605  6714 I okhttp.OkHttpClient: --> POST http://www.981757-ca08998.tmweb.ru:8080/fmh/news
12-03 00:08:40.228  6605  6714 I okhttp.OkHttpClient: Content-Type: application/json; charset=UTF-8
12-03 00:08:40.229  6605  6714 I okhttp.OkHttpClient: Content-Length: 321
12-03 00:08:40.229  6605  6714 I okhttp.OkHttpClient: {"createDate":1670015320,"creatorId":2,"creatorName":"Иванов Данил Данилович","description":"Объявление a743ce49-0c47-4877-a9b8-fc7011637f65","isOpen":false,"newsCategoryId":1,"publishDate":1670015280,"publishEnabled":true,"title":"Объявление a743ce49-0c47-4877-a9b8-fc7011637f65"}
12-03 00:08:40.229  6605  6714 I okhttp.OkHttpClient: --> END POST (321-byte body)
12-03 00:08:40.237  1743  6715 E ResolverController: No valid NAT64 prefix (128, <unspecified>/0)
12-03 00:08:40.451  6605  6605 I ViewInteraction: Performing 'wait for a specific view with <view.getId() is <2131231230>> during 10000 millis.' action on view view.getRootView() to equal view
12-03 00:08:40.534  6605  6714 I okhttp.OkHttpClient: <-- 200 http://www.981757-ca08998.tmweb.ru:8080/fmh/news (304ms)
12-03 00:08:40.534  6605  6714 I okhttp.OkHttpClient: Vary: Origin
12-03 00:08:40.534  6605  6714 I okhttp.OkHttpClient: Vary: Access-Control-Request-Method
12-03 00:08:40.534  6605  6714 I okhttp.OkHttpClient: Vary: Access-Control-Request-Headers
12-03 00:08:40.534  6605  6714 I okhttp.OkHttpClient: X-Content-Type-Options: nosniff
12-03 00:08:40.534  6605  6714 I okhttp.OkHttpClient: X-XSS-Protection: 1; mode=block
12-03 00:08:40.534  6605  6714 I okhttp.OkHttpClient: Cache-Control: no-cache, no-store, max-age=0, must-revalidate
12-03 00:08:40.534  6605  6714 I okhttp.OkHttpClient: Pragma: no-cache
12-03 00:08:40.534  6605  6714 I okhttp.OkHttpClient: Expires: 0
12-03 00:08:40.535  6605  6714 I okhttp.OkHttpClient: X-Frame-Options: DENY
12-03 00:08:40.535  6605  6714 I okhttp.OkHttpClient: Content-Type: application/json
12-03 00:08:40.535  6605  6714 I okhttp.OkHttpClient: Transfer-Encoding: chunked
12-03 00:08:40.535  6605  6714 I okhttp.OkHttpClient: Date: Fri, 02 Dec 2022 21:08:41 GMT
12-03 00:08:40.535  6605  6714 I okhttp.OkHttpClient: Keep-Alive: timeout=60
12-03 00:08:40.535  6605  6714 I okhttp.OkHttpClient: Connection: keep-alive
12-03 00:08:40.536  6605  6714 I okhttp.OkHttpClient: {"id":4340,"newsCategoryId":1,"title":"Объявление a743ce49-0c47-4877-a9b8-fc7011637f65","description":"Объявление a743ce49-0c47-4877-a9b8-fc7011637f65","creatorId":2,"createDate":1670015320,"publishDate":1670015280,"publishEnabled":true,"creatorName":"Иванов Данил Данилович"}
12-03 00:08:40.536  6605  6714 I okhttp.OkHttpClient: <-- END HTTP (316-byte body)
12-03 00:08:40.724  6605  6605 I ViewInteraction: Checking 'MatchesViewAssertion{viewMatcher=(view has effective visibility <VISIBLE> and view.getGlobalVisibleRect() to return non-empty rectangle)}' assertion on view view.getId() is <2131231230/ru.iteco.fmhandroid:id/news_list_recycler_view>
12-03 00:08:40.732  6605  6605 I ViewInteraction: Performing 'scroll RecyclerView to: holder with view: ((view is an instance of android.view.ViewGroup and has descendant matching an instance of android.widget.TextView and view.getText() with or without transformation to match: is "Объявление a743ce49-0c47-4877-a9b8-fc7011637f65"))' action on view view.getId() is <2131231230/ru.iteco.fmhandroid:id/news_list_recycler_view>
12-03 00:08:41.205  6605  6605 I ViewInteraction: Checking 'MatchesViewAssertion{viewMatcher=(view has effective visibility <VISIBLE> and view.getGlobalVisibleRect() to return non-empty rectangle)}' assertion on view view.getId() is <2131231230/ru.iteco.fmhandroid:id/news_list_recycler_view>
12-03 00:08:41.211  6605  6605 I ViewInteraction: Performing 'single click' action on view (view.getId() is <2131231024/ru.iteco.fmhandroid:id/edit_news_item_image_view> and view.getParent() view.getParent() (view.getId() is <2131231215/ru.iteco.fmhandroid:id/news_item_material_card_view> and (view is an instance of android.view.ViewGroup and has child matching: (view is an instance of android.view.ViewGroup and has child matching: an instance of android.widget.TextView and view.getText() with or without transformation to match: is "Объявление a743ce49-0c47-4877-a9b8-fc7011637f65"))))
12-03 00:08:41.708  6605  6605 I ViewInteraction: Performing 'wait for a specific view with <view.getId() is <2131231204/ru.iteco.fmhandroid:id/news_item_category_text_auto_complete_text_view>> during 10000 millis.' action on view view.getRootView() to equal view
12-03 00:08:41.713  6605  6605 I ViewInteraction: Checking 'MatchesViewAssertion{viewMatcher=an instance of android.widget.TextView and view.getText() with or without transformation to match: is "Объявление"}' assertion on view view.getId() is <2131231204/ru.iteco.fmhandroid:id/news_item_category_text_auto_complete_text_view>
12-03 00:08:41.717  6605  6605 I ViewInteraction: Performing 'wait for a specific view with <view.getId() is <2131231227/ru.iteco.fmhandroid:id/news_item_title_text_input_edit_text>> during 10000 millis.' action on view view.getRootView() to equal view
12-03 00:08:41.720  6605  6605 I ViewInteraction: Checking 'MatchesViewAssertion{viewMatcher=an instance of android.widget.TextView and view.getText() with or without transformation to match: is "Объявление a743ce49-0c47-4877-a9b8-fc7011637f65"}' assertion on view view.getId() is <2131231227/ru.iteco.fmhandroid:id/news_item_title_text_input_edit_text>
12-03 00:08:41.723  6605  6605 I ViewInteraction: Performing 'wait for a specific view with <view.getId() is <2131231211/ru.iteco.fmhandroid:id/news_item_description_text_input_edit_text>> during 10000 millis.' action on view view.getRootView() to equal view
12-03 00:08:41.726  6605  6605 I ViewInteraction: Checking 'MatchesViewAssertion{viewMatcher=an instance of android.widget.TextView and view.getText() with or without transformation to match: is "Объявление a743ce49-0c47-4877-a9b8-fc7011637f65"}' assertion on view view.getId() is <2131231211/ru.iteco.fmhandroid:id/news_item_description_text_input_edit_text>
12-03 00:08:41.729  6605  6605 I ViewInteraction: Performing 'wait for a specific view with <view.getId() is <2131231291/ru.iteco.fmhandroid:id/save_button>> during 10000 millis.' action on view view.getRootView() to equal view
12-03 00:08:41.735  6605  6605 I ViewInteraction: Checking 'MatchesViewAssertion{viewMatcher=(view has effective visibility <VISIBLE> and view.getGlobalVisibleRect() to return non-empty rectangle)}' assertion on view view.getId() is <2131231291/ru.iteco.fmhandroid:id/save_button>
12-03 00:08:41.738  6605  6605 I ViewInteraction: Performing 'wait for a specific view with <view.getId() is <2131230890>> during 10000 millis.' action on view view.getRootView() to equal view
12-03 00:08:41.743  6605  6605 I ViewInteraction: Checking 'MatchesViewAssertion{viewMatcher=(view has effective visibility <VISIBLE> and view.getGlobalVisibleRect() to return non-empty rectangle)}' assertion on view view.getId() is <2131230890/ru.iteco.fmhandroid:id/cancel_button>
12-03 00:08:41.746  6605  6605 I ViewInteraction: Performing 'wait for a specific view with <view.getId() is <2131231361>> during 10000 millis.' action on view view.getRootView() to equal view
12-03 00:08:41.750  6605  6605 I ViewInteraction: Checking 'MatchesViewAssertion{viewMatcher=(view has effective visibility <VISIBLE> and view.getGlobalVisibleRect() to return non-empty rectangle)}' assertion on view view.getId() is <2131231361/ru.iteco.fmhandroid:id/switcher>
12-03 00:08:41.753  6605  6605 I ViewInteraction: Performing 'wait for a specific view with <view.getId() is <2131231227/ru.iteco.fmhandroid:id/news_item_title_text_input_edit_text>> during 10000 millis.' action on view view.getRootView() to equal view
12-03 00:08:41.757  6605  6605 I ViewInteraction: Performing 'replace text(Объявление a743ce49-0c47-4877-a9b8-fc7011637f65 проверка)' action on view view.getId() is <2131231227/ru.iteco.fmhandroid:id/news_item_title_text_input_edit_text>
12-03 00:08:41.786  6605  6605 I ViewInteraction: Performing 'wait for a specific view with <view.getId() is <2131231291/ru.iteco.fmhandroid:id/save_button>> during 10000 millis.' action on view view.getRootView() to equal view
12-03 00:08:41.791  6605  6605 I ViewInteraction: Performing 'single click' action on view view.getId() is <2131231291/ru.iteco.fmhandroid:id/save_button>
12-03 00:08:41.854  6605  6714 I okhttp.OkHttpClient: --> PUT http://www.981757-ca08998.tmweb.ru:8080/fmh/news
12-03 00:08:41.855  6605  6714 I okhttp.OkHttpClient: Content-Type: application/json; charset=UTF-8
12-03 00:08:41.855  6605  6714 I okhttp.OkHttpClient: Content-Length: 348
12-03 00:08:41.858  6605  6714 I okhttp.OkHttpClient: {"createDate":1670015320,"creatorId":2,"creatorName":"Иванов Данил Данилович","description":"Объявление a743ce49-0c47-4877-a9b8-fc7011637f65","id":4340,"isOpen":false,"newsCategoryId":1,"publishDate":1670015280,"publishEnabled":true,"title":"Объявление a743ce49-0c47-4877-a9b8-fc7011637f65 проверка"}
12-03 00:08:41.858  6605  6714 I okhttp.OkHttpClient: --> END PUT (348-byte body)
12-03 00:08:42.034  6605  6714 I okhttp.OkHttpClient: <-- 200 http://www.981757-ca08998.tmweb.ru:8080/fmh/news (175ms)
12-03 00:08:42.034  6605  6714 I okhttp.OkHttpClient: Vary: Origin
12-03 00:08:42.034  6605  6714 I okhttp.OkHttpClient: Vary: Access-Control-Request-Method
12-03 00:08:42.034  6605  6714 I okhttp.OkHttpClient: Vary: Access-Control-Request-Headers
12-03 00:08:42.034  6605  6714 I okhttp.OkHttpClient: X-Content-Type-Options: nosniff
12-03 00:08:42.034  6605  6714 I okhttp.OkHttpClient: X-XSS-Protection: 1; mode=block
12-03 00:08:42.034  6605  6714 I okhttp.OkHttpClient: Cache-Control: no-cache, no-store, max-age=0, must-revalidate
12-03 00:08:42.034  6605  6714 I okhttp.OkHttpClient: Pragma: no-cache
12-03 00:08:42.034  6605  6714 I okhttp.OkHttpClient: Expires: 0
12-03 00:08:42.034  6605  6714 I okhttp.OkHttpClient: X-Frame-Options: DENY
12-03 00:08:42.034  6605  6714 I okhttp.OkHttpClient: Content-Type: application/json
12-03 00:08:42.034  6605  6714 I okhttp.OkHttpClient: Transfer-Encoding: chunked
12-03 00:08:42.034  6605  6714 I okhttp.OkHttpClient: Date: Fri, 02 Dec 2022 21:08:43 GMT
12-03 00:08:42.034  6605  6714 I okhttp.OkHttpClient: Keep-Alive: timeout=60
12-03 00:08:42.034  6605  6714 I okhttp.OkHttpClient: Connection: keep-alive
12-03 00:08:42.035  6605  6714 I okhttp.OkHttpClient: {"id":4340,"newsCategoryId":1,"title":"Объявление a743ce49-0c47-4877-a9b8-fc7011637f65 проверка","description":"Объявление a743ce49-0c47-4877-a9b8-fc7011637f65","creatorId":2,"createDate":1670015320,"publishDate":1670015280,"publishEnabled":true,"creatorName":"Иванов Данил Данилович"}
12-03 00:08:42.035  6605  6714 I okhttp.OkHttpClient: <-- END HTTP (333-byte body)
12-03 00:08:42.091  6605  6605 I ViewInteraction: Performing 'wait for a specific view with <view.getId() is <2131231230/ru.iteco.fmhandroid:id/news_list_recycler_view>> during 10000 millis.' action on view view.getRootView() to equal view
12-03 00:08:42.101  6605  6605 I ViewInteraction: Checking 'MatchesViewAssertion{viewMatcher=(view has effective visibility <VISIBLE> and view.getGlobalVisibleRect() to return non-empty rectangle)}' assertion on view view.getId() is <2131231230/ru.iteco.fmhandroid:id/news_list_recycler_view>
12-03 00:08:42.104  6605  6605 D takeScreenshot: Found 1 global views to redraw
12-03 00:08:42.136  1772  6832 D gralloc_ranchu: gralloc_alloc: Creating ashmem region of size 14749696
12-03 00:08:42.184  6605  6651 W DefaultFailureHandler: Failed to take screenshot
12-03 00:08:42.184  6605  6651 W DefaultFailureHandler: java.io.FileNotFoundException: view-op-error-2.png: open failed: EROFS (Read-only file system)
12-03 00:08:42.184  6605  6651 W DefaultFailureHandler: 	at libcore.io.IoBridge.open(IoBridge.java:496)
12-03 00:08:42.184  6605  6651 W DefaultFailureHandler: 	at java.io.FileOutputStream.<init>(FileOutputStream.java:235)
12-03 00:08:42.184  6605  6651 W DefaultFailureHandler: 	at java.io.FileOutputStream.<init>(FileOutputStream.java:125)
12-03 00:08:42.184  6605  6651 W DefaultFailureHandler: 	at androidx.test.platform.io.FileTestStorage.openOutputFile(FileTestStorage.java:60)
12-03 00:08:42.184  6605  6651 W DefaultFailureHandler: 	at androidx.test.core.graphics.BitmapStorage.writeToTestStorage(BitmapStorageExt.kt:49)
12-03 00:08:42.184  6605  6651 W DefaultFailureHandler: 	at androidx.test.espresso.base.DefaultFailureHandler.takeScreenshot(DefaultFailureHandler.java:4)
12-03 00:08:42.184  6605  6651 W DefaultFailureHandler: 	at androidx.test.espresso.base.DefaultFailureHandler.handle(DefaultFailureHandler.java:3)
12-03 00:08:42.184  6605  6651 W DefaultFailureHandler: 	at androidx.test.espresso.ViewInteraction.waitForAndHandleInteractionResults(ViewInteraction.java:5)
12-03 00:08:42.184  6605  6651 W DefaultFailureHandler: 	at androidx.test.espresso.ViewInteraction.check(ViewInteraction.java:12)
12-03 00:08:42.184  6605  6651 W DefaultFailureHandler: 	at ru.iteco.fmhandroid.ui.steps.ControlPanelSteps.scrollToElementInRecyclerList(ControlPanelSteps.java:209)
12-03 00:08:42.184  6605  6651 W DefaultFailureHandler: 	at ru.iteco.fmhandroid.ui.ControlPanelTest.shouldChangeNewsTitle(ControlPanelTest.java:274)
12-03 00:08:42.184  6605  6651 W DefaultFailureHandler: 	at java.lang.reflect.Method.invoke(Native Method)
12-03 00:08:42.184  6605  6651 W DefaultFailureHandler: 	at org.junit.runners.model.FrameworkMethod$1.runReflectiveCall(FrameworkMethod.java:59)
12-03 00:08:42.184  6605  6651 W DefaultFailureHandler: 	at org.junit.internal.runners.model.ReflectiveCallable.run(ReflectiveCallable.java:12)
12-03 00:08:42.184  6605  6651 W DefaultFailureHandler: 	at org.junit.runners.model.FrameworkMethod.invokeExplosively(FrameworkMethod.java:56)
12-03 00:08:42.184  6605  6651 W DefaultFailureHandler: 	at org.junit.internal.runners.statements.InvokeMethod.evaluate(InvokeMethod.java:17)
12-03 00:08:42.184  6605  6651 W DefaultFailureHandler: 	at androidx.test.internal.runner.junit4.statement.RunBefores.evaluate(RunBefores.java:80)
12-03 00:08:42.184  6605  6651 W DefaultFailureHandler: 	at androidx.test.internal.runner.junit4.statement.RunAfters.evaluate(RunAfters.java:61)
12-03 00:08:42.184  6605  6651 W DefaultFailureHandler: 	at androidx.test.rule.ActivityTestRule$ActivityStatement.evaluate(ActivityTestRule.java:543)
12-03 00:08:42.184  6605  6651 W DefaultFailureHandler: 	at io.qameta.allure.android.rules.LogcatRule$apply$1.evaluate(LogcatRule.kt:23)
12-03 00:08:42.184  6605  6651 W DefaultFailureHandler: 	at io.qameta.allure.android.rules.ScreenshotRule$apply$1.evaluate(ScreenshotRule.kt:22)
12-03 00:08:42.184  6605  6651 W DefaultFailureHandler: 	at io.qameta.allure.android.rules.ScreenshotRule$apply$1.evaluate(ScreenshotRule.kt:22)
12-03 00:08:42.184  6605  6651 W DefaultFailureHandler: 	at org.junit.rules.RunRules.evaluate(RunRules.java:20)
12-03 00:08:42.184  6605  6651 W DefaultFailureHandler: 	at org.junit.runners.ParentRunner$3.evaluate(ParentRunner.java:306)
12-03 00:08:42.184  6605  6651 W DefaultFailureHandler: 	at org.junit.runners.BlockJUnit4ClassRunner$1.evaluate(BlockJUnit4ClassRunner.java:100)
12-03 00:08:42.184  6605  6651 W DefaultFailureHandler: 	at org.junit.runners.ParentRunner.runLeaf(ParentRunner.java:366)
12-03 00:08:42.184  6605  6651 W DefaultFailureHandler: 	at org.junit.runners.BlockJUnit4ClassRunner.runChild(BlockJUnit4ClassRunner.java:103)
12-03 00:08:42.184  6605  6651 W DefaultFailureHandler: 	at org.junit.runners.BlockJUnit4ClassRunner.runChild(BlockJUnit4ClassRunner.java:63)
12-03 00:08:42.184  6605  6651 W DefaultFailureHandler: 	at org.junit.runners.ParentRunner$4.run(ParentRunner.java:331)
12-03 00:08:42.184  6605  6651 W DefaultFailureHandler: 	at org.junit.runners.ParentRunner$1.schedule(ParentRunner.java:79)
12-03 00:08:42.184  6605  6651 W DefaultFailureHandler: 	at org.junit.runners.ParentRunner.runChildren(ParentRunner.java:329)
12-03 00:08:42.184  6605  6651 W DefaultFailureHandler: 	at org.junit.runners.ParentRunner.access$100(ParentRunner.java:66)
12-03 00:08:42.184  6605  6651 W DefaultFailureHandler: 	at org.junit.runners.ParentRunner$2.evaluate(ParentRunner.java:293)
12-03 00:08:42.184  6605  6651 W DefaultFailureHandler: 	at org.junit.runners.ParentRunner$3.evaluate(ParentRunner.java:306)
12-03 00:08:42.184  6605  6651 W DefaultFailureHandler: 	at org.junit.runners.ParentRunner.run(ParentRunner.java:413)
12-03 00:08:42.184  6605  6651 W DefaultFailureHandler: 	at androidx.test.ext.junit.runners.AndroidJUnit4.run(AndroidJUnit4.java:162)
12-03 00:08:42.184  6605  6651 W DefaultFailureHandler: 	at io.qameta.allure.android.runners.AllureAndroidJUnit4.run(AllureAndroidJUnitRunners.kt:29)
12-03 00:08:42.184  6605  6651 W DefaultFailureHandler: 	at org.junit.runners.Suite.runChild(Suite.java:128)
12-03 00:08:42.184  6605  6651 W DefaultFailureHandler: 	at org.junit.runners.Suite.runChild(Suite.java:27)
12-03 00:08:42.184  6605  6651 W DefaultFailureHandler: 	at org.junit.runners.ParentRunner$4.run(ParentRunner.java:331)
12-03 00:08:42.184  6605  6651 W DefaultFailureHandler: 	at org.junit.runners.ParentRunner$1.schedule(ParentRunner.java:79)
12-03 00:08:42.184  6605  6651 W DefaultFailureHandler: 	at org.junit.runners.ParentRunner.runChildren(ParentRunner.java:329)
12-03 00:08:42.184  6605  6651 W DefaultFailureHandler: 	at org.junit.runners.ParentRunner.access$100(ParentRunner.java:66)
12-03 00:08:42.184  6605  6651 W DefaultFailureHandler: 	at org.junit.runners.ParentRunner$2.evaluate(ParentRunner.java:293)
12-03 00:08:42.184  6605  6651 W DefaultFailureHandler: 	at org.junit.runners.ParentRunner$3.evaluate(ParentRunner.java:306)
12-03 00:08:42.184  6605  6651 W DefaultFailureHandler: 	at org.junit.runners.ParentRunner.run(ParentRunner.java:413)
12-03 00:08:42.184  6605  6651 W DefaultFailureHandler: 	at org.junit.runner.JUnitCore.run(JUnitCore.java:137)
12-03 00:08:42.184  6605  6651 W DefaultFailureHandler: 	at org.junit.runner.JUnitCore.run(JUnitCore.java:115)
12-03 00:08:42.184  6605  6651 W DefaultFailureHandler: 	at androidx.test.internal.runner.TestExecutor.execute(TestExecutor.java:67)
12-03 00:08:42.184  6605  6651 W DefaultFailureHandler: 	at androidx.test.internal.runner.TestExecutor.execute(TestExecutor.java:58)
12-03 00:08:42.184  6605  6651 W DefaultFailureHandler: 	at androidx.test.runner.AndroidJUnitRunner.onStart(AndroidJUnitRunner.java:438)
12-03 00:08:42.185  6605  6651 W DefaultFailureHandler: 	at android.app.Instrumentation$InstrumentationThread.run(Instrumentation.java:2189)
12-03 00:08:42.185  6605  6651 W DefaultFailureHandler: Caused by: android.system.ErrnoException: open failed: EROFS (Read-only file system)
12-03 00:08:42.185  6605  6651 W DefaultFailureHandler: 	at libcore.io.Linux.open(Native Method)
12-03 00:08:42.185  6605  6651 W DefaultFailureHandler: 	at libcore.io.ForwardingOs.open(ForwardingOs.java:167)
12-03 00:08:42.185  6605  6651 W DefaultFailureHandler: 	at libcore.io.BlockGuardOs.open(BlockGuardOs.java:252)
12-03 00:08:42.185  6605  6651 W DefaultFailureHandler: 	at libcore.io.ForwardingOs.open(ForwardingOs.java:167)
12-03 00:08:42.185  6605  6651 W DefaultFailureHandler: 	at android.app.ActivityThread$AndroidOs.open(ActivityThread.java:7255)
12-03 00:08:42.185  6605  6651 W DefaultFailureHandler: 	at libcore.io.IoBridge.open(IoBridge.java:482)
12-03 00:08:42.185  6605  6651 W DefaultFailureHandler: 	... 51 more
12-03 00:08:42.739  2448  3615 E ActivityThread: Failed to find provider info for com.google.android.apps.wellbeing.api
12-03 00:08:42.956  2169  2169 D StatusBar: disable<e i a s b h r c s > disable2<q i n >
12-03 00:08:43.042  1772  6832 D gralloc_ranchu: gralloc_alloc: Creating ashmem region of size 14749696
12-03 00:08:43.117  2169  2501 D EGL_emulation: eglMakeCurrent: 0xdb91a600: ver 2 0 (tinfo 0xdb90f8d0)
12-03 00:08:43.156  1772  6832 D gralloc_ranchu: gralloc_alloc: Creating ashmem region of size 14749696
12-03 00:08:43.170  2169  2169 D StatusBar: disable<e i a s b h r c s > disable2<q i n >
12-03 00:08:43.323  1772  6832 D gralloc_ranchu: gralloc_alloc: Creating ashmem region of size 14749696
