--------- beginning of main
12-03 00:07:58.047  1881  1881 E netmgr  : Failed to open QEMU pipe 'qemud:network': Invalid argument
12-03 00:07:58.848  6605  6605 I teco.fmhandroi: The ClassLoaderContext is a special shared library.
12-03 00:07:58.848  6605  6605 I teco.fmhandroi: The ClassLoaderContext is a special shared library.
12-03 00:08:00.016  6605  6605 W teco.fmhandroi: Accessing hidden method Landroid/app/Instrumentation;->execStartActivity(Landroid/content/Context;Landroid/os/IBinder;Landroid/os/IBinder;Landroid/app/Activity;Landroid/content/Intent;ILandroid/os/Bundle;)Landroid/app/Instrumentation$ActivityResult; (greylist, linking, allowed)
12-03 00:08:00.016  6605  6605 W teco.fmhandroi: Accessing hidden method Landroid/app/Instrumentation;->execStartActivity(Landroid/content/Context;Landroid/os/IBinder;Landroid/os/IBinder;Ljava/lang/String;Landroid/content/Intent;ILandroid/os/Bundle;)Landroid/app/Instrumentation$ActivityResult; (greylist, linking, allowed)
12-03 00:08:00.020  2169  2169 D KeyguardClockSwitch: Updating clock: 1208
12-03 00:08:00.032  6605  6605 I MonitoringInstr: newApplication called!
12-03 00:08:00.091  6605  6605 I FirebaseApp: Device unlocked: initializing all Firebase APIs for app [DEFAULT]
12-03 00:08:00.116  6605  6605 I FirebaseCrashlytics: Initializing Firebase Crashlytics 18.2.6 for ru.iteco.fmhandroid
12-03 00:08:00.193  6605  6639 I DynamiteModule: Considering local module com.google.android.gms.measurement.dynamite:55 and remote module com.google.android.gms.measurement.dynamite:15
12-03 00:08:00.193  6605  6639 I DynamiteModule: Selected local version of com.google.android.gms.measurement.dynamite
12-03 00:08:00.293  6605  6605 I FirebaseInitProvider: FirebaseApp initialization successful
12-03 00:08:00.334  6605  6605 I MonitoringInstr: Instrumentation started!
12-03 00:08:00.341  6605  6605 D ClassesArgTokenizer: input: ru.iteco.fmhandroid.ui.ControlPanelTest#shouldChangeNewsTitle
12-03 00:08:00.342  6605  6605 D ClassesArgTokenizer: result: [ru.iteco.fmhandroid.ui.ControlPanelTest#shouldChangeNewsTitle]
12-03 00:08:00.342  6605  6605 D ClassesArgTokenizer: input: null
12-03 00:08:00.342  6605  6605 D ClassesArgTokenizer: result: []
12-03 00:08:00.347  6605  6605 V TestEventClient: No service name argument was given (testDiscoveryService, testRunEventService or orchestratorService)
12-03 00:08:00.372  6605  6651 D AndroidJUnitRunner: onStart is called.
12-03 00:08:00.385  6605  6605 I MonitoringInstr: No JSBridge.
12-03 00:08:00.429  6605  6645 V FA      : App measurement collection enabled
12-03 00:08:00.431  6605  6645 V FA      : App measurement enabled for app package, google app id: ru.iteco.fmhandroid, 1:729587742060:android:e7d6f87c783f52b9a42f49
12-03 00:08:00.434  6605  6645 I FA      : App measurement initialized, version: 46000
12-03 00:08:00.434  6605  6645 I FA      : To enable debug logging run: adb shell setprop log.tag.FA VERBOSE
12-03 00:08:00.434  6605  6645 I FA      : To enable faster debug mode event logging run:
12-03 00:08:00.434  6605  6645 I FA      :   adb shell setprop debug.firebase.analytics.app ru.iteco.fmhandroid
12-03 00:08:00.434  6605  6651 D TestRequestBuilder: Skipping class path scanning and directly running [ru.iteco.fmhandroid.ui.ControlPanelTest]
12-03 00:08:00.435  6605  6651 I teco.fmhandroi: Waiting for a blocking GC ClassLinker
12-03 00:08:00.435  6605  6645 D FA      : Debug-level message logging enabled
12-03 00:08:00.441  6605  6651 I teco.fmhandroi: WaitForGcToComplete blocked ClassLinker on ClassLinker for 6.138ms
12-03 00:08:00.458  6605  6651 D ClassesArgTokenizer: input: ru.iteco.fmhandroid.ui.ControlPanelTest#shouldChangeNewsTitle
12-03 00:08:00.458  6605  6651 D ClassesArgTokenizer: result: [ru.iteco.fmhandroid.ui.ControlPanelTest#shouldChangeNewsTitle]
12-03 00:08:00.458  6605  6651 D ClassesArgTokenizer: input: null
12-03 00:08:00.459  6605  6651 D ClassesArgTokenizer: result: []
12-03 00:08:00.483  6605  6651 D AndroidJUnitRunner: Use the raw file system for managing file I/O.
12-03 00:08:00.489  6605  6651 D TestExecutor: Adding listener androidx.test.internal.runner.listener.LogRunListener
12-03 00:08:00.489  6605  6651 D TestExecutor: Adding listener androidx.test.internal.runner.listener.InstrumentationResultPrinter
12-03 00:08:00.489  6605  6651 D TestExecutor: Adding listener androidx.test.internal.runner.listener.ActivityFinisherRunListener
12-03 00:08:00.490  6605  6651 D TestExecutor: Adding listener androidx.test.internal.runner.listener.TraceRunListener
12-03 00:08:00.499  6605  6651 I TestRunner: run started: 1 tests
12-03 00:08:00.505  6605  6645 V FA      : Connecting to remote service
12-03 00:08:00.529  6605  6645 V FA      : Connection attempt already in progress
12-03 00:08:00.543  6605  6645 V FA      : Connection attempt already in progress
12-03 00:08:00.546  6605  6645 D FA      : Connected to remote service
12-03 00:08:00.547  6605  6645 V FA      : Processing queued up service tasks: 3
12-03 00:08:00.568  6605  6651 I TestRunner: started: shouldChangeNewsTitle(ru.iteco.fmhandroid.ui.ControlPanelTest)
12-03 00:08:00.639  2881  6654 V FA-SVC  : Saving default event parameters, appId, data size: ru.iteco.fmhandroid, 2
12-03 00:08:00.742  1743  6655 E ResolverController: No valid NAT64 prefix (128, <unspecified>/0)
12-03 00:08:00.859  6605  6651 W FileTestStorage: Output properties is not supported.
12-03 00:08:00.860  6605  6651 I Tracing : Tracer added: class androidx.test.platform.tracing.AndroidXTracer
12-03 00:08:00.879  6605  6651 D EventInjectionStrategy: Creating injection strategy with input manager.
12-03 00:08:00.881  6605  6651 W teco.fmhandroi: Accessing hidden method Landroid/hardware/input/InputManager;->getInstance()Landroid/hardware/input/InputManager; (greylist, reflection, allowed)
12-03 00:08:00.883  6605  6651 W teco.fmhandroi: Accessing hidden method Landroid/hardware/input/InputManager;->injectInputEvent(Landroid/view/InputEvent;I)Z (greylist, reflection, allowed)
12-03 00:08:00.884  6605  6651 W teco.fmhandroi: Accessing hidden field Landroid/hardware/input/InputManager;->INJECT_INPUT_EVENT_MODE_WAIT_FOR_FINISH:I (greylist, reflection, allowed)
--------- beginning of system
12-03 00:08:00.992  2010  2010 V SettingsProvider: Notifying for 0: content://settings/secure/accessibility_enabled
12-03 00:08:01.243  6605  6651 W ActivityTestRule: getActivityIntent() returned null using default: Intent(Intent.ACTION_MAIN)
12-03 00:08:01.252  2010  4313 I ActivityTaskManager: START u0 {act=android.intent.action.MAIN flg=0x14000000 cmp=ru.iteco.fmhandroid/.ui.AppActivity} from uid 10159
12-03 00:08:01.332  2010  3605 W InputReader: Device has associated, but no associated display id.
12-03 00:08:01.343  2010  3605 I chatty  : uid=1000(system) Binder:2010_E identical 28 lines
12-03 00:08:01.343  2010  3605 W InputReader: Device has associated, but no associated display id.
12-03 00:08:01.344  6605  6605 W ActivityThread: handleWindowVisibility: no activity for token android.os.BinderProxy@dcaee5c
12-03 00:08:01.348  2010  3605 W InputReader: Device has associated, but no associated display id.
12-03 00:08:01.348  2010  3605 I chatty  : uid=1000(system) Binder:2010_E identical 8 lines
12-03 00:08:01.348  2010  3605 W InputReader: Device has associated, but no associated display id.
12-03 00:08:01.354  2010  2037 E system_server: Invalid ID 0x00000000.
12-03 00:08:01.379  1788  2120 E SurfaceFlinger: ro.sf.lcd_density must be defined as a build property
12-03 00:08:01.380  1788  2120 E SurfaceFlinger: ro.sf.lcd_density must be defined as a build property
12-03 00:08:01.388  6605  6666 D libEGL  : Emulator has host GPU support, qemu.gles is set to 1.
12-03 00:08:01.389  6605  6666 W libc    : Unable to set property "qemu.gles" to "1": connection failed; errno=13 (Permission denied)
12-03 00:08:01.380  6605  6605 W RenderThread: type=1400 audit(0.0:865): avc: denied { write } for name="property_service" dev="tmpfs" ino=8412 scontext=u:r:untrusted_app:s0:c159,c256,c512,c768 tcontext=u:object_r:property_socket:s0 tclass=sock_file permissive=0 app=ru.iteco.fmhandroid
12-03 00:08:01.430  1772  1772 D gralloc_ranchu: gralloc_alloc: Creating ashmem region of size 14749696
12-03 00:08:01.537  6605  6605 D LifecycleMonitor: Lifecycle status change: ru.iteco.fmhandroid.ui.AppActivity@5eb42e1 in: PRE_ON_CREATE
12-03 00:08:01.559  6605  6639 V FA      : onActivityCreated
12-03 00:08:01.632  6605  6666 D libEGL  : loaded /vendor/lib/egl/libEGL_emulation.so
12-03 00:08:01.641  6605  6666 D libEGL  : loaded /vendor/lib/egl/libGLESv1_CM_emulation.so
12-03 00:08:01.648  6605  6666 D libEGL  : loaded /vendor/lib/egl/libGLESv2_emulation.so
12-03 00:08:01.664  6605  6605 W teco.fmhandroi: Accessing hidden method Landroid/view/View;->computeFitSystemWindows(Landroid/graphics/Rect;Landroid/graphics/Rect;)Z (greylist, reflection, allowed)
12-03 00:08:01.667  6605  6605 W teco.fmhandroi: Accessing hidden method Landroid/view/ViewGroup;->makeOptionalFitsSystemWindows()V (greylist, reflection, allowed)
12-03 00:08:01.904  6605  6605 D NetworkSecurityConfig: No Network Security Config specified, using platform default
12-03 00:08:01.926  6605  6605 W teco.fmhandroi: Accessing hidden method Ljava/lang/invoke/MethodHandles$Lookup;-><init>(Ljava/lang/Class;I)V (greylist, reflection, allowed)
12-03 00:08:02.105  6605  6605 D LifecycleMonitor: Lifecycle status change: ru.iteco.fmhandroid.ui.AppActivity@5eb42e1 in: CREATED
12-03 00:08:02.175  2010  2037 I Choreographer: Skipped 46 frames!  The application may be doing too much work on its main thread.
12-03 00:08:02.195  2010  2037 W InputReader: Device has associated, but no associated display id.
12-03 00:08:02.195  2010  2037 I chatty  : uid=1000(system) android.anim identical 8 lines
12-03 00:08:02.195  2010  2037 W InputReader: Device has associated, but no associated display id.
12-03 00:08:02.245  2448  3326 D EGL_emulation: eglMakeCurrent: 0xe3a07ba0: ver 2 0 (tinfo 0xe3a93b30)
12-03 00:08:02.326  2169  2501 D EGL_emulation: eglMakeCurrent: 0xdb91a600: ver 2 0 (tinfo 0xdb90f8d0)
12-03 00:08:02.331  3139  3664 D EGL_emulation: eglMakeCurrent: 0xdb91c460: ver 2 0 (tinfo 0xbe64a3f0)
12-03 00:08:02.510  6605  6605 D LifecycleMonitor: Lifecycle status change: ru.iteco.fmhandroid.ui.AppActivity@5eb42e1 in: STARTED
12-03 00:08:02.513  6605  6605 D LifecycleMonitor: Lifecycle status change: ru.iteco.fmhandroid.ui.AppActivity@5eb42e1 in: RESUMED
12-03 00:08:02.514  6605  6645 V FA      : Activity resumed, time: 98913512
12-03 00:08:02.533  6605  6645 I FA      : Tag Manager is not found and thus will not be used
12-03 00:08:02.614  2881  6654 V FA-SVC  : Logging event: origin=auto,name=screen_view(_vs),params=Bundle[{ga_event_origin(_o)=auto, ga_screen_class(_sc)=AppActivity, ga_screen_id(_si)=3765984009765978659}]
12-03 00:08:02.635  6605  6664 D HostConnection: HostConnection::get() New Host Connection established 0xdb957cd0, tid 6664
12-03 00:08:02.635  6605  6664 D HostConnection: HostComposition ext ANDROID_EMU_CHECKSUM_HELPER_v1 ANDROID_EMU_dma_v1 ANDROID_EMU_direct_mem ANDROID_EMU_host_composition_v1 ANDROID_EMU_host_composition_v2 ANDROID_EMU_vulkan ANDROID_EMU_deferred_vulkan_commands ANDROID_EMU_vulkan_null_optional_strings ANDROID_EMU_vulkan_create_resources_with_requirements ANDROID_EMU_YUV_Cache ANDROID_EMU_vulkan_ignored_handles ANDROID_EMU_vulkan_free_memory_sync ANDROID_EMU_vulkan_shader_float16_int8 ANDROID_EMU_vulkan_async_queue_submit ANDROID_EMU_sync_buffer_data GL_OES_vertex_array_object GL_KHR_texture_compression_astc_ldr ANDROID_EMU_host_side_tracing ANDROID_EMU_gles_max_version_2 
12-03 00:08:02.680  6605  6664 W OpenGLRenderer: Failed to choose config with EGL_SWAP_BEHAVIOR_PRESERVED, retrying without...
12-03 00:08:02.682  2881  6654 V FA-SVC  : Upload scheduled in approximately ms: 1502009
12-03 00:08:02.683  2881  6654 V FA-SVC  : Unscheduling upload
12-03 00:08:02.691  2881  6654 V FA-SVC  : Scheduling upload, millis: 1502009
12-03 00:08:02.696  2881  6654 V FA-SVC  : Background event processing time, ms: 86
12-03 00:08:02.758  2584  6484 E SQLiteDatabase: Error inserting flex_time=1502000 job_id=-1 period=3005000 source=16 requires_charging=0 preferred_network_type=1 target_class=com.google.android.gms.measurement.PackageMeasurementTaskService user_id=0 target_package=com.google.android.gms tag=Measurement.PackageMeasurementTaskService.UPLOAD_TASK_TAG task_type=0 required_idleness_state=0 service_kind=0 source_version=202414000 persistence_level=1 preferred_charging_state=1 required_network_type=0 runtime=1670015282718 retry_strategy={"maximum_backoff_seconds":{"3600":0},"initial_backoff_seconds":{"30":0},"retry_policy":{"0":0}} last_runtime=0
12-03 00:08:02.758  2584  6484 E SQLiteDatabase: android.database.sqlite.SQLiteConstraintException: UNIQUE constraint failed: pending_ops.tag, pending_ops.target_class, pending_ops.target_package, pending_ops.user_id (code 2067 SQLITE_CONSTRAINT_UNIQUE)
12-03 00:08:02.758  2584  6484 E SQLiteDatabase: 	at android.database.sqlite.SQLiteConnection.nativeExecuteForLastInsertedRowId(Native Method)
12-03 00:08:02.758  2584  6484 E SQLiteDatabase: 	at android.database.sqlite.SQLiteConnection.executeForLastInsertedRowId(SQLiteConnection.java:879)
12-03 00:08:02.758  2584  6484 E SQLiteDatabase: 	at android.database.sqlite.SQLiteSession.executeForLastInsertedRowId(SQLiteSession.java:790)
12-03 00:08:02.758  2584  6484 E SQLiteDatabase: 	at android.database.sqlite.SQLiteStatement.executeInsert(SQLiteStatement.java:88)
12-03 00:08:02.758  2584  6484 E SQLiteDatabase: 	at android.database.sqlite.SQLiteDatabase.insertWithOnConflict(SQLiteDatabase.java:1599)
12-03 00:08:02.758  2584  6484 E SQLiteDatabase: 	at android.database.sqlite.SQLiteDatabase.insert(SQLiteDatabase.java:1468)
12-03 00:08:02.758  2584  6484 E SQLiteDatabase: 	at aqui.a(:com.google.android.gms@202414022@20.24.14 (040700-319035315):175)
12-03 00:08:02.758  2584  6484 E SQLiteDatabase: 	at aqtk.a(:com.google.android.gms@202414022@20.24.14 (040700-319035315):182)
12-03 00:08:02.758  2584  6484 E SQLiteDatabase: 	at aqtk.a(:com.google.android.gms@202414022@20.24.14 (040700-319035315):23)
12-03 00:08:02.758  2584  6484 E SQLiteDatabase: 	at aqtk.a(:com.google.android.gms@202414022@20.24.14 (040700-319035315):177)
12-03 00:08:02.758  2584  6484 E SQLiteDatabase: 	at aqpu.run(:com.google.android.gms@202414022@20.24.14 (040700-319035315):9)
12-03 00:08:02.758  2584  6484 E SQLiteDatabase: 	at soy.b(:com.google.android.gms@202414022@20.24.14 (040700-319035315):12)
12-03 00:08:02.758  2584  6484 E SQLiteDatabase: 	at soy.run(:com.google.android.gms@202414022@20.24.14 (040700-319035315):7)
12-03 00:08:02.758  2584  6484 E SQLiteDatabase: 	at java.util.concurrent.ThreadPoolExecutor.runWorker(ThreadPoolExecutor.java:1167)
12-03 00:08:02.758  2584  6484 E SQLiteDatabase: 	at java.util.concurrent.ThreadPoolExecutor$Worker.run(ThreadPoolExecutor.java:641)
12-03 00:08:02.758  2584  6484 E SQLiteDatabase: 	at sux.run(:com.google.android.gms@202414022@20.24.14 (040700-319035315):0)
12-03 00:08:02.758  2584  6484 E SQLiteDatabase: 	at java.lang.Thread.run(Thread.java:919)
12-03 00:08:02.798  6605  6664 D EGL_emulation: eglCreateContext: 0xdb91b3e0: maj 2 min 0 rcv 2
12-03 00:08:02.814  6605  6664 D EGL_emulation: eglMakeCurrent: 0xdb91b3e0: ver 2 0 (tinfo 0xc0b146a0)
12-03 00:08:02.825  1772  1772 D gralloc_ranchu: gralloc_alloc: Creating ashmem region of size 14749696
12-03 00:08:02.833  1648  1648 I hwservicemanager: getTransport: Cannot find entry android.hardware.graphics.mapper@3.0::IMapper/default in either framework or device manifest.
12-03 00:08:02.833  6605  6664 W Gralloc3: mapper 3.x is not supported
12-03 00:08:02.843  6605  6664 D HostConnection: createUnique: call
12-03 00:08:02.844  6605  6664 D HostConnection: HostConnection::get() New Host Connection established 0xdb958130, tid 6664
12-03 00:08:02.857  6605  6664 D HostConnection: HostComposition ext ANDROID_EMU_CHECKSUM_HELPER_v1 ANDROID_EMU_dma_v1 ANDROID_EMU_direct_mem ANDROID_EMU_host_composition_v1 ANDROID_EMU_host_composition_v2 ANDROID_EMU_vulkan ANDROID_EMU_deferred_vulkan_commands ANDROID_EMU_vulkan_null_optional_strings ANDROID_EMU_vulkan_create_resources_with_requirements ANDROID_EMU_YUV_Cache ANDROID_EMU_vulkan_ignored_handles ANDROID_EMU_vulkan_free_memory_sync ANDROID_EMU_vulkan_shader_float16_int8 ANDROID_EMU_vulkan_async_queue_submit ANDROID_EMU_sync_buffer_data GL_OES_vertex_array_object GL_KHR_texture_compression_astc_ldr ANDROID_EMU_host_side_tracing ANDROID_EMU_gles_max_version_2 
12-03 00:08:02.860  6605  6664 D eglCodecCommon: allocate: Ask for block of size 0x1000
12-03 00:08:02.861  6605  6664 D eglCodecCommon: allocate: ioctl allocate returned offset 0x3ffff8000 size 0x2000
12-03 00:08:02.864  1772  1772 D gralloc_ranchu: gralloc_alloc: Creating ashmem region of size 14749696
12-03 00:08:02.865  1772  1772 D gralloc_ranchu: gralloc_alloc: Creating ashmem region of size 14749696
12-03 00:08:02.875  6605  6664 D EGL_emulation: eglMakeCurrent: 0xdb91b3e0: ver 2 0 (tinfo 0xc0b146a0)
12-03 00:08:03.078  2169  2501 D EGL_emulation: eglMakeCurrent: 0xdb91a600: ver 2 0 (tinfo 0xdb90f8d0)
12-03 00:08:03.100  2010  2041 I ActivityTaskManager: Displayed ru.iteco.fmhandroid/.ui.AppActivity: +1s793ms
12-03 00:08:03.277  6605  6651 W FileTestStorage: Test input args is not supported.
12-03 00:08:03.288  6605  6605 W teco.fmhandroi: Accessing hidden method Landroid/os/MessageQueue;->next()Landroid/os/Message; (greylist, reflection, allowed)
12-03 00:08:03.288  6605  6605 W teco.fmhandroi: Accessing hidden field Landroid/os/MessageQueue;->mMessages:Landroid/os/Message; (greylist, reflection, allowed)
12-03 00:08:03.293  6605  6651 W teco.fmhandroi: Accessing hidden method Lsun/misc/Unsafe;->getUnsafe()Lsun/misc/Unsafe; (greylist,core-platform-api, linking, allowed)
12-03 00:08:03.293  6605  6651 W teco.fmhandroi: Accessing hidden method Lsun/misc/Unsafe;->objectFieldOffset(Ljava/lang/reflect/Field;)J (greylist,core-platform-api, linking, allowed)
12-03 00:08:03.293  6605  6651 W teco.fmhandroi: Accessing hidden method Lsun/misc/Unsafe;->putObject(Ljava/lang/Object;JLjava/lang/Object;)V (greylist, linking, allowed)
12-03 00:08:03.296  6605  6605 W teco.fmhandroi: Accessing hidden method Landroid/os/Message;->recycleUnchecked()V (greylist, reflection, allowed)
12-03 00:08:03.315  6605  6651 W teco.fmhandroi: Accessing hidden method Lsun/misc/Unsafe;->compareAndSwapObject(Ljava/lang/Object;JLjava/lang/Object;Ljava/lang/Object;)Z (greylist, linking, allowed)
12-03 00:08:03.316  6605  6651 W teco.fmhandroi: Accessing hidden method Lsun/misc/Unsafe;->getObject(Ljava/lang/Object;J)Ljava/lang/Object; (greylist, linking, allowed)
12-03 00:08:03.321  6605  6605 W teco.fmhandroi: Accessing hidden method Landroid/view/WindowManagerGlobal;->getInstance()Landroid/view/WindowManagerGlobal; (greylist, reflection, allowed)
12-03 00:08:03.321  6605  6605 W teco.fmhandroi: Accessing hidden field Landroid/view/WindowManagerGlobal;->mViews:Ljava/util/ArrayList; (greylist, reflection, allowed)
12-03 00:08:03.321  6605  6605 W teco.fmhandroi: Accessing hidden field Landroid/view/WindowManagerGlobal;->mParams:Ljava/util/ArrayList; (greylist, reflection, allowed)
12-03 00:08:03.334  6605  6605 I ViewInteraction: Performing 'wait for a specific view with <(an instance of android.widget.TextView and view.getText() with or without transformation to match: is "Authorization" and view.getParent() view.getParent() view.getId() is <2131231186>)> during 10000 millis.' action on view view.getRootView() to equal view
12-03 00:08:03.373  3139  5019 I PBSessionCacheImpl: Deleted sessionId[429017011788] from persistence.
12-03 00:08:03.477  3139  3568 W SearchServiceCore: Abort, client detached.
12-03 00:08:05.510  6605  6605 W teco.fmhandroi: Accessing hidden field Lsun/misc/Unsafe;->theUnsafe:Lsun/misc/Unsafe; (greylist, reflection, allowed)
12-03 00:08:05.510  6605  6605 W teco.fmhandroi: Accessing hidden method Lsun/misc/Unsafe;->allocateInstance(Ljava/lang/Class;)Ljava/lang/Object; (greylist, reflection, allowed)
12-03 00:08:05.527  6605  6679 I okhttp.OkHttpClient: --> GET http://www.981757-ca08998.tmweb.ru:8080/fmh/authentication/userInfo
12-03 00:08:05.527  6605  6679 I okhttp.OkHttpClient: --> END GET
12-03 00:08:07.606  6605  6645 V FA      : Inactivity, disconnecting from the service
12-03 00:08:08.488  2010  2041 E memtrack: Couldn't load memtrack module
12-03 00:08:08.488  2010  2041 W android.os.Debug: failed to get memory consumption info: -1
12-03 00:08:08.672  2584  6488 I LogUtils: [Places]: ?: Couldn't find platform key file. [CONTEXT service_id=253 ]
12-03 00:08:08.679  2584  6205 I LogUtils: [Places]: ?: Couldn't find platform key file. [CONTEXT service_id=253 ]
12-03 00:08:08.710  2584  6486 I LogUtils: [Places]: ?: PlacesBleScanner stop() [CONTEXT service_id=253 ]
12-03 00:08:08.719  2584  6486 I PlacesLogger: [PlaceInferenceEngine]: [anon] Changed inference mode: 0 [CONTEXT service_id=253 ]
12-03 00:08:08.720  2584  2584 I BeaconBle: Scan : No clients left, canceling alarm. [CONTEXT service_id=111 ]
12-03 00:08:08.720  2584  2584 I BeaconBle: Scan canceled successfully. [CONTEXT service_id=111 ]
12-03 00:08:08.746  2584  6685 I LogUtils: [Places]: ?: Couldn't find platform key file. [CONTEXT service_id=253 ]
12-03 00:08:08.748  2584  6686 I LogUtils: [Places]: ?: Couldn't find platform key file. [CONTEXT service_id=253 ]
12-03 00:08:08.755  2584  3808 W GCoreFlp: No location to return for getLastLocation()
12-03 00:08:08.809  2584  2584 I GeofencerStateMachine: removeGeofences: removeRequest=RemoveGeofencingRequest[REMOVE_BY_PENDING_INTENT pendingIntent=PendingIntent[creatorPackage=com.google.android.gms], packageName=com.google.android.gms]
12-03 00:08:12.718  2448  3615 E ActivityThread: Failed to find provider info for com.google.android.apps.wellbeing.api
12-03 00:08:13.270  3139  3568 I WorkerManager: dispose()
12-03 00:08:13.272  3139  3568 W ThreadPoolDumper: Queue length for executor EventBus is now 11. Perhaps some tasks are too long, or the pool is too small.
12-03 00:08:13.383  6605  6605 D takeScreenshot: Found 1 global views to redraw
12-03 00:08:13.419  1772  1772 D gralloc_ranchu: gralloc_alloc: Creating ashmem region of size 14749696
12-03 00:08:13.453  1648  1648 I hwservicemanager: getTransport: Cannot find entry android.hardware.graphics.mapper@3.0::IMapper/default in either framework or device manifest.
12-03 00:08:13.453  6572  6604 W Gralloc3: mapper 3.x is not supported
12-03 00:08:13.501  6572  6604 D HostConnection: createUnique: call
12-03 00:08:13.506  6572  6604 D HostConnection: HostConnection::get() New Host Connection established 0xed356620, tid 6604
12-03 00:08:13.561  6572  6604 D HostConnection: HostComposition ext ANDROID_EMU_CHECKSUM_HELPER_v1 ANDROID_EMU_dma_v1 ANDROID_EMU_direct_mem ANDROID_EMU_host_composition_v1 ANDROID_EMU_host_composition_v2 ANDROID_EMU_vulkan ANDROID_EMU_deferred_vulkan_commands ANDROID_EMU_vulkan_null_optional_strings ANDROID_EMU_vulkan_create_resources_with_requirements ANDROID_EMU_YUV_Cache ANDROID_EMU_vulkan_ignored_handles ANDROID_EMU_vulkan_free_memory_sync ANDROID_EMU_vulkan_shader_float16_int8 ANDROID_EMU_vulkan_async_queue_submit ANDROID_EMU_sync_buffer_data GL_OES_vertex_array_object GL_KHR_texture_compression_astc_ldr ANDROID_EMU_host_side_tracing ANDROID_EMU_gles_max_version_2 
12-03 00:08:13.562  6572  6604 D eglCodecCommon: allocate: Ask for block of size 0x1000
12-03 00:08:13.562  6572  6604 D eglCodecCommon: allocate: ioctl allocate returned offset 0x3ff1d2000 size 0x2000
12-03 00:08:13.571  1788  1902 E SurfaceFlinger: ro.sf.lcd_density must be defined as a build property
12-03 00:08:13.573  1788  1902 E SurfaceFlinger: ro.sf.lcd_density must be defined as a build property
12-03 00:08:13.574  6572  6687 D libEGL  : Emulator has host GPU support, qemu.gles is set to 1.
12-03 00:08:13.580  6572  6687 W libc    : Unable to set property "qemu.gles" to "1": error code: 0x18
12-03 00:08:13.581  6572  6687 D libEGL  : loaded /vendor/lib/egl/libEGL_emulation.so
12-03 00:08:13.582  6572  6687 D libEGL  : loaded /vendor/lib/egl/libGLESv1_CM_emulation.so
12-03 00:08:13.583  6572  6687 D libEGL  : loaded /vendor/lib/egl/libGLESv2_emulation.so
12-03 00:08:13.593  6572  6687 D HostConnection: HostConnection::get() New Host Connection established 0xed356440, tid 6687
12-03 00:08:13.594  6572  6687 D HostConnection: HostComposition ext ANDROID_EMU_CHECKSUM_HELPER_v1 ANDROID_EMU_dma_v1 ANDROID_EMU_direct_mem ANDROID_EMU_host_composition_v1 ANDROID_EMU_host_composition_v2 ANDROID_EMU_vulkan ANDROID_EMU_deferred_vulkan_commands ANDROID_EMU_vulkan_null_optional_strings ANDROID_EMU_vulkan_create_resources_with_requirements ANDROID_EMU_YUV_Cache ANDROID_EMU_vulkan_ignored_handles ANDROID_EMU_vulkan_free_memory_sync ANDROID_EMU_vulkan_shader_float16_int8 ANDROID_EMU_vulkan_async_queue_submit ANDROID_EMU_sync_buffer_data GL_OES_vertex_array_object GL_KHR_texture_compression_astc_ldr ANDROID_EMU_host_side_tracing ANDROID_EMU_gles_max_version_2 
12-03 00:08:13.596  6572  6687 W OpenGLRenderer: Failed to choose config with EGL_SWAP_BEHAVIOR_PRESERVED, retrying without...
12-03 00:08:13.643  2584  2599 I .gms.persisten: Background young concurrent copying GC freed 58434(2968KB) AllocSpace objects, 24(1004KB) LOS objects, 27% free, 11MB/15MB, paused 1.074ms total 321.366ms
12-03 00:08:13.655  6572  6687 D EGL_emulation: eglCreateContext: 0xd8128360: maj 2 min 0 rcv 2
12-03 00:08:13.658  6572  6687 D EGL_emulation: eglMakeCurrent: 0xd8128360: ver 2 0 (tinfo 0xd810f370)
12-03 00:08:13.738  2584  2584 I BeaconBle: Scan : No clients left, canceling alarm. [CONTEXT service_id=111 ]
12-03 00:08:14.034  6605  6651 W DefaultFailureHandler: Failed to take screenshot
12-03 00:08:14.034  6605  6651 W DefaultFailureHandler: java.io.FileNotFoundException: view-op-error-1.png: open failed: EROFS (Read-only file system)
12-03 00:08:14.034  6605  6651 W DefaultFailureHandler: 	at libcore.io.IoBridge.open(IoBridge.java:496)
12-03 00:08:14.034  6605  6651 W DefaultFailureHandler: 	at java.io.FileOutputStream.<init>(FileOutputStream.java:235)
12-03 00:08:14.034  6605  6651 W DefaultFailureHandler: 	at java.io.FileOutputStream.<init>(FileOutputStream.java:125)
12-03 00:08:14.034  6605  6651 W DefaultFailureHandler: 	at androidx.test.platform.io.FileTestStorage.openOutputFile(FileTestStorage.java:60)
12-03 00:08:14.034  6605  6651 W DefaultFailureHandler: 	at androidx.test.core.graphics.BitmapStorage.writeToTestStorage(BitmapStorageExt.kt:49)
12-03 00:08:14.034  6605  6651 W DefaultFailureHandler: 	at androidx.test.espresso.base.DefaultFailureHandler.takeScreenshot(DefaultFailureHandler.java:4)
12-03 00:08:14.034  6605  6651 W DefaultFailureHandler: 	at androidx.test.espresso.base.DefaultFailureHandler.handle(DefaultFailureHandler.java:3)
12-03 00:08:14.034  6605  6651 W DefaultFailureHandler: 	at androidx.test.espresso.ViewInteraction.waitForAndHandleInteractionResults(ViewInteraction.java:8)
12-03 00:08:14.034  6605  6651 W DefaultFailureHandler: 	at androidx.test.espresso.ViewInteraction.desugaredPerform(ViewInteraction.java:11)
12-03 00:08:14.034  6605  6651 W DefaultFailureHandler: 	at androidx.test.espresso.ViewInteraction.perform(ViewInteraction.java:8)
12-03 00:08:14.034  6605  6651 W DefaultFailureHandler: 	at ru.iteco.fmhandroid.ui.data.TestUtils.waitView(TestUtils.java:61)
12-03 00:08:14.034  6605  6651 W DefaultFailureHandler: 	at ru.iteco.fmhandroid.ui.steps.AuthSteps.isAuthScreen(AuthSteps.java:56)
12-03 00:08:14.034  6605  6651 W DefaultFailureHandler: 	at ru.iteco.fmhandroid.ui.ControlPanelTest.logoutCheckAndOpenControlPanelPage(ControlPanelTest.java:57)
12-03 00:08:14.034  6605  6651 W DefaultFailureHandler: 	at java.lang.reflect.Method.invoke(Native Method)
12-03 00:08:14.034  6605  6651 W DefaultFailureHandler: 	at org.junit.runners.model.FrameworkMethod$1.runReflectiveCall(FrameworkMethod.java:59)
12-03 00:08:14.034  6605  6651 W DefaultFailureHandler: 	at org.junit.internal.runners.model.ReflectiveCallable.run(ReflectiveCallable.java:12)
12-03 00:08:14.034  6605  6651 W DefaultFailureHandler: 	at org.junit.runners.model.FrameworkMethod.invokeExplosively(FrameworkMethod.java:56)
12-03 00:08:14.034  6605  6651 W DefaultFailureHandler: 	at androidx.test.internal.runner.junit4.statement.RunBefores.evaluate(RunBefores.java:76)
12-03 00:08:14.034  6605  6651 W DefaultFailureHandler: 	at androidx.test.internal.runner.junit4.statement.RunAfters.evaluate(RunAfters.java:61)
12-03 00:08:14.034  6605  6651 W DefaultFailureHandler: 	at androidx.test.rule.ActivityTestRule$ActivityStatement.evaluate(ActivityTestRule.java:543)
12-03 00:08:14.034  6605  6651 W DefaultFailureHandler: 	at io.qameta.allure.android.rules.LogcatRule$apply$1.evaluate(LogcatRule.kt:23)
12-03 00:08:14.034  6605  6651 W DefaultFailureHandler: 	at io.qameta.allure.android.rules.ScreenshotRule$apply$1.evaluate(ScreenshotRule.kt:22)
12-03 00:08:14.034  6605  6651 W DefaultFailureHandler: 	at io.qameta.allure.android.rules.ScreenshotRule$apply$1.evaluate(ScreenshotRule.kt:22)
12-03 00:08:14.034  6605  6651 W DefaultFailureHandler: 	at org.junit.rules.RunRules.evaluate(RunRules.java:20)
12-03 00:08:14.034  6605  6651 W DefaultFailureHandler: 	at org.junit.runners.ParentRunner$3.evaluate(ParentRunner.java:306)
12-03 00:08:14.034  6605  6651 W DefaultFailureHandler: 	at org.junit.runners.BlockJUnit4ClassRunner$1.evaluate(BlockJUnit4ClassRunner.java:100)
12-03 00:08:14.034  6605  6651 W DefaultFailureHandler: 	at org.junit.runners.ParentRunner.runLeaf(ParentRunner.java:366)
12-03 00:08:14.034  6605  6651 W DefaultFailureHandler: 	at org.junit.runners.BlockJUnit4ClassRunner.runChild(BlockJUnit4ClassRunner.java:103)
12-03 00:08:14.034  6605  6651 W DefaultFailureHandler: 	at org.junit.runners.BlockJUnit4ClassRunner.runChild(BlockJUnit4ClassRunner.java:63)
12-03 00:08:14.034  6605  6651 W DefaultFailureHandler: 	at org.junit.runners.ParentRunner$4.run(ParentRunner.java:331)
12-03 00:08:14.034  6605  6651 W DefaultFailureHandler: 	at org.junit.runners.ParentRunner$1.schedule(ParentRunner.java:79)
12-03 00:08:14.034  6605  6651 W DefaultFailureHandler: 	at org.junit.runners.ParentRunner.runChildren(ParentRunner.java:329)
12-03 00:08:14.034  6605  6651 W DefaultFailureHandler: 	at org.junit.runners.ParentRunner.access$100(ParentRunner.java:66)
12-03 00:08:14.034  6605  6651 W DefaultFailureHandler: 	at org.junit.runners.ParentRunner$2.evaluate(ParentRunner.java:293)
12-03 00:08:14.034  6605  6651 W DefaultFailureHandler: 	at org.junit.runners.ParentRunner$3.evaluate(ParentRunner.java:306)
12-03 00:08:14.034  6605  6651 W DefaultFailureHandler: 	at org.junit.runners.ParentRunner.run(ParentRunner.java:413)
12-03 00:08:14.034  6605  6651 W DefaultFailureHandler: 	at androidx.test.ext.junit.runners.AndroidJUnit4.run(AndroidJUnit4.java:162)
12-03 00:08:14.034  6605  6651 W DefaultFailureHandler: 	at io.qameta.allure.android.runners.AllureAndroidJUnit4.run(AllureAndroidJUnitRunners.kt:29)
12-03 00:08:14.034  6605  6651 W DefaultFailureHandler: 	at org.junit.runners.Suite.runChild(Suite.java:128)
12-03 00:08:14.034  6605  6651 W DefaultFailureHandler: 	at org.junit.runners.Suite.runChild(Suite.java:27)
12-03 00:08:14.034  6605  6651 W DefaultFailureHandler: 	at org.junit.runners.ParentRunner$4.run(ParentRunner.java:331)
12-03 00:08:14.034  6605  6651 W DefaultFailureHandler: 	at org.junit.runners.ParentRunner$1.schedule(ParentRunner.java:79)
12-03 00:08:14.034  6605  6651 W DefaultFailureHandler: 	at org.junit.runners.ParentRunner.runChildren(ParentRunner.java:329)
12-03 00:08:14.034  6605  6651 W DefaultFailureHandler: 	at org.junit.runners.ParentRunner.access$100(ParentRunner.java:66)
12-03 00:08:14.034  6605  6651 W DefaultFailureHandler: 	at org.junit.runners.ParentRunner$2.evaluate(ParentRunner.java:293)
12-03 00:08:14.034  6605  6651 W DefaultFailureHandler: 	at org.junit.runners.ParentRunner$3.evaluate(ParentRunner.java:306)
12-03 00:08:14.034  6605  6651 W DefaultFailureHandler: 	at org.junit.runners.ParentRunner.run(ParentRunner.java:413)
12-03 00:08:14.034  6605  6651 W DefaultFailureHandler: 	at org.junit.runner.JUnitCore.run(JUnitCore.java:137)
12-03 00:08:14.034  6605  6651 W DefaultFailureHandler: 	at org.junit.runner.JUnitCore.run(JUnitCore.java:115)
12-03 00:08:14.034  6605  6651 W DefaultFailureHandler: 	at androidx.test.internal.runner.TestExecutor.execute(TestExecutor.java:67)
12-03 00:08:14.034  6605  6651 W DefaultFailureHandler: 	at androidx.test.internal.runner.TestExecutor.execute(TestExecutor.java:58)
12-03 00:08:14.036  6605  6651 W DefaultFailureHandler: 	at androidx.test.runner.AndroidJUnitRunner.onStart(AndroidJUnitRunner.java:438)
12-03 00:08:14.036  6605  6651 W DefaultFailureHandler: 	at android.app.Instrumentation$InstrumentationThread.run(Instrumentation.java:2189)
12-03 00:08:14.036  6605  6651 W DefaultFailureHandler: Caused by: android.system.ErrnoException: open failed: EROFS (Read-only file system)
12-03 00:08:14.036  6605  6651 W DefaultFailureHandler: 	at libcore.io.Linux.open(Native Method)
12-03 00:08:14.036  6605  6651 W DefaultFailureHandler: 	at libcore.io.ForwardingOs.open(ForwardingOs.java:167)
12-03 00:08:14.036  6605  6651 W DefaultFailureHandler: 	at libcore.io.BlockGuardOs.open(BlockGuardOs.java:252)
12-03 00:08:14.036  6605  6651 W DefaultFailureHandler: 	at libcore.io.ForwardingOs.open(ForwardingOs.java:167)
12-03 00:08:14.036  6605  6651 W DefaultFailureHandler: 	at android.app.ActivityThread$AndroidOs.open(ActivityThread.java:7255)
12-03 00:08:14.036  6605  6651 W DefaultFailureHandler: 	at libcore.io.IoBridge.open(IoBridge.java:482)
12-03 00:08:14.036  6605  6651 W DefaultFailureHandler: 	... 52 more
12-03 00:08:14.046  6605  6651 W teco.fmhandroi: Accessing hidden method Lsun/misc/Unsafe;->compareAndSwapObject(Ljava/lang/Object;JLjava/lang/Object;Ljava/lang/Object;)Z (greylist, linking, allowed)
12-03 00:08:14.046  6605  6605 I ViewInteraction: Performing 'wait for a specific view with <view.getId() is <2131230870>> during 10000 millis.' action on view view.getRootView() to equal view
12-03 00:08:15.615  1743  6680 E ResolverController: No valid NAT64 prefix (128, <unspecified>/0)
12-03 00:08:16.006  6605  6679 I okhttp.OkHttpClient: <-- 200 http://www.981757-ca08998.tmweb.ru:8080/fmh/authentication/userInfo (10478ms)
12-03 00:08:16.006  6605  6679 I okhttp.OkHttpClient: Vary: Origin
12-03 00:08:16.006  6605  6679 I okhttp.OkHttpClient: Vary: Access-Control-Request-Method
12-03 00:08:16.006  6605  6679 I okhttp.OkHttpClient: Vary: Access-Control-Request-Headers
12-03 00:08:16.006  6605  6679 I okhttp.OkHttpClient: X-Content-Type-Options: nosniff
12-03 00:08:16.006  6605  6679 I okhttp.OkHttpClient: X-XSS-Protection: 1; mode=block
12-03 00:08:16.006  6605  6679 I okhttp.OkHttpClient: Cache-Control: no-cache, no-store, max-age=0, must-revalidate
12-03 00:08:16.006  6605  6679 I okhttp.OkHttpClient: Pragma: no-cache
12-03 00:08:16.007  6605  6679 I okhttp.OkHttpClient: Expires: 0
12-03 00:08:16.007  6605  6679 I okhttp.OkHttpClient: X-Frame-Options: DENY
12-03 00:08:16.007  6605  6679 I okhttp.OkHttpClient: Content-Type: application/json
12-03 00:08:16.007  6605  6679 I okhttp.OkHttpClient: Transfer-Encoding: chunked
12-03 00:08:16.007  6605  6679 I okhttp.OkHttpClient: Date: Fri, 02 Dec 2022 21:08:16 GMT
12-03 00:08:16.008  6605  6679 I okhttp.OkHttpClient: Keep-Alive: timeout=60
12-03 00:08:16.008  6605  6679 I okhttp.OkHttpClient: Connection: keep-alive
12-03 00:08:16.010  6605  6679 I okhttp.OkHttpClient: {"id":2,"firstName":"Данил","lastName":"Иванов","middleName":"Данилович","admin":true}
12-03 00:08:16.010  6605  6679 I okhttp.OkHttpClient: <-- END HTTP (106-byte body)
12-03 00:08:16.047  6605  6691 I okhttp.OkHttpClient: --> GET http://www.981757-ca08998.tmweb.ru:8080/fmh/claims
12-03 00:08:16.047  6605  6691 I okhttp.OkHttpClient: --> END GET
12-03 00:08:18.875  6605  6691 I okhttp.OkHttpClient: <-- 200 http://www.981757-ca08998.tmweb.ru:8080/fmh/claims (2827ms)
12-03 00:08:18.875  6605  6691 I okhttp.OkHttpClient: Vary: Origin
12-03 00:08:18.875  6605  6691 I okhttp.OkHttpClient: Vary: Access-Control-Request-Method
12-03 00:08:18.876  6605  6691 I okhttp.OkHttpClient: Vary: Access-Control-Request-Headers
12-03 00:08:18.876  6605  6691 I okhttp.OkHttpClient: X-Content-Type-Options: nosniff
12-03 00:08:18.876  6605  6691 I okhttp.OkHttpClient: X-XSS-Protection: 1; mode=block
12-03 00:08:18.876  6605  6691 I okhttp.OkHttpClient: Cache-Control: no-cache, no-store, max-age=0, must-revalidate
12-03 00:08:18.876  6605  6691 I okhttp.OkHttpClient: Pragma: no-cache
12-03 00:08:18.876  6605  6691 I okhttp.OkHttpClient: Expires: 0
12-03 00:08:18.876  6605  6691 I okhttp.OkHttpClient: X-Frame-Options: DENY
12-03 00:08:18.877  6605  6691 I okhttp.OkHttpClient: Content-Type: application/json
12-03 00:08:18.877  6605  6691 I okhttp.OkHttpClient: Transfer-Encoding: chunked
12-03 00:08:18.877  6605  6691 I okhttp.OkHttpClient: Date: Fri, 02 Dec 2022 21:08:19 GMT
12-03 00:08:18.878  6605  6691 I okhttp.OkHttpClient: Keep-Alive: timeout=60
12-03 00:08:18.878  6605  6691 I okhttp.OkHttpClient: Connection: keep-alive
12-03 00:08:19.051  6605  6605 I Choreographer: Skipped 181 frames!  The application may be doing too much work on its main thread.
12-03 00:08:19.200  2010  2041 E memtrack: Couldn't load memtrack module
12-03 00:08:19.200  2010  2041 W android.os.Debug: failed to get memory consumption info: -1
12-03 00:08:19.424  6605  6664 I OpenGLRenderer: Davey! duration=3393ms; Flags=1, IntendedVsync=98927027922203, Vsync=98930044588749, OldestInputEvent=9223372036854775807, NewestInputEvent=0, HandleInputStart=98930050849580, AnimationStart=98930050892480, PerformTraversalsStart=98930051052380, DrawStart=98930126484080, SyncQueued=98930128428880, SyncStart=98930130615080, IssueDrawCommandsStart=98930131328480, SwapBuffers=98930416864880, FrameCompleted=98930423542680, DequeueBufferDuration=656000, QueueBufferDuration=744000, 
12-03 00:08:19.708  6605  6605 I teco.fmhandroi: Waiting for a blocking GC ClassLinker
12-03 00:08:19.733  6605  6605 I teco.fmhandroi: WaitForGcToComplete blocked ClassLinker on HeapTrim for 24.831ms
12-03 00:08:19.859  6605  6605 I ViewInteraction: Checking 'MatchesViewAssertion{viewMatcher=(view has effective visibility <VISIBLE> and view.getGlobalVisibleRect() to return non-empty rectangle)}' assertion on view view.getId() is <2131230870/ru.iteco.fmhandroid:id/authorization_image_button>
12-03 00:08:19.866  6605  6651 W teco.fmhandroi: Accessing hidden method Landroid/view/ViewConfiguration;->getDoubleTapMinTime()I (greylist, reflection, allowed)
12-03 00:08:19.884  6605  6605 I ViewInteraction: Performing 'single click' action on view view.getId() is <2131230870/ru.iteco.fmhandroid:id/authorization_image_button>
12-03 00:08:20.040  1772  1772 D gralloc_ranchu: gralloc_alloc: Creating ashmem region of size 1429504
12-03 00:08:20.048  1772  1772 D gralloc_ranchu: gralloc_alloc: Creating ashmem region of size 1429504
12-03 00:08:20.049  1750  3111 W audio_hw_generic: Not supplying enough data to HAL, expected position 470021448 , only wrote 470021236
12-03 00:08:20.056  1772  1772 D gralloc_ranchu: gralloc_alloc: Creating ashmem region of size 1429504
12-03 00:08:20.071  6605  6664 D EGL_emulation: eglMakeCurrent: 0xdb91b3e0: ver 2 0 (tinfo 0xc0b146a0)
12-03 00:08:20.134  6605  6664 I chatty  : uid=10159(ru.iteco.fmhandroid) RenderThread identical 3 lines
12-03 00:08:20.152  6605  6664 D EGL_emulation: eglMakeCurrent: 0xdb91b3e0: ver 2 0 (tinfo 0xc0b146a0)
12-03 00:08:20.376  6605  6605 I ViewInteraction: Performing 'wait for a specific view with <an instance of android.widget.TextView and view.getText() with or without transformation to match: is "Log out"> during 10000 millis.' action on view view.getRootView() to equal view
12-03 00:08:20.381  6605  6605 I ViewInteraction: Checking 'MatchesViewAssertion{viewMatcher=(view has effective visibility <VISIBLE> and view.getGlobalVisibleRect() to return non-empty rectangle)}' assertion on view an instance of android.widget.TextView and view.getText() with or without transformation to match: is "Log out"
12-03 00:08:20.385  6605  6605 I ViewInteraction: Performing 'single click' action on view an instance of android.widget.TextView and view.getText() with or without transformation to match: is "Log out"
12-03 00:08:20.714  6605  6664 D EGL_emulation: eglMakeCurrent: 0xdb91b3e0: ver 2 0 (tinfo 0xc0b146a0)
12-03 00:08:20.767  6605  6664 D EGL_emulation: eglMakeCurrent: 0xdb91b3e0: ver 2 0 (tinfo 0xc0b146a0)
12-03 00:08:20.864  6605  6605 I ViewInteraction: Performing 'wait for a specific view with <(an instance of android.widget.TextView and view.getText() with or without transformation to match: is "Authorization" and view.getParent() view.getParent() view.getId() is <2131231186>)> during 10000 millis.' action on view view.getRootView() to equal view
12-03 00:08:20.868  6605  6605 I ViewInteraction: Checking 'MatchesViewAssertion{viewMatcher=(view has effective visibility <VISIBLE> and view.getGlobalVisibleRect() to return non-empty rectangle)}' assertion on view (an instance of android.widget.TextView and view.getText() with or without transformation to match: is "Authorization" and view.getParent() view.getParent() view.getId() is <2131231186/ru.iteco.fmhandroid:id/nav_host_fragment>)
12-03 00:08:20.871  6605  6605 I ViewInteraction: Performing 'wait for a specific view with <(an instance of android.widget.TextView and view.getHint() matching: is "Login" and view.getParent() view.getParent() view.getId() is <2131231121>)> during 10000 millis.' action on view view.getRootView() to equal view
12-03 00:08:20.877  6605  6605 I ViewInteraction: Checking 'MatchesViewAssertion{viewMatcher=(view has effective visibility <VISIBLE> and view.getGlobalVisibleRect() to return non-empty rectangle)}' assertion on view (an instance of android.widget.TextView and view.getHint() matching: is "Login" and view.getParent() view.getParent() view.getId() is <2131231121/ru.iteco.fmhandroid:id/login_text_input_layout>)
12-03 00:08:20.882  6605  6605 I ViewInteraction: Performing 'wait for a specific view with <(an instance of android.widget.TextView and view.getHint() matching: is "Password" and view.getParent() view.getParent() view.getId() is <2131231264>)> during 10000 millis.' action on view view.getRootView() to equal view
12-03 00:08:20.889  6605  6605 I ViewInteraction: Checking 'MatchesViewAssertion{viewMatcher=(view has effective visibility <VISIBLE> and view.getGlobalVisibleRect() to return non-empty rectangle)}' assertion on view (an instance of android.widget.TextView and view.getHint() matching: is "Password" and view.getParent() view.getParent() view.getId() is <2131231264/ru.iteco.fmhandroid:id/password_text_input_layout>)
12-03 00:08:20.894  6605  6605 I ViewInteraction: Performing 'wait for a specific view with <(view.getId() is <2131231039> and an instance of android.widget.TextView and view.getText() with or without transformation to match: is "SIGN IN" and view.getContentDescription() is "Save" and view.getParent() view.getParent() an instance of android.widget.RelativeLayout)> during 10000 millis.' action on view view.getRootView() to equal view
12-03 00:08:20.898  6605  6605 I ViewInteraction: Checking 'MatchesViewAssertion{viewMatcher=(view has effective visibility <VISIBLE> and view.getGlobalVisibleRect() to return non-empty rectangle)}' assertion on view (view.getId() is <2131231039/ru.iteco.fmhandroid:id/enter_button> and an instance of android.widget.TextView and view.getText() with or without transformation to match: is "SIGN IN" and view.getContentDescription() is "Save" and view.getParent() view.getParent() an instance of android.widget.RelativeLayout)
12-03 00:08:20.901  6605  6605 I ViewInteraction: Performing 'wait for a specific view with <(an instance of android.widget.TextView and view.getText() with or without transformation to match: is "Authorization" and view.getParent() view.getParent() view.getId() is <2131231186>)> during 10000 millis.' action on view view.getRootView() to equal view
12-03 00:08:20.909  6605  6605 I ViewInteraction: Checking 'MatchesViewAssertion{viewMatcher=(view has effective visibility <VISIBLE> and view.getGlobalVisibleRect() to return non-empty rectangle)}' assertion on view (an instance of android.widget.TextView and view.getText() with or without transformation to match: is "Authorization" and view.getParent() view.getParent() view.getId() is <2131231186/ru.iteco.fmhandroid:id/nav_host_fragment>)
12-03 00:08:20.913  6605  6605 I ViewInteraction: Performing 'wait for a specific view with <(an instance of android.widget.TextView and view.getHint() matching: is "Login" and view.getParent() view.getParent() view.getId() is <2131231121/ru.iteco.fmhandroid:id/login_text_input_layout>)> during 10000 millis.' action on view view.getRootView() to equal view
12-03 00:08:20.917  6605  6605 I ViewInteraction: Checking 'MatchesViewAssertion{viewMatcher=(view has effective visibility <VISIBLE> and view.getGlobalVisibleRect() to return non-empty rectangle)}' assertion on view (an instance of android.widget.TextView and view.getHint() matching: is "Login" and view.getParent() view.getParent() view.getId() is <2131231121/ru.iteco.fmhandroid:id/login_text_input_layout>)
12-03 00:08:20.920  6605  6605 I ViewInteraction: Performing 'wait for a specific view with <(an instance of android.widget.TextView and view.getHint() matching: is "Password" and view.getParent() view.getParent() view.getId() is <2131231264/ru.iteco.fmhandroid:id/password_text_input_layout>)> during 10000 millis.' action on view view.getRootView() to equal view
12-03 00:08:20.925  6605  6605 I ViewInteraction: Checking 'MatchesViewAssertion{viewMatcher=(view has effective visibility <VISIBLE> and view.getGlobalVisibleRect() to return non-empty rectangle)}' assertion on view (an instance of android.widget.TextView and view.getHint() matching: is "Password" and view.getParent() view.getParent() view.getId() is <2131231264/ru.iteco.fmhandroid:id/password_text_input_layout>)
12-03 00:08:20.929  6605  6605 I ViewInteraction: Performing 'wait for a specific view with <(view.getId() is <2131231039/ru.iteco.fmhandroid:id/enter_button> and an instance of android.widget.TextView and view.getText() with or without transformation to match: is "SIGN IN" and view.getContentDescription() is "Save" and view.getParent() view.getParent() an instance of android.widget.RelativeLayout)> during 10000 millis.' action on view view.getRootView() to equal view
12-03 00:08:20.934  6605  6605 I ViewInteraction: Checking 'MatchesViewAssertion{viewMatcher=(view has effective visibility <VISIBLE> and view.getGlobalVisibleRect() to return non-empty rectangle)}' assertion on view (view.getId() is <2131231039/ru.iteco.fmhandroid:id/enter_button> and an instance of android.widget.TextView and view.getText() with or without transformation to match: is "SIGN IN" and view.getContentDescription() is "Save" and view.getParent() view.getParent() an instance of android.widget.RelativeLayout)
12-03 00:08:20.937  6605  6605 I ViewInteraction: Performing 'wait for a specific view with <(an instance of android.widget.TextView and view.getHint() matching: is "Login" and view.getParent() view.getParent() view.getId() is <2131231121/ru.iteco.fmhandroid:id/login_text_input_layout>)> during 10000 millis.' action on view view.getRootView() to equal view
12-03 00:08:20.941  6605  6605 I ViewInteraction: Performing 'replace text(login2)' action on view (an instance of android.widget.TextView and view.getHint() matching: is "Login" and view.getParent() view.getParent() view.getId() is <2131231121/ru.iteco.fmhandroid:id/login_text_input_layout>)
12-03 00:08:20.988  6605  6605 I ViewInteraction: Performing 'wait for a specific view with <(an instance of android.widget.TextView and view.getHint() matching: is "Password" and view.getParent() view.getParent() view.getId() is <2131231264/ru.iteco.fmhandroid:id/password_text_input_layout>)> during 10000 millis.' action on view view.getRootView() to equal view
12-03 00:08:20.994  6605  6605 I ViewInteraction: Performing 'replace text(password2)' action on view (an instance of android.widget.TextView and view.getHint() matching: is "Password" and view.getParent() view.getParent() view.getId() is <2131231264/ru.iteco.fmhandroid:id/password_text_input_layout>)
12-03 00:08:21.029  6605  6605 I ViewInteraction: Performing 'wait for a specific view with <(view.getId() is <2131231039/ru.iteco.fmhandroid:id/enter_button> and an instance of android.widget.TextView and view.getText() with or without transformation to match: is "SIGN IN" and view.getContentDescription() is "Save" and view.getParent() view.getParent() an instance of android.widget.RelativeLayout)> during 10000 millis.' action on view view.getRootView() to equal view
12-03 00:08:21.037  6605  6605 I ViewInteraction: Checking 'MatchesViewAssertion{viewMatcher=view.isClickable() is <true>}' assertion on view (view.getId() is <2131231039/ru.iteco.fmhandroid:id/enter_button> and an instance of android.widget.TextView and view.getText() with or without transformation to match: is "SIGN IN" and view.getContentDescription() is "Save" and view.getParent() view.getParent() an instance of android.widget.RelativeLayout)
