--------- beginning of main
12-06 16:31:24.841 18042 18042 W teco.fmhandroi: ClassLoaderContext classpath size mismatch. expected=0, found=7 (PCL[] | PCL[/system/framework/android.test.runner.jar*3312018701:/system/framework/android.test.mock.jar*3601177991:/data/app/ru.iteco.fmhandroid.test-1NATXqJIRLZD_RRbZ1_oVg==/base.apk*125722370:/data/app/ru.iteco.fmhandroid.test-1NATXqJIRLZD_RRbZ1_oVg==/base.apk!classes2.dex*2301094307:/data/app/ru.iteco.fmhandroid.test-1NATXqJIRLZD_RRbZ1_oVg==/base.apk!classes3.dex*1293341511:/data/app/ru.iteco.fmhandroid.test-1NATXqJIRLZD_RRbZ1_oVg==/base.apk!classes4.dex*2133377393:/data/app/ru.iteco.fmhandroid.test-1NATXqJIRLZD_RRbZ1_oVg==/base.apk!classes5.dex*3462570230])
12-06 16:31:24.892 18042 18042 W teco.fmhandroi: Found duplicate classes, falling back to extracting from APK : /data/app/ru.iteco.fmhandroid-R0QVQlEGwG1IVzN-H3bqog==/base.apk
12-06 16:31:24.892 18042 18042 W teco.fmhandroi: NOTE: This wastes RAM and hurts startup performance.
12-06 16:31:24.892 18042 18042 W teco.fmhandroi: Found duplicated class when checking oat files: 'Lcom/google/common/util/concurrent/ListenableFuture;' in /data/app/ru.iteco.fmhandroid.test-1NATXqJIRLZD_RRbZ1_oVg==/base.apk and /data/app/ru.iteco.fmhandroid-R0QVQlEGwG1IVzN-H3bqog==/base.apk
12-06 16:31:24.892 18042 18042 W teco.fmhandroi: 
--------- beginning of system
12-06 16:31:25.469 12448 12508 E ActivityThread: Failed to find provider info for com.google.android.apps.wellbeing.api
12-06 16:31:26.051 18042 18042 I teco.fmhandroi: The ClassLoaderContext is a special shared library.
12-06 16:31:26.052 18042 18042 I teco.fmhandroi: The ClassLoaderContext is a special shared library.
12-06 16:31:26.464 18042 18042 W teco.fmhandroi: ClassLoaderContext classpath size mismatch. expected=0, found=7 (PCL[] | PCL[/system/framework/android.test.runner.jar*3312018701:/system/framework/android.test.mock.jar*3601177991:/data/app/ru.iteco.fmhandroid.test-1NATXqJIRLZD_RRbZ1_oVg==/base.apk*125722370:/data/app/ru.iteco.fmhandroid.test-1NATXqJIRLZD_RRbZ1_oVg==/base.apk!classes2.dex*2301094307:/data/app/ru.iteco.fmhandroid.test-1NATXqJIRLZD_RRbZ1_oVg==/base.apk!classes3.dex*1293341511:/data/app/ru.iteco.fmhandroid.test-1NATXqJIRLZD_RRbZ1_oVg==/base.apk!classes4.dex*2133377393:/data/app/ru.iteco.fmhandroid.test-1NATXqJIRLZD_RRbZ1_oVg==/base.apk!classes5.dex*3462570230];PCL[/system/framework/android.test.runner.jar*3312018701:/system/framework/android.test.mock.jar*3601177991:/data/app/ru.iteco.fmhandroid.test-1NATXqJIRLZD_RRbZ1_oVg==/base.apk*125722370:/data/app/ru.iteco.fmhandroid.test-1NATXqJIRLZD_RRbZ1_oVg==/base.apk!classes2.dex*2301094307:/data/app/ru.iteco.fmhandroid.test-1NATXqJIRLZD_RRbZ1_oVg==/base.apk!classes3.dex*1293341511:/data/app/ru.itec
12-06 16:31:26.467 18042 18042 W teco.fmhandroi: Found duplicate classes, falling back to extracting from APK : /data/app/ru.iteco.fmhandroid-R0QVQlEGwG1IVzN-H3bqog==/base.apk
12-06 16:31:26.467 18042 18042 W teco.fmhandroi: NOTE: This wastes RAM and hurts startup performance.
12-06 16:31:26.467 18042 18042 W teco.fmhandroi: Found duplicated class when checking oat files: 'Landroid/support/v4/app/INotificationSideChannel$Default;' in /data/app/ru.iteco.fmhandroid-R0QVQlEGwG1IVzN-H3bqog==/base.apk and /data/app/ru.iteco.fmhandroid-R0QVQlEGwG1IVzN-H3bqog==/base.apk
12-06 16:31:26.467 18042 18042 W teco.fmhandroi: 
12-06 16:31:26.659  1893  1893 E netmgr  : Failed to open QEMU pipe 'qemud:network': Invalid argument
12-06 16:31:27.040 18042 18042 W teco.fmhandroi: Accessing hidden method Landroid/app/Instrumentation;->execStartActivity(Landroid/content/Context;Landroid/os/IBinder;Landroid/os/IBinder;Landroid/app/Activity;Landroid/content/Intent;ILandroid/os/Bundle;)Landroid/app/Instrumentation$ActivityResult; (greylist, linking, allowed)
12-06 16:31:27.040 18042 18042 W teco.fmhandroi: Accessing hidden method Landroid/app/Instrumentation;->execStartActivity(Landroid/content/Context;Landroid/os/IBinder;Landroid/os/IBinder;Ljava/lang/String;Landroid/content/Intent;ILandroid/os/Bundle;)Landroid/app/Instrumentation$ActivityResult; (greylist, linking, allowed)
12-06 16:31:27.050 18042 18042 I MonitoringInstr: newApplication called!
12-06 16:31:27.100 18042 18042 I FirebaseApp: Device unlocked: initializing all Firebase APIs for app [DEFAULT]
12-06 16:31:27.130 18042 18042 I FirebaseCrashlytics: Initializing Firebase Crashlytics 18.2.6 for ru.iteco.fmhandroid
12-06 16:31:27.145 18042 18075 I DynamiteModule: Considering local module com.google.android.gms.measurement.dynamite:55 and remote module com.google.android.gms.measurement.dynamite:15
12-06 16:31:27.145 18042 18075 I DynamiteModule: Selected local version of com.google.android.gms.measurement.dynamite
12-06 16:31:27.160 18042 18042 W FA      : Failed to register event listener on calling thread. Trying again on the dynamite thread.
12-06 16:31:27.259 18042 18042 I FirebaseInitProvider: FirebaseApp initialization successful
12-06 16:31:27.288 18042 18042 I MonitoringInstr: Instrumentation started!
12-06 16:31:27.293 18042 18042 D ClassesArgTokenizer: input: ru.iteco.fmhandroid.ui.ClaimEditTest#shouldNotChangeTheStatusOfTheClaimIfExecutorSmirnov
12-06 16:31:27.294 18042 18042 D ClassesArgTokenizer: result: [ru.iteco.fmhandroid.ui.ClaimEditTest#shouldNotChangeTheStatusOfTheClaimIfExecutorSmirnov]
12-06 16:31:27.294 18042 18042 D ClassesArgTokenizer: input: null
12-06 16:31:27.294 18042 18042 D ClassesArgTokenizer: result: []
12-06 16:31:27.299 18042 18042 V TestEventClient: No service name argument was given (testDiscoveryService, testRunEventService or orchestratorService)
12-06 16:31:27.301 18042 18081 V FA      : App measurement collection enabled
12-06 16:31:27.302 18042 18081 V FA      : App measurement enabled for app package, google app id: ru.iteco.fmhandroid, 1:729587742060:android:e7d6f87c783f52b9a42f49
12-06 16:31:27.304 18042 18081 I FA      : App measurement initialized, version: 46000
12-06 16:31:27.304 18042 18081 I FA      : To enable debug logging run: adb shell setprop log.tag.FA VERBOSE
12-06 16:31:27.304 18042 18081 I FA      : To enable faster debug mode event logging run:
12-06 16:31:27.304 18042 18081 I FA      :   adb shell setprop debug.firebase.analytics.app ru.iteco.fmhandroid
12-06 16:31:27.304 18042 18081 D FA      : Debug-level message logging enabled
12-06 16:31:27.318 18042 18087 D AndroidJUnitRunner: onStart is called.
12-06 16:31:27.328 18042 18042 I MonitoringInstr: No JSBridge.
12-06 16:31:27.348 18042 18087 D TestRequestBuilder: Skipping class path scanning and directly running [ru.iteco.fmhandroid.ui.ClaimEditTest]
12-06 16:31:27.359 18042 18087 D ClassesArgTokenizer: input: ru.iteco.fmhandroid.ui.ClaimEditTest#shouldNotChangeTheStatusOfTheClaimIfExecutorSmirnov
12-06 16:31:27.359 18042 18087 D ClassesArgTokenizer: result: [ru.iteco.fmhandroid.ui.ClaimEditTest#shouldNotChangeTheStatusOfTheClaimIfExecutorSmirnov]
12-06 16:31:27.359 18042 18087 D ClassesArgTokenizer: input: null
12-06 16:31:27.359 18042 18087 D ClassesArgTokenizer: result: []
12-06 16:31:27.382 18042 18087 D AndroidJUnitRunner: Use the raw file system for managing file I/O.
12-06 16:31:27.385 18042 18081 V FA      : Connecting to remote service
12-06 16:31:27.391 18042 18087 D TestExecutor: Adding listener androidx.test.internal.runner.listener.LogRunListener
12-06 16:31:27.392 18042 18087 D TestExecutor: Adding listener androidx.test.internal.runner.listener.InstrumentationResultPrinter
12-06 16:31:27.392 18042 18087 D TestExecutor: Adding listener androidx.test.internal.runner.listener.ActivityFinisherRunListener
12-06 16:31:27.392 18042 18087 D TestExecutor: Adding listener androidx.test.internal.runner.listener.TraceRunListener
12-06 16:31:27.401 18042 18087 I TestRunner: run started: 1 tests
12-06 16:31:27.413 18042 18081 V FA      : Connection attempt already in progress
12-06 16:31:27.424 18042 18081 V FA      : Connection attempt already in progress
12-06 16:31:27.425 18042 18081 D FA      : Connected to remote service
12-06 16:31:27.425 18042 18081 V FA      : Processing queued up service tasks: 3
12-06 16:31:27.471 18042 18087 I TestRunner: started: shouldNotChangeTheStatusOfTheClaimIfExecutorSmirnov(ru.iteco.fmhandroid.ui.ClaimEditTest)
12-06 16:31:27.480  2873 18090 V FA-SVC  : Saving default event parameters, appId, data size: ru.iteco.fmhandroid, 2
12-06 16:31:27.600  1744 18091 E ResolverController: No valid NAT64 prefix (100, <unspecified>/0)
12-06 16:31:27.667 18042 18087 W FileTestStorage: Output properties is not supported.
12-06 16:31:27.668 18042 18087 I Tracing : Tracer added: class androidx.test.platform.tracing.AndroidXTracer
12-06 16:31:27.683 18042 18087 D EventInjectionStrategy: Creating injection strategy with input manager.
12-06 16:31:27.684 18042 18087 W teco.fmhandroi: Accessing hidden method Landroid/hardware/input/InputManager;->getInstance()Landroid/hardware/input/InputManager; (greylist, reflection, allowed)
12-06 16:31:27.685 18042 18087 W teco.fmhandroi: Accessing hidden method Landroid/hardware/input/InputManager;->injectInputEvent(Landroid/view/InputEvent;I)Z (greylist, reflection, allowed)
12-06 16:31:27.686 18042 18087 W teco.fmhandroi: Accessing hidden field Landroid/hardware/input/InputManager;->INJECT_INPUT_EVENT_MODE_WAIT_FOR_FINISH:I (greylist, reflection, allowed)
12-06 16:31:27.794  2018  2018 V SettingsProvider: Notifying for 0: content://settings/secure/accessibility_enabled
12-06 16:31:27.934 18042 18087 W Settings: Setting always_finish_activities has moved from android.provider.Settings.System to android.provider.Settings.Global, returning read-only value.
12-06 16:31:27.945  2018  3005 I ActivityTaskManager: START u0 {act=android.intent.action.MAIN cat=[android.intent.category.LAUNCHER] flg=0x10008000 cmp=ru.iteco.fmhandroid.test/androidx.test.core.app.InstrumentationActivityInvoker$BootstrapActivity (has extras)} from uid 10146
12-06 16:31:28.036  2018  3005 W InputReader: Device has associated, but no associated display id.
12-06 16:31:28.039  2018  3005 I chatty  : uid=1000(system) Binder:2018_A identical 8 lines
12-06 16:31:28.039  2018  3005 W InputReader: Device has associated, but no associated display id.
12-06 16:31:28.120  1745  1745 D Zygote  : Forked child process 18099
12-06 16:31:28.142  1776  1825 D gralloc_ranchu: gralloc_alloc: Creating ashmem region of size 10108928
12-06 16:31:28.149 18099 18099 I fmhandroid.tes: Late-enabling -Xcheck:jni
12-06 16:31:28.166  2018  2060 W ActivityManager: Slow operation: 92ms so far, now at startProcess: returned from zygote!
12-06 16:31:28.166  2018  2060 W ActivityManager: Slow operation: 93ms so far, now at startProcess: done updating battery stats
12-06 16:31:28.167  2018  2060 W ActivityManager: Slow operation: 93ms so far, now at startProcess: building log message
12-06 16:31:28.167  2018  2060 I ActivityManager: Start proc 18099:ru.iteco.fmhandroid.test/u0a147 for activity {ru.iteco.fmhandroid.test/androidx.test.core.app.InstrumentationActivityInvoker$BootstrapActivity}
12-06 16:31:28.167  2018  2060 W ActivityManager: Slow operation: 93ms so far, now at startProcess: starting to update pids map
12-06 16:31:28.167  2018  2060 W ActivityManager: Slow operation: 94ms so far, now at startProcess: done updating pids map
12-06 16:31:28.315 18099 18099 E fmhandroid.tes: Unknown bits set in runtime_flags: 0x8000
12-06 16:31:28.318 18099 18099 W fmhandroid.tes: Unexpected CPU variant for X86 using defaults: x86
12-06 16:31:28.373  2018  3039 W InputReader: Device has associated, but no associated display id.
12-06 16:31:28.381  2018  3039 I chatty  : uid=1000(system) Binder:2018_D identical 28 lines
12-06 16:31:28.381  2018  3039 W InputReader: Device has associated, but no associated display id.
12-06 16:31:28.424 18099 18099 I fmhandroid.tes: The ClassLoaderContext is a special shared library.
12-06 16:31:28.428 18099 18099 I fmhandroid.tes: The ClassLoaderContext is a special shared library.
12-06 16:31:28.578  2018  2054 W InputReader: Device has associated, but no associated display id.
12-06 16:31:28.579  2018  2054 I chatty  : uid=1000(system) android.anim identical 8 lines
12-06 16:31:28.579  2018  2054 W InputReader: Device has associated, but no associated display id.
12-06 16:31:28.602  1776  1825 D gralloc_ranchu: gralloc_alloc: Creating ashmem region of size 10108928
12-06 16:31:28.604 12448 12488 D EGL_emulation: eglMakeCurrent: 0xe594d140: ver 2 0 (tinfo 0xc539bd10)
12-06 16:31:28.669  2962  3510 D EGL_emulation: eglMakeCurrent: 0xe597d120: ver 2 0 (tinfo 0xbffb2540)
12-06 16:31:28.739  2170  2566 D EGL_emulation: eglMakeCurrent: 0xe594e040: ver 2 0 (tinfo 0xc52450c0)
12-06 16:31:28.869  1793  1999 E SurfaceFlinger: ro.sf.lcd_density must be defined as a build property
12-06 16:31:28.872  1793  1999 E SurfaceFlinger: ro.sf.lcd_density must be defined as a build property
12-06 16:31:28.878 18099 18133 D libEGL  : Emulator has host GPU support, qemu.gles is set to 1.
12-06 16:31:28.879 18099 18133 W libc    : Unable to set property "qemu.gles" to "1": connection failed; errno=13 (Permission denied)
12-06 16:31:28.865 18099 18099 W RenderThread: type=1400 audit(0.0:216): avc: denied { write } for name="property_service" dev="tmpfs" ino=7388 scontext=u:r:untrusted_app:s0:c147,c256,c512,c768 tcontext=u:object_r:property_socket:s0 tclass=sock_file permissive=0 app=ru.iteco.fmhandroid.test
12-06 16:31:28.944 18099 18133 D libEGL  : loaded /vendor/lib/egl/libEGL_emulation.so
12-06 16:31:28.947 18099 18133 D libEGL  : loaded /vendor/lib/egl/libGLESv1_CM_emulation.so
12-06 16:31:28.957 18099 18133 D libEGL  : loaded /vendor/lib/egl/libGLESv2_emulation.so
12-06 16:31:28.962  2018  3005 I ActivityTaskManager: START u0 {act=android.intent.action.MAIN cat=[android.intent.category.LAUNCHER] cmp=ru.iteco.fmhandroid/.ui.AppActivity} from uid 10146
12-06 16:31:28.982  2018  3005 W InputReader: Device has associated, but no associated display id.
12-06 16:31:28.986  2018  3005 I chatty  : uid=1000(system) Binder:2018_A identical 48 lines
12-06 16:31:28.986  2018  3005 W InputReader: Device has associated, but no associated display id.
12-06 16:31:28.987 18042 18042 W ActivityThread: handleWindowVisibility: no activity for token android.os.BinderProxy@74190a2
12-06 16:31:28.988  2018  3005 W InputReader: Device has associated, but no associated display id.
12-06 16:31:28.988  2018  3005 I chatty  : uid=1000(system) Binder:2018_A identical 8 lines
12-06 16:31:28.988  2018  3005 W InputReader: Device has associated, but no associated display id.
12-06 16:31:29.012  1793  1999 E SurfaceFlinger: ro.sf.lcd_density must be defined as a build property
12-06 16:31:29.015  1793  1999 E SurfaceFlinger: ro.sf.lcd_density must be defined as a build property
12-06 16:31:29.019 18042 18137 D libEGL  : Emulator has host GPU support, qemu.gles is set to 1.
12-06 16:31:29.019 18042 18137 W libc    : Unable to set property "qemu.gles" to "1": connection failed; errno=13 (Permission denied)
12-06 16:31:29.005 18042 18042 W RenderThread: type=1400 audit(0.0:217): avc: denied { write } for name="property_service" dev="tmpfs" ino=7388 scontext=u:r:untrusted_app:s0:c146,c256,c512,c768 tcontext=u:object_r:property_socket:s0 tclass=sock_file permissive=0 app=ru.iteco.fmhandroid
12-06 16:31:29.065 18042 18137 D libEGL  : loaded /vendor/lib/egl/libEGL_emulation.so
12-06 16:31:29.067 18042 18137 D libEGL  : loaded /vendor/lib/egl/libGLESv1_CM_emulation.so
12-06 16:31:29.072 18042 18137 D libEGL  : loaded /vendor/lib/egl/libGLESv2_emulation.so
12-06 16:31:29.160  2962 17368 I PBSessionCacheImpl: Deleted sessionId[635178728075] from persistence.
12-06 16:31:29.161 18042 18042 D LifecycleMonitor: Lifecycle status change: ru.iteco.fmhandroid.ui.AppActivity@4d99d8f in: PRE_ON_CREATE
12-06 16:31:29.162 18042 18042 V ActivityScenario: Activity lifecycle changed event received but ignored because the reported transition was not ON_CREATE while the last known transition was PRE_ON_CREATE
12-06 16:31:29.189 18042 18075 V FA      : onActivityCreated
12-06 16:31:29.200 18042 18042 E teco.fmhandroi: Invalid ID 0x00000000.
12-06 16:31:29.234  2962  3348 W SearchServiceCore: Abort, client detached.
12-06 16:31:29.264 18042 18042 W teco.fmhandroi: Accessing hidden method Landroid/view/View;->computeFitSystemWindows(Landroid/graphics/Rect;Landroid/graphics/Rect;)Z (greylist, reflection, allowed)
12-06 16:31:29.267 18042 18042 W teco.fmhandroi: Accessing hidden method Landroid/view/ViewGroup;->makeOptionalFitsSystemWindows()V (greylist, reflection, allowed)
12-06 16:31:29.275  1905  1905 E wifi_forwarder: RemoteConnection failed to initialize: RemoteConnection failed to open pipe
12-06 16:31:29.467 18042 18042 D NetworkSecurityConfig: No Network Security Config specified, using platform default
12-06 16:31:29.490 18042 18042 W teco.fmhandroi: Accessing hidden method Ljava/lang/invoke/MethodHandles$Lookup;-><init>(Ljava/lang/Class;I)V (greylist, reflection, allowed)
12-06 16:31:29.663 18042 18042 D LifecycleMonitor: Lifecycle status change: ru.iteco.fmhandroid.ui.AppActivity@4d99d8f in: CREATED
12-06 16:31:29.663 18042 18042 V ActivityScenario: Update currentActivityStage to CREATED, currentActivity=ru.iteco.fmhandroid.ui.AppActivity@4d99d8f
12-06 16:31:30.098 18042 18042 D LifecycleMonitor: Lifecycle status change: ru.iteco.fmhandroid.ui.AppActivity@4d99d8f in: STARTED
12-06 16:31:30.098 18042 18042 V ActivityScenario: Update currentActivityStage to STARTED, currentActivity=ru.iteco.fmhandroid.ui.AppActivity@4d99d8f
12-06 16:31:30.102 18042 18042 D LifecycleMonitor: Lifecycle status change: ru.iteco.fmhandroid.ui.AppActivity@4d99d8f in: RESUMED
12-06 16:31:30.102 18042 18081 V FA      : Activity resumed, time: 18766770
12-06 16:31:30.102 18042 18042 V ActivityScenario: Update currentActivityStage to RESUMED, currentActivity=ru.iteco.fmhandroid.ui.AppActivity@4d99d8f
12-06 16:31:30.114 18042 18087 W FileTestStorage: Test input args is not supported.
12-06 16:31:30.129 18042 18087 W teco.fmhandroi: Accessing hidden method Lsun/misc/Unsafe;->getUnsafe()Lsun/misc/Unsafe; (greylist,core-platform-api, linking, allowed)
12-06 16:31:30.129 18042 18087 W teco.fmhandroi: Accessing hidden method Lsun/misc/Unsafe;->objectFieldOffset(Ljava/lang/reflect/Field;)J (greylist,core-platform-api, linking, allowed)
12-06 16:31:30.130 18042 18087 W teco.fmhandroi: Accessing hidden method Lsun/misc/Unsafe;->putObject(Ljava/lang/Object;JLjava/lang/Object;)V (greylist, linking, allowed)
12-06 16:31:30.145 18042 18081 I FA      : Tag Manager is not found and thus will not be used
12-06 16:31:30.147 18042 18087 W teco.fmhandroi: Accessing hidden method Lsun/misc/Unsafe;->compareAndSwapObject(Ljava/lang/Object;JLjava/lang/Object;Ljava/lang/Object;)Z (greylist, linking, allowed)
12-06 16:31:30.147 18042 18087 W teco.fmhandroi: Accessing hidden method Lsun/misc/Unsafe;->getObject(Ljava/lang/Object;J)Ljava/lang/Object; (greylist, linking, allowed)
12-06 16:31:30.179 18042 18141 W teco.fmhandroi: Accessing hidden method Lsun/misc/Unsafe;->compareAndSwapObject(Ljava/lang/Object;JLjava/lang/Object;Ljava/lang/Object;)Z (greylist, linking, allowed)
12-06 16:31:30.183 18042 18042 W teco.fmhandroi: Accessing hidden method Landroid/os/MessageQueue;->next()Landroid/os/Message; (greylist, reflection, allowed)
12-06 16:31:30.183 18042 18042 W teco.fmhandroi: Accessing hidden field Landroid/os/MessageQueue;->mMessages:Landroid/os/Message; (greylist, reflection, allowed)
12-06 16:31:30.184 18042 18042 W teco.fmhandroi: Accessing hidden method Landroid/os/Message;->recycleUnchecked()V (greylist, reflection, allowed)
12-06 16:31:30.228 18042 18055 I teco.fmhandroi: NativeAlloc concurrent copying GC freed 39484(3384KB) AllocSpace objects, 14(280KB) LOS objects, 49% free, 3216KB/6432KB, paused 968us total 155.537ms
12-06 16:31:30.312  2873 18090 V FA-SVC  : Logging event: origin=auto,name=screen_view(_vs),params=Bundle[{ga_event_origin(_o)=auto, ga_screen_class(_sc)=AppActivity, ga_screen_id(_si)=1893638507235473025}]
12-06 16:31:30.332 18042 18135 D HostConnection: HostConnection::get() New Host Connection established 0xda2903a0, tid 18135
12-06 16:31:30.334 18042 18135 D HostConnection: HostComposition ext ANDROID_EMU_CHECKSUM_HELPER_v1 ANDROID_EMU_dma_v1 ANDROID_EMU_direct_mem ANDROID_EMU_host_composition_v1 ANDROID_EMU_host_composition_v2 ANDROID_EMU_vulkan ANDROID_EMU_deferred_vulkan_commands ANDROID_EMU_vulkan_null_optional_strings ANDROID_EMU_vulkan_create_resources_with_requirements ANDROID_EMU_YUV_Cache ANDROID_EMU_vulkan_ignored_handles ANDROID_EMU_vulkan_free_memory_sync ANDROID_EMU_vulkan_shader_float16_int8 ANDROID_EMU_vulkan_async_queue_submit ANDROID_EMU_sync_buffer_data GL_OES_vertex_array_object GL_KHR_texture_compression_astc_ldr ANDROID_EMU_host_side_tracing ANDROID_EMU_gles_max_version_2 
12-06 16:31:30.350  2873 18090 V FA-SVC  : Upload scheduled in approximately ms: 1012035
12-06 16:31:30.350  2873 18090 V FA-SVC  : Unscheduling upload
12-06 16:31:30.354  2873 18090 V FA-SVC  : Scheduling upload, millis: 1012035
12-06 16:31:30.358  2873 18090 V FA-SVC  : Background event processing time, ms: 47
12-06 16:31:30.380 18042 18135 W OpenGLRenderer: Failed to choose config with EGL_SWAP_BEHAVIOR_PRESERVED, retrying without...
12-06 16:31:30.401  2656 17555 E SQLiteDatabase: Error inserting flex_time=1012000 job_id=-1 period=2025000 source=16 requires_charging=0 preferred_network_type=1 target_class=com.google.android.gms.measurement.PackageMeasurementTaskService user_id=0 target_package=com.google.android.gms tag=Measurement.PackageMeasurementTaskService.UPLOAD_TASK_TAG task_type=0 required_idleness_state=0 service_kind=0 source_version=202414000 persistence_level=1 preferred_charging_state=1 required_network_type=0 runtime=1670344290366 retry_strategy={"maximum_backoff_seconds":{"3600":0},"initial_backoff_seconds":{"30":0},"retry_policy":{"0":0}} last_runtime=0
12-06 16:31:30.401  2656 17555 E SQLiteDatabase: android.database.sqlite.SQLiteConstraintException: UNIQUE constraint failed: pending_ops.tag, pending_ops.target_class, pending_ops.target_package, pending_ops.user_id (code 2067 SQLITE_CONSTRAINT_UNIQUE)
12-06 16:31:30.401  2656 17555 E SQLiteDatabase: 	at android.database.sqlite.SQLiteConnection.nativeExecuteForLastInsertedRowId(Native Method)
12-06 16:31:30.401  2656 17555 E SQLiteDatabase: 	at android.database.sqlite.SQLiteConnection.executeForLastInsertedRowId(SQLiteConnection.java:879)
12-06 16:31:30.401  2656 17555 E SQLiteDatabase: 	at android.database.sqlite.SQLiteSession.executeForLastInsertedRowId(SQLiteSession.java:790)
12-06 16:31:30.401  2656 17555 E SQLiteDatabase: 	at android.database.sqlite.SQLiteStatement.executeInsert(SQLiteStatement.java:88)
12-06 16:31:30.401  2656 17555 E SQLiteDatabase: 	at android.database.sqlite.SQLiteDatabase.insertWithOnConflict(SQLiteDatabase.java:1599)
12-06 16:31:30.401  2656 17555 E SQLiteDatabase: 	at android.database.sqlite.SQLiteDatabase.insert(SQLiteDatabase.java:1468)
12-06 16:31:30.401  2656 17555 E SQLiteDatabase: 	at aqui.a(:com.google.android.gms@202414022@20.24.14 (040700-319035315):175)
12-06 16:31:30.401  2656 17555 E SQLiteDatabase: 	at aqtk.a(:com.google.android.gms@202414022@20.24.14 (040700-319035315):182)
12-06 16:31:30.401  2656 17555 E SQLiteDatabase: 	at aqtk.a(:com.google.android.gms@202414022@20.24.14 (040700-319035315):23)
12-06 16:31:30.401  2656 17555 E SQLiteDatabase: 	at aqtk.a(:com.google.android.gms@202414022@20.24.14 (040700-319035315):177)
12-06 16:31:30.401  2656 17555 E SQLiteDatabase: 	at aqpu.run(:com.google.android.gms@202414022@20.24.14 (040700-319035315):9)
12-06 16:31:30.401  2656 17555 E SQLiteDatabase: 	at soy.b(:com.google.android.gms@202414022@20.24.14 (040700-319035315):12)
12-06 16:31:30.401  2656 17555 E SQLiteDatabase: 	at soy.run(:com.google.android.gms@202414022@20.24.14 (040700-319035315):7)
12-06 16:31:30.401  2656 17555 E SQLiteDatabase: 	at java.util.concurrent.ThreadPoolExecutor.runWorker(ThreadPoolExecutor.java:1167)
12-06 16:31:30.401  2656 17555 E SQLiteDatabase: 	at java.util.concurrent.ThreadPoolExecutor$Worker.run(ThreadPoolExecutor.java:641)
12-06 16:31:30.401  2656 17555 E SQLiteDatabase: 	at sux.run(:com.google.android.gms@202414022@20.24.14 (040700-319035315):0)
12-06 16:31:30.401  2656 17555 E SQLiteDatabase: 	at java.lang.Thread.run(Thread.java:919)
12-06 16:31:30.487 18042 18135 D EGL_emulation: eglCreateContext: 0xe593f220: maj 2 min 0 rcv 2
12-06 16:31:30.500 18042 18135 D EGL_emulation: eglMakeCurrent: 0xe593f220: ver 2 0 (tinfo 0xe59d9b90)
12-06 16:31:30.512  1776  1825 D gralloc_ranchu: gralloc_alloc: Creating ashmem region of size 10108928
12-06 16:31:30.517  1648  1648 I hwservicemanager: getTransport: Cannot find entry android.hardware.graphics.mapper@3.0::IMapper/default in either framework or device manifest.
12-06 16:31:30.517 18042 18135 W Gralloc3: mapper 3.x is not supported
12-06 16:31:30.524 18042 18135 D HostConnection: createUnique: call
12-06 16:31:30.524 18042 18135 D HostConnection: HostConnection::get() New Host Connection established 0xda292290, tid 18135
12-06 16:31:30.525 18042 18135 D HostConnection: HostComposition ext ANDROID_EMU_CHECKSUM_HELPER_v1 ANDROID_EMU_dma_v1 ANDROID_EMU_direct_mem ANDROID_EMU_host_composition_v1 ANDROID_EMU_host_composition_v2 ANDROID_EMU_vulkan ANDROID_EMU_deferred_vulkan_commands ANDROID_EMU_vulkan_null_optional_strings ANDROID_EMU_vulkan_create_resources_with_requirements ANDROID_EMU_YUV_Cache ANDROID_EMU_vulkan_ignored_handles ANDROID_EMU_vulkan_free_memory_sync ANDROID_EMU_vulkan_shader_float16_int8 ANDROID_EMU_vulkan_async_queue_submit ANDROID_EMU_sync_buffer_data GL_OES_vertex_array_object GL_KHR_texture_compression_astc_ldr ANDROID_EMU_host_side_tracing ANDROID_EMU_gles_max_version_2 
12-06 16:31:30.526 18042 18135 D eglCodecCommon: allocate: Ask for block of size 0x1000
12-06 16:31:30.526 18042 18135 D eglCodecCommon: allocate: ioctl allocate returned offset 0x3ffff8000 size 0x2000
12-06 16:31:30.529  1776  1825 D gralloc_ranchu: gralloc_alloc: Creating ashmem region of size 10108928
12-06 16:31:30.531  1776  1825 D gralloc_ranchu: gralloc_alloc: Creating ashmem region of size 10108928
12-06 16:31:30.535 18042 18135 D EGL_emulation: eglMakeCurrent: 0xe593f220: ver 2 0 (tinfo 0xe59d9b90)
12-06 16:31:30.712 18042 18042 W teco.fmhandroi: Accessing hidden method Landroid/view/WindowManagerGlobal;->getInstance()Landroid/view/WindowManagerGlobal; (greylist, reflection, allowed)
12-06 16:31:30.712 18042 18042 W teco.fmhandroi: Accessing hidden field Landroid/view/WindowManagerGlobal;->mViews:Ljava/util/ArrayList; (greylist, reflection, allowed)
12-06 16:31:30.712 18042 18042 W teco.fmhandroi: Accessing hidden field Landroid/view/WindowManagerGlobal;->mParams:Ljava/util/ArrayList; (greylist, reflection, allowed)
12-06 16:31:30.726 18042 18042 I ViewInteraction: Performing 'wait for a specific view with <(an instance of android.widget.TextView and view.getText() with or without transformation to match: is "Authorization" and view.getParent() view.getParent() view.getId() is <2131231186>)> during 10000 millis.' action on view view.getRootView() to equal view
12-06 16:31:30.749  2018  2058 I ActivityTaskManager: Displayed ru.iteco.fmhandroid/.ui.AppActivity: +2s741ms
12-06 16:31:31.102  2170  2566 D EGL_emulation: eglMakeCurrent: 0xe594e040: ver 2 0 (tinfo 0xc52450c0)
12-06 16:31:33.089 18042 18042 W teco.fmhandroi: Accessing hidden field Lsun/misc/Unsafe;->theUnsafe:Lsun/misc/Unsafe; (greylist, reflection, allowed)
12-06 16:31:33.089 18042 18042 W teco.fmhandroi: Accessing hidden method Lsun/misc/Unsafe;->allocateInstance(Ljava/lang/Class;)Ljava/lang/Object; (greylist, reflection, allowed)
12-06 16:31:33.111 18042 18146 I okhttp.OkHttpClient: --> GET http://www.981757-ca08998.tmweb.ru:8080/fmh/authentication/userInfo
12-06 16:31:33.111 18042 18146 I okhttp.OkHttpClient: --> END GET
12-06 16:31:33.324  1744 18147 E ResolverController: No valid NAT64 prefix (100, <unspecified>/0)
12-06 16:31:33.674 18042 18146 I okhttp.OkHttpClient: <-- 200 http://www.981757-ca08998.tmweb.ru:8080/fmh/authentication/userInfo (562ms)
12-06 16:31:33.674 18042 18146 I okhttp.OkHttpClient: Vary: Origin
12-06 16:31:33.674 18042 18146 I okhttp.OkHttpClient: Vary: Access-Control-Request-Method
12-06 16:31:33.674 18042 18146 I okhttp.OkHttpClient: Vary: Access-Control-Request-Headers
12-06 16:31:33.674 18042 18146 I okhttp.OkHttpClient: X-Content-Type-Options: nosniff
12-06 16:31:33.674 18042 18146 I okhttp.OkHttpClient: X-XSS-Protection: 1; mode=block
12-06 16:31:33.675 18042 18146 I okhttp.OkHttpClient: Cache-Control: no-cache, no-store, max-age=0, must-revalidate
12-06 16:31:33.675 18042 18146 I okhttp.OkHttpClient: Pragma: no-cache
12-06 16:31:33.675 18042 18146 I okhttp.OkHttpClient: Expires: 0
12-06 16:31:33.675 18042 18146 I okhttp.OkHttpClient: X-Frame-Options: DENY
12-06 16:31:33.675 18042 18146 I okhttp.OkHttpClient: Content-Type: application/json
12-06 16:31:33.676 18042 18146 I okhttp.OkHttpClient: Transfer-Encoding: chunked
12-06 16:31:33.676 18042 18146 I okhttp.OkHttpClient: Date: Tue, 06 Dec 2022 16:31:35 GMT
12-06 16:31:33.676 18042 18146 I okhttp.OkHttpClient: Keep-Alive: timeout=60
12-06 16:31:33.676 18042 18146 I okhttp.OkHttpClient: Connection: keep-alive
12-06 16:31:33.680 18042 18146 I okhttp.OkHttpClient: {"id":2,"firstName":"Данил","lastName":"Иванов","middleName":"Данилович","admin":true}
12-06 16:31:33.680 18042 18146 I okhttp.OkHttpClient: <-- END HTTP (106-byte body)
12-06 16:31:33.725 18042 18151 I okhttp.OkHttpClient: --> GET http://www.981757-ca08998.tmweb.ru:8080/fmh/claims
12-06 16:31:33.725 18042 18151 I okhttp.OkHttpClient: --> END GET
12-06 16:31:34.254  2018  2058 E memtrack: Couldn't load memtrack module
12-06 16:31:34.254  2018  2058 W android.os.Debug: failed to get memory consumption info: -1
12-06 16:31:34.404  2656 17814 I LogUtils: [Places]: ?: Couldn't find platform key file. [CONTEXT service_id=253 ]
12-06 16:31:34.410  2656 17860 I LogUtils: [Places]: ?: Couldn't find platform key file. [CONTEXT service_id=253 ]
12-06 16:31:34.435  2656 17856 I LogUtils: [Places]: ?: PlacesBleScanner stop() [CONTEXT service_id=253 ]
12-06 16:31:34.442  2656  2656 I BeaconBle: Scan : No clients left, canceling alarm. [CONTEXT service_id=111 ]
12-06 16:31:34.444  2656  2656 I BeaconBle: Scan canceled successfully. [CONTEXT service_id=111 ]
12-06 16:31:34.461  2656 17856 I PlacesLogger: [PlaceInferenceEngine]: [anon] Changed inference mode: 0 [CONTEXT service_id=253 ]
12-06 16:31:34.478  2656  3542 W GCoreFlp: No location to return for getLastLocation()
12-06 16:31:34.528  2656 17555 I LogUtils: [Places]: ?: Couldn't find platform key file. [CONTEXT service_id=253 ]
12-06 16:31:34.530  2656 17860 I LogUtils: [Places]: ?: Couldn't find platform key file. [CONTEXT service_id=253 ]
12-06 16:31:34.636  2656  2656 I GeofencerStateMachine: removeGeofences: removeRequest=RemoveGeofencingRequest[REMOVE_BY_PENDING_INTENT pendingIntent=PendingIntent[creatorPackage=com.google.android.gms], packageName=com.google.android.gms]
12-06 16:31:36.065 18042 18151 I okhttp.OkHttpClient: <-- 200 http://www.981757-ca08998.tmweb.ru:8080/fmh/claims (2340ms)
12-06 16:31:36.065 18042 18151 I okhttp.OkHttpClient: Vary: Origin
12-06 16:31:36.065 18042 18151 I okhttp.OkHttpClient: Vary: Access-Control-Request-Method
12-06 16:31:36.065 18042 18151 I okhttp.OkHttpClient: Vary: Access-Control-Request-Headers
12-06 16:31:36.065 18042 18151 I okhttp.OkHttpClient: X-Content-Type-Options: nosniff
12-06 16:31:36.065 18042 18151 I okhttp.OkHttpClient: X-XSS-Protection: 1; mode=block
12-06 16:31:36.065 18042 18151 I okhttp.OkHttpClient: Cache-Control: no-cache, no-store, max-age=0, must-revalidate
12-06 16:31:36.065 18042 18151 I okhttp.OkHttpClient: Pragma: no-cache
12-06 16:31:36.065 18042 18151 I okhttp.OkHttpClient: Expires: 0
12-06 16:31:36.065 18042 18151 I okhttp.OkHttpClient: X-Frame-Options: DENY
12-06 16:31:36.066 18042 18151 I okhttp.OkHttpClient: Content-Type: application/json
12-06 16:31:36.066 18042 18151 I okhttp.OkHttpClient: Transfer-Encoding: chunked
12-06 16:31:36.066 18042 18151 I okhttp.OkHttpClient: Date: Tue, 06 Dec 2022 16:31:37 GMT
12-06 16:31:36.066 18042 18151 I okhttp.OkHttpClient: Keep-Alive: timeout=60
12-06 16:31:36.066 18042 18151 I okhttp.OkHttpClient: Connection: keep-alive
12-06 16:31:36.371 18042 18042 I Choreographer: Skipped 158 frames!  The application may be doing too much work on its main thread.
12-06 16:31:36.448 18042 18081 V FA      : Inactivity, disconnecting from the service
12-06 16:31:37.560 18042 18135 I OpenGLRenderer: Davey! duration=3828ms; Flags=1, IntendedVsync=18770400744573, Vsync=18773034077801, OldestInputEvent=9223372036854775807, NewestInputEvent=0, HandleInputStart=18773039842300, AnimationStart=18773039879200, PerformTraversalsStart=18773040110900, DrawStart=18773103807400, SyncQueued=18773112948200, SyncStart=18773113195600, IssueDrawCommandsStart=18773113633800, SwapBuffers=18774211966000, FrameCompleted=18774229094400, DequeueBufferDuration=126000, QueueBufferDuration=845000, 
12-06 16:31:37.569 18042 18042 I Choreographer: Skipped 67 frames!  The application may be doing too much work on its main thread.
12-06 16:31:39.137  2962  3348 I WorkerManager: dispose()
12-06 16:31:39.143  2962  3348 W ThreadPoolDumper: Queue length for executor EventBus is now 11. Perhaps some tasks are too long, or the pool is too small.
12-06 16:31:39.479  2656  2656 I BeaconBle: Scan : No clients left, canceling alarm. [CONTEXT service_id=111 ]
12-06 16:31:40.511 12448 12508 E ActivityThread: Failed to find provider info for com.google.android.apps.wellbeing.api
12-06 16:31:40.810 18042 18042 D takeScreenshot: Found 1 global views to redraw
12-06 16:31:40.906  1776  1825 D gralloc_ranchu: gralloc_alloc: Creating ashmem region of size 10108928
12-06 16:31:41.040  1648  1648 I hwservicemanager: getTransport: Cannot find entry android.hardware.graphics.mapper@3.0::IMapper/default in either framework or device manifest.
12-06 16:31:41.040 18017 18041 W Gralloc3: mapper 3.x is not supported
12-06 16:31:41.142 18017 18041 D HostConnection: createUnique: call
12-06 16:31:41.144 18017 18041 D HostConnection: HostConnection::get() New Host Connection established 0xf76564e0, tid 18041
12-06 16:31:41.192 18017 18041 D HostConnection: HostComposition ext ANDROID_EMU_CHECKSUM_HELPER_v1 ANDROID_EMU_dma_v1 ANDROID_EMU_direct_mem ANDROID_EMU_host_composition_v1 ANDROID_EMU_host_composition_v2 ANDROID_EMU_vulkan ANDROID_EMU_deferred_vulkan_commands ANDROID_EMU_vulkan_null_optional_strings ANDROID_EMU_vulkan_create_resources_with_requirements ANDROID_EMU_YUV_Cache ANDROID_EMU_vulkan_ignored_handles ANDROID_EMU_vulkan_free_memory_sync ANDROID_EMU_vulkan_shader_float16_int8 ANDROID_EMU_vulkan_async_queue_submit ANDROID_EMU_sync_buffer_data GL_OES_vertex_array_object GL_KHR_texture_compression_astc_ldr ANDROID_EMU_host_side_tracing ANDROID_EMU_gles_max_version_2 
12-06 16:31:41.194 18017 18041 D eglCodecCommon: allocate: Ask for block of size 0x1000
12-06 16:31:41.194 18017 18041 D eglCodecCommon: allocate: ioctl allocate returned offset 0x3ffff6000 size 0x2000
12-06 16:31:41.204  1793  1999 E SurfaceFlinger: ro.sf.lcd_density must be defined as a build property
12-06 16:31:41.205  1793  2129 E SurfaceFlinger: ro.sf.lcd_density must be defined as a build property
12-06 16:31:41.209 18017 18160 D libEGL  : Emulator has host GPU support, qemu.gles is set to 1.
12-06 16:31:41.220 18017 18160 W libc    : Unable to set property "qemu.gles" to "1": error code: 0x18
12-06 16:31:41.221 18017 18160 D libEGL  : loaded /vendor/lib/egl/libEGL_emulation.so
12-06 16:31:41.222 18017 18160 D libEGL  : loaded /vendor/lib/egl/libGLESv1_CM_emulation.so
12-06 16:31:41.223 18017 18160 D libEGL  : loaded /vendor/lib/egl/libGLESv2_emulation.so
12-06 16:31:41.231 18017 18160 D HostConnection: HostConnection::get() New Host Connection established 0xf76563f0, tid 18160
12-06 16:31:41.233 18017 18160 D HostConnection: HostComposition ext ANDROID_EMU_CHECKSUM_HELPER_v1 ANDROID_EMU_dma_v1 ANDROID_EMU_direct_mem ANDROID_EMU_host_composition_v1 ANDROID_EMU_host_composition_v2 ANDROID_EMU_vulkan ANDROID_EMU_deferred_vulkan_commands ANDROID_EMU_vulkan_null_optional_strings ANDROID_EMU_vulkan_create_resources_with_requirements ANDROID_EMU_YUV_Cache ANDROID_EMU_vulkan_ignored_handles ANDROID_EMU_vulkan_free_memory_sync ANDROID_EMU_vulkan_shader_float16_int8 ANDROID_EMU_vulkan_async_queue_submit ANDROID_EMU_sync_buffer_data GL_OES_vertex_array_object GL_KHR_texture_compression_astc_ldr ANDROID_EMU_host_side_tracing ANDROID_EMU_gles_max_version_2 
12-06 16:31:41.236 18017 18160 W OpenGLRenderer: Failed to choose config with EGL_SWAP_BEHAVIOR_PRESERVED, retrying without...
12-06 16:31:41.297 18017 18160 D EGL_emulation: eglCreateContext: 0xe22284e0: maj 2 min 0 rcv 2
12-06 16:31:41.301 18017 18160 D EGL_emulation: eglMakeCurrent: 0xe22284e0: ver 2 0 (tinfo 0xe220f370)
12-06 16:31:41.517 18042 18087 W DefaultFailureHandler: Failed to take screenshot
12-06 16:31:41.517 18042 18087 W DefaultFailureHandler: java.io.FileNotFoundException: view-op-error-1.png: open failed: EROFS (Read-only file system)
12-06 16:31:41.517 18042 18087 W DefaultFailureHandler: 	at libcore.io.IoBridge.open(IoBridge.java:496)
12-06 16:31:41.517 18042 18087 W DefaultFailureHandler: 	at java.io.FileOutputStream.<init>(FileOutputStream.java:235)
12-06 16:31:41.517 18042 18087 W DefaultFailureHandler: 	at java.io.FileOutputStream.<init>(FileOutputStream.java:125)
12-06 16:31:41.517 18042 18087 W DefaultFailureHandler: 	at androidx.test.platform.io.FileTestStorage.openOutputFile(FileTestStorage.java:60)
12-06 16:31:41.517 18042 18087 W DefaultFailureHandler: 	at androidx.test.core.graphics.BitmapStorage.writeToTestStorage(BitmapStorageExt.kt:49)
12-06 16:31:41.517 18042 18087 W DefaultFailureHandler: 	at androidx.test.espresso.base.DefaultFailureHandler.takeScreenshot(DefaultFailureHandler.java:4)
12-06 16:31:41.517 18042 18087 W DefaultFailureHandler: 	at androidx.test.espresso.base.DefaultFailureHandler.handle(DefaultFailureHandler.java:3)
12-06 16:31:41.517 18042 18087 W DefaultFailureHandler: 	at androidx.test.espresso.ViewInteraction.waitForAndHandleInteractionResults(ViewInteraction.java:8)
12-06 16:31:41.517 18042 18087 W DefaultFailureHandler: 	at androidx.test.espresso.ViewInteraction.desugaredPerform(ViewInteraction.java:11)
12-06 16:31:41.517 18042 18087 W DefaultFailureHandler: 	at androidx.test.espresso.ViewInteraction.perform(ViewInteraction.java:8)
12-06 16:31:41.517 18042 18087 W DefaultFailureHandler: 	at ru.iteco.fmhandroid.ui.data.TestUtils.waitView(TestUtils.java:61)
12-06 16:31:41.517 18042 18087 W DefaultFailureHandler: 	at ru.iteco.fmhandroid.ui.steps.AuthSteps.isAuthScreen(AuthSteps.java:56)
12-06 16:31:41.517 18042 18087 W DefaultFailureHandler: 	at ru.iteco.fmhandroid.ui.ClaimEditTest.logoutCheck(ClaimEditTest.java:53)
12-06 16:31:41.517 18042 18087 W DefaultFailureHandler: 	at java.lang.reflect.Method.invoke(Native Method)
12-06 16:31:41.517 18042 18087 W DefaultFailureHandler: 	at org.junit.runners.model.FrameworkMethod$1.runReflectiveCall(FrameworkMethod.java:59)
12-06 16:31:41.517 18042 18087 W DefaultFailureHandler: 	at org.junit.internal.runners.model.ReflectiveCallable.run(ReflectiveCallable.java:12)
12-06 16:31:41.517 18042 18087 W DefaultFailureHandler: 	at org.junit.runners.model.FrameworkMethod.invokeExplosively(FrameworkMethod.java:56)
12-06 16:31:41.517 18042 18087 W DefaultFailureHandler: 	at androidx.test.internal.runner.junit4.statement.RunBefores.evaluate(RunBefores.java:76)
12-06 16:31:41.517 18042 18087 W DefaultFailureHandler: 	at io.qameta.allure.android.rules.ScreenshotRule$apply$1.evaluate(ScreenshotRule.kt:22)
12-06 16:31:41.517 18042 18087 W DefaultFailureHandler: 	at org.junit.rules.ExternalResource$1.evaluate(ExternalResource.java:54)
12-06 16:31:41.517 18042 18087 W DefaultFailureHandler: 	at io.qameta.allure.android.rules.LogcatRule$apply$1.evaluate(LogcatRule.kt:23)
12-06 16:31:41.517 18042 18087 W DefaultFailureHandler: 	at org.junit.rules.RunRules.evaluate(RunRules.java:20)
12-06 16:31:41.517 18042 18087 W DefaultFailureHandler: 	at org.junit.runners.ParentRunner$3.evaluate(ParentRunner.java:306)
12-06 16:31:41.517 18042 18087 W DefaultFailureHandler: 	at org.junit.runners.BlockJUnit4ClassRunner$1.evaluate(BlockJUnit4ClassRunner.java:100)
12-06 16:31:41.517 18042 18087 W DefaultFailureHandler: 	at org.junit.runners.ParentRunner.runLeaf(ParentRunner.java:366)
12-06 16:31:41.517 18042 18087 W DefaultFailureHandler: 	at org.junit.runners.BlockJUnit4ClassRunner.runChild(BlockJUnit4ClassRunner.java:103)
12-06 16:31:41.517 18042 18087 W DefaultFailureHandler: 	at org.junit.runners.BlockJUnit4ClassRunner.runChild(BlockJUnit4ClassRunner.java:63)
12-06 16:31:41.517 18042 18087 W DefaultFailureHandler: 	at org.junit.runners.ParentRunner$4.run(ParentRunner.java:331)
12-06 16:31:41.517 18042 18087 W DefaultFailureHandler: 	at org.junit.runners.ParentRunner$1.schedule(ParentRunner.java:79)
12-06 16:31:41.517 18042 18087 W DefaultFailureHandler: 	at org.junit.runners.ParentRunner.runChildren(ParentRunner.java:329)
12-06 16:31:41.517 18042 18087 W DefaultFailureHandler: 	at org.junit.runners.ParentRunner.access$100(ParentRunner.java:66)
12-06 16:31:41.517 18042 18087 W DefaultFailureHandler: 	at org.junit.runners.ParentRunner$2.evaluate(ParentRunner.java:293)
12-06 16:31:41.517 18042 18087 W DefaultFailureHandler: 	at org.junit.runners.ParentRunner$3.evaluate(ParentRunner.java:306)
12-06 16:31:41.517 18042 18087 W DefaultFailureHandler: 	at org.junit.runners.ParentRunner.run(ParentRunner.java:413)
12-06 16:31:41.517 18042 18087 W DefaultFailureHandler: 	at androidx.test.ext.junit.runners.AndroidJUnit4.run(AndroidJUnit4.java:162)
12-06 16:31:41.517 18042 18087 W DefaultFailureHandler: 	at io.qameta.allure.android.runners.AllureAndroidJUnit4.run(AllureAndroidJUnitRunners.kt:29)
12-06 16:31:41.517 18042 18087 W DefaultFailureHandler: 	at org.junit.runners.Suite.runChild(Suite.java:128)
12-06 16:31:41.517 18042 18087 W DefaultFailureHandler: 	at org.junit.runners.Suite.runChild(Suite.java:27)
12-06 16:31:41.517 18042 18087 W DefaultFailureHandler: 	at org.junit.runners.ParentRunner$4.run(ParentRunner.java:331)
12-06 16:31:41.517 18042 18087 W DefaultFailureHandler: 	at org.junit.runners.ParentRunner$1.schedule(ParentRunner.java:79)
12-06 16:31:41.517 18042 18087 W DefaultFailureHandler: 	at org.junit.runners.ParentRunner.runChildren(ParentRunner.java:329)
12-06 16:31:41.517 18042 18087 W DefaultFailureHandler: 	at org.junit.runners.ParentRunner.access$100(ParentRunner.java:66)
12-06 16:31:41.517 18042 18087 W DefaultFailureHandler: 	at org.junit.runners.ParentRunner$2.evaluate(ParentRunner.java:293)
12-06 16:31:41.517 18042 18087 W DefaultFailureHandler: 	at org.junit.runners.ParentRunner$3.evaluate(ParentRunner.java:306)
12-06 16:31:41.517 18042 18087 W DefaultFailureHandler: 	at org.junit.runners.ParentRunner.run(ParentRunner.java:413)
12-06 16:31:41.517 18042 18087 W DefaultFailureHandler: 	at org.junit.runner.JUnitCore.run(JUnitCore.java:137)
12-06 16:31:41.517 18042 18087 W DefaultFailureHandler: 	at org.junit.runner.JUnitCore.run(JUnitCore.java:115)
12-06 16:31:41.517 18042 18087 W DefaultFailureHandler: 	at androidx.test.internal.runner.TestExecutor.execute(TestExecutor.java:67)
12-06 16:31:41.517 18042 18087 W DefaultFailureHandler: 	at androidx.test.internal.runner.TestExecutor.execute(TestExecutor.java:58)
12-06 16:31:41.517 18042 18087 W DefaultFailureHandler: 	at androidx.test.runner.AndroidJUnitRunner.onStart(AndroidJUnitRunner.java:438)
12-06 16:31:41.517 18042 18087 W DefaultFailureHandler: 	at android.app.Instrumentation$InstrumentationThread.run(Instrumentation.java:2189)
12-06 16:31:41.517 18042 18087 W DefaultFailureHandler: Caused by: android.system.ErrnoException: open failed: EROFS (Read-only file system)
12-06 16:31:41.517 18042 18087 W DefaultFailureHandler: 	at libcore.io.Linux.open(Native Method)
12-06 16:31:41.517 18042 18087 W DefaultFailureHandler: 	at libcore.io.ForwardingOs.open(ForwardingOs.java:167)
12-06 16:31:41.517 18042 18087 W DefaultFailureHandler: 	at libcore.io.BlockGuardOs.open(BlockGuardOs.java:252)
12-06 16:31:41.517 18042 18087 W DefaultFailureHandler: 	at libcore.io.ForwardingOs.open(ForwardingOs.java:167)
12-06 16:31:41.517 18042 18087 W DefaultFailureHandler: 	at android.app.ActivityThread$AndroidOs.open(ActivityThread.java:7255)
12-06 16:31:41.517 18042 18087 W DefaultFailureHandler: 	at libcore.io.IoBridge.open(IoBridge.java:482)
12-06 16:31:41.517 18042 18087 W DefaultFailureHandler: 	... 50 more
12-06 16:31:41.525 18042 18087 W teco.fmhandroi: Accessing hidden method Lsun/misc/Unsafe;->compareAndSwapObject(Ljava/lang/Object;JLjava/lang/Object;Ljava/lang/Object;)Z (greylist, linking, allowed)
12-06 16:31:41.527 18042 18042 I ViewInteraction: Performing 'wait for a specific view with <view.getId() is <2131230870>> during 10000 millis.' action on view view.getRootView() to equal view
12-06 16:31:41.535 18042 18087 W teco.fmhandroi: Accessing hidden method Lsun/misc/Unsafe;->compareAndSwapObject(Ljava/lang/Object;JLjava/lang/Object;Ljava/lang/Object;)Z (greylist, linking, allowed)
12-06 16:31:41.536 18042 18161 W teco.fmhandroi: Accessing hidden method Lsun/misc/Unsafe;->compareAndSwapObject(Ljava/lang/Object;JLjava/lang/Object;Ljava/lang/Object;)Z (greylist, linking, allowed)
12-06 16:31:41.537 18042 18042 I ViewInteraction: Checking 'MatchesViewAssertion{viewMatcher=(view has effective visibility <VISIBLE> and view.getGlobalVisibleRect() to return non-empty rectangle)}' assertion on view view.getId() is <2131230870/ru.iteco.fmhandroid:id/authorization_image_button>
12-06 16:31:41.544 18042 18087 W teco.fmhandroi: Accessing hidden method Landroid/view/ViewConfiguration;->getDoubleTapMinTime()I (greylist, reflection, allowed)
12-06 16:31:41.549 18042 18087 W teco.fmhandroi: Accessing hidden method Lsun/misc/Unsafe;->compareAndSwapObject(Ljava/lang/Object;JLjava/lang/Object;Ljava/lang/Object;)Z (greylist, linking, allowed)
12-06 16:31:41.554 18042 18042 I ViewInteraction: Performing 'single click' action on view view.getId() is <2131230870/ru.iteco.fmhandroid:id/authorization_image_button>
12-06 16:31:41.718  1776  1825 D gralloc_ranchu: gralloc_alloc: Creating ashmem region of size 884736
12-06 16:31:41.725  1776  1825 I chatty  : uid=1000(system) HwBinder:1776_1 identical 1 line
12-06 16:31:41.730  1776  1825 D gralloc_ranchu: gralloc_alloc: Creating ashmem region of size 884736
12-06 16:31:41.740 18042 18135 D EGL_emulation: eglMakeCurrent: 0xe593f220: ver 2 0 (tinfo 0xe59d9b90)
12-06 16:31:41.755 18042 18135 I chatty  : uid=10146(ru.iteco.fmhandroid) RenderThread identical 1 line
12-06 16:31:41.784 18042 18135 D EGL_emulation: eglMakeCurrent: 0xe593f220: ver 2 0 (tinfo 0xe59d9b90)
12-06 16:31:41.797  1764  6994 W audio_hw_generic: Not supplying enough data to HAL, expected position 27903612 , only wrote 27903454
12-06 16:31:41.812 18042 18135 D EGL_emulation: eglMakeCurrent: 0xe593f220: ver 2 0 (tinfo 0xe59d9b90)
12-06 16:31:41.835 18042 18135 D EGL_emulation: eglMakeCurrent: 0xe593f220: ver 2 0 (tinfo 0xe59d9b90)
12-06 16:31:42.034 18042 18087 W teco.fmhandroi: Accessing hidden method Lsun/misc/Unsafe;->compareAndSwapObject(Ljava/lang/Object;JLjava/lang/Object;Ljava/lang/Object;)Z (greylist, linking, allowed)
12-06 16:31:42.036 18042 18042 I ViewInteraction: Performing 'wait for a specific view with <an instance of android.widget.TextView and view.getText() with or without transformation to match: is "Log out"> during 10000 millis.' action on view view.getRootView() to equal view
12-06 16:31:42.040 18042 18042 I ViewInteraction: Checking 'MatchesViewAssertion{viewMatcher=(view has effective visibility <VISIBLE> and view.getGlobalVisibleRect() to return non-empty rectangle)}' assertion on view an instance of android.widget.TextView and view.getText() with or without transformation to match: is "Log out"
12-06 16:31:42.044 18042 18042 I ViewInteraction: Performing 'single click' action on view an instance of android.widget.TextView and view.getText() with or without transformation to match: is "Log out"
12-06 16:31:42.348 18042 18135 D EGL_emulation: eglMakeCurrent: 0xe593f220: ver 2 0 (tinfo 0xe59d9b90)
12-06 16:31:42.405 18042 18135 D EGL_emulation: eglMakeCurrent: 0xe593f220: ver 2 0 (tinfo 0xe59d9b90)
12-06 16:31:42.496 18042 18042 I ViewInteraction: Performing 'wait for a specific view with <(an instance of android.widget.TextView and view.getText() with or without transformation to match: is "Authorization" and view.getParent() view.getParent() view.getId() is <2131231186>)> during 10000 millis.' action on view view.getRootView() to equal view
12-06 16:31:42.498 18042 18087 W teco.fmhandroi: Accessing hidden method Lsun/misc/Unsafe;->compareAndSwapObject(Ljava/lang/Object;JLjava/lang/Object;Ljava/lang/Object;)Z (greylist, linking, allowed)
12-06 16:31:42.501 18042 18042 I ViewInteraction: Checking 'MatchesViewAssertion{viewMatcher=(view has effective visibility <VISIBLE> and view.getGlobalVisibleRect() to return non-empty rectangle)}' assertion on view (an instance of android.widget.TextView and view.getText() with or without transformation to match: is "Authorization" and view.getParent() view.getParent() view.getId() is <2131231186/ru.iteco.fmhandroid:id/nav_host_fragment>)
12-06 16:31:42.502 18042 18087 W teco.fmhandroi: Accessing hidden method Lsun/misc/Unsafe;->compareAndSwapObject(Ljava/lang/Object;JLjava/lang/Object;Ljava/lang/Object;)Z (greylist, linking, allowed)
12-06 16:31:42.502 18042 18161 W teco.fmhandroi: Accessing hidden method Lsun/misc/Unsafe;->compareAndSwapObject(Ljava/lang/Object;JLjava/lang/Object;Ljava/lang/Object;)Z (greylist, linking, allowed)
