12-07 20:59:08.173   809   951 I okhttp.OkHttpClient: [{"id":1,"firstName":"Петр","lastName":"Смирнов","middleName":"Петрович","admin":true},{"id":2,"firstName":"Данил","lastName":"Иванов","middleName":"Данилович","admin":true},{"id":3,"firstName":"Егор","lastName":"Петров","middleName":"Егорович","admin":false},{"id":4,"firstName":"Дмитрий","lastName":"Сидоров","middleName":"Дмитриевич","admin":false},{"id":5,"firstName":"Тест","lastName":"Тестов","middleName":"Тестович","admin":true},{"id":6,"firstName":"Diplom","lastName":"Netology","middleName":"QAMID","admin":true}]
12-07 20:59:08.173   809   951 I okhttp.OkHttpClient: <-- END HTTP (622-byte body)
12-07 20:59:08.177  2298  2315 I m.android.phon: Background concurrent copying GC freed 16604(1652KB) AllocSpace objects, 0(0B) LOS objects, 49% free, 1755KB/3510KB, paused 661us total 256.543ms
12-07 20:59:08.436   809   920 I okhttp.OkHttpClient: [{"id":1,"firstName":"Петр","lastName":"Смирнов","middleName":"Петрович","admin":true},{"id":2,"firstName":"Данил","lastName":"Иванов","middleName":"Данилович","admin":true},{"id":3,"firstName":"Егор","lastName":"Петров","middleName":"Егорович","admin":false},{"id":4,"firstName":"Дмитрий","lastName":"Сидоров","middleName":"Дмитриевич","admin":false},{"id":5,"firstName":"Тест","lastName":"Тестов","middleName":"Тестович","admin":true},{"id":6,"firstName":"Diplom","lastName":"Netology","middleName":"QAMID","admin":true}]
12-07 20:59:08.436   809   920 I okhttp.OkHttpClient: <-- END HTTP (622-byte body)
12-07 20:59:08.637   809   809 W System.err: ru.iteco.fmhandroid.exceptions.UnknownException
12-07 20:59:08.645   809   809 W System.err: 	at ru.iteco.fmhandroid.utils.Utils.makeRequest(Utils.kt:123)
12-07 20:59:08.645   809   809 W System.err: 	at ru.iteco.fmhandroid.utils.Utils$makeRequest$1.invokeSuspend(Unknown Source:15)
12-07 20:59:08.645   809   809 W System.err: 	at kotlin.coroutines.jvm.internal.BaseContinuationImpl.resumeWith(ContinuationImpl.kt:33)
12-07 20:59:08.645   809   809 W System.err: 	at kotlinx.coroutines.DispatchedTask.run(DispatchedTask.kt:233)
12-07 20:59:08.645   809   809 W System.err: 	at android.os.Handler.handleCallback(Handler.java:883)
12-07 20:59:08.645   809   809 W System.err: 	at android.os.Handler.dispatchMessage(Handler.java:100)
12-07 20:59:08.645   809   809 W System.err: 	at androidx.test.espresso.base.Interrogator.loopAndInterrogate(Interrogator.java:14)
12-07 20:59:08.646   809   809 W System.err: 	at androidx.test.espresso.base.UiControllerImpl.loopUntil(UiControllerImpl.java:8)
12-07 20:59:08.646   809   809 W System.err: 	at androidx.test.espresso.base.UiControllerImpl.loopUntil(UiControllerImpl.java:1)
12-07 20:59:08.646   809   809 W System.err: 	at androidx.test.espresso.base.UiControllerImpl.loopMainThreadForAtLeast(UiControllerImpl.java:7)
12-07 20:59:08.646   809   809 W System.err: 	at ru.iteco.fmhandroid.ui.data.ViewActions$1.perform(ViewActions.java:48)
12-07 20:59:08.646   809   809 W System.err: 	at androidx.test.espresso.ViewInteraction$SingleExecutionViewAction.perform(ViewInteraction.java:2)
12-07 20:59:08.646   809   809 W System.err: 	at androidx.test.espresso.ViewInteraction.doPerform(ViewInteraction.java:25)
12-07 20:59:08.646   809   809 W System.err: 	at androidx.test.espresso.ViewInteraction.-$$Nest$mdoPerform(Unknown Source:0)
12-07 20:59:08.646   809   809 W System.err: 	at androidx.test.espresso.ViewInteraction$1.call(ViewInteraction.java:7)
12-07 20:59:08.646   809   809 W System.err: 	at androidx.test.espresso.ViewInteraction$1.call(ViewInteraction.java:1)
12-07 20:59:08.646   809   809 W System.err: 	at java.util.concurrent.FutureTask.run(FutureTask.java:266)
12-07 20:59:08.646   809   809 W System.err: 	at android.os.Handler.handleCallback(Handler.java:883)
12-07 20:59:08.646   809   809 W System.err: 	at android.os.Handler.dispatchMessage(Handler.java:100)
12-07 20:59:08.646   809   809 W System.err: 	at android.os.Looper.loop(Looper.java:214)
12-07 20:59:08.647   809   809 W System.err: 	at android.app.ActivityThread.main(ActivityThread.java:7356)
12-07 20:59:08.647   809   809 W System.err: 	at java.lang.reflect.Method.invoke(Native Method)
12-07 20:59:08.647   809   809 W System.err: 	at com.android.internal.os.RuntimeInit$MethodAndArgsCaller.run(RuntimeInit.java:492)
12-07 20:59:08.647   809   809 W System.err: 	at com.android.internal.os.ZygoteInit.main(ZygoteInit.java:930)
12-07 20:59:08.688   809   855 W teco.fmhandroi: Accessing hidden method Lsun/misc/Unsafe;->compareAndSwapObject(Ljava/lang/Object;JLjava/lang/Object;Ljava/lang/Object;)Z (greylist, linking, allowed)
12-07 20:59:08.693   809   809 I ViewInteraction: Performing 'single click' action on view view.getId() is <2131231041/ru.iteco.fmhandroid:id/executor_drop_menu_auto_complete_text_view>
12-07 20:59:08.833  2018  2058 E memtrack: Couldn't load memtrack module
12-07 20:59:08.833  2018  2058 W android.os.Debug: failed to get memory consumption info: -1
12-07 20:59:08.908  1776  1776 D gralloc_ranchu: gralloc_alloc: Creating ashmem region of size 4116480
12-07 20:59:08.917  1776  1776 D gralloc_ranchu: gralloc_alloc: Creating ashmem region of size 4116480
12-07 20:59:08.920  1776  1825 D gralloc_ranchu: gralloc_alloc: Creating ashmem region of size 4116480
12-07 20:59:08.937   809   901 D EGL_emulation: eglMakeCurrent: 0xe593e500: ver 2 0 (tinfo 0xf0c99e70)
12-07 20:59:08.993   809   809 I AssistStructure: Flattened final assist data: 6984 bytes, containing 2 windows, 53 views
12-07 20:59:09.015  2018  3039 D AutofillSession: Starting partition or augmented request for view id 1073741827@1094631402: STARTED_SESSION
12-07 20:59:09.032   809   901 D EGL_emulation: eglMakeCurrent: 0xe593e500: ver 2 0 (tinfo 0xf0c99e70)
12-07 20:59:09.050  2018  2018 D AutofillSession: cancelCurrentRequest(): id = 413
12-07 20:59:09.062   809   809 I AssistStructure: Flattened final assist data: 6984 bytes, containing 2 windows, 53 views
12-07 20:59:09.071  2537  2537 W GInputConnectionWrapper: IPC IC_GET_TEXT_BEFORE_CURSOR_AND_FIX_SELECTION_INDICES took 119 ms
12-07 20:59:09.081   809   901 D EGL_emulation: eglMakeCurrent: 0xe593e500: ver 2 0 (tinfo 0xf0c99e70)
12-07 20:59:09.106  2656  2656 W ktk     : Pending fill request while another request in the same session was triggered. [CONTEXT service_id=177 ]
12-07 20:59:09.110  2537  2537 I KeyboardViewUtil: systemKeyboardHeightRatio:1.000000; userKeyboardHeightRatio:1.000000.
12-07 20:59:09.125  2537  2537 I AndroidIME: LatinIme.onActivate() : EditorInfo = Package = ru.iteco.fmhandroid : Type = Text : Learning = Disable : Suggestion = Show : AutoCorrection = Disable : Microphone = Show : NoPersonalizedLearning = Disable
12-07 20:59:09.266  2018  2051 D AutofillUI: destroySaveUiUiThread(): already destroyed
12-07 20:59:09.267   809   901 D EGL_emulation: eglMakeCurrent: 0xe593e500: ver 2 0 (tinfo 0xf0c99e70)
12-07 20:59:09.346   809   855 W teco.fmhandroi: Accessing hidden method Lsun/misc/Unsafe;->compareAndSwapObject(Ljava/lang/Object;JLjava/lang/Object;Ljava/lang/Object;)Z (greylist, linking, allowed)
12-07 20:59:09.347   809   809 I ViewInteraction: Performing 'close keyboard' action on view view.getRootView() to equal view
12-07 20:59:09.431  2537  2537 I Conv2QueryExtension: Current locale: en_US, config allows these locales: de,en,es,fr,it,ms,pt,ta
12-07 20:59:09.431  2537  2537 I Conv2QueryExtension: Conv2Query not enabled due to current app [ru.iteco.fmhandroid] not in whitelist
12-07 20:59:09.432  2537  2537 I Conv2QueryExtension: onActivate() : Disabled by unsupported host app
12-07 20:59:09.467  2170  2566 D EGL_emulation: eglMakeCurrent: 0xe594e040: ver 2 0 (tinfo 0xc52450c0)
12-07 20:59:09.543  2537  2537 I Choreographer: Skipped 39 frames!  The application may be doing too much work on its main thread.
12-07 20:59:09.585  1776  1776 D gralloc_ranchu: gralloc_alloc: Creating ashmem region of size 9826304
12-07 20:59:09.627  1776  1776 I chatty  : uid=1000(system) allocator@2.0-s identical 1 line
12-07 20:59:09.635  1776  1776 D gralloc_ranchu: gralloc_alloc: Creating ashmem region of size 9826304
12-07 20:59:09.728  1776  1776 D gralloc_ranchu: gralloc_alloc: Creating ashmem region of size 3072000
12-07 20:59:09.739   809   901 D EGL_emulation: eglMakeCurrent: 0xe593e500: ver 2 0 (tinfo 0xf0c99e70)
12-07 20:59:09.762  1776  1776 D gralloc_ranchu: gralloc_alloc: Creating ashmem region of size 3072000
12-07 20:59:09.767   809   901 D EGL_emulation: eglMakeCurrent: 0xe593e500: ver 2 0 (tinfo 0xf0c99e70)
12-07 20:59:09.789  2537  8546 D EGL_emulation: eglMakeCurrent: 0xc286ce00: ver 2 0 (tinfo 0xc335ede0)
12-07 20:59:09.790   809   901 D EGL_emulation: eglMakeCurrent: 0xe593e500: ver 2 0 (tinfo 0xf0c99e70)
12-07 20:59:09.808  1776  1776 D gralloc_ranchu: gralloc_alloc: Creating ashmem region of size 3072000
12-07 20:59:09.810   809   948 I okhttp.OkHttpClient: <-- 200 http://www.981757-ca08998.tmweb.ru:8080/fmh/claims (2903ms)
12-07 20:59:09.811   809   948 I okhttp.OkHttpClient: Vary: Origin
12-07 20:59:09.811   809   948 I okhttp.OkHttpClient: Vary: Access-Control-Request-Method
12-07 20:59:09.812   809   948 I okhttp.OkHttpClient: Vary: Access-Control-Request-Headers
12-07 20:59:09.812   809   948 I okhttp.OkHttpClient: X-Content-Type-Options: nosniff
12-07 20:59:09.812   809   948 I okhttp.OkHttpClient: X-XSS-Protection: 1; mode=block
12-07 20:59:09.812   809   948 I okhttp.OkHttpClient: Cache-Control: no-cache, no-store, max-age=0, must-revalidate
12-07 20:59:09.812   809   948 I okhttp.OkHttpClient: Pragma: no-cache
12-07 20:59:09.813   809   948 I okhttp.OkHttpClient: Expires: 0
12-07 20:59:09.813   809   948 I okhttp.OkHttpClient: X-Frame-Options: DENY
12-07 20:59:09.813   809   948 I okhttp.OkHttpClient: Content-Type: application/json
12-07 20:59:09.813   809   948 I okhttp.OkHttpClient: Transfer-Encoding: chunked
12-07 20:59:09.814   809   948 I okhttp.OkHttpClient: Date: Wed, 07 Dec 2022 20:59:55 GMT
12-07 20:59:09.817   809   948 I okhttp.OkHttpClient: Keep-Alive: timeout=60
12-07 20:59:09.818   809   901 D EGL_emulation: eglMakeCurrent: 0xe593e500: ver 2 0 (tinfo 0xf0c99e70)
12-07 20:59:09.819   809   948 I okhttp.OkHttpClient: Connection: keep-alive
12-07 20:59:10.016  2537  8546 I OpenGLRenderer: Davey! duration=1092ms; Flags=1, IntendedVsync=47098999709229, Vsync=47099649709203, OldestInputEvent=9223372036854775807, NewestInputEvent=0, HandleInputStart=47099653833080, AnimationStart=47099654092880, PerformTraversalsStart=47099654164080, DrawStart=47099737281380, SyncQueued=47099878876080, SyncStart=47099911021080, IssueDrawCommandsStart=47099913765680, SwapBuffers=47100048112780, FrameCompleted=47100124651280, DequeueBufferDuration=582000, QueueBufferDuration=744000, 
12-07 20:59:10.045  2537  2537 I PhenotypeExpConfig: refreshConfiguration() : Force = false : UpdateAvailable = false : Age = 19 minutes : MaxAge = 720 minutes
12-07 20:59:10.081  2537  2537 I AndroidIME: LatinIme.onDeactivate()
12-07 20:59:10.143  2537  8546 D EGL_emulation: eglMakeCurrent: 0xc286ce00: ver 2 0 (tinfo 0xc335ede0)
12-07 20:59:10.266  1776  1776 D gralloc_ranchu: gralloc_alloc: Creating ashmem region of size 4116480
12-07 20:59:10.279   809   901 D EGL_emulation: eglMakeCurrent: 0xe593e500: ver 2 0 (tinfo 0xf0c99e70)
12-07 20:59:10.304  1776  1776 D gralloc_ranchu: gralloc_alloc: Creating ashmem region of size 4116480
12-07 20:59:10.309   809   901 D EGL_emulation: eglMakeCurrent: 0xe593e500: ver 2 0 (tinfo 0xf0c99e70)
12-07 20:59:10.325   809   901 D EGL_emulation: eglMakeCurrent: 0xe593e500: ver 2 0 (tinfo 0xf0c99e70)
12-07 20:59:10.338  1776  1776 D gralloc_ranchu: gralloc_alloc: Creating ashmem region of size 4116480
12-07 20:59:10.344   809   901 D EGL_emulation: eglMakeCurrent: 0xe593e500: ver 2 0 (tinfo 0xf0c99e70)
12-07 20:59:10.527   809   809 I ViewInteraction: Performing 'single click' action on view an instance of android.widget.TextView and view.getText() with or without transformation to match: is "Иванов Данил Данилович"
12-07 20:59:10.595   809   901 D EGL_emulation: eglMakeCurrent: 0xe593e500: ver 2 0 (tinfo 0xf0c99e70)
12-07 20:59:10.674   809   901 D EGL_emulation: eglMakeCurrent: 0xe593e500: ver 2 0 (tinfo 0xf0c99e70)
12-07 20:59:10.692  2018  3039 E InputDispatcher: Window handle Window{a60608c u0 PopupWindow:c0e5de6} has no registered input channel
12-07 20:59:10.718   809   901 D EGL_emulation: eglMakeCurrent: 0xe593e500: ver 2 0 (tinfo 0xf0c99e70)
12-07 20:59:10.817   809   937 W teco.fmhandroi: Accessing hidden method Lsun/misc/Unsafe;->compareAndSwapObject(Ljava/lang/Object;JLjava/lang/Object;Ljava/lang/Object;)Z (greylist, linking, allowed)
12-07 20:59:10.819   809   809 I ViewInteraction: Performing 'wait for a specific view with <(view.getId() is <2131231402> and view.getParent() view.getParent() view.getId() is <2131231406>)> during 10000 millis.' action on view view.getRootView() to equal view
12-07 20:59:10.822   809   855 W teco.fmhandroi: Accessing hidden method Lsun/misc/Unsafe;->compareAndSwapObject(Ljava/lang/Object;JLjava/lang/Object;Ljava/lang/Object;)Z (greylist, linking, allowed)
12-07 20:59:10.826   809   809 I ViewInteraction: Performing 'replace text(Заголовок 32b17e59-885b-477b-a57f-a990e28d1670)' action on view (view.getId() is <2131231402/ru.iteco.fmhandroid:id/title_edit_text> and view.getParent() view.getParent() view.getId() is <2131231406/ru.iteco.fmhandroid:id/title_text_input_layout>)
12-07 20:59:10.841   809   855 W teco.fmhandroi: Accessing hidden method Lsun/misc/Unsafe;->compareAndSwapObject(Ljava/lang/Object;JLjava/lang/Object;Ljava/lang/Object;)Z (greylist, linking, allowed)
12-07 20:59:10.952   809   809 I ViewInteraction: Performing 'wait for a specific view with <view.getId() is <2131230975>> during 10000 millis.' action on view view.getRootView() to equal view
12-07 20:59:10.955   809   855 W teco.fmhandroi: Accessing hidden method Lsun/misc/Unsafe;->compareAndSwapObject(Ljava/lang/Object;JLjava/lang/Object;Ljava/lang/Object;)Z (greylist, linking, allowed)
12-07 20:59:10.956   809   937 W teco.fmhandroi: Accessing hidden method Lsun/misc/Unsafe;->compareAndSwapObject(Ljava/lang/Object;JLjava/lang/Object;Ljava/lang/Object;)Z (greylist, linking, allowed)
12-07 20:59:10.960   809   809 I ViewInteraction: Performing 'single click' action on view view.getId() is <2131230975/ru.iteco.fmhandroid:id/date_in_plan_text_input_edit_text>
12-07 20:59:11.385  1776  1776 D gralloc_ranchu: gralloc_alloc: Creating ashmem region of size 6778880
12-07 20:59:11.392  1776  1776 D gralloc_ranchu: gralloc_alloc: Creating ashmem region of size 6778880
12-07 20:59:11.398  1776  1825 D gralloc_ranchu: gralloc_alloc: Creating ashmem region of size 6778880
12-07 20:59:11.449   809   901 D EGL_emulation: eglMakeCurrent: 0xe593e500: ver 2 0 (tinfo 0xf0c99e70)
12-07 20:59:11.741   809   901 I chatty  : uid=10146(ru.iteco.fmhandroid) RenderThread identical 3 lines
12-07 20:59:11.762   809   901 D EGL_emulation: eglMakeCurrent: 0xe593e500: ver 2 0 (tinfo 0xf0c99e70)
12-07 20:59:11.985   809   855 W teco.fmhandroi: Accessing hidden method Lsun/misc/Unsafe;->compareAndSwapObject(Ljava/lang/Object;JLjava/lang/Object;Ljava/lang/Object;)Z (greylist, linking, allowed)
12-07 20:59:11.989   809   809 I ViewInteraction: Performing 'wait for a specific view with <is assignable from class <class android.widget.DatePicker>> during 10000 millis.' action on view view.getRootView() to equal view
12-07 20:59:11.995   809   809 I ViewInteraction: Checking 'MatchesViewAssertion{viewMatcher=(view has effective visibility <VISIBLE> and view.getGlobalVisibleRect() to return non-empty rectangle)}' assertion on view is assignable from class <class android.widget.DatePicker>
12-07 20:59:12.003   809   809 I ViewInteraction: Performing 'wait for a specific view with <is assignable from class <class android.widget.DatePicker>> during 10000 millis.' action on view view.getRootView() to equal view
12-07 20:59:12.009   809   809 I ViewInteraction: Performing 'set date' action on view is assignable from class <class android.widget.DatePicker>
12-07 20:59:12.051   809   809 I ViewInteraction: Performing 'wait for a specific view with <view.getId() is <16908313>> during 10000 millis.' action on view view.getRootView() to equal view
12-07 20:59:12.053   809   855 W teco.fmhandroi: Accessing hidden method Lsun/misc/Unsafe;->compareAndSwapObject(Ljava/lang/Object;JLjava/lang/Object;Ljava/lang/Object;)Z (greylist, linking, allowed)
12-07 20:59:12.053   809   937 W teco.fmhandroi: Accessing hidden method Lsun/misc/Unsafe;->compareAndSwapObject(Ljava/lang/Object;JLjava/lang/Object;Ljava/lang/Object;)Z (greylist, linking, allowed)
12-07 20:59:12.058   809   809 I ViewInteraction: Performing 'single click' action on view view.getId() is <16908313/android:id/button1>
12-07 20:59:12.157   809   901 D EGL_emulation: eglMakeCurrent: 0xe593e500: ver 2 0 (tinfo 0xf0c99e70)
12-07 20:59:12.176  2018  3039 E InputDispatcher: Window handle Window{f5aa308 u0 ru.iteco.fmhandroid/ru.iteco.fmhandroid.ui.AppActivity} has no registered input channel
12-07 20:59:12.198   809   901 D EGL_emulation: eglMakeCurrent: 0xe593e500: ver 2 0 (tinfo 0xf0c99e70)
12-07 20:59:12.383   809   822 I teco.fmhandroi: NativeAlloc concurrent copying GC freed 71442(3085KB) AllocSpace objects, 0(0B) LOS objects, 33% free, 12MB/18MB, paused 623us total 328.206ms
12-07 20:59:12.652   809   855 W teco.fmhandroi: Accessing hidden method Lsun/misc/Unsafe;->compareAndSwapObject(Ljava/lang/Object;JLjava/lang/Object;Ljava/lang/Object;)Z (greylist, linking, allowed)
12-07 20:59:12.655   809   809 I ViewInteraction: Performing 'wait for a specific view with <(an instance of android.widget.TextView and view.getHint() matching: is "Time" and view.getParent() view.getParent() view.getId() is <2131231399>)> during 10000 millis.' action on view view.getRootView() to equal view
12-07 20:59:12.660   809   855 W teco.fmhandroi: Accessing hidden method Lsun/misc/Unsafe;->compareAndSwapObject(Ljava/lang/Object;JLjava/lang/Object;Ljava/lang/Object;)Z (greylist, linking, allowed)
12-07 20:59:12.660   809   937 W teco.fmhandroi: Accessing hidden method Lsun/misc/Unsafe;->compareAndSwapObject(Ljava/lang/Object;JLjava/lang/Object;Ljava/lang/Object;)Z (greylist, linking, allowed)
12-07 20:59:12.661   809   809 I ViewInteraction: Performing 'single click' action on view (an instance of android.widget.TextView and view.getHint() matching: is "Time" and view.getParent() view.getParent() view.getId() is <2131231399/ru.iteco.fmhandroid:id/time_in_plan_text_input_layout>)
12-07 20:59:12.912  1776  1825 D gralloc_ranchu: gralloc_alloc: Creating ashmem region of size 5718016
12-07 20:59:12.916  1776  1825 I chatty  : uid=1000(system) HwBinder:1776_1 identical 1 line
12-07 20:59:12.918  1776  1825 D gralloc_ranchu: gralloc_alloc: Creating ashmem region of size 5718016
12-07 20:59:12.936   809   901 D EGL_emulation: eglMakeCurrent: 0xe593e500: ver 2 0 (tinfo 0xf0c99e70)
12-07 20:59:13.019   809   901 I chatty  : uid=10146(ru.iteco.fmhandroid) RenderThread identical 2 lines
12-07 20:59:13.076   809   901 D EGL_emulation: eglMakeCurrent: 0xe593e500: ver 2 0 (tinfo 0xf0c99e70)
12-07 20:59:13.159  1893  1893 E netmgr  : Failed to open QEMU pipe 'qemud:network': Invalid argument
12-07 20:59:13.303   809   855 W teco.fmhandroi: Accessing hidden method Lsun/misc/Unsafe;->compareAndSwapObject(Ljava/lang/Object;JLjava/lang/Object;Ljava/lang/Object;)Z (greylist, linking, allowed)
12-07 20:59:13.306   809   809 I ViewInteraction: Performing 'wait for a specific view with <is assignable from class <class android.widget.TimePicker>> during 10000 millis.' action on view view.getRootView() to equal view
12-07 20:59:13.311   809   809 I ViewInteraction: Checking 'MatchesViewAssertion{viewMatcher=(view has effective visibility <VISIBLE> and view.getGlobalVisibleRect() to return non-empty rectangle)}' assertion on view is assignable from class <class android.widget.TimePicker>
12-07 20:59:13.315   809   809 I ViewInteraction: Performing 'wait for a specific view with <is assignable from class <class android.widget.TimePicker>> during 10000 millis.' action on view view.getRootView() to equal view
12-07 20:59:13.318   809   809 I ViewInteraction: Performing 'set time' action on view is assignable from class <class android.widget.TimePicker>
12-07 20:59:13.330   809   901 D EGL_emulation: eglMakeCurrent: 0xe593e500: ver 2 0 (tinfo 0xf0c99e70)
12-07 20:59:13.347   809   809 I ViewInteraction: Performing 'wait for a specific view with <view.getId() is <16908313/android:id/button1>> during 10000 millis.' action on view view.getRootView() to equal view
12-07 20:59:13.351   809   855 W teco.fmhandroi: Accessing hidden method Lsun/misc/Unsafe;->compareAndSwapObject(Ljava/lang/Object;JLjava/lang/Object;Ljava/lang/Object;)Z (greylist, linking, allowed)
12-07 20:59:13.354   809   809 I ViewInteraction: Performing 'single click' action on view view.getId() is <16908313/android:id/button1>
12-07 20:59:13.433   809   901 D EGL_emulation: eglMakeCurrent: 0xe593e500: ver 2 0 (tinfo 0xf0c99e70)
12-07 20:59:13.442  2018  3005 E InputDispatcher: Window handle Window{3aa6577 u0 ru.iteco.fmhandroid/ru.iteco.fmhandroid.ui.AppActivity} has no registered input channel
12-07 20:59:13.465   809   901 D EGL_emulation: eglMakeCurrent: 0xe593e500: ver 2 0 (tinfo 0xf0c99e70)
12-07 20:59:13.761   809   855 W teco.fmhandroi: Accessing hidden method Lsun/misc/Unsafe;->compareAndSwapObject(Ljava/lang/Object;JLjava/lang/Object;Ljava/lang/Object;)Z (greylist, linking, allowed)
12-07 20:59:13.763   809   809 I ViewInteraction: Performing 'wait for a specific view with <(an instance of android.widget.TextView and view.getHint() matching: is "Description" and view.getParent() view.getParent() view.getId() is <2131230988>)> during 10000 millis.' action on view view.getRootView() to equal view
12-07 20:59:13.765   809   855 W teco.fmhandroi: Accessing hidden method Lsun/misc/Unsafe;->compareAndSwapObject(Ljava/lang/Object;JLjava/lang/Object;Ljava/lang/Object;)Z (greylist, linking, allowed)
12-07 20:59:13.770   809   809 I ViewInteraction: Performing 'replace text(Описание ae9ae6ed-6c88-40b3-b3c9-34ffd07c22c2)' action on view (an instance of android.widget.TextView and view.getHint() matching: is "Description" and view.getParent() view.getParent() view.getId() is <2131230988/ru.iteco.fmhandroid:id/description_text_input_layout>)
12-07 20:59:13.783   809   855 W teco.fmhandroi: Accessing hidden method Lsun/misc/Unsafe;->compareAndSwapObject(Ljava/lang/Object;JLjava/lang/Object;Ljava/lang/Object;)Z (greylist, linking, allowed)
12-07 20:59:13.815   809   809 I ViewInteraction: Performing 'wait for a specific view with <view.getId() is <2131231291>> during 10000 millis.' action on view view.getRootView() to equal view
12-07 20:59:13.817   809   855 W teco.fmhandroi: Accessing hidden method Lsun/misc/Unsafe;->compareAndSwapObject(Ljava/lang/Object;JLjava/lang/Object;Ljava/lang/Object;)Z (greylist, linking, allowed)
12-07 20:59:13.819   809   809 I ViewInteraction: Performing 'single click' action on view view.getId() is <2131231291/ru.iteco.fmhandroid:id/save_button>
12-07 20:59:13.901   809   955 I okhttp.OkHttpClient: --> POST http://www.981757-ca08998.tmweb.ru:8080/fmh/claims
12-07 20:59:13.902   809   955 I okhttp.OkHttpClient: Content-Type: application/json; charset=UTF-8
12-07 20:59:13.902   809   955 I okhttp.OkHttpClient: Content-Length: 294
12-07 20:59:13.903   809   955 I okhttp.OkHttpClient: {"createDate":1670446753,"creatorId":2,"creatorName":"Иванов Данил Данилович","description":"Описание ae9ae6ed-6c88-40b3-b3c9-34ffd07c22c2","executorId":2,"planExecuteDate":1670446680,"status":"OPEN","title":"Заголовок 32b17e59-885b-477b-a57f-a990e28d1670"}
12-07 20:59:13.903   809   955 I okhttp.OkHttpClient: --> END POST (294-byte body)
12-07 20:59:13.910  1744   956 E ResolverController: No valid NAT64 prefix (102, <unspecified>/0)
12-07 20:59:14.123   809   855 W teco.fmhandroi: Accessing hidden method Lsun/misc/Unsafe;->compareAndSwapObject(Ljava/lang/Object;JLjava/lang/Object;Ljava/lang/Object;)Z (greylist, linking, allowed)
12-07 20:59:14.126   809   809 I ViewInteraction: Performing 'wait for a specific view with <view.getId() is <2131230916>> during 10000 millis.' action on view view.getRootView() to equal view
12-07 20:59:14.517   809   955 I okhttp.OkHttpClient: <-- 200 http://www.981757-ca08998.tmweb.ru:8080/fmh/claims (613ms)
12-07 20:59:14.517   809   955 I okhttp.OkHttpClient: Vary: Origin
12-07 20:59:14.517   809   955 I okhttp.OkHttpClient: Vary: Access-Control-Request-Method
12-07 20:59:14.517   809   955 I okhttp.OkHttpClient: Vary: Access-Control-Request-Headers
12-07 20:59:14.517   809   955 I okhttp.OkHttpClient: X-Content-Type-Options: nosniff
12-07 20:59:14.518   809   955 I okhttp.OkHttpClient: X-XSS-Protection: 1; mode=block
12-07 20:59:14.518   809   955 I okhttp.OkHttpClient: Cache-Control: no-cache, no-store, max-age=0, must-revalidate
12-07 20:59:14.518   809   955 I okhttp.OkHttpClient: Pragma: no-cache
12-07 20:59:14.518   809   955 I okhttp.OkHttpClient: Expires: 0
12-07 20:59:14.518   809   955 I okhttp.OkHttpClient: X-Frame-Options: DENY
12-07 20:59:14.518   809   955 I okhttp.OkHttpClient: Content-Type: application/json
12-07 20:59:14.519   809   955 I okhttp.OkHttpClient: Transfer-Encoding: chunked
12-07 20:59:14.519   809   955 I okhttp.OkHttpClient: Date: Wed, 07 Dec 2022 21:00:00 GMT
12-07 20:59:14.519   809   955 I okhttp.OkHttpClient: Keep-Alive: timeout=60
12-07 20:59:14.519   809   955 I okhttp.OkHttpClient: Connection: keep-alive
12-07 20:59:14.519   809   955 I okhttp.OkHttpClient: {"id":2670,"title":"Заголовок 32b17e59-885b-477b-a57f-a990e28d1670","description":"Оп��сание ae9ae6ed-6c88-40b3-b3c9-34ffd07c22c2","creatorId":2,"executorId":2,"createDate":1670446753,"planExecuteDate":1670446680,"factExecuteDate":null,"status":"IN_PROGRESS","creatorName":"Иванов Данил Данилович","executorName":"Иванов Данил Данилович"}
12-07 20:59:14.519   809   955 I okhttp.OkHttpClient: <-- END HTTP (394-byte body)
12-07 20:59:14.679   809   809 I ViewInteraction: Checking 'MatchesViewAssertion{viewMatcher=Have view id $targetViewId with matches $itemMatcher}' assertion on view view.getId() is <2131230916/ru.iteco.fmhandroid:id/claim_list_recycler_view>
12-07 20:59:14.683   809   809 D takeScreenshot: Found 1 global views to redraw
12-07 20:59:14.731  1776  1825 D gralloc_ranchu: gralloc_alloc: Creating ashmem region of size 10108928
12-07 20:59:14.978   809   822 I teco.fmhandroi: Background young concurrent copying GC freed 65118(3101KB) AllocSpace objects, 5(92KB) LOS objects, 16% free, 15MB/18MB, paused 1.133ms total 136.424ms
12-07 20:59:14.999   809   855 W DefaultFailureHandler: Failed to take screenshot
12-07 20:59:14.999   809   855 W DefaultFailureHandler: java.io.FileNotFoundException: view-op-error-2.png: open failed: EROFS (Read-only file system)
12-07 20:59:14.999   809   855 W DefaultFailureHandler: 	at libcore.io.IoBridge.open(IoBridge.java:496)
12-07 20:59:14.999   809   855 W DefaultFailureHandler: 	at java.io.FileOutputStream.<init>(FileOutputStream.java:235)
12-07 20:59:14.999   809   855 W DefaultFailureHandler: 	at java.io.FileOutputStream.<init>(FileOutputStream.java:125)
12-07 20:59:14.999   809   855 W DefaultFailureHandler: 	at androidx.test.platform.io.FileTestStorage.openOutputFile(FileTestStorage.java:60)
12-07 20:59:14.999   809   855 W DefaultFailureHandler: 	at androidx.test.core.graphics.BitmapStorage.writeToTestStorage(BitmapStorageExt.kt:49)
12-07 20:59:14.999   809   855 W DefaultFailureHandler: 	at androidx.test.espresso.base.DefaultFailureHandler.takeScreenshot(DefaultFailureHandler.java:4)
12-07 20:59:14.999   809   855 W DefaultFailureHandler: 	at androidx.test.espresso.base.DefaultFailureHandler.handle(DefaultFailureHandler.java:3)
12-07 20:59:14.999   809   855 W DefaultFailureHandler: 	at androidx.test.espresso.ViewInteraction.waitForAndHandleInteractionResults(ViewInteraction.java:5)
12-07 20:59:14.999   809   855 W DefaultFailureHandler: 	at androidx.test.espresso.ViewInteraction.check(ViewInteraction.java:12)
12-07 20:59:14.999   809   855 W DefaultFailureHandler: 	at ru.iteco.fmhandroid.ui.steps.ClaimsPageSteps.checkClaimIsPresent(ClaimsPageSteps.java:261)
12-07 20:59:14.999   809   855 W DefaultFailureHandler: 	at ru.iteco.fmhandroid.ui.ClaimsCreationFormTest.shouldCreateAClaim(ClaimsCreationFormTest.java:82)
12-07 20:59:14.999   809   855 W DefaultFailureHandler: 	at java.lang.reflect.Method.invoke(Native Method)
12-07 20:59:14.999   809   855 W DefaultFailureHandler: 	at org.junit.runners.model.FrameworkMethod$1.runReflectiveCall(FrameworkMethod.java:59)
12-07 20:59:14.999   809   855 W DefaultFailureHandler: 	at org.junit.internal.runners.model.ReflectiveCallable.run(ReflectiveCallable.java:12)
12-07 20:59:14.999   809   855 W DefaultFailureHandler: 	at org.junit.runners.model.FrameworkMethod.invokeExplosively(FrameworkMethod.java:56)
12-07 20:59:14.999   809   855 W DefaultFailureHandler: 	at org.junit.internal.runners.statements.InvokeMethod.evaluate(InvokeMethod.java:17)
12-07 20:59:14.999   809   855 W DefaultFailureHandler: 	at androidx.test.internal.runner.junit4.statement.RunBefores.evaluate(RunBefores.java:80)
12-07 20:59:14.999   809   855 W DefaultFailureHandler: 	at androidx.test.internal.runner.junit4.statement.RunAfters.evaluate(RunAfters.java:61)
12-07 20:59:14.999   809   855 W DefaultFailureHandler: 	at io.qameta.allure.android.rules.ScreenshotRule$apply$1.evaluate(ScreenshotRule.kt:22)
12-07 20:59:14.999   809   855 W DefaultFailureHandler: 	at org.junit.rules.ExternalResource$1.evaluate(ExternalResource.java:54)
12-07 20:59:14.999   809   855 W DefaultFailureHandler: 	at io.qameta.allure.android.rules.LogcatRule$apply$1.evaluate(LogcatRule.kt:23)
12-07 20:59:14.999   809   855 W DefaultFailureHandler: 	at org.junit.rules.RunRules.evaluate(RunRules.java:20)
12-07 20:59:14.999   809   855 W DefaultFailureHandler: 	at org.junit.runners.ParentRunner$3.evaluate(ParentRunner.java:306)
12-07 20:59:14.999   809   855 W DefaultFailureHandler: 	at org.junit.runners.BlockJUnit4ClassRunner$1.evaluate(BlockJUnit4ClassRunner.java:100)
12-07 20:59:14.999   809   855 W DefaultFailureHandler: 	at org.junit.runners.ParentRunner.runLeaf(ParentRunner.java:366)
12-07 20:59:14.999   809   855 W DefaultFailureHandler: 	at org.junit.runners.BlockJUnit4ClassRunner.runChild(BlockJUnit4ClassRunner.java:103)
12-07 20:59:14.999   809   855 W DefaultFailureHandler: 	at org.junit.runners.BlockJUnit4ClassRunner.runChild(BlockJUnit4ClassRunner.java:63)
12-07 20:59:14.999   809   855 W DefaultFailureHandler: 	at org.junit.runners.ParentRunner$4.run(ParentRunner.java:331)
12-07 20:59:14.999   809   855 W DefaultFailureHandler: 	at org.junit.runners.ParentRunner$1.schedule(ParentRunner.java:79)
12-07 20:59:14.999   809   855 W DefaultFailureHandler: 	at org.junit.runners.ParentRunner.runChildren(ParentRunner.java:329)
12-07 20:59:14.999   809   855 W DefaultFailureHandler: 	at org.junit.runners.ParentRunner.access$100(ParentRunner.java:66)
12-07 20:59:14.999   809   855 W DefaultFailureHandler: 	at org.junit.runners.ParentRunner$2.evaluate(ParentRunner.java:293)
12-07 20:59:14.999   809   855 W DefaultFailureHandler: 	at org.junit.runners.ParentRunner$3.evaluate(ParentRunner.java:306)
12-07 20:59:14.999   809   855 W DefaultFailureHandler: 	at org.junit.runners.ParentRunner.run(ParentRunner.java:413)
12-07 20:59:14.999   809   855 W DefaultFailureHandler: 	at androidx.test.ext.junit.runners.AndroidJUnit4.run(AndroidJUnit4.java:162)
12-07 20:59:14.999   809   855 W DefaultFailureHandler: 	at io.qameta.allure.android.runners.AllureAndroidJUnit4.run(AllureAndroidJUnitRunners.kt:29)
12-07 20:59:14.999   809   855 W DefaultFailureHandler: 	at org.junit.runners.Suite.runChild(Suite.java:128)
12-07 20:59:14.999   809   855 W DefaultFailureHandler: 	at org.junit.runners.Suite.runChild(Suite.java:27)
12-07 20:59:14.999   809   855 W DefaultFailureHandler: 	at org.junit.runners.ParentRunner$4.run(ParentRunner.java:331)
12-07 20:59:14.999   809   855 W DefaultFailureHandler: 	at org.junit.runners.ParentRunner$1.schedule(ParentRunner.java:79)
12-07 20:59:14.999   809   855 W DefaultFailureHandler: 	at org.junit.runners.ParentRunner.runChildren(ParentRunner.java:329)
12-07 20:59:14.999   809   855 W DefaultFailureHandler: 	at org.junit.runners.ParentRunner.access$100(ParentRunner.java:66)
12-07 20:59:14.999   809   855 W DefaultFailureHandler: 	at org.junit.runners.ParentRunner$2.evaluate(ParentRunner.java:293)
12-07 20:59:14.999   809   855 W DefaultFailureHandler: 	at org.junit.runners.ParentRunner$3.evaluate(ParentRunner.java:306)
12-07 20:59:14.999   809   855 W DefaultFailureHandler: 	at org.junit.runners.ParentRunner.run(ParentRunner.java:413)
12-07 20:59:14.999   809   855 W DefaultFailureHandler: 	at org.junit.runner.JUnitCore.run(JUnitCore.java:137)
12-07 20:59:14.999   809   855 W DefaultFailureHandler: 	at org.junit.runner.JUnitCore.run(JUnitCore.java:115)
12-07 20:59:14.999   809   855 W DefaultFailureHandler: 	at androidx.test.internal.runner.TestExecutor.execute(TestExecutor.java:67)
12-07 20:59:14.999   809   855 W DefaultFailureHandler: 	at androidx.test.internal.runner.TestExecutor.execute(TestExecutor.java:58)
12-07 20:59:14.999   809   855 W DefaultFailureHandler: 	at androidx.test.runner.AndroidJUnitRunner.onStart(AndroidJUnitRunner.java:438)
12-07 20:59:14.999   809   855 W DefaultFailureHandler: 	at android.app.Instrumentation$InstrumentationThread.run(Instrumentation.java:2189)
12-07 20:59:14.999   809   855 W DefaultFailureHandler: Caused by: android.system.ErrnoException: open failed: EROFS (Read-only file system)
12-07 20:59:14.999   809   855 W DefaultFailureHandler: 	at libcore.io.Linux.open(Native Method)
12-07 20:59:14.999   809   855 W DefaultFailureHandler: 	at libcore.io.ForwardingOs.open(ForwardingOs.java:167)
12-07 20:59:14.999   809   855 W DefaultFailureHandler: 	at libcore.io.BlockGuardOs.open(BlockGuardOs.java:252)
12-07 20:59:14.999   809   855 W DefaultFailureHandler: 	at libcore.io.ForwardingOs.open(ForwardingOs.java:167)
12-07 20:59:14.999   809   855 W DefaultFailureHandler: 	at android.app.ActivityThread$AndroidOs.open(ActivityThread.java:7255)
12-07 20:59:14.999   809   855 W DefaultFailureHandler: 	at libcore.io.IoBridge.open(IoBridge.java:482)
12-07 20:59:14.999   809   855 W DefaultFailureHandler: 	... 50 more
12-07 20:59:15.824  2170  2170 D StatusBar: disable<e i a s b h r c s > disable2<q i n >
12-07 20:59:15.966  1776  1825 D gralloc_ranchu: gralloc_alloc: Creating ashmem region of size 10108928
12-07 20:59:16.053  2170  2566 D EGL_emulation: eglMakeCurrent: 0xe594e040: ver 2 0 (tinfo 0xc52450c0)
12-07 20:59:16.094  1776  1825 D gralloc_ranchu: gralloc_alloc: Creating ashmem region of size 10108928
12-07 20:59:16.169  2170  2170 D StatusBar: disable<e i a s b h r c s > disable2<q i n >
12-07 20:59:16.407  1776  1825 D gralloc_ranchu: gralloc_alloc: Creating ashmem region of size 10108928
12-07 20:59:17.021  1764  1891 W audio_hw_generic: Not supplying enough data to HAL, expected position 104381423 , only wrote 103730069
12-07 20:59:17.048   809   855 I QueryController: Matched selector: UiSelector[DESCRIPTION=Airplane mode] <<==>> [android.view.accessibility.AccessibilityNodeInfo@6d912; boundsInParent: Rect(0, 0 - 292, 292); boundsInScreen: Rect(736, 804 - 1028, 1096); packageName: com.android.systemui; className: android.widget.Switch; text: Off; error: null; maxTextLength: -1; contentDescription: Airplane mode; tooltipText: null; viewIdResName: null; checkable: true; checked: false; focusable: true; focused: false; selected: false; clickable: true; longClickable: true; contextClickable: false; enabled: true; password: false; scrollable: false; importantForAccessibility: true; visible: true; actions: [AccessibilityAction: ACTION_FOCUS - null, AccessibilityAction: ACTION_SELECT - null, AccessibilityAction: ACTION_CLEAR_SELECTION - null, AccessibilityAction: ACTION_CLICK - null, AccessibilityAction: ACTION_ACCESSIBILITY_FOCUS - null, AccessibilityAction: ACTION_NEXT_AT_MOVEMENT_GRANULARITY - null, AccessibilityAction: ACTION_PREVIOUS_AT_MOVEMENT_GRANULARITY - null, AccessibilityAction: ACTION_SET_SELECTION - null, AccessibilityAction: ACTION_SHOW_ON_SCREEN - null, AccessibilityAction: ACTION_LONG_CLICK - Open settings]]
12-07 20:59:17.094  2018  2051 D AutofillManagerService: onBackKeyPressed()
12-07 20:59:17.867  2170  2170 V StatusBar: mStatusBarWindow: com.android.systemui.statusbar.phone.StatusBarWindowView{4752fa5 V.E...... ........ 0,0-1080,2340} canPanelBeCollapsed(): true
12-07 20:59:17.874  2170  2170 D StatusBar: disable<e i a s b h r c s > disable2<q i n >
12-07 20:59:17.923  1776  1825 D gralloc_ranchu: gralloc_alloc: Creating ashmem region of size 10108928
12-07 20:59:17.952  2170  2170 D StatusBar: disable<e i a s b h r c s > disable2<q i n >
12-07 20:59:18.042  2170  2566 D EGL_emulation: eglMakeCurrent: 0xe594e040: ver 2 0 (tinfo 0xc52450c0)
12-07 20:59:18.048  1776  1825 D gralloc_ranchu: gralloc_alloc: Creating ashmem region of size 286720
12-07 20:59:18.054  2170  2566 D EGL_emulation: eglMakeCurrent: 0xe594e040: ver 2 0 (tinfo 0xc52450c0)
12-07 20:59:18.077  1776  1825 D gralloc_ranchu: gralloc_alloc: Creating ashmem region of size 286720
12-07 20:59:18.087  1776  1825 D gralloc_ranchu: gralloc_alloc: Creating ashmem region of size 286720
12-07 20:59:18.227   809   822 I teco.fmhandroi: NativeAlloc concurrent copying GC freed 62237(3032KB) AllocSpace objects, 2(32KB) LOS objects, 30% free, 13MB/19MB, paused 653us total 184.464ms
12-07 20:59:17.866  2018  2051 D AutofillManagerService: onBackKeyPressed()
12-07 20:59:18.316  2018  3039 I ActivityTaskManager: START u0 {act=android.intent.action.MAIN cat=[android.intent.category.LAUNCHER] flg=0x10000000 cmp=ru.iteco.fmhandroid.test/androidx.test.core.app.InstrumentationActivityInvoker$EmptyActivity} from uid 10146
12-07 20:59:18.354   809   809 D LifecycleMonitor: Lifecycle status change: ru.iteco.fmhandroid.ui.AppActivity@36891fa in: PAUSED
12-07 20:59:18.354   809   809 V ActivityScenario: Update currentActivityStage to PAUSED, currentActivity=ru.iteco.fmhandroid.ui.AppActivity@36891fa
12-07 20:59:18.358  2018  4164 W InputReader: Device has associated, but no associated display id.
12-07 20:59:18.387  2018  4164 I chatty  : uid=1000(system) Binder:2018_11 identical 48 lines
12-07 20:59:18.387  2018  4164 W InputReader: Device has associated, but no associated display id.
12-07 20:59:18.394   867   867 W ActivityThread: handleWindowVisibility: no activity for token android.os.BinderProxy@8831977
12-07 20:59:18.423   809   848 V FA      : Recording user engagement, ms: 28115
12-07 20:59:18.478   809   848 V FA      : Connecting to remote service
12-07 20:59:18.490   809   848 V FA      : Connection attempt already in progress
12-07 20:59:18.490   809   848 V FA      : Activity paused, time: 47108490
12-07 20:59:18.520   809   848 D FA      : Connected to remote service
12-07 20:59:18.521   809   848 V FA      : Processing queued up service tasks: 2
12-07 20:59:18.568  2873   858 V FA-SVC  : Logging event: origin=auto,name=user_engagement(_e),params=Bundle[{ga_event_origin(_o)=auto, engagement_time_msec(_et)=28115, ga_screen_class(_sc)=AppActivity, ga_screen_id(_si)=7526551980344227412}]
12-07 20:59:18.606  2018  3039 W InputReader: Device has associated, but no associated display id.
12-07 20:59:18.619  2018  3039 I chatty  : uid=1000(system) Binder:2018_D identical 48 lines
12-07 20:59:18.619  2018  3039 W InputReader: Device has associated, but no associated display id.
12-07 20:59:18.622  2873   858 V FA-SVC  : Upload scheduled in approximately ms: 3588729
12-07 20:59:18.622  2873   858 V FA-SVC  : Unscheduling upload
12-07 20:59:18.637  2873   858 V FA-SVC  : Scheduling upload, millis: 3588729
12-07 20:59:18.648  2873   858 V FA-SVC  : Background event processing time, ms: 80
12-07 20:59:18.664   867   898 D HostConnection: HostConnection::get() New Host Connection established 0xda28eeb0, tid 898
12-07 20:59:18.667   867   898 D HostConnection: HostComposition ext ANDROID_EMU_CHECKSUM_HELPER_v1 ANDROID_EMU_dma_v1 ANDROID_EMU_direct_mem ANDROID_EMU_host_composition_v1 ANDROID_EMU_host_composition_v2 ANDROID_EMU_vulkan ANDROID_EMU_deferred_vulkan_commands ANDROID_EMU_vulkan_null_optional_strings ANDROID_EMU_vulkan_create_resources_with_requirements ANDROID_EMU_YUV_Cache ANDROID_EMU_vulkan_ignored_handles ANDROID_EMU_vulkan_free_memory_sync ANDROID_EMU_vulkan_shader_float16_int8 ANDROID_EMU_vulkan_async_queue_submit ANDROID_EMU_sync_buffer_data GL_OES_vertex_array_object GL_KHR_texture_compression_astc_ldr ANDROID_EMU_host_side_tracing ANDROID_EMU_gles_max_version_2 
12-07 20:59:18.676   867   898 W OpenGLRenderer: Failed to choose config with EGL_SWAP_BEHAVIOR_PRESERVED, retrying without...
12-07 20:59:18.702  2656   691 E SQLiteDatabase: Error inserting flex_time=3588000 job_id=-1 period=7178000 source=16 requires_charging=0 preferred_network_type=1 target_class=com.google.android.gms.measurement.PackageMeasurementTaskService user_id=0 target_package=com.google.android.gms tag=Measurement.PackageMeasurementTaskService.UPLOAD_TASK_TAG task_type=0 required_idleness_state=0 service_kind=0 source_version=202414000 persistence_level=1 preferred_charging_state=1 required_network_type=0 runtime=1670446758662 retry_strategy={"maximum_backoff_seconds":{"3600":0},"initial_backoff_seconds":{"30":0},"retry_policy":{"0":0}} last_runtime=0
12-07 20:59:18.702  2656   691 E SQLiteDatabase: android.database.sqlite.SQLiteConstraintException: UNIQUE constraint failed: pending_ops.tag, pending_ops.target_class, pending_ops.target_package, pending_ops.user_id (code 2067 SQLITE_CONSTRAINT_UNIQUE)
12-07 20:59:18.702  2656   691 E SQLiteDatabase: 	at android.database.sqlite.SQLiteConnection.nativeExecuteForLastInsertedRowId(Native Method)
12-07 20:59:18.702  2656   691 E SQLiteDatabase: 	at android.database.sqlite.SQLiteConnection.executeForLastInsertedRowId(SQLiteConnection.java:879)
12-07 20:59:18.702  2656   691 E SQLiteDatabase: 	at android.database.sqlite.SQLiteSession.executeForLastInsertedRowId(SQLiteSession.java:790)
12-07 20:59:18.702  2656   691 E SQLiteDatabase: 	at android.database.sqlite.SQLiteStatement.executeInsert(SQLiteStatement.java:88)
12-07 20:59:18.702  2656   691 E SQLiteDatabase: 	at android.database.sqlite.SQLiteDatabase.insertWithOnConflict(SQLiteDatabase.java:1599)
12-07 20:59:18.702  2656   691 E SQLiteDatabase: 	at android.database.sqlite.SQLiteDatabase.insert(SQLiteDatabase.java:1468)
12-07 20:59:18.702  2656   691 E SQLiteDatabase: 	at aqui.a(:com.google.android.gms@202414022@20.24.14 (040700-319035315):175)
12-07 20:59:18.702  2656   691 E SQLiteDatabase: 	at aqtk.a(:com.google.android.gms@202414022@20.24.14 (040700-319035315):182)
12-07 20:59:18.702  2656   691 E SQLiteDatabase: 	at aqtk.a(:com.google.android.gms@202414022@20.24.14 (040700-319035315):23)
12-07 20:59:18.702  2656   691 E SQLiteDatabase: 	at aqtk.a(:com.google.android.gms@202414022@20.24.14 (040700-319035315):177)
12-07 20:59:18.702  2656   691 E SQLiteDatabase: 	at aqpu.run(:com.google.android.gms@202414022@20.24.14 (040700-319035315):9)
12-07 20:59:18.702  2656   691 E SQLiteDatabase: 	at soy.b(:com.google.android.gms@202414022@20.24.14 (040700-319035315):12)
12-07 20:59:18.702  2656   691 E SQLiteDatabase: 	at soy.run(:com.google.android.gms@202414022@20.24.14 (040700-319035315):7)
12-07 20:59:18.702  2656   691 E SQLiteDatabase: 	at java.util.concurrent.ThreadPoolExecutor.runWorker(ThreadPoolExecutor.java:1167)
12-07 20:59:18.702  2656   691 E SQLiteDatabase: 	at java.util.concurrent.ThreadPoolExecutor$Worker.run(ThreadPoolExecutor.java:641)
12-07 20:59:18.702  2656   691 E SQLiteDatabase: 	at sux.run(:com.google.android.gms@202414022@20.24.14 (040700-319035315):0)
12-07 20:59:18.702  2656   691 E SQLiteDatabase: 	at java.lang.Thread.run(Thread.java:919)
12-07 20:59:18.736   867   898 D EGL_emulation: eglCreateContext: 0xe593d900: maj 2 min 0 rcv 2
12-07 20:59:18.740   867   898 D EGL_emulation: eglMakeCurrent: 0xe593d900: ver 2 0 (tinfo 0xf0c89f60)
12-07 20:59:18.754  1776  1825 D gralloc_ranchu: gralloc_alloc: Creating ashmem region of size 10108928
12-07 20:59:18.757  1648  1648 I hwservicemanager: getTransport: Cannot find entry android.hardware.graphics.mapper@3.0::IMapper/default in either framework or device manifest.
12-07 20:59:18.757   867   898 W Gralloc3: mapper 3.x is not supported
12-07 20:59:18.762   867   898 D HostConnection: createUnique: call
12-07 20:59:18.763   867   898 D HostConnection: HostConnection::get() New Host Connection established 0xda290850, tid 898
12-07 20:59:18.765   867   898 D HostConnection: HostComposition ext ANDROID_EMU_CHECKSUM_HELPER_v1 ANDROID_EMU_dma_v1 ANDROID_EMU_direct_mem ANDROID_EMU_host_composition_v1 ANDROID_EMU_host_composition_v2 ANDROID_EMU_vulkan ANDROID_EMU_deferred_vulkan_commands ANDROID_EMU_vulkan_null_optional_strings ANDROID_EMU_vulkan_create_resources_with_requirements ANDROID_EMU_YUV_Cache ANDROID_EMU_vulkan_ignored_handles ANDROID_EMU_vulkan_free_memory_sync ANDROID_EMU_vulkan_shader_float16_int8 ANDROID_EMU_vulkan_async_queue_submit ANDROID_EMU_sync_buffer_data GL_OES_vertex_array_object GL_KHR_texture_compression_astc_ldr ANDROID_EMU_host_side_tracing ANDROID_EMU_gles_max_version_2 
12-07 20:59:18.765   867   898 D eglCodecCommon: allocate: Ask for block of size 0x1000
12-07 20:59:18.765   867   898 D eglCodecCommon: allocate: ioctl allocate returned offset 0x3ff647000 size 0x2000
12-07 20:59:18.774  1776  1825 D gralloc_ranchu: gralloc_alloc: Creating ashmem region of size 10108928
12-07 20:59:18.776  1776  1825 D gralloc_ranchu: gralloc_alloc: Creating ashmem region of size 10108928
12-07 20:59:18.781   867   898 D EGL_emulation: eglMakeCurrent: 0xe593d900: ver 2 0 (tinfo 0xf0c89f60)
12-07 20:59:18.918   867   867 W ActivityThread: handleWindowVisibility: no activity for token android.os.BinderProxy@19f414
12-07 20:59:18.553  2018  3039 I ActivityTaskManager: START u0 {act=android.intent.action.MAIN cat=[android.intent.category.LAUNCHER] flg=0x10000000 cmp=ru.iteco.fmhandroid.test/androidx.test.core.app.InstrumentationActivityInvoker$EmptyActivity} from uid 10146
12-07 20:59:18.961  2018  5994 W ActivityTaskManager: Duplicate finish request for ActivityRecord{65dce02 u0 ru.iteco.fmhandroid/.ui.AppActivity t222 f}
12-07 20:59:19.005  1776  1825 D gralloc_ranchu: gralloc_alloc: Creating ashmem region of size 10108928
12-07 20:59:19.015  1776  1825 D gralloc_ranchu: gralloc_alloc: Creating ashmem region of size 10108928
12-07 20:59:19.018  1776  1776 D gralloc_ranchu: gralloc_alloc: Creating ashmem region of size 10108928
12-07 20:59:19.025   867   898 D EGL_emulation: eglMakeCurrent: 0xe593d900: ver 2 0 (tinfo 0xf0c89f60)
12-07 20:59:19.054  2018  2054 W InputReader: Device has associated, but no associated display id.
12-07 20:59:19.055  2018  2054 I chatty  : uid=1000(system) android.anim identical 18 lines
12-07 20:59:19.055  2018  2054 W InputReader: Device has associated, but no associated display id.
12-07 20:59:19.068  2018  2058 I ActivityTaskManager: Displayed ru.iteco.fmhandroid.test/androidx.test.core.app.InstrumentationActivityInvoker$EmptyActivity: +602ms
12-07 20:59:19.079  2018  5994 W InputReader: Device has associated, but no associated display id.
12-07 20:59:19.080  2018  5994 I chatty  : uid=1000(system) Binder:2018_18 identical 8 lines
12-07 20:59:19.080  2018  5994 W InputReader: Device has associated, but no associated display id.
12-07 20:59:19.087   809   901 D EGL_emulation: eglMakeCurrent: 0xe593e500: ver 2 0 (tinfo 0xf0c99e70)
12-07 20:59:19.135  2018  5994 W InputReader: Device has associated, but no associated display id.
12-07 20:59:19.150  2018  5994 I chatty  : uid=1000(system) Binder:2018_18 identical 8 lines
12-07 20:59:19.150  2018  5994 W InputReader: Device has associated, but no associated display id.
12-07 20:59:19.165   809   809 D AutofillManager: onActivityFinishing(): calling cancelLocked()
12-07 20:59:19.166   809   809 D LifecycleMonitor: Lifecycle status change: ru.iteco.fmhandroid.ui.AppActivity@36891fa in: STOPPED
12-07 20:59:19.166   809   809 V ActivityScenario: Update currentActivityStage to STOPPED, currentActivity=ru.iteco.fmhandroid.ui.AppActivity@36891fa
12-07 20:59:19.187  1776  1825 D gralloc_ranchu: gralloc_alloc: Creating ashmem region of size 10108928
12-07 20:59:19.212  1776  1825 I chatty  : uid=1000(system) HwBinder:1776_1 identical 1 line
12-07 20:59:19.213  1776  1825 D gralloc_ranchu: gralloc_alloc: Creating ashmem region of size 10108928
12-07 20:59:19.236   809   809 W System.err: ru.iteco.fmhandroid.exceptions.UnknownException
12-07 20:59:19.236   809   809 W System.err: 	at ru.iteco.fmhandroid.utils.Utils.makeRequest(Utils.kt:123)
12-07 20:59:19.236   809   809 W System.err: 	at ru.iteco.fmhandroid.utils.Utils$makeRequest$1.invokeSuspend(Unknown Source:15)
12-07 20:59:19.236   809   809 W System.err: 	at kotlin.coroutines.jvm.internal.BaseContinuationImpl.resumeWith(ContinuationImpl.kt:33)
12-07 20:59:19.236   809   809 W System.err: 	at kotlinx.coroutines.DispatchedTask.run(DispatchedTask.kt:233)
12-07 20:59:19.236   809   809 W System.err: 	at android.os.Handler.handleCallback(Handler.java:883)
12-07 20:59:19.236   809   809 W System.err: 	at android.os.Handler.dispatchMessage(Handler.java:100)
12-07 20:59:19.238   809   809 W System.err: 	at androidx.test.espresso.base.Interrogator.loopAndInterrogate(Interrogator.java:14)
12-07 20:59:19.238   809   809 W System.err: 	at androidx.test.espresso.base.UiControllerImpl.loopUntil(UiControllerImpl.java:8)
