12-07 08:18:59.282 26949 26998 W DefaultFailureHandler: 	at org.junit.runners.ParentRunner.run(ParentRunner.java:413)
12-07 08:18:59.282 26949 26998 W DefaultFailureHandler: 	at androidx.test.ext.junit.runners.AndroidJUnit4.run(AndroidJUnit4.java:162)
12-07 08:18:59.282 26949 26998 W DefaultFailureHandler: 	at io.qameta.allure.android.runners.AllureAndroidJUnit4.run(AllureAndroidJUnitRunners.kt:29)
12-07 08:18:59.282 26949 26998 W DefaultFailureHandler: 	at org.junit.runners.Suite.runChild(Suite.java:128)
12-07 08:18:59.282 26949 26998 W DefaultFailureHandler: 	at org.junit.runners.Suite.runChild(Suite.java:27)
12-07 08:18:59.282 26949 26998 W DefaultFailureHandler: 	at org.junit.runners.ParentRunner$4.run(ParentRunner.java:331)
12-07 08:18:59.282 26949 26998 W DefaultFailureHandler: 	at org.junit.runners.ParentRunner$1.schedule(ParentRunner.java:79)
12-07 08:18:59.282 26949 26998 W DefaultFailureHandler: 	at org.junit.runners.ParentRunner.runChildren(ParentRunner.java:329)
12-07 08:18:59.282 26949 26998 W DefaultFailureHandler: 	at org.junit.runners.ParentRunner.access$100(ParentRunner.java:66)
12-07 08:18:59.282 26949 26998 W DefaultFailureHandler: 	at org.junit.runners.ParentRunner$2.evaluate(ParentRunner.java:293)
12-07 08:18:59.282 26949 26998 W DefaultFailureHandler: 	at org.junit.runners.ParentRunner$3.evaluate(ParentRunner.java:306)
12-07 08:18:59.282 26949 26998 W DefaultFailureHandler: 	at org.junit.runners.ParentRunner.run(ParentRunner.java:413)
12-07 08:18:59.282 26949 26998 W DefaultFailureHandler: 	at org.junit.runner.JUnitCore.run(JUnitCore.java:137)
12-07 08:18:59.282 26949 26998 W DefaultFailureHandler: 	at org.junit.runner.JUnitCore.run(JUnitCore.java:115)
12-07 08:18:59.282 26949 26998 W DefaultFailureHandler: 	at androidx.test.internal.runner.TestExecutor.execute(TestExecutor.java:67)
12-07 08:18:59.282 26949 26998 W DefaultFailureHandler: 	at androidx.test.internal.runner.TestExecutor.execute(TestExecutor.java:58)
12-07 08:18:59.282 26949 26998 W DefaultFailureHandler: 	at androidx.test.runner.AndroidJUnitRunner.onStart(AndroidJUnitRunner.java:438)
12-07 08:18:59.285 26949 26998 W DefaultFailureHandler: 	at android.app.Instrumentation$InstrumentationThread.run(Instrumentation.java:2189)
12-07 08:18:59.285 26949 26998 W DefaultFailureHandler: Caused by: android.system.ErrnoException: open failed: EROFS (Read-only file system)
12-07 08:18:59.285 26949 26998 W DefaultFailureHandler: 	at libcore.io.Linux.open(Native Method)
12-07 08:18:59.285 26949 26998 W DefaultFailureHandler: 	at libcore.io.ForwardingOs.open(ForwardingOs.java:167)
12-07 08:18:59.285 26949 26998 W DefaultFailureHandler: 	at libcore.io.BlockGuardOs.open(BlockGuardOs.java:252)
12-07 08:18:59.285 26949 26998 W DefaultFailureHandler: 	at libcore.io.ForwardingOs.open(ForwardingOs.java:167)
12-07 08:18:59.285 26949 26998 W DefaultFailureHandler: 	at android.app.ActivityThread$AndroidOs.open(ActivityThread.java:7255)
12-07 08:18:59.285 26949 26998 W DefaultFailureHandler: 	at libcore.io.IoBridge.open(IoBridge.java:482)
12-07 08:18:59.285 26949 26998 W DefaultFailureHandler: 	... 51 more
12-07 08:18:59.867  2170  2170 D StatusBar: disable<e i a s b h r c s > disable2<q i n >
12-07 08:19:00.035  2170  2566 D EGL_emulation: eglMakeCurrent: 0xe594e040: ver 2 0 (tinfo 0xc52450c0)
12-07 08:19:00.052  1776  1776 D gralloc_ranchu: gralloc_alloc: Creating ashmem region of size 10108928
12-07 08:19:00.158  2170  2566 D EGL_emulation: eglMakeCurrent: 0xe594e040: ver 2 0 (tinfo 0xc52450c0)
12-07 08:19:00.214  1776  1776 D gralloc_ranchu: gralloc_alloc: Creating ashmem region of size 10108928
12-07 08:19:00.256  2170  2170 D StatusBar: disable<e i a s b h r c s > disable2<q i n >
12-07 08:19:00.450  2170  2170 D KeyguardClockSwitch: Updating clock: 819
12-07 08:19:00.478  1776  1776 D gralloc_ranchu: gralloc_alloc: Creating ashmem region of size 10108928
12-07 08:19:01.242 26949 26998 I QueryController: Matched selector: UiSelector[DESCRIPTION=Airplane mode] <<==>> [android.view.accessibility.AccessibilityNodeInfo@6d775; boundsInParent: Rect(0, 0 - 292, 292); boundsInScreen: Rect(736, 804 - 1028, 1096); packageName: com.android.systemui; className: android.widget.Switch; text: Off; error: null; maxTextLength: -1; contentDescription: Airplane mode; tooltipText: null; viewIdResName: null; checkable: true; checked: false; focusable: true; focused: false; selected: false; clickable: true; longClickable: true; contextClickable: false; enabled: true; password: false; scrollable: false; importantForAccessibility: true; visible: true; actions: [AccessibilityAction: ACTION_FOCUS - null, AccessibilityAction: ACTION_SELECT - null, AccessibilityAction: ACTION_CLEAR_SELECTION - null, AccessibilityAction: ACTION_CLICK - null, AccessibilityAction: ACTION_ACCESSIBILITY_FOCUS - null, AccessibilityAction: ACTION_NEXT_AT_MOVEMENT_GRANULARITY - null, AccessibilityAction: ACTION_PREVIOUS_AT_MOVEMENT_GRANULARITY - null, AccessibilityAction: ACTION_SET_SELECTION - null, AccessibilityAction: ACTION_SHOW_ON_SCREEN - null, AccessibilityAction: ACTION_LONG_CLICK - Open settings]]
12-07 08:19:01.287  2018  2051 D AutofillManagerService: onBackKeyPressed()
12-07 08:19:01.957  2170  2170 V StatusBar: mStatusBarWindow: com.android.systemui.statusbar.phone.StatusBarWindowView{4752fa5 V.E...... ........ 0,0-1080,2340} canPanelBeCollapsed(): true
12-07 08:19:01.964  2170  2170 D StatusBar: disable<e i a s b h r c s > disable2<q i n >
12-07 08:19:02.008  1776  1776 D gralloc_ranchu: gralloc_alloc: Creating ashmem region of size 10108928
12-07 08:19:02.056  2170  2170 D StatusBar: disable<e i a s b h r c s > disable2<q i n >
12-07 08:19:02.095  2170  2566 D EGL_emulation: eglMakeCurrent: 0xe594e040: ver 2 0 (tinfo 0xc52450c0)
12-07 08:19:02.098  1776  1776 D gralloc_ranchu: gralloc_alloc: Creating ashmem region of size 286720
12-07 08:19:02.105  2170  2566 D EGL_emulation: eglMakeCurrent: 0xe594e040: ver 2 0 (tinfo 0xc52450c0)
12-07 08:19:02.135  1776  1776 D gralloc_ranchu: gralloc_alloc: Creating ashmem region of size 286720
12-07 08:19:01.956  2018  2051 D AutofillManagerService: onBackKeyPressed()
12-07 08:19:02.436  2018  5907 I ActivityTaskManager: START u0 {act=android.intent.action.MAIN cat=[android.intent.category.LAUNCHER] flg=0x10000000 cmp=ru.iteco.fmhandroid.test/androidx.test.core.app.InstrumentationActivityInvoker$EmptyActivity} from uid 10146
12-07 08:19:02.145  1776  1776 D gralloc_ranchu: gralloc_alloc: Creating ashmem region of size 286720
12-07 08:19:02.484 26949 26949 D LifecycleMonitor: Lifecycle status change: ru.iteco.fmhandroid.ui.AppActivity@a43d81c in: PAUSED
12-07 08:19:02.485 26949 26949 V ActivityScenario: Update currentActivityStage to PAUSED, currentActivity=ru.iteco.fmhandroid.ui.AppActivity@a43d81c
12-07 08:19:02.494  2018  5907 W InputReader: Device has associated, but no associated display id.
12-07 08:19:02.494  2018  5907 I chatty  : uid=1000(system) Binder:2018_17 identical 1 line
12-07 08:19:02.495  2018  5907 W InputReader: Device has associated, but no associated display id.
12-07 08:19:02.495 26949 26988 V FA      : Recording user engagement, ms: 27045
12-07 08:19:02.496  2018  5907 W InputReader: Device has associated, but no associated display id.
12-07 08:19:02.507  2018  5907 I chatty  : uid=1000(system) Binder:2018_17 identical 35 lines
12-07 08:19:02.507  2018  5907 W InputReader: Device has associated, but no associated display id.
12-07 08:19:02.511 27009 27009 W ActivityThread: handleWindowVisibility: no activity for token android.os.BinderProxy@8831977
12-07 08:19:02.514  2018  5907 W InputReader: Device has associated, but no associated display id.
12-07 08:19:02.634  2018  5645 I ActivityTaskManager: START u0 {act=android.intent.action.MAIN cat=[android.intent.category.LAUNCHER] flg=0x10000000 cmp=ru.iteco.fmhandroid.test/androidx.test.core.app.InstrumentationActivityInvoker$EmptyActivity} from uid 10146
12-07 08:19:02.515  2018  5907 I chatty  : uid=1000(system) Binder:2018_17 identical 8 lines
12-07 08:19:02.515  2018  5907 W InputReader: Device has associated, but no associated display id.
12-07 08:19:02.641 26949 26988 V FA      : Connecting to remote service
12-07 08:19:02.682 27009 27040 D HostConnection: HostConnection::get() New Host Connection established 0xda28f090, tid 27040
12-07 08:19:02.706 27009 27040 D HostConnection: HostComposition ext ANDROID_EMU_CHECKSUM_HELPER_v1 ANDROID_EMU_dma_v1 ANDROID_EMU_direct_mem ANDROID_EMU_host_composition_v1 ANDROID_EMU_host_composition_v2 ANDROID_EMU_vulkan ANDROID_EMU_deferred_vulkan_commands ANDROID_EMU_vulkan_null_optional_strings ANDROID_EMU_vulkan_create_resources_with_requirements ANDROID_EMU_YUV_Cache ANDROID_EMU_vulkan_ignored_handles ANDROID_EMU_vulkan_free_memory_sync ANDROID_EMU_vulkan_shader_float16_int8 ANDROID_EMU_vulkan_async_queue_submit ANDROID_EMU_sync_buffer_data GL_OES_vertex_array_object GL_KHR_texture_compression_astc_ldr ANDROID_EMU_host_side_tracing ANDROID_EMU_gles_max_version_2 
12-07 08:19:02.712 26949 26988 V FA      : Connection attempt already in progress
12-07 08:19:02.713 26949 26988 V FA      : Activity paused, time: 38604872
12-07 08:19:02.719 27009 27040 W OpenGLRenderer: Failed to choose config with EGL_SWAP_BEHAVIOR_PRESERVED, retrying without...
12-07 08:19:02.796 27009 27040 D EGL_emulation: eglCreateContext: 0xe597dd20: maj 2 min 0 rcv 2
12-07 08:19:02.803 27009 27040 D EGL_emulation: eglMakeCurrent: 0xe597dd20: ver 2 0 (tinfo 0xf0c893b0)
12-07 08:19:02.813  1776  1776 D gralloc_ranchu: gralloc_alloc: Creating ashmem region of size 10108928
12-07 08:19:02.818  1648  1648 I hwservicemanager: getTransport: Cannot find entry android.hardware.graphics.mapper@3.0::IMapper/default in either framework or device manifest.
12-07 08:19:02.821 27009 27040 W Gralloc3: mapper 3.x is not supported
12-07 08:19:02.822 26949 26988 D FA      : Connected to remote service
12-07 08:19:02.833 26949 26988 V FA      : Processing queued up service tasks: 2
12-07 08:19:02.834 27009 27040 D HostConnection: createUnique: call
12-07 08:19:02.835 27009 27040 D HostConnection: HostConnection::get() New Host Connection established 0xda290760, tid 27040
12-07 08:19:02.837 27009 27040 D HostConnection: HostComposition ext ANDROID_EMU_CHECKSUM_HELPER_v1 ANDROID_EMU_dma_v1 ANDROID_EMU_direct_mem ANDROID_EMU_host_composition_v1 ANDROID_EMU_host_composition_v2 ANDROID_EMU_vulkan ANDROID_EMU_deferred_vulkan_commands ANDROID_EMU_vulkan_null_optional_strings ANDROID_EMU_vulkan_create_resources_with_requirements ANDROID_EMU_YUV_Cache ANDROID_EMU_vulkan_ignored_handles ANDROID_EMU_vulkan_free_memory_sync ANDROID_EMU_vulkan_shader_float16_int8 ANDROID_EMU_vulkan_async_queue_submit ANDROID_EMU_sync_buffer_data GL_OES_vertex_array_object GL_KHR_texture_compression_astc_ldr ANDROID_EMU_host_side_tracing ANDROID_EMU_gles_max_version_2 
12-07 08:19:02.839 27009 27040 D eglCodecCommon: allocate: Ask for block of size 0x1000
12-07 08:19:02.840 27009 27040 D eglCodecCommon: allocate: ioctl allocate returned offset 0x3ff647000 size 0x2000
12-07 08:19:02.842  1776  1776 D gralloc_ranchu: gralloc_alloc: Creating ashmem region of size 10108928
12-07 08:19:02.849  1776  1825 D gralloc_ranchu: gralloc_alloc: Creating ashmem region of size 10108928
12-07 08:19:02.854 27009 27040 D EGL_emulation: eglMakeCurrent: 0xe597dd20: ver 2 0 (tinfo 0xf0c893b0)
12-07 08:19:02.940  2873 27000 V FA-SVC  : Logging event: origin=auto,name=user_engagement(_e),params=Bundle[{ga_event_origin(_o)=auto, engagement_time_msec(_et)=27045, ga_screen_class(_sc)=AppActivity, ga_screen_id(_si)=-5465604214420230238}]
12-07 08:19:02.991  2018  3039 W InputReader: Device has associated, but no associated display id.
12-07 08:19:03.003  2018  3039 I chatty  : uid=1000(system) Binder:2018_D identical 48 lines
12-07 08:19:03.003  2018  3039 W InputReader: Device has associated, but no associated display id.
12-07 08:19:03.026 27009 27009 W ActivityThread: handleWindowVisibility: no activity for token android.os.BinderProxy@19f414
12-07 08:19:03.056  2018  3039 W ActivityTaskManager: Duplicate finish request for ActivityRecord{c210dc0 u0 ru.iteco.fmhandroid/.ui.AppActivity t188 f}
12-07 08:19:03.086  1776  1825 D gralloc_ranchu: gralloc_alloc: Creating ashmem region of size 10108928
12-07 08:19:03.087  2873 27000 V FA-SVC  : Upload scheduled in approximately ms: 1173494
12-07 08:19:03.087  2873 27000 V FA-SVC  : Unscheduling upload
12-07 08:19:03.091  1776  1825 D gralloc_ranchu: gralloc_alloc: Creating ashmem region of size 10108928
12-07 08:19:03.095  1776  1825 D gralloc_ranchu: gralloc_alloc: Creating ashmem region of size 10108928
12-07 08:19:03.103 27009 27040 D EGL_emulation: eglMakeCurrent: 0xe597dd20: ver 2 0 (tinfo 0xf0c893b0)
12-07 08:19:03.131  2873 27000 V FA-SVC  : Scheduling upload, millis: 1173494
12-07 08:19:03.155  2018  2054 W InputReader: Device has associated, but no associated display id.
12-07 08:19:03.155  2018  2054 I chatty  : uid=1000(system) android.anim identical 18 lines
12-07 08:19:03.155  2018  2054 W InputReader: Device has associated, but no associated display id.
12-07 08:19:03.173  2018  2058 I ActivityTaskManager: Displayed ru.iteco.fmhandroid.test/androidx.test.core.app.InstrumentationActivityInvoker$EmptyActivity: +541ms
12-07 08:19:03.173  2018  5645 W InputReader: Device has associated, but no associated display id.
12-07 08:19:03.174  2018  5645 I chatty  : uid=1000(system) Binder:2018_15 identical 8 lines
12-07 08:19:03.174  2018  5645 W InputReader: Device has associated, but no associated display id.
12-07 08:19:03.188  2873 27000 V FA-SVC  : Background event processing time, ms: 253
12-07 08:19:03.236  2018  5907 W InputReader: Device has associated, but no associated display id.
12-07 08:19:03.236  2018  5907 I chatty  : uid=1000(system) Binder:2018_17 identical 8 lines
12-07 08:19:03.236  2018  5907 W InputReader: Device has associated, but no associated display id.
12-07 08:19:03.242 26949 27044 D EGL_emulation: eglMakeCurrent: 0xc3275640: ver 2 0 (tinfo 0xc1d90700)
12-07 08:19:03.334 26949 26949 D LifecycleMonitor: Lifecycle status change: ru.iteco.fmhandroid.ui.AppActivity@a43d81c in: STOPPED
12-07 08:19:03.335 26949 26949 V ActivityScenario: Update currentActivityStage to STOPPED, currentActivity=ru.iteco.fmhandroid.ui.AppActivity@a43d81c
12-07 08:19:03.375  1776  1825 D gralloc_ranchu: gralloc_alloc: Creating ashmem region of size 10108928
12-07 08:19:03.444  1776  1825 I chatty  : uid=1000(system) HwBinder:1776_1 identical 3 lines
12-07 08:19:03.477  1776  1825 D gralloc_ranchu: gralloc_alloc: Creating ashmem region of size 10108928
12-07 08:19:03.483  2962  3510 D EGL_emulation: eglMakeCurrent: 0xe597d120: ver 2 0 (tinfo 0xbffb2540)
12-07 08:19:03.490  1776  1825 D gralloc_ranchu: gralloc_alloc: Creating ashmem region of size 10108928
12-07 08:19:03.514 26949 26949 W System.err: ru.iteco.fmhandroid.exceptions.UnknownException
12-07 08:19:03.519 26949 26949 W System.err: 	at ru.iteco.fmhandroid.utils.Utils.makeRequest(Utils.kt:123)
12-07 08:19:03.519 26949 26949 W System.err: 	at ru.iteco.fmhandroid.utils.Utils$makeRequest$1.invokeSuspend(Unknown Source:15)
12-07 08:19:03.520 26949 26949 W System.err: 	at kotlin.coroutines.jvm.internal.BaseContinuationImpl.resumeWith(ContinuationImpl.kt:33)
12-07 08:19:03.520 26949 26949 W System.err: 	at kotlinx.coroutines.DispatchedTaskKt.resume(DispatchedTask.kt:234)
12-07 08:19:03.521 26949 26949 W System.err: 	at kotlinx.coroutines.DispatchedTaskKt.resumeUnconfined(DispatchedTask.kt:190)
12-07 08:19:03.521 26949 26949 W System.err: 	at kotlinx.coroutines.DispatchedTaskKt.dispatch(DispatchedTask.kt:161)
12-07 08:19:03.521 26949 26949 W System.err: 	at kotlinx.coroutines.CancellableContinuationImpl.dispatchResume(CancellableContinuationImpl.kt:397)
12-07 08:19:03.522 26949 26949 W System.err: 	at kotlinx.coroutines.CancellableContinuationImpl.cancel(CancellableContinuationImpl.kt:183)
12-07 08:19:03.524 26949 26949 W System.err: 	at kotlinx.coroutines.CancellableContinuationImpl.parentCancelled$kotlinx_coroutines_core(CancellableContinuationImpl.kt:190)
12-07 08:19:03.525 26949 26949 W System.err: 	at kotlinx.coroutines.ChildContinuation.invoke(JobSupport.kt:1474)
12-07 08:19:03.525 26949 26949 W System.err: 	at kotlinx.coroutines.JobSupport.notifyCancelling(JobSupport.kt:1499)
12-07 08:19:03.526 26949 26949 W System.err: 	at kotlinx.coroutines.JobSupport.tryMakeCancelling(JobSupport.kt:795)
12-07 08:19:03.526 26949 26949 W System.err: 	at kotlinx.coroutines.JobSupport.makeCancelling(JobSupport.kt:755)
12-07 08:19:03.527 26949 26949 W System.err: 	at kotlinx.coroutines.JobSupport.cancelImpl$kotlinx_coroutines_core(JobSupport.kt:671)
12-07 08:19:03.527 26949 26949 W System.err: 	at kotlinx.coroutines.JobSupport.parentCancelled(JobSupport.kt:637)
12-07 08:19:03.528 26949 26949 W System.err: 	at kotlinx.coroutines.ChildHandleNode.invoke(JobSupport.kt:1465)
12-07 08:19:03.529 26949 26949 W System.err: 	at kotlinx.coroutines.JobSupport.notifyCancelling(JobSupport.kt:1499)
12-07 08:19:03.529 26949 26949 W System.err: 	at kotlinx.coroutines.JobSupport.tryMakeCompletingSlowPath(JobSupport.kt:900)
12-07 08:19:03.529 26949 26949 W System.err: 	at kotlinx.coroutines.JobSupport.tryMakeCompleting(JobSupport.kt:863)
12-07 08:19:03.529 26949 26949 W System.err: 	at kotlinx.coroutines.JobSupport.cancelMakeCompleting(JobSupport.kt:696)
12-07 08:19:03.530 26949 26949 W System.err: 	at kotlinx.coroutines.JobSupport.cancelImpl$kotlinx_coroutines_core(JobSupport.kt:667)
12-07 08:19:03.530 26949 26949 W System.err: 	at kotlinx.coroutines.JobSupport.cancelInternal(JobSupport.kt:632)
12-07 08:19:03.530 26949 26949 W System.err: 	at kotlinx.coroutines.JobSupport.cancel(JobSupport.kt:617)
12-07 08:19:03.530 26949 26949 W System.err: 	at kotlinx.coroutines.JobKt__JobKt.cancel(Job.kt:561)
12-07 08:19:03.531 26949 26949 W System.err: 	at kotlinx.coroutines.JobKt.cancel(Unknown Source:1)
12-07 08:19:03.532 26949 26949 W System.err: 	at kotlinx.coroutines.JobKt__JobKt.cancel$default(Job.kt:560)
12-07 08:19:03.532 26949 26949 W System.err: 	at kotlinx.coroutines.JobKt.cancel$default(Unknown Source:1)
12-07 08:19:03.533 26949 26949 W System.err: 	at androidx.lifecycle.CloseableCoroutineScope.close(ViewModel.kt:51)
12-07 08:19:03.533 26949 26949 W System.err: 	at androidx.lifecycle.ViewModel.closeWithRuntimeException(ViewModel.java:188)
12-07 08:19:03.533 26949 26949 W System.err: 	at androidx.lifecycle.ViewModel.clear(ViewModel.java:134)
12-07 08:19:03.533 26949 26949 W System.err: 	at androidx.lifecycle.ViewModelStore.clear(ViewModelStore.java:62)
12-07 08:19:03.534 26949 26949 W System.err: 	at androidx.fragment.app.FragmentManagerViewModel.clearNonConfigStateInternal(FragmentManagerViewModel.java:210)
12-07 08:19:03.534 26949 26949 W System.err: 	at androidx.fragment.app.FragmentManagerViewModel.clearNonConfigState(FragmentManagerViewModel.java:190)
12-07 08:19:03.535 26949 26949 W System.err: 	at androidx.fragment.app.FragmentStateManager.destroy(FragmentStateManager.java:778)
12-07 08:19:03.535 26949 26949 W System.err: 	at androidx.fragment.app.FragmentStateManager.moveToExpectedState(FragmentStateManager.java:335)
12-07 08:19:03.535 26949 26949 W System.err: 	at androidx.fragment.app.FragmentStore.moveToExpectedState(FragmentStore.java:113)
12-07 08:19:03.536 26949 26949 W System.err: 	at androidx.fragment.app.FragmentManager.moveToState(FragmentManager.java:1374)
12-07 08:19:03.536 26949 26949 W System.err: 	at androidx.fragment.app.FragmentManager.dispatchStateChange(FragmentManager.java:2841)
12-07 08:19:03.538 26949 26949 W System.err: 	at androidx.fragment.app.FragmentManager.dispatchDestroy(FragmentManager.java:2820)
12-07 08:19:03.538 26949 26949 W System.err: 	at androidx.fragment.app.Fragment.performDestroy(Fragment.java:3246)
12-07 08:19:03.538 26949 26949 W System.err: 	at androidx.fragment.app.FragmentStateManager.destroy(FragmentStateManager.java:780)
12-07 08:19:03.539 26949 26949 W System.err: 	at androidx.fragment.app.FragmentStateManager.moveToExpectedState(FragmentStateManager.java:335)
12-07 08:19:03.540 26949 26949 W System.err: 	at androidx.fragment.app.SpecialEffectsController$FragmentStateManagerOperation.complete(SpecialEffectsController.java:771)
12-07 08:19:03.541 26949 26949 W System.err: 	at androidx.fragment.app.SpecialEffectsController$Operation.cancel(SpecialEffectsController.java:615)
12-07 08:19:03.542 26949 26949 W System.err: 	at androidx.fragment.app.SpecialEffectsController.forceCompleteAllOperations(SpecialEffectsController.java:350)
12-07 08:19:03.542 26949 26949 W System.err: 	at androidx.fragment.app.FragmentManager.dispatchStateChange(FragmentManager.java:2844)
12-07 08:19:03.543 26949 26949 W System.err: 	at androidx.fragment.app.FragmentManager.dispatchDestroy(FragmentManager.java:2820)
12-07 08:19:03.543 26949 26949 W System.err: 	at androidx.fragment.app.FragmentController.dispatchDestroy(FragmentController.java:345)
12-07 08:19:03.544 26949 26949 W System.err: 	at androidx.fragment.app.FragmentActivity.onDestroy(FragmentActivity.java:306)
12-07 08:19:03.544 26949 26949 W System.err: 	at androidx.appcompat.app.AppCompatActivity.onDestroy(AppCompatActivity.java:278)
12-07 08:19:03.544 26949 26949 W System.err: 	at android.app.Activity.performDestroy(Activity.java:8048)
12-07 08:19:03.545 26949 26949 W System.err: 	at android.app.Instrumentation.callActivityOnDestroy(Instrumentation.java:1334)
12-07 08:19:03.545 26949 26949 W System.err: 	at androidx.test.runner.MonitoringInstrumentation.callActivityOnDestroy(MonitoringInstrumentation.java:766)
12-07 08:19:03.546 26949 26949 W System.err: 	at android.app.ActivityThread.performDestroyActivity(ActivityThread.java:4926)
12-07 08:19:03.547 26949 26949 W System.err: 	at android.app.ActivityThread.handleDestroyActivity(ActivityThread.java:4970)
12-07 08:19:03.548 26949 26949 W System.err: 	at android.app.servertransaction.DestroyActivityItem.execute(DestroyActivityItem.java:44)
12-07 08:19:03.548 26949 26949 W System.err: 	at android.app.servertransaction.TransactionExecutor.executeLifecycleState(TransactionExecutor.java:176)
12-07 08:19:03.550 26949 26949 W System.err: 	at android.app.servertransaction.TransactionExecutor.execute(TransactionExecutor.java:97)
12-07 08:19:03.551 26949 26949 W System.err: 	at android.app.ActivityThread$H.handleMessage(ActivityThread.java:2016)
12-07 08:19:03.551 26949 26949 W System.err: 	at android.os.Handler.dispatchMessage(Handler.java:107)
12-07 08:19:03.551 26949 26949 W System.err: 	at android.os.Looper.loop(Looper.java:214)
12-07 08:19:03.551 26949 26949 W System.err: 	at android.app.ActivityThread.main(ActivityThread.java:7356)
12-07 08:19:03.551 26949 26949 W System.err: 	at java.lang.reflect.Method.invoke(Native Method)
12-07 08:19:03.551 26949 26949 W System.err: 	at com.android.internal.os.RuntimeInit$MethodAndArgsCaller.run(RuntimeInit.java:492)
12-07 08:19:03.551 26949 26949 W System.err: 	at com.android.internal.os.ZygoteInit.main(ZygoteInit.java:930)
12-07 08:19:03.553 12448 12488 D EGL_emulation: eglMakeCurrent: 0xe594d140: ver 2 0 (tinfo 0xc539bd10)
12-07 08:19:03.617 26949 26949 D LifecycleMonitor: Lifecycle status change: ru.iteco.fmhandroid.ui.AppActivity@a43d81c in: DESTROYED
12-07 08:19:03.640 26949 26949 V ActivityScenario: Update currentActivityStage to DESTROYED, currentActivity=null
12-07 08:19:03.720  2018  2054 W InputReader: Device has associated, but no associated display id.
12-07 08:19:03.720  2018  2054 I chatty  : uid=1000(system) android.anim identical 8 lines
12-07 08:19:03.720  2018  2054 W InputReader: Device has associated, but no associated display id.
12-07 08:19:03.729  1776  1825 D gralloc_ranchu: gralloc_alloc: Creating ashmem region of size 6471680
12-07 08:19:03.750  2170  2566 D EGL_emulation: eglMakeCurrent: 0xe594e040: ver 2 0 (tinfo 0xc52450c0)
12-07 08:19:03.811  2018  2018 W ActivityManager: Unable to start service Intent { act=android.service.appprediction.AppPredictionService cmp=com.google.android.as/com.google.android.apps.miphone.aiai.app.AiAiPredictionService } U=0: not found
12-07 08:19:03.811  2018  2018 W RemoteAppPredictionService: could not bind to Intent { act=android.service.appprediction.AppPredictionService cmp=com.google.android.as/com.google.android.apps.miphone.aiai.app.AiAiPredictionService } using flags 67108865
12-07 08:19:03.812 27009 27040 D EGL_emulation: eglMakeCurrent: 0xe597dd20: ver 2 0 (tinfo 0xf0c893b0)
12-07 08:19:03.813  2170  2566 D EGL_emulation: eglMakeCurrent: 0xe594e040: ver 2 0 (tinfo 0xc52450c0)
12-07 08:19:03.848  1793  1793 E Layer   : [Surface(name=AppWindowToken{8dcd2e token=Token{a00d3a9 ActivityRecord{4384b30 u0 com.google.android.apps.nexuslauncher/.NexusLauncherActivity t105}}})/@0x3848044 - animation-leash#0] No local sync point found
12-07 08:19:03.848  1793  1793 E Layer   : [Surface(name=AppWindowToken{a954924 token=Token{6858db7 ActivityRecord{37e8cb6 u0 ru.iteco.fmhandroid.test/androidx.test.core.app.InstrumentationActivityInvoker$EmptyActivity t188}}})/@0x4ec59f0 - animation-leash#0] No local sync point found
12-07 08:19:03.854  2170  2566 D EGL_emulation: eglMakeCurrent: 0xe594e040: ver 2 0 (tinfo 0xc52450c0)
12-07 08:19:03.917  2656 26393 E SQLiteDatabase: Error inserting flex_time=1173000 job_id=-1 period=2347000 source=16 requires_charging=0 preferred_network_type=1 target_class=com.google.android.gms.measurement.PackageMeasurementTaskService user_id=0 target_package=com.google.android.gms tag=Measurement.PackageMeasurementTaskService.UPLOAD_TASK_TAG task_type=0 required_idleness_state=0 service_kind=0 source_version=202414000 persistence_level=1 preferred_charging_state=1 required_network_type=0 runtime=1670419143321 retry_strategy={"maximum_backoff_seconds":{"3600":0},"initial_backoff_seconds":{"30":0},"retry_policy":{"0":0}} last_runtime=0
12-07 08:19:03.917  2656 26393 E SQLiteDatabase: android.database.sqlite.SQLiteConstraintException: UNIQUE constraint failed: pending_ops.tag, pending_ops.target_class, pending_ops.target_package, pending_ops.user_id (code 2067 SQLITE_CONSTRAINT_UNIQUE)
12-07 08:19:03.917  2656 26393 E SQLiteDatabase: 	at android.database.sqlite.SQLiteConnection.nativeExecuteForLastInsertedRowId(Native Method)
12-07 08:19:03.917  2656 26393 E SQLiteDatabase: 	at android.database.sqlite.SQLiteConnection.executeForLastInsertedRowId(SQLiteConnection.java:879)
12-07 08:19:03.917  2656 26393 E SQLiteDatabase: 	at android.database.sqlite.SQLiteSession.executeForLastInsertedRowId(SQLiteSession.java:790)
12-07 08:19:03.917  2656 26393 E SQLiteDatabase: 	at android.database.sqlite.SQLiteStatement.executeInsert(SQLiteStatement.java:88)
12-07 08:19:03.917  2656 26393 E SQLiteDatabase: 	at android.database.sqlite.SQLiteDatabase.insertWithOnConflict(SQLiteDatabase.java:1599)
12-07 08:19:03.917  2656 26393 E SQLiteDatabase: 	at android.database.sqlite.SQLiteDatabase.insert(SQLiteDatabase.java:1468)
12-07 08:19:03.917  2656 26393 E SQLiteDatabase: 	at aqui.a(:com.google.android.gms@202414022@20.24.14 (040700-319035315):175)
12-07 08:19:03.917  2656 26393 E SQLiteDatabase: 	at aqtk.a(:com.google.android.gms@202414022@20.24.14 (040700-319035315):182)
12-07 08:19:03.917  2656 26393 E SQLiteDatabase: 	at aqtk.a(:com.google.android.gms@202414022@20.24.14 (040700-319035315):23)
12-07 08:19:03.917  2656 26393 E SQLiteDatabase: 	at aqtk.a(:com.google.android.gms@202414022@20.24.14 (040700-319035315):177)
12-07 08:19:03.917  2656 26393 E SQLiteDatabase: 	at aqpu.run(:com.google.android.gms@202414022@20.24.14 (040700-319035315):9)
12-07 08:19:03.917  2656 26393 E SQLiteDatabase: 	at soy.b(:com.google.android.gms@202414022@20.24.14 (040700-319035315):12)
12-07 08:19:03.917  2656 26393 E SQLiteDatabase: 	at soy.run(:com.google.android.gms@202414022@20.24.14 (040700-319035315):7)
12-07 08:19:03.917  2656 26393 E SQLiteDatabase: 	at java.util.concurrent.ThreadPoolExecutor.runWorker(ThreadPoolExecutor.java:1167)
12-07 08:19:03.917  2656 26393 E SQLiteDatabase: 	at java.util.concurrent.ThreadPoolExecutor$Worker.run(ThreadPoolExecutor.java:641)
12-07 08:19:03.917  2656 26393 E SQLiteDatabase: 	at sux.run(:com.google.android.gms@202414022@20.24.14 (040700-319035315):0)
12-07 08:19:03.917  2656 26393 E SQLiteDatabase: 	at java.lang.Thread.run(Thread.java:919)
12-07 08:19:03.925  2018  7392 D HostConnection: HostConnection::get() New Host Connection established 0xb22b1870, tid 7392
12-07 08:19:03.926  2018  7392 D HostConnection: HostComposition ext ANDROID_EMU_CHECKSUM_HELPER_v1 ANDROID_EMU_dma_v1 ANDROID_EMU_direct_mem ANDROID_EMU_host_composition_v1 ANDROID_EMU_host_composition_v2 ANDROID_EMU_vulkan ANDROID_EMU_deferred_vulkan_commands ANDROID_EMU_vulkan_null_optional_strings ANDROID_EMU_vulkan_create_resources_with_requirements ANDROID_EMU_YUV_Cache ANDROID_EMU_vulkan_ignored_handles ANDROID_EMU_vulkan_free_memory_sync ANDROID_EMU_vulkan_shader_float16_int8 ANDROID_EMU_vulkan_async_queue_submit ANDROID_EMU_sync_buffer_data GL_OES_vertex_array_object GL_KHR_texture_compression_astc_ldr ANDROID_EMU_host_side_tracing ANDROID_EMU_gles_max_version_2 
12-07 08:19:03.927  2018  7392 W OpenGLRenderer: Failed to choose config with EGL_SWAP_BEHAVIOR_PRESERVED, retrying without...
12-07 08:19:03.955  2962  2962 W ThreadPoolDumper: Queue length for executor EventBus is now 11. Perhaps some tasks are too long, or the pool is too small.
12-07 08:19:04.007  2018  7392 D EGL_emulation: eglCreateContext: 0xb2357640: maj 2 min 0 rcv 2
12-07 08:19:04.014  2018  7392 D EGL_emulation: eglMakeCurrent: 0xb2357640: ver 2 0 (tinfo 0xc0d1c860)
12-07 08:19:04.089  2962  3348 W SessionLifecycleManager: Handover failed. Creating new session controller.
12-07 08:19:04.165  2170  2186 I ndroid.systemu: NativeAlloc concurrent copying GC freed 33067(1636KB) AllocSpace objects, 0(0B) LOS objects, 49% free, 5477KB/10MB, paused 5.715ms total 293.050ms
12-07 08:19:04.227 12448 12466 I s.nexuslaunche: NativeAlloc concurrent copying GC freed 2683(233KB) AllocSpace objects, 0(0B) LOS objects, 49% free, 2646KB/5292KB, paused 1.037ms total 396.098ms
12-07 08:19:04.234 12448 12468 W System  : A resource failed to call release. 
