--------- beginning of main
12-02 18:59:20.285  2584 29116 E WakeLock: GCM_CONN_ALARM release without a matched acquire!
12-02 18:59:20.612 28895 28895 W View    : couldn't find view with id 2131231392
12-02 18:59:20.630 28895 28895 I chatty  : uid=10159(ru.iteco.fmhandroid) identical 6 lines
12-02 18:59:20.631 28895 28895 W View    : couldn't find view with id 2131231392
12-02 18:59:20.632  2169  2169 D StatusBar: disable<e i a s b h r c s > disable2<q i n >
12-02 18:59:20.633 28895 28895 W View    : couldn't find view with id 2131231392
12-02 18:59:20.633 28895 28895 W View    : couldn't find view with id 2131231392
12-02 18:59:20.666  2169  2501 D EGL_emulation: eglMakeCurrent: 0xdb91a600: ver 2 0 (tinfo 0xdb90f8d0)
12-02 18:59:20.670  1772  1873 D gralloc_ranchu: gralloc_alloc: Creating ashmem region of size 14749696
12-02 18:59:20.685  2169  2501 D EGL_emulation: eglMakeCurrent: 0xdb91a600: ver 2 0 (tinfo 0xdb90f8d0)
12-02 18:59:20.716  1772  1873 D gralloc_ranchu: gralloc_alloc: Creating ashmem region of size 14749696
12-02 18:59:20.756  2169  2169 D StatusBar: disable<e i a s b h r c s > disable2<q i n >
12-02 18:59:20.798  1772  1873 D gralloc_ranchu: gralloc_alloc: Creating ashmem region of size 14749696
12-02 18:59:20.899 28895 28908 I teco.fmhandroi: NativeAlloc concurrent copying GC freed 57655(2518KB) AllocSpace objects, 0(0B) LOS objects, 36% free, 10MB/16MB, paused 678us total 105.327ms
12-02 18:59:21.166  1750  1750 W audio_hw_generic: Not supplying enough data to HAL, expected position 392103517 , only wrote 391618704
12-02 18:59:21.682 28895 28939 I QueryController: Matched selector: UiSelector[DESCRIPTION=Airplane mode] <<==>> [android.view.accessibility.AccessibilityNodeInfo@6e5d2; boundsInParent: Rect(0, 0 - 393, 371); boundsInScreen: Rect(978, 1022 - 1371, 1393); packageName: com.android.systemui; className: android.widget.Switch; text: Off; error: null; maxTextLength: -1; contentDescription: Airplane mode; tooltipText: null; viewIdResName: null; checkable: true; checked: false; focusable: true; focused: false; selected: false; clickable: true; longClickable: true; contextClickable: false; enabled: true; password: false; scrollable: false; importantForAccessibility: true; visible: true; actions: [AccessibilityAction: ACTION_FOCUS - null, AccessibilityAction: ACTION_SELECT - null, AccessibilityAction: ACTION_CLEAR_SELECTION - null, AccessibilityAction: ACTION_CLICK - null, AccessibilityAction: ACTION_ACCESSIBILITY_FOCUS - null, AccessibilityAction: ACTION_NEXT_AT_MOVEMENT_GRANULARITY - null, AccessibilityAction: ACTION_PREVIOUS_AT_MOVEMENT_GRANULARITY - null, AccessibilityAction: ACTION_SET_SELECTION - null, AccessibilityAction: ACTION_SHOW_ON_SCREEN - null, AccessibilityAction: ACTION_LONG_CLICK - Open settings]]
--------- beginning of system
12-02 18:59:21.698  2010  2034 D AutofillManagerService: onBackKeyPressed()
12-02 18:59:22.362  2169  2169 V StatusBar: mStatusBarWindow: com.android.systemui.statusbar.phone.StatusBarWindowView{7aeee74 V.E...... ........ 0,0-1440,2560} canPanelBeCollapsed(): true
12-02 18:59:22.378  2169  2169 D StatusBar: disable<e i a s b h r c s > disable2<q i n >
12-02 18:59:22.389  2010  2029 W InputReader: Device has associated, but no associated display id.
12-02 18:59:22.390  2010  2029 I chatty  : uid=1000(system) Binder:2010_1 identical 8 lines
12-02 18:59:22.390  2010  2029 W InputReader: Device has associated, but no associated display id.
12-02 18:59:22.403 28895 28895 D LifecycleMonitor: Lifecycle status change: ru.iteco.fmhandroid.ui.AppActivity@8360b52 in: PAUSED
12-02 18:59:22.410 28895 28934 V FA      : Recording user engagement, ms: 29942
12-02 18:59:22.415  2010  9089 W InputReader: Device has associated, but no associated display id.
12-02 18:59:22.421  2010  9089 I chatty  : uid=1000(system) Binder:2010_1A identical 28 lines
12-02 18:59:22.421  2010  9089 W InputReader: Device has associated, but no associated display id.
12-02 18:59:22.427 28895 28939 I TestRunner: finished: shouldShowWarningMessageWhenTheConnectionIsBrokenDuringTheCreationOfTheClaim(ru.iteco.fmhandroid.ui.ClaimsCreationFormTest)
12-02 18:59:22.445  2169  2169 D StatusBar: disable<e i a s b h r c s > disable2<q i n >
12-02 18:59:22.472  2169  2501 D EGL_emulation: eglMakeCurrent: 0xdb91a600: ver 2 0 (tinfo 0xdb90f8d0)
12-02 18:59:22.482  1772  1873 D gralloc_ranchu: gralloc_alloc: Creating ashmem region of size 487424
12-02 18:59:22.490  2169  2501 D EGL_emulation: eglMakeCurrent: 0xdb91a600: ver 2 0 (tinfo 0xdb90f8d0)
12-02 18:59:22.361  2010  2034 D AutofillManagerService: onBackKeyPressed()
12-02 18:59:22.493  2010  5522 D ConnectivityService: requestNetwork for uid/pid:10127/543 NetworkRequest [ TRACK_DEFAULT id=229, [ Capabilities: INTERNET&NOT_RESTRICTED&TRUSTED Uid: 10127] ]
12-02 18:59:22.495  2010  2126 D UntrustedWifiNetworkFactory: got request NetworkRequest [ TRACK_DEFAULT id=229, [ Capabilities: INTERNET&NOT_RESTRICTED&TRUSTED Uid: 10127] ] with score 50 and serial 2
12-02 18:59:22.495  2010  2126 D WifiNetworkFactory: got request NetworkRequest [ TRACK_DEFAULT id=229, [ Capabilities: INTERNET&NOT_RESTRICTED&TRUSTED Uid: 10127] ] with score 50 and serial 2
12-02 18:59:22.497  2352  2352 D PhoneSwitcherNetworkRequstListener: got request NetworkRequest [ TRACK_DEFAULT id=229, [ Capabilities: INTERNET&NOT_RESTRICTED&TRUSTED Uid: 10127] ] with score 50 and serial 2
12-02 18:59:22.517  1772  1873 D gralloc_ranchu: gralloc_alloc: Creating ashmem region of size 487424
12-02 18:59:22.527 28895 28934 V FA      : Connecting to remote service
12-02 18:59:22.540 28895 28934 V FA      : Connection attempt already in progress
12-02 18:59:22.543 28895 28934 V FA      : Activity paused, time: 89198811
12-02 18:59:22.555  1772  1873 D gralloc_ranchu: gralloc_alloc: Creating ashmem region of size 14749696
12-02 18:59:22.570  1772  1873 D gralloc_ranchu: gralloc_alloc: Creating ashmem region of size 487424
12-02 18:59:22.581   543   578 D EGL_emulation: eglMakeCurrent: 0xeec7f2e0: ver 2 0 (tinfo 0xe39facd0)
12-02 18:59:22.606 28895 28934 D FA      : Connected to remote service
12-02 18:59:22.609 28895 28934 V FA      : Processing queued up service tasks: 2
12-02 18:59:22.623  1772  1873 D gralloc_ranchu: gralloc_alloc: Creating ashmem region of size 14749696
12-02 18:59:22.659  2881 28946 V FA-SVC  : Logging event: origin=auto,name=user_engagement(_e),params=Bundle[{ga_event_origin(_o)=auto, engagement_time_msec(_et)=29942, ga_screen_class(_sc)=AppActivity, ga_screen_id(_si)=-2112231893253735570}]
12-02 18:59:22.681 28895 28939 I MonitoringInstr: Unstopped activity count: 1
12-02 18:59:22.685   642   672 D EGL_emulation: eglCreateContext: 0xdb91b860: maj 2 min 0 rcv 2
12-02 18:59:22.687   642   672 D EGL_emulation: eglMakeCurrent: 0xdb91b860: ver 2 0 (tinfo 0xeec89de0)
12-02 18:59:22.709  2881 28946 V FA-SVC  : Upload scheduled in approximately ms: 1159603
12-02 18:59:22.709  2881 28946 V FA-SVC  : Unscheduling upload
12-02 18:59:22.716  2881 28946 V FA-SVC  : Scheduling upload, millis: 1159603
12-02 18:59:22.722  2881 28946 V FA-SVC  : Background event processing time, ms: 63
12-02 18:59:22.732 28895 28939 I MonitoringInstr: Unstopped activity count: 1
12-02 18:59:22.738   642   672 E chromium: [ERROR:gl_surface_egl.cc(342)] eglChooseConfig failed with error EGL_SUCCESS
12-02 18:59:22.741  1772  1873 D gralloc_ranchu: gralloc_alloc: Creating ashmem region of size 13778944
12-02 18:59:22.766   642   672 D EGL_emulation: eglCreateContext: 0xeec7ef20: maj 2 min 0 rcv 2
12-02 18:59:22.769   642   672 D EGL_emulation: eglMakeCurrent: 0xeec7ef20: ver 2 0 (tinfo 0xeec89de0)
12-02 18:59:22.785 28895 28939 I MonitoringInstr: Unstopped activity count: 1
12-02 18:59:22.796   642   672 D EGL_emulation: eglMakeCurrent: 0xdb91b860: ver 2 0 (tinfo 0xeec89de0)
12-02 18:59:22.796  2584 27520 E SQLiteDatabase: Error inserting flex_time=1159000 job_id=-1 period=2320000 source=16 requires_charging=0 preferred_network_type=1 target_class=com.google.android.gms.measurement.PackageMeasurementTaskService user_id=0 target_package=com.google.android.gms tag=Measurement.PackageMeasurementTaskService.UPLOAD_TASK_TAG task_type=0 required_idleness_state=0 service_kind=0 source_version=202414000 persistence_level=1 preferred_charging_state=1 required_network_type=0 runtime=1669996762768 retry_strategy={"maximum_backoff_seconds":{"3600":0},"initial_backoff_seconds":{"30":0},"retry_policy":{"0":0}} last_runtime=0
12-02 18:59:22.796  2584 27520 E SQLiteDatabase: android.database.sqlite.SQLiteConstraintException: UNIQUE constraint failed: pending_ops.tag, pending_ops.target_class, pending_ops.target_package, pending_ops.user_id (code 2067 SQLITE_CONSTRAINT_UNIQUE)
12-02 18:59:22.796  2584 27520 E SQLiteDatabase: 	at android.database.sqlite.SQLiteConnection.nativeExecuteForLastInsertedRowId(Native Method)
12-02 18:59:22.796  2584 27520 E SQLiteDatabase: 	at android.database.sqlite.SQLiteConnection.executeForLastInsertedRowId(SQLiteConnection.java:879)
12-02 18:59:22.796  2584 27520 E SQLiteDatabase: 	at android.database.sqlite.SQLiteSession.executeForLastInsertedRowId(SQLiteSession.java:790)
12-02 18:59:22.796  2584 27520 E SQLiteDatabase: 	at android.database.sqlite.SQLiteStatement.executeInsert(SQLiteStatement.java:88)
12-02 18:59:22.796  2584 27520 E SQLiteDatabase: 	at android.database.sqlite.SQLiteDatabase.insertWithOnConflict(SQLiteDatabase.java:1599)
12-02 18:59:22.796  2584 27520 E SQLiteDatabase: 	at android.database.sqlite.SQLiteDatabase.insert(SQLiteDatabase.java:1468)
12-02 18:59:22.796  2584 27520 E SQLiteDatabase: 	at aqui.a(:com.google.android.gms@202414022@20.24.14 (040700-319035315):175)
12-02 18:59:22.796  2584 27520 E SQLiteDatabase: 	at aqtk.a(:com.google.android.gms@202414022@20.24.14 (040700-319035315):182)
12-02 18:59:22.796  2584 27520 E SQLiteDatabase: 	at aqtk.a(:com.google.android.gms@202414022@20.24.14 (040700-319035315):23)
12-02 18:59:22.796  2584 27520 E SQLiteDatabase: 	at aqtk.a(:com.google.android.gms@202414022@20.24.14 (040700-319035315):177)
12-02 18:59:22.796  2584 27520 E SQLiteDatabase: 	at aqpu.run(:com.google.android.gms@202414022@20.24.14 (040700-319035315):9)
12-02 18:59:22.796  2584 27520 E SQLiteDatabase: 	at soy.b(:com.google.android.gms@202414022@20.24.14 (040700-319035315):12)
12-02 18:59:22.796  2584 27520 E SQLiteDatabase: 	at soy.run(:com.google.android.gms@202414022@20.24.14 (040700-319035315):7)
12-02 18:59:22.796  2584 27520 E SQLiteDatabase: 	at java.util.concurrent.ThreadPoolExecutor.runWorker(ThreadPoolExecutor.java:1167)
12-02 18:59:22.796  2584 27520 E SQLiteDatabase: 	at java.util.concurrent.ThreadPoolExecutor$Worker.run(ThreadPoolExecutor.java:641)
12-02 18:59:22.796  2584 27520 E SQLiteDatabase: 	at sux.run(:com.google.android.gms@202414022@20.24.14 (040700-319035315):0)
12-02 18:59:22.796  2584 27520 E SQLiteDatabase: 	at java.lang.Thread.run(Thread.java:919)
12-02 18:59:22.801   642   672 D EGL_emulation: eglMakeCurrent: 0xeec7ef20: ver 2 0 (tinfo 0xeec89de0)
12-02 18:59:22.821   642   672 D EGL_emulation: eglMakeCurrent: 0xeec7fbe0: ver 2 0 (tinfo 0xeec89de0)
12-02 18:59:22.822  1772  1873 D gralloc_ranchu: gralloc_alloc: Creating ashmem region of size 14749696
12-02 18:59:22.837 28895 28939 I MonitoringInstr: Unstopped activity count: 1
12-02 18:59:22.855   642   672 D EGL_emulation: eglMakeCurrent: 0xeec7ef20: ver 2 0 (tinfo 0xeec89de0)
12-02 18:59:22.889 28895 28939 I MonitoringInstr: Unstopped activity count: 1
12-02 18:59:22.925  1772  1873 D gralloc_ranchu: gralloc_alloc: Creating ashmem region of size 13778944
12-02 18:59:22.931   642   672 D EGL_emulation: eglMakeCurrent: 0xeec7fbe0: ver 2 0 (tinfo 0xeec89de0)
12-02 18:59:22.936  2010  2037 W InputReader: Device has associated, but no associated display id.
12-02 18:59:22.941  2010  2037 I chatty  : uid=1000(system) android.anim identical 17 lines
12-02 18:59:22.941  2010  2037 W InputReader: Device has associated, but no associated display id.
12-02 18:59:22.941 28895 28939 I MonitoringInstr: Unstopped activity count: 1
12-02 18:59:22.941  2010  2037 W InputReader: Device has associated, but no associated display id.
12-02 18:59:22.946  1772  1873 D gralloc_ranchu: gralloc_alloc: Creating ashmem region of size 9441280
12-02 18:59:22.950   642   672 D EGL_emulation: eglMakeCurrent: 0xeec7ef20: ver 2 0 (tinfo 0xeec89de0)
12-02 18:59:22.962   642   672 D EGL_emulation: eglMakeCurrent: 0xeec7fbe0: ver 2 0 (tinfo 0xeec89de0)
12-02 18:59:22.995 28895 28939 I MonitoringInstr: Unstopped activity count: 1
12-02 18:59:23.004 28895 28955 D EGL_emulation: eglMakeCurrent: 0xe3a07540: ver 2 0 (tinfo 0xe3a93cb0)
12-02 18:59:23.015  2169  2501 D EGL_emulation: eglMakeCurrent: 0xdb91a600: ver 2 0 (tinfo 0xdb90f8d0)
12-02 18:59:23.030   642   672 D EGL_emulation: eglMakeCurrent: 0xeec7ef20: ver 2 0 (tinfo 0xeec89de0)
12-02 18:59:23.040  2010  6726 D HostConnection: HostConnection::get() New Host Connection established 0xb4601c80, tid 6726
12-02 18:59:23.041 28895 28895 D AutofillManager: onActivityFinishing(): calling cancelLocked()
12-02 18:59:23.043 28895 28895 D LifecycleMonitor: Lifecycle status change: ru.iteco.fmhandroid.ui.AppActivity@8360b52 in: STOPPED
12-02 18:59:23.049 28895 28939 I TestRunner: started: shouldShowTextEnteredInvalidValue(ru.iteco.fmhandroid.ui.ClaimsCreationFormTest)
12-02 18:59:23.054  1772  1873 D gralloc_ranchu: gralloc_alloc: Creating ashmem region of size 13778944
12-02 18:59:23.061   642   672 D EGL_emulation: eglMakeCurrent: 0xeec7fbe0: ver 2 0 (tinfo 0xeec89de0)
12-02 18:59:23.063  2010 20213 D WificondControl: Scan result ready event
12-02 18:59:23.068   642   672 D EGL_emulation: eglMakeCurrent: 0xeec7ef20: ver 2 0 (tinfo 0xeec89de0)
12-02 18:59:23.070  2010  6726 D HostConnection: HostComposition ext ANDROID_EMU_CHECKSUM_HELPER_v1 ANDROID_EMU_dma_v1 ANDROID_EMU_direct_mem ANDROID_EMU_host_composition_v1 ANDROID_EMU_host_composition_v2 ANDROID_EMU_vulkan ANDROID_EMU_deferred_vulkan_commands ANDROID_EMU_vulkan_null_optional_strings ANDROID_EMU_vulkan_create_resources_with_requirements ANDROID_EMU_YUV_Cache ANDROID_EMU_vulkan_ignored_handles ANDROID_EMU_vulkan_free_memory_sync ANDROID_EMU_vulkan_shader_float16_int8 ANDROID_EMU_vulkan_async_queue_submit ANDROID_EMU_sync_buffer_data GL_OES_vertex_array_object GL_KHR_texture_compression_astc_ldr ANDROID_EMU_host_side_tracing ANDROID_EMU_gles_max_version_2 
12-02 18:59:23.081  2010  6726 W OpenGLRenderer: Failed to choose config with EGL_SWAP_BEHAVIOR_PRESERVED, retrying without...
12-02 18:59:23.088 28895 28895 W System.err: ru.iteco.fmhandroid.exceptions.UnknownException
12-02 18:59:23.088 28895 28895 W System.err: 	at ru.iteco.fmhandroid.utils.Utils.makeRequest(Utils.kt:123)
12-02 18:59:23.088 28895 28895 W System.err: 	at ru.iteco.fmhandroid.utils.Utils$makeRequest$1.invokeSuspend(Unknown Source:15)
12-02 18:59:23.088 28895 28895 W System.err: 	at kotlin.coroutines.jvm.internal.BaseContinuationImpl.resumeWith(ContinuationImpl.kt:33)
12-02 18:59:23.088 28895 28895 W System.err: 	at kotlinx.coroutines.DispatchedTaskKt.resume(DispatchedTask.kt:234)
12-02 18:59:23.088 28895 28895 W System.err: 	at kotlinx.coroutines.DispatchedTaskKt.resumeUnconfined(DispatchedTask.kt:190)
12-02 18:59:23.088 28895 28895 W System.err: 	at kotlinx.coroutines.DispatchedTaskKt.dispatch(DispatchedTask.kt:161)
12-02 18:59:23.088 28895 28895 W System.err: 	at kotlinx.coroutines.CancellableContinuationImpl.dispatchResume(CancellableContinuationImpl.kt:397)
12-02 18:59:23.088 28895 28895 W System.err: 	at kotlinx.coroutines.CancellableContinuationImpl.cancel(CancellableContinuationImpl.kt:183)
12-02 18:59:23.088 28895 28895 W System.err: 	at kotlinx.coroutines.CancellableContinuationImpl.parentCancelled$kotlinx_coroutines_core(CancellableContinuationImpl.kt:190)
12-02 18:59:23.088 28895 28895 W System.err: 	at kotlinx.coroutines.ChildContinuation.invoke(JobSupport.kt:1474)
12-02 18:59:23.089 28895 28895 W System.err: 	at kotlinx.coroutines.JobSupport.notifyCancelling(JobSupport.kt:1499)
12-02 18:59:23.089 28895 28895 W System.err: 	at kotlinx.coroutines.JobSupport.tryMakeCancelling(JobSupport.kt:795)
12-02 18:59:23.089 28895 28895 W System.err: 	at kotlinx.coroutines.JobSupport.makeCancelling(JobSupport.kt:755)
12-02 18:59:23.089 28895 28895 W System.err: 	at kotlinx.coroutines.JobSupport.cancelImpl$kotlinx_coroutines_core(JobSupport.kt:671)
12-02 18:59:23.089 28895 28895 W System.err: 	at kotlinx.coroutines.JobSupport.parentCancelled(JobSupport.kt:637)
12-02 18:59:23.089 28895 28895 W System.err: 	at kotlinx.coroutines.ChildHandleNode.invoke(JobSupport.kt:1465)
12-02 18:59:23.089 28895 28895 W System.err: 	at kotlinx.coroutines.JobSupport.notifyCancelling(JobSupport.kt:1499)
12-02 18:59:23.089 28895 28895 W System.err: 	at kotlinx.coroutines.JobSupport.tryMakeCompletingSlowPath(JobSupport.kt:900)
12-02 18:59:23.089 28895 28895 W System.err: 	at kotlinx.coroutines.JobSupport.tryMakeCompleting(JobSupport.kt:863)
12-02 18:59:23.089 28895 28895 W System.err: 	at kotlinx.coroutines.JobSupport.cancelMakeCompleting(JobSupport.kt:696)
12-02 18:59:23.089 28895 28895 W System.err: 	at kotlinx.coroutines.JobSupport.cancelImpl$kotlinx_coroutines_core(JobSupport.kt:667)
12-02 18:59:23.089 28895 28895 W System.err: 	at kotlinx.coroutines.JobSupport.cancelInternal(JobSupport.kt:632)
12-02 18:59:23.089 28895 28895 W System.err: 	at kotlinx.coroutines.JobSupport.cancel(JobSupport.kt:617)
12-02 18:59:23.089 28895 28895 W System.err: 	at kotlinx.coroutines.JobKt__JobKt.cancel(Job.kt:561)
12-02 18:59:23.089 28895 28895 W System.err: 	at kotlinx.coroutines.JobKt.cancel(Unknown Source:1)
12-02 18:59:23.089 28895 28895 W System.err: 	at kotlinx.coroutines.JobKt__JobKt.cancel$default(Job.kt:560)
12-02 18:59:23.089 28895 28895 W System.err: 	at kotlinx.coroutines.JobKt.cancel$default(Unknown Source:1)
12-02 18:59:23.089 28895 28895 W System.err: 	at androidx.lifecycle.CloseableCoroutineScope.close(ViewModel.kt:51)
12-02 18:59:23.089 28895 28895 W System.err: 	at androidx.lifecycle.ViewModel.closeWithRuntimeException(ViewModel.java:188)
12-02 18:59:23.089 28895 28895 W System.err: 	at androidx.lifecycle.ViewModel.clear(ViewModel.java:134)
12-02 18:59:23.089 28895 28895 W System.err: 	at androidx.lifecycle.ViewModelStore.clear(ViewModelStore.java:62)
12-02 18:59:23.089 28895 28895 W System.err: 	at androidx.fragment.app.FragmentManagerViewModel.clearNonConfigStateInternal(FragmentManagerViewModel.java:210)
12-02 18:59:23.089 28895 28895 W System.err: 	at androidx.fragment.app.FragmentManagerViewModel.clearNonConfigState(FragmentManagerViewModel.java:190)
12-02 18:59:23.089 28895 28895 W System.err: 	at androidx.fragment.app.FragmentStateManager.destroy(FragmentStateManager.java:778)
12-02 18:59:23.089 28895 28895 W System.err: 	at androidx.fragment.app.FragmentStateManager.moveToExpectedState(FragmentStateManager.java:335)
12-02 18:59:23.089 28895 28895 W System.err: 	at androidx.fragment.app.FragmentStore.moveToExpectedState(FragmentStore.java:121)
12-02 18:59:23.089 28895 28895 W System.err: 	at androidx.fragment.app.FragmentManager.moveToState(FragmentManager.java:1374)
12-02 18:59:23.089 28895 28895 W System.err: 	at androidx.fragment.app.FragmentManager.dispatchStateChange(FragmentManager.java:2841)
12-02 18:59:23.089 28895 28895 W System.err: 	at androidx.fragment.app.FragmentManager.dispatchDestroy(FragmentManager.java:2820)
12-02 18:59:23.090 28895 28895 W System.err: 	at androidx.fragment.app.Fragment.performDestroy(Fragment.java:3246)
12-02 18:59:23.090 28895 28895 W System.err: 	at androidx.fragment.app.FragmentStateManager.destroy(FragmentStateManager.java:780)
12-02 18:59:23.090 28895 28895 W System.err: 	at androidx.fragment.app.FragmentStateManager.moveToExpectedState(FragmentStateManager.java:335)
12-02 18:59:23.090 28895 28895 W System.err: 	at androidx.fragment.app.SpecialEffectsController$FragmentStateManagerOperation.complete(SpecialEffectsController.java:771)
12-02 18:59:23.092 28895 28895 W System.err: 	at androidx.fragment.app.SpecialEffectsController$Operation.cancel(SpecialEffectsController.java:615)
12-02 18:59:23.092 28895 28895 W System.err: 	at androidx.fragment.app.SpecialEffectsController.forceCompleteAllOperations(SpecialEffectsController.java:350)
12-02 18:59:23.092 28895 28895 W System.err: 	at androidx.fragment.app.FragmentManager.dispatchStateChange(FragmentManager.java:2844)
12-02 18:59:23.092 28895 28895 W System.err: 	at androidx.fragment.app.FragmentManager.dispatchDestroy(FragmentManager.java:2820)
12-02 18:59:23.092 28895 28895 W System.err: 	at androidx.fragment.app.FragmentController.dispatchDestroy(FragmentController.java:345)
12-02 18:59:23.092 28895 28895 W System.err: 	at androidx.fragment.app.FragmentActivity.onDestroy(FragmentActivity.java:306)
12-02 18:59:23.092 28895 28895 W System.err: 	at androidx.appcompat.app.AppCompatActivity.onDestroy(AppCompatActivity.java:278)
12-02 18:59:23.092 28895 28895 W System.err: 	at android.app.Activity.performDestroy(Activity.java:8048)
12-02 18:59:23.092 28895 28895 W System.err: 	at android.app.Instrumentation.callActivityOnDestroy(Instrumentation.java:1334)
12-02 18:59:23.092 28895 28895 W System.err: 	at androidx.test.runner.MonitoringInstrumentation.callActivityOnDestroy(MonitoringInstrumentation.java:766)
12-02 18:59:23.092 28895 28895 W System.err: 	at android.app.ActivityThread.performDestroyActivity(ActivityThread.java:4926)
12-02 18:59:23.092 28895 28895 W System.err: 	at android.app.ActivityThread.handleDestroyActivity(ActivityThread.java:4970)
12-02 18:59:23.092 28895 28895 W System.err: 	at android.app.servertransaction.DestroyActivityItem.execute(DestroyActivityItem.java:44)
12-02 18:59:23.092 28895 28895 W System.err: 	at android.app.servertransaction.TransactionExecutor.executeLifecycleState(TransactionExecutor.java:176)
12-02 18:59:23.092 28895 28895 W System.err: 	at android.app.servertransaction.TransactionExecutor.execute(TransactionExecutor.java:97)
12-02 18:59:23.092 28895 28895 W System.err: 	at android.app.ActivityThread$H.handleMessage(ActivityThread.java:2016)
12-02 18:59:23.092 28895 28895 W System.err: 	at android.os.Handler.dispatchMessage(Handler.java:107)
12-02 18:59:23.092 28895 28895 W System.err: 	at android.os.Looper.loop(Looper.java:214)
12-02 18:59:23.092 28895 28895 W System.err: 	at android.app.ActivityThread.main(ActivityThread.java:7356)
12-02 18:59:23.092 28895 28895 W System.err: 	at java.lang.reflect.Method.invoke(Native Method)
12-02 18:59:23.092 28895 28895 W System.err: 	at com.android.internal.os.RuntimeInit$MethodAndArgsCaller.run(RuntimeInit.java:492)
12-02 18:59:23.092 28895 28895 W System.err: 	at com.android.internal.os.ZygoteInit.main(ZygoteInit.java:930)
12-02 18:59:23.110 28895 28895 W System.err: ru.iteco.fmhandroid.exceptions.UnknownException
12-02 18:59:23.110 28895 28895 W System.err: 	at ru.iteco.fmhandroid.utils.Utils.makeRequest(Utils.kt:123)
12-02 18:59:23.110 28895 28895 W System.err: 	at ru.iteco.fmhandroid.utils.Utils$makeRequest$1.invokeSuspend(Unknown Source:15)
12-02 18:59:23.110 28895 28895 W System.err: 	at kotlin.coroutines.jvm.internal.BaseContinuationImpl.resumeWith(ContinuationImpl.kt:33)
12-02 18:59:23.110 28895 28895 W System.err: 	at kotlinx.coroutines.DispatchedTaskKt.resume(DispatchedTask.kt:234)
12-02 18:59:23.110 28895 28895 W System.err: 	at kotlinx.coroutines.DispatchedTaskKt.resumeUnconfined(DispatchedTask.kt:190)
12-02 18:59:23.110 28895 28895 W System.err: 	at kotlinx.coroutines.DispatchedTaskKt.dispatch(DispatchedTask.kt:161)
12-02 18:59:23.110 28895 28895 W System.err: 	at kotlinx.coroutines.CancellableContinuationImpl.dispatchResume(CancellableContinuationImpl.kt:397)
12-02 18:59:23.110 28895 28895 W System.err: 	at kotlinx.coroutines.CancellableContinuationImpl.cancel(CancellableContinuationImpl.kt:183)
12-02 18:59:23.110 28895 28895 W System.err: 	at kotlinx.coroutines.CancellableContinuationImpl.parentCancelled$kotlinx_coroutines_core(CancellableContinuationImpl.kt:190)
12-02 18:59:23.110 28895 28895 W System.err: 	at kotlinx.coroutines.ChildContinuation.invoke(JobSupport.kt:1474)
12-02 18:59:23.110 28895 28895 W System.err: 	at kotlinx.coroutines.JobSupport.notifyCancelling(JobSupport.kt:1499)
12-02 18:59:23.110 28895 28895 W System.err: 	at kotlinx.coroutines.JobSupport.tryMakeCancelling(JobSupport.kt:795)
12-02 18:59:23.110 28895 28895 W System.err: 	at kotlinx.coroutines.JobSupport.makeCancelling(JobSupport.kt:755)
12-02 18:59:23.110 28895 28895 W System.err: 	at kotlinx.coroutines.JobSupport.cancelImpl$kotlinx_coroutines_core(JobSupport.kt:671)
12-02 18:59:23.110 28895 28895 W System.err: 	at kotlinx.coroutines.JobSupport.parentCancelled(JobSupport.kt:637)
12-02 18:59:23.110 28895 28895 W System.err: 	at kotlinx.coroutines.ChildHandleNode.invoke(JobSupport.kt:1465)
12-02 18:59:23.110 28895 28895 W System.err: 	at kotlinx.coroutines.JobSupport.notifyCancelling(JobSupport.kt:1499)
12-02 18:59:23.110 28895 28895 W System.err: 	at kotlinx.coroutines.JobSupport.tryMakeCompletingSlowPath(JobSupport.kt:900)
12-02 18:59:23.110 28895 28895 W System.err: 	at kotlinx.coroutines.JobSupport.tryMakeCompleting(JobSupport.kt:863)
12-02 18:59:23.110 28895 28895 W System.err: 	at kotlinx.coroutines.JobSupport.cancelMakeCompleting(JobSupport.kt:696)
12-02 18:59:23.110 28895 28895 W System.err: 	at kotlinx.coroutines.JobSupport.cancelImpl$kotlinx_coroutines_core(JobSupport.kt:667)
12-02 18:59:23.110 28895 28895 W System.err: 	at kotlinx.coroutines.JobSupport.cancelInternal(JobSupport.kt:632)
12-02 18:59:23.110 28895 28895 W System.err: 	at kotlinx.coroutines.JobSupport.cancel(JobSupport.kt:617)
12-02 18:59:23.111 28895 28895 W System.err: 	at kotlinx.coroutines.JobKt__JobKt.cancel(Job.kt:561)
12-02 18:59:23.111 28895 28895 W System.err: 	at kotlinx.coroutines.JobKt.cancel(Unknown Source:1)
12-02 18:59:23.111 28895 28895 W System.err: 	at kotlinx.coroutines.JobKt__JobKt.cancel$default(Job.kt:560)
12-02 18:59:23.111 28895 28895 W System.err: 	at kotlinx.coroutines.JobKt.cancel$default(Unknown Source:1)
12-02 18:59:23.111 28895 28895 W System.err: 	at androidx.lifecycle.CloseableCoroutineScope.close(ViewModel.kt:51)
12-02 18:59:23.111 28895 28895 W System.err: 	at androidx.lifecycle.ViewModel.closeWithRuntimeException(ViewModel.java:188)
12-02 18:59:23.111 28895 28895 W System.err: 	at androidx.lifecycle.ViewModel.clear(ViewModel.java:134)
12-02 18:59:23.111 28895 28895 W System.err: 	at androidx.lifecycle.ViewModelStore.clear(ViewModelStore.java:62)
12-02 18:59:23.111 28895 28895 W System.err: 	at androidx.fragment.app.FragmentManagerViewModel.clearNonConfigStateInternal(FragmentManagerViewModel.java:210)
12-02 18:59:23.111 28895 28895 W System.err: 	at androidx.fragment.app.FragmentManagerViewModel.clearNonConfigState(FragmentManagerViewModel.java:190)
12-02 18:59:23.111 28895 28895 W System.err: 	at androidx.fragment.app.FragmentStateManager.destroy(FragmentStateManager.java:778)
12-02 18:59:23.111 28895 28895 W System.err: 	at androidx.fragment.app.FragmentStateManager.moveToExpectedState(FragmentStateManager.java:335)
12-02 18:59:23.111 28895 28895 W System.err: 	at androidx.fragment.app.FragmentStore.moveToExpectedState(FragmentStore.java:121)
12-02 18:59:23.111 28895 28895 W System.err: 	at androidx.fragment.app.FragmentManager.moveToState(FragmentManager.java:1374)
12-02 18:59:23.111 28895 28895 W System.err: 	at androidx.fragment.app.FragmentManager.dispatchStateChange(FragmentManager.java:2841)
12-02 18:59:23.111 28895 28895 W System.err: 	at androidx.fragment.app.FragmentManager.dispatchDestroy(FragmentManager.java:2820)
12-02 18:59:23.111 28895 28895 W System.err: 	at androidx.fragment.app.Fragment.performDestroy(Fragment.java:3246)
12-02 18:59:23.111 28895 28895 W System.err: 	at androidx.fragment.app.FragmentStateManager.destroy(FragmentStateManager.java:780)
12-02 18:59:23.111 28895 28895 W System.err: 	at androidx.fragment.app.FragmentStateManager.moveToExpectedState(FragmentStateManager.java:335)
12-02 18:59:23.111 28895 28895 W System.err: 	at androidx.fragment.app.SpecialEffectsController$FragmentStateManagerOperation.complete(SpecialEffectsController.java:771)
12-02 18:59:23.111 28895 28895 W System.err: 	at androidx.fragment.app.SpecialEffectsController$Operation.cancel(SpecialEffectsController.java:615)
12-02 18:59:23.111 28895 28895 W System.err: 	at androidx.fragment.app.SpecialEffectsController.forceCompleteAllOperations(SpecialEffectsController.java:350)
12-02 18:59:23.111 28895 28895 W System.err: 	at androidx.fragment.app.FragmentManager.dispatchStateChange(FragmentManager.java:2844)
12-02 18:59:23.111 28895 28895 W System.err: 	at androidx.fragment.app.FragmentManager.dispatchDestroy(FragmentManager.java:2820)
12-02 18:59:23.112 28895 28895 W System.err: 	at androidx.fragment.app.FragmentController.dispatchDestroy(FragmentController.java:345)
12-02 18:59:23.112 28895 28895 W System.err: 	at androidx.fragment.app.FragmentActivity.onDestroy(FragmentActivity.java:306)
12-02 18:59:23.112 28895 28895 W System.err: 	at androidx.appcompat.app.AppCompatActivity.onDestroy(AppCompatActivity.java:278)
12-02 18:59:23.112 28895 28895 W System.err: 	at android.app.Activity.performDestroy(Activity.java:8048)
12-02 18:59:23.112 28895 28895 W System.err: 	at android.app.Instrumentation.callActivityOnDestroy(Instrumentation.java:1334)
12-02 18:59:23.112 28895 28895 W System.err: 	at androidx.test.runner.MonitoringInstrumentation.callActivityOnDestroy(MonitoringInstrumentation.java:766)
12-02 18:59:23.112 28895 28895 W System.err: 	at android.app.ActivityThread.performDestroyActivity(ActivityThread.java:4926)
12-02 18:59:23.112 28895 28895 W System.err: 	at android.app.ActivityThread.handleDestroyActivity(ActivityThread.java:4970)
12-02 18:59:23.112 28895 28895 W System.err: 	at android.app.servertransaction.DestroyActivityItem.execute(DestroyActivityItem.java:44)
12-02 18:59:23.112 28895 28895 W System.err: 	at android.app.servertransaction.TransactionExecutor.executeLifecycleState(TransactionExecutor.java:176)
12-02 18:59:23.112 28895 28895 W System.err: 	at android.app.servertransaction.TransactionExecutor.execute(TransactionExecutor.java:97)
12-02 18:59:23.112 28895 28895 W System.err: 	at android.app.ActivityThread$H.handleMessage(ActivityThread.java:2016)
12-02 18:59:23.112 28895 28895 W System.err: 	at android.os.Handler.dispatchMessage(Handler.java:107)
12-02 18:59:23.112 28895 28895 W System.err: 	at android.os.Looper.loop(Looper.java:214)
12-02 18:59:23.112 28895 28895 W System.err: 	at android.app.ActivityThread.main(ActivityThread.java:7356)
12-02 18:59:23.112 28895 28895 W System.err: 	at java.lang.reflect.Method.invoke(Native Method)
12-02 18:59:23.112 28895 28895 W System.err: 	at com.android.internal.os.RuntimeInit$MethodAndArgsCaller.run(RuntimeInit.java:492)
12-02 18:59:23.112 28895 28895 W System.err: 	at com.android.internal.os.ZygoteInit.main(ZygoteInit.java:930)
12-02 18:59:23.120  2010  6726 D EGL_emulation: eglCreateContext: 0xd856c500: maj 2 min 0 rcv 2
12-02 18:59:23.138  2010  6726 D EGL_emulation: eglMakeCurrent: 0xd856c500: ver 2 0 (tinfo 0xbf01f330)
12-02 18:59:23.139 28895 28895 W System.err: ru.iteco.fmhandroid.exceptions.UnknownException
12-02 18:59:23.139 28895 28895 W System.err: 	at ru.iteco.fmhandroid.utils.Utils.makeRequest(Utils.kt:123)
12-02 18:59:23.139 28895 28895 W System.err: 	at ru.iteco.fmhandroid.utils.Utils$makeRequest$1.invokeSuspend(Unknown Source:15)
12-02 18:59:23.139 28895 28895 W System.err: 	at kotlin.coroutines.jvm.internal.BaseContinuationImpl.resumeWith(ContinuationImpl.kt:33)
12-02 18:59:23.139 28895 28895 W System.err: 	at kotlinx.coroutines.DispatchedTaskKt.resume(DispatchedTask.kt:234)
12-02 18:59:23.139 28895 28895 W System.err: 	at kotlinx.coroutines.DispatchedTaskKt.resumeUnconfined(DispatchedTask.kt:190)
12-02 18:59:23.139 28895 28895 W System.err: 	at kotlinx.coroutines.DispatchedTaskKt.dispatch(DispatchedTask.kt:161)
12-02 18:59:23.139 28895 28895 W System.err: 	at kotlinx.coroutines.CancellableContinuationImpl.dispatchResume(CancellableContinuationImpl.kt:397)
12-02 18:59:23.139 28895 28895 W System.err: 	at kotlinx.coroutines.CancellableContinuationImpl.cancel(CancellableContinuationImpl.kt:183)
12-02 18:59:23.139 28895 28895 W System.err: 	at kotlinx.coroutines.CancellableContinuationImpl.parentCancelled$kotlinx_coroutines_core(CancellableContinuationImpl.kt:190)
12-02 18:59:23.139 28895 28895 W System.err: 	at kotlinx.coroutines.ChildContinuation.invoke(JobSupport.kt:1474)
12-02 18:59:23.139 28895 28895 W System.err: 	at kotlinx.coroutines.JobSupport.notifyCancelling(JobSupport.kt:1499)
12-02 18:59:23.139 28895 28895 W System.err: 	at kotlinx.coroutines.JobSupport.tryMakeCancelling(JobSupport.kt:795)
12-02 18:59:23.140 28895 28895 W System.err: 	at kotlinx.coroutines.JobSupport.makeCancelling(JobSupport.kt:755)
12-02 18:59:23.140 28895 28895 W System.err: 	at kotlinx.coroutines.JobSupport.cancelImpl$kotlinx_coroutines_core(JobSupport.kt:671)
12-02 18:59:23.140 28895 28895 W System.err: 	at kotlinx.coroutines.JobSupport.parentCancelled(JobSupport.kt:637)
12-02 18:59:23.140 28895 28895 W System.err: 	at kotlinx.coroutines.ChildHandleNode.invoke(JobSupport.kt:1465)
12-02 18:59:23.140 28895 28895 W System.err: 	at kotlinx.coroutines.JobSupport.notifyCancelling(JobSupport.kt:1499)
12-02 18:59:23.140 28895 28895 W System.err: 	at kotlinx.coroutines.JobSupport.tryMakeCompletingSlowPath(JobSupport.kt:900)
12-02 18:59:23.140 28895 28895 W System.err: 	at kotlinx.coroutines.JobSupport.tryMakeCompleting(JobSupport.kt:863)
12-02 18:59:23.140 28895 28895 W System.err: 	at kotlinx.coroutines.JobSupport.cancelMakeCompleting(JobSupport.kt:696)
12-02 18:59:23.140 28895 28895 W System.err: 	at kotlinx.coroutines.JobSupport.cancelImpl$kotlinx_coroutines_core(JobSupport.kt:667)
12-02 18:59:23.140 28895 28895 W System.err: 	at kotlinx.coroutines.JobSupport.cancelInternal(JobSupport.kt:632)
12-02 18:59:23.140 28895 28895 W System.err: 	at kotlinx.coroutines.JobSupport.cancel(JobSupport.kt:617)
12-02 18:59:23.140 28895 28895 W System.err: 	at kotlinx.coroutines.JobKt__JobKt.cancel(Job.kt:561)
12-02 18:59:23.140 28895 28895 W System.err: 	at kotlinx.coroutines.JobKt.cancel(Unknown Source:1)
12-02 18:59:23.140 28895 28895 W System.err: 	at kotlinx.coroutines.JobKt__JobKt.cancel$default(Job.kt:560)
12-02 18:59:23.140 28895 28895 W System.err: 	at kotlinx.coroutines.JobKt.cancel$default(Unknown Source:1)
12-02 18:59:23.140 28895 28895 W System.err: 	at androidx.lifecycle.CloseableCoroutineScope.close(ViewModel.kt:51)
12-02 18:59:23.140 28895 28895 W System.err: 	at androidx.lifecycle.ViewModel.closeWithRuntimeException(ViewModel.java:188)
12-02 18:59:23.140 28895 28895 W System.err: 	at androidx.lifecycle.ViewModel.clear(ViewModel.java:134)
12-02 18:59:23.141 28895 28895 W System.err: 	at androidx.lifecycle.ViewModelStore.clear(ViewModelStore.java:62)
12-02 18:59:23.141 28895 28895 W System.err: 	at androidx.fragment.app.FragmentManagerViewModel.clearNonConfigStateInternal(FragmentManagerViewModel.java:210)
12-02 18:59:23.141 28895 28895 W System.err: 	at androidx.fragment.app.FragmentManagerViewModel.clearNonConfigState(FragmentManagerViewModel.java:190)
12-02 18:59:23.141 28895 28895 W System.err: 	at androidx.fragment.app.FragmentStateManager.destroy(FragmentStateManager.java:778)
12-02 18:59:23.141 28895 28895 W System.err: 	at androidx.fragment.app.FragmentStateManager.moveToExpectedState(FragmentStateManager.java:335)
12-02 18:59:23.141 28895 28895 W System.err: 	at androidx.fragment.app.FragmentStore.moveToExpectedState(FragmentStore.java:121)
12-02 18:59:23.141 28895 28895 W System.err: 	at androidx.fragment.app.FragmentManager.moveToState(FragmentManager.java:1374)
12-02 18:59:23.141 28895 28895 W System.err: 	at androidx.fragment.app.FragmentManager.dispatchStateChange(FragmentManager.java:2841)
12-02 18:59:23.142 28895 28895 W System.err: 	at androidx.fragment.app.FragmentManager.dispatchDestroy(FragmentManager.java:2820)
12-02 18:59:23.142 28895 28895 W System.err: 	at androidx.fragment.app.Fragment.performDestroy(Fragment.java:3246)
12-02 18:59:23.142 28895 28895 W System.err: 	at androidx.fragment.app.FragmentStateManager.destroy(FragmentStateManager.java:780)
12-02 18:59:23.142 28895 28895 W System.err: 	at androidx.fragment.app.FragmentStateManager.moveToExpectedState(FragmentStateManager.java:335)
12-02 18:59:23.142 28895 28895 W System.err: 	at androidx.fragment.app.SpecialEffectsController$FragmentStateManagerOperation.complete(SpecialEffectsController.java:771)
12-02 18:59:23.142 28895 28895 W System.err: 	at androidx.fragment.app.SpecialEffectsController$Operation.cancel(SpecialEffectsController.java:615)
12-02 18:59:23.142 28895 28895 W System.err: 	at androidx.fragment.app.SpecialEffectsController.forceCompleteAllOperations(SpecialEffectsController.java:350)
12-02 18:59:23.142 28895 28895 W System.err: 	at androidx.fragment.app.FragmentManager.dispatchStateChange(FragmentManager.java:2844)
12-02 18:59:23.142 28895 28895 W System.err: 	at androidx.fragment.app.FragmentManager.dispatchDestroy(FragmentManager.java:2820)
12-02 18:59:23.143 28895 28895 W System.err: 	at androidx.fragment.app.FragmentController.dispatchDestroy(FragmentController.java:345)
12-02 18:59:23.143 28895 28895 W System.err: 	at androidx.fragment.app.FragmentActivity.onDestroy(FragmentActivity.java:306)
12-02 18:59:23.143 28895 28895 W System.err: 	at androidx.appcompat.app.AppCompatActivity.onDestroy(AppCompatActivity.java:278)
12-02 18:59:23.143 28895 28895 W System.err: 	at android.app.Activity.performDestroy(Activity.java:8048)
12-02 18:59:23.143 28895 28895 W System.err: 	at android.app.Instrumentation.callActivityOnDestroy(Instrumentation.java:1334)
12-02 18:59:23.143 28895 28895 W System.err: 	at androidx.test.runner.MonitoringInstrumentation.callActivityOnDestroy(MonitoringInstrumentation.java:766)
12-02 18:59:23.143 28895 28895 W System.err: 	at android.app.ActivityThread.performDestroyActivity(ActivityThread.java:4926)
12-02 18:59:23.143 28895 28895 W System.err: 	at android.app.ActivityThread.handleDestroyActivity(ActivityThread.java:4970)
12-02 18:59:23.143 28895 28895 W System.err: 	at android.app.servertransaction.DestroyActivityItem.execute(DestroyActivityItem.java:44)
12-02 18:59:23.143 28895 28895 W System.err: 	at android.app.servertransaction.TransactionExecutor.executeLifecycleState(TransactionExecutor.java:176)
12-02 18:59:23.143 28895 28895 W System.err: 	at android.app.servertransaction.TransactionExecutor.execute(TransactionExecutor.java:97)
12-02 18:59:23.143 28895 28895 W System.err: 	at android.app.ActivityThread$H.handleMessage(ActivityThread.java:2016)
12-02 18:59:23.143 28895 28895 W System.err: 	at android.os.Handler.dispatchMessage(Handler.java:107)
12-02 18:59:23.143 28895 28895 W System.err: 	at android.os.Looper.loop(Looper.java:214)
12-02 18:59:23.143 28895 28895 W System.err: 	at android.app.ActivityThread.main(ActivityThread.java:7356)
12-02 18:59:23.143 28895 28895 W System.err: 	at java.lang.reflect.Method.invoke(Native Method)
12-02 18:59:23.143 28895 28895 W System.err: 	at com.android.internal.os.RuntimeInit$MethodAndArgsCaller.run(RuntimeInit.java:492)
12-02 18:59:23.143 28895 28895 W System.err: 	at com.android.internal.os.ZygoteInit.main(ZygoteInit.java:930)
12-02 18:59:23.150 28895 28895 D LifecycleMonitor: Lifecycle status change: ru.iteco.fmhandroid.ui.AppActivity@8360b52 in: DESTROYED
12-02 18:59:23.224 28895 28939 W ActivityTestRule: getActivityIntent() returned null using default: Intent(Intent.ACTION_MAIN)
12-02 18:59:23.230  2010 20213 I ActivityTaskManager: START u0 {act=android.intent.action.MAIN flg=0x10000000 cmp=ru.iteco.fmhandroid/.ui.AppActivity} from uid 10159
12-02 18:59:23.257  2010  2037 E system_server: Invalid ID 0x00000000.
12-02 18:59:23.282  2010  2132 D ConnectivityService: releasing NetworkRequest [ TRACK_DEFAULT id=229, [ Capabilities: INTERNET&NOT_RESTRICTED&TRUSTED Uid: 10127] ] (release request)
12-02 18:59:23.290  2010  9089 W InputReader: Device has associated, but no associated display id.
12-02 18:59:23.294  2010  9089 I chatty  : uid=1000(system) Binder:2010_1A identical 38 lines
12-02 18:59:23.294  2010  9089 W InputReader: Device has associated, but no associated display id.
12-02 18:59:23.295 28895 28895 W ActivityThread: handleWindowVisibility: no activity for token android.os.BinderProxy@8515843
12-02 18:59:23.297  2010  9089 W InputReader: Device has associated, but no associated display id.
12-02 18:59:23.297  2010  9089 I chatty  : uid=1000(system) Binder:2010_1A identical 8 lines
12-02 18:59:23.297  2010  9089 W InputReader: Device has associated, but no associated display id.
12-02 18:59:23.306  1772  1873 D gralloc_ranchu: gralloc_alloc: Creating ashmem region of size 14749696
12-02 18:59:23.347 28895 28895 D LifecycleMonitor: Lifecycle status change: ru.iteco.fmhandroid.ui.AppActivity@a27359f in: PRE_ON_CREATE
12-02 18:59:23.359 28895 28929 V FA      : onActivityCreated
12-02 18:59:23.389 28895 28895 D LifecycleMonitor: Lifecycle status change: ru.iteco.fmhandroid.ui.AppActivity@a27359f in: CREATED
12-02 18:59:23.436  2010  2037 W InputReader: Device has associated, but no associated display id.
12-02 18:59:23.440  2010  2037 I chatty  : uid=1000(system) android.anim identical 18 lines
12-02 18:59:23.440  2010  2037 W InputReader: Device has associated, but no associated display id.
12-02 18:59:23.447  1772  1873 D gralloc_ranchu: gralloc_alloc: Creating ashmem region of size 9441280
12-02 18:59:23.472 28895 28895 D LifecycleMonitor: Lifecycle status change: ru.iteco.fmhandroid.ui.AppActivity@a27359f in: STARTED
12-02 18:59:23.476  1772  1873 D gralloc_ranchu: gralloc_alloc: Creating ashmem region of size 14749696
12-02 18:59:23.487 28895 28895 D LifecycleMonitor: Lifecycle status change: ru.iteco.fmhandroid.ui.AppActivity@a27359f in: RESUMED
12-02 18:59:23.514 28895 28934 V FA      : Activity resumed, time: 89199920
12-02 18:59:23.515  2169  2501 D EGL_emulation: eglMakeCurrent: 0xdb91a600: ver 2 0 (tinfo 0xdb90f8d0)
12-02 18:59:23.563  1772  1873 D gralloc_ranchu: gralloc_alloc: Creating ashmem region of size 14749696
12-02 18:59:23.576  1772  1873 I chatty  : uid=1000(system) HwBinder:1772_1 identical 1 line
12-02 18:59:23.580  1772  1873 D gralloc_ranchu: gralloc_alloc: Creating ashmem region of size 14749696
12-02 18:59:23.583 28895 28955 D EGL_emulation: eglMakeCurrent: 0xe3a07540: ver 2 0 (tinfo 0xe3a93cb0)
12-02 18:59:23.638   642   672 D EGL_emulation: eglMakeCurrent: 0xeec7fbe0: ver 2 0 (tinfo 0xeec89de0)
12-02 18:59:23.649   642   672 D EGL_emulation: eglMakeCurrent: 0xeec7ef20: ver 2 0 (tinfo 0xeec89de0)
12-02 18:59:23.685  2169  2501 D EGL_emulation: eglMakeCurrent: 0xdb91a600: ver 2 0 (tinfo 0xdb90f8d0)
12-02 18:59:23.685   642   672 D EGL_emulation: eglMakeCurrent: 0xdb91b860: ver 2 0 (tinfo 0xeec89de0)
12-02 18:59:23.697   642   672 D EGL_emulation: eglMakeCurrent: 0xeec7fbe0: ver 2 0 (tinfo 0xeec89de0)
12-02 18:59:23.698  2010  2025 I system_server: NativeAlloc concurrent copying GC freed 84006(4535KB) AllocSpace objects, 12(432KB) LOS objects, 22% free, 20MB/26MB, paused 1.400ms total 466.633ms
12-02 18:59:23.700  2010  2026 W JHwRemoteBinder: BinderProxy is being destroyed but the application did not call unlinkToDeath to unlink all of its death recipients beforehand.  Releasing leaked death recipient: com.android.server.wifi.-$$Lambda$HalDeviceManager$jNAzj5YlVhwJm5NjZ6HiKskQStI
12-02 18:59:23.707   642   672 D EGL_emulation: eglMakeCurrent: 0xdb91b860: ver 2 0 (tinfo 0xeec89de0)
12-02 18:59:23.713  2169  2501 D EGL_emulation: eglMakeCurrent: 0xdb91a600: ver 2 0 (tinfo 0xdb90f8d0)
12-02 18:59:23.717   642   672 D EGL_emulation: eglMakeCurrent: 0xeec7fbe0: ver 2 0 (tinfo 0xeec89de0)
12-02 18:59:23.722   642   672 D EGL_emulation: eglMakeCurrent: 0xdb91b860: ver 2 0 (tinfo 0xeec89de0)
12-02 18:59:23.749  2010  2041 I ActivityTaskManager: Displayed ru.iteco.fmhandroid/.ui.AppActivity: +429ms
12-02 18:59:23.764   543   578 D EGL_emulation: eglMakeCurrent: 0xeec7f2e0: ver 2 0 (tinfo 0xe39facd0)
12-02 18:59:23.764   642   672 D EGL_emulation: eglMakeCurrent: 0xeec7fbe0: ver 2 0 (tinfo 0xeec89de0)
12-02 18:59:23.812 28895 28895 I ViewInteraction: Performing 'wait for a specific view with <(an instance of android.widget.TextView and view.getText() with or without transformation to match: is "Authorization" and view.getParent() view.getParent() view.getId() is <2131231186>)> during 10000 millis.' action on view view.getRootView() to equal view
12-02 18:59:23.852   543   595 I cr_BindingManager: onTrimMemory: level=20, size=1
12-02 18:59:23.884  2881 28946 V FA-SVC  : Logging event: origin=auto,name=screen_view(_vs),params=Bundle[{ga_event_origin(_o)=auto, ga_previous_class(_pc)=AppActivity, ga_previous_id(_pi)=-2112231893253735570, ga_screen_class(_sc)=AppActivity, ga_screen_id(_si)=-2112231893253735569}]
12-02 18:59:23.906  2881 28946 V FA-SVC  : Upload scheduled in approximately ms: 1158406
12-02 18:59:23.906  2881 28946 V FA-SVC  : Unscheduling upload
12-02 18:59:23.914  2881 28946 V FA-SVC  : Scheduling upload, millis: 1158406
12-02 18:59:23.918  2881 28946 V FA-SVC  : Background event processing time, ms: 35
12-02 18:59:23.935  2584 26895 E SQLiteDatabase: Error inserting flex_time=1158000 job_id=-1 period=2317000 source=16 requires_charging=0 preferred_network_type=1 target_class=com.google.android.gms.measurement.PackageMeasurementTaskService user_id=0 target_package=com.google.android.gms tag=Measurement.PackageMeasurementTaskService.UPLOAD_TASK_TAG task_type=0 required_idleness_state=0 service_kind=0 source_version=202414000 persistence_level=1 preferred_charging_state=1 required_network_type=0 runtime=1669996763930 retry_strategy={"maximum_backoff_seconds":{"3600":0},"initial_backoff_seconds":{"30":0},"retry_policy":{"0":0}} last_runtime=0
12-02 18:59:23.935  2584 26895 E SQLiteDatabase: android.database.sqlite.SQLiteConstraintException: UNIQUE constraint failed: pending_ops.tag, pending_ops.target_class, pending_ops.target_package, pending_ops.user_id (code 2067 SQLITE_CONSTRAINT_UNIQUE)
12-02 18:59:23.935  2584 26895 E SQLiteDatabase: 	at android.database.sqlite.SQLiteConnection.nativeExecuteForLastInsertedRowId(Native Method)
12-02 18:59:23.935  2584 26895 E SQLiteDatabase: 	at android.database.sqlite.SQLiteConnection.executeForLastInsertedRowId(SQLiteConnection.java:879)
12-02 18:59:23.935  2584 26895 E SQLiteDatabase: 	at android.database.sqlite.SQLiteSession.executeForLastInsertedRowId(SQLiteSession.java:790)
12-02 18:59:23.935  2584 26895 E SQLiteDatabase: 	at android.database.sqlite.SQLiteStatement.executeInsert(SQLiteStatement.java:88)
12-02 18:59:23.935  2584 26895 E SQLiteDatabase: 	at android.database.sqlite.SQLiteDatabase.insertWithOnConflict(SQLiteDatabase.java:1599)
12-02 18:59:23.935  2584 26895 E SQLiteDatabase: 	at android.database.sqlite.SQLiteDatabase.insert(SQLiteDatabase.java:1468)
12-02 18:59:23.935  2584 26895 E SQLiteDatabase: 	at aqui.a(:com.google.android.gms@202414022@20.24.14 (040700-319035315):175)
12-02 18:59:23.935  2584 26895 E SQLiteDatabase: 	at aqtk.a(:com.google.android.gms@202414022@20.24.14 (040700-319035315):182)
12-02 18:59:23.935  2584 26895 E SQLiteDatabase: 	at aqtk.a(:com.google.android.gms@202414022@20.24.14 (040700-319035315):23)
12-02 18:59:23.935  2584 26895 E SQLiteDatabase: 	at aqtk.a(:com.google.android.gms@202414022@20.24.14 (040700-319035315):177)
12-02 18:59:23.935  2584 26895 E SQLiteDatabase: 	at aqpu.run(:com.google.android.gms@202414022@20.24.14 (040700-319035315):9)
12-02 18:59:23.935  2584 26895 E SQLiteDatabase: 	at soy.b(:com.google.android.gms@202414022@20.24.14 (040700-319035315):12)
12-02 18:59:23.935  2584 26895 E SQLiteDatabase: 	at soy.run(:com.google.android.gms@202414022@20.24.14 (040700-319035315):7)
12-02 18:59:23.935  2584 26895 E SQLiteDatabase: 	at java.util.concurrent.ThreadPoolExecutor.runWorker(ThreadPoolExecutor.java:1167)
12-02 18:59:23.935  2584 26895 E SQLiteDatabase: 	at java.util.concurrent.ThreadPoolExecutor$Worker.run(ThreadPoolExecutor.java:641)
12-02 18:59:23.935  2584 26895 E SQLiteDatabase: 	at sux.run(:com.google.android.gms@202414022@20.24.14 (040700-319035315):0)
12-02 18:59:23.935  2584 26895 E SQLiteDatabase: 	at java.lang.Thread.run(Thread.java:919)
12-02 18:59:23.981  2010  6726 D HostConnection: HostConnection::get() New Host Connection established 0xb4601c80, tid 6726
12-02 18:59:23.981  2010  6726 D HostConnection: HostComposition ext ANDROID_EMU_CHECKSUM_HELPER_v1 ANDROID_EMU_dma_v1 ANDROID_EMU_direct_mem ANDROID_EMU_host_composition_v1 ANDROID_EMU_host_composition_v2 ANDROID_EMU_vulkan ANDROID_EMU_deferred_vulkan_commands ANDROID_EMU_vulkan_null_optional_strings ANDROID_EMU_vulkan_create_resources_with_requirements ANDROID_EMU_YUV_Cache ANDROID_EMU_vulkan_ignored_handles ANDROID_EMU_vulkan_free_memory_sync ANDROID_EMU_vulkan_shader_float16_int8 ANDROID_EMU_vulkan_async_queue_submit ANDROID_EMU_sync_buffer_data GL_OES_vertex_array_object GL_KHR_texture_compression_astc_ldr ANDROID_EMU_host_side_tracing ANDROID_EMU_gles_max_version_2 
12-02 18:59:23.981  2010  6726 W OpenGLRenderer: Failed to choose config with EGL_SWAP_BEHAVIOR_PRESERVED, retrying without...
12-02 18:59:24.008  2010  6726 D EGL_emulation: eglCreateContext: 0xd856c380: maj 2 min 0 rcv 2
12-02 18:59:24.012  2010  6726 D EGL_emulation: eglMakeCurrent: 0xd856c380: ver 2 0 (tinfo 0xbf01f330)
12-02 18:59:26.472 28895 28969 I okhttp.OkHttpClient: --> GET http://www.981757-ca08998.tmweb.ru:8080/fmh/authentication/userInfo
12-02 18:59:26.472 28895 28969 I okhttp.OkHttpClient: --> END GET
12-02 18:59:27.078  2010  2131 E WificondScannerImpl: Timed out waiting for scan result from wificond
12-02 18:59:28.883 28895 28934 V FA      : Inactivity, disconnecting from the service
