12-02 18:59:30.801  2010  2010 W WindowManager: removeWindowToken: Attempted to remove non-existing token: android.os.Binder@2d6c9f2
12-02 18:59:33.847 28895 28895 D takeScreenshot: Found 1 global views to redraw
12-02 18:59:33.861   543   595 I cr_BindingManager: Release moderate connections: 1
12-02 18:59:33.881  1772  1873 D gralloc_ranchu: gralloc_alloc: Creating ashmem region of size 14749696
12-02 18:59:33.949 28895 28939 W DefaultFailureHandler: Failed to take screenshot
12-02 18:59:33.949 28895 28939 W DefaultFailureHandler: java.io.FileNotFoundException: view-op-error-8.png: open failed: EROFS (Read-only file system)
12-02 18:59:33.949 28895 28939 W DefaultFailureHandler: 	at libcore.io.IoBridge.open(IoBridge.java:496)
12-02 18:59:33.949 28895 28939 W DefaultFailureHandler: 	at java.io.FileOutputStream.<init>(FileOutputStream.java:235)
12-02 18:59:33.949 28895 28939 W DefaultFailureHandler: 	at java.io.FileOutputStream.<init>(FileOutputStream.java:125)
12-02 18:59:33.949 28895 28939 W DefaultFailureHandler: 	at androidx.test.platform.io.FileTestStorage.openOutputFile(FileTestStorage.java:60)
12-02 18:59:33.949 28895 28939 W DefaultFailureHandler: 	at androidx.test.core.graphics.BitmapStorage.writeToTestStorage(BitmapStorageExt.kt:49)
12-02 18:59:33.949 28895 28939 W DefaultFailureHandler: 	at androidx.test.espresso.base.DefaultFailureHandler.takeScreenshot(DefaultFailureHandler.java:4)
12-02 18:59:33.949 28895 28939 W DefaultFailureHandler: 	at androidx.test.espresso.base.DefaultFailureHandler.handle(DefaultFailureHandler.java:3)
12-02 18:59:33.949 28895 28939 W DefaultFailureHandler: 	at androidx.test.espresso.ViewInteraction.waitForAndHandleInteractionResults(ViewInteraction.java:8)
12-02 18:59:33.949 28895 28939 W DefaultFailureHandler: 	at androidx.test.espresso.ViewInteraction.desugaredPerform(ViewInteraction.java:11)
12-02 18:59:33.949 28895 28939 W DefaultFailureHandler: 	at androidx.test.espresso.ViewInteraction.perform(ViewInteraction.java:8)
12-02 18:59:33.949 28895 28939 W DefaultFailureHandler: 	at ru.iteco.fmhandroid.ui.data.TestUtils.waitView(TestUtils.java:61)
12-02 18:59:33.949 28895 28939 W DefaultFailureHandler: 	at ru.iteco.fmhandroid.ui.steps.AuthSteps.isAuthScreen(AuthSteps.java:56)
12-02 18:59:33.949 28895 28939 W DefaultFailureHandler: 	at ru.iteco.fmhandroid.ui.ClaimsCreationFormTest.logoutCheck(ClaimsCreationFormTest.java:56)
12-02 18:59:33.949 28895 28939 W DefaultFailureHandler: 	at java.lang.reflect.Method.invoke(Native Method)
12-02 18:59:33.949 28895 28939 W DefaultFailureHandler: 	at org.junit.runners.model.FrameworkMethod$1.runReflectiveCall(FrameworkMethod.java:59)
12-02 18:59:33.949 28895 28939 W DefaultFailureHandler: 	at org.junit.internal.runners.model.ReflectiveCallable.run(ReflectiveCallable.java:12)
12-02 18:59:33.949 28895 28939 W DefaultFailureHandler: 	at org.junit.runners.model.FrameworkMethod.invokeExplosively(FrameworkMethod.java:56)
12-02 18:59:33.949 28895 28939 W DefaultFailureHandler: 	at androidx.test.internal.runner.junit4.statement.RunBefores.evaluate(RunBefores.java:76)
12-02 18:59:33.949 28895 28939 W DefaultFailureHandler: 	at androidx.test.internal.runner.junit4.statement.RunAfters.evaluate(RunAfters.java:61)
12-02 18:59:33.949 28895 28939 W DefaultFailureHandler: 	at androidx.test.rule.ActivityTestRule$ActivityStatement.evaluate(ActivityTestRule.java:543)
12-02 18:59:33.949 28895 28939 W DefaultFailureHandler: 	at io.qameta.allure.android.rules.LogcatRule$apply$1.evaluate(LogcatRule.kt:23)
12-02 18:59:33.949 28895 28939 W DefaultFailureHandler: 	at io.qameta.allure.android.rules.ScreenshotRule$apply$1.evaluate(ScreenshotRule.kt:22)
12-02 18:59:33.949 28895 28939 W DefaultFailureHandler: 	at io.qameta.allure.android.rules.ScreenshotRule$apply$1.evaluate(ScreenshotRule.kt:22)
12-02 18:59:33.949 28895 28939 W DefaultFailureHandler: 	at org.junit.rules.RunRules.evaluate(RunRules.java:20)
12-02 18:59:33.949 28895 28939 W DefaultFailureHandler: 	at org.junit.runners.ParentRunner$3.evaluate(ParentRunner.java:306)
12-02 18:59:33.949 28895 28939 W DefaultFailureHandler: 	at org.junit.runners.BlockJUnit4ClassRunner$1.evaluate(BlockJUnit4ClassRunner.java:100)
12-02 18:59:33.949 28895 28939 W DefaultFailureHandler: 	at org.junit.runners.ParentRunner.runLeaf(ParentRunner.java:366)
12-02 18:59:33.949 28895 28939 W DefaultFailureHandler: 	at org.junit.runners.BlockJUnit4ClassRunner.runChild(BlockJUnit4ClassRunner.java:103)
12-02 18:59:33.949 28895 28939 W DefaultFailureHandler: 	at org.junit.runners.BlockJUnit4ClassRunner.runChild(BlockJUnit4ClassRunner.java:63)
12-02 18:59:33.949 28895 28939 W DefaultFailureHandler: 	at org.junit.runners.ParentRunner$4.run(ParentRunner.java:331)
12-02 18:59:33.949 28895 28939 W DefaultFailureHandler: 	at org.junit.runners.ParentRunner$1.schedule(ParentRunner.java:79)
12-02 18:59:33.949 28895 28939 W DefaultFailureHandler: 	at org.junit.runners.ParentRunner.runChildren(ParentRunner.java:329)
12-02 18:59:33.949 28895 28939 W DefaultFailureHandler: 	at org.junit.runners.ParentRunner.access$100(ParentRunner.java:66)
12-02 18:59:33.949 28895 28939 W DefaultFailureHandler: 	at org.junit.runners.ParentRunner$2.evaluate(ParentRunner.java:293)
12-02 18:59:33.949 28895 28939 W DefaultFailureHandler: 	at org.junit.runners.ParentRunner$3.evaluate(ParentRunner.java:306)
12-02 18:59:33.949 28895 28939 W DefaultFailureHandler: 	at org.junit.runners.ParentRunner.run(ParentRunner.java:413)
12-02 18:59:33.949 28895 28939 W DefaultFailureHandler: 	at androidx.test.ext.junit.runners.AndroidJUnit4.run(AndroidJUnit4.java:162)
12-02 18:59:33.949 28895 28939 W DefaultFailureHandler: 	at io.qameta.allure.android.runners.AllureAndroidJUnit4.run(AllureAndroidJUnitRunners.kt:29)
12-02 18:59:33.949 28895 28939 W DefaultFailureHandler: 	at org.junit.runners.Suite.runChild(Suite.java:128)
12-02 18:59:33.949 28895 28939 W DefaultFailureHandler: 	at org.junit.runners.Suite.runChild(Suite.java:27)
12-02 18:59:33.949 28895 28939 W DefaultFailureHandler: 	at org.junit.runners.ParentRunner$4.run(ParentRunner.java:331)
12-02 18:59:33.949 28895 28939 W DefaultFailureHandler: 	at org.junit.runners.ParentRunner$1.schedule(ParentRunner.java:79)
12-02 18:59:33.949 28895 28939 W DefaultFailureHandler: 	at org.junit.runners.ParentRunner.runChildren(ParentRunner.java:329)
12-02 18:59:33.949 28895 28939 W DefaultFailureHandler: 	at org.junit.runners.ParentRunner.access$100(ParentRunner.java:66)
12-02 18:59:33.949 28895 28939 W DefaultFailureHandler: 	at org.junit.runners.ParentRunner$2.evaluate(ParentRunner.java:293)
12-02 18:59:33.949 28895 28939 W DefaultFailureHandler: 	at org.junit.runners.ParentRunner$3.evaluate(ParentRunner.java:306)
12-02 18:59:33.949 28895 28939 W DefaultFailureHandler: 	at org.junit.runners.ParentRunner.run(ParentRunner.java:413)
12-02 18:59:33.949 28895 28939 W DefaultFailureHandler: 	at org.junit.runner.JUnitCore.run(JUnitCore.java:137)
12-02 18:59:33.949 28895 28939 W DefaultFailureHandler: 	at org.junit.runner.JUnitCore.run(JUnitCore.java:115)
12-02 18:59:33.949 28895 28939 W DefaultFailureHandler: 	at androidx.test.internal.runner.TestExecutor.execute(TestExecutor.java:67)
12-02 18:59:33.949 28895 28939 W DefaultFailureHandler: 	at androidx.test.internal.runner.TestExecutor.execute(TestExecutor.java:58)
12-02 18:59:33.952 28895 28939 W DefaultFailureHandler: 	at androidx.test.runner.AndroidJUnitRunner.onStart(AndroidJUnitRunner.java:438)
12-02 18:59:33.952 28895 28939 W DefaultFailureHandler: 	at android.app.Instrumentation$InstrumentationThread.run(Instrumentation.java:2189)
12-02 18:59:33.952 28895 28939 W DefaultFailureHandler: Caused by: android.system.ErrnoException: open failed: EROFS (Read-only file system)
12-02 18:59:33.952 28895 28939 W DefaultFailureHandler: 	at libcore.io.Linux.open(Native Method)
12-02 18:59:33.952 28895 28939 W DefaultFailureHandler: 	at libcore.io.ForwardingOs.open(ForwardingOs.java:167)
12-02 18:59:33.952 28895 28939 W DefaultFailureHandler: 	at libcore.io.BlockGuardOs.open(BlockGuardOs.java:252)
12-02 18:59:33.952 28895 28939 W DefaultFailureHandler: 	at libcore.io.ForwardingOs.open(ForwardingOs.java:167)
12-02 18:59:33.952 28895 28939 W DefaultFailureHandler: 	at android.app.ActivityThread$AndroidOs.open(ActivityThread.java:7255)
12-02 18:59:33.952 28895 28939 W DefaultFailureHandler: 	at libcore.io.IoBridge.open(IoBridge.java:482)
12-02 18:59:33.952 28895 28939 W DefaultFailureHandler: 	... 52 more
12-02 18:59:33.962 28895 28895 I ViewInteraction: Performing 'wait for a specific view with <view.getId() is <2131230870/ru.iteco.fmhandroid:id/authorization_image_button>> during 10000 millis.' action on view view.getRootView() to equal view
12-02 18:59:36.479 28895 28969 I okhttp.OkHttpClient: <-- HTTP FAILED: java.net.SocketTimeoutException: timeout
12-02 18:59:36.482 28895 28895 W System.err: ru.iteco.fmhandroid.exceptions.UnknownException
12-02 18:59:36.482 28895 28895 W System.err: 	at ru.iteco.fmhandroid.utils.Utils.makeRequest(Utils.kt:123)
12-02 18:59:36.482 28895 28895 W System.err: 	at ru.iteco.fmhandroid.utils.Utils$makeRequest$1.invokeSuspend(Unknown Source:15)
12-02 18:59:36.482 28895 28895 W System.err: 	at kotlin.coroutines.jvm.internal.BaseContinuationImpl.resumeWith(ContinuationImpl.kt:33)
12-02 18:59:36.482 28895 28895 W System.err: 	at kotlinx.coroutines.DispatchedTaskKt.resume(DispatchedTask.kt:234)
12-02 18:59:36.483 28895 28895 W System.err: 	at kotlinx.coroutines.DispatchedTaskKt.resumeUnconfined(DispatchedTask.kt:190)
12-02 18:59:36.483 28895 28895 W System.err: 	at kotlinx.coroutines.DispatchedTaskKt.dispatch(DispatchedTask.kt:161)
12-02 18:59:36.483 28895 28895 W System.err: 	at kotlinx.coroutines.CancellableContinuationImpl.dispatchResume(CancellableContinuationImpl.kt:397)
12-02 18:59:36.483 28895 28895 W System.err: 	at kotlinx.coroutines.CancellableContinuationImpl.cancel(CancellableContinuationImpl.kt:183)
12-02 18:59:36.483 28895 28895 W System.err: 	at kotlinx.coroutines.CancellableContinuationImpl.parentCancelled$kotlinx_coroutines_core(CancellableContinuationImpl.kt:190)
12-02 18:59:36.483 28895 28895 W System.err: 	at kotlinx.coroutines.ChildContinuation.invoke(JobSupport.kt:1474)
12-02 18:59:36.483 28895 28895 W System.err: 	at kotlinx.coroutines.JobSupport.notifyCancelling(JobSupport.kt:1499)
12-02 18:59:36.483 28895 28895 W System.err: 	at kotlinx.coroutines.JobSupport.tryMakeCancelling(JobSupport.kt:795)
12-02 18:59:36.483 28895 28895 W System.err: 	at kotlinx.coroutines.JobSupport.makeCancelling(JobSupport.kt:755)
12-02 18:59:36.483 28895 28895 W System.err: 	at kotlinx.coroutines.JobSupport.cancelImpl$kotlinx_coroutines_core(JobSupport.kt:671)
12-02 18:59:36.483 28895 28895 W System.err: 	at kotlinx.coroutines.JobSupport.parentCancelled(JobSupport.kt:637)
12-02 18:59:36.484 28895 28895 W System.err: 	at kotlinx.coroutines.ChildHandleNode.invoke(JobSupport.kt:1465)
12-02 18:59:36.484 28895 28895 W System.err: 	at kotlinx.coroutines.JobSupport.notifyCancelling(JobSupport.kt:1499)
12-02 18:59:36.484 28895 28895 W System.err: 	at kotlinx.coroutines.JobSupport.tryMakeCompletingSlowPath(JobSupport.kt:900)
12-02 18:59:36.484 28895 28895 W System.err: 	at kotlinx.coroutines.JobSupport.tryMakeCompleting(JobSupport.kt:863)
12-02 18:59:36.484 28895 28895 W System.err: 	at kotlinx.coroutines.JobSupport.cancelMakeCompleting(JobSupport.kt:696)
12-02 18:59:36.484 28895 28895 W System.err: 	at kotlinx.coroutines.JobSupport.cancelImpl$kotlinx_coroutines_core(JobSupport.kt:667)
12-02 18:59:36.484 28895 28895 W System.err: 	at kotlinx.coroutines.JobSupport.cancelInternal(JobSupport.kt:632)
12-02 18:59:36.484 28895 28895 W System.err: 	at kotlinx.coroutines.JobSupport.cancel(JobSupport.kt:617)
12-02 18:59:36.484 28895 28895 W System.err: 	at kotlinx.coroutines.JobKt__JobKt.cancel(Job.kt:561)
12-02 18:59:36.484 28895 28895 W System.err: 	at kotlinx.coroutines.JobKt.cancel(Unknown Source:1)
12-02 18:59:36.484 28895 28895 W System.err: 	at kotlinx.coroutines.JobKt__JobKt.cancel$default(Job.kt:560)
12-02 18:59:36.485 28895 28895 W System.err: 	at kotlinx.coroutines.JobKt.cancel$default(Unknown Source:1)
12-02 18:59:36.485 28895 28895 W System.err: 	at androidx.lifecycle.CloseableCoroutineScope.close(ViewModel.kt:51)
12-02 18:59:36.485 28895 28895 W System.err: 	at androidx.lifecycle.ViewModel.closeWithRuntimeException(ViewModel.java:188)
12-02 18:59:36.485 28895 28895 W System.err: 	at androidx.lifecycle.ViewModel.clear(ViewModel.java:134)
12-02 18:59:36.485 28895 28895 W System.err: 	at androidx.lifecycle.ViewModelStore.clear(ViewModelStore.java:62)
12-02 18:59:36.485 28895 28895 W System.err: 	at androidx.fragment.app.FragmentManagerViewModel.clearNonConfigStateInternal(FragmentManagerViewModel.java:210)
12-02 18:59:36.485 28895 28895 W System.err: 	at androidx.fragment.app.FragmentManagerViewModel.clearNonConfigState(FragmentManagerViewModel.java:190)
12-02 18:59:36.485 28895 28895 W System.err: 	at androidx.fragment.app.FragmentStateManager.destroy(FragmentStateManager.java:778)
12-02 18:59:36.485 28895 28895 W System.err: 	at androidx.fragment.app.FragmentStateManager.moveToExpectedState(FragmentStateManager.java:335)
12-02 18:59:36.486 28895 28895 W System.err: 	at androidx.fragment.app.FragmentStore.moveToExpectedState(FragmentStore.java:121)
12-02 18:59:36.486 28895 28895 W System.err: 	at androidx.fragment.app.FragmentManager.moveToState(FragmentManager.java:1374)
12-02 18:59:36.486 28895 28895 W System.err: 	at androidx.fragment.app.FragmentManager.dispatchStateChange(FragmentManager.java:2841)
12-02 18:59:36.486 28895 28895 W System.err: 	at androidx.fragment.app.FragmentManager.dispatchDestroy(FragmentManager.java:2820)
12-02 18:59:36.486 28895 28895 W System.err: 	at androidx.fragment.app.Fragment.performDestroy(Fragment.java:3246)
12-02 18:59:36.486 28895 28895 W System.err: 	at androidx.fragment.app.FragmentStateManager.destroy(FragmentStateManager.java:780)
12-02 18:59:36.486 28895 28895 W System.err: 	at androidx.fragment.app.FragmentStateManager.moveToExpectedState(FragmentStateManager.java:335)
12-02 18:59:36.486 28895 28895 W System.err: 	at androidx.fragment.app.SpecialEffectsController$FragmentStateManagerOperation.complete(SpecialEffectsController.java:771)
12-02 18:59:36.486 28895 28895 W System.err: 	at androidx.fragment.app.SpecialEffectsController$Operation.cancel(SpecialEffectsController.java:615)
12-02 18:59:36.486 28895 28895 W System.err: 	at androidx.fragment.app.SpecialEffectsController.forceCompleteAllOperations(SpecialEffectsController.java:350)
12-02 18:59:36.487 28895 28895 W System.err: 	at androidx.fragment.app.FragmentManager.dispatchStateChange(FragmentManager.java:2844)
12-02 18:59:36.487 28895 28895 W System.err: 	at androidx.fragment.app.FragmentManager.dispatchDestroy(FragmentManager.java:2820)
12-02 18:59:36.487 28895 28895 W System.err: 	at androidx.fragment.app.FragmentController.dispatchDestroy(FragmentController.java:345)
12-02 18:59:36.487 28895 28895 W System.err: 	at androidx.fragment.app.FragmentActivity.onDestroy(FragmentActivity.java:306)
12-02 18:59:36.487 28895 28895 W System.err: 	at androidx.appcompat.app.AppCompatActivity.onDestroy(AppCompatActivity.java:278)
12-02 18:59:36.487 28895 28895 W System.err: 	at android.app.Activity.performDestroy(Activity.java:8048)
12-02 18:59:36.487 28895 28895 W System.err: 	at android.app.Instrumentation.callActivityOnDestroy(Instrumentation.java:1334)
12-02 18:59:36.487 28895 28895 W System.err: 	at androidx.test.runner.MonitoringInstrumentation.callActivityOnDestroy(MonitoringInstrumentation.java:766)
12-02 18:59:36.487 28895 28895 W System.err: 	at android.app.ActivityThread.performDestroyActivity(ActivityThread.java:4926)
12-02 18:59:36.487 28895 28895 W System.err: 	at android.app.ActivityThread.handleDestroyActivity(ActivityThread.java:4970)
12-02 18:59:36.487 28895 28895 W System.err: 	at android.app.servertransaction.DestroyActivityItem.execute(DestroyActivityItem.java:44)
12-02 18:59:36.488 28895 28895 W System.err: 	at android.app.servertransaction.TransactionExecutor.executeLifecycleState(TransactionExecutor.java:176)
12-02 18:59:36.488 28895 28895 W System.err: 	at android.app.servertransaction.TransactionExecutor.execute(TransactionExecutor.java:97)
12-02 18:59:36.488 28895 28895 W System.err: 	at android.app.ActivityThread$H.handleMessage(ActivityThread.java:2016)
12-02 18:59:36.488 28895 28895 W System.err: 	at android.os.Handler.dispatchMessage(Handler.java:107)
12-02 18:59:36.488 28895 28895 W System.err: 	at android.os.Looper.loop(Looper.java:214)
12-02 18:59:36.488 28895 28895 W System.err: 	at android.app.ActivityThread.main(ActivityThread.java:7356)
12-02 18:59:36.488 28895 28895 W System.err: 	at java.lang.reflect.Method.invoke(Native Method)
12-02 18:59:36.488 28895 28895 W System.err: 	at com.android.internal.os.RuntimeInit$MethodAndArgsCaller.run(RuntimeInit.java:492)
12-02 18:59:36.488 28895 28895 W System.err: 	at com.android.internal.os.ZygoteInit.main(ZygoteInit.java:930)
12-02 18:59:37.080  1897  1897 E wifi_forwarder: RemoteConnection failed to initialize: RemoteConnection failed to open pipe
12-02 18:59:42.409  3620  3641 I e.process.gapp: Background young concurrent copying GC freed 24286(992KB) AllocSpace objects, 0(0B) LOS objects, 38% free, 1801KB/2922KB, paused 1.190ms total 187.345ms
12-02 18:59:43.067  2010  5522 D WificondControl: Scan result ready event
12-02 18:59:43.977 28895 28895 D takeScreenshot: Found 1 global views to redraw
12-02 18:59:44.013  1772  1873 D gralloc_ranchu: gralloc_alloc: Creating ashmem region of size 14749696
12-02 18:59:44.067 28895 28939 W DefaultFailureHandler: Failed to take screenshot
12-02 18:59:44.067 28895 28939 W DefaultFailureHandler: java.io.FileNotFoundException: view-op-error-9.png: open failed: EROFS (Read-only file system)
12-02 18:59:44.067 28895 28939 W DefaultFailureHandler: 	at libcore.io.IoBridge.open(IoBridge.java:496)
12-02 18:59:44.067 28895 28939 W DefaultFailureHandler: 	at java.io.FileOutputStream.<init>(FileOutputStream.java:235)
12-02 18:59:44.067 28895 28939 W DefaultFailureHandler: 	at java.io.FileOutputStream.<init>(FileOutputStream.java:125)
12-02 18:59:44.067 28895 28939 W DefaultFailureHandler: 	at androidx.test.platform.io.FileTestStorage.openOutputFile(FileTestStorage.java:60)
12-02 18:59:44.067 28895 28939 W DefaultFailureHandler: 	at androidx.test.core.graphics.BitmapStorage.writeToTestStorage(BitmapStorageExt.kt:49)
12-02 18:59:44.067 28895 28939 W DefaultFailureHandler: 	at androidx.test.espresso.base.DefaultFailureHandler.takeScreenshot(DefaultFailureHandler.java:4)
12-02 18:59:44.067 28895 28939 W DefaultFailureHandler: 	at androidx.test.espresso.base.DefaultFailureHandler.handle(DefaultFailureHandler.java:3)
12-02 18:59:44.067 28895 28939 W DefaultFailureHandler: 	at androidx.test.espresso.ViewInteraction.waitForAndHandleInteractionResults(ViewInteraction.java:8)
12-02 18:59:44.067 28895 28939 W DefaultFailureHandler: 	at androidx.test.espresso.ViewInteraction.desugaredPerform(ViewInteraction.java:11)
12-02 18:59:44.067 28895 28939 W DefaultFailureHandler: 	at androidx.test.espresso.ViewInteraction.perform(ViewInteraction.java:8)
12-02 18:59:44.067 28895 28939 W DefaultFailureHandler: 	at ru.iteco.fmhandroid.ui.data.TestUtils.waitView(TestUtils.java:61)
12-02 18:59:44.067 28895 28939 W DefaultFailureHandler: 	at ru.iteco.fmhandroid.ui.steps.MainPageSteps.clickLogOutBut(MainPageSteps.java:55)
12-02 18:59:44.067 28895 28939 W DefaultFailureHandler: 	at ru.iteco.fmhandroid.ui.ClaimsCreationFormTest.logoutCheck(ClaimsCreationFormTest.java:58)
12-02 18:59:44.067 28895 28939 W DefaultFailureHandler: 	at java.lang.reflect.Method.invoke(Native Method)
12-02 18:59:44.067 28895 28939 W DefaultFailureHandler: 	at org.junit.runners.model.FrameworkMethod$1.runReflectiveCall(FrameworkMethod.java:59)
12-02 18:59:44.067 28895 28939 W DefaultFailureHandler: 	at org.junit.internal.runners.model.ReflectiveCallable.run(ReflectiveCallable.java:12)
12-02 18:59:44.067 28895 28939 W DefaultFailureHandler: 	at org.junit.runners.model.FrameworkMethod.invokeExplosively(FrameworkMethod.java:56)
12-02 18:59:44.067 28895 28939 W DefaultFailureHandler: 	at androidx.test.internal.runner.junit4.statement.RunBefores.evaluate(RunBefores.java:76)
12-02 18:59:44.067 28895 28939 W DefaultFailureHandler: 	at androidx.test.internal.runner.junit4.statement.RunAfters.evaluate(RunAfters.java:61)
12-02 18:59:44.067 28895 28939 W DefaultFailureHandler: 	at androidx.test.rule.ActivityTestRule$ActivityStatement.evaluate(ActivityTestRule.java:543)
12-02 18:59:44.067 28895 28939 W DefaultFailureHandler: 	at io.qameta.allure.android.rules.LogcatRule$apply$1.evaluate(LogcatRule.kt:23)
12-02 18:59:44.067 28895 28939 W DefaultFailureHandler: 	at io.qameta.allure.android.rules.ScreenshotRule$apply$1.evaluate(ScreenshotRule.kt:22)
12-02 18:59:44.067 28895 28939 W DefaultFailureHandler: 	at io.qameta.allure.android.rules.ScreenshotRule$apply$1.evaluate(ScreenshotRule.kt:22)
12-02 18:59:44.067 28895 28939 W DefaultFailureHandler: 	at org.junit.rules.RunRules.evaluate(RunRules.java:20)
12-02 18:59:44.067 28895 28939 W DefaultFailureHandler: 	at org.junit.runners.ParentRunner$3.evaluate(ParentRunner.java:306)
12-02 18:59:44.067 28895 28939 W DefaultFailureHandler: 	at org.junit.runners.BlockJUnit4ClassRunner$1.evaluate(BlockJUnit4ClassRunner.java:100)
12-02 18:59:44.067 28895 28939 W DefaultFailureHandler: 	at org.junit.runners.ParentRunner.runLeaf(ParentRunner.java:366)
12-02 18:59:44.067 28895 28939 W DefaultFailureHandler: 	at org.junit.runners.BlockJUnit4ClassRunner.runChild(BlockJUnit4ClassRunner.java:103)
12-02 18:59:44.067 28895 28939 W DefaultFailureHandler: 	at org.junit.runners.BlockJUnit4ClassRunner.runChild(BlockJUnit4ClassRunner.java:63)
12-02 18:59:44.067 28895 28939 W DefaultFailureHandler: 	at org.junit.runners.ParentRunner$4.run(ParentRunner.java:331)
12-02 18:59:44.067 28895 28939 W DefaultFailureHandler: 	at org.junit.runners.ParentRunner$1.schedule(ParentRunner.java:79)
12-02 18:59:44.067 28895 28939 W DefaultFailureHandler: 	at org.junit.runners.ParentRunner.runChildren(ParentRunner.java:329)
12-02 18:59:44.067 28895 28939 W DefaultFailureHandler: 	at org.junit.runners.ParentRunner.access$100(ParentRunner.java:66)
12-02 18:59:44.067 28895 28939 W DefaultFailureHandler: 	at org.junit.runners.ParentRunner$2.evaluate(ParentRunner.java:293)
12-02 18:59:44.067 28895 28939 W DefaultFailureHandler: 	at org.junit.runners.ParentRunner$3.evaluate(ParentRunner.java:306)
12-02 18:59:44.067 28895 28939 W DefaultFailureHandler: 	at org.junit.runners.ParentRunner.run(ParentRunner.java:413)
12-02 18:59:44.067 28895 28939 W DefaultFailureHandler: 	at androidx.test.ext.junit.runners.AndroidJUnit4.run(AndroidJUnit4.java:162)
12-02 18:59:44.067 28895 28939 W DefaultFailureHandler: 	at io.qameta.allure.android.runners.AllureAndroidJUnit4.run(AllureAndroidJUnitRunners.kt:29)
12-02 18:59:44.067 28895 28939 W DefaultFailureHandler: 	at org.junit.runners.Suite.runChild(Suite.java:128)
12-02 18:59:44.067 28895 28939 W DefaultFailureHandler: 	at org.junit.runners.Suite.runChild(Suite.java:27)
12-02 18:59:44.067 28895 28939 W DefaultFailureHandler: 	at org.junit.runners.ParentRunner$4.run(ParentRunner.java:331)
12-02 18:59:44.067 28895 28939 W DefaultFailureHandler: 	at org.junit.runners.ParentRunner$1.schedule(ParentRunner.java:79)
12-02 18:59:44.067 28895 28939 W DefaultFailureHandler: 	at org.junit.runners.ParentRunner.runChildren(ParentRunner.java:329)
12-02 18:59:44.067 28895 28939 W DefaultFailureHandler: 	at org.junit.runners.ParentRunner.access$100(ParentRunner.java:66)
12-02 18:59:44.067 28895 28939 W DefaultFailureHandler: 	at org.junit.runners.ParentRunner$2.evaluate(ParentRunner.java:293)
12-02 18:59:44.067 28895 28939 W DefaultFailureHandler: 	at org.junit.runners.ParentRunner$3.evaluate(ParentRunner.java:306)
12-02 18:59:44.067 28895 28939 W DefaultFailureHandler: 	at org.junit.runners.ParentRunner.run(ParentRunner.java:413)
12-02 18:59:44.067 28895 28939 W DefaultFailureHandler: 	at org.junit.runner.JUnitCore.run(JUnitCore.java:137)
12-02 18:59:44.067 28895 28939 W DefaultFailureHandler: 	at org.junit.runner.JUnitCore.run(JUnitCore.java:115)
12-02 18:59:44.067 28895 28939 W DefaultFailureHandler: 	at androidx.test.internal.runner.TestExecutor.execute(TestExecutor.java:67)
12-02 18:59:44.067 28895 28939 W DefaultFailureHandler: 	at androidx.test.internal.runner.TestExecutor.execute(TestExecutor.java:58)
12-02 18:59:44.067 28895 28939 W DefaultFailureHandler: 	at androidx.test.runner.AndroidJUnitRunner.onStart(AndroidJUnitRunner.java:438)
12-02 18:59:44.067 28895 28939 W DefaultFailureHandler: 	at android.app.Instrumentation$InstrumentationThread.run(Instrumentation.java:2189)
12-02 18:59:44.067 28895 28939 W DefaultFailureHandler: Caused by: android.system.ErrnoException: open failed: EROFS (Read-only file system)
12-02 18:59:44.067 28895 28939 W DefaultFailureHandler: 	at libcore.io.Linux.open(Native Method)
12-02 18:59:44.067 28895 28939 W DefaultFailureHandler: 	at libcore.io.ForwardingOs.open(ForwardingOs.java:167)
12-02 18:59:44.067 28895 28939 W DefaultFailureHandler: 	at libcore.io.BlockGuardOs.open(BlockGuardOs.java:252)
12-02 18:59:44.067 28895 28939 W DefaultFailureHandler: 	at libcore.io.ForwardingOs.open(ForwardingOs.java:167)
12-02 18:59:44.067 28895 28939 W DefaultFailureHandler: 	at android.app.ActivityThread$AndroidOs.open(ActivityThread.java:7255)
12-02 18:59:44.067 28895 28939 W DefaultFailureHandler: 	at libcore.io.IoBridge.open(IoBridge.java:482)
12-02 18:59:44.067 28895 28939 W DefaultFailureHandler: 	... 52 more
12-02 18:59:44.083  2169  2169 D StatusBar: disable<e i a s b h r c s > disable2<q i n >
12-02 18:59:44.117  2169  2501 D EGL_emulation: eglMakeCurrent: 0xdb91a600: ver 2 0 (tinfo 0xdb90f8d0)
12-02 18:59:44.127  1772  1873 D gralloc_ranchu: gralloc_alloc: Creating ashmem region of size 14749696
12-02 18:59:44.137  2169  2501 D EGL_emulation: eglMakeCurrent: 0xdb91a600: ver 2 0 (tinfo 0xdb90f8d0)
12-02 18:59:44.195  1772  1873 D gralloc_ranchu: gralloc_alloc: Creating ashmem region of size 14749696
12-02 18:59:44.225  2169  2169 D StatusBar: disable<e i a s b h r c s > disable2<q i n >
12-02 18:59:44.268  1772  1873 D gralloc_ranchu: gralloc_alloc: Creating ashmem region of size 14749696
12-02 18:59:45.131 28895 28939 I QueryController: Matched selector: UiSelector[DESCRIPTION=Airplane mode] <<==>> [android.view.accessibility.AccessibilityNodeInfo@6e5d2; boundsInParent: Rect(0, 0 - 393, 371); boundsInScreen: Rect(978, 1022 - 1371, 1393); packageName: com.android.systemui; className: android.widget.Switch; text: Off; error: null; maxTextLength: -1; contentDescription: Airplane mode; tooltipText: null; viewIdResName: null; checkable: true; checked: false; focusable: true; focused: false; selected: false; clickable: true; longClickable: true; contextClickable: false; enabled: true; password: false; scrollable: false; importantForAccessibility: true; visible: true; actions: [AccessibilityAction: ACTION_FOCUS - null, AccessibilityAction: ACTION_SELECT - null, AccessibilityAction: ACTION_CLEAR_SELECTION - null, AccessibilityAction: ACTION_CLICK - null, AccessibilityAction: ACTION_ACCESSIBILITY_FOCUS - null, AccessibilityAction: ACTION_NEXT_AT_MOVEMENT_GRANULARITY - null, AccessibilityAction: ACTION_PREVIOUS_AT_MOVEMENT_GRANULARITY - null, AccessibilityAction: ACTION_SET_SELECTION - null, AccessibilityAction: ACTION_SHOW_ON_SCREEN - null, AccessibilityAction: ACTION_LONG_CLICK - Open settings]]
12-02 18:59:45.150  2010  2034 D AutofillManagerService: onBackKeyPressed()
12-02 18:59:45.801  2169  2169 V StatusBar: mStatusBarWindow: com.android.systemui.statusbar.phone.StatusBarWindowView{7aeee74 V.E...... ........ 0,0-1440,2560} canPanelBeCollapsed(): true
12-02 18:59:45.808  2169  2169 D StatusBar: disable<e i a s b h r c s > disable2<q i n >
12-02 18:59:45.831  2010  9089 W InputReader: Device has associated, but no associated display id.
12-02 18:59:45.831  2010  9089 I chatty  : uid=1000(system) Binder:2010_1A identical 8 lines
12-02 18:59:45.831  2010  9089 W InputReader: Device has associated, but no associated display id.
12-02 18:59:45.858 28895 28895 D LifecycleMonitor: Lifecycle status change: ru.iteco.fmhandroid.ui.AppActivity@a27359f in: PAUSED
12-02 18:59:45.861  2010  2029 W InputReader: Device has associated, but no associated display id.
12-02 18:59:45.867  2010  2029 I chatty  : uid=1000(system) Binder:2010_1 identical 28 lines
12-02 18:59:45.867  2010  2029 W InputReader: Device has associated, but no associated display id.
12-02 18:59:45.878 28895 28934 V FA      : Recording user engagement, ms: 22342
12-02 18:59:45.880  2169  2169 D StatusBar: disable<e i a s b h r c s > disable2<q i n >
