12-08 06:38:01.772 13607 13607 I ViewInteraction: Performing 'replace text( a66375d1-c3cc-4d37-9fa8-55b7b1271486)' action on view (view.getId() is <2131231402/ru.iteco.fmhandroid:id/title_edit_text> and view.getParent() view.getParent() view.getId() is <2131231406/ru.iteco.fmhandroid:id/title_text_input_layout>)
12-08 06:38:02.406  2018  2050 D AutofillManagerService: Close system dialogs
12-08 06:38:02.414  2170  2170 V StatusBar: mStatusBarWindow: com.android.systemui.statusbar.phone.StatusBarWindowView{4752fa5 V.E...... ........ 0,0-1080,66} canPanelBeCollapsed(): false
12-08 06:38:02.416  2018  2051 I ActivityTaskManager: START u0 {act=android.intent.action.MAIN cat=[android.intent.category.HOME] flg=0x10000100 cmp=com.google.android.apps.nexuslauncher/.NexusLauncherActivity (has extras)} from uid 0
12-08 06:38:02.479  2018  2051 W InputReader: Device has associated, but no associated display id.
12-08 06:38:02.481  2018  2051 I chatty  : uid=1000(system) android.ui identical 18 lines
12-08 06:38:02.481  2018  2051 W InputReader: Device has associated, but no associated display id.
12-08 06:38:02.503 13607 13607 D LifecycleMonitor: Lifecycle status change: ru.iteco.fmhandroid.ui.AppActivity@ec628e5 in: PAUSED
12-08 06:38:02.504 13607 13607 V ActivityScenario: Update currentActivityStage to PAUSED, currentActivity=ru.iteco.fmhandroid.ui.AppActivity@ec628e5
12-08 06:38:02.515  1776  1776 D gralloc_ranchu: gralloc_alloc: Creating ashmem region of size 10108928
12-08 06:38:02.534  1776  1776 I chatty  : uid=1000(system) allocator@2.0-s identical 1 line
12-08 06:38:02.539  1776  1776 D gralloc_ranchu: gralloc_alloc: Creating ashmem region of size 10108928
12-08 06:38:02.551  2962  3510 D EGL_emulation: eglMakeCurrent: 0xe597e200: ver 2 0 (tinfo 0xbffb2540)
12-08 06:38:02.553 13607 13644 V FA      : Recording user engagement, ms: 14539
12-08 06:38:02.602  1776  1776 D gralloc_ranchu: gralloc_alloc: Creating ashmem region of size 10108928
12-08 06:38:02.611 13607 13644 V FA      : Connecting to remote service
12-08 06:38:02.615  1776  1776 D gralloc_ranchu: gralloc_alloc: Creating ashmem region of size 10108928
12-08 06:38:02.635  1776  1776 D gralloc_ranchu: gralloc_alloc: Creating ashmem region of size 10108928
12-08 06:38:02.648 12448 12488 D EGL_emulation: eglMakeCurrent: 0xe594d140: ver 2 0 (tinfo 0xc539bd10)
12-08 06:38:02.662  2962  3348 W SessionLifecycleManager: Handover failed. Creating new session controller.
12-08 06:38:02.667 13607 13644 V FA      : Connection attempt already in progress
12-08 06:38:02.668 13607 13644 V FA      : Activity paused, time: 62258252
12-08 06:38:02.692  2018  2054 W InputReader: Device has associated, but no associated display id.
12-08 06:38:02.693  2018  2054 I chatty  : uid=1000(system) android.anim identical 8 lines
12-08 06:38:02.693  2018  2054 W InputReader: Device has associated, but no associated display id.
12-08 06:38:02.697 13607 13644 D FA      : Connected to remote service
12-08 06:38:02.698  1776  1776 D gralloc_ranchu: gralloc_alloc: Creating ashmem region of size 6471680
12-08 06:38:02.713  2170  2566 D EGL_emulation: eglMakeCurrent: 0xe594e040: ver 2 0 (tinfo 0xc52450c0)
12-08 06:38:02.713 13607 13644 V FA      : Processing queued up service tasks: 2
12-08 06:38:02.718  2018  2018 W ActivityManager: Unable to start service Intent { act=android.service.appprediction.AppPredictionService cmp=com.google.android.as/com.google.android.apps.miphone.aiai.app.AiAiPredictionService } U=0: not found
12-08 06:38:02.718  2018  2018 W RemoteAppPredictionService: could not bind to Intent { act=android.service.appprediction.AppPredictionService cmp=com.google.android.as/com.google.android.apps.miphone.aiai.app.AiAiPredictionService } using flags 67108865
12-08 06:38:02.758  1793  1793 E Layer   : [Surface(name=AppWindowToken{a75f49c token=Token{1485c0f ActivityRecord{35cbd6e u0 ru.iteco.fmhandroid/.ui.AppActivity t365}}})/@0xf2f61d2 - animation-leash#0] No local sync point found
12-08 06:38:02.758  1793  1793 E Layer   : [Surface(name=AppWindowToken{8dcd2e token=Token{a00d3a9 ActivityRecord{4384b30 u0 com.google.android.apps.nexuslauncher/.NexusLauncherActivity t105}}})/@0x3848044 - animation-leash#0] No local sync point found
12-08 06:38:02.766 13607 13699 D EGL_emulation: eglMakeCurrent: 0xe593e8c0: ver 2 0 (tinfo 0xf0c99e70)
12-08 06:38:02.791 12448 12468 W System  : A resource failed to call release. 
12-08 06:38:02.791 12448 12468 W System  : A resource failed to call release. 
12-08 06:38:02.801  2018  7392 D HostConnection: HostConnection::get() New Host Connection established 0xb22b1870, tid 7392
12-08 06:38:02.808  2962 13730 W LocationOracle: No location history returned by ContextManager
12-08 06:38:02.817 13607 13607 D LifecycleMonitor: Lifecycle status change: ru.iteco.fmhandroid.ui.AppActivity@ec628e5 in: STOPPED
12-08 06:38:02.817 13607 13607 V ActivityScenario: Update currentActivityStage to STOPPED, currentActivity=ru.iteco.fmhandroid.ui.AppActivity@ec628e5
12-08 06:38:02.823  2873 13654 V FA-SVC  : Logging event: origin=auto,name=user_engagement(_e),params=Bundle[{ga_event_origin(_o)=auto, engagement_time_msec(_et)=14539, ga_screen_class(_sc)=AppActivity, ga_screen_id(_si)=-527999674539728465}]
12-08 06:38:02.862  2170  2186 I ndroid.systemu: NativeAlloc concurrent copying GC freed 6330(402KB) AllocSpace objects, 0(0B) LOS objects, 49% free, 5511KB/10MB, paused 2.427ms total 124.461ms
12-08 06:38:02.881  2962  3348 I MicroDetectionWorker: #startMicroDetector [speakerMode: 0]
12-08 06:38:02.882  2962  3348 W ErrorReporter: reportError [type: 211, code: 393244, bug: 0]: errorCode: 393244, engine: 0
12-08 06:38:02.884  2962  3348 I MicroDetector: Keeping mic open: false
12-08 06:38:02.884  2962  3348 I MicroDetectionWorker: #onError(false)
12-08 06:38:02.887  2018  7392 D HostConnection: HostComposition ext ANDROID_EMU_CHECKSUM_HELPER_v1 ANDROID_EMU_dma_v1 ANDROID_EMU_direct_mem ANDROID_EMU_host_composition_v1 ANDROID_EMU_host_composition_v2 ANDROID_EMU_vulkan ANDROID_EMU_deferred_vulkan_commands ANDROID_EMU_vulkan_null_optional_strings ANDROID_EMU_vulkan_create_resources_with_requirements ANDROID_EMU_YUV_Cache ANDROID_EMU_vulkan_ignored_handles ANDROID_EMU_vulkan_free_memory_sync ANDROID_EMU_vulkan_shader_float16_int8 ANDROID_EMU_vulkan_async_queue_submit ANDROID_EMU_sync_buffer_data GL_OES_vertex_array_object GL_KHR_texture_compression_astc_ldr ANDROID_EMU_host_side_tracing ANDROID_EMU_gles_max_version_2 
12-08 06:38:02.889  2018  7392 W OpenGLRenderer: Failed to choose config with EGL_SWAP_BEHAVIOR_PRESERVED, retrying without...
12-08 06:38:02.893  2656  3542 W GCoreFlp: No location to return for getLastLocation()
12-08 06:38:02.933  2873 13654 V FA-SVC  : Upload scheduled in approximately ms: 3214696
12-08 06:38:02.933  2873 13654 V FA-SVC  : Unscheduling upload
12-08 06:38:02.940  2873 13654 V FA-SVC  : Scheduling upload, millis: 3214696
12-08 06:38:02.944  2018  7392 D EGL_emulation: eglCreateContext: 0xb2357760: maj 2 min 0 rcv 2
12-08 06:38:02.953  2873 13654 V FA-SVC  : Background event processing time, ms: 130
12-08 06:38:02.954  2018  7392 D EGL_emulation: eglMakeCurrent: 0xb2357760: ver 2 0 (tinfo 0xc0d1c860)
12-08 06:38:02.994  2656 14159 W ctxmgr  : [AclManager] No 3 for (accnt=account#-517948760#, com.google.android.gms(10112):UserVelocityProducer, vrsn=202414022, 0, 3pPkg = null ,  3pMdlId = null ,  pid = 2656). Was: 3 for 1, account#-517948760# [CONTEXT service_id=47 ]
12-08 06:38:03.028  2656 14200 I LogUtils: [Places]: ?: Couldn't find platform key file. [CONTEXT service_id=253 ]
12-08 06:38:03.053  2656  3542 W GCoreFlp: No location to return for getLastLocation()
12-08 06:38:03.098  2656 14231 E SQLiteDatabase: Error inserting flex_time=3214000 job_id=-1 period=6430000 source=16 requires_charging=0 preferred_network_type=1 target_class=com.google.android.gms.measurement.PackageMeasurementTaskService user_id=0 target_package=com.google.android.gms tag=Measurement.PackageMeasurementTaskService.UPLOAD_TASK_TAG task_type=0 required_idleness_state=0 service_kind=0 source_version=202414000 persistence_level=1 preferred_charging_state=1 required_network_type=0 runtime=1670499482984 retry_strategy={"maximum_backoff_seconds":{"3600":0},"initial_backoff_seconds":{"30":0},"retry_policy":{"0":0}} last_runtime=0
12-08 06:38:03.098  2656 14231 E SQLiteDatabase: android.database.sqlite.SQLiteConstraintException: UNIQUE constraint failed: pending_ops.tag, pending_ops.target_class, pending_ops.target_package, pending_ops.user_id (code 2067 SQLITE_CONSTRAINT_UNIQUE)
12-08 06:38:03.098  2656 14231 E SQLiteDatabase: 	at android.database.sqlite.SQLiteConnection.nativeExecuteForLastInsertedRowId(Native Method)
12-08 06:38:03.098  2656 14231 E SQLiteDatabase: 	at android.database.sqlite.SQLiteConnection.executeForLastInsertedRowId(SQLiteConnection.java:879)
12-08 06:38:03.098  2656 14231 E SQLiteDatabase: 	at android.database.sqlite.SQLiteSession.executeForLastInsertedRowId(SQLiteSession.java:790)
12-08 06:38:03.098  2656 14231 E SQLiteDatabase: 	at android.database.sqlite.SQLiteStatement.executeInsert(SQLiteStatement.java:88)
12-08 06:38:03.098  2656 14231 E SQLiteDatabase: 	at android.database.sqlite.SQLiteDatabase.insertWithOnConflict(SQLiteDatabase.java:1599)
12-08 06:38:03.098  2656 14231 E SQLiteDatabase: 	at android.database.sqlite.SQLiteDatabase.insert(SQLiteDatabase.java:1468)
12-08 06:38:03.098  2656 14231 E SQLiteDatabase: 	at aqui.a(:com.google.android.gms@202414022@20.24.14 (040700-319035315):175)
12-08 06:38:03.098  2656 14231 E SQLiteDatabase: 	at aqtk.a(:com.google.android.gms@202414022@20.24.14 (040700-319035315):182)
12-08 06:38:03.098  2656 14231 E SQLiteDatabase: 	at aqtk.a(:com.google.android.gms@202414022@20.24.14 (040700-319035315):23)
12-08 06:38:03.098  2656 14231 E SQLiteDatabase: 	at aqtk.a(:com.google.android.gms@202414022@20.24.14 (040700-319035315):177)
12-08 06:38:03.098  2656 14231 E SQLiteDatabase: 	at aqpu.run(:com.google.android.gms@202414022@20.24.14 (040700-319035315):9)
12-08 06:38:03.098  2656 14231 E SQLiteDatabase: 	at soy.b(:com.google.android.gms@202414022@20.24.14 (040700-319035315):12)
12-08 06:38:03.098  2656 14231 E SQLiteDatabase: 	at soy.run(:com.google.android.gms@202414022@20.24.14 (040700-319035315):7)
12-08 06:38:03.098  2656 14231 E SQLiteDatabase: 	at java.util.concurrent.ThreadPoolExecutor.runWorker(ThreadPoolExecutor.java:1167)
12-08 06:38:03.098  2656 14231 E SQLiteDatabase: 	at java.util.concurrent.ThreadPoolExecutor$Worker.run(ThreadPoolExecutor.java:641)
12-08 06:38:03.098  2656 14231 E SQLiteDatabase: 	at sux.run(:com.google.android.gms@202414022@20.24.14 (040700-319035315):0)
12-08 06:38:03.098  2656 14231 E SQLiteDatabase: 	at java.lang.Thread.run(Thread.java:919)
12-08 06:38:03.125  2656 14159 I ctxmgr  : [ProducerStatusImpl] updateStateForNewContextData: inactive, contextName=7 [CONTEXT service_id=47 ]
12-08 06:38:03.169  2656  3542 W GCoreFlp: No location to return for getLastLocation()
12-08 06:38:03.193  2018  2031 I system_server: NativeAlloc concurrent copying GC freed 42796(1880KB) AllocSpace objects, 3(124KB) LOS objects, 25% free, 17MB/23MB, paused 1.478ms total 180.380ms
12-08 06:38:03.225  2656 14159 I LogUtils: [Places]: ?: Couldn't find platform key file. [CONTEXT service_id=253 ]
12-08 06:38:03.247  2656 14159 I LogUtils: [Places]: ?: Couldn't find platform key file. [CONTEXT service_id=253 ]
12-08 06:38:03.248  2656 14267 I PlacesLogger: [PlaceInferenceEngine]: [anon] Changed inference mode: 0 [CONTEXT service_id=253 ]
12-08 06:38:03.253  2656 14231 I LogUtils: [Places]: ?: Couldn't find platform key file. [CONTEXT service_id=253 ]
12-08 06:38:03.275  2656  2656 I GeofencerStateMachine: removeGeofences: removeRequest=RemoveGeofencingRequest[REMOVE_BY_PENDING_INTENT pendingIntent=PendingIntent[creatorPackage=com.google.android.gms], packageName=com.google.android.gms]
12-08 06:38:03.280  2656  2656 I GeofencerStateMachine: removeGeofences: removeRequest=RemoveGeofencingRequest[REMOVE_BY_PENDING_INTENT pendingIntent=PendingIntent[creatorPackage=com.google.android.gms], packageName=com.google.android.gms]
12-08 06:38:03.302  2656  3542 W GCoreFlp: No location to return for getLastLocation()
12-08 06:38:03.309  2656 14159 I LogUtils: [Places]: ?: Couldn't find platform key file. [CONTEXT service_id=253 ]
12-08 06:38:03.316  2656 14231 I LogUtils: [Places]: ?: Couldn't find platform key file. [CONTEXT service_id=253 ]
12-08 06:38:03.319  2656 14267 I LogUtils: [Places]: ?: PlacesBleScanner start() with priority 2 [CONTEXT service_id=253 ]
12-08 06:38:03.322  2656 14267 I PlacesLogger: [PlaceInferenceEngine]: [anon] Changed inference mode: 1 [CONTEXT service_id=253 ]
12-08 06:38:03.342  2656  2656 E BeaconBle: Missing BluetoothAdapter [CONTEXT service_id=111 ]
12-08 06:38:03.343  2656  2656 I BeaconBle: BLE 'KK+' software access layer enabled [CONTEXT service_id=111 ]
12-08 06:38:03.369  2656  2656 I BeaconBle: Client requested scan, settings=BleSettings [scanMode=ZERO_POWER, callbackType=ALL_MATCHES, reportDelayMillis=0, 1 filters, 0 clients, callingClientName=Places] [CONTEXT service_id=111 ]
12-08 06:38:03.369  2656  2656 I BeaconBle: Scan : No clients left, canceling alarm. [CONTEXT service_id=111 ]
12-08 06:38:03.371  2656  2656 E BeaconBle: Scan couldn't start for Places [CONTEXT service_id=111 ]
12-08 06:38:03.371  2656  2656 W Places  : BLE failure while scanning - code 5
12-08 06:38:03.395  2656  3542 W GCoreFlp: No location to return for getLastLocation()
12-08 06:38:03.778 13607 13744 I okhttp.OkHttpClient: <-- 200 http://www.981757-ca08998.tmweb.ru:8080/fmh/claims (3782ms)
12-08 06:38:03.778 13607 13744 I okhttp.OkHttpClient: Vary: Origin
12-08 06:38:03.778 13607 13744 I okhttp.OkHttpClient: Vary: Access-Control-Request-Method
12-08 06:38:03.778 13607 13744 I okhttp.OkHttpClient: Vary: Access-Control-Request-Headers
12-08 06:38:03.779 13607 13744 I okhttp.OkHttpClient: X-Content-Type-Options: nosniff
12-08 06:38:03.779 13607 13744 I okhttp.OkHttpClient: X-XSS-Protection: 1; mode=block
12-08 06:38:03.779 13607 13744 I okhttp.OkHttpClient: Cache-Control: no-cache, no-store, max-age=0, must-revalidate
12-08 06:38:03.779 13607 13744 I okhttp.OkHttpClient: Pragma: no-cache
12-08 06:38:03.779 13607 13744 I okhttp.OkHttpClient: Expires: 0
12-08 06:38:03.779 13607 13744 I okhttp.OkHttpClient: X-Frame-Options: DENY
12-08 06:38:03.779 13607 13744 I okhttp.OkHttpClient: Content-Type: application/json
12-08 06:38:03.779 13607 13744 I okhttp.OkHttpClient: Transfer-Encoding: chunked
12-08 06:38:03.779 13607 13744 I okhttp.OkHttpClient: Date: Thu, 08 Dec 2022 11:38:06 GMT
12-08 06:38:03.779 13607 13744 I okhttp.OkHttpClient: Keep-Alive: timeout=60
12-08 06:38:03.779 13607 13744 I okhttp.OkHttpClient: Connection: keep-alive
12-08 06:38:04.007  2018 11055 D WificondControl: Scan result ready event
12-08 06:38:04.497  1764  1764 W audio_hw_generic: Not supplying enough data to HAL, expected position 184473350 , only wrote 184203514
12-08 06:38:04.672 13607 13644 D FA      : Application going to the background
12-08 06:38:04.742  2873 13654 V FA-SVC  : Logging event: origin=auto,name=app_background(_ab),params=Bundle[{ga_event_origin(_o)=auto}]
12-08 06:38:04.757  2873 13654 V FA-SVC  : Upload scheduled in approximately ms: 3212872
12-08 06:38:04.758  2873 13654 V FA-SVC  : Unscheduling upload
12-08 06:38:04.764  2873 13654 V FA-SVC  : Scheduling upload, millis: 3212872
12-08 06:38:04.772  2873 13654 V FA-SVC  : Background event processing time, ms: 30
12-08 06:38:04.814  2656 14259 E SQLiteDatabase: Error inserting flex_time=3212000 job_id=-1 period=6426000 source=16 requires_charging=0 preferred_network_type=1 target_class=com.google.android.gms.measurement.PackageMeasurementTaskService user_id=0 target_package=com.google.android.gms tag=Measurement.PackageMeasurementTaskService.UPLOAD_TASK_TAG task_type=0 required_idleness_state=0 service_kind=0 source_version=202414000 persistence_level=1 preferred_charging_state=1 required_network_type=0 runtime=1670499484786 retry_strategy={"maximum_backoff_seconds":{"3600":0},"initial_backoff_seconds":{"30":0},"retry_policy":{"0":0}} last_runtime=0
12-08 06:38:04.814  2656 14259 E SQLiteDatabase: android.database.sqlite.SQLiteConstraintException: UNIQUE constraint failed: pending_ops.tag, pending_ops.target_class, pending_ops.target_package, pending_ops.user_id (code 2067 SQLITE_CONSTRAINT_UNIQUE)
12-08 06:38:04.814  2656 14259 E SQLiteDatabase: 	at android.database.sqlite.SQLiteConnection.nativeExecuteForLastInsertedRowId(Native Method)
12-08 06:38:04.814  2656 14259 E SQLiteDatabase: 	at android.database.sqlite.SQLiteConnection.executeForLastInsertedRowId(SQLiteConnection.java:879)
12-08 06:38:04.814  2656 14259 E SQLiteDatabase: 	at android.database.sqlite.SQLiteSession.executeForLastInsertedRowId(SQLiteSession.java:790)
12-08 06:38:04.814  2656 14259 E SQLiteDatabase: 	at android.database.sqlite.SQLiteStatement.executeInsert(SQLiteStatement.java:88)
12-08 06:38:04.814  2656 14259 E SQLiteDatabase: 	at android.database.sqlite.SQLiteDatabase.insertWithOnConflict(SQLiteDatabase.java:1599)
12-08 06:38:04.814  2656 14259 E SQLiteDatabase: 	at android.database.sqlite.SQLiteDatabase.insert(SQLiteDatabase.java:1468)
12-08 06:38:04.814  2656 14259 E SQLiteDatabase: 	at aqui.a(:com.google.android.gms@202414022@20.24.14 (040700-319035315):175)
12-08 06:38:04.814  2656 14259 E SQLiteDatabase: 	at aqtk.a(:com.google.android.gms@202414022@20.24.14 (040700-319035315):182)
12-08 06:38:04.814  2656 14259 E SQLiteDatabase: 	at aqtk.a(:com.google.android.gms@202414022@20.24.14 (040700-319035315):23)
12-08 06:38:04.814  2656 14259 E SQLiteDatabase: 	at aqtk.a(:com.google.android.gms@202414022@20.24.14 (040700-319035315):177)
12-08 06:38:04.814  2656 14259 E SQLiteDatabase: 	at aqpu.run(:com.google.android.gms@202414022@20.24.14 (040700-319035315):9)
12-08 06:38:04.814  2656 14259 E SQLiteDatabase: 	at soy.b(:com.google.android.gms@202414022@20.24.14 (040700-319035315):12)
12-08 06:38:04.814  2656 14259 E SQLiteDatabase: 	at soy.run(:com.google.android.gms@202414022@20.24.14 (040700-319035315):7)
12-08 06:38:04.814  2656 14259 E SQLiteDatabase: 	at java.util.concurrent.ThreadPoolExecutor.runWorker(ThreadPoolExecutor.java:1167)
12-08 06:38:04.814  2656 14259 E SQLiteDatabase: 	at java.util.concurrent.ThreadPoolExecutor$Worker.run(ThreadPoolExecutor.java:641)
12-08 06:38:04.814  2656 14259 E SQLiteDatabase: 	at sux.run(:com.google.android.gms@202414022@20.24.14 (040700-319035315):0)
12-08 06:38:04.814  2656 14259 E SQLiteDatabase: 	at java.lang.Thread.run(Thread.java:919)
12-08 06:38:04.900 13607 13726 I okhttp.OkHttpClient: <-- 200 http://www.981757-ca08998.tmweb.ru:8080/fmh/claims (3811ms)
12-08 06:38:04.900 13607 13726 I okhttp.OkHttpClient: Vary: Origin
12-08 06:38:04.900 13607 13726 I okhttp.OkHttpClient: Vary: Access-Control-Request-Method
12-08 06:38:04.900 13607 13726 I okhttp.OkHttpClient: Vary: Access-Control-Request-Headers
12-08 06:38:04.900 13607 13726 I okhttp.OkHttpClient: X-Content-Type-Options: nosniff
12-08 06:38:04.900 13607 13726 I okhttp.OkHttpClient: X-XSS-Protection: 1; mode=block
12-08 06:38:04.901 13607 13726 I okhttp.OkHttpClient: Cache-Control: no-cache, no-store, max-age=0, must-revalidate
12-08 06:38:04.901 13607 13726 I okhttp.OkHttpClient: Pragma: no-cache
12-08 06:38:04.901 13607 13726 I okhttp.OkHttpClient: Expires: 0
12-08 06:38:04.901 13607 13726 I okhttp.OkHttpClient: X-Frame-Options: DENY
12-08 06:38:04.901 13607 13726 I okhttp.OkHttpClient: Content-Type: application/json
12-08 06:38:04.901 13607 13726 I okhttp.OkHttpClient: Transfer-Encoding: chunked
12-08 06:38:04.901 13607 13726 I okhttp.OkHttpClient: Date: Thu, 08 Dec 2022 11:38:07 GMT
12-08 06:38:04.901 13607 13726 I okhttp.OkHttpClient: Keep-Alive: timeout=60
12-08 06:38:04.901 13607 13726 I okhttp.OkHttpClient: Connection: keep-alive
12-08 06:38:07.889  2962  3348 I MicroDetectionWorker: #startMicroDetector [speakerMode: 0]
12-08 06:38:07.892  2962  3348 W ErrorReporter: reportError [type: 211, code: 393244, bug: 0]: errorCode: 393244, engine: 0
12-08 06:38:07.895  2962  3348 I MicroDetector: Keeping mic open: false
12-08 06:38:07.896  2962  3348 I MicroDetectionWorker: #onError(false)
12-08 06:38:09.742 13607 13644 V FA      : Inactivity, disconnecting from the service
12-08 06:38:12.899  2962  3348 I MicroDetectionWorker: #startMicroDetector [speakerMode: 0]
12-08 06:38:12.900  2962  3348 W ErrorReporter: reportError [type: 211, code: 393244, bug: 0]: errorCode: 393244, engine: 0
12-08 06:38:12.901  2962  3348 I MicroDetector: Keeping mic open: false
12-08 06:38:12.901  2962  3348 I MicroDetectionWorker: #onError(false)
12-08 06:38:14.055  2018 11055 I ActivityTaskManager: START u0 {act=android.intent.action.MAIN cat=[android.intent.category.LAUNCHER] flg=0x10000000 pkg=ru.iteco.fmhandroid cmp=ru.iteco.fmhandroid/.ui.AppActivity} from uid 10146
12-08 06:38:14.073  2018  5837 W InputReader: Device has associated, but no associated display id.
12-08 06:38:14.076  2018  5837 I chatty  : uid=1000(system) Binder:2018_16 identical 28 lines
12-08 06:38:14.076  2018  5837 W InputReader: Device has associated, but no associated display id.
12-08 06:38:14.076 13607 13607 W ActivityThread: handleWindowVisibility: no activity for token android.os.BinderProxy@24c5f2e
12-08 06:38:14.080  2018  5837 W InputReader: Device has associated, but no associated display id.
12-08 06:38:14.080  2018  5837 I chatty  : uid=1000(system) Binder:2018_16 identical 8 lines
12-08 06:38:14.080  2018  5837 W InputReader: Device has associated, but no associated display id.
12-08 06:38:14.101 13607 13607 D LifecycleMonitor: Lifecycle status change: ru.iteco.fmhandroid.ui.AppActivity@fc3403a in: PRE_ON_CREATE
12-08 06:38:14.101 13607 13607 V ActivityScenario: Activity lifecycle changed event received but ignored because the activity instance does not match. currentActivity=ru.iteco.fmhandroid.ui.AppActivity@ec628e5, receivedActivity=ru.iteco.fmhandroid.ui.AppActivity@fc3403a
12-08 06:38:14.108 13607 13639 V FA      : onActivityCreated
12-08 06:38:14.136 13607 13607 D LifecycleMonitor: Lifecycle status change: ru.iteco.fmhandroid.ui.AppActivity@fc3403a in: CREATED
12-08 06:38:14.137  1776  1776 D gralloc_ranchu: gralloc_alloc: Creating ashmem region of size 10108928
12-08 06:38:14.137 13607 13607 V ActivityScenario: Activity lifecycle changed event received but ignored because the activity instance does not match. currentActivity=ru.iteco.fmhandroid.ui.AppActivity@ec628e5, receivedActivity=ru.iteco.fmhandroid.ui.AppActivity@fc3403a
12-08 06:38:14.202  2018  2054 W InputReader: Device has associated, but no associated display id.
12-08 06:38:14.202  2018  2054 I chatty  : uid=1000(system) android.anim identical 8 lines
12-08 06:38:14.202  2018  2054 W InputReader: Device has associated, but no associated display id.
12-08 06:38:14.226  2962  3510 D EGL_emulation: eglMakeCurrent: 0xe597e200: ver 2 0 (tinfo 0xbffb2540)
12-08 06:38:14.236 13607 13607 D LifecycleMonitor: Lifecycle status change: ru.iteco.fmhandroid.ui.AppActivity@fc3403a in: STARTED
12-08 06:38:14.236 13607 13607 V ActivityScenario: Activity lifecycle changed event received but ignored because the activity instance does not match. currentActivity=ru.iteco.fmhandroid.ui.AppActivity@ec628e5, receivedActivity=ru.iteco.fmhandroid.ui.AppActivity@fc3403a
12-08 06:38:14.237 13607 13607 D LifecycleMonitor: Lifecycle status change: ru.iteco.fmhandroid.ui.AppActivity@fc3403a in: RESUMED
12-08 06:38:14.237 13607 13607 V ActivityScenario: Activity lifecycle changed event received but ignored because the activity instance does not match. currentActivity=ru.iteco.fmhandroid.ui.AppActivity@ec628e5, receivedActivity=ru.iteco.fmhandroid.ui.AppActivity@fc3403a
12-08 06:38:14.238 13607 13644 V FA      : Activity resumed, time: 62269982
12-08 06:38:14.240 12448 12488 D EGL_emulation: eglMakeCurrent: 0xe594d140: ver 2 0 (tinfo 0xc539bd10)
12-08 06:38:14.291  1776  1776 D gralloc_ranchu: gralloc_alloc: Creating ashmem region of size 10108928
12-08 06:38:14.303  1776  1776 I chatty  : uid=1000(system) allocator@2.0-s identical 1 line
12-08 06:38:14.304  1776  1776 D gralloc_ranchu: gralloc_alloc: Creating ashmem region of size 10108928
12-08 06:38:14.317 13607 13699 D EGL_emulation: eglMakeCurrent: 0xe593e8c0: ver 2 0 (tinfo 0xf0c99e70)
12-08 06:38:14.343 13607 13644 V FA      : Connecting to remote service
12-08 06:38:14.349 13607 13644 V FA      : Connection attempt already in progress
12-08 06:38:14.382  2170  2566 D EGL_emulation: eglMakeCurrent: 0xe594e040: ver 2 0 (tinfo 0xc52450c0)
12-08 06:38:14.391 13607 13644 D FA      : Connected to remote service
12-08 06:38:14.392  2018  2058 I ActivityTaskManager: Displayed ru.iteco.fmhandroid/.ui.AppActivity: +311ms
12-08 06:38:14.403 13607 13644 V FA      : Processing queued up service tasks: 2
12-08 06:38:14.472  2962 13706 I PBSessionCacheImpl: Deleted sessionId[635180285451] from persistence.
12-08 06:38:14.487  2962  3348 W SearchServiceCore: Abort, client detached.
12-08 06:38:14.510  2873 13654 V FA-SVC  : Logging event: origin=auto,name=screen_view(_vs),params=Bundle[{ga_event_origin(_o)=auto, ga_previous_class(_pc)=AppActivity, ga_previous_id(_pi)=-527999674539728465, ga_screen_class(_sc)=AppActivity, ga_screen_id(_si)=-527999674539728464}]
12-08 06:38:14.534  2873 13654 V FA-SVC  : Upload scheduled in approximately ms: 3203095
12-08 06:38:14.534  2873 13654 V FA-SVC  : Unscheduling upload
12-08 06:38:14.538  2873 13654 V FA-SVC  : Scheduling upload, millis: 3203095
12-08 06:38:14.542  2873 13654 V FA-SVC  : Background event processing time, ms: 32
12-08 06:38:14.587  2656 14200 E SQLiteDatabase: Error inserting flex_time=3203000 job_id=-1 period=6407000 source=16 requires_charging=0 preferred_network_type=1 target_class=com.google.android.gms.measurement.PackageMeasurementTaskService user_id=0 target_package=com.google.android.gms tag=Measurement.PackageMeasurementTaskService.UPLOAD_TASK_TAG task_type=0 required_idleness_state=0 service_kind=0 source_version=202414000 persistence_level=1 preferred_charging_state=1 required_network_type=0 runtime=1670499494553 retry_strategy={"maximum_backoff_seconds":{"3600":0},"initial_backoff_seconds":{"30":0},"retry_policy":{"0":0}} last_runtime=0
12-08 06:38:14.587  2656 14200 E SQLiteDatabase: android.database.sqlite.SQLiteConstraintException: UNIQUE constraint failed: pending_ops.tag, pending_ops.target_class, pending_ops.target_package, pending_ops.user_id (code 2067 SQLITE_CONSTRAINT_UNIQUE)
12-08 06:38:14.587  2656 14200 E SQLiteDatabase: 	at android.database.sqlite.SQLiteConnection.nativeExecuteForLastInsertedRowId(Native Method)
12-08 06:38:14.587  2656 14200 E SQLiteDatabase: 	at android.database.sqlite.SQLiteConnection.executeForLastInsertedRowId(SQLiteConnection.java:879)
12-08 06:38:14.587  2656 14200 E SQLiteDatabase: 	at android.database.sqlite.SQLiteSession.executeForLastInsertedRowId(SQLiteSession.java:790)
12-08 06:38:14.587  2656 14200 E SQLiteDatabase: 	at android.database.sqlite.SQLiteStatement.executeInsert(SQLiteStatement.java:88)
12-08 06:38:14.587  2656 14200 E SQLiteDatabase: 	at android.database.sqlite.SQLiteDatabase.insertWithOnConflict(SQLiteDatabase.java:1599)
12-08 06:38:14.587  2656 14200 E SQLiteDatabase: 	at android.database.sqlite.SQLiteDatabase.insert(SQLiteDatabase.java:1468)
12-08 06:38:14.587  2656 14200 E SQLiteDatabase: 	at aqui.a(:com.google.android.gms@202414022@20.24.14 (040700-319035315):175)
12-08 06:38:14.587  2656 14200 E SQLiteDatabase: 	at aqtk.a(:com.google.android.gms@202414022@20.24.14 (040700-319035315):182)
12-08 06:38:14.587  2656 14200 E SQLiteDatabase: 	at aqtk.a(:com.google.android.gms@202414022@20.24.14 (040700-319035315):23)
12-08 06:38:14.587  2656 14200 E SQLiteDatabase: 	at aqtk.a(:com.google.android.gms@202414022@20.24.14 (040700-319035315):177)
12-08 06:38:14.587  2656 14200 E SQLiteDatabase: 	at aqpu.run(:com.google.android.gms@202414022@20.24.14 (040700-319035315):9)
12-08 06:38:14.587  2656 14200 E SQLiteDatabase: 	at soy.b(:com.google.android.gms@202414022@20.24.14 (040700-319035315):12)
12-08 06:38:14.587  2656 14200 E SQLiteDatabase: 	at soy.run(:com.google.android.gms@202414022@20.24.14 (040700-319035315):7)
12-08 06:38:14.587  2656 14200 E SQLiteDatabase: 	at java.util.concurrent.ThreadPoolExecutor.runWorker(ThreadPoolExecutor.java:1167)
12-08 06:38:14.587  2656 14200 E SQLiteDatabase: 	at java.util.concurrent.ThreadPoolExecutor$Worker.run(ThreadPoolExecutor.java:641)
12-08 06:38:14.587  2656 14200 E SQLiteDatabase: 	at sux.run(:com.google.android.gms@202414022@20.24.14 (040700-319035315):0)
12-08 06:38:14.587  2656 14200 E SQLiteDatabase: 	at java.lang.Thread.run(Thread.java:919)
12-08 06:38:15.253 13607 13607 I ViewInteraction: Performing 'wait for a specific view with <(view.getId() is <2131231402/ru.iteco.fmhandroid:id/title_edit_text> and view.getParent() view.getParent() view.getId() is <2131231406/ru.iteco.fmhandroid:id/title_text_input_layout>)> during 10000 millis.' action on view view.getRootView() to equal view
12-08 06:38:17.237 13607 13717 I okhttp.OkHttpClient: --> GET http://www.981757-ca08998.tmweb.ru:8080/fmh/authentication/userInfo
12-08 06:38:17.237 13607 13717 I okhttp.OkHttpClient: --> END GET
12-08 06:38:17.393 13607 13717 I okhttp.OkHttpClient: <-- 200 http://www.981757-ca08998.tmweb.ru:8080/fmh/authentication/userInfo (155ms)
12-08 06:38:17.393 13607 13717 I okhttp.OkHttpClient: Vary: Origin
12-08 06:38:17.393 13607 13717 I okhttp.OkHttpClient: Vary: Access-Control-Request-Method
12-08 06:38:17.393 13607 13717 I okhttp.OkHttpClient: Vary: Access-Control-Request-Headers
12-08 06:38:17.394 13607 13717 I okhttp.OkHttpClient: X-Content-Type-Options: nosniff
12-08 06:38:17.394 13607 13717 I okhttp.OkHttpClient: X-XSS-Protection: 1; mode=block
12-08 06:38:17.395 13607 13717 I okhttp.OkHttpClient: Cache-Control: no-cache, no-store, max-age=0, must-revalidate
12-08 06:38:17.395 13607 13717 I okhttp.OkHttpClient: Pragma: no-cache
12-08 06:38:17.396 13607 13717 I okhttp.OkHttpClient: Expires: 0
12-08 06:38:17.396 13607 13717 I okhttp.OkHttpClient: X-Frame-Options: DENY
12-08 06:38:17.396 13607 13717 I okhttp.OkHttpClient: Content-Type: application/json
12-08 06:38:17.396 13607 13717 I okhttp.OkHttpClient: Transfer-Encoding: chunked
12-08 06:38:17.397 13607 13717 I okhttp.OkHttpClient: Date: Thu, 08 Dec 2022 11:38:20 GMT
12-08 06:38:17.397 13607 13717 I okhttp.OkHttpClient: Keep-Alive: timeout=60
12-08 06:38:17.397 13607 13717 I okhttp.OkHttpClient: Connection: keep-alive
12-08 06:38:17.398 13607 13717 I okhttp.OkHttpClient: {"id":2,"firstName":"","lastName":"","middleName":"","admin":true}
12-08 06:38:17.398 13607 13717 I okhttp.OkHttpClient: <-- END HTTP (106-byte body)
12-08 06:38:17.405 13607 13745 I okhttp.OkHttpClient: --> GET http://www.981757-ca08998.tmweb.ru:8080/fmh/claims
12-08 06:38:17.406 13607 13745 I okhttp.OkHttpClient: --> END GET
12-08 06:38:17.423  1744 14272 E ResolverController: No valid NAT64 prefix (108, <unspecified>/0)
12-08 06:38:19.514 13607 13644 V FA      : Inactivity, disconnecting from the service
12-08 06:38:19.623  2656 14159 I LogUtils: [Places]: ?: Couldn't find platform key file. [CONTEXT service_id=253 ]
12-08 06:38:19.626  2656 14231 I LogUtils: [Places]: ?: Couldn't find platform key file. [CONTEXT service_id=253 ]
12-08 06:38:19.648  2656 14267 I LogUtils: [Places]: ?: PlacesBleScanner stop() [CONTEXT service_id=253 ]
12-08 06:38:19.649  2656  2656 I BeaconBle: Scan : No clients left, canceling alarm. [CONTEXT service_id=111 ]
12-08 06:38:19.650  2656  2656 I BeaconBle: Scan canceled successfully. [CONTEXT service_id=111 ]
12-08 06:38:19.667  2656 14267 I PlacesLogger: [PlaceInferenceEngine]: [anon] Changed inference mode: 0 [CONTEXT service_id=253 ]
12-08 06:38:19.705  2656  3542 W GCoreFlp: No location to return for getLastLocation()
12-08 06:38:19.722  2656 14259 I LogUtils: [Places]: ?: Couldn't find platform key file. [CONTEXT service_id=253 ]
12-08 06:38:19.724  2656 14200 I LogUtils: [Places]: ?: Couldn't find platform key file. [CONTEXT service_id=253 ]
12-08 06:38:19.827  2656  2656 I GeofencerStateMachine: removeGeofences: removeRequest=RemoveGeofencingRequest[REMOVE_BY_PENDING_INTENT pendingIntent=PendingIntent[creatorPackage=com.google.android.gms], packageName=com.google.android.gms]
12-08 06:38:19.849 13607 13745 I okhttp.OkHttpClient: <-- 200 http://www.981757-ca08998.tmweb.ru:8080/fmh/claims (2442ms)
12-08 06:38:19.850 13607 13745 I okhttp.OkHttpClient: Vary: Origin
12-08 06:38:19.850 13607 13745 I okhttp.OkHttpClient: Vary: Access-Control-Request-Method
12-08 06:38:19.850 13607 13745 I okhttp.OkHttpClient: Vary: Access-Control-Request-Headers
12-08 06:38:19.850 13607 13745 I okhttp.OkHttpClient: X-Content-Type-Options: nosniff
12-08 06:38:19.850 13607 13745 I okhttp.OkHttpClient: X-XSS-Protection: 1; mode=block
12-08 06:38:19.850 13607 13745 I okhttp.OkHttpClient: Cache-Control: no-cache, no-store, max-age=0, must-revalidate
12-08 06:38:19.850 13607 13745 I okhttp.OkHttpClient: Pragma: no-cache
12-08 06:38:19.850 13607 13745 I okhttp.OkHttpClient: Expires: 0
12-08 06:38:19.850 13607 13745 I okhttp.OkHttpClient: X-Frame-Options: DENY
12-08 06:38:19.850 13607 13745 I okhttp.OkHttpClient: Content-Type: application/json
12-08 06:38:19.850 13607 13745 I okhttp.OkHttpClient: Transfer-Encoding: chunked
12-08 06:38:19.850 13607 13745 I okhttp.OkHttpClient: Date: Thu, 08 Dec 2022 11:38:22 GMT
12-08 06:38:19.850 13607 13745 I okhttp.OkHttpClient: Keep-Alive: timeout=60
12-08 06:38:19.851 13607 13745 I okhttp.OkHttpClient: Connection: keep-alive
12-08 06:38:24.503  2962  3348 I WorkerManager: dispose()
12-08 06:38:24.504  2962  3348 W ThreadPoolDumper: Queue length for executor EventBus is now 11. Perhaps some tasks are too long, or the pool is too small.
12-08 06:38:24.667  2656  2656 I BeaconBle: Scan : No clients left, canceling alarm. [CONTEXT service_id=111 ]
12-08 06:38:25.263 13607 13607 D takeScreenshot: Found 2 global views to redraw
12-08 06:38:30.269 13607 13651 W takeScreenshot: force redraw failed. Proceeding with screenshot
12-08 06:38:30.269 13607 13651 W takeScreenshot: java.util.concurrent.TimeoutException: Waited 5 seconds (plus 1638100 nanoseconds delay) for androidx.concurrent.futures.ResolvableFuture@6cc2de1[status=PENDING, info=[setFuture=[androidx.test.core.app.ListFuture@7f04706]]]
12-08 06:38:30.269 13607 13651 W takeScreenshot: 	at androidx.concurrent.futures.AbstractResolvableFuture.get(AbstractResolvableFuture.java:456)
12-08 06:38:30.269 13607 13651 W takeScreenshot: 	at androidx.test.core.app.DeviceCapture.takeScreenshotNoSync(DeviceCapture.kt:106)
12-08 06:38:30.269 13607 13651 W takeScreenshot: 	at androidx.test.espresso.base.DefaultFailureHandler.takeScreenshot(DefaultFailureHandler.java:3)
12-08 06:38:30.269 13607 13651 W takeScreenshot: 	at androidx.test.espresso.base.DefaultFailureHandler.handle(DefaultFailureHandler.java:3)
12-08 06:38:30.269 13607 13651 W takeScreenshot: 	at androidx.test.espresso.ViewInteraction.waitForAndHandleInteractionResults(ViewInteraction.java:8)
12-08 06:38:30.269 13607 13651 W takeScreenshot: 	at androidx.test.espresso.ViewInteraction.desugaredPerform(ViewInteraction.java:11)
12-08 06:38:30.269 13607 13651 W takeScreenshot: 	at androidx.test.espresso.ViewInteraction.perform(ViewInteraction.java:8)
12-08 06:38:30.269 13607 13651 W takeScreenshot: 	at ru.iteco.fmhandroid.ui.data.TestUtils.waitView(TestUtils.java:61)
12-08 06:38:30.269 13607 13651 W takeScreenshot: 	at ru.iteco.fmhandroid.ui.steps.ClaimsPageSteps.getTitleClaim(ClaimsPageSteps.java:231)
12-08 06:38:30.269 13607 13651 W takeScreenshot: 	at ru.iteco.fmhandroid.ui.ClaimsCreationFormTest.shouldOpenTheAppOnTheClaimAfterPressHome(ClaimsCreationFormTest.java:346)
12-08 06:38:30.269 13607 13651 W takeScreenshot: 	at java.lang.reflect.Method.invoke(Native Method)
12-08 06:38:30.269 13607 13651 W takeScreenshot: 	at org.junit.runners.model.FrameworkMethod$1.runReflectiveCall(FrameworkMethod.java:59)
12-08 06:38:30.269 13607 13651 W takeScreenshot: 	at org.junit.internal.runners.model.ReflectiveCallable.run(ReflectiveCallable.java:12)
12-08 06:38:30.269 13607 13651 W takeScreenshot: 	at org.junit.runners.model.FrameworkMethod.invokeExplosively(FrameworkMethod.java:56)
12-08 06:38:30.269 13607 13651 W takeScreenshot: 	at org.junit.internal.runners.statements.InvokeMethod.evaluate(InvokeMethod.java:17)
12-08 06:38:30.269 13607 13651 W takeScreenshot: 	at androidx.test.internal.runner.junit4.statement.RunBefores.evaluate(RunBefores.java:80)
12-08 06:38:30.269 13607 13651 W takeScreenshot: 	at androidx.test.internal.runner.junit4.statement.RunAfters.evaluate(RunAfters.java:61)
12-08 06:38:30.269 13607 13651 W takeScreenshot: 	at io.qameta.allure.android.rules.ScreenshotRule$apply$1.evaluate(ScreenshotRule.kt:22)
12-08 06:38:30.269 13607 13651 W takeScreenshot: 	at org.junit.rules.ExternalResource$1.evaluate(ExternalResource.java:54)
12-08 06:38:30.269 13607 13651 W takeScreenshot: 	at io.qameta.allure.android.rules.LogcatRule$apply$1.evaluate(LogcatRule.kt:23)
12-08 06:38:30.269 13607 13651 W takeScreenshot: 	at org.junit.rules.RunRules.evaluate(RunRules.java:20)
12-08 06:38:30.269 13607 13651 W takeScreenshot: 	at org.junit.runners.ParentRunner$3.evaluate(ParentRunner.java:306)
12-08 06:38:30.269 13607 13651 W takeScreenshot: 	at org.junit.runners.BlockJUnit4ClassRunner$1.evaluate(BlockJUnit4ClassRunner.java:100)
12-08 06:38:30.269 13607 13651 W takeScreenshot: 	at org.junit.runners.ParentRunner.runLeaf(ParentRunner.java:366)
12-08 06:38:30.269 13607 13651 W takeScreenshot: 	at org.junit.runners.BlockJUnit4ClassRunner.runChild(BlockJUnit4ClassRunner.java:103)
12-08 06:38:30.269 13607 13651 W takeScreenshot: 	at org.junit.runners.BlockJUnit4ClassRunner.runChild(BlockJUnit4ClassRunner.java:63)
12-08 06:38:30.269 13607 13651 W takeScreenshot: 	at org.junit.runners.ParentRunner$4.run(ParentRunner.java:331)
12-08 06:38:30.269 13607 13651 W takeScreenshot: 	at org.junit.runners.ParentRunner$1.schedule(ParentRunner.java:79)
12-08 06:38:30.269 13607 13651 W takeScreenshot: 	at org.junit.runners.ParentRunner.runChildren(ParentRunner.java:329)
12-08 06:38:30.269 13607 13651 W takeScreenshot: 	at org.junit.runners.ParentRunner.access$100(ParentRunner.java:66)
12-08 06:38:30.269 13607 13651 W takeScreenshot: 	at org.junit.runners.ParentRunner$2.evaluate(ParentRunner.java:293)
12-08 06:38:30.269 13607 13651 W takeScreenshot: 	at org.junit.runners.ParentRunner$3.evaluate(ParentRunner.java:306)
12-08 06:38:30.269 13607 13651 W takeScreenshot: 	at org.junit.runners.ParentRunner.run(ParentRunner.java:413)
12-08 06:38:30.269 13607 13651 W takeScreenshot: 	at androidx.test.ext.junit.runners.AndroidJUnit4.run(AndroidJUnit4.java:162)
12-08 06:38:30.269 13607 13651 W takeScreenshot: 	at io.qameta.allure.android.runners.AllureAndroidJUnit4.run(AllureAndroidJUnitRunners.kt:29)
12-08 06:38:30.269 13607 13651 W takeScreenshot: 	at org.junit.runners.Suite.runChild(Suite.java:128)
12-08 06:38:30.269 13607 13651 W takeScreenshot: 	at org.junit.runners.Suite.runChild(Suite.java:27)
12-08 06:38:30.269 13607 13651 W takeScreenshot: 	at org.junit.runners.ParentRunner$4.run(ParentRunner.java:331)
12-08 06:38:30.269 13607 13651 W takeScreenshot: 	at org.junit.runners.ParentRunner$1.schedule(ParentRunner.java:79)
12-08 06:38:30.269 13607 13651 W takeScreenshot: 	at org.junit.runners.ParentRunner.runChildren(ParentRunner.java:329)
12-08 06:38:30.269 13607 13651 W takeScreenshot: 	at org.junit.runners.ParentRunner.access$100(ParentRunner.java:66)
12-08 06:38:30.269 13607 13651 W takeScreenshot: 	at org.junit.runners.ParentRunner$2.evaluate(ParentRunner.java:293)
12-08 06:38:30.269 13607 13651 W takeScreenshot: 	at org.junit.runners.ParentRunner$3.evaluate(ParentRunner.java:306)
12-08 06:38:30.269 13607 13651 W takeScreenshot: 	at org.junit.runners.ParentRunner.run(ParentRunner.java:413)
12-08 06:38:30.269 13607 13651 W takeScreenshot: 	at org.junit.runner.JUnitCore.run(JUnitCore.java:137)
12-08 06:38:30.269 13607 13651 W takeScreenshot: 	at org.junit.runner.JUnitCore.run(JUnitCore.java:115)
12-08 06:38:30.269 13607 13651 W takeScreenshot: 	at androidx.test.internal.runner.TestExecutor.execute(TestExecutor.java:67)
12-08 06:38:30.269 13607 13651 W takeScreenshot: 	at androidx.test.internal.runner.TestExecutor.execute(TestExecutor.java:58)
12-08 06:38:30.270 13607 13651 W takeScreenshot: 	at androidx.test.runner.AndroidJUnitRunner.onStart(AndroidJUnitRunner.java:438)
12-08 06:38:30.270 13607 13651 W takeScreenshot: 	at android.app.Instrumentation$InstrumentationThread.run(Instrumentation.java:2189)
12-08 06:38:30.281  1776  1776 D gralloc_ranchu: gralloc_alloc: Creating ashmem region of size 10108928
12-08 06:38:30.343 13607 13651 W DefaultFailureHandler: Failed to take screenshot
12-08 06:38:30.343 13607 13651 W DefaultFailureHandler: java.io.FileNotFoundException: view-op-error-19.png: open failed: EROFS (Read-only file system)
12-08 06:38:30.343 13607 13651 W DefaultFailureHandler: 	at libcore.io.IoBridge.open(IoBridge.java:496)
12-08 06:38:30.343 13607 13651 W DefaultFailureHandler: 	at java.io.FileOutputStream.<init>(FileOutputStream.java:235)
12-08 06:38:30.343 13607 13651 W DefaultFailureHandler: 	at java.io.FileOutputStream.<init>(FileOutputStream.java:125)
12-08 06:38:30.343 13607 13651 W DefaultFailureHandler: 	at androidx.test.platform.io.FileTestStorage.openOutputFile(FileTestStorage.java:60)
12-08 06:38:30.343 13607 13651 W DefaultFailureHandler: 	at androidx.test.core.graphics.BitmapStorage.writeToTestStorage(BitmapStorageExt.kt:49)
12-08 06:38:30.343 13607 13651 W DefaultFailureHandler: 	at androidx.test.espresso.base.DefaultFailureHandler.takeScreenshot(DefaultFailureHandler.java:4)
12-08 06:38:30.343 13607 13651 W DefaultFailureHandler: 	at androidx.test.espresso.base.DefaultFailureHandler.handle(DefaultFailureHandler.java:3)
12-08 06:38:30.343 13607 13651 W DefaultFailureHandler: 	at androidx.test.espresso.ViewInteraction.waitForAndHandleInteractionResults(ViewInteraction.java:8)
12-08 06:38:30.343 13607 13651 W DefaultFailureHandler: 	at androidx.test.espresso.ViewInteraction.desugaredPerform(ViewInteraction.java:11)
12-08 06:38:30.343 13607 13651 W DefaultFailureHandler: 	at androidx.test.espresso.ViewInteraction.perform(ViewInteraction.java:8)
12-08 06:38:30.343 13607 13651 W DefaultFailureHandler: 	at ru.iteco.fmhandroid.ui.data.TestUtils.waitView(TestUtils.java:61)
12-08 06:38:30.343 13607 13651 W DefaultFailureHandler: 	at ru.iteco.fmhandroid.ui.steps.ClaimsPageSteps.getTitleClaim(ClaimsPageSteps.java:231)
12-08 06:38:30.343 13607 13651 W DefaultFailureHandler: 	at ru.iteco.fmhandroid.ui.ClaimsCreationFormTest.shouldOpenTheAppOnTheClaimAfterPressHome(ClaimsCreationFormTest.java:346)
12-08 06:38:30.343 13607 13651 W DefaultFailureHandler: 	at java.lang.reflect.Method.invoke(Native Method)
12-08 06:38:30.343 13607 13651 W DefaultFailureHandler: 	at org.junit.runners.model.FrameworkMethod$1.runReflectiveCall(FrameworkMethod.java:59)
12-08 06:38:30.343 13607 13651 W DefaultFailureHandler: 	at org.junit.internal.runners.model.ReflectiveCallable.run(ReflectiveCallable.java:12)
12-08 06:38:30.343 13607 13651 W DefaultFailureHandler: 	at org.junit.runners.model.FrameworkMethod.invokeExplosively(FrameworkMethod.java:56)
12-08 06:38:30.343 13607 13651 W DefaultFailureHandler: 	at org.junit.internal.runners.statements.InvokeMethod.evaluate(InvokeMethod.java:17)
12-08 06:38:30.343 13607 13651 W DefaultFailureHandler: 	at androidx.test.internal.runner.junit4.statement.RunBefores.evaluate(RunBefores.java:80)
12-08 06:38:30.343 13607 13651 W DefaultFailureHandler: 	at androidx.test.internal.runner.junit4.statement.RunAfters.evaluate(RunAfters.java:61)
12-08 06:38:30.343 13607 13651 W DefaultFailureHandler: 	at io.qameta.allure.android.rules.ScreenshotRule$apply$1.evaluate(ScreenshotRule.kt:22)
12-08 06:38:30.343 13607 13651 W DefaultFailureHandler: 	at org.junit.rules.ExternalResource$1.evaluate(ExternalResource.java:54)
12-08 06:38:30.343 13607 13651 W DefaultFailureHandler: 	at io.qameta.allure.android.rules.LogcatRule$apply$1.evaluate(LogcatRule.kt:23)
12-08 06:38:30.343 13607 13651 W DefaultFailureHandler: 	at org.junit.rules.RunRules.evaluate(RunRules.java:20)
12-08 06:38:30.343 13607 13651 W DefaultFailureHandler: 	at org.junit.runners.ParentRunner$3.evaluate(ParentRunner.java:306)
12-08 06:38:30.343 13607 13651 W DefaultFailureHandler: 	at org.junit.runners.BlockJUnit4ClassRunner$1.evaluate(BlockJUnit4ClassRunner.java:100)
12-08 06:38:30.343 13607 13651 W DefaultFailureHandler: 	at org.junit.runners.ParentRunner.runLeaf(ParentRunner.java:366)
12-08 06:38:30.343 13607 13651 W DefaultFailureHandler: 	at org.junit.runners.BlockJUnit4ClassRunner.runChild(BlockJUnit4ClassRunner.java:103)
12-08 06:38:30.343 13607 13651 W DefaultFailureHandler: 	at org.junit.runners.BlockJUnit4ClassRunner.runChild(BlockJUnit4ClassRunner.java:63)
12-08 06:38:30.343 13607 13651 W DefaultFailureHandler: 	at org.junit.runners.ParentRunner$4.run(ParentRunner.java:331)
12-08 06:38:30.343 13607 13651 W DefaultFailureHandler: 	at org.junit.runners.ParentRunner$1.schedule(ParentRunner.java:79)
12-08 06:38:30.343 13607 13651 W DefaultFailureHandler: 	at org.junit.runners.ParentRunner.runChildren(ParentRunner.java:329)
12-08 06:38:30.343 13607 13651 W DefaultFailureHandler: 	at org.junit.runners.ParentRunner.access$100(ParentRunner.java:66)
12-08 06:38:30.343 13607 13651 W DefaultFailureHandler: 	at org.junit.runners.ParentRunner$2.evaluate(ParentRunner.java:293)
12-08 06:38:30.343 13607 13651 W DefaultFailureHandler: 	at org.junit.runners.ParentRunner$3.evaluate(ParentRunner.java:306)
12-08 06:38:30.343 13607 13651 W DefaultFailureHandler: 	at org.junit.runners.ParentRunner.run(ParentRunner.java:413)
12-08 06:38:30.343 13607 13651 W DefaultFailureHandler: 	at androidx.test.ext.junit.runners.AndroidJUnit4.run(AndroidJUnit4.java:162)
12-08 06:38:30.343 13607 13651 W DefaultFailureHandler: 	at io.qameta.allure.android.runners.AllureAndroidJUnit4.run(AllureAndroidJUnitRunners.kt:29)
12-08 06:38:30.343 13607 13651 W DefaultFailureHandler: 	at org.junit.runners.Suite.runChild(Suite.java:128)
12-08 06:38:30.343 13607 13651 W DefaultFailureHandler: 	at org.junit.runners.Suite.runChild(Suite.java:27)
12-08 06:38:30.343 13607 13651 W DefaultFailureHandler: 	at org.junit.runners.ParentRunner$4.run(ParentRunner.java:331)
12-08 06:38:30.343 13607 13651 W DefaultFailureHandler: 	at org.junit.runners.ParentRunner$1.schedule(ParentRunner.java:79)
12-08 06:38:30.343 13607 13651 W DefaultFailureHandler: 	at org.junit.runners.ParentRunner.runChildren(ParentRunner.java:329)
12-08 06:38:30.343 13607 13651 W DefaultFailureHandler: 	at org.junit.runners.ParentRunner.access$100(ParentRunner.java:66)
12-08 06:38:30.343 13607 13651 W DefaultFailureHandler: 	at org.junit.runners.ParentRunner$2.evaluate(ParentRunner.java:293)
12-08 06:38:30.343 13607 13651 W DefaultFailureHandler: 	at org.junit.runners.ParentRunner$3.evaluate(ParentRunner.java:306)
12-08 06:38:30.343 13607 13651 W DefaultFailureHandler: 	at org.junit.runners.ParentRunner.run(ParentRunner.java:413)
12-08 06:38:30.343 13607 13651 W DefaultFailureHandler: 	at org.junit.runner.JUnitCore.run(JUnitCore.java:137)
12-08 06:38:30.343 13607 13651 W DefaultFailureHandler: 	at org.junit.runner.JUnitCore.run(JUnitCore.java:115)
12-08 06:38:30.343 13607 13651 W DefaultFailureHandler: 	at androidx.test.internal.runner.TestExecutor.execute(TestExecutor.java:67)
12-08 06:38:30.343 13607 13651 W DefaultFailureHandler: 	at androidx.test.internal.runner.TestExecutor.execute(TestExecutor.java:58)
12-08 06:38:30.343 13607 13651 W DefaultFailureHandler: 	at androidx.test.runner.AndroidJUnitRunner.onStart(AndroidJUnitRunner.java:438)
12-08 06:38:30.343 13607 13651 W DefaultFailureHandler: 	at android.app.Instrumentation$InstrumentationThread.run(Instrumentation.java:2189)
12-08 06:38:30.343 13607 13651 W DefaultFailureHandler: Caused by: android.system.ErrnoException: open failed: EROFS (Read-only file system)
12-08 06:38:30.343 13607 13651 W DefaultFailureHandler: 	at libcore.io.Linux.open(Native Method)
12-08 06:38:30.343 13607 13651 W DefaultFailureHandler: 	at libcore.io.ForwardingOs.open(ForwardingOs.java:167)
12-08 06:38:30.343 13607 13651 W DefaultFailureHandler: 	at libcore.io.BlockGuardOs.open(BlockGuardOs.java:252)
12-08 06:38:30.343 13607 13651 W DefaultFailureHandler: 	at libcore.io.ForwardingOs.open(ForwardingOs.java:167)
12-08 06:38:30.343 13607 13651 W DefaultFailureHandler: 	at android.app.ActivityThread$AndroidOs.open(ActivityThread.java:7255)
12-08 06:38:30.343 13607 13651 W DefaultFailureHandler: 	at libcore.io.IoBridge.open(IoBridge.java:482)
12-08 06:38:30.343 13607 13651 W DefaultFailureHandler: 	... 52 more
12-08 06:38:30.359  2170  2170 D StatusBar: disable<e i a s b h r c s > disable2<q i n >
12-08 06:38:30.399  2170  2566 D EGL_emulation: eglMakeCurrent: 0xe594e040: ver 2 0 (tinfo 0xc52450c0)
12-08 06:38:30.407  1776  1776 D gralloc_ranchu: gralloc_alloc: Creating ashmem region of size 10108928
12-08 06:38:30.421  2170  2566 D EGL_emulation: eglMakeCurrent: 0xe594e040: ver 2 0 (tinfo 0xc52450c0)
12-08 06:38:30.464  2170  2170 D StatusBar: disable<e i a s b h r c s > disable2<q i n >
12-08 06:38:30.479  1776  1776 D gralloc_ranchu: gralloc_alloc: Creating ashmem region of size 10108928
12-08 06:38:30.515  1776  1776 D gralloc_ranchu: gralloc_alloc: Creating ashmem region of size 10108928
