--------- beginning of main
12-08 04:19:42.851  1764  1764 W audio_hw_generic: Not supplying enough data to HAL, expected position 121685406 , only wrote 121636559
12-08 04:19:43.085  5025  5025 W View    : couldn't find view with id 2131231392
12-08 04:19:43.086  5025  5025 I chatty  : uid=10146(ru.iteco.fmhandroid) identical 2 lines
12-08 04:19:43.087  5025  5025 W View    : couldn't find view with id 2131231392
12-08 04:19:43.087  2170  2170 D StatusBar: disable<e i a s b h r c s > disable2<q i n >
12-08 04:19:43.088  5025  5025 W View    : couldn't find view with id 2131231392
12-08 04:19:43.133  2170  2566 D EGL_emulation: eglMakeCurrent: 0xe594e040: ver 2 0 (tinfo 0xc52450c0)
12-08 04:19:43.135  1776  1776 D gralloc_ranchu: gralloc_alloc: Creating ashmem region of size 10108928
12-08 04:19:43.152  2170  2566 D EGL_emulation: eglMakeCurrent: 0xe594e040: ver 2 0 (tinfo 0xc52450c0)
12-08 04:19:43.179  1776  1776 D gralloc_ranchu: gralloc_alloc: Creating ashmem region of size 10108928
12-08 04:19:43.195  2170  2170 D StatusBar: disable<e i a s b h r c s > disable2<q i n >
12-08 04:19:43.234  1776  1776 D gralloc_ranchu: gralloc_alloc: Creating ashmem region of size 10108928
12-08 04:19:44.119  5025  5076 I QueryController: Matched selector: UiSelector[DESCRIPTION=Airplane mode] <<==>> [android.view.accessibility.AccessibilityNodeInfo@6d9e1; boundsInParent: Rect(0, 0 - 292, 292); boundsInScreen: Rect(736, 804 - 1028, 1096); packageName: com.android.systemui; className: android.widget.Switch; text: Off; error: null; maxTextLength: -1; contentDescription: Airplane mode; tooltipText: null; viewIdResName: null; checkable: true; checked: false; focusable: true; focused: false; selected: false; clickable: true; longClickable: true; contextClickable: false; enabled: true; password: false; scrollable: false; importantForAccessibility: true; visible: true; actions: [AccessibilityAction: ACTION_FOCUS - null, AccessibilityAction: ACTION_SELECT - null, AccessibilityAction: ACTION_CLEAR_SELECTION - null, AccessibilityAction: ACTION_CLICK - null, AccessibilityAction: ACTION_ACCESSIBILITY_FOCUS - null, AccessibilityAction: ACTION_NEXT_AT_MOVEMENT_GRANULARITY - null, AccessibilityAction: ACTION_PREVIOUS_AT_MOVEMENT_GRANULARITY - null, AccessibilityAction: ACTION_SET_SELECTION - null, AccessibilityAction: ACTION_SHOW_ON_SCREEN - null, AccessibilityAction: ACTION_LONG_CLICK - Open settings]]
12-08 04:19:44.772  2170  2170 V StatusBar: mStatusBarWindow: com.android.systemui.statusbar.phone.StatusBarWindowView{4752fa5 V.E...... ........ 0,0-1080,2340} canPanelBeCollapsed(): true
12-08 04:19:44.781  2170  2170 D StatusBar: disable<e i a s b h r c s > disable2<q i n >
12-08 04:19:44.813  2170  2170 D StatusBar: disable<e i a s b h r c s > disable2<q i n >
12-08 04:19:44.851  2170  2566 D EGL_emulation: eglMakeCurrent: 0xe594e040: ver 2 0 (tinfo 0xc52450c0)
12-08 04:19:44.856  1776  1776 D gralloc_ranchu: gralloc_alloc: Creating ashmem region of size 286720
--------- beginning of system
12-08 04:19:44.135  2018  2051 I chatty  : uid=1000(system) android.ui expire 1 line
12-08 04:19:44.769  2018  2051 D AutofillManagerService: onBackKeyPressed()
12-08 04:19:44.865  2018  2359 I ActivityTaskManager: START u0 {act=android.intent.action.MAIN cat=[android.intent.category.LAUNCHER] flg=0x10000000 cmp=ru.iteco.fmhandroid.test/androidx.test.core.app.InstrumentationActivityInvoker$EmptyActivity} from uid 10146
12-08 04:19:44.870  2170  2566 D EGL_emulation: eglMakeCurrent: 0xe594e040: ver 2 0 (tinfo 0xc52450c0)
12-08 04:19:44.886  5025  5025 D LifecycleMonitor: Lifecycle status change: ru.iteco.fmhandroid.ui.AppActivity@506beac in: PAUSED
12-08 04:19:44.886  5025  5025 V ActivityScenario: Update currentActivityStage to PAUSED, currentActivity=ru.iteco.fmhandroid.ui.AppActivity@506beac
12-08 04:19:44.890  2018 15480 W InputReader: Device has associated, but no associated display id.
12-08 04:19:44.898  2018 15480 I chatty  : uid=1000(system) Binder:2018_1F identical 48 lines
12-08 04:19:44.898  2018 15480 W InputReader: Device has associated, but no associated display id.
12-08 04:19:44.902  5088  5088 W ActivityThread: handleWindowVisibility: no activity for token android.os.BinderProxy@f8d147b
12-08 04:19:44.903  1776  1776 D gralloc_ranchu: gralloc_alloc: Creating ashmem region of size 286720
12-08 04:19:44.921  5025  5638 V FA      : Recording user engagement, ms: 40388
12-08 04:19:44.922  1776  1776 D gralloc_ranchu: gralloc_alloc: Creating ashmem region of size 286720
12-08 04:19:45.015  2018  2127 I ActivityTaskManager: START u0 {act=android.intent.action.MAIN cat=[android.intent.category.LAUNCHER] flg=0x10000000 cmp=ru.iteco.fmhandroid.test/androidx.test.core.app.InstrumentationActivityInvoker$EmptyActivity} from uid 10146
12-08 04:19:45.027  1776  1776 D gralloc_ranchu: gralloc_alloc: Creating ashmem region of size 10108928
12-08 04:19:45.043  1776  1776 D gralloc_ranchu: gralloc_alloc: Creating ashmem region of size 10108928
12-08 04:19:45.054  1776  1927 D gralloc_ranchu: gralloc_alloc: Creating ashmem region of size 10108928
12-08 04:19:45.056  5088  5120 D EGL_emulation: eglMakeCurrent: 0xdd81a420: ver 2 0 (tinfo 0xdd80f7b0)
12-08 04:19:45.084  5025  5638 V FA      : Connecting to remote service
12-08 04:19:45.117  5025  5638 V FA      : Connection attempt already in progress
12-08 04:19:45.119  5025  5638 V FA      : Activity paused, time: 54948048
12-08 04:19:45.137  5025  5638 D FA      : Connected to remote service
12-08 04:19:45.138  5025  5638 V FA      : Processing queued up service tasks: 2
12-08 04:19:45.141  2018  2127 W InputReader: Device has associated, but no associated display id.
12-08 04:19:45.151  2018  2127 I chatty  : uid=1000(system) Binder:2018_3 identical 48 lines
12-08 04:19:45.151  2018  2127 W InputReader: Device has associated, but no associated display id.
12-08 04:19:45.157  5088  5088 W ActivityThread: handleWindowVisibility: no activity for token android.os.BinderProxy@ee223ba
12-08 04:19:45.193  2018  2127 W ActivityTaskManager: Duplicate finish request for ActivityRecord{2e2530 u0 ru.iteco.fmhandroid/.ui.AppActivity t259 f}
12-08 04:19:45.230  2873  5647 V FA-SVC  : Logging event: origin=auto,name=user_engagement(_e),params=Bundle[{ga_event_origin(_o)=auto, engagement_time_msec(_et)=40388, ga_screen_class(_sc)=AppActivity, ga_screen_id(_si)=6720884523431342220}]
12-08 04:19:45.232  1776  1927 D gralloc_ranchu: gralloc_alloc: Creating ashmem region of size 10108928
12-08 04:19:45.239  1776  1927 I chatty  : uid=1000(system) HwBinder:1776_3 identical 1 line
12-08 04:19:45.241  1776  1927 D gralloc_ranchu: gralloc_alloc: Creating ashmem region of size 10108928
12-08 04:19:45.248  5088  5120 D EGL_emulation: eglMakeCurrent: 0xdd81a420: ver 2 0 (tinfo 0xdd80f7b0)
12-08 04:19:45.282  2018  2054 W InputReader: Device has associated, but no associated display id.
12-08 04:19:45.284  2018  2054 I chatty  : uid=1000(system) android.anim identical 18 lines
12-08 04:19:45.284  2018  2054 W InputReader: Device has associated, but no associated display id.
12-08 04:19:45.291  2018  2058 I ActivityTaskManager: Displayed ru.iteco.fmhandroid.test/androidx.test.core.app.InstrumentationActivityInvoker$EmptyActivity: +232ms
12-08 04:19:45.300  5025  5123 D EGL_emulation: eglMakeCurrent: 0xe593dc60: ver 2 0 (tinfo 0xf0cc0390)
12-08 04:19:45.311  2018  2127 W InputReader: Device has associated, but no associated display id.
12-08 04:19:45.312  2018  2127 I chatty  : uid=1000(system) Binder:2018_3 identical 8 lines
12-08 04:19:45.312  2018  2127 W InputReader: Device has associated, but no associated display id.
12-08 04:19:45.327  2873  5647 V FA-SVC  : Upload scheduled in approximately ms: 3129822
12-08 04:19:45.327  2873  5647 V FA-SVC  : Unscheduling upload
12-08 04:19:45.339  2873  5647 V FA-SVC  : Scheduling upload, millis: 3129822
12-08 04:19:45.356  2873  5647 V FA-SVC  : Background event processing time, ms: 128
12-08 04:19:45.382  2018  2127 W InputReader: Device has associated, but no associated display id.
12-08 04:19:45.382  2018  2127 I chatty  : uid=1000(system) Binder:2018_3 identical 8 lines
12-08 04:19:45.383  2018  2127 W InputReader: Device has associated, but no associated display id.
12-08 04:19:45.393  5025  5025 D AutofillManager: onActivityFinishing(): calling cancelLocked()
12-08 04:19:45.397  5025  5025 D LifecycleMonitor: Lifecycle status change: ru.iteco.fmhandroid.ui.AppActivity@506beac in: STOPPED
12-08 04:19:45.397  5025  5025 V ActivityScenario: Update currentActivityStage to STOPPED, currentActivity=ru.iteco.fmhandroid.ui.AppActivity@506beac
12-08 04:19:45.417  1776  1927 D gralloc_ranchu: gralloc_alloc: Creating ashmem region of size 10108928
12-08 04:19:45.435  1776  1927 I chatty  : uid=1000(system) HwBinder:1776_3 identical 1 line
12-08 04:19:45.441  1776  1927 D gralloc_ranchu: gralloc_alloc: Creating ashmem region of size 10108928
12-08 04:19:45.443  2962  3510 D EGL_emulation: eglMakeCurrent: 0xe597d120: ver 2 0 (tinfo 0xbffb2540)
12-08 04:19:45.470  2018  2018 W ActivityManager: Unable to start service Intent { act=android.service.appprediction.AppPredictionService cmp=com.google.android.as/com.google.android.apps.miphone.aiai.app.AiAiPredictionService } U=0: not found
12-08 04:19:45.470  2018  2018 W RemoteAppPredictionService: could not bind to Intent { act=android.service.appprediction.AppPredictionService cmp=com.google.android.as/com.google.android.apps.miphone.aiai.app.AiAiPredictionService } using flags 67108865
12-08 04:19:45.476  2962  2962 W ThreadPoolDumper: Queue length for executor EventBus is now 11. Perhaps some tasks are too long, or the pool is too small.
12-08 04:19:45.485  1776  1927 D gralloc_ranchu: gralloc_alloc: Creating ashmem region of size 10108928
12-08 04:19:45.502  5025  5025 D LifecycleMonitor: Lifecycle status change: ru.iteco.fmhandroid.ui.AppActivity@506beac in: DESTROYED
12-08 04:19:45.502  5025  5025 V ActivityScenario: Update currentActivityStage to DESTROYED, currentActivity=null
12-08 04:19:45.503  5025  5076 I TestRunner: finished: shouldShowWarningMessageWhenTheConnectionIsBrokenDuringTheCreationOfTheNews(ru.iteco.fmhandroid.ui.NewsCreationFormTest)
12-08 04:19:45.506  1776  1927 D gralloc_ranchu: gralloc_alloc: Creating ashmem region of size 10108928
12-08 04:19:45.514  1776  1927 D gralloc_ranchu: gralloc_alloc: Creating ashmem region of size 10108928
12-08 04:19:45.527 12448 12488 D EGL_emulation: eglMakeCurrent: 0xe594d140: ver 2 0 (tinfo 0xc539bd10)
12-08 04:19:45.597  2962  3348 W SessionLifecycleManager: Handover failed. Creating new session controller.
12-08 04:19:45.624  5025  5076 I TestRunner: started: shouldToggleTurnOffSwitchActive(ru.iteco.fmhandroid.ui.NewsCreationFormTest)
12-08 04:19:45.645  2018  2054 W InputReader: Device has associated, but no associated display id.
12-08 04:19:45.645  2018  2054 I chatty  : uid=1000(system) android.anim identical 8 lines
12-08 04:19:45.645  2018  2054 W InputReader: Device has associated, but no associated display id.
12-08 04:19:45.650  1776  1927 D gralloc_ranchu: gralloc_alloc: Creating ashmem region of size 6471680
12-08 04:19:45.668  2170  2566 D EGL_emulation: eglMakeCurrent: 0xe594e040: ver 2 0 (tinfo 0xc52450c0)
12-08 04:19:45.672  2656  5573 W .gms.persisten: Long monitor contention with owner netscheduler-queue-handler (3876) at int aqtk.a(aqte, aauy)(:com.google.android.gms@202414022@20.24.14 (040700-319035315):88) waiters=0 in int aqtk.c(aqqo) for 204ms
12-08 04:19:45.701  5088  5120 D EGL_emulation: eglMakeCurrent: 0xdd81a420: ver 2 0 (tinfo 0xdd80f7b0)
12-08 04:19:45.706  2170  2566 D EGL_emulation: eglMakeCurrent: 0xe594e040: ver 2 0 (tinfo 0xc52450c0)
12-08 04:19:45.710  5025  5076 W Settings: Setting always_finish_activities has moved from android.provider.Settings.System to android.provider.Settings.Global, returning read-only value.
12-08 04:19:45.719  2656  5573 E SQLiteDatabase: Error inserting flex_time=3129000 job_id=-1 period=6260000 source=16 requires_charging=0 preferred_network_type=1 target_class=com.google.android.gms.measurement.PackageMeasurementTaskService user_id=0 target_package=com.google.android.gms tag=Measurement.PackageMeasurementTaskService.UPLOAD_TASK_TAG task_type=0 required_idleness_state=0 service_kind=0 source_version=202414000 persistence_level=1 preferred_charging_state=1 required_network_type=0 runtime=1670491185466 retry_strategy={"maximum_backoff_seconds":{"3600":0},"initial_backoff_seconds":{"30":0},"retry_policy":{"0":0}} last_runtime=0
12-08 04:19:45.719  2656  5573 E SQLiteDatabase: android.database.sqlite.SQLiteConstraintException: UNIQUE constraint failed: pending_ops.tag, pending_ops.target_class, pending_ops.target_package, pending_ops.user_id (code 2067 SQLITE_CONSTRAINT_UNIQUE)
12-08 04:19:45.719  2656  5573 E SQLiteDatabase: 	at android.database.sqlite.SQLiteConnection.nativeExecuteForLastInsertedRowId(Native Method)
12-08 04:19:45.719  2656  5573 E SQLiteDatabase: 	at android.database.sqlite.SQLiteConnection.executeForLastInsertedRowId(SQLiteConnection.java:879)
12-08 04:19:45.719  2656  5573 E SQLiteDatabase: 	at android.database.sqlite.SQLiteSession.executeForLastInsertedRowId(SQLiteSession.java:790)
12-08 04:19:45.719  2656  5573 E SQLiteDatabase: 	at android.database.sqlite.SQLiteStatement.executeInsert(SQLiteStatement.java:88)
12-08 04:19:45.719  2656  5573 E SQLiteDatabase: 	at android.database.sqlite.SQLiteDatabase.insertWithOnConflict(SQLiteDatabase.java:1599)
12-08 04:19:45.719  2656  5573 E SQLiteDatabase: 	at android.database.sqlite.SQLiteDatabase.insert(SQLiteDatabase.java:1468)
12-08 04:19:45.719  2656  5573 E SQLiteDatabase: 	at aqui.a(:com.google.android.gms@202414022@20.24.14 (040700-319035315):175)
12-08 04:19:45.719  2656  5573 E SQLiteDatabase: 	at aqtk.a(:com.google.android.gms@202414022@20.24.14 (040700-319035315):182)
12-08 04:19:45.719  2656  5573 E SQLiteDatabase: 	at aqtk.a(:com.google.android.gms@202414022@20.24.14 (040700-319035315):23)
12-08 04:19:45.719  2656  5573 E SQLiteDatabase: 	at aqtk.a(:com.google.android.gms@202414022@20.24.14 (040700-319035315):177)
12-08 04:19:45.719  2656  5573 E SQLiteDatabase: 	at aqpu.run(:com.google.android.gms@202414022@20.24.14 (040700-319035315):9)
12-08 04:19:45.719  2656  5573 E SQLiteDatabase: 	at soy.b(:com.google.android.gms@202414022@20.24.14 (040700-319035315):12)
12-08 04:19:45.719  2656  5573 E SQLiteDatabase: 	at soy.run(:com.google.android.gms@202414022@20.24.14 (040700-319035315):7)
12-08 04:19:45.719  2656  5573 E SQLiteDatabase: 	at java.util.concurrent.ThreadPoolExecutor.runWorker(ThreadPoolExecutor.java:1167)
12-08 04:19:45.719  2656  5573 E SQLiteDatabase: 	at java.util.concurrent.ThreadPoolExecutor$Worker.run(ThreadPoolExecutor.java:641)
12-08 04:19:45.719  2656  5573 E SQLiteDatabase: 	at sux.run(:com.google.android.gms@202414022@20.24.14 (040700-319035315):0)
12-08 04:19:45.719  2656  5573 E SQLiteDatabase: 	at java.lang.Thread.run(Thread.java:919)
12-08 04:19:45.726  1793  1793 E Layer   : [Surface(name=AppWindowToken{8dcd2e token=Token{a00d3a9 ActivityRecord{4384b30 u0 com.google.android.apps.nexuslauncher/.NexusLauncherActivity t105}}})/@0x3848044 - animation-leash#0] No local sync point found
12-08 04:19:45.726  1793  1793 E Layer   : [Surface(name=AppWindowToken{106b5d8 token=Token{622acbb ActivityRecord{9d8754a u0 ru.iteco.fmhandroid.test/androidx.test.core.app.InstrumentationActivityInvoker$EmptyActivity t259}}})/@0x7352467 - animation-leash#0] No local sync point found
12-08 04:19:45.742  2018  7392 D HostConnection: HostConnection::get() New Host Connection established 0xb22b1870, tid 7392
12-08 04:19:45.753  2170  2566 D EGL_emulation: eglMakeCurrent: 0xe594e040: ver 2 0 (tinfo 0xc52450c0)
12-08 04:19:45.767  2018  2127 I ActivityTaskManager: START u0 {act=android.intent.action.MAIN cat=[android.intent.category.LAUNCHER] flg=0x10008000 cmp=ru.iteco.fmhandroid.test/androidx.test.core.app.InstrumentationActivityInvoker$BootstrapActivity (has extras)} from uid 10146
12-08 04:19:45.783  2018  7392 D HostConnection: HostComposition ext ANDROID_EMU_CHECKSUM_HELPER_v1 ANDROID_EMU_dma_v1 ANDROID_EMU_direct_mem ANDROID_EMU_host_composition_v1 ANDROID_EMU_host_composition_v2 ANDROID_EMU_vulkan ANDROID_EMU_deferred_vulkan_commands ANDROID_EMU_vulkan_null_optional_strings ANDROID_EMU_vulkan_create_resources_with_requirements ANDROID_EMU_YUV_Cache ANDROID_EMU_vulkan_ignored_handles ANDROID_EMU_vulkan_free_memory_sync ANDROID_EMU_vulkan_shader_float16_int8 ANDROID_EMU_vulkan_async_queue_submit ANDROID_EMU_sync_buffer_data GL_OES_vertex_array_object GL_KHR_texture_compression_astc_ldr ANDROID_EMU_host_side_tracing ANDROID_EMU_gles_max_version_2 
12-08 04:19:45.787  2018  7392 W OpenGLRenderer: Failed to choose config with EGL_SWAP_BEHAVIOR_PRESERVED, retrying without...
12-08 04:19:45.791  2962  2321 W LocationOracle: No location history returned by ContextManager
12-08 04:19:45.803  2018  3031 W InputReader: Device has associated, but no associated display id.
12-08 04:19:45.807  2018  3031 I chatty  : uid=1000(system) Binder:2018_B identical 28 lines
12-08 04:19:45.807  2018  3031 W InputReader: Device has associated, but no associated display id.
12-08 04:19:45.808  5088  5088 W ActivityThread: handleWindowVisibility: no activity for token android.os.BinderProxy@a886955
12-08 04:19:45.811  2018  3031 W InputReader: Device has associated, but no associated display id.
12-08 04:19:45.811  2018  3031 I chatty  : uid=1000(system) Binder:2018_B identical 8 lines
12-08 04:19:45.811  2018  3031 W InputReader: Device has associated, but no associated display id.
12-08 04:19:45.858  1776  1927 D gralloc_ranchu: gralloc_alloc: Creating ashmem region of size 10108928
12-08 04:19:45.865  2018  7392 D EGL_emulation: eglCreateContext: 0xb2357640: maj 2 min 0 rcv 2
12-08 04:19:45.894  2018  7392 D EGL_emulation: eglMakeCurrent: 0xb2357640: ver 2 0 (tinfo 0xc0d1c860)
12-08 04:19:45.902  2018  2359 I ActivityTaskManager: START u0 {act=android.intent.action.MAIN cat=[android.intent.category.LAUNCHER] cmp=ru.iteco.fmhandroid/.ui.AppActivity} from uid 10146
12-08 04:19:45.921 12448 12466 I s.nexuslaunche: NativeAlloc concurrent copying GC freed 4027(299KB) AllocSpace objects, 1(88KB) LOS objects, 49% free, 2727KB/5454KB, paused 1.292ms total 206.316ms
12-08 04:19:45.923  2170  2186 I ndroid.systemu: NativeAlloc concurrent copying GC freed 52511(1968KB) AllocSpace objects, 0(0B) LOS objects, 49% free, 5744KB/11MB, paused 21.488ms total 167.127ms
12-08 04:19:45.931  2018  2127 W InputReader: Device has associated, but no associated display id.
12-08 04:19:45.932  2018  2127 I chatty  : uid=1000(system) Binder:2018_3 identical 19 lines
12-08 04:19:45.933  2018  2127 W InputReader: Device has associated, but no associated display id.
12-08 04:19:45.933 12448 12468 W System  : A resource failed to call release. 
12-08 04:19:45.933  2018  2127 W InputReader: Device has associated, but no associated display id.
12-08 04:19:45.933  2018  2127 I chatty  : uid=1000(system) Binder:2018_3 identical 2 lines
12-08 04:19:45.933  2018  2127 W InputReader: Device has associated, but no associated display id.
12-08 04:19:45.933 12448 12468 W System  : A resource failed to call release. 
12-08 04:19:45.933  2018  2127 W InputReader: Device has associated, but no associated display id.
12-08 04:19:45.936  2018  2127 I chatty  : uid=1000(system) Binder:2018_3 identical 13 lines
12-08 04:19:45.936  2018  2127 W InputReader: Device has associated, but no associated display id.
12-08 04:19:45.936  5025  5025 W ActivityThread: handleWindowVisibility: no activity for token android.os.BinderProxy@db04571
12-08 04:19:45.938  2018  2127 W InputReader: Device has associated, but no associated display id.
12-08 04:19:45.946  2018  2127 I chatty  : uid=1000(system) Binder:2018_3 identical 18 lines
12-08 04:19:45.946  2018  2127 W InputReader: Device has associated, but no associated display id.
12-08 04:19:45.946  2962  3348 I MicroDetectionWorker: #startMicroDetector [speakerMode: 0]
12-08 04:19:45.953  2962  3348 W ErrorReporter: reportError [type: 211, code: 393244, bug: 0]: errorCode: 393244, engine: 0
12-08 04:19:45.953  2962  3348 I MicroDetector: Keeping mic open: false
12-08 04:19:45.953  2962  3348 I MicroDetectionWorker: #onError(false)
12-08 04:19:45.969  2170  2566 D EGL_emulation: eglMakeCurrent: 0xe594e040: ver 2 0 (tinfo 0xc52450c0)
12-08 04:19:45.992 12448 12488 D EGL_emulation: eglMakeCurrent: 0xe594d140: ver 2 0 (tinfo 0xc539bd10)
12-08 04:19:46.007  5025  5025 D LifecycleMonitor: Lifecycle status change: ru.iteco.fmhandroid.ui.AppActivity@32c7ad in: PRE_ON_CREATE
12-08 04:19:46.008  5025  5025 V ActivityScenario: Activity lifecycle changed event received but ignored because the reported transition was not ON_CREATE while the last known transition was PRE_ON_CREATE
12-08 04:19:46.008  2656  3542 W GCoreFlp: No location to return for getLastLocation()
12-08 04:19:46.016  5025  5374 V FA      : onActivityCreated
12-08 04:19:46.023  2962  3510 D EGL_emulation: eglMakeCurrent: 0xe597d120: ver 2 0 (tinfo 0xbffb2540)
12-08 04:19:46.046  5025  5025 D LifecycleMonitor: Lifecycle status change: ru.iteco.fmhandroid.ui.AppActivity@32c7ad in: CREATED
12-08 04:19:46.046  5025  5025 V ActivityScenario: Update currentActivityStage to CREATED, currentActivity=ru.iteco.fmhandroid.ui.AppActivity@32c7ad
12-08 04:19:46.072  2962  5128 I PBSessionCacheImpl: Deleted sessionId[635180202479] from persistence.
12-08 04:19:46.096  2962  3348 W SearchServiceCore: Abort, client detached.
12-08 04:19:46.125  2656  5460 W ctxmgr  : [AclManager] No 3 for (accnt=account#-517948760#, com.google.android.gms(10112):UserVelocityProducer, vrsn=202414022, 0, 3pPkg = null ,  3pMdlId = null ,  pid = 2656). Was: 3 for 1, account#-517948760# [CONTEXT service_id=47 ]
12-08 04:19:46.225  2656  5574 I LogUtils: [Places]: ?: Couldn't find platform key file. [CONTEXT service_id=253 ]
12-08 04:19:46.229  2656  3542 W GCoreFlp: No location to return for getLastLocation()
12-08 04:19:46.290  2018  2031 I system_server: NativeAlloc concurrent copying GC freed 121678(5242KB) AllocSpace objects, 17(596KB) LOS objects, 26% free, 16MB/22MB, paused 747us total 490.488ms
12-08 04:19:46.332  2018  2032 W JHwRemoteBinder: BinderProxy is being destroyed but the application did not call unlinkToDeath to unlink all of its death recipients beforehand.  Releasing leaked death recipient: com.android.server.wifi.-$$Lambda$HalDeviceManager$jNAzj5YlVhwJm5NjZ6HiKskQStI
12-08 04:19:46.347  2656  5460 I ctxmgr  : [ProducerStatusImpl] updateStateForNewContextData: inactive, contextName=7 [CONTEXT service_id=47 ]
12-08 04:19:46.348  5025  5025 D LifecycleMonitor: Lifecycle status change: ru.iteco.fmhandroid.ui.AppActivity@32c7ad in: STARTED
12-08 04:19:46.348  5025  5025 V ActivityScenario: Update currentActivityStage to STARTED, currentActivity=ru.iteco.fmhandroid.ui.AppActivity@32c7ad
12-08 04:19:46.352  5025  5025 D LifecycleMonitor: Lifecycle status change: ru.iteco.fmhandroid.ui.AppActivity@32c7ad in: RESUMED
12-08 04:19:46.353  5025  5025 V ActivityScenario: Update currentActivityStage to RESUMED, currentActivity=ru.iteco.fmhandroid.ui.AppActivity@32c7ad
12-08 04:19:46.353  5025  5638 V FA      : Activity resumed, time: 54949512
12-08 04:19:46.392  2656  2656 I GeofencerStateMachine: removeGeofences: removeRequest=RemoveGeofencingRequest[REMOVE_BY_PENDING_INTENT pendingIntent=PendingIntent[creatorPackage=com.google.android.gms], packageName=com.google.android.gms]
12-08 04:19:46.404  2656  2656 I GeofencerStateMachine: removeGeofences: removeRequest=RemoveGeofencingRequest[REMOVE_BY_PENDING_INTENT pendingIntent=PendingIntent[creatorPackage=com.google.android.gms], packageName=com.google.android.gms]
12-08 04:19:46.410  1776  1927 D gralloc_ranchu: gralloc_alloc: Creating ashmem region of size 10108928
12-08 04:19:46.427  1776  1927 I chatty  : uid=1000(system) HwBinder:1776_3 identical 1 line
12-08 04:19:46.433  1776  1927 D gralloc_ranchu: gralloc_alloc: Creating ashmem region of size 10108928
12-08 04:19:46.452  5025  5123 D EGL_emulation: eglMakeCurrent: 0xe593dc60: ver 2 0 (tinfo 0xf0cc0390)
12-08 04:19:46.456  2656  5658 I PlacesLogger: [PlaceInferenceEngine]: [anon] Changed inference mode: 0 [CONTEXT service_id=253 ]
12-08 04:19:46.486  2656  3542 W GCoreFlp: No location to return for getLastLocation()
12-08 04:19:46.491  2656  5526 I LogUtils: [Places]: ?: Couldn't find platform key file. [CONTEXT service_id=253 ]
12-08 04:19:46.496  2656  5663 I LogUtils: [Places]: ?: Couldn't find platform key file. [CONTEXT service_id=253 ]
12-08 04:19:46.545  5025  5025 I ViewInteraction: Performing 'wait for a specific view with <(an instance of android.widget.TextView and view.getText() with or without transformation to match: is "Authorization" and view.getParent() view.getParent() view.getId() is <2131231186>)> during 10000 millis.' action on view view.getRootView() to equal view
12-08 04:19:46.549  2018  2058 I ActivityTaskManager: Displayed ru.iteco.fmhandroid/.ui.AppActivity: +758ms
12-08 04:19:46.574  2656  5573 I LogUtils: [Places]: ?: Couldn't find platform key file. [CONTEXT service_id=253 ]
12-08 04:19:46.619  2656  3542 W GCoreFlp: No location to return for getLastLocation()
12-08 04:19:46.624  2656  5573 I LogUtils: [Places]: ?: Couldn't find platform key file. [CONTEXT service_id=253 ]
12-08 04:19:46.637  5025  5038 I teco.fmhandroi: NativeAlloc concurrent copying GC freed 92112(4433KB) AllocSpace objects, 4(144KB) LOS objects, 35% free, 10MB/16MB, paused 1.371ms total 268.376ms
12-08 04:19:46.650  2656  5664 I LogUtils: [Places]: ?: Couldn't find platform key file. [CONTEXT service_id=253 ]
12-08 04:19:46.673  2656  5658 I LogUtils: [Places]: ?: PlacesBleScanner start() with priority 2 [CONTEXT service_id=253 ]
12-08 04:19:46.673  2656  5658 I PlacesLogger: [PlaceInferenceEngine]: [anon] Changed inference mode: 1 [CONTEXT service_id=253 ]
12-08 04:19:46.683  2873  5647 V FA-SVC  : Logging event: origin=auto,name=screen_view(_vs),params=Bundle[{ga_event_origin(_o)=auto, ga_previous_class(_pc)=AppActivity, ga_previous_id(_pi)=6720884523431342220, ga_screen_class(_sc)=AppActivity, ga_screen_id(_si)=6720884523431342221}]
12-08 04:19:46.689  2656  2656 E BeaconBle: Missing BluetoothAdapter [CONTEXT service_id=111 ]
12-08 04:19:46.690  2656  2656 I BeaconBle: BLE 'KK+' software access layer enabled [CONTEXT service_id=111 ]
12-08 04:19:46.699  2656  3542 W GCoreFlp: No location to return for getLastLocation()
12-08 04:19:46.708  2656  2656 I BeaconBle: Client requested scan, settings=BleSettings [scanMode=ZERO_POWER, callbackType=ALL_MATCHES, reportDelayMillis=0, 1 filters, 0 clients, callingClientName=Places] [CONTEXT service_id=111 ]
12-08 04:19:46.709  2656  2656 I BeaconBle: Scan : No clients left, canceling alarm. [CONTEXT service_id=111 ]
12-08 04:19:46.710  2656  2656 E BeaconBle: Scan couldn't start for Places [CONTEXT service_id=111 ]
12-08 04:19:46.710  2873  5647 V FA-SVC  : Upload scheduled in approximately ms: 3128439
12-08 04:19:46.710  2873  5647 V FA-SVC  : Unscheduling upload
12-08 04:19:46.712  2656  2656 W Places  : BLE failure while scanning - code 5
12-08 04:19:46.716  2873  5647 V FA-SVC  : Scheduling upload, millis: 3128439
12-08 04:19:46.720  2873  5647 V FA-SVC  : Background event processing time, ms: 38
12-08 04:19:46.765  2656  5460 E SQLiteDatabase: Error inserting flex_time=3128000 job_id=-1 period=6257000 source=16 requires_charging=0 preferred_network_type=1 target_class=com.google.android.gms.measurement.PackageMeasurementTaskService user_id=0 target_package=com.google.android.gms tag=Measurement.PackageMeasurementTaskService.UPLOAD_TASK_TAG task_type=0 required_idleness_state=0 service_kind=0 source_version=202414000 persistence_level=1 preferred_charging_state=1 required_network_type=0 runtime=1670491186729 retry_strategy={"maximum_backoff_seconds":{"3600":0},"initial_backoff_seconds":{"30":0},"retry_policy":{"0":0}} last_runtime=0
12-08 04:19:46.765  2656  5460 E SQLiteDatabase: android.database.sqlite.SQLiteConstraintException: UNIQUE constraint failed: pending_ops.tag, pending_ops.target_class, pending_ops.target_package, pending_ops.user_id (code 2067 SQLITE_CONSTRAINT_UNIQUE)
12-08 04:19:46.765  2656  5460 E SQLiteDatabase: 	at android.database.sqlite.SQLiteConnection.nativeExecuteForLastInsertedRowId(Native Method)
12-08 04:19:46.765  2656  5460 E SQLiteDatabase: 	at android.database.sqlite.SQLiteConnection.executeForLastInsertedRowId(SQLiteConnection.java:879)
12-08 04:19:46.765  2656  5460 E SQLiteDatabase: 	at android.database.sqlite.SQLiteSession.executeForLastInsertedRowId(SQLiteSession.java:790)
12-08 04:19:46.765  2656  5460 E SQLiteDatabase: 	at android.database.sqlite.SQLiteStatement.executeInsert(SQLiteStatement.java:88)
12-08 04:19:46.765  2656  5460 E SQLiteDatabase: 	at android.database.sqlite.SQLiteDatabase.insertWithOnConflict(SQLiteDatabase.java:1599)
12-08 04:19:46.765  2656  5460 E SQLiteDatabase: 	at android.database.sqlite.SQLiteDatabase.insert(SQLiteDatabase.java:1468)
12-08 04:19:46.765  2656  5460 E SQLiteDatabase: 	at aqui.a(:com.google.android.gms@202414022@20.24.14 (040700-319035315):175)
12-08 04:19:46.765  2656  5460 E SQLiteDatabase: 	at aqtk.a(:com.google.android.gms@202414022@20.24.14 (040700-319035315):182)
12-08 04:19:46.765  2656  5460 E SQLiteDatabase: 	at aqtk.a(:com.google.android.gms@202414022@20.24.14 (040700-319035315):23)
12-08 04:19:46.765  2656  5460 E SQLiteDatabase: 	at aqtk.a(:com.google.android.gms@202414022@20.24.14 (040700-319035315):177)
12-08 04:19:46.765  2656  5460 E SQLiteDatabase: 	at aqpu.run(:com.google.android.gms@202414022@20.24.14 (040700-319035315):9)
12-08 04:19:46.765  2656  5460 E SQLiteDatabase: 	at soy.b(:com.google.android.gms@202414022@20.24.14 (040700-319035315):12)
12-08 04:19:46.765  2656  5460 E SQLiteDatabase: 	at soy.run(:com.google.android.gms@202414022@20.24.14 (040700-319035315):7)
12-08 04:19:46.765  2656  5460 E SQLiteDatabase: 	at java.util.concurrent.ThreadPoolExecutor.runWorker(ThreadPoolExecutor.java:1167)
12-08 04:19:46.765  2656  5460 E SQLiteDatabase: 	at java.util.concurrent.ThreadPoolExecutor$Worker.run(ThreadPoolExecutor.java:641)
12-08 04:19:46.765  2656  5460 E SQLiteDatabase: 	at sux.run(:com.google.android.gms@202414022@20.24.14 (040700-319035315):0)
12-08 04:19:46.765  2656  5460 E SQLiteDatabase: 	at java.lang.Thread.run(Thread.java:919)
12-08 04:19:47.121  2018  4653 D WificondControl: Scan result ready event
12-08 04:19:49.353  5025  5409 I okhttp.OkHttpClient: --> GET http://www.981757-ca08998.tmweb.ru:8080/fmh/authentication/userInfo
12-08 04:19:49.353  5025  5409 I okhttp.OkHttpClient: --> END GET
12-08 04:19:51.185  2656  5460 I LogUtils: [Places]: ?: Couldn't find platform key file. [CONTEXT service_id=253 ]
12-08 04:19:51.194  2656  5573 I LogUtils: [Places]: ?: Couldn't find platform key file. [CONTEXT service_id=253 ]
12-08 04:19:51.221  2018  2018 W WindowManager: removeWindowToken: Attempted to remove non-existing token: android.os.Binder@93b876f
12-08 04:19:51.226  2656  5658 I LogUtils: [Places]: ?: PlacesBleScanner stop() [CONTEXT service_id=253 ]
12-08 04:19:51.227  2656  2656 I BeaconBle: Scan : No clients left, canceling alarm. [CONTEXT service_id=111 ]
12-08 04:19:51.229  2656  2656 I BeaconBle: Scan canceled successfully. [CONTEXT service_id=111 ]
12-08 04:19:51.238  2656  5658 I PlacesLogger: [PlaceInferenceEngine]: [anon] Changed inference mode: 0 [CONTEXT service_id=253 ]
12-08 04:19:51.273  2656  3542 W GCoreFlp: No location to return for getLastLocation()
12-08 04:19:51.301  2656  5573 I LogUtils: [Places]: ?: Couldn't find platform key file. [CONTEXT service_id=253 ]
12-08 04:19:51.302  2656  5663 I LogUtils: [Places]: ?: Couldn't find platform key file. [CONTEXT service_id=253 ]
12-08 04:19:51.402  2656  2656 I GeofencerStateMachine: removeGeofences: removeRequest=RemoveGeofencingRequest[REMOVE_BY_PENDING_INTENT pendingIntent=PendingIntent[creatorPackage=com.google.android.gms], packageName=com.google.android.gms]
12-08 04:19:51.658  5025  5638 V FA      : Inactivity, disconnecting from the service
12-08 04:19:56.097  2962  3348 I WorkerManager: dispose()
12-08 04:19:56.099  2962  3348 W ThreadPoolDumper: Queue length for executor EventBus is now 11. Perhaps some tasks are too long, or the pool is too small.
12-08 04:19:56.242  2656  2656 I BeaconBle: Scan : No clients left, canceling alarm. [CONTEXT service_id=111 ]
12-08 04:19:56.556  5025  5025 D takeScreenshot: Found 1 global views to redraw
12-08 04:19:56.598  1776  1927 D gralloc_ranchu: gralloc_alloc: Creating ashmem region of size 10108928
12-08 04:19:56.648  5025  5076 W DefaultFailureHandler: Failed to take screenshot
12-08 04:19:56.648  5025  5076 W DefaultFailureHandler: java.io.FileNotFoundException: view-op-error-19.png: open failed: EROFS (Read-only file system)
12-08 04:19:56.648  5025  5076 W DefaultFailureHandler: 	at libcore.io.IoBridge.open(IoBridge.java:496)
12-08 04:19:56.648  5025  5076 W DefaultFailureHandler: 	at java.io.FileOutputStream.<init>(FileOutputStream.java:235)
12-08 04:19:56.648  5025  5076 W DefaultFailureHandler: 	at java.io.FileOutputStream.<init>(FileOutputStream.java:125)
12-08 04:19:56.648  5025  5076 W DefaultFailureHandler: 	at androidx.test.platform.io.FileTestStorage.openOutputFile(FileTestStorage.java:60)
12-08 04:19:56.648  5025  5076 W DefaultFailureHandler: 	at androidx.test.core.graphics.BitmapStorage.writeToTestStorage(BitmapStorageExt.kt:49)
12-08 04:19:56.648  5025  5076 W DefaultFailureHandler: 	at androidx.test.espresso.base.DefaultFailureHandler.takeScreenshot(DefaultFailureHandler.java:4)
12-08 04:19:56.648  5025  5076 W DefaultFailureHandler: 	at androidx.test.espresso.base.DefaultFailureHandler.handle(DefaultFailureHandler.java:3)
12-08 04:19:56.648  5025  5076 W DefaultFailureHandler: 	at androidx.test.espresso.ViewInteraction.waitForAndHandleInteractionResults(ViewInteraction.java:8)
12-08 04:19:56.648  5025  5076 W DefaultFailureHandler: 	at androidx.test.espresso.ViewInteraction.desugaredPerform(ViewInteraction.java:11)
12-08 04:19:56.648  5025  5076 W DefaultFailureHandler: 	at androidx.test.espresso.ViewInteraction.perform(ViewInteraction.java:8)
12-08 04:19:56.648  5025  5076 W DefaultFailureHandler: 	at ru.iteco.fmhandroid.ui.data.TestUtils.waitView(TestUtils.java:61)
12-08 04:19:56.648  5025  5076 W DefaultFailureHandler: 	at ru.iteco.fmhandroid.ui.steps.AuthSteps.isAuthScreen(AuthSteps.java:56)
12-08 04:19:56.648  5025  5076 W DefaultFailureHandler: 	at ru.iteco.fmhandroid.ui.NewsCreationFormTest.logoutCheck(NewsCreationFormTest.java:54)
12-08 04:19:56.648  5025  5076 W DefaultFailureHandler: 	at java.lang.reflect.Method.invoke(Native Method)
12-08 04:19:56.648  5025  5076 W DefaultFailureHandler: 	at org.junit.runners.model.FrameworkMethod$1.runReflectiveCall(FrameworkMethod.java:59)
12-08 04:19:56.648  5025  5076 W DefaultFailureHandler: 	at org.junit.internal.runners.model.ReflectiveCallable.run(ReflectiveCallable.java:12)
12-08 04:19:56.648  5025  5076 W DefaultFailureHandler: 	at org.junit.runners.model.FrameworkMethod.invokeExplosively(FrameworkMethod.java:56)
12-08 04:19:56.648  5025  5076 W DefaultFailureHandler: 	at androidx.test.internal.runner.junit4.statement.RunBefores.evaluate(RunBefores.java:76)
12-08 04:19:56.648  5025  5076 W DefaultFailureHandler: 	at androidx.test.internal.runner.junit4.statement.RunAfters.evaluate(RunAfters.java:61)
12-08 04:19:56.648  5025  5076 W DefaultFailureHandler: 	at io.qameta.allure.android.rules.ScreenshotRule$apply$1.evaluate(ScreenshotRule.kt:22)
12-08 04:19:56.648  5025  5076 W DefaultFailureHandler: 	at org.junit.rules.ExternalResource$1.evaluate(ExternalResource.java:54)
12-08 04:19:56.648  5025  5076 W DefaultFailureHandler: 	at io.qameta.allure.android.rules.LogcatRule$apply$1.evaluate(LogcatRule.kt:23)
12-08 04:19:56.648  5025  5076 W DefaultFailureHandler: 	at org.junit.rules.RunRules.evaluate(RunRules.java:20)
12-08 04:19:56.648  5025  5076 W DefaultFailureHandler: 	at org.junit.runners.ParentRunner$3.evaluate(ParentRunner.java:306)
12-08 04:19:56.648  5025  5076 W DefaultFailureHandler: 	at org.junit.runners.BlockJUnit4ClassRunner$1.evaluate(BlockJUnit4ClassRunner.java:100)
12-08 04:19:56.648  5025  5076 W DefaultFailureHandler: 	at org.junit.runners.ParentRunner.runLeaf(ParentRunner.java:366)
12-08 04:19:56.648  5025  5076 W DefaultFailureHandler: 	at org.junit.runners.BlockJUnit4ClassRunner.runChild(BlockJUnit4ClassRunner.java:103)
12-08 04:19:56.648  5025  5076 W DefaultFailureHandler: 	at org.junit.runners.BlockJUnit4ClassRunner.runChild(BlockJUnit4ClassRunner.java:63)
12-08 04:19:56.648  5025  5076 W DefaultFailureHandler: 	at org.junit.runners.ParentRunner$4.run(ParentRunner.java:331)
12-08 04:19:56.648  5025  5076 W DefaultFailureHandler: 	at org.junit.runners.ParentRunner$1.schedule(ParentRunner.java:79)
12-08 04:19:56.648  5025  5076 W DefaultFailureHandler: 	at org.junit.runners.ParentRunner.runChildren(ParentRunner.java:329)
12-08 04:19:56.648  5025  5076 W DefaultFailureHandler: 	at org.junit.runners.ParentRunner.access$100(ParentRunner.java:66)
12-08 04:19:56.648  5025  5076 W DefaultFailureHandler: 	at org.junit.runners.ParentRunner$2.evaluate(ParentRunner.java:293)
12-08 04:19:56.648  5025  5076 W DefaultFailureHandler: 	at org.junit.runners.ParentRunner$3.evaluate(ParentRunner.java:306)
12-08 04:19:56.648  5025  5076 W DefaultFailureHandler: 	at org.junit.runners.ParentRunner.run(ParentRunner.java:413)
12-08 04:19:56.648  5025  5076 W DefaultFailureHandler: 	at androidx.test.ext.junit.runners.AndroidJUnit4.run(AndroidJUnit4.java:162)
12-08 04:19:56.648  5025  5076 W DefaultFailureHandler: 	at io.qameta.allure.android.runners.AllureAndroidJUnit4.run(AllureAndroidJUnitRunners.kt:29)
12-08 04:19:56.648  5025  5076 W DefaultFailureHandler: 	at org.junit.runners.Suite.runChild(Suite.java:128)
12-08 04:19:56.648  5025  5076 W DefaultFailureHandler: 	at org.junit.runners.Suite.runChild(Suite.java:27)
12-08 04:19:56.648  5025  5076 W DefaultFailureHandler: 	at org.junit.runners.ParentRunner$4.run(ParentRunner.java:331)
12-08 04:19:56.648  5025  5076 W DefaultFailureHandler: 	at org.junit.runners.ParentRunner$1.schedule(ParentRunner.java:79)
12-08 04:19:56.648  5025  5076 W DefaultFailureHandler: 	at org.junit.runners.ParentRunner.runChildren(ParentRunner.java:329)
12-08 04:19:56.648  5025  5076 W DefaultFailureHandler: 	at org.junit.runners.ParentRunner.access$100(ParentRunner.java:66)
12-08 04:19:56.648  5025  5076 W DefaultFailureHandler: 	at org.junit.runners.ParentRunner$2.evaluate(ParentRunner.java:293)
12-08 04:19:56.648  5025  5076 W DefaultFailureHandler: 	at org.junit.runners.ParentRunner$3.evaluate(ParentRunner.java:306)
12-08 04:19:56.648  5025  5076 W DefaultFailureHandler: 	at org.junit.runners.ParentRunner.run(ParentRunner.java:413)
12-08 04:19:56.648  5025  5076 W DefaultFailureHandler: 	at org.junit.runner.JUnitCore.run(JUnitCore.java:137)
12-08 04:19:56.648  5025  5076 W DefaultFailureHandler: 	at org.junit.runner.JUnitCore.run(JUnitCore.java:115)
12-08 04:19:56.648  5025  5076 W DefaultFailureHandler: 	at androidx.test.internal.runner.TestExecutor.execute(TestExecutor.java:67)
12-08 04:19:56.648  5025  5076 W DefaultFailureHandler: 	at androidx.test.internal.runner.TestExecutor.execute(TestExecutor.java:58)
12-08 04:19:56.648  5025  5076 W DefaultFailureHandler: 	at androidx.test.runner.AndroidJUnitRunner.onStart(AndroidJUnitRunner.java:438)
12-08 04:19:56.648  5025  5076 W DefaultFailureHandler: 	at android.app.Instrumentation$InstrumentationThread.run(Instrumentation.java:2189)
12-08 04:19:56.648  5025  5076 W DefaultFailureHandler: Caused by: android.system.ErrnoException: open failed: EROFS (Read-only file system)
12-08 04:19:56.648  5025  5076 W DefaultFailureHandler: 	at libcore.io.Linux.open(Native Method)
12-08 04:19:56.648  5025  5076 W DefaultFailureHandler: 	at libcore.io.ForwardingOs.open(ForwardingOs.java:167)
12-08 04:19:56.648  5025  5076 W DefaultFailureHandler: 	at libcore.io.BlockGuardOs.open(BlockGuardOs.java:252)
12-08 04:19:56.648  5025  5076 W DefaultFailureHandler: 	at libcore.io.ForwardingOs.open(ForwardingOs.java:167)
12-08 04:19:56.648  5025  5076 W DefaultFailureHandler: 	at android.app.ActivityThread$AndroidOs.open(ActivityThread.java:7255)
12-08 04:19:56.648  5025  5076 W DefaultFailureHandler: 	at libcore.io.IoBridge.open(IoBridge.java:482)
12-08 04:19:56.648  5025  5076 W DefaultFailureHandler: 	... 51 more
12-08 04:19:56.669  5025  5025 I ViewInteraction: Performing 'wait for a specific view with <view.getId() is <2131230870/ru.iteco.fmhandroid:id/authorization_image_button>> during 10000 millis.' action on view view.getRootView() to equal view
12-08 04:19:59.359  5025  5409 I okhttp.OkHttpClient: <-- HTTP FAILED: java.net.SocketTimeoutException: timeout
12-08 04:19:59.361  5025  5025 W System.err: ru.iteco.fmhandroid.exceptions.UnknownException
12-08 04:19:59.361  5025  5025 W System.err: 	at ru.iteco.fmhandroid.utils.Utils.makeRequest(Utils.kt:123)
12-08 04:19:59.361  5025  5025 W System.err: 	at ru.iteco.fmhandroid.utils.Utils$makeRequest$1.invokeSuspend(Unknown Source:15)
12-08 04:19:59.361  5025  5025 W System.err: 	at kotlin.coroutines.jvm.internal.BaseContinuationImpl.resumeWith(ContinuationImpl.kt:33)
12-08 04:19:59.362  5025  5025 W System.err: 	at kotlinx.coroutines.DispatchedTaskKt.resume(DispatchedTask.kt:234)
12-08 04:19:59.362  5025  5025 W System.err: 	at kotlinx.coroutines.DispatchedTaskKt.resumeUnconfined(DispatchedTask.kt:190)
12-08 04:19:59.362  5025  5025 W System.err: 	at kotlinx.coroutines.DispatchedTaskKt.dispatch(DispatchedTask.kt:161)
12-08 04:19:59.362  5025  5025 W System.err: 	at kotlinx.coroutines.CancellableContinuationImpl.dispatchResume(CancellableContinuationImpl.kt:397)
12-08 04:19:59.362  5025  5025 W System.err: 	at kotlinx.coroutines.CancellableContinuationImpl.cancel(CancellableContinuationImpl.kt:183)
12-08 04:19:59.362  5025  5025 W System.err: 	at kotlinx.coroutines.CancellableContinuationImpl.parentCancelled$kotlinx_coroutines_core(CancellableContinuationImpl.kt:190)
12-08 04:19:59.362  5025  5025 W System.err: 	at kotlinx.coroutines.ChildContinuation.invoke(JobSupport.kt:1474)
12-08 04:19:59.362  5025  5025 W System.err: 	at kotlinx.coroutines.JobSupport.notifyCancelling(JobSupport.kt:1499)
12-08 04:19:59.362  5025  5025 W System.err: 	at kotlinx.coroutines.JobSupport.tryMakeCancelling(JobSupport.kt:795)
12-08 04:19:59.362  5025  5025 W System.err: 	at kotlinx.coroutines.JobSupport.makeCancelling(JobSupport.kt:755)
12-08 04:19:59.362  5025  5025 W System.err: 	at kotlinx.coroutines.JobSupport.cancelImpl$kotlinx_coroutines_core(JobSupport.kt:671)
12-08 04:19:59.362  5025  5025 W System.err: 	at kotlinx.coroutines.JobSupport.parentCancelled(JobSupport.kt:637)
12-08 04:19:59.362  5025  5025 W System.err: 	at kotlinx.coroutines.ChildHandleNode.invoke(JobSupport.kt:1465)
12-08 04:19:59.362  5025  5025 W System.err: 	at kotlinx.coroutines.JobSupport.notifyCancelling(JobSupport.kt:1499)
12-08 04:19:59.362  5025  5025 W System.err: 	at kotlinx.coroutines.JobSupport.tryMakeCompletingSlowPath(JobSupport.kt:900)
12-08 04:19:59.362  5025  5025 W System.err: 	at kotlinx.coroutines.JobSupport.tryMakeCompleting(JobSupport.kt:863)
12-08 04:19:59.362  5025  5025 W System.err: 	at kotlinx.coroutines.JobSupport.cancelMakeCompleting(JobSupport.kt:696)
12-08 04:19:59.362  5025  5025 W System.err: 	at kotlinx.coroutines.JobSupport.cancelImpl$kotlinx_coroutines_core(JobSupport.kt:667)
12-08 04:19:59.362  5025  5025 W System.err: 	at kotlinx.coroutines.JobSupport.cancelInternal(JobSupport.kt:632)
12-08 04:19:59.363  5025  5025 W System.err: 	at kotlinx.coroutines.JobSupport.cancel(JobSupport.kt:617)
12-08 04:19:59.363  5025  5025 W System.err: 	at kotlinx.coroutines.JobKt__JobKt.cancel(Job.kt:561)
12-08 04:19:59.363  5025  5025 W System.err: 	at kotlinx.coroutines.JobKt.cancel(Unknown Source:1)
12-08 04:19:59.363  5025  5025 W System.err: 	at kotlinx.coroutines.JobKt__JobKt.cancel$default(Job.kt:560)
12-08 04:19:59.363  5025  5025 W System.err: 	at kotlinx.coroutines.JobKt.cancel$default(Unknown Source:1)
12-08 04:19:59.363  5025  5025 W System.err: 	at androidx.lifecycle.CloseableCoroutineScope.close(ViewModel.kt:51)
12-08 04:19:59.363  5025  5025 W System.err: 	at androidx.lifecycle.ViewModel.closeWithRuntimeException(ViewModel.java:188)
12-08 04:19:59.363  5025  5025 W System.err: 	at androidx.lifecycle.ViewModel.clear(ViewModel.java:134)
12-08 04:19:59.363  5025  5025 W System.err: 	at androidx.lifecycle.ViewModelStore.clear(ViewModelStore.java:62)
12-08 04:19:59.363  5025  5025 W System.err: 	at androidx.fragment.app.FragmentManagerViewModel.clearNonConfigStateInternal(FragmentManagerViewModel.java:210)
12-08 04:19:59.363  5025  5025 W System.err: 	at androidx.fragment.app.FragmentManagerViewModel.clearNonConfigState(FragmentManagerViewModel.java:190)
12-08 04:19:59.363  5025  5025 W System.err: 	at androidx.fragment.app.FragmentStateManager.destroy(FragmentStateManager.java:778)
12-08 04:19:59.363  5025  5025 W System.err: 	at androidx.fragment.app.FragmentStateManager.moveToExpectedState(FragmentStateManager.java:335)
12-08 04:19:59.363  5025  5025 W System.err: 	at androidx.fragment.app.FragmentStore.moveToExpectedState(FragmentStore.java:121)
12-08 04:19:59.363  5025  5025 W System.err: 	at androidx.fragment.app.FragmentManager.moveToState(FragmentManager.java:1374)
12-08 04:19:59.363  5025  5025 W System.err: 	at androidx.fragment.app.FragmentManager.dispatchStateChange(FragmentManager.java:2841)
12-08 04:19:59.363  5025  5025 W System.err: 	at androidx.fragment.app.FragmentManager.dispatchDestroy(FragmentManager.java:2820)
12-08 04:19:59.364  5025  5025 W System.err: 	at androidx.fragment.app.Fragment.performDestroy(Fragment.java:3246)
12-08 04:19:59.364  5025  5025 W System.err: 	at androidx.fragment.app.FragmentStateManager.destroy(FragmentStateManager.java:780)
12-08 04:19:59.364  5025  5025 W System.err: 	at androidx.fragment.app.FragmentStateManager.moveToExpectedState(FragmentStateManager.java:335)
12-08 04:19:59.364  5025  5025 W System.err: 	at androidx.fragment.app.SpecialEffectsController$FragmentStateManagerOperation.complete(SpecialEffectsController.java:771)
12-08 04:19:59.364  5025  5025 W System.err: 	at androidx.fragment.app.SpecialEffectsController$Operation.cancel(SpecialEffectsController.java:615)
12-08 04:19:59.364  5025  5025 W System.err: 	at androidx.fragment.app.SpecialEffectsController.forceCompleteAllOperations(SpecialEffectsController.java:350)
12-08 04:19:59.364  5025  5025 W System.err: 	at androidx.fragment.app.FragmentManager.dispatchStateChange(FragmentManager.java:2844)
12-08 04:19:59.364  5025  5025 W System.err: 	at androidx.fragment.app.FragmentManager.dispatchDestroy(FragmentManager.java:2820)
12-08 04:19:59.364  5025  5025 W System.err: 	at androidx.fragment.app.FragmentController.dispatchDestroy(FragmentController.java:345)
12-08 04:19:59.364  5025  5025 W System.err: 	at androidx.fragment.app.FragmentActivity.onDestroy(FragmentActivity.java:306)
12-08 04:19:59.364  5025  5025 W System.err: 	at androidx.appcompat.app.AppCompatActivity.onDestroy(AppCompatActivity.java:278)
12-08 04:19:59.365  5025  5025 W System.err: 	at android.app.Activity.performDestroy(Activity.java:8048)
12-08 04:19:59.365  5025  5025 W System.err: 	at android.app.Instrumentation.callActivityOnDestroy(Instrumentation.java:1334)
12-08 04:19:59.365  5025  5025 W System.err: 	at androidx.test.runner.MonitoringInstrumentation.callActivityOnDestroy(MonitoringInstrumentation.java:766)
12-08 04:19:59.365  5025  5025 W System.err: 	at android.app.ActivityThread.performDestroyActivity(ActivityThread.java:4926)
12-08 04:19:59.365  5025  5025 W System.err: 	at android.app.ActivityThread.handleDestroyActivity(ActivityThread.java:4970)
12-08 04:19:59.365  5025  5025 W System.err: 	at android.app.servertransaction.DestroyActivityItem.execute(DestroyActivityItem.java:44)
12-08 04:19:59.365  5025  5025 W System.err: 	at android.app.servertransaction.TransactionExecutor.executeLifecycleState(TransactionExecutor.java:176)
12-08 04:19:59.365  5025  5025 W System.err: 	at android.app.servertransaction.TransactionExecutor.execute(TransactionExecutor.java:97)
12-08 04:19:59.365  5025  5025 W System.err: 	at android.app.ActivityThread$H.handleMessage(ActivityThread.java:2016)
12-08 04:19:59.365  5025  5025 W System.err: 	at android.os.Handler.dispatchMessage(Handler.java:107)
12-08 04:19:59.365  5025  5025 W System.err: 	at android.os.Looper.loop(Looper.java:214)
12-08 04:19:59.365  5025  5025 W System.err: 	at android.app.ActivityThread.main(ActivityThread.java:7356)
12-08 04:19:59.365  5025  5025 W System.err: 	at java.lang.reflect.Method.invoke(Native Method)
12-08 04:19:59.365  5025  5025 W System.err: 	at com.android.internal.os.RuntimeInit$MethodAndArgsCaller.run(RuntimeInit.java:492)
12-08 04:19:59.365  5025  5025 W System.err: 	at com.android.internal.os.ZygoteInit.main(ZygoteInit.java:930)
12-08 04:20:00.006  2170  2170 D KeyguardClockSwitch: Updating clock: 4î¸20
12-08 04:20:05.255  1893  1893 E netmgr  : Failed to open QEMU pipe 'qemud:network': Invalid argument
12-08 04:20:06.723  5025  5025 D takeScreenshot: Found 1 global views to redraw
12-08 04:20:06.767  1776  1927 D gralloc_ranchu: gralloc_alloc: Creating ashmem region of size 10108928
12-08 04:20:06.822  5025  5076 W DefaultFailureHandler: Failed to take screenshot
12-08 04:20:06.822  5025  5076 W DefaultFailureHandler: java.io.FileNotFoundException: view-op-error-20.png: open failed: EROFS (Read-only file system)
12-08 04:20:06.822  5025  5076 W DefaultFailureHandler: 	at libcore.io.IoBridge.open(IoBridge.java:496)
