--------- beginning of main
12-08 06:35:51.769 13607 13607 D takeScreenshot: Found 1 global views to redraw
12-08 06:35:51.801  1776  1927 D gralloc_ranchu: gralloc_alloc: Creating ashmem region of size 10108928
12-08 06:35:51.877 13607 13651 W DefaultFailureHandler: Failed to take screenshot
12-08 06:35:51.877 13607 13651 W DefaultFailureHandler: java.io.FileNotFoundException: view-op-error-9.png: open failed: EROFS (Read-only file system)
12-08 06:35:51.877 13607 13651 W DefaultFailureHandler: 	at libcore.io.IoBridge.open(IoBridge.java:496)
12-08 06:35:51.877 13607 13651 W DefaultFailureHandler: 	at java.io.FileOutputStream.<init>(FileOutputStream.java:235)
12-08 06:35:51.877 13607 13651 W DefaultFailureHandler: 	at java.io.FileOutputStream.<init>(FileOutputStream.java:125)
12-08 06:35:51.877 13607 13651 W DefaultFailureHandler: 	at androidx.test.platform.io.FileTestStorage.openOutputFile(FileTestStorage.java:60)
12-08 06:35:51.877 13607 13651 W DefaultFailureHandler: 	at androidx.test.core.graphics.BitmapStorage.writeToTestStorage(BitmapStorageExt.kt:49)
12-08 06:35:51.877 13607 13651 W DefaultFailureHandler: 	at androidx.test.espresso.base.DefaultFailureHandler.takeScreenshot(DefaultFailureHandler.java:4)
12-08 06:35:51.877 13607 13651 W DefaultFailureHandler: 	at androidx.test.espresso.base.DefaultFailureHandler.handle(DefaultFailureHandler.java:3)
12-08 06:35:51.877 13607 13651 W DefaultFailureHandler: 	at androidx.test.espresso.ViewInteraction.waitForAndHandleInteractionResults(ViewInteraction.java:8)
12-08 06:35:51.877 13607 13651 W DefaultFailureHandler: 	at androidx.test.espresso.ViewInteraction.desugaredPerform(ViewInteraction.java:11)
12-08 06:35:51.877 13607 13651 W DefaultFailureHandler: 	at androidx.test.espresso.ViewInteraction.perform(ViewInteraction.java:8)
12-08 06:35:51.877 13607 13651 W DefaultFailureHandler: 	at ru.iteco.fmhandroid.ui.data.TestUtils.waitView(TestUtils.java:61)
12-08 06:35:51.877 13607 13651 W DefaultFailureHandler: 	at ru.iteco.fmhandroid.ui.steps.MainPageSteps.clickLogOutBut(MainPageSteps.java:55)
12-08 06:35:51.877 13607 13651 W DefaultFailureHandler: 	at ru.iteco.fmhandroid.ui.ClaimsCreationFormTest.logoutCheck(ClaimsCreationFormTest.java:61)
12-08 06:35:51.877 13607 13651 W DefaultFailureHandler: 	at java.lang.reflect.Method.invoke(Native Method)
12-08 06:35:51.877 13607 13651 W DefaultFailureHandler: 	at org.junit.runners.model.FrameworkMethod$1.runReflectiveCall(FrameworkMethod.java:59)
12-08 06:35:51.877 13607 13651 W DefaultFailureHandler: 	at org.junit.internal.runners.model.ReflectiveCallable.run(ReflectiveCallable.java:12)
12-08 06:35:51.877 13607 13651 W DefaultFailureHandler: 	at org.junit.runners.model.FrameworkMethod.invokeExplosively(FrameworkMethod.java:56)
12-08 06:35:51.877 13607 13651 W DefaultFailureHandler: 	at androidx.test.internal.runner.junit4.statement.RunBefores.evaluate(RunBefores.java:76)
12-08 06:35:51.877 13607 13651 W DefaultFailureHandler: 	at androidx.test.internal.runner.junit4.statement.RunAfters.evaluate(RunAfters.java:61)
12-08 06:35:51.877 13607 13651 W DefaultFailureHandler: 	at io.qameta.allure.android.rules.ScreenshotRule$apply$1.evaluate(ScreenshotRule.kt:22)
12-08 06:35:51.877 13607 13651 W DefaultFailureHandler: 	at org.junit.rules.ExternalResource$1.evaluate(ExternalResource.java:54)
12-08 06:35:51.877 13607 13651 W DefaultFailureHandler: 	at io.qameta.allure.android.rules.LogcatRule$apply$1.evaluate(LogcatRule.kt:23)
12-08 06:35:51.877 13607 13651 W DefaultFailureHandler: 	at org.junit.rules.RunRules.evaluate(RunRules.java:20)
12-08 06:35:51.877 13607 13651 W DefaultFailureHandler: 	at org.junit.runners.ParentRunner$3.evaluate(ParentRunner.java:306)
12-08 06:35:51.877 13607 13651 W DefaultFailureHandler: 	at org.junit.runners.BlockJUnit4ClassRunner$1.evaluate(BlockJUnit4ClassRunner.java:100)
12-08 06:35:51.877 13607 13651 W DefaultFailureHandler: 	at org.junit.runners.ParentRunner.runLeaf(ParentRunner.java:366)
12-08 06:35:51.877 13607 13651 W DefaultFailureHandler: 	at org.junit.runners.BlockJUnit4ClassRunner.runChild(BlockJUnit4ClassRunner.java:103)
12-08 06:35:51.877 13607 13651 W DefaultFailureHandler: 	at org.junit.runners.BlockJUnit4ClassRunner.runChild(BlockJUnit4ClassRunner.java:63)
12-08 06:35:51.877 13607 13651 W DefaultFailureHandler: 	at org.junit.runners.ParentRunner$4.run(ParentRunner.java:331)
12-08 06:35:51.877 13607 13651 W DefaultFailureHandler: 	at org.junit.runners.ParentRunner$1.schedule(ParentRunner.java:79)
12-08 06:35:51.877 13607 13651 W DefaultFailureHandler: 	at org.junit.runners.ParentRunner.runChildren(ParentRunner.java:329)
12-08 06:35:51.877 13607 13651 W DefaultFailureHandler: 	at org.junit.runners.ParentRunner.access$100(ParentRunner.java:66)
12-08 06:35:51.877 13607 13651 W DefaultFailureHandler: 	at org.junit.runners.ParentRunner$2.evaluate(ParentRunner.java:293)
12-08 06:35:51.877 13607 13651 W DefaultFailureHandler: 	at org.junit.runners.ParentRunner$3.evaluate(ParentRunner.java:306)
12-08 06:35:51.877 13607 13651 W DefaultFailureHandler: 	at org.junit.runners.ParentRunner.run(ParentRunner.java:413)
12-08 06:35:51.877 13607 13651 W DefaultFailureHandler: 	at androidx.test.ext.junit.runners.AndroidJUnit4.run(AndroidJUnit4.java:162)
12-08 06:35:51.877 13607 13651 W DefaultFailureHandler: 	at io.qameta.allure.android.runners.AllureAndroidJUnit4.run(AllureAndroidJUnitRunners.kt:29)
12-08 06:35:51.877 13607 13651 W DefaultFailureHandler: 	at org.junit.runners.Suite.runChild(Suite.java:128)
12-08 06:35:51.877 13607 13651 W DefaultFailureHandler: 	at org.junit.runners.Suite.runChild(Suite.java:27)
12-08 06:35:51.877 13607 13651 W DefaultFailureHandler: 	at org.junit.runners.ParentRunner$4.run(ParentRunner.java:331)
12-08 06:35:51.877 13607 13651 W DefaultFailureHandler: 	at org.junit.runners.ParentRunner$1.schedule(ParentRunner.java:79)
12-08 06:35:51.877 13607 13651 W DefaultFailureHandler: 	at org.junit.runners.ParentRunner.runChildren(ParentRunner.java:329)
12-08 06:35:51.877 13607 13651 W DefaultFailureHandler: 	at org.junit.runners.ParentRunner.access$100(ParentRunner.java:66)
12-08 06:35:51.877 13607 13651 W DefaultFailureHandler: 	at org.junit.runners.ParentRunner$2.evaluate(ParentRunner.java:293)
12-08 06:35:51.877 13607 13651 W DefaultFailureHandler: 	at org.junit.runners.ParentRunner$3.evaluate(ParentRunner.java:306)
12-08 06:35:51.877 13607 13651 W DefaultFailureHandler: 	at org.junit.runners.ParentRunner.run(ParentRunner.java:413)
12-08 06:35:51.877 13607 13651 W DefaultFailureHandler: 	at org.junit.runner.JUnitCore.run(JUnitCore.java:137)
12-08 06:35:51.877 13607 13651 W DefaultFailureHandler: 	at org.junit.runner.JUnitCore.run(JUnitCore.java:115)
12-08 06:35:51.877 13607 13651 W DefaultFailureHandler: 	at androidx.test.internal.runner.TestExecutor.execute(TestExecutor.java:67)
12-08 06:35:51.877 13607 13651 W DefaultFailureHandler: 	at androidx.test.internal.runner.TestExecutor.execute(TestExecutor.java:58)
12-08 06:35:51.877 13607 13651 W DefaultFailureHandler: 	at androidx.test.runner.AndroidJUnitRunner.onStart(AndroidJUnitRunner.java:438)
12-08 06:35:51.877 13607 13651 W DefaultFailureHandler: 	at android.app.Instrumentation$InstrumentationThread.run(Instrumentation.java:2189)
12-08 06:35:51.878 13607 13651 W DefaultFailureHandler: Caused by: android.system.ErrnoException: open failed: EROFS (Read-only file system)
12-08 06:35:51.878 13607 13651 W DefaultFailureHandler: 	at libcore.io.Linux.open(Native Method)
12-08 06:35:51.878 13607 13651 W DefaultFailureHandler: 	at libcore.io.ForwardingOs.open(ForwardingOs.java:167)
12-08 06:35:51.878 13607 13651 W DefaultFailureHandler: 	at libcore.io.BlockGuardOs.open(BlockGuardOs.java:252)
12-08 06:35:51.878 13607 13651 W DefaultFailureHandler: 	at libcore.io.ForwardingOs.open(ForwardingOs.java:167)
12-08 06:35:51.878 13607 13651 W DefaultFailureHandler: 	at android.app.ActivityThread$AndroidOs.open(ActivityThread.java:7255)
12-08 06:35:51.878 13607 13651 W DefaultFailureHandler: 	at libcore.io.IoBridge.open(IoBridge.java:482)
12-08 06:35:51.878 13607 13651 W DefaultFailureHandler: 	... 51 more
12-08 06:35:51.890  2170  2170 D StatusBar: disable<e i a s b h r c s > disable2<q i n >
12-08 06:35:51.937  2170  2566 D EGL_emulation: eglMakeCurrent: 0xe594e040: ver 2 0 (tinfo 0xc52450c0)
12-08 06:35:51.947  1776  1927 D gralloc_ranchu: gralloc_alloc: Creating ashmem region of size 10108928
12-08 06:35:51.961  2170  2566 D EGL_emulation: eglMakeCurrent: 0xe594e040: ver 2 0 (tinfo 0xc52450c0)
12-08 06:35:52.023  1776  1927 D gralloc_ranchu: gralloc_alloc: Creating ashmem region of size 10108928
12-08 06:35:52.055  2170  2170 D StatusBar: disable<e i a s b h r c s > disable2<q i n >
12-08 06:35:52.115  1776  1927 D gralloc_ranchu: gralloc_alloc: Creating ashmem region of size 10108928
12-08 06:35:52.929 13607 13651 I QueryController: Matched selector: UiSelector[DESCRIPTION=Airplane mode] <<==>> [android.view.accessibility.AccessibilityNodeInfo@6defb; boundsInParent: Rect(0, 0 - 292, 292); boundsInScreen: Rect(736, 804 - 1028, 1096); packageName: com.android.systemui; className: android.widget.Switch; text: Off; error: null; maxTextLength: -1; contentDescription: Airplane mode; tooltipText: null; viewIdResName: null; checkable: true; checked: false; focusable: true; focused: false; selected: false; clickable: true; longClickable: true; contextClickable: false; enabled: true; password: false; scrollable: false; importantForAccessibility: true; visible: true; actions: [AccessibilityAction: ACTION_FOCUS - null, AccessibilityAction: ACTION_SELECT - null, AccessibilityAction: ACTION_CLEAR_SELECTION - null, AccessibilityAction: ACTION_CLICK - null, AccessibilityAction: ACTION_ACCESSIBILITY_FOCUS - null, AccessibilityAction: ACTION_NEXT_AT_MOVEMENT_GRANULARITY - null, AccessibilityAction: ACTION_PREVIOUS_AT_MOVEMENT_GRANULARITY - null, AccessibilityAction: ACTION_SET_SELECTION - null, AccessibilityAction: ACTION_SHOW_ON_SCREEN - null, AccessibilityAction: ACTION_LONG_CLICK - Open settings]]
--------- beginning of system
12-08 06:35:52.948  2018  2051 D AutofillManagerService: onBackKeyPressed()
12-08 06:35:53.580  2170  2170 V StatusBar: mStatusBarWindow: com.android.systemui.statusbar.phone.StatusBarWindowView{4752fa5 V.E...... ........ 0,0-1080,2340} canPanelBeCollapsed(): true
12-08 06:35:53.590  2170  2170 D StatusBar: disable<e i a s b h r c s > disable2<q i n >
12-08 06:35:53.609  1776  1927 D gralloc_ranchu: gralloc_alloc: Creating ashmem region of size 10108928
12-08 06:35:53.685  2170  2170 D StatusBar: disable<e i a s b h r c s > disable2<q i n >
12-08 06:35:53.752  2170  2566 D EGL_emulation: eglMakeCurrent: 0xe594e040: ver 2 0 (tinfo 0xc52450c0)
12-08 06:35:53.759  1776  1927 D gralloc_ranchu: gralloc_alloc: Creating ashmem region of size 286720
12-08 06:35:53.772  2170  2566 D EGL_emulation: eglMakeCurrent: 0xe594e040: ver 2 0 (tinfo 0xc52450c0)
12-08 06:35:53.809  1776  1927 D gralloc_ranchu: gralloc_alloc: Creating ashmem region of size 286720
12-08 06:35:53.579  2018  2051 D AutofillManagerService: onBackKeyPressed()
12-08 06:35:53.985  2018  5644 I ActivityTaskManager: START u0 {act=android.intent.action.MAIN cat=[android.intent.category.LAUNCHER] flg=0x10000000 cmp=ru.iteco.fmhandroid.test/androidx.test.core.app.InstrumentationActivityInvoker$EmptyActivity} from uid 10146
12-08 06:35:53.836  1776  1927 D gralloc_ranchu: gralloc_alloc: Creating ashmem region of size 286720
12-08 06:35:53.998 13607 13607 D LifecycleMonitor: Lifecycle status change: ru.iteco.fmhandroid.ui.AppActivity@cc18095 in: PAUSED
12-08 06:35:53.998 13607 13607 V ActivityScenario: Update currentActivityStage to PAUSED, currentActivity=ru.iteco.fmhandroid.ui.AppActivity@cc18095
12-08 06:35:53.999  2018  5644 W InputReader: Device has associated, but no associated display id.
12-08 06:35:54.003  2018  5644 I chatty  : uid=1000(system) Binder:2018_14 identical 38 lines
12-08 06:35:54.003  2018  5644 W InputReader: Device has associated, but no associated display id.
12-08 06:35:54.006 13607 13644 V FA      : Recording user engagement, ms: 22532
12-08 06:35:54.006 13665 13665 W ActivityThread: handleWindowVisibility: no activity for token android.os.BinderProxy@e4a6b89
12-08 06:35:54.009  2018  5644 W InputReader: Device has associated, but no associated display id.
12-08 06:35:54.010  2018  5644 I chatty  : uid=1000(system) Binder:2018_14 identical 8 lines
12-08 06:35:54.010  2018  5644 W InputReader: Device has associated, but no associated display id.
12-08 06:35:54.085  1776  1927 D gralloc_ranchu: gralloc_alloc: Creating ashmem region of size 10108928
12-08 06:35:54.098  1776  1927 I chatty  : uid=1000(system) HwBinder:1776_3 identical 1 line
12-08 06:35:54.100  1776  1927 D gralloc_ranchu: gralloc_alloc: Creating ashmem region of size 10108928
12-08 06:35:54.104 13665 13696 D EGL_emulation: eglMakeCurrent: 0xe593ea40: ver 2 0 (tinfo 0xf0c89d20)
12-08 06:35:54.132 13607 13644 V FA      : Connecting to remote service
12-08 06:35:54.154  2018  2358 W InputReader: Device has associated, but no associated display id.
12-08 06:35:54.163  2018  2358 I chatty  : uid=1000(system) Binder:2018_6 identical 48 lines
12-08 06:35:54.163  2018  2358 W InputReader: Device has associated, but no associated display id.
12-08 06:35:54.168 13607 13644 V FA      : Connection attempt already in progress
12-08 06:35:54.169 13607 13644 V FA      : Activity paused, time: 62129745
12-08 06:35:54.188 13665 13665 W ActivityThread: handleWindowVisibility: no activity for token android.os.BinderProxy@b5c6143
12-08 06:35:54.215 13607 13644 D FA      : Connected to remote service
12-08 06:35:54.215 13607 13644 V FA      : Processing queued up service tasks: 2
12-08 06:35:54.060  2018  5644 I ActivityTaskManager: START u0 {act=android.intent.action.MAIN cat=[android.intent.category.LAUNCHER] flg=0x10000000 cmp=ru.iteco.fmhandroid.test/androidx.test.core.app.InstrumentationActivityInvoker$EmptyActivity} from uid 10146
12-08 06:35:54.233  2018  2358 W ActivityTaskManager: Duplicate finish request for ActivityRecord{39bf6bf u0 ru.iteco.fmhandroid/.ui.AppActivity t359 f}
12-08 06:35:54.275  2873 13654 V FA-SVC  : Logging event: origin=auto,name=user_engagement(_e),params=Bundle[{ga_event_origin(_o)=auto, engagement_time_msec(_et)=22532, ga_screen_class(_sc)=AppActivity, ga_screen_id(_si)=-527999674539728471}]
12-08 06:35:54.291  1776  1927 D gralloc_ranchu: gralloc_alloc: Creating ashmem region of size 10108928
12-08 06:35:54.298  1776  1927 I chatty  : uid=1000(system) HwBinder:1776_3 identical 1 line
12-08 06:35:54.300  1776  1927 D gralloc_ranchu: gralloc_alloc: Creating ashmem region of size 10108928
12-08 06:35:54.303 13665 13696 D EGL_emulation: eglMakeCurrent: 0xe593ea40: ver 2 0 (tinfo 0xf0c89d20)
12-08 06:35:54.331  2018  2054 W InputReader: Device has associated, but no associated display id.
12-08 06:35:54.332  2018  2054 I chatty  : uid=1000(system) android.anim identical 18 lines
12-08 06:35:54.332  2018  2054 W InputReader: Device has associated, but no associated display id.
12-08 06:35:54.351  2018  2693 W InputReader: Device has associated, but no associated display id.
12-08 06:35:54.351  2018  2693 I chatty  : uid=1000(system) Binder:2018_9 identical 8 lines
12-08 06:35:54.351  2018  2693 W InputReader: Device has associated, but no associated display id.
12-08 06:35:54.360 13607 13699 D EGL_emulation: eglMakeCurrent: 0xe593e8c0: ver 2 0 (tinfo 0xf0c99e70)
12-08 06:35:54.372 13665 13696 D EGL_emulation: eglMakeCurrent: 0xe593ea40: ver 2 0 (tinfo 0xf0c89d20)
12-08 06:35:54.380  2018  2058 I ActivityTaskManager: Displayed ru.iteco.fmhandroid.test/androidx.test.core.app.InstrumentationActivityInvoker$EmptyActivity: +164ms
12-08 06:35:54.384 13665 13696 D EGL_emulation: eglMakeCurrent: 0xe593ea40: ver 2 0 (tinfo 0xf0c89d20)
12-08 06:35:54.394  2873 13654 V FA-SVC  : Upload scheduled in approximately ms: 3343235
12-08 06:35:54.394  2873 13654 V FA-SVC  : Unscheduling upload
12-08 06:35:54.401  2018  2358 W InputReader: Device has associated, but no associated display id.
12-08 06:35:54.402  2018  2358 I chatty  : uid=1000(system) Binder:2018_6 identical 8 lines
12-08 06:35:54.402  2018  2358 W InputReader: Device has associated, but no associated display id.
12-08 06:35:54.403  2873 13654 V FA-SVC  : Scheduling upload, millis: 3343235
12-08 06:35:54.413 13607 13607 D LifecycleMonitor: Lifecycle status change: ru.iteco.fmhandroid.ui.AppActivity@cc18095 in: STOPPED
12-08 06:35:54.414 13607 13607 V ActivityScenario: Update currentActivityStage to STOPPED, currentActivity=ru.iteco.fmhandroid.ui.AppActivity@cc18095
12-08 06:35:54.428 13607 13607 D LifecycleMonitor: Lifecycle status change: ru.iteco.fmhandroid.ui.AppActivity@cc18095 in: DESTROYED
12-08 06:35:54.428 13607 13607 V ActivityScenario: Update currentActivityStage to DESTROYED, currentActivity=null
12-08 06:35:54.436  1776  1927 D gralloc_ranchu: gralloc_alloc: Creating ashmem region of size 10108928
12-08 06:35:54.446  1776  1776 D gralloc_ranchu: gralloc_alloc: Creating ashmem region of size 10108928
12-08 06:35:54.447  2873 13654 V FA-SVC  : Background event processing time, ms: 172
12-08 06:35:54.453  1776  1776 D gralloc_ranchu: gralloc_alloc: Creating ashmem region of size 10108928
12-08 06:35:54.457  2962  3510 D EGL_emulation: eglMakeCurrent: 0xe597e200: ver 2 0 (tinfo 0xbffb2540)
12-08 06:35:54.496  1776  1776 D gralloc_ranchu: gralloc_alloc: Creating ashmem region of size 10108928
12-08 06:35:54.504  1776  1776 D gralloc_ranchu: gralloc_alloc: Creating ashmem region of size 10108928
12-08 06:35:54.514 12448 12488 D EGL_emulation: eglMakeCurrent: 0xe594d140: ver 2 0 (tinfo 0xc539bd10)
12-08 06:35:54.517  1776  1776 D gralloc_ranchu: gralloc_alloc: Creating ashmem region of size 10108928
12-08 06:35:54.549  2962  2962 W ThreadPoolDumper: Queue length for executor EventBus is now 11. Perhaps some tasks are too long, or the pool is too small.
12-08 06:35:54.555  2018  2018 W ActivityManager: Unable to start service Intent { act=android.service.appprediction.AppPredictionService cmp=com.google.android.as/com.google.android.apps.miphone.aiai.app.AiAiPredictionService } U=0: not found
12-08 06:35:54.555  2018  2018 W RemoteAppPredictionService: could not bind to Intent { act=android.service.appprediction.AppPredictionService cmp=com.google.android.as/com.google.android.apps.miphone.aiai.app.AiAiPredictionService } using flags 67108865
12-08 06:35:54.559  2018  2054 W InputReader: Device has associated, but no associated display id.
12-08 06:35:54.559  2018  2054 I chatty  : uid=1000(system) android.anim identical 8 lines
12-08 06:35:54.559  2018  2054 W InputReader: Device has associated, but no associated display id.
12-08 06:35:54.564  1776  1776 D gralloc_ranchu: gralloc_alloc: Creating ashmem region of size 6471680
12-08 06:35:54.578  2170  2566 D EGL_emulation: eglMakeCurrent: 0xe594e040: ver 2 0 (tinfo 0xc52450c0)
12-08 06:35:54.593  2656 14071 E SQLiteDatabase: Error inserting flex_time=3343000 job_id=-1 period=6687000 source=16 requires_charging=0 preferred_network_type=1 target_class=com.google.android.gms.measurement.PackageMeasurementTaskService user_id=0 target_package=com.google.android.gms tag=Measurement.PackageMeasurementTaskService.UPLOAD_TASK_TAG task_type=0 required_idleness_state=0 service_kind=0 source_version=202414000 persistence_level=1 preferred_charging_state=1 required_network_type=0 runtime=1670499354495 retry_strategy={"maximum_backoff_seconds":{"3600":0},"initial_backoff_seconds":{"30":0},"retry_policy":{"0":0}} last_runtime=0
12-08 06:35:54.593  2656 14071 E SQLiteDatabase: android.database.sqlite.SQLiteConstraintException: UNIQUE constraint failed: pending_ops.tag, pending_ops.target_class, pending_ops.target_package, pending_ops.user_id (code 2067 SQLITE_CONSTRAINT_UNIQUE)
12-08 06:35:54.593  2656 14071 E SQLiteDatabase: 	at android.database.sqlite.SQLiteConnection.nativeExecuteForLastInsertedRowId(Native Method)
12-08 06:35:54.593  2656 14071 E SQLiteDatabase: 	at android.database.sqlite.SQLiteConnection.executeForLastInsertedRowId(SQLiteConnection.java:879)
12-08 06:35:54.593  2656 14071 E SQLiteDatabase: 	at android.database.sqlite.SQLiteSession.executeForLastInsertedRowId(SQLiteSession.java:790)
12-08 06:35:54.593  2656 14071 E SQLiteDatabase: 	at android.database.sqlite.SQLiteStatement.executeInsert(SQLiteStatement.java:88)
12-08 06:35:54.593  2656 14071 E SQLiteDatabase: 	at android.database.sqlite.SQLiteDatabase.insertWithOnConflict(SQLiteDatabase.java:1599)
12-08 06:35:54.593  2656 14071 E SQLiteDatabase: 	at android.database.sqlite.SQLiteDatabase.insert(SQLiteDatabase.java:1468)
12-08 06:35:54.593  2656 14071 E SQLiteDatabase: 	at aqui.a(:com.google.android.gms@202414022@20.24.14 (040700-319035315):175)
12-08 06:35:54.593  2656 14071 E SQLiteDatabase: 	at aqtk.a(:com.google.android.gms@202414022@20.24.14 (040700-319035315):182)
12-08 06:35:54.593  2656 14071 E SQLiteDatabase: 	at aqtk.a(:com.google.android.gms@202414022@20.24.14 (040700-319035315):23)
12-08 06:35:54.593  2656 14071 E SQLiteDatabase: 	at aqtk.a(:com.google.android.gms@202414022@20.24.14 (040700-319035315):177)
12-08 06:35:54.593  2656 14071 E SQLiteDatabase: 	at aqpu.run(:com.google.android.gms@202414022@20.24.14 (040700-319035315):9)
12-08 06:35:54.593  2656 14071 E SQLiteDatabase: 	at soy.b(:com.google.android.gms@202414022@20.24.14 (040700-319035315):12)
12-08 06:35:54.593  2656 14071 E SQLiteDatabase: 	at soy.run(:com.google.android.gms@202414022@20.24.14 (040700-319035315):7)
12-08 06:35:54.593  2656 14071 E SQLiteDatabase: 	at java.util.concurrent.ThreadPoolExecutor.runWorker(ThreadPoolExecutor.java:1167)
12-08 06:35:54.593  2656 14071 E SQLiteDatabase: 	at java.util.concurrent.ThreadPoolExecutor$Worker.run(ThreadPoolExecutor.java:641)
12-08 06:35:54.593  2656 14071 E SQLiteDatabase: 	at sux.run(:com.google.android.gms@202414022@20.24.14 (040700-319035315):0)
12-08 06:35:54.593  2656 14071 E SQLiteDatabase: 	at java.lang.Thread.run(Thread.java:919)
12-08 06:35:54.605  2962  3348 W SessionLifecycleManager: Handover failed. Creating new session controller.
12-08 06:35:54.631 13607 13651 E TestRunner: failed: shouldShowTextEnteredInvalidValue(ru.iteco.fmhandroid.ui.ClaimsCreationFormTest)
12-08 06:35:54.631 13607 13651 E TestRunner: ----- begin exception -----
12-08 06:35:54.631 13607 13651 E TestRunner: androidx.test.espresso.PerformException: Error performing 'wait for a specific view with <view.getId() is <2131230870/ru.iteco.fmhandroid:id/authorization_image_button>> during 10000 millis.' on view 'view.getRootView() to equal view'.
12-08 06:35:54.631 13607 13651 E TestRunner: 	at androidx.test.espresso.PerformException$Builder.build(PerformException.java:1)
12-08 06:35:54.631 13607 13651 E TestRunner: 	at androidx.test.espresso.base.PerformExceptionHandler.handleSafely(PerformExceptionHandler.java:8)
12-08 06:35:54.631 13607 13651 E TestRunner: 	at androidx.test.espresso.base.PerformExceptionHandler.handleSafely(PerformExceptionHandler.java:9)
12-08 06:35:54.631 13607 13651 E TestRunner: 	at androidx.test.espresso.base.DefaultFailureHandler$TypedFailureHandler.handle(DefaultFailureHandler.java:4)
12-08 06:35:54.631 13607 13651 E TestRunner: 	at androidx.test.espresso.base.DefaultFailureHandler.handle(DefaultFailureHandler.java:5)
12-08 06:35:54.631 13607 13651 E TestRunner: 	at androidx.test.espresso.ViewInteraction.waitForAndHandleInteractionResults(ViewInteraction.java:8)
12-08 06:35:54.631 13607 13651 E TestRunner: 	at androidx.test.espresso.ViewInteraction.desugaredPerform(ViewInteraction.java:11)
12-08 06:35:54.631 13607 13651 E TestRunner: 	at androidx.test.espresso.ViewInteraction.perform(ViewInteraction.java:8)
12-08 06:35:54.631 13607 13651 E TestRunner: 	at ru.iteco.fmhandroid.ui.data.TestUtils.waitView(TestUtils.java:61)
12-08 06:35:54.631 13607 13651 E TestRunner: 	at ru.iteco.fmhandroid.ui.steps.MainPageSteps.clickLogOutBut(MainPageSteps.java:55)
12-08 06:35:54.631 13607 13651 E TestRunner: 	at ru.iteco.fmhandroid.ui.ClaimsCreationFormTest.logoutCheck(ClaimsCreationFormTest.java:61)
12-08 06:35:54.631 13607 13651 E TestRunner: 	at java.lang.reflect.Method.invoke(Native Method)
12-08 06:35:54.631 13607 13651 E TestRunner: 	at org.junit.runners.model.FrameworkMethod$1.runReflectiveCall(FrameworkMethod.java:59)
12-08 06:35:54.631 13607 13651 E TestRunner: 	at org.junit.internal.runners.model.ReflectiveCallable.run(ReflectiveCallable.java:12)
12-08 06:35:54.631 13607 13651 E TestRunner: 	at org.junit.runners.model.FrameworkMethod.invokeExplosively(FrameworkMethod.java:56)
12-08 06:35:54.631 13607 13651 E TestRunner: 	at androidx.test.internal.runner.junit4.statement.RunBefores.evaluate(RunBefores.java:76)
12-08 06:35:54.631 13607 13651 E TestRunner: 	at androidx.test.internal.runner.junit4.statement.RunAfters.evaluate(RunAfters.java:61)
12-08 06:35:54.631 13607 13651 E TestRunner: 	at io.qameta.allure.android.rules.ScreenshotRule$apply$1.evaluate(ScreenshotRule.kt:22)
12-08 06:35:54.631 13607 13651 E TestRunner: 	at org.junit.rules.ExternalResource$1.evaluate(ExternalResource.java:54)
12-08 06:35:54.631 13607 13651 E TestRunner: 	at io.qameta.allure.android.rules.LogcatRule$apply$1.evaluate(LogcatRule.kt:23)
12-08 06:35:54.631 13607 13651 E TestRunner: 	at org.junit.rules.RunRules.evaluate(RunRules.java:20)
12-08 06:35:54.631 13607 13651 E TestRunner: 	at org.junit.runners.ParentRunner$3.evaluate(ParentRunner.java:306)
12-08 06:35:54.631 13607 13651 E TestRunner: 	at org.junit.runners.BlockJUnit4ClassRunner$1.evaluate(BlockJUnit4ClassRunner.java:100)
12-08 06:35:54.631 13607 13651 E TestRunner: 	at org.junit.runners.ParentRunner.runLeaf(ParentRunner.java:366)
12-08 06:35:54.631 13607 13651 E TestRunner: 	at org.junit.runners.BlockJUnit4ClassRunner.runChild(BlockJUnit4ClassRunner.java:103)
12-08 06:35:54.631 13607 13651 E TestRunner: 	at org.junit.runners.BlockJUnit4ClassRunner.runChild(BlockJUnit4ClassRunner.java:63)
12-08 06:35:54.631 13607 13651 E TestRunner: 	at org.junit.runners.ParentRunner$4.run(ParentRunner.java:331)
12-08 06:35:54.631 13607 13651 E TestRunner: 	at org.junit.runners.ParentRunner$1.schedule(ParentRunner.java:79)
12-08 06:35:54.631 13607 13651 E TestRunner: 	at org.junit.runners.ParentRunner.runChildren(ParentRunner.java:329)
12-08 06:35:54.631 13607 13651 E TestRunner: 	at org.junit.runners.ParentRunner.access$100(ParentRunner.java:66)
12-08 06:35:54.631 13607 13651 E TestRunner: 	at org.junit.runners.ParentRunner$2.evaluate(ParentRunner.java:293)
12-08 06:35:54.631 13607 13651 E TestRunner: 	at org.junit.runners.ParentRunner$3.evaluate(ParentRunner.java:306)
12-08 06:35:54.631 13607 13651 E TestRunner: 	at org.junit.runners.ParentRunner.run(ParentRunner.java:413)
12-08 06:35:54.631 13607 13651 E TestRunner: 	at androidx.test.ext.junit.runners.AndroidJUnit4.run(AndroidJUnit4.java:162)
12-08 06:35:54.631 13607 13651 E TestRunner: 	at io.qameta.allure.android.runners.AllureAndroidJUnit4.run(AllureAndroidJUnitRunners.kt:29)
12-08 06:35:54.631 13607 13651 E TestRunner: 	at org.junit.runners.Suite.runChild(Suite.java:128)
12-08 06:35:54.631 13607 13651 E TestRunner: 	at org.junit.runners.Suite.runChild(Suite.java:27)
12-08 06:35:54.631 13607 13651 E TestRunner: 	at org.junit.runners.ParentRunner$4.run(ParentRunner.java:331)
12-08 06:35:54.631 13607 13651 E TestRunner: 	at org.junit.runners.ParentRunner$1.schedule(ParentRunner.java:79)
12-08 06:35:54.631 13607 13651 E TestRunner: 	at org.junit.runners.ParentRunner.runChildren(ParentRunner.java:329)
12-08 06:35:54.631 13607 13651 E TestRunner: 	at org.junit.runners.ParentRunner.access$100(ParentRunner.java:66)
12-08 06:35:54.631 13607 13651 E TestRunner: 	at org.junit.runners.ParentRunner$2.evaluate(ParentRunner.java:293)
12-08 06:35:54.631 13607 13651 E TestRunner: 	at org.junit.runners.ParentRunner$3.evaluate(ParentRunner.java:306)
12-08 06:35:54.631 13607 13651 E TestRunner: 	at org.junit.runners.ParentRunner.run(ParentRunner.java:413)
12-08 06:35:54.631 13607 13651 E TestRunner: 	at org.junit.runner.JUnitCore.run(JUnitCore.java:137)
12-08 06:35:54.631 13607 13651 E TestRunner: 	at org.junit.runner.JUnitCore.run(JUnitCore.java:115)
12-08 06:35:54.631 13607 13651 E TestRunner: 	at androidx.test.internal.runner.TestExecutor.execute(TestExecutor.java:67)
12-08 06:35:54.631 13607 13651 E TestRunner: 	at androidx.test.internal.runner.TestExecutor.execute(TestExecutor.java:58)
12-08 06:35:54.631 13607 13651 E TestRunner: 	at androidx.test.runner.AndroidJUnitRunner.onStart(AndroidJUnitRunner.java:438)
12-08 06:35:54.631 13607 13651 E TestRunner: 	at android.app.Instrumentation$InstrumentationThread.run(Instrumen
12-08 06:35:54.632 13607 13651 E TestRunner: ----- end exception -----
12-08 06:35:54.641  1793  1793 E Layer   : [Surface(name=AppWindowToken{8dcd2e token=Token{a00d3a9 ActivityRecord{4384b30 u0 com.google.android.apps.nexuslauncher/.NexusLauncherActivity t105}}})/@0x3848044 - animation-leash#0] No local sync point found
12-08 06:35:54.641  1793  1793 E Layer   : [Surface(name=AppWindowToken{dff851c token=Token{ab3de8f ActivityRecord{a12b9ee u0 ru.iteco.fmhandroid.test/androidx.test.core.app.InstrumentationActivityInvoker$EmptyActivity t359}}})/@0x988c414 - animation-leash#0] No local sync point found
12-08 06:35:54.658 13607 13651 I TestRunner: finished: shouldShowTextEnteredInvalidValue(ru.iteco.fmhandroid.ui.ClaimsCreationFormTest)
12-08 06:35:54.679  2018  7392 D HostConnection: HostConnection::get() New Host Connection established 0xb22b1870, tid 7392
12-08 06:35:54.681  2018  7392 D HostConnection: HostComposition ext ANDROID_EMU_CHECKSUM_HELPER_v1 ANDROID_EMU_dma_v1 ANDROID_EMU_direct_mem ANDROID_EMU_host_composition_v1 ANDROID_EMU_host_composition_v2 ANDROID_EMU_vulkan ANDROID_EMU_deferred_vulkan_commands ANDROID_EMU_vulkan_null_optional_strings ANDROID_EMU_vulkan_create_resources_with_requirements ANDROID_EMU_YUV_Cache ANDROID_EMU_vulkan_ignored_handles ANDROID_EMU_vulkan_free_memory_sync ANDROID_EMU_vulkan_shader_float16_int8 ANDROID_EMU_vulkan_async_queue_submit ANDROID_EMU_sync_buffer_data GL_OES_vertex_array_object GL_KHR_texture_compression_astc_ldr ANDROID_EMU_host_side_tracing ANDROID_EMU_gles_max_version_2 
12-08 06:35:54.685  2018  7392 W OpenGLRenderer: Failed to choose config with EGL_SWAP_BEHAVIOR_PRESERVED, retrying without...
12-08 06:35:54.711 13607 13651 I TestRunner: started: shouldCreateAClaimWithoutAnExecutor(ru.iteco.fmhandroid.ui.ClaimsCreationFormTest)
12-08 06:35:54.743  2018  7392 D EGL_emulation: eglCreateContext: 0xb2357760: maj 2 min 0 rcv 2
12-08 06:35:54.751  2018  7392 D EGL_emulation: eglMakeCurrent: 0xb2357760: ver 2 0 (tinfo 0xc0d1c860)
12-08 06:35:54.785  2962 13730 W LocationOracle: No location history returned by ContextManager
12-08 06:35:54.789 13607 13651 W Settings: Setting always_finish_activities has moved from android.provider.Settings.System to android.provider.Settings.Global, returning read-only value.
12-08 06:35:54.814  2018  2358 I ActivityTaskManager: START u0 {act=android.intent.action.MAIN cat=[android.intent.category.LAUNCHER] flg=0x10008000 cmp=ru.iteco.fmhandroid.test/androidx.test.core.app.InstrumentationActivityInvoker$BootstrapActivity (has extras)} from uid 10146
12-08 06:35:54.832  2018  2036 W InputReader: Device has associated, but no associated display id.
12-08 06:35:54.833  2018  2036 I chatty  : uid=1000(system) Binder:2018_1 identical 28 lines
12-08 06:35:54.833  2018  2036 W InputReader: Device has associated, but no associated display id.
12-08 06:35:54.835 13665 13665 W ActivityThread: handleWindowVisibility: no activity for token android.os.BinderProxy@945dcf0
12-08 06:35:54.852  2018  2036 W InputReader: Device has associated, but no associated display id.
12-08 06:35:54.853  2018  2036 I chatty  : uid=1000(system) Binder:2018_1 identical 8 lines
12-08 06:35:54.853  2018  2036 W InputReader: Device has associated, but no associated display id.
12-08 06:35:54.869  2962  3348 I MicroDetectionWorker: #startMicroDetector [speakerMode: 0]
12-08 06:35:54.869  2656  3542 W GCoreFlp: No location to return for getLastLocation()
12-08 06:35:54.874  2962  3348 W ErrorReporter: reportError [type: 211, code: 393244, bug: 0]: errorCode: 393244, engine: 0
12-08 06:35:54.875  2962  3348 I MicroDetector: Keeping mic open: false
12-08 06:35:54.875  2962  3348 I MicroDetectionWorker: #onError(false)
12-08 06:35:54.888  1776  1776 D gralloc_ranchu: gralloc_alloc: Creating ashmem region of size 10108928
12-08 06:35:54.930  2018  2358 I ActivityTaskManager: START u0 {act=android.intent.action.MAIN cat=[android.intent.category.LAUNCHER] cmp=ru.iteco.fmhandroid/.ui.AppActivity} from uid 10146
12-08 06:35:54.947  2018  9359 W InputReader: Device has associated, but no associated display id.
12-08 06:35:54.950  2018  9359 I chatty  : uid=1000(system) Binder:2018_1D identical 38 lines
12-08 06:35:54.950  2018  9359 W InputReader: Device has associated, but no associated display id.
12-08 06:35:54.950 13607 13607 W ActivityThread: handleWindowVisibility: no activity for token android.os.BinderProxy@a7f9b30
12-08 06:35:54.956  2018  9359 W InputReader: Device has associated, but no associated display id.
12-08 06:35:54.956  2018  9359 I chatty  : uid=1000(system) Binder:2018_1D identical 8 lines
12-08 06:35:54.956  2018  9359 W InputReader: Device has associated, but no associated display id.
12-08 06:35:54.971  2018  2054 W InputReader: Device has associated, but no associated display id.
12-08 06:35:54.972  2018  2054 I chatty  : uid=1000(system) android.anim identical 8 lines
12-08 06:35:54.972  2018  2054 W InputReader: Device has associated, but no associated display id.
12-08 06:35:54.994  2962  3510 D EGL_emulation: eglMakeCurrent: 0xe597e200: ver 2 0 (tinfo 0xbffb2540)
12-08 06:35:55.017 13607 13607 D LifecycleMonitor: Lifecycle status change: ru.iteco.fmhandroid.ui.AppActivity@9fb3a5c in: PRE_ON_CREATE
12-08 06:35:55.017 13607 13607 V ActivityScenario: Activity lifecycle changed event received but ignored because the reported transition was not ON_CREATE while the last known transition was PRE_ON_CREATE
12-08 06:35:55.018  2656 12713 W ctxmgr  : [AclManager] No 3 for (accnt=account#-517948760#, com.google.android.gms(10112):UserVelocityProducer, vrsn=202414022, 0, 3pPkg = null ,  3pMdlId = null ,  pid = 2656). Was: 3 for 1, account#-517948760# [CONTEXT service_id=47 ]
12-08 06:35:55.023 12448 12488 D EGL_emulation: eglMakeCurrent: 0xe594d140: ver 2 0 (tinfo 0xc539bd10)
12-08 06:35:55.025 13607 13639 V FA      : onActivityCreated
12-08 06:35:55.054 13607 13607 D LifecycleMonitor: Lifecycle status change: ru.iteco.fmhandroid.ui.AppActivity@9fb3a5c in: CREATED
12-08 06:35:55.054 13607 13607 V ActivityScenario: Update currentActivityStage to CREATED, currentActivity=ru.iteco.fmhandroid.ui.AppActivity@9fb3a5c
12-08 06:35:55.101  2962 13703 I PBSessionCacheImpl: Deleted sessionId[635180284170] from persistence.
12-08 06:35:55.124  2962  3348 W SearchServiceCore: Abort, client detached.
12-08 06:35:55.128 13607 13607 D LifecycleMonitor: Lifecycle status change: ru.iteco.fmhandroid.ui.AppActivity@9fb3a5c in: STARTED
12-08 06:35:55.129 13607 13607 V ActivityScenario: Update currentActivityStage to STARTED, currentActivity=ru.iteco.fmhandroid.ui.AppActivity@9fb3a5c
12-08 06:35:55.130 13607 13607 D LifecycleMonitor: Lifecycle status change: ru.iteco.fmhandroid.ui.AppActivity@9fb3a5c in: RESUMED
12-08 06:35:55.131 13607 13607 V ActivityScenario: Update currentActivityStage to RESUMED, currentActivity=ru.iteco.fmhandroid.ui.AppActivity@9fb3a5c
12-08 06:35:55.132 13607 13644 V FA      : Activity resumed, time: 62130876
12-08 06:35:55.191  1776  1776 D gralloc_ranchu: gralloc_alloc: Creating ashmem region of size 10108928
12-08 06:35:55.207  1776  1776 I chatty  : uid=1000(system) allocator@2.0-s identical 1 line
12-08 06:35:55.211  1776  1776 D gralloc_ranchu: gralloc_alloc: Creating ashmem region of size 10108928
12-08 06:35:55.215 13607 13699 D EGL_emulation: eglMakeCurrent: 0xe593e8c0: ver 2 0 (tinfo 0xf0c99e70)
12-08 06:35:55.223  2656 13774 I LogUtils: [Places]: ?: Couldn't find platform key file. [CONTEXT service_id=253 ]
12-08 06:35:55.263  2018  2031 I system_server: NativeAlloc concurrent copying GC freed 43588(1849KB) AllocSpace objects, 3(124KB) LOS objects, 25% free, 17MB/23MB, paused 743us total 396.322ms
12-08 06:35:55.272  2656  3542 W GCoreFlp: No location to return for getLastLocation()
12-08 06:35:55.294  2170  2566 D EGL_emulation: eglMakeCurrent: 0xe594e040: ver 2 0 (tinfo 0xc52450c0)
12-08 06:35:55.327 13607 13607 I ViewInteraction: Performing 'wait for a specific view with <(an instance of android.widget.TextView and view.getText() with or without transformation to match: is "Authorization" and view.getParent() view.getParent() view.getId() is <2131231186>)> during 10000 millis.' action on view view.getRootView() to equal view
12-08 06:35:55.354  2018  2058 I ActivityTaskManager: Displayed ru.iteco.fmhandroid/.ui.AppActivity: +469ms
12-08 06:35:55.377 13607 13620 I teco.fmhandroi: NativeAlloc concurrent copying GC freed 24045(1582KB) AllocSpace objects, 18(1128KB) LOS objects, 49% free, 4665KB/9331KB, paused 1.168ms total 266.753ms
12-08 06:35:55.422  2656 12713 I ctxmgr  : [ProducerStatusImpl] updateStateForNewContextData: inactive, contextName=7 [CONTEXT service_id=47 ]
12-08 06:35:55.454  3300  3342 I e.process.gapp: Background concurrent copying GC freed 47034(1592KB) AllocSpace objects, 0(0B) LOS objects, 51% free, 1465KB/3001KB, paused 1.192ms total 314.046ms
12-08 06:35:55.464  2656  2656 I GeofencerStateMachine: removeGeofences: removeRequest=RemoveGeofencingRequest[REMOVE_BY_PENDING_INTENT pendingIntent=PendingIntent[creatorPackage=com.google.android.gms], packageName=com.google.android.gms]
12-08 06:35:55.471  2656  2656 I GeofencerStateMachine: removeGeofences: removeRequest=RemoveGeofencingRequest[REMOVE_BY_PENDING_INTENT pendingIntent=PendingIntent[creatorPackage=com.google.android.gms], packageName=com.google.android.gms]
12-08 06:35:55.487  2656 13834 I LogUtils: [Places]: ?: Couldn't find platform key file. [CONTEXT service_id=253 ]
12-08 06:35:55.487  2656 14095 I PlacesLogger: [PlaceInferenceEngine]: [anon] Changed inference mode: 0 [CONTEXT service_id=253 ]
12-08 06:35:55.492  2656 14071 I LogUtils: [Places]: ?: Couldn't find platform key file. [CONTEXT service_id=253 ]
12-08 06:35:55.527  2873 13654 V FA-SVC  : Logging event: origin=auto,name=screen_view(_vs),params=Bundle[{ga_event_origin(_o)=auto, ga_previous_class(_pc)=AppActivity, ga_previous_id(_pi)=-527999674539728471, ga_screen_class(_sc)=AppActivity, ga_screen_id(_si)=-527999674539728470}]
12-08 06:35:55.535  2656 14098 I LogUtils: [Places]: ?: Couldn't find platform key file. [CONTEXT service_id=253 ]
12-08 06:35:55.545  2656  3542 W GCoreFlp: No location to return for getLastLocation()
12-08 06:35:55.546  2873 13654 V FA-SVC  : Upload scheduled in approximately ms: 3342083
12-08 06:35:55.546  2873 13654 V FA-SVC  : Unscheduling upload
12-08 06:35:55.552  2873 13654 V FA-SVC  : Scheduling upload, millis: 3342083
12-08 06:35:55.563  2873 13654 V FA-SVC  : Background event processing time, ms: 32
12-08 06:35:55.587  2656 14098 I LogUtils: [Places]: ?: Couldn't find platform key file. [CONTEXT service_id=253 ]
12-08 06:35:55.605  2656  3542 W GCoreFlp: No location to return for getLastLocation()
12-08 06:35:55.617  2656 14071 E SQLiteDatabase: Error inserting flex_time=3342000 job_id=-1 period=6685000 source=16 requires_charging=0 preferred_network_type=1 target_class=com.google.android.gms.measurement.PackageMeasurementTaskService user_id=0 target_package=com.google.android.gms tag=Measurement.PackageMeasurementTaskService.UPLOAD_TASK_TAG task_type=0 required_idleness_state=0 service_kind=0 source_version=202414000 persistence_level=1 preferred_charging_state=1 required_network_type=0 runtime=1670499355572 retry_strategy={"maximum_backoff_seconds":{"3600":0},"initial_backoff_seconds":{"30":0},"retry_policy":{"0":0}} last_runtime=0
12-08 06:35:55.617  2656 14071 E SQLiteDatabase: android.database.sqlite.SQLiteConstraintException: UNIQUE constraint failed: pending_ops.tag, pending_ops.target_class, pending_ops.target_package, pending_ops.user_id (code 2067 SQLITE_CONSTRAINT_UNIQUE)
12-08 06:35:55.617  2656 14071 E SQLiteDatabase: 	at android.database.sqlite.SQLiteConnection.nativeExecuteForLastInsertedRowId(Native Method)
12-08 06:35:55.617  2656 14071 E SQLiteDatabase: 	at android.database.sqlite.SQLiteConnection.executeForLastInsertedRowId(SQLiteConnection.java:879)
12-08 06:35:55.617  2656 14071 E SQLiteDatabase: 	at android.database.sqlite.SQLiteSession.executeForLastInsertedRowId(SQLiteSession.java:790)
12-08 06:35:55.617  2656 14071 E SQLiteDatabase: 	at android.database.sqlite.SQLiteStatement.executeInsert(SQLiteStatement.java:88)
12-08 06:35:55.617  2656 14071 E SQLiteDatabase: 	at android.database.sqlite.SQLiteDatabase.insertWithOnConflict(SQLiteDatabase.java:1599)
12-08 06:35:55.617  2656 14071 E SQLiteDatabase: 	at android.database.sqlite.SQLiteDatabase.insert(SQLiteDatabase.java:1468)
12-08 06:35:55.617  2656 14071 E SQLiteDatabase: 	at aqui.a(:com.google.android.gms@202414022@20.24.14 (040700-319035315):175)
12-08 06:35:55.617  2656 14071 E SQLiteDatabase: 	at aqtk.a(:com.google.android.gms@202414022@20.24.14 (040700-319035315):182)
12-08 06:35:55.617  2656 14071 E SQLiteDatabase: 	at aqtk.a(:com.google.android.gms@202414022@20.24.14 (040700-319035315):23)
12-08 06:35:55.617  2656 14071 E SQLiteDatabase: 	at aqtk.a(:com.google.android.gms@202414022@20.24.14 (040700-319035315):177)
12-08 06:35:55.617  2656 14071 E SQLiteDatabase: 	at aqpu.run(:com.google.android.gms@202414022@20.24.14 (040700-319035315):9)
12-08 06:35:55.617  2656 14071 E SQLiteDatabase: 	at soy.b(:com.google.android.gms@202414022@20.24.14 (040700-319035315):12)
12-08 06:35:55.617  2656 14071 E SQLiteDatabase: 	at soy.run(:com.google.android.gms@202414022@20.24.14 (040700-319035315):7)
12-08 06:35:55.617  2656 14071 E SQLiteDatabase: 	at java.util.concurrent.ThreadPoolExecutor.runWorker(ThreadPoolExecutor.java:1167)
12-08 06:35:55.617  2656 14071 E SQLiteDatabase: 	at java.util.concurrent.ThreadPoolExecutor$Worker.run(ThreadPoolExecutor.java:641)
12-08 06:35:55.617  2656 14071 E SQLiteDatabase: 	at sux.run(:com.google.android.gms@202414022@20.24.14 (040700-319035315):0)
12-08 06:35:55.617  2656 14071 E SQLiteDatabase: 	at java.lang.Thread.run(Thread.java:919)
12-08 06:35:55.654  2656 14098 I LogUtils: [Places]: ?: Couldn't find platform key file. [CONTEXT service_id=253 ]
12-08 06:35:55.681  2656 14095 I LogUtils: [Places]: ?: PlacesBleScanner start() with priority 2 [CONTEXT service_id=253 ]
12-08 06:35:55.683  2656 14095 I PlacesLogger: [PlaceInferenceEngine]: [anon] Changed inference mode: 1 [CONTEXT service_id=253 ]
12-08 06:35:55.701  2656  2656 E BeaconBle: Missing BluetoothAdapter [CONTEXT service_id=111 ]
12-08 06:35:55.701  2656  2656 I BeaconBle: BLE 'KK+' software access layer enabled [CONTEXT service_id=111 ]
12-08 06:35:55.718  2656  3542 W GCoreFlp: No location to return for getLastLocation()
12-08 06:35:55.732  2656  2656 I BeaconBle: Client requested scan, settings=BleSettings [scanMode=ZERO_POWER, callbackType=ALL_MATCHES, reportDelayMillis=0, 1 filters, 0 clients, callingClientName=Places] [CONTEXT service_id=111 ]
12-08 06:35:55.732  2656  2656 I BeaconBle: Scan : No clients left, canceling alarm. [CONTEXT service_id=111 ]
12-08 06:35:55.733  2656  2656 E BeaconBle: Scan couldn't start for Places [CONTEXT service_id=111 ]
12-08 06:35:55.734  2656  2656 W Places  : BLE failure while scanning - code 5
12-08 06:35:56.146  2018  4653 D WificondControl: Scan result ready event
12-08 06:35:58.131 13607 13717 I okhttp.OkHttpClient: --> GET http://www.981757-ca08998.tmweb.ru:8080/fmh/authentication/userInfo
12-08 06:35:58.131 13607 13717 I okhttp.OkHttpClient: --> END GET
12-08 06:35:58.241  1744 14099 E ResolverController: No valid NAT64 prefix (108, <unspecified>/0)
12-08 06:35:58.643 13607 13717 I okhttp.OkHttpClient: <-- 200 http://www.981757-ca08998.tmweb.ru:8080/fmh/authentication/userInfo (511ms)
12-08 06:35:58.643 13607 13717 I okhttp.OkHttpClient: Vary: Origin
12-08 06:35:58.643 13607 13717 I okhttp.OkHttpClient: Vary: Access-Control-Request-Method
12-08 06:35:58.643 13607 13717 I okhttp.OkHttpClient: Vary: Access-Control-Request-Headers
12-08 06:35:58.643 13607 13717 I okhttp.OkHttpClient: X-Content-Type-Options: nosniff
12-08 06:35:58.643 13607 13717 I okhttp.OkHttpClient: X-XSS-Protection: 1; mode=block
12-08 06:35:58.643 13607 13717 I okhttp.OkHttpClient: Cache-Control: no-cache, no-store, max-age=0, must-revalidate
12-08 06:35:58.643 13607 13717 I okhttp.OkHttpClient: Pragma: no-cache
12-08 06:35:58.643 13607 13717 I okhttp.OkHttpClient: Expires: 0
12-08 06:35:58.644 13607 13717 I okhttp.OkHttpClient: X-Frame-Options: DENY
12-08 06:35:58.644 13607 13717 I okhttp.OkHttpClient: Content-Type: application/json
12-08 06:35:58.644 13607 13717 I okhttp.OkHttpClient: Transfer-Encoding: chunked
12-08 06:35:58.644 13607 13717 I okhttp.OkHttpClient: Date: Thu, 08 Dec 2022 11:36:01 GMT
12-08 06:35:58.644 13607 13717 I okhttp.OkHttpClient: Keep-Alive: timeout=60
12-08 06:35:58.644 13607 13717 I okhttp.OkHttpClient: Connection: keep-alive
12-08 06:35:58.644 13607 13717 I okhttp.OkHttpClient: {"id":2,"firstName":"Данил","lastName":"Иванов","middleName":"Данилович","admin":true}
12-08 06:35:58.645 13607 13717 I okhttp.OkHttpClient: <-- END HTTP (106-byte body)
12-08 06:35:58.667 13607 13745 I okhttp.OkHttpClient: --> GET http://www.981757-ca08998.tmweb.ru:8080/fmh/claims
12-08 06:35:58.667 13607 13745 I okhttp.OkHttpClient: --> END GET
12-08 06:36:00.007  2170  2170 D KeyguardClockSwitch: Updating clock: 636
12-08 06:36:00.241  2656 13774 I LogUtils: [Places]: ?: Couldn't find platform key file. [CONTEXT service_id=253 ]
12-08 06:36:00.244 13607 13607 I Choreographer: Skipped 95 frames!  The application may be doing too much work on its main thread.
12-08 06:36:00.254  2656 14100 I LogUtils: [Places]: ?: Couldn't find platform key file. [CONTEXT service_id=253 ]
12-08 06:36:00.362  2656 14095 I LogUtils: [Places]: ?: PlacesBleScanner stop() [CONTEXT service_id=253 ]
12-08 06:36:00.366  2656  2656 I BeaconBle: Scan : No clients left, canceling alarm. [CONTEXT service_id=111 ]
12-08 06:36:00.368  2656  2656 I BeaconBle: Scan canceled successfully. [CONTEXT service_id=111 ]
12-08 06:36:00.388  2656 14095 I PlacesLogger: [PlaceInferenceEngine]: [anon] Changed inference mode: 0 [CONTEXT service_id=253 ]
12-08 06:36:00.447  2656 14100 I LogUtils: [Places]: ?: Couldn't find platform key file. [CONTEXT service_id=253 ]
12-08 06:36:00.453  2656 14101 I LogUtils: [Places]: ?: Couldn't find platform key file. [CONTEXT service_id=253 ]
12-08 06:36:00.464  2656  3542 W GCoreFlp: No location to return for getLastLocation()
12-08 06:36:00.624 13607 13699 I OpenGLRenderer: Davey! duration=1966ms; Flags=1, IntendedVsync=62134399051356, Vsync=62135982384626, OldestInputEvent=9223372036854775807, NewestInputEvent=0, HandleInputStart=62135988779900, AnimationStart=62135988868100, PerformTraversalsStart=62135989234200, DrawStart=62136017970500, SyncQueued=62136024390000, SyncStart=62136026478200, IssueDrawCommandsStart=62136026850100, SwapBuffers=62136360734800, FrameCompleted=62136367843200, DequeueBufferDuration=302000, QueueBufferDuration=1245000, 
12-08 06:36:00.644 13607 13644 V FA      : Inactivity, disconnecting from the service
12-08 06:36:00.665  2656  2656 I GeofencerStateMachine: removeGeofences: removeRequest=RemoveGeofencingRequest[REMOVE_BY_PENDING_INTENT pendingIntent=PendingIntent[creatorPackage=com.google.android.gms], packageName=com.google.android.gms]
12-08 06:36:01.324 13607 13745 I okhttp.OkHttpClient: <-- 200 http://www.981757-ca08998.tmweb.ru:8080/fmh/claims (2656ms)
12-08 06:36:01.324 13607 13745 I okhttp.OkHttpClient: Vary: Origin
12-08 06:36:01.326 13607 13745 I okhttp.OkHttpClient: Vary: Access-Control-Request-Method
12-08 06:36:01.327 13607 13745 I okhttp.OkHttpClient: Vary: Access-Control-Request-Headers
12-08 06:36:01.327 13607 13745 I okhttp.OkHttpClient: X-Content-Type-Options: nosniff
12-08 06:36:01.328 13607 13745 I okhttp.OkHttpClient: X-XSS-Protection: 1; mode=block
12-08 06:36:01.328 13607 13745 I okhttp.OkHttpClient: Cache-Control: no-cache, no-store, max-age=0, must-revalidate
12-08 06:36:01.328 13607 13745 I okhttp.OkHttpClient: Pragma: no-cache
12-08 06:36:01.328 13607 13745 I okhttp.OkHttpClient: Expires: 0
12-08 06:36:01.329 13607 13745 I okhttp.OkHttpClient: X-Frame-Options: DENY
12-08 06:36:01.329 13607 13745 I okhttp.OkHttpClient: Content-Type: application/json
12-08 06:36:01.329 13607 13745 I okhttp.OkHttpClient: Transfer-Encoding: chunked
12-08 06:36:01.329 13607 13745 I okhttp.OkHttpClient: Date: Thu, 08 Dec 2022 11:36:04 GMT
12-08 06:36:01.329 13607 13745 I okhttp.OkHttpClient: Keep-Alive: timeout=60
12-08 06:36:01.329 13607 13745 I okhttp.OkHttpClient: Connection: keep-alive
12-08 06:36:04.893  2018  2058 E memtrack: Couldn't load memtrack module
12-08 06:36:04.894  2018  2058 W android.os.Debug: failed to get memory consumption info: -1
12-08 06:36:05.146  2962  3348 I WorkerManager: dispose()
12-08 06:36:05.148  2962  3348 W ThreadPoolDumper: Queue length for executor EventBus is now 11. Perhaps some tasks are too long, or the pool is too small.
12-08 06:36:05.376 13607 13607 D takeScreenshot: Found 1 global views to redraw
12-08 06:36:05.393  2656  2656 I BeaconBle: Scan : No clients left, canceling alarm. [CONTEXT service_id=111 ]
12-08 06:36:05.431  1776  1776 D gralloc_ranchu: gralloc_alloc: Creating ashmem region of size 10108928
12-08 06:36:05.486 13607 13651 W DefaultFailureHandler: Failed to take screenshot
