--------- beginning of main
11-18 11:40:17.113 24046 24090 E THREAD_STATE:   Thread[Binder:24046_3,5,main]
11-18 11:40:17.113 24046 24090 E THREAD_STATE: 
11-18 11:40:17.113 24046 24090 E THREAD_STATE:   Thread[Instr: androidx.test.runner.AndroidJUnitRunner,5,main]
11-18 11:40:17.113 24046 24090 E THREAD_STATE:     dalvik.system.VMStack.getThreadStackTrace(Native Method)
11-18 11:40:17.113 24046 24090 E THREAD_STATE:     java.lang.Thread.getStackTrace(Thread.java:1720)
11-18 11:40:17.113 24046 24090 E THREAD_STATE:     java.lang.Thread.getAllStackTraces(Thread.java:1796)
11-18 11:40:17.113 24046 24090 E THREAD_STATE:     androidx.test.runner.MonitoringInstrumentation.getThreadState(MonitoringInstrumentation.java:748)
11-18 11:40:17.113 24046 24090 E THREAD_STATE:     androidx.test.runner.MonitoringInstrumentation.dumpThreadStateToOutputs(MonitoringInstrumentation.java:743)
11-18 11:40:17.113 24046 24090 E THREAD_STATE:     androidx.test.runner.MonitoringInstrumentation.startActivitySync(MonitoringInstrumentation.java:547)
11-18 11:40:17.113 24046 24090 E THREAD_STATE:     androidx.test.rule.ActivityTestRule.launchActivity(ActivityTestRule.java:376)
11-18 11:40:17.113 24046 24090 E THREAD_STATE:     androidx.test.rule.ActivityTestRule$ActivityStatement.evaluate(ActivityTestRule.java:541)
11-18 11:40:17.113 24046 24090 E THREAD_STATE:     org.junit.rules.RunRules.evaluate(RunRules.java:20)
11-18 11:40:17.113 24046 24090 E THREAD_STATE:     androidx.test.rule.ActivityTestRule$ActivityStatement.evaluate(ActivityTestRule.java:543)
11-18 11:40:17.113 24046 24090 E THREAD_STATE:     io.qameta.allure.android.rules.LogcatRule$apply$1.evaluate(LogcatRule.kt:23)
11-18 11:40:17.113 24046 24090 E THREAD_STATE:     org.junit.runners.ParentRunner$3.evaluate(ParentRunner.java:306)
11-18 11:40:17.113 24046 24090 E THREAD_STATE:     org.junit.runners.BlockJUnit4ClassRunner$1.evaluate(BlockJUnit4ClassRunner.java:100)
11-18 11:40:17.113 24046 24090 E THREAD_STATE:     org.junit.runners.ParentRunner.runLeaf(ParentRunner.java:366)
11-18 11:40:17.113 24046 24090 E THREAD_STATE:     org.junit.runners.BlockJUnit4ClassRunner.runChild(BlockJUnit4ClassRunner.java:103)
11-18 11:40:17.113 24046 24090 E THREAD_STATE:     org.junit.runners.BlockJUnit4ClassRunner.runChild(BlockJUnit4ClassRunner.java:63)
11-18 11:40:17.113 24046 24090 E THREAD_STATE:     org.junit.runners.ParentRunner$4.run(ParentRunner.java:331)
11-18 11:40:17.113 24046 24090 E THREAD_STATE:     org.junit.runners.ParentRunner$1.schedule(ParentRunner.java:79)
11-18 11:40:17.113 24046 24090 E THREAD_STATE:     org.junit.runners.ParentRunner.runChildren(ParentRunner.java:329)
11-18 11:40:17.113 24046 24090 E THREAD_STATE:     org.junit.runners.ParentRunner.access$100(ParentRunner.java:66)
11-18 11:40:17.113 24046 24090 E THREAD_STATE:     org.junit.runners.ParentRunner$2.evaluate(ParentRunner.java:293)
11-18 11:40:17.113 24046 24090 E THREAD_STATE:     org.junit.runners.ParentRunner$3.evaluate(ParentRunner.java:306)
11-18 11:40:17.113 24046 24090 E THREAD_STATE:     org.junit.runners.ParentRunner.run(ParentRunner.java:413)
11-18 11:40:17.113 24046 24090 E THREAD_STATE:     androidx.test.ext.junit.runners.AndroidJUnit4.run(AndroidJUnit4.java:162)
11-18 11:40:17.113 24046 24090 E THREAD_STATE:     io.qameta.allure.android.runners.AllureAndroidJUnit4.run(AllureAndroidJUnitRunners.kt:29)
11-18 11:40:17.113 24046 24090 E THREAD_STATE:     org.junit.runners.Suite.runChild(Suite.java:128)
11-18 11:40:17.113 24046 24090 E THREAD_STATE:     org.junit.runners.Suite.runChild(Suite.java:27)
11-18 11:40:17.113 24046 24090 E THREAD_STATE:     org.junit.runners.ParentRunner$4.run(ParentRunner.java:331)
11-18 11:40:17.113 24046 24090 E THREAD_STATE:     org.junit.runners.ParentRunner$1.schedule(ParentRunner.java:79)
11-18 11:40:17.113 24046 24090 E THREAD_STATE:     org.junit.runners.ParentRunner.runChildren(ParentRunner.java:329)
11-18 11:40:17.113 24046 24090 E THREAD_STATE:     org.junit.runners.ParentRunner.access$100(ParentRunner.java:66)
11-18 11:40:17.113 24046 24090 E THREAD_STATE:     org.junit.runners.ParentRunner$2.evaluate(ParentRunner.java:293)
11-18 11:40:17.113 24046 24090 E THREAD_STATE:     org.junit.runners.ParentRunner$3.evaluate(ParentRunner.java:306)
11-18 11:40:17.113 24046 24090 E THREAD_STATE:     org.junit.runners.ParentRunner.run(ParentRunner.java:413)
11-18 11:40:17.113 24046 24090 E THREAD_STATE:     org.junit.runner.JUnitCore.run(JUnitCore.java:137)
11-18 11:40:17.113 24046 24090 E THREAD_STATE:     org.junit.runner.JUnitCore.run(JUnitCore.java:115)
11-18 11:40:17.113 24046 24090 E THREAD_STATE:     androidx.test.internal.runner.TestExecutor.execute(TestExecutor.java:67)
11-18 11:40:17.113 24046 24090 E THREAD_STATE:     androidx.test.internal.runner.TestExecutor.execute(TestExecutor.java:58)
11-18 11:40:17.113 24046 24090 E THREAD_STATE:     androidx.test.runner.AndroidJUnitRunner.onStart(AndroidJUnitRunner.java:438)
11-18 11:40:17.113 24046 24090 E THREAD_STATE:     android.app.Instrumentation$InstrumentationThread.run(Instrumentation.java:2189)
11-18 11:40:17.113 24046 24090 E THREAD_STATE: 
11-18 11:40:17.113 24046 24090 E THREAD_STATE:   Thread[Binder:24046_1,5,main]
11-18 11:40:17.113 24046 24090 E THREAD_STATE: 
11-18 11:40:17.113 24046 24090 E THREAD_STATE:   Thread[Okio Watchdog,5,main]
11-18 11:40:17.113 24046 24090 E THREAD_STATE:     java.lang.Object.wait(Native Method)
11-18 11:40:17.113 24046 24090 E THREAD_STATE:     java.lang.Object.wait(Object.java:442)
11-18 11:40:17.113 24046 24090 E THREAD_STATE:     okio.AsyncTimeout$Companion.awaitTimeout$okio(AsyncTimeout.kt:300)
11-18 11:40:17.113 24046 24090 E THREAD_STATE:     okio.AsyncTimeout$Watchdog.run(AsyncTimeout.kt:187)
11-18 11:40:17.113 24046 24090 E THREAD_STATE: 
11-18 11:40:17.113 24046 24090 E THREAD_STATE:   Thread[arch_disk_io_0,5,main]
11-18 11:40:17.113 24046 24090 E THREAD_STATE:     sun.misc.Unsafe.park(Native Method)
11-18 11:40:17.113 24046 24090 E THREAD_STATE:     java.util.concurrent.locks.LockSupport.park(LockSupport.java:190)
11-18 11:40:17.113 24046 24090 E THREAD_STATE:     java.util.concurrent.locks.AbstractQueuedSynchronizer$ConditionObject.await(AbstractQueuedSynchronizer.java:2067)
11-18 11:40:17.113 24046 24090 E THREAD_STATE:     java.util.concurrent.LinkedBlockingQueue.take(LinkedBlockingQueue.java:442)
11-18 11:40:17.113 24046 24090 E THREAD_STATE:     java.util.concurrent.ThreadPoolExecutor.getTask(ThreadPoolExecutor.java:1092)
11-18 11:40:17.113 24046 24090 E THREAD_STATE:     java.util.concurrent.ThreadPoolExecutor.runWorker(ThreadPoolExecutor.java:1152)
11-18 11:40:17.113 24046 24090 E THREAD_STATE:     java.util.concurrent.ThreadPoolExecutor$Worker.run(ThreadPoolExecutor.java:641)
11-18 11:40:17.113 24046 24090 E THREAD_STATE:     java.lang.Thread.run(Thread.java:919)
11-18 11:40:17.113 24046 24090 E THREAD_STATE: 
11-18 11:40:17.113 24046 24090 E THREAD_STATE:   Thread[pool-4-thread-1,5,main]
11-18 11:40:17.113 24046 24090 E THREAD_STATE:     sun.misc.Unsafe.park(Native Method)
11-18 11:40:17.113 24046 24090 E THREAD_STATE:     java.util.concurrent.locks.L
11-18 11:40:17.156  2006  4761 W InputReader: Device has associated, but no associated display id.
11-18 11:40:17.162  2006  4761 I chatty  : uid=1000(system) Binder:2006_13 identical 8 lines
11-18 11:40:17.162  2006  4761 W InputReader: Device has associated, but no associated display id.
11-18 11:40:17.255 24046 24046 D LifecycleMonitor: Lifecycle status change: ru.iteco.fmhandroid.ui.AppActivity@72a8725 in: PAUSED
11-18 11:40:17.266  2006  5944 W InputReader: Device has associated, but no associated display id.
11-18 11:40:17.291  2006  5944 I chatty  : uid=1000(system) Binder:2006_18 identical 8 lines
11-18 11:40:17.291  2006  5944 W InputReader: Device has associated, but no associated display id.
11-18 11:40:17.292 24046 24217 V FA      : Recording user engagement, ms: 45786
11-18 11:40:17.448  1761  8136 D gralloc_ranchu: gralloc_alloc: Creating ashmem region of size 14749696
11-18 11:40:17.467 24046 24217 V FA      : Connecting to remote service
11-18 11:40:17.520  1761  2617 D gralloc_ranchu: gralloc_alloc: Creating ashmem region of size 14749696
11-18 11:40:17.530  1761  2617 D gralloc_ranchu: gralloc_alloc: Creating ashmem region of size 14749696
11-18 11:40:17.550 24046 24217 V FA      : Connection attempt already in progress
11-18 11:40:17.550 24046 24217 V FA      : Activity paused, time: 652255204
11-18 11:40:17.596  1761  2617 D gralloc_ranchu: gralloc_alloc: Creating ashmem region of size 14749696
11-18 11:40:17.634  1761  2617 D gralloc_ranchu: gralloc_alloc: Creating ashmem region of size 14749696
11-18 11:40:17.639 24046 24217 D FA      : Connected to remote service
11-18 11:40:17.641  1761  2617 D gralloc_ranchu: gralloc_alloc: Creating ashmem region of size 14749696
11-18 11:40:17.649 24046 24217 V FA      : Processing queued up service tasks: 2
11-18 11:40:17.697  2876  3288 D EGL_emulation: eglMakeCurrent: 0xdde1bb00: ver 2 0 (tinfo 0xdde0ff90)
11-18 11:40:17.747  2757 24223 V FA-SVC  : Logging event: origin=auto,name=user_engagement(_e),params=Bundle[{ga_event_origin(_o)=auto, engagement_time_msec(_et)=45786, ga_screen_class(_sc)=AppActivity, ga_screen_id(_si)=4622161606729967433}]
11-18 11:40:17.765  2441  2951 D EGL_emulation: eglMakeCurrent: 0xdde1a480: ver 2 0 (tinfo 0xdde0f530)
11-18 11:40:18.024  2757 24223 V FA-SVC  : Upload scheduled in approximately ms: 350639
11-18 11:40:18.024  2757 24223 V FA-SVC  : Unscheduling upload
11-18 11:40:18.067  2006  2032 W InputReader: Device has associated, but no associated display id.
11-18 11:40:18.067  2006  2032 I chatty  : uid=1000(system) android.anim identical 8 lines
11-18 11:40:18.067  2006  2032 W InputReader: Device has associated, but no associated display id.
11-18 11:40:18.072  2757 24223 V FA-SVC  : Scheduling upload, millis: 350639
11-18 11:40:18.086  1761  2617 D gralloc_ranchu: gralloc_alloc: Creating ashmem region of size 9441280
11-18 11:40:18.111  2153  2505 D EGL_emulation: eglMakeCurrent: 0xdde1a6c0: ver 2 0 (tinfo 0xdde0fac0)
--------- beginning of system
11-18 11:40:18.208  2006  2006 W ActivityManager: Unable to start service Intent { act=android.service.appprediction.AppPredictionService cmp=com.google.android.as/com.google.android.apps.miphone.aiai.app.AiAiPredictionService } U=0: not found
11-18 11:40:18.209  2006  2006 W RemoteAppPredictionService: could not bind to Intent { act=android.service.appprediction.AppPredictionService cmp=com.google.android.as/com.google.android.apps.miphone.aiai.app.AiAiPredictionService } using flags 67108865
11-18 11:40:18.217  2757 24223 V FA-SVC  : Background event processing time, ms: 472
11-18 11:40:18.220  2876  2876 W ThreadPoolDumper: Queue length for executor EventBus is now 11. Perhaps some tasks are too long, or the pool is too small.
11-18 11:40:18.251  2153  2505 D EGL_emulation: eglMakeCurrent: 0xdde1a6c0: ver 2 0 (tinfo 0xdde0fac0)
11-18 11:40:18.274  1775  1775 E Layer   : [Surface(name=AppWindowToken{cf95f47 token=Token{19f6a86 ActivityRecord{5fbaf61 u0 com.google.android.apps.nexuslauncher/.NexusLauncherActivity t1123}}})/@0xb8f158b - animation-leash#0] No local sync point found
11-18 11:40:18.275  1775  1775 E Layer   : [Surface(name=AppWindowToken{5fcb28b token=Token{182b05a ActivityRecord{9f3d805 u0 ru.iteco.fmhandroid/.ui.AppActivity t2277}}})/@0x38b1ad4 - animation-leash#0] No local sync point found
11-18 11:40:18.296 24046 24103 D EGL_emulation: eglMakeCurrent: 0xdde1b8c0: ver 2 0 (tinfo 0xcd778c20)
11-18 11:40:18.344  2153  2505 D EGL_emulation: eglMakeCurrent: 0xdde1a6c0: ver 2 0 (tinfo 0xdde0fac0)
11-18 11:40:18.347 24046 24046 D LifecycleMonitor: Lifecycle status change: ru.iteco.fmhandroid.ui.AppActivity@72a8725 in: STOPPED
11-18 11:40:18.376  2006  6581 D HostConnection: HostConnection::get() New Host Connection established 0xdde553f0, tid 6581
11-18 11:40:18.456 24046 24046 D LifecycleMonitor: Lifecycle status change: ru.iteco.fmhandroid.ui.AppActivity@72a8725 in: DESTROYED
11-18 11:40:18.499  2876  3118 W SessionLifecycleManager: Handover failed. Creating new session controller.
11-18 11:40:18.540  2006  6581 D HostConnection: HostComposition ext ANDROID_EMU_CHECKSUM_HELPER_v1 ANDROID_EMU_dma_v1 ANDROID_EMU_direct_mem ANDROID_EMU_host_composition_v1 ANDROID_EMU_host_composition_v2 ANDROID_EMU_vulkan ANDROID_EMU_deferred_vulkan_commands ANDROID_EMU_vulkan_null_optional_strings ANDROID_EMU_vulkan_create_resources_with_requirements ANDROID_EMU_YUV_Cache ANDROID_EMU_vulkan_ignored_handles ANDROID_EMU_vulkan_free_memory_sync ANDROID_EMU_vulkan_shader_float16_int8 ANDROID_EMU_vulkan_async_queue_submit ANDROID_EMU_sync_buffer_data GL_OES_vertex_array_object GL_KHR_texture_compression_astc_ldr ANDROID_EMU_host_side_tracing ANDROID_EMU_gles_max_version_2 
11-18 11:40:18.562  2006  6581 W OpenGLRenderer: Failed to choose config with EGL_SWAP_BEHAVIOR_PRESERVED, retrying without...
11-18 11:40:18.674  2006  6581 D EGL_emulation: eglCreateContext: 0xdde1af60: maj 2 min 0 rcv 2
11-18 11:40:18.782  2580 24141 E SQLiteDatabase: Error inserting flex_time=350000 job_id=-1 period=702000 source=16 requires_charging=0 preferred_network_type=1 target_class=com.google.android.gms.measurement.PackageMeasurementTaskService user_id=0 target_package=com.google.android.gms tag=Measurement.PackageMeasurementTaskService.UPLOAD_TASK_TAG task_type=0 required_idleness_state=0 service_kind=0 source_version=202414000 persistence_level=1 preferred_charging_state=1 required_network_type=0 runtime=1668760818372 retry_strategy={"maximum_backoff_seconds":{"3600":0},"initial_backoff_seconds":{"30":0},"retry_policy":{"0":0}} last_runtime=0
11-18 11:40:18.782  2580 24141 E SQLiteDatabase: android.database.sqlite.SQLiteConstraintException: UNIQUE constraint failed: pending_ops.tag, pending_ops.target_class, pending_ops.target_package, pending_ops.user_id (code 2067 SQLITE_CONSTRAINT_UNIQUE)
11-18 11:40:18.782  2580 24141 E SQLiteDatabase: 	at android.database.sqlite.SQLiteConnection.nativeExecuteForLastInsertedRowId(Native Method)
11-18 11:40:18.782  2580 24141 E SQLiteDatabase: 	at android.database.sqlite.SQLiteConnection.executeForLastInsertedRowId(SQLiteConnection.java:879)
11-18 11:40:18.782  2580 24141 E SQLiteDatabase: 	at android.database.sqlite.SQLiteSession.executeForLastInsertedRowId(SQLiteSession.java:790)
11-18 11:40:18.782  2580 24141 E SQLiteDatabase: 	at android.database.sqlite.SQLiteStatement.executeInsert(SQLiteStatement.java:88)
11-18 11:40:18.782  2580 24141 E SQLiteDatabase: 	at android.database.sqlite.SQLiteDatabase.insertWithOnConflict(SQLiteDatabase.java:1599)
11-18 11:40:18.782  2580 24141 E SQLiteDatabase: 	at android.database.sqlite.SQLiteDatabase.insert(SQLiteDatabase.java:1468)
11-18 11:40:18.782  2580 24141 E SQLiteDatabase: 	at aqui.a(:com.google.android.gms@202414022@20.24.14 (040700-319035315):175)
11-18 11:40:18.782  2580 24141 E SQLiteDatabase: 	at aqtk.a(:com.google.android.gms@202414022@20.24.14 (040700-319035315):182)
11-18 11:40:18.782  2580 24141 E SQLiteDatabase: 	at aqtk.a(:com.google.android.gms@202414022@20.24.14 (040700-319035315):23)
11-18 11:40:18.782  2580 24141 E SQLiteDatabase: 	at aqtk.a(:com.google.android.gms@202414022@20.24.14 (040700-319035315):177)
11-18 11:40:18.782  2580 24141 E SQLiteDatabase: 	at aqpu.run(:com.google.android.gms@202414022@20.24.14 (040700-319035315):9)
11-18 11:40:18.782  2580 24141 E SQLiteDatabase: 	at soy.b(:com.google.android.gms@202414022@20.24.14 (040700-319035315):12)
11-18 11:40:18.782  2580 24141 E SQLiteDatabase: 	at soy.run(:com.google.android.gms@202414022@20.24.14 (040700-319035315):7)
11-18 11:40:18.782  2580 24141 E SQLiteDatabase: 	at java.util.concurrent.ThreadPoolExecutor.runWorker(ThreadPoolExecutor.java:1167)
11-18 11:40:18.782  2580 24141 E SQLiteDatabase: 	at java.util.concurrent.ThreadPoolExecutor$Worker.run(ThreadPoolExecutor.java:641)
11-18 11:40:18.782  2580 24141 E SQLiteDatabase: 	at sux.run(:com.google.android.gms@202414022@20.24.14 (040700-319035315):0)
11-18 11:40:18.782  2580 24141 E SQLiteDatabase: 	at java.lang.Thread.run(Thread.java:919)
11-18 11:40:18.781  1894  1894 E wifi_forwarder: RemoteConnection failed to initialize: RemoteConnection failed to open pipe
11-18 11:40:18.812  2006  6581 D EGL_emulation: eglMakeCurrent: 0xdde1af60: ver 2 0 (tinfo 0xb180ad60)
11-18 11:40:18.837  2441  2459 I s.nexuslaunche: NativeAlloc concurrent copying GC freed 2609(209KB) AllocSpace objects, 0(0B) LOS objects, 49% free, 2839KB/5679KB, paused 624us total 588.108ms
11-18 11:40:18.850  2441  2461 W System  : A resource failed to call release. 
11-18 11:40:18.850  2441  2461 W System  : A resource failed to call release. 
11-18 11:40:19.038 24046 24059 I teco.fmhandroi: Background young concurrent copying GC freed 99966(4320KB) AllocSpace objects, 17(868KB) LOS objects, 6% free, 12MB/13MB, paused 5.451ms total 285.293ms
11-18 11:40:19.040  2876 23942 W LocationOracle: No location history returned by ContextManager
11-18 11:40:19.046  2876  3118 I MicroDetectionWorker: #startMicroDetector [speakerMode: 0]
11-18 11:40:19.060  2876  3118 W ErrorReporter: reportError [type: 211, code: 393244, bug: 0]: errorCode: 393244, engine: 0
11-18 11:40:19.085  2876  3118 I MicroDetector: Keeping mic open: false
11-18 11:40:19.085  2876  3118 I MicroDetectionWorker: #onError(false)
11-18 11:40:19.219  2580  3265 W GCoreFlp: No location to return for getLastLocation()
11-18 11:40:19.239 24046 24090 E TestRunner: failed: shouldFilterTheNewsWithCategoryNeedHelp(ru.iteco.fmhandroid.ui.FilterNewsPageTest)
11-18 11:40:19.239 24046 24090 E TestRunner: ----- begin exception -----
11-18 11:40:19.244 24046 24090 E TestRunner: java.lang.RuntimeException: Could not launch intent Intent { act=android.intent.action.MAIN flg=0x10000000 cmp=ru.iteco.fmhandroid/.ui.AppActivity } within 45000 milliseconds. Perhaps the main thread has not gone idle within a reasonable amount of time? There could be an animation or something constantly repainting the screen. Or the activity is doing network calls on creation? See the threaddump logs. For your reference the last time the event queue was idle before your activity launch request was 1668760772003 and now the last time the queue went idle was: 1668760800361. If these numbers are the same your activity might be hogging the event queue.
11-18 11:40:19.244 24046 24090 E TestRunner: 	at androidx.test.runner.MonitoringInstrumentation.startActivitySync(MonitoringInstrumentation.java:550)
11-18 11:40:19.244 24046 24090 E TestRunner: 	at androidx.test.rule.ActivityTestRule.launchActivity(ActivityTestRule.java:376)
11-18 11:40:19.244 24046 24090 E TestRunner: 	at androidx.test.rule.ActivityTestRule$ActivityStatement.evaluate(ActivityTestRule.java:541)
11-18 11:40:19.244 24046 24090 E TestRunner: 	at org.junit.rules.RunRules.evaluate(RunRules.java:20)
11-18 11:40:19.244 24046 24090 E TestRunner: 	at androidx.test.rule.ActivityTestRule$ActivityStatement.evaluate(ActivityTestRule.java:543)
11-18 11:40:19.244 24046 24090 E TestRunner: 	at io.qameta.allure.android.rules.LogcatRule$apply$1.evaluate(LogcatRule.kt:23)
11-18 11:40:19.244 24046 24090 E TestRunner: 	at org.junit.runners.ParentRunner$3.evaluate(ParentRunner.java:306)
11-18 11:40:19.244 24046 24090 E TestRunner: 	at org.junit.runners.BlockJUnit4ClassRunner$1.evaluate(BlockJUnit4ClassRunner.java:100)
11-18 11:40:19.244 24046 24090 E TestRunner: 	at org.junit.runners.ParentRunner.runLeaf(ParentRunner.java:366)
11-18 11:40:19.244 24046 24090 E TestRunner: 	at org.junit.runners.BlockJUnit4ClassRunner.runChild(BlockJUnit4ClassRunner.java:103)
11-18 11:40:19.244 24046 24090 E TestRunner: 	at org.junit.runners.BlockJUnit4ClassRunner.runChild(BlockJUnit4ClassRunner.java:63)
11-18 11:40:19.244 24046 24090 E TestRunner: 	at org.junit.runners.ParentRunner$4.run(ParentRunner.java:331)
11-18 11:40:19.244 24046 24090 E TestRunner: 	at org.junit.runners.ParentRunner$1.schedule(ParentRunner.java:79)
11-18 11:40:19.244 24046 24090 E TestRunner: 	at org.junit.runners.ParentRunner.runChildren(ParentRunner.java:329)
11-18 11:40:19.244 24046 24090 E TestRunner: 	at org.junit.runners.ParentRunner.access$100(ParentRunner.java:66)
11-18 11:40:19.244 24046 24090 E TestRunner: 	at org.junit.runners.ParentRunner$2.evaluate(ParentRunner.java:293)
11-18 11:40:19.244 24046 24090 E TestRunner: 	at org.junit.runners.ParentRunner$3.evaluate(ParentRunner.java:306)
11-18 11:40:19.244 24046 24090 E TestRunner: 	at org.junit.runners.ParentRunner.run(ParentRunner.java:413)
11-18 11:40:19.244 24046 24090 E TestRunner: 	at androidx.test.ext.junit.runners.AndroidJUnit4.run(AndroidJUnit4.java:162)
11-18 11:40:19.244 24046 24090 E TestRunner: 	at io.qameta.allure.android.runners.AllureAndroidJUnit4.run(AllureAndroidJUnitRunners.kt:29)
11-18 11:40:19.244 24046 24090 E TestRunner: 	at org.junit.runners.Suite.runChild(Suite.java:128)
11-18 11:40:19.244 24046 24090 E TestRunner: 	at org.junit.runners.Suite.runChild(Suite.java:27)
11-18 11:40:19.244 24046 24090 E TestRunner: 	at org.junit.runners.ParentRunner$4.run(ParentRunner.java:331)
11-18 11:40:19.244 24046 24090 E TestRunner: 	at org.junit.runners.ParentRunner$1.schedule(ParentRunner.java:79)
11-18 11:40:19.244 24046 24090 E TestRunner: 	at org.junit.runners.ParentRunner.runChildren(ParentRunner.java:329)
11-18 11:40:19.244 24046 24090 E TestRunner: 	at org.junit.runners.ParentRunner.access$100(ParentRunner.java:66)
11-18 11:40:19.244 24046 24090 E TestRunner: 	at org.junit.runners.ParentRunner$2.evaluate(ParentRunner.java:293)
11-18 11:40:19.244 24046 24090 E TestRunner: 	at org.junit.runners.ParentRunner$3.evaluate(ParentRunner.java:306)
11-18 11:40:19.244 24046 24090 E TestRunner: 	at org.junit.runners.ParentRunner.run(ParentRunner.java:413)
11-18 11:40:19.244 24046 24090 E TestRunner: 	at org.junit.runner.JUnitCore.run(JUnitCore.java:137)
11-18 11:40:19.244 24046 24090 E TestRunner: 	at org.junit.runner.JUnitCore.run(JUnitCore.java:115)
11-18 11:40:19.244 24046 24090 E TestRunner: 	at androidx.test.internal.runner.TestExecutor.execute(TestExecutor.java:67)
11-18 11:40:19.244 24046 24090 E TestRunner: 	at androidx.test.internal.runner.TestExecutor.execute(TestExecutor.java:58)
11-18 11:40:19.244 24046 24090 E TestRunner: 	at androidx.test.runner.AndroidJUnitRunner.onStart(AndroidJUnitRunner.java:438)
11-18 11:40:19.244 24046 24090 E TestRunner: 	at android.app.Instrumentation$InstrumentationThread.run(Instrumentation.java:2189)
11-18 11:40:19.244 24046 24090 E TestRunner: ----- end exception -----
11-18 11:40:19.258 24046 24090 I TestRunner: finished: shouldFilterTheNewsWithCategoryNeedHelp(ru.iteco.fmhandroid.ui.FilterNewsPageTest)
11-18 11:40:19.293  2153  2171 I ndroid.systemu: NativeAlloc concurrent copying GC freed 7026(488KB) AllocSpace objects, 0(0B) LOS objects, 49% free, 5599KB/10MB, paused 639us total 926.908ms
11-18 11:40:19.407 24046 24059 I teco.fmhandroi: Background concurrent copying GC freed 40666(5059KB) AllocSpace objects, 6(4536KB) LOS objects, 38% free, 9881KB/15MB, paused 1.193ms total 319.924ms
11-18 11:40:19.408  2580 24204 W ctxmgr  : [AclManager] No 3 for (accnt=account#-517948760#, com.google.android.gms(10114):UserVelocityProducer, vrsn=202414022, 0, 3pPkg = null ,  3pMdlId = null ,  pid = 2580). Was: 3 for 1, account#-517948760# [CONTEXT service_id=47 ]
11-18 11:40:19.582 24046 24217 D FA      : Application going to the background
11-18 11:40:19.819 23998 24040 I app_process: Background concurrent copying GC freed 986(1523KB) AllocSpace objects, 15(10MB) LOS objects, 66% free, 3076KB/9220KB, paused 1.003ms total 280.989ms
11-18 11:40:19.852 23998 23998 W app_process: Long monitor contention with owner Binder:23998_2 (24045) at void com.android.commands.am.Instrument$InstrumentationWatcher.instrumentationStatus(android.content.ComponentName, int, android.os.Bundle)(Instrument.java:379) waiters=1 in void java.lang.Object.wait(long, int) for 452ms
11-18 11:40:19.868 24046 24090 I TestRunner: started: shouldFilterTheNewsWithCategoryBirthday(ru.iteco.fmhandroid.ui.FilterNewsPageTest)
11-18 11:40:21.035 24046 24090 W ActivityTestRule: getActivityIntent() returned null using default: Intent(Intent.ACTION_MAIN)
11-18 11:40:21.043  2006  5944 D WificondControl: Scan result ready event
11-18 11:40:21.062  2580 24141 I LogUtils: [Places]: ?: Couldn't find platform key file. [CONTEXT service_id=253 ]
11-18 11:40:21.065  2006  2899 I ActivityTaskManager: START u0 {act=android.intent.action.MAIN flg=0x10000000 cmp=ru.iteco.fmhandroid/.ui.AppActivity} from uid 10150
11-18 11:40:21.068  2580  3265 W GCoreFlp: No location to return for getLastLocation()
11-18 11:40:21.129  2580 24204 W ctxmgr  : [WorkManager] Long workInfo: pkg=com.google.android.gms, lbl=ListenerInvokerRunner, start=2022-11-18 11:40:19.522+0300, stop=2022-11-18 11:40:21.057+0300, durtn=1535ms [CONTEXT service_id=47 ]
11-18 11:40:21.136  2006  4523 W InputReader: Device has associated, but no associated display id.
11-18 11:40:21.139  2006  4523 I chatty  : uid=1000(system) Binder:2006_11 identical 28 lines
11-18 11:40:21.139  2006  4523 W InputReader: Device has associated, but no associated display id.
11-18 11:40:21.143 24046 24046 W ActivityThread: handleWindowVisibility: no activity for token android.os.BinderProxy@6abcd6c
11-18 11:40:21.146  2006  4523 W InputReader: Device has associated, but no associated display id.
11-18 11:40:21.147  2006  4523 I chatty  : uid=1000(system) Binder:2006_11 identical 8 lines
11-18 11:40:21.147  2006  4523 W InputReader: Device has associated, but no associated display id.
11-18 11:40:21.225  2580 24204 I ctxmgr  : [ProducerStatusImpl] updateStateForNewContextData: inactive, contextName=7 [CONTEXT service_id=47 ]
11-18 11:40:21.263  1761  2617 D gralloc_ranchu: gralloc_alloc: Creating ashmem region of size 14749696
11-18 11:40:21.295  2757 24223 V FA-SVC  : Logging event: origin=auto,name=app_background(_ab),params=Bundle[{ga_event_origin(_o)=auto}]
11-18 11:40:21.327  2757 24223 V FA-SVC  : Upload scheduled in approximately ms: 347336
11-18 11:40:21.328  2757 24223 V FA-SVC  : Unscheduling upload
11-18 11:40:21.342  2757 24223 V FA-SVC  : Scheduling upload, millis: 347336
11-18 11:40:21.354  2757 24223 V FA-SVC  : Background event processing time, ms: 60
11-18 11:40:21.363  2580  2580 I GeofencerStateMachine: removeGeofences: removeRequest=RemoveGeofencingRequest[REMOVE_BY_PENDING_INTENT pendingIntent=PendingIntent[creatorPackage=com.google.android.gms], packageName=com.google.android.gms]
11-18 11:40:21.368  2580  2580 I GeofencerStateMachine: removeGeofences: removeRequest=RemoveGeofencingRequest[REMOVE_BY_PENDING_INTENT pendingIntent=PendingIntent[creatorPackage=com.google.android.gms], packageName=com.google.android.gms]
11-18 11:40:21.407  2580 24234 I PlacesLogger: [PlaceInferenceEngine]: [anon] Changed inference mode: 0 [CONTEXT service_id=253 ]
11-18 11:40:21.408  2580 24141 I LogUtils: [Places]: ?: Couldn't find platform key file. [CONTEXT service_id=253 ]
11-18 11:40:21.410  2580  3265 W GCoreFlp: No location to return for getLastLocation()
11-18 11:40:21.428  2580 24114 I LogUtils: [Places]: ?: Couldn't find platform key file. [CONTEXT service_id=253 ]
11-18 11:40:21.451  2580 24237 E SQLiteDatabase: Error inserting flex_time=347000 job_id=-1 period=695000 source=16 requires_charging=0 preferred_network_type=1 target_class=com.google.android.gms.measurement.PackageMeasurementTaskService user_id=0 target_package=com.google.android.gms tag=Measurement.PackageMeasurementTaskService.UPLOAD_TASK_TAG task_type=0 required_idleness_state=0 service_kind=0 source_version=202414000 persistence_level=1 preferred_charging_state=1 required_network_type=0 runtime=1668760821403 retry_strategy={"maximum_backoff_seconds":{"3600":0},"initial_backoff_seconds":{"30":0},"retry_policy":{"0":0}} last_runtime=0
11-18 11:40:21.451  2580 24237 E SQLiteDatabase: android.database.sqlite.SQLiteConstraintException: UNIQUE constraint failed: pending_ops.tag, pending_ops.target_class, pending_ops.target_package, pending_ops.user_id (code 2067 SQLITE_CONSTRAINT_UNIQUE)
11-18 11:40:21.451  2580 24237 E SQLiteDatabase: 	at android.database.sqlite.SQLiteConnection.nativeExecuteForLastInsertedRowId(Native Method)
11-18 11:40:21.451  2580 24237 E SQLiteDatabase: 	at android.database.sqlite.SQLiteConnection.executeForLastInsertedRowId(SQLiteConnection.java:879)
11-18 11:40:21.451  2580 24237 E SQLiteDatabase: 	at android.database.sqlite.SQLiteSession.executeForLastInsertedRowId(SQLiteSession.java:790)
11-18 11:40:21.451  2580 24237 E SQLiteDatabase: 	at android.database.sqlite.SQLiteStatement.executeInsert(SQLiteStatement.java:88)
11-18 11:40:21.451  2580 24237 E SQLiteDatabase: 	at android.database.sqlite.SQLiteDatabase.insertWithOnConflict(SQLiteDatabase.java:1599)
11-18 11:40:21.451  2580 24237 E SQLiteDatabase: 	at android.database.sqlite.SQLiteDatabase.insert(SQLiteDatabase.java:1468)
11-18 11:40:21.451  2580 24237 E SQLiteDatabase: 	at aqui.a(:com.google.android.gms@202414022@20.24.14 (040700-319035315):175)
11-18 11:40:21.451  2580 24237 E SQLiteDatabase: 	at aqtk.a(:com.google.android.gms@202414022@20.24.14 (040700-319035315):182)
11-18 11:40:21.451  2580 24237 E SQLiteDatabase: 	at aqtk.a(:com.google.android.gms@202414022@20.24.14 (040700-319035315):23)
11-18 11:40:21.451  2580 24237 E SQLiteDatabase: 	at aqtk.a(:com.google.android.gms@202414022@20.24.14 (040700-319035315):177)
11-18 11:40:21.451  2580 24237 E SQLiteDatabase: 	at aqpu.run(:com.google.android.gms@202414022@20.24.14 (040700-319035315):9)
11-18 11:40:21.451  2580 24237 E SQLiteDatabase: 	at soy.b(:com.google.android.gms@202414022@20.24.14 (040700-319035315):12)
11-18 11:40:21.451  2580 24237 E SQLiteDatabase: 	at soy.run(:com.google.android.gms@202414022@20.24.14 (040700-319035315):7)
11-18 11:40:21.451  2580 24237 E SQLiteDatabase: 	at java.util.concurrent.ThreadPoolExecutor.runWorker(ThreadPoolExecutor.java:1167)
11-18 11:40:21.451  2580 24237 E SQLiteDatabase: 	at java.util.concurrent.ThreadPoolExecutor$Worker.run(ThreadPoolExecutor.java:641)
11-18 11:40:21.451  2580 24237 E SQLiteDatabase: 	at sux.run(:com.google.android.gms@202414022@20.24.14 (040700-319035315):0)
11-18 11:40:21.451  2580 24237 E SQLiteDatabase: 	at java.lang.Thread.run(Thread.java:919)
11-18 11:40:21.457  2580  3265 W GCoreFlp: No location to return for getLastLocation()
11-18 11:40:21.505  2006  2032 W InputReader: Device has associated, but no associated display id.
11-18 11:40:21.506  2006  2032 I chatty  : uid=1000(system) android.anim identical 8 lines
11-18 11:40:21.506  2006  2032 W InputReader: Device has associated, but no associated display id.
11-18 11:40:21.536  2153  2505 D EGL_emulation: eglMakeCurrent: 0xdde1a6c0: ver 2 0 (tinfo 0xdde0fac0)
11-18 11:40:21.551  2153  2505 D EGL_emulation: eglMakeCurrent: 0xdde1a6c0: ver 2 0 (tinfo 0xdde0fac0)
11-18 11:40:21.562  2441  2951 D EGL_emulation: eglMakeCurrent: 0xdde1a480: ver 2 0 (tinfo 0xdde0f530)
11-18 11:40:21.568  2876  3288 D EGL_emulation: eglMakeCurrent: 0xdde1bb00: ver 2 0 (tinfo 0xdde0ff90)
11-18 11:40:21.586  2580 24114 I LogUtils: [Places]: ?: Couldn't find platform key file. [CONTEXT service_id=253 ]
11-18 11:40:21.601  2580 24141 I LogUtils: [Places]: ?: Couldn't find platform key file. [CONTEXT service_id=253 ]
11-18 11:40:21.632  2580 24234 I LogUtils: [Places]: ?: PlacesBleScanner start() with priority 2 [CONTEXT service_id=253 ]
11-18 11:40:21.632  2580 24234 I PlacesLogger: [PlaceInferenceEngine]: [anon] Changed inference mode: 1 [CONTEXT service_id=253 ]
11-18 11:40:21.649  2580  2580 E BeaconBle: Missing BluetoothAdapter [CONTEXT service_id=111 ]
11-18 11:40:21.649  2580  2580 I BeaconBle: BLE 'KK+' software access layer enabled [CONTEXT service_id=111 ]
11-18 11:40:21.656  2580  3265 W GCoreFlp: No location to return for getLastLocation()
11-18 11:40:21.685  2580  2580 I BeaconBle: Client requested scan, settings=BleSettings [scanMode=ZERO_POWER, callbackType=ALL_MATCHES, reportDelayMillis=0, 1 filters, 0 clients, callingClientName=Places] [CONTEXT service_id=111 ]
11-18 11:40:21.687  2580  2580 I BeaconBle: Scan : No clients left, canceling alarm. [CONTEXT service_id=111 ]
11-18 11:40:21.688  2580  2580 E BeaconBle: Scan couldn't start for Places [CONTEXT service_id=111 ]
11-18 11:40:21.688  2580  2580 W Places  : BLE failure while scanning - code 5
11-18 11:40:21.709  2580 24237 I LogUtils: [Places]: ?: Couldn't find platform key file. [CONTEXT service_id=253 ]
11-18 11:40:22.067 24046 24046 D LifecycleMonitor: Lifecycle status change: ru.iteco.fmhandroid.ui.AppActivity@4090e22 in: PRE_ON_CREATE
11-18 11:40:22.074 24046 24078 V FA      : onActivityCreated
11-18 11:40:22.130 24046 24046 D LifecycleMonitor: Lifecycle status change: ru.iteco.fmhandroid.ui.AppActivity@4090e22 in: CREATED
11-18 11:40:22.147  1891  1891 E netmgr  : Failed to open QEMU pipe 'qemud:network': Invalid argument
11-18 11:40:22.685 24046 24046 D LifecycleMonitor: Lifecycle status change: ru.iteco.fmhandroid.ui.AppActivity@4090e22 in: STARTED
11-18 11:40:22.687 24046 24046 D LifecycleMonitor: Lifecycle status change: ru.iteco.fmhandroid.ui.AppActivity@4090e22 in: RESUMED
11-18 11:40:22.688 24046 24217 V FA      : Activity resumed, time: 652260616
11-18 11:40:22.750  1761  2617 D gralloc_ranchu: gralloc_alloc: Creating ashmem region of size 14749696
11-18 11:40:22.755  1761  2617 I chatty  : uid=1000(system) HwBinder:1761_2 identical 1 line
11-18 11:40:22.772  1761  2617 D gralloc_ranchu: gralloc_alloc: Creating ashmem region of size 14749696
11-18 11:40:22.776 24046 24103 D EGL_emulation: eglMakeCurrent: 0xdde1b8c0: ver 2 0 (tinfo 0xcd778c20)
11-18 11:40:22.870  2757 24223 V FA-SVC  : Logging event: origin=auto,name=screen_view(_vs),params=Bundle[{ga_event_origin(_o)=auto, ga_previous_class(_pc)=AppActivity, ga_previous_id(_pi)=4622161606729967433, ga_screen_class(_sc)=AppActivity, ga_screen_id(_si)=4622161606729967434}]
11-18 11:40:22.883  2153  2505 D EGL_emulation: eglMakeCurrent: 0xdde1a6c0: ver 2 0 (tinfo 0xdde0fac0)
11-18 11:40:22.918 24046 24090 W ActivityTestRule: getActivityIntent() returned null using default: Intent(Intent.ACTION_MAIN)
11-18 11:40:22.927  2757 24223 V FA-SVC  : Upload scheduled in approximately ms: 345736
11-18 11:40:22.928  2757 24223 V FA-SVC  : Unscheduling upload
11-18 11:40:22.977  2757 24223 V FA-SVC  : Scheduling upload, millis: 345736
11-18 11:40:22.986  2006  4523 I ActivityTaskManager: START u0 {act=android.intent.action.MAIN flg=0x10000000 cmp=ru.iteco.fmhandroid/.ui.AppActivity} from uid 10150
11-18 11:40:22.988  2757 24223 V FA-SVC  : Background event processing time, ms: 118
11-18 11:40:23.000  2006  2036 I ActivityTaskManager: Displayed ru.iteco.fmhandroid/.ui.AppActivity: +1s806ms
11-18 11:40:23.020  2876 23941 I PBSessionCacheImpl: Deleted sessionId[360284991863] from persistence.
11-18 11:40:23.033  2876  3118 W SearchServiceCore: Abort, client detached.
11-18 11:40:23.079  2580 24141 E SQLiteDatabase: Error inserting flex_time=345000 job_id=-1 period=692000 source=16 requires_charging=0 preferred_network_type=1 target_class=com.google.android.gms.measurement.PackageMeasurementTaskService user_id=0 target_package=com.google.android.gms tag=Measurement.PackageMeasurementTaskService.UPLOAD_TASK_TAG task_type=0 required_idleness_state=0 service_kind=0 source_version=202414000 persistence_level=1 preferred_charging_state=1 required_network_type=0 runtime=1668760823015 retry_strategy={"maximum_backoff_seconds":{"3600":0},"initial_backoff_seconds":{"30":0},"retry_policy":{"0":0}} last_runtime=0
11-18 11:40:23.079  2580 24141 E SQLiteDatabase: android.database.sqlite.SQLiteConstraintException: UNIQUE constraint failed: pending_ops.tag, pending_ops.target_class, pending_ops.target_package, pending_ops.user_id (code 2067 SQLITE_CONSTRAINT_UNIQUE)
11-18 11:40:23.079  2580 24141 E SQLiteDatabase: 	at android.database.sqlite.SQLiteConnection.nativeExecuteForLastInsertedRowId(Native Method)
11-18 11:40:23.079  2580 24141 E SQLiteDatabase: 	at android.database.sqlite.SQLiteConnection.executeForLastInsertedRowId(SQLiteConnection.java:879)
11-18 11:40:23.079  2580 24141 E SQLiteDatabase: 	at android.database.sqlite.SQLiteSession.executeForLastInsertedRowId(SQLiteSession.java:790)
11-18 11:40:23.079  2580 24141 E SQLiteDatabase: 	at android.database.sqlite.SQLiteStatement.executeInsert(SQLiteStatement.java:88)
11-18 11:40:23.079  2580 24141 E SQLiteDatabase: 	at android.database.sqlite.SQLiteDatabase.insertWithOnConflict(SQLiteDatabase.java:1599)
11-18 11:40:23.079  2580 24141 E SQLiteDatabase: 	at android.database.sqlite.SQLiteDatabase.insert(SQLiteDatabase.java:1468)
11-18 11:40:23.079  2580 24141 E SQLiteDatabase: 	at aqui.a(:com.google.android.gms@202414022@20.24.14 (040700-319035315):175)
11-18 11:40:23.079  2580 24141 E SQLiteDatabase: 	at aqtk.a(:com.google.android.gms@202414022@20.24.14 (040700-319035315):182)
11-18 11:40:23.079  2580 24141 E SQLiteDatabase: 	at aqtk.a(:com.google.android.gms@202414022@20.24.14 (040700-319035315):23)
11-18 11:40:23.079  2580 24141 E SQLiteDatabase: 	at aqtk.a(:com.google.android.gms@202414022@20.24.14 (040700-319035315):177)
11-18 11:40:23.079  2580 24141 E SQLiteDatabase: 	at aqpu.run(:com.google.android.gms@202414022@20.24.14 (040700-319035315):9)
11-18 11:40:23.079  2580 24141 E SQLiteDatabase: 	at soy.b(:com.google.android.gms@202414022@20.24.14 (040700-319035315):12)
11-18 11:40:23.079  2580 24141 E SQLiteDatabase: 	at soy.run(:com.google.android.gms@202414022@20.24.14 (040700-319035315):7)
11-18 11:40:23.079  2580 24141 E SQLiteDatabase: 	at java.util.concurrent.ThreadPoolExecutor.runWorker(ThreadPoolExecutor.java:1167)
11-18 11:40:23.079  2580 24141 E SQLiteDatabase: 	at java.util.concurrent.ThreadPoolExecutor$Worker.run(ThreadPoolExecutor.java:641)
11-18 11:40:23.079  2580 24141 E SQLiteDatabase: 	at sux.run(:com.google.android.gms@202414022@20.24.14 (040700-319035315):0)
11-18 11:40:23.079  2580 24141 E SQLiteDatabase: 	at java.lang.Thread.run(Thread.java:919)
11-18 11:40:24.470  2006  2019 I system_server: NativeAlloc concurrent copying GC freed 117373(4435KB) AllocSpace objects, 7(316KB) LOS objects, 8% free, 68MB/74MB, paused 663us total 758.502ms
11-18 11:40:25.695 24046 24111 I okhttp.OkHttpClient: --> GET http://www.981757-ca08998.tmweb.ru:8080/fmh/authentication/userInfo
11-18 11:40:25.695 24046 24111 I okhttp.OkHttpClient: --> END GET
11-18 11:40:25.913 24046 24111 I okhttp.OkHttpClient: <-- 200 http://www.981757-ca08998.tmweb.ru:8080/fmh/authentication/userInfo (217ms)
11-18 11:40:25.913 24046 24111 I okhttp.OkHttpClient: Vary: Origin
11-18 11:40:25.913 24046 24111 I okhttp.OkHttpClient: Vary: Access-Control-Request-Method
11-18 11:40:25.913 24046 24111 I okhttp.OkHttpClient: Vary: Access-Control-Request-Headers
11-18 11:40:25.913 24046 24111 I okhttp.OkHttpClient: X-Content-Type-Options: nosniff
11-18 11:40:25.913 24046 24111 I okhttp.OkHttpClient: X-XSS-Protection: 1; mode=block
11-18 11:40:25.914 24046 24111 I okhttp.OkHttpClient: Cache-Control: no-cache, no-store, max-age=0, must-revalidate
11-18 11:40:25.914 24046 24111 I okhttp.OkHttpClient: Pragma: no-cache
11-18 11:40:25.914 24046 24111 I okhttp.OkHttpClient: Expires: 0
11-18 11:40:25.914 24046 24111 I okhttp.OkHttpClient: X-Frame-Options: DENY
11-18 11:40:25.914 24046 24111 I okhttp.OkHttpClient: Content-Type: application/json
11-18 11:40:25.914 24046 24111 I okhttp.OkHttpClient: Transfer-Encoding: chunked
11-18 11:40:25.914 24046 24111 I okhttp.OkHttpClient: Date: Fri, 18 Nov 2022 08:40:27 GMT
11-18 11:40:25.915 24046 24111 I okhttp.OkHttpClient: Keep-Alive: timeout=60
11-18 11:40:25.915 24046 24111 I okhttp.OkHttpClient: Connection: keep-alive
11-18 11:40:25.917 24046 24111 I okhttp.OkHttpClient: {"id":2,"firstName":"Данил","lastName":"Иванов","middleName":"Данилович","admin":true}
11-18 11:40:25.917 24046 24111 I okhttp.OkHttpClient: <-- END HTTP (106-byte body)
11-18 11:40:25.940 24046 24151 I okhttp.OkHttpClient: --> GET http://www.981757-ca08998.tmweb.ru:8080/fmh/claims
11-18 11:40:25.940 24046 24151 I okhttp.OkHttpClient: --> END GET
11-18 11:40:47.581  2876  3118 W ThreadPoolDumper: Task bv[SearchService stop] was queued for 18561ms before starting on executor EventBus
11-18 11:40:47.602 24046 24151 I okhttp.OkHttpClient: <-- 200 http://www.981757-ca08998.tmweb.ru:8080/fmh/claims (21661ms)
11-18 11:40:47.603 24046 24151 I okhttp.OkHttpClient: Vary: Origin
11-18 11:40:47.603 24046 24151 I okhttp.OkHttpClient: Vary: Access-Control-Request-Method
11-18 11:40:47.604 24046 24151 I okhttp.OkHttpClient: Vary: Access-Control-Request-Headers
11-18 11:40:47.604 24046 24151 I okhttp.OkHttpClient: X-Content-Type-Options: nosniff
11-18 11:40:47.604 24046 24151 I okhttp.OkHttpClient: X-XSS-Protection: 1; mode=block
11-18 11:40:47.605 24046 24151 I okhttp.OkHttpClient: Cache-Control: no-cache, no-store, max-age=0, must-revalidate
11-18 11:40:47.605 24046 24151 I okhttp.OkHttpClient: Pragma: no-cache
11-18 11:40:47.605 24046 24151 I okhttp.OkHttpClient: Expires: 0
11-18 11:40:47.605 24046 24151 I okhttp.OkHttpClient: X-Frame-Options: DENY
11-18 11:40:47.605 24046 24151 I okhttp.OkHttpClient: Content-Type: application/json
11-18 11:40:47.605 24046 24151 I okhttp.OkHttpClient: Transfer-Encoding: chunked
11-18 11:40:47.605 24046 24151 I okhttp.OkHttpClient: Date: Fri, 18 Nov 2022 08:40:29 GMT
11-18 11:40:47.606 24046 24151 I okhttp.OkHttpClient: Keep-Alive: timeout=60
11-18 11:40:47.725 24046 24151 I okhttp.OkHttpClient: Connection: keep-alive
11-18 11:40:47.740  2876  3058 W ThreadPoolDumper: Task Trigger[c[Start unbuffering task.]] was queued for 19875ms before starting on executor TimerThread
11-18 11:40:47.747 16109 16109 I wpa_supplicant: wlan0: CTRL-EVENT-BEACON-LOSS 
11-18 11:40:47.825  2580  3326 W ProcessReaper: Memory state is: 100
11-18 11:40:47.937  2876  3118 I WorkerManager: dispose()
11-18 11:40:47.948  2876  3118 W ThreadPoolDumper: Queue length for executor EventBus is now 11. Perhaps some tasks are too long, or the pool is too small.
11-18 11:40:47.953  2006  2028 W Looper  : Slow dispatch took 167ms android.fg h=android.os.Handler c=com.android.server.Watchdog$HandlerChecker@dc19666 m=0
11-18 11:40:47.958  2006  2374 W system_server: Long monitor contention with owner Binder:2006_11 (4523) at void com.android.server.power.PowerManagerService.acquireWakeLockInternal(android.os.IBinder, int, java.lang.String, java.lang.String, android.os.WorkSource, java.lang.String, int, int)(PowerManagerService.java:1044) waiters=0 in void com.android.server.power.PowerManagerService.acquireWakeLockInternal(android.os.IBinder, int, java.lang.String, java.lang.String, android.os.WorkSource, java.lang.String, int, int) for 224ms
11-18 11:40:48.181  2006  2899 D timedetector.SimpleTimeDetectorStrategy: Setting system clock using time=TimestampedValue{mReferenceTimeMillis=652285903, mValue=1668761106000} reason=New time signal elapsedRealtimeMillis=652286109 newTimeMillis=1668761106206
11-18 11:40:48.184  2006  2899 D AlarmManagerService: Setting time of day to sec=1668761106
11-18 11:45:06.264  2006  2006 D DevicePolicyManager: updateSystemUpdateFreezePeriodsRecord
11-18 11:45:06.273  2006  2006 D ConditionProviders.SCP: onReceive android.intent.action.TIME_SET
11-18 11:45:06.284  2006  2006 D ConditionProviders.SCP: evaluateSubscriptionLocked cal=ScheduleCalendar[mDays={1, 2, 3, 4, 5, 6, 7}, mSchedule=ScheduleInfo{days=[1, 2, 3, 4, 5, 6, 7], startHour=22, startMinute=0, endHour=7, endMinute=0, exitAtAlarm=true, nextAlarm=Thu Jan 01 03:00:00 GMT+03:00 1970 (0)}], now=Fri Nov 18 11:45:06 GMT+03:00 2022 (1668761106274), nextUserAlarmTime=Thu Jan 01 03:00:00 GMT+03:00 1970 (0)
11-18 11:45:06.285  2006  2006 D ConditionProviders.SCP: notifyCondition condition://android/schedule?days=1.2.3.4.5.6.7&start=22.0&end=7.0&exitAtAlarm=true STATE_FALSE reason=!meetsSchedule
11-18 11:45:06.296  2153  2153 D KeyguardClockSwitch: Updating clock: 1145
11-18 11:45:06.325  2006  2006 D ConditionProviders.SCP: Scheduling evaluate for Fri Nov 18 22:00:00 GMT+03:00 2022 (1668798000000), in +10h14m53s726ms, now=Fri Nov 18 11:45:06 GMT+03:00 2022 (1668761106274)
11-18 11:45:06.328  2876 24246 I WorkController: WorkProxy is not enqueued because WorkController is disposed: WorkProxy{Name=context::f, WorkerId=context, id=660aba2}
11-18 11:45:06.348  2006  2036 I UsageStatsService: Time changed in UsageStats by 258 seconds
11-18 11:45:06.348  2006  2036 I UsageStatsService: User[0] Flushing usage stats to disk
11-18 11:45:06.397  2876 24246 I WorkController: WorkProxy is not enqueued because WorkController is disposed: WorkProxy{Name=context::h, WorkerId=context, id=cc0a033}
11-18 11:45:06.399  2876 24246 I WorkController: WorkProxy is not enqueued because WorkController is disposed: WorkProxy{Name=context::k, WorkerId=context, id=945eff0}
11-18 11:45:06.452  2876 24246 I WorkController: WorkProxy is not enqueued because WorkController is disposed: WorkProxy{Name=context::m, WorkerId=context, id=5827969}
11-18 11:45:06.501  2876 24245 W earchbox:searc: Long monitor contention with owner NonUserFacing887 (24246) at boolean com.google.android.apps.gsa.staticplugins.ad.aw.b()(SourceFile:-1) waiters=0 in boolean com.google.android.apps.gsa.staticplugins.ad.aw.b() for 468ms
11-18 11:45:06.701 24046 24151 I okhttp.OkHttpClient: [{"id":587,"title":"povorot","description":"test","creatorId":2,"executorId":2,"createDate":1661810790,"planExecuteDate":-5352141360,"factExecuteDate":1661943276973,"status":"EXECUTED","creatorName":"Иванов Данил Данилович","executorName":"Иванов Данил Данилович"},{"id":585,"title":"open","description":"open","creatorId":2,"executorId":2,"createDate":1661809054,"planExecuteDate":-2196728640,"factExecuteDate":1661809592908,"status":"EXECUTED","creatorName":"Иванов Данил Данилович","executorName":"Иванов Данил Данилович"},{"id":586,"title":"test qa","description":"test","creatorId":2,"executorId":null,"createDate":1661809706,"planExecuteDate":-2189643180,"factExecuteDate":null,"status":"CANCELLED","creatorName":"Иванов Данил Данилович","executorName":null},{"id":856,"title":"+10 в карму","description":"Hello!","creatorId":2,"executorId":null,"createDate":1664952246,"planExecuteDate":-1869029400,"factExecuteDate":null,"status":"CANCELLED","creatorName":"Иванов Данил Данилович","executorName":null},{"id":857,"title":"+10 в карму","description":"Hello!","creatorId":2,"executorId":null,"createDate":1664954742,"planExecuteDate":-1869029400,"factExecuteDate":null,"status":"CANCELLED","creatorName":"Иванов Данил Данилович","executorName":null},{"id":858,"title":"+10 в карму","description":"Hello!","creatorId":2,"executorId":null,"createDate":1664961835,"planExecuteDate":-1869029400,"factExecuteDate":null,"status":"CANCELLED","creatorName":"Иванов Данил Данилович","executorName":null},{"id":859,"title":"+10 в карму","description":"Hello!","creatorId":2,"executorId":2,"createDate":1664963522,"planExecuteDate":-1869029400,"factExecuteDate":1664963892158,"status":"EXECUTED","creatorName":"Иванов Данил Данилович","executorName":"Иванов Данил Данилович"},{"id":957,"title":"Внимание!!!","description":"Hello!","creatorId":2,"executorId":null,"createDate":1665452599,"planExecuteDate":-1869029400,"factExecuteDate":null,"status":"CANCELLED","creatorName":"Иванов Данил Данилович","executorName":null},{"id":958,"title":"Внимание!!!","description":"Hello!","creatorId":2,"executorId":null,"createDate":1665453363,"planExecuteDate":-1869029400,"factExecuteDate":null,"status":"CANCELLED","creatorName":"Иванов Данил Дан��лович","executorName":null},{"id":959,"title":"Внимание!!!","description":"Hello!","creatorId":2,"executorId":null,"createDate":1665453639,"planExecuteDate":-1869029400,"factExecuteDate":null,"status":"CANCELLED","creatorName":"Иванов Данил Данилович","executorName":null},{"id":960,"title":"Внимание!!!","description":"Hello!","creatorId":2,"executorId":2,"createDate":1665454326,"planExecuteDate":-1869029400,"factExecuteDate":1665454643816,"status":"EXECUTED","creatorName":"Иванов Данил Данилович","executorName":"Иванов Данил Данилович"},{"id":961,"title":"Внимание!!!","description":"Hello!","creatorId":2,"executorId":null,"createDate":1665455317,"planExecuteDate":-1869029400,"factExecuteDate":null,"status":"CANCELLED","creatorName":"Иванов Данил Данилович","executorName":null},{"id":852,"title":"+10 в карму","description":"Hello!","creatorId":2,"executorId":null,"createDate":1664874328,"planExecuteDate":-1869015000,"factExecuteDate":null,"status":"CANCELLED","creatorName":"Иванов Данил Данилович","executorName":null},{"id":853,"title":"+10 в карму","description":"Hello!","creatorId":2,"executorId":null,"createDate":1664875136,"planExecuteDate":-1869015000,"factExecuteDate":null,"status":"CANCELLED","creatorName":"Иванов Данил Данилович","executorName":null},{"id":851,"title":"super_claim","description":"description","creatorId":2,"executorId":2,"createDate
