12-08 04:43:41.055  7695  7695 I ViewInteraction: Performing 'wait for a specific view with <(an instance of android.widget.TextView and view.getHint() matching: is "Login" and view.getParent() view.getParent() view.getId() is <2131231121>)> during 10000 millis.' action on view view.getRootView() to equal view
12-08 04:43:41.060  7695  7740 W teco.fmhandroi: Accessing hidden method Lsun/misc/Unsafe;->compareAndSwapObject(Ljava/lang/Object;JLjava/lang/Object;Ljava/lang/Object;)Z (greylist, linking, allowed)
12-08 04:43:41.064  7695  7695 I ViewInteraction: Checking 'MatchesViewAssertion{viewMatcher=(view has effective visibility <VISIBLE> and view.getGlobalVisibleRect() to return non-empty rectangle)}' assertion on view (an instance of android.widget.TextView and view.getHint() matching: is "Login" and view.getParent() view.getParent() view.getId() is <2131231121/ru.iteco.fmhandroid:id/login_text_input_layout>)
12-08 04:43:41.066  7695  7740 W teco.fmhandroi: Accessing hidden method Lsun/misc/Unsafe;->compareAndSwapObject(Ljava/lang/Object;JLjava/lang/Object;Ljava/lang/Object;)Z (greylist, linking, allowed)
12-08 04:43:41.073  7695  7695 I ViewInteraction: Performing 'wait for a specific view with <(an instance of android.widget.TextView and view.getHint() matching: is "Password" and view.getParent() view.getParent() view.getId() is <2131231264>)> during 10000 millis.' action on view view.getRootView() to equal view
12-08 04:43:41.077  7695  7740 W teco.fmhandroi: Accessing hidden method Lsun/misc/Unsafe;->compareAndSwapObject(Ljava/lang/Object;JLjava/lang/Object;Ljava/lang/Object;)Z (greylist, linking, allowed)
12-08 04:43:41.081  7695  7695 I ViewInteraction: Checking 'MatchesViewAssertion{viewMatcher=(view has effective visibility <VISIBLE> and view.getGlobalVisibleRect() to return non-empty rectangle)}' assertion on view (an instance of android.widget.TextView and view.getHint() matching: is "Password" and view.getParent() view.getParent() view.getId() is <2131231264/ru.iteco.fmhandroid:id/password_text_input_layout>)
12-08 04:43:41.084  7695  7740 W teco.fmhandroi: Accessing hidden method Lsun/misc/Unsafe;->compareAndSwapObject(Ljava/lang/Object;JLjava/lang/Object;Ljava/lang/Object;)Z (greylist, linking, allowed)
12-08 04:43:41.089  7695  7695 I ViewInteraction: Performing 'wait for a specific view with <(view.getId() is <2131231039> and an instance of android.widget.TextView and view.getText() with or without transformation to match: is "SIGN IN" and view.getContentDescription() is "Save" and view.getParent() view.getParent() an instance of android.widget.RelativeLayout)> during 10000 millis.' action on view view.getRootView() to equal view
12-08 04:43:41.095  7695  7740 W teco.fmhandroi: Accessing hidden method Lsun/misc/Unsafe;->compareAndSwapObject(Ljava/lang/Object;JLjava/lang/Object;Ljava/lang/Object;)Z (greylist, linking, allowed)
12-08 04:43:41.101  7695  7695 I ViewInteraction: Checking 'MatchesViewAssertion{viewMatcher=(view has effective visibility <VISIBLE> and view.getGlobalVisibleRect() to return non-empty rectangle)}' assertion on view (view.getId() is <2131231039/ru.iteco.fmhandroid:id/enter_button> and an instance of android.widget.TextView and view.getText() with or without transformation to match: is "SIGN IN" and view.getContentDescription() is "Save" and view.getParent() view.getParent() an instance of android.widget.RelativeLayout)
12-08 04:43:41.104  7695  7740 W teco.fmhandroi: Accessing hidden method Lsun/misc/Unsafe;->compareAndSwapObject(Ljava/lang/Object;JLjava/lang/Object;Ljava/lang/Object;)Z (greylist, linking, allowed)
12-08 04:43:41.105  7695  7814 W teco.fmhandroi: Accessing hidden method Lsun/misc/Unsafe;->compareAndSwapObject(Ljava/lang/Object;JLjava/lang/Object;Ljava/lang/Object;)Z (greylist, linking, allowed)
12-08 04:43:41.109  7695  7695 I ViewInteraction: Performing 'wait for a specific view with <(an instance of android.widget.TextView and view.getText() with or without transformation to match: is "Authorization" and view.getParent() view.getParent() view.getId() is <2131231186>)> during 10000 millis.' action on view view.getRootView() to equal view
12-08 04:43:41.112  7695  7740 W teco.fmhandroi: Accessing hidden method Lsun/misc/Unsafe;->compareAndSwapObject(Ljava/lang/Object;JLjava/lang/Object;Ljava/lang/Object;)Z (greylist, linking, allowed)
12-08 04:43:41.117  7695  7695 I ViewInteraction: Checking 'MatchesViewAssertion{viewMatcher=(view has effective visibility <VISIBLE> and view.getGlobalVisibleRect() to return non-empty rectangle)}' assertion on view (an instance of android.widget.TextView and view.getText() with or without transformation to match: is "Authorization" and view.getParent() view.getParent() view.getId() is <2131231186/ru.iteco.fmhandroid:id/nav_host_fragment>)
12-08 04:43:41.120  7695  7740 W teco.fmhandroi: Accessing hidden method Lsun/misc/Unsafe;->compareAndSwapObject(Ljava/lang/Object;JLjava/lang/Object;Ljava/lang/Object;)Z (greylist, linking, allowed)
12-08 04:43:41.126  7695  7695 I ViewInteraction: Performing 'wait for a specific view with <(an instance of android.widget.TextView and view.getHint() matching: is "Login" and view.getParent() view.getParent() view.getId() is <2131231121/ru.iteco.fmhandroid:id/login_text_input_layout>)> during 10000 millis.' action on view view.getRootView() to equal view
12-08 04:43:41.130  7695  7740 W teco.fmhandroi: Accessing hidden method Lsun/misc/Unsafe;->compareAndSwapObject(Ljava/lang/Object;JLjava/lang/Object;Ljava/lang/Object;)Z (greylist, linking, allowed)
12-08 04:43:41.134  7695  7695 I ViewInteraction: Checking 'MatchesViewAssertion{viewMatcher=(view has effective visibility <VISIBLE> and view.getGlobalVisibleRect() to return non-empty rectangle)}' assertion on view (an instance of android.widget.TextView and view.getHint() matching: is "Login" and view.getParent() view.getParent() view.getId() is <2131231121/ru.iteco.fmhandroid:id/login_text_input_layout>)
12-08 04:43:41.137  7695  7740 W teco.fmhandroi: Accessing hidden method Lsun/misc/Unsafe;->compareAndSwapObject(Ljava/lang/Object;JLjava/lang/Object;Ljava/lang/Object;)Z (greylist, linking, allowed)
12-08 04:43:41.137  7695  7814 W teco.fmhandroi: Accessing hidden method Lsun/misc/Unsafe;->compareAndSwapObject(Ljava/lang/Object;JLjava/lang/Object;Ljava/lang/Object;)Z (greylist, linking, allowed)
12-08 04:43:41.145  7695  7695 I ViewInteraction: Performing 'wait for a specific view with <(an instance of android.widget.TextView and view.getHint() matching: is "Password" and view.getParent() view.getParent() view.getId() is <2131231264/ru.iteco.fmhandroid:id/password_text_input_layout>)> during 10000 millis.' action on view view.getRootView() to equal view
12-08 04:43:41.148  7695  7740 W teco.fmhandroi: Accessing hidden method Lsun/misc/Unsafe;->compareAndSwapObject(Ljava/lang/Object;JLjava/lang/Object;Ljava/lang/Object;)Z (greylist, linking, allowed)
12-08 04:43:41.153  7695  7695 I ViewInteraction: Checking 'MatchesViewAssertion{viewMatcher=(view has effective visibility <VISIBLE> and view.getGlobalVisibleRect() to return non-empty rectangle)}' assertion on view (an instance of android.widget.TextView and view.getHint() matching: is "Password" and view.getParent() view.getParent() view.getId() is <2131231264/ru.iteco.fmhandroid:id/password_text_input_layout>)
12-08 04:43:41.157  7695  7740 W teco.fmhandroi: Accessing hidden method Lsun/misc/Unsafe;->compareAndSwapObject(Ljava/lang/Object;JLjava/lang/Object;Ljava/lang/Object;)Z (greylist, linking, allowed)
12-08 04:43:41.162  7695  7695 I ViewInteraction: Performing 'wait for a specific view with <(view.getId() is <2131231039/ru.iteco.fmhandroid:id/enter_button> and an instance of android.widget.TextView and view.getText() with or without transformation to match: is "SIGN IN" and view.getContentDescription() is "Save" and view.getParent() view.getParent() an instance of android.widget.RelativeLayout)> during 10000 millis.' action on view view.getRootView() to equal view
12-08 04:43:41.166  7695  7740 W teco.fmhandroi: Accessing hidden method Lsun/misc/Unsafe;->compareAndSwapObject(Ljava/lang/Object;JLjava/lang/Object;Ljava/lang/Object;)Z (greylist, linking, allowed)
12-08 04:43:41.166  7695  7814 W teco.fmhandroi: Accessing hidden method Lsun/misc/Unsafe;->compareAndSwapObject(Ljava/lang/Object;JLjava/lang/Object;Ljava/lang/Object;)Z (greylist, linking, allowed)
12-08 04:43:41.172  7695  7695 I ViewInteraction: Checking 'MatchesViewAssertion{viewMatcher=(view has effective visibility <VISIBLE> and view.getGlobalVisibleRect() to return non-empty rectangle)}' assertion on view (view.getId() is <2131231039/ru.iteco.fmhandroid:id/enter_button> and an instance of android.widget.TextView and view.getText() with or without transformation to match: is "SIGN IN" and view.getContentDescription() is "Save" and view.getParent() view.getParent() an instance of android.widget.RelativeLayout)
12-08 04:43:41.175  7695  7740 W teco.fmhandroi: Accessing hidden method Lsun/misc/Unsafe;->compareAndSwapObject(Ljava/lang/Object;JLjava/lang/Object;Ljava/lang/Object;)Z (greylist, linking, allowed)
12-08 04:43:41.176  7695  7814 W teco.fmhandroi: Accessing hidden method Lsun/misc/Unsafe;->compareAndSwapObject(Ljava/lang/Object;JLjava/lang/Object;Ljava/lang/Object;)Z (greylist, linking, allowed)
12-08 04:43:41.178  7695  7695 I ViewInteraction: Performing 'wait for a specific view with <(an instance of android.widget.TextView and view.getHint() matching: is "Login" and view.getParent() view.getParent() view.getId() is <2131231121/ru.iteco.fmhandroid:id/login_text_input_layout>)> during 10000 millis.' action on view view.getRootView() to equal view
12-08 04:43:41.183  7695  7740 W teco.fmhandroi: Accessing hidden method Lsun/misc/Unsafe;->compareAndSwapObject(Ljava/lang/Object;JLjava/lang/Object;Ljava/lang/Object;)Z (greylist, linking, allowed)
12-08 04:43:41.187  7695  7695 I ViewInteraction: Performing 'replace text(login2)' action on view (an instance of android.widget.TextView and view.getHint() matching: is "Login" and view.getParent() view.getParent() view.getId() is <2131231121/ru.iteco.fmhandroid:id/login_text_input_layout>)
12-08 04:43:41.223  7695  7740 W teco.fmhandroi: Accessing hidden method Lsun/misc/Unsafe;->compareAndSwapObject(Ljava/lang/Object;JLjava/lang/Object;Ljava/lang/Object;)Z (greylist, linking, allowed)
12-08 04:43:41.254  7695  7695 I ViewInteraction: Performing 'wait for a specific view with <(an instance of android.widget.TextView and view.getHint() matching: is "Password" and view.getParent() view.getParent() view.getId() is <2131231264/ru.iteco.fmhandroid:id/password_text_input_layout>)> during 10000 millis.' action on view view.getRootView() to equal view
12-08 04:43:41.259  7695  7740 W teco.fmhandroi: Accessing hidden method Lsun/misc/Unsafe;->compareAndSwapObject(Ljava/lang/Object;JLjava/lang/Object;Ljava/lang/Object;)Z (greylist, linking, allowed)
12-08 04:43:41.266  7695  7695 I ViewInteraction: Performing 'replace text(password2)' action on view (an instance of android.widget.TextView and view.getHint() matching: is "Password" and view.getParent() view.getParent() view.getId() is <2131231264/ru.iteco.fmhandroid:id/password_text_input_layout>)
12-08 04:43:41.277  7695  7740 W teco.fmhandroi: Accessing hidden method Lsun/misc/Unsafe;->compareAndSwapObject(Ljava/lang/Object;JLjava/lang/Object;Ljava/lang/Object;)Z (greylist, linking, allowed)
12-08 04:43:41.306  7695  7695 I ViewInteraction: Performing 'wait for a specific view with <(view.getId() is <2131231039/ru.iteco.fmhandroid:id/enter_button> and an instance of android.widget.TextView and view.getText() with or without transformation to match: is "SIGN IN" and view.getContentDescription() is "Save" and view.getParent() view.getParent() an instance of android.widget.RelativeLayout)> during 10000 millis.' action on view view.getRootView() to equal view
12-08 04:43:41.317  7695  7740 W teco.fmhandroi: Accessing hidden method Lsun/misc/Unsafe;->compareAndSwapObject(Ljava/lang/Object;JLjava/lang/Object;Ljava/lang/Object;)Z (greylist, linking, allowed)
12-08 04:43:41.320  7695  7695 I ViewInteraction: Checking 'MatchesViewAssertion{viewMatcher=view.isClickable() is <true>}' assertion on view (view.getId() is <2131231039/ru.iteco.fmhandroid:id/enter_button> and an instance of android.widget.TextView and view.getText() with or without transformation to match: is "SIGN IN" and view.getContentDescription() is "Save" and view.getParent() view.getParent() an instance of android.widget.RelativeLayout)
12-08 04:43:41.324  7695  7740 W teco.fmhandroi: Accessing hidden method Lsun/misc/Unsafe;->compareAndSwapObject(Ljava/lang/Object;JLjava/lang/Object;Ljava/lang/Object;)Z (greylist, linking, allowed)
12-08 04:43:41.327  7695  7695 I ViewInteraction: Performing 'wait for a specific view with <(view.getId() is <2131231039/ru.iteco.fmhandroid:id/enter_button> and an instance of android.widget.TextView and view.getText() with or without transformation to match: is "SIGN IN" and view.getContentDescription() is "Save" and view.getParent() view.getParent() an instance of android.widget.RelativeLayout)> during 10000 millis.' action on view view.getRootView() to equal view
12-08 04:43:41.328  7695  7814 W teco.fmhandroi: Accessing hidden method Lsun/misc/Unsafe;->compareAndSwapObject(Ljava/lang/Object;JLjava/lang/Object;Ljava/lang/Object;)Z (greylist, linking, allowed)
12-08 04:43:41.335  7695  7740 W teco.fmhandroi: Accessing hidden method Lsun/misc/Unsafe;->compareAndSwapObject(Ljava/lang/Object;JLjava/lang/Object;Ljava/lang/Object;)Z (greylist, linking, allowed)
12-08 04:43:41.340  7695  7695 I ViewInteraction: Checking 'MatchesViewAssertion{viewMatcher=view.isClickable() is <true>}' assertion on view (view.getId() is <2131231039/ru.iteco.fmhandroid:id/enter_button> and an instance of android.widget.TextView and view.getText() with or without transformation to match: is "SIGN IN" and view.getContentDescription() is "Save" and view.getParent() view.getParent() an instance of android.widget.RelativeLayout)
12-08 04:43:41.344  7695  7740 W teco.fmhandroi: Accessing hidden method Lsun/misc/Unsafe;->compareAndSwapObject(Ljava/lang/Object;JLjava/lang/Object;Ljava/lang/Object;)Z (greylist, linking, allowed)
12-08 04:43:41.347  7695  7695 I ViewInteraction: Performing 'wait for a specific view with <(view.getId() is <2131231039/ru.iteco.fmhandroid:id/enter_button> and an instance of android.widget.TextView and view.getText() with or without transformation to match: is "SIGN IN" and view.getContentDescription() is "Save" and view.getParent() view.getParent() an instance of android.widget.RelativeLayout)> during 10000 millis.' action on view view.getRootView() to equal view
12-08 04:43:41.354  7695  7740 W teco.fmhandroi: Accessing hidden method Lsun/misc/Unsafe;->compareAndSwapObject(Ljava/lang/Object;JLjava/lang/Object;Ljava/lang/Object;)Z (greylist, linking, allowed)
12-08 04:43:41.358  7695  7695 I ViewInteraction: Performing 'single click' action on view (view.getId() is <2131231039/ru.iteco.fmhandroid:id/enter_button> and an instance of android.widget.TextView and view.getText() with or without transformation to match: is "SIGN IN" and view.getContentDescription() is "Save" and view.getParent() view.getParent() an instance of android.widget.RelativeLayout)
12-08 04:43:41.431  7695  7818 I okhttp.OkHttpClient: --> POST http://www.981757-ca08998.tmweb.ru:8080/fmh/authentication/login
12-08 04:43:41.431  7695  7818 I okhttp.OkHttpClient: Content-Type: application/json; charset=UTF-8
12-08 04:43:41.431  7695  7818 I okhttp.OkHttpClient: Content-Length: 41
12-08 04:43:41.433  7695  7818 I okhttp.OkHttpClient: {"login":"login2","password":"password2"}
12-08 04:43:41.434  7695  7818 I okhttp.OkHttpClient: --> END POST (41-byte body)
12-08 04:43:41.452  1744  7819 E ResolverController: No valid NAT64 prefix (104, <unspecified>/0)
12-08 04:43:41.665  7695  7740 W teco.fmhandroi: Accessing hidden method Lsun/misc/Unsafe;->compareAndSwapObject(Ljava/lang/Object;JLjava/lang/Object;Ljava/lang/Object;)Z (greylist, linking, allowed)
12-08 04:43:41.668  7695  7695 I ViewInteraction: Performing 'wait for a specific view with <an instance of android.widget.TextView and view.getText() with or without transformation to match: is "News"> during 10000 millis.' action on view view.getRootView() to equal view
12-08 04:43:41.871  7695  7818 I okhttp.OkHttpClient: <-- 200 http://www.981757-ca08998.tmweb.ru:8080/fmh/authentication/login (436ms)
12-08 04:43:41.871  7695  7818 I okhttp.OkHttpClient: Vary: Origin
12-08 04:43:41.871  7695  7818 I okhttp.OkHttpClient: Vary: Access-Control-Request-Method
12-08 04:43:41.872  7695  7818 I okhttp.OkHttpClient: Vary: Access-Control-Request-Headers
12-08 04:43:41.872  7695  7818 I okhttp.OkHttpClient: X-Content-Type-Options: nosniff
12-08 04:43:41.872  7695  7818 I okhttp.OkHttpClient: X-XSS-Protection: 1; mode=block
12-08 04:43:41.872  7695  7818 I okhttp.OkHttpClient: Cache-Control: no-cache, no-store, max-age=0, must-revalidate
12-08 04:43:41.872  7695  7818 I okhttp.OkHttpClient: Pragma: no-cache
12-08 04:43:41.872  7695  7818 I okhttp.OkHttpClient: Expires: 0
12-08 04:43:41.872  7695  7818 I okhttp.OkHttpClient: X-Frame-Options: DENY
12-08 04:43:41.872  7695  7818 I okhttp.OkHttpClient: Content-Type: application/json
12-08 04:43:41.872  7695  7818 I okhttp.OkHttpClient: Transfer-Encoding: chunked
12-08 04:43:41.872  7695  7818 I okhttp.OkHttpClient: Date: Thu, 08 Dec 2022 09:43:44 GMT
12-08 04:43:41.872  7695  7818 I okhttp.OkHttpClient: Keep-Alive: timeout=60
12-08 04:43:41.872  7695  7818 I okhttp.OkHttpClient: Connection: keep-alive
12-08 04:43:41.877  7695  7818 I okhttp.OkHttpClient: {"accessToken":"eyJhbGciOiJIUzUxMiJ9.eyJzdWIiOiJsb2dpbjIiLCJqdGkiOiIyIiwiZXhwIjoxNjcwNTc5MDI0fQ.FDp1yWgn-Ws2YnZ7g22kbAqv5NZdrb7lyg3xDqIF-uu50WTDku1wOnMc2IBq6Rkw1egCc_dCuqeF67B7KutQZQ","refreshToken":"eyJhbGciOiJIUzUxMiJ9.eyJzdWIiOiJsb2dpbjIiLCJqdGkiOiIyIiwiZXhwIjoxNjczMDg0NjI0fQ.AY3K1v4T0QazKvXH_NWk2QIf61NXxHJ1wZCw3Mz4b4Gt_dEDeZfsmmnVu_D5CQdNHx1TjDiB2Q1tp1yPePAjwg"}
12-08 04:43:41.877  7695  7818 I okhttp.OkHttpClient: <-- END HTTP (368-byte body)
12-08 04:43:41.883  7695  7797 I okhttp.OkHttpClient: --> GET http://www.981757-ca08998.tmweb.ru:8080/fmh/authentication/userInfo
12-08 04:43:41.883  7695  7797 I okhttp.OkHttpClient: --> END GET
12-08 04:43:42.229  7695  7797 I okhttp.OkHttpClient: <-- 200 http://www.981757-ca08998.tmweb.ru:8080/fmh/authentication/userInfo (345ms)
12-08 04:43:42.229  7695  7797 I okhttp.OkHttpClient: Vary: Origin
12-08 04:43:42.229  7695  7797 I okhttp.OkHttpClient: Vary: Access-Control-Request-Method
12-08 04:43:42.229  7695  7797 I okhttp.OkHttpClient: Vary: Access-Control-Request-Headers
12-08 04:43:42.229  7695  7797 I okhttp.OkHttpClient: X-Content-Type-Options: nosniff
12-08 04:43:42.229  7695  7797 I okhttp.OkHttpClient: X-XSS-Protection: 1; mode=block
12-08 04:43:42.229  7695  7797 I okhttp.OkHttpClient: Cache-Control: no-cache, no-store, max-age=0, must-revalidate
12-08 04:43:42.229  7695  7797 I okhttp.OkHttpClient: Pragma: no-cache
12-08 04:43:42.230  7695  7797 I okhttp.OkHttpClient: Expires: 0
12-08 04:43:42.230  7695  7797 I okhttp.OkHttpClient: X-Frame-Options: DENY
12-08 04:43:42.230  7695  7797 I okhttp.OkHttpClient: Content-Type: application/json
12-08 04:43:42.230  7695  7797 I okhttp.OkHttpClient: Transfer-Encoding: chunked
12-08 04:43:42.231  7695  7797 I okhttp.OkHttpClient: Date: Thu, 08 Dec 2022 09:43:44 GMT
12-08 04:43:42.231  7695  7797 I okhttp.OkHttpClient: Keep-Alive: timeout=60
12-08 04:43:42.234  7695  7797 I okhttp.OkHttpClient: Connection: keep-alive
12-08 04:43:42.235  7695  7797 I okhttp.OkHttpClient: {"id":2,"firstName":"Данил","lastName":"Иванов","middleName":"Данилович","admin":true}
12-08 04:43:42.235  7695  7797 I okhttp.OkHttpClient: <-- END HTTP (106-byte body)
12-08 04:43:42.265  7695  7820 I okhttp.OkHttpClient: --> GET http://www.981757-ca08998.tmweb.ru:8080/fmh/claims
12-08 04:43:42.266  7695  7820 I okhttp.OkHttpClient: --> END GET
12-08 04:43:42.446  7695  7695 I ViewInteraction: Checking 'MatchesViewAssertion{viewMatcher=(view has effective visibility <VISIBLE> and view.getGlobalVisibleRect() to return non-empty rectangle)}' assertion on view an instance of android.widget.TextView and view.getText() with or without transformation to match: is "News"
12-08 04:43:42.448  7695  7740 W teco.fmhandroi: Accessing hidden method Lsun/misc/Unsafe;->compareAndSwapObject(Ljava/lang/Object;JLjava/lang/Object;Ljava/lang/Object;)Z (greylist, linking, allowed)
12-08 04:43:42.452  7695  7695 I ViewInteraction: Performing 'wait for a specific view with <view.getId() is <2131230951>> during 10000 millis.' action on view view.getRootView() to equal view
12-08 04:43:42.454  7695  7740 W teco.fmhandroi: Accessing hidden method Lsun/misc/Unsafe;->compareAndSwapObject(Ljava/lang/Object;JLjava/lang/Object;Ljava/lang/Object;)Z (greylist, linking, allowed)
12-08 04:43:42.455  7695  7814 W teco.fmhandroi: Accessing hidden method Lsun/misc/Unsafe;->compareAndSwapObject(Ljava/lang/Object;JLjava/lang/Object;Ljava/lang/Object;)Z (greylist, linking, allowed)
12-08 04:43:42.457  7695  7695 I ViewInteraction: Checking 'MatchesViewAssertion{viewMatcher=(view has effective visibility <VISIBLE> and view.getGlobalVisibleRect() to return non-empty rectangle)}' assertion on view view.getId() is <2131230951/ru.iteco.fmhandroid:id/container_list_news_include_on_fragment_main>
12-08 04:43:42.461  7695  7740 W teco.fmhandroi: Accessing hidden method Lsun/misc/Unsafe;->compareAndSwapObject(Ljava/lang/Object;JLjava/lang/Object;Ljava/lang/Object;)Z (greylist, linking, allowed)
12-08 04:43:42.464  7695  7695 I ViewInteraction: Performing 'wait for a specific view with <view.getId() is <2131230949>> during 10000 millis.' action on view view.getRootView() to equal view
12-08 04:43:42.467  7695  7740 W teco.fmhandroi: Accessing hidden method Lsun/misc/Unsafe;->compareAndSwapObject(Ljava/lang/Object;JLjava/lang/Object;Ljava/lang/Object;)Z (greylist, linking, allowed)
12-08 04:43:42.467  7695  7814 W teco.fmhandroi: Accessing hidden method Lsun/misc/Unsafe;->compareAndSwapObject(Ljava/lang/Object;JLjava/lang/Object;Ljava/lang/Object;)Z (greylist, linking, allowed)
12-08 04:43:42.471  7695  7695 I ViewInteraction: Checking 'MatchesViewAssertion{viewMatcher=(view has effective visibility <VISIBLE> and view.getGlobalVisibleRect() to return non-empty rectangle)}' assertion on view view.getId() is <2131230949/ru.iteco.fmhandroid:id/container_list_claim_include_on_fragment_main>
12-08 04:43:42.474  7695  7814 W teco.fmhandroi: Accessing hidden method Lsun/misc/Unsafe;->compareAndSwapObject(Ljava/lang/Object;JLjava/lang/Object;Ljava/lang/Object;)Z (greylist, linking, allowed)
12-08 04:43:42.476  7695  7695 I ViewInteraction: Performing 'wait for a specific view with <an instance of android.widget.TextView and view.getText() with or without transformation to match: is "Claims"> during 10000 millis.' action on view view.getRootView() to equal view
12-08 04:43:42.481  7695  7695 I ViewInteraction: Checking 'MatchesViewAssertion{viewMatcher=(view has effective visibility <VISIBLE> and view.getGlobalVisibleRect() to return non-empty rectangle)}' assertion on view an instance of android.widget.TextView and view.getText() with or without transformation to match: is "Claims"
12-08 04:43:42.483  7695  7740 W teco.fmhandroi: Accessing hidden method Lsun/misc/Unsafe;->compareAndSwapObject(Ljava/lang/Object;JLjava/lang/Object;Ljava/lang/Object;)Z (greylist, linking, allowed)
12-08 04:43:42.485  7695  7695 I ViewInteraction: Performing 'wait for a specific view with <view.getId() is <2131231123>> during 10000 millis.' action on view view.getRootView() to equal view
12-08 04:43:42.488  7695  7814 W teco.fmhandroi: Accessing hidden method Lsun/misc/Unsafe;->compareAndSwapObject(Ljava/lang/Object;JLjava/lang/Object;Ljava/lang/Object;)Z (greylist, linking, allowed)
12-08 04:43:42.490  7695  7695 I ViewInteraction: Performing 'single click' action on view view.getId() is <2131231123/ru.iteco.fmhandroid:id/main_menu_image_button>
12-08 04:43:42.646  1776  1825 D gralloc_ranchu: gralloc_alloc: Creating ashmem region of size 2015232
12-08 04:43:42.653  1776  1825 I chatty  : uid=1000(system) HwBinder:1776_1 identical 1 line
12-08 04:43:42.655  1776  1825 D gralloc_ranchu: gralloc_alloc: Creating ashmem region of size 2015232
12-08 04:43:42.696  7695  7787 D EGL_emulation: eglMakeCurrent: 0xe593e800: ver 2 0 (tinfo 0xf0cc04a0)
12-08 04:43:43.128  7695  7787 D EGL_emulation: eglMakeCurrent: 0xe593e800: ver 2 0 (tinfo 0xf0cc04a0)
12-08 04:43:43.147  7695  7695 I Choreographer: Skipped 30 frames!  The application may be doing too much work on its main thread.
12-08 04:43:43.166  7695  7787 D EGL_emulation: eglMakeCurrent: 0xe593e800: ver 2 0 (tinfo 0xf0cc04a0)
12-08 04:43:43.239  7695  7787 I chatty  : uid=10146(ru.iteco.fmhandroid) RenderThread identical 3 lines
12-08 04:43:43.261  7695  7787 D EGL_emulation: eglMakeCurrent: 0xe593e800: ver 2 0 (tinfo 0xf0cc04a0)
12-08 04:43:43.488  7695  7740 W teco.fmhandroi: Accessing hidden method Lsun/misc/Unsafe;->compareAndSwapObject(Ljava/lang/Object;JLjava/lang/Object;Ljava/lang/Object;)Z (greylist, linking, allowed)
12-08 04:43:43.492  7695  7695 I ViewInteraction: Performing 'wait for a specific view with <an instance of android.widget.TextView and view.getText() with or without transformation to match: is "News"> during 10000 millis.' action on view view.getRootView() to equal view
12-08 04:43:43.497  7695  7695 I ViewInteraction: Performing 'single click' action on view an instance of android.widget.TextView and view.getText() with or without transformation to match: is "News"
12-08 04:43:43.656  7695  7821 I okhttp.OkHttpClient: --> GET http://www.981757-ca08998.tmweb.ru:8080/fmh/news
12-08 04:43:43.656  7695  7821 I okhttp.OkHttpClient: --> END GET
12-08 04:43:43.671  1744  7822 E ResolverController: No valid NAT64 prefix (104, <unspecified>/0)
12-08 04:43:43.753  7695  7787 D EGL_emulation: eglMakeCurrent: 0xe593e800: ver 2 0 (tinfo 0xf0cc04a0)
12-08 04:43:43.789  7695  7787 D EGL_emulation: eglMakeCurrent: 0xe593e800: ver 2 0 (tinfo 0xf0cc04a0)
12-08 04:43:44.278  7695  7740 W teco.fmhandroi: Accessing hidden method Lsun/misc/Unsafe;->compareAndSwapObject(Ljava/lang/Object;JLjava/lang/Object;Ljava/lang/Object;)Z (greylist, linking, allowed)
12-08 04:43:44.281  7695  7695 I ViewInteraction: Performing 'wait for a specific view with <view.getId() is <2131231025>> during 10000 millis.' action on view view.getRootView() to equal view
12-08 04:43:44.284  7695  7740 W teco.fmhandroi: Accessing hidden method Lsun/misc/Unsafe;->compareAndSwapObject(Ljava/lang/Object;JLjava/lang/Object;Ljava/lang/Object;)Z (greylist, linking, allowed)
12-08 04:43:44.284  7695  7814 W teco.fmhandroi: Accessing hidden method Lsun/misc/Unsafe;->compareAndSwapObject(Ljava/lang/Object;JLjava/lang/Object;Ljava/lang/Object;)Z (greylist, linking, allowed)
12-08 04:43:44.286  7695  7695 I ViewInteraction: Performing 'single click' action on view view.getId() is <2131231025/ru.iteco.fmhandroid:id/edit_news_material_button>
12-08 04:43:44.384  7695  7823 I okhttp.OkHttpClient: --> GET http://www.981757-ca08998.tmweb.ru:8080/fmh/news
12-08 04:43:44.384  7695  7823 I okhttp.OkHttpClient: --> END GET
12-08 04:43:44.522  7695  7708 I teco.fmhandroi: Background concurrent copying GC freed 19816(923KB) AllocSpace objects, 0(0B) LOS objects, 35% free, 10MB/16MB, paused 1.711ms total 125.399ms
12-08 04:43:45.344  2170  2170 D StatusBar: disable<e i a s b h r c s > disable2<q i n >
12-08 04:43:45.387  2170  2566 D EGL_emulation: eglMakeCurrent: 0xe594e040: ver 2 0 (tinfo 0xc52450c0)
12-08 04:43:45.396  1776  1825 D gralloc_ranchu: gralloc_alloc: Creating ashmem region of size 10108928
12-08 04:43:45.417  2170  2566 D EGL_emulation: eglMakeCurrent: 0xe594e040: ver 2 0 (tinfo 0xc52450c0)
12-08 04:43:45.461  1776  1825 D gralloc_ranchu: gralloc_alloc: Creating ashmem region of size 10108928
12-08 04:43:45.468  2170  2170 D StatusBar: disable<e i a s b h r c s > disable2<q i n >
12-08 04:43:45.487  7695  7740 W QueryController: AccessibilityNodeInfo returned a null child (12 of 17)
12-08 04:43:45.487  7695  7740 W QueryController: parent = android.view.accessibility.AccessibilityNodeInfo@87be1; boundsInParent: Rect(0, 0 - 1014, 547); boundsInScreen: Rect(33, 454 - 1047, 1001); packageName: ru.iteco.fmhandroid; className: android.view.ViewGroup; text: null; error: null; maxTextLength: -1; contentDescription: null; tooltipText: null; viewIdResName: null; checkable: false; checked: false; focusable: false; focused: false; selected: false; clickable: false; longClickable: false; contextClickable: false; enabled: true; password: false; scrollable: false; importantForAccessibility: false; visible: true; actions: [AccessibilityAction: ACTION_SELECT - null, AccessibilityAction: ACTION_CLEAR_SELECTION - null, AccessibilityAction: ACTION_ACCESSIBILITY_FOCUS - null, AccessibilityAction: ACTION_SHOW_ON_SCREEN - null]
12-08 04:43:45.489  7695  7740 W QueryController: AccessibilityNodeInfo returned a null child (13 of 17)
12-08 04:43:45.491  7695  7740 W QueryController: AccessibilityNodeInfo returned a null child (14 of 17)
12-08 04:43:45.493  7695  7740 W QueryController: AccessibilityNodeInfo returned a null child (15 of 17)
12-08 04:43:45.503  7695  7740 W QueryController: AccessibilityNodeInfo returned a null child (16 of 17)
12-08 04:43:45.514  1776  1825 D gralloc_ranchu: gralloc_alloc: Creating ashmem region of size 10108928
12-08 04:43:45.517  7695  7821 I okhttp.OkHttpClient: <-- 200 http://www.981757-ca08998.tmweb.ru:8080/fmh/news (1843ms)
12-08 04:43:45.518  7695  7821 I okhttp.OkHttpClient: Vary: Origin
12-08 04:43:45.519  7695  7821 I okhttp.OkHttpClient: Vary: Access-Control-Request-Method
12-08 04:43:45.519  7695  7821 I okhttp.OkHttpClient: Vary: Access-Control-Request-Headers
12-08 04:43:45.519  7695  7821 I okhttp.OkHttpClient: X-Content-Type-Options: nosniff
12-08 04:43:45.519  7695  7821 I okhttp.OkHttpClient: X-XSS-Protection: 1; mode=block
12-08 04:43:45.519  7695  7821 I okhttp.OkHttpClient: Cache-Control: no-cache, no-store, max-age=0, must-revalidate
12-08 04:43:45.520  7695  7821 I okhttp.OkHttpClient: Pragma: no-cache
12-08 04:43:45.520  7695  7821 I okhttp.OkHttpClient: Expires: 0
12-08 04:43:45.520  7695  7821 I okhttp.OkHttpClient: X-Frame-Options: DENY
12-08 04:43:45.520  7695  7821 I okhttp.OkHttpClient: Content-Type: application/json
12-08 04:43:45.520  7695  7821 I okhttp.OkHttpClient: Transfer-Encoding: chunked
12-08 04:43:45.520  7695  7821 I okhttp.OkHttpClient: Date: Thu, 08 Dec 2022 09:43:47 GMT
12-08 04:43:45.520  7695  7821 I okhttp.OkHttpClient: Keep-Alive: timeout=60
12-08 04:43:45.520  7695  7821 I okhttp.OkHttpClient: Connection: keep-alive
12-08 04:43:45.530  7695  7740 W QueryController: AccessibilityNodeInfo returned a null child (0 of 1)
12-08 04:43:45.530  7695  7740 W QueryController: parent = android.view.accessibility.AccessibilityNodeInfo@90e48; boundsInParent: Rect(0, 0 - 1014, 538); boundsInScreen: Rect(33, 1611 - 1047, 2149); packageName: ru.iteco.fmhandroid; className: androidx.cardview.widget.CardView; text: null; error: null; maxTextLength: -1; contentDescription: null; tooltipText: null; viewIdResName: ru.iteco.fmhandroid:id/news_item_material_card_view; checkable: true; checked: false; focusable: true; focused: false; selected: false; clickable: true; longClickable: true; contextClickable: false; enabled: true; password: false; scrollable: false; importantForAccessibility: true; visible: true; actions: [AccessibilityAction: ACTION_SELECT - null, AccessibilityAction: ACTION_CLEAR_SELECTION - null, AccessibilityAction: ACTION_FOCUS - null, AccessibilityAction: ACTION_ACCESSIBILITY_FOCUS - null, AccessibilityAction: ACTION_CLICK - null, AccessibilityAction: ACTION_LONG_CLICK - null, AccessibilityAction: ACTION_SHOW_ON_SCREEN - null]
12-08 04:43:45.535  7695  7740 W QueryController: AccessibilityNodeInfo returned a null child (0 of 1)
12-08 04:43:45.535  7695  7740 W QueryController: parent = android.view.accessibility.AccessibilityNodeInfo@9595c; boundsInParent: Rect(0, 0 - 1014, 538); boundsInScreen: Rect(33, 2183 - 1047, 2208); packageName: ru.iteco.fmhandroid; className: androidx.cardview.widget.CardView; text: null; error: null; maxTextLength: -1; contentDescription: null; tooltipText: null; viewIdResName: ru.iteco.fmhandroid:id/news_item_material_card_view; checkable: true; checked: false; focusable: true; focused: false; selected: false; clickable: true; longClickable: true; contextClickable: false; enabled: true; password: false; scrollable: false; importantForAccessibility: true; visible: true; actions: [AccessibilityAction: ACTION_SELECT - null, AccessibilityAction: ACTION_CLEAR_SELECTION - null, AccessibilityAction: ACTION_FOCUS - null, AccessibilityAction: ACTION_ACCESSIBILITY_FOCUS - null, AccessibilityAction: ACTION_CLICK - null, AccessibilityAction: ACTION_LONG_CLICK - null, AccessibilityAction: ACTION_SHOW_ON_SCREEN - null]
12-08 04:43:46.122  7695  7820 I okhttp.OkHttpClient: <-- 200 http://www.981757-ca08998.tmweb.ru:8080/fmh/claims (3856ms)
12-08 04:43:46.122  7695  7820 I okhttp.OkHttpClient: Vary: Origin
12-08 04:43:46.122  7695  7820 I okhttp.OkHttpClient: Vary: Access-Control-Request-Method
12-08 04:43:46.122  7695  7820 I okhttp.OkHttpClient: Vary: Access-Control-Request-Headers
12-08 04:43:46.123  7695  7820 I okhttp.OkHttpClient: X-Content-Type-Options: nosniff
12-08 04:43:46.123  7695  7820 I okhttp.OkHttpClient: X-XSS-Protection: 1; mode=block
12-08 04:43:46.124  7695  7820 I okhttp.OkHttpClient: Cache-Control: no-cache, no-store, max-age=0, must-revalidate
12-08 04:43:46.124  7695  7820 I okhttp.OkHttpClient: Pragma: no-cache
12-08 04:43:46.125  7695  7820 I okhttp.OkHttpClient: Expires: 0
12-08 04:43:46.125  7695  7820 I okhttp.OkHttpClient: X-Frame-Options: DENY
12-08 04:43:46.125  7695  7820 I okhttp.OkHttpClient: Content-Type: application/json
12-08 04:43:46.125  7695  7820 I okhttp.OkHttpClient: Transfer-Encoding: chunked
12-08 04:43:46.125  7695  7820 I okhttp.OkHttpClient: Date: Thu, 08 Dec 2022 09:43:47 GMT
12-08 04:43:46.125  7695  7820 I okhttp.OkHttpClient: Keep-Alive: timeout=60
12-08 04:43:46.125  7695  7820 I okhttp.OkHttpClient: Connection: keep-alive
12-08 04:43:46.135  7695  7823 I okhttp.OkHttpClient: <-- 200 http://www.981757-ca08998.tmweb.ru:8080/fmh/news (1751ms)
12-08 04:43:46.135  7695  7823 I okhttp.OkHttpClient: Vary: Origin
12-08 04:43:46.136  7695  7823 I okhttp.OkHttpClient: Vary: Access-Control-Request-Method
12-08 04:43:46.136  7695  7823 I okhttp.OkHttpClient: Vary: Access-Control-Request-Headers
12-08 04:43:46.136  7695  7823 I okhttp.OkHttpClient: X-Content-Type-Options: nosniff
12-08 04:43:46.136  7695  7823 I okhttp.OkHttpClient: X-XSS-Protection: 1; mode=block
12-08 04:43:46.136  7695  7823 I okhttp.OkHttpClient: Cache-Control: no-cache, no-store, max-age=0, must-revalidate
12-08 04:43:46.137  7695  7823 I okhttp.OkHttpClient: Pragma: no-cache
12-08 04:43:46.137  7695  7823 I okhttp.OkHttpClient: Expires: 0
12-08 04:43:46.137  7695  7823 I okhttp.OkHttpClient: X-Frame-Options: DENY
12-08 04:43:46.137  7695  7823 I okhttp.OkHttpClient: Content-Type: application/json
12-08 04:43:46.137  7695  7823 I okhttp.OkHttpClient: Transfer-Encoding: chunked
12-08 04:43:46.137  7695  7823 I okhttp.OkHttpClient: Date: Thu, 08 Dec 2022 09:43:47 GMT
12-08 04:43:46.138  7695  7823 I okhttp.OkHttpClient: Keep-Alive: timeout=60
12-08 04:43:46.138  7695  7823 I okhttp.OkHttpClient: Connection: keep-alive
12-08 04:43:46.572  7695  7740 I QueryController: Matched selector: UiSelector[DESCRIPTION=Airplane mode] <<==>> [android.view.accessibility.AccessibilityNodeInfo@6db2d; boundsInParent: Rect(0, 0 - 292, 292); boundsInScreen: Rect(736, 804 - 1028, 1096); packageName: com.android.systemui; className: android.widget.Switch; text: Off; error: null; maxTextLength: -1; contentDescription: Airplane mode; tooltipText: null; viewIdResName: null; checkable: true; checked: false; focusable: true; focused: false; selected: false; clickable: true; longClickable: true; contextClickable: false; enabled: true; password: false; scrollable: false; importantForAccessibility: true; visible: true; actions: [AccessibilityAction: ACTION_FOCUS - null, AccessibilityAction: ACTION_SELECT - null, AccessibilityAction: ACTION_CLEAR_SELECTION - null, AccessibilityAction: ACTION_CLICK - null, AccessibilityAction: ACTION_ACCESSIBILITY_FOCUS - null, AccessibilityAction: ACTION_NEXT_AT_MOVEMENT_GRANULARITY - null, AccessibilityAction: ACTION_PREVIOUS_AT_MOVEMENT_GRANULARITY - null, AccessibilityAction: ACTION_SET_SELECTION - null, AccessibilityAction: ACTION_SHOW_ON_SCREEN - null, AccessibilityAction: ACTION_LONG_CLICK - Open settings]]
12-08 04:43:46.581  7695  7740 D InteractionController: clickAndSync(882, 950)
12-08 04:43:46.765  2018  2018 V SettingsProvider: Notifying for 0: content://settings/global/airplane_mode_on
12-08 04:43:46.768  2018  2018 D WifiService: resetting country code because Airplane mode is ON
12-08 04:43:46.769  2018  2018 D WifiCountryCode: Airplane Mode Enabled
12-08 04:43:46.770  2018  2135 D WifiController: Airplane mode toggled, shutdown all modes
12-08 04:43:46.772  2018  2136 D WifiScanOnlyModeManager:  currentstate: StartedState
12-08 04:43:46.772  2018  2136 D WakeupController: stop()
12-08 04:43:46.773  2656  3560 W Settings: Setting airplane_mode_on has moved from android.provider.Settings.System to android.provider.Settings.Global, returning read-only value.
12-08 04:43:46.777  2656  4004 W Settings: Setting airplane_mode_on has moved from android.provider.Settings.System to android.provider.Settings.Global, returning read-only value.
12-08 04:43:46.830  2170  2170 W View    : requestLayout() improperly called by com.android.keyguard.AlphaOptimizedLinearLayout{b314a04 I.E...... ......ID 0,0-95,61 #7f0a025e app:id/mobile_group} during layout: running second layout pass
12-08 04:43:46.830  2170  2170 W View    : requestLayout() improperly called by StatusBarIconView(slot=mobile icon=null notification=null) during layout: running second layout pass
12-08 04:43:46.830  2170  2170 W View    : requestLayout() improperly called by com.android.keyguard.AlphaOptimizedLinearLayout{d0aec8e I.E...... ......ID 0,0-95,61 #7f0a025e app:id/mobile_group} during layout: running second layout pass
12-08 04:43:46.831  2170  2170 W View    : requestLayout() improperly called by StatusBarIconView(slot=mobile icon=null notification=null) during layout: running second layout pass
12-08 04:43:46.831  2170  2170 W View    : requestLayout() improperly called by com.android.keyguard.AlphaOptimizedLinearLayout{749a5b1 I.E...... ......ID 0,0-95,61 #7f0a025e app:id/mobile_group} during layout: running second layout pass
12-08 04:43:46.831  2170  2170 W View    : requestLayout() improperly called by StatusBarIconView(slot=mobile icon=null notification=null) during layout: running second layout pass
12-08 04:43:46.837  2018  3060 I Telecom : : isInEmergencyCall: false: TSI.iIEC@AZ8
12-08 04:43:46.842  1784  1784 W android.hardware.wifi@1.0-service: No active wlan interfaces in use! Using default
12-08 04:43:46.849  2298  2298 I PhoneGlobals: Turning radio off - airplane
12-08 04:43:46.850  2018  2018 V SettingsProvider: Notifying for 0: content://settings/global/cell_on
12-08 04:43:46.872  1850  1850 I wificond: Unsubscribe scan result for interface with index: 3
12-08 04:43:46.901  2018  2136 D WificondControl: tearing down interfaces in wificond
12-08 04:43:46.904  2018  2018 V SettingsProvider: Notifying for 0: content://settings/global/enable_cellular_on_boot
12-08 04:43:46.935  3094  3094 I rcs     : [PresencePublication] onReceive intent=Intent { act=android.intent.action.AIRPLANE_MODE flg=0x10 (has extras) }
12-08 04:43:46.939  1784  1784 I android.hardware.wifi@1.0-service: Legacy HAL stop complete callback received
12-08 04:43:46.938  3094  3094 I rcs     : [PresencePublication] Airplane mode, set to PUBLISH_STATE_NOT_PUBLISHED
12-08 04:43:46.943  3094  3094 I rcs     : [RcsStackAdaptor] mPublishingState=1 publishState=1
12-08 04:43:46.952  1784  1784 I android.hardware.wifi@1.0-service: Wifi HAL stopped
12-08 04:43:46.961  2018  2136 I WifiVendorHal: Vendor Hal stopped
12-08 04:43:46.962  2018  2136 I WifiNative: Successfully torn down Iface:{Name=wlan0,Id=4,Type=STA_SCAN}
12-08 04:43:46.963  2018  2136 E HalDevMgr: getAllChipInfo: called but mWifi is null!?
12-08 04:43:46.963  2018  2136 E HalDevMgr: dispatchAvailableForRequestListeners: no chip info found
12-08 04:43:46.963  2018  2136 W HalDevMgr: stopWifi called but mWifi is null!?
12-08 04:43:46.963  2018  2136 I WifiNative: Successfully initiated teardown for iface=wlan0
12-08 04:43:46.963  2018  2136 D WifiScanOnlyModeManager: expected stop, not triggering callbacks: state = 1
12-08 04:43:46.964  2018  2136 D WifiActiveModeWarden: Switching from ScanOnlyModeActiveState to WifiDisabled
12-08 04:43:46.964  2018  2136 D WifiScanOnlyModeManager:  currentstate: StateMachine not active
12-08 04:43:46.965  2018  2137 W HalDevMgr: isWifiStarted called but mWifi is null!?
12-08 04:43:46.965  2018  2136 D WifiScanRequestProxy: Sending scan available broadcast: false
12-08 04:43:46.965  2018  2136 I WifiScanRequestProxy: Scanning is disabled
12-08 04:43:46.966  2018  2138 I WifiScanningService: wifi driver unloaded
12-08 04:43:46.966  2018  2136 D WifiActiveModeWarden: Entering WifiDisabledState
12-08 04:43:46.966  2018  2136 W HalDevMgr: isWifiStarted called but mWifi is null!?
12-08 04:43:46.966  2018  2138 E WificondControl: No valid wificond scanner interface handler
12-08 04:43:46.967  2018  2136 E WifiNative: Could not get Iface object for interface null
12-08 04:43:46.982  2018  2058 E memtrack: Couldn't load memtrack module
12-08 04:43:46.982  2018  2058 W android.os.Debug: failed to get memory consumption info: -1
12-08 04:43:47.035  2018  2139 D ConnectivityService: NetworkAgentInfo [MOBILE (LTE) - 104] EVENT_NETWORK_INFO_CHANGED, going from CONNECTED to DISCONNECTED
12-08 04:43:47.041  2018  2139 D ConnectivityService: NetworkAgentInfo [MOBILE (LTE) - 104] got DISCONNECTED, was satisfying 17
12-08 04:43:47.044  2298  2575 D DcNetworkAgent-5: NetworkAgent: NetworkAgent channel lost
12-08 04:43:47.068  4402  4402 D CarrierDefaultBroadcastReceiver: onReceive intent: com.android.internal.telephony.CARRIER_SIGNAL_RESET
12-08 04:43:47.102  1744 28081 I netd    : trafficSwapActiveStatsMap() <37.71ms>
12-08 04:43:47.109  1744 28081 I netd    : tetherGetStats() <1.65ms>
12-08 04:43:47.129  4402  4402 D CarrierDefaultBroadcastReceiver: apply carrier action idx: 6
12-08 04:43:47.129  4402  4402 D CarrierActionUtils: onCancelAllNotifications
12-08 04:43:47.132  4402  4402 D CarrierDefaultBroadcastReceiver: apply carrier action idx: 8
12-08 04:43:47.132  4402  4402 D CarrierActionUtils: onDisableDefaultURLHandler
12-08 04:43:47.172  2018  2050 I GnssNetworkConnectivityHandler: Network connection lost. Available networks count: 0
12-08 04:43:47.173  2018  2050 I GnssNetworkConnectivityHandler: updateNetworkState, state=CLOSED, connected=false, network=104, capabilities=[ Transports: CELLULAR Capabilities: MMS&SUPL&DUN&FOTA&IMS&CBS&INTERNET&NOT_RESTRICTED&TRUSTED&NOT_VPN&VALIDATED&NOT_ROAMING&FOREGROUND&NOT_CONGESTED&NOT_SUSPENDED LinkUpBandwidth>=51200Kbps LinkDnBandwidth>=102400Kbps Specifier: <1>], apn: epc.tmobile.com, availableNetworkCount: 0
12-08 04:43:47.220  1744 28081 I netd    : idletimerRemoveInterface("radio0", 10, "0") <28.66ms>
12-08 04:43:47.222  2018  2139 D ConnectivityService: Sending DISCONNECTED broadcast for type 0 NetworkAgentInfo [MOBILE (LTE) - 104] isDefaultNetwork=true
12-08 04:43:47.292  2656  7831 E WakeLock: GCM_HB_ALARM release without a matched acquire!
12-08 04:43:47.292  2656  7831 W WakeLock: GCM_HB_ALARM counter does not exist
12-08 04:43:47.292  2298  2315 I m.android.phon: Background young concurrent copying GC freed 15635(2076KB) AllocSpace objects, 0(0B) LOS objects, 38% free, 2200KB/3594KB, paused 862us total 300.299ms
12-08 04:43:47.293  1744 28081 D TcpSocketMonitor: suspending tcpinfo polling
12-08 04:43:47.316  2656  7831 E WakeLock: GCM_CONN_ALARM release without a matched acquire!
12-08 04:43:47.317  2656  7831 W WakeLock: GCM_CONN_ALARM counter does not exist
12-08 04:43:47.331  1744 28081 I netd    : networkDestroy(104) <18.46ms>
12-08 04:43:47.342  1744  1957 I netd    : destroyNetworkCache(104) <4.75ms>
12-08 04:43:47.348  1744  1963 I netd    : bandwidthRemoveInterfaceQuota("radio0") <11.01ms>
12-08 04:43:47.398  1744  1963 I netd    : bandwidthSetGlobalAlert(2097152) <0.85ms>
12-08 04:43:47.462  1744  1963 I netd    : trafficSwapActiveStatsMap() <44.45ms>
12-08 04:43:47.466  1744  1963 I netd    : tetherGetStats() <1.52ms>
12-08 04:43:47.526  3300  3342 I e.process.gapp: Background young concurrent copying GC freed 23876(998KB) AllocSpace objects, 0(0B) LOS objects, 38% free, 1804KB/2930KB, paused 1.345ms total 225.990ms
12-08 04:43:47.539  4254  4345 I CarrierServices: [241] buo.a: FiST: Wifi connectivity status false
12-08 04:43:47.549  4254  4345 I CarrierServices: [241] but.d: Connected state: [2], networkType: [null]
12-08 04:43:47.563  2018  2058 E memtrack: Couldn't load memtrack module
12-08 04:43:47.563  2018  2058 W android.os.Debug: failed to get memory consumption info: -1
12-08 04:43:47.884  2018  2051 D AutofillManagerService: onBackKeyPressed()
12-08 04:43:48.519  2170  2170 V StatusBar: mStatusBarWindow: com.android.systemui.statusbar.phone.StatusBarWindowView{4752fa5 V.E...... ........ 0,0-1080,2340} canPanelBeCollapsed(): true
12-08 04:43:48.524  2170  2170 D StatusBar: disable<e i a s b h r c s > disable2<q i n >
12-08 04:43:48.548  7695  7740 W teco.fmhandroi: Accessing hidden method Lsun/misc/Unsafe;->compareAndSwapObject(Ljava/lang/Object;JLjava/lang/Object;Ljava/lang/Object;)Z (greylist, linking, allowed)
12-08 04:43:48.560  2170  2170 D StatusBar: disable<e i a s b h r c s > disable2<q i n >
12-08 04:43:48.567  7695  7695 I ViewInteraction: Performing 'wait for a specific view with <view.getId() is <2131230850>> during 10000 millis.' action on view view.getRootView() to equal view
12-08 04:43:48.569  7695  7740 W teco.fmhandroi: Accessing hidden method Lsun/misc/Unsafe;->compareAndSwapObject(Ljava/lang/Object;JLjava/lang/Object;Ljava/lang/Object;)Z (greylist, linking, allowed)
12-08 04:43:48.573  7695  7695 I ViewInteraction: Performing 'single click' action on view view.getId() is <2131230850/ru.iteco.fmhandroid:id/add_news_image_view>
12-08 04:43:48.579  2018  2121 W InputDispatcher: Permission denied: injecting event from pid 7695 uid 10146 to window Window{182ba75 u0 StatusBar} owned by uid 10111
12-08 04:43:48.518  2018  2051 D AutofillManagerService: onBackKeyPressed()
12-08 04:43:48.580  2018  3061 W InputManager: Input event injection from pid 7695 permission denied.
12-08 04:43:48.585  7695  7815 W EventInjectionStrategy: Error performing a ViewAction! soft keyboard dismissal animation may have been in the way. Retrying once after: 1000 millis
12-08 04:43:48.605  2170  2566 D EGL_emulation: eglMakeCurrent: 0xe594e040: ver 2 0 (tinfo 0xc52450c0)
12-08 04:43:48.612  1776  1825 D gralloc_ranchu: gralloc_alloc: Creating ashmem region of size 286720
12-08 04:43:48.620  2170  2566 D EGL_emulation: eglMakeCurrent: 0xe594e040: ver 2 0 (tinfo 0xc52450c0)
12-08 04:43:48.643  1776  1825 D gralloc_ranchu: gralloc_alloc: Creating ashmem region of size 286720
12-08 04:43:49.589  2018  2051 W Looper  : Slow delivery took 912ms android.ui h=android.view.GestureDetector$GestureHandler c=null m=1
12-08 04:43:48.655  1776  1825 D gralloc_ranchu: gralloc_alloc: Creating ashmem region of size 286720
12-08 04:43:49.624  7695  7695 W MotionEvents: Overslept and turned a tap into a long press
12-08 04:43:49.928  2018  2051 W Looper  : Drained
12-08 04:43:50.225  7695  7740 W teco.fmhandroi: Accessing hidden method Lsun/misc/Unsafe;->compareAndSwapObject(Ljava/lang/Object;JLjava/lang/Object;Ljava/lang/Object;)Z (greylist, linking, allowed)
12-08 04:43:50.227  7695  7695 I ViewInteraction: Performing 'wait for a specific view with <an instance of android.widget.TextView and view.getText() with or without transformation to match: is "Something went wrong. Try again later."> during 10000 millis.' action on view view.getRootView() to equal view
12-08 04:43:52.798  1764  1764 W audio_hw_generic: Not supplying enough data to HAL, expected position 130592064 , only wrote 130025310
12-08 04:43:56.743  7695  7695 W System.err: ru.iteco.fmhandroid.exceptions.ServerException
12-08 04:43:56.746  7695  7695 W System.err: 	at ru.iteco.fmhandroid.utils.Utils.makeRequest(Utils.kt:119)
12-08 04:43:56.747  7695  7695 W System.err: 	at ru.iteco.fmhandroid.utils.Utils$makeRequest$1.invokeSuspend(Unknown Source:15)
12-08 04:43:56.747  7695  7695 W System.err: 	at kotlin.coroutines.jvm.internal.BaseContinuationImpl.resumeWith(ContinuationImpl.kt:33)
12-08 04:43:56.747  7695  7695 W System.err: 	at kotlinx.coroutines.DispatchedTask.run(DispatchedTask.kt:104)
12-08 04:43:56.747  7695  7695 W System.err: 	at android.os.Handler.handleCallback(Handler.java:883)
12-08 04:43:56.747  7695  7695 W System.err: 	at android.os.Handler.dispatchMessage(Handler.java:100)
12-08 04:43:56.747  7695  7695 W System.err: 	at androidx.test.espresso.base.Interrogator.loopAndInterrogate(Interrogator.java:14)
12-08 04:43:56.748  7695  7695 W System.err: 	at androidx.test.espresso.base.UiControllerImpl.loopUntil(UiControllerImpl.java:8)
