--------- beginning of main
12-08 11:34:16.296  2170  2170 D StatusBar: disable<e i a s b h r c s > disable2<q i n >
12-08 11:34:16.334  2170  2566 D EGL_emulation: eglMakeCurrent: 0xe594e040: ver 2 0 (tinfo 0xc52450c0)
12-08 11:34:16.340  1776  1927 D gralloc_ranchu: gralloc_alloc: Creating ashmem region of size 10108928
12-08 11:34:16.357  2170  2566 D EGL_emulation: eglMakeCurrent: 0xe594e040: ver 2 0 (tinfo 0xc52450c0)
12-08 11:34:16.410  1776  1927 D gralloc_ranchu: gralloc_alloc: Creating ashmem region of size 10108928
12-08 11:34:16.421  2170  2170 D StatusBar: disable<e i a s b h r c s > disable2<q i n >
12-08 11:34:16.488  1776  1927 D gralloc_ranchu: gralloc_alloc: Creating ashmem region of size 10108928
12-08 11:34:17.351 13607 13651 I QueryController: Matched selector: UiSelector[DESCRIPTION=Airplane mode] <<==>> [android.view.accessibility.AccessibilityNodeInfo@6defb; boundsInParent: Rect(0, 0 - 292, 292); boundsInScreen: Rect(736, 804 - 1028, 1096); packageName: com.android.systemui; className: android.widget.Switch; text: Off; error: null; maxTextLength: -1; contentDescription: Airplane mode; tooltipText: null; viewIdResName: null; checkable: true; checked: false; focusable: true; focused: false; selected: false; clickable: true; longClickable: true; contextClickable: false; enabled: true; password: false; scrollable: false; importantForAccessibility: true; visible: true; actions: [AccessibilityAction: ACTION_FOCUS - null, AccessibilityAction: ACTION_SELECT - null, AccessibilityAction: ACTION_CLEAR_SELECTION - null, AccessibilityAction: ACTION_CLICK - null, AccessibilityAction: ACTION_ACCESSIBILITY_FOCUS - null, AccessibilityAction: ACTION_NEXT_AT_MOVEMENT_GRANULARITY - null, AccessibilityAction: ACTION_PREVIOUS_AT_MOVEMENT_GRANULARITY - null, AccessibilityAction: ACTION_SET_SELECTION - null, AccessibilityAction: ACTION_SHOW_ON_SCREEN - null, AccessibilityAction: ACTION_LONG_CLICK - Open settings]]
--------- beginning of system
12-08 11:34:17.363  2018  2051 D AutofillManagerService: onBackKeyPressed()
12-08 11:34:17.983 13607 13745 I okhttp.OkHttpClient: <-- 200 http://www.981757-ca08998.tmweb.ru:8080/fmh/claims (3838ms)
12-08 11:34:17.983 13607 13745 I okhttp.OkHttpClient: Vary: Origin
12-08 11:34:17.983 13607 13745 I okhttp.OkHttpClient: Vary: Access-Control-Request-Method
12-08 11:34:17.983 13607 13745 I okhttp.OkHttpClient: Vary: Access-Control-Request-Headers
12-08 11:34:17.983 13607 13745 I okhttp.OkHttpClient: X-Content-Type-Options: nosniff
12-08 11:34:17.983 13607 13745 I okhttp.OkHttpClient: X-XSS-Protection: 1; mode=block
12-08 11:34:17.983 13607 13745 I okhttp.OkHttpClient: Cache-Control: no-cache, no-store, max-age=0, must-revalidate
12-08 11:34:17.983 13607 13745 I okhttp.OkHttpClient: Pragma: no-cache
12-08 11:34:17.983 13607 13745 I okhttp.OkHttpClient: Expires: 0
12-08 11:34:17.983 13607 13745 I okhttp.OkHttpClient: X-Frame-Options: DENY
12-08 11:34:17.984 13607 13745 I okhttp.OkHttpClient: Content-Type: application/json
12-08 11:34:17.984 13607 13745 I okhttp.OkHttpClient: Transfer-Encoding: chunked
12-08 11:34:17.984 13607 13745 I okhttp.OkHttpClient: Date: Thu, 08 Dec 2022 11:34:20 GMT
12-08 11:34:17.984 13607 13745 I okhttp.OkHttpClient: Keep-Alive: timeout=60
12-08 11:34:17.984 13607 13745 I okhttp.OkHttpClient: Connection: keep-alive
12-08 11:34:18.003  2170  2170 V StatusBar: mStatusBarWindow: com.android.systemui.statusbar.phone.StatusBarWindowView{4752fa5 V.E...... ........ 0,0-1080,2340} canPanelBeCollapsed(): true
12-08 11:34:18.007  2170  2170 D StatusBar: disable<e i a s b h r c s > disable2<q i n >
12-08 11:34:18.043  2170  2170 D StatusBar: disable<e i a s b h r c s > disable2<q i n >
12-08 11:34:18.064  2170  2566 D EGL_emulation: eglMakeCurrent: 0xe594e040: ver 2 0 (tinfo 0xc52450c0)
12-08 11:34:18.071  1776  1927 D gralloc_ranchu: gralloc_alloc: Creating ashmem region of size 286720
12-08 11:34:18.002  2018  2051 D AutofillManagerService: onBackKeyPressed()
12-08 11:34:18.074  2018  5994 I ActivityTaskManager: START u0 {act=android.intent.action.MAIN cat=[android.intent.category.LAUNCHER] flg=0x10000000 cmp=ru.iteco.fmhandroid.test/androidx.test.core.app.InstrumentationActivityInvoker$EmptyActivity} from uid 10146
12-08 11:34:18.086  2170  2566 D EGL_emulation: eglMakeCurrent: 0xe594e040: ver 2 0 (tinfo 0xc52450c0)
12-08 11:34:18.101 13607 13607 D LifecycleMonitor: Lifecycle status change: ru.iteco.fmhandroid.ui.AppActivity@467b8ab in: PAUSED
12-08 11:34:18.102 13607 13607 V ActivityScenario: Update currentActivityStage to PAUSED, currentActivity=ru.iteco.fmhandroid.ui.AppActivity@467b8ab
12-08 11:34:18.104  2018  4653 W InputReader: Device has associated, but no associated display id.
12-08 11:34:18.109  2018  4653 I chatty  : uid=1000(system) Binder:2018_12 identical 17 lines
12-08 11:34:18.109  2018  4653 W InputReader: Device has associated, but no associated display id.
12-08 11:34:18.109  1776  1927 D gralloc_ranchu: gralloc_alloc: Creating ashmem region of size 286720
12-08 11:34:18.109  2018  4653 W InputReader: Device has associated, but no associated display id.
12-08 11:34:18.111  2018  4653 I chatty  : uid=1000(system) Binder:2018_12 identical 19 lines
12-08 11:34:18.111  2018  4653 W InputReader: Device has associated, but no associated display id.
12-08 11:34:18.113 13665 13665 W ActivityThread: handleWindowVisibility: no activity for token android.os.BinderProxy@4215461
12-08 11:34:18.116  2018  4653 W InputReader: Device has associated, but no associated display id.
12-08 11:34:18.116  2018  4653 I chatty  : uid=1000(system) Binder:2018_12 identical 8 lines
12-08 11:34:18.116  2018  4653 W InputReader: Device has associated, but no associated display id.
12-08 11:34:18.125 13607 13644 V FA      : Recording user engagement, ms: 17557
12-08 11:34:18.161  1776  1927 D gralloc_ranchu: gralloc_alloc: Creating ashmem region of size 286720
12-08 11:34:18.225  1776  1927 D gralloc_ranchu: gralloc_alloc: Creating ashmem region of size 10108928
12-08 11:34:18.228 13607 13644 V FA      : Connecting to remote service
12-08 11:34:18.235  1776  1927 D gralloc_ranchu: gralloc_alloc: Creating ashmem region of size 10108928
12-08 11:34:18.238  1776  1927 D gralloc_ranchu: gralloc_alloc: Creating ashmem region of size 10108928
12-08 11:34:18.247 13665 13696 D EGL_emulation: eglMakeCurrent: 0xe593ea40: ver 2 0 (tinfo 0xf0c89d20)
12-08 11:34:18.275 13607 13644 V FA      : Connection attempt already in progress
12-08 11:34:18.275 13607 13644 V FA      : Activity paused, time: 62033839
12-08 11:34:18.312 13607 13644 D FA      : Connected to remote service
12-08 11:34:18.314  2018  4653 W InputReader: Device has associated, but no associated display id.
12-08 11:34:18.322  2018  4653 I chatty  : uid=1000(system) Binder:2018_12 identical 48 lines
12-08 11:34:18.322  2018  4653 W InputReader: Device has associated, but no associated display id.
12-08 11:34:18.326 13607 13644 V FA      : Processing queued up service tasks: 2
12-08 11:34:18.348 13665 13665 W ActivityThread: handleWindowVisibility: no activity for token android.os.BinderProxy@2b9e6f8
12-08 11:34:18.361  2873 13654 V FA-SVC  : Logging event: origin=auto,name=user_engagement(_e),params=Bundle[{ga_event_origin(_o)=auto, engagement_time_msec(_et)=17557, ga_screen_class(_sc)=AppActivity, ga_screen_id(_si)=-527999674539728475}]
12-08 11:34:18.250  2018  5994 I ActivityTaskManager: START u0 {act=android.intent.action.MAIN cat=[android.intent.category.LAUNCHER] flg=0x10000000 cmp=ru.iteco.fmhandroid.test/androidx.test.core.app.InstrumentationActivityInvoker$EmptyActivity} from uid 10146
12-08 11:34:18.380  2018  5994 W ActivityTaskManager: Duplicate finish request for ActivityRecord{c9a7c5a u0 ru.iteco.fmhandroid/.ui.AppActivity t355 f}
12-08 11:34:18.394  2873 13654 V FA-SVC  : Upload scheduled in approximately ms: 3439235
12-08 11:34:18.394  2873 13654 V FA-SVC  : Unscheduling upload
12-08 11:34:18.403  2873 13654 V FA-SVC  : Scheduling upload, millis: 3439235
12-08 11:34:18.415  1776  1927 D gralloc_ranchu: gralloc_alloc: Creating ashmem region of size 10108928
12-08 11:34:18.417  2873 13654 V FA-SVC  : Background event processing time, ms: 56
12-08 11:34:18.421  1776  1927 D gralloc_ranchu: gralloc_alloc: Creating ashmem region of size 10108928
12-08 11:34:18.425  2656 12713 E NetworkScheduler.ATC: Called cancelTask for already completed task com.google.android.gms/.measurement.PackageMeasurementTaskService{u=0 tag="Measurement.PackageMeasurementTaskService.UPLOAD_TASK_TAG" trigger=window{start=256s,end=513s,earliest=-1473s,latest=-1216s} requirements=[NET_CONNECTED] attributes=[PERSISTED] scheduled=-1729s last_run=-163s jid=N/A status=ACTIVE retries=0 client_lib=GMS_TASK_SCHEDULER-202414000} :1 [CONTEXT service_id=218 ]
12-08 11:34:18.426 13665 13696 D EGL_emulation: eglMakeCurrent: 0xe593ea40: ver 2 0 (tinfo 0xf0c89d20)
12-08 11:34:18.428  1776  1927 D gralloc_ranchu: gralloc_alloc: Creating ashmem region of size 10108928
12-08 11:34:18.454  2018  2054 W InputReader: Device has associated, but no associated display id.
12-08 11:34:18.455  2018  2054 I chatty  : uid=1000(system) android.anim identical 18 lines
12-08 11:34:18.455  2018  2054 W InputReader: Device has associated, but no associated display id.
12-08 11:34:18.470  2018  2058 I ActivityTaskManager: Displayed ru.iteco.fmhandroid.test/androidx.test.core.app.InstrumentationActivityInvoker$EmptyActivity: +207ms
12-08 11:34:18.471  2018  2693 W InputReader: Device has associated, but no associated display id.
12-08 11:34:18.472  2018  2693 I chatty  : uid=1000(system) Binder:2018_9 identical 8 lines
12-08 11:34:18.472  2018  2693 W InputReader: Device has associated, but no associated display id.
12-08 11:34:18.484 13607 13699 D EGL_emulation: eglMakeCurrent: 0xe593e8c0: ver 2 0 (tinfo 0xf0c99e70)
12-08 11:34:18.510  2018  2693 W InputReader: Device has associated, but no associated display id.
12-08 11:34:18.512  2018  2693 I chatty  : uid=1000(system) Binder:2018_9 identical 8 lines
12-08 11:34:18.512  2018  2693 W InputReader: Device has associated, but no associated display id.
12-08 11:34:18.524 13607 13607 D LifecycleMonitor: Lifecycle status change: ru.iteco.fmhandroid.ui.AppActivity@467b8ab in: STOPPED
12-08 11:34:18.524 13607 13607 V ActivityScenario: Update currentActivityStage to STOPPED, currentActivity=ru.iteco.fmhandroid.ui.AppActivity@467b8ab
12-08 11:34:18.546  1776  1927 D gralloc_ranchu: gralloc_alloc: Creating ashmem region of size 10108928
12-08 11:34:18.553  1776  1927 D gralloc_ranchu: gralloc_alloc: Creating ashmem region of size 10108928
12-08 11:34:18.558  1776  1776 D gralloc_ranchu: gralloc_alloc: Creating ashmem region of size 10108928
12-08 11:34:18.579  1776  1927 D gralloc_ranchu: gralloc_alloc: Creating ashmem region of size 10108928
12-08 11:34:18.580  2018  2018 W ActivityManager: Unable to start service Intent { act=android.service.appprediction.AppPredictionService cmp=com.google.android.as/com.google.android.apps.miphone.aiai.app.AiAiPredictionService } U=0: not found
12-08 11:34:18.580  2018  2018 W RemoteAppPredictionService: could not bind to Intent { act=android.service.appprediction.AppPredictionService cmp=com.google.android.as/com.google.android.apps.miphone.aiai.app.AiAiPredictionService } using flags 67108865
12-08 11:34:18.582 13607 13607 W System.err: kotlinx.coroutines.JobCancellationException: Job was cancelled; job=SupervisorJobImpl{Cancelling}@6e0ed5f
12-08 11:34:18.595  2962  3510 D EGL_emulation: eglMakeCurrent: 0xe597e200: ver 2 0 (tinfo 0xbffb2540)
12-08 11:34:18.596  1776  1927 D gralloc_ranchu: gralloc_alloc: Creating ashmem region of size 10108928
12-08 11:34:18.598  1776  1927 D gralloc_ranchu: gralloc_alloc: Creating ashmem region of size 10108928
12-08 11:34:18.601 12448 12488 D EGL_emulation: eglMakeCurrent: 0xe594d140: ver 2 0 (tinfo 0xc539bd10)
12-08 11:34:18.608 13607 13607 W System.err: ru.iteco.fmhandroid.exceptions.UnknownException
12-08 11:34:18.608 13607 13607 W System.err: 	at ru.iteco.fmhandroid.utils.Utils.makeRequest(Utils.kt:123)
12-08 11:34:18.608 13607 13607 W System.err: 	at ru.iteco.fmhandroid.utils.Utils$makeRequest$1.invokeSuspend(Unknown Source:15)
12-08 11:34:18.608 13607 13607 W System.err: 	at kotlin.coroutines.jvm.internal.BaseContinuationImpl.resumeWith(ContinuationImpl.kt:33)
12-08 11:34:18.608 13607 13607 W System.err: 	at kotlinx.coroutines.DispatchedTaskKt.resume(DispatchedTask.kt:234)
12-08 11:34:18.608 13607 13607 W System.err: 	at kotlinx.coroutines.DispatchedTaskKt.resumeUnconfined(DispatchedTask.kt:190)
12-08 11:34:18.610 13607 13607 W System.err: 	at kotlinx.coroutines.DispatchedTaskKt.dispatch(DispatchedTask.kt:161)
12-08 11:34:18.611 13607 13607 W System.err: 	at kotlinx.coroutines.CancellableContinuationImpl.dispatchResume(CancellableContinuationImpl.kt:397)
12-08 11:34:18.611 13607 13607 W System.err: 	at kotlinx.coroutines.CancellableContinuationImpl.cancel(CancellableContinuationImpl.kt:183)
12-08 11:34:18.611 13607 13607 W System.err: 	at kotlinx.coroutines.CancellableContinuationImpl.parentCancelled$kotlinx_coroutines_core(CancellableContinuationImpl.kt:190)
12-08 11:34:18.611 13607 13607 W System.err: 	at kotlinx.coroutines.ChildContinuation.invoke(JobSupport.kt:1474)
12-08 11:34:18.611 13607 13607 W System.err: 	at kotlinx.coroutines.JobSupport.notifyCancelling(JobSupport.kt:1499)
12-08 11:34:18.611 13607 13607 W System.err: 	at kotlinx.coroutines.JobSupport.tryMakeCancelling(JobSupport.kt:795)
12-08 11:34:18.611 13607 13607 W System.err: 	at kotlinx.coroutines.JobSupport.makeCancelling(JobSupport.kt:755)
12-08 11:34:18.611 13607 13607 W System.err: 	at kotlinx.coroutines.JobSupport.cancelImpl$kotlinx_coroutines_core(JobSupport.kt:671)
12-08 11:34:18.612 13607 13607 W System.err: 	at kotlinx.coroutines.JobSupport.parentCancelled(JobSupport.kt:637)
12-08 11:34:18.612 13607 13607 W System.err: 	at kotlinx.coroutines.ChildHandleNode.invoke(JobSupport.kt:1465)
12-08 11:34:18.612 13607 13607 W System.err: 	at kotlinx.coroutines.JobSupport.notifyCancelling(JobSupport.kt:1499)
12-08 11:34:18.612 13607 13607 W System.err: 	at kotlinx.coroutines.JobSupport.tryMakeCompletingSlowPath(JobSupport.kt:900)
12-08 11:34:18.612 13607 13607 W System.err: 	at kotlinx.coroutines.JobSupport.tryMakeCompleting(JobSupport.kt:863)
12-08 11:34:18.612 13607 13607 W System.err: 	at kotlinx.coroutines.JobSupport.cancelMakeCompleting(JobSupport.kt:696)
12-08 11:34:18.612 13607 13607 W System.err: 	at kotlinx.coroutines.JobSupport.cancelImpl$kotlinx_coroutines_core(JobSupport.kt:667)
12-08 11:34:18.612 13607 13607 W System.err: 	at kotlinx.coroutines.JobSupport.cancelInternal(JobSupport.kt:632)
12-08 11:34:18.612 13607 13607 W System.err: 	at kotlinx.coroutines.JobSupport.cancel(JobSupport.kt:617)
12-08 11:34:18.612 13607 13607 W System.err: 	at kotlinx.coroutines.JobKt__JobKt.cancel(Job.kt:561)
12-08 11:34:18.612 13607 13607 W System.err: 	at kotlinx.coroutines.JobKt.cancel(Unknown Source:1)
12-08 11:34:18.612 13607 13607 W System.err: 	at kotlinx.coroutines.JobKt__JobKt.cancel$default(Job.kt:560)
12-08 11:34:18.612 13607 13607 W System.err: 	at kotlinx.coroutines.JobKt.cancel$default(Unknown Source:1)
12-08 11:34:18.612 13607 13607 W System.err: 	at androidx.lifecycle.CloseableCoroutineScope.close(ViewModel.kt:51)
12-08 11:34:18.612 13607 13607 W System.err: 	at androidx.lifecycle.ViewModel.closeWithRuntimeException(ViewModel.java:188)
12-08 11:34:18.612 13607 13607 W System.err: 	at androidx.lifecycle.ViewModel.clear(ViewModel.java:134)
12-08 11:34:18.612 13607 13607 W System.err: 	at androidx.lifecycle.ViewModelStore.clear(ViewModelStore.java:62)
12-08 11:34:18.612 13607 13607 W System.err: 	at androidx.fragment.app.FragmentManagerViewModel.clearNonConfigStateInternal(FragmentManagerViewModel.java:210)
12-08 11:34:18.612 13607 13607 W System.err: 	at androidx.fragment.app.FragmentManagerViewModel.clearNonConfigState(FragmentManagerViewModel.java:190)
12-08 11:34:18.613 13607 13607 W System.err: 	at androidx.fragment.app.FragmentStateManager.destroy(FragmentStateManager.java:778)
12-08 11:34:18.613 13607 13607 W System.err: 	at androidx.fragment.app.FragmentStateManager.moveToExpectedState(FragmentStateManager.java:335)
12-08 11:34:18.613 13607 13607 W System.err: 	at androidx.fragment.app.FragmentStore.moveToExpectedState(FragmentStore.java:121)
12-08 11:34:18.613 13607 13607 W System.err: 	at androidx.fragment.app.FragmentManager.moveToState(FragmentManager.java:1374)
12-08 11:34:18.613 13607 13607 W System.err: 	at androidx.fragment.app.FragmentManager.dispatchStateChange(FragmentManager.java:2841)
12-08 11:34:18.613 13607 13607 W System.err: 	at androidx.fragment.app.FragmentManager.dispatchDestroy(FragmentManager.java:2820)
12-08 11:34:18.613 13607 13607 W System.err: 	at androidx.fragment.app.Fragment.performDestroy(Fragment.java:3246)
12-08 11:34:18.613 13607 13607 W System.err: 	at androidx.fragment.app.FragmentStateManager.destroy(FragmentStateManager.java:780)
12-08 11:34:18.613 13607 13607 W System.err: 	at androidx.fragment.app.FragmentStateManager.moveToExpectedState(FragmentStateManager.java:335)
12-08 11:34:18.613 13607 13607 W System.err: 	at androidx.fragment.app.SpecialEffectsController$FragmentStateManagerOperation.complete(SpecialEffectsController.java:771)
12-08 11:34:18.613 13607 13607 W System.err: 	at androidx.fragment.app.SpecialEffectsController$Operation.cancel(SpecialEffectsController.java:615)
12-08 11:34:18.613 13607 13607 W System.err: 	at androidx.fragment.app.SpecialEffectsController.forceCompleteAllOperations(SpecialEffectsController.java:350)
12-08 11:34:18.614 13607 13607 W System.err: 	at androidx.fragment.app.FragmentManager.dispatchStateChange(FragmentManager.java:2844)
12-08 11:34:18.614 13607 13607 W System.err: 	at androidx.fragment.app.FragmentManager.dispatchDestroy(FragmentManager.java:2820)
12-08 11:34:18.614 13607 13607 W System.err: 	at androidx.fragment.app.FragmentController.dispatchDestroy(FragmentController.java:345)
12-08 11:34:18.614 13607 13607 W System.err: 	at androidx.fragment.app.FragmentActivity.onDestroy(FragmentActivity.java:306)
12-08 11:34:18.614 13607 13607 W System.err: 	at androidx.appcompat.app.AppCompatActivity.onDestroy(AppCompatActivity.java:278)
12-08 11:34:18.614 13607 13607 W System.err: 	at android.app.Activity.performDestroy(Activity.java:8048)
12-08 11:34:18.614 13607 13607 W System.err: 	at android.app.Instrumentation.callActivityOnDestroy(Instrumentation.java:1334)
12-08 11:34:18.619 13607 13607 W System.err: 	at androidx.test.runner.MonitoringInstrumentation.callActivityOnDestroy(MonitoringInstrumentation.java:766)
12-08 11:34:18.619 13607 13607 W System.err: 	at android.app.ActivityThread.performDestroyActivity(ActivityThread.java:4926)
12-08 11:34:18.619 13607 13607 W System.err: 	at android.app.ActivityThread.handleDestroyActivity(ActivityThread.java:4970)
12-08 11:34:18.619 13607 13607 W System.err: 	at android.app.servertransaction.DestroyActivityItem.execute(DestroyActivityItem.java:44)
12-08 11:34:18.619 13607 13607 W System.err: 	at android.app.servertransaction.TransactionExecutor.executeLifecycleState(TransactionExecutor.java:176)
12-08 11:34:18.619 13607 13607 W System.err: 	at android.app.servertransaction.TransactionExecutor.execute(TransactionExecutor.java:97)
12-08 11:34:18.619 13607 13607 W System.err: 	at android.app.ActivityThread$H.handleMessage(ActivityThread.java:2016)
12-08 11:34:18.619 13607 13607 W System.err: 	at android.os.Handler.dispatchMessage(Handler.java:107)
12-08 11:34:18.619 13607 13607 W System.err: 	at android.os.Looper.loop(Looper.java:214)
12-08 11:34:18.619 13607 13607 W System.err: 	at android.app.ActivityThread.main(ActivityThread.java:7356)
12-08 11:34:18.620 13607 13607 W System.err: 	at java.lang.reflect.Method.invoke(Native Method)
12-08 11:34:18.620 13607 13607 W System.err: 	at com.android.internal.os.RuntimeInit$MethodAndArgsCaller.run(RuntimeInit.java:492)
12-08 11:34:18.620 13607 13607 W System.err: 	at com.android.internal.os.ZygoteInit.main(ZygoteInit.java:930)
12-08 11:34:18.638 13607 13607 W System.err: ru.iteco.fmhandroid.exceptions.UnknownException
12-08 11:34:18.639 13607 13607 W System.err: 	at ru.iteco.fmhandroid.utils.Utils.makeRequest(Utils.kt:123)
12-08 11:34:18.640 13607 13607 W System.err: 	at ru.iteco.fmhandroid.utils.Utils$makeRequest$1.invokeSuspend(Unknown Source:15)
12-08 11:34:18.644  2962  2962 W ThreadPoolDumper: Queue length for executor EventBus is now 11. Perhaps some tasks are too long, or the pool is too small.
12-08 11:34:18.648 13607 13607 W System.err: 	at kotlin.coroutines.jvm.internal.BaseContinuationImpl.resumeWith(ContinuationImpl.kt:33)
12-08 11:34:18.649 13607 13607 W System.err: 	at kotlinx.coroutines.DispatchedTaskKt.resume(DispatchedTask.kt:234)
12-08 11:34:18.649 13607 13607 W System.err: 	at kotlinx.coroutines.DispatchedTaskKt.resumeUnconfined(DispatchedTask.kt:190)
12-08 11:34:18.649 13607 13607 W System.err: 	at kotlinx.coroutines.DispatchedTaskKt.dispatch(DispatchedTask.kt:161)
12-08 11:34:18.653 13607 13607 W System.err: 	at kotlinx.coroutines.CancellableContinuationImpl.dispatchResume(CancellableContinuationImpl.kt:397)
12-08 11:34:18.653 13607 13607 W System.err: 	at kotlinx.coroutines.CancellableContinuationImpl.cancel(CancellableContinuationImpl.kt:183)
12-08 11:34:18.654 13607 13607 W System.err: 	at kotlinx.coroutines.CancellableContinuationImpl.parentCancelled$kotlinx_coroutines_core(CancellableContinuationImpl.kt:190)
12-08 11:34:18.654 13607 13607 W System.err: 	at kotlinx.coroutines.ChildContinuation.invoke(JobSupport.kt:1474)
12-08 11:34:18.667 13607 13607 W System.err: 	at kotlinx.coroutines.JobSupport.notifyCancelling(JobSupport.kt:1499)
12-08 11:34:18.667 13607 13607 W System.err: 	at kotlinx.coroutines.JobSupport.tryMakeCancelling(JobSupport.kt:795)
12-08 11:34:18.667 13607 13607 W System.err: 	at kotlinx.coroutines.JobSupport.makeCancelling(JobSupport.kt:755)
12-08 11:34:18.667 13607 13607 W System.err: 	at kotlinx.coroutines.JobSupport.cancelImpl$kotlinx_coroutines_core(JobSupport.kt:671)
12-08 11:34:18.668 13607 13607 W System.err: 	at kotlinx.coroutines.JobSupport.parentCancelled(JobSupport.kt:637)
12-08 11:34:18.668 13607 13607 W System.err: 	at kotlinx.coroutines.ChildHandleNode.invoke(JobSupport.kt:1465)
12-08 11:34:18.668 13607 13607 W System.err: 	at kotlinx.coroutines.JobSupport.notifyCancelling(JobSupport.kt:1499)
12-08 11:34:18.668 13607 13607 W System.err: 	at kotlinx.coroutines.JobSupport.tryMakeCompletingSlowPath(JobSupport.kt:900)
12-08 11:34:18.668 13607 13607 W System.err: 	at kotlinx.coroutines.JobSupport.tryMakeCompleting(JobSupport.kt:863)
12-08 11:34:18.668 13607 13607 W System.err: 	at kotlinx.coroutines.JobSupport.cancelMakeCompleting(JobSupport.kt:696)
12-08 11:34:18.668 13607 13607 W System.err: 	at kotlinx.coroutines.JobSupport.cancelImpl$kotlinx_coroutines_core(JobSupport.kt:667)
12-08 11:34:18.668 13607 13607 W System.err: 	at kotlinx.coroutines.JobSupport.cancelInternal(JobSupport.kt:632)
12-08 11:34:18.668 13607 13607 W System.err: 	at kotlinx.coroutines.JobSupport.cancel(JobSupport.kt:617)
12-08 11:34:18.668 13607 13607 W System.err: 	at kotlinx.coroutines.JobKt__JobKt.cancel(Job.kt:561)
12-08 11:34:18.668 13607 13607 W System.err: 	at kotlinx.coroutines.JobKt.cancel(Unknown Source:1)
12-08 11:34:18.668 13607 13607 W System.err: 	at kotlinx.coroutines.JobKt__JobKt.cancel$default(Job.kt:560)
12-08 11:34:18.668 13607 13607 W System.err: 	at kotlinx.coroutines.JobKt.cancel$default(Unknown Source:1)
12-08 11:34:18.669 13607 13607 W System.err: 	at androidx.lifecycle.CloseableCoroutineScope.close(ViewModel.kt:51)
12-08 11:34:18.669 13607 13607 W System.err: 	at androidx.lifecycle.ViewModel.closeWithRuntimeException(ViewModel.java:188)
12-08 11:34:18.669 13607 13607 W System.err: 	at androidx.lifecycle.ViewModel.clear(ViewModel.java:134)
12-08 11:34:18.669 13607 13607 W System.err: 	at androidx.lifecycle.ViewModelStore.clear(ViewModelStore.java:62)
12-08 11:34:18.669 13607 13607 W System.err: 	at androidx.fragment.app.FragmentManagerViewModel.clearNonConfigStateInternal(FragmentManagerViewModel.java:210)
12-08 11:34:18.669 13607 13607 W System.err: 	at androidx.fragment.app.FragmentManagerViewModel.clearNonConfigState(FragmentManagerViewModel.java:190)
12-08 11:34:18.669 13607 13607 W System.err: 	at androidx.fragment.app.FragmentStateManager.destroy(FragmentStateManager.java:778)
12-08 11:34:18.669 13607 13607 W System.err: 	at androidx.fragment.app.FragmentStateManager.moveToExpectedState(FragmentStateManager.java:335)
12-08 11:34:18.669 13607 13607 W System.err: 	at androidx.fragment.app.FragmentStore.moveToExpectedState(FragmentStore.java:121)
12-08 11:34:18.669 13607 13607 W System.err: 	at androidx.fragment.app.FragmentManager.moveToState(FragmentManager.java:1374)
12-08 11:34:18.669 13607 13607 W System.err: 	at androidx.fragment.app.FragmentManager.dispatchStateChange(FragmentManager.java:2841)
12-08 11:34:18.669 13607 13607 W System.err: 	at androidx.fragment.app.FragmentManager.dispatchDestroy(FragmentManager.java:2820)
12-08 11:34:18.669 13607 13607 W System.err: 	at androidx.fragment.app.Fragment.performDestroy(Fragment.java:3246)
12-08 11:34:18.669 13607 13607 W System.err: 	at androidx.fragment.app.FragmentStateManager.destroy(FragmentStateManager.java:780)
12-08 11:34:18.669  2018  2054 W InputReader: Device has associated, but no associated display id.
12-08 11:34:18.669 13607 13607 W System.err: 	at androidx.fragment.app.FragmentStateManager.moveToExpectedState(FragmentStateManager.java:335)
12-08 11:34:18.669  2018  2054 W InputReader: Device has associated, but no associated display id.
12-08 11:34:18.669  2018  2054 W InputReader: Device has associated, but no associated display id.
12-08 11:34:18.669 13607 13607 W System.err: 	at androidx.fragment.app.SpecialEffectsController$FragmentStateManagerOperation.complete(SpecialEffectsController.java:771)
12-08 11:34:18.669 13607 13607 W System.err: 	at androidx.fragment.app.SpecialEffectsController$Operation.cancel(SpecialEffectsController.java:615)
12-08 11:34:18.669  2018  2054 W InputReader: Device has associated, but no associated display id.
12-08 11:34:18.669  2018  2054 W InputReader: Device has associated, but no associated display id.
12-08 11:34:18.669 13607 13607 W System.err: 	at androidx.fragment.app.SpecialEffectsController.forceCompleteAllOperations(SpecialEffectsController.java:350)
12-08 11:34:18.669  2018  2054 W InputReader: Device has associated, but no associated display id.
12-08 11:34:18.670  2018  2054 I chatty  : uid=1000(system) android.anim identical 3 lines
12-08 11:34:18.670  2018  2054 W InputReader: Device has associated, but no associated display id.
12-08 11:34:18.669 13607 13607 W System.err: 	at androidx.fragment.app.FragmentManager.dispatchStateChange(FragmentManager.java:2844)
12-08 11:34:18.671 13607 13607 W System.err: 	at androidx.fragment.app.FragmentManager.dispatchDestroy(FragmentManager.java:2820)
12-08 11:34:18.671 13607 13607 W System.err: 	at androidx.fragment.app.FragmentController.dispatchDestroy(FragmentController.java:345)
12-08 11:34:18.671 13607 13607 W System.err: 	at androidx.fragment.app.FragmentActivity.onDestroy(FragmentActivity.java:306)
12-08 11:34:18.671 13607 13607 W System.err: 	at androidx.appcompat.app.AppCompatActivity.onDestroy(AppCompatActivity.java:278)
12-08 11:34:18.671 13607 13607 W System.err: 	at android.app.Activity.performDestroy(Activity.java:8048)
12-08 11:34:18.671 13607 13607 W System.err: 	at android.app.Instrumentation.callActivityOnDestroy(Instrumentation.java:1334)
12-08 11:34:18.671 13607 13607 W System.err: 	at androidx.test.runner.MonitoringInstrumentation.callActivityOnDestroy(MonitoringInstrumentation.java:766)
12-08 11:34:18.671 13607 13607 W System.err: 	at android.app.ActivityThread.performDestroyActivity(ActivityThread.java:4926)
12-08 11:34:18.671 13607 13607 W System.err: 	at android.app.ActivityThread.handleDestroyActivity(ActivityThread.java:4970)
12-08 11:34:18.671 13607 13607 W System.err: 	at android.app.servertransaction.DestroyActivityItem.execute(DestroyActivityItem.java:44)
12-08 11:34:18.671 13607 13607 W System.err: 	at android.app.servertransaction.TransactionExecutor.executeLifecycleState(TransactionExecutor.java:176)
12-08 11:34:18.671 13607 13607 W System.err: 	at android.app.servertransaction.TransactionExecutor.execute(TransactionExecutor.java:97)
12-08 11:34:18.671 13607 13607 W System.err: 	at android.app.ActivityThread$H.handleMessage(ActivityThread.java:2016)
12-08 11:34:18.671 13607 13607 W System.err: 	at android.os.Handler.dispatchMessage(Handler.java:107)
12-08 11:34:18.671 13607 13607 W System.err: 	at android.os.Looper.loop(Looper.java:214)
12-08 11:34:18.671 13607 13607 W System.err: 	at android.app.ActivityThread.main(ActivityThread.java:7356)
12-08 11:34:18.671 13607 13607 W System.err: 	at java.lang.reflect.Method.invoke(Native Method)
12-08 11:34:18.672 13607 13607 W System.err: 	at com.android.internal.os.RuntimeInit$MethodAndArgsCaller.run(RuntimeInit.java:492)
12-08 11:34:18.672 13607 13607 W System.err: 	at com.android.internal.os.ZygoteInit.main(ZygoteInit.java:930)
12-08 11:34:18.675  2170  2566 D EGL_emulation: eglMakeCurrent: 0xe594e040: ver 2 0 (tinfo 0xc52450c0)
12-08 11:34:18.678  1776  1927 D gralloc_ranchu: gralloc_alloc: Creating ashmem region of size 6471680
12-08 11:34:18.692 13607 13607 D LifecycleMonitor: Lifecycle status change: ru.iteco.fmhandroid.ui.AppActivity@467b8ab in: DESTROYED
12-08 11:34:18.692 13607 13607 V ActivityScenario: Update currentActivityStage to DESTROYED, currentActivity=null
12-08 11:34:18.693 13607 13651 I TestRunner: finished: shouldNotCreateEmptyClaim(ru.iteco.fmhandroid.ui.ClaimsCreationFormTest)
12-08 11:34:18.714  2962  3348 W SessionLifecycleManager: Handover failed. Creating new session controller.
12-08 11:34:18.741  1793  1793 E Layer   : [Surface(name=AppWindowToken{8dcd2e token=Token{a00d3a9 ActivityRecord{4384b30 u0 com.google.android.apps.nexuslauncher/.NexusLauncherActivity t105}}})/@0x3848044 - animation-leash#0] No local sync point found
12-08 11:34:18.741  1793  1793 E Layer   : [Surface(name=AppWindowToken{a5944da token=Token{16dee85 ActivityRecord{ae7d7fc u0 ru.iteco.fmhandroid.test/androidx.test.core.app.InstrumentationActivityInvoker$EmptyActivity t355}}})/@0x2659492 - animation-leash#0] No local sync point found
12-08 11:34:18.772 13665 13696 D EGL_emulation: eglMakeCurrent: 0xe593ea40: ver 2 0 (tinfo 0xf0c89d20)
12-08 11:34:18.822  2018  7392 D HostConnection: HostConnection::get() New Host Connection established 0xb22b1870, tid 7392
12-08 11:34:18.834  2018  7392 D HostConnection: HostComposition ext ANDROID_EMU_CHECKSUM_HELPER_v1 ANDROID_EMU_dma_v1 ANDROID_EMU_direct_mem ANDROID_EMU_host_composition_v1 ANDROID_EMU_host_composition_v2 ANDROID_EMU_vulkan ANDROID_EMU_deferred_vulkan_commands ANDROID_EMU_vulkan_null_optional_strings ANDROID_EMU_vulkan_create_resources_with_requirements ANDROID_EMU_YUV_Cache ANDROID_EMU_vulkan_ignored_handles ANDROID_EMU_vulkan_free_memory_sync ANDROID_EMU_vulkan_shader_float16_int8 ANDROID_EMU_vulkan_async_queue_submit ANDROID_EMU_sync_buffer_data GL_OES_vertex_array_object GL_KHR_texture_compression_astc_ldr ANDROID_EMU_host_side_tracing ANDROID_EMU_gles_max_version_2 
12-08 11:34:18.835  2018  7392 W OpenGLRenderer: Failed to choose config with EGL_SWAP_BEHAVIOR_PRESERVED, retrying without...
12-08 11:34:18.884  1764  1764 W audio_hw_generic: Not supplying enough data to HAL, expected position 180705262 , only wrote 180362443
12-08 11:34:18.916  2018  7392 D EGL_emulation: eglCreateContext: 0xb2357760: maj 2 min 0 rcv 2
12-08 11:34:18.934  2018  7392 D EGL_emulation: eglMakeCurrent: 0xb2357760: ver 2 0 (tinfo 0xc0d1c860)
12-08 11:34:18.950 12448 12466 I s.nexuslaunche: NativeAlloc concurrent copying GC freed 3000(250KB) AllocSpace objects, 0(0B) LOS objects, 49% free, 2710KB/5420KB, paused 7.979ms total 159.294ms
12-08 11:34:18.951 12448 12468 W System  : A resource failed to call release. 
12-08 11:34:18.951 12448 12468 W System  : A resource failed to call release. 
12-08 11:34:18.955 13586 13601 I app_process: Background young concurrent copying GC freed 213(60KB) AllocSpace objects, 5(684KB) LOS objects, 0% free, 2266KB/2266KB, paused 1.737ms total 155.348ms
12-08 11:34:18.970  2170  2186 I ndroid.systemu: NativeAlloc concurrent copying GC freed 18280(784KB) AllocSpace objects, 0(0B) LOS objects, 49% free, 5588KB/10MB, paused 588us total 181.524ms
12-08 11:34:18.995  2962 13729 W LocationOracle: No location history returned by ContextManager
12-08 11:34:19.061  2656  3542 W GCoreFlp: No location to return for getLastLocation()
12-08 11:34:19.085  2962  3348 I MicroDetectionWorker: #startMicroDetector [speakerMode: 0]
12-08 11:34:19.101  2962  3348 W ErrorReporter: reportError [type: 211, code: 393244, bug: 0]: errorCode: 393244, engine: 0
12-08 11:34:19.104  2962  3348 I MicroDetector: Keeping mic open: false
12-08 11:34:19.104  2962  3348 I MicroDetectionWorker: #onError(false)
12-08 11:34:19.233  2656 13774 W ctxmgr  : [AclManager] No 3 for (accnt=account#-517948760#, com.google.android.gms(10112):UserVelocityProducer, vrsn=202414022, 0, 3pPkg = null ,  3pMdlId = null ,  pid = 2656). Was: 3 for 1, account#-517948760# [CONTEXT service_id=47 ]
12-08 11:34:19.285  2656 13725 I LogUtils: [Places]: ?: Couldn't find platform key file. [CONTEXT service_id=253 ]
12-08 11:34:19.290 13607 13651 I TestRunner: started: shouldCreateAClaimWithATitleWith49Characters(ru.iteco.fmhandroid.ui.ClaimsCreationFormTest)
12-08 11:34:19.291  2656  3542 W GCoreFlp: No location to return for getLastLocation()
12-08 11:34:19.345 13607 13651 W Settings: Setting always_finish_activities has moved from android.provider.Settings.System to android.provider.Settings.Global, returning read-only value.
12-08 11:34:19.361  2018  4653 I ActivityTaskManager: START u0 {act=android.intent.action.MAIN cat=[android.intent.category.LAUNCHER] flg=0x10008000 cmp=ru.iteco.fmhandroid.test/androidx.test.core.app.InstrumentationActivityInvoker$BootstrapActivity (has extras)} from uid 10146
12-08 11:34:19.370  2656  2656 I GeofencerStateMachine: removeGeofences: removeRequest=RemoveGeofencingRequest[REMOVE_BY_PENDING_INTENT pendingIntent=PendingIntent[creatorPackage=com.google.android.gms], packageName=com.google.android.gms]
12-08 11:34:19.394  2018  5837 W InputReader: Device has associated, but no associated display id.
12-08 11:34:19.395  2018  5837 I chatty  : uid=1000(system) Binder:2018_16 identical 18 lines
12-08 11:34:19.395  2018  5837 W InputReader: Device has associated, but no associated display id.
12-08 11:34:19.397 13665 13665 W ActivityThread: handleWindowVisibility: no activity for token android.os.BinderProxy@c2a44b
12-08 11:34:19.400  2018  5837 W InputReader: Device has associated, but no associated display id.
12-08 11:34:19.400  2018  5837 W InputReader: Device has associated, but no associated display id.
12-08 11:34:19.400  2656 12772 I LogUtils: [Places]: ?: Couldn't find platform key file. [CONTEXT service_id=253 ]
12-08 11:34:19.401  2018  5837 W InputReader: Device has associated, but no associated display id.
12-08 11:34:19.401  2018  5837 I chatty  : uid=1000(system) Binder:2018_16 identical 6 lines
12-08 11:34:19.401  2018  5837 W InputReader: Device has associated, but no associated display id.
12-08 11:34:19.401  2656 13792 I PlacesLogger: [PlaceInferenceEngine]: [anon] Changed inference mode: 0 [CONTEXT service_id=253 ]
12-08 11:34:19.402  2656 12772 I LogUtils: [Places]: ?: Couldn't find platform key file. [CONTEXT service_id=253 ]
12-08 11:34:19.404  2018  5837 W InputReader: Device has associated, but no associated display id.
12-08 11:34:19.404  2018  5837 I chatty  : uid=1000(system) Binder:2018_16 identical 8 lines
12-08 11:34:19.404  2018  5837 W InputReader: Device has associated, but no associated display id.
12-08 11:34:19.408  2656  2656 I GeofencerStateMachine: removeGeofences: removeRequest=RemoveGeofencingRequest[REMOVE_BY_PENDING_INTENT pendingIntent=PendingIntent[creatorPackage=com.google.android.gms], packageName=com.google.android.gms]
12-08 11:34:19.452  2018  2031 I system_server: NativeAlloc concurrent copying GC freed 45117(1885KB) AllocSpace objects, 3(124KB) LOS objects, 25% free, 17MB/23MB, paused 2.256ms total 345.421ms
12-08 11:34:19.465  1776  1927 D gralloc_ranchu: gralloc_alloc: Creating ashmem region of size 10108928
12-08 11:34:19.471  2018  2693 I ActivityTaskManager: START u0 {act=android.intent.action.MAIN cat=[android.intent.category.LAUNCHER] cmp=ru.iteco.fmhandroid/.ui.AppActivity} from uid 10146
12-08 11:34:19.491  2018 11055 W InputReader: Device has associated, but no associated display id.
12-08 11:34:19.495  2018 11055 I chatty  : uid=1000(system) Binder:2018_1E identical 38 lines
12-08 11:34:19.495  2018 11055 W InputReader: Device has associated, but no associated display id.
12-08 11:34:19.496 13607 13607 W ActivityThread: handleWindowVisibility: no activity for token android.os.BinderProxy@d9166ae
12-08 11:34:19.498  2018 11055 W InputReader: Device has associated, but no associated display id.
12-08 11:34:19.498  2018 11055 I chatty  : uid=1000(system) Binder:2018_1E identical 8 lines
12-08 11:34:19.498  2018 11055 W InputReader: Device has associated, but no associated display id.
12-08 11:34:19.530 13607 13607 D LifecycleMonitor: Lifecycle status change: ru.iteco.fmhandroid.ui.AppActivity@b113fba in: PRE_ON_CREATE
12-08 11:34:19.530 13607 13607 V ActivityScenario: Activity lifecycle changed event received but ignored because the reported transition was not ON_CREATE while the last known transition was PRE_ON_CREATE
12-08 11:34:19.534  2018  2054 W InputReader: Device has associated, but no associated display id.
12-08 11:34:19.534  2018  2054 I chatty  : uid=1000(system) android.anim identical 8 lines
12-08 11:34:19.534  2018  2054 W InputReader: Device has associated, but no associated display id.
12-08 11:34:19.538 13607 13639 V FA      : onActivityCreated
12-08 11:34:19.543  2962  3510 D EGL_emulation: eglMakeCurrent: 0xe597e200: ver 2 0 (tinfo 0xbffb2540)
12-08 11:34:19.592  2656 13774 I ctxmgr  : [ProducerStatusImpl] updateStateForNewContextData: inactive, contextName=7 [CONTEXT service_id=47 ]
12-08 11:34:19.596 12448 12488 D EGL_emulation: eglMakeCurrent: 0xe594d140: ver 2 0 (tinfo 0xc539bd10)
12-08 11:34:19.598 13607 13607 D LifecycleMonitor: Lifecycle status change: ru.iteco.fmhandroid.ui.AppActivity@b113fba in: CREATED
12-08 11:34:19.598 13607 13607 V ActivityScenario: Update currentActivityStage to CREATED, currentActivity=ru.iteco.fmhandroid.ui.AppActivity@b113fba
12-08 11:34:19.604  2656  3542 W GCoreFlp: No location to return for getLastLocation()
12-08 11:34:19.612  2656 12772 I LogUtils: [Places]: ?: Couldn't find platform key file. [CONTEXT service_id=253 ]
12-08 11:34:19.642  2962 13762 I PBSessionCacheImpl: Deleted sessionId[635180283211] from persistence.
12-08 11:34:19.665  2962  3348 W SearchServiceCore: Abort, client detached.
12-08 11:34:19.695  2656  3542 W GCoreFlp: No location to return for getLastLocation()
12-08 11:34:19.700  2656 13799 I LogUtils: [Places]: ?: Couldn't find platform key file. [CONTEXT service_id=253 ]
12-08 11:34:19.726 13607 13607 D LifecycleMonitor: Lifecycle status change: ru.iteco.fmhandroid.ui.AppActivity@b113fba in: STARTED
12-08 11:34:19.730 13607 13607 V ActivityScenario: Update currentActivityStage to STARTED, currentActivity=ru.iteco.fmhandroid.ui.AppActivity@b113fba
12-08 11:34:19.731 13607 13607 D LifecycleMonitor: Lifecycle status change: ru.iteco.fmhandroid.ui.AppActivity@b113fba in: RESUMED
12-08 11:34:19.732 13607 13607 V ActivityScenario: Update currentActivityStage to RESUMED, currentActivity=ru.iteco.fmhandroid.ui.AppActivity@b113fba
12-08 11:34:19.732 13607 13644 V FA      : Activity resumed, time: 62035476
12-08 11:34:19.795  1776  1927 D gralloc_ranchu: gralloc_alloc: Creating ashmem region of size 10108928
12-08 11:34:19.807  1776  1927 I chatty  : uid=1000(system) HwBinder:1776_3 identical 1 line
12-08 11:34:19.810  1776  1927 D gralloc_ranchu: gralloc_alloc: Creating ashmem region of size 10108928
12-08 11:34:19.820 13607 13699 D EGL_emulation: eglMakeCurrent: 0xe593e8c0: ver 2 0 (tinfo 0xf0c99e70)
12-08 11:34:19.850  2656 12772 I LogUtils: [Places]: ?: Couldn't find platform key file. [CONTEXT service_id=253 ]
12-08 11:34:19.872  2018  2058 I ActivityTaskManager: Displayed ru.iteco.fmhandroid/.ui.AppActivity: +505ms
12-08 11:34:19.877  2170  2566 D EGL_emulation: eglMakeCurrent: 0xe594e040: ver 2 0 (tinfo 0xc52450c0)
12-08 11:34:19.921 13607 13607 I ViewInteraction: Performing 'wait for a specific view with <(an instance of android.widget.TextView and view.getText() with or without transformation to match: is "Authorization" and view.getParent() view.getParent() view.getId() is <2131231186>)> during 10000 millis.' action on view view.getRootView() to equal view
12-08 11:34:19.933  2656  2671 I .gms.persisten: Background concurrent copying GC freed 70115(3424KB) AllocSpace objects, 42(2672KB) LOS objects, 35% free, 10MB/16MB, paused 769us total 326.531ms
12-08 11:34:19.970  2656 13792 I LogUtils: [Places]: ?: PlacesBleScanner start() with priority 2 [CONTEXT service_id=253 ]
12-08 11:34:19.971  2656 13792 I PlacesLogger: [PlaceInferenceEngine]: [anon] Changed inference mode: 1 [CONTEXT service_id=253 ]
12-08 11:34:19.989  2656  2656 E BeaconBle: Missing BluetoothAdapter [CONTEXT service_id=111 ]
12-08 11:34:19.989  2656  2656 I BeaconBle: BLE 'KK+' software access layer enabled [CONTEXT service_id=111 ]
12-08 11:34:20.011  2656  2656 I BeaconBle: Client requested scan, settings=BleSettings [scanMode=ZERO_POWER, callbackType=ALL_MATCHES, reportDelayMillis=0, 1 filters, 0 clients, callingClientName=Places] [CONTEXT service_id=111 ]
12-08 11:34:20.013  2656  2656 I BeaconBle: Scan : No clients left, canceling alarm. [CONTEXT service_id=111 ]
12-08 11:34:20.014  2656  2656 E BeaconBle: Scan couldn't start for Places [CONTEXT service_id=111 ]
12-08 11:34:20.014  2656  2656 W Places  : BLE failure while scanning - code 5
12-08 11:34:20.019  2656  3542 W GCoreFlp: No location to return for getLastLocation()
12-08 11:34:20.031 13607 13620 I teco.fmhandroi: NativeAlloc concurrent copying GC freed 138415(6607KB) AllocSpace objects, 4(144KB) LOS objects, 38% free, 9815KB/15MB, paused 3.033ms total 315.339ms
12-08 11:34:20.045  2873 13654 V FA-SVC  : Logging event: origin=auto,name=screen_view(_vs),params=Bundle[{ga_event_origin(_o)=auto, ga_previous_class(_pc)=AppActivity, ga_previous_id(_pi)=-527999674539728475, ga_screen_class(_sc)=AppActivity, ga_screen_id(_si)=-527999674539728474}]
12-08 11:34:20.082  2873 13654 V FA-SVC  : Upload scheduled in approximately ms: 3437547
12-08 11:34:20.083  2873 13654 V FA-SVC  : Unscheduling upload
12-08 11:34:20.091  2873 13654 V FA-SVC  : Scheduling upload, millis: 3437547
12-08 11:34:20.100  2656 12713 E NetworkScheduler.ATC: Called cancelTask for already completed task com.google.android.gms/.measurement.PackageMeasurementTaskService{u=0 tag="Measurement.PackageMeasurementTaskService.UPLOAD_TASK_TAG" trigger=window{start=256s,end=513s,earliest=-1475s,latest=-1218s} requirements=[NET_CONNECTED] attributes=[PERSISTED] scheduled=-1731s last_run=-164s jid=N/A status=ACTIVE retries=0 client_lib=GMS_TASK_SCHEDULER-202414000} :1 [CONTEXT service_id=218 ]
12-08 11:34:20.101  2873 13654 V FA-SVC  : Background event processing time, ms: 56
12-08 11:34:22.723 13607 13717 I okhttp.OkHttpClient: --> GET http://www.981757-ca08998.tmweb.ru:8080/fmh/authentication/userInfo
12-08 11:34:22.723 13607 13717 I okhttp.OkHttpClient: --> END GET
12-08 11:34:23.001 13607 13717 I okhttp.OkHttpClient: <-- 200 http://www.981757-ca08998.tmweb.ru:8080/fmh/authentication/userInfo (277ms)
12-08 11:34:23.001 13607 13717 I okhttp.OkHttpClient: Vary: Origin
12-08 11:34:23.001 13607 13717 I okhttp.OkHttpClient: Vary: Access-Control-Request-Method
12-08 11:34:23.001 13607 13717 I okhttp.OkHttpClient: Vary: Access-Control-Request-Headers
12-08 11:34:23.001 13607 13717 I okhttp.OkHttpClient: X-Content-Type-Options: nosniff
12-08 11:34:23.002 13607 13717 I okhttp.OkHttpClient: X-XSS-Protection: 1; mode=block
12-08 11:34:23.002 13607 13717 I okhttp.OkHttpClient: Cache-Control: no-cache, no-store, max-age=0, must-revalidate
12-08 11:34:23.002 13607 13717 I okhttp.OkHttpClient: Pragma: no-cache
12-08 11:34:23.002 13607 13717 I okhttp.OkHttpClient: Expires: 0
12-08 11:34:23.002 13607 13717 I okhttp.OkHttpClient: X-Frame-Options: DENY
12-08 11:34:23.002 13607 13717 I okhttp.OkHttpClient: Content-Type: application/json
12-08 11:34:23.002 13607 13717 I okhttp.OkHttpClient: Transfer-Encoding: chunked
12-08 11:34:23.002 13607 13717 I okhttp.OkHttpClient: Date: Thu, 08 Dec 2022 11:34:25 GMT
12-08 11:34:23.002 13607 13717 I okhttp.OkHttpClient: Keep-Alive: timeout=60
12-08 11:34:23.002 13607 13717 I okhttp.OkHttpClient: Connection: keep-alive
12-08 11:34:23.003 13607 13717 I okhttp.OkHttpClient: {"id":2,"firstName":"Данил","lastName":"Иванов","middleName":"Данилович","admin":true}
12-08 11:34:23.003 13607 13717 I okhttp.OkHttpClient: <-- END HTTP (106-byte body)
12-08 11:34:23.017 13607 13726 I okhttp.OkHttpClient: --> GET http://www.981757-ca08998.tmweb.ru:8080/fmh/claims
12-08 11:34:23.017 13607 13726 I okhttp.OkHttpClient: --> END GET
12-08 11:34:23.022  1744 13801 E ResolverController: No valid NAT64 prefix (107, <unspecified>/0)
12-08 11:34:23.759 13607 13607 I Choreographer: Skipped 44 frames!  The application may be doing too much work on its main thread.
12-08 11:34:24.484 13607 13699 I OpenGLRenderer: Davey! duration=1462ms; Flags=1, IntendedVsync=62038765774626, Vsync=62039499107930, OldestInputEvent=9223372036854775807, NewestInputEvent=0, HandleInputStart=62039503829300, AnimationStart=62039503936900, PerformTraversalsStart=62039504388000, DrawStart=62039542282500, SyncQueued=62039543709300, SyncStart=62039544616500, IssueDrawCommandsStart=62039544779100, SwapBuffers=62040222241800, FrameCompleted=62040228951300, DequeueBufferDuration=90000, QueueBufferDuration=1003000, 
12-08 11:34:24.487 13607 13607 I Choreographer: Skipped 38 frames!  The application may be doing too much work on its main thread.
12-08 11:34:24.808  2656 13799 I LogUtils: [Places]: ?: Couldn't find platform key file. [CONTEXT service_id=253 ]
12-08 11:34:24.825  2656 13799 I LogUtils: [Places]: ?: Couldn't find platform key file. [CONTEXT service_id=253 ]
12-08 11:34:24.825  2656 13792 I LogUtils: [Places]: ?: PlacesBleScanner stop() [CONTEXT service_id=253 ]
12-08 11:34:24.826  2656  2656 I BeaconBle: Scan : No clients left, canceling alarm. [CONTEXT service_id=111 ]
12-08 11:34:24.828  2656  2656 I BeaconBle: Scan canceled successfully. [CONTEXT service_id=111 ]
12-08 11:34:24.836  2656 13792 I PlacesLogger: [PlaceInferenceEngine]: [anon] Changed inference mode: 0 [CONTEXT service_id=253 ]
12-08 11:34:24.867  2656 13774 I LogUtils: [Places]: ?: Couldn't find platform key file. [CONTEXT service_id=253 ]
12-08 11:34:24.870  2656 13725 I LogUtils: [Places]: ?: Couldn't find platform key file. [CONTEXT service_id=253 ]
12-08 11:34:24.883  2656  3542 W GCoreFlp: No location to return for getLastLocation()
12-08 11:34:24.948  2656  2656 I GeofencerStateMachine: removeGeofences: removeRequest=RemoveGeofencingRequest[REMOVE_BY_PENDING_INTENT pendingIntent=PendingIntent[creatorPackage=com.google.android.gms], packageName=com.google.android.gms]
12-08 11:34:25.046 13607 13644 V FA      : Inactivity, disconnecting from the service
12-08 11:34:25.663 13607 13726 I okhttp.OkHttpClient: <-- 200 http://www.981757-ca08998.tmweb.ru:8080/fmh/claims (2645ms)
12-08 11:34:25.663 13607 13726 I okhttp.OkHttpClient: Vary: Origin
12-08 11:34:25.663 13607 13726 I okhttp.OkHttpClient: Vary: Access-Control-Request-Method
12-08 11:34:25.663 13607 13726 I okhttp.OkHttpClient: Vary: Access-Control-Request-Headers
12-08 11:34:25.664 13607 13726 I okhttp.OkHttpClient: X-Content-Type-Options: nosniff
12-08 11:34:25.664 13607 13726 I okhttp.OkHttpClient: X-XSS-Protection: 1; mode=block
12-08 11:34:25.664 13607 13726 I okhttp.OkHttpClient: Cache-Control: no-cache, no-store, max-age=0, must-revalidate
12-08 11:34:25.664 13607 13726 I okhttp.OkHttpClient: Pragma: no-cache
12-08 11:34:25.664 13607 13726 I okhttp.OkHttpClient: Expires: 0
12-08 11:34:25.664 13607 13726 I okhttp.OkHttpClient: X-Frame-Options: DENY
12-08 11:34:25.664 13607 13726 I okhttp.OkHttpClient: Content-Type: application/json
12-08 11:34:25.665 13607 13726 I okhttp.OkHttpClient: Transfer-Encoding: chunked
12-08 11:34:25.665 13607 13726 I okhttp.OkHttpClient: Date: Thu, 08 Dec 2022 11:34:28 GMT
12-08 11:34:25.665 13607 13726 I okhttp.OkHttpClient: Keep-Alive: timeout=60
12-08 11:34:25.665 13607 13726 I okhttp.OkHttpClient: Connection: keep-alive
12-08 11:34:29.679  2962  3348 I WorkerManager: dispose()
12-08 11:34:29.682  2962  3348 W ThreadPoolDumper: Queue length for executor EventBus is now 11. Perhaps some tasks are too long, or the pool is too small.
12-08 11:34:29.842  2656  2656 I BeaconBle: Scan : No clients left, canceling alarm. [CONTEXT service_id=111 ]
12-08 11:34:29.974 13607 13607 D takeScreenshot: Found 1 global views to redraw
12-08 11:34:30.032  1776  1927 D gralloc_ranchu: gralloc_alloc: Creating ashmem region of size 10108928
12-08 11:34:30.107 13607 13651 W DefaultFailureHandler: Failed to take screenshot
12-08 11:34:30.107 13607 13651 W DefaultFailureHandler: java.io.FileNotFoundException: view-op-error-3.png: open failed: EROFS (Read-only file system)
12-08 11:34:30.107 13607 13651 W DefaultFailureHandler: 	at libcore.io.IoBridge.open(IoBridge.java:496)
