12-08 11:34:30.107 13607 13651 W DefaultFailureHandler: 	at java.io.FileOutputStream.<init>(FileOutputStream.java:235)
12-08 11:34:30.107 13607 13651 W DefaultFailureHandler: 	at java.io.FileOutputStream.<init>(FileOutputStream.java:125)
12-08 11:34:30.107 13607 13651 W DefaultFailureHandler: 	at androidx.test.platform.io.FileTestStorage.openOutputFile(FileTestStorage.java:60)
12-08 11:34:30.107 13607 13651 W DefaultFailureHandler: 	at androidx.test.core.graphics.BitmapStorage.writeToTestStorage(BitmapStorageExt.kt:49)
12-08 11:34:30.107 13607 13651 W DefaultFailureHandler: 	at androidx.test.espresso.base.DefaultFailureHandler.takeScreenshot(DefaultFailureHandler.java:4)
12-08 11:34:30.107 13607 13651 W DefaultFailureHandler: 	at androidx.test.espresso.base.DefaultFailureHandler.handle(DefaultFailureHandler.java:3)
12-08 11:34:30.107 13607 13651 W DefaultFailureHandler: 	at androidx.test.espresso.ViewInteraction.waitForAndHandleInteractionResults(ViewInteraction.java:8)
12-08 11:34:30.107 13607 13651 W DefaultFailureHandler: 	at androidx.test.espresso.ViewInteraction.desugaredPerform(ViewInteraction.java:11)
12-08 11:34:30.107 13607 13651 W DefaultFailureHandler: 	at androidx.test.espresso.ViewInteraction.perform(ViewInteraction.java:8)
12-08 11:34:30.107 13607 13651 W DefaultFailureHandler: 	at ru.iteco.fmhandroid.ui.data.TestUtils.waitView(TestUtils.java:61)
12-08 11:34:30.107 13607 13651 W DefaultFailureHandler: 	at ru.iteco.fmhandroid.ui.steps.AuthSteps.isAuthScreen(AuthSteps.java:56)
12-08 11:34:30.107 13607 13651 W DefaultFailureHandler: 	at ru.iteco.fmhandroid.ui.ClaimsCreationFormTest.logoutCheck(ClaimsCreationFormTest.java:59)
12-08 11:34:30.107 13607 13651 W DefaultFailureHandler: 	at java.lang.reflect.Method.invoke(Native Method)
12-08 11:34:30.107 13607 13651 W DefaultFailureHandler: 	at org.junit.runners.model.FrameworkMethod$1.runReflectiveCall(FrameworkMethod.java:59)
12-08 11:34:30.107 13607 13651 W DefaultFailureHandler: 	at org.junit.internal.runners.model.ReflectiveCallable.run(ReflectiveCallable.java:12)
12-08 11:34:30.107 13607 13651 W DefaultFailureHandler: 	at org.junit.runners.model.FrameworkMethod.invokeExplosively(FrameworkMethod.java:56)
12-08 11:34:30.107 13607 13651 W DefaultFailureHandler: 	at androidx.test.internal.runner.junit4.statement.RunBefores.evaluate(RunBefores.java:76)
12-08 11:34:30.107 13607 13651 W DefaultFailureHandler: 	at androidx.test.internal.runner.junit4.statement.RunAfters.evaluate(RunAfters.java:61)
12-08 11:34:30.107 13607 13651 W DefaultFailureHandler: 	at io.qameta.allure.android.rules.ScreenshotRule$apply$1.evaluate(ScreenshotRule.kt:22)
12-08 11:34:30.107 13607 13651 W DefaultFailureHandler: 	at org.junit.rules.ExternalResource$1.evaluate(ExternalResource.java:54)
12-08 11:34:30.107 13607 13651 W DefaultFailureHandler: 	at io.qameta.allure.android.rules.LogcatRule$apply$1.evaluate(LogcatRule.kt:23)
12-08 11:34:30.107 13607 13651 W DefaultFailureHandler: 	at org.junit.rules.RunRules.evaluate(RunRules.java:20)
12-08 11:34:30.107 13607 13651 W DefaultFailureHandler: 	at org.junit.runners.ParentRunner$3.evaluate(ParentRunner.java:306)
12-08 11:34:30.107 13607 13651 W DefaultFailureHandler: 	at org.junit.runners.BlockJUnit4ClassRunner$1.evaluate(BlockJUnit4ClassRunner.java:100)
12-08 11:34:30.107 13607 13651 W DefaultFailureHandler: 	at org.junit.runners.ParentRunner.runLeaf(ParentRunner.java:366)
12-08 11:34:30.107 13607 13651 W DefaultFailureHandler: 	at org.junit.runners.BlockJUnit4ClassRunner.runChild(BlockJUnit4ClassRunner.java:103)
12-08 11:34:30.107 13607 13651 W DefaultFailureHandler: 	at org.junit.runners.BlockJUnit4ClassRunner.runChild(BlockJUnit4ClassRunner.java:63)
12-08 11:34:30.107 13607 13651 W DefaultFailureHandler: 	at org.junit.runners.ParentRunner$4.run(ParentRunner.java:331)
12-08 11:34:30.107 13607 13651 W DefaultFailureHandler: 	at org.junit.runners.ParentRunner$1.schedule(ParentRunner.java:79)
12-08 11:34:30.107 13607 13651 W DefaultFailureHandler: 	at org.junit.runners.ParentRunner.runChildren(ParentRunner.java:329)
12-08 11:34:30.107 13607 13651 W DefaultFailureHandler: 	at org.junit.runners.ParentRunner.access$100(ParentRunner.java:66)
12-08 11:34:30.107 13607 13651 W DefaultFailureHandler: 	at org.junit.runners.ParentRunner$2.evaluate(ParentRunner.java:293)
12-08 11:34:30.107 13607 13651 W DefaultFailureHandler: 	at org.junit.runners.ParentRunner$3.evaluate(ParentRunner.java:306)
12-08 11:34:30.107 13607 13651 W DefaultFailureHandler: 	at org.junit.runners.ParentRunner.run(ParentRunner.java:413)
12-08 11:34:30.107 13607 13651 W DefaultFailureHandler: 	at androidx.test.ext.junit.runners.AndroidJUnit4.run(AndroidJUnit4.java:162)
12-08 11:34:30.107 13607 13651 W DefaultFailureHandler: 	at io.qameta.allure.android.runners.AllureAndroidJUnit4.run(AllureAndroidJUnitRunners.kt:29)
12-08 11:34:30.107 13607 13651 W DefaultFailureHandler: 	at org.junit.runners.Suite.runChild(Suite.java:128)
12-08 11:34:30.107 13607 13651 W DefaultFailureHandler: 	at org.junit.runners.Suite.runChild(Suite.java:27)
12-08 11:34:30.107 13607 13651 W DefaultFailureHandler: 	at org.junit.runners.ParentRunner$4.run(ParentRunner.java:331)
12-08 11:34:30.107 13607 13651 W DefaultFailureHandler: 	at org.junit.runners.ParentRunner$1.schedule(ParentRunner.java:79)
12-08 11:34:30.107 13607 13651 W DefaultFailureHandler: 	at org.junit.runners.ParentRunner.runChildren(ParentRunner.java:329)
12-08 11:34:30.107 13607 13651 W DefaultFailureHandler: 	at org.junit.runners.ParentRunner.access$100(ParentRunner.java:66)
12-08 11:34:30.107 13607 13651 W DefaultFailureHandler: 	at org.junit.runners.ParentRunner$2.evaluate(ParentRunner.java:293)
12-08 11:34:30.107 13607 13651 W DefaultFailureHandler: 	at org.junit.runners.ParentRunner$3.evaluate(ParentRunner.java:306)
12-08 11:34:30.107 13607 13651 W DefaultFailureHandler: 	at org.junit.runners.ParentRunner.run(ParentRunner.java:413)
12-08 11:34:30.107 13607 13651 W DefaultFailureHandler: 	at org.junit.runner.JUnitCore.run(JUnitCore.java:137)
12-08 11:34:30.107 13607 13651 W DefaultFailureHandler: 	at org.junit.runner.JUnitCore.run(JUnitCore.java:115)
12-08 11:34:30.107 13607 13651 W DefaultFailureHandler: 	at androidx.test.internal.runner.TestExecutor.execute(TestExecutor.java:67)
12-08 11:34:30.107 13607 13651 W DefaultFailureHandler: 	at androidx.test.internal.runner.TestExecutor.execute(TestExecutor.java:58)
12-08 11:34:30.107 13607 13651 W DefaultFailureHandler: 	at androidx.test.runner.AndroidJUnitRunner.onStart(AndroidJUnitRunner.java:438)
12-08 11:34:30.107 13607 13651 W DefaultFailureHandler: 	at android.app.Instrumentation$InstrumentationThread.run(Instrumentation.java:2189)
12-08 11:34:30.108 13607 13651 W DefaultFailureHandler: Caused by: android.system.ErrnoException: open failed: EROFS (Read-only file system)
12-08 11:34:30.108 13607 13651 W DefaultFailureHandler: 	at libcore.io.Linux.open(Native Method)
12-08 11:34:30.108 13607 13651 W DefaultFailureHandler: 	at libcore.io.ForwardingOs.open(ForwardingOs.java:167)
12-08 11:34:30.108 13607 13651 W DefaultFailureHandler: 	at libcore.io.BlockGuardOs.open(BlockGuardOs.java:252)
12-08 11:34:30.108 13607 13651 W DefaultFailureHandler: 	at libcore.io.ForwardingOs.open(ForwardingOs.java:167)
12-08 11:34:30.108 13607 13651 W DefaultFailureHandler: 	at android.app.ActivityThread$AndroidOs.open(ActivityThread.java:7255)
12-08 11:34:30.108 13607 13651 W DefaultFailureHandler: 	at libcore.io.IoBridge.open(IoBridge.java:482)
12-08 11:34:30.108 13607 13651 W DefaultFailureHandler: 	... 51 more
12-08 11:34:30.117 13607 13607 I ViewInteraction: Performing 'wait for a specific view with <view.getId() is <2131230870/ru.iteco.fmhandroid:id/authorization_image_button>> during 10000 millis.' action on view view.getRootView() to equal view
12-08 11:34:30.123 13607 13607 I ViewInteraction: Checking 'MatchesViewAssertion{viewMatcher=(view has effective visibility <VISIBLE> and view.getGlobalVisibleRect() to return non-empty rectangle)}' assertion on view view.getId() is <2131230870/ru.iteco.fmhandroid:id/authorization_image_button>
12-08 11:34:30.127 13607 13607 I ViewInteraction: Performing 'single click' action on view view.getId() is <2131230870/ru.iteco.fmhandroid:id/authorization_image_button>
12-08 11:34:30.192  1764  6994 W audio_hw_generic: Not supplying enough data to HAL, expected position 180362471 , only wrote 180362443
12-08 11:34:30.280  1776  1927 D gralloc_ranchu: gralloc_alloc: Creating ashmem region of size 884736
12-08 11:34:30.288  1776  1927 D gralloc_ranchu: gralloc_alloc: Creating ashmem region of size 884736
12-08 11:34:30.294  1776  1776 D gralloc_ranchu: gralloc_alloc: Creating ashmem region of size 884736
12-08 11:34:30.301 13607 13699 D EGL_emulation: eglMakeCurrent: 0xe593e8c0: ver 2 0 (tinfo 0xf0c99e70)
12-08 11:34:30.381 13607 13699 I chatty  : uid=10146(ru.iteco.fmhandroid) RenderThread identical 3 lines
12-08 11:34:30.402 13607 13699 D EGL_emulation: eglMakeCurrent: 0xe593e8c0: ver 2 0 (tinfo 0xf0c99e70)
12-08 11:34:30.627 13607 13607 I ViewInteraction: Performing 'wait for a specific view with <an instance of android.widget.TextView and view.getText() with or without transformation to match: is "Log out"> during 10000 millis.' action on view view.getRootView() to equal view
12-08 11:34:30.630 13607 13607 I ViewInteraction: Checking 'MatchesViewAssertion{viewMatcher=(view has effective visibility <VISIBLE> and view.getGlobalVisibleRect() to return non-empty rectangle)}' assertion on view an instance of android.widget.TextView and view.getText() with or without transformation to match: is "Log out"
12-08 11:34:30.635 13607 13607 I ViewInteraction: Performing 'single click' action on view an instance of android.widget.TextView and view.getText() with or without transformation to match: is "Log out"
12-08 11:34:30.850 13607 13699 D EGL_emulation: eglMakeCurrent: 0xe593e8c0: ver 2 0 (tinfo 0xf0c99e70)
12-08 11:34:30.899 13607 13699 D EGL_emulation: eglMakeCurrent: 0xe593e8c0: ver 2 0 (tinfo 0xf0c99e70)
12-08 11:34:30.993 13607 13607 I ViewInteraction: Performing 'wait for a specific view with <(an instance of android.widget.TextView and view.getText() with or without transformation to match: is "Authorization" and view.getParent() view.getParent() view.getId() is <2131231186>)> during 10000 millis.' action on view view.getRootView() to equal view
12-08 11:34:30.999 13607 13607 I ViewInteraction: Checking 'MatchesViewAssertion{viewMatcher=(view has effective visibility <VISIBLE> and view.getGlobalVisibleRect() to return non-empty rectangle)}' assertion on view (an instance of android.widget.TextView and view.getText() with or without transformation to match: is "Authorization" and view.getParent() view.getParent() view.getId() is <2131231186/ru.iteco.fmhandroid:id/nav_host_fragment>)
12-08 11:34:31.003 13607 13607 I ViewInteraction: Performing 'wait for a specific view with <(an instance of android.widget.TextView and view.getHint() matching: is "Login" and view.getParent() view.getParent() view.getId() is <2131231121/ru.iteco.fmhandroid:id/login_text_input_layout>)> during 10000 millis.' action on view view.getRootView() to equal view
12-08 11:34:31.010 13607 13607 I ViewInteraction: Checking 'MatchesViewAssertion{viewMatcher=(view has effective visibility <VISIBLE> and view.getGlobalVisibleRect() to return non-empty rectangle)}' assertion on view (an instance of android.widget.TextView and view.getHint() matching: is "Login" and view.getParent() view.getParent() view.getId() is <2131231121/ru.iteco.fmhandroid:id/login_text_input_layout>)
12-08 11:34:31.014 13607 13607 I ViewInteraction: Performing 'wait for a specific view with <(an instance of android.widget.TextView and view.getHint() matching: is "Password" and view.getParent() view.getParent() view.getId() is <2131231264/ru.iteco.fmhandroid:id/password_text_input_layout>)> during 10000 millis.' action on view view.getRootView() to equal view
12-08 11:34:31.020 13607 13607 I ViewInteraction: Checking 'MatchesViewAssertion{viewMatcher=(view has effective visibility <VISIBLE> and view.getGlobalVisibleRect() to return non-empty rectangle)}' assertion on view (an instance of android.widget.TextView and view.getHint() matching: is "Password" and view.getParent() view.getParent() view.getId() is <2131231264/ru.iteco.fmhandroid:id/password_text_input_layout>)
12-08 11:34:31.024 13607 13607 I ViewInteraction: Performing 'wait for a specific view with <(view.getId() is <2131231039/ru.iteco.fmhandroid:id/enter_button> and an instance of android.widget.TextView and view.getText() with or without transformation to match: is "SIGN IN" and view.getContentDescription() is "Save" and view.getParent() view.getParent() an instance of android.widget.RelativeLayout)> during 10000 millis.' action on view view.getRootView() to equal view
12-08 11:34:31.031 13607 13607 I ViewInteraction: Checking 'MatchesViewAssertion{viewMatcher=(view has effective visibility <VISIBLE> and view.getGlobalVisibleRect() to return non-empty rectangle)}' assertion on view (view.getId() is <2131231039/ru.iteco.fmhandroid:id/enter_button> and an instance of android.widget.TextView and view.getText() with or without transformation to match: is "SIGN IN" and view.getContentDescription() is "Save" and view.getParent() view.getParent() an instance of android.widget.RelativeLayout)
12-08 11:34:31.040 13607 13607 I ViewInteraction: Performing 'wait for a specific view with <(an instance of android.widget.TextView and view.getText() with or without transformation to match: is "Authorization" and view.getParent() view.getParent() view.getId() is <2131231186>)> during 10000 millis.' action on view view.getRootView() to equal view
12-08 11:34:31.045 13607 13607 I ViewInteraction: Checking 'MatchesViewAssertion{viewMatcher=(view has effective visibility <VISIBLE> and view.getGlobalVisibleRect() to return non-empty rectangle)}' assertion on view (an instance of android.widget.TextView and view.getText() with or without transformation to match: is "Authorization" and view.getParent() view.getParent() view.getId() is <2131231186/ru.iteco.fmhandroid:id/nav_host_fragment>)
12-08 11:34:31.051 13607 13607 I ViewInteraction: Performing 'wait for a specific view with <(an instance of android.widget.TextView and view.getHint() matching: is "Login" and view.getParent() view.getParent() view.getId() is <2131231121/ru.iteco.fmhandroid:id/login_text_input_layout>)> during 10000 millis.' action on view view.getRootView() to equal view
12-08 11:34:31.058 13607 13607 I ViewInteraction: Checking 'MatchesViewAssertion{viewMatcher=(view has effective visibility <VISIBLE> and view.getGlobalVisibleRect() to return non-empty rectangle)}' assertion on view (an instance of android.widget.TextView and view.getHint() matching: is "Login" and view.getParent() view.getParent() view.getId() is <2131231121/ru.iteco.fmhandroid:id/login_text_input_layout>)
12-08 11:34:31.061 13607 13607 I ViewInteraction: Performing 'wait for a specific view with <(an instance of android.widget.TextView and view.getHint() matching: is "Password" and view.getParent() view.getParent() view.getId() is <2131231264/ru.iteco.fmhandroid:id/password_text_input_layout>)> during 10000 millis.' action on view view.getRootView() to equal view
12-08 11:34:31.065 13607 13607 I ViewInteraction: Checking 'MatchesViewAssertion{viewMatcher=(view has effective visibility <VISIBLE> and view.getGlobalVisibleRect() to return non-empty rectangle)}' assertion on view (an instance of android.widget.TextView and view.getHint() matching: is "Password" and view.getParent() view.getParent() view.getId() is <2131231264/ru.iteco.fmhandroid:id/password_text_input_layout>)
12-08 11:34:31.069 13607 13607 I ViewInteraction: Performing 'wait for a specific view with <(view.getId() is <2131231039/ru.iteco.fmhandroid:id/enter_button> and an instance of android.widget.TextView and view.getText() with or without transformation to match: is "SIGN IN" and view.getContentDescription() is "Save" and view.getParent() view.getParent() an instance of android.widget.RelativeLayout)> during 10000 millis.' action on view view.getRootView() to equal view
12-08 11:34:31.074 13607 13607 I ViewInteraction: Checking 'MatchesViewAssertion{viewMatcher=(view has effective visibility <VISIBLE> and view.getGlobalVisibleRect() to return non-empty rectangle)}' assertion on view (view.getId() is <2131231039/ru.iteco.fmhandroid:id/enter_button> and an instance of android.widget.TextView and view.getText() with or without transformation to match: is "SIGN IN" and view.getContentDescription() is "Save" and view.getParent() view.getParent() an instance of android.widget.RelativeLayout)
12-08 11:34:31.079 13607 13607 I ViewInteraction: Performing 'wait for a specific view with <(an instance of android.widget.TextView and view.getHint() matching: is "Login" and view.getParent() view.getParent() view.getId() is <2131231121/ru.iteco.fmhandroid:id/login_text_input_layout>)> during 10000 millis.' action on view view.getRootView() to equal view
12-08 11:34:31.084 13607 13607 I ViewInteraction: Performing 'replace text(login2)' action on view (an instance of android.widget.TextView and view.getHint() matching: is "Login" and view.getParent() view.getParent() view.getId() is <2131231121/ru.iteco.fmhandroid:id/login_text_input_layout>)
12-08 11:34:31.127 13607 13607 I ViewInteraction: Performing 'wait for a specific view with <(an instance of android.widget.TextView and view.getHint() matching: is "Password" and view.getParent() view.getParent() view.getId() is <2131231264/ru.iteco.fmhandroid:id/password_text_input_layout>)> during 10000 millis.' action on view view.getRootView() to equal view
12-08 11:34:31.133 13607 13607 I ViewInteraction: Performing 'replace text(password2)' action on view (an instance of android.widget.TextView and view.getHint() matching: is "Password" and view.getParent() view.getParent() view.getId() is <2131231264/ru.iteco.fmhandroid:id/password_text_input_layout>)
12-08 11:34:31.156 13607 13607 I ViewInteraction: Performing 'wait for a specific view with <(view.getId() is <2131231039/ru.iteco.fmhandroid:id/enter_button> and an instance of android.widget.TextView and view.getText() with or without transformation to match: is "SIGN IN" and view.getContentDescription() is "Save" and view.getParent() view.getParent() an instance of android.widget.RelativeLayout)> during 10000 millis.' action on view view.getRootView() to equal view
12-08 11:34:31.164 13607 13607 I ViewInteraction: Checking 'MatchesViewAssertion{viewMatcher=view.isClickable() is <true>}' assertion on view (view.getId() is <2131231039/ru.iteco.fmhandroid:id/enter_button> and an instance of android.widget.TextView and view.getText() with or without transformation to match: is "SIGN IN" and view.getContentDescription() is "Save" and view.getParent() view.getParent() an instance of android.widget.RelativeLayout)
12-08 11:34:31.168 13607 13607 I ViewInteraction: Performing 'wait for a specific view with <(view.getId() is <2131231039/ru.iteco.fmhandroid:id/enter_button> and an instance of android.widget.TextView and view.getText() with or without transformation to match: is "SIGN IN" and view.getContentDescription() is "Save" and view.getParent() view.getParent() an instance of android.widget.RelativeLayout)> during 10000 millis.' action on view view.getRootView() to equal view
12-08 11:34:31.178 13607 13607 I ViewInteraction: Checking 'MatchesViewAssertion{viewMatcher=view.isClickable() is <true>}' assertion on view (view.getId() is <2131231039/ru.iteco.fmhandroid:id/enter_button> and an instance of android.widget.TextView and view.getText() with or without transformation to match: is "SIGN IN" and view.getContentDescription() is "Save" and view.getParent() view.getParent() an instance of android.widget.RelativeLayout)
12-08 11:34:31.182 13607 13607 I ViewInteraction: Performing 'wait for a specific view with <(view.getId() is <2131231039/ru.iteco.fmhandroid:id/enter_button> and an instance of android.widget.TextView and view.getText() with or without transformation to match: is "SIGN IN" and view.getContentDescription() is "Save" and view.getParent() view.getParent() an instance of android.widget.RelativeLayout)> during 10000 millis.' action on view view.getRootView() to equal view
12-08 11:34:31.203 13607 13607 I ViewInteraction: Performing 'single click' action on view (view.getId() is <2131231039/ru.iteco.fmhandroid:id/enter_button> and an instance of android.widget.TextView and view.getText() with or without transformation to match: is "SIGN IN" and view.getContentDescription() is "Save" and view.getParent() view.getParent() an instance of android.widget.RelativeLayout)
12-08 11:34:31.253 13607 13742 I okhttp.OkHttpClient: --> POST http://www.981757-ca08998.tmweb.ru:8080/fmh/authentication/login
12-08 11:34:31.253 13607 13742 I okhttp.OkHttpClient: Content-Type: application/json; charset=UTF-8
12-08 11:34:31.253 13607 13742 I okhttp.OkHttpClient: Content-Length: 41
12-08 11:34:31.253 13607 13742 I okhttp.OkHttpClient: {"login":"login2","password":"password2"}
12-08 11:34:31.253 13607 13742 I okhttp.OkHttpClient: --> END POST (41-byte body)
12-08 11:34:31.260  1788  1978 D AF::Track: interceptBuffer: took 207us to intercept 0 tracks
12-08 11:34:31.487 13607 13607 I ViewInteraction: Performing 'wait for a specific view with <an instance of android.widget.TextView and view.getText() with or without transformation to match: is "News"> during 10000 millis.' action on view view.getRootView() to equal view
12-08 11:34:31.604 13607 13742 I okhttp.OkHttpClient: <-- 200 http://www.981757-ca08998.tmweb.ru:8080/fmh/authentication/login (350ms)
12-08 11:34:31.604 13607 13742 I okhttp.OkHttpClient: Vary: Origin
12-08 11:34:31.604 13607 13742 I okhttp.OkHttpClient: Vary: Access-Control-Request-Method
12-08 11:34:31.604 13607 13742 I okhttp.OkHttpClient: Vary: Access-Control-Request-Headers
12-08 11:34:31.605 13607 13742 I okhttp.OkHttpClient: X-Content-Type-Options: nosniff
12-08 11:34:31.605 13607 13742 I okhttp.OkHttpClient: X-XSS-Protection: 1; mode=block
12-08 11:34:31.605 13607 13742 I okhttp.OkHttpClient: Cache-Control: no-cache, no-store, max-age=0, must-revalidate
12-08 11:34:31.605 13607 13742 I okhttp.OkHttpClient: Pragma: no-cache
12-08 11:34:31.605 13607 13742 I okhttp.OkHttpClient: Expires: 0
12-08 11:34:31.605 13607 13742 I okhttp.OkHttpClient: X-Frame-Options: DENY
12-08 11:34:31.605 13607 13742 I okhttp.OkHttpClient: Content-Type: application/json
12-08 11:34:31.605 13607 13742 I okhttp.OkHttpClient: Transfer-Encoding: chunked
12-08 11:34:31.605 13607 13742 I okhttp.OkHttpClient: Date: Thu, 08 Dec 2022 11:34:34 GMT
12-08 11:34:31.605 13607 13742 I okhttp.OkHttpClient: Keep-Alive: timeout=60
12-08 11:34:31.605 13607 13742 I okhttp.OkHttpClient: Connection: keep-alive
12-08 11:34:32.319 13607 13742 I okhttp.OkHttpClient: {"accessToken":"eyJhbGciOiJIUzUxMiJ9.eyJzdWIiOiJsb2dpbjIiLCJqdGkiOiIyIiwiZXhwIjoxNjcwNTg1Njc0fQ.-YflrtbbAfXGHNZr5_tcyADdjjdsRurhTa_jxXOBzrmBi54MBlM5tvW-mlrclPyg9um2lwuQ3Qfxp7crG-To1Q","refreshToken":"eyJhbGciOiJIUzUxMiJ9.eyJzdWIiOiJsb2dpbjIiLCJqdGkiOiIyIiwiZXhwIjoxNjczMDkxMjc0fQ.S2FMSLygClM3kDi1KS-VngdFicwgBxhgKBGt7Ru8L41aUYfd1KCbKBOeSO4Gp2qJJaU8y6xf2vx40UdB3APo-Q"}
12-08 11:34:32.319 13607 13742 I okhttp.OkHttpClient: <-- END HTTP (368-byte body)
12-08 11:34:32.322 13607 13717 I okhttp.OkHttpClient: --> GET http://www.981757-ca08998.tmweb.ru:8080/fmh/authentication/userInfo
12-08 11:34:32.322 13607 13717 I okhttp.OkHttpClient: --> END GET
12-08 11:34:32.525 13607 13717 I okhttp.OkHttpClient: <-- 200 http://www.981757-ca08998.tmweb.ru:8080/fmh/authentication/userInfo (202ms)
12-08 11:34:32.525 13607 13717 I okhttp.OkHttpClient: Vary: Origin
12-08 11:34:32.525 13607 13717 I okhttp.OkHttpClient: Vary: Access-Control-Request-Method
12-08 11:34:32.525 13607 13717 I okhttp.OkHttpClient: Vary: Access-Control-Request-Headers
12-08 11:34:32.525 13607 13717 I okhttp.OkHttpClient: X-Content-Type-Options: nosniff
12-08 11:34:32.525 13607 13717 I okhttp.OkHttpClient: X-XSS-Protection: 1; mode=block
12-08 11:34:32.525 13607 13717 I okhttp.OkHttpClient: Cache-Control: no-cache, no-store, max-age=0, must-revalidate
12-08 11:34:32.525 13607 13717 I okhttp.OkHttpClient: Pragma: no-cache
12-08 11:34:32.526 13607 13717 I okhttp.OkHttpClient: Expires: 0
12-08 11:34:32.526 13607 13717 I okhttp.OkHttpClient: X-Frame-Options: DENY
12-08 11:34:32.526 13607 13717 I okhttp.OkHttpClient: Content-Type: application/json
12-08 11:34:32.526 13607 13717 I okhttp.OkHttpClient: Transfer-Encoding: chunked
12-08 11:34:32.526 13607 13717 I okhttp.OkHttpClient: Date: Thu, 08 Dec 2022 11:34:34 GMT
12-08 11:34:32.526 13607 13717 I okhttp.OkHttpClient: Keep-Alive: timeout=60
12-08 11:34:32.526 13607 13717 I okhttp.OkHttpClient: Connection: keep-alive
12-08 11:34:32.526 13607 13717 I okhttp.OkHttpClient: {"id":2,"firstName":"Данил","lastName":"Иванов","middleName":"Данилович","admin":true}
12-08 11:34:32.526 13607 13717 I okhttp.OkHttpClient: <-- END HTTP (106-byte body)
12-08 11:34:32.537 13607 13745 I okhttp.OkHttpClient: --> GET http://www.981757-ca08998.tmweb.ru:8080/fmh/claims
12-08 11:34:32.537 13607 13745 I okhttp.OkHttpClient: --> END GET
12-08 11:34:32.545  1744 13805 E ResolverController: No valid NAT64 prefix (107, <unspecified>/0)
12-08 11:34:32.660 13607 13607 I ViewInteraction: Checking 'MatchesViewAssertion{viewMatcher=(view has effective visibility <VISIBLE> and view.getGlobalVisibleRect() to return non-empty rectangle)}' assertion on view an instance of android.widget.TextView and view.getText() with or without transformation to match: is "News"
12-08 11:34:32.667 13607 13607 I ViewInteraction: Performing 'wait for a specific view with <view.getId() is <2131230951>> during 10000 millis.' action on view view.getRootView() to equal view
12-08 11:34:32.676 13607 13607 I ViewInteraction: Checking 'MatchesViewAssertion{viewMatcher=(view has effective visibility <VISIBLE> and view.getGlobalVisibleRect() to return non-empty rectangle)}' assertion on view view.getId() is <2131230951/ru.iteco.fmhandroid:id/container_list_news_include_on_fragment_main>
12-08 11:34:32.926 13607 13607 I ViewInteraction: Performing 'wait for a specific view with <view.getId() is <2131230949>> during 10000 millis.' action on view view.getRootView() to equal view
12-08 11:34:32.942 13607 13607 I ViewInteraction: Checking 'MatchesViewAssertion{viewMatcher=(view has effective visibility <VISIBLE> and view.getGlobalVisibleRect() to return non-empty rectangle)}' assertion on view view.getId() is <2131230949/ru.iteco.fmhandroid:id/container_list_claim_include_on_fragment_main>
12-08 11:34:32.948 13607 13607 I ViewInteraction: Performing 'wait for a specific view with <an instance of android.widget.TextView and view.getText() with or without transformation to match: is "Claims"> during 10000 millis.' action on view view.getRootView() to equal view
12-08 11:34:32.954 13607 13607 I ViewInteraction: Checking 'MatchesViewAssertion{viewMatcher=(view has effective visibility <VISIBLE> and view.getGlobalVisibleRect() to return non-empty rectangle)}' assertion on view an instance of android.widget.TextView and view.getText() with or without transformation to match: is "Claims"
12-08 11:34:32.960 13607 13607 I ViewInteraction: Performing 'wait for a specific view with <view.getId() is <2131231123/ru.iteco.fmhandroid:id/main_menu_image_button>> during 10000 millis.' action on view view.getRootView() to equal view
12-08 11:34:32.966 13607 13607 I ViewInteraction: Performing 'single click' action on view view.getId() is <2131231123/ru.iteco.fmhandroid:id/main_menu_image_button>
12-08 11:34:33.071  1776  1776 D gralloc_ranchu: gralloc_alloc: Creating ashmem region of size 2015232
12-08 11:34:33.079  1776  1776 I chatty  : uid=1000(system) allocator@2.0-s identical 1 line
12-08 11:34:33.081  1776  1776 D gralloc_ranchu: gralloc_alloc: Creating ashmem region of size 2015232
12-08 11:34:33.108 13607 13699 D EGL_emulation: eglMakeCurrent: 0xe593e8c0: ver 2 0 (tinfo 0xf0c99e70)
12-08 11:34:33.170 13607 13699 I chatty  : uid=10146(ru.iteco.fmhandroid) RenderThread identical 3 lines
12-08 11:34:33.194 13607 13699 D EGL_emulation: eglMakeCurrent: 0xe593e8c0: ver 2 0 (tinfo 0xf0c99e70)
12-08 11:34:33.419 13607 13607 I ViewInteraction: Performing 'wait for a specific view with <an instance of android.widget.TextView and view.getText() with or without transformation to match: is "Claims"> during 10000 millis.' action on view view.getRootView() to equal view
12-08 11:34:33.422 13607 13607 I ViewInteraction: Performing 'single click' action on view an instance of android.widget.TextView and view.getText() with or without transformation to match: is "Claims"
12-08 11:34:33.563 13607 13744 I okhttp.OkHttpClient: --> GET http://www.981757-ca08998.tmweb.ru:8080/fmh/claims
12-08 11:34:33.563 13607 13744 I okhttp.OkHttpClient: --> END GET
12-08 11:34:33.625 13607 13699 D EGL_emulation: eglMakeCurrent: 0xe593e8c0: ver 2 0 (tinfo 0xf0c99e70)
12-08 11:34:33.662 13607 13699 D EGL_emulation: eglMakeCurrent: 0xe593e8c0: ver 2 0 (tinfo 0xf0c99e70)
12-08 11:34:33.850 13607 13607 I ViewInteraction: Performing 'wait for a specific view with <view.getId() is <2131230849/ru.iteco.fmhandroid:id/add_new_claim_material_button>> during 10000 millis.' action on view view.getRootView() to equal view
12-08 11:34:33.856 13607 13607 I ViewInteraction: Performing 'single click' action on view view.getId() is <2131230849/ru.iteco.fmhandroid:id/add_new_claim_material_button>
12-08 11:34:33.930 13607 13717 I okhttp.OkHttpClient: --> GET http://www.981757-ca08998.tmweb.ru:8080/fmh/users
12-08 11:34:33.930 13607 13717 I okhttp.OkHttpClient: --> END GET
12-08 11:34:34.114 13607 13717 I okhttp.OkHttpClient: <-- 200 http://www.981757-ca08998.tmweb.ru:8080/fmh/users (183ms)
12-08 11:34:34.114 13607 13717 I okhttp.OkHttpClient: Vary: Origin
12-08 11:34:34.114 13607 13717 I okhttp.OkHttpClient: Vary: Access-Control-Request-Method
12-08 11:34:34.114 13607 13717 I okhttp.OkHttpClient: Vary: Access-Control-Request-Headers
12-08 11:34:34.114 13607 13717 I okhttp.OkHttpClient: X-Content-Type-Options: nosniff
12-08 11:34:34.114 13607 13717 I okhttp.OkHttpClient: X-XSS-Protection: 1; mode=block
12-08 11:34:34.114 13607 13717 I okhttp.OkHttpClient: Cache-Control: no-cache, no-store, max-age=0, must-revalidate
12-08 11:34:34.114 13607 13717 I okhttp.OkHttpClient: Pragma: no-cache
12-08 11:34:34.114 13607 13717 I okhttp.OkHttpClient: Expires: 0
12-08 11:34:34.114 13607 13717 I okhttp.OkHttpClient: X-Frame-Options: DENY
12-08 11:34:34.114 13607 13717 I okhttp.OkHttpClient: Content-Type: application/json
12-08 11:34:34.115 13607 13717 I okhttp.OkHttpClient: Transfer-Encoding: chunked
12-08 11:34:34.115 13607 13717 I okhttp.OkHttpClient: Date: Thu, 08 Dec 2022 11:34:36 GMT
12-08 11:34:34.115 13607 13717 I okhttp.OkHttpClient: Keep-Alive: timeout=60
12-08 11:34:34.115 13607 13717 I okhttp.OkHttpClient: Connection: keep-alive
12-08 11:34:34.115 13607 13717 I okhttp.OkHttpClient: [{"id":1,"firstName":"Петр","lastName":"Смирнов","middleName":"Петрович","admin":true},{"id":2,"firstName":"Данил","lastName":"Иванов","middleName":"Данилович","admin":true},{"id":3,"firstName":"Егор","lastName":"Петров","middleName":"Егорович","admin":false},{"id":4,"firstName":"Дмитрий","lastName":"Сидоров","middleName":"Дмитриевич","admin":false},{"id":5,"firstName":"Тест","lastName":"Тестов","middleName":"Тестович","admin":true},{"id":6,"firstName":"Diplom","lastName":"Netology","middleName":"QAMID","admin":true}]
12-08 11:34:34.115 13607 13717 I okhttp.OkHttpClient: <-- END HTTP (622-byte body)
12-08 11:34:34.405 13607 13620 I teco.fmhandroi: Background concurrent copying GC freed 24994(1180KB) AllocSpace objects, 0(0B) LOS objects, 33% free, 11MB/17MB, paused 717us total 172.530ms
12-08 11:34:34.430 13607 13607 I ViewInteraction: Performing 'wait for a specific view with <(view.getId() is <2131231402> and view.getParent() view.getParent() view.getId() is <2131231406>)> during 10000 millis.' action on view view.getRootView() to equal view
12-08 11:34:34.433 13607 13607 I ViewInteraction: Performing 'replace text(Заголовок c4c9c6b9-1c4e-4d2e-958b-b36e59c729c3 49)' action on view (view.getId() is <2131231402/ru.iteco.fmhandroid:id/title_edit_text> and view.getParent() view.getParent() view.getId() is <2131231406/ru.iteco.fmhandroid:id/title_text_input_layout>)
12-08 11:34:34.483 13607 13607 I ViewInteraction: Performing 'wait for a specific view with <view.getId() is <2131230975>> during 10000 millis.' action on view view.getRootView() to equal view
12-08 11:34:34.490 13607 13607 I ViewInteraction: Performing 'single click' action on view view.getId() is <2131230975/ru.iteco.fmhandroid:id/date_in_plan_text_input_edit_text>
12-08 11:34:34.790  1776  1776 D gralloc_ranchu: gralloc_alloc: Creating ashmem region of size 6778880
12-08 11:34:34.801  1776  1776 I chatty  : uid=1000(system) allocator@2.0-s identical 1 line
12-08 11:34:34.803  1776  1776 D gralloc_ranchu: gralloc_alloc: Creating ashmem region of size 6778880
12-08 11:34:34.827 13607 13699 D EGL_emulation: eglMakeCurrent: 0xe593e8c0: ver 2 0 (tinfo 0xf0c99e70)
12-08 11:34:34.946 13607 13699 I chatty  : uid=10146(ru.iteco.fmhandroid) RenderThread identical 3 lines
12-08 11:34:34.966 13607 13699 D EGL_emulation: eglMakeCurrent: 0xe593e8c0: ver 2 0 (tinfo 0xf0c99e70)
12-08 11:34:35.220 13607 13607 I ViewInteraction: Performing 'wait for a specific view with <is assignable from class <class android.widget.DatePicker>> during 10000 millis.' action on view view.getRootView() to equal view
12-08 11:34:35.224 13607 13607 I ViewInteraction: Checking 'MatchesViewAssertion{viewMatcher=(view has effective visibility <VISIBLE> and view.getGlobalVisibleRect() to return non-empty rectangle)}' assertion on view is assignable from class <class android.widget.DatePicker>
12-08 11:34:35.229 13607 13607 I ViewInteraction: Performing 'wait for a specific view with <is assignable from class <class android.widget.DatePicker>> during 10000 millis.' action on view view.getRootView() to equal view
12-08 11:34:35.234 13607 13607 I ViewInteraction: Performing 'set date' action on view is assignable from class <class android.widget.DatePicker>
12-08 11:34:35.262 13607 13607 I ViewInteraction: Performing 'wait for a specific view with <view.getId() is <16908313/android:id/button1>> during 10000 millis.' action on view view.getRootView() to equal view
12-08 11:34:35.266 13607 13607 I ViewInteraction: Performing 'single click' action on view view.getId() is <16908313/android:id/button1>
12-08 11:34:35.347 13607 13699 D EGL_emulation: eglMakeCurrent: 0xe593e8c0: ver 2 0 (tinfo 0xf0c99e70)
12-08 11:34:35.361  2018  7051 E InputDispatcher: Window handle Window{f3c2077 u0 ru.iteco.fmhandroid/ru.iteco.fmhandroid.ui.AppActivity} has no registered input channel
12-08 11:34:35.382 13607 13699 D EGL_emulation: eglMakeCurrent: 0xe593e8c0: ver 2 0 (tinfo 0xf0c99e70)
12-08 11:34:35.642 13607 13607 I ViewInteraction: Performing 'wait for a specific view with <(an instance of android.widget.TextView and view.getHint() matching: is "Time" and view.getParent() view.getParent() view.getId() is <2131231399/ru.iteco.fmhandroid:id/time_in_plan_text_input_layout>)> during 10000 millis.' action on view view.getRootView() to equal view
12-08 11:34:35.646 13607 13607 I ViewInteraction: Performing 'single click' action on view (an instance of android.widget.TextView and view.getHint() matching: is "Time" and view.getParent() view.getParent() view.getId() is <2131231399/ru.iteco.fmhandroid:id/time_in_plan_text_input_layout>)
12-08 11:34:35.881  1776  1776 D gralloc_ranchu: gralloc_alloc: Creating ashmem region of size 5718016
12-08 11:34:35.895  1776  1776 I chatty  : uid=1000(system) allocator@2.0-s identical 1 line
12-08 11:34:35.897  1776  1776 D gralloc_ranchu: gralloc_alloc: Creating ashmem region of size 5718016
12-08 11:34:35.901 13607 13699 D EGL_emulation: eglMakeCurrent: 0xe593e8c0: ver 2 0 (tinfo 0xf0c99e70)
12-08 11:34:35.963 13607 13699 I chatty  : uid=10146(ru.iteco.fmhandroid) RenderThread identical 2 lines
12-08 11:34:35.998 13607 13699 D EGL_emulation: eglMakeCurrent: 0xe593e8c0: ver 2 0 (tinfo 0xf0c99e70)
12-08 11:34:36.211 13607 13745 I okhttp.OkHttpClient: <-- 200 http://www.981757-ca08998.tmweb.ru:8080/fmh/claims (3672ms)
12-08 11:34:36.211 13607 13745 I okhttp.OkHttpClient: Vary: Origin
12-08 11:34:36.212 13607 13745 I okhttp.OkHttpClient: Vary: Access-Control-Request-Method
12-08 11:34:36.212 13607 13745 I okhttp.OkHttpClient: Vary: Access-Control-Request-Headers
12-08 11:34:36.212 13607 13745 I okhttp.OkHttpClient: X-Content-Type-Options: nosniff
12-08 11:34:36.212 13607 13745 I okhttp.OkHttpClient: X-XSS-Protection: 1; mode=block
12-08 11:34:36.212 13607 13745 I okhttp.OkHttpClient: Cache-Control: no-cache, no-store, max-age=0, must-revalidate
12-08 11:34:36.212 13607 13745 I okhttp.OkHttpClient: Pragma: no-cache
12-08 11:34:36.212 13607 13745 I okhttp.OkHttpClient: Expires: 0
12-08 11:34:36.212 13607 13745 I okhttp.OkHttpClient: X-Frame-Options: DENY
12-08 11:34:36.212 13607 13745 I okhttp.OkHttpClient: Content-Type: application/json
12-08 11:34:36.212 13607 13745 I okhttp.OkHttpClient: Transfer-Encoding: chunked
12-08 11:34:36.212 13607 13745 I okhttp.OkHttpClient: Date: Thu, 08 Dec 2022 11:34:39 GMT
12-08 11:34:36.213 13607 13745 I okhttp.OkHttpClient: Keep-Alive: timeout=60
12-08 11:34:36.213 13607 13745 I okhttp.OkHttpClient: Connection: keep-alive
12-08 11:34:36.476 13607 13607 I ViewInteraction: Performing 'wait for a specific view with <is assignable from class <class android.widget.TimePicker>> during 10000 millis.' action on view view.getRootView() to equal view
12-08 11:34:36.479 13607 13607 I ViewInteraction: Checking 'MatchesViewAssertion{viewMatcher=(view has effective visibility <VISIBLE> and view.getGlobalVisibleRect() to return non-empty rectangle)}' assertion on view is assignable from class <class android.widget.TimePicker>
12-08 11:34:36.485 13607 13607 I ViewInteraction: Performing 'wait for a specific view with <is assignable from class <class android.widget.TimePicker>> during 10000 millis.' action on view view.getRootView() to equal view
12-08 11:34:36.489 13607 13607 I ViewInteraction: Performing 'set time' action on view is assignable from class <class android.widget.TimePicker>
12-08 11:34:36.493 13607 13607 I ViewInteraction: Performing 'wait for a specific view with <view.getId() is <16908313/android:id/button1>> during 10000 millis.' action on view view.getRootView() to equal view
12-08 11:34:36.496 13607 13607 I ViewInteraction: Performing 'single click' action on view view.getId() is <16908313/android:id/button1>
12-08 11:34:36.560 13607 13699 D EGL_emulation: eglMakeCurrent: 0xe593e8c0: ver 2 0 (tinfo 0xf0c99e70)
12-08 11:34:36.591 13607 13699 D EGL_emulation: eglMakeCurrent: 0xe593e8c0: ver 2 0 (tinfo 0xf0c99e70)
12-08 11:34:36.609  2018  2036 E InputDispatcher: Window handle Window{3d5edb2 u0 ru.iteco.fmhandroid/ru.iteco.fmhandroid.ui.AppActivity} has no registered input channel
12-08 11:34:36.618 13607 13699 D EGL_emulation: eglMakeCurrent: 0xe593e8c0: ver 2 0 (tinfo 0xf0c99e70)
12-08 11:34:36.882 13607 13607 I ViewInteraction: Performing 'wait for a specific view with <(an instance of android.widget.TextView and view.getHint() matching: is "Description" and view.getParent() view.getParent() view.getId() is <2131230988>)> during 10000 millis.' action on view view.getRootView() to equal view
12-08 11:34:36.888 13607 13607 I ViewInteraction: Performing 'replace text(Заголовок ac074ae8-e197-46ee-9a19-e7323d18fd26 49)' action on view (an instance of android.widget.TextView and view.getHint() matching: is "Description" and view.getParent() view.getParent() view.getId() is <2131230988/ru.iteco.fmhandroid:id/description_text_input_layout>)
12-08 11:34:36.934 13607 13607 I ViewInteraction: Performing 'wait for a specific view with <(view.getId() is <2131231402> and view.getParent() view.getParent() view.getId() is <2131231406>)> during 10000 millis.' action on view view.getRootView() to equal view
12-08 11:34:36.938 13607 13607 I ViewInteraction: Checking 'MatchesViewAssertion{viewMatcher=an instance of android.widget.TextView and view.getText() with or without transformation to match: is "Заголовок c4c9c6b9-1c4e-4d2e-958b-b36e59c729c3 49"}' assertion on view (view.getId() is <2131231402/ru.iteco.fmhandroid:id/title_edit_text> and view.getParent() view.getParent() view.getId() is <2131231406/ru.iteco.fmhandroid:id/title_text_input_layout>)
12-08 11:34:36.943 13607 13607 I ViewInteraction: Performing 'wait for a specific view with <view.getId() is <2131231291/ru.iteco.fmhandroid:id/save_button>> during 10000 millis.' action on view view.getRootView() to equal view
12-08 11:34:36.948 13607 13607 I ViewInteraction: Performing 'single click' action on view view.getId() is <2131231291/ru.iteco.fmhandroid:id/save_button>
12-08 11:34:37.039 13607 13808 I okhttp.OkHttpClient: --> POST http://www.981757-ca08998.tmweb.ru:8080/fmh/claims
12-08 11:34:37.039 13607 13808 I okhttp.OkHttpClient: Content-Type: application/json; charset=UTF-8
12-08 11:34:37.039 13607 13808 I okhttp.OkHttpClient: Content-Length: 287
12-08 11:34:37.039 13607 13808 I okhttp.OkHttpClient: {"createDate":1670499277,"creatorId":2,"creatorName":"Иванов Данил Данилович","description":"Заголовок ac074ae8-e197-46ee-9a19-e7323d18fd26 49","planExecuteDate":1670499240,"status":"OPEN","title":"Заголовок c4c9c6b9-1c4e-4d2e-958b-b36e59c729c3 49"}
12-08 11:34:37.040 13607 13808 I okhttp.OkHttpClient: --> END POST (287-byte body)
12-08 11:34:37.047  1744 13809 E ResolverController: No valid NAT64 prefix (107, <unspecified>/0)
12-08 11:34:37.177 13607 13744 I okhttp.OkHttpClient: <-- 200 http://www.981757-ca08998.tmweb.ru:8080/fmh/claims (3613ms)
12-08 11:34:37.177 13607 13744 I okhttp.OkHttpClient: Vary: Origin
12-08 11:34:37.177 13607 13744 I okhttp.OkHttpClient: Vary: Access-Control-Request-Method
12-08 11:34:37.177 13607 13744 I okhttp.OkHttpClient: Vary: Access-Control-Request-Headers
12-08 11:34:37.178 13607 13744 I okhttp.OkHttpClient: X-Content-Type-Options: nosniff
12-08 11:34:37.178 13607 13744 I okhttp.OkHttpClient: X-XSS-Protection: 1; mode=block
12-08 11:34:37.179 13607 13744 I okhttp.OkHttpClient: Cache-Control: no-cache, no-store, max-age=0, must-revalidate
12-08 11:34:37.179 13607 13744 I okhttp.OkHttpClient: Pragma: no-cache
12-08 11:34:37.179 13607 13744 I okhttp.OkHttpClient: Expires: 0
12-08 11:34:37.180 13607 13744 I okhttp.OkHttpClient: X-Frame-Options: DENY
12-08 11:34:37.180 13607 13744 I okhttp.OkHttpClient: Content-Type: application/json
12-08 11:34:37.180 13607 13744 I okhttp.OkHttpClient: Transfer-Encoding: chunked
12-08 11:34:37.180 13607 13744 I okhttp.OkHttpClient: Date: Thu, 08 Dec 2022 11:34:39 GMT
12-08 11:34:37.180 13607 13744 I okhttp.OkHttpClient: Keep-Alive: timeout=60
12-08 11:34:37.180 13607 13744 I okhttp.OkHttpClient: Connection: keep-alive
12-08 11:34:37.258 13607 13607 I ViewInteraction: Performing 'wait for a specific view with <view.getId() is <2131230916>> during 10000 millis.' action on view view.getRootView() to equal view
12-08 11:34:37.394 13607 13808 I okhttp.OkHttpClient: <-- 200 http://www.981757-ca08998.tmweb.ru:8080/fmh/claims (354ms)
12-08 11:34:37.395 13607 13808 I okhttp.OkHttpClient: Vary: Origin
12-08 11:34:37.395 13607 13808 I okhttp.OkHttpClient: Vary: Access-Control-Request-Method
12-08 11:34:37.395 13607 13808 I okhttp.OkHttpClient: Vary: Access-Control-Request-Headers
12-08 11:34:37.395 13607 13808 I okhttp.OkHttpClient: X-Content-Type-Options: nosniff
12-08 11:34:37.395 13607 13808 I okhttp.OkHttpClient: X-XSS-Protection: 1; mode=block
12-08 11:34:37.396 13607 13808 I okhttp.OkHttpClient: Cache-Control: no-cache, no-store, max-age=0, must-revalidate
12-08 11:34:37.396 13607 13808 I okhttp.OkHttpClient: Pragma: no-cache
12-08 11:34:37.396 13607 13808 I okhttp.OkHttpClient: Expires: 0
12-08 11:34:37.396 13607 13808 I okhttp.OkHttpClient: X-Frame-Options: DENY
12-08 11:34:37.396 13607 13808 I okhttp.OkHttpClient: Content-Type: application/json
12-08 11:34:37.396 13607 13808 I okhttp.OkHttpClient: Transfer-Encoding: chunked
12-08 11:34:37.396 13607 13808 I okhttp.OkHttpClient: Date: Thu, 08 Dec 2022 11:34:40 GMT
12-08 11:34:37.396 13607 13808 I okhttp.OkHttpClient: Keep-Alive: timeout=60
12-08 11:34:37.396 13607 13808 I okhttp.OkHttpClient: Connection: keep-alive
12-08 11:34:37.397 13607 13808 I okhttp.OkHttpClient: {"id":2736,"title":"Заголовок c4c9c6b9-1c4e-4d2e-958b-b36e59c729c3 49","description":"Заголовок ac074ae8-e197-46ee-9a19-e7323d18fd26 49","creatorId":2,"executorId":null,"createDate":1670499277,"planExecuteDate":1670499240,"factExecuteDate":null,"status":"OPEN","creatorName":"Иванов Данил Данилович","executorName":null}
12-08 11:34:37.398 13607 13808 I okhttp.OkHttpClient: <-- END HTTP (358-byte body)
12-08 11:34:37.496 13607 13607 I ViewInteraction: Checking 'MatchesViewAssertion{viewMatcher=Have view id $targetViewId with matches $itemMatcher}' assertion on view view.getId() is <2131230916/ru.iteco.fmhandroid:id/claim_list_recycler_view>
12-08 11:34:37.500 13607 13607 D takeScreenshot: Found 1 global views to redraw
12-08 11:34:37.531  1776  1776 D gralloc_ranchu: gralloc_alloc: Creating ashmem region of size 10108928
12-08 11:34:37.582 13607 13651 W DefaultFailureHandler: Failed to take screenshot
12-08 11:34:37.582 13607 13651 W DefaultFailureHandler: java.io.FileNotFoundException: view-op-error-4.png: open failed: EROFS (Read-only file system)
12-08 11:34:37.582 13607 13651 W DefaultFailureHandler: 	at libcore.io.IoBridge.open(IoBridge.java:496)
12-08 11:34:37.582 13607 13651 W DefaultFailureHandler: 	at java.io.FileOutputStream.<init>(FileOutputStream.java:235)
12-08 11:34:37.582 13607 13651 W DefaultFailureHandler: 	at java.io.FileOutputStream.<init>(FileOutputStream.java:125)
12-08 11:34:37.582 13607 13651 W DefaultFailureHandler: 	at androidx.test.platform.io.FileTestStorage.openOutputFile(FileTestStorage.java:60)
12-08 11:34:37.582 13607 13651 W DefaultFailureHandler: 	at androidx.test.core.graphics.BitmapStorage.writeToTestStorage(BitmapStorageExt.kt:49)
12-08 11:34:37.582 13607 13651 W DefaultFailureHandler: 	at androidx.test.espresso.base.DefaultFailureHandler.takeScreenshot(DefaultFailureHandler.java:4)
12-08 11:34:37.582 13607 13651 W DefaultFailureHandler: 	at androidx.test.espresso.base.DefaultFailureHandler.handle(DefaultFailureHandler.java:3)
12-08 11:34:37.582 13607 13651 W DefaultFailureHandler: 	at androidx.test.espresso.ViewInteraction.waitForAndHandleInteractionResults(ViewInteraction.java:5)
12-08 11:34:37.582 13607 13651 W DefaultFailureHandler: 	at androidx.test.espresso.ViewInteraction.check(ViewInteraction.java:12)
12-08 11:34:37.582 13607 13651 W DefaultFailureHandler: 	at ru.iteco.fmhandroid.ui.steps.ClaimsPageSteps.checkClaimIsPresent(ClaimsPageSteps.java:264)
12-08 11:34:37.582 13607 13651 W DefaultFailureHandler: 	at ru.iteco.fmhandroid.ui.ClaimsCreationFormTest.shouldCreateAClaimWithATitleWith49Characters(ClaimsCreationFormTest.java:264)
12-08 11:34:37.582 13607 13651 W DefaultFailureHandler: 	at java.lang.reflect.Method.invoke(Native Method)
12-08 11:34:37.582 13607 13651 W DefaultFailureHandler: 	at org.junit.runners.model.FrameworkMethod$1.runReflectiveCall(FrameworkMethod.java:59)
12-08 11:34:37.582 13607 13651 W DefaultFailureHandler: 	at org.junit.internal.runners.model.ReflectiveCallable.run(ReflectiveCallable.java:12)
12-08 11:34:37.582 13607 13651 W DefaultFailureHandler: 	at org.junit.runners.model.FrameworkMethod.invokeExplosively(FrameworkMethod.java:56)
12-08 11:34:37.582 13607 13651 W DefaultFailureHandler: 	at org.junit.internal.runners.statements.InvokeMethod.evaluate(InvokeMethod.java:17)
12-08 11:34:37.582 13607 13651 W DefaultFailureHandler: 	at androidx.test.internal.runner.junit4.statement.RunBefores.evaluate(RunBefores.java:80)
12-08 11:34:37.582 13607 13651 W DefaultFailureHandler: 	at androidx.test.internal.runner.junit4.statement.RunAfters.evaluate(RunAfters.java:61)
12-08 11:34:37.582 13607 13651 W DefaultFailureHandler: 	at io.qameta.allure.android.rules.ScreenshotRule$apply$1.evaluate(ScreenshotRule.kt:22)
12-08 11:34:37.582 13607 13651 W DefaultFailureHandler: 	at org.junit.rules.ExternalResource$1.evaluate(ExternalResource.java:54)
12-08 11:34:37.582 13607 13651 W DefaultFailureHandler: 	at io.qameta.allure.android.rules.LogcatRule$apply$1.evaluate(LogcatRule.kt:23)
12-08 11:34:37.582 13607 13651 W DefaultFailureHandler: 	at org.junit.rules.RunRules.evaluate(RunRules.java:20)
12-08 11:34:37.582 13607 13651 W DefaultFailureHandler: 	at org.junit.runners.ParentRunner$3.evaluate(ParentRunner.java:306)
12-08 11:34:37.582 13607 13651 W DefaultFailureHandler: 	at org.junit.runners.BlockJUnit4ClassRunner$1.evaluate(BlockJUnit4ClassRunner.java:100)
12-08 11:34:37.582 13607 13651 W DefaultFailureHandler: 	at org.junit.runners.ParentRunner.runLeaf(ParentRunner.java:366)
12-08 11:34:37.582 13607 13651 W DefaultFailureHandler: 	at org.junit.runners.BlockJUnit4ClassRunner.runChild(BlockJUnit4ClassRunner.java:103)
12-08 11:34:37.582 13607 13651 W DefaultFailureHandler: 	at org.junit.runners.BlockJUnit4ClassRunner.runChild(BlockJUnit4ClassRunner.java:63)
12-08 11:34:37.582 13607 13651 W DefaultFailureHandler: 	at org.junit.runners.ParentRunner$4.run(ParentRunner.java:331)
12-08 11:34:37.582 13607 13651 W DefaultFailureHandler: 	at org.junit.runners.ParentRunner$1.schedule(ParentRunner.java:79)
12-08 11:34:37.582 13607 13651 W DefaultFailureHandler: 	at org.junit.runners.ParentRunner.runChildren(ParentRunner.java:329)
12-08 11:34:37.582 13607 13651 W DefaultFailureHandler: 	at org.junit.runners.ParentRunner.access$100(ParentRunner.java:66)
