--------- beginning of main
12-02 23:51:02.971  1772  1873 D gralloc_ranchu: gralloc_alloc: Creating ashmem region of size 14749696
12-02 23:51:02.982  1772  1873 I chatty  : uid=1000(system) HwBinder:1772_1 identical 1 line
12-02 23:51:02.993  1772  1873 D gralloc_ranchu: gralloc_alloc: Creating ashmem region of size 14749696
12-02 23:51:03.014  2448  3326 D EGL_emulation: eglMakeCurrent: 0xe3a07ba0: ver 2 0 (tinfo 0xe3a93b30)
12-02 23:51:03.026  3139  3139 W ThreadPoolDumper: Queue length for executor EventBus is now 11. Perhaps some tasks are too long, or the pool is too small.
12-02 23:51:03.147  3139  3568 W SessionLifecycleManager: Handover failed. Creating new session controller.
12-02 23:51:03.164  2010  2037 W InputReader: Device has associated, but no associated display id.
12-02 23:51:03.164  2010  2037 I chatty  : uid=1000(system) android.anim identical 8 lines
12-02 23:51:03.164  2010  2037 W InputReader: Device has associated, but no associated display id.
12-02 23:51:03.168  1772  1873 D gralloc_ranchu: gralloc_alloc: Creating ashmem region of size 9441280
12-02 23:51:03.185  2169  2501 D EGL_emulation: eglMakeCurrent: 0xdb91a600: ver 2 0 (tinfo 0xdb90f8d0)
12-02 23:51:03.205  2169  2501 I chatty  : uid=10111(com.android.systemui) RenderThread identical 1 line
12-02 23:51:03.215  2169  2501 D EGL_emulation: eglMakeCurrent: 0xdb91a600: ver 2 0 (tinfo 0xdb90f8d0)
12-02 23:51:03.230  1788  1788 E Layer   : [Surface(name=AppWindowToken{a48e9c4 token=Token{76ccd7 ActivityRecord{2bed456 u0 ru.iteco.fmhandroid/.ui.AppActivity t3276}}})/@0x65efabf - animation-leash#0] No local sync point found
12-02 23:51:03.230  1788  1788 E Layer   : [Surface(name=AppWindowToken{e44e437 token=Token{8e32d36 ActivityRecord{89f0ed1 u0 com.google.android.apps.nexuslauncher/.NexusLauncherActivity t2562}}})/@0xb44cf46 - animation-leash#0] No local sync point found
12-02 23:51:03.259  5142  5254 V FA      : Connecting to remote service
12-02 23:51:03.261  5142  5203 D EGL_emulation: eglMakeCurrent: 0xeec7efe0: ver 2 0 (tinfo 0xeecc0770)
--------- beginning of system
12-02 23:51:03.285  2010  7377 I ActivityManager: Force stopping ru.iteco.fmhandroid appid=10159 user=0: from pid 5257
12-02 23:51:03.286  2010  7377 I ActivityManager: Killing 5142:ru.iteco.fmhandroid/u0a159 (adj 0): stop ru.iteco.fmhandroid
12-02 23:51:03.287  2010  7377 W ActivityTaskManager: Force removing ActivityRecord{2bed456 u0 ru.iteco.fmhandroid/.ui.AppActivity t3276 f}: app died, no saved state
12-02 23:51:03.310  2010  6726 D HostConnection: HostConnection::get() New Host Connection established 0xb4601c80, tid 6726
12-02 23:51:03.311  2010  7377 W ActivityManager: Crash of app ru.iteco.fmhandroid running instrumentation ComponentInfo{ru.iteco.fmhandroid.test/androidx.test.runner.AndroidJUnitRunner}
12-02 23:51:03.313  2010  7377 I ActivityManager: Force stopping ru.iteco.fmhandroid appid=10159 user=0: finished inst
12-02 23:51:03.321  5126  5141 W Binder  : Caught a RuntimeException from the binder stub implementation.
12-02 23:51:03.321  5126  5141 W Binder  : java.lang.SecurityException: Calling from not trusted UID!
12-02 23:51:03.321  5126  5141 W Binder  : 	at android.app.UiAutomationConnection.throwIfCalledByNotTrustedUidLocked(UiAutomationConnection.java:520)
12-02 23:51:03.321  5126  5141 W Binder  : 	at android.app.UiAutomationConnection.shutdown(UiAutomationConnection.java:424)
12-02 23:51:03.321  5126  5141 W Binder  : 	at android.app.IUiAutomationConnection$Stub.onTransact(IUiAutomationConnection.java:390)
12-02 23:51:03.321  5126  5141 W Binder  : 	at android.os.Binder.execTransactInternal(Binder.java:1021)
12-02 23:51:03.321  5126  5141 W Binder  : 	at android.os.Binder.execTransact(Binder.java:994)
12-02 23:51:03.322  2010  5262 W Binder  : Outgoing transactions from this process must be FLAG_ONEWAY
12-02 23:51:03.322  2010  5262 W Binder  : java.lang.Throwable
12-02 23:51:03.322  2010  5262 W Binder  : 	at android.os.BinderProxy.transact(BinderProxy.java:480)
12-02 23:51:03.322  2010  5262 W Binder  : 	at android.app.IInstrumentationWatcher$Stub$Proxy.instrumentationFinished(IInstrumentationWatcher.java:205)
12-02 23:51:03.322  2010  5262 W Binder  : 	at com.android.server.am.InstrumentationReporter$MyThread.run(InstrumentationReporter.java:86)
12-02 23:51:03.323  5126  5126 D AndroidRuntime: Shutting down VM
12-02 23:51:03.323  2010  6726 D HostConnection: HostComposition ext ANDROID_EMU_CHECKSUM_HELPER_v1 ANDROID_EMU_dma_v1 ANDROID_EMU_direct_mem ANDROID_EMU_host_composition_v1 ANDROID_EMU_host_composition_v2 ANDROID_EMU_vulkan ANDROID_EMU_deferred_vulkan_commands ANDROID_EMU_vulkan_null_optional_strings ANDROID_EMU_vulkan_create_resources_with_requirements ANDROID_EMU_YUV_Cache ANDROID_EMU_vulkan_ignored_handles ANDROID_EMU_vulkan_free_memory_sync ANDROID_EMU_vulkan_shader_float16_int8 ANDROID_EMU_vulkan_async_queue_submit ANDROID_EMU_sync_buffer_data GL_OES_vertex_array_object GL_KHR_texture_compression_astc_ldr ANDROID_EMU_host_side_tracing ANDROID_EMU_gles_max_version_2 
12-02 23:51:03.324  2010  6726 W OpenGLRenderer: Failed to choose config with EGL_SWAP_BEHAVIOR_PRESERVED, retrying without...
12-02 23:51:03.356  2352  2352 D CarrierSvcBindHelper: No carrier app for: 0
12-02 23:51:03.377  5126  5250 W UiAutomationConnection: Error while reading/writing to streams
12-02 23:51:03.382  2010 12978 W WindowManager: removeWindowToken: Attempted to remove non-existing token: android.os.Binder@7276bfb
12-02 23:51:03.384  2448  2466 I s.nexuslaunche: NativeAlloc concurrent copying GC freed 2939(224KB) AllocSpace objects, 0(0B) LOS objects, 49% free, 2774KB/5548KB, paused 493us total 157.951ms
12-02 23:51:03.386  2010  6726 D EGL_emulation: eglCreateContext: 0xd856c380: maj 2 min 0 rcv 2
12-02 23:51:03.386  2448  2468 W System  : A resource failed to call release. 
12-02 23:51:03.387  2448  2468 W System  : A resource failed to call release. 
12-02 23:51:03.390  1744  1744 I Zygote  : Process 5142 exited due to signal 9 (Killed)
12-02 23:51:03.398  2010  2010 V SettingsProvider: Notifying for 0: content://settings/secure/accessibility_enabled
12-02 23:51:03.400  2010  2036 W ActivityManager: setHasOverlayUi called on unknown pid: 5142
12-02 23:51:03.405  2010  6726 D EGL_emulation: eglMakeCurrent: 0xd856c380: ver 2 0 (tinfo 0xbf01f330)
12-02 23:51:03.422  2010  2044 I libprocessgroup: Successfully killed process cgroup uid 10159 pid 5142 in 134ms
12-02 23:51:03.527  2169  2187 I ndroid.systemu: NativeAlloc concurrent copying GC freed 29926(1481KB) AllocSpace objects, 0(0B) LOS objects, 49% free, 6039KB/11MB, paused 525us total 303.757ms
12-02 23:51:03.569  2010 12978 I ActivityManager: Force stopping ru.iteco.fmhandroid appid=10159 user=0: from pid 5280
12-02 23:51:03.585  2352  2352 D CarrierSvcBindHelper: No carrier app for: 0
12-02 23:51:03.587  5126  5126 W app_process: ConditionVariable::~ConditionVariable for Thread resumption condition variable called with 1 waiters.
12-02 23:51:03.770  3139  3114 W LocationOracle: No location history returned by ContextManager
12-02 23:51:03.806  3139  3568 I MicroDetectionWorker: #startMicroDetector [speakerMode: 0]
12-02 23:51:03.810  3139  3568 W ErrorReporter: reportError [type: 211, code: 393244, bug: 0]: errorCode: 393244, engine: 0
12-02 23:51:03.815  3139  3568 I MicroDetector: Keeping mic open: false
12-02 23:51:03.815  3139  3568 I MicroDetectionWorker: #onError(false)
12-02 23:51:03.816  3139 31474 I DeviceStateChecker: DeviceStateChecker cancelled
12-02 23:51:03.845  2584  3808 W GCoreFlp: No location to return for getLastLocation()
12-02 23:51:03.870  2010 12978 I ActivityManager: Force stopping ru.iteco.fmhandroid.test appid=10160 user=0: from pid 5299
12-02 23:51:03.872  2584  3808 W GCoreFlp: No location to return for getLastLocation()
12-02 23:51:03.878  2352  2352 D CarrierSvcBindHelper: No carrier app for: 0
12-02 23:51:03.882  2584  5066 W ctxmgr  : [AclManager] No 3 for (accnt=account#-517948760#, com.google.android.gms(10114):UserVelocityProducer, vrsn=202414022, 0, 3pPkg = null ,  3pMdlId = null ,  pid = 2584). Was: 3 for 1, account#-517948760# [CONTEXT service_id=47 ]
12-02 23:51:03.918  2584  5026 I LogUtils: [Places]: ?: Couldn't find platform key file. [CONTEXT service_id=253 ]
12-02 23:51:04.045  2584  5066 I ctxmgr  : [ProducerStatusImpl] updateStateForNewContextData: inactive, contextName=7 [CONTEXT service_id=47 ]
12-02 23:51:04.069  2584  2584 I GeofencerStateMachine: removeGeofences: removeRequest=RemoveGeofencingRequest[REMOVE_BY_PENDING_INTENT pendingIntent=PendingIntent[creatorPackage=com.google.android.gms], packageName=com.google.android.gms]
12-02 23:51:04.073  2584  5026 I LogUtils: [Places]: ?: Couldn't find platform key file. [CONTEXT service_id=253 ]
12-02 23:51:04.076  2584  5310 I PlacesLogger: [PlaceInferenceEngine]: [anon] Changed inference mode: 0 [CONTEXT service_id=253 ]
12-02 23:51:04.076  2584  5218 I LogUtils: [Places]: ?: Couldn't find platform key file. [CONTEXT service_id=253 ]
12-02 23:51:04.077  2584  2584 I GeofencerStateMachine: removeGeofences: removeRequest=RemoveGeofencingRequest[REMOVE_BY_PENDING_INTENT pendingIntent=PendingIntent[creatorPackage=com.google.android.gms], packageName=com.google.android.gms]
12-02 23:51:04.078  2584  3808 W GCoreFlp: No location to return for getLastLocation()
12-02 23:51:04.119  2584  3808 W GCoreFlp: No location to return for getLastLocation()
12-02 23:51:04.140  5307  5307 D AndroidRuntime: >>>>>> START com.android.internal.os.RuntimeInit uid 2000 <<<<<<
12-02 23:51:04.141  2584  4498 I LogUtils: [Places]: ?: Couldn't find platform key file. [CONTEXT service_id=253 ]
12-02 23:51:04.151  5307  5307 E libc    : Access denied finding property "persist.device_config.runtime_native_boot.enable_apex_image"
12-02 23:51:04.151  5307  5307 I AndroidRuntime: Using default boot image
12-02 23:51:04.151  5307  5307 E libc    : Access denied finding property "persist.device_config.runtime_native_boot.disable_lock_profiling"
12-02 23:51:04.151  5307  5307 I AndroidRuntime: Leaving lock profiling enabled
12-02 23:51:04.152  5307  5307 E libc    : Access denied finding property "persist.device_config.runtime_native_boot.enable_generational_cc"
12-02 23:51:04.159  5307  5307 I app_process: Core platform API reporting enabled, enforcing=false
12-02 23:51:04.140  5307  5307 W app_process: type=1400 audit(0.0:840): avc: denied { read } for name="u:object_r:device_config_runtime_native_boot_prop:s0" dev="tmpfs" ino=8318 scontext=u:r:shell:s0 tcontext=u:object_r:device_config_runtime_native_boot_prop:s0 tclass=file permissive=0
12-02 23:51:04.150  5307  5307 W app_process: type=1400 audit(0.0:841): avc: denied { read } for name="u:object_r:device_config_runtime_native_boot_prop:s0" dev="tmpfs" ino=8318 scontext=u:r:shell:s0 tcontext=u:object_r:device_config_runtime_native_boot_prop:s0 tclass=file permissive=0
12-02 23:51:04.150  5307  5307 W app_process: type=1400 audit(0.0:842): avc: denied { read } for name="u:object_r:device_config_runtime_native_boot_prop:s0" dev="tmpfs" ino=8318 scontext=u:r:shell:s0 tcontext=u:object_r:device_config_runtime_native_boot_prop:s0 tclass=file permissive=0
12-02 23:51:04.173  2584  2599 I .gms.persisten: Background young concurrent copying GC freed 86743(5044KB) AllocSpace objects, 5(300KB) LOS objects, 28% free, 11MB/15MB, paused 3.879ms total 201.339ms
12-02 23:51:04.184  2584  5218 I LogUtils: [Places]: ?: Couldn't find platform key file. [CONTEXT service_id=253 ]
12-02 23:51:04.208  2584  5313 I LogUtils: [Places]: ?: Couldn't find platform key file. [CONTEXT service_id=253 ]
12-02 23:51:04.210  2584  5310 I LogUtils: [Places]: ?: PlacesBleScanner start() with priority 2 [CONTEXT service_id=253 ]
12-02 23:51:04.211  2584  5310 I PlacesLogger: [PlaceInferenceEngine]: [anon] Changed inference mode: 1 [CONTEXT service_id=253 ]
12-02 23:51:04.222  2584  2584 E BeaconBle: Missing BluetoothAdapter [CONTEXT service_id=111 ]
12-02 23:51:04.225  2584  2584 I BeaconBle: BLE 'KK+' software access layer enabled [CONTEXT service_id=111 ]
12-02 23:51:04.236  2584  3808 W GCoreFlp: No location to return for getLastLocation()
12-02 23:51:04.244  2584  2584 I BeaconBle: Client requested scan, settings=BleSettings [scanMode=ZERO_POWER, callbackType=ALL_MATCHES, reportDelayMillis=0, 1 filters, 0 clients, callingClientName=Places] [CONTEXT service_id=111 ]
12-02 23:51:04.245  2584  2584 I BeaconBle: Scan : No clients left, canceling alarm. [CONTEXT service_id=111 ]
12-02 23:51:04.247  2584  2584 E BeaconBle: Scan couldn't start for Places [CONTEXT service_id=111 ]
12-02 23:51:04.248  2584  2584 W Places  : BLE failure while scanning - code 5
12-02 23:51:04.265  2010  2025 I system_server: NativeAlloc concurrent copying GC freed 89344(3887KB) AllocSpace objects, 36(1072KB) LOS objects, 21% free, 22MB/28MB, paused 427us total 701.364ms
12-02 23:51:04.393  5307  5307 D ICU     : Time zone APEX file found: /apex/com.android.tzdata/etc/icu/icu_tzdata.dat
12-02 23:51:04.402  5307  5307 W app_process: Unexpected CPU variant for X86 using defaults: x86
12-02 23:51:04.404  5307  5307 I app_process: The ClassLoaderContext is a special shared library.
12-02 23:51:04.424  5307  5307 W app_process: JNI RegisterNativeMethods: attempt to register 0 native methods for android.media.AudioAttributes
12-02 23:51:04.431  5307  5307 D AndroidRuntime: Calling main entry com.android.commands.am.Am
12-02 23:51:04.438  2010 12978 I ActivityManager: Force stopping ru.iteco.fmhandroid appid=10159 user=0: start instr
12-02 23:51:04.466  1744  1744 D Zygote  : Forked child process 5326
12-02 23:51:04.477  2010  2043 I ActivityManager: Start proc 5326:ru.iteco.fmhandroid/u0a159 for added application ru.iteco.fmhandroid
12-02 23:51:04.478  5326  5326 I teco.fmhandroi: Late-enabling -Xcheck:jni
12-02 23:51:04.502  5326  5326 E teco.fmhandroi: Unknown bits set in runtime_flags: 0x8000
12-02 23:51:04.503  5326  5326 W teco.fmhandroi: Unexpected CPU variant for X86 using defaults: x86
12-02 23:51:04.585  5326  5326 I teco.fmhandroi: The ClassLoaderContext is a special shared library.
12-02 23:51:04.587  5326  5326 I teco.fmhandroi: The ClassLoaderContext is a special shared library.
12-02 23:51:04.862  2010  7377 D WificondControl: Scan result ready event
12-02 23:51:05.069  5326  5326 I teco.fmhandroi: The ClassLoaderContext is a special shared library.
12-02 23:51:05.069  5326  5326 I teco.fmhandroi: The ClassLoaderContext is a special shared library.
12-02 23:51:05.393  5326  5326 W teco.fmhandroi: Accessing hidden method Landroid/app/Instrumentation;->execStartActivity(Landroid/content/Context;Landroid/os/IBinder;Landroid/os/IBinder;Landroid/app/Activity;Landroid/content/Intent;ILandroid/os/Bundle;)Landroid/app/Instrumentation$ActivityResult; (greylist, linking, allowed)
12-02 23:51:05.393  5326  5326 W teco.fmhandroi: Accessing hidden method Landroid/app/Instrumentation;->execStartActivity(Landroid/content/Context;Landroid/os/IBinder;Landroid/os/IBinder;Ljava/lang/String;Landroid/content/Intent;ILandroid/os/Bundle;)Landroid/app/Instrumentation$ActivityResult; (greylist, linking, allowed)
12-02 23:51:05.402  5326  5326 I MonitoringInstr: newApplication called!
12-02 23:51:05.436  5326  5326 I FirebaseApp: Device unlocked: initializing all Firebase APIs for app [DEFAULT]
12-02 23:51:05.448  5326  5326 I FirebaseCrashlytics: Initializing Firebase Crashlytics 18.2.6 for ru.iteco.fmhandroid
12-02 23:51:05.496  5326  5364 I DynamiteModule: Considering local module com.google.android.gms.measurement.dynamite:55 and remote module com.google.android.gms.measurement.dynamite:15
12-02 23:51:05.496  5326  5364 I DynamiteModule: Selected local version of com.google.android.gms.measurement.dynamite
12-02 23:51:05.563  5326  5326 I FirebaseInitProvider: FirebaseApp initialization successful
12-02 23:51:05.584  5326  5326 I MonitoringInstr: Instrumentation started!
12-02 23:51:05.594  5326  5326 D ClassesArgTokenizer: input: ru.iteco.fmhandroid.ui.ControlPanelTest#shouldOpenNewsDescription
12-02 23:51:05.594  5326  5326 D ClassesArgTokenizer: result: [ru.iteco.fmhandroid.ui.ControlPanelTest#shouldOpenNewsDescription]
12-02 23:51:05.594  5326  5326 D ClassesArgTokenizer: input: null
12-02 23:51:05.595  5326  5326 D ClassesArgTokenizer: result: []
12-02 23:51:05.598  5326  5326 V TestEventClient: No service name argument was given (testDiscoveryService, testRunEventService or orchestratorService)
12-02 23:51:05.607  5326  5374 D AndroidJUnitRunner: onStart is called.
12-02 23:51:05.615  5326  5326 I MonitoringInstr: No JSBridge.
12-02 23:51:05.630  5326  5374 D TestRequestBuilder: Skipping class path scanning and directly running [ru.iteco.fmhandroid.ui.ControlPanelTest]
12-02 23:51:05.634  5326  5368 V FA      : App measurement collection enabled
12-02 23:51:05.634  5326  5368 V FA      : App measurement enabled for app package, google app id: ru.iteco.fmhandroid, 1:729587742060:android:e7d6f87c783f52b9a42f49
12-02 23:51:05.636  5326  5368 I FA      : App measurement initialized, version: 46000
12-02 23:51:05.636  5326  5368 I FA      : To enable debug logging run: adb shell setprop log.tag.FA VERBOSE
12-02 23:51:05.637  5326  5368 I FA      : To enable faster debug mode event logging run:
12-02 23:51:05.637  5326  5368 I FA      :   adb shell setprop debug.firebase.analytics.app ru.iteco.fmhandroid
12-02 23:51:05.637  5326  5368 D FA      : Debug-level message logging enabled
12-02 23:51:05.640  5326  5374 D ClassesArgTokenizer: input: ru.iteco.fmhandroid.ui.ControlPanelTest#shouldOpenNewsDescription
12-02 23:51:05.640  5326  5374 D ClassesArgTokenizer: result: [ru.iteco.fmhandroid.ui.ControlPanelTest#shouldOpenNewsDescription]
12-02 23:51:05.640  5326  5374 D ClassesArgTokenizer: input: null
12-02 23:51:05.642  5326  5374 D ClassesArgTokenizer: result: []
12-02 23:51:05.663  5326  5374 D AndroidJUnitRunner: Use the raw file system for managing file I/O.
12-02 23:51:05.670  5326  5374 D TestExecutor: Adding listener androidx.test.internal.runner.listener.LogRunListener
12-02 23:51:05.670  5326  5374 D TestExecutor: Adding listener androidx.test.internal.runner.listener.InstrumentationResultPrinter
12-02 23:51:05.670  5326  5374 D TestExecutor: Adding listener androidx.test.internal.runner.listener.ActivityFinisherRunListener
12-02 23:51:05.671  5326  5374 D TestExecutor: Adding listener androidx.test.internal.runner.listener.TraceRunListener
12-02 23:51:05.677  5326  5374 I TestRunner: run started: 1 tests
12-02 23:51:05.703  5326  5368 V FA      : Connecting to remote service
12-02 23:51:05.723  5326  5374 I TestRunner: started: shouldOpenNewsDescription(ru.iteco.fmhandroid.ui.ControlPanelTest)
12-02 23:51:05.733  5326  5368 V FA      : Connection attempt already in progress
12-02 23:51:05.744  5326  5368 V FA      : Connection attempt already in progress
12-02 23:51:05.744  5326  5368 D FA      : Connected to remote service
12-02 23:51:05.744  5326  5368 V FA      : Processing queued up service tasks: 3
12-02 23:51:05.784  2881  5377 V FA-SVC  : Logging event: origin=auto,name=user_engagement(_e),params=Bundle[{ga_event_origin(_o)=auto, engagement_time_msec(_et)=75555, ga_screen_class(_sc)=AppActivity, ga_screen_id(_si)=-5965914321527609989}]
12-02 23:51:05.797  2881  5377 V FA-SVC  : Upload scheduled in approximately ms: 2518894
12-02 23:51:05.797  2881  5377 V FA-SVC  : Unscheduling upload
12-02 23:51:05.800  2881  5377 V FA-SVC  : Scheduling upload, millis: 2518894
12-02 23:51:05.804  2881  5377 V FA-SVC  : Background event processing time, ms: 20
12-02 23:51:05.818  2881  5377 V FA-SVC  : Saving default event parameters, appId, data size: ru.iteco.fmhandroid, 2
12-02 23:51:05.822  2584  5313 E SQLiteDatabase: Error inserting flex_time=2518000 job_id=-1 period=5038000 source=16 requires_charging=0 preferred_network_type=1 target_class=com.google.android.gms.measurement.PackageMeasurementTaskService user_id=0 target_package=com.google.android.gms tag=Measurement.PackageMeasurementTaskService.UPLOAD_TASK_TAG task_type=0 required_idleness_state=0 service_kind=0 source_version=202414000 persistence_level=1 preferred_charging_state=1 required_network_type=0 runtime=1670014265816 retry_strategy={"maximum_backoff_seconds":{"3600":0},"initial_backoff_seconds":{"30":0},"retry_policy":{"0":0}} last_runtime=0
12-02 23:51:05.822  2584  5313 E SQLiteDatabase: android.database.sqlite.SQLiteConstraintException: UNIQUE constraint failed: pending_ops.tag, pending_ops.target_class, pending_ops.target_package, pending_ops.user_id (code 2067 SQLITE_CONSTRAINT_UNIQUE)
12-02 23:51:05.822  2584  5313 E SQLiteDatabase: 	at android.database.sqlite.SQLiteConnection.nativeExecuteForLastInsertedRowId(Native Method)
12-02 23:51:05.822  2584  5313 E SQLiteDatabase: 	at android.database.sqlite.SQLiteConnection.executeForLastInsertedRowId(SQLiteConnection.java:879)
12-02 23:51:05.822  2584  5313 E SQLiteDatabase: 	at android.database.sqlite.SQLiteSession.executeForLastInsertedRowId(SQLiteSession.java:790)
12-02 23:51:05.822  2584  5313 E SQLiteDatabase: 	at android.database.sqlite.SQLiteStatement.executeInsert(SQLiteStatement.java:88)
12-02 23:51:05.822  2584  5313 E SQLiteDatabase: 	at android.database.sqlite.SQLiteDatabase.insertWithOnConflict(SQLiteDatabase.java:1599)
12-02 23:51:05.822  2584  5313 E SQLiteDatabase: 	at android.database.sqlite.SQLiteDatabase.insert(SQLiteDatabase.java:1468)
12-02 23:51:05.822  2584  5313 E SQLiteDatabase: 	at aqui.a(:com.google.android.gms@202414022@20.24.14 (040700-319035315):175)
12-02 23:51:05.822  2584  5313 E SQLiteDatabase: 	at aqtk.a(:com.google.android.gms@202414022@20.24.14 (040700-319035315):182)
12-02 23:51:05.822  2584  5313 E SQLiteDatabase: 	at aqtk.a(:com.google.android.gms@202414022@20.24.14 (040700-319035315):23)
12-02 23:51:05.822  2584  5313 E SQLiteDatabase: 	at aqtk.a(:com.google.android.gms@202414022@20.24.14 (040700-319035315):177)
12-02 23:51:05.822  2584  5313 E SQLiteDatabase: 	at aqpu.run(:com.google.android.gms@202414022@20.24.14 (040700-319035315):9)
12-02 23:51:05.822  2584  5313 E SQLiteDatabase: 	at soy.b(:com.google.android.gms@202414022@20.24.14 (040700-319035315):12)
12-02 23:51:05.822  2584  5313 E SQLiteDatabase: 	at soy.run(:com.google.android.gms@202414022@20.24.14 (040700-319035315):7)
12-02 23:51:05.822  2584  5313 E SQLiteDatabase: 	at java.util.concurrent.ThreadPoolExecutor.runWorker(ThreadPoolExecutor.java:1167)
12-02 23:51:05.822  2584  5313 E SQLiteDatabase: 	at java.util.concurrent.ThreadPoolExecutor$Worker.run(ThreadPoolExecutor.java:641)
12-02 23:51:05.822  2584  5313 E SQLiteDatabase: 	at sux.run(:com.google.android.gms@202414022@20.24.14 (040700-319035315):0)
12-02 23:51:05.822  2584  5313 E SQLiteDatabase: 	at java.lang.Thread.run(Thread.java:919)
12-02 23:51:05.857  1743  5378 E ResolverController: No valid NAT64 prefix (128, <unspecified>/0)
12-02 23:51:05.906  5326  5374 W FileTestStorage: Output properties is not supported.
12-02 23:51:05.907  5326  5374 I Tracing : Tracer added: class androidx.test.platform.tracing.AndroidXTracer
12-02 23:51:05.919  5326  5374 D EventInjectionStrategy: Creating injection strategy with input manager.
12-02 23:51:05.919  5326  5374 W teco.fmhandroi: Accessing hidden method Landroid/hardware/input/InputManager;->getInstance()Landroid/hardware/input/InputManager; (greylist, reflection, allowed)
12-02 23:51:05.919  5326  5374 W teco.fmhandroi: Accessing hidden method Landroid/hardware/input/InputManager;->injectInputEvent(Landroid/view/InputEvent;I)Z (greylist, reflection, allowed)
12-02 23:51:05.920  5326  5374 W teco.fmhandroi: Accessing hidden field Landroid/hardware/input/InputManager;->INJECT_INPUT_EVENT_MODE_WAIT_FOR_FINISH:I (greylist, reflection, allowed)
12-02 23:51:05.967  2010  2010 V SettingsProvider: Notifying for 0: content://settings/secure/accessibility_enabled
12-02 23:51:05.996  5326  5374 W ActivityTestRule: getActivityIntent() returned null using default: Intent(Intent.ACTION_MAIN)
12-02 23:51:06.003  2010  5941 I ActivityTaskManager: START u0 {act=android.intent.action.MAIN flg=0x14000000 cmp=ru.iteco.fmhandroid/.ui.AppActivity} from uid 10159
12-02 23:51:06.023  2010  5483 W InputReader: Device has associated, but no associated display id.
12-02 23:51:06.024  2010  5483 I chatty  : uid=1000(system) Binder:2010_13 identical 28 lines
12-02 23:51:06.024  2010  5483 W InputReader: Device has associated, but no associated display id.
12-02 23:51:06.025  5326  5326 W ActivityThread: handleWindowVisibility: no activity for token android.os.BinderProxy@dcaee5c
12-02 23:51:06.026  2010  5483 W InputReader: Device has associated, but no associated display id.
12-02 23:51:06.026  2010  5483 I chatty  : uid=1000(system) Binder:2010_13 identical 8 lines
12-02 23:51:06.026  2010  5483 W InputReader: Device has associated, but no associated display id.
12-02 23:51:06.030  1788  1902 E SurfaceFlinger: ro.sf.lcd_density must be defined as a build property
12-02 23:51:06.032  1788  1902 E SurfaceFlinger: ro.sf.lcd_density must be defined as a build property
12-02 23:51:06.036  2010  2037 E system_server: Invalid ID 0x00000000.
12-02 23:51:06.037  5326  5392 D libEGL  : Emulator has host GPU support, qemu.gles is set to 1.
12-02 23:51:06.037  5326  5392 W libc    : Unable to set property "qemu.gles" to "1": connection failed; errno=13 (Permission denied)
12-02 23:51:06.069  1772  1873 D gralloc_ranchu: gralloc_alloc: Creating ashmem region of size 14749696
12-02 23:51:06.079  5326  5392 D libEGL  : loaded /vendor/lib/egl/libEGL_emulation.so
12-02 23:51:06.082  5326  5392 D libEGL  : loaded /vendor/lib/egl/libGLESv1_CM_emulation.so
12-02 23:51:06.083  5326  5392 D libEGL  : loaded /vendor/lib/egl/libGLESv2_emulation.so
12-02 23:51:06.030  5326  5326 W RenderThread: type=1400 audit(0.0:843): avc: denied { write } for name="property_service" dev="tmpfs" ino=8412 scontext=u:r:untrusted_app:s0:c159,c256,c512,c768 tcontext=u:object_r:property_socket:s0 tclass=sock_file permissive=0 app=ru.iteco.fmhandroid
12-02 23:51:06.121  2010  2037 W InputReader: Device has associated, but no associated display id.
12-02 23:51:06.121  2010  2037 I chatty  : uid=1000(system) android.anim identical 8 lines
12-02 23:51:06.121  2010  2037 W InputReader: Device has associated, but no associated display id.
12-02 23:51:06.135  5326  5326 D LifecycleMonitor: Lifecycle status change: ru.iteco.fmhandroid.ui.AppActivity@5eb42e1 in: PRE_ON_CREATE
12-02 23:51:06.144  2169  2501 D EGL_emulation: eglMakeCurrent: 0xdb91a600: ver 2 0 (tinfo 0xdb90f8d0)
12-02 23:51:06.150  3139  3664 D EGL_emulation: eglMakeCurrent: 0xdb91c460: ver 2 0 (tinfo 0xbe64a3f0)
12-02 23:51:06.154  2448  3326 D EGL_emulation: eglMakeCurrent: 0xe3a07ba0: ver 2 0 (tinfo 0xe3a93b30)
12-02 23:51:06.166  2169  2501 D EGL_emulation: eglMakeCurrent: 0xdb91a600: ver 2 0 (tinfo 0xdb90f8d0)
12-02 23:51:06.172  5326  5364 V FA      : onActivityCreated
12-02 23:51:06.203  5326  5326 W teco.fmhandroi: Accessing hidden method Landroid/view/View;->computeFitSystemWindows(Landroid/graphics/Rect;Landroid/graphics/Rect;)Z (greylist, reflection, allowed)
12-02 23:51:06.204  5326  5326 W teco.fmhandroi: Accessing hidden method Landroid/view/ViewGroup;->makeOptionalFitsSystemWindows()V (greylist, reflection, allowed)
12-02 23:51:06.354  5326  5326 D NetworkSecurityConfig: No Network Security Config specified, using platform default
12-02 23:51:06.365  5326  5326 W teco.fmhandroi: Accessing hidden method Ljava/lang/invoke/MethodHandles$Lookup;-><init>(Ljava/lang/Class;I)V (greylist, reflection, allowed)
12-02 23:51:06.514  5326  5326 D LifecycleMonitor: Lifecycle status change: ru.iteco.fmhandroid.ui.AppActivity@5eb42e1 in: CREATED
12-02 23:51:06.640  5326  5326 D LifecycleMonitor: Lifecycle status change: ru.iteco.fmhandroid.ui.AppActivity@5eb42e1 in: STARTED
12-02 23:51:06.642  5326  5326 D LifecycleMonitor: Lifecycle status change: ru.iteco.fmhandroid.ui.AppActivity@5eb42e1 in: RESUMED
12-02 23:51:06.643  5326  5368 V FA      : Activity resumed, time: 97897642
12-02 23:51:06.652  5326  5368 I FA      : Tag Manager is not found and thus will not be used
12-02 23:51:06.700  5326  5388 D HostConnection: HostConnection::get() New Host Connection established 0xd85683a0, tid 5388
12-02 23:51:06.708  5326  5388 D HostConnection: HostComposition ext ANDROID_EMU_CHECKSUM_HELPER_v1 ANDROID_EMU_dma_v1 ANDROID_EMU_direct_mem ANDROID_EMU_host_composition_v1 ANDROID_EMU_host_composition_v2 ANDROID_EMU_vulkan ANDROID_EMU_deferred_vulkan_commands ANDROID_EMU_vulkan_null_optional_strings ANDROID_EMU_vulkan_create_resources_with_requirements ANDROID_EMU_YUV_Cache ANDROID_EMU_vulkan_ignored_handles ANDROID_EMU_vulkan_free_memory_sync ANDROID_EMU_vulkan_shader_float16_int8 ANDROID_EMU_vulkan_async_queue_submit ANDROID_EMU_sync_buffer_data GL_OES_vertex_array_object GL_KHR_texture_compression_astc_ldr ANDROID_EMU_host_side_tracing ANDROID_EMU_gles_max_version_2 
12-02 23:51:06.719  5326  5388 W OpenGLRenderer: Failed to choose config with EGL_SWAP_BEHAVIOR_PRESERVED, retrying without...
12-02 23:51:06.735  2881  5377 V FA-SVC  : Logging event: origin=auto,name=screen_view(_vs),params=Bundle[{ga_event_origin(_o)=auto, ga_screen_class(_sc)=AppActivity, ga_screen_id(_si)=6041800516053087391}]
12-02 23:51:06.744  5326  5388 D EGL_emulation: eglCreateContext: 0xe3a47660: maj 2 min 0 rcv 2
12-02 23:51:06.747  5326  5388 D EGL_emulation: eglMakeCurrent: 0xe3a47660: ver 2 0 (tinfo 0xeecc0e50)
12-02 23:51:06.752  2881  5377 V FA-SVC  : Upload scheduled in approximately ms: 2517939
12-02 23:51:06.752  2881  5377 V FA-SVC  : Unscheduling upload
12-02 23:51:06.754  2881  5377 V FA-SVC  : Scheduling upload, millis: 2517939
12-02 23:51:06.754  1772  1873 D gralloc_ranchu: gralloc_alloc: Creating ashmem region of size 14749696
12-02 23:51:06.756  2881  5377 V FA-SVC  : Background event processing time, ms: 21
12-02 23:51:06.756  1648  1648 I hwservicemanager: getTransport: Cannot find entry android.hardware.graphics.mapper@3.0::IMapper/default in either framework or device manifest.
12-02 23:51:06.758  5326  5388 W Gralloc3: mapper 3.x is not supported
12-02 23:51:06.761  5326  5388 D HostConnection: createUnique: call
12-02 23:51:06.762  5326  5388 D HostConnection: HostConnection::get() New Host Connection established 0xd8569ed0, tid 5388
12-02 23:51:06.763  5326  5388 D HostConnection: HostComposition ext ANDROID_EMU_CHECKSUM_HELPER_v1 ANDROID_EMU_dma_v1 ANDROID_EMU_direct_mem ANDROID_EMU_host_composition_v1 ANDROID_EMU_host_composition_v2 ANDROID_EMU_vulkan ANDROID_EMU_deferred_vulkan_commands ANDROID_EMU_vulkan_null_optional_strings ANDROID_EMU_vulkan_create_resources_with_requirements ANDROID_EMU_YUV_Cache ANDROID_EMU_vulkan_ignored_handles ANDROID_EMU_vulkan_free_memory_sync ANDROID_EMU_vulkan_shader_float16_int8 ANDROID_EMU_vulkan_async_queue_submit ANDROID_EMU_sync_buffer_data GL_OES_vertex_array_object GL_KHR_texture_compression_astc_ldr ANDROID_EMU_host_side_tracing ANDROID_EMU_gles_max_version_2 
12-02 23:51:06.764  5326  5388 D eglCodecCommon: allocate: Ask for block of size 0x1000
12-02 23:51:06.764  5326  5388 D eglCodecCommon: allocate: ioctl allocate returned offset 0x3ffff8000 size 0x2000
12-02 23:51:06.766  1772  1873 D gralloc_ranchu: gralloc_alloc: Creating ashmem region of size 14749696
12-02 23:51:06.768  1772  1873 D gralloc_ranchu: gralloc_alloc: Creating ashmem region of size 14749696
12-02 23:51:06.769  5326  5388 D EGL_emulation: eglMakeCurrent: 0xe3a47660: ver 2 0 (tinfo 0xeecc0e50)
12-02 23:51:06.771  2584  5312 E SQLiteDatabase: Error inserting flex_time=2517000 job_id=-1 period=5036000 source=16 requires_charging=0 preferred_network_type=1 target_class=com.google.android.gms.measurement.PackageMeasurementTaskService user_id=0 target_package=com.google.android.gms tag=Measurement.PackageMeasurementTaskService.UPLOAD_TASK_TAG task_type=0 required_idleness_state=0 service_kind=0 source_version=202414000 persistence_level=1 preferred_charging_state=1 required_network_type=0 runtime=1670014266766 retry_strategy={"maximum_backoff_seconds":{"3600":0},"initial_backoff_seconds":{"30":0},"retry_policy":{"0":0}} last_runtime=0
12-02 23:51:06.771  2584  5312 E SQLiteDatabase: android.database.sqlite.SQLiteConstraintException: UNIQUE constraint failed: pending_ops.tag, pending_ops.target_class, pending_ops.target_package, pending_ops.user_id (code 2067 SQLITE_CONSTRAINT_UNIQUE)
12-02 23:51:06.771  2584  5312 E SQLiteDatabase: 	at android.database.sqlite.SQLiteConnection.nativeExecuteForLastInsertedRowId(Native Method)
12-02 23:51:06.771  2584  5312 E SQLiteDatabase: 	at android.database.sqlite.SQLiteConnection.executeForLastInsertedRowId(SQLiteConnection.java:879)
12-02 23:51:06.771  2584  5312 E SQLiteDatabase: 	at android.database.sqlite.SQLiteSession.executeForLastInsertedRowId(SQLiteSession.java:790)
12-02 23:51:06.771  2584  5312 E SQLiteDatabase: 	at android.database.sqlite.SQLiteStatement.executeInsert(SQLiteStatement.java:88)
12-02 23:51:06.771  2584  5312 E SQLiteDatabase: 	at android.database.sqlite.SQLiteDatabase.insertWithOnConflict(SQLiteDatabase.java:1599)
12-02 23:51:06.771  2584  5312 E SQLiteDatabase: 	at android.database.sqlite.SQLiteDatabase.insert(SQLiteDatabase.java:1468)
12-02 23:51:06.771  2584  5312 E SQLiteDatabase: 	at aqui.a(:com.google.android.gms@202414022@20.24.14 (040700-319035315):175)
12-02 23:51:06.771  2584  5312 E SQLiteDatabase: 	at aqtk.a(:com.google.android.gms@202414022@20.24.14 (040700-319035315):182)
12-02 23:51:06.771  2584  5312 E SQLiteDatabase: 	at aqtk.a(:com.google.android.gms@202414022@20.24.14 (040700-319035315):23)
12-02 23:51:06.771  2584  5312 E SQLiteDatabase: 	at aqtk.a(:com.google.android.gms@202414022@20.24.14 (040700-319035315):177)
12-02 23:51:06.771  2584  5312 E SQLiteDatabase: 	at aqpu.run(:com.google.android.gms@202414022@20.24.14 (040700-319035315):9)
12-02 23:51:06.771  2584  5312 E SQLiteDatabase: 	at soy.b(:com.google.android.gms@202414022@20.24.14 (040700-319035315):12)
12-02 23:51:06.771  2584  5312 E SQLiteDatabase: 	at soy.run(:com.google.android.gms@202414022@20.24.14 (040700-319035315):7)
12-02 23:51:06.771  2584  5312 E SQLiteDatabase: 	at java.util.concurrent.ThreadPoolExecutor.runWorker(ThreadPoolExecutor.java:1167)
12-02 23:51:06.771  2584  5312 E SQLiteDatabase: 	at java.util.concurrent.ThreadPoolExecutor$Worker.run(ThreadPoolExecutor.java:641)
12-02 23:51:06.771  2584  5312 E SQLiteDatabase: 	at sux.run(:com.google.android.gms@202414022@20.24.14 (040700-319035315):0)
12-02 23:51:06.771  2584  5312 E SQLiteDatabase: 	at java.lang.Thread.run(Thread.java:919)
12-02 23:51:06.827  2010  2041 I ActivityTaskManager: Displayed ru.iteco.fmhandroid/.ui.AppActivity: +820ms
12-02 23:51:06.837  2169  2501 D EGL_emulation: eglMakeCurrent: 0xdb91a600: ver 2 0 (tinfo 0xdb90f8d0)
12-02 23:51:06.850  5326  5374 W FileTestStorage: Test input args is not supported.
12-02 23:51:06.868  5326  5326 W teco.fmhandroi: Accessing hidden method Landroid/os/MessageQueue;->next()Landroid/os/Message; (greylist, reflection, allowed)
12-02 23:51:06.868  5326  5326 W teco.fmhandroi: Accessing hidden field Landroid/os/MessageQueue;->mMessages:Landroid/os/Message; (greylist, reflection, allowed)
12-02 23:51:06.868  5326  5326 W teco.fmhandroi: Accessing hidden method Landroid/os/Message;->recycleUnchecked()V (greylist, reflection, allowed)
12-02 23:51:06.877  5326  5326 W teco.fmhandroi: Accessing hidden method Landroid/view/WindowManagerGlobal;->getInstance()Landroid/view/WindowManagerGlobal; (greylist, reflection, allowed)
12-02 23:51:06.877  5326  5326 W teco.fmhandroi: Accessing hidden field Landroid/view/WindowManagerGlobal;->mViews:Ljava/util/ArrayList; (greylist, reflection, allowed)
12-02 23:51:06.877  5326  5326 W teco.fmhandroi: Accessing hidden field Landroid/view/WindowManagerGlobal;->mParams:Ljava/util/ArrayList; (greylist, reflection, allowed)
12-02 23:51:06.882  5326  5374 W teco.fmhandroi: Accessing hidden method Lsun/misc/Unsafe;->getUnsafe()Lsun/misc/Unsafe; (greylist,core-platform-api, linking, allowed)
12-02 23:51:06.882  5326  5374 W teco.fmhandroi: Accessing hidden method Lsun/misc/Unsafe;->objectFieldOffset(Ljava/lang/reflect/Field;)J (greylist,core-platform-api, linking, allowed)
12-02 23:51:06.890  5326  5326 I ViewInteraction: Performing 'wait for a specific view with <(an instance of android.widget.TextView and view.getText() with or without transformation to match: is "Authorization" and view.getParent() view.getParent() view.getId() is <2131231186>)> during 10000 millis.' action on view view.getRootView() to equal view
12-02 23:51:06.901  5326  5374 W teco.fmhandroi: Accessing hidden method Lsun/misc/Unsafe;->putObject(Ljava/lang/Object;JLjava/lang/Object;)V (greylist, linking, allowed)
12-02 23:51:06.912  5326  5397 W teco.fmhandroi: Accessing hidden method Lsun/misc/Unsafe;->compareAndSwapObject(Ljava/lang/Object;JLjava/lang/Object;Ljava/lang/Object;)Z (greylist, linking, allowed)
12-02 23:51:06.913  5326  5397 W teco.fmhandroi: Accessing hidden method Lsun/misc/Unsafe;->getObject(Ljava/lang/Object;J)Ljava/lang/Object; (greylist, linking, allowed)
12-02 23:51:06.923  3139  3166 I PBSessionCacheImpl: Deleted sessionId[429017003047] from persistence.
12-02 23:51:06.928  3139  3568 W SearchServiceCore: Abort, client detached.
12-02 23:51:09.645  5326  5326 W teco.fmhandroi: Accessing hidden field Lsun/misc/Unsafe;->theUnsafe:Lsun/misc/Unsafe; (greylist, reflection, allowed)
12-02 23:51:09.646  5326  5326 W teco.fmhandroi: Accessing hidden method Lsun/misc/Unsafe;->allocateInstance(Ljava/lang/Class;)Ljava/lang/Object; (greylist, reflection, allowed)
12-02 23:51:09.664  5326  5399 I okhttp.OkHttpClient: --> GET http://www.981757-ca08998.tmweb.ru:8080/fmh/authentication/userInfo
12-02 23:51:09.664  5326  5399 I okhttp.OkHttpClient: --> END GET
12-02 23:51:09.674  1743  5400 E ResolverController: No valid NAT64 prefix (128, <unspecified>/0)
12-02 23:51:10.561  5326  5399 I okhttp.OkHttpClient: <-- 200 http://www.981757-ca08998.tmweb.ru:8080/fmh/authentication/userInfo (896ms)
12-02 23:51:10.561  5326  5399 I okhttp.OkHttpClient: Vary: Origin
12-02 23:51:10.561  5326  5399 I okhttp.OkHttpClient: Vary: Access-Control-Request-Method
12-02 23:51:10.561  5326  5399 I okhttp.OkHttpClient: Vary: Access-Control-Request-Headers
12-02 23:51:10.561  5326  5399 I okhttp.OkHttpClient: X-Content-Type-Options: nosniff
12-02 23:51:10.561  5326  5399 I okhttp.OkHttpClient: X-XSS-Protection: 1; mode=block
12-02 23:51:10.562  5326  5399 I okhttp.OkHttpClient: Cache-Control: no-cache, no-store, max-age=0, must-revalidate
12-02 23:51:10.562  5326  5399 I okhttp.OkHttpClient: Pragma: no-cache
12-02 23:51:10.562  5326  5399 I okhttp.OkHttpClient: Expires: 0
12-02 23:51:10.562  5326  5399 I okhttp.OkHttpClient: X-Frame-Options: DENY
12-02 23:51:10.562  5326  5399 I okhttp.OkHttpClient: Content-Type: application/json
12-02 23:51:10.562  5326  5399 I okhttp.OkHttpClient: Transfer-Encoding: chunked
12-02 23:51:10.562  5326  5399 I okhttp.OkHttpClient: Date: Fri, 02 Dec 2022 20:51:11 GMT
12-02 23:51:10.562  5326  5399 I okhttp.OkHttpClient: Keep-Alive: timeout=60
12-02 23:51:10.562  5326  5399 I okhttp.OkHttpClient: Connection: keep-alive
12-02 23:51:10.565  5326  5399 I okhttp.OkHttpClient: {"id":2,"firstName":"Данил","lastName":"Иванов","middleName":"Данилович","admin":true}
12-02 23:51:10.565  5326  5399 I okhttp.OkHttpClient: <-- END HTTP (106-byte body)
12-02 23:51:10.602  5326  5403 I okhttp.OkHttpClient: --> GET http://www.981757-ca08998.tmweb.ru:8080/fmh/claims
12-02 23:51:10.602  5326  5403 I okhttp.OkHttpClient: --> END GET
12-02 23:51:11.161  5326  5326 I Choreographer: Skipped 33 frames!  The application may be doing too much work on its main thread.
12-02 23:51:11.539  5326  5388 I OpenGLRenderer: Davey! duration=942ms; Flags=1, IntendedVsync=97901594814509, Vsync=97902144814487, OldestInputEvent=9223372036854775807, NewestInputEvent=0, HandleInputStart=97902161226580, AnimationStart=97902161272380, PerformTraversalsStart=97902161664380, DrawStart=97902237441580, SyncQueued=97902240452780, SyncStart=97902241395180, IssueDrawCommandsStart=97902241560780, SwapBuffers=97902532428980, FrameCompleted=97902538664280, DequeueBufferDuration=460000, QueueBufferDuration=881000, 
12-02 23:51:11.911  5326  5368 V FA      : Inactivity, disconnecting from the service
12-02 23:51:12.005  2584  5218 I LogUtils: [Places]: ?: Couldn't find platform key file. [CONTEXT service_id=253 ]
12-02 23:51:12.011  2584  5026 I LogUtils: [Places]: ?: Couldn't find platform key file. [CONTEXT service_id=253 ]
12-02 23:51:12.017  2584  5310 I LogUtils: [Places]: ?: PlacesBleScanner stop() [CONTEXT service_id=253 ]
12-02 23:51:12.017  2584  2584 I BeaconBle: Scan : No clients left, canceling alarm. [CONTEXT service_id=111 ]
12-02 23:51:12.019  2584  2584 I BeaconBle: Scan canceled successfully. [CONTEXT service_id=111 ]
12-02 23:51:12.024  2584  5310 I PlacesLogger: [PlaceInferenceEngine]: [anon] Changed inference mode: 0 [CONTEXT service_id=253 ]
12-02 23:51:12.047  2584  3808 W GCoreFlp: No location to return for getLastLocation()
12-02 23:51:12.073  2584  5066 I LogUtils: [Places]: ?: Couldn't find platform key file. [CONTEXT service_id=253 ]
12-02 23:51:12.075  2584  5026 I LogUtils: [Places]: ?: Couldn't find platform key file. [CONTEXT service_id=253 ]
12-02 23:51:12.142  2584  2584 I GeofencerStateMachine: removeGeofences: removeRequest=RemoveGeofencingRequest[REMOVE_BY_PENDING_INTENT pendingIntent=PendingIntent[creatorPackage=com.google.android.gms], packageName=com.google.android.gms]
12-02 23:51:13.948  5326  5403 I okhttp.OkHttpClient: <-- 200 http://www.981757-ca08998.tmweb.ru:8080/fmh/claims (3346ms)
12-02 23:51:13.948  5326  5403 I okhttp.OkHttpClient: Vary: Origin
12-02 23:51:13.949  5326  5403 I okhttp.OkHttpClient: Vary: Access-Control-Request-Method
12-02 23:51:13.949  5326  5403 I okhttp.OkHttpClient: Vary: Access-Control-Request-Headers
12-02 23:51:13.949  5326  5403 I okhttp.OkHttpClient: X-Content-Type-Options: nosniff
12-02 23:51:13.949  5326  5403 I okhttp.OkHttpClient: X-XSS-Protection: 1; mode=block
12-02 23:51:13.949  5326  5403 I okhttp.OkHttpClient: Cache-Control: no-cache, no-store, max-age=0, must-revalidate
12-02 23:51:13.949  5326  5403 I okhttp.OkHttpClient: Pragma: no-cache
12-02 23:51:13.949  5326  5403 I okhttp.OkHttpClient: Expires: 0
12-02 23:51:13.949  5326  5403 I okhttp.OkHttpClient: X-Frame-Options: DENY
12-02 23:51:13.949  5326  5403 I okhttp.OkHttpClient: Content-Type: application/json
12-02 23:51:13.949  5326  5403 I okhttp.OkHttpClient: Transfer-Encoding: chunked
12-02 23:51:13.949  5326  5403 I okhttp.OkHttpClient: Date: Fri, 02 Dec 2022 20:51:15 GMT
12-02 23:51:13.949  5326  5403 I okhttp.OkHttpClient: Keep-Alive: timeout=60
12-02 23:51:13.949  5326  5403 I okhttp.OkHttpClient: Connection: keep-alive
12-02 23:51:16.918  2010  2041 E memtrack: Couldn't load memtrack module
12-02 23:51:16.918  2010  2041 W android.os.Debug: failed to get memory consumption info: -1
12-02 23:51:16.925  3139  3568 I WorkerManager: dispose()
12-02 23:51:16.926  3139  3568 W ThreadPoolDumper: Queue length for executor EventBus is now 11. Perhaps some tasks are too long, or the pool is too small.
12-02 23:51:16.969  5326  5326 D takeScreenshot: Found 1 global views to redraw
12-02 23:51:17.002  1772  1873 D gralloc_ranchu: gralloc_alloc: Creating ashmem region of size 14749696
12-02 23:51:17.011  1648  1648 I hwservicemanager: getTransport: Cannot find entry android.hardware.graphics.mapper@3.0::IMapper/default in either framework or device manifest.
12-02 23:51:17.011  5307  5324 W Gralloc3: mapper 3.x is not supported
12-02 23:51:17.018  5307  5324 D HostConnection: createUnique: call
12-02 23:51:17.019  5307  5324 D HostConnection: HostConnection::get() New Host Connection established 0xd305a0a0, tid 5324
12-02 23:51:17.020  5307  5324 D HostConnection: HostComposition ext ANDROID_EMU_CHECKSUM_HELPER_v1 ANDROID_EMU_dma_v1 ANDROID_EMU_direct_mem ANDROID_EMU_host_composition_v1 ANDROID_EMU_host_composition_v2 ANDROID_EMU_vulkan ANDROID_EMU_deferred_vulkan_commands ANDROID_EMU_vulkan_null_optional_strings ANDROID_EMU_vulkan_create_resources_with_requirements ANDROID_EMU_YUV_Cache ANDROID_EMU_vulkan_ignored_handles ANDROID_EMU_vulkan_free_memory_sync ANDROID_EMU_vulkan_shader_float16_int8 ANDROID_EMU_vulkan_async_queue_submit ANDROID_EMU_sync_buffer_data GL_OES_vertex_array_object GL_KHR_texture_compression_astc_ldr ANDROID_EMU_host_side_tracing ANDROID_EMU_gles_max_version_2 
12-02 23:51:17.021  5307  5324 D eglCodecCommon: allocate: Ask for block of size 0x1000
12-02 23:51:17.021  5307  5324 D eglCodecCommon: allocate: ioctl allocate returned offset 0x3ff1d2000 size 0x2000
12-02 23:51:17.025  1788  2002 E SurfaceFlinger: ro.sf.lcd_density must be defined as a build property
12-02 23:51:17.025  1788  2002 E SurfaceFlinger: ro.sf.lcd_density must be defined as a build property
12-02 23:51:17.027  2584  2584 I BeaconBle: Scan : No clients left, canceling alarm. [CONTEXT service_id=111 ]
12-02 23:51:17.028  5307  5411 D libEGL  : Emulator has host GPU support, qemu.gles is set to 1.
12-02 23:51:17.037  5307  5411 W libc    : Unable to set property "qemu.gles" to "1": error code: 0x18
12-02 23:51:17.040  5307  5411 D libEGL  : loaded /vendor/lib/egl/libEGL_emulation.so
12-02 23:51:17.041  5307  5411 D libEGL  : loaded /vendor/lib/egl/libGLESv1_CM_emulation.so
12-02 23:51:17.043  5307  5411 D libEGL  : loaded /vendor/lib/egl/libGLESv2_emulation.so
12-02 23:51:17.051  5307  5411 D HostConnection: HostConnection::get() New Host Connection established 0xe83563f0, tid 5411
12-02 23:51:17.052  5307  5411 D HostConnection: HostComposition ext ANDROID_EMU_CHECKSUM_HELPER_v1 ANDROID_EMU_dma_v1 ANDROID_EMU_direct_mem ANDROID_EMU_host_composition_v1 ANDROID_EMU_host_composition_v2 ANDROID_EMU_vulkan ANDROID_EMU_deferred_vulkan_commands ANDROID_EMU_vulkan_null_optional_strings ANDROID_EMU_vulkan_create_resources_with_requirements ANDROID_EMU_YUV_Cache ANDROID_EMU_vulkan_ignored_handles ANDROID_EMU_vulkan_free_memory_sync ANDROID_EMU_vulkan_shader_float16_int8 ANDROID_EMU_vulkan_async_queue_submit ANDROID_EMU_sync_buffer_data GL_OES_vertex_array_object GL_KHR_texture_compression_astc_ldr ANDROID_EMU_host_side_tracing ANDROID_EMU_gles_max_version_2 
12-02 23:51:17.055  5307  5411 W OpenGLRenderer: Failed to choose config with EGL_SWAP_BEHAVIOR_PRESERVED, retrying without...
12-02 23:51:17.086  5307  5411 D EGL_emulation: eglCreateContext: 0xe837ece0: maj 2 min 0 rcv 2
12-02 23:51:17.090  5307  5411 D EGL_emulation: eglMakeCurrent: 0xe837ece0: ver 2 0 (tinfo 0xe8392b00)
12-02 23:51:17.133  5326  5374 W DefaultFailureHandler: Failed to take screenshot
12-02 23:51:17.133  5326  5374 W DefaultFailureHandler: java.io.FileNotFoundException: view-op-error-1.png: open failed: EROFS (Read-only file system)
12-02 23:51:17.133  5326  5374 W DefaultFailureHandler: 	at libcore.io.IoBridge.open(IoBridge.java:496)
12-02 23:51:17.133  5326  5374 W DefaultFailureHandler: 	at java.io.FileOutputStream.<init>(FileOutputStream.java:235)
12-02 23:51:17.133  5326  5374 W DefaultFailureHandler: 	at java.io.FileOutputStream.<init>(FileOutputStream.java:125)
12-02 23:51:17.133  5326  5374 W DefaultFailureHandler: 	at androidx.test.platform.io.FileTestStorage.openOutputFile(FileTestStorage.java:60)
12-02 23:51:17.133  5326  5374 W DefaultFailureHandler: 	at androidx.test.core.graphics.BitmapStorage.writeToTestStorage(BitmapStorageExt.kt:49)
12-02 23:51:17.133  5326  5374 W DefaultFailureHandler: 	at androidx.test.espresso.base.DefaultFailureHandler.takeScreenshot(DefaultFailureHandler.java:4)
12-02 23:51:17.133  5326  5374 W DefaultFailureHandler: 	at androidx.test.espresso.base.DefaultFailureHandler.handle(DefaultFailureHandler.java:3)
12-02 23:51:17.133  5326  5374 W DefaultFailureHandler: 	at androidx.test.espresso.ViewInteraction.waitForAndHandleInteractionResults(ViewInteraction.java:8)
12-02 23:51:17.133  5326  5374 W DefaultFailureHandler: 	at androidx.test.espresso.ViewInteraction.desugaredPerform(ViewInteraction.java:11)
12-02 23:51:17.133  5326  5374 W DefaultFailureHandler: 	at androidx.test.espresso.ViewInteraction.perform(ViewInteraction.java:8)
12-02 23:51:17.133  5326  5374 W DefaultFailureHandler: 	at ru.iteco.fmhandroid.ui.data.TestUtils.waitView(TestUtils.java:61)
12-02 23:51:17.133  5326  5374 W DefaultFailureHandler: 	at ru.iteco.fmhandroid.ui.steps.AuthSteps.isAuthScreen(AuthSteps.java:56)
12-02 23:51:17.133  5326  5374 W DefaultFailureHandler: 	at ru.iteco.fmhandroid.ui.ControlPanelTest.logoutCheckAndOpenControlPanelPage(ControlPanelTest.java:57)
12-02 23:51:17.133  5326  5374 W DefaultFailureHandler: 	at java.lang.reflect.Method.invoke(Native Method)
12-02 23:51:17.133  5326  5374 W DefaultFailureHandler: 	at org.junit.runners.model.FrameworkMethod$1.runReflectiveCall(FrameworkMethod.java:59)
12-02 23:51:17.133  5326  5374 W DefaultFailureHandler: 	at org.junit.internal.runners.model.ReflectiveCallable.run(ReflectiveCallable.java:12)
12-02 23:51:17.133  5326  5374 W DefaultFailureHandler: 	at org.junit.runners.model.FrameworkMethod.invokeExplosively(FrameworkMethod.java:56)
12-02 23:51:17.133  5326  5374 W DefaultFailureHandler: 	at androidx.test.internal.runner.junit4.statement.RunBefores.evaluate(RunBefores.java:76)
12-02 23:51:17.133  5326  5374 W DefaultFailureHandler: 	at androidx.test.internal.runner.junit4.statement.RunAfters.evaluate(RunAfters.java:61)
12-02 23:51:17.133  5326  5374 W DefaultFailureHandler: 	at androidx.test.rule.ActivityTestRule$ActivityStatement.evaluate(ActivityTestRule.java:543)
12-02 23:51:17.133  5326  5374 W DefaultFailureHandler: 	at io.qameta.allure.android.rules.LogcatRule$apply$1.evaluate(LogcatRule.kt:23)
