12-02 19:03:07.189  2584 29355 E SQLiteDatabase: 	at aqtk.a(:com.google.android.gms@202414022@20.24.14 (040700-319035315):177)
12-02 19:03:07.189  2584 29355 E SQLiteDatabase: 	at aqpu.run(:com.google.android.gms@202414022@20.24.14 (040700-319035315):9)
12-02 19:03:07.189  2584 29355 E SQLiteDatabase: 	at soy.b(:com.google.android.gms@202414022@20.24.14 (040700-319035315):12)
12-02 19:03:07.189  2584 29355 E SQLiteDatabase: 	at soy.run(:com.google.android.gms@202414022@20.24.14 (040700-319035315):7)
12-02 19:03:07.189  2584 29355 E SQLiteDatabase: 	at java.util.concurrent.ThreadPoolExecutor.runWorker(ThreadPoolExecutor.java:1167)
12-02 19:03:07.189  2584 29355 E SQLiteDatabase: 	at java.util.concurrent.ThreadPoolExecutor$Worker.run(ThreadPoolExecutor.java:641)
12-02 19:03:07.189  2584 29355 E SQLiteDatabase: 	at sux.run(:com.google.android.gms@202414022@20.24.14 (040700-319035315):0)
12-02 19:03:07.189  2584 29355 E SQLiteDatabase: 	at java.lang.Thread.run(Thread.java:919)
12-02 19:03:07.192  2584  2584 I GeofencerStateMachine: removeGeofences: removeRequest=RemoveGeofencingRequest[REMOVE_BY_PENDING_INTENT pendingIntent=PendingIntent[creatorPackage=com.google.android.gms], packageName=com.google.android.gms]
12-02 19:03:07.192  2584 29330 I ctxmgr  : [ProducerStatusImpl] updateStateForNewContextData: inactive, contextName=7 [CONTEXT service_id=47 ]
12-02 19:03:07.206  2584 29332 I LogUtils: [Places]: ?: Couldn't find platform key file. [CONTEXT service_id=253 ]
12-02 19:03:07.209  2584 29356 I PlacesLogger: [PlaceInferenceEngine]: [anon] Changed inference mode: 0 [CONTEXT service_id=253 ]
12-02 19:03:07.211  2584 29332 I LogUtils: [Places]: ?: Couldn't find platform key file. [CONTEXT service_id=253 ]
12-02 19:03:07.211  2584 29352 I LogUtils: [Places]: ?: Couldn't find platform key file. [CONTEXT service_id=253 ]
12-02 19:03:07.214  2584  3808 W GCoreFlp: No location to return for getLastLocation()
12-02 19:03:07.236  2584 29352 I LogUtils: [Places]: ?: Couldn't find platform key file. [CONTEXT service_id=253 ]
12-02 19:03:07.240  2584 29352 I LogUtils: [Places]: ?: Couldn't find platform key file. [CONTEXT service_id=253 ]
12-02 19:03:07.248  2584  3808 W GCoreFlp: No location to return for getLastLocation()
12-02 19:03:07.268  2584  3808 W GCoreFlp: No location to return for getLastLocation()
12-02 19:03:07.286  2584 29356 I LogUtils: [Places]: ?: PlacesBleScanner start() with priority 2 [CONTEXT service_id=253 ]
12-02 19:03:07.287  2584 29356 I PlacesLogger: [PlaceInferenceEngine]: [anon] Changed inference mode: 1 [CONTEXT service_id=253 ]
12-02 19:03:07.291  1750  1962 W audio_hw_generic: Not supplying enough data to HAL, expected position 395111009 , only wrote 394802080
12-02 19:03:07.296  2584  2584 E BeaconBle: Missing BluetoothAdapter [CONTEXT service_id=111 ]
12-02 19:03:07.296  2584  2584 I BeaconBle: BLE 'KK+' software access layer enabled [CONTEXT service_id=111 ]
12-02 19:03:07.312  2584  2584 I BeaconBle: Client requested scan, settings=BleSettings [scanMode=ZERO_POWER, callbackType=ALL_MATCHES, reportDelayMillis=0, 1 filters, 0 clients, callingClientName=Places] [CONTEXT service_id=111 ]
12-02 19:03:07.312  2584  2584 I BeaconBle: Scan : No clients left, canceling alarm. [CONTEXT service_id=111 ]
12-02 19:03:07.313  2584  2584 E BeaconBle: Scan couldn't start for Places [CONTEXT service_id=111 ]
12-02 19:03:07.314  2584  2584 W Places  : BLE failure while scanning - code 5
12-02 19:03:07.334  2584  3808 W GCoreFlp: No location to return for getLastLocation()
12-02 19:03:07.986  2010 20213 D WificondControl: Scan result ready event
12-02 19:03:09.935 28895 28969 I okhttp.OkHttpClient: --> GET http://www.981757-ca08998.tmweb.ru:8080/fmh/authentication/userInfo
12-02 19:03:09.935 28895 28969 I okhttp.OkHttpClient: --> END GET
12-02 19:03:10.580 28895 28969 I okhttp.OkHttpClient: <-- 200 http://www.981757-ca08998.tmweb.ru:8080/fmh/authentication/userInfo (644ms)
12-02 19:03:10.580 28895 28969 I okhttp.OkHttpClient: Vary: Origin
12-02 19:03:10.580 28895 28969 I okhttp.OkHttpClient: Vary: Access-Control-Request-Method
12-02 19:03:10.580 28895 28969 I okhttp.OkHttpClient: Vary: Access-Control-Request-Headers
12-02 19:03:10.580 28895 28969 I okhttp.OkHttpClient: X-Content-Type-Options: nosniff
12-02 19:03:10.580 28895 28969 I okhttp.OkHttpClient: X-XSS-Protection: 1; mode=block
12-02 19:03:10.580 28895 28969 I okhttp.OkHttpClient: Cache-Control: no-cache, no-store, max-age=0, must-revalidate
12-02 19:03:10.580 28895 28969 I okhttp.OkHttpClient: Pragma: no-cache
12-02 19:03:10.581 28895 28969 I okhttp.OkHttpClient: Expires: 0
12-02 19:03:10.581 28895 28969 I okhttp.OkHttpClient: X-Frame-Options: DENY
12-02 19:03:10.581 28895 28969 I okhttp.OkHttpClient: Content-Type: application/json
12-02 19:03:10.581 28895 28969 I okhttp.OkHttpClient: Transfer-Encoding: chunked
12-02 19:03:10.581 28895 28969 I okhttp.OkHttpClient: Date: Fri, 02 Dec 2022 16:03:11 GMT
12-02 19:03:10.581 28895 28969 I okhttp.OkHttpClient: Keep-Alive: timeout=60
12-02 19:03:10.581 28895 28969 I okhttp.OkHttpClient: Connection: keep-alive
12-02 19:03:10.581 28895 28969 I okhttp.OkHttpClient: {"id":2,"firstName":"","lastName":"","middleName":"","admin":true}
12-02 19:03:10.581 28895 28969 I okhttp.OkHttpClient: <-- END HTTP (106-byte body)
12-02 19:03:10.585 28895 28974 I okhttp.OkHttpClient: --> GET http://www.981757-ca08998.tmweb.ru:8080/fmh/claims
12-02 19:03:10.585 28895 28974 I okhttp.OkHttpClient: --> END GET
12-02 19:03:10.588  1743 29358 E ResolverController: No valid NAT64 prefix (127, <unspecified>/0)
12-02 19:03:12.160 28895 28934 V FA      : Inactivity, disconnecting from the service
12-02 19:03:12.203  2584 29330 I LogUtils: [Places]: ?: Couldn't find platform key file. [CONTEXT service_id=253 ]
12-02 19:03:12.204  2584 29355 I LogUtils: [Places]: ?: Couldn't find platform key file. [CONTEXT service_id=253 ]
12-02 19:03:12.233  2584 29356 I LogUtils: [Places]: ?: PlacesBleScanner stop() [CONTEXT service_id=253 ]
12-02 19:03:12.233  2584  2584 I BeaconBle: Scan : No clients left, canceling alarm. [CONTEXT service_id=111 ]
12-02 19:03:12.235  2584  2584 I BeaconBle: Scan canceled successfully. [CONTEXT service_id=111 ]
12-02 19:03:12.242  2584 29356 I PlacesLogger: [PlaceInferenceEngine]: [anon] Changed inference mode: 0 [CONTEXT service_id=253 ]
12-02 19:03:12.267  2584  3808 W GCoreFlp: No location to return for getLastLocation()
12-02 19:03:12.277  2584 29330 I LogUtils: [Places]: ?: Couldn't find platform key file. [CONTEXT service_id=253 ]
12-02 19:03:12.279  2584 29332 I LogUtils: [Places]: ?: Couldn't find platform key file. [CONTEXT service_id=253 ]
12-02 19:03:12.334  2584  2584 I GeofencerStateMachine: removeGeofences: removeRequest=RemoveGeofencingRequest[REMOVE_BY_PENDING_INTENT pendingIntent=PendingIntent[creatorPackage=com.google.android.gms], packageName=com.google.android.gms]
12-02 19:03:12.747 28895 28974 I okhttp.OkHttpClient: <-- 200 http://www.981757-ca08998.tmweb.ru:8080/fmh/claims (2161ms)
12-02 19:03:12.748 28895 28974 I okhttp.OkHttpClient: Vary: Origin
12-02 19:03:12.748 28895 28974 I okhttp.OkHttpClient: Vary: Access-Control-Request-Method
12-02 19:03:12.748 28895 28974 I okhttp.OkHttpClient: Vary: Access-Control-Request-Headers
12-02 19:03:12.748 28895 28974 I okhttp.OkHttpClient: X-Content-Type-Options: nosniff
12-02 19:03:12.748 28895 28974 I okhttp.OkHttpClient: X-XSS-Protection: 1; mode=block
12-02 19:03:12.748 28895 28974 I okhttp.OkHttpClient: Cache-Control: no-cache, no-store, max-age=0, must-revalidate
12-02 19:03:12.748 28895 28974 I okhttp.OkHttpClient: Pragma: no-cache
12-02 19:03:12.748 28895 28974 I okhttp.OkHttpClient: Expires: 0
12-02 19:03:12.748 28895 28974 I okhttp.OkHttpClient: X-Frame-Options: DENY
12-02 19:03:12.748 28895 28974 I okhttp.OkHttpClient: Content-Type: application/json
12-02 19:03:12.748 28895 28974 I okhttp.OkHttpClient: Transfer-Encoding: chunked
12-02 19:03:12.748 28895 28974 I okhttp.OkHttpClient: Date: Fri, 02 Dec 2022 16:03:14 GMT
12-02 19:03:12.748 28895 28974 I okhttp.OkHttpClient: Keep-Alive: timeout=60
12-02 19:03:12.748 28895 28974 I okhttp.OkHttpClient: Connection: keep-alive
12-02 19:03:17.117 28895 28895 D takeScreenshot: Found 1 global views to redraw
12-02 19:03:17.142  3139  3568 I WorkerManager: dispose()
12-02 19:03:17.143  3139  3568 W ThreadPoolDumper: Queue length for executor EventBus is now 11. Perhaps some tasks are too long, or the pool is too small.
12-02 19:03:17.144  1772  1873 D gralloc_ranchu: gralloc_alloc: Creating ashmem region of size 14749696
12-02 19:03:17.182 28895 28939 W DefaultFailureHandler: Failed to take screenshot
12-02 19:03:17.182 28895 28939 W DefaultFailureHandler: java.io.FileNotFoundException: view-op-error-22.png: open failed: EROFS (Read-only file system)
12-02 19:03:17.182 28895 28939 W DefaultFailureHandler: 	at libcore.io.IoBridge.open(IoBridge.java:496)
12-02 19:03:17.182 28895 28939 W DefaultFailureHandler: 	at java.io.FileOutputStream.<init>(FileOutputStream.java:235)
12-02 19:03:17.182 28895 28939 W DefaultFailureHandler: 	at java.io.FileOutputStream.<init>(FileOutputStream.java:125)
12-02 19:03:17.182 28895 28939 W DefaultFailureHandler: 	at androidx.test.platform.io.FileTestStorage.openOutputFile(FileTestStorage.java:60)
12-02 19:03:17.182 28895 28939 W DefaultFailureHandler: 	at androidx.test.core.graphics.BitmapStorage.writeToTestStorage(BitmapStorageExt.kt:49)
12-02 19:03:17.182 28895 28939 W DefaultFailureHandler: 	at androidx.test.espresso.base.DefaultFailureHandler.takeScreenshot(DefaultFailureHandler.java:4)
12-02 19:03:17.182 28895 28939 W DefaultFailureHandler: 	at androidx.test.espresso.base.DefaultFailureHandler.handle(DefaultFailureHandler.java:3)
12-02 19:03:17.182 28895 28939 W DefaultFailureHandler: 	at androidx.test.espresso.ViewInteraction.waitForAndHandleInteractionResults(ViewInteraction.java:8)
12-02 19:03:17.182 28895 28939 W DefaultFailureHandler: 	at androidx.test.espresso.ViewInteraction.desugaredPerform(ViewInteraction.java:11)
12-02 19:03:17.182 28895 28939 W DefaultFailureHandler: 	at androidx.test.espresso.ViewInteraction.perform(ViewInteraction.java:8)
12-02 19:03:17.182 28895 28939 W DefaultFailureHandler: 	at ru.iteco.fmhandroid.ui.data.TestUtils.waitView(TestUtils.java:61)
12-02 19:03:17.182 28895 28939 W DefaultFailureHandler: 	at ru.iteco.fmhandroid.ui.steps.AuthSteps.isAuthScreen(AuthSteps.java:56)
12-02 19:03:17.182 28895 28939 W DefaultFailureHandler: 	at ru.iteco.fmhandroid.ui.ClaimsCreationFormTest.logoutCheck(ClaimsCreationFormTest.java:56)
12-02 19:03:17.182 28895 28939 W DefaultFailureHandler: 	at java.lang.reflect.Method.invoke(Native Method)
12-02 19:03:17.182 28895 28939 W DefaultFailureHandler: 	at org.junit.runners.model.FrameworkMethod$1.runReflectiveCall(FrameworkMethod.java:59)
12-02 19:03:17.182 28895 28939 W DefaultFailureHandler: 	at org.junit.internal.runners.model.ReflectiveCallable.run(ReflectiveCallable.java:12)
12-02 19:03:17.182 28895 28939 W DefaultFailureHandler: 	at org.junit.runners.model.FrameworkMethod.invokeExplosively(FrameworkMethod.java:56)
12-02 19:03:17.182 28895 28939 W DefaultFailureHandler: 	at androidx.test.internal.runner.junit4.statement.RunBefores.evaluate(RunBefores.java:76)
12-02 19:03:17.182 28895 28939 W DefaultFailureHandler: 	at androidx.test.internal.runner.junit4.statement.RunAfters.evaluate(RunAfters.java:61)
12-02 19:03:17.182 28895 28939 W DefaultFailureHandler: 	at androidx.test.rule.ActivityTestRule$ActivityStatement.evaluate(ActivityTestRule.java:543)
12-02 19:03:17.182 28895 28939 W DefaultFailureHandler: 	at io.qameta.allure.android.rules.LogcatRule$apply$1.evaluate(LogcatRule.kt:23)
12-02 19:03:17.182 28895 28939 W DefaultFailureHandler: 	at io.qameta.allure.android.rules.ScreenshotRule$apply$1.evaluate(ScreenshotRule.kt:22)
12-02 19:03:17.182 28895 28939 W DefaultFailureHandler: 	at io.qameta.allure.android.rules.ScreenshotRule$apply$1.evaluate(ScreenshotRule.kt:22)
12-02 19:03:17.182 28895 28939 W DefaultFailureHandler: 	at org.junit.rules.RunRules.evaluate(RunRules.java:20)
12-02 19:03:17.182 28895 28939 W DefaultFailureHandler: 	at org.junit.runners.ParentRunner$3.evaluate(ParentRunner.java:306)
12-02 19:03:17.182 28895 28939 W DefaultFailureHandler: 	at org.junit.runners.BlockJUnit4ClassRunner$1.evaluate(BlockJUnit4ClassRunner.java:100)
12-02 19:03:17.182 28895 28939 W DefaultFailureHandler: 	at org.junit.runners.ParentRunner.runLeaf(ParentRunner.java:366)
12-02 19:03:17.182 28895 28939 W DefaultFailureHandler: 	at org.junit.runners.BlockJUnit4ClassRunner.runChild(BlockJUnit4ClassRunner.java:103)
12-02 19:03:17.182 28895 28939 W DefaultFailureHandler: 	at org.junit.runners.BlockJUnit4ClassRunner.runChild(BlockJUnit4ClassRunner.java:63)
12-02 19:03:17.182 28895 28939 W DefaultFailureHandler: 	at org.junit.runners.ParentRunner$4.run(ParentRunner.java:331)
12-02 19:03:17.182 28895 28939 W DefaultFailureHandler: 	at org.junit.runners.ParentRunner$1.schedule(ParentRunner.java:79)
12-02 19:03:17.182 28895 28939 W DefaultFailureHandler: 	at org.junit.runners.ParentRunner.runChildren(ParentRunner.java:329)
12-02 19:03:17.182 28895 28939 W DefaultFailureHandler: 	at org.junit.runners.ParentRunner.access$100(ParentRunner.java:66)
12-02 19:03:17.182 28895 28939 W DefaultFailureHandler: 	at org.junit.runners.ParentRunner$2.evaluate(ParentRunner.java:293)
12-02 19:03:17.182 28895 28939 W DefaultFailureHandler: 	at org.junit.runners.ParentRunner$3.evaluate(ParentRunner.java:306)
12-02 19:03:17.182 28895 28939 W DefaultFailureHandler: 	at org.junit.runners.ParentRunner.run(ParentRunner.java:413)
12-02 19:03:17.182 28895 28939 W DefaultFailureHandler: 	at androidx.test.ext.junit.runners.AndroidJUnit4.run(AndroidJUnit4.java:162)
12-02 19:03:17.182 28895 28939 W DefaultFailureHandler: 	at io.qameta.allure.android.runners.AllureAndroidJUnit4.run(AllureAndroidJUnitRunners.kt:29)
12-02 19:03:17.182 28895 28939 W DefaultFailureHandler: 	at org.junit.runners.Suite.runChild(Suite.java:128)
12-02 19:03:17.182 28895 28939 W DefaultFailureHandler: 	at org.junit.runners.Suite.runChild(Suite.java:27)
12-02 19:03:17.182 28895 28939 W DefaultFailureHandler: 	at org.junit.runners.ParentRunner$4.run(ParentRunner.java:331)
12-02 19:03:17.182 28895 28939 W DefaultFailureHandler: 	at org.junit.runners.ParentRunner$1.schedule(ParentRunner.java:79)
12-02 19:03:17.182 28895 28939 W DefaultFailureHandler: 	at org.junit.runners.ParentRunner.runChildren(ParentRunner.java:329)
12-02 19:03:17.182 28895 28939 W DefaultFailureHandler: 	at org.junit.runners.ParentRunner.access$100(ParentRunner.java:66)
12-02 19:03:17.182 28895 28939 W DefaultFailureHandler: 	at org.junit.runners.ParentRunner$2.evaluate(ParentRunner.java:293)
12-02 19:03:17.182 28895 28939 W DefaultFailureHandler: 	at org.junit.runners.ParentRunner$3.evaluate(ParentRunner.java:306)
12-02 19:03:17.182 28895 28939 W DefaultFailureHandler: 	at org.junit.runners.ParentRunner.run(ParentRunner.java:413)
12-02 19:03:17.182 28895 28939 W DefaultFailureHandler: 	at org.junit.runner.JUnitCore.run(JUnitCore.java:137)
12-02 19:03:17.182 28895 28939 W DefaultFailureHandler: 	at org.junit.runner.JUnitCore.run(JUnitCore.java:115)
12-02 19:03:17.182 28895 28939 W DefaultFailureHandler: 	at androidx.test.internal.runner.TestExecutor.execute(TestExecutor.java:67)
12-02 19:03:17.182 28895 28939 W DefaultFailureHandler: 	at androidx.test.internal.runner.TestExecutor.execute(TestExecutor.java:58)
12-02 19:03:17.182 28895 28939 W DefaultFailureHandler: 	at androidx.test.runner.AndroidJUnitRunner.onStart(AndroidJUnitRunner.java:438)
12-02 19:03:17.182 28895 28939 W DefaultFailureHandler: 	at android.app.Instrumentation$InstrumentationThread.run(Instrumentation.java:2189)
12-02 19:03:17.182 28895 28939 W DefaultFailureHandler: Caused by: android.system.ErrnoException: open failed: EROFS (Read-only file system)
12-02 19:03:17.182 28895 28939 W DefaultFailureHandler: 	at libcore.io.Linux.open(Native Method)
12-02 19:03:17.182 28895 28939 W DefaultFailureHandler: 	at libcore.io.ForwardingOs.open(ForwardingOs.java:167)
12-02 19:03:17.182 28895 28939 W DefaultFailureHandler: 	at libcore.io.BlockGuardOs.open(BlockGuardOs.java:252)
12-02 19:03:17.182 28895 28939 W DefaultFailureHandler: 	at libcore.io.ForwardingOs.open(ForwardingOs.java:167)
12-02 19:03:17.182 28895 28939 W DefaultFailureHandler: 	at android.app.ActivityThread$AndroidOs.open(ActivityThread.java:7255)
12-02 19:03:17.182 28895 28939 W DefaultFailureHandler: 	at libcore.io.IoBridge.open(IoBridge.java:482)
12-02 19:03:17.182 28895 28939 W DefaultFailureHandler: 	... 52 more
12-02 19:03:17.190 28895 28895 I ViewInteraction: Performing 'wait for a specific view with <view.getId() is <2131230870/ru.iteco.fmhandroid:id/authorization_image_button>> during 10000 millis.' action on view view.getRootView() to equal view
12-02 19:03:17.192 28895 28895 I ViewInteraction: Checking 'MatchesViewAssertion{viewMatcher=(view has effective visibility <VISIBLE> and view.getGlobalVisibleRect() to return non-empty rectangle)}' assertion on view view.getId() is <2131230870/ru.iteco.fmhandroid:id/authorization_image_button>
12-02 19:03:17.194 28895 28895 I ViewInteraction: Performing 'single click' action on view view.getId() is <2131230870/ru.iteco.fmhandroid:id/authorization_image_button>
12-02 19:03:17.245  1750  3111 W audio_hw_generic: Not supplying enough data to HAL, expected position 394802102 , only wrote 394802080
12-02 19:03:17.247  2584  2584 I BeaconBle: Scan : No clients left, canceling alarm. [CONTEXT service_id=111 ]
12-02 19:03:17.282  1772  1873 D gralloc_ranchu: gralloc_alloc: Creating ashmem region of size 1429504
12-02 19:03:17.284  1772  1875 D gralloc_ranchu: gralloc_alloc: Creating ashmem region of size 1429504
12-02 19:03:17.285  1772  1875 D gralloc_ranchu: gralloc_alloc: Creating ashmem region of size 1429504
12-02 19:03:17.292 28895 28955 D EGL_emulation: eglMakeCurrent: 0xe3a07540: ver 2 0 (tinfo 0xe3a93cb0)
12-02 19:03:17.322 28895 28955 I chatty  : uid=10159(ru.iteco.fmhandroid) RenderThread identical 2 lines
12-02 19:03:17.343 28895 28955 D EGL_emulation: eglMakeCurrent: 0xe3a07540: ver 2 0 (tinfo 0xe3a93cb0)
12-02 19:03:17.564 28895 28895 I ViewInteraction: Performing 'wait for a specific view with <an instance of android.widget.TextView and view.getText() with or without transformation to match: is "Log out"> during 10000 millis.' action on view view.getRootView() to equal view
12-02 19:03:17.566 28895 28895 I ViewInteraction: Checking 'MatchesViewAssertion{viewMatcher=(view has effective visibility <VISIBLE> and view.getGlobalVisibleRect() to return non-empty rectangle)}' assertion on view an instance of android.widget.TextView and view.getText() with or without transformation to match: is "Log out"
12-02 19:03:17.568 28895 28895 I ViewInteraction: Performing 'single click' action on view an instance of android.widget.TextView and view.getText() with or without transformation to match: is "Log out"
12-02 19:03:17.625 28895 28955 D EGL_emulation: eglMakeCurrent: 0xe3a07540: ver 2 0 (tinfo 0xe3a93cb0)
12-02 19:03:17.753 28895 28955 I chatty  : uid=10159(ru.iteco.fmhandroid) RenderThread identical 1 line
12-02 19:03:17.770 28895 28955 D EGL_emulation: eglMakeCurrent: 0xe3a07540: ver 2 0 (tinfo 0xe3a93cb0)
12-02 19:03:17.869 28895 28895 I ViewInteraction: Performing 'wait for a specific view with <(an instance of android.widget.TextView and view.getText() with or without transformation to match: is "Authorization" and view.getParent() view.getParent() view.getId() is <2131231186>)> during 10000 millis.' action on view view.getRootView() to equal view
12-02 19:03:17.882 28895 28895 I ViewInteraction: Checking 'MatchesViewAssertion{viewMatcher=(view has effective visibility <VISIBLE> and view.getGlobalVisibleRect() to return non-empty rectangle)}' assertion on view (an instance of android.widget.TextView and view.getText() with or without transformation to match: is "Authorization" and view.getParent() view.getParent() view.getId() is <2131231186/ru.iteco.fmhandroid:id/nav_host_fragment>)
12-02 19:03:17.888 28895 28895 I ViewInteraction: Performing 'wait for a specific view with <(an instance of android.widget.TextView and view.getHint() matching: is "Login" and view.getParent() view.getParent() view.getId() is <2131231121/ru.iteco.fmhandroid:id/login_text_input_layout>)> during 10000 millis.' action on view view.getRootView() to equal view
12-02 19:03:17.895 28895 28895 I ViewInteraction: Checking 'MatchesViewAssertion{viewMatcher=(view has effective visibility <VISIBLE> and view.getGlobalVisibleRect() to return non-empty rectangle)}' assertion on view (an instance of android.widget.TextView and view.getHint() matching: is "Login" and view.getParent() view.getParent() view.getId() is <2131231121/ru.iteco.fmhandroid:id/login_text_input_layout>)
12-02 19:03:17.898 28895 28895 I ViewInteraction: Performing 'wait for a specific view with <(an instance of android.widget.TextView and view.getHint() matching: is "Password" and view.getParent() view.getParent() view.getId() is <2131231264/ru.iteco.fmhandroid:id/password_text_input_layout>)> during 10000 millis.' action on view view.getRootView() to equal view
12-02 19:03:17.903 28895 28895 I ViewInteraction: Checking 'MatchesViewAssertion{viewMatcher=(view has effective visibility <VISIBLE> and view.getGlobalVisibleRect() to return non-empty rectangle)}' assertion on view (an instance of android.widget.TextView and view.getHint() matching: is "Password" and view.getParent() view.getParent() view.getId() is <2131231264/ru.iteco.fmhandroid:id/password_text_input_layout>)
12-02 19:03:17.906 28895 28895 I ViewInteraction: Performing 'wait for a specific view with <(view.getId() is <2131231039/ru.iteco.fmhandroid:id/enter_button> and an instance of android.widget.TextView and view.getText() with or without transformation to match: is "SIGN IN" and view.getContentDescription() is "Save" and view.getParent() view.getParent() an instance of android.widget.RelativeLayout)> during 10000 millis.' action on view view.getRootView() to equal view
12-02 19:03:17.909 28895 28895 I ViewInteraction: Checking 'MatchesViewAssertion{viewMatcher=(view has effective visibility <VISIBLE> and view.getGlobalVisibleRect() to return non-empty rectangle)}' assertion on view (view.getId() is <2131231039/ru.iteco.fmhandroid:id/enter_button> and an instance of android.widget.TextView and view.getText() with or without transformation to match: is "SIGN IN" and view.getContentDescription() is "Save" and view.getParent() view.getParent() an instance of android.widget.RelativeLayout)
12-02 19:03:17.911 28895 28895 I ViewInteraction: Performing 'wait for a specific view with <(an instance of android.widget.TextView and view.getText() with or without transformation to match: is "Authorization" and view.getParent() view.getParent() view.getId() is <2131231186>)> during 10000 millis.' action on view view.getRootView() to equal view
12-02 19:03:17.913 28895 28895 I ViewInteraction: Checking 'MatchesViewAssertion{viewMatcher=(view has effective visibility <VISIBLE> and view.getGlobalVisibleRect() to return non-empty rectangle)}' assertion on view (an instance of android.widget.TextView and view.getText() with or without transformation to match: is "Authorization" and view.getParent() view.getParent() view.getId() is <2131231186/ru.iteco.fmhandroid:id/nav_host_fragment>)
12-02 19:03:17.915 28895 28895 I ViewInteraction: Performing 'wait for a specific view with <(an instance of android.widget.TextView and view.getHint() matching: is "Login" and view.getParent() view.getParent() view.getId() is <2131231121/ru.iteco.fmhandroid:id/login_text_input_layout>)> during 10000 millis.' action on view view.getRootView() to equal view
12-02 19:03:17.918 28895 28895 I ViewInteraction: Checking 'MatchesViewAssertion{viewMatcher=(view has effective visibility <VISIBLE> and view.getGlobalVisibleRect() to return non-empty rectangle)}' assertion on view (an instance of android.widget.TextView and view.getHint() matching: is "Login" and view.getParent() view.getParent() view.getId() is <2131231121/ru.iteco.fmhandroid:id/login_text_input_layout>)
12-02 19:03:17.920 28895 28895 I ViewInteraction: Performing 'wait for a specific view with <(an instance of android.widget.TextView and view.getHint() matching: is "Password" and view.getParent() view.getParent() view.getId() is <2131231264/ru.iteco.fmhandroid:id/password_text_input_layout>)> during 10000 millis.' action on view view.getRootView() to equal view
12-02 19:03:17.923 28895 28895 I ViewInteraction: Checking 'MatchesViewAssertion{viewMatcher=(view has effective visibility <VISIBLE> and view.getGlobalVisibleRect() to return non-empty rectangle)}' assertion on view (an instance of android.widget.TextView and view.getHint() matching: is "Password" and view.getParent() view.getParent() view.getId() is <2131231264/ru.iteco.fmhandroid:id/password_text_input_layout>)
12-02 19:03:17.925 28895 28895 I ViewInteraction: Performing 'wait for a specific view with <(view.getId() is <2131231039/ru.iteco.fmhandroid:id/enter_button> and an instance of android.widget.TextView and view.getText() with or without transformation to match: is "SIGN IN" and view.getContentDescription() is "Save" and view.getParent() view.getParent() an instance of android.widget.RelativeLayout)> during 10000 millis.' action on view view.getRootView() to equal view
12-02 19:03:17.927 28895 28895 I ViewInteraction: Checking 'MatchesViewAssertion{viewMatcher=(view has effective visibility <VISIBLE> and view.getGlobalVisibleRect() to return non-empty rectangle)}' assertion on view (view.getId() is <2131231039/ru.iteco.fmhandroid:id/enter_button> and an instance of android.widget.TextView and view.getText() with or without transformation to match: is "SIGN IN" and view.getContentDescription() is "Save" and view.getParent() view.getParent() an instance of android.widget.RelativeLayout)
12-02 19:03:17.929 28895 28895 I ViewInteraction: Performing 'wait for a specific view with <(an instance of android.widget.TextView and view.getHint() matching: is "Login" and view.getParent() view.getParent() view.getId() is <2131231121/ru.iteco.fmhandroid:id/login_text_input_layout>)> during 10000 millis.' action on view view.getRootView() to equal view
12-02 19:03:17.932 28895 28895 I ViewInteraction: Performing 'replace text(login2)' action on view (an instance of android.widget.TextView and view.getHint() matching: is "Login" and view.getParent() view.getParent() view.getId() is <2131231121/ru.iteco.fmhandroid:id/login_text_input_layout>)
12-02 19:03:17.948 28895 28895 I ViewInteraction: Performing 'wait for a specific view with <(an instance of android.widget.TextView and view.getHint() matching: is "Password" and view.getParent() view.getParent() view.getId() is <2131231264/ru.iteco.fmhandroid:id/password_text_input_layout>)> during 10000 millis.' action on view view.getRootView() to equal view
12-02 19:03:17.951 28895 28895 I ViewInteraction: Performing 'replace text(password2)' action on view (an instance of android.widget.TextView and view.getHint() matching: is "Password" and view.getParent() view.getParent() view.getId() is <2131231264/ru.iteco.fmhandroid:id/password_text_input_layout>)
12-02 19:03:17.961 28895 28895 I ViewInteraction: Performing 'wait for a specific view with <(view.getId() is <2131231039/ru.iteco.fmhandroid:id/enter_button> and an instance of android.widget.TextView and view.getText() with or without transformation to match: is "SIGN IN" and view.getContentDescription() is "Save" and view.getParent() view.getParent() an instance of android.widget.RelativeLayout)> during 10000 millis.' action on view view.getRootView() to equal view
12-02 19:03:17.965 28895 28895 I ViewInteraction: Checking 'MatchesViewAssertion{viewMatcher=view.isClickable() is <true>}' assertion on view (view.getId() is <2131231039/ru.iteco.fmhandroid:id/enter_button> and an instance of android.widget.TextView and view.getText() with or without transformation to match: is "SIGN IN" and view.getContentDescription() is "Save" and view.getParent() view.getParent() an instance of android.widget.RelativeLayout)
12-02 19:03:17.967 28895 28895 I ViewInteraction: Performing 'wait for a specific view with <(view.getId() is <2131231039/ru.iteco.fmhandroid:id/enter_button> and an instance of android.widget.TextView and view.getText() with or without transformation to match: is "SIGN IN" and view.getContentDescription() is "Save" and view.getParent() view.getParent() an instance of android.widget.RelativeLayout)> during 10000 millis.' action on view view.getRootView() to equal view
12-02 19:03:17.969 28895 28895 I ViewInteraction: Checking 'MatchesViewAssertion{viewMatcher=view.isClickable() is <true>}' assertion on view (view.getId() is <2131231039/ru.iteco.fmhandroid:id/enter_button> and an instance of android.widget.TextView and view.getText() with or without transformation to match: is "SIGN IN" and view.getContentDescription() is "Save" and view.getParent() view.getParent() an instance of android.widget.RelativeLayout)
12-02 19:03:17.971 28895 28895 I ViewInteraction: Performing 'wait for a specific view with <(view.getId() is <2131231039/ru.iteco.fmhandroid:id/enter_button> and an instance of android.widget.TextView and view.getText() with or without transformation to match: is "SIGN IN" and view.getContentDescription() is "Save" and view.getParent() view.getParent() an instance of android.widget.RelativeLayout)> during 10000 millis.' action on view view.getRootView() to equal view
12-02 19:03:17.978 28895 28895 I ViewInteraction: Performing 'single click' action on view (view.getId() is <2131231039/ru.iteco.fmhandroid:id/enter_button> and an instance of android.widget.TextView and view.getText() with or without transformation to match: is "SIGN IN" and view.getContentDescription() is "Save" and view.getParent() view.getParent() an instance of android.widget.RelativeLayout)
12-02 19:03:18.025 28895 28988 I okhttp.OkHttpClient: --> POST http://www.981757-ca08998.tmweb.ru:8080/fmh/authentication/login
12-02 19:03:18.025 28895 28988 I okhttp.OkHttpClient: Content-Type: application/json; charset=UTF-8
12-02 19:03:18.025 28895 28988 I okhttp.OkHttpClient: Content-Length: 41
12-02 19:03:18.026 28895 28988 I okhttp.OkHttpClient: {"login":"login2","password":"password2"}
12-02 19:03:18.026 28895 28988 I okhttp.OkHttpClient: --> END POST (41-byte body)
12-02 19:03:18.252 28895 28988 I okhttp.OkHttpClient: <-- 200 http://www.981757-ca08998.tmweb.ru:8080/fmh/authentication/login (226ms)
12-02 19:03:18.252 28895 28988 I okhttp.OkHttpClient: Vary: Origin
12-02 19:03:18.252 28895 28988 I okhttp.OkHttpClient: Vary: Access-Control-Request-Method
12-02 19:03:18.252 28895 28988 I okhttp.OkHttpClient: Vary: Access-Control-Request-Headers
12-02 19:03:18.253 28895 28988 I okhttp.OkHttpClient: X-Content-Type-Options: nosniff
12-02 19:03:18.253 28895 28988 I okhttp.OkHttpClient: X-XSS-Protection: 1; mode=block
12-02 19:03:18.253 28895 28988 I okhttp.OkHttpClient: Cache-Control: no-cache, no-store, max-age=0, must-revalidate
12-02 19:03:18.253 28895 28988 I okhttp.OkHttpClient: Pragma: no-cache
12-02 19:03:18.253 28895 28988 I okhttp.OkHttpClient: Expires: 0
12-02 19:03:18.253 28895 28988 I okhttp.OkHttpClient: X-Frame-Options: DENY
12-02 19:03:18.253 28895 28988 I okhttp.OkHttpClient: Content-Type: application/json
12-02 19:03:18.253 28895 28988 I okhttp.OkHttpClient: Transfer-Encoding: chunked
12-02 19:03:18.253 28895 28988 I okhttp.OkHttpClient: Date: Fri, 02 Dec 2022 16:03:19 GMT
12-02 19:03:18.253 28895 28988 I okhttp.OkHttpClient: Keep-Alive: timeout=60
12-02 19:03:18.253 28895 28988 I okhttp.OkHttpClient: Connection: keep-alive
12-02 19:03:18.254 28895 28988 I okhttp.OkHttpClient: {"accessToken":"eyJhbGciOiJIUzUxMiJ9.eyJzdWIiOiJsb2dpbjIiLCJqdGkiOiIyIiwiZXhwIjoxNjcwMDgzMzk5fQ.ut8Nba3NOdfZx-nOZHiEKPAczBxoTwPzJnZjtepFFANf0xq4b5bKNgHyVMzTZ9BEm9sH4UmdcQGRGBcw1y_KNA","refreshToken":"eyJhbGciOiJIUzUxMiJ9.eyJzdWIiOiJsb2dpbjIiLCJqdGkiOiIyIiwiZXhwIjoxNjcyNTg4OTk5fQ.6OJ2I1ZTftWtguGtl2Babn3Uqug_bt8rn4mC7am4auq50o8X5b2W5N-psgJL8JrT5P_YDG5Nnghh2Y-hiAP0IA"}
12-02 19:03:18.254 28895 28988 I okhttp.OkHttpClient: <-- END HTTP (368-byte body)
12-02 19:03:18.258 28895 28969 I okhttp.OkHttpClient: --> GET http://www.981757-ca08998.tmweb.ru:8080/fmh/authentication/userInfo
12-02 19:03:18.258 28895 28969 I okhttp.OkHttpClient: --> END GET
12-02 19:03:18.263 28895 28895 I ViewInteraction: Performing 'wait for a specific view with <an instance of android.widget.TextView and view.getText() with or without transformation to match: is "News"> during 10000 millis.' action on view view.getRootView() to equal view
12-02 19:03:18.422 28895 28969 I okhttp.OkHttpClient: <-- 200 http://www.981757-ca08998.tmweb.ru:8080/fmh/authentication/userInfo (164ms)
12-02 19:03:18.422 28895 28969 I okhttp.OkHttpClient: Vary: Origin
12-02 19:03:18.422 28895 28969 I okhttp.OkHttpClient: Vary: Access-Control-Request-Method
12-02 19:03:18.422 28895 28969 I okhttp.OkHttpClient: Vary: Access-Control-Request-Headers
12-02 19:03:18.422 28895 28969 I okhttp.OkHttpClient: X-Content-Type-Options: nosniff
12-02 19:03:18.422 28895 28969 I okhttp.OkHttpClient: X-XSS-Protection: 1; mode=block
12-02 19:03:18.422 28895 28969 I okhttp.OkHttpClient: Cache-Control: no-cache, no-store, max-age=0, must-revalidate
12-02 19:03:18.422 28895 28969 I okhttp.OkHttpClient: Pragma: no-cache
12-02 19:03:18.422 28895 28969 I okhttp.OkHttpClient: Expires: 0
12-02 19:03:18.422 28895 28969 I okhttp.OkHttpClient: X-Frame-Options: DENY
12-02 19:03:18.423 28895 28969 I okhttp.OkHttpClient: Content-Type: application/json
12-02 19:03:18.423 28895 28969 I okhttp.OkHttpClient: Transfer-Encoding: chunked
12-02 19:03:18.423 28895 28969 I okhttp.OkHttpClient: Date: Fri, 02 Dec 2022 16:03:19 GMT
12-02 19:03:18.423 28895 28969 I okhttp.OkHttpClient: Keep-Alive: timeout=60
12-02 19:03:18.423 28895 28969 I okhttp.OkHttpClient: Connection: keep-alive
12-02 19:03:18.423 28895 28969 I okhttp.OkHttpClient: {"id":2,"firstName":"","lastName":"","middleName":"","admin":true}
12-02 19:03:18.423 28895 28969 I okhttp.OkHttpClient: <-- END HTTP (106-byte body)
12-02 19:03:18.429 28895 28990 I okhttp.OkHttpClient: --> GET http://www.981757-ca08998.tmweb.ru:8080/fmh/claims
12-02 19:03:18.429 28895 28990 I okhttp.OkHttpClient: --> END GET
12-02 19:03:18.436  1743 29362 E ResolverController: No valid NAT64 prefix (127, <unspecified>/0)
12-02 19:03:18.599 28895 28895 I ViewInteraction: Checking 'MatchesViewAssertion{viewMatcher=(view has effective visibility <VISIBLE> and view.getGlobalVisibleRect() to return non-empty rectangle)}' assertion on view an instance of android.widget.TextView and view.getText() with or without transformation to match: is "News"
12-02 19:03:18.601 28895 28895 I ViewInteraction: Performing 'wait for a specific view with <view.getId() is <2131230951>> during 10000 millis.' action on view view.getRootView() to equal view
12-02 19:03:18.603 28895 28895 I ViewInteraction: Checking 'MatchesViewAssertion{viewMatcher=(view has effective visibility <VISIBLE> and view.getGlobalVisibleRect() to return non-empty rectangle)}' assertion on view view.getId() is <2131230951/ru.iteco.fmhandroid:id/container_list_news_include_on_fragment_main>
12-02 19:03:18.605 28895 28895 I ViewInteraction: Performing 'wait for a specific view with <view.getId() is <2131230949>> during 10000 millis.' action on view view.getRootView() to equal view
12-02 19:03:18.609 28895 28895 I ViewInteraction: Checking 'MatchesViewAssertion{viewMatcher=(view has effective visibility <VISIBLE> and view.getGlobalVisibleRect() to return non-empty rectangle)}' assertion on view view.getId() is <2131230949/ru.iteco.fmhandroid:id/container_list_claim_include_on_fragment_main>
12-02 19:03:18.611 28895 28895 I ViewInteraction: Performing 'wait for a specific view with <an instance of android.widget.TextView and view.getText() with or without transformation to match: is "Claims"> during 10000 millis.' action on view view.getRootView() to equal view
12-02 19:03:18.614 28895 28895 I ViewInteraction: Checking 'MatchesViewAssertion{viewMatcher=(view has effective visibility <VISIBLE> and view.getGlobalVisibleRect() to return non-empty rectangle)}' assertion on view an instance of android.widget.TextView and view.getText() with or without transformation to match: is "Claims"
12-02 19:03:18.618 28895 28895 I ViewInteraction: Performing 'wait for a specific view with <view.getId() is <2131231123/ru.iteco.fmhandroid:id/main_menu_image_button>> during 10000 millis.' action on view view.getRootView() to equal view
12-02 19:03:18.620 28895 28895 I ViewInteraction: Performing 'single click' action on view view.getId() is <2131231123/ru.iteco.fmhandroid:id/main_menu_image_button>
12-02 19:03:18.700  1772  1875 D gralloc_ranchu: gralloc_alloc: Creating ashmem region of size 3264512
12-02 19:03:18.704  1772  1875 I chatty  : uid=1000(system) HwBinder:1772_2 identical 1 line
12-02 19:03:18.705  1772  1875 D gralloc_ranchu: gralloc_alloc: Creating ashmem region of size 3264512
12-02 19:03:18.720 28895 28955 D EGL_emulation: eglMakeCurrent: 0xe3a07540: ver 2 0 (tinfo 0xe3a93cb0)
12-02 19:03:18.751 28895 28955 I chatty  : uid=10159(ru.iteco.fmhandroid) RenderThread identical 2 lines
12-02 19:03:18.780 28895 28955 D EGL_emulation: eglMakeCurrent: 0xe3a07540: ver 2 0 (tinfo 0xe3a93cb0)
12-02 19:03:19.014 28895 28895 I ViewInteraction: Performing 'wait for a specific view with <an instance of android.widget.TextView and view.getText() with or without transformation to match: is "Claims"> during 10000 millis.' action on view view.getRootView() to equal view
12-02 19:03:19.016 28895 28895 I ViewInteraction: Performing 'single click' action on view an instance of android.widget.TextView and view.getText() with or without transformation to match: is "Claims"
12-02 19:03:19.075 28895 28955 D EGL_emulation: eglMakeCurrent: 0xe3a07540: ver 2 0 (tinfo 0xe3a93cb0)
12-02 19:03:19.150 28895 29207 I okhttp.OkHttpClient: --> GET http://www.981757-ca08998.tmweb.ru:8080/fmh/claims
12-02 19:03:19.151 28895 29207 I okhttp.OkHttpClient: --> END GET
12-02 19:03:19.185 28895 28955 D EGL_emulation: eglMakeCurrent: 0xe3a07540: ver 2 0 (tinfo 0xe3a93cb0)
12-02 19:03:19.198 28895 28955 D EGL_emulation: eglMakeCurrent: 0xe3a07540: ver 2 0 (tinfo 0xe3a93cb0)
12-02 19:03:19.299 28895 28895 I ViewInteraction: Performing 'wait for a specific view with <view.getId() is <2131230849/ru.iteco.fmhandroid:id/add_new_claim_material_button>> during 10000 millis.' action on view view.getRootView() to equal view
12-02 19:03:19.302 28895 28895 I ViewInteraction: Performing 'single click' action on view view.getId() is <2131230849/ru.iteco.fmhandroid:id/add_new_claim_material_button>
12-02 19:03:19.359 28895 28969 I okhttp.OkHttpClient: --> GET http://www.981757-ca08998.tmweb.ru:8080/fmh/users
12-02 19:03:19.359 28895 28969 I okhttp.OkHttpClient: --> END GET
12-02 19:03:19.502 28895 28969 I okhttp.OkHttpClient: <-- 200 http://www.981757-ca08998.tmweb.ru:8080/fmh/users (143ms)
12-02 19:03:19.502 28895 28969 I okhttp.OkHttpClient: Vary: Origin
12-02 19:03:19.502 28895 28969 I okhttp.OkHttpClient: Vary: Access-Control-Request-Method
12-02 19:03:19.502 28895 28969 I okhttp.OkHttpClient: Vary: Access-Control-Request-Headers
12-02 19:03:19.502 28895 28969 I okhttp.OkHttpClient: X-Content-Type-Options: nosniff
12-02 19:03:19.502 28895 28969 I okhttp.OkHttpClient: X-XSS-Protection: 1; mode=block
12-02 19:03:19.502 28895 28969 I okhttp.OkHttpClient: Cache-Control: no-cache, no-store, max-age=0, must-revalidate
12-02 19:03:19.503 28895 28969 I okhttp.OkHttpClient: Pragma: no-cache
12-02 19:03:19.503 28895 28969 I okhttp.OkHttpClient: Expires: 0
12-02 19:03:19.503 28895 28969 I okhttp.OkHttpClient: X-Frame-Options: DENY
12-02 19:03:19.503 28895 28969 I okhttp.OkHttpClient: Content-Type: application/json
12-02 19:03:19.503 28895 28969 I okhttp.OkHttpClient: Transfer-Encoding: chunked
12-02 19:03:19.503 28895 28969 I okhttp.OkHttpClient: Date: Fri, 02 Dec 2022 16:03:21 GMT
12-02 19:03:19.503 28895 28969 I okhttp.OkHttpClient: Keep-Alive: timeout=60
12-02 19:03:19.503 28895 28969 I okhttp.OkHttpClient: Connection: keep-alive
12-02 19:03:19.504 28895 28969 I okhttp.OkHttpClient: [{"id":1,"firstName":"","lastName":"","middleName":"","admin":true},{"id":2,"firstName":"","lastName":"","middleName":"","admin":true},{"id":3,"firstName":"","lastName":"","middleName":"","admin":false},{"id":4,"firstName":"","lastName":"","middleName":"","admin":false},{"id":5,"firstName":"","lastName":"","middleName":"","admin":true},{"id":6,"firstName":"Diplom","lastName":"Netology","middleName":"QAMID","admin":true}]
12-02 19:03:19.504 28895 28969 I okhttp.OkHttpClient: <-- END HTTP (622-byte body)
12-02 19:03:19.672 28895 28895 I ViewInteraction: Performing 'wait for a specific view with <(view.getId() is <2131231402/ru.iteco.fmhandroid:id/title_edit_text> and view.getParent() view.getParent() view.getId() is <2131231406/ru.iteco.fmhandroid:id/title_text_input_layout>)> during 10000 millis.' action on view view.getRootView() to equal view
12-02 19:03:19.675 28895 28895 I ViewInteraction: Performing 'replace text( 14e09131-455a-49e0-89be-07fe00cb4216)' action on view (view.getId() is <2131231402/ru.iteco.fmhandroid:id/title_edit_text> and view.getParent() view.getParent() view.getId() is <2131231406/ru.iteco.fmhandroid:id/title_text_input_layout>)
12-02 19:03:19.714 28895 28895 I ViewInteraction: Performing 'wait for a specific view with <view.getId() is <2131230975/ru.iteco.fmhandroid:id/date_in_plan_text_input_edit_text>> during 10000 millis.' action on view view.getRootView() to equal view
12-02 19:03:19.717 28895 28895 I ViewInteraction: Performing 'single click' action on view view.getId() is <2131230975/ru.iteco.fmhandroid:id/date_in_plan_text_input_edit_text>
12-02 19:03:19.810  1785  1976 D AF::Track: interceptBuffer: took 447us to intercept 0 tracks
12-02 19:03:19.897  1772  1875 D gralloc_ranchu: gralloc_alloc: Creating ashmem region of size 10964992
12-02 19:03:19.902  1772  1875 I chatty  : uid=1000(system) HwBinder:1772_2 identical 1 line
12-02 19:03:19.903  1772  1875 D gralloc_ranchu: gralloc_alloc: Creating ashmem region of size 10964992
12-02 19:03:19.905 28895 28955 D EGL_emulation: eglMakeCurrent: 0xe3a07540: ver 2 0 (tinfo 0xe3a93cb0)
12-02 19:03:20.004 28895 28955 I chatty  : uid=10159(ru.iteco.fmhandroid) RenderThread identical 3 lines
12-02 19:03:20.027 28895 28955 D EGL_emulation: eglMakeCurrent: 0xe3a07540: ver 2 0 (tinfo 0xe3a93cb0)
12-02 19:03:20.364 28895 28895 I ViewInteraction: Performing 'wait for a specific view with <is assignable from class <class android.widget.DatePicker>> during 10000 millis.' action on view view.getRootView() to equal view
12-02 19:03:20.366 28895 28895 I ViewInteraction: Checking 'MatchesViewAssertion{viewMatcher=(view has effective visibility <VISIBLE> and view.getGlobalVisibleRect() to return non-empty rectangle)}' assertion on view is assignable from class <class android.widget.DatePicker>
12-02 19:03:20.368 28895 28895 I ViewInteraction: Performing 'wait for a specific view with <is assignable from class <class android.widget.DatePicker>> during 10000 millis.' action on view view.getRootView() to equal view
12-02 19:03:20.371 28895 28895 I ViewInteraction: Performing 'set date' action on view is assignable from class <class android.widget.DatePicker>
12-02 19:03:20.392 28895 28895 I ViewInteraction: Performing 'wait for a specific view with <view.getId() is <16908313/android:id/button1>> during 10000 millis.' action on view view.getRootView() to equal view
12-02 19:03:20.394 28895 28895 I ViewInteraction: Performing 'single click' action on view view.getId() is <16908313/android:id/button1>
12-02 19:03:20.471 28895 28955 D EGL_emulation: eglMakeCurrent: 0xe3a07540: ver 2 0 (tinfo 0xe3a93cb0)
12-02 19:03:20.483 28895 28955 D EGL_emulation: eglMakeCurrent: 0xe3a07540: ver 2 0 (tinfo 0xe3a93cb0)
12-02 19:03:20.491  2010  9089 E InputDispatcher: Window handle Window{d21f177 u0 ru.iteco.fmhandroid/ru.iteco.fmhandroid.ui.AppActivity} has no registered input channel
12-02 19:03:20.734 28895 28895 I ViewInteraction: Performing 'wait for a specific view with <(an instance of android.widget.TextView and view.getHint() matching: is "Time" and view.getParent() view.getParent() view.getId() is <2131231399/ru.iteco.fmhandroid:id/time_in_plan_text_input_layout>)> during 10000 millis.' action on view view.getRootView() to equal view
12-02 19:03:20.736 28895 28895 I ViewInteraction: Performing 'single click' action on view (an instance of android.widget.TextView and view.getHint() matching: is "Time" and view.getParent() view.getParent() view.getId() is <2131231399/ru.iteco.fmhandroid:id/time_in_plan_text_input_layout>)
12-02 19:03:20.857  1772  1875 D gralloc_ranchu: gralloc_alloc: Creating ashmem region of size 9261056
12-02 19:03:20.863  1772  1875 I chatty  : uid=1000(system) HwBinder:1772_2 identical 1 line
12-02 19:03:20.864  1772  1875 D gralloc_ranchu: gralloc_alloc: Creating ashmem region of size 9261056
12-02 19:03:20.870 28895 28955 D EGL_emulation: eglMakeCurrent: 0xe3a07540: ver 2 0 (tinfo 0xe3a93cb0)
12-02 19:03:20.920 28895 28955 D EGL_emulation: eglMakeCurrent: 0xe3a07540: ver 2 0 (tinfo 0xe3a93cb0)
12-02 19:03:21.462 28895 28895 I ViewInteraction: Performing 'wait for a specific view with <is assignable from class <class android.widget.TimePicker>> during 10000 millis.' action on view view.getRootView() to equal view
12-02 19:03:21.463 28895 28895 I ViewInteraction: Checking 'MatchesViewAssertion{viewMatcher=(view has effective visibility <VISIBLE> and view.getGlobalVisibleRect() to return non-empty rectangle)}' assertion on view is assignable from class <class android.widget.TimePicker>
12-02 19:03:21.466 28895 28895 I ViewInteraction: Performing 'wait for a specific view with <is assignable from class <class android.widget.TimePicker>> during 10000 millis.' action on view view.getRootView() to equal view
12-02 19:03:21.468 28895 28895 I ViewInteraction: Performing 'set time' action on view is assignable from class <class android.widget.TimePicker>
12-02 19:03:21.470 28895 28895 I ViewInteraction: Performing 'wait for a specific view with <view.getId() is <16908313/android:id/button1>> during 10000 millis.' action on view view.getRootView() to equal view
12-02 19:03:21.471 28895 28895 I ViewInteraction: Performing 'single click' action on view view.getId() is <16908313/android:id/button1>
12-02 19:03:21.525 28895 28955 D EGL_emulation: eglMakeCurrent: 0xe3a07540: ver 2 0 (tinfo 0xe3a93cb0)
12-02 19:03:21.540 28895 28955 I chatty  : uid=10159(ru.iteco.fmhandroid) RenderThread identical 1 line
12-02 19:03:21.553 28895 28955 D EGL_emulation: eglMakeCurrent: 0xe3a07540: ver 2 0 (tinfo 0xe3a93cb0)
12-02 19:03:21.557  2010  9089 E InputDispatcher: Window handle Window{9f2b2 u0 ru.iteco.fmhandroid/ru.iteco.fmhandroid.ui.AppActivity} has no registered input channel
12-02 19:03:21.809 28895 28895 I ViewInteraction: Performing 'wait for a specific view with <(an instance of android.widget.TextView and view.getHint() matching: is "Description" and view.getParent() view.getParent() view.getId() is <2131230988/ru.iteco.fmhandroid:id/description_text_input_layout>)> during 10000 millis.' action on view view.getRootView() to equal view
12-02 19:03:21.813 28895 28895 I ViewInteraction: Performing 'replace text( 14e09131-455a-49e0-89be-07fe00cb4216)' action on view (an instance of android.widget.TextView and view.getHint() matching: is "Description" and view.getParent() view.getParent() view.getId() is <2131230988/ru.iteco.fmhandroid:id/description_text_input_layout>)
12-02 19:03:21.849 28895 28895 I ViewInteraction: Performing 'wait for a specific view with <view.getId() is <2131231291/ru.iteco.fmhandroid:id/save_button>> during 10000 millis.' action on view view.getRootView() to equal view
12-02 19:03:21.852 28895 28895 I ViewInteraction: Performing 'single click' action on view view.getId() is <2131231291/ru.iteco.fmhandroid:id/save_button>
12-02 19:03:21.915 28895 29028 I okhttp.OkHttpClient: --> POST http://www.981757-ca08998.tmweb.ru:8080/fmh/claims
12-02 19:03:21.915 28895 29028 I okhttp.OkHttpClient: Content-Type: application/json; charset=UTF-8
12-02 19:03:21.915 28895 29028 I okhttp.OkHttpClient: Content-Length: 277
12-02 19:03:21.915 28895 29028 I okhttp.OkHttpClient: {"createDate":1669997001,"creatorId":2,"creatorName":"  ","description":" 14e09131-455a-49e0-89be-07fe00cb4216","planExecuteDate":1669996980,"status":"OPEN","title":" 14e09131-455a-49e0-89be-07fe00cb4216"}
12-02 19:03:21.915 28895 29028 I okhttp.OkHttpClient: --> END POST (277-byte body)
12-02 19:03:21.919  1743 29364 E ResolverController: No valid NAT64 prefix (127, <unspecified>/0)
12-02 19:03:21.991 28895 28990 I okhttp.OkHttpClient: <-- 200 http://www.981757-ca08998.tmweb.ru:8080/fmh/claims (3561ms)
12-02 19:03:21.991 28895 28990 I okhttp.OkHttpClient: Vary: Origin
12-02 19:03:21.991 28895 28990 I okhttp.OkHttpClient: Vary: Access-Control-Request-Method
12-02 19:03:21.991 28895 28990 I okhttp.OkHttpClient: Vary: Access-Control-Request-Headers
12-02 19:03:21.991 28895 28990 I okhttp.OkHttpClient: X-Content-Type-Options: nosniff
12-02 19:03:21.991 28895 28990 I okhttp.OkHttpClient: X-XSS-Protection: 1; mode=block
12-02 19:03:21.992 28895 28990 I okhttp.OkHttpClient: Cache-Control: no-cache, no-store, max-age=0, must-revalidate
12-02 19:03:21.992 28895 28990 I okhttp.OkHttpClient: Pragma: no-cache
12-02 19:03:21.992 28895 28990 I okhttp.OkHttpClient: Expires: 0
12-02 19:03:21.992 28895 28990 I okhttp.OkHttpClient: X-Frame-Options: DENY
12-02 19:03:21.992 28895 28990 I okhttp.OkHttpClient: Content-Type: application/json
