11-21 19:08:30.801  2073  2073 W System.err: 	at androidx.fragment.app.SpecialEffectsController.forceCompleteAllOperations(SpecialEffectsController.java:350)
11-21 19:08:30.801  2073  2073 W System.err: 	at androidx.fragment.app.FragmentManager.dispatchStateChange(FragmentManager.java:2844)
11-21 19:08:30.801  2073  2073 W System.err: 	at androidx.fragment.app.FragmentManager.dispatchDestroy(FragmentManager.java:2820)
11-21 19:08:30.801  2073  2073 W System.err: 	at androidx.fragment.app.FragmentController.dispatchDestroy(FragmentController.java:345)
11-21 19:08:30.801  2073  2073 W System.err: 	at androidx.fragment.app.FragmentActivity.onDestroy(FragmentActivity.java:306)
11-21 19:08:30.801  2073  2073 W System.err: 	at androidx.appcompat.app.AppCompatActivity.onDestroy(AppCompatActivity.java:278)
11-21 19:08:30.801  2073  2073 W System.err: 	at android.app.Activity.performDestroy(Activity.java:8048)
11-21 19:08:30.801  2073  2073 W System.err: 	at android.app.Instrumentation.callActivityOnDestroy(Instrumentation.java:1334)
11-21 19:08:30.801  2073  2073 W System.err: 	at androidx.test.runner.MonitoringInstrumentation.callActivityOnDestroy(MonitoringInstrumentation.java:766)
11-21 19:08:30.801  2073  2073 W System.err: 	at android.app.ActivityThread.performDestroyActivity(ActivityThread.java:4926)
11-21 19:08:30.801  2073  2073 W System.err: 	at android.app.ActivityThread.handleDestroyActivity(ActivityThread.java:4970)
11-21 19:08:30.801  2073  2073 W System.err: 	at android.app.servertransaction.DestroyActivityItem.execute(DestroyActivityItem.java:44)
11-21 19:08:30.802  2073  2073 W System.err: 	at android.app.servertransaction.TransactionExecutor.executeLifecycleState(TransactionExecutor.java:176)
11-21 19:08:30.802  2073  2073 W System.err: 	at android.app.servertransaction.TransactionExecutor.execute(TransactionExecutor.java:97)
11-21 19:08:30.802  2073  2073 W System.err: 	at android.app.ActivityThread$H.handleMessage(ActivityThread.java:2016)
11-21 19:08:30.802  2073  2073 W System.err: 	at android.os.Handler.dispatchMessage(Handler.java:107)
11-21 19:08:30.802  2073  2073 W System.err: 	at android.os.Looper.loop(Looper.java:214)
11-21 19:08:30.802  2073  2073 W System.err: 	at android.app.ActivityThread.main(ActivityThread.java:7356)
11-21 19:08:30.802  2073  2073 W System.err: 	at java.lang.reflect.Method.invoke(Native Method)
11-21 19:08:30.802  2073  2073 W System.err: 	at com.android.internal.os.RuntimeInit$MethodAndArgsCaller.run(RuntimeInit.java:492)
11-21 19:08:30.802  2073  2073 W System.err: 	at com.android.internal.os.ZygoteInit.main(ZygoteInit.java:930)
11-21 19:08:37.654  2006  4547 D WificondControl: Scan result ready event
11-21 19:08:39.197  2073  2073 D takeScreenshot: Found 1 global views to redraw
11-21 19:08:39.229  1761  8136 D gralloc_ranchu: gralloc_alloc: Creating ashmem region of size 14749696
11-21 19:08:39.367  2026  2067 I app_process: NativeAlloc concurrent copying GC freed 1459(1169KB) AllocSpace objects, 15(5688KB) LOS objects, 90% free, 152KB/1688KB, paused 379us total 113.060ms
11-21 19:08:39.373  2073  2174 W DefaultFailureHandler: Failed to take screenshot
11-21 19:08:39.373  2073  2174 W DefaultFailureHandler: java.io.FileNotFoundException: view-op-error-18.png: open failed: EROFS (Read-only file system)
11-21 19:08:39.373  2073  2174 W DefaultFailureHandler: 	at libcore.io.IoBridge.open(IoBridge.java:496)
11-21 19:08:39.373  2073  2174 W DefaultFailureHandler: 	at java.io.FileOutputStream.<init>(FileOutputStream.java:235)
11-21 19:08:39.373  2073  2174 W DefaultFailureHandler: 	at java.io.FileOutputStream.<init>(FileOutputStream.java:125)
11-21 19:08:39.373  2073  2174 W DefaultFailureHandler: 	at androidx.test.platform.io.FileTestStorage.openOutputFile(FileTestStorage.java:60)
11-21 19:08:39.373  2073  2174 W DefaultFailureHandler: 	at androidx.test.core.graphics.BitmapStorage.writeToTestStorage(BitmapStorageExt.kt:49)
11-21 19:08:39.373  2073  2174 W DefaultFailureHandler: 	at androidx.test.espresso.base.DefaultFailureHandler.takeScreenshot(DefaultFailureHandler.java:4)
11-21 19:08:39.373  2073  2174 W DefaultFailureHandler: 	at androidx.test.espresso.base.DefaultFailureHandler.handle(DefaultFailureHandler.java:3)
11-21 19:08:39.373  2073  2174 W DefaultFailureHandler: 	at androidx.test.espresso.ViewInteraction.waitForAndHandleInteractionResults(ViewInteraction.java:8)
11-21 19:08:39.373  2073  2174 W DefaultFailureHandler: 	at androidx.test.espresso.ViewInteraction.desugaredPerform(ViewInteraction.java:11)
11-21 19:08:39.373  2073  2174 W DefaultFailureHandler: 	at androidx.test.espresso.ViewInteraction.perform(ViewInteraction.java:8)
11-21 19:08:39.373  2073  2174 W DefaultFailureHandler: 	at ru.iteco.fmhandroid.ui.data.TestUtils.waitView(TestUtils.java:138)
11-21 19:08:39.373  2073  2174 W DefaultFailureHandler: 	at ru.iteco.fmhandroid.ui.steps.AuthSteps.isAuthScreen(AuthSteps.java:56)
11-21 19:08:39.373  2073  2174 W DefaultFailureHandler: 	at ru.iteco.fmhandroid.ui.NewsCreationFormTest.logoutCheck(NewsCreationFormTest.java:75)
11-21 19:08:39.373  2073  2174 W DefaultFailureHandler: 	at java.lang.reflect.Method.invoke(Native Method)
11-21 19:08:39.373  2073  2174 W DefaultFailureHandler: 	at org.junit.runners.model.FrameworkMethod$1.runReflectiveCall(FrameworkMethod.java:59)
11-21 19:08:39.373  2073  2174 W DefaultFailureHandler: 	at org.junit.internal.runners.model.ReflectiveCallable.run(ReflectiveCallable.java:12)
11-21 19:08:39.373  2073  2174 W DefaultFailureHandler: 	at org.junit.runners.model.FrameworkMethod.invokeExplosively(FrameworkMethod.java:56)
11-21 19:08:39.373  2073  2174 W DefaultFailureHandler: 	at androidx.test.internal.runner.junit4.statement.RunBefores.evaluate(RunBefores.java:76)
11-21 19:08:39.373  2073  2174 W DefaultFailureHandler: 	at androidx.test.rule.ActivityTestRule$ActivityStatement.evaluate(ActivityTestRule.java:543)
11-21 19:08:39.373  2073  2174 W DefaultFailureHandler: 	at io.qameta.allure.android.rules.LogcatRule$apply$1.evaluate(LogcatRule.kt:23)
11-21 19:08:39.373  2073  2174 W DefaultFailureHandler: 	at io.qameta.allure.android.rules.ScreenshotRule$apply$1.evaluate(ScreenshotRule.kt:22)
11-21 19:08:39.373  2073  2174 W DefaultFailureHandler: 	at io.qameta.allure.android.rules.ScreenshotRule$apply$1.evaluate(ScreenshotRule.kt:22)
11-21 19:08:39.373  2073  2174 W DefaultFailureHandler: 	at org.junit.rules.RunRules.evaluate(RunRules.java:20)
11-21 19:08:39.373  2073  2174 W DefaultFailureHandler: 	at org.junit.runners.ParentRunner$3.evaluate(ParentRunner.java:306)
11-21 19:08:39.373  2073  2174 W DefaultFailureHandler: 	at org.junit.runners.BlockJUnit4ClassRunner$1.evaluate(BlockJUnit4ClassRunner.java:100)
11-21 19:08:39.373  2073  2174 W DefaultFailureHandler: 	at org.junit.runners.ParentRunner.runLeaf(ParentRunner.java:366)
11-21 19:08:39.373  2073  2174 W DefaultFailureHandler: 	at org.junit.runners.BlockJUnit4ClassRunner.runChild(BlockJUnit4ClassRunner.java:103)
11-21 19:08:39.373  2073  2174 W DefaultFailureHandler: 	at org.junit.runners.BlockJUnit4ClassRunner.runChild(BlockJUnit4ClassRunner.java:63)
11-21 19:08:39.373  2073  2174 W DefaultFailureHandler: 	at org.junit.runners.ParentRunner$4.run(ParentRunner.java:331)
11-21 19:08:39.373  2073  2174 W DefaultFailureHandler: 	at org.junit.runners.ParentRunner$1.schedule(ParentRunner.java:79)
11-21 19:08:39.373  2073  2174 W DefaultFailureHandler: 	at org.junit.runners.ParentRunner.runChildren(ParentRunner.java:329)
11-21 19:08:39.373  2073  2174 W DefaultFailureHandler: 	at org.junit.runners.ParentRunner.access$100(ParentRunner.java:66)
11-21 19:08:39.373  2073  2174 W DefaultFailureHandler: 	at org.junit.runners.ParentRunner$2.evaluate(ParentRunner.java:293)
11-21 19:08:39.373  2073  2174 W DefaultFailureHandler: 	at org.junit.runners.ParentRunner$3.evaluate(ParentRunner.java:306)
11-21 19:08:39.373  2073  2174 W DefaultFailureHandler: 	at org.junit.runners.ParentRunner.run(ParentRunner.java:413)
11-21 19:08:39.373  2073  2174 W DefaultFailureHandler: 	at androidx.test.ext.junit.runners.AndroidJUnit4.run(AndroidJUnit4.java:162)
11-21 19:08:39.373  2073  2174 W DefaultFailureHandler: 	at io.qameta.allure.android.runners.AllureAndroidJUnit4.run(AllureAndroidJUnitRunners.kt:29)
11-21 19:08:39.373  2073  2174 W DefaultFailureHandler: 	at org.junit.runners.Suite.runChild(Suite.java:128)
11-21 19:08:39.373  2073  2174 W DefaultFailureHandler: 	at org.junit.runners.Suite.runChild(Suite.java:27)
11-21 19:08:39.373  2073  2174 W DefaultFailureHandler: 	at org.junit.runners.ParentRunner$4.run(ParentRunner.java:331)
11-21 19:08:39.373  2073  2174 W DefaultFailureHandler: 	at org.junit.runners.ParentRunner$1.schedule(ParentRunner.java:79)
11-21 19:08:39.373  2073  2174 W DefaultFailureHandler: 	at org.junit.runners.ParentRunner.runChildren(ParentRunner.java:329)
11-21 19:08:39.373  2073  2174 W DefaultFailureHandler: 	at org.junit.runners.ParentRunner.access$100(ParentRunner.java:66)
11-21 19:08:39.373  2073  2174 W DefaultFailureHandler: 	at org.junit.runners.ParentRunner$2.evaluate(ParentRunner.java:293)
11-21 19:08:39.373  2073  2174 W DefaultFailureHandler: 	at org.junit.runners.ParentRunner$3.evaluate(ParentRunner.java:306)
11-21 19:08:39.373  2073  2174 W DefaultFailureHandler: 	at org.junit.runners.ParentRunner.run(ParentRunner.java:413)
11-21 19:08:39.373  2073  2174 W DefaultFailureHandler: 	at org.junit.runner.JUnitCore.run(JUnitCore.java:137)
11-21 19:08:39.373  2073  2174 W DefaultFailureHandler: 	at org.junit.runner.JUnitCore.run(JUnitCore.java:115)
11-21 19:08:39.373  2073  2174 W DefaultFailureHandler: 	at androidx.test.internal.runner.TestExecutor.execute(TestExecutor.java:67)
11-21 19:08:39.373  2073  2174 W DefaultFailureHandler: 	at androidx.test.internal.runner.TestExecutor.execute(TestExecutor.java:58)
11-21 19:08:39.373  2073  2174 W DefaultFailureHandler: 	at androidx.test.runner.AndroidJUnitRunner.onStart(AndroidJUnitRunner.java:438)
11-21 19:08:39.375  2073  2174 W DefaultFailureHandler: 	at android.app.Instrumentation$InstrumentationThread.run(Instrumentation.java:2189)
11-21 19:08:39.375  2073  2174 W DefaultFailureHandler: Caused by: android.system.ErrnoException: open failed: EROFS (Read-only file system)
11-21 19:08:39.375  2073  2174 W DefaultFailureHandler: 	at libcore.io.Linux.open(Native Method)
11-21 19:08:39.375  2073  2174 W DefaultFailureHandler: 	at libcore.io.ForwardingOs.open(ForwardingOs.java:167)
11-21 19:08:39.375  2073  2174 W DefaultFailureHandler: 	at libcore.io.BlockGuardOs.open(BlockGuardOs.java:252)
11-21 19:08:39.375  2073  2174 W DefaultFailureHandler: 	at libcore.io.ForwardingOs.open(ForwardingOs.java:167)
11-21 19:08:39.375  2073  2174 W DefaultFailureHandler: 	at android.app.ActivityThread$AndroidOs.open(ActivityThread.java:7255)
11-21 19:08:39.375  2073  2174 W DefaultFailureHandler: 	at libcore.io.IoBridge.open(IoBridge.java:482)
11-21 19:08:39.375  2073  2174 W DefaultFailureHandler: 	... 51 more
11-21 19:08:39.380  2073  2073 I ViewInteraction: Performing 'wait for a specific view with <view.getId() is <2131230870/ru.iteco.fmhandroid:id/authorization_image_button>> during 20000 millis.' action on view view.getRootView() to equal view
11-21 19:08:39.956  1742  2161 I netd    : trafficSwapActiveStatsMap() <35.26ms>
11-21 19:08:39.987  1742  2161 I netd    : tetherGetStats() <23.67ms>
11-21 19:08:57.053  2757  2952 E memtrack: Couldn't load memtrack module
11-21 19:08:57.053  2757  2952 W android.os.Debug: failed to get memory consumption info: -1
11-21 19:08:59.436  2073  2073 D takeScreenshot: Found 1 global views to redraw
11-21 19:08:59.478  1761  8136 D gralloc_ranchu: gralloc_alloc: Creating ashmem region of size 14749696
11-21 19:08:59.571  2073  2174 W DefaultFailureHandler: Failed to take screenshot
11-21 19:08:59.571  2073  2174 W DefaultFailureHandler: java.io.FileNotFoundException: view-op-error-19.png: open failed: EROFS (Read-only file system)
11-21 19:08:59.571  2073  2174 W DefaultFailureHandler: 	at libcore.io.IoBridge.open(IoBridge.java:496)
11-21 19:08:59.571  2073  2174 W DefaultFailureHandler: 	at java.io.FileOutputStream.<init>(FileOutputStream.java:235)
11-21 19:08:59.571  2073  2174 W DefaultFailureHandler: 	at java.io.FileOutputStream.<init>(FileOutputStream.java:125)
11-21 19:08:59.571  2073  2174 W DefaultFailureHandler: 	at androidx.test.platform.io.FileTestStorage.openOutputFile(FileTestStorage.java:60)
11-21 19:08:59.571  2073  2174 W DefaultFailureHandler: 	at androidx.test.core.graphics.BitmapStorage.writeToTestStorage(BitmapStorageExt.kt:49)
11-21 19:08:59.571  2073  2174 W DefaultFailureHandler: 	at androidx.test.espresso.base.DefaultFailureHandler.takeScreenshot(DefaultFailureHandler.java:4)
11-21 19:08:59.571  2073  2174 W DefaultFailureHandler: 	at androidx.test.espresso.base.DefaultFailureHandler.handle(DefaultFailureHandler.java:3)
11-21 19:08:59.571  2073  2174 W DefaultFailureHandler: 	at androidx.test.espresso.ViewInteraction.waitForAndHandleInteractionResults(ViewInteraction.java:8)
11-21 19:08:59.571  2073  2174 W DefaultFailureHandler: 	at androidx.test.espresso.ViewInteraction.desugaredPerform(ViewInteraction.java:11)
11-21 19:08:59.571  2073  2174 W DefaultFailureHandler: 	at androidx.test.espresso.ViewInteraction.perform(ViewInteraction.java:8)
11-21 19:08:59.571  2073  2174 W DefaultFailureHandler: 	at ru.iteco.fmhandroid.ui.data.TestUtils.waitView(TestUtils.java:138)
11-21 19:08:59.571  2073  2174 W DefaultFailureHandler: 	at ru.iteco.fmhandroid.ui.steps.MainPageSteps.clickLogOutBut(MainPageSteps.java:58)
11-21 19:08:59.571  2073  2174 W DefaultFailureHandler: 	at ru.iteco.fmhandroid.ui.NewsCreationFormTest.logoutCheck(NewsCreationFormTest.java:77)
11-21 19:08:59.571  2073  2174 W DefaultFailureHandler: 	at java.lang.reflect.Method.invoke(Native Method)
11-21 19:08:59.571  2073  2174 W DefaultFailureHandler: 	at org.junit.runners.model.FrameworkMethod$1.runReflectiveCall(FrameworkMethod.java:59)
11-21 19:08:59.571  2073  2174 W DefaultFailureHandler: 	at org.junit.internal.runners.model.ReflectiveCallable.run(ReflectiveCallable.java:12)
11-21 19:08:59.571  2073  2174 W DefaultFailureHandler: 	at org.junit.runners.model.FrameworkMethod.invokeExplosively(FrameworkMethod.java:56)
11-21 19:08:59.571  2073  2174 W DefaultFailureHandler: 	at androidx.test.internal.runner.junit4.statement.RunBefores.evaluate(RunBefores.java:76)
11-21 19:08:59.571  2073  2174 W DefaultFailureHandler: 	at androidx.test.rule.ActivityTestRule$ActivityStatement.evaluate(ActivityTestRule.java:543)
11-21 19:08:59.571  2073  2174 W DefaultFailureHandler: 	at io.qameta.allure.android.rules.LogcatRule$apply$1.evaluate(LogcatRule.kt:23)
11-21 19:08:59.571  2073  2174 W DefaultFailureHandler: 	at io.qameta.allure.android.rules.ScreenshotRule$apply$1.evaluate(ScreenshotRule.kt:22)
11-21 19:08:59.571  2073  2174 W DefaultFailureHandler: 	at io.qameta.allure.android.rules.ScreenshotRule$apply$1.evaluate(ScreenshotRule.kt:22)
11-21 19:08:59.571  2073  2174 W DefaultFailureHandler: 	at org.junit.rules.RunRules.evaluate(RunRules.java:20)
11-21 19:08:59.571  2073  2174 W DefaultFailureHandler: 	at org.junit.runners.ParentRunner$3.evaluate(ParentRunner.java:306)
11-21 19:08:59.571  2073  2174 W DefaultFailureHandler: 	at org.junit.runners.BlockJUnit4ClassRunner$1.evaluate(BlockJUnit4ClassRunner.java:100)
11-21 19:08:59.571  2073  2174 W DefaultFailureHandler: 	at org.junit.runners.ParentRunner.runLeaf(ParentRunner.java:366)
11-21 19:08:59.571  2073  2174 W DefaultFailureHandler: 	at org.junit.runners.BlockJUnit4ClassRunner.runChild(BlockJUnit4ClassRunner.java:103)
11-21 19:08:59.571  2073  2174 W DefaultFailureHandler: 	at org.junit.runners.BlockJUnit4ClassRunner.runChild(BlockJUnit4ClassRunner.java:63)
11-21 19:08:59.571  2073  2174 W DefaultFailureHandler: 	at org.junit.runners.ParentRunner$4.run(ParentRunner.java:331)
11-21 19:08:59.571  2073  2174 W DefaultFailureHandler: 	at org.junit.runners.ParentRunner$1.schedule(ParentRunner.java:79)
11-21 19:08:59.571  2073  2174 W DefaultFailureHandler: 	at org.junit.runners.ParentRunner.runChildren(ParentRunner.java:329)
11-21 19:08:59.571  2073  2174 W DefaultFailureHandler: 	at org.junit.runners.ParentRunner.access$100(ParentRunner.java:66)
11-21 19:08:59.571  2073  2174 W DefaultFailureHandler: 	at org.junit.runners.ParentRunner$2.evaluate(ParentRunner.java:293)
11-21 19:08:59.571  2073  2174 W DefaultFailureHandler: 	at org.junit.runners.ParentRunner$3.evaluate(ParentRunner.java:306)
11-21 19:08:59.571  2073  2174 W DefaultFailureHandler: 	at org.junit.runners.ParentRunner.run(ParentRunner.java:413)
11-21 19:08:59.571  2073  2174 W DefaultFailureHandler: 	at androidx.test.ext.junit.runners.AndroidJUnit4.run(AndroidJUnit4.java:162)
11-21 19:08:59.571  2073  2174 W DefaultFailureHandler: 	at io.qameta.allure.android.runners.AllureAndroidJUnit4.run(AllureAndroidJUnitRunners.kt:29)
11-21 19:08:59.571  2073  2174 W DefaultFailureHandler: 	at org.junit.runners.Suite.runChild(Suite.java:128)
11-21 19:08:59.571  2073  2174 W DefaultFailureHandler: 	at org.junit.runners.Suite.runChild(Suite.java:27)
11-21 19:08:59.571  2073  2174 W DefaultFailureHandler: 	at org.junit.runners.ParentRunner$4.run(ParentRunner.java:331)
11-21 19:08:59.571  2073  2174 W DefaultFailureHandler: 	at org.junit.runners.ParentRunner$1.schedule(ParentRunner.java:79)
11-21 19:08:59.571  2073  2174 W DefaultFailureHandler: 	at org.junit.runners.ParentRunner.runChildren(ParentRunner.java:329)
11-21 19:08:59.571  2073  2174 W DefaultFailureHandler: 	at org.junit.runners.ParentRunner.access$100(ParentRunner.java:66)
11-21 19:08:59.571  2073  2174 W DefaultFailureHandler: 	at org.junit.runners.ParentRunner$2.evaluate(ParentRunner.java:293)
11-21 19:08:59.571  2073  2174 W DefaultFailureHandler: 	at org.junit.runners.ParentRunner$3.evaluate(ParentRunner.java:306)
11-21 19:08:59.571  2073  2174 W DefaultFailureHandler: 	at org.junit.runners.ParentRunner.run(ParentRunner.java:413)
11-21 19:08:59.571  2073  2174 W DefaultFailureHandler: 	at org.junit.runner.JUnitCore.run(JUnitCore.java:137)
11-21 19:08:59.571  2073  2174 W DefaultFailureHandler: 	at org.junit.runner.JUnitCore.run(JUnitCore.java:115)
11-21 19:08:59.571  2073  2174 W DefaultFailureHandler: 	at androidx.test.internal.runner.TestExecutor.execute(TestExecutor.java:67)
11-21 19:08:59.571  2073  2174 W DefaultFailureHandler: 	at androidx.test.internal.runner.TestExecutor.execute(TestExecutor.java:58)
11-21 19:08:59.571  2073  2174 W DefaultFailureHandler: 	at androidx.test.runner.AndroidJUnitRunner.onStart(AndroidJUnitRunner.java:438)
11-21 19:08:59.571  2073  2174 W DefaultFailureHandler: 	at android.app.Instrumentation$InstrumentationThread.run(Instrumentation.java:2189)
11-21 19:08:59.571  2073  2174 W DefaultFailureHandler: Caused by: android.system.ErrnoException: open failed: EROFS (Read-only file system)
11-21 19:08:59.571  2073  2174 W DefaultFailureHandler: 	at libcore.io.Linux.open(Native Method)
11-21 19:08:59.571  2073  2174 W DefaultFailureHandler: 	at libcore.io.ForwardingOs.open(ForwardingOs.java:167)
11-21 19:08:59.571  2073  2174 W DefaultFailureHandler: 	at libcore.io.BlockGuardOs.open(BlockGuardOs.java:252)
11-21 19:08:59.571  2073  2174 W DefaultFailureHandler: 	at libcore.io.ForwardingOs.open(ForwardingOs.java:167)
11-21 19:08:59.571  2073  2174 W DefaultFailureHandler: 	at android.app.ActivityThread$AndroidOs.open(ActivityThread.java:7255)
11-21 19:08:59.571  2073  2174 W DefaultFailureHandler: 	at libcore.io.IoBridge.open(IoBridge.java:482)
11-21 19:08:59.571  2073  2174 W DefaultFailureHandler: 	... 51 more
11-21 19:08:59.575  2006  2322 W InputReader: Device has associated, but no associated display id.
11-21 19:08:59.575  2006  2322 I chatty  : uid=1000(system) Binder:2006_6 identical 8 lines
11-21 19:08:59.575  2006  2322 W InputReader: Device has associated, but no associated display id.
11-21 19:08:59.580  2073  2073 D LifecycleMonitor: Lifecycle status change: ru.iteco.fmhandroid.ui.AppActivity@a4149d2 in: PAUSED
11-21 19:08:59.584  2006  2322 W InputReader: Device has associated, but no associated display id.
11-21 19:08:59.584  2006  2322 I chatty  : uid=1000(system) Binder:2006_6 identical 8 lines
11-21 19:08:59.584  2006  2322 W InputReader: Device has associated, but no associated display id.
11-21 19:08:59.598  1761  8136 D gralloc_ranchu: gralloc_alloc: Creating ashmem region of size 14749696
11-21 19:08:59.607  1761  8136 D gralloc_ranchu: gralloc_alloc: Creating ashmem region of size 14749696
11-21 19:08:59.613  2876  3288 D EGL_emulation: eglMakeCurrent: 0xdde1bb00: ver 2 0 (tinfo 0xdde0ff90)
11-21 19:08:59.617  2006  2006 W ActivityManager: Unable to start service Intent { act=android.service.appprediction.AppPredictionService cmp=com.google.android.as/com.google.android.apps.miphone.aiai.app.AiAiPredictionService } U=0: not found
11-21 19:08:59.617  2006  2006 W RemoteAppPredictionService: could not bind to Intent { act=android.service.appprediction.AppPredictionService cmp=com.google.android.as/com.google.android.apps.miphone.aiai.app.AiAiPredictionService } using flags 67108865
11-21 19:08:59.629  1761  8136 D gralloc_ranchu: gralloc_alloc: Creating ashmem region of size 14749696
11-21 19:08:59.631  1761  1761 D gralloc_ranchu: gralloc_alloc: Creating ashmem region of size 14749696
11-21 19:08:59.647  1761  1761 D gralloc_ranchu: gralloc_alloc: Creating ashmem region of size 14749696
11-21 19:08:59.657  2441  2951 D EGL_emulation: eglMakeCurrent: 0xdde1a480: ver 2 0 (tinfo 0xdde0f530)
11-21 19:08:59.659  1761  1761 D gralloc_ranchu: gralloc_alloc: Creating ashmem region of size 14749696
11-21 19:08:59.665  2073  2953 V FA      : Recording user engagement, ms: 41847
11-21 19:08:59.667  2876  2876 W ThreadPoolDumper: Queue length for executor EventBus is now 11. Perhaps some tasks are too long, or the pool is too small.
11-21 19:08:59.675  2876  3118 W SessionLifecycleManager: Handover failed. Creating new session controller.
11-21 19:08:59.720  2006  2032 W InputReader: Device has associated, but no associated display id.
11-21 19:08:59.722  2006  2032 I chatty  : uid=1000(system) android.anim identical 8 lines
11-21 19:08:59.722  2006  2032 W InputReader: Device has associated, but no associated display id.
11-21 19:08:59.726  1761  1761 D gralloc_ranchu: gralloc_alloc: Creating ashmem region of size 9441280
11-21 19:08:59.759  7825  7875 D EGL_emulation: eglMakeCurrent: 0xe5ffa5c0: ver 2 0 (tinfo 0xda8dd010)
11-21 19:08:59.774  7825  7875 D EGL_emulation: eglMakeCurrent: 0xe5ffa5c0: ver 2 0 (tinfo 0xda8dd010)
11-21 19:08:59.805  1775  1775 E Layer   : [Surface(name=AppWindowToken{cf95f47 token=Token{19f6a86 ActivityRecord{5fbaf61 u0 com.google.android.apps.nexuslauncher/.NexusLauncherActivity t1123}}})/@0xb8f158b - animation-leash#0] No local sync point found
11-21 19:08:59.805  1775  1775 E Layer   : [Surface(name=AppWindowToken{c838bb0 token=Token{fc852f3 ActivityRecord{6407162 u0 ru.iteco.fmhandroid/.ui.AppActivity t2536}}})/@0xddffaa7 - animation-leash#0] No local sync point found
11-21 19:08:59.811  2006  6581 D HostConnection: HostConnection::get() New Host Connection established 0xdde553f0, tid 6581
11-21 19:08:59.826  2073  2188 D EGL_emulation: eglMakeCurrent: 0xdde1b800: ver 2 0 (tinfo 0xcd76aa70)
11-21 19:08:59.827  2006  6581 D HostConnection: HostComposition ext ANDROID_EMU_CHECKSUM_HELPER_v1 ANDROID_EMU_dma_v1 ANDROID_EMU_direct_mem ANDROID_EMU_host_composition_v1 ANDROID_EMU_host_composition_v2 ANDROID_EMU_vulkan ANDROID_EMU_deferred_vulkan_commands ANDROID_EMU_vulkan_null_optional_strings ANDROID_EMU_vulkan_create_resources_with_requirements ANDROID_EMU_YUV_Cache ANDROID_EMU_vulkan_ignored_handles ANDROID_EMU_vulkan_free_memory_sync ANDROID_EMU_vulkan_shader_float16_int8 ANDROID_EMU_vulkan_async_queue_submit ANDROID_EMU_sync_buffer_data GL_OES_vertex_array_object GL_KHR_texture_compression_astc_ldr ANDROID_EMU_host_side_tracing ANDROID_EMU_gles_max_version_2 
11-21 19:08:59.836  2073  2073 D LifecycleMonitor: Lifecycle status change: ru.iteco.fmhandroid.ui.AppActivity@a4149d2 in: STOPPED
11-21 19:08:59.846  2073  2073 D LifecycleMonitor: Lifecycle status change: ru.iteco.fmhandroid.ui.AppActivity@a4149d2 in: DESTROYED
11-21 19:08:59.852  2006  6581 W OpenGLRenderer: Failed to choose config with EGL_SWAP_BEHAVIOR_PRESERVED, retrying without...
11-21 19:08:59.880  2441  2461 W System  : A resource failed to call release. 
11-21 19:08:59.880  2441  2461 W System  : A resource failed to call release. 
11-21 19:08:59.897  7825  7838 I ndroid.systemu: NativeAlloc concurrent copying GC freed 10332(567KB) AllocSpace objects, 0(0B) LOS objects, 49% free, 5615KB/10MB, paused 471us total 120.709ms
11-21 19:08:59.899  2876  2237 W LocationOracle: No location history returned by ContextManager
11-21 19:08:59.900  2006  6581 D EGL_emulation: eglCreateContext: 0xdde1c3a0: maj 2 min 0 rcv 2
11-21 19:08:59.920  2006  6581 D EGL_emulation: eglMakeCurrent: 0xdde1c3a0: ver 2 0 (tinfo 0xb180ad60)
11-21 19:08:59.926  2876  3118 I MicroDetectionWorker: #startMicroDetector [speakerMode: 0]
11-21 19:08:59.930  2876  3118 W ErrorReporter: reportError [type: 211, code: 393244, bug: 0]: errorCode: 393244, engine: 0
11-21 19:08:59.933  2876  3118 I MicroDetector: Keeping mic open: false
11-21 19:08:59.933  2876  3118 I MicroDetectionWorker: #onError(false)
11-21 19:09:00.009  7825  7825 D KeyguardClockSwitch: Updating clock: 709
11-21 19:09:00.024  7825  7875 D EGL_emulation: eglMakeCurrent: 0xe5ffa5c0: ver 2 0 (tinfo 0xda8dd010)
11-21 19:09:00.044  2073  2099 I teco.fmhandroi: NativeAlloc concurrent copying GC freed 126576(4983KB) AllocSpace objects, 1(16KB) LOS objects, 38% free, 9637KB/15MB, paused 1.329ms total 475.068ms
11-21 19:09:00.044  2073  2953 V FA      : Connecting to remote service
11-21 19:09:00.053  2073  2953 V FA      : Connection attempt already in progress
11-21 19:09:00.053  2073  2953 V FA      : Activity paused, time: 842973802
11-21 19:09:00.064  2073  2953 D FA      : Connected to remote service
11-21 19:09:00.064  2073  2953 V FA      : Processing queued up service tasks: 2
11-21 19:09:00.065  2580  2918 W ctxmgr  : [AclManager] No 3 for (accnt=account#-517948760#, com.google.android.gms(10114):UserVelocityProducer, vrsn=202414022, 0, 3pPkg = null ,  3pMdlId = null ,  pid = 2580). Was: 3 for 1, account#-517948760# [CONTEXT service_id=47 ]
11-21 19:09:00.109  2580  2724 I LogUtils: [Places]: ?: Couldn't find platform key file. [CONTEXT service_id=253 ]
11-21 19:09:00.195  2757  2964 V FA-SVC  : Logging event: origin=auto,name=user_engagement(_e),params=Bundle[{ga_event_origin(_o)=auto, engagement_time_msec(_et)=41847, ga_screen_class(_sc)=AppActivity, ga_screen_id(_si)=1969996081156450801}]
