12-02 19:09:09.893  2584 29737 E SQLiteDatabase: 	at java.util.concurrent.ThreadPoolExecutor.runWorker(ThreadPoolExecutor.java:1167)
12-02 19:09:09.893  2584 29737 E SQLiteDatabase: 	at java.util.concurrent.ThreadPoolExecutor$Worker.run(ThreadPoolExecutor.java:641)
12-02 19:09:09.893  2584 29737 E SQLiteDatabase: 	at sux.run(:com.google.android.gms@202414022@20.24.14 (040700-319035315):0)
12-02 19:09:09.893  2584 29737 E SQLiteDatabase: 	at java.lang.Thread.run(Thread.java:919)
12-02 19:09:09.896  2584 29482 I LogUtils: [Places]: ?: Couldn't find platform key file. [CONTEXT service_id=253 ]
12-02 19:09:09.926  2584 29459 I ctxmgr  : [ProducerStatusImpl] updateStateForNewContextData: inactive, contextName=7 [CONTEXT service_id=47 ]
12-02 19:09:09.959  2584  2584 I GeofencerStateMachine: removeGeofences: removeRequest=RemoveGeofencingRequest[REMOVE_BY_PENDING_INTENT pendingIntent=PendingIntent[creatorPackage=com.google.android.gms], packageName=com.google.android.gms]
12-02 19:09:09.966  2584  2584 I GeofencerStateMachine: removeGeofences: removeRequest=RemoveGeofencingRequest[REMOVE_BY_PENDING_INTENT pendingIntent=PendingIntent[creatorPackage=com.google.android.gms], packageName=com.google.android.gms]
12-02 19:09:09.967  2584 29482 I LogUtils: [Places]: ?: Couldn't find platform key file. [CONTEXT service_id=253 ]
12-02 19:09:09.974  2584 29781 I PlacesLogger: [PlaceInferenceEngine]: [anon] Changed inference mode: 0 [CONTEXT service_id=253 ]
12-02 19:09:09.978  2584 29482 I LogUtils: [Places]: ?: Couldn't find platform key file. [CONTEXT service_id=253 ]
12-02 19:09:09.992  2584  3808 W GCoreFlp: No location to return for getLastLocation()
12-02 19:09:10.016  2584 29765 I LogUtils: [Places]: ?: Couldn't find platform key file. [CONTEXT service_id=253 ]
12-02 19:09:10.046  2584 29782 I LogUtils: [Places]: ?: Couldn't find platform key file. [CONTEXT service_id=253 ]
12-02 19:09:10.059  2584  3808 W GCoreFlp: No location to return for getLastLocation()
12-02 19:09:10.100  2584 29781 I LogUtils: [Places]: ?: PlacesBleScanner start() with priority 2 [CONTEXT service_id=253 ]
12-02 19:09:10.100  2584 29781 I PlacesLogger: [PlaceInferenceEngine]: [anon] Changed inference mode: 1 [CONTEXT service_id=253 ]
12-02 19:09:10.119  2584  2584 E BeaconBle: Missing BluetoothAdapter [CONTEXT service_id=111 ]
12-02 19:09:10.120  2584  2584 I BeaconBle: BLE 'KK+' software access layer enabled [CONTEXT service_id=111 ]
12-02 19:09:10.122  1772  1772 D gralloc_ranchu: gralloc_alloc: Creating ashmem region of size 14749696
12-02 19:09:10.168  2584 29765 I LogUtils: [Places]: ?: Couldn't find platform key file. [CONTEXT service_id=253 ]
12-02 19:09:10.189  2584  3808 W GCoreFlp: No location to return for getLastLocation()
12-02 19:09:10.195  2584  2599 I .gms.persisten: Background concurrent copying GC freed 80842(4853KB) AllocSpace objects, 14(936KB) LOS objects, 36% free, 10MB/16MB, paused 905us total 164.827ms
12-02 19:09:10.219  2584  2584 I BeaconBle: Client requested scan, settings=BleSettings [scanMode=ZERO_POWER, callbackType=ALL_MATCHES, reportDelayMillis=0, 1 filters, 0 clients, callingClientName=Places] [CONTEXT service_id=111 ]
12-02 19:09:10.219  2584  2584 I BeaconBle: Scan : No clients left, canceling alarm. [CONTEXT service_id=111 ]
12-02 19:09:10.220  2584  2584 E BeaconBle: Scan couldn't start for Places [CONTEXT service_id=111 ]
12-02 19:09:10.220  2584  2584 W Places  : BLE failure while scanning - code 5
12-02 19:09:10.656  2010  9089 D WificondControl: Scan result ready event
12-02 19:09:10.760 29571 29615 E TestRunner: failed: shouldOpenTheClaimCard(ru.iteco.fmhandroid.ui.ClaimsPageTest)
12-02 19:09:10.760 29571 29615 E TestRunner: ----- begin exception -----
12-02 19:09:10.762 29571 29615 E TestRunner: androidx.test.espresso.PerformException: Error performing 'scroll RecyclerView to: holder with view: (view is an instance of android.view.ViewGroup and has descendant matching an instance of android.widget.TextView and view.getText() with or without transformation to match: is "В работе 898a76ba-ea47-4ed9-9da7-4544d6c739c7")' on view 'view.getId() is <2131230916/ru.iteco.fmhandroid:id/claim_list_recycler_view>'.
12-02 19:09:10.762 29571 29615 E TestRunner: 	at androidx.test.espresso.PerformException$Builder.build(PerformException.java:1)
12-02 19:09:10.762 29571 29615 E TestRunner: 	at androidx.test.espresso.base.PerformExceptionHandler.handleSafely(PerformExceptionHandler.java:8)
12-02 19:09:10.762 29571 29615 E TestRunner: 	at androidx.test.espresso.base.PerformExceptionHandler.handleSafely(PerformExceptionHandler.java:9)
12-02 19:09:10.762 29571 29615 E TestRunner: 	at androidx.test.espresso.base.DefaultFailureHandler$TypedFailureHandler.handle(DefaultFailureHandler.java:4)
12-02 19:09:10.762 29571 29615 E TestRunner: 	at androidx.test.espresso.base.DefaultFailureHandler.handle(DefaultFailureHandler.java:5)
12-02 19:09:10.762 29571 29615 E TestRunner: 	at androidx.test.espresso.ViewInteraction.waitForAndHandleInteractionResults(ViewInteraction.java:8)
12-02 19:09:10.762 29571 29615 E TestRunner: 	at androidx.test.espresso.ViewInteraction.desugaredPerform(ViewInteraction.java:11)
12-02 19:09:10.762 29571 29615 E TestRunner: 	at androidx.test.espresso.ViewInteraction.perform(ViewInteraction.java:8)
12-02 19:09:10.762 29571 29615 E TestRunner: 	at ru.iteco.fmhandroid.ui.steps.ClaimsPageSteps.scrollToElementInRecyclerList(ClaimsPageSteps.java:128)
12-02 19:09:10.762 29571 29615 E TestRunner: 	at ru.iteco.fmhandroid.ui.steps.ClaimsPageSteps.openClaimCard(ClaimsPageSteps.java:151)
12-02 19:09:10.762 29571 29615 E TestRunner: 	at ru.iteco.fmhandroid.ui.ClaimsPageTest.shouldOpenTheClaimCard(ClaimsPageTest.java:84)
12-02 19:09:10.762 29571 29615 E TestRunner: 	at java.lang.reflect.Method.invoke(Native Method)
12-02 19:09:10.762 29571 29615 E TestRunner: 	at org.junit.runners.model.FrameworkMethod$1.runReflectiveCall(FrameworkMethod.java:59)
12-02 19:09:10.762 29571 29615 E TestRunner: 	at org.junit.internal.runners.model.ReflectiveCallable.run(ReflectiveCallable.java:12)
12-02 19:09:10.762 29571 29615 E TestRunner: 	at org.junit.runners.model.FrameworkMethod.invokeExplosively(FrameworkMethod.java:56)
12-02 19:09:10.762 29571 29615 E TestRunner: 	at org.junit.internal.runners.statements.InvokeMethod.evaluate(InvokeMethod.java:17)
12-02 19:09:10.762 29571 29615 E TestRunner: 	at androidx.test.internal.runner.junit4.statement.RunBefores.evaluate(RunBefores.java:80)
12-02 19:09:10.762 29571 29615 E TestRunner: 	at androidx.test.rule.ActivityTestRule$ActivityStatement.evaluate(ActivityTestRule.java:543)
12-02 19:09:10.762 29571 29615 E TestRunner: 	at io.qameta.allure.android.rules.LogcatRule$apply$1.evaluate(LogcatRule.kt:23)
12-02 19:09:10.762 29571 29615 E TestRunner: 	at io.qameta.allure.android.rules.ScreenshotRule$apply$1.evaluate(ScreenshotRule.kt:22)
12-02 19:09:10.762 29571 29615 E TestRunner: 	at io.qameta.allure.android.rules.ScreenshotRule$apply$1.evaluate(ScreenshotRule.kt:22)
12-02 19:09:10.762 29571 29615 E TestRunner: 	at org.junit.rules.RunRules.evaluate(RunRules.java:20)
12-02 19:09:10.762 29571 29615 E TestRunner: 	at org.junit.runners.ParentRunner$3.evaluate(ParentRunner.java:306)
12-02 19:09:10.762 29571 29615 E TestRunner: 	at org.junit.runners.BlockJUnit4ClassRunner$1.evaluate(BlockJUnit4ClassRunner.java:100)
12-02 19:09:10.762 29571 29615 E TestRunner: 	at org.junit.runners.ParentRunner.runLeaf(ParentRunner.java:366)
12-02 19:09:10.762 29571 29615 E TestRunner: 	at org.junit.runners.BlockJUnit4ClassRunner.runChild(BlockJUnit4ClassRunner.java:103)
12-02 19:09:10.762 29571 29615 E TestRunner: 	at org.junit.runners.BlockJUnit4ClassRunner.runChild(BlockJUnit4ClassRunner.java:63)
12-02 19:09:10.762 29571 29615 E TestRunner: 	at org.junit.runners.ParentRunner$4.run(ParentRunner.java:331)
12-02 19:09:10.762 29571 29615 E TestRunner: 	at org.junit.runners.ParentRunner$1.schedule(ParentRunner.java:79)
12-02 19:09:10.762 29571 29615 E TestRunner: 	at org.junit.runners.ParentRunner.runChildren(ParentRunner.java:329)
12-02 19:09:10.762 29571 29615 E TestRunner: 	at org.junit.runners.ParentRunner.access$100(ParentRunner.java:66)
12-02 19:09:10.762 29571 29615 E TestRunner: 	at org.junit.runners.ParentRunner$2.evaluate(ParentRunner.java:293)
12-02 19:09:10.762 29571 29615 E TestRunner: 	at org.junit.runners.ParentRunner$3.evaluate(ParentRunner.java:306)
12-02 19:09:10.762 29571 29615 E TestRunner: 	at org.junit.runners.ParentRunner.run(ParentRunner.java:413)
12-02 19:09:10.762 29571 29615 E TestRunner: 	at androidx.test.ext.junit.runners.AndroidJUnit4.run(AndroidJUnit4.java:162)
12-02 19:09:10.762 29571 29615 E TestRunner: 	at io.qameta.allure.android.runners.AllureAndroidJUnit4.run(AllureAndroidJUnitRunners.kt:29)
12-02 19:09:10.762 29571 29615 E TestRunner: 	at org.junit.runners.Suite.runChild(Suite.java:128)
12-02 19:09:10.762 29571 29615 E TestRunner: 	at org.junit.runners.Suite.runChild(Suite.java:27)
12-02 19:09:10.762 29571 29615 E TestRunner: 	at org.junit.runners.ParentRunner$4.run(ParentRunner.java:331)
12-02 19:09:10.762 29571 29615 E TestRunner: 	at org.junit.runners.ParentRunner$1.schedule(ParentRunner.java:79)
12-02 19:09:10.762 29571 29615 E TestRunner: 	at org.junit.runners.ParentRunner.runChildren(ParentRunner.java:329)
12-02 19:09:10.762 29571 29615 E TestRunner: 	at org.junit.runners.ParentRunner.access$100(ParentRunner.java:66)
12-02 19:09:10.762 29571 29615 E TestRunner: 	at org.junit.runners.ParentRunner$2.evaluate(ParentRunner.java:293)
12-02 19:09:10.762 29571 29615 E TestRunner: 	at org.junit.runners.ParentRunner$3.evaluate(ParentRunner.java:306)
12-02 19:09:10.762 29571 29615 E TestRunner: 	at org.junit.runners.ParentRunner.run(ParentRunner.java:413)
12-02 19:09:10.762 29571 29615 E TestRunner: 	at org.junit.runner.JUnitCore.run(JUnitCore.java:137)
12-02 19:09:10.762 29571 29615 E TestRunner: 	at org.junit.runner.JUnitCore
12-02 19:09:10.762 29571 29615 E TestRunner: ----- end exception -----
12-02 19:09:10.765 29571 29615 I TestRunner: finished: shouldOpenTheClaimCard(ru.iteco.fmhandroid.ui.ClaimsPageTest)
12-02 19:09:10.851 29571 29615 I TestRunner: started: shouldFindOnTheScreenJustClosedClaim(ru.iteco.fmhandroid.ui.ClaimsPageTest)
12-02 19:09:10.877 29571 29615 W ActivityTestRule: getActivityIntent() returned null using default: Intent(Intent.ACTION_MAIN)
12-02 19:09:10.881  2010  9089 I ActivityTaskManager: START u0 {act=android.intent.action.MAIN flg=0x10000000 cmp=ru.iteco.fmhandroid/.ui.AppActivity} from uid 10159
12-02 19:09:10.897  2010  9089 W InputReader: Device has associated, but no associated display id.
12-02 19:09:10.898  2010  9089 I chatty  : uid=1000(system) Binder:2010_1A identical 28 lines
12-02 19:09:10.898  2010  9089 W InputReader: Device has associated, but no associated display id.
12-02 19:09:10.899 29571 29571 W ActivityThread: handleWindowVisibility: no activity for token android.os.BinderProxy@56ce319
12-02 19:09:10.901  2010  9089 W InputReader: Device has associated, but no associated display id.
12-02 19:09:10.901  2010  9089 I chatty  : uid=1000(system) Binder:2010_1A identical 8 lines
12-02 19:09:10.901  2010  9089 W InputReader: Device has associated, but no associated display id.
12-02 19:09:10.903  2010  2037 E system_server: Invalid ID 0x00000000.
12-02 19:09:10.931 29571 29571 D LifecycleMonitor: Lifecycle status change: ru.iteco.fmhandroid.ui.AppActivity@7df97d5 in: PRE_ON_CREATE
12-02 19:09:10.932  1772  1772 D gralloc_ranchu: gralloc_alloc: Creating ashmem region of size 14749696
12-02 19:09:10.937 29571 29605 V FA      : onActivityCreated
12-02 19:09:10.955 29571 29571 D LifecycleMonitor: Lifecycle status change: ru.iteco.fmhandroid.ui.AppActivity@7df97d5 in: CREATED
12-02 19:09:11.004 29571 29571 D LifecycleMonitor: Lifecycle status change: ru.iteco.fmhandroid.ui.AppActivity@7df97d5 in: STARTED
12-02 19:09:11.006 29571 29571 D LifecycleMonitor: Lifecycle status change: ru.iteco.fmhandroid.ui.AppActivity@7df97d5 in: RESUMED
12-02 19:09:11.007 29571 29613 V FA      : Activity resumed, time: 89787412
12-02 19:09:11.009  2010  2037 W InputReader: Device has associated, but no associated display id.
12-02 19:09:11.009  2010  2037 I chatty  : uid=1000(system) android.anim identical 8 lines
12-02 19:09:11.009  2010  2037 W InputReader: Device has associated, but no associated display id.
12-02 19:09:11.041  3139  3664 D EGL_emulation: eglMakeCurrent: 0xdb91c460: ver 2 0 (tinfo 0xbe64a3f0)
12-02 19:09:11.063  1772  1772 D gralloc_ranchu: gralloc_alloc: Creating ashmem region of size 14749696
12-02 19:09:11.068  1772  1772 D gralloc_ranchu: gralloc_alloc: Creating ashmem region of size 14749696
12-02 19:09:11.070  2448  3326 D EGL_emulation: eglMakeCurrent: 0xe3a07ba0: ver 2 0 (tinfo 0xe3a93b30)
12-02 19:09:11.070  1772  1772 D gralloc_ranchu: gralloc_alloc: Creating ashmem region of size 14749696
12-02 19:09:11.072  2169  2501 D EGL_emulation: eglMakeCurrent: 0xdb91a600: ver 2 0 (tinfo 0xdb90f8d0)
12-02 19:09:11.082 29571 29628 D EGL_emulation: eglMakeCurrent: 0xdb91b440: ver 2 0 (tinfo 0xc077f470)
12-02 19:09:11.111  1772  1772 D gralloc_ranchu: gralloc_alloc: Creating ashmem region of size 14749696
12-02 19:09:11.156  2010  2041 I ActivityTaskManager: Displayed ru.iteco.fmhandroid/.ui.AppActivity: +270ms
12-02 19:09:11.165  2881 29619 V FA-SVC  : Logging event: origin=auto,name=screen_view(_vs),params=Bundle[{ga_event_origin(_o)=auto, ga_previous_class(_pc)=AppActivity, ga_previous_id(_pi)=-6691874523389436952, ga_screen_class(_sc)=AppActivity, ga_screen_id(_si)=-6691874523389436951}]
12-02 19:09:11.177  2881 29619 V FA-SVC  : Upload scheduled in approximately ms: 571135
12-02 19:09:11.177  2881 29619 V FA-SVC  : Unscheduling upload
12-02 19:09:11.181  2881 29619 V FA-SVC  : Scheduling upload, millis: 571135
12-02 19:09:11.185  2881 29619 V FA-SVC  : Background event processing time, ms: 20
12-02 19:09:11.200  2584 29737 E SQLiteDatabase: Error inserting flex_time=571000 job_id=-1 period=1143000 source=16 requires_charging=0 preferred_network_type=1 target_class=com.google.android.gms.measurement.PackageMeasurementTaskService user_id=0 target_package=com.google.android.gms tag=Measurement.PackageMeasurementTaskService.UPLOAD_TASK_TAG task_type=0 required_idleness_state=0 service_kind=0 source_version=202414000 persistence_level=1 preferred_charging_state=1 required_network_type=0 runtime=1669997351197 retry_strategy={"maximum_backoff_seconds":{"3600":0},"initial_backoff_seconds":{"30":0},"retry_policy":{"0":0}} last_runtime=0
12-02 19:09:11.200  2584 29737 E SQLiteDatabase: android.database.sqlite.SQLiteConstraintException: UNIQUE constraint failed: pending_ops.tag, pending_ops.target_class, pending_ops.target_package, pending_ops.user_id (code 2067 SQLITE_CONSTRAINT_UNIQUE)
12-02 19:09:11.200  2584 29737 E SQLiteDatabase: 	at android.database.sqlite.SQLiteConnection.nativeExecuteForLastInsertedRowId(Native Method)
12-02 19:09:11.200  2584 29737 E SQLiteDatabase: 	at android.database.sqlite.SQLiteConnection.executeForLastInsertedRowId(SQLiteConnection.java:879)
12-02 19:09:11.200  2584 29737 E SQLiteDatabase: 	at android.database.sqlite.SQLiteSession.executeForLastInsertedRowId(SQLiteSession.java:790)
12-02 19:09:11.200  2584 29737 E SQLiteDatabase: 	at android.database.sqlite.SQLiteStatement.executeInsert(SQLiteStatement.java:88)
12-02 19:09:11.200  2584 29737 E SQLiteDatabase: 	at android.database.sqlite.SQLiteDatabase.insertWithOnConflict(SQLiteDatabase.java:1599)
12-02 19:09:11.200  2584 29737 E SQLiteDatabase: 	at android.database.sqlite.SQLiteDatabase.insert(SQLiteDatabase.java:1468)
12-02 19:09:11.200  2584 29737 E SQLiteDatabase: 	at aqui.a(:com.google.android.gms@202414022@20.24.14 (040700-319035315):175)
12-02 19:09:11.200  2584 29737 E SQLiteDatabase: 	at aqtk.a(:com.google.android.gms@202414022@20.24.14 (040700-319035315):182)
12-02 19:09:11.200  2584 29737 E SQLiteDatabase: 	at aqtk.a(:com.google.android.gms@202414022@20.24.14 (040700-319035315):23)
12-02 19:09:11.200  2584 29737 E SQLiteDatabase: 	at aqtk.a(:com.google.android.gms@202414022@20.24.14 (040700-319035315):177)
12-02 19:09:11.200  2584 29737 E SQLiteDatabase: 	at aqpu.run(:com.google.android.gms@202414022@20.24.14 (040700-319035315):9)
12-02 19:09:11.200  2584 29737 E SQLiteDatabase: 	at soy.b(:com.google.android.gms@202414022@20.24.14 (040700-319035315):12)
12-02 19:09:11.200  2584 29737 E SQLiteDatabase: 	at soy.run(:com.google.android.gms@202414022@20.24.14 (040700-319035315):7)
12-02 19:09:11.200  2584 29737 E SQLiteDatabase: 	at java.util.concurrent.ThreadPoolExecutor.runWorker(ThreadPoolExecutor.java:1167)
12-02 19:09:11.200  2584 29737 E SQLiteDatabase: 	at java.util.concurrent.ThreadPoolExecutor$Worker.run(ThreadPoolExecutor.java:641)
12-02 19:09:11.200  2584 29737 E SQLiteDatabase: 	at sux.run(:com.google.android.gms@202414022@20.24.14 (040700-319035315):0)
12-02 19:09:11.200  2584 29737 E SQLiteDatabase: 	at java.lang.Thread.run(Thread.java:919)
12-02 19:09:11.233  3139 29268 I PBSessionCacheImpl: Deleted sessionId[429016833907] from persistence.
12-02 19:09:11.235  1772  1772 D gralloc_ranchu: gralloc_alloc: Creating ashmem region of size 14749696
12-02 19:09:11.246  3139  3568 W SearchServiceCore: Abort, client detached.
12-02 19:09:11.519  1750  1962 W audio_hw_generic: Not supplying enough data to HAL, expected position 399601850 , only wrote 399514349
12-02 19:09:11.700 29571 29571 I ViewInteraction: Performing 'wait for a specific view with <(an instance of android.widget.TextView and view.getText() with or without transformation to match: is "Authorization" and view.getParent() view.getParent() view.getId() is <2131231186>)> during 10000 millis.' action on view view.getRootView() to equal view
12-02 19:09:14.005 29571 29642 I okhttp.OkHttpClient: --> GET http://www.981757-ca08998.tmweb.ru:8080/fmh/authentication/userInfo
12-02 19:09:14.005 29571 29642 I okhttp.OkHttpClient: --> END GET
12-02 19:09:14.148 29571 29642 I okhttp.OkHttpClient: <-- 200 http://www.981757-ca08998.tmweb.ru:8080/fmh/authentication/userInfo (142ms)
12-02 19:09:14.148 29571 29642 I okhttp.OkHttpClient: Vary: Origin
12-02 19:09:14.148 29571 29642 I okhttp.OkHttpClient: Vary: Access-Control-Request-Method
12-02 19:09:14.149 29571 29642 I okhttp.OkHttpClient: Vary: Access-Control-Request-Headers
12-02 19:09:14.149 29571 29642 I okhttp.OkHttpClient: X-Content-Type-Options: nosniff
12-02 19:09:14.150 29571 29642 I okhttp.OkHttpClient: X-XSS-Protection: 1; mode=block
12-02 19:09:14.150 29571 29642 I okhttp.OkHttpClient: Cache-Control: no-cache, no-store, max-age=0, must-revalidate
12-02 19:09:14.150 29571 29642 I okhttp.OkHttpClient: Pragma: no-cache
12-02 19:09:14.150 29571 29642 I okhttp.OkHttpClient: Expires: 0
12-02 19:09:14.151 29571 29642 I okhttp.OkHttpClient: X-Frame-Options: DENY
12-02 19:09:14.152 29571 29642 I okhttp.OkHttpClient: Content-Type: application/json
12-02 19:09:14.152 29571 29642 I okhttp.OkHttpClient: Transfer-Encoding: chunked
12-02 19:09:14.152 29571 29642 I okhttp.OkHttpClient: Date: Fri, 02 Dec 2022 16:09:15 GMT
12-02 19:09:14.152 29571 29642 I okhttp.OkHttpClient: Keep-Alive: timeout=60
12-02 19:09:14.153 29571 29642 I okhttp.OkHttpClient: Connection: keep-alive
12-02 19:09:14.155 29571 29642 I okhttp.OkHttpClient: {"id":2,"firstName":"Данил","lastName":"Иванов","middleName":"Данилович","admin":true}
12-02 19:09:14.156 29571 29642 I okhttp.OkHttpClient: <-- END HTTP (106-byte body)
12-02 19:09:14.166 29571 29646 I okhttp.OkHttpClient: --> GET http://www.981757-ca08998.tmweb.ru:8080/fmh/claims
12-02 19:09:14.166 29571 29646 I okhttp.OkHttpClient: --> END GET
12-02 19:09:16.160 29571 29613 V FA      : Inactivity, disconnecting from the service
12-02 19:09:16.219 29571 29646 I okhttp.OkHttpClient: <-- 200 http://www.981757-ca08998.tmweb.ru:8080/fmh/claims (2052ms)
12-02 19:09:16.219 29571 29646 I okhttp.OkHttpClient: Vary: Origin
12-02 19:09:16.219 29571 29646 I okhttp.OkHttpClient: Vary: Access-Control-Request-Method
12-02 19:09:16.219 29571 29646 I okhttp.OkHttpClient: Vary: Access-Control-Request-Headers
12-02 19:09:16.219 29571 29646 I okhttp.OkHttpClient: X-Content-Type-Options: nosniff
12-02 19:09:16.219 29571 29646 I okhttp.OkHttpClient: X-XSS-Protection: 1; mode=block
12-02 19:09:16.219 29571 29646 I okhttp.OkHttpClient: Cache-Control: no-cache, no-store, max-age=0, must-revalidate
12-02 19:09:16.219 29571 29646 I okhttp.OkHttpClient: Pragma: no-cache
12-02 19:09:16.219 29571 29646 I okhttp.OkHttpClient: Expires: 0
12-02 19:09:16.219 29571 29646 I okhttp.OkHttpClient: X-Frame-Options: DENY
12-02 19:09:16.220 29571 29646 I okhttp.OkHttpClient: Content-Type: application/json
12-02 19:09:16.220 29571 29646 I okhttp.OkHttpClient: Transfer-Encoding: chunked
12-02 19:09:16.220 29571 29646 I okhttp.OkHttpClient: Date: Fri, 02 Dec 2022 16:09:17 GMT
12-02 19:09:16.220 29571 29646 I okhttp.OkHttpClient: Keep-Alive: timeout=60
12-02 19:09:16.220 29571 29646 I okhttp.OkHttpClient: Connection: keep-alive
12-02 19:09:16.326  2584 29765 I LogUtils: [Places]: ?: Couldn't find platform key file. [CONTEXT service_id=253 ]
12-02 19:09:16.326  2584 29791 I LogUtils: [Places]: ?: Couldn't find platform key file. [CONTEXT service_id=253 ]
12-02 19:09:16.337  2584 29781 I LogUtils: [Places]: ?: PlacesBleScanner stop() [CONTEXT service_id=253 ]
12-02 19:09:16.338  2584  2584 I BeaconBle: Scan : No clients left, canceling alarm. [CONTEXT service_id=111 ]
12-02 19:09:16.339  2584  2584 I BeaconBle: Scan canceled successfully. [CONTEXT service_id=111 ]
12-02 19:09:16.346  2584 29781 I PlacesLogger: [PlaceInferenceEngine]: [anon] Changed inference mode: 0 [CONTEXT service_id=253 ]
12-02 19:09:16.360  2584  3808 W GCoreFlp: No location to return for getLastLocation()
12-02 19:09:16.376  2584 29791 I LogUtils: [Places]: ?: Couldn't find platform key file. [CONTEXT service_id=253 ]
12-02 19:09:16.377  2584 29482 I LogUtils: [Places]: ?: Couldn't find platform key file. [CONTEXT service_id=253 ]
12-02 19:09:16.456  2584  2584 I GeofencerStateMachine: removeGeofences: removeRequest=RemoveGeofencingRequest[REMOVE_BY_PENDING_INTENT pendingIntent=PendingIntent[creatorPackage=com.google.android.gms], packageName=com.google.android.gms]
12-02 19:09:21.269  3139  3568 I WorkerManager: dispose()
12-02 19:09:21.269  3139  3568 W ThreadPoolDumper: Queue length for executor EventBus is now 11. Perhaps some tasks are too long, or the pool is too small.
12-02 19:09:21.349  2584  2584 I BeaconBle: Scan : No clients left, canceling alarm. [CONTEXT service_id=111 ]
12-02 19:09:21.748 29571 29571 D takeScreenshot: Found 1 global views to redraw
12-02 19:09:21.778  1772  1772 D gralloc_ranchu: gralloc_alloc: Creating ashmem region of size 14749696
12-02 19:09:21.835 29571 29615 W DefaultFailureHandler: Failed to take screenshot
12-02 19:09:21.835 29571 29615 W DefaultFailureHandler: java.io.FileNotFoundException: view-op-error-9.png: open failed: EROFS (Read-only file system)
12-02 19:09:21.835 29571 29615 W DefaultFailureHandler: 	at libcore.io.IoBridge.open(IoBridge.java:496)
12-02 19:09:21.835 29571 29615 W DefaultFailureHandler: 	at java.io.FileOutputStream.<init>(FileOutputStream.java:235)
12-02 19:09:21.835 29571 29615 W DefaultFailureHandler: 	at java.io.FileOutputStream.<init>(FileOutputStream.java:125)
12-02 19:09:21.835 29571 29615 W DefaultFailureHandler: 	at androidx.test.platform.io.FileTestStorage.openOutputFile(FileTestStorage.java:60)
12-02 19:09:21.835 29571 29615 W DefaultFailureHandler: 	at androidx.test.core.graphics.BitmapStorage.writeToTestStorage(BitmapStorageExt.kt:49)
12-02 19:09:21.835 29571 29615 W DefaultFailureHandler: 	at androidx.test.espresso.base.DefaultFailureHandler.takeScreenshot(DefaultFailureHandler.java:4)
12-02 19:09:21.835 29571 29615 W DefaultFailureHandler: 	at androidx.test.espresso.base.DefaultFailureHandler.handle(DefaultFailureHandler.java:3)
12-02 19:09:21.835 29571 29615 W DefaultFailureHandler: 	at androidx.test.espresso.ViewInteraction.waitForAndHandleInteractionResults(ViewInteraction.java:8)
12-02 19:09:21.835 29571 29615 W DefaultFailureHandler: 	at androidx.test.espresso.ViewInteraction.desugaredPerform(ViewInteraction.java:11)
12-02 19:09:21.835 29571 29615 W DefaultFailureHandler: 	at androidx.test.espresso.ViewInteraction.perform(ViewInteraction.java:8)
12-02 19:09:21.835 29571 29615 W DefaultFailureHandler: 	at ru.iteco.fmhandroid.ui.data.TestUtils.waitView(TestUtils.java:61)
12-02 19:09:21.835 29571 29615 W DefaultFailureHandler: 	at ru.iteco.fmhandroid.ui.steps.AuthSteps.isAuthScreen(AuthSteps.java:56)
12-02 19:09:21.835 29571 29615 W DefaultFailureHandler: 	at ru.iteco.fmhandroid.ui.ClaimsPageTest.logoutCheck(ClaimsPageTest.java:50)
12-02 19:09:21.835 29571 29615 W DefaultFailureHandler: 	at java.lang.reflect.Method.invoke(Native Method)
12-02 19:09:21.835 29571 29615 W DefaultFailureHandler: 	at org.junit.runners.model.FrameworkMethod$1.runReflectiveCall(FrameworkMethod.java:59)
12-02 19:09:21.835 29571 29615 W DefaultFailureHandler: 	at org.junit.internal.runners.model.ReflectiveCallable.run(ReflectiveCallable.java:12)
12-02 19:09:21.835 29571 29615 W DefaultFailureHandler: 	at org.junit.runners.model.FrameworkMethod.invokeExplosively(FrameworkMethod.java:56)
12-02 19:09:21.835 29571 29615 W DefaultFailureHandler: 	at androidx.test.internal.runner.junit4.statement.RunBefores.evaluate(RunBefores.java:76)
12-02 19:09:21.835 29571 29615 W DefaultFailureHandler: 	at androidx.test.rule.ActivityTestRule$ActivityStatement.evaluate(ActivityTestRule.java:543)
12-02 19:09:21.835 29571 29615 W DefaultFailureHandler: 	at io.qameta.allure.android.rules.LogcatRule$apply$1.evaluate(LogcatRule.kt:23)
12-02 19:09:21.835 29571 29615 W DefaultFailureHandler: 	at io.qameta.allure.android.rules.ScreenshotRule$apply$1.evaluate(ScreenshotRule.kt:22)
12-02 19:09:21.835 29571 29615 W DefaultFailureHandler: 	at io.qameta.allure.android.rules.ScreenshotRule$apply$1.evaluate(ScreenshotRule.kt:22)
12-02 19:09:21.835 29571 29615 W DefaultFailureHandler: 	at org.junit.rules.RunRules.evaluate(RunRules.java:20)
12-02 19:09:21.835 29571 29615 W DefaultFailureHandler: 	at org.junit.runners.ParentRunner$3.evaluate(ParentRunner.java:306)
12-02 19:09:21.835 29571 29615 W DefaultFailureHandler: 	at org.junit.runners.BlockJUnit4ClassRunner$1.evaluate(BlockJUnit4ClassRunner.java:100)
12-02 19:09:21.835 29571 29615 W DefaultFailureHandler: 	at org.junit.runners.ParentRunner.runLeaf(ParentRunner.java:366)
12-02 19:09:21.835 29571 29615 W DefaultFailureHandler: 	at org.junit.runners.BlockJUnit4ClassRunner.runChild(BlockJUnit4ClassRunner.java:103)
12-02 19:09:21.835 29571 29615 W DefaultFailureHandler: 	at org.junit.runners.BlockJUnit4ClassRunner.runChild(BlockJUnit4ClassRunner.java:63)
12-02 19:09:21.835 29571 29615 W DefaultFailureHandler: 	at org.junit.runners.ParentRunner$4.run(ParentRunner.java:331)
12-02 19:09:21.835 29571 29615 W DefaultFailureHandler: 	at org.junit.runners.ParentRunner$1.schedule(ParentRunner.java:79)
12-02 19:09:21.835 29571 29615 W DefaultFailureHandler: 	at org.junit.runners.ParentRunner.runChildren(ParentRunner.java:329)
12-02 19:09:21.835 29571 29615 W DefaultFailureHandler: 	at org.junit.runners.ParentRunner.access$100(ParentRunner.java:66)
12-02 19:09:21.835 29571 29615 W DefaultFailureHandler: 	at org.junit.runners.ParentRunner$2.evaluate(ParentRunner.java:293)
12-02 19:09:21.835 29571 29615 W DefaultFailureHandler: 	at org.junit.runners.ParentRunner$3.evaluate(ParentRunner.java:306)
12-02 19:09:21.835 29571 29615 W DefaultFailureHandler: 	at org.junit.runners.ParentRunner.run(ParentRunner.java:413)
12-02 19:09:21.835 29571 29615 W DefaultFailureHandler: 	at androidx.test.ext.junit.runners.AndroidJUnit4.run(AndroidJUnit4.java:162)
12-02 19:09:21.835 29571 29615 W DefaultFailureHandler: 	at io.qameta.allure.android.runners.AllureAndroidJUnit4.run(AllureAndroidJUnitRunners.kt:29)
12-02 19:09:21.835 29571 29615 W DefaultFailureHandler: 	at org.junit.runners.Suite.runChild(Suite.java:128)
12-02 19:09:21.835 29571 29615 W DefaultFailureHandler: 	at org.junit.runners.Suite.runChild(Suite.java:27)
12-02 19:09:21.835 29571 29615 W DefaultFailureHandler: 	at org.junit.runners.ParentRunner$4.run(ParentRunner.java:331)
12-02 19:09:21.835 29571 29615 W DefaultFailureHandler: 	at org.junit.runners.ParentRunner$1.schedule(ParentRunner.java:79)
12-02 19:09:21.835 29571 29615 W DefaultFailureHandler: 	at org.junit.runners.ParentRunner.runChildren(ParentRunner.java:329)
12-02 19:09:21.835 29571 29615 W DefaultFailureHandler: 	at org.junit.runners.ParentRunner.access$100(ParentRunner.java:66)
12-02 19:09:21.835 29571 29615 W DefaultFailureHandler: 	at org.junit.runners.ParentRunner$2.evaluate(ParentRunner.java:293)
12-02 19:09:21.835 29571 29615 W DefaultFailureHandler: 	at org.junit.runners.ParentRunner$3.evaluate(ParentRunner.java:306)
12-02 19:09:21.835 29571 29615 W DefaultFailureHandler: 	at org.junit.runners.ParentRunner.run(ParentRunner.java:413)
12-02 19:09:21.835 29571 29615 W DefaultFailureHandler: 	at org.junit.runner.JUnitCore.run(JUnitCore.java:137)
12-02 19:09:21.835 29571 29615 W DefaultFailureHandler: 	at org.junit.runner.JUnitCore.run(JUnitCore.java:115)
12-02 19:09:21.835 29571 29615 W DefaultFailureHandler: 	at androidx.test.internal.runner.TestExecutor.execute(TestExecutor.java:67)
12-02 19:09:21.835 29571 29615 W DefaultFailureHandler: 	at androidx.test.internal.runner.TestExecutor.execute(TestExecutor.java:58)
12-02 19:09:21.835 29571 29615 W DefaultFailureHandler: 	at androidx.test.runner.AndroidJUnitRunner.onStart(AndroidJUnitRunner.java:438)
12-02 19:09:21.835 29571 29615 W DefaultFailureHandler: 	at android.app.Instrumentation$InstrumentationThread.run(Instrumentation.java:2189)
12-02 19:09:21.835 29571 29615 W DefaultFailureHandler: Caused by: android.system.ErrnoException: open failed: EROFS (Read-only file system)
12-02 19:09:21.835 29571 29615 W DefaultFailureHandler: 	at libcore.io.Linux.open(Native Method)
12-02 19:09:21.835 29571 29615 W DefaultFailureHandler: 	at libcore.io.ForwardingOs.open(ForwardingOs.java:167)
12-02 19:09:21.835 29571 29615 W DefaultFailureHandler: 	at libcore.io.BlockGuardOs.open(BlockGuardOs.java:252)
12-02 19:09:21.835 29571 29615 W DefaultFailureHandler: 	at libcore.io.ForwardingOs.open(ForwardingOs.java:167)
12-02 19:09:21.835 29571 29615 W DefaultFailureHandler: 	at android.app.ActivityThread$AndroidOs.open(ActivityThread.java:7255)
12-02 19:09:21.835 29571 29615 W DefaultFailureHandler: 	at libcore.io.IoBridge.open(IoBridge.java:482)
12-02 19:09:21.835 29571 29615 W DefaultFailureHandler: 	... 51 more
12-02 19:09:21.839 29571 29571 I ViewInteraction: Performing 'wait for a specific view with <view.getId() is <2131230870/ru.iteco.fmhandroid:id/authorization_image_button>> during 10000 millis.' action on view view.getRootView() to equal view
12-02 19:09:21.842 29571 29571 I ViewInteraction: Checking 'MatchesViewAssertion{viewMatcher=(view has effective visibility <VISIBLE> and view.getGlobalVisibleRect() to return non-empty rectangle)}' assertion on view view.getId() is <2131230870/ru.iteco.fmhandroid:id/authorization_image_button>
12-02 19:09:21.845 29571 29571 I ViewInteraction: Performing 'single click' action on view view.getId() is <2131230870/ru.iteco.fmhandroid:id/authorization_image_button>
12-02 19:09:21.897  1750  3111 W audio_hw_generic: Not supplying enough data to HAL, expected position 399514490 , only wrote 399514349
12-02 19:09:21.925  1772  1772 D gralloc_ranchu: gralloc_alloc: Creating ashmem region of size 1429504
12-02 19:09:21.932  1772  1772 I chatty  : uid=1000(system) allocator@2.0-s identical 1 line
12-02 19:09:21.933  1772  1772 D gralloc_ranchu: gralloc_alloc: Creating ashmem region of size 1429504
12-02 19:09:21.938 29571 29628 D EGL_emulation: eglMakeCurrent: 0xdb91b440: ver 2 0 (tinfo 0xc077f470)
12-02 19:09:21.983 29571 29628 I chatty  : uid=10159(ru.iteco.fmhandroid) RenderThread identical 3 lines
12-02 19:09:21.999 29571 29628 D EGL_emulation: eglMakeCurrent: 0xdb91b440: ver 2 0 (tinfo 0xc077f470)
12-02 19:09:22.206 29571 29571 I ViewInteraction: Performing 'wait for a specific view with <an instance of android.widget.TextView and view.getText() with or without transformation to match: is "Log out"> during 10000 millis.' action on view view.getRootView() to equal view
12-02 19:09:22.208 29571 29571 I ViewInteraction: Checking 'MatchesViewAssertion{viewMatcher=(view has effective visibility <VISIBLE> and view.getGlobalVisibleRect() to return non-empty rectangle)}' assertion on view an instance of android.widget.TextView and view.getText() with or without transformation to match: is "Log out"
12-02 19:09:22.211 29571 29571 I ViewInteraction: Performing 'single click' action on view an instance of android.widget.TextView and view.getText() with or without transformation to match: is "Log out"
12-02 19:09:22.379 29571 29628 D EGL_emulation: eglMakeCurrent: 0xdb91b440: ver 2 0 (tinfo 0xc077f470)
12-02 19:09:22.399 29571 29628 D EGL_emulation: eglMakeCurrent: 0xdb91b440: ver 2 0 (tinfo 0xc077f470)
12-02 19:09:22.498 29571 29571 I ViewInteraction: Performing 'wait for a specific view with <(an instance of android.widget.TextView and view.getText() with or without transformation to match: is "Authorization" and view.getParent() view.getParent() view.getId() is <2131231186>)> during 10000 millis.' action on view view.getRootView() to equal view
12-02 19:09:22.501 29571 29571 I ViewInteraction: Checking 'MatchesViewAssertion{viewMatcher=(view has effective visibility <VISIBLE> and view.getGlobalVisibleRect() to return non-empty rectangle)}' assertion on view (an instance of android.widget.TextView and view.getText() with or without transformation to match: is "Authorization" and view.getParent() view.getParent() view.getId() is <2131231186/ru.iteco.fmhandroid:id/nav_host_fragment>)
12-02 19:09:22.503 29571 29571 I ViewInteraction: Performing 'wait for a specific view with <(an instance of android.widget.TextView and view.getHint() matching: is "Login" and view.getParent() view.getParent() view.getId() is <2131231121/ru.iteco.fmhandroid:id/login_text_input_layout>)> during 10000 millis.' action on view view.getRootView() to equal view
12-02 19:09:22.506 29571 29571 I ViewInteraction: Checking 'MatchesViewAssertion{viewMatcher=(view has effective visibility <VISIBLE> and view.getGlobalVisibleRect() to return non-empty rectangle)}' assertion on view (an instance of android.widget.TextView and view.getHint() matching: is "Login" and view.getParent() view.getParent() view.getId() is <2131231121/ru.iteco.fmhandroid:id/login_text_input_layout>)
12-02 19:09:22.508 29571 29571 I ViewInteraction: Performing 'wait for a specific view with <(an instance of android.widget.TextView and view.getHint() matching: is "Password" and view.getParent() view.getParent() view.getId() is <2131231264/ru.iteco.fmhandroid:id/password_text_input_layout>)> during 10000 millis.' action on view view.getRootView() to equal view
12-02 19:09:22.511 29571 29571 I ViewInteraction: Checking 'MatchesViewAssertion{viewMatcher=(view has effective visibility <VISIBLE> and view.getGlobalVisibleRect() to return non-empty rectangle)}' assertion on view (an instance of android.widget.TextView and view.getHint() matching: is "Password" and view.getParent() view.getParent() view.getId() is <2131231264/ru.iteco.fmhandroid:id/password_text_input_layout>)
12-02 19:09:22.514 29571 29571 I ViewInteraction: Performing 'wait for a specific view with <(view.getId() is <2131231039/ru.iteco.fmhandroid:id/enter_button> and an instance of android.widget.TextView and view.getText() with or without transformation to match: is "SIGN IN" and view.getContentDescription() is "Save" and view.getParent() view.getParent() an instance of android.widget.RelativeLayout)> during 10000 millis.' action on view view.getRootView() to equal view
12-02 19:09:22.516 29571 29571 I ViewInteraction: Checking 'MatchesViewAssertion{viewMatcher=(view has effective visibility <VISIBLE> and view.getGlobalVisibleRect() to return non-empty rectangle)}' assertion on view (view.getId() is <2131231039/ru.iteco.fmhandroid:id/enter_button> and an instance of android.widget.TextView and view.getText() with or without transformation to match: is "SIGN IN" and view.getContentDescription() is "Save" and view.getParent() view.getParent() an instance of android.widget.RelativeLayout)
12-02 19:09:22.519 29571 29571 I ViewInteraction: Performing 'wait for a specific view with <(an instance of android.widget.TextView and view.getText() with or without transformation to match: is "Authorization" and view.getParent() view.getParent() view.getId() is <2131231186>)> during 10000 millis.' action on view view.getRootView() to equal view
12-02 19:09:22.522 29571 29571 I ViewInteraction: Checking 'MatchesViewAssertion{viewMatcher=(view has effective visibility <VISIBLE> and view.getGlobalVisibleRect() to return non-empty rectangle)}' assertion on view (an instance of android.widget.TextView and view.getText() with or without transformation to match: is "Authorization" and view.getParent() view.getParent() view.getId() is <2131231186/ru.iteco.fmhandroid:id/nav_host_fragment>)
12-02 19:09:22.525 29571 29571 I ViewInteraction: Performing 'wait for a specific view with <(an instance of android.widget.TextView and view.getHint() matching: is "Login" and view.getParent() view.getParent() view.getId() is <2131231121/ru.iteco.fmhandroid:id/login_text_input_layout>)> during 10000 millis.' action on view view.getRootView() to equal view
12-02 19:09:22.528 29571 29571 I ViewInteraction: Checking 'MatchesViewAssertion{viewMatcher=(view has effective visibility <VISIBLE> and view.getGlobalVisibleRect() to return non-empty rectangle)}' assertion on view (an instance of android.widget.TextView and view.getHint() matching: is "Login" and view.getParent() view.getParent() view.getId() is <2131231121/ru.iteco.fmhandroid:id/login_text_input_layout>)
12-02 19:09:22.531 29571 29571 I ViewInteraction: Performing 'wait for a specific view with <(an instance of android.widget.TextView and view.getHint() matching: is "Password" and view.getParent() view.getParent() view.getId() is <2131231264/ru.iteco.fmhandroid:id/password_text_input_layout>)> during 10000 millis.' action on view view.getRootView() to equal view
12-02 19:09:22.534 29571 29571 I ViewInteraction: Checking 'MatchesViewAssertion{viewMatcher=(view has effective visibility <VISIBLE> and view.getGlobalVisibleRect() to return non-empty rectangle)}' assertion on view (an instance of android.widget.TextView and view.getHint() matching: is "Password" and view.getParent() view.getParent() view.getId() is <2131231264/ru.iteco.fmhandroid:id/password_text_input_layout>)
12-02 19:09:22.536 29571 29571 I ViewInteraction: Performing 'wait for a specific view with <(view.getId() is <2131231039/ru.iteco.fmhandroid:id/enter_button> and an instance of android.widget.TextView and view.getText() with or without transformation to match: is "SIGN IN" and view.getContentDescription() is "Save" and view.getParent() view.getParent() an instance of android.widget.RelativeLayout)> during 10000 millis.' action on view view.getRootView() to equal view
12-02 19:09:22.538 29571 29571 I ViewInteraction: Checking 'MatchesViewAssertion{viewMatcher=(view has effective visibility <VISIBLE> and view.getGlobalVisibleRect() to return non-empty rectangle)}' assertion on view (view.getId() is <2131231039/ru.iteco.fmhandroid:id/enter_button> and an instance of android.widget.TextView and view.getText() with or without transformation to match: is "SIGN IN" and view.getContentDescription() is "Save" and view.getParent() view.getParent() an instance of android.widget.RelativeLayout)
12-02 19:09:22.540 29571 29571 I ViewInteraction: Performing 'wait for a specific view with <(an instance of android.widget.TextView and view.getHint() matching: is "Login" and view.getParent() view.getParent() view.getId() is <2131231121/ru.iteco.fmhandroid:id/login_text_input_layout>)> during 10000 millis.' action on view view.getRootView() to equal view
12-02 19:09:22.542 29571 29571 I ViewInteraction: Performing 'replace text(login2)' action on view (an instance of android.widget.TextView and view.getHint() matching: is "Login" and view.getParent() view.getParent() view.getId() is <2131231121/ru.iteco.fmhandroid:id/login_text_input_layout>)
12-02 19:09:22.564 29571 29571 I ViewInteraction: Performing 'wait for a specific view with <(an instance of android.widget.TextView and view.getHint() matching: is "Password" and view.getParent() view.getParent() view.getId() is <2131231264/ru.iteco.fmhandroid:id/password_text_input_layout>)> during 10000 millis.' action on view view.getRootView() to equal view
12-02 19:09:22.567 29571 29571 I ViewInteraction: Performing 'replace text(password2)' action on view (an instance of android.widget.TextView and view.getHint() matching: is "Password" and view.getParent() view.getParent() view.getId() is <2131231264/ru.iteco.fmhandroid:id/password_text_input_layout>)
12-02 19:09:22.579 29571 29571 I ViewInteraction: Performing 'wait for a specific view with <(view.getId() is <2131231039/ru.iteco.fmhandroid:id/enter_button> and an instance of android.widget.TextView and view.getText() with or without transformation to match: is "SIGN IN" and view.getContentDescription() is "Save" and view.getParent() view.getParent() an instance of android.widget.RelativeLayout)> during 10000 millis.' action on view view.getRootView() to equal view
12-02 19:09:22.582 29571 29571 I ViewInteraction: Checking 'MatchesViewAssertion{viewMatcher=view.isClickable() is <true>}' assertion on view (view.getId() is <2131231039/ru.iteco.fmhandroid:id/enter_button> and an instance of android.widget.TextView and view.getText() with or without transformation to match: is "SIGN IN" and view.getContentDescription() is "Save" and view.getParent() view.getParent() an instance of android.widget.RelativeLayout)
12-02 19:09:22.586 29571 29571 I ViewInteraction: Performing 'wait for a specific view with <(view.getId() is <2131231039/ru.iteco.fmhandroid:id/enter_button> and an instance of android.widget.TextView and view.getText() with or without transformation to match: is "SIGN IN" and view.getContentDescription() is "Save" and view.getParent() view.getParent() an instance of android.widget.RelativeLayout)> during 10000 millis.' action on view view.getRootView() to equal view
12-02 19:09:22.588 29571 29571 I ViewInteraction: Checking 'MatchesViewAssertion{viewMatcher=view.isClickable() is <true>}' assertion on view (view.getId() is <2131231039/ru.iteco.fmhandroid:id/enter_button> and an instance of android.widget.TextView and view.getText() with or without transformation to match: is "SIGN IN" and view.getContentDescription() is "Save" and view.getParent() view.getParent() an instance of android.widget.RelativeLayout)
12-02 19:09:22.590 29571 29571 I ViewInteraction: Performing 'wait for a specific view with <(view.getId() is <2131231039/ru.iteco.fmhandroid:id/enter_button> and an instance of android.widget.TextView and view.getText() with or without transformation to match: is "SIGN IN" and view.getContentDescription() is "Save" and view.getParent() view.getParent() an instance of android.widget.RelativeLayout)> during 10000 millis.' action on view view.getRootView() to equal view
12-02 19:09:22.602 29571 29571 I ViewInteraction: Performing 'single click' action on view (view.getId() is <2131231039/ru.iteco.fmhandroid:id/enter_button> and an instance of android.widget.TextView and view.getText() with or without transformation to match: is "SIGN IN" and view.getContentDescription() is "Save" and view.getParent() view.getParent() an instance of android.widget.RelativeLayout)
12-02 19:09:22.648 29571 29664 I okhttp.OkHttpClient: --> POST http://www.981757-ca08998.tmweb.ru:8080/fmh/authentication/login
12-02 19:09:22.649 29571 29664 I okhttp.OkHttpClient: Content-Type: application/json; charset=UTF-8
12-02 19:09:22.649 29571 29664 I okhttp.OkHttpClient: Content-Length: 41
12-02 19:09:22.649 29571 29664 I okhttp.OkHttpClient: {"login":"login2","password":"password2"}
12-02 19:09:22.649 29571 29664 I okhttp.OkHttpClient: --> END POST (41-byte body)
12-02 19:09:22.879 29571 29571 I ViewInteraction: Performing 'wait for a specific view with <an instance of android.widget.TextView and view.getText() with or without transformation to match: is "News"> during 10000 millis.' action on view view.getRootView() to equal view
12-02 19:09:22.907 29571 29664 I okhttp.OkHttpClient: <-- 200 http://www.981757-ca08998.tmweb.ru:8080/fmh/authentication/login (257ms)
12-02 19:09:22.907 29571 29664 I okhttp.OkHttpClient: Vary: Origin
12-02 19:09:22.907 29571 29664 I okhttp.OkHttpClient: Vary: Access-Control-Request-Method
12-02 19:09:22.907 29571 29664 I okhttp.OkHttpClient: Vary: Access-Control-Request-Headers
12-02 19:09:22.907 29571 29664 I okhttp.OkHttpClient: X-Content-Type-Options: nosniff
12-02 19:09:22.907 29571 29664 I okhttp.OkHttpClient: X-XSS-Protection: 1; mode=block
12-02 19:09:22.907 29571 29664 I okhttp.OkHttpClient: Cache-Control: no-cache, no-store, max-age=0, must-revalidate
12-02 19:09:22.907 29571 29664 I okhttp.OkHttpClient: Pragma: no-cache
12-02 19:09:22.907 29571 29664 I okhttp.OkHttpClient: Expires: 0
12-02 19:09:22.908 29571 29664 I okhttp.OkHttpClient: X-Frame-Options: DENY
12-02 19:09:22.908 29571 29664 I okhttp.OkHttpClient: Content-Type: application/json
12-02 19:09:22.908 29571 29664 I okhttp.OkHttpClient: Transfer-Encoding: chunked
12-02 19:09:22.908 29571 29664 I okhttp.OkHttpClient: Date: Fri, 02 Dec 2022 16:09:24 GMT
12-02 19:09:22.908 29571 29664 I okhttp.OkHttpClient: Keep-Alive: timeout=60
12-02 19:09:22.908 29571 29664 I okhttp.OkHttpClient: Connection: keep-alive
12-02 19:09:22.909 29571 29664 I okhttp.OkHttpClient: {"accessToken":"eyJhbGciOiJIUzUxMiJ9.eyJzdWIiOiJsb2dpbjIiLCJqdGkiOiIyIiwiZXhwIjoxNjcwMDgzNzY0fQ.YGjVWboUBbbQ4HGpBDeBfWFsHqG4UJhNUX22ipE-ZC3qcyssJyOMBXVLtXxvx4Ff70EEy6t1maNFdxWwrszebg","refreshToken":"eyJhbGciOiJIUzUxMiJ9.eyJzdWIiOiJsb2dpbjIiLCJqdGkiOiIyIiwiZXhwIjoxNjcyNTg5MzY0fQ.daiCMzNft0g0ys8dBXHmFmUgNCz0rPgE_OwF2rLbbLQ3eJCp_WgJjfmE816TVdTFzR9btxPP3sZoPkVUKR93Uw"}
12-02 19:09:22.909 29571 29664 I okhttp.OkHttpClient: <-- END HTTP (368-byte body)
12-02 19:09:22.914 29571 29642 I okhttp.OkHttpClient: --> GET http://www.981757-ca08998.tmweb.ru:8080/fmh/authentication/userInfo
12-02 19:09:22.914 29571 29642 I okhttp.OkHttpClient: --> END GET
12-02 19:09:23.052 29571 29642 I okhttp.OkHttpClient: <-- 200 http://www.981757-ca08998.tmweb.ru:8080/fmh/authentication/userInfo (138ms)
12-02 19:09:23.052 29571 29642 I okhttp.OkHttpClient: Vary: Origin
12-02 19:09:23.052 29571 29642 I okhttp.OkHttpClient: Vary: Access-Control-Request-Method
12-02 19:09:23.052 29571 29642 I okhttp.OkHttpClient: Vary: Access-Control-Request-Headers
12-02 19:09:23.053 29571 29642 I okhttp.OkHttpClient: X-Content-Type-Options: nosniff
12-02 19:09:23.053 29571 29642 I okhttp.OkHttpClient: X-XSS-Protection: 1; mode=block
12-02 19:09:23.053 29571 29642 I okhttp.OkHttpClient: Cache-Control: no-cache, no-store, max-age=0, must-revalidate
12-02 19:09:23.053 29571 29642 I okhttp.OkHttpClient: Pragma: no-cache
12-02 19:09:23.053 29571 29642 I okhttp.OkHttpClient: Expires: 0
12-02 19:09:23.053 29571 29642 I okhttp.OkHttpClient: X-Frame-Options: DENY
12-02 19:09:23.053 29571 29642 I okhttp.OkHttpClient: Content-Type: application/json
12-02 19:09:23.053 29571 29642 I okhttp.OkHttpClient: Transfer-Encoding: chunked
12-02 19:09:23.053 29571 29642 I okhttp.OkHttpClient: Date: Fri, 02 Dec 2022 16:09:24 GMT
12-02 19:09:23.053 29571 29642 I okhttp.OkHttpClient: Keep-Alive: timeout=60
12-02 19:09:23.054 29571 29642 I okhttp.OkHttpClient: Connection: keep-alive
12-02 19:09:23.055 29571 29642 I okhttp.OkHttpClient: {"id":2,"firstName":"Данил","lastName":"Иванов","middleName":"Данилович","admin":true}
12-02 19:09:23.055 29571 29642 I okhttp.OkHttpClient: <-- END HTTP (106-byte body)
12-02 19:09:23.060 29571 29667 I okhttp.OkHttpClient: --> GET http://www.981757-ca08998.tmweb.ru:8080/fmh/claims
12-02 19:09:23.061 29571 29667 I okhttp.OkHttpClient: --> END GET
12-02 19:09:23.064  1743 29795 E ResolverController: No valid NAT64 prefix (127, <unspecified>/0)
12-02 19:09:23.202 29571 29571 I ViewInteraction: Checking 'MatchesViewAssertion{viewMatcher=(view has effective visibility <VISIBLE> and view.getGlobalVisibleRect() to return non-empty rectangle)}' assertion on view an instance of android.widget.TextView and view.getText() with or without transformation to match: is "News"
12-02 19:09:23.207 29571 29571 I ViewInteraction: Performing 'wait for a specific view with <view.getId() is <2131230951>> during 10000 millis.' action on view view.getRootView() to equal view
12-02 19:09:23.211 29571 29571 I ViewInteraction: Checking 'MatchesViewAssertion{viewMatcher=(view has effective visibility <VISIBLE> and view.getGlobalVisibleRect() to return non-empty rectangle)}' assertion on view view.getId() is <2131230951/ru.iteco.fmhandroid:id/container_list_news_include_on_fragment_main>
12-02 19:09:23.213 29571 29571 I ViewInteraction: Performing 'wait for a specific view with <view.getId() is <2131230949>> during 10000 millis.' action on view view.getRootView() to equal view
12-02 19:09:23.216 29571 29571 I ViewInteraction: Checking 'MatchesViewAssertion{viewMatcher=(view has effective visibility <VISIBLE> and view.getGlobalVisibleRect() to return non-empty rectangle)}' assertion on view view.getId() is <2131230949/ru.iteco.fmhandroid:id/container_list_claim_include_on_fragment_main>
