12-02 19:09:23.219 29571 29571 I ViewInteraction: Performing 'wait for a specific view with <an instance of android.widget.TextView and view.getText() with or without transformation to match: is "Claims"> during 10000 millis.' action on view view.getRootView() to equal view
12-02 19:09:23.222 29571 29571 I ViewInteraction: Checking 'MatchesViewAssertion{viewMatcher=(view has effective visibility <VISIBLE> and view.getGlobalVisibleRect() to return non-empty rectangle)}' assertion on view an instance of android.widget.TextView and view.getText() with or without transformation to match: is "Claims"
12-02 19:09:23.228 29571 29571 I ViewInteraction: Performing 'wait for a specific view with <view.getId() is <2131231123/ru.iteco.fmhandroid:id/main_menu_image_button>> during 10000 millis.' action on view view.getRootView() to equal view
12-02 19:09:23.231 29571 29571 I ViewInteraction: Performing 'single click' action on view view.getId() is <2131231123/ru.iteco.fmhandroid:id/main_menu_image_button>
12-02 19:09:23.336  1772  1772 D gralloc_ranchu: gralloc_alloc: Creating ashmem region of size 3264512
12-02 19:09:23.342  1772  1772 I chatty  : uid=1000(system) allocator@2.0-s identical 1 line
12-02 19:09:23.344  1772  1772 D gralloc_ranchu: gralloc_alloc: Creating ashmem region of size 3264512
12-02 19:09:23.369 29571 29628 D EGL_emulation: eglMakeCurrent: 0xdb91b440: ver 2 0 (tinfo 0xc077f470)
12-02 19:09:23.483 29571 29628 I chatty  : uid=10159(ru.iteco.fmhandroid) RenderThread identical 3 lines
12-02 19:09:23.517 29571 29628 D EGL_emulation: eglMakeCurrent: 0xdb91b440: ver 2 0 (tinfo 0xc077f470)
12-02 19:09:23.742 29571 29571 I ViewInteraction: Performing 'wait for a specific view with <an instance of android.widget.TextView and view.getText() with or without transformation to match: is "Claims"> during 10000 millis.' action on view view.getRootView() to equal view
12-02 19:09:23.744 29571 29571 I ViewInteraction: Performing 'single click' action on view an instance of android.widget.TextView and view.getText() with or without transformation to match: is "Claims"
12-02 19:09:23.884 29571 29666 I okhttp.OkHttpClient: --> GET http://www.981757-ca08998.tmweb.ru:8080/fmh/claims
12-02 19:09:23.884 29571 29666 I okhttp.OkHttpClient: --> END GET
12-02 19:09:23.925 29571 29628 D EGL_emulation: eglMakeCurrent: 0xdb91b440: ver 2 0 (tinfo 0xc077f470)
12-02 19:09:23.939 29571 29628 D EGL_emulation: eglMakeCurrent: 0xdb91b440: ver 2 0 (tinfo 0xc077f470)
12-02 19:09:24.057 29571 29571 I ViewInteraction: Performing 'wait for a specific view with <view.getId() is <2131230849/ru.iteco.fmhandroid:id/add_new_claim_material_button>> during 10000 millis.' action on view view.getRootView() to equal view
12-02 19:09:24.064 29571 29571 I ViewInteraction: Performing 'single click' action on view view.getId() is <2131230849/ru.iteco.fmhandroid:id/add_new_claim_material_button>
12-02 19:09:24.126 29571 29642 I okhttp.OkHttpClient: --> GET http://www.981757-ca08998.tmweb.ru:8080/fmh/users
12-02 19:09:24.126 29571 29642 I okhttp.OkHttpClient: --> END GET
12-02 19:09:24.256 29571 29642 I okhttp.OkHttpClient: <-- 200 http://www.981757-ca08998.tmweb.ru:8080/fmh/users (129ms)
12-02 19:09:24.256 29571 29642 I okhttp.OkHttpClient: Vary: Origin
12-02 19:09:24.256 29571 29642 I okhttp.OkHttpClient: Vary: Access-Control-Request-Method
12-02 19:09:24.256 29571 29642 I okhttp.OkHttpClient: Vary: Access-Control-Request-Headers
12-02 19:09:24.257 29571 29642 I okhttp.OkHttpClient: X-Content-Type-Options: nosniff
12-02 19:09:24.257 29571 29642 I okhttp.OkHttpClient: X-XSS-Protection: 1; mode=block
12-02 19:09:24.257 29571 29642 I okhttp.OkHttpClient: Cache-Control: no-cache, no-store, max-age=0, must-revalidate
12-02 19:09:24.257 29571 29642 I okhttp.OkHttpClient: Pragma: no-cache
12-02 19:09:24.258 29571 29642 I okhttp.OkHttpClient: Expires: 0
12-02 19:09:24.258 29571 29642 I okhttp.OkHttpClient: X-Frame-Options: DENY
12-02 19:09:24.258 29571 29642 I okhttp.OkHttpClient: Content-Type: application/json
12-02 19:09:24.258 29571 29642 I okhttp.OkHttpClient: Transfer-Encoding: chunked
12-02 19:09:24.258 29571 29642 I okhttp.OkHttpClient: Date: Fri, 02 Dec 2022 16:09:25 GMT
12-02 19:09:24.259 29571 29642 I okhttp.OkHttpClient: Keep-Alive: timeout=60
12-02 19:09:24.259 29571 29642 I okhttp.OkHttpClient: Connection: keep-alive
12-02 19:09:24.259 29571 29642 I okhttp.OkHttpClient: [{"id":1,"firstName":"Петр","lastName":"Смирнов","middleName":"Петрович","admin":true},{"id":2,"firstName":"Данил","lastName":"Иванов","middleName":"Данилович","admin":true},{"id":3,"firstName":"Егор","lastName":"Петров","middleName":"Егорович","admin":false},{"id":4,"firstName":"Дмитрий","lastName":"Сидоров","middleName":"Дмитриевич","admin":false},{"id":5,"firstName":"Тест","lastName":"Тестов","middleName":"Тестович","admin":true},{"id":6,"firstName":"Diplom","lastName":"Netology","middleName":"QAMID","admin":true}]
12-02 19:09:24.259 29571 29642 I okhttp.OkHttpClient: <-- END HTTP (622-byte body)
12-02 19:09:24.449 29571 29571 I ViewInteraction: Performing 'wait for a specific view with <view.getId() is <2131231041/ru.iteco.fmhandroid:id/executor_drop_menu_auto_complete_text_view>> during 10000 millis.' action on view view.getRootView() to equal view
12-02 19:09:24.452 29571 29571 I ViewInteraction: Performing 'single click' action on view view.getId() is <2131231041/ru.iteco.fmhandroid:id/executor_drop_menu_auto_complete_text_view>
12-02 19:09:24.521  1743  2204 I netd    : firewallSetUidRule(2, 10145, 1) <0.08ms>
12-02 19:09:24.548  1772  1772 D gralloc_ranchu: gralloc_alloc: Creating ashmem region of size 7032832
12-02 19:09:24.552  1772  1772 I chatty  : uid=1000(system) allocator@2.0-s identical 1 line
12-02 19:09:24.553  1772  1772 D gralloc_ranchu: gralloc_alloc: Creating ashmem region of size 7032832
12-02 19:09:24.555 29571 29628 D EGL_emulation: eglMakeCurrent: 0xdb91b440: ver 2 0 (tinfo 0xc077f470)
12-02 19:09:24.588 29571 29571 I AssistStructure: Flattened final assist data: 6984 bytes, containing 2 windows, 53 views
12-02 19:09:24.595  2010  6092 D AutofillSession: Starting partition or augmented request for view id 1073741827@1346669500: STARTED_SESSION
12-02 19:09:24.600  2010  2010 D AutofillSession: cancelCurrentRequest(): id = 1121
12-02 19:09:24.610 29571 29628 D EGL_emulation: eglMakeCurrent: 0xdb91b440: ver 2 0 (tinfo 0xc077f470)
12-02 19:09:24.618 29571 29571 I AssistStructure: Flattened final assist data: 6984 bytes, containing 2 windows, 53 views
12-02 19:09:24.626  2584  2584 W ktk     : Pending fill request while another request in the same session was triggered. [CONTEXT service_id=177 ]
12-02 19:09:24.644 29571 29628 D EGL_emulation: eglMakeCurrent: 0xdb91b440: ver 2 0 (tinfo 0xc077f470)
12-02 19:09:24.646  2486  2486 I KeyboardViewUtil: systemKeyboardHeightRatio:1.000000; userKeyboardHeightRatio:1.000000.
12-02 19:09:24.646  2486  2486 I AndroidIME: LatinIme.onActivate() : EditorInfo = Package = ru.iteco.fmhandroid : Type = Text : Learning = Disable : Suggestion = Show : AutoCorrection = Disable : Microphone = Show : NoPersonalizedLearning = Disable
12-02 19:09:24.652  2486  2486 I Conv2QueryExtension: Current locale: en_US, config allows these locales: de,en,es,fr,it,ms,pt,ta
12-02 19:09:24.652  2486  2486 I Conv2QueryExtension: Conv2Query not enabled due to current app [ru.iteco.fmhandroid] not in whitelist
12-02 19:09:24.652  2486  2486 I Conv2QueryExtension: onActivate() : Disabled by unsupported host app
12-02 19:09:24.673  2010  2034 D AutofillUI: destroySaveUiUiThread(): already destroyed
12-02 19:09:24.675  1772  1772 D gralloc_ranchu: gralloc_alloc: Creating ashmem region of size 14262272
12-02 19:09:24.677  2169  2501 D EGL_emulation: eglMakeCurrent: 0xdb91a600: ver 2 0 (tinfo 0xdb90f8d0)
12-02 19:09:24.679  1772  1772 D gralloc_ranchu: gralloc_alloc: Creating ashmem region of size 14262272
12-02 19:09:24.680  1772  1772 D gralloc_ranchu: gralloc_alloc: Creating ashmem region of size 14262272
12-02 19:09:24.684  2486  6704 D EGL_emulation: eglMakeCurrent: 0xdb91b920: ver 2 0 (tinfo 0xdb90fce0)
12-02 19:09:24.736 29571 29628 D EGL_emulation: eglMakeCurrent: 0xdb91b440: ver 2 0 (tinfo 0xc077f470)
12-02 19:09:24.770  1772  1772 D gralloc_ranchu: gralloc_alloc: Creating ashmem region of size 4997120
12-02 19:09:24.784 29571 29628 D EGL_emulation: eglMakeCurrent: 0xdb91b440: ver 2 0 (tinfo 0xc077f470)
12-02 19:09:24.801  1772  1772 D gralloc_ranchu: gralloc_alloc: Creating ashmem region of size 4997120
12-02 19:09:24.803 29571 29628 D EGL_emulation: eglMakeCurrent: 0xdb91b440: ver 2 0 (tinfo 0xc077f470)
12-02 19:09:24.816 29571 29628 D EGL_emulation: eglMakeCurrent: 0xdb91b440: ver 2 0 (tinfo 0xc077f470)
12-02 19:09:24.827  1772  1772 D gralloc_ranchu: gralloc_alloc: Creating ashmem region of size 4997120
12-02 19:09:24.892 29571 29571 I ViewInteraction: Performing 'close keyboard' action on view view.getRootView() to equal view
12-02 19:09:24.898  2486  2486 I PhenotypeExpConfig: refreshConfiguration() : Force = false : UpdateAvailable = false : Age = 187 minutes : MaxAge = 720 minutes
12-02 19:09:24.898  1743  2204 I netd    : firewallSetUidRule(2, 10145, 2) <0.02ms>
12-02 19:09:24.899  2486  2486 I AndroidIME: LatinIme.onDeactivate()
12-02 19:09:24.907  2486  6704 D EGL_emulation: eglMakeCurrent: 0xdb91b920: ver 2 0 (tinfo 0xdb90fce0)
12-02 19:09:24.939 29571 29628 D EGL_emulation: eglMakeCurrent: 0xdb91b440: ver 2 0 (tinfo 0xc077f470)
12-02 19:09:24.964  1772  1772 D gralloc_ranchu: gralloc_alloc: Creating ashmem region of size 7032832
12-02 19:09:24.969 29571 29628 D EGL_emulation: eglMakeCurrent: 0xdb91b440: ver 2 0 (tinfo 0xc077f470)
12-02 19:09:24.996  1772  1772 D gralloc_ranchu: gralloc_alloc: Creating ashmem region of size 7032832
12-02 19:09:24.998 29571 29628 D EGL_emulation: eglMakeCurrent: 0xdb91b440: ver 2 0 (tinfo 0xc077f470)
12-02 19:09:25.012 29571 29628 D EGL_emulation: eglMakeCurrent: 0xdb91b440: ver 2 0 (tinfo 0xc077f470)
12-02 19:09:25.022  1772  1772 D gralloc_ranchu: gralloc_alloc: Creating ashmem region of size 7032832
12-02 19:09:25.028 29571 29628 D EGL_emulation: eglMakeCurrent: 0xdb91b440: ver 2 0 (tinfo 0xc077f470)
12-02 19:09:26.456 29571 29667 I okhttp.OkHttpClient: <-- 200 http://www.981757-ca08998.tmweb.ru:8080/fmh/claims (3395ms)
12-02 19:09:26.457 29571 29667 I okhttp.OkHttpClient: Vary: Origin
12-02 19:09:26.457 29571 29667 I okhttp.OkHttpClient: Vary: Access-Control-Request-Method
12-02 19:09:26.457 29571 29667 I okhttp.OkHttpClient: Vary: Access-Control-Request-Headers
12-02 19:09:26.457 29571 29667 I okhttp.OkHttpClient: X-Content-Type-Options: nosniff
12-02 19:09:26.457 29571 29667 I okhttp.OkHttpClient: X-XSS-Protection: 1; mode=block
12-02 19:09:26.457 29571 29667 I okhttp.OkHttpClient: Cache-Control: no-cache, no-store, max-age=0, must-revalidate
12-02 19:09:26.457 29571 29667 I okhttp.OkHttpClient: Pragma: no-cache
12-02 19:09:26.457 29571 29667 I okhttp.OkHttpClient: Expires: 0
12-02 19:09:26.457 29571 29667 I okhttp.OkHttpClient: X-Frame-Options: DENY
12-02 19:09:26.457 29571 29667 I okhttp.OkHttpClient: Content-Type: application/json
12-02 19:09:26.457 29571 29667 I okhttp.OkHttpClient: Transfer-Encoding: chunked
12-02 19:09:26.457 29571 29667 I okhttp.OkHttpClient: Date: Fri, 02 Dec 2022 16:09:28 GMT
12-02 19:09:26.457 29571 29667 I okhttp.OkHttpClient: Keep-Alive: timeout=60
12-02 19:09:26.457 29571 29667 I okhttp.OkHttpClient: Connection: keep-alive
12-02 19:09:26.559 29571 29628 D EGL_emulation: eglMakeCurrent: 0xdb91b440: ver 2 0 (tinfo 0xc077f470)
12-02 19:09:27.042 29571 29628 D EGL_emulation: eglMakeCurrent: 0xdb91b440: ver 2 0 (tinfo 0xc077f470)
12-02 19:09:27.239 29571 29666 I okhttp.OkHttpClient: <-- 200 http://www.981757-ca08998.tmweb.ru:8080/fmh/claims (3354ms)
12-02 19:09:27.239 29571 29666 I okhttp.OkHttpClient: Vary: Origin
12-02 19:09:27.239 29571 29666 I okhttp.OkHttpClient: Vary: Access-Control-Request-Method
12-02 19:09:27.239 29571 29666 I okhttp.OkHttpClient: Vary: Access-Control-Request-Headers
12-02 19:09:27.239 29571 29666 I okhttp.OkHttpClient: X-Content-Type-Options: nosniff
12-02 19:09:27.239 29571 29666 I okhttp.OkHttpClient: X-XSS-Protection: 1; mode=block
12-02 19:09:27.239 29571 29666 I okhttp.OkHttpClient: Cache-Control: no-cache, no-store, max-age=0, must-revalidate
12-02 19:09:27.239 29571 29666 I okhttp.OkHttpClient: Pragma: no-cache
12-02 19:09:27.239 29571 29666 I okhttp.OkHttpClient: Expires: 0
12-02 19:09:27.239 29571 29666 I okhttp.OkHttpClient: X-Frame-Options: DENY
12-02 19:09:27.239 29571 29666 I okhttp.OkHttpClient: Content-Type: application/json
12-02 19:09:27.240 29571 29666 I okhttp.OkHttpClient: Transfer-Encoding: chunked
12-02 19:09:27.240 29571 29666 I okhttp.OkHttpClient: Date: Fri, 02 Dec 2022 16:09:28 GMT
12-02 19:09:27.240 29571 29666 I okhttp.OkHttpClient: Keep-Alive: timeout=60
12-02 19:09:27.240 29571 29666 I okhttp.OkHttpClient: Connection: keep-alive
12-02 19:09:27.729  1750  1962 W audio_hw_generic: Not supplying enough data to HAL, expected position 400026926 , only wrote 399771478
12-02 19:09:28.209 29571 29571 I ViewInteraction: Checking 'MatchesViewAssertion{viewMatcher=(view has effective visibility <VISIBLE> and view.getGlobalVisibleRect() to return non-empty rectangle)}' assertion on view an instance of android.widget.TextView and view.getText() with or without transformation to match: is "Иванов Данил Данилович"
12-02 19:09:28.211 29571 29571 I ViewInteraction: Performing 'single click' action on view an instance of android.widget.TextView and view.getText() with or without transformation to match: is "Иванов Данил Данилович"
12-02 19:09:28.277 29571 29628 D EGL_emulation: eglMakeCurrent: 0xdb91b440: ver 2 0 (tinfo 0xc077f470)
12-02 19:09:28.332  1750  3111 W audio_hw_generic: Not supplying enough data to HAL, expected position 399771495 , only wrote 399771478
12-02 19:09:28.343 29571 29628 D EGL_emulation: eglMakeCurrent: 0xdb91b440: ver 2 0 (tinfo 0xc077f470)
12-02 19:09:28.358 29571 29628 D EGL_emulation: eglMakeCurrent: 0xdb91b440: ver 2 0 (tinfo 0xc077f470)
12-02 19:09:28.377  2010  6092 E InputDispatcher: Window handle Window{4d1c960 u0 PopupWindow:35caeea} has no registered input channel
12-02 19:09:28.511 29571 29571 I ViewInteraction: Performing 'wait for a specific view with <(view.getId() is <2131231402/ru.iteco.fmhandroid:id/title_edit_text> and view.getParent() view.getParent() view.getId() is <2131231406/ru.iteco.fmhandroid:id/title_text_input_layout>)> during 10000 millis.' action on view view.getRootView() to equal view
12-02 19:09:28.514 29571 29571 I ViewInteraction: Performing 'replace text(В работе 82fdcd7d-8e04-4e27-90f7-f2741c89e830)' action on view (view.getId() is <2131231402/ru.iteco.fmhandroid:id/title_edit_text> and view.getParent() view.getParent() view.getId() is <2131231406/ru.iteco.fmhandroid:id/title_text_input_layout>)
12-02 19:09:28.592 29571 29571 I ViewInteraction: Performing 'wait for a specific view with <view.getId() is <2131230975/ru.iteco.fmhandroid:id/date_in_plan_text_input_edit_text>> during 10000 millis.' action on view view.getRootView() to equal view
12-02 19:09:28.596 29571 29571 I ViewInteraction: Performing 'single click' action on view view.getId() is <2131230975/ru.iteco.fmhandroid:id/date_in_plan_text_input_edit_text>
12-02 19:09:28.729  1772  1772 D gralloc_ranchu: gralloc_alloc: Creating ashmem region of size 10964992
12-02 19:09:28.732  1772  1772 I chatty  : uid=1000(system) allocator@2.0-s identical 1 line
12-02 19:09:28.734  1772  1772 D gralloc_ranchu: gralloc_alloc: Creating ashmem region of size 10964992
12-02 19:09:28.740 29571 29628 D EGL_emulation: eglMakeCurrent: 0xdb91b440: ver 2 0 (tinfo 0xc077f470)
12-02 19:09:28.819 29571 29628 I chatty  : uid=10159(ru.iteco.fmhandroid) RenderThread identical 3 lines
12-02 19:09:28.834 29571 29628 D EGL_emulation: eglMakeCurrent: 0xdb91b440: ver 2 0 (tinfo 0xc077f470)
12-02 19:09:29.216 29571 29571 I ViewInteraction: Performing 'wait for a specific view with <is assignable from class <class android.widget.DatePicker>> during 10000 millis.' action on view view.getRootView() to equal view
12-02 19:09:29.220 29571 29571 I ViewInteraction: Checking 'MatchesViewAssertion{viewMatcher=(view has effective visibility <VISIBLE> and view.getGlobalVisibleRect() to return non-empty rectangle)}' assertion on view is assignable from class <class android.widget.DatePicker>
12-02 19:09:29.222 29571 29571 I ViewInteraction: Performing 'wait for a specific view with <is assignable from class <class android.widget.DatePicker>> during 10000 millis.' action on view view.getRootView() to equal view
12-02 19:09:29.224 29571 29571 I ViewInteraction: Performing 'set date' action on view is assignable from class <class android.widget.DatePicker>
12-02 19:09:29.262 29571 29571 I ViewInteraction: Performing 'wait for a specific view with <view.getId() is <16908313/android:id/button1>> during 10000 millis.' action on view view.getRootView() to equal view
12-02 19:09:29.266 29571 29571 I ViewInteraction: Performing 'single click' action on view view.getId() is <16908313/android:id/button1>
12-02 19:09:29.345 29571 29628 D EGL_emulation: eglMakeCurrent: 0xdb91b440: ver 2 0 (tinfo 0xc077f470)
12-02 19:09:29.356 29571 29628 D EGL_emulation: eglMakeCurrent: 0xdb91b440: ver 2 0 (tinfo 0xc077f470)
12-02 19:09:29.357  2010  3292 E InputDispatcher: Window handle Window{9526edd u0 ru.iteco.fmhandroid/ru.iteco.fmhandroid.ui.AppActivity} has no registered input channel
12-02 19:09:29.604 29571 29571 I ViewInteraction: Performing 'wait for a specific view with <(an instance of android.widget.TextView and view.getHint() matching: is "Time" and view.getParent() view.getParent() view.getId() is <2131231399/ru.iteco.fmhandroid:id/time_in_plan_text_input_layout>)> during 10000 millis.' action on view view.getRootView() to equal view
12-02 19:09:29.608 29571 29571 I ViewInteraction: Performing 'single click' action on view (an instance of android.widget.TextView and view.getHint() matching: is "Time" and view.getParent() view.getParent() view.getId() is <2131231399/ru.iteco.fmhandroid:id/time_in_plan_text_input_layout>)
12-02 19:09:29.719  1772  1772 D gralloc_ranchu: gralloc_alloc: Creating ashmem region of size 9261056
12-02 19:09:29.722  1772  1772 I chatty  : uid=1000(system) allocator@2.0-s identical 1 line
12-02 19:09:29.725  1772  1772 D gralloc_ranchu: gralloc_alloc: Creating ashmem region of size 9261056
12-02 19:09:29.732 29571 29628 D EGL_emulation: eglMakeCurrent: 0xdb91b440: ver 2 0 (tinfo 0xc077f470)
12-02 19:09:29.777 29571 29628 D EGL_emulation: eglMakeCurrent: 0xdb91b440: ver 2 0 (tinfo 0xc077f470)
12-02 19:09:30.029 29571 29571 I ViewInteraction: Performing 'wait for a specific view with <is assignable from class <class android.widget.TimePicker>> during 10000 millis.' action on view view.getRootView() to equal view
12-02 19:09:30.033 29571 29571 I ViewInteraction: Checking 'MatchesViewAssertion{viewMatcher=(view has effective visibility <VISIBLE> and view.getGlobalVisibleRect() to return non-empty rectangle)}' assertion on view is assignable from class <class android.widget.TimePicker>
12-02 19:09:30.034 29571 29571 I ViewInteraction: Performing 'wait for a specific view with <is assignable from class <class android.widget.TimePicker>> during 10000 millis.' action on view view.getRootView() to equal view
12-02 19:09:30.036 29571 29571 I ViewInteraction: Performing 'set time' action on view is assignable from class <class android.widget.TimePicker>
12-02 19:09:30.039 29571 29571 I ViewInteraction: Performing 'wait for a specific view with <view.getId() is <16908313/android:id/button1>> during 10000 millis.' action on view view.getRootView() to equal view
12-02 19:09:30.041 29571 29571 I ViewInteraction: Performing 'single click' action on view view.getId() is <16908313/android:id/button1>
12-02 19:09:30.091 29571 29628 D EGL_emulation: eglMakeCurrent: 0xdb91b440: ver 2 0 (tinfo 0xc077f470)
12-02 19:09:30.117 29571 29628 D EGL_emulation: eglMakeCurrent: 0xdb91b440: ver 2 0 (tinfo 0xc077f470)
12-02 19:09:30.125  2010  3292 E InputDispatcher: Window handle Window{7e50750 u0 ru.iteco.fmhandroid/ru.iteco.fmhandroid.ui.AppActivity} has no registered input channel
12-02 19:09:30.138 29571 29628 D EGL_emulation: eglMakeCurrent: 0xdb91b440: ver 2 0 (tinfo 0xc077f470)
12-02 19:09:30.392 29571 29571 I ViewInteraction: Performing 'wait for a specific view with <(an instance of android.widget.TextView and view.getHint() matching: is "Description" and view.getParent() view.getParent() view.getId() is <2131230988/ru.iteco.fmhandroid:id/description_text_input_layout>)> during 10000 millis.' action on view view.getRootView() to equal view
12-02 19:09:30.397 29571 29571 I ViewInteraction: Performing 'replace text(В работе 82fdcd7d-8e04-4e27-90f7-f2741c89e830)' action on view (an instance of android.widget.TextView and view.getHint() matching: is "Description" and view.getParent() view.getParent() view.getId() is <2131230988/ru.iteco.fmhandroid:id/description_text_input_layout>)
12-02 19:09:30.430 29571 29571 I ViewInteraction: Performing 'wait for a specific view with <view.getId() is <2131231291/ru.iteco.fmhandroid:id/save_button>> during 10000 millis.' action on view view.getRootView() to equal view
12-02 19:09:30.434 29571 29571 I ViewInteraction: Performing 'single click' action on view view.getId() is <2131231291/ru.iteco.fmhandroid:id/save_button>
12-02 19:09:30.498 29571 29670 I okhttp.OkHttpClient: --> POST http://www.981757-ca08998.tmweb.ru:8080/fmh/claims
12-02 19:09:30.498 29571 29670 I okhttp.OkHttpClient: Content-Type: application/json; charset=UTF-8
12-02 19:09:30.498 29571 29670 I okhttp.OkHttpClient: Content-Length: 290
12-02 19:09:30.498 29571 29670 I okhttp.OkHttpClient: {"createDate":1669997370,"creatorId":2,"creatorName":"Иванов Данил Данилович","description":"В работе 82fdcd7d-8e04-4e27-90f7-f2741c89e830","executorId":2,"planExecuteDate":1669997340,"status":"OPEN","title":"В работе 82fdcd7d-8e04-4e27-90f7-f2741c89e830"}
12-02 19:09:30.498 29571 29670 I okhttp.OkHttpClient: --> END POST (290-byte body)
12-02 19:09:30.503  1743 29797 E ResolverController: No valid NAT64 prefix (127, <unspecified>/0)
12-02 19:09:30.732 29571 29571 I ViewInteraction: Performing 'wait for a specific view with <view.getId() is <2131230916/ru.iteco.fmhandroid:id/claim_list_recycler_view>> during 10000 millis.' action on view view.getRootView() to equal view
12-02 19:09:30.817 29571 29670 I okhttp.OkHttpClient: <-- 200 http://www.981757-ca08998.tmweb.ru:8080/fmh/claims (318ms)
12-02 19:09:30.817 29571 29670 I okhttp.OkHttpClient: Vary: Origin
12-02 19:09:30.817 29571 29670 I okhttp.OkHttpClient: Vary: Access-Control-Request-Method
12-02 19:09:30.817 29571 29670 I okhttp.OkHttpClient: Vary: Access-Control-Request-Headers
12-02 19:09:30.817 29571 29670 I okhttp.OkHttpClient: X-Content-Type-Options: nosniff
12-02 19:09:30.817 29571 29670 I okhttp.OkHttpClient: X-XSS-Protection: 1; mode=block
12-02 19:09:30.818 29571 29670 I okhttp.OkHttpClient: Cache-Control: no-cache, no-store, max-age=0, must-revalidate
12-02 19:09:30.818 29571 29670 I okhttp.OkHttpClient: Pragma: no-cache
12-02 19:09:30.818 29571 29670 I okhttp.OkHttpClient: Expires: 0
12-02 19:09:30.818 29571 29670 I okhttp.OkHttpClient: X-Frame-Options: DENY
12-02 19:09:30.818 29571 29670 I okhttp.OkHttpClient: Content-Type: application/json
12-02 19:09:30.818 29571 29670 I okhttp.OkHttpClient: Transfer-Encoding: chunked
12-02 19:09:30.818 29571 29670 I okhttp.OkHttpClient: Date: Fri, 02 Dec 2022 16:09:32 GMT
12-02 19:09:30.818 29571 29670 I okhttp.OkHttpClient: Keep-Alive: timeout=60
12-02 19:09:30.818 29571 29670 I okhttp.OkHttpClient: Connection: keep-alive
12-02 19:09:30.818 29571 29670 I okhttp.OkHttpClient: {"id":2515,"title":"В работе 82fdcd7d-8e04-4e27-90f7-f2741c89e830","description":"В работе 82fdcd7d-8e04-4e27-90f7-f2741c89e830","creatorId":2,"executorId":2,"createDate":1669997370,"planExecuteDate":1669997340,"factExecuteDate":null,"status":"IN_PROGRESS","creatorName":"Иванов Данил Данилович","executorName":"Иванов Данил Данил��вич"}
12-02 19:09:30.818 29571 29670 I okhttp.OkHttpClient: <-- END HTTP (390-byte body)
12-02 19:09:30.879 29571 29571 I ViewInteraction: Checking 'MatchesViewAssertion{viewMatcher=(view has effective visibility <VISIBLE> and view.getGlobalVisibleRect() to return non-empty rectangle)}' assertion on view view.getId() is <2131230916/ru.iteco.fmhandroid:id/claim_list_recycler_view>
12-02 19:09:30.883 29571 29571 I ViewInteraction: Performing 'scroll RecyclerView to: holder with view: (view is an instance of android.view.ViewGroup and has descendant matching an instance of android.widget.TextView and view.getText() with or without transformation to match: is "В работе 82fdcd7d-8e04-4e27-90f7-f2741c89e830")' action on view view.getId() is <2131230916/ru.iteco.fmhandroid:id/claim_list_recycler_view>
12-02 19:09:30.885 29571 29571 D takeScreenshot: Found 1 global views to redraw
12-02 19:09:30.909  1772  1772 D gralloc_ranchu: gralloc_alloc: Creating ashmem region of size 14749696
12-02 19:09:30.958 29571 29615 W DefaultFailureHandler: Failed to take screenshot
12-02 19:09:30.958 29571 29615 W DefaultFailureHandler: java.io.FileNotFoundException: view-op-error-10.png: open failed: EROFS (Read-only file system)
12-02 19:09:30.958 29571 29615 W DefaultFailureHandler: 	at libcore.io.IoBridge.open(IoBridge.java:496)
12-02 19:09:30.958 29571 29615 W DefaultFailureHandler: 	at java.io.FileOutputStream.<init>(FileOutputStream.java:235)
12-02 19:09:30.958 29571 29615 W DefaultFailureHandler: 	at java.io.FileOutputStream.<init>(FileOutputStream.java:125)
12-02 19:09:30.958 29571 29615 W DefaultFailureHandler: 	at androidx.test.platform.io.FileTestStorage.openOutputFile(FileTestStorage.java:60)
12-02 19:09:30.958 29571 29615 W DefaultFailureHandler: 	at androidx.test.core.graphics.BitmapStorage.writeToTestStorage(BitmapStorageExt.kt:49)
12-02 19:09:30.958 29571 29615 W DefaultFailureHandler: 	at androidx.test.espresso.base.DefaultFailureHandler.takeScreenshot(DefaultFailureHandler.java:4)
12-02 19:09:30.958 29571 29615 W DefaultFailureHandler: 	at androidx.test.espresso.base.DefaultFailureHandler.handle(DefaultFailureHandler.java:3)
12-02 19:09:30.958 29571 29615 W DefaultFailureHandler: 	at androidx.test.espresso.ViewInteraction.waitForAndHandleInteractionResults(ViewInteraction.java:8)
12-02 19:09:30.958 29571 29615 W DefaultFailureHandler: 	at androidx.test.espresso.ViewInteraction.desugaredPerform(ViewInteraction.java:11)
12-02 19:09:30.958 29571 29615 W DefaultFailureHandler: 	at androidx.test.espresso.ViewInteraction.perform(ViewInteraction.java:8)
12-02 19:09:30.958 29571 29615 W DefaultFailureHandler: 	at ru.iteco.fmhandroid.ui.steps.ClaimsPageSteps.scrollToElementInRecyclerList(ClaimsPageSteps.java:128)
12-02 19:09:30.958 29571 29615 W DefaultFailureHandler: 	at ru.iteco.fmhandroid.ui.steps.ClaimsPageSteps.openClaimCard(ClaimsPageSteps.java:151)
12-02 19:09:30.958 29571 29615 W DefaultFailureHandler: 	at ru.iteco.fmhandroid.ui.ClaimsPageTest.shouldFindOnTheScreenJustClosedClaim(ClaimsPageTest.java:197)
12-02 19:09:30.958 29571 29615 W DefaultFailureHandler: 	at java.lang.reflect.Method.invoke(Native Method)
12-02 19:09:30.958 29571 29615 W DefaultFailureHandler: 	at org.junit.runners.model.FrameworkMethod$1.runReflectiveCall(FrameworkMethod.java:59)
12-02 19:09:30.958 29571 29615 W DefaultFailureHandler: 	at org.junit.internal.runners.model.ReflectiveCallable.run(ReflectiveCallable.java:12)
12-02 19:09:30.958 29571 29615 W DefaultFailureHandler: 	at org.junit.runners.model.FrameworkMethod.invokeExplosively(FrameworkMethod.java:56)
12-02 19:09:30.958 29571 29615 W DefaultFailureHandler: 	at org.junit.internal.runners.statements.InvokeMethod.evaluate(InvokeMethod.java:17)
12-02 19:09:30.958 29571 29615 W DefaultFailureHandler: 	at androidx.test.internal.runner.junit4.statement.RunBefores.evaluate(RunBefores.java:80)
12-02 19:09:30.958 29571 29615 W DefaultFailureHandler: 	at androidx.test.rule.ActivityTestRule$ActivityStatement.evaluate(ActivityTestRule.java:543)
12-02 19:09:30.958 29571 29615 W DefaultFailureHandler: 	at io.qameta.allure.android.rules.LogcatRule$apply$1.evaluate(LogcatRule.kt:23)
12-02 19:09:30.958 29571 29615 W DefaultFailureHandler: 	at io.qameta.allure.android.rules.ScreenshotRule$apply$1.evaluate(ScreenshotRule.kt:22)
12-02 19:09:30.958 29571 29615 W DefaultFailureHandler: 	at io.qameta.allure.android.rules.ScreenshotRule$apply$1.evaluate(ScreenshotRule.kt:22)
12-02 19:09:30.958 29571 29615 W DefaultFailureHandler: 	at org.junit.rules.RunRules.evaluate(RunRules.java:20)
12-02 19:09:30.958 29571 29615 W DefaultFailureHandler: 	at org.junit.runners.ParentRunner$3.evaluate(ParentRunner.java:306)
12-02 19:09:30.958 29571 29615 W DefaultFailureHandler: 	at org.junit.runners.BlockJUnit4ClassRunner$1.evaluate(BlockJUnit4ClassRunner.java:100)
12-02 19:09:30.958 29571 29615 W DefaultFailureHandler: 	at org.junit.runners.ParentRunner.runLeaf(ParentRunner.java:366)
12-02 19:09:30.958 29571 29615 W DefaultFailureHandler: 	at org.junit.runners.BlockJUnit4ClassRunner.runChild(BlockJUnit4ClassRunner.java:103)
12-02 19:09:30.958 29571 29615 W DefaultFailureHandler: 	at org.junit.runners.BlockJUnit4ClassRunner.runChild(BlockJUnit4ClassRunner.java:63)
12-02 19:09:30.958 29571 29615 W DefaultFailureHandler: 	at org.junit.runners.ParentRunner$4.run(ParentRunner.java:331)
12-02 19:09:30.958 29571 29615 W DefaultFailureHandler: 	at org.junit.runners.ParentRunner$1.schedule(ParentRunner.java:79)
12-02 19:09:30.958 29571 29615 W DefaultFailureHandler: 	at org.junit.runners.ParentRunner.runChildren(ParentRunner.java:329)
12-02 19:09:30.958 29571 29615 W DefaultFailureHandler: 	at org.junit.runners.ParentRunner.access$100(ParentRunner.java:66)
12-02 19:09:30.958 29571 29615 W DefaultFailureHandler: 	at org.junit.runners.ParentRunner$2.evaluate(ParentRunner.java:293)
12-02 19:09:30.958 29571 29615 W DefaultFailureHandler: 	at org.junit.runners.ParentRunner$3.evaluate(ParentRunner.java:306)
12-02 19:09:30.958 29571 29615 W DefaultFailureHandler: 	at org.junit.runners.ParentRunner.run(ParentRunner.java:413)
12-02 19:09:30.958 29571 29615 W DefaultFailureHandler: 	at androidx.test.ext.junit.runners.AndroidJUnit4.run(AndroidJUnit4.java:162)
12-02 19:09:30.958 29571 29615 W DefaultFailureHandler: 	at io.qameta.allure.android.runners.AllureAndroidJUnit4.run(AllureAndroidJUnitRunners.kt:29)
12-02 19:09:30.958 29571 29615 W DefaultFailureHandler: 	at org.junit.runners.Suite.runChild(Suite.java:128)
12-02 19:09:30.958 29571 29615 W DefaultFailureHandler: 	at org.junit.runners.Suite.runChild(Suite.java:27)
12-02 19:09:30.958 29571 29615 W DefaultFailureHandler: 	at org.junit.runners.ParentRunner$4.run(ParentRunner.java:331)
12-02 19:09:30.958 29571 29615 W DefaultFailureHandler: 	at org.junit.runners.ParentRunner$1.schedule(ParentRunner.java:79)
12-02 19:09:30.958 29571 29615 W DefaultFailureHandler: 	at org.junit.runners.ParentRunner.runChildren(ParentRunner.java:329)
12-02 19:09:30.958 29571 29615 W DefaultFailureHandler: 	at org.junit.runners.ParentRunner.access$100(ParentRunner.java:66)
12-02 19:09:30.958 29571 29615 W DefaultFailureHandler: 	at org.junit.runners.ParentRunner$2.evaluate(ParentRunner.java:293)
12-02 19:09:30.958 29571 29615 W DefaultFailureHandler: 	at org.junit.runners.ParentRunner$3.evaluate(ParentRunner.java:306)
12-02 19:09:30.958 29571 29615 W DefaultFailureHandler: 	at org.junit.runners.ParentRunner.run(ParentRunner.java:413)
12-02 19:09:30.958 29571 29615 W DefaultFailureHandler: 	at org.junit.runner.JUnitCore.run(JUnitCore.java:137)
12-02 19:09:30.958 29571 29615 W DefaultFailureHandler: 	at org.junit.runner.JUnitCore.run(JUnitCore.java:115)
12-02 19:09:30.958 29571 29615 W DefaultFailureHandler: 	at androidx.test.internal.runner.TestExecutor.execute(TestExecutor.java:67)
12-02 19:09:30.958 29571 29615 W DefaultFailureHandler: 	at androidx.test.internal.runner.TestExecutor.execute(TestExecutor.java:58)
12-02 19:09:30.958 29571 29615 W DefaultFailureHandler: 	at androidx.test.runner.AndroidJUnitRunner.onStart(AndroidJUnitRunner.java:438)
12-02 19:09:30.958 29571 29615 W DefaultFailureHandler: 	at android.app.Instrumentation$InstrumentationThread.run(Instrumentation.java:2189)
12-02 19:09:30.958 29571 29615 W DefaultFailureHandler: Caused by: android.system.ErrnoException: open failed: EROFS (Read-only file system)
12-02 19:09:30.958 29571 29615 W DefaultFailureHandler: 	at libcore.io.Linux.open(Native Method)
12-02 19:09:30.958 29571 29615 W DefaultFailureHandler: 	at libcore.io.ForwardingOs.open(ForwardingOs.java:167)
12-02 19:09:30.958 29571 29615 W DefaultFailureHandler: 	at libcore.io.BlockGuardOs.open(BlockGuardOs.java:252)
12-02 19:09:30.958 29571 29615 W DefaultFailureHandler: 	at libcore.io.ForwardingOs.open(ForwardingOs.java:167)
12-02 19:09:30.958 29571 29615 W DefaultFailureHandler: 	at android.app.ActivityThread$AndroidOs.open(ActivityThread.java:7255)
12-02 19:09:30.958 29571 29615 W DefaultFailureHandler: 	at libcore.io.IoBridge.open(IoBridge.java:482)
12-02 19:09:30.958 29571 29615 W DefaultFailureHandler: 	... 52 more
12-02 19:09:30.962  2010 19651 W InputReader: Device has associated, but no associated display id.
12-02 19:09:30.962  2010 19651 I chatty  : uid=1000(system) Binder:2010_1F identical 8 lines
12-02 19:09:30.962  2010 19651 W InputReader: Device has associated, but no associated display id.
12-02 19:09:30.968 29571 29571 D LifecycleMonitor: Lifecycle status change: ru.iteco.fmhandroid.ui.AppActivity@7df97d5 in: PAUSED
12-02 19:09:30.971  2010 19651 W InputReader: Device has associated, but no associated display id.
12-02 19:09:30.971 29571 29584 I teco.fmhandroi: NativeAlloc concurrent copying GC freed 80473(3341KB) AllocSpace objects, 3(60KB) LOS objects, 30% free, 13MB/19MB, paused 419us total 108.952ms
12-02 19:09:30.971  2010 19651 W InputReader: Device has associated, but no associated display id.
12-02 19:09:30.973  2010 19651 I chatty  : uid=1000(system) Binder:2010_1F identical 7 lines
12-02 19:09:30.973  2010 19651 W InputReader: Device has associated, but no associated display id.
12-02 19:09:30.991  1772  1772 D gralloc_ranchu: gralloc_alloc: Creating ashmem region of size 14749696
12-02 19:09:31.005  2010  2010 W ActivityManager: Unable to start service Intent { act=android.service.appprediction.AppPredictionService cmp=com.google.android.as/com.google.android.apps.miphone.aiai.app.AiAiPredictionService } U=0: not found
12-02 19:09:31.005  2010  2010 W RemoteAppPredictionService: could not bind to Intent { act=android.service.appprediction.AppPredictionService cmp=com.google.android.as/com.google.android.apps.miphone.aiai.app.AiAiPredictionService } using flags 67108865
12-02 19:09:31.006 29571 29613 V FA      : Recording user engagement, ms: 19964
12-02 19:09:31.008  1772  1772 D gralloc_ranchu: gralloc_alloc: Creating ashmem region of size 14749696
12-02 19:09:31.010  1772  6832 D gralloc_ranchu: gralloc_alloc: Creating ashmem region of size 14749696
12-02 19:09:31.015  1772  1772 D gralloc_ranchu: gralloc_alloc: Creating ashmem region of size 14749696
12-02 19:09:31.020  3139  3664 D EGL_emulation: eglMakeCurrent: 0xdb91c460: ver 2 0 (tinfo 0xbe64a3f0)
12-02 19:09:31.040  1772  1772 D gralloc_ranchu: gralloc_alloc: Creating ashmem region of size 14749696
12-02 19:09:31.043  1772  1772 D gralloc_ranchu: gralloc_alloc: Creating ashmem region of size 14749696
12-02 19:09:31.043  2448  3326 D EGL_emulation: eglMakeCurrent: 0xe3a07ba0: ver 2 0 (tinfo 0xe3a93b30)
12-02 19:09:31.058  3139  3139 W ThreadPoolDumper: Queue length for executor EventBus is now 11. Perhaps some tasks are too long, or the pool is too small.
12-02 19:09:31.078  3139  3568 W SessionLifecycleManager: Handover failed. Creating new session controller.
12-02 19:09:31.083  2010  2037 W InputReader: Device has associated, but no associated display id.
12-02 19:09:31.083  2010  2037 I chatty  : uid=1000(system) android.anim identical 8 lines
12-02 19:09:31.083  2010  2037 W InputReader: Device has associated, but no associated display id.
12-02 19:09:31.091  1772  1772 D gralloc_ranchu: gralloc_alloc: Creating ashmem region of size 9441280
