12-07 06:59:55.077 22064 22064 I ViewInteraction: Checking 'MatchesViewAssertion{viewMatcher=(view has effective visibility <VISIBLE> and view.getGlobalVisibleRect() to return non-empty rectangle)}' assertion on view view.getId() is <2131230870/ru.iteco.fmhandroid:id/authorization_image_button>
12-07 06:59:55.083 22064 22108 W teco.fmhandroi: Accessing hidden method Landroid/view/ViewConfiguration;->getDoubleTapMinTime()I (greylist, reflection, allowed)
12-07 06:59:55.089 22064 22108 W teco.fmhandroi: Accessing hidden method Lsun/misc/Unsafe;->compareAndSwapObject(Ljava/lang/Object;JLjava/lang/Object;Ljava/lang/Object;)Z (greylist, linking, allowed)
12-07 06:59:55.094 22064 22064 I ViewInteraction: Performing 'single click' action on view view.getId() is <2131230870/ru.iteco.fmhandroid:id/authorization_image_button>
12-07 06:59:55.094 22064 22191 W teco.fmhandroi: Accessing hidden method Lsun/misc/Unsafe;->compareAndSwapObject(Ljava/lang/Object;JLjava/lang/Object;Ljava/lang/Object;)Z (greylist, linking, allowed)
12-07 06:59:55.287  1764  6994 W audio_hw_generic: Not supplying enough data to HAL, expected position 46920618 , only wrote 46920424
12-07 06:59:55.356  1776  1825 D gralloc_ranchu: gralloc_alloc: Creating ashmem region of size 884736
12-07 06:59:55.373  1776  1825 I chatty  : uid=1000(system) HwBinder:1776_1 identical 1 line
12-07 06:59:55.377  1776  1825 D gralloc_ranchu: gralloc_alloc: Creating ashmem region of size 884736
12-07 06:59:55.414 22064 22155 D EGL_emulation: eglMakeCurrent: 0xe593dde0: ver 2 0 (tinfo 0xf0c9e670)
12-07 06:59:55.536 22064 22155 I chatty  : uid=10146(ru.iteco.fmhandroid) RenderThread identical 3 lines
12-07 06:59:55.553 22064 22155 D EGL_emulation: eglMakeCurrent: 0xe593dde0: ver 2 0 (tinfo 0xf0c9e670)
12-07 06:59:55.792 22064 22064 I ViewInteraction: Performing 'wait for a specific view with <an instance of android.widget.TextView and view.getText() with or without transformation to match: is "Log out"> during 10000 millis.' action on view view.getRootView() to equal view
12-07 06:59:55.796 22064 22064 I ViewInteraction: Checking 'MatchesViewAssertion{viewMatcher=(view has effective visibility <VISIBLE> and view.getGlobalVisibleRect() to return non-empty rectangle)}' assertion on view an instance of android.widget.TextView and view.getText() with or without transformation to match: is "Log out"
12-07 06:59:55.801 22064 22064 I ViewInteraction: Performing 'single click' action on view an instance of android.widget.TextView and view.getText() with or without transformation to match: is "Log out"
12-07 06:59:56.238 22064 22155 D EGL_emulation: eglMakeCurrent: 0xe593dde0: ver 2 0 (tinfo 0xf0c9e670)
12-07 06:59:56.323 22064 22155 D EGL_emulation: eglMakeCurrent: 0xe593dde0: ver 2 0 (tinfo 0xf0c9e670)
12-07 06:59:56.358  2018  2058 E memtrack: Couldn't load memtrack module
12-07 06:59:56.358  2018  2058 W android.os.Debug: failed to get memory consumption info: -1
12-07 06:59:56.445 22064 22108 W teco.fmhandroi: Accessing hidden method Lsun/misc/Unsafe;->compareAndSwapObject(Ljava/lang/Object;JLjava/lang/Object;Ljava/lang/Object;)Z (greylist, linking, allowed)
12-07 06:59:56.446 22064 22191 W teco.fmhandroi: Accessing hidden method Lsun/misc/Unsafe;->compareAndSwapObject(Ljava/lang/Object;JLjava/lang/Object;Ljava/lang/Object;)Z (greylist, linking, allowed)
12-07 06:59:56.446 22064 22064 I ViewInteraction: Performing 'wait for a specific view with <(an instance of android.widget.TextView and view.getText() with or without transformation to match: is "Authorization" and view.getParent() view.getParent() view.getId() is <2131231186>)> during 10000 millis.' action on view view.getRootView() to equal view
12-07 06:59:56.449 22064 22108 W teco.fmhandroi: Accessing hidden method Lsun/misc/Unsafe;->compareAndSwapObject(Ljava/lang/Object;JLjava/lang/Object;Ljava/lang/Object;)Z (greylist, linking, allowed)
12-07 06:59:56.456 22064 22064 I ViewInteraction: Checking 'MatchesViewAssertion{viewMatcher=(view has effective visibility <VISIBLE> and view.getGlobalVisibleRect() to return non-empty rectangle)}' assertion on view (an instance of android.widget.TextView and view.getText() with or without transformation to match: is "Authorization" and view.getParent() view.getParent() view.getId() is <2131231186/ru.iteco.fmhandroid:id/nav_host_fragment>)
12-07 06:59:56.458 22064 22108 W teco.fmhandroi: Accessing hidden method Lsun/misc/Unsafe;->compareAndSwapObject(Ljava/lang/Object;JLjava/lang/Object;Ljava/lang/Object;)Z (greylist, linking, allowed)
12-07 06:59:56.466 22064 22064 I ViewInteraction: Performing 'wait for a specific view with <(an instance of android.widget.TextView and view.getHint() matching: is "Login" and view.getParent() view.getParent() view.getId() is <2131231121>)> during 10000 millis.' action on view view.getRootView() to equal view
12-07 06:59:56.471 22064 22108 W teco.fmhandroi: Accessing hidden method Lsun/misc/Unsafe;->compareAndSwapObject(Ljava/lang/Object;JLjava/lang/Object;Ljava/lang/Object;)Z (greylist, linking, allowed)
12-07 06:59:56.479 22064 22064 I ViewInteraction: Checking 'MatchesViewAssertion{viewMatcher=(view has effective visibility <VISIBLE> and view.getGlobalVisibleRect() to return non-empty rectangle)}' assertion on view (an instance of android.widget.TextView and view.getHint() matching: is "Login" and view.getParent() view.getParent() view.getId() is <2131231121/ru.iteco.fmhandroid:id/login_text_input_layout>)
12-07 06:59:56.484 22064 22108 W teco.fmhandroi: Accessing hidden method Lsun/misc/Unsafe;->compareAndSwapObject(Ljava/lang/Object;JLjava/lang/Object;Ljava/lang/Object;)Z (greylist, linking, allowed)
12-07 06:59:56.489 22064 22064 I ViewInteraction: Performing 'wait for a specific view with <(an instance of android.widget.TextView and view.getHint() matching: is "Password" and view.getParent() view.getParent() view.getId() is <2131231264>)> during 10000 millis.' action on view view.getRootView() to equal view
12-07 06:59:56.495 22064 22108 W teco.fmhandroi: Accessing hidden method Lsun/misc/Unsafe;->compareAndSwapObject(Ljava/lang/Object;JLjava/lang/Object;Ljava/lang/Object;)Z (greylist, linking, allowed)
12-07 06:59:56.495 22064 22191 W teco.fmhandroi: Accessing hidden method Lsun/misc/Unsafe;->compareAndSwapObject(Ljava/lang/Object;JLjava/lang/Object;Ljava/lang/Object;)Z (greylist, linking, allowed)
12-07 06:59:56.501 22064 22064 I ViewInteraction: Checking 'MatchesViewAssertion{viewMatcher=(view has effective visibility <VISIBLE> and view.getGlobalVisibleRect() to return non-empty rectangle)}' assertion on view (an instance of android.widget.TextView and view.getHint() matching: is "Password" and view.getParent() view.getParent() view.getId() is <2131231264/ru.iteco.fmhandroid:id/password_text_input_layout>)
12-07 06:59:56.503 22064 22108 W teco.fmhandroi: Accessing hidden method Lsun/misc/Unsafe;->compareAndSwapObject(Ljava/lang/Object;JLjava/lang/Object;Ljava/lang/Object;)Z (greylist, linking, allowed)
12-07 06:59:56.509 22064 22064 I ViewInteraction: Performing 'wait for a specific view with <(view.getId() is <2131231039> and an instance of android.widget.TextView and view.getText() with or without transformation to match: is "SIGN IN" and view.getContentDescription() is "Save" and view.getParent() view.getParent() an instance of android.widget.RelativeLayout)> during 10000 millis.' action on view view.getRootView() to equal view
12-07 06:59:56.513 22064 22108 W teco.fmhandroi: Accessing hidden method Lsun/misc/Unsafe;->compareAndSwapObject(Ljava/lang/Object;JLjava/lang/Object;Ljava/lang/Object;)Z (greylist, linking, allowed)
12-07 06:59:56.513 22064 22191 W teco.fmhandroi: Accessing hidden method Lsun/misc/Unsafe;->compareAndSwapObject(Ljava/lang/Object;JLjava/lang/Object;Ljava/lang/Object;)Z (greylist, linking, allowed)
12-07 06:59:56.518 22064 22064 I ViewInteraction: Checking 'MatchesViewAssertion{viewMatcher=(view has effective visibility <VISIBLE> and view.getGlobalVisibleRect() to return non-empty rectangle)}' assertion on view (view.getId() is <2131231039/ru.iteco.fmhandroid:id/enter_button> and an instance of android.widget.TextView and view.getText() with or without transformation to match: is "SIGN IN" and view.getContentDescription() is "Save" and view.getParent() view.getParent() an instance of android.widget.RelativeLayout)
12-07 06:59:56.521 22064 22108 W teco.fmhandroi: Accessing hidden method Lsun/misc/Unsafe;->compareAndSwapObject(Ljava/lang/Object;JLjava/lang/Object;Ljava/lang/Object;)Z (greylist, linking, allowed)
12-07 06:59:56.522 22064 22191 W teco.fmhandroi: Accessing hidden method Lsun/misc/Unsafe;->compareAndSwapObject(Ljava/lang/Object;JLjava/lang/Object;Ljava/lang/Object;)Z (greylist, linking, allowed)
12-07 06:59:56.525 22064 22064 I ViewInteraction: Performing 'wait for a specific view with <(an instance of android.widget.TextView and view.getText() with or without transformation to match: is "Authorization" and view.getParent() view.getParent() view.getId() is <2131231186>)> during 10000 millis.' action on view view.getRootView() to equal view
12-07 06:59:56.528 22064 22108 W teco.fmhandroi: Accessing hidden method Lsun/misc/Unsafe;->compareAndSwapObject(Ljava/lang/Object;JLjava/lang/Object;Ljava/lang/Object;)Z (greylist, linking, allowed)
12-07 06:59:56.529 22064 22191 W teco.fmhandroi: Accessing hidden method Lsun/misc/Unsafe;->compareAndSwapObject(Ljava/lang/Object;JLjava/lang/Object;Ljava/lang/Object;)Z (greylist, linking, allowed)
12-07 06:59:56.532 22064 22064 I ViewInteraction: Checking 'MatchesViewAssertion{viewMatcher=(view has effective visibility <VISIBLE> and view.getGlobalVisibleRect() to return non-empty rectangle)}' assertion on view (an instance of android.widget.TextView and view.getText() with or without transformation to match: is "Authorization" and view.getParent() view.getParent() view.getId() is <2131231186/ru.iteco.fmhandroid:id/nav_host_fragment>)
12-07 06:59:56.534 22064 22108 W teco.fmhandroi: Accessing hidden method Lsun/misc/Unsafe;->compareAndSwapObject(Ljava/lang/Object;JLjava/lang/Object;Ljava/lang/Object;)Z (greylist, linking, allowed)
12-07 06:59:56.535 22064 22191 W teco.fmhandroi: Accessing hidden method Lsun/misc/Unsafe;->compareAndSwapObject(Ljava/lang/Object;JLjava/lang/Object;Ljava/lang/Object;)Z (greylist, linking, allowed)
12-07 06:59:56.537 22064 22064 I ViewInteraction: Performing 'wait for a specific view with <(an instance of android.widget.TextView and view.getHint() matching: is "Login" and view.getParent() view.getParent() view.getId() is <2131231121/ru.iteco.fmhandroid:id/login_text_input_layout>)> during 10000 millis.' action on view view.getRootView() to equal view
12-07 06:59:56.541 22064 22108 W teco.fmhandroi: Accessing hidden method Lsun/misc/Unsafe;->compareAndSwapObject(Ljava/lang/Object;JLjava/lang/Object;Ljava/lang/Object;)Z (greylist, linking, allowed)
12-07 06:59:56.541 22064 22191 W teco.fmhandroi: Accessing hidden method Lsun/misc/Unsafe;->compareAndSwapObject(Ljava/lang/Object;JLjava/lang/Object;Ljava/lang/Object;)Z (greylist, linking, allowed)
12-07 06:59:56.545 22064 22064 I ViewInteraction: Checking 'MatchesViewAssertion{viewMatcher=(view has effective visibility <VISIBLE> and view.getGlobalVisibleRect() to return non-empty rectangle)}' assertion on view (an instance of android.widget.TextView and view.getHint() matching: is "Login" and view.getParent() view.getParent() view.getId() is <2131231121/ru.iteco.fmhandroid:id/login_text_input_layout>)
12-07 06:59:56.547 22064 22108 W teco.fmhandroi: Accessing hidden method Lsun/misc/Unsafe;->compareAndSwapObject(Ljava/lang/Object;JLjava/lang/Object;Ljava/lang/Object;)Z (greylist, linking, allowed)
12-07 06:59:56.551 22064 22064 I ViewInteraction: Performing 'wait for a specific view with <(an instance of android.widget.TextView and view.getHint() matching: is "Password" and view.getParent() view.getParent() view.getId() is <2131231264/ru.iteco.fmhandroid:id/password_text_input_layout>)> during 10000 millis.' action on view view.getRootView() to equal view
12-07 06:59:56.556 22064 22108 W teco.fmhandroi: Accessing hidden method Lsun/misc/Unsafe;->compareAndSwapObject(Ljava/lang/Object;JLjava/lang/Object;Ljava/lang/Object;)Z (greylist, linking, allowed)
12-07 06:59:56.557 22064 22191 W teco.fmhandroi: Accessing hidden method Lsun/misc/Unsafe;->compareAndSwapObject(Ljava/lang/Object;JLjava/lang/Object;Ljava/lang/Object;)Z (greylist, linking, allowed)
12-07 06:59:56.564 22064 22064 I ViewInteraction: Checking 'MatchesViewAssertion{viewMatcher=(view has effective visibility <VISIBLE> and view.getGlobalVisibleRect() to return non-empty rectangle)}' assertion on view (an instance of android.widget.TextView and view.getHint() matching: is "Password" and view.getParent() view.getParent() view.getId() is <2131231264/ru.iteco.fmhandroid:id/password_text_input_layout>)
12-07 06:59:56.568 22064 22108 W teco.fmhandroi: Accessing hidden method Lsun/misc/Unsafe;->compareAndSwapObject(Ljava/lang/Object;JLjava/lang/Object;Ljava/lang/Object;)Z (greylist, linking, allowed)
12-07 06:59:56.569 22064 22191 W teco.fmhandroi: Accessing hidden method Lsun/misc/Unsafe;->compareAndSwapObject(Ljava/lang/Object;JLjava/lang/Object;Ljava/lang/Object;)Z (greylist, linking, allowed)
12-07 06:59:56.575 22064 22064 I ViewInteraction: Performing 'wait for a specific view with <(view.getId() is <2131231039/ru.iteco.fmhandroid:id/enter_button> and an instance of android.widget.TextView and view.getText() with or without transformation to match: is "SIGN IN" and view.getContentDescription() is "Save" and view.getParent() view.getParent() an instance of android.widget.RelativeLayout)> during 10000 millis.' action on view view.getRootView() to equal view
12-07 06:59:56.580 22064 22191 W teco.fmhandroi: Accessing hidden method Lsun/misc/Unsafe;->compareAndSwapObject(Ljava/lang/Object;JLjava/lang/Object;Ljava/lang/Object;)Z (greylist, linking, allowed)
12-07 06:59:56.584 22064 22064 I ViewInteraction: Checking 'MatchesViewAssertion{viewMatcher=(view has effective visibility <VISIBLE> and view.getGlobalVisibleRect() to return non-empty rectangle)}' assertion on view (view.getId() is <2131231039/ru.iteco.fmhandroid:id/enter_button> and an instance of android.widget.TextView and view.getText() with or without transformation to match: is "SIGN IN" and view.getContentDescription() is "Save" and view.getParent() view.getParent() an instance of android.widget.RelativeLayout)
12-07 06:59:56.586 22064 22108 W teco.fmhandroi: Accessing hidden method Lsun/misc/Unsafe;->compareAndSwapObject(Ljava/lang/Object;JLjava/lang/Object;Ljava/lang/Object;)Z (greylist, linking, allowed)
12-07 06:59:56.586 22064 22191 W teco.fmhandroi: Accessing hidden method Lsun/misc/Unsafe;->compareAndSwapObject(Ljava/lang/Object;JLjava/lang/Object;Ljava/lang/Object;)Z (greylist, linking, allowed)
12-07 06:59:56.595 22064 22064 I ViewInteraction: Performing 'wait for a specific view with <(an instance of android.widget.TextView and view.getHint() matching: is "Login" and view.getParent() view.getParent() view.getId() is <2131231121/ru.iteco.fmhandroid:id/login_text_input_layout>)> during 10000 millis.' action on view view.getRootView() to equal view
12-07 06:59:56.599 22064 22108 W teco.fmhandroi: Accessing hidden method Lsun/misc/Unsafe;->compareAndSwapObject(Ljava/lang/Object;JLjava/lang/Object;Ljava/lang/Object;)Z (greylist, linking, allowed)
12-07 06:59:56.603 22064 22064 I ViewInteraction: Performing 'replace text(login2)' action on view (an instance of android.widget.TextView and view.getHint() matching: is "Login" and view.getParent() view.getParent() view.getId() is <2131231121/ru.iteco.fmhandroid:id/login_text_input_layout>)
12-07 06:59:56.648 22064 22108 W teco.fmhandroi: Accessing hidden method Lsun/misc/Unsafe;->compareAndSwapObject(Ljava/lang/Object;JLjava/lang/Object;Ljava/lang/Object;)Z (greylist, linking, allowed)
12-07 06:59:56.688 22064 22064 I ViewInteraction: Performing 'wait for a specific view with <(an instance of android.widget.TextView and view.getHint() matching: is "Password" and view.getParent() view.getParent() view.getId() is <2131231264/ru.iteco.fmhandroid:id/password_text_input_layout>)> during 10000 millis.' action on view view.getRootView() to equal view
12-07 06:59:56.695 22064 22191 W teco.fmhandroi: Accessing hidden method Lsun/misc/Unsafe;->compareAndSwapObject(Ljava/lang/Object;JLjava/lang/Object;Ljava/lang/Object;)Z (greylist, linking, allowed)
12-07 06:59:56.697 22064 22108 W teco.fmhandroi: Accessing hidden method Lsun/misc/Unsafe;->compareAndSwapObject(Ljava/lang/Object;JLjava/lang/Object;Ljava/lang/Object;)Z (greylist, linking, allowed)
12-07 06:59:56.698 22064 22108 W teco.fmhandroi: Accessing hidden method Lsun/misc/Unsafe;->getObject(Ljava/lang/Object;J)Ljava/lang/Object; (greylist, linking, allowed)
12-07 06:59:56.702 22064 22064 I ViewInteraction: Performing 'replace text(password2)' action on view (an instance of android.widget.TextView and view.getHint() matching: is "Password" and view.getParent() view.getParent() view.getId() is <2131231264/ru.iteco.fmhandroid:id/password_text_input_layout>)
12-07 06:59:56.715 22064 22108 W teco.fmhandroi: Accessing hidden method Lsun/misc/Unsafe;->compareAndSwapObject(Ljava/lang/Object;JLjava/lang/Object;Ljava/lang/Object;)Z (greylist, linking, allowed)
12-07 06:59:56.743 22064 22064 I ViewInteraction: Performing 'wait for a specific view with <(view.getId() is <2131231039/ru.iteco.fmhandroid:id/enter_button> and an instance of android.widget.TextView and view.getText() with or without transformation to match: is "SIGN IN" and view.getContentDescription() is "Save" and view.getParent() view.getParent() an instance of android.widget.RelativeLayout)> during 10000 millis.' action on view view.getRootView() to equal view
12-07 06:59:56.747 22064 22108 W teco.fmhandroi: Accessing hidden method Lsun/misc/Unsafe;->compareAndSwapObject(Ljava/lang/Object;JLjava/lang/Object;Ljava/lang/Object;)Z (greylist, linking, allowed)
12-07 06:59:56.747 22064 22191 W teco.fmhandroi: Accessing hidden method Lsun/misc/Unsafe;->compareAndSwapObject(Ljava/lang/Object;JLjava/lang/Object;Ljava/lang/Object;)Z (greylist, linking, allowed)
12-07 06:59:56.751 22064 22064 I ViewInteraction: Checking 'MatchesViewAssertion{viewMatcher=view.isClickable() is <true>}' assertion on view (view.getId() is <2131231039/ru.iteco.fmhandroid:id/enter_button> and an instance of android.widget.TextView and view.getText() with or without transformation to match: is "SIGN IN" and view.getContentDescription() is "Save" and view.getParent() view.getParent() an instance of android.widget.RelativeLayout)
12-07 06:59:56.755 22064 22108 W teco.fmhandroi: Accessing hidden method Lsun/misc/Unsafe;->compareAndSwapObject(Ljava/lang/Object;JLjava/lang/Object;Ljava/lang/Object;)Z (greylist, linking, allowed)
12-07 06:59:56.755 22064 22191 W teco.fmhandroi: Accessing hidden method Lsun/misc/Unsafe;->compareAndSwapObject(Ljava/lang/Object;JLjava/lang/Object;Ljava/lang/Object;)Z (greylist, linking, allowed)
12-07 06:59:56.762 22064 22064 I ViewInteraction: Performing 'wait for a specific view with <(view.getId() is <2131231039/ru.iteco.fmhandroid:id/enter_button> and an instance of android.widget.TextView and view.getText() with or without transformation to match: is "SIGN IN" and view.getContentDescription() is "Save" and view.getParent() view.getParent() an instance of android.widget.RelativeLayout)> during 10000 millis.' action on view view.getRootView() to equal view
12-07 06:59:56.765 22064 22108 W teco.fmhandroi: Accessing hidden method Lsun/misc/Unsafe;->compareAndSwapObject(Ljava/lang/Object;JLjava/lang/Object;Ljava/lang/Object;)Z (greylist, linking, allowed)
12-07 06:59:56.774 22064 22064 I ViewInteraction: Checking 'MatchesViewAssertion{viewMatcher=view.isClickable() is <true>}' assertion on view (view.getId() is <2131231039/ru.iteco.fmhandroid:id/enter_button> and an instance of android.widget.TextView and view.getText() with or without transformation to match: is "SIGN IN" and view.getContentDescription() is "Save" and view.getParent() view.getParent() an instance of android.widget.RelativeLayout)
12-07 06:59:56.777 22064 22108 W teco.fmhandroi: Accessing hidden method Lsun/misc/Unsafe;->compareAndSwapObject(Ljava/lang/Object;JLjava/lang/Object;Ljava/lang/Object;)Z (greylist, linking, allowed)
12-07 06:59:56.782 22064 22064 I ViewInteraction: Performing 'wait for a specific view with <(view.getId() is <2131231039/ru.iteco.fmhandroid:id/enter_button> and an instance of android.widget.TextView and view.getText() with or without transformation to match: is "SIGN IN" and view.getContentDescription() is "Save" and view.getParent() view.getParent() an instance of android.widget.RelativeLayout)> during 10000 millis.' action on view view.getRootView() to equal view
12-07 06:59:56.786 22064 22108 W teco.fmhandroi: Accessing hidden method Lsun/misc/Unsafe;->compareAndSwapObject(Ljava/lang/Object;JLjava/lang/Object;Ljava/lang/Object;)Z (greylist, linking, allowed)
12-07 06:59:56.787 22064 22191 W teco.fmhandroi: Accessing hidden method Lsun/misc/Unsafe;->compareAndSwapObject(Ljava/lang/Object;JLjava/lang/Object;Ljava/lang/Object;)Z (greylist, linking, allowed)
12-07 06:59:56.789 22064 22064 I ViewInteraction: Performing 'single click' action on view (view.getId() is <2131231039/ru.iteco.fmhandroid:id/enter_button> and an instance of android.widget.TextView and view.getText() with or without transformation to match: is "SIGN IN" and view.getContentDescription() is "Save" and view.getParent() view.getParent() an instance of android.widget.RelativeLayout)
12-07 06:59:56.865 22064 22195 I okhttp.OkHttpClient: --> POST http://www.981757-ca08998.tmweb.ru:8080/fmh/authentication/login
12-07 06:59:56.865 22064 22195 I okhttp.OkHttpClient: Content-Type: application/json; charset=UTF-8
12-07 06:59:56.865 22064 22195 I okhttp.OkHttpClient: Content-Length: 41
12-07 06:59:56.866 22064 22195 I okhttp.OkHttpClient: {"login":"login2","password":"password2"}
12-07 06:59:56.866 22064 22195 I okhttp.OkHttpClient: --> END POST (41-byte body)
12-07 06:59:56.873  1744 22196 E ResolverController: No valid NAT64 prefix (100, <unspecified>/0)
12-07 06:59:57.101 22064 22108 W teco.fmhandroi: Accessing hidden method Lsun/misc/Unsafe;->compareAndSwapObject(Ljava/lang/Object;JLjava/lang/Object;Ljava/lang/Object;)Z (greylist, linking, allowed)
12-07 06:59:57.105 22064 22064 I ViewInteraction: Performing 'wait for a specific view with <an instance of android.widget.TextView and view.getText() with or without transformation to match: is "News"> during 10000 millis.' action on view view.getRootView() to equal view
12-07 06:59:57.377 22064 22195 I okhttp.OkHttpClient: <-- 200 http://www.981757-ca08998.tmweb.ru:8080/fmh/authentication/login (510ms)
12-07 06:59:57.377 22064 22195 I okhttp.OkHttpClient: Vary: Origin
12-07 06:59:57.377 22064 22195 I okhttp.OkHttpClient: Vary: Access-Control-Request-Method
12-07 06:59:57.377 22064 22195 I okhttp.OkHttpClient: Vary: Access-Control-Request-Headers
12-07 06:59:57.377 22064 22195 I okhttp.OkHttpClient: X-Content-Type-Options: nosniff
12-07 06:59:57.377 22064 22195 I okhttp.OkHttpClient: X-XSS-Protection: 1; mode=block
12-07 06:59:57.377 22064 22195 I okhttp.OkHttpClient: Cache-Control: no-cache, no-store, max-age=0, must-revalidate
12-07 06:59:57.378 22064 22195 I okhttp.OkHttpClient: Pragma: no-cache
12-07 06:59:57.378 22064 22195 I okhttp.OkHttpClient: Expires: 0
12-07 06:59:57.378 22064 22195 I okhttp.OkHttpClient: X-Frame-Options: DENY
12-07 06:59:57.378 22064 22195 I okhttp.OkHttpClient: Content-Type: application/json
12-07 06:59:57.378 22064 22195 I okhttp.OkHttpClient: Transfer-Encoding: chunked
12-07 06:59:57.378 22064 22195 I okhttp.OkHttpClient: Date: Wed, 07 Dec 2022 06:59:59 GMT
12-07 06:59:57.378 22064 22195 I okhttp.OkHttpClient: Keep-Alive: timeout=60
12-07 06:59:57.378 22064 22195 I okhttp.OkHttpClient: Connection: keep-alive
12-07 06:59:57.379 22064 22195 I okhttp.OkHttpClient: {"accessToken":"eyJhbGciOiJIUzUxMiJ9.eyJzdWIiOiJsb2dpbjIiLCJqdGkiOiIyIiwiZXhwIjoxNjcwNDgyNzk5fQ.PhGWIDX6zyrFY3boOM5CL1sypuwHRCg1cOW0pGS0nBZUht1d-gBEBcXTYt_X_uIgBVRfw_BZRrBZSywhWZmOGw","refreshToken":"eyJhbGciOiJIUzUxMiJ9.eyJzdWIiOiJsb2dpbjIiLCJqdGkiOiIyIiwiZXhwIjoxNjcyOTg4Mzk5fQ.01FBbJnvUj6GD6FU55FESvnWnFZRf7Ik4ogd_dbaFtL9iHb7WLPLkgSAEPsK1T48pz76zFtzAbceRBnZr9Hw3A"}
12-07 06:59:57.379 22064 22195 I okhttp.OkHttpClient: <-- END HTTP (368-byte body)
12-07 06:59:57.388 22064 22174 I okhttp.OkHttpClient: --> GET http://www.981757-ca08998.tmweb.ru:8080/fmh/authentication/userInfo
12-07 06:59:57.388 22064 22174 I okhttp.OkHttpClient: --> END GET
12-07 06:59:57.643 22064 22174 I okhttp.OkHttpClient: <-- 200 http://www.981757-ca08998.tmweb.ru:8080/fmh/authentication/userInfo (254ms)
12-07 06:59:57.644 22064 22174 I okhttp.OkHttpClient: Vary: Origin
12-07 06:59:57.644 22064 22174 I okhttp.OkHttpClient: Vary: Access-Control-Request-Method
12-07 06:59:57.644 22064 22174 I okhttp.OkHttpClient: Vary: Access-Control-Request-Headers
12-07 06:59:57.644 22064 22174 I okhttp.OkHttpClient: X-Content-Type-Options: nosniff
12-07 06:59:57.644 22064 22174 I okhttp.OkHttpClient: X-XSS-Protection: 1; mode=block
12-07 06:59:57.644 22064 22174 I okhttp.OkHttpClient: Cache-Control: no-cache, no-store, max-age=0, must-revalidate
12-07 06:59:57.644 22064 22174 I okhttp.OkHttpClient: Pragma: no-cache
12-07 06:59:57.644 22064 22174 I okhttp.OkHttpClient: Expires: 0
12-07 06:59:57.644 22064 22174 I okhttp.OkHttpClient: X-Frame-Options: DENY
12-07 06:59:57.644 22064 22174 I okhttp.OkHttpClient: Content-Type: application/json
12-07 06:59:57.645 22064 22174 I okhttp.OkHttpClient: Transfer-Encoding: chunked
12-07 06:59:57.645 22064 22174 I okhttp.OkHttpClient: Date: Wed, 07 Dec 2022 06:59:59 GMT
12-07 06:59:57.645 22064 22174 I okhttp.OkHttpClient: Keep-Alive: timeout=60
12-07 06:59:57.645 22064 22174 I okhttp.OkHttpClient: Connection: keep-alive
12-07 06:59:57.645 22064 22174 I okhttp.OkHttpClient: {"id":2,"firstName":"Данил","lastName":"Иванов","middleName":"Данилович","admin":true}
12-07 06:59:57.646 22064 22174 I okhttp.OkHttpClient: <-- END HTTP (106-byte body)
12-07 06:59:57.664 22064 22197 I okhttp.OkHttpClient: --> GET http://www.981757-ca08998.tmweb.ru:8080/fmh/claims
12-07 06:59:57.664 22064 22197 I okhttp.OkHttpClient: --> END GET
12-07 06:59:57.865 22064 22064 I ViewInteraction: Checking 'MatchesViewAssertion{viewMatcher=(view has effective visibility <VISIBLE> and view.getGlobalVisibleRect() to return non-empty rectangle)}' assertion on view an instance of android.widget.TextView and view.getText() with or without transformation to match: is "News"
12-07 06:59:57.868 22064 22191 W teco.fmhandroi: Accessing hidden method Lsun/misc/Unsafe;->compareAndSwapObject(Ljava/lang/Object;JLjava/lang/Object;Ljava/lang/Object;)Z (greylist, linking, allowed)
12-07 06:59:57.870 22064 22064 I ViewInteraction: Performing 'wait for a specific view with <view.getId() is <2131230951>> during 10000 millis.' action on view view.getRootView() to equal view
12-07 06:59:57.873 22064 22108 W teco.fmhandroi: Accessing hidden method Lsun/misc/Unsafe;->compareAndSwapObject(Ljava/lang/Object;JLjava/lang/Object;Ljava/lang/Object;)Z (greylist, linking, allowed)
12-07 06:59:57.877 22064 22064 I ViewInteraction: Checking 'MatchesViewAssertion{viewMatcher=(view has effective visibility <VISIBLE> and view.getGlobalVisibleRect() to return non-empty rectangle)}' assertion on view view.getId() is <2131230951/ru.iteco.fmhandroid:id/container_list_news_include_on_fragment_main>
12-07 06:59:57.880 22064 22108 W teco.fmhandroi: Accessing hidden method Lsun/misc/Unsafe;->compareAndSwapObject(Ljava/lang/Object;JLjava/lang/Object;Ljava/lang/Object;)Z (greylist, linking, allowed)
12-07 06:59:57.885 22064 22064 I ViewInteraction: Performing 'wait for a specific view with <view.getId() is <2131230949>> during 10000 millis.' action on view view.getRootView() to equal view
12-07 06:59:57.887 22064 22108 W teco.fmhandroi: Accessing hidden method Lsun/misc/Unsafe;->compareAndSwapObject(Ljava/lang/Object;JLjava/lang/Object;Ljava/lang/Object;)Z (greylist, linking, allowed)
12-07 06:59:57.887 22064 22191 W teco.fmhandroi: Accessing hidden method Lsun/misc/Unsafe;->compareAndSwapObject(Ljava/lang/Object;JLjava/lang/Object;Ljava/lang/Object;)Z (greylist, linking, allowed)
12-07 06:59:57.892 22064 22064 I ViewInteraction: Checking 'MatchesViewAssertion{viewMatcher=(view has effective visibility <VISIBLE> and view.getGlobalVisibleRect() to return non-empty rectangle)}' assertion on view view.getId() is <2131230949/ru.iteco.fmhandroid:id/container_list_claim_include_on_fragment_main>
12-07 06:59:57.893 22064 22108 W teco.fmhandroi: Accessing hidden method Lsun/misc/Unsafe;->compareAndSwapObject(Ljava/lang/Object;JLjava/lang/Object;Ljava/lang/Object;)Z (greylist, linking, allowed)
12-07 06:59:57.895 22064 22191 W teco.fmhandroi: Accessing hidden method Lsun/misc/Unsafe;->compareAndSwapObject(Ljava/lang/Object;JLjava/lang/Object;Ljava/lang/Object;)Z (greylist, linking, allowed)
12-07 06:59:57.899 22064 22064 I ViewInteraction: Performing 'wait for a specific view with <an instance of android.widget.TextView and view.getText() with or without transformation to match: is "Claims"> during 10000 millis.' action on view view.getRootView() to equal view
12-07 06:59:57.908 22064 22064 I ViewInteraction: Checking 'MatchesViewAssertion{viewMatcher=(view has effective visibility <VISIBLE> and view.getGlobalVisibleRect() to return non-empty rectangle)}' assertion on view an instance of android.widget.TextView and view.getText() with or without transformation to match: is "Claims"
12-07 06:59:57.911 22064 22191 W teco.fmhandroi: Accessing hidden method Lsun/misc/Unsafe;->compareAndSwapObject(Ljava/lang/Object;JLjava/lang/Object;Ljava/lang/Object;)Z (greylist, linking, allowed)
12-07 06:59:57.918 22064 22064 I ViewInteraction: Performing 'wait for a specific view with <view.getId() is <2131231123>> during 10000 millis.' action on view view.getRootView() to equal view
12-07 06:59:57.921 22064 22108 W teco.fmhandroi: Accessing hidden method Lsun/misc/Unsafe;->compareAndSwapObject(Ljava/lang/Object;JLjava/lang/Object;Ljava/lang/Object;)Z (greylist, linking, allowed)
12-07 06:59:57.927 22064 22064 I ViewInteraction: Performing 'single click' action on view view.getId() is <2131231123/ru.iteco.fmhandroid:id/main_menu_image_button>
12-07 06:59:58.504 22064 22064 W MotionEvents: Overslept and turned a tap into a long press
12-07 06:59:58.535 22064 22077 I teco.fmhandroi: Background young concurrent copying GC freed 51937(2516KB) AllocSpace objects, 3(120KB) LOS objects, 23% free, 9182KB/11MB, paused 9.276ms total 118.698ms
12-07 06:59:58.609  1776  1825 D gralloc_ranchu: gralloc_alloc: Creating ashmem region of size 2015232
12-07 06:59:58.623  1776  1825 I chatty  : uid=1000(system) HwBinder:1776_1 identical 1 line
12-07 06:59:58.625  1776  1825 D gralloc_ranchu: gralloc_alloc: Creating ashmem region of size 2015232
12-07 06:59:58.666 22064 22155 D EGL_emulation: eglMakeCurrent: 0xe593dde0: ver 2 0 (tinfo 0xf0c9e670)
12-07 06:59:58.755 22064 22155 I chatty  : uid=10146(ru.iteco.fmhandroid) RenderThread identical 3 lines
12-07 06:59:58.772 22064 22155 D EGL_emulation: eglMakeCurrent: 0xe593dde0: ver 2 0 (tinfo 0xf0c9e670)
12-07 06:59:58.847 22064 22108 W teco.fmhandroi: Accessing hidden method Lsun/misc/Unsafe;->compareAndSwapObject(Ljava/lang/Object;JLjava/lang/Object;Ljava/lang/Object;)Z (greylist, linking, allowed)
12-07 06:59:58.851 22064 22064 I ViewInteraction: Performing 'wait for a specific view with <an instance of android.widget.TextView and view.getText() with or without transformation to match: is "News"> during 10000 millis.' action on view view.getRootView() to equal view
12-07 06:59:58.857 22064 22064 I ViewInteraction: Performing 'single click' action on view an instance of android.widget.TextView and view.getText() with or without transformation to match: is "News"
12-07 06:59:59.024 22064 22199 I okhttp.OkHttpClient: --> GET http://www.981757-ca08998.tmweb.ru:8080/fmh/news
12-07 06:59:59.024 22064 22199 I okhttp.OkHttpClient: --> END GET
12-07 06:59:59.037  1744 22200 E ResolverController: No valid NAT64 prefix (100, <unspecified>/0)
12-07 06:59:59.130 22064 22155 D EGL_emulation: eglMakeCurrent: 0xe593dde0: ver 2 0 (tinfo 0xf0c9e670)
12-07 06:59:59.161 22064 22155 D EGL_emulation: eglMakeCurrent: 0xe593dde0: ver 2 0 (tinfo 0xf0c9e670)
12-07 06:59:59.691 22064 22191 W teco.fmhandroi: Accessing hidden method Lsun/misc/Unsafe;->compareAndSwapObject(Ljava/lang/Object;JLjava/lang/Object;Ljava/lang/Object;)Z (greylist, linking, allowed)
12-07 06:59:59.696 22064 22064 I ViewInteraction: Performing 'wait for a specific view with <view.getId() is <2131231025>> during 10000 millis.' action on view view.getRootView() to equal view
12-07 06:59:59.701 22064 22108 W teco.fmhandroi: Accessing hidden method Lsun/misc/Unsafe;->compareAndSwapObject(Ljava/lang/Object;JLjava/lang/Object;Ljava/lang/Object;)Z (greylist, linking, allowed)
12-07 06:59:59.702 22064 22191 W teco.fmhandroi: Accessing hidden method Lsun/misc/Unsafe;->compareAndSwapObject(Ljava/lang/Object;JLjava/lang/Object;Ljava/lang/Object;)Z (greylist, linking, allowed)
12-07 06:59:59.707 22064 22064 I ViewInteraction: Performing 'single click' action on view view.getId() is <2131231025/ru.iteco.fmhandroid:id/edit_news_material_button>
12-07 06:59:59.727 22064 22077 I teco.fmhandroi: Background concurrent copying GC freed 27089(1362KB) AllocSpace objects, 0(0B) LOS objects, 36% free, 10MB/16MB, paused 1.298ms total 204.990ms
12-07 06:59:59.807 22064 22201 I okhttp.OkHttpClient: --> GET http://www.981757-ca08998.tmweb.ru:8080/fmh/news
12-07 06:59:59.807 22064 22201 I okhttp.OkHttpClient: --> END GET
12-07 07:00:00.009  2018  2018 D ConditionProviders.SCP: onReceive ScheduleConditionProvider.EVALUATE
12-07 07:00:00.017  2018  2018 D ConditionProviders.SCP: evaluateSubscriptionLocked cal=ScheduleCalendar[mDays={1, 2, 3, 4, 5, 6, 7}, mSchedule=ScheduleInfo{days=[1, 2, 3, 4, 5, 6, 7], startHour=22, startMinute=0, endHour=7, endMinute=0, exitAtAlarm=true, nextAlarm=Thu Jan 01 00:00:00 GMT 1970 (0)}], now=Wed Dec 07 07:00:00 GMT 2022 (1670396400009), nextUserAlarmTime=Thu Jan 01 00:00:00 GMT 1970 (0)
12-07 07:00:00.017  2018  2018 D ConditionProviders.SCP: notifyCondition condition://android/schedule?days=1.2.3.4.5.6.7&start=22.0&end=7.0&exitAtAlarm=true STATE_FALSE reason=!meetsSchedule
12-07 07:00:00.023  2018  2018 D ConditionProviders.SCP: Scheduling evaluate for Wed Dec 07 22:00:00 GMT 2022 (1670450400000), in +14h59m59s991ms, now=Wed Dec 07 07:00:00 GMT 2022 (1670396400009)
12-07 07:00:00.070  1788  1961 D AF::TrackHandle: OpPlayAudio: track:55 usage:13 not muted
12-07 07:00:00.071  2018  2018 V SettingsProvider: Notifying for 0: content://settings/global/zen_mode_config_etag
12-07 07:00:00.072  1788  1961 I chatty  : uid=1041(audioserver) Binder:1788_1 identical 1 line
12-07 07:00:00.074  1788  1961 D AF::TrackHandle: OpPlayAudio: track:55 usage:13 not muted
12-07 07:00:00.081  1788  3100 D AF::TrackHandle: OpPlayAudio: track:56 usage:13 not muted
12-07 07:00:00.081  1788  1961 D AF::TrackHandle: OpPlayAudio: track:55 usage:13 not muted
12-07 07:00:00.083  1788  3100 D AF::TrackHandle: OpPlayAudio: track:56 usage:13 not muted
12-07 07:00:00.087  1788  1962 D AF::TrackHandle: OpPlayAudio: track:55 usage:13 not muted
12-07 07:00:00.090  1788  3100 D AF::TrackHandle: OpPlayAudio: track:56 usage:13 not muted
12-07 07:00:00.110  1788  3100 I chatty  : uid=1041(audioserver) Binder:1788_5 identical 1 line
12-07 07:00:00.113  1788  3100 D AF::TrackHandle: OpPlayAudio: track:56 usage:13 not muted
12-07 07:00:00.113  1788  2218 D AF::TrackHandle: OpPlayAudio: track:55 usage:13 not muted
12-07 07:00:00.117  1788  3100 D AF::TrackHandle: OpPlayAudio: track:56 usage:13 not muted
12-07 07:00:00.120  1788  3100 D AF::TrackHandle: OpPlayAudio: track:56 usage:13 not muted
12-07 07:00:00.121  1788  2218 D AF::TrackHandle: OpPlayAudio: track:55 usage:13 not muted
12-07 07:00:00.126  1788  3100 D AF::TrackHandle: OpPlayAudio: track:56 usage:13 not muted
12-07 07:00:00.129  1788  2104 D AF::TrackHandle: OpPlayAudio: track:56 usage:13 not muted
12-07 07:00:00.131  1788  2218 D AF::TrackHandle: OpPlayAudio: track:55 usage:13 not muted
12-07 07:00:00.137  1788  2104 D AF::TrackHandle: OpPlayAudio: track:56 usage:13 not muted
12-07 07:00:00.143  1788  2218 D AF::TrackHandle: OpPlayAudio: track:55 usage:13 not muted
12-07 07:00:00.143  1788  2104 D AF::TrackHandle: OpPlayAudio: track:56 usage:13 not muted
12-07 07:00:00.149  1788  2104 D AF::TrackHandle: OpPlayAudio: track:56 usage:13 not muted
12-07 07:00:00.151  1788  2218 D AF::TrackHandle: OpPlayAudio: track:55 usage:13 not muted
12-07 07:00:00.153  1788  2104 D AF::TrackHandle: OpPlayAudio: track:56 usage:13 not muted
12-07 07:00:00.152  2170  2170 D KeyguardClockSwitch: Updating clock: 700
12-07 07:00:00.156  1788  2104 D AF::TrackHandle: OpPlayAudio: track:56 usage:13 not muted
12-07 07:00:00.160  1788  2218 D AF::TrackHandle: OpPlayAudio: track:55 usage:13 not muted
12-07 07:00:00.161  1788  2104 D AF::TrackHandle: OpPlayAudio: track:56 usage:13 not muted
12-07 07:00:00.166  1788  2104 D AF::TrackHandle: OpPlayAudio: track:56 usage:13 not muted
12-07 07:00:00.168  1788  2218 D AF::TrackHandle: OpPlayAudio: track:55 usage:13 not muted
12-07 07:00:00.185  1788  2218 I chatty  : uid=1041(audioserver) Binder:1788_4 identical 3 lines
12-07 07:00:00.193  1788  2218 D AF::TrackHandle: OpPlayAudio: track:55 usage:13 not muted
12-07 07:00:00.459 22064 22108 W teco.fmhandroi: Accessing hidden method Lsun/misc/Unsafe;->compareAndSwapObject(Ljava/lang/Object;JLjava/lang/Object;Ljava/lang/Object;)Z (greylist, linking, allowed)
12-07 07:00:00.462 22064 22064 I ViewInteraction: Performing 'wait for a specific view with <view.getId() is <2131230850>> during 10000 millis.' action on view view.getRootView() to equal view
12-07 07:00:00.464 22064 22108 W teco.fmhandroi: Accessing hidden method Lsun/misc/Unsafe;->compareAndSwapObject(Ljava/lang/Object;JLjava/lang/Object;Ljava/lang/Object;)Z (greylist, linking, allowed)
12-07 07:00:00.468 22064 22064 I ViewInteraction: Performing 'single click' action on view view.getId() is <2131230850/ru.iteco.fmhandroid:id/add_news_image_view>
12-07 07:00:01.161 22064 22108 W teco.fmhandroi: Accessing hidden method Lsun/misc/Unsafe;->compareAndSwapObject(Ljava/lang/Object;JLjava/lang/Object;Ljava/lang/Object;)Z (greylist, linking, allowed)
12-07 07:00:01.168 22064 22064 I ViewInteraction: Performing 'wait for a specific view with <view.getId() is <2131231204>> during 10000 millis.' action on view view.getRootView() to equal view
12-07 07:00:01.171 22064 22108 W teco.fmhandroi: Accessing hidden method Lsun/misc/Unsafe;->compareAndSwapObject(Ljava/lang/Object;JLjava/lang/Object;Ljava/lang/Object;)Z (greylist, linking, allowed)
12-07 07:00:01.175 22064 22064 I ViewInteraction: Performing 'single click' action on view view.getId() is <2131231204/ru.iteco.fmhandroid:id/news_item_category_text_auto_complete_text_view>
12-07 07:00:01.421  1776  1825 D gralloc_ranchu: gralloc_alloc: Creating ashmem region of size 5308416
12-07 07:00:01.434  1776  1825 I chatty  : uid=1000(system) HwBinder:1776_1 identical 1 line
12-07 07:00:01.438  1776  1825 D gralloc_ranchu: gralloc_alloc: Creating ashmem region of size 5308416
12-07 07:00:01.449 22064 22199 I okhttp.OkHttpClient: <-- 200 http://www.981757-ca08998.tmweb.ru:8080/fmh/news (2424ms)
12-07 07:00:01.449 22064 22199 I okhttp.OkHttpClient: Vary: Origin
12-07 07:00:01.449 22064 22199 I okhttp.OkHttpClient: Vary: Access-Control-Request-Method
12-07 07:00:01.449 22064 22199 I okhttp.OkHttpClient: Vary: Access-Control-Request-Headers
12-07 07:00:01.449 22064 22199 I okhttp.OkHttpClient: X-Content-Type-Options: nosniff
12-07 07:00:01.449 22064 22199 I okhttp.OkHttpClient: X-XSS-Protection: 1; mode=block
12-07 07:00:01.449 22064 22199 I okhttp.OkHttpClient: Cache-Control: no-cache, no-store, max-age=0, must-revalidate
12-07 07:00:01.449 22064 22199 I okhttp.OkHttpClient: Pragma: no-cache
12-07 07:00:01.449 22064 22199 I okhttp.OkHttpClient: Expires: 0
12-07 07:00:01.449 22064 22199 I okhttp.OkHttpClient: X-Frame-Options: DENY
12-07 07:00:01.450 22064 22199 I okhttp.OkHttpClient: Content-Type: application/json
12-07 07:00:01.450 22064 22199 I okhttp.OkHttpClient: Transfer-Encoding: chunked
12-07 07:00:01.450 22064 22199 I okhttp.OkHttpClient: Date: Wed, 07 Dec 2022 07:00:02 GMT
12-07 07:00:01.450 22064 22199 I okhttp.OkHttpClient: Keep-Alive: timeout=60
12-07 07:00:01.450 22064 22199 I okhttp.OkHttpClient: Connection: keep-alive
12-07 07:00:01.465 22064 22155 D EGL_emulation: eglMakeCurrent: 0xe593dde0: ver 2 0 (tinfo 0xf0c9e670)
12-07 07:00:01.538 22064 22064 I AssistStructure: Flattened final assist data: 7432 bytes, containing 2 windows, 55 views
12-07 07:00:01.555  2018  2340 D AutofillSession: Starting partition or augmented request for view id 1073741826@1485835574: STARTED_SESSION
12-07 07:00:01.571  2018  2018 D AutofillSession: cancelCurrentRequest(): id = 151
12-07 07:00:01.578 22064 22155 D EGL_emulation: eglMakeCurrent: 0xe593dde0: ver 2 0 (tinfo 0xf0c9e670)
12-07 07:00:01.609 22064 22064 I AssistStructure: Flattened final assist data: 7432 bytes, containing 2 windows, 55 views
12-07 07:00:01.621  2537  2537 W GInputConnectionWrapper: IPC IC_GET_TEXT_BEFORE_CURSOR_AND_FIX_SELECTION_INDICES took 121 ms
12-07 07:00:01.640 22064 22197 I okhttp.OkHttpClient: <-- 200 http://www.981757-ca08998.tmweb.ru:8080/fmh/claims (3975ms)
12-07 07:00:01.640 22064 22197 I okhttp.OkHttpClient: Vary: Origin
12-07 07:00:01.640 22064 22197 I okhttp.OkHttpClient: Vary: Access-Control-Request-Method
12-07 07:00:01.641 22064 22197 I okhttp.OkHttpClient: Vary: Access-Control-Request-Headers
12-07 07:00:01.641 22064 22197 I okhttp.OkHttpClient: X-Content-Type-Options: nosniff
12-07 07:00:01.641 22064 22197 I okhttp.OkHttpClient: X-XSS-Protection: 1; mode=block
12-07 07:00:01.641 22064 22197 I okhttp.OkHttpClient: Cache-Control: no-cache, no-store, max-age=0, must-revalidate
12-07 07:00:01.641 22064 22197 I okhttp.OkHttpClient: Pragma: no-cache
12-07 07:00:01.641 22064 22197 I okhttp.OkHttpClient: Expires: 0
12-07 07:00:01.641 22064 22197 I okhttp.OkHttpClient: X-Frame-Options: DENY
12-07 07:00:01.642 22064 22197 I okhttp.OkHttpClient: Content-Type: application/json
12-07 07:00:01.642 22064 22197 I okhttp.OkHttpClient: Transfer-Encoding: chunked
12-07 07:00:01.642 22064 22197 I okhttp.OkHttpClient: Date: Wed, 07 Dec 2022 07:00:02 GMT
12-07 07:00:01.642 22064 22197 I okhttp.OkHttpClient: Keep-Alive: timeout=60
12-07 07:00:01.642 22064 22197 I okhttp.OkHttpClient: Connection: keep-alive
12-07 07:00:01.649 22064 22155 D EGL_emulation: eglMakeCurrent: 0xe593dde0: ver 2 0 (tinfo 0xf0c9e670)
12-07 07:00:01.659  2656  2656 W ktk     : Pending fill request while another request in the same session was triggered. [CONTEXT service_id=177 ]
12-07 07:00:01.667  2537  2537 I KeyboardViewUtil: systemKeyboardHeightRatio:1.000000; userKeyboardHeightRatio:1.000000.
12-07 07:00:01.686  2537  2537 I AndroidIME: LatinIme.onActivate() : EditorInfo = Package = ru.iteco.fmhandroid : Type = Text : Learning = Disable : Suggestion = Show : AutoCorrection = Disable : Microphone = Show : NoPersonalizedLearning = Disable
12-07 07:00:01.753 22064 22155 D EGL_emulation: eglMakeCurrent: 0xe593dde0: ver 2 0 (tinfo 0xf0c9e670)
12-07 07:00:01.844  2018  2051 D AutofillUI: destroySaveUiUiThread(): already destroyed
12-07 07:00:01.874 22064 22108 W teco.fmhandroi: Accessing hidden method Lsun/misc/Unsafe;->compareAndSwapObject(Ljava/lang/Object;JLjava/lang/Object;Ljava/lang/Object;)Z (greylist, linking, allowed)
12-07 07:00:01.878 22064 22064 I ViewInteraction: Performing 'close keyboard' action on view view.getRootView() to equal view
12-07 07:00:02.006  2537  2537 I Conv2QueryExtension: Current locale: en_US, config allows these locales: de,en,es,fr,it,ms,pt,ta
12-07 07:00:02.007  2537  2537 I Conv2QueryExtension: Conv2Query not enabled due to current app [ru.iteco.fmhandroid] not in whitelist
12-07 07:00:02.007  2537  2537 I Conv2QueryExtension: onActivate() : Disabled by unsupported host app
12-07 07:00:02.042 22064 22201 I okhttp.OkHttpClient: <-- 200 http://www.981757-ca08998.tmweb.ru:8080/fmh/news (2235ms)
12-07 07:00:02.042 22064 22201 I okhttp.OkHttpClient: Vary: Origin
12-07 07:00:02.043 22064 22201 I okhttp.OkHttpClient: Vary: Access-Control-Request-Method
12-07 07:00:02.043 22064 22201 I okhttp.OkHttpClient: Vary: Access-Control-Request-Headers
12-07 07:00:02.043 22064 22201 I okhttp.OkHttpClient: X-Content-Type-Options: nosniff
12-07 07:00:02.043 22064 22201 I okhttp.OkHttpClient: X-XSS-Protection: 1; mode=block
12-07 07:00:02.043 22064 22201 I okhttp.OkHttpClient: Cache-Control: no-cache, no-store, max-age=0, must-revalidate
12-07 07:00:02.043 22064 22201 I okhttp.OkHttpClient: Pragma: no-cache
12-07 07:00:02.043 22064 22201 I okhttp.OkHttpClient: Expires: 0
12-07 07:00:02.043 22064 22201 I okhttp.OkHttpClient: X-Frame-Options: DENY
12-07 07:00:02.043 22064 22201 I okhttp.OkHttpClient: Content-Type: application/json
12-07 07:00:02.043 22064 22201 I okhttp.OkHttpClient: Transfer-Encoding: chunked
12-07 07:00:02.043 22064 22201 I okhttp.OkHttpClient: Date: Wed, 07 Dec 2022 07:00:03 GMT
12-07 07:00:02.043 22064 22201 I okhttp.OkHttpClient: Keep-Alive: timeout=60
12-07 07:00:02.043 22064 22201 I okhttp.OkHttpClient: Connection: keep-alive
12-07 07:00:02.046  2170  2566 D EGL_emulation: eglMakeCurrent: 0xe594e040: ver 2 0 (tinfo 0xc52450c0)
12-07 07:00:02.063  2873  2889 I gle.android.gm: CollectorTransition concurrent copying GC freed 5702(468KB) AllocSpace objects, 0(0B) LOS objects, 45% free, 7252KB/13MB, paused 2.329ms total 684.238ms
12-07 07:00:02.343  2018  3061 W system_server: Long monitor contention with owner Binder:2018_5 (2340) at void com.android.server.inputmethod.InputMethodManagerService.setImeWindowStatus(android.os.IBinder, int, int)(InputMethodManagerService.java:2501) waiters=0 in java.util.List com.android.server.inputmethod.InputMethodManagerService.getInputMethodList(int) for 315ms
12-07 07:00:02.347  2537  2537 I Choreographer: Skipped 54 frames!  The application may be doing too much work on its main thread.
12-07 07:00:02.414  1776  1825 D gralloc_ranchu: gralloc_alloc: Creating ashmem region of size 9826304
12-07 07:00:02.430  1776  1825 I chatty  : uid=1000(system) HwBinder:1776_1 identical 1 line
12-07 07:00:02.435  1776  1825 D gralloc_ranchu: gralloc_alloc: Creating ashmem region of size 9826304
12-07 07:00:02.456  2018  2058 E memtrack: Couldn't load memtrack module
12-07 07:00:02.457  2018  2058 W android.os.Debug: failed to get memory consumption info: -1
12-07 07:00:02.543  2537  8546 D EGL_emulation: eglMakeCurrent: 0xc286ce00: ver 2 0 (tinfo 0xc335ede0)
12-07 07:00:02.563  1776  1825 D gralloc_ranchu: gralloc_alloc: Creating ashmem region of size 4198400
12-07 07:00:02.577 22064 22155 D EGL_emulation: eglMakeCurrent: 0xe593dde0: ver 2 0 (tinfo 0xf0c9e670)
12-07 07:00:02.602  1776  1825 D gralloc_ranchu: gralloc_alloc: Creating ashmem region of size 4198400
12-07 07:00:02.664 22064 22155 D EGL_emulation: eglMakeCurrent: 0xe593dde0: ver 2 0 (tinfo 0xf0c9e670)
12-07 07:00:02.734 22064 22155 D EGL_emulation: eglMakeCurrent: 0xe593dde0: ver 2 0 (tinfo 0xf0c9e670)
12-07 07:00:02.777  1776  1825 D gralloc_ranchu: gralloc_alloc: Creating ashmem region of size 4198400
12-07 07:00:02.816 22064 22155 D EGL_emulation: eglMakeCurrent: 0xe593dde0: ver 2 0 (tinfo 0xf0c9e670)
12-07 07:00:02.826  2537  8546 I OpenGLRenderer: Davey! duration=1346ms; Flags=1, IntendedVsync=30466533625303, Vsync=30467433625267, OldestInputEvent=9223372036854775807, NewestInputEvent=0, HandleInputStart=30467441723840, AnimationStart=30467442586240, PerformTraversalsStart=30467442699440, DrawStart=30467542600240, SyncQueued=30467617508940, SyncStart=30467651322740, IssueDrawCommandsStart=30467655842240, SwapBuffers=30467871886240, FrameCompleted=30467914362740, DequeueBufferDuration=539000, QueueBufferDuration=823000, 
12-07 07:00:02.855  2537  2537 I PhenotypeExpConfig: refreshConfiguration() : Force = false : UpdateAvailable = false : Age = 110 minutes : MaxAge = 720 minutes
12-07 07:00:02.883  2537  2537 I AndroidIME: LatinIme.onDeactivate()
12-07 07:00:02.924  2537  8546 D EGL_emulation: eglMakeCurrent: 0xc286ce00: ver 2 0 (tinfo 0xc335ede0)
12-07 07:00:03.047  1776  1825 D gralloc_ranchu: gralloc_alloc: Creating ashmem region of size 5308416
12-07 07:00:03.062 22064 22155 D EGL_emulation: eglMakeCurrent: 0xe593dde0: ver 2 0 (tinfo 0xf0c9e670)
12-07 07:00:03.093  1776  1825 D gralloc_ranchu: gralloc_alloc: Creating ashmem region of size 5308416
12-07 07:00:03.098 22064 22155 D EGL_emulation: eglMakeCurrent: 0xe593dde0: ver 2 0 (tinfo 0xf0c9e670)
12-07 07:00:03.118 22064 22155 D EGL_emulation: eglMakeCurrent: 0xe593dde0: ver 2 0 (tinfo 0xf0c9e670)
12-07 07:00:03.131  1776  1825 D gralloc_ranchu: gralloc_alloc: Creating ashmem region of size 5308416
12-07 07:00:03.195 22064 22064 I ViewInteraction: Performing 'single click' action on view an instance of android.widget.TextView and view.getText() with or without transformation to match: is "Зарплата"
12-07 07:00:03.370 22064 22155 D EGL_emulation: eglMakeCurrent: 0xe593dde0: ver 2 0 (tinfo 0xf0c9e670)
12-07 07:00:03.395  2018  7051 E InputDispatcher: Window handle Window{3ce2c71 u0 PopupWindow:fffa54} has no registered input channel
12-07 07:00:03.401 22064 22155 D EGL_emulation: eglMakeCurrent: 0xe593dde0: ver 2 0 (tinfo 0xf0c9e670)
