12-12 07:11:51.201 11580 11624 W DefaultFailureHandler: 	at libcore.io.ForwardingOs.open(ForwardingOs.java:167)
12-12 07:11:51.201 11580 11624 W DefaultFailureHandler: 	at android.app.ActivityThread$AndroidOs.open(ActivityThread.java:7255)
12-12 07:11:51.201 11580 11624 W DefaultFailureHandler: 	at libcore.io.IoBridge.open(IoBridge.java:482)
12-12 07:11:51.201 11580 11624 W DefaultFailureHandler: 	... 50 more
12-12 07:11:51.206 11580 11624 W teco.fmhandroi: Accessing hidden method Lsun/misc/Unsafe;->compareAndSwapObject(Ljava/lang/Object;JLjava/lang/Object;Ljava/lang/Object;)Z (greylist, linking, allowed)
12-12 07:11:51.211 11580 11580 I ViewInteraction: Performing 'wait for a specific view with <view.getId() is <2131230870>> during 10000 millis.' action on view view.getRootView() to equal view
12-12 07:11:51.215 11580 11697 W teco.fmhandroi: Accessing hidden method Lsun/misc/Unsafe;->compareAndSwapObject(Ljava/lang/Object;JLjava/lang/Object;Ljava/lang/Object;)Z (greylist, linking, allowed)
12-12 07:11:51.215 11580 11697 W teco.fmhandroi: Accessing hidden method Lsun/misc/Unsafe;->getObject(Ljava/lang/Object;J)Ljava/lang/Object; (greylist, linking, allowed)
12-12 07:11:51.219 11580 11624 W teco.fmhandroi: Accessing hidden method Lsun/misc/Unsafe;->compareAndSwapObject(Ljava/lang/Object;JLjava/lang/Object;Ljava/lang/Object;)Z (greylist, linking, allowed)
12-12 07:11:51.219 11580 11697 W teco.fmhandroi: Accessing hidden method Lsun/misc/Unsafe;->compareAndSwapObject(Ljava/lang/Object;JLjava/lang/Object;Ljava/lang/Object;)Z (greylist, linking, allowed)
12-12 07:11:51.227 11580 11580 I ViewInteraction: Checking 'MatchesViewAssertion{viewMatcher=(view has effective visibility <VISIBLE> and view.getGlobalVisibleRect() to return non-empty rectangle)}' assertion on view view.getId() is <2131230870/ru.iteco.fmhandroid:id/authorization_image_button>
12-12 07:11:51.236 11580 11624 W teco.fmhandroi: Accessing hidden method Landroid/view/ViewConfiguration;->getDoubleTapMinTime()I (greylist, reflection, allowed)
12-12 07:11:51.241 11580 11624 W teco.fmhandroi: Accessing hidden method Lsun/misc/Unsafe;->compareAndSwapObject(Ljava/lang/Object;JLjava/lang/Object;Ljava/lang/Object;)Z (greylist, linking, allowed)
12-12 07:11:51.249 11580 11580 I ViewInteraction: Performing 'single click' action on view view.getId() is <2131230870/ru.iteco.fmhandroid:id/authorization_image_button>
12-12 07:11:51.289 11580 11593 I teco.fmhandroi: NativeAlloc concurrent copying GC freed 122071(5613KB) AllocSpace objects, 1(32KB) LOS objects, 49% free, 6216KB/12MB, paused 1.665ms total 100.882ms
12-12 07:11:51.318  1765  3741 W audio_hw_generic: Not supplying enough data to HAL, expected position 12165740 , only wrote 12165705
12-12 07:11:51.405  1776  1920 D gralloc_ranchu: gralloc_alloc: Creating ashmem region of size 884736
12-12 07:11:51.410  1776  1920 I chatty  : uid=1000(system) HwBinder:1776_2 identical 1 line
12-12 07:11:51.412  1776  1920 D gralloc_ranchu: gralloc_alloc: Creating ashmem region of size 884736
12-12 07:11:51.432 11580 11669 D EGL_emulation: eglMakeCurrent: 0xd471b380: ver 2 0 (tinfo 0xd470ffd0)
12-12 07:11:51.519 11580 11669 I chatty  : uid=10146(ru.iteco.fmhandroid) RenderThread identical 3 lines
12-12 07:11:51.539 11580 11669 D EGL_emulation: eglMakeCurrent: 0xd471b380: ver 2 0 (tinfo 0xd470ffd0)
12-12 07:11:51.758 11580 11624 W teco.fmhandroi: Accessing hidden method Lsun/misc/Unsafe;->compareAndSwapObject(Ljava/lang/Object;JLjava/lang/Object;Ljava/lang/Object;)Z (greylist, linking, allowed)
12-12 07:11:51.762 11580 11580 I ViewInteraction: Performing 'wait for a specific view with <an instance of android.widget.TextView and view.getText() with or without transformation to match: is "Log out"> during 10000 millis.' action on view view.getRootView() to equal view
12-12 07:11:51.766 11580 11580 I ViewInteraction: Checking 'MatchesViewAssertion{viewMatcher=(view has effective visibility <VISIBLE> and view.getGlobalVisibleRect() to return non-empty rectangle)}' assertion on view an instance of android.widget.TextView and view.getText() with or without transformation to match: is "Log out"
12-12 07:11:51.771 11580 11580 I ViewInteraction: Performing 'single click' action on view an instance of android.widget.TextView and view.getText() with or without transformation to match: is "Log out"
12-12 07:11:52.122 11580 11669 D EGL_emulation: eglMakeCurrent: 0xd471b380: ver 2 0 (tinfo 0xd470ffd0)
12-12 07:11:52.208 11580 11669 D EGL_emulation: eglMakeCurrent: 0xd471b380: ver 2 0 (tinfo 0xd470ffd0)
12-12 07:11:52.301 11580 11580 I ViewInteraction: Performing 'wait for a specific view with <(an instance of android.widget.TextView and view.getText() with or without transformation to match: is "Authorization" and view.getParent() view.getParent() view.getId() is <2131231186>)> during 10000 millis.' action on view view.getRootView() to equal view
12-12 07:11:52.303 11580 11624 W teco.fmhandroi: Accessing hidden method Lsun/misc/Unsafe;->compareAndSwapObject(Ljava/lang/Object;JLjava/lang/Object;Ljava/lang/Object;)Z (greylist, linking, allowed)
12-12 07:11:52.307 11580 11580 I ViewInteraction: Checking 'MatchesViewAssertion{viewMatcher=(view has effective visibility <VISIBLE> and view.getGlobalVisibleRect() to return non-empty rectangle)}' assertion on view (an instance of android.widget.TextView and view.getText() with or without transformation to match: is "Authorization" and view.getParent() view.getParent() view.getId() is <2131231186/ru.iteco.fmhandroid:id/nav_host_fragment>)
12-12 07:11:52.309 11580 11624 W teco.fmhandroi: Accessing hidden method Lsun/misc/Unsafe;->compareAndSwapObject(Ljava/lang/Object;JLjava/lang/Object;Ljava/lang/Object;)Z (greylist, linking, allowed)
12-12 07:11:52.313 11580 11580 I ViewInteraction: Performing 'wait for a specific view with <(an instance of android.widget.TextView and view.getHint() matching: is "Login" and view.getParent() view.getParent() view.getId() is <2131231121>)> during 10000 millis.' action on view view.getRootView() to equal view
12-12 07:11:52.316 11580 11624 W teco.fmhandroi: Accessing hidden method Lsun/misc/Unsafe;->compareAndSwapObject(Ljava/lang/Object;JLjava/lang/Object;Ljava/lang/Object;)Z (greylist, linking, allowed)
12-12 07:11:52.318 11580 11580 I ViewInteraction: Checking 'MatchesViewAssertion{viewMatcher=(view has effective visibility <VISIBLE> and view.getGlobalVisibleRect() to return non-empty rectangle)}' assertion on view (an instance of android.widget.TextView and view.getHint() matching: is "Login" and view.getParent() view.getParent() view.getId() is <2131231121/ru.iteco.fmhandroid:id/login_text_input_layout>)
12-12 07:11:52.319 11580 11624 W teco.fmhandroi: Accessing hidden method Lsun/misc/Unsafe;->compareAndSwapObject(Ljava/lang/Object;JLjava/lang/Object;Ljava/lang/Object;)Z (greylist, linking, allowed)
12-12 07:11:52.321 11580 11580 I ViewInteraction: Performing 'wait for a specific view with <(an instance of android.widget.TextView and view.getHint() matching: is "Password" and view.getParent() view.getParent() view.getId() is <2131231264>)> during 10000 millis.' action on view view.getRootView() to equal view
12-12 07:11:52.322 11580 11697 W teco.fmhandroi: Accessing hidden method Lsun/misc/Unsafe;->compareAndSwapObject(Ljava/lang/Object;JLjava/lang/Object;Ljava/lang/Object;)Z (greylist, linking, allowed)
12-12 07:11:52.323 11580 11624 W teco.fmhandroi: Accessing hidden method Lsun/misc/Unsafe;->compareAndSwapObject(Ljava/lang/Object;JLjava/lang/Object;Ljava/lang/Object;)Z (greylist, linking, allowed)
12-12 07:11:52.324 11580 11697 W teco.fmhandroi: Accessing hidden method Lsun/misc/Unsafe;->compareAndSwapObject(Ljava/lang/Object;JLjava/lang/Object;Ljava/lang/Object;)Z (greylist, linking, allowed)
12-12 07:11:52.328 11580 11580 I ViewInteraction: Checking 'MatchesViewAssertion{viewMatcher=(view has effective visibility <VISIBLE> and view.getGlobalVisibleRect() to return non-empty rectangle)}' assertion on view (an instance of android.widget.TextView and view.getHint() matching: is "Password" and view.getParent() view.getParent() view.getId() is <2131231264/ru.iteco.fmhandroid:id/password_text_input_layout>)
12-12 07:11:52.329 11580 11624 W teco.fmhandroi: Accessing hidden method Lsun/misc/Unsafe;->compareAndSwapObject(Ljava/lang/Object;JLjava/lang/Object;Ljava/lang/Object;)Z (greylist, linking, allowed)
12-12 07:11:52.334 11580 11580 I ViewInteraction: Performing 'wait for a specific view with <(view.getId() is <2131231039> and an instance of android.widget.TextView and view.getText() with or without transformation to match: is "SIGN IN" and view.getContentDescription() is "Save" and view.getParent() view.getParent() an instance of android.widget.RelativeLayout)> during 10000 millis.' action on view view.getRootView() to equal view
12-12 07:11:52.336 11580 11624 W teco.fmhandroi: Accessing hidden method Lsun/misc/Unsafe;->compareAndSwapObject(Ljava/lang/Object;JLjava/lang/Object;Ljava/lang/Object;)Z (greylist, linking, allowed)
12-12 07:11:52.341 11580 11580 I ViewInteraction: Checking 'MatchesViewAssertion{viewMatcher=(view has effective visibility <VISIBLE> and view.getGlobalVisibleRect() to return non-empty rectangle)}' assertion on view (view.getId() is <2131231039/ru.iteco.fmhandroid:id/enter_button> and an instance of android.widget.TextView and view.getText() with or without transformation to match: is "SIGN IN" and view.getContentDescription() is "Save" and view.getParent() view.getParent() an instance of android.widget.RelativeLayout)
12-12 07:11:52.342 11580 11624 W teco.fmhandroi: Accessing hidden method Lsun/misc/Unsafe;->compareAndSwapObject(Ljava/lang/Object;JLjava/lang/Object;Ljava/lang/Object;)Z (greylist, linking, allowed)
12-12 07:11:52.342 11580 11697 W teco.fmhandroi: Accessing hidden method Lsun/misc/Unsafe;->compareAndSwapObject(Ljava/lang/Object;JLjava/lang/Object;Ljava/lang/Object;)Z (greylist, linking, allowed)
12-12 07:11:52.346 11580 11580 I ViewInteraction: Performing 'wait for a specific view with <(an instance of android.widget.TextView and view.getText() with or without transformation to match: is "Authorization" and view.getParent() view.getParent() view.getId() is <2131231186>)> during 10000 millis.' action on view view.getRootView() to equal view
12-12 07:11:52.347 11580 11624 W teco.fmhandroi: Accessing hidden method Lsun/misc/Unsafe;->compareAndSwapObject(Ljava/lang/Object;JLjava/lang/Object;Ljava/lang/Object;)Z (greylist, linking, allowed)
12-12 07:11:52.351 11580 11580 I ViewInteraction: Checking 'MatchesViewAssertion{viewMatcher=(view has effective visibility <VISIBLE> and view.getGlobalVisibleRect() to return non-empty rectangle)}' assertion on view (an instance of android.widget.TextView and view.getText() with or without transformation to match: is "Authorization" and view.getParent() view.getParent() view.getId() is <2131231186/ru.iteco.fmhandroid:id/nav_host_fragment>)
12-12 07:11:52.352 11580 11624 W teco.fmhandroi: Accessing hidden method Lsun/misc/Unsafe;->compareAndSwapObject(Ljava/lang/Object;JLjava/lang/Object;Ljava/lang/Object;)Z (greylist, linking, allowed)
12-12 07:11:52.358 11580 11580 I ViewInteraction: Performing 'wait for a specific view with <(an instance of android.widget.TextView and view.getHint() matching: is "Login" and view.getParent() view.getParent() view.getId() is <2131231121/ru.iteco.fmhandroid:id/login_text_input_layout>)> during 10000 millis.' action on view view.getRootView() to equal view
12-12 07:11:52.359 11580 11624 W teco.fmhandroi: Accessing hidden method Lsun/misc/Unsafe;->compareAndSwapObject(Ljava/lang/Object;JLjava/lang/Object;Ljava/lang/Object;)Z (greylist, linking, allowed)
12-12 07:11:52.363 11580 11580 I ViewInteraction: Checking 'MatchesViewAssertion{viewMatcher=(view has effective visibility <VISIBLE> and view.getGlobalVisibleRect() to return non-empty rectangle)}' assertion on view (an instance of android.widget.TextView and view.getHint() matching: is "Login" and view.getParent() view.getParent() view.getId() is <2131231121/ru.iteco.fmhandroid:id/login_text_input_layout>)
12-12 07:11:52.365 11580 11624 W teco.fmhandroi: Accessing hidden method Lsun/misc/Unsafe;->compareAndSwapObject(Ljava/lang/Object;JLjava/lang/Object;Ljava/lang/Object;)Z (greylist, linking, allowed)
12-12 07:11:52.365 11580 11697 W teco.fmhandroi: Accessing hidden method Lsun/misc/Unsafe;->compareAndSwapObject(Ljava/lang/Object;JLjava/lang/Object;Ljava/lang/Object;)Z (greylist, linking, allowed)
12-12 07:11:52.372 11580 11580 I ViewInteraction: Performing 'wait for a specific view with <(an instance of android.widget.TextView and view.getHint() matching: is "Password" and view.getParent() view.getParent() view.getId() is <2131231264/ru.iteco.fmhandroid:id/password_text_input_layout>)> during 10000 millis.' action on view view.getRootView() to equal view
12-12 07:11:52.375 11580 11624 W teco.fmhandroi: Accessing hidden method Lsun/misc/Unsafe;->compareAndSwapObject(Ljava/lang/Object;JLjava/lang/Object;Ljava/lang/Object;)Z (greylist, linking, allowed)
12-12 07:11:52.375 11580 11697 W teco.fmhandroi: Accessing hidden method Lsun/misc/Unsafe;->compareAndSwapObject(Ljava/lang/Object;JLjava/lang/Object;Ljava/lang/Object;)Z (greylist, linking, allowed)
12-12 07:11:52.381 11580 11580 I ViewInteraction: Checking 'MatchesViewAssertion{viewMatcher=(view has effective visibility <VISIBLE> and view.getGlobalVisibleRect() to return non-empty rectangle)}' assertion on view (an instance of android.widget.TextView and view.getHint() matching: is "Password" and view.getParent() view.getParent() view.getId() is <2131231264/ru.iteco.fmhandroid:id/password_text_input_layout>)
12-12 07:11:52.382 11580 11624 W teco.fmhandroi: Accessing hidden method Lsun/misc/Unsafe;->compareAndSwapObject(Ljava/lang/Object;JLjava/lang/Object;Ljava/lang/Object;)Z (greylist, linking, allowed)
12-12 07:11:52.383 11580 11697 W teco.fmhandroi: Accessing hidden method Lsun/misc/Unsafe;->compareAndSwapObject(Ljava/lang/Object;JLjava/lang/Object;Ljava/lang/Object;)Z (greylist, linking, allowed)
12-12 07:11:52.387 11580 11580 I ViewInteraction: Performing 'wait for a specific view with <(view.getId() is <2131231039/ru.iteco.fmhandroid:id/enter_button> and an instance of android.widget.TextView and view.getText() with or without transformation to match: is "SIGN IN" and view.getContentDescription() is "Save" and view.getParent() view.getParent() an instance of android.widget.RelativeLayout)> during 10000 millis.' action on view view.getRootView() to equal view
12-12 07:11:52.390 11580 11624 W teco.fmhandroi: Accessing hidden method Lsun/misc/Unsafe;->compareAndSwapObject(Ljava/lang/Object;JLjava/lang/Object;Ljava/lang/Object;)Z (greylist, linking, allowed)
12-12 07:11:52.390 11580 11697 W teco.fmhandroi: Accessing hidden method Lsun/misc/Unsafe;->compareAndSwapObject(Ljava/lang/Object;JLjava/lang/Object;Ljava/lang/Object;)Z (greylist, linking, allowed)
12-12 07:11:52.393 11580 11580 I ViewInteraction: Checking 'MatchesViewAssertion{viewMatcher=(view has effective visibility <VISIBLE> and view.getGlobalVisibleRect() to return non-empty rectangle)}' assertion on view (view.getId() is <2131231039/ru.iteco.fmhandroid:id/enter_button> and an instance of android.widget.TextView and view.getText() with or without transformation to match: is "SIGN IN" and view.getContentDescription() is "Save" and view.getParent() view.getParent() an instance of android.widget.RelativeLayout)
12-12 07:11:52.397 11580 11624 W teco.fmhandroi: Accessing hidden method Lsun/misc/Unsafe;->compareAndSwapObject(Ljava/lang/Object;JLjava/lang/Object;Ljava/lang/Object;)Z (greylist, linking, allowed)
12-12 07:11:52.398 11580 11697 W teco.fmhandroi: Accessing hidden method Lsun/misc/Unsafe;->compareAndSwapObject(Ljava/lang/Object;JLjava/lang/Object;Ljava/lang/Object;)Z (greylist, linking, allowed)
12-12 07:11:52.403 11580 11580 I ViewInteraction: Performing 'wait for a specific view with <(an instance of android.widget.TextView and view.getHint() matching: is "Login" and view.getParent() view.getParent() view.getId() is <2131231121/ru.iteco.fmhandroid:id/login_text_input_layout>)> during 10000 millis.' action on view view.getRootView() to equal view
12-12 07:11:52.407 11580 11624 W teco.fmhandroi: Accessing hidden method Lsun/misc/Unsafe;->compareAndSwapObject(Ljava/lang/Object;JLjava/lang/Object;Ljava/lang/Object;)Z (greylist, linking, allowed)
12-12 07:11:52.411 11580 11580 I ViewInteraction: Performing 'replace text(login2)' action on view (an instance of android.widget.TextView and view.getHint() matching: is "Login" and view.getParent() view.getParent() view.getId() is <2131231121/ru.iteco.fmhandroid:id/login_text_input_layout>)
12-12 07:11:52.435 11580 11624 W teco.fmhandroi: Accessing hidden method Lsun/misc/Unsafe;->compareAndSwapObject(Ljava/lang/Object;JLjava/lang/Object;Ljava/lang/Object;)Z (greylist, linking, allowed)
12-12 07:11:52.460 11580 11580 I ViewInteraction: Performing 'wait for a specific view with <(an instance of android.widget.TextView and view.getHint() matching: is "Password" and view.getParent() view.getParent() view.getId() is <2131231264/ru.iteco.fmhandroid:id/password_text_input_layout>)> during 10000 millis.' action on view view.getRootView() to equal view
12-12 07:11:52.462 11580 11624 W teco.fmhandroi: Accessing hidden method Lsun/misc/Unsafe;->compareAndSwapObject(Ljava/lang/Object;JLjava/lang/Object;Ljava/lang/Object;)Z (greylist, linking, allowed)
12-12 07:11:52.470 11580 11580 I ViewInteraction: Performing 'replace text(password2)' action on view (an instance of android.widget.TextView and view.getHint() matching: is "Password" and view.getParent() view.getParent() view.getId() is <2131231264/ru.iteco.fmhandroid:id/password_text_input_layout>)
12-12 07:11:52.478 11580 11624 W teco.fmhandroi: Accessing hidden method Lsun/misc/Unsafe;->compareAndSwapObject(Ljava/lang/Object;JLjava/lang/Object;Ljava/lang/Object;)Z (greylist, linking, allowed)
12-12 07:11:52.499 11580 11580 I ViewInteraction: Performing 'wait for a specific view with <(view.getId() is <2131231039/ru.iteco.fmhandroid:id/enter_button> and an instance of android.widget.TextView and view.getText() with or without transformation to match: is "SIGN IN" and view.getContentDescription() is "Save" and view.getParent() view.getParent() an instance of android.widget.RelativeLayout)> during 10000 millis.' action on view view.getRootView() to equal view
12-12 07:11:52.504 11580 11624 W teco.fmhandroi: Accessing hidden method Lsun/misc/Unsafe;->compareAndSwapObject(Ljava/lang/Object;JLjava/lang/Object;Ljava/lang/Object;)Z (greylist, linking, allowed)
12-12 07:11:52.511 11580 11580 I ViewInteraction: Checking 'MatchesViewAssertion{viewMatcher=view.isClickable() is <true>}' assertion on view (view.getId() is <2131231039/ru.iteco.fmhandroid:id/enter_button> and an instance of android.widget.TextView and view.getText() with or without transformation to match: is "SIGN IN" and view.getContentDescription() is "Save" and view.getParent() view.getParent() an instance of android.widget.RelativeLayout)
12-12 07:11:52.513 11580 11624 W teco.fmhandroi: Accessing hidden method Lsun/misc/Unsafe;->compareAndSwapObject(Ljava/lang/Object;JLjava/lang/Object;Ljava/lang/Object;)Z (greylist, linking, allowed)
12-12 07:11:52.528 11580 11580 I ViewInteraction: Performing 'wait for a specific view with <(view.getId() is <2131231039/ru.iteco.fmhandroid:id/enter_button> and an instance of android.widget.TextView and view.getText() with or without transformation to match: is "SIGN IN" and view.getContentDescription() is "Save" and view.getParent() view.getParent() an instance of android.widget.RelativeLayout)> during 10000 millis.' action on view view.getRootView() to equal view
12-12 07:11:52.532 11580 11624 W teco.fmhandroi: Accessing hidden method Lsun/misc/Unsafe;->compareAndSwapObject(Ljava/lang/Object;JLjava/lang/Object;Ljava/lang/Object;)Z (greylist, linking, allowed)
12-12 07:11:52.539 11580 11580 I ViewInteraction: Checking 'MatchesViewAssertion{viewMatcher=view.isClickable() is <true>}' assertion on view (view.getId() is <2131231039/ru.iteco.fmhandroid:id/enter_button> and an instance of android.widget.TextView and view.getText() with or without transformation to match: is "SIGN IN" and view.getContentDescription() is "Save" and view.getParent() view.getParent() an instance of android.widget.RelativeLayout)
12-12 07:11:52.540 11580 11624 W teco.fmhandroi: Accessing hidden method Lsun/misc/Unsafe;->compareAndSwapObject(Ljava/lang/Object;JLjava/lang/Object;Ljava/lang/Object;)Z (greylist, linking, allowed)
12-12 07:11:52.542 11580 11580 I ViewInteraction: Performing 'wait for a specific view with <(view.getId() is <2131231039/ru.iteco.fmhandroid:id/enter_button> and an instance of android.widget.TextView and view.getText() with or without transformation to match: is "SIGN IN" and view.getContentDescription() is "Save" and view.getParent() view.getParent() an instance of android.widget.RelativeLayout)> during 10000 millis.' action on view view.getRootView() to equal view
12-12 07:11:52.544 11580 11624 W teco.fmhandroi: Accessing hidden method Lsun/misc/Unsafe;->compareAndSwapObject(Ljava/lang/Object;JLjava/lang/Object;Ljava/lang/Object;)Z (greylist, linking, allowed)
12-12 07:11:52.547 11580 11580 I ViewInteraction: Performing 'single click' action on view (view.getId() is <2131231039/ru.iteco.fmhandroid:id/enter_button> and an instance of android.widget.TextView and view.getText() with or without transformation to match: is "SIGN IN" and view.getContentDescription() is "Save" and view.getParent() view.getParent() an instance of android.widget.RelativeLayout)
12-12 07:11:52.617 11580 11701 I okhttp.OkHttpClient: --> POST http://www.981757-ca08998.tmweb.ru:8080/fmh/authentication/login
12-12 07:11:52.617 11580 11701 I okhttp.OkHttpClient: Content-Type: application/json; charset=UTF-8
12-12 07:11:52.617 11580 11701 I okhttp.OkHttpClient: Content-Length: 41
12-12 07:11:52.618 11580 11701 I okhttp.OkHttpClient: {"login":"login2","password":"password2"}
12-12 07:11:52.618 11580 11701 I okhttp.OkHttpClient: --> END POST (41-byte body)
12-12 07:11:52.625  1745 11702 E ResolverController: No valid NAT64 prefix (103, <unspecified>/0)
12-12 07:11:52.856 11580 11624 W teco.fmhandroi: Accessing hidden method Lsun/misc/Unsafe;->compareAndSwapObject(Ljava/lang/Object;JLjava/lang/Object;Ljava/lang/Object;)Z (greylist, linking, allowed)
12-12 07:11:52.859 11580 11580 I ViewInteraction: Performing 'wait for a specific view with <an instance of android.widget.TextView and view.getText() with or without transformation to match: is "News"> during 10000 millis.' action on view view.getRootView() to equal view
12-12 07:11:53.039 11580 11701 I okhttp.OkHttpClient: <-- 200 http://www.981757-ca08998.tmweb.ru:8080/fmh/authentication/login (421ms)
12-12 07:11:53.039 11580 11701 I okhttp.OkHttpClient: Vary: Origin
12-12 07:11:53.040 11580 11701 I okhttp.OkHttpClient: Vary: Access-Control-Request-Method
12-12 07:11:53.040 11580 11701 I okhttp.OkHttpClient: Vary: Access-Control-Request-Headers
12-12 07:11:53.040 11580 11701 I okhttp.OkHttpClient: X-Content-Type-Options: nosniff
12-12 07:11:53.040 11580 11701 I okhttp.OkHttpClient: X-XSS-Protection: 1; mode=block
12-12 07:11:53.040 11580 11701 I okhttp.OkHttpClient: Cache-Control: no-cache, no-store, max-age=0, must-revalidate
12-12 07:11:53.040 11580 11701 I okhttp.OkHttpClient: Pragma: no-cache
12-12 07:11:53.040 11580 11701 I okhttp.OkHttpClient: Expires: 0
12-12 07:11:53.040 11580 11701 I okhttp.OkHttpClient: X-Frame-Options: DENY
12-12 07:11:53.040 11580 11701 I okhttp.OkHttpClient: Content-Type: application/json
12-12 07:11:53.040 11580 11701 I okhttp.OkHttpClient: Transfer-Encoding: chunked
12-12 07:11:53.040 11580 11701 I okhttp.OkHttpClient: Date: Mon, 12 Dec 2022 12:11:54 GMT
12-12 07:11:53.040 11580 11701 I okhttp.OkHttpClient: Keep-Alive: timeout=60
12-12 07:11:53.040 11580 11701 I okhttp.OkHttpClient: Connection: keep-alive
12-12 07:11:53.041 11580 11701 I okhttp.OkHttpClient: {"accessToken":"eyJhbGciOiJIUzUxMiJ9.eyJzdWIiOiJsb2dpbjIiLCJqdGkiOiIxIiwiZXhwIjoxNjcwOTMzNTE0fQ.gll_tFZKpBei2Jy8oTEjdMdEeUMB5xdEFJVkrymZ7p7VHGEMSo1up-5pJV70VTKLH5XTE191jW7AdQkY-4WNoQ","refreshToken":"eyJhbGciOiJIUzUxMiJ9.eyJzdWIiOiJsb2dpbjIiLCJqdGkiOiIxIiwiZXhwIjoxNjczNDM5MTE0fQ.vcP3es6iZAyq_Ty0vbsVLKymvQg_JU7eFT5booLWm3cS8CqaIR5oLbJ9X40vASvDoVZ4K3mrx33l6mRetk0j-Q"}
12-12 07:11:53.041 11580 11701 I okhttp.OkHttpClient: <-- END HTTP (368-byte body)
12-12 07:11:53.048 11580 11681 I okhttp.OkHttpClient: --> GET http://www.981757-ca08998.tmweb.ru:8080/fmh/authentication/userInfo
12-12 07:11:53.048 11580 11681 I okhttp.OkHttpClient: --> END GET
12-12 07:11:53.262  2861 11703 E memtrack: Couldn't load memtrack module
12-12 07:11:53.262  2861 11703 W android.os.Debug: failed to get memory consumption info: -1
12-12 07:11:53.310 11580 11681 I okhttp.OkHttpClient: <-- 200 http://www.981757-ca08998.tmweb.ru:8080/fmh/authentication/userInfo (261ms)
12-12 07:11:53.310 11580 11681 I okhttp.OkHttpClient: Vary: Origin
12-12 07:11:53.311 11580 11681 I okhttp.OkHttpClient: Vary: Access-Control-Request-Method
12-12 07:11:53.311 11580 11681 I okhttp.OkHttpClient: Vary: Access-Control-Request-Headers
12-12 07:11:53.311 11580 11681 I okhttp.OkHttpClient: X-Content-Type-Options: nosniff
12-12 07:11:53.311 11580 11681 I okhttp.OkHttpClient: X-XSS-Protection: 1; mode=block
12-12 07:11:53.312 11580 11681 I okhttp.OkHttpClient: Cache-Control: no-cache, no-store, max-age=0, must-revalidate
12-12 07:11:53.312 11580 11681 I okhttp.OkHttpClient: Pragma: no-cache
12-12 07:11:53.312 11580 11681 I okhttp.OkHttpClient: Expires: 0
12-12 07:11:53.312 11580 11681 I okhttp.OkHttpClient: X-Frame-Options: DENY
12-12 07:11:53.314 11580 11681 I okhttp.OkHttpClient: Content-Type: application/json
12-12 07:11:53.314 11580 11681 I okhttp.OkHttpClient: Transfer-Encoding: chunked
12-12 07:11:53.315 11580 11681 I okhttp.OkHttpClient: Date: Mon, 12 Dec 2022 12:11:54 GMT
12-12 07:11:53.316 11580 11681 I okhttp.OkHttpClient: Keep-Alive: timeout=60
12-12 07:11:53.316 11580 11681 I okhttp.OkHttpClient: Connection: keep-alive
12-12 07:11:53.318 11580 11681 I okhttp.OkHttpClient: {"id":1,"firstName":"Ivan","lastName":"Ivanov","middleName":"Ivanovich","admin":true}
12-12 07:11:53.318 11580 11681 I okhttp.OkHttpClient: <-- END HTTP (85-byte body)
12-12 07:11:53.335 11580 11685 I okhttp.OkHttpClient: --> GET http://www.981757-ca08998.tmweb.ru:8080/fmh/claims
12-12 07:11:53.335 11580 11685 I okhttp.OkHttpClient: --> END GET
12-12 07:11:53.548 11580 11580 I ViewInteraction: Checking 'MatchesViewAssertion{viewMatcher=(view has effective visibility <VISIBLE> and view.getGlobalVisibleRect() to return non-empty rectangle)}' assertion on view an instance of android.widget.TextView and view.getText() with or without transformation to match: is "News"
12-12 07:11:53.550 11580 11697 W teco.fmhandroi: Accessing hidden method Lsun/misc/Unsafe;->compareAndSwapObject(Ljava/lang/Object;JLjava/lang/Object;Ljava/lang/Object;)Z (greylist, linking, allowed)
12-12 07:11:53.555 11580 11580 I ViewInteraction: Performing 'wait for a specific view with <view.getId() is <2131230951>> during 10000 millis.' action on view view.getRootView() to equal view
12-12 07:11:53.559 11580 11624 W teco.fmhandroi: Accessing hidden method Lsun/misc/Unsafe;->compareAndSwapObject(Ljava/lang/Object;JLjava/lang/Object;Ljava/lang/Object;)Z (greylist, linking, allowed)
12-12 07:11:53.563 11580 11580 I ViewInteraction: Checking 'MatchesViewAssertion{viewMatcher=(view has effective visibility <VISIBLE> and view.getGlobalVisibleRect() to return non-empty rectangle)}' assertion on view view.getId() is <2131230951/ru.iteco.fmhandroid:id/container_list_news_include_on_fragment_main>
12-12 07:11:53.565 11580 11624 W teco.fmhandroi: Accessing hidden method Lsun/misc/Unsafe;->compareAndSwapObject(Ljava/lang/Object;JLjava/lang/Object;Ljava/lang/Object;)Z (greylist, linking, allowed)
12-12 07:11:53.570 11580 11580 I ViewInteraction: Performing 'wait for a specific view with <view.getId() is <2131230949>> during 10000 millis.' action on view view.getRootView() to equal view
12-12 07:11:53.574 11580 11624 W teco.fmhandroi: Accessing hidden method Lsun/misc/Unsafe;->compareAndSwapObject(Ljava/lang/Object;JLjava/lang/Object;Ljava/lang/Object;)Z (greylist, linking, allowed)
12-12 07:11:53.578 11580 11580 I ViewInteraction: Checking 'MatchesViewAssertion{viewMatcher=(view has effective visibility <VISIBLE> and view.getGlobalVisibleRect() to return non-empty rectangle)}' assertion on view view.getId() is <2131230949/ru.iteco.fmhandroid:id/container_list_claim_include_on_fragment_main>
12-12 07:11:53.582 11580 11697 W teco.fmhandroi: Accessing hidden method Lsun/misc/Unsafe;->compareAndSwapObject(Ljava/lang/Object;JLjava/lang/Object;Ljava/lang/Object;)Z (greylist, linking, allowed)
12-12 07:11:53.582 11580 11624 W teco.fmhandroi: Accessing hidden method Lsun/misc/Unsafe;->compareAndSwapObject(Ljava/lang/Object;JLjava/lang/Object;Ljava/lang/Object;)Z (greylist, linking, allowed)
12-12 07:11:53.582 11580 11624 W teco.fmhandroi: Accessing hidden method Lsun/misc/Unsafe;->getObject(Ljava/lang/Object;J)Ljava/lang/Object; (greylist, linking, allowed)
12-12 07:11:53.585 11580 11580 I ViewInteraction: Performing 'wait for a specific view with <an instance of android.widget.TextView and view.getText() with or without transformation to match: is "Claims"> during 10000 millis.' action on view view.getRootView() to equal view
12-12 07:11:53.591 11580 11580 I ViewInteraction: Checking 'MatchesViewAssertion{viewMatcher=(view has effective visibility <VISIBLE> and view.getGlobalVisibleRect() to return non-empty rectangle)}' assertion on view an instance of android.widget.TextView and view.getText() with or without transformation to match: is "Claims"
12-12 07:11:53.599 11580 11580 I ViewInteraction: Performing 'wait for a specific view with <view.getId() is <2131231123>> during 10000 millis.' action on view view.getRootView() to equal view
12-12 07:11:53.600 11580 11624 W teco.fmhandroi: Accessing hidden method Lsun/misc/Unsafe;->compareAndSwapObject(Ljava/lang/Object;JLjava/lang/Object;Ljava/lang/Object;)Z (greylist, linking, allowed)
12-12 07:11:53.601 11580 11697 W teco.fmhandroi: Accessing hidden method Lsun/misc/Unsafe;->compareAndSwapObject(Ljava/lang/Object;JLjava/lang/Object;Ljava/lang/Object;)Z (greylist, linking, allowed)
12-12 07:11:53.604 11580 11580 I ViewInteraction: Performing 'single click' action on view view.getId() is <2131231123/ru.iteco.fmhandroid:id/main_menu_image_button>
12-12 07:11:53.618 11580 11685 I okhttp.OkHttpClient: <-- 200 http://www.981757-ca08998.tmweb.ru:8080/fmh/claims (282ms)
12-12 07:11:53.619 11580 11685 I okhttp.OkHttpClient: Vary: Origin
12-12 07:11:53.619 11580 11685 I okhttp.OkHttpClient: Vary: Access-Control-Request-Method
12-12 07:11:53.622 11580 11685 I okhttp.OkHttpClient: Vary: Access-Control-Request-Headers
12-12 07:11:53.622 11580 11685 I okhttp.OkHttpClient: X-Content-Type-Options: nosniff
12-12 07:11:53.623 11580 11685 I okhttp.OkHttpClient: X-XSS-Protection: 1; mode=block
12-12 07:11:53.623 11580 11685 I okhttp.OkHttpClient: Cache-Control: no-cache, no-store, max-age=0, must-revalidate
12-12 07:11:53.623 11580 11685 I okhttp.OkHttpClient: Pragma: no-cache
12-12 07:11:53.623 11580 11685 I okhttp.OkHttpClient: Expires: 0
12-12 07:11:53.623 11580 11685 I okhttp.OkHttpClient: X-Frame-Options: DENY
12-12 07:11:53.623 11580 11685 I okhttp.OkHttpClient: Content-Type: application/json
12-12 07:11:53.623 11580 11685 I okhttp.OkHttpClient: Transfer-Encoding: chunked
12-12 07:11:53.623 11580 11685 I okhttp.OkHttpClient: Date: Mon, 12 Dec 2022 12:11:54 GMT
12-12 07:11:53.623 11580 11685 I okhttp.OkHttpClient: Keep-Alive: timeout=60
12-12 07:11:53.623 11580 11685 I okhttp.OkHttpClient: Connection: keep-alive
12-12 07:11:53.746  1776  1920 D gralloc_ranchu: gralloc_alloc: Creating ashmem region of size 2015232
12-12 07:11:53.756  1776  1920 I chatty  : uid=1000(system) HwBinder:1776_2 identical 1 line
12-12 07:11:53.758  1776  1920 D gralloc_ranchu: gralloc_alloc: Creating ashmem region of size 2015232
12-12 07:11:53.810 11580 11669 D EGL_emulation: eglMakeCurrent: 0xd471b380: ver 2 0 (tinfo 0xd470ffd0)
12-12 07:11:53.823 11580 11685 I okhttp.OkHttpClient: [{"id":1,"title":"Claim 123","description":"123","creatorId":1,"executorId":1,"createDate":1670755198,"planExecuteDate":1670755140,"factExecuteDate":null,"status":"IN_PROGRESS","creatorName":"Ivanov Ivan Ivanovich","executorName":"Ivanov Ivan Ivanovich"},{"id":2,"title":"Заголовок 2c46380b-5d43-44f2-a02c-41b8c09710c2","description":"Описание 588c11cc-6a11-4eec-ae49-0f630caace41","creatorId":1,"executorId":null,"createDate":1670845808,"planExecuteDate":1670845740,"factExecuteDate":null,"status":"OPEN","creatorName":"Ivanov Ivan Ivanovich","executorName":null},{"id":3,"title":"Заголовок 0eb4b025-6e34-4957-a1e2-a64912e9444b","description":"Описание 8c51d595-ebb4-430e-9bca-70b11c41cac1","creatorId":1,"executorId":null,"createDate":1670845969,"planExecuteDate":1670845920,"factExecuteDate":null,"status":"OPEN","creatorName":"Ivanov Ivan Ivanovich","executorName":null},{"id":4,"title":"Заголовок 92efc5ce-93d1-4a0a-ad62-c3016d1e4395","description":"Описание a314ca90-1453-45ca-a603-7e092ce6027d","creatorId":1,"executorId":null,"createDate":1670846098,"planExecuteDate":1670846040,"factExecuteDate":null,"status":"OPEN","creatorName":"Ivanov Ivan Ivanovich","executorName":null},{"id":5,"title":"Заголовок 64e14b41-b72d-4258-b475-2658b3022782","description":"Описание c3cae0e2-3d5e-4476-bbed-88218d828e04","creatorId":1,"executorId":null,"createDate":1670846160,"planExecuteDate":1670846100,"factExecuteDate":null,"status":"OPEN","creatorName":"Ivanov Ivan Ivanovich","executorName":null}]
12-12 07:11:53.823 11580 11685 I okhttp.OkHttpClient: <-- END HTTP (1563-byte body)
12-12 07:11:53.837 11580 11669 D EGL_emulation: eglMakeCurrent: 0xd471b380: ver 2 0 (tinfo 0xd470ffd0)
12-12 07:11:53.862 11580 11669 D EGL_emulation: eglMakeCurrent: 0xd471b380: ver 2 0 (tinfo 0xd470ffd0)
12-12 07:11:53.931 11580 11593 I teco.fmhandroi: Background young concurrent copying GC freed 68722(3578KB) AllocSpace objects, 5(224KB) LOS objects, 28% free, 8789KB/12MB, paused 1.535ms total 145.976ms
12-12 07:11:54.363 11580 11669 D EGL_emulation: eglMakeCurrent: 0xd471b380: ver 2 0 (tinfo 0xd470ffd0)
12-12 07:11:54.426 11580 11669 I chatty  : uid=10146(ru.iteco.fmhandroid) RenderThread identical 2 lines
12-12 07:11:54.443 11580 11669 D EGL_emulation: eglMakeCurrent: 0xd471b380: ver 2 0 (tinfo 0xd470ffd0)
12-12 07:11:54.457 11580 11693 E SQLiteLog: (1) too many SQL variables
12-12 07:11:54.473 11580 11669 D EGL_emulation: eglMakeCurrent: 0xd471b380: ver 2 0 (tinfo 0xd470ffd0)
12-12 07:11:54.479 11580 11580 W System.err: ru.iteco.fmhandroid.exceptions.UnknownException
12-12 07:11:54.480 11580 11580 W System.err: 	at ru.iteco.fmhandroid.utils.Utils.makeRequest(Utils.kt:123)
12-12 07:11:54.481 11580 11580 W System.err: 	at ru.iteco.fmhandroid.utils.Utils$makeRequest$1.invokeSuspend(Unknown Source:15)
12-12 07:11:54.481 11580 11580 W System.err: 	at kotlin.coroutines.jvm.internal.BaseContinuationImpl.resumeWith(ContinuationImpl.kt:33)
12-12 07:11:54.481 11580 11580 W System.err: 	at kotlinx.coroutines.DispatchedTask.run(DispatchedTask.kt:104)
12-12 07:11:54.481 11580 11580 W System.err: 	at android.os.Handler.handleCallback(Handler.java:883)
12-12 07:11:54.481 11580 11580 W System.err: 	at android.os.Handler.dispatchMessage(Handler.java:100)
12-12 07:11:54.481 11580 11580 W System.err: 	at androidx.test.espresso.base.Interrogator.loopAndInterrogate(Interrogator.java:14)
12-12 07:11:54.481 11580 11580 W System.err: 	at androidx.test.espresso.base.UiControllerImpl.loopUntil(UiControllerImpl.java:8)
12-12 07:11:54.481 11580 11580 W System.err: 	at androidx.test.espresso.base.UiControllerImpl.loopUntil(UiControllerImpl.java:1)
12-12 07:11:54.481 11580 11580 W System.err: 	at androidx.test.espresso.base.UiControllerImpl.loopMainThreadForAtLeast(UiControllerImpl.java:7)
12-12 07:11:54.482 11580 11580 W System.err: 	at ru.iteco.fmhandroid.ui.data.ViewActions$1.perform(ViewActions.java:48)
12-12 07:11:54.482 11580 11580 W System.err: 	at androidx.test.espresso.ViewInteraction$SingleExecutionViewAction.perform(ViewInteraction.java:2)
12-12 07:11:54.482 11580 11580 W System.err: 	at androidx.test.espresso.ViewInteraction.doPerform(ViewInteraction.java:25)
12-12 07:11:54.482 11580 11580 W System.err: 	at androidx.test.espresso.ViewInteraction.-$$Nest$mdoPerform(Unknown Source:0)
12-12 07:11:54.482 11580 11580 W System.err: 	at androidx.test.espresso.ViewInteraction$1.call(ViewInteraction.java:7)
12-12 07:11:54.482 11580 11580 W System.err: 	at androidx.test.espresso.ViewInteraction$1.call(ViewInteraction.java:1)
12-12 07:11:54.482 11580 11580 W System.err: 	at java.util.concurrent.FutureTask.run(FutureTask.java:266)
12-12 07:11:54.482 11580 11580 W System.err: 	at android.os.Handler.handleCallback(Handler.java:883)
12-12 07:11:54.482 11580 11580 W System.err: 	at android.os.Handler.dispatchMessage(Handler.java:100)
12-12 07:11:54.482 11580 11580 W System.err: 	at android.os.Looper.loop(Looper.java:214)
12-12 07:11:54.482 11580 11580 W System.err: 	at android.app.ActivityThread.main(ActivityThread.java:7356)
12-12 07:11:54.483 11580 11580 W System.err: 	at java.lang.reflect.Method.invoke(Native Method)
12-12 07:11:54.483 11580 11580 W System.err: 	at com.android.internal.os.RuntimeInit$MethodAndArgsCaller.run(RuntimeInit.java:492)
12-12 07:11:54.483 11580 11580 W System.err: 	at com.android.internal.os.ZygoteInit.main(ZygoteInit.java:930)
12-12 07:11:54.531  1776  1920 D gralloc_ranchu: gralloc_alloc: Creating ashmem region of size 438272
12-12 07:11:54.538  1776  1920 I chatty  : uid=1000(system) HwBinder:1776_2 identical 1 line
12-12 07:11:54.539  1776  1920 D gralloc_ranchu: gralloc_alloc: Creating ashmem region of size 438272
12-12 07:11:54.541 11580 11669 D EGL_emulation: eglMakeCurrent: 0xd471b380: ver 2 0 (tinfo 0xd470ffd0)
12-12 07:11:54.778 11580 11624 W teco.fmhandroi: Accessing hidden method Lsun/misc/Unsafe;->compareAndSwapObject(Ljava/lang/Object;JLjava/lang/Object;Ljava/lang/Object;)Z (greylist, linking, allowed)
12-12 07:11:54.781 11580 11580 I ViewInteraction: Performing 'wait for a specific view with <an instance of android.widget.TextView and view.getText() with or without transformation to match: is "Claims"> during 10000 millis.' action on view view.getRootView() to equal view
12-12 07:11:54.785 11580 11580 I ViewInteraction: Performing 'single click' action on view an instance of android.widget.TextView and view.getText() with or without transformation to match: is "Claims"
12-12 07:11:54.850 11580 11669 D EGL_emulation: eglMakeCurrent: 0xd471b380: ver 2 0 (tinfo 0xd470ffd0)
12-12 07:11:54.940 11580 11685 I okhttp.OkHttpClient: --> GET http://www.981757-ca08998.tmweb.ru:8080/fmh/claims
12-12 07:11:54.940 11580 11685 I okhttp.OkHttpClient: --> END GET
12-12 07:11:55.036 11580 11669 D EGL_emulation: eglMakeCurrent: 0xd471b380: ver 2 0 (tinfo 0xd470ffd0)
12-12 07:11:55.063 11580 11669 D EGL_emulation: eglMakeCurrent: 0xd471b380: ver 2 0 (tinfo 0xd470ffd0)
12-12 07:11:55.154 11580 11685 I okhttp.OkHttpClient: <-- 200 http://www.981757-ca08998.tmweb.ru:8080/fmh/claims (213ms)
12-12 07:11:55.154 11580 11685 I okhttp.OkHttpClient: Vary: Origin
12-12 07:11:55.155 11580 11685 I okhttp.OkHttpClient: Vary: Access-Control-Request-Method
12-12 07:11:55.155 11580 11685 I okhttp.OkHttpClient: Vary: Access-Control-Request-Headers
12-12 07:11:55.155 11580 11685 I okhttp.OkHttpClient: X-Content-Type-Options: nosniff
12-12 07:11:55.155 11580 11685 I okhttp.OkHttpClient: X-XSS-Protection: 1; mode=block
12-12 07:11:55.155 11580 11685 I okhttp.OkHttpClient: Cache-Control: no-cache, no-store, max-age=0, must-revalidate
12-12 07:11:55.156 11580 11685 I okhttp.OkHttpClient: Pragma: no-cache
12-12 07:11:55.156 11580 11685 I okhttp.OkHttpClient: Expires: 0
12-12 07:11:55.159 11580 11685 I okhttp.OkHttpClient: X-Frame-Options: DENY
12-12 07:11:55.159 11580 11685 I okhttp.OkHttpClient: Content-Type: application/json
12-12 07:11:55.159 11580 11685 I okhttp.OkHttpClient: Transfer-Encoding: chunked
12-12 07:11:55.159 11580 11685 I okhttp.OkHttpClient: Date: Mon, 12 Dec 2022 12:11:56 GMT
12-12 07:11:55.159 11580 11685 I okhttp.OkHttpClient: Keep-Alive: timeout=60
12-12 07:11:55.159 11580 11685 I okhttp.OkHttpClient: Connection: keep-alive
12-12 07:11:55.162 11580 11685 I okhttp.OkHttpClient: [{"id":1,"title":"Claim 123","description":"123","creatorId":1,"executorId":1,"createDate":1670755198,"planExecuteDate":1670755140,"factExecuteDate":null,"status":"IN_PROGRESS","creatorName":"Ivanov Ivan Ivanovich","executorName":"Ivanov Ivan Ivanovich"},{"id":2,"title":"Заголовок 2c46380b-5d43-44f2-a02c-41b8c09710c2","description":"Описание 588c11cc-6a11-4eec-ae49-0f630caace41","creatorId":1,"executorId":null,"createDate":1670845808,"planExecuteDate":1670845740,"factExecuteDate":null,"status":"OPEN","creatorName":"Ivanov Ivan Ivanovich","executorName":null},{"id":3,"title":"Заголовок 0eb4b025-6e34-4957-a1e2-a64912e9444b","description":"Описание 8c51d595-ebb4-430e-9bca-70b11c41cac1","creatorId":1,"executorId":null,"createDate":1670845969,"planExecuteDate":1670845920,"factExecuteDate":null,"status":"OPEN","creatorName":"Ivanov Ivan Ivanovich","executorName":null},{"id":4,"title":"Заголовок 92efc5ce-93d1-4a0a-ad62-c3016d1e4395","description":"Описание a314ca90-1453-45ca-a603-7e092ce6027d","creatorId":1,"executorId":null,"createDate":1670846098,"planExecuteDate":1670846040,"factExecuteDate":null,"status":"OPEN","creatorName":"Ivanov Ivan Ivanovich","executorName":null},{"id":5,"title":"Заголовок 64e14b41-b72d-4258-b475-2658b3022782","description":"Описание c3cae0e2-3d5e-4476-bbed-88218d828e04","creatorId":1,"executorId":null,"createDate":1670846160,"planExecuteDate":1670846100,"factExecuteDate":null,"status":"OPEN","creatorName":"Ivanov Ivan Ivanovich","executorName":null}]
12-12 07:11:55.163 11580 11685 I okhttp.OkHttpClient: <-- END HTTP (1563-byte body)
12-12 07:11:55.377 11580 11624 W teco.fmhandroi: Accessing hidden method Lsun/misc/Unsafe;->compareAndSwapObject(Ljava/lang/Object;JLjava/lang/Object;Ljava/lang/Object;)Z (greylist, linking, allowed)
12-12 07:11:55.379 11580 11580 I ViewInteraction: Performing 'wait for a specific view with <view.getId() is <2131230849>> during 10000 millis.' action on view view.getRootView() to equal view
12-12 07:11:55.387 11580 11624 W teco.fmhandroi: Accessing hidden method Lsun/misc/Unsafe;->compareAndSwapObject(Ljava/lang/Object;JLjava/lang/Object;Ljava/lang/Object;)Z (greylist, linking, allowed)
12-12 07:11:55.404 11580 11580 I ViewInteraction: Performing 'single click' action on view view.getId() is <2131230849/ru.iteco.fmhandroid:id/add_new_claim_material_button>
12-12 07:11:55.449 11580 11674 E SQLiteLog: (1) too many SQL variables
12-12 07:11:55.451 11580 11580 W System.err: ru.iteco.fmhandroid.exceptions.UnknownException
12-12 07:11:55.452 11580 11580 W System.err: 	at ru.iteco.fmhandroid.utils.Utils.makeRequest(Utils.kt:123)
12-12 07:11:55.452 11580 11580 W System.err: 	at ru.iteco.fmhandroid.utils.Utils$makeRequest$1.invokeSuspend(Unknown Source:15)
12-12 07:11:55.453 11580 11580 W System.err: 	at kotlin.coroutines.jvm.internal.BaseContinuationImpl.resumeWith(ContinuationImpl.kt:33)
12-12 07:11:55.453 11580 11580 W System.err: 	at kotlinx.coroutines.DispatchedTask.run(DispatchedTask.kt:104)
12-12 07:11:55.454 11580 11580 W System.err: 	at android.os.Handler.handleCallback(Handler.java:883)
12-12 07:11:55.454 11580 11580 W System.err: 	at android.os.Handler.dispatchMessage(Handler.java:100)
12-12 07:11:55.454 11580 11580 W System.err: 	at androidx.test.espresso.base.Interrogator.loopAndInterrogate(Interrogator.java:14)
12-12 07:11:55.454 11580 11580 W System.err: 	at androidx.test.espresso.base.UiControllerImpl.loopUntil(UiControllerImpl.java:8)
12-12 07:11:55.454 11580 11580 W System.err: 	at androidx.test.espresso.base.UiControllerImpl.loopUntil(UiControllerImpl.java:1)
12-12 07:11:55.454 11580 11580 W System.err: 	at androidx.test.espresso.base.UiControllerImpl.loopMainThreadForAtLeast(UiControllerImpl.java:7)
12-12 07:11:55.454 11580 11580 W System.err: 	at ru.iteco.fmhandroid.ui.data.ViewActions$1.perform(ViewActions.java:48)
12-12 07:11:55.454 11580 11580 W System.err: 	at androidx.test.espresso.ViewInteraction$SingleExecutionViewAction.perform(ViewInteraction.java:2)
12-12 07:11:55.456 11580 11580 W System.err: 	at androidx.test.espresso.ViewInteraction.doPerform(ViewInteraction.java:25)
12-12 07:11:55.456 11580 11580 W System.err: 	at androidx.test.espresso.ViewInteraction.-$$Nest$mdoPerform(Unknown Source:0)
12-12 07:11:55.456 11580 11580 W System.err: 	at androidx.test.espresso.ViewInteraction$1.call(ViewInteraction.java:7)
12-12 07:11:55.456 11580 11580 W System.err: 	at androidx.test.espresso.ViewInteraction$1.call(ViewInteraction.java:1)
12-12 07:11:55.457 11580 11580 W System.err: 	at java.util.concurrent.FutureTask.run(FutureTask.java:266)
12-12 07:11:55.457 11580 11580 W System.err: 	at android.os.Handler.handleCallback(Handler.java:883)
12-12 07:11:55.458 11580 11580 W System.err: 	at android.os.Handler.dispatchMessage(Handler.java:100)
12-12 07:11:55.458 11580 11580 W System.err: 	at android.os.Looper.loop(Looper.java:214)
12-12 07:11:55.458 11580 11580 W System.err: 	at android.app.ActivityThread.main(ActivityThread.java:7356)
12-12 07:11:55.458 11580 11580 W System.err: 	at java.lang.reflect.Method.invoke(Native Method)
12-12 07:11:55.458 11580 11580 W System.err: 	at com.android.internal.os.RuntimeInit$MethodAndArgsCaller.run(RuntimeInit.java:492)
12-12 07:11:55.458 11580 11580 W System.err: 	at com.android.internal.os.ZygoteInit.main(ZygoteInit.java:930)
12-12 07:11:55.504 11580 11681 I okhttp.OkHttpClient: --> GET http://www.981757-ca08998.tmweb.ru:8080/fmh/users
12-12 07:11:55.504 11580 11681 I okhttp.OkHttpClient: --> END GET
12-12 07:11:55.673 11580 11681 I okhttp.OkHttpClient: <-- 200 http://www.981757-ca08998.tmweb.ru:8080/fmh/users (169ms)
12-12 07:11:55.674 11580 11681 I okhttp.OkHttpClient: Vary: Origin
12-12 07:11:55.674 11580 11681 I okhttp.OkHttpClient: Vary: Access-Control-Request-Method
12-12 07:11:55.674 11580 11681 I okhttp.OkHttpClient: Vary: Access-Control-Request-Headers
12-12 07:11:55.674 11580 11681 I okhttp.OkHttpClient: X-Content-Type-Options: nosniff
12-12 07:11:55.674 11580 11681 I okhttp.OkHttpClient: X-XSS-Protection: 1; mode=block
12-12 07:11:55.675 11580 11681 I okhttp.OkHttpClient: Cache-Control: no-cache, no-store, max-age=0, must-revalidate
12-12 07:11:55.676 11580 11681 I okhttp.OkHttpClient: Pragma: no-cache
12-12 07:11:55.677 11580 11681 I okhttp.OkHttpClient: Expires: 0
12-12 07:11:55.677 11580 11681 I okhttp.OkHttpClient: X-Frame-Options: DENY
12-12 07:11:55.677 11580 11681 I okhttp.OkHttpClient: Content-Type: application/json
12-12 07:11:55.677 11580 11681 I okhttp.OkHttpClient: Transfer-Encoding: chunked
12-12 07:11:55.678 11580 11681 I okhttp.OkHttpClient: Date: Mon, 12 Dec 2022 12:11:56 GMT
12-12 07:11:55.678 11580 11681 I okhttp.OkHttpClient: Keep-Alive: timeout=60
12-12 07:11:55.679 11580 11681 I okhttp.OkHttpClient: Connection: keep-alive
12-12 07:11:55.681 11580 11681 I okhttp.OkHttpClient: [{"id":1,"firstName":"Ivan","lastName":"Ivanov","middleName":"Ivanovich","admin":true}]
12-12 07:11:55.681 11580 11681 I okhttp.OkHttpClient: <-- END HTTP (87-byte body)
12-12 07:11:56.096 11580 11624 W teco.fmhandroi: Accessing hidden method Lsun/misc/Unsafe;->compareAndSwapObject(Ljava/lang/Object;JLjava/lang/Object;Ljava/lang/Object;)Z (greylist, linking, allowed)
12-12 07:11:56.096 11580 11697 W teco.fmhandroi: Accessing hidden method Lsun/misc/Unsafe;->compareAndSwapObject(Ljava/lang/Object;JLjava/lang/Object;Ljava/lang/Object;)Z (greylist, linking, allowed)
12-12 07:11:56.104 11580 11580 I ViewInteraction: Performing 'wait for a specific view with <view.getId() is <2131231041>> during 10000 millis.' action on view view.getRootView() to equal view
12-12 07:11:56.106 11580 11624 W teco.fmhandroi: Accessing hidden method Lsun/misc/Unsafe;->compareAndSwapObject(Ljava/lang/Object;JLjava/lang/Object;Ljava/lang/Object;)Z (greylist, linking, allowed)
12-12 07:11:56.110 11580 11580 I ViewInteraction: Performing 'single click' action on view view.getId() is <2131231041/ru.iteco.fmhandroid:id/executor_drop_menu_auto_complete_text_view>
12-12 07:11:56.273  1776  1920 D gralloc_ranchu: gralloc_alloc: Creating ashmem region of size 1134592
12-12 07:11:56.282  1776  1920 I chatty  : uid=1000(system) HwBinder:1776_2 identical 1 line
12-12 07:11:56.284  1776  1920 D gralloc_ranchu: gralloc_alloc: Creating ashmem region of size 1134592
12-12 07:11:56.287 11580 11669 D EGL_emulation: eglMakeCurrent: 0xd471b380: ver 2 0 (tinfo 0xd470ffd0)
12-12 07:11:56.330 11580 11580 I AssistStructure: Flattened final assist data: 6348 bytes, containing 2 windows, 48 views
12-12 07:11:56.345  2009  3056 D AutofillSession: Starting partition or augmented request for view id 1073741827@1904423337: STARTED_SESSION
12-12 07:11:56.348  2511  2511 W GInputConnectionWrapper: IPC IC_GET_TEXT_BEFORE_CURSOR_AND_FIX_SELECTION_INDICES took 127 ms
12-12 07:11:56.367 11580 11669 D EGL_emulation: eglMakeCurrent: 0xd471b380: ver 2 0 (tinfo 0xd470ffd0)
12-12 07:11:56.391  8263  8263 W ktk     : Pending fill request while another request in the same session was triggered. [CONTEXT service_id=177 ]
12-12 07:11:56.394 11580 11580 I AssistStructure: Flattened final assist data: 6348 bytes, containing 2 windows, 48 views
