12-12 07:11:56.427 11580 11669 D EGL_emulation: eglMakeCurrent: 0xd471b380: ver 2 0 (tinfo 0xd470ffd0)
12-12 07:11:56.439  2511  2511 I KeyboardViewUtil: systemKeyboardHeightRatio:1.000000; userKeyboardHeightRatio:1.000000.
12-12 07:11:56.440  2511  2511 I AndroidIME: LatinIme.onActivate() : EditorInfo = Package = ru.iteco.fmhandroid : Type = Text : Learning = Disable : Suggestion = Show : AutoCorrection = Disable : Microphone = Show : NoPersonalizedLearning = Disable
12-12 07:11:56.459  2009  2040 D AutofillUI: destroySaveUiUiThread(): already destroyed
12-12 07:11:56.465  8263  8263 W ktk     : Pending fill request while another request in the same session was triggered. [CONTEXT service_id=177 ]
12-12 07:11:56.495  2511  2511 I Conv2QueryExtension: Current locale: en_US, config allows these locales: de,en,es,fr,it,ms,pt,ta
12-12 07:11:56.495  2511  2511 I Conv2QueryExtension: Conv2Query not enabled due to current app [ru.iteco.fmhandroid] not in whitelist
12-12 07:11:56.495  2511  2511 I Conv2QueryExtension: onActivate() : Disabled by unsupported host app
12-12 07:11:56.512  1776  1920 D gralloc_ranchu: gralloc_alloc: Creating ashmem region of size 9826304
12-12 07:11:56.520  2161  2570 D EGL_emulation: eglMakeCurrent: 0xe7a7fbe0: ver 2 0 (tinfo 0xd11aea40)
12-12 07:11:56.524  1776  1920 D gralloc_ranchu: gralloc_alloc: Creating ashmem region of size 9826304
12-12 07:11:56.526  1776  1920 D gralloc_ranchu: gralloc_alloc: Creating ashmem region of size 9826304
12-12 07:11:56.547  2511  5395 D EGL_emulation: eglMakeCurrent: 0xd471ba40: ver 2 0 (tinfo 0xb9ce07a0)
12-12 07:11:56.643 11580 11669 D EGL_emulation: eglMakeCurrent: 0xd471b380: ver 2 0 (tinfo 0xd470ffd0)
12-12 07:11:56.759 11580 11624 W teco.fmhandroi: Accessing hidden method Lsun/misc/Unsafe;->compareAndSwapObject(Ljava/lang/Object;JLjava/lang/Object;Ljava/lang/Object;)Z (greylist, linking, allowed)
12-12 07:11:56.760 11580 11580 I ViewInteraction: Performing 'close keyboard' action on view view.getRootView() to equal view
12-12 07:11:56.769  2511  2511 I PhenotypeExpConfig: refreshConfiguration() : Force = false : UpdateAvailable = false : Age = 16 minutes : MaxAge = 720 minutes
12-12 07:11:56.774  2511  2511 I AndroidIME: LatinIme.onDeactivate()
12-12 07:11:56.802  2511  5395 D EGL_emulation: eglMakeCurrent: 0xd471ba40: ver 2 0 (tinfo 0xb9ce07a0)
12-12 07:11:57.101 11580 11580 D takeScreenshot: Found 3 global views to redraw
12-12 07:11:57.126 11580 11669 D EGL_emulation: eglMakeCurrent: 0xd471b380: ver 2 0 (tinfo 0xd470ffd0)
12-12 07:11:57.144 11580 11669 D EGL_emulation: eglMakeCurrent: 0xd471b380: ver 2 0 (tinfo 0xd470ffd0)
12-12 07:11:57.174  1776  1920 D gralloc_ranchu: gralloc_alloc: Creating ashmem region of size 10108928
12-12 07:11:57.248 11580 11624 W DefaultFailureHandler: Failed to take screenshot
12-12 07:11:57.248 11580 11624 W DefaultFailureHandler: java.io.FileNotFoundException: view-op-error-2.png: open failed: EROFS (Read-only file system)
12-12 07:11:57.248 11580 11624 W DefaultFailureHandler: 	at libcore.io.IoBridge.open(IoBridge.java:496)
12-12 07:11:57.248 11580 11624 W DefaultFailureHandler: 	at java.io.FileOutputStream.<init>(FileOutputStream.java:235)
12-12 07:11:57.248 11580 11624 W DefaultFailureHandler: 	at java.io.FileOutputStream.<init>(FileOutputStream.java:125)
12-12 07:11:57.248 11580 11624 W DefaultFailureHandler: 	at androidx.test.platform.io.FileTestStorage.openOutputFile(FileTestStorage.java:60)
12-12 07:11:57.248 11580 11624 W DefaultFailureHandler: 	at androidx.test.core.graphics.BitmapStorage.writeToTestStorage(BitmapStorageExt.kt:49)
12-12 07:11:57.248 11580 11624 W DefaultFailureHandler: 	at androidx.test.espresso.base.DefaultFailureHandler.takeScreenshot(DefaultFailureHandler.java:4)
12-12 07:11:57.248 11580 11624 W DefaultFailureHandler: 	at androidx.test.espresso.base.DefaultFailureHandler.handle(DefaultFailureHandler.java:3)
12-12 07:11:57.248 11580 11624 W DefaultFailureHandler: 	at androidx.test.espresso.ViewInteraction.waitForAndHandleInteractionResults(ViewInteraction.java:8)
12-12 07:11:57.248 11580 11624 W DefaultFailureHandler: 	at androidx.test.espresso.ViewInteraction.desugaredPerform(ViewInteraction.java:11)
12-12 07:11:57.248 11580 11624 W DefaultFailureHandler: 	at androidx.test.espresso.ViewInteraction.perform(ViewInteraction.java:8)
12-12 07:11:57.248 11580 11624 W DefaultFailureHandler: 	at ru.iteco.fmhandroid.ui.steps.CreatingClaimsSteps.selectAClaimExecutorFromTheList(CreatingClaimsSteps.java:45)
12-12 07:11:57.248 11580 11624 W DefaultFailureHandler: 	at ru.iteco.fmhandroid.ui.steps.CreatingClaimsSteps.createClaim(CreatingClaimsSteps.java:103)
12-12 07:11:57.248 11580 11624 W DefaultFailureHandler: 	at ru.iteco.fmhandroid.ui.ClaimsPageTest.shouldFindOnTheScreenJustClosedClaim(ClaimsPageTest.java:179)
12-12 07:11:57.248 11580 11624 W DefaultFailureHandler: 	at java.lang.reflect.Method.invoke(Native Method)
12-12 07:11:57.248 11580 11624 W DefaultFailureHandler: 	at org.junit.runners.model.FrameworkMethod$1.runReflectiveCall(FrameworkMethod.java:59)
12-12 07:11:57.248 11580 11624 W DefaultFailureHandler: 	at org.junit.internal.runners.model.ReflectiveCallable.run(ReflectiveCallable.java:12)
12-12 07:11:57.248 11580 11624 W DefaultFailureHandler: 	at org.junit.runners.model.FrameworkMethod.invokeExplosively(FrameworkMethod.java:56)
12-12 07:11:57.248 11580 11624 W DefaultFailureHandler: 	at org.junit.internal.runners.statements.InvokeMethod.evaluate(InvokeMethod.java:17)
12-12 07:11:57.248 11580 11624 W DefaultFailureHandler: 	at androidx.test.internal.runner.junit4.statement.RunBefores.evaluate(RunBefores.java:80)
12-12 07:11:57.248 11580 11624 W DefaultFailureHandler: 	at io.qameta.allure.android.rules.ScreenshotRule$apply$1.evaluate(ScreenshotRule.kt:22)
12-12 07:11:57.248 11580 11624 W DefaultFailureHandler: 	at org.junit.rules.ExternalResource$1.evaluate(ExternalResource.java:54)
12-12 07:11:57.248 11580 11624 W DefaultFailureHandler: 	at io.qameta.allure.android.rules.LogcatRule$apply$1.evaluate(LogcatRule.kt:23)
12-12 07:11:57.248 11580 11624 W DefaultFailureHandler: 	at org.junit.rules.RunRules.evaluate(RunRules.java:20)
12-12 07:11:57.248 11580 11624 W DefaultFailureHandler: 	at org.junit.runners.ParentRunner$3.evaluate(ParentRunner.java:306)
12-12 07:11:57.248 11580 11624 W DefaultFailureHandler: 	at org.junit.runners.BlockJUnit4ClassRunner$1.evaluate(BlockJUnit4ClassRunner.java:100)
12-12 07:11:57.248 11580 11624 W DefaultFailureHandler: 	at org.junit.runners.ParentRunner.runLeaf(ParentRunner.java:366)
12-12 07:11:57.248 11580 11624 W DefaultFailureHandler: 	at org.junit.runners.BlockJUnit4ClassRunner.runChild(BlockJUnit4ClassRunner.java:103)
12-12 07:11:57.248 11580 11624 W DefaultFailureHandler: 	at org.junit.runners.BlockJUnit4ClassRunner.runChild(BlockJUnit4ClassRunner.java:63)
12-12 07:11:57.248 11580 11624 W DefaultFailureHandler: 	at org.junit.runners.ParentRunner$4.run(ParentRunner.java:331)
12-12 07:11:57.248 11580 11624 W DefaultFailureHandler: 	at org.junit.runners.ParentRunner$1.schedule(ParentRunner.java:79)
12-12 07:11:57.248 11580 11624 W DefaultFailureHandler: 	at org.junit.runners.ParentRunner.runChildren(ParentRunner.java:329)
12-12 07:11:57.248 11580 11624 W DefaultFailureHandler: 	at org.junit.runners.ParentRunner.access$100(ParentRunner.java:66)
12-12 07:11:57.248 11580 11624 W DefaultFailureHandler: 	at org.junit.runners.ParentRunner$2.evaluate(ParentRunner.java:293)
12-12 07:11:57.248 11580 11624 W DefaultFailureHandler: 	at org.junit.runners.ParentRunner$3.evaluate(ParentRunner.java:306)
12-12 07:11:57.248 11580 11624 W DefaultFailureHandler: 	at org.junit.runners.ParentRunner.run(ParentRunner.java:413)
12-12 07:11:57.248 11580 11624 W DefaultFailureHandler: 	at androidx.test.ext.junit.runners.AndroidJUnit4.run(AndroidJUnit4.java:162)
12-12 07:11:57.248 11580 11624 W DefaultFailureHandler: 	at io.qameta.allure.android.runners.AllureAndroidJUnit4.run(AllureAndroidJUnitRunners.kt:29)
12-12 07:11:57.248 11580 11624 W DefaultFailureHandler: 	at org.junit.runners.Suite.runChild(Suite.java:128)
12-12 07:11:57.248 11580 11624 W DefaultFailureHandler: 	at org.junit.runners.Suite.runChild(Suite.java:27)
12-12 07:11:57.248 11580 11624 W DefaultFailureHandler: 	at org.junit.runners.ParentRunner$4.run(ParentRunner.java:331)
12-12 07:11:57.248 11580 11624 W DefaultFailureHandler: 	at org.junit.runners.ParentRunner$1.schedule(ParentRunner.java:79)
12-12 07:11:57.248 11580 11624 W DefaultFailureHandler: 	at org.junit.runners.ParentRunner.runChildren(ParentRunner.java:329)
12-12 07:11:57.248 11580 11624 W DefaultFailureHandler: 	at org.junit.runners.ParentRunner.access$100(ParentRunner.java:66)
12-12 07:11:57.248 11580 11624 W DefaultFailureHandler: 	at org.junit.runners.ParentRunner$2.evaluate(ParentRunner.java:293)
12-12 07:11:57.248 11580 11624 W DefaultFailureHandler: 	at org.junit.runners.ParentRunner$3.evaluate(ParentRunner.java:306)
12-12 07:11:57.248 11580 11624 W DefaultFailureHandler: 	at org.junit.runners.ParentRunner.run(ParentRunner.java:413)
12-12 07:11:57.248 11580 11624 W DefaultFailureHandler: 	at org.junit.runner.JUnitCore.run(JUnitCore.java:137)
12-12 07:11:57.248 11580 11624 W DefaultFailureHandler: 	at org.junit.runner.JUnitCore.run(JUnitCore.java:115)
12-12 07:11:57.248 11580 11624 W DefaultFailureHandler: 	at androidx.test.internal.runner.TestExecutor.execute(TestExecutor.java:67)
12-12 07:11:57.248 11580 11624 W DefaultFailureHandler: 	at androidx.test.internal.runner.TestExecutor.execute(TestExecutor.java:58)
12-12 07:11:57.248 11580 11624 W DefaultFailureHandler: 	at androidx.test.runner.AndroidJUnitRunner.onStart(AndroidJUnitRunner.java:438)
12-12 07:11:57.251 11580 11624 W DefaultFailureHandler: 	at android.app.Instrumentation$InstrumentationThread.run(Instrumentation.java:2189)
12-12 07:11:57.251 11580 11624 W DefaultFailureHandler: Caused by: android.system.ErrnoException: open failed: EROFS (Read-only file system)
12-12 07:11:57.251 11580 11624 W DefaultFailureHandler: 	at libcore.io.Linux.open(Native Method)
12-12 07:11:57.251 11580 11624 W DefaultFailureHandler: 	at libcore.io.ForwardingOs.open(ForwardingOs.java:167)
12-12 07:11:57.251 11580 11624 W DefaultFailureHandler: 	at libcore.io.BlockGuardOs.open(BlockGuardOs.java:252)
12-12 07:11:57.251 11580 11624 W DefaultFailureHandler: 	at libcore.io.ForwardingOs.open(ForwardingOs.java:167)
12-12 07:11:57.251 11580 11624 W DefaultFailureHandler: 	at android.app.ActivityThread$AndroidOs.open(ActivityThread.java:7255)
12-12 07:11:57.251 11580 11624 W DefaultFailureHandler: 	at libcore.io.IoBridge.open(IoBridge.java:482)
12-12 07:11:57.251 11580 11624 W DefaultFailureHandler: 	... 51 more
12-12 07:11:57.256 11580 11669 D EGL_emulation: eglMakeCurrent: 0xd471b380: ver 2 0 (tinfo 0xd470ffd0)
12-12 07:11:57.276 11580 11624 W ViewHierarchyExceptionHandler: Failed to save the view hierarchy to file view-hierarchy-2.txt
12-12 07:11:57.276 11580 11624 W ViewHierarchyExceptionHandler: java.io.FileNotFoundException: view-hierarchy-2.txt: open failed: EROFS (Read-only file system)
12-12 07:11:57.276 11580 11624 W ViewHierarchyExceptionHandler: 	at libcore.io.IoBridge.open(IoBridge.java:496)
12-12 07:11:57.276 11580 11624 W ViewHierarchyExceptionHandler: 	at java.io.FileOutputStream.<init>(FileOutputStream.java:235)
12-12 07:11:57.276 11580 11624 W ViewHierarchyExceptionHandler: 	at java.io.FileOutputStream.<init>(FileOutputStream.java:125)
12-12 07:11:57.276 11580 11624 W ViewHierarchyExceptionHandler: 	at androidx.test.platform.io.FileTestStorage.openOutputFile(FileTestStorage.java:60)
12-12 07:11:57.276 11580 11624 W ViewHierarchyExceptionHandler: 	at androidx.test.espresso.base.ViewHierarchyExceptionHandler.addOutputFile(ViewHierarchyExceptionHandler.java:1)
12-12 07:11:57.276 11580 11624 W ViewHierarchyExceptionHandler: 	at androidx.test.espresso.base.ViewHierarchyExceptionHandler.dumpFullViewHierarchyToFile(ViewHierarchyExceptionHandler.java:5)
12-12 07:11:57.276 11580 11624 W ViewHierarchyExceptionHandler: 	at androidx.test.espresso.base.ViewHierarchyExceptionHandler.handleSafely(ViewHierarchyExceptionHandler.java:2)
12-12 07:11:57.276 11580 11624 W ViewHierarchyExceptionHandler: 	at androidx.test.espresso.base.ViewHierarchyExceptionHandler.handleSafely(ViewHierarchyExceptionHandler.java:1)
12-12 07:11:57.276 11580 11624 W ViewHierarchyExceptionHandler: 	at androidx.test.espresso.base.DefaultFailureHandler$TypedFailureHandler.handle(DefaultFailureHandler.java:4)
12-12 07:11:57.276 11580 11624 W ViewHierarchyExceptionHandler: 	at androidx.test.espresso.base.DefaultFailureHandler.handle(DefaultFailureHandler.java:5)
12-12 07:11:57.276 11580 11624 W ViewHierarchyExceptionHandler: 	at androidx.test.espresso.ViewInteraction.waitForAndHandleInteractionResults(ViewInteraction.java:8)
12-12 07:11:57.276 11580 11624 W ViewHierarchyExceptionHandler: 	at androidx.test.espresso.ViewInteraction.desugaredPerform(ViewInteraction.java:11)
12-12 07:11:57.276 11580 11624 W ViewHierarchyExceptionHandler: 	at androidx.test.espresso.ViewInteraction.perform(ViewInteraction.java:8)
12-12 07:11:57.276 11580 11624 W ViewHierarchyExceptionHandler: 	at ru.iteco.fmhandroid.ui.steps.CreatingClaimsSteps.selectAClaimExecutorFromTheList(CreatingClaimsSteps.java:45)
12-12 07:11:57.276 11580 11624 W ViewHierarchyExceptionHandler: 	at ru.iteco.fmhandroid.ui.steps.CreatingClaimsSteps.createClaim(CreatingClaimsSteps.java:103)
12-12 07:11:57.276 11580 11624 W ViewHierarchyExceptionHandler: 	at ru.iteco.fmhandroid.ui.ClaimsPageTest.shouldFindOnTheScreenJustClosedClaim(ClaimsPageTest.java:179)
12-12 07:11:57.276 11580 11624 W ViewHierarchyExceptionHandler: 	at java.lang.reflect.Method.invoke(Native Method)
12-12 07:11:57.276 11580 11624 W ViewHierarchyExceptionHandler: 	at org.junit.runners.model.FrameworkMethod$1.runReflectiveCall(FrameworkMethod.java:59)
12-12 07:11:57.276 11580 11624 W ViewHierarchyExceptionHandler: 	at org.junit.internal.runners.model.ReflectiveCallable.run(ReflectiveCallable.java:12)
12-12 07:11:57.276 11580 11624 W ViewHierarchyExceptionHandler: 	at org.junit.runners.model.FrameworkMethod.invokeExplosively(FrameworkMethod.java:56)
12-12 07:11:57.276 11580 11624 W ViewHierarchyExceptionHandler: 	at org.junit.internal.runners.statements.InvokeMethod.evaluate(InvokeMethod.java:17)
12-12 07:11:57.276 11580 11624 W ViewHierarchyExceptionHandler: 	at androidx.test.internal.runner.junit4.statement.RunBefores.evaluate(RunBefores.java:80)
12-12 07:11:57.276 11580 11624 W ViewHierarchyExceptionHandler: 	at io.qameta.allure.android.rules.ScreenshotRule$apply$1.evaluate(ScreenshotRule.kt:22)
12-12 07:11:57.276 11580 11624 W ViewHierarchyExceptionHandler: 	at org.junit.rules.ExternalResource$1.evaluate(ExternalResource.java:54)
12-12 07:11:57.276 11580 11624 W ViewHierarchyExceptionHandler: 	at io.qameta.allure.android.rules.LogcatRule$apply$1.evaluate(LogcatRule.kt:23)
12-12 07:11:57.276 11580 11624 W ViewHierarchyExceptionHandler: 	at org.junit.rules.RunRules.evaluate(RunRules.java:20)
12-12 07:11:57.276 11580 11624 W ViewHierarchyExceptionHandler: 	at org.junit.runners.ParentRunner$3.evaluate(ParentRunner.java:306)
12-12 07:11:57.276 11580 11624 W ViewHierarchyExceptionHandler: 	at org.junit.runners.BlockJUnit4ClassRunner$1.evaluate(BlockJUnit4ClassRunner.java:100)
12-12 07:11:57.276 11580 11624 W ViewHierarchyExceptionHandler: 	at org.junit.runners.ParentRunner.runLeaf(ParentRunner.java:366)
12-12 07:11:57.276 11580 11624 W ViewHierarchyExceptionHandler: 	at org.junit.runners.BlockJUnit4ClassRunner.runChild(BlockJUnit4ClassRunner.java:103)
12-12 07:11:57.276 11580 11624 W ViewHierarchyExceptionHandler: 	at org.junit.runners.BlockJUnit4ClassRunner.runChild(BlockJUnit4ClassRunner.java:63)
12-12 07:11:57.276 11580 11624 W ViewHierarchyExceptionHandler: 	at org.junit.runners.ParentRunner$4.run(ParentRunner.java:331)
12-12 07:11:57.276 11580 11624 W ViewHierarchyExceptionHandler: 	at org.junit.runners.ParentRunner$1.schedule(ParentRunner.java:79)
12-12 07:11:57.276 11580 11624 W ViewHierarchyExceptionHandler: 	at org.junit.runners.ParentRunner.runChildren(ParentRunner.java:329)
12-12 07:11:57.276 11580 11624 W ViewHierarchyExceptionHandler: 	at org.junit.runners.ParentRunner.access$100(ParentRunner.java:66)
12-12 07:11:57.276 11580 11624 W ViewHierarchyExceptionHandler: 	at org.junit.runners.ParentRunner$2.evaluate(ParentRunner.java:293)
12-12 07:11:57.276 11580 11624 W ViewHierarchyExceptionHandler: 	at org.junit.runners.ParentRunner$3.evaluate(ParentRunner.java:306)
12-12 07:11:57.276 11580 11624 W ViewHierarchyExceptionHandler: 	at org.junit.runners.ParentRunner.run(ParentRunner.java:413)
12-12 07:11:57.276 11580 11624 W ViewHierarchyExceptionHandler: 	at androidx.test.ext.junit.runners.AndroidJUnit4.run(AndroidJUnit4.java:162)
12-12 07:11:57.276 11580 11624 W ViewHierarchyExceptionHandler: 	at io.qameta.allure.android.runners.AllureAndroidJUnit4.run(AllureAndroidJUnitRunners.kt:29)
12-12 07:11:57.276 11580 11624 W ViewHierarchyExceptionHandler: 	at org.junit.runners.Suite.runChild(Suite.java:128)
12-12 07:11:57.276 11580 11624 W ViewHierarchyExceptionHandler: 	at org.junit.runners.Suite.runChild(Suite.java:27)
12-12 07:11:57.276 11580 11624 W ViewHierarchyExceptionHandler: 	at org.junit.runners.ParentRunner$4.run(ParentRunner.java:331)
12-12 07:11:57.276 11580 11624 W ViewHierarchyExceptionHandler: 	at org.junit.runners.ParentRunner$1.schedule(ParentRunner.java:79)
12-12 07:11:57.276 11580 11624 W ViewHierarchyExceptionHandler: 	at org.junit.runners.ParentRunner.runChildren(ParentRunner.java:329)
12-12 07:11:57.276 11580 11624 W ViewHierarchyExceptionHandler: 	at org.junit.runners.ParentRunner.access$100(ParentRunner.java:66)
12-12 07:11:57.276 11580 11624 W ViewHierarchyExceptionHandler: 	at org.junit.runners.ParentRunner$2.evaluate(ParentRunner.java:293)
12-12 07:11:57.276 11580 11624 W ViewHierarchyExceptionHandler: 	at org.junit.runners.ParentRunner$3.evaluate(ParentRunner.java:306)
12-12 07:11:57.276 11580 11624 W ViewHierarchyExceptionHandler: 	at org.junit.runners.ParentRunner.run(ParentRunner.java:413)
12-12 07:11:57.276 11580 11624 W ViewHierarchyExceptionHandler: 	at org.junit.runner.JUnitCore.run(JUnitCore.java:137)
12-12 07:11:57.276 11580 11624 W ViewHierarchyExceptionHandler: 	at org.junit.runner.JUnitCore.run(JUnitCore.java:115)
12-12 07:11:57.276 11580 11624 W ViewHierarchyExceptionHandler: 	at androidx.test.internal.runner.TestExecutor.execute(TestExecutor.java:67)
12-12 07:11:57.276 11580 11624 W ViewHierarchyExceptionHandler: 	at androidx.test.internal.runner.TestExecutor.execute(TestExecutor.java:58)
12-12 07:11:57.276 11580 11624 W ViewHierarchyExceptionHandler: 	at androidx.test.runner.AndroidJUnitRunner.onStart(AndroidJUnitRunner.java:438)
12-12 07:11:57.276 11580 11624 W ViewHierarchyExceptionHandler: 	at android.app.Instrumentation$InstrumentationThread.run(Instrumentation.java:2189)
12-12 07:11:57.276 11580 11624 W ViewHierarchyExceptionHandler: Caused by: android.system.ErrnoException: open failed: EROFS (Read-only file system)
12-12 07:11:57.276 11580 11624 W ViewHierarchyExceptionHandler: 	at libcore.io.Linux.open(Native Method)
12-12 07:11:57.276 11580 11624 W ViewHierarchyExceptionHandler: 	at libcore.io.ForwardingOs.open(ForwardingOs.java:167)
12-12 07:11:57.276 11580 11624 W ViewHierarchyExceptionHandler: 	at libcore.io.BlockGuardOs.open(BlockGuardOs.java:252)
12-12 07:11:57.276 11580 11624 W ViewHierarchyExceptionHandler: 	at libcore.io.ForwardingOs.open(ForwardingOs.java:167)
12-12 07:11:57.276 11580 11624 W ViewHierarchyExceptionHandler: 	at android.app.ActivityThread$AndroidOs.open(ActivityThread.java:7255)
12-12 07:11:57.276 11580 11624 W ViewHierarchyExceptionHandler: 	at libcore.io.IoBridge.open(IoBridge.java:482)
12-12 07:11:57.276 11580 11624 W ViewHierarchyExceptionHandler: 	... 54 more
12-12 07:11:57.277 11580 11624 W FileTestStorage: Test input args is not supported.
12-12 07:11:57.302  1776  1920 D gralloc_ranchu: gralloc_alloc: Creating ashmem region of size 10108928
12-12 07:11:57.373 11580 11593 I teco.fmhandroi: NativeAlloc concurrent copying GC freed 80946(4112KB) AllocSpace objects, 5(100KB) LOS objects, 34% free, 11MB/17MB, paused 1.354ms total 128.892ms
12-12 07:11:57.540  2009  3772 I ActivityTaskManager: START u0 {act=android.intent.action.MAIN cat=[android.intent.category.LAUNCHER] flg=0x10000000 cmp=ru.iteco.fmhandroid.test/androidx.test.core.app.InstrumentationActivityInvoker$EmptyActivity} from uid 10146
12-12 07:11:57.559 11580 11580 D LifecycleMonitor: Lifecycle status change: ru.iteco.fmhandroid.ui.AppActivity@fafbb64 in: PAUSED
12-12 07:11:57.559 11580 11580 V ActivityScenario: Update currentActivityStage to PAUSED, currentActivity=ru.iteco.fmhandroid.ui.AppActivity@fafbb64
12-12 07:11:57.560  2009  3056 W InputReader: Device has associated, but no associated display id.
12-12 07:11:57.562  2009  3056 I chatty  : uid=1000(system) Binder:2009_C identical 28 lines
12-12 07:11:57.562  2009  3056 W InputReader: Device has associated, but no associated display id.
12-12 07:11:57.566 11635 11635 W ActivityThread: handleWindowVisibility: no activity for token android.os.BinderProxy@9533af5
12-12 07:11:57.566  2009  3056 W InputReader: Device has associated, but no associated display id.
12-12 07:11:57.572  2009  3056 I chatty  : uid=1000(system) Binder:2009_C identical 18 lines
12-12 07:11:57.572  2009  3056 W InputReader: Device has associated, but no associated display id.
12-12 07:11:57.578 11580 11618 V FA      : Recording user engagement, ms: 17101
12-12 07:11:57.640 11580 11618 V FA      : Connecting to remote service
12-12 07:11:57.662 11635 11666 D HostConnection: HostConnection::get() New Host Connection established 0xd1144eb0, tid 11666
12-12 07:11:57.665 11635 11666 D HostConnection: HostComposition ext ANDROID_EMU_CHECKSUM_HELPER_v1 ANDROID_EMU_dma_v1 ANDROID_EMU_direct_mem ANDROID_EMU_host_composition_v1 ANDROID_EMU_host_composition_v2 ANDROID_EMU_vulkan ANDROID_EMU_deferred_vulkan_commands ANDROID_EMU_vulkan_null_optional_strings ANDROID_EMU_vulkan_create_resources_with_requirements ANDROID_EMU_YUV_Cache ANDROID_EMU_vulkan_ignored_handles ANDROID_EMU_vulkan_free_memory_sync ANDROID_EMU_vulkan_shader_float16_int8 ANDROID_EMU_vulkan_async_queue_submit ANDROID_EMU_sync_buffer_data GL_OES_vertex_array_object GL_KHR_texture_compression_astc_ldr ANDROID_EMU_host_side_tracing ANDROID_EMU_gles_max_version_2 
12-12 07:11:57.673 11635 11666 W OpenGLRenderer: Failed to choose config with EGL_SWAP_BEHAVIOR_PRESERVED, retrying without...
12-12 07:11:57.709 11635 11666 D EGL_emulation: eglCreateContext: 0xdc804100: maj 2 min 0 rcv 2
12-12 07:11:57.718 11635 11666 D EGL_emulation: eglMakeCurrent: 0xdc804100: ver 2 0 (tinfo 0xe7a9ed60)
12-12 07:11:57.731  1776  1920 D gralloc_ranchu: gralloc_alloc: Creating ashmem region of size 10108928
12-12 07:11:57.738  1650  1650 I hwservicemanager: getTransport: Cannot find entry android.hardware.graphics.mapper@3.0::IMapper/default in either framework or device manifest.
12-12 07:11:57.738 11635 11666 W Gralloc3: mapper 3.x is not supported
12-12 07:11:57.742 11635 11666 D HostConnection: createUnique: call
12-12 07:11:57.743 11635 11666 D HostConnection: HostConnection::get() New Host Connection established 0xd1146580, tid 11666
12-12 07:11:57.743 11635 11666 D HostConnection: HostComposition ext ANDROID_EMU_CHECKSUM_HELPER_v1 ANDROID_EMU_dma_v1 ANDROID_EMU_direct_mem ANDROID_EMU_host_composition_v1 ANDROID_EMU_host_composition_v2 ANDROID_EMU_vulkan ANDROID_EMU_deferred_vulkan_commands ANDROID_EMU_vulkan_null_optional_strings ANDROID_EMU_vulkan_create_resources_with_requirements ANDROID_EMU_YUV_Cache ANDROID_EMU_vulkan_ignored_handles ANDROID_EMU_vulkan_free_memory_sync ANDROID_EMU_vulkan_shader_float16_int8 ANDROID_EMU_vulkan_async_queue_submit ANDROID_EMU_sync_buffer_data GL_OES_vertex_array_object GL_KHR_texture_compression_astc_ldr ANDROID_EMU_host_side_tracing ANDROID_EMU_gles_max_version_2 
12-12 07:11:57.744 11635 11666 D eglCodecCommon: allocate: Ask for block of size 0x1000
12-12 07:11:57.744 11635 11666 D eglCodecCommon: allocate: ioctl allocate returned offset 0x3ff647000 size 0x2000
12-12 07:11:57.747  1776  1920 D gralloc_ranchu: gralloc_alloc: Creating ashmem region of size 10108928
12-12 07:11:57.749  1776  1920 D gralloc_ranchu: gralloc_alloc: Creating ashmem region of size 10108928
12-12 07:11:57.751 11580 11618 V FA      : Connection attempt already in progress
12-12 07:11:57.764 11635 11666 D EGL_emulation: eglMakeCurrent: 0xdc804100: ver 2 0 (tinfo 0xe7a9ed60)
12-12 07:11:57.765 11580 11618 V FA      : Activity paused, time: 4543238
12-12 07:11:57.836 11580 11618 D FA      : Connected to remote service
12-12 07:11:57.840 11580 11618 V FA      : Processing queued up service tasks: 2
12-12 07:11:57.870  2861 11627 V FA-SVC  : Logging event: origin=auto,name=user_engagement(_e),params=Bundle[{ga_event_origin(_o)=auto, engagement_time_msec(_et)=17101, ga_screen_class(_sc)=AppActivity, ga_screen_id(_si)=5414991080054814467}]
12-12 07:11:57.902  2009  5692 W InputReader: Device has associated, but no associated display id.
12-12 07:11:57.908  2009  5692 I chatty  : uid=1000(system) Binder:2009_14 identical 48 lines
12-12 07:11:57.908  2009  5692 W InputReader: Device has associated, but no associated display id.
12-12 07:11:57.935 11635 11635 W ActivityThread: handleWindowVisibility: no activity for token android.os.BinderProxy@7e2903a
12-12 07:11:57.949  2861 11627 V FA-SVC  : Upload scheduled in approximately ms: 2176637
12-12 07:11:57.953  2861 11627 V FA-SVC  : Unscheduling upload
12-12 07:11:57.962  2861 11627 V FA-SVC  : Scheduling upload, millis: 2176637
12-12 07:11:57.974  2861 11627 V FA-SVC  : Background event processing time, ms: 104
12-12 07:11:58.003  1776  1920 D gralloc_ranchu: gralloc_alloc: Creating ashmem region of size 10108928
12-12 07:11:58.009  1776  1920 I chatty  : uid=1000(system) HwBinder:1776_2 identical 1 line
12-12 07:11:58.010  1776  1920 D gralloc_ranchu: gralloc_alloc: Creating ashmem region of size 10108928
12-12 07:11:58.028 11635 11666 D EGL_emulation: eglMakeCurrent: 0xdc804100: ver 2 0 (tinfo 0xe7a9ed60)
12-12 07:11:57.811  2009  3772 I ActivityTaskManager: START u0 {act=android.intent.action.MAIN cat=[android.intent.category.LAUNCHER] flg=0x10000000 cmp=ru.iteco.fmhandroid.test/androidx.test.core.app.InstrumentationActivityInvoker$EmptyActivity} from uid 10146
12-12 07:11:58.062  2009  5692 W ActivityTaskManager: Duplicate finish request for ActivityRecord{edcb9ae u0 ru.iteco.fmhandroid/.ui.AppActivity t420 f}
12-12 07:11:58.075  2009  2043 W InputReader: Device has associated, but no associated display id.
12-12 07:11:58.077  2009  2043 I chatty  : uid=1000(system) android.anim identical 18 lines
12-12 07:11:58.077  2009  2043 W InputReader: Device has associated, but no associated display id.
12-12 07:11:58.084  2009  2047 I ActivityTaskManager: Displayed ru.iteco.fmhandroid.test/androidx.test.core.app.InstrumentationActivityInvoker$EmptyActivity: +336ms
12-12 07:11:58.107  2009  5692 W NotificationService: Toast already killed. pkg=ru.iteco.fmhandroid callback=android.app.ITransientNotification$Stub$Proxy@7bed67d
12-12 07:11:58.114  2009  3772 W InputReader: Device has associated, but no associated display id.
12-12 07:11:58.115  2009  3772 I chatty  : uid=1000(system) Binder:2009_E identical 8 lines
12-12 07:11:58.115  2009  3772 W InputReader: Device has associated, but no associated display id.
12-12 07:11:58.161  1776  1920 D gralloc_ranchu: gralloc_alloc: Creating ashmem region of size 438272
12-12 07:11:58.170  1776  1920 I chatty  : uid=1000(system) HwBinder:1776_2 identical 1 line
12-12 07:11:58.172  1776  1920 D gralloc_ranchu: gralloc_alloc: Creating ashmem region of size 438272
12-12 07:11:58.183  2009  3772 W InputReader: Device has associated, but no associated display id.
12-12 07:11:58.183 11580 11669 D EGL_emulation: eglMakeCurrent: 0xd471b380: ver 2 0 (tinfo 0xd470ffd0)
12-12 07:11:58.183  2009  3772 W InputReader: Device has associated, but no associated display id.
12-12 07:11:58.184  2009  3772 I chatty  : uid=1000(system) Binder:2009_E identical 7 lines
12-12 07:11:58.184  2009  3772 W InputReader: Device has associated, but no associated display id.
12-12 07:11:58.228  1776  1920 D gralloc_ranchu: gralloc_alloc: Creating ashmem region of size 10108928
12-12 07:11:58.245  2009  2009 W ActivityManager: Unable to start service Intent { act=android.service.appprediction.AppPredictionService cmp=com.google.android.as/com.google.android.apps.miphone.aiai.app.AiAiPredictionService } U=0: not found
12-12 07:11:58.245  2009  2009 W RemoteAppPredictionService: could not bind to Intent { act=android.service.appprediction.AppPredictionService cmp=com.google.android.as/com.google.android.apps.miphone.aiai.app.AiAiPredictionService } using flags 67108865
12-12 07:11:58.248 11580 11580 D AutofillManager: onActivityFinishing(): calling cancelLocked()
12-12 07:11:58.250 11580 11580 D LifecycleMonitor: Lifecycle status change: ru.iteco.fmhandroid.ui.AppActivity@fafbb64 in: STOPPED
12-12 07:11:58.250 11580 11580 V ActivityScenario: Update currentActivityStage to STOPPED, currentActivity=ru.iteco.fmhandroid.ui.AppActivity@fafbb64
12-12 07:11:58.258  1776  1920 D gralloc_ranchu: gralloc_alloc: Creating ashmem region of size 10108928
12-12 07:11:58.261  1776  1920 D gralloc_ranchu: gralloc_alloc: Creating ashmem region of size 10108928
12-12 07:11:58.266  2934  3550 D EGL_emulation: eglMakeCurrent: 0xb4f69600: ver 2 0 (tinfo 0xb7b06800)
12-12 07:11:58.298  1776  1920 D gralloc_ranchu: gralloc_alloc: Creating ashmem region of size 10108928
12-12 07:11:58.306  1776  1920 I chatty  : uid=1000(system) HwBinder:1776_2 identical 1 line
12-12 07:11:58.308  1776  1920 D gralloc_ranchu: gralloc_alloc: Creating ashmem region of size 10108928
12-12 07:11:58.311  2484  3096 D EGL_emulation: eglMakeCurrent: 0xe7a7f6a0: ver 2 0 (tinfo 0xdc8104f0)
12-12 07:11:58.328  2934  2934 W ThreadPoolDumper: Queue length for executor EventBus is now 11. Perhaps some tasks are too long, or the pool is too small.
12-12 07:11:58.357  2009  2043 W InputReader: Device has associated, but no associated display id.
12-12 07:11:58.357  2009  2043 I chatty  : uid=1000(system) android.anim identical 8 lines
12-12 07:11:58.357  2009  2043 W InputReader: Device has associated, but no associated display id.
12-12 07:11:58.361  1776  1920 D gralloc_ranchu: gralloc_alloc: Creating ashmem region of size 6471680
12-12 07:11:58.361 11580 11580 D LifecycleMonitor: Lifecycle status change: ru.iteco.fmhandroid.ui.AppActivity@fafbb64 in: DESTROYED
12-12 07:11:58.362 11580 11580 V ActivityScenario: Update currentActivityStage to DESTROYED, currentActivity=null
12-12 07:11:58.387  2161  2570 D EGL_emulation: eglMakeCurrent: 0xe7a7fbe0: ver 2 0 (tinfo 0xd11aea40)
12-12 07:11:58.400  2161  2570 D EGL_emulation: eglMakeCurrent: 0xe7a7fbe0: ver 2 0 (tinfo 0xd11aea40)
12-12 07:11:58.410 11635 11666 D EGL_emulation: eglMakeCurrent: 0xdc804100: ver 2 0 (tinfo 0xe7a9ed60)
12-12 07:11:58.414  1792  1792 E Layer   : [Surface(name=AppWindowToken{30a9e99 token=Token{9cfabe0 ActivityRecord{30d15e3 u0 ru.iteco.fmhandroid.test/androidx.test.core.app.InstrumentationActivityInvoker$EmptyActivity t420}}})/@0xca27d34 - animation-leash#0] No local sync point found
12-12 07:11:58.414  1792  1792 E Layer   : [Surface(name=AppWindowToken{837d646 token=Token{8c77221 ActivityRecord{c4f888 u0 com.google.android.apps.nexuslauncher/.NexusLauncherActivity t401}}})/@0x179ae30 - animation-leash#0] No local sync point found
12-12 07:11:58.418  2934  3332 W SessionLifecycleManager: Handover failed. Creating new session controller.
12-12 07:11:58.437  2009  6383 D HostConnection: HostConnection::get() New Host Connection established 0xa91e0ad0, tid 6383
12-12 07:11:58.439  2009  6383 D HostConnection: HostComposition ext ANDROID_EMU_CHECKSUM_HELPER_v1 ANDROID_EMU_dma_v1 ANDROID_EMU_direct_mem ANDROID_EMU_host_composition_v1 ANDROID_EMU_host_composition_v2 ANDROID_EMU_vulkan ANDROID_EMU_deferred_vulkan_commands ANDROID_EMU_vulkan_null_optional_strings ANDROID_EMU_vulkan_create_resources_with_requirements ANDROID_EMU_YUV_Cache ANDROID_EMU_vulkan_ignored_handles ANDROID_EMU_vulkan_free_memory_sync ANDROID_EMU_vulkan_shader_float16_int8 ANDROID_EMU_vulkan_async_queue_submit ANDROID_EMU_sync_buffer_data GL_OES_vertex_array_object GL_KHR_texture_compression_astc_ldr ANDROID_EMU_host_side_tracing ANDROID_EMU_gles_max_version_2 
12-12 07:11:58.444  2009  6383 W OpenGLRenderer: Failed to choose config with EGL_SWAP_BEHAVIOR_PRESERVED, retrying without...
12-12 07:11:58.473  2484  2500 I s.nexuslaunche: NativeAlloc concurrent copying GC freed 2381(207KB) AllocSpace objects, 0(0B) LOS objects, 49% free, 2639KB/5278KB, paused 6.563ms total 46.724ms
12-12 07:11:58.476  2484  2502 W System  : A resource failed to call release. 
12-12 07:11:58.477  2484  2502 W System  : A resource failed to call release. 
12-12 07:11:58.478  2009  6383 D EGL_emulation: eglCreateContext: 0xd114b160: maj 2 min 0 rcv 2
12-12 07:11:58.485  2009  6383 D EGL_emulation: eglMakeCurrent: 0xd114b160: ver 2 0 (tinfo 0xb8779bb0)
12-12 07:11:58.588  2161  2173 I ndroid.systemu: NativeAlloc concurrent copying GC freed 19518(1169KB) AllocSpace objects, 0(0B) LOS objects, 49% free, 5359KB/10MB, paused 1.172ms total 161.639ms
12-12 07:11:58.628  2934 11017 W LocationOracle: No location history returned by ContextManager
12-12 07:11:58.682  2934  3332 I MicroDetectionWorker: #startMicroDetector [speakerMode: 0]
12-12 07:11:58.685  2934  3332 W ErrorReporter: reportError [type: 211, code: 393244, bug: 0]: errorCode: 393244, engine: 0
12-12 07:11:58.687  2934  3332 I MicroDetector: Keeping mic open: false
12-12 07:11:58.687  2934  3332 I MicroDetectionWorker: #onError(false)
12-12 07:11:58.689  2934 11509 I DeviceStateChecker: DeviceStateChecker cancelled
12-12 07:11:58.691  2009  2022 I system_server: NativeAlloc concurrent copying GC freed 82560(3672KB) AllocSpace objects, 29(964KB) LOS objects, 32% free, 12MB/18MB, paused 733us total 117.249ms
