--------- beginning of main
11-18 12:03:15.105 24936 25043 I okhttp.OkHttpClient: <-- 200 http://www.981757-ca08998.tmweb.ru:8080/fmh/news/3534 (148ms)
11-18 12:03:15.105 24936 25043 I okhttp.OkHttpClient: Vary: Origin
11-18 12:03:15.105 24936 25043 I okhttp.OkHttpClient: Vary: Access-Control-Request-Method
11-18 12:03:15.105 24936 25043 I okhttp.OkHttpClient: Vary: Access-Control-Request-Headers
11-18 12:03:15.105 24936 25043 I okhttp.OkHttpClient: X-Content-Type-Options: nosniff
11-18 12:03:15.105 24936 25043 I okhttp.OkHttpClient: X-XSS-Protection: 1; mode=block
11-18 12:03:15.105 24936 25043 I okhttp.OkHttpClient: Cache-Control: no-cache, no-store, max-age=0, must-revalidate
11-18 12:03:15.105 24936 25043 I okhttp.OkHttpClient: Pragma: no-cache
11-18 12:03:15.105 24936 25043 I okhttp.OkHttpClient: Expires: 0
11-18 12:03:15.106 24936 25043 I okhttp.OkHttpClient: X-Frame-Options: DENY
11-18 12:03:15.106 24936 25043 I okhttp.OkHttpClient: Content-Length: 0
11-18 12:03:15.106 24936 25043 I okhttp.OkHttpClient: Date: Fri, 18 Nov 2022 09:03:15 GMT
11-18 12:03:15.106 24936 25043 I okhttp.OkHttpClient: Keep-Alive: timeout=60
11-18 12:03:15.107 24936 25043 I okhttp.OkHttpClient: Connection: keep-alive
11-18 12:03:15.107 24936 25043 I okhttp.OkHttpClient: <-- END HTTP (0-byte body)
11-18 12:03:15.201 24936 24936 I ViewInteraction: Performing 'wait for a specific view with <view.getId() is <2131231230/ru.iteco.fmhandroid:id/news_list_recycler_view>> during 20000 millis.' action on view view.getRootView() to equal view
11-18 12:03:15.205 24936 24936 I ViewInteraction: Checking 'MatchesViewAssertion{viewMatcher=(view has effective visibility <VISIBLE> and view.getGlobalVisibleRect() to return non-empty rectangle)}' assertion on view view.getId() is <2131231230/ru.iteco.fmhandroid:id/news_list_recycler_view>
11-18 12:03:15.209 24936 24936 I ViewInteraction: Performing 'scroll RecyclerView to: holder with view: ((view is an instance of android.view.ViewGroup and has descendant matching an instance of android.widget.TextView and view.getText() with or without transformation to match: is "Проф 4c152758-cf73-4127-946e-df17161dffc4"))' action on view view.getId() is <2131231230/ru.iteco.fmhandroid:id/news_list_recycler_view>
11-18 12:03:15.338 24936 24936 I ViewInteraction: Performing 'wait for a specific view with <(view.getId() is <2131230982> and view.getParent() view.getParent() (view.getId() is <2131231215> and (view is an instance of android.view.ViewGroup and has child matching: (view is an instance of android.view.ViewGroup and has child matching: an instance of android.widget.TextView and view.getText() with or without transformation to match: is "Проф 4c152758-cf73-4127-946e-df17161dffc4"))))> during 20000 millis.' action on view view.getRootView() to equal view
11-18 12:03:15.343 24936 24936 I ViewInteraction: Checking 'MatchesViewAssertion{viewMatcher=(view has effective visibility <VISIBLE> and view.getGlobalVisibleRect() to return non-empty rectangle)}' assertion on view (view.getId() is <2131230982/ru.iteco.fmhandroid:id/delete_news_item_image_view> and view.getParent() view.getParent() (view.getId() is <2131231215/ru.iteco.fmhandroid:id/news_item_material_card_view> and (view is an instance of android.view.ViewGroup and has child matching: (view is an instance of android.view.ViewGroup and has child matching: an instance of android.widget.TextView and view.getText() with or without transformation to match: is "Проф 4c152758-cf73-4127-946e-df17161dffc4"))))
11-18 12:03:15.351 24936 24936 I ViewInteraction: Performing 'single click' action on view (view.getId() is <2131230982/ru.iteco.fmhandroid:id/delete_news_item_image_view> and view.getParent() view.getParent() (view.getId() is <2131231215/ru.iteco.fmhandroid:id/news_item_material_card_view> and (view is an instance of android.view.ViewGroup and has child matching: (view is an instance of android.view.ViewGroup and has child matching: an instance of android.widget.TextView and view.getText() with or without transformation to match: is "Проф 4c152758-cf73-4127-946e-df17161dffc4"))))
11-18 12:03:15.442  1761  8136 D gralloc_ranchu: gralloc_alloc: Creating ashmem region of size 5107712
11-18 12:03:15.452  1761  8136 I chatty  : uid=1000(system) HwBinder:1761_3 identical 1 line
11-18 12:03:15.454  1761  8136 D gralloc_ranchu: gralloc_alloc: Creating ashmem region of size 5107712
11-18 12:03:15.460 24936 24994 D EGL_emulation: eglMakeCurrent: 0xdde1afc0: ver 2 0 (tinfo 0xcd772540)
11-18 12:03:15.518 24936 24994 D EGL_emulation: eglMakeCurrent: 0xdde1afc0: ver 2 0 (tinfo 0xcd772540)
11-18 12:03:15.718 24936 24936 I ViewInteraction: Performing 'wait for a specific view with <an instance of android.widget.TextView and view.getText() with or without transformation to match: is "Are you sure you want to permanently delete the document? These changes cannot be reversed in the future."> during 20000 millis.' action on view view.getRootView() to equal view
11-18 12:03:15.721 24936 24936 I ViewInteraction: Checking 'MatchesViewAssertion{viewMatcher=(view has effective visibility <VISIBLE> and view.getGlobalVisibleRect() to return non-empty rectangle)}' assertion on view an instance of android.widget.TextView and view.getText() with or without transformation to match: is "Are you sure you want to permanently delete the document? These changes cannot be reversed in the future."
11-18 12:03:15.725 24936 24936 I ViewInteraction: Performing 'wait for a specific view with <view.getId() is <16908313/android:id/button1>> during 20000 millis.' action on view view.getRootView() to equal view
11-18 12:03:15.729 24936 24936 I ViewInteraction: Performing 'single click' action on view view.getId() is <16908313/android:id/button1>
11-18 12:03:15.783 24936 24994 D EGL_emulation: eglMakeCurrent: 0xdde1afc0: ver 2 0 (tinfo 0xcd772540)
11-18 12:03:15.789 24936 25043 I okhttp.OkHttpClient: --> DELETE http://www.981757-ca08998.tmweb.ru:8080/fmh/news/3535
11-18 12:03:15.789 24936 25043 I okhttp.OkHttpClient: --> END DELETE
11-18 12:03:15.799 24936 24994 D EGL_emulation: eglMakeCurrent: 0xdde1afc0: ver 2 0 (tinfo 0xcd772540)
11-18 12:03:15.813  2006  3805 E InputDispatcher: Window handle Window{2a549db u0 ru.iteco.fmhandroid/ru.iteco.fmhandroid.ui.AppActivity} has no registered input channel
11-18 12:03:15.822 24936 24994 D EGL_emulation: eglMakeCurrent: 0xdde1afc0: ver 2 0 (tinfo 0xcd772540)
11-18 12:03:16.026 24936 25043 I okhttp.OkHttpClient: <-- 200 http://www.981757-ca08998.tmweb.ru:8080/fmh/news/3535 (236ms)
11-18 12:03:16.026 24936 25043 I okhttp.OkHttpClient: Vary: Origin
11-18 12:03:16.026 24936 25043 I okhttp.OkHttpClient: Vary: Access-Control-Request-Method
11-18 12:03:16.026 24936 25043 I okhttp.OkHttpClient: Vary: Access-Control-Request-Headers
11-18 12:03:16.026 24936 25043 I okhttp.OkHttpClient: X-Content-Type-Options: nosniff
11-18 12:03:16.027 24936 25043 I okhttp.OkHttpClient: X-XSS-Protection: 1; mode=block
11-18 12:03:16.027 24936 25043 I okhttp.OkHttpClient: Cache-Control: no-cache, no-store, max-age=0, must-revalidate
11-18 12:03:16.027 24936 25043 I okhttp.OkHttpClient: Pragma: no-cache
11-18 12:03:16.027 24936 25043 I okhttp.OkHttpClient: Expires: 0
11-18 12:03:16.027 24936 25043 I okhttp.OkHttpClient: X-Frame-Options: DENY
11-18 12:03:16.027 24936 25043 I okhttp.OkHttpClient: Content-Length: 0
11-18 12:03:16.028 24936 25043 I okhttp.OkHttpClient: Date: Fri, 18 Nov 2022 09:03:17 GMT
11-18 12:03:16.028 24936 25043 I okhttp.OkHttpClient: Keep-Alive: timeout=60
11-18 12:03:16.028 24936 25043 I okhttp.OkHttpClient: Connection: keep-alive
11-18 12:03:16.028 24936 25043 I okhttp.OkHttpClient: <-- END HTTP (0-byte body)
11-18 12:03:16.046 24936 24936 I ViewInteraction: Performing 'wait for a specific view with <view.getId() is <2131231230/ru.iteco.fmhandroid:id/news_list_recycler_view>> during 20000 millis.' action on view view.getRootView() to equal view
11-18 12:03:16.051 24936 24936 I ViewInteraction: Checking 'MatchesViewAssertion{viewMatcher=(view has effective visibility <VISIBLE> and view.getGlobalVisibleRect() to return non-empty rectangle)}' assertion on view view.getId() is <2131231230/ru.iteco.fmhandroid:id/news_list_recycler_view>
11-18 12:03:16.058 24936 24936 I ViewInteraction: Performing 'scroll RecyclerView to: holder with view: ((view is an instance of android.view.ViewGroup and has descendant matching an instance of android.widget.TextView and view.getText() with or without transformation to match: is "Профз df50eb58-4b2e-4346-88dc-12d743085a05"))' action on view view.getId() is <2131231230/ru.iteco.fmhandroid:id/news_list_recycler_view>
11-18 12:03:16.210 24936 24949 I teco.fmhandroi: Background concurrent copying GC freed 159084(6778KB) AllocSpace objects, 8(168KB) LOS objects, 32% free, 12MB/18MB, paused 1.034ms total 103.652ms
11-18 12:03:16.241 24936 24936 I ViewInteraction: Performing 'wait for a specific view with <(view.getId() is <2131230982> and view.getParent() view.getParent() (view.getId() is <2131231215> and (view is an instance of android.view.ViewGroup and has child matching: (view is an instance of android.view.ViewGroup and has child matching: an instance of android.widget.TextView and view.getText() with or without transformation to match: is "Профз df50eb58-4b2e-4346-88dc-12d743085a05"))))> during 20000 millis.' action on view view.getRootView() to equal view
11-18 12:03:16.249 24936 24936 I ViewInteraction: Checking 'MatchesViewAssertion{viewMatcher=(view has effective visibility <VISIBLE> and view.getGlobalVisibleRect() to return non-empty rectangle)}' assertion on view (view.getId() is <2131230982/ru.iteco.fmhandroid:id/delete_news_item_image_view> and view.getParent() view.getParent() (view.getId() is <2131231215/ru.iteco.fmhandroid:id/news_item_material_card_view> and (view is an instance of android.view.ViewGroup and has child matching: (view is an instance of android.view.ViewGroup and has child matching: an instance of android.widget.TextView and view.getText() with or without transformation to match: is "Профз df50eb58-4b2e-4346-88dc-12d743085a05"))))
11-18 12:03:16.264 24936 24936 I ViewInteraction: Performing 'single click' action on view (view.getId() is <2131230982/ru.iteco.fmhandroid:id/delete_news_item_image_view> and view.getParent() view.getParent() (view.getId() is <2131231215/ru.iteco.fmhandroid:id/news_item_material_card_view> and (view is an instance of android.view.ViewGroup and has child matching: (view is an instance of android.view.ViewGroup and has child matching: an instance of android.widget.TextView and view.getText() with or without transformation to match: is "Профз df50eb58-4b2e-4346-88dc-12d743085a05"))))
11-18 12:03:16.367  1761  8136 D gralloc_ranchu: gralloc_alloc: Creating ashmem region of size 5107712
11-18 12:03:16.375  1761  8136 I chatty  : uid=1000(system) HwBinder:1761_3 identical 1 line
11-18 12:03:16.376  1761  8136 D gralloc_ranchu: gralloc_alloc: Creating ashmem region of size 5107712
11-18 12:03:16.382 24936 24994 D EGL_emulation: eglMakeCurrent: 0xdde1afc0: ver 2 0 (tinfo 0xcd772540)
11-18 12:03:16.435 24936 24994 I chatty  : uid=10150(ru.iteco.fmhandroid) RenderThread identical 2 lines
11-18 12:03:16.451 24936 24994 D EGL_emulation: eglMakeCurrent: 0xdde1afc0: ver 2 0 (tinfo 0xcd772540)
11-18 12:03:16.694 24936 24936 I ViewInteraction: Performing 'wait for a specific view with <an instance of android.widget.TextView and view.getText() with or without transformation to match: is "Are you sure you want to permanently delete the document? These changes cannot be reversed in the future."> during 20000 millis.' action on view view.getRootView() to equal view
11-18 12:03:16.698 24936 24936 I ViewInteraction: Checking 'MatchesViewAssertion{viewMatcher=(view has effective visibility <VISIBLE> and view.getGlobalVisibleRect() to return non-empty rectangle)}' assertion on view an instance of android.widget.TextView and view.getText() with or without transformation to match: is "Are you sure you want to permanently delete the document? These changes cannot be reversed in the future."
11-18 12:03:16.701 24936 24936 I ViewInteraction: Performing 'wait for a specific view with <view.getId() is <16908313/android:id/button1>> during 20000 millis.' action on view view.getRootView() to equal view
11-18 12:03:16.705 24936 24936 I ViewInteraction: Performing 'single click' action on view view.getId() is <16908313/android:id/button1>
11-18 12:03:16.763 24936 24994 D EGL_emulation: eglMakeCurrent: 0xdde1afc0: ver 2 0 (tinfo 0xcd772540)
11-18 12:03:16.770 24936 25043 I okhttp.OkHttpClient: --> DELETE http://www.981757-ca08998.tmweb.ru:8080/fmh/news/3536
11-18 12:03:16.770 24936 25043 I okhttp.OkHttpClient: --> END DELETE
11-18 12:03:16.780 24936 24994 D EGL_emulation: eglMakeCurrent: 0xdde1afc0: ver 2 0 (tinfo 0xcd772540)
11-18 12:03:16.800  2006  2929 E InputDispatcher: Window handle Window{217ec1 u0 ru.iteco.fmhandroid/ru.iteco.fmhandroid.ui.AppActivity} has no registered input channel
11-18 12:03:16.804 24936 24994 D EGL_emulation: eglMakeCurrent: 0xdde1afc0: ver 2 0 (tinfo 0xcd772540)
11-18 12:03:16.948 24936 25043 I okhttp.OkHttpClient: <-- 200 http://www.981757-ca08998.tmweb.ru:8080/fmh/news/3536 (176ms)
11-18 12:03:16.948 24936 25043 I okhttp.OkHttpClient: Vary: Origin
11-18 12:03:16.948 24936 25043 I okhttp.OkHttpClient: Vary: Access-Control-Request-Method
11-18 12:03:16.948 24936 25043 I okhttp.OkHttpClient: Vary: Access-Control-Request-Headers
11-18 12:03:16.948 24936 25043 I okhttp.OkHttpClient: X-Content-Type-Options: nosniff
11-18 12:03:16.948 24936 25043 I okhttp.OkHttpClient: X-XSS-Protection: 1; mode=block
11-18 12:03:16.948 24936 25043 I okhttp.OkHttpClient: Cache-Control: no-cache, no-store, max-age=0, must-revalidate
11-18 12:03:16.948 24936 25043 I okhttp.OkHttpClient: Pragma: no-cache
11-18 12:03:16.948 24936 25043 I okhttp.OkHttpClient: Expires: 0
11-18 12:03:16.948 24936 25043 I okhttp.OkHttpClient: X-Frame-Options: DENY
11-18 12:03:16.948 24936 25043 I okhttp.OkHttpClient: Content-Length: 0
11-18 12:03:16.948 24936 25043 I okhttp.OkHttpClient: Date: Fri, 18 Nov 2022 09:03:17 GMT
11-18 12:03:16.948 24936 25043 I okhttp.OkHttpClient: Keep-Alive: timeout=60
11-18 12:03:16.949 24936 25043 I okhttp.OkHttpClient: Connection: keep-alive
11-18 12:03:16.949 24936 25043 I okhttp.OkHttpClient: <-- END HTTP (0-byte body)
11-18 12:03:17.047  2006  2899 W InputReader: Device has associated, but no associated display id.
11-18 12:03:17.047  2006  2899 I chatty  : uid=1000(system) Binder:2006_9 identical 8 lines
11-18 12:03:17.047  2006  2899 W InputReader: Device has associated, but no associated display id.
11-18 12:03:17.062 24936 24936 W teco.fmhandroi: Accessing hidden field Landroid/app/Activity;->mResultCode:I (greylist, reflection, allowed)
11-18 12:03:17.063 24936 24936 W teco.fmhandroi: Accessing hidden field Landroid/app/Activity;->mResultData:Landroid/content/Intent; (greylist, reflection, allowed)
11-18 12:03:17.067 24936 24936 D LifecycleMonitor: Lifecycle status change: ru.iteco.fmhandroid.ui.AppActivity@8a93f02 in: PAUSED
11-18 12:03:17.073  2006  2925 W InputReader: Device has associated, but no associated display id.
11-18 12:03:17.073  2006  2925 I chatty  : uid=1000(system) Binder:2006_A identical 8 lines
11-18 12:03:17.073  2006  2925 W InputReader: Device has associated, but no associated display id.
11-18 12:03:17.085 24936 24981 I TestRunner: finished: shouldFilterTheNewsWithCategorySalary(ru.iteco.fmhandroid.ui.FilterNewsPageTest)
11-18 12:03:17.104 24936 25046 V FA      : Recording user engagement, ms: 109993
11-18 12:03:17.110  1761  8136 D gralloc_ranchu: gralloc_alloc: Creating ashmem region of size 14749696
11-18 12:03:17.138  1761  8136 I chatty  : uid=1000(system) HwBinder:1761_3 identical 1 line
11-18 12:03:17.140  1761  8136 D gralloc_ranchu: gralloc_alloc: Creating ashmem region of size 14749696
11-18 12:03:17.194  2876  3288 D EGL_emulation: eglMakeCurrent: 0xdde1bb00: ver 2 0 (tinfo 0xdde0ff90)
11-18 12:03:17.226  1761  8136 D gralloc_ranchu: gralloc_alloc: Creating ashmem region of size 14749696
11-18 12:03:17.258 24936 25046 V FA      : Connecting to remote service
11-18 12:03:17.271  1761  8136 D gralloc_ranchu: gralloc_alloc: Creating ashmem region of size 14749696
11-18 12:03:17.273  1761  8136 D gralloc_ranchu: gralloc_alloc: Creating ashmem region of size 14749696
11-18 12:03:17.289 24936 25046 V FA      : Connection attempt already in progress
11-18 12:03:17.290 24936 25046 V FA      : Activity paused, time: 653376979
11-18 12:03:17.311 24936 25046 D FA      : Connected to remote service
11-18 12:03:17.311 24936 25046 V FA      : Processing queued up service tasks: 2
11-18 12:03:17.321  2876  2876 W ThreadPoolDumper: Queue length for executor EventBus is now 11. Perhaps some tasks are too long, or the pool is too small.
11-18 12:03:17.329  2441  2951 D EGL_emulation: eglMakeCurrent: 0xdde1a480: ver 2 0 (tinfo 0xdde0f530)
11-18 12:03:17.480  2876  3118 W SessionLifecycleManager: Handover failed. Creating new session controller.
11-18 12:03:17.486  2006  2032 W InputReader: Device has associated, but no associated display id.
11-18 12:03:17.486  2006  2032 I chatty  : uid=1000(system) android.anim identical 8 lines
11-18 12:03:17.486  2006  2032 W InputReader: Device has associated, but no associated display id.
11-18 12:03:17.491  1761  8136 D gralloc_ranchu: gralloc_alloc: Creating ashmem region of size 9441280
11-18 12:03:17.492  2757 25052 V FA-SVC  : Logging event: origin=auto,name=user_engagement(_e),params=Bundle[{ga_event_origin(_o)=auto, engagement_time_msec(_et)=109993, ga_screen_class(_sc)=AppActivity, ga_screen_id(_si)=8062969306771486017}]
11-18 12:03:17.506  2153  2505 D EGL_emulation: eglMakeCurrent: 0xdde1a6c0: ver 2 0 (tinfo 0xdde0fac0)
11-18 12:03:17.539 24936 24994 D EGL_emulation: eglMakeCurrent: 0xdde1afc0: ver 2 0 (tinfo 0xcd772540)
11-18 12:03:17.585  2153  2505 D EGL_emulation: eglMakeCurrent: 0xdde1a6c0: ver 2 0 (tinfo 0xdde0fac0)
11-18 12:03:17.596  1775  1775 E Layer   : [Surface(name=AppWindowToken{cf95f47 token=Token{19f6a86 ActivityRecord{5fbaf61 u0 com.google.android.apps.nexuslauncher/.NexusLauncherActivity t1123}}})/@0xb8f158b - animation-leash#0] No local sync point found
11-18 12:03:17.596  1775  1775 E Layer   : [Surface(name=AppWindowToken{d1ea731 token=Token{d7297d8 ActivityRecord{728d6bb u0 ru.iteco.fmhandroid/.ui.AppActivity t2289}}})/@0x847ca9e - animation-leash#0] No local sync point found
11-18 12:03:17.610 24936 24936 D AutofillManager: onActivityFinishing(): calling cancelLocked()
--------- beginning of system
11-18 12:03:17.619  2006  2006 W ActivityManager: Unable to start service Intent { act=android.service.appprediction.AppPredictionService cmp=com.google.android.as/com.google.android.apps.miphone.aiai.app.AiAiPredictionService } U=0: not found
11-18 12:03:17.619  2006  2006 W RemoteAppPredictionService: could not bind to Intent { act=android.service.appprediction.AppPredictionService cmp=com.google.android.as/com.google.android.apps.miphone.aiai.app.AiAiPredictionService } using flags 67108865
11-18 12:03:17.628 24936 24936 D LifecycleMonitor: Lifecycle status change: ru.iteco.fmhandroid.ui.AppActivity@8a93f02 in: STOPPED
11-18 12:03:17.648  2153  2505 D EGL_emulation: eglMakeCurrent: 0xdde1a6c0: ver 2 0 (tinfo 0xdde0fac0)
11-18 12:03:17.699 24936 24936 W System.err: kotlinx.coroutines.JobCancellationException: Job was cancelled; job=SupervisorJobImpl{Cancelling}@ebf5330
11-18 12:03:17.727 24936 24936 D LifecycleMonitor: Lifecycle status change: ru.iteco.fmhandroid.ui.AppActivity@8a93f02 in: DESTROYED
11-18 12:03:17.786  2006  6581 D HostConnection: HostConnection::get() New Host Connection established 0xdde553f0, tid 6581
11-18 12:03:17.812  2441  2459 I s.nexuslaunche: NativeAlloc concurrent copying GC freed 3296(249KB) AllocSpace objects, 0(0B) LOS objects, 49% free, 2872KB/5744KB, paused 2.631ms total 185.043ms
11-18 12:03:17.817  2441  2461 W System  : A resource failed to call release. 
11-18 12:03:17.817  2441  2461 W System  : A resource failed to call release. 
11-18 12:03:17.826  2006  6581 D HostConnection: HostComposition ext ANDROID_EMU_CHECKSUM_HELPER_v1 ANDROID_EMU_dma_v1 ANDROID_EMU_direct_mem ANDROID_EMU_host_composition_v1 ANDROID_EMU_host_composition_v2 ANDROID_EMU_vulkan ANDROID_EMU_deferred_vulkan_commands ANDROID_EMU_vulkan_null_optional_strings ANDROID_EMU_vulkan_create_resources_with_requirements ANDROID_EMU_YUV_Cache ANDROID_EMU_vulkan_ignored_handles ANDROID_EMU_vulkan_free_memory_sync ANDROID_EMU_vulkan_shader_float16_int8 ANDROID_EMU_vulkan_async_queue_submit ANDROID_EMU_sync_buffer_data GL_OES_vertex_array_object GL_KHR_texture_compression_astc_ldr ANDROID_EMU_host_side_tracing ANDROID_EMU_gles_max_version_2 
11-18 12:03:17.844  2876 24811 W LocationOracle: No location history returned by ContextManager
11-18 12:03:17.854  2006  6581 W OpenGLRenderer: Failed to choose config with EGL_SWAP_BEHAVIOR_PRESERVED, retrying without...
11-18 12:03:17.894  2876  3118 I MicroDetectionWorker: #startMicroDetector [speakerMode: 0]
11-18 12:03:17.894  2757 25052 V FA-SVC  : Upload scheduled in approximately ms: 2572095
11-18 12:03:17.894  2757 25052 V FA-SVC  : Unscheduling upload
11-18 12:03:17.901  2876  3118 W ErrorReporter: reportError [type: 211, code: 393244, bug: 0]: errorCode: 393244, engine: 0
11-18 12:03:17.902  2876  3118 I MicroDetector: Keeping mic open: false
11-18 12:03:17.903  2876  3118 I MicroDetectionWorker: #onError(false)
11-18 12:03:17.912  2580  3265 W GCoreFlp: No location to return for getLastLocation()
11-18 12:03:17.918  2006  6581 D EGL_emulation: eglCreateContext: 0xdde1af60: maj 2 min 0 rcv 2
11-18 12:03:17.929  2006  6581 D EGL_emulation: eglMakeCurrent: 0xdde1af60: ver 2 0 (tinfo 0xb180ad60)
11-18 12:03:17.930 24920 24930 I app_process: Background concurrent copying GC freed 43(95KB) AllocSpace objects, 2(6412KB) LOS objects, 51% free, 5861KB/11MB, paused 6.512ms total 17.566ms
11-18 12:03:17.931  2757 25052 V FA-SVC  : Scheduling upload, millis: 2572095
11-18 12:03:17.943 24920 24920 W app_process: Long monitor contention with owner Binder:24920_3 (24990) at void com.android.commands.am.Instrument$InstrumentationWatcher.instrumentationStatus(android.content.ComponentName, int, android.os.Bundle)(Instrument.java:379) waiters=1 in void java.lang.Object.wait(long, int) for 589ms
11-18 12:03:17.951  2757 25052 V FA-SVC  : Background event processing time, ms: 448
11-18 12:03:18.025 24936 24981 I TestRunner: started: shouldFilterTheNewsWithCategoryTradeUnion(ru.iteco.fmhandroid.ui.FilterNewsPageTest)
11-18 12:03:18.053  2580 24859 E SQLiteDatabase: Error inserting flex_time=2572000 job_id=-1 period=5145000 source=16 requires_charging=0 preferred_network_type=1 target_class=com.google.android.gms.measurement.PackageMeasurementTaskService user_id=0 target_package=com.google.android.gms tag=Measurement.PackageMeasurementTaskService.UPLOAD_TASK_TAG task_type=0 required_idleness_state=0 service_kind=0 source_version=202414000 persistence_level=1 preferred_charging_state=1 required_network_type=0 runtime=1668762197972 retry_strategy={"maximum_backoff_seconds":{"3600":0},"initial_backoff_seconds":{"30":0},"retry_policy":{"0":0}} last_runtime=0
11-18 12:03:18.053  2580 24859 E SQLiteDatabase: android.database.sqlite.SQLiteConstraintException: UNIQUE constraint failed: pending_ops.tag, pending_ops.target_class, pending_ops.target_package, pending_ops.user_id (code 2067 SQLITE_CONSTRAINT_UNIQUE)
11-18 12:03:18.053  2580 24859 E SQLiteDatabase: 	at android.database.sqlite.SQLiteConnection.nativeExecuteForLastInsertedRowId(Native Method)
11-18 12:03:18.053  2580 24859 E SQLiteDatabase: 	at android.database.sqlite.SQLiteConnection.executeForLastInsertedRowId(SQLiteConnection.java:879)
11-18 12:03:18.053  2580 24859 E SQLiteDatabase: 	at android.database.sqlite.SQLiteSession.executeForLastInsertedRowId(SQLiteSession.java:790)
11-18 12:03:18.053  2580 24859 E SQLiteDatabase: 	at android.database.sqlite.SQLiteStatement.executeInsert(SQLiteStatement.java:88)
11-18 12:03:18.053  2580 24859 E SQLiteDatabase: 	at android.database.sqlite.SQLiteDatabase.insertWithOnConflict(SQLiteDatabase.java:1599)
11-18 12:03:18.053  2580 24859 E SQLiteDatabase: 	at android.database.sqlite.SQLiteDatabase.insert(SQLiteDatabase.java:1468)
11-18 12:03:18.053  2580 24859 E SQLiteDatabase: 	at aqui.a(:com.google.android.gms@202414022@20.24.14 (040700-319035315):175)
11-18 12:03:18.053  2580 24859 E SQLiteDatabase: 	at aqtk.a(:com.google.android.gms@202414022@20.24.14 (040700-319035315):182)
11-18 12:03:18.053  2580 24859 E SQLiteDatabase: 	at aqtk.a(:com.google.android.gms@202414022@20.24.14 (040700-319035315):23)
11-18 12:03:18.053  2580 24859 E SQLiteDatabase: 	at aqtk.a(:com.google.android.gms@202414022@20.24.14 (040700-319035315):177)
11-18 12:03:18.053  2580 24859 E SQLiteDatabase: 	at aqpu.run(:com.google.android.gms@202414022@20.24.14 (040700-319035315):9)
11-18 12:03:18.053  2580 24859 E SQLiteDatabase: 	at soy.b(:com.google.android.gms@202414022@20.24.14 (040700-319035315):12)
11-18 12:03:18.053  2580 24859 E SQLiteDatabase: 	at soy.run(:com.google.android.gms@202414022@20.24.14 (040700-319035315):7)
11-18 12:03:18.053  2580 24859 E SQLiteDatabase: 	at java.util.concurrent.ThreadPoolExecutor.runWorker(ThreadPoolExecutor.java:1167)
11-18 12:03:18.053  2580 24859 E SQLiteDatabase: 	at java.util.concurrent.ThreadPoolExecutor$Worker.run(ThreadPoolExecutor.java:641)
11-18 12:03:18.053  2580 24859 E SQLiteDatabase: 	at sux.run(:com.google.android.gms@202414022@20.24.14 (040700-319035315):0)
11-18 12:03:18.053  2580 24859 E SQLiteDatabase: 	at java.lang.Thread.run(Thread.java:919)
11-18 12:03:18.171  2153  2171 I ndroid.systemu: NativeAlloc concurrent copying GC freed 25677(1352KB) AllocSpace objects, 0(0B) LOS objects, 49% free, 5618KB/10MB, paused 702us total 514.668ms
11-18 12:03:18.271 24936 24981 W ActivityTestRule: getActivityIntent() returned null using default: Intent(Intent.ACTION_MAIN)
11-18 12:03:18.285  2006  3805 I ActivityTaskManager: START u0 {act=android.intent.action.MAIN flg=0x10000000 cmp=ru.iteco.fmhandroid/.ui.AppActivity} from uid 10150
11-18 12:03:18.300  2580 25013 W ctxmgr  : [AclManager] No 3 for (accnt=account#-517948760#, com.google.android.gms(10114):UserVelocityProducer, vrsn=202414022, 0, 3pPkg = null ,  3pMdlId = null ,  pid = 2580). Was: 3 for 1, account#-517948760# [CONTEXT service_id=47 ]
11-18 12:03:18.325  2006  3805 W InputReader: Device has associated, but no associated display id.
11-18 12:03:18.327  2006  3805 I chatty  : uid=1000(system) Binder:2006_F identical 28 lines
11-18 12:03:18.327  2006  3805 W InputReader: Device has associated, but no associated display id.
11-18 12:03:18.328 24936 24936 W ActivityThread: handleWindowVisibility: no activity for token android.os.BinderProxy@6b16119
11-18 12:03:18.333  2006  3805 W InputReader: Device has associated, but no associated display id.
11-18 12:03:18.334  2006  3805 I chatty  : uid=1000(system) Binder:2006_F identical 8 lines
11-18 12:03:18.334  2006  3805 W InputReader: Device has associated, but no associated display id.
11-18 12:03:18.343  2006  2032 E system_server: Invalid ID 0x00000000.
11-18 12:03:18.371 24936 24936 D LifecycleMonitor: Lifecycle status change: ru.iteco.fmhandroid.ui.AppActivity@bedf5d5 in: PRE_ON_CREATE
11-18 12:03:18.379  1761  8136 D gralloc_ranchu: gralloc_alloc: Creating ashmem region of size 14749696
11-18 12:03:18.386 24936 25045 V FA      : onActivityCreated
11-18 12:03:18.415 24936 24936 D LifecycleMonitor: Lifecycle status change: ru.iteco.fmhandroid.ui.AppActivity@bedf5d5 in: CREATED
11-18 12:03:18.459  2580 24478 I LogUtils: [Places]: ?: Couldn't find platform key file. [CONTEXT service_id=253 ]
11-18 12:03:18.487 24936 24936 D LifecycleMonitor: Lifecycle status change: ru.iteco.fmhandroid.ui.AppActivity@bedf5d5 in: STARTED
11-18 12:03:18.489 24936 24936 D LifecycleMonitor: Lifecycle status change: ru.iteco.fmhandroid.ui.AppActivity@bedf5d5 in: RESUMED
11-18 12:03:18.491 24936 25046 V FA      : Activity resumed, time: 653378397
11-18 12:03:18.493  2580  3265 W GCoreFlp: No location to return for getLastLocation()
11-18 12:03:18.537  1761  8136 D gralloc_ranchu: gralloc_alloc: Creating ashmem region of size 14749696
11-18 12:03:18.545  1761  8136 D gralloc_ranchu: gralloc_alloc: Creating ashmem region of size 14749696
11-18 12:03:18.551 24936 24994 D EGL_emulation: eglMakeCurrent: 0xdde1afc0: ver 2 0 (tinfo 0xcd772540)
11-18 12:03:18.568  1761  8136 D gralloc_ranchu: gralloc_alloc: Creating ashmem region of size 14749696
11-18 12:03:18.674  2580  2580 I GeofencerStateMachine: removeGeofences: removeRequest=RemoveGeofencingRequest[REMOVE_BY_PENDING_INTENT pendingIntent=PendingIntent[creatorPackage=com.google.android.gms], packageName=com.google.android.gms]
11-18 12:03:18.683  2580  2580 I GeofencerStateMachine: removeGeofences: removeRequest=RemoveGeofencingRequest[REMOVE_BY_PENDING_INTENT pendingIntent=PendingIntent[creatorPackage=com.google.android.gms], packageName=com.google.android.gms]
11-18 12:03:18.710  2580 24478 I LogUtils: [Places]: ?: Couldn't find platform key file. [CONTEXT service_id=253 ]
11-18 12:03:18.719  2580  3265 W GCoreFlp: No location to return for getLastLocation()
11-18 12:03:18.721  2580 25061 I PlacesLogger: [PlaceInferenceEngine]: [anon] Changed inference mode: 0 [CONTEXT service_id=253 ]
11-18 12:03:18.741  2580 25062 I LogUtils: [Places]: ?: Couldn't find platform key file. [CONTEXT service_id=253 ]
11-18 12:03:18.879  2006  2032 W InputReader: Device has associated, but no associated display id.
11-18 12:03:18.881  2006  2032 I chatty  : uid=1000(system) android.anim identical 8 lines
11-18 12:03:18.881  2006  2032 W InputReader: Device has associated, but no associated display id.
11-18 12:03:18.890  2006  2036 I ActivityTaskManager: Displayed ru.iteco.fmhandroid/.ui.AppActivity: +597ms
11-18 12:03:18.896  1761  8136 D gralloc_ranchu: gralloc_alloc: Creating ashmem region of size 14749696
11-18 12:03:18.909  2153  2505 D EGL_emulation: eglMakeCurrent: 0xdde1a6c0: ver 2 0 (tinfo 0xdde0fac0)
11-18 12:03:18.923  2580 25062 I LogUtils: [Places]: ?: Couldn't find platform key file. [CONTEXT service_id=253 ]
11-18 12:03:19.074  3113  3135 I e.process.gapp: Background young concurrent copying GC freed 24231(984KB) AllocSpace objects, 0(0B) LOS objects, 37% free, 1823KB/2920KB, paused 773us total 328.185ms
11-18 12:03:19.133  2006  3805 D WificondControl: Scan result ready event
11-18 12:03:19.141  2153  2505 D EGL_emulation: eglMakeCurrent: 0xdde1a6c0: ver 2 0 (tinfo 0xdde0fac0)
11-18 12:03:19.212  2757 25052 V FA-SVC  : Logging event: origin=auto,name=screen_view(_vs),params=Bundle[{ga_event_origin(_o)=auto, ga_previous_class(_pc)=AppActivity, ga_previous_id(_pi)=8062969306771486017, ga_screen_class(_sc)=AppActivity, ga_screen_id(_si)=8062969306771486018}]
11-18 12:03:19.279  2757 25052 V FA-SVC  : Upload scheduled in approximately ms: 2570710
11-18 12:03:19.279  2757 25052 V FA-SVC  : Unscheduling upload
11-18 12:03:19.291  2757 25052 V FA-SVC  : Scheduling upload, millis: 2570710
11-18 12:03:19.298  2757 25052 V FA-SVC  : Background event processing time, ms: 86
11-18 12:03:19.488  2580 24478 I LogUtils: [Places]: ?: Couldn't find platform key file. [CONTEXT service_id=253 ]
11-18 12:03:19.562  2580  2594 I .gms.persisten: Background young concurrent copying GC freed 86837(4907KB) AllocSpace objects, 1(152KB) LOS objects, 22% free, 11MB/14MB, paused 986us total 652.481ms
11-18 12:03:19.585  2580 25063 E SQLiteDatabase: Error inserting flex_time=2570000 job_id=-1 period=5142000 source=16 requires_charging=0 preferred_network_type=1 target_class=com.google.android.gms.measurement.PackageMeasurementTaskService user_id=0 target_package=com.google.android.gms tag=Measurement.PackageMeasurementTaskService.UPLOAD_TASK_TAG task_type=0 required_idleness_state=0 service_kind=0 source_version=202414000 persistence_level=1 preferred_charging_state=1 required_network_type=0 runtime=1668762199498 retry_strategy={"maximum_backoff_seconds":{"3600":0},"initial_backoff_seconds":{"30":0},"retry_policy":{"0":0}} last_runtime=0
11-18 12:03:19.585  2580 25063 E SQLiteDatabase: android.database.sqlite.SQLiteConstraintException: UNIQUE constraint failed: pending_ops.tag, pending_ops.target_class, pending_ops.target_package, pending_ops.user_id (code 2067 SQLITE_CONSTRAINT_UNIQUE)
11-18 12:03:19.585  2580 25063 E SQLiteDatabase: 	at android.database.sqlite.SQLiteConnection.nativeExecuteForLastInsertedRowId(Native Method)
11-18 12:03:19.585  2580 25063 E SQLiteDatabase: 	at android.database.sqlite.SQLiteConnection.executeForLastInsertedRowId(SQLiteConnection.java:879)
11-18 12:03:19.585  2580 25063 E SQLiteDatabase: 	at android.database.sqlite.SQLiteSession.executeForLastInsertedRowId(SQLiteSession.java:790)
11-18 12:03:19.585  2580 25063 E SQLiteDatabase: 	at android.database.sqlite.SQLiteStatement.executeInsert(SQLiteStatement.java:88)
11-18 12:03:19.585  2580 25063 E SQLiteDatabase: 	at android.database.sqlite.SQLiteDatabase.insertWithOnConflict(SQLiteDatabase.java:1599)
11-18 12:03:19.585  2580 25063 E SQLiteDatabase: 	at android.database.sqlite.SQLiteDatabase.insert(SQLiteDatabase.java:1468)
11-18 12:03:19.585  2580 25063 E SQLiteDatabase: 	at aqui.a(:com.google.android.gms@202414022@20.24.14 (040700-319035315):175)
11-18 12:03:19.585  2580 25063 E SQLiteDatabase: 	at aqtk.a(:com.google.android.gms@202414022@20.24.14 (040700-319035315):182)
11-18 12:03:19.585  2580 25063 E SQLiteDatabase: 	at aqtk.a(:com.google.android.gms@202414022@20.24.14 (040700-319035315):23)
11-18 12:03:19.585  2580 25063 E SQLiteDatabase: 	at aqtk.a(:com.google.android.gms@202414022@20.24.14 (040700-319035315):177)
11-18 12:03:19.585  2580 25063 E SQLiteDatabase: 	at aqpu.run(:com.google.android.gms@202414022@20.24.14 (040700-319035315):9)
11-18 12:03:19.585  2580 25063 E SQLiteDatabase: 	at soy.b(:com.google.android.gms@202414022@20.24.14 (040700-319035315):12)
11-18 12:03:19.585  2580 25063 E SQLiteDatabase: 	at soy.run(:com.google.android.gms@202414022@20.24.14 (040700-319035315):7)
11-18 12:03:19.585  2580 25063 E SQLiteDatabase: 	at java.util.concurrent.ThreadPoolExecutor.runWorker(ThreadPoolExecutor.java:1167)
11-18 12:03:19.585  2580 25063 E SQLiteDatabase: 	at java.util.concurrent.ThreadPoolExecutor$Worker.run(ThreadPoolExecutor.java:641)
11-18 12:03:19.585  2580 25063 E SQLiteDatabase: 	at sux.run(:com.google.android.gms@202414022@20.24.14 (040700-319035315):0)
11-18 12:03:19.585  2580 25063 E SQLiteDatabase: 	at java.lang.Thread.run(Thread.java:919)
11-18 12:03:19.611  2006  2032 I Choreographer: Skipped 43 frames!  The application may be doing too much work on its main thread.
11-18 12:03:19.625  2153  2505 D EGL_emulation: eglMakeCurrent: 0xdde1a6c0: ver 2 0 (tinfo 0xdde0fac0)
11-18 12:03:19.638  2876  3288 D EGL_emulation: eglMakeCurrent: 0xdde1bb00: ver 2 0 (tinfo 0xdde0ff90)
11-18 12:03:19.641  2441  2951 D EGL_emulation: eglMakeCurrent: 0xdde1a480: ver 2 0 (tinfo 0xdde0f530)
11-18 12:03:19.683 24936 24936 I ViewInteraction: Performing 'wait for a specific view with <(an instance of android.widget.TextView and view.getText() with or without transformation to match: is "Authorization" and view.getParent() view.getParent() view.getId() is <2131231186>)> during 20000 millis.' action on view view.getRootView() to equal view
11-18 12:03:19.694  2006  2019 I system_server: NativeAlloc concurrent copying GC freed 150134(5476KB) AllocSpace objects, 16(384KB) LOS objects, 7% free, 69MB/75MB, paused 10.731ms total 1.580s
11-18 12:03:19.720  2153  2505 D EGL_emulation: eglMakeCurrent: 0xdde1a6c0: ver 2 0 (tinfo 0xdde0fac0)
11-18 12:03:19.739  2580 25013 I ctxmgr  : [ProducerStatusImpl] updateStateForNewContextData: inactive, contextName=7 [CONTEXT service_id=47 ]
11-18 12:03:19.792  2876 24853 I PBSessionCacheImpl: Deleted sessionId[360285005654] from persistence.
11-18 12:03:19.810  2580 25063 I LogUtils: [Places]: ?: Couldn't find platform key file. [CONTEXT service_id=253 ]
11-18 12:03:19.834  2580  3265 W GCoreFlp: No location to return for getLastLocation()
11-18 12:03:19.856  2876  3118 W SearchServiceCore: Abort, client detached.
11-18 12:03:19.891 19381 19381 W audio_hw_generic: Not supplying enough data to HAL, expected position 617291495 , only wrote 616681933
11-18 12:03:19.893  2580 25061 I LogUtils: [Places]: ?: PlacesBleScanner start() with priority 2 [CONTEXT service_id=253 ]
11-18 12:03:19.895  2580 25061 I PlacesLogger: [PlaceInferenceEngine]: [anon] Changed inference mode: 1 [CONTEXT service_id=253 ]
11-18 12:03:19.917  2580  2580 E BeaconBle: Missing BluetoothAdapter [CONTEXT service_id=111 ]
11-18 12:03:19.918  2580  2580 I BeaconBle: BLE 'KK+' software access layer enabled [CONTEXT service_id=111 ]
11-18 12:03:19.928  2580  3265 W GCoreFlp: No location to return for getLastLocation()
11-18 12:03:19.949  2580  2580 I BeaconBle: Client requested scan, settings=BleSettings [scanMode=ZERO_POWER, callbackType=ALL_MATCHES, reportDelayMillis=0, 1 filters, 0 clients, callingClientName=Places] [CONTEXT service_id=111 ]
11-18 12:03:19.951  2580  2580 I BeaconBle: Scan : No clients left, canceling alarm. [CONTEXT service_id=111 ]
11-18 12:03:19.952  2580  2580 E BeaconBle: Scan couldn't start for Places [CONTEXT service_id=111 ]
11-18 12:03:19.953  2580  2580 W Places  : BLE failure while scanning - code 5
11-18 12:03:21.494 24936 25065 I okhttp.OkHttpClient: --> GET http://www.981757-ca08998.tmweb.ru:8080/fmh/authentication/userInfo
11-18 12:03:21.494 24936 25065 I okhttp.OkHttpClient: --> END GET
11-18 12:03:21.506  1742 25066 E ResolverController: No valid NAT64 prefix (165, <unspecified>/0)
11-18 12:03:21.864 24936 25065 I okhttp.OkHttpClient: <-- 200 http://www.981757-ca08998.tmweb.ru:8080/fmh/authentication/userInfo (369ms)
11-18 12:03:21.864 24936 25065 I okhttp.OkHttpClient: Vary: Origin
11-18 12:03:21.865 24936 25065 I okhttp.OkHttpClient: Vary: Access-Control-Request-Method
11-18 12:03:21.865 24936 25065 I okhttp.OkHttpClient: Vary: Access-Control-Request-Headers
11-18 12:03:21.865 24936 25065 I okhttp.OkHttpClient: X-Content-Type-Options: nosniff
11-18 12:03:21.865 24936 25065 I okhttp.OkHttpClient: X-XSS-Protection: 1; mode=block
11-18 12:03:21.865 24936 25065 I okhttp.OkHttpClient: Cache-Control: no-cache, no-store, max-age=0, must-revalidate
11-18 12:03:21.865 24936 25065 I okhttp.OkHttpClient: Pragma: no-cache
11-18 12:03:21.865 24936 25065 I okhttp.OkHttpClient: Expires: 0
11-18 12:03:21.865 24936 25065 I okhttp.OkHttpClient: X-Frame-Options: DENY
11-18 12:03:21.865 24936 25065 I okhttp.OkHttpClient: Content-Type: application/json
11-18 12:03:21.865 24936 25065 I okhttp.OkHttpClient: Transfer-Encoding: chunked
11-18 12:03:21.865 24936 25065 I okhttp.OkHttpClient: Date: Fri, 18 Nov 2022 09:03:23 GMT
11-18 12:03:21.865 24936 25065 I okhttp.OkHttpClient: Keep-Alive: timeout=60
11-18 12:03:21.865 24936 25065 I okhttp.OkHttpClient: Connection: keep-alive
11-18 12:03:21.866 24936 25065 I okhttp.OkHttpClient: {"id":2,"firstName":"Данил","lastName":"Иванов","middleName":"Данилович","admin":true}
11-18 12:03:21.866 24936 25065 I okhttp.OkHttpClient: <-- END HTTP (106-byte body)
11-18 12:03:21.879 24936 25067 I okhttp.OkHttpClient: --> GET http://www.981757-ca08998.tmweb.ru:8080/fmh/claims
11-18 12:03:21.880 24936 25067 I okhttp.OkHttpClient: --> END GET
11-18 12:03:22.281 24936 24949 I teco.fmhandroi: NativeAlloc concurrent copying GC freed 124001(5678KB) AllocSpace objects, 10(324KB) LOS objects, 32% free, 12MB/18MB, paused 619us total 132.442ms
11-18 12:03:23.814 24936 25067 I okhttp.OkHttpClient: <-- 200 http://www.981757-ca08998.tmweb.ru:8080/fmh/claims (1934ms)
11-18 12:03:23.814 24936 25067 I okhttp.OkHttpClient: Vary: Origin
11-18 12:03:23.814 24936 25067 I okhttp.OkHttpClient: Vary: Access-Control-Request-Method
11-18 12:03:23.814 24936 25067 I okhttp.OkHttpClient: Vary: Access-Control-Request-Headers
11-18 12:03:23.815 24936 25067 I okhttp.OkHttpClient: X-Content-Type-Options: nosniff
11-18 12:03:23.815 24936 25067 I okhttp.OkHttpClient: X-XSS-Protection: 1; mode=block
11-18 12:03:23.815 24936 25067 I okhttp.OkHttpClient: Cache-Control: no-cache, no-store, max-age=0, must-revalidate
11-18 12:03:23.815 24936 25067 I okhttp.OkHttpClient: Pragma: no-cache
11-18 12:03:23.815 24936 25067 I okhttp.OkHttpClient: Expires: 0
11-18 12:03:23.815 24936 25067 I okhttp.OkHttpClient: X-Frame-Options: DENY
11-18 12:03:23.815 24936 25067 I okhttp.OkHttpClient: Content-Type: application/json
11-18 12:03:23.815 24936 25067 I okhttp.OkHttpClient: Transfer-Encoding: chunked
11-18 12:03:23.815 24936 25067 I okhttp.OkHttpClient: Date: Fri, 18 Nov 2022 09:03:25 GMT
11-18 12:03:23.815 24936 25067 I okhttp.OkHttpClient: Keep-Alive: timeout=60
11-18 12:03:23.816 24936 25067 I okhttp.OkHttpClient: Connection: keep-alive
11-18 12:03:24.205 24936 25046 V FA      : Inactivity, disconnecting from the service
11-18 12:03:24.982  2580 24478 I LogUtils: [Places]: ?: Couldn't find platform key file. [CONTEXT service_id=253 ]
11-18 12:03:24.989  2580 25062 I LogUtils: [Places]: ?: Couldn't find platform key file. [CONTEXT service_id=253 ]
11-18 12:03:25.026  2580 25061 I LogUtils: [Places]: ?: PlacesBleScanner stop() [CONTEXT service_id=253 ]
11-18 12:03:25.028  2580  2580 I BeaconBle: Scan : No clients left, canceling alarm. [CONTEXT service_id=111 ]
11-18 12:03:25.030  2580  2580 I BeaconBle: Scan canceled successfully. [CONTEXT service_id=111 ]
11-18 12:03:25.042  2580 25061 I PlacesLogger: [PlaceInferenceEngine]: [anon] Changed inference mode: 0 [CONTEXT service_id=253 ]
11-18 12:03:25.084  2580  3265 W GCoreFlp: No location to return for getLastLocation()
11-18 12:03:25.124  2580 25012 I LogUtils: [Places]: ?: Couldn't find platform key file. [CONTEXT service_id=253 ]
11-18 12:03:25.125  2580 24478 I LogUtils: [Places]: ?: Couldn't find platform key file. [CONTEXT service_id=253 ]
11-18 12:03:25.271  2580  2580 I GeofencerStateMachine: removeGeofences: removeRequest=RemoveGeofencingRequest[REMOVE_BY_PENDING_INTENT pendingIntent=PendingIntent[creatorPackage=com.google.android.gms], packageName=com.google.android.gms]
11-18 12:03:29.793  2876  3118 I WorkerManager: dispose()
11-18 12:03:29.795  2876  3118 W ThreadPoolDumper: Queue length for executor EventBus is now 11. Perhaps some tasks are too long, or the pool is too small.
11-18 12:03:30.046  2580  2580 I BeaconBle: Scan : No clients left, canceling alarm. [CONTEXT service_id=111 ]
11-18 12:03:30.890 24936 25067 I okhttp.OkHttpClient: [{"id":587,"title":"povorot","description":"test","creatorId":2,"executorId":2,"createDate":1661810790,"planExecuteDate":-5352141360,"factExecuteDate":1661943276973,"status":"EXECUTED","creatorName":"Иванов Данил Данилович","executorName":"Иванов Данил Данилович"},{"id":585,"title":"open","description":"open","creatorId":2,"executorId":2,"createDate":1661809054,"planExecuteDate":-2196728640,"factExecuteDate":1661809592908,"status":"EXECUTED","creatorName":"Иванов Данил Данилович","executorName":"Иванов Данил Данилович"},{"id":586,"title":"test qa","description":"test","creatorId":2,"executorId":null,"createDate":1661809706,"planExecuteDate":-2189643180,"factExecuteDate":null,"status":"CANCELLED","creatorName":"Иванов Данил Данилович","executorName":null},{"id":856,"title":"+10 в карму","description":"Hello!","creatorId":2,"executorId":null,"createDate":1664952246,"planExecuteDate":-1869029400,"factExecuteDate":null,"status":"CANCELLED","creatorName":"Иванов Данил Данилович","executorName":null},{"id":857,"title":"+10 в карму","description":"Hello!","creatorId":2,"executorId":null,"createDate":1664954742,"planExecuteDate":-1869029400,"factExecuteDate":null,"status":"CANCELLED","creatorName":"Иванов Данил Данилович","executorName":null},{"id":858,"title":"+10 в карму","description":"Hello!","creatorId":2,"executorId":null,"createDate":1664961835,"planExecuteDate":-1869029400,"factExecuteDate":null,"status":"CANCELLED","creatorName":"Иванов Данил Данилович","executorName":null},{"id":859,"title":"+10 в карму","description":"Hello!","creatorId":2,"executorId":2,"createDate":1664963522,"planExecuteDate":-1869029400,"factExecuteDate":1664963892158,"status":"EXECUTED","creatorName":"Иванов Данил Данилович","executorName":"Иванов Данил Данилович"},{"id":957,"title":"Внимание!!!","description":"Hello!","creatorId":2,"executorId":null,"createDate":1665452599,"planExecuteDate":-1869029400,"factExecuteDate":null,"status":"CANCELLED","creatorName":"Иванов Данил Данилович","executorName":null},{"id":958,"title":"Внимание!!!","description":"Hello!","creatorId":2,"executorId":null,"createDate":1665453363,"planExecuteDate":-1869029400,"factExecuteDate":null,"status":"CANCELLED","creatorName":"Иванов Данил Дан��лович","executorName":null},{"id":959,"title":"Внимание!!!","description":"Hello!","creatorId":2,"executorId":null,"createDate":1665453639,"planExecuteDate":-1869029400,"factExecuteDate":null,"status":"CANCELLED","creatorName":"Иванов Данил Данилович","executorName":null},{"id":960,"title":"Внимание!!!","description":"Hello!","creatorId":2,"executorId":2,"createDate":1665454326,"planExecuteDate":-1869029400,"factExecuteDate":1665454643816,"status":"EXECUTED","creatorName":"Иванов Данил Данилович","executorName":"Иванов Данил Данилович"},{"id":961,"title":"Внимание!!!","description":"Hello!","creatorId":2,"executorId":null,"createDate":1665455317,"planExecuteDate":-1869029400,"factExecuteDate":null,"status":"CANCELLED","creatorName":"Иванов Данил Данилович","executorName":null},{"id":852,"title":"+10 в карму","description":"Hello!","creatorId":2,"executorId":null,"createDate":1664874328,"planExecuteDate":-1869015000,"factExecuteDate":null,"status":"CANCELLED","creatorName":"Иванов Данил Данилович","executorName":null},{"id":853,"title":"+10 в карму","description":"Hello!","creatorId":2,"executorId":null,"createDate":1664875136,"planExecuteDate":-1869015000,"factExecuteDate":null,"status":"CANCELLED","creatorName":"Иванов Данил Данилович","executorName":null},{"id":851,"title":"super_claim","description":"description","creatorId":2,"executorId":2,"createDate
11-18 12:03:30.890 24936 25067 I okhttp.OkHttpClient:  Данил Данилович","executorName":null},{"id":982,"title":"Новое название","description":"Новое описание","creatorId":2,"executorId":2,"createDate":1665932947,"planExecuteDate":315532800,"factExecuteDate":1665934577562,"status":"EXECUTED","creatorName":"Иванов Данил Данилович","executorName":"Иванов Данил Данилович"},{"id":830,"title":"Новость на основном экране","description":"Еда несоленая и холодная","creatorId":2,"executorId":null,"createDate":1664822471,"planExecuteDate":315536400,"factExecuteDate":null,"status":"CANCELLED","creatorName":"Иванов Данил Данилович","executorName":null},{"id":831,"title":"Водоснабжение","description":"Нет горячей воды на 1 этаже","creatorId":2,"executorId":null,"createDate":1664824244,"planExecuteDate":315536400,"factExecuteDate":null,"status":"CANCELLED","creatorName":"Иванов Данил Данилович","executorName":null},{"id":832,"title":"Водоснабжение","description":"Нет горячей воды на 1 этаже","creatorId":2,"executorId":2,"createDate":1664824273,"planExecuteDate":315536400,"factExecuteDate":1664824292259,"status":"EXECUTED","creatorName":"Иванов Данил Данилович","executorName":"Иванов Данил Данилович"},{"id":833,"title":"Водоснабжение","description":"Нет горячей воды на 1 этаже","creatorId":2,"executorId":null,"createDate":1664824385,"planExecuteDate":315536400,"factExecuteDate":null,"status":"CANCELLED","creatorName":"Иванов Данил Данилович","executorName":null},{"id":834,"title":"Claim Title","description":"Claim Description","creatorId":2,"executorId":null,"createDate":1664824414,"planExecuteDate":315536400,"factExecuteDate":null,"status":"CANCELLED","creatorName":"Иванов Данил Данилович","executorName":null},{"id":835,"title":"Водоснабжение","description":"Нет горячей воды на 1 этаже","creatorId":2,"executorId":null,"createDate":1664824435,"planExecuteDate":315536400,"factExecuteDate":null,"status":"CANCELLED","creatorName":"Иванов Данил Данилович","executorName":null},{"id":837,"title":"Claim Title","description":"Claim Description","creatorId":2,"executorId":null,"createDate":1664824531,"planExecuteDate":315536400,"factExecuteDate":null,"status":"CANCELLED","creatorName":"Иванов Данил Данилович","executorName":null},{"id":839,"title":"В этом названии теперь больше пятидесяти символов!","description":"Claim Description","creatorId":2,"executorId":null,"createDate":1664824654,"planExecuteDate":315536400,"factExecuteDate":null,"status":"CANCELLED","creatorName":"Иванов Данил Данилович","executorName":null},{"id":840,"title":"Водоснабжение","description":"Нет горячей воды на 1 этаже","creatorId":2,"executorId":null,"createDate":1664824689,"planExecuteDate":315536400,"factExecuteDate":null,"status":"CANCELLED","creatorName":"Иванов Данил Данилович","executorName":null},{"id":841,"title":"Claim Title","description":"Claim Description","creatorId":2,"executorId":2,"createDate":1664824793,"planExecuteDate":315536400,"factExecuteDate":1664948179540,"status":"EXECUTED","creatorName":"Иванов Данил Да��илович","executorName":"Иванов Данил Данилович"},{"id":842,"title":"Claim Title","description":"Claim Description","creatorId":2,"executorId":null,"createDate":1664824818,"planExecuteDate":315536400,"factExecuteDate":null,"status":"CANCELLED","creatorName":"Иванов Данил Данилович","executorName":null},{"id":843,"title":"Claim Title","description":"Claim Description","creatorId":2,"executorId":null,"createDate":1664824844,"planExecuteDate":315536400,"factExecuteDate
