12-12 11:55:57.319  2511  2511 I Conv2QueryExtension: Conv2Query not enabled due to current app [ru.iteco.fmhandroid] not in whitelist
12-12 11:55:57.319  2511  2511 I Conv2QueryExtension: onActivate() : Disabled by unsupported host app
12-12 11:55:57.333  2161  2570 D EGL_emulation: eglMakeCurrent: 0xe7a7fbe0: ver 2 0 (tinfo 0xd11aea40)
12-12 11:55:57.358  1776  1828 D gralloc_ranchu: gralloc_alloc: Creating ashmem region of size 9826304
12-12 11:55:57.360  2009  2040 D AutofillUI: destroySaveUiUiThread(): already destroyed
12-12 11:55:57.374  8263  8263 W ktk     : Pending fill request while another request in the same session was triggered. [CONTEXT service_id=177 ]
12-12 11:55:57.378  1776  1828 D gralloc_ranchu: gralloc_alloc: Creating ashmem region of size 9826304
12-12 11:55:57.385  2511  5395 D EGL_emulation: eglMakeCurrent: 0xd471ba40: ver 2 0 (tinfo 0xb9ce07a0)
12-12 11:55:57.390  1776  1828 D gralloc_ranchu: gralloc_alloc: Creating ashmem region of size 9826304
12-12 11:55:57.483  9907  9996 D EGL_emulation: eglMakeCurrent: 0xd471b440: ver 2 0 (tinfo 0xd470ffe0)
12-12 11:55:57.583  9907  9951 W teco.fmhandroi: Accessing hidden method Lsun/misc/Unsafe;->compareAndSwapObject(Ljava/lang/Object;JLjava/lang/Object;Ljava/lang/Object;)Z (greylist, linking, allowed)
12-12 11:55:57.584  9907 10023 W teco.fmhandroi: Accessing hidden method Lsun/misc/Unsafe;->compareAndSwapObject(Ljava/lang/Object;JLjava/lang/Object;Ljava/lang/Object;)Z (greylist, linking, allowed)
12-12 11:55:57.588  9907  9907 I ViewInteraction: Performing 'replace text(Козлов Константин Анатольевич)' action on view view.getId() is <2131231041/ru.iteco.fmhandroid:id/executor_drop_menu_auto_complete_text_view>
12-12 11:55:57.614  9907  9951 W teco.fmhandroi: Accessing hidden method Lsun/misc/Unsafe;->compareAndSwapObject(Ljava/lang/Object;JLjava/lang/Object;Ljava/lang/Object;)Z (greylist, linking, allowed)
12-12 11:55:57.650  2009  3771 E InputDispatcher: Window handle Window{e4667b8 u0 PopupWindow:c4820dd} has no registered input channel
12-12 11:55:57.658  2511  2511 I KeyboardViewUtil: systemKeyboardHeightRatio:1.000000; userKeyboardHeightRatio:1.000000.
12-12 11:55:57.671  2511  2511 I AndroidIME: LatinIme.onDeactivate()
12-12 11:55:57.673  2511  2511 I AndroidIME: LatinIme.onActivate() : EditorInfo = Package = ru.iteco.fmhandroid : Type = Text : Learning = Disable : Suggestion = Show : AutoCorrection = Disable : Microphone = Show : NoPersonalizedLearning = Disable
12-12 11:55:57.697  2511  2511 I Conv2QueryExtension: Current locale: en_US, config allows these locales: de,en,es,fr,it,ms,pt,ta
12-12 11:55:57.697  2511  2511 I Conv2QueryExtension: Conv2Query not enabled due to current app [ru.iteco.fmhandroid] not in whitelist
12-12 11:55:57.697  2511  2511 I Conv2QueryExtension: onActivate() : Disabled by unsupported host app
12-12 11:55:57.714  9907  9907 I ViewInteraction: Performing 'close keyboard' action on view view.getRootView() to equal view
12-12 11:55:57.753  2511  2511 I PhenotypeExpConfig: refreshConfiguration() : Force = false : UpdateAvailable = false : Age = 0 minutes : MaxAge = 720 minutes
12-12 11:55:57.764  2511  2511 I AndroidIME: LatinIme.onDeactivate()
12-12 11:55:57.785  2511  5395 D EGL_emulation: eglMakeCurrent: 0xd471ba40: ver 2 0 (tinfo 0xb9ce07a0)
12-12 11:55:58.082  9907  9951 W teco.fmhandroi: Accessing hidden method Lsun/misc/Unsafe;->compareAndSwapObject(Ljava/lang/Object;JLjava/lang/Object;Ljava/lang/Object;)Z (greylist, linking, allowed)
12-12 11:55:58.083  9907 10023 W teco.fmhandroi: Accessing hidden method Lsun/misc/Unsafe;->compareAndSwapObject(Ljava/lang/Object;JLjava/lang/Object;Ljava/lang/Object;)Z (greylist, linking, allowed)
12-12 11:55:58.085  9907  9907 I ViewInteraction: Performing 'wait for a specific view with <(view.getId() is <2131231402> and view.getParent() view.getParent() view.getId() is <2131231406>)> during 10000 millis.' action on view view.getRootView() to equal view
12-12 11:55:58.087  9907  9951 W teco.fmhandroi: Accessing hidden method Lsun/misc/Unsafe;->compareAndSwapObject(Ljava/lang/Object;JLjava/lang/Object;Ljava/lang/Object;)Z (greylist, linking, allowed)
12-12 11:55:58.090  9907  9907 I ViewInteraction: Performing 'replace text(Заголовок 64e14b41-b72d-4258-b475-2658b3022782)' action on view (view.getId() is <2131231402/ru.iteco.fmhandroid:id/title_edit_text> and view.getParent() view.getParent() view.getId() is <2131231406/ru.iteco.fmhandroid:id/title_text_input_layout>)
12-12 11:55:58.105  9907  9951 W teco.fmhandroi: Accessing hidden method Lsun/misc/Unsafe;->compareAndSwapObject(Ljava/lang/Object;JLjava/lang/Object;Ljava/lang/Object;)Z (greylist, linking, allowed)
12-12 11:55:58.106  9907 10023 W teco.fmhandroi: Accessing hidden method Lsun/misc/Unsafe;->compareAndSwapObject(Ljava/lang/Object;JLjava/lang/Object;Ljava/lang/Object;)Z (greylist, linking, allowed)
12-12 11:55:58.146  9907  9907 I ViewInteraction: Performing 'wait for a specific view with <view.getId() is <2131230975>> during 10000 millis.' action on view view.getRootView() to equal view
12-12 11:55:58.154  9907  9951 W teco.fmhandroi: Accessing hidden method Lsun/misc/Unsafe;->compareAndSwapObject(Ljava/lang/Object;JLjava/lang/Object;Ljava/lang/Object;)Z (greylist, linking, allowed)
12-12 11:55:58.155  9907 10023 W teco.fmhandroi: Accessing hidden method Lsun/misc/Unsafe;->compareAndSwapObject(Ljava/lang/Object;JLjava/lang/Object;Ljava/lang/Object;)Z (greylist, linking, allowed)
12-12 11:55:58.156  9907  9907 I ViewInteraction: Performing 'single click' action on view view.getId() is <2131230975/ru.iteco.fmhandroid:id/date_in_plan_text_input_edit_text>
12-12 11:55:58.420  1776  1828 D gralloc_ranchu: gralloc_alloc: Creating ashmem region of size 6778880
12-12 11:55:58.427  1776  1828 I chatty  : uid=1000(system) HwBinder:1776_1 identical 1 line
12-12 11:55:58.429  1776  1828 D gralloc_ranchu: gralloc_alloc: Creating ashmem region of size 6778880
12-12 11:55:58.453  9907  9996 D EGL_emulation: eglMakeCurrent: 0xd471b440: ver 2 0 (tinfo 0xd470ffe0)
12-12 11:55:58.795  2009  8275 W NotificationService: Toast already killed. pkg=ru.iteco.fmhandroid callback=android.app.ITransientNotification$Stub$Proxy@c2082ea
12-12 11:55:58.724  9907  9996 I chatty  : uid=10146(ru.iteco.fmhandroid) RenderThread identical 6 lines
12-12 11:55:58.736  9907  9996 D EGL_emulation: eglMakeCurrent: 0xd471b440: ver 2 0 (tinfo 0xd470ffe0)
12-12 11:55:58.836  1776  1828 D gralloc_ranchu: gralloc_alloc: Creating ashmem region of size 438272
12-12 11:55:58.843  1776  1828 I chatty  : uid=1000(system) HwBinder:1776_1 identical 1 line
12-12 11:55:58.844  1776  1828 D gralloc_ranchu: gralloc_alloc: Creating ashmem region of size 438272
12-12 11:55:58.846  9907  9996 D EGL_emulation: eglMakeCurrent: 0xd471b440: ver 2 0 (tinfo 0xd470ffe0)
12-12 11:55:58.866  9907  9996 D EGL_emulation: eglMakeCurrent: 0xd471b440: ver 2 0 (tinfo 0xd470ffe0)
12-12 11:55:59.106  9907  9951 W teco.fmhandroi: Accessing hidden method Lsun/misc/Unsafe;->compareAndSwapObject(Ljava/lang/Object;JLjava/lang/Object;Ljava/lang/Object;)Z (greylist, linking, allowed)
12-12 11:55:59.110  9907  9907 I ViewInteraction: Performing 'wait for a specific view with <is assignable from class <class android.widget.DatePicker>> during 10000 millis.' action on view view.getRootView() to equal view
12-12 11:55:59.118  9907  9907 I ViewInteraction: Checking 'MatchesViewAssertion{viewMatcher=(view has effective visibility <VISIBLE> and view.getGlobalVisibleRect() to return non-empty rectangle)}' assertion on view is assignable from class <class android.widget.DatePicker>
12-12 11:55:59.124  9907  9907 I ViewInteraction: Performing 'wait for a specific view with <is assignable from class <class android.widget.DatePicker>> during 10000 millis.' action on view view.getRootView() to equal view
12-12 11:55:59.128  9907  9907 I ViewInteraction: Performing 'set date' action on view is assignable from class <class android.widget.DatePicker>
12-12 11:55:59.156  9907  9996 D EGL_emulation: eglMakeCurrent: 0xd471b440: ver 2 0 (tinfo 0xd470ffe0)
12-12 11:55:59.169  9907  9907 I ViewInteraction: Performing 'wait for a specific view with <view.getId() is <16908313>> during 10000 millis.' action on view view.getRootView() to equal view
12-12 11:55:59.171  9907  9951 W teco.fmhandroi: Accessing hidden method Lsun/misc/Unsafe;->compareAndSwapObject(Ljava/lang/Object;JLjava/lang/Object;Ljava/lang/Object;)Z (greylist, linking, allowed)
12-12 11:55:59.178  9907  9907 I ViewInteraction: Performing 'single click' action on view view.getId() is <16908313/android:id/button1>
12-12 11:55:59.277  9907  9996 D EGL_emulation: eglMakeCurrent: 0xd471b440: ver 2 0 (tinfo 0xd470ffe0)
12-12 11:55:59.299  2009  6097 E InputDispatcher: Window handle Window{61c4148 u0 ru.iteco.fmhandroid/ru.iteco.fmhandroid.ui.AppActivity} has no registered input channel
12-12 11:55:59.304  9907  9996 D EGL_emulation: eglMakeCurrent: 0xd471b440: ver 2 0 (tinfo 0xd470ffe0)
12-12 11:55:59.626  9907  9951 W teco.fmhandroi: Accessing hidden method Lsun/misc/Unsafe;->compareAndSwapObject(Ljava/lang/Object;JLjava/lang/Object;Ljava/lang/Object;)Z (greylist, linking, allowed)
12-12 11:55:59.629  9907  9907 I ViewInteraction: Performing 'wait for a specific view with <(an instance of android.widget.TextView and view.getHint() matching: is "Time" and view.getParent() view.getParent() view.getId() is <2131231399>)> during 10000 millis.' action on view view.getRootView() to equal view
12-12 11:55:59.632  9907  9951 W teco.fmhandroi: Accessing hidden method Lsun/misc/Unsafe;->compareAndSwapObject(Ljava/lang/Object;JLjava/lang/Object;Ljava/lang/Object;)Z (greylist, linking, allowed)
12-12 11:55:59.635  9907  9907 I ViewInteraction: Performing 'single click' action on view (an instance of android.widget.TextView and view.getHint() matching: is "Time" and view.getParent() view.getParent() view.getId() is <2131231399/ru.iteco.fmhandroid:id/time_in_plan_text_input_layout>)
12-12 11:55:59.870  1776  1828 D gralloc_ranchu: gralloc_alloc: Creating ashmem region of size 5718016
12-12 11:55:59.876  1776  1828 D gralloc_ranchu: gralloc_alloc: Creating ashmem region of size 5718016
12-12 11:55:59.878  1776  1920 D gralloc_ranchu: gralloc_alloc: Creating ashmem region of size 5718016
12-12 11:55:59.902  9907  9996 D EGL_emulation: eglMakeCurrent: 0xd471b440: ver 2 0 (tinfo 0xd470ffe0)
12-12 11:55:59.955  9907  9996 I chatty  : uid=10146(ru.iteco.fmhandroid) RenderThread identical 2 lines
12-12 11:55:59.974  9907  9996 D EGL_emulation: eglMakeCurrent: 0xd471b440: ver 2 0 (tinfo 0xd470ffe0)
12-12 11:56:00.007  2161  2161 D KeyguardClockSwitch: Updating clock: 1156
12-12 11:56:00.018  2161  2570 D EGL_emulation: eglMakeCurrent: 0xe7a7fbe0: ver 2 0 (tinfo 0xd11aea40)
12-12 11:56:00.315  9907  9951 W teco.fmhandroi: Accessing hidden method Lsun/misc/Unsafe;->compareAndSwapObject(Ljava/lang/Object;JLjava/lang/Object;Ljava/lang/Object;)Z (greylist, linking, allowed)
12-12 11:56:00.319  9907  9907 I ViewInteraction: Performing 'wait for a specific view with <is assignable from class <class android.widget.TimePicker>> during 10000 millis.' action on view view.getRootView() to equal view
12-12 11:56:00.324  9907  9907 I ViewInteraction: Checking 'MatchesViewAssertion{viewMatcher=(view has effective visibility <VISIBLE> and view.getGlobalVisibleRect() to return non-empty rectangle)}' assertion on view is assignable from class <class android.widget.TimePicker>
12-12 11:56:00.329  9907  9907 I ViewInteraction: Performing 'wait for a specific view with <is assignable from class <class android.widget.TimePicker>> during 10000 millis.' action on view view.getRootView() to equal view
12-12 11:56:00.335  9907  9907 I ViewInteraction: Performing 'set time' action on view is assignable from class <class android.widget.TimePicker>
12-12 11:56:00.338  9907 10023 W teco.fmhandroi: Accessing hidden method Lsun/misc/Unsafe;->compareAndSwapObject(Ljava/lang/Object;JLjava/lang/Object;Ljava/lang/Object;)Z (greylist, linking, allowed)
12-12 11:56:00.341  9907  9907 I ViewInteraction: Performing 'wait for a specific view with <view.getId() is <16908313/android:id/button1>> during 10000 millis.' action on view view.getRootView() to equal view
12-12 11:56:00.343  9907 10023 W teco.fmhandroi: Accessing hidden method Lsun/misc/Unsafe;->compareAndSwapObject(Ljava/lang/Object;JLjava/lang/Object;Ljava/lang/Object;)Z (greylist, linking, allowed)
12-12 11:56:00.344  9907  9951 W teco.fmhandroi: Accessing hidden method Lsun/misc/Unsafe;->compareAndSwapObject(Ljava/lang/Object;JLjava/lang/Object;Ljava/lang/Object;)Z (greylist, linking, allowed)
12-12 11:56:00.344  9907  9951 W teco.fmhandroi: Accessing hidden method Lsun/misc/Unsafe;->getObject(Ljava/lang/Object;J)Ljava/lang/Object; (greylist, linking, allowed)
12-12 11:56:00.346  9907  9907 I ViewInteraction: Performing 'single click' action on view view.getId() is <16908313/android:id/button1>
12-12 11:56:00.388  2009  2047 E memtrack: Couldn't load memtrack module
12-12 11:56:00.388  2009  2047 W android.os.Debug: failed to get memory consumption info: -1
12-12 11:56:00.394  2009  2047 E memtrack: Couldn't load memtrack module
12-12 11:56:00.394  2009  2047 W android.os.Debug: failed to get memory consumption info: -1
12-12 11:56:00.403  9907  9996 D EGL_emulation: eglMakeCurrent: 0xd471b440: ver 2 0 (tinfo 0xd470ffe0)
12-12 11:56:00.428  9907  9996 I chatty  : uid=10146(ru.iteco.fmhandroid) RenderThread identical 1 line
12-12 11:56:00.449  9907  9996 D EGL_emulation: eglMakeCurrent: 0xd471b440: ver 2 0 (tinfo 0xd470ffe0)
12-12 11:56:00.450  2009  8275 E InputDispatcher: Window handle Window{998eec1 u0 ru.iteco.fmhandroid/ru.iteco.fmhandroid.ui.AppActivity} has no registered input channel
12-12 11:56:00.751  9907  9951 W teco.fmhandroi: Accessing hidden method Lsun/misc/Unsafe;->compareAndSwapObject(Ljava/lang/Object;JLjava/lang/Object;Ljava/lang/Object;)Z (greylist, linking, allowed)
12-12 11:56:00.754  9907  9907 I ViewInteraction: Performing 'wait for a specific view with <(an instance of android.widget.TextView and view.getHint() matching: is "Description" and view.getParent() view.getParent() view.getId() is <2131230988>)> during 10000 millis.' action on view view.getRootView() to equal view
12-12 11:56:00.758  9907  9951 W teco.fmhandroi: Accessing hidden method Lsun/misc/Unsafe;->compareAndSwapObject(Ljava/lang/Object;JLjava/lang/Object;Ljava/lang/Object;)Z (greylist, linking, allowed)
12-12 11:56:00.758  9907 10023 W teco.fmhandroi: Accessing hidden method Lsun/misc/Unsafe;->compareAndSwapObject(Ljava/lang/Object;JLjava/lang/Object;Ljava/lang/Object;)Z (greylist, linking, allowed)
12-12 11:56:00.761  9907  9907 I ViewInteraction: Performing 'replace text(Описание c3cae0e2-3d5e-4476-bbed-88218d828e04)' action on view (an instance of android.widget.TextView and view.getHint() matching: is "Description" and view.getParent() view.getParent() view.getId() is <2131230988/ru.iteco.fmhandroid:id/description_text_input_layout>)
12-12 11:56:00.775  9907  9951 W teco.fmhandroi: Accessing hidden method Lsun/misc/Unsafe;->compareAndSwapObject(Ljava/lang/Object;JLjava/lang/Object;Ljava/lang/Object;)Z (greylist, linking, allowed)
12-12 11:56:00.826  9907  9907 I ViewInteraction: Performing 'wait for a specific view with <view.getId() is <2131231291>> during 10000 millis.' action on view view.getRootView() to equal view
12-12 11:56:00.829  9907  9951 W teco.fmhandroi: Accessing hidden method Lsun/misc/Unsafe;->compareAndSwapObject(Ljava/lang/Object;JLjava/lang/Object;Ljava/lang/Object;)Z (greylist, linking, allowed)
12-12 11:56:00.831  9907 10023 W teco.fmhandroi: Accessing hidden method Lsun/misc/Unsafe;->compareAndSwapObject(Ljava/lang/Object;JLjava/lang/Object;Ljava/lang/Object;)Z (greylist, linking, allowed)
12-12 11:56:00.835  9907  9907 I ViewInteraction: Performing 'single click' action on view view.getId() is <2131231291/ru.iteco.fmhandroid:id/save_button>
12-12 11:56:00.912  9907 10013 I okhttp.OkHttpClient: --> POST http://www.981757-ca08998.tmweb.ru:8080/fmh/claims
12-12 11:56:00.912  9907 10013 I okhttp.OkHttpClient: Content-Type: application/json; charset=UTF-8
12-12 11:56:00.914  9907 10013 I okhttp.OkHttpClient: Content-Length: 258
12-12 11:56:00.917  9907 10013 I okhttp.OkHttpClient: {"createDate":1670846160,"creatorId":1,"creatorName":"Ivanov Ivan Ivanovich","description":"Описание c3cae0e2-3d5e-4476-bbed-88218d828e04","planExecuteDate":1670846100,"status":"OPEN","title":"Заголовок 64e14b41-b72d-4258-b475-2658b3022782"}
12-12 11:56:00.918  9907 10013 I okhttp.OkHttpClient: --> END POST (258-byte body)
12-12 11:56:01.105  9907 10013 I okhttp.OkHttpClient: <-- 200 http://www.981757-ca08998.tmweb.ru:8080/fmh/claims (187ms)
12-12 11:56:01.105  9907 10013 I okhttp.OkHttpClient: Vary: Origin
12-12 11:56:01.105  9907 10013 I okhttp.OkHttpClient: Vary: Access-Control-Request-Method
12-12 11:56:01.105  9907 10013 I okhttp.OkHttpClient: Vary: Access-Control-Request-Headers
12-12 11:56:01.105  9907 10013 I okhttp.OkHttpClient: X-Content-Type-Options: nosniff
12-12 11:56:01.106  9907 10013 I okhttp.OkHttpClient: X-XSS-Protection: 1; mode=block
12-12 11:56:01.106  9907 10013 I okhttp.OkHttpClient: Cache-Control: no-cache, no-store, max-age=0, must-revalidate
12-12 11:56:01.106  9907 10013 I okhttp.OkHttpClient: Pragma: no-cache
12-12 11:56:01.106  9907 10013 I okhttp.OkHttpClient: Expires: 0
12-12 11:56:01.106  9907 10013 I okhttp.OkHttpClient: X-Frame-Options: DENY
12-12 11:56:01.106  9907 10013 I okhttp.OkHttpClient: Content-Type: application/json
12-12 11:56:01.106  9907 10013 I okhttp.OkHttpClient: Transfer-Encoding: chunked
12-12 11:56:01.106  9907 10013 I okhttp.OkHttpClient: Date: Mon, 12 Dec 2022 11:56:02 GMT
12-12 11:56:01.107  9907 10013 I okhttp.OkHttpClient: Keep-Alive: timeout=60
12-12 11:56:01.107  9907 10013 I okhttp.OkHttpClient: Connection: keep-alive
12-12 11:56:01.108  9907 10013 I okhttp.OkHttpClient: {"id":5,"title":"Заголовок 64e14b41-b72d-4258-b475-2658b3022782","description":"Описание c3cae0e2-3d5e-4476-bbed-88218d828e04","creatorId":1,"executorId":null,"createDate":1670846160,"planExecuteDate":1670846100,"factExecuteDate":null,"status":"OPEN","creatorName":"Ivanov Ivan Ivanovich","executorName":null}
12-12 11:56:01.109  9907 10013 I okhttp.OkHttpClient: <-- END HTTP (326-byte body)
12-12 11:56:01.223  9907  9951 W teco.fmhandroi: Accessing hidden method Lsun/misc/Unsafe;->compareAndSwapObject(Ljava/lang/Object;JLjava/lang/Object;Ljava/lang/Object;)Z (greylist, linking, allowed)
12-12 11:56:01.228  9907  9907 I ViewInteraction: Performing 'wait for a specific view with <view.getId() is <2131230916>> during 10000 millis.' action on view view.getRootView() to equal view
12-12 11:56:01.231  9907 10023 W teco.fmhandroi: Accessing hidden method Lsun/misc/Unsafe;->compareAndSwapObject(Ljava/lang/Object;JLjava/lang/Object;Ljava/lang/Object;)Z (greylist, linking, allowed)
12-12 11:56:01.235  9907  9907 I ViewInteraction: Checking 'MatchesViewAssertion{viewMatcher=(view has effective visibility <VISIBLE> and view.getGlobalVisibleRect() to return non-empty rectangle)}' assertion on view view.getId() is <2131230916/ru.iteco.fmhandroid:id/claim_list_recycler_view>
12-12 11:56:01.242  9907  9951 W teco.fmhandroi: Accessing hidden method Lsun/misc/Unsafe;->compareAndSwapObject(Ljava/lang/Object;JLjava/lang/Object;Ljava/lang/Object;)Z (greylist, linking, allowed)
12-12 11:56:01.242  9907 10023 W teco.fmhandroi: Accessing hidden method Lsun/misc/Unsafe;->compareAndSwapObject(Ljava/lang/Object;JLjava/lang/Object;Ljava/lang/Object;)Z (greylist, linking, allowed)
12-12 11:56:01.244  9907  9907 I ViewInteraction: Performing 'scroll RecyclerView to: holder with view: (view is an instance of android.view.ViewGroup and has descendant matching an instance of android.widget.TextView and view.getText() with or without transformation to match: is "Заголовок 64e14b41-b72d-4258-b475-2658b3022782")' action on view view.getId() is <2131230916/ru.iteco.fmhandroid:id/claim_list_recycler_view>
12-12 11:56:01.246  2009  2009 W WindowManager: removeWindowToken: Attempted to remove non-existing token: android.os.Binder@479893f
12-12 11:56:01.247  9907  9907 D takeScreenshot: Found 2 global views to redraw
12-12 11:56:01.259  9907  9996 D EGL_emulation: eglMakeCurrent: 0xd471b440: ver 2 0 (tinfo 0xd470ffe0)
12-12 11:56:01.290  1776  1920 D gralloc_ranchu: gralloc_alloc: Creating ashmem region of size 10108928
12-12 11:56:01.334  9907  9951 W DefaultFailureHandler: Failed to take screenshot
12-12 11:56:01.334  9907  9951 W DefaultFailureHandler: java.io.FileNotFoundException: view-op-error-2.png: open failed: EROFS (Read-only file system)
12-12 11:56:01.334  9907  9951 W DefaultFailureHandler: 	at libcore.io.IoBridge.open(IoBridge.java:496)
12-12 11:56:01.334  9907  9951 W DefaultFailureHandler: 	at java.io.FileOutputStream.<init>(FileOutputStream.java:235)
12-12 11:56:01.334  9907  9951 W DefaultFailureHandler: 	at java.io.FileOutputStream.<init>(FileOutputStream.java:125)
12-12 11:56:01.334  9907  9951 W DefaultFailureHandler: 	at androidx.test.platform.io.FileTestStorage.openOutputFile(FileTestStorage.java:60)
12-12 11:56:01.334  9907  9951 W DefaultFailureHandler: 	at androidx.test.core.graphics.BitmapStorage.writeToTestStorage(BitmapStorageExt.kt:49)
12-12 11:56:01.334  9907  9951 W DefaultFailureHandler: 	at androidx.test.espresso.base.DefaultFailureHandler.takeScreenshot(DefaultFailureHandler.java:4)
12-12 11:56:01.334  9907  9951 W DefaultFailureHandler: 	at androidx.test.espresso.base.DefaultFailureHandler.handle(DefaultFailureHandler.java:3)
12-12 11:56:01.334  9907  9951 W DefaultFailureHandler: 	at androidx.test.espresso.ViewInteraction.waitForAndHandleInteractionResults(ViewInteraction.java:8)
12-12 11:56:01.334  9907  9951 W DefaultFailureHandler: 	at androidx.test.espresso.ViewInteraction.desugaredPerform(ViewInteraction.java:11)
12-12 11:56:01.334  9907  9951 W DefaultFailureHandler: 	at androidx.test.espresso.ViewInteraction.perform(ViewInteraction.java:8)
12-12 11:56:01.334  9907  9951 W DefaultFailureHandler: 	at ru.iteco.fmhandroid.ui.steps.ClaimsPageSteps.scrollToElementInRecyclerList(ClaimsPageSteps.java:127)
12-12 11:56:01.334  9907  9951 W DefaultFailureHandler: 	at ru.iteco.fmhandroid.ui.steps.ClaimsPageSteps.openClaimCard(ClaimsPageSteps.java:158)
12-12 11:56:01.334  9907  9951 W DefaultFailureHandler: 	at ru.iteco.fmhandroid.ui.ClaimsCreationFormTest.shouldCreateAClaimWithoutAnExecutor(ClaimsCreationFormTest.java:295)
12-12 11:56:01.334  9907  9951 W DefaultFailureHandler: 	at java.lang.reflect.Method.invoke(Native Method)
12-12 11:56:01.334  9907  9951 W DefaultFailureHandler: 	at org.junit.runners.model.FrameworkMethod$1.runReflectiveCall(FrameworkMethod.java:59)
12-12 11:56:01.334  9907  9951 W DefaultFailureHandler: 	at org.junit.internal.runners.model.ReflectiveCallable.run(ReflectiveCallable.java:12)
12-12 11:56:01.334  9907  9951 W DefaultFailureHandler: 	at org.junit.runners.model.FrameworkMethod.invokeExplosively(FrameworkMethod.java:56)
12-12 11:56:01.334  9907  9951 W DefaultFailureHandler: 	at org.junit.internal.runners.statements.InvokeMethod.evaluate(InvokeMethod.java:17)
12-12 11:56:01.334  9907  9951 W DefaultFailureHandler: 	at androidx.test.internal.runner.junit4.statement.RunBefores.evaluate(RunBefores.java:80)
12-12 11:56:01.334  9907  9951 W DefaultFailureHandler: 	at androidx.test.internal.runner.junit4.statement.RunAfters.evaluate(RunAfters.java:61)
12-12 11:56:01.334  9907  9951 W DefaultFailureHandler: 	at io.qameta.allure.android.rules.ScreenshotRule$apply$1.evaluate(ScreenshotRule.kt:22)
12-12 11:56:01.334  9907  9951 W DefaultFailureHandler: 	at org.junit.rules.ExternalResource$1.evaluate(ExternalResource.java:54)
12-12 11:56:01.334  9907  9951 W DefaultFailureHandler: 	at io.qameta.allure.android.rules.LogcatRule$apply$1.evaluate(LogcatRule.kt:23)
12-12 11:56:01.334  9907  9951 W DefaultFailureHandler: 	at org.junit.rules.RunRules.evaluate(RunRules.java:20)
12-12 11:56:01.334  9907  9951 W DefaultFailureHandler: 	at org.junit.runners.ParentRunner$3.evaluate(ParentRunner.java:306)
12-12 11:56:01.334  9907  9951 W DefaultFailureHandler: 	at org.junit.runners.BlockJUnit4ClassRunner$1.evaluate(BlockJUnit4ClassRunner.java:100)
12-12 11:56:01.334  9907  9951 W DefaultFailureHandler: 	at org.junit.runners.ParentRunner.runLeaf(ParentRunner.java:366)
12-12 11:56:01.334  9907  9951 W DefaultFailureHandler: 	at org.junit.runners.BlockJUnit4ClassRunner.runChild(BlockJUnit4ClassRunner.java:103)
12-12 11:56:01.334  9907  9951 W DefaultFailureHandler: 	at org.junit.runners.BlockJUnit4ClassRunner.runChild(BlockJUnit4ClassRunner.java:63)
12-12 11:56:01.334  9907  9951 W DefaultFailureHandler: 	at org.junit.runners.ParentRunner$4.run(ParentRunner.java:331)
12-12 11:56:01.334  9907  9951 W DefaultFailureHandler: 	at org.junit.runners.ParentRunner$1.schedule(ParentRunner.java:79)
12-12 11:56:01.334  9907  9951 W DefaultFailureHandler: 	at org.junit.runners.ParentRunner.runChildren(ParentRunner.java:329)
12-12 11:56:01.334  9907  9951 W DefaultFailureHandler: 	at org.junit.runners.ParentRunner.access$100(ParentRunner.java:66)
12-12 11:56:01.334  9907  9951 W DefaultFailureHandler: 	at org.junit.runners.ParentRunner$2.evaluate(ParentRunner.java:293)
12-12 11:56:01.334  9907  9951 W DefaultFailureHandler: 	at org.junit.runners.ParentRunner$3.evaluate(ParentRunner.java:306)
12-12 11:56:01.334  9907  9951 W DefaultFailureHandler: 	at org.junit.runners.ParentRunner.run(ParentRunner.java:413)
12-12 11:56:01.334  9907  9951 W DefaultFailureHandler: 	at androidx.test.ext.junit.runners.AndroidJUnit4.run(AndroidJUnit4.java:162)
12-12 11:56:01.334  9907  9951 W DefaultFailureHandler: 	at io.qameta.allure.android.runners.AllureAndroidJUnit4.run(AllureAndroidJUnitRunners.kt:29)
12-12 11:56:01.334  9907  9951 W DefaultFailureHandler: 	at org.junit.runners.Suite.runChild(Suite.java:128)
12-12 11:56:01.334  9907  9951 W DefaultFailureHandler: 	at org.junit.runners.Suite.runChild(Suite.java:27)
12-12 11:56:01.334  9907  9951 W DefaultFailureHandler: 	at org.junit.runners.ParentRunner$4.run(ParentRunner.java:331)
12-12 11:56:01.334  9907  9951 W DefaultFailureHandler: 	at org.junit.runners.ParentRunner$1.schedule(ParentRunner.java:79)
12-12 11:56:01.334  9907  9951 W DefaultFailureHandler: 	at org.junit.runners.ParentRunner.runChildren(ParentRunner.java:329)
12-12 11:56:01.334  9907  9951 W DefaultFailureHandler: 	at org.junit.runners.ParentRunner.access$100(ParentRunner.java:66)
12-12 11:56:01.334  9907  9951 W DefaultFailureHandler: 	at org.junit.runners.ParentRunner$2.evaluate(ParentRunner.java:293)
12-12 11:56:01.334  9907  9951 W DefaultFailureHandler: 	at org.junit.runners.ParentRunner$3.evaluate(ParentRunner.java:306)
12-12 11:56:01.334  9907  9951 W DefaultFailureHandler: 	at org.junit.runners.ParentRunner.run(ParentRunner.java:413)
12-12 11:56:01.334  9907  9951 W DefaultFailureHandler: 	at org.junit.runner.JUnitCore.run(JUnitCore.java:137)
12-12 11:56:01.334  9907  9951 W DefaultFailureHandler: 	at org.junit.runner.JUnitCore.run(JUnitCore.java:115)
12-12 11:56:01.334  9907  9951 W DefaultFailureHandler: 	at androidx.test.internal.runner.TestExecutor.execute(TestExecutor.java:67)
12-12 11:56:01.334  9907  9951 W DefaultFailureHandler: 	at androidx.test.internal.runner.TestExecutor.execute(TestExecutor.java:58)
12-12 11:56:01.334  9907  9951 W DefaultFailureHandler: 	at androidx.test.runner.AndroidJUnitRunner.onStart(AndroidJUnitRunner.java:438)
12-12 11:56:01.334  9907  9951 W DefaultFailureHandler: 	at android.app.Instrumentation$InstrumentationThread.run(Instrumentation.java:2189)
12-12 11:56:01.334  9907  9951 W DefaultFailureHandler: Caused by: android.system.ErrnoException: open failed: EROFS (Read-only file system)
12-12 11:56:01.334  9907  9951 W DefaultFailureHandler: 	at libcore.io.Linux.open(Native Method)
12-12 11:56:01.334  9907  9951 W DefaultFailureHandler: 	at libcore.io.ForwardingOs.open(ForwardingOs.java:167)
12-12 11:56:01.334  9907  9951 W DefaultFailureHandler: 	at libcore.io.BlockGuardOs.open(BlockGuardOs.java:252)
12-12 11:56:01.334  9907  9951 W DefaultFailureHandler: 	at libcore.io.ForwardingOs.open(ForwardingOs.java:167)
12-12 11:56:01.334  9907  9951 W DefaultFailureHandler: 	at android.app.ActivityThread$AndroidOs.open(ActivityThread.java:7255)
12-12 11:56:01.334  9907  9951 W DefaultFailureHandler: 	at libcore.io.IoBridge.open(IoBridge.java:482)
12-12 11:56:01.334  9907  9951 W DefaultFailureHandler: 	... 52 more
12-12 11:56:01.469  9907  9996 D EGL_emulation: eglMakeCurrent: 0xd471b440: ver 2 0 (tinfo 0xd470ffe0)
12-12 11:56:02.074  2161  2161 D StatusBar: disable<e i a s b h r c s > disable2<q i n >
12-12 11:56:02.108  2161  2570 D EGL_emulation: eglMakeCurrent: 0xe7a7fbe0: ver 2 0 (tinfo 0xd11aea40)
12-12 11:56:02.134  1776  1920 D gralloc_ranchu: gralloc_alloc: Creating ashmem region of size 10108928
12-12 11:56:02.150  2161  2570 D EGL_emulation: eglMakeCurrent: 0xe7a7fbe0: ver 2 0 (tinfo 0xd11aea40)
12-12 11:56:02.193  1776  1920 D gralloc_ranchu: gralloc_alloc: Creating ashmem region of size 10108928
12-12 11:56:02.205  2161  2161 D StatusBar: disable<e i a s b h r c s > disable2<q i n >
12-12 11:56:02.221  9907  9951 W QueryController: AccessibilityNodeInfo returned a null child (11 of 12)
12-12 11:56:02.221  9907  9951 W QueryController: parent = android.view.accessibility.AccessibilityNodeInfo@b2cf6; boundsInParent: Rect(0, 0 - 1014, 454); boundsInScreen: Rect(33, 1987 - 1047, 2208); packageName: ru.iteco.fmhandroid; className: android.view.ViewGroup; text: null; error: null; maxTextLength: -1; contentDescription: null; tooltipText: null; viewIdResName: null; checkable: false; checked: false; focusable: false; focused: false; selected: false; clickable: false; longClickable: false; contextClickable: false; enabled: true; password: false; scrollable: false; importantForAccessibility: false; visible: true; actions: [AccessibilityAction: ACTION_SELECT - null, AccessibilityAction: ACTION_CLEAR_SELECTION - null, AccessibilityAction: ACTION_ACCESSIBILITY_FOCUS - null, AccessibilityAction: ACTION_SHOW_ON_SCREEN - null]
12-12 11:56:02.252  1776  1920 D gralloc_ranchu: gralloc_alloc: Creating ashmem region of size 10108928
12-12 11:56:02.287  2009  5883 W NotificationService: Toast already killed. pkg=ru.iteco.fmhandroid callback=android.app.ITransientNotification$Stub$Proxy@95323d9
12-12 11:56:02.305  2009  2042 W WindowManager: Unable to start animation, surface is null or no children.
12-12 11:56:03.274  9907  9951 I QueryController: Matched selector: UiSelector[DESCRIPTION=Airplane mode] <<==>> [android.view.accessibility.AccessibilityNodeInfo@74de8; boundsInParent: Rect(0, 0 - 292, 292); boundsInScreen: Rect(736, 804 - 1028, 1096); packageName: com.android.systemui; className: android.widget.Switch; text: Off; error: null; maxTextLength: -1; contentDescription: Airplane mode; tooltipText: null; viewIdResName: null; checkable: true; checked: false; focusable: true; focused: false; selected: false; clickable: true; longClickable: true; contextClickable: false; enabled: true; password: false; scrollable: false; importantForAccessibility: true; visible: true; actions: [AccessibilityAction: ACTION_FOCUS - null, AccessibilityAction: ACTION_SELECT - null, AccessibilityAction: ACTION_CLEAR_SELECTION - null, AccessibilityAction: ACTION_CLICK - null, AccessibilityAction: ACTION_ACCESSIBILITY_FOCUS - null, AccessibilityAction: ACTION_NEXT_AT_MOVEMENT_GRANULARITY - null, AccessibilityAction: ACTION_PREVIOUS_AT_MOVEMENT_GRANULARITY - null, AccessibilityAction: ACTION_SET_SELECTION - null, AccessibilityAction: ACTION_SHOW_ON_SCREEN - null, AccessibilityAction: ACTION_LONG_CLICK - Open settings]]
12-12 11:56:03.290  2009  2040 D AutofillManagerService: onBackKeyPressed()
12-12 11:56:03.923  2161  2161 V StatusBar: mStatusBarWindow: com.android.systemui.statusbar.phone.StatusBarWindowView{f80b54d V.E...... ........ 0,0-1080,2340} canPanelBeCollapsed(): true
12-12 11:56:03.934  2161  2161 D StatusBar: disable<e i a s b h r c s > disable2<q i n >
12-12 11:56:03.962  2161  2161 D StatusBar: disable<e i a s b h r c s > disable2<q i n >
12-12 11:56:03.978  1776  1920 D gralloc_ranchu: gralloc_alloc: Creating ashmem region of size 10108928
12-12 11:56:04.011  2161  2570 D EGL_emulation: eglMakeCurrent: 0xe7a7fbe0: ver 2 0 (tinfo 0xd11aea40)
12-12 11:56:04.017  1776  1920 D gralloc_ranchu: gralloc_alloc: Creating ashmem region of size 286720
12-12 11:56:04.025  2161  2570 D EGL_emulation: eglMakeCurrent: 0xe7a7fbe0: ver 2 0 (tinfo 0xd11aea40)
12-12 11:56:04.044  1776  1920 D gralloc_ranchu: gralloc_alloc: Creating ashmem region of size 286720
12-12 11:56:04.046  1765  1916 W audio_hw_generic: Not supplying enough data to HAL, expected position 4951372 , only wrote 4421429
12-12 11:56:04.063  1776  1920 D gralloc_ranchu: gralloc_alloc: Creating ashmem region of size 286720
12-12 11:56:03.922  2009  2040 D AutofillManagerService: onBackKeyPressed()
12-12 11:56:04.227  2009  5883 I ActivityTaskManager: START u0 {act=android.intent.action.MAIN cat=[android.intent.category.LAUNCHER] flg=0x10000000 cmp=ru.iteco.fmhandroid.test/androidx.test.core.app.InstrumentationActivityInvoker$EmptyActivity} from uid 10146
12-12 11:56:04.238  9907  9907 D LifecycleMonitor: Lifecycle status change: ru.iteco.fmhandroid.ui.AppActivity@bb51593 in: PAUSED
12-12 11:56:04.238  9907  9907 V ActivityScenario: Update currentActivityStage to PAUSED, currentActivity=ru.iteco.fmhandroid.ui.AppActivity@bb51593
12-12 11:56:04.239  2009  3027 W InputReader: Device has associated, but no associated display id.
12-12 11:56:04.245  2009  3027 I chatty  : uid=1000(system) Binder:2009_A identical 38 lines
12-12 11:56:04.245  2009  3027 W InputReader: Device has associated, but no associated display id.
12-12 11:56:04.245  9907  9945 V FA      : Recording user engagement, ms: 23123
12-12 11:56:04.246  9962  9962 W ActivityThread: handleWindowVisibility: no activity for token android.os.BinderProxy@9533af5
12-12 11:56:04.255  2009  3027 W InputReader: Device has associated, but no associated display id.
12-12 11:56:04.309  2009  3027 I ActivityTaskManager: START u0 {act=android.intent.action.MAIN cat=[android.intent.category.LAUNCHER] flg=0x10000000 cmp=ru.iteco.fmhandroid.test/androidx.test.core.app.InstrumentationActivityInvoker$EmptyActivity} from uid 10146
12-12 11:56:04.255  2009  3027 I chatty  : uid=1000(system) Binder:2009_A identical 8 lines
12-12 11:56:04.255  2009  3027 W InputReader: Device has associated, but no associated display id.
12-12 11:56:04.328  9907  9945 V FA      : Connecting to remote service
12-12 11:56:04.345  9962  9993 D HostConnection: HostConnection::get() New Host Connection established 0xd1144eb0, tid 9993
12-12 11:56:04.359  9907  9945 V FA      : Connection attempt already in progress
12-12 11:56:04.360  9907  9945 V FA      : Activity paused, time: 3589916
12-12 11:56:04.368  9907  9945 D FA      : Connected to remote service
12-12 11:56:04.371  9907  9945 V FA      : Processing queued up service tasks: 2
12-12 11:56:04.394  9962  9993 D HostConnection: HostComposition ext ANDROID_EMU_CHECKSUM_HELPER_v1 ANDROID_EMU_dma_v1 ANDROID_EMU_direct_mem ANDROID_EMU_host_composition_v1 ANDROID_EMU_host_composition_v2 ANDROID_EMU_vulkan ANDROID_EMU_deferred_vulkan_commands ANDROID_EMU_vulkan_null_optional_strings ANDROID_EMU_vulkan_create_resources_with_requirements ANDROID_EMU_YUV_Cache ANDROID_EMU_vulkan_ignored_handles ANDROID_EMU_vulkan_free_memory_sync ANDROID_EMU_vulkan_shader_float16_int8 ANDROID_EMU_vulkan_async_queue_submit ANDROID_EMU_sync_buffer_data GL_OES_vertex_array_object GL_KHR_texture_compression_astc_ldr ANDROID_EMU_host_side_tracing ANDROID_EMU_gles_max_version_2 
12-12 11:56:04.399  9962  9993 W OpenGLRenderer: Failed to choose config with EGL_SWAP_BEHAVIOR_PRESERVED, retrying without...
12-12 11:56:04.403  2861  9954 V FA-SVC  : Logging event: origin=auto,name=user_engagement(_e),params=Bundle[{ga_event_origin(_o)=auto, engagement_time_msec(_et)=23123, ga_screen_class(_sc)=AppActivity, ga_screen_id(_si)=-8602831351117793980}]
12-12 11:56:04.437  9962  9993 D EGL_emulation: eglCreateContext: 0xdc7f48c0: maj 2 min 0 rcv 2
12-12 11:56:04.441  9962  9993 D EGL_emulation: eglMakeCurrent: 0xdc7f48c0: ver 2 0 (tinfo 0xe7ac0500)
12-12 11:56:04.446  2861  9954 V FA-SVC  : Upload scheduled in approximately ms: 3130141
12-12 11:56:04.446  2861  9954 V FA-SVC  : Unscheduling upload
12-12 11:56:04.452  2861  9954 V FA-SVC  : Scheduling upload, millis: 3130141
12-12 11:56:04.452  1776  1920 D gralloc_ranchu: gralloc_alloc: Creating ashmem region of size 10108928
12-12 11:56:04.457  1650  1650 I hwservicemanager: getTransport: Cannot find entry android.hardware.graphics.mapper@3.0::IMapper/default in either framework or device manifest.
12-12 11:56:04.457  2861  9954 V FA-SVC  : Background event processing time, ms: 55
12-12 11:56:04.459  9962  9993 W Gralloc3: mapper 3.x is not supported
12-12 11:56:04.461  9962  9993 D HostConnection: createUnique: call
12-12 11:56:04.463  9962  9993 D HostConnection: HostConnection::get() New Host Connection established 0xd1146620, tid 9993
12-12 11:56:04.465  9962  9993 D HostConnection: HostComposition ext ANDROID_EMU_CHECKSUM_HELPER_v1 ANDROID_EMU_dma_v1 ANDROID_EMU_direct_mem ANDROID_EMU_host_composition_v1 ANDROID_EMU_host_composition_v2 ANDROID_EMU_vulkan ANDROID_EMU_deferred_vulkan_commands ANDROID_EMU_vulkan_null_optional_strings ANDROID_EMU_vulkan_create_resources_with_requirements ANDROID_EMU_YUV_Cache ANDROID_EMU_vulkan_ignored_handles ANDROID_EMU_vulkan_free_memory_sync ANDROID_EMU_vulkan_shader_float16_int8 ANDROID_EMU_vulkan_async_queue_submit ANDROID_EMU_sync_buffer_data GL_OES_vertex_array_object GL_KHR_texture_compression_astc_ldr ANDROID_EMU_host_side_tracing ANDROID_EMU_gles_max_version_2 
12-12 11:56:04.466  9962  9993 D eglCodecCommon: allocate: Ask for block of size 0x1000
12-12 11:56:04.466  9962  9993 D eglCodecCommon: allocate: ioctl allocate returned offset 0x3ff647000 size 0x2000
12-12 11:56:04.471  1776  1920 D gralloc_ranchu: gralloc_alloc: Creating ashmem region of size 10108928
12-12 11:56:04.473  1776  1920 D gralloc_ranchu: gralloc_alloc: Creating ashmem region of size 10108928
12-12 11:56:04.476  9962  9993 D EGL_emulation: eglMakeCurrent: 0xdc7f48c0: ver 2 0 (tinfo 0xe7ac0500)
12-12 11:56:04.577  2009  4191 W InputReader: Device has associated, but no associated display id.
12-12 11:56:04.583  2009  4191 I chatty  : uid=1000(system) Binder:2009_10 identical 48 lines
12-12 11:56:04.583  2009  4191 W InputReader: Device has associated, but no associated display id.
12-12 11:56:04.597  9962  9962 W ActivityThread: handleWindowVisibility: no activity for token android.os.BinderProxy@7e2903a
12-12 11:56:04.628  2009  3027 W ActivityTaskManager: Duplicate finish request for ActivityRecord{b7167ea u0 ru.iteco.fmhandroid/.ui.AppActivity t414 f}
12-12 11:56:04.660  1776  1920 D gralloc_ranchu: gralloc_alloc: Creating ashmem region of size 10108928
12-12 11:56:04.671  1776  1920 I chatty  : uid=1000(system) HwBinder:1776_2 identical 1 line
12-12 11:56:04.673  1776  1920 D gralloc_ranchu: gralloc_alloc: Creating ashmem region of size 10108928
12-12 11:56:04.675  9962  9993 D EGL_emulation: eglMakeCurrent: 0xdc7f48c0: ver 2 0 (tinfo 0xe7ac0500)
12-12 11:56:04.703  2009  2043 W InputReader: Device has associated, but no associated display id.
12-12 11:56:04.705  2009  2043 I chatty  : uid=1000(system) android.anim identical 18 lines
12-12 11:56:04.705  2009  2043 W InputReader: Device has associated, but no associated display id.
12-12 11:56:04.720  2009  4191 W InputReader: Device has associated, but no associated display id.
12-12 11:56:04.720  2009  4191 I chatty  : uid=1000(system) Binder:2009_10 identical 8 lines
12-12 11:56:04.720  2009  4191 W InputReader: Device has associated, but no associated display id.
12-12 11:56:04.721  9907  9996 D EGL_emulation: eglMakeCurrent: 0xd471b440: ver 2 0 (tinfo 0xd470ffe0)
12-12 11:56:04.725  2009  2047 I ActivityTaskManager: Displayed ru.iteco.fmhandroid.test/androidx.test.core.app.InstrumentationActivityInvoker$EmptyActivity: +341ms
12-12 11:56:04.774  2009  5883 W InputReader: Device has associated, but no associated display id.
12-12 11:56:04.775  2009  5883 I chatty  : uid=1000(system) Binder:2009_16 identical 8 lines
12-12 11:56:04.775  2009  5883 W InputReader: Device has associated, but no associated display id.
12-12 11:56:04.790  9907  9907 D AutofillManager: onActivityFinishing(): calling cancelLocked()
12-12 11:56:04.795  1776  1920 D gralloc_ranchu: gralloc_alloc: Creating ashmem region of size 10108928
12-12 11:56:04.810  1776  1920 I chatty  : uid=1000(system) HwBinder:1776_2 identical 1 line
12-12 11:56:04.814  1776  1920 D gralloc_ranchu: gralloc_alloc: Creating ashmem region of size 10108928
12-12 11:56:04.823  2934  3550 D EGL_emulation: eglMakeCurrent: 0xb4f69600: ver 2 0 (tinfo 0xb7b06800)
12-12 11:56:04.855  2009  2009 W ActivityManager: Unable to start service Intent { act=android.service.appprediction.AppPredictionService cmp=com.google.android.as/com.google.android.apps.miphone.aiai.app.AiAiPredictionService } U=0: not found
12-12 11:56:04.855  2009  2009 W RemoteAppPredictionService: could not bind to Intent { act=android.service.appprediction.AppPredictionService cmp=com.google.android.as/com.google.android.apps.miphone.aiai.app.AiAiPredictionService } using flags 67108865
12-12 11:56:04.860  9907  9907 D LifecycleMonitor: Lifecycle status change: ru.iteco.fmhandroid.ui.AppActivity@bb51593 in: STOPPED
12-12 11:56:04.861  9907  9907 V ActivityScenario: Update currentActivityStage to STOPPED, currentActivity=ru.iteco.fmhandroid.ui.AppActivity@bb51593
12-12 11:56:04.876  2934  2934 W ThreadPoolDumper: Queue length for executor EventBus is now 11. Perhaps some tasks are too long, or the pool is too small.
12-12 11:56:04.881  1776  1920 D gralloc_ranchu: gralloc_alloc: Creating ashmem region of size 10108928
12-12 11:56:04.893  1776  1920 D gralloc_ranchu: gralloc_alloc: Creating ashmem region of size 10108928
12-12 11:56:04.895  2484  3096 D EGL_emulation: eglMakeCurrent: 0xe7a7f6a0: ver 2 0 (tinfo 0xdc8104f0)
12-12 11:56:04.896  1776  1920 D gralloc_ranchu: gralloc_alloc: Creating ashmem region of size 10108928
12-12 11:56:04.905  2934  3332 W SessionLifecycleManager: Handover failed. Creating new session controller.
12-12 11:56:04.927  2009  2043 W InputReader: Device has associated, but no associated display id.
12-12 11:56:04.927  2009  2043 I chatty  : uid=1000(system) android.anim identical 8 lines
12-12 11:56:04.927  2009  2043 W InputReader: Device has associated, but no associated display id.
12-12 11:56:04.933  2161  2570 D EGL_emulation: eglMakeCurrent: 0xe7a7fbe0: ver 2 0 (tinfo 0xd11aea40)
12-12 11:56:04.934  1776  1920 D gralloc_ranchu: gralloc_alloc: Creating ashmem region of size 6471680
12-12 11:56:04.975  9962  9993 D EGL_emulation: eglMakeCurrent: 0xdc7f48c0: ver 2 0 (tinfo 0xe7ac0500)
12-12 11:56:04.988  8263 10042 E memtrack: Couldn't load memtrack module
12-12 11:56:04.988  8263 10042 W android.os.Debug: failed to get memory consumption info: -1
12-12 11:56:04.998  1792  1792 E Layer   : [Surface(name=AppWindowToken{837d646 token=Token{8c77221 ActivityRecord{c4f888 u0 com.google.android.apps.nexuslauncher/.NexusLauncherActivity t401}}})/@0x179ae30 - animation-leash#0] No local sync point found
12-12 11:56:04.998  1792  1792 E Layer   : [Surface(name=AppWindowToken{a519761 token=Token{7b76ac8 ActivityRecord{1625f6b u0 ru.iteco.fmhandroid.test/androidx.test.core.app.InstrumentationActivityInvoker$EmptyActivity t414}}})/@0x324a21f - animation-leash#0] No local sync point found
12-12 11:56:05.023  2009  6383 D HostConnection: HostConnection::get() New Host Connection established 0xa91e0ad0, tid 6383
12-12 11:56:05.061  2009  6383 D HostConnection: HostComposition ext ANDROID_EMU_CHECKSUM_HELPER_v1 ANDROID_EMU_dma_v1 ANDROID_EMU_direct_mem ANDROID_EMU_host_composition_v1 ANDROID_EMU_host_composition_v2 ANDROID_EMU_vulkan ANDROID_EMU_deferred_vulkan_commands ANDROID_EMU_vulkan_null_optional_strings ANDROID_EMU_vulkan_create_resources_with_requirements ANDROID_EMU_YUV_Cache ANDROID_EMU_vulkan_ignored_handles ANDROID_EMU_vulkan_free_memory_sync ANDROID_EMU_vulkan_shader_float16_int8 ANDROID_EMU_vulkan_async_queue_submit ANDROID_EMU_sync_buffer_data GL_OES_vertex_array_object GL_KHR_texture_compression_astc_ldr ANDROID_EMU_host_side_tracing ANDROID_EMU_gles_max_version_2 
12-12 11:56:05.061  9907  9907 D LifecycleMonitor: Lifecycle status change: ru.iteco.fmhandroid.ui.AppActivity@bb51593 in: DESTROYED
12-12 11:56:05.061  9907  9907 V ActivityScenario: Update currentActivityStage to DESTROYED, currentActivity=null
12-12 11:56:05.065  2009  6383 W OpenGLRenderer: Failed to choose config with EGL_SWAP_BEHAVIOR_PRESERVED, retrying without...
12-12 11:56:05.103  2009  6383 D EGL_emulation: eglCreateContext: 0xd11493c0: maj 2 min 0 rcv 2
12-12 11:56:05.111  2009  6383 D EGL_emulation: eglMakeCurrent: 0xd11493c0: ver 2 0 (tinfo 0xb8779bb0)
12-12 11:56:05.139  2934  8104 W LocationOracle: No location history returned by ContextManager
12-12 11:56:05.168  2934  3332 I MicroDetectionWorker: #startMicroDetector [speakerMode: 0]
12-12 11:56:05.181  2934  3332 W ErrorReporter: reportError [type: 211, code: 393244, bug: 0]: errorCode: 393244, engine: 0
12-12 11:56:05.182  2934  3332 I MicroDetector: Keeping mic open: false
12-12 11:56:05.182  2934  3332 I MicroDetectionWorker: #onError(false)
12-12 11:56:05.227  8263  8345 W GCoreFlp: No location to return for getLastLocation()
