--------- beginning of system
12-12 11:55:36.712  2009  5692 I ActivityManager: Force stopping ru.iteco.fmhandroid appid=10146 user=0: from pid 9848
--------- beginning of main
12-12 11:55:36.732  2289  2289 D CarrierSvcBindHelper: No carrier app for: 0
12-12 11:55:36.875  2009  5692 I ActivityManager: Force stopping ru.iteco.fmhandroid appid=10146 user=0: from pid 9868
12-12 11:55:37.061  2009  5692 I ActivityManager: Force stopping ru.iteco.fmhandroid.test appid=10147 user=0: from pid 9884
12-12 11:55:37.063  2009  5692 I ActivityManager: Killing 9738:ru.iteco.fmhandroid.test/u0a147 (adj 900): stop ru.iteco.fmhandroid.test
12-12 11:55:37.088  2009  2042 W ActivityManager: setHasOverlayUi called on unknown pid: 9738
12-12 11:55:36.890  2289  2289 I chatty  : uid=1001(radio) com.android.phone identical 1 line
12-12 11:55:37.084  2289  2289 D CarrierSvcBindHelper: No carrier app for: 0
12-12 11:55:37.095  1746  1746 I Zygote  : Process 9738 exited due to signal 9 (Killed)
12-12 11:55:37.104  2009  2050 I libprocessgroup: Successfully killed process cgroup uid 10147 pid 9738 in 38ms
12-12 11:55:37.294  9892  9892 D AndroidRuntime: >>>>>> START com.android.internal.os.RuntimeInit uid 2000 <<<<<<
12-12 11:55:37.299  9892  9892 E libc    : Access denied finding property "persist.device_config.runtime_native_boot.enable_apex_image"
12-12 11:55:37.300  9892  9892 I AndroidRuntime: Using default boot image
12-12 11:55:37.300  9892  9892 E libc    : Access denied finding property "persist.device_config.runtime_native_boot.disable_lock_profiling"
12-12 11:55:37.300  9892  9892 I AndroidRuntime: Leaving lock profiling enabled
12-12 11:55:37.300  9892  9892 E libc    : Access denied finding property "persist.device_config.runtime_native_boot.enable_generational_cc"
12-12 11:55:37.302  9892  9892 I app_process: Core platform API reporting enabled, enforcing=false
12-12 11:55:37.287  9892  9892 W app_process: type=1400 audit(0.0:73): avc: denied { read } for name="u:object_r:device_config_runtime_native_boot_prop:s0" dev="tmpfs" ino=9326 scontext=u:r:shell:s0 tcontext=u:object_r:device_config_runtime_native_boot_prop:s0 tclass=file permissive=0
12-12 11:55:37.287  9892  9892 W app_process: type=1400 audit(0.0:74): avc: denied { read } for name="u:object_r:device_config_runtime_native_boot_prop:s0" dev="tmpfs" ino=9326 scontext=u:r:shell:s0 tcontext=u:object_r:device_config_runtime_native_boot_prop:s0 tclass=file permissive=0
12-12 11:55:37.287  9892  9892 W app_process: type=1400 audit(0.0:75): avc: denied { read } for name="u:object_r:device_config_runtime_native_boot_prop:s0" dev="tmpfs" ino=9326 scontext=u:r:shell:s0 tcontext=u:object_r:device_config_runtime_native_boot_prop:s0 tclass=file permissive=0
12-12 11:55:37.361  9892  9892 D ICU     : Time zone APEX file found: /apex/com.android.tzdata/etc/icu/icu_tzdata.dat
12-12 11:55:37.366  9892  9892 W app_process: Unexpected CPU variant for X86 using defaults: x86
12-12 11:55:37.376  9892  9892 I app_process: The ClassLoaderContext is a special shared library.
12-12 11:55:37.422  9892  9892 W app_process: JNI RegisterNativeMethods: attempt to register 0 native methods for android.media.AudioAttributes
12-12 11:55:37.426  9892  9892 D AndroidRuntime: Calling main entry com.android.commands.am.Am
12-12 11:55:37.435  2009  5938 I ActivityManager: Force stopping ru.iteco.fmhandroid appid=10146 user=0: start instr
12-12 11:55:37.444  1746  1746 D Zygote  : Forked child process 9907
12-12 11:55:37.450  9907  9907 I teco.fmhandroi: Late-enabling -Xcheck:jni
12-12 11:55:37.451  2009  2049 I ActivityManager: Start proc 9907:ru.iteco.fmhandroid/u0a146 for added application ru.iteco.fmhandroid
12-12 11:55:37.464  9907  9907 E teco.fmhandroi: Unknown bits set in runtime_flags: 0x8000
12-12 11:55:37.465  9907  9907 W teco.fmhandroi: Unexpected CPU variant for X86 using defaults: x86
12-12 11:55:37.555  9907  9907 I teco.fmhandroi: The ClassLoaderContext is a special shared library.
12-12 11:55:37.557  9907  9907 I teco.fmhandroi: The ClassLoaderContext is a special shared library.
12-12 11:55:37.777  9907  9907 W teco.fmhandroi: ClassLoaderContext classpath size mismatch. expected=0, found=7 (PCL[] | PCL[/system/framework/android.test.runner.jar*3312018701:/system/framework/android.test.mock.jar*3601177991:/data/app/ru.iteco.fmhandroid.test-scIgmdoWTR54TNn9Ev13vQ==/base.apk*125722370:/data/app/ru.iteco.fmhandroid.test-scIgmdoWTR54TNn9Ev13vQ==/base.apk!classes2.dex*2301094307:/data/app/ru.iteco.fmhandroid.test-scIgmdoWTR54TNn9Ev13vQ==/base.apk!classes3.dex*2736641662:/data/app/ru.iteco.fmhandroid.test-scIgmdoWTR54TNn9Ev13vQ==/base.apk!classes4.dex*2836181453:/data/app/ru.iteco.fmhandroid.test-scIgmdoWTR54TNn9Ev13vQ==/base.apk!classes5.dex*3565028789])
12-12 11:55:37.779  9907  9907 W teco.fmhandroi: Found duplicate classes, falling back to extracting from APK : /data/app/ru.iteco.fmhandroid-R0QVQlEGwG1IVzN-H3bqog==/base.apk
12-12 11:55:37.779  9907  9907 W teco.fmhandroi: NOTE: This wastes RAM and hurts startup performance.
12-12 11:55:37.779  9907  9907 W teco.fmhandroi: Found duplicated class when checking oat files: 'Lcom/google/common/util/concurrent/ListenableFuture;' in /data/app/ru.iteco.fmhandroid-R0QVQlEGwG1IVzN-H3bqog==/base.apk and /data/app/ru.iteco.fmhandroid.test-scIgmdoWTR54TNn9Ev13vQ==/base.apk
12-12 11:55:37.779  9907  9907 W teco.fmhandroi: 
12-12 11:55:38.104  9907  9907 I teco.fmhandroi: The ClassLoaderContext is a special shared library.
12-12 11:55:38.104  9907  9907 I teco.fmhandroi: The ClassLoaderContext is a special shared library.
12-12 11:55:38.318  9907  9907 W teco.fmhandroi: ClassLoaderContext classpath size mismatch. expected=0, found=7 (PCL[] | PCL[/system/framework/android.test.runner.jar*3312018701:/system/framework/android.test.mock.jar*3601177991:/data/app/ru.iteco.fmhandroid.test-scIgmdoWTR54TNn9Ev13vQ==/base.apk*125722370:/data/app/ru.iteco.fmhandroid.test-scIgmdoWTR54TNn9Ev13vQ==/base.apk!classes2.dex*2301094307:/data/app/ru.iteco.fmhandroid.test-scIgmdoWTR54TNn9Ev13vQ==/base.apk!classes3.dex*2736641662:/data/app/ru.iteco.fmhandroid.test-scIgmdoWTR54TNn9Ev13vQ==/base.apk!classes4.dex*2836181453:/data/app/ru.iteco.fmhandroid.test-scIgmdoWTR54TNn9Ev13vQ==/base.apk!classes5.dex*3565028789];PCL[/system/framework/android.test.runner.jar*3312018701:/system/framework/android.test.mock.jar*3601177991:/data/app/ru.iteco.fmhandroid.test-scIgmdoWTR54TNn9Ev13vQ==/base.apk*125722370:/data/app/ru.iteco.fmhandroid.test-scIgmdoWTR54TNn9Ev13vQ==/base.apk!classes2.dex*2301094307:/data/app/ru.iteco.fmhandroid.test-scIgmdoWTR54TNn9Ev13vQ==/base.apk!classes3.dex*2736641662:/data/app/ru.itec
12-12 11:55:38.318  9907  9907 W teco.fmhandroi: Found duplicate classes, falling back to extracting from APK : /data/app/ru.iteco.fmhandroid-R0QVQlEGwG1IVzN-H3bqog==/base.apk
12-12 11:55:38.318  9907  9907 W teco.fmhandroi: NOTE: This wastes RAM and hurts startup performance.
12-12 11:55:38.318  9907  9907 W teco.fmhandroi: Found duplicated class when checking oat files: 'Landroid/support/v4/app/INotificationSideChannel$Default;' in /data/app/ru.iteco.fmhandroid-R0QVQlEGwG1IVzN-H3bqog==/base.apk and /data/app/ru.iteco.fmhandroid-R0QVQlEGwG1IVzN-H3bqog==/base.apk
12-12 11:55:38.318  9907  9907 W teco.fmhandroi: 
12-12 11:55:38.624  2934  3332 I MicroDetectionWorker: #startMicroDetector [speakerMode: 0]
12-12 11:55:38.625  2934  3332 W ErrorReporter: reportError [type: 211, code: 393244, bug: 0]: errorCode: 393244, engine: 0
12-12 11:55:38.626  2934  3332 I MicroDetector: Keeping mic open: false
12-12 11:55:38.627  2934  3332 I MicroDetectionWorker: #onError(false)
12-12 11:55:38.651  9907  9907 W teco.fmhandroi: Accessing hidden method Landroid/app/Instrumentation;->execStartActivity(Landroid/content/Context;Landroid/os/IBinder;Landroid/os/IBinder;Landroid/app/Activity;Landroid/content/Intent;ILandroid/os/Bundle;)Landroid/app/Instrumentation$ActivityResult; (greylist, linking, allowed)
12-12 11:55:38.652  9907  9907 W teco.fmhandroi: Accessing hidden method Landroid/app/Instrumentation;->execStartActivity(Landroid/content/Context;Landroid/os/IBinder;Landroid/os/IBinder;Ljava/lang/String;Landroid/content/Intent;ILandroid/os/Bundle;)Landroid/app/Instrumentation$ActivityResult; (greylist, linking, allowed)
12-12 11:55:38.666  9907  9907 I MonitoringInstr: newApplication called!
12-12 11:55:38.718  9907  9907 I FirebaseApp: Device unlocked: initializing all Firebase APIs for app [DEFAULT]
12-12 11:55:38.737  9907  9907 I FirebaseCrashlytics: Initializing Firebase Crashlytics 18.2.6 for ru.iteco.fmhandroid
12-12 11:55:38.810  9907  9941 I DynamiteModule: Considering local module com.google.android.gms.measurement.dynamite:55 and remote module com.google.android.gms.measurement.dynamite:15
12-12 11:55:38.811  9907  9941 I DynamiteModule: Selected local version of com.google.android.gms.measurement.dynamite
12-12 11:55:38.916  9907  9907 I FirebaseInitProvider: FirebaseApp initialization successful
12-12 11:55:38.948  9907  9907 I MonitoringInstr: Instrumentation started!
12-12 11:55:38.965  9907  9907 D ClassesArgTokenizer: input: ru.iteco.fmhandroid.ui.ClaimsCreationFormTest#shouldCreateAClaimWithoutAnExecutor
12-12 11:55:38.967  9907  9907 D ClassesArgTokenizer: result: [ru.iteco.fmhandroid.ui.ClaimsCreationFormTest#shouldCreateAClaimWithoutAnExecutor]
12-12 11:55:38.967  9907  9907 D ClassesArgTokenizer: input: null
12-12 11:55:38.967  9907  9907 D ClassesArgTokenizer: result: []
12-12 11:55:38.973  9907  9907 V TestEventClient: No service name argument was given (testDiscoveryService, testRunEventService or orchestratorService)
12-12 11:55:38.990  9907  9951 D AndroidJUnitRunner: onStart is called.
12-12 11:55:39.003  9907  9907 I MonitoringInstr: No JSBridge.
12-12 11:55:39.020  9907  9945 V FA      : App measurement collection enabled
12-12 11:55:39.021  9907  9945 V FA      : App measurement enabled for app package, google app id: ru.iteco.fmhandroid, 1:729587742060:android:e7d6f87c783f52b9a42f49
12-12 11:55:39.024  9907  9945 I FA      : App measurement initialized, version: 46000
12-12 11:55:39.024  9907  9945 I FA      : To enable debug logging run: adb shell setprop log.tag.FA VERBOSE
12-12 11:55:39.025  9907  9945 I FA      : To enable faster debug mode event logging run:
12-12 11:55:39.025  9907  9945 I FA      :   adb shell setprop debug.firebase.analytics.app ru.iteco.fmhandroid
12-12 11:55:39.025  9907  9945 D FA      : Debug-level message logging enabled
12-12 11:55:39.025  9907  9951 D TestRequestBuilder: Skipping class path scanning and directly running [ru.iteco.fmhandroid.ui.ClaimsCreationFormTest]
12-12 11:55:39.039  9907  9951 D ClassesArgTokenizer: input: ru.iteco.fmhandroid.ui.ClaimsCreationFormTest#shouldCreateAClaimWithoutAnExecutor
12-12 11:55:39.039  9907  9951 D ClassesArgTokenizer: result: [ru.iteco.fmhandroid.ui.ClaimsCreationFormTest#shouldCreateAClaimWithoutAnExecutor]
12-12 11:55:39.039  9907  9951 D ClassesArgTokenizer: input: null
12-12 11:55:39.039  9907  9951 D ClassesArgTokenizer: result: []
12-12 11:55:39.074  9907  9951 D AndroidJUnitRunner: Use the raw file system for managing file I/O.
12-12 11:55:39.084  9907  9951 D TestExecutor: Adding listener androidx.test.internal.runner.listener.LogRunListener
12-12 11:55:39.087  9907  9951 D TestExecutor: Adding listener androidx.test.internal.runner.listener.InstrumentationResultPrinter
12-12 11:55:39.087  9907  9951 D TestExecutor: Adding listener androidx.test.internal.runner.listener.ActivityFinisherRunListener
12-12 11:55:39.087  9907  9951 D TestExecutor: Adding listener androidx.test.internal.runner.listener.TraceRunListener
12-12 11:55:39.097  9907  9951 I TestRunner: run started: 1 tests
12-12 11:55:39.108  9907  9945 V FA      : Connecting to remote service
12-12 11:55:39.142  9907  9945 V FA      : Connection attempt already in progress
12-12 11:55:39.153  9907  9945 V FA      : Connection attempt already in progress
12-12 11:55:39.154  9907  9945 D FA      : Connected to remote service
12-12 11:55:39.155  9907  9945 V FA      : Processing queued up service tasks: 3
12-12 11:55:39.192  9907  9951 I TestRunner: started: shouldCreateAClaimWithoutAnExecutor(ru.iteco.fmhandroid.ui.ClaimsCreationFormTest)
12-12 11:55:39.204  2861  9954 V FA-SVC  : Saving default event parameters, appId, data size: ru.iteco.fmhandroid, 2
12-12 11:55:39.405  1745  9955 E ResolverController: No valid NAT64 prefix (100, <unspecified>/0)
12-12 11:55:39.526  2009  2009 V SettingsProvider: Notifying for 0: content://settings/secure/accessibility_enabled
12-12 11:55:39.578  9907  9951 W Settings: Setting always_finish_activities has moved from android.provider.Settings.System to android.provider.Settings.Global, returning read-only value.
12-12 11:55:39.586  2009  3771 I ActivityTaskManager: START u0 {act=android.intent.action.MAIN cat=[android.intent.category.LAUNCHER] flg=0x10008000 cmp=ru.iteco.fmhandroid.test/androidx.test.core.app.InstrumentationActivityInvoker$BootstrapActivity (has extras)} from uid 10146
12-12 11:55:39.601  2009  3771 W InputReader: Device has associated, but no associated display id.
12-12 11:55:39.602  2009  3771 I chatty  : uid=1000(system) Binder:2009_D identical 8 lines
12-12 11:55:39.602  2009  3771 W InputReader: Device has associated, but no associated display id.
12-12 11:55:39.624  1746  1746 D Zygote  : Forked child process 9962
12-12 11:55:39.627  2009  2049 I ActivityManager: Start proc 9962:ru.iteco.fmhandroid.test/u0a147 for activity {ru.iteco.fmhandroid.test/androidx.test.core.app.InstrumentationActivityInvoker$BootstrapActivity}
12-12 11:55:39.633  9962  9962 I fmhandroid.tes: Late-enabling -Xcheck:jni
12-12 11:55:39.644  1776  1828 D gralloc_ranchu: gralloc_alloc: Creating ashmem region of size 10108928
12-12 11:55:39.656  9962  9962 E fmhandroid.tes: Unknown bits set in runtime_flags: 0x8000
12-12 11:55:39.658  9962  9962 W fmhandroid.tes: Unexpected CPU variant for X86 using defaults: x86
12-12 11:55:39.727  2009  8275 W InputReader: Device has associated, but no associated display id.
12-12 11:55:39.737  2009  8275 I chatty  : uid=1000(system) Binder:2009_1F identical 28 lines
12-12 11:55:39.737  2009  8275 W InputReader: Device has associated, but no associated display id.
12-12 11:55:39.741  2009  2043 W InputReader: Device has associated, but no associated display id.
12-12 11:55:39.742  2009  2043 I chatty  : uid=1000(system) android.anim identical 8 lines
12-12 11:55:39.742  2009  2043 W InputReader: Device has associated, but no associated display id.
12-12 11:55:39.759  2484  3096 D EGL_emulation: eglMakeCurrent: 0xe7a7f6a0: ver 2 0 (tinfo 0xdc8104f0)
12-12 11:55:39.760  9962  9962 I fmhandroid.tes: The ClassLoaderContext is a special shared library.
12-12 11:55:39.760  2934  3550 D EGL_emulation: eglMakeCurrent: 0xb4f69600: ver 2 0 (tinfo 0xb7b06800)
12-12 11:55:39.762  9962  9962 I fmhandroid.tes: The ClassLoaderContext is a special shared library.
12-12 11:55:40.015  1792  1897 E SurfaceFlinger: ro.sf.lcd_density must be defined as a build property
12-12 11:55:40.018  1792  2006 E SurfaceFlinger: ro.sf.lcd_density must be defined as a build property
12-12 11:55:40.024  9962  9995 D libEGL  : Emulator has host GPU support, qemu.gles is set to 1.
12-12 11:55:40.025  9962  9995 W libc    : Unable to set property "qemu.gles" to "1": connection failed; errno=13 (Permission denied)
12-12 11:55:40.017  9962  9962 W RenderThread: type=1400 audit(0.0:76): avc: denied { write } for name="property_service" dev="tmpfs" ino=9420 scontext=u:r:untrusted_app:s0:c147,c256,c512,c768 tcontext=u:object_r:property_socket:s0 tclass=sock_file permissive=0 app=ru.iteco.fmhandroid.test
12-12 11:55:40.060  9962  9995 D libEGL  : loaded /vendor/lib/egl/libEGL_emulation.so
12-12 11:55:40.061  9962  9995 D libEGL  : loaded /vendor/lib/egl/libGLESv1_CM_emulation.so
12-12 11:55:40.065  9962  9995 D libEGL  : loaded /vendor/lib/egl/libGLESv2_emulation.so
12-12 11:55:40.118  2009  3771 I ActivityTaskManager: START u0 {act=android.intent.action.MAIN cat=[android.intent.category.LAUNCHER] cmp=ru.iteco.fmhandroid/.ui.AppActivity} from uid 10146
12-12 11:55:40.131  2009  3771 W InputReader: Device has associated, but no associated display id.
12-12 11:55:40.136  2009  3771 I chatty  : uid=1000(system) Binder:2009_D identical 38 lines
12-12 11:55:40.136  2009  3771 W InputReader: Device has associated, but no associated display id.
12-12 11:55:40.137  9907  9907 W ActivityThread: handleWindowVisibility: no activity for token android.os.BinderProxy@e68a4f6
12-12 11:55:40.138  2009  3771 W InputReader: Device has associated, but no associated display id.
12-12 11:55:40.141  2009  3771 I chatty  : uid=1000(system) Binder:2009_D identical 18 lines
12-12 11:55:40.141  2009  3771 W InputReader: Device has associated, but no associated display id.
12-12 11:55:40.162  1792  2405 E SurfaceFlinger: ro.sf.lcd_density must be defined as a build property
12-12 11:55:40.165  1792  2669 E SurfaceFlinger: ro.sf.lcd_density must be defined as a build property
12-12 11:55:40.191  2934  8587 I PBSessionCacheImpl: Deleted sessionId[703903228392] from persistence.
12-12 11:55:40.193  9907  9999 D libEGL  : Emulator has host GPU support, qemu.gles is set to 1.
12-12 11:55:40.194  9907  9999 W libc    : Unable to set property "qemu.gles" to "1": connection failed; errno=13 (Permission denied)
12-12 11:55:40.214  2934  3332 W SearchServiceCore: Abort, client detached.
12-12 11:55:40.187  9907  9907 W RenderThread: type=1400 audit(0.0:77): avc: denied { write } for name="property_service" dev="tmpfs" ino=9420 scontext=u:r:untrusted_app:s0:c146,c256,c512,c768 tcontext=u:object_r:property_socket:s0 tclass=sock_file permissive=0 app=ru.iteco.fmhandroid
12-12 11:55:40.277  9907  9999 D libEGL  : loaded /vendor/lib/egl/libEGL_emulation.so
12-12 11:55:40.283  9907  9999 D libEGL  : loaded /vendor/lib/egl/libGLESv1_CM_emulation.so
12-12 11:55:40.288  9907  9999 D libEGL  : loaded /vendor/lib/egl/libGLESv2_emulation.so
12-12 11:55:40.300  9907  9907 D LifecycleMonitor: Lifecycle status change: ru.iteco.fmhandroid.ui.AppActivity@bb51593 in: PRE_ON_CREATE
12-12 11:55:40.301  9907  9907 V ActivityScenario: Activity lifecycle changed event received but ignored because the reported transition was not ON_CREATE while the last known transition was PRE_ON_CREATE
12-12 11:55:40.334  9907  9941 V FA      : onActivityCreated
12-12 11:55:40.340  9907  9907 E teco.fmhandroi: Invalid ID 0x00000000.
12-12 11:55:40.382  9907  9907 W teco.fmhandroi: Accessing hidden method Landroid/view/View;->computeFitSystemWindows(Landroid/graphics/Rect;Landroid/graphics/Rect;)Z (greylist, reflection, allowed)
12-12 11:55:40.382  9907  9907 W teco.fmhandroi: Accessing hidden method Landroid/view/ViewGroup;->makeOptionalFitsSystemWindows()V (greylist, reflection, allowed)
12-12 11:55:40.623  9907  9907 D NetworkSecurityConfig: No Network Security Config specified, using platform default
12-12 11:55:40.641  9907  9907 W teco.fmhandroi: Accessing hidden method Ljava/lang/invoke/MethodHandles$Lookup;-><init>(Ljava/lang/Class;I)V (greylist, reflection, allowed)
12-12 11:55:40.892  9907  9907 D LifecycleMonitor: Lifecycle status change: ru.iteco.fmhandroid.ui.AppActivity@bb51593 in: CREATED
12-12 11:55:40.892  9907  9907 V ActivityScenario: Update currentActivityStage to CREATED, currentActivity=ru.iteco.fmhandroid.ui.AppActivity@bb51593
12-12 11:55:41.107  9907  9907 D LifecycleMonitor: Lifecycle status change: ru.iteco.fmhandroid.ui.AppActivity@bb51593 in: STARTED
12-12 11:55:41.108  9907  9907 V ActivityScenario: Update currentActivityStage to STARTED, currentActivity=ru.iteco.fmhandroid.ui.AppActivity@bb51593
12-12 11:55:41.114  9907  9907 D LifecycleMonitor: Lifecycle status change: ru.iteco.fmhandroid.ui.AppActivity@bb51593 in: RESUMED
12-12 11:55:41.114  9907  9907 V ActivityScenario: Update currentActivityStage to RESUMED, currentActivity=ru.iteco.fmhandroid.ui.AppActivity@bb51593
12-12 11:55:41.115  9907  9945 V FA      : Activity resumed, time: 3566792
12-12 11:55:41.144  9907  9951 W FileTestStorage: Output properties is not supported.
12-12 11:55:41.145  9907  9945 I FA      : Tag Manager is not found and thus will not be used
12-12 11:55:41.147  9907  9951 I Tracing : Tracer added: class androidx.test.platform.tracing.AndroidXTracer
12-12 11:55:41.189  9907  9951 D EventInjectionStrategy: Creating injection strategy with input manager.
12-12 11:55:41.189  9907  9951 W teco.fmhandroi: Accessing hidden method Landroid/hardware/input/InputManager;->getInstance()Landroid/hardware/input/InputManager; (greylist, reflection, allowed)
12-12 11:55:41.189  9907  9951 W teco.fmhandroi: Accessing hidden method Landroid/hardware/input/InputManager;->injectInputEvent(Landroid/view/InputEvent;I)Z (greylist, reflection, allowed)
12-12 11:55:41.189  9907  9951 W teco.fmhandroi: Accessing hidden field Landroid/hardware/input/InputManager;->INJECT_INPUT_EVENT_MODE_WAIT_FOR_FINISH:I (greylist, reflection, allowed)
12-12 11:55:41.218  9907  9996 D HostConnection: HostConnection::get() New Host Connection established 0xd4757190, tid 9996
12-12 11:55:41.226  9907  9996 D HostConnection: HostComposition ext ANDROID_EMU_CHECKSUM_HELPER_v1 ANDROID_EMU_dma_v1 ANDROID_EMU_direct_mem ANDROID_EMU_host_composition_v1 ANDROID_EMU_host_composition_v2 ANDROID_EMU_vulkan ANDROID_EMU_deferred_vulkan_commands ANDROID_EMU_vulkan_null_optional_strings ANDROID_EMU_vulkan_create_resources_with_requirements ANDROID_EMU_YUV_Cache ANDROID_EMU_vulkan_ignored_handles ANDROID_EMU_vulkan_free_memory_sync ANDROID_EMU_vulkan_shader_float16_int8 ANDROID_EMU_vulkan_async_queue_submit ANDROID_EMU_sync_buffer_data GL_OES_vertex_array_object GL_KHR_texture_compression_astc_ldr ANDROID_EMU_host_side_tracing ANDROID_EMU_gles_max_version_2 
12-12 11:55:41.243  9907  9996 W OpenGLRenderer: Failed to choose config with EGL_SWAP_BEHAVIOR_PRESERVED, retrying without...
12-12 11:55:41.281  9907  9996 D EGL_emulation: eglCreateContext: 0xd471b440: maj 2 min 0 rcv 2
12-12 11:55:41.286  2861  9954 V FA-SVC  : Logging event: origin=auto,name=screen_view(_vs),params=Bundle[{ga_event_origin(_o)=auto, ga_screen_class(_sc)=AppActivity, ga_screen_id(_si)=-8602831351117793980}]
12-12 11:55:41.290  9907  9996 D EGL_emulation: eglMakeCurrent: 0xd471b440: ver 2 0 (tinfo 0xd470ffe0)
12-12 11:55:41.303  1776  1828 D gralloc_ranchu: gralloc_alloc: Creating ashmem region of size 10108928
12-12 11:55:41.305  1650  1650 I hwservicemanager: getTransport: Cannot find entry android.hardware.graphics.mapper@3.0::IMapper/default in either framework or device manifest.
12-12 11:55:41.306  9907  9996 W Gralloc3: mapper 3.x is not supported
12-12 11:55:41.309  9907  9996 D HostConnection: createUnique: call
12-12 11:55:41.309  9907  9996 D HostConnection: HostConnection::get() New Host Connection established 0xd4757eb0, tid 9996
12-12 11:55:41.311  9907  9996 D HostConnection: HostComposition ext ANDROID_EMU_CHECKSUM_HELPER_v1 ANDROID_EMU_dma_v1 ANDROID_EMU_direct_mem ANDROID_EMU_host_composition_v1 ANDROID_EMU_host_composition_v2 ANDROID_EMU_vulkan ANDROID_EMU_deferred_vulkan_commands ANDROID_EMU_vulkan_null_optional_strings ANDROID_EMU_vulkan_create_resources_with_requirements ANDROID_EMU_YUV_Cache ANDROID_EMU_vulkan_ignored_handles ANDROID_EMU_vulkan_free_memory_sync ANDROID_EMU_vulkan_shader_float16_int8 ANDROID_EMU_vulkan_async_queue_submit ANDROID_EMU_sync_buffer_data GL_OES_vertex_array_object GL_KHR_texture_compression_astc_ldr ANDROID_EMU_host_side_tracing ANDROID_EMU_gles_max_version_2 
12-12 11:55:41.312  9907  9996 D eglCodecCommon: allocate: Ask for block of size 0x1000
12-12 11:55:41.312  9907  9996 D eglCodecCommon: allocate: ioctl allocate returned offset 0x3ff64b000 size 0x2000
12-12 11:55:41.317  1776  1828 D gralloc_ranchu: gralloc_alloc: Creating ashmem region of size 10108928
12-12 11:55:41.318  1776  1828 D gralloc_ranchu: gralloc_alloc: Creating ashmem region of size 10108928
12-12 11:55:41.324  9907  9996 D EGL_emulation: eglMakeCurrent: 0xd471b440: ver 2 0 (tinfo 0xd470ffe0)
12-12 11:55:41.346  2861  9954 V FA-SVC  : Upload scheduled in approximately ms: 3153240
12-12 11:55:41.347  2861  9954 V FA-SVC  : Unscheduling upload
12-12 11:55:41.360  2861  9954 V FA-SVC  : Scheduling upload, millis: 3153240
12-12 11:55:41.373  2861  9954 V FA-SVC  : Background event processing time, ms: 87
12-12 11:55:41.438  2009  2047 I ActivityTaskManager: Displayed ru.iteco.fmhandroid/.ui.AppActivity: +1s843ms
12-12 11:55:41.440  2161  2570 D EGL_emulation: eglMakeCurrent: 0xe7a7fbe0: ver 2 0 (tinfo 0xd11aea40)
12-12 11:55:41.477  9907  9951 W FileTestStorage: Test input args is not supported.
12-12 11:55:41.492  9907  9907 W teco.fmhandroi: Accessing hidden method Landroid/os/MessageQueue;->next()Landroid/os/Message; (greylist, reflection, allowed)
12-12 11:55:41.492  9907  9907 W teco.fmhandroi: Accessing hidden field Landroid/os/MessageQueue;->mMessages:Landroid/os/Message; (greylist, reflection, allowed)
12-12 11:55:41.492  9907  9907 W teco.fmhandroi: Accessing hidden method Landroid/os/Message;->recycleUnchecked()V (greylist, reflection, allowed)
12-12 11:55:41.501  9907  9951 W teco.fmhandroi: Accessing hidden method Lsun/misc/Unsafe;->getUnsafe()Lsun/misc/Unsafe; (greylist,core-platform-api, linking, allowed)
12-12 11:55:41.501  9907  9951 W teco.fmhandroi: Accessing hidden method Lsun/misc/Unsafe;->objectFieldOffset(Ljava/lang/reflect/Field;)J (greylist,core-platform-api, linking, allowed)
12-12 11:55:41.502  9907  9951 W teco.fmhandroi: Accessing hidden method Lsun/misc/Unsafe;->putObject(Ljava/lang/Object;JLjava/lang/Object;)V (greylist, linking, allowed)
12-12 11:55:41.511  9907  9951 W teco.fmhandroi: Accessing hidden method Lsun/misc/Unsafe;->compareAndSwapObject(Ljava/lang/Object;JLjava/lang/Object;Ljava/lang/Object;)Z (greylist, linking, allowed)
12-12 11:55:41.511  9907  9951 W teco.fmhandroi: Accessing hidden method Lsun/misc/Unsafe;->getObject(Ljava/lang/Object;J)Ljava/lang/Object; (greylist, linking, allowed)
12-12 11:55:41.534  9907  9907 W teco.fmhandroi: Accessing hidden method Landroid/view/WindowManagerGlobal;->getInstance()Landroid/view/WindowManagerGlobal; (greylist, reflection, allowed)
12-12 11:55:41.534  9907  9907 W teco.fmhandroi: Accessing hidden field Landroid/view/WindowManagerGlobal;->mViews:Ljava/util/ArrayList; (greylist, reflection, allowed)
12-12 11:55:41.534  9907  9907 W teco.fmhandroi: Accessing hidden field Landroid/view/WindowManagerGlobal;->mParams:Ljava/util/ArrayList; (greylist, reflection, allowed)
12-12 11:55:41.549  9907  9907 I ViewInteraction: Performing 'wait for a specific view with <(an instance of android.widget.TextView and view.getText() with or without transformation to match: is "Authorization" and view.getParent() view.getParent() view.getId() is <2131231186>)> during 10000 millis.' action on view view.getRootView() to equal view
12-12 11:55:44.111  9907  9907 W teco.fmhandroi: Accessing hidden field Lsun/misc/Unsafe;->theUnsafe:Lsun/misc/Unsafe; (greylist, reflection, allowed)
12-12 11:55:44.111  9907  9907 W teco.fmhandroi: Accessing hidden method Lsun/misc/Unsafe;->allocateInstance(Ljava/lang/Class;)Ljava/lang/Object; (greylist, reflection, allowed)
12-12 11:55:44.141  9907 10009 I okhttp.OkHttpClient: --> GET http://www.981757-ca08998.tmweb.ru:8080/fmh/authentication/userInfo
12-12 11:55:44.141  9907 10009 I okhttp.OkHttpClient: --> END GET
12-12 11:55:44.160  1745 10010 E ResolverController: No valid NAT64 prefix (100, <unspecified>/0)
12-12 11:55:44.693  9907 10009 I okhttp.OkHttpClient: <-- 200 http://www.981757-ca08998.tmweb.ru:8080/fmh/authentication/userInfo (551ms)
12-12 11:55:44.693  9907 10009 I okhttp.OkHttpClient: Vary: Origin
12-12 11:55:44.693  9907 10009 I okhttp.OkHttpClient: Vary: Access-Control-Request-Method
12-12 11:55:44.693  9907 10009 I okhttp.OkHttpClient: Vary: Access-Control-Request-Headers
12-12 11:55:44.693  9907 10009 I okhttp.OkHttpClient: X-Content-Type-Options: nosniff
12-12 11:55:44.693  9907 10009 I okhttp.OkHttpClient: X-XSS-Protection: 1; mode=block
12-12 11:55:44.693  9907 10009 I okhttp.OkHttpClient: Cache-Control: no-cache, no-store, max-age=0, must-revalidate
12-12 11:55:44.693  9907 10009 I okhttp.OkHttpClient: Pragma: no-cache
12-12 11:55:44.693  9907 10009 I okhttp.OkHttpClient: Expires: 0
12-12 11:55:44.693  9907 10009 I okhttp.OkHttpClient: X-Frame-Options: DENY
12-12 11:55:44.693  9907 10009 I okhttp.OkHttpClient: Content-Type: application/json
12-12 11:55:44.695  9907 10009 I okhttp.OkHttpClient: Transfer-Encoding: chunked
12-12 11:55:44.695  9907 10009 I okhttp.OkHttpClient: Date: Mon, 12 Dec 2022 11:55:46 GMT
12-12 11:55:44.695  9907 10009 I okhttp.OkHttpClient: Keep-Alive: timeout=60
12-12 11:55:44.695  9907 10009 I okhttp.OkHttpClient: Connection: keep-alive
12-12 11:55:44.701  9907 10009 I okhttp.OkHttpClient: {"id":1,"firstName":"Ivan","lastName":"Ivanov","middleName":"Ivanovich","admin":true}
12-12 11:55:44.701  9907 10009 I okhttp.OkHttpClient: <-- END HTTP (85-byte body)
12-12 11:55:44.771  9907 10013 I okhttp.OkHttpClient: --> GET http://www.981757-ca08998.tmweb.ru:8080/fmh/claims
12-12 11:55:44.771  9907 10013 I okhttp.OkHttpClient: --> END GET
12-12 11:55:45.131  9907 10013 I okhttp.OkHttpClient: <-- 200 http://www.981757-ca08998.tmweb.ru:8080/fmh/claims (360ms)
12-12 11:55:45.131  9907 10013 I okhttp.OkHttpClient: Vary: Origin
12-12 11:55:45.132  9907 10013 I okhttp.OkHttpClient: Vary: Access-Control-Request-Method
12-12 11:55:45.132  9907 10013 I okhttp.OkHttpClient: Vary: Access-Control-Request-Headers
12-12 11:55:45.132  9907 10013 I okhttp.OkHttpClient: X-Content-Type-Options: nosniff
12-12 11:55:45.132  9907 10013 I okhttp.OkHttpClient: X-XSS-Protection: 1; mode=block
12-12 11:55:45.132  9907 10013 I okhttp.OkHttpClient: Cache-Control: no-cache, no-store, max-age=0, must-revalidate
12-12 11:55:45.132  9907 10013 I okhttp.OkHttpClient: Pragma: no-cache
12-12 11:55:45.132  9907 10013 I okhttp.OkHttpClient: Expires: 0
12-12 11:55:45.132  9907 10013 I okhttp.OkHttpClient: X-Frame-Options: DENY
12-12 11:55:45.133  9907 10013 I okhttp.OkHttpClient: Content-Type: application/json
12-12 11:55:45.133  9907 10013 I okhttp.OkHttpClient: Transfer-Encoding: chunked
12-12 11:55:45.133  9907 10013 I okhttp.OkHttpClient: Date: Mon, 12 Dec 2022 11:55:46 GMT
12-12 11:55:45.133  9907 10013 I okhttp.OkHttpClient: Keep-Alive: timeout=60
12-12 11:55:45.134  9907 10013 I okhttp.OkHttpClient: Connection: keep-alive
12-12 11:55:45.360  8263  9836 I LogUtils: [Places]: ?: Couldn't find platform key file. [CONTEXT service_id=253 ]
12-12 11:55:45.366  8263  9836 I LogUtils: [Places]: ?: Couldn't find platform key file. [CONTEXT service_id=253 ]
12-12 11:55:45.397  8263  9834 I LogUtils: [Places]: ?: PlacesBleScanner stop() [CONTEXT service_id=253 ]
12-12 11:55:45.399  8263  8263 I BeaconBle: Scan : No clients left, canceling alarm. [CONTEXT service_id=111 ]
12-12 11:55:45.399  8263  8263 I BeaconBle: Scan canceled successfully. [CONTEXT service_id=111 ]
12-12 11:55:45.417  8263  9834 I PlacesLogger: [PlaceInferenceEngine]: [anon] Changed inference mode: 0 [CONTEXT service_id=253 ]
12-12 11:55:45.437  9907 10013 I okhttp.OkHttpClient: [{"id":1,"title":"Claim 123","description":"123","creatorId":1,"executorId":1,"createDate":1670755198,"planExecuteDate":1670755140,"factExecuteDate":null,"status":"IN_PROGRESS","creatorName":"Ivanov Ivan Ivanovich","executorName":"Ivanov Ivan Ivanovich"},{"id":2,"title":"Заголовок 2c46380b-5d43-44f2-a02c-41b8c09710c2","description":"Описание 588c11cc-6a11-4eec-ae49-0f630caace41","creatorId":1,"executorId":null,"createDate":1670845808,"planExecuteDate":1670845740,"factExecuteDate":null,"status":"OPEN","creatorName":"Ivanov Ivan Ivanovich","executorName":null},{"id":3,"title":"Заголовок 0eb4b025-6e34-4957-a1e2-a64912e9444b","description":"Описание 8c51d595-ebb4-430e-9bca-70b11c41cac1","creatorId":1,"executorId":null,"createDate":1670845969,"planExecuteDate":1670845920,"factExecuteDate":null,"status":"OPEN","creatorName":"Ivanov Ivan Ivanovich","executorName":null},{"id":4,"title":"Заголовок 92efc5ce-93d1-4a0a-ad62-c3016d1e4395","description":"Описание a314ca90-1453-45ca-a603-7e092ce6027d","creatorId":1,"executorId":null,"createDate":1670846098,"planExecuteDate":1670846040,"factExecuteDate":null,"status":"OPEN","creatorName":"Ivanov Ivan Ivanovich","executorName":null}]
12-12 11:55:45.437  9907 10013 I okhttp.OkHttpClient: <-- END HTTP (1236-byte body)
12-12 11:55:45.454  9907  9907 I Choreographer: Skipped 43 frames!  The application may be doing too much work on its main thread.
12-12 11:55:45.463  8263  8345 W GCoreFlp: No location to return for getLastLocation()
12-12 11:55:45.488  8263  8338 I LogUtils: [Places]: ?: Couldn't find platform key file. [CONTEXT service_id=253 ]
12-12 11:55:45.489  8263 10016 I LogUtils: [Places]: ?: Couldn't find platform key file. [CONTEXT service_id=253 ]
12-12 11:55:45.515  8263  8263 I GeofencerStateMachine: removeGeofences: removeRequest=RemoveGeofencingRequest[REMOVE_BY_PENDING_INTENT pendingIntent=PendingIntent[creatorPackage=com.google.android.gms], packageName=com.google.android.gms]
12-12 11:55:45.965  9907  9996 I OpenGLRenderer: Davey! duration=1232ms; Flags=1, IntendedVsync=3570406959769, Vsync=3571123626407, OldestInputEvent=9223372036854775807, NewestInputEvent=0, HandleInputStart=3571132164240, AnimationStart=3571132260340, PerformTraversalsStart=3571132473440, DrawStart=3571272530440, SyncQueued=3571276726740, SyncStart=3571280678540, IssueDrawCommandsStart=3571280940840, SwapBuffers=3571635367540, FrameCompleted=3571643076140, DequeueBufferDuration=639000, QueueBufferDuration=924000, 
12-12 11:55:46.112  9907  9907 I teco.fmhandroi: Waiting for a blocking GC ClassLinker
12-12 11:55:46.134  9907  9907 I teco.fmhandroi: WaitForGcToComplete blocked ClassLinker on HeapTrim for 22.620ms
12-12 11:55:46.238  9907  9920 I teco.fmhandroi: Background concurrent copying GC freed 5044(283KB) AllocSpace objects, 0(0B) LOS objects, 49% free, 6093KB/11MB, paused 1.004ms total 103.237ms
12-12 11:55:46.661  9907 10019 E SQLiteLog: (1) too many SQL variables
12-12 11:55:46.674  9907  9945 V FA      : Inactivity, disconnecting from the service
12-12 11:55:46.714  9907  9907 W System.err: ru.iteco.fmhandroid.exceptions.UnknownException
12-12 11:55:46.714  9907  9907 W System.err: 	at ru.iteco.fmhandroid.utils.Utils.makeRequest(Utils.kt:123)
12-12 11:55:46.714  9907  9907 W System.err: 	at ru.iteco.fmhandroid.utils.Utils$makeRequest$1.invokeSuspend(Unknown Source:15)
12-12 11:55:46.714  9907  9907 W System.err: 	at kotlin.coroutines.jvm.internal.BaseContinuationImpl.resumeWith(ContinuationImpl.kt:33)
12-12 11:55:46.714  9907  9907 W System.err: 	at kotlinx.coroutines.DispatchedTask.run(DispatchedTask.kt:104)
12-12 11:55:46.714  9907  9907 W System.err: 	at android.os.Handler.handleCallback(Handler.java:883)
12-12 11:55:46.714  9907  9907 W System.err: 	at android.os.Handler.dispatchMessage(Handler.java:100)
12-12 11:55:46.714  9907  9907 W System.err: 	at androidx.test.espresso.base.Interrogator.loopAndInterrogate(Interrogator.java:14)
12-12 11:55:46.714  9907  9907 W System.err: 	at androidx.test.espresso.base.UiControllerImpl.loopUntil(UiControllerImpl.java:8)
12-12 11:55:46.715  9907  9907 W System.err: 	at androidx.test.espresso.base.UiControllerImpl.loopUntil(UiControllerImpl.java:1)
12-12 11:55:46.715  9907  9907 W System.err: 	at androidx.test.espresso.base.UiControllerImpl.loopMainThreadForAtLeast(UiControllerImpl.java:7)
12-12 11:55:46.715  9907  9907 W System.err: 	at ru.iteco.fmhandroid.ui.data.ViewActions$1.perform(ViewActions.java:48)
12-12 11:55:46.715  9907  9907 W System.err: 	at androidx.test.espresso.ViewInteraction$SingleExecutionViewAction.perform(ViewInteraction.java:2)
12-12 11:55:46.715  9907  9907 W System.err: 	at androidx.test.espresso.ViewInteraction.doPerform(ViewInteraction.java:25)
12-12 11:55:46.715  9907  9907 W System.err: 	at androidx.test.espresso.ViewInteraction.-$$Nest$mdoPerform(Unknown Source:0)
12-12 11:55:46.715  9907  9907 W System.err: 	at androidx.test.espresso.ViewInteraction$1.call(ViewInteraction.java:7)
12-12 11:55:46.715  9907  9907 W System.err: 	at androidx.test.espresso.ViewInteraction$1.call(ViewInteraction.java:1)
12-12 11:55:46.715  9907  9907 W System.err: 	at java.util.concurrent.FutureTask.run(FutureTask.java:266)
12-12 11:55:46.715  9907  9907 W System.err: 	at android.os.Handler.handleCallback(Handler.java:883)
12-12 11:55:46.715  9907  9907 W System.err: 	at android.os.Handler.dispatchMessage(Handler.java:100)
12-12 11:55:46.715  9907  9907 W System.err: 	at android.os.Looper.loop(Looper.java:214)
12-12 11:55:46.715  9907  9907 W System.err: 	at android.app.ActivityThread.main(ActivityThread.java:7356)
12-12 11:55:46.715  9907  9907 W System.err: 	at java.lang.reflect.Method.invoke(Native Method)
12-12 11:55:46.715  9907  9907 W System.err: 	at com.android.internal.os.RuntimeInit$MethodAndArgsCaller.run(RuntimeInit.java:492)
12-12 11:55:46.715  9907  9907 W System.err: 	at com.android.internal.os.ZygoteInit.main(ZygoteInit.java:930)
12-12 11:55:46.765  1776  1828 D gralloc_ranchu: gralloc_alloc: Creating ashmem region of size 438272
12-12 11:55:46.773  1776  1828 I chatty  : uid=1000(system) HwBinder:1776_1 identical 1 line
12-12 11:55:46.774  1776  1828 D gralloc_ranchu: gralloc_alloc: Creating ashmem region of size 438272
12-12 11:55:46.776  9907  9996 D EGL_emulation: eglMakeCurrent: 0xd471b440: ver 2 0 (tinfo 0xd470ffe0)
12-12 11:55:50.202  2009  2047 E memtrack: Couldn't load memtrack module
12-12 11:55:50.202  2009  2047 W android.os.Debug: failed to get memory consumption info: -1
12-12 11:55:50.226  2934  3332 I WorkerManager: dispose()
12-12 11:55:50.227  2934  3332 W ThreadPoolDumper: Queue length for executor EventBus is now 11. Perhaps some tasks are too long, or the pool is too small.
12-12 11:55:50.238  9907  9996 D EGL_emulation: eglMakeCurrent: 0xd471b440: ver 2 0 (tinfo 0xd470ffe0)
12-12 11:55:50.253  2009  5938 W NotificationService: Toast already killed. pkg=ru.iteco.fmhandroid callback=android.app.ITransientNotification$Stub$Proxy@86f0627
12-12 11:55:50.412  8263  8263 I BeaconBle: Scan : No clients left, canceling alarm. [CONTEXT service_id=111 ]
12-12 11:55:51.638  9907  9907 D takeScreenshot: Found 1 global views to redraw
12-12 11:55:51.657  9907  9996 D EGL_emulation: eglMakeCurrent: 0xd471b440: ver 2 0 (tinfo 0xd470ffe0)
12-12 11:55:51.704  1776  1828 D gralloc_ranchu: gralloc_alloc: Creating ashmem region of size 10108928
12-12 11:55:51.723  1650  1650 I hwservicemanager: getTransport: Cannot find entry android.hardware.graphics.mapper@3.0::IMapper/default in either framework or device manifest.
12-12 11:55:51.723  9892  9906 W Gralloc3: mapper 3.x is not supported
12-12 11:55:51.734  9892  9906 D HostConnection: createUnique: call
12-12 11:55:51.735  9892  9906 D HostConnection: HostConnection::get() New Host Connection established 0xe97564e0, tid 9906
12-12 11:55:51.738  9892  9906 D HostConnection: HostComposition ext ANDROID_EMU_CHECKSUM_HELPER_v1 ANDROID_EMU_dma_v1 ANDROID_EMU_direct_mem ANDROID_EMU_host_composition_v1 ANDROID_EMU_host_composition_v2 ANDROID_EMU_vulkan ANDROID_EMU_deferred_vulkan_commands ANDROID_EMU_vulkan_null_optional_strings ANDROID_EMU_vulkan_create_resources_with_requirements ANDROID_EMU_YUV_Cache ANDROID_EMU_vulkan_ignored_handles ANDROID_EMU_vulkan_free_memory_sync ANDROID_EMU_vulkan_shader_float16_int8 ANDROID_EMU_vulkan_async_queue_submit ANDROID_EMU_sync_buffer_data GL_OES_vertex_array_object GL_KHR_texture_compression_astc_ldr ANDROID_EMU_host_side_tracing ANDROID_EMU_gles_max_version_2 
12-12 11:55:51.738  9892  9906 D eglCodecCommon: allocate: Ask for block of size 0x1000
12-12 11:55:51.739  9892  9906 D eglCodecCommon: allocate: ioctl allocate returned offset 0x3ff649000 size 0x2000
12-12 11:55:51.744  1792  1898 E SurfaceFlinger: ro.sf.lcd_density must be defined as a build property
12-12 11:55:51.745  1792  1898 E SurfaceFlinger: ro.sf.lcd_density must be defined as a build property
12-12 11:55:51.747  9892 10022 D libEGL  : Emulator has host GPU support, qemu.gles is set to 1.
12-12 11:55:51.756  9892 10022 W libc    : Unable to set property "qemu.gles" to "1": error code: 0x18
12-12 11:55:51.757  9892 10022 D libEGL  : loaded /vendor/lib/egl/libEGL_emulation.so
12-12 11:55:51.758  9892 10022 D libEGL  : loaded /vendor/lib/egl/libGLESv1_CM_emulation.so
12-12 11:55:51.759  9892 10022 D libEGL  : loaded /vendor/lib/egl/libGLESv2_emulation.so
12-12 11:55:51.776  9892 10022 D HostConnection: HostConnection::get() New Host Connection established 0xe97563f0, tid 10022
12-12 11:55:51.776  9892 10022 D HostConnection: HostComposition ext ANDROID_EMU_CHECKSUM_HELPER_v1 ANDROID_EMU_dma_v1 ANDROID_EMU_direct_mem ANDROID_EMU_host_composition_v1 ANDROID_EMU_host_composition_v2 ANDROID_EMU_vulkan ANDROID_EMU_deferred_vulkan_commands ANDROID_EMU_vulkan_null_optional_strings ANDROID_EMU_vulkan_create_resources_with_requirements ANDROID_EMU_YUV_Cache ANDROID_EMU_vulkan_ignored_handles ANDROID_EMU_vulkan_free_memory_sync ANDROID_EMU_vulkan_shader_float16_int8 ANDROID_EMU_vulkan_async_queue_submit ANDROID_EMU_sync_buffer_data GL_OES_vertex_array_object GL_KHR_texture_compression_astc_ldr ANDROID_EMU_host_side_tracing ANDROID_EMU_gles_max_version_2 
12-12 11:55:51.779  9892 10022 W OpenGLRenderer: Failed to choose config with EGL_SWAP_BEHAVIOR_PRESERVED, retrying without...
12-12 11:55:51.816  9892 10022 D EGL_emulation: eglCreateContext: 0xd4528360: maj 2 min 0 rcv 2
12-12 11:55:51.819  9892 10022 D EGL_emulation: eglMakeCurrent: 0xd4528360: ver 2 0 (tinfo 0xd450f370)
12-12 11:55:51.888  9907  9951 W DefaultFailureHandler: Failed to take screenshot
12-12 11:55:51.888  9907  9951 W DefaultFailureHandler: java.io.FileNotFoundException: view-op-error-1.png: open failed: EROFS (Read-only file system)
12-12 11:55:51.888  9907  9951 W DefaultFailureHandler: 	at libcore.io.IoBridge.open(IoBridge.java:496)
12-12 11:55:51.888  9907  9951 W DefaultFailureHandler: 	at java.io.FileOutputStream.<init>(FileOutputStream.java:235)
12-12 11:55:51.888  9907  9951 W DefaultFailureHandler: 	at java.io.FileOutputStream.<init>(FileOutputStream.java:125)
12-12 11:55:51.888  9907  9951 W DefaultFailureHandler: 	at androidx.test.platform.io.FileTestStorage.openOutputFile(FileTestStorage.java:60)
12-12 11:55:51.888  9907  9951 W DefaultFailureHandler: 	at androidx.test.core.graphics.BitmapStorage.writeToTestStorage(BitmapStorageExt.kt:49)
12-12 11:55:51.888  9907  9951 W DefaultFailureHandler: 	at androidx.test.espresso.base.DefaultFailureHandler.takeScreenshot(DefaultFailureHandler.java:4)
12-12 11:55:51.888  9907  9951 W DefaultFailureHandler: 	at androidx.test.espresso.base.DefaultFailureHandler.handle(DefaultFailureHandler.java:3)
12-12 11:55:51.888  9907  9951 W DefaultFailureHandler: 	at androidx.test.espresso.ViewInteraction.waitForAndHandleInteractionResults(ViewInteraction.java:8)
12-12 11:55:51.888  9907  9951 W DefaultFailureHandler: 	at androidx.test.espresso.ViewInteraction.desugaredPerform(ViewInteraction.java:11)
12-12 11:55:51.888  9907  9951 W DefaultFailureHandler: 	at androidx.test.espresso.ViewInteraction.perform(ViewInteraction.java:8)
12-12 11:55:51.888  9907  9951 W DefaultFailureHandler: 	at ru.iteco.fmhandroid.ui.data.TestUtils.waitView(TestUtils.java:61)
12-12 11:55:51.888  9907  9951 W DefaultFailureHandler: 	at ru.iteco.fmhandroid.ui.steps.AuthSteps.isAuthScreen(AuthSteps.java:56)
12-12 11:55:51.888  9907  9951 W DefaultFailureHandler: 	at ru.iteco.fmhandroid.ui.ClaimsCreationFormTest.logoutCheck(ClaimsCreationFormTest.java:57)
12-12 11:55:51.888  9907  9951 W DefaultFailureHandler: 	at java.lang.reflect.Method.invoke(Native Method)
12-12 11:55:51.888  9907  9951 W DefaultFailureHandler: 	at org.junit.runners.model.FrameworkMethod$1.runReflectiveCall(FrameworkMethod.java:59)
12-12 11:55:51.888  9907  9951 W DefaultFailureHandler: 	at org.junit.internal.runners.model.ReflectiveCallable.run(ReflectiveCallable.java:12)
12-12 11:55:51.888  9907  9951 W DefaultFailureHandler: 	at org.junit.runners.model.FrameworkMethod.invokeExplosively(FrameworkMethod.java:56)
12-12 11:55:51.888  9907  9951 W DefaultFailureHandler: 	at androidx.test.internal.runner.junit4.statement.RunBefores.evaluate(RunBefores.java:76)
12-12 11:55:51.888  9907  9951 W DefaultFailureHandler: 	at androidx.test.internal.runner.junit4.statement.RunAfters.evaluate(RunAfters.java:61)
12-12 11:55:51.888  9907  9951 W DefaultFailureHandler: 	at io.qameta.allure.android.rules.ScreenshotRule$apply$1.evaluate(ScreenshotRule.kt:22)
12-12 11:55:51.888  9907  9951 W DefaultFailureHandler: 	at org.junit.rules.ExternalResource$1.evaluate(ExternalResource.java:54)
12-12 11:55:51.888  9907  9951 W DefaultFailureHandler: 	at io.qameta.allure.android.rules.LogcatRule$apply$1.evaluate(LogcatRule.kt:23)
12-12 11:55:51.888  9907  9951 W DefaultFailureHandler: 	at org.junit.rules.RunRules.evaluate(RunRules.java:20)
12-12 11:55:51.888  9907  9951 W DefaultFailureHandler: 	at org.junit.runners.ParentRunner$3.evaluate(ParentRunner.java:306)
12-12 11:55:51.888  9907  9951 W DefaultFailureHandler: 	at org.junit.runners.BlockJUnit4ClassRunner$1.evaluate(BlockJUnit4ClassRunner.java:100)
12-12 11:55:51.888  9907  9951 W DefaultFailureHandler: 	at org.junit.runners.ParentRunner.runLeaf(ParentRunner.java:366)
12-12 11:55:51.888  9907  9951 W DefaultFailureHandler: 	at org.junit.runners.BlockJUnit4ClassRunner.runChild(BlockJUnit4ClassRunner.java:103)
12-12 11:55:51.888  9907  9951 W DefaultFailureHandler: 	at org.junit.runners.BlockJUnit4ClassRunner.runChild(BlockJUnit4ClassRunner.java:63)
12-12 11:55:51.888  9907  9951 W DefaultFailureHandler: 	at org.junit.runners.ParentRunner$4.run(ParentRunner.java:331)
12-12 11:55:51.888  9907  9951 W DefaultFailureHandler: 	at org.junit.runners.ParentRunner$1.schedule(ParentRunner.java:79)
12-12 11:55:51.888  9907  9951 W DefaultFailureHandler: 	at org.junit.runners.ParentRunner.runChildren(ParentRunner.java:329)
12-12 11:55:51.888  9907  9951 W DefaultFailureHandler: 	at org.junit.runners.ParentRunner.access$100(ParentRunner.java:66)
12-12 11:55:51.888  9907  9951 W DefaultFailureHandler: 	at org.junit.runners.ParentRunner$2.evaluate(ParentRunner.java:293)
12-12 11:55:51.888  9907  9951 W DefaultFailureHandler: 	at org.junit.runners.ParentRunner$3.evaluate(ParentRunner.java:306)
12-12 11:55:51.888  9907  9951 W DefaultFailureHandler: 	at org.junit.runners.ParentRunner.run(ParentRunner.java:413)
12-12 11:55:51.888  9907  9951 W DefaultFailureHandler: 	at androidx.test.ext.junit.runners.AndroidJUnit4.run(AndroidJUnit4.java:162)
12-12 11:55:51.888  9907  9951 W DefaultFailureHandler: 	at io.qameta.allure.android.runners.AllureAndroidJUnit4.run(AllureAndroidJUnitRunners.kt:29)
12-12 11:55:51.888  9907  9951 W DefaultFailureHandler: 	at org.junit.runners.Suite.runChild(Suite.java:128)
12-12 11:55:51.888  9907  9951 W DefaultFailureHandler: 	at org.junit.runners.Suite.runChild(Suite.java:27)
12-12 11:55:51.888  9907  9951 W DefaultFailureHandler: 	at org.junit.runners.ParentRunner$4.run(ParentRunner.java:331)
12-12 11:55:51.888  9907  9951 W DefaultFailureHandler: 	at org.junit.runners.ParentRunner$1.schedule(ParentRunner.java:79)
12-12 11:55:51.888  9907  9951 W DefaultFailureHandler: 	at org.junit.runners.ParentRunner.runChildren(ParentRunner.java:329)
12-12 11:55:51.888  9907  9951 W DefaultFailureHandler: 	at org.junit.runners.ParentRunner.access$100(ParentRunner.java:66)
12-12 11:55:51.888  9907  9951 W DefaultFailureHandler: 	at org.junit.runners.ParentRunner$2.evaluate(ParentRunner.java:293)
12-12 11:55:51.888  9907  9951 W DefaultFailureHandler: 	at org.junit.runners.ParentRunner$3.evaluate(ParentRunner.java:306)
12-12 11:55:51.888  9907  9951 W DefaultFailureHandler: 	at org.junit.runners.ParentRunner.run(ParentRunner.java:413)
12-12 11:55:51.888  9907  9951 W DefaultFailureHandler: 	at org.junit.runner.JUnitCore.run(JUnitCore.java:137)
12-12 11:55:51.888  9907  9951 W DefaultFailureHandler: 	at org.junit.runner.JUnitCore.run(JUnitCore.java:115)
12-12 11:55:51.888  9907  9951 W DefaultFailureHandler: 	at androidx.test.internal.runner.TestExecutor.execute(TestExecutor.java:67)
12-12 11:55:51.888  9907  9951 W DefaultFailureHandler: 	at androidx.test.internal.runner.TestExecutor.execute(TestExecutor.java:58)
12-12 11:55:51.888  9907  9951 W DefaultFailureHandler: 	at androidx.test.runner.AndroidJUnitRunner.onStart(AndroidJUnitRunner.java:438)
12-12 11:55:51.888  9907  9951 W DefaultFailureHandler: 	at android.app.Instrumentation$InstrumentationThread.run(Instrumentation.java:2189)
12-12 11:55:51.888  9907  9951 W DefaultFailureHandler: Caused by: android.system.ErrnoException: open failed: EROFS (Read-only file system)
12-12 11:55:51.888  9907  9951 W DefaultFailureHandler: 	at libcore.io.Linux.open(Native Method)
12-12 11:55:51.888  9907  9951 W DefaultFailureHandler: 	at libcore.io.ForwardingOs.open(ForwardingOs.java:167)
12-12 11:55:51.888  9907  9951 W DefaultFailureHandler: 	at libcore.io.BlockGuardOs.open(BlockGuardOs.java:252)
12-12 11:55:51.888  9907  9951 W DefaultFailureHandler: 	at libcore.io.ForwardingOs.open(ForwardingOs.java:167)
12-12 11:55:51.888  9907  9951 W DefaultFailureHandler: 	at android.app.ActivityThread$AndroidOs.open(ActivityThread.java:7255)
12-12 11:55:51.888  9907  9951 W DefaultFailureHandler: 	at libcore.io.IoBridge.open(IoBridge.java:482)
12-12 11:55:51.888  9907  9951 W DefaultFailureHandler: 	... 51 more
12-12 11:55:51.895  9907  9951 W teco.fmhandroi: Accessing hidden method Lsun/misc/Unsafe;->compareAndSwapObject(Ljava/lang/Object;JLjava/lang/Object;Ljava/lang/Object;)Z (greylist, linking, allowed)
