12-12 11:55:51.898  9907  9907 I ViewInteraction: Performing 'wait for a specific view with <view.getId() is <2131230870>> during 10000 millis.' action on view view.getRootView() to equal view
12-12 11:55:51.905  9907  9951 W teco.fmhandroi: Accessing hidden method Lsun/misc/Unsafe;->compareAndSwapObject(Ljava/lang/Object;JLjava/lang/Object;Ljava/lang/Object;)Z (greylist, linking, allowed)
12-12 11:55:51.909  9907  9907 I ViewInteraction: Checking 'MatchesViewAssertion{viewMatcher=(view has effective visibility <VISIBLE> and view.getGlobalVisibleRect() to return non-empty rectangle)}' assertion on view view.getId() is <2131230870/ru.iteco.fmhandroid:id/authorization_image_button>
12-12 11:55:51.918  9907  9951 W teco.fmhandroi: Accessing hidden method Landroid/view/ViewConfiguration;->getDoubleTapMinTime()I (greylist, reflection, allowed)
12-12 11:55:51.922  9907  9951 W teco.fmhandroi: Accessing hidden method Lsun/misc/Unsafe;->compareAndSwapObject(Ljava/lang/Object;JLjava/lang/Object;Ljava/lang/Object;)Z (greylist, linking, allowed)
12-12 11:55:51.923  9907 10023 W teco.fmhandroi: Accessing hidden method Lsun/misc/Unsafe;->compareAndSwapObject(Ljava/lang/Object;JLjava/lang/Object;Ljava/lang/Object;)Z (greylist, linking, allowed)
12-12 11:55:51.927  9907  9907 I ViewInteraction: Performing 'single click' action on view view.getId() is <2131230870/ru.iteco.fmhandroid:id/authorization_image_button>
12-12 11:55:51.992  1765  3741 W audio_hw_generic: Not supplying enough data to HAL, expected position 3890024 , only wrote 3889985
12-12 11:55:52.095  1776  1828 D gralloc_ranchu: gralloc_alloc: Creating ashmem region of size 884736
12-12 11:55:52.105  1776  1828 I chatty  : uid=1000(system) HwBinder:1776_1 identical 1 line
12-12 11:55:52.108  1776  1828 D gralloc_ranchu: gralloc_alloc: Creating ashmem region of size 884736
12-12 11:55:52.134  9907  9996 D EGL_emulation: eglMakeCurrent: 0xd471b440: ver 2 0 (tinfo 0xd470ffe0)
12-12 11:55:52.245  9907  9996 I chatty  : uid=10146(ru.iteco.fmhandroid) RenderThread identical 3 lines
12-12 11:55:52.267  9907  9996 D EGL_emulation: eglMakeCurrent: 0xd471b440: ver 2 0 (tinfo 0xd470ffe0)
12-12 11:55:52.503  9907  9951 W teco.fmhandroi: Accessing hidden method Lsun/misc/Unsafe;->compareAndSwapObject(Ljava/lang/Object;JLjava/lang/Object;Ljava/lang/Object;)Z (greylist, linking, allowed)
12-12 11:55:52.506  9907  9907 I ViewInteraction: Performing 'wait for a specific view with <an instance of android.widget.TextView and view.getText() with or without transformation to match: is "Log out"> during 10000 millis.' action on view view.getRootView() to equal view
12-12 11:55:52.512  9907  9907 I ViewInteraction: Checking 'MatchesViewAssertion{viewMatcher=(view has effective visibility <VISIBLE> and view.getGlobalVisibleRect() to return non-empty rectangle)}' assertion on view an instance of android.widget.TextView and view.getText() with or without transformation to match: is "Log out"
12-12 11:55:52.519  9907  9907 I ViewInteraction: Performing 'single click' action on view an instance of android.widget.TextView and view.getText() with or without transformation to match: is "Log out"
12-12 11:55:52.937  9907  9996 D EGL_emulation: eglMakeCurrent: 0xd471b440: ver 2 0 (tinfo 0xd470ffe0)
12-12 11:55:53.025  9907  9996 D EGL_emulation: eglMakeCurrent: 0xd471b440: ver 2 0 (tinfo 0xd470ffe0)
12-12 11:55:53.127  9907 10023 W teco.fmhandroi: Accessing hidden method Lsun/misc/Unsafe;->compareAndSwapObject(Ljava/lang/Object;JLjava/lang/Object;Ljava/lang/Object;)Z (greylist, linking, allowed)
12-12 11:55:53.130  9907  9907 I ViewInteraction: Performing 'wait for a specific view with <(an instance of android.widget.TextView and view.getText() with or without transformation to match: is "Authorization" and view.getParent() view.getParent() view.getId() is <2131231186>)> during 10000 millis.' action on view view.getRootView() to equal view
12-12 11:55:53.132  9907  9951 W teco.fmhandroi: Accessing hidden method Lsun/misc/Unsafe;->compareAndSwapObject(Ljava/lang/Object;JLjava/lang/Object;Ljava/lang/Object;)Z (greylist, linking, allowed)
12-12 11:55:53.138  9907  9907 I ViewInteraction: Checking 'MatchesViewAssertion{viewMatcher=(view has effective visibility <VISIBLE> and view.getGlobalVisibleRect() to return non-empty rectangle)}' assertion on view (an instance of android.widget.TextView and view.getText() with or without transformation to match: is "Authorization" and view.getParent() view.getParent() view.getId() is <2131231186/ru.iteco.fmhandroid:id/nav_host_fragment>)
12-12 11:55:53.139  9907  9951 W teco.fmhandroi: Accessing hidden method Lsun/misc/Unsafe;->compareAndSwapObject(Ljava/lang/Object;JLjava/lang/Object;Ljava/lang/Object;)Z (greylist, linking, allowed)
12-12 11:55:53.139  9907 10023 W teco.fmhandroi: Accessing hidden method Lsun/misc/Unsafe;->compareAndSwapObject(Ljava/lang/Object;JLjava/lang/Object;Ljava/lang/Object;)Z (greylist, linking, allowed)
12-12 11:55:53.142  9907  9907 I ViewInteraction: Performing 'wait for a specific view with <(an instance of android.widget.TextView and view.getHint() matching: is "Login" and view.getParent() view.getParent() view.getId() is <2131231121>)> during 10000 millis.' action on view view.getRootView() to equal view
12-12 11:55:53.145  9907  9951 W teco.fmhandroi: Accessing hidden method Lsun/misc/Unsafe;->compareAndSwapObject(Ljava/lang/Object;JLjava/lang/Object;Ljava/lang/Object;)Z (greylist, linking, allowed)
12-12 11:55:53.148  9907  9907 I ViewInteraction: Checking 'MatchesViewAssertion{viewMatcher=(view has effective visibility <VISIBLE> and view.getGlobalVisibleRect() to return non-empty rectangle)}' assertion on view (an instance of android.widget.TextView and view.getHint() matching: is "Login" and view.getParent() view.getParent() view.getId() is <2131231121/ru.iteco.fmhandroid:id/login_text_input_layout>)
12-12 11:55:53.150  9907  9951 W teco.fmhandroi: Accessing hidden method Lsun/misc/Unsafe;->compareAndSwapObject(Ljava/lang/Object;JLjava/lang/Object;Ljava/lang/Object;)Z (greylist, linking, allowed)
12-12 11:55:53.152  9907  9907 I ViewInteraction: Performing 'wait for a specific view with <(an instance of android.widget.TextView and view.getHint() matching: is "Password" and view.getParent() view.getParent() view.getId() is <2131231264>)> during 10000 millis.' action on view view.getRootView() to equal view
12-12 11:55:53.155  9907  9951 W teco.fmhandroi: Accessing hidden method Lsun/misc/Unsafe;->compareAndSwapObject(Ljava/lang/Object;JLjava/lang/Object;Ljava/lang/Object;)Z (greylist, linking, allowed)
12-12 11:55:53.164  9907  9907 I ViewInteraction: Checking 'MatchesViewAssertion{viewMatcher=(view has effective visibility <VISIBLE> and view.getGlobalVisibleRect() to return non-empty rectangle)}' assertion on view (an instance of android.widget.TextView and view.getHint() matching: is "Password" and view.getParent() view.getParent() view.getId() is <2131231264/ru.iteco.fmhandroid:id/password_text_input_layout>)
12-12 11:55:53.166  9907  9951 W teco.fmhandroi: Accessing hidden method Lsun/misc/Unsafe;->compareAndSwapObject(Ljava/lang/Object;JLjava/lang/Object;Ljava/lang/Object;)Z (greylist, linking, allowed)
12-12 11:55:53.166  9907 10023 W teco.fmhandroi: Accessing hidden method Lsun/misc/Unsafe;->compareAndSwapObject(Ljava/lang/Object;JLjava/lang/Object;Ljava/lang/Object;)Z (greylist, linking, allowed)
12-12 11:55:53.171  9907  9907 I ViewInteraction: Performing 'wait for a specific view with <(view.getId() is <2131231039> and an instance of android.widget.TextView and view.getText() with or without transformation to match: is "SIGN IN" and view.getContentDescription() is "Save" and view.getParent() view.getParent() an instance of android.widget.RelativeLayout)> during 10000 millis.' action on view view.getRootView() to equal view
12-12 11:55:53.178  9907  9951 W teco.fmhandroi: Accessing hidden method Lsun/misc/Unsafe;->compareAndSwapObject(Ljava/lang/Object;JLjava/lang/Object;Ljava/lang/Object;)Z (greylist, linking, allowed)
12-12 11:55:53.186  9907  9907 I ViewInteraction: Checking 'MatchesViewAssertion{viewMatcher=(view has effective visibility <VISIBLE> and view.getGlobalVisibleRect() to return non-empty rectangle)}' assertion on view (view.getId() is <2131231039/ru.iteco.fmhandroid:id/enter_button> and an instance of android.widget.TextView and view.getText() with or without transformation to match: is "SIGN IN" and view.getContentDescription() is "Save" and view.getParent() view.getParent() an instance of android.widget.RelativeLayout)
12-12 11:55:53.188  9907  9951 W teco.fmhandroi: Accessing hidden method Lsun/misc/Unsafe;->compareAndSwapObject(Ljava/lang/Object;JLjava/lang/Object;Ljava/lang/Object;)Z (greylist, linking, allowed)
12-12 11:55:53.191  9907  9907 I ViewInteraction: Performing 'wait for a specific view with <(an instance of android.widget.TextView and view.getText() with or without transformation to match: is "Authorization" and view.getParent() view.getParent() view.getId() is <2131231186>)> during 10000 millis.' action on view view.getRootView() to equal view
12-12 11:55:53.196  9907  9951 W teco.fmhandroi: Accessing hidden method Lsun/misc/Unsafe;->compareAndSwapObject(Ljava/lang/Object;JLjava/lang/Object;Ljava/lang/Object;)Z (greylist, linking, allowed)
12-12 11:55:53.197  9907 10023 W teco.fmhandroi: Accessing hidden method Lsun/misc/Unsafe;->compareAndSwapObject(Ljava/lang/Object;JLjava/lang/Object;Ljava/lang/Object;)Z (greylist, linking, allowed)
12-12 11:55:53.202  9907  9907 I ViewInteraction: Checking 'MatchesViewAssertion{viewMatcher=(view has effective visibility <VISIBLE> and view.getGlobalVisibleRect() to return non-empty rectangle)}' assertion on view (an instance of android.widget.TextView and view.getText() with or without transformation to match: is "Authorization" and view.getParent() view.getParent() view.getId() is <2131231186/ru.iteco.fmhandroid:id/nav_host_fragment>)
12-12 11:55:53.205  9907  9951 W teco.fmhandroi: Accessing hidden method Lsun/misc/Unsafe;->compareAndSwapObject(Ljava/lang/Object;JLjava/lang/Object;Ljava/lang/Object;)Z (greylist, linking, allowed)
12-12 11:55:53.206  9907 10023 W teco.fmhandroi: Accessing hidden method Lsun/misc/Unsafe;->compareAndSwapObject(Ljava/lang/Object;JLjava/lang/Object;Ljava/lang/Object;)Z (greylist, linking, allowed)
12-12 11:55:53.212  9907  9907 I ViewInteraction: Performing 'wait for a specific view with <(an instance of android.widget.TextView and view.getHint() matching: is "Login" and view.getParent() view.getParent() view.getId() is <2131231121/ru.iteco.fmhandroid:id/login_text_input_layout>)> during 10000 millis.' action on view view.getRootView() to equal view
12-12 11:55:53.216  9907  9951 W teco.fmhandroi: Accessing hidden method Lsun/misc/Unsafe;->compareAndSwapObject(Ljava/lang/Object;JLjava/lang/Object;Ljava/lang/Object;)Z (greylist, linking, allowed)
12-12 11:55:53.219  9907  9907 I ViewInteraction: Checking 'MatchesViewAssertion{viewMatcher=(view has effective visibility <VISIBLE> and view.getGlobalVisibleRect() to return non-empty rectangle)}' assertion on view (an instance of android.widget.TextView and view.getHint() matching: is "Login" and view.getParent() view.getParent() view.getId() is <2131231121/ru.iteco.fmhandroid:id/login_text_input_layout>)
12-12 11:55:53.221  9907  9951 W teco.fmhandroi: Accessing hidden method Lsun/misc/Unsafe;->compareAndSwapObject(Ljava/lang/Object;JLjava/lang/Object;Ljava/lang/Object;)Z (greylist, linking, allowed)
12-12 11:55:53.227  9907  9907 I ViewInteraction: Performing 'wait for a specific view with <(an instance of android.widget.TextView and view.getHint() matching: is "Password" and view.getParent() view.getParent() view.getId() is <2131231264/ru.iteco.fmhandroid:id/password_text_input_layout>)> during 10000 millis.' action on view view.getRootView() to equal view
12-12 11:55:53.231  9907  9951 W teco.fmhandroi: Accessing hidden method Lsun/misc/Unsafe;->compareAndSwapObject(Ljava/lang/Object;JLjava/lang/Object;Ljava/lang/Object;)Z (greylist, linking, allowed)
12-12 11:55:53.231  9907 10023 W teco.fmhandroi: Accessing hidden method Lsun/misc/Unsafe;->compareAndSwapObject(Ljava/lang/Object;JLjava/lang/Object;Ljava/lang/Object;)Z (greylist, linking, allowed)
12-12 11:55:53.236  9907  9907 I ViewInteraction: Checking 'MatchesViewAssertion{viewMatcher=(view has effective visibility <VISIBLE> and view.getGlobalVisibleRect() to return non-empty rectangle)}' assertion on view (an instance of android.widget.TextView and view.getHint() matching: is "Password" and view.getParent() view.getParent() view.getId() is <2131231264/ru.iteco.fmhandroid:id/password_text_input_layout>)
12-12 11:55:53.241  9907  9951 W teco.fmhandroi: Accessing hidden method Lsun/misc/Unsafe;->compareAndSwapObject(Ljava/lang/Object;JLjava/lang/Object;Ljava/lang/Object;)Z (greylist, linking, allowed)
12-12 11:55:53.247  9907  9907 I ViewInteraction: Performing 'wait for a specific view with <(view.getId() is <2131231039/ru.iteco.fmhandroid:id/enter_button> and an instance of android.widget.TextView and view.getText() with or without transformation to match: is "SIGN IN" and view.getContentDescription() is "Save" and view.getParent() view.getParent() an instance of android.widget.RelativeLayout)> during 10000 millis.' action on view view.getRootView() to equal view
12-12 11:55:53.251  9907  9951 W teco.fmhandroi: Accessing hidden method Lsun/misc/Unsafe;->compareAndSwapObject(Ljava/lang/Object;JLjava/lang/Object;Ljava/lang/Object;)Z (greylist, linking, allowed)
12-12 11:55:53.258  9907  9907 I ViewInteraction: Checking 'MatchesViewAssertion{viewMatcher=(view has effective visibility <VISIBLE> and view.getGlobalVisibleRect() to return non-empty rectangle)}' assertion on view (view.getId() is <2131231039/ru.iteco.fmhandroid:id/enter_button> and an instance of android.widget.TextView and view.getText() with or without transformation to match: is "SIGN IN" and view.getContentDescription() is "Save" and view.getParent() view.getParent() an instance of android.widget.RelativeLayout)
12-12 11:55:53.260  9907  9951 W teco.fmhandroi: Accessing hidden method Lsun/misc/Unsafe;->compareAndSwapObject(Ljava/lang/Object;JLjava/lang/Object;Ljava/lang/Object;)Z (greylist, linking, allowed)
12-12 11:55:53.264  9907  9907 I ViewInteraction: Performing 'wait for a specific view with <(an instance of android.widget.TextView and view.getHint() matching: is "Login" and view.getParent() view.getParent() view.getId() is <2131231121/ru.iteco.fmhandroid:id/login_text_input_layout>)> during 10000 millis.' action on view view.getRootView() to equal view
12-12 11:55:53.270  9907  9951 W teco.fmhandroi: Accessing hidden method Lsun/misc/Unsafe;->compareAndSwapObject(Ljava/lang/Object;JLjava/lang/Object;Ljava/lang/Object;)Z (greylist, linking, allowed)
12-12 11:55:53.275  9907  9907 I ViewInteraction: Performing 'replace text(login2)' action on view (an instance of android.widget.TextView and view.getHint() matching: is "Login" and view.getParent() view.getParent() view.getId() is <2131231121/ru.iteco.fmhandroid:id/login_text_input_layout>)
12-12 11:55:53.307  9907  9951 W teco.fmhandroi: Accessing hidden method Lsun/misc/Unsafe;->compareAndSwapObject(Ljava/lang/Object;JLjava/lang/Object;Ljava/lang/Object;)Z (greylist, linking, allowed)
12-12 11:55:53.337  9907  9907 I ViewInteraction: Performing 'wait for a specific view with <(an instance of android.widget.TextView and view.getHint() matching: is "Password" and view.getParent() view.getParent() view.getId() is <2131231264/ru.iteco.fmhandroid:id/password_text_input_layout>)> during 10000 millis.' action on view view.getRootView() to equal view
12-12 11:55:53.344  9907  9951 W teco.fmhandroi: Accessing hidden method Lsun/misc/Unsafe;->compareAndSwapObject(Ljava/lang/Object;JLjava/lang/Object;Ljava/lang/Object;)Z (greylist, linking, allowed)
12-12 11:55:53.344  9907 10023 W teco.fmhandroi: Accessing hidden method Lsun/misc/Unsafe;->compareAndSwapObject(Ljava/lang/Object;JLjava/lang/Object;Ljava/lang/Object;)Z (greylist, linking, allowed)
12-12 11:55:53.351  9907  9907 I ViewInteraction: Performing 'replace text(password2)' action on view (an instance of android.widget.TextView and view.getHint() matching: is "Password" and view.getParent() view.getParent() view.getId() is <2131231264/ru.iteco.fmhandroid:id/password_text_input_layout>)
12-12 11:55:53.364  9907  9951 W teco.fmhandroi: Accessing hidden method Lsun/misc/Unsafe;->compareAndSwapObject(Ljava/lang/Object;JLjava/lang/Object;Ljava/lang/Object;)Z (greylist, linking, allowed)
12-12 11:55:53.397  9907  9907 I ViewInteraction: Performing 'wait for a specific view with <(view.getId() is <2131231039/ru.iteco.fmhandroid:id/enter_button> and an instance of android.widget.TextView and view.getText() with or without transformation to match: is "SIGN IN" and view.getContentDescription() is "Save" and view.getParent() view.getParent() an instance of android.widget.RelativeLayout)> during 10000 millis.' action on view view.getRootView() to equal view
12-12 11:55:53.406  9907  9951 W teco.fmhandroi: Accessing hidden method Lsun/misc/Unsafe;->compareAndSwapObject(Ljava/lang/Object;JLjava/lang/Object;Ljava/lang/Object;)Z (greylist, linking, allowed)
12-12 11:55:53.406  9907 10023 W teco.fmhandroi: Accessing hidden method Lsun/misc/Unsafe;->compareAndSwapObject(Ljava/lang/Object;JLjava/lang/Object;Ljava/lang/Object;)Z (greylist, linking, allowed)
12-12 11:55:53.409  9907  9907 I ViewInteraction: Checking 'MatchesViewAssertion{viewMatcher=view.isClickable() is <true>}' assertion on view (view.getId() is <2131231039/ru.iteco.fmhandroid:id/enter_button> and an instance of android.widget.TextView and view.getText() with or without transformation to match: is "SIGN IN" and view.getContentDescription() is "Save" and view.getParent() view.getParent() an instance of android.widget.RelativeLayout)
12-12 11:55:53.410  9907  9951 W teco.fmhandroi: Accessing hidden method Lsun/misc/Unsafe;->compareAndSwapObject(Ljava/lang/Object;JLjava/lang/Object;Ljava/lang/Object;)Z (greylist, linking, allowed)
12-12 11:55:53.414  9907  9907 I ViewInteraction: Performing 'wait for a specific view with <(view.getId() is <2131231039/ru.iteco.fmhandroid:id/enter_button> and an instance of android.widget.TextView and view.getText() with or without transformation to match: is "SIGN IN" and view.getContentDescription() is "Save" and view.getParent() view.getParent() an instance of android.widget.RelativeLayout)> during 10000 millis.' action on view view.getRootView() to equal view
12-12 11:55:53.417  9907  9951 W teco.fmhandroi: Accessing hidden method Lsun/misc/Unsafe;->compareAndSwapObject(Ljava/lang/Object;JLjava/lang/Object;Ljava/lang/Object;)Z (greylist, linking, allowed)
12-12 11:55:53.421  9907  9907 I ViewInteraction: Checking 'MatchesViewAssertion{viewMatcher=view.isClickable() is <true>}' assertion on view (view.getId() is <2131231039/ru.iteco.fmhandroid:id/enter_button> and an instance of android.widget.TextView and view.getText() with or without transformation to match: is "SIGN IN" and view.getContentDescription() is "Save" and view.getParent() view.getParent() an instance of android.widget.RelativeLayout)
12-12 11:55:53.423  9907  9951 W teco.fmhandroi: Accessing hidden method Lsun/misc/Unsafe;->compareAndSwapObject(Ljava/lang/Object;JLjava/lang/Object;Ljava/lang/Object;)Z (greylist, linking, allowed)
12-12 11:55:53.426  9907  9907 I ViewInteraction: Performing 'wait for a specific view with <(view.getId() is <2131231039/ru.iteco.fmhandroid:id/enter_button> and an instance of android.widget.TextView and view.getText() with or without transformation to match: is "SIGN IN" and view.getContentDescription() is "Save" and view.getParent() view.getParent() an instance of android.widget.RelativeLayout)> during 10000 millis.' action on view view.getRootView() to equal view
12-12 11:55:53.429  9907  9951 W teco.fmhandroi: Accessing hidden method Lsun/misc/Unsafe;->compareAndSwapObject(Ljava/lang/Object;JLjava/lang/Object;Ljava/lang/Object;)Z (greylist, linking, allowed)
12-12 11:55:53.434  9907  9907 I ViewInteraction: Performing 'single click' action on view (view.getId() is <2131231039/ru.iteco.fmhandroid:id/enter_button> and an instance of android.widget.TextView and view.getText() with or without transformation to match: is "SIGN IN" and view.getContentDescription() is "Save" and view.getParent() view.getParent() an instance of android.widget.RelativeLayout)
12-12 11:55:53.504  9907 10027 I okhttp.OkHttpClient: --> POST http://www.981757-ca08998.tmweb.ru:8080/fmh/authentication/login
12-12 11:55:53.504  9907 10027 I okhttp.OkHttpClient: Content-Type: application/json; charset=UTF-8
12-12 11:55:53.505  9907 10027 I okhttp.OkHttpClient: Content-Length: 41
12-12 11:55:53.506  9907 10027 I okhttp.OkHttpClient: {"login":"login2","password":"password2"}
12-12 11:55:53.506  9907 10027 I okhttp.OkHttpClient: --> END POST (41-byte body)
12-12 11:55:53.512  1745 10028 E ResolverController: No valid NAT64 prefix (100, <unspecified>/0)
12-12 11:55:53.741  9907  9951 W teco.fmhandroi: Accessing hidden method Lsun/misc/Unsafe;->compareAndSwapObject(Ljava/lang/Object;JLjava/lang/Object;Ljava/lang/Object;)Z (greylist, linking, allowed)
12-12 11:55:53.745  9907  9907 I ViewInteraction: Performing 'wait for a specific view with <an instance of android.widget.TextView and view.getText() with or without transformation to match: is "News"> during 10000 millis.' action on view view.getRootView() to equal view
12-12 11:55:53.955  9907 10027 I okhttp.OkHttpClient: <-- 200 http://www.981757-ca08998.tmweb.ru:8080/fmh/authentication/login (448ms)
12-12 11:55:53.955  9907 10027 I okhttp.OkHttpClient: Vary: Origin
12-12 11:55:53.955  9907 10027 I okhttp.OkHttpClient: Vary: Access-Control-Request-Method
12-12 11:55:53.955  9907 10027 I okhttp.OkHttpClient: Vary: Access-Control-Request-Headers
12-12 11:55:53.955  9907 10027 I okhttp.OkHttpClient: X-Content-Type-Options: nosniff
12-12 11:55:53.955  9907 10027 I okhttp.OkHttpClient: X-XSS-Protection: 1; mode=block
12-12 11:55:53.956  9907 10027 I okhttp.OkHttpClient: Cache-Control: no-cache, no-store, max-age=0, must-revalidate
12-12 11:55:53.956  9907 10027 I okhttp.OkHttpClient: Pragma: no-cache
12-12 11:55:53.956  9907 10027 I okhttp.OkHttpClient: Expires: 0
12-12 11:55:53.956  9907 10027 I okhttp.OkHttpClient: X-Frame-Options: DENY
12-12 11:55:53.957  9907 10027 I okhttp.OkHttpClient: Content-Type: application/json
12-12 11:55:53.958  9907 10027 I okhttp.OkHttpClient: Transfer-Encoding: chunked
12-12 11:55:53.958  9907 10027 I okhttp.OkHttpClient: Date: Mon, 12 Dec 2022 11:55:55 GMT
12-12 11:55:53.958  9907 10027 I okhttp.OkHttpClient: Keep-Alive: timeout=60
12-12 11:55:53.958  9907 10027 I okhttp.OkHttpClient: Connection: keep-alive
12-12 11:55:53.960  9907 10027 I okhttp.OkHttpClient: {"accessToken":"eyJhbGciOiJIUzUxMiJ9.eyJzdWIiOiJsb2dpbjIiLCJqdGkiOiIxIiwiZXhwIjoxNjcwOTMyNTU1fQ.mfxm7RP26dvgqEvBkhAb77llwtNUn7XXmGIP2ak3f8MxaFoEbHljHcx4THJ66buJlo22kbvTfPAC5lwE6z5w7g","refreshToken":"eyJhbGciOiJIUzUxMiJ9.eyJzdWIiOiJsb2dpbjIiLCJqdGkiOiIxIiwiZXhwIjoxNjczNDM4MTU1fQ.m59r5feBM-N6nT0PQKgUgR-YROUZMdcUf2Sc1Z_fXrGEUnUhO3HEpzrGEjInemMfJ56uQjgefmgz6JY8vKk1Fg"}
12-12 11:55:53.960  9907 10027 I okhttp.OkHttpClient: <-- END HTTP (368-byte body)
12-12 11:55:53.965  9907 10009 I okhttp.OkHttpClient: --> GET http://www.981757-ca08998.tmweb.ru:8080/fmh/authentication/userInfo
12-12 11:55:53.965  9907 10009 I okhttp.OkHttpClient: --> END GET
12-12 11:55:54.125  9907 10009 I okhttp.OkHttpClient: <-- 200 http://www.981757-ca08998.tmweb.ru:8080/fmh/authentication/userInfo (159ms)
12-12 11:55:54.125  9907 10009 I okhttp.OkHttpClient: Vary: Origin
12-12 11:55:54.125  9907 10009 I okhttp.OkHttpClient: Vary: Access-Control-Request-Method
12-12 11:55:54.125  9907 10009 I okhttp.OkHttpClient: Vary: Access-Control-Request-Headers
12-12 11:55:54.126  9907 10009 I okhttp.OkHttpClient: X-Content-Type-Options: nosniff
12-12 11:55:54.129  9907 10009 I okhttp.OkHttpClient: X-XSS-Protection: 1; mode=block
12-12 11:55:54.129  9907 10009 I okhttp.OkHttpClient: Cache-Control: no-cache, no-store, max-age=0, must-revalidate
12-12 11:55:54.130  9907 10009 I okhttp.OkHttpClient: Pragma: no-cache
12-12 11:55:54.130  9907 10009 I okhttp.OkHttpClient: Expires: 0
12-12 11:55:54.130  9907 10009 I okhttp.OkHttpClient: X-Frame-Options: DENY
12-12 11:55:54.130  9907 10009 I okhttp.OkHttpClient: Content-Type: application/json
12-12 11:55:54.131  9907 10009 I okhttp.OkHttpClient: Transfer-Encoding: chunked
12-12 11:55:54.131  9907 10009 I okhttp.OkHttpClient: Date: Mon, 12 Dec 2022 11:55:55 GMT
12-12 11:55:54.131  9907 10009 I okhttp.OkHttpClient: Keep-Alive: timeout=60
12-12 11:55:54.131  9907 10009 I okhttp.OkHttpClient: Connection: keep-alive
12-12 11:55:54.134  9907 10009 I okhttp.OkHttpClient: {"id":1,"firstName":"Ivan","lastName":"Ivanov","middleName":"Ivanovich","admin":true}
12-12 11:55:54.134  9907 10009 I okhttp.OkHttpClient: <-- END HTTP (85-byte body)
12-12 11:55:54.155  9907 10013 I okhttp.OkHttpClient: --> GET http://www.981757-ca08998.tmweb.ru:8080/fmh/claims
12-12 11:55:54.155  9907 10013 I okhttp.OkHttpClient: --> END GET
12-12 11:55:54.356  9907  9907 I ViewInteraction: Checking 'MatchesViewAssertion{viewMatcher=(view has effective visibility <VISIBLE> and view.getGlobalVisibleRect() to return non-empty rectangle)}' assertion on view an instance of android.widget.TextView and view.getText() with or without transformation to match: is "News"
12-12 11:55:54.363  9907  9951 W teco.fmhandroi: Accessing hidden method Lsun/misc/Unsafe;->compareAndSwapObject(Ljava/lang/Object;JLjava/lang/Object;Ljava/lang/Object;)Z (greylist, linking, allowed)
12-12 11:55:54.367  9907  9907 I ViewInteraction: Performing 'wait for a specific view with <view.getId() is <2131230951>> during 10000 millis.' action on view view.getRootView() to equal view
12-12 11:55:54.374  9907 10013 I okhttp.OkHttpClient: <-- 200 http://www.981757-ca08998.tmweb.ru:8080/fmh/claims (217ms)
12-12 11:55:54.375  9907 10013 I okhttp.OkHttpClient: Vary: Origin
12-12 11:55:54.375  9907 10013 I okhttp.OkHttpClient: Vary: Access-Control-Request-Method
12-12 11:55:54.375  9907 10013 I okhttp.OkHttpClient: Vary: Access-Control-Request-Headers
12-12 11:55:54.375  9907 10013 I okhttp.OkHttpClient: X-Content-Type-Options: nosniff
12-12 11:55:54.375  9907 10013 I okhttp.OkHttpClient: X-XSS-Protection: 1; mode=block
12-12 11:55:54.375  9907 10013 I okhttp.OkHttpClient: Cache-Control: no-cache, no-store, max-age=0, must-revalidate
12-12 11:55:54.376  9907 10013 I okhttp.OkHttpClient: Pragma: no-cache
12-12 11:55:54.376  9907 10013 I okhttp.OkHttpClient: Expires: 0
12-12 11:55:54.376  9907 10013 I okhttp.OkHttpClient: X-Frame-Options: DENY
12-12 11:55:54.376  9907 10013 I okhttp.OkHttpClient: Content-Type: application/json
12-12 11:55:54.376  9907 10013 I okhttp.OkHttpClient: Transfer-Encoding: chunked
12-12 11:55:54.376  9907 10013 I okhttp.OkHttpClient: Date: Mon, 12 Dec 2022 11:55:55 GMT
12-12 11:55:54.376  9907 10013 I okhttp.OkHttpClient: Keep-Alive: timeout=60
12-12 11:55:54.376  9907 10013 I okhttp.OkHttpClient: Connection: keep-alive
12-12 11:55:54.376  9907  9951 W teco.fmhandroi: Accessing hidden method Lsun/misc/Unsafe;->compareAndSwapObject(Ljava/lang/Object;JLjava/lang/Object;Ljava/lang/Object;)Z (greylist, linking, allowed)
12-12 11:55:54.378  9907 10013 I okhttp.OkHttpClient: [{"id":1,"title":"Claim 123","description":"123","creatorId":1,"executorId":1,"createDate":1670755198,"planExecuteDate":1670755140,"factExecuteDate":null,"status":"IN_PROGRESS","creatorName":"Ivanov Ivan Ivanovich","executorName":"Ivanov Ivan Ivanovich"},{"id":2,"title":"Заголовок 2c46380b-5d43-44f2-a02c-41b8c09710c2","description":"Описание 588c11cc-6a11-4eec-ae49-0f630caace41","creatorId":1,"executorId":null,"createDate":1670845808,"planExecuteDate":1670845740,"factExecuteDate":null,"status":"OPEN","creatorName":"Ivanov Ivan Ivanovich","executorName":null},{"id":3,"title":"Заголовок 0eb4b025-6e34-4957-a1e2-a64912e9444b","description":"Описание 8c51d595-ebb4-430e-9bca-70b11c41cac1","creatorId":1,"executorId":null,"createDate":1670845969,"planExecuteDate":1670845920,"factExecuteDate":null,"status":"OPEN","creatorName":"Ivanov Ivan Ivanovich","executorName":null},{"id":4,"title":"Заголовок 92efc5ce-93d1-4a0a-ad62-c3016d1e4395","description":"Описание a314ca90-1453-45ca-a603-7e092ce6027d","creatorId":1,"executorId":null,"createDate":1670846098,"planExecuteDate":1670846040,"factExecuteDate":null,"status":"OPEN","creatorName":"Ivanov Ivan Ivanovich","executorName":null}]
12-12 11:55:54.378  9907 10013 I okhttp.OkHttpClient: <-- END HTTP (1236-byte body)
12-12 11:55:54.383  9907  9907 I ViewInteraction: Checking 'MatchesViewAssertion{viewMatcher=(view has effective visibility <VISIBLE> and view.getGlobalVisibleRect() to return non-empty rectangle)}' assertion on view view.getId() is <2131230951/ru.iteco.fmhandroid:id/container_list_news_include_on_fragment_main>
12-12 11:55:54.385  9907 10023 W teco.fmhandroi: Accessing hidden method Lsun/misc/Unsafe;->compareAndSwapObject(Ljava/lang/Object;JLjava/lang/Object;Ljava/lang/Object;)Z (greylist, linking, allowed)
12-12 11:55:54.386  9907  9951 W teco.fmhandroi: Accessing hidden method Lsun/misc/Unsafe;->compareAndSwapObject(Ljava/lang/Object;JLjava/lang/Object;Ljava/lang/Object;)Z (greylist, linking, allowed)
12-12 11:55:54.386  9907  9951 W teco.fmhandroi: Accessing hidden method Lsun/misc/Unsafe;->getObject(Ljava/lang/Object;J)Ljava/lang/Object; (greylist, linking, allowed)
12-12 11:55:54.388  9907  9907 I ViewInteraction: Performing 'wait for a specific view with <view.getId() is <2131230949>> during 10000 millis.' action on view view.getRootView() to equal view
12-12 11:55:54.392  9907  9951 W teco.fmhandroi: Accessing hidden method Lsun/misc/Unsafe;->compareAndSwapObject(Ljava/lang/Object;JLjava/lang/Object;Ljava/lang/Object;)Z (greylist, linking, allowed)
12-12 11:55:54.393  9907 10023 W teco.fmhandroi: Accessing hidden method Lsun/misc/Unsafe;->compareAndSwapObject(Ljava/lang/Object;JLjava/lang/Object;Ljava/lang/Object;)Z (greylist, linking, allowed)
12-12 11:55:54.394  9907  9907 I ViewInteraction: Checking 'MatchesViewAssertion{viewMatcher=(view has effective visibility <VISIBLE> and view.getGlobalVisibleRect() to return non-empty rectangle)}' assertion on view view.getId() is <2131230949/ru.iteco.fmhandroid:id/container_list_claim_include_on_fragment_main>
12-12 11:55:54.398  9907  9951 W teco.fmhandroi: Accessing hidden method Lsun/misc/Unsafe;->compareAndSwapObject(Ljava/lang/Object;JLjava/lang/Object;Ljava/lang/Object;)Z (greylist, linking, allowed)
12-12 11:55:54.400  9907  9907 I ViewInteraction: Performing 'wait for a specific view with <an instance of android.widget.TextView and view.getText() with or without transformation to match: is "Claims"> during 10000 millis.' action on view view.getRootView() to equal view
12-12 11:55:54.408  9907  9907 I ViewInteraction: Checking 'MatchesViewAssertion{viewMatcher=(view has effective visibility <VISIBLE> and view.getGlobalVisibleRect() to return non-empty rectangle)}' assertion on view an instance of android.widget.TextView and view.getText() with or without transformation to match: is "Claims"
12-12 11:55:54.411  9907  9951 W teco.fmhandroi: Accessing hidden method Lsun/misc/Unsafe;->compareAndSwapObject(Ljava/lang/Object;JLjava/lang/Object;Ljava/lang/Object;)Z (greylist, linking, allowed)
12-12 11:55:54.416  9907  9907 I ViewInteraction: Performing 'wait for a specific view with <view.getId() is <2131231123>> during 10000 millis.' action on view view.getRootView() to equal view
12-12 11:55:54.419  9907  9951 W teco.fmhandroi: Accessing hidden method Lsun/misc/Unsafe;->compareAndSwapObject(Ljava/lang/Object;JLjava/lang/Object;Ljava/lang/Object;)Z (greylist, linking, allowed)
12-12 11:55:54.427  9907  9907 I ViewInteraction: Performing 'single click' action on view view.getId() is <2131231123/ru.iteco.fmhandroid:id/main_menu_image_button>
12-12 11:55:54.511  9907  9920 I teco.fmhandroi: Background young concurrent copying GC freed 63196(3324KB) AllocSpace objects, 4(208KB) LOS objects, 24% free, 9198KB/11MB, paused 2.304ms total 101.697ms
12-12 11:55:54.564  1776  1828 D gralloc_ranchu: gralloc_alloc: Creating ashmem region of size 2015232
12-12 11:55:54.572  1776  1828 I chatty  : uid=1000(system) HwBinder:1776_1 identical 1 line
12-12 11:55:54.574  1776  1828 D gralloc_ranchu: gralloc_alloc: Creating ashmem region of size 2015232
12-12 11:55:54.617  9907  9996 D EGL_emulation: eglMakeCurrent: 0xd471b440: ver 2 0 (tinfo 0xd470ffe0)
12-12 11:55:54.958  9907  9996 D EGL_emulation: eglMakeCurrent: 0xd471b440: ver 2 0 (tinfo 0xd470ffe0)
12-12 11:55:54.971  9907  9920 I teco.fmhandroi: Background concurrent copying GC freed 42353(2211KB) AllocSpace objects, 4(96KB) LOS objects, 38% free, 9745KB/15MB, paused 1.283ms total 175.008ms
12-12 11:55:55.008  9907  9996 D EGL_emulation: eglMakeCurrent: 0xd471b440: ver 2 0 (tinfo 0xd470ffe0)
12-12 11:55:55.151  9907  9996 D EGL_emulation: eglMakeCurrent: 0xd471b440: ver 2 0 (tinfo 0xd470ffe0)
12-12 11:55:55.173  9907 10001 E SQLiteLog: (1) too many SQL variables
12-12 11:55:55.196  9907  9996 D EGL_emulation: eglMakeCurrent: 0xd471b440: ver 2 0 (tinfo 0xd470ffe0)
12-12 11:55:55.218  9907  9996 D EGL_emulation: eglMakeCurrent: 0xd471b440: ver 2 0 (tinfo 0xd470ffe0)
12-12 11:55:55.232  9907  9907 W System.err: ru.iteco.fmhandroid.exceptions.UnknownException
12-12 11:55:55.232  9907  9907 W System.err: 	at ru.iteco.fmhandroid.utils.Utils.makeRequest(Utils.kt:123)
12-12 11:55:55.232  9907  9907 W System.err: 	at ru.iteco.fmhandroid.utils.Utils$makeRequest$1.invokeSuspend(Unknown Source:15)
12-12 11:55:55.232  9907  9907 W System.err: 	at kotlin.coroutines.jvm.internal.BaseContinuationImpl.resumeWith(ContinuationImpl.kt:33)
12-12 11:55:55.232  9907  9907 W System.err: 	at kotlinx.coroutines.DispatchedTask.run(DispatchedTask.kt:104)
12-12 11:55:55.232  9907  9907 W System.err: 	at android.os.Handler.handleCallback(Handler.java:883)
12-12 11:55:55.232  9907  9907 W System.err: 	at android.os.Handler.dispatchMessage(Handler.java:100)
12-12 11:55:55.232  9907  9907 W System.err: 	at androidx.test.espresso.base.Interrogator.loopAndInterrogate(Interrogator.java:14)
12-12 11:55:55.232  9907  9907 W System.err: 	at androidx.test.espresso.base.UiControllerImpl.loopUntil(UiControllerImpl.java:8)
12-12 11:55:55.232  9907  9907 W System.err: 	at androidx.test.espresso.base.UiControllerImpl.loopUntil(UiControllerImpl.java:1)
12-12 11:55:55.233  9907  9907 W System.err: 	at androidx.test.espresso.base.UiControllerImpl.loopMainThreadForAtLeast(UiControllerImpl.java:7)
12-12 11:55:55.233  9907  9907 W System.err: 	at ru.iteco.fmhandroid.ui.data.ViewActions$1.perform(ViewActions.java:48)
12-12 11:55:55.233  9907  9907 W System.err: 	at androidx.test.espresso.ViewInteraction$SingleExecutionViewAction.perform(ViewInteraction.java:2)
12-12 11:55:55.233  9907  9907 W System.err: 	at androidx.test.espresso.ViewInteraction.doPerform(ViewInteraction.java:25)
12-12 11:55:55.233  9907  9907 W System.err: 	at androidx.test.espresso.ViewInteraction.-$$Nest$mdoPerform(Unknown Source:0)
12-12 11:55:55.234  9907  9907 W System.err: 	at androidx.test.espresso.ViewInteraction$1.call(ViewInteraction.java:7)
12-12 11:55:55.234  9907  9907 W System.err: 	at androidx.test.espresso.ViewInteraction$1.call(ViewInteraction.java:1)
12-12 11:55:55.234  9907  9907 W System.err: 	at java.util.concurrent.FutureTask.run(FutureTask.java:266)
12-12 11:55:55.235  9907  9907 W System.err: 	at android.os.Handler.handleCallback(Handler.java:883)
12-12 11:55:55.236  9907  9907 W System.err: 	at android.os.Handler.dispatchMessage(Handler.java:100)
12-12 11:55:55.236  9907  9907 W System.err: 	at android.os.Looper.loop(Looper.java:214)
12-12 11:55:55.236  9907  9907 W System.err: 	at android.app.ActivityThread.main(ActivityThread.java:7356)
12-12 11:55:55.236  9907  9907 W System.err: 	at java.lang.reflect.Method.invoke(Native Method)
12-12 11:55:55.236  9907  9907 W System.err: 	at com.android.internal.os.RuntimeInit$MethodAndArgsCaller.run(RuntimeInit.java:492)
12-12 11:55:55.236  9907  9907 W System.err: 	at com.android.internal.os.ZygoteInit.main(ZygoteInit.java:930)
12-12 11:55:55.289  1776  1828 D gralloc_ranchu: gralloc_alloc: Creating ashmem region of size 438272
12-12 11:55:55.294  1776  1828 I chatty  : uid=1000(system) HwBinder:1776_1 identical 1 line
12-12 11:55:55.296  1776  1828 D gralloc_ranchu: gralloc_alloc: Creating ashmem region of size 438272
12-12 11:55:55.296  9907  9996 D EGL_emulation: eglMakeCurrent: 0xd471b440: ver 2 0 (tinfo 0xd470ffe0)
12-12 11:55:55.534  9907  9951 W teco.fmhandroi: Accessing hidden method Lsun/misc/Unsafe;->compareAndSwapObject(Ljava/lang/Object;JLjava/lang/Object;Ljava/lang/Object;)Z (greylist, linking, allowed)
12-12 11:55:55.536  9907  9907 I ViewInteraction: Performing 'wait for a specific view with <an instance of android.widget.TextView and view.getText() with or without transformation to match: is "Claims"> during 10000 millis.' action on view view.getRootView() to equal view
12-12 11:55:55.539  9907  9907 I ViewInteraction: Performing 'single click' action on view an instance of android.widget.TextView and view.getText() with or without transformation to match: is "Claims"
12-12 11:55:55.602  9907  9996 D EGL_emulation: eglMakeCurrent: 0xd471b440: ver 2 0 (tinfo 0xd470ffe0)
12-12 11:55:55.698  9907 10013 I okhttp.OkHttpClient: --> GET http://www.981757-ca08998.tmweb.ru:8080/fmh/claims
12-12 11:55:55.698  9907 10013 I okhttp.OkHttpClient: --> END GET
12-12 11:55:55.805  9907  9996 D EGL_emulation: eglMakeCurrent: 0xd471b440: ver 2 0 (tinfo 0xd470ffe0)
12-12 11:55:55.832  9907  9996 D EGL_emulation: eglMakeCurrent: 0xd471b440: ver 2 0 (tinfo 0xd470ffe0)
12-12 11:55:55.885  9907 10013 I okhttp.OkHttpClient: <-- 200 http://www.981757-ca08998.tmweb.ru:8080/fmh/claims (186ms)
12-12 11:55:55.886  9907 10013 I okhttp.OkHttpClient: Vary: Origin
12-12 11:55:55.886  9907 10013 I okhttp.OkHttpClient: Vary: Access-Control-Request-Method
12-12 11:55:55.887  9907 10013 I okhttp.OkHttpClient: Vary: Access-Control-Request-Headers
12-12 11:55:55.887  9907 10013 I okhttp.OkHttpClient: X-Content-Type-Options: nosniff
12-12 11:55:55.887  9907 10013 I okhttp.OkHttpClient: X-XSS-Protection: 1; mode=block
12-12 11:55:55.887  9907 10013 I okhttp.OkHttpClient: Cache-Control: no-cache, no-store, max-age=0, must-revalidate
12-12 11:55:55.887  9907 10013 I okhttp.OkHttpClient: Pragma: no-cache
12-12 11:55:55.888  9907 10013 I okhttp.OkHttpClient: Expires: 0
12-12 11:55:55.888  9907 10013 I okhttp.OkHttpClient: X-Frame-Options: DENY
12-12 11:55:55.888  9907 10013 I okhttp.OkHttpClient: Content-Type: application/json
12-12 11:55:55.888  9907 10013 I okhttp.OkHttpClient: Transfer-Encoding: chunked
12-12 11:55:55.888  9907 10013 I okhttp.OkHttpClient: Date: Mon, 12 Dec 2022 11:55:57 GMT
12-12 11:55:55.889  9907 10013 I okhttp.OkHttpClient: Keep-Alive: timeout=60
12-12 11:55:55.889  9907 10013 I okhttp.OkHttpClient: Connection: keep-alive
12-12 11:55:55.891  9907 10013 I okhttp.OkHttpClient: [{"id":1,"title":"Claim 123","description":"123","creatorId":1,"executorId":1,"createDate":1670755198,"planExecuteDate":1670755140,"factExecuteDate":null,"status":"IN_PROGRESS","creatorName":"Ivanov Ivan Ivanovich","executorName":"Ivanov Ivan Ivanovich"},{"id":2,"title":"Заголовок 2c46380b-5d43-44f2-a02c-41b8c09710c2","description":"Описание 588c11cc-6a11-4eec-ae49-0f630caace41","creatorId":1,"executorId":null,"createDate":1670845808,"planExecuteDate":1670845740,"factExecuteDate":null,"status":"OPEN","creatorName":"Ivanov Ivan Ivanovich","executorName":null},{"id":3,"title":"Заголовок 0eb4b025-6e34-4957-a1e2-a64912e9444b","description":"Описание 8c51d595-ebb4-430e-9bca-70b11c41cac1","creatorId":1,"executorId":null,"createDate":1670845969,"planExecuteDate":1670845920,"factExecuteDate":null,"status":"OPEN","creatorName":"Ivanov Ivan Ivanovich","executorName":null},{"id":4,"title":"Заголовок 92efc5ce-93d1-4a0a-ad62-c3016d1e4395","description":"Описание a314ca90-1453-45ca-a603-7e092ce6027d","creatorId":1,"executorId":null,"createDate":1670846098,"planExecuteDate":1670846040,"factExecuteDate":null,"status":"OPEN","creatorName":"Ivanov Ivan Ivanovich","executorName":null}]
12-12 11:55:55.891  9907 10013 I okhttp.OkHttpClient: <-- END HTTP (1236-byte body)
12-12 11:55:56.141  9907 10002 E SQLiteLog: (1) too many SQL variables
12-12 11:55:56.160  9907  9907 W System.err: ru.iteco.fmhandroid.exceptions.UnknownException
12-12 11:55:56.160  9907  9907 W System.err: 	at ru.iteco.fmhandroid.utils.Utils.makeRequest(Utils.kt:123)
12-12 11:55:56.160  9907  9907 W System.err: 	at ru.iteco.fmhandroid.utils.Utils$makeRequest$1.invokeSuspend(Unknown Source:15)
12-12 11:55:56.160  9907  9907 W System.err: 	at kotlin.coroutines.jvm.internal.BaseContinuationImpl.resumeWith(ContinuationImpl.kt:33)
12-12 11:55:56.160  9907  9907 W System.err: 	at kotlinx.coroutines.DispatchedTask.run(DispatchedTask.kt:104)
12-12 11:55:56.160  9907  9907 W System.err: 	at android.os.Handler.handleCallback(Handler.java:883)
12-12 11:55:56.160  9907  9907 W System.err: 	at android.os.Handler.dispatchMessage(Handler.java:100)
12-12 11:55:56.160  9907  9907 W System.err: 	at androidx.test.espresso.base.Interrogator.loopAndInterrogate(Interrogator.java:14)
12-12 11:55:56.160  9907  9907 W System.err: 	at androidx.test.espresso.base.UiControllerImpl.loopUntil(UiControllerImpl.java:8)
12-12 11:55:56.161  9907  9907 W System.err: 	at androidx.test.espresso.base.UiControllerImpl.loopUntil(UiControllerImpl.java:1)
12-12 11:55:56.161  9907  9907 W System.err: 	at androidx.test.espresso.base.UiControllerImpl.loopMainThreadForAtLeast(UiControllerImpl.java:7)
12-12 11:55:56.161  9907  9907 W System.err: 	at ru.iteco.fmhandroid.ui.data.ViewActions$1.perform(ViewActions.java:48)
12-12 11:55:56.161  9907  9907 W System.err: 	at androidx.test.espresso.ViewInteraction$SingleExecutionViewAction.perform(ViewInteraction.java:2)
12-12 11:55:56.161  9907  9907 W System.err: 	at androidx.test.espresso.ViewInteraction.doPerform(ViewInteraction.java:25)
12-12 11:55:56.162  9907  9907 W System.err: 	at androidx.test.espresso.ViewInteraction.-$$Nest$mdoPerform(Unknown Source:0)
12-12 11:55:56.162  9907  9907 W System.err: 	at androidx.test.espresso.ViewInteraction$1.call(ViewInteraction.java:7)
12-12 11:55:56.162  9907  9907 W System.err: 	at androidx.test.espresso.ViewInteraction$1.call(ViewInteraction.java:1)
12-12 11:55:56.162  9907  9907 W System.err: 	at java.util.concurrent.FutureTask.run(FutureTask.java:266)
12-12 11:55:56.162  9907  9907 W System.err: 	at android.os.Handler.handleCallback(Handler.java:883)
12-12 11:55:56.162  9907  9907 W System.err: 	at android.os.Handler.dispatchMessage(Handler.java:100)
12-12 11:55:56.162  9907  9907 W System.err: 	at android.os.Looper.loop(Looper.java:214)
12-12 11:55:56.164  9907  9907 W System.err: 	at android.app.ActivityThread.main(ActivityThread.java:7356)
12-12 11:55:56.164  9907  9907 W System.err: 	at java.lang.reflect.Method.invoke(Native Method)
12-12 11:55:56.164  9907  9907 W System.err: 	at com.android.internal.os.RuntimeInit$MethodAndArgsCaller.run(RuntimeInit.java:492)
12-12 11:55:56.164  9907  9907 W System.err: 	at com.android.internal.os.ZygoteInit.main(ZygoteInit.java:930)
12-12 11:55:56.182  9907  9951 W teco.fmhandroi: Accessing hidden method Lsun/misc/Unsafe;->compareAndSwapObject(Ljava/lang/Object;JLjava/lang/Object;Ljava/lang/Object;)Z (greylist, linking, allowed)
12-12 11:55:56.184  9907 10023 W teco.fmhandroi: Accessing hidden method Lsun/misc/Unsafe;->compareAndSwapObject(Ljava/lang/Object;JLjava/lang/Object;Ljava/lang/Object;)Z (greylist, linking, allowed)
12-12 11:55:56.188  9907  9907 I ViewInteraction: Performing 'wait for a specific view with <view.getId() is <2131230849>> during 10000 millis.' action on view view.getRootView() to equal view
12-12 11:55:56.190  9907  9951 W teco.fmhandroi: Accessing hidden method Lsun/misc/Unsafe;->compareAndSwapObject(Ljava/lang/Object;JLjava/lang/Object;Ljava/lang/Object;)Z (greylist, linking, allowed)
12-12 11:55:56.191  9907 10023 W teco.fmhandroi: Accessing hidden method Lsun/misc/Unsafe;->compareAndSwapObject(Ljava/lang/Object;JLjava/lang/Object;Ljava/lang/Object;)Z (greylist, linking, allowed)
12-12 11:55:56.196  9907  9907 I ViewInteraction: Performing 'single click' action on view view.getId() is <2131230849/ru.iteco.fmhandroid:id/add_new_claim_material_button>
12-12 11:55:56.256  9907 10009 I okhttp.OkHttpClient: --> GET http://www.981757-ca08998.tmweb.ru:8080/fmh/users
12-12 11:55:56.257  9907 10009 I okhttp.OkHttpClient: --> END GET
12-12 11:55:56.484  9907  9951 W teco.fmhandroi: Accessing hidden method Lsun/misc/Unsafe;->compareAndSwapObject(Ljava/lang/Object;JLjava/lang/Object;Ljava/lang/Object;)Z (greylist, linking, allowed)
12-12 11:55:56.489  9907  9907 I ViewInteraction: Performing 'wait for a specific view with <view.getId() is <2131231041>> during 10000 millis.' action on view view.getRootView() to equal view
12-12 11:55:56.499  9907 10009 I okhttp.OkHttpClient: <-- 200 http://www.981757-ca08998.tmweb.ru:8080/fmh/users (242ms)
12-12 11:55:56.499  9907 10009 I okhttp.OkHttpClient: Vary: Origin
12-12 11:55:56.499  9907 10009 I okhttp.OkHttpClient: Vary: Access-Control-Request-Method
12-12 11:55:56.499  9907 10009 I okhttp.OkHttpClient: Vary: Access-Control-Request-Headers
12-12 11:55:56.499  9907 10009 I okhttp.OkHttpClient: X-Content-Type-Options: nosniff
12-12 11:55:56.499  9907 10009 I okhttp.OkHttpClient: X-XSS-Protection: 1; mode=block
12-12 11:55:56.499  9907 10009 I okhttp.OkHttpClient: Cache-Control: no-cache, no-store, max-age=0, must-revalidate
12-12 11:55:56.499  9907 10009 I okhttp.OkHttpClient: Pragma: no-cache
12-12 11:55:56.500  9907 10009 I okhttp.OkHttpClient: Expires: 0
12-12 11:55:56.500  9907 10009 I okhttp.OkHttpClient: X-Frame-Options: DENY
12-12 11:55:56.500  9907 10009 I okhttp.OkHttpClient: Content-Type: application/json
12-12 11:55:56.500  9907 10009 I okhttp.OkHttpClient: Transfer-Encoding: chunked
12-12 11:55:56.500  9907 10009 I okhttp.OkHttpClient: Date: Mon, 12 Dec 2022 11:55:57 GMT
12-12 11:55:56.500  9907 10009 I okhttp.OkHttpClient: Keep-Alive: timeout=60
12-12 11:55:56.500  9907 10009 I okhttp.OkHttpClient: Connection: keep-alive
12-12 11:55:56.501  9907 10009 I okhttp.OkHttpClient: [{"id":1,"firstName":"Ivan","lastName":"Ivanov","middleName":"Ivanovich","admin":true}]
12-12 11:55:56.501  9907 10009 I okhttp.OkHttpClient: <-- END HTTP (87-byte body)
12-12 11:55:56.906  9907  9920 I teco.fmhandroi: Background young concurrent copying GC freed 60019(3174KB) AllocSpace objects, 5(104KB) LOS objects, 20% free, 12MB/15MB, paused 1.438ms total 147.146ms
12-12 11:55:56.974  9907  9951 W teco.fmhandroi: Accessing hidden method Lsun/misc/Unsafe;->compareAndSwapObject(Ljava/lang/Object;JLjava/lang/Object;Ljava/lang/Object;)Z (greylist, linking, allowed)
12-12 11:55:56.975  9907 10023 W teco.fmhandroi: Accessing hidden method Lsun/misc/Unsafe;->compareAndSwapObject(Ljava/lang/Object;JLjava/lang/Object;Ljava/lang/Object;)Z (greylist, linking, allowed)
12-12 11:55:56.979  9907  9907 I ViewInteraction: Checking 'MatchesViewAssertion{viewMatcher=(view has effective visibility <VISIBLE> and view.getGlobalVisibleRect() to return non-empty rectangle)}' assertion on view view.getId() is <2131231041/ru.iteco.fmhandroid:id/executor_drop_menu_auto_complete_text_view>
12-12 11:55:56.983  9907 10023 W teco.fmhandroi: Accessing hidden method Lsun/misc/Unsafe;->compareAndSwapObject(Ljava/lang/Object;JLjava/lang/Object;Ljava/lang/Object;)Z (greylist, linking, allowed)
12-12 11:55:56.988  9907  9907 I ViewInteraction: Performing 'single click' action on view view.getId() is <2131231041/ru.iteco.fmhandroid:id/executor_drop_menu_auto_complete_text_view>
12-12 11:55:57.146  1776  1828 D gralloc_ranchu: gralloc_alloc: Creating ashmem region of size 1134592
12-12 11:55:57.155  1776  1828 I chatty  : uid=1000(system) HwBinder:1776_1 identical 1 line
12-12 11:55:57.157  1776  1828 D gralloc_ranchu: gralloc_alloc: Creating ashmem region of size 1134592
12-12 11:55:57.160  9907  9996 D EGL_emulation: eglMakeCurrent: 0xd471b440: ver 2 0 (tinfo 0xd470ffe0)
12-12 11:55:57.202  9907  9907 I AssistStructure: Flattened final assist data: 6348 bytes, containing 2 windows, 48 views
12-12 11:55:57.217  2009  8275 D AutofillSession: Starting partition or augmented request for view id 1073741827@1601269159: STARTED_SESSION
12-12 11:55:57.221  2511  2511 W GInputConnectionWrapper: IPC IC_GET_TEXT_BEFORE_CURSOR_AND_FIX_SELECTION_INDICES took 126 ms
12-12 11:55:57.237  9907  9996 D EGL_emulation: eglMakeCurrent: 0xd471b440: ver 2 0 (tinfo 0xd470ffe0)
12-12 11:55:57.239  8263  8263 W ktk     : Pending fill request while another request in the same session was triggered. [CONTEXT service_id=177 ]
12-12 11:55:57.263  9907  9907 I AssistStructure: Flattened final assist data: 6348 bytes, containing 2 windows, 48 views
12-12 11:55:57.290  9907  9996 D EGL_emulation: eglMakeCurrent: 0xd471b440: ver 2 0 (tinfo 0xd470ffe0)
12-12 11:55:57.295  2511  2511 I KeyboardViewUtil: systemKeyboardHeightRatio:1.000000; userKeyboardHeightRatio:1.000000.
12-12 11:55:57.296  2511  2511 I AndroidIME: LatinIme.onActivate() : EditorInfo = Package = ru.iteco.fmhandroid : Type = Text : Learning = Disable : Suggestion = Show : AutoCorrection = Disable : Microphone = Show : NoPersonalizedLearning = Disable
12-12 11:55:57.318  2511  2511 I Conv2QueryExtension: Current locale: en_US, config allows these locales: de,en,es,fr,it,ms,pt,ta
