12-08 10:13:57.971  9674  9718 W DefaultFailureHandler: 	at ru.iteco.fmhandroid.ui.steps.ClaimsPageSteps.openClaimCard(ClaimsPageSteps.java:150)
12-08 10:13:57.971  9674  9718 W DefaultFailureHandler: 	at ru.iteco.fmhandroid.ui.steps.CreatingClaimsSteps.createClaim(CreatingClaimsSteps.java:118)
12-08 10:13:57.971  9674  9718 W DefaultFailureHandler: 	at ru.iteco.fmhandroid.ui.steps.CreatingClaimsSteps.createClaims(CreatingClaimsSteps.java:131)
12-08 10:13:57.971  9674  9718 W DefaultFailureHandler: 	at ru.iteco.fmhandroid.ui.FilterClaimsPageTest.shouldFilterClaimsWithStatusCanceledOpenAndExecuted(FilterClaimsPageTest.java:376)
12-08 10:13:57.971  9674  9718 W DefaultFailureHandler: 	at java.lang.reflect.Method.invoke(Native Method)
12-08 10:13:57.971  9674  9718 W DefaultFailureHandler: 	at org.junit.runners.model.FrameworkMethod$1.runReflectiveCall(FrameworkMethod.java:59)
12-08 10:13:57.971  9674  9718 W DefaultFailureHandler: 	at org.junit.internal.runners.model.ReflectiveCallable.run(ReflectiveCallable.java:12)
12-08 10:13:57.971  9674  9718 W DefaultFailureHandler: 	at org.junit.runners.model.FrameworkMethod.invokeExplosively(FrameworkMethod.java:56)
12-08 10:13:57.971  9674  9718 W DefaultFailureHandler: 	at org.junit.internal.runners.statements.InvokeMethod.evaluate(InvokeMethod.java:17)
12-08 10:13:57.971  9674  9718 W DefaultFailureHandler: 	at androidx.test.internal.runner.junit4.statement.RunBefores.evaluate(RunBefores.java:80)
12-08 10:13:57.971  9674  9718 W DefaultFailureHandler: 	at io.qameta.allure.android.rules.ScreenshotRule$apply$1.evaluate(ScreenshotRule.kt:22)
12-08 10:13:57.971  9674  9718 W DefaultFailureHandler: 	at org.junit.rules.ExternalResource$1.evaluate(ExternalResource.java:54)
12-08 10:13:57.971  9674  9718 W DefaultFailureHandler: 	at io.qameta.allure.android.rules.LogcatRule$apply$1.evaluate(LogcatRule.kt:23)
12-08 10:13:57.971  9674  9718 W DefaultFailureHandler: 	at org.junit.rules.RunRules.evaluate(RunRules.java:20)
12-08 10:13:57.971  9674  9718 W DefaultFailureHandler: 	at org.junit.runners.ParentRunner$3.evaluate(ParentRunner.java:306)
12-08 10:13:57.971  9674  9718 W DefaultFailureHandler: 	at org.junit.runners.BlockJUnit4ClassRunner$1.evaluate(BlockJUnit4ClassRunner.java:100)
12-08 10:13:57.971  9674  9718 W DefaultFailureHandler: 	at org.junit.runners.ParentRunner.runLeaf(ParentRunner.java:366)
12-08 10:13:57.971  9674  9718 W DefaultFailureHandler: 	at org.junit.runners.BlockJUnit4ClassRunner.runChild(BlockJUnit4ClassRunner.java:103)
12-08 10:13:57.971  9674  9718 W DefaultFailureHandler: 	at org.junit.runners.BlockJUnit4ClassRunner.runChild(BlockJUnit4ClassRunner.java:63)
12-08 10:13:57.971  9674  9718 W DefaultFailureHandler: 	at org.junit.runners.ParentRunner$4.run(ParentRunner.java:331)
12-08 10:13:57.971  9674  9718 W DefaultFailureHandler: 	at org.junit.runners.ParentRunner$1.schedule(ParentRunner.java:79)
12-08 10:13:57.971  9674  9718 W DefaultFailureHandler: 	at org.junit.runners.ParentRunner.runChildren(ParentRunner.java:329)
12-08 10:13:57.971  9674  9718 W DefaultFailureHandler: 	at org.junit.runners.ParentRunner.access$100(ParentRunner.java:66)
12-08 10:13:57.971  9674  9718 W DefaultFailureHandler: 	at org.junit.runners.ParentRunner$2.evaluate(ParentRunner.java:293)
12-08 10:13:57.971  9674  9718 W DefaultFailureHandler: 	at org.junit.runners.ParentRunner$3.evaluate(ParentRunner.java:306)
12-08 10:13:57.971  9674  9718 W DefaultFailureHandler: 	at org.junit.runners.ParentRunner.run(ParentRunner.java:413)
12-08 10:13:57.971  9674  9718 W DefaultFailureHandler: 	at androidx.test.ext.junit.runners.AndroidJUnit4.run(AndroidJUnit4.java:162)
12-08 10:13:57.971  9674  9718 W DefaultFailureHandler: 	at io.qameta.allure.android.runners.AllureAndroidJUnit4.run(AllureAndroidJUnitRunners.kt:29)
12-08 10:13:57.971  9674  9718 W DefaultFailureHandler: 	at org.junit.runners.Suite.runChild(Suite.java:128)
12-08 10:13:57.971  9674  9718 W DefaultFailureHandler: 	at org.junit.runners.Suite.runChild(Suite.java:27)
12-08 10:13:57.971  9674  9718 W DefaultFailureHandler: 	at org.junit.runners.ParentRunner$4.run(ParentRunner.java:331)
12-08 10:13:57.971  9674  9718 W DefaultFailureHandler: 	at org.junit.runners.ParentRunner$1.schedule(ParentRunner.java:79)
12-08 10:13:57.971  9674  9718 W DefaultFailureHandler: 	at org.junit.runners.ParentRunner.runChildren(ParentRunner.java:329)
12-08 10:13:57.971  9674  9718 W DefaultFailureHandler: 	at org.junit.runners.ParentRunner.access$100(ParentRunner.java:66)
12-08 10:13:57.971  9674  9718 W DefaultFailureHandler: 	at org.junit.runners.ParentRunner$2.evaluate(ParentRunner.java:293)
12-08 10:13:57.971  9674  9718 W DefaultFailureHandler: 	at org.junit.runners.ParentRunner$3.evaluate(ParentRunner.java:306)
12-08 10:13:57.971  9674  9718 W DefaultFailureHandler: 	at org.junit.runners.ParentRunner.run(ParentRunner.java:413)
12-08 10:13:57.971  9674  9718 W DefaultFailureHandler: 	at org.junit.runner.JUnitCore.run(JUnitCore.java:137)
12-08 10:13:57.971  9674  9718 W DefaultFailureHandler: 	at org.junit.runner.JUnitCore.run(JUnitCore.java:115)
12-08 10:13:57.973  9674  9718 W DefaultFailureHandler: 	at androidx.test.internal.runner.TestExecutor.execute(TestExecutor.java:67)
12-08 10:13:57.973  9674  9718 W DefaultFailureHandler: 	at androidx.test.internal.runner.TestExecutor.execute(TestExecutor.java:58)
12-08 10:13:57.973  9674  9718 W DefaultFailureHandler: 	at androidx.test.runner.AndroidJUnitRunner.onStart(AndroidJUnitRunner.java:438)
12-08 10:13:57.973  9674  9718 W DefaultFailureHandler: 	at android.app.Instrumentation$InstrumentationThread.run(Instrumentation.java:2189)
12-08 10:13:57.973  9674  9718 W DefaultFailureHandler: Caused by: android.system.ErrnoException: open failed: EROFS (Read-only file system)
12-08 10:13:57.973  9674  9718 W DefaultFailureHandler: 	at libcore.io.Linux.open(Native Method)
12-08 10:13:57.973  9674  9718 W DefaultFailureHandler: 	at libcore.io.ForwardingOs.open(ForwardingOs.java:167)
12-08 10:13:57.973  9674  9718 W DefaultFailureHandler: 	at libcore.io.BlockGuardOs.open(BlockGuardOs.java:252)
12-08 10:13:57.973  9674  9718 W DefaultFailureHandler: 	at libcore.io.ForwardingOs.open(ForwardingOs.java:167)
12-08 10:13:57.973  9674  9718 W DefaultFailureHandler: 	at android.app.ActivityThread$AndroidOs.open(ActivityThread.java:7255)
12-08 10:13:57.973  9674  9718 W DefaultFailureHandler: 	at libcore.io.IoBridge.open(IoBridge.java:482)
12-08 10:13:57.973  9674  9718 W DefaultFailureHandler: 	... 53 more
12-08 10:13:57.981  1776  1825 D gralloc_ranchu: gralloc_alloc: Creating ashmem region of size 10108928
12-08 10:13:58.159  9674  9687 I teco.fmhandroi: NativeAlloc concurrent copying GC freed 140451(6830KB) AllocSpace objects, 7(124KB) LOS objects, 28% free, 14MB/20MB, paused 859us total 191.109ms
12-08 10:13:58.271  2018  2127 I ActivityTaskManager: START u0 {act=android.intent.action.MAIN cat=[android.intent.category.LAUNCHER] flg=0x10000000 cmp=ru.iteco.fmhandroid.test/androidx.test.core.app.InstrumentationActivityInvoker$EmptyActivity} from uid 10146
12-08 10:13:58.280  9674  9674 D LifecycleMonitor: Lifecycle status change: ru.iteco.fmhandroid.ui.AppActivity@568bcb1 in: PAUSED
12-08 10:13:58.280  9674  9674 V ActivityScenario: Update currentActivityStage to PAUSED, currentActivity=ru.iteco.fmhandroid.ui.AppActivity@568bcb1
12-08 10:13:58.284  2018  2127 W InputReader: Device has associated, but no associated display id.
12-08 10:13:58.288  2018  2127 I chatty  : uid=1000(system) Binder:2018_3 identical 38 lines
12-08 10:13:58.288  2018  2127 W InputReader: Device has associated, but no associated display id.
12-08 10:13:58.288  9730  9730 W ActivityThread: handleWindowVisibility: no activity for token android.os.BinderProxy@9d4cc3f
12-08 10:13:58.292  2018  2127 W InputReader: Device has associated, but no associated display id.
12-08 10:13:58.292  2018  2127 I chatty  : uid=1000(system) Binder:2018_3 identical 8 lines
12-08 10:13:58.292  2018  2127 W InputReader: Device has associated, but no associated display id.
12-08 10:13:58.310  9674  9878 V FA      : Recording user engagement, ms: 35289
12-08 10:13:58.340  2018 11055 I ActivityTaskManager: START u0 {act=android.intent.action.MAIN cat=[android.intent.category.LAUNCHER] flg=0x10000000 cmp=ru.iteco.fmhandroid.test/androidx.test.core.app.InstrumentationActivityInvoker$EmptyActivity} from uid 10146
12-08 10:13:58.374  1776  1825 D gralloc_ranchu: gralloc_alloc: Creating ashmem region of size 10108928
12-08 10:13:58.380  1776  1825 I chatty  : uid=1000(system) HwBinder:1776_1 identical 1 line
12-08 10:13:58.383  1776  1825 D gralloc_ranchu: gralloc_alloc: Creating ashmem region of size 10108928
12-08 10:13:58.386  9730  9767 D EGL_emulation: eglMakeCurrent: 0xdd81a2a0: ver 2 0 (tinfo 0xdd80f0b0)
12-08 10:13:58.390  9674  9878 V FA      : Connecting to remote service
12-08 10:13:58.409  9674  9878 V FA      : Connection attempt already in progress
12-08 10:13:58.409  9674  9878 V FA      : Activity paused, time: 57385320
12-08 10:13:58.429  9674  9878 D FA      : Connected to remote service
12-08 10:13:58.430  9674  9878 V FA      : Processing queued up service tasks: 2
12-08 10:13:58.438  2018  5907 W InputReader: Device has associated, but no associated display id.
12-08 10:13:58.448  2018  5907 I chatty  : uid=1000(system) Binder:2018_17 identical 48 lines
12-08 10:13:58.448  2018  5907 W InputReader: Device has associated, but no associated display id.
12-08 10:13:58.465  9730  9730 W ActivityThread: handleWindowVisibility: no activity for token android.os.BinderProxy@8b04d0e
12-08 10:13:58.479  2873 10049 V FA-SVC  : Logging event: origin=auto,name=user_engagement(_e),params=Bundle[{ga_event_origin(_o)=auto, engagement_time_msec(_et)=35289, ga_screen_class(_sc)=AppActivity, ga_screen_id(_si)=2194426279771477314}]
12-08 10:13:58.495  2018  5907 W ActivityTaskManager: Duplicate finish request for ActivityRecord{d805826 u0 ru.iteco.fmhandroid/.ui.AppActivity t301 f}
12-08 10:13:58.527  1776  1825 D gralloc_ranchu: gralloc_alloc: Creating ashmem region of size 10108928
12-08 10:13:58.535  1776  1825 I chatty  : uid=1000(system) HwBinder:1776_1 identical 1 line
12-08 10:13:58.538  1776  1825 D gralloc_ranchu: gralloc_alloc: Creating ashmem region of size 10108928
12-08 10:13:58.538  9730  9767 D EGL_emulation: eglMakeCurrent: 0xdd81a2a0: ver 2 0 (tinfo 0xdd80f0b0)
12-08 10:13:58.557  2873 10049 V FA-SVC  : Upload scheduled in approximately ms: 3345958
12-08 10:13:58.557  2873 10049 V FA-SVC  : Unscheduling upload
12-08 10:13:58.560  2018  2054 W InputReader: Device has associated, but no associated display id.
12-08 10:13:58.563  2018  2054 I chatty  : uid=1000(system) android.anim identical 18 lines
12-08 10:13:58.564  2018  2054 W InputReader: Device has associated, but no associated display id.
12-08 10:13:58.571  9674  9770 D EGL_emulation: eglMakeCurrent: 0xdd81b860: ver 2 0 (tinfo 0xc3288080)
12-08 10:13:58.579  2018  2058 I ActivityTaskManager: Displayed ru.iteco.fmhandroid.test/androidx.test.core.app.InstrumentationActivityInvoker$EmptyActivity: +153ms
12-08 10:13:58.579  2873 10049 V FA-SVC  : Scheduling upload, millis: 3345958
12-08 10:13:58.590  2018  2127 W InputReader: Device has associated, but no associated display id.
12-08 10:13:58.591  2018  2127 I chatty  : uid=1000(system) Binder:2018_3 identical 8 lines
12-08 10:13:58.591  2018  2127 W InputReader: Device has associated, but no associated display id.
12-08 10:13:58.602  2873 10049 V FA-SVC  : Background event processing time, ms: 123
12-08 10:13:58.645  2018 11055 W InputReader: Device has associated, but no associated display id.
12-08 10:13:58.651  2018 11055 I chatty  : uid=1000(system) Binder:2018_1E identical 28 lines
12-08 10:13:58.651  2018 11055 W InputReader: Device has associated, but no associated display id.
12-08 10:13:58.660  9674  9674 D AutofillManager: onActivityFinishing(): calling cancelLocked()
12-08 10:13:58.660  9674  9674 D LifecycleMonitor: Lifecycle status change: ru.iteco.fmhandroid.ui.AppActivity@568bcb1 in: STOPPED
12-08 10:13:58.660  9674  9674 V ActivityScenario: Update currentActivityStage to STOPPED, currentActivity=ru.iteco.fmhandroid.ui.AppActivity@568bcb1
12-08 10:13:58.675  9674  9674 W System.err: ru.iteco.fmhandroid.exceptions.UnknownException
12-08 10:13:58.676  9674  9674 W System.err: 	at ru.iteco.fmhandroid.utils.Utils.makeRequest(Utils.kt:123)
12-08 10:13:58.676  9674  9674 W System.err: 	at ru.iteco.fmhandroid.utils.Utils$makeRequest$1.invokeSuspend(Unknown Source:15)
12-08 10:13:58.676  9674  9674 W System.err: 	at kotlin.coroutines.jvm.internal.BaseContinuationImpl.resumeWith(ContinuationImpl.kt:33)
12-08 10:13:58.676  9674  9674 W System.err: 	at kotlinx.coroutines.DispatchedTaskKt.resume(DispatchedTask.kt:234)
12-08 10:13:58.676  9674  9674 W System.err: 	at kotlinx.coroutines.DispatchedTaskKt.resumeUnconfined(DispatchedTask.kt:190)
12-08 10:13:58.676  9674  9674 W System.err: 	at kotlinx.coroutines.DispatchedTaskKt.dispatch(DispatchedTask.kt:161)
12-08 10:13:58.676  9674  9674 W System.err: 	at kotlinx.coroutines.CancellableContinuationImpl.dispatchResume(CancellableContinuationImpl.kt:397)
12-08 10:13:58.676  9674  9674 W System.err: 	at kotlinx.coroutines.CancellableContinuationImpl.cancel(CancellableContinuationImpl.kt:183)
12-08 10:13:58.676  9674  9674 W System.err: 	at kotlinx.coroutines.CancellableContinuationImpl.parentCancelled$kotlinx_coroutines_core(CancellableContinuationImpl.kt:190)
12-08 10:13:58.676  9674  9674 W System.err: 	at kotlinx.coroutines.ChildContinuation.invoke(JobSupport.kt:1474)
12-08 10:13:58.676  9674  9674 W System.err: 	at kotlinx.coroutines.JobSupport.notifyCancelling(JobSupport.kt:1499)
12-08 10:13:58.676  9674  9674 W System.err: 	at kotlinx.coroutines.JobSupport.tryMakeCancelling(JobSupport.kt:795)
12-08 10:13:58.676  9674  9674 W System.err: 	at kotlinx.coroutines.JobSupport.makeCancelling(JobSupport.kt:755)
12-08 10:13:58.676  9674  9674 W System.err: 	at kotlinx.coroutines.JobSupport.cancelImpl$kotlinx_coroutines_core(JobSupport.kt:671)
12-08 10:13:58.676  9674  9674 W System.err: 	at kotlinx.coroutines.JobSupport.parentCancelled(JobSupport.kt:637)
12-08 10:13:58.676  9674  9674 W System.err: 	at kotlinx.coroutines.ChildHandleNode.invoke(JobSupport.kt:1465)
12-08 10:13:58.677  9674  9674 W System.err: 	at kotlinx.coroutines.JobSupport.notifyCancelling(JobSupport.kt:1499)
12-08 10:13:58.677  9674  9674 W System.err: 	at kotlinx.coroutines.JobSupport.tryMakeCompletingSlowPath(JobSupport.kt:900)
12-08 10:13:58.677  9674  9674 W System.err: 	at kotlinx.coroutines.JobSupport.tryMakeCompleting(JobSupport.kt:863)
12-08 10:13:58.677  9674  9674 W System.err: 	at kotlinx.coroutines.JobSupport.cancelMakeCompleting(JobSupport.kt:696)
12-08 10:13:58.677  9674  9674 W System.err: 	at kotlinx.coroutines.JobSupport.cancelImpl$kotlinx_coroutines_core(JobSupport.kt:667)
12-08 10:13:58.677  9674  9674 W System.err: 	at kotlinx.coroutines.JobSupport.cancelInternal(JobSupport.kt:632)
12-08 10:13:58.677  9674  9674 W System.err: 	at kotlinx.coroutines.JobSupport.cancel(JobSupport.kt:617)
12-08 10:13:58.677  9674  9674 W System.err: 	at kotlinx.coroutines.JobKt__JobKt.cancel(Job.kt:561)
12-08 10:13:58.677  9674  9674 W System.err: 	at kotlinx.coroutines.JobKt.cancel(Unknown Source:1)
12-08 10:13:58.677  9674  9674 W System.err: 	at kotlinx.coroutines.JobKt__JobKt.cancel$default(Job.kt:560)
12-08 10:13:58.677  9674  9674 W System.err: 	at kotlinx.coroutines.JobKt.cancel$default(Unknown Source:1)
12-08 10:13:58.677  9674  9674 W System.err: 	at androidx.lifecycle.CloseableCoroutineScope.close(ViewModel.kt:51)
12-08 10:13:58.677  9674  9674 W System.err: 	at androidx.lifecycle.ViewModel.closeWithRuntimeException(ViewModel.java:188)
12-08 10:13:58.677  9674  9674 W System.err: 	at androidx.lifecycle.ViewModel.clear(ViewModel.java:134)
12-08 10:13:58.677  9674  9674 W System.err: 	at androidx.lifecycle.ViewModelStore.clear(ViewModelStore.java:62)
12-08 10:13:58.677  9674  9674 W System.err: 	at androidx.fragment.app.FragmentManagerViewModel.clearNonConfigStateInternal(FragmentManagerViewModel.java:210)
12-08 10:13:58.677  9674  9674 W System.err: 	at androidx.fragment.app.FragmentManagerViewModel.clearNonConfigState(FragmentManagerViewModel.java:190)
12-08 10:13:58.677  9674  9674 W System.err: 	at androidx.fragment.app.FragmentStateManager.destroy(FragmentStateManager.java:778)
12-08 10:13:58.677  9674  9674 W System.err: 	at androidx.fragment.app.FragmentStateManager.moveToExpectedState(FragmentStateManager.java:335)
12-08 10:13:58.677  9674  9674 W System.err: 	at androidx.fragment.app.FragmentStore.moveToExpectedState(FragmentStore.java:113)
12-08 10:13:58.677  9674  9674 W System.err: 	at androidx.fragment.app.FragmentManager.moveToState(FragmentManager.java:1374)
12-08 10:13:58.677  9674  9674 W System.err: 	at androidx.fragment.app.FragmentManager.dispatchStateChange(FragmentManager.java:2841)
12-08 10:13:58.677  9674  9674 W System.err: 	at androidx.fragment.app.FragmentManager.dispatchDestroy(FragmentManager.java:2820)
12-08 10:13:58.677  9674  9674 W System.err: 	at androidx.fragment.app.Fragment.performDestroy(Fragment.java:3246)
12-08 10:13:58.677  9674  9674 W System.err: 	at androidx.fragment.app.FragmentStateManager.destroy(FragmentStateManager.java:780)
12-08 10:13:58.677  9674  9674 W System.err: 	at androidx.fragment.app.FragmentStateManager.moveToExpectedState(FragmentStateManager.java:335)
12-08 10:13:58.677  9674  9674 W System.err: 	at androidx.fragment.app.SpecialEffectsController$FragmentStateManagerOperation.complete(SpecialEffectsController.java:771)
12-08 10:13:58.677  9674  9674 W System.err: 	at androidx.fragment.app.SpecialEffectsController$Operation.cancel(SpecialEffectsController.java:615)
12-08 10:13:58.677  9674  9674 W System.err: 	at androidx.fragment.app.SpecialEffectsController.forceCompleteAllOperations(SpecialEffectsController.java:350)
12-08 10:13:58.677  9674  9674 W System.err: 	at androidx.fragment.app.FragmentManager.dispatchStateChange(FragmentManager.java:2844)
12-08 10:13:58.678  9674  9674 W System.err: 	at androidx.fragment.app.FragmentManager.dispatchDestroy(FragmentManager.java:2820)
12-08 10:13:58.678  9674  9674 W System.err: 	at androidx.fragment.app.FragmentController.dispatchDestroy(FragmentController.java:345)
12-08 10:13:58.679  9674  9674 W System.err: 	at androidx.fragment.app.FragmentActivity.onDestroy(FragmentActivity.java:306)
12-08 10:13:58.679  9674  9674 W System.err: 	at androidx.appcompat.app.AppCompatActivity.onDestroy(AppCompatActivity.java:278)
12-08 10:13:58.680  9674  9674 W System.err: 	at android.app.Activity.performDestroy(Activity.java:8048)
12-08 10:13:58.680  9674  9674 W System.err: 	at android.app.Instrumentation.callActivityOnDestroy(Instrumentation.java:1334)
12-08 10:13:58.680  9674  9674 W System.err: 	at androidx.test.runner.MonitoringInstrumentation.callActivityOnDestroy(MonitoringInstrumentation.java:766)
12-08 10:13:58.681  9674  9674 W System.err: 	at android.app.ActivityThread.performDestroyActivity(ActivityThread.java:4926)
12-08 10:13:58.681  9674  9674 W System.err: 	at android.app.ActivityThread.handleDestroyActivity(ActivityThread.java:4970)
12-08 10:13:58.681  9674  9674 W System.err: 	at android.app.servertransaction.DestroyActivityItem.execute(DestroyActivityItem.java:44)
12-08 10:13:58.681  9674  9674 W System.err: 	at android.app.servertransaction.TransactionExecutor.executeLifecycleState(TransactionExecutor.java:176)
12-08 10:13:58.681  9674  9674 W System.err: 	at android.app.servertransaction.TransactionExecutor.execute(TransactionExecutor.java:97)
12-08 10:13:58.681  9674  9674 W System.err: 	at android.app.ActivityThread$H.handleMessage(ActivityThread.java:2016)
12-08 10:13:58.681  9674  9674 W System.err: 	at android.os.Handler.dispatchMessage(Handler.java:107)
12-08 10:13:58.681  9674  9674 W System.err: 	at android.os.Looper.loop(Looper.java:214)
12-08 10:13:58.681  9674  9674 W System.err: 	at android.app.ActivityThread.main(ActivityThread.java:7356)
12-08 10:13:58.681  9674  9674 W System.err: 	at java.lang.reflect.Method.invoke(Native Method)
12-08 10:13:58.681  9674  9674 W System.err: 	at com.android.internal.os.RuntimeInit$MethodAndArgsCaller.run(RuntimeInit.java:492)
12-08 10:13:58.681  9674  9674 W System.err: 	at com.android.internal.os.ZygoteInit.main(ZygoteInit.java:930)
12-08 10:13:58.689  2018 11055 D ConnectivityService: requestNetwork for uid/pid:10129/8344 NetworkRequest [ TRACK_DEFAULT id=80, [ Capabilities: INTERNET&NOT_RESTRICTED&TRUSTED Uid: 10129] ]
12-08 10:13:58.691  2018  2136 D UntrustedWifiNetworkFactory: got request NetworkRequest [ TRACK_DEFAULT id=80, [ Capabilities: INTERNET&NOT_RESTRICTED&TRUSTED Uid: 10129] ] with score 50 and serial 2
12-08 10:13:58.691  2018  2136 D WifiNetworkFactory: got request NetworkRequest [ TRACK_DEFAULT id=80, [ Capabilities: INTERNET&NOT_RESTRICTED&TRUSTED Uid: 10129] ] with score 50 and serial 2
12-08 10:13:58.692  2298  2298 D PhoneSwitcherNetworkRequstListener: got request NetworkRequest [ TRACK_DEFAULT id=80, [ Capabilities: INTERNET&NOT_RESTRICTED&TRUSTED Uid: 10129] ] with score 50 and serial 2
12-08 10:13:58.706  9674  9674 W System.err: ru.iteco.fmhandroid.exceptions.UnknownException
12-08 10:13:58.706  9674  9674 W System.err: 	at ru.iteco.fmhandroid.utils.Utils.makeRequest(Utils.kt:123)
12-08 10:13:58.706  9674  9674 W System.err: 	at ru.iteco.fmhandroid.utils.Utils$makeRequest$1.invokeSuspend(Unknown Source:15)
12-08 10:13:58.706  9674  9674 W System.err: 	at kotlin.coroutines.jvm.internal.BaseContinuationImpl.resumeWith(ContinuationImpl.kt:33)
12-08 10:13:58.706  9674  9674 W System.err: 	at kotlinx.coroutines.DispatchedTaskKt.resume(DispatchedTask.kt:234)
12-08 10:13:58.706  9674  9674 W System.err: 	at kotlinx.coroutines.DispatchedTaskKt.resumeUnconfined(DispatchedTask.kt:190)
12-08 10:13:58.706  9674  9674 W System.err: 	at kotlinx.coroutines.DispatchedTaskKt.dispatch(DispatchedTask.kt:161)
12-08 10:13:58.706  9674  9674 W System.err: 	at kotlinx.coroutines.CancellableContinuationImpl.dispatchResume(CancellableContinuationImpl.kt:397)
12-08 10:13:58.707  9674  9674 W System.err: 	at kotlinx.coroutines.CancellableContinuationImpl.cancel(CancellableContinuationImpl.kt:183)
12-08 10:13:58.708  2656  8336 E SQLiteDatabase: Error inserting flex_time=3345000 job_id=-1 period=6692000 source=16 requires_charging=0 preferred_network_type=1 target_class=com.google.android.gms.measurement.PackageMeasurementTaskService user_id=0 target_package=com.google.android.gms tag=Measurement.PackageMeasurementTaskService.UPLOAD_TASK_TAG task_type=0 required_idleness_state=0 service_kind=0 source_version=202414000 persistence_level=1 preferred_charging_state=1 required_network_type=0 runtime=1670494438620 retry_strategy={"maximum_backoff_seconds":{"3600":0},"initial_backoff_seconds":{"30":0},"retry_policy":{"0":0}} last_runtime=0
12-08 10:13:58.708  2656  8336 E SQLiteDatabase: android.database.sqlite.SQLiteConstraintException: UNIQUE constraint failed: pending_ops.tag, pending_ops.target_class, pending_ops.target_package, pending_ops.user_id (code 2067 SQLITE_CONSTRAINT_UNIQUE)
12-08 10:13:58.708  2656  8336 E SQLiteDatabase: 	at android.database.sqlite.SQLiteConnection.nativeExecuteForLastInsertedRowId(Native Method)
12-08 10:13:58.708  2656  8336 E SQLiteDatabase: 	at android.database.sqlite.SQLiteConnection.executeForLastInsertedRowId(SQLiteConnection.java:879)
12-08 10:13:58.708  2656  8336 E SQLiteDatabase: 	at android.database.sqlite.SQLiteSession.executeForLastInsertedRowId(SQLiteSession.java:790)
12-08 10:13:58.708  2656  8336 E SQLiteDatabase: 	at android.database.sqlite.SQLiteStatement.executeInsert(SQLiteStatement.java:88)
12-08 10:13:58.708  2656  8336 E SQLiteDatabase: 	at android.database.sqlite.SQLiteDatabase.insertWithOnConflict(SQLiteDatabase.java:1599)
12-08 10:13:58.708  2656  8336 E SQLiteDatabase: 	at android.database.sqlite.SQLiteDatabase.insert(SQLiteDatabase.java:1468)
12-08 10:13:58.708  2656  8336 E SQLiteDatabase: 	at aqui.a(:com.google.android.gms@202414022@20.24.14 (040700-319035315):175)
12-08 10:13:58.708  2656  8336 E SQLiteDatabase: 	at aqtk.a(:com.google.android.gms@202414022@20.24.14 (040700-319035315):182)
12-08 10:13:58.708  2656  8336 E SQLiteDatabase: 	at aqtk.a(:com.google.android.gms@202414022@20.24.14 (040700-319035315):23)
12-08 10:13:58.708  2656  8336 E SQLiteDatabase: 	at aqtk.a(:com.google.android.gms@202414022@20.24.14 (040700-319035315):177)
12-08 10:13:58.708  2656  8336 E SQLiteDatabase: 	at aqpu.run(:com.google.android.gms@202414022@20.24.14 (040700-319035315):9)
12-08 10:13:58.708  2656  8336 E SQLiteDatabase: 	at soy.b(:com.google.android.gms@202414022@20.24.14 (040700-319035315):12)
12-08 10:13:58.708  2656  8336 E SQLiteDatabase: 	at soy.run(:com.google.android.gms@202414022@20.24.14 (040700-319035315):7)
12-08 10:13:58.708  2656  8336 E SQLiteDatabase: 	at java.util.concurrent.ThreadPoolExecutor.runWorker(ThreadPoolExecutor.java:1167)
12-08 10:13:58.708  2656  8336 E SQLiteDatabase: 	at java.util.concurrent.ThreadPoolExecutor$Worker.run(ThreadPoolExecutor.java:641)
12-08 10:13:58.708  2656  8336 E SQLiteDatabase: 	at sux.run(:com.google.android.gms@202414022@20.24.14 (040700-319035315):0)
12-08 10:13:58.708  2656  8336 E SQLiteDatabase: 	at java.lang.Thread.run(Thread.java:919)
12-08 10:13:58.707  9674  9674 W System.err: 	at kotlinx.coroutines.CancellableContinuationImpl.parentCancelled$kotlinx_coroutines_core(CancellableContinuationImpl.kt:190)
12-08 10:13:58.711  9674  9674 W System.err: 	at kotlinx.coroutines.ChildContinuation.invoke(JobSupport.kt:1474)
12-08 10:13:58.711  9674  9674 W System.err: 	at kotlinx.coroutines.JobSupport.notifyCancelling(JobSupport.kt:1499)
12-08 10:13:58.711  9674  9674 W System.err: 	at kotlinx.coroutines.JobSupport.tryMakeCancelling(JobSupport.kt:795)
12-08 10:13:58.711  9674  9674 W System.err: 	at kotlinx.coroutines.JobSupport.makeCancelling(JobSupport.kt:755)
12-08 10:13:58.711  9674  9674 W System.err: 	at kotlinx.coroutines.JobSupport.cancelImpl$kotlinx_coroutines_core(JobSupport.kt:671)
12-08 10:13:58.711  9674  9674 W System.err: 	at kotlinx.coroutines.JobSupport.parentCancelled(JobSupport.kt:637)
12-08 10:13:58.711  9674  9674 W System.err: 	at kotlinx.coroutines.ChildHandleNode.invoke(JobSupport.kt:1465)
12-08 10:13:58.711  9674  9674 W System.err: 	at kotlinx.coroutines.JobSupport.notifyCancelling(JobSupport.kt:1499)
12-08 10:13:58.711  9674  9674 W System.err: 	at kotlinx.coroutines.JobSupport.tryMakeCompletingSlowPath(JobSupport.kt:900)
12-08 10:13:58.712  9674  9674 W System.err: 	at kotlinx.coroutines.JobSupport.tryMakeCompleting(JobSupport.kt:863)
12-08 10:13:58.712  9674  9674 W System.err: 	at kotlinx.coroutines.JobSupport.cancelMakeCompleting(JobSupport.kt:696)
12-08 10:13:58.712  9674  9674 W System.err: 	at kotlinx.coroutines.JobSupport.cancelImpl$kotlinx_coroutines_core(JobSupport.kt:667)
12-08 10:13:58.712  9674  9674 W System.err: 	at kotlinx.coroutines.JobSupport.cancelInternal(JobSupport.kt:632)
12-08 10:13:58.712  9674  9674 W System.err: 	at kotlinx.coroutines.JobSupport.cancel(JobSupport.kt:617)
12-08 10:13:58.712  9674  9674 W System.err: 	at kotlinx.coroutines.JobKt__JobKt.cancel(Job.kt:561)
12-08 10:13:58.712  9674  9674 W System.err: 	at kotlinx.coroutines.JobKt.cancel(Unknown Source:1)
12-08 10:13:58.712  9674  9674 W System.err: 	at kotlinx.coroutines.JobKt__JobKt.cancel$default(Job.kt:560)
12-08 10:13:58.712  9674  9674 W System.err: 	at kotlinx.coroutines.JobKt.cancel$default(Unknown Source:1)
12-08 10:13:58.712  9674  9674 W System.err: 	at androidx.lifecycle.CloseableCoroutineScope.close(ViewModel.kt:51)
12-08 10:13:58.712  9674  9674 W System.err: 	at androidx.lifecycle.ViewModel.closeWithRuntimeException(ViewModel.java:188)
12-08 10:13:58.712  9674  9674 W System.err: 	at androidx.lifecycle.ViewModel.clear(ViewModel.java:134)
12-08 10:13:58.712  9674  9674 W System.err: 	at androidx.lifecycle.ViewModelStore.clear(ViewModelStore.java:62)
12-08 10:13:58.712  9674  9674 W System.err: 	at androidx.fragment.app.FragmentManagerViewModel.clearNonConfigStateInternal(FragmentManagerViewModel.java:210)
12-08 10:13:58.712  9674  9674 W System.err: 	at androidx.fragment.app.FragmentManagerViewModel.clearNonConfigState(FragmentManagerViewModel.java:190)
12-08 10:13:58.712  9674  9674 W System.err: 	at androidx.fragment.app.FragmentStateManager.destroy(FragmentStateManager.java:778)
12-08 10:13:58.712  9674  9674 W System.err: 	at androidx.fragment.app.FragmentStateManager.moveToExpectedState(FragmentStateManager.java:335)
12-08 10:13:58.712  9674  9674 W System.err: 	at androidx.fragment.app.FragmentStore.moveToExpectedState(FragmentStore.java:113)
12-08 10:13:58.712  9674  9674 W System.err: 	at androidx.fragment.app.FragmentManager.moveToState(FragmentManager.java:1374)
12-08 10:13:58.712  9674  9674 W System.err: 	at androidx.fragment.app.FragmentManager.dispatchStateChange(FragmentManager.java:2841)
12-08 10:13:58.714  9674  9674 W System.err: 	at androidx.fragment.app.FragmentManager.dispatchDestroy(FragmentManager.java:2820)
12-08 10:13:58.714  9674  9674 W System.err: 	at androidx.fragment.app.Fragment.performDestroy(Fragment.java:3246)
12-08 10:13:58.714  9674  9674 W System.err: 	at androidx.fragment.app.FragmentStateManager.destroy(FragmentStateManager.java:780)
12-08 10:13:58.716  9674  9674 W System.err: 	at androidx.fragment.app.FragmentStateManager.moveToExpectedState(FragmentStateManager.java:335)
12-08 10:13:58.717  9674  9674 W System.err: 	at androidx.fragment.app.SpecialEffectsController$FragmentStateManagerOperation.complete(SpecialEffectsController.java:771)
12-08 10:13:58.717  9674  9674 W System.err: 	at androidx.fragment.app.SpecialEffectsController$Operation.cancel(SpecialEffectsController.java:615)
12-08 10:13:58.717  9674  9674 W System.err: 	at androidx.fragment.app.SpecialEffectsController.forceCompleteAllOperations(SpecialEffectsController.java:350)
12-08 10:13:58.717  9674  9674 W System.err: 	at androidx.fragment.app.FragmentManager.dispatchStateChange(FragmentManager.java:2844)
12-08 10:13:58.717  9674  9674 W System.err: 	at androidx.fragment.app.FragmentManager.dispatchDestroy(FragmentManager.java:2820)
12-08 10:13:58.717  9674  9674 W System.err: 	at androidx.fragment.app.FragmentController.dispatchDestroy(FragmentController.java:345)
12-08 10:13:58.717  9674  9674 W System.err: 	at androidx.fragment.app.FragmentActivity.onDestroy(FragmentActivity.java:306)
12-08 10:13:58.718  9674  9674 W System.err: 	at androidx.appcompat.app.AppCompatActivity.onDestroy(AppCompatActivity.java:278)
12-08 10:13:58.718  9674  9674 W System.err: 	at android.app.Activity.performDestroy(Activity.java:8048)
12-08 10:13:58.718  9674  9674 W System.err: 	at android.app.Instrumentation.callActivityOnDestroy(Instrumentation.java:1334)
12-08 10:13:58.718  9674  9674 W System.err: 	at androidx.test.runner.MonitoringInstrumentation.callActivityOnDestroy(MonitoringInstrumentation.java:766)
12-08 10:13:58.718  9674  9674 W System.err: 	at android.app.ActivityThread.performDestroyActivity(ActivityThread.java:4926)
12-08 10:13:58.718  9674  9674 W System.err: 	at android.app.ActivityThread.handleDestroyActivity(ActivityThread.java:4970)
12-08 10:13:58.718  9674  9674 W System.err: 	at android.app.servertransaction.DestroyActivityItem.execute(DestroyActivityItem.java:44)
12-08 10:13:58.718  9674  9674 W System.err: 	at android.app.servertransaction.TransactionExecutor.executeLifecycleState(TransactionExecutor.java:176)
12-08 10:13:58.718  9674  9674 W System.err: 	at android.app.servertransaction.TransactionExecutor.execute(TransactionExecutor.java:97)
12-08 10:13:58.718  9674  9674 W System.err: 	at android.app.ActivityThread$H.handleMessage(ActivityThread.java:2016)
12-08 10:13:58.718  9674  9674 W System.err: 	at android.os.Handler.dispatchMessage(Handler.java:107)
12-08 10:13:58.719  9674  9674 W System.err: 	at android.os.Looper.loop(Looper.java:214)
12-08 10:13:58.719  9674  9674 W System.err: 	at android.app.ActivityThread.main(ActivityThread.java:7356)
12-08 10:13:58.719  9674  9674 W System.err: 	at java.lang.reflect.Method.invoke(Native Method)
12-08 10:13:58.719  9674  9674 W System.err: 	at com.android.internal.os.RuntimeInit$MethodAndArgsCaller.run(RuntimeInit.java:492)
12-08 10:13:58.719  9674  9674 W System.err: 	at com.android.internal.os.ZygoteInit.main(ZygoteInit.java:930)
12-08 10:13:58.737  9674  9674 D LifecycleMonitor: Lifecycle status change: ru.iteco.fmhandroid.ui.AppActivity@568bcb1 in: DESTROYED
12-08 10:13:58.737  9674  9674 V ActivityScenario: Update currentActivityStage to DESTROYED, currentActivity=null
12-08 10:13:58.748  1776  1825 D gralloc_ranchu: gralloc_alloc: Creating ashmem region of size 10108928
12-08 10:13:58.764  8344  8376 D EGL_emulation: eglMakeCurrent: 0xe59ed1c0: ver 2 0 (tinfo 0xe59d9f10)
12-08 10:13:58.796  1776  1825 D gralloc_ranchu: gralloc_alloc: Creating ashmem region of size 10108928
12-08 10:13:58.833  8437  8470 D EGL_emulation: eglCreateContext: 0xf0c7f7c0: maj 2 min 0 rcv 2
12-08 10:13:58.835  8437  8470 D EGL_emulation: eglMakeCurrent: 0xf0c7f7c0: ver 2 0 (tinfo 0xf0cc0670)
12-08 10:13:58.883  8437  8470 E chromium: [ERROR:gl_surface_egl.cc(342)] eglChooseConfig failed with error EGL_SUCCESS
12-08 10:13:58.885  1776  1825 D gralloc_ranchu: gralloc_alloc: Creating ashmem region of size 9256960
12-08 10:13:58.943  8437  8470 D EGL_emulation: eglCreateContext: 0xf0c7ef80: maj 2 min 0 rcv 2
12-08 10:13:58.949  1776  1825 D gralloc_ranchu: gralloc_alloc: Creating ashmem region of size 10108928
12-08 10:13:58.951  8437  8470 D EGL_emulation: eglMakeCurrent: 0xf0c7ef80: ver 2 0 (tinfo 0xf0cc0670)
12-08 10:13:58.994  8437  8470 D EGL_emulation: eglMakeCurrent: 0xf0c7f7c0: ver 2 0 (tinfo 0xf0cc0670)
12-08 10:13:59.001  8437  8470 D EGL_emulation: eglMakeCurrent: 0xf0c7ef80: ver 2 0 (tinfo 0xf0cc0670)
