--------- beginning of system
12-12 07:08:54.756  2009  3056 I ActivityManager: Force stopping ru.iteco.fmhandroid appid=10146 user=0: from pid 11319
--------- beginning of main
12-12 07:08:54.772  2289  2289 D CarrierSvcBindHelper: No carrier app for: 0
12-12 07:08:54.914  2009  3056 I ActivityManager: Force stopping ru.iteco.fmhandroid appid=10146 user=0: from pid 11339
12-12 07:08:55.110  2009  7639 I ActivityManager: Force stopping ru.iteco.fmhandroid.test appid=10147 user=0: from pid 11354
12-12 07:08:55.111  2009  7639 I ActivityManager: Killing 11217:ru.iteco.fmhandroid.test/u0a147 (adj 900): stop ru.iteco.fmhandroid.test
12-12 07:08:54.928  2289  2289 I chatty  : uid=1001(radio) com.android.phone identical 1 line
12-12 07:08:55.138  2289  2289 D CarrierSvcBindHelper: No carrier app for: 0
12-12 07:08:55.185  1746  1746 I Zygote  : Process 11217 exited due to signal 9 (Killed)
12-12 07:08:55.188  2009  2042 W ActivityManager: setHasOverlayUi called on unknown pid: 11217
12-12 07:08:55.193  2009  2050 I libprocessgroup: Successfully killed process cgroup uid 10147 pid 11217 in 80ms
12-12 07:08:55.309 11361 11361 D AndroidRuntime: >>>>>> START com.android.internal.os.RuntimeInit uid 2000 <<<<<<
12-12 07:08:55.316 11361 11361 E libc    : Access denied finding property "persist.device_config.runtime_native_boot.enable_apex_image"
12-12 07:08:55.307 11361 11361 W app_process: type=1400 audit(0.0:103): avc: denied { read } for name="u:object_r:device_config_runtime_native_boot_prop:s0" dev="tmpfs" ino=9326 scontext=u:r:shell:s0 tcontext=u:object_r:device_config_runtime_native_boot_prop:s0 tclass=file permissive=0
12-12 07:08:55.307 11361 11361 W app_process: type=1400 audit(0.0:104): avc: denied { read } for name="u:object_r:device_config_runtime_native_boot_prop:s0" dev="tmpfs" ino=9326 scontext=u:r:shell:s0 tcontext=u:object_r:device_config_runtime_native_boot_prop:s0 tclass=file permissive=0
12-12 07:08:55.307 11361 11361 W app_process: type=1400 audit(0.0:105): avc: denied { read } for name="u:object_r:device_config_runtime_native_boot_prop:s0" dev="tmpfs" ino=9326 scontext=u:r:shell:s0 tcontext=u:object_r:device_config_runtime_native_boot_prop:s0 tclass=file permissive=0
12-12 07:08:55.316 11361 11361 I AndroidRuntime: Using default boot image
12-12 07:08:55.316 11361 11361 E libc    : Access denied finding property "persist.device_config.runtime_native_boot.disable_lock_profiling"
12-12 07:08:55.317 11361 11361 I AndroidRuntime: Leaving lock profiling enabled
12-12 07:08:55.319 11361 11361 E libc    : Access denied finding property "persist.device_config.runtime_native_boot.enable_generational_cc"
12-12 07:08:55.322 11361 11361 I app_process: Core platform API reporting enabled, enforcing=false
12-12 07:08:55.401 11361 11361 D ICU     : Time zone APEX file found: /apex/com.android.tzdata/etc/icu/icu_tzdata.dat
12-12 07:08:55.407 11361 11361 W app_process: Unexpected CPU variant for X86 using defaults: x86
12-12 07:08:55.415 11361 11361 I app_process: The ClassLoaderContext is a special shared library.
12-12 07:08:55.441 11361 11361 W app_process: JNI RegisterNativeMethods: attempt to register 0 native methods for android.media.AudioAttributes
12-12 07:08:55.447 11361 11361 D AndroidRuntime: Calling main entry com.android.commands.am.Am
12-12 07:08:55.458  2009  5766 I ActivityManager: Force stopping ru.iteco.fmhandroid appid=10146 user=0: start instr
12-12 07:08:55.474  1746  1746 D Zygote  : Forked child process 11376
12-12 07:08:55.479  2009  2049 I ActivityManager: Start proc 11376:ru.iteco.fmhandroid/u0a146 for added application ru.iteco.fmhandroid
12-12 07:08:55.479 11376 11376 I teco.fmhandroi: Late-enabling -Xcheck:jni
12-12 07:08:55.498 11376 11376 E teco.fmhandroi: Unknown bits set in runtime_flags: 0x8000
12-12 07:08:55.499 11376 11376 W teco.fmhandroi: Unexpected CPU variant for X86 using defaults: x86
12-12 07:08:55.585 11376 11376 I teco.fmhandroi: The ClassLoaderContext is a special shared library.
12-12 07:08:55.587 11376 11376 I teco.fmhandroi: The ClassLoaderContext is a special shared library.
12-12 07:08:55.809 11376 11376 W teco.fmhandroi: ClassLoaderContext classpath size mismatch. expected=0, found=7 (PCL[] | PCL[/system/framework/android.test.runner.jar*3312018701:/system/framework/android.test.mock.jar*3601177991:/data/app/ru.iteco.fmhandroid.test-g28yEPYJO6qfjT3zr-BIbQ==/base.apk*125722370:/data/app/ru.iteco.fmhandroid.test-g28yEPYJO6qfjT3zr-BIbQ==/base.apk!classes2.dex*2301094307:/data/app/ru.iteco.fmhandroid.test-g28yEPYJO6qfjT3zr-BIbQ==/base.apk!classes3.dex*1584118093:/data/app/ru.iteco.fmhandroid.test-g28yEPYJO6qfjT3zr-BIbQ==/base.apk!classes4.dex*1664731391:/data/app/ru.iteco.fmhandroid.test-g28yEPYJO6qfjT3zr-BIbQ==/base.apk!classes5.dex*3565028789])
12-12 07:08:55.811 11376 11376 W teco.fmhandroi: Found duplicate classes, falling back to extracting from APK : /data/app/ru.iteco.fmhandroid-R0QVQlEGwG1IVzN-H3bqog==/base.apk
12-12 07:08:55.811 11376 11376 W teco.fmhandroi: NOTE: This wastes RAM and hurts startup performance.
12-12 07:08:55.811 11376 11376 W teco.fmhandroi: Found duplicated class when checking oat files: 'Lcom/google/common/util/concurrent/ListenableFuture;' in /data/app/ru.iteco.fmhandroid-R0QVQlEGwG1IVzN-H3bqog==/base.apk and /data/app/ru.iteco.fmhandroid.test-g28yEPYJO6qfjT3zr-BIbQ==/base.apk
12-12 07:08:55.811 11376 11376 W teco.fmhandroi: 
12-12 07:08:56.176 11376 11376 I teco.fmhandroi: The ClassLoaderContext is a special shared library.
12-12 07:08:56.177 11376 11376 I teco.fmhandroi: The ClassLoaderContext is a special shared library.
12-12 07:08:56.400 11376 11376 W teco.fmhandroi: ClassLoaderContext classpath size mismatch. expected=0, found=7 (PCL[] | PCL[/system/framework/android.test.runner.jar*3312018701:/system/framework/android.test.mock.jar*3601177991:/data/app/ru.iteco.fmhandroid.test-g28yEPYJO6qfjT3zr-BIbQ==/base.apk*125722370:/data/app/ru.iteco.fmhandroid.test-g28yEPYJO6qfjT3zr-BIbQ==/base.apk!classes2.dex*2301094307:/data/app/ru.iteco.fmhandroid.test-g28yEPYJO6qfjT3zr-BIbQ==/base.apk!classes3.dex*1584118093:/data/app/ru.iteco.fmhandroid.test-g28yEPYJO6qfjT3zr-BIbQ==/base.apk!classes4.dex*1664731391:/data/app/ru.iteco.fmhandroid.test-g28yEPYJO6qfjT3zr-BIbQ==/base.apk!classes5.dex*3565028789];PCL[/system/framework/android.test.runner.jar*3312018701:/system/framework/android.test.mock.jar*3601177991:/data/app/ru.iteco.fmhandroid.test-g28yEPYJO6qfjT3zr-BIbQ==/base.apk*125722370:/data/app/ru.iteco.fmhandroid.test-g28yEPYJO6qfjT3zr-BIbQ==/base.apk!classes2.dex*2301094307:/data/app/ru.iteco.fmhandroid.test-g28yEPYJO6qfjT3zr-BIbQ==/base.apk!classes3.dex*1584118093:/data/app/ru.itec
12-12 07:08:56.400 11376 11376 W teco.fmhandroi: Found duplicate classes, falling back to extracting from APK : /data/app/ru.iteco.fmhandroid-R0QVQlEGwG1IVzN-H3bqog==/base.apk
12-12 07:08:56.401 11376 11376 W teco.fmhandroi: NOTE: This wastes RAM and hurts startup performance.
12-12 07:08:56.402 11376 11376 W teco.fmhandroi: Found duplicated class when checking oat files: 'Landroid/support/v4/app/INotificationSideChannel$Default;' in /data/app/ru.iteco.fmhandroid-R0QVQlEGwG1IVzN-H3bqog==/base.apk and /data/app/ru.iteco.fmhandroid-R0QVQlEGwG1IVzN-H3bqog==/base.apk
12-12 07:08:56.402 11376 11376 W teco.fmhandroi: 
12-12 07:08:56.734 11376 11376 W teco.fmhandroi: Accessing hidden method Landroid/app/Instrumentation;->execStartActivity(Landroid/content/Context;Landroid/os/IBinder;Landroid/os/IBinder;Landroid/app/Activity;Landroid/content/Intent;ILandroid/os/Bundle;)Landroid/app/Instrumentation$ActivityResult; (greylist, linking, allowed)
12-12 07:08:56.735 11376 11376 W teco.fmhandroi: Accessing hidden method Landroid/app/Instrumentation;->execStartActivity(Landroid/content/Context;Landroid/os/IBinder;Landroid/os/IBinder;Ljava/lang/String;Landroid/content/Intent;ILandroid/os/Bundle;)Landroid/app/Instrumentation$ActivityResult; (greylist, linking, allowed)
12-12 07:08:56.748 11376 11376 I MonitoringInstr: newApplication called!
12-12 07:08:56.804 11376 11376 I FirebaseApp: Device unlocked: initializing all Firebase APIs for app [DEFAULT]
12-12 07:08:56.823 11376 11376 I FirebaseCrashlytics: Initializing Firebase Crashlytics 18.2.6 for ru.iteco.fmhandroid
12-12 07:08:56.898 11376 11410 I DynamiteModule: Considering local module com.google.android.gms.measurement.dynamite:55 and remote module com.google.android.gms.measurement.dynamite:15
12-12 07:08:56.898 11376 11410 I DynamiteModule: Selected local version of com.google.android.gms.measurement.dynamite
12-12 07:08:57.017 11376 11376 I FirebaseInitProvider: FirebaseApp initialization successful
12-12 07:08:57.056 11376 11376 I MonitoringInstr: Instrumentation started!
12-12 07:08:57.066 11376 11376 D ClassesArgTokenizer: input: ru.iteco.fmhandroid.ui.NewsCreationFormTest#shouldNotCreateANewsItemWithPublicationTimeHourAgo
12-12 07:08:57.067 11376 11376 D ClassesArgTokenizer: result: [ru.iteco.fmhandroid.ui.NewsCreationFormTest#shouldNotCreateANewsItemWithPublicationTimeHourAgo]
12-12 07:08:57.067 11376 11376 D ClassesArgTokenizer: input: null
12-12 07:08:57.067 11376 11376 D ClassesArgTokenizer: result: []
12-12 07:08:57.073 11376 11376 V TestEventClient: No service name argument was given (testDiscoveryService, testRunEventService or orchestratorService)
12-12 07:08:57.094 11376 11420 D AndroidJUnitRunner: onStart is called.
12-12 07:08:57.102 11376 11376 I MonitoringInstr: No JSBridge.
12-12 07:08:57.123 11376 11414 V FA      : App measurement collection enabled
12-12 07:08:57.124 11376 11414 V FA      : App measurement enabled for app package, google app id: ru.iteco.fmhandroid, 1:729587742060:android:e7d6f87c783f52b9a42f49
12-12 07:08:57.125 11376 11414 I FA      : App measurement initialized, version: 46000
12-12 07:08:57.125 11376 11414 I FA      : To enable debug logging run: adb shell setprop log.tag.FA VERBOSE
12-12 07:08:57.125 11376 11414 I FA      : To enable faster debug mode event logging run:
12-12 07:08:57.125 11376 11414 I FA      :   adb shell setprop debug.firebase.analytics.app ru.iteco.fmhandroid
12-12 07:08:57.126 11376 11414 D FA      : Debug-level message logging enabled
12-12 07:08:57.126 11376 11420 D TestRequestBuilder: Skipping class path scanning and directly running [ru.iteco.fmhandroid.ui.NewsCreationFormTest]
12-12 07:08:57.141 11376 11420 D ClassesArgTokenizer: input: ru.iteco.fmhandroid.ui.NewsCreationFormTest#shouldNotCreateANewsItemWithPublicationTimeHourAgo
12-12 07:08:57.142 11376 11420 D ClassesArgTokenizer: result: [ru.iteco.fmhandroid.ui.NewsCreationFormTest#shouldNotCreateANewsItemWithPublicationTimeHourAgo]
12-12 07:08:57.142 11376 11420 D ClassesArgTokenizer: input: null
12-12 07:08:57.142 11376 11420 D ClassesArgTokenizer: result: []
12-12 07:08:57.186 11376 11420 D AndroidJUnitRunner: Use the raw file system for managing file I/O.
12-12 07:08:57.194 11376 11420 D TestExecutor: Adding listener androidx.test.internal.runner.listener.LogRunListener
12-12 07:08:57.198 11376 11420 D TestExecutor: Adding listener androidx.test.internal.runner.listener.InstrumentationResultPrinter
12-12 07:08:57.198 11376 11420 D TestExecutor: Adding listener androidx.test.internal.runner.listener.ActivityFinisherRunListener
12-12 07:08:57.199 11376 11420 D TestExecutor: Adding listener androidx.test.internal.runner.listener.TraceRunListener
12-12 07:08:57.213 11376 11420 I TestRunner: run started: 1 tests
12-12 07:08:57.220 11376 11414 V FA      : Connecting to remote service
12-12 07:08:57.256 11376 11414 V FA      : Connection attempt already in progress
12-12 07:08:57.270 11376 11414 V FA      : Connection attempt already in progress
12-12 07:08:57.271 11376 11414 D FA      : Connected to remote service
12-12 07:08:57.271 11376 11414 V FA      : Processing queued up service tasks: 3
12-12 07:08:57.299 11376 11420 I TestRunner: started: shouldNotCreateANewsItemWithPublicationTimeHourAgo(ru.iteco.fmhandroid.ui.NewsCreationFormTest)
12-12 07:08:57.330  2861 11423 V FA-SVC  : Saving default event parameters, appId, data size: ru.iteco.fmhandroid, 2
12-12 07:08:57.493  1745 11424 E ResolverController: No valid NAT64 prefix (103, <unspecified>/0)
12-12 07:08:57.535 11376 11420 I teco.fmhandroi: Waiting for a blocking GC ClassLinker
12-12 07:08:57.606  2009  2009 V SettingsProvider: Notifying for 0: content://settings/secure/accessibility_enabled
12-12 07:08:57.651 11376 11420 W Settings: Setting always_finish_activities has moved from android.provider.Settings.System to android.provider.Settings.Global, returning read-only value.
12-12 07:08:57.658  2009  5766 I ActivityTaskManager: START u0 {act=android.intent.action.MAIN cat=[android.intent.category.LAUNCHER] flg=0x10008000 cmp=ru.iteco.fmhandroid.test/androidx.test.core.app.InstrumentationActivityInvoker$BootstrapActivity (has extras)} from uid 10146
12-12 07:08:57.687  2009  3772 W InputReader: Device has associated, but no associated display id.
12-12 07:08:57.687  2009  3772 I chatty  : uid=1000(system) Binder:2009_E identical 8 lines
12-12 07:08:57.687  2009  3772 W InputReader: Device has associated, but no associated display id.
12-12 07:08:57.699  1776  1920 D gralloc_ranchu: gralloc_alloc: Creating ashmem region of size 10108928
12-12 07:08:57.753  1746  1746 D Zygote  : Forked child process 11431
12-12 07:08:57.763 11431 11431 I fmhandroid.tes: Late-enabling -Xcheck:jni
12-12 07:08:57.774  2009  2049 W ActivityManager: Slow operation: 80ms so far, now at startProcess: returned from zygote!
12-12 07:08:57.775  2009  2049 W ActivityManager: Slow operation: 80ms so far, now at startProcess: done updating battery stats
12-12 07:08:57.775  2009  2049 W ActivityManager: Slow operation: 80ms so far, now at startProcess: building log message
12-12 07:08:57.775  2009  2049 I ActivityManager: Start proc 11431:ru.iteco.fmhandroid.test/u0a147 for activity {ru.iteco.fmhandroid.test/androidx.test.core.app.InstrumentationActivityInvoker$BootstrapActivity}
12-12 07:08:57.775  2009  2049 W ActivityManager: Slow operation: 80ms so far, now at startProcess: starting to update pids map
12-12 07:08:57.775  2009  2049 W ActivityManager: Slow operation: 81ms so far, now at startProcess: done updating pids map
12-12 07:08:57.789 11431 11431 E fmhandroid.tes: Unknown bits set in runtime_flags: 0x8000
12-12 07:08:57.790 11431 11431 W fmhandroid.tes: Unexpected CPU variant for X86 using defaults: x86
12-12 07:08:57.845  2009  5766 W InputReader: Device has associated, but no associated display id.
12-12 07:08:57.855  2009  5766 I chatty  : uid=1000(system) Binder:2009_15 identical 28 lines
12-12 07:08:57.855  2009  5766 W InputReader: Device has associated, but no associated display id.
12-12 07:08:57.858  2009  2043 W InputReader: Device has associated, but no associated display id.
12-12 07:08:57.860  2009  2043 I chatty  : uid=1000(system) android.anim identical 8 lines
12-12 07:08:57.860  2009  2043 W InputReader: Device has associated, but no associated display id.
12-12 07:08:57.871  2934  3550 D EGL_emulation: eglMakeCurrent: 0xb4f69600: ver 2 0 (tinfo 0xb7b06800)
12-12 07:08:57.887  2484  3096 D EGL_emulation: eglMakeCurrent: 0xe7a7f6a0: ver 2 0 (tinfo 0xdc8104f0)
12-12 07:08:57.901  2161  2570 D EGL_emulation: eglMakeCurrent: 0xe7a7fbe0: ver 2 0 (tinfo 0xd11aea40)
12-12 07:08:57.904 11431 11431 I fmhandroid.tes: The ClassLoaderContext is a special shared library.
12-12 07:08:57.907 11431 11431 I fmhandroid.tes: The ClassLoaderContext is a special shared library.
12-12 07:08:57.910  2161  2570 D EGL_emulation: eglMakeCurrent: 0xe7a7fbe0: ver 2 0 (tinfo 0xd11aea40)
12-12 07:08:58.142  1792  1898 E SurfaceFlinger: ro.sf.lcd_density must be defined as a build property
12-12 07:08:58.145  1792  1898 E SurfaceFlinger: ro.sf.lcd_density must be defined as a build property
12-12 07:08:58.149 11431 11464 D libEGL  : Emulator has host GPU support, qemu.gles is set to 1.
12-12 07:08:58.150 11431 11464 W libc    : Unable to set property "qemu.gles" to "1": connection failed; errno=13 (Permission denied)
12-12 07:08:58.137 11431 11431 W RenderThread: type=1400 audit(0.0:106): avc: denied { write } for name="property_service" dev="tmpfs" ino=9420 scontext=u:r:untrusted_app:s0:c147,c256,c512,c768 tcontext=u:object_r:property_socket:s0 tclass=sock_file permissive=0 app=ru.iteco.fmhandroid.test
12-12 07:08:58.181 11431 11464 D libEGL  : loaded /vendor/lib/egl/libEGL_emulation.so
12-12 07:08:58.198 11431 11464 D libEGL  : loaded /vendor/lib/egl/libGLESv1_CM_emulation.so
12-12 07:08:58.210 11431 11464 D libEGL  : loaded /vendor/lib/egl/libGLESv2_emulation.so
12-12 07:08:58.233  2009  7639 I ActivityTaskManager: START u0 {act=android.intent.action.MAIN cat=[android.intent.category.LAUNCHER] cmp=ru.iteco.fmhandroid/.ui.AppActivity} from uid 10146
12-12 07:08:58.245  2009  7639 W InputReader: Device has associated, but no associated display id.
12-12 07:08:58.247  2009  7639 I chatty  : uid=1000(system) Binder:2009_1D identical 28 lines
12-12 07:08:58.247  2009  7639 W InputReader: Device has associated, but no associated display id.
12-12 07:08:58.249 11376 11376 W ActivityThread: handleWindowVisibility: no activity for token android.os.BinderProxy@e68a4f6
12-12 07:08:58.252  2009  7639 W InputReader: Device has associated, but no associated display id.
12-12 07:08:58.255  2009  7639 I chatty  : uid=1000(system) Binder:2009_1D identical 18 lines
12-12 07:08:58.255  2009  7639 W InputReader: Device has associated, but no associated display id.
12-12 07:08:58.265  1792  1898 E SurfaceFlinger: ro.sf.lcd_density must be defined as a build property
12-12 07:08:58.268  2009  7639 W InputReader: Device has associated, but no associated display id.
12-12 07:08:58.268  2009  7639 I chatty  : uid=1000(system) Binder:2009_1D identical 8 lines
12-12 07:08:58.268  2009  7639 W InputReader: Device has associated, but no associated display id.
12-12 07:08:58.270  1792  1898 E SurfaceFlinger: ro.sf.lcd_density must be defined as a build property
12-12 07:08:58.275 11376 11466 D libEGL  : Emulator has host GPU support, qemu.gles is set to 1.
12-12 07:08:58.277 11376 11466 W libc    : Unable to set property "qemu.gles" to "1": connection failed; errno=13 (Permission denied)
12-12 07:08:58.267 11376 11376 W RenderThread: type=1400 audit(0.0:107): avc: denied { write } for name="property_service" dev="tmpfs" ino=9420 scontext=u:r:untrusted_app:s0:c146,c256,c512,c768 tcontext=u:object_r:property_socket:s0 tclass=sock_file permissive=0 app=ru.iteco.fmhandroid
12-12 07:08:58.317 11376 11466 D libEGL  : loaded /vendor/lib/egl/libEGL_emulation.so
12-12 07:08:58.318 11376 11466 D libEGL  : loaded /vendor/lib/egl/libGLESv1_CM_emulation.so
12-12 07:08:58.320 11376 11466 D libEGL  : loaded /vendor/lib/egl/libGLESv2_emulation.so
12-12 07:08:58.321  2934 11010 I PBSessionCacheImpl: Deleted sessionId[703903236239] from persistence.
12-12 07:08:58.378  2934  3332 W SearchServiceCore: Abort, client detached.
12-12 07:08:58.429 11376 11376 D LifecycleMonitor: Lifecycle status change: ru.iteco.fmhandroid.ui.AppActivity@bb51593 in: PRE_ON_CREATE
12-12 07:08:58.430 11376 11376 V ActivityScenario: Activity lifecycle changed event received but ignored because the reported transition was not ON_CREATE while the last known transition was PRE_ON_CREATE
12-12 07:08:58.459 11376 11410 V FA      : onActivityCreated
12-12 07:08:58.465 11376 11376 E teco.fmhandroi: Invalid ID 0x00000000.
12-12 07:08:58.507 11376 11376 W teco.fmhandroi: Accessing hidden method Landroid/view/View;->computeFitSystemWindows(Landroid/graphics/Rect;Landroid/graphics/Rect;)Z (greylist, reflection, allowed)
12-12 07:08:58.508 11376 11376 W teco.fmhandroi: Accessing hidden method Landroid/view/ViewGroup;->makeOptionalFitsSystemWindows()V (greylist, reflection, allowed)
12-12 07:08:58.755 11376 11376 D NetworkSecurityConfig: No Network Security Config specified, using platform default
12-12 07:08:58.780 11376 11376 W teco.fmhandroi: Accessing hidden method Ljava/lang/invoke/MethodHandles$Lookup;-><init>(Ljava/lang/Class;I)V (greylist, reflection, allowed)
12-12 07:08:59.026 11376 11376 D LifecycleMonitor: Lifecycle status change: ru.iteco.fmhandroid.ui.AppActivity@bb51593 in: CREATED
12-12 07:08:59.026 11376 11376 V ActivityScenario: Update currentActivityStage to CREATED, currentActivity=ru.iteco.fmhandroid.ui.AppActivity@bb51593
12-12 07:08:59.050 11376 11470 W teco.fmhandroi: JNI critical lock held for 19.501ms on Thread[31,tid=11470,Runnable,Thread*=0xd116b400,peer=0x12c93980,"arch_disk_io_0"]
12-12 07:08:59.229 11376 11376 D LifecycleMonitor: Lifecycle status change: ru.iteco.fmhandroid.ui.AppActivity@bb51593 in: STARTED
12-12 07:08:59.230 11376 11376 V ActivityScenario: Update currentActivityStage to STARTED, currentActivity=ru.iteco.fmhandroid.ui.AppActivity@bb51593
12-12 07:08:59.233 11376 11376 D LifecycleMonitor: Lifecycle status change: ru.iteco.fmhandroid.ui.AppActivity@bb51593 in: RESUMED
12-12 07:08:59.233 11376 11376 V ActivityScenario: Update currentActivityStage to RESUMED, currentActivity=ru.iteco.fmhandroid.ui.AppActivity@bb51593
12-12 07:08:59.238 11376 11414 V FA      : Activity resumed, time: 4364910
12-12 07:08:59.259 11376 11420 W FileTestStorage: Output properties is not supported.
12-12 07:08:59.263 11376 11420 I Tracing : Tracer added: class androidx.test.platform.tracing.AndroidXTracer
12-12 07:08:59.274 11376 11414 I FA      : Tag Manager is not found and thus will not be used
12-12 07:08:59.295 11376 11420 D EventInjectionStrategy: Creating injection strategy with input manager.
12-12 07:08:59.295 11376 11420 W teco.fmhandroi: Accessing hidden method Landroid/hardware/input/InputManager;->getInstance()Landroid/hardware/input/InputManager; (greylist, reflection, allowed)
12-12 07:08:59.295 11376 11420 W teco.fmhandroi: Accessing hidden method Landroid/hardware/input/InputManager;->injectInputEvent(Landroid/view/InputEvent;I)Z (greylist, reflection, allowed)
12-12 07:08:59.295 11376 11420 W teco.fmhandroi: Accessing hidden field Landroid/hardware/input/InputManager;->INJECT_INPUT_EVENT_MODE_WAIT_FOR_FINISH:I (greylist, reflection, allowed)
12-12 07:08:59.350 11376 11465 D HostConnection: HostConnection::get() New Host Connection established 0xd4757aa0, tid 11465
12-12 07:08:59.350 11376 11465 D HostConnection: HostComposition ext ANDROID_EMU_CHECKSUM_HELPER_v1 ANDROID_EMU_dma_v1 ANDROID_EMU_direct_mem ANDROID_EMU_host_composition_v1 ANDROID_EMU_host_composition_v2 ANDROID_EMU_vulkan ANDROID_EMU_deferred_vulkan_commands ANDROID_EMU_vulkan_null_optional_strings ANDROID_EMU_vulkan_create_resources_with_requirements ANDROID_EMU_YUV_Cache ANDROID_EMU_vulkan_ignored_handles ANDROID_EMU_vulkan_free_memory_sync ANDROID_EMU_vulkan_shader_float16_int8 ANDROID_EMU_vulkan_async_queue_submit ANDROID_EMU_sync_buffer_data GL_OES_vertex_array_object GL_KHR_texture_compression_astc_ldr ANDROID_EMU_host_side_tracing ANDROID_EMU_gles_max_version_2 
12-12 07:08:59.358 11376 11465 W OpenGLRenderer: Failed to choose config with EGL_SWAP_BEHAVIOR_PRESERVED, retrying without...
12-12 07:08:59.398 11376 11465 D EGL_emulation: eglCreateContext: 0xd471b200: maj 2 min 0 rcv 2
12-12 07:08:59.404 11376 11465 D EGL_emulation: eglMakeCurrent: 0xd471b200: ver 2 0 (tinfo 0xba1610b0)
12-12 07:08:59.414  1776  1920 D gralloc_ranchu: gralloc_alloc: Creating ashmem region of size 10108928
12-12 07:08:59.417  1650  1650 I hwservicemanager: getTransport: Cannot find entry android.hardware.graphics.mapper@3.0::IMapper/default in either framework or device manifest.
12-12 07:08:59.418 11376 11465 W Gralloc3: mapper 3.x is not supported
12-12 07:08:59.421 11376 11465 D HostConnection: createUnique: call
12-12 07:08:59.421 11376 11465 D HostConnection: HostConnection::get() New Host Connection established 0xd4757fa0, tid 11465
12-12 07:08:59.422 11376 11465 D HostConnection: HostComposition ext ANDROID_EMU_CHECKSUM_HELPER_v1 ANDROID_EMU_dma_v1 ANDROID_EMU_direct_mem ANDROID_EMU_host_composition_v1 ANDROID_EMU_host_composition_v2 ANDROID_EMU_vulkan ANDROID_EMU_deferred_vulkan_commands ANDROID_EMU_vulkan_null_optional_strings ANDROID_EMU_vulkan_create_resources_with_requirements ANDROID_EMU_YUV_Cache ANDROID_EMU_vulkan_ignored_handles ANDROID_EMU_vulkan_free_memory_sync ANDROID_EMU_vulkan_shader_float16_int8 ANDROID_EMU_vulkan_async_queue_submit ANDROID_EMU_sync_buffer_data GL_OES_vertex_array_object GL_KHR_texture_compression_astc_ldr ANDROID_EMU_host_side_tracing ANDROID_EMU_gles_max_version_2 
12-12 07:08:59.422 11376 11465 D eglCodecCommon: allocate: Ask for block of size 0x1000
12-12 07:08:59.422 11376 11465 D eglCodecCommon: allocate: ioctl allocate returned offset 0x3ff64b000 size 0x2000
12-12 07:08:59.425  2861 11423 V FA-SVC  : Logging event: origin=auto,name=screen_view(_vs),params=Bundle[{ga_event_origin(_o)=auto, ga_screen_class(_sc)=AppActivity, ga_screen_id(_si)=6330814850967724513}]
12-12 07:08:59.428  1776  1920 D gralloc_ranchu: gralloc_alloc: Creating ashmem region of size 10108928
12-12 07:08:59.430  1776  1920 D gralloc_ranchu: gralloc_alloc: Creating ashmem region of size 10108928
12-12 07:08:59.436 11376 11465 D EGL_emulation: eglMakeCurrent: 0xd471b200: ver 2 0 (tinfo 0xba1610b0)
12-12 07:08:59.464  2861 11423 V FA-SVC  : Upload scheduled in approximately ms: 2355122
12-12 07:08:59.465  2861 11423 V FA-SVC  : Unscheduling upload
12-12 07:08:59.477  2861 11423 V FA-SVC  : Scheduling upload, millis: 2355122
12-12 07:08:59.484  2861 11423 V FA-SVC  : Background event processing time, ms: 60
12-12 07:08:59.553  2161  2570 D EGL_emulation: eglMakeCurrent: 0xe7a7fbe0: ver 2 0 (tinfo 0xd11aea40)
12-12 07:08:59.561  2009  2047 I ActivityTaskManager: Displayed ru.iteco.fmhandroid/.ui.AppActivity: +1s883ms
12-12 07:08:59.595 11376 11420 W FileTestStorage: Test input args is not supported.
12-12 07:08:59.619 11376 11420 W teco.fmhandroi: Accessing hidden method Lsun/misc/Unsafe;->getUnsafe()Lsun/misc/Unsafe; (greylist,core-platform-api, linking, allowed)
12-12 07:08:59.620 11376 11420 W teco.fmhandroi: Accessing hidden method Lsun/misc/Unsafe;->objectFieldOffset(Ljava/lang/reflect/Field;)J (greylist,core-platform-api, linking, allowed)
12-12 07:08:59.620 11376 11420 W teco.fmhandroi: Accessing hidden method Lsun/misc/Unsafe;->putObject(Ljava/lang/Object;JLjava/lang/Object;)V (greylist, linking, allowed)
12-12 07:08:59.635 11376 11473 W teco.fmhandroi: Accessing hidden method Lsun/misc/Unsafe;->compareAndSwapObject(Ljava/lang/Object;JLjava/lang/Object;Ljava/lang/Object;)Z (greylist, linking, allowed)
12-12 07:08:59.636 11376 11473 W teco.fmhandroi: Accessing hidden method Lsun/misc/Unsafe;->getObject(Ljava/lang/Object;J)Ljava/lang/Object; (greylist, linking, allowed)
12-12 07:08:59.638 11376 11376 W teco.fmhandroi: Accessing hidden method Landroid/os/MessageQueue;->next()Landroid/os/Message; (greylist, reflection, allowed)
12-12 07:08:59.638 11376 11376 W teco.fmhandroi: Accessing hidden field Landroid/os/MessageQueue;->mMessages:Landroid/os/Message; (greylist, reflection, allowed)
12-12 07:08:59.638 11376 11376 W teco.fmhandroi: Accessing hidden method Landroid/os/Message;->recycleUnchecked()V (greylist, reflection, allowed)
12-12 07:08:59.652 11376 11376 W teco.fmhandroi: Accessing hidden method Landroid/view/WindowManagerGlobal;->getInstance()Landroid/view/WindowManagerGlobal; (greylist, reflection, allowed)
12-12 07:08:59.652 11376 11376 W teco.fmhandroi: Accessing hidden field Landroid/view/WindowManagerGlobal;->mViews:Ljava/util/ArrayList; (greylist, reflection, allowed)
12-12 07:08:59.652 11376 11376 W teco.fmhandroi: Accessing hidden field Landroid/view/WindowManagerGlobal;->mParams:Ljava/util/ArrayList; (greylist, reflection, allowed)
12-12 07:08:59.663 11376 11376 I ViewInteraction: Performing 'wait for a specific view with <(an instance of android.widget.TextView and view.getText() with or without transformation to match: is "Authorization" and view.getParent() view.getParent() view.getId() is <2131231186>)> during 10000 millis.' action on view view.getRootView() to equal view
12-12 07:09:00.006  2161  2161 D KeyguardClockSwitch: Updating clock: 709
12-12 07:09:02.239 11376 11376 W teco.fmhandroi: Accessing hidden field Lsun/misc/Unsafe;->theUnsafe:Lsun/misc/Unsafe; (greylist, reflection, allowed)
12-12 07:09:02.239 11376 11376 W teco.fmhandroi: Accessing hidden method Lsun/misc/Unsafe;->allocateInstance(Ljava/lang/Class;)Ljava/lang/Object; (greylist, reflection, allowed)
12-12 07:09:02.281 11376 11475 I okhttp.OkHttpClient: --> GET http://www.981757-ca08998.tmweb.ru:8080/fmh/authentication/userInfo
12-12 07:09:02.283 11376 11475 I okhttp.OkHttpClient: --> END GET
12-12 07:09:02.311  1745 11476 E ResolverController: No valid NAT64 prefix (103, <unspecified>/0)
12-12 07:09:02.844 11376 11475 I okhttp.OkHttpClient: <-- 200 http://www.981757-ca08998.tmweb.ru:8080/fmh/authentication/userInfo (561ms)
12-12 07:09:02.845 11376 11475 I okhttp.OkHttpClient: Vary: Origin
12-12 07:09:02.845 11376 11475 I okhttp.OkHttpClient: Vary: Access-Control-Request-Method
12-12 07:09:02.845 11376 11475 I okhttp.OkHttpClient: Vary: Access-Control-Request-Headers
12-12 07:09:02.845 11376 11475 I okhttp.OkHttpClient: X-Content-Type-Options: nosniff
12-12 07:09:02.845 11376 11475 I okhttp.OkHttpClient: X-XSS-Protection: 1; mode=block
12-12 07:09:02.845 11376 11475 I okhttp.OkHttpClient: Cache-Control: no-cache, no-store, max-age=0, must-revalidate
12-12 07:09:02.845 11376 11475 I okhttp.OkHttpClient: Pragma: no-cache
12-12 07:09:02.846 11376 11475 I okhttp.OkHttpClient: Expires: 0
12-12 07:09:02.846 11376 11475 I okhttp.OkHttpClient: X-Frame-Options: DENY
12-12 07:09:02.846 11376 11475 I okhttp.OkHttpClient: Content-Type: application/json
12-12 07:09:02.846 11376 11475 I okhttp.OkHttpClient: Transfer-Encoding: chunked
12-12 07:09:02.846 11376 11475 I okhttp.OkHttpClient: Date: Mon, 12 Dec 2022 12:09:04 GMT
12-12 07:09:02.846 11376 11475 I okhttp.OkHttpClient: Keep-Alive: timeout=60
12-12 07:09:02.846 11376 11475 I okhttp.OkHttpClient: Connection: keep-alive
12-12 07:09:02.851 11376 11475 I okhttp.OkHttpClient: {"id":1,"firstName":"Ivan","lastName":"Ivanov","middleName":"Ivanovich","admin":true}
12-12 07:09:02.851 11376 11475 I okhttp.OkHttpClient: <-- END HTTP (85-byte body)
12-12 07:09:02.923 11376 11479 I okhttp.OkHttpClient: --> GET http://www.981757-ca08998.tmweb.ru:8080/fmh/claims
12-12 07:09:02.923 11376 11479 I okhttp.OkHttpClient: --> END GET
12-12 07:09:03.521  8263 11306 I LogUtils: [Places]: ?: Couldn't find platform key file. [CONTEXT service_id=253 ]
12-12 07:09:03.531  8263 10523 I LogUtils: [Places]: ?: Couldn't find platform key file. [CONTEXT service_id=253 ]
12-12 07:09:03.569  8263 11301 I LogUtils: [Places]: ?: PlacesBleScanner stop() [CONTEXT service_id=253 ]
12-12 07:09:03.570  8263  8263 I BeaconBle: Scan : No clients left, canceling alarm. [CONTEXT service_id=111 ]
12-12 07:09:03.574  8263  8263 I BeaconBle: Scan canceled successfully. [CONTEXT service_id=111 ]
12-12 07:09:03.576 11376 11479 I okhttp.OkHttpClient: <-- 200 http://www.981757-ca08998.tmweb.ru:8080/fmh/claims (652ms)
12-12 07:09:03.576 11376 11479 I okhttp.OkHttpClient: Vary: Origin
12-12 07:09:03.576 11376 11479 I okhttp.OkHttpClient: Vary: Access-Control-Request-Method
12-12 07:09:03.576 11376 11479 I okhttp.OkHttpClient: Vary: Access-Control-Request-Headers
12-12 07:09:03.576 11376 11479 I okhttp.OkHttpClient: X-Content-Type-Options: nosniff
12-12 07:09:03.576 11376 11479 I okhttp.OkHttpClient: X-XSS-Protection: 1; mode=block
12-12 07:09:03.576 11376 11479 I okhttp.OkHttpClient: Cache-Control: no-cache, no-store, max-age=0, must-revalidate
12-12 07:09:03.577 11376 11479 I okhttp.OkHttpClient: Pragma: no-cache
12-12 07:09:03.577 11376 11479 I okhttp.OkHttpClient: Expires: 0
12-12 07:09:03.577 11376 11479 I okhttp.OkHttpClient: X-Frame-Options: DENY
12-12 07:09:03.577 11376 11479 I okhttp.OkHttpClient: Content-Type: application/json
12-12 07:09:03.577 11376 11479 I okhttp.OkHttpClient: Transfer-Encoding: chunked
12-12 07:09:03.577 11376 11479 I okhttp.OkHttpClient: Date: Mon, 12 Dec 2022 12:09:04 GMT
12-12 07:09:03.578 11376 11479 I okhttp.OkHttpClient: Keep-Alive: timeout=60
12-12 07:09:03.578 11376 11479 I okhttp.OkHttpClient: Connection: keep-alive
12-12 07:09:03.590 11376 11479 I okhttp.OkHttpClient: [{"id":1,"title":"Claim 123","description":"123","creatorId":1,"executorId":1,"createDate":1670755198,"planExecuteDate":1670755140,"factExecuteDate":null,"status":"IN_PROGRESS","creatorName":"Ivanov Ivan Ivanovich","executorName":"Ivanov Ivan Ivanovich"},{"id":2,"title":"Заголовок 2c46380b-5d43-44f2-a02c-41b8c09710c2","description":"Описание 588c11cc-6a11-4eec-ae49-0f630caace41","creatorId":1,"executorId":null,"createDate":1670845808,"planExecuteDate":1670845740,"factExecuteDate":null,"status":"OPEN","creatorName":"Ivanov Ivan Ivanovich","executorName":null},{"id":3,"title":"Заголовок 0eb4b025-6e34-4957-a1e2-a64912e9444b","description":"Описание 8c51d595-ebb4-430e-9bca-70b11c41cac1","creatorId":1,"executorId":null,"createDate":1670845969,"planExecuteDate":1670845920,"factExecuteDate":null,"status":"OPEN","creatorName":"Ivanov Ivan Ivanovich","executorName":null},{"id":4,"title":"Заголовок 92efc5ce-93d1-4a0a-ad62-c3016d1e4395","description":"Описание a314ca90-1453-45ca-a603-7e092ce6027d","creatorId":1,"executorId":null,"createDate":1670846098,"planExecuteDate":1670846040,"factExecuteDate":null,"status":"OPEN","creatorName":"Ivanov Ivan Ivanovich","executorName":null},{"id":5,"title":"Заголовок 64e14b41-b72d-4258-b475-2658b3022782","description":"О��исание c3cae0e2-3d5e-4476-bbed-88218d828e04","creatorId":1,"executorId":null,"createDate":1670846160,"planExecuteDate":1670846100,"factExecuteDate":null,"status":"OPEN","creatorName":"Ivanov Ivan Ivanovich","executorName":null}]
12-12 07:09:03.590 11376 11479 I okhttp.OkHttpClient: <-- END HTTP (1563-byte body)
12-12 07:09:03.601  8263 11301 I PlacesLogger: [PlaceInferenceEngine]: [anon] Changed inference mode: 0 [CONTEXT service_id=253 ]
12-12 07:09:03.621  8263  8345 W GCoreFlp: No location to return for getLastLocation()
12-12 07:09:03.663 11376 11376 I Choreographer: Skipped 46 frames!  The application may be doing too much work on its main thread.
12-12 07:09:03.694  8263 11482 I LogUtils: [Places]: ?: Couldn't find platform key file. [CONTEXT service_id=253 ]
12-12 07:09:03.697  8263 11306 I LogUtils: [Places]: ?: Couldn't find platform key file. [CONTEXT service_id=253 ]
12-12 07:09:03.990  8263  8263 I GeofencerStateMachine: removeGeofences: removeRequest=RemoveGeofencingRequest[REMOVE_BY_PENDING_INTENT pendingIntent=PendingIntent[creatorPackage=com.google.android.gms], packageName=com.google.android.gms]
12-12 07:09:04.077 11376 11465 I OpenGLRenderer: Davey! duration=1177ms; Flags=1, IntendedVsync=4368573627990, Vsync=4369340294626, OldestInputEvent=9223372036854775807, NewestInputEvent=0, HandleInputStart=4369340741540, AnimationStart=4369340806840, PerformTraversalsStart=4369341590540, DrawStart=4369450586940, SyncQueued=4369458927240, SyncStart=4369462929540, IssueDrawCommandsStart=4369463065140, SwapBuffers=4369746602340, FrameCompleted=4369754918740, DequeueBufferDuration=437000, QueueBufferDuration=1261000, 
12-12 07:09:04.849 11376 11470 E SQLiteLog: (1) too many SQL variables
12-12 07:09:04.855 11376 11414 V FA      : Inactivity, disconnecting from the service
12-12 07:09:04.879 11376 11376 W System.err: ru.iteco.fmhandroid.exceptions.UnknownException
12-12 07:09:04.881 11376 11376 W System.err: 	at ru.iteco.fmhandroid.utils.Utils.makeRequest(Utils.kt:123)
12-12 07:09:04.881 11376 11376 W System.err: 	at ru.iteco.fmhandroid.utils.Utils$makeRequest$1.invokeSuspend(Unknown Source:15)
12-12 07:09:04.881 11376 11376 W System.err: 	at kotlin.coroutines.jvm.internal.BaseContinuationImpl.resumeWith(ContinuationImpl.kt:33)
12-12 07:09:04.882 11376 11376 W System.err: 	at kotlinx.coroutines.DispatchedTask.run(DispatchedTask.kt:104)
12-12 07:09:04.882 11376 11376 W System.err: 	at android.os.Handler.handleCallback(Handler.java:883)
12-12 07:09:04.882 11376 11376 W System.err: 	at android.os.Handler.dispatchMessage(Handler.java:100)
12-12 07:09:04.882 11376 11376 W System.err: 	at androidx.test.espresso.base.Interrogator.loopAndInterrogate(Interrogator.java:14)
12-12 07:09:04.882 11376 11376 W System.err: 	at androidx.test.espresso.base.UiControllerImpl.loopUntil(UiControllerImpl.java:8)
12-12 07:09:04.882 11376 11376 W System.err: 	at androidx.test.espresso.base.UiControllerImpl.loopUntil(UiControllerImpl.java:1)
12-12 07:09:04.882 11376 11376 W System.err: 	at androidx.test.espresso.base.UiControllerImpl.loopMainThreadForAtLeast(UiControllerImpl.java:7)
12-12 07:09:04.882 11376 11376 W System.err: 	at ru.iteco.fmhandroid.ui.data.ViewActions$1.perform(ViewActions.java:48)
12-12 07:09:04.882 11376 11376 W System.err: 	at androidx.test.espresso.ViewInteraction$SingleExecutionViewAction.perform(ViewInteraction.java:2)
12-12 07:09:04.883 11376 11376 W System.err: 	at androidx.test.espresso.ViewInteraction.doPerform(ViewInteraction.java:25)
12-12 07:09:04.884 11376 11376 W System.err: 	at androidx.test.espresso.ViewInteraction.-$$Nest$mdoPerform(Unknown Source:0)
12-12 07:09:04.884 11376 11376 W System.err: 	at androidx.test.espresso.ViewInteraction$1.call(ViewInteraction.java:7)
12-12 07:09:04.884 11376 11376 W System.err: 	at androidx.test.espresso.ViewInteraction$1.call(ViewInteraction.java:1)
12-12 07:09:04.884 11376 11376 W System.err: 	at java.util.concurrent.FutureTask.run(FutureTask.java:266)
12-12 07:09:04.884 11376 11376 W System.err: 	at android.os.Handler.handleCallback(Handler.java:883)
12-12 07:09:04.884 11376 11376 W System.err: 	at android.os.Handler.dispatchMessage(Handler.java:100)
12-12 07:09:04.885 11376 11376 W System.err: 	at android.os.Looper.loop(Looper.java:214)
12-12 07:09:04.885 11376 11376 W System.err: 	at android.app.ActivityThread.main(ActivityThread.java:7356)
12-12 07:09:04.885 11376 11376 W System.err: 	at java.lang.reflect.Method.invoke(Native Method)
12-12 07:09:04.885 11376 11376 W System.err: 	at com.android.internal.os.RuntimeInit$MethodAndArgsCaller.run(RuntimeInit.java:492)
12-12 07:09:04.885 11376 11376 W System.err: 	at com.android.internal.os.ZygoteInit.main(ZygoteInit.java:930)
12-12 07:09:04.956  1776  1920 D gralloc_ranchu: gralloc_alloc: Creating ashmem region of size 438272
12-12 07:09:04.962  1776  1920 D gralloc_ranchu: gralloc_alloc: Creating ashmem region of size 438272
12-12 07:09:04.964 11376 11465 D EGL_emulation: eglMakeCurrent: 0xd471b200: ver 2 0 (tinfo 0xba1610b0)
12-12 07:09:04.966  1776  1920 D gralloc_ranchu: gralloc_alloc: Creating ashmem region of size 438272
12-12 07:09:07.248  1878  1878 E wifi_forwarder: RemoteConnection failed to initialize: RemoteConnection failed to open pipe
12-12 07:09:07.364  1870  1870 E netmgr  : Failed to open QEMU pipe 'qemud:network': Invalid argument
12-12 07:09:08.350  2009  2047 E memtrack: Couldn't load memtrack module
12-12 07:09:08.350  2009  2047 W android.os.Debug: failed to get memory consumption info: -1
12-12 07:09:08.354  2934  3332 I WorkerManager: dispose()
12-12 07:09:08.355  2934  3332 W ThreadPoolDumper: Queue length for executor EventBus is now 11. Perhaps some tasks are too long, or the pool is too small.
12-12 07:09:08.408 11376 11465 D EGL_emulation: eglMakeCurrent: 0xd471b200: ver 2 0 (tinfo 0xba1610b0)
12-12 07:09:08.418  2009  3772 W NotificationService: Toast already killed. pkg=ru.iteco.fmhandroid callback=android.app.ITransientNotification$Stub$Proxy@3602ebe
12-12 07:09:08.600  8263  8263 I BeaconBle: Scan : No clients left, canceling alarm. [CONTEXT service_id=111 ]
12-12 07:09:09.744 11376 11376 D takeScreenshot: Found 1 global views to redraw
12-12 07:09:09.758 11376 11465 D EGL_emulation: eglMakeCurrent: 0xd471b200: ver 2 0 (tinfo 0xba1610b0)
12-12 07:09:09.791  1776  1920 D gralloc_ranchu: gralloc_alloc: Creating ashmem region of size 10108928
12-12 07:09:09.829  1650  1650 I hwservicemanager: getTransport: Cannot find entry android.hardware.graphics.mapper@3.0::IMapper/default in either framework or device manifest.
12-12 07:09:09.829 11361 11427 W Gralloc3: mapper 3.x is not supported
12-12 07:09:09.839 11361 11427 D HostConnection: createUnique: call
12-12 07:09:09.840 11361 11427 D HostConnection: HostConnection::get() New Host Connection established 0xf3a56620, tid 11427
12-12 07:09:09.843 11361 11427 D HostConnection: HostComposition ext ANDROID_EMU_CHECKSUM_HELPER_v1 ANDROID_EMU_dma_v1 ANDROID_EMU_direct_mem ANDROID_EMU_host_composition_v1 ANDROID_EMU_host_composition_v2 ANDROID_EMU_vulkan ANDROID_EMU_deferred_vulkan_commands ANDROID_EMU_vulkan_null_optional_strings ANDROID_EMU_vulkan_create_resources_with_requirements ANDROID_EMU_YUV_Cache ANDROID_EMU_vulkan_ignored_handles ANDROID_EMU_vulkan_free_memory_sync ANDROID_EMU_vulkan_shader_float16_int8 ANDROID_EMU_vulkan_async_queue_submit ANDROID_EMU_sync_buffer_data GL_OES_vertex_array_object GL_KHR_texture_compression_astc_ldr ANDROID_EMU_host_side_tracing ANDROID_EMU_gles_max_version_2 
12-12 07:09:09.844 11361 11427 D eglCodecCommon: allocate: Ask for block of size 0x1000
12-12 07:09:09.844 11361 11427 D eglCodecCommon: allocate: ioctl allocate returned offset 0x3ff649000 size 0x2000
12-12 07:09:09.849  1792  2405 E SurfaceFlinger: ro.sf.lcd_density must be defined as a build property
12-12 07:09:09.849  1792  2405 E SurfaceFlinger: ro.sf.lcd_density must be defined as a build property
12-12 07:09:09.853 11361 11488 D libEGL  : Emulator has host GPU support, qemu.gles is set to 1.
12-12 07:09:09.861 11361 11488 W libc    : Unable to set property "qemu.gles" to "1": error code: 0x18
12-12 07:09:09.862 11361 11488 D libEGL  : loaded /vendor/lib/egl/libEGL_emulation.so
12-12 07:09:09.864 11361 11488 D libEGL  : loaded /vendor/lib/egl/libGLESv1_CM_emulation.so
12-12 07:09:09.865 11361 11488 D libEGL  : loaded /vendor/lib/egl/libGLESv2_emulation.so
12-12 07:09:09.879 11361 11488 D HostConnection: HostConnection::get() New Host Connection established 0xf3a563f0, tid 11488
12-12 07:09:09.879 11361 11488 D HostConnection: HostComposition ext ANDROID_EMU_CHECKSUM_HELPER_v1 ANDROID_EMU_dma_v1 ANDROID_EMU_direct_mem ANDROID_EMU_host_composition_v1 ANDROID_EMU_host_composition_v2 ANDROID_EMU_vulkan ANDROID_EMU_deferred_vulkan_commands ANDROID_EMU_vulkan_null_optional_strings ANDROID_EMU_vulkan_create_resources_with_requirements ANDROID_EMU_YUV_Cache ANDROID_EMU_vulkan_ignored_handles ANDROID_EMU_vulkan_free_memory_sync ANDROID_EMU_vulkan_shader_float16_int8 ANDROID_EMU_vulkan_async_queue_submit ANDROID_EMU_sync_buffer_data GL_OES_vertex_array_object GL_KHR_texture_compression_astc_ldr ANDROID_EMU_host_side_tracing ANDROID_EMU_gles_max_version_2 
12-12 07:09:09.884 11361 11488 W OpenGLRenderer: Failed to choose config with EGL_SWAP_BEHAVIOR_PRESERVED, retrying without...
12-12 07:09:09.927 11361 11488 D EGL_emulation: eglCreateContext: 0xde828360: maj 2 min 0 rcv 2
12-12 07:09:09.931 11361 11488 D EGL_emulation: eglMakeCurrent: 0xde828360: ver 2 0 (tinfo 0xde80f370)
12-12 07:09:09.997 11376 11420 W DefaultFailureHandler: Failed to take screenshot
12-12 07:09:09.997 11376 11420 W DefaultFailureHandler: java.io.FileNotFoundException: view-op-error-1.png: open failed: EROFS (Read-only file system)
12-12 07:09:09.997 11376 11420 W DefaultFailureHandler: 	at libcore.io.IoBridge.open(IoBridge.java:496)
12-12 07:09:09.997 11376 11420 W DefaultFailureHandler: 	at java.io.FileOutputStream.<init>(FileOutputStream.java:235)
12-12 07:09:09.997 11376 11420 W DefaultFailureHandler: 	at java.io.FileOutputStream.<init>(FileOutputStream.java:125)
12-12 07:09:09.997 11376 11420 W DefaultFailureHandler: 	at androidx.test.platform.io.FileTestStorage.openOutputFile(FileTestStorage.java:60)
12-12 07:09:09.997 11376 11420 W DefaultFailureHandler: 	at androidx.test.core.graphics.BitmapStorage.writeToTestStorage(BitmapStorageExt.kt:49)
12-12 07:09:09.997 11376 11420 W DefaultFailureHandler: 	at androidx.test.espresso.base.DefaultFailureHandler.takeScreenshot(DefaultFailureHandler.java:4)
12-12 07:09:09.997 11376 11420 W DefaultFailureHandler: 	at androidx.test.espresso.base.DefaultFailureHandler.handle(DefaultFailureHandler.java:3)
12-12 07:09:09.997 11376 11420 W DefaultFailureHandler: 	at androidx.test.espresso.ViewInteraction.waitForAndHandleInteractionResults(ViewInteraction.java:8)
12-12 07:09:09.997 11376 11420 W DefaultFailureHandler: 	at androidx.test.espresso.ViewInteraction.desugaredPerform(ViewInteraction.java:11)
12-12 07:09:09.997 11376 11420 W DefaultFailureHandler: 	at androidx.test.espresso.ViewInteraction.perform(ViewInteraction.java:8)
12-12 07:09:09.997 11376 11420 W DefaultFailureHandler: 	at ru.iteco.fmhandroid.ui.data.TestUtils.waitView(TestUtils.java:61)
12-12 07:09:09.997 11376 11420 W DefaultFailureHandler: 	at ru.iteco.fmhandroid.ui.steps.AuthSteps.isAuthScreen(AuthSteps.java:56)
12-12 07:09:09.997 11376 11420 W DefaultFailureHandler: 	at ru.iteco.fmhandroid.ui.NewsCreationFormTest.logoutCheck(NewsCreationFormTest.java:54)
12-12 07:09:09.997 11376 11420 W DefaultFailureHandler: 	at java.lang.reflect.Method.invoke(Native Method)
12-12 07:09:09.997 11376 11420 W DefaultFailureHandler: 	at org.junit.runners.model.FrameworkMethod$1.runReflectiveCall(FrameworkMethod.java:59)
12-12 07:09:09.997 11376 11420 W DefaultFailureHandler: 	at org.junit.internal.runners.model.ReflectiveCallable.run(ReflectiveCallable.java:12)
12-12 07:09:09.997 11376 11420 W DefaultFailureHandler: 	at org.junit.runners.model.FrameworkMethod.invokeExplosively(FrameworkMethod.java:56)
12-12 07:09:09.997 11376 11420 W DefaultFailureHandler: 	at androidx.test.internal.runner.junit4.statement.RunBefores.evaluate(RunBefores.java:76)
12-12 07:09:09.997 11376 11420 W DefaultFailureHandler: 	at androidx.test.internal.runner.junit4.statement.RunAfters.evaluate(RunAfters.java:61)
12-12 07:09:09.997 11376 11420 W DefaultFailureHandler: 	at io.qameta.allure.android.rules.ScreenshotRule$apply$1.evaluate(ScreenshotRule.kt:22)
12-12 07:09:09.997 11376 11420 W DefaultFailureHandler: 	at org.junit.rules.ExternalResource$1.evaluate(ExternalResource.java:54)
12-12 07:09:09.997 11376 11420 W DefaultFailureHandler: 	at io.qameta.allure.android.rules.LogcatRule$apply$1.evaluate(LogcatRule.kt:23)
12-12 07:09:09.997 11376 11420 W DefaultFailureHandler: 	at org.junit.rules.RunRules.evaluate(RunRules.java:20)
12-12 07:09:09.997 11376 11420 W DefaultFailureHandler: 	at org.junit.runners.ParentRunner$3.evaluate(ParentRunner.java:306)
12-12 07:09:09.997 11376 11420 W DefaultFailureHandler: 	at org.junit.runners.BlockJUnit4ClassRunner$1.evaluate(BlockJUnit4ClassRunner.java:100)
12-12 07:09:09.997 11376 11420 W DefaultFailureHandler: 	at org.junit.runners.ParentRunner.runLeaf(ParentRunner.java:366)
12-12 07:09:09.997 11376 11420 W DefaultFailureHandler: 	at org.junit.runners.BlockJUnit4ClassRunner.runChild(BlockJUnit4ClassRunner.java:103)
12-12 07:09:09.997 11376 11420 W DefaultFailureHandler: 	at org.junit.runners.BlockJUnit4ClassRunner.runChild(BlockJUnit4ClassRunner.java:63)
12-12 07:09:09.997 11376 11420 W DefaultFailureHandler: 	at org.junit.runners.ParentRunner$4.run(ParentRunner.java:331)
12-12 07:09:09.997 11376 11420 W DefaultFailureHandler: 	at org.junit.runners.ParentRunner$1.schedule(ParentRunner.java:79)
12-12 07:09:09.997 11376 11420 W DefaultFailureHandler: 	at org.junit.runners.ParentRunner.runChildren(ParentRunner.java:329)
12-12 07:09:09.997 11376 11420 W DefaultFailureHandler: 	at org.junit.runners.ParentRunner.access$100(ParentRunner.java:66)
12-12 07:09:09.997 11376 11420 W DefaultFailureHandler: 	at org.junit.runners.ParentRunner$2.evaluate(ParentRunner.java:293)
12-12 07:09:09.997 11376 11420 W DefaultFailureHandler: 	at org.junit.runners.ParentRunner$3.evaluate(ParentRunner.java:306)
12-12 07:09:09.997 11376 11420 W DefaultFailureHandler: 	at org.junit.runners.ParentRunner.run(ParentRunner.java:413)
12-12 07:09:09.997 11376 11420 W DefaultFailureHandler: 	at androidx.test.ext.junit.runners.AndroidJUnit4.run(AndroidJUnit4.java:162)
12-12 07:09:09.997 11376 11420 W DefaultFailureHandler: 	at io.qameta.allure.android.runners.AllureAndroidJUnit4.run(AllureAndroidJUnitRunners.kt:29)
12-12 07:09:09.997 11376 11420 W DefaultFailureHandler: 	at org.junit.runners.Suite.runChild(Suite.java:128)
12-12 07:09:09.997 11376 11420 W DefaultFailureHandler: 	at org.junit.runners.Suite.runChild(Suite.java:27)
12-12 07:09:09.997 11376 11420 W DefaultFailureHandler: 	at org.junit.runners.ParentRunner$4.run(ParentRunner.java:331)
12-12 07:09:09.997 11376 11420 W DefaultFailureHandler: 	at org.junit.runners.ParentRunner$1.schedule(ParentRunner.java:79)
12-12 07:09:09.997 11376 11420 W DefaultFailureHandler: 	at org.junit.runners.ParentRunner.runChildren(ParentRunner.java:329)
12-12 07:09:09.997 11376 11420 W DefaultFailureHandler: 	at org.junit.runners.ParentRunner.access$100(ParentRunner.java:66)
12-12 07:09:09.997 11376 11420 W DefaultFailureHandler: 	at org.junit.runners.ParentRunner$2.evaluate(ParentRunner.java:293)
12-12 07:09:09.997 11376 11420 W DefaultFailureHandler: 	at org.junit.runners.ParentRunner$3.evaluate(ParentRunner.java:306)
12-12 07:09:09.997 11376 11420 W DefaultFailureHandler: 	at org.junit.runners.ParentRunner.run(ParentRunner.java:413)
12-12 07:09:09.997 11376 11420 W DefaultFailureHandler: 	at org.junit.runner.JUnitCore.run(JUnitCore.java:137)
12-12 07:09:09.997 11376 11420 W DefaultFailureHandler: 	at org.junit.runner.JUnitCore.run(JUnitCore.java:115)
12-12 07:09:09.997 11376 11420 W DefaultFailureHandler: 	at androidx.test.internal.runner.TestExecutor.execute(TestExecutor.java:67)
12-12 07:09:09.997 11376 11420 W DefaultFailureHandler: 	at androidx.test.internal.runner.TestExecutor.execute(TestExecutor.java:58)
