12-12 07:09:24.638 11376 11420 W DefaultFailureHandler: 	at org.junit.runners.BlockJUnit4ClassRunner$1.evaluate(BlockJUnit4ClassRunner.java:100)
12-12 07:09:24.638 11376 11420 W DefaultFailureHandler: 	at org.junit.runners.ParentRunner.runLeaf(ParentRunner.java:366)
12-12 07:09:24.638 11376 11420 W DefaultFailureHandler: 	at org.junit.runners.BlockJUnit4ClassRunner.runChild(BlockJUnit4ClassRunner.java:103)
12-12 07:09:24.638 11376 11420 W DefaultFailureHandler: 	at org.junit.runners.BlockJUnit4ClassRunner.runChild(BlockJUnit4ClassRunner.java:63)
12-12 07:09:24.638 11376 11420 W DefaultFailureHandler: 	at org.junit.runners.ParentRunner$4.run(ParentRunner.java:331)
12-12 07:09:24.638 11376 11420 W DefaultFailureHandler: 	at org.junit.runners.ParentRunner$1.schedule(ParentRunner.java:79)
12-12 07:09:24.638 11376 11420 W DefaultFailureHandler: 	at org.junit.runners.ParentRunner.runChildren(ParentRunner.java:329)
12-12 07:09:24.638 11376 11420 W DefaultFailureHandler: 	at org.junit.runners.ParentRunner.access$100(ParentRunner.java:66)
12-12 07:09:24.638 11376 11420 W DefaultFailureHandler: 	at org.junit.runners.ParentRunner$2.evaluate(ParentRunner.java:293)
12-12 07:09:24.638 11376 11420 W DefaultFailureHandler: 	at org.junit.runners.ParentRunner$3.evaluate(ParentRunner.java:306)
12-12 07:09:24.638 11376 11420 W DefaultFailureHandler: 	at org.junit.runners.ParentRunner.run(ParentRunner.java:413)
12-12 07:09:24.638 11376 11420 W DefaultFailureHandler: 	at androidx.test.ext.junit.runners.AndroidJUnit4.run(AndroidJUnit4.java:162)
12-12 07:09:24.638 11376 11420 W DefaultFailureHandler: 	at io.qameta.allure.android.runners.AllureAndroidJUnit4.run(AllureAndroidJUnitRunners.kt:29)
12-12 07:09:24.638 11376 11420 W DefaultFailureHandler: 	at org.junit.runners.Suite.runChild(Suite.java:128)
12-12 07:09:24.638 11376 11420 W DefaultFailureHandler: 	at org.junit.runners.Suite.runChild(Suite.java:27)
12-12 07:09:24.638 11376 11420 W DefaultFailureHandler: 	at org.junit.runners.ParentRunner$4.run(ParentRunner.java:331)
12-12 07:09:24.638 11376 11420 W DefaultFailureHandler: 	at org.junit.runners.ParentRunner$1.schedule(ParentRunner.java:79)
12-12 07:09:24.638 11376 11420 W DefaultFailureHandler: 	at org.junit.runners.ParentRunner.runChildren(ParentRunner.java:329)
12-12 07:09:24.638 11376 11420 W DefaultFailureHandler: 	at org.junit.runners.ParentRunner.access$100(ParentRunner.java:66)
12-12 07:09:24.638 11376 11420 W DefaultFailureHandler: 	at org.junit.runners.ParentRunner$2.evaluate(ParentRunner.java:293)
12-12 07:09:24.638 11376 11420 W DefaultFailureHandler: 	at org.junit.runners.ParentRunner$3.evaluate(ParentRunner.java:306)
12-12 07:09:24.638 11376 11420 W DefaultFailureHandler: 	at org.junit.runners.ParentRunner.run(ParentRunner.java:413)
12-12 07:09:24.638 11376 11420 W DefaultFailureHandler: 	at org.junit.runner.JUnitCore.run(JUnitCore.java:137)
12-12 07:09:24.638 11376 11420 W DefaultFailureHandler: 	at org.junit.runner.JUnitCore.run(JUnitCore.java:115)
12-12 07:09:24.638 11376 11420 W DefaultFailureHandler: 	at androidx.test.internal.runner.TestExecutor.execute(TestExecutor.java:67)
12-12 07:09:24.638 11376 11420 W DefaultFailureHandler: 	at androidx.test.internal.runner.TestExecutor.execute(TestExecutor.java:58)
12-12 07:09:24.638 11376 11420 W DefaultFailureHandler: 	at androidx.test.runner.AndroidJUnitRunner.onStart(AndroidJUnitRunner.java:438)
12-12 07:09:24.638 11376 11420 W DefaultFailureHandler: 	at android.app.Instrumentation$InstrumentationThread.run(Instrumentation.java:2189)
12-12 07:09:24.639 11376 11420 W DefaultFailureHandler: Caused by: android.system.ErrnoException: open failed: EROFS (Read-only file system)
12-12 07:09:24.639 11376 11420 W DefaultFailureHandler: 	at libcore.io.Linux.open(Native Method)
12-12 07:09:24.639 11376 11420 W DefaultFailureHandler: 	at libcore.io.ForwardingOs.open(ForwardingOs.java:167)
12-12 07:09:24.639 11376 11420 W DefaultFailureHandler: 	at libcore.io.BlockGuardOs.open(BlockGuardOs.java:252)
12-12 07:09:24.639 11376 11420 W DefaultFailureHandler: 	at libcore.io.ForwardingOs.open(ForwardingOs.java:167)
12-12 07:09:24.639 11376 11420 W DefaultFailureHandler: 	at android.app.ActivityThread$AndroidOs.open(ActivityThread.java:7255)
12-12 07:09:24.639 11376 11420 W DefaultFailureHandler: 	at libcore.io.IoBridge.open(IoBridge.java:482)
12-12 07:09:24.639 11376 11420 W DefaultFailureHandler: 	... 51 more
12-12 07:09:24.657  2161  2161 D StatusBar: disable<e i a s b h r c s > disable2<q i n >
12-12 07:09:24.704  2161  2570 D EGL_emulation: eglMakeCurrent: 0xe7a7fbe0: ver 2 0 (tinfo 0xd11aea40)
12-12 07:09:24.712  1776  1920 D gralloc_ranchu: gralloc_alloc: Creating ashmem region of size 10108928
12-12 07:09:24.728  2161  2570 D EGL_emulation: eglMakeCurrent: 0xe7a7fbe0: ver 2 0 (tinfo 0xd11aea40)
12-12 07:09:24.763  2161  2161 D StatusBar: disable<e i a s b h r c s > disable2<q i n >
12-12 07:09:24.776  1776  1920 D gralloc_ranchu: gralloc_alloc: Creating ashmem region of size 10108928
12-12 07:09:24.827  1776  1920 D gralloc_ranchu: gralloc_alloc: Creating ashmem region of size 10108928
12-12 07:09:25.635 11376 11420 I QueryController: Matched selector: UiSelector[DESCRIPTION=Airplane mode] <<==>> [android.view.accessibility.AccessibilityNodeInfo@74e2c; boundsInParent: Rect(0, 0 - 292, 292); boundsInScreen: Rect(736, 804 - 1028, 1096); packageName: com.android.systemui; className: android.widget.Switch; text: Off; error: null; maxTextLength: -1; contentDescription: Airplane mode; tooltipText: null; viewIdResName: null; checkable: true; checked: false; focusable: true; focused: false; selected: false; clickable: true; longClickable: true; contextClickable: false; enabled: true; password: false; scrollable: false; importantForAccessibility: true; visible: true; actions: [AccessibilityAction: ACTION_FOCUS - null, AccessibilityAction: ACTION_SELECT - null, AccessibilityAction: ACTION_CLEAR_SELECTION - null, AccessibilityAction: ACTION_CLICK - null, AccessibilityAction: ACTION_ACCESSIBILITY_FOCUS - null, AccessibilityAction: ACTION_NEXT_AT_MOVEMENT_GRANULARITY - null, AccessibilityAction: ACTION_PREVIOUS_AT_MOVEMENT_GRANULARITY - null, AccessibilityAction: ACTION_SET_SELECTION - null, AccessibilityAction: ACTION_SHOW_ON_SCREEN - null, AccessibilityAction: ACTION_LONG_CLICK - Open settings]]
12-12 07:09:25.655  2009  2040 D AutofillManagerService: onBackKeyPressed()
12-12 07:09:26.311  2161  2161 V StatusBar: mStatusBarWindow: com.android.systemui.statusbar.phone.StatusBarWindowView{f80b54d V.E...... ........ 0,0-1080,2340} canPanelBeCollapsed(): true
12-12 07:09:26.315  2161  2161 D StatusBar: disable<e i a s b h r c s > disable2<q i n >
12-12 07:09:26.373  1776  1920 D gralloc_ranchu: gralloc_alloc: Creating ashmem region of size 10108928
12-12 07:09:26.385  2161  2161 D StatusBar: disable<e i a s b h r c s > disable2<q i n >
12-12 07:09:26.430  2161  2570 D EGL_emulation: eglMakeCurrent: 0xe7a7fbe0: ver 2 0 (tinfo 0xd11aea40)
12-12 07:09:26.436  1776  1920 D gralloc_ranchu: gralloc_alloc: Creating ashmem region of size 286720
12-12 07:09:26.448  2161  2570 D EGL_emulation: eglMakeCurrent: 0xe7a7fbe0: ver 2 0 (tinfo 0xd11aea40)
12-12 07:09:26.467  1776  1920 D gralloc_ranchu: gralloc_alloc: Creating ashmem region of size 286720
12-12 07:09:26.311  2009  2040 D AutofillManagerService: onBackKeyPressed()
12-12 07:09:26.679  2009  3772 I ActivityTaskManager: START u0 {act=android.intent.action.MAIN cat=[android.intent.category.LAUNCHER] flg=0x10000000 cmp=ru.iteco.fmhandroid.test/androidx.test.core.app.InstrumentationActivityInvoker$EmptyActivity} from uid 10146
12-12 07:09:26.525  1776  1920 D gralloc_ranchu: gralloc_alloc: Creating ashmem region of size 286720
12-12 07:09:26.690 11376 11376 D LifecycleMonitor: Lifecycle status change: ru.iteco.fmhandroid.ui.AppActivity@bb51593 in: PAUSED
12-12 07:09:26.690 11376 11376 V ActivityScenario: Update currentActivityStage to PAUSED, currentActivity=ru.iteco.fmhandroid.ui.AppActivity@bb51593
12-12 07:09:26.691  2009  3771 W InputReader: Device has associated, but no associated display id.
12-12 07:09:26.696  2009  3771 I chatty  : uid=1000(system) Binder:2009_D identical 38 lines
12-12 07:09:26.696  2009  3771 W InputReader: Device has associated, but no associated display id.
12-12 07:09:26.701 11431 11431 W ActivityThread: handleWindowVisibility: no activity for token android.os.BinderProxy@9533af5
12-12 07:09:26.704  2009  3771 W InputReader: Device has associated, but no associated display id.
12-12 07:09:26.704  2009  3771 I chatty  : uid=1000(system) Binder:2009_D identical 8 lines
12-12 07:09:26.704  2009  3771 W InputReader: Device has associated, but no associated display id.
12-12 07:09:26.727 11376 11414 V FA      : Recording user engagement, ms: 27456
12-12 07:09:26.759  2009  3771 I ActivityTaskManager: START u0 {act=android.intent.action.MAIN cat=[android.intent.category.LAUNCHER] flg=0x10000000 cmp=ru.iteco.fmhandroid.test/androidx.test.core.app.InstrumentationActivityInvoker$EmptyActivity} from uid 10146
12-12 07:09:26.790  2009  3771 W InputReader: Device has associated, but no associated display id.
12-12 07:09:26.796  2009  3771 I chatty  : uid=1000(system) Binder:2009_D identical 48 lines
12-12 07:09:26.796  2009  3771 W InputReader: Device has associated, but no associated display id.
12-12 07:09:26.812 11431 11462 D HostConnection: HostConnection::get() New Host Connection established 0xd1144eb0, tid 11462
12-12 07:09:26.817 11431 11462 D HostConnection: HostComposition ext ANDROID_EMU_CHECKSUM_HELPER_v1 ANDROID_EMU_dma_v1 ANDROID_EMU_direct_mem ANDROID_EMU_host_composition_v1 ANDROID_EMU_host_composition_v2 ANDROID_EMU_vulkan ANDROID_EMU_deferred_vulkan_commands ANDROID_EMU_vulkan_null_optional_strings ANDROID_EMU_vulkan_create_resources_with_requirements ANDROID_EMU_YUV_Cache ANDROID_EMU_vulkan_ignored_handles ANDROID_EMU_vulkan_free_memory_sync ANDROID_EMU_vulkan_shader_float16_int8 ANDROID_EMU_vulkan_async_queue_submit ANDROID_EMU_sync_buffer_data GL_OES_vertex_array_object GL_KHR_texture_compression_astc_ldr ANDROID_EMU_host_side_tracing ANDROID_EMU_gles_max_version_2 
12-12 07:09:26.824 11431 11462 W OpenGLRenderer: Failed to choose config with EGL_SWAP_BEHAVIOR_PRESERVED, retrying without...
12-12 07:09:26.825 11376 11414 V FA      : Connecting to remote service
12-12 07:09:26.865 11376 11414 V FA      : Connection attempt already in progress
12-12 07:09:26.865 11376 11414 V FA      : Activity paused, time: 4392369
12-12 07:09:26.876 11431 11462 D EGL_emulation: eglCreateContext: 0xdc803b00: maj 2 min 0 rcv 2
12-12 07:09:26.879 11431 11462 D EGL_emulation: eglMakeCurrent: 0xdc803b00: ver 2 0 (tinfo 0xe7a9ecf0)
12-12 07:09:26.886 11376 11414 D FA      : Connected to remote service
12-12 07:09:26.886 11376 11414 V FA      : Processing queued up service tasks: 2
12-12 07:09:26.888  1776  1920 D gralloc_ranchu: gralloc_alloc: Creating ashmem region of size 10108928
12-12 07:09:26.890  1650  1650 I hwservicemanager: getTransport: Cannot find entry android.hardware.graphics.mapper@3.0::IMapper/default in either framework or device manifest.
12-12 07:09:26.891 11431 11462 W Gralloc3: mapper 3.x is not supported
12-12 07:09:26.894 11431 11462 D HostConnection: createUnique: call
12-12 07:09:26.895 11431 11462 D HostConnection: HostConnection::get() New Host Connection established 0xd1146580, tid 11462
12-12 07:09:26.898 11431 11462 D HostConnection: HostComposition ext ANDROID_EMU_CHECKSUM_HELPER_v1 ANDROID_EMU_dma_v1 ANDROID_EMU_direct_mem ANDROID_EMU_host_composition_v1 ANDROID_EMU_host_composition_v2 ANDROID_EMU_vulkan ANDROID_EMU_deferred_vulkan_commands ANDROID_EMU_vulkan_null_optional_strings ANDROID_EMU_vulkan_create_resources_with_requirements ANDROID_EMU_YUV_Cache ANDROID_EMU_vulkan_ignored_handles ANDROID_EMU_vulkan_free_memory_sync ANDROID_EMU_vulkan_shader_float16_int8 ANDROID_EMU_vulkan_async_queue_submit ANDROID_EMU_sync_buffer_data GL_OES_vertex_array_object GL_KHR_texture_compression_astc_ldr ANDROID_EMU_host_side_tracing ANDROID_EMU_gles_max_version_2 
12-12 07:09:26.899 11431 11462 D eglCodecCommon: allocate: Ask for block of size 0x1000
12-12 07:09:26.899 11431 11462 D eglCodecCommon: allocate: ioctl allocate returned offset 0x3ff647000 size 0x2000
12-12 07:09:26.903  1776  1920 D gralloc_ranchu: gralloc_alloc: Creating ashmem region of size 10108928
12-12 07:09:26.904  1776  1920 D gralloc_ranchu: gralloc_alloc: Creating ashmem region of size 10108928
12-12 07:09:26.911 11431 11462 D EGL_emulation: eglMakeCurrent: 0xdc803b00: ver 2 0 (tinfo 0xe7a9ecf0)
12-12 07:09:26.932  2861 11423 V FA-SVC  : Logging event: origin=auto,name=user_engagement(_e),params=Bundle[{ga_event_origin(_o)=auto, engagement_time_msec(_et)=27456, ga_screen_class(_sc)=AppActivity, ga_screen_id(_si)=6330814850967724513}]
12-12 07:09:26.965  2861 11423 V FA-SVC  : Upload scheduled in approximately ms: 2327621
12-12 07:09:26.966  2861 11423 V FA-SVC  : Unscheduling upload
12-12 07:09:26.972  2861 11423 V FA-SVC  : Scheduling upload, millis: 2327621
12-12 07:09:26.975  2861 11423 V FA-SVC  : Background event processing time, ms: 43
12-12 07:09:27.007 11431 11431 W ActivityThread: handleWindowVisibility: no activity for token android.os.BinderProxy@7e2903a
12-12 07:09:27.038  2009  3771 W ActivityTaskManager: Duplicate finish request for ActivityRecord{f1bfd24 u0 ru.iteco.fmhandroid/.ui.AppActivity t419 f}
12-12 07:09:27.081  1776  1920 D gralloc_ranchu: gralloc_alloc: Creating ashmem region of size 10108928
12-12 07:09:27.093  1776  1920 I chatty  : uid=1000(system) HwBinder:1776_2 identical 1 line
12-12 07:09:27.095  1776  1920 D gralloc_ranchu: gralloc_alloc: Creating ashmem region of size 10108928
12-12 07:09:27.099 11431 11462 D EGL_emulation: eglMakeCurrent: 0xdc803b00: ver 2 0 (tinfo 0xe7a9ecf0)
12-12 07:09:27.142  2009  2043 W InputReader: Device has associated, but no associated display id.
12-12 07:09:27.143  2009  2043 I chatty  : uid=1000(system) android.anim identical 18 lines
12-12 07:09:27.143  2009  2043 W InputReader: Device has associated, but no associated display id.
12-12 07:09:27.151  2009  2047 I ActivityTaskManager: Displayed ru.iteco.fmhandroid.test/androidx.test.core.app.InstrumentationActivityInvoker$EmptyActivity: +328ms
12-12 07:09:27.172  2009  3771 W InputReader: Device has associated, but no associated display id.
12-12 07:09:27.173  2009  3771 I chatty  : uid=1000(system) Binder:2009_D identical 8 lines
12-12 07:09:27.173  2009  3771 W InputReader: Device has associated, but no associated display id.
12-12 07:09:27.177 11376 11465 D EGL_emulation: eglMakeCurrent: 0xd471b200: ver 2 0 (tinfo 0xba1610b0)
12-12 07:09:27.230  2009  3772 W InputReader: Device has associated, but no associated display id.
12-12 07:09:27.231  2009  3772 I chatty  : uid=1000(system) Binder:2009_E identical 8 lines
12-12 07:09:27.231  2009  3772 W InputReader: Device has associated, but no associated display id.
12-12 07:09:27.254 11376 11376 D LifecycleMonitor: Lifecycle status change: ru.iteco.fmhandroid.ui.AppActivity@bb51593 in: STOPPED
12-12 07:09:27.254 11376 11376 V ActivityScenario: Update currentActivityStage to STOPPED, currentActivity=ru.iteco.fmhandroid.ui.AppActivity@bb51593
12-12 07:09:27.271  1776  1920 D gralloc_ranchu: gralloc_alloc: Creating ashmem region of size 10108928
12-12 07:09:27.279  1776  1920 I chatty  : uid=1000(system) HwBinder:1776_2 identical 1 line
12-12 07:09:27.286  1776  1920 D gralloc_ranchu: gralloc_alloc: Creating ashmem region of size 10108928
12-12 07:09:27.289  2934  3550 D EGL_emulation: eglMakeCurrent: 0xb4f69600: ver 2 0 (tinfo 0xb7b06800)
12-12 07:09:27.290  1776  1828 D gralloc_ranchu: gralloc_alloc: Creating ashmem region of size 10108928
12-12 07:09:27.314  1776  1920 D gralloc_ranchu: gralloc_alloc: Creating ashmem region of size 10108928
12-12 07:09:27.319  2484  3096 D EGL_emulation: eglMakeCurrent: 0xe7a7f6a0: ver 2 0 (tinfo 0xdc8104f0)
12-12 07:09:27.321  1776  1828 D gralloc_ranchu: gralloc_alloc: Creating ashmem region of size 10108928
12-12 07:09:27.351  2009  2043 W InputReader: Device has associated, but no associated display id.
12-12 07:09:27.351  2009  2043 I chatty  : uid=1000(system) android.anim identical 8 lines
12-12 07:09:27.351  2009  2043 W InputReader: Device has associated, but no associated display id.
12-12 07:09:27.360  1776  1920 D gralloc_ranchu: gralloc_alloc: Creating ashmem region of size 6471680
12-12 07:09:27.378  2934  2934 W ThreadPoolDumper: Queue length for executor EventBus is now 11. Perhaps some tasks are too long, or the pool is too small.
12-12 07:09:27.382  2161  2570 D EGL_emulation: eglMakeCurrent: 0xe7a7fbe0: ver 2 0 (tinfo 0xd11aea40)
12-12 07:09:27.387 11431 11462 D EGL_emulation: eglMakeCurrent: 0xdc803b00: ver 2 0 (tinfo 0xe7a9ecf0)
12-12 07:09:27.410  2009  2009 W ActivityManager: Unable to start service Intent { act=android.service.appprediction.AppPredictionService cmp=com.google.android.as/com.google.android.apps.miphone.aiai.app.AiAiPredictionService } U=0: not found
12-12 07:09:27.410  2009  2009 W RemoteAppPredictionService: could not bind to Intent { act=android.service.appprediction.AppPredictionService cmp=com.google.android.as/com.google.android.apps.miphone.aiai.app.AiAiPredictionService } using flags 67108865
12-12 07:09:27.413  2009  6383 D HostConnection: HostConnection::get() New Host Connection established 0xa91e0ad0, tid 6383
12-12 07:09:27.428  2009  6383 D HostConnection: HostComposition ext ANDROID_EMU_CHECKSUM_HELPER_v1 ANDROID_EMU_dma_v1 ANDROID_EMU_direct_mem ANDROID_EMU_host_composition_v1 ANDROID_EMU_host_composition_v2 ANDROID_EMU_vulkan ANDROID_EMU_deferred_vulkan_commands ANDROID_EMU_vulkan_null_optional_strings ANDROID_EMU_vulkan_create_resources_with_requirements ANDROID_EMU_YUV_Cache ANDROID_EMU_vulkan_ignored_handles ANDROID_EMU_vulkan_free_memory_sync ANDROID_EMU_vulkan_shader_float16_int8 ANDROID_EMU_vulkan_async_queue_submit ANDROID_EMU_sync_buffer_data GL_OES_vertex_array_object GL_KHR_texture_compression_astc_ldr ANDROID_EMU_host_side_tracing ANDROID_EMU_gles_max_version_2 
12-12 07:09:27.429  2009  6383 W OpenGLRenderer: Failed to choose config with EGL_SWAP_BEHAVIOR_PRESERVED, retrying without...
12-12 07:09:27.430  1792  1792 E Layer   : [Surface(name=AppWindowToken{2b554a2 token=Token{7c4c06d ActivityRecord{e80a084 u0 ru.iteco.fmhandroid.test/androidx.test.core.app.InstrumentationActivityInvoker$EmptyActivity t419}}})/@0x73bb167 - animation-leash#0] No local sync point found
12-12 07:09:27.430  1792  1792 E Layer   : [Surface(name=AppWindowToken{837d646 token=Token{8c77221 ActivityRecord{c4f888 u0 com.google.android.apps.nexuslauncher/.NexusLauncherActivity t401}}})/@0x179ae30 - animation-leash#0] No local sync point found
12-12 07:09:27.445  2934  3332 W SessionLifecycleManager: Handover failed. Creating new session controller.
12-12 07:09:27.465 11376 11376 D LifecycleMonitor: Lifecycle status change: ru.iteco.fmhandroid.ui.AppActivity@bb51593 in: DESTROYED
12-12 07:09:27.466 11376 11376 V ActivityScenario: Update currentActivityStage to DESTROYED, currentActivity=null
12-12 07:09:27.467  2009  6383 D EGL_emulation: eglCreateContext: 0xd11493c0: maj 2 min 0 rcv 2
12-12 07:09:27.469  2161  2570 D EGL_emulation: eglMakeCurrent: 0xe7a7fbe0: ver 2 0 (tinfo 0xd11aea40)
12-12 07:09:27.478  2009  6383 D EGL_emulation: eglMakeCurrent: 0xd11493c0: ver 2 0 (tinfo 0xb8779bb0)
12-12 07:09:27.495  2484  2500 I s.nexuslaunche: NativeAlloc concurrent copying GC freed 3453(262KB) AllocSpace objects, 0(0B) LOS objects, 49% free, 2638KB/5276KB, paused 13.973ms total 87.091ms
12-12 07:09:27.496  2484  2502 W System  : A resource failed to call release. 
12-12 07:09:27.496  2484  2502 W System  : A resource failed to call release. 
12-12 07:09:27.497  2161  2570 D EGL_emulation: eglMakeCurrent: 0xe7a7fbe0: ver 2 0 (tinfo 0xd11aea40)
12-12 07:09:27.502 11376 11376 E WindowManager: 
12-12 07:09:27.502 11376 11376 E WindowManager: android.view.WindowLeaked: Activity ru.iteco.fmhandroid.ui.AppActivity has leaked window DecorView@6e943b7[AppActivity] that was originally added here
12-12 07:09:27.502 11376 11376 E WindowManager: 	at android.view.ViewRootImpl.<init>(ViewRootImpl.java:597)
12-12 07:09:27.502 11376 11376 E WindowManager: 	at android.view.WindowManagerGlobal.addView(WindowManagerGlobal.java:377)
12-12 07:09:27.502 11376 11376 E WindowManager: 	at android.view.WindowManagerImpl.addView(WindowManagerImpl.java:95)
12-12 07:09:27.502 11376 11376 E WindowManager: 	at android.app.Dialog.show(Dialog.java:342)
12-12 07:09:27.502 11376 11376 E WindowManager: 	at ru.iteco.fmhandroid.ui.NewsListFragment$onViewCreated$7$invokeSuspend$$inlined$collect$1.emit(Collect.kt:142)
12-12 07:09:27.502 11376 11376 E WindowManager: 	at kotlinx.coroutines.flow.SharedFlowImpl.collect(SharedFlow.kt:351)
12-12 07:09:27.502 11376 11376 E WindowManager: 	at kotlinx.coroutines.flow.SharedFlowImpl$collect$1.invokeSuspend(Unknown Source:15)
12-12 07:09:27.502 11376 11376 E WindowManager: 	at kotlin.coroutines.jvm.internal.BaseContinuationImpl.resumeWith(ContinuationImpl.kt:33)
12-12 07:09:27.502 11376 11376 E WindowManager: 	at kotlinx.coroutines.DispatchedTaskKt.resume(DispatchedTask.kt:234)
12-12 07:09:27.502 11376 11376 E WindowManager: 	at kotlinx.coroutines.DispatchedTaskKt.resumeUnconfined(DispatchedTask.kt:190)
12-12 07:09:27.502 11376 11376 E WindowManager: 	at kotlinx.coroutines.DispatchedTaskKt.dispatch(DispatchedTask.kt:161)
12-12 07:09:27.502 11376 11376 E WindowManager: 	at kotlinx.coroutines.CancellableContinuationImpl.dispatchResume(CancellableContinuationImpl.kt:397)
12-12 07:09:27.502 11376 11376 E WindowManager: 	at kotlinx.coroutines.CancellableContinuationImpl.resumeImpl(CancellableContinuationImpl.kt:431)
12-12 07:09:27.502 11376 11376 E WindowManager: 	at kotlinx.coroutines.CancellableContinuationImpl.resumeImpl$default(CancellableContinuationImpl.kt:420)
12-12 07:09:27.502 11376 11376 E WindowManager: 	at kotlinx.coroutines.CancellableContinuationImpl.resumeWith(CancellableContinuationImpl.kt:328)
12-12 07:09:27.502 11376 11376 E WindowManager: 	at kotlinx.coroutines.flow.SharedFlowImpl.emitSuspend(SharedFlow.kt:472)
12-12 07:09:27.502 11376 11376 E WindowManager: 	at kotlinx.coroutines.flow.SharedFlowImpl.emit(SharedFlow.kt:374)
12-12 07:09:27.502 11376 11376 E WindowManager: 	at ru.iteco.fmhandroid.viewmodel.NewsViewModel.internalOnRefresh(NewsViewModel.kt:89)
12-12 07:09:27.502 11376 11376 E WindowManager: 	at ru.iteco.fmhandroid.viewmodel.NewsViewModel.access$internalOnRefresh(NewsViewModel.kt:19)
12-12 07:09:27.502 11376 11376 E WindowManager: 	at ru.iteco.fmhandroid.viewmodel.NewsViewModel$internalOnRefresh$1.invokeSuspend(Unknown Source:14)
12-12 07:09:27.502 11376 11376 E WindowManager: 	at kotlin.coroutines.jvm.internal.BaseContinuationImpl.resumeWith(ContinuationImpl.kt:33)
12-12 07:09:27.502 11376 11376 E WindowManager: 	at kotlinx.coroutines.DispatchedTask.run(DispatchedTask.kt:104)
12-12 07:09:27.502 11376 11376 E WindowManager: 	at android.os.Handler.handleCallback(Handler.java:883)
12-12 07:09:27.502 11376 11376 E WindowManager: 	at android.os.Handler.dispatchMessage(Handler.java:100)
12-12 07:09:27.502 11376 11376 E WindowManager: 	at androidx.test.espresso.base.Interrogator.loopAndInterrogate(Interrogator.java:14)
12-12 07:09:27.502 11376 11376 E WindowManager: 	at androidx.test.espresso.base.UiControllerImpl.loopUntil(UiControllerImpl.java:8)
12-12 07:09:27.502 11376 11376 E WindowManager: 	at androidx.test.espresso.base.UiControllerImpl.loopUntil(UiControllerImpl.java:1)
12-12 07:09:27.502 11376 11376 E WindowManager: 	at androidx.test.espresso.base.UiControllerImpl.loopMainThreadForAtLeast(UiControllerImpl.java:7)
12-12 07:09:27.502 11376 11376 E WindowManager: 	at androidx.test.espresso.action.GeneralClickAction.perform(GeneralClickAction.java:18)
12-12 07:09:27.502 11376 11376 E WindowManager: 	at androidx.test.espresso.ViewInteraction$SingleExecutionViewAction.perform(ViewInteraction.java:2)
12-12 07:09:27.502 11376 11376 E WindowManager: 	at androidx.test.espresso.ViewInteraction.doPerform(ViewInteraction.java:25)
12-12 07:09:27.502 11376 11376 E WindowManager: 	at androidx.test.espresso.ViewInteraction.-$$Nest$mdoPerform(Unknown Source:0)
12-12 07:09:27.502 11376 11376 E WindowManager: 	at androidx.test.espresso.ViewInteraction$1.call(ViewInteraction.java:7)
12-12 07:09:27.502 11376 11376 E WindowManager: 	at androidx.test.espresso.ViewInteraction$1.call(ViewInteraction.java:1)
12-12 07:09:27.502 11376 11376 E WindowManager: 	at java.util.concurrent.FutureTask.run(FutureTask.java:266)
12-12 07:09:27.502 11376 11376 E WindowManager: 	at android.os.Handler.handleCallback(Handler.java:883)
12-12 07:09:27.502 11376 11376 E WindowManager: 	at android.os.Handler.dispatchMessage(Handler.java:100)
12-12 07:09:27.502 11376 11376 E WindowManager: 	at android.os.Looper.loop(Looper.java:214)
12-12 07:09:27.502 11376 11376 E WindowManager: 	at android.app.ActivityThread.main(ActivityThread.java:7356)
12-12 07:09:27.502 11376 11376 E WindowManager: 	at java.lang.reflect.Method.invoke(Native Method)
12-12 07:09:27.502 11376 11376 E WindowManager: 	at com.android.internal.os.RuntimeInit$MethodAndArgsCaller.run(RuntimeInit.java:492)
12-12 07:09:27.502 11376 11376 E WindowManager: 	at com.android.internal.os.ZygoteInit.main(ZygoteInit.java:930)
12-12 07:09:27.512  2009  2009 W WindowManager: removeWindowToken: Attempted to remove non-existing token: android.os.Binder@f7b0c07
12-12 07:09:27.543  2009  3772 W WindowManager: Failed looking up window callers=com.android.server.wm.WindowManagerService.windowForClientLocked:5281 com.android.server.wm.WindowManagerService.removeWindow:1753 com.android.server.wm.Session.remove:176 
12-12 07:09:27.594  2161  2173 I ndroid.systemu: NativeAlloc concurrent copying GC freed 30532(1382KB) AllocSpace objects, 0(0B) LOS objects, 49% free, 5456KB/10MB, paused 25.189ms total 195.711ms
12-12 07:09:27.640  2934 11509 W LocationOracle: No location history returned by ContextManager
