12-02 19:01:03.458 28895 28969 I okhttp.OkHttpClient: --> END GET
12-02 19:01:03.659 28895 28969 I okhttp.OkHttpClient: <-- 200 http://www.981757-ca08998.tmweb.ru:8080/fmh/authentication/userInfo (200ms)
12-02 19:01:03.659 28895 28969 I okhttp.OkHttpClient: Vary: Origin
12-02 19:01:03.659 28895 28969 I okhttp.OkHttpClient: Vary: Access-Control-Request-Method
12-02 19:01:03.660 28895 28969 I okhttp.OkHttpClient: Vary: Access-Control-Request-Headers
12-02 19:01:03.660 28895 28969 I okhttp.OkHttpClient: X-Content-Type-Options: nosniff
12-02 19:01:03.660 28895 28969 I okhttp.OkHttpClient: X-XSS-Protection: 1; mode=block
12-02 19:01:03.660 28895 28969 I okhttp.OkHttpClient: Cache-Control: no-cache, no-store, max-age=0, must-revalidate
12-02 19:01:03.660 28895 28969 I okhttp.OkHttpClient: Pragma: no-cache
12-02 19:01:03.661 28895 28969 I okhttp.OkHttpClient: Expires: 0
12-02 19:01:03.661 28895 28969 I okhttp.OkHttpClient: X-Frame-Options: DENY
12-02 19:01:03.661 28895 28969 I okhttp.OkHttpClient: Content-Type: application/json
12-02 19:01:03.662 28895 28969 I okhttp.OkHttpClient: Transfer-Encoding: chunked
12-02 19:01:03.662 28895 28969 I okhttp.OkHttpClient: Date: Fri, 02 Dec 2022 16:01:05 GMT
12-02 19:01:03.663 28895 28969 I okhttp.OkHttpClient: Keep-Alive: timeout=60
12-02 19:01:03.663 28895 28969 I okhttp.OkHttpClient: Connection: keep-alive
12-02 19:01:03.665 28895 28969 I okhttp.OkHttpClient: {"id":2,"firstName":"","lastName":"","middleName":"","admin":true}
12-02 19:01:03.666 28895 28969 I okhttp.OkHttpClient: <-- END HTTP (106-byte body)
12-02 19:01:03.674 28895 28974 I okhttp.OkHttpClient: --> GET http://www.981757-ca08998.tmweb.ru:8080/fmh/claims
12-02 19:01:03.675 28895 28974 I okhttp.OkHttpClient: --> END GET
12-02 19:01:03.693  1743 29218 E ResolverController: No valid NAT64 prefix (127, <unspecified>/0)
12-02 19:01:04.866 28895 28895 I Choreographer: Skipped 71 frames!  The application may be doing too much work on its main thread.
12-02 19:01:04.972 28895 28908 I teco.fmhandroi: NativeAlloc concurrent copying GC freed 134242(8244KB) AllocSpace objects, 8(288KB) LOS objects, 47% free, 6835KB/12MB, paused 651us total 172.748ms
12-02 19:01:05.158 28895 28955 I OpenGLRenderer: Davey! duration=1486ms; Flags=1, IntendedVsync=89300078258701, Vsync=89301261591987, OldestInputEvent=9223372036854775807, NewestInputEvent=0, HandleInputStart=89301272609180, AnimationStart=89301272653780, PerformTraversalsStart=89301272808480, DrawStart=89301304048980, SyncQueued=89301305010780, SyncStart=89301305329480, IssueDrawCommandsStart=89301305506380, SwapBuffers=89301558307880, FrameCompleted=89301564815480, DequeueBufferDuration=508000, QueueBufferDuration=836000, 
12-02 19:01:05.865 28895 28934 V FA      : Inactivity, disconnecting from the service
12-02 19:01:05.875  1881  1881 E netmgr  : Failed to open QEMU pipe 'qemud:network': Invalid argument
12-02 19:01:05.949 28895 28974 I okhttp.OkHttpClient: <-- 200 http://www.981757-ca08998.tmweb.ru:8080/fmh/claims (2274ms)
12-02 19:01:05.950 28895 28974 I okhttp.OkHttpClient: Vary: Origin
12-02 19:01:05.950 28895 28974 I okhttp.OkHttpClient: Vary: Access-Control-Request-Method
12-02 19:01:05.950 28895 28974 I okhttp.OkHttpClient: Vary: Access-Control-Request-Headers
12-02 19:01:05.950 28895 28974 I okhttp.OkHttpClient: X-Content-Type-Options: nosniff
12-02 19:01:05.950 28895 28974 I okhttp.OkHttpClient: X-XSS-Protection: 1; mode=block
12-02 19:01:05.950 28895 28974 I okhttp.OkHttpClient: Cache-Control: no-cache, no-store, max-age=0, must-revalidate
12-02 19:01:05.950 28895 28974 I okhttp.OkHttpClient: Pragma: no-cache
12-02 19:01:05.950 28895 28974 I okhttp.OkHttpClient: Expires: 0
12-02 19:01:05.950 28895 28974 I okhttp.OkHttpClient: X-Frame-Options: DENY
12-02 19:01:05.950 28895 28974 I okhttp.OkHttpClient: Content-Type: application/json
12-02 19:01:05.950 28895 28974 I okhttp.OkHttpClient: Transfer-Encoding: chunked
12-02 19:01:05.950 28895 28974 I okhttp.OkHttpClient: Date: Fri, 02 Dec 2022 16:01:07 GMT
12-02 19:01:05.951 28895 28974 I okhttp.OkHttpClient: Keep-Alive: timeout=60
12-02 19:01:05.951 28895 28974 I okhttp.OkHttpClient: Connection: keep-alive
12-02 19:01:10.757 28895 28895 D takeScreenshot: Found 1 global views to redraw
12-02 19:01:10.790   543   595 I cr_BindingManager: Release moderate connections: 1
12-02 19:01:10.814  1772  1873 D gralloc_ranchu: gralloc_alloc: Creating ashmem region of size 14749696
12-02 19:01:10.880 28895 28939 W DefaultFailureHandler: Failed to take screenshot
12-02 19:01:10.880 28895 28939 W DefaultFailureHandler: java.io.FileNotFoundException: view-op-error-14.png: open failed: EROFS (Read-only file system)
12-02 19:01:10.880 28895 28939 W DefaultFailureHandler: 	at libcore.io.IoBridge.open(IoBridge.java:496)
12-02 19:01:10.880 28895 28939 W DefaultFailureHandler: 	at java.io.FileOutputStream.<init>(FileOutputStream.java:235)
12-02 19:01:10.880 28895 28939 W DefaultFailureHandler: 	at java.io.FileOutputStream.<init>(FileOutputStream.java:125)
12-02 19:01:10.880 28895 28939 W DefaultFailureHandler: 	at androidx.test.platform.io.FileTestStorage.openOutputFile(FileTestStorage.java:60)
12-02 19:01:10.880 28895 28939 W DefaultFailureHandler: 	at androidx.test.core.graphics.BitmapStorage.writeToTestStorage(BitmapStorageExt.kt:49)
12-02 19:01:10.880 28895 28939 W DefaultFailureHandler: 	at androidx.test.espresso.base.DefaultFailureHandler.takeScreenshot(DefaultFailureHandler.java:4)
12-02 19:01:10.880 28895 28939 W DefaultFailureHandler: 	at androidx.test.espresso.base.DefaultFailureHandler.handle(DefaultFailureHandler.java:3)
12-02 19:01:10.880 28895 28939 W DefaultFailureHandler: 	at androidx.test.espresso.ViewInteraction.waitForAndHandleInteractionResults(ViewInteraction.java:8)
12-02 19:01:10.880 28895 28939 W DefaultFailureHandler: 	at androidx.test.espresso.ViewInteraction.desugaredPerform(ViewInteraction.java:11)
12-02 19:01:10.880 28895 28939 W DefaultFailureHandler: 	at androidx.test.espresso.ViewInteraction.perform(ViewInteraction.java:8)
12-02 19:01:10.880 28895 28939 W DefaultFailureHandler: 	at ru.iteco.fmhandroid.ui.data.TestUtils.waitView(TestUtils.java:61)
12-02 19:01:10.880 28895 28939 W DefaultFailureHandler: 	at ru.iteco.fmhandroid.ui.steps.AuthSteps.isAuthScreen(AuthSteps.java:56)
12-02 19:01:10.880 28895 28939 W DefaultFailureHandler: 	at ru.iteco.fmhandroid.ui.ClaimsCreationFormTest.logoutCheck(ClaimsCreationFormTest.java:56)
12-02 19:01:10.880 28895 28939 W DefaultFailureHandler: 	at java.lang.reflect.Method.invoke(Native Method)
12-02 19:01:10.880 28895 28939 W DefaultFailureHandler: 	at org.junit.runners.model.FrameworkMethod$1.runReflectiveCall(FrameworkMethod.java:59)
12-02 19:01:10.880 28895 28939 W DefaultFailureHandler: 	at org.junit.internal.runners.model.ReflectiveCallable.run(ReflectiveCallable.java:12)
12-02 19:01:10.880 28895 28939 W DefaultFailureHandler: 	at org.junit.runners.model.FrameworkMethod.invokeExplosively(FrameworkMethod.java:56)
12-02 19:01:10.880 28895 28939 W DefaultFailureHandler: 	at androidx.test.internal.runner.junit4.statement.RunBefores.evaluate(RunBefores.java:76)
12-02 19:01:10.880 28895 28939 W DefaultFailureHandler: 	at androidx.test.internal.runner.junit4.statement.RunAfters.evaluate(RunAfters.java:61)
12-02 19:01:10.880 28895 28939 W DefaultFailureHandler: 	at androidx.test.rule.ActivityTestRule$ActivityStatement.evaluate(ActivityTestRule.java:543)
12-02 19:01:10.880 28895 28939 W DefaultFailureHandler: 	at io.qameta.allure.android.rules.LogcatRule$apply$1.evaluate(LogcatRule.kt:23)
12-02 19:01:10.880 28895 28939 W DefaultFailureHandler: 	at io.qameta.allure.android.rules.ScreenshotRule$apply$1.evaluate(ScreenshotRule.kt:22)
12-02 19:01:10.880 28895 28939 W DefaultFailureHandler: 	at io.qameta.allure.android.rules.ScreenshotRule$apply$1.evaluate(ScreenshotRule.kt:22)
12-02 19:01:10.880 28895 28939 W DefaultFailureHandler: 	at org.junit.rules.RunRules.evaluate(RunRules.java:20)
12-02 19:01:10.880 28895 28939 W DefaultFailureHandler: 	at org.junit.runners.ParentRunner$3.evaluate(ParentRunner.java:306)
12-02 19:01:10.880 28895 28939 W DefaultFailureHandler: 	at org.junit.runners.BlockJUnit4ClassRunner$1.evaluate(BlockJUnit4ClassRunner.java:100)
12-02 19:01:10.880 28895 28939 W DefaultFailureHandler: 	at org.junit.runners.ParentRunner.runLeaf(ParentRunner.java:366)
12-02 19:01:10.880 28895 28939 W DefaultFailureHandler: 	at org.junit.runners.BlockJUnit4ClassRunner.runChild(BlockJUnit4ClassRunner.java:103)
12-02 19:01:10.880 28895 28939 W DefaultFailureHandler: 	at org.junit.runners.BlockJUnit4ClassRunner.runChild(BlockJUnit4ClassRunner.java:63)
12-02 19:01:10.880 28895 28939 W DefaultFailureHandler: 	at org.junit.runners.ParentRunner$4.run(ParentRunner.java:331)
12-02 19:01:10.880 28895 28939 W DefaultFailureHandler: 	at org.junit.runners.ParentRunner$1.schedule(ParentRunner.java:79)
12-02 19:01:10.880 28895 28939 W DefaultFailureHandler: 	at org.junit.runners.ParentRunner.runChildren(ParentRunner.java:329)
12-02 19:01:10.880 28895 28939 W DefaultFailureHandler: 	at org.junit.runners.ParentRunner.access$100(ParentRunner.java:66)
12-02 19:01:10.880 28895 28939 W DefaultFailureHandler: 	at org.junit.runners.ParentRunner$2.evaluate(ParentRunner.java:293)
12-02 19:01:10.880 28895 28939 W DefaultFailureHandler: 	at org.junit.runners.ParentRunner$3.evaluate(ParentRunner.java:306)
12-02 19:01:10.880 28895 28939 W DefaultFailureHandler: 	at org.junit.runners.ParentRunner.run(ParentRunner.java:413)
12-02 19:01:10.880 28895 28939 W DefaultFailureHandler: 	at androidx.test.ext.junit.runners.AndroidJUnit4.run(AndroidJUnit4.java:162)
12-02 19:01:10.880 28895 28939 W DefaultFailureHandler: 	at io.qameta.allure.android.runners.AllureAndroidJUnit4.run(AllureAndroidJUnitRunners.kt:29)
12-02 19:01:10.880 28895 28939 W DefaultFailureHandler: 	at org.junit.runners.Suite.runChild(Suite.java:128)
12-02 19:01:10.880 28895 28939 W DefaultFailureHandler: 	at org.junit.runners.Suite.runChild(Suite.java:27)
12-02 19:01:10.880 28895 28939 W DefaultFailureHandler: 	at org.junit.runners.ParentRunner$4.run(ParentRunner.java:331)
12-02 19:01:10.880 28895 28939 W DefaultFailureHandler: 	at org.junit.runners.ParentRunner$1.schedule(ParentRunner.java:79)
12-02 19:01:10.880 28895 28939 W DefaultFailureHandler: 	at org.junit.runners.ParentRunner.runChildren(ParentRunner.java:329)
12-02 19:01:10.880 28895 28939 W DefaultFailureHandler: 	at org.junit.runners.ParentRunner.access$100(ParentRunner.java:66)
12-02 19:01:10.880 28895 28939 W DefaultFailureHandler: 	at org.junit.runners.ParentRunner$2.evaluate(ParentRunner.java:293)
12-02 19:01:10.880 28895 28939 W DefaultFailureHandler: 	at org.junit.runners.ParentRunner$3.evaluate(ParentRunner.java:306)
12-02 19:01:10.880 28895 28939 W DefaultFailureHandler: 	at org.junit.runners.ParentRunner.run(ParentRunner.java:413)
12-02 19:01:10.880 28895 28939 W DefaultFailureHandler: 	at org.junit.runner.JUnitCore.run(JUnitCore.java:137)
12-02 19:01:10.880 28895 28939 W DefaultFailureHandler: 	at org.junit.runner.JUnitCore.run(JUnitCore.java:115)
12-02 19:01:10.880 28895 28939 W DefaultFailureHandler: 	at androidx.test.internal.runner.TestExecutor.execute(TestExecutor.java:67)
12-02 19:01:10.880 28895 28939 W DefaultFailureHandler: 	at androidx.test.internal.runner.TestExecutor.execute(TestExecutor.java:58)
12-02 19:01:10.883 28895 28939 W DefaultFailureHandler: 	at androidx.test.runner.AndroidJUnitRunner.onStart(AndroidJUnitRunner.java:438)
12-02 19:01:10.883 28895 28939 W DefaultFailureHandler: 	at android.app.Instrumentation$InstrumentationThread.run(Instrumentation.java:2189)
12-02 19:01:10.883 28895 28939 W DefaultFailureHandler: Caused by: android.system.ErrnoException: open failed: EROFS (Read-only file system)
12-02 19:01:10.883 28895 28939 W DefaultFailureHandler: 	at libcore.io.Linux.open(Native Method)
12-02 19:01:10.883 28895 28939 W DefaultFailureHandler: 	at libcore.io.ForwardingOs.open(ForwardingOs.java:167)
12-02 19:01:10.883 28895 28939 W DefaultFailureHandler: 	at libcore.io.BlockGuardOs.open(BlockGuardOs.java:252)
12-02 19:01:10.883 28895 28939 W DefaultFailureHandler: 	at libcore.io.ForwardingOs.open(ForwardingOs.java:167)
12-02 19:01:10.883 28895 28939 W DefaultFailureHandler: 	at android.app.ActivityThread$AndroidOs.open(ActivityThread.java:7255)
12-02 19:01:10.883 28895 28939 W DefaultFailureHandler: 	at libcore.io.IoBridge.open(IoBridge.java:482)
12-02 19:01:10.883 28895 28939 W DefaultFailureHandler: 	... 52 more
12-02 19:01:10.897 28895 28895 I ViewInteraction: Performing 'wait for a specific view with <view.getId() is <2131230870/ru.iteco.fmhandroid:id/authorization_image_button>> during 10000 millis.' action on view view.getRootView() to equal view
12-02 19:01:10.904 28895 28895 I ViewInteraction: Checking 'MatchesViewAssertion{viewMatcher=(view has effective visibility <VISIBLE> and view.getGlobalVisibleRect() to return non-empty rectangle)}' assertion on view view.getId() is <2131230870/ru.iteco.fmhandroid:id/authorization_image_button>
12-02 19:01:10.908 28895 28895 I ViewInteraction: Performing 'single click' action on view view.getId() is <2131230870/ru.iteco.fmhandroid:id/authorization_image_button>
12-02 19:01:10.968  1750  3111 W audio_hw_generic: Not supplying enough data to HAL, expected position 393003524 , only wrote 393003499
12-02 19:01:10.986 28895 28908 I teco.fmhandroi: NativeAlloc concurrent copying GC freed 135234(6057KB) AllocSpace objects, 1(16KB) LOS objects, 49% free, 6177KB/12MB, paused 1.159ms total 107.082ms
12-02 19:01:11.053  1772  1873 D gralloc_ranchu: gralloc_alloc: Creating ashmem region of size 1429504
12-02 19:01:11.068  1772  1873 D gralloc_ranchu: gralloc_alloc: Creating ashmem region of size 1429504
12-02 19:01:11.071 28895 28955 D EGL_emulation: eglMakeCurrent: 0xe3a07540: ver 2 0 (tinfo 0xe3a93cb0)
12-02 19:01:11.085  1772  1873 D gralloc_ranchu: gralloc_alloc: Creating ashmem region of size 1429504
12-02 19:01:11.097 28895 28955 D EGL_emulation: eglMakeCurrent: 0xe3a07540: ver 2 0 (tinfo 0xe3a93cb0)
12-02 19:01:11.165 28895 28955 I chatty  : uid=10159(ru.iteco.fmhandroid) RenderThread identical 2 lines
12-02 19:01:11.190 28895 28955 D EGL_emulation: eglMakeCurrent: 0xe3a07540: ver 2 0 (tinfo 0xe3a93cb0)
12-02 19:01:11.418 28895 28895 I ViewInteraction: Performing 'wait for a specific view with <an instance of android.widget.TextView and view.getText() with or without transformation to match: is "Log out"> during 10000 millis.' action on view view.getRootView() to equal view
12-02 19:01:11.424 28895 28895 I ViewInteraction: Checking 'MatchesViewAssertion{viewMatcher=(view has effective visibility <VISIBLE> and view.getGlobalVisibleRect() to return non-empty rectangle)}' assertion on view an instance of android.widget.TextView and view.getText() with or without transformation to match: is "Log out"
12-02 19:01:11.428 28895 28895 I ViewInteraction: Performing 'single click' action on view an instance of android.widget.TextView and view.getText() with or without transformation to match: is "Log out"
12-02 19:01:11.671 28895 28955 D EGL_emulation: eglMakeCurrent: 0xe3a07540: ver 2 0 (tinfo 0xe3a93cb0)
12-02 19:01:11.706 28895 28955 D EGL_emulation: eglMakeCurrent: 0xe3a07540: ver 2 0 (tinfo 0xe3a93cb0)
12-02 19:01:11.802 28895 28895 I ViewInteraction: Performing 'wait for a specific view with <(an instance of android.widget.TextView and view.getText() with or without transformation to match: is "Authorization" and view.getParent() view.getParent() view.getId() is <2131231186>)> during 10000 millis.' action on view view.getRootView() to equal view
12-02 19:01:11.807 28895 28895 I ViewInteraction: Checking 'MatchesViewAssertion{viewMatcher=(view has effective visibility <VISIBLE> and view.getGlobalVisibleRect() to return non-empty rectangle)}' assertion on view (an instance of android.widget.TextView and view.getText() with or without transformation to match: is "Authorization" and view.getParent() view.getParent() view.getId() is <2131231186/ru.iteco.fmhandroid:id/nav_host_fragment>)
12-02 19:01:11.813 28895 28895 I ViewInteraction: Performing 'wait for a specific view with <(an instance of android.widget.TextView and view.getHint() matching: is "Login" and view.getParent() view.getParent() view.getId() is <2131231121/ru.iteco.fmhandroid:id/login_text_input_layout>)> during 10000 millis.' action on view view.getRootView() to equal view
12-02 19:01:11.818 28895 28895 I ViewInteraction: Checking 'MatchesViewAssertion{viewMatcher=(view has effective visibility <VISIBLE> and view.getGlobalVisibleRect() to return non-empty rectangle)}' assertion on view (an instance of android.widget.TextView and view.getHint() matching: is "Login" and view.getParent() view.getParent() view.getId() is <2131231121/ru.iteco.fmhandroid:id/login_text_input_layout>)
12-02 19:01:11.822 28895 28895 I ViewInteraction: Performing 'wait for a specific view with <(an instance of android.widget.TextView and view.getHint() matching: is "Password" and view.getParent() view.getParent() view.getId() is <2131231264/ru.iteco.fmhandroid:id/password_text_input_layout>)> during 10000 millis.' action on view view.getRootView() to equal view
12-02 19:01:11.828 28895 28895 I ViewInteraction: Checking 'MatchesViewAssertion{viewMatcher=(view has effective visibility <VISIBLE> and view.getGlobalVisibleRect() to return non-empty rectangle)}' assertion on view (an instance of android.widget.TextView and view.getHint() matching: is "Password" and view.getParent() view.getParent() view.getId() is <2131231264/ru.iteco.fmhandroid:id/password_text_input_layout>)
12-02 19:01:11.832 28895 28895 I ViewInteraction: Performing 'wait for a specific view with <(view.getId() is <2131231039/ru.iteco.fmhandroid:id/enter_button> and an instance of android.widget.TextView and view.getText() with or without transformation to match: is "SIGN IN" and view.getContentDescription() is "Save" and view.getParent() view.getParent() an instance of android.widget.RelativeLayout)> during 10000 millis.' action on view view.getRootView() to equal view
12-02 19:01:11.837 28895 28895 I ViewInteraction: Checking 'MatchesViewAssertion{viewMatcher=(view has effective visibility <VISIBLE> and view.getGlobalVisibleRect() to return non-empty rectangle)}' assertion on view (view.getId() is <2131231039/ru.iteco.fmhandroid:id/enter_button> and an instance of android.widget.TextView and view.getText() with or without transformation to match: is "SIGN IN" and view.getContentDescription() is "Save" and view.getParent() view.getParent() an instance of android.widget.RelativeLayout)
12-02 19:01:11.842 28895 28895 I ViewInteraction: Performing 'wait for a specific view with <(an instance of android.widget.TextView and view.getText() with or without transformation to match: is "Authorization" and view.getParent() view.getParent() view.getId() is <2131231186>)> during 10000 millis.' action on view view.getRootView() to equal view
12-02 19:01:11.846 28895 28895 I ViewInteraction: Checking 'MatchesViewAssertion{viewMatcher=(view has effective visibility <VISIBLE> and view.getGlobalVisibleRect() to return non-empty rectangle)}' assertion on view (an instance of android.widget.TextView and view.getText() with or without transformation to match: is "Authorization" and view.getParent() view.getParent() view.getId() is <2131231186/ru.iteco.fmhandroid:id/nav_host_fragment>)
12-02 19:01:11.850 28895 28895 I ViewInteraction: Performing 'wait for a specific view with <(an instance of android.widget.TextView and view.getHint() matching: is "Login" and view.getParent() view.getParent() view.getId() is <2131231121/ru.iteco.fmhandroid:id/login_text_input_layout>)> during 10000 millis.' action on view view.getRootView() to equal view
12-02 19:01:11.854 28895 28895 I ViewInteraction: Checking 'MatchesViewAssertion{viewMatcher=(view has effective visibility <VISIBLE> and view.getGlobalVisibleRect() to return non-empty rectangle)}' assertion on view (an instance of android.widget.TextView and view.getHint() matching: is "Login" and view.getParent() view.getParent() view.getId() is <2131231121/ru.iteco.fmhandroid:id/login_text_input_layout>)
12-02 19:01:11.860 28895 28895 I ViewInteraction: Performing 'wait for a specific view with <(an instance of android.widget.TextView and view.getHint() matching: is "Password" and view.getParent() view.getParent() view.getId() is <2131231264/ru.iteco.fmhandroid:id/password_text_input_layout>)> during 10000 millis.' action on view view.getRootView() to equal view
12-02 19:01:11.866 28895 28895 I ViewInteraction: Checking 'MatchesViewAssertion{viewMatcher=(view has effective visibility <VISIBLE> and view.getGlobalVisibleRect() to return non-empty rectangle)}' assertion on view (an instance of android.widget.TextView and view.getHint() matching: is "Password" and view.getParent() view.getParent() view.getId() is <2131231264/ru.iteco.fmhandroid:id/password_text_input_layout>)
12-02 19:01:11.871 28895 28895 I ViewInteraction: Performing 'wait for a specific view with <(view.getId() is <2131231039/ru.iteco.fmhandroid:id/enter_button> and an instance of android.widget.TextView and view.getText() with or without transformation to match: is "SIGN IN" and view.getContentDescription() is "Save" and view.getParent() view.getParent() an instance of android.widget.RelativeLayout)> during 10000 millis.' action on view view.getRootView() to equal view
12-02 19:01:11.876 28895 28895 I ViewInteraction: Checking 'MatchesViewAssertion{viewMatcher=(view has effective visibility <VISIBLE> and view.getGlobalVisibleRect() to return non-empty rectangle)}' assertion on view (view.getId() is <2131231039/ru.iteco.fmhandroid:id/enter_button> and an instance of android.widget.TextView and view.getText() with or without transformation to match: is "SIGN IN" and view.getContentDescription() is "Save" and view.getParent() view.getParent() an instance of android.widget.RelativeLayout)
12-02 19:01:11.881 28895 28895 I ViewInteraction: Performing 'wait for a specific view with <(an instance of android.widget.TextView and view.getHint() matching: is "Login" and view.getParent() view.getParent() view.getId() is <2131231121/ru.iteco.fmhandroid:id/login_text_input_layout>)> during 10000 millis.' action on view view.getRootView() to equal view
12-02 19:01:11.886 28895 28895 I ViewInteraction: Performing 'replace text(login2)' action on view (an instance of android.widget.TextView and view.getHint() matching: is "Login" and view.getParent() view.getParent() view.getId() is <2131231121/ru.iteco.fmhandroid:id/login_text_input_layout>)
12-02 19:01:11.931 28895 28895 I ViewInteraction: Performing 'wait for a specific view with <(an instance of android.widget.TextView and view.getHint() matching: is "Password" and view.getParent() view.getParent() view.getId() is <2131231264/ru.iteco.fmhandroid:id/password_text_input_layout>)> during 10000 millis.' action on view view.getRootView() to equal view
12-02 19:01:11.938 28895 28895 I ViewInteraction: Performing 'replace text(password2)' action on view (an instance of android.widget.TextView and view.getHint() matching: is "Password" and view.getParent() view.getParent() view.getId() is <2131231264/ru.iteco.fmhandroid:id/password_text_input_layout>)
12-02 19:01:11.955 28895 28895 I ViewInteraction: Performing 'wait for a specific view with <(view.getId() is <2131231039/ru.iteco.fmhandroid:id/enter_button> and an instance of android.widget.TextView and view.getText() with or without transformation to match: is "SIGN IN" and view.getContentDescription() is "Save" and view.getParent() view.getParent() an instance of android.widget.RelativeLayout)> during 10000 millis.' action on view view.getRootView() to equal view
12-02 19:01:11.966 28895 28895 I ViewInteraction: Checking 'MatchesViewAssertion{viewMatcher=view.isClickable() is <true>}' assertion on view (view.getId() is <2131231039/ru.iteco.fmhandroid:id/enter_button> and an instance of android.widget.TextView and view.getText() with or without transformation to match: is "SIGN IN" and view.getContentDescription() is "Save" and view.getParent() view.getParent() an instance of android.widget.RelativeLayout)
12-02 19:01:11.970 28895 28895 I ViewInteraction: Performing 'wait for a specific view with <(view.getId() is <2131231039/ru.iteco.fmhandroid:id/enter_button> and an instance of android.widget.TextView and view.getText() with or without transformation to match: is "SIGN IN" and view.getContentDescription() is "Save" and view.getParent() view.getParent() an instance of android.widget.RelativeLayout)> during 10000 millis.' action on view view.getRootView() to equal view
12-02 19:01:11.977 28895 28895 I ViewInteraction: Checking 'MatchesViewAssertion{viewMatcher=view.isClickable() is <true>}' assertion on view (view.getId() is <2131231039/ru.iteco.fmhandroid:id/enter_button> and an instance of android.widget.TextView and view.getText() with or without transformation to match: is "SIGN IN" and view.getContentDescription() is "Save" and view.getParent() view.getParent() an instance of android.widget.RelativeLayout)
12-02 19:01:11.983 28895 28895 I ViewInteraction: Performing 'wait for a specific view with <(view.getId() is <2131231039/ru.iteco.fmhandroid:id/enter_button> and an instance of android.widget.TextView and view.getText() with or without transformation to match: is "SIGN IN" and view.getContentDescription() is "Save" and view.getParent() view.getParent() an instance of android.widget.RelativeLayout)> during 10000 millis.' action on view view.getRootView() to equal view
12-02 19:01:12.005 28895 28895 I ViewInteraction: Performing 'single click' action on view (view.getId() is <2131231039/ru.iteco.fmhandroid:id/enter_button> and an instance of android.widget.TextView and view.getText() with or without transformation to match: is "SIGN IN" and view.getContentDescription() is "Save" and view.getParent() view.getParent() an instance of android.widget.RelativeLayout)
12-02 19:01:12.060 28895 28988 I okhttp.OkHttpClient: --> POST http://www.981757-ca08998.tmweb.ru:8080/fmh/authentication/login
12-02 19:01:12.060 28895 28988 I okhttp.OkHttpClient: Content-Type: application/json; charset=UTF-8
12-02 19:01:12.060 28895 28988 I okhttp.OkHttpClient: Content-Length: 41
12-02 19:01:12.061 28895 28988 I okhttp.OkHttpClient: {"login":"login2","password":"password2"}
12-02 19:01:12.061 28895 28988 I okhttp.OkHttpClient: --> END POST (41-byte body)
12-02 19:01:12.299 28895 28895 I ViewInteraction: Performing 'wait for a specific view with <an instance of android.widget.TextView and view.getText() with or without transformation to match: is "News"> during 10000 millis.' action on view view.getRootView() to equal view
12-02 19:01:12.545 28895 28988 I okhttp.OkHttpClient: <-- 200 http://www.981757-ca08998.tmweb.ru:8080/fmh/authentication/login (484ms)
12-02 19:01:12.545 28895 28988 I okhttp.OkHttpClient: Vary: Origin
12-02 19:01:12.545 28895 28988 I okhttp.OkHttpClient: Vary: Access-Control-Request-Method
12-02 19:01:12.545 28895 28988 I okhttp.OkHttpClient: Vary: Access-Control-Request-Headers
12-02 19:01:12.545 28895 28988 I okhttp.OkHttpClient: X-Content-Type-Options: nosniff
12-02 19:01:12.545 28895 28988 I okhttp.OkHttpClient: X-XSS-Protection: 1; mode=block
12-02 19:01:12.545 28895 28988 I okhttp.OkHttpClient: Cache-Control: no-cache, no-store, max-age=0, must-revalidate
12-02 19:01:12.546 28895 28988 I okhttp.OkHttpClient: Pragma: no-cache
12-02 19:01:12.546 28895 28988 I okhttp.OkHttpClient: Expires: 0
12-02 19:01:12.546 28895 28988 I okhttp.OkHttpClient: X-Frame-Options: DENY
12-02 19:01:12.546 28895 28988 I okhttp.OkHttpClient: Content-Type: application/json
12-02 19:01:12.546 28895 28988 I okhttp.OkHttpClient: Transfer-Encoding: chunked
12-02 19:01:12.546 28895 28988 I okhttp.OkHttpClient: Date: Fri, 02 Dec 2022 16:01:13 GMT
12-02 19:01:12.546 28895 28988 I okhttp.OkHttpClient: Keep-Alive: timeout=60
12-02 19:01:12.546 28895 28988 I okhttp.OkHttpClient: Connection: keep-alive
12-02 19:01:12.547 28895 28988 I okhttp.OkHttpClient: {"accessToken":"eyJhbGciOiJIUzUxMiJ9.eyJzdWIiOiJsb2dpbjIiLCJqdGkiOiIyIiwiZXhwIjoxNjcwMDgzMjczfQ.VeFfxsqhLwnvEoUEFgO4WrI3yqeJRGOlLiZlqeqvFlYQPUMidd6ei06aCxAGrLiqEvepP_RS8_2lhzzDoBwQCA","refreshToken":"eyJhbGciOiJIUzUxMiJ9.eyJzdWIiOiJsb2dpbjIiLCJqdGkiOiIyIiwiZXhwIjoxNjcyNTg4ODczfQ.rIeGe6iDHOJtwBcJLArvg8m3o6f2N0GYkYyU56WnGKC7xNx-XAXxgKpenR3asyoXMgTuecwdWbU85indurscLg"}
12-02 19:01:12.549 28895 28988 I okhttp.OkHttpClient: <-- END HTTP (368-byte body)
12-02 19:01:12.553 28895 28969 I okhttp.OkHttpClient: --> GET http://www.981757-ca08998.tmweb.ru:8080/fmh/authentication/userInfo
12-02 19:01:12.553 28895 28969 I okhttp.OkHttpClient: --> END GET
12-02 19:01:12.771 28895 28969 I okhttp.OkHttpClient: <-- 200 http://www.981757-ca08998.tmweb.ru:8080/fmh/authentication/userInfo (217ms)
12-02 19:01:12.771 28895 28969 I okhttp.OkHttpClient: Vary: Origin
12-02 19:01:12.771 28895 28969 I okhttp.OkHttpClient: Vary: Access-Control-Request-Method
12-02 19:01:12.772 28895 28969 I okhttp.OkHttpClient: Vary: Access-Control-Request-Headers
12-02 19:01:12.772 28895 28969 I okhttp.OkHttpClient: X-Content-Type-Options: nosniff
12-02 19:01:12.772 28895 28969 I okhttp.OkHttpClient: X-XSS-Protection: 1; mode=block
12-02 19:01:12.772 28895 28969 I okhttp.OkHttpClient: Cache-Control: no-cache, no-store, max-age=0, must-revalidate
12-02 19:01:12.772 28895 28969 I okhttp.OkHttpClient: Pragma: no-cache
12-02 19:01:12.773 28895 28969 I okhttp.OkHttpClient: Expires: 0
12-02 19:01:12.774 28895 28969 I okhttp.OkHttpClient: X-Frame-Options: DENY
12-02 19:01:12.774 28895 28969 I okhttp.OkHttpClient: Content-Type: application/json
12-02 19:01:12.775 28895 28969 I okhttp.OkHttpClient: Transfer-Encoding: chunked
12-02 19:01:12.775 28895 28969 I okhttp.OkHttpClient: Date: Fri, 02 Dec 2022 16:01:13 GMT
12-02 19:01:12.775 28895 28969 I okhttp.OkHttpClient: Keep-Alive: timeout=60
12-02 19:01:12.775 28895 28969 I okhttp.OkHttpClient: Connection: keep-alive
12-02 19:01:12.776 28895 28969 I okhttp.OkHttpClient: {"id":2,"firstName":"","lastName":"","middleName":"","admin":true}
12-02 19:01:12.776 28895 28969 I okhttp.OkHttpClient: <-- END HTTP (106-byte body)
12-02 19:01:12.785 28895 29207 I okhttp.OkHttpClient: --> GET http://www.981757-ca08998.tmweb.ru:8080/fmh/claims
12-02 19:01:12.786 28895 29207 I okhttp.OkHttpClient: --> END GET
12-02 19:01:12.813  1743 29221 E ResolverController: No valid NAT64 prefix (127, <unspecified>/0)
12-02 19:01:12.891 28895 28895 I ViewInteraction: Checking 'MatchesViewAssertion{viewMatcher=(view has effective visibility <VISIBLE> and view.getGlobalVisibleRect() to return non-empty rectangle)}' assertion on view an instance of android.widget.TextView and view.getText() with or without transformation to match: is "News"
12-02 19:01:12.901 28895 28895 I ViewInteraction: Performing 'wait for a specific view with <view.getId() is <2131230951>> during 10000 millis.' action on view view.getRootView() to equal view
12-02 19:01:13.027 28895 28895 I ViewInteraction: Checking 'MatchesViewAssertion{viewMatcher=(view has effective visibility <VISIBLE> and view.getGlobalVisibleRect() to return non-empty rectangle)}' assertion on view view.getId() is <2131230951/ru.iteco.fmhandroid:id/container_list_news_include_on_fragment_main>
12-02 19:01:13.031 28895 28895 I ViewInteraction: Performing 'wait for a specific view with <view.getId() is <2131230949>> during 10000 millis.' action on view view.getRootView() to equal view
12-02 19:01:13.036 28895 28895 I ViewInteraction: Checking 'MatchesViewAssertion{viewMatcher=(view has effective visibility <VISIBLE> and view.getGlobalVisibleRect() to return non-empty rectangle)}' assertion on view view.getId() is <2131230949/ru.iteco.fmhandroid:id/container_list_claim_include_on_fragment_main>
12-02 19:01:13.039 28895 28895 I ViewInteraction: Performing 'wait for a specific view with <an instance of android.widget.TextView and view.getText() with or without transformation to match: is "Claims"> during 10000 millis.' action on view view.getRootView() to equal view
12-02 19:01:13.045 28895 28895 I ViewInteraction: Checking 'MatchesViewAssertion{viewMatcher=(view has effective visibility <VISIBLE> and view.getGlobalVisibleRect() to return non-empty rectangle)}' assertion on view an instance of android.widget.TextView and view.getText() with or without transformation to match: is "Claims"
12-02 19:01:13.049 28895 28895 I ViewInteraction: Performing 'wait for a specific view with <view.getId() is <2131231123/ru.iteco.fmhandroid:id/main_menu_image_button>> during 10000 millis.' action on view view.getRootView() to equal view
12-02 19:01:13.052 28895 28895 I ViewInteraction: Performing 'single click' action on view view.getId() is <2131231123/ru.iteco.fmhandroid:id/main_menu_image_button>
12-02 19:01:13.166  1772  1873 D gralloc_ranchu: gralloc_alloc: Creating ashmem region of size 3264512
12-02 19:01:13.172  1772  1873 I chatty  : uid=1000(system) HwBinder:1772_1 identical 1 line
12-02 19:01:13.173  1772  1873 D gralloc_ranchu: gralloc_alloc: Creating ashmem region of size 3264512
12-02 19:01:13.188 28895 28955 D EGL_emulation: eglMakeCurrent: 0xe3a07540: ver 2 0 (tinfo 0xe3a93cb0)
12-02 19:01:13.270 28895 28955 I chatty  : uid=10159(ru.iteco.fmhandroid) RenderThread identical 3 lines
12-02 19:01:13.285 28895 28955 D EGL_emulation: eglMakeCurrent: 0xe3a07540: ver 2 0 (tinfo 0xe3a93cb0)
12-02 19:01:13.509 28895 28895 I ViewInteraction: Performing 'wait for a specific view with <an instance of android.widget.TextView and view.getText() with or without transformation to match: is "Claims"> during 10000 millis.' action on view view.getRootView() to equal view
12-02 19:01:13.513 28895 28895 I ViewInteraction: Performing 'single click' action on view an instance of android.widget.TextView and view.getText() with or without transformation to match: is "Claims"
12-02 19:01:13.658 28895 28990 I okhttp.OkHttpClient: --> GET http://www.981757-ca08998.tmweb.ru:8080/fmh/claims
12-02 19:01:13.658 28895 28990 I okhttp.OkHttpClient: --> END GET
12-02 19:01:13.703 28895 28955 D EGL_emulation: eglMakeCurrent: 0xe3a07540: ver 2 0 (tinfo 0xe3a93cb0)
12-02 19:01:13.719 28895 28955 D EGL_emulation: eglMakeCurrent: 0xe3a07540: ver 2 0 (tinfo 0xe3a93cb0)
12-02 19:01:13.869 28895 28895 I ViewInteraction: Performing 'wait for a specific view with <view.getId() is <2131230849/ru.iteco.fmhandroid:id/add_new_claim_material_button>> during 10000 millis.' action on view view.getRootView() to equal view
12-02 19:01:13.873 28895 28895 I ViewInteraction: Performing 'single click' action on view view.getId() is <2131230849/ru.iteco.fmhandroid:id/add_new_claim_material_button>
12-02 19:01:13.945 28895 28969 I okhttp.OkHttpClient: --> GET http://www.981757-ca08998.tmweb.ru:8080/fmh/users
12-02 19:01:13.945 28895 28969 I okhttp.OkHttpClient: --> END GET
12-02 19:01:14.130 28895 28969 I okhttp.OkHttpClient: <-- 200 http://www.981757-ca08998.tmweb.ru:8080/fmh/users (184ms)
12-02 19:01:14.131 28895 28969 I okhttp.OkHttpClient: Vary: Origin
12-02 19:01:14.131 28895 28969 I okhttp.OkHttpClient: Vary: Access-Control-Request-Method
12-02 19:01:14.131 28895 28969 I okhttp.OkHttpClient: Vary: Access-Control-Request-Headers
12-02 19:01:14.131 28895 28969 I okhttp.OkHttpClient: X-Content-Type-Options: nosniff
12-02 19:01:14.131 28895 28969 I okhttp.OkHttpClient: X-XSS-Protection: 1; mode=block
12-02 19:01:14.132 28895 28969 I okhttp.OkHttpClient: Cache-Control: no-cache, no-store, max-age=0, must-revalidate
12-02 19:01:14.132 28895 28969 I okhttp.OkHttpClient: Pragma: no-cache
12-02 19:01:14.132 28895 28969 I okhttp.OkHttpClient: Expires: 0
12-02 19:01:14.132 28895 28969 I okhttp.OkHttpClient: X-Frame-Options: DENY
12-02 19:01:14.132 28895 28969 I okhttp.OkHttpClient: Content-Type: application/json
12-02 19:01:14.133 28895 28969 I okhttp.OkHttpClient: Transfer-Encoding: chunked
12-02 19:01:14.133 28895 28969 I okhttp.OkHttpClient: Date: Fri, 02 Dec 2022 16:01:15 GMT
12-02 19:01:14.134 28895 28969 I okhttp.OkHttpClient: Keep-Alive: timeout=60
12-02 19:01:14.134 28895 28969 I okhttp.OkHttpClient: Connection: keep-alive
12-02 19:01:14.135 28895 28969 I okhttp.OkHttpClient: [{"id":1,"firstName":"","lastName":"","middleName":"","admin":true},{"id":2,"firstName":"","lastName":"","middleName":"","admin":true},{"id":3,"firstName":"","lastName":"","middleName":"","admin":false},{"id":4,"firstName":"","lastName":"","middleName":"","admin":false},{"id":5,"firstName":"","lastName":"","middleName":"","admin":true},{"id":6,"firstName":"Diplom","lastName":"Netology","middleName":"QAMID","admin":true}]
12-02 19:01:14.135 28895 28969 I okhttp.OkHttpClient: <-- END HTTP (622-byte body)
12-02 19:01:14.271 28895 28895 I ViewInteraction: Performing 'wait for a specific view with <view.getId() is <2131231041/ru.iteco.fmhandroid:id/executor_drop_menu_auto_complete_text_view>> during 10000 millis.' action on view view.getRootView() to equal view
12-02 19:01:14.276 28895 28895 I ViewInteraction: Performing 'single click' action on view view.getId() is <2131231041/ru.iteco.fmhandroid:id/executor_drop_menu_auto_complete_text_view>
12-02 19:01:14.385  1743  2204 I netd    : firewallSetUidRule(2, 10145, 1) <0.02ms>
12-02 19:01:14.450  1772  1873 D gralloc_ranchu: gralloc_alloc: Creating ashmem region of size 7032832
12-02 19:01:14.462  1772  1873 I chatty  : uid=1000(system) HwBinder:1772_1 identical 1 line
12-02 19:01:14.463  1772  1873 D gralloc_ranchu: gralloc_alloc: Creating ashmem region of size 7032832
12-02 19:01:14.468 28895 28955 D EGL_emulation: eglMakeCurrent: 0xe3a07540: ver 2 0 (tinfo 0xe3a93cb0)
12-02 19:01:14.519 28895 28895 I AssistStructure: Flattened final assist data: 6984 bytes, containing 2 windows, 53 views
12-02 19:01:14.538  2010  2030 D AutofillSession: Starting partition or augmented request for view id 1073741827@1731277713: STARTED_SESSION
12-02 19:01:14.541  2486  2486 W GInputConnectionWrapper: IPC IC_GET_TEXT_BEFORE_CURSOR_AND_FIX_SELECTION_INDICES took 138 ms
12-02 19:01:14.553  2584  2584 W ktk     : Pending fill request while another request in the same session was triggered. [CONTEXT service_id=177 ]
12-02 19:01:14.560 28895 28955 D EGL_emulation: eglMakeCurrent: 0xe3a07540: ver 2 0 (tinfo 0xe3a93cb0)
12-02 19:01:14.571 28895 28895 I AssistStructure: Flattened final assist data: 6984 bytes, containing 2 windows, 53 views
12-02 19:01:14.583  2010  2034 D AutofillUI: destroySaveUiUiThread(): already destroyed
12-02 19:01:14.597 28895 28955 D EGL_emulation: eglMakeCurrent: 0xe3a07540: ver 2 0 (tinfo 0xe3a93cb0)
12-02 19:01:14.599  2584  2584 W ktk     : Pending fill request while another request in the same session was triggered. [CONTEXT service_id=177 ]
12-02 19:01:14.600  2486  2486 I KeyboardViewUtil: systemKeyboardHeightRatio:1.000000; userKeyboardHeightRatio:1.000000.
12-02 19:01:14.601  2486  2486 I LatinIme: initialize() : Language = en-US
12-02 19:01:14.608  2486  2486 I Delight5Facilitator: initializeForIme() : Locale = [en_US]
12-02 19:01:14.619  2486  2486 I AndroidIME: LatinIme.onActivate() : EditorInfo = Package = ru.iteco.fmhandroid : Type = Text : Learning = Disable : Suggestion = Show : AutoCorrection = Disable : Microphone = Show : NoPersonalizedLearning = Disable
12-02 19:01:14.711  2486  2486 I KeyboardViewHelper: Get view with height ratio:1.000000; experiment height ratio:1.000000.
12-02 19:01:14.753  2486  2486 I EmojiSearchExtension: Created (instance count = 16)
12-02 19:01:14.792  2486 29226 I KeyboardGroupDefParser: parseKeyboardGroupDef() 2131296524 -> extension_emoji_search_keyboards : WaitTime = 12 ms : RunTime = 18 ms
12-02 19:01:14.793  2486 29225 I KeyboardGroupDefParser: parseKeyboardGroupDef() 2131296522 -> extension_emoji_search_extension_view : WaitTime = 15 ms : RunTime = 24 ms
12-02 19:01:14.796  2486  2486 I Conv2QueryExtension: Current locale: en_US, config allows these locales: de,en,es,fr,it,ms,pt,ta
12-02 19:01:14.796  2486  2486 I Conv2QueryExtension: Conv2Query not enabled due to current app [ru.iteco.fmhandroid] not in whitelist
12-02 19:01:14.796  2486  2486 I Conv2QueryExtension: onActivate() : Disabled by unsupported host app
12-02 19:01:14.811  2169  2501 D EGL_emulation: eglMakeCurrent: 0xdb91a600: ver 2 0 (tinfo 0xdb90f8d0)
12-02 19:01:14.822  1772  1873 D gralloc_ranchu: gralloc_alloc: Creating ashmem region of size 14262272
12-02 19:01:14.832  1772  1873 I chatty  : uid=1000(system) HwBinder:1772_1 identical 1 line
12-02 19:01:14.833  1772  1873 D gralloc_ranchu: gralloc_alloc: Creating ashmem region of size 14262272
12-02 19:01:14.848 28895 28955 D EGL_emulation: eglMakeCurrent: 0xe3a07540: ver 2 0 (tinfo 0xe3a93cb0)
12-02 19:01:14.879  2486  6704 D EGL_emulation: eglMakeCurrent: 0xdb91b920: ver 2 0 (tinfo 0xdb90fce0)
12-02 19:01:14.942  1772  1873 D gralloc_ranchu: gralloc_alloc: Creating ashmem region of size 4997120
12-02 19:01:14.953 28895 28955 D EGL_emulation: eglMakeCurrent: 0xe3a07540: ver 2 0 (tinfo 0xe3a93cb0)
12-02 19:01:14.983  1772  1873 D gralloc_ranchu: gralloc_alloc: Creating ashmem region of size 4997120
12-02 19:01:14.988 28895 28955 D EGL_emulation: eglMakeCurrent: 0xe3a07540: ver 2 0 (tinfo 0xe3a93cb0)
12-02 19:01:15.007  2486  2486 I KeyboardViewHelper: Get view with height ratio:1.000000; experiment height ratio:1.000000.
12-02 19:01:15.011 28895 28955 D EGL_emulation: eglMakeCurrent: 0xe3a07540: ver 2 0 (tinfo 0xe3a93cb0)
12-02 19:01:15.027  1772  1873 D gralloc_ranchu: gralloc_alloc: Creating ashmem region of size 4997120
12-02 19:01:15.038 28895 28895 I ViewInteraction: Performing 'close keyboard' action on view view.getRootView() to equal view
12-02 19:01:15.051  1743  2204 I netd    : firewallSetUidRule(2, 10145, 2) <0.03ms>
12-02 19:01:15.060  2486  6704 D EGL_emulation: eglMakeCurrent: 0xdb91b920: ver 2 0 (tinfo 0xdb90fce0)
12-02 19:01:15.067  1772  1873 D gralloc_ranchu: gralloc_alloc: Creating ashmem region of size 14262272
12-02 19:01:15.083  2486  6704 D EGL_emulation: eglMakeCurrent: 0xdb91b920: ver 2 0 (tinfo 0xdb90fce0)
12-02 19:01:15.110  1772  1873 D gralloc_ranchu: gralloc_alloc: Creating ashmem region of size 14262272
12-02 19:01:15.119  2486  2486 I PhenotypeExpConfig: refreshConfiguration() : Force = false : UpdateAvailable = false : Age = 178 minutes : MaxAge = 720 minutes
12-02 19:01:15.126  2486  2486 I AndroidIME: LatinIme.onDeactivate()
12-02 19:01:15.136  2486  6704 D EGL_emulation: eglMakeCurrent: 0xdb91b920: ver 2 0 (tinfo 0xdb90fce0)
12-02 19:01:15.184 28895 28955 D EGL_emulation: eglMakeCurrent: 0xe3a07540: ver 2 0 (tinfo 0xe3a93cb0)
12-02 19:01:15.238  1772  1873 D gralloc_ranchu: gralloc_alloc: Creating ashmem region of size 7032832
12-02 19:01:15.255 28895 28955 D EGL_emulation: eglMakeCurrent: 0xe3a07540: ver 2 0 (tinfo 0xe3a93cb0)
12-02 19:01:15.286  1772  1873 D gralloc_ranchu: gralloc_alloc: Creating ashmem region of size 7032832
12-02 19:01:15.291 28895 28955 D EGL_emulation: eglMakeCurrent: 0xe3a07540: ver 2 0 (tinfo 0xe3a93cb0)
12-02 19:01:15.310 28895 28955 D EGL_emulation: eglMakeCurrent: 0xe3a07540: ver 2 0 (tinfo 0xe3a93cb0)
12-02 19:01:15.333  1772  1873 D gralloc_ranchu: gralloc_alloc: Creating ashmem region of size 7032832
12-02 19:01:15.347 28895 28955 D EGL_emulation: eglMakeCurrent: 0xe3a07540: ver 2 0 (tinfo 0xe3a93cb0)
12-02 19:01:16.868 28895 28955 I chatty  : uid=10159(ru.iteco.fmhandroid) RenderThread identical 2 lines
12-02 19:01:16.895 28895 28955 D EGL_emulation: eglMakeCurrent: 0xe3a07540: ver 2 0 (tinfo 0xe3a93cb0)
12-02 19:01:17.276 28895 29207 I okhttp.OkHttpClient: <-- 200 http://www.981757-ca08998.tmweb.ru:8080/fmh/claims (4490ms)
12-02 19:01:17.276 28895 29207 I okhttp.OkHttpClient: Vary: Origin
12-02 19:01:17.276 28895 29207 I okhttp.OkHttpClient: Vary: Access-Control-Request-Method
12-02 19:01:17.276 28895 29207 I okhttp.OkHttpClient: Vary: Access-Control-Request-Headers
12-02 19:01:17.276 28895 29207 I okhttp.OkHttpClient: X-Content-Type-Options: nosniff
12-02 19:01:17.276 28895 29207 I okhttp.OkHttpClient: X-XSS-Protection: 1; mode=block
12-02 19:01:17.276 28895 29207 I okhttp.OkHttpClient: Cache-Control: no-cache, no-store, max-age=0, must-revalidate
12-02 19:01:17.277 28895 29207 I okhttp.OkHttpClient: Pragma: no-cache
12-02 19:01:17.277 28895 29207 I okhttp.OkHttpClient: Expires: 0
12-02 19:01:17.277 28895 29207 I okhttp.OkHttpClient: X-Frame-Options: DENY
12-02 19:01:17.277 28895 29207 I okhttp.OkHttpClient: Content-Type: application/json
12-02 19:01:17.277 28895 29207 I okhttp.OkHttpClient: Transfer-Encoding: chunked
12-02 19:01:17.277 28895 29207 I okhttp.OkHttpClient: Date: Fri, 02 Dec 2022 16:01:18 GMT
12-02 19:01:17.277 28895 29207 I okhttp.OkHttpClient: Keep-Alive: timeout=60
12-02 19:01:17.277 28895 29207 I okhttp.OkHttpClient: Connection: keep-alive
12-02 19:01:17.362 28895 28955 D EGL_emulation: eglMakeCurrent: 0xe3a07540: ver 2 0 (tinfo 0xe3a93cb0)
12-02 19:01:17.669  1750  1962 W audio_hw_generic: Not supplying enough data to HAL, expected position 393592819 , only wrote 393298966
12-02 19:01:18.021 28895 28990 I okhttp.OkHttpClient: <-- 200 http://www.981757-ca08998.tmweb.ru:8080/fmh/claims (4362ms)
12-02 19:01:18.021 28895 28990 I okhttp.OkHttpClient: Vary: Origin
12-02 19:01:18.021 28895 28990 I okhttp.OkHttpClient: Vary: Access-Control-Request-Method
12-02 19:01:18.021 28895 28990 I okhttp.OkHttpClient: Vary: Access-Control-Request-Headers
12-02 19:01:18.021 28895 28990 I okhttp.OkHttpClient: X-Content-Type-Options: nosniff
12-02 19:01:18.022 28895 28990 I okhttp.OkHttpClient: X-XSS-Protection: 1; mode=block
12-02 19:01:18.022 28895 28990 I okhttp.OkHttpClient: Cache-Control: no-cache, no-store, max-age=0, must-revalidate
12-02 19:01:18.022 28895 28990 I okhttp.OkHttpClient: Pragma: no-cache
12-02 19:01:18.022 28895 28990 I okhttp.OkHttpClient: Expires: 0
12-02 19:01:18.022 28895 28990 I okhttp.OkHttpClient: X-Frame-Options: DENY
12-02 19:01:18.022 28895 28990 I okhttp.OkHttpClient: Content-Type: application/json
12-02 19:01:18.023 28895 28990 I okhttp.OkHttpClient: Transfer-Encoding: chunked
12-02 19:01:18.026 28895 28990 I okhttp.OkHttpClient: Date: Fri, 02 Dec 2022 16:01:18 GMT
12-02 19:01:18.026 28895 28990 I okhttp.OkHttpClient: Keep-Alive: timeout=60
12-02 19:01:18.026 28895 28990 I okhttp.OkHttpClient: Connection: keep-alive
12-02 19:01:18.450 28895 28895 I ViewInteraction: Checking 'MatchesViewAssertion{viewMatcher=(view has effective visibility <VISIBLE> and view.getGlobalVisibleRect() to return non-empty rectangle)}' assertion on view an instance of android.widget.TextView and view.getText() with or without transformation to match: is "  "
12-02 19:01:18.454 28895 28895 I ViewInteraction: Performing 'single click' action on view an instance of android.widget.TextView and view.getText() with or without transformation to match: is "  "
12-02 19:01:18.510 28895 28955 D EGL_emulation: eglMakeCurrent: 0xe3a07540: ver 2 0 (tinfo 0xe3a93cb0)
12-02 19:01:18.580  1750  3111 W audio_hw_generic: Not supplying enough data to HAL, expected position 393299002 , only wrote 393298966
12-02 19:01:18.593 28895 28955 D EGL_emulation: eglMakeCurrent: 0xe3a07540: ver 2 0 (tinfo 0xe3a93cb0)
12-02 19:01:18.612  2010 13986 E InputDispatcher: Window handle Window{3298998 u0 PopupWindow:8ee19a6} has no registered input channel
12-02 19:01:18.632 28895 28955 D EGL_emulation: eglMakeCurrent: 0xe3a07540: ver 2 0 (tinfo 0xe3a93cb0)
12-02 19:01:18.736 28895 28895 I ViewInteraction: Performing 'wait for a specific view with <(view.getId() is <2131231402/ru.iteco.fmhandroid:id/title_edit_text> and view.getParent() view.getParent() view.getId() is <2131231406/ru.iteco.fmhandroid:id/title_text_input_layout>)> during 10000 millis.' action on view view.getRootView() to equal view
12-02 19:01:18.741 28895 28895 I ViewInteraction: Performing 'replace text( 46a22020-7619-4313-bbf0-a380b080a25c 51)' action on view (view.getId() is <2131231402/ru.iteco.fmhandroid:id/title_edit_text> and view.getParent() view.getParent() view.getId() is <2131231406/ru.iteco.fmhandroid:id/title_text_input_layout>)
12-02 19:01:18.806 28895 28895 I ViewInteraction: Performing 'wait for a specific view with <view.getId() is <2131230975/ru.iteco.fmhandroid:id/date_in_plan_text_input_edit_text>> during 10000 millis.' action on view view.getRootView() to equal view
12-02 19:01:18.818 28895 28895 I ViewInteraction: Performing 'single click' action on view view.getId() is <2131230975/ru.iteco.fmhandroid:id/date_in_plan_text_input_edit_text>
12-02 19:01:18.964  1772  1873 D gralloc_ranchu: gralloc_alloc: Creating ashmem region of size 10964992
12-02 19:01:18.970  1772  1873 I chatty  : uid=1000(system) HwBinder:1772_1 identical 1 line
12-02 19:01:18.971  1772  1873 D gralloc_ranchu: gralloc_alloc: Creating ashmem region of size 10964992
12-02 19:01:18.982 28895 28955 D EGL_emulation: eglMakeCurrent: 0xe3a07540: ver 2 0 (tinfo 0xe3a93cb0)
12-02 19:01:19.123 28895 28955 I chatty  : uid=10159(ru.iteco.fmhandroid) RenderThread identical 3 lines
12-02 19:01:19.152 28895 28955 D EGL_emulation: eglMakeCurrent: 0xe3a07540: ver 2 0 (tinfo 0xe3a93cb0)
12-02 19:01:19.444 28895 28895 I ViewInteraction: Performing 'wait for a specific view with <is assignable from class <class android.widget.DatePicker>> during 10000 millis.' action on view view.getRootView() to equal view
12-02 19:01:19.452 28895 28895 I ViewInteraction: Checking 'MatchesViewAssertion{viewMatcher=(view has effective visibility <VISIBLE> and view.getGlobalVisibleRect() to return non-empty rectangle)}' assertion on view is assignable from class <class android.widget.DatePicker>
12-02 19:01:19.458 28895 28895 I ViewInteraction: Performing 'wait for a specific view with <is assignable from class <class android.widget.DatePicker>> during 10000 millis.' action on view view.getRootView() to equal view
