12-08 10:14:47.283  2656  8337 E SQLiteDatabase: 	at aqtk.a(:com.google.android.gms@202414022@20.24.14 (040700-319035315):23)
12-08 10:14:47.283  2656  8337 E SQLiteDatabase: 	at aqtk.a(:com.google.android.gms@202414022@20.24.14 (040700-319035315):177)
12-08 10:14:47.283  2656  8337 E SQLiteDatabase: 	at aqpu.run(:com.google.android.gms@202414022@20.24.14 (040700-319035315):9)
12-08 10:14:47.283  2656  8337 E SQLiteDatabase: 	at soy.b(:com.google.android.gms@202414022@20.24.14 (040700-319035315):12)
12-08 10:14:47.283  2656  8337 E SQLiteDatabase: 	at soy.run(:com.google.android.gms@202414022@20.24.14 (040700-319035315):7)
12-08 10:14:47.283  2656  8337 E SQLiteDatabase: 	at java.util.concurrent.ThreadPoolExecutor.runWorker(ThreadPoolExecutor.java:1167)
12-08 10:14:47.283  2656  8337 E SQLiteDatabase: 	at java.util.concurrent.ThreadPoolExecutor$Worker.run(ThreadPoolExecutor.java:641)
12-08 10:14:47.283  2656  8337 E SQLiteDatabase: 	at sux.run(:com.google.android.gms@202414022@20.24.14 (040700-319035315):0)
12-08 10:14:47.283  2656  8337 E SQLiteDatabase: 	at java.lang.Thread.run(Thread.java:919)
12-08 10:14:47.292  8437  8470 D EGL_emulation: eglCreateContext: 0xf0c7eb00: maj 2 min 0 rcv 2
12-08 10:14:47.295  8437  8470 D EGL_emulation: eglMakeCurrent: 0xf0c7eb00: ver 2 0 (tinfo 0xf0cc0670)
12-08 10:14:47.341  8437  8470 E chromium: [ERROR:gl_surface_egl.cc(342)] eglChooseConfig failed with error EGL_SUCCESS
12-08 10:14:47.342  1776  1825 D gralloc_ranchu: gralloc_alloc: Creating ashmem region of size 9256960
12-08 10:14:47.373  8437  8470 D EGL_emulation: eglCreateContext: 0xf0c7f940: maj 2 min 0 rcv 2
12-08 10:14:47.378  8437  8470 D EGL_emulation: eglMakeCurrent: 0xf0c7f940: ver 2 0 (tinfo 0xf0cc0670)
12-08 10:14:47.385  1776  1825 D gralloc_ranchu: gralloc_alloc: Creating ashmem region of size 10108928
12-08 10:14:47.417  8437  8470 D EGL_emulation: eglMakeCurrent: 0xf0c7eb00: ver 2 0 (tinfo 0xf0cc0670)
12-08 10:14:47.422  8437  8470 D EGL_emulation: eglMakeCurrent: 0xf0c7f940: ver 2 0 (tinfo 0xf0cc0670)
12-08 10:14:47.439  8437  8470 D EGL_emulation: eglMakeCurrent: 0xe59eb0c0: ver 2 0 (tinfo 0xf0cc0670)
12-08 10:14:47.452  9674  9718 E TestRunner: failed: shouldFilterClaimsWithStatusExecutedAndCanceled(ru.iteco.fmhandroid.ui.FilterClaimsPageTest)
12-08 10:14:47.453  9674  9718 E TestRunner: ----- begin exception -----
12-08 10:14:47.454  9674  9718 E TestRunner: androidx.test.espresso.PerformException: Error performing 'scroll RecyclerView to: holder with view: (view is an instance of android.view.ViewGroup and has descendant matching an instance of android.widget.TextView and view.getText() with or without transformation to match: is "Заголовок 67e16fb4-c9ab-4e08-aed0-8ecfbbdd9fa7")' on view 'view.getId() is <2131230916/ru.iteco.fmhandroid:id/claim_list_recycler_view>'.
12-08 10:14:47.454  9674  9718 E TestRunner: 	at androidx.test.espresso.PerformException$Builder.build(PerformException.java:1)
12-08 10:14:47.454  9674  9718 E TestRunner: 	at androidx.test.espresso.base.PerformExceptionHandler.handleSafely(PerformExceptionHandler.java:8)
12-08 10:14:47.454  9674  9718 E TestRunner: 	at androidx.test.espresso.base.PerformExceptionHandler.handleSafely(PerformExceptionHandler.java:9)
12-08 10:14:47.454  9674  9718 E TestRunner: 	at androidx.test.espresso.base.DefaultFailureHandler$TypedFailureHandler.handle(DefaultFailureHandler.java:4)
12-08 10:14:47.454  9674  9718 E TestRunner: 	at androidx.test.espresso.base.DefaultFailureHandler.handle(DefaultFailureHandler.java:5)
12-08 10:14:47.454  9674  9718 E TestRunner: 	at androidx.test.espresso.ViewInteraction.waitForAndHandleInteractionResults(ViewInteraction.java:8)
12-08 10:14:47.454  9674  9718 E TestRunner: 	at androidx.test.espresso.ViewInteraction.desugaredPerform(ViewInteraction.java:11)
12-08 10:14:47.454  9674  9718 E TestRunner: 	at androidx.test.espresso.ViewInteraction.perform(ViewInteraction.java:8)
12-08 10:14:47.454  9674  9718 E TestRunner: 	at ru.iteco.fmhandroid.ui.steps.ClaimsPageSteps.scrollToElementInRecyclerList(ClaimsPageSteps.java:127)
12-08 10:14:47.454  9674  9718 E TestRunner: 	at ru.iteco.fmhandroid.ui.steps.ClaimsPageSteps.openClaimCard(ClaimsPageSteps.java:150)
12-08 10:14:47.454  9674  9718 E TestRunner: 	at ru.iteco.fmhandroid.ui.steps.CreatingClaimsSteps.createClaim(CreatingClaimsSteps.java:109)
12-08 10:14:47.454  9674  9718 E TestRunner: 	at ru.iteco.fmhandroid.ui.steps.CreatingClaimsSteps.createClaims(CreatingClaimsSteps.java:131)
12-08 10:14:47.454  9674  9718 E TestRunner: 	at ru.iteco.fmhandroid.ui.FilterClaimsPageTest.shouldFilterClaimsWithStatusExecutedAndCanceled(FilterClaimsPageTest.java:225)
12-08 10:14:47.454  9674  9718 E TestRunner: 	at java.lang.reflect.Method.invoke(Native Method)
12-08 10:14:47.454  9674  9718 E TestRunner: 	at org.junit.runners.model.FrameworkMethod$1.runReflectiveCall(FrameworkMethod.java:59)
12-08 10:14:47.454  9674  9718 E TestRunner: 	at org.junit.internal.runners.model.ReflectiveCallable.run(ReflectiveCallable.java:12)
12-08 10:14:47.454  9674  9718 E TestRunner: 	at org.junit.runners.model.FrameworkMethod.invokeExplosively(FrameworkMethod.java:56)
12-08 10:14:47.454  9674  9718 E TestRunner: 	at org.junit.internal.runners.statements.InvokeMethod.evaluate(InvokeMethod.java:17)
12-08 10:14:47.454  9674  9718 E TestRunner: 	at androidx.test.internal.runner.junit4.statement.RunBefores.evaluate(RunBefores.java:80)
12-08 10:14:47.454  9674  9718 E TestRunner: 	at io.qameta.allure.android.rules.ScreenshotRule$apply$1.evaluate(ScreenshotRule.kt:22)
12-08 10:14:47.454  9674  9718 E TestRunner: 	at org.junit.rules.ExternalResource$1.evaluate(ExternalResource.java:54)
12-08 10:14:47.454  9674  9718 E TestRunner: 	at io.qameta.allure.android.rules.LogcatRule$apply$1.evaluate(LogcatRule.kt:23)
12-08 10:14:47.454  9674  9718 E TestRunner: 	at org.junit.rules.RunRules.evaluate(RunRules.java:20)
12-08 10:14:47.454  9674  9718 E TestRunner: 	at org.junit.runners.ParentRunner$3.evaluate(ParentRunner.java:306)
12-08 10:14:47.454  9674  9718 E TestRunner: 	at org.junit.runners.BlockJUnit4ClassRunner$1.evaluate(BlockJUnit4ClassRunner.java:100)
12-08 10:14:47.454  9674  9718 E TestRunner: 	at org.junit.runners.ParentRunner.runLeaf(ParentRunner.java:366)
12-08 10:14:47.454  9674  9718 E TestRunner: 	at org.junit.runners.BlockJUnit4ClassRunner.runChild(BlockJUnit4ClassRunner.java:103)
12-08 10:14:47.454  9674  9718 E TestRunner: 	at org.junit.runners.BlockJUnit4ClassRunner.runChild(BlockJUnit4ClassRunner.java:63)
12-08 10:14:47.454  9674  9718 E TestRunner: 	at org.junit.runners.ParentRunner$4.run(ParentRunner.java:331)
12-08 10:14:47.454  9674  9718 E TestRunner: 	at org.junit.runners.ParentRunner$1.schedule(ParentRunner.java:79)
12-08 10:14:47.454  9674  9718 E TestRunner: 	at org.junit.runners.ParentRunner.runChildren(ParentRunner.java:329)
12-08 10:14:47.454  9674  9718 E TestRunner: 	at org.junit.runners.ParentRunner.access$100(ParentRunner.java:66)
12-08 10:14:47.454  9674  9718 E TestRunner: 	at org.junit.runners.ParentRunner$2.evaluate(ParentRunner.java:293)
12-08 10:14:47.454  9674  9718 E TestRunner: 	at org.junit.runners.ParentRunner$3.evaluate(ParentRunner.java:306)
12-08 10:14:47.454  9674  9718 E TestRunner: 	at org.junit.runners.ParentRunner.run(ParentRunner.java:413)
12-08 10:14:47.454  9674  9718 E TestRunner: 	at androidx.test.ext.junit.runners.AndroidJUnit4.run(AndroidJUnit4.java:162)
12-08 10:14:47.454  9674  9718 E TestRunner: 	at io.qameta.allure.android.runners.AllureAndroidJUnit4.run(AllureAndroidJUnitRunners.kt:29)
12-08 10:14:47.454  9674  9718 E TestRunner: 	at org.junit.runners.Suite.runChild(Suite.java:128)
12-08 10:14:47.454  9674  9718 E TestRunner: 	at org.junit.runners.Suite.runChild(Suite.java:27)
12-08 10:14:47.454  9674  9718 E TestRunner: 	at org.junit.runners.ParentRunner$4.run(ParentRunner.java:331)
12-08 10:14:47.454  9674  9718 E TestRunner: 	at org.junit.runners.ParentRunner$1.schedule(ParentRunner.java:79)
12-08 10:14:47.454  9674  9718 E TestRunner: 	at org.junit.runners.ParentRunner.runChildren(ParentRunner.java:329)
12-08 10:14:47.454  9674  9718 E TestRunner: 	at org.junit.runners.ParentRunner.access$100(ParentRunner.java:66)
12-08 10:14:47.454  9674  9718 E TestRunner: 	at org.junit.runners.ParentRunner$2.evaluate(ParentRunner.java:293)
12-08 10:14:47.454  9674  9718 E TestRunner: 	at org.junit.runners.ParentRunner$3.evaluate(ParentRunner.java:306)
12-08 10:14:47.454  9674  9718 E TestRunner: 	at org.junit.runners.Pa
12-08 10:14:47.454  9674  9718 E TestRunner: ----- end exception -----
12-08 10:14:47.455  8437  8470 D EGL_emulation: eglMakeCurrent: 0xf0c7f940: ver 2 0 (tinfo 0xf0cc0670)
12-08 10:14:47.456  9674  9718 I TestRunner: finished: shouldFilterClaimsWithStatusExecutedAndCanceled(ru.iteco.fmhandroid.ui.FilterClaimsPageTest)
12-08 10:14:47.526  1776  1825 D gralloc_ranchu: gralloc_alloc: Creating ashmem region of size 9256960
12-08 10:14:47.530  8437  8470 D EGL_emulation: eglMakeCurrent: 0xe59eb0c0: ver 2 0 (tinfo 0xf0cc0670)
12-08 10:14:47.540  2018  2054 W InputReader: Device has associated, but no associated display id.
12-08 10:14:47.541  2018  2054 I chatty  : uid=1000(system) android.anim identical 18 lines
12-08 10:14:47.541  2018  2054 W InputReader: Device has associated, but no associated display id.
12-08 10:14:47.544  1776  1825 D gralloc_ranchu: gralloc_alloc: Creating ashmem region of size 6471680
12-08 10:14:47.556  8437  8470 D EGL_emulation: eglMakeCurrent: 0xf0c7f940: ver 2 0 (tinfo 0xf0cc0670)
12-08 10:14:47.559  9730  9767 D EGL_emulation: eglMakeCurrent: 0xdd81a2a0: ver 2 0 (tinfo 0xdd80f0b0)
12-08 10:14:47.565  8437  8470 D EGL_emulation: eglMakeCurrent: 0xe59eb0c0: ver 2 0 (tinfo 0xf0cc0670)
12-08 10:14:47.590  2170  2566 D EGL_emulation: eglMakeCurrent: 0xe594e040: ver 2 0 (tinfo 0xc52450c0)
12-08 10:14:47.589  8437  8470 D EGL_emulation: eglMakeCurrent: 0xf0c7f940: ver 2 0 (tinfo 0xf0cc0670)
12-08 10:14:47.594  2018  7392 D HostConnection: HostConnection::get() New Host Connection established 0xb22b1870, tid 7392
12-08 10:14:47.606  2018  7392 D HostConnection: HostComposition ext ANDROID_EMU_CHECKSUM_HELPER_v1 ANDROID_EMU_dma_v1 ANDROID_EMU_direct_mem ANDROID_EMU_host_composition_v1 ANDROID_EMU_host_composition_v2 ANDROID_EMU_vulkan ANDROID_EMU_deferred_vulkan_commands ANDROID_EMU_vulkan_null_optional_strings ANDROID_EMU_vulkan_create_resources_with_requirements ANDROID_EMU_YUV_Cache ANDROID_EMU_vulkan_ignored_handles ANDROID_EMU_vulkan_free_memory_sync ANDROID_EMU_vulkan_shader_float16_int8 ANDROID_EMU_vulkan_async_queue_submit ANDROID_EMU_sync_buffer_data GL_OES_vertex_array_object GL_KHR_texture_compression_astc_ldr ANDROID_EMU_host_side_tracing ANDROID_EMU_gles_max_version_2 
12-08 10:14:47.608  1776  1825 D gralloc_ranchu: gralloc_alloc: Creating ashmem region of size 9256960
12-08 10:14:47.617  2018  7392 W OpenGLRenderer: Failed to choose config with EGL_SWAP_BEHAVIOR_PRESERVED, retrying without...
12-08 10:14:47.663  8437  8470 D EGL_emulation: eglMakeCurrent: 0xe59eb0c0: ver 2 0 (tinfo 0xf0cc0670)
12-08 10:14:47.665  2018  7392 D EGL_emulation: eglCreateContext: 0xb2357760: maj 2 min 0 rcv 2
12-08 10:14:47.667  8437  8470 D EGL_emulation: eglMakeCurrent: 0xf0c7f940: ver 2 0 (tinfo 0xf0cc0670)
12-08 10:14:47.669  2018  7392 D EGL_emulation: eglMakeCurrent: 0xb2357760: ver 2 0 (tinfo 0xc0d1c860)
12-08 10:14:47.676  8437  8470 D EGL_emulation: eglMakeCurrent: 0xe59eb0c0: ver 2 0 (tinfo 0xf0cc0670)
12-08 10:14:47.683  2170  2566 D EGL_emulation: eglMakeCurrent: 0xe594e040: ver 2 0 (tinfo 0xc52450c0)
12-08 10:14:47.688  9657  9668 I app_process: Background young concurrent copying GC freed 466(201KB) AllocSpace objects, 8(1256KB) LOS objects, 58% free, 687KB/1640KB, paused 7.730ms total 28.505ms
12-08 10:14:47.718  9674  9718 I TestRunner: started: shouldFilterClaimsWithStatusOpenAndExecuted(ru.iteco.fmhandroid.ui.FilterClaimsPageTest)
12-08 10:14:47.758  9674  9718 W Settings: Setting always_finish_activities has moved from android.provider.Settings.System to android.provider.Settings.Global, returning read-only value.
12-08 10:14:47.768  2018 11055 I ActivityTaskManager: START u0 {act=android.intent.action.MAIN cat=[android.intent.category.LAUNCHER] flg=0x10008000 cmp=ru.iteco.fmhandroid.test/androidx.test.core.app.InstrumentationActivityInvoker$BootstrapActivity (has extras)} from uid 10146
12-08 10:14:47.769  8437  8470 D EGL_emulation: eglMakeCurrent: 0xf0c7f940: ver 2 0 (tinfo 0xf0cc0670)
12-08 10:14:47.815  1776  1825 D gralloc_ranchu: gralloc_alloc: Creating ashmem region of size 10108928
12-08 10:14:47.815  2018  2139 D ConnectivityService: releasing NetworkRequest [ TRACK_DEFAULT id=84, [ Capabilities: INTERNET&NOT_RESTRICTED&TRUSTED Uid: 10129] ] (release request)
12-08 10:14:47.824  2018 11055 W InputReader: Device has associated, but no associated display id.
12-08 10:14:47.839  2018 11055 I chatty  : uid=1000(system) Binder:2018_1E identical 48 lines
12-08 10:14:47.839  2018 11055 W InputReader: Device has associated, but no associated display id.
12-08 10:14:47.840  9730  9730 W ActivityThread: handleWindowVisibility: no activity for token android.os.BinderProxy@93ed1ad
12-08 10:14:47.846  2018  2063 E Process : Error getting pid for '0'
12-08 10:14:47.886  2018  2127 I ActivityTaskManager: START u0 {act=android.intent.action.MAIN cat=[android.intent.category.LAUNCHER] cmp=ru.iteco.fmhandroid/.ui.AppActivity} from uid 10146
12-08 10:14:47.897  2018  2127 W InputReader: Device has associated, but no associated display id.
12-08 10:14:47.901  2018  2127 I chatty  : uid=1000(system) Binder:2018_3 identical 28 lines
12-08 10:14:47.901  2018  2127 W InputReader: Device has associated, but no associated display id.
12-08 10:14:47.903  9674  9674 W ActivityThread: handleWindowVisibility: no activity for token android.os.BinderProxy@d8d970e
12-08 10:14:47.904  2018  2127 W InputReader: Device has associated, but no associated display id.
12-08 10:14:47.910  2018  2127 I chatty  : uid=1000(system) Binder:2018_3 identical 38 lines
12-08 10:14:47.910  2018  2127 W InputReader: Device has associated, but no associated display id.
12-08 10:14:47.913  1776  1825 D gralloc_ranchu: gralloc_alloc: Creating ashmem region of size 6471680
12-08 10:14:47.938  1776  1825 D gralloc_ranchu: gralloc_alloc: Creating ashmem region of size 10108928
12-08 10:14:47.956  9674  9674 D LifecycleMonitor: Lifecycle status change: ru.iteco.fmhandroid.ui.AppActivity@910161a in: PRE_ON_CREATE
12-08 10:14:47.957  9674  9674 V ActivityScenario: Activity lifecycle changed event received but ignored because the reported transition was not ON_CREATE while the last known transition was PRE_ON_CREATE
12-08 10:14:47.963  9674  9706 V FA      : onActivityCreated
12-08 10:14:47.970  2170  2566 D EGL_emulation: eglMakeCurrent: 0xe594e040: ver 2 0 (tinfo 0xc52450c0)
12-08 10:14:47.978  8437  8470 D EGL_emulation: eglMakeCurrent: 0xe59eb0c0: ver 2 0 (tinfo 0xf0cc0670)
12-08 10:14:47.982  2170  2566 D EGL_emulation: eglMakeCurrent: 0xe594e040: ver 2 0 (tinfo 0xc52450c0)
12-08 10:14:47.987  8437  8470 D EGL_emulation: eglMakeCurrent: 0xf0c7f940: ver 2 0 (tinfo 0xf0cc0670)
12-08 10:14:47.990  9674  9674 D LifecycleMonitor: Lifecycle status change: ru.iteco.fmhandroid.ui.AppActivity@910161a in: CREATED
12-08 10:14:47.990  9674  9674 V ActivityScenario: Update currentActivityStage to CREATED, currentActivity=ru.iteco.fmhandroid.ui.AppActivity@910161a
12-08 10:14:47.995  8437  8470 D EGL_emulation: eglMakeCurrent: 0xe59eb0c0: ver 2 0 (tinfo 0xf0cc0670)
12-08 10:14:48.005  8437  8470 D EGL_emulation: eglMakeCurrent: 0xf0c7f940: ver 2 0 (tinfo 0xf0cc0670)
12-08 10:14:48.037  9674  9674 D LifecycleMonitor: Lifecycle status change: ru.iteco.fmhandroid.ui.AppActivity@910161a in: STARTED
12-08 10:14:48.037  9674  9674 V ActivityScenario: Update currentActivityStage to STARTED, currentActivity=ru.iteco.fmhandroid.ui.AppActivity@910161a
12-08 10:14:48.038  9674  9674 D LifecycleMonitor: Lifecycle status change: ru.iteco.fmhandroid.ui.AppActivity@910161a in: RESUMED
12-08 10:14:48.039  9674  9674 V ActivityScenario: Update currentActivityStage to RESUMED, currentActivity=ru.iteco.fmhandroid.ui.AppActivity@910161a
12-08 10:14:48.046  9674  9878 V FA      : Activity resumed, time: 57435076
12-08 10:14:48.069  8437  8470 D EGL_emulation: eglMakeCurrent: 0xe59eb0c0: ver 2 0 (tinfo 0xf0cc0670)
12-08 10:14:48.070 12448 12466 I s.nexuslaunche: NativeAlloc concurrent copying GC freed 387(48KB) AllocSpace objects, 0(0B) LOS objects, 49% free, 2648KB/5297KB, paused 5.322ms total 55.611ms
12-08 10:14:48.077  8437  8470 D EGL_emulation: eglMakeCurrent: 0xf0c7eb00: ver 2 0 (tinfo 0xf0cc0670)
12-08 10:14:48.081  8437  8470 D EGL_emulation: eglMakeCurrent: 0xe59eb0c0: ver 2 0 (tinfo 0xf0cc0670)
12-08 10:14:48.090  8437  8470 D EGL_emulation: eglMakeCurrent: 0xf0c7eb00: ver 2 0 (tinfo 0xf0cc0670)
12-08 10:14:48.091  1776  1825 D gralloc_ranchu: gralloc_alloc: Creating ashmem region of size 10108928
12-08 10:14:48.097  8437  8470 D EGL_emulation: eglMakeCurrent: 0xe59eb0c0: ver 2 0 (tinfo 0xf0cc0670)
12-08 10:14:48.100  1776  1825 D gralloc_ranchu: gralloc_alloc: Creating ashmem region of size 10108928
12-08 10:14:48.105  1776  1927 D gralloc_ranchu: gralloc_alloc: Creating ashmem region of size 10108928
12-08 10:14:48.111  2018  2031 I system_server: NativeAlloc concurrent copying GC freed 41445(1889KB) AllocSpace objects, 7(268KB) LOS objects, 26% free, 16MB/22MB, paused 662us total 349.421ms
12-08 10:14:48.116  9674  9770 D EGL_emulation: eglMakeCurrent: 0xdd81b860: ver 2 0 (tinfo 0xc3288080)
12-08 10:14:48.128  8437  8470 D EGL_emulation: eglMakeCurrent: 0xf0c7eb00: ver 2 0 (tinfo 0xf0cc0670)
12-08 10:14:48.142  2170  2186 I ndroid.systemu: NativeAlloc concurrent copying GC freed 806(131KB) AllocSpace objects, 0(0B) LOS objects, 49% free, 5512KB/10MB, paused 1.838ms total 126.750ms
12-08 10:14:48.177  8344  8376 D EGL_emulation: eglMakeCurrent: 0xe59ed1c0: ver 2 0 (tinfo 0xe59d9f10)
12-08 10:14:48.181  2018  2058 I ActivityTaskManager: Displayed ru.iteco.fmhandroid/.ui.AppActivity: +393ms
12-08 10:14:48.182  8437  8470 D EGL_emulation: eglMakeCurrent: 0xe59eb0c0: ver 2 0 (tinfo 0xf0cc0670)
12-08 10:14:48.221  8344  8393 I cr_BindingManager: onTrimMemory: level=20, size=0
12-08 10:14:48.224  2170  2566 D EGL_emulation: eglMakeCurrent: 0xe594e040: ver 2 0 (tinfo 0xc52450c0)
12-08 10:14:48.227  2018  7392 D HostConnection: HostConnection::get() New Host Connection established 0xb22b1870, tid 7392
12-08 10:14:48.228  2018  7392 D HostConnection: HostComposition ext ANDROID_EMU_CHECKSUM_HELPER_v1 ANDROID_EMU_dma_v1 ANDROID_EMU_direct_mem ANDROID_EMU_host_composition_v1 ANDROID_EMU_host_composition_v2 ANDROID_EMU_vulkan ANDROID_EMU_deferred_vulkan_commands ANDROID_EMU_vulkan_null_optional_strings ANDROID_EMU_vulkan_create_resources_with_requirements ANDROID_EMU_YUV_Cache ANDROID_EMU_vulkan_ignored_handles ANDROID_EMU_vulkan_free_memory_sync ANDROID_EMU_vulkan_shader_float16_int8 ANDROID_EMU_vulkan_async_queue_submit ANDROID_EMU_sync_buffer_data GL_OES_vertex_array_object GL_KHR_texture_compression_astc_ldr ANDROID_EMU_host_side_tracing ANDROID_EMU_gles_max_version_2 
12-08 10:14:48.255  2018  7392 W OpenGLRenderer: Failed to choose config with EGL_SWAP_BEHAVIOR_PRESERVED, retrying without...
12-08 10:14:48.295  2018  7392 D EGL_emulation: eglCreateContext: 0xb2357640: maj 2 min 0 rcv 2
12-08 10:14:48.302  2018  7392 D EGL_emulation: eglMakeCurrent: 0xb2357640: ver 2 0 (tinfo 0xc0d1c860)
12-08 10:14:48.381  2873 10049 V FA-SVC  : Logging event: origin=auto,name=screen_view(_vs),params=Bundle[{ga_event_origin(_o)=auto, ga_previous_class(_pc)=AppActivity, ga_previous_id(_pi)=2194426279771477316, ga_screen_class(_sc)=AppActivity, ga_screen_id(_si)=2194426279771477317}]
12-08 10:14:48.396  2873 10049 V FA-SVC  : Upload scheduled in approximately ms: 3296119
12-08 10:14:48.396  2873 10049 V FA-SVC  : Unscheduling upload
12-08 10:14:48.403  2873 10049 V FA-SVC  : Scheduling upload, millis: 3296119
12-08 10:14:48.413  2873 10049 V FA-SVC  : Background event processing time, ms: 32
12-08 10:14:48.450  2656  8337 E SQLiteDatabase: Error inserting flex_time=3296000 job_id=-1 period=6593000 source=16 requires_charging=0 preferred_network_type=1 target_class=com.google.android.gms.measurement.PackageMeasurementTaskService user_id=0 target_package=com.google.android.gms tag=Measurement.PackageMeasurementTaskService.UPLOAD_TASK_TAG task_type=0 required_idleness_state=0 service_kind=0 source_version=202414000 persistence_level=1 preferred_charging_state=1 required_network_type=0 runtime=1670494488420 retry_strategy={"maximum_backoff_seconds":{"3600":0},"initial_backoff_seconds":{"30":0},"retry_policy":{"0":0}} last_runtime=0
12-08 10:14:48.450  2656  8337 E SQLiteDatabase: android.database.sqlite.SQLiteConstraintException: UNIQUE constraint failed: pending_ops.tag, pending_ops.target_class, pending_ops.target_package, pending_ops.user_id (code 2067 SQLITE_CONSTRAINT_UNIQUE)
12-08 10:14:48.450  2656  8337 E SQLiteDatabase: 	at android.database.sqlite.SQLiteConnection.nativeExecuteForLastInsertedRowId(Native Method)
12-08 10:14:48.450  2656  8337 E SQLiteDatabase: 	at android.database.sqlite.SQLiteConnection.executeForLastInsertedRowId(SQLiteConnection.java:879)
12-08 10:14:48.450  2656  8337 E SQLiteDatabase: 	at android.database.sqlite.SQLiteSession.executeForLastInsertedRowId(SQLiteSession.java:790)
12-08 10:14:48.450  2656  8337 E SQLiteDatabase: 	at android.database.sqlite.SQLiteStatement.executeInsert(SQLiteStatement.java:88)
12-08 10:14:48.450  2656  8337 E SQLiteDatabase: 	at android.database.sqlite.SQLiteDatabase.insertWithOnConflict(SQLiteDatabase.java:1599)
12-08 10:14:48.450  2656  8337 E SQLiteDatabase: 	at android.database.sqlite.SQLiteDatabase.insert(SQLiteDatabase.java:1468)
12-08 10:14:48.450  2656  8337 E SQLiteDatabase: 	at aqui.a(:com.google.android.gms@202414022@20.24.14 (040700-319035315):175)
12-08 10:14:48.450  2656  8337 E SQLiteDatabase: 	at aqtk.a(:com.google.android.gms@202414022@20.24.14 (040700-319035315):182)
12-08 10:14:48.450  2656  8337 E SQLiteDatabase: 	at aqtk.a(:com.google.android.gms@202414022@20.24.14 (040700-319035315):23)
12-08 10:14:48.450  2656  8337 E SQLiteDatabase: 	at aqtk.a(:com.google.android.gms@202414022@20.24.14 (040700-319035315):177)
12-08 10:14:48.450  2656  8337 E SQLiteDatabase: 	at aqpu.run(:com.google.android.gms@202414022@20.24.14 (040700-319035315):9)
12-08 10:14:48.450  2656  8337 E SQLiteDatabase: 	at soy.b(:com.google.android.gms@202414022@20.24.14 (040700-319035315):12)
12-08 10:14:48.450  2656  8337 E SQLiteDatabase: 	at soy.run(:com.google.android.gms@202414022@20.24.14 (040700-319035315):7)
12-08 10:14:48.450  2656  8337 E SQLiteDatabase: 	at java.util.concurrent.ThreadPoolExecutor.runWorker(ThreadPoolExecutor.java:1167)
12-08 10:14:48.450  2656  8337 E SQLiteDatabase: 	at java.util.concurrent.ThreadPoolExecutor$Worker.run(ThreadPoolExecutor.java:641)
12-08 10:14:48.450  2656  8337 E SQLiteDatabase: 	at sux.run(:com.google.android.gms@202414022@20.24.14 (040700-319035315):0)
12-08 10:14:48.450  2656  8337 E SQLiteDatabase: 	at java.lang.Thread.run(Thread.java:919)
12-08 10:14:48.829  9674  9674 I ViewInteraction: Performing 'wait for a specific view with <(an instance of android.widget.TextView and view.getText() with or without transformation to match: is "Authorization" and view.getParent() view.getParent() view.getId() is <2131231186>)> during 10000 millis.' action on view view.getRootView() to equal view
12-08 10:14:48.977  1764  1764 W audio_hw_generic: Not supplying enough data to HAL, expected position 145483760 , only wrote 144901115
12-08 10:14:51.039  9674  9783 I okhttp.OkHttpClient: --> GET http://www.981757-ca08998.tmweb.ru:8080/fmh/authentication/userInfo
12-08 10:14:51.039  9674  9783 I okhttp.OkHttpClient: --> END GET
12-08 10:14:51.257  9674  9783 I okhttp.OkHttpClient: <-- 200 http://www.981757-ca08998.tmweb.ru:8080/fmh/authentication/userInfo (217ms)
12-08 10:14:51.257  9674  9783 I okhttp.OkHttpClient: Vary: Origin
12-08 10:14:51.257  9674  9783 I okhttp.OkHttpClient: Vary: Access-Control-Request-Method
12-08 10:14:51.257  9674  9783 I okhttp.OkHttpClient: Vary: Access-Control-Request-Headers
12-08 10:14:51.257  9674  9783 I okhttp.OkHttpClient: X-Content-Type-Options: nosniff
12-08 10:14:51.257  9674  9783 I okhttp.OkHttpClient: X-XSS-Protection: 1; mode=block
12-08 10:14:51.257  9674  9783 I okhttp.OkHttpClient: Cache-Control: no-cache, no-store, max-age=0, must-revalidate
12-08 10:14:51.257  9674  9783 I okhttp.OkHttpClient: Pragma: no-cache
12-08 10:14:51.257  9674  9783 I okhttp.OkHttpClient: Expires: 0
12-08 10:14:51.257  9674  9783 I okhttp.OkHttpClient: X-Frame-Options: DENY
12-08 10:14:51.257  9674  9783 I okhttp.OkHttpClient: Content-Type: application/json
12-08 10:14:51.257  9674  9783 I okhttp.OkHttpClient: Transfer-Encoding: chunked
12-08 10:14:51.258  9674  9783 I okhttp.OkHttpClient: Date: Thu, 08 Dec 2022 10:15:36 GMT
12-08 10:14:51.258  9674  9783 I okhttp.OkHttpClient: Keep-Alive: timeout=60
12-08 10:14:51.258  9674  9783 I okhttp.OkHttpClient: Connection: keep-alive
12-08 10:14:51.258  9674  9783 I okhttp.OkHttpClient: {"id":2,"firstName":"Данил","lastName":"Иванов","middleName":"Данилович","admin":true}
12-08 10:14:51.258  9674  9783 I okhttp.OkHttpClient: <-- END HTTP (106-byte body)
12-08 10:14:51.265  9674  9805 I okhttp.OkHttpClient: --> GET http://www.981757-ca08998.tmweb.ru:8080/fmh/claims
12-08 10:14:51.266  9674  9805 I okhttp.OkHttpClient: --> END GET
12-08 10:14:51.406  9674  9687 I teco.fmhandroi: NativeAlloc concurrent copying GC freed 136433(8050KB) AllocSpace objects, 24(2576KB) LOS objects, 37% free, 10105KB/15MB, paused 809us total 139.859ms
12-08 10:14:53.382  9674  9878 V FA      : Inactivity, disconnecting from the service
12-08 10:14:53.919  9674  9805 I okhttp.OkHttpClient: <-- 200 http://www.981757-ca08998.tmweb.ru:8080/fmh/claims (2653ms)
12-08 10:14:53.919  9674  9805 I okhttp.OkHttpClient: Vary: Origin
12-08 10:14:53.920  9674  9805 I okhttp.OkHttpClient: Vary: Access-Control-Request-Method
12-08 10:14:53.920  9674  9805 I okhttp.OkHttpClient: Vary: Access-Control-Request-Headers
12-08 10:14:53.920  9674  9805 I okhttp.OkHttpClient: X-Content-Type-Options: nosniff
12-08 10:14:53.920  9674  9805 I okhttp.OkHttpClient: X-XSS-Protection: 1; mode=block
12-08 10:14:53.920  9674  9805 I okhttp.OkHttpClient: Cache-Control: no-cache, no-store, max-age=0, must-revalidate
12-08 10:14:53.920  9674  9805 I okhttp.OkHttpClient: Pragma: no-cache
12-08 10:14:53.920  9674  9805 I okhttp.OkHttpClient: Expires: 0
12-08 10:14:53.920  9674  9805 I okhttp.OkHttpClient: X-Frame-Options: DENY
12-08 10:14:53.920  9674  9805 I okhttp.OkHttpClient: Content-Type: application/json
12-08 10:14:53.920  9674  9805 I okhttp.OkHttpClient: Transfer-Encoding: chunked
12-08 10:14:53.920  9674  9805 I okhttp.OkHttpClient: Date: Thu, 08 Dec 2022 10:15:38 GMT
12-08 10:14:53.921  9674  9805 I okhttp.OkHttpClient: Keep-Alive: timeout=60
12-08 10:14:53.921  9674  9805 I okhttp.OkHttpClient: Connection: keep-alive
12-08 10:14:56.067  1905  1905 E wifi_forwarder: RemoteConnection failed to initialize: RemoteConnection failed to open pipe
12-08 10:14:58.878  9674  9674 D takeScreenshot: Found 1 global views to redraw
12-08 10:14:58.921  1776  1927 D gralloc_ranchu: gralloc_alloc: Creating ashmem region of size 10108928
12-08 10:14:58.980  9674  9718 W DefaultFailureHandler: Failed to take screenshot
12-08 10:14:58.980  9674  9718 W DefaultFailureHandler: java.io.FileNotFoundException: view-op-error-22.png: open failed: EROFS (Read-only file system)
12-08 10:14:58.980  9674  9718 W DefaultFailureHandler: 	at libcore.io.IoBridge.open(IoBridge.java:496)
12-08 10:14:58.980  9674  9718 W DefaultFailureHandler: 	at java.io.FileOutputStream.<init>(FileOutputStream.java:235)
12-08 10:14:58.980  9674  9718 W DefaultFailureHandler: 	at java.io.FileOutputStream.<init>(FileOutputStream.java:125)
12-08 10:14:58.980  9674  9718 W DefaultFailureHandler: 	at androidx.test.platform.io.FileTestStorage.openOutputFile(FileTestStorage.java:60)
12-08 10:14:58.980  9674  9718 W DefaultFailureHandler: 	at androidx.test.core.graphics.BitmapStorage.writeToTestStorage(BitmapStorageExt.kt:49)
12-08 10:14:58.980  9674  9718 W DefaultFailureHandler: 	at androidx.test.espresso.base.DefaultFailureHandler.takeScreenshot(DefaultFailureHandler.java:4)
12-08 10:14:58.980  9674  9718 W DefaultFailureHandler: 	at androidx.test.espresso.base.DefaultFailureHandler.handle(DefaultFailureHandler.java:3)
12-08 10:14:58.980  9674  9718 W DefaultFailureHandler: 	at androidx.test.espresso.ViewInteraction.waitForAndHandleInteractionResults(ViewInteraction.java:8)
12-08 10:14:58.980  9674  9718 W DefaultFailureHandler: 	at androidx.test.espresso.ViewInteraction.desugaredPerform(ViewInteraction.java:11)
12-08 10:14:58.980  9674  9718 W DefaultFailureHandler: 	at androidx.test.espresso.ViewInteraction.perform(ViewInteraction.java:8)
12-08 10:14:58.980  9674  9718 W DefaultFailureHandler: 	at ru.iteco.fmhandroid.ui.data.TestUtils.waitView(TestUtils.java:61)
12-08 10:14:58.980  9674  9718 W DefaultFailureHandler: 	at ru.iteco.fmhandroid.ui.steps.AuthSteps.isAuthScreen(AuthSteps.java:56)
12-08 10:14:58.980  9674  9718 W DefaultFailureHandler: 	at ru.iteco.fmhandroid.ui.FilterClaimsPageTest.logoutCheck(FilterClaimsPageTest.java:47)
12-08 10:14:58.980  9674  9718 W DefaultFailureHandler: 	at java.lang.reflect.Method.invoke(Native Method)
12-08 10:14:58.980  9674  9718 W DefaultFailureHandler: 	at org.junit.runners.model.FrameworkMethod$1.runReflectiveCall(FrameworkMethod.java:59)
12-08 10:14:58.980  9674  9718 W DefaultFailureHandler: 	at org.junit.internal.runners.model.ReflectiveCallable.run(ReflectiveCallable.java:12)
12-08 10:14:58.980  9674  9718 W DefaultFailureHandler: 	at org.junit.runners.model.FrameworkMethod.invokeExplosively(FrameworkMethod.java:56)
12-08 10:14:58.980  9674  9718 W DefaultFailureHandler: 	at androidx.test.internal.runner.junit4.statement.RunBefores.evaluate(RunBefores.java:76)
12-08 10:14:58.980  9674  9718 W DefaultFailureHandler: 	at io.qameta.allure.android.rules.ScreenshotRule$apply$1.evaluate(ScreenshotRule.kt:22)
12-08 10:14:58.980  9674  9718 W DefaultFailureHandler: 	at org.junit.rules.ExternalResource$1.evaluate(ExternalResource.java:54)
12-08 10:14:58.980  9674  9718 W DefaultFailureHandler: 	at io.qameta.allure.android.rules.LogcatRule$apply$1.evaluate(LogcatRule.kt:23)
12-08 10:14:58.980  9674  9718 W DefaultFailureHandler: 	at org.junit.rules.RunRules.evaluate(RunRules.java:20)
12-08 10:14:58.980  9674  9718 W DefaultFailureHandler: 	at org.junit.runners.ParentRunner$3.evaluate(ParentRunner.java:306)
12-08 10:14:58.980  9674  9718 W DefaultFailureHandler: 	at org.junit.runners.BlockJUnit4ClassRunner$1.evaluate(BlockJUnit4ClassRunner.java:100)
12-08 10:14:58.980  9674  9718 W DefaultFailureHandler: 	at org.junit.runners.ParentRunner.runLeaf(ParentRunner.java:366)
12-08 10:14:58.980  9674  9718 W DefaultFailureHandler: 	at org.junit.runners.BlockJUnit4ClassRunner.runChild(BlockJUnit4ClassRunner.java:103)
12-08 10:14:58.980  9674  9718 W DefaultFailureHandler: 	at org.junit.runners.BlockJUnit4ClassRunner.runChild(BlockJUnit4ClassRunner.java:63)
12-08 10:14:58.980  9674  9718 W DefaultFailureHandler: 	at org.junit.runners.ParentRunner$4.run(ParentRunner.java:331)
12-08 10:14:58.980  9674  9718 W DefaultFailureHandler: 	at org.junit.runners.ParentRunner$1.schedule(ParentRunner.java:79)
12-08 10:14:58.980  9674  9718 W DefaultFailureHandler: 	at org.junit.runners.ParentRunner.runChildren(ParentRunner.java:329)
12-08 10:14:58.980  9674  9718 W DefaultFailureHandler: 	at org.junit.runners.ParentRunner.access$100(ParentRunner.java:66)
12-08 10:14:58.980  9674  9718 W DefaultFailureHandler: 	at org.junit.runners.ParentRunner$2.evaluate(ParentRunner.java:293)
12-08 10:14:58.980  9674  9718 W DefaultFailureHandler: 	at org.junit.runners.ParentRunner$3.evaluate(ParentRunner.java:306)
12-08 10:14:58.980  9674  9718 W DefaultFailureHandler: 	at org.junit.runners.ParentRunner.run(ParentRunner.java:413)
12-08 10:14:58.980  9674  9718 W DefaultFailureHandler: 	at androidx.test.ext.junit.runners.AndroidJUnit4.run(AndroidJUnit4.java:162)
12-08 10:14:58.980  9674  9718 W DefaultFailureHandler: 	at io.qameta.allure.android.runners.AllureAndroidJUnit4.run(AllureAndroidJUnitRunners.kt:29)
12-08 10:14:58.980  9674  9718 W DefaultFailureHandler: 	at org.junit.runners.Suite.runChild(Suite.java:128)
12-08 10:14:58.980  9674  9718 W DefaultFailureHandler: 	at org.junit.runners.Suite.runChild(Suite.java:27)
12-08 10:14:58.980  9674  9718 W DefaultFailureHandler: 	at org.junit.runners.ParentRunner$4.run(ParentRunner.java:331)
12-08 10:14:58.980  9674  9718 W DefaultFailureHandler: 	at org.junit.runners.ParentRunner$1.schedule(ParentRunner.java:79)
12-08 10:14:58.980  9674  9718 W DefaultFailureHandler: 	at org.junit.runners.ParentRunner.runChildren(ParentRunner.java:329)
12-08 10:14:58.980  9674  9718 W DefaultFailureHandler: 	at org.junit.runners.ParentRunner.access$100(ParentRunner.java:66)
12-08 10:14:58.980  9674  9718 W DefaultFailureHandler: 	at org.junit.runners.ParentRunner$2.evaluate(ParentRunner.java:293)
12-08 10:14:58.980  9674  9718 W DefaultFailureHandler: 	at org.junit.runners.ParentRunner$3.evaluate(ParentRunner.java:306)
12-08 10:14:58.980  9674  9718 W DefaultFailureHandler: 	at org.junit.runners.ParentRunner.run(ParentRunner.java:413)
12-08 10:14:58.980  9674  9718 W DefaultFailureHandler: 	at org.junit.runner.JUnitCore.run(JUnitCore.java:137)
12-08 10:14:58.980  9674  9718 W DefaultFailureHandler: 	at org.junit.runner.JUnitCore.run(JUnitCore.java:115)
12-08 10:14:58.980  9674  9718 W DefaultFailureHandler: 	at androidx.test.internal.runner.TestExecutor.execute(TestExecutor.java:67)
12-08 10:14:58.980  9674  9718 W DefaultFailureHandler: 	at androidx.test.internal.runner.TestExecutor.execute(TestExecutor.java:58)
12-08 10:14:58.980  9674  9718 W DefaultFailureHandler: 	at androidx.test.runner.AndroidJUnitRunner.onStart(AndroidJUnitRunner.java:438)
12-08 10:14:58.980  9674  9718 W DefaultFailureHandler: 	at android.app.Instrumentation$InstrumentationThread.run(Instrumentation.java:2189)
12-08 10:14:58.980  9674  9718 W DefaultFailureHandler: Caused by: android.system.ErrnoException: open failed: EROFS (Read-only file system)
12-08 10:14:58.980  9674  9718 W DefaultFailureHandler: 	at libcore.io.Linux.open(Native Method)
12-08 10:14:58.980  9674  9718 W DefaultFailureHandler: 	at libcore.io.ForwardingOs.open(ForwardingOs.java:167)
12-08 10:14:58.980  9674  9718 W DefaultFailureHandler: 	at libcore.io.BlockGuardOs.open(BlockGuardOs.java:252)
12-08 10:14:58.980  9674  9718 W DefaultFailureHandler: 	at libcore.io.ForwardingOs.open(ForwardingOs.java:167)
12-08 10:14:58.980  9674  9718 W DefaultFailureHandler: 	at android.app.ActivityThread$AndroidOs.open(ActivityThread.java:7255)
12-08 10:14:58.980  9674  9718 W DefaultFailureHandler: 	at libcore.io.IoBridge.open(IoBridge.java:482)
12-08 10:14:58.980  9674  9718 W DefaultFailureHandler: 	... 50 more
12-08 10:14:58.988  9674  9674 I ViewInteraction: Performing 'wait for a specific view with <view.getId() is <2131230870/ru.iteco.fmhandroid:id/authorization_image_button>> during 10000 millis.' action on view view.getRootView() to equal view
12-08 10:14:58.994  9674  9674 I ViewInteraction: Checking 'MatchesViewAssertion{viewMatcher=(view has effective visibility <VISIBLE> and view.getGlobalVisibleRect() to return non-empty rectangle)}' assertion on view view.getId() is <2131230870/ru.iteco.fmhandroid:id/authorization_image_button>
12-08 10:14:58.998  9674  9674 I ViewInteraction: Performing 'single click' action on view view.getId() is <2131230870/ru.iteco.fmhandroid:id/authorization_image_button>
12-08 10:14:59.052  1764  6994 W audio_hw_generic: Not supplying enough data to HAL, expected position 144901141 , only wrote 144901115
12-08 10:14:59.109  1776  1927 D gralloc_ranchu: gralloc_alloc: Creating ashmem region of size 884736
12-08 10:14:59.121  1776  1927 D gralloc_ranchu: gralloc_alloc: Creating ashmem region of size 884736
12-08 10:14:59.126  9674  9770 D EGL_emulation: eglMakeCurrent: 0xdd81b860: ver 2 0 (tinfo 0xc3288080)
12-08 10:14:59.127  1776  1927 D gralloc_ranchu: gralloc_alloc: Creating ashmem region of size 884736
12-08 10:14:59.153  9674  9770 D EGL_emulation: eglMakeCurrent: 0xdd81b860: ver 2 0 (tinfo 0xc3288080)
12-08 10:14:59.223  9674  9770 I chatty  : uid=10146(ru.iteco.fmhandroid) RenderThread identical 2 lines
12-08 10:14:59.239  9674  9770 D EGL_emulation: eglMakeCurrent: 0xdd81b860: ver 2 0 (tinfo 0xc3288080)
12-08 10:14:59.462  9674  9674 I ViewInteraction: Performing 'wait for a specific view with <an instance of android.widget.TextView and view.getText() with or without transformation to match: is "Log out"> during 10000 millis.' action on view view.getRootView() to equal view
12-08 10:14:59.467  9674  9674 I ViewInteraction: Checking 'MatchesViewAssertion{viewMatcher=(view has effective visibility <VISIBLE> and view.getGlobalVisibleRect() to return non-empty rectangle)}' assertion on view an instance of android.widget.TextView and view.getText() with or without transformation to match: is "Log out"
12-08 10:14:59.470  9674  9674 I ViewInteraction: Performing 'single click' action on view an instance of android.widget.TextView and view.getText() with or without transformation to match: is "Log out"
12-08 10:14:59.677  9674  9770 D EGL_emulation: eglMakeCurrent: 0xdd81b860: ver 2 0 (tinfo 0xc3288080)
12-08 10:14:59.720  9674  9770 D EGL_emulation: eglMakeCurrent: 0xdd81b860: ver 2 0 (tinfo 0xc3288080)
12-08 10:14:59.814  9674  9674 I ViewInteraction: Performing 'wait for a specific view with <(an instance of android.widget.TextView and view.getText() with or without transformation to match: is "Authorization" and view.getParent() view.getParent() view.getId() is <2131231186>)> during 10000 millis.' action on view view.getRootView() to equal view
12-08 10:14:59.818  9674  9674 I ViewInteraction: Checking 'MatchesViewAssertion{viewMatcher=(view has effective visibility <VISIBLE> and view.getGlobalVisibleRect() to return non-empty rectangle)}' assertion on view (an instance of android.widget.TextView and view.getText() with or without transformation to match: is "Authorization" and view.getParent() view.getParent() view.getId() is <2131231186/ru.iteco.fmhandroid:id/nav_host_fragment>)
12-08 10:14:59.822  9674  9674 I ViewInteraction: Performing 'wait for a specific view with <(an instance of android.widget.TextView and view.getHint() matching: is "Login" and view.getParent() view.getParent() view.getId() is <2131231121/ru.iteco.fmhandroid:id/login_text_input_layout>)> during 10000 millis.' action on view view.getRootView() to equal view
12-08 10:14:59.826  9674  9674 I ViewInteraction: Checking 'MatchesViewAssertion{viewMatcher=(view has effective visibility <VISIBLE> and view.getGlobalVisibleRect() to return non-empty rectangle)}' assertion on view (an instance of android.widget.TextView and view.getHint() matching: is "Login" and view.getParent() view.getParent() view.getId() is <2131231121/ru.iteco.fmhandroid:id/login_text_input_layout>)
12-08 10:14:59.831  9674  9674 I ViewInteraction: Performing 'wait for a specific view with <(an instance of android.widget.TextView and view.getHint() matching: is "Password" and view.getParent() view.getParent() view.getId() is <2131231264/ru.iteco.fmhandroid:id/password_text_input_layout>)> during 10000 millis.' action on view view.getRootView() to equal view
12-08 10:14:59.835  9674  9674 I ViewInteraction: Checking 'MatchesViewAssertion{viewMatcher=(view has effective visibility <VISIBLE> and view.getGlobalVisibleRect() to return non-empty rectangle)}' assertion on view (an instance of android.widget.TextView and view.getHint() matching: is "Password" and view.getParent() view.getParent() view.getId() is <2131231264/ru.iteco.fmhandroid:id/password_text_input_layout>)
12-08 10:14:59.838  9674  9674 I ViewInteraction: Performing 'wait for a specific view with <(view.getId() is <2131231039/ru.iteco.fmhandroid:id/enter_button> and an instance of android.widget.TextView and view.getText() with or without transformation to match: is "SIGN IN" and view.getContentDescription() is "Save" and view.getParent() view.getParent() an instance of android.widget.RelativeLayout)> during 10000 millis.' action on view view.getRootView() to equal view
12-08 10:14:59.843  9674  9674 I ViewInteraction: Checking 'MatchesViewAssertion{viewMatcher=(view has effective visibility <VISIBLE> and view.getGlobalVisibleRect() to return non-empty rectangle)}' assertion on view (view.getId() is <2131231039/ru.iteco.fmhandroid:id/enter_button> and an instance of android.widget.TextView and view.getText() with or without transformation to match: is "SIGN IN" and view.getContentDescription() is "Save" and view.getParent() view.getParent() an instance of android.widget.RelativeLayout)
12-08 10:14:59.847  9674  9674 I ViewInteraction: Performing 'wait for a specific view with <(an instance of android.widget.TextView and view.getText() with or without transformation to match: is "Authorization" and view.getParent() view.getParent() view.getId() is <2131231186>)> during 10000 millis.' action on view view.getRootView() to equal view
12-08 10:14:59.853  9674  9674 I ViewInteraction: Checking 'MatchesViewAssertion{viewMatcher=(view has effective visibility <VISIBLE> and view.getGlobalVisibleRect() to return non-empty rectangle)}' assertion on view (an instance of android.widget.TextView and view.getText() with or without transformation to match: is "Authorization" and view.getParent() view.getParent() view.getId() is <2131231186/ru.iteco.fmhandroid:id/nav_host_fragment>)
12-08 10:14:59.856  9674  9674 I ViewInteraction: Performing 'wait for a specific view with <(an instance of android.widget.TextView and view.getHint() matching: is "Login" and view.getParent() view.getParent() view.getId() is <2131231121/ru.iteco.fmhandroid:id/login_text_input_layout>)> during 10000 millis.' action on view view.getRootView() to equal view
12-08 10:14:59.860  9674  9674 I ViewInteraction: Checking 'MatchesViewAssertion{viewMatcher=(view has effective visibility <VISIBLE> and view.getGlobalVisibleRect() to return non-empty rectangle)}' assertion on view (an instance of android.widget.TextView and view.getHint() matching: is "Login" and view.getParent() view.getParent() view.getId() is <2131231121/ru.iteco.fmhandroid:id/login_text_input_layout>)
12-08 10:14:59.863  9674  9674 I ViewInteraction: Performing 'wait for a specific view with <(an instance of android.widget.TextView and view.getHint() matching: is "Password" and view.getParent() view.getParent() view.getId() is <2131231264/ru.iteco.fmhandroid:id/password_text_input_layout>)> during 10000 millis.' action on view view.getRootView() to equal view
12-08 10:14:59.868  9674  9674 I ViewInteraction: Checking 'MatchesViewAssertion{viewMatcher=(view has effective visibility <VISIBLE> and view.getGlobalVisibleRect() to return non-empty rectangle)}' assertion on view (an instance of android.widget.TextView and view.getHint() matching: is "Password" and view.getParent() view.getParent() view.getId() is <2131231264/ru.iteco.fmhandroid:id/password_text_input_layout>)
12-08 10:14:59.871  9674  9674 I ViewInteraction: Performing 'wait for a specific view with <(view.getId() is <2131231039/ru.iteco.fmhandroid:id/enter_button> and an instance of android.widget.TextView and view.getText() with or without transformation to match: is "SIGN IN" and view.getContentDescription() is "Save" and view.getParent() view.getParent() an instance of android.widget.RelativeLayout)> during 10000 millis.' action on view view.getRootView() to equal view
12-08 10:14:59.875  9674  9674 I ViewInteraction: Checking 'MatchesViewAssertion{viewMatcher=(view has effective visibility <VISIBLE> and view.getGlobalVisibleRect() to return non-empty rectangle)}' assertion on view (view.getId() is <2131231039/ru.iteco.fmhandroid:id/enter_button> and an instance of android.widget.TextView and view.getText() with or without transformation to match: is "SIGN IN" and view.getContentDescription() is "Save" and view.getParent() view.getParent() an instance of android.widget.RelativeLayout)
12-08 10:14:59.878  9674  9674 I ViewInteraction: Performing 'wait for a specific view with <(an instance of android.widget.TextView and view.getHint() matching: is "Login" and view.getParent() view.getParent() view.getId() is <2131231121/ru.iteco.fmhandroid:id/login_text_input_layout>)> during 10000 millis.' action on view view.getRootView() to equal view
12-08 10:14:59.884  9674  9674 I ViewInteraction: Performing 'replace text(login2)' action on view (an instance of android.widget.TextView and view.getHint() matching: is "Login" and view.getParent() view.getParent() view.getId() is <2131231121/ru.iteco.fmhandroid:id/login_text_input_layout>)
12-08 10:14:59.913  9674  9674 I ViewInteraction: Performing 'wait for a specific view with <(an instance of android.widget.TextView and view.getHint() matching: is "Password" and view.getParent() view.getParent() view.getId() is <2131231264/ru.iteco.fmhandroid:id/password_text_input_layout>)> during 10000 millis.' action on view view.getRootView() to equal view
12-08 10:14:59.922  9674  9674 I ViewInteraction: Performing 'replace text(password2)' action on view (an instance of android.widget.TextView and view.getHint() matching: is "Password" and view.getParent() view.getParent() view.getId() is <2131231264/ru.iteco.fmhandroid:id/password_text_input_layout>)
12-08 10:14:59.944  9674  9674 I ViewInteraction: Performing 'wait for a specific view with <(view.getId() is <2131231039/ru.iteco.fmhandroid:id/enter_button> and an instance of android.widget.TextView and view.getText() with or without transformation to match: is "SIGN IN" and view.getContentDescription() is "Save" and view.getParent() view.getParent() an instance of android.widget.RelativeLayout)> during 10000 millis.' action on view view.getRootView() to equal view
12-08 10:14:59.960  9674  9674 I ViewInteraction: Checking 'MatchesViewAssertion{viewMatcher=view.isClickable() is <true>}' assertion on view (view.getId() is <2131231039/ru.iteco.fmhandroid:id/enter_button> and an instance of android.widget.TextView and view.getText() with or without transformation to match: is "SIGN IN" and view.getContentDescription() is "Save" and view.getParent() view.getParent() an instance of android.widget.RelativeLayout)
12-08 10:14:59.965  9674  9674 I ViewInteraction: Performing 'wait for a specific view with <(view.getId() is <2131231039/ru.iteco.fmhandroid:id/enter_button> and an instance of android.widget.TextView and view.getText() with or without transformation to match: is "SIGN IN" and view.getContentDescription() is "Save" and view.getParent() view.getParent() an instance of android.widget.RelativeLayout)> during 10000 millis.' action on view view.getRootView() to equal view
12-08 10:14:59.975  9674  9674 I ViewInteraction: Checking 'MatchesViewAssertion{viewMatcher=view.isClickable() is <true>}' assertion on view (view.getId() is <2131231039/ru.iteco.fmhandroid:id/enter_button> and an instance of android.widget.TextView and view.getText() with or without transformation to match: is "SIGN IN" and view.getContentDescription() is "Save" and view.getParent() view.getParent() an instance of android.widget.RelativeLayout)
12-08 10:14:59.978  9674  9674 I ViewInteraction: Performing 'wait for a specific view with <(view.getId() is <2131231039/ru.iteco.fmhandroid:id/enter_button> and an instance of android.widget.TextView and view.getText() with or without transformation to match: is "SIGN IN" and view.getContentDescription() is "Save" and view.getParent() view.getParent() an instance of android.widget.RelativeLayout)> during 10000 millis.' action on view view.getRootView() to equal view
12-08 10:14:59.989  9674  9674 I ViewInteraction: Performing 'single click' action on view (view.getId() is <2131231039/ru.iteco.fmhandroid:id/enter_button> and an instance of android.widget.TextView and view.getText() with or without transformation to match: is "SIGN IN" and view.getContentDescription() is "Save" and view.getParent() view.getParent() an instance of android.widget.RelativeLayout)
12-08 10:15:00.008  2170  2170 D KeyguardClockSwitch: Updating clock: 1015
12-08 10:15:00.040  9674  9802 I okhttp.OkHttpClient: --> POST http://www.981757-ca08998.tmweb.ru:8080/fmh/authentication/login
12-08 10:15:00.040  9674  9802 I okhttp.OkHttpClient: Content-Type: application/json; charset=UTF-8
12-08 10:15:00.041  9674  9802 I okhttp.OkHttpClient: Content-Length: 41
12-08 10:15:00.041  9674  9802 I okhttp.OkHttpClient: {"login":"login2","password":"password2"}
12-08 10:15:00.041  9674  9802 I okhttp.OkHttpClient: --> END POST (41-byte body)
12-08 10:15:00.288  9674  9674 I ViewInteraction: Performing 'wait for a specific view with <an instance of android.widget.TextView and view.getText() with or without transformation to match: is "News"> during 10000 millis.' action on view view.getRootView() to equal view
12-08 10:15:00.326  9674  9802 I okhttp.OkHttpClient: <-- 200 http://www.981757-ca08998.tmweb.ru:8080/fmh/authentication/login (284ms)
12-08 10:15:00.326  9674  9802 I okhttp.OkHttpClient: Vary: Origin
12-08 10:15:00.326  9674  9802 I okhttp.OkHttpClient: Vary: Access-Control-Request-Method
12-08 10:15:00.326  9674  9802 I okhttp.OkHttpClient: Vary: Access-Control-Request-Headers
12-08 10:15:00.326  9674  9802 I okhttp.OkHttpClient: X-Content-Type-Options: nosniff
12-08 10:15:00.326  9674  9802 I okhttp.OkHttpClient: X-XSS-Protection: 1; mode=block
