12-07 08:31:18.465 27762 27895 I okhttp.OkHttpClient: lishDate":1665674400,"publishEnabled":true,"creatorName":"  "},{"id":1778,"newsCategoryId":1,"title":"  2","description":"  2","creatorId":2,"createDate":1665663879,"publishDate":1665674400,"publishEnabled":false,"creatorName":"  "},{"id":4282,"newsCategoryId":4,"title":" 7463014a-f025-40df-964b-77973c4e4de1","description":" 7463014a-f025-40df-964b-77973c4e4de1","creatorId":2,"createDate":1670010269,"publishDate":1665344460,"publishEnabled":true,"creatorName":"  "},{"id":4050,"newsCategoryId":4,"title":" 993f7332-4fb0-4a70-a298-e6bbf4bcde1c","description":" 993f7332-4fb0-4a70-a298-e6bbf4bcde1c","creatorId":2,"createDate":1669822342,"publishDate":1665156540,"publishEnabled":true,"creatorName":"  "},{"id":3950,"newsCategoryId":4,"title":" d6797eb0-3251-41d7-bbd1-a3f234ed9a05","description":" d6797eb0-3251-41d7-bbd1-a3f234ed9a05","creatorId":2,"createDate":1669708379,"publishDate":1665042540,"publishEnabled":true,"creatorName":"  "},{"id":1525,"newsCategoryId":2,"title":" ","description":"test","creatorId":2,"createDate":1664991675,"publishDate":1665002400,"publishEnabled":true,"creatorName":"  "},{"id":1523,"newsCategoryId":1,"title":"","description":"test","creatorId":2,"createDate":1664991248,"publishDate":1665001980,"publishEnabled":true,"creatorName":"  "},{"id":1492,"newsCategoryId":1,"title":" 05/10/2022","description":"test","creatorId":2,"createDate":1664966325,"publishDate":1664977080,"publishEnabled":true,"creatorName":"  "},{"id":4233,"newsCategoryId":2,"title":"  03eac881-6da7-421b-979c-400fe6bbcd5a","description":"  03eac881-6da7-421b-979c-400fe6bbcd5a","creatorId":2,"createDate":1669991114,"publishDate":1664287560,"publishEnabled":true,"creatorName":"  "},{"id":1295,"newsCategoryId":4,"title":"","description":"gfo%w gfo%w","creatorId":1,"createDate":1663326209,"publishDate":1663351380,"publishEnabled":true,"creatorName":"  "},{"id":1293,"newsCategoryId":5,"title":"","description":"\uD83E\uDD73\uD83E\uDD73\uD83E\uDD73\uD83E\uDD73\uD83E\uDD73","creatorId":2,"createDate":1663161586,"publishDate":1663157940,"publishEnabled":true,"creatorName":"  "},{"id":1292,"newsCategoryId":8,"title":" ","description":"+-*/,. %=@#_&-+()/*\"':;!?~`|$^={}\\%[]","creatorId":2,"createDate":1663161501,"publishDate":1663157820,"publishEnabled":true,"creatorName":"  "},{"id":4285,"newsCategoryId":7,"title":" 26911d56-aaac-4ae9-be39-88f7bb40882d","description":" 26911d56-aaac-4ae9-be39-88f7bb40882d","creatorId":2,"createDate":1670010325,"publishDate":1659296460,"publishEnabled":true,"creatorName":"  "},{"id":4053,"newsCategoryId":7,"title":" 46580c6c-6200-400a-9010-c3875d206986","description":" 46580c6c-6200-400a-9010-c3875d206986","creatorId":2,"createDate":1669822419,"publishDate":1659108540,"publishEnabled":true,"creatorName":"  "},{"id":3953,"newsCategoryId":7,"title":" ceaba796-f00c-4418-b5e1-8c36d09797a7","description":" ceaba796-f00c-4418-b5e1-8c36d09797a7","creatorId":2,"createDate":1669708462,"publishDate":1658994540,"publishEnabled":t
12-07 08:31:18.467 27762 27895 I okhttp.OkHttpClient: atorId":2,"createDate":1669822525,"publishDate":1655479740,"publishEnabled":true,"creatorName":"  "},{"id":3959,"newsCategoryId":7,"title":" 174a5c3d-f6b3-48b5-be33-0f7384cc49bd","description":" 174a5c3d-f6b3-48b5-be33-0f7384cc49bd","creatorId":2,"createDate":1669708578,"publishDate":1655365740,"publishEnabled":true,"creatorName":"  "},{"id":4317,"newsCategoryId":1,"title":" 6ec67c17-e914-4fae-84b9-310eba1d95ff","description":" 6ec67c17-e914-4fae-84b9-310eba1d95ff","creatorId":2,"createDate":1670010940,"publishDate":1650742860,"publishEnabled":true,"creatorName":"  "},{"id":4084,"newsCategoryId":1,"title":" a182a71d-9dc9-4ec1-921f-da7765cbe5d1","description":" a182a71d-9dc9-4ec1-921f-da7765cbe5d1","creatorId":2,"createDate":1669823313,"publishDate":1650554940,"publishEnabled":true,"creatorName":"  "},{"id":3985,"newsCategoryId":1,"title":" 1f4a991e-12cf-4234-ae58-e0686a0df58e","description":" 1f4a991e-12cf-4234-ae58-e0686a0df58e","creatorId":2,"createDate":1669709353,"publishDate":1650440940,"publishEnabled":true,"creatorName":"  "},{"id":4210,"newsCategoryId":8,"title":"  8aa1fc53-ddab-403a-ab81-f93d5d045c1f","description":"  8aa1fc53-ddab-403a-ab81-f93d5d045c1f","creatorId":2,"createDate":1669990386,"publishDate":1648649160,"publishEnabled":true,"creatorName":"  "},{"id":4312,"newsCategoryId":5,"title":" aaa1c624-d027-4d74-8fa1-259c9aeb9d40","description":" aaa1c624-d027-4d74-8fa1-259c9aeb9d40","creatorId":2,"createDate":1670010866,"publishDate":1644522060,"publishEnabled":true,"creatorName":"  "},{"id":4079,"newsCategoryId":1,"title":" ced566bb-5de9-4ad3-903f-b473595ebdad","description":" ced566bb-5de9-4ad3-903f-b473595ebdad","creatorId":2,"createDate":1669823218,"publishDate":1644334140,"publishEnabled":true,"creatorName":"  "},{"id":3980,"newsCategoryId":5,"title":" 55386f51-2eb9-496e-8b59-7d27200d5b3c","description":" 55386f51-2eb9-496e-8b59-7d27200d5b3c","creatorId":2,"createDate":1669709247,"publishDate":1644220140,"publishEnabled":true,"creatorName":"  "}]
12-07 08:31:18.467 27762 27895 I okhttp.OkHttpClient: <-- END HTTP (272001-byte body)
12-07 08:31:18.606 27762 27775 I teco.fmhandroi: Background concurrent copying GC freed 87180(3747KB) AllocSpace objects, 6(1328KB) LOS objects, 21% free, 21MB/27MB, paused 1.389ms total 151.291ms
12-07 08:31:19.172 27762 28175 I okhttp.OkHttpClient: <-- 200 http://www.981757-ca08998.tmweb.ru:8080/fmh/news (1520ms)
12-07 08:31:19.172 27762 28175 I okhttp.OkHttpClient: Vary: Origin
12-07 08:31:19.172 27762 28175 I okhttp.OkHttpClient: Vary: Access-Control-Request-Method
12-07 08:31:19.172 27762 28175 I okhttp.OkHttpClient: Vary: Access-Control-Request-Headers
12-07 08:31:19.173 27762 28175 I okhttp.OkHttpClient: X-Content-Type-Options: nosniff
12-07 08:31:19.173 27762 28175 I okhttp.OkHttpClient: X-XSS-Protection: 1; mode=block
12-07 08:31:19.173 27762 28175 I okhttp.OkHttpClient: Cache-Control: no-cache, no-store, max-age=0, must-revalidate
12-07 08:31:19.173 27762 28175 I okhttp.OkHttpClient: Pragma: no-cache
12-07 08:31:19.173 27762 28175 I okhttp.OkHttpClient: Expires: 0
12-07 08:31:19.173 27762 28175 I okhttp.OkHttpClient: X-Frame-Options: DENY
12-07 08:31:19.173 27762 28175 I okhttp.OkHttpClient: Content-Type: application/json
12-07 08:31:19.173 27762 28175 I okhttp.OkHttpClient: Transfer-Encoding: chunked
12-07 08:31:19.173 27762 28175 I okhttp.OkHttpClient: Date: Wed, 07 Dec 2022 13:31:21 GMT
12-07 08:31:19.173 27762 28175 I okhttp.OkHttpClient: Keep-Alive: timeout=60
12-07 08:31:19.173 27762 28175 I okhttp.OkHttpClient: Connection: keep-alive
12-07 08:31:19.174 27762 28175 I okhttp.OkHttpClient: {"id":4482,"newsCategoryId":1,"title":" 9bc13d03-a5c2-44e1-98ae-1636c574b1e5","description":" 41f326ba-6ea9-4b51-9d29-682105840bb8","creatorId":2,"createDate":1670391077,"publishDate":1670419800,"publishEnabled":true,"creatorName":"  "}
12-07 08:31:19.174 27762 28175 I okhttp.OkHttpClient: <-- END HTTP (310-byte body)
12-07 08:31:19.277 27762 27762 I ViewInteraction: Performing 'scroll RecyclerView to: holder with view: ((view is an instance of android.view.ViewGroup and has descendant matching an instance of android.widget.TextView and view.getText() with or without transformation to match: is " 9bc13d03-a5c2-44e1-98ae-1636c574b1e5"))' action on view view.getId() is <2131231230/ru.iteco.fmhandroid:id/news_list_recycler_view>
12-07 08:31:19.282 27762 27762 D takeScreenshot: Found 1 global views to redraw
12-07 08:31:19.333  1776  1825 D gralloc_ranchu: gralloc_alloc: Creating ashmem region of size 10108928
12-07 08:31:19.383 27762 27806 W DefaultFailureHandler: Failed to take screenshot
12-07 08:31:19.383 27762 27806 W DefaultFailureHandler: java.io.FileNotFoundException: view-op-error-15.png: open failed: EROFS (Read-only file system)
12-07 08:31:19.383 27762 27806 W DefaultFailureHandler: 	at libcore.io.IoBridge.open(IoBridge.java:496)
12-07 08:31:19.383 27762 27806 W DefaultFailureHandler: 	at java.io.FileOutputStream.<init>(FileOutputStream.java:235)
12-07 08:31:19.383 27762 27806 W DefaultFailureHandler: 	at java.io.FileOutputStream.<init>(FileOutputStream.java:125)
12-07 08:31:19.383 27762 27806 W DefaultFailureHandler: 	at androidx.test.platform.io.FileTestStorage.openOutputFile(FileTestStorage.java:60)
12-07 08:31:19.383 27762 27806 W DefaultFailureHandler: 	at androidx.test.core.graphics.BitmapStorage.writeToTestStorage(BitmapStorageExt.kt:49)
12-07 08:31:19.383 27762 27806 W DefaultFailureHandler: 	at androidx.test.espresso.base.DefaultFailureHandler.takeScreenshot(DefaultFailureHandler.java:4)
12-07 08:31:19.383 27762 27806 W DefaultFailureHandler: 	at androidx.test.espresso.base.DefaultFailureHandler.handle(DefaultFailureHandler.java:3)
12-07 08:31:19.383 27762 27806 W DefaultFailureHandler: 	at androidx.test.espresso.ViewInteraction.waitForAndHandleInteractionResults(ViewInteraction.java:8)
12-07 08:31:19.383 27762 27806 W DefaultFailureHandler: 	at androidx.test.espresso.ViewInteraction.desugaredPerform(ViewInteraction.java:11)
12-07 08:31:19.383 27762 27806 W DefaultFailureHandler: 	at androidx.test.espresso.ViewInteraction.perform(ViewInteraction.java:8)
12-07 08:31:19.383 27762 27806 W DefaultFailureHandler: 	at ru.iteco.fmhandroid.ui.steps.ControlPanelSteps.scrollToElementInRecyclerList(ControlPanelSteps.java:212)
12-07 08:31:19.383 27762 27806 W DefaultFailureHandler: 	at ru.iteco.fmhandroid.ui.ControlPanelTest.shouldNotEditTheNews(ControlPanelTest.java:128)
12-07 08:31:19.383 27762 27806 W DefaultFailureHandler: 	at java.lang.reflect.Method.invoke(Native Method)
12-07 08:31:19.383 27762 27806 W DefaultFailureHandler: 	at org.junit.runners.model.FrameworkMethod$1.runReflectiveCall(FrameworkMethod.java:59)
12-07 08:31:19.383 27762 27806 W DefaultFailureHandler: 	at org.junit.internal.runners.model.ReflectiveCallable.run(ReflectiveCallable.java:12)
12-07 08:31:19.383 27762 27806 W DefaultFailureHandler: 	at org.junit.runners.model.FrameworkMethod.invokeExplosively(FrameworkMethod.java:56)
12-07 08:31:19.383 27762 27806 W DefaultFailureHandler: 	at org.junit.internal.runners.statements.InvokeMethod.evaluate(InvokeMethod.java:17)
12-07 08:31:19.383 27762 27806 W DefaultFailureHandler: 	at androidx.test.internal.runner.junit4.statement.RunBefores.evaluate(RunBefores.java:80)
12-07 08:31:19.383 27762 27806 W DefaultFailureHandler: 	at androidx.test.internal.runner.junit4.statement.RunAfters.evaluate(RunAfters.java:61)
12-07 08:31:19.383 27762 27806 W DefaultFailureHandler: 	at io.qameta.allure.android.rules.ScreenshotRule$apply$1.evaluate(ScreenshotRule.kt:22)
12-07 08:31:19.383 27762 27806 W DefaultFailureHandler: 	at org.junit.rules.ExternalResource$1.evaluate(ExternalResource.java:54)
12-07 08:31:19.383 27762 27806 W DefaultFailureHandler: 	at io.qameta.allure.android.rules.LogcatRule$apply$1.evaluate(LogcatRule.kt:23)
12-07 08:31:19.383 27762 27806 W DefaultFailureHandler: 	at org.junit.rules.RunRules.evaluate(RunRules.java:20)
12-07 08:31:19.383 27762 27806 W DefaultFailureHandler: 	at org.junit.runners.ParentRunner$3.evaluate(ParentRunner.java:306)
12-07 08:31:19.383 27762 27806 W DefaultFailureHandler: 	at org.junit.runners.BlockJUnit4ClassRunner$1.evaluate(BlockJUnit4ClassRunner.java:100)
12-07 08:31:19.383 27762 27806 W DefaultFailureHandler: 	at org.junit.runners.ParentRunner.runLeaf(ParentRunner.java:366)
12-07 08:31:19.383 27762 27806 W DefaultFailureHandler: 	at org.junit.runners.BlockJUnit4ClassRunner.runChild(BlockJUnit4ClassRunner.java:103)
12-07 08:31:19.383 27762 27806 W DefaultFailureHandler: 	at org.junit.runners.BlockJUnit4ClassRunner.runChild(BlockJUnit4ClassRunner.java:63)
12-07 08:31:19.383 27762 27806 W DefaultFailureHandler: 	at org.junit.runners.ParentRunner$4.run(ParentRunner.java:331)
12-07 08:31:19.383 27762 27806 W DefaultFailureHandler: 	at org.junit.runners.ParentRunner$1.schedule(ParentRunner.java:79)
12-07 08:31:19.383 27762 27806 W DefaultFailureHandler: 	at org.junit.runners.ParentRunner.runChildren(ParentRunner.java:329)
12-07 08:31:19.383 27762 27806 W DefaultFailureHandler: 	at org.junit.runners.ParentRunner.access$100(ParentRunner.java:66)
12-07 08:31:19.383 27762 27806 W DefaultFailureHandler: 	at org.junit.runners.ParentRunner$2.evaluate(ParentRunner.java:293)
12-07 08:31:19.383 27762 27806 W DefaultFailureHandler: 	at org.junit.runners.ParentRunner$3.evaluate(ParentRunner.java:306)
12-07 08:31:19.383 27762 27806 W DefaultFailureHandler: 	at org.junit.runners.ParentRunner.run(ParentRunner.java:413)
12-07 08:31:19.383 27762 27806 W DefaultFailureHandler: 	at androidx.test.ext.junit.runners.AndroidJUnit4.run(AndroidJUnit4.java:162)
12-07 08:31:19.383 27762 27806 W DefaultFailureHandler: 	at io.qameta.allure.android.runners.AllureAndroidJUnit4.run(AllureAndroidJUnitRunners.kt:29)
12-07 08:31:19.383 27762 27806 W DefaultFailureHandler: 	at org.junit.runners.Suite.runChild(Suite.java:128)
12-07 08:31:19.383 27762 27806 W DefaultFailureHandler: 	at org.junit.runners.Suite.runChild(Suite.java:27)
12-07 08:31:19.383 27762 27806 W DefaultFailureHandler: 	at org.junit.runners.ParentRunner$4.run(ParentRunner.java:331)
12-07 08:31:19.383 27762 27806 W DefaultFailureHandler: 	at org.junit.runners.ParentRunner$1.schedule(ParentRunner.java:79)
12-07 08:31:19.383 27762 27806 W DefaultFailureHandler: 	at org.junit.runners.ParentRunner.runChildren(ParentRunner.java:329)
12-07 08:31:19.383 27762 27806 W DefaultFailureHandler: 	at org.junit.runners.ParentRunner.access$100(ParentRunner.java:66)
12-07 08:31:19.383 27762 27806 W DefaultFailureHandler: 	at org.junit.runners.ParentRunner$2.evaluate(ParentRunner.java:293)
12-07 08:31:19.383 27762 27806 W DefaultFailureHandler: 	at org.junit.runners.ParentRunner$3.evaluate(ParentRunner.java:306)
12-07 08:31:19.383 27762 27806 W DefaultFailureHandler: 	at org.junit.runners.ParentRunner.run(ParentRunner.java:413)
12-07 08:31:19.383 27762 27806 W DefaultFailureHandler: 	at org.junit.runner.JUnitCore.run(JUnitCore.java:137)
12-07 08:31:19.383 27762 27806 W DefaultFailureHandler: 	at org.junit.runner.JUnitCore.run(JUnitCore.java:115)
12-07 08:31:19.383 27762 27806 W DefaultFailureHandler: 	at androidx.test.internal.runner.TestExecutor.execute(TestExecutor.java:67)
12-07 08:31:19.383 27762 27806 W DefaultFailureHandler: 	at androidx.test.internal.runner.TestExecutor.execute(TestExecutor.java:58)
12-07 08:31:19.383 27762 27806 W DefaultFailureHandler: 	at androidx.test.runner.AndroidJUnitRunner.onStart(AndroidJUnitRunner.java:438)
12-07 08:31:19.383 27762 27806 W DefaultFailureHandler: 	at android.app.Instrumentation$InstrumentationThread.run(Instrumentation.java:2189)
12-07 08:31:19.383 27762 27806 W DefaultFailureHandler: Caused by: android.system.ErrnoException: open failed: EROFS (Read-only file system)
12-07 08:31:19.383 27762 27806 W DefaultFailureHandler: 	at libcore.io.Linux.open(Native Method)
12-07 08:31:19.383 27762 27806 W DefaultFailureHandler: 	at libcore.io.ForwardingOs.open(ForwardingOs.java:167)
12-07 08:31:19.383 27762 27806 W DefaultFailureHandler: 	at libcore.io.BlockGuardOs.open(BlockGuardOs.java:252)
12-07 08:31:19.383 27762 27806 W DefaultFailureHandler: 	at libcore.io.ForwardingOs.open(ForwardingOs.java:167)
12-07 08:31:19.383 27762 27806 W DefaultFailureHandler: 	at android.app.ActivityThread$AndroidOs.open(ActivityThread.java:7255)
12-07 08:31:19.383 27762 27806 W DefaultFailureHandler: 	at libcore.io.IoBridge.open(IoBridge.java:482)
12-07 08:31:19.383 27762 27806 W DefaultFailureHandler: 	... 51 more
12-07 08:31:20.081  2170  2170 D StatusBar: disable<e i a s b h r c s > disable2<q i n >
12-07 08:31:20.141  1776  1825 D gralloc_ranchu: gralloc_alloc: Creating ashmem region of size 10108928
12-07 08:31:20.157  2170  2566 D EGL_emulation: eglMakeCurrent: 0xe594e040: ver 2 0 (tinfo 0xc52450c0)
12-07 08:31:20.192  1776  1825 D gralloc_ranchu: gralloc_alloc: Creating ashmem region of size 10108928
12-07 08:31:20.193  2170  2170 D StatusBar: disable<e i a s b h r c s > disable2<q i n >
12-07 08:31:20.239  1776  1825 D gralloc_ranchu: gralloc_alloc: Creating ashmem region of size 10108928
12-07 08:31:20.778  1764  1891 W audio_hw_generic: Not supplying enough data to HAL, expected position 89121673 , only wrote 88655303
12-07 08:31:21.209 27762 27806 I QueryController: Matched selector: UiSelector[DESCRIPTION=Airplane mode] <<==>> [android.view.accessibility.AccessibilityNodeInfo@6d7a0; boundsInParent: Rect(0, 0 - 292, 292); boundsInScreen: Rect(736, 804 - 1028, 1096); packageName: com.android.systemui; className: android.widget.Switch; text: Off; error: null; maxTextLength: -1; contentDescription: Airplane mode; tooltipText: null; viewIdResName: null; checkable: true; checked: false; focusable: true; focused: false; selected: false; clickable: true; longClickable: true; contextClickable: false; enabled: true; password: false; scrollable: false; importantForAccessibility: true; visible: true; actions: [AccessibilityAction: ACTION_FOCUS - null, AccessibilityAction: ACTION_SELECT - null, AccessibilityAction: ACTION_CLEAR_SELECTION - null, AccessibilityAction: ACTION_CLICK - null, AccessibilityAction: ACTION_ACCESSIBILITY_FOCUS - null, AccessibilityAction: ACTION_NEXT_AT_MOVEMENT_GRANULARITY - null, AccessibilityAction: ACTION_PREVIOUS_AT_MOVEMENT_GRANULARITY - null, AccessibilityAction: ACTION_SET_SELECTION - null, AccessibilityAction: ACTION_SHOW_ON_SCREEN - null, AccessibilityAction: ACTION_LONG_CLICK - Open settings]]
12-07 08:31:21.236  2018  2051 D AutofillManagerService: onBackKeyPressed()
12-07 08:31:21.872  2170  2170 V StatusBar: mStatusBarWindow: com.android.systemui.statusbar.phone.StatusBarWindowView{4752fa5 V.E...... ........ 0,0-1080,2340} canPanelBeCollapsed(): true
12-07 08:31:21.881  2170  2170 D StatusBar: disable<e i a s b h r c s > disable2<q i n >
12-07 08:31:21.895  1776  1825 D gralloc_ranchu: gralloc_alloc: Creating ashmem region of size 10108928
12-07 08:31:21.944  2170  2170 D StatusBar: disable<e i a s b h r c s > disable2<q i n >
12-07 08:31:21.960  2170  2566 D EGL_emulation: eglMakeCurrent: 0xe594e040: ver 2 0 (tinfo 0xc52450c0)
12-07 08:31:21.969  1776  1825 D gralloc_ranchu: gralloc_alloc: Creating ashmem region of size 286720
12-07 08:31:21.979  2170  2566 D EGL_emulation: eglMakeCurrent: 0xe594e040: ver 2 0 (tinfo 0xc52450c0)
12-07 08:31:21.999  1776  1825 D gralloc_ranchu: gralloc_alloc: Creating ashmem region of size 286720
12-07 08:31:22.008  1776  1825 D gralloc_ranchu: gralloc_alloc: Creating ashmem region of size 286720
12-07 08:31:22.124 27762 27775 I teco.fmhandroi: NativeAlloc concurrent copying GC freed 75560(3610KB) AllocSpace objects, 2(484KB) LOS objects, 21% free, 21MB/27MB, paused 843us total 161.036ms
12-07 08:31:21.870  2018  2051 D AutofillManagerService: onBackKeyPressed()
12-07 08:31:22.174  2018  5837 I ActivityTaskManager: START u0 {act=android.intent.action.MAIN cat=[android.intent.category.LAUNCHER] flg=0x10000000 cmp=ru.iteco.fmhandroid.test/androidx.test.core.app.InstrumentationActivityInvoker$EmptyActivity} from uid 10146
12-07 08:31:22.185 27762 27762 D LifecycleMonitor: Lifecycle status change: ru.iteco.fmhandroid.ui.AppActivity@64862b8 in: PAUSED
12-07 08:31:22.186 27762 27762 V ActivityScenario: Update currentActivityStage to PAUSED, currentActivity=ru.iteco.fmhandroid.ui.AppActivity@64862b8
12-07 08:31:22.187  2018  5837 W InputReader: Device has associated, but no associated display id.
12-07 08:31:22.190  2018  5837 I chatty  : uid=1000(system) Binder:2018_16 identical 38 lines
12-07 08:31:22.190  2018  5837 W InputReader: Device has associated, but no associated display id.
12-07 08:31:22.190 27818 27818 W ActivityThread: handleWindowVisibility: no activity for token android.os.BinderProxy@d90590c
12-07 08:31:22.194  2018  5837 W InputReader: Device has associated, but no associated display id.
12-07 08:31:22.194  2018  5837 I chatty  : uid=1000(system) Binder:2018_16 identical 8 lines
12-07 08:31:22.194  2018  5837 W InputReader: Device has associated, but no associated display id.
12-07 08:31:22.194 27762 27799 V FA      : Recording user engagement, ms: 22413
12-07 08:31:22.241  2018  7128 I ActivityTaskManager: START u0 {act=android.intent.action.MAIN cat=[android.intent.category.LAUNCHER] flg=0x10000000 cmp=ru.iteco.fmhandroid.test/androidx.test.core.app.InstrumentationActivityInvoker$EmptyActivity} from uid 10146
12-07 08:31:22.267 27762 27799 V FA      : Connecting to remote service
12-07 08:31:22.282  1776  1825 D gralloc_ranchu: gralloc_alloc: Creating ashmem region of size 10108928
12-07 08:31:22.289  1776  1825 I chatty  : uid=1000(system) HwBinder:1776_1 identical 1 line
12-07 08:31:22.291  1776  1825 D gralloc_ranchu: gralloc_alloc: Creating ashmem region of size 10108928
12-07 08:31:22.294 27818 27849 D EGL_emulation: eglMakeCurrent: 0xe597eb60: ver 2 0 (tinfo 0xf0c893b0)
12-07 08:31:22.320 27762 27799 V FA      : Connection attempt already in progress
12-07 08:31:22.320 27762 27799 V FA      : Activity paused, time: 39344578
12-07 08:31:22.340  2018  3031 W InputReader: Device has associated, but no associated display id.
12-07 08:31:22.345  2018  3031 I chatty  : uid=1000(system) Binder:2018_B identical 48 lines
12-07 08:31:22.345  2018  3031 W InputReader: Device has associated, but no associated display id.
12-07 08:31:22.363 27818 27818 W ActivityThread: handleWindowVisibility: no activity for token android.os.BinderProxy@15f432f
12-07 08:31:22.375 27762 27799 D FA      : Connected to remote service
12-07 08:31:22.376 27762 27799 V FA      : Processing queued up service tasks: 2
12-07 08:31:22.397  2018  4653 W ActivityTaskManager: Duplicate finish request for ActivityRecord{e7a66c7 u0 ru.iteco.fmhandroid/.ui.AppActivity t199 f}
12-07 08:31:22.410  2873 28123 V FA-SVC  : Logging event: origin=auto,name=user_engagement(_e),params=Bundle[{ga_event_origin(_o)=auto, engagement_time_msec(_et)=22413, ga_screen_class(_sc)=AppActivity, ga_screen_id(_si)=8894325159233167665}]
12-07 08:31:22.426  1776  1825 D gralloc_ranchu: gralloc_alloc: Creating ashmem region of size 10108928
12-07 08:31:22.438  1776  1825 D gralloc_ranchu: gralloc_alloc: Creating ashmem region of size 10108928
12-07 08:31:22.440 27818 27849 D EGL_emulation: eglMakeCurrent: 0xe597eb60: ver 2 0 (tinfo 0xf0c893b0)
12-07 08:31:22.457  1776  1825 D gralloc_ranchu: gralloc_alloc: Creating ashmem region of size 10108928
12-07 08:31:22.462  2018  2054 W InputReader: Device has associated, but no associated display id.
12-07 08:31:22.466  2018  2054 I chatty  : uid=1000(system) android.anim identical 18 lines
12-07 08:31:22.466  2018  2054 W InputReader: Device has associated, but no associated display id.
12-07 08:31:22.475  2018  2058 I ActivityTaskManager: Displayed ru.iteco.fmhandroid.test/androidx.test.core.app.InstrumentationActivityInvoker$EmptyActivity: +150ms
12-07 08:31:22.481  2018  5837 W InputReader: Device has associated, but no associated display id.
12-07 08:31:22.481  2018  5837 I chatty  : uid=1000(system) Binder:2018_16 identical 8 lines
12-07 08:31:22.482  2018  5837 W InputReader: Device has associated, but no associated display id.
12-07 08:31:22.484 27762 27852 D EGL_emulation: eglMakeCurrent: 0xe593ea40: ver 2 0 (tinfo 0xf0cc0130)
12-07 08:31:22.490  2873 28123 V FA-SVC  : Upload scheduled in approximately ms: 434090
12-07 08:31:22.490  2873 28123 V FA-SVC  : Unscheduling upload
12-07 08:31:22.502  2873 28123 V FA-SVC  : Scheduling upload, millis: 434090
12-07 08:31:22.519  2018  4653 W InputReader: Device has associated, but no associated display id.
12-07 08:31:22.520  2018  4653 I chatty  : uid=1000(system) Binder:2018_12 identical 8 lines
12-07 08:31:22.520  2018  4653 W InputReader: Device has associated, but no associated display id.
12-07 08:31:22.528 27762 27762 D AutofillManager: onActivityFinishing(): calling cancelLocked()
12-07 08:31:22.536  2873 28123 V FA-SVC  : Background event processing time, ms: 126
12-07 08:31:22.536 27762 27762 D LifecycleMonitor: Lifecycle status change: ru.iteco.fmhandroid.ui.AppActivity@64862b8 in: STOPPED
12-07 08:31:22.537 27762 27762 V ActivityScenario: Update currentActivityStage to STOPPED, currentActivity=ru.iteco.fmhandroid.ui.AppActivity@64862b8
12-07 08:31:22.560  1776  1825 D gralloc_ranchu: gralloc_alloc: Creating ashmem region of size 10108928
12-07 08:31:22.562 27762 27762 W System.err: ru.iteco.fmhandroid.exceptions.UnknownException
12-07 08:31:22.568 27762 27762 W System.err: 	at ru.iteco.fmhandroid.utils.Utils.makeRequest(Utils.kt:123)
12-07 08:31:22.568 27762 27762 W System.err: 	at ru.iteco.fmhandroid.utils.Utils$makeRequest$1.invokeSuspend(Unknown Source:15)
12-07 08:31:22.568 27762 27762 W System.err: 	at kotlin.coroutines.jvm.internal.BaseContinuationImpl.resumeWith(ContinuationImpl.kt:33)
12-07 08:31:22.568 27762 27762 W System.err: 	at kotlinx.coroutines.DispatchedTaskKt.resume(DispatchedTask.kt:234)
12-07 08:31:22.568 27762 27762 W System.err: 	at kotlinx.coroutines.DispatchedTaskKt.resumeUnconfined(DispatchedTask.kt:190)
12-07 08:31:22.568 27762 27762 W System.err: 	at kotlinx.coroutines.DispatchedTaskKt.dispatch(DispatchedTask.kt:161)
12-07 08:31:22.568 27762 27762 W System.err: 	at kotlinx.coroutines.CancellableContinuationImpl.dispatchResume(CancellableContinuationImpl.kt:397)
12-07 08:31:22.568 27762 27762 W System.err: 	at kotlinx.coroutines.CancellableContinuationImpl.cancel(CancellableContinuationImpl.kt:183)
12-07 08:31:22.568 27762 27762 W System.err: 	at kotlinx.coroutines.CancellableContinuationImpl.parentCancelled$kotlinx_coroutines_core(CancellableContinuationImpl.kt:190)
12-07 08:31:22.568 27762 27762 W System.err: 	at kotlinx.coroutines.ChildContinuation.invoke(JobSupport.kt:1474)
12-07 08:31:22.568 27762 27762 W System.err: 	at kotlinx.coroutines.JobSupport.notifyCancelling(JobSupport.kt:1499)
12-07 08:31:22.568 27762 27762 W System.err: 	at kotlinx.coroutines.JobSupport.tryMakeCancelling(JobSupport.kt:795)
12-07 08:31:22.568 27762 27762 W System.err: 	at kotlinx.coroutines.JobSupport.makeCancelling(JobSupport.kt:755)
12-07 08:31:22.568 27762 27762 W System.err: 	at kotlinx.coroutines.JobSupport.cancelImpl$kotlinx_coroutines_core(JobSupport.kt:671)
12-07 08:31:22.568 27762 27762 W System.err: 	at kotlinx.coroutines.JobSupport.parentCancelled(JobSupport.kt:637)
12-07 08:31:22.568 27762 27762 W System.err: 	at kotlinx.coroutines.ChildHandleNode.invoke(JobSupport.kt:1465)
12-07 08:31:22.568 27762 27762 W System.err: 	at kotlinx.coroutines.JobSupport.notifyCancelling(JobSupport.kt:1499)
12-07 08:31:22.569 27762 27762 W System.err: 	at kotlinx.coroutines.JobSupport.tryMakeCompletingSlowPath(JobSupport.kt:900)
12-07 08:31:22.569 27762 27762 W System.err: 	at kotlinx.coroutines.JobSupport.tryMakeCompleting(JobSupport.kt:863)
12-07 08:31:22.569 27762 27762 W System.err: 	at kotlinx.coroutines.JobSupport.cancelMakeCompleting(JobSupport.kt:696)
12-07 08:31:22.569 27762 27762 W System.err: 	at kotlinx.coroutines.JobSupport.cancelImpl$kotlinx_coroutines_core(JobSupport.kt:667)
12-07 08:31:22.569 27762 27762 W System.err: 	at kotlinx.coroutines.JobSupport.cancelInternal(JobSupport.kt:632)
12-07 08:31:22.569 27762 27762 W System.err: 	at kotlinx.coroutines.JobSupport.cancel(JobSupport.kt:617)
12-07 08:31:22.569 27762 27762 W System.err: 	at kotlinx.coroutines.JobKt__JobKt.cancel(Job.kt:561)
12-07 08:31:22.569 27762 27762 W System.err: 	at kotlinx.coroutines.JobKt.cancel(Unknown Source:1)
12-07 08:31:22.569 27762 27762 W System.err: 	at kotlinx.coroutines.JobKt__JobKt.cancel$default(Job.kt:560)
12-07 08:31:22.573  2018  2018 W ActivityManager: Unable to start service Intent { act=android.service.appprediction.AppPredictionService cmp=com.google.android.as/com.google.android.apps.miphone.aiai.app.AiAiPredictionService } U=0: not found
12-07 08:31:22.573  2018  2018 W RemoteAppPredictionService: could not bind to Intent { act=android.service.appprediction.AppPredictionService cmp=com.google.android.as/com.google.android.apps.miphone.aiai.app.AiAiPredictionService } using flags 67108865
12-07 08:31:22.577  1776  1825 D gralloc_ranchu: gralloc_alloc: Creating ashmem region of size 10108928
12-07 08:31:22.579  1776  1825 D gralloc_ranchu: gralloc_alloc: Creating ashmem region of size 10108928
12-07 08:31:22.580 27762 27762 W System.err: 	at kotlinx.coroutines.JobKt.cancel$default(Unknown Source:1)
12-07 08:31:22.580 27762 27762 W System.err: 	at androidx.lifecycle.CloseableCoroutineScope.close(ViewModel.kt:51)
12-07 08:31:22.580 27762 27762 W System.err: 	at androidx.lifecycle.ViewModel.closeWithRuntimeException(ViewModel.java:188)
12-07 08:31:22.580 27762 27762 W System.err: 	at androidx.lifecycle.ViewModel.clear(ViewModel.java:134)
12-07 08:31:22.580 27762 27762 W System.err: 	at androidx.lifecycle.ViewModelStore.clear(ViewModelStore.java:62)
12-07 08:31:22.580 27762 27762 W System.err: 	at androidx.fragment.app.FragmentManagerViewModel.clearNonConfigStateInternal(FragmentManagerViewModel.java:210)
12-07 08:31:22.580 27762 27762 W System.err: 	at androidx.fragment.app.FragmentManagerViewModel.clearNonConfigState(FragmentManagerViewModel.java:190)
12-07 08:31:22.580 27762 27762 W System.err: 	at androidx.fragment.app.FragmentStateManager.destroy(FragmentStateManager.java:778)
12-07 08:31:22.588  1776  1825 D gralloc_ranchu: gralloc_alloc: Creating ashmem region of size 10108928
12-07 08:31:22.591  2962  3510 D EGL_emulation: eglMakeCurrent: 0xe597d120: ver 2 0 (tinfo 0xbffb2540)
12-07 08:31:22.610 27762 27762 W System.err: 	at androidx.fragment.app.FragmentStateManager.moveToExpectedState(FragmentStateManager.java:335)
12-07 08:31:22.611 27762 27762 W System.err: 	at androidx.fragment.app.FragmentStore.moveToExpectedState(FragmentStore.java:121)
12-07 08:31:22.611 27762 27762 W System.err: 	at androidx.fragment.app.FragmentManager.moveToState(FragmentManager.java:1374)
12-07 08:31:22.611 27762 27762 W System.err: 	at androidx.fragment.app.FragmentManager.dispatchStateChange(FragmentManager.java:2841)
12-07 08:31:22.611 27762 27762 W System.err: 	at androidx.fragment.app.FragmentManager.dispatchDestroy(FragmentManager.java:2820)
12-07 08:31:22.611 27762 27762 W System.err: 	at androidx.fragment.app.Fragment.performDestroy(Fragment.java:3246)
12-07 08:31:22.611 27762 27762 W System.err: 	at androidx.fragment.app.FragmentStateManager.destroy(FragmentStateManager.java:780)
12-07 08:31:22.613 27762 27762 W System.err: 	at androidx.fragment.app.FragmentStateManager.moveToExpectedState(FragmentStateManager.java:335)
12-07 08:31:22.613 27762 27762 W System.err: 	at androidx.fragment.app.SpecialEffectsController$FragmentStateManagerOperation.complete(SpecialEffectsController.java:771)
12-07 08:31:22.613 27762 27762 W System.err: 	at androidx.fragment.app.SpecialEffectsController$Operation.cancel(SpecialEffectsController.java:615)
12-07 08:31:22.613 27762 27762 W System.err: 	at androidx.fragment.app.SpecialEffectsController.forceCompleteAllOperations(SpecialEffectsController.java:350)
12-07 08:31:22.613 27762 27762 W System.err: 	at androidx.fragment.app.FragmentManager.dispatchStateChange(FragmentManager.java:2844)
12-07 08:31:22.613 27762 27762 W System.err: 	at androidx.fragment.app.FragmentManager.dispatchDestroy(FragmentManager.java:2820)
12-07 08:31:22.613 27762 27762 W System.err: 	at androidx.fragment.app.FragmentController.dispatchDestroy(FragmentController.java:345)
12-07 08:31:22.613 27762 27762 W System.err: 	at androidx.fragment.app.FragmentActivity.onDestroy(FragmentActivity.java:306)
12-07 08:31:22.613 27762 27762 W System.err: 	at androidx.appcompat.app.AppCompatActivity.onDestroy(AppCompatActivity.java:278)
12-07 08:31:22.613 27762 27762 W System.err: 	at android.app.Activity.performDestroy(Activity.java:8048)
12-07 08:31:22.613 27762 27762 W System.err: 	at android.app.Instrumentation.callActivityOnDestroy(Instrumentation.java:1334)
12-07 08:31:22.613 27762 27762 W System.err: 	at androidx.test.runner.MonitoringInstrumentation.callActivityOnDestroy(MonitoringInstrumentation.java:766)
12-07 08:31:22.613 27762 27762 W System.err: 	at android.app.ActivityThread.performDestroyActivity(ActivityThread.java:4926)
12-07 08:31:22.613 27762 27762 W System.err: 	at android.app.ActivityThread.handleDestroyActivity(ActivityThread.java:4970)
12-07 08:31:22.614  1776  1825 D gralloc_ranchu: gralloc_alloc: Creating ashmem region of size 10108928
12-07 08:31:22.615 27762 27762 W System.err: 	at android.app.servertransaction.DestroyActivityItem.execute(DestroyActivityItem.java:44)
12-07 08:31:22.615 27762 27762 W System.err: 	at android.app.servertransaction.TransactionExecutor.executeLifecycleState(TransactionExecutor.java:176)
12-07 08:31:22.615 27762 27762 W System.err: 	at android.app.servertransaction.TransactionExecutor.execute(TransactionExecutor.java:97)
12-07 08:31:22.615 27762 27762 W System.err: 	at android.app.ActivityThread$H.handleMessage(ActivityThread.java:2016)
12-07 08:31:22.615 27762 27762 W System.err: 	at android.os.Handler.dispatchMessage(Handler.java:107)
12-07 08:31:22.615 27762 27762 W System.err: 	at android.os.Looper.loop(Looper.java:214)
12-07 08:31:22.615 27762 27762 W System.err: 	at android.app.ActivityThread.main(ActivityThread.java:7356)
12-07 08:31:22.615 27762 27762 W System.err: 	at java.lang.reflect.Method.invoke(Native Method)
12-07 08:31:22.615 27762 27762 W System.err: 	at com.android.internal.os.RuntimeInit$MethodAndArgsCaller.run(RuntimeInit.java:492)
12-07 08:31:22.615 27762 27762 W System.err: 	at com.android.internal.os.ZygoteInit.main(ZygoteInit.java:930)
12-07 08:31:22.616 27762 27762 W System.err: ru.iteco.fmhandroid.exceptions.UnknownException
12-07 08:31:22.616 27762 27762 W System.err: 	at ru.iteco.fmhandroid.utils.Utils.makeRequest(Utils.kt:123)
12-07 08:31:22.617 27762 27762 W System.err: 	at ru.iteco.fmhandroid.utils.Utils$makeRequest$1.invokeSuspend(Unknown Source:15)
12-07 08:31:22.617 27762 27762 W System.err: 	at kotlin.coroutines.jvm.internal.BaseContinuationImpl.resumeWith(ContinuationImpl.kt:33)
12-07 08:31:22.617 27762 27762 W System.err: 	at kotlinx.coroutines.DispatchedTaskKt.resume(DispatchedTask.kt:234)
12-07 08:31:22.617 27762 27762 W System.err: 	at kotlinx.coroutines.DispatchedTaskKt.resumeUnconfined(DispatchedTask.kt:190)
12-07 08:31:22.617 27762 27762 W System.err: 	at kotlinx.coroutines.DispatchedTaskKt.dispatch(DispatchedTask.kt:161)
12-07 08:31:22.617 27762 27762 W System.err: 	at kotlinx.coroutines.CancellableContinuationImpl.dispatchResume(CancellableContinuationImpl.kt:397)
12-07 08:31:22.617 27762 27762 W System.err: 	at kotlinx.coroutines.CancellableContinuationImpl.cancel(CancellableContinuationImpl.kt:183)
12-07 08:31:22.617 27762 27762 W System.err: 	at kotlinx.coroutines.CancellableContinuationImpl.parentCancelled$kotlinx_coroutines_core(CancellableContinuationImpl.kt:190)
12-07 08:31:22.617 27762 27762 W System.err: 	at kotlinx.coroutines.ChildContinuation.invoke(JobSupport.kt:1474)
12-07 08:31:22.617 27762 27762 W System.err: 	at kotlinx.coroutines.JobSupport.notifyCancelling(JobSupport.kt:1499)
12-07 08:31:22.617 27762 27762 W System.err: 	at kotlinx.coroutines.JobSupport.tryMakeCancelling(JobSupport.kt:795)
12-07 08:31:22.617 27762 27762 W System.err: 	at kotlinx.coroutines.JobSupport.makeCancelling(JobSupport.kt:755)
12-07 08:31:22.617 27762 27762 W System.err: 	at kotlinx.coroutines.JobSupport.cancelImpl$kotlinx_coroutines_core(JobSupport.kt:671)
12-07 08:31:22.618 27762 27762 W System.err: 	at kotlinx.coroutines.JobSupport.parentCancelled(JobSupport.kt:637)
12-07 08:31:22.618 27762 27762 W System.err: 	at kotlinx.coroutines.ChildHandleNode.invoke(JobSupport.kt:1465)
12-07 08:31:22.618 27762 27762 W System.err: 	at kotlinx.coroutines.JobSupport.notifyCancelling(JobSupport.kt:1499)
12-07 08:31:22.618 27762 27762 W System.err: 	at kotlinx.coroutines.JobSupport.tryMakeCompletingSlowPath(JobSupport.kt:900)
12-07 08:31:22.618 27762 27762 W System.err: 	at kotlinx.coroutines.JobSupport.tryMakeCompleting(JobSupport.kt:863)
12-07 08:31:22.618 27762 27762 W System.err: 	at kotlinx.coroutines.JobSupport.cancelMakeCompleting(JobSupport.kt:696)
12-07 08:31:22.619  1776  1825 D gralloc_ranchu: gralloc_alloc: Creating ashmem region of size 10108928
12-07 08:31:22.619 27762 27762 W System.err: 	at kotlinx.coroutines.JobSupport.cancelImpl$kotlinx_coroutines_core(JobSupport.kt:667)
12-07 08:31:22.619 27762 27762 W System.err: 	at kotlinx.coroutines.JobSupport.cancelInternal(JobSupport.kt:632)
12-07 08:31:22.619 27762 27762 W System.err: 	at kotlinx.coroutines.JobSupport.cancel(JobSupport.kt:617)
12-07 08:31:22.619 27762 27762 W System.err: 	at kotlinx.coroutines.JobKt__JobKt.cancel(Job.kt:561)
12-07 08:31:22.619 27762 27762 W System.err: 	at kotlinx.coroutines.JobKt.cancel(Unknown Source:1)
12-07 08:31:22.619 27762 27762 W System.err: 	at kotlinx.coroutines.JobKt__JobKt.cancel$default(Job.kt:560)
12-07 08:31:22.622 12448 12488 D EGL_emulation: eglMakeCurrent: 0xe594d140: ver 2 0 (tinfo 0xc539bd10)
12-07 08:31:22.622 27762 27762 W System.err: 	at kotlinx.coroutines.JobKt.cancel$default(Unknown Source:1)
12-07 08:31:22.622 27762 27762 W System.err: 	at androidx.lifecycle.CloseableCoroutineScope.close(ViewModel.kt:51)
12-07 08:31:22.622 27762 27762 W System.err: 	at androidx.lifecycle.ViewModel.closeWithRuntimeException(ViewModel.java:188)
12-07 08:31:22.622 27762 27762 W System.err: 	at androidx.lifecycle.ViewModel.clear(ViewModel.java:134)
12-07 08:31:22.622 27762 27762 W System.err: 	at androidx.lifecycle.ViewModelStore.clear(ViewModelStore.java:62)
12-07 08:31:22.622 27762 27762 W System.err: 	at androidx.fragment.app.FragmentManagerViewModel.clearNonConfigStateInternal(FragmentManagerViewModel.java:210)
12-07 08:31:22.622 27762 27762 W System.err: 	at androidx.fragment.app.FragmentManagerViewModel.clearNonConfigState(FragmentManagerViewModel.java:190)
12-07 08:31:22.622 27762 27762 W System.err: 	at androidx.fragment.app.FragmentStateManager.destroy(FragmentStateManager.java:778)
12-07 08:31:22.622 27762 27762 W System.err: 	at androidx.fragment.app.FragmentStateManager.moveToExpectedState(FragmentStateManager.java:335)
12-07 08:31:22.623 27762 27762 W System.err: 	at androidx.fragment.app.FragmentStore.moveToExpectedState(FragmentStore.java:121)
12-07 08:31:22.623 27762 27762 W System.err: 	at androidx.fragment.app.FragmentManager.moveToState(FragmentManager.java:1374)
12-07 08:31:22.623 27762 27762 W System.err: 	at androidx.fragment.app.FragmentManager.dispatchStateChange(FragmentManager.java:2841)
12-07 08:31:22.623 27762 27762 W System.err: 	at androidx.fragment.app.FragmentManager.dispatchDestroy(FragmentManager.java:2820)
12-07 08:31:22.623 27762 27762 W System.err: 	at androidx.fragment.app.Fragment.performDestroy(Fragment.java:3246)
12-07 08:31:22.623 27762 27762 W System.err: 	at androidx.fragment.app.FragmentStateManager.destroy(FragmentStateManager.java:780)
12-07 08:31:22.623 27762 27762 W System.err: 	at androidx.fragment.app.FragmentStateManager.moveToExpectedState(FragmentStateManager.java:335)
12-07 08:31:22.623 27762 27762 W System.err: 	at androidx.fragment.app.SpecialEffectsController$FragmentStateManagerOperation.complete(SpecialEffectsController.java:771)
12-07 08:31:22.623 27762 27762 W System.err: 	at androidx.fragment.app.SpecialEffectsController$Operation.cancel(SpecialEffectsController.java:615)
12-07 08:31:22.623 27762 27762 W System.err: 	at androidx.fragment.app.SpecialEffectsController.forceCompleteAllOperations(SpecialEffectsController.java:350)
12-07 08:31:22.623 27762 27762 W System.err: 	at androidx.fragment.app.FragmentManager.dispatchStateChange(FragmentManager.java:2844)
12-07 08:31:22.623 27762 27762 W System.err: 	at androidx.fragment.app.FragmentManager.dispatchDestroy(FragmentManager.java:2820)
12-07 08:31:22.623 27762 27762 W System.err: 	at androidx.fragment.app.FragmentController.dispatchDestroy(FragmentController.java:345)
12-07 08:31:22.623 27762 27762 W System.err: 	at androidx.fragment.app.FragmentActivity.onDestroy(FragmentActivity.java:306)
12-07 08:31:22.623 27762 27762 W System.err: 	at androidx.appcompat.app.AppCompatActivity.onDestroy(AppCompatActivity.java:278)
12-07 08:31:22.623 27762 27762 W System.err: 	at android.app.Activity.performDestroy(Activity.java:8048)
12-07 08:31:22.623 27762 27762 W System.err: 	at android.app.Instrumentation.callActivityOnDestroy(Instrumentation.java:1334)
12-07 08:31:22.623 27762 27762 W System.err: 	at androidx.test.runner.MonitoringInstrumentation.callActivityOnDestroy(MonitoringInstrumentation.java:766)
12-07 08:31:22.623 27762 27762 W System.err: 	at android.app.ActivityThread.performDestroyActivity(ActivityThread.java:4926)
12-07 08:31:22.623 27762 27762 W System.err: 	at android.app.ActivityThread.handleDestroyActivity(ActivityThread.java:4970)
12-07 08:31:22.623 27762 27762 W System.err: 	at android.app.servertransaction.DestroyActivityItem.execute(DestroyActivityItem.java:44)
12-07 08:31:22.624 27762 27762 W System.err: 	at android.app.servertransaction.TransactionExecutor.executeLifecycleState(TransactionExecutor.java:176)
12-07 08:31:22.625 27762 27762 W System.err: 	at android.app.servertransaction.TransactionExecutor.execute(TransactionExecutor.java:97)
12-07 08:31:22.625 27762 27762 W System.err: 	at android.app.ActivityThread$H.handleMessage(ActivityThread.java:2016)
12-07 08:31:22.625 27762 27762 W System.err: 	at android.os.Handler.dispatchMessage(Handler.java:107)
12-07 08:31:22.625 27762 27762 W System.err: 	at android.os.Looper.loop(Looper.java:214)
12-07 08:31:22.625 27762 27762 W System.err: 	at android.app.ActivityThread.main(ActivityThread.java:7356)
12-07 08:31:22.625 27762 27762 W System.err: 	at java.lang.reflect.Method.invoke(Native Method)
12-07 08:31:22.625 27762 27762 W System.err: 	at com.android.internal.os.RuntimeInit$MethodAndArgsCaller.run(RuntimeInit.java:492)
12-07 08:31:22.625 27762 27762 W System.err: 	at com.android.internal.os.ZygoteInit.main(ZygoteInit.java:930)
12-07 08:31:22.644  2962  2962 W ThreadPoolDumper: Queue length for executor EventBus is now 11. Perhaps some tasks are too long, or the pool is too small.
12-07 08:31:22.645  2656 28136 E SQLiteDatabase: Error inserting flex_time=434000 job_id=-1 period=869000 source=16 requires_charging=0 preferred_network_type=1 target_class=com.google.android.gms.measurement.PackageMeasurementTaskService user_id=0 target_package=com.google.android.gms tag=Measurement.PackageMeasurementTaskService.UPLOAD_TASK_TAG task_type=0 required_idleness_state=0 service_kind=0 source_version=202414000 persistence_level=1 preferred_charging_state=1 required_network_type=0 runtime=1670419882562 retry_strategy={"maximum_backoff_seconds":{"3600":0},"initial_backoff_seconds":{"30":0},"retry_policy":{"0":0}} last_runtime=0
12-07 08:31:22.645  2656 28136 E SQLiteDatabase: android.database.sqlite.SQLiteConstraintException: UNIQUE constraint failed: pending_ops.tag, pending_ops.target_class, pending_ops.target_package, pending_ops.user_id (code 2067 SQLITE_CONSTRAINT_UNIQUE)
12-07 08:31:22.645  2656 28136 E SQLiteDatabase: 	at android.database.sqlite.SQLiteConnection.nativeExecuteForLastInsertedRowId(Native Method)
12-07 08:31:22.645  2656 28136 E SQLiteDatabase: 	at android.database.sqlite.SQLiteConnection.executeForLastInsertedRowId(SQLiteConnection.java:879)
12-07 08:31:22.645  2656 28136 E SQLiteDatabase: 	at android.database.sqlite.SQLiteSession.executeForLastInsertedRowId(SQLiteSession.java:790)
12-07 08:31:22.645  2656 28136 E SQLiteDatabase: 	at android.database.sqlite.SQLiteStatement.executeInsert(SQLiteStatement.java:88)
12-07 08:31:22.645  2656 28136 E SQLiteDatabase: 	at android.database.sqlite.SQLiteDatabase.insertWithOnConflict(SQLiteDatabase.java:1599)
12-07 08:31:22.645  2656 28136 E SQLiteDatabase: 	at android.database.sqlite.SQLiteDatabase.insert(SQLiteDatabase.java:1468)
12-07 08:31:22.645  2656 28136 E SQLiteDatabase: 	at aqui.a(:com.google.android.gms@202414022@20.24.14 (040700-319035315):175)
12-07 08:31:22.645  2656 28136 E SQLiteDatabase: 	at aqtk.a(:com.google.android.gms@202414022@20.24.14 (040700-319035315):182)
12-07 08:31:22.645  2656 28136 E SQLiteDatabase: 	at aqtk.a(:com.google.android.gms@202414022@20.24.14 (040700-319035315):23)
12-07 08:31:22.645  2656 28136 E SQLiteDatabase: 	at aqtk.a(:com.google.android.gms@202414022@20.24.14 (040700-319035315):177)
12-07 08:31:22.645  2656 28136 E SQLiteDatabase: 	at aqpu.run(:com.google.android.gms@202414022@20.24.14 (040700-319035315):9)
12-07 08:31:22.645  2656 28136 E SQLiteDatabase: 	at soy.b(:com.google.android.gms@202414022@20.24.14 (040700-319035315):12)
12-07 08:31:22.645  2656 28136 E SQLiteDatabase: 	at soy.run(:com.google.android.gms@202414022@20.24.14 (040700-319035315):7)
12-07 08:31:22.645  2656 28136 E SQLiteDatabase: 	at java.util.concurrent.ThreadPoolExecutor.runWorker(ThreadPoolExecutor.java:1167)
12-07 08:31:22.645  2656 28136 E SQLiteDatabase: 	at java.util.concurrent.ThreadPoolExecutor$Worker.run(ThreadPoolExecutor.java:641)
12-07 08:31:22.645  2656 28136 E SQLiteDatabase: 	at sux.run(:com.google.android.gms@202414022@20.24.14 (040700-319035315):0)
12-07 08:31:22.645  2656 28136 E SQLiteDatabase: 	at java.lang.Thread.run(Thread.java:919)
12-07 08:31:22.659 27762 27762 W System.err: ru.iteco.fmhandroid.exceptions.UnknownException
12-07 08:31:22.659 27762 27762 W System.err: 	at ru.iteco.fmhandroid.utils.Utils.makeRequest(Utils.kt:123)
12-07 08:31:22.659 27762 27762 W System.err: 	at ru.iteco.fmhandroid.utils.Utils$makeRequest$1.invokeSuspend(Unknown Source:15)
12-07 08:31:22.659 27762 27762 W System.err: 	at kotlin.coroutines.jvm.internal.BaseContinuationImpl.resumeWith(ContinuationImpl.kt:33)
12-07 08:31:22.660 27762 27762 W System.err: 	at kotlinx.coroutines.DispatchedTaskKt.resume(DispatchedTask.kt:234)
12-07 08:31:22.660 27762 27762 W System.err: 	at kotlinx.coroutines.DispatchedTaskKt.resumeUnconfined(DispatchedTask.kt:190)
12-07 08:31:22.661 27762 27762 W System.err: 	at kotlinx.coroutines.DispatchedTaskKt.dispatch(DispatchedTask.kt:161)
12-07 08:31:22.661 27762 27762 W System.err: 	at kotlinx.coroutines.CancellableContinuationImpl.dispatchResume(CancellableContinuationImpl.kt:397)
12-07 08:31:22.661 27762 27762 W System.err: 	at kotlinx.coroutines.CancellableContinuationImpl.cancel(CancellableContinuationImpl.kt:183)
12-07 08:31:22.661 27762 27762 W System.err: 	at kotlinx.coroutines.CancellableContinuationImpl.parentCancelled$kotlinx_coroutines_core(CancellableContinuationImpl.kt:190)
12-07 08:31:22.661 27762 27762 W System.err: 	at kotlinx.coroutines.ChildContinuation.invoke(JobSupport.kt:1474)
12-07 08:31:22.661 27762 27762 W System.err: 	at kotlinx.coroutines.JobSupport.notifyCancelling(JobSupport.kt:1499)
12-07 08:31:22.661 27762 27762 W System.err: 	at kotlinx.coroutines.JobSupport.tryMakeCancelling(JobSupport.kt:795)
12-07 08:31:22.661 27762 27762 W System.err: 	at kotlinx.coroutines.JobSupport.makeCancelling(JobSupport.kt:755)
12-07 08:31:22.661 27762 27762 W System.err: 	at kotlinx.coroutines.JobSupport.cancelImpl$kotlinx_coroutines_core(JobSupport.kt:671)
12-07 08:31:22.661 27762 27762 W System.err: 	at kotlinx.coroutines.JobSupport.parentCancelled(JobSupport.kt:637)
12-07 08:31:22.661 27762 27762 W System.err: 	at kotlinx.coroutines.ChildHandleNode.invoke(JobSupport.kt:1465)
12-07 08:31:22.661 27762 27762 W System.err: 	at kotlinx.coroutines.JobSupport.notifyCancelling(JobSupport.kt:1499)
12-07 08:31:22.661 27762 27762 W System.err: 	at kotlinx.coroutines.JobSupport.tryMakeCompletingSlowPath(JobSupport.kt:900)
12-07 08:31:22.661 27762 27762 W System.err: 	at kotlinx.coroutines.JobSupport.tryMakeCompleting(JobSupport.kt:863)
12-07 08:31:22.661 27762 27762 W System.err: 	at kotlinx.coroutines.JobSupport.cancelMakeCompleting(JobSupport.kt:696)
12-07 08:31:22.662 27762 27762 W System.err: 	at kotlinx.coroutines.JobSupport.cancelImpl$kotlinx_coroutines_core(JobSupport.kt:667)
12-07 08:31:22.662 27762 27762 W System.err: 	at kotlinx.coroutines.JobSupport.cancelInternal(JobSupport.kt:632)
12-07 08:31:22.663 27762 27762 W System.err: 	at kotlinx.coroutines.JobSupport.cancel(JobSupport.kt:617)
12-07 08:31:22.663 27762 27762 W System.err: 	at kotlinx.coroutines.JobKt__JobKt.cancel(Job.kt:561)
12-07 08:31:22.663 27762 27762 W System.err: 	at kotlinx.coroutines.JobKt.cancel(Unknown Source:1)
12-07 08:31:22.663 27762 27762 W System.err: 	at kotlinx.coroutines.JobKt__JobKt.cancel$default(Job.kt:560)
12-07 08:31:22.663 27762 27762 W System.err: 	at kotlinx.coroutines.JobKt.cancel$default(Unknown Source:1)
12-07 08:31:22.663 27762 27762 W System.err: 	at androidx.lifecycle.CloseableCoroutineScope.close(ViewModel.kt:51)
12-07 08:31:22.663 27762 27762 W System.err: 	at androidx.lifecycle.ViewModel.closeWithRuntimeException(ViewModel.java:188)
12-07 08:31:22.663 27762 27762 W System.err: 	at androidx.lifecycle.ViewModel.clear(ViewModel.java:134)
12-07 08:31:22.663 27762 27762 W System.err: 	at androidx.lifecycle.ViewModelStore.clear(ViewModelStore.java:62)
12-07 08:31:22.663 27762 27762 W System.err: 	at androidx.fragment.app.FragmentManagerViewModel.clearNonConfigStateInternal(FragmentManagerViewModel.java:210)
12-07 08:31:22.663 27762 27762 W System.err: 	at androidx.fragment.app.FragmentManagerViewModel.clearNonConfigState(FragmentManagerViewModel.java:190)
12-07 08:31:22.663 27762 27762 W System.err: 	at androidx.fragment.app.FragmentStateManager.destroy(FragmentStateManager.java:778)
12-07 08:31:22.663 27762 27762 W System.err: 	at androidx.fragment.app.FragmentStateManager.moveToExpectedState(FragmentStateManager.java:335)
12-07 08:31:22.663 27762 27762 W System.err: 	at androidx.fragment.app.FragmentStore.moveToExpectedState(FragmentStore.java:121)
12-07 08:31:22.663 27762 27762 W System.err: 	at androidx.fragment.app.FragmentManager.moveToState(FragmentManager.java:1374)
