12-08 06:45:43.659 14580 14628 E TestRunner: 	at io.qameta.allure.android.runners.AllureAndroidJUnit4.run(AllureAndroidJUnitRunners.kt:29)
12-08 06:45:43.659 14580 14628 E TestRunner: 	at org.junit.runners.Suite.runChild(Suite.java:128)
12-08 06:45:43.659 14580 14628 E TestRunner: 	at org.junit.runners.Suite.runChild(Suite.java:27)
12-08 06:45:43.659 14580 14628 E TestRunner: 	at org.junit.runners.ParentRunner$4.run(ParentRunner.java:331)
12-08 06:45:43.659 14580 14628 E TestRunner: 	at org.junit.runners.ParentRunner$1.schedule(ParentRunner.java:79)
12-08 06:45:43.659 14580 14628 E TestRunner: 	at org.junit.runners.ParentRunner.runChildren(ParentRunner.java:329)
12-08 06:45:43.659 14580 14628 E TestRunner: 	at org.junit.runners.ParentRunner.access$100(ParentRunner.java:66)
12-08 06:45:43.659 14580 14628 E TestRunner: 	at org.junit.runners.ParentRunner$2.evaluate(ParentRunner.java:293)
12-08 06:45:43.659 14580 14628 E TestRunner: 	at org.junit.runners.ParentRunner$3.evaluate(ParentRunner.java:306)
12-08 06:45:43.659 14580 14628 E TestRunner: 	at org.junit.runners.ParentRunner.run(ParentRunner.java:413)
12-08 06:45:43.659 14580 14628 E TestRunner: 	at org.junit.runner.JUnitCore.run(JUnitCore.java:137)
12-08 06:45:43.659 14580 14628 E TestRunner: 	at org.junit.runner.JUnitCore.run(JUnitCore.java:115)
12-08 06:45:43.659 14580 14628 E TestRunner: 	at androidx.test.internal.runner.TestExecutor.execute(Tes
12-08 06:45:43.659 14580 14628 E TestRunner: ----- end exception -----
12-08 06:45:43.662 14580 14628 I TestRunner: finished: shouldExitTheClaimCardByClickingTheButtonClose(ru.iteco.fmhandroid.ui.ClaimEditTest)
12-08 06:45:43.674  2656  3542 W GCoreFlp: No location to return for getLastLocation()
12-08 06:45:43.692  2962  3348 I MicroDetectionWorker: #startMicroDetector [speakerMode: 0]
12-08 06:45:43.693  2962  3348 W ErrorReporter: reportError [type: 211, code: 393244, bug: 0]: errorCode: 393244, engine: 0
12-08 06:45:43.695  2962  3348 I MicroDetector: Keeping mic open: false
12-08 06:45:43.695  2962  3348 I MicroDetectionWorker: #onError(false)
12-08 06:45:43.784  2656 14771 W ctxmgr  : [AclManager] No 3 for (accnt=account#-517948760#, com.google.android.gms(10112):UserVelocityProducer, vrsn=202414022, 0, 3pPkg = null ,  3pMdlId = null ,  pid = 2656). Was: 3 for 1, account#-517948760# [CONTEXT service_id=47 ]
12-08 06:45:43.798 14580 14593 I teco.fmhandroi: Background concurrent copying GC freed 122598(7779KB) AllocSpace objects, 9(4948KB) LOS objects, 41% free, 8674KB/14MB, paused 6.453ms total 114.004ms
12-08 06:45:43.883  2656 14832 I LogUtils: [Places]: ?: Couldn't find platform key file. [CONTEXT service_id=253 ]
12-08 06:45:43.885  2656  3542 W GCoreFlp: No location to return for getLastLocation()
12-08 06:45:43.915  2018  2031 I system_server: NativeAlloc concurrent copying GC freed 52522(2200KB) AllocSpace objects, 5(164KB) LOS objects, 25% free, 17MB/23MB, paused 834us total 228.060ms
12-08 06:45:43.926  2656 14771 I ctxmgr  : [ProducerStatusImpl] updateStateForNewContextData: inactive, contextName=7 [CONTEXT service_id=47 ]
12-08 06:45:43.984  2656  2656 I GeofencerStateMachine: removeGeofences: removeRequest=RemoveGeofencingRequest[REMOVE_BY_PENDING_INTENT pendingIntent=PendingIntent[creatorPackage=com.google.android.gms], packageName=com.google.android.gms]
12-08 06:45:43.989  2656 14832 I LogUtils: [Places]: ?: Couldn't find platform key file. [CONTEXT service_id=253 ]
12-08 06:45:43.990  2656  2656 I GeofencerStateMachine: removeGeofences: removeRequest=RemoveGeofencingRequest[REMOVE_BY_PENDING_INTENT pendingIntent=PendingIntent[creatorPackage=com.google.android.gms], packageName=com.google.android.gms]
12-08 06:45:43.992  2656 14832 I LogUtils: [Places]: ?: Couldn't find platform key file. [CONTEXT service_id=253 ]
12-08 06:45:43.993  2656 14861 I PlacesLogger: [PlaceInferenceEngine]: [anon] Changed inference mode: 0 [CONTEXT service_id=253 ]
12-08 06:45:43.993  2656 14832 I LogUtils: [Places]: ?: Couldn't find platform key file. [CONTEXT service_id=253 ]
12-08 06:45:43.997  2656  3542 W GCoreFlp: No location to return for getLastLocation()
12-08 06:45:44.009 14580 14628 I TestRunner: started: shouldChangeTheStatusOfTheClaimToCanceled(ru.iteco.fmhandroid.ui.ClaimEditTest)
12-08 06:45:44.050 14580 14628 W Settings: Setting always_finish_activities has moved from android.provider.Settings.System to android.provider.Settings.Global, returning read-only value.
12-08 06:45:44.054  2656  3542 W GCoreFlp: No location to return for getLastLocation()
12-08 06:45:44.064  2018  2037 I ActivityTaskManager: START u0 {act=android.intent.action.MAIN cat=[android.intent.category.LAUNCHER] flg=0x10008000 cmp=ru.iteco.fmhandroid.test/androidx.test.core.app.InstrumentationActivityInvoker$BootstrapActivity (has extras)} from uid 10146
12-08 06:45:44.070  2656 14771 I LogUtils: [Places]: ?: Couldn't find platform key file. [CONTEXT service_id=253 ]
12-08 06:45:44.085  2018  2037 W InputReader: Device has associated, but no associated display id.
12-08 06:45:44.087  2018  2037 I chatty  : uid=1000(system) Binder:2018_2 identical 19 lines
12-08 06:45:44.088  2018  2037 W InputReader: Device has associated, but no associated display id.
12-08 06:45:44.089 14639 14639 W ActivityThread: handleWindowVisibility: no activity for token android.os.BinderProxy@1f9583d
12-08 06:45:44.089  2018  2037 W InputReader: Device has associated, but no associated display id.
12-08 06:45:44.090  2018  2037 I chatty  : uid=1000(system) Binder:2018_2 identical 7 lines
12-08 06:45:44.090  2018  2037 W InputReader: Device has associated, but no associated display id.
12-08 06:45:44.097  2656  2671 I .gms.persisten: Background young concurrent copying GC freed 85291(5230KB) AllocSpace objects, 5(360KB) LOS objects, 23% free, 13MB/17MB, paused 936us total 100.923ms
12-08 06:45:44.098  2018  2037 W InputReader: Device has associated, but no associated display id.
12-08 06:45:44.098  2018  2037 I chatty  : uid=1000(system) Binder:2018_2 identical 8 lines
12-08 06:45:44.098  2018  2037 W InputReader: Device has associated, but no associated display id.
12-08 06:45:44.102  2656 14843 I LogUtils: [Places]: ?: Couldn't find platform key file. [CONTEXT service_id=253 ]
12-08 06:45:44.150  2018  7051 I ActivityTaskManager: START u0 {act=android.intent.action.MAIN cat=[android.intent.category.LAUNCHER] cmp=ru.iteco.fmhandroid/.ui.AppActivity} from uid 10146
12-08 06:45:44.150  1776  1927 D gralloc_ranchu: gralloc_alloc: Creating ashmem region of size 10108928
12-08 06:45:44.151  2656 14861 I LogUtils: [Places]: ?: PlacesBleScanner start() with priority 2 [CONTEXT service_id=253 ]
12-08 06:45:44.151  2656 14861 I PlacesLogger: [PlaceInferenceEngine]: [anon] Changed inference mode: 1 [CONTEXT service_id=253 ]
12-08 06:45:44.168  2018  7051 W InputReader: Device has associated, but no associated display id.
12-08 06:45:44.170  2018  7051 I chatty  : uid=1000(system) Binder:2018_19 identical 38 lines
12-08 06:45:44.170  2018  7051 W InputReader: Device has associated, but no associated display id.
12-08 06:45:44.174 14580 14580 W ActivityThread: handleWindowVisibility: no activity for token android.os.BinderProxy@317ef7
12-08 06:45:44.176  2018  7051 W InputReader: Device has associated, but no associated display id.
12-08 06:45:44.177  2018  7051 I chatty  : uid=1000(system) Binder:2018_19 identical 8 lines
12-08 06:45:44.177  2018  7051 W InputReader: Device has associated, but no associated display id.
12-08 06:45:44.200  2656  2656 E BeaconBle: Missing BluetoothAdapter [CONTEXT service_id=111 ]
12-08 06:45:44.200  2656  2656 I BeaconBle: BLE 'KK+' software access layer enabled [CONTEXT service_id=111 ]
12-08 06:45:44.211 14580 14580 D LifecycleMonitor: Lifecycle status change: ru.iteco.fmhandroid.ui.AppActivity@3751393 in: PRE_ON_CREATE
12-08 06:45:44.211 14580 14580 V ActivityScenario: Activity lifecycle changed event received but ignored because the reported transition was not ON_CREATE while the last known transition was PRE_ON_CREATE
12-08 06:45:44.217 14580 14616 V FA      : onActivityCreated
12-08 06:45:44.248  2018  2054 W InputReader: Device has associated, but no associated display id.
12-08 06:45:44.253  2018  2054 I chatty  : uid=1000(system) android.anim identical 8 lines
12-08 06:45:44.254  2018  2054 W InputReader: Device has associated, but no associated display id.
12-08 06:45:44.258  2962  3510 D EGL_emulation: eglMakeCurrent: 0xe597e200: ver 2 0 (tinfo 0xbffb2540)
12-08 06:45:44.261 12448 12488 D EGL_emulation: eglMakeCurrent: 0xe594d140: ver 2 0 (tinfo 0xc539bd10)
12-08 06:45:44.262  2656  2656 I BeaconBle: Client requested scan, settings=BleSettings [scanMode=ZERO_POWER, callbackType=ALL_MATCHES, reportDelayMillis=0, 1 filters, 0 clients, callingClientName=Places] [CONTEXT service_id=111 ]
12-08 06:45:44.264  2656  2656 I BeaconBle: Scan : No clients left, canceling alarm. [CONTEXT service_id=111 ]
12-08 06:45:44.266 14580 14580 D LifecycleMonitor: Lifecycle status change: ru.iteco.fmhandroid.ui.AppActivity@3751393 in: CREATED
12-08 06:45:44.266 14580 14580 V ActivityScenario: Update currentActivityStage to CREATED, currentActivity=ru.iteco.fmhandroid.ui.AppActivity@3751393
12-08 06:45:44.269  2656  2656 E BeaconBle: Scan couldn't start for Places [CONTEXT service_id=111 ]
12-08 06:45:44.273  2656  2656 W Places  : BLE failure while scanning - code 5
12-08 06:45:44.306  2656  3542 W GCoreFlp: No location to return for getLastLocation()
12-08 06:45:44.343 14580 14580 D LifecycleMonitor: Lifecycle status change: ru.iteco.fmhandroid.ui.AppActivity@3751393 in: STARTED
12-08 06:45:44.343 14580 14580 V ActivityScenario: Update currentActivityStage to STARTED, currentActivity=ru.iteco.fmhandroid.ui.AppActivity@3751393
12-08 06:45:44.345 14580 14580 D LifecycleMonitor: Lifecycle status change: ru.iteco.fmhandroid.ui.AppActivity@3751393 in: RESUMED
12-08 06:45:44.345 14580 14580 V ActivityScenario: Update currentActivityStage to RESUMED, currentActivity=ru.iteco.fmhandroid.ui.AppActivity@3751393
12-08 06:45:44.347 14580 14622 V FA      : Activity resumed, time: 62720091
12-08 06:45:44.391  1776  1927 D gralloc_ranchu: gralloc_alloc: Creating ashmem region of size 10108928
12-08 06:45:44.403  1776  1927 I chatty  : uid=1000(system) HwBinder:1776_3 identical 1 line
12-08 06:45:44.405  1776  1927 D gralloc_ranchu: gralloc_alloc: Creating ashmem region of size 10108928
12-08 06:45:44.413 14580 14675 D EGL_emulation: eglMakeCurrent: 0xe593f220: ver 2 0 (tinfo 0xf0cc0370)
12-08 06:45:44.468  2170  2566 D EGL_emulation: eglMakeCurrent: 0xe594e040: ver 2 0 (tinfo 0xc52450c0)
12-08 06:45:44.495  2018  2058 I ActivityTaskManager: Displayed ru.iteco.fmhandroid/.ui.AppActivity: +390ms
12-08 06:45:44.563  2873 14631 V FA-SVC  : Logging event: origin=auto,name=screen_view(_vs),params=Bundle[{ga_event_origin(_o)=auto, ga_previous_class(_pc)=AppActivity, ga_previous_id(_pi)=5711901681289465902, ga_screen_class(_sc)=AppActivity, ga_screen_id(_si)=5711901681289465903}]
12-08 06:45:44.588  2962 13762 I PBSessionCacheImpl: Deleted sessionId[635180290059] from persistence.
12-08 06:45:44.604  2873 14631 V FA-SVC  : Upload scheduled in approximately ms: 2753025
12-08 06:45:44.605  2873 14631 V FA-SVC  : Unscheduling upload
12-08 06:45:44.611  2873 14631 V FA-SVC  : Scheduling upload, millis: 2753025
12-08 06:45:44.618  2962  3348 W SearchServiceCore: Abort, client detached.
12-08 06:45:44.618  2873 14631 V FA-SVC  : Background event processing time, ms: 56
12-08 06:45:44.683  2656 14842 E SQLiteDatabase: Error inserting flex_time=2753000 job_id=-1 period=5507000 source=16 requires_charging=0 preferred_network_type=1 target_class=com.google.android.gms.measurement.PackageMeasurementTaskService user_id=0 target_package=com.google.android.gms tag=Measurement.PackageMeasurementTaskService.UPLOAD_TASK_TAG task_type=0 required_idleness_state=0 service_kind=0 source_version=202414000 persistence_level=1 preferred_charging_state=1 required_network_type=0 runtime=1670499944661 retry_strategy={"maximum_backoff_seconds":{"3600":0},"initial_backoff_seconds":{"30":0},"retry_policy":{"0":0}} last_runtime=0
12-08 06:45:44.683  2656 14842 E SQLiteDatabase: android.database.sqlite.SQLiteConstraintException: UNIQUE constraint failed: pending_ops.tag, pending_ops.target_class, pending_ops.target_package, pending_ops.user_id (code 2067 SQLITE_CONSTRAINT_UNIQUE)
12-08 06:45:44.683  2656 14842 E SQLiteDatabase: 	at android.database.sqlite.SQLiteConnection.nativeExecuteForLastInsertedRowId(Native Method)
12-08 06:45:44.683  2656 14842 E SQLiteDatabase: 	at android.database.sqlite.SQLiteConnection.executeForLastInsertedRowId(SQLiteConnection.java:879)
12-08 06:45:44.683  2656 14842 E SQLiteDatabase: 	at android.database.sqlite.SQLiteSession.executeForLastInsertedRowId(SQLiteSession.java:790)
12-08 06:45:44.683  2656 14842 E SQLiteDatabase: 	at android.database.sqlite.SQLiteStatement.executeInsert(SQLiteStatement.java:88)
12-08 06:45:44.683  2656 14842 E SQLiteDatabase: 	at android.database.sqlite.SQLiteDatabase.insertWithOnConflict(SQLiteDatabase.java:1599)
12-08 06:45:44.683  2656 14842 E SQLiteDatabase: 	at android.database.sqlite.SQLiteDatabase.insert(SQLiteDatabase.java:1468)
12-08 06:45:44.683  2656 14842 E SQLiteDatabase: 	at aqui.a(:com.google.android.gms@202414022@20.24.14 (040700-319035315):175)
12-08 06:45:44.683  2656 14842 E SQLiteDatabase: 	at aqtk.a(:com.google.android.gms@202414022@20.24.14 (040700-319035315):182)
12-08 06:45:44.683  2656 14842 E SQLiteDatabase: 	at aqtk.a(:com.google.android.gms@202414022@20.24.14 (040700-319035315):23)
12-08 06:45:44.683  2656 14842 E SQLiteDatabase: 	at aqtk.a(:com.google.android.gms@202414022@20.24.14 (040700-319035315):177)
12-08 06:45:44.683  2656 14842 E SQLiteDatabase: 	at aqpu.run(:com.google.android.gms@202414022@20.24.14 (040700-319035315):9)
12-08 06:45:44.683  2656 14842 E SQLiteDatabase: 	at soy.b(:com.google.android.gms@202414022@20.24.14 (040700-319035315):12)
12-08 06:45:44.683  2656 14842 E SQLiteDatabase: 	at soy.run(:com.google.android.gms@202414022@20.24.14 (040700-319035315):7)
12-08 06:45:44.683  2656 14842 E SQLiteDatabase: 	at java.util.concurrent.ThreadPoolExecutor.runWorker(ThreadPoolExecutor.java:1167)
12-08 06:45:44.683  2656 14842 E SQLiteDatabase: 	at java.util.concurrent.ThreadPoolExecutor$Worker.run(ThreadPoolExecutor.java:641)
12-08 06:45:44.683  2656 14842 E SQLiteDatabase: 	at sux.run(:com.google.android.gms@202414022@20.24.14 (040700-319035315):0)
12-08 06:45:44.683  2656 14842 E SQLiteDatabase: 	at java.lang.Thread.run(Thread.java:919)
12-08 06:45:44.729  1764  1891 W audio_hw_generic: Not supplying enough data to HAL, expected position 189382697 , only wrote 188920410
12-08 06:45:45.151 14580 14580 I ViewInteraction: Performing 'wait for a specific view with <(an instance of android.widget.TextView and view.getText() with or without transformation to match: is "Authorization" and view.getParent() view.getParent() view.getId() is <2131231186>)> during 10000 millis.' action on view view.getRootView() to equal view
12-08 06:45:45.488  2018  5837 D WificondControl: Scan result ready event
12-08 06:45:47.344 14580 14688 I okhttp.OkHttpClient: --> GET http://www.981757-ca08998.tmweb.ru:8080/fmh/authentication/userInfo
12-08 06:45:47.344 14580 14688 I okhttp.OkHttpClient: --> END GET
12-08 06:45:47.544 14580 14688 I okhttp.OkHttpClient: <-- 200 http://www.981757-ca08998.tmweb.ru:8080/fmh/authentication/userInfo (199ms)
12-08 06:45:47.544 14580 14688 I okhttp.OkHttpClient: Vary: Origin
12-08 06:45:47.544 14580 14688 I okhttp.OkHttpClient: Vary: Access-Control-Request-Method
12-08 06:45:47.544 14580 14688 I okhttp.OkHttpClient: Vary: Access-Control-Request-Headers
12-08 06:45:47.545 14580 14688 I okhttp.OkHttpClient: X-Content-Type-Options: nosniff
12-08 06:45:47.545 14580 14688 I okhttp.OkHttpClient: X-XSS-Protection: 1; mode=block
12-08 06:45:47.545 14580 14688 I okhttp.OkHttpClient: Cache-Control: no-cache, no-store, max-age=0, must-revalidate
12-08 06:45:47.545 14580 14688 I okhttp.OkHttpClient: Pragma: no-cache
12-08 06:45:47.545 14580 14688 I okhttp.OkHttpClient: Expires: 0
12-08 06:45:47.545 14580 14688 I okhttp.OkHttpClient: X-Frame-Options: DENY
12-08 06:45:47.547 14580 14688 I okhttp.OkHttpClient: Content-Type: application/json
12-08 06:45:47.547 14580 14688 I okhttp.OkHttpClient: Transfer-Encoding: chunked
12-08 06:45:47.547 14580 14688 I okhttp.OkHttpClient: Date: Thu, 08 Dec 2022 11:45:50 GMT
12-08 06:45:47.547 14580 14688 I okhttp.OkHttpClient: Keep-Alive: timeout=60
12-08 06:45:47.547 14580 14688 I okhttp.OkHttpClient: Connection: keep-alive
12-08 06:45:47.550 14580 14688 I okhttp.OkHttpClient: {"id":2,"firstName":"Данил","lastName":"Иванов","middleName":"Данилович","admin":true}
12-08 06:45:47.550 14580 14688 I okhttp.OkHttpClient: <-- END HTTP (106-byte body)
12-08 06:45:47.561 14580 14710 I okhttp.OkHttpClient: --> GET http://www.981757-ca08998.tmweb.ru:8080/fmh/claims
12-08 06:45:47.562 14580 14710 I okhttp.OkHttpClient: --> END GET
12-08 06:45:48.165 14580 14580 I Choreographer: Skipped 35 frames!  The application may be doing too much work on its main thread.
12-08 06:45:48.630 14580 14675 I OpenGLRenderer: Davey! duration=1056ms; Flags=1, IntendedVsync=62723315973785, Vsync=62723899307095, OldestInputEvent=9223372036854775807, NewestInputEvent=0, HandleInputStart=62723909855900, AnimationStart=62723909925800, PerformTraversalsStart=62723910485100, DrawStart=62723948548400, SyncQueued=62723949974300, SyncStart=62723952701100, IssueDrawCommandsStart=62723952990800, SwapBuffers=62724368318800, FrameCompleted=62724375152400, DequeueBufferDuration=440000, QueueBufferDuration=924000, 
12-08 06:45:49.577 14580 14622 V FA      : Inactivity, disconnecting from the service
12-08 06:45:49.722  2656 14842 I LogUtils: [Places]: ?: Couldn't find platform key file. [CONTEXT service_id=253 ]
12-08 06:45:49.732  2656 14862 I LogUtils: [Places]: ?: Couldn't find platform key file. [CONTEXT service_id=253 ]
12-08 06:45:49.745  2656 14861 I LogUtils: [Places]: ?: PlacesBleScanner stop() [CONTEXT service_id=253 ]
12-08 06:45:49.746  2656  2656 I BeaconBle: Scan : No clients left, canceling alarm. [CONTEXT service_id=111 ]
12-08 06:45:49.748  2656  2656 I BeaconBle: Scan canceled successfully. [CONTEXT service_id=111 ]
12-08 06:45:49.753  2656 14861 I PlacesLogger: [PlaceInferenceEngine]: [anon] Changed inference mode: 0 [CONTEXT service_id=253 ]
12-08 06:45:49.780  2656 14842 I LogUtils: [Places]: ?: Couldn't find platform key file. [CONTEXT service_id=253 ]
12-08 06:45:49.781  2656 14843 I LogUtils: [Places]: ?: Couldn't find platform key file. [CONTEXT service_id=253 ]
12-08 06:45:49.790  2656  3542 W GCoreFlp: No location to return for getLastLocation()
12-08 06:45:49.844  2656  2656 I GeofencerStateMachine: removeGeofences: removeRequest=RemoveGeofencingRequest[REMOVE_BY_PENDING_INTENT pendingIntent=PendingIntent[creatorPackage=com.google.android.gms], packageName=com.google.android.gms]
12-08 06:45:49.894 14580 14710 I okhttp.OkHttpClient: <-- 200 http://www.981757-ca08998.tmweb.ru:8080/fmh/claims (2332ms)
12-08 06:45:49.894 14580 14710 I okhttp.OkHttpClient: Vary: Origin
12-08 06:45:49.894 14580 14710 I okhttp.OkHttpClient: Vary: Access-Control-Request-Method
12-08 06:45:49.895 14580 14710 I okhttp.OkHttpClient: Vary: Access-Control-Request-Headers
12-08 06:45:49.896 14580 14710 I okhttp.OkHttpClient: X-Content-Type-Options: nosniff
12-08 06:45:49.896 14580 14710 I okhttp.OkHttpClient: X-XSS-Protection: 1; mode=block
12-08 06:45:49.897 14580 14710 I okhttp.OkHttpClient: Cache-Control: no-cache, no-store, max-age=0, must-revalidate
12-08 06:45:49.898 14580 14710 I okhttp.OkHttpClient: Pragma: no-cache
12-08 06:45:49.899 14580 14710 I okhttp.OkHttpClient: Expires: 0
12-08 06:45:49.900 14580 14710 I okhttp.OkHttpClient: X-Frame-Options: DENY
12-08 06:45:49.901 14580 14710 I okhttp.OkHttpClient: Content-Type: application/json
12-08 06:45:49.901 14580 14710 I okhttp.OkHttpClient: Transfer-Encoding: chunked
12-08 06:45:49.901 14580 14710 I okhttp.OkHttpClient: Date: Thu, 08 Dec 2022 11:45:52 GMT
12-08 06:45:49.904 14580 14710 I okhttp.OkHttpClient: Keep-Alive: timeout=60
12-08 06:45:49.904 14580 14710 I okhttp.OkHttpClient: Connection: keep-alive
12-08 06:45:51.981  1905  1905 E wifi_forwarder: RemoteConnection failed to initialize: RemoteConnection failed to open pipe
12-08 06:45:53.109  2018  2058 E memtrack: Couldn't load memtrack module
12-08 06:45:53.110  2018  2058 W android.os.Debug: failed to get memory consumption info: -1
12-08 06:45:54.635  2962  3348 I WorkerManager: dispose()
12-08 06:45:54.636  2962  3348 W ThreadPoolDumper: Queue length for executor EventBus is now 11. Perhaps some tasks are too long, or the pool is too small.
12-08 06:45:54.759  2656  2656 I BeaconBle: Scan : No clients left, canceling alarm. [CONTEXT service_id=111 ]
12-08 06:45:55.191 14580 14580 D takeScreenshot: Found 1 global views to redraw
12-08 06:45:55.244  1776  1927 D gralloc_ranchu: gralloc_alloc: Creating ashmem region of size 10108928
12-08 06:45:55.294 14580 14628 W DefaultFailureHandler: Failed to take screenshot
12-08 06:45:55.294 14580 14628 W DefaultFailureHandler: java.io.FileNotFoundException: view-op-error-9.png: open failed: EROFS (Read-only file system)
12-08 06:45:55.294 14580 14628 W DefaultFailureHandler: 	at libcore.io.IoBridge.open(IoBridge.java:496)
12-08 06:45:55.294 14580 14628 W DefaultFailureHandler: 	at java.io.FileOutputStream.<init>(FileOutputStream.java:235)
12-08 06:45:55.294 14580 14628 W DefaultFailureHandler: 	at java.io.FileOutputStream.<init>(FileOutputStream.java:125)
12-08 06:45:55.294 14580 14628 W DefaultFailureHandler: 	at androidx.test.platform.io.FileTestStorage.openOutputFile(FileTestStorage.java:60)
12-08 06:45:55.294 14580 14628 W DefaultFailureHandler: 	at androidx.test.core.graphics.BitmapStorage.writeToTestStorage(BitmapStorageExt.kt:49)
12-08 06:45:55.294 14580 14628 W DefaultFailureHandler: 	at androidx.test.espresso.base.DefaultFailureHandler.takeScreenshot(DefaultFailureHandler.java:4)
12-08 06:45:55.294 14580 14628 W DefaultFailureHandler: 	at androidx.test.espresso.base.DefaultFailureHandler.handle(DefaultFailureHandler.java:3)
12-08 06:45:55.294 14580 14628 W DefaultFailureHandler: 	at androidx.test.espresso.ViewInteraction.waitForAndHandleInteractionResults(ViewInteraction.java:8)
12-08 06:45:55.294 14580 14628 W DefaultFailureHandler: 	at androidx.test.espresso.ViewInteraction.desugaredPerform(ViewInteraction.java:11)
12-08 06:45:55.294 14580 14628 W DefaultFailureHandler: 	at androidx.test.espresso.ViewInteraction.perform(ViewInteraction.java:8)
12-08 06:45:55.294 14580 14628 W DefaultFailureHandler: 	at ru.iteco.fmhandroid.ui.data.TestUtils.waitView(TestUtils.java:61)
12-08 06:45:55.294 14580 14628 W DefaultFailureHandler: 	at ru.iteco.fmhandroid.ui.steps.AuthSteps.isAuthScreen(AuthSteps.java:56)
12-08 06:45:55.294 14580 14628 W DefaultFailureHandler: 	at ru.iteco.fmhandroid.ui.ClaimEditTest.logoutCheck(ClaimEditTest.java:54)
12-08 06:45:55.294 14580 14628 W DefaultFailureHandler: 	at java.lang.reflect.Method.invoke(Native Method)
12-08 06:45:55.294 14580 14628 W DefaultFailureHandler: 	at org.junit.runners.model.FrameworkMethod$1.runReflectiveCall(FrameworkMethod.java:59)
12-08 06:45:55.294 14580 14628 W DefaultFailureHandler: 	at org.junit.internal.runners.model.ReflectiveCallable.run(ReflectiveCallable.java:12)
12-08 06:45:55.294 14580 14628 W DefaultFailureHandler: 	at org.junit.runners.model.FrameworkMethod.invokeExplosively(FrameworkMethod.java:56)
12-08 06:45:55.294 14580 14628 W DefaultFailureHandler: 	at androidx.test.internal.runner.junit4.statement.RunBefores.evaluate(RunBefores.java:76)
12-08 06:45:55.294 14580 14628 W DefaultFailureHandler: 	at io.qameta.allure.android.rules.ScreenshotRule$apply$1.evaluate(ScreenshotRule.kt:22)
12-08 06:45:55.294 14580 14628 W DefaultFailureHandler: 	at org.junit.rules.ExternalResource$1.evaluate(ExternalResource.java:54)
12-08 06:45:55.294 14580 14628 W DefaultFailureHandler: 	at io.qameta.allure.android.rules.LogcatRule$apply$1.evaluate(LogcatRule.kt:23)
12-08 06:45:55.294 14580 14628 W DefaultFailureHandler: 	at org.junit.rules.RunRules.evaluate(RunRules.java:20)
12-08 06:45:55.294 14580 14628 W DefaultFailureHandler: 	at org.junit.runners.ParentRunner$3.evaluate(ParentRunner.java:306)
12-08 06:45:55.294 14580 14628 W DefaultFailureHandler: 	at org.junit.runners.BlockJUnit4ClassRunner$1.evaluate(BlockJUnit4ClassRunner.java:100)
12-08 06:45:55.294 14580 14628 W DefaultFailureHandler: 	at org.junit.runners.ParentRunner.runLeaf(ParentRunner.java:366)
12-08 06:45:55.294 14580 14628 W DefaultFailureHandler: 	at org.junit.runners.BlockJUnit4ClassRunner.runChild(BlockJUnit4ClassRunner.java:103)
12-08 06:45:55.294 14580 14628 W DefaultFailureHandler: 	at org.junit.runners.BlockJUnit4ClassRunner.runChild(BlockJUnit4ClassRunner.java:63)
12-08 06:45:55.294 14580 14628 W DefaultFailureHandler: 	at org.junit.runners.ParentRunner$4.run(ParentRunner.java:331)
12-08 06:45:55.294 14580 14628 W DefaultFailureHandler: 	at org.junit.runners.ParentRunner$1.schedule(ParentRunner.java:79)
12-08 06:45:55.294 14580 14628 W DefaultFailureHandler: 	at org.junit.runners.ParentRunner.runChildren(ParentRunner.java:329)
12-08 06:45:55.294 14580 14628 W DefaultFailureHandler: 	at org.junit.runners.ParentRunner.access$100(ParentRunner.java:66)
12-08 06:45:55.294 14580 14628 W DefaultFailureHandler: 	at org.junit.runners.ParentRunner$2.evaluate(ParentRunner.java:293)
12-08 06:45:55.294 14580 14628 W DefaultFailureHandler: 	at org.junit.runners.ParentRunner$3.evaluate(ParentRunner.java:306)
12-08 06:45:55.294 14580 14628 W DefaultFailureHandler: 	at org.junit.runners.ParentRunner.run(ParentRunner.java:413)
12-08 06:45:55.294 14580 14628 W DefaultFailureHandler: 	at androidx.test.ext.junit.runners.AndroidJUnit4.run(AndroidJUnit4.java:162)
12-08 06:45:55.294 14580 14628 W DefaultFailureHandler: 	at io.qameta.allure.android.runners.AllureAndroidJUnit4.run(AllureAndroidJUnitRunners.kt:29)
12-08 06:45:55.294 14580 14628 W DefaultFailureHandler: 	at org.junit.runners.Suite.runChild(Suite.java:128)
12-08 06:45:55.294 14580 14628 W DefaultFailureHandler: 	at org.junit.runners.Suite.runChild(Suite.java:27)
12-08 06:45:55.294 14580 14628 W DefaultFailureHandler: 	at org.junit.runners.ParentRunner$4.run(ParentRunner.java:331)
12-08 06:45:55.294 14580 14628 W DefaultFailureHandler: 	at org.junit.runners.ParentRunner$1.schedule(ParentRunner.java:79)
12-08 06:45:55.294 14580 14628 W DefaultFailureHandler: 	at org.junit.runners.ParentRunner.runChildren(ParentRunner.java:329)
12-08 06:45:55.294 14580 14628 W DefaultFailureHandler: 	at org.junit.runners.ParentRunner.access$100(ParentRunner.java:66)
12-08 06:45:55.294 14580 14628 W DefaultFailureHandler: 	at org.junit.runners.ParentRunner$2.evaluate(ParentRunner.java:293)
12-08 06:45:55.294 14580 14628 W DefaultFailureHandler: 	at org.junit.runners.ParentRunner$3.evaluate(ParentRunner.java:306)
12-08 06:45:55.294 14580 14628 W DefaultFailureHandler: 	at org.junit.runners.ParentRunner.run(ParentRunner.java:413)
12-08 06:45:55.294 14580 14628 W DefaultFailureHandler: 	at org.junit.runner.JUnitCore.run(JUnitCore.java:137)
12-08 06:45:55.294 14580 14628 W DefaultFailureHandler: 	at org.junit.runner.JUnitCore.run(JUnitCore.java:115)
12-08 06:45:55.294 14580 14628 W DefaultFailureHandler: 	at androidx.test.internal.runner.TestExecutor.execute(TestExecutor.java:67)
12-08 06:45:55.294 14580 14628 W DefaultFailureHandler: 	at androidx.test.internal.runner.TestExecutor.execute(TestExecutor.java:58)
12-08 06:45:55.294 14580 14628 W DefaultFailureHandler: 	at androidx.test.runner.AndroidJUnitRunner.onStart(AndroidJUnitRunner.java:438)
12-08 06:45:55.294 14580 14628 W DefaultFailureHandler: 	at android.app.Instrumentation$InstrumentationThread.run(Instrumentation.java:2189)
12-08 06:45:55.294 14580 14628 W DefaultFailureHandler: Caused by: android.system.ErrnoException: open failed: EROFS (Read-only file system)
12-08 06:45:55.294 14580 14628 W DefaultFailureHandler: 	at libcore.io.Linux.open(Native Method)
12-08 06:45:55.294 14580 14628 W DefaultFailureHandler: 	at libcore.io.ForwardingOs.open(ForwardingOs.java:167)
12-08 06:45:55.294 14580 14628 W DefaultFailureHandler: 	at libcore.io.BlockGuardOs.open(BlockGuardOs.java:252)
12-08 06:45:55.294 14580 14628 W DefaultFailureHandler: 	at libcore.io.ForwardingOs.open(ForwardingOs.java:167)
12-08 06:45:55.294 14580 14628 W DefaultFailureHandler: 	at android.app.ActivityThread$AndroidOs.open(ActivityThread.java:7255)
12-08 06:45:55.294 14580 14628 W DefaultFailureHandler: 	at libcore.io.IoBridge.open(IoBridge.java:482)
12-08 06:45:55.294 14580 14628 W DefaultFailureHandler: 	... 50 more
12-08 06:45:55.299 14580 14580 I ViewInteraction: Performing 'wait for a specific view with <view.getId() is <2131230870/ru.iteco.fmhandroid:id/authorization_image_button>> during 10000 millis.' action on view view.getRootView() to equal view
12-08 06:45:55.302 14580 14580 I ViewInteraction: Checking 'MatchesViewAssertion{viewMatcher=(view has effective visibility <VISIBLE> and view.getGlobalVisibleRect() to return non-empty rectangle)}' assertion on view view.getId() is <2131230870/ru.iteco.fmhandroid:id/authorization_image_button>
12-08 06:45:55.305 14580 14580 I ViewInteraction: Performing 'single click' action on view view.getId() is <2131230870/ru.iteco.fmhandroid:id/authorization_image_button>
12-08 06:45:55.375  1764  6994 W audio_hw_generic: Not supplying enough data to HAL, expected position 188920445 , only wrote 188920410
12-08 06:45:55.427  1776  1927 D gralloc_ranchu: gralloc_alloc: Creating ashmem region of size 884736
12-08 06:45:55.437  1776  1927 I chatty  : uid=1000(system) HwBinder:1776_3 identical 1 line
12-08 06:45:55.441  1776  1927 D gralloc_ranchu: gralloc_alloc: Creating ashmem region of size 884736
12-08 06:45:55.453 14580 14675 D EGL_emulation: eglMakeCurrent: 0xe593f220: ver 2 0 (tinfo 0xf0cc0370)
12-08 06:45:55.540 14580 14675 I chatty  : uid=10146(ru.iteco.fmhandroid) RenderThread identical 3 lines
12-08 06:45:55.563 14580 14675 D EGL_emulation: eglMakeCurrent: 0xe593f220: ver 2 0 (tinfo 0xf0cc0370)
12-08 06:45:55.787 14580 14580 I ViewInteraction: Performing 'wait for a specific view with <an instance of android.widget.TextView and view.getText() with or without transformation to match: is "Log out"> during 10000 millis.' action on view view.getRootView() to equal view
12-08 06:45:55.789 14580 14580 I ViewInteraction: Checking 'MatchesViewAssertion{viewMatcher=(view has effective visibility <VISIBLE> and view.getGlobalVisibleRect() to return non-empty rectangle)}' assertion on view an instance of android.widget.TextView and view.getText() with or without transformation to match: is "Log out"
12-08 06:45:55.792 14580 14580 I ViewInteraction: Performing 'single click' action on view an instance of android.widget.TextView and view.getText() with or without transformation to match: is "Log out"
12-08 06:45:56.008 14580 14675 D EGL_emulation: eglMakeCurrent: 0xe593f220: ver 2 0 (tinfo 0xf0cc0370)
12-08 06:45:56.055 14580 14675 D EGL_emulation: eglMakeCurrent: 0xe593f220: ver 2 0 (tinfo 0xf0cc0370)
12-08 06:45:56.160 14580 14580 I ViewInteraction: Performing 'wait for a specific view with <(an instance of android.widget.TextView and view.getText() with or without transformation to match: is "Authorization" and view.getParent() view.getParent() view.getId() is <2131231186>)> during 10000 millis.' action on view view.getRootView() to equal view
12-08 06:45:56.168 14580 14580 I ViewInteraction: Checking 'MatchesViewAssertion{viewMatcher=(view has effective visibility <VISIBLE> and view.getGlobalVisibleRect() to return non-empty rectangle)}' assertion on view (an instance of android.widget.TextView and view.getText() with or without transformation to match: is "Authorization" and view.getParent() view.getParent() view.getId() is <2131231186/ru.iteco.fmhandroid:id/nav_host_fragment>)
12-08 06:45:56.173 14580 14580 I ViewInteraction: Performing 'wait for a specific view with <(an instance of android.widget.TextView and view.getHint() matching: is "Login" and view.getParent() view.getParent() view.getId() is <2131231121/ru.iteco.fmhandroid:id/login_text_input_layout>)> during 10000 millis.' action on view view.getRootView() to equal view
12-08 06:45:56.179 14580 14580 I ViewInteraction: Checking 'MatchesViewAssertion{viewMatcher=(view has effective visibility <VISIBLE> and view.getGlobalVisibleRect() to return non-empty rectangle)}' assertion on view (an instance of android.widget.TextView and view.getHint() matching: is "Login" and view.getParent() view.getParent() view.getId() is <2131231121/ru.iteco.fmhandroid:id/login_text_input_layout>)
12-08 06:45:56.184 14580 14580 I ViewInteraction: Performing 'wait for a specific view with <(an instance of android.widget.TextView and view.getHint() matching: is "Password" and view.getParent() view.getParent() view.getId() is <2131231264/ru.iteco.fmhandroid:id/password_text_input_layout>)> during 10000 millis.' action on view view.getRootView() to equal view
12-08 06:45:56.190 14580 14580 I ViewInteraction: Checking 'MatchesViewAssertion{viewMatcher=(view has effective visibility <VISIBLE> and view.getGlobalVisibleRect() to return non-empty rectangle)}' assertion on view (an instance of android.widget.TextView and view.getHint() matching: is "Password" and view.getParent() view.getParent() view.getId() is <2131231264/ru.iteco.fmhandroid:id/password_text_input_layout>)
12-08 06:45:56.197 14580 14580 I ViewInteraction: Performing 'wait for a specific view with <(view.getId() is <2131231039/ru.iteco.fmhandroid:id/enter_button> and an instance of android.widget.TextView and view.getText() with or without transformation to match: is "SIGN IN" and view.getContentDescription() is "Save" and view.getParent() view.getParent() an instance of android.widget.RelativeLayout)> during 10000 millis.' action on view view.getRootView() to equal view
12-08 06:45:56.202 14580 14580 I ViewInteraction: Checking 'MatchesViewAssertion{viewMatcher=(view has effective visibility <VISIBLE> and view.getGlobalVisibleRect() to return non-empty rectangle)}' assertion on view (view.getId() is <2131231039/ru.iteco.fmhandroid:id/enter_button> and an instance of android.widget.TextView and view.getText() with or without transformation to match: is "SIGN IN" and view.getContentDescription() is "Save" and view.getParent() view.getParent() an instance of android.widget.RelativeLayout)
12-08 06:45:56.207 14580 14580 I ViewInteraction: Performing 'wait for a specific view with <(an instance of android.widget.TextView and view.getText() with or without transformation to match: is "Authorization" and view.getParent() view.getParent() view.getId() is <2131231186>)> during 10000 millis.' action on view view.getRootView() to equal view
12-08 06:45:56.213 14580 14580 I ViewInteraction: Checking 'MatchesViewAssertion{viewMatcher=(view has effective visibility <VISIBLE> and view.getGlobalVisibleRect() to return non-empty rectangle)}' assertion on view (an instance of android.widget.TextView and view.getText() with or without transformation to match: is "Authorization" and view.getParent() view.getParent() view.getId() is <2131231186/ru.iteco.fmhandroid:id/nav_host_fragment>)
12-08 06:45:56.218 14580 14580 I ViewInteraction: Performing 'wait for a specific view with <(an instance of android.widget.TextView and view.getHint() matching: is "Login" and view.getParent() view.getParent() view.getId() is <2131231121/ru.iteco.fmhandroid:id/login_text_input_layout>)> during 10000 millis.' action on view view.getRootView() to equal view
12-08 06:45:56.223 14580 14580 I ViewInteraction: Checking 'MatchesViewAssertion{viewMatcher=(view has effective visibility <VISIBLE> and view.getGlobalVisibleRect() to return non-empty rectangle)}' assertion on view (an instance of android.widget.TextView and view.getHint() matching: is "Login" and view.getParent() view.getParent() view.getId() is <2131231121/ru.iteco.fmhandroid:id/login_text_input_layout>)
12-08 06:45:56.228 14580 14580 I ViewInteraction: Performing 'wait for a specific view with <(an instance of android.widget.TextView and view.getHint() matching: is "Password" and view.getParent() view.getParent() view.getId() is <2131231264/ru.iteco.fmhandroid:id/password_text_input_layout>)> during 10000 millis.' action on view view.getRootView() to equal view
12-08 06:45:56.234 14580 14580 I ViewInteraction: Checking 'MatchesViewAssertion{viewMatcher=(view has effective visibility <VISIBLE> and view.getGlobalVisibleRect() to return non-empty rectangle)}' assertion on view (an instance of android.widget.TextView and view.getHint() matching: is "Password" and view.getParent() view.getParent() view.getId() is <2131231264/ru.iteco.fmhandroid:id/password_text_input_layout>)
12-08 06:45:56.239 14580 14580 I ViewInteraction: Performing 'wait for a specific view with <(view.getId() is <2131231039/ru.iteco.fmhandroid:id/enter_button> and an instance of android.widget.TextView and view.getText() with or without transformation to match: is "SIGN IN" and view.getContentDescription() is "Save" and view.getParent() view.getParent() an instance of android.widget.RelativeLayout)> during 10000 millis.' action on view view.getRootView() to equal view
12-08 06:45:56.242 14580 14580 I ViewInteraction: Checking 'MatchesViewAssertion{viewMatcher=(view has effective visibility <VISIBLE> and view.getGlobalVisibleRect() to return non-empty rectangle)}' assertion on view (view.getId() is <2131231039/ru.iteco.fmhandroid:id/enter_button> and an instance of android.widget.TextView and view.getText() with or without transformation to match: is "SIGN IN" and view.getContentDescription() is "Save" and view.getParent() view.getParent() an instance of android.widget.RelativeLayout)
12-08 06:45:56.245 14580 14580 I ViewInteraction: Performing 'wait for a specific view with <(an instance of android.widget.TextView and view.getHint() matching: is "Login" and view.getParent() view.getParent() view.getId() is <2131231121/ru.iteco.fmhandroid:id/login_text_input_layout>)> during 10000 millis.' action on view view.getRootView() to equal view
12-08 06:45:56.252 14580 14580 I ViewInteraction: Performing 'replace text(login2)' action on view (an instance of android.widget.TextView and view.getHint() matching: is "Login" and view.getParent() view.getParent() view.getId() is <2131231121/ru.iteco.fmhandroid:id/login_text_input_layout>)
12-08 06:45:56.296 14580 14580 I ViewInteraction: Performing 'wait for a specific view with <(an instance of android.widget.TextView and view.getHint() matching: is "Password" and view.getParent() view.getParent() view.getId() is <2131231264/ru.iteco.fmhandroid:id/password_text_input_layout>)> during 10000 millis.' action on view view.getRootView() to equal view
12-08 06:45:56.301 14580 14580 I ViewInteraction: Performing 'replace text(password2)' action on view (an instance of android.widget.TextView and view.getHint() matching: is "Password" and view.getParent() view.getParent() view.getId() is <2131231264/ru.iteco.fmhandroid:id/password_text_input_layout>)
12-08 06:45:56.346 14580 14580 I ViewInteraction: Performing 'wait for a specific view with <(view.getId() is <2131231039/ru.iteco.fmhandroid:id/enter_button> and an instance of android.widget.TextView and view.getText() with or without transformation to match: is "SIGN IN" and view.getContentDescription() is "Save" and view.getParent() view.getParent() an instance of android.widget.RelativeLayout)> during 10000 millis.' action on view view.getRootView() to equal view
12-08 06:45:56.368 14580 14580 I ViewInteraction: Checking 'MatchesViewAssertion{viewMatcher=view.isClickable() is <true>}' assertion on view (view.getId() is <2131231039/ru.iteco.fmhandroid:id/enter_button> and an instance of android.widget.TextView and view.getText() with or without transformation to match: is "SIGN IN" and view.getContentDescription() is "Save" and view.getParent() view.getParent() an instance of android.widget.RelativeLayout)
12-08 06:45:56.372 14580 14580 I ViewInteraction: Performing 'wait for a specific view with <(view.getId() is <2131231039/ru.iteco.fmhandroid:id/enter_button> and an instance of android.widget.TextView and view.getText() with or without transformation to match: is "SIGN IN" and view.getContentDescription() is "Save" and view.getParent() view.getParent() an instance of android.widget.RelativeLayout)> during 10000 millis.' action on view view.getRootView() to equal view
12-08 06:45:56.377 14580 14580 I ViewInteraction: Checking 'MatchesViewAssertion{viewMatcher=view.isClickable() is <true>}' assertion on view (view.getId() is <2131231039/ru.iteco.fmhandroid:id/enter_button> and an instance of android.widget.TextView and view.getText() with or without transformation to match: is "SIGN IN" and view.getContentDescription() is "Save" and view.getParent() view.getParent() an instance of android.widget.RelativeLayout)
12-08 06:45:56.385 14580 14580 I ViewInteraction: Performing 'wait for a specific view with <(view.getId() is <2131231039/ru.iteco.fmhandroid:id/enter_button> and an instance of android.widget.TextView and view.getText() with or without transformation to match: is "SIGN IN" and view.getContentDescription() is "Save" and view.getParent() view.getParent() an instance of android.widget.RelativeLayout)> during 10000 millis.' action on view view.getRootView() to equal view
12-08 06:45:56.392 14580 14580 I ViewInteraction: Performing 'single click' action on view (view.getId() is <2131231039/ru.iteco.fmhandroid:id/enter_button> and an instance of android.widget.TextView and view.getText() with or without transformation to match: is "SIGN IN" and view.getContentDescription() is "Save" and view.getParent() view.getParent() an instance of android.widget.RelativeLayout)
12-08 06:45:56.450 14580 14707 I okhttp.OkHttpClient: --> POST http://www.981757-ca08998.tmweb.ru:8080/fmh/authentication/login
12-08 06:45:56.451 14580 14707 I okhttp.OkHttpClient: Content-Type: application/json; charset=UTF-8
12-08 06:45:56.451 14580 14707 I okhttp.OkHttpClient: Content-Length: 41
12-08 06:45:56.451 14580 14707 I okhttp.OkHttpClient: {"login":"login2","password":"password2"}
12-08 06:45:56.452 14580 14707 I okhttp.OkHttpClient: --> END POST (41-byte body)
12-08 06:45:56.674 14580 14707 I okhttp.OkHttpClient: <-- 200 http://www.981757-ca08998.tmweb.ru:8080/fmh/authentication/login (221ms)
12-08 06:45:56.674 14580 14707 I okhttp.OkHttpClient: Vary: Origin
12-08 06:45:56.674 14580 14707 I okhttp.OkHttpClient: Vary: Access-Control-Request-Method
12-08 06:45:56.674 14580 14707 I okhttp.OkHttpClient: Vary: Access-Control-Request-Headers
12-08 06:45:56.674 14580 14707 I okhttp.OkHttpClient: X-Content-Type-Options: nosniff
12-08 06:45:56.674 14580 14707 I okhttp.OkHttpClient: X-XSS-Protection: 1; mode=block
12-08 06:45:56.675 14580 14707 I okhttp.OkHttpClient: Cache-Control: no-cache, no-store, max-age=0, must-revalidate
12-08 06:45:56.675 14580 14707 I okhttp.OkHttpClient: Pragma: no-cache
12-08 06:45:56.675 14580 14707 I okhttp.OkHttpClient: Expires: 0
12-08 06:45:56.675 14580 14707 I okhttp.OkHttpClient: X-Frame-Options: DENY
12-08 06:45:56.675 14580 14707 I okhttp.OkHttpClient: Content-Type: application/json
12-08 06:45:56.675 14580 14707 I okhttp.OkHttpClient: Transfer-Encoding: chunked
12-08 06:45:56.675 14580 14707 I okhttp.OkHttpClient: Date: Thu, 08 Dec 2022 11:45:59 GMT
12-08 06:45:56.676 14580 14707 I okhttp.OkHttpClient: Keep-Alive: timeout=60
12-08 06:45:56.676 14580 14707 I okhttp.OkHttpClient: Connection: keep-alive
12-08 06:45:56.678 14580 14707 I okhttp.OkHttpClient: {"accessToken":"eyJhbGciOiJIUzUxMiJ9.eyJzdWIiOiJsb2dpbjIiLCJqdGkiOiIyIiwiZXhwIjoxNjcwNTg2MzU5fQ.rya8M1UeL4jVredUYJBLv8YTn23ziI3VHwyKe8e0Ca2b-rJb76VKjE9CJMeNRkFvh8lq1-E_4mVstADjlKf-0g","refreshToken":"eyJhbGciOiJIUzUxMiJ9.eyJzdWIiOiJsb2dpbjIiLCJqdGkiOiIyIiwiZXhwIjoxNjczMDkxOTU5fQ._J6rn1yg1y3pglyLTnKdRXFepTTfsNYp49aCWOqsmeZwpQ7fimHs-wndJoH9mNnTJiY-S8f2ZWUiu20iJa_ybg"}
12-08 06:45:56.678 14580 14707 I okhttp.OkHttpClient: <-- END HTTP (368-byte body)
12-08 06:45:56.684 14580 14688 I okhttp.OkHttpClient: --> GET http://www.981757-ca08998.tmweb.ru:8080/fmh/authentication/userInfo
12-08 06:45:56.684 14580 14688 I okhttp.OkHttpClient: --> END GET
12-08 06:45:56.688 14580 14580 I ViewInteraction: Performing 'wait for a specific view with <an instance of android.widget.TextView and view.getText() with or without transformation to match: is "News"> during 10000 millis.' action on view view.getRootView() to equal view
12-08 06:45:57.574 14580 14688 I okhttp.OkHttpClient: <-- 200 http://www.981757-ca08998.tmweb.ru:8080/fmh/authentication/userInfo (889ms)
12-08 06:45:57.575 14580 14688 I okhttp.OkHttpClient: Vary: Origin
12-08 06:45:57.575 14580 14688 I okhttp.OkHttpClient: Vary: Access-Control-Request-Method
12-08 06:45:57.575 14580 14688 I okhttp.OkHttpClient: Vary: Access-Control-Request-Headers
12-08 06:45:57.575 14580 14688 I okhttp.OkHttpClient: X-Content-Type-Options: nosniff
12-08 06:45:57.575 14580 14688 I okhttp.OkHttpClient: X-XSS-Protection: 1; mode=block
12-08 06:45:57.575 14580 14688 I okhttp.OkHttpClient: Cache-Control: no-cache, no-store, max-age=0, must-revalidate
12-08 06:45:57.575 14580 14688 I okhttp.OkHttpClient: Pragma: no-cache
12-08 06:45:57.575 14580 14688 I okhttp.OkHttpClient: Expires: 0
12-08 06:45:57.576 14580 14688 I okhttp.OkHttpClient: X-Frame-Options: DENY
12-08 06:45:57.576 14580 14688 I okhttp.OkHttpClient: Content-Type: application/json
12-08 06:45:57.576 14580 14688 I okhttp.OkHttpClient: Transfer-Encoding: chunked
12-08 06:45:57.576 14580 14688 I okhttp.OkHttpClient: Date: Thu, 08 Dec 2022 11:45:59 GMT
12-08 06:45:57.576 14580 14688 I okhttp.OkHttpClient: Keep-Alive: timeout=60
12-08 06:45:57.576 14580 14688 I okhttp.OkHttpClient: Connection: keep-alive
12-08 06:45:57.578 14580 14688 I okhttp.OkHttpClient: {"id":2,"firstName":"Данил","lastName":"Иванов","middleName":"Данилович","admin":true}
12-08 06:45:57.580 14580 14688 I okhttp.OkHttpClient: <-- END HTTP (106-byte body)
12-08 06:45:57.593 14580 14693 I okhttp.OkHttpClient: --> GET http://www.981757-ca08998.tmweb.ru:8080/fmh/claims
12-08 06:45:57.593 14580 14693 I okhttp.OkHttpClient: --> END GET
12-08 06:45:57.598  1744 14874 E ResolverController: No valid NAT64 prefix (108, <unspecified>/0)
12-08 06:45:57.955 14580 14580 I ViewInteraction: Checking 'MatchesViewAssertion{viewMatcher=(view has effective visibility <VISIBLE> and view.getGlobalVisibleRect() to return non-empty rectangle)}' assertion on view an instance of android.widget.TextView and view.getText() with or without transformation to match: is "News"
12-08 06:45:57.964 14580 14580 I ViewInteraction: Performing 'wait for a specific view with <view.getId() is <2131230951>> during 10000 millis.' action on view view.getRootView() to equal view
12-08 06:45:57.969 14580 14580 I ViewInteraction: Checking 'MatchesViewAssertion{viewMatcher=(view has effective visibility <VISIBLE> and view.getGlobalVisibleRect() to return non-empty rectangle)}' assertion on view view.getId() is <2131230951/ru.iteco.fmhandroid:id/container_list_news_include_on_fragment_main>
12-08 06:45:57.975 14580 14580 I ViewInteraction: Performing 'wait for a specific view with <view.getId() is <2131230949>> during 10000 millis.' action on view view.getRootView() to equal view
12-08 06:45:57.982 14580 14580 I ViewInteraction: Checking 'MatchesViewAssertion{viewMatcher=(view has effective visibility <VISIBLE> and view.getGlobalVisibleRect() to return non-empty rectangle)}' assertion on view view.getId() is <2131230949/ru.iteco.fmhandroid:id/container_list_claim_include_on_fragment_main>
12-08 06:45:58.007 14580 14580 I ViewInteraction: Performing 'wait for a specific view with <an instance of android.widget.TextView and view.getText() with or without transformation to match: is "Claims"> during 10000 millis.' action on view view.getRootView() to equal view
12-08 06:45:58.012 14580 14580 I ViewInteraction: Checking 'MatchesViewAssertion{viewMatcher=(view has effective visibility <VISIBLE> and view.getGlobalVisibleRect() to return non-empty rectangle)}' assertion on view an instance of android.widget.TextView and view.getText() with or without transformation to match: is "Claims"
12-08 06:45:58.017 14580 14580 I ViewInteraction: Performing 'wait for a specific view with <view.getId() is <2131231123/ru.iteco.fmhandroid:id/main_menu_image_button>> during 10000 millis.' action on view view.getRootView() to equal view
12-08 06:45:58.023 14580 14580 I ViewInteraction: Performing 'single click' action on view view.getId() is <2131231123/ru.iteco.fmhandroid:id/main_menu_image_button>
12-08 06:45:58.142  1776  1927 D gralloc_ranchu: gralloc_alloc: Creating ashmem region of size 2015232
12-08 06:45:58.152  1776  1825 D gralloc_ranchu: gralloc_alloc: Creating ashmem region of size 2015232
12-08 06:45:58.154  1776  1825 D gralloc_ranchu: gralloc_alloc: Creating ashmem region of size 2015232
12-08 06:45:58.181 14580 14675 D EGL_emulation: eglMakeCurrent: 0xe593f220: ver 2 0 (tinfo 0xf0cc0370)
12-08 06:45:58.263 14580 14675 I chatty  : uid=10146(ru.iteco.fmhandroid) RenderThread identical 3 lines
12-08 06:45:58.275 14580 14675 D EGL_emulation: eglMakeCurrent: 0xe593f220: ver 2 0 (tinfo 0xf0cc0370)
12-08 06:45:58.506 14580 14580 I ViewInteraction: Performing 'wait for a specific view with <an instance of android.widget.TextView and view.getText() with or without transformation to match: is "Claims"> during 10000 millis.' action on view view.getRootView() to equal view
