12-08 10:31:04.544  2018  2130 I chatty  : uid=1000(system) Binder:2018_4 identical 8 lines
12-08 10:31:04.544  2018  2130 W InputReader: Device has associated, but no associated display id.
12-08 10:31:04.576 10617 10617 D LifecycleMonitor: Lifecycle status change: ru.iteco.fmhandroid.ui.AppActivity@ebd438f in: PRE_ON_CREATE
12-08 10:31:04.577 10617 10617 V ActivityScenario: Activity lifecycle changed event received but ignored because the reported transition was not ON_CREATE while the last known transition was PRE_ON_CREATE
12-08 10:31:04.583 10617 10947 V FA      : onActivityCreated
12-08 10:31:04.623 10617 10617 D LifecycleMonitor: Lifecycle status change: ru.iteco.fmhandroid.ui.AppActivity@ebd438f in: CREATED
12-08 10:31:04.624 10617 10617 V ActivityScenario: Update currentActivityStage to CREATED, currentActivity=ru.iteco.fmhandroid.ui.AppActivity@ebd438f
12-08 10:31:04.644  2018  2054 W InputReader: Device has associated, but no associated display id.
12-08 10:31:04.653  2018  2054 I chatty  : uid=1000(system) android.anim identical 18 lines
12-08 10:31:04.654  2018  2054 W InputReader: Device has associated, but no associated display id.
12-08 10:31:04.659  1776  1927 D gralloc_ranchu: gralloc_alloc: Creating ashmem region of size 6471680
12-08 10:31:04.706  1776  1927 D gralloc_ranchu: gralloc_alloc: Creating ashmem region of size 10108928
12-08 10:31:04.720 10617 10617 D LifecycleMonitor: Lifecycle status change: ru.iteco.fmhandroid.ui.AppActivity@ebd438f in: STARTED
12-08 10:31:04.720 10617 10617 V ActivityScenario: Update currentActivityStage to STARTED, currentActivity=ru.iteco.fmhandroid.ui.AppActivity@ebd438f
12-08 10:31:04.724 10617 10617 D LifecycleMonitor: Lifecycle status change: ru.iteco.fmhandroid.ui.AppActivity@ebd438f in: RESUMED
12-08 10:31:04.725 10617 10617 V ActivityScenario: Update currentActivityStage to RESUMED, currentActivity=ru.iteco.fmhandroid.ui.AppActivity@ebd438f
12-08 10:31:04.735 10617 11145 V FA      : Activity resumed, time: 58411761
12-08 10:31:04.794  2170  2566 D EGL_emulation: eglMakeCurrent: 0xe594e040: ver 2 0 (tinfo 0xc52450c0)
12-08 10:31:04.796  8437  8470 D EGL_emulation: eglMakeCurrent: 0xe59eb0c0: ver 2 0 (tinfo 0xf0cc0670)
12-08 10:31:04.799  8437  8470 D EGL_emulation: eglMakeCurrent: 0xf0c7e5c0: ver 2 0 (tinfo 0xf0cc0670)
12-08 10:31:04.806  8437  8470 D EGL_emulation: eglMakeCurrent: 0xe59eb0c0: ver 2 0 (tinfo 0xf0cc0670)
12-08 10:31:04.807  1776  1927 D gralloc_ranchu: gralloc_alloc: Creating ashmem region of size 10108928
12-08 10:31:04.815  8437  8470 D EGL_emulation: eglMakeCurrent: 0xf0c7e5c0: ver 2 0 (tinfo 0xf0cc0670)
12-08 10:31:04.818  1776  1927 D gralloc_ranchu: gralloc_alloc: Creating ashmem region of size 10108928
12-08 10:31:04.821  1776  1927 D gralloc_ranchu: gralloc_alloc: Creating ashmem region of size 10108928
12-08 10:31:04.824 10617 10708 D EGL_emulation: eglMakeCurrent: 0xdd81b560: ver 2 0 (tinfo 0xc32257b0)
12-08 10:31:04.827  2170  2566 D EGL_emulation: eglMakeCurrent: 0xe594e040: ver 2 0 (tinfo 0xc52450c0)
12-08 10:31:04.831  8437  8470 D EGL_emulation: eglMakeCurrent: 0xe59eb0c0: ver 2 0 (tinfo 0xf0cc0670)
12-08 10:31:04.864  8437  8470 D EGL_emulation: eglMakeCurrent: 0xf0c7e5c0: ver 2 0 (tinfo 0xf0cc0670)
12-08 10:31:04.971  1764  6994 W audio_hw_generic: Not supplying enough data to HAL, expected position 165814015 , only wrote 165811850
12-08 10:31:04.973  1764  6994 W audio_hw_generic: Not supplying enough data to HAL, expected position 165811895 , only wrote 165811850
12-08 10:31:04.988  1764  6994 W audio_hw_generic: Not supplying enough data to HAL, expected position 165812548 , only wrote 165812511
12-08 10:31:04.995  8437  8470 D EGL_emulation: eglMakeCurrent: 0xe59eb0c0: ver 2 0 (tinfo 0xf0cc0670)
12-08 10:31:04.998  8344  8376 D EGL_emulation: eglMakeCurrent: 0xe59ed1c0: ver 2 0 (tinfo 0xe59d9f10)
12-08 10:31:05.011  2170  2186 I ndroid.systemu: NativeAlloc concurrent copying GC freed 967(134KB) AllocSpace objects, 0(0B) LOS objects, 49% free, 5520KB/10MB, paused 880us total 175.289ms
12-08 10:31:05.050  1764  1891 W audio_hw_generic: Not supplying enough data to HAL, expected position 165817165 , only wrote 165815155
12-08 10:31:05.074  2170  2566 D EGL_emulation: eglMakeCurrent: 0xe594e040: ver 2 0 (tinfo 0xc52450c0)
12-08 10:31:05.076  8344  8393 I cr_BindingManager: onTrimMemory: level=20, size=0
12-08 10:31:05.118  2018  2058 I ActivityTaskManager: Displayed ru.iteco.fmhandroid/.ui.AppActivity: +691ms
12-08 10:31:05.226  2018  2160 E ClipboardService: Denying clipboard access to com.android.chrome, application is not in focus neither is a system service for user 0
12-08 10:31:05.331  2873 11152 V FA-SVC  : Logging event: origin=auto,name=screen_view(_vs),params=Bundle[{ga_event_origin(_o)=auto, ga_previous_class(_pc)=AppActivity, ga_previous_id(_pi)=-647014990109867665, ga_screen_class(_sc)=AppActivity, ga_screen_id(_si)=-647014990109867664}]
12-08 10:31:05.350  2873 11152 V FA-SVC  : Upload scheduled in approximately ms: 2319165
12-08 10:31:05.350  2873 11152 V FA-SVC  : Unscheduling upload
12-08 10:31:05.354  2873 11152 V FA-SVC  : Scheduling upload, millis: 2319165
12-08 10:31:05.359  2873 11152 V FA-SVC  : Background event processing time, ms: 28
12-08 10:31:05.426  2656  8077 E SQLiteDatabase: Error inserting flex_time=2319000 job_id=-1 period=4639000 source=16 requires_charging=0 preferred_network_type=1 target_class=com.google.android.gms.measurement.PackageMeasurementTaskService user_id=0 target_package=com.google.android.gms tag=Measurement.PackageMeasurementTaskService.UPLOAD_TASK_TAG task_type=0 required_idleness_state=0 service_kind=0 source_version=202414000 persistence_level=1 preferred_charging_state=1 required_network_type=0 runtime=1670495465377 retry_strategy={"maximum_backoff_seconds":{"3600":0},"initial_backoff_seconds":{"30":0},"retry_policy":{"0":0}} last_runtime=0
12-08 10:31:05.426  2656  8077 E SQLiteDatabase: android.database.sqlite.SQLiteConstraintException: UNIQUE constraint failed: pending_ops.tag, pending_ops.target_class, pending_ops.target_package, pending_ops.user_id (code 2067 SQLITE_CONSTRAINT_UNIQUE)
12-08 10:31:05.426  2656  8077 E SQLiteDatabase: 	at android.database.sqlite.SQLiteConnection.nativeExecuteForLastInsertedRowId(Native Method)
12-08 10:31:05.426  2656  8077 E SQLiteDatabase: 	at android.database.sqlite.SQLiteConnection.executeForLastInsertedRowId(SQLiteConnection.java:879)
12-08 10:31:05.426  2656  8077 E SQLiteDatabase: 	at android.database.sqlite.SQLiteSession.executeForLastInsertedRowId(SQLiteSession.java:790)
12-08 10:31:05.426  2656  8077 E SQLiteDatabase: 	at android.database.sqlite.SQLiteStatement.executeInsert(SQLiteStatement.java:88)
12-08 10:31:05.426  2656  8077 E SQLiteDatabase: 	at android.database.sqlite.SQLiteDatabase.insertWithOnConflict(SQLiteDatabase.java:1599)
12-08 10:31:05.426  2656  8077 E SQLiteDatabase: 	at android.database.sqlite.SQLiteDatabase.insert(SQLiteDatabase.java:1468)
12-08 10:31:05.426  2656  8077 E SQLiteDatabase: 	at aqui.a(:com.google.android.gms@202414022@20.24.14 (040700-319035315):175)
12-08 10:31:05.426  2656  8077 E SQLiteDatabase: 	at aqtk.a(:com.google.android.gms@202414022@20.24.14 (040700-319035315):182)
12-08 10:31:05.426  2656  8077 E SQLiteDatabase: 	at aqtk.a(:com.google.android.gms@202414022@20.24.14 (040700-319035315):23)
12-08 10:31:05.426  2656  8077 E SQLiteDatabase: 	at aqtk.a(:com.google.android.gms@202414022@20.24.14 (040700-319035315):177)
12-08 10:31:05.426  2656  8077 E SQLiteDatabase: 	at aqpu.run(:com.google.android.gms@202414022@20.24.14 (040700-319035315):9)
12-08 10:31:05.426  2656  8077 E SQLiteDatabase: 	at soy.b(:com.google.android.gms@202414022@20.24.14 (040700-319035315):12)
12-08 10:31:05.426  2656  8077 E SQLiteDatabase: 	at soy.run(:com.google.android.gms@202414022@20.24.14 (040700-319035315):7)
12-08 10:31:05.426  2656  8077 E SQLiteDatabase: 	at java.util.concurrent.ThreadPoolExecutor.runWorker(ThreadPoolExecutor.java:1167)
12-08 10:31:05.426  2656  8077 E SQLiteDatabase: 	at java.util.concurrent.ThreadPoolExecutor$Worker.run(ThreadPoolExecutor.java:641)
12-08 10:31:05.426  2656  8077 E SQLiteDatabase: 	at sux.run(:com.google.android.gms@202414022@20.24.14 (040700-319035315):0)
12-08 10:31:05.426  2656  8077 E SQLiteDatabase: 	at java.lang.Thread.run(Thread.java:919)
12-08 10:31:05.751 10617 10617 I ViewInteraction: Performing 'wait for a specific view with <(an instance of android.widget.TextView and view.getText() with or without transformation to match: is "Authorization" and view.getParent() view.getParent() view.getId() is <2131231186>)> during 10000 millis.' action on view view.getRootView() to equal view
12-08 10:31:07.723 10617 10975 I okhttp.OkHttpClient: --> GET http://www.981757-ca08998.tmweb.ru:8080/fmh/authentication/userInfo
12-08 10:31:07.723 10617 10975 I okhttp.OkHttpClient: --> END GET
12-08 10:31:07.938 10617 10975 I okhttp.OkHttpClient: <-- 200 http://www.981757-ca08998.tmweb.ru:8080/fmh/authentication/userInfo (214ms)
12-08 10:31:07.938 10617 10975 I okhttp.OkHttpClient: Vary: Origin
12-08 10:31:07.938 10617 10975 I okhttp.OkHttpClient: Vary: Access-Control-Request-Method
12-08 10:31:07.938 10617 10975 I okhttp.OkHttpClient: Vary: Access-Control-Request-Headers
12-08 10:31:07.938 10617 10975 I okhttp.OkHttpClient: X-Content-Type-Options: nosniff
12-08 10:31:07.938 10617 10975 I okhttp.OkHttpClient: X-XSS-Protection: 1; mode=block
12-08 10:31:07.938 10617 10975 I okhttp.OkHttpClient: Cache-Control: no-cache, no-store, max-age=0, must-revalidate
12-08 10:31:07.938 10617 10975 I okhttp.OkHttpClient: Pragma: no-cache
12-08 10:31:07.938 10617 10975 I okhttp.OkHttpClient: Expires: 0
12-08 10:31:07.938 10617 10975 I okhttp.OkHttpClient: X-Frame-Options: DENY
12-08 10:31:07.938 10617 10975 I okhttp.OkHttpClient: Content-Type: application/json
12-08 10:31:07.938 10617 10975 I okhttp.OkHttpClient: Transfer-Encoding: chunked
12-08 10:31:07.939 10617 10975 I okhttp.OkHttpClient: Date: Thu, 08 Dec 2022 10:31:53 GMT
12-08 10:31:07.939 10617 10975 I okhttp.OkHttpClient: Keep-Alive: timeout=60
12-08 10:31:07.939 10617 10975 I okhttp.OkHttpClient: Connection: keep-alive
12-08 10:31:07.939 10617 10975 I okhttp.OkHttpClient: {"id":2,"firstName":"Данил","lastName":"Иванов","middleName":"Данилович","admin":true}
12-08 10:31:07.939 10617 10975 I okhttp.OkHttpClient: <-- END HTTP (106-byte body)
12-08 10:31:07.946 10617 10739 I okhttp.OkHttpClient: --> GET http://www.981757-ca08998.tmweb.ru:8080/fmh/claims
12-08 10:31:07.947 10617 10739 I okhttp.OkHttpClient: --> END GET
12-08 10:31:09.413 10617 10617 I Choreographer: Skipped 88 frames!  The application may be doing too much work on its main thread.
12-08 10:31:09.855 10617 10708 I OpenGLRenderer: Davey! duration=1908ms; Flags=1, IntendedVsync=58414982594228, Vsync=58416449260836, OldestInputEvent=9223372036854775807, NewestInputEvent=0, HandleInputStart=58416450964480, AnimationStart=58416451097980, PerformTraversalsStart=58416451286080, DrawStart=58416488085180, SyncQueued=58416491215280, SyncStart=58416492645880, IssueDrawCommandsStart=58416492900280, SwapBuffers=58416884534180, FrameCompleted=58416892166080, DequeueBufferDuration=644000, QueueBufferDuration=1099000, 
12-08 10:31:10.156 10617 10739 I okhttp.OkHttpClient: <-- 200 http://www.981757-ca08998.tmweb.ru:8080/fmh/claims (2209ms)
12-08 10:31:10.156 10617 10739 I okhttp.OkHttpClient: Vary: Origin
12-08 10:31:10.156 10617 10739 I okhttp.OkHttpClient: Vary: Access-Control-Request-Method
12-08 10:31:10.157 10617 10739 I okhttp.OkHttpClient: Vary: Access-Control-Request-Headers
12-08 10:31:10.157 10617 10739 I okhttp.OkHttpClient: X-Content-Type-Options: nosniff
12-08 10:31:10.157 10617 10739 I okhttp.OkHttpClient: X-XSS-Protection: 1; mode=block
12-08 10:31:10.157 10617 10739 I okhttp.OkHttpClient: Cache-Control: no-cache, no-store, max-age=0, must-revalidate
12-08 10:31:10.157 10617 10739 I okhttp.OkHttpClient: Pragma: no-cache
12-08 10:31:10.157 10617 10739 I okhttp.OkHttpClient: Expires: 0
12-08 10:31:10.157 10617 10739 I okhttp.OkHttpClient: X-Frame-Options: DENY
12-08 10:31:10.157 10617 10739 I okhttp.OkHttpClient: Content-Type: application/json
12-08 10:31:10.157 10617 10739 I okhttp.OkHttpClient: Transfer-Encoding: chunked
12-08 10:31:10.157 10617 10739 I okhttp.OkHttpClient: Date: Thu, 08 Dec 2022 10:31:55 GMT
12-08 10:31:10.160 10617 10739 I okhttp.OkHttpClient: Keep-Alive: timeout=60
12-08 10:31:10.161 10617 10739 I okhttp.OkHttpClient: Connection: keep-alive
12-08 10:31:10.332 10617 11145 V FA      : Inactivity, disconnecting from the service
12-08 10:31:15.764 10617 10617 D takeScreenshot: Found 1 global views to redraw
12-08 10:31:15.805  1776  1927 D gralloc_ranchu: gralloc_alloc: Creating ashmem region of size 10108928
12-08 10:31:15.899 10617 10661 W DefaultFailureHandler: Failed to take screenshot
12-08 10:31:15.899 10617 10661 W DefaultFailureHandler: java.io.FileNotFoundException: view-op-error-20.png: open failed: EROFS (Read-only file system)
12-08 10:31:15.899 10617 10661 W DefaultFailureHandler: 	at libcore.io.IoBridge.open(IoBridge.java:496)
12-08 10:31:15.899 10617 10661 W DefaultFailureHandler: 	at java.io.FileOutputStream.<init>(FileOutputStream.java:235)
12-08 10:31:15.899 10617 10661 W DefaultFailureHandler: 	at java.io.FileOutputStream.<init>(FileOutputStream.java:125)
12-08 10:31:15.899 10617 10661 W DefaultFailureHandler: 	at androidx.test.platform.io.FileTestStorage.openOutputFile(FileTestStorage.java:60)
12-08 10:31:15.899 10617 10661 W DefaultFailureHandler: 	at androidx.test.core.graphics.BitmapStorage.writeToTestStorage(BitmapStorageExt.kt:49)
12-08 10:31:15.899 10617 10661 W DefaultFailureHandler: 	at androidx.test.espresso.base.DefaultFailureHandler.takeScreenshot(DefaultFailureHandler.java:4)
12-08 10:31:15.899 10617 10661 W DefaultFailureHandler: 	at androidx.test.espresso.base.DefaultFailureHandler.handle(DefaultFailureHandler.java:3)
12-08 10:31:15.899 10617 10661 W DefaultFailureHandler: 	at androidx.test.espresso.ViewInteraction.waitForAndHandleInteractionResults(ViewInteraction.java:8)
12-08 10:31:15.899 10617 10661 W DefaultFailureHandler: 	at androidx.test.espresso.ViewInteraction.desugaredPerform(ViewInteraction.java:11)
12-08 10:31:15.899 10617 10661 W DefaultFailureHandler: 	at androidx.test.espresso.ViewInteraction.perform(ViewInteraction.java:8)
12-08 10:31:15.899 10617 10661 W DefaultFailureHandler: 	at ru.iteco.fmhandroid.ui.data.TestUtils.waitView(TestUtils.java:61)
12-08 10:31:15.899 10617 10661 W DefaultFailureHandler: 	at ru.iteco.fmhandroid.ui.steps.AuthSteps.isAuthScreen(AuthSteps.java:56)
12-08 10:31:15.899 10617 10661 W DefaultFailureHandler: 	at ru.iteco.fmhandroid.ui.FilterNewsPageTest.logoutCheck(FilterNewsPageTest.java:53)
12-08 10:31:15.899 10617 10661 W DefaultFailureHandler: 	at java.lang.reflect.Method.invoke(Native Method)
12-08 10:31:15.899 10617 10661 W DefaultFailureHandler: 	at org.junit.runners.model.FrameworkMethod$1.runReflectiveCall(FrameworkMethod.java:59)
12-08 10:31:15.899 10617 10661 W DefaultFailureHandler: 	at org.junit.internal.runners.model.ReflectiveCallable.run(ReflectiveCallable.java:12)
12-08 10:31:15.899 10617 10661 W DefaultFailureHandler: 	at org.junit.runners.model.FrameworkMethod.invokeExplosively(FrameworkMethod.java:56)
12-08 10:31:15.899 10617 10661 W DefaultFailureHandler: 	at androidx.test.internal.runner.junit4.statement.RunBefores.evaluate(RunBefores.java:76)
12-08 10:31:15.899 10617 10661 W DefaultFailureHandler: 	at io.qameta.allure.android.rules.ScreenshotRule$apply$1.evaluate(ScreenshotRule.kt:22)
12-08 10:31:15.899 10617 10661 W DefaultFailureHandler: 	at org.junit.rules.ExternalResource$1.evaluate(ExternalResource.java:54)
12-08 10:31:15.899 10617 10661 W DefaultFailureHandler: 	at io.qameta.allure.android.rules.LogcatRule$apply$1.evaluate(LogcatRule.kt:23)
12-08 10:31:15.899 10617 10661 W DefaultFailureHandler: 	at org.junit.rules.RunRules.evaluate(RunRules.java:20)
12-08 10:31:15.899 10617 10661 W DefaultFailureHandler: 	at org.junit.runners.ParentRunner$3.evaluate(ParentRunner.java:306)
12-08 10:31:15.899 10617 10661 W DefaultFailureHandler: 	at org.junit.runners.BlockJUnit4ClassRunner$1.evaluate(BlockJUnit4ClassRunner.java:100)
12-08 10:31:15.899 10617 10661 W DefaultFailureHandler: 	at org.junit.runners.ParentRunner.runLeaf(ParentRunner.java:366)
12-08 10:31:15.899 10617 10661 W DefaultFailureHandler: 	at org.junit.runners.BlockJUnit4ClassRunner.runChild(BlockJUnit4ClassRunner.java:103)
12-08 10:31:15.899 10617 10661 W DefaultFailureHandler: 	at org.junit.runners.BlockJUnit4ClassRunner.runChild(BlockJUnit4ClassRunner.java:63)
12-08 10:31:15.899 10617 10661 W DefaultFailureHandler: 	at org.junit.runners.ParentRunner$4.run(ParentRunner.java:331)
12-08 10:31:15.899 10617 10661 W DefaultFailureHandler: 	at org.junit.runners.ParentRunner$1.schedule(ParentRunner.java:79)
12-08 10:31:15.899 10617 10661 W DefaultFailureHandler: 	at org.junit.runners.ParentRunner.runChildren(ParentRunner.java:329)
12-08 10:31:15.899 10617 10661 W DefaultFailureHandler: 	at org.junit.runners.ParentRunner.access$100(ParentRunner.java:66)
12-08 10:31:15.899 10617 10661 W DefaultFailureHandler: 	at org.junit.runners.ParentRunner$2.evaluate(ParentRunner.java:293)
12-08 10:31:15.899 10617 10661 W DefaultFailureHandler: 	at org.junit.runners.ParentRunner$3.evaluate(ParentRunner.java:306)
12-08 10:31:15.899 10617 10661 W DefaultFailureHandler: 	at org.junit.runners.ParentRunner.run(ParentRunner.java:413)
12-08 10:31:15.899 10617 10661 W DefaultFailureHandler: 	at androidx.test.ext.junit.runners.AndroidJUnit4.run(AndroidJUnit4.java:162)
12-08 10:31:15.899 10617 10661 W DefaultFailureHandler: 	at io.qameta.allure.android.runners.AllureAndroidJUnit4.run(AllureAndroidJUnitRunners.kt:29)
12-08 10:31:15.899 10617 10661 W DefaultFailureHandler: 	at org.junit.runners.Suite.runChild(Suite.java:128)
12-08 10:31:15.899 10617 10661 W DefaultFailureHandler: 	at org.junit.runners.Suite.runChild(Suite.java:27)
12-08 10:31:15.899 10617 10661 W DefaultFailureHandler: 	at org.junit.runners.ParentRunner$4.run(ParentRunner.java:331)
12-08 10:31:15.899 10617 10661 W DefaultFailureHandler: 	at org.junit.runners.ParentRunner$1.schedule(ParentRunner.java:79)
12-08 10:31:15.899 10617 10661 W DefaultFailureHandler: 	at org.junit.runners.ParentRunner.runChildren(ParentRunner.java:329)
12-08 10:31:15.899 10617 10661 W DefaultFailureHandler: 	at org.junit.runners.ParentRunner.access$100(ParentRunner.java:66)
12-08 10:31:15.899 10617 10661 W DefaultFailureHandler: 	at org.junit.runners.ParentRunner$2.evaluate(ParentRunner.java:293)
12-08 10:31:15.899 10617 10661 W DefaultFailureHandler: 	at org.junit.runners.ParentRunner$3.evaluate(ParentRunner.java:306)
12-08 10:31:15.899 10617 10661 W DefaultFailureHandler: 	at org.junit.runners.ParentRunner.run(ParentRunner.java:413)
12-08 10:31:15.899 10617 10661 W DefaultFailureHandler: 	at org.junit.runner.JUnitCore.run(JUnitCore.java:137)
12-08 10:31:15.899 10617 10661 W DefaultFailureHandler: 	at org.junit.runner.JUnitCore.run(JUnitCore.java:115)
12-08 10:31:15.899 10617 10661 W DefaultFailureHandler: 	at androidx.test.internal.runner.TestExecutor.execute(TestExecutor.java:67)
12-08 10:31:15.899 10617 10661 W DefaultFailureHandler: 	at androidx.test.internal.runner.TestExecutor.execute(TestExecutor.java:58)
12-08 10:31:15.899 10617 10661 W DefaultFailureHandler: 	at androidx.test.runner.AndroidJUnitRunner.onStart(AndroidJUnitRunner.java:438)
12-08 10:31:15.899 10617 10661 W DefaultFailureHandler: 	at android.app.Instrumentation$InstrumentationThread.run(Instrumentation.java:2189)
12-08 10:31:15.899 10617 10661 W DefaultFailureHandler: Caused by: android.system.ErrnoException: open failed: EROFS (Read-only file system)
12-08 10:31:15.899 10617 10661 W DefaultFailureHandler: 	at libcore.io.Linux.open(Native Method)
12-08 10:31:15.899 10617 10661 W DefaultFailureHandler: 	at libcore.io.ForwardingOs.open(ForwardingOs.java:167)
12-08 10:31:15.899 10617 10661 W DefaultFailureHandler: 	at libcore.io.BlockGuardOs.open(BlockGuardOs.java:252)
12-08 10:31:15.899 10617 10661 W DefaultFailureHandler: 	at libcore.io.ForwardingOs.open(ForwardingOs.java:167)
12-08 10:31:15.899 10617 10661 W DefaultFailureHandler: 	at android.app.ActivityThread$AndroidOs.open(ActivityThread.java:7255)
12-08 10:31:15.899 10617 10661 W DefaultFailureHandler: 	at libcore.io.IoBridge.open(IoBridge.java:482)
12-08 10:31:15.899 10617 10661 W DefaultFailureHandler: 	... 50 more
12-08 10:31:15.903 10617 10617 I ViewInteraction: Performing 'wait for a specific view with <view.getId() is <2131230870/ru.iteco.fmhandroid:id/authorization_image_button>> during 10000 millis.' action on view view.getRootView() to equal view
12-08 10:31:15.906 10617 10617 I ViewInteraction: Checking 'MatchesViewAssertion{viewMatcher=(view has effective visibility <VISIBLE> and view.getGlobalVisibleRect() to return non-empty rectangle)}' assertion on view view.getId() is <2131230870/ru.iteco.fmhandroid:id/authorization_image_button>
12-08 10:31:15.909 10617 10617 I ViewInteraction: Performing 'single click' action on view view.getId() is <2131230870/ru.iteco.fmhandroid:id/authorization_image_button>
12-08 10:31:15.961  1764  6994 W audio_hw_generic: Not supplying enough data to HAL, expected position 165815186 , only wrote 165815155
12-08 10:31:16.004  1776  1927 D gralloc_ranchu: gralloc_alloc: Creating ashmem region of size 884736
12-08 10:31:16.010  1776  1927 I chatty  : uid=1000(system) HwBinder:1776_3 identical 1 line
12-08 10:31:16.011  1776  1927 D gralloc_ranchu: gralloc_alloc: Creating ashmem region of size 884736
12-08 10:31:16.022 10617 10708 D EGL_emulation: eglMakeCurrent: 0xdd81b560: ver 2 0 (tinfo 0xc32257b0)
12-08 10:31:16.087 10617 10708 I chatty  : uid=10146(ru.iteco.fmhandroid) RenderThread identical 3 lines
12-08 10:31:16.103 10617 10708 D EGL_emulation: eglMakeCurrent: 0xdd81b560: ver 2 0 (tinfo 0xc32257b0)
12-08 10:31:16.325 10617 10617 I ViewInteraction: Performing 'wait for a specific view with <an instance of android.widget.TextView and view.getText() with or without transformation to match: is "Log out"> during 10000 millis.' action on view view.getRootView() to equal view
12-08 10:31:16.327 10617 10617 I ViewInteraction: Checking 'MatchesViewAssertion{viewMatcher=(view has effective visibility <VISIBLE> and view.getGlobalVisibleRect() to return non-empty rectangle)}' assertion on view an instance of android.widget.TextView and view.getText() with or without transformation to match: is "Log out"
12-08 10:31:16.328 10617 10617 I ViewInteraction: Performing 'single click' action on view an instance of android.widget.TextView and view.getText() with or without transformation to match: is "Log out"
12-08 10:31:16.518 10617 10708 D EGL_emulation: eglMakeCurrent: 0xdd81b560: ver 2 0 (tinfo 0xc32257b0)
12-08 10:31:16.553 10617 10708 D EGL_emulation: eglMakeCurrent: 0xdd81b560: ver 2 0 (tinfo 0xc32257b0)
12-08 10:31:16.646 10617 10617 I ViewInteraction: Performing 'wait for a specific view with <(an instance of android.widget.TextView and view.getText() with or without transformation to match: is "Authorization" and view.getParent() view.getParent() view.getId() is <2131231186>)> during 10000 millis.' action on view view.getRootView() to equal view
12-08 10:31:16.652 10617 10617 I ViewInteraction: Checking 'MatchesViewAssertion{viewMatcher=(view has effective visibility <VISIBLE> and view.getGlobalVisibleRect() to return non-empty rectangle)}' assertion on view (an instance of android.widget.TextView and view.getText() with or without transformation to match: is "Authorization" and view.getParent() view.getParent() view.getId() is <2131231186/ru.iteco.fmhandroid:id/nav_host_fragment>)
12-08 10:31:16.655 10617 10617 I ViewInteraction: Performing 'wait for a specific view with <(an instance of android.widget.TextView and view.getHint() matching: is "Login" and view.getParent() view.getParent() view.getId() is <2131231121/ru.iteco.fmhandroid:id/login_text_input_layout>)> during 10000 millis.' action on view view.getRootView() to equal view
12-08 10:31:16.658 10617 10617 I ViewInteraction: Checking 'MatchesViewAssertion{viewMatcher=(view has effective visibility <VISIBLE> and view.getGlobalVisibleRect() to return non-empty rectangle)}' assertion on view (an instance of android.widget.TextView and view.getHint() matching: is "Login" and view.getParent() view.getParent() view.getId() is <2131231121/ru.iteco.fmhandroid:id/login_text_input_layout>)
12-08 10:31:16.660 10617 10617 I ViewInteraction: Performing 'wait for a specific view with <(an instance of android.widget.TextView and view.getHint() matching: is "Password" and view.getParent() view.getParent() view.getId() is <2131231264/ru.iteco.fmhandroid:id/password_text_input_layout>)> during 10000 millis.' action on view view.getRootView() to equal view
12-08 10:31:16.663 10617 10617 I ViewInteraction: Checking 'MatchesViewAssertion{viewMatcher=(view has effective visibility <VISIBLE> and view.getGlobalVisibleRect() to return non-empty rectangle)}' assertion on view (an instance of android.widget.TextView and view.getHint() matching: is "Password" and view.getParent() view.getParent() view.getId() is <2131231264/ru.iteco.fmhandroid:id/password_text_input_layout>)
12-08 10:31:16.665 10617 10617 I ViewInteraction: Performing 'wait for a specific view with <(view.getId() is <2131231039/ru.iteco.fmhandroid:id/enter_button> and an instance of android.widget.TextView and view.getText() with or without transformation to match: is "SIGN IN" and view.getContentDescription() is "Save" and view.getParent() view.getParent() an instance of android.widget.RelativeLayout)> during 10000 millis.' action on view view.getRootView() to equal view
12-08 10:31:16.669 10617 10617 I ViewInteraction: Checking 'MatchesViewAssertion{viewMatcher=(view has effective visibility <VISIBLE> and view.getGlobalVisibleRect() to return non-empty rectangle)}' assertion on view (view.getId() is <2131231039/ru.iteco.fmhandroid:id/enter_button> and an instance of android.widget.TextView and view.getText() with or without transformation to match: is "SIGN IN" and view.getContentDescription() is "Save" and view.getParent() view.getParent() an instance of android.widget.RelativeLayout)
12-08 10:31:16.671 10617 10617 I ViewInteraction: Performing 'wait for a specific view with <(an instance of android.widget.TextView and view.getText() with or without transformation to match: is "Authorization" and view.getParent() view.getParent() view.getId() is <2131231186>)> during 10000 millis.' action on view view.getRootView() to equal view
12-08 10:31:16.677 10617 10617 I ViewInteraction: Checking 'MatchesViewAssertion{viewMatcher=(view has effective visibility <VISIBLE> and view.getGlobalVisibleRect() to return non-empty rectangle)}' assertion on view (an instance of android.widget.TextView and view.getText() with or without transformation to match: is "Authorization" and view.getParent() view.getParent() view.getId() is <2131231186/ru.iteco.fmhandroid:id/nav_host_fragment>)
12-08 10:31:16.678 10617 10617 I ViewInteraction: Performing 'wait for a specific view with <(an instance of android.widget.TextView and view.getHint() matching: is "Login" and view.getParent() view.getParent() view.getId() is <2131231121/ru.iteco.fmhandroid:id/login_text_input_layout>)> during 10000 millis.' action on view view.getRootView() to equal view
12-08 10:31:16.680 10617 10617 I ViewInteraction: Checking 'MatchesViewAssertion{viewMatcher=(view has effective visibility <VISIBLE> and view.getGlobalVisibleRect() to return non-empty rectangle)}' assertion on view (an instance of android.widget.TextView and view.getHint() matching: is "Login" and view.getParent() view.getParent() view.getId() is <2131231121/ru.iteco.fmhandroid:id/login_text_input_layout>)
12-08 10:31:16.682 10617 10617 I ViewInteraction: Performing 'wait for a specific view with <(an instance of android.widget.TextView and view.getHint() matching: is "Password" and view.getParent() view.getParent() view.getId() is <2131231264/ru.iteco.fmhandroid:id/password_text_input_layout>)> during 10000 millis.' action on view view.getRootView() to equal view
12-08 10:31:16.685 10617 10617 I ViewInteraction: Checking 'MatchesViewAssertion{viewMatcher=(view has effective visibility <VISIBLE> and view.getGlobalVisibleRect() to return non-empty rectangle)}' assertion on view (an instance of android.widget.TextView and view.getHint() matching: is "Password" and view.getParent() view.getParent() view.getId() is <2131231264/ru.iteco.fmhandroid:id/password_text_input_layout>)
12-08 10:31:16.686 10617 10617 I ViewInteraction: Performing 'wait for a specific view with <(view.getId() is <2131231039/ru.iteco.fmhandroid:id/enter_button> and an instance of android.widget.TextView and view.getText() with or without transformation to match: is "SIGN IN" and view.getContentDescription() is "Save" and view.getParent() view.getParent() an instance of android.widget.RelativeLayout)> during 10000 millis.' action on view view.getRootView() to equal view
12-08 10:31:16.688 10617 10617 I ViewInteraction: Checking 'MatchesViewAssertion{viewMatcher=(view has effective visibility <VISIBLE> and view.getGlobalVisibleRect() to return non-empty rectangle)}' assertion on view (view.getId() is <2131231039/ru.iteco.fmhandroid:id/enter_button> and an instance of android.widget.TextView and view.getText() with or without transformation to match: is "SIGN IN" and view.getContentDescription() is "Save" and view.getParent() view.getParent() an instance of android.widget.RelativeLayout)
12-08 10:31:16.690 10617 10617 I ViewInteraction: Performing 'wait for a specific view with <(an instance of android.widget.TextView and view.getHint() matching: is "Login" and view.getParent() view.getParent() view.getId() is <2131231121/ru.iteco.fmhandroid:id/login_text_input_layout>)> during 10000 millis.' action on view view.getRootView() to equal view
12-08 10:31:16.692 10617 10617 I ViewInteraction: Performing 'replace text(login2)' action on view (an instance of android.widget.TextView and view.getHint() matching: is "Login" and view.getParent() view.getParent() view.getId() is <2131231121/ru.iteco.fmhandroid:id/login_text_input_layout>)
12-08 10:31:16.715 10617 10617 I ViewInteraction: Performing 'wait for a specific view with <(an instance of android.widget.TextView and view.getHint() matching: is "Password" and view.getParent() view.getParent() view.getId() is <2131231264/ru.iteco.fmhandroid:id/password_text_input_layout>)> during 10000 millis.' action on view view.getRootView() to equal view
12-08 10:31:16.726 10617 10617 I ViewInteraction: Performing 'replace text(password2)' action on view (an instance of android.widget.TextView and view.getHint() matching: is "Password" and view.getParent() view.getParent() view.getId() is <2131231264/ru.iteco.fmhandroid:id/password_text_input_layout>)
12-08 10:31:16.742 10617 10617 I ViewInteraction: Performing 'wait for a specific view with <(view.getId() is <2131231039/ru.iteco.fmhandroid:id/enter_button> and an instance of android.widget.TextView and view.getText() with or without transformation to match: is "SIGN IN" and view.getContentDescription() is "Save" and view.getParent() view.getParent() an instance of android.widget.RelativeLayout)> during 10000 millis.' action on view view.getRootView() to equal view
12-08 10:31:16.745 10617 10617 I ViewInteraction: Checking 'MatchesViewAssertion{viewMatcher=view.isClickable() is <true>}' assertion on view (view.getId() is <2131231039/ru.iteco.fmhandroid:id/enter_button> and an instance of android.widget.TextView and view.getText() with or without transformation to match: is "SIGN IN" and view.getContentDescription() is "Save" and view.getParent() view.getParent() an instance of android.widget.RelativeLayout)
12-08 10:31:16.748 10617 10617 I ViewInteraction: Performing 'wait for a specific view with <(view.getId() is <2131231039/ru.iteco.fmhandroid:id/enter_button> and an instance of android.widget.TextView and view.getText() with or without transformation to match: is "SIGN IN" and view.getContentDescription() is "Save" and view.getParent() view.getParent() an instance of android.widget.RelativeLayout)> during 10000 millis.' action on view view.getRootView() to equal view
12-08 10:31:16.759 10617 10617 I ViewInteraction: Checking 'MatchesViewAssertion{viewMatcher=view.isClickable() is <true>}' assertion on view (view.getId() is <2131231039/ru.iteco.fmhandroid:id/enter_button> and an instance of android.widget.TextView and view.getText() with or without transformation to match: is "SIGN IN" and view.getContentDescription() is "Save" and view.getParent() view.getParent() an instance of android.widget.RelativeLayout)
12-08 10:31:16.761 10617 10617 I ViewInteraction: Performing 'wait for a specific view with <(view.getId() is <2131231039/ru.iteco.fmhandroid:id/enter_button> and an instance of android.widget.TextView and view.getText() with or without transformation to match: is "SIGN IN" and view.getContentDescription() is "Save" and view.getParent() view.getParent() an instance of android.widget.RelativeLayout)> during 10000 millis.' action on view view.getRootView() to equal view
12-08 10:31:16.768 10617 10617 I ViewInteraction: Performing 'single click' action on view (view.getId() is <2131231039/ru.iteco.fmhandroid:id/enter_button> and an instance of android.widget.TextView and view.getText() with or without transformation to match: is "SIGN IN" and view.getContentDescription() is "Save" and view.getParent() view.getParent() an instance of android.widget.RelativeLayout)
12-08 10:31:16.818 10617 10979 I okhttp.OkHttpClient: --> POST http://www.981757-ca08998.tmweb.ru:8080/fmh/authentication/login
12-08 10:31:16.818 10617 10979 I okhttp.OkHttpClient: Content-Type: application/json; charset=UTF-8
12-08 10:31:16.818 10617 10979 I okhttp.OkHttpClient: Content-Length: 41
12-08 10:31:16.819 10617 10979 I okhttp.OkHttpClient: {"login":"login2","password":"password2"}
12-08 10:31:16.819 10617 10979 I okhttp.OkHttpClient: --> END POST (41-byte body)
12-08 10:31:17.056 10617 10979 I okhttp.OkHttpClient: <-- 200 http://www.981757-ca08998.tmweb.ru:8080/fmh/authentication/login (237ms)
12-08 10:31:17.057 10617 10979 I okhttp.OkHttpClient: Vary: Origin
12-08 10:31:17.057 10617 10979 I okhttp.OkHttpClient: Vary: Access-Control-Request-Method
12-08 10:31:17.057 10617 10979 I okhttp.OkHttpClient: Vary: Access-Control-Request-Headers
12-08 10:31:17.057 10617 10979 I okhttp.OkHttpClient: X-Content-Type-Options: nosniff
12-08 10:31:17.057 10617 10979 I okhttp.OkHttpClient: X-XSS-Protection: 1; mode=block
12-08 10:31:17.057 10617 10979 I okhttp.OkHttpClient: Cache-Control: no-cache, no-store, max-age=0, must-revalidate
12-08 10:31:17.057 10617 10979 I okhttp.OkHttpClient: Pragma: no-cache
12-08 10:31:17.057 10617 10979 I okhttp.OkHttpClient: Expires: 0
12-08 10:31:17.057 10617 10979 I okhttp.OkHttpClient: X-Frame-Options: DENY
12-08 10:31:17.058 10617 10979 I okhttp.OkHttpClient: Content-Type: application/json
12-08 10:31:17.058 10617 10979 I okhttp.OkHttpClient: Transfer-Encoding: chunked
12-08 10:31:17.058 10617 10979 I okhttp.OkHttpClient: Date: Thu, 08 Dec 2022 10:32:02 GMT
12-08 10:31:17.058 10617 10979 I okhttp.OkHttpClient: Keep-Alive: timeout=60
12-08 10:31:17.058 10617 10979 I okhttp.OkHttpClient: Connection: keep-alive
12-08 10:31:17.058 10617 10979 I okhttp.OkHttpClient: {"accessToken":"eyJhbGciOiJIUzUxMiJ9.eyJzdWIiOiJsb2dpbjIiLCJqdGkiOiIyIiwiZXhwIjoxNjcwNTgxOTIyfQ.Km1xJeT3dwTjEIPpcUiLvXRS_oy7MlCfmmTuvl04niZQTLNyHBhyAEsDr_ZlXDRp6YQ-IFl7-v57loN6mag_aw","refreshToken":"eyJhbGciOiJIUzUxMiJ9.eyJzdWIiOiJsb2dpbjIiLCJqdGkiOiIyIiwiZXhwIjoxNjczMDg3NTIyfQ.fhER5oT5m41wKXTOAHfWcRbSWzDzE06h1J5VWBT9g-jFiSEgIqnsMca7GNen7MWrcNCPq3WvMTdbm8t0dUFcgg"}
12-08 10:31:17.059 10617 10979 I okhttp.OkHttpClient: <-- END HTTP (368-byte body)
12-08 10:31:17.063 10617 10617 I ViewInteraction: Performing 'wait for a specific view with <an instance of android.widget.TextView and view.getText() with or without transformation to match: is "News"> during 10000 millis.' action on view view.getRootView() to equal view
12-08 10:31:17.066 10617 10975 I okhttp.OkHttpClient: --> GET http://www.981757-ca08998.tmweb.ru:8080/fmh/authentication/userInfo
12-08 10:31:17.066 10617 10975 I okhttp.OkHttpClient: --> END GET
12-08 10:31:17.257 10617 10975 I okhttp.OkHttpClient: <-- 200 http://www.981757-ca08998.tmweb.ru:8080/fmh/authentication/userInfo (190ms)
12-08 10:31:17.257 10617 10975 I okhttp.OkHttpClient: Vary: Origin
12-08 10:31:17.257 10617 10975 I okhttp.OkHttpClient: Vary: Access-Control-Request-Method
12-08 10:31:17.257 10617 10975 I okhttp.OkHttpClient: Vary: Access-Control-Request-Headers
12-08 10:31:17.257 10617 10975 I okhttp.OkHttpClient: X-Content-Type-Options: nosniff
12-08 10:31:17.257 10617 10975 I okhttp.OkHttpClient: X-XSS-Protection: 1; mode=block
12-08 10:31:17.257 10617 10975 I okhttp.OkHttpClient: Cache-Control: no-cache, no-store, max-age=0, must-revalidate
12-08 10:31:17.257 10617 10975 I okhttp.OkHttpClient: Pragma: no-cache
12-08 10:31:17.257 10617 10975 I okhttp.OkHttpClient: Expires: 0
12-08 10:31:17.257 10617 10975 I okhttp.OkHttpClient: X-Frame-Options: DENY
12-08 10:31:17.258 10617 10975 I okhttp.OkHttpClient: Content-Type: application/json
12-08 10:31:17.258 10617 10975 I okhttp.OkHttpClient: Transfer-Encoding: chunked
12-08 10:31:17.258 10617 10975 I okhttp.OkHttpClient: Date: Thu, 08 Dec 2022 10:32:02 GMT
12-08 10:31:17.258 10617 10975 I okhttp.OkHttpClient: Keep-Alive: timeout=60
12-08 10:31:17.258 10617 10975 I okhttp.OkHttpClient: Connection: keep-alive
12-08 10:31:17.258 10617 10975 I okhttp.OkHttpClient: {"id":2,"firstName":"Данил","lastName":"Иванов","middleName":"Данилович","admin":true}
12-08 10:31:17.258 10617 10975 I okhttp.OkHttpClient: <-- END HTTP (106-byte body)
12-08 10:31:17.267 10617 10724 I okhttp.OkHttpClient: --> GET http://www.981757-ca08998.tmweb.ru:8080/fmh/claims
12-08 10:31:17.267 10617 10724 I okhttp.OkHttpClient: --> END GET
12-08 10:31:17.385 10617 10630 I teco.fmhandroi: NativeAlloc concurrent copying GC freed 67887(3373KB) AllocSpace objects, 5(224KB) LOS objects, 43% free, 8142KB/13MB, paused 591us total 107.836ms
12-08 10:31:17.430 10617 10617 I ViewInteraction: Checking 'MatchesViewAssertion{viewMatcher=(view has effective visibility <VISIBLE> and view.getGlobalVisibleRect() to return non-empty rectangle)}' assertion on view an instance of android.widget.TextView and view.getText() with or without transformation to match: is "News"
12-08 10:31:17.623 10617 10617 I ViewInteraction: Performing 'wait for a specific view with <view.getId() is <2131230951>> during 10000 millis.' action on view view.getRootView() to equal view
12-08 10:31:17.629 10617 10617 I ViewInteraction: Checking 'MatchesViewAssertion{viewMatcher=(view has effective visibility <VISIBLE> and view.getGlobalVisibleRect() to return non-empty rectangle)}' assertion on view view.getId() is <2131230951/ru.iteco.fmhandroid:id/container_list_news_include_on_fragment_main>
12-08 10:31:17.634 10617 10617 I ViewInteraction: Performing 'wait for a specific view with <view.getId() is <2131230949>> during 10000 millis.' action on view view.getRootView() to equal view
12-08 10:31:17.638 10617 10617 I ViewInteraction: Checking 'MatchesViewAssertion{viewMatcher=(view has effective visibility <VISIBLE> and view.getGlobalVisibleRect() to return non-empty rectangle)}' assertion on view view.getId() is <2131230949/ru.iteco.fmhandroid:id/container_list_claim_include_on_fragment_main>
12-08 10:31:17.642 10617 10617 I ViewInteraction: Performing 'wait for a specific view with <an instance of android.widget.TextView and view.getText() with or without transformation to match: is "Claims"> during 10000 millis.' action on view view.getRootView() to equal view
12-08 10:31:17.681 10617 10617 I ViewInteraction: Checking 'MatchesViewAssertion{viewMatcher=(view has effective visibility <VISIBLE> and view.getGlobalVisibleRect() to return non-empty rectangle)}' assertion on view an instance of android.widget.TextView and view.getText() with or without transformation to match: is "Claims"
12-08 10:31:17.684 10617 10617 I ViewInteraction: Performing 'wait for a specific view with <view.getId() is <2131231123/ru.iteco.fmhandroid:id/main_menu_image_button>> during 10000 millis.' action on view view.getRootView() to equal view
12-08 10:31:17.688 10617 10617 I ViewInteraction: Performing 'single click' action on view view.getId() is <2131231123/ru.iteco.fmhandroid:id/main_menu_image_button>
12-08 10:31:17.794  1776  1927 D gralloc_ranchu: gralloc_alloc: Creating ashmem region of size 2015232
12-08 10:31:17.805  1776  1927 I chatty  : uid=1000(system) HwBinder:1776_3 identical 1 line
12-08 10:31:17.806  1776  1927 D gralloc_ranchu: gralloc_alloc: Creating ashmem region of size 2015232
12-08 10:31:17.824 10617 10708 D EGL_emulation: eglMakeCurrent: 0xdd81b560: ver 2 0 (tinfo 0xc32257b0)
12-08 10:31:17.840 10617 10708 I chatty  : uid=10146(ru.iteco.fmhandroid) RenderThread identical 1 line
12-08 10:31:17.871 10617 10708 D EGL_emulation: eglMakeCurrent: 0xdd81b560: ver 2 0 (tinfo 0xc32257b0)
12-08 10:31:17.928  1764  6994 W audio_hw_generic: Not supplying enough data to HAL, expected position 165901892 , only wrote 165901746
12-08 10:31:17.953 10617 10708 D EGL_emulation: eglMakeCurrent: 0xdd81b560: ver 2 0 (tinfo 0xc32257b0)
12-08 10:31:18.195 10617 10617 I ViewInteraction: Performing 'wait for a specific view with <an instance of android.widget.TextView and view.getText() with or without transformation to match: is "News"> during 10000 millis.' action on view view.getRootView() to equal view
12-08 10:31:18.198 10617 10617 I ViewInteraction: Performing 'single click' action on view an instance of android.widget.TextView and view.getText() with or without transformation to match: is "News"
12-08 10:31:18.250 10617 10708 D EGL_emulation: eglMakeCurrent: 0xdd81b560: ver 2 0 (tinfo 0xc32257b0)
12-08 10:31:18.342 10617 11010 I okhttp.OkHttpClient: --> GET http://www.981757-ca08998.tmweb.ru:8080/fmh/news
12-08 10:31:18.342 10617 11010 I okhttp.OkHttpClient: --> END GET
12-08 10:31:18.407 10617 10708 D EGL_emulation: eglMakeCurrent: 0xdd81b560: ver 2 0 (tinfo 0xc32257b0)
12-08 10:31:18.427 10617 10708 D EGL_emulation: eglMakeCurrent: 0xdd81b560: ver 2 0 (tinfo 0xc32257b0)
12-08 10:31:18.722 10617 10617 I ViewInteraction: Performing 'wait for a specific view with <view.getId() is <2131231025/ru.iteco.fmhandroid:id/edit_news_material_button>> during 10000 millis.' action on view view.getRootView() to equal view
12-08 10:31:18.726 10617 10617 I ViewInteraction: Performing 'single click' action on view view.getId() is <2131231025/ru.iteco.fmhandroid:id/edit_news_material_button>
12-08 10:31:18.808 10617 10981 I okhttp.OkHttpClient: --> GET http://www.981757-ca08998.tmweb.ru:8080/fmh/news
12-08 10:31:18.808 10617 10981 I okhttp.OkHttpClient: --> END GET
12-08 10:31:19.051 10617 10630 I teco.fmhandroi: Background concurrent copying GC freed 25869(1107KB) AllocSpace objects, 0(0B) LOS objects, 31% free, 13MB/19MB, paused 1.110ms total 127.920ms
12-08 10:31:19.252  1764  6994 W audio_hw_generic: Not supplying enough data to HAL, expected position 165960121 , only wrote 165958592
12-08 10:31:19.253  1764  6994 W audio_hw_generic: Not supplying enough data to HAL, expected position 165958651 , only wrote 165958592
12-08 10:31:19.269  1764  6994 W audio_hw_generic: Not supplying enough data to HAL, expected position 165959284 , only wrote 165959253
12-08 10:31:19.322 10617 10617 I ViewInteraction: Performing 'wait for a specific view with <view.getId() is <2131230850/ru.iteco.fmhandroid:id/add_news_image_view>> during 10000 millis.' action on view view.getRootView() to equal view
12-08 10:31:19.328 10617 10617 I ViewInteraction: Performing 'single click' action on view view.getId() is <2131230850/ru.iteco.fmhandroid:id/add_news_image_view>
12-08 10:31:19.797 10617 10617 I ViewInteraction: Performing 'wait for a specific view with <view.getId() is <2131231204/ru.iteco.fmhandroid:id/news_item_category_text_auto_complete_text_view>> during 10000 millis.' action on view view.getRootView() to equal view
12-08 10:31:19.801 10617 10617 I ViewInteraction: Performing 'single click' action on view view.getId() is <2131231204/ru.iteco.fmhandroid:id/news_item_category_text_auto_complete_text_view>
12-08 10:31:19.943  1776  1927 D gralloc_ranchu: gralloc_alloc: Creating ashmem region of size 5308416
12-08 10:31:19.949  1776  1927 I chatty  : uid=1000(system) HwBinder:1776_3 identical 1 line
12-08 10:31:19.952  1776  1927 D gralloc_ranchu: gralloc_alloc: Creating ashmem region of size 5308416
12-08 10:31:19.968 10617 10708 D EGL_emulation: eglMakeCurrent: 0xdd81b560: ver 2 0 (tinfo 0xc32257b0)
12-08 10:31:20.010 10617 10617 I AssistStructure: Flattened final assist data: 7432 bytes, containing 2 windows, 55 views
12-08 10:31:20.019  2018  5644 D AutofillSession: Starting partition or augmented request for view id 1073741826@1753943214: STARTED_SESSION
12-08 10:31:20.021  2537  2537 W GInputConnectionWrapper: IPC IC_GET_TEXT_BEFORE_CURSOR_AND_FIX_SELECTION_INDICES took 118 ms
12-08 10:31:20.037 10617 10708 D EGL_emulation: eglMakeCurrent: 0xdd81b560: ver 2 0 (tinfo 0xc32257b0)
12-08 10:31:20.045  2018  2018 D AutofillSession: cancelCurrentRequest(): id = 674
12-08 10:31:20.069 10617 10708 D EGL_emulation: eglMakeCurrent: 0xdd81b560: ver 2 0 (tinfo 0xc32257b0)
12-08 10:31:20.075  2537  2537 I KeyboardViewUtil: systemKeyboardHeightRatio:1.000000; userKeyboardHeightRatio:1.000000.
12-08 10:31:20.075  2537  2537 I AndroidIME: LatinIme.onActivate() : EditorInfo = Package = ru.iteco.fmhandroid : Type = Text : Learning = Disable : Suggestion = Show : AutoCorrection = Disable : Microphone = Show : NoPersonalizedLearning = Disable
12-08 10:31:20.087 10617 10617 I AssistStructure: Flattened final assist data: 7432 bytes, containing 2 windows, 55 views
12-08 10:31:20.090  2537  2537 I Conv2QueryExtension: Current locale: en_US, config allows these locales: de,en,es,fr,it,ms,pt,ta
12-08 10:31:20.090  2537  2537 I Conv2QueryExtension: Conv2Query not enabled due to current app [ru.iteco.fmhandroid] not in whitelist
12-08 10:31:20.090  2537  2537 I Conv2QueryExtension: onActivate() : Disabled by unsupported host app
12-08 10:31:20.103  2170  2566 D EGL_emulation: eglMakeCurrent: 0xe594e040: ver 2 0 (tinfo 0xc52450c0)
12-08 10:31:20.123  2656  2656 W ktk     : Pending fill request while another request in the same session was triggered. [CONTEXT service_id=177 ]
12-08 10:31:20.134  2018  2051 D AutofillUI: destroySaveUiUiThread(): already destroyed
12-08 10:31:20.138  1776  1927 D gralloc_ranchu: gralloc_alloc: Creating ashmem region of size 9826304
12-08 10:31:20.147  1776  1927 I chatty  : uid=1000(system) HwBinder:1776_3 identical 1 line
12-08 10:31:20.150  1776  1927 D gralloc_ranchu: gralloc_alloc: Creating ashmem region of size 9826304
12-08 10:31:20.154  2537  8546 D EGL_emulation: eglMakeCurrent: 0xc286ce00: ver 2 0 (tinfo 0xc335ede0)
12-08 10:31:20.210 10617 11010 I okhttp.OkHttpClient: <-- 200 http://www.981757-ca08998.tmweb.ru:8080/fmh/news (1867ms)
12-08 10:31:20.210 10617 11010 I okhttp.OkHttpClient: Vary: Origin
12-08 10:31:20.210 10617 11010 I okhttp.OkHttpClient: Vary: Access-Control-Request-Method
12-08 10:31:20.210 10617 11010 I okhttp.OkHttpClient: Vary: Access-Control-Request-Headers
12-08 10:31:20.210 10617 11010 I okhttp.OkHttpClient: X-Content-Type-Options: nosniff
12-08 10:31:20.210 10617 11010 I okhttp.OkHttpClient: X-XSS-Protection: 1; mode=block
12-08 10:31:20.210 10617 11010 I okhttp.OkHttpClient: Cache-Control: no-cache, no-store, max-age=0, must-revalidate
12-08 10:31:20.210 10617 11010 I okhttp.OkHttpClient: Pragma: no-cache
12-08 10:31:20.211 10617 11010 I okhttp.OkHttpClient: Expires: 0
12-08 10:31:20.216 10617 11010 I okhttp.OkHttpClient: X-Frame-Options: DENY
12-08 10:31:20.224 10617 11010 I okhttp.OkHttpClient: Content-Type: application/json
12-08 10:31:20.224 10617 11010 I okhttp.OkHttpClient: Transfer-Encoding: chunked
12-08 10:31:20.224 10617 11010 I okhttp.OkHttpClient: Date: Thu, 08 Dec 2022 10:32:05 GMT
12-08 10:31:20.224 10617 11010 I okhttp.OkHttpClient: Keep-Alive: timeout=60
12-08 10:31:20.224 10617 11010 I okhttp.OkHttpClient: Connection: keep-alive
12-08 10:31:20.236 10617 10708 D EGL_emulation: eglMakeCurrent: 0xdd81b560: ver 2 0 (tinfo 0xc32257b0)
12-08 10:31:20.270  1776  1927 D gralloc_ranchu: gralloc_alloc: Creating ashmem region of size 4198400
12-08 10:31:20.280 10617 10708 D EGL_emulation: eglMakeCurrent: 0xdd81b560: ver 2 0 (tinfo 0xc32257b0)
12-08 10:31:20.303  1776  1927 D gralloc_ranchu: gralloc_alloc: Creating ashmem region of size 4198400
12-08 10:31:20.307 10617 10708 D EGL_emulation: eglMakeCurrent: 0xdd81b560: ver 2 0 (tinfo 0xc32257b0)
12-08 10:31:20.320 10617 10708 D EGL_emulation: eglMakeCurrent: 0xdd81b560: ver 2 0 (tinfo 0xc32257b0)
12-08 10:31:20.332  1776  1927 D gralloc_ranchu: gralloc_alloc: Creating ashmem region of size 4198400
12-08 10:31:20.368 10617 10708 D EGL_emulation: eglMakeCurrent: 0xdd81b560: ver 2 0 (tinfo 0xc32257b0)
12-08 10:31:20.402 10617 10617 I ViewInteraction: Performing 'close keyboard' action on view view.getRootView() to equal view
12-08 10:31:20.410  2537  2537 I PhenotypeExpConfig: refreshConfiguration() : Force = false : UpdateAvailable = false : Age = 79 minutes : MaxAge = 720 minutes
12-08 10:31:20.416  2537  2537 I AndroidIME: LatinIme.onDeactivate()
12-08 10:31:20.433  2656  2671 I .gms.persisten: Background young concurrent copying GC freed 81784(4782KB) AllocSpace objects, 1(152KB) LOS objects, 30% free, 10MB/15MB, paused 2.397ms total 386.631ms
