12-08 05:43:14.913 11839 11839 I ViewInteraction: Performing 'scroll RecyclerView to: holder with view: (view is an instance of android.view.ViewGroup and has descendant matching an instance of android.widget.TextView and view.getText() with or without transformation to match: is "Заголовок fa5dfb73-0f2b-4d56-897e-16c2be7803d1")' action on view view.getId() is <2131230916/ru.iteco.fmhandroid:id/claim_list_recycler_view>
12-08 05:43:14.917 11839 11839 D takeScreenshot: Found 1 global views to redraw
12-08 05:43:15.068  1776  1927 D gralloc_ranchu: gralloc_alloc: Creating ashmem region of size 10108928
12-08 05:43:15.134  2018  2058 I UsageStatsService: User[0] Flushing usage stats to disk
12-08 05:43:15.139 11839 11884 W DefaultFailureHandler: Failed to take screenshot
12-08 05:43:15.139 11839 11884 W DefaultFailureHandler: java.io.FileNotFoundException: view-op-error-11.png: open failed: EROFS (Read-only file system)
12-08 05:43:15.139 11839 11884 W DefaultFailureHandler: 	at libcore.io.IoBridge.open(IoBridge.java:496)
12-08 05:43:15.139 11839 11884 W DefaultFailureHandler: 	at java.io.FileOutputStream.<init>(FileOutputStream.java:235)
12-08 05:43:15.139 11839 11884 W DefaultFailureHandler: 	at java.io.FileOutputStream.<init>(FileOutputStream.java:125)
12-08 05:43:15.139 11839 11884 W DefaultFailureHandler: 	at androidx.test.platform.io.FileTestStorage.openOutputFile(FileTestStorage.java:60)
12-08 05:43:15.139 11839 11884 W DefaultFailureHandler: 	at androidx.test.core.graphics.BitmapStorage.writeToTestStorage(BitmapStorageExt.kt:49)
12-08 05:43:15.139 11839 11884 W DefaultFailureHandler: 	at androidx.test.espresso.base.DefaultFailureHandler.takeScreenshot(DefaultFailureHandler.java:4)
12-08 05:43:15.139 11839 11884 W DefaultFailureHandler: 	at androidx.test.espresso.base.DefaultFailureHandler.handle(DefaultFailureHandler.java:3)
12-08 05:43:15.139 11839 11884 W DefaultFailureHandler: 	at androidx.test.espresso.ViewInteraction.waitForAndHandleInteractionResults(ViewInteraction.java:8)
12-08 05:43:15.139 11839 11884 W DefaultFailureHandler: 	at androidx.test.espresso.ViewInteraction.desugaredPerform(ViewInteraction.java:11)
12-08 05:43:15.139 11839 11884 W DefaultFailureHandler: 	at androidx.test.espresso.ViewInteraction.perform(ViewInteraction.java:8)
12-08 05:43:15.139 11839 11884 W DefaultFailureHandler: 	at ru.iteco.fmhandroid.ui.steps.ClaimsPageSteps.scrollToElementInRecyclerList(ClaimsPageSteps.java:127)
12-08 05:43:15.139 11839 11884 W DefaultFailureHandler: 	at ru.iteco.fmhandroid.ui.steps.ClaimsPageSteps.openClaimCard(ClaimsPageSteps.java:150)
12-08 05:43:15.139 11839 11884 W DefaultFailureHandler: 	at ru.iteco.fmhandroid.ui.ClaimsCreationFormTest.shouldCreateAClaimWithoutAnExecutor(ClaimsCreationFormTest.java:281)
12-08 05:43:15.139 11839 11884 W DefaultFailureHandler: 	at java.lang.reflect.Method.invoke(Native Method)
12-08 05:43:15.139 11839 11884 W DefaultFailureHandler: 	at org.junit.runners.model.FrameworkMethod$1.runReflectiveCall(FrameworkMethod.java:59)
12-08 05:43:15.139 11839 11884 W DefaultFailureHandler: 	at org.junit.internal.runners.model.ReflectiveCallable.run(ReflectiveCallable.java:12)
12-08 05:43:15.139 11839 11884 W DefaultFailureHandler: 	at org.junit.runners.model.FrameworkMethod.invokeExplosively(FrameworkMethod.java:56)
12-08 05:43:15.139 11839 11884 W DefaultFailureHandler: 	at org.junit.internal.runners.statements.InvokeMethod.evaluate(InvokeMethod.java:17)
12-08 05:43:15.139 11839 11884 W DefaultFailureHandler: 	at androidx.test.internal.runner.junit4.statement.RunBefores.evaluate(RunBefores.java:80)
12-08 05:43:15.139 11839 11884 W DefaultFailureHandler: 	at androidx.test.internal.runner.junit4.statement.RunAfters.evaluate(RunAfters.java:61)
12-08 05:43:15.139 11839 11884 W DefaultFailureHandler: 	at io.qameta.allure.android.rules.ScreenshotRule$apply$1.evaluate(ScreenshotRule.kt:22)
12-08 05:43:15.139 11839 11884 W DefaultFailureHandler: 	at org.junit.rules.ExternalResource$1.evaluate(ExternalResource.java:54)
12-08 05:43:15.139 11839 11884 W DefaultFailureHandler: 	at io.qameta.allure.android.rules.LogcatRule$apply$1.evaluate(LogcatRule.kt:23)
12-08 05:43:15.139 11839 11884 W DefaultFailureHandler: 	at org.junit.rules.RunRules.evaluate(RunRules.java:20)
12-08 05:43:15.139 11839 11884 W DefaultFailureHandler: 	at org.junit.runners.ParentRunner$3.evaluate(ParentRunner.java:306)
12-08 05:43:15.139 11839 11884 W DefaultFailureHandler: 	at org.junit.runners.BlockJUnit4ClassRunner$1.evaluate(BlockJUnit4ClassRunner.java:100)
12-08 05:43:15.139 11839 11884 W DefaultFailureHandler: 	at org.junit.runners.ParentRunner.runLeaf(ParentRunner.java:366)
12-08 05:43:15.139 11839 11884 W DefaultFailureHandler: 	at org.junit.runners.BlockJUnit4ClassRunner.runChild(BlockJUnit4ClassRunner.java:103)
12-08 05:43:15.139 11839 11884 W DefaultFailureHandler: 	at org.junit.runners.BlockJUnit4ClassRunner.runChild(BlockJUnit4ClassRunner.java:63)
12-08 05:43:15.139 11839 11884 W DefaultFailureHandler: 	at org.junit.runners.ParentRunner$4.run(ParentRunner.java:331)
12-08 05:43:15.139 11839 11884 W DefaultFailureHandler: 	at org.junit.runners.ParentRunner$1.schedule(ParentRunner.java:79)
12-08 05:43:15.139 11839 11884 W DefaultFailureHandler: 	at org.junit.runners.ParentRunner.runChildren(ParentRunner.java:329)
12-08 05:43:15.139 11839 11884 W DefaultFailureHandler: 	at org.junit.runners.ParentRunner.access$100(ParentRunner.java:66)
12-08 05:43:15.139 11839 11884 W DefaultFailureHandler: 	at org.junit.runners.ParentRunner$2.evaluate(ParentRunner.java:293)
12-08 05:43:15.139 11839 11884 W DefaultFailureHandler: 	at org.junit.runners.ParentRunner$3.evaluate(ParentRunner.java:306)
12-08 05:43:15.139 11839 11884 W DefaultFailureHandler: 	at org.junit.runners.ParentRunner.run(ParentRunner.java:413)
12-08 05:43:15.139 11839 11884 W DefaultFailureHandler: 	at androidx.test.ext.junit.runners.AndroidJUnit4.run(AndroidJUnit4.java:162)
12-08 05:43:15.139 11839 11884 W DefaultFailureHandler: 	at io.qameta.allure.android.runners.AllureAndroidJUnit4.run(AllureAndroidJUnitRunners.kt:29)
12-08 05:43:15.139 11839 11884 W DefaultFailureHandler: 	at org.junit.runners.Suite.runChild(Suite.java:128)
12-08 05:43:15.139 11839 11884 W DefaultFailureHandler: 	at org.junit.runners.Suite.runChild(Suite.java:27)
12-08 05:43:15.139 11839 11884 W DefaultFailureHandler: 	at org.junit.runners.ParentRunner$4.run(ParentRunner.java:331)
12-08 05:43:15.139 11839 11884 W DefaultFailureHandler: 	at org.junit.runners.ParentRunner$1.schedule(ParentRunner.java:79)
12-08 05:43:15.139 11839 11884 W DefaultFailureHandler: 	at org.junit.runners.ParentRunner.runChildren(ParentRunner.java:329)
12-08 05:43:15.139 11839 11884 W DefaultFailureHandler: 	at org.junit.runners.ParentRunner.access$100(ParentRunner.java:66)
12-08 05:43:15.139 11839 11884 W DefaultFailureHandler: 	at org.junit.runners.ParentRunner$2.evaluate(ParentRunner.java:293)
12-08 05:43:15.139 11839 11884 W DefaultFailureHandler: 	at org.junit.runners.ParentRunner$3.evaluate(ParentRunner.java:306)
12-08 05:43:15.139 11839 11884 W DefaultFailureHandler: 	at org.junit.runners.ParentRunner.run(ParentRunner.java:413)
12-08 05:43:15.139 11839 11884 W DefaultFailureHandler: 	at org.junit.runner.JUnitCore.run(JUnitCore.java:137)
12-08 05:43:15.139 11839 11884 W DefaultFailureHandler: 	at org.junit.runner.JUnitCore.run(JUnitCore.java:115)
12-08 05:43:15.139 11839 11884 W DefaultFailureHandler: 	at androidx.test.internal.runner.TestExecutor.execute(TestExecutor.java:67)
12-08 05:43:15.139 11839 11884 W DefaultFailureHandler: 	at androidx.test.internal.runner.TestExecutor.execute(TestExecutor.java:58)
12-08 05:43:15.139 11839 11884 W DefaultFailureHandler: 	at androidx.test.runner.AndroidJUnitRunner.onStart(AndroidJUnitRunner.java:438)
12-08 05:43:15.139 11839 11884 W DefaultFailureHandler: 	at android.app.Instrumentation$InstrumentationThread.run(Instrumentation.java:2189)
12-08 05:43:15.139 11839 11884 W DefaultFailureHandler: Caused by: android.system.ErrnoException: open failed: EROFS (Read-only file system)
12-08 05:43:15.139 11839 11884 W DefaultFailureHandler: 	at libcore.io.Linux.open(Native Method)
12-08 05:43:15.139 11839 11884 W DefaultFailureHandler: 	at libcore.io.ForwardingOs.open(ForwardingOs.java:167)
12-08 05:43:15.139 11839 11884 W DefaultFailureHandler: 	at libcore.io.BlockGuardOs.open(BlockGuardOs.java:252)
12-08 05:43:15.139 11839 11884 W DefaultFailureHandler: 	at libcore.io.ForwardingOs.open(ForwardingOs.java:167)
12-08 05:43:15.139 11839 11884 W DefaultFailureHandler: 	at android.app.ActivityThread$AndroidOs.open(ActivityThread.java:7255)
12-08 05:43:15.139 11839 11884 W DefaultFailureHandler: 	at libcore.io.IoBridge.open(IoBridge.java:482)
12-08 05:43:15.139 11839 11884 W DefaultFailureHandler: 	... 52 more
12-08 05:43:15.217  2018  2058 E AppIdleHistory: Error writing app idle file for user 0
12-08 05:43:15.668  2170  2170 D StatusBar: disable<e i a s b h r c s > disable2<q i n >
12-08 05:43:15.713  1776  1927 D gralloc_ranchu: gralloc_alloc: Creating ashmem region of size 10108928
12-08 05:43:15.728  2170  2566 D EGL_emulation: eglMakeCurrent: 0xe594e040: ver 2 0 (tinfo 0xc52450c0)
12-08 05:43:15.771  1776  1927 D gralloc_ranchu: gralloc_alloc: Creating ashmem region of size 10108928
12-08 05:43:15.809  2170  2170 D StatusBar: disable<e i a s b h r c s > disable2<q i n >
12-08 05:43:15.854  1776  1927 D gralloc_ranchu: gralloc_alloc: Creating ashmem region of size 10108928
12-08 05:43:16.735 11839 11884 I QueryController: Matched selector: UiSelector[DESCRIPTION=Airplane mode] <<==>> [android.view.accessibility.AccessibilityNodeInfo@6de40; boundsInParent: Rect(0, 0 - 292, 292); boundsInScreen: Rect(736, 804 - 1028, 1096); packageName: com.android.systemui; className: android.widget.Switch; text: Off; error: null; maxTextLength: -1; contentDescription: Airplane mode; tooltipText: null; viewIdResName: null; checkable: true; checked: false; focusable: true; focused: false; selected: false; clickable: true; longClickable: true; contextClickable: false; enabled: true; password: false; scrollable: false; importantForAccessibility: true; visible: true; actions: [AccessibilityAction: ACTION_FOCUS - null, AccessibilityAction: ACTION_SELECT - null, AccessibilityAction: ACTION_CLEAR_SELECTION - null, AccessibilityAction: ACTION_CLICK - null, AccessibilityAction: ACTION_ACCESSIBILITY_FOCUS - null, AccessibilityAction: ACTION_NEXT_AT_MOVEMENT_GRANULARITY - null, AccessibilityAction: ACTION_PREVIOUS_AT_MOVEMENT_GRANULARITY - null, AccessibilityAction: ACTION_SET_SELECTION - null, AccessibilityAction: ACTION_SHOW_ON_SCREEN - null, AccessibilityAction: ACTION_LONG_CLICK - Open settings]]
12-08 05:43:16.755  2018  2051 D AutofillManagerService: onBackKeyPressed()
12-08 05:43:17.394  2170  2170 V StatusBar: mStatusBarWindow: com.android.systemui.statusbar.phone.StatusBarWindowView{4752fa5 V.E...... ........ 0,0-1080,2340} canPanelBeCollapsed(): true
12-08 05:43:17.398  2170  2170 D StatusBar: disable<e i a s b h r c s > disable2<q i n >
12-08 05:43:17.439  2170  2170 D StatusBar: disable<e i a s b h r c s > disable2<q i n >
12-08 05:43:17.443  1776  1927 D gralloc_ranchu: gralloc_alloc: Creating ashmem region of size 10108928
12-08 05:43:17.490  1764  1764 W audio_hw_generic: Not supplying enough data to HAL, expected position 174681397 , only wrote 174281904
12-08 05:43:17.497  2170  2566 D EGL_emulation: eglMakeCurrent: 0xe594e040: ver 2 0 (tinfo 0xc52450c0)
12-08 05:43:17.503  1776  1927 D gralloc_ranchu: gralloc_alloc: Creating ashmem region of size 286720
12-08 05:43:17.514  2170  2566 D EGL_emulation: eglMakeCurrent: 0xe594e040: ver 2 0 (tinfo 0xc52450c0)
12-08 05:43:17.530  1776  1927 D gralloc_ranchu: gralloc_alloc: Creating ashmem region of size 286720
12-08 05:43:17.393  2018  2051 D AutofillManagerService: onBackKeyPressed()
12-08 05:43:17.736  2018 11055 I ActivityTaskManager: START u0 {act=android.intent.action.MAIN cat=[android.intent.category.LAUNCHER] flg=0x10000000 cmp=ru.iteco.fmhandroid.test/androidx.test.core.app.InstrumentationActivityInvoker$EmptyActivity} from uid 10146
12-08 05:43:17.541  1776  1927 D gralloc_ranchu: gralloc_alloc: Creating ashmem region of size 286720
12-08 05:43:17.748 11839 11839 D LifecycleMonitor: Lifecycle status change: ru.iteco.fmhandroid.ui.AppActivity@fd33659 in: PAUSED
12-08 05:43:17.748 11839 11839 V ActivityScenario: Update currentActivityStage to PAUSED, currentActivity=ru.iteco.fmhandroid.ui.AppActivity@fd33659
12-08 05:43:17.751  2018  2693 W InputReader: Device has associated, but no associated display id.
12-08 05:43:17.757  2018  2693 I chatty  : uid=1000(system) Binder:2018_9 identical 38 lines
12-08 05:43:17.757  2018  2693 W InputReader: Device has associated, but no associated display id.
12-08 05:43:17.757 11900 11900 W ActivityThread: handleWindowVisibility: no activity for token android.os.BinderProxy@5c45a08
12-08 05:43:17.763  2018  2693 W InputReader: Device has associated, but no associated display id.
12-08 05:43:17.764  2018  2693 I chatty  : uid=1000(system) Binder:2018_9 identical 8 lines
12-08 05:43:17.764  2018  2693 W InputReader: Device has associated, but no associated display id.
12-08 05:43:17.765 11839 11878 V FA      : Recording user engagement, ms: 28810
12-08 05:43:17.826  2018  3005 I ActivityTaskManager: START u0 {act=android.intent.action.MAIN cat=[android.intent.category.LAUNCHER] flg=0x10000000 cmp=ru.iteco.fmhandroid.test/androidx.test.core.app.InstrumentationActivityInvoker$EmptyActivity} from uid 10146
12-08 05:43:17.852 11839 11878 V FA      : Connecting to remote service
12-08 05:43:17.863  1776  1927 D gralloc_ranchu: gralloc_alloc: Creating ashmem region of size 10108928
12-08 05:43:17.874  1776  1927 I chatty  : uid=1000(system) HwBinder:1776_3 identical 1 line
12-08 05:43:17.876  1776  1927 D gralloc_ranchu: gralloc_alloc: Creating ashmem region of size 10108928
12-08 05:43:17.881 11900 11932 D EGL_emulation: eglMakeCurrent: 0xf0c7f7c0: ver 2 0 (tinfo 0xf0c89d30)
12-08 05:43:17.918  2018  2693 W InputReader: Device has associated, but no associated display id.
12-08 05:43:17.920  2018  2693 I chatty  : uid=1000(system) Binder:2018_9 identical 28 lines
12-08 05:43:17.920  2018  2693 W InputReader: Device has associated, but no associated display id.
12-08 05:43:17.920 11839 11878 V FA      : Connection attempt already in progress
12-08 05:43:17.920  2018  2693 W InputReader: Device has associated, but no associated display id.
12-08 05:43:17.920  2018  2693 I chatty  : uid=1000(system) Binder:2018_9 identical 8 lines
12-08 05:43:17.920  2018  2693 W InputReader: Device has associated, but no associated display id.
12-08 05:43:17.921 11839 11878 V FA      : Activity paused, time: 59144791
12-08 05:43:17.927  2018  2693 W InputReader: Device has associated, but no associated display id.
12-08 05:43:17.927  2018  2693 I chatty  : uid=1000(system) Binder:2018_9 identical 8 lines
12-08 05:43:17.927  2018  2693 W InputReader: Device has associated, but no associated display id.
12-08 05:43:17.930 11839 11878 D FA      : Connected to remote service
12-08 05:43:17.930 11839 11878 V FA      : Processing queued up service tasks: 2
12-08 05:43:17.951 11900 11900 W ActivityThread: handleWindowVisibility: no activity for token android.os.BinderProxy@6e9ad9b
12-08 05:43:17.977  2018  5907 W ActivityTaskManager: Duplicate finish request for ActivityRecord{b9985f9 u0 ru.iteco.fmhandroid/.ui.AppActivity t337 f}
12-08 05:43:17.988  2873 11887 V FA-SVC  : Logging event: origin=auto,name=user_engagement(_e),params=Bundle[{ga_event_origin(_o)=auto, engagement_time_msec(_et)=28810, ga_screen_class(_sc)=AppActivity, ga_screen_id(_si)=-1196254479738161394}]
12-08 05:43:18.006  1776  1927 D gralloc_ranchu: gralloc_alloc: Creating ashmem region of size 10108928
12-08 05:43:18.013  1776  1927 D gralloc_ranchu: gralloc_alloc: Creating ashmem region of size 10108928
12-08 05:43:18.019 11900 11932 D EGL_emulation: eglMakeCurrent: 0xf0c7f7c0: ver 2 0 (tinfo 0xf0c89d30)
12-08 05:43:18.030  1776  1927 D gralloc_ranchu: gralloc_alloc: Creating ashmem region of size 10108928
12-08 05:43:18.042  2018  2054 W InputReader: Device has associated, but no associated display id.
12-08 05:43:18.046  2018  2054 I chatty  : uid=1000(system) android.anim identical 18 lines
12-08 05:43:18.046  2018  2054 W InputReader: Device has associated, but no associated display id.
12-08 05:43:18.052  2018  2058 I ActivityTaskManager: Displayed ru.iteco.fmhandroid.test/androidx.test.core.app.InstrumentationActivityInvoker$EmptyActivity: +170ms
12-08 05:43:18.053 11839 11936 D EGL_emulation: eglMakeCurrent: 0xdd81b020: ver 2 0 (tinfo 0xdd891860)
12-08 05:43:18.056  2873 11887 V FA-SVC  : Upload scheduled in approximately ms: 1586459
12-08 05:43:18.056  2873 11887 V FA-SVC  : Unscheduling upload
12-08 05:43:18.060  2018  2693 W InputReader: Device has associated, but no associated display id.
12-08 05:43:18.061  2018  2693 I chatty  : uid=1000(system) Binder:2018_9 identical 8 lines
12-08 05:43:18.061  2018  2693 W InputReader: Device has associated, but no associated display id.
12-08 05:43:18.062  2873 11887 V FA-SVC  : Scheduling upload, millis: 1586459
12-08 05:43:18.092  2873 11887 V FA-SVC  : Background event processing time, ms: 104
12-08 05:43:18.128  2018  5907 W InputReader: Device has associated, but no associated display id.
12-08 05:43:18.139  2018  5907 I chatty  : uid=1000(system) Binder:2018_17 identical 28 lines
12-08 05:43:18.139  2018  5907 W InputReader: Device has associated, but no associated display id.
12-08 05:43:18.163 11839 11839 D AutofillManager: onActivityFinishing(): calling cancelLocked()
12-08 05:43:18.165 11839 11839 D LifecycleMonitor: Lifecycle status change: ru.iteco.fmhandroid.ui.AppActivity@fd33659 in: STOPPED
12-08 05:43:18.165 11839 11839 V ActivityScenario: Update currentActivityStage to STOPPED, currentActivity=ru.iteco.fmhandroid.ui.AppActivity@fd33659
12-08 05:43:18.176 11839 11839 W System.err: ru.iteco.fmhandroid.exceptions.UnknownException
12-08 05:43:18.176 11839 11839 W System.err: 	at ru.iteco.fmhandroid.utils.Utils.makeRequest(Utils.kt:123)
12-08 05:43:18.176 11839 11839 W System.err: 	at ru.iteco.fmhandroid.utils.Utils$makeRequest$1.invokeSuspend(Unknown Source:15)
12-08 05:43:18.176 11839 11839 W System.err: 	at kotlin.coroutines.jvm.internal.BaseContinuationImpl.resumeWith(ContinuationImpl.kt:33)
12-08 05:43:18.176 11839 11839 W System.err: 	at kotlinx.coroutines.DispatchedTaskKt.resume(DispatchedTask.kt:234)
12-08 05:43:18.176 11839 11839 W System.err: 	at kotlinx.coroutines.DispatchedTaskKt.resumeUnconfined(DispatchedTask.kt:190)
12-08 05:43:18.177 11839 11839 W System.err: 	at kotlinx.coroutines.DispatchedTaskKt.dispatch(DispatchedTask.kt:161)
12-08 05:43:18.177 11839 11839 W System.err: 	at kotlinx.coroutines.CancellableContinuationImpl.dispatchResume(CancellableContinuationImpl.kt:397)
12-08 05:43:18.177 11839 11839 W System.err: 	at kotlinx.coroutines.CancellableContinuationImpl.cancel(CancellableContinuationImpl.kt:183)
12-08 05:43:18.177 11839 11839 W System.err: 	at kotlinx.coroutines.CancellableContinuationImpl.parentCancelled$kotlinx_coroutines_core(CancellableContinuationImpl.kt:190)
12-08 05:43:18.177 11839 11839 W System.err: 	at kotlinx.coroutines.ChildContinuation.invoke(JobSupport.kt:1474)
12-08 05:43:18.177 11839 11839 W System.err: 	at kotlinx.coroutines.JobSupport.notifyCancelling(JobSupport.kt:1499)
12-08 05:43:18.177 11839 11839 W System.err: 	at kotlinx.coroutines.JobSupport.tryMakeCancelling(JobSupport.kt:795)
12-08 05:43:18.177 11839 11839 W System.err: 	at kotlinx.coroutines.JobSupport.makeCancelling(JobSupport.kt:755)
12-08 05:43:18.177 11839 11839 W System.err: 	at kotlinx.coroutines.JobSupport.cancelImpl$kotlinx_coroutines_core(JobSupport.kt:671)
12-08 05:43:18.177 11839 11839 W System.err: 	at kotlinx.coroutines.JobSupport.parentCancelled(JobSupport.kt:637)
12-08 05:43:18.177 11839 11839 W System.err: 	at kotlinx.coroutines.ChildHandleNode.invoke(JobSupport.kt:1465)
12-08 05:43:18.177 11839 11839 W System.err: 	at kotlinx.coroutines.JobSupport.notifyCancelling(JobSupport.kt:1499)
12-08 05:43:18.177 11839 11839 W System.err: 	at kotlinx.coroutines.JobSupport.tryMakeCompletingSlowPath(JobSupport.kt:900)
12-08 05:43:18.177 11839 11839 W System.err: 	at kotlinx.coroutines.JobSupport.tryMakeCompleting(JobSupport.kt:863)
12-08 05:43:18.177 11839 11839 W System.err: 	at kotlinx.coroutines.JobSupport.cancelMakeCompleting(JobSupport.kt:696)
12-08 05:43:18.177 11839 11839 W System.err: 	at kotlinx.coroutines.JobSupport.cancelImpl$kotlinx_coroutines_core(JobSupport.kt:667)
12-08 05:43:18.177 11839 11839 W System.err: 	at kotlinx.coroutines.JobSupport.cancelInternal(JobSupport.kt:632)
12-08 05:43:18.177 11839 11839 W System.err: 	at kotlinx.coroutines.JobSupport.cancel(JobSupport.kt:617)
12-08 05:43:18.177 11839 11839 W System.err: 	at kotlinx.coroutines.JobKt__JobKt.cancel(Job.kt:561)
12-08 05:43:18.177 11839 11839 W System.err: 	at kotlinx.coroutines.JobKt.cancel(Unknown Source:1)
12-08 05:43:18.177 11839 11839 W System.err: 	at kotlinx.coroutines.JobKt__JobKt.cancel$default(Job.kt:560)
12-08 05:43:18.177 11839 11839 W System.err: 	at kotlinx.coroutines.JobKt.cancel$default(Unknown Source:1)
12-08 05:43:18.177 11839 11839 W System.err: 	at androidx.lifecycle.CloseableCoroutineScope.close(ViewModel.kt:51)
12-08 05:43:18.177 11839 11839 W System.err: 	at androidx.lifecycle.ViewModel.closeWithRuntimeException(ViewModel.java:188)
12-08 05:43:18.177 11839 11839 W System.err: 	at androidx.lifecycle.ViewModel.clear(ViewModel.java:134)
12-08 05:43:18.177 11839 11839 W System.err: 	at androidx.lifecycle.ViewModelStore.clear(ViewModelStore.java:62)
12-08 05:43:18.177 11839 11839 W System.err: 	at androidx.fragment.app.FragmentManagerViewModel.clearNonConfigStateInternal(FragmentManagerViewModel.java:210)
12-08 05:43:18.177 11839 11839 W System.err: 	at androidx.fragment.app.FragmentManagerViewModel.clearNonConfigState(FragmentManagerViewModel.java:190)
12-08 05:43:18.178 11839 11839 W System.err: 	at androidx.fragment.app.FragmentStateManager.destroy(FragmentStateManager.java:778)
12-08 05:43:18.178 11839 11839 W System.err: 	at androidx.fragment.app.FragmentStateManager.moveToExpectedState(FragmentStateManager.java:335)
12-08 05:43:18.179 11839 11839 W System.err: 	at androidx.fragment.app.FragmentStore.moveToExpectedState(FragmentStore.java:121)
12-08 05:43:18.179 11839 11839 W System.err: 	at androidx.fragment.app.FragmentManager.moveToState(FragmentManager.java:1374)
12-08 05:43:18.179 11839 11839 W System.err: 	at androidx.fragment.app.FragmentManager.dispatchStateChange(FragmentManager.java:2841)
12-08 05:43:18.179 11839 11839 W System.err: 	at androidx.fragment.app.FragmentManager.dispatchDestroy(FragmentManager.java:2820)
12-08 05:43:18.179 11839 11839 W System.err: 	at androidx.fragment.app.Fragment.performDestroy(Fragment.java:3246)
12-08 05:43:18.179 11839 11839 W System.err: 	at androidx.fragment.app.FragmentStateManager.destroy(FragmentStateManager.java:780)
12-08 05:43:18.179 11839 11839 W System.err: 	at androidx.fragment.app.FragmentStateManager.moveToExpectedState(FragmentStateManager.java:335)
12-08 05:43:18.179 11839 11839 W System.err: 	at androidx.fragment.app.SpecialEffectsController$FragmentStateManagerOperation.complete(SpecialEffectsController.java:771)
12-08 05:43:18.179 11839 11839 W System.err: 	at androidx.fragment.app.SpecialEffectsController$Operation.cancel(SpecialEffectsController.java:615)
12-08 05:43:18.179 11839 11839 W System.err: 	at androidx.fragment.app.SpecialEffectsController.forceCompleteAllOperations(SpecialEffectsController.java:350)
12-08 05:43:18.179 11839 11839 W System.err: 	at androidx.fragment.app.FragmentManager.dispatchStateChange(FragmentManager.java:2844)
12-08 05:43:18.179 11839 11839 W System.err: 	at androidx.fragment.app.FragmentManager.dispatchDestroy(FragmentManager.java:2820)
12-08 05:43:18.179 11839 11839 W System.err: 	at androidx.fragment.app.FragmentController.dispatchDestroy(FragmentController.java:345)
12-08 05:43:18.179 11839 11839 W System.err: 	at androidx.fragment.app.FragmentActivity.onDestroy(FragmentActivity.java:306)
12-08 05:43:18.179 11839 11839 W System.err: 	at androidx.appcompat.app.AppCompatActivity.onDestroy(AppCompatActivity.java:278)
12-08 05:43:18.179 11839 11839 W System.err: 	at android.app.Activity.performDestroy(Activity.java:8048)
12-08 05:43:18.179 11839 11839 W System.err: 	at android.app.Instrumentation.callActivityOnDestroy(Instrumentation.java:1334)
12-08 05:43:18.179 11839 11839 W System.err: 	at androidx.test.runner.MonitoringInstrumentation.callActivityOnDestroy(MonitoringInstrumentation.java:766)
12-08 05:43:18.179 11839 11839 W System.err: 	at android.app.ActivityThread.performDestroyActivity(ActivityThread.java:4926)
12-08 05:43:18.179 11839 11839 W System.err: 	at android.app.ActivityThread.handleDestroyActivity(ActivityThread.java:4970)
12-08 05:43:18.180 11839 11839 W System.err: 	at android.app.servertransaction.DestroyActivityItem.execute(DestroyActivityItem.java:44)
12-08 05:43:18.180 11839 11839 W System.err: 	at android.app.servertransaction.TransactionExecutor.executeLifecycleState(TransactionExecutor.java:176)
12-08 05:43:18.180 11839 11839 W System.err: 	at android.app.servertransaction.TransactionExecutor.execute(TransactionExecutor.java:97)
12-08 05:43:18.180 11839 11839 W System.err: 	at android.app.ActivityThread$H.handleMessage(ActivityThread.java:2016)
12-08 05:43:18.180 11839 11839 W System.err: 	at android.os.Handler.dispatchMessage(Handler.java:107)
12-08 05:43:18.180 11839 11839 W System.err: 	at android.os.Looper.loop(Looper.java:214)
12-08 05:43:18.180 11839 11839 W System.err: 	at android.app.ActivityThread.main(ActivityThread.java:7356)
12-08 05:43:18.180 11839 11839 W System.err: 	at java.lang.reflect.Method.invoke(Native Method)
12-08 05:43:18.180 11839 11839 W System.err: 	at com.android.internal.os.RuntimeInit$MethodAndArgsCaller.run(RuntimeInit.java:492)
12-08 05:43:18.180 11839 11839 W System.err: 	at com.android.internal.os.ZygoteInit.main(ZygoteInit.java:930)
12-08 05:43:18.181  2018  9359 D ConnectivityService: requestNetwork for uid/pid:10129/8344 NetworkRequest [ TRACK_DEFAULT id=152, [ Capabilities: INTERNET&NOT_RESTRICTED&TRUSTED Uid: 10129] ]
12-08 05:43:18.182  2018  2136 D UntrustedWifiNetworkFactory: got request NetworkRequest [ TRACK_DEFAULT id=152, [ Capabilities: INTERNET&NOT_RESTRICTED&TRUSTED Uid: 10129] ] with score 50 and serial 2
12-08 05:43:18.182  2018  2136 D WifiNetworkFactory: got request NetworkRequest [ TRACK_DEFAULT id=152, [ Capabilities: INTERNET&NOT_RESTRICTED&TRUSTED Uid: 10129] ] with score 50 and serial 2
12-08 05:43:18.184  2298  2298 D PhoneSwitcherNetworkRequstListener: got request NetworkRequest [ TRACK_DEFAULT id=152, [ Capabilities: INTERNET&NOT_RESTRICTED&TRUSTED Uid: 10129] ] with score 50 and serial 2
12-08 05:43:18.185 11839 11839 W System.err: ru.iteco.fmhandroid.exceptions.UnknownException
12-08 05:43:18.185 11839 11839 W System.err: 	at ru.iteco.fmhandroid.utils.Utils.makeRequest(Utils.kt:123)
12-08 05:43:18.185 11839 11839 W System.err: 	at ru.iteco.fmhandroid.utils.Utils$makeRequest$1.invokeSuspend(Unknown Source:15)
12-08 05:43:18.185 11839 11839 W System.err: 	at kotlin.coroutines.jvm.internal.BaseContinuationImpl.resumeWith(ContinuationImpl.kt:33)
12-08 05:43:18.185 11839 11839 W System.err: 	at kotlinx.coroutines.DispatchedTaskKt.resume(DispatchedTask.kt:234)
12-08 05:43:18.185 11839 11839 W System.err: 	at kotlinx.coroutines.DispatchedTaskKt.resumeUnconfined(DispatchedTask.kt:190)
12-08 05:43:18.185 11839 11839 W System.err: 	at kotlinx.coroutines.DispatchedTaskKt.dispatch(DispatchedTask.kt:161)
12-08 05:43:18.185 11839 11839 W System.err: 	at kotlinx.coroutines.CancellableContinuationImpl.dispatchResume(CancellableContinuationImpl.kt:397)
12-08 05:43:18.185 11839 11839 W System.err: 	at kotlinx.coroutines.CancellableContinuationImpl.cancel(CancellableContinuationImpl.kt:183)
12-08 05:43:18.185 11839 11839 W System.err: 	at kotlinx.coroutines.CancellableContinuationImpl.parentCancelled$kotlinx_coroutines_core(CancellableContinuationImpl.kt:190)
12-08 05:43:18.185 11839 11839 W System.err: 	at kotlinx.coroutines.ChildContinuation.invoke(JobSupport.kt:1474)
12-08 05:43:18.185 11839 11839 W System.err: 	at kotlinx.coroutines.JobSupport.notifyCancelling(JobSupport.kt:1499)
12-08 05:43:18.185 11839 11839 W System.err: 	at kotlinx.coroutines.JobSupport.tryMakeCancelling(JobSupport.kt:795)
12-08 05:43:18.185 11839 11839 W System.err: 	at kotlinx.coroutines.JobSupport.makeCancelling(JobSupport.kt:755)
12-08 05:43:18.185 11839 11839 W System.err: 	at kotlinx.coroutines.JobSupport.cancelImpl$kotlinx_coroutines_core(JobSupport.kt:671)
12-08 05:43:18.185 11839 11839 W System.err: 	at kotlinx.coroutines.JobSupport.parentCancelled(JobSupport.kt:637)
12-08 05:43:18.185 11839 11839 W System.err: 	at kotlinx.coroutines.ChildHandleNode.invoke(JobSupport.kt:1465)
12-08 05:43:18.185 11839 11839 W System.err: 	at kotlinx.coroutines.JobSupport.notifyCancelling(JobSupport.kt:1499)
12-08 05:43:18.185 11839 11839 W System.err: 	at kotlinx.coroutines.JobSupport.tryMakeCompletingSlowPath(JobSupport.kt:900)
12-08 05:43:18.185 11839 11839 W System.err: 	at kotlinx.coroutines.JobSupport.tryMakeCompleting(JobSupport.kt:863)
12-08 05:43:18.185 11839 11839 W System.err: 	at kotlinx.coroutines.JobSupport.cancelMakeCompleting(JobSupport.kt:696)
12-08 05:43:18.185 11839 11839 W System.err: 	at kotlinx.coroutines.JobSupport.cancelImpl$kotlinx_coroutines_core(JobSupport.kt:667)
12-08 05:43:18.185 11839 11839 W System.err: 	at kotlinx.coroutines.JobSupport.cancelInternal(JobSupport.kt:632)
12-08 05:43:18.185 11839 11839 W System.err: 	at kotlinx.coroutines.JobSupport.cancel(JobSupport.kt:617)
12-08 05:43:18.185 11839 11839 W System.err: 	at kotlinx.coroutines.JobKt__JobKt.cancel(Job.kt:561)
12-08 05:43:18.186 11839 11839 W System.err: 	at kotlinx.coroutines.JobKt.cancel(Unknown Source:1)
12-08 05:43:18.186 11839 11839 W System.err: 	at kotlinx.coroutines.JobKt__JobKt.cancel$default(Job.kt:560)
12-08 05:43:18.186 11839 11839 W System.err: 	at kotlinx.coroutines.JobKt.cancel$default(Unknown Source:1)
12-08 05:43:18.186 11839 11839 W System.err: 	at androidx.lifecycle.CloseableCoroutineScope.close(ViewModel.kt:51)
12-08 05:43:18.186 11839 11839 W System.err: 	at androidx.lifecycle.ViewModel.closeWithRuntimeException(ViewModel.java:188)
12-08 05:43:18.186 11839 11839 W System.err: 	at androidx.lifecycle.ViewModel.clear(ViewModel.java:134)
12-08 05:43:18.186 11839 11839 W System.err: 	at androidx.lifecycle.ViewModelStore.clear(ViewModelStore.java:62)
12-08 05:43:18.186 11839 11839 W System.err: 	at androidx.fragment.app.FragmentManagerViewModel.clearNonConfigStateInternal(FragmentManagerViewModel.java:210)
12-08 05:43:18.186 11839 11839 W System.err: 	at androidx.fragment.app.FragmentManagerViewModel.clearNonConfigState(FragmentManagerViewModel.java:190)
12-08 05:43:18.186 11839 11839 W System.err: 	at androidx.fragment.app.FragmentStateManager.destroy(FragmentStateManager.java:778)
12-08 05:43:18.186 11839 11839 W System.err: 	at androidx.fragment.app.FragmentStateManager.moveToExpectedState(FragmentStateManager.java:335)
12-08 05:43:18.186 11839 11839 W System.err: 	at androidx.fragment.app.FragmentStore.moveToExpectedState(FragmentStore.java:121)
12-08 05:43:18.186 11839 11839 W System.err: 	at androidx.fragment.app.FragmentManager.moveToState(FragmentManager.java:1374)
12-08 05:43:18.186 11839 11839 W System.err: 	at androidx.fragment.app.FragmentManager.dispatchStateChange(FragmentManager.java:2841)
12-08 05:43:18.186 11839 11839 W System.err: 	at androidx.fragment.app.FragmentManager.dispatchDestroy(FragmentManager.java:2820)
12-08 05:43:18.186 11839 11839 W System.err: 	at androidx.fragment.app.Fragment.performDestroy(Fragment.java:3246)
12-08 05:43:18.186 11839 11839 W System.err: 	at androidx.fragment.app.FragmentStateManager.destroy(FragmentStateManager.java:780)
12-08 05:43:18.186 11839 11839 W System.err: 	at androidx.fragment.app.FragmentStateManager.moveToExpectedState(FragmentStateManager.java:335)
12-08 05:43:18.186 11839 11839 W System.err: 	at androidx.fragment.app.SpecialEffectsController$FragmentStateManagerOperation.complete(SpecialEffectsController.java:771)
12-08 05:43:18.186 11839 11839 W System.err: 	at androidx.fragment.app.SpecialEffectsController$Operation.cancel(SpecialEffectsController.java:615)
12-08 05:43:18.186 11839 11839 W System.err: 	at androidx.fragment.app.SpecialEffectsController.forceCompleteAllOperations(SpecialEffectsController.java:350)
12-08 05:43:18.186 11839 11839 W System.err: 	at androidx.fragment.app.FragmentManager.dispatchStateChange(FragmentManager.java:2844)
12-08 05:43:18.186 11839 11839 W System.err: 	at androidx.fragment.app.FragmentManager.dispatchDestroy(FragmentManager.java:2820)
12-08 05:43:18.187 11839 11839 W System.err: 	at androidx.fragment.app.FragmentController.dispatchDestroy(FragmentController.java:345)
12-08 05:43:18.187 11839 11839 W System.err: 	at androidx.fragment.app.FragmentActivity.onDestroy(FragmentActivity.java:306)
12-08 05:43:18.187 11839 11839 W System.err: 	at androidx.appcompat.app.AppCompatActivity.onDestroy(AppCompatActivity.java:278)
12-08 05:43:18.187 11839 11839 W System.err: 	at android.app.Activity.performDestroy(Activity.java:8048)
12-08 05:43:18.187 11839 11839 W System.err: 	at android.app.Instrumentation.callActivityOnDestroy(Instrumentation.java:1334)
12-08 05:43:18.187 11839 11839 W System.err: 	at androidx.test.runner.MonitoringInstrumentation.callActivityOnDestroy(MonitoringInstrumentation.java:766)
12-08 05:43:18.187 11839 11839 W System.err: 	at android.app.ActivityThread.performDestroyActivity(ActivityThread.java:4926)
12-08 05:43:18.187 11839 11839 W System.err: 	at android.app.ActivityThread.handleDestroyActivity(ActivityThread.java:4970)
12-08 05:43:18.187 11839 11839 W System.err: 	at android.app.servertransaction.DestroyActivityItem.execute(DestroyActivityItem.java:44)
12-08 05:43:18.187 11839 11839 W System.err: 	at android.app.servertransaction.TransactionExecutor.executeLifecycleState(TransactionExecutor.java:176)
12-08 05:43:18.187 11839 11839 W System.err: 	at android.app.servertransaction.TransactionExecutor.execute(TransactionExecutor.java:97)
12-08 05:43:18.187 11839 11839 W System.err: 	at android.app.ActivityThread$H.handleMessage(ActivityThread.java:2016)
12-08 05:43:18.187 11839 11839 W System.err: 	at android.os.Handler.dispatchMessage(Handler.java:107)
12-08 05:43:18.187 11839 11839 W System.err: 	at android.os.Looper.loop(Looper.java:214)
12-08 05:43:18.187 11839 11839 W System.err: 	at android.app.ActivityThread.main(ActivityThread.java:7356)
12-08 05:43:18.187 11839 11839 W System.err: 	at java.lang.reflect.Method.invoke(Native Method)
12-08 05:43:18.187 11839 11839 W System.err: 	at com.android.internal.os.RuntimeInit$MethodAndArgsCaller.run(RuntimeInit.java:492)
12-08 05:43:18.187 11839 11839 W System.err: 	at com.android.internal.os.ZygoteInit.main(ZygoteInit.java:930)
12-08 05:43:18.197 11839 11839 W System.err: ru.iteco.fmhandroid.exceptions.UnknownException
12-08 05:43:18.198 11839 11839 W System.err: 	at ru.iteco.fmhandroid.utils.Utils.makeRequest(Utils.kt:123)
12-08 05:43:18.198 11839 11839 W System.err: 	at ru.iteco.fmhandroid.utils.Utils$makeRequest$1.invokeSuspend(Unknown Source:15)
12-08 05:43:18.198 11839 11839 W System.err: 	at kotlin.coroutines.jvm.internal.BaseContinuationImpl.resumeWith(ContinuationImpl.kt:33)
12-08 05:43:18.198 11839 11839 W System.err: 	at kotlinx.coroutines.DispatchedTaskKt.resume(DispatchedTask.kt:234)
12-08 05:43:18.198 11839 11839 W System.err: 	at kotlinx.coroutines.DispatchedTaskKt.resumeUnconfined(DispatchedTask.kt:190)
12-08 05:43:18.198 11839 11839 W System.err: 	at kotlinx.coroutines.DispatchedTaskKt.dispatch(DispatchedTask.kt:161)
12-08 05:43:18.198 11839 11839 W System.err: 	at kotlinx.coroutines.CancellableContinuationImpl.dispatchResume(CancellableContinuationImpl.kt:397)
12-08 05:43:18.198 11839 11839 W System.err: 	at kotlinx.coroutines.CancellableContinuationImpl.cancel(CancellableContinuationImpl.kt:183)
12-08 05:43:18.198 11839 11839 W System.err: 	at kotlinx.coroutines.CancellableContinuationImpl.parentCancelled$kotlinx_coroutines_core(CancellableContinuationImpl.kt:190)
12-08 05:43:18.198 11839 11839 W System.err: 	at kotlinx.coroutines.ChildContinuation.invoke(JobSupport.kt:1474)
12-08 05:43:18.198 11839 11839 W System.err: 	at kotlinx.coroutines.JobSupport.notifyCancelling(JobSupport.kt:1499)
12-08 05:43:18.198 11839 11839 W System.err: 	at kotlinx.coroutines.JobSupport.tryMakeCancelling(JobSupport.kt:795)
12-08 05:43:18.198 11839 11839 W System.err: 	at kotlinx.coroutines.JobSupport.makeCancelling(JobSupport.kt:755)
12-08 05:43:18.198 11839 11839 W System.err: 	at kotlinx.coroutines.JobSupport.cancelImpl$kotlinx_coroutines_core(JobSupport.kt:671)
12-08 05:43:18.198 11839 11839 W System.err: 	at kotlinx.coroutines.JobSupport.parentCancelled(JobSupport.kt:637)
12-08 05:43:18.198 11839 11839 W System.err: 	at kotlinx.coroutines.ChildHandleNode.invoke(JobSupport.kt:1465)
12-08 05:43:18.198 11839 11839 W System.err: 	at kotlinx.coroutines.JobSupport.notifyCancelling(JobSupport.kt:1499)
12-08 05:43:18.198 11839 11839 W System.err: 	at kotlinx.coroutines.JobSupport.tryMakeCompletingSlowPath(JobSupport.kt:900)
12-08 05:43:18.198 11839 11839 W System.err: 	at kotlinx.coroutines.JobSupport.tryMakeCompleting(JobSupport.kt:863)
12-08 05:43:18.198 11839 11839 W System.err: 	at kotlinx.coroutines.JobSupport.cancelMakeCompleting(JobSupport.kt:696)
12-08 05:43:18.200 11839 11839 W System.err: 	at kotlinx.coroutines.JobSupport.cancelImpl$kotlinx_coroutines_core(JobSupport.kt:667)
12-08 05:43:18.200 11839 11839 W System.err: 	at kotlinx.coroutines.JobSupport.cancelInternal(JobSupport.kt:632)
12-08 05:43:18.200 11839 11839 W System.err: 	at kotlinx.coroutines.JobSupport.cancel(JobSupport.kt:617)
12-08 05:43:18.200 11839 11839 W System.err: 	at kotlinx.coroutines.JobKt__JobKt.cancel(Job.kt:561)
12-08 05:43:18.200 11839 11839 W System.err: 	at kotlinx.coroutines.JobKt.cancel(Unknown Source:1)
12-08 05:43:18.201 11839 11839 W System.err: 	at kotlinx.coroutines.JobKt__JobKt.cancel$default(Job.kt:560)
12-08 05:43:18.201 11839 11839 W System.err: 	at kotlinx.coroutines.JobKt.cancel$default(Unknown Source:1)
12-08 05:43:18.201 11839 11839 W System.err: 	at androidx.lifecycle.CloseableCoroutineScope.close(ViewModel.kt:51)
12-08 05:43:18.201 11839 11839 W System.err: 	at androidx.lifecycle.ViewModel.closeWithRuntimeException(ViewModel.java:188)
12-08 05:43:18.201 11839 11839 W System.err: 	at androidx.lifecycle.ViewModel.clear(ViewModel.java:134)
12-08 05:43:18.201 11839 11839 W System.err: 	at androidx.lifecycle.ViewModelStore.clear(ViewModelStore.java:62)
12-08 05:43:18.201 11839 11839 W System.err: 	at androidx.fragment.app.FragmentManagerViewModel.clearNonConfigStateInternal(FragmentManagerViewModel.java:210)
12-08 05:43:18.201 11839 11839 W System.err: 	at androidx.fragment.app.FragmentManagerViewModel.clearNonConfigState(FragmentManagerViewModel.java:190)
12-08 05:43:18.202 11839 11839 W System.err: 	at androidx.fragment.app.FragmentStateManager.destroy(FragmentStateManager.java:778)
12-08 05:43:18.202 11839 11839 W System.err: 	at androidx.fragment.app.FragmentStateManager.moveToExpectedState(FragmentStateManager.java:335)
12-08 05:43:18.202 11839 11839 W System.err: 	at androidx.fragment.app.FragmentStore.moveToExpectedState(FragmentStore.java:121)
12-08 05:43:18.202 11839 11839 W System.err: 	at androidx.fragment.app.FragmentManager.moveToState(FragmentManager.java:1374)
12-08 05:43:18.202 11839 11839 W System.err: 	at androidx.fragment.app.FragmentManager.dispatchStateChange(FragmentManager.java:2841)
12-08 05:43:18.202 11839 11839 W System.err: 	at androidx.fragment.app.FragmentManager.dispatchDestroy(FragmentManager.java:2820)
12-08 05:43:18.202 11839 11839 W System.err: 	at androidx.fragment.app.Fragment.performDestroy(Fragment.java:3246)
12-08 05:43:18.202 11839 11839 W System.err: 	at androidx.fragment.app.FragmentStateManager.destroy(FragmentStateManager.java:780)
12-08 05:43:18.202 11839 11839 W System.err: 	at androidx.fragment.app.FragmentStateManager.moveToExpectedState(FragmentStateManager.java:335)
12-08 05:43:18.203 11839 11839 W System.err: 	at androidx.fragment.app.SpecialEffectsController$FragmentStateManagerOperation.complete(SpecialEffectsController.java:771)
12-08 05:43:18.203 11839 11839 W System.err: 	at androidx.fragment.app.SpecialEffectsController$Operation.cancel(SpecialEffectsController.java:615)
12-08 05:43:18.203 11839 11839 W System.err: 	at androidx.fragment.app.SpecialEffectsController.forceCompleteAllOperations(SpecialEffectsController.java:350)
12-08 05:43:18.203 11839 11839 W System.err: 	at androidx.fragment.app.FragmentManager.dispatchStateChange(FragmentManager.java:2844)
12-08 05:43:18.203 11839 11839 W System.err: 	at androidx.fragment.app.FragmentManager.dispatchDestroy(FragmentManager.java:2820)
12-08 05:43:18.203 11839 11839 W System.err: 	at androidx.fragment.app.FragmentController.dispatchDestroy(FragmentController.java:345)
12-08 05:43:18.203 11839 11839 W System.err: 	at androidx.fragment.app.FragmentActivity.onDestroy(FragmentActivity.java:306)
12-08 05:43:18.203 11839 11839 W System.err: 	at androidx.appcompat.app.AppCompatActivity.onDestroy(AppCompatActivity.java:278)
12-08 05:43:18.203 11839 11839 W System.err: 	at android.app.Activity.performDestroy(Activity.java:8048)
12-08 05:43:18.203 11839 11839 W System.err: 	at android.app.Instrumentation.callActivityOnDestroy(Instrumentation.java:1334)
12-08 05:43:18.203 11839 11839 W System.err: 	at androidx.test.runner.MonitoringInstrumentation.callActivityOnDestroy(MonitoringInstrumentation.java:766)
12-08 05:43:18.203 11839 11839 W System.err: 	at android.app.ActivityThread.performDestroyActivity(ActivityThread.java:4926)
12-08 05:43:18.203 11839 11839 W System.err: 	at android.app.ActivityThread.handleDestroyActivity(ActivityThread.java:4970)
12-08 05:43:18.203 11839 11839 W System.err: 	at android.app.servertransaction.DestroyActivityItem.execute(DestroyActivityItem.java:44)
12-08 05:43:18.203 11839 11839 W System.err: 	at android.app.servertransaction.TransactionExecutor.executeLifecycleState(TransactionExecutor.java:176)
12-08 05:43:18.203 11839 11839 W System.err: 	at android.app.servertransaction.TransactionExecutor.execute(TransactionExecutor.java:97)
12-08 05:43:18.203 11839 11839 W System.err: 	at android.app.ActivityThread$H.handleMessage(ActivityThread.java:2016)
12-08 05:43:18.203 11839 11839 W System.err: 	at android.os.Handler.dispatchMessage(Handler.java:107)
12-08 05:43:18.203 11839 11839 W System.err: 	at android.os.Looper.loop(Looper.java:214)
12-08 05:43:18.203 11839 11839 W System.err: 	at android.app.ActivityThread.main(ActivityThread.java:7356)
12-08 05:43:18.203 11839 11839 W System.err: 	at java.lang.reflect.Method.invoke(Native Method)
12-08 05:43:18.203 11839 11839 W System.err: 	at com.android.internal.os.RuntimeInit$MethodAndArgsCaller.run(RuntimeInit.java:492)
12-08 05:43:18.203 11839 11839 W System.err: 	at com.android.internal.os.ZygoteInit.main(ZygoteInit.java:930)
12-08 05:43:18.219 11839 11839 D LifecycleMonitor: Lifecycle status change: ru.iteco.fmhandroid.ui.AppActivity@fd33659 in: DESTROYED
12-08 05:43:18.220 11839 11839 V ActivityScenario: Update currentActivityStage to DESTROYED, currentActivity=null
12-08 05:43:18.238  2656 12043 E SQLiteDatabase: Error inserting flex_time=1586000 job_id=-1 period=3173000 source=16 requires_charging=0 preferred_network_type=1 target_class=com.google.android.gms.measurement.PackageMeasurementTaskService user_id=0 target_package=com.google.android.gms tag=Measurement.PackageMeasurementTaskService.UPLOAD_TASK_TAG task_type=0 required_idleness_state=0 service_kind=0 source_version=202414000 persistence_level=1 preferred_charging_state=1 required_network_type=0 runtime=1670496198125 retry_strategy={"maximum_backoff_seconds":{"3600":0},"initial_backoff_seconds":{"30":0},"retry_policy":{"0":0}} last_runtime=0
12-08 05:43:18.238  2656 12043 E SQLiteDatabase: android.database.sqlite.SQLiteConstraintException: UNIQUE constraint failed: pending_ops.tag, pending_ops.target_class, pending_ops.target_package, pending_ops.user_id (code 2067 SQLITE_CONSTRAINT_UNIQUE)
12-08 05:43:18.238  2656 12043 E SQLiteDatabase: 	at android.database.sqlite.SQLiteConnection.nativeExecuteForLastInsertedRowId(Native Method)
12-08 05:43:18.238  2656 12043 E SQLiteDatabase: 	at android.database.sqlite.SQLiteConnection.executeForLastInsertedRowId(SQLiteConnection.java:879)
12-08 05:43:18.238  2656 12043 E SQLiteDatabase: 	at android.database.sqlite.SQLiteSession.executeForLastInsertedRowId(SQLiteSession.java:790)
12-08 05:43:18.238  2656 12043 E SQLiteDatabase: 	at android.database.sqlite.SQLiteStatement.executeInsert(SQLiteStatement.java:88)
12-08 05:43:18.238  2656 12043 E SQLiteDatabase: 	at android.database.sqlite.SQLiteDatabase.insertWithOnConflict(SQLiteDatabase.java:1599)
12-08 05:43:18.238  2656 12043 E SQLiteDatabase: 	at android.database.sqlite.SQLiteDatabase.insert(SQLiteDatabase.java:1468)
12-08 05:43:18.238  2656 12043 E SQLiteDatabase: 	at aqui.a(:com.google.android.gms@202414022@20.24.14 (040700-319035315):175)
12-08 05:43:18.238  2656 12043 E SQLiteDatabase: 	at aqtk.a(:com.google.android.gms@202414022@20.24.14 (040700-319035315):182)
12-08 05:43:18.238  2656 12043 E SQLiteDatabase: 	at aqtk.a(:com.google.android.gms@202414022@20.24.14 (040700-319035315):23)
12-08 05:43:18.238  2656 12043 E SQLiteDatabase: 	at aqtk.a(:com.google.android.gms@202414022@20.24.14 (040700-319035315):177)
12-08 05:43:18.238  2656 12043 E SQLiteDatabase: 	at aqpu.run(:com.google.android.gms@202414022@20.24.14 (040700-319035315):9)
12-08 05:43:18.238  2656 12043 E SQLiteDatabase: 	at soy.b(:com.google.android.gms@202414022@20.24.14 (040700-319035315):12)
12-08 05:43:18.238  2656 12043 E SQLiteDatabase: 	at soy.run(:com.google.android.gms@202414022@20.24.14 (040700-319035315):7)
12-08 05:43:18.238  2656 12043 E SQLiteDatabase: 	at java.util.concurrent.ThreadPoolExecutor.runWorker(ThreadPoolExecutor.java:1167)
12-08 05:43:18.238  2656 12043 E SQLiteDatabase: 	at java.util.concurrent.ThreadPoolExecutor$Worker.run(ThreadPoolExecutor.java:641)
12-08 05:43:18.238  2656 12043 E SQLiteDatabase: 	at sux.run(:com.google.android.gms@202414022@20.24.14 (040700-319035315):0)
12-08 05:43:18.238  2656 12043 E SQLiteDatabase: 	at java.lang.Thread.run(Thread.java:919)
12-08 05:43:18.239  1776  1927 D gralloc_ranchu: gralloc_alloc: Creating ashmem region of size 10108928
12-08 05:43:18.253  8344  8376 D EGL_emulation: eglMakeCurrent: 0xe59ed1c0: ver 2 0 (tinfo 0xe59d9f10)
12-08 05:43:18.274  1776  1927 D gralloc_ranchu: gralloc_alloc: Creating ashmem region of size 10108928
12-08 05:43:18.319  8437  8470 D EGL_emulation: eglCreateContext: 0xf0c7ef80: maj 2 min 0 rcv 2
12-08 05:43:18.320  8437  8470 D EGL_emulation: eglMakeCurrent: 0xf0c7ef80: ver 2 0 (tinfo 0xf0cc0670)
