--------- beginning of main
12-08 05:46:25.597  2170  2170 D StatusBar: disable<e i a s b h r c s > disable2<q i n >
12-08 05:46:25.634  2170  2566 D EGL_emulation: eglMakeCurrent: 0xe594e040: ver 2 0 (tinfo 0xc52450c0)
12-08 05:46:25.642  1776  1776 D gralloc_ranchu: gralloc_alloc: Creating ashmem region of size 10108928
12-08 05:46:25.656  2170  2566 D EGL_emulation: eglMakeCurrent: 0xe594e040: ver 2 0 (tinfo 0xc52450c0)
12-08 05:46:25.688  2170  2170 D StatusBar: disable<e i a s b h r c s > disable2<q i n >
12-08 05:46:25.692  1776  1776 D gralloc_ranchu: gralloc_alloc: Creating ashmem region of size 10108928
12-08 05:46:25.728  1776  1776 D gralloc_ranchu: gralloc_alloc: Creating ashmem region of size 10108928
12-08 05:46:26.643 11839 11884 I QueryController: Matched selector: UiSelector[DESCRIPTION=Airplane mode] <<==>> [android.view.accessibility.AccessibilityNodeInfo@6de40; boundsInParent: Rect(0, 0 - 292, 292); boundsInScreen: Rect(736, 804 - 1028, 1096); packageName: com.android.systemui; className: android.widget.Switch; text: Off; error: null; maxTextLength: -1; contentDescription: Airplane mode; tooltipText: null; viewIdResName: null; checkable: true; checked: false; focusable: true; focused: false; selected: false; clickable: true; longClickable: true; contextClickable: false; enabled: true; password: false; scrollable: false; importantForAccessibility: true; visible: true; actions: [AccessibilityAction: ACTION_FOCUS - null, AccessibilityAction: ACTION_SELECT - null, AccessibilityAction: ACTION_CLEAR_SELECTION - null, AccessibilityAction: ACTION_CLICK - null, AccessibilityAction: ACTION_ACCESSIBILITY_FOCUS - null, AccessibilityAction: ACTION_NEXT_AT_MOVEMENT_GRANULARITY - null, AccessibilityAction: ACTION_PREVIOUS_AT_MOVEMENT_GRANULARITY - null, AccessibilityAction: ACTION_SET_SELECTION - null, AccessibilityAction: ACTION_SHOW_ON_SCREEN - null, AccessibilityAction: ACTION_LONG_CLICK - Open settings]]
--------- beginning of system
12-08 05:46:26.656  2018  2051 D AutofillManagerService: onBackKeyPressed()
12-08 05:46:27.288  2170  2170 V StatusBar: mStatusBarWindow: com.android.systemui.statusbar.phone.StatusBarWindowView{4752fa5 V.E...... ........ 0,0-1080,2340} canPanelBeCollapsed(): true
12-08 05:46:27.298  2170  2170 D StatusBar: disable<e i a s b h r c s > disable2<q i n >
12-08 05:46:27.331  1776  1776 D gralloc_ranchu: gralloc_alloc: Creating ashmem region of size 10108928
12-08 05:46:27.369  2170  2170 D StatusBar: disable<e i a s b h r c s > disable2<q i n >
12-08 05:46:27.391  2170  2566 D EGL_emulation: eglMakeCurrent: 0xe594e040: ver 2 0 (tinfo 0xc52450c0)
12-08 05:46:27.433  1776  1776 D gralloc_ranchu: gralloc_alloc: Creating ashmem region of size 286720
12-08 05:46:27.449  1764  1764 W audio_hw_generic: Not supplying enough data to HAL, expected position 177723906 , only wrote 177291437
12-08 05:46:27.454  2170  2566 D EGL_emulation: eglMakeCurrent: 0xe594e040: ver 2 0 (tinfo 0xc52450c0)
12-08 05:46:27.471  1776  1776 D gralloc_ranchu: gralloc_alloc: Creating ashmem region of size 286720
12-08 05:46:27.287  2018  2051 D AutofillManagerService: onBackKeyPressed()
12-08 05:46:27.593  2018  2130 I ActivityTaskManager: START u0 {act=android.intent.action.MAIN cat=[android.intent.category.LAUNCHER] flg=0x10000000 cmp=ru.iteco.fmhandroid.test/androidx.test.core.app.InstrumentationActivityInvoker$EmptyActivity} from uid 10146
12-08 05:46:27.485  1776  1776 D gralloc_ranchu: gralloc_alloc: Creating ashmem region of size 286720
12-08 05:46:27.604 11839 11839 D LifecycleMonitor: Lifecycle status change: ru.iteco.fmhandroid.ui.AppActivity@470ba41 in: PAUSED
12-08 05:46:27.605 11839 11839 V ActivityScenario: Update currentActivityStage to PAUSED, currentActivity=ru.iteco.fmhandroid.ui.AppActivity@470ba41
12-08 05:46:27.606  2018  5907 W InputReader: Device has associated, but no associated display id.
12-08 05:46:27.610  2018  5907 I chatty  : uid=1000(system) Binder:2018_17 identical 38 lines
12-08 05:46:27.610  2018  5907 W InputReader: Device has associated, but no associated display id.
12-08 05:46:27.610 11900 11900 W ActivityThread: handleWindowVisibility: no activity for token android.os.BinderProxy@d716298
12-08 05:46:27.618  2018  5907 W InputReader: Device has associated, but no associated display id.
12-08 05:46:27.618  2018  5907 I chatty  : uid=1000(system) Binder:2018_17 identical 8 lines
12-08 05:46:27.618  2018  5907 W InputReader: Device has associated, but no associated display id.
12-08 05:46:27.635 11839 11878 V FA      : Recording user engagement, ms: 20431
12-08 05:46:27.677  2018  5907 I ActivityTaskManager: START u0 {act=android.intent.action.MAIN cat=[android.intent.category.LAUNCHER] flg=0x10000000 cmp=ru.iteco.fmhandroid.test/androidx.test.core.app.InstrumentationActivityInvoker$EmptyActivity} from uid 10146
12-08 05:46:27.690  1776  1776 D gralloc_ranchu: gralloc_alloc: Creating ashmem region of size 10108928
12-08 05:46:27.698  1776  1776 I chatty  : uid=1000(system) allocator@2.0-s identical 1 line
12-08 05:46:27.699  1776  1776 D gralloc_ranchu: gralloc_alloc: Creating ashmem region of size 10108928
12-08 05:46:27.704 11900 11932 D EGL_emulation: eglMakeCurrent: 0xf0c7f7c0: ver 2 0 (tinfo 0xf0c89d30)
12-08 05:46:27.742 11839 11878 V FA      : Connecting to remote service
12-08 05:46:27.744  2018  5907 W InputReader: Device has associated, but no associated display id.
12-08 05:46:27.755  2018  5907 I chatty  : uid=1000(system) Binder:2018_17 identical 48 lines
12-08 05:46:27.755  2018  5907 W InputReader: Device has associated, but no associated display id.
12-08 05:46:27.767 11839 11878 V FA      : Connection attempt already in progress
12-08 05:46:27.770 11839 11878 V FA      : Activity paused, time: 59334647
12-08 05:46:27.771 11900 11900 W ActivityThread: handleWindowVisibility: no activity for token android.os.BinderProxy@908126b
12-08 05:46:27.793 11839 11878 D FA      : Connected to remote service
12-08 05:46:27.793 11839 11878 V FA      : Processing queued up service tasks: 2
12-08 05:46:27.816  2018  3061 W ActivityTaskManager: Duplicate finish request for ActivityRecord{d631e63 u0 ru.iteco.fmhandroid/.ui.AppActivity t346 f}
12-08 05:46:27.838  2873 11887 V FA-SVC  : Logging event: origin=auto,name=user_engagement(_e),params=Bundle[{ga_event_origin(_o)=auto, engagement_time_msec(_et)=20431, ga_screen_class(_sc)=AppActivity, ga_screen_id(_si)=-1196254479738161385}]
12-08 05:46:27.873  1776  1776 D gralloc_ranchu: gralloc_alloc: Creating ashmem region of size 10108928
12-08 05:46:27.879  1776  1776 I chatty  : uid=1000(system) allocator@2.0-s identical 1 line
12-08 05:46:27.881  1776  1776 D gralloc_ranchu: gralloc_alloc: Creating ashmem region of size 10108928
12-08 05:46:27.882  2873 11887 V FA-SVC  : Upload scheduled in approximately ms: 1396633
12-08 05:46:27.882  2873 11887 V FA-SVC  : Unscheduling upload
12-08 05:46:27.884 11900 11932 D EGL_emulation: eglMakeCurrent: 0xf0c7f7c0: ver 2 0 (tinfo 0xf0c89d30)
12-08 05:46:27.889  2873 11887 V FA-SVC  : Scheduling upload, millis: 1396633
12-08 05:46:27.894  2873 11887 V FA-SVC  : Background event processing time, ms: 55
12-08 05:46:27.908  2018  2054 W InputReader: Device has associated, but no associated display id.
12-08 05:46:27.910  2018  2054 I chatty  : uid=1000(system) android.anim identical 18 lines
12-08 05:46:27.910  2018  2054 W InputReader: Device has associated, but no associated display id.
12-08 05:46:27.915  2018  2058 I ActivityTaskManager: Displayed ru.iteco.fmhandroid.test/androidx.test.core.app.InstrumentationActivityInvoker$EmptyActivity: +136ms
12-08 05:46:27.922 11839 11936 D EGL_emulation: eglMakeCurrent: 0xdd81b020: ver 2 0 (tinfo 0xdd891860)
12-08 05:46:27.942  2018  5907 W InputReader: Device has associated, but no associated display id.
12-08 05:46:27.942  2018  5907 I chatty  : uid=1000(system) Binder:2018_17 identical 8 lines
12-08 05:46:27.942  2018  5907 W InputReader: Device has associated, but no associated display id.
12-08 05:46:27.956  2656 12552 E SQLiteDatabase: Error inserting flex_time=1396000 job_id=-1 period=2794000 source=16 requires_charging=0 preferred_network_type=1 target_class=com.google.android.gms.measurement.PackageMeasurementTaskService user_id=0 target_package=com.google.android.gms tag=Measurement.PackageMeasurementTaskService.UPLOAD_TASK_TAG task_type=0 required_idleness_state=0 service_kind=0 source_version=202414000 persistence_level=1 preferred_charging_state=1 required_network_type=0 runtime=1670496387913 retry_strategy={"maximum_backoff_seconds":{"3600":0},"initial_backoff_seconds":{"30":0},"retry_policy":{"0":0}} last_runtime=0
12-08 05:46:27.956  2656 12552 E SQLiteDatabase: android.database.sqlite.SQLiteConstraintException: UNIQUE constraint failed: pending_ops.tag, pending_ops.target_class, pending_ops.target_package, pending_ops.user_id (code 2067 SQLITE_CONSTRAINT_UNIQUE)
12-08 05:46:27.956  2656 12552 E SQLiteDatabase: 	at android.database.sqlite.SQLiteConnection.nativeExecuteForLastInsertedRowId(Native Method)
12-08 05:46:27.956  2656 12552 E SQLiteDatabase: 	at android.database.sqlite.SQLiteConnection.executeForLastInsertedRowId(SQLiteConnection.java:879)
12-08 05:46:27.956  2656 12552 E SQLiteDatabase: 	at android.database.sqlite.SQLiteSession.executeForLastInsertedRowId(SQLiteSession.java:790)
12-08 05:46:27.956  2656 12552 E SQLiteDatabase: 	at android.database.sqlite.SQLiteStatement.executeInsert(SQLiteStatement.java:88)
12-08 05:46:27.956  2656 12552 E SQLiteDatabase: 	at android.database.sqlite.SQLiteDatabase.insertWithOnConflict(SQLiteDatabase.java:1599)
12-08 05:46:27.956  2656 12552 E SQLiteDatabase: 	at android.database.sqlite.SQLiteDatabase.insert(SQLiteDatabase.java:1468)
12-08 05:46:27.956  2656 12552 E SQLiteDatabase: 	at aqui.a(:com.google.android.gms@202414022@20.24.14 (040700-319035315):175)
12-08 05:46:27.956  2656 12552 E SQLiteDatabase: 	at aqtk.a(:com.google.android.gms@202414022@20.24.14 (040700-319035315):182)
12-08 05:46:27.956  2656 12552 E SQLiteDatabase: 	at aqtk.a(:com.google.android.gms@202414022@20.24.14 (040700-319035315):23)
12-08 05:46:27.956  2656 12552 E SQLiteDatabase: 	at aqtk.a(:com.google.android.gms@202414022@20.24.14 (040700-319035315):177)
12-08 05:46:27.956  2656 12552 E SQLiteDatabase: 	at aqpu.run(:com.google.android.gms@202414022@20.24.14 (040700-319035315):9)
12-08 05:46:27.956  2656 12552 E SQLiteDatabase: 	at soy.b(:com.google.android.gms@202414022@20.24.14 (040700-319035315):12)
12-08 05:46:27.956  2656 12552 E SQLiteDatabase: 	at soy.run(:com.google.android.gms@202414022@20.24.14 (040700-319035315):7)
12-08 05:46:27.956  2656 12552 E SQLiteDatabase: 	at java.util.concurrent.ThreadPoolExecutor.runWorker(ThreadPoolExecutor.java:1167)
12-08 05:46:27.956  2656 12552 E SQLiteDatabase: 	at java.util.concurrent.ThreadPoolExecutor$Worker.run(ThreadPoolExecutor.java:641)
12-08 05:46:27.956  2656 12552 E SQLiteDatabase: 	at sux.run(:com.google.android.gms@202414022@20.24.14 (040700-319035315):0)
12-08 05:46:27.956  2656 12552 E SQLiteDatabase: 	at java.lang.Thread.run(Thread.java:919)
12-08 05:46:27.972  2018  2130 W InputReader: Device has associated, but no associated display id.
12-08 05:46:27.973  2018  2130 I chatty  : uid=1000(system) Binder:2018_4 identical 8 lines
12-08 05:46:27.973  2018  2130 W InputReader: Device has associated, but no associated display id.
12-08 05:46:27.978 11839 11839 D LifecycleMonitor: Lifecycle status change: ru.iteco.fmhandroid.ui.AppActivity@470ba41 in: STOPPED
12-08 05:46:27.979 11839 11839 V ActivityScenario: Update currentActivityStage to STOPPED, currentActivity=ru.iteco.fmhandroid.ui.AppActivity@470ba41
12-08 05:46:28.002  1776  1776 D gralloc_ranchu: gralloc_alloc: Creating ashmem region of size 10108928
12-08 05:46:28.013  1776  1776 D gralloc_ranchu: gralloc_alloc: Creating ashmem region of size 10108928
12-08 05:46:28.022  2962  3510 D EGL_emulation: eglMakeCurrent: 0xe597e200: ver 2 0 (tinfo 0xbffb2540)
12-08 05:46:28.024  1776  1927 D gralloc_ranchu: gralloc_alloc: Creating ashmem region of size 10108928
12-08 05:46:28.034  2018  2018 W ActivityManager: Unable to start service Intent { act=android.service.appprediction.AppPredictionService cmp=com.google.android.as/com.google.android.apps.miphone.aiai.app.AiAiPredictionService } U=0: not found
12-08 05:46:28.034  2018  2018 W RemoteAppPredictionService: could not bind to Intent { act=android.service.appprediction.AppPredictionService cmp=com.google.android.as/com.google.android.apps.miphone.aiai.app.AiAiPredictionService } using flags 67108865
12-08 05:46:28.046  1776  1927 I chatty  : uid=1000(system) HwBinder:1776_3 identical 1 line
12-08 05:46:28.056  1776  1927 D gralloc_ranchu: gralloc_alloc: Creating ashmem region of size 10108928
12-08 05:46:28.060 11839 11839 W System.err: ru.iteco.fmhandroid.exceptions.UnknownException
12-08 05:46:28.060 11839 11839 W System.err: 	at ru.iteco.fmhandroid.utils.Utils.makeRequest(Utils.kt:123)
12-08 05:46:28.061 11839 11839 W System.err: 	at ru.iteco.fmhandroid.utils.Utils$makeRequest$1.invokeSuspend(Unknown Source:15)
12-08 05:46:28.064 12448 12488 D EGL_emulation: eglMakeCurrent: 0xe594d140: ver 2 0 (tinfo 0xc539bd10)
12-08 05:46:28.067  1776  1927 D gralloc_ranchu: gralloc_alloc: Creating ashmem region of size 10108928
12-08 05:46:28.061 11839 11839 W System.err: 	at kotlin.coroutines.jvm.internal.BaseContinuationImpl.resumeWith(ContinuationImpl.kt:33)
12-08 05:46:28.071 11839 11839 W System.err: 	at kotlinx.coroutines.DispatchedTaskKt.resume(DispatchedTask.kt:234)
12-08 05:46:28.071 11839 11839 W System.err: 	at kotlinx.coroutines.DispatchedTaskKt.resumeUnconfined(DispatchedTask.kt:190)
12-08 05:46:28.071 11839 11839 W System.err: 	at kotlinx.coroutines.DispatchedTaskKt.dispatch(DispatchedTask.kt:161)
12-08 05:46:28.071 11839 11839 W System.err: 	at kotlinx.coroutines.CancellableContinuationImpl.dispatchResume(CancellableContinuationImpl.kt:397)
12-08 05:46:28.071 11839 11839 W System.err: 	at kotlinx.coroutines.CancellableContinuationImpl.cancel(CancellableContinuationImpl.kt:183)
12-08 05:46:28.071 11839 11839 W System.err: 	at kotlinx.coroutines.CancellableContinuationImpl.parentCancelled$kotlinx_coroutines_core(CancellableContinuationImpl.kt:190)
12-08 05:46:28.071 11839 11839 W System.err: 	at kotlinx.coroutines.ChildContinuation.invoke(JobSupport.kt:1474)
12-08 05:46:28.072 11839 11839 W System.err: 	at kotlinx.coroutines.JobSupport.notifyCancelling(JobSupport.kt:1499)
12-08 05:46:28.072 11839 11839 W System.err: 	at kotlinx.coroutines.JobSupport.tryMakeCancelling(JobSupport.kt:795)
12-08 05:46:28.072 11839 11839 W System.err: 	at kotlinx.coroutines.JobSupport.makeCancelling(JobSupport.kt:755)
12-08 05:46:28.072 11839 11839 W System.err: 	at kotlinx.coroutines.JobSupport.cancelImpl$kotlinx_coroutines_core(JobSupport.kt:671)
12-08 05:46:28.072 11839 11839 W System.err: 	at kotlinx.coroutines.JobSupport.parentCancelled(JobSupport.kt:637)
12-08 05:46:28.072 11839 11839 W System.err: 	at kotlinx.coroutines.ChildHandleNode.invoke(JobSupport.kt:1465)
12-08 05:46:28.072 11839 11839 W System.err: 	at kotlinx.coroutines.JobSupport.notifyCancelling(JobSupport.kt:1499)
12-08 05:46:28.072 11839 11839 W System.err: 	at kotlinx.coroutines.JobSupport.tryMakeCompletingSlowPath(JobSupport.kt:900)
12-08 05:46:28.072 11839 11839 W System.err: 	at kotlinx.coroutines.JobSupport.tryMakeCompleting(JobSupport.kt:863)
12-08 05:46:28.072 11839 11839 W System.err: 	at kotlinx.coroutines.JobSupport.cancelMakeCompleting(JobSupport.kt:696)
12-08 05:46:28.072 11839 11839 W System.err: 	at kotlinx.coroutines.JobSupport.cancelImpl$kotlinx_coroutines_core(JobSupport.kt:667)
12-08 05:46:28.072 11839 11839 W System.err: 	at kotlinx.coroutines.JobSupport.cancelInternal(JobSupport.kt:632)
12-08 05:46:28.072 11839 11839 W System.err: 	at kotlinx.coroutines.JobSupport.cancel(JobSupport.kt:617)
12-08 05:46:28.072 11839 11839 W System.err: 	at kotlinx.coroutines.JobKt__JobKt.cancel(Job.kt:561)
12-08 05:46:28.072 11839 11839 W System.err: 	at kotlinx.coroutines.JobKt.cancel(Unknown Source:1)
12-08 05:46:28.072 11839 11839 W System.err: 	at kotlinx.coroutines.JobKt__JobKt.cancel$default(Job.kt:560)
12-08 05:46:28.072 11839 11839 W System.err: 	at kotlinx.coroutines.JobKt.cancel$default(Unknown Source:1)
12-08 05:46:28.072 11839 11839 W System.err: 	at androidx.lifecycle.CloseableCoroutineScope.close(ViewModel.kt:51)
12-08 05:46:28.072 11839 11839 W System.err: 	at androidx.lifecycle.ViewModel.closeWithRuntimeException(ViewModel.java:188)
12-08 05:46:28.072 11839 11839 W System.err: 	at androidx.lifecycle.ViewModel.clear(ViewModel.java:134)
12-08 05:46:28.072 11839 11839 W System.err: 	at androidx.lifecycle.ViewModelStore.clear(ViewModelStore.java:62)
12-08 05:46:28.073 11839 11839 W System.err: 	at androidx.fragment.app.FragmentManagerViewModel.clearNonConfigStateInternal(FragmentManagerViewModel.java:210)
12-08 05:46:28.073 11839 11839 W System.err: 	at androidx.fragment.app.FragmentManagerViewModel.clearNonConfigState(FragmentManagerViewModel.java:190)
12-08 05:46:28.073 11839 11839 W System.err: 	at androidx.fragment.app.FragmentStateManager.destroy(FragmentStateManager.java:778)
12-08 05:46:28.073 11839 11839 W System.err: 	at androidx.fragment.app.FragmentStateManager.moveToExpectedState(FragmentStateManager.java:335)
12-08 05:46:28.073 11839 11839 W System.err: 	at androidx.fragment.app.FragmentStore.moveToExpectedState(FragmentStore.java:121)
12-08 05:46:28.073 11839 11839 W System.err: 	at androidx.fragment.app.FragmentManager.moveToState(FragmentManager.java:1374)
12-08 05:46:28.073 11839 11839 W System.err: 	at androidx.fragment.app.FragmentManager.dispatchStateChange(FragmentManager.java:2841)
12-08 05:46:28.073 11839 11839 W System.err: 	at androidx.fragment.app.FragmentManager.dispatchDestroy(FragmentManager.java:2820)
12-08 05:46:28.073 11839 11839 W System.err: 	at androidx.fragment.app.Fragment.performDestroy(Fragment.java:3246)
12-08 05:46:28.073 11839 11839 W System.err: 	at androidx.fragment.app.FragmentStateManager.destroy(FragmentStateManager.java:780)
12-08 05:46:28.073 11839 11839 W System.err: 	at androidx.fragment.app.FragmentStateManager.moveToExpectedState(FragmentStateManager.java:335)
12-08 05:46:28.073 11839 11839 W System.err: 	at androidx.fragment.app.SpecialEffectsController$FragmentStateManagerOperation.complete(SpecialEffectsController.java:771)
12-08 05:46:28.073 11839 11839 W System.err: 	at androidx.fragment.app.SpecialEffectsController$Operation.cancel(SpecialEffectsController.java:615)
12-08 05:46:28.073 11839 11839 W System.err: 	at androidx.fragment.app.SpecialEffectsController.forceCompleteAllOperations(SpecialEffectsController.java:350)
12-08 05:46:28.073 11839 11839 W System.err: 	at androidx.fragment.app.FragmentManager.dispatchStateChange(FragmentManager.java:2844)
12-08 05:46:28.073 11839 11839 W System.err: 	at androidx.fragment.app.FragmentManager.dispatchDestroy(FragmentManager.java:2820)
12-08 05:46:28.073 11839 11839 W System.err: 	at androidx.fragment.app.FragmentController.dispatchDestroy(FragmentController.java:345)
12-08 05:46:28.073 11839 11839 W System.err: 	at androidx.fragment.app.FragmentActivity.onDestroy(FragmentActivity.java:306)
12-08 05:46:28.073 11839 11839 W System.err: 	at androidx.appcompat.app.AppCompatActivity.onDestroy(AppCompatActivity.java:278)
12-08 05:46:28.073 11839 11839 W System.err: 	at android.app.Activity.performDestroy(Activity.java:8048)
12-08 05:46:28.074 11839 11839 W System.err: 	at android.app.Instrumentation.callActivityOnDestroy(Instrumentation.java:1334)
12-08 05:46:28.074 11839 11839 W System.err: 	at androidx.test.runner.MonitoringInstrumentation.callActivityOnDestroy(MonitoringInstrumentation.java:766)
12-08 05:46:28.074 11839 11839 W System.err: 	at android.app.ActivityThread.performDestroyActivity(ActivityThread.java:4926)
12-08 05:46:28.074 11839 11839 W System.err: 	at android.app.ActivityThread.handleDestroyActivity(ActivityThread.java:4970)
12-08 05:46:28.074 11839 11839 W System.err: 	at android.app.servertransaction.DestroyActivityItem.execute(DestroyActivityItem.java:44)
12-08 05:46:28.074 11839 11839 W System.err: 	at android.app.servertransaction.TransactionExecutor.executeLifecycleState(TransactionExecutor.java:176)
12-08 05:46:28.074 11839 11839 W System.err: 	at android.app.servertransaction.TransactionExecutor.execute(TransactionExecutor.java:97)
12-08 05:46:28.074 11839 11839 W System.err: 	at android.app.ActivityThread$H.handleMessage(ActivityThread.java:2016)
12-08 05:46:28.074 11839 11839 W System.err: 	at android.os.Handler.dispatchMessage(Handler.java:107)
12-08 05:46:28.074 11839 11839 W System.err: 	at android.os.Looper.loop(Looper.java:214)
12-08 05:46:28.074 11839 11839 W System.err: 	at android.app.ActivityThread.main(ActivityThread.java:7356)
12-08 05:46:28.074 11839 11839 W System.err: 	at java.lang.reflect.Method.invoke(Native Method)
12-08 05:46:28.074 11839 11839 W System.err: 	at com.android.internal.os.RuntimeInit$MethodAndArgsCaller.run(RuntimeInit.java:492)
12-08 05:46:28.074 11839 11839 W System.err: 	at com.android.internal.os.ZygoteInit.main(ZygoteInit.java:930)
12-08 05:46:28.081 11839 11839 W System.err: ru.iteco.fmhandroid.exceptions.UnknownException
12-08 05:46:28.082 11839 11839 W System.err: 	at ru.iteco.fmhandroid.utils.Utils.makeRequest(Utils.kt:123)
12-08 05:46:28.082 11839 11839 W System.err: 	at ru.iteco.fmhandroid.utils.Utils$makeRequest$1.invokeSuspend(Unknown Source:15)
12-08 05:46:28.082 11839 11839 W System.err: 	at kotlin.coroutines.jvm.internal.BaseContinuationImpl.resumeWith(ContinuationImpl.kt:33)
12-08 05:46:28.082 11839 11839 W System.err: 	at kotlinx.coroutines.DispatchedTaskKt.resume(DispatchedTask.kt:234)
12-08 05:46:28.082 11839 11839 W System.err: 	at kotlinx.coroutines.DispatchedTaskKt.resumeUnconfined(DispatchedTask.kt:190)
12-08 05:46:28.082 11839 11839 W System.err: 	at kotlinx.coroutines.DispatchedTaskKt.dispatch(DispatchedTask.kt:161)
12-08 05:46:28.082 11839 11839 W System.err: 	at kotlinx.coroutines.CancellableContinuationImpl.dispatchResume(CancellableContinuationImpl.kt:397)
12-08 05:46:28.082 11839 11839 W System.err: 	at kotlinx.coroutines.CancellableContinuationImpl.cancel(CancellableContinuationImpl.kt:183)
12-08 05:46:28.082 11839 11839 W System.err: 	at kotlinx.coroutines.CancellableContinuationImpl.parentCancelled$kotlinx_coroutines_core(CancellableContinuationImpl.kt:190)
12-08 05:46:28.082 11839 11839 W System.err: 	at kotlinx.coroutines.ChildContinuation.invoke(JobSupport.kt:1474)
12-08 05:46:28.082 11839 11839 W System.err: 	at kotlinx.coroutines.JobSupport.notifyCancelling(JobSupport.kt:1499)
12-08 05:46:28.082 11839 11839 W System.err: 	at kotlinx.coroutines.JobSupport.tryMakeCancelling(JobSupport.kt:795)
12-08 05:46:28.082 11839 11839 W System.err: 	at kotlinx.coroutines.JobSupport.makeCancelling(JobSupport.kt:755)
12-08 05:46:28.082 11839 11839 W System.err: 	at kotlinx.coroutines.JobSupport.cancelImpl$kotlinx_coroutines_core(JobSupport.kt:671)
12-08 05:46:28.082 11839 11839 W System.err: 	at kotlinx.coroutines.JobSupport.parentCancelled(JobSupport.kt:637)
12-08 05:46:28.082 11839 11839 W System.err: 	at kotlinx.coroutines.ChildHandleNode.invoke(JobSupport.kt:1465)
12-08 05:46:28.082 11839 11839 W System.err: 	at kotlinx.coroutines.JobSupport.notifyCancelling(JobSupport.kt:1499)
12-08 05:46:28.082 11839 11839 W System.err: 	at kotlinx.coroutines.JobSupport.tryMakeCompletingSlowPath(JobSupport.kt:900)
12-08 05:46:28.082 11839 11839 W System.err: 	at kotlinx.coroutines.JobSupport.tryMakeCompleting(JobSupport.kt:863)
12-08 05:46:28.082 11839 11839 W System.err: 	at kotlinx.coroutines.JobSupport.cancelMakeCompleting(JobSupport.kt:696)
12-08 05:46:28.082 11839 11839 W System.err: 	at kotlinx.coroutines.JobSupport.cancelImpl$kotlinx_coroutines_core(JobSupport.kt:667)
12-08 05:46:28.082 11839 11839 W System.err: 	at kotlinx.coroutines.JobSupport.cancelInternal(JobSupport.kt:632)
12-08 05:46:28.082 11839 11839 W System.err: 	at kotlinx.coroutines.JobSupport.cancel(JobSupport.kt:617)
12-08 05:46:28.083 11839 11839 W System.err: 	at kotlinx.coroutines.JobKt__JobKt.cancel(Job.kt:561)
12-08 05:46:28.083 11839 11839 W System.err: 	at kotlinx.coroutines.JobKt.cancel(Unknown Source:1)
12-08 05:46:28.083 11839 11839 W System.err: 	at kotlinx.coroutines.JobKt__JobKt.cancel$default(Job.kt:560)
12-08 05:46:28.083 11839 11839 W System.err: 	at kotlinx.coroutines.JobKt.cancel$default(Unknown Source:1)
12-08 05:46:28.083 11839 11839 W System.err: 	at androidx.lifecycle.CloseableCoroutineScope.close(ViewModel.kt:51)
12-08 05:46:28.083 11839 11839 W System.err: 	at androidx.lifecycle.ViewModel.closeWithRuntimeException(ViewModel.java:188)
12-08 05:46:28.083 11839 11839 W System.err: 	at androidx.lifecycle.ViewModel.clear(ViewModel.java:134)
12-08 05:46:28.083 11839 11839 W System.err: 	at androidx.lifecycle.ViewModelStore.clear(ViewModelStore.java:62)
12-08 05:46:28.083 11839 11839 W System.err: 	at androidx.fragment.app.FragmentManagerViewModel.clearNonConfigStateInternal(FragmentManagerViewModel.java:210)
12-08 05:46:28.083 11839 11839 W System.err: 	at androidx.fragment.app.FragmentManagerViewModel.clearNonConfigState(FragmentManagerViewModel.java:190)
12-08 05:46:28.083 11839 11839 W System.err: 	at androidx.fragment.app.FragmentStateManager.destroy(FragmentStateManager.java:778)
12-08 05:46:28.083 11839 11839 W System.err: 	at androidx.fragment.app.FragmentStateManager.moveToExpectedState(FragmentStateManager.java:335)
12-08 05:46:28.083 11839 11839 W System.err: 	at androidx.fragment.app.FragmentStore.moveToExpectedState(FragmentStore.java:121)
12-08 05:46:28.083 11839 11839 W System.err: 	at androidx.fragment.app.FragmentManager.moveToState(FragmentManager.java:1374)
12-08 05:46:28.084 11839 11839 W System.err: 	at androidx.fragment.app.FragmentManager.dispatchStateChange(FragmentManager.java:2841)
12-08 05:46:28.084 11839 11839 W System.err: 	at androidx.fragment.app.FragmentManager.dispatchDestroy(FragmentManager.java:2820)
12-08 05:46:28.084 11839 11839 W System.err: 	at androidx.fragment.app.Fragment.performDestroy(Fragment.java:3246)
12-08 05:46:28.084 11839 11839 W System.err: 	at androidx.fragment.app.FragmentStateManager.destroy(FragmentStateManager.java:780)
12-08 05:46:28.084 11839 11839 W System.err: 	at androidx.fragment.app.FragmentStateManager.moveToExpectedState(FragmentStateManager.java:335)
12-08 05:46:28.084 11839 11839 W System.err: 	at androidx.fragment.app.SpecialEffectsController$FragmentStateManagerOperation.complete(SpecialEffectsController.java:771)
12-08 05:46:28.084 11839 11839 W System.err: 	at androidx.fragment.app.SpecialEffectsController$Operation.cancel(SpecialEffectsController.java:615)
12-08 05:46:28.084 11839 11839 W System.err: 	at androidx.fragment.app.SpecialEffectsController.forceCompleteAllOperations(SpecialEffectsController.java:350)
12-08 05:46:28.084 11839 11839 W System.err: 	at androidx.fragment.app.FragmentManager.dispatchStateChange(FragmentManager.java:2844)
12-08 05:46:28.084 11839 11839 W System.err: 	at androidx.fragment.app.FragmentManager.dispatchDestroy(FragmentManager.java:2820)
12-08 05:46:28.084 11839 11839 W System.err: 	at androidx.fragment.app.FragmentController.dispatchDestroy(FragmentController.java:345)
12-08 05:46:28.084 11839 11839 W System.err: 	at androidx.fragment.app.FragmentActivity.onDestroy(FragmentActivity.java:306)
12-08 05:46:28.084 11839 11839 W System.err: 	at androidx.appcompat.app.AppCompatActivity.onDestroy(AppCompatActivity.java:278)
12-08 05:46:28.084 11839 11839 W System.err: 	at android.app.Activity.performDestroy(Activity.java:8048)
12-08 05:46:28.084 11839 11839 W System.err: 	at android.app.Instrumentation.callActivityOnDestroy(Instrumentation.java:1334)
12-08 05:46:28.084 11839 11839 W System.err: 	at androidx.test.runner.MonitoringInstrumentation.callActivityOnDestroy(MonitoringInstrumentation.java:766)
12-08 05:46:28.084 11839 11839 W System.err: 	at android.app.ActivityThread.performDestroyActivity(ActivityThread.java:4926)
12-08 05:46:28.084 11839 11839 W System.err: 	at android.app.ActivityThread.handleDestroyActivity(ActivityThread.java:4970)
12-08 05:46:28.084 11839 11839 W System.err: 	at android.app.servertransaction.DestroyActivityItem.execute(DestroyActivityItem.java:44)
12-08 05:46:28.084 11839 11839 W System.err: 	at android.app.servertransaction.TransactionExecutor.executeLifecycleState(TransactionExecutor.java:176)
12-08 05:46:28.084 11839 11839 W System.err: 	at android.app.servertransaction.TransactionExecutor.execute(TransactionExecutor.java:97)
12-08 05:46:28.084 11839 11839 W System.err: 	at android.app.ActivityThread$H.handleMessage(ActivityThread.java:2016)
12-08 05:46:28.084 11839 11839 W System.err: 	at android.os.Handler.dispatchMessage(Handler.java:107)
12-08 05:46:28.084 11839 11839 W System.err: 	at android.os.Looper.loop(Looper.java:214)
12-08 05:46:28.084 11839 11839 W System.err: 	at android.app.ActivityThread.main(ActivityThread.java:7356)
12-08 05:46:28.084 11839 11839 W System.err: 	at java.lang.reflect.Method.invoke(Native Method)
12-08 05:46:28.085 11839 11839 W System.err: 	at com.android.internal.os.RuntimeInit$MethodAndArgsCaller.run(RuntimeInit.java:492)
12-08 05:46:28.085 11839 11839 W System.err: 	at com.android.internal.os.ZygoteInit.main(ZygoteInit.java:930)
12-08 05:46:28.108  2018  2054 W InputReader: Device has associated, but no associated display id.
12-08 05:46:28.108  2018  2054 I chatty  : uid=1000(system) android.anim identical 8 lines
12-08 05:46:28.108  2018  2054 W InputReader: Device has associated, but no associated display id.
12-08 05:46:28.109 11839 11839 W System.err: ru.iteco.fmhandroid.exceptions.UnknownException
12-08 05:46:28.110 11839 11839 W System.err: 	at ru.iteco.fmhandroid.utils.Utils.makeRequest(Utils.kt:123)
12-08 05:46:28.110 11839 11839 W System.err: 	at ru.iteco.fmhandroid.utils.Utils$makeRequest$1.invokeSuspend(Unknown Source:15)
12-08 05:46:28.110 11839 11839 W System.err: 	at kotlin.coroutines.jvm.internal.BaseContinuationImpl.resumeWith(ContinuationImpl.kt:33)
12-08 05:46:28.110 11839 11839 W System.err: 	at kotlinx.coroutines.DispatchedTaskKt.resume(DispatchedTask.kt:234)
12-08 05:46:28.110 11839 11839 W System.err: 	at kotlinx.coroutines.DispatchedTaskKt.resumeUnconfined(DispatchedTask.kt:190)
12-08 05:46:28.110 11839 11839 W System.err: 	at kotlinx.coroutines.DispatchedTaskKt.dispatch(DispatchedTask.kt:161)
12-08 05:46:28.110 11839 11839 W System.err: 	at kotlinx.coroutines.CancellableContinuationImpl.dispatchResume(CancellableContinuationImpl.kt:397)
12-08 05:46:28.110 11839 11839 W System.err: 	at kotlinx.coroutines.CancellableContinuationImpl.cancel(CancellableContinuationImpl.kt:183)
12-08 05:46:28.110 11839 11839 W System.err: 	at kotlinx.coroutines.CancellableContinuationImpl.parentCancelled$kotlinx_coroutines_core(CancellableContinuationImpl.kt:190)
12-08 05:46:28.110 11839 11839 W System.err: 	at kotlinx.coroutines.ChildContinuation.invoke(JobSupport.kt:1474)
12-08 05:46:28.110 11839 11839 W System.err: 	at kotlinx.coroutines.JobSupport.notifyCancelling(JobSupport.kt:1499)
12-08 05:46:28.110 11839 11839 W System.err: 	at kotlinx.coroutines.JobSupport.tryMakeCancelling(JobSupport.kt:795)
12-08 05:46:28.110 11839 11839 W System.err: 	at kotlinx.coroutines.JobSupport.makeCancelling(JobSupport.kt:755)
12-08 05:46:28.110 11839 11839 W System.err: 	at kotlinx.coroutines.JobSupport.cancelImpl$kotlinx_coroutines_core(JobSupport.kt:671)
12-08 05:46:28.110 11839 11839 W System.err: 	at kotlinx.coroutines.JobSupport.parentCancelled(JobSupport.kt:637)
12-08 05:46:28.110 11839 11839 W System.err: 	at kotlinx.coroutines.ChildHandleNode.invoke(JobSupport.kt:1465)
12-08 05:46:28.110 11839 11839 W System.err: 	at kotlinx.coroutines.JobSupport.notifyCancelling(JobSupport.kt:1499)
12-08 05:46:28.110 11839 11839 W System.err: 	at kotlinx.coroutines.JobSupport.tryMakeCompletingSlowPath(JobSupport.kt:900)
12-08 05:46:28.110 11839 11839 W System.err: 	at kotlinx.coroutines.JobSupport.tryMakeCompleting(JobSupport.kt:863)
12-08 05:46:28.111 11839 11839 W System.err: 	at kotlinx.coroutines.JobSupport.cancelMakeCompleting(JobSupport.kt:696)
12-08 05:46:28.111 11839 11839 W System.err: 	at kotlinx.coroutines.JobSupport.cancelImpl$kotlinx_coroutines_core(JobSupport.kt:667)
12-08 05:46:28.111 11839 11839 W System.err: 	at kotlinx.coroutines.JobSupport.cancelInternal(JobSupport.kt:632)
12-08 05:46:28.111 11839 11839 W System.err: 	at kotlinx.coroutines.JobSupport.cancel(JobSupport.kt:617)
12-08 05:46:28.111 11839 11839 W System.err: 	at kotlinx.coroutines.JobKt__JobKt.cancel(Job.kt:561)
12-08 05:46:28.111 11839 11839 W System.err: 	at kotlinx.coroutines.JobKt.cancel(Unknown Source:1)
12-08 05:46:28.111 11839 11839 W System.err: 	at kotlinx.coroutines.JobKt__JobKt.cancel$default(Job.kt:560)
12-08 05:46:28.111 11839 11839 W System.err: 	at kotlinx.coroutines.JobKt.cancel$default(Unknown Source:1)
12-08 05:46:28.111 11839 11839 W System.err: 	at androidx.lifecycle.CloseableCoroutineScope.close(ViewModel.kt:51)
12-08 05:46:28.111 11839 11839 W System.err: 	at androidx.lifecycle.ViewModel.closeWithRuntimeException(ViewModel.java:188)
12-08 05:46:28.111 11839 11839 W System.err: 	at androidx.lifecycle.ViewModel.clear(ViewModel.java:134)
12-08 05:46:28.111 11839 11839 W System.err: 	at androidx.lifecycle.ViewModelStore.clear(ViewModelStore.java:62)
12-08 05:46:28.111 11839 11839 W System.err: 	at androidx.fragment.app.FragmentManagerViewModel.clearNonConfigStateInternal(FragmentManagerViewModel.java:210)
12-08 05:46:28.111 11839 11839 W System.err: 	at androidx.fragment.app.FragmentManagerViewModel.clearNonConfigState(FragmentManagerViewModel.java:190)
12-08 05:46:28.111 11839 11839 W System.err: 	at androidx.fragment.app.FragmentStateManager.destroy(FragmentStateManager.java:778)
12-08 05:46:28.111 11839 11839 W System.err: 	at androidx.fragment.app.FragmentStateManager.moveToExpectedState(FragmentStateManager.java:335)
12-08 05:46:28.111 11839 11839 W System.err: 	at androidx.fragment.app.FragmentStore.moveToExpectedState(FragmentStore.java:121)
12-08 05:46:28.112 11839 11839 W System.err: 	at androidx.fragment.app.FragmentManager.moveToState(FragmentManager.java:1374)
12-08 05:46:28.112 11839 11839 W System.err: 	at androidx.fragment.app.FragmentManager.dispatchStateChange(FragmentManager.java:2841)
12-08 05:46:28.112 11839 11839 W System.err: 	at androidx.fragment.app.FragmentManager.dispatchDestroy(FragmentManager.java:2820)
12-08 05:46:28.112 11839 11839 W System.err: 	at androidx.fragment.app.Fragment.performDestroy(Fragment.java:3246)
12-08 05:46:28.112 11839 11839 W System.err: 	at androidx.fragment.app.FragmentStateManager.destroy(FragmentStateManager.java:780)
12-08 05:46:28.112 11839 11839 W System.err: 	at androidx.fragment.app.FragmentStateManager.moveToExpectedState(FragmentStateManager.java:335)
12-08 05:46:28.112 11839 11839 W System.err: 	at androidx.fragment.app.SpecialEffectsController$FragmentStateManagerOperation.complete(SpecialEffectsController.java:771)
12-08 05:46:28.112 11839 11839 W System.err: 	at androidx.fragment.app.SpecialEffectsController$Operation.cancel(SpecialEffectsController.java:615)
12-08 05:46:28.112 11839 11839 W System.err: 	at androidx.fragment.app.SpecialEffectsController.forceCompleteAllOperations(SpecialEffectsController.java:350)
12-08 05:46:28.112 11839 11839 W System.err: 	at androidx.fragment.app.FragmentManager.dispatchStateChange(FragmentManager.java:2844)
12-08 05:46:28.112 11839 11839 W System.err: 	at androidx.fragment.app.FragmentManager.dispatchDestroy(FragmentManager.java:2820)
12-08 05:46:28.112 11839 11839 W System.err: 	at androidx.fragment.app.FragmentController.dispatchDestroy(FragmentController.java:345)
12-08 05:46:28.112 11839 11839 W System.err: 	at androidx.fragment.app.FragmentActivity.onDestroy(FragmentActivity.java:306)
12-08 05:46:28.112 11839 11839 W System.err: 	at androidx.appcompat.app.AppCompatActivity.onDestroy(AppCompatActivity.java:278)
12-08 05:46:28.113  1776  1927 D gralloc_ranchu: gralloc_alloc: Creating ashmem region of size 6471680
12-08 05:46:28.113 11839 11839 W System.err: 	at android.app.Activity.performDestroy(Activity.java:8048)
12-08 05:46:28.114 11839 11839 W System.err: 	at android.app.Instrumentation.callActivityOnDestroy(Instrumentation.java:1334)
12-08 05:46:28.114 11839 11839 W System.err: 	at androidx.test.runner.MonitoringInstrumentation.callActivityOnDestroy(MonitoringInstrumentation.java:766)
12-08 05:46:28.114 11839 11839 W System.err: 	at android.app.ActivityThread.performDestroyActivity(ActivityThread.java:4926)
12-08 05:46:28.114 11839 11839 W System.err: 	at android.app.ActivityThread.handleDestroyActivity(ActivityThread.java:4970)
12-08 05:46:28.114 11839 11839 W System.err: 	at android.app.servertransaction.DestroyActivityItem.execute(DestroyActivityItem.java:44)
12-08 05:46:28.114 11839 11839 W System.err: 	at android.app.servertransaction.TransactionExecutor.executeLifecycleState(TransactionExecutor.java:176)
12-08 05:46:28.114 11839 11839 W System.err: 	at android.app.servertransaction.TransactionExecutor.execute(TransactionExecutor.java:97)
12-08 05:46:28.115 11839 11839 W System.err: 	at android.app.ActivityThread$H.handleMessage(ActivityThread.java:2016)
12-08 05:46:28.115 11839 11839 W System.err: 	at android.os.Handler.dispatchMessage(Handler.java:107)
12-08 05:46:28.115 11839 11839 W System.err: 	at android.os.Looper.loop(Looper.java:214)
12-08 05:46:28.115 11839 11839 W System.err: 	at android.app.ActivityThread.main(ActivityThread.java:7356)
12-08 05:46:28.115 11839 11839 W System.err: 	at java.lang.reflect.Method.invoke(Native Method)
12-08 05:46:28.115 11839 11839 W System.err: 	at com.android.internal.os.RuntimeInit$MethodAndArgsCaller.run(RuntimeInit.java:492)
12-08 05:46:28.115 11839 11839 W System.err: 	at com.android.internal.os.ZygoteInit.main(ZygoteInit.java:930)
12-08 05:46:28.121 11839 11839 D LifecycleMonitor: Lifecycle status change: ru.iteco.fmhandroid.ui.AppActivity@470ba41 in: DESTROYED
12-08 05:46:28.121 11839 11839 V ActivityScenario: Update currentActivityStage to DESTROYED, currentActivity=null
12-08 05:46:28.128  2170  2566 D EGL_emulation: eglMakeCurrent: 0xe594e040: ver 2 0 (tinfo 0xc52450c0)
12-08 05:46:28.140  2962  2962 W ThreadPoolDumper: Queue length for executor EventBus is now 11. Perhaps some tasks are too long, or the pool is too small.
12-08 05:46:28.162 11900 11932 D EGL_emulation: eglMakeCurrent: 0xf0c7f7c0: ver 2 0 (tinfo 0xf0c89d30)
12-08 05:46:28.180  2018  7392 D HostConnection: HostConnection::get() New Host Connection established 0xb22b1870, tid 7392
12-08 05:46:28.181  1793  1793 E Layer   : [Surface(name=AppWindowToken{b8b355b token=Token{d213c6a ActivityRecord{1a3ca55 u0 ru.iteco.fmhandroid.test/androidx.test.core.app.InstrumentationActivityInvoker$EmptyActivity t346}}})/@0xc710696 - animation-leash#0] No local sync point found
12-08 05:46:28.181  1793  1793 E Layer   : [Surface(name=AppWindowToken{8dcd2e token=Token{a00d3a9 ActivityRecord{4384b30 u0 com.google.android.apps.nexuslauncher/.NexusLauncherActivity t105}}})/@0x3848044 - animation-leash#0] No local sync point found
12-08 05:46:28.184  2018  7392 D HostConnection: HostComposition ext ANDROID_EMU_CHECKSUM_HELPER_v1 ANDROID_EMU_dma_v1 ANDROID_EMU_direct_mem ANDROID_EMU_host_composition_v1 ANDROID_EMU_host_composition_v2 ANDROID_EMU_vulkan ANDROID_EMU_deferred_vulkan_commands ANDROID_EMU_vulkan_null_optional_strings ANDROID_EMU_vulkan_create_resources_with_requirements ANDROID_EMU_YUV_Cache ANDROID_EMU_vulkan_ignored_handles ANDROID_EMU_vulkan_free_memory_sync ANDROID_EMU_vulkan_shader_float16_int8 ANDROID_EMU_vulkan_async_queue_submit ANDROID_EMU_sync_buffer_data GL_OES_vertex_array_object GL_KHR_texture_compression_astc_ldr ANDROID_EMU_host_side_tracing ANDROID_EMU_gles_max_version_2 
12-08 05:46:28.188  2018  7392 W OpenGLRenderer: Failed to choose config with EGL_SWAP_BEHAVIOR_PRESERVED, retrying without...
12-08 05:46:28.226  2018  7392 D EGL_emulation: eglCreateContext: 0xb2357640: maj 2 min 0 rcv 2
12-08 05:46:28.238  2018  7392 D EGL_emulation: eglMakeCurrent: 0xb2357640: ver 2 0 (tinfo 0xc0d1c860)
12-08 05:46:28.253  2962  3348 W SessionLifecycleManager: Handover failed. Creating new session controller.
12-08 05:46:28.339 12448 12466 I s.nexuslaunche: NativeAlloc concurrent copying GC freed 2474(230KB) AllocSpace objects, 0(0B) LOS objects, 49% free, 2720KB/5441KB, paused 1.840ms total 168.486ms
12-08 05:46:28.341 12448 12468 W System  : A resource failed to call release. 
12-08 05:46:28.341 12448 12468 W System  : A resource failed to call release. 
12-08 05:46:28.370 11839 11884 E TestRunner: failed: shouldCreateAClaimWithoutChoosingExecutor(ru.iteco.fmhandroid.ui.ClaimsCreationFormTest)
12-08 05:46:28.370 11839 11884 E TestRunner: ----- begin exception -----
12-08 05:46:28.371 11839 11884 E TestRunner: androidx.test.espresso.base.AssertionErrorHandler$AssertionFailedWithCauseError: 'Have view id $targetViewId with matches $itemMatcher' doesn't match the selected view.
12-08 05:46:28.371 11839 11884 E TestRunner: Expected: Have view id $targetViewId with matches $itemMatcher
12-08 05:46:28.371 11839 11884 E TestRunner:      Got: androidx.recyclerview.widget.RecyclerView{f0cda12 VFED..... ........ 0,0-1080,1702 #7f0800c4 app:id/claim_list_recycler_view}
12-08 05:46:28.371 11839 11884 E TestRunner: View Details: RecyclerView{id=2131230916, res-name=claim_list_recycler_view, visibility=VISIBLE, width=1080, height=1702, has-focus=false, has-focusable=true, has-window-focus=true, is-clickable=false, is-enabled=true, is-focused=false, is-focusable=true, is-layout-requested=false, is-selected=false, layout-params=androidx.constraintlayout.widget.ConstraintLayout$LayoutParams@YYYYYY, tag=null, root-is-layout-requested=false, has-input-connection=false, x=0.0, y=0.0, child-count=0}
12-08 05:46:28.371 11839 11884 E TestRunner: 
12-08 05:46:28.371 11839 11884 E TestRunner: 	at dalvik.system.VMStack.getThreadStackTrace(Native Method)
12-08 05:46:28.371 11839 11884 E TestRunner: 	at java.lang.Thread.getStackTrace(Thread.java:1720)
12-08 05:46:28.371 11839 11884 E TestRunner: 	at androidx.test.espresso.base.AssertionErrorHandler.handleSafely(AssertionErrorHandler.java:3)
12-08 05:46:28.371 11839 11884 E TestRunner: 	at androidx.test.espresso.base.AssertionErrorHandler.handleSafely(AssertionErrorHandler.java:1)
12-08 05:46:28.371 11839 11884 E TestRunner: 	at androidx.test.espresso.base.DefaultFailureHandler$TypedFailureHandler.handle(DefaultFailureHandler.java:4)
12-08 05:46:28.371 11839 11884 E TestRunner: 	at androidx.test.espresso.base.DefaultFailureHandler.handle(DefaultFailureHandler.java:5)
12-08 05:46:28.371 11839 11884 E TestRunner: 	at androidx.test.espresso.ViewInteraction.waitForAndHandleInteractionResults(ViewInteraction.java:5)
12-08 05:46:28.371 11839 11884 E TestRunner: 	at androidx.test.espresso.ViewInteraction.check(ViewInteraction.java:12)
12-08 05:46:28.371 11839 11884 E TestRunner: 	at ru.iteco.fmhandroid.ui.steps.ClaimsPageSteps.checkClaimIsPresent(ClaimsPageSteps.java:256)
12-08 05:46:28.371 11839 11884 E TestRunner: 	at ru.iteco.fmhandroid.ui.ClaimsCreationFormTest.shouldCreateAClaimWithoutChoosingExecutor(ClaimsCreationFormTest.java:103)
12-08 05:46:28.371 11839 11884 E TestRunner: 	at java.lang.reflect.Method.invoke(Native Method)
12-08 05:46:28.371 11839 11884 E TestRunner: 	at org.junit.runners.model.FrameworkMethod$1.runReflectiveCall(FrameworkMethod.java:59)
12-08 05:46:28.371 11839 11884 E TestRunner: 	at org.junit.internal.runners.model.ReflectiveCallable.run(ReflectiveCallable.java:12)
12-08 05:46:28.371 11839 11884 E TestRunner: 	at org.junit.runners.model.FrameworkMethod.invokeExplosively(FrameworkMethod.java:56)
12-08 05:46:28.371 11839 11884 E TestRunner: 	at org.junit.internal.runners.statements.InvokeMethod.evaluate(InvokeMethod.java:17)
12-08 05:46:28.371 11839 11884 E TestRunner: 	at androidx.test.internal.runner.junit4.statement.RunBefores.evaluate(RunBefores.java:80)
12-08 05:46:28.371 11839 11884 E TestRunner: 	at androidx.test.internal.runner.junit4.statement.RunAfters.evaluate(RunAfters.java:61)
12-08 05:46:28.371 11839 11884 E TestRunner: 	at io.qameta.allure.android.rules.ScreenshotRule$apply$1.evaluate(ScreenshotRule.kt:22)
12-08 05:46:28.371 11839 11884 E TestRunner: 	at org.junit.rules.ExternalResource$1.evaluate(ExternalResource.java:54)
12-08 05:46:28.371 11839 11884 E TestRunner: 	at io.qameta.allure.android.rules.LogcatRule$apply$1.evaluate(LogcatRule.kt:23)
12-08 05:46:28.371 11839 11884 E TestRunner: 	at org.junit.rules.RunRules.evaluate(RunRules.java:20)
12-08 05:46:28.371 11839 11884 E TestRunner: 	at org.junit.runners.ParentRunner$3.evaluate(ParentRunner.java:306)
12-08 05:46:28.371 11839 11884 E TestRunner: 	at org.junit.runners.BlockJUnit4ClassRunner$1.evaluate(BlockJUnit4ClassRunner.java:100)
12-08 05:46:28.371 11839 11884 E TestRunner: 	at org.junit.runners.ParentRunner.runLeaf(ParentRunner.java:366)
12-08 05:46:28.371 11839 11884 E TestRunner: 	at org.junit.runners.BlockJUnit4ClassRunner.runChild(BlockJUnit4ClassRunner.java:103)
12-08 05:46:28.371 11839 11884 E TestRunner: 	at org.junit.runners.BlockJUnit4ClassRunner.runChild(BlockJUnit4ClassRunner.java:63)
12-08 05:46:28.371 11839 11884 E TestRunner: 	at org.junit.runners.ParentRunner$4.run(ParentRunner.java:331)
12-08 05:46:28.371 11839 11884 E TestRunner: 	at org.junit.runners.ParentRunner$1.schedule(ParentRunner.java:79)
12-08 05:46:28.371 11839 11884 E TestRunner: 	at org.junit.runners.ParentRunner.runChildren(ParentRunner.java:329)
12-08 05:46:28.371 11839 11884 E TestRunner: 	at org.junit.runners.ParentRunner.access$100(ParentRunner.java:66)
12-08 05:46:28.371 11839 11884 E TestRunner: 	at org.junit.runners.ParentRunner$2.evaluate(ParentRunner.java:293)
12-08 05:46:28.371 11839 11884 E TestRunner: 	at org.junit.runners.ParentRunner$3.evaluate(ParentRunner.java:306)
12-08 05:46:28.371 11839 11884 E TestRunner: 	at org.junit.runners.ParentRunner.run(ParentRunner.java:413)
12-08 05:46:28.371 11839 11884 E TestRunner: 	at androidx.test.ext.junit.runners.AndroidJUnit4.run(AndroidJUnit4.java:162)
12-08 05:46:28.371 11839 11884 E TestRunner: 	at io.qameta.allure.android.runners.AllureAndroidJUnit4.run(AllureAndroidJUnitRunners.kt:29)
12-08 05:46:28.371 11839 11884 E TestRunner: 	at org.junit.runners.Suite.runChild(Suite.java:128)
12-08 05:46:28.371 11839 11884 E TestRunner: 	at org.junit.runners.Suite.runChild(Suite.java:27)
12-08 05:46:28.371 11839 11884 E TestRunner: 	at org.junit.runners.ParentRunner$4.run(ParentRunner.java:331)
12-08 05:46:28.371 11839 11884 E TestRunner: 	at org.junit.runners.ParentRunner$1.schedule(ParentRunner.java:79)
12-08 05:46:28.371 11839 11884 E TestRunner: 	at org.junit.runners.ParentRunner.runChildren(ParentRunner.java:329)
12-08 05:46:28.371 11839 11884 E TestRunner: 	at org.junit.runners.ParentRunner.access$100(ParentRunner.java:66)
12-08 05:46:28.371 11839 11884 E TestRunner: ----- end exception -----
12-08 05:46:28.372 11839 11884 I TestRunner: finished: shouldCreateAClaimWithoutChoosingExecutor(ru.iteco.fmhandroid.ui.ClaimsCreationFormTest)
12-08 05:46:28.409  2962 12517 W LocationOracle: No location history returned by ContextManager
12-08 05:46:28.419 11839 11884 I TestRunner: started: shouldNotDisplayNonAlphabeticAndNonNumericCharactersInTheFieldDescription(ru.iteco.fmhandroid.ui.ClaimsCreationFormTest)
12-08 05:46:28.469  2962  3348 I MicroDetectionWorker: #startMicroDetector [speakerMode: 0]
12-08 05:46:28.477  2656  3542 W GCoreFlp: No location to return for getLastLocation()
12-08 05:46:28.478  2962  3348 W ErrorReporter: reportError [type: 211, code: 393244, bug: 0]: errorCode: 393244, engine: 0
12-08 05:46:28.479  2962  3348 I MicroDetector: Keeping mic open: false
12-08 05:46:28.479  2962  3348 I MicroDetectionWorker: #onError(false)
12-08 05:46:28.484 11839 11884 W Settings: Setting always_finish_activities has moved from android.provider.Settings.System to android.provider.Settings.Global, returning read-only value.
12-08 05:46:28.495  2018  4164 I ActivityTaskManager: START u0 {act=android.intent.action.MAIN cat=[android.intent.category.LAUNCHER] flg=0x10008000 cmp=ru.iteco.fmhandroid.test/androidx.test.core.app.InstrumentationActivityInvoker$BootstrapActivity (has extras)} from uid 10146
12-08 05:46:28.521  2018  2130 W InputReader: Device has associated, but no associated display id.
12-08 05:46:28.526  2018  2130 I chatty  : uid=1000(system) Binder:2018_4 identical 28 lines
12-08 05:46:28.526  2018  2130 W InputReader: Device has associated, but no associated display id.
12-08 05:46:28.527 11900 11900 W ActivityThread: handleWindowVisibility: no activity for token android.os.BinderProxy@8eaef6a
12-08 05:46:28.536  2018  2130 W InputReader: Device has associated, but no associated display id.
12-08 05:46:28.536  2018  2130 I chatty  : uid=1000(system) Binder:2018_4 identical 8 lines
12-08 05:46:28.536  2018  2130 W InputReader: Device has associated, but no associated display id.
12-08 05:46:28.553  1776  1927 D gralloc_ranchu: gralloc_alloc: Creating ashmem region of size 10108928
12-08 05:46:28.571  2018  2031 I system_server: NativeAlloc concurrent copying GC freed 48416(2037KB) AllocSpace objects, 4(144KB) LOS objects, 26% free, 17MB/23MB, paused 1.217ms total 260.792ms
12-08 05:46:28.593  2018  2340 I ActivityTaskManager: START u0 {act=android.intent.action.MAIN cat=[android.intent.category.LAUNCHER] cmp=ru.iteco.fmhandroid/.ui.AppActivity} from uid 10146
12-08 05:46:28.621  2018  2358 W InputReader: Device has associated, but no associated display id.
12-08 05:46:28.624  2018  2358 I chatty  : uid=1000(system) Binder:2018_6 identical 38 lines
