12-02 18:53:11.326 28567 28567 I ViewInteraction: Performing 'wait for a specific view with <view.getId() is <2131230951>> during 10000 millis.' action on view view.getRootView() to equal view
12-02 18:53:11.335 28567 28567 I ViewInteraction: Checking 'MatchesViewAssertion{viewMatcher=(view has effective visibility <VISIBLE> and view.getGlobalVisibleRect() to return non-empty rectangle)}' assertion on view view.getId() is <2131230951/ru.iteco.fmhandroid:id/container_list_news_include_on_fragment_main>
12-02 18:53:11.339 28567 28567 I ViewInteraction: Performing 'wait for a specific view with <view.getId() is <2131230949>> during 10000 millis.' action on view view.getRootView() to equal view
12-02 18:53:11.361 28567 28567 I ViewInteraction: Checking 'MatchesViewAssertion{viewMatcher=(view has effective visibility <VISIBLE> and view.getGlobalVisibleRect() to return non-empty rectangle)}' assertion on view view.getId() is <2131230949/ru.iteco.fmhandroid:id/container_list_claim_include_on_fragment_main>
12-02 18:53:11.516 28567 28567 I ViewInteraction: Performing 'wait for a specific view with <an instance of android.widget.TextView and view.getText() with or without transformation to match: is "Claims"> during 10000 millis.' action on view view.getRootView() to equal view
12-02 18:53:11.519 28567 28567 I ViewInteraction: Checking 'MatchesViewAssertion{viewMatcher=(view has effective visibility <VISIBLE> and view.getGlobalVisibleRect() to return non-empty rectangle)}' assertion on view an instance of android.widget.TextView and view.getText() with or without transformation to match: is "Claims"
12-02 18:53:11.522 28567 28567 I ViewInteraction: Performing 'wait for a specific view with <view.getId() is <2131231123/ru.iteco.fmhandroid:id/main_menu_image_button>> during 10000 millis.' action on view view.getRootView() to equal view
12-02 18:53:11.529 28567 28567 I ViewInteraction: Performing 'single click' action on view view.getId() is <2131231123/ru.iteco.fmhandroid:id/main_menu_image_button>
12-02 18:53:11.638  1772  1875 D gralloc_ranchu: gralloc_alloc: Creating ashmem region of size 3264512
12-02 18:53:11.645  1772  1875 I chatty  : uid=1000(system) HwBinder:1772_2 identical 1 line
12-02 18:53:11.647  1772  1875 D gralloc_ranchu: gralloc_alloc: Creating ashmem region of size 3264512
12-02 18:53:11.675 28567 28625 D EGL_emulation: eglMakeCurrent: 0xdb91b8c0: ver 2 0 (tinfo 0xc09d6ab0)
12-02 18:53:11.752 28567 28625 I chatty  : uid=10159(ru.iteco.fmhandroid) RenderThread identical 3 lines
12-02 18:53:11.772 28567 28625 D EGL_emulation: eglMakeCurrent: 0xdb91b8c0: ver 2 0 (tinfo 0xc09d6ab0)
12-02 18:53:11.997 28567 28567 I ViewInteraction: Performing 'wait for a specific view with <an instance of android.widget.TextView and view.getText() with or without transformation to match: is "Claims"> during 10000 millis.' action on view view.getRootView() to equal view
12-02 18:53:12.001 28567 28567 I ViewInteraction: Performing 'single click' action on view an instance of android.widget.TextView and view.getText() with or without transformation to match: is "Claims"
12-02 18:53:12.142 28567 28661 I okhttp.OkHttpClient: --> GET http://www.981757-ca08998.tmweb.ru:8080/fmh/claims
12-02 18:53:12.143 28567 28661 I okhttp.OkHttpClient: --> END GET
12-02 18:53:12.196 28567 28625 D EGL_emulation: eglMakeCurrent: 0xdb91b8c0: ver 2 0 (tinfo 0xc09d6ab0)
12-02 18:53:12.224 28567 28625 D EGL_emulation: eglMakeCurrent: 0xdb91b8c0: ver 2 0 (tinfo 0xc09d6ab0)
12-02 18:53:12.436 28567 28567 I ViewInteraction: Performing 'wait for a specific view with <view.getId() is <2131230849/ru.iteco.fmhandroid:id/add_new_claim_material_button>> during 10000 millis.' action on view view.getRootView() to equal view
12-02 18:53:12.440 28567 28567 I ViewInteraction: Performing 'single click' action on view view.getId() is <2131230849/ru.iteco.fmhandroid:id/add_new_claim_material_button>
12-02 18:53:12.495 28567 28638 I okhttp.OkHttpClient: --> GET http://www.981757-ca08998.tmweb.ru:8080/fmh/users
12-02 18:53:12.495 28567 28638 I okhttp.OkHttpClient: --> END GET
12-02 18:53:12.728 28567 28567 I ViewInteraction: Performing 'wait for a specific view with <view.getId() is <2131231041/ru.iteco.fmhandroid:id/executor_drop_menu_auto_complete_text_view>> during 10000 millis.' action on view view.getRootView() to equal view
12-02 18:53:14.259 28567 28638 I okhttp.OkHttpClient: <-- 200 http://www.981757-ca08998.tmweb.ru:8080/fmh/users (1764ms)
12-02 18:53:14.260 28567 28638 I okhttp.OkHttpClient: Vary: Origin
12-02 18:53:14.260 28567 28638 I okhttp.OkHttpClient: Vary: Access-Control-Request-Method
12-02 18:53:14.260 28567 28638 I okhttp.OkHttpClient: Vary: Access-Control-Request-Headers
12-02 18:53:14.260 28567 28638 I okhttp.OkHttpClient: X-Content-Type-Options: nosniff
12-02 18:53:14.260 28567 28638 I okhttp.OkHttpClient: X-XSS-Protection: 1; mode=block
12-02 18:53:14.260 28567 28638 I okhttp.OkHttpClient: Cache-Control: no-cache, no-store, max-age=0, must-revalidate
12-02 18:53:14.260 28567 28638 I okhttp.OkHttpClient: Pragma: no-cache
12-02 18:53:14.260 28567 28638 I okhttp.OkHttpClient: Expires: 0
12-02 18:53:14.260 28567 28638 I okhttp.OkHttpClient: X-Frame-Options: DENY
12-02 18:53:14.261 28567 28638 I okhttp.OkHttpClient: Content-Type: application/json
12-02 18:53:14.261 28567 28638 I okhttp.OkHttpClient: Transfer-Encoding: chunked
12-02 18:53:14.261 28567 28638 I okhttp.OkHttpClient: Date: Fri, 02 Dec 2022 15:53:14 GMT
12-02 18:53:14.261 28567 28638 I okhttp.OkHttpClient: Keep-Alive: timeout=60
12-02 18:53:14.261 28567 28638 I okhttp.OkHttpClient: Connection: keep-alive
12-02 18:53:14.262 28567 28638 I okhttp.OkHttpClient: [{"id":1,"firstName":"Петр","lastName":"Смирнов","middleName":"Петрович","admin":true},{"id":2,"firstName":"Данил","lastName":"Иванов","middleName":"Данилович","admin":true},{"id":3,"firstName":"Егор","lastName":"Петров","middleName":"Егорович","admin":false},{"id":4,"firstName":"Дмитрий","lastName":"Сидоров","middleName":"Дмитриевич","admin":false},{"id":5,"firstName":"Тест","lastName":"Тестов","middleName":"Тестович","admin":true},{"id":6,"firstName":"Diplom","lastName":"Netology","middleName":"QAMID","admin":true}]
12-02 18:53:14.262 28567 28638 I okhttp.OkHttpClient: <-- END HTTP (622-byte body)
12-02 18:53:14.491 28567 28567 I ViewInteraction: Performing 'single click' action on view view.getId() is <2131231041/ru.iteco.fmhandroid:id/executor_drop_menu_auto_complete_text_view>
12-02 18:53:14.609  2010  3304 D WificondControl: Scan result ready event
12-02 18:53:14.629  1743  1944 I netd    : firewallSetUidRule(2, 10145, 1) <2.05ms>
12-02 18:53:14.657  1772  1875 D gralloc_ranchu: gralloc_alloc: Creating ashmem region of size 7032832
12-02 18:53:14.662  1772  1875 I chatty  : uid=1000(system) HwBinder:1772_2 identical 1 line
12-02 18:53:14.664  1772  1875 D gralloc_ranchu: gralloc_alloc: Creating ashmem region of size 7032832
12-02 18:53:14.670 28567 28625 D EGL_emulation: eglMakeCurrent: 0xdb91b8c0: ver 2 0 (tinfo 0xc09d6ab0)
12-02 18:53:14.724 28567 28567 I AssistStructure: Flattened final assist data: 6984 bytes, containing 2 windows, 53 views
12-02 18:53:14.738  2010  4313 D AutofillSession: Starting partition or augmented request for view id 1073741827@1792625977: STARTED_SESSION
12-02 18:53:14.762 28567 28625 D EGL_emulation: eglMakeCurrent: 0xdb91b8c0: ver 2 0 (tinfo 0xc09d6ab0)
12-02 18:53:14.763  2010  2010 D AutofillSession: cancelCurrentRequest(): id = 1093
12-02 18:53:14.775  2486  2486 W GInputConnectionWrapper: IPC IC_GET_TEXT_BEFORE_CURSOR_AND_FIX_SELECTION_INDICES took 122 ms
12-02 18:53:14.798 28567 28625 D EGL_emulation: eglMakeCurrent: 0xdb91b8c0: ver 2 0 (tinfo 0xc09d6ab0)
12-02 18:53:14.812 28567 28567 I AssistStructure: Flattened final assist data: 6984 bytes, containing 2 windows, 53 views
12-02 18:53:14.828  2486  2486 I KeyboardViewUtil: systemKeyboardHeightRatio:1.000000; userKeyboardHeightRatio:1.000000.
12-02 18:53:14.832  2486  2486 I AndroidIME: LatinIme.onActivate() : EditorInfo = Package = ru.iteco.fmhandroid : Type = Text : Learning = Disable : Suggestion = Show : AutoCorrection = Disable : Microphone = Show : NoPersonalizedLearning = Disable
12-02 18:53:14.867  2584  2584 W ktk     : Pending fill request while another request in the same session was triggered. [CONTEXT service_id=177 ]
12-02 18:53:14.912  2010  2034 D AutofillUI: destroySaveUiUiThread(): already destroyed
12-02 18:53:14.950  2486  2486 I Conv2QueryExtension: Current locale: en_US, config allows these locales: de,en,es,fr,it,ms,pt,ta
12-02 18:53:14.951  2486  2486 I Conv2QueryExtension: Conv2Query not enabled due to current app [ru.iteco.fmhandroid] not in whitelist
12-02 18:53:14.951  2486  2486 I Conv2QueryExtension: onActivate() : Disabled by unsupported host app
12-02 18:53:14.976  2169  2501 D EGL_emulation: eglMakeCurrent: 0xdb91a600: ver 2 0 (tinfo 0xdb90f8d0)
12-02 18:53:15.060 28567 28625 D EGL_emulation: eglMakeCurrent: 0xdb91b8c0: ver 2 0 (tinfo 0xc09d6ab0)
12-02 18:53:15.085  1772  1875 D gralloc_ranchu: gralloc_alloc: Creating ashmem region of size 14262272
12-02 18:53:15.088 28567 28567 I ViewInteraction: Performing 'close keyboard' action on view view.getRootView() to equal view
12-02 18:53:15.101  1772  1875 D gralloc_ranchu: gralloc_alloc: Creating ashmem region of size 14262272
12-02 18:53:15.104  1772  1875 D gralloc_ranchu: gralloc_alloc: Creating ashmem region of size 14262272
12-02 18:53:15.119  2486  6704 D EGL_emulation: eglMakeCurrent: 0xdb91b920: ver 2 0 (tinfo 0xdb90fce0)
12-02 18:53:15.125  1743  1944 I netd    : firewallSetUidRule(2, 10145, 2) <0.10ms>
12-02 18:53:15.206  2486  2486 I PhenotypeExpConfig: refreshConfiguration() : Force = false : UpdateAvailable = false : Age = 170 minutes : MaxAge = 720 minutes
12-02 18:53:15.214  1772  1875 D gralloc_ranchu: gralloc_alloc: Creating ashmem region of size 4997120
12-02 18:53:15.224 28567 28625 D EGL_emulation: eglMakeCurrent: 0xdb91b8c0: ver 2 0 (tinfo 0xc09d6ab0)
12-02 18:53:15.231  2486  2486 I AndroidIME: LatinIme.onDeactivate()
12-02 18:53:15.256  1772  1875 D gralloc_ranchu: gralloc_alloc: Creating ashmem region of size 4997120
12-02 18:53:15.258  2486  6704 D EGL_emulation: eglMakeCurrent: 0xdb91b920: ver 2 0 (tinfo 0xdb90fce0)
12-02 18:53:15.264 28567 28625 D EGL_emulation: eglMakeCurrent: 0xdb91b8c0: ver 2 0 (tinfo 0xc09d6ab0)
12-02 18:53:15.278 28567 28625 D EGL_emulation: eglMakeCurrent: 0xdb91b8c0: ver 2 0 (tinfo 0xc09d6ab0)
12-02 18:53:15.284 28567 28643 I okhttp.OkHttpClient: <-- 200 http://www.981757-ca08998.tmweb.ru:8080/fmh/claims (4083ms)
12-02 18:53:15.284 28567 28643 I okhttp.OkHttpClient: Vary: Origin
12-02 18:53:15.284 28567 28643 I okhttp.OkHttpClient: Vary: Access-Control-Request-Method
12-02 18:53:15.284 28567 28643 I okhttp.OkHttpClient: Vary: Access-Control-Request-Headers
12-02 18:53:15.285 28567 28643 I okhttp.OkHttpClient: X-Content-Type-Options: nosniff
12-02 18:53:15.285 28567 28643 I okhttp.OkHttpClient: X-XSS-Protection: 1; mode=block
12-02 18:53:15.285 28567 28643 I okhttp.OkHttpClient: Cache-Control: no-cache, no-store, max-age=0, must-revalidate
12-02 18:53:15.285 28567 28643 I okhttp.OkHttpClient: Pragma: no-cache
12-02 18:53:15.285 28567 28643 I okhttp.OkHttpClient: Expires: 0
12-02 18:53:15.285 28567 28643 I okhttp.OkHttpClient: X-Frame-Options: DENY
12-02 18:53:15.285 28567 28643 I okhttp.OkHttpClient: Content-Type: application/json
12-02 18:53:15.285 28567 28643 I okhttp.OkHttpClient: Transfer-Encoding: chunked
12-02 18:53:15.285 28567 28643 I okhttp.OkHttpClient: Date: Fri, 02 Dec 2022 15:53:16 GMT
12-02 18:53:15.285 28567 28643 I okhttp.OkHttpClient: Keep-Alive: timeout=60
12-02 18:53:15.285 28567 28643 I okhttp.OkHttpClient: Connection: keep-alive
12-02 18:53:15.300  1772  1875 D gralloc_ranchu: gralloc_alloc: Creating ashmem region of size 4997120
12-02 18:53:15.369 28567 28625 D EGL_emulation: eglMakeCurrent: 0xdb91b8c0: ver 2 0 (tinfo 0xc09d6ab0)
12-02 18:53:15.400  1772  1875 D gralloc_ranchu: gralloc_alloc: Creating ashmem region of size 7032832
12-02 18:53:15.414 28567 28625 D EGL_emulation: eglMakeCurrent: 0xdb91b8c0: ver 2 0 (tinfo 0xc09d6ab0)
12-02 18:53:15.449  1772  1875 D gralloc_ranchu: gralloc_alloc: Creating ashmem region of size 7032832
12-02 18:53:15.453 28567 28625 D EGL_emulation: eglMakeCurrent: 0xdb91b8c0: ver 2 0 (tinfo 0xc09d6ab0)
12-02 18:53:15.470 28567 28625 D EGL_emulation: eglMakeCurrent: 0xdb91b8c0: ver 2 0 (tinfo 0xc09d6ab0)
12-02 18:53:15.481  1772  1875 D gralloc_ranchu: gralloc_alloc: Creating ashmem region of size 7032832
12-02 18:53:15.561 28567 28625 D EGL_emulation: eglMakeCurrent: 0xdb91b8c0: ver 2 0 (tinfo 0xc09d6ab0)
12-02 18:53:16.513 28567 28661 I okhttp.OkHttpClient: <-- 200 http://www.981757-ca08998.tmweb.ru:8080/fmh/claims (4370ms)
12-02 18:53:16.516 28567 28661 I okhttp.OkHttpClient: Vary: Origin
12-02 18:53:16.516 28567 28661 I okhttp.OkHttpClient: Vary: Access-Control-Request-Method
12-02 18:53:16.516 28567 28661 I okhttp.OkHttpClient: Vary: Access-Control-Request-Headers
12-02 18:53:16.516 28567 28661 I okhttp.OkHttpClient: X-Content-Type-Options: nosniff
12-02 18:53:16.516 28567 28661 I okhttp.OkHttpClient: X-XSS-Protection: 1; mode=block
12-02 18:53:16.516 28567 28661 I okhttp.OkHttpClient: Cache-Control: no-cache, no-store, max-age=0, must-revalidate
12-02 18:53:16.516 28567 28661 I okhttp.OkHttpClient: Pragma: no-cache
12-02 18:53:16.516 28567 28661 I okhttp.OkHttpClient: Expires: 0
12-02 18:53:16.517 28567 28661 I okhttp.OkHttpClient: X-Frame-Options: DENY
12-02 18:53:16.517 28567 28661 I okhttp.OkHttpClient: Content-Type: application/json
12-02 18:53:16.518 28567 28661 I okhttp.OkHttpClient: Transfer-Encoding: chunked
12-02 18:53:16.518 28567 28661 I okhttp.OkHttpClient: Date: Fri, 02 Dec 2022 15:53:16 GMT
12-02 18:53:16.518 28567 28661 I okhttp.OkHttpClient: Keep-Alive: timeout=60
12-02 18:53:16.519 28567 28661 I okhttp.OkHttpClient: Connection: keep-alive
12-02 18:53:16.993 28567 28625 D EGL_emulation: eglMakeCurrent: 0xdb91b8c0: ver 2 0 (tinfo 0xc09d6ab0)
12-02 18:53:17.122 28567 28625 I chatty  : uid=10159(ru.iteco.fmhandroid) RenderThread identical 2 lines
12-02 18:53:17.576 28567 28625 D EGL_emulation: eglMakeCurrent: 0xdb91b8c0: ver 2 0 (tinfo 0xc09d6ab0)
12-02 18:53:17.865  1750  1750 W audio_hw_generic: Not supplying enough data to HAL, expected position 389096879 , only wrote 388724185
12-02 18:53:18.609 28567 28567 I ViewInteraction: Checking 'MatchesViewAssertion{viewMatcher=(view has effective visibility <VISIBLE> and view.getGlobalVisibleRect() to return non-empty rectangle)}' assertion on view an instance of android.widget.TextView and view.getText() with or without transformation to match: is "Смирнов Петр Петрович"
12-02 18:53:18.617 28567 28567 I ViewInteraction: Performing 'single click' action on view an instance of android.widget.TextView and view.getText() with or without transformation to match: is "Смирнов Петр Петрович"
12-02 18:53:18.676 28567 28625 D EGL_emulation: eglMakeCurrent: 0xdb91b8c0: ver 2 0 (tinfo 0xc09d6ab0)
12-02 18:53:18.740  1750  3111 W audio_hw_generic: Not supplying enough data to HAL, expected position 388724287 , only wrote 388724185
12-02 18:53:18.769 28567 28625 D EGL_emulation: eglMakeCurrent: 0xdb91b8c0: ver 2 0 (tinfo 0xc09d6ab0)
12-02 18:53:18.793  2010  4313 E InputDispatcher: Window handle Window{e329c9b u0 PopupWindow:e35e5dc} has no registered input channel
12-02 18:53:18.797 28567 28625 D EGL_emulation: eglMakeCurrent: 0xdb91b8c0: ver 2 0 (tinfo 0xc09d6ab0)
12-02 18:53:18.900 28567 28567 I ViewInteraction: Performing 'wait for a specific view with <(view.getId() is <2131231402/ru.iteco.fmhandroid:id/title_edit_text> and view.getParent() view.getParent() view.getId() is <2131231406/ru.iteco.fmhandroid:id/title_text_input_layout>)> during 10000 millis.' action on view view.getRootView() to equal view
12-02 18:53:18.906 28567 28567 I ViewInteraction: Performing 'replace text(В работе ab9e1322-848c-4ef2-bb25-e0b72d3841fa)' action on view (view.getId() is <2131231402/ru.iteco.fmhandroid:id/title_edit_text> and view.getParent() view.getParent() view.getId() is <2131231406/ru.iteco.fmhandroid:id/title_text_input_layout>)
12-02 18:53:18.966 28567 28567 I ViewInteraction: Performing 'wait for a specific view with <view.getId() is <2131230975/ru.iteco.fmhandroid:id/date_in_plan_text_input_edit_text>> during 10000 millis.' action on view view.getRootView() to equal view
12-02 18:53:18.973 28567 28567 I ViewInteraction: Performing 'single click' action on view view.getId() is <2131230975/ru.iteco.fmhandroid:id/date_in_plan_text_input_edit_text>
12-02 18:53:19.216  1772  1875 D gralloc_ranchu: gralloc_alloc: Creating ashmem region of size 10964992
12-02 18:53:19.224  1772  1875 I chatty  : uid=1000(system) HwBinder:1772_2 identical 1 line
12-02 18:53:19.226  1772  1875 D gralloc_ranchu: gralloc_alloc: Creating ashmem region of size 10964992
12-02 18:53:19.236 28567 28625 D EGL_emulation: eglMakeCurrent: 0xdb91b8c0: ver 2 0 (tinfo 0xc09d6ab0)
12-02 18:53:19.413 28567 28625 I chatty  : uid=10159(ru.iteco.fmhandroid) RenderThread identical 5 lines
12-02 18:53:19.448 28567 28625 D EGL_emulation: eglMakeCurrent: 0xdb91b8c0: ver 2 0 (tinfo 0xc09d6ab0)
12-02 18:53:19.700 28567 28567 I ViewInteraction: Performing 'wait for a specific view with <is assignable from class <class android.widget.DatePicker>> during 10000 millis.' action on view view.getRootView() to equal view
12-02 18:53:19.703 28567 28567 I ViewInteraction: Checking 'MatchesViewAssertion{viewMatcher=(view has effective visibility <VISIBLE> and view.getGlobalVisibleRect() to return non-empty rectangle)}' assertion on view is assignable from class <class android.widget.DatePicker>
12-02 18:53:19.707 28567 28567 I ViewInteraction: Performing 'wait for a specific view with <is assignable from class <class android.widget.DatePicker>> during 10000 millis.' action on view view.getRootView() to equal view
12-02 18:53:19.709 28567 28567 I ViewInteraction: Performing 'set date' action on view is assignable from class <class android.widget.DatePicker>
12-02 18:53:19.744 28567 28567 I ViewInteraction: Performing 'wait for a specific view with <view.getId() is <16908313/android:id/button1>> during 10000 millis.' action on view view.getRootView() to equal view
12-02 18:53:19.750 28567 28567 I ViewInteraction: Performing 'single click' action on view view.getId() is <16908313/android:id/button1>
12-02 18:53:19.833 28567 28625 D EGL_emulation: eglMakeCurrent: 0xdb91b8c0: ver 2 0 (tinfo 0xc09d6ab0)
12-02 18:53:19.840  2010  3304 E InputDispatcher: Window handle Window{7281f6a u0 ru.iteco.fmhandroid/ru.iteco.fmhandroid.ui.AppActivity} has no registered input channel
12-02 18:53:19.853 28567 28625 D EGL_emulation: eglMakeCurrent: 0xdb91b8c0: ver 2 0 (tinfo 0xc09d6ab0)
12-02 18:53:19.859  2010  4313 E InputDispatcher: Window handle Window{7281f6a u0 ru.iteco.fmhandroid/ru.iteco.fmhandroid.ui.AppActivity} has no registered input channel
12-02 18:53:20.124 28567 28567 I ViewInteraction: Performing 'wait for a specific view with <(an instance of android.widget.TextView and view.getHint() matching: is "Time" and view.getParent() view.getParent() view.getId() is <2131231399/ru.iteco.fmhandroid:id/time_in_plan_text_input_layout>)> during 10000 millis.' action on view view.getRootView() to equal view
12-02 18:53:20.128 28567 28567 I ViewInteraction: Performing 'single click' action on view (an instance of android.widget.TextView and view.getHint() matching: is "Time" and view.getParent() view.getParent() view.getId() is <2131231399/ru.iteco.fmhandroid:id/time_in_plan_text_input_layout>)
12-02 18:53:20.298  1772  1875 D gralloc_ranchu: gralloc_alloc: Creating ashmem region of size 9261056
12-02 18:53:20.305  1772  1875 I chatty  : uid=1000(system) HwBinder:1772_2 identical 1 line
12-02 18:53:20.308  1772  1875 D gralloc_ranchu: gralloc_alloc: Creating ashmem region of size 9261056
12-02 18:53:20.315 28567 28625 D EGL_emulation: eglMakeCurrent: 0xdb91b8c0: ver 2 0 (tinfo 0xc09d6ab0)
12-02 18:53:20.378 28567 28625 I chatty  : uid=10159(ru.iteco.fmhandroid) RenderThread identical 2 lines
12-02 18:53:20.405 28567 28625 D EGL_emulation: eglMakeCurrent: 0xdb91b8c0: ver 2 0 (tinfo 0xc09d6ab0)
12-02 18:53:20.636 28567 28567 I ViewInteraction: Performing 'wait for a specific view with <is assignable from class <class android.widget.TimePicker>> during 10000 millis.' action on view view.getRootView() to equal view
12-02 18:53:20.639 28567 28567 I ViewInteraction: Checking 'MatchesViewAssertion{viewMatcher=(view has effective visibility <VISIBLE> and view.getGlobalVisibleRect() to return non-empty rectangle)}' assertion on view is assignable from class <class android.widget.TimePicker>
12-02 18:53:20.644 28567 28567 I ViewInteraction: Performing 'wait for a specific view with <is assignable from class <class android.widget.TimePicker>> during 10000 millis.' action on view view.getRootView() to equal view
12-02 18:53:20.648 28567 28567 I ViewInteraction: Performing 'set time' action on view is assignable from class <class android.widget.TimePicker>
12-02 18:53:20.661 28567 28625 D EGL_emulation: eglMakeCurrent: 0xdb91b8c0: ver 2 0 (tinfo 0xc09d6ab0)
12-02 18:53:20.666 28567 28567 I ViewInteraction: Performing 'wait for a specific view with <view.getId() is <16908313/android:id/button1>> during 10000 millis.' action on view view.getRootView() to equal view
12-02 18:53:20.670 28567 28567 I ViewInteraction: Performing 'single click' action on view view.getId() is <16908313/android:id/button1>
12-02 18:53:20.743 28567 28625 D EGL_emulation: eglMakeCurrent: 0xdb91b8c0: ver 2 0 (tinfo 0xc09d6ab0)
12-02 18:53:20.757  2010  3292 E InputDispatcher: Window handle Window{fdf3541 u0 ru.iteco.fmhandroid/ru.iteco.fmhandroid.ui.AppActivity} has no registered input channel
12-02 18:53:20.765 28567 28625 D EGL_emulation: eglMakeCurrent: 0xdb91b8c0: ver 2 0 (tinfo 0xc09d6ab0)
12-02 18:53:21.050 28567 28567 I ViewInteraction: Performing 'wait for a specific view with <(an instance of android.widget.TextView and view.getHint() matching: is "Description" and view.getParent() view.getParent() view.getId() is <2131230988/ru.iteco.fmhandroid:id/description_text_input_layout>)> during 10000 millis.' action on view view.getRootView() to equal view
12-02 18:53:21.054 28567 28567 I ViewInteraction: Performing 'replace text(В работе ab9e1322-848c-4ef2-bb25-e0b72d3841fa)' action on view (an instance of android.widget.TextView and view.getHint() matching: is "Description" and view.getParent() view.getParent() view.getId() is <2131230988/ru.iteco.fmhandroid:id/description_text_input_layout>)
12-02 18:53:21.090 28567 28567 I ViewInteraction: Performing 'wait for a specific view with <view.getId() is <2131231291/ru.iteco.fmhandroid:id/save_button>> during 10000 millis.' action on view view.getRootView() to equal view
12-02 18:53:21.099 28567 28567 I ViewInteraction: Performing 'single click' action on view view.getId() is <2131231291/ru.iteco.fmhandroid:id/save_button>
12-02 18:53:21.166 28567 28665 I okhttp.OkHttpClient: --> POST http://www.981757-ca08998.tmweb.ru:8080/fmh/claims
12-02 18:53:21.167 28567 28665 I okhttp.OkHttpClient: Content-Type: application/json; charset=UTF-8
12-02 18:53:21.167 28567 28665 I okhttp.OkHttpClient: Content-Length: 290
12-02 18:53:21.167 28567 28665 I okhttp.OkHttpClient: {"createDate":1669996401,"creatorId":2,"creatorName":"Иванов Данил Данилович","description":"В работе ab9e1322-848c-4ef2-bb25-e0b72d3841fa","executorId":1,"planExecuteDate":1669996320,"status":"OPEN","title":"В работе ab9e1322-848c-4ef2-bb25-e0b72d3841fa"}
12-02 18:53:21.167 28567 28665 I okhttp.OkHttpClient: --> END POST (290-byte body)
12-02 18:53:21.175  1743 28808 E ResolverController: No valid NAT64 prefix (126, <unspecified>/0)
12-02 18:53:21.390 28567 28567 I ViewInteraction: Performing 'wait for a specific view with <view.getId() is <2131230916/ru.iteco.fmhandroid:id/claim_list_recycler_view>> during 10000 millis.' action on view view.getRootView() to equal view
12-02 18:53:21.527 28567 28665 I okhttp.OkHttpClient: <-- 200 http://www.981757-ca08998.tmweb.ru:8080/fmh/claims (360ms)
12-02 18:53:21.528 28567 28665 I okhttp.OkHttpClient: Vary: Origin
12-02 18:53:21.528 28567 28665 I okhttp.OkHttpClient: Vary: Access-Control-Request-Method
12-02 18:53:21.528 28567 28665 I okhttp.OkHttpClient: Vary: Access-Control-Request-Headers
12-02 18:53:21.528 28567 28665 I okhttp.OkHttpClient: X-Content-Type-Options: nosniff
12-02 18:53:21.528 28567 28665 I okhttp.OkHttpClient: X-XSS-Protection: 1; mode=block
12-02 18:53:21.528 28567 28665 I okhttp.OkHttpClient: Cache-Control: no-cache, no-store, max-age=0, must-revalidate
12-02 18:53:21.528 28567 28665 I okhttp.OkHttpClient: Pragma: no-cache
12-02 18:53:21.528 28567 28665 I okhttp.OkHttpClient: Expires: 0
12-02 18:53:21.529 28567 28665 I okhttp.OkHttpClient: X-Frame-Options: DENY
12-02 18:53:21.529 28567 28665 I okhttp.OkHttpClient: Content-Type: application/json
12-02 18:53:21.529 28567 28665 I okhttp.OkHttpClient: Transfer-Encoding: chunked
12-02 18:53:21.529 28567 28665 I okhttp.OkHttpClient: Date: Fri, 02 Dec 2022 15:53:23 GMT
12-02 18:53:21.529 28567 28665 I okhttp.OkHttpClient: Keep-Alive: timeout=60
12-02 18:53:21.529 28567 28665 I okhttp.OkHttpClient: Connection: keep-alive
12-02 18:53:21.530 28567 28665 I okhttp.OkHttpClient: {"id":2503,"title":"В работе ab9e1322-848c-4ef2-bb25-e0b72d3841fa","description":"В работе ab9e1322-848c-4ef2-bb25-e0b72d3841fa","creatorId":2,"executorId":1,"createDate":1669996401,"planExecuteDate":1669996320,"factExecuteDate":null,"status":"IN_PROGRESS","creatorName":"Иванов Данил Данилович","executorName":"Смирнов Петр Петрович"}
12-02 18:53:21.530 28567 28665 I okhttp.OkHttpClient: <-- END HTTP (388-byte body)
12-02 18:53:21.625 28567 28567 I ViewInteraction: Checking 'MatchesViewAssertion{viewMatcher=(view has effective visibility <VISIBLE> and view.getGlobalVisibleRect() to return non-empty rectangle)}' assertion on view view.getId() is <2131230916/ru.iteco.fmhandroid:id/claim_list_recycler_view>
12-02 18:53:21.632 28567 28567 I ViewInteraction: Performing 'scroll RecyclerView to: holder with view: (view is an instance of android.view.ViewGroup and has descendant matching an instance of android.widget.TextView and view.getText() with or without transformation to match: is "В работе ab9e1322-848c-4ef2-bb25-e0b72d3841fa")' action on view view.getId() is <2131230916/ru.iteco.fmhandroid:id/claim_list_recycler_view>
12-02 18:53:21.635 28567 28567 D takeScreenshot: Found 1 global views to redraw
12-02 18:53:21.663  1772  1875 D gralloc_ranchu: gralloc_alloc: Creating ashmem region of size 14749696
12-02 18:53:21.718 28567 28612 W DefaultFailureHandler: Failed to take screenshot
12-02 18:53:21.718 28567 28612 W DefaultFailureHandler: java.io.FileNotFoundException: view-op-error-15.png: open failed: EROFS (Read-only file system)
12-02 18:53:21.718 28567 28612 W DefaultFailureHandler: 	at libcore.io.IoBridge.open(IoBridge.java:496)
12-02 18:53:21.718 28567 28612 W DefaultFailureHandler: 	at java.io.FileOutputStream.<init>(FileOutputStream.java:235)
12-02 18:53:21.718 28567 28612 W DefaultFailureHandler: 	at java.io.FileOutputStream.<init>(FileOutputStream.java:125)
12-02 18:53:21.718 28567 28612 W DefaultFailureHandler: 	at androidx.test.platform.io.FileTestStorage.openOutputFile(FileTestStorage.java:60)
12-02 18:53:21.718 28567 28612 W DefaultFailureHandler: 	at androidx.test.core.graphics.BitmapStorage.writeToTestStorage(BitmapStorageExt.kt:49)
12-02 18:53:21.718 28567 28612 W DefaultFailureHandler: 	at androidx.test.espresso.base.DefaultFailureHandler.takeScreenshot(DefaultFailureHandler.java:4)
12-02 18:53:21.718 28567 28612 W DefaultFailureHandler: 	at androidx.test.espresso.base.DefaultFailureHandler.handle(DefaultFailureHandler.java:3)
12-02 18:53:21.718 28567 28612 W DefaultFailureHandler: 	at androidx.test.espresso.ViewInteraction.waitForAndHandleInteractionResults(ViewInteraction.java:8)
12-02 18:53:21.718 28567 28612 W DefaultFailureHandler: 	at androidx.test.espresso.ViewInteraction.desugaredPerform(ViewInteraction.java:11)
12-02 18:53:21.718 28567 28612 W DefaultFailureHandler: 	at androidx.test.espresso.ViewInteraction.perform(ViewInteraction.java:8)
12-02 18:53:21.718 28567 28612 W DefaultFailureHandler: 	at ru.iteco.fmhandroid.ui.steps.ClaimsPageSteps.scrollToElementInRecyclerList(ClaimsPageSteps.java:128)
12-02 18:53:21.718 28567 28612 W DefaultFailureHandler: 	at ru.iteco.fmhandroid.ui.steps.ClaimsPageSteps.openClaimCard(ClaimsPageSteps.java:151)
12-02 18:53:21.718 28567 28612 W DefaultFailureHandler: 	at ru.iteco.fmhandroid.ui.ClaimEditTest.shouldNotChangeTheStatusOfTheClaimIfExecutorSmirnov(ClaimEditTest.java:180)
12-02 18:53:21.718 28567 28612 W DefaultFailureHandler: 	at java.lang.reflect.Method.invoke(Native Method)
12-02 18:53:21.718 28567 28612 W DefaultFailureHandler: 	at org.junit.runners.model.FrameworkMethod$1.runReflectiveCall(FrameworkMethod.java:59)
12-02 18:53:21.718 28567 28612 W DefaultFailureHandler: 	at org.junit.internal.runners.model.ReflectiveCallable.run(ReflectiveCallable.java:12)
12-02 18:53:21.718 28567 28612 W DefaultFailureHandler: 	at org.junit.runners.model.FrameworkMethod.invokeExplosively(FrameworkMethod.java:56)
12-02 18:53:21.718 28567 28612 W DefaultFailureHandler: 	at org.junit.internal.runners.statements.InvokeMethod.evaluate(InvokeMethod.java:17)
12-02 18:53:21.718 28567 28612 W DefaultFailureHandler: 	at androidx.test.internal.runner.junit4.statement.RunBefores.evaluate(RunBefores.java:80)
12-02 18:53:21.718 28567 28612 W DefaultFailureHandler: 	at androidx.test.rule.ActivityTestRule$ActivityStatement.evaluate(ActivityTestRule.java:543)
12-02 18:53:21.718 28567 28612 W DefaultFailureHandler: 	at io.qameta.allure.android.rules.LogcatRule$apply$1.evaluate(LogcatRule.kt:23)
12-02 18:53:21.718 28567 28612 W DefaultFailureHandler: 	at io.qameta.allure.android.rules.ScreenshotRule$apply$1.evaluate(ScreenshotRule.kt:22)
12-02 18:53:21.718 28567 28612 W DefaultFailureHandler: 	at io.qameta.allure.android.rules.ScreenshotRule$apply$1.evaluate(ScreenshotRule.kt:22)
12-02 18:53:21.718 28567 28612 W DefaultFailureHandler: 	at org.junit.rules.RunRules.evaluate(RunRules.java:20)
12-02 18:53:21.718 28567 28612 W DefaultFailureHandler: 	at org.junit.runners.ParentRunner$3.evaluate(ParentRunner.java:306)
12-02 18:53:21.718 28567 28612 W DefaultFailureHandler: 	at org.junit.runners.BlockJUnit4ClassRunner$1.evaluate(BlockJUnit4ClassRunner.java:100)
12-02 18:53:21.718 28567 28612 W DefaultFailureHandler: 	at org.junit.runners.ParentRunner.runLeaf(ParentRunner.java:366)
12-02 18:53:21.718 28567 28612 W DefaultFailureHandler: 	at org.junit.runners.BlockJUnit4ClassRunner.runChild(BlockJUnit4ClassRunner.java:103)
12-02 18:53:21.718 28567 28612 W DefaultFailureHandler: 	at org.junit.runners.BlockJUnit4ClassRunner.runChild(BlockJUnit4ClassRunner.java:63)
12-02 18:53:21.718 28567 28612 W DefaultFailureHandler: 	at org.junit.runners.ParentRunner$4.run(ParentRunner.java:331)
12-02 18:53:21.718 28567 28612 W DefaultFailureHandler: 	at org.junit.runners.ParentRunner$1.schedule(ParentRunner.java:79)
12-02 18:53:21.718 28567 28612 W DefaultFailureHandler: 	at org.junit.runners.ParentRunner.runChildren(ParentRunner.java:329)
12-02 18:53:21.718 28567 28612 W DefaultFailureHandler: 	at org.junit.runners.ParentRunner.access$100(ParentRunner.java:66)
12-02 18:53:21.718 28567 28612 W DefaultFailureHandler: 	at org.junit.runners.ParentRunner$2.evaluate(ParentRunner.java:293)
12-02 18:53:21.718 28567 28612 W DefaultFailureHandler: 	at org.junit.runners.ParentRunner$3.evaluate(ParentRunner.java:306)
12-02 18:53:21.718 28567 28612 W DefaultFailureHandler: 	at org.junit.runners.ParentRunner.run(ParentRunner.java:413)
12-02 18:53:21.718 28567 28612 W DefaultFailureHandler: 	at androidx.test.ext.junit.runners.AndroidJUnit4.run(AndroidJUnit4.java:162)
12-02 18:53:21.718 28567 28612 W DefaultFailureHandler: 	at io.qameta.allure.android.runners.AllureAndroidJUnit4.run(AllureAndroidJUnitRunners.kt:29)
12-02 18:53:21.718 28567 28612 W DefaultFailureHandler: 	at org.junit.runners.Suite.runChild(Suite.java:128)
12-02 18:53:21.718 28567 28612 W DefaultFailureHandler: 	at org.junit.runners.Suite.runChild(Suite.java:27)
12-02 18:53:21.718 28567 28612 W DefaultFailureHandler: 	at org.junit.runners.ParentRunner$4.run(ParentRunner.java:331)
12-02 18:53:21.718 28567 28612 W DefaultFailureHandler: 	at org.junit.runners.ParentRunner$1.schedule(ParentRunner.java:79)
12-02 18:53:21.718 28567 28612 W DefaultFailureHandler: 	at org.junit.runners.ParentRunner.runChildren(ParentRunner.java:329)
12-02 18:53:21.718 28567 28612 W DefaultFailureHandler: 	at org.junit.runners.ParentRunner.access$100(ParentRunner.java:66)
12-02 18:53:21.718 28567 28612 W DefaultFailureHandler: 	at org.junit.runners.ParentRunner$2.evaluate(ParentRunner.java:293)
12-02 18:53:21.718 28567 28612 W DefaultFailureHandler: 	at org.junit.runners.ParentRunner$3.evaluate(ParentRunner.java:306)
12-02 18:53:21.718 28567 28612 W DefaultFailureHandler: 	at org.junit.runners.ParentRunner.run(ParentRunner.java:413)
12-02 18:53:21.718 28567 28612 W DefaultFailureHandler: 	at org.junit.runner.JUnitCore.run(JUnitCore.java:137)
12-02 18:53:21.718 28567 28612 W DefaultFailureHandler: 	at org.junit.runner.JUnitCore.run(JUnitCore.java:115)
12-02 18:53:21.718 28567 28612 W DefaultFailureHandler: 	at androidx.test.internal.runner.TestExecutor.execute(TestExecutor.java:67)
12-02 18:53:21.718 28567 28612 W DefaultFailureHandler: 	at androidx.test.internal.runner.TestExecutor.execute(TestExecutor.java:58)
12-02 18:53:21.719 28567 28612 W DefaultFailureHandler: 	at androidx.test.runner.AndroidJUnitRunner.onStart(AndroidJUnitRunner.java:438)
12-02 18:53:21.719 28567 28612 W DefaultFailureHandler: 	at android.app.Instrumentation$InstrumentationThread.run(Instrumentation.java:2189)
12-02 18:53:21.719 28567 28612 W DefaultFailureHandler: Caused by: android.system.ErrnoException: open failed: EROFS (Read-only file system)
12-02 18:53:21.719 28567 28612 W DefaultFailureHandler: 	at libcore.io.Linux.open(Native Method)
12-02 18:53:21.719 28567 28612 W DefaultFailureHandler: 	at libcore.io.ForwardingOs.open(ForwardingOs.java:167)
12-02 18:53:21.719 28567 28612 W DefaultFailureHandler: 	at libcore.io.BlockGuardOs.open(BlockGuardOs.java:252)
12-02 18:53:21.719 28567 28612 W DefaultFailureHandler: 	at libcore.io.ForwardingOs.open(ForwardingOs.java:167)
12-02 18:53:21.719 28567 28612 W DefaultFailureHandler: 	at android.app.ActivityThread$AndroidOs.open(ActivityThread.java:7255)
12-02 18:53:21.719 28567 28612 W DefaultFailureHandler: 	at libcore.io.IoBridge.open(IoBridge.java:482)
12-02 18:53:21.719 28567 28612 W DefaultFailureHandler: 	... 52 more
12-02 18:53:21.724  2010  3304 W InputReader: Device has associated, but no associated display id.
12-02 18:53:21.725  2010  3304 I chatty  : uid=1000(system) Binder:2010_D identical 8 lines
12-02 18:53:21.725  2010  3304 W InputReader: Device has associated, but no associated display id.
12-02 18:53:21.732 28567 28567 D LifecycleMonitor: Lifecycle status change: ru.iteco.fmhandroid.ui.AppActivity@306856b in: PAUSED
12-02 18:53:21.735  2010  3292 W InputReader: Device has associated, but no associated display id.
12-02 18:53:21.737  2010  3292 I chatty  : uid=1000(system) Binder:2010_B identical 28 lines
12-02 18:53:21.737  2010  3292 W InputReader: Device has associated, but no associated display id.
12-02 18:53:21.747 28567 28607 V FA      : Recording user engagement, ms: 23525
12-02 18:53:21.778  2010  4313 D ConnectivityService: requestNetwork for uid/pid:10127/543 NetworkRequest [ TRACK_DEFAULT id=219, [ Capabilities: INTERNET&NOT_RESTRICTED&TRUSTED Uid: 10127] ]
12-02 18:53:21.779  2010  2126 D UntrustedWifiNetworkFactory: got request NetworkRequest [ TRACK_DEFAULT id=219, [ Capabilities: INTERNET&NOT_RESTRICTED&TRUSTED Uid: 10127] ] with score 50 and serial 2
12-02 18:53:21.779  2010  2126 D WifiNetworkFactory: got request NetworkRequest [ TRACK_DEFAULT id=219, [ Capabilities: INTERNET&NOT_RESTRICTED&TRUSTED Uid: 10127] ] with score 50 and serial 2
12-02 18:53:21.780  2352  2352 D PhoneSwitcherNetworkRequstListener: got request NetworkRequest [ TRACK_DEFAULT id=219, [ Capabilities: INTERNET&NOT_RESTRICTED&TRUSTED Uid: 10127] ] with score 50 and serial 2
12-02 18:53:21.829  1772  1875 D gralloc_ranchu: gralloc_alloc: Creating ashmem region of size 14749696
12-02 18:53:21.845   543   578 D EGL_emulation: eglMakeCurrent: 0xeec7f2e0: ver 2 0 (tinfo 0xe39facd0)
12-02 18:53:21.880  1772  1875 D gralloc_ranchu: gralloc_alloc: Creating ashmem region of size 14749696
12-02 18:53:21.889 28567 28607 V FA      : Connecting to remote service
