12-02 18:52:57.118 28567 28567 W System.err: 	at android.app.servertransaction.TransactionExecutor.execute(TransactionExecutor.java:97)
12-02 18:52:57.118 28567 28567 W System.err: 	at android.app.ActivityThread$H.handleMessage(ActivityThread.java:2016)
12-02 18:52:57.118 28567 28567 W System.err: 	at android.os.Handler.dispatchMessage(Handler.java:107)
12-02 18:52:57.118 28567 28567 W System.err: 	at android.os.Looper.loop(Looper.java:214)
12-02 18:52:57.118 28567 28567 W System.err: 	at android.app.ActivityThread.main(ActivityThread.java:7356)
12-02 18:52:57.118 28567 28567 W System.err: 	at java.lang.reflect.Method.invoke(Native Method)
12-02 18:52:57.118 28567 28567 W System.err: 	at com.android.internal.os.RuntimeInit$MethodAndArgsCaller.run(RuntimeInit.java:492)
12-02 18:52:57.118 28567 28567 W System.err: 	at com.android.internal.os.ZygoteInit.main(ZygoteInit.java:930)
12-02 18:52:57.123  2448  2466 I s.nexuslaunche: NativeAlloc concurrent copying GC freed 112(48KB) AllocSpace objects, 0(0B) LOS objects, 49% free, 2733KB/5466KB, paused 1.785ms total 102.698ms
12-02 18:52:57.125  2010  6726 D HostConnection: HostComposition ext ANDROID_EMU_CHECKSUM_HELPER_v1 ANDROID_EMU_dma_v1 ANDROID_EMU_direct_mem ANDROID_EMU_host_composition_v1 ANDROID_EMU_host_composition_v2 ANDROID_EMU_vulkan ANDROID_EMU_deferred_vulkan_commands ANDROID_EMU_vulkan_null_optional_strings ANDROID_EMU_vulkan_create_resources_with_requirements ANDROID_EMU_YUV_Cache ANDROID_EMU_vulkan_ignored_handles ANDROID_EMU_vulkan_free_memory_sync ANDROID_EMU_vulkan_shader_float16_int8 ANDROID_EMU_vulkan_async_queue_submit ANDROID_EMU_sync_buffer_data GL_OES_vertex_array_object GL_KHR_texture_compression_astc_ldr ANDROID_EMU_host_side_tracing ANDROID_EMU_gles_max_version_2 
12-02 18:52:57.125  2010  6726 W OpenGLRenderer: Failed to choose config with EGL_SWAP_BEHAVIOR_PRESERVED, retrying without...
12-02 18:52:57.137 28567 28567 D LifecycleMonitor: Lifecycle status change: ru.iteco.fmhandroid.ui.AppActivity@c2ac388 in: DESTROYED
12-02 18:52:57.155  1772  1875 D gralloc_ranchu: gralloc_alloc: Creating ashmem region of size 14749696
12-02 18:52:57.171  2169  2187 I ndroid.systemu: NativeAlloc concurrent copying GC freed 4601(327KB) AllocSpace objects, 0(0B) LOS objects, 49% free, 6011KB/11MB, paused 770us total 150.386ms
12-02 18:52:57.198  2010  6726 D EGL_emulation: eglCreateContext: 0xd856c500: maj 2 min 0 rcv 2
12-02 18:52:57.209   642   672 D EGL_emulation: eglMakeCurrent: 0xeec7e860: ver 2 0 (tinfo 0xeec89de0)
12-02 18:52:57.218  2010  6726 D EGL_emulation: eglMakeCurrent: 0xd856c500: ver 2 0 (tinfo 0xbf01f330)
12-02 18:52:57.230  1772  1875 D gralloc_ranchu: gralloc_alloc: Creating ashmem region of size 13778944
12-02 18:52:57.532 28567 28612 E TestRunner: failed: shouldChangeTheStatusOfTheClaimToOpen(ru.iteco.fmhandroid.ui.ClaimEditTest)
12-02 18:52:57.532 28567 28612 E TestRunner: ----- begin exception -----
12-02 18:52:57.535 28567 28612 E TestRunner: androidx.test.espresso.base.AssertionErrorHandler$AssertionFailedWithCauseError: 'an instance of android.widget.TextView and view.getText() with or without transformation to match: is "Open"' doesn't match the selected view.
12-02 18:52:57.535 28567 28612 E TestRunner: Expected: an instance of android.widget.TextView and view.getText() with or without transformation to match: is "Open"
12-02 18:52:57.535 28567 28612 E TestRunner:      Got: view.getText() was "In progress" transformed text was "In progress"
12-02 18:52:57.535 28567 28612 E TestRunner: View Details: MaterialTextView{id=2131231354, res-name=status_label_text_view, visibility=VISIBLE, width=278, height=76, has-focus=false, has-focusable=false, has-window-focus=true, is-clickable=false, is-enabled=true, is-focused=false, is-focusable=false, is-layout-requested=false, is-selected=false, layout-params=androidx.constraintlayout.widget.ConstraintLayout$LayoutParams@YYYYYY, tag=null, root-is-layout-requested=false, has-input-connection=false, x=539.0, y=476.0, text=In progress, input-type=0, ime-target=false, has-links=false}
12-02 18:52:57.535 28567 28612 E TestRunner: 
12-02 18:52:57.535 28567 28612 E TestRunner: 	at dalvik.system.VMStack.getThreadStackTrace(Native Method)
12-02 18:52:57.535 28567 28612 E TestRunner: 	at java.lang.Thread.getStackTrace(Thread.java:1720)
12-02 18:52:57.535 28567 28612 E TestRunner: 	at androidx.test.espresso.base.AssertionErrorHandler.handleSafely(AssertionErrorHandler.java:3)
12-02 18:52:57.535 28567 28612 E TestRunner: 	at androidx.test.espresso.base.AssertionErrorHandler.handleSafely(AssertionErrorHandler.java:1)
12-02 18:52:57.535 28567 28612 E TestRunner: 	at androidx.test.espresso.base.DefaultFailureHandler$TypedFailureHandler.handle(DefaultFailureHandler.java:4)
12-02 18:52:57.535 28567 28612 E TestRunner: 	at androidx.test.espresso.base.DefaultFailureHandler.handle(DefaultFailureHandler.java:5)
12-02 18:52:57.535 28567 28612 E TestRunner: 	at androidx.test.espresso.ViewInteraction.waitForAndHandleInteractionResults(ViewInteraction.java:5)
12-02 18:52:57.535 28567 28612 E TestRunner: 	at androidx.test.espresso.ViewInteraction.check(ViewInteraction.java:12)
12-02 18:52:57.535 28567 28612 E TestRunner: 	at ru.iteco.fmhandroid.ui.ClaimEditTest.shouldChangeTheStatusOfTheClaimToOpen(ClaimEditTest.java:136)
12-02 18:52:57.535 28567 28612 E TestRunner: 	at java.lang.reflect.Method.invoke(Native Method)
12-02 18:52:57.535 28567 28612 E TestRunner: 	at org.junit.runners.model.FrameworkMethod$1.runReflectiveCall(FrameworkMethod.java:59)
12-02 18:52:57.535 28567 28612 E TestRunner: 	at org.junit.internal.runners.model.ReflectiveCallable.run(ReflectiveCallable.java:12)
12-02 18:52:57.535 28567 28612 E TestRunner: 	at org.junit.runners.model.FrameworkMethod.invokeExplosively(FrameworkMethod.java:56)
12-02 18:52:57.535 28567 28612 E TestRunner: 	at org.junit.internal.runners.statements.InvokeMethod.evaluate(InvokeMethod.java:17)
12-02 18:52:57.535 28567 28612 E TestRunner: 	at androidx.test.internal.runner.junit4.statement.RunBefores.evaluate(RunBefores.java:80)
12-02 18:52:57.535 28567 28612 E TestRunner: 	at androidx.test.rule.ActivityTestRule$ActivityStatement.evaluate(ActivityTestRule.java:543)
12-02 18:52:57.535 28567 28612 E TestRunner: 	at io.qameta.allure.android.rules.LogcatRule$apply$1.evaluate(LogcatRule.kt:23)
12-02 18:52:57.535 28567 28612 E TestRunner: 	at io.qameta.allure.android.rules.ScreenshotRule$apply$1.evaluate(ScreenshotRule.kt:22)
12-02 18:52:57.535 28567 28612 E TestRunner: 	at io.qameta.allure.android.rules.ScreenshotRule$apply$1.evaluate(ScreenshotRule.kt:22)
12-02 18:52:57.535 28567 28612 E TestRunner: 	at org.junit.rules.RunRules.evaluate(RunRules.java:20)
12-02 18:52:57.535 28567 28612 E TestRunner: 	at org.junit.runners.ParentRunner$3.evaluate(ParentRunner.java:306)
12-02 18:52:57.535 28567 28612 E TestRunner: 	at org.junit.runners.BlockJUnit4ClassRunner$1.evaluate(BlockJUnit4ClassRunner.java:100)
12-02 18:52:57.535 28567 28612 E TestRunner: 	at org.junit.runners.ParentRunner.runLeaf(ParentRunner.java:366)
12-02 18:52:57.535 28567 28612 E TestRunner: 	at org.junit.runners.BlockJUnit4ClassRunner.runChild(BlockJUnit4ClassRunner.java:103)
12-02 18:52:57.535 28567 28612 E TestRunner: 	at org.junit.runners.BlockJUnit4ClassRunner.runChild(BlockJUnit4ClassRunner.java:63)
12-02 18:52:57.535 28567 28612 E TestRunner: 	at org.junit.runners.ParentRunner$4.run(ParentRunner.java:331)
12-02 18:52:57.535 28567 28612 E TestRunner: 	at org.junit.runners.ParentRunner$1.schedule(ParentRunner.java:79)
12-02 18:52:57.535 28567 28612 E TestRunner: 	at org.junit.runners.ParentRunner.runChildren(ParentRunner.java:329)
12-02 18:52:57.535 28567 28612 E TestRunner: 	at org.junit.runners.ParentRunner.access$100(ParentRunner.java:66)
12-02 18:52:57.535 28567 28612 E TestRunner: 	at org.junit.runners.ParentRunner$2.evaluate(ParentRunner.java:293)
12-02 18:52:57.535 28567 28612 E TestRunner: 	at org.junit.runners.ParentRunner$3.evaluate(ParentRunner.java:306)
12-02 18:52:57.535 28567 28612 E TestRunner: 	at org.junit.runners.ParentRunner.run(ParentRunner.java:413)
12-02 18:52:57.535 28567 28612 E TestRunner: 	at androidx.test.ext.junit.runners.AndroidJUnit4.run(AndroidJUnit4.java:162)
12-02 18:52:57.535 28567 28612 E TestRunner: 	at io.qameta.allure.android.runners.AllureAndroidJUnit4.run(AllureAndroidJUnitRunners.kt:29)
12-02 18:52:57.535 28567 28612 E TestRunner: 	at org.junit.runners.Suite.runChild(Suite.java:128)
12-02 18:52:57.535 28567 28612 E TestRunner: 	at org.junit.runners.Suite.runChild(Suite.java:27)
12-02 18:52:57.535 28567 28612 E TestRunner: 	at org.junit.runners.ParentRunner$4.run(ParentRunner.java:331)
12-02 18:52:57.535 28567 28612 E TestRunner: 	at org.junit.runners.ParentRunner$1.schedule(ParentRunner.java:79)
12-02 18:52:57.535 28567 28612 E TestRunner: 	at org.junit.runners.ParentRunner.runChildren(ParentRunner.java:329)
12-02 18:52:57.535 28567 28612 E TestRunner: 	at org.junit.runners.ParentRunner.access$100(ParentR
12-02 18:52:57.535 28567 28612 E TestRunner: ----- end exception -----
12-02 18:52:57.547 28567 28612 I TestRunner: finished: shouldChangeTheStatusOfTheClaimToOpen(ru.iteco.fmhandroid.ui.ClaimEditTest)
12-02 18:52:57.677 28567 28612 I TestRunner: started: shouldNotChangeTheStatusOfTheClaimIfExecutorSmirnov(ru.iteco.fmhandroid.ui.ClaimEditTest)
12-02 18:52:57.705 28567 28612 W ActivityTestRule: getActivityIntent() returned null using default: Intent(Intent.ACTION_MAIN)
12-02 18:52:57.712  2010  3304 I ActivityTaskManager: START u0 {act=android.intent.action.MAIN flg=0x10000000 cmp=ru.iteco.fmhandroid/.ui.AppActivity} from uid 10159
12-02 18:52:57.742  2010  2037 E system_server: Invalid ID 0x00000000.
12-02 18:52:57.788  1772  1875 D gralloc_ranchu: gralloc_alloc: Creating ashmem region of size 14749696
12-02 18:52:57.846  2010  2132 D ConnectivityService: releasing NetworkRequest [ TRACK_DEFAULT id=217, [ Capabilities: INTERNET&NOT_RESTRICTED&TRUSTED Uid: 10127] ] (release request)
12-02 18:52:57.855  2010  9089 W InputReader: Device has associated, but no associated display id.
12-02 18:52:57.861  2010  9089 I chatty  : uid=1000(system) Binder:2010_1A identical 38 lines
12-02 18:52:57.861  2010  9089 W InputReader: Device has associated, but no associated display id.
12-02 18:52:57.866 28567 28567 W ActivityThread: handleWindowVisibility: no activity for token android.os.BinderProxy@8f3034f
12-02 18:52:57.869  2010  9089 W InputReader: Device has associated, but no associated display id.
12-02 18:52:57.869  2010  9089 I chatty  : uid=1000(system) Binder:2010_1A identical 8 lines
12-02 18:52:57.869  2010  9089 W InputReader: Device has associated, but no associated display id.
12-02 18:52:57.876   642   672 D EGL_emulation: eglMakeCurrent: 0xeec7fbe0: ver 2 0 (tinfo 0xeec89de0)
12-02 18:52:57.902  2010  2037 W InputReader: Device has associated, but no associated display id.
12-02 18:52:57.920  2010  2037 I chatty  : uid=1000(system) android.anim identical 18 lines
12-02 18:52:57.921  2010  2037 W InputReader: Device has associated, but no associated display id.
12-02 18:52:57.928  1772  1875 D gralloc_ranchu: gralloc_alloc: Creating ashmem region of size 9441280
12-02 18:52:57.959  2169  2501 D EGL_emulation: eglMakeCurrent: 0xdb91a600: ver 2 0 (tinfo 0xdb90f8d0)
12-02 18:52:57.965 28567 28567 D LifecycleMonitor: Lifecycle status change: ru.iteco.fmhandroid.ui.AppActivity@306856b in: PRE_ON_CREATE
12-02 18:52:57.979  1772  1875 D gralloc_ranchu: gralloc_alloc: Creating ashmem region of size 14749696
12-02 18:52:57.982 28567 28601 V FA      : onActivityCreated
12-02 18:52:58.052  2169  2501 D EGL_emulation: eglMakeCurrent: 0xdb91a600: ver 2 0 (tinfo 0xdb90f8d0)
12-02 18:52:58.074 28567 28567 D LifecycleMonitor: Lifecycle status change: ru.iteco.fmhandroid.ui.AppActivity@306856b in: CREATED
12-02 18:52:58.113  2010  2025 I system_server: NativeAlloc concurrent copying GC freed 28895(1371KB) AllocSpace objects, 6(248KB) LOS objects, 22% free, 20MB/26MB, paused 2.798ms total 730.847ms
12-02 18:52:58.163   642   672 D EGL_emulation: eglMakeCurrent: 0xeec7e860: ver 2 0 (tinfo 0xeec89de0)
12-02 18:52:58.172   642   672 D EGL_emulation: eglMakeCurrent: 0xeec7fbe0: ver 2 0 (tinfo 0xeec89de0)
12-02 18:52:58.180   642   672 D EGL_emulation: eglMakeCurrent: 0xeec7e860: ver 2 0 (tinfo 0xeec89de0)
12-02 18:52:58.195   642   672 D EGL_emulation: eglMakeCurrent: 0xeec7fbe0: ver 2 0 (tinfo 0xeec89de0)
12-02 18:52:58.204 28567 28567 D LifecycleMonitor: Lifecycle status change: ru.iteco.fmhandroid.ui.AppActivity@306856b in: STARTED
12-02 18:52:58.206   642   672 D EGL_emulation: eglMakeCurrent: 0xeec7e860: ver 2 0 (tinfo 0xeec89de0)
12-02 18:52:58.207 28567 28567 D LifecycleMonitor: Lifecycle status change: ru.iteco.fmhandroid.ui.AppActivity@306856b in: RESUMED
12-02 18:52:58.210 28567 28607 V FA      : Activity resumed, time: 88814613
12-02 18:52:58.222  2448  2466 I s.nexuslaunche: NativeAlloc concurrent copying GC freed 129(48KB) AllocSpace objects, 0(0B) LOS objects, 49% free, 2733KB/5466KB, paused 18.046ms total 168.630ms
12-02 18:52:58.249  2169  2187 I ndroid.systemu: NativeAlloc concurrent copying GC freed 841(147KB) AllocSpace objects, 0(0B) LOS objects, 49% free, 5994KB/11MB, paused 1.366ms total 176.454ms
12-02 18:52:58.270   642   672 D EGL_emulation: eglMakeCurrent: 0xeec7fbe0: ver 2 0 (tinfo 0xeec89de0)
12-02 18:52:58.291  1772  1875 D gralloc_ranchu: gralloc_alloc: Creating ashmem region of size 14749696
12-02 18:52:58.321   642   672 D EGL_emulation: eglMakeCurrent: 0xdb91b7a0: ver 2 0 (tinfo 0xeec89de0)
12-02 18:52:58.326   642   672 D EGL_emulation: eglMakeCurrent: 0xeec7fbe0: ver 2 0 (tinfo 0xeec89de0)
12-02 18:52:58.335  1772  1875 D gralloc_ranchu: gralloc_alloc: Creating ashmem region of size 14749696
12-02 18:52:58.338  1772  1875 D gralloc_ranchu: gralloc_alloc: Creating ashmem region of size 14749696
12-02 18:52:58.353 28567 28625 D EGL_emulation: eglMakeCurrent: 0xdb91b8c0: ver 2 0 (tinfo 0xc09d6ab0)
12-02 18:52:58.353   642   672 D EGL_emulation: eglMakeCurrent: 0xdb91b7a0: ver 2 0 (tinfo 0xeec89de0)
12-02 18:52:58.442   543   578 D EGL_emulation: eglMakeCurrent: 0xeec7f2e0: ver 2 0 (tinfo 0xe39facd0)
12-02 18:52:58.514  2169  2501 D EGL_emulation: eglMakeCurrent: 0xdb91a600: ver 2 0 (tinfo 0xdb90f8d0)
12-02 18:52:58.568 28567 28580 I teco.fmhandroi: NativeAlloc concurrent copying GC freed 95458(6534KB) AllocSpace objects, 25(2280KB) LOS objects, 40% free, 8980KB/14MB, paused 1.603ms total 400.883ms
12-02 18:52:58.577  2010  2041 I ActivityTaskManager: Displayed ru.iteco.fmhandroid/.ui.AppActivity: +820ms
12-02 18:52:58.721  2881 28615 V FA-SVC  : Logging event: origin=auto,name=screen_view(_vs),params=Bundle[{ga_event_origin(_o)=auto, ga_previous_class(_pc)=AppActivity, ga_previous_id(_pi)=7972326853347590807, ga_screen_class(_sc)=AppActivity, ga_screen_id(_si)=7972326853347590808}]
12-02 18:52:58.744  1772  1875 D gralloc_ranchu: gralloc_alloc: Creating ashmem region of size 14749696
12-02 18:52:58.756  2881 28615 V FA-SVC  : Upload scheduled in approximately ms: 1543556
12-02 18:52:58.756  2881 28615 V FA-SVC  : Unscheduling upload
12-02 18:52:58.761  2881 28615 V FA-SVC  : Scheduling upload, millis: 1543556
12-02 18:52:58.769  2881 28615 V FA-SVC  : Background event processing time, ms: 49
12-02 18:52:58.770   543   595 I cr_BindingManager: onTrimMemory: level=20, size=1
12-02 18:52:58.790  2584 27520 E SQLiteDatabase: Error inserting flex_time=1543000 job_id=-1 period=3088000 source=16 requires_charging=0 preferred_network_type=1 target_class=com.google.android.gms.measurement.PackageMeasurementTaskService user_id=0 target_package=com.google.android.gms tag=Measurement.PackageMeasurementTaskService.UPLOAD_TASK_TAG task_type=0 required_idleness_state=0 service_kind=0 source_version=202414000 persistence_level=1 preferred_charging_state=1 required_network_type=0 runtime=1669996378786 retry_strategy={"maximum_backoff_seconds":{"3600":0},"initial_backoff_seconds":{"30":0},"retry_policy":{"0":0}} last_runtime=0
12-02 18:52:58.790  2584 27520 E SQLiteDatabase: android.database.sqlite.SQLiteConstraintException: UNIQUE constraint failed: pending_ops.tag, pending_ops.target_class, pending_ops.target_package, pending_ops.user_id (code 2067 SQLITE_CONSTRAINT_UNIQUE)
12-02 18:52:58.790  2584 27520 E SQLiteDatabase: 	at android.database.sqlite.SQLiteConnection.nativeExecuteForLastInsertedRowId(Native Method)
12-02 18:52:58.790  2584 27520 E SQLiteDatabase: 	at android.database.sqlite.SQLiteConnection.executeForLastInsertedRowId(SQLiteConnection.java:879)
12-02 18:52:58.790  2584 27520 E SQLiteDatabase: 	at android.database.sqlite.SQLiteSession.executeForLastInsertedRowId(SQLiteSession.java:790)
12-02 18:52:58.790  2584 27520 E SQLiteDatabase: 	at android.database.sqlite.SQLiteStatement.executeInsert(SQLiteStatement.java:88)
12-02 18:52:58.790  2584 27520 E SQLiteDatabase: 	at android.database.sqlite.SQLiteDatabase.insertWithOnConflict(SQLiteDatabase.java:1599)
12-02 18:52:58.790  2584 27520 E SQLiteDatabase: 	at android.database.sqlite.SQLiteDatabase.insert(SQLiteDatabase.java:1468)
12-02 18:52:58.790  2584 27520 E SQLiteDatabase: 	at aqui.a(:com.google.android.gms@202414022@20.24.14 (040700-319035315):175)
12-02 18:52:58.790  2584 27520 E SQLiteDatabase: 	at aqtk.a(:com.google.android.gms@202414022@20.24.14 (040700-319035315):182)
12-02 18:52:58.790  2584 27520 E SQLiteDatabase: 	at aqtk.a(:com.google.android.gms@202414022@20.24.14 (040700-319035315):23)
12-02 18:52:58.790  2584 27520 E SQLiteDatabase: 	at aqtk.a(:com.google.android.gms@202414022@20.24.14 (040700-319035315):177)
12-02 18:52:58.790  2584 27520 E SQLiteDatabase: 	at aqpu.run(:com.google.android.gms@202414022@20.24.14 (040700-319035315):9)
12-02 18:52:58.790  2584 27520 E SQLiteDatabase: 	at soy.b(:com.google.android.gms@202414022@20.24.14 (040700-319035315):12)
12-02 18:52:58.790  2584 27520 E SQLiteDatabase: 	at soy.run(:com.google.android.gms@202414022@20.24.14 (040700-319035315):7)
12-02 18:52:58.790  2584 27520 E SQLiteDatabase: 	at java.util.concurrent.ThreadPoolExecutor.runWorker(ThreadPoolExecutor.java:1167)
12-02 18:52:58.790  2584 27520 E SQLiteDatabase: 	at java.util.concurrent.ThreadPoolExecutor$Worker.run(ThreadPoolExecutor.java:641)
12-02 18:52:58.790  2584 27520 E SQLiteDatabase: 	at sux.run(:com.google.android.gms@202414022@20.24.14 (040700-319035315):0)
12-02 18:52:58.790  2584 27520 E SQLiteDatabase: 	at java.lang.Thread.run(Thread.java:919)
12-02 18:52:58.984  1750  1750 W audio_hw_generic: Not supplying enough data to HAL, expected position 388545813 , only wrote 388350720
12-02 18:52:59.166 28567 28567 I ViewInteraction: Performing 'wait for a specific view with <(an instance of android.widget.TextView and view.getText() with or without transformation to match: is "Authorization" and view.getParent() view.getParent() view.getId() is <2131231186>)> during 10000 millis.' action on view view.getRootView() to equal view
12-02 18:53:00.042  2169  2169 D KeyguardClockSwitch: Updating clock: 653
12-02 18:53:01.206 28567 28638 I okhttp.OkHttpClient: --> GET http://www.981757-ca08998.tmweb.ru:8080/fmh/authentication/userInfo
12-02 18:53:01.206 28567 28638 I okhttp.OkHttpClient: --> END GET
12-02 18:53:01.357 28567 28638 I okhttp.OkHttpClient: <-- 200 http://www.981757-ca08998.tmweb.ru:8080/fmh/authentication/userInfo (151ms)
12-02 18:53:01.357 28567 28638 I okhttp.OkHttpClient: Vary: Origin
12-02 18:53:01.357 28567 28638 I okhttp.OkHttpClient: Vary: Access-Control-Request-Method
12-02 18:53:01.358 28567 28638 I okhttp.OkHttpClient: Vary: Access-Control-Request-Headers
12-02 18:53:01.358 28567 28638 I okhttp.OkHttpClient: X-Content-Type-Options: nosniff
12-02 18:53:01.358 28567 28638 I okhttp.OkHttpClient: X-XSS-Protection: 1; mode=block
12-02 18:53:01.358 28567 28638 I okhttp.OkHttpClient: Cache-Control: no-cache, no-store, max-age=0, must-revalidate
12-02 18:53:01.358 28567 28638 I okhttp.OkHttpClient: Pragma: no-cache
12-02 18:53:01.358 28567 28638 I okhttp.OkHttpClient: Expires: 0
12-02 18:53:01.358 28567 28638 I okhttp.OkHttpClient: X-Frame-Options: DENY
12-02 18:53:01.358 28567 28638 I okhttp.OkHttpClient: Content-Type: application/json
12-02 18:53:01.358 28567 28638 I okhttp.OkHttpClient: Transfer-Encoding: chunked
12-02 18:53:01.358 28567 28638 I okhttp.OkHttpClient: Date: Fri, 02 Dec 2022 15:53:02 GMT
12-02 18:53:01.358 28567 28638 I okhttp.OkHttpClient: Keep-Alive: timeout=60
12-02 18:53:01.359 28567 28638 I okhttp.OkHttpClient: Connection: keep-alive
12-02 18:53:01.359 28567 28638 I okhttp.OkHttpClient: {"id":2,"firstName":"Данил","lastName":"Иванов","middleName":"Данилович","admin":true}
12-02 18:53:01.359 28567 28638 I okhttp.OkHttpClient: <-- END HTTP (106-byte body)
12-02 18:53:01.370 28567 28659 I okhttp.OkHttpClient: --> GET http://www.981757-ca08998.tmweb.ru:8080/fmh/claims
12-02 18:53:01.370 28567 28659 I okhttp.OkHttpClient: --> END GET
12-02 18:53:02.447 28567 28567 I Choreographer: Skipped 64 frames!  The application may be doing too much work on its main thread.
12-02 18:53:02.713 28567 28625 I OpenGLRenderer: Davey! duration=1341ms; Flags=1, IntendedVsync=88817778301831, Vsync=88818844968455, OldestInputEvent=9223372036854775807, NewestInputEvent=0, HandleInputStart=88818853839980, AnimationStart=88818853954880, PerformTraversalsStart=88818854709380, DrawStart=88818895928580, SyncQueued=88818904039980, SyncStart=88818904571180, IssueDrawCommandsStart=88818904763680, SwapBuffers=88819110374780, FrameCompleted=88819119886780, DequeueBufferDuration=74000, QueueBufferDuration=315000, 
12-02 18:53:03.525 28567 28659 I okhttp.OkHttpClient: <-- 200 http://www.981757-ca08998.tmweb.ru:8080/fmh/claims (2154ms)
12-02 18:53:03.525 28567 28659 I okhttp.OkHttpClient: Vary: Origin
12-02 18:53:03.525 28567 28659 I okhttp.OkHttpClient: Vary: Access-Control-Request-Method
12-02 18:53:03.525 28567 28659 I okhttp.OkHttpClient: Vary: Access-Control-Request-Headers
12-02 18:53:03.525 28567 28659 I okhttp.OkHttpClient: X-Content-Type-Options: nosniff
12-02 18:53:03.525 28567 28659 I okhttp.OkHttpClient: X-XSS-Protection: 1; mode=block
12-02 18:53:03.525 28567 28659 I okhttp.OkHttpClient: Cache-Control: no-cache, no-store, max-age=0, must-revalidate
12-02 18:53:03.525 28567 28659 I okhttp.OkHttpClient: Pragma: no-cache
12-02 18:53:03.525 28567 28659 I okhttp.OkHttpClient: Expires: 0
12-02 18:53:03.525 28567 28659 I okhttp.OkHttpClient: X-Frame-Options: DENY
12-02 18:53:03.525 28567 28659 I okhttp.OkHttpClient: Content-Type: application/json
12-02 18:53:03.525 28567 28659 I okhttp.OkHttpClient: Transfer-Encoding: chunked
12-02 18:53:03.526 28567 28659 I okhttp.OkHttpClient: Date: Fri, 02 Dec 2022 15:53:05 GMT
12-02 18:53:03.526 28567 28659 I okhttp.OkHttpClient: Keep-Alive: timeout=60
12-02 18:53:03.526 28567 28659 I okhttp.OkHttpClient: Connection: keep-alive
12-02 18:53:03.724 28567 28607 V FA      : Inactivity, disconnecting from the service
12-02 18:53:05.514  1881  1881 E netmgr  : Failed to open QEMU pipe 'qemud:network': Invalid argument
12-02 18:53:08.739   543   595 I cr_BindingManager: Release moderate connections: 1
12-02 18:53:09.200 28567 28567 D takeScreenshot: Found 1 global views to redraw
12-02 18:53:09.247  1772  1875 D gralloc_ranchu: gralloc_alloc: Creating ashmem region of size 14749696
12-02 18:53:09.317 28567 28612 W DefaultFailureHandler: Failed to take screenshot
12-02 18:53:09.317 28567 28612 W DefaultFailureHandler: java.io.FileNotFoundException: view-op-error-14.png: open failed: EROFS (Read-only file system)
12-02 18:53:09.317 28567 28612 W DefaultFailureHandler: 	at libcore.io.IoBridge.open(IoBridge.java:496)
12-02 18:53:09.317 28567 28612 W DefaultFailureHandler: 	at java.io.FileOutputStream.<init>(FileOutputStream.java:235)
12-02 18:53:09.317 28567 28612 W DefaultFailureHandler: 	at java.io.FileOutputStream.<init>(FileOutputStream.java:125)
12-02 18:53:09.317 28567 28612 W DefaultFailureHandler: 	at androidx.test.platform.io.FileTestStorage.openOutputFile(FileTestStorage.java:60)
12-02 18:53:09.317 28567 28612 W DefaultFailureHandler: 	at androidx.test.core.graphics.BitmapStorage.writeToTestStorage(BitmapStorageExt.kt:49)
12-02 18:53:09.317 28567 28612 W DefaultFailureHandler: 	at androidx.test.espresso.base.DefaultFailureHandler.takeScreenshot(DefaultFailureHandler.java:4)
12-02 18:53:09.317 28567 28612 W DefaultFailureHandler: 	at androidx.test.espresso.base.DefaultFailureHandler.handle(DefaultFailureHandler.java:3)
12-02 18:53:09.317 28567 28612 W DefaultFailureHandler: 	at androidx.test.espresso.ViewInteraction.waitForAndHandleInteractionResults(ViewInteraction.java:8)
12-02 18:53:09.317 28567 28612 W DefaultFailureHandler: 	at androidx.test.espresso.ViewInteraction.desugaredPerform(ViewInteraction.java:11)
12-02 18:53:09.317 28567 28612 W DefaultFailureHandler: 	at androidx.test.espresso.ViewInteraction.perform(ViewInteraction.java:8)
12-02 18:53:09.317 28567 28612 W DefaultFailureHandler: 	at ru.iteco.fmhandroid.ui.data.TestUtils.waitView(TestUtils.java:61)
12-02 18:53:09.317 28567 28612 W DefaultFailureHandler: 	at ru.iteco.fmhandroid.ui.steps.AuthSteps.isAuthScreen(AuthSteps.java:56)
12-02 18:53:09.317 28567 28612 W DefaultFailureHandler: 	at ru.iteco.fmhandroid.ui.ClaimEditTest.logoutCheck(ClaimEditTest.java:51)
12-02 18:53:09.317 28567 28612 W DefaultFailureHandler: 	at java.lang.reflect.Method.invoke(Native Method)
12-02 18:53:09.317 28567 28612 W DefaultFailureHandler: 	at org.junit.runners.model.FrameworkMethod$1.runReflectiveCall(FrameworkMethod.java:59)
12-02 18:53:09.317 28567 28612 W DefaultFailureHandler: 	at org.junit.internal.runners.model.ReflectiveCallable.run(ReflectiveCallable.java:12)
12-02 18:53:09.317 28567 28612 W DefaultFailureHandler: 	at org.junit.runners.model.FrameworkMethod.invokeExplosively(FrameworkMethod.java:56)
12-02 18:53:09.317 28567 28612 W DefaultFailureHandler: 	at androidx.test.internal.runner.junit4.statement.RunBefores.evaluate(RunBefores.java:76)
12-02 18:53:09.317 28567 28612 W DefaultFailureHandler: 	at androidx.test.rule.ActivityTestRule$ActivityStatement.evaluate(ActivityTestRule.java:543)
12-02 18:53:09.317 28567 28612 W DefaultFailureHandler: 	at io.qameta.allure.android.rules.LogcatRule$apply$1.evaluate(LogcatRule.kt:23)
12-02 18:53:09.317 28567 28612 W DefaultFailureHandler: 	at io.qameta.allure.android.rules.ScreenshotRule$apply$1.evaluate(ScreenshotRule.kt:22)
12-02 18:53:09.317 28567 28612 W DefaultFailureHandler: 	at io.qameta.allure.android.rules.ScreenshotRule$apply$1.evaluate(ScreenshotRule.kt:22)
12-02 18:53:09.317 28567 28612 W DefaultFailureHandler: 	at org.junit.rules.RunRules.evaluate(RunRules.java:20)
12-02 18:53:09.317 28567 28612 W DefaultFailureHandler: 	at org.junit.runners.ParentRunner$3.evaluate(ParentRunner.java:306)
12-02 18:53:09.317 28567 28612 W DefaultFailureHandler: 	at org.junit.runners.BlockJUnit4ClassRunner$1.evaluate(BlockJUnit4ClassRunner.java:100)
12-02 18:53:09.317 28567 28612 W DefaultFailureHandler: 	at org.junit.runners.ParentRunner.runLeaf(ParentRunner.java:366)
12-02 18:53:09.317 28567 28612 W DefaultFailureHandler: 	at org.junit.runners.BlockJUnit4ClassRunner.runChild(BlockJUnit4ClassRunner.java:103)
12-02 18:53:09.317 28567 28612 W DefaultFailureHandler: 	at org.junit.runners.BlockJUnit4ClassRunner.runChild(BlockJUnit4ClassRunner.java:63)
12-02 18:53:09.317 28567 28612 W DefaultFailureHandler: 	at org.junit.runners.ParentRunner$4.run(ParentRunner.java:331)
12-02 18:53:09.317 28567 28612 W DefaultFailureHandler: 	at org.junit.runners.ParentRunner$1.schedule(ParentRunner.java:79)
12-02 18:53:09.317 28567 28612 W DefaultFailureHandler: 	at org.junit.runners.ParentRunner.runChildren(ParentRunner.java:329)
12-02 18:53:09.317 28567 28612 W DefaultFailureHandler: 	at org.junit.runners.ParentRunner.access$100(ParentRunner.java:66)
12-02 18:53:09.317 28567 28612 W DefaultFailureHandler: 	at org.junit.runners.ParentRunner$2.evaluate(ParentRunner.java:293)
12-02 18:53:09.317 28567 28612 W DefaultFailureHandler: 	at org.junit.runners.ParentRunner$3.evaluate(ParentRunner.java:306)
12-02 18:53:09.317 28567 28612 W DefaultFailureHandler: 	at org.junit.runners.ParentRunner.run(ParentRunner.java:413)
12-02 18:53:09.317 28567 28612 W DefaultFailureHandler: 	at androidx.test.ext.junit.runners.AndroidJUnit4.run(AndroidJUnit4.java:162)
12-02 18:53:09.317 28567 28612 W DefaultFailureHandler: 	at io.qameta.allure.android.runners.AllureAndroidJUnit4.run(AllureAndroidJUnitRunners.kt:29)
12-02 18:53:09.317 28567 28612 W DefaultFailureHandler: 	at org.junit.runners.Suite.runChild(Suite.java:128)
12-02 18:53:09.317 28567 28612 W DefaultFailureHandler: 	at org.junit.runners.Suite.runChild(Suite.java:27)
12-02 18:53:09.317 28567 28612 W DefaultFailureHandler: 	at org.junit.runners.ParentRunner$4.run(ParentRunner.java:331)
12-02 18:53:09.317 28567 28612 W DefaultFailureHandler: 	at org.junit.runners.ParentRunner$1.schedule(ParentRunner.java:79)
12-02 18:53:09.317 28567 28612 W DefaultFailureHandler: 	at org.junit.runners.ParentRunner.runChildren(ParentRunner.java:329)
12-02 18:53:09.317 28567 28612 W DefaultFailureHandler: 	at org.junit.runners.ParentRunner.access$100(ParentRunner.java:66)
12-02 18:53:09.317 28567 28612 W DefaultFailureHandler: 	at org.junit.runners.ParentRunner$2.evaluate(ParentRunner.java:293)
12-02 18:53:09.317 28567 28612 W DefaultFailureHandler: 	at org.junit.runners.ParentRunner$3.evaluate(ParentRunner.java:306)
12-02 18:53:09.317 28567 28612 W DefaultFailureHandler: 	at org.junit.runners.ParentRunner.run(ParentRunner.java:413)
12-02 18:53:09.317 28567 28612 W DefaultFailureHandler: 	at org.junit.runner.JUnitCore.run(JUnitCore.java:137)
12-02 18:53:09.317 28567 28612 W DefaultFailureHandler: 	at org.junit.runner.JUnitCore.run(JUnitCore.java:115)
12-02 18:53:09.317 28567 28612 W DefaultFailureHandler: 	at androidx.test.internal.runner.TestExecutor.execute(TestExecutor.java:67)
12-02 18:53:09.317 28567 28612 W DefaultFailureHandler: 	at androidx.test.internal.runner.TestExecutor.execute(TestExecutor.java:58)
12-02 18:53:09.317 28567 28612 W DefaultFailureHandler: 	at androidx.test.runner.AndroidJUnitRunner.onStart(AndroidJUnitRunner.java:438)
12-02 18:53:09.317 28567 28612 W DefaultFailureHandler: 	at android.app.Instrumentation$InstrumentationThread.run(Instrumentation.java:2189)
12-02 18:53:09.317 28567 28612 W DefaultFailureHandler: Caused by: android.system.ErrnoException: open failed: EROFS (Read-only file system)
12-02 18:53:09.317 28567 28612 W DefaultFailureHandler: 	at libcore.io.Linux.open(Native Method)
12-02 18:53:09.317 28567 28612 W DefaultFailureHandler: 	at libcore.io.ForwardingOs.open(ForwardingOs.java:167)
12-02 18:53:09.317 28567 28612 W DefaultFailureHandler: 	at libcore.io.BlockGuardOs.open(BlockGuardOs.java:252)
12-02 18:53:09.317 28567 28612 W DefaultFailureHandler: 	at libcore.io.ForwardingOs.open(ForwardingOs.java:167)
12-02 18:53:09.317 28567 28612 W DefaultFailureHandler: 	at android.app.ActivityThread$AndroidOs.open(ActivityThread.java:7255)
12-02 18:53:09.317 28567 28612 W DefaultFailureHandler: 	at libcore.io.IoBridge.open(IoBridge.java:482)
12-02 18:53:09.317 28567 28612 W DefaultFailureHandler: 	... 51 more
12-02 18:53:09.326 28567 28567 I ViewInteraction: Performing 'wait for a specific view with <view.getId() is <2131230870/ru.iteco.fmhandroid:id/authorization_image_button>> during 10000 millis.' action on view view.getRootView() to equal view
12-02 18:53:09.327 28567 28597 I teco.fmhandroi: Waiting for a blocking GC ProfileSaver
12-02 18:53:09.330 28567 28567 I ViewInteraction: Checking 'MatchesViewAssertion{viewMatcher=(view has effective visibility <VISIBLE> and view.getGlobalVisibleRect() to return non-empty rectangle)}' assertion on view view.getId() is <2131230870/ru.iteco.fmhandroid:id/authorization_image_button>
12-02 18:53:09.334 28567 28567 I ViewInteraction: Performing 'single click' action on view view.getId() is <2131230870/ru.iteco.fmhandroid:id/authorization_image_button>
12-02 18:53:09.395  1750  3111 W audio_hw_generic: Not supplying enough data to HAL, expected position 388350774 , only wrote 388350720
12-02 18:53:09.414 28567 28580 I teco.fmhandroi: NativeAlloc concurrent copying GC freed 42597(1874KB) AllocSpace objects, 1(16KB) LOS objects, 49% free, 6340KB/12MB, paused 626us total 104.203ms
12-02 18:53:09.415 28567 28597 I teco.fmhandroi: WaitForGcToComplete blocked ProfileSaver on HeapTrim for 87.989ms
12-02 18:53:09.450  1772  1875 D gralloc_ranchu: gralloc_alloc: Creating ashmem region of size 1429504
12-02 18:53:09.467  1772  1875 D gralloc_ranchu: gralloc_alloc: Creating ashmem region of size 1429504
12-02 18:53:09.471 28567 28625 D EGL_emulation: eglMakeCurrent: 0xdb91b8c0: ver 2 0 (tinfo 0xc09d6ab0)
12-02 18:53:09.493  1772  1875 D gralloc_ranchu: gralloc_alloc: Creating ashmem region of size 1429504
12-02 18:53:09.499 28567 28625 D EGL_emulation: eglMakeCurrent: 0xdb91b8c0: ver 2 0 (tinfo 0xc09d6ab0)
12-02 18:53:09.565 28567 28625 I chatty  : uid=10159(ru.iteco.fmhandroid) RenderThread identical 2 lines
12-02 18:53:09.587 28567 28625 D EGL_emulation: eglMakeCurrent: 0xdb91b8c0: ver 2 0 (tinfo 0xc09d6ab0)
12-02 18:53:09.829 28567 28567 I ViewInteraction: Performing 'wait for a specific view with <an instance of android.widget.TextView and view.getText() with or without transformation to match: is "Log out"> during 10000 millis.' action on view view.getRootView() to equal view
12-02 18:53:09.832 28567 28567 I ViewInteraction: Checking 'MatchesViewAssertion{viewMatcher=(view has effective visibility <VISIBLE> and view.getGlobalVisibleRect() to return non-empty rectangle)}' assertion on view an instance of android.widget.TextView and view.getText() with or without transformation to match: is "Log out"
12-02 18:53:09.838 28567 28567 I ViewInteraction: Performing 'single click' action on view an instance of android.widget.TextView and view.getText() with or without transformation to match: is "Log out"
12-02 18:53:10.034  1785  1976 D AF::Track: interceptBuffer: took 334us to intercept 0 tracks
12-02 18:53:10.055 28567 28625 D EGL_emulation: eglMakeCurrent: 0xdb91b8c0: ver 2 0 (tinfo 0xc09d6ab0)
12-02 18:53:10.089 28567 28625 D EGL_emulation: eglMakeCurrent: 0xdb91b8c0: ver 2 0 (tinfo 0xc09d6ab0)
12-02 18:53:10.187 28567 28567 I ViewInteraction: Performing 'wait for a specific view with <(an instance of android.widget.TextView and view.getText() with or without transformation to match: is "Authorization" and view.getParent() view.getParent() view.getId() is <2131231186>)> during 10000 millis.' action on view view.getRootView() to equal view
12-02 18:53:10.194 28567 28567 I ViewInteraction: Checking 'MatchesViewAssertion{viewMatcher=(view has effective visibility <VISIBLE> and view.getGlobalVisibleRect() to return non-empty rectangle)}' assertion on view (an instance of android.widget.TextView and view.getText() with or without transformation to match: is "Authorization" and view.getParent() view.getParent() view.getId() is <2131231186/ru.iteco.fmhandroid:id/nav_host_fragment>)
12-02 18:53:10.198 28567 28567 I ViewInteraction: Performing 'wait for a specific view with <(an instance of android.widget.TextView and view.getHint() matching: is "Login" and view.getParent() view.getParent() view.getId() is <2131231121/ru.iteco.fmhandroid:id/login_text_input_layout>)> during 10000 millis.' action on view view.getRootView() to equal view
12-02 18:53:10.203 28567 28567 I ViewInteraction: Checking 'MatchesViewAssertion{viewMatcher=(view has effective visibility <VISIBLE> and view.getGlobalVisibleRect() to return non-empty rectangle)}' assertion on view (an instance of android.widget.TextView and view.getHint() matching: is "Login" and view.getParent() view.getParent() view.getId() is <2131231121/ru.iteco.fmhandroid:id/login_text_input_layout>)
12-02 18:53:10.209 28567 28567 I ViewInteraction: Performing 'wait for a specific view with <(an instance of android.widget.TextView and view.getHint() matching: is "Password" and view.getParent() view.getParent() view.getId() is <2131231264/ru.iteco.fmhandroid:id/password_text_input_layout>)> during 10000 millis.' action on view view.getRootView() to equal view
12-02 18:53:10.213 28567 28567 I ViewInteraction: Checking 'MatchesViewAssertion{viewMatcher=(view has effective visibility <VISIBLE> and view.getGlobalVisibleRect() to return non-empty rectangle)}' assertion on view (an instance of android.widget.TextView and view.getHint() matching: is "Password" and view.getParent() view.getParent() view.getId() is <2131231264/ru.iteco.fmhandroid:id/password_text_input_layout>)
12-02 18:53:10.217 28567 28567 I ViewInteraction: Performing 'wait for a specific view with <(view.getId() is <2131231039/ru.iteco.fmhandroid:id/enter_button> and an instance of android.widget.TextView and view.getText() with or without transformation to match: is "SIGN IN" and view.getContentDescription() is "Save" and view.getParent() view.getParent() an instance of android.widget.RelativeLayout)> during 10000 millis.' action on view view.getRootView() to equal view
12-02 18:53:10.221 28567 28567 I ViewInteraction: Checking 'MatchesViewAssertion{viewMatcher=(view has effective visibility <VISIBLE> and view.getGlobalVisibleRect() to return non-empty rectangle)}' assertion on view (view.getId() is <2131231039/ru.iteco.fmhandroid:id/enter_button> and an instance of android.widget.TextView and view.getText() with or without transformation to match: is "SIGN IN" and view.getContentDescription() is "Save" and view.getParent() view.getParent() an instance of android.widget.RelativeLayout)
12-02 18:53:10.227 28567 28567 I ViewInteraction: Performing 'wait for a specific view with <(an instance of android.widget.TextView and view.getText() with or without transformation to match: is "Authorization" and view.getParent() view.getParent() view.getId() is <2131231186>)> during 10000 millis.' action on view view.getRootView() to equal view
12-02 18:53:10.232 28567 28567 I ViewInteraction: Checking 'MatchesViewAssertion{viewMatcher=(view has effective visibility <VISIBLE> and view.getGlobalVisibleRect() to return non-empty rectangle)}' assertion on view (an instance of android.widget.TextView and view.getText() with or without transformation to match: is "Authorization" and view.getParent() view.getParent() view.getId() is <2131231186/ru.iteco.fmhandroid:id/nav_host_fragment>)
12-02 18:53:10.238 28567 28567 I ViewInteraction: Performing 'wait for a specific view with <(an instance of android.widget.TextView and view.getHint() matching: is "Login" and view.getParent() view.getParent() view.getId() is <2131231121/ru.iteco.fmhandroid:id/login_text_input_layout>)> during 10000 millis.' action on view view.getRootView() to equal view
12-02 18:53:10.242 28567 28567 I ViewInteraction: Checking 'MatchesViewAssertion{viewMatcher=(view has effective visibility <VISIBLE> and view.getGlobalVisibleRect() to return non-empty rectangle)}' assertion on view (an instance of android.widget.TextView and view.getHint() matching: is "Login" and view.getParent() view.getParent() view.getId() is <2131231121/ru.iteco.fmhandroid:id/login_text_input_layout>)
12-02 18:53:10.246 28567 28567 I ViewInteraction: Performing 'wait for a specific view with <(an instance of android.widget.TextView and view.getHint() matching: is "Password" and view.getParent() view.getParent() view.getId() is <2131231264/ru.iteco.fmhandroid:id/password_text_input_layout>)> during 10000 millis.' action on view view.getRootView() to equal view
12-02 18:53:10.250 28567 28567 I ViewInteraction: Checking 'MatchesViewAssertion{viewMatcher=(view has effective visibility <VISIBLE> and view.getGlobalVisibleRect() to return non-empty rectangle)}' assertion on view (an instance of android.widget.TextView and view.getHint() matching: is "Password" and view.getParent() view.getParent() view.getId() is <2131231264/ru.iteco.fmhandroid:id/password_text_input_layout>)
12-02 18:53:10.255 28567 28567 I ViewInteraction: Performing 'wait for a specific view with <(view.getId() is <2131231039/ru.iteco.fmhandroid:id/enter_button> and an instance of android.widget.TextView and view.getText() with or without transformation to match: is "SIGN IN" and view.getContentDescription() is "Save" and view.getParent() view.getParent() an instance of android.widget.RelativeLayout)> during 10000 millis.' action on view view.getRootView() to equal view
12-02 18:53:10.260 28567 28567 I ViewInteraction: Checking 'MatchesViewAssertion{viewMatcher=(view has effective visibility <VISIBLE> and view.getGlobalVisibleRect() to return non-empty rectangle)}' assertion on view (view.getId() is <2131231039/ru.iteco.fmhandroid:id/enter_button> and an instance of android.widget.TextView and view.getText() with or without transformation to match: is "SIGN IN" and view.getContentDescription() is "Save" and view.getParent() view.getParent() an instance of android.widget.RelativeLayout)
12-02 18:53:10.265 28567 28567 I ViewInteraction: Performing 'wait for a specific view with <(an instance of android.widget.TextView and view.getHint() matching: is "Login" and view.getParent() view.getParent() view.getId() is <2131231121/ru.iteco.fmhandroid:id/login_text_input_layout>)> during 10000 millis.' action on view view.getRootView() to equal view
12-02 18:53:10.272 28567 28567 I ViewInteraction: Performing 'replace text(login2)' action on view (an instance of android.widget.TextView and view.getHint() matching: is "Login" and view.getParent() view.getParent() view.getId() is <2131231121/ru.iteco.fmhandroid:id/login_text_input_layout>)
12-02 18:53:10.302 28567 28567 I ViewInteraction: Performing 'wait for a specific view with <(an instance of android.widget.TextView and view.getHint() matching: is "Password" and view.getParent() view.getParent() view.getId() is <2131231264/ru.iteco.fmhandroid:id/password_text_input_layout>)> during 10000 millis.' action on view view.getRootView() to equal view
12-02 18:53:10.308 28567 28567 I ViewInteraction: Performing 'replace text(password2)' action on view (an instance of android.widget.TextView and view.getHint() matching: is "Password" and view.getParent() view.getParent() view.getId() is <2131231264/ru.iteco.fmhandroid:id/password_text_input_layout>)
12-02 18:53:10.349 28567 28567 I ViewInteraction: Performing 'wait for a specific view with <(view.getId() is <2131231039/ru.iteco.fmhandroid:id/enter_button> and an instance of android.widget.TextView and view.getText() with or without transformation to match: is "SIGN IN" and view.getContentDescription() is "Save" and view.getParent() view.getParent() an instance of android.widget.RelativeLayout)> during 10000 millis.' action on view view.getRootView() to equal view
12-02 18:53:10.357 28567 28567 I ViewInteraction: Checking 'MatchesViewAssertion{viewMatcher=view.isClickable() is <true>}' assertion on view (view.getId() is <2131231039/ru.iteco.fmhandroid:id/enter_button> and an instance of android.widget.TextView and view.getText() with or without transformation to match: is "SIGN IN" and view.getContentDescription() is "Save" and view.getParent() view.getParent() an instance of android.widget.RelativeLayout)
12-02 18:53:10.364 28567 28567 I ViewInteraction: Performing 'wait for a specific view with <(view.getId() is <2131231039/ru.iteco.fmhandroid:id/enter_button> and an instance of android.widget.TextView and view.getText() with or without transformation to match: is "SIGN IN" and view.getContentDescription() is "Save" and view.getParent() view.getParent() an instance of android.widget.RelativeLayout)> during 10000 millis.' action on view view.getRootView() to equal view
12-02 18:53:10.368 28567 28567 I ViewInteraction: Checking 'MatchesViewAssertion{viewMatcher=view.isClickable() is <true>}' assertion on view (view.getId() is <2131231039/ru.iteco.fmhandroid:id/enter_button> and an instance of android.widget.TextView and view.getText() with or without transformation to match: is "SIGN IN" and view.getContentDescription() is "Save" and view.getParent() view.getParent() an instance of android.widget.RelativeLayout)
12-02 18:53:10.388 28567 28567 I ViewInteraction: Performing 'wait for a specific view with <(view.getId() is <2131231039/ru.iteco.fmhandroid:id/enter_button> and an instance of android.widget.TextView and view.getText() with or without transformation to match: is "SIGN IN" and view.getContentDescription() is "Save" and view.getParent() view.getParent() an instance of android.widget.RelativeLayout)> during 10000 millis.' action on view view.getRootView() to equal view
12-02 18:53:10.394 28567 28567 I ViewInteraction: Performing 'single click' action on view (view.getId() is <2131231039/ru.iteco.fmhandroid:id/enter_button> and an instance of android.widget.TextView and view.getText() with or without transformation to match: is "SIGN IN" and view.getContentDescription() is "Save" and view.getParent() view.getParent() an instance of android.widget.RelativeLayout)
12-02 18:53:10.446 28567 28657 I okhttp.OkHttpClient: --> POST http://www.981757-ca08998.tmweb.ru:8080/fmh/authentication/login
12-02 18:53:10.446 28567 28657 I okhttp.OkHttpClient: Content-Type: application/json; charset=UTF-8
12-02 18:53:10.446 28567 28657 I okhttp.OkHttpClient: Content-Length: 41
12-02 18:53:10.446 28567 28657 I okhttp.OkHttpClient: {"login":"login2","password":"password2"}
12-02 18:53:10.446 28567 28657 I okhttp.OkHttpClient: --> END POST (41-byte body)
12-02 18:53:10.683 28567 28567 I ViewInteraction: Performing 'wait for a specific view with <an instance of android.widget.TextView and view.getText() with or without transformation to match: is "News"> during 10000 millis.' action on view view.getRootView() to equal view
12-02 18:53:10.983 28567 28657 I okhttp.OkHttpClient: <-- 200 http://www.981757-ca08998.tmweb.ru:8080/fmh/authentication/login (536ms)
12-02 18:53:10.983 28567 28657 I okhttp.OkHttpClient: Vary: Origin
12-02 18:53:10.983 28567 28657 I okhttp.OkHttpClient: Vary: Access-Control-Request-Method
12-02 18:53:10.983 28567 28657 I okhttp.OkHttpClient: Vary: Access-Control-Request-Headers
12-02 18:53:10.983 28567 28657 I okhttp.OkHttpClient: X-Content-Type-Options: nosniff
12-02 18:53:10.983 28567 28657 I okhttp.OkHttpClient: X-XSS-Protection: 1; mode=block
12-02 18:53:10.983 28567 28657 I okhttp.OkHttpClient: Cache-Control: no-cache, no-store, max-age=0, must-revalidate
12-02 18:53:10.983 28567 28657 I okhttp.OkHttpClient: Pragma: no-cache
12-02 18:53:10.983 28567 28657 I okhttp.OkHttpClient: Expires: 0
12-02 18:53:10.983 28567 28657 I okhttp.OkHttpClient: X-Frame-Options: DENY
12-02 18:53:10.984 28567 28657 I okhttp.OkHttpClient: Content-Type: application/json
12-02 18:53:10.984 28567 28657 I okhttp.OkHttpClient: Transfer-Encoding: chunked
12-02 18:53:10.984 28567 28657 I okhttp.OkHttpClient: Date: Fri, 02 Dec 2022 15:53:12 GMT
12-02 18:53:10.984 28567 28657 I okhttp.OkHttpClient: Keep-Alive: timeout=60
12-02 18:53:10.984 28567 28657 I okhttp.OkHttpClient: Connection: keep-alive
12-02 18:53:10.984 28567 28657 I okhttp.OkHttpClient: {"accessToken":"eyJhbGciOiJIUzUxMiJ9.eyJzdWIiOiJsb2dpbjIiLCJqdGkiOiIyIiwiZXhwIjoxNjcwMDgyNzkyfQ.yZdPxP50qBvyFPsq1MwKZ4lG--KxF86RhTm77FR8-zIIZJol7m3Ff4-xqGft1vJigSfgbiG5n11gJTi7aU7oUA","refreshToken":"eyJhbGciOiJIUzUxMiJ9.eyJzdWIiOiJsb2dpbjIiLCJqdGkiOiIyIiwiZXhwIjoxNjcyNTg4MzkyfQ.V_QM8eNUSAnMcIRi2k91pr_42NvaaPiH4B0uU7lMvzHlcb9aq_tEmBrdF8_iRGo8U7Y6NmVsSsZA8TXfKUscCg"}
12-02 18:53:10.984 28567 28657 I okhttp.OkHttpClient: <-- END HTTP (368-byte body)
12-02 18:53:10.991 28567 28638 I okhttp.OkHttpClient: --> GET http://www.981757-ca08998.tmweb.ru:8080/fmh/authentication/userInfo
12-02 18:53:10.991 28567 28638 I okhttp.OkHttpClient: --> END GET
12-02 18:53:11.188 28567 28638 I okhttp.OkHttpClient: <-- 200 http://www.981757-ca08998.tmweb.ru:8080/fmh/authentication/userInfo (196ms)
12-02 18:53:11.188 28567 28638 I okhttp.OkHttpClient: Vary: Origin
12-02 18:53:11.188 28567 28638 I okhttp.OkHttpClient: Vary: Access-Control-Request-Method
12-02 18:53:11.188 28567 28638 I okhttp.OkHttpClient: Vary: Access-Control-Request-Headers
12-02 18:53:11.188 28567 28638 I okhttp.OkHttpClient: X-Content-Type-Options: nosniff
12-02 18:53:11.188 28567 28638 I okhttp.OkHttpClient: X-XSS-Protection: 1; mode=block
12-02 18:53:11.188 28567 28638 I okhttp.OkHttpClient: Cache-Control: no-cache, no-store, max-age=0, must-revalidate
12-02 18:53:11.188 28567 28638 I okhttp.OkHttpClient: Pragma: no-cache
12-02 18:53:11.189 28567 28638 I okhttp.OkHttpClient: Expires: 0
12-02 18:53:11.189 28567 28638 I okhttp.OkHttpClient: X-Frame-Options: DENY
12-02 18:53:11.189 28567 28638 I okhttp.OkHttpClient: Content-Type: application/json
12-02 18:53:11.189 28567 28638 I okhttp.OkHttpClient: Transfer-Encoding: chunked
12-02 18:53:11.189 28567 28638 I okhttp.OkHttpClient: Date: Fri, 02 Dec 2022 15:53:12 GMT
12-02 18:53:11.189 28567 28638 I okhttp.OkHttpClient: Keep-Alive: timeout=60
12-02 18:53:11.189 28567 28638 I okhttp.OkHttpClient: Connection: keep-alive
12-02 18:53:11.190 28567 28638 I okhttp.OkHttpClient: {"id":2,"firstName":"Данил","lastName":"Иванов","middleName":"Данилович","admin":true}
12-02 18:53:11.190 28567 28638 I okhttp.OkHttpClient: <-- END HTTP (106-byte body)
12-02 18:53:11.201 28567 28643 I okhttp.OkHttpClient: --> GET http://www.981757-ca08998.tmweb.ru:8080/fmh/claims
12-02 18:53:11.201 28567 28643 I okhttp.OkHttpClient: --> END GET
12-02 18:53:11.208  1743 28805 E ResolverController: No valid NAT64 prefix (126, <unspecified>/0)
12-02 18:53:11.320 28567 28567 I ViewInteraction: Checking 'MatchesViewAssertion{viewMatcher=(view has effective visibility <VISIBLE> and view.getGlobalVisibleRect() to return non-empty rectangle)}' assertion on view an instance of android.widget.TextView and view.getText() with or without transformation to match: is "News"
