12-06 21:10:34.696 18921 18965 W teco.fmhandroi: Accessing hidden method Lsun/misc/Unsafe;->compareAndSwapObject(Ljava/lang/Object;JLjava/lang/Object;Ljava/lang/Object;)Z (greylist, linking, allowed)
12-06 21:10:34.699 18921 18921 I ViewInteraction: Performing 'wait for a specific view with <(an instance of android.widget.TextView and view.getHint() matching: is "Password" and view.getParent() view.getParent() view.getId() is <2131231264>)> during 10000 millis.' action on view view.getRootView() to equal view
12-06 21:10:34.704 18921 18965 W teco.fmhandroi: Accessing hidden method Lsun/misc/Unsafe;->compareAndSwapObject(Ljava/lang/Object;JLjava/lang/Object;Ljava/lang/Object;)Z (greylist, linking, allowed)
12-06 21:10:34.710 18921 18921 I ViewInteraction: Checking 'MatchesViewAssertion{viewMatcher=(view has effective visibility <VISIBLE> and view.getGlobalVisibleRect() to return non-empty rectangle)}' assertion on view (an instance of android.widget.TextView and view.getHint() matching: is "Password" and view.getParent() view.getParent() view.getId() is <2131231264/ru.iteco.fmhandroid:id/password_text_input_layout>)
12-06 21:10:34.712 18921 18965 W teco.fmhandroi: Accessing hidden method Lsun/misc/Unsafe;->compareAndSwapObject(Ljava/lang/Object;JLjava/lang/Object;Ljava/lang/Object;)Z (greylist, linking, allowed)
12-06 21:10:34.718 18921 18921 I ViewInteraction: Performing 'wait for a specific view with <(view.getId() is <2131231039> and an instance of android.widget.TextView and view.getText() with or without transformation to match: is "SIGN IN" and view.getContentDescription() is "Save" and view.getParent() view.getParent() an instance of android.widget.RelativeLayout)> during 10000 millis.' action on view view.getRootView() to equal view
12-06 21:10:34.721 18921 18965 W teco.fmhandroi: Accessing hidden method Lsun/misc/Unsafe;->compareAndSwapObject(Ljava/lang/Object;JLjava/lang/Object;Ljava/lang/Object;)Z (greylist, linking, allowed)
12-06 21:10:34.727 18921 18921 I ViewInteraction: Checking 'MatchesViewAssertion{viewMatcher=(view has effective visibility <VISIBLE> and view.getGlobalVisibleRect() to return non-empty rectangle)}' assertion on view (view.getId() is <2131231039/ru.iteco.fmhandroid:id/enter_button> and an instance of android.widget.TextView and view.getText() with or without transformation to match: is "SIGN IN" and view.getContentDescription() is "Save" and view.getParent() view.getParent() an instance of android.widget.RelativeLayout)
12-06 21:10:34.729 18921 18965 W teco.fmhandroi: Accessing hidden method Lsun/misc/Unsafe;->compareAndSwapObject(Ljava/lang/Object;JLjava/lang/Object;Ljava/lang/Object;)Z (greylist, linking, allowed)
12-06 21:10:34.733 18921 18921 I ViewInteraction: Performing 'wait for a specific view with <(an instance of android.widget.TextView and view.getText() with or without transformation to match: is "Authorization" and view.getParent() view.getParent() view.getId() is <2131231186>)> during 10000 millis.' action on view view.getRootView() to equal view
12-06 21:10:34.735 18921 18965 W teco.fmhandroi: Accessing hidden method Lsun/misc/Unsafe;->compareAndSwapObject(Ljava/lang/Object;JLjava/lang/Object;Ljava/lang/Object;)Z (greylist, linking, allowed)
12-06 21:10:34.736 18921 19035 W teco.fmhandroi: Accessing hidden method Lsun/misc/Unsafe;->compareAndSwapObject(Ljava/lang/Object;JLjava/lang/Object;Ljava/lang/Object;)Z (greylist, linking, allowed)
12-06 21:10:34.740 18921 18921 I ViewInteraction: Checking 'MatchesViewAssertion{viewMatcher=(view has effective visibility <VISIBLE> and view.getGlobalVisibleRect() to return non-empty rectangle)}' assertion on view (an instance of android.widget.TextView and view.getText() with or without transformation to match: is "Authorization" and view.getParent() view.getParent() view.getId() is <2131231186/ru.iteco.fmhandroid:id/nav_host_fragment>)
12-06 21:10:34.741 18921 18965 W teco.fmhandroi: Accessing hidden method Lsun/misc/Unsafe;->compareAndSwapObject(Ljava/lang/Object;JLjava/lang/Object;Ljava/lang/Object;)Z (greylist, linking, allowed)
12-06 21:10:34.742 18921 19035 W teco.fmhandroi: Accessing hidden method Lsun/misc/Unsafe;->compareAndSwapObject(Ljava/lang/Object;JLjava/lang/Object;Ljava/lang/Object;)Z (greylist, linking, allowed)
12-06 21:10:34.747 18921 18921 I ViewInteraction: Performing 'wait for a specific view with <(an instance of android.widget.TextView and view.getHint() matching: is "Login" and view.getParent() view.getParent() view.getId() is <2131231121/ru.iteco.fmhandroid:id/login_text_input_layout>)> during 10000 millis.' action on view view.getRootView() to equal view
12-06 21:10:34.751 18921 18965 W teco.fmhandroi: Accessing hidden method Lsun/misc/Unsafe;->compareAndSwapObject(Ljava/lang/Object;JLjava/lang/Object;Ljava/lang/Object;)Z (greylist, linking, allowed)
12-06 21:10:34.755 18921 18921 I ViewInteraction: Checking 'MatchesViewAssertion{viewMatcher=(view has effective visibility <VISIBLE> and view.getGlobalVisibleRect() to return non-empty rectangle)}' assertion on view (an instance of android.widget.TextView and view.getHint() matching: is "Login" and view.getParent() view.getParent() view.getId() is <2131231121/ru.iteco.fmhandroid:id/login_text_input_layout>)
12-06 21:10:34.758 18921 18965 W teco.fmhandroi: Accessing hidden method Lsun/misc/Unsafe;->compareAndSwapObject(Ljava/lang/Object;JLjava/lang/Object;Ljava/lang/Object;)Z (greylist, linking, allowed)
12-06 21:10:34.765 18921 18921 I ViewInteraction: Performing 'wait for a specific view with <(an instance of android.widget.TextView and view.getHint() matching: is "Password" and view.getParent() view.getParent() view.getId() is <2131231264/ru.iteco.fmhandroid:id/password_text_input_layout>)> during 10000 millis.' action on view view.getRootView() to equal view
12-06 21:10:34.771 18921 18965 W teco.fmhandroi: Accessing hidden method Lsun/misc/Unsafe;->compareAndSwapObject(Ljava/lang/Object;JLjava/lang/Object;Ljava/lang/Object;)Z (greylist, linking, allowed)
12-06 21:10:34.772 18921 19035 W teco.fmhandroi: Accessing hidden method Lsun/misc/Unsafe;->compareAndSwapObject(Ljava/lang/Object;JLjava/lang/Object;Ljava/lang/Object;)Z (greylist, linking, allowed)
12-06 21:10:34.776 18921 18921 I ViewInteraction: Checking 'MatchesViewAssertion{viewMatcher=(view has effective visibility <VISIBLE> and view.getGlobalVisibleRect() to return non-empty rectangle)}' assertion on view (an instance of android.widget.TextView and view.getHint() matching: is "Password" and view.getParent() view.getParent() view.getId() is <2131231264/ru.iteco.fmhandroid:id/password_text_input_layout>)
12-06 21:10:34.778 18921 18965 W teco.fmhandroi: Accessing hidden method Lsun/misc/Unsafe;->compareAndSwapObject(Ljava/lang/Object;JLjava/lang/Object;Ljava/lang/Object;)Z (greylist, linking, allowed)
12-06 21:10:34.782 18921 18921 I ViewInteraction: Performing 'wait for a specific view with <(view.getId() is <2131231039/ru.iteco.fmhandroid:id/enter_button> and an instance of android.widget.TextView and view.getText() with or without transformation to match: is "SIGN IN" and view.getContentDescription() is "Save" and view.getParent() view.getParent() an instance of android.widget.RelativeLayout)> during 10000 millis.' action on view view.getRootView() to equal view
12-06 21:10:34.787 18921 18965 W teco.fmhandroi: Accessing hidden method Lsun/misc/Unsafe;->compareAndSwapObject(Ljava/lang/Object;JLjava/lang/Object;Ljava/lang/Object;)Z (greylist, linking, allowed)
12-06 21:10:34.792 18921 18921 I ViewInteraction: Checking 'MatchesViewAssertion{viewMatcher=(view has effective visibility <VISIBLE> and view.getGlobalVisibleRect() to return non-empty rectangle)}' assertion on view (view.getId() is <2131231039/ru.iteco.fmhandroid:id/enter_button> and an instance of android.widget.TextView and view.getText() with or without transformation to match: is "SIGN IN" and view.getContentDescription() is "Save" and view.getParent() view.getParent() an instance of android.widget.RelativeLayout)
12-06 21:10:34.793 18921 18965 W teco.fmhandroi: Accessing hidden method Lsun/misc/Unsafe;->compareAndSwapObject(Ljava/lang/Object;JLjava/lang/Object;Ljava/lang/Object;)Z (greylist, linking, allowed)
12-06 21:10:34.797 18921 18921 I ViewInteraction: Performing 'wait for a specific view with <(an instance of android.widget.TextView and view.getHint() matching: is "Login" and view.getParent() view.getParent() view.getId() is <2131231121/ru.iteco.fmhandroid:id/login_text_input_layout>)> during 10000 millis.' action on view view.getRootView() to equal view
12-06 21:10:34.802 18921 18965 W teco.fmhandroi: Accessing hidden method Lsun/misc/Unsafe;->compareAndSwapObject(Ljava/lang/Object;JLjava/lang/Object;Ljava/lang/Object;)Z (greylist, linking, allowed)
12-06 21:10:34.806 18921 18921 I ViewInteraction: Performing 'replace text(login2)' action on view (an instance of android.widget.TextView and view.getHint() matching: is "Login" and view.getParent() view.getParent() view.getId() is <2131231121/ru.iteco.fmhandroid:id/login_text_input_layout>)
12-06 21:10:34.832 18921 18965 W teco.fmhandroi: Accessing hidden method Lsun/misc/Unsafe;->compareAndSwapObject(Ljava/lang/Object;JLjava/lang/Object;Ljava/lang/Object;)Z (greylist, linking, allowed)
12-06 21:10:34.866 18921 18921 I ViewInteraction: Performing 'wait for a specific view with <(an instance of android.widget.TextView and view.getHint() matching: is "Password" and view.getParent() view.getParent() view.getId() is <2131231264/ru.iteco.fmhandroid:id/password_text_input_layout>)> during 10000 millis.' action on view view.getRootView() to equal view
12-06 21:10:34.870 18921 18965 W teco.fmhandroi: Accessing hidden method Lsun/misc/Unsafe;->compareAndSwapObject(Ljava/lang/Object;JLjava/lang/Object;Ljava/lang/Object;)Z (greylist, linking, allowed)
12-06 21:10:34.875 18921 18921 I ViewInteraction: Performing 'replace text(password2)' action on view (an instance of android.widget.TextView and view.getHint() matching: is "Password" and view.getParent() view.getParent() view.getId() is <2131231264/ru.iteco.fmhandroid:id/password_text_input_layout>)
12-06 21:10:34.884 18921 18965 W teco.fmhandroi: Accessing hidden method Lsun/misc/Unsafe;->compareAndSwapObject(Ljava/lang/Object;JLjava/lang/Object;Ljava/lang/Object;)Z (greylist, linking, allowed)
12-06 21:10:34.884 18921 19035 W teco.fmhandroi: Accessing hidden method Lsun/misc/Unsafe;->compareAndSwapObject(Ljava/lang/Object;JLjava/lang/Object;Ljava/lang/Object;)Z (greylist, linking, allowed)
12-06 21:10:34.905 18921 18921 I ViewInteraction: Performing 'wait for a specific view with <(view.getId() is <2131231039/ru.iteco.fmhandroid:id/enter_button> and an instance of android.widget.TextView and view.getText() with or without transformation to match: is "SIGN IN" and view.getContentDescription() is "Save" and view.getParent() view.getParent() an instance of android.widget.RelativeLayout)> during 10000 millis.' action on view view.getRootView() to equal view
12-06 21:10:34.926 18921 18965 W teco.fmhandroi: Accessing hidden method Lsun/misc/Unsafe;->compareAndSwapObject(Ljava/lang/Object;JLjava/lang/Object;Ljava/lang/Object;)Z (greylist, linking, allowed)
12-06 21:10:34.927 18921 19035 W teco.fmhandroi: Accessing hidden method Lsun/misc/Unsafe;->compareAndSwapObject(Ljava/lang/Object;JLjava/lang/Object;Ljava/lang/Object;)Z (greylist, linking, allowed)
12-06 21:10:34.929 18921 18921 I ViewInteraction: Checking 'MatchesViewAssertion{viewMatcher=view.isClickable() is <true>}' assertion on view (view.getId() is <2131231039/ru.iteco.fmhandroid:id/enter_button> and an instance of android.widget.TextView and view.getText() with or without transformation to match: is "SIGN IN" and view.getContentDescription() is "Save" and view.getParent() view.getParent() an instance of android.widget.RelativeLayout)
12-06 21:10:34.931 18921 18965 W teco.fmhandroi: Accessing hidden method Lsun/misc/Unsafe;->compareAndSwapObject(Ljava/lang/Object;JLjava/lang/Object;Ljava/lang/Object;)Z (greylist, linking, allowed)
12-06 21:10:34.931 18921 19035 W teco.fmhandroi: Accessing hidden method Lsun/misc/Unsafe;->compareAndSwapObject(Ljava/lang/Object;JLjava/lang/Object;Ljava/lang/Object;)Z (greylist, linking, allowed)
12-06 21:10:34.936 18921 18921 I ViewInteraction: Performing 'wait for a specific view with <(view.getId() is <2131231039/ru.iteco.fmhandroid:id/enter_button> and an instance of android.widget.TextView and view.getText() with or without transformation to match: is "SIGN IN" and view.getContentDescription() is "Save" and view.getParent() view.getParent() an instance of android.widget.RelativeLayout)> during 10000 millis.' action on view view.getRootView() to equal view
12-06 21:10:34.940 18921 18965 W teco.fmhandroi: Accessing hidden method Lsun/misc/Unsafe;->compareAndSwapObject(Ljava/lang/Object;JLjava/lang/Object;Ljava/lang/Object;)Z (greylist, linking, allowed)
12-06 21:10:34.940 18921 19035 W teco.fmhandroi: Accessing hidden method Lsun/misc/Unsafe;->compareAndSwapObject(Ljava/lang/Object;JLjava/lang/Object;Ljava/lang/Object;)Z (greylist, linking, allowed)
12-06 21:10:34.947 18921 18921 I ViewInteraction: Checking 'MatchesViewAssertion{viewMatcher=view.isClickable() is <true>}' assertion on view (view.getId() is <2131231039/ru.iteco.fmhandroid:id/enter_button> and an instance of android.widget.TextView and view.getText() with or without transformation to match: is "SIGN IN" and view.getContentDescription() is "Save" and view.getParent() view.getParent() an instance of android.widget.RelativeLayout)
12-06 21:10:34.948 18921 18965 W teco.fmhandroi: Accessing hidden method Lsun/misc/Unsafe;->compareAndSwapObject(Ljava/lang/Object;JLjava/lang/Object;Ljava/lang/Object;)Z (greylist, linking, allowed)
12-06 21:10:34.952 18921 18921 I ViewInteraction: Performing 'wait for a specific view with <(view.getId() is <2131231039/ru.iteco.fmhandroid:id/enter_button> and an instance of android.widget.TextView and view.getText() with or without transformation to match: is "SIGN IN" and view.getContentDescription() is "Save" and view.getParent() view.getParent() an instance of android.widget.RelativeLayout)> during 10000 millis.' action on view view.getRootView() to equal view
12-06 21:10:34.955 18921 18965 W teco.fmhandroi: Accessing hidden method Lsun/misc/Unsafe;->compareAndSwapObject(Ljava/lang/Object;JLjava/lang/Object;Ljava/lang/Object;)Z (greylist, linking, allowed)
12-06 21:10:34.958 18921 18921 I ViewInteraction: Performing 'single click' action on view (view.getId() is <2131231039/ru.iteco.fmhandroid:id/enter_button> and an instance of android.widget.TextView and view.getText() with or without transformation to match: is "SIGN IN" and view.getContentDescription() is "Save" and view.getParent() view.getParent() an instance of android.widget.RelativeLayout)
12-06 21:10:35.031 18921 19040 I okhttp.OkHttpClient: --> POST http://www.981757-ca08998.tmweb.ru:8080/fmh/authentication/login
12-06 21:10:35.031 18921 19040 I okhttp.OkHttpClient: Content-Type: application/json; charset=UTF-8
12-06 21:10:35.031 18921 19040 I okhttp.OkHttpClient: Content-Length: 41
12-06 21:10:35.032 18921 19040 I okhttp.OkHttpClient: {"login":"login2","password":"password2"}
12-06 21:10:35.032 18921 19040 I okhttp.OkHttpClient: --> END POST (41-byte body)
12-06 21:10:35.040  1744 19041 E ResolverController: No valid NAT64 prefix (100, <unspecified>/0)
12-06 21:10:35.263 18921 18965 W teco.fmhandroi: Accessing hidden method Lsun/misc/Unsafe;->compareAndSwapObject(Ljava/lang/Object;JLjava/lang/Object;Ljava/lang/Object;)Z (greylist, linking, allowed)
12-06 21:10:35.267 18921 18921 I ViewInteraction: Performing 'wait for a specific view with <an instance of android.widget.TextView and view.getText() with or without transformation to match: is "News"> during 10000 millis.' action on view view.getRootView() to equal view
12-06 21:10:35.602 18921 19040 I okhttp.OkHttpClient: <-- 200 http://www.981757-ca08998.tmweb.ru:8080/fmh/authentication/login (569ms)
12-06 21:10:35.602 18921 19040 I okhttp.OkHttpClient: Vary: Origin
12-06 21:10:35.602 18921 19040 I okhttp.OkHttpClient: Vary: Access-Control-Request-Method
12-06 21:10:35.602 18921 19040 I okhttp.OkHttpClient: Vary: Access-Control-Request-Headers
12-06 21:10:35.602 18921 19040 I okhttp.OkHttpClient: X-Content-Type-Options: nosniff
12-06 21:10:35.603 18921 19040 I okhttp.OkHttpClient: X-XSS-Protection: 1; mode=block
12-06 21:10:35.603 18921 19040 I okhttp.OkHttpClient: Cache-Control: no-cache, no-store, max-age=0, must-revalidate
12-06 21:10:35.603 18921 19040 I okhttp.OkHttpClient: Pragma: no-cache
12-06 21:10:35.604 18921 19040 I okhttp.OkHttpClient: Expires: 0
12-06 21:10:35.604 18921 19040 I okhttp.OkHttpClient: X-Frame-Options: DENY
12-06 21:10:35.606 18921 19040 I okhttp.OkHttpClient: Content-Type: application/json
12-06 21:10:35.609 18921 19040 I okhttp.OkHttpClient: Transfer-Encoding: chunked
12-06 21:10:35.609 18921 19040 I okhttp.OkHttpClient: Date: Tue, 06 Dec 2022 21:10:36 GMT
12-06 21:10:35.609 18921 19040 I okhttp.OkHttpClient: Keep-Alive: timeout=60
12-06 21:10:35.609 18921 19040 I okhttp.OkHttpClient: Connection: keep-alive
12-06 21:10:35.611 18921 19040 I okhttp.OkHttpClient: {"accessToken":"eyJhbGciOiJIUzUxMiJ9.eyJzdWIiOiJsb2dpbjIiLCJqdGkiOiIyIiwiZXhwIjoxNjcwNDQ3NDM2fQ.h5fuCv6OUU3WkkzfFBFvCnAYQ0TXefUj2V2cutdd-jdX7hs0iSKZRgdTqO-8-WZG8YMWYy0aRZJJxOI5Cv7VeQ","refreshToken":"eyJhbGciOiJIUzUxMiJ9.eyJzdWIiOiJsb2dpbjIiLCJqdGkiOiIyIiwiZXhwIjoxNjcyOTUzMDM2fQ.rFzilAzZaDZQw6Urx6qxNpOYhmGEPxSKULc_U_IWSb76dS10ryFRnUZvW3_E9glq61iolC3iI__nR_FCUkssrg"}
12-06 21:10:35.612 18921 19040 I okhttp.OkHttpClient: <-- END HTTP (368-byte body)
12-06 21:10:35.617 18921 19019 I okhttp.OkHttpClient: --> GET http://www.981757-ca08998.tmweb.ru:8080/fmh/authentication/userInfo
12-06 21:10:35.618 18921 19019 I okhttp.OkHttpClient: --> END GET
12-06 21:10:35.772 18921 19019 I okhttp.OkHttpClient: <-- 200 http://www.981757-ca08998.tmweb.ru:8080/fmh/authentication/userInfo (154ms)
12-06 21:10:35.772 18921 19019 I okhttp.OkHttpClient: Vary: Origin
12-06 21:10:35.773 18921 19019 I okhttp.OkHttpClient: Vary: Access-Control-Request-Method
12-06 21:10:35.773 18921 19019 I okhttp.OkHttpClient: Vary: Access-Control-Request-Headers
12-06 21:10:35.773 18921 19019 I okhttp.OkHttpClient: X-Content-Type-Options: nosniff
12-06 21:10:35.773 18921 19019 I okhttp.OkHttpClient: X-XSS-Protection: 1; mode=block
12-06 21:10:35.773 18921 19019 I okhttp.OkHttpClient: Cache-Control: no-cache, no-store, max-age=0, must-revalidate
12-06 21:10:35.773 18921 19019 I okhttp.OkHttpClient: Pragma: no-cache
12-06 21:10:35.773 18921 19019 I okhttp.OkHttpClient: Expires: 0
12-06 21:10:35.773 18921 19019 I okhttp.OkHttpClient: X-Frame-Options: DENY
12-06 21:10:35.773 18921 19019 I okhttp.OkHttpClient: Content-Type: application/json
12-06 21:10:35.773 18921 19019 I okhttp.OkHttpClient: Transfer-Encoding: chunked
12-06 21:10:35.773 18921 19019 I okhttp.OkHttpClient: Date: Tue, 06 Dec 2022 21:10:36 GMT
12-06 21:10:35.773 18921 19019 I okhttp.OkHttpClient: Keep-Alive: timeout=60
12-06 21:10:35.774 18921 19019 I okhttp.OkHttpClient: Connection: keep-alive
12-06 21:10:36.430 18921 19019 I okhttp.OkHttpClient: {"id":2,"firstName":"Данил","lastName":"Иванов","middleName":"Данилович","admin":true}
12-06 21:10:36.431 18921 19019 I okhttp.OkHttpClient: <-- END HTTP (106-byte body)
12-06 21:10:36.447 18921 19042 I okhttp.OkHttpClient: --> GET http://www.981757-ca08998.tmweb.ru:8080/fmh/claims
12-06 21:10:36.447 18921 19042 I okhttp.OkHttpClient: --> END GET
12-06 21:10:36.667 18921 18921 I ViewInteraction: Checking 'MatchesViewAssertion{viewMatcher=(view has effective visibility <VISIBLE> and view.getGlobalVisibleRect() to return non-empty rectangle)}' assertion on view an instance of android.widget.TextView and view.getText() with or without transformation to match: is "News"
12-06 21:10:36.671 18921 18965 W teco.fmhandroi: Accessing hidden method Lsun/misc/Unsafe;->compareAndSwapObject(Ljava/lang/Object;JLjava/lang/Object;Ljava/lang/Object;)Z (greylist, linking, allowed)
12-06 21:10:36.671 18921 19035 W teco.fmhandroi: Accessing hidden method Lsun/misc/Unsafe;->compareAndSwapObject(Ljava/lang/Object;JLjava/lang/Object;Ljava/lang/Object;)Z (greylist, linking, allowed)
12-06 21:10:36.676 18921 18921 I ViewInteraction: Performing 'wait for a specific view with <view.getId() is <2131230951>> during 10000 millis.' action on view view.getRootView() to equal view
12-06 21:10:36.680 18921 18965 W teco.fmhandroi: Accessing hidden method Lsun/misc/Unsafe;->compareAndSwapObject(Ljava/lang/Object;JLjava/lang/Object;Ljava/lang/Object;)Z (greylist, linking, allowed)
12-06 21:10:36.685 18921 18921 I ViewInteraction: Checking 'MatchesViewAssertion{viewMatcher=(view has effective visibility <VISIBLE> and view.getGlobalVisibleRect() to return non-empty rectangle)}' assertion on view view.getId() is <2131230951/ru.iteco.fmhandroid:id/container_list_news_include_on_fragment_main>
12-06 21:10:36.687 18921 19035 W teco.fmhandroi: Accessing hidden method Lsun/misc/Unsafe;->compareAndSwapObject(Ljava/lang/Object;JLjava/lang/Object;Ljava/lang/Object;)Z (greylist, linking, allowed)
12-06 21:10:36.694 18921 18921 I ViewInteraction: Performing 'wait for a specific view with <view.getId() is <2131230949>> during 10000 millis.' action on view view.getRootView() to equal view
12-06 21:10:36.697 18921 18965 W teco.fmhandroi: Accessing hidden method Lsun/misc/Unsafe;->compareAndSwapObject(Ljava/lang/Object;JLjava/lang/Object;Ljava/lang/Object;)Z (greylist, linking, allowed)
12-06 21:10:36.700 18921 18921 I ViewInteraction: Checking 'MatchesViewAssertion{viewMatcher=(view has effective visibility <VISIBLE> and view.getGlobalVisibleRect() to return non-empty rectangle)}' assertion on view view.getId() is <2131230949/ru.iteco.fmhandroid:id/container_list_claim_include_on_fragment_main>
12-06 21:10:36.704 18921 18965 W teco.fmhandroi: Accessing hidden method Lsun/misc/Unsafe;->compareAndSwapObject(Ljava/lang/Object;JLjava/lang/Object;Ljava/lang/Object;)Z (greylist, linking, allowed)
12-06 21:10:36.706 18921 18921 I ViewInteraction: Performing 'wait for a specific view with <an instance of android.widget.TextView and view.getText() with or without transformation to match: is "Claims"> during 10000 millis.' action on view view.getRootView() to equal view
12-06 21:10:36.712 18921 18921 I ViewInteraction: Checking 'MatchesViewAssertion{viewMatcher=(view has effective visibility <VISIBLE> and view.getGlobalVisibleRect() to return non-empty rectangle)}' assertion on view an instance of android.widget.TextView and view.getText() with or without transformation to match: is "Claims"
12-06 21:10:36.717 18921 18921 I ViewInteraction: Performing 'wait for a specific view with <view.getId() is <2131231123>> during 10000 millis.' action on view view.getRootView() to equal view
12-06 21:10:36.718 18921 18965 W teco.fmhandroi: Accessing hidden method Lsun/misc/Unsafe;->compareAndSwapObject(Ljava/lang/Object;JLjava/lang/Object;Ljava/lang/Object;)Z (greylist, linking, allowed)
12-06 21:10:36.722 18921 18921 I ViewInteraction: Performing 'single click' action on view view.getId() is <2131231123/ru.iteco.fmhandroid:id/main_menu_image_button>
12-06 21:10:37.123  1788  1978 D AF::Track: interceptBuffer: took 215us to intercept 0 tracks
12-06 21:10:37.283  1776  1776 D gralloc_ranchu: gralloc_alloc: Creating ashmem region of size 2015232
12-06 21:10:37.300  1776  1776 I chatty  : uid=1000(system) allocator@2.0-s identical 1 line
12-06 21:10:37.301  1776  1776 D gralloc_ranchu: gralloc_alloc: Creating ashmem region of size 2015232
12-06 21:10:37.342 18921 19010 D EGL_emulation: eglMakeCurrent: 0xdd81b320: ver 2 0 (tinfo 0xc31f4b40)
12-06 21:10:37.478 18921 19010 I chatty  : uid=10146(ru.iteco.fmhandroid) RenderThread identical 3 lines
12-06 21:10:37.498 18921 19010 D EGL_emulation: eglMakeCurrent: 0xdd81b320: ver 2 0 (tinfo 0xc31f4b40)
12-06 21:10:37.722 18921 18965 W teco.fmhandroi: Accessing hidden method Lsun/misc/Unsafe;->compareAndSwapObject(Ljava/lang/Object;JLjava/lang/Object;Ljava/lang/Object;)Z (greylist, linking, allowed)
12-06 21:10:37.726 18921 18921 I ViewInteraction: Performing 'wait for a specific view with <an instance of android.widget.TextView and view.getText() with or without transformation to match: is "Claims"> during 10000 millis.' action on view view.getRootView() to equal view
12-06 21:10:37.731 18921 18921 I ViewInteraction: Performing 'single click' action on view an instance of android.widget.TextView and view.getText() with or without transformation to match: is "Claims"
12-06 21:10:37.894 18921 19043 I okhttp.OkHttpClient: --> GET http://www.981757-ca08998.tmweb.ru:8080/fmh/claims
12-06 21:10:37.894 18921 19043 I okhttp.OkHttpClient: --> END GET
12-06 21:10:37.905  1744 19044 E ResolverController: No valid NAT64 prefix (100, <unspecified>/0)
12-06 21:10:37.984 18921 19010 D EGL_emulation: eglMakeCurrent: 0xdd81b320: ver 2 0 (tinfo 0xc31f4b40)
12-06 21:10:38.029 18921 19010 D EGL_emulation: eglMakeCurrent: 0xdd81b320: ver 2 0 (tinfo 0xc31f4b40)
12-06 21:10:38.120 18921 19035 W teco.fmhandroi: Accessing hidden method Lsun/misc/Unsafe;->compareAndSwapObject(Ljava/lang/Object;JLjava/lang/Object;Ljava/lang/Object;)Z (greylist, linking, allowed)
12-06 21:10:38.124 18921 18921 I ViewInteraction: Performing 'wait for a specific view with <view.getId() is <2131230849>> during 10000 millis.' action on view view.getRootView() to equal view
12-06 21:10:38.131 18921 19035 W teco.fmhandroi: Accessing hidden method Lsun/misc/Unsafe;->compareAndSwapObject(Ljava/lang/Object;JLjava/lang/Object;Ljava/lang/Object;)Z (greylist, linking, allowed)
12-06 21:10:38.135 18921 18921 I ViewInteraction: Performing 'single click' action on view view.getId() is <2131230849/ru.iteco.fmhandroid:id/add_new_claim_material_button>
12-06 21:10:38.153 18921 18934 I teco.fmhandroi: Background young concurrent copying GC freed 41349(1936KB) AllocSpace objects, 1(16KB) LOS objects, 8% free, 10MB/11MB, paused 1.950ms total 133.659ms
12-06 21:10:38.411 18921 19019 I okhttp.OkHttpClient: --> GET http://www.981757-ca08998.tmweb.ru:8080/fmh/users
12-06 21:10:38.412 18921 19019 I okhttp.OkHttpClient: --> END GET
12-06 21:10:38.465 18921 18934 I teco.fmhandroi: Background concurrent copying GC freed 14690(795KB) AllocSpace objects, 1(16KB) LOS objects, 36% free, 10MB/16MB, paused 1.392ms total 191.486ms
12-06 21:10:38.653 18921 18965 W teco.fmhandroi: Accessing hidden method Lsun/misc/Unsafe;->compareAndSwapObject(Ljava/lang/Object;JLjava/lang/Object;Ljava/lang/Object;)Z (greylist, linking, allowed)
12-06 21:10:38.655 18921 18921 I ViewInteraction: Performing 'wait for a specific view with <view.getId() is <2131231041>> during 10000 millis.' action on view view.getRootView() to equal view
12-06 21:10:38.718 18921 19019 I okhttp.OkHttpClient: <-- 200 http://www.981757-ca08998.tmweb.ru:8080/fmh/users (304ms)
12-06 21:10:38.719 18921 19019 I okhttp.OkHttpClient: Vary: Origin
12-06 21:10:38.719 18921 19019 I okhttp.OkHttpClient: Vary: Access-Control-Request-Method
12-06 21:10:38.719 18921 19019 I okhttp.OkHttpClient: Vary: Access-Control-Request-Headers
12-06 21:10:38.719 18921 19019 I okhttp.OkHttpClient: X-Content-Type-Options: nosniff
12-06 21:10:38.719 18921 19019 I okhttp.OkHttpClient: X-XSS-Protection: 1; mode=block
12-06 21:10:38.719 18921 19019 I okhttp.OkHttpClient: Cache-Control: no-cache, no-store, max-age=0, must-revalidate
12-06 21:10:38.719 18921 19019 I okhttp.OkHttpClient: Pragma: no-cache
12-06 21:10:38.719 18921 19019 I okhttp.OkHttpClient: Expires: 0
12-06 21:10:38.719 18921 19019 I okhttp.OkHttpClient: X-Frame-Options: DENY
12-06 21:10:38.719 18921 19019 I okhttp.OkHttpClient: Content-Type: application/json
12-06 21:10:38.719 18921 19019 I okhttp.OkHttpClient: Transfer-Encoding: chunked
12-06 21:10:38.719 18921 19019 I okhttp.OkHttpClient: Date: Tue, 06 Dec 2022 21:10:39 GMT
12-06 21:10:38.720 18921 19019 I okhttp.OkHttpClient: Keep-Alive: timeout=60
12-06 21:10:38.720 18921 19019 I okhttp.OkHttpClient: Connection: keep-alive
12-06 21:10:38.720 18921 19019 I okhttp.OkHttpClient: [{"id":1,"firstName":"Петр","lastName":"Смирнов","middleName":"Петрович","admin":true},{"id":2,"firstName":"Данил","lastName":"Иванов","middleName":"Данилович","admin":true},{"id":3,"firstName":"Егор","lastName":"Петров","middleName":"Егорович","admin":false},{"id":4,"firstName":"Дмитрий","lastName":"Сидоров","middleName":"Дмитриевич","admin":false},{"id":5,"firstName":"Тест","lastName":"Тестов","middleName":"Тестович","admin":true},{"id":6,"firstName":"Diplom","lastName":"Netology","middleName":"QAMID","admin":true}]
12-06 21:10:38.720 18921 19019 I okhttp.OkHttpClient: <-- END HTTP (622-byte body)
12-06 21:10:39.162 18921 18965 W teco.fmhandroi: Accessing hidden method Lsun/misc/Unsafe;->compareAndSwapObject(Ljava/lang/Object;JLjava/lang/Object;Ljava/lang/Object;)Z (greylist, linking, allowed)
12-06 21:10:39.167 18921 18921 I ViewInteraction: Performing 'single click' action on view view.getId() is <2131231041/ru.iteco.fmhandroid:id/executor_drop_menu_auto_complete_text_view>
12-06 21:10:39.347  1776  1776 D gralloc_ranchu: gralloc_alloc: Creating ashmem region of size 4116480
12-06 21:10:39.352  1776  1776 I chatty  : uid=1000(system) allocator@2.0-s identical 1 line
12-06 21:10:39.353  1776  1776 D gralloc_ranchu: gralloc_alloc: Creating ashmem region of size 4116480
12-06 21:10:39.379 18921 19010 D EGL_emulation: eglMakeCurrent: 0xdd81b320: ver 2 0 (tinfo 0xc31f4b40)
12-06 21:10:39.429 18921 18921 I AssistStructure: Flattened final assist data: 6984 bytes, containing 2 windows, 53 views
12-06 21:10:39.466  2018  5907 D AutofillSession: Starting partition or augmented request for view id 1073741827@1117597442: STARTED_SESSION
12-06 21:10:39.473  2537  2537 W GInputConnectionWrapper: IPC IC_GET_TEXT_BEFORE_CURSOR_AND_FIX_SELECTION_INDICES took 170 ms
12-06 21:10:39.484 18921 19010 D EGL_emulation: eglMakeCurrent: 0xdd81b320: ver 2 0 (tinfo 0xc31f4b40)
12-06 21:10:39.526 18921 18921 I AssistStructure: Flattened final assist data: 6984 bytes, containing 2 windows, 53 views
12-06 21:10:39.540  2656  2656 W ktk     : Pending fill request while another request in the same session was triggered. [CONTEXT service_id=177 ]
12-06 21:10:39.544 18921 19010 D EGL_emulation: eglMakeCurrent: 0xdd81b320: ver 2 0 (tinfo 0xc31f4b40)
12-06 21:10:39.553  2537  2537 I KeyboardViewUtil: systemKeyboardHeightRatio:1.000000; userKeyboardHeightRatio:1.000000.
12-06 21:10:39.555  2537  2537 I AndroidIME: LatinIme.onActivate() : EditorInfo = Package = ru.iteco.fmhandroid : Type = Text : Learning = Disable : Suggestion = Show : AutoCorrection = Disable : Microphone = Show : NoPersonalizedLearning = Disable
12-06 21:10:39.629  2537  2537 I Conv2QueryExtension: Current locale: en_US, config allows these locales: de,en,es,fr,it,ms,pt,ta
12-06 21:10:39.630  2537  2537 I Conv2QueryExtension: Conv2Query not enabled due to current app [ru.iteco.fmhandroid] not in whitelist
12-06 21:10:39.630  2537  2537 I Conv2QueryExtension: onActivate() : Disabled by unsupported host app
12-06 21:10:39.644  2170  2566 D EGL_emulation: eglMakeCurrent: 0xe594e040: ver 2 0 (tinfo 0xc52450c0)
12-06 21:10:39.651  2656  2671 I .gms.persisten: Background young concurrent copying GC freed 63055(3350KB) AllocSpace objects, 36(2340KB) LOS objects, 24% free, 10MB/13MB, paused 1.307ms total 100.354ms
12-06 21:10:39.672  1776  1776 D gralloc_ranchu: gralloc_alloc: Creating ashmem region of size 9826304
12-06 21:10:39.697  2018  2051 D AutofillUI: destroySaveUiUiThread(): already destroyed
12-06 21:10:39.685  1776  1776 I chatty  : uid=1000(system) allocator@2.0-s identical 1 line
12-06 21:10:39.687  1776  1776 D gralloc_ranchu: gralloc_alloc: Creating ashmem region of size 9826304
12-06 21:10:39.702  2537  8546 D EGL_emulation: eglMakeCurrent: 0xc286ce00: ver 2 0 (tinfo 0xc335ede0)
12-06 21:10:39.715  2656  2656 W ktk     : Pending fill request while another request in the same session was triggered. [CONTEXT service_id=177 ]
12-06 21:10:39.777 18921 19010 D EGL_emulation: eglMakeCurrent: 0xdd81b320: ver 2 0 (tinfo 0xc31f4b40)
12-06 21:10:39.819  1776  1776 D gralloc_ranchu: gralloc_alloc: Creating ashmem region of size 3072000
12-06 21:10:39.830 18921 19010 D EGL_emulation: eglMakeCurrent: 0xdd81b320: ver 2 0 (tinfo 0xc31f4b40)
12-06 21:10:39.856  1776  1776 D gralloc_ranchu: gralloc_alloc: Creating ashmem region of size 3072000
12-06 21:10:39.861 18921 19010 D EGL_emulation: eglMakeCurrent: 0xdd81b320: ver 2 0 (tinfo 0xc31f4b40)
12-06 21:10:39.880 18921 19010 D EGL_emulation: eglMakeCurrent: 0xdd81b320: ver 2 0 (tinfo 0xc31f4b40)
12-06 21:10:39.894  1776  1776 D gralloc_ranchu: gralloc_alloc: Creating ashmem region of size 3072000
12-06 21:10:39.956 18921 18965 W teco.fmhandroi: Accessing hidden method Lsun/misc/Unsafe;->compareAndSwapObject(Ljava/lang/Object;JLjava/lang/Object;Ljava/lang/Object;)Z (greylist, linking, allowed)
12-06 21:10:39.957 18921 18921 I ViewInteraction: Performing 'close keyboard' action on view view.getRootView() to equal view
12-06 21:10:39.965  2537  2537 I PhenotypeExpConfig: refreshConfiguration() : Force = false : UpdateAvailable = false : Age = 484 minutes : MaxAge = 720 minutes
12-06 21:10:39.972  2537  2537 I AndroidIME: LatinIme.onDeactivate()
12-06 21:10:39.995  2537  8546 D EGL_emulation: eglMakeCurrent: 0xc286ce00: ver 2 0 (tinfo 0xc335ede0)
12-06 21:10:40.080 18921 19010 D EGL_emulation: eglMakeCurrent: 0xdd81b320: ver 2 0 (tinfo 0xc31f4b40)
12-06 21:10:40.116  1776  1776 D gralloc_ranchu: gralloc_alloc: Creating ashmem region of size 4116480
12-06 21:10:40.126 18921 19010 D EGL_emulation: eglMakeCurrent: 0xdd81b320: ver 2 0 (tinfo 0xc31f4b40)
12-06 21:10:40.142  1776  1776 D gralloc_ranchu: gralloc_alloc: Creating ashmem region of size 4116480
12-06 21:10:40.146 18921 19010 D EGL_emulation: eglMakeCurrent: 0xdd81b320: ver 2 0 (tinfo 0xc31f4b40)
12-06 21:10:40.162 18921 19010 D EGL_emulation: eglMakeCurrent: 0xdd81b320: ver 2 0 (tinfo 0xc31f4b40)
12-06 21:10:40.175  1776  1776 D gralloc_ranchu: gralloc_alloc: Creating ashmem region of size 4116480
12-06 21:10:40.294 18921 19010 D EGL_emulation: eglMakeCurrent: 0xdd81b320: ver 2 0 (tinfo 0xc31f4b40)
12-06 21:10:40.304 18921 18921 I ViewInteraction: Performing 'single click' action on view an instance of android.widget.TextView and view.getText() with or without transformation to match: is "Иванов Данил Данилович"
12-06 21:10:40.359 18921 19010 D EGL_emulation: eglMakeCurrent: 0xdd81b320: ver 2 0 (tinfo 0xc31f4b40)
12-06 21:10:40.446 18921 19010 D EGL_emulation: eglMakeCurrent: 0xdd81b320: ver 2 0 (tinfo 0xc31f4b40)
12-06 21:10:40.460  2018  3060 E InputDispatcher: Window handle Window{d26926b u0 PopupWindow:1ceba1a} has no registered input channel
12-06 21:10:40.470 18921 19010 D EGL_emulation: eglMakeCurrent: 0xdd81b320: ver 2 0 (tinfo 0xc31f4b40)
12-06 21:10:40.473  1788  1978 D AF::Track: interceptBuffer: took 474us to intercept 0 tracks
12-06 21:10:40.583 18921 18965 W teco.fmhandroi: Accessing hidden method Lsun/misc/Unsafe;->compareAndSwapObject(Ljava/lang/Object;JLjava/lang/Object;Ljava/lang/Object;)Z (greylist, linking, allowed)
12-06 21:10:40.585 18921 18921 I ViewInteraction: Performing 'wait for a specific view with <(view.getId() is <2131231402> and view.getParent() view.getParent() view.getId() is <2131231406>)> during 10000 millis.' action on view view.getRootView() to equal view
12-06 21:10:40.589 18921 18965 W teco.fmhandroi: Accessing hidden method Lsun/misc/Unsafe;->compareAndSwapObject(Ljava/lang/Object;JLjava/lang/Object;Ljava/lang/Object;)Z (greylist, linking, allowed)
12-06 21:10:40.592 18921 18921 I ViewInteraction: Performing 'replace text(Заголовок a8ead882-cb24-47df-88d6-324459ac423c)' action on view (view.getId() is <2131231402/ru.iteco.fmhandroid:id/title_edit_text> and view.getParent() view.getParent() view.getId() is <2131231406/ru.iteco.fmhandroid:id/title_text_input_layout>)
12-06 21:10:40.604 18921 18965 W teco.fmhandroi: Accessing hidden method Lsun/misc/Unsafe;->compareAndSwapObject(Ljava/lang/Object;JLjava/lang/Object;Ljava/lang/Object;)Z (greylist, linking, allowed)
12-06 21:10:40.964 18921 18921 I ViewInteraction: Performing 'wait for a specific view with <view.getId() is <2131230975>> during 10000 millis.' action on view view.getRootView() to equal view
12-06 21:10:40.968 18921 18965 W teco.fmhandroi: Accessing hidden method Lsun/misc/Unsafe;->compareAndSwapObject(Ljava/lang/Object;JLjava/lang/Object;Ljava/lang/Object;)Z (greylist, linking, allowed)
12-06 21:10:40.972 18921 18921 I ViewInteraction: Performing 'single click' action on view view.getId() is <2131230975/ru.iteco.fmhandroid:id/date_in_plan_text_input_edit_text>
12-06 21:10:41.218  1776  1776 D gralloc_ranchu: gralloc_alloc: Creating ashmem region of size 6778880
12-06 21:10:41.229  1776  1776 I chatty  : uid=1000(system) allocator@2.0-s identical 1 line
12-06 21:10:41.230  1776  1776 D gralloc_ranchu: gralloc_alloc: Creating ashmem region of size 6778880
12-06 21:10:41.264 18921 19010 D EGL_emulation: eglMakeCurrent: 0xdd81b320: ver 2 0 (tinfo 0xc31f4b40)
12-06 21:10:41.476 18921 19010 I chatty  : uid=10146(ru.iteco.fmhandroid) RenderThread identical 3 lines
12-06 21:10:41.496 18921 19010 D EGL_emulation: eglMakeCurrent: 0xdd81b320: ver 2 0 (tinfo 0xc31f4b40)
12-06 21:10:41.701  2018  2058 E memtrack: Couldn't load memtrack module
12-06 21:10:41.701  2018  2058 W android.os.Debug: failed to get memory consumption info: -1
12-06 21:10:41.707  2018  2058 E memtrack: Couldn't load memtrack module
12-06 21:10:41.707  2018  2058 W android.os.Debug: failed to get memory consumption info: -1
12-06 21:10:41.750 18921 18965 W teco.fmhandroi: Accessing hidden method Lsun/misc/Unsafe;->compareAndSwapObject(Ljava/lang/Object;JLjava/lang/Object;Ljava/lang/Object;)Z (greylist, linking, allowed)
12-06 21:10:41.752 18921 18921 I ViewInteraction: Performing 'wait for a specific view with <is assignable from class <class android.widget.DatePicker>> during 10000 millis.' action on view view.getRootView() to equal view
12-06 21:10:41.757 18921 18921 I ViewInteraction: Checking 'MatchesViewAssertion{viewMatcher=(view has effective visibility <VISIBLE> and view.getGlobalVisibleRect() to return non-empty rectangle)}' assertion on view is assignable from class <class android.widget.DatePicker>
12-06 21:10:41.762 18921 18921 I ViewInteraction: Performing 'wait for a specific view with <is assignable from class <class android.widget.DatePicker>> during 10000 millis.' action on view view.getRootView() to equal view
12-06 21:10:41.767 18921 18921 I ViewInteraction: Performing 'set date' action on view is assignable from class <class android.widget.DatePicker>
12-06 21:10:41.795 18921 18921 I ViewInteraction: Performing 'wait for a specific view with <view.getId() is <16908313>> during 10000 millis.' action on view view.getRootView() to equal view
12-06 21:10:41.797 18921 18965 W teco.fmhandroi: Accessing hidden method Lsun/misc/Unsafe;->compareAndSwapObject(Ljava/lang/Object;JLjava/lang/Object;Ljava/lang/Object;)Z (greylist, linking, allowed)
12-06 21:10:41.801 18921 18921 I ViewInteraction: Performing 'single click' action on view view.getId() is <16908313/android:id/button1>
12-06 21:10:41.887 18921 19010 D EGL_emulation: eglMakeCurrent: 0xdd81b320: ver 2 0 (tinfo 0xc31f4b40)
12-06 21:10:41.907  2018  5837 E InputDispatcher: Window handle Window{be680b1 u0 ru.iteco.fmhandroid/ru.iteco.fmhandroid.ui.AppActivity} has no registered input channel
12-06 21:10:41.913 18921 19010 D EGL_emulation: eglMakeCurrent: 0xdd81b320: ver 2 0 (tinfo 0xc31f4b40)
12-06 21:10:42.244 18921 18965 W teco.fmhandroi: Accessing hidden method Lsun/misc/Unsafe;->compareAndSwapObject(Ljava/lang/Object;JLjava/lang/Object;Ljava/lang/Object;)Z (greylist, linking, allowed)
12-06 21:10:42.246 18921 18921 I ViewInteraction: Performing 'wait for a specific view with <(an instance of android.widget.TextView and view.getHint() matching: is "Time" and view.getParent() view.getParent() view.getId() is <2131231399>)> during 10000 millis.' action on view view.getRootView() to equal view
12-06 21:10:42.250 18921 18965 W teco.fmhandroi: Accessing hidden method Lsun/misc/Unsafe;->compareAndSwapObject(Ljava/lang/Object;JLjava/lang/Object;Ljava/lang/Object;)Z (greylist, linking, allowed)
12-06 21:10:42.254 18921 18921 I ViewInteraction: Performing 'single click' action on view (an instance of android.widget.TextView and view.getHint() matching: is "Time" and view.getParent() view.getParent() view.getId() is <2131231399/ru.iteco.fmhandroid:id/time_in_plan_text_input_layout>)
12-06 21:10:42.500  1776  1776 D gralloc_ranchu: gralloc_alloc: Creating ashmem region of size 5718016
12-06 21:10:42.509  1776  1776 I chatty  : uid=1000(system) allocator@2.0-s identical 1 line
12-06 21:10:42.510  1776  1776 D gralloc_ranchu: gralloc_alloc: Creating ashmem region of size 5718016
12-06 21:10:42.532 18921 19010 D EGL_emulation: eglMakeCurrent: 0xdd81b320: ver 2 0 (tinfo 0xc31f4b40)
12-06 21:10:42.577 18921 19010 I chatty  : uid=10146(ru.iteco.fmhandroid) RenderThread identical 1 line
12-06 21:10:42.600 18921 19010 D EGL_emulation: eglMakeCurrent: 0xdd81b320: ver 2 0 (tinfo 0xc31f4b40)
12-06 21:10:42.676 18921 19042 I okhttp.OkHttpClient: <-- 200 http://www.981757-ca08998.tmweb.ru:8080/fmh/claims (6228ms)
12-06 21:10:42.677 18921 19042 I okhttp.OkHttpClient: Vary: Origin
12-06 21:10:42.677 18921 19042 I okhttp.OkHttpClient: Vary: Access-Control-Request-Method
12-06 21:10:42.677 18921 19042 I okhttp.OkHttpClient: Vary: Access-Control-Request-Headers
12-06 21:10:42.677 18921 19042 I okhttp.OkHttpClient: X-Content-Type-Options: nosniff
12-06 21:10:42.677 18921 19042 I okhttp.OkHttpClient: X-XSS-Protection: 1; mode=block
12-06 21:10:42.677 18921 19042 I okhttp.OkHttpClient: Cache-Control: no-cache, no-store, max-age=0, must-revalidate
12-06 21:10:42.677 18921 19042 I okhttp.OkHttpClient: Pragma: no-cache
12-06 21:10:42.677 18921 19042 I okhttp.OkHttpClient: Expires: 0
12-06 21:10:42.677 18921 19042 I okhttp.OkHttpClient: X-Frame-Options: DENY
12-06 21:10:42.677 18921 19042 I okhttp.OkHttpClient: Content-Type: application/json
12-06 21:10:42.678 18921 19042 I okhttp.OkHttpClient: Transfer-Encoding: chunked
12-06 21:10:42.679 18921 19042 I okhttp.OkHttpClient: Date: Tue, 06 Dec 2022 21:10:43 GMT
12-06 21:10:42.680 18921 19042 I okhttp.OkHttpClient: Keep-Alive: timeout=60
12-06 21:10:42.680 18921 19042 I okhttp.OkHttpClient: Connection: keep-alive
12-06 21:10:42.708 18921 19010 D EGL_emulation: eglMakeCurrent: 0xdd81b320: ver 2 0 (tinfo 0xc31f4b40)
12-06 21:10:42.933 18921 18965 W teco.fmhandroi: Accessing hidden method Lsun/misc/Unsafe;->compareAndSwapObject(Ljava/lang/Object;JLjava/lang/Object;Ljava/lang/Object;)Z (greylist, linking, allowed)
12-06 21:10:42.936 18921 18921 I ViewInteraction: Performing 'wait for a specific view with <is assignable from class <class android.widget.TimePicker>> during 10000 millis.' action on view view.getRootView() to equal view
12-06 21:10:42.942 18921 18921 I ViewInteraction: Checking 'MatchesViewAssertion{viewMatcher=(view has effective visibility <VISIBLE> and view.getGlobalVisibleRect() to return non-empty rectangle)}' assertion on view is assignable from class <class android.widget.TimePicker>
12-06 21:10:42.946 18921 18921 I ViewInteraction: Performing 'wait for a specific view with <is assignable from class <class android.widget.TimePicker>> during 10000 millis.' action on view view.getRootView() to equal view
12-06 21:10:42.951 18921 18921 I ViewInteraction: Performing 'set time' action on view is assignable from class <class android.widget.TimePicker>
12-06 21:10:42.955 18921 18921 I ViewInteraction: Performing 'wait for a specific view with <view.getId() is <16908313/android:id/button1>> during 10000 millis.' action on view view.getRootView() to equal view
12-06 21:10:42.958 18921 18965 W teco.fmhandroi: Accessing hidden method Lsun/misc/Unsafe;->compareAndSwapObject(Ljava/lang/Object;JLjava/lang/Object;Ljava/lang/Object;)Z (greylist, linking, allowed)
12-06 21:10:42.961 18921 18921 I ViewInteraction: Performing 'single click' action on view view.getId() is <16908313/android:id/button1>
12-06 21:10:43.027 18921 19010 D EGL_emulation: eglMakeCurrent: 0xdd81b320: ver 2 0 (tinfo 0xc31f4b40)
12-06 21:10:43.060 18921 19010 D EGL_emulation: eglMakeCurrent: 0xdd81b320: ver 2 0 (tinfo 0xc31f4b40)
12-06 21:10:43.082  2018  2693 E InputDispatcher: Window handle Window{89bd334 u0 ru.iteco.fmhandroid/ru.iteco.fmhandroid.ui.AppActivity} has no registered input channel
12-06 21:10:43.088 18921 19010 D EGL_emulation: eglMakeCurrent: 0xdd81b320: ver 2 0 (tinfo 0xc31f4b40)
12-06 21:10:43.118 18921 19043 I okhttp.OkHttpClient: <-- 200 http://www.981757-ca08998.tmweb.ru:8080/fmh/claims (5223ms)
12-06 21:10:43.119 18921 19043 I okhttp.OkHttpClient: Vary: Origin
12-06 21:10:43.119 18921 19043 I okhttp.OkHttpClient: Vary: Access-Control-Request-Method
12-06 21:10:43.120 18921 19043 I okhttp.OkHttpClient: Vary: Access-Control-Request-Headers
12-06 21:10:43.120 18921 19043 I okhttp.OkHttpClient: X-Content-Type-Options: nosniff
12-06 21:10:43.120 18921 19043 I okhttp.OkHttpClient: X-XSS-Protection: 1; mode=block
12-06 21:10:43.120 18921 19043 I okhttp.OkHttpClient: Cache-Control: no-cache, no-store, max-age=0, must-revalidate
12-06 21:10:43.120 18921 19043 I okhttp.OkHttpClient: Pragma: no-cache
12-06 21:10:43.120 18921 19043 I okhttp.OkHttpClient: Expires: 0
12-06 21:10:43.120 18921 19043 I okhttp.OkHttpClient: X-Frame-Options: DENY
12-06 21:10:43.120 18921 19043 I okhttp.OkHttpClient: Content-Type: application/json
12-06 21:10:43.121 18921 19043 I okhttp.OkHttpClient: Transfer-Encoding: chunked
12-06 21:10:43.121 18921 19043 I okhttp.OkHttpClient: Date: Tue, 06 Dec 2022 21:10:43 GMT
12-06 21:10:43.121 18921 19043 I okhttp.OkHttpClient: Keep-Alive: timeout=60
12-06 21:10:43.121 18921 19043 I okhttp.OkHttpClient: Connection: keep-alive
12-06 21:10:43.397 18921 18965 W teco.fmhandroi: Accessing hidden method Lsun/misc/Unsafe;->compareAndSwapObject(Ljava/lang/Object;JLjava/lang/Object;Ljava/lang/Object;)Z (greylist, linking, allowed)
12-06 21:10:43.400 18921 18921 I ViewInteraction: Performing 'wait for a specific view with <(an instance of android.widget.TextView and view.getHint() matching: is "Description" and view.getParent() view.getParent() view.getId() is <2131230988>)> during 10000 millis.' action on view view.getRootView() to equal view
12-06 21:10:43.402 18921 18965 W teco.fmhandroi: Accessing hidden method Lsun/misc/Unsafe;->compareAndSwapObject(Ljava/lang/Object;JLjava/lang/Object;Ljava/lang/Object;)Z (greylist, linking, allowed)
12-06 21:10:43.408 18921 18921 I ViewInteraction: Performing 'replace text(Описание 44078a2d-970c-42d8-96a5-5d2e5880c610)' action on view (an instance of android.widget.TextView and view.getHint() matching: is "Description" and view.getParent() view.getParent() view.getId() is <2131230988/ru.iteco.fmhandroid:id/description_text_input_layout>)
12-06 21:10:43.429 18921 18965 W teco.fmhandroi: Accessing hidden method Lsun/misc/Unsafe;->compareAndSwapObject(Ljava/lang/Object;JLjava/lang/Object;Ljava/lang/Object;)Z (greylist, linking, allowed)
12-06 21:10:43.485 18921 18921 I ViewInteraction: Performing 'wait for a specific view with <view.getId() is <2131231291>> during 10000 millis.' action on view view.getRootView() to equal view
12-06 21:10:43.487 18921 18965 W teco.fmhandroi: Accessing hidden method Lsun/misc/Unsafe;->compareAndSwapObject(Ljava/lang/Object;JLjava/lang/Object;Ljava/lang/Object;)Z (greylist, linking, allowed)
12-06 21:10:43.491 18921 18921 I ViewInteraction: Performing 'single click' action on view view.getId() is <2131231291/ru.iteco.fmhandroid:id/save_button>
12-06 21:10:43.572 18921 19048 I okhttp.OkHttpClient: --> POST http://www.981757-ca08998.tmweb.ru:8080/fmh/claims
12-06 21:10:43.572 18921 19048 I okhttp.OkHttpClient: Content-Type: application/json; charset=UTF-8
12-06 21:10:43.572 18921 19048 I okhttp.OkHttpClient: Content-Length: 294
12-06 21:10:43.573 18921 19048 I okhttp.OkHttpClient: {"createDate":1670361043,"creatorId":2,"creatorName":"Иванов Данил Данилович","description":"Описание 44078a2d-970c-42d8-96a5-5d2e5880c610","executorId":2,"planExecuteDate":1670361000,"status":"OPEN","title":"Заголовок a8ead882-cb24-47df-88d6-324459ac423c"}
12-06 21:10:43.573 18921 19048 I okhttp.OkHttpClient: --> END POST (294-byte body)
12-06 21:10:43.577  1744 19049 E ResolverController: No valid NAT64 prefix (100, <unspecified>/0)
12-06 21:10:43.797 18921 18965 W teco.fmhandroi: Accessing hidden method Lsun/misc/Unsafe;->compareAndSwapObject(Ljava/lang/Object;JLjava/lang/Object;Ljava/lang/Object;)Z (greylist, linking, allowed)
12-06 21:10:43.799 18921 18921 I ViewInteraction: Performing 'wait for a specific view with <view.getId() is <2131230916>> during 10000 millis.' action on view view.getRootView() to equal view
12-06 21:10:43.942 18921 19048 I okhttp.OkHttpClient: <-- 200 http://www.981757-ca08998.tmweb.ru:8080/fmh/claims (368ms)
12-06 21:10:43.943 18921 19048 I okhttp.OkHttpClient: Vary: Origin
12-06 21:10:43.944 18921 19048 I okhttp.OkHttpClient: Vary: Access-Control-Request-Method
12-06 21:10:43.944 18921 19048 I okhttp.OkHttpClient: Vary: Access-Control-Request-Headers
12-06 21:10:43.944 18921 19048 I okhttp.OkHttpClient: X-Content-Type-Options: nosniff
12-06 21:10:43.945 18921 19048 I okhttp.OkHttpClient: X-XSS-Protection: 1; mode=block
12-06 21:10:43.945 18921 19048 I okhttp.OkHttpClient: Cache-Control: no-cache, no-store, max-age=0, must-revalidate
12-06 21:10:43.945 18921 19048 I okhttp.OkHttpClient: Pragma: no-cache
12-06 21:10:43.946 18921 19048 I okhttp.OkHttpClient: Expires: 0
