--------- beginning of main
12-08 04:46:32.923  8193  8206 I teco.fmhandroi: Background young concurrent copying GC freed 30645(1456KB) AllocSpace objects, 1(16KB) LOS objects, 6% free, 11MB/12MB, paused 952us total 162.564ms
12-08 04:46:33.148  8193  8206 I teco.fmhandroi: Background concurrent copying GC freed 15682(682KB) AllocSpace objects, 0(0B) LOS objects, 34% free, 11MB/17MB, paused 1.410ms total 171.385ms
12-08 04:46:33.165  8193  8317 I okhttp.OkHttpClient: <-- 200 http://www.981757-ca08998.tmweb.ru:8080/fmh/claims (2453ms)
12-08 04:46:33.166  8193  8317 I okhttp.OkHttpClient: Vary: Origin
12-08 04:46:33.166  8193  8317 I okhttp.OkHttpClient: Vary: Access-Control-Request-Method
12-08 04:46:33.166  8193  8317 I okhttp.OkHttpClient: Vary: Access-Control-Request-Headers
12-08 04:46:33.166  8193  8317 I okhttp.OkHttpClient: X-Content-Type-Options: nosniff
12-08 04:46:33.166  8193  8317 I okhttp.OkHttpClient: X-XSS-Protection: 1; mode=block
12-08 04:46:33.167  8193  8317 I okhttp.OkHttpClient: Cache-Control: no-cache, no-store, max-age=0, must-revalidate
12-08 04:46:33.167  8193  8317 I okhttp.OkHttpClient: Pragma: no-cache
12-08 04:46:33.167  8193  8317 I okhttp.OkHttpClient: Expires: 0
12-08 04:46:33.167  8193  8317 I okhttp.OkHttpClient: X-Frame-Options: DENY
12-08 04:46:33.168  8193  8317 I okhttp.OkHttpClient: Content-Type: application/json
12-08 04:46:33.168  8193  8317 I okhttp.OkHttpClient: Transfer-Encoding: chunked
12-08 04:46:33.168  8193  8317 I okhttp.OkHttpClient: Date: Thu, 08 Dec 2022 09:46:35 GMT
12-08 04:46:33.169  8193  8317 I okhttp.OkHttpClient: Keep-Alive: timeout=60
12-08 04:46:33.169  8193  8317 I okhttp.OkHttpClient: Connection: keep-alive
12-08 04:46:33.407  8193  8237 W teco.fmhandroi: Accessing hidden method Lsun/misc/Unsafe;->compareAndSwapObject(Ljava/lang/Object;JLjava/lang/Object;Ljava/lang/Object;)Z (greylist, linking, allowed)
12-08 04:46:33.412  8193  8193 I ViewInteraction: Performing 'wait for a specific view with <an instance of android.widget.TextView and view.getText() with or without transformation to match: is "News"> during 10000 millis.' action on view view.getRootView() to equal view
12-08 04:46:33.418  8193  8193 I ViewInteraction: Checking 'MatchesViewAssertion{viewMatcher=(view has effective visibility <VISIBLE> and view.getGlobalVisibleRect() to return non-empty rectangle)}' assertion on view an instance of android.widget.TextView and view.getText() with or without transformation to match: is "News"
12-08 04:46:33.421  8193  8310 W teco.fmhandroi: Accessing hidden method Lsun/misc/Unsafe;->compareAndSwapObject(Ljava/lang/Object;JLjava/lang/Object;Ljava/lang/Object;)Z (greylist, linking, allowed)
12-08 04:46:33.424  8193  8193 I ViewInteraction: Performing 'wait for a specific view with <view.getId() is <2131230951>> during 10000 millis.' action on view view.getRootView() to equal view
12-08 04:46:33.428  8193  8237 W teco.fmhandroi: Accessing hidden method Lsun/misc/Unsafe;->compareAndSwapObject(Ljava/lang/Object;JLjava/lang/Object;Ljava/lang/Object;)Z (greylist, linking, allowed)
12-08 04:46:33.431  8193  8193 I ViewInteraction: Checking 'MatchesViewAssertion{viewMatcher=(view has effective visibility <VISIBLE> and view.getGlobalVisibleRect() to return non-empty rectangle)}' assertion on view view.getId() is <2131230951/ru.iteco.fmhandroid:id/container_list_news_include_on_fragment_main>
12-08 04:46:33.434  8193  8310 W teco.fmhandroi: Accessing hidden method Lsun/misc/Unsafe;->compareAndSwapObject(Ljava/lang/Object;JLjava/lang/Object;Ljava/lang/Object;)Z (greylist, linking, allowed)
12-08 04:46:33.438  8193  8193 I ViewInteraction: Performing 'wait for a specific view with <view.getId() is <2131230949>> during 10000 millis.' action on view view.getRootView() to equal view
12-08 04:46:33.440  8193  8237 W teco.fmhandroi: Accessing hidden method Lsun/misc/Unsafe;->compareAndSwapObject(Ljava/lang/Object;JLjava/lang/Object;Ljava/lang/Object;)Z (greylist, linking, allowed)
12-08 04:46:33.443  8193  8193 I ViewInteraction: Checking 'MatchesViewAssertion{viewMatcher=(view has effective visibility <VISIBLE> and view.getGlobalVisibleRect() to return non-empty rectangle)}' assertion on view view.getId() is <2131230949/ru.iteco.fmhandroid:id/container_list_claim_include_on_fragment_main>
12-08 04:46:33.447  8193  8193 I ViewInteraction: Performing 'wait for a specific view with <an instance of android.widget.TextView and view.getText() with or without transformation to match: is "Claims"> during 10000 millis.' action on view view.getRootView() to equal view
12-08 04:46:33.454  8193  8193 I ViewInteraction: Checking 'MatchesViewAssertion{viewMatcher=(view has effective visibility <VISIBLE> and view.getGlobalVisibleRect() to return non-empty rectangle)}' assertion on view an instance of android.widget.TextView and view.getText() with or without transformation to match: is "Claims"
--------- beginning of system
12-08 04:46:33.474  2018  8097 I ActivityTaskManager: START u0 {act=android.intent.action.MAIN cat=[android.intent.category.LAUNCHER] flg=0x10000000 cmp=ru.iteco.fmhandroid.test/androidx.test.core.app.InstrumentationActivityInvoker$EmptyActivity} from uid 10146
12-08 04:46:33.536  8193  8193 D LifecycleMonitor: Lifecycle status change: ru.iteco.fmhandroid.ui.AppActivity@84c14ee in: PAUSED
12-08 04:46:33.536  8193  8193 V ActivityScenario: Update currentActivityStage to PAUSED, currentActivity=ru.iteco.fmhandroid.ui.AppActivity@84c14ee
12-08 04:46:33.554  8193  8231 V FA      : Recording user engagement, ms: 17455
12-08 04:46:33.563  2018  8097 W InputReader: Device has associated, but no associated display id.
12-08 04:46:33.599  2018  8097 I chatty  : uid=1000(system) Binder:2018_1B identical 48 lines
12-08 04:46:33.599  2018  8097 W InputReader: Device has associated, but no associated display id.
12-08 04:46:33.642  8249  8249 W ActivityThread: handleWindowVisibility: no activity for token android.os.BinderProxy@8831977
12-08 04:46:33.683  2018  2050 W Looper  : Slow dispatch took 112ms android.fg h=android.os.Handler c=com.android.server.Watchdog$HandlerChecker@cf140cc m=0
12-08 04:46:33.696  8193  8231 V FA      : Connecting to remote service
12-08 04:46:33.722  8193  8231 V FA      : Connection attempt already in progress
12-08 04:46:33.723  8193  8231 V FA      : Activity paused, time: 56556704
12-08 04:46:33.820  8193  8231 D FA      : Connected to remote service
12-08 04:46:33.822  8193  8231 V FA      : Processing queued up service tasks: 2
12-08 04:46:33.835  2018  4983 I ActivityTaskManager: START u0 {act=android.intent.action.MAIN cat=[android.intent.category.LAUNCHER] flg=0x10000000 cmp=ru.iteco.fmhandroid.test/androidx.test.core.app.InstrumentationActivityInvoker$EmptyActivity} from uid 10146
12-08 04:46:33.916  2018  4983 W InputReader: Device has associated, but no associated display id.
12-08 04:46:33.925  2018  4983 I chatty  : uid=1000(system) Binder:2018_13 identical 38 lines
12-08 04:46:33.925  2018  4983 W InputReader: Device has associated, but no associated display id.
12-08 04:46:33.925  2873  8240 V FA-SVC  : Logging event: origin=auto,name=user_engagement(_e),params=Bundle[{ga_event_origin(_o)=auto, engagement_time_msec(_et)=17455, ga_screen_class(_sc)=AppActivity, ga_screen_id(_si)=-8006609871077452402}]
12-08 04:46:33.928  2018  4983 W InputReader: Device has associated, but no associated display id.
12-08 04:46:33.928  2018  4983 I chatty  : uid=1000(system) Binder:2018_13 identical 8 lines
12-08 04:46:33.928  2018  4983 W InputReader: Device has associated, but no associated display id.
12-08 04:46:33.981  8249  8280 D HostConnection: HostConnection::get() New Host Connection established 0xda28ec30, tid 8280
12-08 04:46:33.984  8249  8280 D HostConnection: HostComposition ext ANDROID_EMU_CHECKSUM_HELPER_v1 ANDROID_EMU_dma_v1 ANDROID_EMU_direct_mem ANDROID_EMU_host_composition_v1 ANDROID_EMU_host_composition_v2 ANDROID_EMU_vulkan ANDROID_EMU_deferred_vulkan_commands ANDROID_EMU_vulkan_null_optional_strings ANDROID_EMU_vulkan_create_resources_with_requirements ANDROID_EMU_YUV_Cache ANDROID_EMU_vulkan_ignored_handles ANDROID_EMU_vulkan_free_memory_sync ANDROID_EMU_vulkan_shader_float16_int8 ANDROID_EMU_vulkan_async_queue_submit ANDROID_EMU_sync_buffer_data GL_OES_vertex_array_object GL_KHR_texture_compression_astc_ldr ANDROID_EMU_host_side_tracing ANDROID_EMU_gles_max_version_2 
12-08 04:46:33.994  8249  8280 W OpenGLRenderer: Failed to choose config with EGL_SWAP_BEHAVIOR_PRESERVED, retrying without...
12-08 04:46:34.032  2873  8240 V FA-SVC  : Upload scheduled in approximately ms: 1521117
12-08 04:46:34.032  2873  8240 V FA-SVC  : Unscheduling upload
12-08 04:46:34.050  8249  8280 D EGL_emulation: eglCreateContext: 0xe597f280: maj 2 min 0 rcv 2
12-08 04:46:34.055  8249  8280 D EGL_emulation: eglMakeCurrent: 0xe597f280: ver 2 0 (tinfo 0xf0c893b0)
12-08 04:46:34.058  2873  8240 V FA-SVC  : Scheduling upload, millis: 1521117
12-08 04:46:34.069  2873  8240 V FA-SVC  : Background event processing time, ms: 154
12-08 04:46:34.075  1776  1825 D gralloc_ranchu: gralloc_alloc: Creating ashmem region of size 10108928
12-08 04:46:34.078  1648  1648 I hwservicemanager: getTransport: Cannot find entry android.hardware.graphics.mapper@3.0::IMapper/default in either framework or device manifest.
12-08 04:46:34.079  8249  8280 W Gralloc3: mapper 3.x is not supported
12-08 04:46:34.087  8249  8280 D HostConnection: createUnique: call
12-08 04:46:34.088  8249  8280 D HostConnection: HostConnection::get() New Host Connection established 0xda290670, tid 8280
12-08 04:46:34.112  8249  8280 D HostConnection: HostComposition ext ANDROID_EMU_CHECKSUM_HELPER_v1 ANDROID_EMU_dma_v1 ANDROID_EMU_direct_mem ANDROID_EMU_host_composition_v1 ANDROID_EMU_host_composition_v2 ANDROID_EMU_vulkan ANDROID_EMU_deferred_vulkan_commands ANDROID_EMU_vulkan_null_optional_strings ANDROID_EMU_vulkan_create_resources_with_requirements ANDROID_EMU_YUV_Cache ANDROID_EMU_vulkan_ignored_handles ANDROID_EMU_vulkan_free_memory_sync ANDROID_EMU_vulkan_shader_float16_int8 ANDROID_EMU_vulkan_async_queue_submit ANDROID_EMU_sync_buffer_data GL_OES_vertex_array_object GL_KHR_texture_compression_astc_ldr ANDROID_EMU_host_side_tracing ANDROID_EMU_gles_max_version_2 
12-08 04:46:34.112  8249  8280 D eglCodecCommon: allocate: Ask for block of size 0x1000
12-08 04:46:34.112  8249  8280 D eglCodecCommon: allocate: ioctl allocate returned offset 0x3ff647000 size 0x2000
12-08 04:46:34.114  1776  1825 D gralloc_ranchu: gralloc_alloc: Creating ashmem region of size 10108928
12-08 04:46:34.121  1776  1825 D gralloc_ranchu: gralloc_alloc: Creating ashmem region of size 10108928
12-08 04:46:34.123  8249  8280 D EGL_emulation: eglMakeCurrent: 0xe597f280: ver 2 0 (tinfo 0xf0c893b0)
12-08 04:46:34.194  2656  8077 E SQLiteDatabase: Error inserting flex_time=1521000 job_id=-1 period=3043000 source=16 requires_charging=0 preferred_network_type=1 target_class=com.google.android.gms.measurement.PackageMeasurementTaskService user_id=0 target_package=com.google.android.gms tag=Measurement.PackageMeasurementTaskService.UPLOAD_TASK_TAG task_type=0 required_idleness_state=0 service_kind=0 source_version=202414000 persistence_level=1 preferred_charging_state=1 required_network_type=0 runtime=1670492794087 retry_strategy={"maximum_backoff_seconds":{"3600":0},"initial_backoff_seconds":{"30":0},"retry_policy":{"0":0}} last_runtime=0
12-08 04:46:34.194  2656  8077 E SQLiteDatabase: android.database.sqlite.SQLiteConstraintException: UNIQUE constraint failed: pending_ops.tag, pending_ops.target_class, pending_ops.target_package, pending_ops.user_id (code 2067 SQLITE_CONSTRAINT_UNIQUE)
12-08 04:46:34.194  2656  8077 E SQLiteDatabase: 	at android.database.sqlite.SQLiteConnection.nativeExecuteForLastInsertedRowId(Native Method)
12-08 04:46:34.194  2656  8077 E SQLiteDatabase: 	at android.database.sqlite.SQLiteConnection.executeForLastInsertedRowId(SQLiteConnection.java:879)
12-08 04:46:34.194  2656  8077 E SQLiteDatabase: 	at android.database.sqlite.SQLiteSession.executeForLastInsertedRowId(SQLiteSession.java:790)
12-08 04:46:34.194  2656  8077 E SQLiteDatabase: 	at android.database.sqlite.SQLiteStatement.executeInsert(SQLiteStatement.java:88)
12-08 04:46:34.194  2656  8077 E SQLiteDatabase: 	at android.database.sqlite.SQLiteDatabase.insertWithOnConflict(SQLiteDatabase.java:1599)
12-08 04:46:34.194  2656  8077 E SQLiteDatabase: 	at android.database.sqlite.SQLiteDatabase.insert(SQLiteDatabase.java:1468)
12-08 04:46:34.194  2656  8077 E SQLiteDatabase: 	at aqui.a(:com.google.android.gms@202414022@20.24.14 (040700-319035315):175)
12-08 04:46:34.194  2656  8077 E SQLiteDatabase: 	at aqtk.a(:com.google.android.gms@202414022@20.24.14 (040700-319035315):182)
12-08 04:46:34.194  2656  8077 E SQLiteDatabase: 	at aqtk.a(:com.google.android.gms@202414022@20.24.14 (040700-319035315):23)
12-08 04:46:34.194  2656  8077 E SQLiteDatabase: 	at aqtk.a(:com.google.android.gms@202414022@20.24.14 (040700-319035315):177)
12-08 04:46:34.194  2656  8077 E SQLiteDatabase: 	at aqpu.run(:com.google.android.gms@202414022@20.24.14 (040700-319035315):9)
12-08 04:46:34.194  2656  8077 E SQLiteDatabase: 	at soy.b(:com.google.android.gms@202414022@20.24.14 (040700-319035315):12)
12-08 04:46:34.194  2656  8077 E SQLiteDatabase: 	at soy.run(:com.google.android.gms@202414022@20.24.14 (040700-319035315):7)
12-08 04:46:34.194  2656  8077 E SQLiteDatabase: 	at java.util.concurrent.ThreadPoolExecutor.runWorker(ThreadPoolExecutor.java:1167)
12-08 04:46:34.194  2656  8077 E SQLiteDatabase: 	at java.util.concurrent.ThreadPoolExecutor$Worker.run(ThreadPoolExecutor.java:641)
12-08 04:46:34.194  2656  8077 E SQLiteDatabase: 	at sux.run(:com.google.android.gms@202414022@20.24.14 (040700-319035315):0)
12-08 04:46:34.194  2656  8077 E SQLiteDatabase: 	at java.lang.Thread.run(Thread.java:919)
12-08 04:46:34.226  8249  8249 W ActivityThread: handleWindowVisibility: no activity for token android.os.BinderProxy@19f414
12-08 04:46:34.264  2018  8097 W ActivityTaskManager: Duplicate finish request for ActivityRecord{986cf35 u0 ru.iteco.fmhandroid/.ui.AppActivity t279 f}
12-08 04:46:34.303  1776  1825 D gralloc_ranchu: gralloc_alloc: Creating ashmem region of size 10108928
12-08 04:46:34.315  1776  1825 I chatty  : uid=1000(system) HwBinder:1776_1 identical 1 line
12-08 04:46:34.317  1776  1825 D gralloc_ranchu: gralloc_alloc: Creating ashmem region of size 10108928
12-08 04:46:34.330  8249  8280 D EGL_emulation: eglMakeCurrent: 0xe597f280: ver 2 0 (tinfo 0xf0c893b0)
12-08 04:46:34.363  2018  2054 W InputReader: Device has associated, but no associated display id.
12-08 04:46:34.367  2018  2054 I chatty  : uid=1000(system) android.anim identical 18 lines
12-08 04:46:34.367  2018  2054 W InputReader: Device has associated, but no associated display id.
12-08 04:46:34.381  8193  8284 D EGL_emulation: eglMakeCurrent: 0xe593e500: ver 2 0 (tinfo 0xf0cc01a0)
12-08 04:46:34.398  2018  2058 I ActivityTaskManager: Displayed ru.iteco.fmhandroid.test/androidx.test.core.app.InstrumentationActivityInvoker$EmptyActivity: +753ms
12-08 04:46:34.403  2018  8097 W InputReader: Device has associated, but no associated display id.
12-08 04:46:34.403  2018  8097 I chatty  : uid=1000(system) Binder:2018_1B identical 8 lines
12-08 04:46:34.403  2018  8097 W InputReader: Device has associated, but no associated display id.
12-08 04:46:34.453  2018  4983 W InputReader: Device has associated, but no associated display id.
12-08 04:46:34.453  2018  4983 I chatty  : uid=1000(system) Binder:2018_13 identical 8 lines
12-08 04:46:34.453  2018  4983 W InputReader: Device has associated, but no associated display id.
12-08 04:46:34.487  8193  8193 D LifecycleMonitor: Lifecycle status change: ru.iteco.fmhandroid.ui.AppActivity@84c14ee in: STOPPED
12-08 04:46:34.488  8193  8193 V ActivityScenario: Update currentActivityStage to STOPPED, currentActivity=ru.iteco.fmhandroid.ui.AppActivity@84c14ee
12-08 04:46:34.523  8193  8193 W System.err: ru.iteco.fmhandroid.exceptions.UnknownException
12-08 04:46:34.539  8193  8193 W System.err: 	at ru.iteco.fmhandroid.utils.Utils.makeRequest(Utils.kt:123)
12-08 04:46:34.540  8193  8193 W System.err: 	at ru.iteco.fmhandroid.utils.Utils$makeRequest$1.invokeSuspend(Unknown Source:15)
12-08 04:46:34.541  8193  8193 W System.err: 	at kotlin.coroutines.jvm.internal.BaseContinuationImpl.resumeWith(ContinuationImpl.kt:33)
12-08 04:46:34.542  1776  1825 D gralloc_ranchu: gralloc_alloc: Creating ashmem region of size 10108928
12-08 04:46:34.545  8193  8193 W System.err: 	at kotlinx.coroutines.DispatchedTaskKt.resume(DispatchedTask.kt:234)
12-08 04:46:34.546  8193  8193 W System.err: 	at kotlinx.coroutines.DispatchedTaskKt.resumeUnconfined(DispatchedTask.kt:190)
12-08 04:46:34.546  8193  8193 W System.err: 	at kotlinx.coroutines.DispatchedTaskKt.dispatch(DispatchedTask.kt:161)
12-08 04:46:34.546  8193  8193 W System.err: 	at kotlinx.coroutines.CancellableContinuationImpl.dispatchResume(CancellableContinuationImpl.kt:397)
12-08 04:46:34.546  8193  8193 W System.err: 	at kotlinx.coroutines.CancellableContinuationImpl.cancel(CancellableContinuationImpl.kt:183)
12-08 04:46:34.548  8193  8193 W System.err: 	at kotlinx.coroutines.CancellableContinuationImpl.parentCancelled$kotlinx_coroutines_core(CancellableContinuationImpl.kt:190)
12-08 04:46:34.549  8193  8193 W System.err: 	at kotlinx.coroutines.ChildContinuation.invoke(JobSupport.kt:1474)
12-08 04:46:34.550  8193  8193 W System.err: 	at kotlinx.coroutines.JobSupport.notifyCancelling(JobSupport.kt:1499)
12-08 04:46:34.550  8193  8193 W System.err: 	at kotlinx.coroutines.JobSupport.tryMakeCancelling(JobSupport.kt:795)
12-08 04:46:34.550  8193  8193 W System.err: 	at kotlinx.coroutines.JobSupport.makeCancelling(JobSupport.kt:755)
12-08 04:46:34.550  8193  8193 W System.err: 	at kotlinx.coroutines.JobSupport.cancelImpl$kotlinx_coroutines_core(JobSupport.kt:671)
12-08 04:46:34.551  8193  8193 W System.err: 	at kotlinx.coroutines.JobSupport.parentCancelled(JobSupport.kt:637)
12-08 04:46:34.551  8193  8193 W System.err: 	at kotlinx.coroutines.ChildHandleNode.invoke(JobSupport.kt:1465)
12-08 04:46:34.551  8193  8193 W System.err: 	at kotlinx.coroutines.JobSupport.notifyCancelling(JobSupport.kt:1499)
12-08 04:46:34.551  8193  8193 W System.err: 	at kotlinx.coroutines.JobSupport.tryMakeCompletingSlowPath(JobSupport.kt:900)
12-08 04:46:34.558  8193  8193 W System.err: 	at kotlinx.coroutines.JobSupport.tryMakeCompleting(JobSupport.kt:863)
12-08 04:46:34.558  8193  8193 W System.err: 	at kotlinx.coroutines.JobSupport.cancelMakeCompleting(JobSupport.kt:696)
12-08 04:46:34.558  8193  8193 W System.err: 	at kotlinx.coroutines.JobSupport.cancelImpl$kotlinx_coroutines_core(JobSupport.kt:667)
12-08 04:46:34.558  8193  8193 W System.err: 	at kotlinx.coroutines.JobSupport.cancelInternal(JobSupport.kt:632)
12-08 04:46:34.558  8193  8193 W System.err: 	at kotlinx.coroutines.JobSupport.cancel(JobSupport.kt:617)
12-08 04:46:34.558  8193  8193 W System.err: 	at kotlinx.coroutines.JobKt__JobKt.cancel(Job.kt:561)
12-08 04:46:34.558  8193  8193 W System.err: 	at kotlinx.coroutines.JobKt.cancel(Unknown Source:1)
12-08 04:46:34.558  8193  8193 W System.err: 	at kotlinx.coroutines.JobKt__JobKt.cancel$default(Job.kt:560)
12-08 04:46:34.559  8193  8193 W System.err: 	at kotlinx.coroutines.JobKt.cancel$default(Unknown Source:1)
12-08 04:46:34.559  8193  8193 W System.err: 	at androidx.lifecycle.CloseableCoroutineScope.close(ViewModel.kt:51)
12-08 04:46:34.559  8193  8193 W System.err: 	at androidx.lifecycle.ViewModel.closeWithRuntimeException(ViewModel.java:188)
12-08 04:46:34.559  8193  8193 W System.err: 	at androidx.lifecycle.ViewModel.clear(ViewModel.java:134)
12-08 04:46:34.559  8193  8193 W System.err: 	at androidx.lifecycle.ViewModelStore.clear(ViewModelStore.java:62)
12-08 04:46:34.559  8193  8193 W System.err: 	at androidx.fragment.app.FragmentManagerViewModel.clearNonConfigStateInternal(FragmentManagerViewModel.java:210)
12-08 04:46:34.559  8193  8193 W System.err: 	at androidx.fragment.app.FragmentManagerViewModel.clearNonConfigState(FragmentManagerViewModel.java:190)
12-08 04:46:34.560  8193  8193 W System.err: 	at androidx.fragment.app.FragmentStateManager.destroy(FragmentStateManager.java:778)
12-08 04:46:34.560  8193  8193 W System.err: 	at androidx.fragment.app.FragmentStateManager.moveToExpectedState(FragmentStateManager.java:335)
12-08 04:46:34.560  8193  8193 W System.err: 	at androidx.fragment.app.FragmentStore.moveToExpectedState(FragmentStore.java:113)
12-08 04:46:34.560  8193  8193 W System.err: 	at androidx.fragment.app.FragmentManager.moveToState(FragmentManager.java:1374)
12-08 04:46:34.561  8193  8193 W System.err: 	at androidx.fragment.app.FragmentManager.dispatchStateChange(FragmentManager.java:2841)
12-08 04:46:34.562  8193  8193 W System.err: 	at androidx.fragment.app.FragmentManager.dispatchDestroy(FragmentManager.java:2820)
12-08 04:46:34.562  8193  8193 W System.err: 	at androidx.fragment.app.Fragment.performDestroy(Fragment.java:3246)
12-08 04:46:34.562  8193  8193 W System.err: 	at androidx.fragment.app.FragmentStateManager.destroy(FragmentStateManager.java:780)
12-08 04:46:34.562  8193  8193 W System.err: 	at androidx.fragment.app.FragmentStateManager.moveToExpectedState(FragmentStateManager.java:335)
12-08 04:46:34.562  8193  8193 W System.err: 	at androidx.fragment.app.SpecialEffectsController$FragmentStateManagerOperation.complete(SpecialEffectsController.java:771)
12-08 04:46:34.562  8193  8193 W System.err: 	at androidx.fragment.app.SpecialEffectsController$Operation.cancel(SpecialEffectsController.java:615)
12-08 04:46:34.562  8193  8193 W System.err: 	at androidx.fragment.app.SpecialEffectsController.forceCompleteAllOperations(SpecialEffectsController.java:350)
12-08 04:46:34.562  8193  8193 W System.err: 	at androidx.fragment.app.FragmentManager.dispatchStateChange(FragmentManager.java:2844)
12-08 04:46:34.562  8193  8193 W System.err: 	at androidx.fragment.app.FragmentManager.dispatchDestroy(FragmentManager.java:2820)
12-08 04:46:34.563  8193  8193 W System.err: 	at androidx.fragment.app.FragmentController.dispatchDestroy(FragmentController.java:345)
12-08 04:46:34.563  8193  8193 W System.err: 	at androidx.fragment.app.FragmentActivity.onDestroy(FragmentActivity.java:306)
12-08 04:46:34.563  8193  8193 W System.err: 	at androidx.appcompat.app.AppCompatActivity.onDestroy(AppCompatActivity.java:278)
12-08 04:46:34.563  8193  8193 W System.err: 	at android.app.Activity.performDestroy(Activity.java:8048)
12-08 04:46:34.563  8193  8193 W System.err: 	at android.app.Instrumentation.callActivityOnDestroy(Instrumentation.java:1334)
12-08 04:46:34.563  8193  8193 W System.err: 	at androidx.test.runner.MonitoringInstrumentation.callActivityOnDestroy(MonitoringInstrumentation.java:766)
12-08 04:46:34.563  8193  8193 W System.err: 	at android.app.ActivityThread.performDestroyActivity(ActivityThread.java:4926)
12-08 04:46:34.563  8193  8193 W System.err: 	at android.app.ActivityThread.handleDestroyActivity(ActivityThread.java:4970)
12-08 04:46:34.563  8193  8193 W System.err: 	at android.app.servertransaction.DestroyActivityItem.execute(DestroyActivityItem.java:44)
12-08 04:46:34.563  8193  8193 W System.err: 	at android.app.servertransaction.TransactionExecutor.executeLifecycleState(TransactionExecutor.java:176)
12-08 04:46:34.563  8193  8193 W System.err: 	at android.app.servertransaction.TransactionExecutor.execute(TransactionExecutor.java:97)
12-08 04:46:34.564  8193  8193 W System.err: 	at android.app.ActivityThread$H.handleMessage(ActivityThread.java:2016)
12-08 04:46:34.564  8193  8193 W System.err: 	at android.os.Handler.dispatchMessage(Handler.java:107)
12-08 04:46:34.564  8193  8193 W System.err: 	at android.os.Looper.loop(Looper.java:214)
12-08 04:46:34.564  8193  8193 W System.err: 	at android.app.ActivityThread.main(ActivityThread.java:7356)
12-08 04:46:34.565  8193  8193 W System.err: 	at java.lang.reflect.Method.invoke(Native Method)
12-08 04:46:34.565  8193  8193 W System.err: 	at com.android.internal.os.RuntimeInit$MethodAndArgsCaller.run(RuntimeInit.java:492)
12-08 04:46:34.565  8193  8193 W System.err: 	at com.android.internal.os.ZygoteInit.main(ZygoteInit.java:930)
12-08 04:46:34.573  1776  1825 D gralloc_ranchu: gralloc_alloc: Creating ashmem region of size 10108928
12-08 04:46:34.575  1776  1825 D gralloc_ranchu: gralloc_alloc: Creating ashmem region of size 10108928
12-08 04:46:34.605  8193  8193 W System.err: ru.iteco.fmhandroid.exceptions.UnknownException
12-08 04:46:34.606  8193  8193 W System.err: 	at ru.iteco.fmhandroid.utils.Utils.makeRequest(Utils.kt:123)
12-08 04:46:34.607  8193  8193 W System.err: 	at ru.iteco.fmhandroid.utils.Utils$makeRequest$1.invokeSuspend(Unknown Source:15)
12-08 04:46:34.608  8193  8193 W System.err: 	at kotlin.coroutines.jvm.internal.BaseContinuationImpl.resumeWith(ContinuationImpl.kt:33)
12-08 04:46:34.608  8193  8193 W System.err: 	at kotlinx.coroutines.DispatchedTaskKt.resume(DispatchedTask.kt:234)
12-08 04:46:34.608  8193  8193 W System.err: 	at kotlinx.coroutines.DispatchedTaskKt.resumeUnconfined(DispatchedTask.kt:190)
12-08 04:46:34.609  8193  8193 W System.err: 	at kotlinx.coroutines.DispatchedTaskKt.dispatch(DispatchedTask.kt:161)
12-08 04:46:34.609  8193  8193 W System.err: 	at kotlinx.coroutines.CancellableContinuationImpl.dispatchResume(CancellableContinuationImpl.kt:397)
12-08 04:46:34.609  8193  8193 W System.err: 	at kotlinx.coroutines.CancellableContinuationImpl.cancel(CancellableContinuationImpl.kt:183)
12-08 04:46:34.609  8193  8193 W System.err: 	at kotlinx.coroutines.CancellableContinuationImpl.parentCancelled$kotlinx_coroutines_core(CancellableContinuationImpl.kt:190)
12-08 04:46:34.609  8193  8193 W System.err: 	at kotlinx.coroutines.ChildContinuation.invoke(JobSupport.kt:1474)
12-08 04:46:34.609  8193  8193 W System.err: 	at kotlinx.coroutines.JobSupport.notifyCancelling(JobSupport.kt:1499)
12-08 04:46:34.609  8193  8193 W System.err: 	at kotlinx.coroutines.JobSupport.tryMakeCancelling(JobSupport.kt:795)
12-08 04:46:34.610  8193  8193 W System.err: 	at kotlinx.coroutines.JobSupport.makeCancelling(JobSupport.kt:755)
12-08 04:46:34.610  8193  8193 W System.err: 	at kotlinx.coroutines.JobSupport.cancelImpl$kotlinx_coroutines_core(JobSupport.kt:671)
12-08 04:46:34.611  8193  8193 W System.err: 	at kotlinx.coroutines.JobSupport.parentCancelled(JobSupport.kt:637)
12-08 04:46:34.612  8193  8193 W System.err: 	at kotlinx.coroutines.ChildHandleNode.invoke(JobSupport.kt:1465)
12-08 04:46:34.612  8193  8193 W System.err: 	at kotlinx.coroutines.JobSupport.notifyCancelling(JobSupport.kt:1499)
12-08 04:46:34.612  8193  8193 W System.err: 	at kotlinx.coroutines.JobSupport.tryMakeCompletingSlowPath(JobSupport.kt:900)
12-08 04:46:34.615  8193  8193 W System.err: 	at kotlinx.coroutines.JobSupport.tryMakeCompleting(JobSupport.kt:863)
12-08 04:46:34.615  8193  8193 W System.err: 	at kotlinx.coroutines.JobSupport.cancelMakeCompleting(JobSupport.kt:696)
12-08 04:46:34.616  8193  8193 W System.err: 	at kotlinx.coroutines.JobSupport.cancelImpl$kotlinx_coroutines_core(JobSupport.kt:667)
12-08 04:46:34.616  8193  8193 W System.err: 	at kotlinx.coroutines.JobSupport.cancelInternal(JobSupport.kt:632)
12-08 04:46:34.617  8193  8193 W System.err: 	at kotlinx.coroutines.JobSupport.cancel(JobSupport.kt:617)
12-08 04:46:34.617  8193  8193 W System.err: 	at kotlinx.coroutines.JobKt__JobKt.cancel(Job.kt:561)
12-08 04:46:34.618  8193  8193 W System.err: 	at kotlinx.coroutines.JobKt.cancel(Unknown Source:1)
12-08 04:46:34.618  8193  8193 W System.err: 	at kotlinx.coroutines.JobKt__JobKt.cancel$default(Job.kt:560)
12-08 04:46:34.619  8193  8193 W System.err: 	at kotlinx.coroutines.JobKt.cancel$default(Unknown Source:1)
12-08 04:46:34.619  8193  8193 W System.err: 	at androidx.lifecycle.CloseableCoroutineScope.close(ViewModel.kt:51)
12-08 04:46:34.619  8193  8193 W System.err: 	at androidx.lifecycle.ViewModel.closeWithRuntimeException(ViewModel.java:188)
12-08 04:46:34.619  8193  8193 W System.err: 	at androidx.lifecycle.ViewModel.clear(ViewModel.java:134)
12-08 04:46:34.619  8193  8193 W System.err: 	at androidx.lifecycle.ViewModelStore.clear(ViewModelStore.java:62)
12-08 04:46:34.619  8193  8193 W System.err: 	at androidx.fragment.app.FragmentManagerViewModel.clearNonConfigStateInternal(FragmentManagerViewModel.java:210)
12-08 04:46:34.619  8193  8193 W System.err: 	at androidx.fragment.app.FragmentManagerViewModel.clearNonConfigState(FragmentManagerViewModel.java:190)
12-08 04:46:34.619  8193  8193 W System.err: 	at androidx.fragment.app.FragmentStateManager.destroy(FragmentStateManager.java:778)
12-08 04:46:34.619  8193  8193 W System.err: 	at androidx.fragment.app.FragmentStateManager.moveToExpectedState(FragmentStateManager.java:335)
12-08 04:46:34.619  8193  8193 W System.err: 	at androidx.fragment.app.FragmentStore.moveToExpectedState(FragmentStore.java:113)
12-08 04:46:34.620  8193  8193 W System.err: 	at androidx.fragment.app.FragmentManager.moveToState(FragmentManager.java:1374)
12-08 04:46:34.620  8193  8193 W System.err: 	at androidx.fragment.app.FragmentManager.dispatchStateChange(FragmentManager.java:2841)
12-08 04:46:34.620  8193  8193 W System.err: 	at androidx.fragment.app.FragmentManager.dispatchDestroy(FragmentManager.java:2820)
12-08 04:46:34.620  8193  8193 W System.err: 	at androidx.fragment.app.Fragment.performDestroy(Fragment.java:3246)
12-08 04:46:34.620  8193  8193 W System.err: 	at androidx.fragment.app.FragmentStateManager.destroy(FragmentStateManager.java:780)
12-08 04:46:34.626  8193  8193 W System.err: 	at androidx.fragment.app.FragmentStateManager.moveToExpectedState(FragmentStateManager.java:335)
12-08 04:46:34.626  8193  8193 W System.err: 	at androidx.fragment.app.SpecialEffectsController$FragmentStateManagerOperation.complete(SpecialEffectsController.java:771)
12-08 04:46:34.626  8193  8193 W System.err: 	at androidx.fragment.app.SpecialEffectsController$Operation.cancel(SpecialEffectsController.java:615)
12-08 04:46:34.626  8193  8193 W System.err: 	at androidx.fragment.app.SpecialEffectsController.forceCompleteAllOperations(SpecialEffectsController.java:350)
12-08 04:46:34.626  8193  8193 W System.err: 	at androidx.fragment.app.FragmentManager.dispatchStateChange(FragmentManager.java:2844)
12-08 04:46:34.626  8193  8193 W System.err: 	at androidx.fragment.app.FragmentManager.dispatchDestroy(FragmentManager.java:2820)
12-08 04:46:34.627  8193  8193 W System.err: 	at androidx.fragment.app.FragmentController.dispatchDestroy(FragmentController.java:345)
12-08 04:46:34.627  8193  8193 W System.err: 	at androidx.fragment.app.FragmentActivity.onDestroy(FragmentActivity.java:306)
12-08 04:46:34.627  8193  8193 W System.err: 	at androidx.appcompat.app.AppCompatActivity.onDestroy(AppCompatActivity.java:278)
12-08 04:46:34.627  8193  8193 W System.err: 	at android.app.Activity.performDestroy(Activity.java:8048)
12-08 04:46:34.627  8193  8193 W System.err: 	at android.app.Instrumentation.callActivityOnDestroy(Instrumentation.java:1334)
12-08 04:46:34.627  8193  8193 W System.err: 	at androidx.test.runner.MonitoringInstrumentation.callActivityOnDestroy(MonitoringInstrumentation.java:766)
12-08 04:46:34.627  8193  8193 W System.err: 	at android.app.ActivityThread.performDestroyActivity(ActivityThread.java:4926)
12-08 04:46:34.629  8193  8193 W System.err: 	at android.app.ActivityThread.handleDestroyActivity(ActivityThread.java:4970)
12-08 04:46:34.629  8193  8193 W System.err: 	at android.app.servertransaction.DestroyActivityItem.execute(DestroyActivityItem.java:44)
12-08 04:46:34.629  8193  8193 W System.err: 	at android.app.servertransaction.TransactionExecutor.executeLifecycleState(TransactionExecutor.java:176)
12-08 04:46:34.629  8193  8193 W System.err: 	at android.app.servertransaction.TransactionExecutor.execute(TransactionExecutor.java:97)
12-08 04:46:34.629  8193  8193 W System.err: 	at android.app.ActivityThread$H.handleMessage(ActivityThread.java:2016)
12-08 04:46:34.629  8193  8193 W System.err: 	at android.os.Handler.dispatchMessage(Handler.java:107)
12-08 04:46:34.629  8193  8193 W System.err: 	at android.os.Looper.loop(Looper.java:214)
12-08 04:46:34.629  8193  8193 W System.err: 	at android.app.ActivityThread.main(ActivityThread.java:7356)
12-08 04:46:34.629  8193  8193 W System.err: 	at java.lang.reflect.Method.invoke(Native Method)
12-08 04:46:34.631  8193  8193 W System.err: 	at com.android.internal.os.RuntimeInit$MethodAndArgsCaller.run(RuntimeInit.java:492)
12-08 04:46:34.631  8193  8193 W System.err: 	at com.android.internal.os.ZygoteInit.main(ZygoteInit.java:930)
12-08 04:46:34.674  8193  8193 D LifecycleMonitor: Lifecycle status change: ru.iteco.fmhandroid.ui.AppActivity@84c14ee in: DESTROYED
12-08 04:46:34.674  8193  8193 V ActivityScenario: Update currentActivityStage to DESTROYED, currentActivity=null
12-08 04:46:34.678  8193  8237 I TestRunner: finished: shouldGoBackBut(ru.iteco.fmhandroid.ui.AboutPageTest)
12-08 04:46:34.737  2962  3510 D EGL_emulation: eglMakeCurrent: 0xe597d120: ver 2 0 (tinfo 0xbffb2540)
12-08 04:46:34.751  1776  1825 D gralloc_ranchu: gralloc_alloc: Creating ashmem region of size 10108928
12-08 04:46:34.790  1776  1825 I chatty  : uid=1000(system) HwBinder:1776_1 identical 1 line
12-08 04:46:34.803  1776  1825 D gralloc_ranchu: gralloc_alloc: Creating ashmem region of size 10108928
12-08 04:46:34.884  2962  2962 W ThreadPoolDumper: Queue length for executor EventBus is now 11. Perhaps some tasks are too long, or the pool is too small.
12-08 04:46:34.908 12448 12488 D EGL_emulation: eglMakeCurrent: 0xe594d140: ver 2 0 (tinfo 0xc539bd10)
12-08 04:46:35.016  2018  2054 W InputReader: Device has associated, but no associated display id.
12-08 04:46:35.017  2018  2054 I chatty  : uid=1000(system) android.anim identical 8 lines
12-08 04:46:35.017  2018  2054 W InputReader: Device has associated, but no associated display id.
12-08 04:46:35.026  1776  1825 D gralloc_ranchu: gralloc_alloc: Creating ashmem region of size 6471680
12-08 04:46:35.043  2962  3348 W SessionLifecycleManager: Handover failed. Creating new session controller.
12-08 04:46:35.096  8249  8280 D EGL_emulation: eglMakeCurrent: 0xe597f280: ver 2 0 (tinfo 0xf0c893b0)
12-08 04:46:35.141  1793  1793 E Layer   : [Surface(name=AppWindowToken{b02e5fe token=Token{64a8db9 ActivityRecord{86270b2 u0 ru.iteco.fmhandroid.test/androidx.test.core.app.InstrumentationActivityInvoker$EmptyActivity t279}}})/@0xd5d380e - animation-leash#0] No local sync point found
12-08 04:46:35.141  1793  1793 E Layer   : [Surface(name=AppWindowToken{8dcd2e token=Token{a00d3a9 ActivityRecord{4384b30 u0 com.google.android.apps.nexuslauncher/.NexusLauncherActivity t105}}})/@0x3848044 - animation-leash#0] No local sync point found
12-08 04:46:35.166  2018  2018 W ActivityManager: Unable to start service Intent { act=android.service.appprediction.AppPredictionService cmp=com.google.android.as/com.google.android.apps.miphone.aiai.app.AiAiPredictionService } U=0: not found
12-08 04:46:35.167  2018  2018 W RemoteAppPredictionService: could not bind to Intent { act=android.service.appprediction.AppPredictionService cmp=com.google.android.as/com.google.android.apps.miphone.aiai.app.AiAiPredictionService } using flags 67108865
12-08 04:46:35.168  2170  2566 D EGL_emulation: eglMakeCurrent: 0xe594e040: ver 2 0 (tinfo 0xc52450c0)
12-08 04:46:35.287  2018  7392 D HostConnection: HostConnection::get() New Host Connection established 0xb22b1870, tid 7392
12-08 04:46:35.319  2018  7392 D HostConnection: HostComposition ext ANDROID_EMU_CHECKSUM_HELPER_v1 ANDROID_EMU_dma_v1 ANDROID_EMU_direct_mem ANDROID_EMU_host_composition_v1 ANDROID_EMU_host_composition_v2 ANDROID_EMU_vulkan ANDROID_EMU_deferred_vulkan_commands ANDROID_EMU_vulkan_null_optional_strings ANDROID_EMU_vulkan_create_resources_with_requirements ANDROID_EMU_YUV_Cache ANDROID_EMU_vulkan_ignored_handles ANDROID_EMU_vulkan_free_memory_sync ANDROID_EMU_vulkan_shader_float16_int8 ANDROID_EMU_vulkan_async_queue_submit ANDROID_EMU_sync_buffer_data GL_OES_vertex_array_object GL_KHR_texture_compression_astc_ldr ANDROID_EMU_host_side_tracing ANDROID_EMU_gles_max_version_2 
12-08 04:46:35.339  2018  7392 W OpenGLRenderer: Failed to choose config with EGL_SWAP_BEHAVIOR_PRESERVED, retrying without...
12-08 04:46:35.407  2018  7392 D EGL_emulation: eglCreateContext: 0xb2357640: maj 2 min 0 rcv 2
12-08 04:46:35.412  2018  7392 D EGL_emulation: eglMakeCurrent: 0xb2357640: ver 2 0 (tinfo 0xc0d1c860)
12-08 04:46:35.568  2170  2566 D EGL_emulation: eglMakeCurrent: 0xe594e040: ver 2 0 (tinfo 0xc52450c0)
12-08 04:46:35.638  2656  2671 I .gms.persisten: Background concurrent copying GC freed 81020(3715KB) AllocSpace objects, 41(2876KB) LOS objects, 38% free, 9789KB/15MB, paused 903us total 1.519s
12-08 04:46:35.642  2170  2566 D EGL_emulation: eglMakeCurrent: 0xe594e040: ver 2 0 (tinfo 0xc52450c0)
12-08 04:46:35.651  1764  1764 W audio_hw_generic: Not supplying enough data to HAL, expected position 131582757 , only wrote 131277244
12-08 04:46:35.683  8176  8187 I app_process: Background young concurrent copying GC freed 1767(175KB) AllocSpace objects, 10(964KB) LOS objects, 60% free, 625KB/1600KB, paused 2.811ms total 150.156ms
12-08 04:46:35.708  8193  8237 I TestRunner: started: shouldOpenPrivacyPolicyDetailsPage(ru.iteco.fmhandroid.ui.AboutPageTest)
12-08 04:46:35.727  8193  8231 D FA      : Application going to the background
12-08 04:46:35.884  2962  8112 W LocationOracle: No location history returned by ContextManager
12-08 04:46:35.934  8193  8237 W Settings: Setting always_finish_activities has moved from android.provider.Settings.System to android.provider.Settings.Global, returning read-only value.
12-08 04:46:35.949  2018  8097 I ActivityTaskManager: START u0 {act=android.intent.action.MAIN cat=[android.intent.category.LAUNCHER] flg=0x10008000 cmp=ru.iteco.fmhandroid.test/androidx.test.core.app.InstrumentationActivityInvoker$BootstrapActivity (has extras)} from uid 10146
12-08 04:46:35.969  2962  3348 I MicroDetectionWorker: #startMicroDetector [speakerMode: 0]
12-08 04:46:36.001  2962  3348 W ErrorReporter: reportError [type: 211, code: 393244, bug: 0]: errorCode: 393244, engine: 0
12-08 04:46:36.004  2018  5644 W InputReader: Device has associated, but no associated display id.
12-08 04:46:36.004  2018  5644 I chatty  : uid=1000(system) Binder:2018_14 identical 2 lines
12-08 04:46:36.004  2018  5644 W InputReader: Device has associated, but no associated display id.
12-08 04:46:36.004  2962  3348 I MicroDetector: Keeping mic open: false
12-08 04:46:36.004  2018  5644 W InputReader: Device has associated, but no associated display id.
12-08 04:46:36.004  2018  5644 W InputReader: Device has associated, but no associated display id.
12-08 04:46:36.004  2962  3348 I MicroDetectionWorker: #onError(false)
12-08 04:46:36.004  2018  5644 W InputReader: Device has associated, but no associated display id.
12-08 04:46:36.006  2018  5644 I chatty  : uid=1000(system) Binder:2018_14 identical 22 lines
12-08 04:46:36.006  2018  5644 W InputReader: Device has associated, but no associated display id.
12-08 04:46:36.006  8249  8249 W ActivityThread: handleWindowVisibility: no activity for token android.os.BinderProxy@c9a9f57
12-08 04:46:36.012  2018  5644 W InputReader: Device has associated, but no associated display id.
12-08 04:46:36.012  2018  5644 I chatty  : uid=1000(system) Binder:2018_14 identical 8 lines
12-08 04:46:36.012  2018  5644 W InputReader: Device has associated, but no associated display id.
12-08 04:46:36.031  2656  3542 W GCoreFlp: No location to return for getLastLocation()
12-08 04:46:36.049  2018  2036 I ActivityTaskManager: START u0 {act=android.intent.action.MAIN cat=[android.intent.category.LAUNCHER] cmp=ru.iteco.fmhandroid/.ui.AppActivity} from uid 10146
12-08 04:46:36.074  2018  2036 W InputReader: Device has associated, but no associated display id.
12-08 04:46:36.077  2018  2036 I chatty  : uid=1000(system) Binder:2018_1 identical 38 lines
12-08 04:46:36.077  2018  2036 W InputReader: Device has associated, but no associated display id.
12-08 04:46:36.078  8193  8193 W ActivityThread: handleWindowVisibility: no activity for token android.os.BinderProxy@cac8cc8
12-08 04:46:36.081  2018  2036 W InputReader: Device has associated, but no associated display id.
12-08 04:46:36.081  2018  2036 I chatty  : uid=1000(system) Binder:2018_1 identical 8 lines
12-08 04:46:36.081  2018  2036 W InputReader: Device has associated, but no associated display id.
12-08 04:46:36.105  1776  1825 D gralloc_ranchu: gralloc_alloc: Creating ashmem region of size 10108928
12-08 04:46:36.184  2873  8240 V FA-SVC  : Logging event: origin=auto,name=app_background(_ab),params=Bundle[{ga_event_origin(_o)=auto}]
12-08 04:46:36.206  2170  2186 I ndroid.systemu: NativeAlloc concurrent copying GC freed 12526(729KB) AllocSpace objects, 0(0B) LOS objects, 49% free, 5466KB/10MB, paused 1.026ms total 724.816ms
12-08 04:46:36.500  2873  8240 V FA-SVC  : Upload scheduled in approximately ms: 1518649
12-08 04:46:36.501  2873  8240 V FA-SVC  : Unscheduling upload
12-08 04:46:36.527  8193  8193 D LifecycleMonitor: Lifecycle status change: ru.iteco.fmhandroid.ui.AppActivity@461ad74 in: PRE_ON_CREATE
12-08 04:46:36.528  8193  8193 V ActivityScenario: Activity lifecycle changed event received but ignored because the reported transition was not ON_CREATE while the last known transition was PRE_ON_CREATE
12-08 04:46:36.544  8193  8225 V FA      : onActivityCreated
12-08 04:46:36.552  2018  8097 W ActivityManager: SLOW OOM ADJ: 387ms for pid 2940 = 100
12-08 04:46:36.555  2018  8097 W ActivityManager: Slow operation: 451ms so far, now at getContentProviderImpl: after updateOomAdj
12-08 04:46:36.555  2018  8097 W ActivityManager: Slow operation: 451ms so far, now at getContentProviderImpl: done!
12-08 04:46:36.555  1776  1825 D gralloc_ranchu: gralloc_alloc: Creating ashmem region of size 10108928
12-08 04:46:36.561  2018  2036 W system_server: Long monitor contention with owner android.display (2053) at void com.android.server.am.ActivityManagerService.trimApplications(java.lang.String)(ActivityManagerService.java:17233) waiters=1 in java.lang.String com.android.server.am.ActivityManagerService.checkContentProviderAccess(java.lang.String, int) for 452ms
12-08 04:46:36.575  2018  9359 W system_server: Long monitor contention with owner Binder:2018_1B (8097) at android.app.ContentProviderHolder com.android.server.am.ActivityManagerService.getContentProviderImpl(android.app.IApplicationThread, java.lang.String, android.os.IBinder, int, java.lang.String, java.lang.String, boolean, int)(ActivityManagerService.java:6714) waiters=1 in void com.android.server.am.ActivityManagerService.unregisterReceiver(android.content.IIntentReceiver) for 449ms
12-08 04:46:36.592  2873  8240 V FA-SVC  : Scheduling upload, millis: 1518649
12-08 04:46:36.602  8193  8193 D LifecycleMonitor: Lifecycle status change: ru.iteco.fmhandroid.ui.AppActivity@461ad74 in: CREATED
12-08 04:46:36.602  8193  8193 V ActivityScenario: Update currentActivityStage to CREATED, currentActivity=ru.iteco.fmhandroid.ui.AppActivity@461ad74
12-08 04:46:36.647  2873  8240 V FA-SVC  : Background event processing time, ms: 464
12-08 04:46:36.669  8193  8193 D LifecycleMonitor: Lifecycle status change: ru.iteco.fmhandroid.ui.AppActivity@461ad74 in: STARTED
12-08 04:46:36.669  8193  8193 V ActivityScenario: Update currentActivityStage to STARTED, currentActivity=ru.iteco.fmhandroid.ui.AppActivity@461ad74
12-08 04:46:36.672  8193  8193 D LifecycleMonitor: Lifecycle status change: ru.iteco.fmhandroid.ui.AppActivity@461ad74 in: RESUMED
12-08 04:46:36.672  8193  8193 V ActivityScenario: Update currentActivityStage to RESUMED, currentActivity=ru.iteco.fmhandroid.ui.AppActivity@461ad74
12-08 04:46:36.677  8193  8231 V FA      : Activity resumed, time: 56559832
12-08 04:46:36.714  1776  1825 D gralloc_ranchu: gralloc_alloc: Creating ashmem region of size 10108928
12-08 04:46:36.760  1776  1825 D gralloc_ranchu: gralloc_alloc: Creating ashmem region of size 10108928
12-08 04:46:36.771  8193  8284 D EGL_emulation: eglMakeCurrent: 0xe593e500: ver 2 0 (tinfo 0xf0cc01a0)
12-08 04:46:36.991  1776  1927 D gralloc_ranchu: gralloc_alloc: Creating ashmem region of size 10108928
12-08 04:46:37.030  2018  2054 W InputReader: Device has associated, but no associated display id.
12-08 04:46:37.031  2018  2054 I chatty  : uid=1000(system) android.anim identical 8 lines
12-08 04:46:37.031  2018  2054 W InputReader: Device has associated, but no associated display id.
12-08 04:46:37.047  2018  2054 I Choreographer: Skipped 56 frames!  The application may be doing too much work on its main thread.
12-08 04:46:37.053 12448 12488 D EGL_emulation: eglMakeCurrent: 0xe594d140: ver 2 0 (tinfo 0xc539bd10)
12-08 04:46:37.059  2018  2054 I Choreographer: Skipped 31 frames!  The application may be doing too much work on its main thread.
12-08 04:46:37.065  2962  3510 D EGL_emulation: eglMakeCurrent: 0xe597d120: ver 2 0 (tinfo 0xbffb2540)
12-08 04:46:37.097  2170  2566 D EGL_emulation: eglMakeCurrent: 0xe594e040: ver 2 0 (tinfo 0xc52450c0)
12-08 04:46:37.102  1776  1927 D gralloc_ranchu: gralloc_alloc: Creating ashmem region of size 10108928
12-08 04:46:37.116  2656  8077 E SQLiteDatabase: Error inserting flex_time=1518000 job_id=-1 period=3038000 source=16 requires_charging=0 preferred_network_type=1 target_class=com.google.android.gms.measurement.PackageMeasurementTaskService user_id=0 target_package=com.google.android.gms tag=Measurement.PackageMeasurementTaskService.UPLOAD_TASK_TAG task_type=0 required_idleness_state=0 service_kind=0 source_version=202414000 persistence_level=1 preferred_charging_state=1 required_network_type=0 runtime=1670492796882 retry_strategy={"maximum_backoff_seconds":{"3600":0},"initial_backoff_seconds":{"30":0},"retry_policy":{"0":0}} last_runtime=0
12-08 04:46:37.116  2656  8077 E SQLiteDatabase: android.database.sqlite.SQLiteConstraintException: UNIQUE constraint failed: pending_ops.tag, pending_ops.target_class, pending_ops.target_package, pending_ops.user_id (code 2067 SQLITE_CONSTRAINT_UNIQUE)
12-08 04:46:37.116  2656  8077 E SQLiteDatabase: 	at android.database.sqlite.SQLiteConnection.nativeExecuteForLastInsertedRowId(Native Method)
12-08 04:46:37.116  2656  8077 E SQLiteDatabase: 	at android.database.sqlite.SQLiteConnection.executeForLastInsertedRowId(SQLiteConnection.java:879)
12-08 04:46:37.116  2656  8077 E SQLiteDatabase: 	at android.database.sqlite.SQLiteSession.executeForLastInsertedRowId(SQLiteSession.java:790)
12-08 04:46:37.116  2656  8077 E SQLiteDatabase: 	at android.database.sqlite.SQLiteStatement.executeInsert(SQLiteStatement.java:88)
12-08 04:46:37.116  2656  8077 E SQLiteDatabase: 	at android.database.sqlite.SQLiteDatabase.insertWithOnConflict(SQLiteDatabase.java:1599)
12-08 04:46:37.116  2656  8077 E SQLiteDatabase: 	at android.database.sqlite.SQLiteDatabase.insert(SQLiteDatabase.java:1468)
12-08 04:46:37.116  2656  8077 E SQLiteDatabase: 	at aqui.a(:com.google.android.gms@202414022@20.24.14 (040700-319035315):175)
12-08 04:46:37.116  2656  8077 E SQLiteDatabase: 	at aqtk.a(:com.google.android.gms@202414022@20.24.14 (040700-319035315):182)
12-08 04:46:37.116  2656  8077 E SQLiteDatabase: 	at aqtk.a(:com.google.android.gms@202414022@20.24.14 (040700-319035315):23)
12-08 04:46:37.116  2656  8077 E SQLiteDatabase: 	at aqtk.a(:com.google.android.gms@202414022@20.24.14 (040700-319035315):177)
12-08 04:46:37.116  2656  8077 E SQLiteDatabase: 	at aqpu.run(:com.google.android.gms@202414022@20.24.14 (040700-319035315):9)
12-08 04:46:37.116  2656  8077 E SQLiteDatabase: 	at soy.b(:com.google.android.gms@202414022@20.24.14 (040700-319035315):12)
12-08 04:46:37.116  2656  8077 E SQLiteDatabase: 	at soy.run(:com.google.android.gms@202414022@20.24.14 (040700-319035315):7)
12-08 04:46:37.116  2656  8077 E SQLiteDatabase: 	at java.util.concurrent.ThreadPoolExecutor.runWorker(ThreadPoolExecutor.java:1167)
12-08 04:46:37.116  2656  8077 E SQLiteDatabase: 	at java.util.concurrent.ThreadPoolExecutor$Worker.run(ThreadPoolExecutor.java:641)
12-08 04:46:37.116  2656  8077 E SQLiteDatabase: 	at sux.run(:com.google.android.gms@202414022@20.24.14 (040700-319035315):0)
12-08 04:46:37.116  2656  8077 E SQLiteDatabase: 	at java.lang.Thread.run(Thread.java:919)
12-08 04:46:37.145  2170  2566 D EGL_emulation: eglMakeCurrent: 0xe594e040: ver 2 0 (tinfo 0xc52450c0)
12-08 04:46:37.187  2170  2566 D EGL_emulation: eglMakeCurrent: 0xe594e040: ver 2 0 (tinfo 0xc52450c0)
12-08 04:46:37.256  2962  7182 I PBSessionCacheImpl: Deleted sessionId[635180218573] from persistence.
12-08 04:46:37.279  2962  3348 W SearchServiceCore: Abort, client detached.
12-08 04:46:37.306  2018  2058 I ActivityTaskManager: Displayed ru.iteco.fmhandroid/.ui.AppActivity: +1s115ms
12-08 04:46:37.322  2656  8303 W ctxmgr  : [AclManager] No 3 for (accnt=account#-517948760#, com.google.android.gms(10112):UserVelocityProducer, vrsn=202414022, 0, 3pPkg = null ,  3pMdlId = null ,  pid = 2656). Was: 3 for 1, account#-517948760# [CONTEXT service_id=47 ]
12-08 04:46:37.343  2656  8303 W ctxmgr  : [WorkManager] Long workInfo: pkg=com.google.android.gms, lbl=ListenerInvokerRunner, start=2022-12-08 09:46:36.045+0000, stop=2022-12-08 09:46:37.340+0000, durtn=1295ms [CONTEXT service_id=47 ]
12-08 04:46:37.353  2873  8240 V FA-SVC  : Logging event: origin=auto,name=screen_view(_vs),params=Bundle[{ga_event_origin(_o)=auto, ga_previous_class(_pc)=AppActivity, ga_previous_id(_pi)=-8006609871077452402, ga_screen_class(_sc)=AppActivity, ga_screen_id(_si)=-8006609871077452401}]
12-08 04:46:37.365  2656  3542 W GCoreFlp: No location to return for getLastLocation()
