12-08 10:35:55.380 11395 11440 E TestRunner: 	at ru.iteco.fmhandroid.ui.steps.ClaimsPageSteps.openClaimCard(ClaimsPageSteps.java:150)
12-08 10:35:55.380 11395 11440 E TestRunner: 	at ru.iteco.fmhandroid.ui.ClaimsPageTest.shouldShowMessageFieldCannotBeEmpty(ClaimsPageTest.java:114)
12-08 10:35:55.380 11395 11440 E TestRunner: 	at java.lang.reflect.Method.invoke(Native Method)
12-08 10:35:55.380 11395 11440 E TestRunner: 	at org.junit.runners.model.FrameworkMethod$1.runReflectiveCall(FrameworkMethod.java:59)
12-08 10:35:55.380 11395 11440 E TestRunner: 	at org.junit.internal.runners.model.ReflectiveCallable.run(ReflectiveCallable.java:12)
12-08 10:35:55.380 11395 11440 E TestRunner: 	at org.junit.runners.model.FrameworkMethod.invokeExplosively(FrameworkMethod.java:56)
12-08 10:35:55.380 11395 11440 E TestRunner: 	at org.junit.internal.runners.statements.InvokeMethod.evaluate(InvokeMethod.java:17)
12-08 10:35:55.380 11395 11440 E TestRunner: 	at androidx.test.internal.runner.junit4.statement.RunBefores.evaluate(RunBefores.java:80)
12-08 10:35:55.380 11395 11440 E TestRunner: 	at io.qameta.allure.android.rules.ScreenshotRule$apply$1.evaluate(ScreenshotRule.kt:22)
12-08 10:35:55.380 11395 11440 E TestRunner: 	at org.junit.rules.ExternalResource$1.evaluate(ExternalResource.java:54)
12-08 10:35:55.380 11395 11440 E TestRunner: 	at io.qameta.allure.android.rules.LogcatRule$apply$1.evaluate(LogcatRule.kt:23)
12-08 10:35:55.380 11395 11440 E TestRunner: 	at org.junit.rules.RunRules.evaluate(RunRules.java:20)
12-08 10:35:55.380 11395 11440 E TestRunner: 	at org.junit.runners.ParentRunner$3.evaluate(ParentRunner.java:306)
12-08 10:35:55.380 11395 11440 E TestRunner: 	at org.junit.runners.BlockJUnit4ClassRunner$1.evaluate(BlockJUnit4ClassRunner.java:100)
12-08 10:35:55.380 11395 11440 E TestRunner: 	at org.junit.runners.ParentRunner.runLeaf(ParentRunner.java:366)
12-08 10:35:55.380 11395 11440 E TestRunner: 	at org.junit.runners.BlockJUnit4ClassRunner.runChild(BlockJUnit4ClassRunner.java:103)
12-08 10:35:55.380 11395 11440 E TestRunner: 	at org.junit.runners.BlockJUnit4ClassRunner.runChild(BlockJUnit4ClassRunner.java:63)
12-08 10:35:55.380 11395 11440 E TestRunner: 	at org.junit.runners.ParentRunner$4.run(ParentRunner.java:331)
12-08 10:35:55.380 11395 11440 E TestRunner: 	at org.junit.runners.ParentRunner$1.schedule(ParentRunner.java:79)
12-08 10:35:55.380 11395 11440 E TestRunner: 	at org.junit.runners.ParentRunner.runChildren(ParentRunner.java:329)
12-08 10:35:55.380 11395 11440 E TestRunner: 	at org.junit.runners.ParentRunner.access$100(ParentRunner.java:66)
12-08 10:35:55.380 11395 11440 E TestRunner: 	at org.junit.runners.ParentRunner$2.evaluate(ParentRunner.java:293)
12-08 10:35:55.380 11395 11440 E TestRunner: 	at org.junit.runners.ParentRunner$3.evaluate(ParentRunner.java:306)
12-08 10:35:55.380 11395 11440 E TestRunner: 	at org.junit.runners.ParentRunner.run(ParentRunner.java:413)
12-08 10:35:55.380 11395 11440 E TestRunner: 	at androidx.test.ext.junit.runners.AndroidJUnit4.run(AndroidJUnit4.java:162)
12-08 10:35:55.380 11395 11440 E TestRunner: 	at io.qameta.allure.android.runners.AllureAndroidJUnit4.run(AllureAndroidJUnitRunners.kt:29)
12-08 10:35:55.380 11395 11440 E TestRunner: 	at org.junit.runners.Suite.runChild(Suite.java:128)
12-08 10:35:55.380 11395 11440 E TestRunner: 	at org.junit.runners.Suite.runChild(Suite.java:27)
12-08 10:35:55.380 11395 11440 E TestRunner: 	at org.junit.runners.ParentRunner$4.run(ParentRunner.java:331)
12-08 10:35:55.380 11395 11440 E TestRunner: 	at org.junit.runners.ParentRunner$1.schedule(ParentRunner.java:79)
12-08 10:35:55.380 11395 11440 E TestRunner: 	at org.junit.runners.ParentRunner.runChildren(ParentRunner.java:329)
12-08 10:35:55.380 11395 11440 E TestRunner: 	at org.junit.runners.ParentRunner.access$100(ParentRunner.java:66)
12-08 10:35:55.380 11395 11440 E TestRunner: 	at org.junit.runners.ParentRunner$2.evaluate(ParentRunner.java:293)
12-08 10:35:55.380 11395 11440 E TestRunner: 	at org.junit.runners.ParentRunner$3.evaluate(ParentRunner.java:306)
12-08 10:35:55.380 11395 11440 E TestRunner: 	at org.junit.runners.ParentRunner.run(ParentRunner.java:413)
12-08 10:35:55.380 11395 11440 E TestRunner: 	at org.junit.runner.JUnitCore.run(JUnitCore.java:137)
12-08 10:35:55.380 11395 11440 E TestRunner: 	at org.junit.runner.JUnitCore.run(JUnitCore.java:115)
12-08 10:35:55.380 11395 11440 E TestRunner: 	at androidx.test.internal.runner.TestExecutor.execute(TestExecutor
12-08 10:35:55.381 11395 11440 E TestRunner: ----- end exception -----
12-08 10:35:55.385 11395 11440 I TestRunner: finished: shouldShowMessageFieldCannotBeEmpty(ru.iteco.fmhandroid.ui.ClaimsPageTest)
12-08 10:35:55.457  1776  1825 D gralloc_ranchu: gralloc_alloc: Creating ashmem region of size 9256960
12-08 10:35:55.471  8437  8470 D EGL_emulation: eglMakeCurrent: 0xe59eb0c0: ver 2 0 (tinfo 0xf0cc0670)
12-08 10:35:55.471  2018  2054 W InputReader: Device has associated, but no associated display id.
12-08 10:35:55.475  2018  2054 I chatty  : uid=1000(system) android.anim identical 18 lines
12-08 10:35:55.475  2018  2054 W InputReader: Device has associated, but no associated display id.
12-08 10:35:55.481  1776  1825 D gralloc_ranchu: gralloc_alloc: Creating ashmem region of size 6471680
12-08 10:35:55.485  8437  8470 D EGL_emulation: eglMakeCurrent: 0xf0c7ebc0: ver 2 0 (tinfo 0xf0cc0670)
12-08 10:35:55.504  1776  1825 D gralloc_ranchu: gralloc_alloc: Creating ashmem region of size 9256960
12-08 10:35:55.511 11453 11486 D EGL_emulation: eglMakeCurrent: 0xdd81a2a0: ver 2 0 (tinfo 0xdd80f3a0)
12-08 10:35:55.511  8437  8470 D EGL_emulation: eglMakeCurrent: 0xe59eb0c0: ver 2 0 (tinfo 0xf0cc0670)
12-08 10:35:55.516  8437  8470 D EGL_emulation: eglMakeCurrent: 0xf0c7ebc0: ver 2 0 (tinfo 0xf0cc0670)
12-08 10:35:55.520  8437  8470 D EGL_emulation: eglMakeCurrent: 0xe59eb0c0: ver 2 0 (tinfo 0xf0cc0670)
12-08 10:35:55.533  8437  8470 D EGL_emulation: eglMakeCurrent: 0xf0c7ebc0: ver 2 0 (tinfo 0xf0cc0670)
12-08 10:35:55.540  8437  8470 D EGL_emulation: eglMakeCurrent: 0xe59eb0c0: ver 2 0 (tinfo 0xf0cc0670)
12-08 10:35:55.548  2170  2566 D EGL_emulation: eglMakeCurrent: 0xe594e040: ver 2 0 (tinfo 0xc52450c0)
12-08 10:35:55.565  2170  2566 D EGL_emulation: eglMakeCurrent: 0xe594e040: ver 2 0 (tinfo 0xc52450c0)
12-08 10:35:55.609  2018  7392 D HostConnection: HostConnection::get() New Host Connection established 0xb22b1870, tid 7392
12-08 10:35:55.613  2018  7392 D HostConnection: HostComposition ext ANDROID_EMU_CHECKSUM_HELPER_v1 ANDROID_EMU_dma_v1 ANDROID_EMU_direct_mem ANDROID_EMU_host_composition_v1 ANDROID_EMU_host_composition_v2 ANDROID_EMU_vulkan ANDROID_EMU_deferred_vulkan_commands ANDROID_EMU_vulkan_null_optional_strings ANDROID_EMU_vulkan_create_resources_with_requirements ANDROID_EMU_YUV_Cache ANDROID_EMU_vulkan_ignored_handles ANDROID_EMU_vulkan_free_memory_sync ANDROID_EMU_vulkan_shader_float16_int8 ANDROID_EMU_vulkan_async_queue_submit ANDROID_EMU_sync_buffer_data GL_OES_vertex_array_object GL_KHR_texture_compression_astc_ldr ANDROID_EMU_host_side_tracing ANDROID_EMU_gles_max_version_2 
12-08 10:35:55.614  2018  7392 W OpenGLRenderer: Failed to choose config with EGL_SWAP_BEHAVIOR_PRESERVED, retrying without...
12-08 10:35:55.615  8437  8470 D EGL_emulation: eglMakeCurrent: 0xf0c7ebc0: ver 2 0 (tinfo 0xf0cc0670)
12-08 10:35:55.627 11395 11440 I TestRunner: started: shouldShowWarningMessageClaimCommentFieldIsIncorrect(ru.iteco.fmhandroid.ui.ClaimsPageTest)
12-08 10:35:55.660  2018  7392 D EGL_emulation: eglCreateContext: 0xb2357760: maj 2 min 0 rcv 2
12-08 10:35:55.674  2018  7392 D EGL_emulation: eglMakeCurrent: 0xb2357760: ver 2 0 (tinfo 0xc0d1c860)
12-08 10:35:55.694 11395 11440 W Settings: Setting always_finish_activities has moved from android.provider.Settings.System to android.provider.Settings.Global, returning read-only value.
12-08 10:35:55.703  2018  5994 I ActivityTaskManager: START u0 {act=android.intent.action.MAIN cat=[android.intent.category.LAUNCHER] flg=0x10008000 cmp=ru.iteco.fmhandroid.test/androidx.test.core.app.InstrumentationActivityInvoker$BootstrapActivity (has extras)} from uid 10146
12-08 10:35:55.725  2170  2186 I ndroid.systemu: NativeAlloc concurrent copying GC freed 4113(296KB) AllocSpace objects, 0(0B) LOS objects, 49% free, 5522KB/10MB, paused 12.764ms total 157.337ms
12-08 10:35:55.755  2018  2139 D ConnectivityService: releasing NetworkRequest [ TRACK_DEFAULT id=134, [ Capabilities: INTERNET&NOT_RESTRICTED&TRUSTED Uid: 10129] ] (release request)
12-08 10:35:55.759  2018  5994 W InputReader: Device has associated, but no associated display id.
12-08 10:35:55.763  2018  5994 I chatty  : uid=1000(system) Binder:2018_18 identical 38 lines
12-08 10:35:55.763  2018  5994 W InputReader: Device has associated, but no associated display id.
12-08 10:35:55.765 11453 11453 W ActivityThread: handleWindowVisibility: no activity for token android.os.BinderProxy@2c63105
12-08 10:35:55.769  2018  5994 W InputReader: Device has associated, but no associated display id.
12-08 10:35:55.770  2018  5994 I chatty  : uid=1000(system) Binder:2018_18 identical 8 lines
12-08 10:35:55.770  2018  5994 W InputReader: Device has associated, but no associated display id.
12-08 10:35:55.792  1776  1825 D gralloc_ranchu: gralloc_alloc: Creating ashmem region of size 10108928
12-08 10:35:55.830  1764  1891 W audio_hw_generic: Not supplying enough data to HAL, expected position 171135092 , only wrote 170709860
12-08 10:35:55.839  2018  5994 I ActivityTaskManager: START u0 {act=android.intent.action.MAIN cat=[android.intent.category.LAUNCHER] cmp=ru.iteco.fmhandroid/.ui.AppActivity} from uid 10146
12-08 10:35:55.857  2018  5994 W InputReader: Device has associated, but no associated display id.
12-08 10:35:55.862  2018  5994 I chatty  : uid=1000(system) Binder:2018_18 identical 48 lines
12-08 10:35:55.862  2018  5994 W InputReader: Device has associated, but no associated display id.
12-08 10:35:55.863 11395 11395 W ActivityThread: handleWindowVisibility: no activity for token android.os.BinderProxy@b505910
12-08 10:35:55.868  2018  5994 W InputReader: Device has associated, but no associated display id.
12-08 10:35:55.869  2018  5994 I chatty  : uid=1000(system) Binder:2018_18 identical 18 lines
12-08 10:35:55.869  2018  5994 W InputReader: Device has associated, but no associated display id.
12-08 10:35:55.874  1776  1825 D gralloc_ranchu: gralloc_alloc: Creating ashmem region of size 6471680
12-08 10:35:55.888  8437  8470 D EGL_emulation: eglMakeCurrent: 0xe59eb0c0: ver 2 0 (tinfo 0xf0cc0670)
12-08 10:35:55.906  8437  8470 D EGL_emulation: eglMakeCurrent: 0xf0c7ebc0: ver 2 0 (tinfo 0xf0cc0670)
12-08 10:35:55.919 11395 11395 D LifecycleMonitor: Lifecycle status change: ru.iteco.fmhandroid.ui.AppActivity@949f63c in: PRE_ON_CREATE
12-08 10:35:55.919 11395 11395 V ActivityScenario: Activity lifecycle changed event received but ignored because the reported transition was not ON_CREATE while the last known transition was PRE_ON_CREATE
12-08 10:35:55.920  2170  2566 D EGL_emulation: eglMakeCurrent: 0xe594e040: ver 2 0 (tinfo 0xc52450c0)
12-08 10:35:55.927 11395 11428 V FA      : onActivityCreated
12-08 10:35:55.949  8437  8470 D EGL_emulation: eglMakeCurrent: 0xe59eb0c0: ver 2 0 (tinfo 0xf0cc0670)
12-08 10:35:55.951  8437  8470 D EGL_emulation: eglMakeCurrent: 0xf0c7e8c0: ver 2 0 (tinfo 0xf0cc0670)
12-08 10:35:55.967  8344  8376 D EGL_emulation: eglMakeCurrent: 0xe59ed1c0: ver 2 0 (tinfo 0xe59d9f10)
12-08 10:35:55.980 11395 11395 D LifecycleMonitor: Lifecycle status change: ru.iteco.fmhandroid.ui.AppActivity@949f63c in: CREATED
12-08 10:35:55.981 11395 11395 V ActivityScenario: Update currentActivityStage to CREATED, currentActivity=ru.iteco.fmhandroid.ui.AppActivity@949f63c
12-08 10:35:55.992  8437  8470 D EGL_emulation: eglMakeCurrent: 0xe59eb0c0: ver 2 0 (tinfo 0xf0cc0670)
12-08 10:35:55.996  2170  2566 D EGL_emulation: eglMakeCurrent: 0xe594e040: ver 2 0 (tinfo 0xc52450c0)
12-08 10:35:56.009  8344  8393 I cr_BindingManager: onTrimMemory: level=20, size=0
12-08 10:35:56.040 11395 11395 D LifecycleMonitor: Lifecycle status change: ru.iteco.fmhandroid.ui.AppActivity@949f63c in: STARTED
12-08 10:35:56.040 11395 11395 V ActivityScenario: Update currentActivityStage to STARTED, currentActivity=ru.iteco.fmhandroid.ui.AppActivity@949f63c
12-08 10:35:56.041 11395 11395 D LifecycleMonitor: Lifecycle status change: ru.iteco.fmhandroid.ui.AppActivity@949f63c in: RESUMED
12-08 10:35:56.041 11395 11395 V ActivityScenario: Update currentActivityStage to RESUMED, currentActivity=ru.iteco.fmhandroid.ui.AppActivity@949f63c
12-08 10:35:56.042 11395 11434 V FA      : Activity resumed, time: 58703078
12-08 10:35:56.089  1776  1825 D gralloc_ranchu: gralloc_alloc: Creating ashmem region of size 10108928
12-08 10:35:56.095  1776  1825 D gralloc_ranchu: gralloc_alloc: Creating ashmem region of size 10108928
12-08 10:35:56.101 11395 11489 D EGL_emulation: eglMakeCurrent: 0xdd81af60: ver 2 0 (tinfo 0xc30989a0)
12-08 10:35:56.107  1776  1825 D gralloc_ranchu: gralloc_alloc: Creating ashmem region of size 10108928
12-08 10:35:56.127  2018  2031 I system_server: NativeAlloc concurrent copying GC freed 33966(1635KB) AllocSpace objects, 7(268KB) LOS objects, 26% free, 17MB/23MB, paused 1.020ms total 395.156ms
12-08 10:35:56.155  2018  2058 I ActivityTaskManager: Displayed ru.iteco.fmhandroid/.ui.AppActivity: +442ms
12-08 10:35:56.169  2170  2566 D EGL_emulation: eglMakeCurrent: 0xe594e040: ver 2 0 (tinfo 0xc52450c0)
12-08 10:35:56.316  2873 11443 V FA-SVC  : Logging event: origin=auto,name=screen_view(_vs),params=Bundle[{ga_event_origin(_o)=auto, ga_previous_class(_pc)=AppActivity, ga_previous_id(_pi)=-7630774614883317533, ga_screen_class(_sc)=AppActivity, ga_screen_id(_si)=-7630774614883317532}]
12-08 10:35:56.346  2873 11443 V FA-SVC  : Upload scheduled in approximately ms: 2028169
12-08 10:35:56.346  2873 11443 V FA-SVC  : Unscheduling upload
12-08 10:35:56.356  2873 11443 V FA-SVC  : Scheduling upload, millis: 2028169
12-08 10:35:56.364  2873 11443 V FA-SVC  : Background event processing time, ms: 49
12-08 10:35:56.407  2656 10161 E SQLiteDatabase: Error inserting flex_time=2028000 job_id=-1 period=4057000 source=16 requires_charging=0 preferred_network_type=1 target_class=com.google.android.gms.measurement.PackageMeasurementTaskService user_id=0 target_package=com.google.android.gms tag=Measurement.PackageMeasurementTaskService.UPLOAD_TASK_TAG task_type=0 required_idleness_state=0 service_kind=0 source_version=202414000 persistence_level=1 preferred_charging_state=1 required_network_type=0 runtime=1670495756401 retry_strategy={"maximum_backoff_seconds":{"3600":0},"initial_backoff_seconds":{"30":0},"retry_policy":{"0":0}} last_runtime=0
12-08 10:35:56.407  2656 10161 E SQLiteDatabase: android.database.sqlite.SQLiteConstraintException: UNIQUE constraint failed: pending_ops.tag, pending_ops.target_class, pending_ops.target_package, pending_ops.user_id (code 2067 SQLITE_CONSTRAINT_UNIQUE)
12-08 10:35:56.407  2656 10161 E SQLiteDatabase: 	at android.database.sqlite.SQLiteConnection.nativeExecuteForLastInsertedRowId(Native Method)
12-08 10:35:56.407  2656 10161 E SQLiteDatabase: 	at android.database.sqlite.SQLiteConnection.executeForLastInsertedRowId(SQLiteConnection.java:879)
12-08 10:35:56.407  2656 10161 E SQLiteDatabase: 	at android.database.sqlite.SQLiteSession.executeForLastInsertedRowId(SQLiteSession.java:790)
12-08 10:35:56.407  2656 10161 E SQLiteDatabase: 	at android.database.sqlite.SQLiteStatement.executeInsert(SQLiteStatement.java:88)
12-08 10:35:56.407  2656 10161 E SQLiteDatabase: 	at android.database.sqlite.SQLiteDatabase.insertWithOnConflict(SQLiteDatabase.java:1599)
12-08 10:35:56.407  2656 10161 E SQLiteDatabase: 	at android.database.sqlite.SQLiteDatabase.insert(SQLiteDatabase.java:1468)
12-08 10:35:56.407  2656 10161 E SQLiteDatabase: 	at aqui.a(:com.google.android.gms@202414022@20.24.14 (040700-319035315):175)
12-08 10:35:56.407  2656 10161 E SQLiteDatabase: 	at aqtk.a(:com.google.android.gms@202414022@20.24.14 (040700-319035315):182)
12-08 10:35:56.407  2656 10161 E SQLiteDatabase: 	at aqtk.a(:com.google.android.gms@202414022@20.24.14 (040700-319035315):23)
12-08 10:35:56.407  2656 10161 E SQLiteDatabase: 	at aqtk.a(:com.google.android.gms@202414022@20.24.14 (040700-319035315):177)
12-08 10:35:56.407  2656 10161 E SQLiteDatabase: 	at aqpu.run(:com.google.android.gms@202414022@20.24.14 (040700-319035315):9)
12-08 10:35:56.407  2656 10161 E SQLiteDatabase: 	at soy.b(:com.google.android.gms@202414022@20.24.14 (040700-319035315):12)
12-08 10:35:56.407  2656 10161 E SQLiteDatabase: 	at soy.run(:com.google.android.gms@202414022@20.24.14 (040700-319035315):8)
12-08 10:35:56.407  2656 10161 E SQLiteDatabase: 	at java.util.concurrent.ThreadPoolExecutor.runWorker(ThreadPoolExecutor.java:1167)
12-08 10:35:56.407  2656 10161 E SQLiteDatabase: 	at java.util.concurrent.ThreadPoolExecutor$Worker.run(ThreadPoolExecutor.java:641)
12-08 10:35:56.407  2656 10161 E SQLiteDatabase: 	at sux.run(:com.google.android.gms@202414022@20.24.14 (040700-319035315):0)
12-08 10:35:56.407  2656 10161 E SQLiteDatabase: 	at java.lang.Thread.run(Thread.java:919)
12-08 10:35:56.820 11395 11395 I ViewInteraction: Performing 'wait for a specific view with <(an instance of android.widget.TextView and view.getText() with or without transformation to match: is "Authorization" and view.getParent() view.getParent() view.getId() is <2131231186>)> during 10000 millis.' action on view view.getRootView() to equal view
12-08 10:35:57.163  1905  1905 E wifi_forwarder: RemoteConnection failed to initialize: RemoteConnection failed to open pipe
12-08 10:35:59.042 11395 11501 I okhttp.OkHttpClient: --> GET http://www.981757-ca08998.tmweb.ru:8080/fmh/authentication/userInfo
12-08 10:35:59.043 11395 11501 I okhttp.OkHttpClient: --> END GET
12-08 10:35:59.264 11395 11501 I okhttp.OkHttpClient: <-- 200 http://www.981757-ca08998.tmweb.ru:8080/fmh/authentication/userInfo (221ms)
12-08 10:35:59.265 11395 11501 I okhttp.OkHttpClient: Vary: Origin
12-08 10:35:59.265 11395 11501 I okhttp.OkHttpClient: Vary: Access-Control-Request-Method
12-08 10:35:59.265 11395 11501 I okhttp.OkHttpClient: Vary: Access-Control-Request-Headers
12-08 10:35:59.268 11395 11501 I okhttp.OkHttpClient: X-Content-Type-Options: nosniff
12-08 10:35:59.268 11395 11501 I okhttp.OkHttpClient: X-XSS-Protection: 1; mode=block
12-08 10:35:59.269 11395 11501 I okhttp.OkHttpClient: Cache-Control: no-cache, no-store, max-age=0, must-revalidate
12-08 10:35:59.269 11395 11501 I okhttp.OkHttpClient: Pragma: no-cache
12-08 10:35:59.270 11395 11501 I okhttp.OkHttpClient: Expires: 0
12-08 10:35:59.270 11395 11501 I okhttp.OkHttpClient: X-Frame-Options: DENY
12-08 10:35:59.270 11395 11501 I okhttp.OkHttpClient: Content-Type: application/json
12-08 10:35:59.270 11395 11501 I okhttp.OkHttpClient: Transfer-Encoding: chunked
12-08 10:35:59.270 11395 11501 I okhttp.OkHttpClient: Date: Thu, 08 Dec 2022 10:36:44 GMT
12-08 10:35:59.270 11395 11501 I okhttp.OkHttpClient: Keep-Alive: timeout=60
12-08 10:35:59.270 11395 11501 I okhttp.OkHttpClient: Connection: keep-alive
12-08 10:35:59.271 11395 11501 I okhttp.OkHttpClient: {"id":2,"firstName":"Данил","lastName":"Иванов","middleName":"Данилович","admin":true}
12-08 10:35:59.272 11395 11501 I okhttp.OkHttpClient: <-- END HTTP (106-byte body)
12-08 10:35:59.295 11395 11521 I okhttp.OkHttpClient: --> GET http://www.981757-ca08998.tmweb.ru:8080/fmh/claims
12-08 10:35:59.295 11395 11521 I okhttp.OkHttpClient: --> END GET
12-08 10:36:00.008  2170  2170 D KeyguardClockSwitch: Updating clock: 1036
12-08 10:36:00.098 11395 11395 I Choreographer: Skipped 48 frames!  The application may be doing too much work on its main thread.
12-08 10:36:00.268 11395 11489 I OpenGLRenderer: Davey! duration=971ms; Flags=1, IntendedVsync=58706332646262, Vsync=58707132646230, OldestInputEvent=9223372036854775807, NewestInputEvent=0, HandleInputStart=58707135845880, AnimationStart=58707135888880, PerformTraversalsStart=58707136429980, DrawStart=58707173169980, SyncQueued=58707175974780, SyncStart=58707177516380, IssueDrawCommandsStart=58707177804280, SwapBuffers=58707300056880, FrameCompleted=58707305369480, DequeueBufferDuration=77000, QueueBufferDuration=208000, 
12-08 10:36:01.315 11395 11434 V FA      : Inactivity, disconnecting from the service
12-08 10:36:01.631 11395 11521 I okhttp.OkHttpClient: <-- 200 http://www.981757-ca08998.tmweb.ru:8080/fmh/claims (2335ms)
12-08 10:36:01.631 11395 11521 I okhttp.OkHttpClient: Vary: Origin
12-08 10:36:01.632 11395 11521 I okhttp.OkHttpClient: Vary: Access-Control-Request-Method
12-08 10:36:01.632 11395 11521 I okhttp.OkHttpClient: Vary: Access-Control-Request-Headers
12-08 10:36:01.632 11395 11521 I okhttp.OkHttpClient: X-Content-Type-Options: nosniff
12-08 10:36:01.633 11395 11521 I okhttp.OkHttpClient: X-XSS-Protection: 1; mode=block
12-08 10:36:01.633 11395 11521 I okhttp.OkHttpClient: Cache-Control: no-cache, no-store, max-age=0, must-revalidate
12-08 10:36:01.633 11395 11521 I okhttp.OkHttpClient: Pragma: no-cache
12-08 10:36:01.633 11395 11521 I okhttp.OkHttpClient: Expires: 0
12-08 10:36:01.633 11395 11521 I okhttp.OkHttpClient: X-Frame-Options: DENY
12-08 10:36:01.633 11395 11521 I okhttp.OkHttpClient: Content-Type: application/json
12-08 10:36:01.634 11395 11521 I okhttp.OkHttpClient: Transfer-Encoding: chunked
12-08 10:36:01.634 11395 11521 I okhttp.OkHttpClient: Date: Thu, 08 Dec 2022 10:36:46 GMT
12-08 10:36:01.634 11395 11521 I okhttp.OkHttpClient: Keep-Alive: timeout=60
12-08 10:36:01.634 11395 11521 I okhttp.OkHttpClient: Connection: keep-alive
12-08 10:36:06.872 11395 11395 D takeScreenshot: Found 1 global views to redraw
12-08 10:36:06.921  1776  1825 D gralloc_ranchu: gralloc_alloc: Creating ashmem region of size 10108928
12-08 10:36:06.976 11395 11440 W DefaultFailureHandler: Failed to take screenshot
12-08 10:36:06.976 11395 11440 W DefaultFailureHandler: java.io.FileNotFoundException: view-op-error-14.png: open failed: EROFS (Read-only file system)
12-08 10:36:06.976 11395 11440 W DefaultFailureHandler: 	at libcore.io.IoBridge.open(IoBridge.java:496)
12-08 10:36:06.976 11395 11440 W DefaultFailureHandler: 	at java.io.FileOutputStream.<init>(FileOutputStream.java:235)
12-08 10:36:06.976 11395 11440 W DefaultFailureHandler: 	at java.io.FileOutputStream.<init>(FileOutputStream.java:125)
12-08 10:36:06.976 11395 11440 W DefaultFailureHandler: 	at androidx.test.platform.io.FileTestStorage.openOutputFile(FileTestStorage.java:60)
12-08 10:36:06.976 11395 11440 W DefaultFailureHandler: 	at androidx.test.core.graphics.BitmapStorage.writeToTestStorage(BitmapStorageExt.kt:49)
12-08 10:36:06.976 11395 11440 W DefaultFailureHandler: 	at androidx.test.espresso.base.DefaultFailureHandler.takeScreenshot(DefaultFailureHandler.java:4)
12-08 10:36:06.976 11395 11440 W DefaultFailureHandler: 	at androidx.test.espresso.base.DefaultFailureHandler.handle(DefaultFailureHandler.java:3)
12-08 10:36:06.976 11395 11440 W DefaultFailureHandler: 	at androidx.test.espresso.ViewInteraction.waitForAndHandleInteractionResults(ViewInteraction.java:8)
12-08 10:36:06.976 11395 11440 W DefaultFailureHandler: 	at androidx.test.espresso.ViewInteraction.desugaredPerform(ViewInteraction.java:11)
12-08 10:36:06.976 11395 11440 W DefaultFailureHandler: 	at androidx.test.espresso.ViewInteraction.perform(ViewInteraction.java:8)
12-08 10:36:06.976 11395 11440 W DefaultFailureHandler: 	at ru.iteco.fmhandroid.ui.data.TestUtils.waitView(TestUtils.java:61)
12-08 10:36:06.976 11395 11440 W DefaultFailureHandler: 	at ru.iteco.fmhandroid.ui.steps.AuthSteps.isAuthScreen(AuthSteps.java:56)
12-08 10:36:06.976 11395 11440 W DefaultFailureHandler: 	at ru.iteco.fmhandroid.ui.ClaimsPageTest.logoutCheck(ClaimsPageTest.java:51)
12-08 10:36:06.976 11395 11440 W DefaultFailureHandler: 	at java.lang.reflect.Method.invoke(Native Method)
12-08 10:36:06.976 11395 11440 W DefaultFailureHandler: 	at org.junit.runners.model.FrameworkMethod$1.runReflectiveCall(FrameworkMethod.java:59)
12-08 10:36:06.976 11395 11440 W DefaultFailureHandler: 	at org.junit.internal.runners.model.ReflectiveCallable.run(ReflectiveCallable.java:12)
12-08 10:36:06.976 11395 11440 W DefaultFailureHandler: 	at org.junit.runners.model.FrameworkMethod.invokeExplosively(FrameworkMethod.java:56)
12-08 10:36:06.976 11395 11440 W DefaultFailureHandler: 	at androidx.test.internal.runner.junit4.statement.RunBefores.evaluate(RunBefores.java:76)
12-08 10:36:06.976 11395 11440 W DefaultFailureHandler: 	at io.qameta.allure.android.rules.ScreenshotRule$apply$1.evaluate(ScreenshotRule.kt:22)
12-08 10:36:06.976 11395 11440 W DefaultFailureHandler: 	at org.junit.rules.ExternalResource$1.evaluate(ExternalResource.java:54)
12-08 10:36:06.976 11395 11440 W DefaultFailureHandler: 	at io.qameta.allure.android.rules.LogcatRule$apply$1.evaluate(LogcatRule.kt:23)
12-08 10:36:06.976 11395 11440 W DefaultFailureHandler: 	at org.junit.rules.RunRules.evaluate(RunRules.java:20)
12-08 10:36:06.976 11395 11440 W DefaultFailureHandler: 	at org.junit.runners.ParentRunner$3.evaluate(ParentRunner.java:306)
12-08 10:36:06.976 11395 11440 W DefaultFailureHandler: 	at org.junit.runners.BlockJUnit4ClassRunner$1.evaluate(BlockJUnit4ClassRunner.java:100)
12-08 10:36:06.976 11395 11440 W DefaultFailureHandler: 	at org.junit.runners.ParentRunner.runLeaf(ParentRunner.java:366)
12-08 10:36:06.976 11395 11440 W DefaultFailureHandler: 	at org.junit.runners.BlockJUnit4ClassRunner.runChild(BlockJUnit4ClassRunner.java:103)
12-08 10:36:06.976 11395 11440 W DefaultFailureHandler: 	at org.junit.runners.BlockJUnit4ClassRunner.runChild(BlockJUnit4ClassRunner.java:63)
12-08 10:36:06.976 11395 11440 W DefaultFailureHandler: 	at org.junit.runners.ParentRunner$4.run(ParentRunner.java:331)
12-08 10:36:06.976 11395 11440 W DefaultFailureHandler: 	at org.junit.runners.ParentRunner$1.schedule(ParentRunner.java:79)
12-08 10:36:06.976 11395 11440 W DefaultFailureHandler: 	at org.junit.runners.ParentRunner.runChildren(ParentRunner.java:329)
12-08 10:36:06.976 11395 11440 W DefaultFailureHandler: 	at org.junit.runners.ParentRunner.access$100(ParentRunner.java:66)
12-08 10:36:06.976 11395 11440 W DefaultFailureHandler: 	at org.junit.runners.ParentRunner$2.evaluate(ParentRunner.java:293)
12-08 10:36:06.976 11395 11440 W DefaultFailureHandler: 	at org.junit.runners.ParentRunner$3.evaluate(ParentRunner.java:306)
12-08 10:36:06.976 11395 11440 W DefaultFailureHandler: 	at org.junit.runners.ParentRunner.run(ParentRunner.java:413)
12-08 10:36:06.976 11395 11440 W DefaultFailureHandler: 	at androidx.test.ext.junit.runners.AndroidJUnit4.run(AndroidJUnit4.java:162)
12-08 10:36:06.976 11395 11440 W DefaultFailureHandler: 	at io.qameta.allure.android.runners.AllureAndroidJUnit4.run(AllureAndroidJUnitRunners.kt:29)
12-08 10:36:06.976 11395 11440 W DefaultFailureHandler: 	at org.junit.runners.Suite.runChild(Suite.java:128)
12-08 10:36:06.976 11395 11440 W DefaultFailureHandler: 	at org.junit.runners.Suite.runChild(Suite.java:27)
12-08 10:36:06.976 11395 11440 W DefaultFailureHandler: 	at org.junit.runners.ParentRunner$4.run(ParentRunner.java:331)
12-08 10:36:06.976 11395 11440 W DefaultFailureHandler: 	at org.junit.runners.ParentRunner$1.schedule(ParentRunner.java:79)
12-08 10:36:06.976 11395 11440 W DefaultFailureHandler: 	at org.junit.runners.ParentRunner.runChildren(ParentRunner.java:329)
12-08 10:36:06.976 11395 11440 W DefaultFailureHandler: 	at org.junit.runners.ParentRunner.access$100(ParentRunner.java:66)
12-08 10:36:06.976 11395 11440 W DefaultFailureHandler: 	at org.junit.runners.ParentRunner$2.evaluate(ParentRunner.java:293)
12-08 10:36:06.976 11395 11440 W DefaultFailureHandler: 	at org.junit.runners.ParentRunner$3.evaluate(ParentRunner.java:306)
12-08 10:36:06.976 11395 11440 W DefaultFailureHandler: 	at org.junit.runners.ParentRunner.run(ParentRunner.java:413)
12-08 10:36:06.976 11395 11440 W DefaultFailureHandler: 	at org.junit.runner.JUnitCore.run(JUnitCore.java:137)
12-08 10:36:06.976 11395 11440 W DefaultFailureHandler: 	at org.junit.runner.JUnitCore.run(JUnitCore.java:115)
12-08 10:36:06.976 11395 11440 W DefaultFailureHandler: 	at androidx.test.internal.runner.TestExecutor.execute(TestExecutor.java:67)
12-08 10:36:06.976 11395 11440 W DefaultFailureHandler: 	at androidx.test.internal.runner.TestExecutor.execute(TestExecutor.java:58)
12-08 10:36:06.976 11395 11440 W DefaultFailureHandler: 	at androidx.test.runner.AndroidJUnitRunner.onStart(AndroidJUnitRunner.java:438)
12-08 10:36:06.976 11395 11440 W DefaultFailureHandler: 	at android.app.Instrumentation$InstrumentationThread.run(Instrumentation.java:2189)
12-08 10:36:06.976 11395 11440 W DefaultFailureHandler: Caused by: android.system.ErrnoException: open failed: EROFS (Read-only file system)
12-08 10:36:06.976 11395 11440 W DefaultFailureHandler: 	at libcore.io.Linux.open(Native Method)
12-08 10:36:06.976 11395 11440 W DefaultFailureHandler: 	at libcore.io.ForwardingOs.open(ForwardingOs.java:167)
12-08 10:36:06.976 11395 11440 W DefaultFailureHandler: 	at libcore.io.BlockGuardOs.open(BlockGuardOs.java:252)
12-08 10:36:06.976 11395 11440 W DefaultFailureHandler: 	at libcore.io.ForwardingOs.open(ForwardingOs.java:167)
12-08 10:36:06.976 11395 11440 W DefaultFailureHandler: 	at android.app.ActivityThread$AndroidOs.open(ActivityThread.java:7255)
12-08 10:36:06.976 11395 11440 W DefaultFailureHandler: 	at libcore.io.IoBridge.open(IoBridge.java:482)
12-08 10:36:06.976 11395 11440 W DefaultFailureHandler: 	... 50 more
12-08 10:36:06.983 11395 11395 I ViewInteraction: Performing 'wait for a specific view with <view.getId() is <2131230870/ru.iteco.fmhandroid:id/authorization_image_button>> during 10000 millis.' action on view view.getRootView() to equal view
12-08 10:36:06.988 11395 11395 I ViewInteraction: Checking 'MatchesViewAssertion{viewMatcher=(view has effective visibility <VISIBLE> and view.getGlobalVisibleRect() to return non-empty rectangle)}' assertion on view view.getId() is <2131230870/ru.iteco.fmhandroid:id/authorization_image_button>
12-08 10:36:06.993 11395 11395 I ViewInteraction: Performing 'single click' action on view view.getId() is <2131230870/ru.iteco.fmhandroid:id/authorization_image_button>
12-08 10:36:07.049  1764  6994 W audio_hw_generic: Not supplying enough data to HAL, expected position 170709886 , only wrote 170709860
12-08 10:36:07.144  1776  1825 D gralloc_ranchu: gralloc_alloc: Creating ashmem region of size 884736
12-08 10:36:07.159  1776  1825 I chatty  : uid=1000(system) HwBinder:1776_1 identical 1 line
12-08 10:36:07.160  1776  1825 D gralloc_ranchu: gralloc_alloc: Creating ashmem region of size 884736
12-08 10:36:07.175 11395 11489 D EGL_emulation: eglMakeCurrent: 0xdd81af60: ver 2 0 (tinfo 0xc30989a0)
12-08 10:36:07.267 11395 11489 I chatty  : uid=10146(ru.iteco.fmhandroid) RenderThread identical 3 lines
12-08 10:36:07.280 11395 11489 D EGL_emulation: eglMakeCurrent: 0xdd81af60: ver 2 0 (tinfo 0xc30989a0)
12-08 10:36:07.504 11395 11395 I ViewInteraction: Performing 'wait for a specific view with <an instance of android.widget.TextView and view.getText() with or without transformation to match: is "Log out"> during 10000 millis.' action on view view.getRootView() to equal view
12-08 10:36:07.509 11395 11395 I ViewInteraction: Checking 'MatchesViewAssertion{viewMatcher=(view has effective visibility <VISIBLE> and view.getGlobalVisibleRect() to return non-empty rectangle)}' assertion on view an instance of android.widget.TextView and view.getText() with or without transformation to match: is "Log out"
12-08 10:36:07.512 11395 11395 I ViewInteraction: Performing 'single click' action on view an instance of android.widget.TextView and view.getText() with or without transformation to match: is "Log out"
12-08 10:36:07.729 11395 11489 D EGL_emulation: eglMakeCurrent: 0xdd81af60: ver 2 0 (tinfo 0xc30989a0)
12-08 10:36:07.788 11395 11489 D EGL_emulation: eglMakeCurrent: 0xdd81af60: ver 2 0 (tinfo 0xc30989a0)
12-08 10:36:07.880 11395 11395 I ViewInteraction: Performing 'wait for a specific view with <(an instance of android.widget.TextView and view.getText() with or without transformation to match: is "Authorization" and view.getParent() view.getParent() view.getId() is <2131231186>)> during 10000 millis.' action on view view.getRootView() to equal view
12-08 10:36:07.885 11395 11395 I ViewInteraction: Checking 'MatchesViewAssertion{viewMatcher=(view has effective visibility <VISIBLE> and view.getGlobalVisibleRect() to return non-empty rectangle)}' assertion on view (an instance of android.widget.TextView and view.getText() with or without transformation to match: is "Authorization" and view.getParent() view.getParent() view.getId() is <2131231186/ru.iteco.fmhandroid:id/nav_host_fragment>)
12-08 10:36:07.891 11395 11395 I ViewInteraction: Performing 'wait for a specific view with <(an instance of android.widget.TextView and view.getHint() matching: is "Login" and view.getParent() view.getParent() view.getId() is <2131231121/ru.iteco.fmhandroid:id/login_text_input_layout>)> during 10000 millis.' action on view view.getRootView() to equal view
12-08 10:36:07.898 11395 11395 I ViewInteraction: Checking 'MatchesViewAssertion{viewMatcher=(view has effective visibility <VISIBLE> and view.getGlobalVisibleRect() to return non-empty rectangle)}' assertion on view (an instance of android.widget.TextView and view.getHint() matching: is "Login" and view.getParent() view.getParent() view.getId() is <2131231121/ru.iteco.fmhandroid:id/login_text_input_layout>)
12-08 10:36:07.902 11395 11395 I ViewInteraction: Performing 'wait for a specific view with <(an instance of android.widget.TextView and view.getHint() matching: is "Password" and view.getParent() view.getParent() view.getId() is <2131231264/ru.iteco.fmhandroid:id/password_text_input_layout>)> during 10000 millis.' action on view view.getRootView() to equal view
12-08 10:36:07.909 11395 11395 I ViewInteraction: Checking 'MatchesViewAssertion{viewMatcher=(view has effective visibility <VISIBLE> and view.getGlobalVisibleRect() to return non-empty rectangle)}' assertion on view (an instance of android.widget.TextView and view.getHint() matching: is "Password" and view.getParent() view.getParent() view.getId() is <2131231264/ru.iteco.fmhandroid:id/password_text_input_layout>)
12-08 10:36:07.913 11395 11395 I ViewInteraction: Performing 'wait for a specific view with <(view.getId() is <2131231039/ru.iteco.fmhandroid:id/enter_button> and an instance of android.widget.TextView and view.getText() with or without transformation to match: is "SIGN IN" and view.getContentDescription() is "Save" and view.getParent() view.getParent() an instance of android.widget.RelativeLayout)> during 10000 millis.' action on view view.getRootView() to equal view
12-08 10:36:07.918 11395 11395 I ViewInteraction: Checking 'MatchesViewAssertion{viewMatcher=(view has effective visibility <VISIBLE> and view.getGlobalVisibleRect() to return non-empty rectangle)}' assertion on view (view.getId() is <2131231039/ru.iteco.fmhandroid:id/enter_button> and an instance of android.widget.TextView and view.getText() with or without transformation to match: is "SIGN IN" and view.getContentDescription() is "Save" and view.getParent() view.getParent() an instance of android.widget.RelativeLayout)
12-08 10:36:07.923 11395 11395 I ViewInteraction: Performing 'wait for a specific view with <(an instance of android.widget.TextView and view.getText() with or without transformation to match: is "Authorization" and view.getParent() view.getParent() view.getId() is <2131231186>)> during 10000 millis.' action on view view.getRootView() to equal view
12-08 10:36:07.928 11395 11395 I ViewInteraction: Checking 'MatchesViewAssertion{viewMatcher=(view has effective visibility <VISIBLE> and view.getGlobalVisibleRect() to return non-empty rectangle)}' assertion on view (an instance of android.widget.TextView and view.getText() with or without transformation to match: is "Authorization" and view.getParent() view.getParent() view.getId() is <2131231186/ru.iteco.fmhandroid:id/nav_host_fragment>)
12-08 10:36:07.934 11395 11395 I ViewInteraction: Performing 'wait for a specific view with <(an instance of android.widget.TextView and view.getHint() matching: is "Login" and view.getParent() view.getParent() view.getId() is <2131231121/ru.iteco.fmhandroid:id/login_text_input_layout>)> during 10000 millis.' action on view view.getRootView() to equal view
12-08 10:36:07.939 11395 11395 I ViewInteraction: Checking 'MatchesViewAssertion{viewMatcher=(view has effective visibility <VISIBLE> and view.getGlobalVisibleRect() to return non-empty rectangle)}' assertion on view (an instance of android.widget.TextView and view.getHint() matching: is "Login" and view.getParent() view.getParent() view.getId() is <2131231121/ru.iteco.fmhandroid:id/login_text_input_layout>)
12-08 10:36:07.944 11395 11395 I ViewInteraction: Performing 'wait for a specific view with <(an instance of android.widget.TextView and view.getHint() matching: is "Password" and view.getParent() view.getParent() view.getId() is <2131231264/ru.iteco.fmhandroid:id/password_text_input_layout>)> during 10000 millis.' action on view view.getRootView() to equal view
12-08 10:36:07.949 11395 11395 I ViewInteraction: Checking 'MatchesViewAssertion{viewMatcher=(view has effective visibility <VISIBLE> and view.getGlobalVisibleRect() to return non-empty rectangle)}' assertion on view (an instance of android.widget.TextView and view.getHint() matching: is "Password" and view.getParent() view.getParent() view.getId() is <2131231264/ru.iteco.fmhandroid:id/password_text_input_layout>)
12-08 10:36:07.955 11395 11395 I ViewInteraction: Performing 'wait for a specific view with <(view.getId() is <2131231039/ru.iteco.fmhandroid:id/enter_button> and an instance of android.widget.TextView and view.getText() with or without transformation to match: is "SIGN IN" and view.getContentDescription() is "Save" and view.getParent() view.getParent() an instance of android.widget.RelativeLayout)> during 10000 millis.' action on view view.getRootView() to equal view
12-08 10:36:07.961 11395 11395 I ViewInteraction: Checking 'MatchesViewAssertion{viewMatcher=(view has effective visibility <VISIBLE> and view.getGlobalVisibleRect() to return non-empty rectangle)}' assertion on view (view.getId() is <2131231039/ru.iteco.fmhandroid:id/enter_button> and an instance of android.widget.TextView and view.getText() with or without transformation to match: is "SIGN IN" and view.getContentDescription() is "Save" and view.getParent() view.getParent() an instance of android.widget.RelativeLayout)
12-08 10:36:07.967 11395 11395 I ViewInteraction: Performing 'wait for a specific view with <(an instance of android.widget.TextView and view.getHint() matching: is "Login" and view.getParent() view.getParent() view.getId() is <2131231121/ru.iteco.fmhandroid:id/login_text_input_layout>)> during 10000 millis.' action on view view.getRootView() to equal view
12-08 10:36:07.973 11395 11395 I ViewInteraction: Performing 'replace text(login2)' action on view (an instance of android.widget.TextView and view.getHint() matching: is "Login" and view.getParent() view.getParent() view.getId() is <2131231121/ru.iteco.fmhandroid:id/login_text_input_layout>)
12-08 10:36:08.020 11395 11395 I ViewInteraction: Performing 'wait for a specific view with <(an instance of android.widget.TextView and view.getHint() matching: is "Password" and view.getParent() view.getParent() view.getId() is <2131231264/ru.iteco.fmhandroid:id/password_text_input_layout>)> during 10000 millis.' action on view view.getRootView() to equal view
12-08 10:36:08.028 11395 11395 I ViewInteraction: Performing 'replace text(password2)' action on view (an instance of android.widget.TextView and view.getHint() matching: is "Password" and view.getParent() view.getParent() view.getId() is <2131231264/ru.iteco.fmhandroid:id/password_text_input_layout>)
12-08 10:36:08.048 11395 11395 I ViewInteraction: Performing 'wait for a specific view with <(view.getId() is <2131231039/ru.iteco.fmhandroid:id/enter_button> and an instance of android.widget.TextView and view.getText() with or without transformation to match: is "SIGN IN" and view.getContentDescription() is "Save" and view.getParent() view.getParent() an instance of android.widget.RelativeLayout)> during 10000 millis.' action on view view.getRootView() to equal view
12-08 10:36:08.062 11395 11395 I ViewInteraction: Checking 'MatchesViewAssertion{viewMatcher=view.isClickable() is <true>}' assertion on view (view.getId() is <2131231039/ru.iteco.fmhandroid:id/enter_button> and an instance of android.widget.TextView and view.getText() with or without transformation to match: is "SIGN IN" and view.getContentDescription() is "Save" and view.getParent() view.getParent() an instance of android.widget.RelativeLayout)
12-08 10:36:08.068 11395 11395 I ViewInteraction: Performing 'wait for a specific view with <(view.getId() is <2131231039/ru.iteco.fmhandroid:id/enter_button> and an instance of android.widget.TextView and view.getText() with or without transformation to match: is "SIGN IN" and view.getContentDescription() is "Save" and view.getParent() view.getParent() an instance of android.widget.RelativeLayout)> during 10000 millis.' action on view view.getRootView() to equal view
12-08 10:36:08.090 11395 11395 I ViewInteraction: Checking 'MatchesViewAssertion{viewMatcher=view.isClickable() is <true>}' assertion on view (view.getId() is <2131231039/ru.iteco.fmhandroid:id/enter_button> and an instance of android.widget.TextView and view.getText() with or without transformation to match: is "SIGN IN" and view.getContentDescription() is "Save" and view.getParent() view.getParent() an instance of android.widget.RelativeLayout)
12-08 10:36:08.094 11395 11395 I ViewInteraction: Performing 'wait for a specific view with <(view.getId() is <2131231039/ru.iteco.fmhandroid:id/enter_button> and an instance of android.widget.TextView and view.getText() with or without transformation to match: is "SIGN IN" and view.getContentDescription() is "Save" and view.getParent() view.getParent() an instance of android.widget.RelativeLayout)> during 10000 millis.' action on view view.getRootView() to equal view
12-08 10:36:08.100 11395 11395 I ViewInteraction: Performing 'single click' action on view (view.getId() is <2131231039/ru.iteco.fmhandroid:id/enter_button> and an instance of android.widget.TextView and view.getText() with or without transformation to match: is "SIGN IN" and view.getContentDescription() is "Save" and view.getParent() view.getParent() an instance of android.widget.RelativeLayout)
12-08 10:36:08.157 11395 11519 I okhttp.OkHttpClient: --> POST http://www.981757-ca08998.tmweb.ru:8080/fmh/authentication/login
12-08 10:36:08.157 11395 11519 I okhttp.OkHttpClient: Content-Type: application/json; charset=UTF-8
12-08 10:36:08.157 11395 11519 I okhttp.OkHttpClient: Content-Length: 41
12-08 10:36:08.157 11395 11519 I okhttp.OkHttpClient: {"login":"login2","password":"password2"}
12-08 10:36:08.157 11395 11519 I okhttp.OkHttpClient: --> END POST (41-byte body)
12-08 10:36:08.389 11395 11395 I ViewInteraction: Performing 'wait for a specific view with <an instance of android.widget.TextView and view.getText() with or without transformation to match: is "News"> during 10000 millis.' action on view view.getRootView() to equal view
12-08 10:36:08.401 11395 11519 I okhttp.OkHttpClient: <-- 200 http://www.981757-ca08998.tmweb.ru:8080/fmh/authentication/login (243ms)
12-08 10:36:08.402 11395 11519 I okhttp.OkHttpClient: Vary: Origin
12-08 10:36:08.403 11395 11519 I okhttp.OkHttpClient: Vary: Access-Control-Request-Method
12-08 10:36:08.403 11395 11519 I okhttp.OkHttpClient: Vary: Access-Control-Request-Headers
12-08 10:36:08.403 11395 11519 I okhttp.OkHttpClient: X-Content-Type-Options: nosniff
12-08 10:36:08.403 11395 11519 I okhttp.OkHttpClient: X-XSS-Protection: 1; mode=block
12-08 10:36:08.403 11395 11519 I okhttp.OkHttpClient: Cache-Control: no-cache, no-store, max-age=0, must-revalidate
12-08 10:36:08.403 11395 11519 I okhttp.OkHttpClient: Pragma: no-cache
12-08 10:36:08.403 11395 11519 I okhttp.OkHttpClient: Expires: 0
12-08 10:36:08.405 11395 11519 I okhttp.OkHttpClient: X-Frame-Options: DENY
12-08 10:36:08.405 11395 11519 I okhttp.OkHttpClient: Content-Type: application/json
12-08 10:36:08.406 11395 11519 I okhttp.OkHttpClient: Transfer-Encoding: chunked
12-08 10:36:08.406 11395 11519 I okhttp.OkHttpClient: Date: Thu, 08 Dec 2022 10:36:53 GMT
12-08 10:36:08.406 11395 11519 I okhttp.OkHttpClient: Keep-Alive: timeout=60
12-08 10:36:08.407 11395 11519 I okhttp.OkHttpClient: Connection: keep-alive
12-08 10:36:09.094 11395 11519 I okhttp.OkHttpClient: {"accessToken":"eyJhbGciOiJIUzUxMiJ9.eyJzdWIiOiJsb2dpbjIiLCJqdGkiOiIyIiwiZXhwIjoxNjcwNTgyMjEzfQ.96XtOie9u97nClkSEBfiyKb3vUlJViQOz-YXefe2Em3A77kN3aJ5SqVk4BpmFBwrTUKvhhW46VbuQPtJDhOgww","refreshToken":"eyJhbGciOiJIUzUxMiJ9.eyJzdWIiOiJsb2dpbjIiLCJqdGkiOiIyIiwiZXhwIjoxNjczMDg3ODEzfQ.QsBPc1-FkLlxDxH8o4CV5lMBFMM23yNGhPENtXvbSxL_ff6H1J5loHNIOZ1ATzW0typJDlQrymFV_JZXB9JZuQ"}
12-08 10:36:09.094 11395 11519 I okhttp.OkHttpClient: <-- END HTTP (368-byte body)
12-08 10:36:09.098 11395 11501 I okhttp.OkHttpClient: --> GET http://www.981757-ca08998.tmweb.ru:8080/fmh/authentication/userInfo
12-08 10:36:09.098 11395 11501 I okhttp.OkHttpClient: --> END GET
12-08 10:36:09.299 11395 11501 I okhttp.OkHttpClient: <-- 200 http://www.981757-ca08998.tmweb.ru:8080/fmh/authentication/userInfo (200ms)
12-08 10:36:09.299 11395 11501 I okhttp.OkHttpClient: Vary: Origin
12-08 10:36:09.299 11395 11501 I okhttp.OkHttpClient: Vary: Access-Control-Request-Method
12-08 10:36:09.299 11395 11501 I okhttp.OkHttpClient: Vary: Access-Control-Request-Headers
12-08 10:36:09.299 11395 11501 I okhttp.OkHttpClient: X-Content-Type-Options: nosniff
12-08 10:36:09.300 11395 11501 I okhttp.OkHttpClient: X-XSS-Protection: 1; mode=block
12-08 10:36:09.300 11395 11501 I okhttp.OkHttpClient: Cache-Control: no-cache, no-store, max-age=0, must-revalidate
12-08 10:36:09.301 11395 11501 I okhttp.OkHttpClient: Pragma: no-cache
12-08 10:36:09.301 11395 11501 I okhttp.OkHttpClient: Expires: 0
12-08 10:36:09.301 11395 11501 I okhttp.OkHttpClient: X-Frame-Options: DENY
12-08 10:36:09.302 11395 11501 I okhttp.OkHttpClient: Content-Type: application/json
12-08 10:36:09.302 11395 11501 I okhttp.OkHttpClient: Transfer-Encoding: chunked
12-08 10:36:09.302 11395 11501 I okhttp.OkHttpClient: Date: Thu, 08 Dec 2022 10:36:53 GMT
12-08 10:36:09.302 11395 11501 I okhttp.OkHttpClient: Keep-Alive: timeout=60
12-08 10:36:09.303 11395 11501 I okhttp.OkHttpClient: Connection: keep-alive
12-08 10:36:09.305 11395 11501 I okhttp.OkHttpClient: {"id":2,"firstName":"Данил","lastName":"Иванов","middleName":"Данилович","admin":true}
12-08 10:36:09.306 11395 11501 I okhttp.OkHttpClient: <-- END HTTP (106-byte body)
12-08 10:36:09.314 11395 11506 I okhttp.OkHttpClient: --> GET http://www.981757-ca08998.tmweb.ru:8080/fmh/claims
12-08 10:36:09.314 11395 11506 I okhttp.OkHttpClient: --> END GET
12-08 10:36:09.322  1744 11692 E ResolverController: No valid NAT64 prefix (106, <unspecified>/0)
12-08 10:36:09.442 11395 11395 I ViewInteraction: Checking 'MatchesViewAssertion{viewMatcher=(view has effective visibility <VISIBLE> and view.getGlobalVisibleRect() to return non-empty rectangle)}' assertion on view an instance of android.widget.TextView and view.getText() with or without transformation to match: is "News"
12-08 10:36:09.448 11395 11395 I ViewInteraction: Performing 'wait for a specific view with <view.getId() is <2131230951>> during 10000 millis.' action on view view.getRootView() to equal view
12-08 10:36:09.454 11395 11395 I ViewInteraction: Checking 'MatchesViewAssertion{viewMatcher=(view has effective visibility <VISIBLE> and view.getGlobalVisibleRect() to return non-empty rectangle)}' assertion on view view.getId() is <2131230951/ru.iteco.fmhandroid:id/container_list_news_include_on_fragment_main>
12-08 10:36:09.679 11395 11395 I ViewInteraction: Performing 'wait for a specific view with <view.getId() is <2131230949>> during 10000 millis.' action on view view.getRootView() to equal view
12-08 10:36:09.696 11395 11395 I ViewInteraction: Checking 'MatchesViewAssertion{viewMatcher=(view has effective visibility <VISIBLE> and view.getGlobalVisibleRect() to return non-empty rectangle)}' assertion on view view.getId() is <2131230949/ru.iteco.fmhandroid:id/container_list_claim_include_on_fragment_main>
12-08 10:36:09.700 11395 11395 I ViewInteraction: Performing 'wait for a specific view with <an instance of android.widget.TextView and view.getText() with or without transformation to match: is "Claims"> during 10000 millis.' action on view view.getRootView() to equal view
12-08 10:36:09.708 11395 11395 I ViewInteraction: Checking 'MatchesViewAssertion{viewMatcher=(view has effective visibility <VISIBLE> and view.getGlobalVisibleRect() to return non-empty rectangle)}' assertion on view an instance of android.widget.TextView and view.getText() with or without transformation to match: is "Claims"
12-08 10:36:09.712 11395 11395 I ViewInteraction: Performing 'wait for a specific view with <view.getId() is <2131231123/ru.iteco.fmhandroid:id/main_menu_image_button>> during 10000 millis.' action on view view.getRootView() to equal view
12-08 10:36:09.715 11395 11395 I ViewInteraction: Performing 'single click' action on view view.getId() is <2131231123/ru.iteco.fmhandroid:id/main_menu_image_button>
12-08 10:36:09.823  1776  1825 D gralloc_ranchu: gralloc_alloc: Creating ashmem region of size 2015232
12-08 10:36:09.827  1776  1825 D gralloc_ranchu: gralloc_alloc: Creating ashmem region of size 2015232
