12-08 10:33:54.165  1776  1927 D gralloc_ranchu: gralloc_alloc: Creating ashmem region of size 10108928
12-08 10:33:54.222 11395 11440 E TestRunner: failed: shouldNotSaveCommentWhenCancelButtonIsClicked(ru.iteco.fmhandroid.ui.ClaimsPageTest)
12-08 10:33:54.222 11395 11440 E TestRunner: ----- begin exception -----
12-08 10:33:54.224 11395 11440 E TestRunner: androidx.test.espresso.PerformException: Error performing 'scroll RecyclerView to: holder with view: (view is an instance of android.view.ViewGroup and has descendant matching an instance of android.widget.TextView and view.getText() with or without transformation to match: is "Заголовок 198d2359-cff4-4057-8789-cebd0ab47c66")' on view 'view.getId() is <2131230916/ru.iteco.fmhandroid:id/claim_list_recycler_view>'.
12-08 10:33:54.224 11395 11440 E TestRunner: 	at androidx.test.espresso.PerformException$Builder.build(PerformException.java:1)
12-08 10:33:54.224 11395 11440 E TestRunner: 	at androidx.test.espresso.base.PerformExceptionHandler.handleSafely(PerformExceptionHandler.java:8)
12-08 10:33:54.224 11395 11440 E TestRunner: 	at androidx.test.espresso.base.PerformExceptionHandler.handleSafely(PerformExceptionHandler.java:9)
12-08 10:33:54.224 11395 11440 E TestRunner: 	at androidx.test.espresso.base.DefaultFailureHandler$TypedFailureHandler.handle(DefaultFailureHandler.java:4)
12-08 10:33:54.224 11395 11440 E TestRunner: 	at androidx.test.espresso.base.DefaultFailureHandler.handle(DefaultFailureHandler.java:5)
12-08 10:33:54.224 11395 11440 E TestRunner: 	at androidx.test.espresso.ViewInteraction.waitForAndHandleInteractionResults(ViewInteraction.java:8)
12-08 10:33:54.224 11395 11440 E TestRunner: 	at androidx.test.espresso.ViewInteraction.desugaredPerform(ViewInteraction.java:11)
12-08 10:33:54.224 11395 11440 E TestRunner: 	at androidx.test.espresso.ViewInteraction.perform(ViewInteraction.java:8)
12-08 10:33:54.224 11395 11440 E TestRunner: 	at ru.iteco.fmhandroid.ui.steps.ClaimsPageSteps.scrollToElementInRecyclerList(ClaimsPageSteps.java:127)
12-08 10:33:54.224 11395 11440 E TestRunner: 	at ru.iteco.fmhandroid.ui.steps.ClaimsPageSteps.openClaimCard(ClaimsPageSteps.java:150)
12-08 10:33:54.224 11395 11440 E TestRunner: 	at ru.iteco.fmhandroid.ui.ClaimsPageTest.shouldNotSaveCommentWhenCancelButtonIsClicked(ClaimsPageTest.java:131)
12-08 10:33:54.224 11395 11440 E TestRunner: 	at java.lang.reflect.Method.invoke(Native Method)
12-08 10:33:54.224 11395 11440 E TestRunner: 	at org.junit.runners.model.FrameworkMethod$1.runReflectiveCall(FrameworkMethod.java:59)
12-08 10:33:54.224 11395 11440 E TestRunner: 	at org.junit.internal.runners.model.ReflectiveCallable.run(ReflectiveCallable.java:12)
12-08 10:33:54.224 11395 11440 E TestRunner: 	at org.junit.runners.model.FrameworkMethod.invokeExplosively(FrameworkMethod.java:56)
12-08 10:33:54.224 11395 11440 E TestRunner: 	at org.junit.internal.runners.statements.InvokeMethod.evaluate(InvokeMethod.java:17)
12-08 10:33:54.224 11395 11440 E TestRunner: 	at androidx.test.internal.runner.junit4.statement.RunBefores.evaluate(RunBefores.java:80)
12-08 10:33:54.224 11395 11440 E TestRunner: 	at io.qameta.allure.android.rules.ScreenshotRule$apply$1.evaluate(ScreenshotRule.kt:22)
12-08 10:33:54.224 11395 11440 E TestRunner: 	at org.junit.rules.ExternalResource$1.evaluate(ExternalResource.java:54)
12-08 10:33:54.224 11395 11440 E TestRunner: 	at io.qameta.allure.android.rules.LogcatRule$apply$1.evaluate(LogcatRule.kt:23)
12-08 10:33:54.224 11395 11440 E TestRunner: 	at org.junit.rules.RunRules.evaluate(RunRules.java:20)
12-08 10:33:54.224 11395 11440 E TestRunner: 	at org.junit.runners.ParentRunner$3.evaluate(ParentRunner.java:306)
12-08 10:33:54.224 11395 11440 E TestRunner: 	at org.junit.runners.BlockJUnit4ClassRunner$1.evaluate(BlockJUnit4ClassRunner.java:100)
12-08 10:33:54.224 11395 11440 E TestRunner: 	at org.junit.runners.ParentRunner.runLeaf(ParentRunner.java:366)
12-08 10:33:54.224 11395 11440 E TestRunner: 	at org.junit.runners.BlockJUnit4ClassRunner.runChild(BlockJUnit4ClassRunner.java:103)
12-08 10:33:54.224 11395 11440 E TestRunner: 	at org.junit.runners.BlockJUnit4ClassRunner.runChild(BlockJUnit4ClassRunner.java:63)
12-08 10:33:54.224 11395 11440 E TestRunner: 	at org.junit.runners.ParentRunner$4.run(ParentRunner.java:331)
12-08 10:33:54.224 11395 11440 E TestRunner: 	at org.junit.runners.ParentRunner$1.schedule(ParentRunner.java:79)
12-08 10:33:54.224 11395 11440 E TestRunner: 	at org.junit.runners.ParentRunner.runChildren(ParentRunner.java:329)
12-08 10:33:54.224 11395 11440 E TestRunner: 	at org.junit.runners.ParentRunner.access$100(ParentRunner.java:66)
12-08 10:33:54.224 11395 11440 E TestRunner: 	at org.junit.runners.ParentRunner$2.evaluate(ParentRunner.java:293)
12-08 10:33:54.224 11395 11440 E TestRunner: 	at org.junit.runners.ParentRunner$3.evaluate(ParentRunner.java:306)
12-08 10:33:54.224 11395 11440 E TestRunner: 	at org.junit.runners.ParentRunner.run(ParentRunner.java:413)
12-08 10:33:54.224 11395 11440 E TestRunner: 	at androidx.test.ext.junit.runners.AndroidJUnit4.run(AndroidJUnit4.java:162)
12-08 10:33:54.224 11395 11440 E TestRunner: 	at io.qameta.allure.android.runners.AllureAndroidJUnit4.run(AllureAndroidJUnitRunners.kt:29)
12-08 10:33:54.224 11395 11440 E TestRunner: 	at org.junit.runners.Suite.runChild(Suite.java:128)
12-08 10:33:54.224 11395 11440 E TestRunner: 	at org.junit.runners.Suite.runChild(Suite.java:27)
12-08 10:33:54.224 11395 11440 E TestRunner: 	at org.junit.runners.ParentRunner$4.run(ParentRunner.java:331)
12-08 10:33:54.224 11395 11440 E TestRunner: 	at org.junit.runners.ParentRunner$1.schedule(ParentRunner.java:79)
12-08 10:33:54.224 11395 11440 E TestRunner: 	at org.junit.runners.ParentRunner.runChildren(ParentRunner.java:329)
12-08 10:33:54.224 11395 11440 E TestRunner: 	at org.junit.runners.ParentRunner.access$100(ParentRunner.java:66)
12-08 10:33:54.224 11395 11440 E TestRunner: 	at org.junit.runners.ParentRunner$2.evaluate(ParentRunner.java:293)
12-08 10:33:54.224 11395 11440 E TestRunner: 	at org.junit.runners.ParentRunner$3.evaluate(ParentRunner.java:306)
12-08 10:33:54.224 11395 11440 E TestRunner: 	at org.junit.runners.ParentRunner.run(ParentRunner.java:413)
12-08 10:33:54.224 11395 11440 E TestRunner: 	at org.junit.runner.JUnitCore.run(JUnitCore.java:137)
12-08 10:33:54.224 11395 11440 E TestRunner: 	at org.junit.runner.JUnitCore.run(JUnitCore.java:115)
12-08 10:33:54.224 11395 11440 E TestRunner: 	at androidx.test.internal.runner.TestExecutor.execute(Te
12-08 10:33:54.224 11395 11440 E TestRunner: ----- end exception -----
12-08 10:33:54.243 11395 11440 I TestRunner: finished: shouldNotSaveCommentWhenCancelButtonIsClicked(ru.iteco.fmhandroid.ui.ClaimsPageTest)
12-08 10:33:54.244  8344  8376 D EGL_emulation: eglMakeCurrent: 0xe59ed1c0: ver 2 0 (tinfo 0xe59d9f10)
12-08 10:33:54.288  1776  1927 D gralloc_ranchu: gralloc_alloc: Creating ashmem region of size 10108928
12-08 10:33:54.451  8437  8470 D EGL_emulation: eglCreateContext: 0xe594c960: maj 2 min 0 rcv 2
12-08 10:33:54.454  8437  8470 D EGL_emulation: eglMakeCurrent: 0xe594c960: ver 2 0 (tinfo 0xf0cc0670)
12-08 10:33:54.613  8437  8470 E chromium: [ERROR:gl_surface_egl.cc(342)] eglChooseConfig failed with error EGL_SUCCESS
12-08 10:33:54.622  1776  1927 D gralloc_ranchu: gralloc_alloc: Creating ashmem region of size 9256960
12-08 10:33:54.726  8437  8470 D EGL_emulation: eglCreateContext: 0xf0c7f1c0: maj 2 min 0 rcv 2
12-08 10:33:54.742  8437  8470 D EGL_emulation: eglMakeCurrent: 0xf0c7f1c0: ver 2 0 (tinfo 0xf0cc0670)
12-08 10:33:54.753  1776  1927 D gralloc_ranchu: gralloc_alloc: Creating ashmem region of size 10108928
12-08 10:33:54.764 11395 11440 I TestRunner: started: shouldEditTheComment(ru.iteco.fmhandroid.ui.ClaimsPageTest)
12-08 10:33:54.835 11395 11440 W Settings: Setting always_finish_activities has moved from android.provider.Settings.System to android.provider.Settings.Global, returning read-only value.
12-08 10:33:54.840  2018  3051 W ActivityTaskManager: Finishing task with all activities already finished
12-08 10:33:54.841  2018  3051 W ActivityTaskManager: Duplicate finish request for ActivityRecord{c9f3f8e u0 ru.iteco.fmhandroid.test/androidx.test.core.app.InstrumentationActivityInvoker$EmptyActivity t322 f}
12-08 10:33:54.847  2018  3061 I ActivityTaskManager: START u0 {act=android.intent.action.MAIN cat=[android.intent.category.LAUNCHER] flg=0x10008000 cmp=ru.iteco.fmhandroid.test/androidx.test.core.app.InstrumentationActivityInvoker$BootstrapActivity (has extras)} from uid 10146
12-08 10:33:54.892  8437  8470 D EGL_emulation: eglMakeCurrent: 0xe59eb0c0: ver 2 0 (tinfo 0xf0cc0670)
12-08 10:33:54.899  1776  1927 D gralloc_ranchu: gralloc_alloc: Creating ashmem region of size 10108928
12-08 10:33:55.107  8437  8470 D EGL_emulation: eglMakeCurrent: 0xf0c7f1c0: ver 2 0 (tinfo 0xf0cc0670)
12-08 10:33:55.120  2018  2139 D ConnectivityService: releasing NetworkRequest [ TRACK_DEFAULT id=122, [ Capabilities: INTERNET&NOT_RESTRICTED&TRUSTED Uid: 10129] ] (release request)
12-08 10:33:55.128  2018  3061 W InputReader: Device has associated, but no associated display id.
12-08 10:33:55.128  2018  3061 I chatty  : uid=1000(system) Binder:2018_10 identical 1 line
12-08 10:33:55.128  2018  3061 W InputReader: Device has associated, but no associated display id.
12-08 10:33:55.128  1764  1891 W audio_hw_generic: Not supplying enough data to HAL, expected position 168740886 , only wrote 168151129
12-08 10:33:55.128  2018  3061 W InputReader: Device has associated, but no associated display id.
12-08 10:33:55.131  2018  3061 I chatty  : uid=1000(system) Binder:2018_10 identical 35 lines
12-08 10:33:55.131  2018  3061 W InputReader: Device has associated, but no associated display id.
12-08 10:33:55.132 11453 11453 W ActivityThread: handleWindowVisibility: no activity for token android.os.BinderProxy@c9a9f57
12-08 10:33:55.135  2018  3061 W InputReader: Device has associated, but no associated display id.
12-08 10:33:55.142  2018  3061 I chatty  : uid=1000(system) Binder:2018_10 identical 28 lines
12-08 10:33:55.142  2018  3061 W InputReader: Device has associated, but no associated display id.
12-08 10:33:55.145  1776  1927 D gralloc_ranchu: gralloc_alloc: Creating ashmem region of size 6471680
12-08 10:33:55.233  2018  5907 I ActivityTaskManager: START u0 {act=android.intent.action.MAIN cat=[android.intent.category.LAUNCHER] cmp=ru.iteco.fmhandroid/.ui.AppActivity} from uid 10146
12-08 10:33:55.251  2018  3061 W InputReader: Device has associated, but no associated display id.
12-08 10:33:55.257  2018  3061 I chatty  : uid=1000(system) Binder:2018_10 identical 38 lines
12-08 10:33:55.257  2018  3061 W InputReader: Device has associated, but no associated display id.
12-08 10:33:55.259 11395 11395 W ActivityThread: handleWindowVisibility: no activity for token android.os.BinderProxy@e0f208f
12-08 10:33:55.259 11395 11434 D FA      : Application going to the background
12-08 10:33:55.259  2018  3061 W InputReader: Device has associated, but no associated display id.
12-08 10:33:55.262  2018  3061 I chatty  : uid=1000(system) Binder:2018_10 identical 18 lines
12-08 10:33:55.262  2018  3061 W InputReader: Device has associated, but no associated display id.
12-08 10:33:55.296 11453 11486 D EGL_emulation: eglMakeCurrent: 0xdd81a2a0: ver 2 0 (tinfo 0xdd80f3a0)
12-08 10:33:55.300  1776  1927 D gralloc_ranchu: gralloc_alloc: Creating ashmem region of size 9256960
12-08 10:33:55.332  8437  8470 D EGL_emulation: eglMakeCurrent: 0xe59eb0c0: ver 2 0 (tinfo 0xf0cc0670)
12-08 10:33:55.335  8437  8470 D EGL_emulation: eglMakeCurrent: 0xf0c7f1c0: ver 2 0 (tinfo 0xf0cc0670)
12-08 10:33:55.350  8437  8470 D EGL_emulation: eglMakeCurrent: 0xe59eb0c0: ver 2 0 (tinfo 0xf0cc0670)
12-08 10:33:55.363  8437  8470 D EGL_emulation: eglMakeCurrent: 0xf0c7f1c0: ver 2 0 (tinfo 0xf0cc0670)
12-08 10:33:55.372  8437  8470 D EGL_emulation: eglMakeCurrent: 0xe59eb0c0: ver 2 0 (tinfo 0xf0cc0670)
12-08 10:33:55.376  8437  8470 D EGL_emulation: eglMakeCurrent: 0xf0c7f1c0: ver 2 0 (tinfo 0xf0cc0670)
12-08 10:33:55.385 11395 11395 D LifecycleMonitor: Lifecycle status change: ru.iteco.fmhandroid.ui.AppActivity@f2262c6 in: PRE_ON_CREATE
12-08 10:33:55.386 11395 11395 V ActivityScenario: Activity lifecycle changed event received but ignored because the reported transition was not ON_CREATE while the last known transition was PRE_ON_CREATE
12-08 10:33:55.400 11395 11428 V FA      : onActivityCreated
12-08 10:33:55.411  8437  8470 D EGL_emulation: eglMakeCurrent: 0xe59eb0c0: ver 2 0 (tinfo 0xf0cc0670)
12-08 10:33:55.419  8437  8470 D EGL_emulation: eglMakeCurrent: 0xe594c960: ver 2 0 (tinfo 0xf0cc0670)
12-08 10:33:55.424  8437  8470 D EGL_emulation: eglMakeCurrent: 0xe59eb0c0: ver 2 0 (tinfo 0xf0cc0670)
12-08 10:33:55.427  8437  8470 D EGL_emulation: eglMakeCurrent: 0xe594c960: ver 2 0 (tinfo 0xf0cc0670)
12-08 10:33:55.430  8437  8470 D EGL_emulation: eglMakeCurrent: 0xe59eb0c0: ver 2 0 (tinfo 0xf0cc0670)
12-08 10:33:55.451 11395 11395 D LifecycleMonitor: Lifecycle status change: ru.iteco.fmhandroid.ui.AppActivity@f2262c6 in: CREATED
12-08 10:33:55.451 11395 11395 V ActivityScenario: Update currentActivityStage to CREATED, currentActivity=ru.iteco.fmhandroid.ui.AppActivity@f2262c6
12-08 10:33:55.456  8437  8470 D EGL_emulation: eglMakeCurrent: 0xe594c960: ver 2 0 (tinfo 0xf0cc0670)
12-08 10:33:55.498  8344  8376 D EGL_emulation: eglMakeCurrent: 0xe59ed1c0: ver 2 0 (tinfo 0xe59d9f10)
12-08 10:33:55.500  8437  8470 D EGL_emulation: eglMakeCurrent: 0xe59eb0c0: ver 2 0 (tinfo 0xf0cc0670)
12-08 10:33:55.512 11395 11395 D LifecycleMonitor: Lifecycle status change: ru.iteco.fmhandroid.ui.AppActivity@f2262c6 in: STARTED
12-08 10:33:55.512 11395 11395 V ActivityScenario: Update currentActivityStage to STARTED, currentActivity=ru.iteco.fmhandroid.ui.AppActivity@f2262c6
12-08 10:33:55.515 11395 11395 D LifecycleMonitor: Lifecycle status change: ru.iteco.fmhandroid.ui.AppActivity@f2262c6 in: RESUMED
12-08 10:33:55.516 11395 11395 V ActivityScenario: Update currentActivityStage to RESUMED, currentActivity=ru.iteco.fmhandroid.ui.AppActivity@f2262c6
12-08 10:33:55.528  8344  8393 I cr_BindingManager: onTrimMemory: level=20, size=0
12-08 10:33:55.542 11395 11440 W teco.fmhandroi: Accessing hidden method Lsun/misc/Unsafe;->compareAndSwapObject(Ljava/lang/Object;JLjava/lang/Object;Ljava/lang/Object;)Z (greylist, linking, allowed)
12-08 10:33:55.567  2018  7392 D HostConnection: HostConnection::get() New Host Connection established 0xb22b1870, tid 7392
12-08 10:33:55.615  1776  1927 D gralloc_ranchu: gralloc_alloc: Creating ashmem region of size 10108928
12-08 10:33:55.630  1776  1927 D gralloc_ranchu: gralloc_alloc: Creating ashmem region of size 10108928
12-08 10:33:55.631  2018  7392 D HostConnection: HostComposition ext ANDROID_EMU_CHECKSUM_HELPER_v1 ANDROID_EMU_dma_v1 ANDROID_EMU_direct_mem ANDROID_EMU_host_composition_v1 ANDROID_EMU_host_composition_v2 ANDROID_EMU_vulkan ANDROID_EMU_deferred_vulkan_commands ANDROID_EMU_vulkan_null_optional_strings ANDROID_EMU_vulkan_create_resources_with_requirements ANDROID_EMU_YUV_Cache ANDROID_EMU_vulkan_ignored_handles ANDROID_EMU_vulkan_free_memory_sync ANDROID_EMU_vulkan_shader_float16_int8 ANDROID_EMU_vulkan_async_queue_submit ANDROID_EMU_sync_buffer_data GL_OES_vertex_array_object GL_KHR_texture_compression_astc_ldr ANDROID_EMU_host_side_tracing ANDROID_EMU_gles_max_version_2 
12-08 10:33:55.632  1776  1927 D gralloc_ranchu: gralloc_alloc: Creating ashmem region of size 10108928
12-08 10:33:55.649  2018  7392 W OpenGLRenderer: Failed to choose config with EGL_SWAP_BEHAVIOR_PRESERVED, retrying without...
12-08 10:33:55.660 11395 11408 I teco.fmhandroi: Background young concurrent copying GC freed 10449(1289KB) AllocSpace objects, 151(3736KB) LOS objects, 26% free, 12MB/17MB, paused 1.563ms total 250.997ms
12-08 10:33:55.698 11395 11434 V FA      : Activity resumed, time: 58582565
12-08 10:33:55.701  2873 11443 V FA-SVC  : Logging event: origin=auto,name=app_background(_ab),params=Bundle[{ga_event_origin(_o)=auto}]
12-08 10:33:55.727  2018  7392 D EGL_emulation: eglCreateContext: 0xb2357640: maj 2 min 0 rcv 2
12-08 10:33:55.756  2018  7392 D EGL_emulation: eglMakeCurrent: 0xb2357640: ver 2 0 (tinfo 0xc0d1c860)
12-08 10:33:55.808  1776  1927 D gralloc_ranchu: gralloc_alloc: Creating ashmem region of size 10108928
12-08 10:33:55.862  2170  2186 I ndroid.systemu: NativeAlloc concurrent copying GC freed 5075(307KB) AllocSpace objects, 0(0B) LOS objects, 49% free, 5539KB/10MB, paused 5.621ms total 675.637ms
12-08 10:33:55.888 11395 11489 D EGL_emulation: eglMakeCurrent: 0xdd81af60: ver 2 0 (tinfo 0xc30989a0)
12-08 10:33:55.928  2170  2566 D EGL_emulation: eglMakeCurrent: 0xe594e040: ver 2 0 (tinfo 0xc52450c0)
12-08 10:33:56.101 11395 11434 W teco.fmhandroi: JNI critical lock held for 33.723ms on Thread[21,tid=11434,Runnable,Thread*=0xda2aa600,peer=0x13700bf8,"Measurement Worker"]
12-08 10:33:56.106  2873 11443 V FA-SVC  : Upload scheduled in approximately ms: 2148409
12-08 10:33:56.106  2873 11443 V FA-SVC  : Unscheduling upload
12-08 10:33:56.114 11395 11395 I ViewInteraction: Performing 'wait for a specific view with <(an instance of android.widget.TextView and view.getText() with or without transformation to match: is "Authorization" and view.getParent() view.getParent() view.getId() is <2131231186>)> during 10000 millis.' action on view view.getRootView() to equal view
12-08 10:33:56.153  2873 11443 V FA-SVC  : Scheduling upload, millis: 2148409
12-08 10:33:56.172  2873 11443 V FA-SVC  : Background event processing time, ms: 471
12-08 10:33:56.244  2018  2058 I ActivityTaskManager: Displayed ru.iteco.fmhandroid/.ui.AppActivity: +732ms
12-08 10:33:56.295  2873 11443 V FA-SVC  : Logging event: origin=auto,name=screen_view(_vs),params=Bundle[{ga_event_origin(_o)=auto, ga_previous_class(_pc)=AppActivity, ga_previous_id(_pi)=-7630774614883317539, ga_screen_class(_sc)=AppActivity, ga_screen_id(_si)=-7630774614883317538}]
12-08 10:33:56.318  2873 11443 V FA-SVC  : Upload scheduled in approximately ms: 2148197
12-08 10:33:56.318  2873 11443 V FA-SVC  : Unscheduling upload
12-08 10:33:56.323  2656  8077 E SQLiteDatabase: Error inserting flex_time=2148000 job_id=-1 period=4297000 source=16 requires_charging=0 preferred_network_type=1 target_class=com.google.android.gms.measurement.PackageMeasurementTaskService user_id=0 target_package=com.google.android.gms tag=Measurement.PackageMeasurementTaskService.UPLOAD_TASK_TAG task_type=0 required_idleness_state=0 service_kind=0 source_version=202414000 persistence_level=1 preferred_charging_state=1 required_network_type=0 runtime=1670495636219 retry_strategy={"maximum_backoff_seconds":{"3600":0},"initial_backoff_seconds":{"30":0},"retry_policy":{"0":0}} last_runtime=0
12-08 10:33:56.323  2656  8077 E SQLiteDatabase: android.database.sqlite.SQLiteConstraintException: UNIQUE constraint failed: pending_ops.tag, pending_ops.target_class, pending_ops.target_package, pending_ops.user_id (code 2067 SQLITE_CONSTRAINT_UNIQUE)
12-08 10:33:56.323  2656  8077 E SQLiteDatabase: 	at android.database.sqlite.SQLiteConnection.nativeExecuteForLastInsertedRowId(Native Method)
12-08 10:33:56.323  2656  8077 E SQLiteDatabase: 	at android.database.sqlite.SQLiteConnection.executeForLastInsertedRowId(SQLiteConnection.java:879)
12-08 10:33:56.323  2656  8077 E SQLiteDatabase: 	at android.database.sqlite.SQLiteSession.executeForLastInsertedRowId(SQLiteSession.java:790)
12-08 10:33:56.323  2656  8077 E SQLiteDatabase: 	at android.database.sqlite.SQLiteStatement.executeInsert(SQLiteStatement.java:88)
12-08 10:33:56.323  2656  8077 E SQLiteDatabase: 	at android.database.sqlite.SQLiteDatabase.insertWithOnConflict(SQLiteDatabase.java:1599)
12-08 10:33:56.323  2656  8077 E SQLiteDatabase: 	at android.database.sqlite.SQLiteDatabase.insert(SQLiteDatabase.java:1468)
12-08 10:33:56.323  2656  8077 E SQLiteDatabase: 	at aqui.a(:com.google.android.gms@202414022@20.24.14 (040700-319035315):175)
12-08 10:33:56.323  2656  8077 E SQLiteDatabase: 	at aqtk.a(:com.google.android.gms@202414022@20.24.14 (040700-319035315):182)
12-08 10:33:56.323  2656  8077 E SQLiteDatabase: 	at aqtk.a(:com.google.android.gms@202414022@20.24.14 (040700-319035315):23)
12-08 10:33:56.323  2656  8077 E SQLiteDatabase: 	at aqtk.a(:com.google.android.gms@202414022@20.24.14 (040700-319035315):177)
12-08 10:33:56.323  2656  8077 E SQLiteDatabase: 	at aqpu.run(:com.google.android.gms@202414022@20.24.14 (040700-319035315):9)
12-08 10:33:56.323  2656  8077 E SQLiteDatabase: 	at soy.b(:com.google.android.gms@202414022@20.24.14 (040700-319035315):12)
12-08 10:33:56.323  2656  8077 E SQLiteDatabase: 	at soy.run(:com.google.android.gms@202414022@20.24.14 (040700-319035315):7)
12-08 10:33:56.323  2656  8077 E SQLiteDatabase: 	at java.util.concurrent.ThreadPoolExecutor.runWorker(ThreadPoolExecutor.java:1167)
12-08 10:33:56.323  2656  8077 E SQLiteDatabase: 	at java.util.concurrent.ThreadPoolExecutor$Worker.run(ThreadPoolExecutor.java:641)
12-08 10:33:56.323  2656  8077 E SQLiteDatabase: 	at sux.run(:com.google.android.gms@202414022@20.24.14 (040700-319035315):0)
12-08 10:33:56.323  2656  8077 E SQLiteDatabase: 	at java.lang.Thread.run(Thread.java:919)
12-08 10:33:56.324  2873 11443 V FA-SVC  : Scheduling upload, millis: 2148197
12-08 10:33:56.332  2873 11443 V FA-SVC  : Background event processing time, ms: 38
12-08 10:33:56.399  2018  2054 I Choreographer: Skipped 36 frames!  The application may be doing too much work on its main thread.
12-08 10:33:56.401  2656 10928 E SQLiteDatabase: Error inserting flex_time=2148000 job_id=-1 period=4297000 source=16 requires_charging=0 preferred_network_type=1 target_class=com.google.android.gms.measurement.PackageMeasurementTaskService user_id=0 target_package=com.google.android.gms tag=Measurement.PackageMeasurementTaskService.UPLOAD_TASK_TAG task_type=0 required_idleness_state=0 service_kind=0 source_version=202414000 persistence_level=1 preferred_charging_state=1 required_network_type=0 runtime=1670495636353 retry_strategy={"maximum_backoff_seconds":{"3600":0},"initial_backoff_seconds":{"30":0},"retry_policy":{"0":0}} last_runtime=0
12-08 10:33:56.401  2656 10928 E SQLiteDatabase: android.database.sqlite.SQLiteConstraintException: UNIQUE constraint failed: pending_ops.tag, pending_ops.target_class, pending_ops.target_package, pending_ops.user_id (code 2067 SQLITE_CONSTRAINT_UNIQUE)
12-08 10:33:56.401  2656 10928 E SQLiteDatabase: 	at android.database.sqlite.SQLiteConnection.nativeExecuteForLastInsertedRowId(Native Method)
12-08 10:33:56.401  2656 10928 E SQLiteDatabase: 	at android.database.sqlite.SQLiteConnection.executeForLastInsertedRowId(SQLiteConnection.java:879)
12-08 10:33:56.401  2656 10928 E SQLiteDatabase: 	at android.database.sqlite.SQLiteSession.executeForLastInsertedRowId(SQLiteSession.java:790)
12-08 10:33:56.401  2656 10928 E SQLiteDatabase: 	at android.database.sqlite.SQLiteStatement.executeInsert(SQLiteStatement.java:88)
12-08 10:33:56.401  2656 10928 E SQLiteDatabase: 	at android.database.sqlite.SQLiteDatabase.insertWithOnConflict(SQLiteDatabase.java:1599)
12-08 10:33:56.401  2656 10928 E SQLiteDatabase: 	at android.database.sqlite.SQLiteDatabase.insert(SQLiteDatabase.java:1468)
12-08 10:33:56.401  2656 10928 E SQLiteDatabase: 	at aqui.a(:com.google.android.gms@202414022@20.24.14 (040700-319035315):175)
12-08 10:33:56.401  2656 10928 E SQLiteDatabase: 	at aqtk.a(:com.google.android.gms@202414022@20.24.14 (040700-319035315):182)
12-08 10:33:56.401  2656 10928 E SQLiteDatabase: 	at aqtk.a(:com.google.android.gms@202414022@20.24.14 (040700-319035315):23)
12-08 10:33:56.401  2656 10928 E SQLiteDatabase: 	at aqtk.a(:com.google.android.gms@202414022@20.24.14 (040700-319035315):177)
12-08 10:33:56.401  2656 10928 E SQLiteDatabase: 	at aqpu.run(:com.google.android.gms@202414022@20.24.14 (040700-319035315):9)
12-08 10:33:56.401  2656 10928 E SQLiteDatabase: 	at soy.b(:com.google.android.gms@202414022@20.24.14 (040700-319035315):12)
12-08 10:33:56.401  2656 10928 E SQLiteDatabase: 	at soy.run(:com.google.android.gms@202414022@20.24.14 (040700-319035315):7)
12-08 10:33:56.401  2656 10928 E SQLiteDatabase: 	at java.util.concurrent.ThreadPoolExecutor.runWorker(ThreadPoolExecutor.java:1167)
12-08 10:33:56.401  2656 10928 E SQLiteDatabase: 	at java.util.concurrent.ThreadPoolExecutor$Worker.run(ThreadPoolExecutor.java:641)
12-08 10:33:56.401  2656 10928 E SQLiteDatabase: 	at sux.run(:com.google.android.gms@202414022@20.24.14 (040700-319035315):0)
12-08 10:33:56.401  2656 10928 E SQLiteDatabase: 	at java.lang.Thread.run(Thread.java:919)
12-08 10:33:56.404  2018  2054 I Choreographer: Skipped 35 frames!  The application may be doing too much work on its main thread.
12-08 10:33:56.407  1776  1927 D gralloc_ranchu: gralloc_alloc: Creating ashmem region of size 10108928
12-08 10:33:56.723  2018  2031 I system_server: NativeAlloc concurrent copying GC freed 38550(1858KB) AllocSpace objects, 8(288KB) LOS objects, 25% free, 17MB/23MB, paused 1.451ms total 1.097s
12-08 10:33:57.087  1905  1905 E wifi_forwarder: RemoteConnection failed to initialize: RemoteConnection failed to open pipe
12-08 10:33:58.510 11395 11501 I okhttp.OkHttpClient: --> GET http://www.981757-ca08998.tmweb.ru:8080/fmh/authentication/userInfo
12-08 10:33:58.510 11395 11501 I okhttp.OkHttpClient: --> END GET
12-08 10:33:58.741 11395 11501 I okhttp.OkHttpClient: <-- 200 http://www.981757-ca08998.tmweb.ru:8080/fmh/authentication/userInfo (230ms)
12-08 10:33:58.741 11395 11501 I okhttp.OkHttpClient: Vary: Origin
12-08 10:33:58.741 11395 11501 I okhttp.OkHttpClient: Vary: Access-Control-Request-Method
12-08 10:33:58.741 11395 11501 I okhttp.OkHttpClient: Vary: Access-Control-Request-Headers
12-08 10:33:58.741 11395 11501 I okhttp.OkHttpClient: X-Content-Type-Options: nosniff
12-08 10:33:58.741 11395 11501 I okhttp.OkHttpClient: X-XSS-Protection: 1; mode=block
12-08 10:33:58.741 11395 11501 I okhttp.OkHttpClient: Cache-Control: no-cache, no-store, max-age=0, must-revalidate
12-08 10:33:58.742 11395 11501 I okhttp.OkHttpClient: Pragma: no-cache
12-08 10:33:58.742 11395 11501 I okhttp.OkHttpClient: Expires: 0
12-08 10:33:58.742 11395 11501 I okhttp.OkHttpClient: X-Frame-Options: DENY
12-08 10:33:58.742 11395 11501 I okhttp.OkHttpClient: Content-Type: application/json
12-08 10:33:58.742 11395 11501 I okhttp.OkHttpClient: Transfer-Encoding: chunked
12-08 10:33:58.742 11395 11501 I okhttp.OkHttpClient: Date: Thu, 08 Dec 2022 10:34:43 GMT
12-08 10:33:58.742 11395 11501 I okhttp.OkHttpClient: Keep-Alive: timeout=60
12-08 10:33:58.742 11395 11501 I okhttp.OkHttpClient: Connection: keep-alive
12-08 10:33:58.744 11395 11501 I okhttp.OkHttpClient: {"id":2,"firstName":"Данил","lastName":"Иванов","middleName":"Данилович","admin":true}
12-08 10:33:58.744 11395 11501 I okhttp.OkHttpClient: <-- END HTTP (106-byte body)
12-08 10:33:58.757 11395 11506 I okhttp.OkHttpClient: --> GET http://www.981757-ca08998.tmweb.ru:8080/fmh/claims
12-08 10:33:58.757 11395 11506 I okhttp.OkHttpClient: --> END GET
12-08 10:33:59.419 11395 11408 I teco.fmhandroi: Background concurrent copying GC freed 99219(5314KB) AllocSpace objects, 9(1028KB) LOS objects, 34% free, 11MB/17MB, paused 1.129ms total 248.355ms
12-08 10:34:00.015  2170  2170 D KeyguardClockSwitch: Updating clock: 1034
12-08 10:34:01.260 11395 11434 V FA      : Inactivity, disconnecting from the service
12-08 10:34:01.403 11395 11506 I okhttp.OkHttpClient: <-- 200 http://www.981757-ca08998.tmweb.ru:8080/fmh/claims (2645ms)
12-08 10:34:01.403 11395 11506 I okhttp.OkHttpClient: Vary: Origin
12-08 10:34:01.404 11395 11506 I okhttp.OkHttpClient: Vary: Access-Control-Request-Method
12-08 10:34:01.404 11395 11506 I okhttp.OkHttpClient: Vary: Access-Control-Request-Headers
12-08 10:34:01.404 11395 11506 I okhttp.OkHttpClient: X-Content-Type-Options: nosniff
12-08 10:34:01.404 11395 11506 I okhttp.OkHttpClient: X-XSS-Protection: 1; mode=block
12-08 10:34:01.404 11395 11506 I okhttp.OkHttpClient: Cache-Control: no-cache, no-store, max-age=0, must-revalidate
12-08 10:34:01.404 11395 11506 I okhttp.OkHttpClient: Pragma: no-cache
12-08 10:34:01.405 11395 11506 I okhttp.OkHttpClient: Expires: 0
12-08 10:34:01.405 11395 11506 I okhttp.OkHttpClient: X-Frame-Options: DENY
12-08 10:34:01.405 11395 11506 I okhttp.OkHttpClient: Content-Type: application/json
12-08 10:34:01.405 11395 11506 I okhttp.OkHttpClient: Transfer-Encoding: chunked
12-08 10:34:01.405 11395 11506 I okhttp.OkHttpClient: Date: Thu, 08 Dec 2022 10:34:46 GMT
12-08 10:34:01.405 11395 11506 I okhttp.OkHttpClient: Keep-Alive: timeout=60
12-08 10:34:01.405 11395 11506 I okhttp.OkHttpClient: Connection: keep-alive
12-08 10:34:02.653  2018  2058 E memtrack: Couldn't load memtrack module
12-08 10:34:02.653  2018  2058 W android.os.Debug: failed to get memory consumption info: -1
12-08 10:34:06.158 11395 11395 D takeScreenshot: Found 1 global views to redraw
12-08 10:34:06.191  1776  1927 D gralloc_ranchu: gralloc_alloc: Creating ashmem region of size 10108928
12-08 10:34:06.249 11395 11440 W DefaultFailureHandler: Failed to take screenshot
12-08 10:34:06.249 11395 11440 W DefaultFailureHandler: java.io.FileNotFoundException: view-op-error-3.png: open failed: EROFS (Read-only file system)
12-08 10:34:06.249 11395 11440 W DefaultFailureHandler: 	at libcore.io.IoBridge.open(IoBridge.java:496)
12-08 10:34:06.249 11395 11440 W DefaultFailureHandler: 	at java.io.FileOutputStream.<init>(FileOutputStream.java:235)
12-08 10:34:06.249 11395 11440 W DefaultFailureHandler: 	at java.io.FileOutputStream.<init>(FileOutputStream.java:125)
12-08 10:34:06.249 11395 11440 W DefaultFailureHandler: 	at androidx.test.platform.io.FileTestStorage.openOutputFile(FileTestStorage.java:60)
12-08 10:34:06.249 11395 11440 W DefaultFailureHandler: 	at androidx.test.core.graphics.BitmapStorage.writeToTestStorage(BitmapStorageExt.kt:49)
12-08 10:34:06.249 11395 11440 W DefaultFailureHandler: 	at androidx.test.espresso.base.DefaultFailureHandler.takeScreenshot(DefaultFailureHandler.java:4)
12-08 10:34:06.249 11395 11440 W DefaultFailureHandler: 	at androidx.test.espresso.base.DefaultFailureHandler.handle(DefaultFailureHandler.java:3)
12-08 10:34:06.249 11395 11440 W DefaultFailureHandler: 	at androidx.test.espresso.ViewInteraction.waitForAndHandleInteractionResults(ViewInteraction.java:8)
12-08 10:34:06.249 11395 11440 W DefaultFailureHandler: 	at androidx.test.espresso.ViewInteraction.desugaredPerform(ViewInteraction.java:11)
12-08 10:34:06.249 11395 11440 W DefaultFailureHandler: 	at androidx.test.espresso.ViewInteraction.perform(ViewInteraction.java:8)
12-08 10:34:06.249 11395 11440 W DefaultFailureHandler: 	at ru.iteco.fmhandroid.ui.data.TestUtils.waitView(TestUtils.java:61)
12-08 10:34:06.249 11395 11440 W DefaultFailureHandler: 	at ru.iteco.fmhandroid.ui.steps.AuthSteps.isAuthScreen(AuthSteps.java:56)
12-08 10:34:06.249 11395 11440 W DefaultFailureHandler: 	at ru.iteco.fmhandroid.ui.ClaimsPageTest.logoutCheck(ClaimsPageTest.java:51)
12-08 10:34:06.249 11395 11440 W DefaultFailureHandler: 	at java.lang.reflect.Method.invoke(Native Method)
12-08 10:34:06.249 11395 11440 W DefaultFailureHandler: 	at org.junit.runners.model.FrameworkMethod$1.runReflectiveCall(FrameworkMethod.java:59)
12-08 10:34:06.249 11395 11440 W DefaultFailureHandler: 	at org.junit.internal.runners.model.ReflectiveCallable.run(ReflectiveCallable.java:12)
12-08 10:34:06.249 11395 11440 W DefaultFailureHandler: 	at org.junit.runners.model.FrameworkMethod.invokeExplosively(FrameworkMethod.java:56)
12-08 10:34:06.249 11395 11440 W DefaultFailureHandler: 	at androidx.test.internal.runner.junit4.statement.RunBefores.evaluate(RunBefores.java:76)
12-08 10:34:06.249 11395 11440 W DefaultFailureHandler: 	at io.qameta.allure.android.rules.ScreenshotRule$apply$1.evaluate(ScreenshotRule.kt:22)
12-08 10:34:06.249 11395 11440 W DefaultFailureHandler: 	at org.junit.rules.ExternalResource$1.evaluate(ExternalResource.java:54)
12-08 10:34:06.249 11395 11440 W DefaultFailureHandler: 	at io.qameta.allure.android.rules.LogcatRule$apply$1.evaluate(LogcatRule.kt:23)
12-08 10:34:06.249 11395 11440 W DefaultFailureHandler: 	at org.junit.rules.RunRules.evaluate(RunRules.java:20)
12-08 10:34:06.249 11395 11440 W DefaultFailureHandler: 	at org.junit.runners.ParentRunner$3.evaluate(ParentRunner.java:306)
12-08 10:34:06.249 11395 11440 W DefaultFailureHandler: 	at org.junit.runners.BlockJUnit4ClassRunner$1.evaluate(BlockJUnit4ClassRunner.java:100)
12-08 10:34:06.249 11395 11440 W DefaultFailureHandler: 	at org.junit.runners.ParentRunner.runLeaf(ParentRunner.java:366)
12-08 10:34:06.249 11395 11440 W DefaultFailureHandler: 	at org.junit.runners.BlockJUnit4ClassRunner.runChild(BlockJUnit4ClassRunner.java:103)
12-08 10:34:06.249 11395 11440 W DefaultFailureHandler: 	at org.junit.runners.BlockJUnit4ClassRunner.runChild(BlockJUnit4ClassRunner.java:63)
12-08 10:34:06.249 11395 11440 W DefaultFailureHandler: 	at org.junit.runners.ParentRunner$4.run(ParentRunner.java:331)
12-08 10:34:06.249 11395 11440 W DefaultFailureHandler: 	at org.junit.runners.ParentRunner$1.schedule(ParentRunner.java:79)
12-08 10:34:06.249 11395 11440 W DefaultFailureHandler: 	at org.junit.runners.ParentRunner.runChildren(ParentRunner.java:329)
12-08 10:34:06.249 11395 11440 W DefaultFailureHandler: 	at org.junit.runners.ParentRunner.access$100(ParentRunner.java:66)
12-08 10:34:06.249 11395 11440 W DefaultFailureHandler: 	at org.junit.runners.ParentRunner$2.evaluate(ParentRunner.java:293)
12-08 10:34:06.249 11395 11440 W DefaultFailureHandler: 	at org.junit.runners.ParentRunner$3.evaluate(ParentRunner.java:306)
12-08 10:34:06.249 11395 11440 W DefaultFailureHandler: 	at org.junit.runners.ParentRunner.run(ParentRunner.java:413)
12-08 10:34:06.249 11395 11440 W DefaultFailureHandler: 	at androidx.test.ext.junit.runners.AndroidJUnit4.run(AndroidJUnit4.java:162)
12-08 10:34:06.249 11395 11440 W DefaultFailureHandler: 	at io.qameta.allure.android.runners.AllureAndroidJUnit4.run(AllureAndroidJUnitRunners.kt:29)
12-08 10:34:06.249 11395 11440 W DefaultFailureHandler: 	at org.junit.runners.Suite.runChild(Suite.java:128)
12-08 10:34:06.249 11395 11440 W DefaultFailureHandler: 	at org.junit.runners.Suite.runChild(Suite.java:27)
12-08 10:34:06.249 11395 11440 W DefaultFailureHandler: 	at org.junit.runners.ParentRunner$4.run(ParentRunner.java:331)
12-08 10:34:06.249 11395 11440 W DefaultFailureHandler: 	at org.junit.runners.ParentRunner$1.schedule(ParentRunner.java:79)
12-08 10:34:06.249 11395 11440 W DefaultFailureHandler: 	at org.junit.runners.ParentRunner.runChildren(ParentRunner.java:329)
12-08 10:34:06.249 11395 11440 W DefaultFailureHandler: 	at org.junit.runners.ParentRunner.access$100(ParentRunner.java:66)
12-08 10:34:06.249 11395 11440 W DefaultFailureHandler: 	at org.junit.runners.ParentRunner$2.evaluate(ParentRunner.java:293)
12-08 10:34:06.249 11395 11440 W DefaultFailureHandler: 	at org.junit.runners.ParentRunner$3.evaluate(ParentRunner.java:306)
12-08 10:34:06.249 11395 11440 W DefaultFailureHandler: 	at org.junit.runners.ParentRunner.run(ParentRunner.java:413)
12-08 10:34:06.249 11395 11440 W DefaultFailureHandler: 	at org.junit.runner.JUnitCore.run(JUnitCore.java:137)
12-08 10:34:06.249 11395 11440 W DefaultFailureHandler: 	at org.junit.runner.JUnitCore.run(JUnitCore.java:115)
12-08 10:34:06.249 11395 11440 W DefaultFailureHandler: 	at androidx.test.internal.runner.TestExecutor.execute(TestExecutor.java:67)
12-08 10:34:06.249 11395 11440 W DefaultFailureHandler: 	at androidx.test.internal.runner.TestExecutor.execute(TestExecutor.java:58)
12-08 10:34:06.249 11395 11440 W DefaultFailureHandler: 	at androidx.test.runner.AndroidJUnitRunner.onStart(AndroidJUnitRunner.java:438)
12-08 10:34:06.249 11395 11440 W DefaultFailureHandler: 	at android.app.Instrumentation$InstrumentationThread.run(Instrumentation.java:2189)
12-08 10:34:06.249 11395 11440 W DefaultFailureHandler: Caused by: android.system.ErrnoException: open failed: EROFS (Read-only file system)
12-08 10:34:06.250 11395 11440 W DefaultFailureHandler: 	at libcore.io.Linux.open(Native Method)
12-08 10:34:06.250 11395 11440 W DefaultFailureHandler: 	at libcore.io.ForwardingOs.open(ForwardingOs.java:167)
12-08 10:34:06.250 11395 11440 W DefaultFailureHandler: 	at libcore.io.BlockGuardOs.open(BlockGuardOs.java:252)
12-08 10:34:06.250 11395 11440 W DefaultFailureHandler: 	at libcore.io.ForwardingOs.open(ForwardingOs.java:167)
12-08 10:34:06.250 11395 11440 W DefaultFailureHandler: 	at android.app.ActivityThread$AndroidOs.open(ActivityThread.java:7255)
12-08 10:34:06.250 11395 11440 W DefaultFailureHandler: 	at libcore.io.IoBridge.open(IoBridge.java:482)
12-08 10:34:06.250 11395 11440 W DefaultFailureHandler: 	... 50 more
12-08 10:34:06.270 11395 11395 I ViewInteraction: Performing 'wait for a specific view with <view.getId() is <2131230870/ru.iteco.fmhandroid:id/authorization_image_button>> during 10000 millis.' action on view view.getRootView() to equal view
12-08 10:34:06.275 11395 11395 I ViewInteraction: Checking 'MatchesViewAssertion{viewMatcher=(view has effective visibility <VISIBLE> and view.getGlobalVisibleRect() to return non-empty rectangle)}' assertion on view view.getId() is <2131230870/ru.iteco.fmhandroid:id/authorization_image_button>
12-08 10:34:06.279 11395 11395 I ViewInteraction: Performing 'single click' action on view view.getId() is <2131230870/ru.iteco.fmhandroid:id/authorization_image_button>
12-08 10:34:06.341  1764  6994 W audio_hw_generic: Not supplying enough data to HAL, expected position 168151216 , only wrote 168151129
12-08 10:34:06.402  1776  1927 D gralloc_ranchu: gralloc_alloc: Creating ashmem region of size 884736
12-08 10:34:06.409  1776  1927 I chatty  : uid=1000(system) HwBinder:1776_3 identical 1 line
12-08 10:34:06.411  1776  1927 D gralloc_ranchu: gralloc_alloc: Creating ashmem region of size 884736
12-08 10:34:06.423 11395 11489 D EGL_emulation: eglMakeCurrent: 0xdd81af60: ver 2 0 (tinfo 0xc30989a0)
12-08 10:34:06.522 12448 12508 E ActivityThread: Failed to find provider info for com.google.android.apps.wellbeing.api
12-08 10:34:06.490 11395 11489 I chatty  : uid=10146(ru.iteco.fmhandroid) RenderThread identical 3 lines
12-08 10:34:06.503 11395 11489 D EGL_emulation: eglMakeCurrent: 0xdd81af60: ver 2 0 (tinfo 0xc30989a0)
12-08 10:34:06.736 11395 11395 I ViewInteraction: Performing 'wait for a specific view with <an instance of android.widget.TextView and view.getText() with or without transformation to match: is "Log out"> during 10000 millis.' action on view view.getRootView() to equal view
12-08 10:34:06.742 11395 11395 I ViewInteraction: Checking 'MatchesViewAssertion{viewMatcher=(view has effective visibility <VISIBLE> and view.getGlobalVisibleRect() to return non-empty rectangle)}' assertion on view an instance of android.widget.TextView and view.getText() with or without transformation to match: is "Log out"
12-08 10:34:06.748 11395 11395 I ViewInteraction: Performing 'single click' action on view an instance of android.widget.TextView and view.getText() with or without transformation to match: is "Log out"
12-08 10:34:06.993 11395 11489 D EGL_emulation: eglMakeCurrent: 0xdd81af60: ver 2 0 (tinfo 0xc30989a0)
12-08 10:34:07.038 11395 11489 D EGL_emulation: eglMakeCurrent: 0xdd81af60: ver 2 0 (tinfo 0xc30989a0)
12-08 10:34:07.139 11395 11395 I ViewInteraction: Performing 'wait for a specific view with <(an instance of android.widget.TextView and view.getText() with or without transformation to match: is "Authorization" and view.getParent() view.getParent() view.getId() is <2131231186>)> during 10000 millis.' action on view view.getRootView() to equal view
12-08 10:34:07.143 11395 11395 I ViewInteraction: Checking 'MatchesViewAssertion{viewMatcher=(view has effective visibility <VISIBLE> and view.getGlobalVisibleRect() to return non-empty rectangle)}' assertion on view (an instance of android.widget.TextView and view.getText() with or without transformation to match: is "Authorization" and view.getParent() view.getParent() view.getId() is <2131231186/ru.iteco.fmhandroid:id/nav_host_fragment>)
12-08 10:34:07.146 11395 11395 I ViewInteraction: Performing 'wait for a specific view with <(an instance of android.widget.TextView and view.getHint() matching: is "Login" and view.getParent() view.getParent() view.getId() is <2131231121/ru.iteco.fmhandroid:id/login_text_input_layout>)> during 10000 millis.' action on view view.getRootView() to equal view
12-08 10:34:07.153 11395 11395 I ViewInteraction: Checking 'MatchesViewAssertion{viewMatcher=(view has effective visibility <VISIBLE> and view.getGlobalVisibleRect() to return non-empty rectangle)}' assertion on view (an instance of android.widget.TextView and view.getHint() matching: is "Login" and view.getParent() view.getParent() view.getId() is <2131231121/ru.iteco.fmhandroid:id/login_text_input_layout>)
12-08 10:34:07.157 11395 11395 I ViewInteraction: Performing 'wait for a specific view with <(an instance of android.widget.TextView and view.getHint() matching: is "Password" and view.getParent() view.getParent() view.getId() is <2131231264/ru.iteco.fmhandroid:id/password_text_input_layout>)> during 10000 millis.' action on view view.getRootView() to equal view
12-08 10:34:07.161 11395 11395 I ViewInteraction: Checking 'MatchesViewAssertion{viewMatcher=(view has effective visibility <VISIBLE> and view.getGlobalVisibleRect() to return non-empty rectangle)}' assertion on view (an instance of android.widget.TextView and view.getHint() matching: is "Password" and view.getParent() view.getParent() view.getId() is <2131231264/ru.iteco.fmhandroid:id/password_text_input_layout>)
12-08 10:34:07.166 11395 11395 I ViewInteraction: Performing 'wait for a specific view with <(view.getId() is <2131231039/ru.iteco.fmhandroid:id/enter_button> and an instance of android.widget.TextView and view.getText() with or without transformation to match: is "SIGN IN" and view.getContentDescription() is "Save" and view.getParent() view.getParent() an instance of android.widget.RelativeLayout)> during 10000 millis.' action on view view.getRootView() to equal view
12-08 10:34:07.172 11395 11395 I ViewInteraction: Checking 'MatchesViewAssertion{viewMatcher=(view has effective visibility <VISIBLE> and view.getGlobalVisibleRect() to return non-empty rectangle)}' assertion on view (view.getId() is <2131231039/ru.iteco.fmhandroid:id/enter_button> and an instance of android.widget.TextView and view.getText() with or without transformation to match: is "SIGN IN" and view.getContentDescription() is "Save" and view.getParent() view.getParent() an instance of android.widget.RelativeLayout)
12-08 10:34:07.176 11395 11395 I ViewInteraction: Performing 'wait for a specific view with <(an instance of android.widget.TextView and view.getText() with or without transformation to match: is "Authorization" and view.getParent() view.getParent() view.getId() is <2131231186>)> during 10000 millis.' action on view view.getRootView() to equal view
12-08 10:34:07.183 11395 11395 I ViewInteraction: Checking 'MatchesViewAssertion{viewMatcher=(view has effective visibility <VISIBLE> and view.getGlobalVisibleRect() to return non-empty rectangle)}' assertion on view (an instance of android.widget.TextView and view.getText() with or without transformation to match: is "Authorization" and view.getParent() view.getParent() view.getId() is <2131231186/ru.iteco.fmhandroid:id/nav_host_fragment>)
12-08 10:34:07.187 11395 11395 I ViewInteraction: Performing 'wait for a specific view with <(an instance of android.widget.TextView and view.getHint() matching: is "Login" and view.getParent() view.getParent() view.getId() is <2131231121/ru.iteco.fmhandroid:id/login_text_input_layout>)> during 10000 millis.' action on view view.getRootView() to equal view
12-08 10:34:07.191 11395 11395 I ViewInteraction: Checking 'MatchesViewAssertion{viewMatcher=(view has effective visibility <VISIBLE> and view.getGlobalVisibleRect() to return non-empty rectangle)}' assertion on view (an instance of android.widget.TextView and view.getHint() matching: is "Login" and view.getParent() view.getParent() view.getId() is <2131231121/ru.iteco.fmhandroid:id/login_text_input_layout>)
12-08 10:34:07.197 11395 11395 I ViewInteraction: Performing 'wait for a specific view with <(an instance of android.widget.TextView and view.getHint() matching: is "Password" and view.getParent() view.getParent() view.getId() is <2131231264/ru.iteco.fmhandroid:id/password_text_input_layout>)> during 10000 millis.' action on view view.getRootView() to equal view
12-08 10:34:07.202 11395 11395 I ViewInteraction: Checking 'MatchesViewAssertion{viewMatcher=(view has effective visibility <VISIBLE> and view.getGlobalVisibleRect() to return non-empty rectangle)}' assertion on view (an instance of android.widget.TextView and view.getHint() matching: is "Password" and view.getParent() view.getParent() view.getId() is <2131231264/ru.iteco.fmhandroid:id/password_text_input_layout>)
12-08 10:34:07.207 11395 11395 I ViewInteraction: Performing 'wait for a specific view with <(view.getId() is <2131231039/ru.iteco.fmhandroid:id/enter_button> and an instance of android.widget.TextView and view.getText() with or without transformation to match: is "SIGN IN" and view.getContentDescription() is "Save" and view.getParent() view.getParent() an instance of android.widget.RelativeLayout)> during 10000 millis.' action on view view.getRootView() to equal view
12-08 10:34:07.213 11395 11395 I ViewInteraction: Checking 'MatchesViewAssertion{viewMatcher=(view has effective visibility <VISIBLE> and view.getGlobalVisibleRect() to return non-empty rectangle)}' assertion on view (view.getId() is <2131231039/ru.iteco.fmhandroid:id/enter_button> and an instance of android.widget.TextView and view.getText() with or without transformation to match: is "SIGN IN" and view.getContentDescription() is "Save" and view.getParent() view.getParent() an instance of android.widget.RelativeLayout)
12-08 10:34:07.217 11395 11395 I ViewInteraction: Performing 'wait for a specific view with <(an instance of android.widget.TextView and view.getHint() matching: is "Login" and view.getParent() view.getParent() view.getId() is <2131231121/ru.iteco.fmhandroid:id/login_text_input_layout>)> during 10000 millis.' action on view view.getRootView() to equal view
12-08 10:34:07.222 11395 11395 I ViewInteraction: Performing 'replace text(login2)' action on view (an instance of android.widget.TextView and view.getHint() matching: is "Login" and view.getParent() view.getParent() view.getId() is <2131231121/ru.iteco.fmhandroid:id/login_text_input_layout>)
12-08 10:34:07.257 11395 11395 I ViewInteraction: Performing 'wait for a specific view with <(an instance of android.widget.TextView and view.getHint() matching: is "Password" and view.getParent() view.getParent() view.getId() is <2131231264/ru.iteco.fmhandroid:id/password_text_input_layout>)> during 10000 millis.' action on view view.getRootView() to equal view
12-08 10:34:07.266 11395 11395 I ViewInteraction: Performing 'replace text(password2)' action on view (an instance of android.widget.TextView and view.getHint() matching: is "Password" and view.getParent() view.getParent() view.getId() is <2131231264/ru.iteco.fmhandroid:id/password_text_input_layout>)
12-08 10:34:07.297 11395 11395 I ViewInteraction: Performing 'wait for a specific view with <(view.getId() is <2131231039/ru.iteco.fmhandroid:id/enter_button> and an instance of android.widget.TextView and view.getText() with or without transformation to match: is "SIGN IN" and view.getContentDescription() is "Save" and view.getParent() view.getParent() an instance of android.widget.RelativeLayout)> during 10000 millis.' action on view view.getRootView() to equal view
12-08 10:34:07.307 11395 11395 I ViewInteraction: Checking 'MatchesViewAssertion{viewMatcher=view.isClickable() is <true>}' assertion on view (view.getId() is <2131231039/ru.iteco.fmhandroid:id/enter_button> and an instance of android.widget.TextView and view.getText() with or without transformation to match: is "SIGN IN" and view.getContentDescription() is "Save" and view.getParent() view.getParent() an instance of android.widget.RelativeLayout)
12-08 10:34:07.312 11395 11395 I ViewInteraction: Performing 'wait for a specific view with <(view.getId() is <2131231039/ru.iteco.fmhandroid:id/enter_button> and an instance of android.widget.TextView and view.getText() with or without transformation to match: is "SIGN IN" and view.getContentDescription() is "Save" and view.getParent() view.getParent() an instance of android.widget.RelativeLayout)> during 10000 millis.' action on view view.getRootView() to equal view
12-08 10:34:07.320 11395 11395 I ViewInteraction: Checking 'MatchesViewAssertion{viewMatcher=view.isClickable() is <true>}' assertion on view (view.getId() is <2131231039/ru.iteco.fmhandroid:id/enter_button> and an instance of android.widget.TextView and view.getText() with or without transformation to match: is "SIGN IN" and view.getContentDescription() is "Save" and view.getParent() view.getParent() an instance of android.widget.RelativeLayout)
12-08 10:34:07.336 11395 11395 I ViewInteraction: Performing 'wait for a specific view with <(view.getId() is <2131231039/ru.iteco.fmhandroid:id/enter_button> and an instance of android.widget.TextView and view.getText() with or without transformation to match: is "SIGN IN" and view.getContentDescription() is "Save" and view.getParent() view.getParent() an instance of android.widget.RelativeLayout)> during 10000 millis.' action on view view.getRootView() to equal view
