12-08 10:34:07.341 11395 11395 I ViewInteraction: Performing 'single click' action on view (view.getId() is <2131231039/ru.iteco.fmhandroid:id/enter_button> and an instance of android.widget.TextView and view.getText() with or without transformation to match: is "SIGN IN" and view.getContentDescription() is "Save" and view.getParent() view.getParent() an instance of android.widget.RelativeLayout)
12-08 10:34:07.391 11395 11519 I okhttp.OkHttpClient: --> POST http://www.981757-ca08998.tmweb.ru:8080/fmh/authentication/login
12-08 10:34:07.391 11395 11519 I okhttp.OkHttpClient: Content-Type: application/json; charset=UTF-8
12-08 10:34:07.391 11395 11519 I okhttp.OkHttpClient: Content-Length: 41
12-08 10:34:07.394 11395 11519 I okhttp.OkHttpClient: {"login":"login2","password":"password2"}
12-08 10:34:07.394 11395 11519 I okhttp.OkHttpClient: --> END POST (41-byte body)
12-08 10:34:07.625 11395 11395 I ViewInteraction: Performing 'wait for a specific view with <an instance of android.widget.TextView and view.getText() with or without transformation to match: is "News"> during 10000 millis.' action on view view.getRootView() to equal view
12-08 10:34:07.649 11395 11519 I okhttp.OkHttpClient: <-- 200 http://www.981757-ca08998.tmweb.ru:8080/fmh/authentication/login (254ms)
12-08 10:34:07.649 11395 11519 I okhttp.OkHttpClient: Vary: Origin
12-08 10:34:07.649 11395 11519 I okhttp.OkHttpClient: Vary: Access-Control-Request-Method
12-08 10:34:07.650 11395 11519 I okhttp.OkHttpClient: Vary: Access-Control-Request-Headers
12-08 10:34:07.650 11395 11519 I okhttp.OkHttpClient: X-Content-Type-Options: nosniff
12-08 10:34:07.650 11395 11519 I okhttp.OkHttpClient: X-XSS-Protection: 1; mode=block
12-08 10:34:07.650 11395 11519 I okhttp.OkHttpClient: Cache-Control: no-cache, no-store, max-age=0, must-revalidate
12-08 10:34:07.650 11395 11519 I okhttp.OkHttpClient: Pragma: no-cache
12-08 10:34:07.650 11395 11519 I okhttp.OkHttpClient: Expires: 0
12-08 10:34:07.650 11395 11519 I okhttp.OkHttpClient: X-Frame-Options: DENY
12-08 10:34:07.651 11395 11519 I okhttp.OkHttpClient: Content-Type: application/json
12-08 10:34:07.651 11395 11519 I okhttp.OkHttpClient: Transfer-Encoding: chunked
12-08 10:34:07.651 11395 11519 I okhttp.OkHttpClient: Date: Thu, 08 Dec 2022 10:34:52 GMT
12-08 10:34:07.651 11395 11519 I okhttp.OkHttpClient: Keep-Alive: timeout=60
12-08 10:34:07.651 11395 11519 I okhttp.OkHttpClient: Connection: keep-alive
12-08 10:34:07.652 11395 11519 I okhttp.OkHttpClient: {"accessToken":"eyJhbGciOiJIUzUxMiJ9.eyJzdWIiOiJsb2dpbjIiLCJqdGkiOiIyIiwiZXhwIjoxNjcwNTgyMDkyfQ.RgiUKXj8Ewdjx1jfYloX6rtlHUdQQAGYw3nPVgheESodGgEN79Q-wuZmRHTUW7oTnUQJG0G71kcJnGaMf_yCww","refreshToken":"eyJhbGciOiJIUzUxMiJ9.eyJzdWIiOiJsb2dpbjIiLCJqdGkiOiIyIiwiZXhwIjoxNjczMDg3NjkyfQ.3DXm836iowr63WBpIEupYeOVmRZBTp6R2g35gQ9s94BdjiK5WFDTJtcZGIbHoTG28G8_c5QL49JUZUmRuUB-tg"}
12-08 10:34:07.652 11395 11519 I okhttp.OkHttpClient: <-- END HTTP (368-byte body)
12-08 10:34:07.659 11395 11501 I okhttp.OkHttpClient: --> GET http://www.981757-ca08998.tmweb.ru:8080/fmh/authentication/userInfo
12-08 10:34:07.659 11395 11501 I okhttp.OkHttpClient: --> END GET
12-08 10:34:07.855 11395 11501 I okhttp.OkHttpClient: <-- 200 http://www.981757-ca08998.tmweb.ru:8080/fmh/authentication/userInfo (195ms)
12-08 10:34:07.855 11395 11501 I okhttp.OkHttpClient: Vary: Origin
12-08 10:34:07.855 11395 11501 I okhttp.OkHttpClient: Vary: Access-Control-Request-Method
12-08 10:34:07.855 11395 11501 I okhttp.OkHttpClient: Vary: Access-Control-Request-Headers
12-08 10:34:07.855 11395 11501 I okhttp.OkHttpClient: X-Content-Type-Options: nosniff
12-08 10:34:07.855 11395 11501 I okhttp.OkHttpClient: X-XSS-Protection: 1; mode=block
12-08 10:34:07.855 11395 11501 I okhttp.OkHttpClient: Cache-Control: no-cache, no-store, max-age=0, must-revalidate
12-08 10:34:07.855 11395 11501 I okhttp.OkHttpClient: Pragma: no-cache
12-08 10:34:07.856 11395 11501 I okhttp.OkHttpClient: Expires: 0
12-08 10:34:07.856 11395 11501 I okhttp.OkHttpClient: X-Frame-Options: DENY
12-08 10:34:07.856 11395 11501 I okhttp.OkHttpClient: Content-Type: application/json
12-08 10:34:07.856 11395 11501 I okhttp.OkHttpClient: Transfer-Encoding: chunked
12-08 10:34:07.856 11395 11501 I okhttp.OkHttpClient: Date: Thu, 08 Dec 2022 10:34:52 GMT
12-08 10:34:07.856 11395 11501 I okhttp.OkHttpClient: Keep-Alive: timeout=60
12-08 10:34:07.856 11395 11501 I okhttp.OkHttpClient: Connection: keep-alive
12-08 10:34:07.856 11395 11501 I okhttp.OkHttpClient: {"id":2,"firstName":"Данил","lastName":"Иванов","middleName":"Данилович","admin":true}
12-08 10:34:07.857 11395 11501 I okhttp.OkHttpClient: <-- END HTTP (106-byte body)
12-08 10:34:07.867 11395 11521 I okhttp.OkHttpClient: --> GET http://www.981757-ca08998.tmweb.ru:8080/fmh/claims
12-08 10:34:07.867 11395 11521 I okhttp.OkHttpClient: --> END GET
12-08 10:34:07.874  1744 11555 E ResolverController: No valid NAT64 prefix (106, <unspecified>/0)
12-08 10:34:07.952  2018  2058 E memtrack: Couldn't load memtrack module
12-08 10:34:07.952  2018  2058 W android.os.Debug: failed to get memory consumption info: -1
12-08 10:34:07.995 11395 11395 I ViewInteraction: Checking 'MatchesViewAssertion{viewMatcher=(view has effective visibility <VISIBLE> and view.getGlobalVisibleRect() to return non-empty rectangle)}' assertion on view an instance of android.widget.TextView and view.getText() with or without transformation to match: is "News"
12-08 10:34:08.003 11395 11395 I ViewInteraction: Performing 'wait for a specific view with <view.getId() is <2131230951>> during 10000 millis.' action on view view.getRootView() to equal view
12-08 10:34:08.012 11395 11395 I ViewInteraction: Checking 'MatchesViewAssertion{viewMatcher=(view has effective visibility <VISIBLE> and view.getGlobalVisibleRect() to return non-empty rectangle)}' assertion on view view.getId() is <2131230951/ru.iteco.fmhandroid:id/container_list_news_include_on_fragment_main>
12-08 10:34:08.018 11395 11395 I ViewInteraction: Performing 'wait for a specific view with <view.getId() is <2131230949>> during 10000 millis.' action on view view.getRootView() to equal view
12-08 10:34:08.040 11395 11395 I ViewInteraction: Checking 'MatchesViewAssertion{viewMatcher=(view has effective visibility <VISIBLE> and view.getGlobalVisibleRect() to return non-empty rectangle)}' assertion on view view.getId() is <2131230949/ru.iteco.fmhandroid:id/container_list_claim_include_on_fragment_main>
12-08 10:34:08.046 11395 11395 I ViewInteraction: Performing 'wait for a specific view with <an instance of android.widget.TextView and view.getText() with or without transformation to match: is "Claims"> during 10000 millis.' action on view view.getRootView() to equal view
12-08 10:34:08.128 11395 11408 I teco.fmhandroi: Background young concurrent copying GC freed 84377(4190KB) AllocSpace objects, 5(224KB) LOS objects, 19% free, 13MB/17MB, paused 2.134ms total 109.293ms
12-08 10:34:08.414 11395 11395 I ViewInteraction: Checking 'MatchesViewAssertion{viewMatcher=(view has effective visibility <VISIBLE> and view.getGlobalVisibleRect() to return non-empty rectangle)}' assertion on view an instance of android.widget.TextView and view.getText() with or without transformation to match: is "Claims"
12-08 10:34:08.435 11395 11395 I ViewInteraction: Performing 'wait for a specific view with <view.getId() is <2131231123/ru.iteco.fmhandroid:id/main_menu_image_button>> during 10000 millis.' action on view view.getRootView() to equal view
12-08 10:34:08.449 11395 11395 I ViewInteraction: Performing 'single click' action on view view.getId() is <2131231123/ru.iteco.fmhandroid:id/main_menu_image_button>
12-08 10:34:08.563  1776  1927 D gralloc_ranchu: gralloc_alloc: Creating ashmem region of size 2015232
12-08 10:34:08.575  1776  1927 I chatty  : uid=1000(system) HwBinder:1776_3 identical 1 line
12-08 10:34:08.577  1776  1927 D gralloc_ranchu: gralloc_alloc: Creating ashmem region of size 2015232
12-08 10:34:08.603 11395 11489 D EGL_emulation: eglMakeCurrent: 0xdd81af60: ver 2 0 (tinfo 0xc30989a0)
12-08 10:34:08.693 11395 11489 I chatty  : uid=10146(ru.iteco.fmhandroid) RenderThread identical 3 lines
12-08 10:34:08.712 11395 11489 D EGL_emulation: eglMakeCurrent: 0xdd81af60: ver 2 0 (tinfo 0xc30989a0)
12-08 10:34:08.944 11395 11395 I ViewInteraction: Performing 'wait for a specific view with <an instance of android.widget.TextView and view.getText() with or without transformation to match: is "Claims"> during 10000 millis.' action on view view.getRootView() to equal view
12-08 10:34:08.949 11395 11395 I ViewInteraction: Performing 'single click' action on view an instance of android.widget.TextView and view.getText() with or without transformation to match: is "Claims"
12-08 10:34:09.101 11395 11523 I okhttp.OkHttpClient: --> GET http://www.981757-ca08998.tmweb.ru:8080/fmh/claims
12-08 10:34:09.102 11395 11523 I okhttp.OkHttpClient: --> END GET
12-08 10:34:09.164 11395 11489 D EGL_emulation: eglMakeCurrent: 0xdd81af60: ver 2 0 (tinfo 0xc30989a0)
12-08 10:34:09.194 11395 11489 D EGL_emulation: eglMakeCurrent: 0xdd81af60: ver 2 0 (tinfo 0xc30989a0)
12-08 10:34:09.519 11395 11408 I teco.fmhandroi: Background concurrent copying GC freed 122554(6431KB) AllocSpace objects, 1(16KB) LOS objects, 34% free, 11MB/17MB, paused 1.157ms total 284.466ms
12-08 10:34:09.546 11395 11395 I ViewInteraction: Performing 'wait for a specific view with <view.getId() is <2131230849/ru.iteco.fmhandroid:id/add_new_claim_material_button>> during 10000 millis.' action on view view.getRootView() to equal view
12-08 10:34:09.557 11395 11395 I ViewInteraction: Performing 'single click' action on view view.getId() is <2131230849/ru.iteco.fmhandroid:id/add_new_claim_material_button>
12-08 10:34:09.628 11395 11501 I okhttp.OkHttpClient: --> GET http://www.981757-ca08998.tmweb.ru:8080/fmh/users
12-08 10:34:09.628 11395 11501 I okhttp.OkHttpClient: --> END GET
12-08 10:34:09.800 11395 11501 I okhttp.OkHttpClient: <-- 200 http://www.981757-ca08998.tmweb.ru:8080/fmh/users (172ms)
12-08 10:34:09.800 11395 11501 I okhttp.OkHttpClient: Vary: Origin
12-08 10:34:09.800 11395 11501 I okhttp.OkHttpClient: Vary: Access-Control-Request-Method
12-08 10:34:09.801 11395 11501 I okhttp.OkHttpClient: Vary: Access-Control-Request-Headers
12-08 10:34:09.801 11395 11501 I okhttp.OkHttpClient: X-Content-Type-Options: nosniff
12-08 10:34:09.801 11395 11501 I okhttp.OkHttpClient: X-XSS-Protection: 1; mode=block
12-08 10:34:09.801 11395 11501 I okhttp.OkHttpClient: Cache-Control: no-cache, no-store, max-age=0, must-revalidate
12-08 10:34:09.801 11395 11501 I okhttp.OkHttpClient: Pragma: no-cache
12-08 10:34:09.801 11395 11501 I okhttp.OkHttpClient: Expires: 0
12-08 10:34:09.802 11395 11501 I okhttp.OkHttpClient: X-Frame-Options: DENY
12-08 10:34:09.802 11395 11501 I okhttp.OkHttpClient: Content-Type: application/json
12-08 10:34:09.802 11395 11501 I okhttp.OkHttpClient: Transfer-Encoding: chunked
12-08 10:34:09.802 11395 11501 I okhttp.OkHttpClient: Date: Thu, 08 Dec 2022 10:34:55 GMT
12-08 10:34:09.803 11395 11501 I okhttp.OkHttpClient: Keep-Alive: timeout=60
12-08 10:34:09.804 11395 11501 I okhttp.OkHttpClient: Connection: keep-alive
12-08 10:34:09.807 11395 11501 I okhttp.OkHttpClient: [{"id":1,"firstName":"Петр","lastName":"Смирнов","middleName":"Петрович","admin":true},{"id":2,"firstName":"Данил","lastName":"Иванов","middleName":"Данилович","admin":true},{"id":3,"firstName":"Егор","lastName":"Петров","middleName":"Егорович","admin":false},{"id":4,"firstName":"Д��итрий","lastName":"Сидоров","middleName":"Дмитриевич","admin":false},{"id":5,"firstName":"Тест","lastName":"Тестов","middleName":"Тестович","admin":true},{"id":6,"firstName":"Diplom","lastName":"Netology","middleName":"QAMID","admin":true}]
12-08 10:34:09.807 11395 11501 I okhttp.OkHttpClient: <-- END HTTP (622-byte body)
12-08 10:34:10.062 11395 11395 I ViewInteraction: Performing 'wait for a specific view with <view.getId() is <2131231041/ru.iteco.fmhandroid:id/executor_drop_menu_auto_complete_text_view>> during 10000 millis.' action on view view.getRootView() to equal view
12-08 10:34:10.075 11395 11395 I ViewInteraction: Performing 'single click' action on view view.getId() is <2131231041/ru.iteco.fmhandroid:id/executor_drop_menu_auto_complete_text_view>
12-08 10:34:10.243  1776  1927 D gralloc_ranchu: gralloc_alloc: Creating ashmem region of size 4116480
12-08 10:34:10.255  1776  1927 D gralloc_ranchu: gralloc_alloc: Creating ashmem region of size 4116480
12-08 10:34:10.259  1776  1825 D gralloc_ranchu: gralloc_alloc: Creating ashmem region of size 4116480
12-08 10:34:10.272 11395 11489 D EGL_emulation: eglMakeCurrent: 0xdd81af60: ver 2 0 (tinfo 0xc30989a0)
12-08 10:34:10.346 11395 11395 I AssistStructure: Flattened final assist data: 6984 bytes, containing 2 windows, 53 views
12-08 10:34:10.373  2537  2537 W GInputConnectionWrapper: IPC IC_GET_TEXT_BEFORE_CURSOR_AND_FIX_SELECTION_INDICES took 204 ms
12-08 10:34:10.375  2656  2656 W ktk     : Pending fill request while another request in the same session was triggered. [CONTEXT service_id=177 ]
12-08 10:34:10.375  2018  3061 D AutofillSession: Starting partition or augmented request for view id 1073741827@1270125977: STARTED_SESSION
12-08 10:34:10.403 11395 11489 D EGL_emulation: eglMakeCurrent: 0xdd81af60: ver 2 0 (tinfo 0xc30989a0)
12-08 10:34:10.403  2018  2051 D AutofillUI: destroySaveUiUiThread(): already destroyed
12-08 10:34:10.436 11395 11395 I AssistStructure: Flattened final assist data: 6984 bytes, containing 2 windows, 53 views
12-08 10:34:10.455 11395 11489 D EGL_emulation: eglMakeCurrent: 0xdd81af60: ver 2 0 (tinfo 0xc30989a0)
12-08 10:34:10.473  2537  2537 I KeyboardViewUtil: systemKeyboardHeightRatio:1.000000; userKeyboardHeightRatio:1.000000.
12-08 10:34:10.474  2537  2537 I AndroidIME: LatinIme.onActivate() : EditorInfo = Package = ru.iteco.fmhandroid : Type = Text : Learning = Disable : Suggestion = Show : AutoCorrection = Disable : Microphone = Show : NoPersonalizedLearning = Disable
12-08 10:34:10.488  2537  2537 I Conv2QueryExtension: Current locale: en_US, config allows these locales: de,en,es,fr,it,ms,pt,ta
12-08 10:34:10.489  2537  2537 I Conv2QueryExtension: Conv2Query not enabled due to current app [ru.iteco.fmhandroid] not in whitelist
12-08 10:34:10.489  2537  2537 I Conv2QueryExtension: onActivate() : Disabled by unsupported host app
12-08 10:34:10.500  2170  2566 D EGL_emulation: eglMakeCurrent: 0xe594e040: ver 2 0 (tinfo 0xc52450c0)
12-08 10:34:10.516  1776  1825 D gralloc_ranchu: gralloc_alloc: Creating ashmem region of size 9826304
12-08 10:34:10.537  1776  1825 I chatty  : uid=1000(system) HwBinder:1776_1 identical 1 line
12-08 10:34:10.546  1776  1825 D gralloc_ranchu: gralloc_alloc: Creating ashmem region of size 9826304
12-08 10:34:10.551  2537  8546 D EGL_emulation: eglMakeCurrent: 0xc286ce00: ver 2 0 (tinfo 0xc335ede0)
12-08 10:34:10.613 11395 11489 D EGL_emulation: eglMakeCurrent: 0xdd81af60: ver 2 0 (tinfo 0xc30989a0)
12-08 10:34:10.650  1776  1825 D gralloc_ranchu: gralloc_alloc: Creating ashmem region of size 3072000
12-08 10:34:10.662 11395 11489 D EGL_emulation: eglMakeCurrent: 0xdd81af60: ver 2 0 (tinfo 0xc30989a0)
12-08 10:34:10.680  1776  1825 D gralloc_ranchu: gralloc_alloc: Creating ashmem region of size 3072000
12-08 10:34:10.690 11395 11489 D EGL_emulation: eglMakeCurrent: 0xdd81af60: ver 2 0 (tinfo 0xc30989a0)
12-08 10:34:10.706 11395 11489 D EGL_emulation: eglMakeCurrent: 0xdd81af60: ver 2 0 (tinfo 0xc30989a0)
12-08 10:34:10.720  1776  1825 D gralloc_ranchu: gralloc_alloc: Creating ashmem region of size 3072000
12-08 10:34:10.726 11395 11489 D EGL_emulation: eglMakeCurrent: 0xdd81af60: ver 2 0 (tinfo 0xc30989a0)
12-08 10:34:10.805 11395 11395 I ViewInteraction: Performing 'close keyboard' action on view view.getRootView() to equal view
12-08 10:34:10.811  2537  2537 I PhenotypeExpConfig: refreshConfiguration() : Force = false : UpdateAvailable = false : Age = 82 minutes : MaxAge = 720 minutes
12-08 10:34:10.812  2537  2537 I AndroidIME: LatinIme.onDeactivate()
12-08 10:34:10.833  2537  8546 D EGL_emulation: eglMakeCurrent: 0xc286ce00: ver 2 0 (tinfo 0xc335ede0)
12-08 10:34:10.926  1776  1825 D gralloc_ranchu: gralloc_alloc: Creating ashmem region of size 4116480
12-08 10:34:10.938 11395 11489 D EGL_emulation: eglMakeCurrent: 0xdd81af60: ver 2 0 (tinfo 0xc30989a0)
12-08 10:34:10.959  1776  1825 D gralloc_ranchu: gralloc_alloc: Creating ashmem region of size 4116480
12-08 10:34:10.962 11395 11489 D EGL_emulation: eglMakeCurrent: 0xdd81af60: ver 2 0 (tinfo 0xc30989a0)
12-08 10:34:10.982 11395 11489 D EGL_emulation: eglMakeCurrent: 0xdd81af60: ver 2 0 (tinfo 0xc30989a0)
12-08 10:34:10.996  1776  1825 D gralloc_ranchu: gralloc_alloc: Creating ashmem region of size 4116480
12-08 10:34:11.132 11395 11395 I ViewInteraction: Performing 'single click' action on view an instance of android.widget.TextView and view.getText() with or without transformation to match: is "Иванов Данил Данилович"
12-08 10:34:11.220 11395 11489 D EGL_emulation: eglMakeCurrent: 0xdd81af60: ver 2 0 (tinfo 0xc30989a0)
12-08 10:34:11.281  2018  5644 E InputDispatcher: Window handle Window{a85b19c u0 PopupWindow:5c10e93} has no registered input channel
12-08 10:34:11.437 11395 11521 I okhttp.OkHttpClient: <-- 200 http://www.981757-ca08998.tmweb.ru:8080/fmh/claims (3569ms)
12-08 10:34:11.438 11395 11521 I okhttp.OkHttpClient: Vary: Origin
12-08 10:34:11.438 11395 11521 I okhttp.OkHttpClient: Vary: Access-Control-Request-Method
12-08 10:34:11.438 11395 11521 I okhttp.OkHttpClient: Vary: Access-Control-Request-Headers
12-08 10:34:11.438 11395 11521 I okhttp.OkHttpClient: X-Content-Type-Options: nosniff
12-08 10:34:11.438 11395 11521 I okhttp.OkHttpClient: X-XSS-Protection: 1; mode=block
12-08 10:34:11.438 11395 11521 I okhttp.OkHttpClient: Cache-Control: no-cache, no-store, max-age=0, must-revalidate
12-08 10:34:11.438 11395 11521 I okhttp.OkHttpClient: Pragma: no-cache
12-08 10:34:11.439 11395 11521 I okhttp.OkHttpClient: Expires: 0
12-08 10:34:11.439 11395 11521 I okhttp.OkHttpClient: X-Frame-Options: DENY
12-08 10:34:11.441 11395 11521 I okhttp.OkHttpClient: Content-Type: application/json
12-08 10:34:11.441 11395 11521 I okhttp.OkHttpClient: Transfer-Encoding: chunked
12-08 10:34:11.441 11395 11521 I okhttp.OkHttpClient: Date: Thu, 08 Dec 2022 10:34:56 GMT
12-08 10:34:11.441 11395 11521 I okhttp.OkHttpClient: Keep-Alive: timeout=60
12-08 10:34:11.441 11395 11521 I okhttp.OkHttpClient: Connection: keep-alive
12-08 10:34:11.446 11395 11395 I ViewInteraction: Performing 'wait for a specific view with <(view.getId() is <2131231402/ru.iteco.fmhandroid:id/title_edit_text> and view.getParent() view.getParent() view.getId() is <2131231406/ru.iteco.fmhandroid:id/title_text_input_layout>)> during 10000 millis.' action on view view.getRootView() to equal view
12-08 10:34:11.454 11395 11395 I ViewInteraction: Performing 'replace text(Заголовок 069c8bc2-2cc6-442d-ba17-8d4018e15326)' action on view (view.getId() is <2131231402/ru.iteco.fmhandroid:id/title_edit_text> and view.getParent() view.getParent() view.getId() is <2131231406/ru.iteco.fmhandroid:id/title_text_input_layout>)
12-08 10:34:11.504 11395 11395 I ViewInteraction: Performing 'wait for a specific view with <view.getId() is <2131230975/ru.iteco.fmhandroid:id/date_in_plan_text_input_edit_text>> during 10000 millis.' action on view view.getRootView() to equal view
12-08 10:34:11.509 11395 11395 I ViewInteraction: Performing 'single click' action on view view.getId() is <2131230975/ru.iteco.fmhandroid:id/date_in_plan_text_input_edit_text>
12-08 10:34:11.698  1776  1825 D gralloc_ranchu: gralloc_alloc: Creating ashmem region of size 6778880
12-08 10:34:11.714  1776  1825 D gralloc_ranchu: gralloc_alloc: Creating ashmem region of size 6778880
12-08 10:34:11.717  1776  1927 D gralloc_ranchu: gralloc_alloc: Creating ashmem region of size 6778880
12-08 10:34:11.736 11395 11489 D EGL_emulation: eglMakeCurrent: 0xdd81af60: ver 2 0 (tinfo 0xc30989a0)
12-08 10:34:11.937 11395 11489 I chatty  : uid=10146(ru.iteco.fmhandroid) RenderThread identical 8 lines
12-08 10:34:11.951 11395 11489 D EGL_emulation: eglMakeCurrent: 0xdd81af60: ver 2 0 (tinfo 0xc30989a0)
12-08 10:34:11.968  2656  2671 I .gms.persisten: Background concurrent copying GC freed 123904(5363KB) AllocSpace objects, 10(280KB) LOS objects, 38% free, 9846KB/15MB, paused 677us total 1.128s
12-08 10:34:11.973 11395 11489 D EGL_emulation: eglMakeCurrent: 0xdd81af60: ver 2 0 (tinfo 0xc30989a0)
12-08 10:34:12.220 11395 11395 I ViewInteraction: Performing 'wait for a specific view with <is assignable from class <class android.widget.DatePicker>> during 10000 millis.' action on view view.getRootView() to equal view
12-08 10:34:12.225 11395 11395 I ViewInteraction: Checking 'MatchesViewAssertion{viewMatcher=(view has effective visibility <VISIBLE> and view.getGlobalVisibleRect() to return non-empty rectangle)}' assertion on view is assignable from class <class android.widget.DatePicker>
12-08 10:34:12.229 11395 11395 I ViewInteraction: Performing 'wait for a specific view with <is assignable from class <class android.widget.DatePicker>> during 10000 millis.' action on view view.getRootView() to equal view
12-08 10:34:12.235 11395 11395 I ViewInteraction: Performing 'set date' action on view is assignable from class <class android.widget.DatePicker>
12-08 10:34:12.268 11395 11395 I ViewInteraction: Performing 'wait for a specific view with <view.getId() is <16908313/android:id/button1>> during 10000 millis.' action on view view.getRootView() to equal view
12-08 10:34:12.276 11395 11395 I ViewInteraction: Performing 'single click' action on view view.getId() is <16908313/android:id/button1>
12-08 10:34:12.362 11395 11489 D EGL_emulation: eglMakeCurrent: 0xdd81af60: ver 2 0 (tinfo 0xc30989a0)
12-08 10:34:12.384  2018  5644 E InputDispatcher: Window handle Window{4455771 u0 ru.iteco.fmhandroid/ru.iteco.fmhandroid.ui.AppActivity} has no registered input channel
12-08 10:34:12.393 11395 11489 D EGL_emulation: eglMakeCurrent: 0xdd81af60: ver 2 0 (tinfo 0xc30989a0)
12-08 10:34:12.429  1764  6994 W audio_hw_generic: Not supplying enough data to HAL, expected position 168419625 , only wrote 168419495
12-08 10:34:12.435  1764  6994 W audio_hw_generic: Not supplying enough data to HAL, expected position 168419730 , only wrote 168419495
12-08 10:34:12.452  1764  6994 W audio_hw_generic: Not supplying enough data to HAL, expected position 168420239 , only wrote 168420156
12-08 10:34:12.496 11395 11523 I okhttp.OkHttpClient: <-- 200 http://www.981757-ca08998.tmweb.ru:8080/fmh/claims (3393ms)
12-08 10:34:12.496 11395 11523 I okhttp.OkHttpClient: Vary: Origin
12-08 10:34:12.496 11395 11523 I okhttp.OkHttpClient: Vary: Access-Control-Request-Method
12-08 10:34:12.496 11395 11523 I okhttp.OkHttpClient: Vary: Access-Control-Request-Headers
12-08 10:34:12.496 11395 11523 I okhttp.OkHttpClient: X-Content-Type-Options: nosniff
12-08 10:34:12.496 11395 11523 I okhttp.OkHttpClient: X-XSS-Protection: 1; mode=block
12-08 10:34:12.496 11395 11523 I okhttp.OkHttpClient: Cache-Control: no-cache, no-store, max-age=0, must-revalidate
12-08 10:34:12.497 11395 11523 I okhttp.OkHttpClient: Pragma: no-cache
12-08 10:34:12.497 11395 11523 I okhttp.OkHttpClient: Expires: 0
12-08 10:34:12.497 11395 11523 I okhttp.OkHttpClient: X-Frame-Options: DENY
12-08 10:34:12.497 11395 11523 I okhttp.OkHttpClient: Content-Type: application/json
12-08 10:34:12.497 11395 11523 I okhttp.OkHttpClient: Transfer-Encoding: chunked
12-08 10:34:12.497 11395 11523 I okhttp.OkHttpClient: Date: Thu, 08 Dec 2022 10:34:57 GMT
12-08 10:34:12.497 11395 11523 I okhttp.OkHttpClient: Keep-Alive: timeout=60
12-08 10:34:12.497 11395 11523 I okhttp.OkHttpClient: Connection: keep-alive
12-08 10:34:12.751 11395 11395 I ViewInteraction: Performing 'wait for a specific view with <(an instance of android.widget.TextView and view.getHint() matching: is "Time" and view.getParent() view.getParent() view.getId() is <2131231399/ru.iteco.fmhandroid:id/time_in_plan_text_input_layout>)> during 10000 millis.' action on view view.getRootView() to equal view
12-08 10:34:12.771 11395 11395 I ViewInteraction: Performing 'single click' action on view (an instance of android.widget.TextView and view.getHint() matching: is "Time" and view.getParent() view.getParent() view.getId() is <2131231399/ru.iteco.fmhandroid:id/time_in_plan_text_input_layout>)
12-08 10:34:13.020  1776  1825 D gralloc_ranchu: gralloc_alloc: Creating ashmem region of size 5718016
12-08 10:34:13.030  1776  1825 I chatty  : uid=1000(system) HwBinder:1776_1 identical 1 line
12-08 10:34:13.039  1776  1825 D gralloc_ranchu: gralloc_alloc: Creating ashmem region of size 5718016
12-08 10:34:13.046 11395 11489 D EGL_emulation: eglMakeCurrent: 0xdd81af60: ver 2 0 (tinfo 0xc30989a0)
12-08 10:34:13.119 11395 11489 I chatty  : uid=10146(ru.iteco.fmhandroid) RenderThread identical 2 lines
12-08 10:34:13.246 11395 11489 D EGL_emulation: eglMakeCurrent: 0xdd81af60: ver 2 0 (tinfo 0xc30989a0)
12-08 10:34:13.278 11395 11408 I teco.fmhandroi: NativeAlloc concurrent copying GC freed 91111(3679KB) AllocSpace objects, 4(76KB) LOS objects, 31% free, 12MB/18MB, paused 750us total 244.039ms
12-08 10:34:13.479 11395 11395 I ViewInteraction: Performing 'wait for a specific view with <is assignable from class <class android.widget.TimePicker>> during 10000 millis.' action on view view.getRootView() to equal view
12-08 10:34:13.483 11395 11395 I ViewInteraction: Checking 'MatchesViewAssertion{viewMatcher=(view has effective visibility <VISIBLE> and view.getGlobalVisibleRect() to return non-empty rectangle)}' assertion on view is assignable from class <class android.widget.TimePicker>
12-08 10:34:13.486 11395 11395 I ViewInteraction: Performing 'wait for a specific view with <is assignable from class <class android.widget.TimePicker>> during 10000 millis.' action on view view.getRootView() to equal view
12-08 10:34:13.491 11395 11395 I ViewInteraction: Performing 'set time' action on view is assignable from class <class android.widget.TimePicker>
12-08 10:34:13.502 11395 11489 D EGL_emulation: eglMakeCurrent: 0xdd81af60: ver 2 0 (tinfo 0xc30989a0)
12-08 10:34:13.508 11395 11395 I ViewInteraction: Performing 'wait for a specific view with <view.getId() is <16908313/android:id/button1>> during 10000 millis.' action on view view.getRootView() to equal view
12-08 10:34:13.521 11395 11395 I ViewInteraction: Performing 'single click' action on view view.getId() is <16908313/android:id/button1>
12-08 10:34:13.615 11395 11489 D EGL_emulation: eglMakeCurrent: 0xdd81af60: ver 2 0 (tinfo 0xc30989a0)
12-08 10:34:13.632  2018  2127 E InputDispatcher: Window handle Window{15f98f4 u0 ru.iteco.fmhandroid/ru.iteco.fmhandroid.ui.AppActivity} has no registered input channel
12-08 10:34:13.634 11395 11489 D EGL_emulation: eglMakeCurrent: 0xdd81af60: ver 2 0 (tinfo 0xc30989a0)
12-08 10:34:13.924 11395 11395 I ViewInteraction: Performing 'wait for a specific view with <(an instance of android.widget.TextView and view.getHint() matching: is "Description" and view.getParent() view.getParent() view.getId() is <2131230988/ru.iteco.fmhandroid:id/description_text_input_layout>)> during 10000 millis.' action on view view.getRootView() to equal view
12-08 10:34:13.932 11395 11395 I ViewInteraction: Performing 'replace text(Описание 4708e2ff-a13c-4ac5-9ef0-72d3e27dcc5e)' action on view (an instance of android.widget.TextView and view.getHint() matching: is "Description" and view.getParent() view.getParent() view.getId() is <2131230988/ru.iteco.fmhandroid:id/description_text_input_layout>)
12-08 10:34:13.981 11395 11395 I ViewInteraction: Performing 'wait for a specific view with <view.getId() is <2131231291/ru.iteco.fmhandroid:id/save_button>> during 10000 millis.' action on view view.getRootView() to equal view
12-08 10:34:13.989 11395 11395 I ViewInteraction: Performing 'single click' action on view view.getId() is <2131231291/ru.iteco.fmhandroid:id/save_button>
12-08 10:34:14.078 11395 11528 I okhttp.OkHttpClient: --> POST http://www.981757-ca08998.tmweb.ru:8080/fmh/claims
12-08 10:34:14.079 11395 11528 I okhttp.OkHttpClient: Content-Type: application/json; charset=UTF-8
12-08 10:34:14.079 11395 11528 I okhttp.OkHttpClient: Content-Length: 294
12-08 10:34:14.079 11395 11528 I okhttp.OkHttpClient: {"createDate":1670495654,"creatorId":2,"creatorName":"Иванов Данил Данилович","description":"Описание 4708e2ff-a13c-4ac5-9ef0-72d3e27dcc5e","executorId":2,"planExecuteDate":1670495580,"status":"OPEN","title":"Заголовок 069c8bc2-2cc6-442d-ba17-8d4018e15326"}
12-08 10:34:14.079 11395 11528 I okhttp.OkHttpClient: --> END POST (294-byte body)
12-08 10:34:14.084  1744 11558 E ResolverController: No valid NAT64 prefix (106, <unspecified>/0)
12-08 10:34:14.310 11395 11395 I ViewInteraction: Performing 'wait for a specific view with <view.getId() is <2131230916/ru.iteco.fmhandroid:id/claim_list_recycler_view>> during 10000 millis.' action on view view.getRootView() to equal view
12-08 10:34:14.408 11395 11528 I okhttp.OkHttpClient: <-- 200 http://www.981757-ca08998.tmweb.ru:8080/fmh/claims (328ms)
12-08 10:34:14.408 11395 11528 I okhttp.OkHttpClient: Vary: Origin
12-08 10:34:14.408 11395 11528 I okhttp.OkHttpClient: Vary: Access-Control-Request-Method
12-08 10:34:14.409 11395 11528 I okhttp.OkHttpClient: Vary: Access-Control-Request-Headers
12-08 10:34:14.409 11395 11528 I okhttp.OkHttpClient: X-Content-Type-Options: nosniff
12-08 10:34:14.409 11395 11528 I okhttp.OkHttpClient: X-XSS-Protection: 1; mode=block
12-08 10:34:14.409 11395 11528 I okhttp.OkHttpClient: Cache-Control: no-cache, no-store, max-age=0, must-revalidate
12-08 10:34:14.409 11395 11528 I okhttp.OkHttpClient: Pragma: no-cache
12-08 10:34:14.409 11395 11528 I okhttp.OkHttpClient: Expires: 0
12-08 10:34:14.409 11395 11528 I okhttp.OkHttpClient: X-Frame-Options: DENY
12-08 10:34:14.409 11395 11528 I okhttp.OkHttpClient: Content-Type: application/json
12-08 10:34:14.410 11395 11528 I okhttp.OkHttpClient: Transfer-Encoding: chunked
12-08 10:34:14.410 11395 11528 I okhttp.OkHttpClient: Date: Thu, 08 Dec 2022 10:34:59 GMT
12-08 10:34:14.410 11395 11528 I okhttp.OkHttpClient: Keep-Alive: timeout=60
12-08 10:34:14.410 11395 11528 I okhttp.OkHttpClient: Connection: keep-alive
12-08 10:34:14.411 11395 11528 I okhttp.OkHttpClient: {"id":2726,"title":"Заголовок 069c8bc2-2cc6-442d-ba17-8d4018e15326","description":"Описание 4708e2ff-a13c-4ac5-9ef0-72d3e27dcc5e","creatorId":2,"executorId":2,"createDate":1670495654,"planExecuteDate":1670495580,"factExecuteDate":null,"status":"IN_PROGRESS","creatorName":"Иванов Данил Данилович","executorName":"Иванов Данил Данилович"}
12-08 10:34:14.411 11395 11528 I okhttp.OkHttpClient: <-- END HTTP (394-byte body)
12-08 10:34:14.527 11395 11395 I ViewInteraction: Checking 'MatchesViewAssertion{viewMatcher=(view has effective visibility <VISIBLE> and view.getGlobalVisibleRect() to return non-empty rectangle)}' assertion on view view.getId() is <2131230916/ru.iteco.fmhandroid:id/claim_list_recycler_view>
12-08 10:34:14.538 11395 11395 I ViewInteraction: Performing 'scroll RecyclerView to: holder with view: (view is an instance of android.view.ViewGroup and has descendant matching an instance of android.widget.TextView and view.getText() with or without transformation to match: is "Заголовок 069c8bc2-2cc6-442d-ba17-8d4018e15326")' action on view view.getId() is <2131230916/ru.iteco.fmhandroid:id/claim_list_recycler_view>
12-08 10:34:14.540 11395 11395 D takeScreenshot: Found 1 global views to redraw
12-08 10:34:14.573  1776  1825 D gralloc_ranchu: gralloc_alloc: Creating ashmem region of size 10108928
12-08 10:34:14.616 11395 11440 W DefaultFailureHandler: Failed to take screenshot
12-08 10:34:14.616 11395 11440 W DefaultFailureHandler: java.io.FileNotFoundException: view-op-error-4.png: open failed: EROFS (Read-only file system)
12-08 10:34:14.616 11395 11440 W DefaultFailureHandler: 	at libcore.io.IoBridge.open(IoBridge.java:496)
12-08 10:34:14.616 11395 11440 W DefaultFailureHandler: 	at java.io.FileOutputStream.<init>(FileOutputStream.java:235)
12-08 10:34:14.616 11395 11440 W DefaultFailureHandler: 	at java.io.FileOutputStream.<init>(FileOutputStream.java:125)
12-08 10:34:14.616 11395 11440 W DefaultFailureHandler: 	at androidx.test.platform.io.FileTestStorage.openOutputFile(FileTestStorage.java:60)
12-08 10:34:14.616 11395 11440 W DefaultFailureHandler: 	at androidx.test.core.graphics.BitmapStorage.writeToTestStorage(BitmapStorageExt.kt:49)
12-08 10:34:14.616 11395 11440 W DefaultFailureHandler: 	at androidx.test.espresso.base.DefaultFailureHandler.takeScreenshot(DefaultFailureHandler.java:4)
12-08 10:34:14.616 11395 11440 W DefaultFailureHandler: 	at androidx.test.espresso.base.DefaultFailureHandler.handle(DefaultFailureHandler.java:3)
12-08 10:34:14.616 11395 11440 W DefaultFailureHandler: 	at androidx.test.espresso.ViewInteraction.waitForAndHandleInteractionResults(ViewInteraction.java:8)
12-08 10:34:14.616 11395 11440 W DefaultFailureHandler: 	at androidx.test.espresso.ViewInteraction.desugaredPerform(ViewInteraction.java:11)
12-08 10:34:14.616 11395 11440 W DefaultFailureHandler: 	at androidx.test.espresso.ViewInteraction.perform(ViewInteraction.java:8)
12-08 10:34:14.616 11395 11440 W DefaultFailureHandler: 	at ru.iteco.fmhandroid.ui.steps.ClaimsPageSteps.scrollToElementInRecyclerList(ClaimsPageSteps.java:127)
12-08 10:34:14.616 11395 11440 W DefaultFailureHandler: 	at ru.iteco.fmhandroid.ui.steps.ClaimsPageSteps.openClaimCard(ClaimsPageSteps.java:150)
12-08 10:34:14.616 11395 11440 W DefaultFailureHandler: 	at ru.iteco.fmhandroid.ui.ClaimsPageTest.shouldEditTheComment(ClaimsPageTest.java:150)
12-08 10:34:14.616 11395 11440 W DefaultFailureHandler: 	at java.lang.reflect.Method.invoke(Native Method)
12-08 10:34:14.616 11395 11440 W DefaultFailureHandler: 	at org.junit.runners.model.FrameworkMethod$1.runReflectiveCall(FrameworkMethod.java:59)
12-08 10:34:14.616 11395 11440 W DefaultFailureHandler: 	at org.junit.internal.runners.model.ReflectiveCallable.run(ReflectiveCallable.java:12)
12-08 10:34:14.616 11395 11440 W DefaultFailureHandler: 	at org.junit.runners.model.FrameworkMethod.invokeExplosively(FrameworkMethod.java:56)
12-08 10:34:14.616 11395 11440 W DefaultFailureHandler: 	at org.junit.internal.runners.statements.InvokeMethod.evaluate(InvokeMethod.java:17)
12-08 10:34:14.616 11395 11440 W DefaultFailureHandler: 	at androidx.test.internal.runner.junit4.statement.RunBefores.evaluate(RunBefores.java:80)
12-08 10:34:14.616 11395 11440 W DefaultFailureHandler: 	at io.qameta.allure.android.rules.ScreenshotRule$apply$1.evaluate(ScreenshotRule.kt:22)
12-08 10:34:14.616 11395 11440 W DefaultFailureHandler: 	at org.junit.rules.ExternalResource$1.evaluate(ExternalResource.java:54)
12-08 10:34:14.616 11395 11440 W DefaultFailureHandler: 	at io.qameta.allure.android.rules.LogcatRule$apply$1.evaluate(LogcatRule.kt:23)
12-08 10:34:14.616 11395 11440 W DefaultFailureHandler: 	at org.junit.rules.RunRules.evaluate(RunRules.java:20)
12-08 10:34:14.616 11395 11440 W DefaultFailureHandler: 	at org.junit.runners.ParentRunner$3.evaluate(ParentRunner.java:306)
12-08 10:34:14.616 11395 11440 W DefaultFailureHandler: 	at org.junit.runners.BlockJUnit4ClassRunner$1.evaluate(BlockJUnit4ClassRunner.java:100)
12-08 10:34:14.616 11395 11440 W DefaultFailureHandler: 	at org.junit.runners.ParentRunner.runLeaf(ParentRunner.java:366)
12-08 10:34:14.616 11395 11440 W DefaultFailureHandler: 	at org.junit.runners.BlockJUnit4ClassRunner.runChild(BlockJUnit4ClassRunner.java:103)
12-08 10:34:14.616 11395 11440 W DefaultFailureHandler: 	at org.junit.runners.BlockJUnit4ClassRunner.runChild(BlockJUnit4ClassRunner.java:63)
12-08 10:34:14.616 11395 11440 W DefaultFailureHandler: 	at org.junit.runners.ParentRunner$4.run(ParentRunner.java:331)
12-08 10:34:14.616 11395 11440 W DefaultFailureHandler: 	at org.junit.runners.ParentRunner$1.schedule(ParentRunner.java:79)
12-08 10:34:14.616 11395 11440 W DefaultFailureHandler: 	at org.junit.runners.ParentRunner.runChildren(ParentRunner.java:329)
12-08 10:34:14.616 11395 11440 W DefaultFailureHandler: 	at org.junit.runners.ParentRunner.access$100(ParentRunner.java:66)
12-08 10:34:14.616 11395 11440 W DefaultFailureHandler: 	at org.junit.runners.ParentRunner$2.evaluate(ParentRunner.java:293)
12-08 10:34:14.616 11395 11440 W DefaultFailureHandler: 	at org.junit.runners.ParentRunner$3.evaluate(ParentRunner.java:306)
12-08 10:34:14.616 11395 11440 W DefaultFailureHandler: 	at org.junit.runners.ParentRunner.run(ParentRunner.java:413)
12-08 10:34:14.616 11395 11440 W DefaultFailureHandler: 	at androidx.test.ext.junit.runners.AndroidJUnit4.run(AndroidJUnit4.java:162)
12-08 10:34:14.616 11395 11440 W DefaultFailureHandler: 	at io.qameta.allure.android.runners.AllureAndroidJUnit4.run(AllureAndroidJUnitRunners.kt:29)
12-08 10:34:14.616 11395 11440 W DefaultFailureHandler: 	at org.junit.runners.Suite.runChild(Suite.java:128)
12-08 10:34:14.616 11395 11440 W DefaultFailureHandler: 	at org.junit.runners.Suite.runChild(Suite.java:27)
12-08 10:34:14.616 11395 11440 W DefaultFailureHandler: 	at org.junit.runners.ParentRunner$4.run(ParentRunner.java:331)
12-08 10:34:14.616 11395 11440 W DefaultFailureHandler: 	at org.junit.runners.ParentRunner$1.schedule(ParentRunner.java:79)
12-08 10:34:14.616 11395 11440 W DefaultFailureHandler: 	at org.junit.runners.ParentRunner.runChildren(ParentRunner.java:329)
12-08 10:34:14.616 11395 11440 W DefaultFailureHandler: 	at org.junit.runners.ParentRunner.access$100(ParentRunner.java:66)
12-08 10:34:14.616 11395 11440 W DefaultFailureHandler: 	at org.junit.runners.ParentRunner$2.evaluate(ParentRunner.java:293)
12-08 10:34:14.616 11395 11440 W DefaultFailureHandler: 	at org.junit.runners.ParentRunner$3.evaluate(ParentRunner.java:306)
12-08 10:34:14.616 11395 11440 W DefaultFailureHandler: 	at org.junit.runners.ParentRunner.run(ParentRunner.java:413)
12-08 10:34:14.616 11395 11440 W DefaultFailureHandler: 	at org.junit.runner.JUnitCore.run(JUnitCore.java:137)
12-08 10:34:14.616 11395 11440 W DefaultFailureHandler: 	at org.junit.runner.JUnitCore.run(JUnitCore.java:115)
12-08 10:34:14.616 11395 11440 W DefaultFailureHandler: 	at androidx.test.internal.runner.TestExecutor.execute(TestExecutor.java:67)
12-08 10:34:14.616 11395 11440 W DefaultFailureHandler: 	at androidx.test.internal.runner.TestExecutor.execute(TestExecutor.java:58)
12-08 10:34:14.616 11395 11440 W DefaultFailureHandler: 	at androidx.test.runner.AndroidJUnitRunner.onStart(AndroidJUnitRunner.java:438)
12-08 10:34:14.616 11395 11440 W DefaultFailureHandler: 	at android.app.Instrumentation$InstrumentationThread.run(Instrumentation.java:2189)
12-08 10:34:14.616 11395 11440 W DefaultFailureHandler: Caused by: android.system.ErrnoException: open failed: EROFS (Read-only file system)
12-08 10:34:14.616 11395 11440 W DefaultFailureHandler: 	at libcore.io.Linux.open(Native Method)
12-08 10:34:14.616 11395 11440 W DefaultFailureHandler: 	at libcore.io.ForwardingOs.open(ForwardingOs.java:167)
12-08 10:34:14.616 11395 11440 W DefaultFailureHandler: 	at libcore.io.BlockGuardOs.open(BlockGuardOs.java:252)
12-08 10:34:14.616 11395 11440 W DefaultFailureHandler: 	at libcore.io.ForwardingOs.open(ForwardingOs.java:167)
12-08 10:34:14.616 11395 11440 W DefaultFailureHandler: 	at android.app.ActivityThread$AndroidOs.open(ActivityThread.java:7255)
12-08 10:34:14.616 11395 11440 W DefaultFailureHandler: 	at libcore.io.IoBridge.open(IoBridge.java:482)
12-08 10:34:14.616 11395 11440 W DefaultFailureHandler: 	... 51 more
12-08 10:34:14.623  1776  1825 D gralloc_ranchu: gralloc_alloc: Creating ashmem region of size 10108928
12-08 10:34:14.778 11395 11408 I teco.fmhandroi: NativeAlloc concurrent copying GC freed 88822(4414KB) AllocSpace objects, 4(64KB) LOS objects, 29% free, 14MB/20MB, paused 726us total 161.206ms
12-08 10:34:14.880  2018  2340 I ActivityTaskManager: START u0 {act=android.intent.action.MAIN cat=[android.intent.category.LAUNCHER] flg=0x10000000 cmp=ru.iteco.fmhandroid.test/androidx.test.core.app.InstrumentationActivityInvoker$EmptyActivity} from uid 10146
12-08 10:34:14.890 11395 11395 D LifecycleMonitor: Lifecycle status change: ru.iteco.fmhandroid.ui.AppActivity@f2262c6 in: PAUSED
12-08 10:34:14.890 11395 11395 V ActivityScenario: Update currentActivityStage to PAUSED, currentActivity=ru.iteco.fmhandroid.ui.AppActivity@f2262c6
12-08 10:34:14.892  2018  2340 W InputReader: Device has associated, but no associated display id.
12-08 10:34:14.896  2018  2340 I chatty  : uid=1000(system) Binder:2018_5 identical 38 lines
12-08 10:34:14.896  2018  2340 W InputReader: Device has associated, but no associated display id.
12-08 10:34:14.896 11453 11453 W ActivityThread: handleWindowVisibility: no activity for token android.os.BinderProxy@4f4224f
12-08 10:34:14.902 11395 11434 V FA      : Recording user engagement, ms: 19362
12-08 10:34:14.905  2018  2340 W InputReader: Device has associated, but no associated display id.
12-08 10:34:14.970  2018  2127 I ActivityTaskManager: START u0 {act=android.intent.action.MAIN cat=[android.intent.category.LAUNCHER] flg=0x10000000 cmp=ru.iteco.fmhandroid.test/androidx.test.core.app.InstrumentationActivityInvoker$EmptyActivity} from uid 10146
12-08 10:34:14.905  2018  2340 I chatty  : uid=1000(system) Binder:2018_5 identical 8 lines
12-08 10:34:14.905  2018  2340 W InputReader: Device has associated, but no associated display id.
12-08 10:34:14.972 11395 11434 V FA      : Connecting to remote service
12-08 10:34:14.990 11395 11434 V FA      : Connection attempt already in progress
12-08 10:34:14.991 11395 11434 V FA      : Activity paused, time: 58601929
12-08 10:34:14.995  1776  1825 D gralloc_ranchu: gralloc_alloc: Creating ashmem region of size 10108928
12-08 10:34:15.002 11395 11434 D FA      : Connected to remote service
12-08 10:34:15.004 11395 11434 V FA      : Processing queued up service tasks: 2
12-08 10:34:15.005  1776  1825 D gralloc_ranchu: gralloc_alloc: Creating ashmem region of size 10108928
12-08 10:34:15.007 11453 11486 D EGL_emulation: eglMakeCurrent: 0xdd81a2a0: ver 2 0 (tinfo 0xdd80f3a0)
12-08 10:34:15.009  1776  1825 D gralloc_ranchu: gralloc_alloc: Creating ashmem region of size 10108928
12-08 10:34:15.040  2873 11443 V FA-SVC  : Logging event: origin=auto,name=user_engagement(_e),params=Bundle[{ga_event_origin(_o)=auto, engagement_time_msec(_et)=19362, ga_screen_class(_sc)=AppActivity, ga_screen_id(_si)=-7630774614883317538}]
12-08 10:34:15.047  2018  3061 W InputReader: Device has associated, but no associated display id.
12-08 10:34:15.052  2018  3061 I chatty  : uid=1000(system) Binder:2018_10 identical 48 lines
12-08 10:34:15.052  2018  3061 W InputReader: Device has associated, but no associated display id.
12-08 10:34:15.070 11453 11453 W ActivityThread: handleWindowVisibility: no activity for token android.os.BinderProxy@eb7a55e
12-08 10:34:15.089  2873 11443 V FA-SVC  : Upload scheduled in approximately ms: 2129426
12-08 10:34:15.089  2873 11443 V FA-SVC  : Unscheduling upload
12-08 10:34:15.095  2018  2340 W ActivityTaskManager: Duplicate finish request for ActivityRecord{966c468 u0 ru.iteco.fmhandroid/.ui.AppActivity t323 f}
12-08 10:34:15.100  2873 11443 V FA-SVC  : Scheduling upload, millis: 2129426
12-08 10:34:15.120  2873 11443 V FA-SVC  : Background event processing time, ms: 79
12-08 10:34:15.155  1776  1825 D gralloc_ranchu: gralloc_alloc: Creating ashmem region of size 10108928
12-08 10:34:15.162  1776  1825 I chatty  : uid=1000(system) HwBinder:1776_1 identical 1 line
12-08 10:34:15.163  1776  1825 D gralloc_ranchu: gralloc_alloc: Creating ashmem region of size 10108928
12-08 10:34:15.165 11453 11486 D EGL_emulation: eglMakeCurrent: 0xdd81a2a0: ver 2 0 (tinfo 0xdd80f3a0)
12-08 10:34:15.203  2018  2054 W InputReader: Device has associated, but no associated display id.
12-08 10:34:15.204  2018  2054 I chatty  : uid=1000(system) android.anim identical 18 lines
12-08 10:34:15.204  2018  2054 W InputReader: Device has associated, but no associated display id.
12-08 10:34:15.214  2018  2058 I ActivityTaskManager: Displayed ru.iteco.fmhandroid.test/androidx.test.core.app.InstrumentationActivityInvoker$EmptyActivity: +157ms
12-08 10:34:15.221  2018  2127 W InputReader: Device has associated, but no associated display id.
12-08 10:34:15.221  2018  2127 I chatty  : uid=1000(system) Binder:2018_3 identical 8 lines
12-08 10:34:15.221  2018  2127 W InputReader: Device has associated, but no associated display id.
12-08 10:34:15.233  2656  8077 E SQLiteDatabase: Error inserting flex_time=2129000 job_id=-1 period=4259000 source=16 requires_charging=0 preferred_network_type=1 target_class=com.google.android.gms.measurement.PackageMeasurementTaskService user_id=0 target_package=com.google.android.gms tag=Measurement.PackageMeasurementTaskService.UPLOAD_TASK_TAG task_type=0 required_idleness_state=0 service_kind=0 source_version=202414000 persistence_level=1 preferred_charging_state=1 required_network_type=0 runtime=1670495655140 retry_strategy={"maximum_backoff_seconds":{"3600":0},"initial_backoff_seconds":{"30":0},"retry_policy":{"0":0}} last_runtime=0
12-08 10:34:15.233  2656  8077 E SQLiteDatabase: android.database.sqlite.SQLiteConstraintException: UNIQUE constraint failed: pending_ops.tag, pending_ops.target_class, pending_ops.target_package, pending_ops.user_id (code 2067 SQLITE_CONSTRAINT_UNIQUE)
12-08 10:34:15.233  2656  8077 E SQLiteDatabase: 	at android.database.sqlite.SQLiteConnection.nativeExecuteForLastInsertedRowId(Native Method)
12-08 10:34:15.233  2656  8077 E SQLiteDatabase: 	at android.database.sqlite.SQLiteConnection.executeForLastInsertedRowId(SQLiteConnection.java:879)
12-08 10:34:15.233  2656  8077 E SQLiteDatabase: 	at android.database.sqlite.SQLiteSession.executeForLastInsertedRowId(SQLiteSession.java:790)
12-08 10:34:15.233  2656  8077 E SQLiteDatabase: 	at android.database.sqlite.SQLiteStatement.executeInsert(SQLiteStatement.java:88)
12-08 10:34:15.233  2656  8077 E SQLiteDatabase: 	at android.database.sqlite.SQLiteDatabase.insertWithOnConflict(SQLiteDatabase.java:1599)
12-08 10:34:15.233  2656  8077 E SQLiteDatabase: 	at android.database.sqlite.SQLiteDatabase.insert(SQLiteDatabase.java:1468)
12-08 10:34:15.233  2656  8077 E SQLiteDatabase: 	at aqui.a(:com.google.android.gms@202414022@20.24.14 (040700-319035315):175)
12-08 10:34:15.233  2656  8077 E SQLiteDatabase: 	at aqtk.a(:com.google.android.gms@202414022@20.24.14 (040700-319035315):182)
12-08 10:34:15.233  2656  8077 E SQLiteDatabase: 	at aqtk.a(:com.google.android.gms@202414022@20.24.14 (040700-319035315):23)
12-08 10:34:15.233  2656  8077 E SQLiteDatabase: 	at aqtk.a(:com.google.android.gms@202414022@20.24.14 (040700-319035315):177)
12-08 10:34:15.233  2656  8077 E SQLiteDatabase: 	at aqpu.run(:com.google.android.gms@202414022@20.24.14 (040700-319035315):9)
12-08 10:34:15.233  2656  8077 E SQLiteDatabase: 	at soy.b(:com.google.android.gms@202414022@20.24.14 (040700-319035315):12)
12-08 10:34:15.233  2656  8077 E SQLiteDatabase: 	at soy.run(:com.google.android.gms@202414022@20.24.14 (040700-319035315):7)
12-08 10:34:15.233  2656  8077 E SQLiteDatabase: 	at java.util.concurrent.ThreadPoolExecutor.runWorker(ThreadPoolExecutor.java:1167)
12-08 10:34:15.233  2656  8077 E SQLiteDatabase: 	at java.util.concurrent.ThreadPoolExecutor$Worker.run(ThreadPoolExecutor.java:641)
12-08 10:34:15.233  2656  8077 E SQLiteDatabase: 	at sux.run(:com.google.android.gms@202414022@20.24.14 (040700-319035315):0)
12-08 10:34:15.233  2656  8077 E SQLiteDatabase: 	at java.lang.Thread.run(Thread.java:919)
12-08 10:34:15.234 11395 11489 D EGL_emulation: eglMakeCurrent: 0xdd81af60: ver 2 0 (tinfo 0xc30989a0)
12-08 10:34:15.269  2018  5644 W InputReader: Device has associated, but no associated display id.
12-08 10:34:15.272  2018  5644 I chatty  : uid=1000(system) Binder:2018_14 identical 28 lines
12-08 10:34:15.272  2018  5644 W InputReader: Device has associated, but no associated display id.
12-08 10:34:15.277 11395 11395 D AutofillManager: onActivityFinishing(): calling cancelLocked()
12-08 10:34:15.284 11395 11395 D LifecycleMonitor: Lifecycle status change: ru.iteco.fmhandroid.ui.AppActivity@f2262c6 in: STOPPED
12-08 10:34:15.288 11395 11395 V ActivityScenario: Update currentActivityStage to STOPPED, currentActivity=ru.iteco.fmhandroid.ui.AppActivity@f2262c6
12-08 10:34:15.296  2018  3061 D ConnectivityService: requestNetwork for uid/pid:10129/8344 NetworkRequest [ TRACK_DEFAULT id=124, [ Capabilities: INTERNET&NOT_RESTRICTED&TRUSTED Uid: 10129] ]
12-08 10:34:15.303  2018  2136 D UntrustedWifiNetworkFactory: got request NetworkRequest [ TRACK_DEFAULT id=124, [ Capabilities: INTERNET&NOT_RESTRICTED&TRUSTED Uid: 10129] ] with score 50 and serial 2
12-08 10:34:15.305  2018  2136 D WifiNetworkFactory: got request NetworkRequest [ TRACK_DEFAULT id=124, [ Capabilities: INTERNET&NOT_RESTRICTED&TRUSTED Uid: 10129] ] with score 50 and serial 2
12-08 10:34:15.306  2298  2298 D PhoneSwitcherNetworkRequstListener: got request NetworkRequest [ TRACK_DEFAULT id=124, [ Capabilities: INTERNET&NOT_RESTRICTED&TRUSTED Uid: 10129] ] with score 50 and serial 2
12-08 10:34:15.310 11395 11395 W System.err: ru.iteco.fmhandroid.exceptions.UnknownException
12-08 10:34:15.310 11395 11395 W System.err: 	at ru.iteco.fmhandroid.utils.Utils.makeRequest(Utils.kt:123)
12-08 10:34:15.310 11395 11395 W System.err: 	at ru.iteco.fmhandroid.utils.Utils$makeRequest$1.invokeSuspend(Unknown Source:15)
12-08 10:34:15.310 11395 11395 W System.err: 	at kotlin.coroutines.jvm.internal.BaseContinuationImpl.resumeWith(ContinuationImpl.kt:33)
12-08 10:34:15.310 11395 11395 W System.err: 	at kotlinx.coroutines.DispatchedTaskKt.resume(DispatchedTask.kt:234)
