--------- beginning of main
11-18 15:12:46.808 25807 25807 I teco.fmhandroi: The ClassLoaderContext is a special shared library.
11-18 15:12:46.811 25807 25807 I teco.fmhandroi: The ClassLoaderContext is a special shared library.
11-18 15:12:48.139 25807 25807 W teco.fmhandroi: Accessing hidden method Landroid/app/Instrumentation;->execStartActivity(Landroid/content/Context;Landroid/os/IBinder;Landroid/os/IBinder;Landroid/app/Activity;Landroid/content/Intent;ILandroid/os/Bundle;)Landroid/app/Instrumentation$ActivityResult; (greylist, linking, allowed)
11-18 15:12:48.139 25807 25807 W teco.fmhandroi: Accessing hidden method Landroid/app/Instrumentation;->execStartActivity(Landroid/content/Context;Landroid/os/IBinder;Landroid/os/IBinder;Ljava/lang/String;Landroid/content/Intent;ILandroid/os/Bundle;)Landroid/app/Instrumentation$ActivityResult; (greylist, linking, allowed)
11-18 15:12:48.159 25807 25807 I MonitoringInstr: newApplication called!
11-18 15:12:48.249 25807 25807 I FirebaseApp: Device unlocked: initializing all Firebase APIs for app [DEFAULT]
11-18 15:12:48.312 25807 25807 I FirebaseCrashlytics: Initializing Firebase Crashlytics 18.2.6 for ru.iteco.fmhandroid
11-18 15:12:48.346 25807 25840 I DynamiteModule: Considering local module com.google.android.gms.measurement.dynamite:55 and remote module com.google.android.gms.measurement.dynamite:15
11-18 15:12:48.346 25807 25840 I DynamiteModule: Selected local version of com.google.android.gms.measurement.dynamite
11-18 15:12:48.357 25807 25807 W FA      : Failed to register event listener on calling thread. Trying again on the dynamite thread.
11-18 15:12:48.516  2006  2043 E BluetoothAdapter: Bluetooth binder is null
11-18 15:12:48.535 25807 25807 I FirebaseInitProvider: FirebaseApp initialization successful
11-18 15:12:48.621 25807 25807 I MonitoringInstr: Instrumentation started!
11-18 15:12:48.630 25807 25807 D ClassesArgTokenizer: input: ru.iteco.fmhandroid.ui.FilterNewsPageTest
11-18 15:12:48.631 25807 25807 D ClassesArgTokenizer: result: [ru.iteco.fmhandroid.ui.FilterNewsPageTest]
11-18 15:12:48.631 25807 25807 D ClassesArgTokenizer: input: null
11-18 15:12:48.631 25807 25807 D ClassesArgTokenizer: result: []
11-18 15:12:48.639 25807 25807 V TestEventClient: No service name argument was given (testDiscoveryService, testRunEventService or orchestratorService)
11-18 15:12:48.645 25807 25845 V FA      : App measurement collection enabled
11-18 15:12:48.645 25807 25845 V FA      : App measurement enabled for app package, google app id: ru.iteco.fmhandroid, 1:729587742060:android:e7d6f87c783f52b9a42f49
11-18 15:12:48.650 25807 25845 I FA      : App measurement initialized, version: 46000
11-18 15:12:48.650 25807 25845 I FA      : To enable debug logging run: adb shell setprop log.tag.FA VERBOSE
11-18 15:12:48.650 25807 25845 I FA      : To enable faster debug mode event logging run:
11-18 15:12:48.650 25807 25845 I FA      :   adb shell setprop debug.firebase.analytics.app ru.iteco.fmhandroid
11-18 15:12:48.651 25807 25845 D FA      : Debug-level message logging enabled
11-18 15:12:48.670 25807 25852 D AndroidJUnitRunner: onStart is called.
11-18 15:12:48.689  1742  1742 I netd    : trafficSwapActiveStatsMap() <48.30ms>
11-18 15:12:48.726 25807 25807 I MonitoringInstr: No JSBridge.
11-18 15:12:48.782 25807 25852 D TestRequestBuilder: Skipping class path scanning and directly running [ru.iteco.fmhandroid.ui.FilterNewsPageTest]
11-18 15:12:48.788  1742  1742 I netd    : tetherGetStats() <87.60ms>
11-18 15:12:48.804 25807 25852 D ClassesArgTokenizer: input: ru.iteco.fmhandroid.ui.FilterNewsPageTest
11-18 15:12:48.805 25807 25852 D ClassesArgTokenizer: result: [ru.iteco.fmhandroid.ui.FilterNewsPageTest]
11-18 15:12:48.805 25807 25852 D ClassesArgTokenizer: input: null
11-18 15:12:48.805 25807 25852 D ClassesArgTokenizer: result: []
11-18 15:12:48.827 25807 25845 V FA      : Connecting to remote service
11-18 15:12:48.839 25807 25852 D AndroidJUnitRunner: Use the raw file system for managing file I/O.
11-18 15:12:48.850 25807 25852 D TestExecutor: Adding listener androidx.test.internal.runner.listener.LogRunListener
11-18 15:12:48.851 25807 25852 D TestExecutor: Adding listener androidx.test.internal.runner.listener.InstrumentationResultPrinter
11-18 15:12:48.851 25807 25852 D TestExecutor: Adding listener androidx.test.internal.runner.listener.ActivityFinisherRunListener
11-18 15:12:48.851 25807 25852 D TestExecutor: Adding listener androidx.test.internal.runner.listener.TraceRunListener
11-18 15:12:48.870 25807 25852 I TestRunner: run started: 14 tests
11-18 15:12:48.893 25807 25845 V FA      : Connection attempt already in progress
11-18 15:12:48.913 25807 25845 V FA      : Connection attempt already in progress
11-18 15:12:48.920 25807 25845 D FA      : Connected to remote service
11-18 15:12:48.921 25807 25845 V FA      : Processing queued up service tasks: 3
11-18 15:12:49.009 25807 25852 I TestRunner: started: shouldFilterTheNewsWithCategorySalary(ru.iteco.fmhandroid.ui.FilterNewsPageTest)
11-18 15:12:49.027  2757 25855 V FA-SVC  : Saving default event parameters, appId, data size: ru.iteco.fmhandroid, 2
11-18 15:12:49.215  1742 25856 E ResolverController: No valid NAT64 prefix (165, <unspecified>/0)
11-18 15:12:49.349 25807 25852 W FileTestStorage: Output properties is not supported.
11-18 15:12:49.350 25807 25852 I Tracing : Tracer added: class androidx.test.platform.tracing.AndroidXTracer
11-18 15:12:49.375 25807 25852 D EventInjectionStrategy: Creating injection strategy with input manager.
11-18 15:12:49.377 25807 25852 W teco.fmhandroi: Accessing hidden method Landroid/hardware/input/InputManager;->getInstance()Landroid/hardware/input/InputManager; (greylist, reflection, allowed)
11-18 15:12:49.379 25807 25852 W teco.fmhandroi: Accessing hidden method Landroid/hardware/input/InputManager;->injectInputEvent(Landroid/view/InputEvent;I)Z (greylist, reflection, allowed)
11-18 15:12:49.379 25807 25852 W teco.fmhandroi: Accessing hidden field Landroid/hardware/input/InputManager;->INJECT_INPUT_EVENT_MODE_WAIT_FOR_FINISH:I (greylist, reflection, allowed)
--------- beginning of system
11-18 15:12:49.596  2006  2006 V SettingsProvider: Notifying for 0: content://settings/secure/accessibility_enabled
11-18 15:12:50.121 25807 25852 W ActivityTestRule: getActivityIntent() returned null using default: Intent(Intent.ACTION_MAIN)
11-18 15:12:50.142  2006   937 I ActivityTaskManager: START u0 {act=android.intent.action.MAIN flg=0x14000000 cmp=ru.iteco.fmhandroid/.ui.AppActivity} from uid 10150
11-18 15:12:50.296  2006   937 W InputReader: Device has associated, but no associated display id.
11-18 15:12:50.318  2006   937 I chatty  : uid=1000(system) Binder:2006_20 identical 28 lines
11-18 15:12:50.318  2006   937 W InputReader: Device has associated, but no associated display id.
11-18 15:12:50.319 25807 25807 W ActivityThread: handleWindowVisibility: no activity for token android.os.BinderProxy@22c2be4
11-18 15:12:50.328  2006   937 W InputReader: Device has associated, but no associated display id.
11-18 15:12:50.330  2006   937 I chatty  : uid=1000(system) Binder:2006_20 identical 8 lines
11-18 15:12:50.330  2006   937 W InputReader: Device has associated, but no associated display id.
11-18 15:12:50.350  2006  2032 E system_server: Invalid ID 0x00000000.
11-18 15:12:50.360  1775  1896 E SurfaceFlinger: ro.sf.lcd_density must be defined as a build property
11-18 15:12:50.365  1775  1897 E SurfaceFlinger: ro.sf.lcd_density must be defined as a build property
11-18 15:12:50.397 25807 25867 D libEGL  : Emulator has host GPU support, qemu.gles is set to 1.
11-18 15:12:50.398 25807 25867 W libc    : Unable to set property "qemu.gles" to "1": connection failed; errno=13 (Permission denied)
11-18 15:12:50.384 25807 25807 W RenderThread: type=1400 audit(0.0:702758): avc: denied { write } for name="property_service" dev="tmpfs" ino=8412 scontext=u:r:untrusted_app:s0:c150,c256,c512,c768 tcontext=u:object_r:property_socket:s0 tclass=sock_file permissive=0 app=ru.iteco.fmhandroid
11-18 15:12:50.498  1761  2617 D gralloc_ranchu: gralloc_alloc: Creating ashmem region of size 14749696
11-18 15:12:50.548 25807 25807 D LifecycleMonitor: Lifecycle status change: ru.iteco.fmhandroid.ui.AppActivity@4ed2c49 in: PRE_ON_CREATE
11-18 15:12:50.591 25807 25867 D libEGL  : loaded /vendor/lib/egl/libEGL_emulation.so
11-18 15:12:50.627 25807 25867 D libEGL  : loaded /vendor/lib/egl/libGLESv1_CM_emulation.so
11-18 15:12:50.631 25807 25840 V FA      : onActivityCreated
11-18 15:12:50.637 25807 25867 D libEGL  : loaded /vendor/lib/egl/libGLESv2_emulation.so
11-18 15:12:50.762 25807 25807 W teco.fmhandroi: Accessing hidden method Landroid/view/View;->computeFitSystemWindows(Landroid/graphics/Rect;Landroid/graphics/Rect;)Z (greylist, reflection, allowed)
11-18 15:12:50.764 25807 25807 W teco.fmhandroi: Accessing hidden method Landroid/view/ViewGroup;->makeOptionalFitsSystemWindows()V (greylist, reflection, allowed)
11-18 15:12:50.991 25807 25807 D NetworkSecurityConfig: No Network Security Config specified, using platform default
11-18 15:12:51.023 25807 25807 W teco.fmhandroi: Accessing hidden method Ljava/lang/invoke/MethodHandles$Lookup;-><init>(Ljava/lang/Class;I)V (greylist, reflection, allowed)
11-18 15:12:51.317 25807 25807 D LifecycleMonitor: Lifecycle status change: ru.iteco.fmhandroid.ui.AppActivity@4ed2c49 in: CREATED
11-18 15:12:51.588  2006  2032 I Choreographer: Skipped 68 frames!  The application may be doing too much work on its main thread.
11-18 15:12:51.625  2006  2032 W InputReader: Device has associated, but no associated display id.
11-18 15:12:51.625  2006  2032 I chatty  : uid=1000(system) android.anim identical 8 lines
11-18 15:12:51.625  2006  2032 W InputReader: Device has associated, but no associated display id.
11-18 15:12:51.720  2441  2951 D EGL_emulation: eglMakeCurrent: 0xdde1a480: ver 2 0 (tinfo 0xdde0f530)
11-18 15:12:51.903  1742  1742 I netd    : trafficSwapActiveStatsMap() <60.62ms>
11-18 15:12:51.911  2876  3288 D EGL_emulation: eglMakeCurrent: 0xdde1bb00: ver 2 0 (tinfo 0xdde0ff90)
11-18 15:12:51.912  1742  1742 I netd    : tetherGetStats() <3.83ms>
11-18 15:12:52.004  2153  2505 D EGL_emulation: eglMakeCurrent: 0xdde1a6c0: ver 2 0 (tinfo 0xdde0fac0)
11-18 15:12:52.031  1742  1742 I netd    : bandwidthSetGlobalAlert(2097152) <3.48ms>
11-18 15:12:52.042  2876  2876 I BgTaskExecutorImpl: Starting PERIODIC background task REFRESH_SEARCH_HISTORY.
11-18 15:12:52.159 25807 25807 D LifecycleMonitor: Lifecycle status change: ru.iteco.fmhandroid.ui.AppActivity@4ed2c49 in: STARTED
11-18 15:12:52.165 25807 25807 D LifecycleMonitor: Lifecycle status change: ru.iteco.fmhandroid.ui.AppActivity@4ed2c49 in: RESUMED
11-18 15:12:52.171 25807 25845 V FA      : Activity resumed, time: 655217973
11-18 15:12:52.205 25807 25845 V FA      : Session started, time: 655218013
11-18 15:12:52.335  2876 24812 W LocationOracle: getBestLocation(): no location is available
11-18 15:12:52.394  2757 25855 V FA-SVC  : Setting user property: ga_session_number(_sno), 5
11-18 15:12:52.441 25807 25865 D HostConnection: HostConnection::get() New Host Connection established 0xdde59c30, tid 25865
11-18 15:12:52.442 25807 25865 D HostConnection: HostComposition ext ANDROID_EMU_CHECKSUM_HELPER_v1 ANDROID_EMU_dma_v1 ANDROID_EMU_direct_mem ANDROID_EMU_host_composition_v1 ANDROID_EMU_host_composition_v2 ANDROID_EMU_vulkan ANDROID_EMU_deferred_vulkan_commands ANDROID_EMU_vulkan_null_optional_strings ANDROID_EMU_vulkan_create_resources_with_requirements ANDROID_EMU_YUV_Cache ANDROID_EMU_vulkan_ignored_handles ANDROID_EMU_vulkan_free_memory_sync ANDROID_EMU_vulkan_shader_float16_int8 ANDROID_EMU_vulkan_async_queue_submit ANDROID_EMU_sync_buffer_data GL_OES_vertex_array_object GL_KHR_texture_compression_astc_ldr ANDROID_EMU_host_side_tracing ANDROID_EMU_gles_max_version_2 
11-18 15:12:52.445 25807 25845 I FA      : Tag Manager is not found and thus will not be used
11-18 15:12:52.464  2757 25855 V FA-SVC  : Setting user property: ga_session_id(_sid), 1668773572
11-18 15:12:52.466 25807 25820 I teco.fmhandroi: NativeAlloc concurrent copying GC freed 38814(3291KB) AllocSpace objects, 16(384KB) LOS objects, 49% free, 3236KB/6472KB, paused 1.189ms total 343.631ms
11-18 15:12:52.507 25807 25865 W OpenGLRenderer: Failed to choose config with EGL_SWAP_BEHAVIOR_PRESERVED, retrying without...
11-18 15:12:52.575  2876 24812 W LocationOracle: getBestLocation(): no location is available
11-18 15:12:52.674  2757 25855 V FA-SVC  : Logging event: origin=auto,name=session_start(_s),params=Bundle[{ga_event_origin(_o)=auto, ga_session_id(_sid)=1668773572}]
11-18 15:12:52.698  2876 24812 W CDHeaderDataHandler: Invalid integer value "" in experiments IDs.
11-18 15:12:52.784 25807 25865 D EGL_emulation: eglCreateContext: 0xdde1b080: maj 2 min 0 rcv 2
11-18 15:12:52.816 25807 25865 D EGL_emulation: eglMakeCurrent: 0xdde1b080: ver 2 0 (tinfo 0xcd75c5f0)
11-18 15:12:52.830  2757 25855 V FA-SVC  : Upload scheduled in approximately ms: 14365
11-18 15:12:52.830  2757 25855 V FA-SVC  : Unscheduling upload
11-18 15:12:52.845  1761  2617 D gralloc_ranchu: gralloc_alloc: Creating ashmem region of size 14749696
11-18 15:12:52.851  2757 25855 V FA-SVC  : Scheduling upload, millis: 14365
11-18 15:12:52.857  1648  1648 I hwservicemanager: getTransport: Cannot find entry android.hardware.graphics.mapper@3.0::IMapper/default in either framework or device manifest.
11-18 15:12:52.859 25807 25865 W Gralloc3: mapper 3.x is not supported
11-18 15:12:52.873 25807 25865 D HostConnection: createUnique: call
11-18 15:12:52.875 25807 25865 D HostConnection: HostConnection::get() New Host Connection established 0xdde5a040, tid 25865
11-18 15:12:52.876  2757 25855 V FA-SVC  : Background event processing time, ms: 223
11-18 15:12:52.877 25807 25865 D HostConnection: HostComposition ext ANDROID_EMU_CHECKSUM_HELPER_v1 ANDROID_EMU_dma_v1 ANDROID_EMU_direct_mem ANDROID_EMU_host_composition_v1 ANDROID_EMU_host_composition_v2 ANDROID_EMU_vulkan ANDROID_EMU_deferred_vulkan_commands ANDROID_EMU_vulkan_null_optional_strings ANDROID_EMU_vulkan_create_resources_with_requirements ANDROID_EMU_YUV_Cache ANDROID_EMU_vulkan_ignored_handles ANDROID_EMU_vulkan_free_memory_sync ANDROID_EMU_vulkan_shader_float16_int8 ANDROID_EMU_vulkan_async_queue_submit ANDROID_EMU_sync_buffer_data GL_OES_vertex_array_object GL_KHR_texture_compression_astc_ldr ANDROID_EMU_host_side_tracing ANDROID_EMU_gles_max_version_2 
11-18 15:12:52.883 25807 25865 D eglCodecCommon: allocate: Ask for block of size 0x1000
11-18 15:12:52.883 25807 25865 D eglCodecCommon: allocate: ioctl allocate returned offset 0x3ff1da000 size 0x2000
11-18 15:12:52.895  1761  2617 D gralloc_ranchu: gralloc_alloc: Creating ashmem region of size 14749696
11-18 15:12:52.898  1761  2617 D gralloc_ranchu: gralloc_alloc: Creating ashmem region of size 14749696
11-18 15:12:52.907 25807 25865 D EGL_emulation: eglMakeCurrent: 0xdde1b080: ver 2 0 (tinfo 0xcd75c5f0)
11-18 15:12:52.979  2757 25855 V FA-SVC  : Logging event: origin=auto,name=screen_view(_vs),params=Bundle[{ga_event_origin(_o)=auto, ga_screen_class(_sc)=AppActivity, ga_screen_id(_si)=-2369636290981031051}]
11-18 15:12:53.026  2757 25855 V FA-SVC  : Upload scheduled in approximately ms: 14573
11-18 15:12:53.026  2757 25855 V FA-SVC  : Unscheduling upload
11-18 15:12:53.035  2757 25855 V FA-SVC  : Scheduling upload, millis: 14573
11-18 15:12:53.039  2757 25855 V FA-SVC  : Background event processing time, ms: 60
11-18 15:12:53.148  2580 25599 E SQLiteDatabase: Error inserting flex_time=14000 job_id=-1 period=29000 source=16 requires_charging=0 preferred_network_type=1 target_class=com.google.android.gms.measurement.PackageMeasurementTaskService user_id=0 target_package=com.google.android.gms tag=Measurement.PackageMeasurementTaskService.UPLOAD_TASK_TAG task_type=0 required_idleness_state=0 service_kind=0 source_version=202414000 persistence_level=1 preferred_charging_state=1 required_network_type=0 runtime=1668773572932 retry_strategy={"maximum_backoff_seconds":{"3600":0},"initial_backoff_seconds":{"30":0},"retry_policy":{"0":0}} last_runtime=0
11-18 15:12:53.148  2580 25599 E SQLiteDatabase: android.database.sqlite.SQLiteConstraintException: UNIQUE constraint failed: pending_ops.tag, pending_ops.target_class, pending_ops.target_package, pending_ops.user_id (code 2067 SQLITE_CONSTRAINT_UNIQUE)
11-18 15:12:53.148  2580 25599 E SQLiteDatabase: 	at android.database.sqlite.SQLiteConnection.nativeExecuteForLastInsertedRowId(Native Method)
11-18 15:12:53.148  2580 25599 E SQLiteDatabase: 	at android.database.sqlite.SQLiteConnection.executeForLastInsertedRowId(SQLiteConnection.java:879)
11-18 15:12:53.148  2580 25599 E SQLiteDatabase: 	at android.database.sqlite.SQLiteSession.executeForLastInsertedRowId(SQLiteSession.java:790)
11-18 15:12:53.148  2580 25599 E SQLiteDatabase: 	at android.database.sqlite.SQLiteStatement.executeInsert(SQLiteStatement.java:88)
11-18 15:12:53.148  2580 25599 E SQLiteDatabase: 	at android.database.sqlite.SQLiteDatabase.insertWithOnConflict(SQLiteDatabase.java:1599)
11-18 15:12:53.148  2580 25599 E SQLiteDatabase: 	at android.database.sqlite.SQLiteDatabase.insert(SQLiteDatabase.java:1468)
11-18 15:12:53.148  2580 25599 E SQLiteDatabase: 	at aqui.a(:com.google.android.gms@202414022@20.24.14 (040700-319035315):175)
11-18 15:12:53.148  2580 25599 E SQLiteDatabase: 	at aqtk.a(:com.google.android.gms@202414022@20.24.14 (040700-319035315):182)
11-18 15:12:53.148  2580 25599 E SQLiteDatabase: 	at aqtk.a(:com.google.android.gms@202414022@20.24.14 (040700-319035315):23)
11-18 15:12:53.148  2580 25599 E SQLiteDatabase: 	at aqtk.a(:com.google.android.gms@202414022@20.24.14 (040700-319035315):177)
11-18 15:12:53.148  2580 25599 E SQLiteDatabase: 	at aqpu.run(:com.google.android.gms@202414022@20.24.14 (040700-319035315):9)
11-18 15:12:53.148  2580 25599 E SQLiteDatabase: 	at soy.b(:com.google.android.gms@202414022@20.24.14 (040700-319035315):12)
11-18 15:12:53.148  2580 25599 E SQLiteDatabase: 	at soy.run(:com.google.android.gms@202414022@20.24.14 (040700-319035315):7)
11-18 15:12:53.148  2580 25599 E SQLiteDatabase: 	at java.util.concurrent.ThreadPoolExecutor.runWorker(ThreadPoolExecutor.java:1167)
11-18 15:12:53.148  2580 25599 E SQLiteDatabase: 	at java.util.concurrent.ThreadPoolExecutor$Worker.run(ThreadPoolExecutor.java:641)
11-18 15:12:53.148  2580 25599 E SQLiteDatabase: 	at sux.run(:com.google.android.gms@202414022@20.24.14 (040700-319035315):0)
11-18 15:12:53.148  2580 25599 E SQLiteDatabase: 	at java.lang.Thread.run(Thread.java:919)
11-18 15:12:53.234  2580 25599 E SQLiteDatabase: Error inserting flex_time=14000 job_id=-1 period=30000 source=16 requires_charging=0 preferred_network_type=1 target_class=com.google.android.gms.measurement.PackageMeasurementTaskService user_id=0 target_package=com.google.android.gms tag=Measurement.PackageMeasurementTaskService.UPLOAD_TASK_TAG task_type=0 required_idleness_state=0 service_kind=0 source_version=202414000 persistence_level=1 preferred_charging_state=1 required_network_type=0 runtime=1668773573067 retry_strategy={"maximum_backoff_seconds":{"3600":0},"initial_backoff_seconds":{"30":0},"retry_policy":{"0":0}} last_runtime=0
11-18 15:12:53.234  2580 25599 E SQLiteDatabase: android.database.sqlite.SQLiteConstraintException: UNIQUE constraint failed: pending_ops.tag, pending_ops.target_class, pending_ops.target_package, pending_ops.user_id (code 2067 SQLITE_CONSTRAINT_UNIQUE)
11-18 15:12:53.234  2580 25599 E SQLiteDatabase: 	at android.database.sqlite.SQLiteConnection.nativeExecuteForLastInsertedRowId(Native Method)
11-18 15:12:53.234  2580 25599 E SQLiteDatabase: 	at android.database.sqlite.SQLiteConnection.executeForLastInsertedRowId(SQLiteConnection.java:879)
11-18 15:12:53.234  2580 25599 E SQLiteDatabase: 	at android.database.sqlite.SQLiteSession.executeForLastInsertedRowId(SQLiteSession.java:790)
11-18 15:12:53.234  2580 25599 E SQLiteDatabase: 	at android.database.sqlite.SQLiteStatement.executeInsert(SQLiteStatement.java:88)
11-18 15:12:53.234  2580 25599 E SQLiteDatabase: 	at android.database.sqlite.SQLiteDatabase.insertWithOnConflict(SQLiteDatabase.java:1599)
11-18 15:12:53.234  2580 25599 E SQLiteDatabase: 	at android.database.sqlite.SQLiteDatabase.insert(SQLiteDatabase.java:1468)
11-18 15:12:53.234  2580 25599 E SQLiteDatabase: 	at aqui.a(:com.google.android.gms@202414022@20.24.14 (040700-319035315):175)
11-18 15:12:53.234  2580 25599 E SQLiteDatabase: 	at aqtk.a(:com.google.android.gms@202414022@20.24.14 (040700-319035315):182)
11-18 15:12:53.234  2580 25599 E SQLiteDatabase: 	at aqtk.a(:com.google.android.gms@202414022@20.24.14 (040700-319035315):23)
11-18 15:12:53.234  2580 25599 E SQLiteDatabase: 	at aqtk.a(:com.google.android.gms@202414022@20.24.14 (040700-319035315):177)
11-18 15:12:53.234  2580 25599 E SQLiteDatabase: 	at aqpu.run(:com.google.android.gms@202414022@20.24.14 (040700-319035315):9)
11-18 15:12:53.234  2580 25599 E SQLiteDatabase: 	at soy.b(:com.google.android.gms@202414022@20.24.14 (040700-319035315):12)
11-18 15:12:53.234  2580 25599 E SQLiteDatabase: 	at soy.run(:com.google.android.gms@202414022@20.24.14 (040700-319035315):8)
11-18 15:12:53.234  2580 25599 E SQLiteDatabase: 	at java.util.concurrent.ThreadPoolExecutor.runWorker(ThreadPoolExecutor.java:1167)
11-18 15:12:53.234  2580 25599 E SQLiteDatabase: 	at java.util.concurrent.ThreadPoolExecutor$Worker.run(ThreadPoolExecutor.java:641)
11-18 15:12:53.234  2580 25599 E SQLiteDatabase: 	at sux.run(:com.google.android.gms@202414022@20.24.14 (040700-319035315):0)
11-18 15:12:53.234  2580 25599 E SQLiteDatabase: 	at java.lang.Thread.run(Thread.java:919)
11-18 15:12:53.237 25807 25865 I OpenGLRenderer: Davey! duration=995ms; Flags=1, IntendedVsync=655218034436587, Vsync=655218051103253, OldestInputEvent=9223372036854775807, NewestInputEvent=0, HandleInputStart=655218063129400, AnimationStart=655218063196300, PerformTraversalsStart=655218063245300, DrawStart=655218698860700, SyncQueued=655218703193100, SyncStart=655218716446000, IssueDrawCommandsStart=655218716614100, SwapBuffers=655218986028000, FrameCompleted=655219043362600, DequeueBufferDuration=399000, QueueBufferDuration=2502000, 
11-18 15:12:53.245 25807 25807 I Choreographer: Skipped 58 frames!  The application may be doing too much work on its main thread.
11-18 15:12:53.292  2006  2036 I ActivityTaskManager: Displayed ru.iteco.fmhandroid/.ui.AppActivity: +3s134ms
11-18 15:12:53.426 25807 25852 W FileTestStorage: Test input args is not supported.
11-18 15:12:53.508 25807 25807 W teco.fmhandroi: Accessing hidden method Landroid/os/MessageQueue;->next()Landroid/os/Message; (greylist, reflection, allowed)
11-18 15:12:53.508 25807 25807 W teco.fmhandroi: Accessing hidden field Landroid/os/MessageQueue;->mMessages:Landroid/os/Message; (greylist, reflection, allowed)
11-18 15:12:53.509 25807 25807 W teco.fmhandroi: Accessing hidden method Landroid/os/Message;->recycleUnchecked()V (greylist, reflection, allowed)
11-18 15:12:53.518 25807 25852 W teco.fmhandroi: Accessing hidden method Lsun/misc/Unsafe;->getUnsafe()Lsun/misc/Unsafe; (greylist,core-platform-api, linking, allowed)
11-18 15:12:53.518 25807 25852 W teco.fmhandroi: Accessing hidden method Lsun/misc/Unsafe;->objectFieldOffset(Ljava/lang/reflect/Field;)J (greylist,core-platform-api, linking, allowed)
11-18 15:12:53.519 25807 25852 W teco.fmhandroi: Accessing hidden method Lsun/misc/Unsafe;->putObject(Ljava/lang/Object;JLjava/lang/Object;)V (greylist, linking, allowed)
11-18 15:12:53.526 25807 25807 W teco.fmhandroi: Accessing hidden method Landroid/view/WindowManagerGlobal;->getInstance()Landroid/view/WindowManagerGlobal; (greylist, reflection, allowed)
11-18 15:12:53.526 25807 25807 W teco.fmhandroi: Accessing hidden field Landroid/view/WindowManagerGlobal;->mViews:Ljava/util/ArrayList; (greylist, reflection, allowed)
11-18 15:12:53.526 25807 25807 W teco.fmhandroi: Accessing hidden field Landroid/view/WindowManagerGlobal;->mParams:Ljava/util/ArrayList; (greylist, reflection, allowed)
11-18 15:12:53.546 25807 25807 I ViewInteraction: Performing 'wait for a specific view with <(an instance of android.widget.TextView and view.getText() with or without transformation to match: is "Authorization" and view.getParent() view.getParent() view.getId() is <2131231186>)> during 20000 millis.' action on view view.getRootView() to equal view
11-18 15:12:53.622  2153  2505 D EGL_emulation: eglMakeCurrent: 0xdde1a6c0: ver 2 0 (tinfo 0xdde0fac0)
11-18 15:12:53.639 25807 25852 W teco.fmhandroi: Accessing hidden method Lsun/misc/Unsafe;->compareAndSwapObject(Ljava/lang/Object;JLjava/lang/Object;Ljava/lang/Object;)Z (greylist, linking, allowed)
11-18 15:12:53.639 25807 25852 W teco.fmhandroi: Accessing hidden method Lsun/misc/Unsafe;->getObject(Ljava/lang/Object;J)Ljava/lang/Object; (greylist, linking, allowed)
11-18 15:12:53.709  2876 25877 I PBSessionCacheImpl: Deleted sessionId[360285018762] from persistence.
11-18 15:12:53.933  2876  3118 W SearchServiceCore: Abort, client detached.
11-18 15:12:53.933  2876  3118 I chatty  : uid=10122(com.google.android.googlequicksearchbox) EventBus0 identical 1 line
11-18 15:12:53.966  2876  3118 W SearchServiceCore: Abort, client detached.
11-18 15:12:55.158 25807 25807 W teco.fmhandroi: Accessing hidden field Lsun/misc/Unsafe;->theUnsafe:Lsun/misc/Unsafe; (greylist, reflection, allowed)
11-18 15:12:55.159 25807 25807 W teco.fmhandroi: Accessing hidden method Lsun/misc/Unsafe;->allocateInstance(Ljava/lang/Class;)Ljava/lang/Object; (greylist, reflection, allowed)
11-18 15:12:55.196 25807 25889 I okhttp.OkHttpClient: --> GET http://www.981757-ca08998.tmweb.ru:8080/fmh/authentication/userInfo
11-18 15:12:55.196 25807 25889 I okhttp.OkHttpClient: --> END GET
11-18 15:12:55.783  2006   937 D WificondControl: Scan result ready event
11-18 15:12:56.008  2006  2036 E memtrack: Couldn't load memtrack module
11-18 15:12:56.008  2006  2036 W android.os.Debug: failed to get memory consumption info: -1
11-18 15:12:57.799 25807 25845 V FA      : Inactivity, disconnecting from the service
11-18 15:12:59.120  2580 25601 I LogUtils: [Places]: ?: Couldn't find platform key file. [CONTEXT service_id=253 ]
11-18 15:12:59.122  2580 25558 I LogUtils: [Places]: ?: Couldn't find platform key file. [CONTEXT service_id=253 ]
11-18 15:12:59.172  2580 25557 I LogUtils: [Places]: ?: PlacesBleScanner stop() [CONTEXT service_id=253 ]
11-18 15:12:59.183  2580  2580 I BeaconBle: Scan : No clients left, canceling alarm. [CONTEXT service_id=111 ]
11-18 15:12:59.186  2580  2580 I BeaconBle: Scan canceled successfully. [CONTEXT service_id=111 ]
11-18 15:12:59.190  2580 25557 I PlacesLogger: [PlaceInferenceEngine]: [anon] Changed inference mode: 0 [CONTEXT service_id=253 ]
11-18 15:12:59.229  2580 25892 I LogUtils: [Places]: ?: Couldn't find platform key file. [CONTEXT service_id=253 ]
11-18 15:12:59.230  2580 25599 I LogUtils: [Places]: ?: Couldn't find platform key file. [CONTEXT service_id=253 ]
11-18 15:12:59.244  2580  3265 W GCoreFlp: No location to return for getLastLocation()
11-18 15:12:59.317  2580  2580 I GeofencerStateMachine: removeGeofences: removeRequest=RemoveGeofencingRequest[REMOVE_BY_PENDING_INTENT pendingIntent=PendingIntent[creatorPackage=com.google.android.gms], packageName=com.google.android.gms]
11-18 15:12:59.358  2441  3203 E ActivityThread: Failed to find provider info for com.google.android.apps.wellbeing.api
11-18 15:13:00.029  2153  2153 D KeyguardClockSwitch: Updating clock: 313
11-18 15:13:04.224  2580  2580 I BeaconBle: Scan : No clients left, canceling alarm. [CONTEXT service_id=111 ]
11-18 15:13:04.323  2876  3118 I WorkerManager: dispose()
11-18 15:13:04.324  2876  3118 W ThreadPoolDumper: Queue length for executor EventBus is now 11. Perhaps some tasks are too long, or the pool is too small.
11-18 15:13:04.325  2580  2594 I .gms.persisten: Background young concurrent copying GC freed 124027(5527KB) AllocSpace objects, 2(44KB) LOS objects, 35% free, 10MB/15MB, paused 541us total 581.253ms
11-18 15:13:07.651  2757 25855 V FA-SVC  : Unscheduling upload
11-18 15:13:07.659  2757 25855 V FA-SVC  : Starting upload from DelayedRunnable
11-18 15:13:07.665  2006  2036 E memtrack: Couldn't load memtrack module
11-18 15:13:07.665  2006  2036 W android.os.Debug: failed to get memory consumption info: -1
11-18 15:13:07.677  2757 25855 D FA-SVC  : Uploading events. Elapsed time since last upload attempt (ms): 12417673
11-18 15:13:07.716  2757 25855 V FA-SVC  : Fetching remote configuration: ru.iteco.fmhandroid
11-18 15:13:07.726  2757 25855 V FA-SVC  : Not stopping services. fetch, network, upload: true, false, false
11-18 15:13:08.879  2757 25855 V FA-SVC  : onConfigFetched. Response size: 501
11-18 15:13:08.894  2757 25855 V FA-SVC  : Parsed config. version, gmp_app_id: 1656011037651724, 1:729587742060:android:e7d6f87c783f52b9a42f49
11-18 15:13:08.914  2757 25855 V FA-SVC  : Successfully fetched config. Got network response. code, size: 200, 501
11-18 15:13:08.935  2757 25855 V FA-SVC  : Updated engagement user property. scope, value: lifetime, 2570837
11-18 15:13:08.939  2757 25855 V FA-SVC  : Updated engagement user property. scope, value: session-scoped, 636302
11-18 15:13:08.939  2757 25855 V FA-SVC  : Checking account type status for ad personalization signals
11-18 15:13:08.986  2757 25855 V FA-SVC  : Saving bundle, size: 770
11-18 15:13:08.994  2757 25855 V FA-SVC  : Updated engagement user property. scope, value: lifetime, 3812527
11-18 15:13:08.998  2757 25855 V FA-SVC  : Updated engagement user property. scope, value: session-scoped, 1877992
11-18 15:13:08.998  2757 25855 V FA-SVC  : Checking account type status for ad personalization signals
11-18 15:13:09.291  2757 25855 V FA-SVC  : Saving bundle, size: 982
11-18 15:13:09.296  2757 25855 V FA-SVC  : Checking account type status for ad personalization signals
11-18 15:13:09.307  2757 25855 V FA-SVC  : Saving bundle, size: 505
11-18 15:13:09.309  2757 25855 D FA-SVC  : Uploading events. Elapsed time since last upload attempt (ms): 12418929
11-18 15:13:09.324  2757 25855 V FA-SVC  : Uploading data. app, uncompressed size, data: ru.iteco.fmhandroid, 5644, 
11-18 15:13:09.324  2757 25855 V FA-SVC  : batch {
11-18 15:13:09.324  2757 25855 V FA-SVC  :   bundle {
11-18 15:13:09.324  2757 25855 V FA-SVC  :     protocol_version: 1
11-18 15:13:09.324  2757 25855 V FA-SVC  :     platform: android
11-18 15:13:09.324  2757 25855 V FA-SVC  :     gmp_version: 46000
11-18 15:13:09.324  2757 25855 V FA-SVC  :     uploading_gmp_version: 202414
11-18 15:13:09.324  2757 25855 V FA-SVC  :     dynamite_version: 55
11-18 15:13:09.324  2757 25855 V FA-SVC  :     config_version: 1656011037651724
11-18 15:13:09.324  2757 25855 V FA-SVC  :     gmp_app_id: 1:729587742060:android:e7d6f87c783f52b9a42f49
11-18 15:13:09.324  2757 25855 V FA-SVC  :     admob_app_id: 
11-18 15:13:09.324  2757 25855 V FA-SVC  :     app_id: ru.iteco.fmhandroid
11-18 15:13:09.324  2757 25855 V FA-SVC  :     app_version: 1.0.0
11-18 15:13:09.324  2757 25855 V FA-SVC  :     app_version_major: 14
11-18 15:13:09.324  2757 25855 V FA-SVC  :     firebase_instance_id: cVKLlaSDQXGeGtrmqI2RE4
11-18 15:13:09.324  2757 25855 V FA-SVC  :     dev_cert_hash: 3813092228651948080
11-18 15:13:09.324  2757 25855 V FA-SVC  :     app_store: manual_install
11-18 15:13:09.324  2757 25855 V FA-SVC  :     upload_timestamp_millis: 1668773588918
11-18 15:13:09.324  2757 25855 V FA-SVC  :     start_timestamp_millis: 1668761173187
11-18 15:13:09.324  2757 25855 V FA-SVC  :     end_timestamp_millis: 1668761922818
11-18 15:13:09.324  2757 25855 V FA-SVC  :     previous_bundle_start_timestamp_millis: 1668760625712
11-18 15:13:09.324  2757 25855 V FA-SVC  :     previous_bundle_end_timestamp_millis: 1668761127789
11-18 15:13:09.324  2757 25855 V FA-SVC  :     app_instance_id: ca0a224983fe49d53bcc3c33d5992689
11-18 15:13:09.324  2757 25855 V FA-SVC  :     resettable_device_id: 08e69d1a-05cd-4a4c-bc38-d71e33719f88
11-18 15:13:09.324  2757 25855 V FA-SVC  :     device_id: 
11-18 15:13:09.324  2757 25855 V FA-SVC  :     ds_id: 
11-18 15:13:09.324  2757 25855 V FA-SVC  :     limited_ad_tracking: false
11-18 15:13:09.324  2757 25855 V FA-SVC  :     os_version: 10
11-18 15:13:09.324  2757 25855 V FA-SVC  :     device_model: Android SDK built for x86
11-18 15:13:09.324  2757 25855 V FA-SVC  :     user_default_language: en-us
11-18 15:13:09.324  2757 25855 V FA-SVC  :     time_zone_offset_minutes: -240
11-18 15:13:09.324  2757 25855 V FA-SVC  :     bundle_sequential_index: 10
11-18 15:13:09.324  2757 25855 V FA-SVC  :     service_upload: true
11-18 15:13:09.324  2757 25855 V FA-SVC  :     health_monitor: 
11-18 15:13:09.324  2757 25855 V FA-SVC  :     user_property {
11-18 15:13:09.324  2757 25855 V FA-SVC  :       set_timestamp_millis: 1668701594277
11-18 15:13:09.324  2757 25855 V FA-SVC  :       name: first_open_time(_fot)
11-18 15:13:09.324  2757 25855 V FA-SVC  :       string_value: 
11-18 15:13:09.324  2757 25855 V FA-SVC  :       int_value: 1668704400000
11-18 15:13:09.324  2757 25855 V FA-SVC  :     }
11-18 15:13:09.324  2757 25855 V FA-SVC  :     user_property {
11-18 15:13:09.324  2757 25855 V FA-SVC  :       set_timestamp_millis: 1668701594277
11-18 15:13:09.324  2757 25855 V FA-SVC  :       name: first_open_after_install(_fi)
11-18 15:13:09.324  2757 25855 V FA-SVC  :       string_value: 
11-18 15:13:09.324  2757 25855 V FA-SVC  :       int_value: 1
11-18 15:13:09.324  2757 25855 V FA-SVC  :     }
11-18 15:13:09.324  2757 25855 V FA-SVC  :     user_property {
11-18 15:13:09.324  2757 25855 V FA-SVC  :       set_timestamp_millis: 1668760625712
11-18 15:13:09.324  2757 25855 V FA-SVC  :       name: ga_session_number(_sno)
11-18 15:13:09.324  2757 25855 V FA-SVC  :       string_value: 
11-18 15:13:09.324  2757 25855 V FA-SVC  :       int_value: 4
11-18 15:13:09.324  2757 25855 V FA-SVC  :     }
11-18 15:13:09.324  2757 25855 V FA-SVC  :     user_property {
11-18 15:13:09.324  2757 25855 V FA-SVC  :       set_timestamp_millis: 1668760625712
11-18 15:13:09.324  2757 25855 V FA-SVC  :       name: ga_session_id(_sid)
11-18 15:13:09.324  2757 25855 V FA-SVC  :       string_value: 
11-18 15:13:09.324  2757 25855 V FA-SVC  :       int_value: 1668760625
11-18 15:13:09.324  2757 25855 V FA-SVC  :     }
11-18 15:13:09.324  2757 25855 V FA-SVC  :     user_property {
11-18 15:13:09.324  2757 25855 V FA-SVC  :       set_timestamp_millis: 1668773588934
11-18 15:13:09.324  2757 25855 V FA-SVC  :       name: lifetime_user_engagement(_lte)
11-18 15:13:09.324  2757 25855 V FA-SVC  :       string_value: 
11-18 15:13:09.324  2757 25855 V FA-SVC  :       int_value: 2570837
11-18 15:13:09.324  2757 25855 V FA-SVC  :     }
11-18 15:13:09.324  2757 25855 V FA-SVC  :     user_property {
11-18 15:13:09.324  2757 25855 V FA-SVC  :       set_timestamp_millis: 1668773588936
11-18 15:13:09.324  2757 25855 V FA-SVC  :       name: session_user_engagement(_se)
11-18 15:13:09.324  2757 25855 V FA-SVC  :       string_value: 
11-18 15:13:09.324  2757 25855 V FA-SVC  :       int_value: 636302
11-18 15:13:09.324  2757 25855 V FA-SVC  :     }
11-18 15:13:09.324  2757 25855 V FA-SVC  :     event {
11-18 15:13:09.324  2757 25855 V FA-SVC  :       name: user_engagement(_e)
11-18 15:13:09.324  2757 25855 V FA-SVC  :       timestamp_millis: 1668761173187
11-18 15:13:09.324  2757 25855 V FA-SVC  :       previous_timestamp_millis: 1668761126187
11-18 15:13:09.324  2757 25855 V FA-SVC  :       param {
11-18 15:13:09.324  2757 25855 V FA-SVC  :         name: ga_event_origin(_o)
11-18 15:13:09.324  2757 25855 V FA-SVC  :         string_value: auto
11-18 15:13:09.324  2757 25855 V FA-SVC  :       }
11-18 15:13:09.324  2757 25855 V FA-SVC  :       param {
11-18 15:13:09.324  2757 25855 V FA-SVC  :         name: engagement_time_msec(_et)
11-18 15:13:09.324  2757 25855 V FA-SVC  :         int_value: 45381
11-18 15:13:09.324  2757 25855 V FA-SVC  :       }
11-18 15:13:09.324  2757 25855 V FA-SVC  :       param {
11-18 15:13:09.324  2757 25855 V FA-SVC  :         name: ga_screen_class(_sc)
11-18 15:13:09.324  2757 25855 V FA-SVC  :         string_value: AppActivity
11-18 15:13:09.324  2757 25855 V FA-SVC  :       }
11-18 15:13:09.324  2757 25855 V FA-SVC  :       param {
11-18 15:13:09.324  2757 25855 V FA-SVC  :         name: ga_screen_id(_si)
11-18 15:13:09.324  2757 25855 V FA-SVC  :         int_value: 4622161606729967435
11-18 15:13:09.324  2757 25855 V FA-SVC  :       }
11-18 15:13:09.324  2757 25855 V FA-SVC  :     }
11-18 15:13:09.324  2757 25855 V FA-SVC  :     event {
11-18 15:13:09.324  2757 25855 V FA-SVC  :       name: screen_view(_vs)
11-18 15:13:09.324  2757 25855 V FA-SVC  :       timestamp_millis: 1668761175317
11-18 15:13:09.324  2757 25855 V FA-SVC  :       previous_timestamp_millis: 1668761127789
11-18 15:13:09.324  2757 25855 V FA-SVC  :       param {
11-18 15:13:09.324  2757 25855 V FA-SVC  :         name: ga_event_origin(_o)
11-18 15:13:09.324  2757 25855 V FA-SVC  :         string_value: auto
11-18 15:13:09.324  2757 25855 V FA-SVC  :       }
11-18 15:13:09.324  2757 25855 V FA-SVC  :       param {
11-18 15:13:09.324  2757 25855 V FA-SVC  :         name: ga_previous_class(_pc)
11-18 15:13:09.324  2757 25855 V FA-SVC  :         string_value: AppActivity
11-18 15:13:09.324  2757 25855 V FA-SVC  :       }
11-18 15:13:09.324  2757 25855 V FA-SVC  :       param {
11-18 15:13:09.324  2757 25855 V FA-SVC  :         name: ga_previous_id(_pi)
11-18 15:13:09.324  2757 25855 V FA-SVC  :         int_value: 4622161606729967435
11-18 15:13:09.324  2757 25855 V FA-SVC  :       }
11-18 15:13:09.324  2757 25855 V FA-SVC  :       param {
11-18 15:13:09.324  2757 25855 V FA-SVC  :         name: ga_screen_class(_sc)
11-18 15:13:09.324  2757 25855 V FA-SVC  :         string_value: AppActivity
11-18 15:13:09.324  2757 25855 V FA-SVC  :       }
11-18 15:13:09.324  2757 25855 V FA-SVC  :       param {
11-18 15:13:09.324  2757 25855 V FA-SVC  :         name: ga_screen_id(_si)
11-18 15:13:09.324  2757 25855 V FA-SVC  :         int_value: 4622161606729967436
11-18 15:13:09.324  2757 25855 V FA-SVC  :       }
11-18 15:13:09.324  2757 25855 V FA-SVC  :     }
11-18 15:13:09.324  2757 25855 V FA-SVC  :     event {
11-18 15:13:09.324  2757 25855 V FA-SVC  :       name: user_engagement(_e)
11-18 15:13:09.324  2757 25855 V FA-SVC  :       timestamp_millis: 1668761220596
11-18 15:13:09.324  2757 25855 V FA-SVC  :       previous_timestamp_millis: 1668761173187
11-18 15:13:09.324  2757 25855 V FA-SVC  :       param {
11-18 15:13:09.324  2757 25855 V FA-SVC  :         name: ga_event_origin(_o)
11-18 15:13:09.324  2757 25855 V FA-SVC  :         string_value: auto
11-18 15:13:09.324  2757 25855 V FA-SVC  :       }
11-18 15:13:09.324  2757 25855 V FA-SVC  :       param {
11-18 15:13:09.324  2757 25855 V FA-SVC  :         name: engagement_time_msec(_et)
11-18 15:13:09.324  2757 25855 V FA-SVC  :         int_value: 45269
11-18 15:13:09.324  2757 25855 V FA-SVC  :       }
11-18 15:13:09.324  2757 25855 V FA-SVC  :       param {
11-18 15:13:09.324  2757 25855 V FA-SVC  :         name: ga_screen_class(_sc)
11-18 15:13:09.324  2757 25855 V FA-SVC  :         string_value: AppActivity
11-18 15:13:09.324  2757 25855 V FA-SVC  :       }
11-18 15:13:09.324  2757 25855 V FA-SVC  :       param {
11-18 15:13:09.324  2757 25855 V FA-SVC  :         name: ga_screen_id(_si)
11-18 15:13:09.324  2757 25855 V FA-SVC  :         int_value: 4622161606729967436
11-18 15:13:09.324  2757 25855 V FA-SVC  :       }
11-18 15:13:09.324  2757 25855 V FA-SVC  :     }
11-18 15:13:09.324  2757 25855 V FA-SVC  :     event {
11-18 15:13:09.324  2757 25855 V FA-SVC  :       name: screen_view(_vs)
11-18 15:13:09.324  2757 25855 V FA-SVC  :       timestamp_millis: 1668761221819
11-18 15:13:09.324  2757 25855 V FA-SVC  :       previous_timestamp_millis: 1668761175317
11-18 15:13:09.324  2757 25855 V FA-SVC  :       param {
11-18 15:13:09.324  2757 25855 V FA-SVC  :         name: ga_event_origin(_o)
11-18 15:13:09.324  2757 25855 V FA-SVC  :         string_value: auto
11-18 15:13:09.324  2757 25855 V FA-SVC  :       }
11-18 15:13:09.324  2757 25855 V FA-SVC  :       param {
11-18 15:13:09.324  2757 25855 V FA-SVC  :         name: ga_previous_class(_pc)
11-18 15:13:09.324  2757 25855 V FA-SVC  :         string_value: AppActivity
11-18 15:13:09.324  2757 25855 V FA-SVC  :       }
11-18 15:13:09.324  2757 25855 V FA-SVC  :       param {
11-18 15:13:09.324  2757 25855 V FA-SVC  :         name: ga_previous_id(_pi)
11-18 15:13:09.324  2757 25855 V FA-SVC  :         int_value: 4622161606729967436
11-18 15:13:09.324  2757 25855 V FA-SVC  :       }
11-18 15:13:09.324  2757 25855 V FA-SVC  :       param {
11-18 15:13:09.324  2757 25855 V FA-SVC  :         name:
11-18 15:13:09.325  2757 25855 V FA-SVC  : Not stopping services. fetch, network, upload: true, true, false
11-18 15:13:09.330  2757 25893 V FA-SVC  : Uploading data. size: 1430
11-18 15:13:09.343  2757 25855 V FA-SVC  : Not stopping services. fetch, network, upload: false, true, false
11-18 15:13:09.600  2757 25855 V FA-SVC  : Upload scheduled in approximately ms: 3599993
11-18 15:13:09.600  2757 25855 V FA-SVC  : Unscheduling upload
11-18 15:13:09.606  2757 25855 V FA-SVC  : Scheduling upload, millis: 3599993
11-18 15:13:09.613  2757 25855 V FA-SVC  : Successful upload. Got network response. code, size: 204, 0
11-18 15:13:09.630  2757 25855 V FA-SVC  : Nothing to upload or uploading impossible
11-18 15:13:09.630  2757 25855 V FA-SVC  : Unscheduling upload
11-18 15:13:09.638  2757 25855 V FA-SVC  : Stopping uploading service(s)
11-18 15:13:09.663  2580 25892 E SQLiteDatabase: Error inserting flex_time=3599000 job_id=-1 period=7200000 source=16 requires_charging=0 preferred_network_type=1 target_class=com.google.android.gms.measurement.PackageMeasurementTaskService user_id=0 target_package=com.google.android.gms tag=Measurement.PackageMeasurementTaskService.UPLOAD_TASK_TAG task_type=0 required_idleness_state=0 service_kind=0 source_version=202414000 persistence_level=1 preferred_charging_state=1 required_network_type=0 runtime=1668773589618 retry_strategy={"maximum_backoff_seconds":{"3600":0},"initial_backoff_seconds":{"30":0},"retry_policy":{"0":0}} last_runtime=0
11-18 15:13:09.663  2580 25892 E SQLiteDatabase: android.database.sqlite.SQLiteConstraintException: UNIQUE constraint failed: pending_ops.tag, pending_ops.target_class, pending_ops.target_package, pending_ops.user_id (code 2067 SQLITE_CONSTRAINT_UNIQUE)
11-18 15:13:09.663  2580 25892 E SQLiteDatabase: 	at android.database.sqlite.SQLiteConnection.nativeExecuteForLastInsertedRowId(Native Method)
11-18 15:13:09.663  2580 25892 E SQLiteDatabase: 	at android.database.sqlite.SQLiteConnection.executeForLastInsertedRowId(SQLiteConnection.java:879)
11-18 15:13:09.663  2580 25892 E SQLiteDatabase: 	at android.database.sqlite.SQLiteSession.executeForLastInsertedRowId(SQLiteSession.java:790)
11-18 15:13:09.663  2580 25892 E SQLiteDatabase: 	at android.database.sqlite.SQLiteStatement.executeInsert(SQLiteStatement.java:88)
11-18 15:13:09.663  2580 25892 E SQLiteDatabase: 	at android.database.sqlite.SQLiteDatabase.insertWithOnConflict(SQLiteDatabase.java:1599)
11-18 15:13:09.663  2580 25892 E SQLiteDatabase: 	at android.database.sqlite.SQLiteDatabase.insert(SQLiteDatabase.java:1468)
11-18 15:13:09.663  2580 25892 E SQLiteDatabase: 	at aqui.a(:com.google.android.gms@202414022@20.24.14 (040700-319035315):175)
11-18 15:13:09.663  2580 25892 E SQLiteDatabase: 	at aqtk.a(:com.google.android.gms@202414022@20.24.14 (040700-319035315):182)
11-18 15:13:09.663  2580 25892 E SQLiteDatabase: 	at aqtk.a(:com.google.android.gms@202414022@20.24.14 (040700-319035315):23)
11-18 15:13:09.663  2580 25892 E SQLiteDatabase: 	at aqtk.a(:com.google.android.gms@202414022@20.24.14 (040700-319035315):177)
11-18 15:13:09.663  2580 25892 E SQLiteDatabase: 	at aqpu.run(:com.google.android.gms@202414022@20.24.14 (040700-319035315):9)
11-18 15:13:09.663  2580 25892 E SQLiteDatabase: 	at soy.b(:com.google.android.gms@202414022@20.24.14 (040700-319035315):12)
11-18 15:13:09.663  2580 25892 E SQLiteDatabase: 	at soy.run(:com.google.android.gms@202414022@20.24.14 (040700-319035315):7)
11-18 15:13:09.663  2580 25892 E SQLiteDatabase: 	at java.util.concurrent.ThreadPoolExecutor.runWorker(ThreadPoolExecutor.java:1167)
11-18 15:13:09.663  2580 25892 E SQLiteDatabase: 	at java.util.concurrent.ThreadPoolExecutor$Worker.run(ThreadPoolExecutor.java:641)
11-18 15:13:09.663  2580 25892 E SQLiteDatabase: 	at sux.run(:com.google.android.gms@202414022@20.24.14 (040700-319035315):0)
11-18 15:13:09.663  2580 25892 E SQLiteDatabase: 	at java.lang.Thread.run(Thread.java:919)
11-18 15:13:13.649 25807 25807 D takeScreenshot: Found 1 global views to redraw
11-18 15:13:13.696  1761  2617 D gralloc_ranchu: gralloc_alloc: Creating ashmem region of size 14749696
11-18 15:13:13.780  1648  1648 I hwservicemanager: getTransport: Cannot find entry android.hardware.graphics.mapper@3.0::IMapper/default in either framework or device manifest.
11-18 15:13:13.780 25780 25859 W Gralloc3: mapper 3.x is not supported
11-18 15:13:13.974 25780 25859 D HostConnection: createUnique: call
11-18 15:13:13.980 25780 25859 D HostConnection: HostConnection::get() New Host Connection established 0xea856620, tid 25859
11-18 15:13:14.098 25780 25859 D HostConnection: HostComposition ext ANDROID_EMU_CHECKSUM_HELPER_v1 ANDROID_EMU_dma_v1 ANDROID_EMU_direct_mem ANDROID_EMU_host_composition_v1 ANDROID_EMU_host_composition_v2 ANDROID_EMU_vulkan ANDROID_EMU_deferred_vulkan_commands ANDROID_EMU_vulkan_null_optional_strings ANDROID_EMU_vulkan_create_resources_with_requirements ANDROID_EMU_YUV_Cache ANDROID_EMU_vulkan_ignored_handles ANDROID_EMU_vulkan_free_memory_sync ANDROID_EMU_vulkan_shader_float16_int8 ANDROID_EMU_vulkan_async_queue_submit ANDROID_EMU_sync_buffer_data GL_OES_vertex_array_object GL_KHR_texture_compression_astc_ldr ANDROID_EMU_host_side_tracing ANDROID_EMU_gles_max_version_2 
11-18 15:13:14.100 25780 25859 D eglCodecCommon: allocate: Ask for block of size 0x1000
11-18 15:13:14.101 25780 25859 D eglCodecCommon: allocate: ioctl allocate returned offset 0x3ff1de000 size 0x2000
11-18 15:13:14.133  1775  1897 E SurfaceFlinger: ro.sf.lcd_density must be defined as a build property
11-18 15:13:14.136  1775  2433 E SurfaceFlinger: ro.sf.lcd_density must be defined as a build property
11-18 15:13:14.148 25780 25896 D libEGL  : Emulator has host GPU support, qemu.gles is set to 1.
11-18 15:13:14.178 25780 25896 W libc    : Unable to set property "qemu.gles" to "1": error code: 0x18
11-18 15:13:14.183 25780 25896 D libEGL  : loaded /vendor/lib/egl/libEGL_emulation.so
11-18 15:13:14.186 25780 25896 D libEGL  : loaded /vendor/lib/egl/libGLESv1_CM_emulation.so
11-18 15:13:14.190 25780 25896 D libEGL  : loaded /vendor/lib/egl/libGLESv2_emulation.so
11-18 15:13:14.207 25780 25896 D HostConnection: HostConnection::get() New Host Connection established 0xea8563f0, tid 25896
11-18 15:13:14.209 25780 25896 D HostConnection: HostComposition ext ANDROID_EMU_CHECKSUM_HELPER_v1 ANDROID_EMU_dma_v1 ANDROID_EMU_direct_mem ANDROID_EMU_host_composition_v1 ANDROID_EMU_host_composition_v2 ANDROID_EMU_vulkan ANDROID_EMU_deferred_vulkan_commands ANDROID_EMU_vulkan_null_optional_strings ANDROID_EMU_vulkan_create_resources_with_requirements ANDROID_EMU_YUV_Cache ANDROID_EMU_vulkan_ignored_handles ANDROID_EMU_vulkan_free_memory_sync ANDROID_EMU_vulkan_shader_float16_int8 ANDROID_EMU_vulkan_async_queue_submit ANDROID_EMU_sync_buffer_data GL_OES_vertex_array_object GL_KHR_texture_compression_astc_ldr ANDROID_EMU_host_side_tracing ANDROID_EMU_gles_max_version_2 
11-18 15:13:14.222 25780 25896 W OpenGLRenderer: Failed to choose config with EGL_SWAP_BEHAVIOR_PRESERVED, retrying without...
11-18 15:13:14.345 25780 25896 D EGL_emulation: eglCreateContext: 0xd5628360: maj 2 min 0 rcv 2
11-18 15:13:14.351 25780 25896 D EGL_emulation: eglMakeCurrent: 0xd5628360: ver 2 0 (tinfo 0xd560f370)
11-18 15:13:14.890 25807 25852 W DefaultFailureHandler: Failed to take screenshot
11-18 15:13:14.890 25807 25852 W DefaultFailureHandler: java.io.FileNotFoundException: view-op-error-1.png: open failed: EROFS (Read-only file system)
11-18 15:13:14.890 25807 25852 W DefaultFailureHandler: 	at libcore.io.IoBridge.open(IoBridge.java:496)
11-18 15:13:14.890 25807 25852 W DefaultFailureHandler: 	at java.io.FileOutputStream.<init>(FileOutputStream.java:235)
11-18 15:13:14.890 25807 25852 W DefaultFailureHandler: 	at java.io.FileOutputStream.<init>(FileOutputStream.java:125)
11-18 15:13:14.890 25807 25852 W DefaultFailureHandler: 	at androidx.test.platform.io.FileTestStorage.openOutputFile(FileTestStorage.java:60)
11-18 15:13:14.890 25807 25852 W DefaultFailureHandler: 	at androidx.test.core.graphics.BitmapStorage.writeToTestStorage(BitmapStorageExt.kt:49)
11-18 15:13:14.890 25807 25852 W DefaultFailureHandler: 	at androidx.test.espresso.base.DefaultFailureHandler.takeScreenshot(DefaultFailureHandler.java:4)
11-18 15:13:14.890 25807 25852 W DefaultFailureHandler: 	at androidx.test.espresso.base.DefaultFailureHandler.handle(DefaultFailureHandler.java:3)
11-18 15:13:14.890 25807 25852 W DefaultFailureHandler: 	at androidx.test.espresso.ViewInteraction.waitForAndHandleInteractionResults(ViewInteraction.java:8)
11-18 15:13:14.890 25807 25852 W DefaultFailureHandler: 	at androidx.test.espresso.ViewInteraction.desugaredPerform(ViewInteraction.java:11)
11-18 15:13:14.890 25807 25852 W DefaultFailureHandler: 	at androidx.test.espresso.ViewInteraction.perform(ViewInteraction.java:8)
11-18 15:13:14.890 25807 25852 W DefaultFailureHandler: 	at ru.iteco.fmhandroid.ui.data.TestUtils.waitView(TestUtils.java:138)
