--------- beginning of main
12-02 22:44:39.646   973   973 I ViewInteraction: Performing 'wait for a specific view with <view.getId() is <2131231218/ru.iteco.fmhandroid:id/news_item_publish_date_end_text_input_edit_text>> during 10000 millis.' action on view view.getRootView() to equal view
12-02 22:44:39.650   973   973 I ViewInteraction: Performing 'single click' action on view view.getId() is <2131231218/ru.iteco.fmhandroid:id/news_item_publish_date_end_text_input_edit_text>
12-02 22:44:39.749  1772  1875 D gralloc_ranchu: gralloc_alloc: Creating ashmem region of size 10964992
12-02 22:44:39.753  1772  1875 I chatty  : uid=1000(system) HwBinder:1772_2 identical 1 line
12-02 22:44:39.753  1772  1875 D gralloc_ranchu: gralloc_alloc: Creating ashmem region of size 10964992
12-02 22:44:39.761   973  1032 D EGL_emulation: eglMakeCurrent: 0xdb91b8c0: ver 2 0 (tinfo 0xc09e63a0)
12-02 22:44:39.852   973  1032 I chatty  : uid=10159(ru.iteco.fmhandroid) RenderThread identical 3 lines
12-02 22:44:39.876   973  1032 D EGL_emulation: eglMakeCurrent: 0xdb91b8c0: ver 2 0 (tinfo 0xc09e63a0)
12-02 22:44:40.258   973   973 I ViewInteraction: Performing 'wait for a specific view with <is assignable from class <class android.widget.DatePicker>> during 10000 millis.' action on view view.getRootView() to equal view
12-02 22:44:40.261   973   973 I ViewInteraction: Checking 'MatchesViewAssertion{viewMatcher=(view has effective visibility <VISIBLE> and view.getGlobalVisibleRect() to return non-empty rectangle)}' assertion on view is assignable from class <class android.widget.DatePicker>
12-02 22:44:40.267   973   973 I ViewInteraction: Performing 'wait for a specific view with <is assignable from class <class android.widget.DatePicker>> during 10000 millis.' action on view view.getRootView() to equal view
12-02 22:44:40.270   973   973 I ViewInteraction: Performing 'set date' action on view is assignable from class <class android.widget.DatePicker>
12-02 22:44:40.285   973   973 I ViewInteraction: Performing 'wait for a specific view with <view.getId() is <16908313/android:id/button1>> during 10000 millis.' action on view view.getRootView() to equal view
12-02 22:44:40.289   973   973 I ViewInteraction: Performing 'single click' action on view view.getId() is <16908313/android:id/button1>
12-02 22:44:40.364   973  1032 D EGL_emulation: eglMakeCurrent: 0xdb91b8c0: ver 2 0 (tinfo 0xc09e63a0)
12-02 22:44:40.375   973  1032 D EGL_emulation: eglMakeCurrent: 0xdb91b8c0: ver 2 0 (tinfo 0xc09e63a0)
12-02 22:44:40.383  2010  2341 E InputDispatcher: Window handle Window{97b18ac u0 ru.iteco.fmhandroid/ru.iteco.fmhandroid.ui.AppActivity} has no registered input channel
12-02 22:44:40.626   973   973 I ViewInteraction: Performing 'wait for a specific view with <view.getId() is <2131231204/ru.iteco.fmhandroid:id/news_item_category_text_auto_complete_text_view>> during 10000 millis.' action on view view.getRootView() to equal view
12-02 22:44:40.628   973   973 I ViewInteraction: Checking 'MatchesViewAssertion{viewMatcher=an instance of android.widget.TextView and view.getText() with or without transformation to match: is "Профсоюз"}' assertion on view view.getId() is <2131231204/ru.iteco.fmhandroid:id/news_item_category_text_auto_complete_text_view>
12-02 22:44:40.631   973   973 I ViewInteraction: Performing 'wait for a specific view with <view.getId() is <2131231220/ru.iteco.fmhandroid:id/news_item_publish_date_start_text_input_edit_text>> during 10000 millis.' action on view view.getRootView() to equal view
12-02 22:44:40.636   973   973 I ViewInteraction: Checking 'MatchesViewAssertion{viewMatcher=an instance of android.widget.TextView and view.getText() with or without transformation to match: is "01.12.2022"}' assertion on view view.getId() is <2131231220/ru.iteco.fmhandroid:id/news_item_publish_date_start_text_input_edit_text>
12-02 22:44:40.639   973   973 D takeScreenshot: Found 1 global views to redraw
12-02 22:44:40.670  1772  1875 D gralloc_ranchu: gralloc_alloc: Creating ashmem region of size 14749696
12-02 22:44:40.715   973  1019 W DefaultFailureHandler: Failed to take screenshot
12-02 22:44:40.715   973  1019 W DefaultFailureHandler: java.io.FileNotFoundException: view-op-error-4.png: open failed: EROFS (Read-only file system)
12-02 22:44:40.715   973  1019 W DefaultFailureHandler: 	at libcore.io.IoBridge.open(IoBridge.java:496)
12-02 22:44:40.715   973  1019 W DefaultFailureHandler: 	at java.io.FileOutputStream.<init>(FileOutputStream.java:235)
12-02 22:44:40.715   973  1019 W DefaultFailureHandler: 	at java.io.FileOutputStream.<init>(FileOutputStream.java:125)
12-02 22:44:40.715   973  1019 W DefaultFailureHandler: 	at androidx.test.platform.io.FileTestStorage.openOutputFile(FileTestStorage.java:60)
12-02 22:44:40.715   973  1019 W DefaultFailureHandler: 	at androidx.test.core.graphics.BitmapStorage.writeToTestStorage(BitmapStorageExt.kt:49)
12-02 22:44:40.715   973  1019 W DefaultFailureHandler: 	at androidx.test.espresso.base.DefaultFailureHandler.takeScreenshot(DefaultFailureHandler.java:4)
12-02 22:44:40.715   973  1019 W DefaultFailureHandler: 	at androidx.test.espresso.base.DefaultFailureHandler.handle(DefaultFailureHandler.java:3)
12-02 22:44:40.715   973  1019 W DefaultFailureHandler: 	at androidx.test.espresso.ViewInteraction.waitForAndHandleInteractionResults(ViewInteraction.java:5)
12-02 22:44:40.715   973  1019 W DefaultFailureHandler: 	at androidx.test.espresso.ViewInteraction.check(ViewInteraction.java:12)
12-02 22:44:40.715   973  1019 W DefaultFailureHandler: 	at ru.iteco.fmhandroid.ui.FilterNewsPageTest.shouldFilterTheNewsWithCategoryTradeUnion(FilterNewsPageTest.java:276)
12-02 22:44:40.715   973  1019 W DefaultFailureHandler: 	at java.lang.reflect.Method.invoke(Native Method)
12-02 22:44:40.715   973  1019 W DefaultFailureHandler: 	at org.junit.runners.model.FrameworkMethod$1.runReflectiveCall(FrameworkMethod.java:59)
12-02 22:44:40.715   973  1019 W DefaultFailureHandler: 	at org.junit.internal.runners.model.ReflectiveCallable.run(ReflectiveCallable.java:12)
12-02 22:44:40.715   973  1019 W DefaultFailureHandler: 	at org.junit.runners.model.FrameworkMethod.invokeExplosively(FrameworkMethod.java:56)
12-02 22:44:40.715   973  1019 W DefaultFailureHandler: 	at org.junit.internal.runners.statements.InvokeMethod.evaluate(InvokeMethod.java:17)
12-02 22:44:40.715   973  1019 W DefaultFailureHandler: 	at androidx.test.internal.runner.junit4.statement.RunBefores.evaluate(RunBefores.java:80)
12-02 22:44:40.715   973  1019 W DefaultFailureHandler: 	at androidx.test.rule.ActivityTestRule$ActivityStatement.evaluate(ActivityTestRule.java:543)
12-02 22:44:40.715   973  1019 W DefaultFailureHandler: 	at io.qameta.allure.android.rules.LogcatRule$apply$1.evaluate(LogcatRule.kt:23)
12-02 22:44:40.715   973  1019 W DefaultFailureHandler: 	at io.qameta.allure.android.rules.ScreenshotRule$apply$1.evaluate(ScreenshotRule.kt:22)
12-02 22:44:40.715   973  1019 W DefaultFailureHandler: 	at io.qameta.allure.android.rules.ScreenshotRule$apply$1.evaluate(ScreenshotRule.kt:22)
12-02 22:44:40.715   973  1019 W DefaultFailureHandler: 	at org.junit.rules.RunRules.evaluate(RunRules.java:20)
12-02 22:44:40.715   973  1019 W DefaultFailureHandler: 	at org.junit.runners.ParentRunner$3.evaluate(ParentRunner.java:306)
12-02 22:44:40.715   973  1019 W DefaultFailureHandler: 	at org.junit.runners.BlockJUnit4ClassRunner$1.evaluate(BlockJUnit4ClassRunner.java:100)
12-02 22:44:40.715   973  1019 W DefaultFailureHandler: 	at org.junit.runners.ParentRunner.runLeaf(ParentRunner.java:366)
12-02 22:44:40.715   973  1019 W DefaultFailureHandler: 	at org.junit.runners.BlockJUnit4ClassRunner.runChild(BlockJUnit4ClassRunner.java:103)
12-02 22:44:40.715   973  1019 W DefaultFailureHandler: 	at org.junit.runners.BlockJUnit4ClassRunner.runChild(BlockJUnit4ClassRunner.java:63)
12-02 22:44:40.715   973  1019 W DefaultFailureHandler: 	at org.junit.runners.ParentRunner$4.run(ParentRunner.java:331)
12-02 22:44:40.715   973  1019 W DefaultFailureHandler: 	at org.junit.runners.ParentRunner$1.schedule(ParentRunner.java:79)
12-02 22:44:40.715   973  1019 W DefaultFailureHandler: 	at org.junit.runners.ParentRunner.runChildren(ParentRunner.java:329)
12-02 22:44:40.715   973  1019 W DefaultFailureHandler: 	at org.junit.runners.ParentRunner.access$100(ParentRunner.java:66)
12-02 22:44:40.715   973  1019 W DefaultFailureHandler: 	at org.junit.runners.ParentRunner$2.evaluate(ParentRunner.java:293)
12-02 22:44:40.715   973  1019 W DefaultFailureHandler: 	at org.junit.runners.ParentRunner$3.evaluate(ParentRunner.java:306)
12-02 22:44:40.715   973  1019 W DefaultFailureHandler: 	at org.junit.runners.ParentRunner.run(ParentRunner.java:413)
12-02 22:44:40.715   973  1019 W DefaultFailureHandler: 	at androidx.test.ext.junit.runners.AndroidJUnit4.run(AndroidJUnit4.java:162)
12-02 22:44:40.715   973  1019 W DefaultFailureHandler: 	at io.qameta.allure.android.runners.AllureAndroidJUnit4.run(AllureAndroidJUnitRunners.kt:29)
12-02 22:44:40.715   973  1019 W DefaultFailureHandler: 	at org.junit.runners.Suite.runChild(Suite.java:128)
12-02 22:44:40.715   973  1019 W DefaultFailureHandler: 	at org.junit.runners.Suite.runChild(Suite.java:27)
12-02 22:44:40.715   973  1019 W DefaultFailureHandler: 	at org.junit.runners.ParentRunner$4.run(ParentRunner.java:331)
12-02 22:44:40.715   973  1019 W DefaultFailureHandler: 	at org.junit.runners.ParentRunner$1.schedule(ParentRunner.java:79)
12-02 22:44:40.715   973  1019 W DefaultFailureHandler: 	at org.junit.runners.ParentRunner.runChildren(ParentRunner.java:329)
12-02 22:44:40.715   973  1019 W DefaultFailureHandler: 	at org.junit.runners.ParentRunner.access$100(ParentRunner.java:66)
12-02 22:44:40.715   973  1019 W DefaultFailureHandler: 	at org.junit.runners.ParentRunner$2.evaluate(ParentRunner.java:293)
12-02 22:44:40.715   973  1019 W DefaultFailureHandler: 	at org.junit.runners.ParentRunner$3.evaluate(ParentRunner.java:306)
12-02 22:44:40.715   973  1019 W DefaultFailureHandler: 	at org.junit.runners.ParentRunner.run(ParentRunner.java:413)
12-02 22:44:40.715   973  1019 W DefaultFailureHandler: 	at org.junit.runner.JUnitCore.run(JUnitCore.java:137)
12-02 22:44:40.715   973  1019 W DefaultFailureHandler: 	at org.junit.runner.JUnitCore.run(JUnitCore.java:115)
12-02 22:44:40.715   973  1019 W DefaultFailureHandler: 	at androidx.test.internal.runner.TestExecutor.execute(TestExecutor.java:67)
12-02 22:44:40.715   973  1019 W DefaultFailureHandler: 	at androidx.test.internal.runner.TestExecutor.execute(TestExecutor.java:58)
12-02 22:44:40.715   973  1019 W DefaultFailureHandler: 	at androidx.test.runner.AndroidJUnitRunner.onStart(AndroidJUnitRunner.java:438)
12-02 22:44:40.715   973  1019 W DefaultFailureHandler: 	at android.app.Instrumentation$InstrumentationThread.run(Instrumentation.java:2189)
12-02 22:44:40.715   973  1019 W DefaultFailureHandler: Caused by: android.system.ErrnoException: open failed: EROFS (Read-only file system)
12-02 22:44:40.715   973  1019 W DefaultFailureHandler: 	at libcore.io.Linux.open(Native Method)
12-02 22:44:40.715   973  1019 W DefaultFailureHandler: 	at libcore.io.ForwardingOs.open(ForwardingOs.java:167)
12-02 22:44:40.715   973  1019 W DefaultFailureHandler: 	at libcore.io.BlockGuardOs.open(BlockGuardOs.java:252)
12-02 22:44:40.715   973  1019 W DefaultFailureHandler: 	at libcore.io.ForwardingOs.open(ForwardingOs.java:167)
12-02 22:44:40.715   973  1019 W DefaultFailureHandler: 	at android.app.ActivityThread$AndroidOs.open(ActivityThread.java:7255)
12-02 22:44:40.715   973  1019 W DefaultFailureHandler: 	at libcore.io.IoBridge.open(IoBridge.java:482)
12-02 22:44:40.715   973  1019 W DefaultFailureHandler: 	... 49 more
12-02 22:44:40.718  2010  2341 W InputReader: Device has associated, but no associated display id.
12-02 22:44:40.718  2010  2341 I chatty  : uid=1000(system) Binder:2010_5 identical 8 lines
12-02 22:44:40.718  2010  2341 W InputReader: Device has associated, but no associated display id.
12-02 22:44:40.722   973   973 D LifecycleMonitor: Lifecycle status change: ru.iteco.fmhandroid.ui.AppActivity@d900e56 in: PAUSED
12-02 22:44:40.724  2010  3244 W InputReader: Device has associated, but no associated display id.
12-02 22:44:40.724  2010  3244 I chatty  : uid=1000(system) Binder:2010_A identical 8 lines
12-02 22:44:40.724  2010  3244 W InputReader: Device has associated, but no associated display id.
12-02 22:44:40.747  1772  1875 D gralloc_ranchu: gralloc_alloc: Creating ashmem region of size 14749696
12-02 22:44:40.757   973  1149 V FA      : Recording user engagement, ms: 84587
12-02 22:44:40.759  1772  1875 D gralloc_ranchu: gralloc_alloc: Creating ashmem region of size 14749696
12-02 22:44:40.759  1772  1875 I chatty  : uid=1000(system) HwBinder:1772_2 identical 1 line
12-02 22:44:40.774  1772  1875 D gralloc_ranchu: gralloc_alloc: Creating ashmem region of size 14749696
12-02 22:44:40.776  3139  3664 D EGL_emulation: eglMakeCurrent: 0xdb91c460: ver 2 0 (tinfo 0xbe64a3f0)
12-02 22:44:40.778  1772  1875 D gralloc_ranchu: gralloc_alloc: Creating ashmem region of size 14749696
12-02 22:44:40.794  1772  1875 D gralloc_ranchu: gralloc_alloc: Creating ashmem region of size 14749696
12-02 22:44:40.802  2448  3326 D EGL_emulation: eglMakeCurrent: 0xe3a07ba0: ver 2 0 (tinfo 0xe3a93b30)
12-02 22:44:40.826   973  1149 V FA      : Connecting to remote service
12-02 22:44:40.846  2010  2037 W InputReader: Device has associated, but no associated display id.
12-02 22:44:40.846  2010  2037 I chatty  : uid=1000(system) android.anim identical 8 lines
12-02 22:44:40.846  2010  2037 W InputReader: Device has associated, but no associated display id.
12-02 22:44:40.851  1772  1875 D gralloc_ranchu: gralloc_alloc: Creating ashmem region of size 9441280
12-02 22:44:40.857   973   987 I teco.fmhandroi: NativeAlloc concurrent copying GC freed 65514(2700KB) AllocSpace objects, 2(36KB) LOS objects, 30% free, 13MB/19MB, paused 448us total 143.801ms
12-02 22:44:40.866  3139  3139 W ThreadPoolDumper: Queue length for executor EventBus is now 11. Perhaps some tasks are too long, or the pool is too small.
--------- beginning of system
12-02 22:44:40.874  2010  2010 W ActivityManager: Unable to start service Intent { act=android.service.appprediction.AppPredictionService cmp=com.google.android.as/com.google.android.apps.miphone.aiai.app.AiAiPredictionService } U=0: not found
12-02 22:44:40.874  2010  2010 W RemoteAppPredictionService: could not bind to Intent { act=android.service.appprediction.AppPredictionService cmp=com.google.android.as/com.google.android.apps.miphone.aiai.app.AiAiPredictionService } using flags 67108865
12-02 22:44:40.879   973  1149 V FA      : Connection attempt already in progress
12-02 22:44:40.879   973  1149 V FA      : Activity paused, time: 93911733
12-02 22:44:40.897  1788  1788 E Layer   : [Surface(name=AppWindowToken{60cc28d token=Token{3fcd724 ActivityRecord{9ba93b7 u0 ru.iteco.fmhandroid/.ui.AppActivity t3237}}})/@0x1a76ec - animation-leash#0] No local sync point found
12-02 22:44:40.897  1788  1788 E Layer   : [Surface(name=AppWindowToken{e44e437 token=Token{8e32d36 ActivityRecord{89f0ed1 u0 com.google.android.apps.nexuslauncher/.NexusLauncherActivity t2562}}})/@0xb44cf46 - animation-leash#0] No local sync point found
12-02 22:44:40.905   973  1149 D FA      : Connected to remote service
12-02 22:44:40.910  3139  3568 W SessionLifecycleManager: Handover failed. Creating new session controller.
12-02 22:44:40.914   973  1149 V FA      : Processing queued up service tasks: 2
12-02 22:44:40.921  2010  6726 D HostConnection: HostConnection::get() New Host Connection established 0xb4601c80, tid 6726
12-02 22:44:40.923   973  1032 D EGL_emulation: eglMakeCurrent: 0xdb91b8c0: ver 2 0 (tinfo 0xc09e63a0)
12-02 22:44:40.927  2010  6726 D HostConnection: HostComposition ext ANDROID_EMU_CHECKSUM_HELPER_v1 ANDROID_EMU_dma_v1 ANDROID_EMU_direct_mem ANDROID_EMU_host_composition_v1 ANDROID_EMU_host_composition_v2 ANDROID_EMU_vulkan ANDROID_EMU_deferred_vulkan_commands ANDROID_EMU_vulkan_null_optional_strings ANDROID_EMU_vulkan_create_resources_with_requirements ANDROID_EMU_YUV_Cache ANDROID_EMU_vulkan_ignored_handles ANDROID_EMU_vulkan_free_memory_sync ANDROID_EMU_vulkan_shader_float16_int8 ANDROID_EMU_vulkan_async_queue_submit ANDROID_EMU_sync_buffer_data GL_OES_vertex_array_object GL_KHR_texture_compression_astc_ldr ANDROID_EMU_host_side_tracing ANDROID_EMU_gles_max_version_2 
12-02 22:44:40.928  2010  6726 W OpenGLRenderer: Failed to choose config with EGL_SWAP_BEHAVIOR_PRESERVED, retrying without...
12-02 22:44:40.933   973   973 D AutofillManager: onActivityFinishing(): calling cancelLocked()
12-02 22:44:40.934   973   973 D LifecycleMonitor: Lifecycle status change: ru.iteco.fmhandroid.ui.AppActivity@d900e56 in: STOPPED
12-02 22:44:40.945   973   973 W System.err: kotlinx.coroutines.JobCancellationException: Job was cancelled; job=SupervisorJobImpl{Cancelling}@3018d45
12-02 22:44:40.982  2010  6726 D EGL_emulation: eglCreateContext: 0xd856c380: maj 2 min 0 rcv 2
12-02 22:44:40.987  2010  6726 D EGL_emulation: eglMakeCurrent: 0xd856c380: ver 2 0 (tinfo 0xbf01f330)
12-02 22:44:40.996   973   973 W System.err: kotlinx.coroutines.JobCancellationException: Job was cancelled; job=SupervisorJobImpl{Cancelling}@58cb5a8
12-02 22:44:41.050   973   973 W System.err: ru.iteco.fmhandroid.exceptions.UnknownException
12-02 22:44:41.053   973   973 W System.err: 	at ru.iteco.fmhandroid.utils.Utils.makeRequest(Utils.kt:123)
12-02 22:44:41.053   973   973 W System.err: 	at ru.iteco.fmhandroid.utils.Utils$makeRequest$1.invokeSuspend(Unknown Source:15)
12-02 22:44:41.053   973   973 W System.err: 	at kotlin.coroutines.jvm.internal.BaseContinuationImpl.resumeWith(ContinuationImpl.kt:33)
12-02 22:44:41.053   973   973 W System.err: 	at kotlinx.coroutines.DispatchedTaskKt.resume(DispatchedTask.kt:234)
12-02 22:44:41.053   973   973 W System.err: 	at kotlinx.coroutines.DispatchedTaskKt.resumeUnconfined(DispatchedTask.kt:190)
12-02 22:44:41.053   973   973 W System.err: 	at kotlinx.coroutines.DispatchedTaskKt.dispatch(DispatchedTask.kt:161)
12-02 22:44:41.053   973   973 W System.err: 	at kotlinx.coroutines.CancellableContinuationImpl.dispatchResume(CancellableContinuationImpl.kt:397)
12-02 22:44:41.053   973   973 W System.err: 	at kotlinx.coroutines.CancellableContinuationImpl.cancel(CancellableContinuationImpl.kt:183)
12-02 22:44:41.053   973   973 W System.err: 	at kotlinx.coroutines.CancellableContinuationImpl.parentCancelled$kotlinx_coroutines_core(CancellableContinuationImpl.kt:190)
12-02 22:44:41.053   973   973 W System.err: 	at kotlinx.coroutines.ChildContinuation.invoke(JobSupport.kt:1474)
12-02 22:44:41.054   973   973 W System.err: 	at kotlinx.coroutines.JobSupport.notifyCancelling(JobSupport.kt:1499)
12-02 22:44:41.054   973   973 W System.err: 	at kotlinx.coroutines.JobSupport.tryMakeCancelling(JobSupport.kt:795)
12-02 22:44:41.054   973   973 W System.err: 	at kotlinx.coroutines.JobSupport.makeCancelling(JobSupport.kt:755)
12-02 22:44:41.054   973   973 W System.err: 	at kotlinx.coroutines.JobSupport.cancelImpl$kotlinx_coroutines_core(JobSupport.kt:671)
12-02 22:44:41.054   973   973 W System.err: 	at kotlinx.coroutines.JobSupport.parentCancelled(JobSupport.kt:637)
12-02 22:44:41.054   973   973 W System.err: 	at kotlinx.coroutines.ChildHandleNode.invoke(JobSupport.kt:1465)
12-02 22:44:41.056   973   973 W System.err: 	at kotlinx.coroutines.JobSupport.notifyCancelling(JobSupport.kt:1499)
12-02 22:44:41.056   973   973 W System.err: 	at kotlinx.coroutines.JobSupport.tryMakeCompletingSlowPath(JobSupport.kt:900)
12-02 22:44:41.056   973   973 W System.err: 	at kotlinx.coroutines.JobSupport.tryMakeCompleting(JobSupport.kt:863)
12-02 22:44:41.056   973   973 W System.err: 	at kotlinx.coroutines.JobSupport.cancelMakeCompleting(JobSupport.kt:696)
12-02 22:44:41.056   973   973 W System.err: 	at kotlinx.coroutines.JobSupport.cancelImpl$kotlinx_coroutines_core(JobSupport.kt:667)
12-02 22:44:41.056   973   973 W System.err: 	at kotlinx.coroutines.JobSupport.cancelInternal(JobSupport.kt:632)
12-02 22:44:41.056   973   973 W System.err: 	at kotlinx.coroutines.JobSupport.cancel(JobSupport.kt:617)
12-02 22:44:41.056   973   973 W System.err: 	at kotlinx.coroutines.JobKt__JobKt.cancel(Job.kt:561)
12-02 22:44:41.056   973   973 W System.err: 	at kotlinx.coroutines.JobKt.cancel(Unknown Source:1)
12-02 22:44:41.056   973   973 W System.err: 	at kotlinx.coroutines.JobKt__JobKt.cancel$default(Job.kt:560)
12-02 22:44:41.056   973   973 W System.err: 	at kotlinx.coroutines.JobKt.cancel$default(Unknown Source:1)
12-02 22:44:41.056   973   973 W System.err: 	at androidx.lifecycle.CloseableCoroutineScope.close(ViewModel.kt:51)
12-02 22:44:41.056   973   973 W System.err: 	at androidx.lifecycle.ViewModel.closeWithRuntimeException(ViewModel.java:188)
12-02 22:44:41.056   973   973 W System.err: 	at androidx.lifecycle.ViewModel.clear(ViewModel.java:134)
12-02 22:44:41.056   973   973 W System.err: 	at androidx.lifecycle.ViewModelStore.clear(ViewModelStore.java:62)
12-02 22:44:41.056   973   973 W System.err: 	at androidx.fragment.app.FragmentManagerViewModel.clearNonConfigStateInternal(FragmentManagerViewModel.java:210)
12-02 22:44:41.056   973   973 W System.err: 	at androidx.fragment.app.FragmentManagerViewModel.clearNonConfigState(FragmentManagerViewModel.java:190)
12-02 22:44:41.056   973   973 W System.err: 	at androidx.fragment.app.FragmentStateManager.destroy(FragmentStateManager.java:778)
12-02 22:44:41.056   973   973 W System.err: 	at androidx.fragment.app.FragmentStateManager.moveToExpectedState(FragmentStateManager.java:335)
12-02 22:44:41.056   973   973 W System.err: 	at androidx.fragment.app.FragmentStore.moveToExpectedState(FragmentStore.java:121)
12-02 22:44:41.057   973   973 W System.err: 	at androidx.fragment.app.FragmentManager.moveToState(FragmentManager.java:1374)
12-02 22:44:41.057   973   973 W System.err: 	at androidx.fragment.app.FragmentManager.dispatchStateChange(FragmentManager.java:2841)
12-02 22:44:41.057   973   973 W System.err: 	at androidx.fragment.app.FragmentManager.dispatchDestroy(FragmentManager.java:2820)
12-02 22:44:41.057   973   973 W System.err: 	at androidx.fragment.app.Fragment.performDestroy(Fragment.java:3246)
12-02 22:44:41.057   973   973 W System.err: 	at androidx.fragment.app.FragmentStateManager.destroy(FragmentStateManager.java:780)
12-02 22:44:41.057   973   973 W System.err: 	at androidx.fragment.app.FragmentStateManager.moveToExpectedState(FragmentStateManager.java:335)
12-02 22:44:41.057   973   973 W System.err: 	at androidx.fragment.app.SpecialEffectsController$FragmentStateManagerOperation.complete(SpecialEffectsController.java:771)
12-02 22:44:41.057   973   973 W System.err: 	at androidx.fragment.app.SpecialEffectsController$Operation.cancel(SpecialEffectsController.java:615)
12-02 22:44:41.057   973   973 W System.err: 	at androidx.fragment.app.SpecialEffectsController.forceCompleteAllOperations(SpecialEffectsController.java:350)
12-02 22:44:41.057   973   973 W System.err: 	at androidx.fragment.app.FragmentManager.dispatchStateChange(FragmentManager.java:2844)
12-02 22:44:41.057   973   973 W System.err: 	at androidx.fragment.app.FragmentManager.dispatchDestroy(FragmentManager.java:2820)
12-02 22:44:41.057   973   973 W System.err: 	at androidx.fragment.app.FragmentController.dispatchDestroy(FragmentController.java:345)
12-02 22:44:41.057   973   973 W System.err: 	at androidx.fragment.app.FragmentActivity.onDestroy(FragmentActivity.java:306)
12-02 22:44:41.057   973   973 W System.err: 	at androidx.appcompat.app.AppCompatActivity.onDestroy(AppCompatActivity.java:278)
12-02 22:44:41.057   973   973 W System.err: 	at android.app.Activity.performDestroy(Activity.java:8048)
12-02 22:44:41.057   973   973 W System.err: 	at android.app.Instrumentation.callActivityOnDestroy(Instrumentation.java:1334)
12-02 22:44:41.057   973   973 W System.err: 	at androidx.test.runner.MonitoringInstrumentation.callActivityOnDestroy(MonitoringInstrumentation.java:766)
12-02 22:44:41.057   973   973 W System.err: 	at android.app.ActivityThread.performDestroyActivity(ActivityThread.java:4926)
12-02 22:44:41.057   973   973 W System.err: 	at android.app.ActivityThread.handleDestroyActivity(ActivityThread.java:4970)
12-02 22:44:41.057   973   973 W System.err: 	at android.app.servertransaction.DestroyActivityItem.execute(DestroyActivityItem.java:44)
12-02 22:44:41.057   973   973 W System.err: 	at android.app.servertransaction.TransactionExecutor.executeLifecycleState(TransactionExecutor.java:176)
12-02 22:44:41.057   973   973 W System.err: 	at android.app.servertransaction.TransactionExecutor.execute(TransactionExecutor.java:97)
12-02 22:44:41.057   973   973 W System.err: 	at android.app.ActivityThread$H.handleMessage(ActivityThread.java:2016)
12-02 22:44:41.057   973   973 W System.err: 	at android.os.Handler.dispatchMessage(Handler.java:107)
12-02 22:44:41.057   973   973 W System.err: 	at android.os.Looper.loop(Looper.java:214)
12-02 22:44:41.057   973   973 W System.err: 	at android.app.ActivityThread.main(ActivityThread.java:7356)
12-02 22:44:41.057   973   973 W System.err: 	at java.lang.reflect.Method.invoke(Native Method)
12-02 22:44:41.057   973   973 W System.err: 	at com.android.internal.os.RuntimeInit$MethodAndArgsCaller.run(RuntimeInit.java:492)
12-02 22:44:41.057   973   973 W System.err: 	at com.android.internal.os.ZygoteInit.main(ZygoteInit.java:930)
12-02 22:44:41.062   973   973 D LifecycleMonitor: Lifecycle status change: ru.iteco.fmhandroid.ui.AppActivity@d900e56 in: DESTROYED
12-02 22:44:41.091   973   987 I teco.fmhandroi: Background young concurrent copying GC freed 11631(6335KB) AllocSpace objects, 9(2252KB) LOS objects, 0% free, 22MB/22MB, paused 621us total 113.812ms
12-02 22:44:41.121  3139  3568 I MicroDetectionWorker: #startMicroDetector [speakerMode: 0]
12-02 22:44:41.122  3139  1158 W LocationOracle: No location history returned by ContextManager
12-02 22:44:41.123  3139  3568 W ErrorReporter: reportError [type: 211, code: 393244, bug: 0]: errorCode: 393244, engine: 0
12-02 22:44:41.123  3139  3568 I MicroDetector: Keeping mic open: false
12-02 22:44:41.123  3139  3568 I MicroDetectionWorker: #onError(false)
12-02 22:44:41.137  1772  1875 D gralloc_ranchu: gralloc_alloc: Creating ashmem region of size 14749696
12-02 22:44:41.153  2881  1161 V FA-SVC  : Logging event: origin=auto,name=user_engagement(_e),params=Bundle[{ga_event_origin(_o)=auto, engagement_time_msec(_et)=84587, ga_screen_class(_sc)=AppActivity, ga_screen_id(_si)=6169602277065861574}]
12-02 22:44:41.197  2584  3808 W GCoreFlp: No location to return for getLastLocation()
12-02 22:44:41.220  2010  2025 I system_server: NativeAlloc concurrent copying GC freed 119521(4490KB) AllocSpace objects, 16(384KB) LOS objects, 21% free, 21MB/27MB, paused 607us total 161.396ms
12-02 22:44:41.245  2881  1161 V FA-SVC  : Upload scheduled in approximately ms: 2628240
12-02 22:44:41.245  2881  1161 V FA-SVC  : Unscheduling upload
12-02 22:44:41.252  2584   490 W ctxmgr  : [AclManager] No 3 for (accnt=account#-517948760#, com.google.android.gms(10114):UserVelocityProducer, vrsn=202414022, 0, 3pPkg = null ,  3pMdlId = null ,  pid = 2584). Was: 3 for 1, account#-517948760# [CONTEXT service_id=47 ]
12-02 22:44:41.268  2881  1161 V FA-SVC  : Scheduling upload, millis: 2628240
12-02 22:44:41.271  2881  1161 V FA-SVC  : Background event processing time, ms: 119
12-02 22:44:41.274  2584  3808 W GCoreFlp: No location to return for getLastLocation()
12-02 22:44:41.322  2584  1130 I LogUtils: [Places]: ?: Couldn't find platform key file. [CONTEXT service_id=253 ]
12-02 22:44:41.344  2584  1115 E SQLiteDatabase: Error inserting flex_time=2628000 job_id=-1 period=5257000 source=16 requires_charging=0 preferred_network_type=1 target_class=com.google.android.gms.measurement.PackageMeasurementTaskService user_id=0 target_package=com.google.android.gms tag=Measurement.PackageMeasurementTaskService.UPLOAD_TASK_TAG task_type=0 required_idleness_state=0 service_kind=0 source_version=202414000 persistence_level=1 preferred_charging_state=1 required_network_type=0 runtime=1670010281331 retry_strategy={"maximum_backoff_seconds":{"3600":0},"initial_backoff_seconds":{"30":0},"retry_policy":{"0":0}} last_runtime=0
12-02 22:44:41.344  2584  1115 E SQLiteDatabase: android.database.sqlite.SQLiteConstraintException: UNIQUE constraint failed: pending_ops.tag, pending_ops.target_class, pending_ops.target_package, pending_ops.user_id (code 2067 SQLITE_CONSTRAINT_UNIQUE)
12-02 22:44:41.344  2584  1115 E SQLiteDatabase: 	at android.database.sqlite.SQLiteConnection.nativeExecuteForLastInsertedRowId(Native Method)
12-02 22:44:41.344  2584  1115 E SQLiteDatabase: 	at android.database.sqlite.SQLiteConnection.executeForLastInsertedRowId(SQLiteConnection.java:879)
12-02 22:44:41.344  2584  1115 E SQLiteDatabase: 	at android.database.sqlite.SQLiteSession.executeForLastInsertedRowId(SQLiteSession.java:790)
12-02 22:44:41.344  2584  1115 E SQLiteDatabase: 	at android.database.sqlite.SQLiteStatement.executeInsert(SQLiteStatement.java:88)
12-02 22:44:41.344  2584  1115 E SQLiteDatabase: 	at android.database.sqlite.SQLiteDatabase.insertWithOnConflict(SQLiteDatabase.java:1599)
12-02 22:44:41.344  2584  1115 E SQLiteDatabase: 	at android.database.sqlite.SQLiteDatabase.insert(SQLiteDatabase.java:1468)
12-02 22:44:41.344  2584  1115 E SQLiteDatabase: 	at aqui.a(:com.google.android.gms@202414022@20.24.14 (040700-319035315):175)
12-02 22:44:41.344  2584  1115 E SQLiteDatabase: 	at aqtk.a(:com.google.android.gms@202414022@20.24.14 (040700-319035315):182)
12-02 22:44:41.344  2584  1115 E SQLiteDatabase: 	at aqtk.a(:com.google.android.gms@202414022@20.24.14 (040700-319035315):23)
12-02 22:44:41.344  2584  1115 E SQLiteDatabase: 	at aqtk.a(:com.google.android.gms@202414022@20.24.14 (040700-319035315):177)
12-02 22:44:41.344  2584  1115 E SQLiteDatabase: 	at aqpu.run(:com.google.android.gms@202414022@20.24.14 (040700-319035315):9)
12-02 22:44:41.344  2584  1115 E SQLiteDatabase: 	at soy.b(:com.google.android.gms@202414022@20.24.14 (040700-319035315):12)
12-02 22:44:41.344  2584  1115 E SQLiteDatabase: 	at soy.run(:com.google.android.gms@202414022@20.24.14 (040700-319035315):7)
12-02 22:44:41.344  2584  1115 E SQLiteDatabase: 	at java.util.concurrent.ThreadPoolExecutor.runWorker(ThreadPoolExecutor.java:1167)
12-02 22:44:41.344  2584  1115 E SQLiteDatabase: 	at java.util.concurrent.ThreadPoolExecutor$Worker.run(ThreadPoolExecutor.java:641)
12-02 22:44:41.344  2584  1115 E SQLiteDatabase: 	at sux.run(:com.google.android.gms@202414022@20.24.14 (040700-319035315):0)
12-02 22:44:41.344  2584  1115 E SQLiteDatabase: 	at java.lang.Thread.run(Thread.java:919)
12-02 22:44:41.362  2584   490 I ctxmgr  : [ProducerStatusImpl] updateStateForNewContextData: inactive, contextName=7 [CONTEXT service_id=47 ]
12-02 22:44:41.369  2584  2584 I GeofencerStateMachine: removeGeofences: removeRequest=RemoveGeofencingRequest[REMOVE_BY_PENDING_INTENT pendingIntent=PendingIntent[creatorPackage=com.google.android.gms], packageName=com.google.android.gms]
12-02 22:44:41.374  2584  2584 I GeofencerStateMachine: removeGeofences: removeRequest=RemoveGeofencingRequest[REMOVE_BY_PENDING_INTENT pendingIntent=PendingIntent[creatorPackage=com.google.android.gms], packageName=com.google.android.gms]
12-02 22:44:41.382  2584  1165 I PlacesLogger: [PlaceInferenceEngine]: [anon] Changed inference mode: 0 [CONTEXT service_id=253 ]
12-02 22:44:41.382  2584  1164 I LogUtils: [Places]: ?: Couldn't find platform key file. [CONTEXT service_id=253 ]
12-02 22:44:41.383  2584  1163 I LogUtils: [Places]: ?: Couldn't find platform key file. [CONTEXT service_id=253 ]
12-02 22:44:41.387  2584  3808 W GCoreFlp: No location to return for getLastLocation()
12-02 22:44:41.413  2584  3808 W GCoreFlp: No location to return for getLastLocation()
12-02 22:44:41.418  2584  1163 I LogUtils: [Places]: ?: Couldn't find platform key file. [CONTEXT service_id=253 ]
12-02 22:44:41.434  2584  1164 I LogUtils: [Places]: ?: Couldn't find platform key file. [CONTEXT service_id=253 ]
12-02 22:44:41.443  2584  1115 I LogUtils: [Places]: ?: Couldn't find platform key file. [CONTEXT service_id=253 ]
12-02 22:44:41.467  2584  1165 I LogUtils: [Places]: ?: PlacesBleScanner start() with priority 2 [CONTEXT service_id=253 ]
12-02 22:44:41.467  2584  1165 I PlacesLogger: [PlaceInferenceEngine]: [anon] Changed inference mode: 1 [CONTEXT service_id=253 ]
12-02 22:44:41.476  2584  2584 E BeaconBle: Missing BluetoothAdapter [CONTEXT service_id=111 ]
12-02 22:44:41.476  2584  2584 I BeaconBle: BLE 'KK+' software access layer enabled [CONTEXT service_id=111 ]
12-02 22:44:41.486  2584  3808 W GCoreFlp: No location to return for getLastLocation()
12-02 22:44:41.497  2584  2584 I BeaconBle: Client requested scan, settings=BleSettings [scanMode=ZERO_POWER, callbackType=ALL_MATCHES, reportDelayMillis=0, 1 filters, 0 clients, callingClientName=Places] [CONTEXT service_id=111 ]
12-02 22:44:41.497  2584  2584 I BeaconBle: Scan : No clients left, canceling alarm. [CONTEXT service_id=111 ]
12-02 22:44:41.498  2584  2584 E BeaconBle: Scan couldn't start for Places [CONTEXT service_id=111 ]
12-02 22:44:41.498  2584  2584 W Places  : BLE failure while scanning - code 5
12-02 22:44:41.695  1772  1875 D gralloc_ranchu: gralloc_alloc: Creating ashmem region of size 14749696
12-02 22:44:42.162  2010  3295 D WificondControl: Scan result ready event
12-02 22:44:42.240   973  1019 E TestRunner: failed: shouldFilterTheNewsWithCategoryTradeUnion(ru.iteco.fmhandroid.ui.FilterNewsPageTest)
12-02 22:44:42.240   973  1019 E TestRunner: ----- begin exception -----
12-02 22:44:42.242   973  1019 E TestRunner: androidx.test.espresso.base.AssertionErrorHandler$AssertionFailedWithCauseError: 'an instance of android.widget.TextView and view.getText() with or without transformation to match: is "01.12.2022"' doesn't match the selected view.
12-02 22:44:42.242   973  1019 E TestRunner: Expected: an instance of android.widget.TextView and view.getText() with or without transformation to match: is "01.12.2022"
12-02 22:44:42.242   973  1019 E TestRunner:      Got: view.getText() was "03.12.4045"
12-02 22:44:42.242   973  1019 E TestRunner: View Details: TextInputEditText{id=2131231220, res-name=news_item_publish_date_start_text_input_edit_text, visibility=VISIBLE, width=608, height=196, has-focus=false, has-focusable=true, has-window-focus=true, is-clickable=true, is-enabled=true, is-focused=false, is-focusable=true, is-layout-requested=false, is-selected=false, layout-params=android.widget.FrameLayout$LayoutParams@YYYYYY, tag=null, root-is-layout-requested=false, has-input-connection=true, editor-info=[inputType=0x20001 imeOptions=0x44000006 privateImeOptions=null actionLabel=null actionId=0 initialSelStart=0 initialSelEnd=0 initialCapsMode=0x0 hintText=DD.MM.YYYY label=null packageName=null fieldId=0 fieldName=null extras=Bundle[{androidx.core.view.inputmethod.EditorInfoCompat.CONTENT_SELECTION_HEAD=0, androidx.core.view.inputmethod.EditorInfoCompat.CONTENT_SELECTION_END=0, androidx.core.view.inputmethod.EditorInfoCompat.CONTENT_SURROUNDING_TEXT=03.12.4045}] hintLocales=null contentMimeTypes=null ], x=0.0, y=0.0, text=03.12.4045, hint=DD.MM.YYYY, input-type=131073, ime-target=false, has-links=false}
12-02 22:44:42.242   973  1019 E TestRunner: 
12-02 22:44:42.242   973  1019 E TestRunner: 	at dalvik.system.VMStack.getThreadStackTrace(Native Method)
12-02 22:44:42.242   973  1019 E TestRunner: 	at java.lang.Thread.getStackTrace(Thread.java:1720)
12-02 22:44:42.242   973  1019 E TestRunner: 	at androidx.test.espresso.base.AssertionErrorHandler.handleSafely(AssertionErrorHandler.java:3)
12-02 22:44:42.242   973  1019 E TestRunner: 	at androidx.test.espresso.base.AssertionErrorHandler.handleSafely(AssertionErrorHandler.java:1)
12-02 22:44:42.242   973  1019 E TestRunner: 	at androidx.test.espresso.base.DefaultFailureHandler$TypedFailureHandler.handle(DefaultFailureHandler.java:4)
12-02 22:44:42.242   973  1019 E TestRunner: 	at androidx.test.espresso.base.DefaultFailureHandler.handle(DefaultFailureHandler.java:5)
12-02 22:44:42.242   973  1019 E TestRunner: 	at androidx.test.espresso.ViewInteraction.waitForAndHandleInteractionResults(ViewInteraction.java:5)
12-02 22:44:42.242   973  1019 E TestRunner: 	at androidx.test.espresso.ViewInteraction.check(ViewInteraction.java:12)
12-02 22:44:42.242   973  1019 E TestRunner: 	at ru.iteco.fmhandroid.ui.FilterNewsPageTest.shouldFilterTheNewsWithCategoryTradeUnion(FilterNewsPageTest.java:276)
12-02 22:44:42.242   973  1019 E TestRunner: 	at java.lang.reflect.Method.invoke(Native Method)
12-02 22:44:42.242   973  1019 E TestRunner: 	at org.junit.runners.model.FrameworkMethod$1.runReflectiveCall(FrameworkMethod.java:59)
12-02 22:44:42.242   973  1019 E TestRunner: 	at org.junit.internal.runners.model.ReflectiveCallable.run(ReflectiveCallable.java:12)
12-02 22:44:42.242   973  1019 E TestRunner: 	at org.junit.runners.model.FrameworkMethod.invokeExplosively(FrameworkMethod.java:56)
12-02 22:44:42.242   973  1019 E TestRunner: 	at org.junit.internal.runners.statements.InvokeMethod.evaluate(InvokeMethod.java:17)
12-02 22:44:42.242   973  1019 E TestRunner: 	at androidx.test.internal.runner.junit4.statement.RunBefores.evaluate(RunBefores.java:80)
12-02 22:44:42.242   973  1019 E TestRunner: 	at androidx.test.rule.ActivityTestRule$ActivityStatement.evaluate(ActivityTestRule.java:543)
12-02 22:44:42.242   973  1019 E TestRunner: 	at io.qameta.allure.android.rules.LogcatRule$apply$1.evaluate(LogcatRule.kt:23)
12-02 22:44:42.242   973  1019 E TestRunner: 	at io.qameta.allure.android.rules.ScreenshotRule$apply$1.evaluate(ScreenshotRule.kt:22)
12-02 22:44:42.242   973  1019 E TestRunner: 	at io.qameta.allure.android.rules.ScreenshotRule$apply$1.evaluate(ScreenshotRule.kt:22)
12-02 22:44:42.242   973  1019 E TestRunner: 	at org.junit.rules.RunRules.evaluate(RunRules.java:20)
12-02 22:44:42.242   973  1019 E TestRunner: 	at org.junit.runners.ParentRunner$3.evaluate(ParentRunner.java:306)
12-02 22:44:42.242   973  1019 E TestRunner: 	at org.junit.runners.BlockJUnit4ClassRunner$1.evaluate(BlockJUnit4ClassRunner.java:100)
12-02 22:44:42.242   973  1019 E TestRunner: 	at org.junit.runners.ParentRunner.runLeaf(ParentRunner.java:366)
12-02 22:44:42.242   973  1019 E TestRunner: 	at org.junit.runners.BlockJUnit4ClassRunner.runChild(BlockJUnit4ClassRunner.java:103)
12-02 22:44:42.242   973  1019 E TestRunner: 	at org.junit.runners.BlockJUnit4ClassRunner.runChild(BlockJUnit4ClassRunner.java:63)
12-02 22:44:42.242   973  1019 E TestRunner: 	at org.junit.runners.ParentRunner$4.run(ParentRunner.java:331)
12-02 22:44:42.242   973  1019 E TestRunner: 	at org.junit.runners.ParentRunner$1.schedule(ParentRunner.java:79)
12-02 22:44:42.242   973  1019 E TestRunner: 	at org.junit.runners.ParentRunner.runChildren(ParentRunner.java:329)
12-02 22:44:42.242   973  1019 E TestRunner: 	at org.junit.runners.ParentRunner.access$100(ParentRunner.java:66)
12-02 22:44:42.242   973  1019 E TestRunner: 	at org.junit.runners.ParentRunner$2.evaluate(ParentRunner.java:293)
12-02 22:44:42.242   973  1019 E TestRunner: 	at org.junit.runners.ParentRunner$3.evaluate(ParentRunner.java:306)
12-02 22:44:42.242   973  1019 E TestRunner: 	at org.junit.runners.ParentRunner.run(ParentRunner.java:413)
12-02 22:44:42.242   973  1019 E TestRunner: 	a
12-02 22:44:42.242   973  1019 E TestRunner: ----- end exception -----
12-02 22:44:42.245   973  1019 I TestRunner: finished: shouldFilterTheNewsWithCategoryTradeUnion(ru.iteco.fmhandroid.ui.FilterNewsPageTest)
12-02 22:44:42.501   973  1019 I TestRunner: started: shouldFilterTheNewsWithCategoryGratitude(ru.iteco.fmhandroid.ui.FilterNewsPageTest)
12-02 22:44:42.519   973  1019 W ActivityTestRule: getActivityIntent() returned null using default: Intent(Intent.ACTION_MAIN)
12-02 22:44:42.522  2010  3295 I ActivityTaskManager: START u0 {act=android.intent.action.MAIN flg=0x10000000 cmp=ru.iteco.fmhandroid/.ui.AppActivity} from uid 10159
12-02 22:44:42.535  2010  4313 W InputReader: Device has associated, but no associated display id.
12-02 22:44:42.538  2010  4313 I chatty  : uid=1000(system) Binder:2010_F identical 38 lines
12-02 22:44:42.538  2010  4313 W InputReader: Device has associated, but no associated display id.
12-02 22:44:42.548   973   973 W ActivityThread: handleWindowVisibility: no activity for token android.os.BinderProxy@631225
12-02 22:44:42.571   973   973 D LifecycleMonitor: Lifecycle status change: ru.iteco.fmhandroid.ui.AppActivity@5d7aba1 in: PRE_ON_CREATE
12-02 22:44:42.578  2010  2037 E system_server: Invalid ID 0x00000000.
12-02 22:44:42.585   973  1148 V FA      : onActivityCreated
12-02 22:44:42.604  1772  1875 D gralloc_ranchu: gralloc_alloc: Creating ashmem region of size 14749696
12-02 22:44:42.604   973   973 D LifecycleMonitor: Lifecycle status change: ru.iteco.fmhandroid.ui.AppActivity@5d7aba1 in: CREATED
12-02 22:44:42.651   973   973 D LifecycleMonitor: Lifecycle status change: ru.iteco.fmhandroid.ui.AppActivity@5d7aba1 in: STARTED
12-02 22:44:42.653   973   973 D LifecycleMonitor: Lifecycle status change: ru.iteco.fmhandroid.ui.AppActivity@5d7aba1 in: RESUMED
12-02 22:44:42.658   973  1149 V FA      : Activity resumed, time: 93913651
12-02 22:44:42.660  2010  2037 W InputReader: Device has associated, but no associated display id.
12-02 22:44:42.661  2010  2037 I chatty  : uid=1000(system) android.anim identical 8 lines
12-02 22:44:42.661  2010  2037 W InputReader: Device has associated, but no associated display id.
12-02 22:44:42.687  3139  3664 D EGL_emulation: eglMakeCurrent: 0xdb91c460: ver 2 0 (tinfo 0xbe64a3f0)
12-02 22:44:42.687  2448  3326 D EGL_emulation: eglMakeCurrent: 0xe3a07ba0: ver 2 0 (tinfo 0xe3a93b30)
12-02 22:44:42.703  1772  1875 D gralloc_ranchu: gralloc_alloc: Creating ashmem region of size 14749696
12-02 22:44:42.707  1772  1875 I chatty  : uid=1000(system) HwBinder:1772_2 identical 1 line
12-02 22:44:42.708  1772  1875 D gralloc_ranchu: gralloc_alloc: Creating ashmem region of size 14749696
12-02 22:44:42.715   973  1032 D EGL_emulation: eglMakeCurrent: 0xdb91b8c0: ver 2 0 (tinfo 0xc09e63a0)
12-02 22:44:42.724  2169  2501 D EGL_emulation: eglMakeCurrent: 0xdb91a600: ver 2 0 (tinfo 0xdb90f8d0)
12-02 22:44:42.773  2010  2041 I ActivityTaskManager: Displayed ru.iteco.fmhandroid/.ui.AppActivity: +241ms
12-02 22:44:42.787  2881  1161 V FA-SVC  : Logging event: origin=auto,name=screen_view(_vs),params=Bundle[{ga_event_origin(_o)=auto, ga_previous_class(_pc)=AppActivity, ga_previous_id(_pi)=6169602277065861574, ga_screen_class(_sc)=AppActivity, ga_screen_id(_si)=6169602277065861575}]
12-02 22:44:42.832  2881  1161 V FA-SVC  : Upload scheduled in approximately ms: 2626653
12-02 22:44:42.832  2881  1161 V FA-SVC  : Unscheduling upload
12-02 22:44:42.834  2881  1161 V FA-SVC  : Scheduling upload, millis: 2626653
12-02 22:44:42.835  2881  1161 V FA-SVC  : Background event processing time, ms: 49
12-02 22:44:42.850  3139  1048 I PBSessionCacheImpl: Deleted sessionId[429016963225] from persistence.
12-02 22:44:42.851  3139  3568 W SearchServiceCore: Abort, client detached.
12-02 22:44:42.862  2584   490 E SQLiteDatabase: Error inserting flex_time=2626000 job_id=-1 period=5254000 source=16 requires_charging=0 preferred_network_type=1 target_class=com.google.android.gms.measurement.PackageMeasurementTaskService user_id=0 target_package=com.google.android.gms tag=Measurement.PackageMeasurementTaskService.UPLOAD_TASK_TAG task_type=0 required_idleness_state=0 service_kind=0 source_version=202414000 persistence_level=1 preferred_charging_state=1 required_network_type=0 runtime=1670010282855 retry_strategy={"maximum_backoff_seconds":{"3600":0},"initial_backoff_seconds":{"30":0},"retry_policy":{"0":0}} last_runtime=0
12-02 22:44:42.862  2584   490 E SQLiteDatabase: android.database.sqlite.SQLiteConstraintException: UNIQUE constraint failed: pending_ops.tag, pending_ops.target_class, pending_ops.target_package, pending_ops.user_id (code 2067 SQLITE_CONSTRAINT_UNIQUE)
12-02 22:44:42.862  2584   490 E SQLiteDatabase: 	at android.database.sqlite.SQLiteConnection.nativeExecuteForLastInsertedRowId(Native Method)
12-02 22:44:42.862  2584   490 E SQLiteDatabase: 	at android.database.sqlite.SQLiteConnection.executeForLastInsertedRowId(SQLiteConnection.java:879)
12-02 22:44:42.862  2584   490 E SQLiteDatabase: 	at android.database.sqlite.SQLiteSession.executeForLastInsertedRowId(SQLiteSession.java:790)
12-02 22:44:42.862  2584   490 E SQLiteDatabase: 	at android.database.sqlite.SQLiteStatement.executeInsert(SQLiteStatement.java:88)
12-02 22:44:42.862  2584   490 E SQLiteDatabase: 	at android.database.sqlite.SQLiteDatabase.insertWithOnConflict(SQLiteDatabase.java:1599)
12-02 22:44:42.862  2584   490 E SQLiteDatabase: 	at android.database.sqlite.SQLiteDatabase.insert(SQLiteDatabase.java:1468)
12-02 22:44:42.862  2584   490 E SQLiteDatabase: 	at aqui.a(:com.google.android.gms@202414022@20.24.14 (040700-319035315):175)
12-02 22:44:42.862  2584   490 E SQLiteDatabase: 	at aqtk.a(:com.google.android.gms@202414022@20.24.14 (040700-319035315):182)
12-02 22:44:42.862  2584   490 E SQLiteDatabase: 	at aqtk.a(:com.google.android.gms@202414022@20.24.14 (040700-319035315):23)
12-02 22:44:42.862  2584   490 E SQLiteDatabase: 	at aqtk.a(:com.google.android.gms@202414022@20.24.14 (040700-319035315):177)
12-02 22:44:42.862  2584   490 E SQLiteDatabase: 	at aqpu.run(:com.google.android.gms@202414022@20.24.14 (040700-319035315):9)
12-02 22:44:42.862  2584   490 E SQLiteDatabase: 	at soy.b(:com.google.android.gms@202414022@20.24.14 (040700-319035315):12)
12-02 22:44:42.862  2584   490 E SQLiteDatabase: 	at soy.run(:com.google.android.gms@202414022@20.24.14 (040700-319035315):7)
12-02 22:44:42.862  2584   490 E SQLiteDatabase: 	at java.util.concurrent.ThreadPoolExecutor.runWorker(ThreadPoolExecutor.java:1167)
12-02 22:44:42.862  2584   490 E SQLiteDatabase: 	at java.util.concurrent.ThreadPoolExecutor$Worker.run(ThreadPoolExecutor.java:641)
12-02 22:44:42.862  2584   490 E SQLiteDatabase: 	at sux.run(:com.google.android.gms@202414022@20.24.14 (040700-319035315):0)
12-02 22:44:42.862  2584   490 E SQLiteDatabase: 	at java.lang.Thread.run(Thread.java:919)
12-02 22:44:43.421   973   973 I ViewInteraction: Performing 'wait for a specific view with <(an instance of android.widget.TextView and view.getText() with or without transformation to match: is "Authorization" and view.getParent() view.getParent() view.getId() is <2131231186>)> during 10000 millis.' action on view view.getRootView() to equal view
12-02 22:44:43.480  1750  1962 W audio_hw_generic: Not supplying enough data to HAL, expected position 422310010 , only wrote 422092787
12-02 22:44:45.652   973  1176 I okhttp.OkHttpClient: --> GET http://www.981757-ca08998.tmweb.ru:8080/fmh/authentication/userInfo
12-02 22:44:45.652   973  1176 I okhttp.OkHttpClient: --> END GET
12-02 22:44:45.662  1743  1177 E ResolverController: No valid NAT64 prefix (128, <unspecified>/0)
12-02 22:44:46.492   973  1176 I okhttp.OkHttpClient: <-- 200 http://www.981757-ca08998.tmweb.ru:8080/fmh/authentication/userInfo (839ms)
12-02 22:44:46.492   973  1176 I okhttp.OkHttpClient: Vary: Origin
12-02 22:44:46.492   973  1176 I okhttp.OkHttpClient: Vary: Access-Control-Request-Method
12-02 22:44:46.492   973  1176 I okhttp.OkHttpClient: Vary: Access-Control-Request-Headers
12-02 22:44:46.492   973  1176 I okhttp.OkHttpClient: X-Content-Type-Options: nosniff
12-02 22:44:46.492   973  1176 I okhttp.OkHttpClient: X-XSS-Protection: 1; mode=block
12-02 22:44:46.492   973  1176 I okhttp.OkHttpClient: Cache-Control: no-cache, no-store, max-age=0, must-revalidate
12-02 22:44:46.492   973  1176 I okhttp.OkHttpClient: Pragma: no-cache
12-02 22:44:46.492   973  1176 I okhttp.OkHttpClient: Expires: 0
12-02 22:44:46.492   973  1176 I okhttp.OkHttpClient: X-Frame-Options: DENY
12-02 22:44:46.492   973  1176 I okhttp.OkHttpClient: Content-Type: application/json
12-02 22:44:46.492   973  1176 I okhttp.OkHttpClient: Transfer-Encoding: chunked
12-02 22:44:46.493   973  1176 I okhttp.OkHttpClient: Date: Fri, 02 Dec 2022 19:44:46 GMT
12-02 22:44:46.493   973  1176 I okhttp.OkHttpClient: Keep-Alive: timeout=60
12-02 22:44:46.493   973  1176 I okhttp.OkHttpClient: Connection: keep-alive
12-02 22:44:46.493   973  1176 I okhttp.OkHttpClient: {"id":2,"firstName":"Данил","lastName":"Иванов","middleName":"Данилович","admin":true}
12-02 22:44:46.493   973  1176 I okhttp.OkHttpClient: <-- END HTTP (106-byte body)
12-02 22:44:46.502   973  1055 I okhttp.OkHttpClient: --> GET http://www.981757-ca08998.tmweb.ru:8080/fmh/claims
12-02 22:44:46.502   973  1055 I okhttp.OkHttpClient: --> END GET
12-02 22:44:47.794   973  1149 V FA      : Inactivity, disconnecting from the service
12-02 22:44:47.895  2584  1164 I LogUtils: [Places]: ?: Couldn't find platform key file. [CONTEXT service_id=253 ]
12-02 22:44:47.896  2584  1164 I LogUtils: [Places]: ?: Couldn't find platform key file. [CONTEXT service_id=253 ]
12-02 22:44:47.913  2584  1165 I LogUtils: [Places]: ?: PlacesBleScanner stop() [CONTEXT service_id=253 ]
12-02 22:44:47.914  2584  2584 I BeaconBle: Scan : No clients left, canceling alarm. [CONTEXT service_id=111 ]
12-02 22:44:47.915  2584  2584 I BeaconBle: Scan canceled successfully. [CONTEXT service_id=111 ]
12-02 22:44:47.922  2584  1165 I PlacesLogger: [PlaceInferenceEngine]: [anon] Changed inference mode: 0 [CONTEXT service_id=253 ]
12-02 22:44:47.937  2584  3808 W GCoreFlp: No location to return for getLastLocation()
12-02 22:44:47.969  2584  1163 I LogUtils: [Places]: ?: Couldn't find platform key file. [CONTEXT service_id=253 ]
