12-02 22:44:47.971  2584  1115 I LogUtils: [Places]: ?: Couldn't find platform key file. [CONTEXT service_id=253 ]
12-02 22:44:48.054  2584  2584 I GeofencerStateMachine: removeGeofences: removeRequest=RemoveGeofencingRequest[REMOVE_BY_PENDING_INTENT pendingIntent=PendingIntent[creatorPackage=com.google.android.gms], packageName=com.google.android.gms]
12-02 22:44:48.645   973  1055 I okhttp.OkHttpClient: <-- 200 http://www.981757-ca08998.tmweb.ru:8080/fmh/claims (2143ms)
12-02 22:44:48.645   973  1055 I okhttp.OkHttpClient: Vary: Origin
12-02 22:44:48.646   973  1055 I okhttp.OkHttpClient: Vary: Access-Control-Request-Method
12-02 22:44:48.646   973  1055 I okhttp.OkHttpClient: Vary: Access-Control-Request-Headers
12-02 22:44:48.646   973  1055 I okhttp.OkHttpClient: X-Content-Type-Options: nosniff
12-02 22:44:48.646   973  1055 I okhttp.OkHttpClient: X-XSS-Protection: 1; mode=block
12-02 22:44:48.646   973  1055 I okhttp.OkHttpClient: Cache-Control: no-cache, no-store, max-age=0, must-revalidate
12-02 22:44:48.646   973  1055 I okhttp.OkHttpClient: Pragma: no-cache
12-02 22:44:48.646   973  1055 I okhttp.OkHttpClient: Expires: 0
12-02 22:44:48.646   973  1055 I okhttp.OkHttpClient: X-Frame-Options: DENY
12-02 22:44:48.646   973  1055 I okhttp.OkHttpClient: Content-Type: application/json
12-02 22:44:48.646   973  1055 I okhttp.OkHttpClient: Transfer-Encoding: chunked
12-02 22:44:48.646   973  1055 I okhttp.OkHttpClient: Date: Fri, 02 Dec 2022 19:44:49 GMT
12-02 22:44:48.646   973  1055 I okhttp.OkHttpClient: Keep-Alive: timeout=60
12-02 22:44:48.647   973  1055 I okhttp.OkHttpClient: Connection: keep-alive
12-02 22:44:52.856  3139  3568 I WorkerManager: dispose()
12-02 22:44:52.856  3139  3568 W ThreadPoolDumper: Queue length for executor EventBus is now 11. Perhaps some tasks are too long, or the pool is too small.
12-02 22:44:52.925  2584  2584 I BeaconBle: Scan : No clients left, canceling alarm. [CONTEXT service_id=111 ]
12-02 22:44:53.437   973   973 D takeScreenshot: Found 1 global views to redraw
12-02 22:44:53.469  1772  1875 D gralloc_ranchu: gralloc_alloc: Creating ashmem region of size 14749696
12-02 22:44:53.513   973  1019 W DefaultFailureHandler: Failed to take screenshot
12-02 22:44:53.513   973  1019 W DefaultFailureHandler: java.io.FileNotFoundException: view-op-error-5.png: open failed: EROFS (Read-only file system)
12-02 22:44:53.513   973  1019 W DefaultFailureHandler: 	at libcore.io.IoBridge.open(IoBridge.java:496)
12-02 22:44:53.513   973  1019 W DefaultFailureHandler: 	at java.io.FileOutputStream.<init>(FileOutputStream.java:235)
12-02 22:44:53.513   973  1019 W DefaultFailureHandler: 	at java.io.FileOutputStream.<init>(FileOutputStream.java:125)
12-02 22:44:53.513   973  1019 W DefaultFailureHandler: 	at androidx.test.platform.io.FileTestStorage.openOutputFile(FileTestStorage.java:60)
12-02 22:44:53.513   973  1019 W DefaultFailureHandler: 	at androidx.test.core.graphics.BitmapStorage.writeToTestStorage(BitmapStorageExt.kt:49)
12-02 22:44:53.513   973  1019 W DefaultFailureHandler: 	at androidx.test.espresso.base.DefaultFailureHandler.takeScreenshot(DefaultFailureHandler.java:4)
12-02 22:44:53.513   973  1019 W DefaultFailureHandler: 	at androidx.test.espresso.base.DefaultFailureHandler.handle(DefaultFailureHandler.java:3)
12-02 22:44:53.513   973  1019 W DefaultFailureHandler: 	at androidx.test.espresso.ViewInteraction.waitForAndHandleInteractionResults(ViewInteraction.java:8)
12-02 22:44:53.513   973  1019 W DefaultFailureHandler: 	at androidx.test.espresso.ViewInteraction.desugaredPerform(ViewInteraction.java:11)
12-02 22:44:53.513   973  1019 W DefaultFailureHandler: 	at androidx.test.espresso.ViewInteraction.perform(ViewInteraction.java:8)
12-02 22:44:53.513   973  1019 W DefaultFailureHandler: 	at ru.iteco.fmhandroid.ui.data.TestUtils.waitView(TestUtils.java:61)
12-02 22:44:53.513   973  1019 W DefaultFailureHandler: 	at ru.iteco.fmhandroid.ui.steps.AuthSteps.isAuthScreen(AuthSteps.java:56)
12-02 22:44:53.513   973  1019 W DefaultFailureHandler: 	at ru.iteco.fmhandroid.ui.FilterNewsPageTest.logoutCheck(FilterNewsPageTest.java:52)
12-02 22:44:53.513   973  1019 W DefaultFailureHandler: 	at java.lang.reflect.Method.invoke(Native Method)
12-02 22:44:53.513   973  1019 W DefaultFailureHandler: 	at org.junit.runners.model.FrameworkMethod$1.runReflectiveCall(FrameworkMethod.java:59)
12-02 22:44:53.513   973  1019 W DefaultFailureHandler: 	at org.junit.internal.runners.model.ReflectiveCallable.run(ReflectiveCallable.java:12)
12-02 22:44:53.513   973  1019 W DefaultFailureHandler: 	at org.junit.runners.model.FrameworkMethod.invokeExplosively(FrameworkMethod.java:56)
12-02 22:44:53.513   973  1019 W DefaultFailureHandler: 	at androidx.test.internal.runner.junit4.statement.RunBefores.evaluate(RunBefores.java:76)
12-02 22:44:53.513   973  1019 W DefaultFailureHandler: 	at androidx.test.rule.ActivityTestRule$ActivityStatement.evaluate(ActivityTestRule.java:543)
12-02 22:44:53.513   973  1019 W DefaultFailureHandler: 	at io.qameta.allure.android.rules.LogcatRule$apply$1.evaluate(LogcatRule.kt:23)
12-02 22:44:53.513   973  1019 W DefaultFailureHandler: 	at io.qameta.allure.android.rules.ScreenshotRule$apply$1.evaluate(ScreenshotRule.kt:22)
12-02 22:44:53.513   973  1019 W DefaultFailureHandler: 	at io.qameta.allure.android.rules.ScreenshotRule$apply$1.evaluate(ScreenshotRule.kt:22)
12-02 22:44:53.513   973  1019 W DefaultFailureHandler: 	at org.junit.rules.RunRules.evaluate(RunRules.java:20)
12-02 22:44:53.513   973  1019 W DefaultFailureHandler: 	at org.junit.runners.ParentRunner$3.evaluate(ParentRunner.java:306)
12-02 22:44:53.513   973  1019 W DefaultFailureHandler: 	at org.junit.runners.BlockJUnit4ClassRunner$1.evaluate(BlockJUnit4ClassRunner.java:100)
12-02 22:44:53.513   973  1019 W DefaultFailureHandler: 	at org.junit.runners.ParentRunner.runLeaf(ParentRunner.java:366)
12-02 22:44:53.513   973  1019 W DefaultFailureHandler: 	at org.junit.runners.BlockJUnit4ClassRunner.runChild(BlockJUnit4ClassRunner.java:103)
12-02 22:44:53.513   973  1019 W DefaultFailureHandler: 	at org.junit.runners.BlockJUnit4ClassRunner.runChild(BlockJUnit4ClassRunner.java:63)
12-02 22:44:53.513   973  1019 W DefaultFailureHandler: 	at org.junit.runners.ParentRunner$4.run(ParentRunner.java:331)
12-02 22:44:53.513   973  1019 W DefaultFailureHandler: 	at org.junit.runners.ParentRunner$1.schedule(ParentRunner.java:79)
12-02 22:44:53.513   973  1019 W DefaultFailureHandler: 	at org.junit.runners.ParentRunner.runChildren(ParentRunner.java:329)
12-02 22:44:53.513   973  1019 W DefaultFailureHandler: 	at org.junit.runners.ParentRunner.access$100(ParentRunner.java:66)
12-02 22:44:53.513   973  1019 W DefaultFailureHandler: 	at org.junit.runners.ParentRunner$2.evaluate(ParentRunner.java:293)
12-02 22:44:53.513   973  1019 W DefaultFailureHandler: 	at org.junit.runners.ParentRunner$3.evaluate(ParentRunner.java:306)
12-02 22:44:53.513   973  1019 W DefaultFailureHandler: 	at org.junit.runners.ParentRunner.run(ParentRunner.java:413)
12-02 22:44:53.513   973  1019 W DefaultFailureHandler: 	at androidx.test.ext.junit.runners.AndroidJUnit4.run(AndroidJUnit4.java:162)
12-02 22:44:53.513   973  1019 W DefaultFailureHandler: 	at io.qameta.allure.android.runners.AllureAndroidJUnit4.run(AllureAndroidJUnitRunners.kt:29)
12-02 22:44:53.513   973  1019 W DefaultFailureHandler: 	at org.junit.runners.Suite.runChild(Suite.java:128)
12-02 22:44:53.513   973  1019 W DefaultFailureHandler: 	at org.junit.runners.Suite.runChild(Suite.java:27)
12-02 22:44:53.513   973  1019 W DefaultFailureHandler: 	at org.junit.runners.ParentRunner$4.run(ParentRunner.java:331)
12-02 22:44:53.513   973  1019 W DefaultFailureHandler: 	at org.junit.runners.ParentRunner$1.schedule(ParentRunner.java:79)
12-02 22:44:53.513   973  1019 W DefaultFailureHandler: 	at org.junit.runners.ParentRunner.runChildren(ParentRunner.java:329)
12-02 22:44:53.513   973  1019 W DefaultFailureHandler: 	at org.junit.runners.ParentRunner.access$100(ParentRunner.java:66)
12-02 22:44:53.513   973  1019 W DefaultFailureHandler: 	at org.junit.runners.ParentRunner$2.evaluate(ParentRunner.java:293)
12-02 22:44:53.513   973  1019 W DefaultFailureHandler: 	at org.junit.runners.ParentRunner$3.evaluate(ParentRunner.java:306)
12-02 22:44:53.513   973  1019 W DefaultFailureHandler: 	at org.junit.runners.ParentRunner.run(ParentRunner.java:413)
12-02 22:44:53.513   973  1019 W DefaultFailureHandler: 	at org.junit.runner.JUnitCore.run(JUnitCore.java:137)
12-02 22:44:53.513   973  1019 W DefaultFailureHandler: 	at org.junit.runner.JUnitCore.run(JUnitCore.java:115)
12-02 22:44:53.513   973  1019 W DefaultFailureHandler: 	at androidx.test.internal.runner.TestExecutor.execute(TestExecutor.java:67)
12-02 22:44:53.513   973  1019 W DefaultFailureHandler: 	at androidx.test.internal.runner.TestExecutor.execute(TestExecutor.java:58)
12-02 22:44:53.513   973  1019 W DefaultFailureHandler: 	at androidx.test.runner.AndroidJUnitRunner.onStart(AndroidJUnitRunner.java:438)
12-02 22:44:53.513   973  1019 W DefaultFailureHandler: 	at android.app.Instrumentation$InstrumentationThread.run(Instrumentation.java:2189)
12-02 22:44:53.514   973  1019 W DefaultFailureHandler: Caused by: android.system.ErrnoException: open failed: EROFS (Read-only file system)
12-02 22:44:53.514   973  1019 W DefaultFailureHandler: 	at libcore.io.Linux.open(Native Method)
12-02 22:44:53.514   973  1019 W DefaultFailureHandler: 	at libcore.io.ForwardingOs.open(ForwardingOs.java:167)
12-02 22:44:53.514   973  1019 W DefaultFailureHandler: 	at libcore.io.BlockGuardOs.open(BlockGuardOs.java:252)
12-02 22:44:53.514   973  1019 W DefaultFailureHandler: 	at libcore.io.ForwardingOs.open(ForwardingOs.java:167)
12-02 22:44:53.514   973  1019 W DefaultFailureHandler: 	at android.app.ActivityThread$AndroidOs.open(ActivityThread.java:7255)
12-02 22:44:53.514   973  1019 W DefaultFailureHandler: 	at libcore.io.IoBridge.open(IoBridge.java:482)
12-02 22:44:53.514   973  1019 W DefaultFailureHandler: 	... 51 more
12-02 22:44:53.516   973   973 I ViewInteraction: Performing 'wait for a specific view with <view.getId() is <2131230870/ru.iteco.fmhandroid:id/authorization_image_button>> during 10000 millis.' action on view view.getRootView() to equal view
12-02 22:44:53.518   973   973 I ViewInteraction: Checking 'MatchesViewAssertion{viewMatcher=(view has effective visibility <VISIBLE> and view.getGlobalVisibleRect() to return non-empty rectangle)}' assertion on view view.getId() is <2131230870/ru.iteco.fmhandroid:id/authorization_image_button>
12-02 22:44:53.520   973   973 I ViewInteraction: Performing 'single click' action on view view.getId() is <2131230870/ru.iteco.fmhandroid:id/authorization_image_button>
12-02 22:44:53.572  1750  3111 W audio_hw_generic: Not supplying enough data to HAL, expected position 422092805 , only wrote 422092787
12-02 22:44:53.597  1772  1875 D gralloc_ranchu: gralloc_alloc: Creating ashmem region of size 1429504
12-02 22:44:53.603  1772  1875 I chatty  : uid=1000(system) HwBinder:1772_2 identical 1 line
12-02 22:44:53.605  1772  1875 D gralloc_ranchu: gralloc_alloc: Creating ashmem region of size 1429504
12-02 22:44:53.607   973  1032 D EGL_emulation: eglMakeCurrent: 0xdb91b8c0: ver 2 0 (tinfo 0xc09e63a0)
12-02 22:44:53.654   973  1032 I chatty  : uid=10159(ru.iteco.fmhandroid) RenderThread identical 3 lines
12-02 22:44:53.665   973  1032 D EGL_emulation: eglMakeCurrent: 0xdb91b8c0: ver 2 0 (tinfo 0xc09e63a0)
12-02 22:44:53.876   973   973 I ViewInteraction: Performing 'wait for a specific view with <an instance of android.widget.TextView and view.getText() with or without transformation to match: is "Log out"> during 10000 millis.' action on view view.getRootView() to equal view
12-02 22:44:53.878   973   973 I ViewInteraction: Checking 'MatchesViewAssertion{viewMatcher=(view has effective visibility <VISIBLE> and view.getGlobalVisibleRect() to return non-empty rectangle)}' assertion on view an instance of android.widget.TextView and view.getText() with or without transformation to match: is "Log out"
12-02 22:44:53.880   973   973 I ViewInteraction: Performing 'single click' action on view an instance of android.widget.TextView and view.getText() with or without transformation to match: is "Log out"
12-02 22:44:54.064   973  1032 D EGL_emulation: eglMakeCurrent: 0xdb91b8c0: ver 2 0 (tinfo 0xc09e63a0)
12-02 22:44:54.081   973  1032 D EGL_emulation: eglMakeCurrent: 0xdb91b8c0: ver 2 0 (tinfo 0xc09e63a0)
12-02 22:44:54.181   973   973 I ViewInteraction: Performing 'wait for a specific view with <(an instance of android.widget.TextView and view.getText() with or without transformation to match: is "Authorization" and view.getParent() view.getParent() view.getId() is <2131231186>)> during 10000 millis.' action on view view.getRootView() to equal view
12-02 22:44:54.183   973   973 I ViewInteraction: Checking 'MatchesViewAssertion{viewMatcher=(view has effective visibility <VISIBLE> and view.getGlobalVisibleRect() to return non-empty rectangle)}' assertion on view (an instance of android.widget.TextView and view.getText() with or without transformation to match: is "Authorization" and view.getParent() view.getParent() view.getId() is <2131231186/ru.iteco.fmhandroid:id/nav_host_fragment>)
12-02 22:44:54.186   973   973 I ViewInteraction: Performing 'wait for a specific view with <(an instance of android.widget.TextView and view.getHint() matching: is "Login" and view.getParent() view.getParent() view.getId() is <2131231121/ru.iteco.fmhandroid:id/login_text_input_layout>)> during 10000 millis.' action on view view.getRootView() to equal view
12-02 22:44:54.189   973   973 I ViewInteraction: Checking 'MatchesViewAssertion{viewMatcher=(view has effective visibility <VISIBLE> and view.getGlobalVisibleRect() to return non-empty rectangle)}' assertion on view (an instance of android.widget.TextView and view.getHint() matching: is "Login" and view.getParent() view.getParent() view.getId() is <2131231121/ru.iteco.fmhandroid:id/login_text_input_layout>)
12-02 22:44:54.192   973   973 I ViewInteraction: Performing 'wait for a specific view with <(an instance of android.widget.TextView and view.getHint() matching: is "Password" and view.getParent() view.getParent() view.getId() is <2131231264/ru.iteco.fmhandroid:id/password_text_input_layout>)> during 10000 millis.' action on view view.getRootView() to equal view
12-02 22:44:54.195   973   973 I ViewInteraction: Checking 'MatchesViewAssertion{viewMatcher=(view has effective visibility <VISIBLE> and view.getGlobalVisibleRect() to return non-empty rectangle)}' assertion on view (an instance of android.widget.TextView and view.getHint() matching: is "Password" and view.getParent() view.getParent() view.getId() is <2131231264/ru.iteco.fmhandroid:id/password_text_input_layout>)
12-02 22:44:54.198   973   973 I ViewInteraction: Performing 'wait for a specific view with <(view.getId() is <2131231039/ru.iteco.fmhandroid:id/enter_button> and an instance of android.widget.TextView and view.getText() with or without transformation to match: is "SIGN IN" and view.getContentDescription() is "Save" and view.getParent() view.getParent() an instance of android.widget.RelativeLayout)> during 10000 millis.' action on view view.getRootView() to equal view
12-02 22:44:54.201   973   973 I ViewInteraction: Checking 'MatchesViewAssertion{viewMatcher=(view has effective visibility <VISIBLE> and view.getGlobalVisibleRect() to return non-empty rectangle)}' assertion on view (view.getId() is <2131231039/ru.iteco.fmhandroid:id/enter_button> and an instance of android.widget.TextView and view.getText() with or without transformation to match: is "SIGN IN" and view.getContentDescription() is "Save" and view.getParent() view.getParent() an instance of android.widget.RelativeLayout)
12-02 22:44:54.203   973   973 I ViewInteraction: Performing 'wait for a specific view with <(an instance of android.widget.TextView and view.getText() with or without transformation to match: is "Authorization" and view.getParent() view.getParent() view.getId() is <2131231186>)> during 10000 millis.' action on view view.getRootView() to equal view
12-02 22:44:54.206   973   973 I ViewInteraction: Checking 'MatchesViewAssertion{viewMatcher=(view has effective visibility <VISIBLE> and view.getGlobalVisibleRect() to return non-empty rectangle)}' assertion on view (an instance of android.widget.TextView and view.getText() with or without transformation to match: is "Authorization" and view.getParent() view.getParent() view.getId() is <2131231186/ru.iteco.fmhandroid:id/nav_host_fragment>)
12-02 22:44:54.208   973   973 I ViewInteraction: Performing 'wait for a specific view with <(an instance of android.widget.TextView and view.getHint() matching: is "Login" and view.getParent() view.getParent() view.getId() is <2131231121/ru.iteco.fmhandroid:id/login_text_input_layout>)> during 10000 millis.' action on view view.getRootView() to equal view
12-02 22:44:54.211   973   973 I ViewInteraction: Checking 'MatchesViewAssertion{viewMatcher=(view has effective visibility <VISIBLE> and view.getGlobalVisibleRect() to return non-empty rectangle)}' assertion on view (an instance of android.widget.TextView and view.getHint() matching: is "Login" and view.getParent() view.getParent() view.getId() is <2131231121/ru.iteco.fmhandroid:id/login_text_input_layout>)
12-02 22:44:54.213   973   973 I ViewInteraction: Performing 'wait for a specific view with <(an instance of android.widget.TextView and view.getHint() matching: is "Password" and view.getParent() view.getParent() view.getId() is <2131231264/ru.iteco.fmhandroid:id/password_text_input_layout>)> during 10000 millis.' action on view view.getRootView() to equal view
12-02 22:44:54.216   973   973 I ViewInteraction: Checking 'MatchesViewAssertion{viewMatcher=(view has effective visibility <VISIBLE> and view.getGlobalVisibleRect() to return non-empty rectangle)}' assertion on view (an instance of android.widget.TextView and view.getHint() matching: is "Password" and view.getParent() view.getParent() view.getId() is <2131231264/ru.iteco.fmhandroid:id/password_text_input_layout>)
12-02 22:44:54.219   973   973 I ViewInteraction: Performing 'wait for a specific view with <(view.getId() is <2131231039/ru.iteco.fmhandroid:id/enter_button> and an instance of android.widget.TextView and view.getText() with or without transformation to match: is "SIGN IN" and view.getContentDescription() is "Save" and view.getParent() view.getParent() an instance of android.widget.RelativeLayout)> during 10000 millis.' action on view view.getRootView() to equal view
12-02 22:44:54.221   973   973 I ViewInteraction: Checking 'MatchesViewAssertion{viewMatcher=(view has effective visibility <VISIBLE> and view.getGlobalVisibleRect() to return non-empty rectangle)}' assertion on view (view.getId() is <2131231039/ru.iteco.fmhandroid:id/enter_button> and an instance of android.widget.TextView and view.getText() with or without transformation to match: is "SIGN IN" and view.getContentDescription() is "Save" and view.getParent() view.getParent() an instance of android.widget.RelativeLayout)
12-02 22:44:54.224   973   973 I ViewInteraction: Performing 'wait for a specific view with <(an instance of android.widget.TextView and view.getHint() matching: is "Login" and view.getParent() view.getParent() view.getId() is <2131231121/ru.iteco.fmhandroid:id/login_text_input_layout>)> during 10000 millis.' action on view view.getRootView() to equal view
12-02 22:44:54.226   973   973 I ViewInteraction: Performing 'replace text(login2)' action on view (an instance of android.widget.TextView and view.getHint() matching: is "Login" and view.getParent() view.getParent() view.getId() is <2131231121/ru.iteco.fmhandroid:id/login_text_input_layout>)
12-02 22:44:54.241   973   973 I ViewInteraction: Performing 'wait for a specific view with <(an instance of android.widget.TextView and view.getHint() matching: is "Password" and view.getParent() view.getParent() view.getId() is <2131231264/ru.iteco.fmhandroid:id/password_text_input_layout>)> during 10000 millis.' action on view view.getRootView() to equal view
12-02 22:44:54.245   973   973 I ViewInteraction: Performing 'replace text(password2)' action on view (an instance of android.widget.TextView and view.getHint() matching: is "Password" and view.getParent() view.getParent() view.getId() is <2131231264/ru.iteco.fmhandroid:id/password_text_input_layout>)
12-02 22:44:54.253   973   973 I ViewInteraction: Performing 'wait for a specific view with <(view.getId() is <2131231039/ru.iteco.fmhandroid:id/enter_button> and an instance of android.widget.TextView and view.getText() with or without transformation to match: is "SIGN IN" and view.getContentDescription() is "Save" and view.getParent() view.getParent() an instance of android.widget.RelativeLayout)> during 10000 millis.' action on view view.getRootView() to equal view
12-02 22:44:54.257   973   973 I ViewInteraction: Checking 'MatchesViewAssertion{viewMatcher=view.isClickable() is <true>}' assertion on view (view.getId() is <2131231039/ru.iteco.fmhandroid:id/enter_button> and an instance of android.widget.TextView and view.getText() with or without transformation to match: is "SIGN IN" and view.getContentDescription() is "Save" and view.getParent() view.getParent() an instance of android.widget.RelativeLayout)
12-02 22:44:54.259   973   973 I ViewInteraction: Performing 'wait for a specific view with <(view.getId() is <2131231039/ru.iteco.fmhandroid:id/enter_button> and an instance of android.widget.TextView and view.getText() with or without transformation to match: is "SIGN IN" and view.getContentDescription() is "Save" and view.getParent() view.getParent() an instance of android.widget.RelativeLayout)> during 10000 millis.' action on view view.getRootView() to equal view
12-02 22:44:54.262   973   973 I ViewInteraction: Checking 'MatchesViewAssertion{viewMatcher=view.isClickable() is <true>}' assertion on view (view.getId() is <2131231039/ru.iteco.fmhandroid:id/enter_button> and an instance of android.widget.TextView and view.getText() with or without transformation to match: is "SIGN IN" and view.getContentDescription() is "Save" and view.getParent() view.getParent() an instance of android.widget.RelativeLayout)
12-02 22:44:54.265   973   973 I ViewInteraction: Performing 'wait for a specific view with <(view.getId() is <2131231039/ru.iteco.fmhandroid:id/enter_button> and an instance of android.widget.TextView and view.getText() with or without transformation to match: is "SIGN IN" and view.getContentDescription() is "Save" and view.getParent() view.getParent() an instance of android.widget.RelativeLayout)> during 10000 millis.' action on view view.getRootView() to equal view
12-02 22:44:54.269   973   973 I ViewInteraction: Performing 'single click' action on view (view.getId() is <2131231039/ru.iteco.fmhandroid:id/enter_button> and an instance of android.widget.TextView and view.getText() with or without transformation to match: is "SIGN IN" and view.getContentDescription() is "Save" and view.getParent() view.getParent() an instance of android.widget.RelativeLayout)
12-02 22:44:54.320   973  1181 I okhttp.OkHttpClient: --> POST http://www.981757-ca08998.tmweb.ru:8080/fmh/authentication/login
12-02 22:44:54.320   973  1181 I okhttp.OkHttpClient: Content-Type: application/json; charset=UTF-8
12-02 22:44:54.320   973  1181 I okhttp.OkHttpClient: Content-Length: 41
12-02 22:44:54.321   973  1181 I okhttp.OkHttpClient: {"login":"login2","password":"password2"}
12-02 22:44:54.321   973  1181 I okhttp.OkHttpClient: --> END POST (41-byte body)
12-02 22:44:54.325  1743  1182 E ResolverController: No valid NAT64 prefix (128, <unspecified>/0)
12-02 22:44:54.553   973   973 I ViewInteraction: Performing 'wait for a specific view with <an instance of android.widget.TextView and view.getText() with or without transformation to match: is "News"> during 10000 millis.' action on view view.getRootView() to equal view
12-02 22:44:54.638  1881  1881 E netmgr  : Failed to open QEMU pipe 'qemud:network': Invalid argument
12-02 22:44:54.965   973  1181 I okhttp.OkHttpClient: <-- 200 http://www.981757-ca08998.tmweb.ru:8080/fmh/authentication/login (644ms)
12-02 22:44:54.965   973  1181 I okhttp.OkHttpClient: Vary: Origin
12-02 22:44:54.965   973  1181 I okhttp.OkHttpClient: Vary: Access-Control-Request-Method
12-02 22:44:54.965   973  1181 I okhttp.OkHttpClient: Vary: Access-Control-Request-Headers
12-02 22:44:54.965   973  1181 I okhttp.OkHttpClient: X-Content-Type-Options: nosniff
12-02 22:44:54.966   973  1181 I okhttp.OkHttpClient: X-XSS-Protection: 1; mode=block
12-02 22:44:54.966   973  1181 I okhttp.OkHttpClient: Cache-Control: no-cache, no-store, max-age=0, must-revalidate
12-02 22:44:54.966   973  1181 I okhttp.OkHttpClient: Pragma: no-cache
12-02 22:44:54.966   973  1181 I okhttp.OkHttpClient: Expires: 0
12-02 22:44:54.966   973  1181 I okhttp.OkHttpClient: X-Frame-Options: DENY
12-02 22:44:54.966   973  1181 I okhttp.OkHttpClient: Content-Type: application/json
12-02 22:44:54.966   973  1181 I okhttp.OkHttpClient: Transfer-Encoding: chunked
12-02 22:44:54.966   973  1181 I okhttp.OkHttpClient: Date: Fri, 02 Dec 2022 19:44:55 GMT
12-02 22:44:54.966   973  1181 I okhttp.OkHttpClient: Keep-Alive: timeout=60
12-02 22:44:54.966   973  1181 I okhttp.OkHttpClient: Connection: keep-alive
12-02 22:44:54.966   973  1181 I okhttp.OkHttpClient: {"accessToken":"eyJhbGciOiJIUzUxMiJ9.eyJzdWIiOiJsb2dpbjIiLCJqdGkiOiIyIiwiZXhwIjoxNjcwMDk2Njk1fQ.A1FBo8Bx9cWd6txx1QknUW7eHdhQnrzomjzIAPV_OJJUIFW9Y0q7HpMcD4vwnPXvuCpNfnW47B6pC8nkOwV87Q","refreshToken":"eyJhbGciOiJIUzUxMiJ9.eyJzdWIiOiJsb2dpbjIiLCJqdGkiOiIyIiwiZXhwIjoxNjcyNjAyMjk1fQ.HWvQjypLiB-4Jl7ruGdyHalrGD3LLdm5exdq49A6gwXOB9xAMqDJwkGNNIh97qmnbmWsDvMrSjAExivDb9ubow"}
12-02 22:44:54.966   973  1181 I okhttp.OkHttpClient: <-- END HTTP (368-byte body)
12-02 22:44:54.969   973  1176 I okhttp.OkHttpClient: --> GET http://www.981757-ca08998.tmweb.ru:8080/fmh/authentication/userInfo
12-02 22:44:54.969   973  1176 I okhttp.OkHttpClient: --> END GET
12-02 22:44:55.098   973  1176 I okhttp.OkHttpClient: <-- 200 http://www.981757-ca08998.tmweb.ru:8080/fmh/authentication/userInfo (129ms)
12-02 22:44:55.099   973  1176 I okhttp.OkHttpClient: Vary: Origin
12-02 22:44:55.099   973  1176 I okhttp.OkHttpClient: Vary: Access-Control-Request-Method
12-02 22:44:55.099   973  1176 I okhttp.OkHttpClient: Vary: Access-Control-Request-Headers
12-02 22:44:55.099   973  1176 I okhttp.OkHttpClient: X-Content-Type-Options: nosniff
12-02 22:44:55.099   973  1176 I okhttp.OkHttpClient: X-XSS-Protection: 1; mode=block
12-02 22:44:55.099   973  1176 I okhttp.OkHttpClient: Cache-Control: no-cache, no-store, max-age=0, must-revalidate
12-02 22:44:55.099   973  1176 I okhttp.OkHttpClient: Pragma: no-cache
12-02 22:44:55.099   973  1176 I okhttp.OkHttpClient: Expires: 0
12-02 22:44:55.099   973  1176 I okhttp.OkHttpClient: X-Frame-Options: DENY
12-02 22:44:55.099   973  1176 I okhttp.OkHttpClient: Content-Type: application/json
12-02 22:44:55.099   973  1176 I okhttp.OkHttpClient: Transfer-Encoding: chunked
12-02 22:44:55.099   973  1176 I okhttp.OkHttpClient: Date: Fri, 02 Dec 2022 19:44:55 GMT
12-02 22:44:55.099   973  1176 I okhttp.OkHttpClient: Keep-Alive: timeout=60
12-02 22:44:55.099   973  1176 I okhttp.OkHttpClient: Connection: keep-alive
12-02 22:44:55.100   973  1176 I okhttp.OkHttpClient: {"id":2,"firstName":"Данил","lastName":"Иванов","middleName":"Данилович","admin":true}
12-02 22:44:55.100   973  1176 I okhttp.OkHttpClient: <-- END HTTP (106-byte body)
12-02 22:44:55.105   973  1075 I okhttp.OkHttpClient: --> GET http://www.981757-ca08998.tmweb.ru:8080/fmh/claims
12-02 22:44:55.105   973  1075 I okhttp.OkHttpClient: --> END GET
12-02 22:44:55.157   973   973 I ViewInteraction: Checking 'MatchesViewAssertion{viewMatcher=(view has effective visibility <VISIBLE> and view.getGlobalVisibleRect() to return non-empty rectangle)}' assertion on view an instance of android.widget.TextView and view.getText() with or without transformation to match: is "News"
12-02 22:44:55.160   973   973 I ViewInteraction: Performing 'wait for a specific view with <view.getId() is <2131230951>> during 10000 millis.' action on view view.getRootView() to equal view
12-02 22:44:55.162   973   973 I ViewInteraction: Checking 'MatchesViewAssertion{viewMatcher=(view has effective visibility <VISIBLE> and view.getGlobalVisibleRect() to return non-empty rectangle)}' assertion on view view.getId() is <2131230951/ru.iteco.fmhandroid:id/container_list_news_include_on_fragment_main>
12-02 22:44:55.165   973   973 I ViewInteraction: Performing 'wait for a specific view with <view.getId() is <2131230949>> during 10000 millis.' action on view view.getRootView() to equal view
12-02 22:44:55.168   973   973 I ViewInteraction: Checking 'MatchesViewAssertion{viewMatcher=(view has effective visibility <VISIBLE> and view.getGlobalVisibleRect() to return non-empty rectangle)}' assertion on view view.getId() is <2131230949/ru.iteco.fmhandroid:id/container_list_claim_include_on_fragment_main>
12-02 22:44:55.270   973   973 I ViewInteraction: Performing 'wait for a specific view with <an instance of android.widget.TextView and view.getText() with or without transformation to match: is "Claims"> during 10000 millis.' action on view view.getRootView() to equal view
12-02 22:44:55.274   973   973 I ViewInteraction: Checking 'MatchesViewAssertion{viewMatcher=(view has effective visibility <VISIBLE> and view.getGlobalVisibleRect() to return non-empty rectangle)}' assertion on view an instance of android.widget.TextView and view.getText() with or without transformation to match: is "Claims"
12-02 22:44:55.278   973   973 I ViewInteraction: Performing 'wait for a specific view with <view.getId() is <2131231123/ru.iteco.fmhandroid:id/main_menu_image_button>> during 10000 millis.' action on view view.getRootView() to equal view
12-02 22:44:55.282   973   973 I ViewInteraction: Performing 'single click' action on view view.getId() is <2131231123/ru.iteco.fmhandroid:id/main_menu_image_button>
12-02 22:44:55.360  1772  1875 D gralloc_ranchu: gralloc_alloc: Creating ashmem region of size 3264512
12-02 22:44:55.363  1772  1875 I chatty  : uid=1000(system) HwBinder:1772_2 identical 1 line
12-02 22:44:55.365  1772  1875 D gralloc_ranchu: gralloc_alloc: Creating ashmem region of size 3264512
12-02 22:44:55.376   973  1032 D EGL_emulation: eglMakeCurrent: 0xdb91b8c0: ver 2 0 (tinfo 0xc09e63a0)
12-02 22:44:55.404   973  1032 I chatty  : uid=10159(ru.iteco.fmhandroid) RenderThread identical 2 lines
12-02 22:44:55.435   973  1032 D EGL_emulation: eglMakeCurrent: 0xdb91b8c0: ver 2 0 (tinfo 0xc09e63a0)
12-02 22:44:55.634   973   973 I ViewInteraction: Performing 'wait for a specific view with <an instance of android.widget.TextView and view.getText() with or without transformation to match: is "News"> during 10000 millis.' action on view view.getRootView() to equal view
12-02 22:44:55.637   973   973 I ViewInteraction: Performing 'single click' action on view an instance of android.widget.TextView and view.getText() with or without transformation to match: is "News"
12-02 22:44:55.699   973  1032 D EGL_emulation: eglMakeCurrent: 0xdb91b8c0: ver 2 0 (tinfo 0xc09e63a0)
12-02 22:44:55.770   973  1078 I okhttp.OkHttpClient: --> GET http://www.981757-ca08998.tmweb.ru:8080/fmh/news
12-02 22:44:55.770   973  1078 I okhttp.OkHttpClient: --> END GET
12-02 22:44:55.796   973  1032 D EGL_emulation: eglMakeCurrent: 0xdb91b8c0: ver 2 0 (tinfo 0xc09e63a0)
12-02 22:44:55.807   973  1032 D EGL_emulation: eglMakeCurrent: 0xdb91b8c0: ver 2 0 (tinfo 0xc09e63a0)
12-02 22:44:55.971   973   973 I ViewInteraction: Performing 'wait for a specific view with <view.getId() is <2131231025/ru.iteco.fmhandroid:id/edit_news_material_button>> during 10000 millis.' action on view view.getRootView() to equal view
12-02 22:44:55.973   973   973 I ViewInteraction: Performing 'single click' action on view view.getId() is <2131231025/ru.iteco.fmhandroid:id/edit_news_material_button>
12-02 22:44:56.052   973  1183 I okhttp.OkHttpClient: --> GET http://www.981757-ca08998.tmweb.ru:8080/fmh/news
12-02 22:44:56.052   973  1183 I okhttp.OkHttpClient: --> END GET
12-02 22:44:56.355   973   973 I ViewInteraction: Performing 'wait for a specific view with <view.getId() is <2131230850/ru.iteco.fmhandroid:id/add_news_image_view>> during 10000 millis.' action on view view.getRootView() to equal view
12-02 22:44:56.358   973   973 I ViewInteraction: Performing 'single click' action on view view.getId() is <2131230850/ru.iteco.fmhandroid:id/add_news_image_view>
12-02 22:44:56.708   973   973 I ViewInteraction: Performing 'wait for a specific view with <view.getId() is <2131231204/ru.iteco.fmhandroid:id/news_item_category_text_auto_complete_text_view>> during 10000 millis.' action on view view.getRootView() to equal view
12-02 22:44:56.711   973   973 I ViewInteraction: Performing 'single click' action on view view.getId() is <2131231204/ru.iteco.fmhandroid:id/news_item_category_text_auto_complete_text_view>
12-02 22:44:56.778  1743  1743 I netd    : firewallSetUidRule(2, 10145, 1) <0.03ms>
12-02 22:44:56.797  1772  1875 D gralloc_ranchu: gralloc_alloc: Creating ashmem region of size 9072640
12-02 22:44:56.804  1772  1875 I chatty  : uid=1000(system) HwBinder:1772_2 identical 1 line
12-02 22:44:56.806  1772  1875 D gralloc_ranchu: gralloc_alloc: Creating ashmem region of size 9072640
12-02 22:44:56.810   973  1032 D EGL_emulation: eglMakeCurrent: 0xdb91b8c0: ver 2 0 (tinfo 0xc09e63a0)
12-02 22:44:56.836   973   973 I AssistStructure: Flattened final assist data: 7432 bytes, containing 2 windows, 55 views
12-02 22:44:56.843  2010  2342 D AutofillSession: Starting partition or augmented request for view id 1073741826@1347136079: STARTED_SESSION
12-02 22:44:56.845  2584  2584 W ktk     : Pending fill request while another request in the same session was triggered. [CONTEXT service_id=177 ]
12-02 22:44:56.856   973  1032 D EGL_emulation: eglMakeCurrent: 0xdb91b8c0: ver 2 0 (tinfo 0xc09e63a0)
12-02 22:44:56.862   973   973 I AssistStructure: Flattened final assist data: 7432 bytes, containing 2 windows, 55 views
12-02 22:44:56.872   973  1032 D EGL_emulation: eglMakeCurrent: 0xdb91b8c0: ver 2 0 (tinfo 0xc09e63a0)
12-02 22:44:56.884   973  1032 D EGL_emulation: eglMakeCurrent: 0xdb91b8c0: ver 2 0 (tinfo 0xc09e63a0)
12-02 22:44:56.887  2486  2486 I KeyboardViewUtil: systemKeyboardHeightRatio:1.000000; userKeyboardHeightRatio:1.000000.
12-02 22:44:56.887  2486  2486 I AndroidIME: LatinIme.onActivate() : EditorInfo = Package = ru.iteco.fmhandroid : Type = Text : Learning = Disable : Suggestion = Show : AutoCorrection = Disable : Microphone = Show : NoPersonalizedLearning = Disable
12-02 22:44:56.894  2486  2486 I Conv2QueryExtension: Current locale: en_US, config allows these locales: de,en,es,fr,it,ms,pt,ta
12-02 22:44:56.894  2486  2486 I Conv2QueryExtension: Conv2Query not enabled due to current app [ru.iteco.fmhandroid] not in whitelist
12-02 22:44:56.894  2486  2486 I Conv2QueryExtension: onActivate() : Disabled by unsupported host app
12-02 22:44:56.909  1772  1875 D gralloc_ranchu: gralloc_alloc: Creating ashmem region of size 14262272
12-02 22:44:56.915  1772  1875 D gralloc_ranchu: gralloc_alloc: Creating ashmem region of size 14262272
12-02 22:44:56.917  2486  6704 D EGL_emulation: eglMakeCurrent: 0xdb91b920: ver 2 0 (tinfo 0xdb90fce0)
12-02 22:44:56.924  1772  1875 D gralloc_ranchu: gralloc_alloc: Creating ashmem region of size 14262272
12-02 22:44:56.940  2169  2501 D EGL_emulation: eglMakeCurrent: 0xdb91a600: ver 2 0 (tinfo 0xdb90f8d0)
12-02 22:44:56.955  2010  2034 D AutofillUI: destroySaveUiUiThread(): already destroyed
12-02 22:44:56.956  2584  2584 W ktk     : Pending fill request while another request in the same session was triggered. [CONTEXT service_id=177 ]
12-02 22:44:56.984  1772  1875 D gralloc_ranchu: gralloc_alloc: Creating ashmem region of size 4255744
12-02 22:44:56.989   973  1032 D EGL_emulation: eglMakeCurrent: 0xdb91b8c0: ver 2 0 (tinfo 0xc09e63a0)
12-02 22:44:56.992  2584  2599 I .gms.persisten: Background young concurrent copying GC freed 30213(2145KB) AllocSpace objects, 15(776KB) LOS objects, 12% free, 13MB/15MB, paused 688us total 122.624ms
12-02 22:44:57.009  1772  1875 D gralloc_ranchu: gralloc_alloc: Creating ashmem region of size 4255744
12-02 22:44:57.012   973  1032 D EGL_emulation: eglMakeCurrent: 0xdb91b8c0: ver 2 0 (tinfo 0xc09e63a0)
12-02 22:44:57.029   973  1032 D EGL_emulation: eglMakeCurrent: 0xdb91b8c0: ver 2 0 (tinfo 0xc09e63a0)
12-02 22:44:57.040  1772  1875 D gralloc_ranchu: gralloc_alloc: Creating ashmem region of size 4255744
12-02 22:44:57.106   973  1078 I okhttp.OkHttpClient: <-- 200 http://www.981757-ca08998.tmweb.ru:8080/fmh/news (1335ms)
12-02 22:44:57.106   973  1078 I okhttp.OkHttpClient: Vary: Origin
12-02 22:44:57.106   973  1078 I okhttp.OkHttpClient: Vary: Access-Control-Request-Method
12-02 22:44:57.106   973  1078 I okhttp.OkHttpClient: Vary: Access-Control-Request-Headers
12-02 22:44:57.106   973  1078 I okhttp.OkHttpClient: X-Content-Type-Options: nosniff
12-02 22:44:57.106   973  1078 I okhttp.OkHttpClient: X-XSS-Protection: 1; mode=block
12-02 22:44:57.106   973  1078 I okhttp.OkHttpClient: Cache-Control: no-cache, no-store, max-age=0, must-revalidate
12-02 22:44:57.106   973  1078 I okhttp.OkHttpClient: Pragma: no-cache
12-02 22:44:57.106   973  1078 I okhttp.OkHttpClient: Expires: 0
12-02 22:44:57.106   973  1078 I okhttp.OkHttpClient: X-Frame-Options: DENY
12-02 22:44:57.106   973  1078 I okhttp.OkHttpClient: Content-Type: application/json
12-02 22:44:57.106   973  1078 I okhttp.OkHttpClient: Transfer-Encoding: chunked
12-02 22:44:57.106   973  1078 I okhttp.OkHttpClient: Date: Fri, 02 Dec 2022 19:44:58 GMT
12-02 22:44:57.107   973  1078 I okhttp.OkHttpClient: Keep-Alive: timeout=60
12-02 22:44:57.107   973  1078 I okhttp.OkHttpClient: Connection: keep-alive
12-02 22:44:57.107   973   973 I ViewInteraction: Performing 'close keyboard' action on view view.getRootView() to equal view
12-02 22:44:57.112  2486  2486 I PhenotypeExpConfig: refreshConfiguration() : Force = false : UpdateAvailable = false : Age = 402 minutes : MaxAge = 720 minutes
12-02 22:44:57.114  2486  2486 I AndroidIME: LatinIme.onDeactivate()
12-02 22:44:57.114  1743  1743 I netd    : firewallSetUidRule(2, 10145, 2) <0.03ms>
12-02 22:44:57.132  2486  6704 D EGL_emulation: eglMakeCurrent: 0xdb91b920: ver 2 0 (tinfo 0xdb90fce0)
12-02 22:44:57.166   973  1032 D EGL_emulation: eglMakeCurrent: 0xdb91b8c0: ver 2 0 (tinfo 0xc09e63a0)
12-02 22:44:57.188  1772  1875 D gralloc_ranchu: gralloc_alloc: Creating ashmem region of size 9072640
12-02 22:44:57.194   973  1032 D EGL_emulation: eglMakeCurrent: 0xdb91b8c0: ver 2 0 (tinfo 0xc09e63a0)
12-02 22:44:57.223  1772  1875 D gralloc_ranchu: gralloc_alloc: Creating ashmem region of size 9072640
12-02 22:44:57.226   973  1032 D EGL_emulation: eglMakeCurrent: 0xdb91b8c0: ver 2 0 (tinfo 0xc09e63a0)
12-02 22:44:57.239   973  1032 D EGL_emulation: eglMakeCurrent: 0xdb91b8c0: ver 2 0 (tinfo 0xc09e63a0)
12-02 22:44:57.250  1772  1875 D gralloc_ranchu: gralloc_alloc: Creating ashmem region of size 9072640
12-02 22:44:57.260   973   987 I teco.fmhandroi: Background concurrent copying GC freed 29991(1345KB) AllocSpace objects, 0(0B) LOS objects, 34% free, 11MB/17MB, paused 693us total 113.120ms
12-02 22:44:57.266   973  1032 D EGL_emulation: eglMakeCurrent: 0xdb91b8c0: ver 2 0 (tinfo 0xc09e63a0)
12-02 22:44:57.315   973  1183 I okhttp.OkHttpClient: <-- 200 http://www.981757-ca08998.tmweb.ru:8080/fmh/news (1262ms)
12-02 22:44:57.315   973  1183 I okhttp.OkHttpClient: Vary: Origin
12-02 22:44:57.315   973  1183 I okhttp.OkHttpClient: Vary: Access-Control-Request-Method
12-02 22:44:57.315   973  1183 I okhttp.OkHttpClient: Vary: Access-Control-Request-Headers
12-02 22:44:57.315   973  1183 I okhttp.OkHttpClient: X-Content-Type-Options: nosniff
12-02 22:44:57.315   973  1183 I okhttp.OkHttpClient: X-XSS-Protection: 1; mode=block
12-02 22:44:57.315   973  1183 I okhttp.OkHttpClient: Cache-Control: no-cache, no-store, max-age=0, must-revalidate
12-02 22:44:57.315   973  1183 I okhttp.OkHttpClient: Pragma: no-cache
12-02 22:44:57.315   973  1183 I okhttp.OkHttpClient: Expires: 0
12-02 22:44:57.315   973  1183 I okhttp.OkHttpClient: X-Frame-Options: DENY
12-02 22:44:57.315   973  1183 I okhttp.OkHttpClient: Content-Type: application/json
12-02 22:44:57.315   973  1183 I okhttp.OkHttpClient: Transfer-Encoding: chunked
12-02 22:44:57.315   973  1183 I okhttp.OkHttpClient: Date: Fri, 02 Dec 2022 19:44:58 GMT
12-02 22:44:57.315   973  1183 I okhttp.OkHttpClient: Keep-Alive: timeout=60
12-02 22:44:57.315   973  1183 I okhttp.OkHttpClient: Connection: keep-alive
12-02 22:44:57.929   973  1075 I okhttp.OkHttpClient: <-- 200 http://www.981757-ca08998.tmweb.ru:8080/fmh/claims (2824ms)
12-02 22:44:57.930   973  1075 I okhttp.OkHttpClient: Vary: Origin
12-02 22:44:57.930   973  1075 I okhttp.OkHttpClient: Vary: Access-Control-Request-Method
12-02 22:44:57.930   973  1075 I okhttp.OkHttpClient: Vary: Access-Control-Request-Headers
12-02 22:44:57.930   973  1075 I okhttp.OkHttpClient: X-Content-Type-Options: nosniff
12-02 22:44:57.930   973  1075 I okhttp.OkHttpClient: X-XSS-Protection: 1; mode=block
12-02 22:44:57.930   973  1075 I okhttp.OkHttpClient: Cache-Control: no-cache, no-store, max-age=0, must-revalidate
12-02 22:44:57.930   973  1075 I okhttp.OkHttpClient: Pragma: no-cache
12-02 22:44:57.930   973  1075 I okhttp.OkHttpClient: Expires: 0
12-02 22:44:57.930   973  1075 I okhttp.OkHttpClient: X-Frame-Options: DENY
12-02 22:44:57.930   973  1075 I okhttp.OkHttpClient: Content-Type: application/json
12-02 22:44:57.930   973  1075 I okhttp.OkHttpClient: Transfer-Encoding: chunked
12-02 22:44:57.930   973  1075 I okhttp.OkHttpClient: Date: Fri, 02 Dec 2022 19:44:58 GMT
12-02 22:44:57.930   973  1075 I okhttp.OkHttpClient: Keep-Alive: timeout=60
12-02 22:44:57.930   973  1075 I okhttp.OkHttpClient: Connection: keep-alive
12-02 22:44:58.783   973  1032 D EGL_emulation: eglMakeCurrent: 0xdb91b8c0: ver 2 0 (tinfo 0xc09e63a0)
12-02 22:44:58.821   973  1032 I chatty  : uid=10159(ru.iteco.fmhandroid) RenderThread identical 2 lines
12-02 22:44:59.301   973  1032 D EGL_emulation: eglMakeCurrent: 0xdb91b8c0: ver 2 0 (tinfo 0xc09e63a0)
12-02 22:44:59.973  1750  1962 W audio_hw_generic: Not supplying enough data to HAL, expected position 422655539 , only wrote 422375034
12-02 22:45:00.005  2169  2169 D KeyguardClockSwitch: Updating clock: 1045
12-02 22:45:00.015  2169  2501 D EGL_emulation: eglMakeCurrent: 0xdb91a600: ver 2 0 (tinfo 0xdb90f8d0)
12-02 22:45:03.423   973   973 I ViewInteraction: Checking 'MatchesViewAssertion{viewMatcher=(view has effective visibility <VISIBLE> and view.getGlobalVisibleRect() to return non-empty rectangle)}' assertion on view an instance of android.widget.TextView and view.getText() with or without transformation to match: is "Благодарность"
12-02 22:45:03.425   973   973 I ViewInteraction: Performing 'single click' action on view an instance of android.widget.TextView and view.getText() with or without transformation to match: is "Благодарность"
12-02 22:45:03.482   973  1032 D EGL_emulation: eglMakeCurrent: 0xdb91b8c0: ver 2 0 (tinfo 0xc09e63a0)
12-02 22:45:03.544  1750  3111 W audio_hw_generic: Not supplying enough data to HAL, expected position 422375045 , only wrote 422375034
12-02 22:45:03.573   973  1032 D EGL_emulation: eglMakeCurrent: 0xdb91b8c0: ver 2 0 (tinfo 0xc09e63a0)
12-02 22:45:03.580  2010  2089 E InputDispatcher: Window handle Window{b8a7018 u0 PopupWindow:b80d651} has no registered input channel
12-02 22:45:03.589   973  1032 D EGL_emulation: eglMakeCurrent: 0xdb91b8c0: ver 2 0 (tinfo 0xc09e63a0)
12-02 22:45:03.598  2010  9089 E InputDispatcher: Window handle Window{b8a7018 u0 PopupWindow:b80d651} has no registered input channel
12-02 22:45:03.703   973   973 I ViewInteraction: Performing 'wait for a specific view with <view.getId() is <2131231227/ru.iteco.fmhandroid:id/news_item_title_text_input_edit_text>> during 10000 millis.' action on view view.getRootView() to equal view
12-02 22:45:03.705   973   973 I ViewInteraction: Performing 'replace text(Благодарность 354419b5-a3b0-4591-bcb6-38d5c122ace2)' action on view view.getId() is <2131231227/ru.iteco.fmhandroid:id/news_item_title_text_input_edit_text>
12-02 22:45:03.719   973   973 I ViewInteraction: Performing 'wait for a specific view with <view.getId() is <2131231222/ru.iteco.fmhandroid:id/news_item_publish_date_text_input_edit_text>> during 10000 millis.' action on view view.getRootView() to equal view
12-02 22:45:03.722   973   973 I ViewInteraction: Performing 'single click' action on view view.getId() is <2131231222/ru.iteco.fmhandroid:id/news_item_publish_date_text_input_edit_text>
12-02 22:45:03.830  1772  1875 D gralloc_ranchu: gralloc_alloc: Creating ashmem region of size 10964992
12-02 22:45:03.836  1772  1875 I chatty  : uid=1000(system) HwBinder:1772_2 identical 1 line
12-02 22:45:03.837  1772  1875 D gralloc_ranchu: gralloc_alloc: Creating ashmem region of size 10964992
12-02 22:45:03.844   973  1032 D EGL_emulation: eglMakeCurrent: 0xdb91b8c0: ver 2 0 (tinfo 0xc09e63a0)
12-02 22:45:03.963   973  1032 I chatty  : uid=10159(ru.iteco.fmhandroid) RenderThread identical 5 lines
12-02 22:45:03.986   973  1032 D EGL_emulation: eglMakeCurrent: 0xdb91b8c0: ver 2 0 (tinfo 0xc09e63a0)
12-02 22:45:04.321   973   973 I ViewInteraction: Performing 'wait for a specific view with <is assignable from class <class android.widget.DatePicker>> during 10000 millis.' action on view view.getRootView() to equal view
12-02 22:45:04.323   973   973 I ViewInteraction: Checking 'MatchesViewAssertion{viewMatcher=(view has effective visibility <VISIBLE> and view.getGlobalVisibleRect() to return non-empty rectangle)}' assertion on view is assignable from class <class android.widget.DatePicker>
12-02 22:45:04.327   973   973 I ViewInteraction: Performing 'wait for a specific view with <is assignable from class <class android.widget.DatePicker>> during 10000 millis.' action on view view.getRootView() to equal view
12-02 22:45:04.330   973   973 I ViewInteraction: Performing 'set date' action on view is assignable from class <class android.widget.DatePicker>
12-02 22:45:04.370   973   973 I ViewInteraction: Performing 'wait for a specific view with <view.getId() is <16908313/android:id/button1>> during 10000 millis.' action on view view.getRootView() to equal view
12-02 22:45:04.373   973   973 I ViewInteraction: Performing 'single click' action on view view.getId() is <16908313/android:id/button1>
12-02 22:45:04.445   973  1032 D EGL_emulation: eglMakeCurrent: 0xdb91b8c0: ver 2 0 (tinfo 0xc09e63a0)
12-02 22:45:04.459   973  1032 D EGL_emulation: eglMakeCurrent: 0xdb91b8c0: ver 2 0 (tinfo 0xc09e63a0)
12-02 22:45:04.465  2010  2419 E InputDispatcher: Window handle Window{5af87bb u0 ru.iteco.fmhandroid/ru.iteco.fmhandroid.ui.AppActivity} has no registered input channel
12-02 22:45:04.727   973   973 I ViewInteraction: Performing 'wait for a specific view with <view.getId() is <2131231223/ru.iteco.fmhandroid:id/news_item_publish_time_text_input_edit_text>> during 10000 millis.' action on view view.getRootView() to equal view
12-02 22:45:04.731   973   973 I ViewInteraction: Performing 'single click' action on view view.getId() is <2131231223/ru.iteco.fmhandroid:id/news_item_publish_time_text_input_edit_text>
12-02 22:45:04.844  1772  1875 D gralloc_ranchu: gralloc_alloc: Creating ashmem region of size 9261056
12-02 22:45:04.851  1772  1875 I chatty  : uid=1000(system) HwBinder:1772_2 identical 1 line
12-02 22:45:04.853  1772  1875 D gralloc_ranchu: gralloc_alloc: Creating ashmem region of size 9261056
12-02 22:45:04.858   973  1032 D EGL_emulation: eglMakeCurrent: 0xdb91b8c0: ver 2 0 (tinfo 0xc09e63a0)
12-02 22:45:04.903   973  1032 D EGL_emulation: eglMakeCurrent: 0xdb91b8c0: ver 2 0 (tinfo 0xc09e63a0)
12-02 22:45:05.147   973   973 I ViewInteraction: Performing 'wait for a specific view with <is assignable from class <class android.widget.TimePicker>> during 10000 millis.' action on view view.getRootView() to equal view
12-02 22:45:05.151   973   973 I ViewInteraction: Checking 'MatchesViewAssertion{viewMatcher=(view has effective visibility <VISIBLE> and view.getGlobalVisibleRect() to return non-empty rectangle)}' assertion on view is assignable from class <class android.widget.TimePicker>
12-02 22:45:05.154   973   973 I ViewInteraction: Performing 'wait for a specific view with <is assignable from class <class android.widget.TimePicker>> during 10000 millis.' action on view view.getRootView() to equal view
12-02 22:45:05.156   973   973 I ViewInteraction: Performing 'set time' action on view is assignable from class <class android.widget.TimePicker>
12-02 22:45:05.165   973  1032 D EGL_emulation: eglMakeCurrent: 0xdb91b8c0: ver 2 0 (tinfo 0xc09e63a0)
12-02 22:45:05.176   973   973 I ViewInteraction: Performing 'wait for a specific view with <view.getId() is <16908313/android:id/button1>> during 10000 millis.' action on view view.getRootView() to equal view
12-02 22:45:05.178   973   973 I ViewInteraction: Performing 'single click' action on view view.getId() is <16908313/android:id/button1>
12-02 22:45:05.243   973  1032 D EGL_emulation: eglMakeCurrent: 0xdb91b8c0: ver 2 0 (tinfo 0xc09e63a0)
12-02 22:45:05.247  2010  3295 E InputDispatcher: Window handle Window{674cdc6 u0 ru.iteco.fmhandroid/ru.iteco.fmhandroid.ui.AppActivity} has no registered input channel
12-02 22:45:05.258   973  1032 D EGL_emulation: eglMakeCurrent: 0xdb91b8c0: ver 2 0 (tinfo 0xc09e63a0)
