--------- beginning of main
11-18 15:13:36.978 25807 25865 D EGL_emulation: eglMakeCurrent: 0xdde1b080: ver 2 0 (tinfo 0xcd75c5f0)
11-18 15:13:37.022  2153  2153 I Choreographer: Skipped 59 frames!  The application may be doing too much work on its main thread.
11-18 15:13:37.026  1891  1891 E netmgr  : Failed to open QEMU pipe 'qemud:network': Invalid argument
11-18 15:13:37.046  2441  2951 I OpenGLRenderer: Davey! duration=1150ms; Flags=0, IntendedVsync=655261700862402, Vsync=655261817529064, OldestInputEvent=9223372036854775807, NewestInputEvent=0, HandleInputStart=655261831420500, AnimationStart=655261831556600, PerformTraversalsStart=655261831604000, DrawStart=655262111637000, SyncQueued=655262821294200, SyncStart=655262823442200, IssueDrawCommandsStart=655262824580200, SwapBuffers=655262827492400, FrameCompleted=655262853467100, DequeueBufferDuration=622000, QueueBufferDuration=1929000, 
11-18 15:13:37.078  2441  2441 I Choreographer: Skipped 60 frames!  The application may be doing too much work on its main thread.
11-18 15:13:37.095  2153  2505 D EGL_emulation: eglMakeCurrent: 0xdde1a6c0: ver 2 0 (tinfo 0xdde0fac0)
11-18 15:13:37.110 25807 25807 D LifecycleMonitor: Lifecycle status change: ru.iteco.fmhandroid.ui.AppActivity@4ed2c49 in: STOPPED
11-18 15:13:37.111  1775  1775 E Layer   : [Surface(name=AppWindowToken{cf95f47 token=Token{19f6a86 ActivityRecord{5fbaf61 u0 com.google.android.apps.nexuslauncher/.NexusLauncherActivity t1123}}})/@0xb8f158b - animation-leash#0] No local sync point found
11-18 15:13:37.111  1775  1775 E Layer   : [Surface(name=AppWindowToken{b39a9c token=Token{4fcda0f ActivityRecord{73c736e u0 ru.iteco.fmhandroid/.ui.AppActivity t2303}}})/@0xfcabe82 - animation-leash#0] No local sync point found
11-18 15:13:37.124  2441  2951 I OpenGLRenderer: Davey! duration=1047ms; Flags=0, IntendedVsync=655261884202006, Vsync=655262884201966, OldestInputEvent=9223372036854775807, NewestInputEvent=0, HandleInputStart=655262886378100, AnimationStart=655262886450800, PerformTraversalsStart=655262887065200, DrawStart=655262887182600, SyncQueued=655262887274800, SyncStart=655262888665100, IssueDrawCommandsStart=655262888894400, SwapBuffers=655262913567900, FrameCompleted=655262932967200, DequeueBufferDuration=634000, QueueBufferDuration=3294000, 
11-18 15:13:37.159  2580 25558 E SQLiteDatabase: Error inserting flex_time=3573000 job_id=-1 period=7148000 source=16 requires_charging=0 preferred_network_type=1 target_class=com.google.android.gms.measurement.PackageMeasurementTaskService user_id=0 target_package=com.google.android.gms tag=Measurement.PackageMeasurementTaskService.UPLOAD_TASK_TAG task_type=0 required_idleness_state=0 service_kind=0 source_version=202414000 persistence_level=1 preferred_charging_state=1 required_network_type=0 runtime=1668773617024 retry_strategy={"maximum_backoff_seconds":{"3600":0},"initial_backoff_seconds":{"30":0},"retry_policy":{"0":0}} last_runtime=0
11-18 15:13:37.159  2580 25558 E SQLiteDatabase: android.database.sqlite.SQLiteConstraintException: UNIQUE constraint failed: pending_ops.tag, pending_ops.target_class, pending_ops.target_package, pending_ops.user_id (code 2067 SQLITE_CONSTRAINT_UNIQUE)
11-18 15:13:37.159  2580 25558 E SQLiteDatabase: 	at android.database.sqlite.SQLiteConnection.nativeExecuteForLastInsertedRowId(Native Method)
11-18 15:13:37.159  2580 25558 E SQLiteDatabase: 	at android.database.sqlite.SQLiteConnection.executeForLastInsertedRowId(SQLiteConnection.java:879)
11-18 15:13:37.159  2580 25558 E SQLiteDatabase: 	at android.database.sqlite.SQLiteSession.executeForLastInsertedRowId(SQLiteSession.java:790)
11-18 15:13:37.159  2580 25558 E SQLiteDatabase: 	at android.database.sqlite.SQLiteStatement.executeInsert(SQLiteStatement.java:88)
11-18 15:13:37.159  2580 25558 E SQLiteDatabase: 	at android.database.sqlite.SQLiteDatabase.insertWithOnConflict(SQLiteDatabase.java:1599)
11-18 15:13:37.159  2580 25558 E SQLiteDatabase: 	at android.database.sqlite.SQLiteDatabase.insert(SQLiteDatabase.java:1468)
11-18 15:13:37.159  2580 25558 E SQLiteDatabase: 	at aqui.a(:com.google.android.gms@202414022@20.24.14 (040700-319035315):175)
11-18 15:13:37.159  2580 25558 E SQLiteDatabase: 	at aqtk.a(:com.google.android.gms@202414022@20.24.14 (040700-319035315):182)
11-18 15:13:37.159  2580 25558 E SQLiteDatabase: 	at aqtk.a(:com.google.android.gms@202414022@20.24.14 (040700-319035315):23)
11-18 15:13:37.159  2580 25558 E SQLiteDatabase: 	at aqtk.a(:com.google.android.gms@202414022@20.24.14 (040700-319035315):177)
11-18 15:13:37.159  2580 25558 E SQLiteDatabase: 	at aqpu.run(:com.google.android.gms@202414022@20.24.14 (040700-319035315):9)
11-18 15:13:37.159  2580 25558 E SQLiteDatabase: 	at soy.b(:com.google.android.gms@202414022@20.24.14 (040700-319035315):12)
11-18 15:13:37.159  2580 25558 E SQLiteDatabase: 	at soy.run(:com.google.android.gms@202414022@20.24.14 (040700-319035315):7)
11-18 15:13:37.159  2580 25558 E SQLiteDatabase: 	at java.util.concurrent.ThreadPoolExecutor.runWorker(ThreadPoolExecutor.java:1167)
11-18 15:13:37.159  2580 25558 E SQLiteDatabase: 	at java.util.concurrent.ThreadPoolExecutor$Worker.run(ThreadPoolExecutor.java:641)
11-18 15:13:37.159  2580 25558 E SQLiteDatabase: 	at sux.run(:com.google.android.gms@202414022@20.24.14 (040700-319035315):0)
11-18 15:13:37.159  2580 25558 E SQLiteDatabase: 	at java.lang.Thread.run(Thread.java:919)
11-18 15:13:37.184  2876  3118 W ThreadPoolDumper: Task au[MicroDetectionState#registerBroadcastReceivers] was queued for 1378ms before starting on executor EventBus
11-18 15:13:37.185  2153  2505 I OpenGLRenderer: Davey! duration=1143ms; Flags=0, IntendedVsync=655261834217519, Vsync=655262817550813, OldestInputEvent=9223372036854775807, NewestInputEvent=0, HandleInputStart=655262830736700, AnimationStart=655262831194600, PerformTraversalsStart=655262852903500, DrawStart=655262853092300, SyncQueued=655262891768500, SyncStart=655262904770500, IssueDrawCommandsStart=655262930547800, SwapBuffers=655262973802500, FrameCompleted=655262990329300, DequeueBufferDuration=478000, QueueBufferDuration=5342000, 
11-18 15:13:37.193  2153  2505 D EGL_emulation: eglMakeCurrent: 0xdde1a6c0: ver 2 0 (tinfo 0xdde0fac0)
11-18 15:13:37.200 25807 25807 D LifecycleMonitor: Lifecycle status change: ru.iteco.fmhandroid.ui.AppActivity@4ed2c49 in: DESTROYED
11-18 15:13:37.204  2153  2505 I OpenGLRenderer: Davey! duration=1108ms; Flags=0, IntendedVsync=655261834217519, Vsync=655262817550813, OldestInputEvent=9223372036854775807, NewestInputEvent=0, HandleInputStart=655262830736700, AnimationStart=655262831194600, PerformTraversalsStart=655262852903500, DrawStart=655262931186800, SyncQueued=655262933856700, SyncStart=655263003936100, IssueDrawCommandsStart=655263004241500, SwapBuffers=655263006275600, FrameCompleted=655263012804000, DequeueBufferDuration=116000, QueueBufferDuration=810000, 
11-18 15:13:37.256  2006  6581 D HostConnection: HostConnection::get() New Host Connection established 0xdde553f0, tid 6581
11-18 15:13:37.265  2006  6581 D HostConnection: HostComposition ext ANDROID_EMU_CHECKSUM_HELPER_v1 ANDROID_EMU_dma_v1 ANDROID_EMU_direct_mem ANDROID_EMU_host_composition_v1 ANDROID_EMU_host_composition_v2 ANDROID_EMU_vulkan ANDROID_EMU_deferred_vulkan_commands ANDROID_EMU_vulkan_null_optional_strings ANDROID_EMU_vulkan_create_resources_with_requirements ANDROID_EMU_YUV_Cache ANDROID_EMU_vulkan_ignored_handles ANDROID_EMU_vulkan_free_memory_sync ANDROID_EMU_vulkan_shader_float16_int8 ANDROID_EMU_vulkan_async_queue_submit ANDROID_EMU_sync_buffer_data GL_OES_vertex_array_object GL_KHR_texture_compression_astc_ldr ANDROID_EMU_host_side_tracing ANDROID_EMU_gles_max_version_2 
11-18 15:13:37.267  2006  6581 W OpenGLRenderer: Failed to choose config with EGL_SWAP_BEHAVIOR_PRESERVED, retrying without...
11-18 15:13:37.360  1761  2617 D gralloc_ranchu: gralloc_alloc: Creating ashmem region of size 14749696
11-18 15:13:37.363 25807 25898 D FA      : Application going to the background
11-18 15:13:37.404  2006  6581 D EGL_emulation: eglCreateContext: 0xdde1af60: maj 2 min 0 rcv 2
11-18 15:13:37.414  2006  6581 D EGL_emulation: eglMakeCurrent: 0xdde1af60: ver 2 0 (tinfo 0xb180ad60)
11-18 15:13:37.479  2876 25908 W LocationOracle: No location history returned by ContextManager
11-18 15:13:37.554 25780 25801 I app_process: NativeAlloc concurrent copying GC freed 156(99KB) AllocSpace objects, 0(0B) LOS objects, 96% free, 61KB/1597KB, paused 507us total 112.603ms
11-18 15:13:37.637  2580  3265 W GCoreFlp: No location to return for getLastLocation()
11-18 15:13:37.649  2876  3118 I MicroDetectionWorker: #startMicroDetector [speakerMode: 0]
11-18 15:13:37.664  2876  3118 W ErrorReporter: reportError [type: 211, code: 393244, bug: 0]: errorCode: 393244, engine: 0
11-18 15:13:37.668  2876  3118 I MicroDetector: Keeping mic open: false
11-18 15:13:37.668  2876  3118 I MicroDetectionWorker: #onError(false)
11-18 15:13:37.693  2441  2459 I s.nexuslaunche: NativeAlloc concurrent copying GC freed 8248(470KB) AllocSpace objects, 7(524KB) LOS objects, 49% free, 2861KB/5723KB, paused 773us total 591.482ms
11-18 15:13:37.733  2757 25855 V FA-SVC  : Logging event: origin=auto,name=app_background(_ab),params=Bundle[{ga_event_origin(_o)=auto}]
11-18 15:13:37.810  2441  2461 W System  : A resource failed to call release. 
11-18 15:13:37.810  2441  2461 W System  : A resource failed to call release. 
11-18 15:13:37.812  2757 25855 V FA-SVC  : Upload scheduled in approximately ms: 3571781
11-18 15:13:37.812  2757 25855 V FA-SVC  : Unscheduling upload
11-18 15:13:37.841  2757 25855 V FA-SVC  : Scheduling upload, millis: 3571781
11-18 15:13:37.863  2757 25855 V FA-SVC  : Background event processing time, ms: 131
11-18 15:13:37.902  2580 25601 W ctxmgr  : [AclManager] No 3 for (accnt=account#-517948760#, com.google.android.gms(10114):UserVelocityProducer, vrsn=202414022, 0, 3pPkg = null ,  3pMdlId = null ,  pid = 2580). Was: 3 for 1, account#-517948760# [CONTEXT service_id=47 ]
11-18 15:13:37.953 25807 25820 I teco.fmhandroi: NativeAlloc concurrent copying GC freed 6695(653KB) AllocSpace objects, 17(1244KB) LOS objects, 49% free, 3011KB/6022KB, paused 967us total 276.111ms
11-18 15:13:38.002  2580  3265 W GCoreFlp: No location to return for getLastLocation()
11-18 15:13:38.010  2153  2171 I ndroid.systemu: NativeAlloc concurrent copying GC freed 84862(4707KB) AllocSpace objects, 0(0B) LOS objects, 49% free, 5621KB/10MB, paused 794us total 800.710ms
11-18 15:13:38.050  2580 25558 I LogUtils: [Places]: ?: Couldn't find platform key file. [CONTEXT service_id=253 ]
11-18 15:13:38.058  2580 25892 E SQLiteDatabase: Error inserting flex_time=3571000 job_id=-1 period=7144000 source=16 requires_charging=0 preferred_network_type=1 target_class=com.google.android.gms.measurement.PackageMeasurementTaskService user_id=0 target_package=com.google.android.gms tag=Measurement.PackageMeasurementTaskService.UPLOAD_TASK_TAG task_type=0 required_idleness_state=0 service_kind=0 source_version=202414000 persistence_level=1 preferred_charging_state=1 required_network_type=0 runtime=1668773617916 retry_strategy={"maximum_backoff_seconds":{"3600":0},"initial_backoff_seconds":{"30":0},"retry_policy":{"0":0}} last_runtime=0
11-18 15:13:38.058  2580 25892 E SQLiteDatabase: android.database.sqlite.SQLiteConstraintException: UNIQUE constraint failed: pending_ops.tag, pending_ops.target_class, pending_ops.target_package, pending_ops.user_id (code 2067 SQLITE_CONSTRAINT_UNIQUE)
11-18 15:13:38.058  2580 25892 E SQLiteDatabase: 	at android.database.sqlite.SQLiteConnection.nativeExecuteForLastInsertedRowId(Native Method)
11-18 15:13:38.058  2580 25892 E SQLiteDatabase: 	at android.database.sqlite.SQLiteConnection.executeForLastInsertedRowId(SQLiteConnection.java:879)
11-18 15:13:38.058  2580 25892 E SQLiteDatabase: 	at android.database.sqlite.SQLiteSession.executeForLastInsertedRowId(SQLiteSession.java:790)
11-18 15:13:38.058  2580 25892 E SQLiteDatabase: 	at android.database.sqlite.SQLiteStatement.executeInsert(SQLiteStatement.java:88)
11-18 15:13:38.058  2580 25892 E SQLiteDatabase: 	at android.database.sqlite.SQLiteDatabase.insertWithOnConflict(SQLiteDatabase.java:1599)
11-18 15:13:38.058  2580 25892 E SQLiteDatabase: 	at android.database.sqlite.SQLiteDatabase.insert(SQLiteDatabase.java:1468)
11-18 15:13:38.058  2580 25892 E SQLiteDatabase: 	at aqui.a(:com.google.android.gms@202414022@20.24.14 (040700-319035315):175)
11-18 15:13:38.058  2580 25892 E SQLiteDatabase: 	at aqtk.a(:com.google.android.gms@202414022@20.24.14 (040700-319035315):182)
11-18 15:13:38.058  2580 25892 E SQLiteDatabase: 	at aqtk.a(:com.google.android.gms@202414022@20.24.14 (040700-319035315):23)
11-18 15:13:38.058  2580 25892 E SQLiteDatabase: 	at aqtk.a(:com.google.android.gms@202414022@20.24.14 (040700-319035315):177)
11-18 15:13:38.058  2580 25892 E SQLiteDatabase: 	at aqpu.run(:com.google.android.gms@202414022@20.24.14 (040700-319035315):9)
11-18 15:13:38.058  2580 25892 E SQLiteDatabase: 	at soy.b(:com.google.android.gms@202414022@20.24.14 (040700-319035315):12)
11-18 15:13:38.058  2580 25892 E SQLiteDatabase: 	at soy.run(:com.google.android.gms@202414022@20.24.14 (040700-319035315):8)
11-18 15:13:38.058  2580 25892 E SQLiteDatabase: 	at java.util.concurrent.ThreadPoolExecutor.runWorker(ThreadPoolExecutor.java:1167)
11-18 15:13:38.058  2580 25892 E SQLiteDatabase: 	at java.util.concurrent.ThreadPoolExecutor$Worker.run(ThreadPoolExecutor.java:641)
11-18 15:13:38.058  2580 25892 E SQLiteDatabase: 	at sux.run(:com.google.android.gms@202414022@20.24.14 (040700-319035315):0)
11-18 15:13:38.058  2580 25892 E SQLiteDatabase: 	at java.lang.Thread.run(Thread.java:919)
11-18 15:13:38.188  2580  2580 I GeofencerStateMachine: removeGeofences: removeRequest=RemoveGeofencingRequest[REMOVE_BY_PENDING_INTENT pendingIntent=PendingIntent[creatorPackage=com.google.android.gms], packageName=com.google.android.gms]
11-18 15:13:38.191  2580  2580 I GeofencerStateMachine: removeGeofences: removeRequest=RemoveGeofencingRequest[REMOVE_BY_PENDING_INTENT pendingIntent=PendingIntent[creatorPackage=com.google.android.gms], packageName=com.google.android.gms]
11-18 15:13:38.209  2580 25558 I LogUtils: [Places]: ?: Couldn't find platform key file. [CONTEXT service_id=253 ]
11-18 15:13:38.213  2580 25909 I PlacesLogger: [PlaceInferenceEngine]: [anon] Changed inference mode: 0 [CONTEXT service_id=253 ]
11-18 15:13:38.222  1761  2617 D gralloc_ranchu: gralloc_alloc: Creating ashmem region of size 14749696
11-18 15:13:38.235  2580 25910 I LogUtils: [Places]: ?: Couldn't find platform key file. [CONTEXT service_id=253 ]
11-18 15:13:38.236  2580  3265 W GCoreFlp: No location to return for getLastLocation()
11-18 15:13:38.315  2580 25911 I LogUtils: [Places]: ?: Couldn't find platform key file. [CONTEXT service_id=253 ]
11-18 15:13:38.362  2580 25601 I ctxmgr  : [ProducerStatusImpl] updateStateForNewContextData: inactive, contextName=7 [CONTEXT service_id=47 ]
11-18 15:13:38.399  2580  3265 W GCoreFlp: No location to return for getLastLocation()
11-18 15:13:38.458  2580 25892 I LogUtils: [Places]: ?: Couldn't find platform key file. [CONTEXT service_id=253 ]
11-18 15:13:38.460  2580 25911 I LogUtils: [Places]: ?: Couldn't find platform key file. [CONTEXT service_id=253 ]
11-18 15:13:38.481  2580 25909 I LogUtils: [Places]: ?: PlacesBleScanner start() with priority 2 [CONTEXT service_id=253 ]
11-18 15:13:38.485  2580 25909 I PlacesLogger: [PlaceInferenceEngine]: [anon] Changed inference mode: 1 [CONTEXT service_id=253 ]
11-18 15:13:38.506  2580  2580 E BeaconBle: Missing BluetoothAdapter [CONTEXT service_id=111 ]
11-18 15:13:38.506  2580  2580 I BeaconBle: BLE 'KK+' software access layer enabled [CONTEXT service_id=111 ]
11-18 15:13:38.520  2580  3265 W GCoreFlp: No location to return for getLastLocation()
11-18 15:13:38.546  2580  2580 I BeaconBle: Client requested scan, settings=BleSettings [scanMode=ZERO_POWER, callbackType=ALL_MATCHES, reportDelayMillis=0, 1 filters, 0 clients, callingClientName=Places] [CONTEXT service_id=111 ]
11-18 15:13:38.551  2580  2580 I BeaconBle: Scan : No clients left, canceling alarm. [CONTEXT service_id=111 ]
11-18 15:13:38.555  2580  2580 E BeaconBle: Scan couldn't start for Places [CONTEXT service_id=111 ]
11-18 15:13:38.556  2580  2580 W Places  : BLE failure while scanning - code 5
11-18 15:13:38.784  2006   937 D WificondControl: Scan result ready event
11-18 15:13:38.858 25807 25852 E TestRunner: failed: shouldFilterTheNewsWithCategorySalary(ru.iteco.fmhandroid.ui.FilterNewsPageTest)
11-18 15:13:38.858 25807 25852 E TestRunner: ----- begin exception -----
11-18 15:13:38.862 25807 25852 E TestRunner: androidx.test.espresso.PerformException: Error performing 'wait for a specific view with <view.getId() is <2131230870/ru.iteco.fmhandroid:id/authorization_image_button>> during 20000 millis.' on view 'view.getRootView() to equal view'.
11-18 15:13:38.862 25807 25852 E TestRunner: 	at androidx.test.espresso.PerformException$Builder.build(PerformException.java:1)
11-18 15:13:38.862 25807 25852 E TestRunner: 	at androidx.test.espresso.base.PerformExceptionHandler.handleSafely(PerformExceptionHandler.java:8)
11-18 15:13:38.862 25807 25852 E TestRunner: 	at androidx.test.espresso.base.PerformExceptionHandler.handleSafely(PerformExceptionHandler.java:9)
11-18 15:13:38.862 25807 25852 E TestRunner: 	at androidx.test.espresso.base.DefaultFailureHandler$TypedFailureHandler.handle(DefaultFailureHandler.java:4)
11-18 15:13:38.862 25807 25852 E TestRunner: 	at androidx.test.espresso.base.DefaultFailureHandler.handle(DefaultFailureHandler.java:5)
11-18 15:13:38.862 25807 25852 E TestRunner: 	at androidx.test.espresso.ViewInteraction.waitForAndHandleInteractionResults(ViewInteraction.java:8)
11-18 15:13:38.862 25807 25852 E TestRunner: 	at androidx.test.espresso.ViewInteraction.desugaredPerform(ViewInteraction.java:11)
11-18 15:13:38.862 25807 25852 E TestRunner: 	at androidx.test.espresso.ViewInteraction.perform(ViewInteraction.java:8)
11-18 15:13:38.862 25807 25852 E TestRunner: 	at ru.iteco.fmhandroid.ui.data.TestUtils.waitView(TestUtils.java:138)
11-18 15:13:38.862 25807 25852 E TestRunner: 	at ru.iteco.fmhandroid.ui.steps.MainPageSteps.clickLogOutBut(MainPageSteps.java:55)
11-18 15:13:38.862 25807 25852 E TestRunner: 	at ru.iteco.fmhandroid.ui.FilterNewsPageTest.logoutCheck(FilterNewsPageTest.java:104)
11-18 15:13:38.862 25807 25852 E TestRunner: 	at java.lang.reflect.Method.invoke(Native Method)
11-18 15:13:38.862 25807 25852 E TestRunner: 	at org.junit.runners.model.FrameworkMethod$1.runReflectiveCall(FrameworkMethod.java:59)
11-18 15:13:38.862 25807 25852 E TestRunner: 	at org.junit.internal.runners.model.ReflectiveCallable.run(ReflectiveCallable.java:12)
11-18 15:13:38.862 25807 25852 E TestRunner: 	at org.junit.runners.model.FrameworkMethod.invokeExplosively(FrameworkMethod.java:56)
11-18 15:13:38.862 25807 25852 E TestRunner: 	at androidx.test.internal.runner.junit4.statement.RunBefores.evaluate(RunBefores.java:76)
11-18 15:13:38.862 25807 25852 E TestRunner: 	at androidx.test.rule.ActivityTestRule$ActivityStatement.evaluate(ActivityTestRule.java:543)
11-18 15:13:38.862 25807 25852 E TestRunner: 	at io.qameta.allure.android.rules.LogcatRule$apply$1.evaluate(LogcatRule.kt:23)
11-18 15:13:38.862 25807 25852 E TestRunner: 	at io.qameta.allure.android.rules.ScreenshotRule$apply$1.evaluate(ScreenshotRule.kt:22)
11-18 15:13:38.862 25807 25852 E TestRunner: 	at io.qameta.allure.android.rules.ScreenshotRule$apply$1.evaluate(ScreenshotRule.kt:22)
11-18 15:13:38.862 25807 25852 E TestRunner: 	at org.junit.rules.RunRules.evaluate(RunRules.java:20)
11-18 15:13:38.862 25807 25852 E TestRunner: 	at org.junit.runners.ParentRunner$3.evaluate(ParentRunner.java:306)
11-18 15:13:38.862 25807 25852 E TestRunner: 	at org.junit.runners.BlockJUnit4ClassRunner$1.evaluate(BlockJUnit4ClassRunner.java:100)
11-18 15:13:38.862 25807 25852 E TestRunner: 	at org.junit.runners.ParentRunner.runLeaf(ParentRunner.java:366)
11-18 15:13:38.862 25807 25852 E TestRunner: 	at org.junit.runners.BlockJUnit4ClassRunner.runChild(BlockJUnit4ClassRunner.java:103)
11-18 15:13:38.862 25807 25852 E TestRunner: 	at org.junit.runners.BlockJUnit4ClassRunner.runChild(BlockJUnit4ClassRunner.java:63)
11-18 15:13:38.862 25807 25852 E TestRunner: 	at org.junit.runners.ParentRunner$4.run(ParentRunner.java:331)
11-18 15:13:38.862 25807 25852 E TestRunner: 	at org.junit.runners.ParentRunner$1.schedule(ParentRunner.java:79)
11-18 15:13:38.862 25807 25852 E TestRunner: 	at org.junit.runners.ParentRunner.runChildren(ParentRunner.java:329)
11-18 15:13:38.862 25807 25852 E TestRunner: 	at org.junit.runners.ParentRunner.access$100(ParentRunner.java:66)
11-18 15:13:38.862 25807 25852 E TestRunner: 	at org.junit.runners.ParentRunner$2.evaluate(ParentRunner.java:293)
11-18 15:13:38.862 25807 25852 E TestRunner: 	at org.junit.runners.ParentRunner$3.evaluate(ParentRunner.java:306)
11-18 15:13:38.862 25807 25852 E TestRunner: 	at org.junit.runners.ParentRunner.run(ParentRunner.java:413)
11-18 15:13:38.862 25807 25852 E TestRunner: 	at androidx.test.ext.junit.runners.AndroidJUnit4.run(AndroidJUnit4.java:162)
11-18 15:13:38.862 25807 25852 E TestRunner: 	at io.qameta.allure.android.runners.AllureAndroidJUnit4.run(AllureAndroidJUnitRunners.kt:29)
11-18 15:13:38.862 25807 25852 E TestRunner: 	at org.junit.runners.Suite.runChild(Suite.java:128)
11-18 15:13:38.862 25807 25852 E TestRunner: 	at org.junit.runners.Suite.runChild(Suite.java:27)
11-18 15:13:38.862 25807 25852 E TestRunner: 	at org.junit.runners.ParentRunner$4.run(ParentRunner.java:331)
11-18 15:13:38.862 25807 25852 E TestRunner: 	at org.junit.runners.ParentRunner$1.schedule(ParentRunner.java:79)
11-18 15:13:38.862 25807 25852 E TestRunner: 	at org.junit.runners.ParentRunner.runChildren(ParentRunner.java:329)
11-18 15:13:38.862 25807 25852 E TestRunner: 	at org.junit.runners.ParentRunner.access$100(ParentRunner.java:66)
11-18 15:13:38.862 25807 25852 E TestRunner: 	at org.junit.runners.ParentRunner$2.evaluate(ParentRunner.java:293)
11-18 15:13:38.862 25807 25852 E TestRunner: 	at org.junit.runners.ParentRunner$3.evaluate(ParentRunner.java:306)
11-18 15:13:38.862 25807 25852 E TestRunner: 	at org.junit.runners.ParentRunner.run(ParentRunner.java:413)
11-18 15:13:38.862 25807 25852 E TestRunner: 	at org.junit.runner.JUnitCore.run(JUnitCore.java:137)
11-18 15:13:38.862 25807 25852 E TestRunner: 	at org.junit.runner.JUnitCore.run(JUnitCore.java:115)
11-18 15:13:38.862 25807 25852 E TestRunner: 	at androidx.test.internal.runner.TestExecutor.execute(TestExecutor.java:67)
11-18 15:13:38.862 25807 25852 E TestRunner: 	at androidx.test.internal.runner.TestExecutor.execute(TestExecutor.java:58)
11-18 15:13:38.862 25807 25852 E TestRunner: 	at androidx.test.runner.AndroidJUnitRunner.onStart(AndroidJUnitRunner.java:438)
11-18 15:13:38.862 25807 25852 E TestRunner: 	at android.app.Instrumentation$InstrumentationThread
11-18 15:13:38.863 25807 25852 E TestRunner: ----- end exception -----
11-18 15:13:38.877 25807 25852 I TestRunner: finished: shouldFilterTheNewsWithCategorySalary(ru.iteco.fmhandroid.ui.FilterNewsPageTest)
11-18 15:13:39.321 25807 25852 I TestRunner: started: shouldFilterTheNewsWithCategoryTradeUnion(ru.iteco.fmhandroid.ui.FilterNewsPageTest)
11-18 15:13:39.375 25807 25852 W ActivityTestRule: getActivityIntent() returned null using default: Intent(Intent.ACTION_MAIN)
--------- beginning of system
11-18 15:13:39.386  2006   937 I ActivityTaskManager: START u0 {act=android.intent.action.MAIN flg=0x10000000 cmp=ru.iteco.fmhandroid/.ui.AppActivity} from uid 10150
11-18 15:13:39.438  2006  8134 W InputReader: Device has associated, but no associated display id.
11-18 15:13:39.441  2006  8134 I chatty  : uid=1000(system) Binder:2006_1B identical 28 lines
11-18 15:13:39.441  2006  8134 W InputReader: Device has associated, but no associated display id.
11-18 15:13:39.445 25807 25807 W ActivityThread: handleWindowVisibility: no activity for token android.os.BinderProxy@560ab05
11-18 15:13:39.449  2006  8134 W InputReader: Device has associated, but no associated display id.
11-18 15:13:39.451  2006  8134 I chatty  : uid=1000(system) Binder:2006_1B identical 8 lines
11-18 15:13:39.451  2006  8134 W InputReader: Device has associated, but no associated display id.
11-18 15:13:39.550  1761  2617 D gralloc_ranchu: gralloc_alloc: Creating ashmem region of size 14749696
11-18 15:13:39.676  2006  2032 W InputReader: Device has associated, but no associated display id.
11-18 15:13:39.676  2006  2032 I chatty  : uid=1000(system) android.anim identical 8 lines
11-18 15:13:39.676  2006  2032 W InputReader: Device has associated, but no associated display id.
11-18 15:13:39.719  2876  3288 D EGL_emulation: eglMakeCurrent: 0xdde1bb00: ver 2 0 (tinfo 0xdde0ff90)
11-18 15:13:39.720  2153  2505 D EGL_emulation: eglMakeCurrent: 0xdde1a6c0: ver 2 0 (tinfo 0xdde0fac0)
11-18 15:13:39.736  2441  2951 D EGL_emulation: eglMakeCurrent: 0xdde1a480: ver 2 0 (tinfo 0xdde0f530)
11-18 15:13:39.742  2153  2505 D EGL_emulation: eglMakeCurrent: 0xdde1a6c0: ver 2 0 (tinfo 0xdde0fac0)
11-18 15:13:42.403  2006  2032 I Choreographer: Skipped 157 frames!  The application may be doing too much work on its main thread.
11-18 15:13:42.510 25807 25807 D LifecycleMonitor: Lifecycle status change: ru.iteco.fmhandroid.ui.AppActivity@ec5f281 in: PRE_ON_CREATE
11-18 15:13:42.525 25807 25840 V FA      : onActivityCreated
11-18 15:13:42.671 25807 25807 D LifecycleMonitor: Lifecycle status change: ru.iteco.fmhandroid.ui.AppActivity@ec5f281 in: CREATED
11-18 15:13:43.014 25807 25807 D LifecycleMonitor: Lifecycle status change: ru.iteco.fmhandroid.ui.AppActivity@ec5f281 in: STARTED
11-18 15:13:43.018 25807 25807 D LifecycleMonitor: Lifecycle status change: ru.iteco.fmhandroid.ui.AppActivity@ec5f281 in: RESUMED
11-18 15:13:43.022 25807 25898 V FA      : Activity resumed, time: 655268826
11-18 15:13:43.137  1761  2617 D gralloc_ranchu: gralloc_alloc: Creating ashmem region of size 14749696
11-18 15:13:43.154  1761  2617 I chatty  : uid=1000(system) HwBinder:1761_2 identical 1 line
11-18 15:13:43.155  1761  2617 D gralloc_ranchu: gralloc_alloc: Creating ashmem region of size 14749696
11-18 15:13:43.199 25807 25865 D EGL_emulation: eglMakeCurrent: 0xdde1b080: ver 2 0 (tinfo 0xcd75c5f0)
11-18 15:13:43.362 25807 25898 V FA      : Inactivity, disconnecting from the service
11-18 15:13:43.379  2006  2036 I ActivityTaskManager: Displayed ru.iteco.fmhandroid/.ui.AppActivity: +3s979ms
11-18 15:13:43.421 25807 25807 I ViewInteraction: Performing 'wait for a specific view with <(an instance of android.widget.TextView and view.getText() with or without transformation to match: is "Authorization" and view.getParent() view.getParent() view.getId() is <2131231186>)> during 20000 millis.' action on view view.getRootView() to equal view
11-18 15:13:43.436  2757 25855 V FA-SVC  : Logging event: origin=auto,name=screen_view(_vs),params=Bundle[{ga_event_origin(_o)=auto, ga_previous_class(_pc)=AppActivity, ga_previous_id(_pi)=-2369636290981031051, ga_screen_class(_sc)=AppActivity, ga_screen_id(_si)=-2369636290981031050}]
11-18 15:13:43.492  2757 25855 V FA-SVC  : Upload scheduled in approximately ms: 3566101
11-18 15:13:43.492  2757 25855 V FA-SVC  : Unscheduling upload
11-18 15:13:43.521  2757 25855 V FA-SVC  : Scheduling upload, millis: 3566101
11-18 15:13:43.528  2757 25855 V FA-SVC  : Background event processing time, ms: 107
11-18 15:13:43.547  2876 25887 I PBSessionCacheImpl: Deleted sessionId[360285119838] from persistence.
11-18 15:13:43.611  2006  2029 W Looper  : Slow dispatch took 489ms android.ui h=com.android.server.wm.DisplayPolicy$PolicyHandler c=com.android.server.wm.-$$Lambda$DisplayPolicy$qQY9m_Itua9TDy-Nk3zzDxvjEwE@70f2d2 m=0
11-18 15:13:43.612  2006  2029 W Looper  : Slow delivery took 256ms android.ui h=com.android.server.wm.BarController$BarHandler c=com.android.server.wm.BarController$1@a7f8fa3 m=0
11-18 15:13:43.612  2006  2006 W Looper  : Slow dispatch took 486ms main h=com.android.server.accessibility.AccessibilityManagerService$MainHandler c=<recycled PooledLambda@12602a0> m=0
11-18 15:13:43.612  2006  2006 W Looper  : Slow delivery took 486ms main h=com.android.server.accessibility.AccessibilityManagerService$MainHandler c=<recycled PooledLambda@50f872> m=0
11-18 15:13:43.615  2006  2006 W Looper  : Drained
11-18 15:13:43.669  2006  2019 I system_server: Background young concurrent copying GC freed 99462(5043KB) AllocSpace objects, 19(860KB) LOS objects, 7% free, 69MB/75MB, paused 1.699ms total 3.982s
11-18 15:13:43.684  2006  2029 W Looper  : Drained
11-18 15:13:43.720  2153  2505 D EGL_emulation: eglMakeCurrent: 0xdde1a6c0: ver 2 0 (tinfo 0xdde0fac0)
11-18 15:13:43.747  2876  3118 W SearchServiceCore: Abort, client detached.
11-18 15:13:43.869  2580 25558 E SQLiteDatabase: Error inserting flex_time=3566000 job_id=-1 period=7133000 source=16 requires_charging=0 preferred_network_type=1 target_class=com.google.android.gms.measurement.PackageMeasurementTaskService user_id=0 target_package=com.google.android.gms tag=Measurement.PackageMeasurementTaskService.UPLOAD_TASK_TAG task_type=0 required_idleness_state=0 service_kind=0 source_version=202414000 persistence_level=1 preferred_charging_state=1 required_network_type=0 runtime=1668773623759 retry_strategy={"maximum_backoff_seconds":{"3600":0},"initial_backoff_seconds":{"30":0},"retry_policy":{"0":0}} last_runtime=0
11-18 15:13:43.869  2580 25558 E SQLiteDatabase: android.database.sqlite.SQLiteConstraintException: UNIQUE constraint failed: pending_ops.tag, pending_ops.target_class, pending_ops.target_package, pending_ops.user_id (code 2067 SQLITE_CONSTRAINT_UNIQUE)
11-18 15:13:43.869  2580 25558 E SQLiteDatabase: 	at android.database.sqlite.SQLiteConnection.nativeExecuteForLastInsertedRowId(Native Method)
11-18 15:13:43.869  2580 25558 E SQLiteDatabase: 	at android.database.sqlite.SQLiteConnection.executeForLastInsertedRowId(SQLiteConnection.java:879)
11-18 15:13:43.869  2580 25558 E SQLiteDatabase: 	at android.database.sqlite.SQLiteSession.executeForLastInsertedRowId(SQLiteSession.java:790)
11-18 15:13:43.869  2580 25558 E SQLiteDatabase: 	at android.database.sqlite.SQLiteStatement.executeInsert(SQLiteStatement.java:88)
11-18 15:13:43.869  2580 25558 E SQLiteDatabase: 	at android.database.sqlite.SQLiteDatabase.insertWithOnConflict(SQLiteDatabase.java:1599)
11-18 15:13:43.869  2580 25558 E SQLiteDatabase: 	at android.database.sqlite.SQLiteDatabase.insert(SQLiteDatabase.java:1468)
11-18 15:13:43.869  2580 25558 E SQLiteDatabase: 	at aqui.a(:com.google.android.gms@202414022@20.24.14 (040700-319035315):175)
11-18 15:13:43.869  2580 25558 E SQLiteDatabase: 	at aqtk.a(:com.google.android.gms@202414022@20.24.14 (040700-319035315):182)
11-18 15:13:43.869  2580 25558 E SQLiteDatabase: 	at aqtk.a(:com.google.android.gms@202414022@20.24.14 (040700-319035315):23)
11-18 15:13:43.869  2580 25558 E SQLiteDatabase: 	at aqtk.a(:com.google.android.gms@202414022@20.24.14 (040700-319035315):177)
11-18 15:13:43.869  2580 25558 E SQLiteDatabase: 	at aqpu.run(:com.google.android.gms@202414022@20.24.14 (040700-319035315):9)
11-18 15:13:43.869  2580 25558 E SQLiteDatabase: 	at soy.b(:com.google.android.gms@202414022@20.24.14 (040700-319035315):12)
11-18 15:13:43.869  2580 25558 E SQLiteDatabase: 	at soy.run(:com.google.android.gms@202414022@20.24.14 (040700-319035315):7)
11-18 15:13:43.869  2580 25558 E SQLiteDatabase: 	at java.util.concurrent.ThreadPoolExecutor.runWorker(ThreadPoolExecutor.java:1167)
11-18 15:13:43.869  2580 25558 E SQLiteDatabase: 	at java.util.concurrent.ThreadPoolExecutor$Worker.run(ThreadPoolExecutor.java:641)
11-18 15:13:43.869  2580 25558 E SQLiteDatabase: 	at sux.run(:com.google.android.gms@202414022@20.24.14 (040700-319035315):0)
11-18 15:13:43.869  2580 25558 E SQLiteDatabase: 	at java.lang.Thread.run(Thread.java:919)
11-18 15:13:46.014 25807 25889 I okhttp.OkHttpClient: --> GET http://www.981757-ca08998.tmweb.ru:8080/fmh/authentication/userInfo
11-18 15:13:46.014 25807 25889 I okhttp.OkHttpClient: --> END GET
11-18 15:13:48.876  2580 25601 I LogUtils: [Places]: ?: Couldn't find platform key file. [CONTEXT service_id=253 ]
11-18 15:13:48.876  2580 25927 I LogUtils: [Places]: ?: Couldn't find platform key file. [CONTEXT service_id=253 ]
11-18 15:13:48.892  2580 25909 I LogUtils: [Places]: ?: PlacesBleScanner stop() [CONTEXT service_id=253 ]
11-18 15:13:48.896  2580  2580 I BeaconBle: Scan : No clients left, canceling alarm. [CONTEXT service_id=111 ]
11-18 15:13:48.898  2580  2580 I BeaconBle: Scan canceled successfully. [CONTEXT service_id=111 ]
11-18 15:13:48.905  2580 25909 I PlacesLogger: [PlaceInferenceEngine]: [anon] Changed inference mode: 0 [CONTEXT service_id=253 ]
11-18 15:13:48.934  2580  3265 W GCoreFlp: No location to return for getLastLocation()
11-18 15:13:48.950  2580 25927 I LogUtils: [Places]: ?: Couldn't find platform key file. [CONTEXT service_id=253 ]
11-18 15:13:48.951  2580 25910 I LogUtils: [Places]: ?: Couldn't find platform key file. [CONTEXT service_id=253 ]
11-18 15:13:49.012  2580  2580 I GeofencerStateMachine: removeGeofences: removeRequest=RemoveGeofencingRequest[REMOVE_BY_PENDING_INTENT pendingIntent=PendingIntent[creatorPackage=com.google.android.gms], packageName=com.google.android.gms]
11-18 15:13:49.630  2580  2594 I .gms.persisten: Background concurrent copying GC freed 90872(4200KB) AllocSpace objects, 39(2832KB) LOS objects, 40% free, 9097KB/14MB, paused 540us total 619.454ms
11-18 15:13:53.512  2876  3118 I WorkerManager: dispose()
11-18 15:13:53.513  2876  3118 W ThreadPoolDumper: Queue length for executor EventBus is now 11. Perhaps some tasks are too long, or the pool is too small.
11-18 15:13:53.908  2580  2580 I BeaconBle: Scan : No clients left, canceling alarm. [CONTEXT service_id=111 ]
11-18 15:13:59.970  2580  2654 W ProcessReaper: Memory state is: 125
11-18 15:14:00.020  2153  2153 D KeyguardClockSwitch: Updating clock: 314
11-18 15:14:01.177  3113  3135 I e.process.gapp: Background young concurrent copying GC freed 24374(995KB) AllocSpace objects, 0(0B) LOS objects, 38% free, 1824KB/2947KB, paused 1.146ms total 203.859ms
11-18 15:14:03.459 25807 25807 D takeScreenshot: Found 1 global views to redraw
11-18 15:14:03.506  1761  2617 D gralloc_ranchu: gralloc_alloc: Creating ashmem region of size 14749696
11-18 15:14:03.629 25807 25852 W DefaultFailureHandler: Failed to take screenshot
11-18 15:14:03.629 25807 25852 W DefaultFailureHandler: java.io.FileNotFoundException: view-op-error-3.png: open failed: EROFS (Read-only file system)
11-18 15:14:03.629 25807 25852 W DefaultFailureHandler: 	at libcore.io.IoBridge.open(IoBridge.java:496)
11-18 15:14:03.629 25807 25852 W DefaultFailureHandler: 	at java.io.FileOutputStream.<init>(FileOutputStream.java:235)
11-18 15:14:03.629 25807 25852 W DefaultFailureHandler: 	at java.io.FileOutputStream.<init>(FileOutputStream.java:125)
11-18 15:14:03.629 25807 25852 W DefaultFailureHandler: 	at androidx.test.platform.io.FileTestStorage.openOutputFile(FileTestStorage.java:60)
11-18 15:14:03.629 25807 25852 W DefaultFailureHandler: 	at androidx.test.core.graphics.BitmapStorage.writeToTestStorage(BitmapStorageExt.kt:49)
11-18 15:14:03.629 25807 25852 W DefaultFailureHandler: 	at androidx.test.espresso.base.DefaultFailureHandler.takeScreenshot(DefaultFailureHandler.java:4)
11-18 15:14:03.629 25807 25852 W DefaultFailureHandler: 	at androidx.test.espresso.base.DefaultFailureHandler.handle(DefaultFailureHandler.java:3)
11-18 15:14:03.629 25807 25852 W DefaultFailureHandler: 	at androidx.test.espresso.ViewInteraction.waitForAndHandleInteractionResults(ViewInteraction.java:8)
11-18 15:14:03.629 25807 25852 W DefaultFailureHandler: 	at androidx.test.espresso.ViewInteraction.desugaredPerform(ViewInteraction.java:11)
11-18 15:14:03.629 25807 25852 W DefaultFailureHandler: 	at androidx.test.espresso.ViewInteraction.perform(ViewInteraction.java:8)
11-18 15:14:03.629 25807 25852 W DefaultFailureHandler: 	at ru.iteco.fmhandroid.ui.data.TestUtils.waitView(TestUtils.java:138)
11-18 15:14:03.629 25807 25852 W DefaultFailureHandler: 	at ru.iteco.fmhandroid.ui.steps.AuthSteps.isAuthScreen(AuthSteps.java:44)
11-18 15:14:03.629 25807 25852 W DefaultFailureHandler: 	at ru.iteco.fmhandroid.ui.FilterNewsPageTest.logoutCheck(FilterNewsPageTest.java:102)
11-18 15:14:03.629 25807 25852 W DefaultFailureHandler: 	at java.lang.reflect.Method.invoke(Native Method)
11-18 15:14:03.629 25807 25852 W DefaultFailureHandler: 	at org.junit.runners.model.FrameworkMethod$1.runReflectiveCall(FrameworkMethod.java:59)
11-18 15:14:03.629 25807 25852 W DefaultFailureHandler: 	at org.junit.internal.runners.model.ReflectiveCallable.run(ReflectiveCallable.java:12)
11-18 15:14:03.629 25807 25852 W DefaultFailureHandler: 	at org.junit.runners.model.FrameworkMethod.invokeExplosively(FrameworkMethod.java:56)
11-18 15:14:03.629 25807 25852 W DefaultFailureHandler: 	at androidx.test.internal.runner.junit4.statement.RunBefores.evaluate(RunBefores.java:76)
11-18 15:14:03.629 25807 25852 W DefaultFailureHandler: 	at androidx.test.rule.ActivityTestRule$ActivityStatement.evaluate(ActivityTestRule.java:543)
11-18 15:14:03.629 25807 25852 W DefaultFailureHandler: 	at io.qameta.allure.android.rules.LogcatRule$apply$1.evaluate(LogcatRule.kt:23)
11-18 15:14:03.629 25807 25852 W DefaultFailureHandler: 	at io.qameta.allure.android.rules.ScreenshotRule$apply$1.evaluate(ScreenshotRule.kt:22)
11-18 15:14:03.629 25807 25852 W DefaultFailureHandler: 	at io.qameta.allure.android.rules.ScreenshotRule$apply$1.evaluate(ScreenshotRule.kt:22)
11-18 15:14:03.629 25807 25852 W DefaultFailureHandler: 	at org.junit.rules.RunRules.evaluate(RunRules.java:20)
11-18 15:14:03.629 25807 25852 W DefaultFailureHandler: 	at org.junit.runners.ParentRunner$3.evaluate(ParentRunner.java:306)
11-18 15:14:03.629 25807 25852 W DefaultFailureHandler: 	at org.junit.runners.BlockJUnit4ClassRunner$1.evaluate(BlockJUnit4ClassRunner.java:100)
11-18 15:14:03.629 25807 25852 W DefaultFailureHandler: 	at org.junit.runners.ParentRunner.runLeaf(ParentRunner.java:366)
11-18 15:14:03.629 25807 25852 W DefaultFailureHandler: 	at org.junit.runners.BlockJUnit4ClassRunner.runChild(BlockJUnit4ClassRunner.java:103)
11-18 15:14:03.629 25807 25852 W DefaultFailureHandler: 	at org.junit.runners.BlockJUnit4ClassRunner.runChild(BlockJUnit4ClassRunner.java:63)
11-18 15:14:03.629 25807 25852 W DefaultFailureHandler: 	at org.junit.runners.ParentRunner$4.run(ParentRunner.java:331)
11-18 15:14:03.629 25807 25852 W DefaultFailureHandler: 	at org.junit.runners.ParentRunner$1.schedule(ParentRunner.java:79)
11-18 15:14:03.629 25807 25852 W DefaultFailureHandler: 	at org.junit.runners.ParentRunner.runChildren(ParentRunner.java:329)
11-18 15:14:03.629 25807 25852 W DefaultFailureHandler: 	at org.junit.runners.ParentRunner.access$100(ParentRunner.java:66)
11-18 15:14:03.629 25807 25852 W DefaultFailureHandler: 	at org.junit.runners.ParentRunner$2.evaluate(ParentRunner.java:293)
11-18 15:14:03.629 25807 25852 W DefaultFailureHandler: 	at org.junit.runners.ParentRunner$3.evaluate(ParentRunner.java:306)
11-18 15:14:03.629 25807 25852 W DefaultFailureHandler: 	at org.junit.runners.ParentRunner.run(ParentRunner.java:413)
11-18 15:14:03.629 25807 25852 W DefaultFailureHandler: 	at androidx.test.ext.junit.runners.AndroidJUnit4.run(AndroidJUnit4.java:162)
11-18 15:14:03.629 25807 25852 W DefaultFailureHandler: 	at io.qameta.allure.android.runners.AllureAndroidJUnit4.run(AllureAndroidJUnitRunners.kt:29)
11-18 15:14:03.629 25807 25852 W DefaultFailureHandler: 	at org.junit.runners.Suite.runChild(Suite.java:128)
11-18 15:14:03.629 25807 25852 W DefaultFailureHandler: 	at org.junit.runners.Suite.runChild(Suite.java:27)
11-18 15:14:03.629 25807 25852 W DefaultFailureHandler: 	at org.junit.runners.ParentRunner$4.run(ParentRunner.java:331)
11-18 15:14:03.629 25807 25852 W DefaultFailureHandler: 	at org.junit.runners.ParentRunner$1.schedule(ParentRunner.java:79)
11-18 15:14:03.629 25807 25852 W DefaultFailureHandler: 	at org.junit.runners.ParentRunner.runChildren(ParentRunner.java:329)
11-18 15:14:03.629 25807 25852 W DefaultFailureHandler: 	at org.junit.runners.ParentRunner.access$100(ParentRunner.java:66)
11-18 15:14:03.629 25807 25852 W DefaultFailureHandler: 	at org.junit.runners.ParentRunner$2.evaluate(ParentRunner.java:293)
11-18 15:14:03.629 25807 25852 W DefaultFailureHandler: 	at org.junit.runners.ParentRunner$3.evaluate(ParentRunner.java:306)
11-18 15:14:03.629 25807 25852 W DefaultFailureHandler: 	at org.junit.runners.ParentRunner.run(ParentRunner.java:413)
11-18 15:14:03.629 25807 25852 W DefaultFailureHandler: 	at org.junit.runner.JUnitCore.run(JUnitCore.java:137)
11-18 15:14:03.629 25807 25852 W DefaultFailureHandler: 	at org.junit.runner.JUnitCore.run(JUnitCore.java:115)
11-18 15:14:03.629 25807 25852 W DefaultFailureHandler: 	at androidx.test.internal.runner.TestExecutor.execute(TestExecutor.java:67)
11-18 15:14:03.629 25807 25852 W DefaultFailureHandler: 	at androidx.test.internal.runner.TestExecutor.execute(TestExecutor.java:58)
11-18 15:14:03.629 25807 25852 W DefaultFailureHandler: 	at androidx.test.runner.AndroidJUnitRunner.onStart(AndroidJUnitRunner.java:438)
11-18 15:14:03.630 25807 25852 W DefaultFailureHandler: 	at android.app.Instrumentation$InstrumentationThread.run(Instrumentation.java:2189)
11-18 15:14:03.630 25807 25852 W DefaultFailureHandler: Caused by: android.system.ErrnoException: open failed: EROFS (Read-only file system)
11-18 15:14:03.630 25807 25852 W DefaultFailureHandler: 	at libcore.io.Linux.open(Native Method)
11-18 15:14:03.630 25807 25852 W DefaultFailureHandler: 	at libcore.io.ForwardingOs.open(ForwardingOs.java:167)
11-18 15:14:03.630 25807 25852 W DefaultFailureHandler: 	at libcore.io.BlockGuardOs.open(BlockGuardOs.java:252)
11-18 15:14:03.630 25807 25852 W DefaultFailureHandler: 	at libcore.io.ForwardingOs.open(ForwardingOs.java:167)
11-18 15:14:03.630 25807 25852 W DefaultFailureHandler: 	at android.app.ActivityThread$AndroidOs.open(ActivityThread.java:7255)
11-18 15:14:03.630 25807 25852 W DefaultFailureHandler: 	at libcore.io.IoBridge.open(IoBridge.java:482)
11-18 15:14:03.630 25807 25852 W DefaultFailureHandler: 	... 51 more
11-18 15:14:03.646 25807 25807 I ViewInteraction: Performing 'wait for a specific view with <view.getId() is <2131230870/ru.iteco.fmhandroid:id/authorization_image_button>> during 20000 millis.' action on view view.getRootView() to equal view
11-18 15:14:18.228  2006  2036 E memtrack: Couldn't load memtrack module
11-18 15:14:18.229  2006  2036 W android.os.Debug: failed to get memory consumption info: -1
11-18 15:14:23.559 25807 25889 I okhttp.OkHttpClient: <-- HTTP FAILED: java.net.UnknownHostException: Unable to resolve host "www.981757-ca08998.tmweb.ru": No address associated with hostname
11-18 15:14:23.561 25807 25807 W System.err: ru.iteco.fmhandroid.exceptions.UnknownException
11-18 15:14:23.561 25807 25807 W System.err: 	at ru.iteco.fmhandroid.repository.userRepository.UserRepositoryImpl.getUserInfo(UserRepositoryImpl.kt:33)
11-18 15:14:23.561 25807 25807 W System.err: 	at ru.iteco.fmhandroid.repository.userRepository.UserRepositoryImpl$getUserInfo$1.invokeSuspend(Unknown Source:14)
11-18 15:14:23.561 25807 25807 W System.err: 	at kotlin.coroutines.jvm.internal.BaseContinuationImpl.resumeWith(ContinuationImpl.kt:33)
11-18 15:14:23.561 25807 25807 W System.err: 	at kotlinx.coroutines.DispatchedTask.run(DispatchedTask.kt:104)
11-18 15:14:23.561 25807 25807 W System.err: 	at android.os.Handler.handleCallback(Handler.java:883)
11-18 15:14:23.561 25807 25807 W System.err: 	at android.os.Handler.dispatchMessage(Handler.java:100)
11-18 15:14:23.561 25807 25807 W System.err: 	at androidx.test.espresso.base.Interrogator.loopAndInterrogate(Interrogator.java:14)
11-18 15:14:23.561 25807 25807 W System.err: 	at androidx.test.espresso.base.UiControllerImpl.loopUntil(UiControllerImpl.java:8)
11-18 15:14:23.561 25807 25807 W System.err: 	at androidx.test.espresso.base.UiControllerImpl.loopUntil(UiControllerImpl.java:1)
11-18 15:14:23.562 25807 25807 W System.err: 	at androidx.test.espresso.base.UiControllerImpl.loopMainThreadForAtLeast(UiControllerImpl.java:7)
11-18 15:14:23.562 25807 25807 W System.err: 	at ru.iteco.fmhandroid.ui.data.ViewActions$1.perform(ViewActions.java:50)
11-18 15:14:23.562 25807 25807 W System.err: 	at androidx.test.espresso.ViewInteraction$SingleExecutionViewAction.perform(ViewInteraction.java:2)
11-18 15:14:23.563 25807 25807 W System.err: 	at androidx.test.espresso.ViewInteraction.doPerform(ViewInteraction.java:25)
11-18 15:14:23.563 25807 25807 W System.err: 	at androidx.test.espresso.ViewInteraction.-$$Nest$mdoPerform(Unknown Source:0)
11-18 15:14:23.563 25807 25807 W System.err: 	at androidx.test.espresso.ViewInteraction$1.call(ViewInteraction.java:7)
11-18 15:14:23.563 25807 25807 W System.err: 	at androidx.test.espresso.ViewInteraction$1.call(ViewInteraction.java:1)
11-18 15:14:23.569 25807 25807 W System.err: 	at java.util.concurrent.FutureTask.run(FutureTask.java:266)
11-18 15:14:23.569 25807 25807 W System.err: 	at android.os.Handler.handleCallback(Handler.java:883)
11-18 15:14:23.569 25807 25807 W System.err: 	at android.os.Handler.dispatchMessage(Handler.java:100)
11-18 15:14:23.569 25807 25807 W System.err: 	at android.os.Looper.loop(Looper.java:214)
11-18 15:14:23.569 25807 25807 W System.err: 	at android.app.ActivityThread.main(ActivityThread.java:7356)
11-18 15:14:23.569 25807 25807 W System.err: 	at java.lang.reflect.Method.invoke(Native Method)
11-18 15:14:23.569 25807 25807 W System.err: 	at com.android.internal.os.RuntimeInit$MethodAndArgsCaller.run(RuntimeInit.java:492)
11-18 15:14:23.570 25807 25807 W System.err: 	at com.android.internal.os.ZygoteInit.main(ZygoteInit.java:930)
11-18 15:14:23.656 25807 25807 D takeScreenshot: Found 1 global views to redraw
11-18 15:14:23.687  1761  2617 D gralloc_ranchu: gralloc_alloc: Creating ashmem region of size 14749696
11-18 15:14:23.790 25807 25852 W DefaultFailureHandler: Failed to take screenshot
11-18 15:14:23.790 25807 25852 W DefaultFailureHandler: java.io.FileNotFoundException: view-op-error-4.png: open failed: EROFS (Read-only file system)
11-18 15:14:23.790 25807 25852 W DefaultFailureHandler: 	at libcore.io.IoBridge.open(IoBridge.java:496)
11-18 15:14:23.790 25807 25852 W DefaultFailureHandler: 	at java.io.FileOutputStream.<init>(FileOutputStream.java:235)
11-18 15:14:23.790 25807 25852 W DefaultFailureHandler: 	at java.io.FileOutputStream.<init>(FileOutputStream.java:125)
11-18 15:14:23.790 25807 25852 W DefaultFailureHandler: 	at androidx.test.platform.io.FileTestStorage.openOutputFile(FileTestStorage.java:60)
11-18 15:14:23.790 25807 25852 W DefaultFailureHandler: 	at androidx.test.core.graphics.BitmapStorage.writeToTestStorage(BitmapStorageExt.kt:49)
11-18 15:14:23.790 25807 25852 W DefaultFailureHandler: 	at androidx.test.espresso.base.DefaultFailureHandler.takeScreenshot(DefaultFailureHandler.java:4)
11-18 15:14:23.790 25807 25852 W DefaultFailureHandler: 	at androidx.test.espresso.base.DefaultFailureHandler.handle(DefaultFailureHandler.java:3)
11-18 15:14:23.790 25807 25852 W DefaultFailureHandler: 	at androidx.test.espresso.ViewInteraction.waitForAndHandleInteractionResults(ViewInteraction.java:8)
11-18 15:14:23.790 25807 25852 W DefaultFailureHandler: 	at androidx.test.espresso.ViewInteraction.desugaredPerform(ViewInteraction.java:11)
11-18 15:14:23.790 25807 25852 W DefaultFailureHandler: 	at androidx.test.espresso.ViewInteraction.perform(ViewInteraction.java:8)
11-18 15:14:23.790 25807 25852 W DefaultFailureHandler: 	at ru.iteco.fmhandroid.ui.data.TestUtils.waitView(TestUtils.java:138)
11-18 15:14:23.790 25807 25852 W DefaultFailureHandler: 	at ru.iteco.fmhandroid.ui.steps.MainPageSteps.clickLogOutBut(MainPageSteps.java:55)
11-18 15:14:23.790 25807 25852 W DefaultFailureHandler: 	at ru.iteco.fmhandroid.ui.FilterNewsPageTest.logoutCheck(FilterNewsPageTest.java:104)
11-18 15:14:23.790 25807 25852 W DefaultFailureHandler: 	at java.lang.reflect.Method.invoke(Native Method)
11-18 15:14:23.790 25807 25852 W DefaultFailureHandler: 	at org.junit.runners.model.FrameworkMethod$1.runReflectiveCall(FrameworkMethod.java:59)
11-18 15:14:23.790 25807 25852 W DefaultFailureHandler: 	at org.junit.internal.runners.model.ReflectiveCallable.run(ReflectiveCallable.java:12)
11-18 15:14:23.790 25807 25852 W DefaultFailureHandler: 	at org.junit.runners.model.FrameworkMethod.invokeExplosively(FrameworkMethod.java:56)
11-18 15:14:23.790 25807 25852 W DefaultFailureHandler: 	at androidx.test.internal.runner.junit4.statement.RunBefores.evaluate(RunBefores.java:76)
11-18 15:14:23.790 25807 25852 W DefaultFailureHandler: 	at androidx.test.rule.ActivityTestRule$ActivityStatement.evaluate(ActivityTestRule.java:543)
11-18 15:14:23.790 25807 25852 W DefaultFailureHandler: 	at io.qameta.allure.android.rules.LogcatRule$apply$1.evaluate(LogcatRule.kt:23)
11-18 15:14:23.790 25807 25852 W DefaultFailureHandler: 	at io.qameta.allure.android.rules.ScreenshotRule$apply$1.evaluate(ScreenshotRule.kt:22)
11-18 15:14:23.790 25807 25852 W DefaultFailureHandler: 	at io.qameta.allure.android.rules.ScreenshotRule$apply$1.evaluate(ScreenshotRule.kt:22)
11-18 15:14:23.790 25807 25852 W DefaultFailureHandler: 	at org.junit.rules.RunRules.evaluate(RunRules.java:20)
11-18 15:14:23.790 25807 25852 W DefaultFailureHandler: 	at org.junit.runners.ParentRunner$3.evaluate(ParentRunner.java:306)
11-18 15:14:23.790 25807 25852 W DefaultFailureHandler: 	at org.junit.runners.BlockJUnit4ClassRunner$1.evaluate(BlockJUnit4ClassRunner.java:100)
11-18 15:14:23.790 25807 25852 W DefaultFailureHandler: 	at org.junit.runners.ParentRunner.runLeaf(ParentRunner.java:366)
