--------- beginning of main
12-02 19:45:09.445 31783 31783 I teco.fmhandroi: The ClassLoaderContext is a special shared library.
12-02 19:45:10.815 31783 31783 I chatty  : uid=10159(ru.iteco.fmhandroid) identical 2 lines
12-02 19:45:10.816 31783 31783 I teco.fmhandroi: The ClassLoaderContext is a special shared library.
12-02 19:45:11.303  3139  3568 I MicroDetectionWorker: #startMicroDetector [speakerMode: 0]
12-02 19:45:11.309  3139  3568 W ErrorReporter: reportError [type: 211, code: 393244, bug: 0]: errorCode: 393244, engine: 0
12-02 19:45:11.310  3139  3568 I MicroDetector: Keeping mic open: false
12-02 19:45:11.310  3139  3568 I MicroDetectionWorker: #onError(false)
12-02 19:45:11.688 31783 31783 W teco.fmhandroi: Accessing hidden method Landroid/app/Instrumentation;->execStartActivity(Landroid/content/Context;Landroid/os/IBinder;Landroid/os/IBinder;Landroid/app/Activity;Landroid/content/Intent;ILandroid/os/Bundle;)Landroid/app/Instrumentation$ActivityResult; (greylist, linking, allowed)
12-02 19:45:11.688 31783 31783 W teco.fmhandroi: Accessing hidden method Landroid/app/Instrumentation;->execStartActivity(Landroid/content/Context;Landroid/os/IBinder;Landroid/os/IBinder;Ljava/lang/String;Landroid/content/Intent;ILandroid/os/Bundle;)Landroid/app/Instrumentation$ActivityResult; (greylist, linking, allowed)
12-02 19:45:11.702 31783 31783 I MonitoringInstr: newApplication called!
12-02 19:45:11.755 31783 31783 I FirebaseApp: Device unlocked: initializing all Firebase APIs for app [DEFAULT]
12-02 19:45:11.773 31783 31783 I FirebaseCrashlytics: Initializing Firebase Crashlytics 18.2.6 for ru.iteco.fmhandroid
12-02 19:45:11.857 31783 31817 I DynamiteModule: Considering local module com.google.android.gms.measurement.dynamite:55 and remote module com.google.android.gms.measurement.dynamite:15
12-02 19:45:11.857 31783 31817 I DynamiteModule: Selected local version of com.google.android.gms.measurement.dynamite
12-02 19:45:11.904 31783 31783 I FirebaseInitProvider: FirebaseApp initialization successful
12-02 19:45:11.934 31783 31783 I MonitoringInstr: Instrumentation started!
12-02 19:45:11.939 31783 31783 D ClassesArgTokenizer: input: ru.iteco.fmhandroid.ui.NewsCreationFormTest#shouldToggleTurnOffSwitchActive
12-02 19:45:11.940 31783 31783 D ClassesArgTokenizer: result: [ru.iteco.fmhandroid.ui.NewsCreationFormTest#shouldToggleTurnOffSwitchActive]
12-02 19:45:11.940 31783 31783 D ClassesArgTokenizer: input: null
12-02 19:45:11.940 31783 31783 D ClassesArgTokenizer: result: []
12-02 19:45:11.943 31783 31783 V TestEventClient: No service name argument was given (testDiscoveryService, testRunEventService or orchestratorService)
12-02 19:45:11.955 31783 31828 D AndroidJUnitRunner: onStart is called.
12-02 19:45:11.970 31783 31783 I MonitoringInstr: No JSBridge.
12-02 19:45:11.993 31783 31828 D TestRequestBuilder: Skipping class path scanning and directly running [ru.iteco.fmhandroid.ui.NewsCreationFormTest]
12-02 19:45:11.994 31783 31828 I teco.fmhandroi: Waiting for a blocking GC ClassLinker
12-02 19:45:12.031 31783 31828 I teco.fmhandroi: WaitForGcToComplete blocked ClassLinker on ClassLinker for 37.701ms
12-02 19:45:12.045 31783 31828 D ClassesArgTokenizer: input: ru.iteco.fmhandroid.ui.NewsCreationFormTest#shouldToggleTurnOffSwitchActive
12-02 19:45:12.045 31783 31828 D ClassesArgTokenizer: result: [ru.iteco.fmhandroid.ui.NewsCreationFormTest#shouldToggleTurnOffSwitchActive]
12-02 19:45:12.045 31783 31828 D ClassesArgTokenizer: input: null
12-02 19:45:12.045 31783 31828 D ClassesArgTokenizer: result: []
12-02 19:45:12.046 31783 31824 V FA      : App measurement collection enabled
12-02 19:45:12.047 31783 31824 V FA      : App measurement enabled for app package, google app id: ru.iteco.fmhandroid, 1:729587742060:android:e7d6f87c783f52b9a42f49
12-02 19:45:12.049 31783 31824 I FA      : App measurement initialized, version: 46000
12-02 19:45:12.049 31783 31824 I FA      : To enable debug logging run: adb shell setprop log.tag.FA VERBOSE
12-02 19:45:12.049 31783 31824 I FA      : To enable faster debug mode event logging run:
12-02 19:45:12.049 31783 31824 I FA      :   adb shell setprop debug.firebase.analytics.app ru.iteco.fmhandroid
12-02 19:45:12.049 31783 31824 D FA      : Debug-level message logging enabled
12-02 19:45:12.071 31783 31828 D AndroidJUnitRunner: Use the raw file system for managing file I/O.
12-02 19:45:12.078 31783 31828 D TestExecutor: Adding listener androidx.test.internal.runner.listener.LogRunListener
12-02 19:45:12.079 31783 31828 D TestExecutor: Adding listener androidx.test.internal.runner.listener.InstrumentationResultPrinter
12-02 19:45:12.079 31783 31828 D TestExecutor: Adding listener androidx.test.internal.runner.listener.ActivityFinisherRunListener
12-02 19:45:12.079 31783 31828 D TestExecutor: Adding listener androidx.test.internal.runner.listener.TraceRunListener
12-02 19:45:12.089 31783 31828 I TestRunner: run started: 1 tests
12-02 19:45:12.121 31783 31824 V FA      : Connecting to remote service
12-02 19:45:12.137 31783 31828 I TestRunner: started: shouldToggleTurnOffSwitchActive(ru.iteco.fmhandroid.ui.NewsCreationFormTest)
12-02 19:45:12.145 31783 31824 V FA      : Connection attempt already in progress
12-02 19:45:12.156 31783 31824 V FA      : Connection attempt already in progress
12-02 19:45:12.190 31783 31824 D FA      : Connected to remote service
12-02 19:45:12.191 31783 31824 V FA      : Processing queued up service tasks: 3
12-02 19:45:12.266  2881 31831 V FA-SVC  : Saving default event parameters, appId, data size: ru.iteco.fmhandroid, 2
12-02 19:45:12.291  1743 31832 E ResolverController: No valid NAT64 prefix (128, <unspecified>/0)
12-02 19:45:12.343 31783 31828 W FileTestStorage: Output properties is not supported.
12-02 19:45:12.344 31783 31828 I Tracing : Tracer added: class androidx.test.platform.tracing.AndroidXTracer
12-02 19:45:12.356 31783 31828 D EventInjectionStrategy: Creating injection strategy with input manager.
12-02 19:45:12.356 31783 31828 W teco.fmhandroi: Accessing hidden method Landroid/hardware/input/InputManager;->getInstance()Landroid/hardware/input/InputManager; (greylist, reflection, allowed)
12-02 19:45:12.356 31783 31828 W teco.fmhandroi: Accessing hidden method Landroid/hardware/input/InputManager;->injectInputEvent(Landroid/view/InputEvent;I)Z (greylist, reflection, allowed)
12-02 19:45:12.356 31783 31828 W teco.fmhandroi: Accessing hidden field Landroid/hardware/input/InputManager;->INJECT_INPUT_EVENT_MODE_WAIT_FOR_FINISH:I (greylist, reflection, allowed)
--------- beginning of system
12-02 19:45:12.418  2010  2010 V SettingsProvider: Notifying for 0: content://settings/secure/accessibility_enabled
12-02 19:45:12.627 31783 31828 W ActivityTestRule: getActivityIntent() returned null using default: Intent(Intent.ACTION_MAIN)
12-02 19:45:12.637  2010 20213 I ActivityTaskManager: START u0 {act=android.intent.action.MAIN flg=0x14000000 cmp=ru.iteco.fmhandroid/.ui.AppActivity} from uid 10159
12-02 19:45:12.699  2010  2419 W InputReader: Device has associated, but no associated display id.
12-02 19:45:12.706  2010  2419 I chatty  : uid=1000(system) Binder:2010_8 identical 28 lines
12-02 19:45:12.706  2010  2419 W InputReader: Device has associated, but no associated display id.
12-02 19:45:12.707 31783 31783 W ActivityThread: handleWindowVisibility: no activity for token android.os.BinderProxy@db3323a
12-02 19:45:12.711  2010  2419 W InputReader: Device has associated, but no associated display id.
12-02 19:45:12.711  2010  2419 I chatty  : uid=1000(system) Binder:2010_8 identical 8 lines
12-02 19:45:12.711  2010  2419 W InputReader: Device has associated, but no associated display id.
12-02 19:45:12.738  1788  2002 E SurfaceFlinger: ro.sf.lcd_density must be defined as a build property
12-02 19:45:12.738  1788  2002 E SurfaceFlinger: ro.sf.lcd_density must be defined as a build property
12-02 19:45:12.740 31783 31844 D libEGL  : Emulator has host GPU support, qemu.gles is set to 1.
12-02 19:45:12.741  2010  2037 E system_server: Invalid ID 0x00000000.
12-02 19:45:12.744 31783 31844 W libc    : Unable to set property "qemu.gles" to "1": connection failed; errno=13 (Permission denied)
12-02 19:45:12.726 31783 31783 W RenderThread: type=1400 audit(0.0:765): avc: denied { write } for name="property_service" dev="tmpfs" ino=8412 scontext=u:r:untrusted_app:s0:c159,c256,c512,c768 tcontext=u:object_r:property_socket:s0 tclass=sock_file permissive=0 app=ru.iteco.fmhandroid
12-02 19:45:12.789  1772  1875 D gralloc_ranchu: gralloc_alloc: Creating ashmem region of size 14749696
12-02 19:45:12.842 31783 31783 D LifecycleMonitor: Lifecycle status change: ru.iteco.fmhandroid.ui.AppActivity@bf7dec7 in: PRE_ON_CREATE
12-02 19:45:12.860 31783 31844 D libEGL  : loaded /vendor/lib/egl/libEGL_emulation.so
12-02 19:45:12.866 31783 31844 D libEGL  : loaded /vendor/lib/egl/libGLESv1_CM_emulation.so
12-02 19:45:12.877 31783 31817 V FA      : onActivityCreated
12-02 19:45:12.879 31783 31844 D libEGL  : loaded /vendor/lib/egl/libGLESv2_emulation.so
12-02 19:45:12.920 31783 31783 W teco.fmhandroi: Accessing hidden method Landroid/view/View;->computeFitSystemWindows(Landroid/graphics/Rect;Landroid/graphics/Rect;)Z (greylist, reflection, allowed)
12-02 19:45:12.921 31783 31783 W teco.fmhandroi: Accessing hidden method Landroid/view/ViewGroup;->makeOptionalFitsSystemWindows()V (greylist, reflection, allowed)
12-02 19:45:13.165 31783 31783 D NetworkSecurityConfig: No Network Security Config specified, using platform default
12-02 19:45:13.184 31783 31783 W teco.fmhandroi: Accessing hidden method Ljava/lang/invoke/MethodHandles$Lookup;-><init>(Ljava/lang/Class;I)V (greylist, reflection, allowed)
12-02 19:45:13.363 31783 31783 D LifecycleMonitor: Lifecycle status change: ru.iteco.fmhandroid.ui.AppActivity@bf7dec7 in: CREATED
12-02 19:45:13.387 31783 31846 W teco.fmhandroi: JNI critical lock held for 20.333ms on Thread[34,tid=31846,Runnable,Thread*=0xc3fca400,peer=0x12dc1198,"arch_disk_io_0"]
12-02 19:45:13.497  2010  2037 I Choreographer: Skipped 42 frames!  The application may be doing too much work on its main thread.
12-02 19:45:13.513  2010  2037 W InputReader: Device has associated, but no associated display id.
12-02 19:45:13.513  2010  2037 I chatty  : uid=1000(system) android.anim identical 8 lines
12-02 19:45:13.513  2010  2037 W InputReader: Device has associated, but no associated display id.
12-02 19:45:13.559  2169  2501 D EGL_emulation: eglMakeCurrent: 0xdb91a600: ver 2 0 (tinfo 0xdb90f8d0)
12-02 19:45:13.578  2448  3326 D EGL_emulation: eglMakeCurrent: 0xe3a07ba0: ver 2 0 (tinfo 0xe3a93b30)
12-02 19:45:13.596  3139  3664 D EGL_emulation: eglMakeCurrent: 0xdb91c460: ver 2 0 (tinfo 0xbe64a3f0)
12-02 19:45:13.771 31783 31783 D LifecycleMonitor: Lifecycle status change: ru.iteco.fmhandroid.ui.AppActivity@bf7dec7 in: STARTED
12-02 19:45:13.773 31783 31783 D LifecycleMonitor: Lifecycle status change: ru.iteco.fmhandroid.ui.AppActivity@bf7dec7 in: RESUMED
12-02 19:45:13.775 31783 31824 V FA      : Activity resumed, time: 91950180
12-02 19:45:13.784 31783 31824 I FA      : Tag Manager is not found and thus will not be used
12-02 19:45:13.887 31783 31842 D HostConnection: HostConnection::get() New Host Connection established 0xd8568cb0, tid 31842
12-02 19:45:13.907 31783 31842 D HostConnection: HostComposition ext ANDROID_EMU_CHECKSUM_HELPER_v1 ANDROID_EMU_dma_v1 ANDROID_EMU_direct_mem ANDROID_EMU_host_composition_v1 ANDROID_EMU_host_composition_v2 ANDROID_EMU_vulkan ANDROID_EMU_deferred_vulkan_commands ANDROID_EMU_vulkan_null_optional_strings ANDROID_EMU_vulkan_create_resources_with_requirements ANDROID_EMU_YUV_Cache ANDROID_EMU_vulkan_ignored_handles ANDROID_EMU_vulkan_free_memory_sync ANDROID_EMU_vulkan_shader_float16_int8 ANDROID_EMU_vulkan_async_queue_submit ANDROID_EMU_sync_buffer_data GL_OES_vertex_array_object GL_KHR_texture_compression_astc_ldr ANDROID_EMU_host_side_tracing ANDROID_EMU_gles_max_version_2 
12-02 19:45:13.917  2881 31831 V FA-SVC  : Logging event: origin=auto,name=screen_view(_vs),params=Bundle[{ga_event_origin(_o)=auto, ga_screen_class(_sc)=AppActivity, ga_screen_id(_si)=-2243147804405993981}]
12-02 19:45:13.922 31783 31842 W OpenGLRenderer: Failed to choose config with EGL_SWAP_BEHAVIOR_PRESERVED, retrying without...
12-02 19:45:13.956  2881 31831 V FA-SVC  : Upload scheduled in approximately ms: 2010140
12-02 19:45:13.957  2881 31831 V FA-SVC  : Unscheduling upload
12-02 19:45:13.972  2881 31831 V FA-SVC  : Scheduling upload, millis: 2010140
12-02 19:45:13.979  2881 31831 V FA-SVC  : Background event processing time, ms: 68
12-02 19:45:13.991 31783 31842 D EGL_emulation: eglCreateContext: 0xe3a08e00: maj 2 min 0 rcv 2
12-02 19:45:13.998 31783 31842 D EGL_emulation: eglMakeCurrent: 0xe3a08e00: ver 2 0 (tinfo 0xeecc0700)
12-02 19:45:14.006  1772  1875 D gralloc_ranchu: gralloc_alloc: Creating ashmem region of size 14749696
12-02 19:45:14.009  1648  1648 I hwservicemanager: getTransport: Cannot find entry android.hardware.graphics.mapper@3.0::IMapper/default in either framework or device manifest.
12-02 19:45:14.009 31783 31842 W Gralloc3: mapper 3.x is not supported
12-02 19:45:14.014 31783 31842 D HostConnection: createUnique: call
12-02 19:45:14.015 31783 31842 D HostConnection: HostConnection::get() New Host Connection established 0xd856aba0, tid 31842
12-02 19:45:14.016 31783 31842 D HostConnection: HostComposition ext ANDROID_EMU_CHECKSUM_HELPER_v1 ANDROID_EMU_dma_v1 ANDROID_EMU_direct_mem ANDROID_EMU_host_composition_v1 ANDROID_EMU_host_composition_v2 ANDROID_EMU_vulkan ANDROID_EMU_deferred_vulkan_commands ANDROID_EMU_vulkan_null_optional_strings ANDROID_EMU_vulkan_create_resources_with_requirements ANDROID_EMU_YUV_Cache ANDROID_EMU_vulkan_ignored_handles ANDROID_EMU_vulkan_free_memory_sync ANDROID_EMU_vulkan_shader_float16_int8 ANDROID_EMU_vulkan_async_queue_submit ANDROID_EMU_sync_buffer_data GL_OES_vertex_array_object GL_KHR_texture_compression_astc_ldr ANDROID_EMU_host_side_tracing ANDROID_EMU_gles_max_version_2 
12-02 19:45:14.018 31783 31842 D eglCodecCommon: allocate: Ask for block of size 0x1000
12-02 19:45:14.018 31783 31842 D eglCodecCommon: allocate: ioctl allocate returned offset 0x3ffff8000 size 0x2000
12-02 19:45:14.021  1772  1875 D gralloc_ranchu: gralloc_alloc: Creating ashmem region of size 14749696
12-02 19:45:14.023  1772  1875 D gralloc_ranchu: gralloc_alloc: Creating ashmem region of size 14749696
12-02 19:45:14.027 31783 31842 D EGL_emulation: eglMakeCurrent: 0xe3a08e00: ver 2 0 (tinfo 0xeecc0700)
12-02 19:45:14.062  2584 31485 E SQLiteDatabase: Error inserting flex_time=2010000 job_id=-1 period=4021000 source=16 requires_charging=0 preferred_network_type=1 target_class=com.google.android.gms.measurement.PackageMeasurementTaskService user_id=0 target_package=com.google.android.gms tag=Measurement.PackageMeasurementTaskService.UPLOAD_TASK_TAG task_type=0 required_idleness_state=0 service_kind=0 source_version=202414000 persistence_level=1 preferred_charging_state=1 required_network_type=0 runtime=1669999514016 retry_strategy={"maximum_backoff_seconds":{"3600":0},"initial_backoff_seconds":{"30":0},"retry_policy":{"0":0}} last_runtime=0
12-02 19:45:14.062  2584 31485 E SQLiteDatabase: android.database.sqlite.SQLiteConstraintException: UNIQUE constraint failed: pending_ops.tag, pending_ops.target_class, pending_ops.target_package, pending_ops.user_id (code 2067 SQLITE_CONSTRAINT_UNIQUE)
12-02 19:45:14.062  2584 31485 E SQLiteDatabase: 	at android.database.sqlite.SQLiteConnection.nativeExecuteForLastInsertedRowId(Native Method)
12-02 19:45:14.062  2584 31485 E SQLiteDatabase: 	at android.database.sqlite.SQLiteConnection.executeForLastInsertedRowId(SQLiteConnection.java:879)
12-02 19:45:14.062  2584 31485 E SQLiteDatabase: 	at android.database.sqlite.SQLiteSession.executeForLastInsertedRowId(SQLiteSession.java:790)
12-02 19:45:14.062  2584 31485 E SQLiteDatabase: 	at android.database.sqlite.SQLiteStatement.executeInsert(SQLiteStatement.java:88)
12-02 19:45:14.062  2584 31485 E SQLiteDatabase: 	at android.database.sqlite.SQLiteDatabase.insertWithOnConflict(SQLiteDatabase.java:1599)
12-02 19:45:14.062  2584 31485 E SQLiteDatabase: 	at android.database.sqlite.SQLiteDatabase.insert(SQLiteDatabase.java:1468)
12-02 19:45:14.062  2584 31485 E SQLiteDatabase: 	at aqui.a(:com.google.android.gms@202414022@20.24.14 (040700-319035315):175)
12-02 19:45:14.062  2584 31485 E SQLiteDatabase: 	at aqtk.a(:com.google.android.gms@202414022@20.24.14 (040700-319035315):182)
12-02 19:45:14.062  2584 31485 E SQLiteDatabase: 	at aqtk.a(:com.google.android.gms@202414022@20.24.14 (040700-319035315):23)
12-02 19:45:14.062  2584 31485 E SQLiteDatabase: 	at aqtk.a(:com.google.android.gms@202414022@20.24.14 (040700-319035315):177)
12-02 19:45:14.062  2584 31485 E SQLiteDatabase: 	at aqpu.run(:com.google.android.gms@202414022@20.24.14 (040700-319035315):9)
12-02 19:45:14.062  2584 31485 E SQLiteDatabase: 	at soy.b(:com.google.android.gms@202414022@20.24.14 (040700-319035315):12)
12-02 19:45:14.062  2584 31485 E SQLiteDatabase: 	at soy.run(:com.google.android.gms@202414022@20.24.14 (040700-319035315):7)
12-02 19:45:14.062  2584 31485 E SQLiteDatabase: 	at java.util.concurrent.ThreadPoolExecutor.runWorker(ThreadPoolExecutor.java:1167)
12-02 19:45:14.062  2584 31485 E SQLiteDatabase: 	at java.util.concurrent.ThreadPoolExecutor$Worker.run(ThreadPoolExecutor.java:641)
12-02 19:45:14.062  2584 31485 E SQLiteDatabase: 	at sux.run(:com.google.android.gms@202414022@20.24.14 (040700-319035315):0)
12-02 19:45:14.062  2584 31485 E SQLiteDatabase: 	at java.lang.Thread.run(Thread.java:919)
12-02 19:45:14.170  2010  2041 I ActivityTaskManager: Displayed ru.iteco.fmhandroid/.ui.AppActivity: +1s514ms
12-02 19:45:14.177 31783 31828 W FileTestStorage: Test input args is not supported.
12-02 19:45:14.187 31783 31783 W teco.fmhandroi: Accessing hidden method Landroid/os/MessageQueue;->next()Landroid/os/Message; (greylist, reflection, allowed)
12-02 19:45:14.187 31783 31783 W teco.fmhandroi: Accessing hidden field Landroid/os/MessageQueue;->mMessages:Landroid/os/Message; (greylist, reflection, allowed)
12-02 19:45:14.187 31783 31783 W teco.fmhandroi: Accessing hidden method Landroid/os/Message;->recycleUnchecked()V (greylist, reflection, allowed)
12-02 19:45:14.191 31783 31828 W teco.fmhandroi: Accessing hidden method Lsun/misc/Unsafe;->getUnsafe()Lsun/misc/Unsafe; (greylist,core-platform-api, linking, allowed)
12-02 19:45:14.191 31783 31828 W teco.fmhandroi: Accessing hidden method Lsun/misc/Unsafe;->objectFieldOffset(Ljava/lang/reflect/Field;)J (greylist,core-platform-api, linking, allowed)
12-02 19:45:14.192 31783 31828 W teco.fmhandroi: Accessing hidden method Lsun/misc/Unsafe;->putObject(Ljava/lang/Object;JLjava/lang/Object;)V (greylist, linking, allowed)
12-02 19:45:14.195 31783 31848 W teco.fmhandroi: Accessing hidden method Lsun/misc/Unsafe;->compareAndSwapObject(Ljava/lang/Object;JLjava/lang/Object;Ljava/lang/Object;)Z (greylist, linking, allowed)
12-02 19:45:14.196 31783 31848 W teco.fmhandroi: Accessing hidden method Lsun/misc/Unsafe;->getObject(Ljava/lang/Object;J)Ljava/lang/Object; (greylist, linking, allowed)
12-02 19:45:14.196  2169  2501 D EGL_emulation: eglMakeCurrent: 0xdb91a600: ver 2 0 (tinfo 0xdb90f8d0)
12-02 19:45:14.213 31783 31783 W teco.fmhandroi: Accessing hidden method Landroid/view/WindowManagerGlobal;->getInstance()Landroid/view/WindowManagerGlobal; (greylist, reflection, allowed)
12-02 19:45:14.213 31783 31783 W teco.fmhandroi: Accessing hidden field Landroid/view/WindowManagerGlobal;->mViews:Ljava/util/ArrayList; (greylist, reflection, allowed)
12-02 19:45:14.213 31783 31783 W teco.fmhandroi: Accessing hidden field Landroid/view/WindowManagerGlobal;->mParams:Ljava/util/ArrayList; (greylist, reflection, allowed)
12-02 19:45:14.231 31783 31783 I ViewInteraction: Performing 'wait for a specific view with <(an instance of android.widget.TextView and view.getText() with or without transformation to match: is "Authorization" and view.getParent() view.getParent() view.getId() is <2131231186>)> during 10000 millis.' action on view view.getRootView() to equal view
12-02 19:45:14.312  3139 31191 I PBSessionCacheImpl: Deleted sessionId[429016853870] from persistence.
12-02 19:45:14.384  3139  3568 W SearchServiceCore: Abort, client detached.
12-02 19:45:16.774 31783 31783 W teco.fmhandroi: Accessing hidden field Lsun/misc/Unsafe;->theUnsafe:Lsun/misc/Unsafe; (greylist, reflection, allowed)
12-02 19:45:16.774 31783 31783 W teco.fmhandroi: Accessing hidden method Lsun/misc/Unsafe;->allocateInstance(Ljava/lang/Class;)Ljava/lang/Object; (greylist, reflection, allowed)
12-02 19:45:16.792 31783 31854 I okhttp.OkHttpClient: --> GET http://www.981757-ca08998.tmweb.ru:8080/fmh/authentication/userInfo
12-02 19:45:16.792 31783 31854 I okhttp.OkHttpClient: --> END GET
12-02 19:45:16.809  1743 31855 E ResolverController: No valid NAT64 prefix (128, <unspecified>/0)
12-02 19:45:18.913 31783 31824 V FA      : Inactivity, disconnecting from the service
12-02 19:45:19.167 31783 31854 I okhttp.OkHttpClient: <-- 200 http://www.981757-ca08998.tmweb.ru:8080/fmh/authentication/userInfo (2374ms)
12-02 19:45:19.167 31783 31854 I okhttp.OkHttpClient: Vary: Origin
12-02 19:45:19.167 31783 31854 I okhttp.OkHttpClient: Vary: Access-Control-Request-Method
12-02 19:45:19.167 31783 31854 I okhttp.OkHttpClient: Vary: Access-Control-Request-Headers
12-02 19:45:19.167 31783 31854 I okhttp.OkHttpClient: X-Content-Type-Options: nosniff
12-02 19:45:19.167 31783 31854 I okhttp.OkHttpClient: X-XSS-Protection: 1; mode=block
12-02 19:45:19.167 31783 31854 I okhttp.OkHttpClient: Cache-Control: no-cache, no-store, max-age=0, must-revalidate
12-02 19:45:19.167 31783 31854 I okhttp.OkHttpClient: Pragma: no-cache
12-02 19:45:19.167 31783 31854 I okhttp.OkHttpClient: Expires: 0
12-02 19:45:19.167 31783 31854 I okhttp.OkHttpClient: X-Frame-Options: DENY
12-02 19:45:19.167 31783 31854 I okhttp.OkHttpClient: Content-Type: application/json
12-02 19:45:19.168 31783 31854 I okhttp.OkHttpClient: Transfer-Encoding: chunked
12-02 19:45:19.168 31783 31854 I okhttp.OkHttpClient: Date: Fri, 02 Dec 2022 16:45:20 GMT
12-02 19:45:19.168 31783 31854 I okhttp.OkHttpClient: Keep-Alive: timeout=60
12-02 19:45:19.168 31783 31854 I okhttp.OkHttpClient: Connection: keep-alive
12-02 19:45:19.338 31783 31854 I okhttp.OkHttpClient: {"id":2,"firstName":"Данил","lastName":"Иванов","middleName":"Данилович","admin":true}
12-02 19:45:19.338 31783 31854 I okhttp.OkHttpClient: <-- END HTTP (106-byte body)
12-02 19:45:19.395 31783 31859 I okhttp.OkHttpClient: --> GET http://www.981757-ca08998.tmweb.ru:8080/fmh/claims
12-02 19:45:19.396 31783 31859 I okhttp.OkHttpClient: --> END GET
12-02 19:45:19.406  1743 31862 E ResolverController: No valid NAT64 prefix (128, <unspecified>/0)
12-02 19:45:19.412  2010  2041 E memtrack: Couldn't load memtrack module
12-02 19:45:19.412  2010  2041 W android.os.Debug: failed to get memory consumption info: -1
12-02 19:45:19.592  2584 31688 I LogUtils: [Places]: ?: Couldn't find platform key file. [CONTEXT service_id=253 ]
12-02 19:45:19.597  2584 31207 I LogUtils: [Places]: ?: Couldn't find platform key file. [CONTEXT service_id=253 ]
12-02 19:45:19.614  2584 31686 I LogUtils: [Places]: ?: PlacesBleScanner stop() [CONTEXT service_id=253 ]
12-02 19:45:19.619  2584  2584 I BeaconBle: Scan : No clients left, canceling alarm. [CONTEXT service_id=111 ]
12-02 19:45:19.620  2584  2584 I BeaconBle: Scan canceled successfully. [CONTEXT service_id=111 ]
12-02 19:45:19.629  2584 31686 I PlacesLogger: [PlaceInferenceEngine]: [anon] Changed inference mode: 0 [CONTEXT service_id=253 ]
12-02 19:45:19.646  2584  3808 W GCoreFlp: No location to return for getLastLocation()
12-02 19:45:19.694  2584 31688 I LogUtils: [Places]: ?: Couldn't find platform key file. [CONTEXT service_id=253 ]
12-02 19:45:19.695  2584 31688 I LogUtils: [Places]: ?: Couldn't find platform key file. [CONTEXT service_id=253 ]
12-02 19:45:19.790  2584  2584 I GeofencerStateMachine: removeGeofences: removeRequest=RemoveGeofencingRequest[REMOVE_BY_PENDING_INTENT pendingIntent=PendingIntent[creatorPackage=com.google.android.gms], packageName=com.google.android.gms]
12-02 19:45:21.476 31783 31783 I Choreographer: Skipped 126 frames!  The application may be doing too much work on its main thread.
12-02 19:45:21.652 31783 31859 I okhttp.OkHttpClient: <-- 200 http://www.981757-ca08998.tmweb.ru:8080/fmh/claims (2256ms)
12-02 19:45:21.653 31783 31859 I okhttp.OkHttpClient: Vary: Origin
12-02 19:45:21.653 31783 31859 I okhttp.OkHttpClient: Vary: Access-Control-Request-Method
12-02 19:45:21.653 31783 31859 I okhttp.OkHttpClient: Vary: Access-Control-Request-Headers
12-02 19:45:21.653 31783 31859 I okhttp.OkHttpClient: X-Content-Type-Options: nosniff
12-02 19:45:21.653 31783 31859 I okhttp.OkHttpClient: X-XSS-Protection: 1; mode=block
12-02 19:45:21.653 31783 31859 I okhttp.OkHttpClient: Cache-Control: no-cache, no-store, max-age=0, must-revalidate
12-02 19:45:21.654 31783 31859 I okhttp.OkHttpClient: Pragma: no-cache
12-02 19:45:21.654 31783 31859 I okhttp.OkHttpClient: Expires: 0
12-02 19:45:21.654 31783 31859 I okhttp.OkHttpClient: X-Frame-Options: DENY
12-02 19:45:21.654 31783 31859 I okhttp.OkHttpClient: Content-Type: application/json
12-02 19:45:21.655 31783 31859 I okhttp.OkHttpClient: Transfer-Encoding: chunked
12-02 19:45:21.656 31783 31859 I okhttp.OkHttpClient: Date: Fri, 02 Dec 2022 16:45:23 GMT
12-02 19:45:21.657 31783 31859 I okhttp.OkHttpClient: Keep-Alive: timeout=60
12-02 19:45:21.657 31783 31859 I okhttp.OkHttpClient: Connection: keep-alive
12-02 19:45:21.833 31783 31842 I OpenGLRenderer: Davey! duration=2460ms; Flags=1, IntendedVsync=91955778267246, Vsync=91957878267162, OldestInputEvent=9223372036854775807, NewestInputEvent=0, HandleInputStart=91957882507680, AnimationStart=91957882543780, PerformTraversalsStart=91957882677180, DrawStart=91957957303880, SyncQueued=91957959278580, SyncStart=91957959803480, IssueDrawCommandsStart=91957959885880, SwapBuffers=91958231773480, FrameCompleted=91958239725380, DequeueBufferDuration=550000, QueueBufferDuration=859000, 
12-02 19:45:24.279  3139  3568 I WorkerManager: dispose()
12-02 19:45:24.279  3139  3568 W ThreadPoolDumper: Queue length for executor EventBus is now 11. Perhaps some tasks are too long, or the pool is too small.
12-02 19:45:24.294 31783 31783 D takeScreenshot: Found 1 global views to redraw
12-02 19:45:24.327  1772  1875 D gralloc_ranchu: gralloc_alloc: Creating ashmem region of size 14749696
12-02 19:45:24.352  1648  1648 I hwservicemanager: getTransport: Cannot find entry android.hardware.graphics.mapper@3.0::IMapper/default in either framework or device manifest.
12-02 19:45:24.352 31768 31782 W Gralloc3: mapper 3.x is not supported
12-02 19:45:24.382 31768 31782 D HostConnection: createUnique: call
12-02 19:45:24.384 31768 31782 D HostConnection: HostConnection::get() New Host Connection established 0xedd564e0, tid 31782
12-02 19:45:24.386 31768 31782 D HostConnection: HostComposition ext ANDROID_EMU_CHECKSUM_HELPER_v1 ANDROID_EMU_dma_v1 ANDROID_EMU_direct_mem ANDROID_EMU_host_composition_v1 ANDROID_EMU_host_composition_v2 ANDROID_EMU_vulkan ANDROID_EMU_deferred_vulkan_commands ANDROID_EMU_vulkan_null_optional_strings ANDROID_EMU_vulkan_create_resources_with_requirements ANDROID_EMU_YUV_Cache ANDROID_EMU_vulkan_ignored_handles ANDROID_EMU_vulkan_free_memory_sync ANDROID_EMU_vulkan_shader_float16_int8 ANDROID_EMU_vulkan_async_queue_submit ANDROID_EMU_sync_buffer_data GL_OES_vertex_array_object GL_KHR_texture_compression_astc_ldr ANDROID_EMU_host_side_tracing ANDROID_EMU_gles_max_version_2 
12-02 19:45:24.387 31768 31782 D eglCodecCommon: allocate: Ask for block of size 0x1000
12-02 19:45:24.388 31768 31782 D eglCodecCommon: allocate: ioctl allocate returned offset 0x3ff1d2000 size 0x2000
12-02 19:45:24.394  1788  2002 E SurfaceFlinger: ro.sf.lcd_density must be defined as a build property
12-02 19:45:24.395  1788  2002 E SurfaceFlinger: ro.sf.lcd_density must be defined as a build property
12-02 19:45:24.398 31768 31871 D libEGL  : Emulator has host GPU support, qemu.gles is set to 1.
12-02 19:45:24.403 31768 31871 W libc    : Unable to set property "qemu.gles" to "1": error code: 0x18
12-02 19:45:24.404 31768 31871 D libEGL  : loaded /vendor/lib/egl/libEGL_emulation.so
12-02 19:45:24.406 31768 31871 D libEGL  : loaded /vendor/lib/egl/libGLESv1_CM_emulation.so
12-02 19:45:24.408 31768 31871 D libEGL  : loaded /vendor/lib/egl/libGLESv2_emulation.so
12-02 19:45:24.417 31768 31871 D HostConnection: HostConnection::get() New Host Connection established 0xedd563f0, tid 31871
12-02 19:45:24.418 31768 31871 D HostConnection: HostComposition ext ANDROID_EMU_CHECKSUM_HELPER_v1 ANDROID_EMU_dma_v1 ANDROID_EMU_direct_mem ANDROID_EMU_host_composition_v1 ANDROID_EMU_host_composition_v2 ANDROID_EMU_vulkan ANDROID_EMU_deferred_vulkan_commands ANDROID_EMU_vulkan_null_optional_strings ANDROID_EMU_vulkan_create_resources_with_requirements ANDROID_EMU_YUV_Cache ANDROID_EMU_vulkan_ignored_handles ANDROID_EMU_vulkan_free_memory_sync ANDROID_EMU_vulkan_shader_float16_int8 ANDROID_EMU_vulkan_async_queue_submit ANDROID_EMU_sync_buffer_data GL_OES_vertex_array_object GL_KHR_texture_compression_astc_ldr ANDROID_EMU_host_side_tracing ANDROID_EMU_gles_max_version_2 
12-02 19:45:24.422 31768 31871 W OpenGLRenderer: Failed to choose config with EGL_SWAP_BEHAVIOR_PRESERVED, retrying without...
12-02 19:45:24.462 31768 31871 D EGL_emulation: eglCreateContext: 0xd8a28360: maj 2 min 0 rcv 2
12-02 19:45:24.465 31768 31871 D EGL_emulation: eglMakeCurrent: 0xd8a28360: ver 2 0 (tinfo 0xd8a0f370)
12-02 19:45:24.519 31783 31828 W DefaultFailureHandler: Failed to take screenshot
12-02 19:45:24.519 31783 31828 W DefaultFailureHandler: java.io.FileNotFoundException: view-op-error-1.png: open failed: EROFS (Read-only file system)
12-02 19:45:24.519 31783 31828 W DefaultFailureHandler: 	at libcore.io.IoBridge.open(IoBridge.java:496)
12-02 19:45:24.519 31783 31828 W DefaultFailureHandler: 	at java.io.FileOutputStream.<init>(FileOutputStream.java:235)
12-02 19:45:24.519 31783 31828 W DefaultFailureHandler: 	at java.io.FileOutputStream.<init>(FileOutputStream.java:125)
12-02 19:45:24.519 31783 31828 W DefaultFailureHandler: 	at androidx.test.platform.io.FileTestStorage.openOutputFile(FileTestStorage.java:60)
12-02 19:45:24.519 31783 31828 W DefaultFailureHandler: 	at androidx.test.core.graphics.BitmapStorage.writeToTestStorage(BitmapStorageExt.kt:49)
12-02 19:45:24.519 31783 31828 W DefaultFailureHandler: 	at androidx.test.espresso.base.DefaultFailureHandler.takeScreenshot(DefaultFailureHandler.java:4)
12-02 19:45:24.519 31783 31828 W DefaultFailureHandler: 	at androidx.test.espresso.base.DefaultFailureHandler.handle(DefaultFailureHandler.java:3)
12-02 19:45:24.519 31783 31828 W DefaultFailureHandler: 	at androidx.test.espresso.ViewInteraction.waitForAndHandleInteractionResults(ViewInteraction.java:8)
12-02 19:45:24.519 31783 31828 W DefaultFailureHandler: 	at androidx.test.espresso.ViewInteraction.desugaredPerform(ViewInteraction.java:11)
12-02 19:45:24.519 31783 31828 W DefaultFailureHandler: 	at androidx.test.espresso.ViewInteraction.perform(ViewInteraction.java:8)
12-02 19:45:24.519 31783 31828 W DefaultFailureHandler: 	at ru.iteco.fmhandroid.ui.data.TestUtils.waitView(TestUtils.java:61)
12-02 19:45:24.519 31783 31828 W DefaultFailureHandler: 	at ru.iteco.fmhandroid.ui.steps.AuthSteps.isAuthScreen(AuthSteps.java:56)
12-02 19:45:24.519 31783 31828 W DefaultFailureHandler: 	at ru.iteco.fmhandroid.ui.NewsCreationFormTest.logoutCheck(NewsCreationFormTest.java:53)
12-02 19:45:24.519 31783 31828 W DefaultFailureHandler: 	at java.lang.reflect.Method.invoke(Native Method)
12-02 19:45:24.519 31783 31828 W DefaultFailureHandler: 	at org.junit.runners.model.FrameworkMethod$1.runReflectiveCall(FrameworkMethod.java:59)
12-02 19:45:24.519 31783 31828 W DefaultFailureHandler: 	at org.junit.internal.runners.model.ReflectiveCallable.run(ReflectiveCallable.java:12)
12-02 19:45:24.519 31783 31828 W DefaultFailureHandler: 	at org.junit.runners.model.FrameworkMethod.invokeExplosively(FrameworkMethod.java:56)
12-02 19:45:24.519 31783 31828 W DefaultFailureHandler: 	at androidx.test.internal.runner.junit4.statement.RunBefores.evaluate(RunBefores.java:76)
12-02 19:45:24.519 31783 31828 W DefaultFailureHandler: 	at androidx.test.internal.runner.junit4.statement.RunAfters.evaluate(RunAfters.java:61)
12-02 19:45:24.519 31783 31828 W DefaultFailureHandler: 	at androidx.test.rule.ActivityTestRule$ActivityStatement.evaluate(ActivityTestRule.java:543)
12-02 19:45:24.519 31783 31828 W DefaultFailureHandler: 	at io.qameta.allure.android.rules.LogcatRule$apply$1.evaluate(LogcatRule.kt:23)
12-02 19:45:24.519 31783 31828 W DefaultFailureHandler: 	at io.qameta.allure.android.rules.ScreenshotRule$apply$1.evaluate(ScreenshotRule.kt:22)
12-02 19:45:24.519 31783 31828 W DefaultFailureHandler: 	at io.qameta.allure.android.rules.ScreenshotRule$apply$1.evaluate(ScreenshotRule.kt:22)
12-02 19:45:24.519 31783 31828 W DefaultFailureHandler: 	at org.junit.rules.RunRules.evaluate(RunRules.java:20)
12-02 19:45:24.519 31783 31828 W DefaultFailureHandler: 	at org.junit.runners.ParentRunner$3.evaluate(ParentRunner.java:306)
12-02 19:45:24.519 31783 31828 W DefaultFailureHandler: 	at org.junit.runners.BlockJUnit4ClassRunner$1.evaluate(BlockJUnit4ClassRunner.java:100)
12-02 19:45:24.519 31783 31828 W DefaultFailureHandler: 	at org.junit.runners.ParentRunner.runLeaf(ParentRunner.java:366)
12-02 19:45:24.519 31783 31828 W DefaultFailureHandler: 	at org.junit.runners.BlockJUnit4ClassRunner.runChild(BlockJUnit4ClassRunner.java:103)
12-02 19:45:24.519 31783 31828 W DefaultFailureHandler: 	at org.junit.runners.BlockJUnit4ClassRunner.runChild(BlockJUnit4ClassRunner.java:63)
12-02 19:45:24.519 31783 31828 W DefaultFailureHandler: 	at org.junit.runners.ParentRunner$4.run(ParentRunner.java:331)
12-02 19:45:24.519 31783 31828 W DefaultFailureHandler: 	at org.junit.runners.ParentRunner$1.schedule(ParentRunner.java:79)
12-02 19:45:24.519 31783 31828 W DefaultFailureHandler: 	at org.junit.runners.ParentRunner.runChildren(ParentRunner.java:329)
12-02 19:45:24.519 31783 31828 W DefaultFailureHandler: 	at org.junit.runners.ParentRunner.access$100(ParentRunner.java:66)
12-02 19:45:24.519 31783 31828 W DefaultFailureHandler: 	at org.junit.runners.ParentRunner$2.evaluate(ParentRunner.java:293)
12-02 19:45:24.519 31783 31828 W DefaultFailureHandler: 	at org.junit.runners.ParentRunner$3.evaluate(ParentRunner.java:306)
12-02 19:45:24.519 31783 31828 W DefaultFailureHandler: 	at org.junit.runners.ParentRunner.run(ParentRunner.java:413)
12-02 19:45:24.519 31783 31828 W DefaultFailureHandler: 	at androidx.test.ext.junit.runners.AndroidJUnit4.run(AndroidJUnit4.java:162)
12-02 19:45:24.519 31783 31828 W DefaultFailureHandler: 	at io.qameta.allure.android.runners.AllureAndroidJUnit4.run(AllureAndroidJUnitRunners.kt:29)
12-02 19:45:24.519 31783 31828 W DefaultFailureHandler: 	at org.junit.runners.Suite.runChild(Suite.java:128)
12-02 19:45:24.519 31783 31828 W DefaultFailureHandler: 	at org.junit.runners.Suite.runChild(Suite.java:27)
12-02 19:45:24.519 31783 31828 W DefaultFailureHandler: 	at org.junit.runners.ParentRunner$4.run(ParentRunner.java:331)
12-02 19:45:24.519 31783 31828 W DefaultFailureHandler: 	at org.junit.runners.ParentRunner$1.schedule(ParentRunner.java:79)
12-02 19:45:24.519 31783 31828 W DefaultFailureHandler: 	at org.junit.runners.ParentRunner.runChildren(ParentRunner.java:329)
12-02 19:45:24.519 31783 31828 W DefaultFailureHandler: 	at org.junit.runners.ParentRunner.access$100(ParentRunner.java:66)
12-02 19:45:24.519 31783 31828 W DefaultFailureHandler: 	at org.junit.runners.ParentRunner$2.evaluate(ParentRunner.java:293)
12-02 19:45:24.519 31783 31828 W DefaultFailureHandler: 	at org.junit.runners.ParentRunner$3.evaluate(ParentRunner.java:306)
12-02 19:45:24.519 31783 31828 W DefaultFailureHandler: 	at org.junit.runners.ParentRunner.run(ParentRunner.java:413)
12-02 19:45:24.519 31783 31828 W DefaultFailureHandler: 	at org.junit.runner.JUnitCore.run(JUnitCore.java:137)
12-02 19:45:24.519 31783 31828 W DefaultFailureHandler: 	at org.junit.runner.JUnitCore.run(JUnitCore.java:115)
12-02 19:45:24.519 31783 31828 W DefaultFailureHandler: 	at androidx.test.internal.runner.TestExecutor.execute(TestExecutor.java:67)
12-02 19:45:24.519 31783 31828 W DefaultFailureHandler: 	at androidx.test.internal.runner.TestExecutor.execute(TestExecutor.java:58)
12-02 19:45:24.520 31783 31828 W DefaultFailureHandler: 	at androidx.test.runner.AndroidJUnitRunner.onStart(AndroidJUnitRunner.java:438)
12-02 19:45:24.520 31783 31828 W DefaultFailureHandler: 	at android.app.Instrumentation$InstrumentationThread.run(Instrumentation.java:2189)
12-02 19:45:24.520 31783 31828 W DefaultFailureHandler: Caused by: android.system.ErrnoException: open failed: EROFS (Read-only file system)
12-02 19:45:24.520 31783 31828 W DefaultFailureHandler: 	at libcore.io.Linux.open(Native Method)
12-02 19:45:24.520 31783 31828 W DefaultFailureHandler: 	at libcore.io.ForwardingOs.open(ForwardingOs.java:167)
12-02 19:45:24.520 31783 31828 W DefaultFailureHandler: 	at libcore.io.BlockGuardOs.open(BlockGuardOs.java:252)
12-02 19:45:24.520 31783 31828 W DefaultFailureHandler: 	at libcore.io.ForwardingOs.open(ForwardingOs.java:167)
12-02 19:45:24.520 31783 31828 W DefaultFailureHandler: 	at android.app.ActivityThread$AndroidOs.open(ActivityThread.java:7255)
12-02 19:45:24.520 31783 31828 W DefaultFailureHandler: 	at libcore.io.IoBridge.open(IoBridge.java:482)
12-02 19:45:24.520 31783 31828 W DefaultFailureHandler: 	... 52 more
12-02 19:45:24.524 31783 31828 W teco.fmhandroi: Accessing hidden method Lsun/misc/Unsafe;->compareAndSwapObject(Ljava/lang/Object;JLjava/lang/Object;Ljava/lang/Object;)Z (greylist, linking, allowed)
12-02 19:45:24.526 31783 31783 I ViewInteraction: Performing 'wait for a specific view with <view.getId() is <2131230870>> during 10000 millis.' action on view view.getRootView() to equal view
12-02 19:45:24.528 31783 31872 W teco.fmhandroi: Accessing hidden method Lsun/misc/Unsafe;->getObject(Ljava/lang/Object;J)Ljava/lang/Object; (greylist, linking, allowed)
12-02 19:45:24.532 31783 31783 I ViewInteraction: Checking 'MatchesViewAssertion{viewMatcher=(view has effective visibility <VISIBLE> and view.getGlobalVisibleRect() to return non-empty rectangle)}' assertion on view view.getId() is <2131230870/ru.iteco.fmhandroid:id/authorization_image_button>
12-02 19:45:24.536 31783 31828 W teco.fmhandroi: Accessing hidden method Landroid/view/ViewConfiguration;->getDoubleTapMinTime()I (greylist, reflection, allowed)
12-02 19:45:24.544 31783 31783 I ViewInteraction: Performing 'single click' action on view view.getId() is <2131230870/ru.iteco.fmhandroid:id/authorization_image_button>
12-02 19:45:24.623  1750  3111 W audio_hw_generic: Not supplying enough data to HAL, expected position 413866022 , only wrote 413865981
12-02 19:45:24.631  2584  2584 I BeaconBle: Scan : No clients left, canceling alarm. [CONTEXT service_id=111 ]
12-02 19:45:24.679  1772  1875 D gralloc_ranchu: gralloc_alloc: Creating ashmem region of size 1429504
12-02 19:45:24.683  1772  1875 I chatty  : uid=1000(system) HwBinder:1772_2 identical 1 line
12-02 19:45:24.684  1772  1875 D gralloc_ranchu: gralloc_alloc: Creating ashmem region of size 1429504
12-02 19:45:24.694 31783 31842 D EGL_emulation: eglMakeCurrent: 0xe3a08e00: ver 2 0 (tinfo 0xeecc0700)
12-02 19:45:24.755 31783 31842 I chatty  : uid=10159(ru.iteco.fmhandroid) RenderThread identical 3 lines
12-02 19:45:24.770 31783 31842 D EGL_emulation: eglMakeCurrent: 0xe3a08e00: ver 2 0 (tinfo 0xeecc0700)
12-02 19:45:24.993 31783 31783 I ViewInteraction: Performing 'wait for a specific view with <an instance of android.widget.TextView and view.getText() with or without transformation to match: is "Log out"> during 10000 millis.' action on view view.getRootView() to equal view
12-02 19:45:24.996 31783 31783 I ViewInteraction: Checking 'MatchesViewAssertion{viewMatcher=(view has effective visibility <VISIBLE> and view.getGlobalVisibleRect() to return non-empty rectangle)}' assertion on view an instance of android.widget.TextView and view.getText() with or without transformation to match: is "Log out"
12-02 19:45:24.999 31783 31783 I ViewInteraction: Performing 'single click' action on view an instance of android.widget.TextView and view.getText() with or without transformation to match: is "Log out"
12-02 19:45:25.290 31783 31842 D EGL_emulation: eglMakeCurrent: 0xe3a08e00: ver 2 0 (tinfo 0xeecc0700)
12-02 19:45:25.348 31783 31842 D EGL_emulation: eglMakeCurrent: 0xe3a08e00: ver 2 0 (tinfo 0xeecc0700)
12-02 19:45:25.436 31783 31783 I ViewInteraction: Performing 'wait for a specific view with <(an instance of android.widget.TextView and view.getText() with or without transformation to match: is "Authorization" and view.getParent() view.getParent() view.getId() is <2131231186>)> during 10000 millis.' action on view view.getRootView() to equal view
12-02 19:45:25.440 31783 31783 I ViewInteraction: Checking 'MatchesViewAssertion{viewMatcher=(view has effective visibility <VISIBLE> and view.getGlobalVisibleRect() to return non-empty rectangle)}' assertion on view (an instance of android.widget.TextView and view.getText() with or without transformation to match: is "Authorization" and view.getParent() view.getParent() view.getId() is <2131231186/ru.iteco.fmhandroid:id/nav_host_fragment>)
12-02 19:45:25.445 31783 31783 I ViewInteraction: Performing 'wait for a specific view with <(an instance of android.widget.TextView and view.getHint() matching: is "Login" and view.getParent() view.getParent() view.getId() is <2131231121>)> during 10000 millis.' action on view view.getRootView() to equal view
12-02 19:45:25.451 31783 31783 I ViewInteraction: Checking 'MatchesViewAssertion{viewMatcher=(view has effective visibility <VISIBLE> and view.getGlobalVisibleRect() to return non-empty rectangle)}' assertion on view (an instance of android.widget.TextView and view.getHint() matching: is "Login" and view.getParent() view.getParent() view.getId() is <2131231121/ru.iteco.fmhandroid:id/login_text_input_layout>)
12-02 19:45:25.455 31783 31783 I ViewInteraction: Performing 'wait for a specific view with <(an instance of android.widget.TextView and view.getHint() matching: is "Password" and view.getParent() view.getParent() view.getId() is <2131231264>)> during 10000 millis.' action on view view.getRootView() to equal view
12-02 19:45:25.460 31783 31783 I ViewInteraction: Checking 'MatchesViewAssertion{viewMatcher=(view has effective visibility <VISIBLE> and view.getGlobalVisibleRect() to return non-empty rectangle)}' assertion on view (an instance of android.widget.TextView and view.getHint() matching: is "Password" and view.getParent() view.getParent() view.getId() is <2131231264/ru.iteco.fmhandroid:id/password_text_input_layout>)
12-02 19:45:25.463 31783 31783 I ViewInteraction: Performing 'wait for a specific view with <(view.getId() is <2131231039> and an instance of android.widget.TextView and view.getText() with or without transformation to match: is "SIGN IN" and view.getContentDescription() is "Save" and view.getParent() view.getParent() an instance of android.widget.RelativeLayout)> during 10000 millis.' action on view view.getRootView() to equal view
12-02 19:45:25.467 31783 31783 I ViewInteraction: Checking 'MatchesViewAssertion{viewMatcher=(view has effective visibility <VISIBLE> and view.getGlobalVisibleRect() to return non-empty rectangle)}' assertion on view (view.getId() is <2131231039/ru.iteco.fmhandroid:id/enter_button> and an instance of android.widget.TextView and view.getText() with or without transformation to match: is "SIGN IN" and view.getContentDescription() is "Save" and view.getParent() view.getParent() an instance of android.widget.RelativeLayout)
12-02 19:45:25.470 31783 31783 I ViewInteraction: Performing 'wait for a specific view with <(an instance of android.widget.TextView and view.getText() with or without transformation to match: is "Authorization" and view.getParent() view.getParent() view.getId() is <2131231186>)> during 10000 millis.' action on view view.getRootView() to equal view
12-02 19:45:25.473 31783 31783 I ViewInteraction: Checking 'MatchesViewAssertion{viewMatcher=(view has effective visibility <VISIBLE> and view.getGlobalVisibleRect() to return non-empty rectangle)}' assertion on view (an instance of android.widget.TextView and view.getText() with or without transformation to match: is "Authorization" and view.getParent() view.getParent() view.getId() is <2131231186/ru.iteco.fmhandroid:id/nav_host_fragment>)
12-02 19:45:25.476 31783 31783 I ViewInteraction: Performing 'wait for a specific view with <(an instance of android.widget.TextView and view.getHint() matching: is "Login" and view.getParent() view.getParent() view.getId() is <2131231121/ru.iteco.fmhandroid:id/login_text_input_layout>)> during 10000 millis.' action on view view.getRootView() to equal view
12-02 19:45:25.480 31783 31783 I ViewInteraction: Checking 'MatchesViewAssertion{viewMatcher=(view has effective visibility <VISIBLE> and view.getGlobalVisibleRect() to return non-empty rectangle)}' assertion on view (an instance of android.widget.TextView and view.getHint() matching: is "Login" and view.getParent() view.getParent() view.getId() is <2131231121/ru.iteco.fmhandroid:id/login_text_input_layout>)
12-02 19:45:25.483 31783 31783 I ViewInteraction: Performing 'wait for a specific view with <(an instance of android.widget.TextView and view.getHint() matching: is "Password" and view.getParent() view.getParent() view.getId() is <2131231264/ru.iteco.fmhandroid:id/password_text_input_layout>)> during 10000 millis.' action on view view.getRootView() to equal view
12-02 19:45:25.489 31783 31783 I ViewInteraction: Checking 'MatchesViewAssertion{viewMatcher=(view has effective visibility <VISIBLE> and view.getGlobalVisibleRect() to return non-empty rectangle)}' assertion on view (an instance of android.widget.TextView and view.getHint() matching: is "Password" and view.getParent() view.getParent() view.getId() is <2131231264/ru.iteco.fmhandroid:id/password_text_input_layout>)
12-02 19:45:25.493 31783 31783 I ViewInteraction: Performing 'wait for a specific view with <(view.getId() is <2131231039/ru.iteco.fmhandroid:id/enter_button> and an instance of android.widget.TextView and view.getText() with or without transformation to match: is "SIGN IN" and view.getContentDescription() is "Save" and view.getParent() view.getParent() an instance of android.widget.RelativeLayout)> during 10000 millis.' action on view view.getRootView() to equal view
12-02 19:45:25.498 31783 31783 I ViewInteraction: Checking 'MatchesViewAssertion{viewMatcher=(view has effective visibility <VISIBLE> and view.getGlobalVisibleRect() to return non-empty rectangle)}' assertion on view (view.getId() is <2131231039/ru.iteco.fmhandroid:id/enter_button> and an instance of android.widget.TextView and view.getText() with or without transformation to match: is "SIGN IN" and view.getContentDescription() is "Save" and view.getParent() view.getParent() an instance of android.widget.RelativeLayout)
12-02 19:45:25.500 31783 31783 I ViewInteraction: Performing 'wait for a specific view with <(an instance of android.widget.TextView and view.getHint() matching: is "Login" and view.getParent() view.getParent() view.getId() is <2131231121/ru.iteco.fmhandroid:id/login_text_input_layout>)> during 10000 millis.' action on view view.getRootView() to equal view
12-02 19:45:25.505 31783 31783 I ViewInteraction: Performing 'replace text(login2)' action on view (an instance of android.widget.TextView and view.getHint() matching: is "Login" and view.getParent() view.getParent() view.getId() is <2131231121/ru.iteco.fmhandroid:id/login_text_input_layout>)
12-02 19:45:25.532 31783 31783 I ViewInteraction: Performing 'wait for a specific view with <(an instance of android.widget.TextView and view.getHint() matching: is "Password" and view.getParent() view.getParent() view.getId() is <2131231264/ru.iteco.fmhandroid:id/password_text_input_layout>)> during 10000 millis.' action on view view.getRootView() to equal view
12-02 19:45:25.537 31783 31783 I ViewInteraction: Performing 'replace text(password2)' action on view (an instance of android.widget.TextView and view.getHint() matching: is "Password" and view.getParent() view.getParent() view.getId() is <2131231264/ru.iteco.fmhandroid:id/password_text_input_layout>)
12-02 19:45:25.556 31783 31783 I ViewInteraction: Performing 'wait for a specific view with <(view.getId() is <2131231039/ru.iteco.fmhandroid:id/enter_button> and an instance of android.widget.TextView and view.getText() with or without transformation to match: is "SIGN IN" and view.getContentDescription() is "Save" and view.getParent() view.getParent() an instance of android.widget.RelativeLayout)> during 10000 millis.' action on view view.getRootView() to equal view
12-02 19:45:25.565 31783 31783 I ViewInteraction: Checking 'MatchesViewAssertion{viewMatcher=view.isClickable() is <true>}' assertion on view (view.getId() is <2131231039/ru.iteco.fmhandroid:id/enter_button> and an instance of android.widget.TextView and view.getText() with or without transformation to match: is "SIGN IN" and view.getContentDescription() is "Save" and view.getParent() view.getParent() an instance of android.widget.RelativeLayout)
