12-08 05:48:03.126 11839 12615 I okhttp.OkHttpClient: Date: Thu, 08 Dec 2022 10:48:48 GMT
12-08 05:48:03.130 11839 12615 I okhttp.OkHttpClient: Keep-Alive: timeout=60
12-08 05:48:03.131 11839 12615 I okhttp.OkHttpClient: Connection: keep-alive
12-08 05:48:03.131 11839 12615 I okhttp.OkHttpClient: {"id":2,"firstName":"","lastName":"","middleName":"","admin":true}
12-08 05:48:03.132 11839 12615 I okhttp.OkHttpClient: <-- END HTTP (106-byte body)
12-08 05:48:03.143 11839 12417 I okhttp.OkHttpClient: --> GET http://www.981757-ca08998.tmweb.ru:8080/fmh/claims
12-08 05:48:03.143 11839 12417 I okhttp.OkHttpClient: --> END GET
12-08 05:48:03.150  1744 12755 E ResolverController: No valid NAT64 prefix (107, <unspecified>/0)
12-08 05:48:03.518 11839 11852 I teco.fmhandroi: Background concurrent copying GC freed 24027(1302KB) AllocSpace objects, 3(120KB) LOS objects, 28% free, 15MB/21MB, paused 2.068ms total 152.659ms
12-08 05:48:03.550 11839 11839 I ViewInteraction: Checking 'MatchesViewAssertion{viewMatcher=(view has effective visibility <VISIBLE> and view.getGlobalVisibleRect() to return non-empty rectangle)}' assertion on view an instance of android.widget.TextView and view.getText() with or without transformation to match: is "News"
12-08 05:48:03.554 11839 11839 I ViewInteraction: Performing 'wait for a specific view with <view.getId() is <2131230951>> during 10000 millis.' action on view view.getRootView() to equal view
12-08 05:48:03.560 11839 11839 I ViewInteraction: Checking 'MatchesViewAssertion{viewMatcher=(view has effective visibility <VISIBLE> and view.getGlobalVisibleRect() to return non-empty rectangle)}' assertion on view view.getId() is <2131230951/ru.iteco.fmhandroid:id/container_list_news_include_on_fragment_main>
12-08 05:48:03.563 11839 11839 I ViewInteraction: Performing 'wait for a specific view with <view.getId() is <2131230949>> during 10000 millis.' action on view view.getRootView() to equal view
12-08 05:48:03.569 11839 11839 I ViewInteraction: Checking 'MatchesViewAssertion{viewMatcher=(view has effective visibility <VISIBLE> and view.getGlobalVisibleRect() to return non-empty rectangle)}' assertion on view view.getId() is <2131230949/ru.iteco.fmhandroid:id/container_list_claim_include_on_fragment_main>
12-08 05:48:03.573 11839 11839 I ViewInteraction: Performing 'wait for a specific view with <an instance of android.widget.TextView and view.getText() with or without transformation to match: is "Claims"> during 10000 millis.' action on view view.getRootView() to equal view
12-08 05:48:03.595 11839 11839 I ViewInteraction: Checking 'MatchesViewAssertion{viewMatcher=(view has effective visibility <VISIBLE> and view.getGlobalVisibleRect() to return non-empty rectangle)}' assertion on view an instance of android.widget.TextView and view.getText() with or without transformation to match: is "Claims"
12-08 05:48:03.599 11839 11839 I ViewInteraction: Performing 'wait for a specific view with <view.getId() is <2131231123/ru.iteco.fmhandroid:id/main_menu_image_button>> during 10000 millis.' action on view view.getRootView() to equal view
12-08 05:48:03.602 11839 11839 I ViewInteraction: Performing 'single click' action on view view.getId() is <2131231123/ru.iteco.fmhandroid:id/main_menu_image_button>
12-08 05:48:03.706  1776  1776 D gralloc_ranchu: gralloc_alloc: Creating ashmem region of size 2015232
12-08 05:48:03.719  1776  1776 I chatty  : uid=1000(system) allocator@2.0-s identical 1 line
12-08 05:48:03.720  1776  1776 D gralloc_ranchu: gralloc_alloc: Creating ashmem region of size 2015232
12-08 05:48:03.730 11839 11936 D EGL_emulation: eglMakeCurrent: 0xdd81b020: ver 2 0 (tinfo 0xdd891860)
12-08 05:48:03.804 11839 11936 I chatty  : uid=10146(ru.iteco.fmhandroid) RenderThread identical 3 lines
12-08 05:48:03.820 11839 11936 D EGL_emulation: eglMakeCurrent: 0xdd81b020: ver 2 0 (tinfo 0xdd891860)
12-08 05:48:04.043 11839 11839 I ViewInteraction: Performing 'wait for a specific view with <an instance of android.widget.TextView and view.getText() with or without transformation to match: is "Claims"> during 10000 millis.' action on view view.getRootView() to equal view
12-08 05:48:04.047 11839 11839 I ViewInteraction: Performing 'single click' action on view an instance of android.widget.TextView and view.getText() with or without transformation to match: is "Claims"
12-08 05:48:04.187 11839 11970 I okhttp.OkHttpClient: --> GET http://www.981757-ca08998.tmweb.ru:8080/fmh/claims
12-08 05:48:04.187 11839 11970 I okhttp.OkHttpClient: --> END GET
12-08 05:48:04.242 11839 11936 D EGL_emulation: eglMakeCurrent: 0xdd81b020: ver 2 0 (tinfo 0xdd891860)
12-08 05:48:04.259 11839 11936 D EGL_emulation: eglMakeCurrent: 0xdd81b020: ver 2 0 (tinfo 0xdd891860)
12-08 05:48:04.428 11839 11839 I ViewInteraction: Performing 'wait for a specific view with <view.getId() is <2131230849/ru.iteco.fmhandroid:id/add_new_claim_material_button>> during 10000 millis.' action on view view.getRootView() to equal view
12-08 05:48:04.435 11839 11839 I ViewInteraction: Performing 'single click' action on view view.getId() is <2131230849/ru.iteco.fmhandroid:id/add_new_claim_material_button>
12-08 05:48:04.507 11839 12615 I okhttp.OkHttpClient: --> GET http://www.981757-ca08998.tmweb.ru:8080/fmh/users
12-08 05:48:04.507 11839 12615 I okhttp.OkHttpClient: --> END GET
12-08 05:48:04.648 11839 12615 I okhttp.OkHttpClient: <-- 200 http://www.981757-ca08998.tmweb.ru:8080/fmh/users (140ms)
12-08 05:48:04.648 11839 12615 I okhttp.OkHttpClient: Vary: Origin
12-08 05:48:04.648 11839 12615 I okhttp.OkHttpClient: Vary: Access-Control-Request-Method
12-08 05:48:04.648 11839 12615 I okhttp.OkHttpClient: Vary: Access-Control-Request-Headers
12-08 05:48:04.648 11839 12615 I okhttp.OkHttpClient: X-Content-Type-Options: nosniff
12-08 05:48:04.648 11839 12615 I okhttp.OkHttpClient: X-XSS-Protection: 1; mode=block
12-08 05:48:04.648 11839 12615 I okhttp.OkHttpClient: Cache-Control: no-cache, no-store, max-age=0, must-revalidate
12-08 05:48:04.648 11839 12615 I okhttp.OkHttpClient: Pragma: no-cache
12-08 05:48:04.648 11839 12615 I okhttp.OkHttpClient: Expires: 0
12-08 05:48:04.648 11839 12615 I okhttp.OkHttpClient: X-Frame-Options: DENY
12-08 05:48:04.648 11839 12615 I okhttp.OkHttpClient: Content-Type: application/json
12-08 05:48:04.648 11839 12615 I okhttp.OkHttpClient: Transfer-Encoding: chunked
12-08 05:48:04.648 11839 12615 I okhttp.OkHttpClient: Date: Thu, 08 Dec 2022 10:48:49 GMT
12-08 05:48:04.648 11839 12615 I okhttp.OkHttpClient: Keep-Alive: timeout=60
12-08 05:48:04.648 11839 12615 I okhttp.OkHttpClient: Connection: keep-alive
12-08 05:48:04.649 11839 12615 I okhttp.OkHttpClient: [{"id":1,"firstName":"","lastName":"","middleName":"","admin":true},{"id":2,"firstName":"","lastName":"","middleName":"","admin":true},{"id":3,"firstName":"","lastName":"","middleName":"","admin":false},{"id":4,"firstName":"","lastName":"","middleName":"","admin":false},{"id":5,"firstName":"","lastName":"","middleName":"","admin":true},{"id":6,"firstName":"Diplom","lastName":"Netology","middleName":"QAMID","admin":true}]
12-08 05:48:04.649 11839 12615 I okhttp.OkHttpClient: <-- END HTTP (622-byte body)
12-08 05:48:04.841 11839 11839 I ViewInteraction: Performing 'wait for a specific view with <view.getId() is <2131230849/ru.iteco.fmhandroid:id/add_new_claim_material_button>> during 10000 millis.' action on view view.getRootView() to equal view
12-08 05:48:06.808 11839 12417 I okhttp.OkHttpClient: <-- 200 http://www.981757-ca08998.tmweb.ru:8080/fmh/claims (3665ms)
12-08 05:48:06.809 11839 12417 I okhttp.OkHttpClient: Vary: Origin
12-08 05:48:06.809 11839 12417 I okhttp.OkHttpClient: Vary: Access-Control-Request-Method
12-08 05:48:06.809 11839 12417 I okhttp.OkHttpClient: Vary: Access-Control-Request-Headers
12-08 05:48:06.809 11839 12417 I okhttp.OkHttpClient: X-Content-Type-Options: nosniff
12-08 05:48:06.809 11839 12417 I okhttp.OkHttpClient: X-XSS-Protection: 1; mode=block
12-08 05:48:06.809 11839 12417 I okhttp.OkHttpClient: Cache-Control: no-cache, no-store, max-age=0, must-revalidate
12-08 05:48:06.809 11839 12417 I okhttp.OkHttpClient: Pragma: no-cache
12-08 05:48:06.810 11839 12417 I okhttp.OkHttpClient: Expires: 0
12-08 05:48:06.810 11839 12417 I okhttp.OkHttpClient: X-Frame-Options: DENY
12-08 05:48:06.810 11839 12417 I okhttp.OkHttpClient: Content-Type: application/json
12-08 05:48:06.810 11839 12417 I okhttp.OkHttpClient: Transfer-Encoding: chunked
12-08 05:48:06.810 11839 12417 I okhttp.OkHttpClient: Date: Thu, 08 Dec 2022 10:48:52 GMT
12-08 05:48:06.810 11839 12417 I okhttp.OkHttpClient: Keep-Alive: timeout=60
12-08 05:48:06.810 11839 12417 I okhttp.OkHttpClient: Connection: keep-alive
12-08 05:48:07.666  1764  1764 W audio_hw_generic: Not supplying enough data to HAL, expected position 179092971 , only wrote 178830906
12-08 05:48:07.832 11839 11970 I okhttp.OkHttpClient: <-- 200 http://www.981757-ca08998.tmweb.ru:8080/fmh/claims (3644ms)
12-08 05:48:07.832 11839 11970 I okhttp.OkHttpClient: Vary: Origin
12-08 05:48:07.832 11839 11970 I okhttp.OkHttpClient: Vary: Access-Control-Request-Method
12-08 05:48:07.833 11839 11970 I okhttp.OkHttpClient: Vary: Access-Control-Request-Headers
12-08 05:48:07.833 11839 11970 I okhttp.OkHttpClient: X-Content-Type-Options: nosniff
12-08 05:48:07.833 11839 11970 I okhttp.OkHttpClient: X-XSS-Protection: 1; mode=block
12-08 05:48:07.833 11839 11970 I okhttp.OkHttpClient: Cache-Control: no-cache, no-store, max-age=0, must-revalidate
12-08 05:48:07.833 11839 11970 I okhttp.OkHttpClient: Pragma: no-cache
12-08 05:48:07.833 11839 11970 I okhttp.OkHttpClient: Expires: 0
12-08 05:48:07.833 11839 11970 I okhttp.OkHttpClient: X-Frame-Options: DENY
12-08 05:48:07.834 11839 11970 I okhttp.OkHttpClient: Content-Type: application/json
12-08 05:48:07.834 11839 11970 I okhttp.OkHttpClient: Transfer-Encoding: chunked
12-08 05:48:07.834 11839 11970 I okhttp.OkHttpClient: Date: Thu, 08 Dec 2022 10:48:53 GMT
12-08 05:48:07.834 11839 11970 I okhttp.OkHttpClient: Keep-Alive: timeout=60
12-08 05:48:07.834 11839 11970 I okhttp.OkHttpClient: Connection: keep-alive
12-08 05:48:13.689  2656 12758 E memtrack: Couldn't load memtrack module
12-08 05:48:13.689  2656 12758 W android.os.Debug: failed to get memory consumption info: -1
12-08 05:48:14.847 11839 11839 D takeScreenshot: Found 1 global views to redraw
12-08 05:48:14.909  1776  1776 D gralloc_ranchu: gralloc_alloc: Creating ashmem region of size 10108928
12-08 05:48:14.964 11839 11884 W DefaultFailureHandler: Failed to take screenshot
12-08 05:48:14.964 11839 11884 W DefaultFailureHandler: java.io.FileNotFoundException: view-op-error-30.png: open failed: EROFS (Read-only file system)
12-08 05:48:14.964 11839 11884 W DefaultFailureHandler: 	at libcore.io.IoBridge.open(IoBridge.java:496)
12-08 05:48:14.964 11839 11884 W DefaultFailureHandler: 	at java.io.FileOutputStream.<init>(FileOutputStream.java:235)
12-08 05:48:14.964 11839 11884 W DefaultFailureHandler: 	at java.io.FileOutputStream.<init>(FileOutputStream.java:125)
12-08 05:48:14.964 11839 11884 W DefaultFailureHandler: 	at androidx.test.platform.io.FileTestStorage.openOutputFile(FileTestStorage.java:60)
12-08 05:48:14.964 11839 11884 W DefaultFailureHandler: 	at androidx.test.core.graphics.BitmapStorage.writeToTestStorage(BitmapStorageExt.kt:49)
12-08 05:48:14.964 11839 11884 W DefaultFailureHandler: 	at androidx.test.espresso.base.DefaultFailureHandler.takeScreenshot(DefaultFailureHandler.java:4)
12-08 05:48:14.964 11839 11884 W DefaultFailureHandler: 	at androidx.test.espresso.base.DefaultFailureHandler.handle(DefaultFailureHandler.java:3)
12-08 05:48:14.964 11839 11884 W DefaultFailureHandler: 	at androidx.test.espresso.ViewInteraction.waitForAndHandleInteractionResults(ViewInteraction.java:8)
12-08 05:48:14.964 11839 11884 W DefaultFailureHandler: 	at androidx.test.espresso.ViewInteraction.desugaredPerform(ViewInteraction.java:11)
12-08 05:48:14.964 11839 11884 W DefaultFailureHandler: 	at androidx.test.espresso.ViewInteraction.perform(ViewInteraction.java:8)
12-08 05:48:14.964 11839 11884 W DefaultFailureHandler: 	at ru.iteco.fmhandroid.ui.data.TestUtils.waitView(TestUtils.java:61)
12-08 05:48:14.964 11839 11884 W DefaultFailureHandler: 	at ru.iteco.fmhandroid.ui.steps.CreatingClaimsSteps.createClaim(CreatingClaimsSteps.java:101)
12-08 05:48:14.964 11839 11884 W DefaultFailureHandler: 	at ru.iteco.fmhandroid.ui.ClaimsCreationFormTest.shouldCreateAClaimWithATitleStartsWithoutASpaceAtTheBeginning(ClaimsCreationFormTest.java:220)
12-08 05:48:14.964 11839 11884 W DefaultFailureHandler: 	at java.lang.reflect.Method.invoke(Native Method)
12-08 05:48:14.964 11839 11884 W DefaultFailureHandler: 	at org.junit.runners.model.FrameworkMethod$1.runReflectiveCall(FrameworkMethod.java:59)
12-08 05:48:14.964 11839 11884 W DefaultFailureHandler: 	at org.junit.internal.runners.model.ReflectiveCallable.run(ReflectiveCallable.java:12)
12-08 05:48:14.964 11839 11884 W DefaultFailureHandler: 	at org.junit.runners.model.FrameworkMethod.invokeExplosively(FrameworkMethod.java:56)
12-08 05:48:14.964 11839 11884 W DefaultFailureHandler: 	at org.junit.internal.runners.statements.InvokeMethod.evaluate(InvokeMethod.java:17)
12-08 05:48:14.964 11839 11884 W DefaultFailureHandler: 	at androidx.test.internal.runner.junit4.statement.RunBefores.evaluate(RunBefores.java:80)
12-08 05:48:14.964 11839 11884 W DefaultFailureHandler: 	at androidx.test.internal.runner.junit4.statement.RunAfters.evaluate(RunAfters.java:61)
12-08 05:48:14.964 11839 11884 W DefaultFailureHandler: 	at io.qameta.allure.android.rules.ScreenshotRule$apply$1.evaluate(ScreenshotRule.kt:22)
12-08 05:48:14.964 11839 11884 W DefaultFailureHandler: 	at org.junit.rules.ExternalResource$1.evaluate(ExternalResource.java:54)
12-08 05:48:14.964 11839 11884 W DefaultFailureHandler: 	at io.qameta.allure.android.rules.LogcatRule$apply$1.evaluate(LogcatRule.kt:23)
12-08 05:48:14.964 11839 11884 W DefaultFailureHandler: 	at org.junit.rules.RunRules.evaluate(RunRules.java:20)
12-08 05:48:14.964 11839 11884 W DefaultFailureHandler: 	at org.junit.runners.ParentRunner$3.evaluate(ParentRunner.java:306)
12-08 05:48:14.964 11839 11884 W DefaultFailureHandler: 	at org.junit.runners.BlockJUnit4ClassRunner$1.evaluate(BlockJUnit4ClassRunner.java:100)
12-08 05:48:14.964 11839 11884 W DefaultFailureHandler: 	at org.junit.runners.ParentRunner.runLeaf(ParentRunner.java:366)
12-08 05:48:14.964 11839 11884 W DefaultFailureHandler: 	at org.junit.runners.BlockJUnit4ClassRunner.runChild(BlockJUnit4ClassRunner.java:103)
12-08 05:48:14.964 11839 11884 W DefaultFailureHandler: 	at org.junit.runners.BlockJUnit4ClassRunner.runChild(BlockJUnit4ClassRunner.java:63)
12-08 05:48:14.964 11839 11884 W DefaultFailureHandler: 	at org.junit.runners.ParentRunner$4.run(ParentRunner.java:331)
12-08 05:48:14.964 11839 11884 W DefaultFailureHandler: 	at org.junit.runners.ParentRunner$1.schedule(ParentRunner.java:79)
12-08 05:48:14.964 11839 11884 W DefaultFailureHandler: 	at org.junit.runners.ParentRunner.runChildren(ParentRunner.java:329)
12-08 05:48:14.964 11839 11884 W DefaultFailureHandler: 	at org.junit.runners.ParentRunner.access$100(ParentRunner.java:66)
12-08 05:48:14.964 11839 11884 W DefaultFailureHandler: 	at org.junit.runners.ParentRunner$2.evaluate(ParentRunner.java:293)
12-08 05:48:14.964 11839 11884 W DefaultFailureHandler: 	at org.junit.runners.ParentRunner$3.evaluate(ParentRunner.java:306)
12-08 05:48:14.964 11839 11884 W DefaultFailureHandler: 	at org.junit.runners.ParentRunner.run(ParentRunner.java:413)
12-08 05:48:14.964 11839 11884 W DefaultFailureHandler: 	at androidx.test.ext.junit.runners.AndroidJUnit4.run(AndroidJUnit4.java:162)
12-08 05:48:14.964 11839 11884 W DefaultFailureHandler: 	at io.qameta.allure.android.runners.AllureAndroidJUnit4.run(AllureAndroidJUnitRunners.kt:29)
12-08 05:48:14.964 11839 11884 W DefaultFailureHandler: 	at org.junit.runners.Suite.runChild(Suite.java:128)
12-08 05:48:14.964 11839 11884 W DefaultFailureHandler: 	at org.junit.runners.Suite.runChild(Suite.java:27)
12-08 05:48:14.964 11839 11884 W DefaultFailureHandler: 	at org.junit.runners.ParentRunner$4.run(ParentRunner.java:331)
12-08 05:48:14.964 11839 11884 W DefaultFailureHandler: 	at org.junit.runners.ParentRunner$1.schedule(ParentRunner.java:79)
12-08 05:48:14.964 11839 11884 W DefaultFailureHandler: 	at org.junit.runners.ParentRunner.runChildren(ParentRunner.java:329)
12-08 05:48:14.964 11839 11884 W DefaultFailureHandler: 	at org.junit.runners.ParentRunner.access$100(ParentRunner.java:66)
12-08 05:48:14.964 11839 11884 W DefaultFailureHandler: 	at org.junit.runners.ParentRunner$2.evaluate(ParentRunner.java:293)
12-08 05:48:14.964 11839 11884 W DefaultFailureHandler: 	at org.junit.runners.ParentRunner$3.evaluate(ParentRunner.java:306)
12-08 05:48:14.964 11839 11884 W DefaultFailureHandler: 	at org.junit.runners.ParentRunner.run(ParentRunner.java:413)
12-08 05:48:14.964 11839 11884 W DefaultFailureHandler: 	at org.junit.runner.JUnitCore.run(JUnitCore.java:137)
12-08 05:48:14.964 11839 11884 W DefaultFailureHandler: 	at org.junit.runner.JUnitCore.run(JUnitCore.java:115)
12-08 05:48:14.964 11839 11884 W DefaultFailureHandler: 	at androidx.test.internal.runner.TestExecutor.execute(TestExecutor.java:67)
12-08 05:48:14.964 11839 11884 W DefaultFailureHandler: 	at androidx.test.internal.runner.TestExecutor.execute(TestExecutor.java:58)
12-08 05:48:14.964 11839 11884 W DefaultFailureHandler: 	at androidx.test.runner.AndroidJUnitRunner.onStart(AndroidJUnitRunner.java:438)
12-08 05:48:14.964 11839 11884 W DefaultFailureHandler: 	at android.app.Instrumentation$InstrumentationThread.run(Instrumentation.java:2189)
12-08 05:48:14.964 11839 11884 W DefaultFailureHandler: Caused by: android.system.ErrnoException: open failed: EROFS (Read-only file system)
12-08 05:48:14.964 11839 11884 W DefaultFailureHandler: 	at libcore.io.Linux.open(Native Method)
12-08 05:48:14.964 11839 11884 W DefaultFailureHandler: 	at libcore.io.ForwardingOs.open(ForwardingOs.java:167)
12-08 05:48:14.964 11839 11884 W DefaultFailureHandler: 	at libcore.io.BlockGuardOs.open(BlockGuardOs.java:252)
12-08 05:48:14.964 11839 11884 W DefaultFailureHandler: 	at libcore.io.ForwardingOs.open(ForwardingOs.java:167)
12-08 05:48:14.964 11839 11884 W DefaultFailureHandler: 	at android.app.ActivityThread$AndroidOs.open(ActivityThread.java:7255)
12-08 05:48:14.964 11839 11884 W DefaultFailureHandler: 	at libcore.io.IoBridge.open(IoBridge.java:482)
12-08 05:48:14.964 11839 11884 W DefaultFailureHandler: 	... 52 more
12-08 05:48:14.976  2170  2170 D StatusBar: disable<e i a s b h r c s > disable2<q i n >
12-08 05:48:15.019  2170  2566 D EGL_emulation: eglMakeCurrent: 0xe594e040: ver 2 0 (tinfo 0xc52450c0)
12-08 05:48:15.026  1776  1776 D gralloc_ranchu: gralloc_alloc: Creating ashmem region of size 10108928
12-08 05:48:15.040  2170  2566 D EGL_emulation: eglMakeCurrent: 0xe594e040: ver 2 0 (tinfo 0xc52450c0)
12-08 05:48:15.076  1776  1776 D gralloc_ranchu: gralloc_alloc: Creating ashmem region of size 10108928
12-08 05:48:15.092  2170  2170 D StatusBar: disable<e i a s b h r c s > disable2<q i n >
12-08 05:48:15.158  1776  1776 D gralloc_ranchu: gralloc_alloc: Creating ashmem region of size 10108928
12-08 05:48:16.020 11839 11884 I QueryController: Matched selector: UiSelector[DESCRIPTION=Airplane mode] <<==>> [android.view.accessibility.AccessibilityNodeInfo@6de40; boundsInParent: Rect(0, 0 - 292, 292); boundsInScreen: Rect(736, 804 - 1028, 1096); packageName: com.android.systemui; className: android.widget.Switch; text: Off; error: null; maxTextLength: -1; contentDescription: Airplane mode; tooltipText: null; viewIdResName: null; checkable: true; checked: false; focusable: true; focused: false; selected: false; clickable: true; longClickable: true; contextClickable: false; enabled: true; password: false; scrollable: false; importantForAccessibility: true; visible: true; actions: [AccessibilityAction: ACTION_FOCUS - null, AccessibilityAction: ACTION_SELECT - null, AccessibilityAction: ACTION_CLEAR_SELECTION - null, AccessibilityAction: ACTION_CLICK - null, AccessibilityAction: ACTION_ACCESSIBILITY_FOCUS - null, AccessibilityAction: ACTION_NEXT_AT_MOVEMENT_GRANULARITY - null, AccessibilityAction: ACTION_PREVIOUS_AT_MOVEMENT_GRANULARITY - null, AccessibilityAction: ACTION_SET_SELECTION - null, AccessibilityAction: ACTION_SHOW_ON_SCREEN - null, AccessibilityAction: ACTION_LONG_CLICK - Open settings]]
12-08 05:48:16.039  2018  2051 D AutofillManagerService: onBackKeyPressed()
12-08 05:48:16.689  2170  2170 V StatusBar: mStatusBarWindow: com.android.systemui.statusbar.phone.StatusBarWindowView{4752fa5 V.E...... ........ 0,0-1080,2340} canPanelBeCollapsed(): true
12-08 05:48:16.698  2170  2170 D StatusBar: disable<e i a s b h r c s > disable2<q i n >
12-08 05:48:16.713  1776  1776 D gralloc_ranchu: gralloc_alloc: Creating ashmem region of size 10108928
12-08 05:48:16.816  2170  2170 D StatusBar: disable<e i a s b h r c s > disable2<q i n >
12-08 05:48:16.830  2170  2566 D EGL_emulation: eglMakeCurrent: 0xe594e040: ver 2 0 (tinfo 0xc52450c0)
12-08 05:48:16.837  1776  1776 D gralloc_ranchu: gralloc_alloc: Creating ashmem region of size 286720
12-08 05:48:16.849  2170  2566 D EGL_emulation: eglMakeCurrent: 0xe594e040: ver 2 0 (tinfo 0xc52450c0)
12-08 05:48:16.874  1776  1776 D gralloc_ranchu: gralloc_alloc: Creating ashmem region of size 286720
12-08 05:48:16.688  2018  2051 D AutofillManagerService: onBackKeyPressed()
12-08 05:48:17.003  2018 11055 I ActivityTaskManager: START u0 {act=android.intent.action.MAIN cat=[android.intent.category.LAUNCHER] flg=0x10000000 cmp=ru.iteco.fmhandroid.test/androidx.test.core.app.InstrumentationActivityInvoker$EmptyActivity} from uid 10146
12-08 05:48:16.893  1776  1776 D gralloc_ranchu: gralloc_alloc: Creating ashmem region of size 286720
12-08 05:48:17.012 11839 11839 D LifecycleMonitor: Lifecycle status change: ru.iteco.fmhandroid.ui.AppActivity@e92e956 in: PAUSED
12-08 05:48:17.012 11839 11839 V ActivityScenario: Update currentActivityStage to PAUSED, currentActivity=ru.iteco.fmhandroid.ui.AppActivity@e92e956
12-08 05:48:17.016  2018 11055 W InputReader: Device has associated, but no associated display id.
12-08 05:48:17.019  2018 11055 I chatty  : uid=1000(system) Binder:2018_1E identical 38 lines
12-08 05:48:17.019  2018 11055 W InputReader: Device has associated, but no associated display id.
12-08 05:48:17.021 11900 11900 W ActivityThread: handleWindowVisibility: no activity for token android.os.BinderProxy@798384a
12-08 05:48:17.023  2018 11055 W InputReader: Device has associated, but no associated display id.
12-08 05:48:17.023  2018 11055 I chatty  : uid=1000(system) Binder:2018_1E identical 8 lines
12-08 05:48:17.023  2018 11055 W InputReader: Device has associated, but no associated display id.
12-08 05:48:17.059 11839 11878 V FA      : Recording user engagement, ms: 25684
12-08 05:48:17.109  1776  1776 D gralloc_ranchu: gralloc_alloc: Creating ashmem region of size 10108928
12-08 05:48:17.118  1776  1776 I chatty  : uid=1000(system) allocator@2.0-s identical 1 line
12-08 05:48:17.121  1776  1776 D gralloc_ranchu: gralloc_alloc: Creating ashmem region of size 10108928
12-08 05:48:17.126 11900 11932 D EGL_emulation: eglMakeCurrent: 0xf0c7f7c0: ver 2 0 (tinfo 0xf0c89d30)
12-08 05:48:17.142 11839 11878 V FA      : Connecting to remote service
12-08 05:48:17.177  2018 11055 W InputReader: Device has associated, but no associated display id.
12-08 05:48:17.187  2018 11055 I chatty  : uid=1000(system) Binder:2018_1E identical 48 lines
12-08 05:48:17.187  2018 11055 W InputReader: Device has associated, but no associated display id.
12-08 05:48:17.205 11839 11878 V FA      : Connection attempt already in progress
12-08 05:48:17.206 11839 11878 V FA      : Activity paused, time: 59444056
12-08 05:48:17.208 11900 11900 W ActivityThread: handleWindowVisibility: no activity for token android.os.BinderProxy@e238a25
12-08 05:48:17.225 11839 11878 D FA      : Connected to remote service
12-08 05:48:17.243 11839 11878 V FA      : Processing queued up service tasks: 2
12-08 05:48:17.080  2018 11055 I ActivityTaskManager: START u0 {act=android.intent.action.MAIN cat=[android.intent.category.LAUNCHER] flg=0x10000000 cmp=ru.iteco.fmhandroid.test/androidx.test.core.app.InstrumentationActivityInvoker$EmptyActivity} from uid 10146
12-08 05:48:17.249  2018  5994 W ActivityTaskManager: Duplicate finish request for ActivityRecord{8a9bc84 u0 ru.iteco.fmhandroid/.ui.AppActivity t351 f}
12-08 05:48:17.333  1776  1776 D gralloc_ranchu: gralloc_alloc: Creating ashmem region of size 10108928
12-08 05:48:17.340  1776  1776 D gralloc_ranchu: gralloc_alloc: Creating ashmem region of size 10108928
12-08 05:48:17.343 11900 11932 D EGL_emulation: eglMakeCurrent: 0xf0c7f7c0: ver 2 0 (tinfo 0xf0c89d30)
12-08 05:48:17.359  1776  1776 D gralloc_ranchu: gralloc_alloc: Creating ashmem region of size 10108928
12-08 05:48:17.371  2018  2054 W InputReader: Device has associated, but no associated display id.
12-08 05:48:17.374  2018  2054 I chatty  : uid=1000(system) android.anim identical 18 lines
12-08 05:48:17.374  2018  2054 W InputReader: Device has associated, but no associated display id.
12-08 05:48:17.378  2018  2058 I ActivityTaskManager: Displayed ru.iteco.fmhandroid.test/androidx.test.core.app.InstrumentationActivityInvoker$EmptyActivity: +153ms
12-08 05:48:17.385 11839 11936 D EGL_emulation: eglMakeCurrent: 0xdd81b020: ver 2 0 (tinfo 0xdd891860)
12-08 05:48:17.395  2018  2130 W InputReader: Device has associated, but no associated display id.
12-08 05:48:17.396  2018  2130 I chatty  : uid=1000(system) Binder:2018_4 identical 8 lines
12-08 05:48:17.396  2018  2130 W InputReader: Device has associated, but no associated display id.
12-08 05:48:17.418  2873 11887 V FA-SVC  : Logging event: origin=auto,name=user_engagement(_e),params=Bundle[{ga_event_origin(_o)=auto, engagement_time_msec(_et)=25684, ga_screen_class(_sc)=AppActivity, ga_screen_id(_si)=-1196254479738161380}]
12-08 05:48:17.470  2018 11055 W InputReader: Device has associated, but no associated display id.
12-08 05:48:17.470  2018 11055 I chatty  : uid=1000(system) Binder:2018_1E identical 8 lines
12-08 05:48:17.470  2018 11055 W InputReader: Device has associated, but no associated display id.
12-08 05:48:17.477 11839 11839 D LifecycleMonitor: Lifecycle status change: ru.iteco.fmhandroid.ui.AppActivity@e92e956 in: STOPPED
12-08 05:48:17.477 11839 11839 V ActivityScenario: Update currentActivityStage to STOPPED, currentActivity=ru.iteco.fmhandroid.ui.AppActivity@e92e956
12-08 05:48:17.492  1776  1776 D gralloc_ranchu: gralloc_alloc: Creating ashmem region of size 10108928
12-08 05:48:17.506  1776  1927 D gralloc_ranchu: gralloc_alloc: Creating ashmem region of size 10108928
12-08 05:48:17.508 11839 11839 W System.err: ru.iteco.fmhandroid.exceptions.UnknownException
12-08 05:48:17.508 11839 11839 W System.err: 	at ru.iteco.fmhandroid.utils.Utils.makeRequest(Utils.kt:123)
12-08 05:48:17.508 11839 11839 W System.err: 	at ru.iteco.fmhandroid.utils.Utils$makeRequest$1.invokeSuspend(Unknown Source:15)
12-08 05:48:17.508 11839 11839 W System.err: 	at kotlin.coroutines.jvm.internal.BaseContinuationImpl.resumeWith(ContinuationImpl.kt:33)
12-08 05:48:17.508 11839 11839 W System.err: 	at kotlinx.coroutines.DispatchedTaskKt.resume(DispatchedTask.kt:234)
12-08 05:48:17.508 11839 11839 W System.err: 	at kotlinx.coroutines.DispatchedTaskKt.resumeUnconfined(DispatchedTask.kt:190)
12-08 05:48:17.508 11839 11839 W System.err: 	at kotlinx.coroutines.DispatchedTaskKt.dispatch(DispatchedTask.kt:161)
12-08 05:48:17.508 11839 11839 W System.err: 	at kotlinx.coroutines.CancellableContinuationImpl.dispatchResume(CancellableContinuationImpl.kt:397)
12-08 05:48:17.508 11839 11839 W System.err: 	at kotlinx.coroutines.CancellableContinuationImpl.cancel(CancellableContinuationImpl.kt:183)
12-08 05:48:17.508 11839 11839 W System.err: 	at kotlinx.coroutines.CancellableContinuationImpl.parentCancelled$kotlinx_coroutines_core(CancellableContinuationImpl.kt:190)
12-08 05:48:17.508 11839 11839 W System.err: 	at kotlinx.coroutines.ChildContinuation.invoke(JobSupport.kt:1474)
12-08 05:48:17.508 11839 11839 W System.err: 	at kotlinx.coroutines.JobSupport.notifyCancelling(JobSupport.kt:1499)
12-08 05:48:17.508 11839 11839 W System.err: 	at kotlinx.coroutines.JobSupport.tryMakeCancelling(JobSupport.kt:795)
12-08 05:48:17.508 11839 11839 W System.err: 	at kotlinx.coroutines.JobSupport.makeCancelling(JobSupport.kt:755)
12-08 05:48:17.508 11839 11839 W System.err: 	at kotlinx.coroutines.JobSupport.cancelImpl$kotlinx_coroutines_core(JobSupport.kt:671)
12-08 05:48:17.508 11839 11839 W System.err: 	at kotlinx.coroutines.JobSupport.parentCancelled(JobSupport.kt:637)
12-08 05:48:17.508 11839 11839 W System.err: 	at kotlinx.coroutines.ChildHandleNode.invoke(JobSupport.kt:1465)
12-08 05:48:17.508 11839 11839 W System.err: 	at kotlinx.coroutines.JobSupport.notifyCancelling(JobSupport.kt:1499)
12-08 05:48:17.508 11839 11839 W System.err: 	at kotlinx.coroutines.JobSupport.tryMakeCompletingSlowPath(JobSupport.kt:900)
12-08 05:48:17.508 11839 11839 W System.err: 	at kotlinx.coroutines.JobSupport.tryMakeCompleting(JobSupport.kt:863)
12-08 05:48:17.508 11839 11839 W System.err: 	at kotlinx.coroutines.JobSupport.cancelMakeCompleting(JobSupport.kt:696)
12-08 05:48:17.508 11839 11839 W System.err: 	at kotlinx.coroutines.JobSupport.cancelImpl$kotlinx_coroutines_core(JobSupport.kt:667)
12-08 05:48:17.508 11839 11839 W System.err: 	at kotlinx.coroutines.JobSupport.cancelInternal(JobSupport.kt:632)
12-08 05:48:17.509 11839 11839 W System.err: 	at kotlinx.coroutines.JobSupport.cancel(JobSupport.kt:617)
12-08 05:48:17.509 11839 11839 W System.err: 	at kotlinx.coroutines.JobKt__JobKt.cancel(Job.kt:561)
12-08 05:48:17.509 11839 11839 W System.err: 	at kotlinx.coroutines.JobKt.cancel(Unknown Source:1)
12-08 05:48:17.509 11839 11839 W System.err: 	at kotlinx.coroutines.JobKt__JobKt.cancel$default(Job.kt:560)
12-08 05:48:17.509 11839 11839 W System.err: 	at kotlinx.coroutines.JobKt.cancel$default(Unknown Source:1)
12-08 05:48:17.509 11839 11839 W System.err: 	at androidx.lifecycle.CloseableCoroutineScope.close(ViewModel.kt:51)
12-08 05:48:17.509 11839 11839 W System.err: 	at androidx.lifecycle.ViewModel.closeWithRuntimeException(ViewModel.java:188)
12-08 05:48:17.509 11839 11839 W System.err: 	at androidx.lifecycle.ViewModel.clear(ViewModel.java:134)
12-08 05:48:17.509 11839 11839 W System.err: 	at androidx.lifecycle.ViewModelStore.clear(ViewModelStore.java:62)
12-08 05:48:17.509 11839 11839 W System.err: 	at androidx.fragment.app.FragmentManagerViewModel.clearNonConfigStateInternal(FragmentManagerViewModel.java:210)
12-08 05:48:17.509 11839 11839 W System.err: 	at androidx.fragment.app.FragmentManagerViewModel.clearNonConfigState(FragmentManagerViewModel.java:190)
12-08 05:48:17.509 11839 11839 W System.err: 	at androidx.fragment.app.FragmentStateManager.destroy(FragmentStateManager.java:778)
12-08 05:48:17.509 11839 11839 W System.err: 	at androidx.fragment.app.FragmentStateManager.moveToExpectedState(FragmentStateManager.java:335)
12-08 05:48:17.509 11839 11839 W System.err: 	at androidx.fragment.app.FragmentStore.moveToExpectedState(FragmentStore.java:121)
12-08 05:48:17.509 11839 11839 W System.err: 	at androidx.fragment.app.FragmentManager.moveToState(FragmentManager.java:1374)
12-08 05:48:17.509 11839 11839 W System.err: 	at androidx.fragment.app.FragmentManager.dispatchStateChange(FragmentManager.java:2841)
12-08 05:48:17.509 11839 11839 W System.err: 	at androidx.fragment.app.FragmentManager.dispatchDestroy(FragmentManager.java:2820)
12-08 05:48:17.509 11839 11839 W System.err: 	at androidx.fragment.app.Fragment.performDestroy(Fragment.java:3246)
12-08 05:48:17.509 11839 11839 W System.err: 	at androidx.fragment.app.FragmentStateManager.destroy(FragmentStateManager.java:780)
12-08 05:48:17.509 11839 11839 W System.err: 	at androidx.fragment.app.FragmentStateManager.moveToExpectedState(FragmentStateManager.java:335)
12-08 05:48:17.509 11839 11839 W System.err: 	at androidx.fragment.app.SpecialEffectsController$FragmentStateManagerOperation.complete(SpecialEffectsController.java:771)
12-08 05:48:17.509 11839 11839 W System.err: 	at androidx.fragment.app.SpecialEffectsController$Operation.cancel(SpecialEffectsController.java:615)
12-08 05:48:17.509 11839 11839 W System.err: 	at androidx.fragment.app.SpecialEffectsController.forceCompleteAllOperations(SpecialEffectsController.java:350)
12-08 05:48:17.509 11839 11839 W System.err: 	at androidx.fragment.app.FragmentManager.dispatchStateChange(FragmentManager.java:2844)
12-08 05:48:17.509 11839 11839 W System.err: 	at androidx.fragment.app.FragmentManager.dispatchDestroy(FragmentManager.java:2820)
12-08 05:48:17.509 11839 11839 W System.err: 	at androidx.fragment.app.FragmentController.dispatchDestroy(FragmentController.java:345)
12-08 05:48:17.509 11839 11839 W System.err: 	at androidx.fragment.app.FragmentActivity.onDestroy(FragmentActivity.java:306)
12-08 05:48:17.509  1776  1927 D gralloc_ranchu: gralloc_alloc: Creating ashmem region of size 10108928
12-08 05:48:17.509 11839 11839 W System.err: 	at androidx.appcompat.app.AppCompatActivity.onDestroy(AppCompatActivity.java:278)
12-08 05:48:17.509 11839 11839 W System.err: 	at android.app.Activity.performDestroy(Activity.java:8048)
12-08 05:48:17.509 11839 11839 W System.err: 	at android.app.Instrumentation.callActivityOnDestroy(Instrumentation.java:1334)
12-08 05:48:17.510 11839 11839 W System.err: 	at androidx.test.runner.MonitoringInstrumentation.callActivityOnDestroy(MonitoringInstrumentation.java:766)
12-08 05:48:17.510 11839 11839 W System.err: 	at android.app.ActivityThread.performDestroyActivity(ActivityThread.java:4926)
12-08 05:48:17.510 11839 11839 W System.err: 	at android.app.ActivityThread.handleDestroyActivity(ActivityThread.java:4970)
12-08 05:48:17.510 11839 11839 W System.err: 	at android.app.servertransaction.DestroyActivityItem.execute(DestroyActivityItem.java:44)
12-08 05:48:17.510 11839 11839 W System.err: 	at android.app.servertransaction.TransactionExecutor.executeLifecycleState(TransactionExecutor.java:176)
12-08 05:48:17.510 11839 11839 W System.err: 	at android.app.servertransaction.TransactionExecutor.execute(TransactionExecutor.java:97)
12-08 05:48:17.510 11839 11839 W System.err: 	at android.app.ActivityThread$H.handleMessage(ActivityThread.java:2016)
12-08 05:48:17.510 11839 11839 W System.err: 	at android.os.Handler.dispatchMessage(Handler.java:107)
12-08 05:48:17.510 11839 11839 W System.err: 	at android.os.Looper.loop(Looper.java:214)
12-08 05:48:17.510 11839 11839 W System.err: 	at android.app.ActivityThread.main(ActivityThread.java:7356)
12-08 05:48:17.510 11839 11839 W System.err: 	at java.lang.reflect.Method.invoke(Native Method)
12-08 05:48:17.510 11839 11839 W System.err: 	at com.android.internal.os.RuntimeInit$MethodAndArgsCaller.run(RuntimeInit.java:492)
12-08 05:48:17.510 11839 11839 W System.err: 	at com.android.internal.os.ZygoteInit.main(ZygoteInit.java:930)
12-08 05:48:17.510  2962  3510 D EGL_emulation: eglMakeCurrent: 0xe597e200: ver 2 0 (tinfo 0xbffb2540)
12-08 05:48:17.513  2873 11887 V FA-SVC  : Upload scheduled in approximately ms: 1287002
12-08 05:48:17.535  2873 11887 V FA-SVC  : Unscheduling upload
12-08 05:48:17.536  1776  1927 D gralloc_ranchu: gralloc_alloc: Creating ashmem region of size 10108928
12-08 05:48:17.534 11839 11839 W System.err: ru.iteco.fmhandroid.exceptions.UnknownException
12-08 05:48:17.537 11839 11839 W System.err: 	at ru.iteco.fmhandroid.utils.Utils.makeRequest(Utils.kt:123)
12-08 05:48:17.537 11839 11839 W System.err: 	at ru.iteco.fmhandroid.utils.Utils$makeRequest$1.invokeSuspend(Unknown Source:15)
12-08 05:48:17.537 11839 11839 W System.err: 	at kotlin.coroutines.jvm.internal.BaseContinuationImpl.resumeWith(ContinuationImpl.kt:33)
12-08 05:48:17.537 11839 11839 W System.err: 	at kotlinx.coroutines.DispatchedTaskKt.resume(DispatchedTask.kt:234)
12-08 05:48:17.537 11839 11839 W System.err: 	at kotlinx.coroutines.DispatchedTaskKt.resumeUnconfined(DispatchedTask.kt:190)
12-08 05:48:17.537 11839 11839 W System.err: 	at kotlinx.coroutines.DispatchedTaskKt.dispatch(DispatchedTask.kt:161)
12-08 05:48:17.537 11839 11839 W System.err: 	at kotlinx.coroutines.CancellableContinuationImpl.dispatchResume(CancellableContinuationImpl.kt:397)
12-08 05:48:17.537 11839 11839 W System.err: 	at kotlinx.coroutines.CancellableContinuationImpl.cancel(CancellableContinuationImpl.kt:183)
12-08 05:48:17.537 11839 11839 W System.err: 	at kotlinx.coroutines.CancellableContinuationImpl.parentCancelled$kotlinx_coroutines_core(CancellableContinuationImpl.kt:190)
12-08 05:48:17.537 11839 11839 W System.err: 	at kotlinx.coroutines.ChildContinuation.invoke(JobSupport.kt:1474)
12-08 05:48:17.537 11839 11839 W System.err: 	at kotlinx.coroutines.JobSupport.notifyCancelling(JobSupport.kt:1499)
12-08 05:48:17.537 11839 11839 W System.err: 	at kotlinx.coroutines.JobSupport.tryMakeCancelling(JobSupport.kt:795)
12-08 05:48:17.537 11839 11839 W System.err: 	at kotlinx.coroutines.JobSupport.makeCancelling(JobSupport.kt:755)
12-08 05:48:17.537 11839 11839 W System.err: 	at kotlinx.coroutines.JobSupport.cancelImpl$kotlinx_coroutines_core(JobSupport.kt:671)
12-08 05:48:17.537 11839 11839 W System.err: 	at kotlinx.coroutines.JobSupport.parentCancelled(JobSupport.kt:637)
12-08 05:48:17.537 11839 11839 W System.err: 	at kotlinx.coroutines.ChildHandleNode.invoke(JobSupport.kt:1465)
12-08 05:48:17.537 11839 11839 W System.err: 	at kotlinx.coroutines.JobSupport.notifyCancelling(JobSupport.kt:1499)
12-08 05:48:17.537 11839 11839 W System.err: 	at kotlinx.coroutines.JobSupport.tryMakeCompletingSlowPath(JobSupport.kt:900)
12-08 05:48:17.537 11839 11839 W System.err: 	at kotlinx.coroutines.JobSupport.tryMakeCompleting(JobSupport.kt:863)
12-08 05:48:17.537 11839 11839 W System.err: 	at kotlinx.coroutines.JobSupport.cancelMakeCompleting(JobSupport.kt:696)
12-08 05:48:17.537 11839 11839 W System.err: 	at kotlinx.coroutines.JobSupport.cancelImpl$kotlinx_coroutines_core(JobSupport.kt:667)
12-08 05:48:17.537 11839 11839 W System.err: 	at kotlinx.coroutines.JobSupport.cancelInternal(JobSupport.kt:632)
12-08 05:48:17.537 11839 11839 W System.err: 	at kotlinx.coroutines.JobSupport.cancel(JobSupport.kt:617)
12-08 05:48:17.537 11839 11839 W System.err: 	at kotlinx.coroutines.JobKt__JobKt.cancel(Job.kt:561)
12-08 05:48:17.537 11839 11839 W System.err: 	at kotlinx.coroutines.JobKt.cancel(Unknown Source:1)
12-08 05:48:17.537 11839 11839 W System.err: 	at kotlinx.coroutines.JobKt__JobKt.cancel$default(Job.kt:560)
12-08 05:48:17.537 11839 11839 W System.err: 	at kotlinx.coroutines.JobKt.cancel$default(Unknown Source:1)
12-08 05:48:17.537 11839 11839 W System.err: 	at androidx.lifecycle.CloseableCoroutineScope.close(ViewModel.kt:51)
12-08 05:48:17.537 11839 11839 W System.err: 	at androidx.lifecycle.ViewModel.closeWithRuntimeException(ViewModel.java:188)
12-08 05:48:17.537 11839 11839 W System.err: 	at androidx.lifecycle.ViewModel.clear(ViewModel.java:134)
12-08 05:48:17.537 11839 11839 W System.err: 	at androidx.lifecycle.ViewModelStore.clear(ViewModelStore.java:62)
12-08 05:48:17.537 11839 11839 W System.err: 	at androidx.fragment.app.FragmentManagerViewModel.clearNonConfigStateInternal(FragmentManagerViewModel.java:210)
12-08 05:48:17.537 11839 11839 W System.err: 	at androidx.fragment.app.FragmentManagerViewModel.clearNonConfigState(FragmentManagerViewModel.java:190)
12-08 05:48:17.537 11839 11839 W System.err: 	at androidx.fragment.app.FragmentStateManager.destroy(FragmentStateManager.java:778)
12-08 05:48:17.537 11839 11839 W System.err: 	at androidx.fragment.app.FragmentStateManager.moveToExpectedState(FragmentStateManager.java:335)
12-08 05:48:17.537 11839 11839 W System.err: 	at androidx.fragment.app.FragmentStore.moveToExpectedState(FragmentStore.java:121)
12-08 05:48:17.538 11839 11839 W System.err: 	at androidx.fragment.app.FragmentManager.moveToState(FragmentManager.java:1374)
12-08 05:48:17.538 11839 11839 W System.err: 	at androidx.fragment.app.FragmentManager.dispatchStateChange(FragmentManager.java:2841)
12-08 05:48:17.538 11839 11839 W System.err: 	at androidx.fragment.app.FragmentManager.dispatchDestroy(FragmentManager.java:2820)
12-08 05:48:17.538 11839 11839 W System.err: 	at androidx.fragment.app.Fragment.performDestroy(Fragment.java:3246)
12-08 05:48:17.538 11839 11839 W System.err: 	at androidx.fragment.app.FragmentStateManager.destroy(FragmentStateManager.java:780)
12-08 05:48:17.538 11839 11839 W System.err: 	at androidx.fragment.app.FragmentStateManager.moveToExpectedState(FragmentStateManager.java:335)
12-08 05:48:17.538 11839 11839 W System.err: 	at androidx.fragment.app.SpecialEffectsController$FragmentStateManagerOperation.complete(SpecialEffectsController.java:771)
12-08 05:48:17.538 11839 11839 W System.err: 	at androidx.fragment.app.SpecialEffectsController$Operation.cancel(SpecialEffectsController.java:615)
12-08 05:48:17.538 11839 11839 W System.err: 	at androidx.fragment.app.SpecialEffectsController.forceCompleteAllOperations(SpecialEffectsController.java:350)
12-08 05:48:17.538 11839 11839 W System.err: 	at androidx.fragment.app.FragmentManager.dispatchStateChange(FragmentManager.java:2844)
12-08 05:48:17.538 11839 11839 W System.err: 	at androidx.fragment.app.FragmentManager.dispatchDestroy(FragmentManager.java:2820)
12-08 05:48:17.538 11839 11839 W System.err: 	at androidx.fragment.app.FragmentController.dispatchDestroy(FragmentController.java:345)
12-08 05:48:17.538 11839 11839 W System.err: 	at androidx.fragment.app.FragmentActivity.onDestroy(FragmentActivity.java:306)
12-08 05:48:17.538 11839 11839 W System.err: 	at androidx.appcompat.app.AppCompatActivity.onDestroy(AppCompatActivity.java:278)
12-08 05:48:17.538 11839 11839 W System.err: 	at android.app.Activity.performDestroy(Activity.java:8048)
12-08 05:48:17.538 11839 11839 W System.err: 	at android.app.Instrumentation.callActivityOnDestroy(Instrumentation.java:1334)
12-08 05:48:17.538 11839 11839 W System.err: 	at androidx.test.runner.MonitoringInstrumentation.callActivityOnDestroy(MonitoringInstrumentation.java:766)
12-08 05:48:17.538 11839 11839 W System.err: 	at android.app.ActivityThread.performDestroyActivity(ActivityThread.java:4926)
12-08 05:48:17.538 11839 11839 W System.err: 	at android.app.ActivityThread.handleDestroyActivity(ActivityThread.java:4970)
12-08 05:48:17.538 11839 11839 W System.err: 	at android.app.servertransaction.DestroyActivityItem.execute(DestroyActivityItem.java:44)
12-08 05:48:17.538 11839 11839 W System.err: 	at android.app.servertransaction.TransactionExecutor.executeLifecycleState(TransactionExecutor.java:176)
12-08 05:48:17.538 11839 11839 W System.err: 	at android.app.servertransaction.TransactionExecutor.execute(TransactionExecutor.java:97)
12-08 05:48:17.538 11839 11839 W System.err: 	at android.app.ActivityThread$H.handleMessage(ActivityThread.java:2016)
12-08 05:48:17.538 11839 11839 W System.err: 	at android.os.Handler.dispatchMessage(Handler.java:107)
12-08 05:48:17.538 11839 11839 W System.err: 	at android.os.Looper.loop(Looper.java:214)
12-08 05:48:17.538 11839 11839 W System.err: 	at android.app.ActivityThread.main(ActivityThread.java:7356)
12-08 05:48:17.538 11839 11839 W System.err: 	at java.lang.reflect.Method.invoke(Native Method)
12-08 05:48:17.538 11839 11839 W System.err: 	at com.android.internal.os.RuntimeInit$MethodAndArgsCaller.run(RuntimeInit.java:492)
12-08 05:48:17.538 11839 11839 W System.err: 	at com.android.internal.os.ZygoteInit.main(ZygoteInit.java:930)
12-08 05:48:17.544 11839 11839 W System.err: ru.iteco.fmhandroid.exceptions.UnknownException
12-08 05:48:17.545 11839 11839 W System.err: 	at ru.iteco.fmhandroid.utils.Utils.makeRequest(Utils.kt:123)
12-08 05:48:17.545 11839 11839 W System.err: 	at ru.iteco.fmhandroid.utils.Utils$makeRequest$1.invokeSuspend(Unknown Source:15)
12-08 05:48:17.545 11839 11839 W System.err: 	at kotlin.coroutines.jvm.internal.BaseContinuationImpl.resumeWith(ContinuationImpl.kt:33)
12-08 05:48:17.545 11839 11839 W System.err: 	at kotlinx.coroutines.DispatchedTaskKt.resume(DispatchedTask.kt:234)
12-08 05:48:17.545 11839 11839 W System.err: 	at kotlinx.coroutines.DispatchedTaskKt.resumeUnconfined(DispatchedTask.kt:190)
12-08 05:48:17.545 11839 11839 W System.err: 	at kotlinx.coroutines.DispatchedTaskKt.dispatch(DispatchedTask.kt:161)
12-08 05:48:17.545 11839 11839 W System.err: 	at kotlinx.coroutines.CancellableContinuationImpl.dispatchResume(CancellableContinuationImpl.kt:397)
12-08 05:48:17.547  2962  2962 W ThreadPoolDumper: Queue length for executor EventBus is now 11. Perhaps some tasks are too long, or the pool is too small.
12-08 05:48:17.559 11839 11839 W System.err: 	at kotlinx.coroutines.CancellableContinuationImpl.cancel(CancellableContinuationImpl.kt:183)
12-08 05:48:17.559 11839 11839 W System.err: 	at kotlinx.coroutines.CancellableContinuationImpl.parentCancelled$kotlinx_coroutines_core(CancellableContinuationImpl.kt:190)
12-08 05:48:17.559 11839 11839 W System.err: 	at kotlinx.coroutines.ChildContinuation.invoke(JobSupport.kt:1474)
12-08 05:48:17.559 11839 11839 W System.err: 	at kotlinx.coroutines.JobSupport.notifyCancelling(JobSupport.kt:1499)
12-08 05:48:17.559 11839 11839 W System.err: 	at kotlinx.coroutines.JobSupport.tryMakeCancelling(JobSupport.kt:795)
12-08 05:48:17.559 11839 11839 W System.err: 	at kotlinx.coroutines.JobSupport.makeCancelling(JobSupport.kt:755)
12-08 05:48:17.559 11839 11839 W System.err: 	at kotlinx.coroutines.JobSupport.cancelImpl$kotlinx_coroutines_core(JobSupport.kt:671)
12-08 05:48:17.559 11839 11839 W System.err: 	at kotlinx.coroutines.JobSupport.parentCancelled(JobSupport.kt:637)
12-08 05:48:17.559 11839 11839 W System.err: 	at kotlinx.coroutines.ChildHandleNode.invoke(JobSupport.kt:1465)
12-08 05:48:17.560 11839 11839 W System.err: 	at kotlinx.coroutines.JobSupport.notifyCancelling(JobSupport.kt:1499)
12-08 05:48:17.560 11839 11839 W System.err: 	at kotlinx.coroutines.JobSupport.tryMakeCompletingSlowPath(JobSupport.kt:900)
12-08 05:48:17.560 11839 11839 W System.err: 	at kotlinx.coroutines.JobSupport.tryMakeCompleting(JobSupport.kt:863)
12-08 05:48:17.560 11839 11839 W System.err: 	at kotlinx.coroutines.JobSupport.cancelMakeCompleting(JobSupport.kt:696)
12-08 05:48:17.560 11839 11839 W System.err: 	at kotlinx.coroutines.JobSupport.cancelImpl$kotlinx_coroutines_core(JobSupport.kt:667)
12-08 05:48:17.560 11839 11839 W System.err: 	at kotlinx.coroutines.JobSupport.cancelInternal(JobSupport.kt:632)
12-08 05:48:17.560 11839 11839 W System.err: 	at kotlinx.coroutines.JobSupport.cancel(JobSupport.kt:617)
12-08 05:48:17.560 11839 11839 W System.err: 	at kotlinx.coroutines.JobKt__JobKt.cancel(Job.kt:561)
12-08 05:48:17.560 11839 11839 W System.err: 	at kotlinx.coroutines.JobKt.cancel(Unknown Source:1)
12-08 05:48:17.560 11839 11839 W System.err: 	at kotlinx.coroutines.JobKt__JobKt.cancel$default(Job.kt:560)
12-08 05:48:17.560 11839 11839 W System.err: 	at kotlinx.coroutines.JobKt.cancel$default(Unknown Source:1)
12-08 05:48:17.560 11839 11839 W System.err: 	at androidx.lifecycle.CloseableCoroutineScope.close(ViewModel.kt:51)
12-08 05:48:17.560 11839 11839 W System.err: 	at androidx.lifecycle.ViewModel.closeWithRuntimeException(ViewModel.java:188)
12-08 05:48:17.560 11839 11839 W System.err: 	at androidx.lifecycle.ViewModel.clear(ViewModel.java:134)
12-08 05:48:17.560 11839 11839 W System.err: 	at androidx.lifecycle.ViewModelStore.clear(ViewModelStore.java:62)
12-08 05:48:17.560 11839 11839 W System.err: 	at androidx.fragment.app.FragmentManagerViewModel.clearNonConfigStateInternal(FragmentManagerViewModel.java:210)
12-08 05:48:17.560 11839 11839 W System.err: 	at androidx.fragment.app.FragmentManagerViewModel.clearNonConfigState(FragmentManagerViewModel.java:190)
12-08 05:48:17.560 11839 11839 W System.err: 	at androidx.fragment.app.FragmentStateManager.destroy(FragmentStateManager.java:778)
12-08 05:48:17.560 11839 11839 W System.err: 	at androidx.fragment.app.FragmentStateManager.moveToExpectedState(FragmentStateManager.java:335)
12-08 05:48:17.561 11839 11839 W System.err: 	at androidx.fragment.app.FragmentStore.moveToExpectedState(FragmentStore.java:121)
12-08 05:48:17.561 11839 11839 W System.err: 	at androidx.fragment.app.FragmentManager.moveToState(FragmentManager.java:1374)
12-08 05:48:17.561 11839 11839 W System.err: 	at androidx.fragment.app.FragmentManager.dispatchStateChange(FragmentManager.java:2841)
12-08 05:48:17.561 11839 11839 W System.err: 	at androidx.fragment.app.FragmentManager.dispatchDestroy(FragmentManager.java:2820)
12-08 05:48:17.561 11839 11839 W System.err: 	at androidx.fragment.app.Fragment.performDestroy(Fragment.java:3246)
12-08 05:48:17.561 11839 11839 W System.err: 	at androidx.fragment.app.FragmentStateManager.destroy(FragmentStateManager.java:780)
12-08 05:48:17.561 11839 11839 W System.err: 	at androidx.fragment.app.FragmentStateManager.moveToExpectedState(FragmentStateManager.java:335)
12-08 05:48:17.561 11839 11839 W System.err: 	at androidx.fragment.app.SpecialEffectsController$FragmentStateManagerOperation.complete(SpecialEffectsController.java:771)
12-08 05:48:17.561 11839 11839 W System.err: 	at androidx.fragment.app.SpecialEffectsController$Operation.cancel(SpecialEffectsController.java:615)
12-08 05:48:17.561 11839 11839 W System.err: 	at androidx.fragment.app.SpecialEffectsController.forceCompleteAllOperations(SpecialEffectsController.java:350)
12-08 05:48:17.561 11839 11839 W System.err: 	at androidx.fragment.app.FragmentManager.dispatchStateChange(FragmentManager.java:2844)
12-08 05:48:17.561 11839 11839 W System.err: 	at androidx.fragment.app.FragmentManager.dispatchDestroy(FragmentManager.java:2820)
