12-08 10:12:49.449  9674  9802 I okhttp.OkHttpClient: Pragma: no-cache
12-08 10:12:49.449  9674  9802 I okhttp.OkHttpClient: Expires: 0
12-08 10:12:49.449  9674  9802 I okhttp.OkHttpClient: X-Frame-Options: DENY
12-08 10:12:49.450  9674  9802 I okhttp.OkHttpClient: Content-Type: application/json
12-08 10:12:49.450  9674  9802 I okhttp.OkHttpClient: Transfer-Encoding: chunked
12-08 10:12:49.450  9674  9802 I okhttp.OkHttpClient: Date: Thu, 08 Dec 2022 10:12:51 GMT
12-08 10:12:49.451  9674  9802 I okhttp.OkHttpClient: Keep-Alive: timeout=60
12-08 10:12:49.451  9674  9802 I okhttp.OkHttpClient: Connection: keep-alive
12-08 10:12:49.451  9674  9802 I okhttp.OkHttpClient: {"accessToken":"eyJhbGciOiJIUzUxMiJ9.eyJzdWIiOiJsb2dpbjIiLCJqdGkiOiIyIiwiZXhwIjoxNjcwNTgwNzcxfQ.d4rix-aExAkrfN5GJdMPJ0HVWHCaYASBXiv9pp1-XhdW55p41ecWA2Evk3IgUMq-Kd_HmAW4BkR-QGYSLj-G8Q","refreshToken":"eyJhbGciOiJIUzUxMiJ9.eyJzdWIiOiJsb2dpbjIiLCJqdGkiOiIyIiwiZXhwIjoxNjczMDg2MzcxfQ.85CGh4CJAPdrb3MGRBN1hIxq0_3smoVo4uCqZP--omUONlJ3fhh6AFnKSSL5Rd12DDDb44RaX2gbo99tp4IFrA"}
12-08 10:12:49.451  9674  9802 I okhttp.OkHttpClient: <-- END HTTP (368-byte body)
12-08 10:12:49.457  9674  9783 I okhttp.OkHttpClient: --> GET http://www.981757-ca08998.tmweb.ru:8080/fmh/authentication/userInfo
12-08 10:12:49.457  9674  9783 I okhttp.OkHttpClient: --> END GET
12-08 10:12:49.651  9674  9783 I okhttp.OkHttpClient: <-- 200 http://www.981757-ca08998.tmweb.ru:8080/fmh/authentication/userInfo (193ms)
12-08 10:12:49.651  9674  9783 I okhttp.OkHttpClient: Vary: Origin
12-08 10:12:49.651  9674  9783 I okhttp.OkHttpClient: Vary: Access-Control-Request-Method
12-08 10:12:49.651  9674  9783 I okhttp.OkHttpClient: Vary: Access-Control-Request-Headers
12-08 10:12:49.651  9674  9783 I okhttp.OkHttpClient: X-Content-Type-Options: nosniff
12-08 10:12:49.652  9674  9783 I okhttp.OkHttpClient: X-XSS-Protection: 1; mode=block
12-08 10:12:49.652  9674  9783 I okhttp.OkHttpClient: Cache-Control: no-cache, no-store, max-age=0, must-revalidate
12-08 10:12:49.652  9674  9783 I okhttp.OkHttpClient: Pragma: no-cache
12-08 10:12:49.652  9674  9783 I okhttp.OkHttpClient: Expires: 0
12-08 10:12:49.652  9674  9783 I okhttp.OkHttpClient: X-Frame-Options: DENY
12-08 10:12:49.652  9674  9783 I okhttp.OkHttpClient: Content-Type: application/json
12-08 10:12:49.652  9674  9783 I okhttp.OkHttpClient: Transfer-Encoding: chunked
12-08 10:12:49.652  9674  9783 I okhttp.OkHttpClient: Date: Thu, 08 Dec 2022 10:12:51 GMT
12-08 10:12:49.652  9674  9783 I okhttp.OkHttpClient: Keep-Alive: timeout=60
12-08 10:12:49.653  9674  9783 I okhttp.OkHttpClient: Connection: keep-alive
12-08 10:12:49.654  9674  9783 I okhttp.OkHttpClient: {"id":2,"firstName":"Данил","lastName":"Иванов","middleName":"Данилович","admin":true}
12-08 10:12:49.654  9674  9783 I okhttp.OkHttpClient: <-- END HTTP (106-byte body)
12-08 10:12:49.663  9674  9787 I okhttp.OkHttpClient: --> GET http://www.981757-ca08998.tmweb.ru:8080/fmh/claims
12-08 10:12:49.664  9674  9787 I okhttp.OkHttpClient: --> END GET
12-08 10:12:49.668  1744  9976 E ResolverController: No valid NAT64 prefix (106, <unspecified>/0)
12-08 10:12:49.987  9674  9674 I ViewInteraction: Checking 'MatchesViewAssertion{viewMatcher=(view has effective visibility <VISIBLE> and view.getGlobalVisibleRect() to return non-empty rectangle)}' assertion on view an instance of android.widget.TextView and view.getText() with or without transformation to match: is "News"
12-08 10:12:49.997  9674  9674 I ViewInteraction: Performing 'wait for a specific view with <view.getId() is <2131230951>> during 10000 millis.' action on view view.getRootView() to equal view
12-08 10:12:50.007  9674  9674 I ViewInteraction: Checking 'MatchesViewAssertion{viewMatcher=(view has effective visibility <VISIBLE> and view.getGlobalVisibleRect() to return non-empty rectangle)}' assertion on view view.getId() is <2131230951/ru.iteco.fmhandroid:id/container_list_news_include_on_fragment_main>
12-08 10:12:50.010  9674  9674 I ViewInteraction: Performing 'wait for a specific view with <view.getId() is <2131230949>> during 10000 millis.' action on view view.getRootView() to equal view
12-08 10:12:50.036  9674  9674 I ViewInteraction: Checking 'MatchesViewAssertion{viewMatcher=(view has effective visibility <VISIBLE> and view.getGlobalVisibleRect() to return non-empty rectangle)}' assertion on view view.getId() is <2131230949/ru.iteco.fmhandroid:id/container_list_claim_include_on_fragment_main>
12-08 10:12:50.039  9674  9674 I ViewInteraction: Performing 'wait for a specific view with <an instance of android.widget.TextView and view.getText() with or without transformation to match: is "Claims"> during 10000 millis.' action on view view.getRootView() to equal view
12-08 10:12:50.045  9674  9674 I ViewInteraction: Checking 'MatchesViewAssertion{viewMatcher=(view has effective visibility <VISIBLE> and view.getGlobalVisibleRect() to return non-empty rectangle)}' assertion on view an instance of android.widget.TextView and view.getText() with or without transformation to match: is "Claims"
12-08 10:12:50.050  9674  9674 I ViewInteraction: Performing 'wait for a specific view with <view.getId() is <2131231123/ru.iteco.fmhandroid:id/main_menu_image_button>> during 10000 millis.' action on view view.getRootView() to equal view
12-08 10:12:50.054  9674  9674 I ViewInteraction: Performing 'single click' action on view view.getId() is <2131231123/ru.iteco.fmhandroid:id/main_menu_image_button>
12-08 10:12:50.176  1776  1825 D gralloc_ranchu: gralloc_alloc: Creating ashmem region of size 2015232
12-08 10:12:50.187  1776  1825 I chatty  : uid=1000(system) HwBinder:1776_1 identical 1 line
12-08 10:12:50.190  1776  1825 D gralloc_ranchu: gralloc_alloc: Creating ashmem region of size 2015232
12-08 10:12:50.228  9674  9770 D EGL_emulation: eglMakeCurrent: 0xdd81b860: ver 2 0 (tinfo 0xc3288080)
12-08 10:12:50.303  9674  9770 I chatty  : uid=10146(ru.iteco.fmhandroid) RenderThread identical 3 lines
12-08 10:12:50.317  9674  9770 D EGL_emulation: eglMakeCurrent: 0xdd81b860: ver 2 0 (tinfo 0xc3288080)
12-08 10:12:50.539  9674  9674 I ViewInteraction: Performing 'wait for a specific view with <an instance of android.widget.TextView and view.getText() with or without transformation to match: is "Claims"> during 10000 millis.' action on view view.getRootView() to equal view
12-08 10:12:50.543  9674  9674 I ViewInteraction: Performing 'single click' action on view an instance of android.widget.TextView and view.getText() with or without transformation to match: is "Claims"
12-08 10:12:50.680  1788  1978 D AF::Track: interceptBuffer: took 516us to intercept 0 tracks
12-08 10:12:50.686  9674  9804 I okhttp.OkHttpClient: --> GET http://www.981757-ca08998.tmweb.ru:8080/fmh/claims
12-08 10:12:50.687  9674  9804 I okhttp.OkHttpClient: --> END GET
12-08 10:12:50.732  9674  9770 D EGL_emulation: eglMakeCurrent: 0xdd81b860: ver 2 0 (tinfo 0xc3288080)
12-08 10:12:50.753  9674  9770 D EGL_emulation: eglMakeCurrent: 0xdd81b860: ver 2 0 (tinfo 0xc3288080)
12-08 10:12:50.877  9674  9674 I ViewInteraction: Performing 'wait for a specific view with <view.getId() is <2131230849/ru.iteco.fmhandroid:id/add_new_claim_material_button>> during 10000 millis.' action on view view.getRootView() to equal view
12-08 10:12:50.887  9674  9674 I ViewInteraction: Performing 'single click' action on view view.getId() is <2131230849/ru.iteco.fmhandroid:id/add_new_claim_material_button>
12-08 10:12:50.969  9674  9783 I okhttp.OkHttpClient: --> GET http://www.981757-ca08998.tmweb.ru:8080/fmh/users
12-08 10:12:50.969  9674  9783 I okhttp.OkHttpClient: --> END GET
12-08 10:12:51.194  9674  9783 I okhttp.OkHttpClient: <-- 200 http://www.981757-ca08998.tmweb.ru:8080/fmh/users (225ms)
12-08 10:12:51.194  9674  9783 I okhttp.OkHttpClient: Vary: Origin
12-08 10:12:51.195  9674  9783 I okhttp.OkHttpClient: Vary: Access-Control-Request-Method
12-08 10:12:51.195  9674  9783 I okhttp.OkHttpClient: Vary: Access-Control-Request-Headers
12-08 10:12:51.195  9674  9674 I ViewInteraction: Performing 'wait for a specific view with <(view.getId() is <2131231402/ru.iteco.fmhandroid:id/title_edit_text> and view.getParent() view.getParent() view.getId() is <2131231406/ru.iteco.fmhandroid:id/title_text_input_layout>)> during 10000 millis.' action on view view.getRootView() to equal view
12-08 10:12:51.195  9674  9783 I okhttp.OkHttpClient: X-Content-Type-Options: nosniff
12-08 10:12:51.195  9674  9783 I okhttp.OkHttpClient: X-XSS-Protection: 1; mode=block
12-08 10:12:51.195  9674  9783 I okhttp.OkHttpClient: Cache-Control: no-cache, no-store, max-age=0, must-revalidate
12-08 10:12:51.195  9674  9783 I okhttp.OkHttpClient: Pragma: no-cache
12-08 10:12:51.195  9674  9783 I okhttp.OkHttpClient: Expires: 0
12-08 10:12:51.203  9674  9783 I okhttp.OkHttpClient: X-Frame-Options: DENY
12-08 10:12:51.204  9674  9783 I okhttp.OkHttpClient: Content-Type: application/json
12-08 10:12:51.204  9674  9783 I okhttp.OkHttpClient: Transfer-Encoding: chunked
12-08 10:12:51.204  9674  9783 I okhttp.OkHttpClient: Date: Thu, 08 Dec 2022 10:12:53 GMT
12-08 10:12:51.205  9674  9783 I okhttp.OkHttpClient: Keep-Alive: timeout=60
12-08 10:12:51.205  9674  9783 I okhttp.OkHttpClient: Connection: keep-alive
12-08 10:12:51.205  9674  9783 I okhttp.OkHttpClient: [{"id":1,"firstName":"Петр","lastName":"Смирнов","middleName":"Петрович","admin":true},{"id":2,"firstName":"Данил","lastName":"Иванов","middleName":"Данилович","admin":true},{"id":3,"firstName":"Егор","lastName":"Петров","middleName":"Егорович","admin":false},{"id":4,"firstName":"Дмитрий","lastName":"Сидоров","middleName":"Дмитриевич","admin":false},{"id":5,"firstName":"Тест","lastName":"Тестов","middleName":"Тестович","admin":true},{"id":6,"firstName":"Diplom","lastName":"Netology","middleName":"QAMID","admin":true}]
12-08 10:12:51.205  9674  9783 I okhttp.OkHttpClient: <-- END HTTP (622-byte body)
12-08 10:12:51.324  9674  9687 I teco.fmhandroi: Background concurrent copying GC freed 40400(1914KB) AllocSpace objects, 1(16KB) LOS objects, 33% free, 11MB/17MB, paused 594us total 128.922ms
12-08 10:12:51.394  9674  9674 I ViewInteraction: Performing 'replace text(Заголовок 8983ffaa-c181-45ae-9e07-fe53e27058f3)' action on view (view.getId() is <2131231402/ru.iteco.fmhandroid:id/title_edit_text> and view.getParent() view.getParent() view.getId() is <2131231406/ru.iteco.fmhandroid:id/title_text_input_layout>)
12-08 10:12:51.437  9674  9674 I ViewInteraction: Performing 'wait for a specific view with <view.getId() is <2131230975/ru.iteco.fmhandroid:id/date_in_plan_text_input_edit_text>> during 10000 millis.' action on view view.getRootView() to equal view
12-08 10:12:51.441  9674  9674 I ViewInteraction: Performing 'single click' action on view view.getId() is <2131230975/ru.iteco.fmhandroid:id/date_in_plan_text_input_edit_text>
12-08 10:12:51.593  1776  1825 D gralloc_ranchu: gralloc_alloc: Creating ashmem region of size 6778880
12-08 10:12:51.597  1776  1825 I chatty  : uid=1000(system) HwBinder:1776_1 identical 1 line
12-08 10:12:51.600  1776  1825 D gralloc_ranchu: gralloc_alloc: Creating ashmem region of size 6778880
12-08 10:12:51.618  9674  9770 D EGL_emulation: eglMakeCurrent: 0xdd81b860: ver 2 0 (tinfo 0xc3288080)
12-08 10:12:51.722  9674  9770 I chatty  : uid=10146(ru.iteco.fmhandroid) RenderThread identical 3 lines
12-08 10:12:51.740  9674  9770 D EGL_emulation: eglMakeCurrent: 0xdd81b860: ver 2 0 (tinfo 0xc3288080)
12-08 10:12:52.089  9674  9674 I ViewInteraction: Performing 'wait for a specific view with <is assignable from class <class android.widget.DatePicker>> during 10000 millis.' action on view view.getRootView() to equal view
12-08 10:12:52.094  9674  9674 I ViewInteraction: Checking 'MatchesViewAssertion{viewMatcher=(view has effective visibility <VISIBLE> and view.getGlobalVisibleRect() to return non-empty rectangle)}' assertion on view is assignable from class <class android.widget.DatePicker>
12-08 10:12:52.097  9674  9674 I ViewInteraction: Performing 'wait for a specific view with <is assignable from class <class android.widget.DatePicker>> during 10000 millis.' action on view view.getRootView() to equal view
12-08 10:12:52.100  9674  9674 I ViewInteraction: Performing 'set date' action on view is assignable from class <class android.widget.DatePicker>
12-08 10:12:52.143  9674  9674 I ViewInteraction: Performing 'wait for a specific view with <view.getId() is <16908313/android:id/button1>> during 10000 millis.' action on view view.getRootView() to equal view
12-08 10:12:52.147  9674  9674 I ViewInteraction: Performing 'single click' action on view view.getId() is <16908313/android:id/button1>
12-08 10:12:52.244  9674  9770 D EGL_emulation: eglMakeCurrent: 0xdd81b860: ver 2 0 (tinfo 0xc3288080)
12-08 10:12:52.260  9674  9770 D EGL_emulation: eglMakeCurrent: 0xdd81b860: ver 2 0 (tinfo 0xc3288080)
12-08 10:12:52.264  2018  5644 E InputDispatcher: Window handle Window{484ee67 u0 ru.iteco.fmhandroid/ru.iteco.fmhandroid.ui.AppActivity} has no registered input channel
12-08 10:12:52.526  9674  9674 I ViewInteraction: Performing 'wait for a specific view with <(an instance of android.widget.TextView and view.getHint() matching: is "Time" and view.getParent() view.getParent() view.getId() is <2131231399/ru.iteco.fmhandroid:id/time_in_plan_text_input_layout>)> during 10000 millis.' action on view view.getRootView() to equal view
12-08 10:12:52.530  9674  9674 I ViewInteraction: Performing 'single click' action on view (an instance of android.widget.TextView and view.getHint() matching: is "Time" and view.getParent() view.getParent() view.getId() is <2131231399/ru.iteco.fmhandroid:id/time_in_plan_text_input_layout>)
12-08 10:12:52.693  1776  1825 D gralloc_ranchu: gralloc_alloc: Creating ashmem region of size 5718016
12-08 10:12:52.704  1776  1825 I chatty  : uid=1000(system) HwBinder:1776_1 identical 1 line
12-08 10:12:52.706  1776  1825 D gralloc_ranchu: gralloc_alloc: Creating ashmem region of size 5718016
12-08 10:12:52.710  9674  9770 D EGL_emulation: eglMakeCurrent: 0xdd81b860: ver 2 0 (tinfo 0xc3288080)
12-08 10:12:52.759  9674  9770 I chatty  : uid=10146(ru.iteco.fmhandroid) RenderThread identical 2 lines
12-08 10:12:52.793  9674  9770 D EGL_emulation: eglMakeCurrent: 0xdd81b860: ver 2 0 (tinfo 0xc3288080)
12-08 10:12:53.237  9674  9787 I okhttp.OkHttpClient: <-- 200 http://www.981757-ca08998.tmweb.ru:8080/fmh/claims (3573ms)
12-08 10:12:53.238  9674  9787 I okhttp.OkHttpClient: Vary: Origin
12-08 10:12:53.238  9674  9787 I okhttp.OkHttpClient: Vary: Access-Control-Request-Method
12-08 10:12:53.239  9674  9787 I okhttp.OkHttpClient: Vary: Access-Control-Request-Headers
12-08 10:12:53.239  9674  9787 I okhttp.OkHttpClient: X-Content-Type-Options: nosniff
12-08 10:12:53.239  9674  9787 I okhttp.OkHttpClient: X-XSS-Protection: 1; mode=block
12-08 10:12:53.239  9674  9787 I okhttp.OkHttpClient: Cache-Control: no-cache, no-store, max-age=0, must-revalidate
12-08 10:12:53.239  9674  9787 I okhttp.OkHttpClient: Pragma: no-cache
12-08 10:12:53.239  9674  9787 I okhttp.OkHttpClient: Expires: 0
12-08 10:12:53.239  9674  9787 I okhttp.OkHttpClient: X-Frame-Options: DENY
12-08 10:12:53.239  9674  9787 I okhttp.OkHttpClient: Content-Type: application/json
12-08 10:12:53.240  9674  9787 I okhttp.OkHttpClient: Transfer-Encoding: chunked
12-08 10:12:53.240  9674  9787 I okhttp.OkHttpClient: Date: Thu, 08 Dec 2022 10:12:55 GMT
12-08 10:12:53.240  9674  9787 I okhttp.OkHttpClient: Keep-Alive: timeout=60
12-08 10:12:53.240  9674  9787 I okhttp.OkHttpClient: Connection: keep-alive
12-08 10:12:53.306  9674  9674 I ViewInteraction: Performing 'wait for a specific view with <is assignable from class <class android.widget.TimePicker>> during 10000 millis.' action on view view.getRootView() to equal view
12-08 10:12:53.308  9674  9674 I ViewInteraction: Checking 'MatchesViewAssertion{viewMatcher=(view has effective visibility <VISIBLE> and view.getGlobalVisibleRect() to return non-empty rectangle)}' assertion on view is assignable from class <class android.widget.TimePicker>
12-08 10:12:53.312  9674  9674 I ViewInteraction: Performing 'wait for a specific view with <is assignable from class <class android.widget.TimePicker>> during 10000 millis.' action on view view.getRootView() to equal view
12-08 10:12:53.315  9674  9674 I ViewInteraction: Performing 'set time' action on view is assignable from class <class android.widget.TimePicker>
12-08 10:12:53.318  9674  9674 I ViewInteraction: Performing 'wait for a specific view with <view.getId() is <16908313/android:id/button1>> during 10000 millis.' action on view view.getRootView() to equal view
12-08 10:12:53.320  9674  9674 I ViewInteraction: Performing 'single click' action on view view.getId() is <16908313/android:id/button1>
12-08 10:12:53.383  9674  9770 D EGL_emulation: eglMakeCurrent: 0xdd81b860: ver 2 0 (tinfo 0xc3288080)
12-08 10:12:53.405  9674  9770 D EGL_emulation: eglMakeCurrent: 0xdd81b860: ver 2 0 (tinfo 0xc3288080)
12-08 10:12:53.417  2018  5644 E InputDispatcher: Window handle Window{fffd462 u0 ru.iteco.fmhandroid/ru.iteco.fmhandroid.ui.AppActivity} has no registered input channel
12-08 10:12:53.428  9674  9770 D EGL_emulation: eglMakeCurrent: 0xdd81b860: ver 2 0 (tinfo 0xc3288080)
12-08 10:12:53.698  9674  9674 I ViewInteraction: Performing 'wait for a specific view with <(an instance of android.widget.TextView and view.getHint() matching: is "Description" and view.getParent() view.getParent() view.getId() is <2131230988/ru.iteco.fmhandroid:id/description_text_input_layout>)> during 10000 millis.' action on view view.getRootView() to equal view
12-08 10:12:53.701  9674  9674 I ViewInteraction: Performing 'replace text(Описание 68586379-6de3-41ca-8819-ad3efbf2e82b)' action on view (an instance of android.widget.TextView and view.getHint() matching: is "Description" and view.getParent() view.getParent() view.getId() is <2131230988/ru.iteco.fmhandroid:id/description_text_input_layout>)
12-08 10:12:53.738  9674  9674 I ViewInteraction: Performing 'wait for a specific view with <view.getId() is <2131231291/ru.iteco.fmhandroid:id/save_button>> during 10000 millis.' action on view view.getRootView() to equal view
12-08 10:12:53.742  9674  9674 I ViewInteraction: Performing 'single click' action on view view.getId() is <2131231291/ru.iteco.fmhandroid:id/save_button>
12-08 10:12:53.809  9674  9809 I okhttp.OkHttpClient: --> POST http://www.981757-ca08998.tmweb.ru:8080/fmh/claims
12-08 10:12:53.809  9674  9809 I okhttp.OkHttpClient: Content-Type: application/json; charset=UTF-8
12-08 10:12:53.809  9674  9809 I okhttp.OkHttpClient: Content-Length: 279
12-08 10:12:53.809  9674  9809 I okhttp.OkHttpClient: {"createDate":1670494373,"creatorId":2,"creatorName":"Иванов Данил Данилович","description":"Описание 68586379-6de3-41ca-8819-ad3efbf2e82b","planExecuteDate":1691575920,"status":"OPEN","title":"Заголовок 8983ffaa-c181-45ae-9e07-fe53e27058f3"}
12-08 10:12:53.810  9674  9809 I okhttp.OkHttpClient: --> END POST (279-byte body)
12-08 10:12:53.814  1744  9978 E ResolverController: No valid NAT64 prefix (106, <unspecified>/0)
12-08 10:12:54.033  9674  9674 I ViewInteraction: Performing 'wait for a specific view with <view.getId() is <2131230849/ru.iteco.fmhandroid:id/add_new_claim_material_button>> during 10000 millis.' action on view view.getRootView() to equal view
12-08 10:12:54.156  9674  9809 I okhttp.OkHttpClient: <-- 200 http://www.981757-ca08998.tmweb.ru:8080/fmh/claims (346ms)
12-08 10:12:54.156  9674  9809 I okhttp.OkHttpClient: Vary: Origin
12-08 10:12:54.156  9674  9809 I okhttp.OkHttpClient: Vary: Access-Control-Request-Method
12-08 10:12:54.157  9674  9809 I okhttp.OkHttpClient: Vary: Access-Control-Request-Headers
12-08 10:12:54.157  9674  9809 I okhttp.OkHttpClient: X-Content-Type-Options: nosniff
12-08 10:12:54.158  9674  9809 I okhttp.OkHttpClient: X-XSS-Protection: 1; mode=block
12-08 10:12:54.158  9674  9809 I okhttp.OkHttpClient: Cache-Control: no-cache, no-store, max-age=0, must-revalidate
12-08 10:12:54.158  9674  9809 I okhttp.OkHttpClient: Pragma: no-cache
12-08 10:12:54.158  9674  9809 I okhttp.OkHttpClient: Expires: 0
12-08 10:12:54.158  9674  9809 I okhttp.OkHttpClient: X-Frame-Options: DENY
12-08 10:12:54.159  9674  9809 I okhttp.OkHttpClient: Content-Type: application/json
12-08 10:12:54.160  9674  9809 I okhttp.OkHttpClient: Transfer-Encoding: chunked
12-08 10:12:54.160  9674  9809 I okhttp.OkHttpClient: Date: Thu, 08 Dec 2022 10:12:55 GMT
12-08 10:12:54.160  9674  9809 I okhttp.OkHttpClient: Keep-Alive: timeout=60
12-08 10:12:54.160  9674  9809 I okhttp.OkHttpClient: Connection: keep-alive
12-08 10:12:54.161  9674  9809 I okhttp.OkHttpClient: {"id":2700,"title":"Заголовок 8983ffaa-c181-45ae-9e07-fe53e27058f3","description":"Описание 68586379-6de3-41ca-8819-ad3efbf2e82b","creatorId":2,"executorId":null,"createDate":1670494373,"planExecuteDate":1691575920,"factExecuteDate":null,"status":"OPEN","creatorName":"Иванов Данил Данилович","executorName":null}
12-08 10:12:54.161  9674  9809 I okhttp.OkHttpClient: <-- END HTTP (350-byte body)
12-08 10:12:54.271  9674  9674 I ViewInteraction: Performing 'single click' action on view view.getId() is <2131230849/ru.iteco.fmhandroid:id/add_new_claim_material_button>
12-08 10:12:54.361  9674  9804 I okhttp.OkHttpClient: <-- 200 http://www.981757-ca08998.tmweb.ru:8080/fmh/claims (3674ms)
12-08 10:12:54.362  9674  9804 I okhttp.OkHttpClient: Vary: Origin
12-08 10:12:54.362  9674  9804 I okhttp.OkHttpClient: Vary: Access-Control-Request-Method
12-08 10:12:54.362  9674  9804 I okhttp.OkHttpClient: Vary: Access-Control-Request-Headers
12-08 10:12:54.362  9674  9804 I okhttp.OkHttpClient: X-Content-Type-Options: nosniff
12-08 10:12:54.363  9674  9804 I okhttp.OkHttpClient: X-XSS-Protection: 1; mode=block
12-08 10:12:54.363  9674  9804 I okhttp.OkHttpClient: Cache-Control: no-cache, no-store, max-age=0, must-revalidate
12-08 10:12:54.363  9674  9804 I okhttp.OkHttpClient: Pragma: no-cache
12-08 10:12:54.363  9674  9804 I okhttp.OkHttpClient: Expires: 0
12-08 10:12:54.363  9674  9804 I okhttp.OkHttpClient: X-Frame-Options: DENY
12-08 10:12:54.363  9674  9804 I okhttp.OkHttpClient: Content-Type: application/json
12-08 10:12:54.363  9674  9804 I okhttp.OkHttpClient: Transfer-Encoding: chunked
12-08 10:12:54.363  9674  9804 I okhttp.OkHttpClient: Date: Thu, 08 Dec 2022 10:12:56 GMT
12-08 10:12:54.363  9674  9804 I okhttp.OkHttpClient: Keep-Alive: timeout=60
12-08 10:12:54.363  9674  9804 I okhttp.OkHttpClient: Connection: keep-alive
12-08 10:12:54.403  9674  9783 I okhttp.OkHttpClient: --> GET http://www.981757-ca08998.tmweb.ru:8080/fmh/users
12-08 10:12:54.403  9674  9783 I okhttp.OkHttpClient: --> END GET
12-08 10:12:54.569  9674  9783 I okhttp.OkHttpClient: <-- 200 http://www.981757-ca08998.tmweb.ru:8080/fmh/users (165ms)
12-08 10:12:54.570  9674  9783 I okhttp.OkHttpClient: Vary: Origin
12-08 10:12:54.570  9674  9783 I okhttp.OkHttpClient: Vary: Access-Control-Request-Method
12-08 10:12:54.570  9674  9783 I okhttp.OkHttpClient: Vary: Access-Control-Request-Headers
12-08 10:12:54.570  9674  9783 I okhttp.OkHttpClient: X-Content-Type-Options: nosniff
12-08 10:12:54.570  9674  9783 I okhttp.OkHttpClient: X-XSS-Protection: 1; mode=block
12-08 10:12:54.570  9674  9783 I okhttp.OkHttpClient: Cache-Control: no-cache, no-store, max-age=0, must-revalidate
12-08 10:12:54.571  9674  9783 I okhttp.OkHttpClient: Pragma: no-cache
12-08 10:12:54.571  9674  9783 I okhttp.OkHttpClient: Expires: 0
12-08 10:12:54.571  9674  9783 I okhttp.OkHttpClient: X-Frame-Options: DENY
12-08 10:12:54.571  9674  9783 I okhttp.OkHttpClient: Content-Type: application/json
12-08 10:12:54.572  9674  9783 I okhttp.OkHttpClient: Transfer-Encoding: chunked
12-08 10:12:54.572  9674  9783 I okhttp.OkHttpClient: Date: Thu, 08 Dec 2022 10:12:56 GMT
12-08 10:12:54.572  9674  9783 I okhttp.OkHttpClient: Keep-Alive: timeout=60
12-08 10:12:54.573  9674  9783 I okhttp.OkHttpClient: Connection: keep-alive
12-08 10:12:54.645  9674  9674 I ViewInteraction: Performing 'wait for a specific view with <view.getId() is <2131231041/ru.iteco.fmhandroid:id/executor_drop_menu_auto_complete_text_view>> during 10000 millis.' action on view view.getRootView() to equal view
12-08 10:12:55.184  9674  9783 I okhttp.OkHttpClient: [{"id":1,"firstName":"Петр","lastName":"Смирнов","middleName":"Петрович","admin":true},{"id":2,"firstName":"Данил","lastName":"Иванов","middleName":"Данилович","admin":true},{"id":3,"firstName":"Егор","lastName":"Петров","middleName":"Егорович","admin":false},{"id":4,"firstName":"Дмитрий","lastName":"Сидоров","middleName":"Дмитриевич","admin":false},{"id":5,"firstName":"Тест","lastName":"Тестов","middleName":"Тестович","admin":true},{"id":6,"firstName":"Diplom","lastName":"Netology","middleName":"QAMID","admin":true}]
12-08 10:12:55.184  9674  9783 I okhttp.OkHttpClient: <-- END HTTP (622-byte body)
12-08 10:12:55.315  9674  9687 I teco.fmhandroi: Background concurrent copying GC freed 78552(3847KB) AllocSpace objects, 3(48KB) LOS objects, 29% free, 14MB/20MB, paused 978us total 123.479ms
12-08 10:12:55.416  9674  9674 I ViewInteraction: Performing 'single click' action on view view.getId() is <2131231041/ru.iteco.fmhandroid:id/executor_drop_menu_auto_complete_text_view>
12-08 10:12:55.543  1776  1825 D gralloc_ranchu: gralloc_alloc: Creating ashmem region of size 4116480
12-08 10:12:55.553  1776  1825 I chatty  : uid=1000(system) HwBinder:1776_1 identical 1 line
12-08 10:12:55.555  1776  1825 D gralloc_ranchu: gralloc_alloc: Creating ashmem region of size 4116480
12-08 10:12:55.562  9674  9770 D EGL_emulation: eglMakeCurrent: 0xdd81b860: ver 2 0 (tinfo 0xc3288080)
12-08 10:12:55.599  9674  9674 I AssistStructure: Flattened final assist data: 6984 bytes, containing 2 windows, 53 views
12-08 10:12:55.610  2018  3005 D AutofillSession: Starting partition or augmented request for view id 1073741845@1345130897: STARTED_SESSION
12-08 10:12:55.612  2018  2018 D AutofillSession: cancelCurrentRequest(): id = 522
12-08 10:12:55.613  2537  2537 W GInputConnectionWrapper: IPC IC_GET_TEXT_BEFORE_CURSOR_AND_FIX_SELECTION_INDICES took 115 ms
12-08 10:12:55.631  9674  9770 D EGL_emulation: eglMakeCurrent: 0xdd81b860: ver 2 0 (tinfo 0xc3288080)
12-08 10:12:55.645  9674  9674 I AssistStructure: Flattened final assist data: 6984 bytes, containing 2 windows, 53 views
12-08 10:12:55.662  1788  1978 D AF::Track: interceptBuffer: took 232us to intercept 0 tracks
12-08 10:12:55.670  9674  9770 D EGL_emulation: eglMakeCurrent: 0xdd81b860: ver 2 0 (tinfo 0xc3288080)
12-08 10:12:55.674  2537  2537 I KeyboardViewUtil: systemKeyboardHeightRatio:1.000000; userKeyboardHeightRatio:1.000000.
12-08 10:12:55.674  2537  2537 I AndroidIME: LatinIme.onActivate() : EditorInfo = Package = ru.iteco.fmhandroid : Type = Text : Learning = Disable : Suggestion = Show : AutoCorrection = Disable : Microphone = Show : NoPersonalizedLearning = Disable
12-08 10:12:55.688  2537  2537 I Conv2QueryExtension: Current locale: en_US, config allows these locales: de,en,es,fr,it,ms,pt,ta
12-08 10:12:55.688  2537  2537 I Conv2QueryExtension: Conv2Query not enabled due to current app [ru.iteco.fmhandroid] not in whitelist
12-08 10:12:55.688  2537  2537 I Conv2QueryExtension: onActivate() : Disabled by unsupported host app
12-08 10:12:55.704  2170  2566 D EGL_emulation: eglMakeCurrent: 0xe594e040: ver 2 0 (tinfo 0xc52450c0)
12-08 10:12:55.715  2656  2656 W ktk     : Pending fill request while another request in the same session was triggered. [CONTEXT service_id=177 ]
12-08 10:12:55.726  1776  1825 D gralloc_ranchu: gralloc_alloc: Creating ashmem region of size 9826304
12-08 10:12:55.734  1776  1825 I chatty  : uid=1000(system) HwBinder:1776_1 identical 1 line
12-08 10:12:55.740  1776  1825 D gralloc_ranchu: gralloc_alloc: Creating ashmem region of size 9826304
12-08 10:12:55.742  2537  8546 D EGL_emulation: eglMakeCurrent: 0xc286ce00: ver 2 0 (tinfo 0xc335ede0)
12-08 10:12:55.745  2018  2051 D AutofillUI: destroySaveUiUiThread(): already destroyed
12-08 10:12:55.820  9674  9770 D EGL_emulation: eglMakeCurrent: 0xdd81b860: ver 2 0 (tinfo 0xc3288080)
12-08 10:12:55.854  1776  1825 D gralloc_ranchu: gralloc_alloc: Creating ashmem region of size 3072000
12-08 10:12:55.861  9674  9770 D EGL_emulation: eglMakeCurrent: 0xdd81b860: ver 2 0 (tinfo 0xc3288080)
12-08 10:12:55.880  1776  1825 D gralloc_ranchu: gralloc_alloc: Creating ashmem region of size 3072000
12-08 10:12:55.882  9674  9770 D EGL_emulation: eglMakeCurrent: 0xdd81b860: ver 2 0 (tinfo 0xc3288080)
12-08 10:12:55.896  9674  9770 D EGL_emulation: eglMakeCurrent: 0xdd81b860: ver 2 0 (tinfo 0xc3288080)
12-08 10:12:55.911  1776  1825 D gralloc_ranchu: gralloc_alloc: Creating ashmem region of size 3072000
12-08 10:12:55.964  1905  1905 E wifi_forwarder: RemoteConnection failed to initialize: RemoteConnection failed to open pipe
12-08 10:12:55.985  9674  9770 D EGL_emulation: eglMakeCurrent: 0xdd81b860: ver 2 0 (tinfo 0xc3288080)
12-08 10:12:55.990  9674  9674 I ViewInteraction: Performing 'close keyboard' action on view view.getRootView() to equal view
12-08 10:12:55.998  2537  2537 I PhenotypeExpConfig: refreshConfiguration() : Force = false : UpdateAvailable = false : Age = 60 minutes : MaxAge = 720 minutes
12-08 10:12:56.003  2537  2537 I AndroidIME: LatinIme.onDeactivate()
12-08 10:12:56.012  2537  8546 D EGL_emulation: eglMakeCurrent: 0xc286ce00: ver 2 0 (tinfo 0xc335ede0)
12-08 10:12:56.092  1776  1825 D gralloc_ranchu: gralloc_alloc: Creating ashmem region of size 4116480
12-08 10:12:56.105  9674  9770 D EGL_emulation: eglMakeCurrent: 0xdd81b860: ver 2 0 (tinfo 0xc3288080)
12-08 10:12:56.121  1776  1825 D gralloc_ranchu: gralloc_alloc: Creating ashmem region of size 4116480
12-08 10:12:56.128  9674  9770 D EGL_emulation: eglMakeCurrent: 0xdd81b860: ver 2 0 (tinfo 0xc3288080)
12-08 10:12:56.147  9674  9770 D EGL_emulation: eglMakeCurrent: 0xdd81b860: ver 2 0 (tinfo 0xc3288080)
12-08 10:12:56.160  1776  1825 D gralloc_ranchu: gralloc_alloc: Creating ashmem region of size 4116480
12-08 10:12:56.313  9674  9674 I ViewInteraction: Performing 'single click' action on view an instance of android.widget.TextView and view.getText() with or without transformation to match: is "Иванов Данил Данилович"
12-08 10:12:56.449  9674  9770 D EGL_emulation: eglMakeCurrent: 0xdd81b860: ver 2 0 (tinfo 0xc3288080)
12-08 10:12:56.465  2018  3005 E InputDispatcher: Window handle Window{b703537 u0 PopupWindow:57af3cc} has no registered input channel
12-08 10:12:56.480  9674  9770 D EGL_emulation: eglMakeCurrent: 0xdd81b860: ver 2 0 (tinfo 0xc3288080)
12-08 10:12:56.590  9674  9674 I ViewInteraction: Performing 'wait for a specific view with <(view.getId() is <2131231402/ru.iteco.fmhandroid:id/title_edit_text> and view.getParent() view.getParent() view.getId() is <2131231406/ru.iteco.fmhandroid:id/title_text_input_layout>)> during 10000 millis.' action on view view.getRootView() to equal view
12-08 10:12:56.595  9674  9674 I ViewInteraction: Performing 'replace text(Заголовок 6389ad03-d5fe-4ae7-afd2-b7a00d8c1588)' action on view (view.getId() is <2131231402/ru.iteco.fmhandroid:id/title_edit_text> and view.getParent() view.getParent() view.getId() is <2131231406/ru.iteco.fmhandroid:id/title_text_input_layout>)
12-08 10:12:56.653  9674  9674 I ViewInteraction: Performing 'wait for a specific view with <view.getId() is <2131230975/ru.iteco.fmhandroid:id/date_in_plan_text_input_edit_text>> during 10000 millis.' action on view view.getRootView() to equal view
12-08 10:12:56.658  9674  9674 I ViewInteraction: Performing 'single click' action on view view.getId() is <2131230975/ru.iteco.fmhandroid:id/date_in_plan_text_input_edit_text>
12-08 10:12:56.811  1776  1825 D gralloc_ranchu: gralloc_alloc: Creating ashmem region of size 6778880
12-08 10:12:56.824  1776  1825 I chatty  : uid=1000(system) HwBinder:1776_1 identical 1 line
12-08 10:12:56.825  1776  1825 D gralloc_ranchu: gralloc_alloc: Creating ashmem region of size 6778880
12-08 10:12:56.831  9674  9770 D EGL_emulation: eglMakeCurrent: 0xdd81b860: ver 2 0 (tinfo 0xc3288080)
12-08 10:12:57.149  9674  9770 I chatty  : uid=10146(ru.iteco.fmhandroid) RenderThread identical 14 lines
12-08 10:12:57.158  9674  9770 D EGL_emulation: eglMakeCurrent: 0xdd81b860: ver 2 0 (tinfo 0xc3288080)
12-08 10:12:57.477  9674  9674 I ViewInteraction: Performing 'wait for a specific view with <is assignable from class <class android.widget.DatePicker>> during 10000 millis.' action on view view.getRootView() to equal view
12-08 10:12:57.480  9674  9674 I ViewInteraction: Checking 'MatchesViewAssertion{viewMatcher=(view has effective visibility <VISIBLE> and view.getGlobalVisibleRect() to return non-empty rectangle)}' assertion on view is assignable from class <class android.widget.DatePicker>
12-08 10:12:57.484  9674  9674 I ViewInteraction: Performing 'wait for a specific view with <is assignable from class <class android.widget.DatePicker>> during 10000 millis.' action on view view.getRootView() to equal view
12-08 10:12:57.487  9674  9674 I ViewInteraction: Performing 'set date' action on view is assignable from class <class android.widget.DatePicker>
12-08 10:12:57.502  9674  9770 D EGL_emulation: eglMakeCurrent: 0xdd81b860: ver 2 0 (tinfo 0xc3288080)
12-08 10:12:57.521  9674  9674 I ViewInteraction: Performing 'wait for a specific view with <view.getId() is <16908313/android:id/button1>> during 10000 millis.' action on view view.getRootView() to equal view
12-08 10:12:57.524  9674  9674 I ViewInteraction: Performing 'single click' action on view view.getId() is <16908313/android:id/button1>
12-08 10:12:57.600  9674  9770 D EGL_emulation: eglMakeCurrent: 0xdd81b860: ver 2 0 (tinfo 0xc3288080)
12-08 10:12:57.615  2018  5644 E InputDispatcher: Window handle Window{33128d2 u0 ru.iteco.fmhandroid/ru.iteco.fmhandroid.ui.AppActivity} has no registered input channel
12-08 10:12:57.627  9674  9770 D EGL_emulation: eglMakeCurrent: 0xdd81b860: ver 2 0 (tinfo 0xc3288080)
12-08 10:12:57.891  9674  9674 I ViewInteraction: Performing 'wait for a specific view with <(an instance of android.widget.TextView and view.getHint() matching: is "Time" and view.getParent() view.getParent() view.getId() is <2131231399/ru.iteco.fmhandroid:id/time_in_plan_text_input_layout>)> during 10000 millis.' action on view view.getRootView() to equal view
12-08 10:12:57.895  9674  9674 I ViewInteraction: Performing 'single click' action on view (an instance of android.widget.TextView and view.getHint() matching: is "Time" and view.getParent() view.getParent() view.getId() is <2131231399/ru.iteco.fmhandroid:id/time_in_plan_text_input_layout>)
12-08 10:12:58.041  1776  1825 D gralloc_ranchu: gralloc_alloc: Creating ashmem region of size 5718016
12-08 10:12:58.053  1776  1825 I chatty  : uid=1000(system) HwBinder:1776_1 identical 1 line
12-08 10:12:58.055  1776  1825 D gralloc_ranchu: gralloc_alloc: Creating ashmem region of size 5718016
12-08 10:12:58.058  9674  9770 D EGL_emulation: eglMakeCurrent: 0xdd81b860: ver 2 0 (tinfo 0xc3288080)
12-08 10:12:58.107  9674  9770 I chatty  : uid=10146(ru.iteco.fmhandroid) RenderThread identical 2 lines
12-08 10:12:58.144  9674  9770 D EGL_emulation: eglMakeCurrent: 0xdd81b860: ver 2 0 (tinfo 0xc3288080)
12-08 10:12:58.383  9674  9674 I ViewInteraction: Performing 'wait for a specific view with <is assignable from class <class android.widget.TimePicker>> during 10000 millis.' action on view view.getRootView() to equal view
12-08 10:12:58.387  9674  9674 I ViewInteraction: Checking 'MatchesViewAssertion{viewMatcher=(view has effective visibility <VISIBLE> and view.getGlobalVisibleRect() to return non-empty rectangle)}' assertion on view is assignable from class <class android.widget.TimePicker>
12-08 10:12:58.389  9674  9674 I ViewInteraction: Performing 'wait for a specific view with <is assignable from class <class android.widget.TimePicker>> during 10000 millis.' action on view view.getRootView() to equal view
12-08 10:12:58.392  9674  9674 I ViewInteraction: Performing 'set time' action on view is assignable from class <class android.widget.TimePicker>
12-08 10:12:58.397  9674  9674 I ViewInteraction: Performing 'wait for a specific view with <view.getId() is <16908313/android:id/button1>> during 10000 millis.' action on view view.getRootView() to equal view
12-08 10:12:58.399  9674  9674 I ViewInteraction: Performing 'single click' action on view view.getId() is <16908313/android:id/button1>
12-08 10:12:58.451  9674  9770 D EGL_emulation: eglMakeCurrent: 0xdd81b860: ver 2 0 (tinfo 0xc3288080)
12-08 10:12:58.471  9674  9770 D EGL_emulation: eglMakeCurrent: 0xdd81b860: ver 2 0 (tinfo 0xc3288080)
12-08 10:12:58.484  2018  3005 E InputDispatcher: Window handle Window{ae5edc9 u0 ru.iteco.fmhandroid/ru.iteco.fmhandroid.ui.AppActivity} has no registered input channel
12-08 10:12:58.495  9674  9770 D EGL_emulation: eglMakeCurrent: 0xdd81b860: ver 2 0 (tinfo 0xc3288080)
12-08 10:12:58.801  9674  9674 I ViewInteraction: Performing 'wait for a specific view with <(an instance of android.widget.TextView and view.getHint() matching: is "Description" and view.getParent() view.getParent() view.getId() is <2131230988/ru.iteco.fmhandroid:id/description_text_input_layout>)> during 10000 millis.' action on view view.getRootView() to equal view
12-08 10:12:58.805  9674  9674 I ViewInteraction: Performing 'replace text(Описание 43373b1b-1d52-4caa-9b1e-ebda6db981c2)' action on view (an instance of android.widget.TextView and view.getHint() matching: is "Description" and view.getParent() view.getParent() view.getId() is <2131230988/ru.iteco.fmhandroid:id/description_text_input_layout>)
12-08 10:12:58.839  9674  9674 I ViewInteraction: Performing 'wait for a specific view with <view.getId() is <2131231291/ru.iteco.fmhandroid:id/save_button>> during 10000 millis.' action on view view.getRootView() to equal view
12-08 10:12:58.843  9674  9674 I ViewInteraction: Performing 'single click' action on view view.getId() is <2131231291/ru.iteco.fmhandroid:id/save_button>
12-08 10:12:58.909  9674  9809 I okhttp.OkHttpClient: --> POST http://www.981757-ca08998.tmweb.ru:8080/fmh/claims
12-08 10:12:58.909  9674  9809 I okhttp.OkHttpClient: Content-Type: application/json; charset=UTF-8
12-08 10:12:58.910  9674  9809 I okhttp.OkHttpClient: Content-Length: 294
12-08 10:12:58.910  9674  9809 I okhttp.OkHttpClient: {"createDate":1670494378,"creatorId":2,"creatorName":"Иванов Данил Данилович","description":"Описание 43373b1b-1d52-4caa-9b1e-ebda6db981c2","executorId":2,"planExecuteDate":1693131120,"status":"OPEN","title":"Заголовок 6389ad03-d5fe-4ae7-afd2-b7a00d8c1588"}
12-08 10:12:58.910  9674  9809 I okhttp.OkHttpClient: --> END POST (294-byte body)
12-08 10:12:59.088  9674  9809 I okhttp.OkHttpClient: <-- 200 http://www.981757-ca08998.tmweb.ru:8080/fmh/claims (177ms)
12-08 10:12:59.088  9674  9809 I okhttp.OkHttpClient: Vary: Origin
12-08 10:12:59.089  9674  9809 I okhttp.OkHttpClient: Vary: Access-Control-Request-Method
12-08 10:12:59.089  9674  9809 I okhttp.OkHttpClient: Vary: Access-Control-Request-Headers
12-08 10:12:59.089  9674  9809 I okhttp.OkHttpClient: X-Content-Type-Options: nosniff
12-08 10:12:59.089  9674  9809 I okhttp.OkHttpClient: X-XSS-Protection: 1; mode=block
12-08 10:12:59.089  9674  9809 I okhttp.OkHttpClient: Cache-Control: no-cache, no-store, max-age=0, must-revalidate
12-08 10:12:59.090  9674  9809 I okhttp.OkHttpClient: Pragma: no-cache
12-08 10:12:59.090  9674  9809 I okhttp.OkHttpClient: Expires: 0
12-08 10:12:59.090  9674  9809 I okhttp.OkHttpClient: X-Frame-Options: DENY
12-08 10:12:59.090  9674  9809 I okhttp.OkHttpClient: Content-Type: application/json
12-08 10:12:59.090  9674  9809 I okhttp.OkHttpClient: Transfer-Encoding: chunked
12-08 10:12:59.090  9674  9809 I okhttp.OkHttpClient: Date: Thu, 08 Dec 2022 10:13:01 GMT
12-08 10:12:59.091  9674  9809 I okhttp.OkHttpClient: Keep-Alive: timeout=60
12-08 10:12:59.091  9674  9809 I okhttp.OkHttpClient: Connection: keep-alive
12-08 10:12:59.092  9674  9809 I okhttp.OkHttpClient: {"id":2701,"title":"Заголовок 6389ad03-d5fe-4ae7-afd2-b7a00d8c1588","description":"Описание 43373b1b-1d52-4caa-9b1e-ebda6db981c2","creatorId":2,"executorId":2,"createDate":1670494378,"planExecuteDate":1693131120,"factExecuteDate":null,"status":"IN_PROGRESS","creatorName":"Иванов Данил Данилович","executorName":"Иванов Данил Данилович"}
12-08 10:12:59.092  9674  9809 I okhttp.OkHttpClient: <-- END HTTP (394-byte body)
12-08 10:12:59.163  2018  2058 E memtrack: Couldn't load memtrack module
12-08 10:12:59.163  2018  2058 W android.os.Debug: failed to get memory consumption info: -1
12-08 10:12:59.200  9674  9674 I ViewInteraction: Performing 'wait for a specific view with <view.getId() is <2131230916/ru.iteco.fmhandroid:id/claim_list_recycler_view>> during 10000 millis.' action on view view.getRootView() to equal view
12-08 10:12:59.203  9674  9674 I ViewInteraction: Checking 'MatchesViewAssertion{viewMatcher=(view has effective visibility <VISIBLE> and view.getGlobalVisibleRect() to return non-empty rectangle)}' assertion on view view.getId() is <2131230916/ru.iteco.fmhandroid:id/claim_list_recycler_view>
12-08 10:12:59.207  9674  9674 I ViewInteraction: Performing 'scroll RecyclerView to: holder with view: (view is an instance of android.view.ViewGroup and has descendant matching an instance of android.widget.TextView and view.getText() with or without transformation to match: is "Заголовок 6389ad03-d5fe-4ae7-afd2-b7a00d8c1588")' action on view view.getId() is <2131230916/ru.iteco.fmhandroid:id/claim_list_recycler_view>
12-08 10:12:59.212  9674  9674 D takeScreenshot: Found 1 global views to redraw
12-08 10:12:59.251  1776  1825 D gralloc_ranchu: gralloc_alloc: Creating ashmem region of size 10108928
12-08 10:12:59.299  9674  9718 W DefaultFailureHandler: Failed to take screenshot
12-08 10:12:59.299  9674  9718 W DefaultFailureHandler: java.io.FileNotFoundException: view-op-error-13.png: open failed: EROFS (Read-only file system)
12-08 10:12:59.299  9674  9718 W DefaultFailureHandler: 	at libcore.io.IoBridge.open(IoBridge.java:496)
12-08 10:12:59.299  9674  9718 W DefaultFailureHandler: 	at java.io.FileOutputStream.<init>(FileOutputStream.java:235)
12-08 10:12:59.299  9674  9718 W DefaultFailureHandler: 	at java.io.FileOutputStream.<init>(FileOutputStream.java:125)
12-08 10:12:59.299  9674  9718 W DefaultFailureHandler: 	at androidx.test.platform.io.FileTestStorage.openOutputFile(FileTestStorage.java:60)
12-08 10:12:59.299  9674  9718 W DefaultFailureHandler: 	at androidx.test.core.graphics.BitmapStorage.writeToTestStorage(BitmapStorageExt.kt:49)
12-08 10:12:59.299  9674  9718 W DefaultFailureHandler: 	at androidx.test.espresso.base.DefaultFailureHandler.takeScreenshot(DefaultFailureHandler.java:4)
12-08 10:12:59.299  9674  9718 W DefaultFailureHandler: 	at androidx.test.espresso.base.DefaultFailureHandler.handle(DefaultFailureHandler.java:3)
12-08 10:12:59.299  9674  9718 W DefaultFailureHandler: 	at androidx.test.espresso.ViewInteraction.waitForAndHandleInteractionResults(ViewInteraction.java:8)
12-08 10:12:59.299  9674  9718 W DefaultFailureHandler: 	at androidx.test.espresso.ViewInteraction.desugaredPerform(ViewInteraction.java:11)
12-08 10:12:59.299  9674  9718 W DefaultFailureHandler: 	at androidx.test.espresso.ViewInteraction.perform(ViewInteraction.java:8)
12-08 10:12:59.299  9674  9718 W DefaultFailureHandler: 	at ru.iteco.fmhandroid.ui.steps.ClaimsPageSteps.scrollToElementInRecyclerList(ClaimsPageSteps.java:127)
12-08 10:12:59.299  9674  9718 W DefaultFailureHandler: 	at ru.iteco.fmhandroid.ui.steps.ClaimsPageSteps.openClaimCard(ClaimsPageSteps.java:150)
12-08 10:12:59.299  9674  9718 W DefaultFailureHandler: 	at ru.iteco.fmhandroid.ui.steps.CreatingClaimsSteps.createClaim(CreatingClaimsSteps.java:109)
12-08 10:12:59.299  9674  9718 W DefaultFailureHandler: 	at ru.iteco.fmhandroid.ui.steps.CreatingClaimsSteps.createClaims(CreatingClaimsSteps.java:131)
12-08 10:12:59.299  9674  9718 W DefaultFailureHandler: 	at ru.iteco.fmhandroid.ui.FilterClaimsPageTest.shouldFilterClaimsWithStatusInProgressExecutedAndCanceled(FilterClaimsPageTest.java:403)
12-08 10:12:59.299  9674  9718 W DefaultFailureHandler: 	at java.lang.reflect.Method.invoke(Native Method)
12-08 10:12:59.299  9674  9718 W DefaultFailureHandler: 	at org.junit.runners.model.FrameworkMethod$1.runReflectiveCall(FrameworkMethod.java:59)
12-08 10:12:59.299  9674  9718 W DefaultFailureHandler: 	at org.junit.internal.runners.model.ReflectiveCallable.run(ReflectiveCallable.java:12)
12-08 10:12:59.299  9674  9718 W DefaultFailureHandler: 	at org.junit.runners.model.FrameworkMethod.invokeExplosively(FrameworkMethod.java:56)
12-08 10:12:59.299  9674  9718 W DefaultFailureHandler: 	at org.junit.internal.runners.statements.InvokeMethod.evaluate(InvokeMethod.java:17)
12-08 10:12:59.299  9674  9718 W DefaultFailureHandler: 	at androidx.test.internal.runner.junit4.statement.RunBefores.evaluate(RunBefores.java:80)
12-08 10:12:59.299  9674  9718 W DefaultFailureHandler: 	at io.qameta.allure.android.rules.ScreenshotRule$apply$1.evaluate(ScreenshotRule.kt:22)
12-08 10:12:59.299  9674  9718 W DefaultFailureHandler: 	at org.junit.rules.ExternalResource$1.evaluate(ExternalResource.java:54)
12-08 10:12:59.299  9674  9718 W DefaultFailureHandler: 	at io.qameta.allure.android.rules.LogcatRule$apply$1.evaluate(LogcatRule.kt:23)
12-08 10:12:59.299  9674  9718 W DefaultFailureHandler: 	at org.junit.rules.RunRules.evaluate(RunRules.java:20)
12-08 10:12:59.299  9674  9718 W DefaultFailureHandler: 	at org.junit.runners.ParentRunner$3.evaluate(ParentRunner.java:306)
12-08 10:12:59.299  9674  9718 W DefaultFailureHandler: 	at org.junit.runners.BlockJUnit4ClassRunner$1.evaluate(BlockJUnit4ClassRunner.java:100)
12-08 10:12:59.299  9674  9718 W DefaultFailureHandler: 	at org.junit.runners.ParentRunner.runLeaf(ParentRunner.java:366)
12-08 10:12:59.299  9674  9718 W DefaultFailureHandler: 	at org.junit.runners.BlockJUnit4ClassRunner.runChild(BlockJUnit4ClassRunner.java:103)
12-08 10:12:59.299  9674  9718 W DefaultFailureHandler: 	at org.junit.runners.BlockJUnit4ClassRunner.runChild(BlockJUnit4ClassRunner.java:63)
12-08 10:12:59.299  9674  9718 W DefaultFailureHandler: 	at org.junit.runners.ParentRunner$4.run(ParentRunner.java:331)
12-08 10:12:59.299  9674  9718 W DefaultFailureHandler: 	at org.junit.runners.ParentRunner$1.schedule(ParentRunner.java:79)
12-08 10:12:59.299  9674  9718 W DefaultFailureHandler: 	at org.junit.runners.ParentRunner.runChildren(ParentRunner.java:329)
12-08 10:12:59.299  9674  9718 W DefaultFailureHandler: 	at org.junit.runners.ParentRunner.access$100(ParentRunner.java:66)
12-08 10:12:59.299  9674  9718 W DefaultFailureHandler: 	at org.junit.runners.ParentRunner$2.evaluate(ParentRunner.java:293)
12-08 10:12:59.299  9674  9718 W DefaultFailureHandler: 	at org.junit.runners.ParentRunner$3.evaluate(ParentRunner.java:306)
12-08 10:12:59.299  9674  9718 W DefaultFailureHandler: 	at org.junit.runners.ParentRunner.run(ParentRunner.java:413)
12-08 10:12:59.299  9674  9718 W DefaultFailureHandler: 	at androidx.test.ext.junit.runners.AndroidJUnit4.run(AndroidJUnit4.java:162)
12-08 10:12:59.299  9674  9718 W DefaultFailureHandler: 	at io.qameta.allure.android.runners.AllureAndroidJUnit4.run(AllureAndroidJUnitRunners.kt:29)
12-08 10:12:59.299  9674  9718 W DefaultFailureHandler: 	at org.junit.runners.Suite.runChild(Suite.java:128)
12-08 10:12:59.299  9674  9718 W DefaultFailureHandler: 	at org.junit.runners.Suite.runChild(Suite.java:27)
12-08 10:12:59.299  9674  9718 W DefaultFailureHandler: 	at org.junit.runners.ParentRunner$4.run(ParentRunner.java:331)
12-08 10:12:59.299  9674  9718 W DefaultFailureHandler: 	at org.junit.runners.ParentRunner$1.schedule(ParentRunner.java:79)
12-08 10:12:59.299  9674  9718 W DefaultFailureHandler: 	at org.junit.runners.ParentRunner.runChildren(ParentRunner.java:329)
12-08 10:12:59.299  9674  9718 W DefaultFailureHandler: 	at org.junit.runners.ParentRunner.access$100(ParentRunner.java:66)
12-08 10:12:59.299  9674  9718 W DefaultFailureHandler: 	at org.junit.runners.ParentRunner$2.evaluate(ParentRunner.java:293)
12-08 10:12:59.299  9674  9718 W DefaultFailureHandler: 	at org.junit.runners.ParentRunner$3.evaluate(ParentRunner.java:306)
12-08 10:12:59.299  9674  9718 W DefaultFailureHandler: 	at org.junit.runners.ParentRunner.run(ParentRunner.java:413)
12-08 10:12:59.299  9674  9718 W DefaultFailureHandler: 	at org.junit.runner.JUnitCore.run(JUnitCore.java:137)
12-08 10:12:59.299  9674  9718 W DefaultFailureHandler: 	at org.junit.runner.JUnitCore.run(JUnitCore.java:115)
12-08 10:12:59.301  9674  9718 W DefaultFailureHandler: 	at androidx.test.internal.runner.TestExecutor.execute(TestExecutor.java:67)
12-08 10:12:59.301  9674  9718 W DefaultFailureHandler: 	at androidx.test.internal.runner.TestExecutor.execute(TestExecutor.java:58)
12-08 10:12:59.301  9674  9718 W DefaultFailureHandler: 	at androidx.test.runner.AndroidJUnitRunner.onStart(AndroidJUnitRunner.java:438)
12-08 10:12:59.301  9674  9718 W DefaultFailureHandler: 	at android.app.Instrumentation$InstrumentationThread.run(Instrumentation.java:2189)
12-08 10:12:59.301  9674  9718 W DefaultFailureHandler: Caused by: android.system.ErrnoException: open failed: EROFS (Read-only file system)
12-08 10:12:59.301  9674  9718 W DefaultFailureHandler: 	at libcore.io.Linux.open(Native Method)
12-08 10:12:59.301  9674  9718 W DefaultFailureHandler: 	at libcore.io.ForwardingOs.open(ForwardingOs.java:167)
12-08 10:12:59.301  9674  9718 W DefaultFailureHandler: 	at libcore.io.BlockGuardOs.open(BlockGuardOs.java:252)
12-08 10:12:59.301  9674  9718 W DefaultFailureHandler: 	at libcore.io.ForwardingOs.open(ForwardingOs.java:167)
