--------- beginning of main
12-08 10:35:11.839 11395 11395 I ViewInteraction: Performing 'wait for a specific view with <(an instance of android.widget.TextView and view.getHint() matching: is "Description" and view.getParent() view.getParent() view.getId() is <2131230988/ru.iteco.fmhandroid:id/description_text_input_layout>)> during 10000 millis.' action on view view.getRootView() to equal view
12-08 10:35:11.848 11395 11395 I ViewInteraction: Performing 'replace text(Описание a5855bf5-6aea-4031-b644-05d0b1b1c878)' action on view (an instance of android.widget.TextView and view.getHint() matching: is "Description" and view.getParent() view.getParent() view.getId() is <2131230988/ru.iteco.fmhandroid:id/description_text_input_layout>)
12-08 10:35:11.897 11395 11395 I ViewInteraction: Performing 'wait for a specific view with <view.getId() is <2131231291/ru.iteco.fmhandroid:id/save_button>> during 10000 millis.' action on view view.getRootView() to equal view
12-08 10:35:11.908 11395 11395 I ViewInteraction: Performing 'single click' action on view view.getId() is <2131231291/ru.iteco.fmhandroid:id/save_button>
12-08 10:35:11.990 11395 11528 I okhttp.OkHttpClient: --> POST http://www.981757-ca08998.tmweb.ru:8080/fmh/claims
12-08 10:35:11.990 11395 11528 I okhttp.OkHttpClient: Content-Type: application/json; charset=UTF-8
12-08 10:35:11.990 11395 11528 I okhttp.OkHttpClient: Content-Length: 294
12-08 10:35:11.990 11395 11528 I okhttp.OkHttpClient: {"createDate":1670495711,"creatorId":2,"creatorName":"Иванов Данил Данилович","description":"Описание a5855bf5-6aea-4031-b644-05d0b1b1c878","executorId":2,"planExecuteDate":1670495640,"status":"OPEN","title":"Заголовок ec6f30c7-d2db-4496-9743-018450e80dd1"}
12-08 10:35:11.990 11395 11528 I okhttp.OkHttpClient: --> END POST (294-byte body)
12-08 10:35:11.997  1744 11625 E ResolverController: No valid NAT64 prefix (106, <unspecified>/0)
12-08 10:35:12.221 11395 11395 I ViewInteraction: Performing 'wait for a specific view with <view.getId() is <2131230916/ru.iteco.fmhandroid:id/claim_list_recycler_view>> during 10000 millis.' action on view view.getRootView() to equal view
12-08 10:35:12.356 11395 11528 I okhttp.OkHttpClient: <-- 200 http://www.981757-ca08998.tmweb.ru:8080/fmh/claims (364ms)
12-08 10:35:12.356 11395 11528 I okhttp.OkHttpClient: Vary: Origin
12-08 10:35:12.357 11395 11528 I okhttp.OkHttpClient: Vary: Access-Control-Request-Method
12-08 10:35:12.357 11395 11528 I okhttp.OkHttpClient: Vary: Access-Control-Request-Headers
12-08 10:35:12.358 11395 11528 I okhttp.OkHttpClient: X-Content-Type-Options: nosniff
12-08 10:35:12.358 11395 11528 I okhttp.OkHttpClient: X-XSS-Protection: 1; mode=block
12-08 10:35:12.358 11395 11528 I okhttp.OkHttpClient: Cache-Control: no-cache, no-store, max-age=0, must-revalidate
12-08 10:35:12.359 11395 11528 I okhttp.OkHttpClient: Pragma: no-cache
12-08 10:35:12.359 11395 11528 I okhttp.OkHttpClient: Expires: 0
12-08 10:35:12.359 11395 11528 I okhttp.OkHttpClient: X-Frame-Options: DENY
12-08 10:35:12.360 11395 11528 I okhttp.OkHttpClient: Content-Type: application/json
12-08 10:35:12.360 11395 11528 I okhttp.OkHttpClient: Transfer-Encoding: chunked
12-08 10:35:12.360 11395 11528 I okhttp.OkHttpClient: Date: Thu, 08 Dec 2022 10:35:57 GMT
12-08 10:35:12.360 11395 11528 I okhttp.OkHttpClient: Keep-Alive: timeout=60
12-08 10:35:12.361 11395 11528 I okhttp.OkHttpClient: Connection: keep-alive
12-08 10:35:13.077 11395 11528 I okhttp.OkHttpClient: {"id":2728,"title":"Заголовок ec6f30c7-d2db-4496-9743-018450e80dd1","description":"Описание a5855bf5-6aea-4031-b644-05d0b1b1c878","creatorId":2,"executorId":2,"createDate":1670495711,"planExecuteDate":1670495640,"factExecuteDate":null,"status":"IN_PROGRESS","creatorName":"Иванов Данил Данилович","executorName":"Иванов Данил Данилович"}
12-08 10:35:13.077 11395 11528 I okhttp.OkHttpClient: <-- END HTTP (394-byte body)
12-08 10:35:13.174 11395 11395 I ViewInteraction: Checking 'MatchesViewAssertion{viewMatcher=(view has effective visibility <VISIBLE> and view.getGlobalVisibleRect() to return non-empty rectangle)}' assertion on view view.getId() is <2131230916/ru.iteco.fmhandroid:id/claim_list_recycler_view>
12-08 10:35:13.177 11395 11395 I ViewInteraction: Performing 'scroll RecyclerView to: holder with view: (view is an instance of android.view.ViewGroup and has descendant matching an instance of android.widget.TextView and view.getText() with or without transformation to match: is "Заголовок ec6f30c7-d2db-4496-9743-018450e80dd1")' action on view view.getId() is <2131230916/ru.iteco.fmhandroid:id/claim_list_recycler_view>
12-08 10:35:13.179 11395 11395 D takeScreenshot: Found 1 global views to redraw
12-08 10:35:13.203  1776  1825 D gralloc_ranchu: gralloc_alloc: Creating ashmem region of size 10108928
12-08 10:35:13.254 11395 11440 W DefaultFailureHandler: Failed to take screenshot
12-08 10:35:13.254 11395 11440 W DefaultFailureHandler: java.io.FileNotFoundException: view-op-error-9.png: open failed: EROFS (Read-only file system)
12-08 10:35:13.254 11395 11440 W DefaultFailureHandler: 	at libcore.io.IoBridge.open(IoBridge.java:496)
12-08 10:35:13.254 11395 11440 W DefaultFailureHandler: 	at java.io.FileOutputStream.<init>(FileOutputStream.java:235)
12-08 10:35:13.254 11395 11440 W DefaultFailureHandler: 	at java.io.FileOutputStream.<init>(FileOutputStream.java:125)
12-08 10:35:13.254 11395 11440 W DefaultFailureHandler: 	at androidx.test.platform.io.FileTestStorage.openOutputFile(FileTestStorage.java:60)
12-08 10:35:13.254 11395 11440 W DefaultFailureHandler: 	at androidx.test.core.graphics.BitmapStorage.writeToTestStorage(BitmapStorageExt.kt:49)
12-08 10:35:13.254 11395 11440 W DefaultFailureHandler: 	at androidx.test.espresso.base.DefaultFailureHandler.takeScreenshot(DefaultFailureHandler.java:4)
12-08 10:35:13.254 11395 11440 W DefaultFailureHandler: 	at androidx.test.espresso.base.DefaultFailureHandler.handle(DefaultFailureHandler.java:3)
12-08 10:35:13.254 11395 11440 W DefaultFailureHandler: 	at androidx.test.espresso.ViewInteraction.waitForAndHandleInteractionResults(ViewInteraction.java:8)
12-08 10:35:13.254 11395 11440 W DefaultFailureHandler: 	at androidx.test.espresso.ViewInteraction.desugaredPerform(ViewInteraction.java:11)
12-08 10:35:13.254 11395 11440 W DefaultFailureHandler: 	at androidx.test.espresso.ViewInteraction.perform(ViewInteraction.java:8)
12-08 10:35:13.254 11395 11440 W DefaultFailureHandler: 	at ru.iteco.fmhandroid.ui.steps.ClaimsPageSteps.scrollToElementInRecyclerList(ClaimsPageSteps.java:127)
12-08 10:35:13.254 11395 11440 W DefaultFailureHandler: 	at ru.iteco.fmhandroid.ui.steps.ClaimsPageSteps.openClaimCard(ClaimsPageSteps.java:150)
12-08 10:35:13.254 11395 11440 W DefaultFailureHandler: 	at ru.iteco.fmhandroid.ui.ClaimsPageTest.shouldOpenTheClaimCard(ClaimsPageTest.java:84)
12-08 10:35:13.254 11395 11440 W DefaultFailureHandler: 	at java.lang.reflect.Method.invoke(Native Method)
12-08 10:35:13.254 11395 11440 W DefaultFailureHandler: 	at org.junit.runners.model.FrameworkMethod$1.runReflectiveCall(FrameworkMethod.java:59)
12-08 10:35:13.254 11395 11440 W DefaultFailureHandler: 	at org.junit.internal.runners.model.ReflectiveCallable.run(ReflectiveCallable.java:12)
12-08 10:35:13.254 11395 11440 W DefaultFailureHandler: 	at org.junit.runners.model.FrameworkMethod.invokeExplosively(FrameworkMethod.java:56)
12-08 10:35:13.254 11395 11440 W DefaultFailureHandler: 	at org.junit.internal.runners.statements.InvokeMethod.evaluate(InvokeMethod.java:17)
12-08 10:35:13.254 11395 11440 W DefaultFailureHandler: 	at androidx.test.internal.runner.junit4.statement.RunBefores.evaluate(RunBefores.java:80)
12-08 10:35:13.254 11395 11440 W DefaultFailureHandler: 	at io.qameta.allure.android.rules.ScreenshotRule$apply$1.evaluate(ScreenshotRule.kt:22)
12-08 10:35:13.254 11395 11440 W DefaultFailureHandler: 	at org.junit.rules.ExternalResource$1.evaluate(ExternalResource.java:54)
12-08 10:35:13.254 11395 11440 W DefaultFailureHandler: 	at io.qameta.allure.android.rules.LogcatRule$apply$1.evaluate(LogcatRule.kt:23)
12-08 10:35:13.254 11395 11440 W DefaultFailureHandler: 	at org.junit.rules.RunRules.evaluate(RunRules.java:20)
12-08 10:35:13.254 11395 11440 W DefaultFailureHandler: 	at org.junit.runners.ParentRunner$3.evaluate(ParentRunner.java:306)
12-08 10:35:13.254 11395 11440 W DefaultFailureHandler: 	at org.junit.runners.BlockJUnit4ClassRunner$1.evaluate(BlockJUnit4ClassRunner.java:100)
12-08 10:35:13.254 11395 11440 W DefaultFailureHandler: 	at org.junit.runners.ParentRunner.runLeaf(ParentRunner.java:366)
12-08 10:35:13.254 11395 11440 W DefaultFailureHandler: 	at org.junit.runners.BlockJUnit4ClassRunner.runChild(BlockJUnit4ClassRunner.java:103)
12-08 10:35:13.254 11395 11440 W DefaultFailureHandler: 	at org.junit.runners.BlockJUnit4ClassRunner.runChild(BlockJUnit4ClassRunner.java:63)
12-08 10:35:13.254 11395 11440 W DefaultFailureHandler: 	at org.junit.runners.ParentRunner$4.run(ParentRunner.java:331)
12-08 10:35:13.254 11395 11440 W DefaultFailureHandler: 	at org.junit.runners.ParentRunner$1.schedule(ParentRunner.java:79)
12-08 10:35:13.254 11395 11440 W DefaultFailureHandler: 	at org.junit.runners.ParentRunner.runChildren(ParentRunner.java:329)
12-08 10:35:13.254 11395 11440 W DefaultFailureHandler: 	at org.junit.runners.ParentRunner.access$100(ParentRunner.java:66)
12-08 10:35:13.254 11395 11440 W DefaultFailureHandler: 	at org.junit.runners.ParentRunner$2.evaluate(ParentRunner.java:293)
12-08 10:35:13.254 11395 11440 W DefaultFailureHandler: 	at org.junit.runners.ParentRunner$3.evaluate(ParentRunner.java:306)
12-08 10:35:13.254 11395 11440 W DefaultFailureHandler: 	at org.junit.runners.ParentRunner.run(ParentRunner.java:413)
12-08 10:35:13.254 11395 11440 W DefaultFailureHandler: 	at androidx.test.ext.junit.runners.AndroidJUnit4.run(AndroidJUnit4.java:162)
12-08 10:35:13.254 11395 11440 W DefaultFailureHandler: 	at io.qameta.allure.android.runners.AllureAndroidJUnit4.run(AllureAndroidJUnitRunners.kt:29)
12-08 10:35:13.254 11395 11440 W DefaultFailureHandler: 	at org.junit.runners.Suite.runChild(Suite.java:128)
12-08 10:35:13.254 11395 11440 W DefaultFailureHandler: 	at org.junit.runners.Suite.runChild(Suite.java:27)
12-08 10:35:13.254 11395 11440 W DefaultFailureHandler: 	at org.junit.runners.ParentRunner$4.run(ParentRunner.java:331)
12-08 10:35:13.254 11395 11440 W DefaultFailureHandler: 	at org.junit.runners.ParentRunner$1.schedule(ParentRunner.java:79)
12-08 10:35:13.254 11395 11440 W DefaultFailureHandler: 	at org.junit.runners.ParentRunner.runChildren(ParentRunner.java:329)
12-08 10:35:13.254 11395 11440 W DefaultFailureHandler: 	at org.junit.runners.ParentRunner.access$100(ParentRunner.java:66)
12-08 10:35:13.254 11395 11440 W DefaultFailureHandler: 	at org.junit.runners.ParentRunner$2.evaluate(ParentRunner.java:293)
12-08 10:35:13.254 11395 11440 W DefaultFailureHandler: 	at org.junit.runners.ParentRunner$3.evaluate(ParentRunner.java:306)
12-08 10:35:13.254 11395 11440 W DefaultFailureHandler: 	at org.junit.runners.ParentRunner.run(ParentRunner.java:413)
12-08 10:35:13.254 11395 11440 W DefaultFailureHandler: 	at org.junit.runner.JUnitCore.run(JUnitCore.java:137)
12-08 10:35:13.254 11395 11440 W DefaultFailureHandler: 	at org.junit.runner.JUnitCore.run(JUnitCore.java:115)
12-08 10:35:13.254 11395 11440 W DefaultFailureHandler: 	at androidx.test.internal.runner.TestExecutor.execute(TestExecutor.java:67)
12-08 10:35:13.254 11395 11440 W DefaultFailureHandler: 	at androidx.test.internal.runner.TestExecutor.execute(TestExecutor.java:58)
12-08 10:35:13.254 11395 11440 W DefaultFailureHandler: 	at androidx.test.runner.AndroidJUnitRunner.onStart(AndroidJUnitRunner.java:438)
12-08 10:35:13.255 11395 11440 W DefaultFailureHandler: 	at android.app.Instrumentation$InstrumentationThread.run(Instrumentation.java:2189)
12-08 10:35:13.255 11395 11440 W DefaultFailureHandler: Caused by: android.system.ErrnoException: open failed: EROFS (Read-only file system)
12-08 10:35:13.255 11395 11440 W DefaultFailureHandler: 	at libcore.io.Linux.open(Native Method)
12-08 10:35:13.255 11395 11440 W DefaultFailureHandler: 	at libcore.io.ForwardingOs.open(ForwardingOs.java:167)
12-08 10:35:13.255 11395 11440 W DefaultFailureHandler: 	at libcore.io.BlockGuardOs.open(BlockGuardOs.java:252)
12-08 10:35:13.255 11395 11440 W DefaultFailureHandler: 	at libcore.io.ForwardingOs.open(ForwardingOs.java:167)
12-08 10:35:13.255 11395 11440 W DefaultFailureHandler: 	at android.app.ActivityThread$AndroidOs.open(ActivityThread.java:7255)
12-08 10:35:13.255 11395 11440 W DefaultFailureHandler: 	at libcore.io.IoBridge.open(IoBridge.java:482)
12-08 10:35:13.255 11395 11440 W DefaultFailureHandler: 	... 51 more
12-08 10:35:13.261  1776  1825 D gralloc_ranchu: gralloc_alloc: Creating ashmem region of size 10108928
12-08 10:35:13.476 11395 11408 I teco.fmhandroi: NativeAlloc concurrent copying GC freed 76204(3872KB) AllocSpace objects, 3(48KB) LOS objects, 30% free, 13MB/19MB, paused 620us total 175.226ms
--------- beginning of system
12-08 10:35:13.537  2018  5907 I ActivityTaskManager: START u0 {act=android.intent.action.MAIN cat=[android.intent.category.LAUNCHER] flg=0x10000000 cmp=ru.iteco.fmhandroid.test/androidx.test.core.app.InstrumentationActivityInvoker$EmptyActivity} from uid 10146
12-08 10:35:13.546 11395 11395 D LifecycleMonitor: Lifecycle status change: ru.iteco.fmhandroid.ui.AppActivity@bb4421d in: PAUSED
12-08 10:35:13.546 11395 11395 V ActivityScenario: Update currentActivityStage to PAUSED, currentActivity=ru.iteco.fmhandroid.ui.AppActivity@bb4421d
12-08 10:35:13.551 11395 11434 V FA      : Recording user engagement, ms: 19801
12-08 10:35:13.552  2018  5907 W InputReader: Device has associated, but no associated display id.
12-08 10:35:13.555  2018  5907 I chatty  : uid=1000(system) Binder:2018_17 identical 38 lines
12-08 10:35:13.555  2018  5907 W InputReader: Device has associated, but no associated display id.
12-08 10:35:13.556 11453 11453 W ActivityThread: handleWindowVisibility: no activity for token android.os.BinderProxy@f5d16d7
12-08 10:35:13.557  2018  5907 W InputReader: Device has associated, but no associated display id.
12-08 10:35:13.613  2018  2037 I ActivityTaskManager: START u0 {act=android.intent.action.MAIN cat=[android.intent.category.LAUNCHER] flg=0x10000000 cmp=ru.iteco.fmhandroid.test/androidx.test.core.app.InstrumentationActivityInvoker$EmptyActivity} from uid 10146
12-08 10:35:13.558  2018  5907 I chatty  : uid=1000(system) Binder:2018_17 identical 8 lines
12-08 10:35:13.558  2018  5907 W InputReader: Device has associated, but no associated display id.
12-08 10:35:13.645  1776  1825 D gralloc_ranchu: gralloc_alloc: Creating ashmem region of size 10108928
12-08 10:35:13.655  1776  1825 D gralloc_ranchu: gralloc_alloc: Creating ashmem region of size 10108928
12-08 10:35:13.658 11453 11486 D EGL_emulation: eglMakeCurrent: 0xdd81a2a0: ver 2 0 (tinfo 0xdd80f3a0)
12-08 10:35:13.658 11395 11434 V FA      : Connecting to remote service
12-08 10:35:13.678  1776  1825 D gralloc_ranchu: gralloc_alloc: Creating ashmem region of size 10108928
12-08 10:35:13.689 11395 11434 V FA      : Connection attempt already in progress
12-08 10:35:13.689 11395 11434 V FA      : Activity paused, time: 58660585
12-08 10:35:13.709  2018  3061 W InputReader: Device has associated, but no associated display id.
12-08 10:35:13.710  2018  3061 I chatty  : uid=1000(system) Binder:2018_10 identical 28 lines
12-08 10:35:13.710  2018  3061 W InputReader: Device has associated, but no associated display id.
12-08 10:35:13.711 11395 11434 D FA      : Connected to remote service
12-08 10:35:13.711  2018  3061 W InputReader: Device has associated, but no associated display id.
12-08 10:35:13.711  2018  3061 I chatty  : uid=1000(system) Binder:2018_10 identical 8 lines
12-08 10:35:13.711  2018  3061 W InputReader: Device has associated, but no associated display id.
12-08 10:35:13.712 11395 11434 V FA      : Processing queued up service tasks: 2
12-08 10:35:13.719  2018  3061 W InputReader: Device has associated, but no associated display id.
12-08 10:35:13.719  2018  3061 I chatty  : uid=1000(system) Binder:2018_10 identical 8 lines
12-08 10:35:13.719  2018  3061 W InputReader: Device has associated, but no associated display id.
12-08 10:35:13.741 11453 11453 W ActivityThread: handleWindowVisibility: no activity for token android.os.BinderProxy@6ccb106
12-08 10:35:13.770  2873 11443 V FA-SVC  : Logging event: origin=auto,name=user_engagement(_e),params=Bundle[{ga_event_origin(_o)=auto, engagement_time_msec(_et)=19801, ga_screen_class(_sc)=AppActivity, ga_screen_id(_si)=-7630774614883317535}]
12-08 10:35:13.788  2018  2037 W ActivityTaskManager: Duplicate finish request for ActivityRecord{dc18cec u0 ru.iteco.fmhandroid/.ui.AppActivity t326 f}
12-08 10:35:13.806  2873 11443 V FA-SVC  : Upload scheduled in approximately ms: 2070709
12-08 10:35:13.807  2873 11443 V FA-SVC  : Unscheduling upload
12-08 10:35:13.817  2873 11443 V FA-SVC  : Scheduling upload, millis: 2070709
12-08 10:35:13.853  1776  1825 D gralloc_ranchu: gralloc_alloc: Creating ashmem region of size 10108928
12-08 10:35:13.860  1776  1825 D gralloc_ranchu: gralloc_alloc: Creating ashmem region of size 10108928
12-08 10:35:13.863  2873 11443 V FA-SVC  : Background event processing time, ms: 93
12-08 10:35:13.864  1776  1825 D gralloc_ranchu: gralloc_alloc: Creating ashmem region of size 10108928
12-08 10:35:13.870 11453 11486 D EGL_emulation: eglMakeCurrent: 0xdd81a2a0: ver 2 0 (tinfo 0xdd80f3a0)
12-08 10:35:13.903  2018  2054 W InputReader: Device has associated, but no associated display id.
12-08 10:35:13.905  2018  2054 I chatty  : uid=1000(system) android.anim identical 18 lines
12-08 10:35:13.905  2018  2054 W InputReader: Device has associated, but no associated display id.
12-08 10:35:13.917  2018  2127 W InputReader: Device has associated, but no associated display id.
12-08 10:35:13.917  2018  2127 I chatty  : uid=1000(system) Binder:2018_3 identical 8 lines
12-08 10:35:13.917  2018  2127 W InputReader: Device has associated, but no associated display id.
12-08 10:35:13.928 11395 11489 D EGL_emulation: eglMakeCurrent: 0xdd81af60: ver 2 0 (tinfo 0xc30989a0)
12-08 10:35:13.945  2018  2058 I ActivityTaskManager: Displayed ru.iteco.fmhandroid.test/androidx.test.core.app.InstrumentationActivityInvoker$EmptyActivity: +155ms
12-08 10:35:13.971  2018  2037 W InputReader: Device has associated, but no associated display id.
12-08 10:35:13.972  2018  2037 I chatty  : uid=1000(system) Binder:2018_2 identical 8 lines
12-08 10:35:13.972  2018  2037 W InputReader: Device has associated, but no associated display id.
12-08 10:35:13.972  2656 11624 E SQLiteDatabase: Error inserting flex_time=2070000 job_id=-1 period=4142000 source=16 requires_charging=0 preferred_network_type=1 target_class=com.google.android.gms.measurement.PackageMeasurementTaskService user_id=0 target_package=com.google.android.gms tag=Measurement.PackageMeasurementTaskService.UPLOAD_TASK_TAG task_type=0 required_idleness_state=0 service_kind=0 source_version=202414000 persistence_level=1 preferred_charging_state=1 required_network_type=0 runtime=1670495713897 retry_strategy={"maximum_backoff_seconds":{"3600":0},"initial_backoff_seconds":{"30":0},"retry_policy":{"0":0}} last_runtime=0
12-08 10:35:13.972  2656 11624 E SQLiteDatabase: android.database.sqlite.SQLiteConstraintException: UNIQUE constraint failed: pending_ops.tag, pending_ops.target_class, pending_ops.target_package, pending_ops.user_id (code 2067 SQLITE_CONSTRAINT_UNIQUE)
12-08 10:35:13.972  2656 11624 E SQLiteDatabase: 	at android.database.sqlite.SQLiteConnection.nativeExecuteForLastInsertedRowId(Native Method)
12-08 10:35:13.972  2656 11624 E SQLiteDatabase: 	at android.database.sqlite.SQLiteConnection.executeForLastInsertedRowId(SQLiteConnection.java:879)
12-08 10:35:13.972  2656 11624 E SQLiteDatabase: 	at android.database.sqlite.SQLiteSession.executeForLastInsertedRowId(SQLiteSession.java:790)
12-08 10:35:13.972  2656 11624 E SQLiteDatabase: 	at android.database.sqlite.SQLiteStatement.executeInsert(SQLiteStatement.java:88)
12-08 10:35:13.972  2656 11624 E SQLiteDatabase: 	at android.database.sqlite.SQLiteDatabase.insertWithOnConflict(SQLiteDatabase.java:1599)
12-08 10:35:13.972  2656 11624 E SQLiteDatabase: 	at android.database.sqlite.SQLiteDatabase.insert(SQLiteDatabase.java:1468)
12-08 10:35:13.972  2656 11624 E SQLiteDatabase: 	at aqui.a(:com.google.android.gms@202414022@20.24.14 (040700-319035315):175)
12-08 10:35:13.972  2656 11624 E SQLiteDatabase: 	at aqtk.a(:com.google.android.gms@202414022@20.24.14 (040700-319035315):182)
12-08 10:35:13.972  2656 11624 E SQLiteDatabase: 	at aqtk.a(:com.google.android.gms@202414022@20.24.14 (040700-319035315):23)
12-08 10:35:13.972  2656 11624 E SQLiteDatabase: 	at aqtk.a(:com.google.android.gms@202414022@20.24.14 (040700-319035315):177)
12-08 10:35:13.972  2656 11624 E SQLiteDatabase: 	at aqpu.run(:com.google.android.gms@202414022@20.24.14 (040700-319035315):9)
12-08 10:35:13.972  2656 11624 E SQLiteDatabase: 	at soy.b(:com.google.android.gms@202414022@20.24.14 (040700-319035315):12)
12-08 10:35:13.972  2656 11624 E SQLiteDatabase: 	at soy.run(:com.google.android.gms@202414022@20.24.14 (040700-319035315):7)
12-08 10:35:13.972  2656 11624 E SQLiteDatabase: 	at java.util.concurrent.ThreadPoolExecutor.runWorker(ThreadPoolExecutor.java:1167)
12-08 10:35:13.972  2656 11624 E SQLiteDatabase: 	at java.util.concurrent.ThreadPoolExecutor$Worker.run(ThreadPoolExecutor.java:641)
12-08 10:35:13.972  2656 11624 E SQLiteDatabase: 	at sux.run(:com.google.android.gms@202414022@20.24.14 (040700-319035315):0)
12-08 10:35:13.972  2656 11624 E SQLiteDatabase: 	at java.lang.Thread.run(Thread.java:919)
12-08 10:35:13.973  2018  2037 W InputReader: Device has associated, but no associated display id.
12-08 10:35:13.974  2018  2037 I chatty  : uid=1000(system) Binder:2018_2 identical 18 lines
12-08 10:35:13.974  2018  2037 W InputReader: Device has associated, but no associated display id.
12-08 10:35:13.986 11395 11395 D AutofillManager: onActivityFinishing(): calling cancelLocked()
12-08 10:35:13.987 11395 11395 D LifecycleMonitor: Lifecycle status change: ru.iteco.fmhandroid.ui.AppActivity@bb4421d in: STOPPED
12-08 10:35:13.987 11395 11395 V ActivityScenario: Update currentActivityStage to STOPPED, currentActivity=ru.iteco.fmhandroid.ui.AppActivity@bb4421d
12-08 10:35:14.006 11395 11395 W System.err: ru.iteco.fmhandroid.exceptions.UnknownException
12-08 10:35:14.006 11395 11395 W System.err: 	at ru.iteco.fmhandroid.utils.Utils.makeRequest(Utils.kt:123)
12-08 10:35:14.006 11395 11395 W System.err: 	at ru.iteco.fmhandroid.utils.Utils$makeRequest$1.invokeSuspend(Unknown Source:15)
12-08 10:35:14.006 11395 11395 W System.err: 	at kotlin.coroutines.jvm.internal.BaseContinuationImpl.resumeWith(ContinuationImpl.kt:33)
12-08 10:35:14.006 11395 11395 W System.err: 	at kotlinx.coroutines.DispatchedTaskKt.resume(DispatchedTask.kt:234)
12-08 10:35:14.006 11395 11395 W System.err: 	at kotlinx.coroutines.DispatchedTaskKt.resumeUnconfined(DispatchedTask.kt:190)
12-08 10:35:14.006 11395 11395 W System.err: 	at kotlinx.coroutines.DispatchedTaskKt.dispatch(DispatchedTask.kt:161)
12-08 10:35:14.006 11395 11395 W System.err: 	at kotlinx.coroutines.CancellableContinuationImpl.dispatchResume(CancellableContinuationImpl.kt:397)
12-08 10:35:14.006 11395 11395 W System.err: 	at kotlinx.coroutines.CancellableContinuationImpl.cancel(CancellableContinuationImpl.kt:183)
12-08 10:35:14.006 11395 11395 W System.err: 	at kotlinx.coroutines.CancellableContinuationImpl.parentCancelled$kotlinx_coroutines_core(CancellableContinuationImpl.kt:190)
12-08 10:35:14.006 11395 11395 W System.err: 	at kotlinx.coroutines.ChildContinuation.invoke(JobSupport.kt:1474)
12-08 10:35:14.006 11395 11395 W System.err: 	at kotlinx.coroutines.JobSupport.notifyCancelling(JobSupport.kt:1499)
12-08 10:35:14.007  2018  2037 D ConnectivityService: requestNetwork for uid/pid:10129/8344 NetworkRequest [ TRACK_DEFAULT id=130, [ Capabilities: INTERNET&NOT_RESTRICTED&TRUSTED Uid: 10129] ]
12-08 10:35:14.008  2018  2136 D UntrustedWifiNetworkFactory: got request NetworkRequest [ TRACK_DEFAULT id=130, [ Capabilities: INTERNET&NOT_RESTRICTED&TRUSTED Uid: 10129] ] with score 50 and serial 2
12-08 10:35:14.008  2018  2136 D WifiNetworkFactory: got request NetworkRequest [ TRACK_DEFAULT id=130, [ Capabilities: INTERNET&NOT_RESTRICTED&TRUSTED Uid: 10129] ] with score 50 and serial 2
12-08 10:35:14.009  2298  2298 D PhoneSwitcherNetworkRequstListener: got request NetworkRequest [ TRACK_DEFAULT id=130, [ Capabilities: INTERNET&NOT_RESTRICTED&TRUSTED Uid: 10129] ] with score 50 and serial 2
12-08 10:35:14.012 11395 11395 W System.err: 	at kotlinx.coroutines.JobSupport.tryMakeCancelling(JobSupport.kt:795)
12-08 10:35:14.012 11395 11395 W System.err: 	at kotlinx.coroutines.JobSupport.makeCancelling(JobSupport.kt:755)
12-08 10:35:14.012 11395 11395 W System.err: 	at kotlinx.coroutines.JobSupport.cancelImpl$kotlinx_coroutines_core(JobSupport.kt:671)
12-08 10:35:14.016 11395 11395 W System.err: 	at kotlinx.coroutines.JobSupport.parentCancelled(JobSupport.kt:637)
12-08 10:35:14.016 11395 11395 W System.err: 	at kotlinx.coroutines.ChildHandleNode.invoke(JobSupport.kt:1465)
12-08 10:35:14.016 11395 11395 W System.err: 	at kotlinx.coroutines.JobSupport.notifyCancelling(JobSupport.kt:1499)
12-08 10:35:14.017 11395 11395 W System.err: 	at kotlinx.coroutines.JobSupport.tryMakeCompletingSlowPath(JobSupport.kt:900)
12-08 10:35:14.017 11395 11395 W System.err: 	at kotlinx.coroutines.JobSupport.tryMakeCompleting(JobSupport.kt:863)
12-08 10:35:14.017 11395 11395 W System.err: 	at kotlinx.coroutines.JobSupport.cancelMakeCompleting(JobSupport.kt:696)
12-08 10:35:14.017 11395 11395 W System.err: 	at kotlinx.coroutines.JobSupport.cancelImpl$kotlinx_coroutines_core(JobSupport.kt:667)
12-08 10:35:14.017 11395 11395 W System.err: 	at kotlinx.coroutines.JobSupport.cancelInternal(JobSupport.kt:632)
12-08 10:35:14.017 11395 11395 W System.err: 	at kotlinx.coroutines.JobSupport.cancel(JobSupport.kt:617)
12-08 10:35:14.017 11395 11395 W System.err: 	at kotlinx.coroutines.JobKt__JobKt.cancel(Job.kt:561)
12-08 10:35:14.017 11395 11395 W System.err: 	at kotlinx.coroutines.JobKt.cancel(Unknown Source:1)
12-08 10:35:14.017 11395 11395 W System.err: 	at kotlinx.coroutines.JobKt__JobKt.cancel$default(Job.kt:560)
12-08 10:35:14.017 11395 11395 W System.err: 	at kotlinx.coroutines.JobKt.cancel$default(Unknown Source:1)
12-08 10:35:14.017 11395 11395 W System.err: 	at androidx.lifecycle.CloseableCoroutineScope.close(ViewModel.kt:51)
12-08 10:35:14.017 11395 11395 W System.err: 	at androidx.lifecycle.ViewModel.closeWithRuntimeException(ViewModel.java:188)
12-08 10:35:14.017 11395 11395 W System.err: 	at androidx.lifecycle.ViewModel.clear(ViewModel.java:134)
12-08 10:35:14.017 11395 11395 W System.err: 	at androidx.lifecycle.ViewModelStore.clear(ViewModelStore.java:62)
12-08 10:35:14.017 11395 11395 W System.err: 	at androidx.fragment.app.FragmentManagerViewModel.clearNonConfigStateInternal(FragmentManagerViewModel.java:210)
12-08 10:35:14.017 11395 11395 W System.err: 	at androidx.fragment.app.FragmentManagerViewModel.clearNonConfigState(FragmentManagerViewModel.java:190)
12-08 10:35:14.017 11395 11395 W System.err: 	at androidx.fragment.app.FragmentStateManager.destroy(FragmentStateManager.java:778)
12-08 10:35:14.017 11395 11395 W System.err: 	at androidx.fragment.app.FragmentStateManager.moveToExpectedState(FragmentStateManager.java:335)
12-08 10:35:14.017 11395 11395 W System.err: 	at androidx.fragment.app.FragmentStore.moveToExpectedState(FragmentStore.java:113)
12-08 10:35:14.017 11395 11395 W System.err: 	at androidx.fragment.app.FragmentManager.moveToState(FragmentManager.java:1374)
12-08 10:35:14.017 11395 11395 W System.err: 	at androidx.fragment.app.FragmentManager.dispatchStateChange(FragmentManager.java:2841)
12-08 10:35:14.017 11395 11395 W System.err: 	at androidx.fragment.app.FragmentManager.dispatchDestroy(FragmentManager.java:2820)
12-08 10:35:14.017 11395 11395 W System.err: 	at androidx.fragment.app.Fragment.performDestroy(Fragment.java:3246)
12-08 10:35:14.019 11395 11395 W System.err: 	at androidx.fragment.app.FragmentStateManager.destroy(FragmentStateManager.java:780)
12-08 10:35:14.020 11395 11395 W System.err: 	at androidx.fragment.app.FragmentStateManager.moveToExpectedState(FragmentStateManager.java:335)
12-08 10:35:14.020 11395 11395 W System.err: 	at androidx.fragment.app.SpecialEffectsController$FragmentStateManagerOperation.complete(SpecialEffectsController.java:771)
12-08 10:35:14.020 11395 11395 W System.err: 	at androidx.fragment.app.SpecialEffectsController$Operation.cancel(SpecialEffectsController.java:615)
12-08 10:35:14.020 11395 11395 W System.err: 	at androidx.fragment.app.SpecialEffectsController.forceCompleteAllOperations(SpecialEffectsController.java:350)
12-08 10:35:14.020 11395 11395 W System.err: 	at androidx.fragment.app.FragmentManager.dispatchStateChange(FragmentManager.java:2844)
12-08 10:35:14.020 11395 11395 W System.err: 	at androidx.fragment.app.FragmentManager.dispatchDestroy(FragmentManager.java:2820)
12-08 10:35:14.020 11395 11395 W System.err: 	at androidx.fragment.app.FragmentController.dispatchDestroy(FragmentController.java:345)
12-08 10:35:14.020 11395 11395 W System.err: 	at androidx.fragment.app.FragmentActivity.onDestroy(FragmentActivity.java:306)
12-08 10:35:14.020 11395 11395 W System.err: 	at androidx.appcompat.app.AppCompatActivity.onDestroy(AppCompatActivity.java:278)
12-08 10:35:14.020 11395 11395 W System.err: 	at android.app.Activity.performDestroy(Activity.java:8048)
12-08 10:35:14.020 11395 11395 W System.err: 	at android.app.Instrumentation.callActivityOnDestroy(Instrumentation.java:1334)
12-08 10:35:14.020 11395 11395 W System.err: 	at androidx.test.runner.MonitoringInstrumentation.callActivityOnDestroy(MonitoringInstrumentation.java:766)
12-08 10:35:14.020 11395 11395 W System.err: 	at android.app.ActivityThread.performDestroyActivity(ActivityThread.java:4926)
12-08 10:35:14.020 11395 11395 W System.err: 	at android.app.ActivityThread.handleDestroyActivity(ActivityThread.java:4970)
12-08 10:35:14.022 11395 11395 W System.err: 	at android.app.servertransaction.DestroyActivityItem.execute(DestroyActivityItem.java:44)
12-08 10:35:14.022 11395 11395 W System.err: 	at android.app.servertransaction.TransactionExecutor.executeLifecycleState(TransactionExecutor.java:176)
12-08 10:35:14.022 11395 11395 W System.err: 	at android.app.servertransaction.TransactionExecutor.execute(TransactionExecutor.java:97)
12-08 10:35:14.022 11395 11395 W System.err: 	at android.app.ActivityThread$H.handleMessage(ActivityThread.java:2016)
12-08 10:35:14.022 11395 11395 W System.err: 	at android.os.Handler.dispatchMessage(Handler.java:107)
12-08 10:35:14.022 11395 11395 W System.err: 	at android.os.Looper.loop(Looper.java:214)
12-08 10:35:14.022 11395 11395 W System.err: 	at android.app.ActivityThread.main(ActivityThread.java:7356)
12-08 10:35:14.022 11395 11395 W System.err: 	at java.lang.reflect.Method.invoke(Native Method)
12-08 10:35:14.022 11395 11395 W System.err: 	at com.android.internal.os.RuntimeInit$MethodAndArgsCaller.run(RuntimeInit.java:492)
12-08 10:35:14.022 11395 11395 W System.err: 	at com.android.internal.os.ZygoteInit.main(ZygoteInit.java:930)
12-08 10:35:14.031 11395 11395 W System.err: ru.iteco.fmhandroid.exceptions.UnknownException
12-08 10:35:14.031 11395 11395 W System.err: 	at ru.iteco.fmhandroid.utils.Utils.makeRequest(Utils.kt:123)
12-08 10:35:14.031 11395 11395 W System.err: 	at ru.iteco.fmhandroid.utils.Utils$makeRequest$1.invokeSuspend(Unknown Source:15)
12-08 10:35:14.031 11395 11395 W System.err: 	at kotlin.coroutines.jvm.internal.BaseContinuationImpl.resumeWith(ContinuationImpl.kt:33)
12-08 10:35:14.031 11395 11395 W System.err: 	at kotlinx.coroutines.DispatchedTaskKt.resume(DispatchedTask.kt:234)
12-08 10:35:14.031 11395 11395 W System.err: 	at kotlinx.coroutines.DispatchedTaskKt.resumeUnconfined(DispatchedTask.kt:190)
12-08 10:35:14.031 11395 11395 W System.err: 	at kotlinx.coroutines.DispatchedTaskKt.dispatch(DispatchedTask.kt:161)
12-08 10:35:14.031 11395 11395 W System.err: 	at kotlinx.coroutines.CancellableContinuationImpl.dispatchResume(CancellableContinuationImpl.kt:397)
12-08 10:35:14.031 11395 11395 W System.err: 	at kotlinx.coroutines.CancellableContinuationImpl.cancel(CancellableContinuationImpl.kt:183)
12-08 10:35:14.031 11395 11395 W System.err: 	at kotlinx.coroutines.CancellableContinuationImpl.parentCancelled$kotlinx_coroutines_core(CancellableContinuationImpl.kt:190)
12-08 10:35:14.035 11395 11395 W System.err: 	at kotlinx.coroutines.ChildContinuation.invoke(JobSupport.kt:1474)
12-08 10:35:14.035 11395 11395 W System.err: 	at kotlinx.coroutines.JobSupport.notifyCancelling(JobSupport.kt:1499)
12-08 10:35:14.035 11395 11395 W System.err: 	at kotlinx.coroutines.JobSupport.tryMakeCancelling(JobSupport.kt:795)
12-08 10:35:14.035 11395 11395 W System.err: 	at kotlinx.coroutines.JobSupport.makeCancelling(JobSupport.kt:755)
12-08 10:35:14.036 11395 11395 W System.err: 	at kotlinx.coroutines.JobSupport.cancelImpl$kotlinx_coroutines_core(JobSupport.kt:671)
12-08 10:35:14.036 11395 11395 W System.err: 	at kotlinx.coroutines.JobSupport.parentCancelled(JobSupport.kt:637)
12-08 10:35:14.036 11395 11395 W System.err: 	at kotlinx.coroutines.ChildHandleNode.invoke(JobSupport.kt:1465)
12-08 10:35:14.036 11395 11395 W System.err: 	at kotlinx.coroutines.JobSupport.notifyCancelling(JobSupport.kt:1499)
12-08 10:35:14.036 11395 11395 W System.err: 	at kotlinx.coroutines.JobSupport.tryMakeCompletingSlowPath(JobSupport.kt:900)
12-08 10:35:14.036 11395 11395 W System.err: 	at kotlinx.coroutines.JobSupport.tryMakeCompleting(JobSupport.kt:863)
12-08 10:35:14.036 11395 11395 W System.err: 	at kotlinx.coroutines.JobSupport.cancelMakeCompleting(JobSupport.kt:696)
12-08 10:35:14.036 11395 11395 W System.err: 	at kotlinx.coroutines.JobSupport.cancelImpl$kotlinx_coroutines_core(JobSupport.kt:667)
12-08 10:35:14.036 11395 11395 W System.err: 	at kotlinx.coroutines.JobSupport.cancelInternal(JobSupport.kt:632)
12-08 10:35:14.036 11395 11395 W System.err: 	at kotlinx.coroutines.JobSupport.cancel(JobSupport.kt:617)
12-08 10:35:14.036 11395 11395 W System.err: 	at kotlinx.coroutines.JobKt__JobKt.cancel(Job.kt:561)
12-08 10:35:14.036 11395 11395 W System.err: 	at kotlinx.coroutines.JobKt.cancel(Unknown Source:1)
12-08 10:35:14.036 11395 11395 W System.err: 	at kotlinx.coroutines.JobKt__JobKt.cancel$default(Job.kt:560)
12-08 10:35:14.036 11395 11395 W System.err: 	at kotlinx.coroutines.JobKt.cancel$default(Unknown Source:1)
12-08 10:35:14.036 11395 11395 W System.err: 	at androidx.lifecycle.CloseableCoroutineScope.close(ViewModel.kt:51)
12-08 10:35:14.036 11395 11395 W System.err: 	at androidx.lifecycle.ViewModel.closeWithRuntimeException(ViewModel.java:188)
12-08 10:35:14.036 11395 11395 W System.err: 	at androidx.lifecycle.ViewModel.clear(ViewModel.java:134)
12-08 10:35:14.036 11395 11395 W System.err: 	at androidx.lifecycle.ViewModelStore.clear(ViewModelStore.java:62)
12-08 10:35:14.036 11395 11395 W System.err: 	at androidx.fragment.app.FragmentManagerViewModel.clearNonConfigStateInternal(FragmentManagerViewModel.java:210)
12-08 10:35:14.036 11395 11395 W System.err: 	at androidx.fragment.app.FragmentManagerViewModel.clearNonConfigState(FragmentManagerViewModel.java:190)
12-08 10:35:14.036 11395 11395 W System.err: 	at androidx.fragment.app.FragmentStateManager.destroy(FragmentStateManager.java:778)
12-08 10:35:14.037 11395 11395 W System.err: 	at androidx.fragment.app.FragmentStateManager.moveToExpectedState(FragmentStateManager.java:335)
12-08 10:35:14.037 11395 11395 W System.err: 	at androidx.fragment.app.FragmentStore.moveToExpectedState(FragmentStore.java:113)
12-08 10:35:14.037 11395 11395 W System.err: 	at androidx.fragment.app.FragmentManager.moveToState(FragmentManager.java:1374)
12-08 10:35:14.037 11395 11395 W System.err: 	at androidx.fragment.app.FragmentManager.dispatchStateChange(FragmentManager.java:2841)
12-08 10:35:14.037 11395 11395 W System.err: 	at androidx.fragment.app.FragmentManager.dispatchDestroy(FragmentManager.java:2820)
12-08 10:35:14.037 11395 11395 W System.err: 	at androidx.fragment.app.Fragment.performDestroy(Fragment.java:3246)
12-08 10:35:14.037 11395 11395 W System.err: 	at androidx.fragment.app.FragmentStateManager.destroy(FragmentStateManager.java:780)
12-08 10:35:14.037 11395 11395 W System.err: 	at androidx.fragment.app.FragmentStateManager.moveToExpectedState(FragmentStateManager.java:335)
12-08 10:35:14.037 11395 11395 W System.err: 	at androidx.fragment.app.SpecialEffectsController$FragmentStateManagerOperation.complete(SpecialEffectsController.java:771)
12-08 10:35:14.037 11395 11395 W System.err: 	at androidx.fragment.app.SpecialEffectsController$Operation.cancel(SpecialEffectsController.java:615)
12-08 10:35:14.037 11395 11395 W System.err: 	at androidx.fragment.app.SpecialEffectsController.forceCompleteAllOperations(SpecialEffectsController.java:350)
12-08 10:35:14.037 11395 11395 W System.err: 	at androidx.fragment.app.FragmentManager.dispatchStateChange(FragmentManager.java:2844)
12-08 10:35:14.037 11395 11395 W System.err: 	at androidx.fragment.app.FragmentManager.dispatchDestroy(FragmentManager.java:2820)
12-08 10:35:14.037 11395 11395 W System.err: 	at androidx.fragment.app.FragmentController.dispatchDestroy(FragmentController.java:345)
12-08 10:35:14.037 11395 11395 W System.err: 	at androidx.fragment.app.FragmentActivity.onDestroy(FragmentActivity.java:306)
12-08 10:35:14.037 11395 11395 W System.err: 	at androidx.appcompat.app.AppCompatActivity.onDestroy(AppCompatActivity.java:278)
12-08 10:35:14.037 11395 11395 W System.err: 	at android.app.Activity.performDestroy(Activity.java:8048)
12-08 10:35:14.037 11395 11395 W System.err: 	at android.app.Instrumentation.callActivityOnDestroy(Instrumentation.java:1334)
12-08 10:35:14.037 11395 11395 W System.err: 	at androidx.test.runner.MonitoringInstrumentation.callActivityOnDestroy(MonitoringInstrumentation.java:766)
12-08 10:35:14.037 11395 11395 W System.err: 	at android.app.ActivityThread.performDestroyActivity(ActivityThread.java:4926)
12-08 10:35:14.037 11395 11395 W System.err: 	at android.app.ActivityThread.handleDestroyActivity(ActivityThread.java:4970)
12-08 10:35:14.037 11395 11395 W System.err: 	at android.app.servertransaction.DestroyActivityItem.execute(DestroyActivityItem.java:44)
12-08 10:35:14.037 11395 11395 W System.err: 	at android.app.servertransaction.TransactionExecutor.executeLifecycleState(TransactionExecutor.java:176)
12-08 10:35:14.037 11395 11395 W System.err: 	at android.app.servertransaction.TransactionExecutor.execute(TransactionExecutor.java:97)
12-08 10:35:14.038 11395 11395 W System.err: 	at android.app.ActivityThread$H.handleMessage(ActivityThread.java:2016)
12-08 10:35:14.038 11395 11395 W System.err: 	at android.os.Handler.dispatchMessage(Handler.java:107)
12-08 10:35:14.038 11395 11395 W System.err: 	at android.os.Looper.loop(Looper.java:214)
12-08 10:35:14.038 11395 11395 W System.err: 	at android.app.ActivityThread.main(ActivityThread.java:7356)
12-08 10:35:14.038 11395 11395 W System.err: 	at java.lang.reflect.Method.invoke(Native Method)
12-08 10:35:14.038 11395 11395 W System.err: 	at com.android.internal.os.RuntimeInit$MethodAndArgsCaller.run(RuntimeInit.java:492)
12-08 10:35:14.038 11395 11395 W System.err: 	at com.android.internal.os.ZygoteInit.main(ZygoteInit.java:930)
12-08 10:35:14.052  1776  1825 D gralloc_ranchu: gralloc_alloc: Creating ashmem region of size 10108928
12-08 10:35:14.064  8344  8376 D EGL_emulation: eglMakeCurrent: 0xe59ed1c0: ver 2 0 (tinfo 0xe59d9f10)
12-08 10:35:14.075 11395 11395 W System.err: ru.iteco.fmhandroid.exceptions.UnknownException
12-08 10:35:14.075 11395 11395 W System.err: 	at ru.iteco.fmhandroid.utils.Utils.makeRequest(Utils.kt:123)
12-08 10:35:14.075 11395 11395 W System.err: 	at ru.iteco.fmhandroid.utils.Utils$makeRequest$1.invokeSuspend(Unknown Source:15)
12-08 10:35:14.075 11395 11395 W System.err: 	at kotlin.coroutines.jvm.internal.BaseContinuationImpl.resumeWith(ContinuationImpl.kt:33)
12-08 10:35:14.075 11395 11395 W System.err: 	at kotlinx.coroutines.DispatchedTaskKt.resume(DispatchedTask.kt:234)
12-08 10:35:14.075 11395 11395 W System.err: 	at kotlinx.coroutines.DispatchedTaskKt.resumeUnconfined(DispatchedTask.kt:190)
12-08 10:35:14.076 11395 11395 W System.err: 	at kotlinx.coroutines.DispatchedTaskKt.dispatch(DispatchedTask.kt:161)
12-08 10:35:14.076 11395 11395 W System.err: 	at kotlinx.coroutines.CancellableContinuationImpl.dispatchResume(CancellableContinuationImpl.kt:397)
12-08 10:35:14.076 11395 11395 W System.err: 	at kotlinx.coroutines.CancellableContinuationImpl.cancel(CancellableContinuationImpl.kt:183)
12-08 10:35:14.076 11395 11395 W System.err: 	at kotlinx.coroutines.CancellableContinuationImpl.parentCancelled$kotlinx_coroutines_core(CancellableContinuationImpl.kt:190)
12-08 10:35:14.076 11395 11395 W System.err: 	at kotlinx.coroutines.ChildContinuation.invoke(JobSupport.kt:1474)
12-08 10:35:14.076 11395 11395 W System.err: 	at kotlinx.coroutines.JobSupport.notifyCancelling(JobSupport.kt:1499)
12-08 10:35:14.076 11395 11395 W System.err: 	at kotlinx.coroutines.JobSupport.tryMakeCancelling(JobSupport.kt:795)
12-08 10:35:14.076 11395 11395 W System.err: 	at kotlinx.coroutines.JobSupport.makeCancelling(JobSupport.kt:755)
12-08 10:35:14.076 11395 11395 W System.err: 	at kotlinx.coroutines.JobSupport.cancelImpl$kotlinx_coroutines_core(JobSupport.kt:671)
12-08 10:35:14.076 11395 11395 W System.err: 	at kotlinx.coroutines.JobSupport.parentCancelled(JobSupport.kt:637)
12-08 10:35:14.076 11395 11395 W System.err: 	at kotlinx.coroutines.ChildHandleNode.invoke(JobSupport.kt:1465)
12-08 10:35:14.076 11395 11395 W System.err: 	at kotlinx.coroutines.JobSupport.notifyCancelling(JobSupport.kt:1499)
12-08 10:35:14.076 11395 11395 W System.err: 	at kotlinx.coroutines.JobSupport.tryMakeCompletingSlowPath(JobSupport.kt:900)
12-08 10:35:14.076 11395 11395 W System.err: 	at kotlinx.coroutines.JobSupport.tryMakeCompleting(JobSupport.kt:863)
12-08 10:35:14.076 11395 11395 W System.err: 	at kotlinx.coroutines.JobSupport.cancelMakeCompleting(JobSupport.kt:696)
12-08 10:35:14.076 11395 11395 W System.err: 	at kotlinx.coroutines.JobSupport.cancelImpl$kotlinx_coroutines_core(JobSupport.kt:667)
12-08 10:35:14.077 11395 11395 W System.err: 	at kotlinx.coroutines.JobSupport.cancelInternal(JobSupport.kt:632)
12-08 10:35:14.077 11395 11395 W System.err: 	at kotlinx.coroutines.JobSupport.cancel(JobSupport.kt:617)
12-08 10:35:14.077 11395 11395 W System.err: 	at kotlinx.coroutines.JobKt__JobKt.cancel(Job.kt:561)
12-08 10:35:14.077 11395 11395 W System.err: 	at kotlinx.coroutines.JobKt.cancel(Unknown Source:1)
12-08 10:35:14.077 11395 11395 W System.err: 	at kotlinx.coroutines.JobKt__JobKt.cancel$default(Job.kt:560)
12-08 10:35:14.077 11395 11395 W System.err: 	at kotlinx.coroutines.JobKt.cancel$default(Unknown Source:1)
12-08 10:35:14.077 11395 11395 W System.err: 	at androidx.lifecycle.CloseableCoroutineScope.close(ViewModel.kt:51)
12-08 10:35:14.077 11395 11395 W System.err: 	at androidx.lifecycle.ViewModel.closeWithRuntimeException(ViewModel.java:188)
12-08 10:35:14.077 11395 11395 W System.err: 	at androidx.lifecycle.ViewModel.clear(ViewModel.java:134)
12-08 10:35:14.077 11395 11395 W System.err: 	at androidx.lifecycle.ViewModelStore.clear(ViewModelStore.java:62)
12-08 10:35:14.077 11395 11395 W System.err: 	at androidx.fragment.app.FragmentManagerViewModel.clearNonConfigStateInternal(FragmentManagerViewModel.java:210)
12-08 10:35:14.077 11395 11395 W System.err: 	at androidx.fragment.app.FragmentManagerViewModel.clearNonConfigState(FragmentManagerViewModel.java:190)
12-08 10:35:14.077 11395 11395 W System.err: 	at androidx.fragment.app.FragmentStateManager.destroy(FragmentStateManager.java:778)
12-08 10:35:14.077 11395 11395 W System.err: 	at androidx.fragment.app.FragmentStateManager.moveToExpectedState(FragmentStateManager.java:335)
12-08 10:35:14.083 11395 11395 W System.err: 	at androidx.fragment.app.FragmentStore.moveToExpectedState(FragmentStore.java:113)
12-08 10:35:14.083 11395 11395 W System.err: 	at androidx.fragment.app.FragmentManager.moveToState(FragmentManager.java:1374)
12-08 10:35:14.083 11395 11395 W System.err: 	at androidx.fragment.app.FragmentManager.dispatchStateChange(FragmentManager.java:2841)
12-08 10:35:14.083 11395 11395 W System.err: 	at androidx.fragment.app.FragmentManager.dispatchDestroy(FragmentManager.java:2820)
12-08 10:35:14.083 11395 11395 W System.err: 	at androidx.fragment.app.Fragment.performDestroy(Fragment.java:3246)
12-08 10:35:14.083 11395 11395 W System.err: 	at androidx.fragment.app.FragmentStateManager.destroy(FragmentStateManager.java:780)
12-08 10:35:14.083 11395 11395 W System.err: 	at androidx.fragment.app.FragmentStateManager.moveToExpectedState(FragmentStateManager.java:335)
12-08 10:35:14.083 11395 11395 W System.err: 	at androidx.fragment.app.SpecialEffectsController$FragmentStateManagerOperation.complete(SpecialEffectsController.java:771)
12-08 10:35:14.083 11395 11395 W System.err: 	at androidx.fragment.app.SpecialEffectsController$Operation.cancel(SpecialEffectsController.java:615)
12-08 10:35:14.083 11395 11395 W System.err: 	at androidx.fragment.app.SpecialEffectsController.forceCompleteAllOperations(SpecialEffectsController.java:350)
12-08 10:35:14.084 11395 11395 W System.err: 	at androidx.fragment.app.FragmentManager.dispatchStateChange(FragmentManager.java:2844)
12-08 10:35:14.084 11395 11395 W System.err: 	at androidx.fragment.app.FragmentManager.dispatchDestroy(FragmentManager.java:2820)
12-08 10:35:14.084 11395 11395 W System.err: 	at androidx.fragment.app.FragmentController.dispatchDestroy(FragmentController.java:345)
12-08 10:35:14.084 11395 11395 W System.err: 	at androidx.fragment.app.FragmentActivity.onDestroy(FragmentActivity.java:306)
12-08 10:35:14.084 11395 11395 W System.err: 	at androidx.appcompat.app.AppCompatActivity.onDestroy(AppCompatActivity.java:278)
12-08 10:35:14.084 11395 11395 W System.err: 	at android.app.Activity.performDestroy(Activity.java:8048)
12-08 10:35:14.084 11395 11395 W System.err: 	at android.app.Instrumentation.callActivityOnDestroy(Instrumentation.java:1334)
12-08 10:35:14.084 11395 11395 W System.err: 	at androidx.test.runner.MonitoringInstrumentation.callActivityOnDestroy(MonitoringInstrumentation.java:766)
12-08 10:35:14.084 11395 11395 W System.err: 	at android.app.ActivityThread.performDestroyActivity(ActivityThread.java:4926)
12-08 10:35:14.084 11395 11395 W System.err: 	at android.app.ActivityThread.handleDestroyActivity(ActivityThread.java:4970)
12-08 10:35:14.084 11395 11395 W System.err: 	at android.app.servertransaction.DestroyActivityItem.execute(DestroyActivityItem.java:44)
12-08 10:35:14.084 11395 11395 W System.err: 	at android.app.servertransaction.TransactionExecutor.executeLifecycleState(TransactionExecutor.java:176)
12-08 10:35:14.084 11395 11395 W System.err: 	at android.app.servertransaction.TransactionExecutor.execute(TransactionExecutor.java:97)
12-08 10:35:14.084 11395 11395 W System.err: 	at android.app.ActivityThread$H.handleMessage(ActivityThread.java:2016)
12-08 10:35:14.084 11395 11395 W System.err: 	at android.os.Handler.dispatchMessage(Handler.java:107)
12-08 10:35:14.084 11395 11395 W System.err: 	at android.os.Looper.loop(Looper.java:214)
12-08 10:35:14.084 11395 11395 W System.err: 	at android.app.ActivityThread.main(ActivityThread.java:7356)
12-08 10:35:14.084 11395 11395 W System.err: 	at java.lang.reflect.Method.invoke(Native Method)
12-08 10:35:14.084 11395 11395 W System.err: 	at com.android.internal.os.RuntimeInit$MethodAndArgsCaller.run(RuntimeInit.java:492)
12-08 10:35:14.084 11395 11395 W System.err: 	at com.android.internal.os.ZygoteInit.main(ZygoteInit.java:930)
12-08 10:35:14.094 11395 11395 D LifecycleMonitor: Lifecycle status change: ru.iteco.fmhandroid.ui.AppActivity@bb4421d in: DESTROYED
12-08 10:35:14.094 11395 11395 V ActivityScenario: Update currentActivityStage to DESTROYED, currentActivity=null
12-08 10:35:14.100  1776  1825 D gralloc_ranchu: gralloc_alloc: Creating ashmem region of size 10108928
12-08 10:35:14.129  8437  8470 D EGL_emulation: eglCreateContext: 0xe593d240: maj 2 min 0 rcv 2
12-08 10:35:14.131  8437  8470 D EGL_emulation: eglMakeCurrent: 0xe593d240: ver 2 0 (tinfo 0xf0cc0670)
12-08 10:35:14.182  8437  8470 E chromium: [ERROR:gl_surface_egl.cc(342)] eglChooseConfig failed with error EGL_SUCCESS
12-08 10:35:14.186  1776  1825 D gralloc_ranchu: gralloc_alloc: Creating ashmem region of size 9256960
12-08 10:35:14.226  8437  8470 D EGL_emulation: eglCreateContext: 0xf0c7ef80: maj 2 min 0 rcv 2
12-08 10:35:14.230  8437  8470 D EGL_emulation: eglMakeCurrent: 0xf0c7ef80: ver 2 0 (tinfo 0xf0cc0670)
12-08 10:35:14.246  1776  1825 D gralloc_ranchu: gralloc_alloc: Creating ashmem region of size 10108928
12-08 10:35:14.263  8437  8470 D EGL_emulation: eglMakeCurrent: 0xe593d240: ver 2 0 (tinfo 0xf0cc0670)
12-08 10:35:14.266  8437  8470 D EGL_emulation: eglMakeCurrent: 0xf0c7ef80: ver 2 0 (tinfo 0xf0cc0670)
12-08 10:35:14.288  8437  8470 D EGL_emulation: eglMakeCurrent: 0xe59eb0c0: ver 2 0 (tinfo 0xf0cc0670)
12-08 10:35:14.301  8437  8470 D EGL_emulation: eglMakeCurrent: 0xf0c7ef80: ver 2 0 (tinfo 0xf0cc0670)
12-08 10:35:14.316 11395 11440 E TestRunner: failed: shouldOpenTheClaimCard(ru.iteco.fmhandroid.ui.ClaimsPageTest)
12-08 10:35:14.316 11395 11440 E TestRunner: ----- begin exception -----
