12-08 10:19:35.167 10347 10474 I okhttp.OkHttpClient: fc4a151448f","description":"Срочно позвонить! Сроки подходят","creatorId":2,"executorId":2,"createDate":1669494554,"planExecuteDate":1669494540,"factExecuteDate":null,"status":"IN_PROGRESS","creatorName":"Иванов Данил Данилович","executorName":"Иванов Данил Данилович"},{"id":2134,"title":"NewP becce974-fcac-42c4-a7de-d9c439928132","description":"Срочно позвонить! Сроки подходят","creatorId":2,"executorId":2,"createDate":1669494574,"planExecuteDate":1669494540,"factExecuteDate":1669494576816,"status":"EXECUTED","creatorName":"Иванов Данил Данилович","executorName":"Иванов Данил Данилович"},{"id":2135,"title":"NewO bd6631fb-64d1-49c5-888d-2c02d8e6172a","description":"Кому нибудь срочно позвонить! Сроки подходят!","creatorId":2,"executorId":2,"createDate":1669494600,"planExecuteDate":1669494540,"factExecuteDate":null,"status":"IN_PROGRESS","creatorName":"Иванов Данил Данилович","executorName":"Иванов Данил Данилович"},{"id":2136,"title":"NewP 87544c41-9698-4a26-8c1e-9cfa2942f7b8","description":"Срочно позвонить! Сроки подходят","creatorId":2,"executorId":2,"createDate":1669494615,"planExecuteDate":1669494600,"factExecuteDate":null,"status":"IN_PROGRESS","creatorName":"Иванов Данил Данилович","executorName":"Иванов Данил Данил��вич"},{"id":2137,"title":"Редактирование b805d2e2-049f-48f7-8884","description":"Кому нибудь срочно позвонить! Сроки подходят!","creatorId":2,"executorId":null,"createDate":1669494632,"planExecuteDate":1669494600,"factExecuteDate":null,"status":"OPEN","creatorName":"Иванов Данил Данилович","executorName":null},{"id":2138,"title":"NewP f7d5e40c-5542-468c-ab3f-12ea9db1142f","description":"Срочно позвонить! Сроки подходят","creatorId":2,"executorId":2,"createDate":1669494648,"planExecuteDate":1669494600,"factExecuteDate":null,"status":"IN_PROGRESS","creatorName":"Иванов Данил Данилович","executorName":"Иванов Данил Данилович"},{"id":2139,"title":"NewO bfea8d2d-ed8e-4c85-a7d6-5997e8164e5d","description":"Кому нибудь срочно позвонить! Сроки подходят!","creatorId":2,"executorId":null,"createDate":1669494668,"planExecuteDate":1669494660,"factExecuteDate":null,"status":"OPEN","creatorName":"Иванов Данил Данилович","executorName":null},{"id":2140,"title":"NewP 60eece30-dc28-489a-a9ba-586c8cecac87","description":"Срочно позвонить! Сроки подходят","creatorId":2,"executorId":2,"createDate":1669495016,"planExecuteDate":1669494960,"factExecuteDate":null,"status":"IN_PROGRESS","creatorName":"Иванов Данил Данилович","executorName":"Иванов Данил Данилович"},{"id":2141,"title":"NewP eabf7a3a-f1db-4f26-bbd8-c458ca761428","description":"Срочно позвонить! Сроки подходят","creatorId":2,"executorId":2,"createDate":1669495036,"planExecuteDate":1669495020,"factExecuteDate":1669495039280,"status":"EXECUTED","creatorName":"Иванов Данил Данилович","executorName":"Иванов Данил Данилович"},{"id":2142,"title":"NewO 4d9ad5a7-b5f2-46a4-8646-e3492bd0daf4","description":"Кому нибудь срочно позвонить! Сроки подходят!","creatorId":2,"executorId":2,"createDate":1669495063,"planExecuteDate":1669495020,"factExecuteDate":null,"status":"IN_PROGRESS","creatorName":"Иванов Данил Данилович","executorName":"Иванов Данил Данилович"},{"id":2143,"title":"NewP 2d9cdd23-1cd2-4552-bd30-d8d4adc3f002","description":"Срочно позвонить! Сроки подходят","creatorId":2,"executorId":2,"createDate":1669495
12-08 10:19:35.392 10347 10347 I ViewInteraction: Performing 'wait for a specific view with <is assignable from class <class android.widget.DatePicker>> during 10000 millis.' action on view view.getRootView() to equal view
12-08 10:19:35.397 10347 10347 I ViewInteraction: Checking 'MatchesViewAssertion{viewMatcher=(view has effective visibility <VISIBLE> and view.getGlobalVisibleRect() to return non-empty rectangle)}' assertion on view is assignable from class <class android.widget.DatePicker>
12-08 10:19:35.402 10347 10347 I ViewInteraction: Performing 'wait for a specific view with <is assignable from class <class android.widget.DatePicker>> during 10000 millis.' action on view view.getRootView() to equal view
12-08 10:19:35.409 10347 10347 I ViewInteraction: Performing 'set date' action on view is assignable from class <class android.widget.DatePicker>
12-08 10:19:35.471 10347 10347 I ViewInteraction: Performing 'wait for a specific view with <view.getId() is <16908313/android:id/button1>> during 10000 millis.' action on view view.getRootView() to equal view
12-08 10:19:35.476 10347 10347 I ViewInteraction: Performing 'single click' action on view view.getId() is <16908313/android:id/button1>
12-08 10:19:35.514 10347 10360 I teco.fmhandroi: Background young concurrent copying GC freed 85372(3750KB) AllocSpace objects, 4(5764KB) LOS objects, 25% free, 17MB/23MB, paused 1.358ms total 156.494ms
12-08 10:19:35.566 10347 10438 D EGL_emulation: eglMakeCurrent: 0xe593e800: ver 2 0 (tinfo 0xf0cc0350)
12-08 10:19:35.580  2018  2340 E InputDispatcher: Window handle Window{8547eb7 u0 ru.iteco.fmhandroid/ru.iteco.fmhandroid.ui.AppActivity} has no registered input channel
12-08 10:19:35.619 10347 10438 D EGL_emulation: eglMakeCurrent: 0xe593e800: ver 2 0 (tinfo 0xf0cc0350)
12-08 10:19:35.976 10347 10347 I ViewInteraction: Performing 'wait for a specific view with <(an instance of android.widget.TextView and view.getHint() matching: is "Time" and view.getParent() view.getParent() view.getId() is <2131231399/ru.iteco.fmhandroid:id/time_in_plan_text_input_layout>)> during 10000 millis.' action on view view.getRootView() to equal view
12-08 10:19:35.985 10347 10347 I ViewInteraction: Performing 'single click' action on view (an instance of android.widget.TextView and view.getHint() matching: is "Time" and view.getParent() view.getParent() view.getId() is <2131231399/ru.iteco.fmhandroid:id/time_in_plan_text_input_layout>)
12-08 10:19:36.245  1776  1927 D gralloc_ranchu: gralloc_alloc: Creating ashmem region of size 5718016
12-08 10:19:36.255  1776  1927 I chatty  : uid=1000(system) HwBinder:1776_3 identical 1 line
12-08 10:19:36.256  1776  1927 D gralloc_ranchu: gralloc_alloc: Creating ashmem region of size 5718016
12-08 10:19:36.272 10347 10438 D EGL_emulation: eglMakeCurrent: 0xe593e800: ver 2 0 (tinfo 0xf0cc0350)
12-08 10:19:36.340 10347 10438 I chatty  : uid=10146(ru.iteco.fmhandroid) RenderThread identical 2 lines
12-08 10:19:36.446 10347 10438 D EGL_emulation: eglMakeCurrent: 0xe593e800: ver 2 0 (tinfo 0xf0cc0350)
12-08 10:19:36.677 10347 10347 I ViewInteraction: Performing 'wait for a specific view with <is assignable from class <class android.widget.TimePicker>> during 10000 millis.' action on view view.getRootView() to equal view
12-08 10:19:36.688 10347 10347 I ViewInteraction: Checking 'MatchesViewAssertion{viewMatcher=(view has effective visibility <VISIBLE> and view.getGlobalVisibleRect() to return non-empty rectangle)}' assertion on view is assignable from class <class android.widget.TimePicker>
12-08 10:19:36.694 10347 10347 I ViewInteraction: Performing 'wait for a specific view with <is assignable from class <class android.widget.TimePicker>> during 10000 millis.' action on view view.getRootView() to equal view
12-08 10:19:36.699 10347 10347 I ViewInteraction: Performing 'set time' action on view is assignable from class <class android.widget.TimePicker>
12-08 10:19:36.705 10347 10347 I ViewInteraction: Performing 'wait for a specific view with <view.getId() is <16908313/android:id/button1>> during 10000 millis.' action on view view.getRootView() to equal view
12-08 10:19:36.710 10347 10347 I ViewInteraction: Performing 'single click' action on view view.getId() is <16908313/android:id/button1>
12-08 10:19:36.766 10347 10438 D EGL_emulation: eglMakeCurrent: 0xe593e800: ver 2 0 (tinfo 0xf0cc0350)
12-08 10:19:36.792 10347 10438 D EGL_emulation: eglMakeCurrent: 0xe593e800: ver 2 0 (tinfo 0xf0cc0350)
12-08 10:19:36.815  2018  2340 E InputDispatcher: Window handle Window{273edc0 u0 ru.iteco.fmhandroid/ru.iteco.fmhandroid.ui.AppActivity} has no registered input channel
12-08 10:19:36.827 10347 10438 D EGL_emulation: eglMakeCurrent: 0xe593e800: ver 2 0 (tinfo 0xf0cc0350)
12-08 10:19:37.015 10347 10360 I teco.fmhandroi: Background young concurrent copying GC freed 96675(4286KB) AllocSpace objects, 7(140KB) LOS objects, 11% free, 20MB/23MB, paused 4.152ms total 157.811ms
12-08 10:19:37.258 10347 10347 I ViewInteraction: Performing 'wait for a specific view with <(an instance of android.widget.TextView and view.getHint() matching: is "Description" and view.getParent() view.getParent() view.getId() is <2131230988/ru.iteco.fmhandroid:id/description_text_input_layout>)> during 10000 millis.' action on view view.getRootView() to equal view
12-08 10:19:37.264 10347 10347 I ViewInteraction: Performing 'replace text(Описание 3b0f8745-d7a3-4920-a47c-787e322612ae)' action on view (an instance of android.widget.TextView and view.getHint() matching: is "Description" and view.getParent() view.getParent() view.getId() is <2131230988/ru.iteco.fmhandroid:id/description_text_input_layout>)
12-08 10:19:37.313 10347 10347 I ViewInteraction: Performing 'wait for a specific view with <view.getId() is <2131231291/ru.iteco.fmhandroid:id/save_button>> during 10000 millis.' action on view view.getRootView() to equal view
12-08 10:19:37.325 10347 10347 I ViewInteraction: Performing 'single click' action on view view.getId() is <2131231291/ru.iteco.fmhandroid:id/save_button>
12-08 10:19:37.409 10347 10474 I okhttp.OkHttpClient: --> POST http://www.981757-ca08998.tmweb.ru:8080/fmh/claims
12-08 10:19:37.409 10347 10474 I okhttp.OkHttpClient: Content-Type: application/json; charset=UTF-8
12-08 10:19:37.409 10347 10474 I okhttp.OkHttpClient: Content-Length: 294
12-08 10:19:37.410 10347 10474 I okhttp.OkHttpClient: {"createDate":1670494777,"creatorId":2,"creatorName":"Иванов Данил Данилович","description":"Описание 3b0f8745-d7a3-4920-a47c-787e322612ae","executorId":2,"planExecuteDate":1681553940,"status":"OPEN","title":"Заголовок 2cd58846-c526-4b96-98a6-a08a5ed8ba32"}
12-08 10:19:37.410 10347 10474 I okhttp.OkHttpClient: --> END POST (294-byte body)
12-08 10:19:37.541 10347 10474 I okhttp.OkHttpClient: <-- 200 http://www.981757-ca08998.tmweb.ru:8080/fmh/claims (130ms)
12-08 10:19:37.541 10347 10474 I okhttp.OkHttpClient: Vary: Origin
12-08 10:19:37.541 10347 10474 I okhttp.OkHttpClient: Vary: Access-Control-Request-Method
12-08 10:19:37.541 10347 10474 I okhttp.OkHttpClient: Vary: Access-Control-Request-Headers
12-08 10:19:37.541 10347 10474 I okhttp.OkHttpClient: X-Content-Type-Options: nosniff
12-08 10:19:37.541 10347 10474 I okhttp.OkHttpClient: X-XSS-Protection: 1; mode=block
12-08 10:19:37.541 10347 10474 I okhttp.OkHttpClient: Cache-Control: no-cache, no-store, max-age=0, must-revalidate
12-08 10:19:37.541 10347 10474 I okhttp.OkHttpClient: Pragma: no-cache
12-08 10:19:37.542 10347 10474 I okhttp.OkHttpClient: Expires: 0
12-08 10:19:37.542 10347 10474 I okhttp.OkHttpClient: X-Frame-Options: DENY
12-08 10:19:37.542 10347 10474 I okhttp.OkHttpClient: Content-Type: application/json
12-08 10:19:37.542 10347 10474 I okhttp.OkHttpClient: Transfer-Encoding: chunked
12-08 10:19:37.542 10347 10474 I okhttp.OkHttpClient: Date: Thu, 08 Dec 2022 10:20:22 GMT
12-08 10:19:37.542 10347 10474 I okhttp.OkHttpClient: Keep-Alive: timeout=60
12-08 10:19:37.542 10347 10474 I okhttp.OkHttpClient: Connection: keep-alive
12-08 10:19:37.542 10347 10474 I okhttp.OkHttpClient: {"id":2724,"title":"Заголовок 2cd58846-c526-4b96-98a6-a08a5ed8ba32","description":"Описание 3b0f8745-d7a3-4920-a47c-787e322612ae","creatorId":2,"executorId":2,"createDate":1670494777,"planExecuteDate":1681553940,"factExecuteDate":null,"status":"IN_PROGRESS","creatorName":"Иванов Данил Данилович","executorName":"Иванов Данил Данилович"}
12-08 10:19:37.543 10347 10474 I okhttp.OkHttpClient: <-- END HTTP (394-byte body)
12-08 10:19:37.739 10347 10347 I ViewInteraction: Performing 'wait for a specific view with <view.getId() is <2131230916>> during 10000 millis.' action on view view.getRootView() to equal view
12-08 10:19:37.746 10347 10347 I ViewInteraction: Checking 'MatchesViewAssertion{viewMatcher=(view has effective visibility <VISIBLE> and view.getGlobalVisibleRect() to return non-empty rectangle)}' assertion on view view.getId() is <2131230916/ru.iteco.fmhandroid:id/claim_list_recycler_view>
12-08 10:19:37.757 10347 10347 I ViewInteraction: Performing 'scroll RecyclerView to: holder with view: (view is an instance of android.view.ViewGroup and has descendant matching an instance of android.widget.TextView and view.getText() with or without transformation to match: is "Заголовок 2cd58846-c526-4b96-98a6-a08a5ed8ba32")' action on view view.getId() is <2131230916/ru.iteco.fmhandroid:id/claim_list_recycler_view>
12-08 10:19:37.768 10347 10347 D takeScreenshot: Found 1 global views to redraw
12-08 10:19:37.819  1776  1927 D gralloc_ranchu: gralloc_alloc: Creating ashmem region of size 10108928
12-08 10:19:37.927 10347 10392 W DefaultFailureHandler: Failed to take screenshot
12-08 10:19:37.927 10347 10392 W DefaultFailureHandler: java.io.FileNotFoundException: view-op-error-2.png: open failed: EROFS (Read-only file system)
12-08 10:19:37.927 10347 10392 W DefaultFailureHandler: 	at libcore.io.IoBridge.open(IoBridge.java:496)
12-08 10:19:37.927 10347 10392 W DefaultFailureHandler: 	at java.io.FileOutputStream.<init>(FileOutputStream.java:235)
12-08 10:19:37.927 10347 10392 W DefaultFailureHandler: 	at java.io.FileOutputStream.<init>(FileOutputStream.java:125)
12-08 10:19:37.927 10347 10392 W DefaultFailureHandler: 	at androidx.test.platform.io.FileTestStorage.openOutputFile(FileTestStorage.java:60)
12-08 10:19:37.927 10347 10392 W DefaultFailureHandler: 	at androidx.test.core.graphics.BitmapStorage.writeToTestStorage(BitmapStorageExt.kt:49)
12-08 10:19:37.927 10347 10392 W DefaultFailureHandler: 	at androidx.test.espresso.base.DefaultFailureHandler.takeScreenshot(DefaultFailureHandler.java:4)
12-08 10:19:37.927 10347 10392 W DefaultFailureHandler: 	at androidx.test.espresso.base.DefaultFailureHandler.handle(DefaultFailureHandler.java:3)
12-08 10:19:37.927 10347 10392 W DefaultFailureHandler: 	at androidx.test.espresso.ViewInteraction.waitForAndHandleInteractionResults(ViewInteraction.java:8)
12-08 10:19:37.927 10347 10392 W DefaultFailureHandler: 	at androidx.test.espresso.ViewInteraction.desugaredPerform(ViewInteraction.java:11)
12-08 10:19:37.927 10347 10392 W DefaultFailureHandler: 	at androidx.test.espresso.ViewInteraction.perform(ViewInteraction.java:8)
12-08 10:19:37.927 10347 10392 W DefaultFailureHandler: 	at ru.iteco.fmhandroid.ui.steps.ClaimsPageSteps.scrollToElementInRecyclerList(ClaimsPageSteps.java:127)
12-08 10:19:37.927 10347 10392 W DefaultFailureHandler: 	at ru.iteco.fmhandroid.ui.steps.ClaimsPageSteps.openClaimCard(ClaimsPageSteps.java:150)
12-08 10:19:37.927 10347 10392 W DefaultFailureHandler: 	at ru.iteco.fmhandroid.ui.steps.CreatingClaimsSteps.createClaim(CreatingClaimsSteps.java:118)
12-08 10:19:37.927 10347 10392 W DefaultFailureHandler: 	at ru.iteco.fmhandroid.ui.steps.CreatingClaimsSteps.createClaims(CreatingClaimsSteps.java:131)
12-08 10:19:37.927 10347 10392 W DefaultFailureHandler: 	at ru.iteco.fmhandroid.ui.FilterClaimsPageTest.shouldFilterClaimsWithStatusOpenAndOpenAndCanceled(FilterClaimsPageTest.java:274)
12-08 10:19:37.927 10347 10392 W DefaultFailureHandler: 	at java.lang.reflect.Method.invoke(Native Method)
12-08 10:19:37.927 10347 10392 W DefaultFailureHandler: 	at org.junit.runners.model.FrameworkMethod$1.runReflectiveCall(FrameworkMethod.java:59)
12-08 10:19:37.927 10347 10392 W DefaultFailureHandler: 	at org.junit.internal.runners.model.ReflectiveCallable.run(ReflectiveCallable.java:12)
12-08 10:19:37.927 10347 10392 W DefaultFailureHandler: 	at org.junit.runners.model.FrameworkMethod.invokeExplosively(FrameworkMethod.java:56)
12-08 10:19:37.927 10347 10392 W DefaultFailureHandler: 	at org.junit.internal.runners.statements.InvokeMethod.evaluate(InvokeMethod.java:17)
12-08 10:19:37.927 10347 10392 W DefaultFailureHandler: 	at androidx.test.internal.runner.junit4.statement.RunBefores.evaluate(RunBefores.java:80)
12-08 10:19:37.927 10347 10392 W DefaultFailureHandler: 	at io.qameta.allure.android.rules.ScreenshotRule$apply$1.evaluate(ScreenshotRule.kt:22)
12-08 10:19:37.927 10347 10392 W DefaultFailureHandler: 	at org.junit.rules.ExternalResource$1.evaluate(ExternalResource.java:54)
12-08 10:19:37.927 10347 10392 W DefaultFailureHandler: 	at io.qameta.allure.android.rules.LogcatRule$apply$1.evaluate(LogcatRule.kt:23)
12-08 10:19:37.927 10347 10392 W DefaultFailureHandler: 	at org.junit.rules.RunRules.evaluate(RunRules.java:20)
12-08 10:19:37.927 10347 10392 W DefaultFailureHandler: 	at org.junit.runners.ParentRunner$3.evaluate(ParentRunner.java:306)
12-08 10:19:37.927 10347 10392 W DefaultFailureHandler: 	at org.junit.runners.BlockJUnit4ClassRunner$1.evaluate(BlockJUnit4ClassRunner.java:100)
12-08 10:19:37.927 10347 10392 W DefaultFailureHandler: 	at org.junit.runners.ParentRunner.runLeaf(ParentRunner.java:366)
12-08 10:19:37.927 10347 10392 W DefaultFailureHandler: 	at org.junit.runners.BlockJUnit4ClassRunner.runChild(BlockJUnit4ClassRunner.java:103)
12-08 10:19:37.927 10347 10392 W DefaultFailureHandler: 	at org.junit.runners.BlockJUnit4ClassRunner.runChild(BlockJUnit4ClassRunner.java:63)
12-08 10:19:37.927 10347 10392 W DefaultFailureHandler: 	at org.junit.runners.ParentRunner$4.run(ParentRunner.java:331)
12-08 10:19:37.927 10347 10392 W DefaultFailureHandler: 	at org.junit.runners.ParentRunner$1.schedule(ParentRunner.java:79)
12-08 10:19:37.927 10347 10392 W DefaultFailureHandler: 	at org.junit.runners.ParentRunner.runChildren(ParentRunner.java:329)
12-08 10:19:37.927 10347 10392 W DefaultFailureHandler: 	at org.junit.runners.ParentRunner.access$100(ParentRunner.java:66)
12-08 10:19:37.927 10347 10392 W DefaultFailureHandler: 	at org.junit.runners.ParentRunner$2.evaluate(ParentRunner.java:293)
12-08 10:19:37.927 10347 10392 W DefaultFailureHandler: 	at org.junit.runners.ParentRunner$3.evaluate(ParentRunner.java:306)
12-08 10:19:37.927 10347 10392 W DefaultFailureHandler: 	at org.junit.runners.ParentRunner.run(ParentRunner.java:413)
12-08 10:19:37.927 10347 10392 W DefaultFailureHandler: 	at androidx.test.ext.junit.runners.AndroidJUnit4.run(AndroidJUnit4.java:162)
12-08 10:19:37.927 10347 10392 W DefaultFailureHandler: 	at io.qameta.allure.android.runners.AllureAndroidJUnit4.run(AllureAndroidJUnitRunners.kt:29)
12-08 10:19:37.927 10347 10392 W DefaultFailureHandler: 	at org.junit.runners.Suite.runChild(Suite.java:128)
12-08 10:19:37.927 10347 10392 W DefaultFailureHandler: 	at org.junit.runners.Suite.runChild(Suite.java:27)
12-08 10:19:37.927 10347 10392 W DefaultFailureHandler: 	at org.junit.runners.ParentRunner$4.run(ParentRunner.java:331)
12-08 10:19:37.927 10347 10392 W DefaultFailureHandler: 	at org.junit.runners.ParentRunner$1.schedule(ParentRunner.java:79)
12-08 10:19:37.927 10347 10392 W DefaultFailureHandler: 	at org.junit.runners.ParentRunner.runChildren(ParentRunner.java:329)
12-08 10:19:37.927 10347 10392 W DefaultFailureHandler: 	at org.junit.runners.ParentRunner.access$100(ParentRunner.java:66)
12-08 10:19:37.927 10347 10392 W DefaultFailureHandler: 	at org.junit.runners.ParentRunner$2.evaluate(ParentRunner.java:293)
12-08 10:19:37.927 10347 10392 W DefaultFailureHandler: 	at org.junit.runners.ParentRunner$3.evaluate(ParentRunner.java:306)
12-08 10:19:37.927 10347 10392 W DefaultFailureHandler: 	at org.junit.runners.ParentRunner.run(ParentRunner.java:413)
12-08 10:19:37.927 10347 10392 W DefaultFailureHandler: 	at org.junit.runner.JUnitCore.run(JUnitCore.java:137)
12-08 10:19:37.927 10347 10392 W DefaultFailureHandler: 	at org.junit.runner.JUnitCore.run(JUnitCore.java:115)
12-08 10:19:37.927 10347 10392 W DefaultFailureHandler: 	at androidx.test.internal.runner.TestExecutor.execute(TestExecutor.java:67)
12-08 10:19:37.927 10347 10392 W DefaultFailureHandler: 	at androidx.test.internal.runner.TestExecutor.execute(TestExecutor.java:58)
12-08 10:19:37.927 10347 10392 W DefaultFailureHandler: 	at androidx.test.runner.AndroidJUnitRunner.onStart(AndroidJUnitRunner.java:438)
12-08 10:19:37.927 10347 10392 W DefaultFailureHandler: 	at android.app.Instrumentation$InstrumentationThread.run(Instrumentation.java:2189)
12-08 10:19:37.927 10347 10392 W DefaultFailureHandler: Caused by: android.system.ErrnoException: open failed: EROFS (Read-only file system)
12-08 10:19:37.927 10347 10392 W DefaultFailureHandler: 	at libcore.io.Linux.open(Native Method)
12-08 10:19:37.927 10347 10392 W DefaultFailureHandler: 	at libcore.io.ForwardingOs.open(ForwardingOs.java:167)
12-08 10:19:37.927 10347 10392 W DefaultFailureHandler: 	at libcore.io.BlockGuardOs.open(BlockGuardOs.java:252)
12-08 10:19:37.927 10347 10392 W DefaultFailureHandler: 	at libcore.io.ForwardingOs.open(ForwardingOs.java:167)
12-08 10:19:37.927 10347 10392 W DefaultFailureHandler: 	at android.app.ActivityThread$AndroidOs.open(ActivityThread.java:7255)
12-08 10:19:37.927 10347 10392 W DefaultFailureHandler: 	at libcore.io.IoBridge.open(IoBridge.java:482)
12-08 10:19:37.927 10347 10392 W DefaultFailureHandler: 	... 53 more
12-08 10:19:37.955  1776  1927 D gralloc_ranchu: gralloc_alloc: Creating ashmem region of size 10108928
12-08 10:19:38.163 10347 10360 I teco.fmhandroi: Background concurrent copying GC freed 177496(9952KB) AllocSpace objects, 2(32KB) LOS objects, 28% free, 15MB/21MB, paused 1.359ms total 338.937ms
12-08 10:19:38.388  2018  5644 I ActivityTaskManager: START u0 {act=android.intent.action.MAIN cat=[android.intent.category.LAUNCHER] flg=0x10000000 cmp=ru.iteco.fmhandroid.test/androidx.test.core.app.InstrumentationActivityInvoker$EmptyActivity} from uid 10146
12-08 10:19:38.416 10347 10347 D LifecycleMonitor: Lifecycle status change: ru.iteco.fmhandroid.ui.AppActivity@4d99d8f in: PAUSED
12-08 10:19:38.416 10347 10347 V ActivityScenario: Update currentActivityStage to PAUSED, currentActivity=ru.iteco.fmhandroid.ui.AppActivity@4d99d8f
12-08 10:19:38.427  2018  5644 W InputReader: Device has associated, but no associated display id.
12-08 10:19:38.434  2018  5644 I chatty  : uid=1000(system) Binder:2018_14 identical 28 lines
12-08 10:19:38.434  2018  5644 W InputReader: Device has associated, but no associated display id.
12-08 10:19:38.435 10347 10386 V FA      : Recording user engagement, ms: 30692
12-08 10:19:38.435  2018  5644 W InputReader: Device has associated, but no associated display id.
12-08 10:19:38.441  2018  5644 I chatty  : uid=1000(system) Binder:2018_14 identical 18 lines
12-08 10:19:38.441  2018  5644 W InputReader: Device has associated, but no associated display id.
12-08 10:19:38.500 10404 10404 W ActivityThread: handleWindowVisibility: no activity for token android.os.BinderProxy@8831977
12-08 10:19:38.518 10347 10386 V FA      : Connecting to remote service
12-08 10:19:38.537 10347 10386 V FA      : Connection attempt already in progress
12-08 10:19:38.537 10347 10386 V FA      : Activity paused, time: 57725462
12-08 10:19:38.566 10347 10386 D FA      : Connected to remote service
12-08 10:19:38.567 10347 10386 V FA      : Processing queued up service tasks: 2
12-08 10:19:38.632  2873 10489 V FA-SVC  : Logging event: origin=auto,name=user_engagement(_e),params=Bundle[{ga_event_origin(_o)=auto, engagement_time_msec(_et)=30692, ga_screen_class(_sc)=AppActivity, ga_screen_id(_si)=5769488962742838979}]
12-08 10:19:38.663  2018  3061 I ActivityTaskManager: START u0 {act=android.intent.action.MAIN cat=[android.intent.category.LAUNCHER] flg=0x10000000 cmp=ru.iteco.fmhandroid.test/androidx.test.core.app.InstrumentationActivityInvoker$EmptyActivity} from uid 10146
12-08 10:19:38.729  2018  5644 W InputReader: Device has associated, but no associated display id.
12-08 10:19:38.740  2018  5644 I chatty  : uid=1000(system) Binder:2018_14 identical 48 lines
12-08 10:19:38.741  2018  5644 W InputReader: Device has associated, but no associated display id.
12-08 10:19:38.751  2873 10489 V FA-SVC  : Upload scheduled in approximately ms: 3005764
12-08 10:19:38.752  2873 10489 V FA-SVC  : Unscheduling upload
12-08 10:19:38.779  2873 10489 V FA-SVC  : Scheduling upload, millis: 3005764
12-08 10:19:38.789 10404 10435 D HostConnection: HostConnection::get() New Host Connection established 0xda28eeb0, tid 10435
12-08 10:19:38.791 10404 10435 D HostConnection: HostComposition ext ANDROID_EMU_CHECKSUM_HELPER_v1 ANDROID_EMU_dma_v1 ANDROID_EMU_direct_mem ANDROID_EMU_host_composition_v1 ANDROID_EMU_host_composition_v2 ANDROID_EMU_vulkan ANDROID_EMU_deferred_vulkan_commands ANDROID_EMU_vulkan_null_optional_strings ANDROID_EMU_vulkan_create_resources_with_requirements ANDROID_EMU_YUV_Cache ANDROID_EMU_vulkan_ignored_handles ANDROID_EMU_vulkan_free_memory_sync ANDROID_EMU_vulkan_shader_float16_int8 ANDROID_EMU_vulkan_async_queue_submit ANDROID_EMU_sync_buffer_data GL_OES_vertex_array_object GL_KHR_texture_compression_astc_ldr ANDROID_EMU_host_side_tracing ANDROID_EMU_gles_max_version_2 
12-08 10:19:38.796  2873 10489 V FA-SVC  : Background event processing time, ms: 169
12-08 10:19:38.803 10404 10435 W OpenGLRenderer: Failed to choose config with EGL_SWAP_BEHAVIOR_PRESERVED, retrying without...
12-08 10:19:38.889 10404 10435 D EGL_emulation: eglCreateContext: 0xe59ece00: maj 2 min 0 rcv 2
12-08 10:19:38.893 10404 10435 D EGL_emulation: eglMakeCurrent: 0xe59ece00: ver 2 0 (tinfo 0xf0c89520)
12-08 10:19:38.904  1776  1927 D gralloc_ranchu: gralloc_alloc: Creating ashmem region of size 10108928
12-08 10:19:38.906  1648  1648 I hwservicemanager: getTransport: Cannot find entry android.hardware.graphics.mapper@3.0::IMapper/default in either framework or device manifest.
12-08 10:19:38.906 10404 10435 W Gralloc3: mapper 3.x is not supported
12-08 10:19:38.915 10404 10435 D HostConnection: createUnique: call
12-08 10:19:38.915 10404 10435 D HostConnection: HostConnection::get() New Host Connection established 0xda2906c0, tid 10435
12-08 10:19:38.917 10404 10435 D HostConnection: HostComposition ext ANDROID_EMU_CHECKSUM_HELPER_v1 ANDROID_EMU_dma_v1 ANDROID_EMU_direct_mem ANDROID_EMU_host_composition_v1 ANDROID_EMU_host_composition_v2 ANDROID_EMU_vulkan ANDROID_EMU_deferred_vulkan_commands ANDROID_EMU_vulkan_null_optional_strings ANDROID_EMU_vulkan_create_resources_with_requirements ANDROID_EMU_YUV_Cache ANDROID_EMU_vulkan_ignored_handles ANDROID_EMU_vulkan_free_memory_sync ANDROID_EMU_vulkan_shader_float16_int8 ANDROID_EMU_vulkan_async_queue_submit ANDROID_EMU_sync_buffer_data GL_OES_vertex_array_object GL_KHR_texture_compression_astc_ldr ANDROID_EMU_host_side_tracing ANDROID_EMU_gles_max_version_2 
12-08 10:19:38.921 10404 10435 D eglCodecCommon: allocate: Ask for block of size 0x1000
12-08 10:19:38.921 10404 10435 D eglCodecCommon: allocate: ioctl allocate returned offset 0x3ffff6000 size 0x2000
12-08 10:19:38.926  1776  1927 D gralloc_ranchu: gralloc_alloc: Creating ashmem region of size 10108928
12-08 10:19:38.927  1776  1927 D gralloc_ranchu: gralloc_alloc: Creating ashmem region of size 10108928
12-08 10:19:38.933 10404 10435 D EGL_emulation: eglMakeCurrent: 0xe59ece00: ver 2 0 (tinfo 0xf0c89520)
12-08 10:19:38.954  2656 10161 E SQLiteDatabase: Error inserting flex_time=3005000 job_id=-1 period=6012000 source=16 requires_charging=0 preferred_network_type=1 target_class=com.google.android.gms.measurement.PackageMeasurementTaskService user_id=0 target_package=com.google.android.gms tag=Measurement.PackageMeasurementTaskService.UPLOAD_TASK_TAG task_type=0 required_idleness_state=0 service_kind=0 source_version=202414000 persistence_level=1 preferred_charging_state=1 required_network_type=0 runtime=1670494778822 retry_strategy={"maximum_backoff_seconds":{"3600":0},"initial_backoff_seconds":{"30":0},"retry_policy":{"0":0}} last_runtime=0
12-08 10:19:38.954  2656 10161 E SQLiteDatabase: android.database.sqlite.SQLiteConstraintException: UNIQUE constraint failed: pending_ops.tag, pending_ops.target_class, pending_ops.target_package, pending_ops.user_id (code 2067 SQLITE_CONSTRAINT_UNIQUE)
12-08 10:19:38.954  2656 10161 E SQLiteDatabase: 	at android.database.sqlite.SQLiteConnection.nativeExecuteForLastInsertedRowId(Native Method)
12-08 10:19:38.954  2656 10161 E SQLiteDatabase: 	at android.database.sqlite.SQLiteConnection.executeForLastInsertedRowId(SQLiteConnection.java:879)
12-08 10:19:38.954  2656 10161 E SQLiteDatabase: 	at android.database.sqlite.SQLiteSession.executeForLastInsertedRowId(SQLiteSession.java:790)
12-08 10:19:38.954  2656 10161 E SQLiteDatabase: 	at android.database.sqlite.SQLiteStatement.executeInsert(SQLiteStatement.java:88)
12-08 10:19:38.954  2656 10161 E SQLiteDatabase: 	at android.database.sqlite.SQLiteDatabase.insertWithOnConflict(SQLiteDatabase.java:1599)
12-08 10:19:38.954  2656 10161 E SQLiteDatabase: 	at android.database.sqlite.SQLiteDatabase.insert(SQLiteDatabase.java:1468)
12-08 10:19:38.954  2656 10161 E SQLiteDatabase: 	at aqui.a(:com.google.android.gms@202414022@20.24.14 (040700-319035315):175)
12-08 10:19:38.954  2656 10161 E SQLiteDatabase: 	at aqtk.a(:com.google.android.gms@202414022@20.24.14 (040700-319035315):182)
12-08 10:19:38.954  2656 10161 E SQLiteDatabase: 	at aqtk.a(:com.google.android.gms@202414022@20.24.14 (040700-319035315):23)
12-08 10:19:38.954  2656 10161 E SQLiteDatabase: 	at aqtk.a(:com.google.android.gms@202414022@20.24.14 (040700-319035315):177)
12-08 10:19:38.954  2656 10161 E SQLiteDatabase: 	at aqpu.run(:com.google.android.gms@202414022@20.24.14 (040700-319035315):9)
12-08 10:19:38.954  2656 10161 E SQLiteDatabase: 	at soy.b(:com.google.android.gms@202414022@20.24.14 (040700-319035315):12)
12-08 10:19:38.954  2656 10161 E SQLiteDatabase: 	at soy.run(:com.google.android.gms@202414022@20.24.14 (040700-319035315):7)
12-08 10:19:38.954  2656 10161 E SQLiteDatabase: 	at java.util.concurrent.ThreadPoolExecutor.runWorker(ThreadPoolExecutor.java:1167)
12-08 10:19:38.954  2656 10161 E SQLiteDatabase: 	at java.util.concurrent.ThreadPoolExecutor$Worker.run(ThreadPoolExecutor.java:641)
12-08 10:19:38.954  2656 10161 E SQLiteDatabase: 	at sux.run(:com.google.android.gms@202414022@20.24.14 (040700-319035315):0)
12-08 10:19:38.954  2656 10161 E SQLiteDatabase: 	at java.lang.Thread.run(Thread.java:919)
12-08 10:19:39.038 10404 10404 W ActivityThread: handleWindowVisibility: no activity for token android.os.BinderProxy@19f414
12-08 10:19:39.076  2018  4653 W ActivityTaskManager: Duplicate finish request for ActivityRecord{72b1433 u0 ru.iteco.fmhandroid/.ui.AppActivity t307 f}
12-08 10:19:39.102  1776  1927 D gralloc_ranchu: gralloc_alloc: Creating ashmem region of size 10108928
12-08 10:19:39.108  1776  1927 I chatty  : uid=1000(system) HwBinder:1776_3 identical 1 line
12-08 10:19:39.111  1776  1927 D gralloc_ranchu: gralloc_alloc: Creating ashmem region of size 10108928
12-08 10:19:39.117 10404 10435 D EGL_emulation: eglMakeCurrent: 0xe59ece00: ver 2 0 (tinfo 0xf0c89520)
12-08 10:19:39.154  2018  2054 W InputReader: Device has associated, but no associated display id.
12-08 10:19:39.155  2018  2054 I chatty  : uid=1000(system) android.anim identical 18 lines
12-08 10:19:39.155  2018  2054 W InputReader: Device has associated, but no associated display id.
12-08 10:19:39.166  2018  2058 I ActivityTaskManager: Displayed ru.iteco.fmhandroid.test/androidx.test.core.app.InstrumentationActivityInvoker$EmptyActivity: +650ms
12-08 10:19:39.170 10347 10438 D EGL_emulation: eglMakeCurrent: 0xe593e800: ver 2 0 (tinfo 0xf0cc0350)
12-08 10:19:39.187  2018  3005 W InputReader: Device has associated, but no associated display id.
12-08 10:19:39.187  2018  3005 I chatty  : uid=1000(system) Binder:2018_A identical 8 lines
12-08 10:19:39.187  2018  3005 W InputReader: Device has associated, but no associated display id.
12-08 10:19:39.226  2018  4653 W InputReader: Device has associated, but no associated display id.
12-08 10:19:39.228  2018  4653 I chatty  : uid=1000(system) Binder:2018_12 identical 28 lines
12-08 10:19:39.228  2018  4653 W InputReader: Device has associated, but no associated display id.
12-08 10:19:39.242 10347 10347 D AutofillManager: onActivityFinishing(): calling cancelLocked()
12-08 10:19:39.269 10347 10347 D LifecycleMonitor: Lifecycle status change: ru.iteco.fmhandroid.ui.AppActivity@4d99d8f in: STOPPED
12-08 10:19:39.273 10347 10347 V ActivityScenario: Update currentActivityStage to STOPPED, currentActivity=ru.iteco.fmhandroid.ui.AppActivity@4d99d8f
12-08 10:19:39.313 10347 10347 W System.err: ru.iteco.fmhandroid.exceptions.UnknownException
12-08 10:19:39.323 10347 10347 W System.err: 	at ru.iteco.fmhandroid.utils.Utils.makeRequest(Utils.kt:123)
12-08 10:19:39.324 10347 10347 W System.err: 	at ru.iteco.fmhandroid.utils.Utils$makeRequest$1.invokeSuspend(Unknown Source:15)
12-08 10:19:39.324 10347 10347 W System.err: 	at kotlin.coroutines.jvm.internal.BaseContinuationImpl.resumeWith(ContinuationImpl.kt:33)
12-08 10:19:39.326 10347 10347 W System.err: 	at kotlinx.coroutines.DispatchedTaskKt.resume(DispatchedTask.kt:234)
12-08 10:19:39.326 10347 10347 W System.err: 	at kotlinx.coroutines.DispatchedTaskKt.resumeUnconfined(DispatchedTask.kt:190)
12-08 10:19:39.326 10347 10347 W System.err: 	at kotlinx.coroutines.DispatchedTaskKt.dispatch(DispatchedTask.kt:161)
12-08 10:19:39.327 10347 10347 W System.err: 	at kotlinx.coroutines.CancellableContinuationImpl.dispatchResume(CancellableContinuationImpl.kt:397)
12-08 10:19:39.327 10347 10347 W System.err: 	at kotlinx.coroutines.CancellableContinuationImpl.cancel(CancellableContinuationImpl.kt:183)
12-08 10:19:39.327 10347 10347 W System.err: 	at kotlinx.coroutines.CancellableContinuationImpl.parentCancelled$kotlinx_coroutines_core(CancellableContinuationImpl.kt:190)
12-08 10:19:39.327 10347 10347 W System.err: 	at kotlinx.coroutines.ChildContinuation.invoke(JobSupport.kt:1474)
12-08 10:19:39.328 10347 10347 W System.err: 	at kotlinx.coroutines.JobSupport.notifyCancelling(JobSupport.kt:1499)
12-08 10:19:39.329 10347 10347 W System.err: 	at kotlinx.coroutines.JobSupport.tryMakeCancelling(JobSupport.kt:795)
12-08 10:19:39.329 10347 10347 W System.err: 	at kotlinx.coroutines.JobSupport.makeCancelling(JobSupport.kt:755)
12-08 10:19:39.329 10347 10347 W System.err: 	at kotlinx.coroutines.JobSupport.cancelImpl$kotlinx_coroutines_core(JobSupport.kt:671)
12-08 10:19:39.329 10347 10347 W System.err: 	at kotlinx.coroutines.JobSupport.parentCancelled(JobSupport.kt:637)
12-08 10:19:39.329 10347 10347 W System.err: 	at kotlinx.coroutines.ChildHandleNode.invoke(JobSupport.kt:1465)
12-08 10:19:39.329 10347 10347 W System.err: 	at kotlinx.coroutines.JobSupport.notifyCancelling(JobSupport.kt:1499)
12-08 10:19:39.332 10347 10347 W System.err: 	at kotlinx.coroutines.JobSupport.tryMakeCompletingSlowPath(JobSupport.kt:900)
12-08 10:19:39.332 10347 10347 W System.err: 	at kotlinx.coroutines.JobSupport.tryMakeCompleting(JobSupport.kt:863)
12-08 10:19:39.332 10347 10347 W System.err: 	at kotlinx.coroutines.JobSupport.cancelMakeCompleting(JobSupport.kt:696)
12-08 10:19:39.332 10347 10347 W System.err: 	at kotlinx.coroutines.JobSupport.cancelImpl$kotlinx_coroutines_core(JobSupport.kt:667)
12-08 10:19:39.332 10347 10347 W System.err: 	at kotlinx.coroutines.JobSupport.cancelInternal(JobSupport.kt:632)
12-08 10:19:39.332 10347 10347 W System.err: 	at kotlinx.coroutines.JobSupport.cancel(JobSupport.kt:617)
12-08 10:19:39.334 10347 10347 W System.err: 	at kotlinx.coroutines.JobKt__JobKt.cancel(Job.kt:561)
12-08 10:19:39.334 10347 10347 W System.err: 	at kotlinx.coroutines.JobKt.cancel(Unknown Source:1)
12-08 10:19:39.334 10347 10347 W System.err: 	at kotlinx.coroutines.JobKt__JobKt.cancel$default(Job.kt:560)
12-08 10:19:39.334 10347 10347 W System.err: 	at kotlinx.coroutines.JobKt.cancel$default(Unknown Source:1)
12-08 10:19:39.334 10347 10347 W System.err: 	at androidx.lifecycle.CloseableCoroutineScope.close(ViewModel.kt:51)
12-08 10:19:39.334 10347 10347 W System.err: 	at androidx.lifecycle.ViewModel.closeWithRuntimeException(ViewModel.java:188)
12-08 10:19:39.335 10347 10347 W System.err: 	at androidx.lifecycle.ViewModel.clear(ViewModel.java:134)
12-08 10:19:39.335 10347 10347 W System.err: 	at androidx.lifecycle.ViewModelStore.clear(ViewModelStore.java:62)
12-08 10:19:39.335 10347 10347 W System.err: 	at androidx.fragment.app.FragmentManagerViewModel.clearNonConfigStateInternal(FragmentManagerViewModel.java:210)
12-08 10:19:39.335 10347 10347 W System.err: 	at androidx.fragment.app.FragmentManagerViewModel.clearNonConfigState(FragmentManagerViewModel.java:190)
12-08 10:19:39.335 10347 10347 W System.err: 	at androidx.fragment.app.FragmentStateManager.destroy(FragmentStateManager.java:778)
12-08 10:19:39.335 10347 10347 W System.err: 	at androidx.fragment.app.FragmentStateManager.moveToExpectedState(FragmentStateManager.java:335)
12-08 10:19:39.335 10347 10347 W System.err: 	at androidx.fragment.app.FragmentStore.moveToExpectedState(FragmentStore.java:121)
12-08 10:19:39.335 10347 10347 W System.err: 	at androidx.fragment.app.FragmentManager.moveToState(FragmentManager.java:1374)
12-08 10:19:39.336 10347 10347 W System.err: 	at androidx.fragment.app.FragmentManager.dispatchStateChange(FragmentManager.java:2841)
12-08 10:19:39.339 10347 10347 W System.err: 	at androidx.fragment.app.FragmentManager.dispatchDestroy(FragmentManager.java:2820)
12-08 10:19:39.339 10347 10347 W System.err: 	at androidx.fragment.app.Fragment.performDestroy(Fragment.java:3246)
12-08 10:19:39.339 10347 10347 W System.err: 	at androidx.fragment.app.FragmentStateManager.destroy(FragmentStateManager.java:780)
12-08 10:19:39.339 10347 10347 W System.err: 	at androidx.fragment.app.FragmentStateManager.moveToExpectedState(FragmentStateManager.java:335)
12-08 10:19:39.339 10347 10347 W System.err: 	at androidx.fragment.app.SpecialEffectsController$FragmentStateManagerOperation.complete(SpecialEffectsController.java:771)
12-08 10:19:39.339 10347 10347 W System.err: 	at androidx.fragment.app.SpecialEffectsController$Operation.cancel(SpecialEffectsController.java:615)
12-08 10:19:39.339 10347 10347 W System.err: 	at androidx.fragment.app.SpecialEffectsController.forceCompleteAllOperations(SpecialEffectsController.java:350)
12-08 10:19:39.339 10347 10347 W System.err: 	at androidx.fragment.app.FragmentManager.dispatchStateChange(FragmentManager.java:2844)
12-08 10:19:39.340 10347 10347 W System.err: 	at androidx.fragment.app.FragmentManager.dispatchDestroy(FragmentManager.java:2820)
12-08 10:19:39.341 10347 10347 W System.err: 	at androidx.fragment.app.FragmentController.dispatchDestroy(FragmentController.java:345)
12-08 10:19:39.342 10347 10347 W System.err: 	at androidx.fragment.app.FragmentActivity.onDestroy(FragmentActivity.java:306)
12-08 10:19:39.342 10347 10347 W System.err: 	at androidx.appcompat.app.AppCompatActivity.onDestroy(AppCompatActivity.java:278)
12-08 10:19:39.342 10347 10347 W System.err: 	at android.app.Activity.performDestroy(Activity.java:8048)
12-08 10:19:39.342 10347 10347 W System.err: 	at android.app.Instrumentation.callActivityOnDestroy(Instrumentation.java:1334)
12-08 10:19:39.343 10347 10347 W System.err: 	at androidx.test.runner.MonitoringInstrumentation.callActivityOnDestroy(MonitoringInstrumentation.java:766)
12-08 10:19:39.345 10347 10347 W System.err: 	at android.app.ActivityThread.performDestroyActivity(ActivityThread.java:4926)
12-08 10:19:39.345 10347 10347 W System.err: 	at android.app.ActivityThread.handleDestroyActivity(ActivityThread.java:4970)
12-08 10:19:39.345 10347 10347 W System.err: 	at android.app.servertransaction.DestroyActivityItem.execute(DestroyActivityItem.java:44)
12-08 10:19:39.345 10347 10347 W System.err: 	at android.app.servertransaction.TransactionExecutor.executeLifecycleState(TransactionExecutor.java:176)
12-08 10:19:39.345 10347 10347 W System.err: 	at android.app.servertransaction.TransactionExecutor.execute(TransactionExecutor.java:97)
12-08 10:19:39.345 10347 10347 W System.err: 	at android.app.ActivityThread$H.handleMessage(ActivityThread.java:2016)
12-08 10:19:39.345 10347 10347 W System.err: 	at android.os.Handler.dispatchMessage(Handler.java:107)
12-08 10:19:39.345 10347 10347 W System.err: 	at android.os.Looper.loop(Looper.java:214)
12-08 10:19:39.345 10347 10347 W System.err: 	at android.app.ActivityThread.main(ActivityThread.java:7356)
12-08 10:19:39.345 10347 10347 W System.err: 	at java.lang.reflect.Method.invoke(Native Method)
12-08 10:19:39.345 10347 10347 W System.err: 	at com.android.internal.os.RuntimeInit$MethodAndArgsCaller.run(RuntimeInit.java:492)
12-08 10:19:39.345 10347 10347 W System.err: 	at com.android.internal.os.ZygoteInit.main(ZygoteInit.java:930)
12-08 10:19:39.357 10347 10347 W System.err: ru.iteco.fmhandroid.exceptions.UnknownException
12-08 10:19:39.357 10347 10347 W System.err: 	at ru.iteco.fmhandroid.utils.Utils.makeRequest(Utils.kt:123)
12-08 10:19:39.357 10347 10347 W System.err: 	at ru.iteco.fmhandroid.utils.Utils$makeRequest$1.invokeSuspend(Unknown Source:15)
12-08 10:19:39.357 10347 10347 W System.err: 	at kotlin.coroutines.jvm.internal.BaseContinuationImpl.resumeWith(ContinuationImpl.kt:33)
12-08 10:19:39.357 10347 10347 W System.err: 	at kotlinx.coroutines.DispatchedTaskKt.resume(DispatchedTask.kt:234)
12-08 10:19:39.357 10347 10347 W System.err: 	at kotlinx.coroutines.DispatchedTaskKt.resumeUnconfined(DispatchedTask.kt:190)
12-08 10:19:39.357 10347 10347 W System.err: 	at kotlinx.coroutines.DispatchedTaskKt.dispatch(DispatchedTask.kt:161)
12-08 10:19:39.357 10347 10347 W System.err: 	at kotlinx.coroutines.CancellableContinuationImpl.dispatchResume(CancellableContinuationImpl.kt:397)
12-08 10:19:39.357 10347 10347 W System.err: 	at kotlinx.coroutines.CancellableContinuationImpl.cancel(CancellableContinuationImpl.kt:183)
12-08 10:19:39.357 10347 10347 W System.err: 	at kotlinx.coroutines.CancellableContinuationImpl.parentCancelled$kotlinx_coroutines_core(CancellableContinuationImpl.kt:190)
12-08 10:19:39.357 10347 10347 W System.err: 	at kotlinx.coroutines.ChildContinuation.invoke(JobSupport.kt:1474)
12-08 10:19:39.357 10347 10347 W System.err: 	at kotlinx.coroutines.JobSupport.notifyCancelling(JobSupport.kt:1499)
12-08 10:19:39.357 10347 10347 W System.err: 	at kotlinx.coroutines.JobSupport.tryMakeCancelling(JobSupport.kt:795)
12-08 10:19:39.357 10347 10347 W System.err: 	at kotlinx.coroutines.JobSupport.makeCancelling(JobSupport.kt:755)
12-08 10:19:39.357 10347 10347 W System.err: 	at kotlinx.coroutines.JobSupport.cancelImpl$kotlinx_coroutines_core(JobSupport.kt:671)
12-08 10:19:39.357 10347 10347 W System.err: 	at kotlinx.coroutines.JobSupport.parentCancelled(JobSupport.kt:637)
12-08 10:19:39.357 10347 10347 W System.err: 	at kotlinx.coroutines.ChildHandleNode.invoke(JobSupport.kt:1465)
12-08 10:19:39.357 10347 10347 W System.err: 	at kotlinx.coroutines.JobSupport.notifyCancelling(JobSupport.kt:1499)
12-08 10:19:39.357 10347 10347 W System.err: 	at kotlinx.coroutines.JobSupport.tryMakeCompletingSlowPath(JobSupport.kt:900)
12-08 10:19:39.357 10347 10347 W System.err: 	at kotlinx.coroutines.JobSupport.tryMakeCompleting(JobSupport.kt:863)
12-08 10:19:39.357 10347 10347 W System.err: 	at kotlinx.coroutines.JobSupport.cancelMakeCompleting(JobSupport.kt:696)
12-08 10:19:39.357 10347 10347 W System.err: 	at kotlinx.coroutines.JobSupport.cancelImpl$kotlinx_coroutines_core(JobSupport.kt:667)
12-08 10:19:39.357 10347 10347 W System.err: 	at kotlinx.coroutines.JobSupport.cancelInternal(JobSupport.kt:632)
12-08 10:19:39.357 10347 10347 W System.err: 	at kotlinx.coroutines.JobSupport.cancel(JobSupport.kt:617)
12-08 10:19:39.358 10347 10347 W System.err: 	at kotlinx.coroutines.JobKt__JobKt.cancel(Job.kt:561)
12-08 10:19:39.358 10347 10347 W System.err: 	at kotlinx.coroutines.JobKt.cancel(Unknown Source:1)
12-08 10:19:39.358 10347 10347 W System.err: 	at kotlinx.coroutines.JobKt__JobKt.cancel$default(Job.kt:560)
12-08 10:19:39.358 10347 10347 W System.err: 	at kotlinx.coroutines.JobKt.cancel$default(Unknown Source:1)
12-08 10:19:39.358 10347 10347 W System.err: 	at androidx.lifecycle.CloseableCoroutineScope.close(ViewModel.kt:51)
12-08 10:19:39.358 10347 10347 W System.err: 	at androidx.lifecycle.ViewModel.closeWithRuntimeException(ViewModel.java:188)
12-08 10:19:39.358 10347 10347 W System.err: 	at androidx.lifecycle.ViewModel.clear(ViewModel.java:134)
12-08 10:19:39.358 10347 10347 W System.err: 	at androidx.lifecycle.ViewModelStore.clear(ViewModelStore.java:62)
12-08 10:19:39.358 10347 10347 W System.err: 	at androidx.fragment.app.FragmentManagerViewModel.clearNonConfigStateInternal(FragmentManagerViewModel.java:210)
12-08 10:19:39.358 10347 10347 W System.err: 	at androidx.fragment.app.FragmentManagerViewModel.clearNonConfigState(FragmentManagerViewModel.java:190)
12-08 10:19:39.358 10347 10347 W System.err: 	at androidx.fragment.app.FragmentStateManager.destroy(FragmentStateManager.java:778)
12-08 10:19:39.358 10347 10347 W System.err: 	at androidx.fragment.app.FragmentStateManager.moveToExpectedState(FragmentStateManager.java:335)
12-08 10:19:39.359 10347 10347 W System.err: 	at androidx.fragment.app.FragmentStore.moveToExpectedState(FragmentStore.java:121)
12-08 10:19:39.360 10347 10347 W System.err: 	at androidx.fragment.app.FragmentManager.moveToState(FragmentManager.java:1374)
12-08 10:19:39.361 10347 10347 W System.err: 	at androidx.fragment.app.FragmentManager.dispatchStateChange(FragmentManager.java:2841)
12-08 10:19:39.362 10347 10347 W System.err: 	at androidx.fragment.app.FragmentManager.dispatchDestroy(FragmentManager.java:2820)
12-08 10:19:39.362 10347 10347 W System.err: 	at androidx.fragment.app.Fragment.performDestroy(Fragment.java:3246)
12-08 10:19:39.362 10347 10347 W System.err: 	at androidx.fragment.app.FragmentStateManager.destroy(FragmentStateManager.java:780)
12-08 10:19:39.362 10347 10347 W System.err: 	at androidx.fragment.app.FragmentStateManager.moveToExpectedState(FragmentStateManager.java:335)
12-08 10:19:39.364 10347 10347 W System.err: 	at androidx.fragment.app.SpecialEffectsController$FragmentStateManagerOperation.complete(SpecialEffectsController.java:771)
12-08 10:19:39.365 10347 10347 W System.err: 	at androidx.fragment.app.SpecialEffectsController$Operation.cancel(SpecialEffectsController.java:615)
12-08 10:19:39.365 10347 10347 W System.err: 	at androidx.fragment.app.SpecialEffectsController.forceCompleteAllOperations(SpecialEffectsController.java:350)
12-08 10:19:39.365 10347 10347 W System.err: 	at androidx.fragment.app.FragmentManager.dispatchStateChange(FragmentManager.java:2844)
12-08 10:19:39.365 10347 10347 W System.err: 	at androidx.fragment.app.FragmentManager.dispatchDestroy(FragmentManager.java:2820)
12-08 10:19:39.365 10347 10347 W System.err: 	at androidx.fragment.app.FragmentController.dispatchDestroy(FragmentController.java:345)
12-08 10:19:39.365 10347 10347 W System.err: 	at androidx.fragment.app.FragmentActivity.onDestroy(FragmentActivity.java:306)
12-08 10:19:39.365 10347 10347 W System.err: 	at androidx.appcompat.app.AppCompatActivity.onDestroy(AppCompatActivity.java:278)
12-08 10:19:39.365 10347 10347 W System.err: 	at android.app.Activity.performDestroy(Activity.java:8048)
12-08 10:19:39.365 10347 10347 W System.err: 	at android.app.Instrumentation.callActivityOnDestroy(Instrumentation.java:1334)
12-08 10:19:39.365 10347 10347 W System.err: 	at androidx.test.runner.MonitoringInstrumentation.callActivityOnDestroy(MonitoringInstrumentation.java:766)
12-08 10:19:39.365 10347 10347 W System.err: 	at android.app.ActivityThread.performDestroyActivity(ActivityThread.java:4926)
12-08 10:19:39.366 10347 10347 W System.err: 	at android.app.ActivityThread.handleDestroyActivity(ActivityThread.java:4970)
12-08 10:19:39.366 10347 10347 W System.err: 	at android.app.servertransaction.DestroyActivityItem.execute(DestroyActivityItem.java:44)
12-08 10:19:39.366 10347 10347 W System.err: 	at android.app.servertransaction.TransactionExecutor.executeLifecycleState(TransactionExecutor.java:176)
12-08 10:19:39.366 10347 10347 W System.err: 	at android.app.servertransaction.TransactionExecutor.execute(TransactionExecutor.java:97)
12-08 10:19:39.366 10347 10347 W System.err: 	at android.app.ActivityThread$H.handleMessage(ActivityThread.java:2016)
12-08 10:19:39.366 10347 10347 W System.err: 	at android.os.Handler.dispatchMessage(Handler.java:107)
12-08 10:19:39.366 10347 10347 W System.err: 	at android.os.Looper.loop(Looper.java:214)
12-08 10:19:39.366 10347 10347 W System.err: 	at android.app.ActivityThread.main(ActivityThread.java:7356)
12-08 10:19:39.366 10347 10347 W System.err: 	at java.lang.reflect.Method.invoke(Native Method)
12-08 10:19:39.366 10347 10347 W System.err: 	at com.android.internal.os.RuntimeInit$MethodAndArgsCaller.run(RuntimeInit.java:492)
12-08 10:19:39.366 10347 10347 W System.err: 	at com.android.internal.os.ZygoteInit.main(ZygoteInit.java:930)
12-08 10:19:39.384  2018  4164 D ConnectivityService: requestNetwork for uid/pid:10129/8344 NetworkRequest [ TRACK_DEFAULT id=92, [ Capabilities: INTERNET&NOT_RESTRICTED&TRUSTED Uid: 10129] ]
12-08 10:19:39.385 10347 10347 D LifecycleMonitor: Lifecycle status change: ru.iteco.fmhandroid.ui.AppActivity@4d99d8f in: DESTROYED
12-08 10:19:39.385 10347 10347 V ActivityScenario: Update currentActivityStage to DESTROYED, currentActivity=null
12-08 10:19:39.435  2018  2136 D UntrustedWifiNetworkFactory: got request NetworkRequest [ TRACK_DEFAULT id=92, [ Capabilities: INTERNET&NOT_RESTRICTED&TRUSTED Uid: 10129] ] with score 50 and serial 2
12-08 10:19:39.436  2018  2136 D WifiNetworkFactory: got request NetworkRequest [ TRACK_DEFAULT id=92, [ Capabilities: INTERNET&NOT_RESTRICTED&TRUSTED Uid: 10129] ] with score 50 and serial 2
