12-08 10:19:23.863 10347 10466 W teco.fmhandroi: Accessing hidden method Lsun/misc/Unsafe;->compareAndSwapObject(Ljava/lang/Object;JLjava/lang/Object;Ljava/lang/Object;)Z (greylist, linking, allowed)
12-08 10:19:23.869 10347 10347 I ViewInteraction: Performing 'wait for a specific view with <(an instance of android.widget.TextView and view.getHint() matching: is "Login" and view.getParent() view.getParent() view.getId() is <2131231121>)> during 10000 millis.' action on view view.getRootView() to equal view
12-08 10:19:23.875 10347 10392 W teco.fmhandroi: Accessing hidden method Lsun/misc/Unsafe;->compareAndSwapObject(Ljava/lang/Object;JLjava/lang/Object;Ljava/lang/Object;)Z (greylist, linking, allowed)
12-08 10:19:23.875 10347 10466 W teco.fmhandroi: Accessing hidden method Lsun/misc/Unsafe;->compareAndSwapObject(Ljava/lang/Object;JLjava/lang/Object;Ljava/lang/Object;)Z (greylist, linking, allowed)
12-08 10:19:23.881 10347 10347 I ViewInteraction: Checking 'MatchesViewAssertion{viewMatcher=(view has effective visibility <VISIBLE> and view.getGlobalVisibleRect() to return non-empty rectangle)}' assertion on view (an instance of android.widget.TextView and view.getHint() matching: is "Login" and view.getParent() view.getParent() view.getId() is <2131231121/ru.iteco.fmhandroid:id/login_text_input_layout>)
12-08 10:19:23.885 10347 10392 W teco.fmhandroi: Accessing hidden method Lsun/misc/Unsafe;->compareAndSwapObject(Ljava/lang/Object;JLjava/lang/Object;Ljava/lang/Object;)Z (greylist, linking, allowed)
12-08 10:19:23.885 10347 10466 W teco.fmhandroi: Accessing hidden method Lsun/misc/Unsafe;->compareAndSwapObject(Ljava/lang/Object;JLjava/lang/Object;Ljava/lang/Object;)Z (greylist, linking, allowed)
12-08 10:19:23.890 10347 10347 I ViewInteraction: Performing 'wait for a specific view with <(an instance of android.widget.TextView and view.getHint() matching: is "Password" and view.getParent() view.getParent() view.getId() is <2131231264>)> during 10000 millis.' action on view view.getRootView() to equal view
12-08 10:19:23.896 10347 10392 W teco.fmhandroi: Accessing hidden method Lsun/misc/Unsafe;->compareAndSwapObject(Ljava/lang/Object;JLjava/lang/Object;Ljava/lang/Object;)Z (greylist, linking, allowed)
12-08 10:19:23.897 10347 10466 W teco.fmhandroi: Accessing hidden method Lsun/misc/Unsafe;->compareAndSwapObject(Ljava/lang/Object;JLjava/lang/Object;Ljava/lang/Object;)Z (greylist, linking, allowed)
12-08 10:19:23.902 10347 10347 I ViewInteraction: Checking 'MatchesViewAssertion{viewMatcher=(view has effective visibility <VISIBLE> and view.getGlobalVisibleRect() to return non-empty rectangle)}' assertion on view (an instance of android.widget.TextView and view.getHint() matching: is "Password" and view.getParent() view.getParent() view.getId() is <2131231264/ru.iteco.fmhandroid:id/password_text_input_layout>)
12-08 10:19:23.904 10347 10466 W teco.fmhandroi: Accessing hidden method Lsun/misc/Unsafe;->compareAndSwapObject(Ljava/lang/Object;JLjava/lang/Object;Ljava/lang/Object;)Z (greylist, linking, allowed)
12-08 10:19:23.905 10347 10392 W teco.fmhandroi: Accessing hidden method Lsun/misc/Unsafe;->compareAndSwapObject(Ljava/lang/Object;JLjava/lang/Object;Ljava/lang/Object;)Z (greylist, linking, allowed)
12-08 10:19:23.905 10347 10392 W teco.fmhandroi: Accessing hidden method Lsun/misc/Unsafe;->getObject(Ljava/lang/Object;J)Ljava/lang/Object; (greylist, linking, allowed)
12-08 10:19:23.913 10347 10347 I ViewInteraction: Performing 'wait for a specific view with <(view.getId() is <2131231039> and an instance of android.widget.TextView and view.getText() with or without transformation to match: is "SIGN IN" and view.getContentDescription() is "Save" and view.getParent() view.getParent() an instance of android.widget.RelativeLayout)> during 10000 millis.' action on view view.getRootView() to equal view
12-08 10:19:23.924 10347 10392 W teco.fmhandroi: Accessing hidden method Lsun/misc/Unsafe;->compareAndSwapObject(Ljava/lang/Object;JLjava/lang/Object;Ljava/lang/Object;)Z (greylist, linking, allowed)
12-08 10:19:23.929 10347 10347 I ViewInteraction: Checking 'MatchesViewAssertion{viewMatcher=(view has effective visibility <VISIBLE> and view.getGlobalVisibleRect() to return non-empty rectangle)}' assertion on view (view.getId() is <2131231039/ru.iteco.fmhandroid:id/enter_button> and an instance of android.widget.TextView and view.getText() with or without transformation to match: is "SIGN IN" and view.getContentDescription() is "Save" and view.getParent() view.getParent() an instance of android.widget.RelativeLayout)
12-08 10:19:23.932 10347 10392 W teco.fmhandroi: Accessing hidden method Lsun/misc/Unsafe;->compareAndSwapObject(Ljava/lang/Object;JLjava/lang/Object;Ljava/lang/Object;)Z (greylist, linking, allowed)
12-08 10:19:23.933 10347 10466 W teco.fmhandroi: Accessing hidden method Lsun/misc/Unsafe;->compareAndSwapObject(Ljava/lang/Object;JLjava/lang/Object;Ljava/lang/Object;)Z (greylist, linking, allowed)
12-08 10:19:23.938 10347 10347 I ViewInteraction: Performing 'wait for a specific view with <(an instance of android.widget.TextView and view.getText() with or without transformation to match: is "Authorization" and view.getParent() view.getParent() view.getId() is <2131231186>)> during 10000 millis.' action on view view.getRootView() to equal view
12-08 10:19:23.942 10347 10392 W teco.fmhandroi: Accessing hidden method Lsun/misc/Unsafe;->compareAndSwapObject(Ljava/lang/Object;JLjava/lang/Object;Ljava/lang/Object;)Z (greylist, linking, allowed)
12-08 10:19:23.942 10347 10466 W teco.fmhandroi: Accessing hidden method Lsun/misc/Unsafe;->compareAndSwapObject(Ljava/lang/Object;JLjava/lang/Object;Ljava/lang/Object;)Z (greylist, linking, allowed)
12-08 10:19:23.949 10347 10347 I ViewInteraction: Checking 'MatchesViewAssertion{viewMatcher=(view has effective visibility <VISIBLE> and view.getGlobalVisibleRect() to return non-empty rectangle)}' assertion on view (an instance of android.widget.TextView and view.getText() with or without transformation to match: is "Authorization" and view.getParent() view.getParent() view.getId() is <2131231186/ru.iteco.fmhandroid:id/nav_host_fragment>)
12-08 10:19:23.951 10347 10392 W teco.fmhandroi: Accessing hidden method Lsun/misc/Unsafe;->compareAndSwapObject(Ljava/lang/Object;JLjava/lang/Object;Ljava/lang/Object;)Z (greylist, linking, allowed)
12-08 10:19:23.956 10347 10347 I ViewInteraction: Performing 'wait for a specific view with <(an instance of android.widget.TextView and view.getHint() matching: is "Login" and view.getParent() view.getParent() view.getId() is <2131231121/ru.iteco.fmhandroid:id/login_text_input_layout>)> during 10000 millis.' action on view view.getRootView() to equal view
12-08 10:19:23.961 10347 10392 W teco.fmhandroi: Accessing hidden method Lsun/misc/Unsafe;->compareAndSwapObject(Ljava/lang/Object;JLjava/lang/Object;Ljava/lang/Object;)Z (greylist, linking, allowed)
12-08 10:19:23.961 10347 10466 W teco.fmhandroi: Accessing hidden method Lsun/misc/Unsafe;->compareAndSwapObject(Ljava/lang/Object;JLjava/lang/Object;Ljava/lang/Object;)Z (greylist, linking, allowed)
12-08 10:19:23.966 10347 10347 I ViewInteraction: Checking 'MatchesViewAssertion{viewMatcher=(view has effective visibility <VISIBLE> and view.getGlobalVisibleRect() to return non-empty rectangle)}' assertion on view (an instance of android.widget.TextView and view.getHint() matching: is "Login" and view.getParent() view.getParent() view.getId() is <2131231121/ru.iteco.fmhandroid:id/login_text_input_layout>)
12-08 10:19:23.969 10347 10392 W teco.fmhandroi: Accessing hidden method Lsun/misc/Unsafe;->compareAndSwapObject(Ljava/lang/Object;JLjava/lang/Object;Ljava/lang/Object;)Z (greylist, linking, allowed)
12-08 10:19:23.974 10347 10347 I ViewInteraction: Performing 'wait for a specific view with <(an instance of android.widget.TextView and view.getHint() matching: is "Password" and view.getParent() view.getParent() view.getId() is <2131231264/ru.iteco.fmhandroid:id/password_text_input_layout>)> during 10000 millis.' action on view view.getRootView() to equal view
12-08 10:19:23.979 10347 10392 W teco.fmhandroi: Accessing hidden method Lsun/misc/Unsafe;->compareAndSwapObject(Ljava/lang/Object;JLjava/lang/Object;Ljava/lang/Object;)Z (greylist, linking, allowed)
12-08 10:19:23.987 10347 10347 I ViewInteraction: Checking 'MatchesViewAssertion{viewMatcher=(view has effective visibility <VISIBLE> and view.getGlobalVisibleRect() to return non-empty rectangle)}' assertion on view (an instance of android.widget.TextView and view.getHint() matching: is "Password" and view.getParent() view.getParent() view.getId() is <2131231264/ru.iteco.fmhandroid:id/password_text_input_layout>)
12-08 10:19:23.990 10347 10392 W teco.fmhandroi: Accessing hidden method Lsun/misc/Unsafe;->compareAndSwapObject(Ljava/lang/Object;JLjava/lang/Object;Ljava/lang/Object;)Z (greylist, linking, allowed)
12-08 10:19:23.990 10347 10466 W teco.fmhandroi: Accessing hidden method Lsun/misc/Unsafe;->compareAndSwapObject(Ljava/lang/Object;JLjava/lang/Object;Ljava/lang/Object;)Z (greylist, linking, allowed)
12-08 10:19:23.995 10347 10347 I ViewInteraction: Performing 'wait for a specific view with <(view.getId() is <2131231039/ru.iteco.fmhandroid:id/enter_button> and an instance of android.widget.TextView and view.getText() with or without transformation to match: is "SIGN IN" and view.getContentDescription() is "Save" and view.getParent() view.getParent() an instance of android.widget.RelativeLayout)> during 10000 millis.' action on view view.getRootView() to equal view
12-08 10:19:23.998 10347 10392 W teco.fmhandroi: Accessing hidden method Lsun/misc/Unsafe;->compareAndSwapObject(Ljava/lang/Object;JLjava/lang/Object;Ljava/lang/Object;)Z (greylist, linking, allowed)
12-08 10:19:24.004 10347 10347 I ViewInteraction: Checking 'MatchesViewAssertion{viewMatcher=(view has effective visibility <VISIBLE> and view.getGlobalVisibleRect() to return non-empty rectangle)}' assertion on view (view.getId() is <2131231039/ru.iteco.fmhandroid:id/enter_button> and an instance of android.widget.TextView and view.getText() with or without transformation to match: is "SIGN IN" and view.getContentDescription() is "Save" and view.getParent() view.getParent() an instance of android.widget.RelativeLayout)
12-08 10:19:24.006 10347 10392 W teco.fmhandroi: Accessing hidden method Lsun/misc/Unsafe;->compareAndSwapObject(Ljava/lang/Object;JLjava/lang/Object;Ljava/lang/Object;)Z (greylist, linking, allowed)
12-08 10:19:24.010 10347 10347 I ViewInteraction: Performing 'wait for a specific view with <(an instance of android.widget.TextView and view.getHint() matching: is "Login" and view.getParent() view.getParent() view.getId() is <2131231121/ru.iteco.fmhandroid:id/login_text_input_layout>)> during 10000 millis.' action on view view.getRootView() to equal view
12-08 10:19:24.015 10347 10392 W teco.fmhandroi: Accessing hidden method Lsun/misc/Unsafe;->compareAndSwapObject(Ljava/lang/Object;JLjava/lang/Object;Ljava/lang/Object;)Z (greylist, linking, allowed)
12-08 10:19:24.015 10347 10466 W teco.fmhandroi: Accessing hidden method Lsun/misc/Unsafe;->compareAndSwapObject(Ljava/lang/Object;JLjava/lang/Object;Ljava/lang/Object;)Z (greylist, linking, allowed)
12-08 10:19:24.019 10347 10347 I ViewInteraction: Performing 'replace text(login2)' action on view (an instance of android.widget.TextView and view.getHint() matching: is "Login" and view.getParent() view.getParent() view.getId() is <2131231121/ru.iteco.fmhandroid:id/login_text_input_layout>)
12-08 10:19:24.054 10347 10392 W teco.fmhandroi: Accessing hidden method Lsun/misc/Unsafe;->compareAndSwapObject(Ljava/lang/Object;JLjava/lang/Object;Ljava/lang/Object;)Z (greylist, linking, allowed)
12-08 10:19:24.091 10347 10347 I ViewInteraction: Performing 'wait for a specific view with <(an instance of android.widget.TextView and view.getHint() matching: is "Password" and view.getParent() view.getParent() view.getId() is <2131231264/ru.iteco.fmhandroid:id/password_text_input_layout>)> during 10000 millis.' action on view view.getRootView() to equal view
12-08 10:19:24.094 10347 10392 W teco.fmhandroi: Accessing hidden method Lsun/misc/Unsafe;->compareAndSwapObject(Ljava/lang/Object;JLjava/lang/Object;Ljava/lang/Object;)Z (greylist, linking, allowed)
12-08 10:19:24.099 10347 10347 I ViewInteraction: Performing 'replace text(password2)' action on view (an instance of android.widget.TextView and view.getHint() matching: is "Password" and view.getParent() view.getParent() view.getId() is <2131231264/ru.iteco.fmhandroid:id/password_text_input_layout>)
12-08 10:19:24.117 10347 10392 W teco.fmhandroi: Accessing hidden method Lsun/misc/Unsafe;->compareAndSwapObject(Ljava/lang/Object;JLjava/lang/Object;Ljava/lang/Object;)Z (greylist, linking, allowed)
12-08 10:19:24.119 10347 10466 W teco.fmhandroi: Accessing hidden method Lsun/misc/Unsafe;->compareAndSwapObject(Ljava/lang/Object;JLjava/lang/Object;Ljava/lang/Object;)Z (greylist, linking, allowed)
12-08 10:19:24.158 10347 10347 I ViewInteraction: Performing 'wait for a specific view with <(view.getId() is <2131231039/ru.iteco.fmhandroid:id/enter_button> and an instance of android.widget.TextView and view.getText() with or without transformation to match: is "SIGN IN" and view.getContentDescription() is "Save" and view.getParent() view.getParent() an instance of android.widget.RelativeLayout)> during 10000 millis.' action on view view.getRootView() to equal view
12-08 10:19:24.169 10347 10392 W teco.fmhandroi: Accessing hidden method Lsun/misc/Unsafe;->compareAndSwapObject(Ljava/lang/Object;JLjava/lang/Object;Ljava/lang/Object;)Z (greylist, linking, allowed)
12-08 10:19:24.170 10347 10466 W teco.fmhandroi: Accessing hidden method Lsun/misc/Unsafe;->compareAndSwapObject(Ljava/lang/Object;JLjava/lang/Object;Ljava/lang/Object;)Z (greylist, linking, allowed)
12-08 10:19:24.174 10347 10347 I ViewInteraction: Checking 'MatchesViewAssertion{viewMatcher=view.isClickable() is <true>}' assertion on view (view.getId() is <2131231039/ru.iteco.fmhandroid:id/enter_button> and an instance of android.widget.TextView and view.getText() with or without transformation to match: is "SIGN IN" and view.getContentDescription() is "Save" and view.getParent() view.getParent() an instance of android.widget.RelativeLayout)
12-08 10:19:24.176 10347 10392 W teco.fmhandroi: Accessing hidden method Lsun/misc/Unsafe;->compareAndSwapObject(Ljava/lang/Object;JLjava/lang/Object;Ljava/lang/Object;)Z (greylist, linking, allowed)
12-08 10:19:24.184 10347 10347 I ViewInteraction: Performing 'wait for a specific view with <(view.getId() is <2131231039/ru.iteco.fmhandroid:id/enter_button> and an instance of android.widget.TextView and view.getText() with or without transformation to match: is "SIGN IN" and view.getContentDescription() is "Save" and view.getParent() view.getParent() an instance of android.widget.RelativeLayout)> during 10000 millis.' action on view view.getRootView() to equal view
12-08 10:19:24.189 10347 10392 W teco.fmhandroi: Accessing hidden method Lsun/misc/Unsafe;->compareAndSwapObject(Ljava/lang/Object;JLjava/lang/Object;Ljava/lang/Object;)Z (greylist, linking, allowed)
12-08 10:19:24.195 10347 10347 I ViewInteraction: Checking 'MatchesViewAssertion{viewMatcher=view.isClickable() is <true>}' assertion on view (view.getId() is <2131231039/ru.iteco.fmhandroid:id/enter_button> and an instance of android.widget.TextView and view.getText() with or without transformation to match: is "SIGN IN" and view.getContentDescription() is "Save" and view.getParent() view.getParent() an instance of android.widget.RelativeLayout)
12-08 10:19:24.198 10347 10392 W teco.fmhandroi: Accessing hidden method Lsun/misc/Unsafe;->compareAndSwapObject(Ljava/lang/Object;JLjava/lang/Object;Ljava/lang/Object;)Z (greylist, linking, allowed)
12-08 10:19:24.199 10347 10466 W teco.fmhandroi: Accessing hidden method Lsun/misc/Unsafe;->compareAndSwapObject(Ljava/lang/Object;JLjava/lang/Object;Ljava/lang/Object;)Z (greylist, linking, allowed)
12-08 10:19:24.202 10347 10347 I ViewInteraction: Performing 'wait for a specific view with <(view.getId() is <2131231039/ru.iteco.fmhandroid:id/enter_button> and an instance of android.widget.TextView and view.getText() with or without transformation to match: is "SIGN IN" and view.getContentDescription() is "Save" and view.getParent() view.getParent() an instance of android.widget.RelativeLayout)> during 10000 millis.' action on view view.getRootView() to equal view
12-08 10:19:24.208 10347 10392 W teco.fmhandroi: Accessing hidden method Lsun/misc/Unsafe;->compareAndSwapObject(Ljava/lang/Object;JLjava/lang/Object;Ljava/lang/Object;)Z (greylist, linking, allowed)
12-08 10:19:24.213 10347 10347 I ViewInteraction: Performing 'single click' action on view (view.getId() is <2131231039/ru.iteco.fmhandroid:id/enter_button> and an instance of android.widget.TextView and view.getText() with or without transformation to match: is "SIGN IN" and view.getContentDescription() is "Save" and view.getParent() view.getParent() an instance of android.widget.RelativeLayout)
12-08 10:19:24.293 10347 10471 I okhttp.OkHttpClient: --> POST http://www.981757-ca08998.tmweb.ru:8080/fmh/authentication/login
12-08 10:19:24.293 10347 10471 I okhttp.OkHttpClient: Content-Type: application/json; charset=UTF-8
12-08 10:19:24.293 10347 10471 I okhttp.OkHttpClient: Content-Length: 41
12-08 10:19:24.294 10347 10471 I okhttp.OkHttpClient: {"login":"login2","password":"password2"}
12-08 10:19:24.294 10347 10471 I okhttp.OkHttpClient: --> END POST (41-byte body)
12-08 10:19:24.311  1744 10472 E ResolverController: No valid NAT64 prefix (106, <unspecified>/0)
12-08 10:19:24.525 10347 10392 W teco.fmhandroi: Accessing hidden method Lsun/misc/Unsafe;->compareAndSwapObject(Ljava/lang/Object;JLjava/lang/Object;Ljava/lang/Object;)Z (greylist, linking, allowed)
12-08 10:19:24.528 10347 10347 I ViewInteraction: Performing 'wait for a specific view with <an instance of android.widget.TextView and view.getText() with or without transformation to match: is "News"> during 10000 millis.' action on view view.getRootView() to equal view
12-08 10:19:24.665 10347 10471 I okhttp.OkHttpClient: <-- 200 http://www.981757-ca08998.tmweb.ru:8080/fmh/authentication/login (370ms)
12-08 10:19:24.665 10347 10471 I okhttp.OkHttpClient: Vary: Origin
12-08 10:19:24.665 10347 10471 I okhttp.OkHttpClient: Vary: Access-Control-Request-Method
12-08 10:19:24.665 10347 10471 I okhttp.OkHttpClient: Vary: Access-Control-Request-Headers
12-08 10:19:24.666 10347 10471 I okhttp.OkHttpClient: X-Content-Type-Options: nosniff
12-08 10:19:24.666 10347 10471 I okhttp.OkHttpClient: X-XSS-Protection: 1; mode=block
12-08 10:19:24.666 10347 10471 I okhttp.OkHttpClient: Cache-Control: no-cache, no-store, max-age=0, must-revalidate
12-08 10:19:24.666 10347 10471 I okhttp.OkHttpClient: Pragma: no-cache
12-08 10:19:24.666 10347 10471 I okhttp.OkHttpClient: Expires: 0
12-08 10:19:24.666 10347 10471 I okhttp.OkHttpClient: X-Frame-Options: DENY
12-08 10:19:24.666 10347 10471 I okhttp.OkHttpClient: Content-Type: application/json
12-08 10:19:24.667 10347 10471 I okhttp.OkHttpClient: Transfer-Encoding: chunked
12-08 10:19:24.667 10347 10471 I okhttp.OkHttpClient: Date: Thu, 08 Dec 2022 10:20:09 GMT
12-08 10:19:24.667 10347 10471 I okhttp.OkHttpClient: Keep-Alive: timeout=60
12-08 10:19:24.668 10347 10471 I okhttp.OkHttpClient: Connection: keep-alive
12-08 10:19:24.670 10347 10471 I okhttp.OkHttpClient: {"accessToken":"eyJhbGciOiJIUzUxMiJ9.eyJzdWIiOiJsb2dpbjIiLCJqdGkiOiIyIiwiZXhwIjoxNjcwNTgxMjA5fQ.Al8sdHZzOSWWRLC8kmAGENB19FNXfxizqnlJWfaXnciQzzsDB5Ak9DlWbFav7LYBYkLO10qwPXfsZzeLwme7cA","refreshToken":"eyJhbGciOiJIUzUxMiJ9.eyJzdWIiOiJsb2dpbjIiLCJqdGkiOiIyIiwiZXhwIjoxNjczMDg2ODA5fQ.jQgIWNT2ftfJ5QHbFZO5Q7Zc_2jrHKMa8HHbJlk_upKUXexfWKp1H49ijOapRuGUauyHse_8MpX280q8eBdo_A"}
12-08 10:19:24.670 10347 10471 I okhttp.OkHttpClient: <-- END HTTP (368-byte body)
12-08 10:19:24.679 10347 10452 I okhttp.OkHttpClient: --> GET http://www.981757-ca08998.tmweb.ru:8080/fmh/authentication/userInfo
12-08 10:19:24.679 10347 10452 I okhttp.OkHttpClient: --> END GET
12-08 10:19:24.867 10347 10452 I okhttp.OkHttpClient: <-- 200 http://www.981757-ca08998.tmweb.ru:8080/fmh/authentication/userInfo (188ms)
12-08 10:19:24.868 10347 10452 I okhttp.OkHttpClient: Vary: Origin
12-08 10:19:24.868 10347 10452 I okhttp.OkHttpClient: Vary: Access-Control-Request-Method
12-08 10:19:24.868 10347 10452 I okhttp.OkHttpClient: Vary: Access-Control-Request-Headers
12-08 10:19:24.868 10347 10452 I okhttp.OkHttpClient: X-Content-Type-Options: nosniff
12-08 10:19:24.868 10347 10452 I okhttp.OkHttpClient: X-XSS-Protection: 1; mode=block
12-08 10:19:24.868 10347 10452 I okhttp.OkHttpClient: Cache-Control: no-cache, no-store, max-age=0, must-revalidate
12-08 10:19:24.868 10347 10452 I okhttp.OkHttpClient: Pragma: no-cache
12-08 10:19:24.868 10347 10452 I okhttp.OkHttpClient: Expires: 0
12-08 10:19:24.868 10347 10452 I okhttp.OkHttpClient: X-Frame-Options: DENY
12-08 10:19:24.868 10347 10452 I okhttp.OkHttpClient: Content-Type: application/json
12-08 10:19:24.869 10347 10452 I okhttp.OkHttpClient: Transfer-Encoding: chunked
12-08 10:19:24.869 10347 10452 I okhttp.OkHttpClient: Date: Thu, 08 Dec 2022 10:20:09 GMT
12-08 10:19:24.869 10347 10452 I okhttp.OkHttpClient: Keep-Alive: timeout=60
12-08 10:19:24.869 10347 10452 I okhttp.OkHttpClient: Connection: keep-alive
12-08 10:19:24.869 10347 10452 I okhttp.OkHttpClient: {"id":2,"firstName":"Данил","lastName":"Иванов","middleName":"Данилович","admin":true}
12-08 10:19:24.869 10347 10452 I okhttp.OkHttpClient: <-- END HTTP (106-byte body)
12-08 10:19:24.902 10347 10473 I okhttp.OkHttpClient: --> GET http://www.981757-ca08998.tmweb.ru:8080/fmh/claims
12-08 10:19:24.902 10347 10473 I okhttp.OkHttpClient: --> END GET
12-08 10:19:25.172 10347 10347 I ViewInteraction: Checking 'MatchesViewAssertion{viewMatcher=(view has effective visibility <VISIBLE> and view.getGlobalVisibleRect() to return non-empty rectangle)}' assertion on view an instance of android.widget.TextView and view.getText() with or without transformation to match: is "News"
12-08 10:19:25.182 10347 10347 I ViewInteraction: Performing 'wait for a specific view with <view.getId() is <2131230951>> during 10000 millis.' action on view view.getRootView() to equal view
12-08 10:19:25.187 10347 10392 W teco.fmhandroi: Accessing hidden method Lsun/misc/Unsafe;->compareAndSwapObject(Ljava/lang/Object;JLjava/lang/Object;Ljava/lang/Object;)Z (greylist, linking, allowed)
12-08 10:19:25.188 10347 10466 W teco.fmhandroi: Accessing hidden method Lsun/misc/Unsafe;->compareAndSwapObject(Ljava/lang/Object;JLjava/lang/Object;Ljava/lang/Object;)Z (greylist, linking, allowed)
12-08 10:19:25.191 10347 10347 I ViewInteraction: Checking 'MatchesViewAssertion{viewMatcher=(view has effective visibility <VISIBLE> and view.getGlobalVisibleRect() to return non-empty rectangle)}' assertion on view view.getId() is <2131230951/ru.iteco.fmhandroid:id/container_list_news_include_on_fragment_main>
12-08 10:19:25.193 10347 10392 W teco.fmhandroi: Accessing hidden method Lsun/misc/Unsafe;->compareAndSwapObject(Ljava/lang/Object;JLjava/lang/Object;Ljava/lang/Object;)Z (greylist, linking, allowed)
12-08 10:19:25.199 10347 10347 I ViewInteraction: Performing 'wait for a specific view with <view.getId() is <2131230949>> during 10000 millis.' action on view view.getRootView() to equal view
12-08 10:19:25.202 10347 10392 W teco.fmhandroi: Accessing hidden method Lsun/misc/Unsafe;->compareAndSwapObject(Ljava/lang/Object;JLjava/lang/Object;Ljava/lang/Object;)Z (greylist, linking, allowed)
12-08 10:19:25.206 10347 10347 I ViewInteraction: Checking 'MatchesViewAssertion{viewMatcher=(view has effective visibility <VISIBLE> and view.getGlobalVisibleRect() to return non-empty rectangle)}' assertion on view view.getId() is <2131230949/ru.iteco.fmhandroid:id/container_list_claim_include_on_fragment_main>
12-08 10:19:25.207 10347 10392 W teco.fmhandroi: Accessing hidden method Lsun/misc/Unsafe;->compareAndSwapObject(Ljava/lang/Object;JLjava/lang/Object;Ljava/lang/Object;)Z (greylist, linking, allowed)
12-08 10:19:25.207 10347 10466 W teco.fmhandroi: Accessing hidden method Lsun/misc/Unsafe;->compareAndSwapObject(Ljava/lang/Object;JLjava/lang/Object;Ljava/lang/Object;)Z (greylist, linking, allowed)
12-08 10:19:25.213 10347 10347 I ViewInteraction: Performing 'wait for a specific view with <an instance of android.widget.TextView and view.getText() with or without transformation to match: is "Claims"> during 10000 millis.' action on view view.getRootView() to equal view
12-08 10:19:25.218 10347 10347 I ViewInteraction: Checking 'MatchesViewAssertion{viewMatcher=(view has effective visibility <VISIBLE> and view.getGlobalVisibleRect() to return non-empty rectangle)}' assertion on view an instance of android.widget.TextView and view.getText() with or without transformation to match: is "Claims"
12-08 10:19:25.222 10347 10347 I ViewInteraction: Performing 'wait for a specific view with <view.getId() is <2131231123>> during 10000 millis.' action on view view.getRootView() to equal view
12-08 10:19:25.225 10347 10392 W teco.fmhandroi: Accessing hidden method Lsun/misc/Unsafe;->compareAndSwapObject(Ljava/lang/Object;JLjava/lang/Object;Ljava/lang/Object;)Z (greylist, linking, allowed)
12-08 10:19:25.228 10347 10466 W teco.fmhandroi: Accessing hidden method Lsun/misc/Unsafe;->compareAndSwapObject(Ljava/lang/Object;JLjava/lang/Object;Ljava/lang/Object;)Z (greylist, linking, allowed)
12-08 10:19:25.235 10347 10347 I ViewInteraction: Performing 'single click' action on view view.getId() is <2131231123/ru.iteco.fmhandroid:id/main_menu_image_button>
12-08 10:19:25.518  2018  2340 E memtrack: Couldn't load memtrack module
12-08 10:19:25.518  2018  2340 W android.os.Debug: failed to get memory consumption info: -1
12-08 10:19:25.760 10347 10347 W MotionEvents: Overslept and turned a tap into a long press
12-08 10:19:25.862  1776  1927 D gralloc_ranchu: gralloc_alloc: Creating ashmem region of size 2015232
12-08 10:19:25.874  1776  1927 I chatty  : uid=1000(system) HwBinder:1776_3 identical 1 line
12-08 10:19:25.875  1776  1927 D gralloc_ranchu: gralloc_alloc: Creating ashmem region of size 2015232
12-08 10:19:25.920 10347 10438 D EGL_emulation: eglMakeCurrent: 0xe593e800: ver 2 0 (tinfo 0xf0cc0350)
12-08 10:19:26.012 10347 10438 I chatty  : uid=10146(ru.iteco.fmhandroid) RenderThread identical 3 lines
12-08 10:19:26.028 10347 10438 D EGL_emulation: eglMakeCurrent: 0xe593e800: ver 2 0 (tinfo 0xf0cc0350)
12-08 10:19:26.102 10347 10392 W teco.fmhandroi: Accessing hidden method Lsun/misc/Unsafe;->compareAndSwapObject(Ljava/lang/Object;JLjava/lang/Object;Ljava/lang/Object;)Z (greylist, linking, allowed)
12-08 10:19:26.107 10347 10347 I ViewInteraction: Performing 'wait for a specific view with <an instance of android.widget.TextView and view.getText() with or without transformation to match: is "Claims"> during 10000 millis.' action on view view.getRootView() to equal view
12-08 10:19:26.113 10347 10347 I ViewInteraction: Performing 'single click' action on view an instance of android.widget.TextView and view.getText() with or without transformation to match: is "Claims"
12-08 10:19:26.279 10347 10474 I okhttp.OkHttpClient: --> GET http://www.981757-ca08998.tmweb.ru:8080/fmh/claims
12-08 10:19:26.279 10347 10474 I okhttp.OkHttpClient: --> END GET
12-08 10:19:26.401 10347 10438 D EGL_emulation: eglMakeCurrent: 0xe593e800: ver 2 0 (tinfo 0xf0cc0350)
12-08 10:19:26.438 10347 10438 D EGL_emulation: eglMakeCurrent: 0xe593e800: ver 2 0 (tinfo 0xf0cc0350)
12-08 10:19:26.536 10347 10392 W teco.fmhandroi: Accessing hidden method Lsun/misc/Unsafe;->compareAndSwapObject(Ljava/lang/Object;JLjava/lang/Object;Ljava/lang/Object;)Z (greylist, linking, allowed)
12-08 10:19:26.541 10347 10347 I ViewInteraction: Performing 'wait for a specific view with <view.getId() is <2131230849>> during 10000 millis.' action on view view.getRootView() to equal view
12-08 10:19:26.548 10347 10392 W teco.fmhandroi: Accessing hidden method Lsun/misc/Unsafe;->compareAndSwapObject(Ljava/lang/Object;JLjava/lang/Object;Ljava/lang/Object;)Z (greylist, linking, allowed)
12-08 10:19:26.654 10347 10360 I teco.fmhandroi: Background young concurrent copying GC freed 26838(1400KB) AllocSpace objects, 0(0B) LOS objects, 10% free, 10MB/11MB, paused 1.215ms total 121.849ms
12-08 10:19:26.814 10347 10347 I ViewInteraction: Performing 'single click' action on view view.getId() is <2131230849/ru.iteco.fmhandroid:id/add_new_claim_material_button>
12-08 10:19:26.897 10347 10452 I okhttp.OkHttpClient: --> GET http://www.981757-ca08998.tmweb.ru:8080/fmh/users
12-08 10:19:26.897 10347 10452 I okhttp.OkHttpClient: --> END GET
12-08 10:19:27.028 10347 10452 I okhttp.OkHttpClient: <-- 200 http://www.981757-ca08998.tmweb.ru:8080/fmh/users (130ms)
12-08 10:19:27.028 10347 10452 I okhttp.OkHttpClient: Vary: Origin
12-08 10:19:27.029 10347 10452 I okhttp.OkHttpClient: Vary: Access-Control-Request-Method
12-08 10:19:27.029 10347 10452 I okhttp.OkHttpClient: Vary: Access-Control-Request-Headers
12-08 10:19:27.029 10347 10452 I okhttp.OkHttpClient: X-Content-Type-Options: nosniff
12-08 10:19:27.029 10347 10452 I okhttp.OkHttpClient: X-XSS-Protection: 1; mode=block
12-08 10:19:27.029 10347 10452 I okhttp.OkHttpClient: Cache-Control: no-cache, no-store, max-age=0, must-revalidate
12-08 10:19:27.029 10347 10452 I okhttp.OkHttpClient: Pragma: no-cache
12-08 10:19:27.029 10347 10452 I okhttp.OkHttpClient: Expires: 0
12-08 10:19:27.029 10347 10452 I okhttp.OkHttpClient: X-Frame-Options: DENY
12-08 10:19:27.029 10347 10452 I okhttp.OkHttpClient: Content-Type: application/json
12-08 10:19:27.030 10347 10452 I okhttp.OkHttpClient: Transfer-Encoding: chunked
12-08 10:19:27.030 10347 10452 I okhttp.OkHttpClient: Date: Thu, 08 Dec 2022 10:20:12 GMT
12-08 10:19:27.030 10347 10452 I okhttp.OkHttpClient: Keep-Alive: timeout=60
12-08 10:19:27.030 10347 10452 I okhttp.OkHttpClient: Connection: keep-alive
12-08 10:19:27.030 10347 10452 I okhttp.OkHttpClient: [{"id":1,"firstName":"Петр","lastName":"Смирнов","middleName":"Петрович","admin":true},{"id":2,"firstName":"Данил","lastName":"Иванов","middleName":"Данилович","admin":true},{"id":3,"firstName":"Егор","lastName":"Петров","middleName":"Егорович","admin":false},{"id":4,"firstName":"Дмитрий","lastName":"Сидоров","middleName":"Дмитриевич","admin":false},{"id":5,"firstName":"Тест","lastName":"Тестов","middleName":"Тестович","admin":true},{"id":6,"firstName":"Diplom","lastName":"Netology","middleName":"QAMID","admin":true}]
12-08 10:19:27.030 10347 10452 I okhttp.OkHttpClient: <-- END HTTP (622-byte body)
12-08 10:19:27.194 10347 10360 I teco.fmhandroi: Background concurrent copying GC freed 16967(960KB) AllocSpace objects, 1(16KB) LOS objects, 36% free, 10MB/16MB, paused 1.600ms total 132.420ms
12-08 10:19:27.596 10347 10392 W teco.fmhandroi: Accessing hidden method Lsun/misc/Unsafe;->compareAndSwapObject(Ljava/lang/Object;JLjava/lang/Object;Ljava/lang/Object;)Z (greylist, linking, allowed)
12-08 10:19:27.599 10347 10347 I ViewInteraction: Performing 'wait for a specific view with <(view.getId() is <2131231402> and view.getParent() view.getParent() view.getId() is <2131231406>)> during 10000 millis.' action on view view.getRootView() to equal view
12-08 10:19:27.604 10347 10392 W teco.fmhandroi: Accessing hidden method Lsun/misc/Unsafe;->compareAndSwapObject(Ljava/lang/Object;JLjava/lang/Object;Ljava/lang/Object;)Z (greylist, linking, allowed)
12-08 10:19:27.609 10347 10347 I ViewInteraction: Performing 'replace text(Заголовок bf66b2d4-b710-403f-b634-c4e3143ce057)' action on view (view.getId() is <2131231402/ru.iteco.fmhandroid:id/title_edit_text> and view.getParent() view.getParent() view.getId() is <2131231406/ru.iteco.fmhandroid:id/title_text_input_layout>)
12-08 10:19:27.628  2018  2058 E memtrack: Couldn't load memtrack module
12-08 10:19:27.628  2018  2058 W android.os.Debug: failed to get memory consumption info: -1
12-08 10:19:27.633 10347 10392 W teco.fmhandroi: Accessing hidden method Lsun/misc/Unsafe;->compareAndSwapObject(Ljava/lang/Object;JLjava/lang/Object;Ljava/lang/Object;)Z (greylist, linking, allowed)
12-08 10:19:27.678 10347 10347 I ViewInteraction: Performing 'wait for a specific view with <view.getId() is <2131230975>> during 10000 millis.' action on view view.getRootView() to equal view
12-08 10:19:27.690 10347 10347 I ViewInteraction: Performing 'single click' action on view view.getId() is <2131230975/ru.iteco.fmhandroid:id/date_in_plan_text_input_edit_text>
12-08 10:19:28.084  1776  1927 D gralloc_ranchu: gralloc_alloc: Creating ashmem region of size 6778880
12-08 10:19:28.092  1776  1927 I chatty  : uid=1000(system) HwBinder:1776_3 identical 1 line
12-08 10:19:28.094  1776  1927 D gralloc_ranchu: gralloc_alloc: Creating ashmem region of size 6778880
12-08 10:19:28.121 10347 10438 D EGL_emulation: eglMakeCurrent: 0xe593e800: ver 2 0 (tinfo 0xf0cc0350)
12-08 10:19:28.322 10347 10438 I chatty  : uid=10146(ru.iteco.fmhandroid) RenderThread identical 3 lines
12-08 10:19:28.341 10347 10438 D EGL_emulation: eglMakeCurrent: 0xe593e800: ver 2 0 (tinfo 0xf0cc0350)
12-08 10:19:28.351 10347 10473 I okhttp.OkHttpClient: <-- 200 http://www.981757-ca08998.tmweb.ru:8080/fmh/claims (3448ms)
12-08 10:19:28.351 10347 10473 I okhttp.OkHttpClient: Vary: Origin
12-08 10:19:28.351 10347 10473 I okhttp.OkHttpClient: Vary: Access-Control-Request-Method
12-08 10:19:28.351 10347 10473 I okhttp.OkHttpClient: Vary: Access-Control-Request-Headers
12-08 10:19:28.351 10347 10473 I okhttp.OkHttpClient: X-Content-Type-Options: nosniff
12-08 10:19:28.351 10347 10473 I okhttp.OkHttpClient: X-XSS-Protection: 1; mode=block
12-08 10:19:28.351 10347 10473 I okhttp.OkHttpClient: Cache-Control: no-cache, no-store, max-age=0, must-revalidate
12-08 10:19:28.351 10347 10473 I okhttp.OkHttpClient: Pragma: no-cache
12-08 10:19:28.351 10347 10473 I okhttp.OkHttpClient: Expires: 0
12-08 10:19:28.352 10347 10473 I okhttp.OkHttpClient: X-Frame-Options: DENY
12-08 10:19:28.352 10347 10473 I okhttp.OkHttpClient: Content-Type: application/json
12-08 10:19:28.352 10347 10473 I okhttp.OkHttpClient: Transfer-Encoding: chunked
12-08 10:19:28.352 10347 10473 I okhttp.OkHttpClient: Date: Thu, 08 Dec 2022 10:20:13 GMT
12-08 10:19:28.352 10347 10473 I okhttp.OkHttpClient: Keep-Alive: timeout=60
12-08 10:19:28.352 10347 10473 I okhttp.OkHttpClient: Connection: keep-alive
12-08 10:19:28.581 10347 10347 I ViewInteraction: Performing 'wait for a specific view with <is assignable from class <class android.widget.DatePicker>> during 10000 millis.' action on view view.getRootView() to equal view
12-08 10:19:28.587 10347 10347 I ViewInteraction: Checking 'MatchesViewAssertion{viewMatcher=(view has effective visibility <VISIBLE> and view.getGlobalVisibleRect() to return non-empty rectangle)}' assertion on view is assignable from class <class android.widget.DatePicker>
12-08 10:19:28.591 10347 10347 I ViewInteraction: Performing 'wait for a specific view with <is assignable from class <class android.widget.DatePicker>> during 10000 millis.' action on view view.getRootView() to equal view
12-08 10:19:28.597 10347 10347 I ViewInteraction: Performing 'set date' action on view is assignable from class <class android.widget.DatePicker>
12-08 10:19:28.655 10347 10347 I ViewInteraction: Performing 'wait for a specific view with <view.getId() is <16908313>> during 10000 millis.' action on view view.getRootView() to equal view
12-08 10:19:28.660 10347 10347 I ViewInteraction: Performing 'single click' action on view view.getId() is <16908313/android:id/button1>
12-08 10:19:28.759 10347 10438 D EGL_emulation: eglMakeCurrent: 0xe593e800: ver 2 0 (tinfo 0xf0cc0350)
12-08 10:19:28.766  2018  2037 E InputDispatcher: Window handle Window{2e624be u0 ru.iteco.fmhandroid/ru.iteco.fmhandroid.ui.AppActivity} has no registered input channel
12-08 10:19:28.780 10347 10438 D EGL_emulation: eglMakeCurrent: 0xe593e800: ver 2 0 (tinfo 0xf0cc0350)
12-08 10:19:28.783  2018  2340 E InputDispatcher: Window handle Window{2e624be u0 ru.iteco.fmhandroid/ru.iteco.fmhandroid.ui.AppActivity} has no registered input channel
12-08 10:19:29.373 10347 10347 I ViewInteraction: Performing 'wait for a specific view with <(an instance of android.widget.TextView and view.getHint() matching: is "Time" and view.getParent() view.getParent() view.getId() is <2131231399>)> during 10000 millis.' action on view view.getRootView() to equal view
12-08 10:19:29.378 10347 10347 I ViewInteraction: Performing 'single click' action on view (an instance of android.widget.TextView and view.getHint() matching: is "Time" and view.getParent() view.getParent() view.getId() is <2131231399/ru.iteco.fmhandroid:id/time_in_plan_text_input_layout>)
12-08 10:19:29.640  1776  1927 D gralloc_ranchu: gralloc_alloc: Creating ashmem region of size 5718016
12-08 10:19:29.650  1776  1927 I chatty  : uid=1000(system) HwBinder:1776_3 identical 1 line
12-08 10:19:29.654  1776  1927 D gralloc_ranchu: gralloc_alloc: Creating ashmem region of size 5718016
12-08 10:19:29.668 10347 10438 D EGL_emulation: eglMakeCurrent: 0xe593e800: ver 2 0 (tinfo 0xf0cc0350)
12-08 10:19:29.713 10347 10438 I chatty  : uid=10146(ru.iteco.fmhandroid) RenderThread identical 1 line
12-08 10:19:29.744 10347 10438 D EGL_emulation: eglMakeCurrent: 0xe593e800: ver 2 0 (tinfo 0xf0cc0350)
12-08 10:19:29.790 10347 10474 I okhttp.OkHttpClient: <-- 200 http://www.981757-ca08998.tmweb.ru:8080/fmh/claims (3510ms)
12-08 10:19:29.790 10347 10474 I okhttp.OkHttpClient: Vary: Origin
12-08 10:19:29.790 10347 10474 I okhttp.OkHttpClient: Vary: Access-Control-Request-Method
12-08 10:19:29.791 10347 10474 I okhttp.OkHttpClient: Vary: Access-Control-Request-Headers
12-08 10:19:29.791 10347 10474 I okhttp.OkHttpClient: X-Content-Type-Options: nosniff
12-08 10:19:29.791 10347 10474 I okhttp.OkHttpClient: X-XSS-Protection: 1; mode=block
12-08 10:19:29.791 10347 10474 I okhttp.OkHttpClient: Cache-Control: no-cache, no-store, max-age=0, must-revalidate
12-08 10:19:29.791 10347 10474 I okhttp.OkHttpClient: Pragma: no-cache
12-08 10:19:29.791 10347 10474 I okhttp.OkHttpClient: Expires: 0
12-08 10:19:29.791 10347 10474 I okhttp.OkHttpClient: X-Frame-Options: DENY
12-08 10:19:29.791 10347 10474 I okhttp.OkHttpClient: Content-Type: application/json
12-08 10:19:29.791 10347 10474 I okhttp.OkHttpClient: Transfer-Encoding: chunked
12-08 10:19:29.791 10347 10474 I okhttp.OkHttpClient: Date: Thu, 08 Dec 2022 10:20:14 GMT
12-08 10:19:29.791 10347 10474 I okhttp.OkHttpClient: Keep-Alive: timeout=60
12-08 10:19:29.791 10347 10474 I okhttp.OkHttpClient: Connection: keep-alive
12-08 10:19:29.901 10347 10438 D EGL_emulation: eglMakeCurrent: 0xe593e800: ver 2 0 (tinfo 0xf0cc0350)
12-08 10:19:29.968 10347 10360 I teco.fmhandroi: NativeAlloc concurrent copying GC freed 72429(2980KB) AllocSpace objects, 3(60KB) LOS objects, 33% free, 12MB/18MB, paused 858us total 145.347ms
12-08 10:19:30.129 10347 10347 I ViewInteraction: Performing 'wait for a specific view with <is assignable from class <class android.widget.TimePicker>> during 10000 millis.' action on view view.getRootView() to equal view
12-08 10:19:30.133 10347 10347 I ViewInteraction: Checking 'MatchesViewAssertion{viewMatcher=(view has effective visibility <VISIBLE> and view.getGlobalVisibleRect() to return non-empty rectangle)}' assertion on view is assignable from class <class android.widget.TimePicker>
12-08 10:19:30.138 10347 10347 I ViewInteraction: Performing 'wait for a specific view with <is assignable from class <class android.widget.TimePicker>> during 10000 millis.' action on view view.getRootView() to equal view
12-08 10:19:30.142 10347 10347 I ViewInteraction: Performing 'set time' action on view is assignable from class <class android.widget.TimePicker>
12-08 10:19:30.147 10347 10347 I ViewInteraction: Performing 'wait for a specific view with <view.getId() is <16908313/android:id/button1>> during 10000 millis.' action on view view.getRootView() to equal view
12-08 10:19:30.152 10347 10347 I ViewInteraction: Performing 'single click' action on view view.getId() is <16908313/android:id/button1>
12-08 10:19:30.217 10347 10438 D EGL_emulation: eglMakeCurrent: 0xe593e800: ver 2 0 (tinfo 0xf0cc0350)
12-08 10:19:30.244 10347 10438 D EGL_emulation: eglMakeCurrent: 0xe593e800: ver 2 0 (tinfo 0xf0cc0350)
12-08 10:19:30.267  2018  4164 E InputDispatcher: Window handle Window{604362b u0 ru.iteco.fmhandroid/ru.iteco.fmhandroid.ui.AppActivity} has no registered input channel
12-08 10:19:30.278 10347 10438 D EGL_emulation: eglMakeCurrent: 0xe593e800: ver 2 0 (tinfo 0xf0cc0350)
12-08 10:19:30.614 10347 10347 I ViewInteraction: Performing 'wait for a specific view with <(an instance of android.widget.TextView and view.getHint() matching: is "Description" and view.getParent() view.getParent() view.getId() is <2131230988>)> during 10000 millis.' action on view view.getRootView() to equal view
12-08 10:19:30.620 10347 10347 I ViewInteraction: Performing 'replace text(Описание 3edb6d80-d78e-49c7-9dd9-c877186295b5)' action on view (an instance of android.widget.TextView and view.getHint() matching: is "Description" and view.getParent() view.getParent() view.getId() is <2131230988/ru.iteco.fmhandroid:id/description_text_input_layout>)
12-08 10:19:30.699 10347 10347 I ViewInteraction: Performing 'wait for a specific view with <view.getId() is <2131231291>> during 10000 millis.' action on view view.getRootView() to equal view
12-08 10:19:30.710 10347 10347 I ViewInteraction: Performing 'single click' action on view view.getId() is <2131231291/ru.iteco.fmhandroid:id/save_button>
12-08 10:19:30.788 10347 10478 I okhttp.OkHttpClient: --> POST http://www.981757-ca08998.tmweb.ru:8080/fmh/claims
12-08 10:19:30.789 10347 10478 I okhttp.OkHttpClient: Content-Type: application/json; charset=UTF-8
12-08 10:19:30.789 10347 10478 I okhttp.OkHttpClient: Content-Length: 279
12-08 10:19:30.789 10347 10478 I okhttp.OkHttpClient: {"createDate":1670494770,"creatorId":2,"creatorName":"Иванов Данил Данилович","description":"Описание 3edb6d80-d78e-49c7-9dd9-c877186295b5","planExecuteDate":1688897940,"status":"OPEN","title":"Заголовок bf66b2d4-b710-403f-b634-c4e3143ce057"}
12-08 10:19:30.789 10347 10478 I okhttp.OkHttpClient: --> END POST (279-byte body)
12-08 10:19:30.800  1744 10479 E ResolverController: No valid NAT64 prefix (106, <unspecified>/0)
12-08 10:19:31.028 10347 10347 I ViewInteraction: Performing 'wait for a specific view with <view.getId() is <2131230849/ru.iteco.fmhandroid:id/add_new_claim_material_button>> during 10000 millis.' action on view view.getRootView() to equal view
12-08 10:19:31.217 10347 10478 I okhttp.OkHttpClient: <-- 200 http://www.981757-ca08998.tmweb.ru:8080/fmh/claims (427ms)
12-08 10:19:31.217 10347 10478 I okhttp.OkHttpClient: Vary: Origin
12-08 10:19:31.217 10347 10478 I okhttp.OkHttpClient: Vary: Access-Control-Request-Method
12-08 10:19:31.217 10347 10478 I okhttp.OkHttpClient: Vary: Access-Control-Request-Headers
12-08 10:19:31.217 10347 10478 I okhttp.OkHttpClient: X-Content-Type-Options: nosniff
12-08 10:19:31.217 10347 10478 I okhttp.OkHttpClient: X-XSS-Protection: 1; mode=block
12-08 10:19:31.218 10347 10478 I okhttp.OkHttpClient: Cache-Control: no-cache, no-store, max-age=0, must-revalidate
12-08 10:19:31.218 10347 10478 I okhttp.OkHttpClient: Pragma: no-cache
12-08 10:19:31.218 10347 10478 I okhttp.OkHttpClient: Expires: 0
12-08 10:19:31.218 10347 10478 I okhttp.OkHttpClient: X-Frame-Options: DENY
12-08 10:19:31.218 10347 10478 I okhttp.OkHttpClient: Content-Type: application/json
12-08 10:19:31.218 10347 10478 I okhttp.OkHttpClient: Transfer-Encoding: chunked
12-08 10:19:31.218 10347 10478 I okhttp.OkHttpClient: Date: Thu, 08 Dec 2022 10:20:16 GMT
12-08 10:19:31.218 10347 10478 I okhttp.OkHttpClient: Keep-Alive: timeout=60
12-08 10:19:31.218 10347 10478 I okhttp.OkHttpClient: Connection: keep-alive
12-08 10:19:31.219 10347 10478 I okhttp.OkHttpClient: {"id":2723,"title":"Заголовок bf66b2d4-b710-403f-b634-c4e3143ce057","description":"Описание 3edb6d80-d78e-49c7-9dd9-c877186295b5","creatorId":2,"executorId":null,"createDate":1670494770,"planExecuteDate":1688897940,"factExecuteDate":null,"status":"OPEN","creatorName":"Иванов Данил Данилович","executorName":null}
12-08 10:19:31.219 10347 10478 I okhttp.OkHttpClient: <-- END HTTP (350-byte body)
12-08 10:19:31.291  2018  2058 E memtrack: Couldn't load memtrack module
12-08 10:19:31.291  2018  2058 W android.os.Debug: failed to get memory consumption info: -1
12-08 10:19:31.341 10347 10347 I ViewInteraction: Performing 'single click' action on view view.getId() is <2131230849/ru.iteco.fmhandroid:id/add_new_claim_material_button>
12-08 10:19:31.403 10347 10452 I okhttp.OkHttpClient: --> GET http://www.981757-ca08998.tmweb.ru:8080/fmh/users
12-08 10:19:31.403 10347 10452 I okhttp.OkHttpClient: --> END GET
12-08 10:19:31.635 10347 10347 I ViewInteraction: Performing 'wait for a specific view with <view.getId() is <2131231041>> during 10000 millis.' action on view view.getRootView() to equal view
12-08 10:19:32.016 10347 10452 I okhttp.OkHttpClient: <-- 200 http://www.981757-ca08998.tmweb.ru:8080/fmh/users (612ms)
12-08 10:19:32.016 10347 10452 I okhttp.OkHttpClient: Vary: Origin
12-08 10:19:32.016 10347 10452 I okhttp.OkHttpClient: Vary: Access-Control-Request-Method
12-08 10:19:32.016 10347 10452 I okhttp.OkHttpClient: Vary: Access-Control-Request-Headers
12-08 10:19:32.016 10347 10452 I okhttp.OkHttpClient: X-Content-Type-Options: nosniff
12-08 10:19:32.016 10347 10452 I okhttp.OkHttpClient: X-XSS-Protection: 1; mode=block
12-08 10:19:32.016 10347 10452 I okhttp.OkHttpClient: Cache-Control: no-cache, no-store, max-age=0, must-revalidate
12-08 10:19:32.016 10347 10452 I okhttp.OkHttpClient: Pragma: no-cache
12-08 10:19:32.016 10347 10452 I okhttp.OkHttpClient: Expires: 0
12-08 10:19:32.016 10347 10452 I okhttp.OkHttpClient: X-Frame-Options: DENY
12-08 10:19:32.016 10347 10452 I okhttp.OkHttpClient: Content-Type: application/json
12-08 10:19:32.017 10347 10452 I okhttp.OkHttpClient: Transfer-Encoding: chunked
12-08 10:19:32.017 10347 10452 I okhttp.OkHttpClient: Date: Thu, 08 Dec 2022 10:20:16 GMT
12-08 10:19:32.017 10347 10452 I okhttp.OkHttpClient: Keep-Alive: timeout=60
12-08 10:19:32.017 10347 10452 I okhttp.OkHttpClient: Connection: keep-alive
12-08 10:19:32.017 10347 10452 I okhttp.OkHttpClient: [{"id":1,"firstName":"Петр","lastName":"Смирнов","middleName":"Петрович","admin":true},{"id":2,"firstName":"Данил","lastName":"Иванов","middleName":"Данилович","admin":true},{"id":3,"firstName":"Егор","lastName":"Петров","middleName":"Егорович","admin":false},{"id":4,"firstName":"Дмитрий","lastName":"Сидоров","middleName":"Дмитриевич","admin":false},{"id":5,"firstName":"Тест","lastName":"Тестов","middleName":"Тестович","admin":true},{"id":6,"firstName":"Diplom","lastName":"Netology","middleName":"QAMID","admin":true}]
12-08 10:19:32.017 10347 10452 I okhttp.OkHttpClient: <-- END HTTP (622-byte body)
12-08 10:19:32.309 10347 10347 I ViewInteraction: Performing 'single click' action on view view.getId() is <2131231041/ru.iteco.fmhandroid:id/executor_drop_menu_auto_complete_text_view>
12-08 10:19:32.521  1776  1927 D gralloc_ranchu: gralloc_alloc: Creating ashmem region of size 4116480
12-08 10:19:32.525  1776  1927 I chatty  : uid=1000(system) HwBinder:1776_3 identical 1 line
12-08 10:19:32.527  1776  1927 D gralloc_ranchu: gralloc_alloc: Creating ashmem region of size 4116480
12-08 10:19:32.550 10347 10438 D EGL_emulation: eglMakeCurrent: 0xe593e800: ver 2 0 (tinfo 0xf0cc0350)
12-08 10:19:32.606 10347 10347 I AssistStructure: Flattened final assist data: 6984 bytes, containing 2 windows, 53 views
12-08 10:19:32.627  2018  2340 D AutofillSession: Starting partition or augmented request for view id 1073741845@2077669566: STARTED_SESSION
12-08 10:19:32.640 10347 10438 D EGL_emulation: eglMakeCurrent: 0xe593e800: ver 2 0 (tinfo 0xf0cc0350)
12-08 10:19:32.676  2018  2018 D AutofillSession: cancelCurrentRequest(): id = 546
12-08 10:19:32.677 10347 10347 I AssistStructure: Flattened final assist data: 6984 bytes, containing 2 windows, 53 views
12-08 10:19:32.687  2537  2537 W GInputConnectionWrapper: IPC IC_GET_TEXT_BEFORE_CURSOR_AND_FIX_SELECTION_INDICES took 111 ms
12-08 10:19:32.701 10347 10438 D EGL_emulation: eglMakeCurrent: 0xe593e800: ver 2 0 (tinfo 0xf0cc0350)
12-08 10:19:32.728  2537  2537 I KeyboardViewUtil: systemKeyboardHeightRatio:1.000000; userKeyboardHeightRatio:1.000000.
12-08 10:19:32.742  2537  2537 I AndroidIME: LatinIme.onActivate() : EditorInfo = Package = ru.iteco.fmhandroid : Type = Text : Learning = Disable : Suggestion = Show : AutoCorrection = Disable : Microphone = Show : NoPersonalizedLearning = Disable
12-08 10:19:32.810  2656  2656 W ktk     : Pending fill request while another request in the same session was triggered. [CONTEXT service_id=177 ]
12-08 10:19:32.866 10347 10438 D EGL_emulation: eglMakeCurrent: 0xe593e800: ver 2 0 (tinfo 0xf0cc0350)
12-08 10:19:32.941 10347 10347 I ViewInteraction: Performing 'close keyboard' action on view view.getRootView() to equal view
12-08 10:19:33.022  2537  2537 I Conv2QueryExtension: Current locale: en_US, config allows these locales: de,en,es,fr,it,ms,pt,ta
12-08 10:19:33.024  2537  2537 I Conv2QueryExtension: Conv2Query not enabled due to current app [ru.iteco.fmhandroid] not in whitelist
12-08 10:19:33.024  2537  2537 I Conv2QueryExtension: onActivate() : Disabled by unsupported host app
12-08 10:19:33.077  2170  2566 D EGL_emulation: eglMakeCurrent: 0xe594e040: ver 2 0 (tinfo 0xc52450c0)
12-08 10:19:33.174  2018  2051 D AutofillUI: destroySaveUiUiThread(): already destroyed
