--------- beginning of main
12-08 11:34:37.496 13607 13607 I ViewInteraction: Checking 'MatchesViewAssertion{viewMatcher=Have view id $targetViewId with matches $itemMatcher}' assertion on view view.getId() is <2131230916/ru.iteco.fmhandroid:id/claim_list_recycler_view>
12-08 11:34:37.500 13607 13607 D takeScreenshot: Found 1 global views to redraw
12-08 11:34:37.531  1776  1776 D gralloc_ranchu: gralloc_alloc: Creating ashmem region of size 10108928
12-08 11:34:37.582 13607 13651 W DefaultFailureHandler: Failed to take screenshot
12-08 11:34:37.582 13607 13651 W DefaultFailureHandler: java.io.FileNotFoundException: view-op-error-4.png: open failed: EROFS (Read-only file system)
12-08 11:34:37.582 13607 13651 W DefaultFailureHandler: 	at libcore.io.IoBridge.open(IoBridge.java:496)
12-08 11:34:37.582 13607 13651 W DefaultFailureHandler: 	at java.io.FileOutputStream.<init>(FileOutputStream.java:235)
12-08 11:34:37.582 13607 13651 W DefaultFailureHandler: 	at java.io.FileOutputStream.<init>(FileOutputStream.java:125)
12-08 11:34:37.582 13607 13651 W DefaultFailureHandler: 	at androidx.test.platform.io.FileTestStorage.openOutputFile(FileTestStorage.java:60)
12-08 11:34:37.582 13607 13651 W DefaultFailureHandler: 	at androidx.test.core.graphics.BitmapStorage.writeToTestStorage(BitmapStorageExt.kt:49)
12-08 11:34:37.582 13607 13651 W DefaultFailureHandler: 	at androidx.test.espresso.base.DefaultFailureHandler.takeScreenshot(DefaultFailureHandler.java:4)
12-08 11:34:37.582 13607 13651 W DefaultFailureHandler: 	at androidx.test.espresso.base.DefaultFailureHandler.handle(DefaultFailureHandler.java:3)
12-08 11:34:37.582 13607 13651 W DefaultFailureHandler: 	at androidx.test.espresso.ViewInteraction.waitForAndHandleInteractionResults(ViewInteraction.java:5)
12-08 11:34:37.582 13607 13651 W DefaultFailureHandler: 	at androidx.test.espresso.ViewInteraction.check(ViewInteraction.java:12)
12-08 11:34:37.582 13607 13651 W DefaultFailureHandler: 	at ru.iteco.fmhandroid.ui.steps.ClaimsPageSteps.checkClaimIsPresent(ClaimsPageSteps.java:264)
12-08 11:34:37.582 13607 13651 W DefaultFailureHandler: 	at ru.iteco.fmhandroid.ui.ClaimsCreationFormTest.shouldCreateAClaimWithATitleWith49Characters(ClaimsCreationFormTest.java:264)
12-08 11:34:37.582 13607 13651 W DefaultFailureHandler: 	at java.lang.reflect.Method.invoke(Native Method)
12-08 11:34:37.582 13607 13651 W DefaultFailureHandler: 	at org.junit.runners.model.FrameworkMethod$1.runReflectiveCall(FrameworkMethod.java:59)
12-08 11:34:37.582 13607 13651 W DefaultFailureHandler: 	at org.junit.internal.runners.model.ReflectiveCallable.run(ReflectiveCallable.java:12)
12-08 11:34:37.582 13607 13651 W DefaultFailureHandler: 	at org.junit.runners.model.FrameworkMethod.invokeExplosively(FrameworkMethod.java:56)
12-08 11:34:37.582 13607 13651 W DefaultFailureHandler: 	at org.junit.internal.runners.statements.InvokeMethod.evaluate(InvokeMethod.java:17)
12-08 11:34:37.582 13607 13651 W DefaultFailureHandler: 	at androidx.test.internal.runner.junit4.statement.RunBefores.evaluate(RunBefores.java:80)
12-08 11:34:37.582 13607 13651 W DefaultFailureHandler: 	at androidx.test.internal.runner.junit4.statement.RunAfters.evaluate(RunAfters.java:61)
12-08 11:34:37.582 13607 13651 W DefaultFailureHandler: 	at io.qameta.allure.android.rules.ScreenshotRule$apply$1.evaluate(ScreenshotRule.kt:22)
12-08 11:34:37.582 13607 13651 W DefaultFailureHandler: 	at org.junit.rules.ExternalResource$1.evaluate(ExternalResource.java:54)
12-08 11:34:37.582 13607 13651 W DefaultFailureHandler: 	at io.qameta.allure.android.rules.LogcatRule$apply$1.evaluate(LogcatRule.kt:23)
12-08 11:34:37.582 13607 13651 W DefaultFailureHandler: 	at org.junit.rules.RunRules.evaluate(RunRules.java:20)
12-08 11:34:37.582 13607 13651 W DefaultFailureHandler: 	at org.junit.runners.ParentRunner$3.evaluate(ParentRunner.java:306)
12-08 11:34:37.582 13607 13651 W DefaultFailureHandler: 	at org.junit.runners.BlockJUnit4ClassRunner$1.evaluate(BlockJUnit4ClassRunner.java:100)
12-08 11:34:37.582 13607 13651 W DefaultFailureHandler: 	at org.junit.runners.ParentRunner.runLeaf(ParentRunner.java:366)
12-08 11:34:37.582 13607 13651 W DefaultFailureHandler: 	at org.junit.runners.BlockJUnit4ClassRunner.runChild(BlockJUnit4ClassRunner.java:103)
12-08 11:34:37.582 13607 13651 W DefaultFailureHandler: 	at org.junit.runners.BlockJUnit4ClassRunner.runChild(BlockJUnit4ClassRunner.java:63)
12-08 11:34:37.582 13607 13651 W DefaultFailureHandler: 	at org.junit.runners.ParentRunner$4.run(ParentRunner.java:331)
12-08 11:34:37.582 13607 13651 W DefaultFailureHandler: 	at org.junit.runners.ParentRunner$1.schedule(ParentRunner.java:79)
12-08 11:34:37.582 13607 13651 W DefaultFailureHandler: 	at org.junit.runners.ParentRunner.runChildren(ParentRunner.java:329)
12-08 11:34:37.582 13607 13651 W DefaultFailureHandler: 	at org.junit.runners.ParentRunner.access$100(ParentRunner.java:66)
12-08 11:34:37.582 13607 13651 W DefaultFailureHandler: 	at org.junit.runners.ParentRunner$2.evaluate(ParentRunner.java:293)
12-08 11:34:37.582 13607 13651 W DefaultFailureHandler: 	at org.junit.runners.ParentRunner$3.evaluate(ParentRunner.java:306)
12-08 11:34:37.582 13607 13651 W DefaultFailureHandler: 	at org.junit.runners.ParentRunner.run(ParentRunner.java:413)
12-08 11:34:37.582 13607 13651 W DefaultFailureHandler: 	at androidx.test.ext.junit.runners.AndroidJUnit4.run(AndroidJUnit4.java:162)
12-08 11:34:37.582 13607 13651 W DefaultFailureHandler: 	at io.qameta.allure.android.runners.AllureAndroidJUnit4.run(AllureAndroidJUnitRunners.kt:29)
12-08 11:34:37.582 13607 13651 W DefaultFailureHandler: 	at org.junit.runners.Suite.runChild(Suite.java:128)
12-08 11:34:37.582 13607 13651 W DefaultFailureHandler: 	at org.junit.runners.Suite.runChild(Suite.java:27)
12-08 11:34:37.582 13607 13651 W DefaultFailureHandler: 	at org.junit.runners.ParentRunner$4.run(ParentRunner.java:331)
12-08 11:34:37.582 13607 13651 W DefaultFailureHandler: 	at org.junit.runners.ParentRunner$1.schedule(ParentRunner.java:79)
12-08 11:34:37.582 13607 13651 W DefaultFailureHandler: 	at org.junit.runners.ParentRunner.runChildren(ParentRunner.java:329)
12-08 11:34:37.582 13607 13651 W DefaultFailureHandler: 	at org.junit.runners.ParentRunner.access$100(ParentRunner.java:66)
12-08 11:34:37.582 13607 13651 W DefaultFailureHandler: 	at org.junit.runners.ParentRunner$2.evaluate(ParentRunner.java:293)
12-08 11:34:37.582 13607 13651 W DefaultFailureHandler: 	at org.junit.runners.ParentRunner$3.evaluate(ParentRunner.java:306)
12-08 11:34:37.582 13607 13651 W DefaultFailureHandler: 	at org.junit.runners.ParentRunner.run(ParentRunner.java:413)
12-08 11:34:37.582 13607 13651 W DefaultFailureHandler: 	at org.junit.runner.JUnitCore.run(JUnitCore.java:137)
12-08 11:34:37.582 13607 13651 W DefaultFailureHandler: 	at org.junit.runner.JUnitCore.run(JUnitCore.java:115)
12-08 11:34:37.582 13607 13651 W DefaultFailureHandler: 	at androidx.test.internal.runner.TestExecutor.execute(TestExecutor.java:67)
12-08 11:34:37.582 13607 13651 W DefaultFailureHandler: 	at androidx.test.internal.runner.TestExecutor.execute(TestExecutor.java:58)
12-08 11:34:37.582 13607 13651 W DefaultFailureHandler: 	at androidx.test.runner.AndroidJUnitRunner.onStart(AndroidJUnitRunner.java:438)
12-08 11:34:37.582 13607 13651 W DefaultFailureHandler: 	at android.app.Instrumentation$InstrumentationThread.run(Instrumentation.java:2189)
12-08 11:34:37.582 13607 13651 W DefaultFailureHandler: Caused by: android.system.ErrnoException: open failed: EROFS (Read-only file system)
12-08 11:34:37.582 13607 13651 W DefaultFailureHandler: 	at libcore.io.Linux.open(Native Method)
12-08 11:34:37.582 13607 13651 W DefaultFailureHandler: 	at libcore.io.ForwardingOs.open(ForwardingOs.java:167)
12-08 11:34:37.582 13607 13651 W DefaultFailureHandler: 	at libcore.io.BlockGuardOs.open(BlockGuardOs.java:252)
12-08 11:34:37.582 13607 13651 W DefaultFailureHandler: 	at libcore.io.ForwardingOs.open(ForwardingOs.java:167)
12-08 11:34:37.582 13607 13651 W DefaultFailureHandler: 	at android.app.ActivityThread$AndroidOs.open(ActivityThread.java:7255)
12-08 11:34:37.582 13607 13651 W DefaultFailureHandler: 	at libcore.io.IoBridge.open(IoBridge.java:482)
12-08 11:34:37.582 13607 13651 W DefaultFailureHandler: 	... 50 more
12-08 11:34:37.583 13607 13620 I teco.fmhandroi: Background young concurrent copying GC freed 84744(3651KB) AllocSpace objects, 4(76KB) LOS objects, 15% free, 15MB/17MB, paused 1.476ms total 105.762ms
12-08 11:34:37.595  2170  2170 D StatusBar: disable<e i a s b h r c s > disable2<q i n >
12-08 11:34:37.627  2170  2566 D EGL_emulation: eglMakeCurrent: 0xe594e040: ver 2 0 (tinfo 0xc52450c0)
12-08 11:34:37.633  1776  1776 D gralloc_ranchu: gralloc_alloc: Creating ashmem region of size 10108928
12-08 11:34:37.652  2170  2566 D EGL_emulation: eglMakeCurrent: 0xe594e040: ver 2 0 (tinfo 0xc52450c0)
12-08 11:34:37.693  1776  1776 D gralloc_ranchu: gralloc_alloc: Creating ashmem region of size 10108928
12-08 11:34:37.714  2170  2170 D StatusBar: disable<e i a s b h r c s > disable2<q i n >
12-08 11:34:37.755  1776  1776 D gralloc_ranchu: gralloc_alloc: Creating ashmem region of size 10108928
12-08 11:34:38.065  1893  1893 E netmgr  : Failed to open QEMU pipe 'qemud:network': Invalid argument
12-08 11:34:38.380 13607 13651 I QueryController: Matched selector: UiSelector[DESCRIPTION=Airplane mode] <<==>> [android.view.accessibility.AccessibilityNodeInfo@6defb; boundsInParent: Rect(0, 0 - 292, 292); boundsInScreen: Rect(736, 804 - 1028, 1096); packageName: com.android.systemui; className: android.widget.Switch; text: Off; error: null; maxTextLength: -1; contentDescription: Airplane mode; tooltipText: null; viewIdResName: null; checkable: true; checked: false; focusable: true; focused: false; selected: false; clickable: true; longClickable: true; contextClickable: false; enabled: true; password: false; scrollable: false; importantForAccessibility: true; visible: true; actions: [AccessibilityAction: ACTION_FOCUS - null, AccessibilityAction: ACTION_SELECT - null, AccessibilityAction: ACTION_CLEAR_SELECTION - null, AccessibilityAction: ACTION_CLICK - null, AccessibilityAction: ACTION_ACCESSIBILITY_FOCUS - null, AccessibilityAction: ACTION_NEXT_AT_MOVEMENT_GRANULARITY - null, AccessibilityAction: ACTION_PREVIOUS_AT_MOVEMENT_GRANULARITY - null, AccessibilityAction: ACTION_SET_SELECTION - null, AccessibilityAction: ACTION_SHOW_ON_SCREEN - null, AccessibilityAction: ACTION_LONG_CLICK - Open settings]]
--------- beginning of system
12-08 11:34:38.399  2018  2051 D AutofillManagerService: onBackKeyPressed()
12-08 11:34:39.034  2170  2170 V StatusBar: mStatusBarWindow: com.android.systemui.statusbar.phone.StatusBarWindowView{4752fa5 V.E...... ........ 0,0-1080,2340} canPanelBeCollapsed(): true
12-08 11:34:39.042  2170  2170 D StatusBar: disable<e i a s b h r c s > disable2<q i n >
12-08 11:34:39.078  2170  2170 D StatusBar: disable<e i a s b h r c s > disable2<q i n >
12-08 11:34:39.099  1776  1776 D gralloc_ranchu: gralloc_alloc: Creating ashmem region of size 10108928
12-08 11:34:39.131  2170  2566 D EGL_emulation: eglMakeCurrent: 0xe594e040: ver 2 0 (tinfo 0xc52450c0)
12-08 11:34:39.156  1776  1776 D gralloc_ranchu: gralloc_alloc: Creating ashmem region of size 286720
12-08 11:34:39.165  2170  2566 D EGL_emulation: eglMakeCurrent: 0xe594e040: ver 2 0 (tinfo 0xc52450c0)
12-08 11:34:39.180  1776  1776 D gralloc_ranchu: gralloc_alloc: Creating ashmem region of size 286720
12-08 11:34:39.033  2018  2051 D AutofillManagerService: onBackKeyPressed()
12-08 11:34:39.402  2018 11055 I ActivityTaskManager: START u0 {act=android.intent.action.MAIN cat=[android.intent.category.LAUNCHER] flg=0x10000000 cmp=ru.iteco.fmhandroid.test/androidx.test.core.app.InstrumentationActivityInvoker$EmptyActivity} from uid 10146
12-08 11:34:39.215  1776  1776 D gralloc_ranchu: gralloc_alloc: Creating ashmem region of size 286720
12-08 11:34:39.414 13607 13607 D LifecycleMonitor: Lifecycle status change: ru.iteco.fmhandroid.ui.AppActivity@b113fba in: PAUSED
12-08 11:34:39.414 13607 13607 V ActivityScenario: Update currentActivityStage to PAUSED, currentActivity=ru.iteco.fmhandroid.ui.AppActivity@b113fba
12-08 11:34:39.416  2018  2693 W InputReader: Device has associated, but no associated display id.
12-08 11:34:39.421  2018  2693 I chatty  : uid=1000(system) Binder:2018_9 identical 38 lines
12-08 11:34:39.421  2018  2693 W InputReader: Device has associated, but no associated display id.
12-08 11:34:39.421 13665 13665 W ActivityThread: handleWindowVisibility: no activity for token android.os.BinderProxy@d1151c3
12-08 11:34:39.429  2018  2693 W InputReader: Device has associated, but no associated display id.
12-08 11:34:39.430  2018  2693 I chatty  : uid=1000(system) Binder:2018_9 identical 8 lines
12-08 11:34:39.430  2018  2693 W InputReader: Device has associated, but no associated display id.
12-08 11:34:39.431 13607 13644 V FA      : Recording user engagement, ms: 19682
12-08 11:34:39.518  2018  2693 I ActivityTaskManager: START u0 {act=android.intent.action.MAIN cat=[android.intent.category.LAUNCHER] flg=0x10000000 cmp=ru.iteco.fmhandroid.test/androidx.test.core.app.InstrumentationActivityInvoker$EmptyActivity} from uid 10146
12-08 11:34:39.533 13607 13644 V FA      : Connecting to remote service
12-08 11:34:39.552  1776  1776 D gralloc_ranchu: gralloc_alloc: Creating ashmem region of size 10108928
12-08 11:34:39.563  1776  1776 D gralloc_ranchu: gralloc_alloc: Creating ashmem region of size 10108928
12-08 11:34:39.567 13665 13696 D EGL_emulation: eglMakeCurrent: 0xe593ea40: ver 2 0 (tinfo 0xf0c89d20)
12-08 11:34:39.577  1776  1776 D gralloc_ranchu: gralloc_alloc: Creating ashmem region of size 10108928
12-08 11:34:39.589 13607 13644 V FA      : Connection attempt already in progress
12-08 11:34:39.589 13607 13644 V FA      : Activity paused, time: 62055162
12-08 11:34:39.599 13607 13644 D FA      : Connected to remote service
12-08 11:34:39.601 13607 13644 V FA      : Processing queued up service tasks: 2
12-08 11:34:39.622  2018  2693 W InputReader: Device has associated, but no associated display id.
12-08 11:34:39.636  2018  2693 I chatty  : uid=1000(system) Binder:2018_9 identical 48 lines
12-08 11:34:39.636  2018  2693 W InputReader: Device has associated, but no associated display id.
12-08 11:34:39.648  2873 13654 V FA-SVC  : Logging event: origin=auto,name=user_engagement(_e),params=Bundle[{ga_event_origin(_o)=auto, engagement_time_msec(_et)=19682, ga_screen_class(_sc)=AppActivity, ga_screen_id(_si)=-527999674539728474}]
12-08 11:34:39.653 13665 13665 W ActivityThread: handleWindowVisibility: no activity for token android.os.BinderProxy@7079322
12-08 11:34:39.687  2873 13654 V FA-SVC  : Upload scheduled in approximately ms: 3417942
12-08 11:34:39.687  2873 13654 V FA-SVC  : Unscheduling upload
12-08 11:34:39.689  2018  3060 W ActivityTaskManager: Duplicate finish request for ActivityRecord{64bba4f u0 ru.iteco.fmhandroid/.ui.AppActivity t356 f}
12-08 11:34:39.705  2873 13654 V FA-SVC  : Scheduling upload, millis: 3417942
12-08 11:34:39.711  2873 13654 V FA-SVC  : Background event processing time, ms: 63
12-08 11:34:39.717  2656 13725 E NetworkScheduler.ATC: Called cancelTask for already completed task com.google.android.gms/.measurement.PackageMeasurementTaskService{u=0 tag="Measurement.PackageMeasurementTaskService.UPLOAD_TASK_TAG" trigger=window{start=256s,end=513s,earliest=-1495s,latest=-1238s} requirements=[NET_CONNECTED] attributes=[PERSISTED] scheduled=-1751s last_run=-184s jid=N/A status=ACTIVE retries=0 client_lib=GMS_TASK_SCHEDULER-202414000} :1 [CONTEXT service_id=218 ]
12-08 11:34:39.732  1776  1776 D gralloc_ranchu: gralloc_alloc: Creating ashmem region of size 10108928
12-08 11:34:39.743  1776  1776 I chatty  : uid=1000(system) allocator@2.0-s identical 1 line
12-08 11:34:39.745  1776  1776 D gralloc_ranchu: gralloc_alloc: Creating ashmem region of size 10108928
12-08 11:34:39.747 13665 13696 D EGL_emulation: eglMakeCurrent: 0xe593ea40: ver 2 0 (tinfo 0xf0c89d20)
12-08 11:34:39.769  2018  2054 W InputReader: Device has associated, but no associated display id.
12-08 11:34:39.772  2018  2054 I chatty  : uid=1000(system) android.anim identical 18 lines
12-08 11:34:39.772  2018  2054 W InputReader: Device has associated, but no associated display id.
12-08 11:34:39.774 13607 13699 D EGL_emulation: eglMakeCurrent: 0xe593e8c0: ver 2 0 (tinfo 0xf0c99e70)
12-08 11:34:39.780  2018  2058 I ActivityTaskManager: Displayed ru.iteco.fmhandroid.test/androidx.test.core.app.InstrumentationActivityInvoker$EmptyActivity: +197ms
12-08 11:34:39.797  2018  2693 W InputReader: Device has associated, but no associated display id.
12-08 11:34:39.797  2018  2693 I chatty  : uid=1000(system) Binder:2018_9 identical 8 lines
12-08 11:34:39.797  2018  2693 W InputReader: Device has associated, but no associated display id.
12-08 11:34:39.827  2018  2036 W InputReader: Device has associated, but no associated display id.
12-08 11:34:39.827  2018  2036 I chatty  : uid=1000(system) Binder:2018_1 identical 8 lines
12-08 11:34:39.827  2018  2036 W InputReader: Device has associated, but no associated display id.
12-08 11:34:39.840 13607 13607 D LifecycleMonitor: Lifecycle status change: ru.iteco.fmhandroid.ui.AppActivity@b113fba in: STOPPED
12-08 11:34:39.840 13607 13607 V ActivityScenario: Update currentActivityStage to STOPPED, currentActivity=ru.iteco.fmhandroid.ui.AppActivity@b113fba
12-08 11:34:39.867  1776  1776 D gralloc_ranchu: gralloc_alloc: Creating ashmem region of size 10108928
12-08 11:34:39.883 13607 13607 W System.err: ru.iteco.fmhandroid.exceptions.UnknownException
12-08 11:34:39.883 13607 13607 W System.err: 	at ru.iteco.fmhandroid.utils.Utils.makeRequest(Utils.kt:123)
12-08 11:34:39.883 13607 13607 W System.err: 	at ru.iteco.fmhandroid.utils.Utils$makeRequest$1.invokeSuspend(Unknown Source:15)
12-08 11:34:39.883 13607 13607 W System.err: 	at kotlin.coroutines.jvm.internal.BaseContinuationImpl.resumeWith(ContinuationImpl.kt:33)
12-08 11:34:39.883 13607 13607 W System.err: 	at kotlinx.coroutines.DispatchedTaskKt.resume(DispatchedTask.kt:234)
12-08 11:34:39.884 13607 13607 W System.err: 	at kotlinx.coroutines.DispatchedTaskKt.resumeUnconfined(DispatchedTask.kt:190)
12-08 11:34:39.884 13607 13607 W System.err: 	at kotlinx.coroutines.DispatchedTaskKt.dispatch(DispatchedTask.kt:161)
12-08 11:34:39.885 13607 13607 W System.err: 	at kotlinx.coroutines.CancellableContinuationImpl.dispatchResume(CancellableContinuationImpl.kt:397)
12-08 11:34:39.885 13607 13607 W System.err: 	at kotlinx.coroutines.CancellableContinuationImpl.cancel(CancellableContinuationImpl.kt:183)
12-08 11:34:39.885 13607 13607 W System.err: 	at kotlinx.coroutines.CancellableContinuationImpl.parentCancelled$kotlinx_coroutines_core(CancellableContinuationImpl.kt:190)
12-08 11:34:39.885 13607 13607 W System.err: 	at kotlinx.coroutines.ChildContinuation.invoke(JobSupport.kt:1474)
12-08 11:34:39.885 13607 13607 W System.err: 	at kotlinx.coroutines.JobSupport.notifyCancelling(JobSupport.kt:1499)
12-08 11:34:39.885 13607 13607 W System.err: 	at kotlinx.coroutines.JobSupport.tryMakeCancelling(JobSupport.kt:795)
12-08 11:34:39.885 13607 13607 W System.err: 	at kotlinx.coroutines.JobSupport.makeCancelling(JobSupport.kt:755)
12-08 11:34:39.885 13607 13607 W System.err: 	at kotlinx.coroutines.JobSupport.cancelImpl$kotlinx_coroutines_core(JobSupport.kt:671)
12-08 11:34:39.885 13607 13607 W System.err: 	at kotlinx.coroutines.JobSupport.parentCancelled(JobSupport.kt:637)
12-08 11:34:39.885 13607 13607 W System.err: 	at kotlinx.coroutines.ChildHandleNode.invoke(JobSupport.kt:1465)
12-08 11:34:39.885 13607 13607 W System.err: 	at kotlinx.coroutines.JobSupport.notifyCancelling(JobSupport.kt:1499)
12-08 11:34:39.885 13607 13607 W System.err: 	at kotlinx.coroutines.JobSupport.tryMakeCompletingSlowPath(JobSupport.kt:900)
12-08 11:34:39.885 13607 13607 W System.err: 	at kotlinx.coroutines.JobSupport.tryMakeCompleting(JobSupport.kt:863)
12-08 11:34:39.885 13607 13607 W System.err: 	at kotlinx.coroutines.JobSupport.cancelMakeCompleting(JobSupport.kt:696)
12-08 11:34:39.899  1776  1776 D gralloc_ranchu: gralloc_alloc: Creating ashmem region of size 10108928
12-08 11:34:39.901  1776  1776 D gralloc_ranchu: gralloc_alloc: Creating ashmem region of size 10108928
12-08 11:34:39.905 13607 13607 W System.err: 	at kotlinx.coroutines.JobSupport.cancelImpl$kotlinx_coroutines_core(JobSupport.kt:667)
12-08 11:34:39.905 13607 13607 W System.err: 	at kotlinx.coroutines.JobSupport.cancelInternal(JobSupport.kt:632)
12-08 11:34:39.905 13607 13607 W System.err: 	at kotlinx.coroutines.JobSupport.cancel(JobSupport.kt:617)
12-08 11:34:39.905 13607 13607 W System.err: 	at kotlinx.coroutines.JobKt__JobKt.cancel(Job.kt:561)
12-08 11:34:39.905 13607 13607 W System.err: 	at kotlinx.coroutines.JobKt.cancel(Unknown Source:1)
12-08 11:34:39.906 13607 13607 W System.err: 	at kotlinx.coroutines.JobKt__JobKt.cancel$default(Job.kt:560)
12-08 11:34:39.906 13607 13607 W System.err: 	at kotlinx.coroutines.JobKt.cancel$default(Unknown Source:1)
12-08 11:34:39.906 13607 13607 W System.err: 	at androidx.lifecycle.CloseableCoroutineScope.close(ViewModel.kt:51)
12-08 11:34:39.906 13607 13607 W System.err: 	at androidx.lifecycle.ViewModel.closeWithRuntimeException(ViewModel.java:188)
12-08 11:34:39.906 13607 13607 W System.err: 	at androidx.lifecycle.ViewModel.clear(ViewModel.java:134)
12-08 11:34:39.906 13607 13607 W System.err: 	at androidx.lifecycle.ViewModelStore.clear(ViewModelStore.java:62)
12-08 11:34:39.906 13607 13607 W System.err: 	at androidx.fragment.app.FragmentManagerViewModel.clearNonConfigStateInternal(FragmentManagerViewModel.java:210)
12-08 11:34:39.909  2018  2018 W ActivityManager: Unable to start service Intent { act=android.service.appprediction.AppPredictionService cmp=com.google.android.as/com.google.android.apps.miphone.aiai.app.AiAiPredictionService } U=0: not found
12-08 11:34:39.909  2018  2018 W RemoteAppPredictionService: could not bind to Intent { act=android.service.appprediction.AppPredictionService cmp=com.google.android.as/com.google.android.apps.miphone.aiai.app.AiAiPredictionService } using flags 67108865
12-08 11:34:39.909 13607 13607 W System.err: 	at androidx.fragment.app.FragmentManagerViewModel.clearNonConfigState(FragmentManagerViewModel.java:190)
12-08 11:34:39.910 13607 13607 W System.err: 	at androidx.fragment.app.FragmentStateManager.destroy(FragmentStateManager.java:778)
12-08 11:34:39.910 13607 13607 W System.err: 	at androidx.fragment.app.FragmentStateManager.moveToExpectedState(FragmentStateManager.java:335)
12-08 11:34:39.910 13607 13607 W System.err: 	at androidx.fragment.app.FragmentStore.moveToExpectedState(FragmentStore.java:121)
12-08 11:34:39.910 13607 13607 W System.err: 	at androidx.fragment.app.FragmentManager.moveToState(FragmentManager.java:1374)
12-08 11:34:39.910 13607 13607 W System.err: 	at androidx.fragment.app.FragmentManager.dispatchStateChange(FragmentManager.java:2841)
12-08 11:34:39.910 13607 13607 W System.err: 	at androidx.fragment.app.FragmentManager.dispatchDestroy(FragmentManager.java:2820)
12-08 11:34:39.910 13607 13607 W System.err: 	at androidx.fragment.app.Fragment.performDestroy(Fragment.java:3246)
12-08 11:34:39.910 13607 13607 W System.err: 	at androidx.fragment.app.FragmentStateManager.destroy(FragmentStateManager.java:780)
12-08 11:34:39.910 13607 13607 W System.err: 	at androidx.fragment.app.FragmentStateManager.moveToExpectedState(FragmentStateManager.java:335)
12-08 11:34:39.910 13607 13607 W System.err: 	at androidx.fragment.app.SpecialEffectsController$FragmentStateManagerOperation.complete(SpecialEffectsController.java:771)
12-08 11:34:39.910 13607 13607 W System.err: 	at androidx.fragment.app.SpecialEffectsController$Operation.cancel(SpecialEffectsController.java:615)
12-08 11:34:39.910 13607 13607 W System.err: 	at androidx.fragment.app.SpecialEffectsController.forceCompleteAllOperations(SpecialEffectsController.java:350)
12-08 11:34:39.910 13607 13607 W System.err: 	at androidx.fragment.app.FragmentManager.dispatchStateChange(FragmentManager.java:2844)
12-08 11:34:39.910 13607 13607 W System.err: 	at androidx.fragment.app.FragmentManager.dispatchDestroy(FragmentManager.java:2820)
12-08 11:34:39.910 13607 13607 W System.err: 	at androidx.fragment.app.FragmentController.dispatchDestroy(FragmentController.java:345)
12-08 11:34:39.910 13607 13607 W System.err: 	at androidx.fragment.app.FragmentActivity.onDestroy(FragmentActivity.java:306)
12-08 11:34:39.910 13607 13607 W System.err: 	at androidx.appcompat.app.AppCompatActivity.onDestroy(AppCompatActivity.java:278)
12-08 11:34:39.910 13607 13607 W System.err: 	at android.app.Activity.performDestroy(Activity.java:8048)
12-08 11:34:39.912 13607 13607 W System.err: 	at android.app.Instrumentation.callActivityOnDestroy(Instrumentation.java:1334)
12-08 11:34:39.912 13607 13607 W System.err: 	at androidx.test.runner.MonitoringInstrumentation.callActivityOnDestroy(MonitoringInstrumentation.java:766)
12-08 11:34:39.912 13607 13607 W System.err: 	at android.app.ActivityThread.performDestroyActivity(ActivityThread.java:4926)
12-08 11:34:39.912 13607 13607 W System.err: 	at android.app.ActivityThread.handleDestroyActivity(ActivityThread.java:4970)
12-08 11:34:39.912 13607 13607 W System.err: 	at android.app.servertransaction.DestroyActivityItem.execute(DestroyActivityItem.java:44)
12-08 11:34:39.912 13607 13607 W System.err: 	at android.app.servertransaction.TransactionExecutor.executeLifecycleState(TransactionExecutor.java:176)
12-08 11:34:39.912 13607 13607 W System.err: 	at android.app.servertransaction.TransactionExecutor.execute(TransactionExecutor.java:97)
12-08 11:34:39.912 13607 13607 W System.err: 	at android.app.ActivityThread$H.handleMessage(ActivityThread.java:2016)
12-08 11:34:39.912 13607 13607 W System.err: 	at android.os.Handler.dispatchMessage(Handler.java:107)
12-08 11:34:39.912 13607 13607 W System.err: 	at android.os.Looper.loop(Looper.java:214)
12-08 11:34:39.912 13607 13607 W System.err: 	at android.app.ActivityThread.main(ActivityThread.java:7356)
12-08 11:34:39.915 13607 13607 W System.err: 	at java.lang.reflect.Method.invoke(Native Method)
12-08 11:34:39.915 13607 13607 W System.err: 	at com.android.internal.os.RuntimeInit$MethodAndArgsCaller.run(RuntimeInit.java:492)
12-08 11:34:39.915 13607 13607 W System.err: 	at com.android.internal.os.ZygoteInit.main(ZygoteInit.java:930)
12-08 11:34:39.915  1776  1776 D gralloc_ranchu: gralloc_alloc: Creating ashmem region of size 10108928
12-08 11:34:39.916  2962  3510 D EGL_emulation: eglMakeCurrent: 0xe597e200: ver 2 0 (tinfo 0xbffb2540)
12-08 11:34:39.923  1776  1776 D gralloc_ranchu: gralloc_alloc: Creating ashmem region of size 10108928
12-08 11:34:39.925  1776  1776 D gralloc_ranchu: gralloc_alloc: Creating ashmem region of size 10108928
12-08 11:34:39.929 12448 12488 D EGL_emulation: eglMakeCurrent: 0xe594d140: ver 2 0 (tinfo 0xc539bd10)
12-08 11:34:39.935 13607 13607 W System.err: ru.iteco.fmhandroid.exceptions.UnknownException
12-08 11:34:39.937 13607 13607 W System.err: 	at ru.iteco.fmhandroid.utils.Utils.makeRequest(Utils.kt:123)
12-08 11:34:39.938 13607 13607 W System.err: 	at ru.iteco.fmhandroid.utils.Utils$makeRequest$1.invokeSuspend(Unknown Source:15)
12-08 11:34:39.938 13607 13607 W System.err: 	at kotlin.coroutines.jvm.internal.BaseContinuationImpl.resumeWith(ContinuationImpl.kt:33)
12-08 11:34:39.938 13607 13607 W System.err: 	at kotlinx.coroutines.DispatchedTaskKt.resume(DispatchedTask.kt:234)
12-08 11:34:39.938 13607 13607 W System.err: 	at kotlinx.coroutines.DispatchedTaskKt.resumeUnconfined(DispatchedTask.kt:190)
12-08 11:34:39.938 13607 13607 W System.err: 	at kotlinx.coroutines.DispatchedTaskKt.dispatch(DispatchedTask.kt:161)
12-08 11:34:39.938 13607 13607 W System.err: 	at kotlinx.coroutines.CancellableContinuationImpl.dispatchResume(CancellableContinuationImpl.kt:397)
12-08 11:34:39.938 13607 13607 W System.err: 	at kotlinx.coroutines.CancellableContinuationImpl.cancel(CancellableContinuationImpl.kt:183)
12-08 11:34:39.938 13607 13607 W System.err: 	at kotlinx.coroutines.CancellableContinuationImpl.parentCancelled$kotlinx_coroutines_core(CancellableContinuationImpl.kt:190)
12-08 11:34:39.938 13607 13607 W System.err: 	at kotlinx.coroutines.ChildContinuation.invoke(JobSupport.kt:1474)
12-08 11:34:39.938 13607 13607 W System.err: 	at kotlinx.coroutines.JobSupport.notifyCancelling(JobSupport.kt:1499)
12-08 11:34:39.938 13607 13607 W System.err: 	at kotlinx.coroutines.JobSupport.tryMakeCancelling(JobSupport.kt:795)
12-08 11:34:39.938 13607 13607 W System.err: 	at kotlinx.coroutines.JobSupport.makeCancelling(JobSupport.kt:755)
12-08 11:34:39.938 13607 13607 W System.err: 	at kotlinx.coroutines.JobSupport.cancelImpl$kotlinx_coroutines_core(JobSupport.kt:671)
12-08 11:34:39.939 13607 13607 W System.err: 	at kotlinx.coroutines.JobSupport.parentCancelled(JobSupport.kt:637)
12-08 11:34:39.939 13607 13607 W System.err: 	at kotlinx.coroutines.ChildHandleNode.invoke(JobSupport.kt:1465)
12-08 11:34:39.940 13607 13607 W System.err: 	at kotlinx.coroutines.JobSupport.notifyCancelling(JobSupport.kt:1499)
12-08 11:34:39.940 13607 13607 W System.err: 	at kotlinx.coroutines.JobSupport.tryMakeCompletingSlowPath(JobSupport.kt:900)
12-08 11:34:39.940 13607 13607 W System.err: 	at kotlinx.coroutines.JobSupport.tryMakeCompleting(JobSupport.kt:863)
12-08 11:34:39.940 13607 13607 W System.err: 	at kotlinx.coroutines.JobSupport.cancelMakeCompleting(JobSupport.kt:696)
12-08 11:34:39.941 13607 13607 W System.err: 	at kotlinx.coroutines.JobSupport.cancelImpl$kotlinx_coroutines_core(JobSupport.kt:667)
12-08 11:34:39.941 13607 13607 W System.err: 	at kotlinx.coroutines.JobSupport.cancelInternal(JobSupport.kt:632)
12-08 11:34:39.941 13607 13607 W System.err: 	at kotlinx.coroutines.JobSupport.cancel(JobSupport.kt:617)
12-08 11:34:39.941 13607 13607 W System.err: 	at kotlinx.coroutines.JobKt__JobKt.cancel(Job.kt:561)
12-08 11:34:39.941 13607 13607 W System.err: 	at kotlinx.coroutines.JobKt.cancel(Unknown Source:1)
12-08 11:34:39.941 13607 13607 W System.err: 	at kotlinx.coroutines.JobKt__JobKt.cancel$default(Job.kt:560)
12-08 11:34:39.941 13607 13607 W System.err: 	at kotlinx.coroutines.JobKt.cancel$default(Unknown Source:1)
12-08 11:34:39.941 13607 13607 W System.err: 	at androidx.lifecycle.CloseableCoroutineScope.close(ViewModel.kt:51)
12-08 11:34:39.941 13607 13607 W System.err: 	at androidx.lifecycle.ViewModel.closeWithRuntimeException(ViewModel.java:188)
12-08 11:34:39.941 13607 13607 W System.err: 	at androidx.lifecycle.ViewModel.clear(ViewModel.java:134)
12-08 11:34:39.941 13607 13607 W System.err: 	at androidx.lifecycle.ViewModelStore.clear(ViewModelStore.java:62)
12-08 11:34:39.942 13607 13607 W System.err: 	at androidx.fragment.app.FragmentManagerViewModel.clearNonConfigStateInternal(FragmentManagerViewModel.java:210)
12-08 11:34:39.942 13607 13607 W System.err: 	at androidx.fragment.app.FragmentManagerViewModel.clearNonConfigState(FragmentManagerViewModel.java:190)
12-08 11:34:39.942 13607 13607 W System.err: 	at androidx.fragment.app.FragmentStateManager.destroy(FragmentStateManager.java:778)
12-08 11:34:39.942 13607 13607 W System.err: 	at androidx.fragment.app.FragmentStateManager.moveToExpectedState(FragmentStateManager.java:335)
12-08 11:34:39.942 13607 13607 W System.err: 	at androidx.fragment.app.FragmentStore.moveToExpectedState(FragmentStore.java:121)
12-08 11:34:39.942 13607 13607 W System.err: 	at androidx.fragment.app.FragmentManager.moveToState(FragmentManager.java:1374)
12-08 11:34:39.942 13607 13607 W System.err: 	at androidx.fragment.app.FragmentManager.dispatchStateChange(FragmentManager.java:2841)
12-08 11:34:39.942 13607 13607 W System.err: 	at androidx.fragment.app.FragmentManager.dispatchDestroy(FragmentManager.java:2820)
12-08 11:34:39.942 13607 13607 W System.err: 	at androidx.fragment.app.Fragment.performDestroy(Fragment.java:3246)
12-08 11:34:39.943 13607 13607 W System.err: 	at androidx.fragment.app.FragmentStateManager.destroy(FragmentStateManager.java:780)
12-08 11:34:39.943 13607 13607 W System.err: 	at androidx.fragment.app.FragmentStateManager.moveToExpectedState(FragmentStateManager.java:335)
12-08 11:34:39.943 13607 13607 W System.err: 	at androidx.fragment.app.SpecialEffectsController$FragmentStateManagerOperation.complete(SpecialEffectsController.java:771)
12-08 11:34:39.943 13607 13607 W System.err: 	at androidx.fragment.app.SpecialEffectsController$Operation.cancel(SpecialEffectsController.java:615)
12-08 11:34:39.943 13607 13607 W System.err: 	at androidx.fragment.app.SpecialEffectsController.forceCompleteAllOperations(SpecialEffectsController.java:350)
12-08 11:34:39.943 13607 13607 W System.err: 	at androidx.fragment.app.FragmentManager.dispatchStateChange(FragmentManager.java:2844)
12-08 11:34:39.943 13607 13607 W System.err: 	at androidx.fragment.app.FragmentManager.dispatchDestroy(FragmentManager.java:2820)
12-08 11:34:39.943 13607 13607 W System.err: 	at androidx.fragment.app.FragmentController.dispatchDestroy(FragmentController.java:345)
12-08 11:34:39.943 13607 13607 W System.err: 	at androidx.fragment.app.FragmentActivity.onDestroy(FragmentActivity.java:306)
12-08 11:34:39.943 13607 13607 W System.err: 	at androidx.appcompat.app.AppCompatActivity.onDestroy(AppCompatActivity.java:278)
12-08 11:34:39.943 13607 13607 W System.err: 	at android.app.Activity.performDestroy(Activity.java:8048)
12-08 11:34:39.943 13607 13607 W System.err: 	at android.app.Instrumentation.callActivityOnDestroy(Instrumentation.java:1334)
12-08 11:34:39.943 13607 13607 W System.err: 	at androidx.test.runner.MonitoringInstrumentation.callActivityOnDestroy(MonitoringInstrumentation.java:766)
12-08 11:34:39.943 13607 13607 W System.err: 	at android.app.ActivityThread.performDestroyActivity(ActivityThread.java:4926)
12-08 11:34:39.944 13607 13607 W System.err: 	at android.app.ActivityThread.handleDestroyActivity(ActivityThread.java:4970)
12-08 11:34:39.944 13607 13607 W System.err: 	at android.app.servertransaction.DestroyActivityItem.execute(DestroyActivityItem.java:44)
12-08 11:34:39.944 13607 13607 W System.err: 	at android.app.servertransaction.TransactionExecutor.executeLifecycleState(TransactionExecutor.java:176)
12-08 11:34:39.945 13607 13607 W System.err: 	at android.app.servertransaction.TransactionExecutor.execute(TransactionExecutor.java:97)
12-08 11:34:39.945 13607 13607 W System.err: 	at android.app.ActivityThread$H.handleMessage(ActivityThread.java:2016)
12-08 11:34:39.945 13607 13607 W System.err: 	at android.os.Handler.dispatchMessage(Handler.java:107)
12-08 11:34:39.945 13607 13607 W System.err: 	at android.os.Looper.loop(Looper.java:214)
12-08 11:34:39.945 13607 13607 W System.err: 	at android.app.ActivityThread.main(ActivityThread.java:7356)
12-08 11:34:39.945 13607 13607 W System.err: 	at java.lang.reflect.Method.invoke(Native Method)
12-08 11:34:39.945 13607 13607 W System.err: 	at com.android.internal.os.RuntimeInit$MethodAndArgsCaller.run(RuntimeInit.java:492)
12-08 11:34:39.945 13607 13607 W System.err: 	at com.android.internal.os.ZygoteInit.main(ZygoteInit.java:930)
12-08 11:34:39.954 13607 13607 W System.err: ru.iteco.fmhandroid.exceptions.UnknownException
12-08 11:34:39.954 13607 13607 W System.err: 	at ru.iteco.fmhandroid.utils.Utils.makeRequest(Utils.kt:123)
12-08 11:34:39.955 13607 13607 W System.err: 	at ru.iteco.fmhandroid.utils.Utils$makeRequest$1.invokeSuspend(Unknown Source:15)
12-08 11:34:39.955 13607 13607 W System.err: 	at kotlin.coroutines.jvm.internal.BaseContinuationImpl.resumeWith(ContinuationImpl.kt:33)
12-08 11:34:39.956 13607 13607 W System.err: 	at kotlinx.coroutines.DispatchedTaskKt.resume(DispatchedTask.kt:234)
12-08 11:34:39.956 13607 13607 W System.err: 	at kotlinx.coroutines.DispatchedTaskKt.resumeUnconfined(DispatchedTask.kt:190)
12-08 11:34:39.956 13607 13607 W System.err: 	at kotlinx.coroutines.DispatchedTaskKt.dispatch(DispatchedTask.kt:161)
12-08 11:34:39.956 13607 13607 W System.err: 	at kotlinx.coroutines.CancellableContinuationImpl.dispatchResume(CancellableContinuationImpl.kt:397)
12-08 11:34:39.956 13607 13607 W System.err: 	at kotlinx.coroutines.CancellableContinuationImpl.cancel(CancellableContinuationImpl.kt:183)
12-08 11:34:39.957 13607 13607 W System.err: 	at kotlinx.coroutines.CancellableContinuationImpl.parentCancelled$kotlinx_coroutines_core(CancellableContinuationImpl.kt:190)
12-08 11:34:39.957 13607 13607 W System.err: 	at kotlinx.coroutines.ChildContinuation.invoke(JobSupport.kt:1474)
12-08 11:34:39.957 13607 13607 W System.err: 	at kotlinx.coroutines.JobSupport.notifyCancelling(JobSupport.kt:1499)
12-08 11:34:39.957 13607 13607 W System.err: 	at kotlinx.coroutines.JobSupport.tryMakeCancelling(JobSupport.kt:795)
12-08 11:34:39.957 13607 13607 W System.err: 	at kotlinx.coroutines.JobSupport.makeCancelling(JobSupport.kt:755)
12-08 11:34:39.957 13607 13607 W System.err: 	at kotlinx.coroutines.JobSupport.cancelImpl$kotlinx_coroutines_core(JobSupport.kt:671)
12-08 11:34:39.957 13607 13607 W System.err: 	at kotlinx.coroutines.JobSupport.parentCancelled(JobSupport.kt:637)
12-08 11:34:39.957 13607 13607 W System.err: 	at kotlinx.coroutines.ChildHandleNode.invoke(JobSupport.kt:1465)
12-08 11:34:39.957 13607 13607 W System.err: 	at kotlinx.coroutines.JobSupport.notifyCancelling(JobSupport.kt:1499)
12-08 11:34:39.957 13607 13607 W System.err: 	at kotlinx.coroutines.JobSupport.tryMakeCompletingSlowPath(JobSupport.kt:900)
12-08 11:34:39.957 13607 13607 W System.err: 	at kotlinx.coroutines.JobSupport.tryMakeCompleting(JobSupport.kt:863)
12-08 11:34:39.957 13607 13607 W System.err: 	at kotlinx.coroutines.JobSupport.cancelMakeCompleting(JobSupport.kt:696)
12-08 11:34:39.957 13607 13607 W System.err: 	at kotlinx.coroutines.JobSupport.cancelImpl$kotlinx_coroutines_core(JobSupport.kt:667)
12-08 11:34:39.958 13607 13607 W System.err: 	at kotlinx.coroutines.JobSupport.cancelInternal(JobSupport.kt:632)
12-08 11:34:39.958 13607 13607 W System.err: 	at kotlinx.coroutines.JobSupport.cancel(JobSupport.kt:617)
12-08 11:34:39.958 13607 13607 W System.err: 	at kotlinx.coroutines.JobKt__JobKt.cancel(Job.kt:561)
12-08 11:34:39.958 13607 13607 W System.err: 	at kotlinx.coroutines.JobKt.cancel(Unknown Source:1)
12-08 11:34:39.958 13607 13607 W System.err: 	at kotlinx.coroutines.JobKt__JobKt.cancel$default(Job.kt:560)
12-08 11:34:39.958 13607 13607 W System.err: 	at kotlinx.coroutines.JobKt.cancel$default(Unknown Source:1)
12-08 11:34:39.958 13607 13607 W System.err: 	at androidx.lifecycle.CloseableCoroutineScope.close(ViewModel.kt:51)
12-08 11:34:39.958 13607 13607 W System.err: 	at androidx.lifecycle.ViewModel.closeWithRuntimeException(ViewModel.java:188)
12-08 11:34:39.958 13607 13607 W System.err: 	at androidx.lifecycle.ViewModel.clear(ViewModel.java:134)
12-08 11:34:39.958 13607 13607 W System.err: 	at androidx.lifecycle.ViewModelStore.clear(ViewModelStore.java:62)
12-08 11:34:39.958 13607 13607 W System.err: 	at androidx.fragment.app.FragmentManagerViewModel.clearNonConfigStateInternal(FragmentManagerViewModel.java:210)
12-08 11:34:39.958 13607 13607 W System.err: 	at androidx.fragment.app.FragmentManagerViewModel.clearNonConfigState(FragmentManagerViewModel.java:190)
12-08 11:34:39.958 13607 13607 W System.err: 	at androidx.fragment.app.FragmentStateManager.destroy(FragmentStateManager.java:778)
12-08 11:34:39.958 13607 13607 W System.err: 	at androidx.fragment.app.FragmentStateManager.moveToExpectedState(FragmentStateManager.java:335)
12-08 11:34:39.958 13607 13607 W System.err: 	at androidx.fragment.app.FragmentStore.moveToExpectedState(FragmentStore.java:121)
12-08 11:34:39.958 13607 13607 W System.err: 	at androidx.fragment.app.FragmentManager.moveToState(FragmentManager.java:1374)
12-08 11:34:39.958 13607 13607 W System.err: 	at androidx.fragment.app.FragmentManager.dispatchStateChange(FragmentManager.java:2841)
12-08 11:34:39.958 13607 13607 W System.err: 	at androidx.fragment.app.FragmentManager.dispatchDestroy(FragmentManager.java:2820)
12-08 11:34:39.959 13607 13607 W System.err: 	at androidx.fragment.app.Fragment.performDestroy(Fragment.java:3246)
12-08 11:34:39.959 13607 13607 W System.err: 	at androidx.fragment.app.FragmentStateManager.destroy(FragmentStateManager.java:780)
12-08 11:34:39.959 13607 13607 W System.err: 	at androidx.fragment.app.FragmentStateManager.moveToExpectedState(FragmentStateManager.java:335)
12-08 11:34:39.959 13607 13607 W System.err: 	at androidx.fragment.app.SpecialEffectsController$FragmentStateManagerOperation.complete(SpecialEffectsController.java:771)
12-08 11:34:39.959 13607 13607 W System.err: 	at androidx.fragment.app.SpecialEffectsController$Operation.cancel(SpecialEffectsController.java:615)
12-08 11:34:39.959 13607 13607 W System.err: 	at androidx.fragment.app.SpecialEffectsController.forceCompleteAllOperations(SpecialEffectsController.java:350)
12-08 11:34:39.960 13607 13607 W System.err: 	at androidx.fragment.app.FragmentManager.dispatchStateChange(FragmentManager.java:2844)
12-08 11:34:39.960 13607 13607 W System.err: 	at androidx.fragment.app.FragmentManager.dispatchDestroy(FragmentManager.java:2820)
12-08 11:34:39.960 13607 13607 W System.err: 	at androidx.fragment.app.FragmentController.dispatchDestroy(FragmentController.java:345)
12-08 11:34:39.960 13607 13607 W System.err: 	at androidx.fragment.app.FragmentActivity.onDestroy(FragmentActivity.java:306)
12-08 11:34:39.960 13607 13607 W System.err: 	at androidx.appcompat.app.AppCompatActivity.onDestroy(AppCompatActivity.java:278)
12-08 11:34:39.960 13607 13607 W System.err: 	at android.app.Activity.performDestroy(Activity.java:8048)
12-08 11:34:39.960 13607 13607 W System.err: 	at android.app.Instrumentation.callActivityOnDestroy(Instrumentation.java:1334)
12-08 11:34:39.960 13607 13607 W System.err: 	at androidx.test.runner.MonitoringInstrumentation.callActivityOnDestroy(MonitoringInstrumentation.java:766)
12-08 11:34:39.960 13607 13607 W System.err: 	at android.app.ActivityThread.performDestroyActivity(ActivityThread.java:4926)
12-08 11:34:39.960 13607 13607 W System.err: 	at android.app.ActivityThread.handleDestroyActivity(ActivityThread.java:4970)
12-08 11:34:39.960 13607 13607 W System.err: 	at android.app.servertransaction.DestroyActivityItem.execute(DestroyActivityItem.java:44)
12-08 11:34:39.960 13607 13607 W System.err: 	at android.app.servertransaction.TransactionExecutor.executeLifecycleState(TransactionExecutor.java:176)
12-08 11:34:39.960 13607 13607 W System.err: 	at android.app.servertransaction.TransactionExecutor.execute(TransactionExecutor.java:97)
12-08 11:34:39.960 13607 13607 W System.err: 	at android.app.ActivityThread$H.handleMessage(ActivityThread.java:2016)
12-08 11:34:39.960 13607 13607 W System.err: 	at android.os.Handler.dispatchMessage(Handler.java:107)
12-08 11:34:39.960 13607 13607 W System.err: 	at android.os.Looper.loop(Looper.java:214)
12-08 11:34:39.960 13607 13607 W System.err: 	at android.app.ActivityThread.main(ActivityThread.java:7356)
12-08 11:34:39.960 13607 13607 W System.err: 	at java.lang.reflect.Method.invoke(Native Method)
12-08 11:34:39.960 13607 13607 W System.err: 	at com.android.internal.os.RuntimeInit$MethodAndArgsCaller.run(RuntimeInit.java:492)
12-08 11:34:39.960 13607 13607 W System.err: 	at com.android.internal.os.ZygoteInit.main(ZygoteInit.java:930)
12-08 11:34:39.990 13607 13607 D LifecycleMonitor: Lifecycle status change: ru.iteco.fmhandroid.ui.AppActivity@b113fba in: DESTROYED
12-08 11:34:39.990  2018  2054 W InputReader: Device has associated, but no associated display id.
12-08 11:34:39.990  2018  2054 I chatty  : uid=1000(system) android.anim identical 8 lines
12-08 11:34:39.990  2018  2054 W InputReader: Device has associated, but no associated display id.
12-08 11:34:39.992 13607 13607 V ActivityScenario: Update currentActivityStage to DESTROYED, currentActivity=null
12-08 11:34:39.995  1776  1776 D gralloc_ranchu: gralloc_alloc: Creating ashmem region of size 6471680
12-08 11:34:40.012  2170  2566 D EGL_emulation: eglMakeCurrent: 0xe594e040: ver 2 0 (tinfo 0xc52450c0)
12-08 11:34:40.045  2962  2962 W ThreadPoolDumper: Queue length for executor EventBus is now 11. Perhaps some tasks are too long, or the pool is too small.
12-08 11:34:40.059  1793  1793 E Layer   : [Surface(name=AppWindowToken{8dcd2e token=Token{a00d3a9 ActivityRecord{4384b30 u0 com.google.android.apps.nexuslauncher/.NexusLauncherActivity t105}}})/@0x3848044 - animation-leash#0] No local sync point found
12-08 11:34:40.059  1793  1793 E Layer   : [Surface(name=AppWindowToken{1ed9d0f token=Token{3a626e ActivityRecord{15975e9 u0 ru.iteco.fmhandroid.test/androidx.test.core.app.InstrumentationActivityInvoker$EmptyActivity t356}}})/@0x136fada - animation-leash#0] No local sync point found
12-08 11:34:40.081 13665 13696 D EGL_emulation: eglMakeCurrent: 0xe593ea40: ver 2 0 (tinfo 0xf0c89d20)
12-08 11:34:40.104  2962  3348 W SessionLifecycleManager: Handover failed. Creating new session controller.
12-08 11:34:40.122  2018  7392 D HostConnection: HostConnection::get() New Host Connection established 0xb22b1870, tid 7392
12-08 11:34:40.124  2018  7392 D HostConnection: HostComposition ext ANDROID_EMU_CHECKSUM_HELPER_v1 ANDROID_EMU_dma_v1 ANDROID_EMU_direct_mem ANDROID_EMU_host_composition_v1 ANDROID_EMU_host_composition_v2 ANDROID_EMU_vulkan ANDROID_EMU_deferred_vulkan_commands ANDROID_EMU_vulkan_null_optional_strings ANDROID_EMU_vulkan_create_resources_with_requirements ANDROID_EMU_YUV_Cache ANDROID_EMU_vulkan_ignored_handles ANDROID_EMU_vulkan_free_memory_sync ANDROID_EMU_vulkan_shader_float16_int8 ANDROID_EMU_vulkan_async_queue_submit ANDROID_EMU_sync_buffer_data GL_OES_vertex_array_object GL_KHR_texture_compression_astc_ldr ANDROID_EMU_host_side_tracing ANDROID_EMU_gles_max_version_2 
12-08 11:34:40.127  2018  7392 W OpenGLRenderer: Failed to choose config with EGL_SWAP_BEHAVIOR_PRESERVED, retrying without...
12-08 11:34:40.130  1764  1764 W audio_hw_generic: Not supplying enough data to HAL, expected position 181237236 , only wrote 180800686
12-08 11:34:40.197  2018  7392 D EGL_emulation: eglCreateContext: 0xb2357640: maj 2 min 0 rcv 2
12-08 11:34:40.207  2018  7392 D EGL_emulation: eglMakeCurrent: 0xb2357640: ver 2 0 (tinfo 0xc0d1c860)
12-08 11:34:40.233 12448 12466 I s.nexuslaunche: NativeAlloc concurrent copying GC freed 2706(209KB) AllocSpace objects, 0(0B) LOS objects, 49% free, 2694KB/5389KB, paused 59.052ms total 152.684ms
12-08 11:34:40.237 12448 12468 W System  : A resource failed to call release. 
12-08 11:34:40.237 12448 12468 W System  : A resource failed to call release. 
12-08 11:34:40.251  2170  2186 I ndroid.systemu: NativeAlloc concurrent copying GC freed 16620(728KB) AllocSpace objects, 0(0B) LOS objects, 49% free, 5556KB/10MB, paused 682us total 175.402ms
12-08 11:34:40.282 13607 13651 E TestRunner: failed: shouldCreateAClaimWithATitleWith49Characters(ru.iteco.fmhandroid.ui.ClaimsCreationFormTest)
12-08 11:34:40.282 13607 13651 E TestRunner: ----- begin exception -----
12-08 11:34:40.285 13607 13651 E TestRunner: androidx.test.espresso.base.AssertionErrorHandler$AssertionFailedWithCauseError: 'Have view id $targetViewId with matches $itemMatcher' doesn't match the selected view.
12-08 11:34:40.285 13607 13651 E TestRunner: Expected: Have view id $targetViewId with matches $itemMatcher
12-08 11:34:40.285 13607 13651 E TestRunner:      Got: androidx.recyclerview.widget.RecyclerView{e3cd5b VFED..... ........ 0,0-1080,1702 #7f0800c4 app:id/claim_list_recycler_view}
12-08 11:34:40.285 13607 13651 E TestRunner: View Details: RecyclerView{id=2131230916, res-name=claim_list_recycler_view, visibility=VISIBLE, width=1080, height=1702, has-focus=false, has-focusable=true, has-window-focus=true, is-clickable=false, is-enabled=true, is-focused=false, is-focusable=true, is-layout-requested=false, is-selected=false, layout-params=androidx.constraintlayout.widget.ConstraintLayout$LayoutParams@YYYYYY, tag=null, root-is-layout-requested=false, has-input-connection=false, x=0.0, y=0.0, child-count=0}
12-08 11:34:40.285 13607 13651 E TestRunner: 
12-08 11:34:40.285 13607 13651 E TestRunner: 	at dalvik.system.VMStack.getThreadStackTrace(Native Method)
12-08 11:34:40.285 13607 13651 E TestRunner: 	at java.lang.Thread.getStackTrace(Thread.java:1720)
12-08 11:34:40.285 13607 13651 E TestRunner: 	at androidx.test.espresso.base.AssertionErrorHandler.handleSafely(AssertionErrorHandler.java:3)
12-08 11:34:40.285 13607 13651 E TestRunner: 	at androidx.test.espresso.base.AssertionErrorHandler.handleSafely(AssertionErrorHandler.java:1)
12-08 11:34:40.285 13607 13651 E TestRunner: 	at androidx.test.espresso.base.DefaultFailureHandler$TypedFailureHandler.handle(DefaultFailureHandler.java:4)
12-08 11:34:40.285 13607 13651 E TestRunner: 	at androidx.test.espresso.base.DefaultFailureHandler.handle(DefaultFailureHandler.java:5)
12-08 11:34:40.285 13607 13651 E TestRunner: 	at androidx.test.espresso.ViewInteraction.waitForAndHandleInteractionResults(ViewInteraction.java:5)
12-08 11:34:40.285 13607 13651 E TestRunner: 	at androidx.test.espresso.ViewInteraction.check(ViewInteraction.java:12)
12-08 11:34:40.285 13607 13651 E TestRunner: 	at ru.iteco.fmhandroid.ui.steps.ClaimsPageSteps.checkClaimIsPresent(ClaimsPageSteps.java:264)
12-08 11:34:40.285 13607 13651 E TestRunner: 	at ru.iteco.fmhandroid.ui.ClaimsCreationFormTest.shouldCreateAClaimWithATitleWith49Characters(ClaimsCreationFormTest.java:264)
12-08 11:34:40.285 13607 13651 E TestRunner: 	at java.lang.reflect.Method.invoke(Native Method)
12-08 11:34:40.285 13607 13651 E TestRunner: 	at org.junit.runners.model.FrameworkMethod$1.runReflectiveCall(FrameworkMethod.java:59)
12-08 11:34:40.285 13607 13651 E TestRunner: 	at org.junit.internal.runners.model.ReflectiveCallable.run(ReflectiveCallable.java:12)
