12-02 23:14:25.839  1864  1864 I ViewInteraction: Checking 'MatchesViewAssertion{viewMatcher=(view has effective visibility <VISIBLE> and view.getGlobalVisibleRect() to return non-empty rectangle)}' assertion on view is assignable from class <class android.widget.DatePicker>
12-02 23:14:25.841  1864  1864 I ViewInteraction: Performing 'wait for a specific view with <is assignable from class <class android.widget.DatePicker>> during 10000 millis.' action on view view.getRootView() to equal view
12-02 23:14:25.844  1864  1864 I ViewInteraction: Performing 'set date' action on view is assignable from class <class android.widget.DatePicker>
12-02 23:14:25.867  1864  1864 I ViewInteraction: Performing 'wait for a specific view with <view.getId() is <16908313/android:id/button1>> during 10000 millis.' action on view view.getRootView() to equal view
12-02 23:14:25.870  1864  1864 I ViewInteraction: Performing 'single click' action on view view.getId() is <16908313/android:id/button1>
12-02 23:14:25.945  1864  2003 D EGL_emulation: eglMakeCurrent: 0xdb91b3e0: ver 2 0 (tinfo 0xdb98eb00)
12-02 23:14:25.958  1864  2003 D EGL_emulation: eglMakeCurrent: 0xdb91b3e0: ver 2 0 (tinfo 0xdb98eb00)
12-02 23:14:25.965  2010 20213 E InputDispatcher: Window handle Window{a30bb24 u0 ru.iteco.fmhandroid/ru.iteco.fmhandroid.ui.AppActivity} has no registered input channel
12-02 23:14:26.206  1864  1864 I ViewInteraction: Performing 'wait for a specific view with <(an instance of android.widget.TextView and view.getHint() matching: is "Time" and view.getParent() view.getParent() view.getId() is <2131231399/ru.iteco.fmhandroid:id/time_in_plan_text_input_layout>)> during 10000 millis.' action on view view.getRootView() to equal view
12-02 23:14:26.208  1864  1864 I ViewInteraction: Performing 'single click' action on view (an instance of android.widget.TextView and view.getHint() matching: is "Time" and view.getParent() view.getParent() view.getId() is <2131231399/ru.iteco.fmhandroid:id/time_in_plan_text_input_layout>)
12-02 23:14:26.324  1772  1873 D gralloc_ranchu: gralloc_alloc: Creating ashmem region of size 9261056
12-02 23:14:26.328  1772  1873 I chatty  : uid=1000(system) HwBinder:1772_1 identical 1 line
12-02 23:14:26.332  1772  1873 D gralloc_ranchu: gralloc_alloc: Creating ashmem region of size 9261056
12-02 23:14:26.336  1864  2003 D EGL_emulation: eglMakeCurrent: 0xdb91b3e0: ver 2 0 (tinfo 0xdb98eb00)
12-02 23:14:26.382  1864  2003 D EGL_emulation: eglMakeCurrent: 0xdb91b3e0: ver 2 0 (tinfo 0xdb98eb00)
12-02 23:14:26.625  1864  1864 I ViewInteraction: Performing 'wait for a specific view with <is assignable from class <class android.widget.TimePicker>> during 10000 millis.' action on view view.getRootView() to equal view
12-02 23:14:26.629  1864  1864 I ViewInteraction: Checking 'MatchesViewAssertion{viewMatcher=(view has effective visibility <VISIBLE> and view.getGlobalVisibleRect() to return non-empty rectangle)}' assertion on view is assignable from class <class android.widget.TimePicker>
12-02 23:14:26.631  1864  1864 I ViewInteraction: Performing 'wait for a specific view with <is assignable from class <class android.widget.TimePicker>> during 10000 millis.' action on view view.getRootView() to equal view
12-02 23:14:26.634  1864  1864 I ViewInteraction: Performing 'set time' action on view is assignable from class <class android.widget.TimePicker>
12-02 23:14:26.637  1864  1864 I ViewInteraction: Performing 'wait for a specific view with <view.getId() is <16908313/android:id/button1>> during 10000 millis.' action on view view.getRootView() to equal view
12-02 23:14:26.639  1864  1864 I ViewInteraction: Performing 'single click' action on view view.getId() is <16908313/android:id/button1>
12-02 23:14:26.700  1864  2003 D EGL_emulation: eglMakeCurrent: 0xdb91b3e0: ver 2 0 (tinfo 0xdb98eb00)
12-02 23:14:26.714  1864  2003 I chatty  : uid=10159(ru.iteco.fmhandroid) RenderThread identical 1 line
12-02 23:14:26.727  1864  2003 D EGL_emulation: eglMakeCurrent: 0xdb91b3e0: ver 2 0 (tinfo 0xdb98eb00)
12-02 23:14:26.732  2010  2346 E InputDispatcher: Window handle Window{5de8c43 u0 ru.iteco.fmhandroid/ru.iteco.fmhandroid.ui.AppActivity} has no registered input channel
12-02 23:14:27.222  1864  1864 I ViewInteraction: Performing 'wait for a specific view with <(an instance of android.widget.TextView and view.getHint() matching: is "Description" and view.getParent() view.getParent() view.getId() is <2131230988/ru.iteco.fmhandroid:id/description_text_input_layout>)> during 10000 millis.' action on view view.getRootView() to equal view
12-02 23:14:27.226  1864  1864 I ViewInteraction: Performing 'replace text( 75203e2a-fb89-41e2-9ea5-5eaa547e5ec0)' action on view (an instance of android.widget.TextView and view.getHint() matching: is "Description" and view.getParent() view.getParent() view.getId() is <2131230988/ru.iteco.fmhandroid:id/description_text_input_layout>)
12-02 23:14:27.255  1864  1864 I ViewInteraction: Performing 'wait for a specific view with <view.getId() is <2131231291/ru.iteco.fmhandroid:id/save_button>> during 10000 millis.' action on view view.getRootView() to equal view
12-02 23:14:27.258  1864  1864 I ViewInteraction: Performing 'single click' action on view view.getId() is <2131231291/ru.iteco.fmhandroid:id/save_button>
12-02 23:14:27.324  1864  2093 I okhttp.OkHttpClient: --> POST http://www.981757-ca08998.tmweb.ru:8080/fmh/claims
12-02 23:14:27.324  1864  2093 I okhttp.OkHttpClient: Content-Type: application/json; charset=UTF-8
12-02 23:14:27.324  1864  2093 I okhttp.OkHttpClient: Content-Length: 277
12-02 23:14:27.325  1864  2093 I okhttp.OkHttpClient: {"createDate":1670012067,"creatorId":2,"creatorName":"  ","description":" 75203e2a-fb89-41e2-9ea5-5eaa547e5ec0","planExecuteDate":1682712840,"status":"OPEN","title":" 75203e2a-fb89-41e2-9ea5-5eaa547e5ec0"}
12-02 23:14:27.325  1864  2093 I okhttp.OkHttpClient: --> END POST (277-byte body)
12-02 23:14:27.327  1743  2709 E ResolverController: No valid NAT64 prefix (128, <unspecified>/0)
12-02 23:14:27.458  1864  2082 I okhttp.OkHttpClient: <-- 200 http://www.981757-ca08998.tmweb.ru:8080/fmh/claims (3548ms)
12-02 23:14:27.458  1864  2082 I okhttp.OkHttpClient: Vary: Origin
12-02 23:14:27.458  1864  2082 I okhttp.OkHttpClient: Vary: Access-Control-Request-Method
12-02 23:14:27.458  1864  2082 I okhttp.OkHttpClient: Vary: Access-Control-Request-Headers
12-02 23:14:27.458  1864  2082 I okhttp.OkHttpClient: X-Content-Type-Options: nosniff
12-02 23:14:27.459  1864  2082 I okhttp.OkHttpClient: X-XSS-Protection: 1; mode=block
12-02 23:14:27.459  1864  2082 I okhttp.OkHttpClient: Cache-Control: no-cache, no-store, max-age=0, must-revalidate
12-02 23:14:27.459  1864  2082 I okhttp.OkHttpClient: Pragma: no-cache
12-02 23:14:27.459  1864  2082 I okhttp.OkHttpClient: Expires: 0
12-02 23:14:27.459  1864  2082 I okhttp.OkHttpClient: X-Frame-Options: DENY
12-02 23:14:27.459  1864  2082 I okhttp.OkHttpClient: Content-Type: application/json
12-02 23:14:27.459  1864  2082 I okhttp.OkHttpClient: Transfer-Encoding: chunked
12-02 23:14:27.459  1864  2082 I okhttp.OkHttpClient: Date: Fri, 02 Dec 2022 20:14:28 GMT
12-02 23:14:27.459  1864  2082 I okhttp.OkHttpClient: Keep-Alive: timeout=60
12-02 23:14:27.460  1864  2082 I okhttp.OkHttpClient: Connection: keep-alive
12-02 23:14:27.622  1897  1897 E wifi_forwarder: RemoteConnection failed to initialize: RemoteConnection failed to open pipe
12-02 23:14:28.151  1864  2083 I okhttp.OkHttpClient: <-- 200 http://www.981757-ca08998.tmweb.ru:8080/fmh/claims (3541ms)
12-02 23:14:28.151  1864  2083 I okhttp.OkHttpClient: Vary: Origin
12-02 23:14:28.151  1864  2083 I okhttp.OkHttpClient: Vary: Access-Control-Request-Method
12-02 23:14:28.151  1864  2083 I okhttp.OkHttpClient: Vary: Access-Control-Request-Headers
12-02 23:14:28.151  1864  2083 I okhttp.OkHttpClient: X-Content-Type-Options: nosniff
12-02 23:14:28.151  1864  2083 I okhttp.OkHttpClient: X-XSS-Protection: 1; mode=block
12-02 23:14:28.151  1864  2083 I okhttp.OkHttpClient: Cache-Control: no-cache, no-store, max-age=0, must-revalidate
12-02 23:14:28.151  1864  2083 I okhttp.OkHttpClient: Pragma: no-cache
12-02 23:14:28.152  1864  2083 I okhttp.OkHttpClient: Expires: 0
12-02 23:14:28.152  1864  2083 I okhttp.OkHttpClient: X-Frame-Options: DENY
12-02 23:14:28.152  1864  2083 I okhttp.OkHttpClient: Content-Type: application/json
12-02 23:14:28.152  1864  2083 I okhttp.OkHttpClient: Transfer-Encoding: chunked
12-02 23:14:28.152  1864  2083 I okhttp.OkHttpClient: Date: Fri, 02 Dec 2022 20:14:28 GMT
12-02 23:14:28.152  1864  2083 I okhttp.OkHttpClient: Keep-Alive: timeout=60
12-02 23:14:28.152  1864  2083 I okhttp.OkHttpClient: Connection: keep-alive
12-02 23:14:28.731  1864  2093 I okhttp.OkHttpClient: <-- 200 http://www.981757-ca08998.tmweb.ru:8080/fmh/claims (1406ms)
12-02 23:14:28.731  1864  2093 I okhttp.OkHttpClient: Vary: Origin
12-02 23:14:28.731  1864  2093 I okhttp.OkHttpClient: Vary: Access-Control-Request-Method
12-02 23:14:28.731  1864  2093 I okhttp.OkHttpClient: Vary: Access-Control-Request-Headers
12-02 23:14:28.731  1864  2093 I okhttp.OkHttpClient: X-Content-Type-Options: nosniff
12-02 23:14:28.732  1864  2093 I okhttp.OkHttpClient: X-XSS-Protection: 1; mode=block
12-02 23:14:28.732  1864  2093 I okhttp.OkHttpClient: Cache-Control: no-cache, no-store, max-age=0, must-revalidate
12-02 23:14:28.732  1864  2093 I okhttp.OkHttpClient: Pragma: no-cache
12-02 23:14:28.732  1864  2093 I okhttp.OkHttpClient: Expires: 0
12-02 23:14:28.732  1864  2093 I okhttp.OkHttpClient: X-Frame-Options: DENY
12-02 23:14:28.732  1864  2093 I okhttp.OkHttpClient: Content-Type: application/json
12-02 23:14:28.732  1864  2093 I okhttp.OkHttpClient: Transfer-Encoding: chunked
12-02 23:14:28.732  1864  2093 I okhttp.OkHttpClient: Date: Fri, 02 Dec 2022 20:14:29 GMT
12-02 23:14:28.732  1864  2093 I okhttp.OkHttpClient: Keep-Alive: timeout=60
12-02 23:14:28.732  1864  2093 I okhttp.OkHttpClient: Connection: keep-alive
12-02 23:14:29.715  1864  2093 I okhttp.OkHttpClient: {"id":2556,"title":" 75203e2a-fb89-41e2-9ea5-5eaa547e5ec0","description":" 75203e2a-fb89-41e2-9ea5-5eaa547e5ec0","creatorId":2,"executorId":null,"createDate":1670012067,"planExecuteDate":1682712840,"factExecuteDate":null,"status":"OPEN","creatorName":"  ","executorName":null}
12-02 23:14:29.716  1864  2093 I okhttp.OkHttpClient: <-- END HTTP (348-byte body)
12-02 23:14:30.451  1750  1962 W audio_hw_generic: Not supplying enough data to HAL, expected position 453653256 , only wrote 453291326
12-02 23:14:30.551  1864  1864 I ViewInteraction: Performing 'wait for a specific view with <view.getId() is <2131230849/ru.iteco.fmhandroid:id/add_new_claim_material_button>> during 10000 millis.' action on view view.getRootView() to equal view
12-02 23:14:30.553  1864  1864 I ViewInteraction: Performing 'single click' action on view view.getId() is <2131230849/ru.iteco.fmhandroid:id/add_new_claim_material_button>
12-02 23:14:30.625  1864  2052 I okhttp.OkHttpClient: --> GET http://www.981757-ca08998.tmweb.ru:8080/fmh/users
12-02 23:14:30.625  1864  2052 I okhttp.OkHttpClient: --> END GET
12-02 23:14:30.633  1750  3111 W audio_hw_generic: Not supplying enough data to HAL, expected position 453291347 , only wrote 453291326
12-02 23:14:30.839  1864  1864 I ViewInteraction: Performing 'wait for a specific view with <view.getId() is <2131231041/ru.iteco.fmhandroid:id/executor_drop_menu_auto_complete_text_view>> during 10000 millis.' action on view view.getRootView() to equal view
12-02 23:14:31.404  1864  2052 I okhttp.OkHttpClient: <-- 200 http://www.981757-ca08998.tmweb.ru:8080/fmh/users (779ms)
12-02 23:14:31.404  1864  2052 I okhttp.OkHttpClient: Vary: Origin
12-02 23:14:31.404  1864  2052 I okhttp.OkHttpClient: Vary: Access-Control-Request-Method
12-02 23:14:31.404  1864  2052 I okhttp.OkHttpClient: Vary: Access-Control-Request-Headers
12-02 23:14:31.404  1864  2052 I okhttp.OkHttpClient: X-Content-Type-Options: nosniff
12-02 23:14:31.404  1864  2052 I okhttp.OkHttpClient: X-XSS-Protection: 1; mode=block
12-02 23:14:31.405  1864  2052 I okhttp.OkHttpClient: Cache-Control: no-cache, no-store, max-age=0, must-revalidate
12-02 23:14:31.405  1864  2052 I okhttp.OkHttpClient: Pragma: no-cache
12-02 23:14:31.405  1864  2052 I okhttp.OkHttpClient: Expires: 0
12-02 23:14:31.405  1864  2052 I okhttp.OkHttpClient: X-Frame-Options: DENY
12-02 23:14:31.405  1864  2052 I okhttp.OkHttpClient: Content-Type: application/json
12-02 23:14:31.405  1864  2052 I okhttp.OkHttpClient: Transfer-Encoding: chunked
12-02 23:14:31.405  1864  2052 I okhttp.OkHttpClient: Date: Fri, 02 Dec 2022 20:14:31 GMT
12-02 23:14:31.405  1864  2052 I okhttp.OkHttpClient: Keep-Alive: timeout=60
12-02 23:14:31.405  1864  2052 I okhttp.OkHttpClient: Connection: keep-alive
12-02 23:14:31.405  1864  2052 I okhttp.OkHttpClient: [{"id":1,"firstName":"","lastName":"","middleName":"","admin":true},{"id":2,"firstName":"","lastName":"","middleName":"","admin":true},{"id":3,"firstName":"","lastName":"","middleName":"","admin":false},{"id":4,"firstName":"","lastName":"","middleName":"","admin":false},{"id":5,"firstName":"","lastName":"","middleName":"","admin":true},{"id":6,"firstName":"Diplom","lastName":"Netology","middleName":"QAMID","admin":true}]
12-02 23:14:31.405  1864  2052 I okhttp.OkHttpClient: <-- END HTTP (622-byte body)
12-02 23:14:31.488  1864  1864 I ViewInteraction: Performing 'single click' action on view view.getId() is <2131231041/ru.iteco.fmhandroid:id/executor_drop_menu_auto_complete_text_view>
12-02 23:14:31.559  1743  1743 I netd    : firewallSetUidRule(2, 10145, 1) <0.03ms>
12-02 23:14:31.586  1772  1873 D gralloc_ranchu: gralloc_alloc: Creating ashmem region of size 7032832
12-02 23:14:31.589  1772  1873 I chatty  : uid=1000(system) HwBinder:1772_1 identical 1 line
12-02 23:14:31.590  1772  1873 D gralloc_ranchu: gralloc_alloc: Creating ashmem region of size 7032832
12-02 23:14:31.594  1864  2003 D EGL_emulation: eglMakeCurrent: 0xdb91b3e0: ver 2 0 (tinfo 0xdb98eb00)
12-02 23:14:31.622  1864  1864 I AssistStructure: Flattened final assist data: 6984 bytes, containing 2 windows, 53 views
12-02 23:14:31.631  2010  2346 D AutofillSession: Starting partition or augmented request for view id 1073741845@1461455580: STARTED_SESSION
12-02 23:14:31.638  2584  2584 W ktk     : Pending fill request while another request in the same session was triggered. [CONTEXT service_id=177 ]
12-02 23:14:31.655  1864  2003 D EGL_emulation: eglMakeCurrent: 0xdb91b3e0: ver 2 0 (tinfo 0xdb98eb00)
12-02 23:14:31.670  1864  1864 I AssistStructure: Flattened final assist data: 6984 bytes, containing 2 windows, 53 views
12-02 23:14:31.685  1864  2003 D EGL_emulation: eglMakeCurrent: 0xdb91b3e0: ver 2 0 (tinfo 0xdb98eb00)
12-02 23:14:31.690  2486  2486 I KeyboardViewUtil: systemKeyboardHeightRatio:1.000000; userKeyboardHeightRatio:1.000000.
12-02 23:14:31.690  2486  2486 I AndroidIME: LatinIme.onActivate() : EditorInfo = Package = ru.iteco.fmhandroid : Type = Text : Learning = Disable : Suggestion = Show : AutoCorrection = Disable : Microphone = Show : NoPersonalizedLearning = Disable
12-02 23:14:31.693  2010  2034 D AutofillUI: destroySaveUiUiThread(): already destroyed
12-02 23:14:31.702  2486  2486 I Conv2QueryExtension: Current locale: en_US, config allows these locales: de,en,es,fr,it,ms,pt,ta
12-02 23:14:31.702  2486  2486 I Conv2QueryExtension: Conv2Query not enabled due to current app [ru.iteco.fmhandroid] not in whitelist
12-02 23:14:31.702  2486  2486 I Conv2QueryExtension: onActivate() : Disabled by unsupported host app
12-02 23:14:31.711  2584  2584 W ktk     : Pending fill request while another request in the same session was triggered. [CONTEXT service_id=177 ]
12-02 23:14:31.715  2169  2501 D EGL_emulation: eglMakeCurrent: 0xdb91a600: ver 2 0 (tinfo 0xdb90f8d0)
12-02 23:14:31.723  1772  1873 D gralloc_ranchu: gralloc_alloc: Creating ashmem region of size 14262272
12-02 23:14:31.727  1772  1873 I chatty  : uid=1000(system) HwBinder:1772_1 identical 1 line
12-02 23:14:31.728  1772  1873 D gralloc_ranchu: gralloc_alloc: Creating ashmem region of size 14262272
12-02 23:14:31.736  2486  6704 D EGL_emulation: eglMakeCurrent: 0xdb91b920: ver 2 0 (tinfo 0xdb90fce0)
12-02 23:14:31.762  1864  2003 D EGL_emulation: eglMakeCurrent: 0xdb91b3e0: ver 2 0 (tinfo 0xdb98eb00)
12-02 23:14:31.789  1772  1873 D gralloc_ranchu: gralloc_alloc: Creating ashmem region of size 4997120
12-02 23:14:31.797  1864  2003 D EGL_emulation: eglMakeCurrent: 0xdb91b3e0: ver 2 0 (tinfo 0xdb98eb00)
12-02 23:14:31.812  1772  1873 D gralloc_ranchu: gralloc_alloc: Creating ashmem region of size 4997120
12-02 23:14:31.815  1864  2003 D EGL_emulation: eglMakeCurrent: 0xdb91b3e0: ver 2 0 (tinfo 0xdb98eb00)
12-02 23:14:31.829  1864  2003 D EGL_emulation: eglMakeCurrent: 0xdb91b3e0: ver 2 0 (tinfo 0xdb98eb00)
12-02 23:14:31.838  1772  1873 D gralloc_ranchu: gralloc_alloc: Creating ashmem region of size 4997120
12-02 23:14:31.916  1864  1864 I ViewInteraction: Performing 'close keyboard' action on view view.getRootView() to equal view
12-02 23:14:31.920  2486  2486 I PhenotypeExpConfig: refreshConfiguration() : Force = false : UpdateAvailable = false : Age = 432 minutes : MaxAge = 720 minutes
12-02 23:14:31.920  1743  1743 I netd    : firewallSetUidRule(2, 10145, 2) <0.06ms>
12-02 23:14:31.920  2486  2486 I AndroidIME: LatinIme.onDeactivate()
12-02 23:14:31.936  2486  6704 D EGL_emulation: eglMakeCurrent: 0xdb91b920: ver 2 0 (tinfo 0xdb90fce0)
12-02 23:14:31.966  1864  2003 D EGL_emulation: eglMakeCurrent: 0xdb91b3e0: ver 2 0 (tinfo 0xdb98eb00)
12-02 23:14:31.995  1772  1873 D gralloc_ranchu: gralloc_alloc: Creating ashmem region of size 7032832
12-02 23:14:32.005  1864  2003 D EGL_emulation: eglMakeCurrent: 0xdb91b3e0: ver 2 0 (tinfo 0xdb98eb00)
12-02 23:14:32.028  1772  1873 D gralloc_ranchu: gralloc_alloc: Creating ashmem region of size 7032832
12-02 23:14:32.033  1864  2003 D EGL_emulation: eglMakeCurrent: 0xdb91b3e0: ver 2 0 (tinfo 0xdb98eb00)
12-02 23:14:32.050  1864  2003 D EGL_emulation: eglMakeCurrent: 0xdb91b3e0: ver 2 0 (tinfo 0xdb98eb00)
12-02 23:14:32.059  1772  1873 D gralloc_ranchu: gralloc_alloc: Creating ashmem region of size 7032832
12-02 23:14:32.073  1864  2003 D EGL_emulation: eglMakeCurrent: 0xdb91b3e0: ver 2 0 (tinfo 0xdb98eb00)
12-02 23:14:33.599  1864  2003 I chatty  : uid=10159(ru.iteco.fmhandroid) RenderThread identical 1 line
12-02 23:14:34.066  1864  2003 D EGL_emulation: eglMakeCurrent: 0xdb91b3e0: ver 2 0 (tinfo 0xdb98eb00)
12-02 23:14:34.772  1750  1750 W audio_hw_generic: Not supplying enough data to HAL, expected position 453654430 , only wrote 453473762
12-02 23:14:35.229  1864  1864 I ViewInteraction: Checking 'MatchesViewAssertion{viewMatcher=(view has effective visibility <VISIBLE> and view.getGlobalVisibleRect() to return non-empty rectangle)}' assertion on view an instance of android.widget.TextView and view.getText() with or without transformation to match: is "  "
12-02 23:14:35.232  1864  1864 I ViewInteraction: Performing 'single click' action on view an instance of android.widget.TextView and view.getText() with or without transformation to match: is "  "
12-02 23:14:35.281  1864  2003 D EGL_emulation: eglMakeCurrent: 0xdb91b3e0: ver 2 0 (tinfo 0xdb98eb00)
12-02 23:14:35.354  1750  3111 W audio_hw_generic: Not supplying enough data to HAL, expected position 453473782 , only wrote 453473762
12-02 23:14:35.356  1864  2003 D EGL_emulation: eglMakeCurrent: 0xdb91b3e0: ver 2 0 (tinfo 0xdb98eb00)
12-02 23:14:35.364  2010  2088 E InputDispatcher: Window handle Window{db97c9e u0 PopupWindow:1aac054} has no registered input channel
12-02 23:14:35.372  1864  2003 D EGL_emulation: eglMakeCurrent: 0xdb91b3e0: ver 2 0 (tinfo 0xdb98eb00)
12-02 23:14:35.504  1864  1864 I ViewInteraction: Performing 'wait for a specific view with <(view.getId() is <2131231402/ru.iteco.fmhandroid:id/title_edit_text> and view.getParent() view.getParent() view.getId() is <2131231406/ru.iteco.fmhandroid:id/title_text_input_layout>)> during 10000 millis.' action on view view.getRootView() to equal view
12-02 23:14:35.507  1864  1864 I ViewInteraction: Performing 'replace text( 37157f7e-c2d0-4d2d-a6d9-2cfbfa98c033)' action on view (view.getId() is <2131231402/ru.iteco.fmhandroid:id/title_edit_text> and view.getParent() view.getParent() view.getId() is <2131231406/ru.iteco.fmhandroid:id/title_text_input_layout>)
12-02 23:14:35.537  1864  1864 I ViewInteraction: Performing 'wait for a specific view with <view.getId() is <2131230975/ru.iteco.fmhandroid:id/date_in_plan_text_input_edit_text>> during 10000 millis.' action on view view.getRootView() to equal view
12-02 23:14:35.556  1864  1864 I ViewInteraction: Performing 'single click' action on view view.getId() is <2131230975/ru.iteco.fmhandroid:id/date_in_plan_text_input_edit_text>
12-02 23:14:35.670  1772  1873 D gralloc_ranchu: gralloc_alloc: Creating ashmem region of size 10964992
12-02 23:14:35.674  1772  1873 I chatty  : uid=1000(system) HwBinder:1772_1 identical 1 line
12-02 23:14:35.675  1772  1873 D gralloc_ranchu: gralloc_alloc: Creating ashmem region of size 10964992
12-02 23:14:35.681  1864  2003 D EGL_emulation: eglMakeCurrent: 0xdb91b3e0: ver 2 0 (tinfo 0xdb98eb00)
12-02 23:14:35.743  1864  2003 I chatty  : uid=10159(ru.iteco.fmhandroid) RenderThread identical 1 line
12-02 23:14:35.771  1864  2003 D EGL_emulation: eglMakeCurrent: 0xdb91b3e0: ver 2 0 (tinfo 0xdb98eb00)
12-02 23:14:36.173  1864  1864 I ViewInteraction: Performing 'wait for a specific view with <is assignable from class <class android.widget.DatePicker>> during 10000 millis.' action on view view.getRootView() to equal view
12-02 23:14:36.178  1864  1864 I ViewInteraction: Checking 'MatchesViewAssertion{viewMatcher=(view has effective visibility <VISIBLE> and view.getGlobalVisibleRect() to return non-empty rectangle)}' assertion on view is assignable from class <class android.widget.DatePicker>
12-02 23:14:36.180  1864  1864 I ViewInteraction: Performing 'wait for a specific view with <is assignable from class <class android.widget.DatePicker>> during 10000 millis.' action on view view.getRootView() to equal view
12-02 23:14:36.183  1864  1864 I ViewInteraction: Performing 'set date' action on view is assignable from class <class android.widget.DatePicker>
12-02 23:14:36.219  1864  1864 I ViewInteraction: Performing 'wait for a specific view with <view.getId() is <16908313/android:id/button1>> during 10000 millis.' action on view view.getRootView() to equal view
12-02 23:14:36.222  1864  1864 I ViewInteraction: Performing 'single click' action on view view.getId() is <16908313/android:id/button1>
12-02 23:14:36.299  1864  2003 D EGL_emulation: eglMakeCurrent: 0xdb91b3e0: ver 2 0 (tinfo 0xdb98eb00)
12-02 23:14:36.310  1864  2003 D EGL_emulation: eglMakeCurrent: 0xdb91b3e0: ver 2 0 (tinfo 0xdb98eb00)
12-02 23:14:36.314  2010  5483 E InputDispatcher: Window handle Window{e3b6fe3 u0 ru.iteco.fmhandroid/ru.iteco.fmhandroid.ui.AppActivity} has no registered input channel
12-02 23:14:36.563  1864  1864 I ViewInteraction: Performing 'wait for a specific view with <(an instance of android.widget.TextView and view.getHint() matching: is "Time" and view.getParent() view.getParent() view.getId() is <2131231399/ru.iteco.fmhandroid:id/time_in_plan_text_input_layout>)> during 10000 millis.' action on view view.getRootView() to equal view
12-02 23:14:36.566  1864  1864 I ViewInteraction: Performing 'single click' action on view (an instance of android.widget.TextView and view.getHint() matching: is "Time" and view.getParent() view.getParent() view.getId() is <2131231399/ru.iteco.fmhandroid:id/time_in_plan_text_input_layout>)
12-02 23:14:36.676  1772  1873 D gralloc_ranchu: gralloc_alloc: Creating ashmem region of size 9261056
12-02 23:14:36.680  1772  1873 I chatty  : uid=1000(system) HwBinder:1772_1 identical 1 line
12-02 23:14:36.684  1772  1873 D gralloc_ranchu: gralloc_alloc: Creating ashmem region of size 9261056
12-02 23:14:36.689  1864  2003 D EGL_emulation: eglMakeCurrent: 0xdb91b3e0: ver 2 0 (tinfo 0xdb98eb00)
12-02 23:14:36.728  1864  2003 D EGL_emulation: eglMakeCurrent: 0xdb91b3e0: ver 2 0 (tinfo 0xdb98eb00)
12-02 23:14:36.984  1864  1864 I ViewInteraction: Performing 'wait for a specific view with <is assignable from class <class android.widget.TimePicker>> during 10000 millis.' action on view view.getRootView() to equal view
12-02 23:14:36.987  1864  1864 I ViewInteraction: Checking 'MatchesViewAssertion{viewMatcher=(view has effective visibility <VISIBLE> and view.getGlobalVisibleRect() to return non-empty rectangle)}' assertion on view is assignable from class <class android.widget.TimePicker>
12-02 23:14:36.991  1864  1864 I ViewInteraction: Performing 'wait for a specific view with <is assignable from class <class android.widget.TimePicker>> during 10000 millis.' action on view view.getRootView() to equal view
12-02 23:14:36.993  1864  1864 I ViewInteraction: Performing 'set time' action on view is assignable from class <class android.widget.TimePicker>
12-02 23:14:36.996  1864  1864 I ViewInteraction: Performing 'wait for a specific view with <view.getId() is <16908313/android:id/button1>> during 10000 millis.' action on view view.getRootView() to equal view
12-02 23:14:36.998  1864  1864 I ViewInteraction: Performing 'single click' action on view view.getId() is <16908313/android:id/button1>
12-02 23:14:37.049  1864  2003 D EGL_emulation: eglMakeCurrent: 0xdb91b3e0: ver 2 0 (tinfo 0xdb98eb00)
12-02 23:14:37.066  1864  2003 D EGL_emulation: eglMakeCurrent: 0xdb91b3e0: ver 2 0 (tinfo 0xdb98eb00)
12-02 23:14:37.084  2010 20213 E InputDispatcher: Window handle Window{352f40e u0 ru.iteco.fmhandroid/ru.iteco.fmhandroid.ui.AppActivity} has no registered input channel
12-02 23:14:37.089  1864  2003 D EGL_emulation: eglMakeCurrent: 0xdb91b3e0: ver 2 0 (tinfo 0xdb98eb00)
12-02 23:14:37.354  1864  1864 I ViewInteraction: Performing 'wait for a specific view with <(an instance of android.widget.TextView and view.getHint() matching: is "Description" and view.getParent() view.getParent() view.getId() is <2131230988/ru.iteco.fmhandroid:id/description_text_input_layout>)> during 10000 millis.' action on view view.getRootView() to equal view
12-02 23:14:37.357  1864  1864 I ViewInteraction: Performing 'replace text( 37157f7e-c2d0-4d2d-a6d9-2cfbfa98c033)' action on view (an instance of android.widget.TextView and view.getHint() matching: is "Description" and view.getParent() view.getParent() view.getId() is <2131230988/ru.iteco.fmhandroid:id/description_text_input_layout>)
12-02 23:14:37.388  1864  1864 I ViewInteraction: Performing 'wait for a specific view with <view.getId() is <2131231291/ru.iteco.fmhandroid:id/save_button>> during 10000 millis.' action on view view.getRootView() to equal view
12-02 23:14:37.392  1864  1864 I ViewInteraction: Performing 'single click' action on view view.getId() is <2131231291/ru.iteco.fmhandroid:id/save_button>
12-02 23:14:37.453  1864  2093 I okhttp.OkHttpClient: --> POST http://www.981757-ca08998.tmweb.ru:8080/fmh/claims
12-02 23:14:37.453  1864  2093 I okhttp.OkHttpClient: Content-Type: application/json; charset=UTF-8
12-02 23:14:37.453  1864  2093 I okhttp.OkHttpClient: Content-Length: 296
12-02 23:14:37.454  1864  2093 I okhttp.OkHttpClient: {"createDate":1670012077,"creatorId":2,"creatorName":"  ","description":" 37157f7e-c2d0-4d2d-a6d9-2cfbfa98c033","executorId":2,"planExecuteDate":1681416840,"status":"OPEN","title":" 37157f7e-c2d0-4d2d-a6d9-2cfbfa98c033"}
12-02 23:14:37.454  1864  2093 I okhttp.OkHttpClient: --> END POST (296-byte body)
12-02 23:14:37.607  1864  2093 I okhttp.OkHttpClient: <-- 200 http://www.981757-ca08998.tmweb.ru:8080/fmh/claims (152ms)
12-02 23:14:37.607  1864  2093 I okhttp.OkHttpClient: Vary: Origin
12-02 23:14:37.607  1864  2093 I okhttp.OkHttpClient: Vary: Access-Control-Request-Method
12-02 23:14:37.607  1864  2093 I okhttp.OkHttpClient: Vary: Access-Control-Request-Headers
12-02 23:14:37.607  1864  2093 I okhttp.OkHttpClient: X-Content-Type-Options: nosniff
12-02 23:14:37.607  1864  2093 I okhttp.OkHttpClient: X-XSS-Protection: 1; mode=block
12-02 23:14:37.607  1864  2093 I okhttp.OkHttpClient: Cache-Control: no-cache, no-store, max-age=0, must-revalidate
12-02 23:14:37.607  1864  2093 I okhttp.OkHttpClient: Pragma: no-cache
12-02 23:14:37.607  1864  2093 I okhttp.OkHttpClient: Expires: 0
12-02 23:14:37.607  1864  2093 I okhttp.OkHttpClient: X-Frame-Options: DENY
12-02 23:14:37.607  1864  2093 I okhttp.OkHttpClient: Content-Type: application/json
12-02 23:14:37.607  1864  2093 I okhttp.OkHttpClient: Transfer-Encoding: chunked
12-02 23:14:37.607  1864  2093 I okhttp.OkHttpClient: Date: Fri, 02 Dec 2022 20:14:38 GMT
12-02 23:14:37.607  1864  2093 I okhttp.OkHttpClient: Keep-Alive: timeout=60
12-02 23:14:37.607  1864  2093 I okhttp.OkHttpClient: Connection: keep-alive
12-02 23:14:37.608  1864  2093 I okhttp.OkHttpClient: {"id":2557,"title":" 37157f7e-c2d0-4d2d-a6d9-2cfbfa98c033","description":" 37157f7e-c2d0-4d2d-a6d9-2cfbfa98c033","creatorId":2,"executorId":2,"createDate":1670012077,"planExecuteDate":1681416840,"factExecuteDate":null,"status":"IN_PROGRESS","creatorName":"  ","executorName":"  "}
12-02 23:14:37.608  1864  2093 I okhttp.OkHttpClient: <-- END HTTP (396-byte body)
12-02 23:14:37.690  1864  1864 I ViewInteraction: Performing 'wait for a specific view with <view.getId() is <2131230849/ru.iteco.fmhandroid:id/add_new_claim_material_button>> during 10000 millis.' action on view view.getRootView() to equal view
12-02 23:14:37.692  1864  1864 I ViewInteraction: Performing 'single click' action on view view.getId() is <2131230849/ru.iteco.fmhandroid:id/add_new_claim_material_button>
12-02 23:14:37.811  1864  2052 I okhttp.OkHttpClient: --> GET http://www.981757-ca08998.tmweb.ru:8080/fmh/users
12-02 23:14:37.811  1864  2052 I okhttp.OkHttpClient: --> END GET
12-02 23:14:38.039  1864  1864 I ViewInteraction: Performing 'wait for a specific view with <(view.getId() is <2131231402/ru.iteco.fmhandroid:id/title_edit_text> and view.getParent() view.getParent() view.getId() is <2131231406/ru.iteco.fmhandroid:id/title_text_input_layout>)> during 10000 millis.' action on view view.getRootView() to equal view
12-02 23:14:38.924  1864  2052 I okhttp.OkHttpClient: <-- 200 http://www.981757-ca08998.tmweb.ru:8080/fmh/users (1112ms)
12-02 23:14:38.924  1864  2052 I okhttp.OkHttpClient: Vary: Origin
12-02 23:14:38.924  1864  2052 I okhttp.OkHttpClient: Vary: Access-Control-Request-Method
12-02 23:14:38.924  1864  2052 I okhttp.OkHttpClient: Vary: Access-Control-Request-Headers
12-02 23:14:38.924  1864  2052 I okhttp.OkHttpClient: X-Content-Type-Options: nosniff
12-02 23:14:38.924  1864  2052 I okhttp.OkHttpClient: X-XSS-Protection: 1; mode=block
12-02 23:14:38.924  1864  2052 I okhttp.OkHttpClient: Cache-Control: no-cache, no-store, max-age=0, must-revalidate
12-02 23:14:38.925  1864  2052 I okhttp.OkHttpClient: Pragma: no-cache
12-02 23:14:38.925  1864  2052 I okhttp.OkHttpClient: Expires: 0
12-02 23:14:38.925  1864  2052 I okhttp.OkHttpClient: X-Frame-Options: DENY
12-02 23:14:38.925  1864  2052 I okhttp.OkHttpClient: Content-Type: application/json
12-02 23:14:38.926  1864  2052 I okhttp.OkHttpClient: Transfer-Encoding: chunked
12-02 23:14:38.926  1864  2052 I okhttp.OkHttpClient: Date: Fri, 02 Dec 2022 20:14:38 GMT
12-02 23:14:38.926  1864  2052 I okhttp.OkHttpClient: Keep-Alive: timeout=60
12-02 23:14:38.926  1864  2052 I okhttp.OkHttpClient: Connection: keep-alive
12-02 23:14:38.927  1864  2052 I okhttp.OkHttpClient: [{"id":1,"firstName":"","lastName":"","middleName":"","admin":true},{"id":2,"firstName":"","lastName":"","middleName":"","admin":true},{"id":3,"firstName":"","lastName":"","middleName":"","admin":false},{"id":4,"firstName":"","lastName":"","middleName":"","admin":false},{"id":5,"firstName":"","lastName":"","middleName":"","admin":true},{"id":6,"firstName":"Diplom","lastName":"Netology","middleName":"QAMID","admin":true}]
12-02 23:14:38.927  1864  2052 I okhttp.OkHttpClient: <-- END HTTP (622-byte body)
12-02 23:14:39.030  1864  1864 I ViewInteraction: Performing 'replace text( d169008a-3a0c-46e3-a23d-f08cd3916ac4)' action on view (view.getId() is <2131231402/ru.iteco.fmhandroid:id/title_edit_text> and view.getParent() view.getParent() view.getId() is <2131231406/ru.iteco.fmhandroid:id/title_text_input_layout>)
12-02 23:14:39.065  1864  1864 I ViewInteraction: Performing 'wait for a specific view with <view.getId() is <2131230975/ru.iteco.fmhandroid:id/date_in_plan_text_input_edit_text>> during 10000 millis.' action on view view.getRootView() to equal view
12-02 23:14:39.082  1864  1864 I ViewInteraction: Performing 'single click' action on view view.getId() is <2131230975/ru.iteco.fmhandroid:id/date_in_plan_text_input_edit_text>
12-02 23:14:39.216  1772  1873 D gralloc_ranchu: gralloc_alloc: Creating ashmem region of size 10964992
12-02 23:14:39.221  1772  1873 I chatty  : uid=1000(system) HwBinder:1772_1 identical 1 line
12-02 23:14:39.222  1772  1873 D gralloc_ranchu: gralloc_alloc: Creating ashmem region of size 10964992
12-02 23:14:39.224  1864  2003 D EGL_emulation: eglMakeCurrent: 0xdb91b3e0: ver 2 0 (tinfo 0xdb98eb00)
12-02 23:14:39.315  1864  2003 I chatty  : uid=10159(ru.iteco.fmhandroid) RenderThread identical 3 lines
12-02 23:14:39.334  1864  2003 D EGL_emulation: eglMakeCurrent: 0xdb91b3e0: ver 2 0 (tinfo 0xdb98eb00)
12-02 23:14:39.689  1864  1864 I ViewInteraction: Performing 'wait for a specific view with <is assignable from class <class android.widget.DatePicker>> during 10000 millis.' action on view view.getRootView() to equal view
12-02 23:14:39.692  1864  1864 I ViewInteraction: Checking 'MatchesViewAssertion{viewMatcher=(view has effective visibility <VISIBLE> and view.getGlobalVisibleRect() to return non-empty rectangle)}' assertion on view is assignable from class <class android.widget.DatePicker>
12-02 23:14:39.695  1864  1864 I ViewInteraction: Performing 'wait for a specific view with <is assignable from class <class android.widget.DatePicker>> during 10000 millis.' action on view view.getRootView() to equal view
12-02 23:14:39.697  1864  1864 I ViewInteraction: Performing 'set date' action on view is assignable from class <class android.widget.DatePicker>
12-02 23:14:39.738  1864  1864 I ViewInteraction: Performing 'wait for a specific view with <view.getId() is <16908313/android:id/button1>> during 10000 millis.' action on view view.getRootView() to equal view
12-02 23:14:39.741  1864  1864 I ViewInteraction: Performing 'single click' action on view view.getId() is <16908313/android:id/button1>
12-02 23:14:39.810  1864  2003 D EGL_emulation: eglMakeCurrent: 0xdb91b3e0: ver 2 0 (tinfo 0xdb98eb00)
12-02 23:14:39.824  1864  2003 D EGL_emulation: eglMakeCurrent: 0xdb91b3e0: ver 2 0 (tinfo 0xdb98eb00)
12-02 23:14:39.831  2010  3295 E InputDispatcher: Window handle Window{7aaa00f u0 ru.iteco.fmhandroid/ru.iteco.fmhandroid.ui.AppActivity} has no registered input channel
12-02 23:14:40.074  1864  1864 I ViewInteraction: Performing 'wait for a specific view with <(an instance of android.widget.TextView and view.getHint() matching: is "Time" and view.getParent() view.getParent() view.getId() is <2131231399/ru.iteco.fmhandroid:id/time_in_plan_text_input_layout>)> during 10000 millis.' action on view view.getRootView() to equal view
12-02 23:14:40.076  1864  1864 I ViewInteraction: Performing 'single click' action on view (an instance of android.widget.TextView and view.getHint() matching: is "Time" and view.getParent() view.getParent() view.getId() is <2131231399/ru.iteco.fmhandroid:id/time_in_plan_text_input_layout>)
12-02 23:14:40.184  1772  1873 D gralloc_ranchu: gralloc_alloc: Creating ashmem region of size 9261056
12-02 23:14:40.188  1772  1873 I chatty  : uid=1000(system) HwBinder:1772_1 identical 1 line
12-02 23:14:40.189  1772  1873 D gralloc_ranchu: gralloc_alloc: Creating ashmem region of size 9261056
12-02 23:14:40.192  1864  2003 D EGL_emulation: eglMakeCurrent: 0xdb91b3e0: ver 2 0 (tinfo 0xdb98eb00)
12-02 23:14:40.254  1864  2003 D EGL_emulation: eglMakeCurrent: 0xdb91b3e0: ver 2 0 (tinfo 0xdb98eb00)
12-02 23:14:40.480  1864  1864 I ViewInteraction: Performing 'wait for a specific view with <is assignable from class <class android.widget.TimePicker>> during 10000 millis.' action on view view.getRootView() to equal view
12-02 23:14:40.483  1864  1864 I ViewInteraction: Checking 'MatchesViewAssertion{viewMatcher=(view has effective visibility <VISIBLE> and view.getGlobalVisibleRect() to return non-empty rectangle)}' assertion on view is assignable from class <class android.widget.TimePicker>
12-02 23:14:40.485  1864  1864 I ViewInteraction: Performing 'wait for a specific view with <is assignable from class <class android.widget.TimePicker>> during 10000 millis.' action on view view.getRootView() to equal view
12-02 23:14:40.488  1864  1864 I ViewInteraction: Performing 'set time' action on view is assignable from class <class android.widget.TimePicker>
12-02 23:14:40.491  1864  1864 I ViewInteraction: Performing 'wait for a specific view with <view.getId() is <16908313/android:id/button1>> during 10000 millis.' action on view view.getRootView() to equal view
12-02 23:14:40.493  1864  1864 I ViewInteraction: Performing 'single click' action on view view.getId() is <16908313/android:id/button1>
12-02 23:14:40.549  1864  2003 D EGL_emulation: eglMakeCurrent: 0xdb91b3e0: ver 2 0 (tinfo 0xdb98eb00)
12-02 23:14:40.565  1864  2003 I chatty  : uid=10159(ru.iteco.fmhandroid) RenderThread identical 1 line
12-02 23:14:40.576  1864  2003 D EGL_emulation: eglMakeCurrent: 0xdb91b3e0: ver 2 0 (tinfo 0xdb98eb00)
12-02 23:14:40.581  2010  4696 E InputDispatcher: Window handle Window{247f81b u0 ru.iteco.fmhandroid/ru.iteco.fmhandroid.ui.AppActivity} has no registered input channel
12-02 23:14:41.103  1864  1864 I ViewInteraction: Performing 'wait for a specific view with <(an instance of android.widget.TextView and view.getHint() matching: is "Description" and view.getParent() view.getParent() view.getId() is <2131230988/ru.iteco.fmhandroid:id/description_text_input_layout>)> during 10000 millis.' action on view view.getRootView() to equal view
12-02 23:14:41.106  1864  1864 I ViewInteraction: Performing 'replace text( d169008a-3a0c-46e3-a23d-f08cd3916ac4)' action on view (an instance of android.widget.TextView and view.getHint() matching: is "Description" and view.getParent() view.getParent() view.getId() is <2131230988/ru.iteco.fmhandroid:id/description_text_input_layout>)
12-02 23:14:41.138  1864  1864 I ViewInteraction: Performing 'wait for a specific view with <view.getId() is <2131231291/ru.iteco.fmhandroid:id/save_button>> during 10000 millis.' action on view view.getRootView() to equal view
12-02 23:14:41.141  1864  1864 I ViewInteraction: Performing 'single click' action on view view.getId() is <2131231291/ru.iteco.fmhandroid:id/save_button>
12-02 23:14:41.203  1864  2093 I okhttp.OkHttpClient: --> POST http://www.981757-ca08998.tmweb.ru:8080/fmh/claims
12-02 23:14:41.203  1864  2093 I okhttp.OkHttpClient: Content-Type: application/json; charset=UTF-8
12-02 23:14:41.203  1864  2093 I okhttp.OkHttpClient: Content-Length: 273
12-02 23:14:41.203  1864  2093 I okhttp.OkHttpClient: {"createDate":1670012081,"creatorId":2,"creatorName":"  ","description":" d169008a-3a0c-46e3-a23d-f08cd3916ac4","planExecuteDate":1697919240,"status":"OPEN","title":" d169008a-3a0c-46e3-a23d-f08cd3916ac4"}
12-02 23:14:41.204  1864  2093 I okhttp.OkHttpClient: --> END POST (273-byte body)
12-02 23:14:41.527  1864  2093 I okhttp.OkHttpClient: <-- 200 http://www.981757-ca08998.tmweb.ru:8080/fmh/claims (323ms)
12-02 23:14:41.527  1864  2093 I okhttp.OkHttpClient: Vary: Origin
12-02 23:14:41.527  1864  2093 I okhttp.OkHttpClient: Vary: Access-Control-Request-Method
12-02 23:14:41.527  1864  2093 I okhttp.OkHttpClient: Vary: Access-Control-Request-Headers
12-02 23:14:41.528  1864  2093 I okhttp.OkHttpClient: X-Content-Type-Options: nosniff
12-02 23:14:41.528  1864  2093 I okhttp.OkHttpClient: X-XSS-Protection: 1; mode=block
12-02 23:14:41.528  1864  2093 I okhttp.OkHttpClient: Cache-Control: no-cache, no-store, max-age=0, must-revalidate
12-02 23:14:41.528  1864  2093 I okhttp.OkHttpClient: Pragma: no-cache
12-02 23:14:41.528  1864  2093 I okhttp.OkHttpClient: Expires: 0
12-02 23:14:41.528  1864  2093 I okhttp.OkHttpClient: X-Frame-Options: DENY
12-02 23:14:41.528  1864  2093 I okhttp.OkHttpClient: Content-Type: application/json
12-02 23:14:41.528  1864  2093 I okhttp.OkHttpClient: Transfer-Encoding: chunked
12-02 23:14:41.529  1864  2093 I okhttp.OkHttpClient: Date: Fri, 02 Dec 2022 20:14:42 GMT
12-02 23:14:41.529  1864  2093 I okhttp.OkHttpClient: Keep-Alive: timeout=60
12-02 23:14:41.529  1864  2093 I okhttp.OkHttpClient: Connection: keep-alive
12-02 23:14:41.530  1864  2093 I okhttp.OkHttpClient: {"id":2558,"title":" d169008a-3a0c-46e3-a23d-f08cd3916ac4","description":" d169008a-3a0c-46e3-a23d-f08cd3916ac4","creatorId":2,"executorId":null,"createDate":1670012081,"planExecuteDate":1697919240,"factExecuteDate":null,"status":"OPEN","creatorName":"  ","executorName":null}
12-02 23:14:41.530  1864  2093 I okhttp.OkHttpClient: <-- END HTTP (344-byte body)
12-02 23:14:44.349  1750  1750 W audio_hw_generic: Not supplying enough data to HAL, expected position 454265249 , only wrote 453870362
12-02 23:14:44.426  1864  1864 I ViewInteraction: Performing 'wait for a specific view with <view.getId() is <2131230916/ru.iteco.fmhandroid:id/claim_list_recycler_view>> during 10000 millis.' action on view view.getRootView() to equal view
12-02 23:14:44.428  1864  1864 I ViewInteraction: Checking 'MatchesViewAssertion{viewMatcher=(view has effective visibility <VISIBLE> and view.getGlobalVisibleRect() to return non-empty rectangle)}' assertion on view view.getId() is <2131230916/ru.iteco.fmhandroid:id/claim_list_recycler_view>
12-02 23:14:44.431  1864  1864 I ViewInteraction: Performing 'scroll RecyclerView to: holder with view: (view is an instance of android.view.ViewGroup and has descendant matching an instance of android.widget.TextView and view.getText() with or without transformation to match: is " 37157f7e-c2d0-4d2d-a6d9-2cfbfa98c033")' action on view view.getId() is <2131230916/ru.iteco.fmhandroid:id/claim_list_recycler_view>
12-02 23:14:44.570  1864  1864 I ViewInteraction: Performing 'wait for a specific view with <((Child at position 11 in parent Child at position 0 in parent view.getId() is <2131230914/ru.iteco.fmhandroid:id/claim_list_card>) and (view.getParent() is an instance of android.view.ViewGroup and has a sibling matching an instance of android.widget.TextView and view.getText() with or without transformation to match: is " 37157f7e-c2d0-4d2d-a6d9-2cfbfa98c033"))> during 10000 millis.' action on view view.getRootView() to equal view
12-02 23:14:44.574  1864  1864 I ViewInteraction: Performing 'single click' action on view ((Child at position 11 in parent Child at position 0 in parent view.getId() is <2131230914/ru.iteco.fmhandroid:id/claim_list_card>) and (view.getParent() is an instance of android.view.ViewGroup and has a sibling matching an instance of android.widget.TextView and view.getText() with or without transformation to match: is " 37157f7e-c2d0-4d2d-a6d9-2cfbfa98c033"))
12-02 23:14:44.634  1864  2093 I okhttp.OkHttpClient: --> GET http://www.981757-ca08998.tmweb.ru:8080/fmh/claims/2557/comments
12-02 23:14:44.634  1864  2093 I okhttp.OkHttpClient: --> END GET
12-02 23:14:44.644  1750  3111 W audio_hw_generic: Not supplying enough data to HAL, expected position 453870379 , only wrote 453870362
12-02 23:14:44.770  1864  2093 I okhttp.OkHttpClient: <-- 200 http://www.981757-ca08998.tmweb.ru:8080/fmh/claims/2557/comments (135ms)
12-02 23:14:44.770  1864  2093 I okhttp.OkHttpClient: Vary: Origin
12-02 23:14:44.770  1864  2093 I okhttp.OkHttpClient: Vary: Access-Control-Request-Method
12-02 23:14:44.770  1864  2093 I okhttp.OkHttpClient: Vary: Access-Control-Request-Headers
12-02 23:14:44.770  1864  2093 I okhttp.OkHttpClient: X-Content-Type-Options: nosniff
12-02 23:14:44.770  1864  2093 I okhttp.OkHttpClient: X-XSS-Protection: 1; mode=block
12-02 23:14:44.770  1864  2093 I okhttp.OkHttpClient: Cache-Control: no-cache, no-store, max-age=0, must-revalidate
12-02 23:14:44.770  1864  2093 I okhttp.OkHttpClient: Pragma: no-cache
12-02 23:14:44.770  1864  2093 I okhttp.OkHttpClient: Expires: 0
12-02 23:14:44.770  1864  2093 I okhttp.OkHttpClient: X-Frame-Options: DENY
12-02 23:14:44.771  1864  2093 I okhttp.OkHttpClient: Content-Type: application/json
12-02 23:14:44.771  1864  2093 I okhttp.OkHttpClient: Transfer-Encoding: chunked
12-02 23:14:44.771  1864  2093 I okhttp.OkHttpClient: Date: Fri, 02 Dec 2022 20:14:45 GMT
12-02 23:14:44.771  1864  2093 I okhttp.OkHttpClient: Keep-Alive: timeout=60
12-02 23:14:44.772  1864  2093 I okhttp.OkHttpClient: Connection: keep-alive
12-02 23:14:44.772  1864  2093 I okhttp.OkHttpClient: []
12-02 23:14:44.772  1864  2093 I okhttp.OkHttpClient: <-- END HTTP (2-byte body)
12-02 23:14:44.920  1864  1864 I ViewInteraction: Performing 'wait for a specific view with <view.getId() is <2131231355/ru.iteco.fmhandroid:id/status_processing_image_button>> during 10000 millis.' action on view view.getRootView() to equal view
12-02 23:14:44.923  1864  1864 I ViewInteraction: Performing 'single click' action on view view.getId() is <2131231355/ru.iteco.fmhandroid:id/status_processing_image_button>
12-02 23:14:44.996  1772  1873 D gralloc_ranchu: gralloc_alloc: Creating ashmem region of size 2039808
12-02 23:14:45.001  1772  1873 I chatty  : uid=1000(system) HwBinder:1772_1 identical 1 line
12-02 23:14:45.003  1772  1873 D gralloc_ranchu: gralloc_alloc: Creating ashmem region of size 2039808
12-02 23:14:45.006  1864  2003 D EGL_emulation: eglMakeCurrent: 0xdb91b3e0: ver 2 0 (tinfo 0xdb98eb00)
12-02 23:14:45.253  1864  1864 I ViewInteraction: Performing 'wait for a specific view with <an instance of android.widget.TextView and view.getText() with or without transformation to match: is "To execute"> during 10000 millis.' action on view view.getRootView() to equal view
12-02 23:14:45.256  1864  1864 I ViewInteraction: Performing 'single click' action on view an instance of android.widget.TextView and view.getText() with or without transformation to match: is "To execute"
12-02 23:14:45.410  1772  1873 D gralloc_ranchu: gralloc_alloc: Creating ashmem region of size 5107712
12-02 23:14:45.414  1772  1873 I chatty  : uid=1000(system) HwBinder:1772_1 identical 1 line
12-02 23:14:45.415  1772  1873 D gralloc_ranchu: gralloc_alloc: Creating ashmem region of size 5107712
12-02 23:14:45.423  1864  2003 D EGL_emulation: eglMakeCurrent: 0xdb91b3e0: ver 2 0 (tinfo 0xdb98eb00)
12-02 23:14:45.535  1864  1864 I ViewInteraction: Performing 'wait for a specific view with <(an instance of android.widget.TextView and view.getHint() matching: is "Comment" and view.getId() is <2131231022/ru.iteco.fmhandroid:id/editText>)> during 10000 millis.' action on view view.getRootView() to equal view
12-02 23:14:45.538  1864  1864 I ViewInteraction: Checking 'MatchesViewAssertion{viewMatcher=(view has effective visibility <VISIBLE> and view.getGlobalVisibleRect() to return non-empty rectangle)}' assertion on view (an instance of android.widget.TextView and view.getHint() matching: is "Comment" and view.getId() is <2131231022/ru.iteco.fmhandroid:id/editText>)
12-02 23:14:45.541  1864  1864 I ViewInteraction: Performing 'wait for a specific view with <view.getId() is <16908313/android:id/button1>> during 10000 millis.' action on view view.getRootView() to equal view
12-02 23:14:45.543  1864  1864 I ViewInteraction: Checking 'MatchesViewAssertion{viewMatcher=(view has effective visibility <VISIBLE> and view.getGlobalVisibleRect() to return non-empty rectangle)}' assertion on view view.getId() is <16908313/android:id/button1>
12-02 23:14:45.546  1864  1864 I ViewInteraction: Performing 'wait for a specific view with <view.getId() is <16908314/android:id/button2>> during 10000 millis.' action on view view.getRootView() to equal view
12-02 23:14:45.548  1864  1864 I ViewInteraction: Checking 'MatchesViewAssertion{viewMatcher=(view has effective visibility <VISIBLE> and view.getGlobalVisibleRect() to return non-empty rectangle)}' assertion on view view.getId() is <16908314/android:id/button2>
12-02 23:14:45.551  1864  1864 I ViewInteraction: Performing 'wait for a specific view with <(an instance of android.widget.TextView and view.getHint() matching: is "Comment" and view.getId() is <2131231022/ru.iteco.fmhandroid:id/editText>)> during 10000 millis.' action on view view.getRootView() to equal view
12-02 23:14:45.554  1864  1864 I ViewInteraction: Performing 'replace text( ac403732-5311-4e92-9431-41daf5afc936)' action on view (an instance of android.widget.TextView and view.getHint() matching: is "Comment" and view.getId() is <2131231022/ru.iteco.fmhandroid:id/editText>)
12-02 23:14:45.571  1864  1864 I ViewInteraction: Performing 'wait for a specific view with <view.getId() is <16908313/android:id/button1>> during 10000 millis.' action on view view.getRootView() to equal view
12-02 23:14:45.573  1864  1864 I ViewInteraction: Performing 'single click' action on view view.getId() is <16908313/android:id/button1>
12-02 23:14:45.637  1864  2093 I okhttp.OkHttpClient: --> PUT http://www.981757-ca08998.tmweb.ru:8080/fmh/claims/2557/status?status=EXECUTED&executorId=2
12-02 23:14:45.637  1864  2093 I okhttp.OkHttpClient: Content-Type: application/json; charset=UTF-8
12-02 23:14:45.637  1864  2093 I okhttp.OkHttpClient: Content-Length: 189
