12-02 23:14:11.133  1864  1989 E TestRunner: 	at org.junit.runners.model.FrameworkMethod.invokeExplosively(FrameworkMethod.java:56)
12-02 23:14:11.133  1864  1989 E TestRunner: 	at org.junit.internal.runners.statements.InvokeMethod.evaluate(InvokeMethod.java:17)
12-02 23:14:11.133  1864  1989 E TestRunner: 	at androidx.test.internal.runner.junit4.statement.RunBefores.evaluate(RunBefores.java:80)
12-02 23:14:11.133  1864  1989 E TestRunner: 	at androidx.test.rule.ActivityTestRule$ActivityStatement.evaluate(ActivityTestRule.java:543)
12-02 23:14:11.133  1864  1989 E TestRunner: 	at io.qameta.allure.android.rules.LogcatRule$apply$1.evaluate(LogcatRule.kt:23)
12-02 23:14:11.133  1864  1989 E TestRunner: 	at io.qameta.allure.android.rules.ScreenshotRule$apply$1.evaluate(ScreenshotRule.kt:22)
12-02 23:14:11.133  1864  1989 E TestRunner: 	at io.qameta.allure.android.rules.ScreenshotRule$apply$1.evaluate(ScreenshotRule.kt:22)
12-02 23:14:11.133  1864  1989 E TestRunner: 	at org.junit.rules.RunRules.evaluate(RunRules.java:20)
12-02 23:14:11.133  1864  1989 E TestRunner: 	at org.junit.runners.ParentRunner$3.evaluate(ParentRunner.java:306)
12-02 23:14:11.133  1864  1989 E TestRunner: 	at org.junit.runners.BlockJUnit4ClassRunner$1.evaluate(BlockJUnit4ClassRunner.java:100)
12-02 23:14:11.133  1864  1989 E TestRunner: 	at org.junit.runners.ParentRunner.runLeaf(ParentRunner.java:366)
12-02 23:14:11.133  1864  1989 E TestRunner: 	at org.junit.runners.BlockJUnit4ClassRunner.runChild(BlockJUnit4ClassRunner.java:103)
12-02 23:14:11.133  1864  1989 E TestRunner: 	at org.junit.runners.BlockJUnit4ClassRunner.runChild(BlockJUnit4ClassRunner.java:63)
12-02 23:14:11.133  1864  1989 E TestRunner: 	at org.junit.runners.ParentRunner$4.run(ParentRunner.java:331)
12-02 23:14:11.133  1864  1989 E TestRunner: 	at org.junit.runners.ParentRunner$1.schedule(ParentRunner.java:79)
12-02 23:14:11.133  1864  1989 E TestRunner: 	at org.junit.runners.ParentRunner.runChildren(ParentRunner.java:329)
12-02 23:14:11.133  1864  1989 E TestRunner: 	at org.junit.runners.ParentRunner.access$100(ParentRunner.java:66)
12-02 23:14:11.133  1864  1989 E TestRunner: 	at org.junit.runners.ParentRunner$2.evaluate(ParentRunner.java:293)
12-02 23:14:11.133  1864  1989 E TestRunner: 	at org.junit.runners.ParentRunner$3.evaluate(ParentRunner.java:306)
12-02 23:14:11.133  1864  1989 E TestRunner: 	at org.junit.runners.ParentRunner.run(ParentRunner.java:413)
12-02 23:14:11.133  1864  1989 E TestRunner: 	at androidx.test.ext.junit.runners.AndroidJUnit4.run(AndroidJUnit4.java:162)
12-02 23:14:11.133  1864  1989 E TestRunner: 	at io.qameta.allure.android.runners.AllureAndroidJUnit4.run(AllureAndroidJUnitRunners.kt:29)
12-02 23:14:11.133  1864  1989 E TestRunner: 	at org.junit.runners.Suite.runChild(Suite.java:128)
12-02 23:14:11.133  1864  1989 E TestRunner: 	at org.junit.runners.Suite.runChild(Suite.java:27)
12-02 23:14:11.133  1864  1989 E TestRunner: 	at org.junit.runners.ParentRunner$4.run(ParentRunner.java:331)
12-02 23:14:11.133  1864  1989 E TestRunner: 	at org.junit.runners.ParentRunner$1.schedule(ParentRunner.java:79)
12-02 23:14:11.133  1864  1989 E TestRunner: 	at org.junit.runners.ParentRunner.runChildren(ParentRunner.java:329)
12-02 23:14:11.133  1864  1989 E TestRunner: 	at org.junit.runners.ParentRunner
12-02 23:14:11.133  1864  1989 E TestRunner: ----- end exception -----
12-02 23:14:11.137  1864  1989 I TestRunner: finished: shouldFilterClaimsWithStatusInProgressAndExecuted(ru.iteco.fmhandroid.ui.FilterClaimsPageTest)
12-02 23:14:11.290  1864  1989 I TestRunner: started: shouldFilterClaimsWithStatusExecutedAndCanceled(ru.iteco.fmhandroid.ui.FilterClaimsPageTest)
12-02 23:14:11.308  1864  1989 W ActivityTestRule: getActivityIntent() returned null using default: Intent(Intent.ACTION_MAIN)
12-02 23:14:11.311  2010  2088 I ActivityTaskManager: START u0 {act=android.intent.action.MAIN flg=0x10000000 cmp=ru.iteco.fmhandroid/.ui.AppActivity} from uid 10159
12-02 23:14:11.328  2010  2037 E system_server: Invalid ID 0x00000000.
12-02 23:14:11.333  2010  2088 W InputReader: Device has associated, but no associated display id.
12-02 23:14:11.335  2010  2088 I chatty  : uid=1000(system) Binder:2010_3 identical 28 lines
12-02 23:14:11.335  2010  2088 W InputReader: Device has associated, but no associated display id.
12-02 23:14:11.335  1864  1864 W ActivityThread: handleWindowVisibility: no activity for token android.os.BinderProxy@2e94ba2
12-02 23:14:11.336  2010  2088 W InputReader: Device has associated, but no associated display id.
12-02 23:14:11.336  2010  2088 I chatty  : uid=1000(system) Binder:2010_3 identical 8 lines
12-02 23:14:11.336  2010  2088 W InputReader: Device has associated, but no associated display id.
12-02 23:14:11.345  1864  1864 D LifecycleMonitor: Lifecycle status change: ru.iteco.fmhandroid.ui.AppActivity@6347fee in: PRE_ON_CREATE
12-02 23:14:11.352  1864  2496 V FA      : onActivityCreated
12-02 23:14:11.355  1772  1873 D gralloc_ranchu: gralloc_alloc: Creating ashmem region of size 14749696
12-02 23:14:11.373  1864  1864 D LifecycleMonitor: Lifecycle status change: ru.iteco.fmhandroid.ui.AppActivity@6347fee in: CREATED
12-02 23:14:11.400  2010  2037 W InputReader: Device has associated, but no associated display id.
12-02 23:14:11.401  2010  2037 I chatty  : uid=1000(system) android.anim identical 8 lines
12-02 23:14:11.401  2010  2037 W InputReader: Device has associated, but no associated display id.
12-02 23:14:11.403  1864  1864 D LifecycleMonitor: Lifecycle status change: ru.iteco.fmhandroid.ui.AppActivity@6347fee in: STARTED
12-02 23:14:11.404  1864  1864 D LifecycleMonitor: Lifecycle status change: ru.iteco.fmhandroid.ui.AppActivity@6347fee in: RESUMED
12-02 23:14:11.405  1864  2684 V FA      : Activity resumed, time: 95682403
12-02 23:14:11.430  1772  1873 D gralloc_ranchu: gralloc_alloc: Creating ashmem region of size 14749696
12-02 23:14:11.440  1772  1873 I chatty  : uid=1000(system) HwBinder:1772_1 identical 1 line
12-02 23:14:11.442  1772  1873 D gralloc_ranchu: gralloc_alloc: Creating ashmem region of size 14749696
12-02 23:14:11.444  1864  2003 D EGL_emulation: eglMakeCurrent: 0xdb91b3e0: ver 2 0 (tinfo 0xdb98eb00)
12-02 23:14:11.445  3139  3664 D EGL_emulation: eglMakeCurrent: 0xdb91c460: ver 2 0 (tinfo 0xbe64a3f0)
12-02 23:14:11.449  2448  3326 D EGL_emulation: eglMakeCurrent: 0xe3a07ba0: ver 2 0 (tinfo 0xe3a93b30)
12-02 23:14:11.476  2169  2501 D EGL_emulation: eglMakeCurrent: 0xdb91a600: ver 2 0 (tinfo 0xdb90f8d0)
12-02 23:14:11.490  2010  2041 I ActivityTaskManager: Displayed ru.iteco.fmhandroid/.ui.AppActivity: +173ms
12-02 23:14:11.559  2881  2691 V FA-SVC  : Logging event: origin=auto,name=screen_view(_vs),params=Bundle[{ga_event_origin(_o)=auto, ga_previous_class(_pc)=AppActivity, ga_previous_id(_pi)=4083891225062200024, ga_screen_class(_sc)=AppActivity, ga_screen_id(_si)=4083891225062200025}]
12-02 23:14:11.567  2881  2691 V FA-SVC  : Upload scheduled in approximately ms: 857918
12-02 23:14:11.567  2881  2691 V FA-SVC  : Unscheduling upload
12-02 23:14:11.568  3139  2048 I PBSessionCacheImpl: Deleted sessionId[429016980914] from persistence.
12-02 23:14:11.572  2881  2691 V FA-SVC  : Scheduling upload, millis: 857918
12-02 23:14:11.575  2881  2691 V FA-SVC  : Background event processing time, ms: 16
12-02 23:14:11.586  3139  3568 W SearchServiceCore: Abort, client detached.
12-02 23:14:11.590  2584  2595 E SQLiteDatabase: Error inserting flex_time=857000 job_id=-1 period=1716000 source=16 requires_charging=0 preferred_network_type=1 target_class=com.google.android.gms.measurement.PackageMeasurementTaskService user_id=0 target_package=com.google.android.gms tag=Measurement.PackageMeasurementTaskService.UPLOAD_TASK_TAG task_type=0 required_idleness_state=0 service_kind=0 source_version=202414000 persistence_level=1 preferred_charging_state=1 required_network_type=0 runtime=1670012051582 retry_strategy={"maximum_backoff_seconds":{"3600":0},"initial_backoff_seconds":{"30":0},"retry_policy":{"0":0}} last_runtime=0
12-02 23:14:11.590  2584  2595 E SQLiteDatabase: android.database.sqlite.SQLiteConstraintException: UNIQUE constraint failed: pending_ops.tag, pending_ops.target_class, pending_ops.target_package, pending_ops.user_id (code 2067 SQLITE_CONSTRAINT_UNIQUE)
12-02 23:14:11.590  2584  2595 E SQLiteDatabase: 	at android.database.sqlite.SQLiteConnection.nativeExecuteForLastInsertedRowId(Native Method)
12-02 23:14:11.590  2584  2595 E SQLiteDatabase: 	at android.database.sqlite.SQLiteConnection.executeForLastInsertedRowId(SQLiteConnection.java:879)
12-02 23:14:11.590  2584  2595 E SQLiteDatabase: 	at android.database.sqlite.SQLiteSession.executeForLastInsertedRowId(SQLiteSession.java:790)
12-02 23:14:11.590  2584  2595 E SQLiteDatabase: 	at android.database.sqlite.SQLiteStatement.executeInsert(SQLiteStatement.java:88)
12-02 23:14:11.590  2584  2595 E SQLiteDatabase: 	at android.database.sqlite.SQLiteDatabase.insertWithOnConflict(SQLiteDatabase.java:1599)
12-02 23:14:11.590  2584  2595 E SQLiteDatabase: 	at android.database.sqlite.SQLiteDatabase.insert(SQLiteDatabase.java:1468)
12-02 23:14:11.590  2584  2595 E SQLiteDatabase: 	at aqui.a(:com.google.android.gms@202414022@20.24.14 (040700-319035315):175)
12-02 23:14:11.590  2584  2595 E SQLiteDatabase: 	at aqtk.a(:com.google.android.gms@202414022@20.24.14 (040700-319035315):182)
12-02 23:14:11.590  2584  2595 E SQLiteDatabase: 	at aqtk.a(:com.google.android.gms@202414022@20.24.14 (040700-319035315):23)
12-02 23:14:11.590  2584  2595 E SQLiteDatabase: 	at aqtk.a(:com.google.android.gms@202414022@20.24.14 (040700-319035315):177)
12-02 23:14:11.590  2584  2595 E SQLiteDatabase: 	at aqpu.run(:com.google.android.gms@202414022@20.24.14 (040700-319035315):9)
12-02 23:14:11.590  2584  2595 E SQLiteDatabase: 	at soy.b(:com.google.android.gms@202414022@20.24.14 (040700-319035315):12)
12-02 23:14:11.590  2584  2595 E SQLiteDatabase: 	at soy.run(:com.google.android.gms@202414022@20.24.14 (040700-319035315):7)
12-02 23:14:11.590  2584  2595 E SQLiteDatabase: 	at java.util.concurrent.ThreadPoolExecutor.runWorker(ThreadPoolExecutor.java:1167)
12-02 23:14:11.590  2584  2595 E SQLiteDatabase: 	at java.util.concurrent.ThreadPoolExecutor$Worker.run(ThreadPoolExecutor.java:641)
12-02 23:14:11.590  2584  2595 E SQLiteDatabase: 	at sux.run(:com.google.android.gms@202414022@20.24.14 (040700-319035315):0)
12-02 23:14:11.590  2584  2595 E SQLiteDatabase: 	at java.lang.Thread.run(Thread.java:919)
12-02 23:14:12.060  1864  1864 I ViewInteraction: Performing 'wait for a specific view with <(an instance of android.widget.TextView and view.getText() with or without transformation to match: is "Authorization" and view.getParent() view.getParent() view.getId() is <2131231186>)> during 10000 millis.' action on view view.getRootView() to equal view
12-02 23:14:14.406  1864  2052 I okhttp.OkHttpClient: --> GET http://www.981757-ca08998.tmweb.ru:8080/fmh/authentication/userInfo
12-02 23:14:14.406  1864  2052 I okhttp.OkHttpClient: --> END GET
12-02 23:14:14.572  1864  2052 I okhttp.OkHttpClient: <-- 200 http://www.981757-ca08998.tmweb.ru:8080/fmh/authentication/userInfo (165ms)
12-02 23:14:14.572  1864  2052 I okhttp.OkHttpClient: Vary: Origin
12-02 23:14:14.572  1864  2052 I okhttp.OkHttpClient: Vary: Access-Control-Request-Method
12-02 23:14:14.572  1864  2052 I okhttp.OkHttpClient: Vary: Access-Control-Request-Headers
12-02 23:14:14.572  1864  2052 I okhttp.OkHttpClient: X-Content-Type-Options: nosniff
12-02 23:14:14.572  1864  2052 I okhttp.OkHttpClient: X-XSS-Protection: 1; mode=block
12-02 23:14:14.572  1864  2052 I okhttp.OkHttpClient: Cache-Control: no-cache, no-store, max-age=0, must-revalidate
12-02 23:14:14.572  1864  2052 I okhttp.OkHttpClient: Pragma: no-cache
12-02 23:14:14.573  1864  2052 I okhttp.OkHttpClient: Expires: 0
12-02 23:14:14.573  1864  2052 I okhttp.OkHttpClient: X-Frame-Options: DENY
12-02 23:14:14.573  1864  2052 I okhttp.OkHttpClient: Content-Type: application/json
12-02 23:14:14.573  1864  2052 I okhttp.OkHttpClient: Transfer-Encoding: chunked
12-02 23:14:14.573  1864  2052 I okhttp.OkHttpClient: Date: Fri, 02 Dec 2022 20:14:15 GMT
12-02 23:14:14.573  1864  2052 I okhttp.OkHttpClient: Keep-Alive: timeout=60
12-02 23:14:14.573  1864  2052 I okhttp.OkHttpClient: Connection: keep-alive
12-02 23:14:14.573  1864  2052 I okhttp.OkHttpClient: {"id":2,"firstName":"","lastName":"","middleName":"","admin":true}
12-02 23:14:14.573  1864  2052 I okhttp.OkHttpClient: <-- END HTTP (106-byte body)
12-02 23:14:14.578  1864  2061 I okhttp.OkHttpClient: --> GET http://www.981757-ca08998.tmweb.ru:8080/fmh/claims
12-02 23:14:14.578  1864  2061 I okhttp.OkHttpClient: --> END GET
12-02 23:14:16.561  1864  2684 V FA      : Inactivity, disconnecting from the service
12-02 23:14:16.657  2584  2693 I LogUtils: [Places]: ?: Couldn't find platform key file. [CONTEXT service_id=253 ]
12-02 23:14:16.661  2584  2693 I LogUtils: [Places]: ?: Couldn't find platform key file. [CONTEXT service_id=253 ]
12-02 23:14:16.670  2584  2692 I LogUtils: [Places]: ?: PlacesBleScanner stop() [CONTEXT service_id=253 ]
12-02 23:14:16.670  2584  2584 I BeaconBle: Scan : No clients left, canceling alarm. [CONTEXT service_id=111 ]
12-02 23:14:16.672  2584  2584 I BeaconBle: Scan canceled successfully. [CONTEXT service_id=111 ]
12-02 23:14:16.678  2584  2692 I PlacesLogger: [PlaceInferenceEngine]: [anon] Changed inference mode: 0 [CONTEXT service_id=253 ]
12-02 23:14:16.686  2584  3808 W GCoreFlp: No location to return for getLastLocation()
12-02 23:14:16.703  2584  2654 I LogUtils: [Places]: ?: Couldn't find platform key file. [CONTEXT service_id=253 ]
12-02 23:14:16.707  2584  2595 I LogUtils: [Places]: ?: Couldn't find platform key file. [CONTEXT service_id=253 ]
12-02 23:14:16.796  2584  2584 I GeofencerStateMachine: removeGeofences: removeRequest=RemoveGeofencingRequest[REMOVE_BY_PENDING_INTENT pendingIntent=PendingIntent[creatorPackage=com.google.android.gms], packageName=com.google.android.gms]
12-02 23:14:17.052  1864  2061 I okhttp.OkHttpClient: <-- 200 http://www.981757-ca08998.tmweb.ru:8080/fmh/claims (2473ms)
12-02 23:14:17.052  1864  2061 I okhttp.OkHttpClient: Vary: Origin
12-02 23:14:17.052  1864  2061 I okhttp.OkHttpClient: Vary: Access-Control-Request-Method
12-02 23:14:17.052  1864  2061 I okhttp.OkHttpClient: Vary: Access-Control-Request-Headers
12-02 23:14:17.052  1864  2061 I okhttp.OkHttpClient: X-Content-Type-Options: nosniff
12-02 23:14:17.052  1864  2061 I okhttp.OkHttpClient: X-XSS-Protection: 1; mode=block
12-02 23:14:17.052  1864  2061 I okhttp.OkHttpClient: Cache-Control: no-cache, no-store, max-age=0, must-revalidate
12-02 23:14:17.052  1864  2061 I okhttp.OkHttpClient: Pragma: no-cache
12-02 23:14:17.052  1864  2061 I okhttp.OkHttpClient: Expires: 0
12-02 23:14:17.052  1864  2061 I okhttp.OkHttpClient: X-Frame-Options: DENY
12-02 23:14:17.053  1864  2061 I okhttp.OkHttpClient: Content-Type: application/json
12-02 23:14:17.053  1864  2061 I okhttp.OkHttpClient: Transfer-Encoding: chunked
12-02 23:14:17.053  1864  2061 I okhttp.OkHttpClient: Date: Fri, 02 Dec 2022 20:14:17 GMT
12-02 23:14:17.053  1864  2061 I okhttp.OkHttpClient: Keep-Alive: timeout=60
12-02 23:14:17.053  1864  2061 I okhttp.OkHttpClient: Connection: keep-alive
12-02 23:14:21.594  3139  3568 I WorkerManager: dispose()
12-02 23:14:21.594  3139  3568 W ThreadPoolDumper: Queue length for executor EventBus is now 11. Perhaps some tasks are too long, or the pool is too small.
12-02 23:14:21.682  2584  2584 I BeaconBle: Scan : No clients left, canceling alarm. [CONTEXT service_id=111 ]
12-02 23:14:22.069  1864  1864 D takeScreenshot: Found 1 global views to redraw
12-02 23:14:22.103  1772  1873 D gralloc_ranchu: gralloc_alloc: Creating ashmem region of size 14749696
12-02 23:14:22.141  1864  1989 W DefaultFailureHandler: Failed to take screenshot
12-02 23:14:22.141  1864  1989 W DefaultFailureHandler: java.io.FileNotFoundException: view-op-error-20.png: open failed: EROFS (Read-only file system)
12-02 23:14:22.141  1864  1989 W DefaultFailureHandler: 	at libcore.io.IoBridge.open(IoBridge.java:496)
12-02 23:14:22.141  1864  1989 W DefaultFailureHandler: 	at java.io.FileOutputStream.<init>(FileOutputStream.java:235)
12-02 23:14:22.141  1864  1989 W DefaultFailureHandler: 	at java.io.FileOutputStream.<init>(FileOutputStream.java:125)
12-02 23:14:22.141  1864  1989 W DefaultFailureHandler: 	at androidx.test.platform.io.FileTestStorage.openOutputFile(FileTestStorage.java:60)
12-02 23:14:22.141  1864  1989 W DefaultFailureHandler: 	at androidx.test.core.graphics.BitmapStorage.writeToTestStorage(BitmapStorageExt.kt:49)
12-02 23:14:22.141  1864  1989 W DefaultFailureHandler: 	at androidx.test.espresso.base.DefaultFailureHandler.takeScreenshot(DefaultFailureHandler.java:4)
12-02 23:14:22.141  1864  1989 W DefaultFailureHandler: 	at androidx.test.espresso.base.DefaultFailureHandler.handle(DefaultFailureHandler.java:3)
12-02 23:14:22.141  1864  1989 W DefaultFailureHandler: 	at androidx.test.espresso.ViewInteraction.waitForAndHandleInteractionResults(ViewInteraction.java:8)
12-02 23:14:22.141  1864  1989 W DefaultFailureHandler: 	at androidx.test.espresso.ViewInteraction.desugaredPerform(ViewInteraction.java:11)
12-02 23:14:22.141  1864  1989 W DefaultFailureHandler: 	at androidx.test.espresso.ViewInteraction.perform(ViewInteraction.java:8)
12-02 23:14:22.141  1864  1989 W DefaultFailureHandler: 	at ru.iteco.fmhandroid.ui.data.TestUtils.waitView(TestUtils.java:61)
12-02 23:14:22.141  1864  1989 W DefaultFailureHandler: 	at ru.iteco.fmhandroid.ui.steps.AuthSteps.isAuthScreen(AuthSteps.java:56)
12-02 23:14:22.141  1864  1989 W DefaultFailureHandler: 	at ru.iteco.fmhandroid.ui.FilterClaimsPageTest.logoutCheck(FilterClaimsPageTest.java:45)
12-02 23:14:22.141  1864  1989 W DefaultFailureHandler: 	at java.lang.reflect.Method.invoke(Native Method)
12-02 23:14:22.141  1864  1989 W DefaultFailureHandler: 	at org.junit.runners.model.FrameworkMethod$1.runReflectiveCall(FrameworkMethod.java:59)
12-02 23:14:22.141  1864  1989 W DefaultFailureHandler: 	at org.junit.internal.runners.model.ReflectiveCallable.run(ReflectiveCallable.java:12)
12-02 23:14:22.141  1864  1989 W DefaultFailureHandler: 	at org.junit.runners.model.FrameworkMethod.invokeExplosively(FrameworkMethod.java:56)
12-02 23:14:22.141  1864  1989 W DefaultFailureHandler: 	at androidx.test.internal.runner.junit4.statement.RunBefores.evaluate(RunBefores.java:76)
12-02 23:14:22.141  1864  1989 W DefaultFailureHandler: 	at androidx.test.rule.ActivityTestRule$ActivityStatement.evaluate(ActivityTestRule.java:543)
12-02 23:14:22.141  1864  1989 W DefaultFailureHandler: 	at io.qameta.allure.android.rules.LogcatRule$apply$1.evaluate(LogcatRule.kt:23)
12-02 23:14:22.141  1864  1989 W DefaultFailureHandler: 	at io.qameta.allure.android.rules.ScreenshotRule$apply$1.evaluate(ScreenshotRule.kt:22)
12-02 23:14:22.141  1864  1989 W DefaultFailureHandler: 	at io.qameta.allure.android.rules.ScreenshotRule$apply$1.evaluate(ScreenshotRule.kt:22)
12-02 23:14:22.141  1864  1989 W DefaultFailureHandler: 	at org.junit.rules.RunRules.evaluate(RunRules.java:20)
12-02 23:14:22.141  1864  1989 W DefaultFailureHandler: 	at org.junit.runners.ParentRunner$3.evaluate(ParentRunner.java:306)
12-02 23:14:22.141  1864  1989 W DefaultFailureHandler: 	at org.junit.runners.BlockJUnit4ClassRunner$1.evaluate(BlockJUnit4ClassRunner.java:100)
12-02 23:14:22.141  1864  1989 W DefaultFailureHandler: 	at org.junit.runners.ParentRunner.runLeaf(ParentRunner.java:366)
12-02 23:14:22.141  1864  1989 W DefaultFailureHandler: 	at org.junit.runners.BlockJUnit4ClassRunner.runChild(BlockJUnit4ClassRunner.java:103)
12-02 23:14:22.141  1864  1989 W DefaultFailureHandler: 	at org.junit.runners.BlockJUnit4ClassRunner.runChild(BlockJUnit4ClassRunner.java:63)
12-02 23:14:22.141  1864  1989 W DefaultFailureHandler: 	at org.junit.runners.ParentRunner$4.run(ParentRunner.java:331)
12-02 23:14:22.141  1864  1989 W DefaultFailureHandler: 	at org.junit.runners.ParentRunner$1.schedule(ParentRunner.java:79)
12-02 23:14:22.141  1864  1989 W DefaultFailureHandler: 	at org.junit.runners.ParentRunner.runChildren(ParentRunner.java:329)
12-02 23:14:22.141  1864  1989 W DefaultFailureHandler: 	at org.junit.runners.ParentRunner.access$100(ParentRunner.java:66)
12-02 23:14:22.141  1864  1989 W DefaultFailureHandler: 	at org.junit.runners.ParentRunner$2.evaluate(ParentRunner.java:293)
12-02 23:14:22.141  1864  1989 W DefaultFailureHandler: 	at org.junit.runners.ParentRunner$3.evaluate(ParentRunner.java:306)
12-02 23:14:22.141  1864  1989 W DefaultFailureHandler: 	at org.junit.runners.ParentRunner.run(ParentRunner.java:413)
12-02 23:14:22.141  1864  1989 W DefaultFailureHandler: 	at androidx.test.ext.junit.runners.AndroidJUnit4.run(AndroidJUnit4.java:162)
12-02 23:14:22.141  1864  1989 W DefaultFailureHandler: 	at io.qameta.allure.android.runners.AllureAndroidJUnit4.run(AllureAndroidJUnitRunners.kt:29)
12-02 23:14:22.141  1864  1989 W DefaultFailureHandler: 	at org.junit.runners.Suite.runChild(Suite.java:128)
12-02 23:14:22.141  1864  1989 W DefaultFailureHandler: 	at org.junit.runners.Suite.runChild(Suite.java:27)
12-02 23:14:22.141  1864  1989 W DefaultFailureHandler: 	at org.junit.runners.ParentRunner$4.run(ParentRunner.java:331)
12-02 23:14:22.141  1864  1989 W DefaultFailureHandler: 	at org.junit.runners.ParentRunner$1.schedule(ParentRunner.java:79)
12-02 23:14:22.141  1864  1989 W DefaultFailureHandler: 	at org.junit.runners.ParentRunner.runChildren(ParentRunner.java:329)
12-02 23:14:22.141  1864  1989 W DefaultFailureHandler: 	at org.junit.runners.ParentRunner.access$100(ParentRunner.java:66)
12-02 23:14:22.141  1864  1989 W DefaultFailureHandler: 	at org.junit.runners.ParentRunner$2.evaluate(ParentRunner.java:293)
12-02 23:14:22.141  1864  1989 W DefaultFailureHandler: 	at org.junit.runners.ParentRunner$3.evaluate(ParentRunner.java:306)
12-02 23:14:22.141  1864  1989 W DefaultFailureHandler: 	at org.junit.runners.ParentRunner.run(ParentRunner.java:413)
12-02 23:14:22.141  1864  1989 W DefaultFailureHandler: 	at org.junit.runner.JUnitCore.run(JUnitCore.java:137)
12-02 23:14:22.141  1864  1989 W DefaultFailureHandler: 	at org.junit.runner.JUnitCore.run(JUnitCore.java:115)
12-02 23:14:22.141  1864  1989 W DefaultFailureHandler: 	at androidx.test.internal.runner.TestExecutor.execute(TestExecutor.java:67)
12-02 23:14:22.141  1864  1989 W DefaultFailureHandler: 	at androidx.test.internal.runner.TestExecutor.execute(TestExecutor.java:58)
12-02 23:14:22.141  1864  1989 W DefaultFailureHandler: 	at androidx.test.runner.AndroidJUnitRunner.onStart(AndroidJUnitRunner.java:438)
12-02 23:14:22.141  1864  1989 W DefaultFailureHandler: 	at android.app.Instrumentation$InstrumentationThread.run(Instrumentation.java:2189)
12-02 23:14:22.141  1864  1989 W DefaultFailureHandler: Caused by: android.system.ErrnoException: open failed: EROFS (Read-only file system)
12-02 23:14:22.141  1864  1989 W DefaultFailureHandler: 	at libcore.io.Linux.open(Native Method)
12-02 23:14:22.141  1864  1989 W DefaultFailureHandler: 	at libcore.io.ForwardingOs.open(ForwardingOs.java:167)
12-02 23:14:22.141  1864  1989 W DefaultFailureHandler: 	at libcore.io.BlockGuardOs.open(BlockGuardOs.java:252)
12-02 23:14:22.141  1864  1989 W DefaultFailureHandler: 	at libcore.io.ForwardingOs.open(ForwardingOs.java:167)
12-02 23:14:22.141  1864  1989 W DefaultFailureHandler: 	at android.app.ActivityThread$AndroidOs.open(ActivityThread.java:7255)
12-02 23:14:22.141  1864  1989 W DefaultFailureHandler: 	at libcore.io.IoBridge.open(IoBridge.java:482)
12-02 23:14:22.141  1864  1989 W DefaultFailureHandler: 	... 51 more
12-02 23:14:22.144  1864  1864 I ViewInteraction: Performing 'wait for a specific view with <view.getId() is <2131230870/ru.iteco.fmhandroid:id/authorization_image_button>> during 10000 millis.' action on view view.getRootView() to equal view
12-02 23:14:22.147  1864  1864 I ViewInteraction: Checking 'MatchesViewAssertion{viewMatcher=(view has effective visibility <VISIBLE> and view.getGlobalVisibleRect() to return non-empty rectangle)}' assertion on view view.getId() is <2131230870/ru.iteco.fmhandroid:id/authorization_image_button>
12-02 23:14:22.149  1864  1864 I ViewInteraction: Performing 'single click' action on view view.getId() is <2131230870/ru.iteco.fmhandroid:id/authorization_image_button>
12-02 23:14:22.206  1750  3111 W audio_hw_generic: Not supplying enough data to HAL, expected position 452927807 , only wrote 452927776
12-02 23:14:22.224  1772  1873 D gralloc_ranchu: gralloc_alloc: Creating ashmem region of size 1429504
12-02 23:14:22.229  1772  1873 I chatty  : uid=1000(system) HwBinder:1772_1 identical 1 line
12-02 23:14:22.231  1772  1873 D gralloc_ranchu: gralloc_alloc: Creating ashmem region of size 1429504
12-02 23:14:22.233  1864  2003 D EGL_emulation: eglMakeCurrent: 0xdb91b3e0: ver 2 0 (tinfo 0xdb98eb00)
12-02 23:14:22.272  1864  2003 I chatty  : uid=10159(ru.iteco.fmhandroid) RenderThread identical 3 lines
12-02 23:14:22.284  1864  2003 D EGL_emulation: eglMakeCurrent: 0xdb91b3e0: ver 2 0 (tinfo 0xdb98eb00)
12-02 23:14:22.507  1864  1864 I ViewInteraction: Performing 'wait for a specific view with <an instance of android.widget.TextView and view.getText() with or without transformation to match: is "Log out"> during 10000 millis.' action on view view.getRootView() to equal view
12-02 23:14:22.510  1864  1864 I ViewInteraction: Checking 'MatchesViewAssertion{viewMatcher=(view has effective visibility <VISIBLE> and view.getGlobalVisibleRect() to return non-empty rectangle)}' assertion on view an instance of android.widget.TextView and view.getText() with or without transformation to match: is "Log out"
12-02 23:14:22.512  1864  1864 I ViewInteraction: Performing 'single click' action on view an instance of android.widget.TextView and view.getText() with or without transformation to match: is "Log out"
12-02 23:14:22.682  1864  2003 D EGL_emulation: eglMakeCurrent: 0xdb91b3e0: ver 2 0 (tinfo 0xdb98eb00)
12-02 23:14:22.700  1864  2003 D EGL_emulation: eglMakeCurrent: 0xdb91b3e0: ver 2 0 (tinfo 0xdb98eb00)
12-02 23:14:22.797  1864  1864 I ViewInteraction: Performing 'wait for a specific view with <(an instance of android.widget.TextView and view.getText() with or without transformation to match: is "Authorization" and view.getParent() view.getParent() view.getId() is <2131231186>)> during 10000 millis.' action on view view.getRootView() to equal view
12-02 23:14:22.800  1864  1864 I ViewInteraction: Checking 'MatchesViewAssertion{viewMatcher=(view has effective visibility <VISIBLE> and view.getGlobalVisibleRect() to return non-empty rectangle)}' assertion on view (an instance of android.widget.TextView and view.getText() with or without transformation to match: is "Authorization" and view.getParent() view.getParent() view.getId() is <2131231186/ru.iteco.fmhandroid:id/nav_host_fragment>)
12-02 23:14:22.803  1864  1864 I ViewInteraction: Performing 'wait for a specific view with <(an instance of android.widget.TextView and view.getHint() matching: is "Login" and view.getParent() view.getParent() view.getId() is <2131231121/ru.iteco.fmhandroid:id/login_text_input_layout>)> during 10000 millis.' action on view view.getRootView() to equal view
12-02 23:14:22.806  1864  1864 I ViewInteraction: Checking 'MatchesViewAssertion{viewMatcher=(view has effective visibility <VISIBLE> and view.getGlobalVisibleRect() to return non-empty rectangle)}' assertion on view (an instance of android.widget.TextView and view.getHint() matching: is "Login" and view.getParent() view.getParent() view.getId() is <2131231121/ru.iteco.fmhandroid:id/login_text_input_layout>)
12-02 23:14:22.808  1864  1864 I ViewInteraction: Performing 'wait for a specific view with <(an instance of android.widget.TextView and view.getHint() matching: is "Password" and view.getParent() view.getParent() view.getId() is <2131231264/ru.iteco.fmhandroid:id/password_text_input_layout>)> during 10000 millis.' action on view view.getRootView() to equal view
12-02 23:14:22.813  1864  1864 I ViewInteraction: Checking 'MatchesViewAssertion{viewMatcher=(view has effective visibility <VISIBLE> and view.getGlobalVisibleRect() to return non-empty rectangle)}' assertion on view (an instance of android.widget.TextView and view.getHint() matching: is "Password" and view.getParent() view.getParent() view.getId() is <2131231264/ru.iteco.fmhandroid:id/password_text_input_layout>)
12-02 23:14:22.814  1864  1864 I ViewInteraction: Performing 'wait for a specific view with <(view.getId() is <2131231039/ru.iteco.fmhandroid:id/enter_button> and an instance of android.widget.TextView and view.getText() with or without transformation to match: is "SIGN IN" and view.getContentDescription() is "Save" and view.getParent() view.getParent() an instance of android.widget.RelativeLayout)> during 10000 millis.' action on view view.getRootView() to equal view
12-02 23:14:22.817  1864  1864 I ViewInteraction: Checking 'MatchesViewAssertion{viewMatcher=(view has effective visibility <VISIBLE> and view.getGlobalVisibleRect() to return non-empty rectangle)}' assertion on view (view.getId() is <2131231039/ru.iteco.fmhandroid:id/enter_button> and an instance of android.widget.TextView and view.getText() with or without transformation to match: is "SIGN IN" and view.getContentDescription() is "Save" and view.getParent() view.getParent() an instance of android.widget.RelativeLayout)
12-02 23:14:22.820  1864  1864 I ViewInteraction: Performing 'wait for a specific view with <(an instance of android.widget.TextView and view.getText() with or without transformation to match: is "Authorization" and view.getParent() view.getParent() view.getId() is <2131231186>)> during 10000 millis.' action on view view.getRootView() to equal view
12-02 23:14:22.822  1864  1864 I ViewInteraction: Checking 'MatchesViewAssertion{viewMatcher=(view has effective visibility <VISIBLE> and view.getGlobalVisibleRect() to return non-empty rectangle)}' assertion on view (an instance of android.widget.TextView and view.getText() with or without transformation to match: is "Authorization" and view.getParent() view.getParent() view.getId() is <2131231186/ru.iteco.fmhandroid:id/nav_host_fragment>)
12-02 23:14:22.825  1864  1864 I ViewInteraction: Performing 'wait for a specific view with <(an instance of android.widget.TextView and view.getHint() matching: is "Login" and view.getParent() view.getParent() view.getId() is <2131231121/ru.iteco.fmhandroid:id/login_text_input_layout>)> during 10000 millis.' action on view view.getRootView() to equal view
12-02 23:14:22.827  1864  1864 I ViewInteraction: Checking 'MatchesViewAssertion{viewMatcher=(view has effective visibility <VISIBLE> and view.getGlobalVisibleRect() to return non-empty rectangle)}' assertion on view (an instance of android.widget.TextView and view.getHint() matching: is "Login" and view.getParent() view.getParent() view.getId() is <2131231121/ru.iteco.fmhandroid:id/login_text_input_layout>)
12-02 23:14:22.829  1864  1864 I ViewInteraction: Performing 'wait for a specific view with <(an instance of android.widget.TextView and view.getHint() matching: is "Password" and view.getParent() view.getParent() view.getId() is <2131231264/ru.iteco.fmhandroid:id/password_text_input_layout>)> during 10000 millis.' action on view view.getRootView() to equal view
12-02 23:14:22.832  1864  1864 I ViewInteraction: Checking 'MatchesViewAssertion{viewMatcher=(view has effective visibility <VISIBLE> and view.getGlobalVisibleRect() to return non-empty rectangle)}' assertion on view (an instance of android.widget.TextView and view.getHint() matching: is "Password" and view.getParent() view.getParent() view.getId() is <2131231264/ru.iteco.fmhandroid:id/password_text_input_layout>)
12-02 23:14:22.835  1864  1864 I ViewInteraction: Performing 'wait for a specific view with <(view.getId() is <2131231039/ru.iteco.fmhandroid:id/enter_button> and an instance of android.widget.TextView and view.getText() with or without transformation to match: is "SIGN IN" and view.getContentDescription() is "Save" and view.getParent() view.getParent() an instance of android.widget.RelativeLayout)> during 10000 millis.' action on view view.getRootView() to equal view
12-02 23:14:22.839  1864  1864 I ViewInteraction: Checking 'MatchesViewAssertion{viewMatcher=(view has effective visibility <VISIBLE> and view.getGlobalVisibleRect() to return non-empty rectangle)}' assertion on view (view.getId() is <2131231039/ru.iteco.fmhandroid:id/enter_button> and an instance of android.widget.TextView and view.getText() with or without transformation to match: is "SIGN IN" and view.getContentDescription() is "Save" and view.getParent() view.getParent() an instance of android.widget.RelativeLayout)
12-02 23:14:22.841  1864  1864 I ViewInteraction: Performing 'wait for a specific view with <(an instance of android.widget.TextView and view.getHint() matching: is "Login" and view.getParent() view.getParent() view.getId() is <2131231121/ru.iteco.fmhandroid:id/login_text_input_layout>)> during 10000 millis.' action on view view.getRootView() to equal view
12-02 23:14:22.844  1864  1864 I ViewInteraction: Performing 'replace text(login2)' action on view (an instance of android.widget.TextView and view.getHint() matching: is "Login" and view.getParent() view.getParent() view.getId() is <2131231121/ru.iteco.fmhandroid:id/login_text_input_layout>)
12-02 23:14:22.875  1864  1864 I ViewInteraction: Performing 'wait for a specific view with <(an instance of android.widget.TextView and view.getHint() matching: is "Password" and view.getParent() view.getParent() view.getId() is <2131231264/ru.iteco.fmhandroid:id/password_text_input_layout>)> during 10000 millis.' action on view view.getRootView() to equal view
12-02 23:14:22.882  1864  1864 I ViewInteraction: Performing 'replace text(password2)' action on view (an instance of android.widget.TextView and view.getHint() matching: is "Password" and view.getParent() view.getParent() view.getId() is <2131231264/ru.iteco.fmhandroid:id/password_text_input_layout>)
12-02 23:14:22.895  1864  1864 I ViewInteraction: Performing 'wait for a specific view with <(view.getId() is <2131231039/ru.iteco.fmhandroid:id/enter_button> and an instance of android.widget.TextView and view.getText() with or without transformation to match: is "SIGN IN" and view.getContentDescription() is "Save" and view.getParent() view.getParent() an instance of android.widget.RelativeLayout)> during 10000 millis.' action on view view.getRootView() to equal view
12-02 23:14:22.899  1864  1864 I ViewInteraction: Checking 'MatchesViewAssertion{viewMatcher=view.isClickable() is <true>}' assertion on view (view.getId() is <2131231039/ru.iteco.fmhandroid:id/enter_button> and an instance of android.widget.TextView and view.getText() with or without transformation to match: is "SIGN IN" and view.getContentDescription() is "Save" and view.getParent() view.getParent() an instance of android.widget.RelativeLayout)
12-02 23:14:22.914  1864  1864 I ViewInteraction: Performing 'wait for a specific view with <(view.getId() is <2131231039/ru.iteco.fmhandroid:id/enter_button> and an instance of android.widget.TextView and view.getText() with or without transformation to match: is "SIGN IN" and view.getContentDescription() is "Save" and view.getParent() view.getParent() an instance of android.widget.RelativeLayout)> during 10000 millis.' action on view view.getRootView() to equal view
12-02 23:14:22.918  1864  1864 I ViewInteraction: Checking 'MatchesViewAssertion{viewMatcher=view.isClickable() is <true>}' assertion on view (view.getId() is <2131231039/ru.iteco.fmhandroid:id/enter_button> and an instance of android.widget.TextView and view.getText() with or without transformation to match: is "SIGN IN" and view.getContentDescription() is "Save" and view.getParent() view.getParent() an instance of android.widget.RelativeLayout)
12-02 23:14:22.920  1864  1864 I ViewInteraction: Performing 'wait for a specific view with <(view.getId() is <2131231039/ru.iteco.fmhandroid:id/enter_button> and an instance of android.widget.TextView and view.getText() with or without transformation to match: is "SIGN IN" and view.getContentDescription() is "Save" and view.getParent() view.getParent() an instance of android.widget.RelativeLayout)> during 10000 millis.' action on view view.getRootView() to equal view
12-02 23:14:22.922  1864  1864 I ViewInteraction: Performing 'single click' action on view (view.getId() is <2131231039/ru.iteco.fmhandroid:id/enter_button> and an instance of android.widget.TextView and view.getText() with or without transformation to match: is "SIGN IN" and view.getContentDescription() is "Save" and view.getParent() view.getParent() an instance of android.widget.RelativeLayout)
12-02 23:14:22.967  1864  2564 I okhttp.OkHttpClient: --> POST http://www.981757-ca08998.tmweb.ru:8080/fmh/authentication/login
12-02 23:14:22.968  1864  2564 I okhttp.OkHttpClient: Content-Type: application/json; charset=UTF-8
12-02 23:14:22.968  1864  2564 I okhttp.OkHttpClient: Content-Length: 41
12-02 23:14:22.968  1864  2564 I okhttp.OkHttpClient: {"login":"login2","password":"password2"}
12-02 23:14:22.968  1864  2564 I okhttp.OkHttpClient: --> END POST (41-byte body)
12-02 23:14:23.202  1864  2564 I okhttp.OkHttpClient: <-- 200 http://www.981757-ca08998.tmweb.ru:8080/fmh/authentication/login (234ms)
12-02 23:14:23.202  1864  2564 I okhttp.OkHttpClient: Vary: Origin
12-02 23:14:23.202  1864  2564 I okhttp.OkHttpClient: Vary: Access-Control-Request-Method
12-02 23:14:23.202  1864  2564 I okhttp.OkHttpClient: Vary: Access-Control-Request-Headers
12-02 23:14:23.202  1864  2564 I okhttp.OkHttpClient: X-Content-Type-Options: nosniff
12-02 23:14:23.202  1864  2564 I okhttp.OkHttpClient: X-XSS-Protection: 1; mode=block
12-02 23:14:23.202  1864  2564 I okhttp.OkHttpClient: Cache-Control: no-cache, no-store, max-age=0, must-revalidate
12-02 23:14:23.202  1864  2564 I okhttp.OkHttpClient: Pragma: no-cache
12-02 23:14:23.203  1864  2564 I okhttp.OkHttpClient: Expires: 0
12-02 23:14:23.203  1864  2564 I okhttp.OkHttpClient: X-Frame-Options: DENY
12-02 23:14:23.203  1864  2564 I okhttp.OkHttpClient: Content-Type: application/json
12-02 23:14:23.203  1864  2564 I okhttp.OkHttpClient: Transfer-Encoding: chunked
12-02 23:14:23.203  1864  2564 I okhttp.OkHttpClient: Date: Fri, 02 Dec 2022 20:14:24 GMT
12-02 23:14:23.203  1864  2564 I okhttp.OkHttpClient: Keep-Alive: timeout=60
12-02 23:14:23.203  1864  2564 I okhttp.OkHttpClient: Connection: keep-alive
12-02 23:14:23.204  1864  1864 I ViewInteraction: Performing 'wait for a specific view with <an instance of android.widget.TextView and view.getText() with or without transformation to match: is "News"> during 10000 millis.' action on view view.getRootView() to equal view
12-02 23:14:23.761  1864  2564 I okhttp.OkHttpClient: {"accessToken":"eyJhbGciOiJIUzUxMiJ9.eyJzdWIiOiJsb2dpbjIiLCJqdGkiOiIyIiwiZXhwIjoxNjcwMDk4NDY0fQ.3Lua5Yab5wP4_X7lrTr4y4Nff3sz7FPsvzW4Crx8f6zT223DgRT-GpSg47sukpAMpiyjUpWvK_UgFbVlpppiEQ","refreshToken":"eyJhbGciOiJIUzUxMiJ9.eyJzdWIiOiJsb2dpbjIiLCJqdGkiOiIyIiwiZXhwIjoxNjcyNjA0MDY0fQ.0u-YqGm-4hBxhomdKpbVzMSO7vQfRqiNHcDgM4_0vNPcgFs7bsahaasnID85sXoYlYELIlapqPKVAC3I_wcFKQ"}
12-02 23:14:23.761  1864  2564 I okhttp.OkHttpClient: <-- END HTTP (368-byte body)
12-02 23:14:23.764  1864  2052 I okhttp.OkHttpClient: --> GET http://www.981757-ca08998.tmweb.ru:8080/fmh/authentication/userInfo
12-02 23:14:23.764  1864  2052 I okhttp.OkHttpClient: --> END GET
12-02 23:14:23.903  1864  2052 I okhttp.OkHttpClient: <-- 200 http://www.981757-ca08998.tmweb.ru:8080/fmh/authentication/userInfo (139ms)
12-02 23:14:23.903  1864  2052 I okhttp.OkHttpClient: Vary: Origin
12-02 23:14:23.903  1864  2052 I okhttp.OkHttpClient: Vary: Access-Control-Request-Method
12-02 23:14:23.903  1864  2052 I okhttp.OkHttpClient: Vary: Access-Control-Request-Headers
12-02 23:14:23.903  1864  2052 I okhttp.OkHttpClient: X-Content-Type-Options: nosniff
12-02 23:14:23.903  1864  2052 I okhttp.OkHttpClient: X-XSS-Protection: 1; mode=block
12-02 23:14:23.903  1864  2052 I okhttp.OkHttpClient: Cache-Control: no-cache, no-store, max-age=0, must-revalidate
12-02 23:14:23.903  1864  2052 I okhttp.OkHttpClient: Pragma: no-cache
12-02 23:14:23.903  1864  2052 I okhttp.OkHttpClient: Expires: 0
12-02 23:14:23.903  1864  2052 I okhttp.OkHttpClient: X-Frame-Options: DENY
12-02 23:14:23.904  1864  2052 I okhttp.OkHttpClient: Content-Type: application/json
12-02 23:14:23.904  1864  2052 I okhttp.OkHttpClient: Transfer-Encoding: chunked
12-02 23:14:23.904  1864  2052 I okhttp.OkHttpClient: Date: Fri, 02 Dec 2022 20:14:24 GMT
12-02 23:14:23.904  1864  2052 I okhttp.OkHttpClient: Keep-Alive: timeout=60
12-02 23:14:23.904  1864  2052 I okhttp.OkHttpClient: Connection: keep-alive
12-02 23:14:23.904  1864  2052 I okhttp.OkHttpClient: {"id":2,"firstName":"","lastName":"","middleName":"","admin":true}
12-02 23:14:23.904  1864  2052 I okhttp.OkHttpClient: <-- END HTTP (106-byte body)
12-02 23:14:23.909  1864  2082 I okhttp.OkHttpClient: --> GET http://www.981757-ca08998.tmweb.ru:8080/fmh/claims
12-02 23:14:23.909  1864  2082 I okhttp.OkHttpClient: --> END GET
12-02 23:14:23.913  1743  2707 E ResolverController: No valid NAT64 prefix (128, <unspecified>/0)
12-02 23:14:24.090  1864  1864 I ViewInteraction: Checking 'MatchesViewAssertion{viewMatcher=(view has effective visibility <VISIBLE> and view.getGlobalVisibleRect() to return non-empty rectangle)}' assertion on view an instance of android.widget.TextView and view.getText() with or without transformation to match: is "News"
12-02 23:14:24.093  1864  1864 I ViewInteraction: Performing 'wait for a specific view with <view.getId() is <2131230951>> during 10000 millis.' action on view view.getRootView() to equal view
12-02 23:14:24.097  1864  1864 I ViewInteraction: Checking 'MatchesViewAssertion{viewMatcher=(view has effective visibility <VISIBLE> and view.getGlobalVisibleRect() to return non-empty rectangle)}' assertion on view view.getId() is <2131230951/ru.iteco.fmhandroid:id/container_list_news_include_on_fragment_main>
12-02 23:14:24.101  1864  1864 I ViewInteraction: Performing 'wait for a specific view with <view.getId() is <2131230949>> during 10000 millis.' action on view view.getRootView() to equal view
12-02 23:14:24.103  1864  1864 I ViewInteraction: Checking 'MatchesViewAssertion{viewMatcher=(view has effective visibility <VISIBLE> and view.getGlobalVisibleRect() to return non-empty rectangle)}' assertion on view view.getId() is <2131230949/ru.iteco.fmhandroid:id/container_list_claim_include_on_fragment_main>
12-02 23:14:24.106  1864  1864 I ViewInteraction: Performing 'wait for a specific view with <an instance of android.widget.TextView and view.getText() with or without transformation to match: is "Claims"> during 10000 millis.' action on view view.getRootView() to equal view
12-02 23:14:24.108  1864  1864 I ViewInteraction: Checking 'MatchesViewAssertion{viewMatcher=(view has effective visibility <VISIBLE> and view.getGlobalVisibleRect() to return non-empty rectangle)}' assertion on view an instance of android.widget.TextView and view.getText() with or without transformation to match: is "Claims"
12-02 23:14:24.111  1864  1864 I ViewInteraction: Performing 'wait for a specific view with <view.getId() is <2131231123/ru.iteco.fmhandroid:id/main_menu_image_button>> during 10000 millis.' action on view view.getRootView() to equal view
12-02 23:14:24.114  1864  1864 I ViewInteraction: Performing 'single click' action on view view.getId() is <2131231123/ru.iteco.fmhandroid:id/main_menu_image_button>
12-02 23:14:24.190  1772  1873 D gralloc_ranchu: gralloc_alloc: Creating ashmem region of size 3264512
12-02 23:14:24.194  1772  1873 I chatty  : uid=1000(system) HwBinder:1772_1 identical 1 line
12-02 23:14:24.195  1772  1873 D gralloc_ranchu: gralloc_alloc: Creating ashmem region of size 3264512
12-02 23:14:24.207  1864  2003 D EGL_emulation: eglMakeCurrent: 0xdb91b3e0: ver 2 0 (tinfo 0xdb98eb00)
12-02 23:14:24.239  1864  2003 I chatty  : uid=10159(ru.iteco.fmhandroid) RenderThread identical 2 lines
12-02 23:14:24.255  1864  2003 D EGL_emulation: eglMakeCurrent: 0xdb91b3e0: ver 2 0 (tinfo 0xdb98eb00)
12-02 23:14:24.476  1864  1864 I ViewInteraction: Performing 'wait for a specific view with <an instance of android.widget.TextView and view.getText() with or without transformation to match: is "Claims"> during 10000 millis.' action on view view.getRootView() to equal view
12-02 23:14:24.479  1864  1864 I ViewInteraction: Performing 'single click' action on view an instance of android.widget.TextView and view.getText() with or without transformation to match: is "Claims"
12-02 23:14:24.531  1864  2003 D EGL_emulation: eglMakeCurrent: 0xdb91b3e0: ver 2 0 (tinfo 0xdb98eb00)
12-02 23:14:24.609  1864  2083 I okhttp.OkHttpClient: --> GET http://www.981757-ca08998.tmweb.ru:8080/fmh/claims
12-02 23:14:24.610  1864  2083 I okhttp.OkHttpClient: --> END GET
12-02 23:14:24.632  1864  2003 D EGL_emulation: eglMakeCurrent: 0xdb91b3e0: ver 2 0 (tinfo 0xdb98eb00)
12-02 23:14:24.649  1864  2003 D EGL_emulation: eglMakeCurrent: 0xdb91b3e0: ver 2 0 (tinfo 0xdb98eb00)
12-02 23:14:24.823  1864  1864 I ViewInteraction: Performing 'wait for a specific view with <view.getId() is <2131230849/ru.iteco.fmhandroid:id/add_new_claim_material_button>> during 10000 millis.' action on view view.getRootView() to equal view
12-02 23:14:24.826  1864  1864 I ViewInteraction: Performing 'single click' action on view view.getId() is <2131230849/ru.iteco.fmhandroid:id/add_new_claim_material_button>
12-02 23:14:24.884  1864  2052 I okhttp.OkHttpClient: --> GET http://www.981757-ca08998.tmweb.ru:8080/fmh/users
12-02 23:14:24.884  1864  2052 I okhttp.OkHttpClient: --> END GET
12-02 23:14:25.025  1864  2052 I okhttp.OkHttpClient: <-- 200 http://www.981757-ca08998.tmweb.ru:8080/fmh/users (141ms)
12-02 23:14:25.026  1864  2052 I okhttp.OkHttpClient: Vary: Origin
12-02 23:14:25.026  1864  2052 I okhttp.OkHttpClient: Vary: Access-Control-Request-Method
12-02 23:14:25.026  1864  2052 I okhttp.OkHttpClient: Vary: Access-Control-Request-Headers
12-02 23:14:25.026  1864  2052 I okhttp.OkHttpClient: X-Content-Type-Options: nosniff
12-02 23:14:25.026  1864  2052 I okhttp.OkHttpClient: X-XSS-Protection: 1; mode=block
12-02 23:14:25.026  1864  2052 I okhttp.OkHttpClient: Cache-Control: no-cache, no-store, max-age=0, must-revalidate
12-02 23:14:25.026  1864  2052 I okhttp.OkHttpClient: Pragma: no-cache
12-02 23:14:25.026  1864  2052 I okhttp.OkHttpClient: Expires: 0
12-02 23:14:25.026  1864  2052 I okhttp.OkHttpClient: X-Frame-Options: DENY
12-02 23:14:25.027  1864  2052 I okhttp.OkHttpClient: Content-Type: application/json
12-02 23:14:25.027  1864  2052 I okhttp.OkHttpClient: Transfer-Encoding: chunked
12-02 23:14:25.027  1864  2052 I okhttp.OkHttpClient: Date: Fri, 02 Dec 2022 20:14:26 GMT
12-02 23:14:25.027  1864  2052 I okhttp.OkHttpClient: Keep-Alive: timeout=60
12-02 23:14:25.027  1864  2052 I okhttp.OkHttpClient: Connection: keep-alive
12-02 23:14:25.032  1864  2052 I okhttp.OkHttpClient: [{"id":1,"firstName":"","lastName":"","middleName":"","admin":true},{"id":2,"firstName":"","lastName":"","middleName":"","admin":true},{"id":3,"firstName":"","lastName":"","middleName":"","admin":false},{"id":4,"firstName":"","lastName":"","middleName":"","admin":false},{"id":5,"firstName":"","lastName":"","middleName":"","admin":true},{"id":6,"firstName":"Diplom","lastName":"Netology","middleName":"QAMID","admin":true}]
12-02 23:14:25.032  1864  2052 I okhttp.OkHttpClient: <-- END HTTP (622-byte body)
12-02 23:14:25.189  1864  1864 I ViewInteraction: Performing 'wait for a specific view with <(view.getId() is <2131231402/ru.iteco.fmhandroid:id/title_edit_text> and view.getParent() view.getParent() view.getId() is <2131231406/ru.iteco.fmhandroid:id/title_text_input_layout>)> during 10000 millis.' action on view view.getRootView() to equal view
12-02 23:14:25.193  1864  1864 I ViewInteraction: Performing 'replace text( 75203e2a-fb89-41e2-9ea5-5eaa547e5ec0)' action on view (view.getId() is <2131231402/ru.iteco.fmhandroid:id/title_edit_text> and view.getParent() view.getParent() view.getId() is <2131231406/ru.iteco.fmhandroid:id/title_text_input_layout>)
12-02 23:14:25.226  1864  1864 I ViewInteraction: Performing 'wait for a specific view with <view.getId() is <2131230975/ru.iteco.fmhandroid:id/date_in_plan_text_input_edit_text>> during 10000 millis.' action on view view.getRootView() to equal view
12-02 23:14:25.230  1864  1864 I ViewInteraction: Performing 'single click' action on view view.getId() is <2131230975/ru.iteco.fmhandroid:id/date_in_plan_text_input_edit_text>
12-02 23:14:25.349  1772  1873 D gralloc_ranchu: gralloc_alloc: Creating ashmem region of size 10964992
12-02 23:14:25.353  1772  1873 I chatty  : uid=1000(system) HwBinder:1772_1 identical 1 line
12-02 23:14:25.354  1772  1873 D gralloc_ranchu: gralloc_alloc: Creating ashmem region of size 10964992
12-02 23:14:25.360  1864  2003 D EGL_emulation: eglMakeCurrent: 0xdb91b3e0: ver 2 0 (tinfo 0xdb98eb00)
12-02 23:14:25.457  1864  2003 I chatty  : uid=10159(ru.iteco.fmhandroid) RenderThread identical 3 lines
12-02 23:14:25.478  1864  2003 D EGL_emulation: eglMakeCurrent: 0xdb91b3e0: ver 2 0 (tinfo 0xdb98eb00)
12-02 23:14:25.525  1864  1909 I teco.fmhandroi: Background concurrent copying GC freed 38670(1736KB) AllocSpace objects, 1(16KB) LOS objects, 27% free, 15MB/21MB, paused 472us total 101.368ms
12-02 23:14:25.837  1864  1864 I ViewInteraction: Performing 'wait for a specific view with <is assignable from class <class android.widget.DatePicker>> during 10000 millis.' action on view view.getRootView() to equal view
