12-08 06:40:30.510 13607 13717 I okhttp.OkHttpClient: Cache-Control: no-cache, no-store, max-age=0, must-revalidate
12-08 06:40:30.510 13607 13717 I okhttp.OkHttpClient: Pragma: no-cache
12-08 06:40:30.511 13607 13717 I okhttp.OkHttpClient: Expires: 0
12-08 06:40:30.511 13607 13717 I okhttp.OkHttpClient: X-Frame-Options: DENY
12-08 06:40:30.511 13607 13717 I okhttp.OkHttpClient: Content-Type: application/json
12-08 06:40:30.511 13607 13717 I okhttp.OkHttpClient: Transfer-Encoding: chunked
12-08 06:40:30.511 13607 13717 I okhttp.OkHttpClient: Date: Thu, 08 Dec 2022 11:40:33 GMT
12-08 06:40:30.511 13607 13717 I okhttp.OkHttpClient: Keep-Alive: timeout=60
12-08 06:40:30.511 13607 13717 I okhttp.OkHttpClient: Connection: keep-alive
12-08 06:40:30.512 13607 13717 I okhttp.OkHttpClient: {"id":2,"firstName":"","lastName":"","middleName":"","admin":true}
12-08 06:40:30.513 13607 13717 I okhttp.OkHttpClient: <-- END HTTP (106-byte body)
12-08 06:40:30.527 13607 13726 I okhttp.OkHttpClient: --> GET http://www.981757-ca08998.tmweb.ru:8080/fmh/claims
12-08 06:40:30.527 13607 13726 I okhttp.OkHttpClient: --> END GET
12-08 06:40:30.680 13607 13620 I teco.fmhandroi: NativeAlloc concurrent copying GC freed 162545(8182KB) AllocSpace objects, 8(288KB) LOS objects, 37% free, 10MB/16MB, paused 1.409ms total 142.572ms
12-08 06:40:32.518  2656 14384 I LogUtils: [Places]: ?: Couldn't find platform key file. [CONTEXT service_id=253 ]
12-08 06:40:32.539  2656 14457 I LogUtils: [Places]: ?: Couldn't find platform key file. [CONTEXT service_id=253 ]
12-08 06:40:32.547  2656 14453 I LogUtils: [Places]: ?: PlacesBleScanner stop() [CONTEXT service_id=253 ]
12-08 06:40:32.550  2656  2656 I BeaconBle: Scan : No clients left, canceling alarm. [CONTEXT service_id=111 ]
12-08 06:40:32.554  2656  2656 I BeaconBle: Scan canceled successfully. [CONTEXT service_id=111 ]
12-08 06:40:32.570  2656 14453 I PlacesLogger: [PlaceInferenceEngine]: [anon] Changed inference mode: 0 [CONTEXT service_id=253 ]
12-08 06:40:32.599 13607 13644 V FA      : Inactivity, disconnecting from the service
12-08 06:40:32.611  2656  3542 W GCoreFlp: No location to return for getLastLocation()
12-08 06:40:32.657  2656 14430 I LogUtils: [Places]: ?: Couldn't find platform key file. [CONTEXT service_id=253 ]
12-08 06:40:32.658  2656 14457 I LogUtils: [Places]: ?: Couldn't find platform key file. [CONTEXT service_id=253 ]
12-08 06:40:32.739  2656  2656 I GeofencerStateMachine: removeGeofences: removeRequest=RemoveGeofencingRequest[REMOVE_BY_PENDING_INTENT pendingIntent=PendingIntent[creatorPackage=com.google.android.gms], packageName=com.google.android.gms]
12-08 06:40:32.968 13607 13726 I okhttp.OkHttpClient: <-- 200 http://www.981757-ca08998.tmweb.ru:8080/fmh/claims (2441ms)
12-08 06:40:32.968 13607 13726 I okhttp.OkHttpClient: Vary: Origin
12-08 06:40:32.968 13607 13726 I okhttp.OkHttpClient: Vary: Access-Control-Request-Method
12-08 06:40:32.969 13607 13726 I okhttp.OkHttpClient: Vary: Access-Control-Request-Headers
12-08 06:40:32.969 13607 13726 I okhttp.OkHttpClient: X-Content-Type-Options: nosniff
12-08 06:40:32.969 13607 13726 I okhttp.OkHttpClient: X-XSS-Protection: 1; mode=block
12-08 06:40:32.969 13607 13726 I okhttp.OkHttpClient: Cache-Control: no-cache, no-store, max-age=0, must-revalidate
12-08 06:40:32.969 13607 13726 I okhttp.OkHttpClient: Pragma: no-cache
12-08 06:40:32.969 13607 13726 I okhttp.OkHttpClient: Expires: 0
12-08 06:40:32.969 13607 13726 I okhttp.OkHttpClient: X-Frame-Options: DENY
12-08 06:40:32.969 13607 13726 I okhttp.OkHttpClient: Content-Type: application/json
12-08 06:40:32.969 13607 13726 I okhttp.OkHttpClient: Transfer-Encoding: chunked
12-08 06:40:32.969 13607 13726 I okhttp.OkHttpClient: Date: Thu, 08 Dec 2022 11:40:35 GMT
12-08 06:40:32.969 13607 13726 I okhttp.OkHttpClient: Keep-Alive: timeout=60
12-08 06:40:32.969 13607 13726 I okhttp.OkHttpClient: Connection: keep-alive
12-08 06:40:37.374  2962  3348 I WorkerManager: dispose()
12-08 06:40:37.375  2962  3348 W ThreadPoolDumper: Queue length for executor EventBus is now 11. Perhaps some tasks are too long, or the pool is too small.
12-08 06:40:37.474 13607 13607 D takeScreenshot: Found 1 global views to redraw
12-08 06:40:37.527  1776  1776 D gralloc_ranchu: gralloc_alloc: Creating ashmem region of size 10108928
12-08 06:40:37.574  2656  2656 I BeaconBle: Scan : No clients left, canceling alarm. [CONTEXT service_id=111 ]
12-08 06:40:37.586 13607 13651 W DefaultFailureHandler: Failed to take screenshot
12-08 06:40:37.586 13607 13651 W DefaultFailureHandler: java.io.FileNotFoundException: view-op-error-28.png: open failed: EROFS (Read-only file system)
12-08 06:40:37.586 13607 13651 W DefaultFailureHandler: 	at libcore.io.IoBridge.open(IoBridge.java:496)
12-08 06:40:37.586 13607 13651 W DefaultFailureHandler: 	at java.io.FileOutputStream.<init>(FileOutputStream.java:235)
12-08 06:40:37.586 13607 13651 W DefaultFailureHandler: 	at java.io.FileOutputStream.<init>(FileOutputStream.java:125)
12-08 06:40:37.586 13607 13651 W DefaultFailureHandler: 	at androidx.test.platform.io.FileTestStorage.openOutputFile(FileTestStorage.java:60)
12-08 06:40:37.586 13607 13651 W DefaultFailureHandler: 	at androidx.test.core.graphics.BitmapStorage.writeToTestStorage(BitmapStorageExt.kt:49)
12-08 06:40:37.586 13607 13651 W DefaultFailureHandler: 	at androidx.test.espresso.base.DefaultFailureHandler.takeScreenshot(DefaultFailureHandler.java:4)
12-08 06:40:37.586 13607 13651 W DefaultFailureHandler: 	at androidx.test.espresso.base.DefaultFailureHandler.handle(DefaultFailureHandler.java:3)
12-08 06:40:37.586 13607 13651 W DefaultFailureHandler: 	at androidx.test.espresso.ViewInteraction.waitForAndHandleInteractionResults(ViewInteraction.java:8)
12-08 06:40:37.586 13607 13651 W DefaultFailureHandler: 	at androidx.test.espresso.ViewInteraction.desugaredPerform(ViewInteraction.java:11)
12-08 06:40:37.586 13607 13651 W DefaultFailureHandler: 	at androidx.test.espresso.ViewInteraction.perform(ViewInteraction.java:8)
12-08 06:40:37.586 13607 13651 W DefaultFailureHandler: 	at ru.iteco.fmhandroid.ui.data.TestUtils.waitView(TestUtils.java:61)
12-08 06:40:37.586 13607 13651 W DefaultFailureHandler: 	at ru.iteco.fmhandroid.ui.steps.AuthSteps.isAuthScreen(AuthSteps.java:56)
12-08 06:40:37.586 13607 13651 W DefaultFailureHandler: 	at ru.iteco.fmhandroid.ui.ClaimsCreationFormTest.logoutCheck(ClaimsCreationFormTest.java:59)
12-08 06:40:37.586 13607 13651 W DefaultFailureHandler: 	at java.lang.reflect.Method.invoke(Native Method)
12-08 06:40:37.586 13607 13651 W DefaultFailureHandler: 	at org.junit.runners.model.FrameworkMethod$1.runReflectiveCall(FrameworkMethod.java:59)
12-08 06:40:37.586 13607 13651 W DefaultFailureHandler: 	at org.junit.internal.runners.model.ReflectiveCallable.run(ReflectiveCallable.java:12)
12-08 06:40:37.586 13607 13651 W DefaultFailureHandler: 	at org.junit.runners.model.FrameworkMethod.invokeExplosively(FrameworkMethod.java:56)
12-08 06:40:37.586 13607 13651 W DefaultFailureHandler: 	at androidx.test.internal.runner.junit4.statement.RunBefores.evaluate(RunBefores.java:76)
12-08 06:40:37.586 13607 13651 W DefaultFailureHandler: 	at androidx.test.internal.runner.junit4.statement.RunAfters.evaluate(RunAfters.java:61)
12-08 06:40:37.586 13607 13651 W DefaultFailureHandler: 	at io.qameta.allure.android.rules.ScreenshotRule$apply$1.evaluate(ScreenshotRule.kt:22)
12-08 06:40:37.586 13607 13651 W DefaultFailureHandler: 	at org.junit.rules.ExternalResource$1.evaluate(ExternalResource.java:54)
12-08 06:40:37.586 13607 13651 W DefaultFailureHandler: 	at io.qameta.allure.android.rules.LogcatRule$apply$1.evaluate(LogcatRule.kt:23)
12-08 06:40:37.586 13607 13651 W DefaultFailureHandler: 	at org.junit.rules.RunRules.evaluate(RunRules.java:20)
12-08 06:40:37.586 13607 13651 W DefaultFailureHandler: 	at org.junit.runners.ParentRunner$3.evaluate(ParentRunner.java:306)
12-08 06:40:37.586 13607 13651 W DefaultFailureHandler: 	at org.junit.runners.BlockJUnit4ClassRunner$1.evaluate(BlockJUnit4ClassRunner.java:100)
12-08 06:40:37.586 13607 13651 W DefaultFailureHandler: 	at org.junit.runners.ParentRunner.runLeaf(ParentRunner.java:366)
12-08 06:40:37.586 13607 13651 W DefaultFailureHandler: 	at org.junit.runners.BlockJUnit4ClassRunner.runChild(BlockJUnit4ClassRunner.java:103)
12-08 06:40:37.586 13607 13651 W DefaultFailureHandler: 	at org.junit.runners.BlockJUnit4ClassRunner.runChild(BlockJUnit4ClassRunner.java:63)
12-08 06:40:37.586 13607 13651 W DefaultFailureHandler: 	at org.junit.runners.ParentRunner$4.run(ParentRunner.java:331)
12-08 06:40:37.586 13607 13651 W DefaultFailureHandler: 	at org.junit.runners.ParentRunner$1.schedule(ParentRunner.java:79)
12-08 06:40:37.586 13607 13651 W DefaultFailureHandler: 	at org.junit.runners.ParentRunner.runChildren(ParentRunner.java:329)
12-08 06:40:37.586 13607 13651 W DefaultFailureHandler: 	at org.junit.runners.ParentRunner.access$100(ParentRunner.java:66)
12-08 06:40:37.586 13607 13651 W DefaultFailureHandler: 	at org.junit.runners.ParentRunner$2.evaluate(ParentRunner.java:293)
12-08 06:40:37.586 13607 13651 W DefaultFailureHandler: 	at org.junit.runners.ParentRunner$3.evaluate(ParentRunner.java:306)
12-08 06:40:37.586 13607 13651 W DefaultFailureHandler: 	at org.junit.runners.ParentRunner.run(ParentRunner.java:413)
12-08 06:40:37.586 13607 13651 W DefaultFailureHandler: 	at androidx.test.ext.junit.runners.AndroidJUnit4.run(AndroidJUnit4.java:162)
12-08 06:40:37.586 13607 13651 W DefaultFailureHandler: 	at io.qameta.allure.android.runners.AllureAndroidJUnit4.run(AllureAndroidJUnitRunners.kt:29)
12-08 06:40:37.586 13607 13651 W DefaultFailureHandler: 	at org.junit.runners.Suite.runChild(Suite.java:128)
12-08 06:40:37.586 13607 13651 W DefaultFailureHandler: 	at org.junit.runners.Suite.runChild(Suite.java:27)
12-08 06:40:37.586 13607 13651 W DefaultFailureHandler: 	at org.junit.runners.ParentRunner$4.run(ParentRunner.java:331)
12-08 06:40:37.586 13607 13651 W DefaultFailureHandler: 	at org.junit.runners.ParentRunner$1.schedule(ParentRunner.java:79)
12-08 06:40:37.586 13607 13651 W DefaultFailureHandler: 	at org.junit.runners.ParentRunner.runChildren(ParentRunner.java:329)
12-08 06:40:37.586 13607 13651 W DefaultFailureHandler: 	at org.junit.runners.ParentRunner.access$100(ParentRunner.java:66)
12-08 06:40:37.586 13607 13651 W DefaultFailureHandler: 	at org.junit.runners.ParentRunner$2.evaluate(ParentRunner.java:293)
12-08 06:40:37.586 13607 13651 W DefaultFailureHandler: 	at org.junit.runners.ParentRunner$3.evaluate(ParentRunner.java:306)
12-08 06:40:37.586 13607 13651 W DefaultFailureHandler: 	at org.junit.runners.ParentRunner.run(ParentRunner.java:413)
12-08 06:40:37.586 13607 13651 W DefaultFailureHandler: 	at org.junit.runner.JUnitCore.run(JUnitCore.java:137)
12-08 06:40:37.586 13607 13651 W DefaultFailureHandler: 	at org.junit.runner.JUnitCore.run(JUnitCore.java:115)
12-08 06:40:37.586 13607 13651 W DefaultFailureHandler: 	at androidx.test.internal.runner.TestExecutor.execute(TestExecutor.java:67)
12-08 06:40:37.586 13607 13651 W DefaultFailureHandler: 	at androidx.test.internal.runner.TestExecutor.execute(TestExecutor.java:58)
12-08 06:40:37.586 13607 13651 W DefaultFailureHandler: 	at androidx.test.runner.AndroidJUnitRunner.onStart(AndroidJUnitRunner.java:438)
12-08 06:40:37.586 13607 13651 W DefaultFailureHandler: 	at android.app.Instrumentation$InstrumentationThread.run(Instrumentation.java:2189)
12-08 06:40:37.587 13607 13651 W DefaultFailureHandler: Caused by: android.system.ErrnoException: open failed: EROFS (Read-only file system)
12-08 06:40:37.587 13607 13651 W DefaultFailureHandler: 	at libcore.io.Linux.open(Native Method)
12-08 06:40:37.587 13607 13651 W DefaultFailureHandler: 	at libcore.io.ForwardingOs.open(ForwardingOs.java:167)
12-08 06:40:37.587 13607 13651 W DefaultFailureHandler: 	at libcore.io.BlockGuardOs.open(BlockGuardOs.java:252)
12-08 06:40:37.587 13607 13651 W DefaultFailureHandler: 	at libcore.io.ForwardingOs.open(ForwardingOs.java:167)
12-08 06:40:37.587 13607 13651 W DefaultFailureHandler: 	at android.app.ActivityThread$AndroidOs.open(ActivityThread.java:7255)
12-08 06:40:37.587 13607 13651 W DefaultFailureHandler: 	at libcore.io.IoBridge.open(IoBridge.java:482)
12-08 06:40:37.587 13607 13651 W DefaultFailureHandler: 	... 51 more
12-08 06:40:37.609 13607 13607 I ViewInteraction: Performing 'wait for a specific view with <view.getId() is <2131230870/ru.iteco.fmhandroid:id/authorization_image_button>> during 10000 millis.' action on view view.getRootView() to equal view
12-08 06:40:37.613 13607 13607 I ViewInteraction: Checking 'MatchesViewAssertion{viewMatcher=(view has effective visibility <VISIBLE> and view.getGlobalVisibleRect() to return non-empty rectangle)}' assertion on view view.getId() is <2131230870/ru.iteco.fmhandroid:id/authorization_image_button>
12-08 06:40:37.617 13607 13607 I ViewInteraction: Performing 'single click' action on view view.getId() is <2131230870/ru.iteco.fmhandroid:id/authorization_image_button>
12-08 06:40:37.674  1764  6994 W audio_hw_generic: Not supplying enough data to HAL, expected position 186294945 , only wrote 186294918
12-08 06:40:37.732  1776  1776 D gralloc_ranchu: gralloc_alloc: Creating ashmem region of size 884736
12-08 06:40:37.739  1776  1776 I chatty  : uid=1000(system) allocator@2.0-s identical 1 line
12-08 06:40:37.746  1776  1776 D gralloc_ranchu: gralloc_alloc: Creating ashmem region of size 884736
12-08 06:40:37.749 13607 13699 D EGL_emulation: eglMakeCurrent: 0xe593e8c0: ver 2 0 (tinfo 0xf0c99e70)
12-08 06:40:37.831 13607 13699 I chatty  : uid=10146(ru.iteco.fmhandroid) RenderThread identical 3 lines
12-08 06:40:37.851 13607 13699 D EGL_emulation: eglMakeCurrent: 0xe593e8c0: ver 2 0 (tinfo 0xf0c99e70)
12-08 06:40:38.099 13607 13607 I ViewInteraction: Performing 'wait for a specific view with <an instance of android.widget.TextView and view.getText() with or without transformation to match: is "Log out"> during 10000 millis.' action on view view.getRootView() to equal view
12-08 06:40:38.102 13607 13607 I ViewInteraction: Checking 'MatchesViewAssertion{viewMatcher=(view has effective visibility <VISIBLE> and view.getGlobalVisibleRect() to return non-empty rectangle)}' assertion on view an instance of android.widget.TextView and view.getText() with or without transformation to match: is "Log out"
12-08 06:40:38.104 13607 13607 I ViewInteraction: Performing 'single click' action on view an instance of android.widget.TextView and view.getText() with or without transformation to match: is "Log out"
12-08 06:40:38.339 13607 13699 D EGL_emulation: eglMakeCurrent: 0xe593e8c0: ver 2 0 (tinfo 0xf0c99e70)
12-08 06:40:38.378 13607 13699 D EGL_emulation: eglMakeCurrent: 0xe593e8c0: ver 2 0 (tinfo 0xf0c99e70)
12-08 06:40:38.387  1893  1893 E netmgr  : Failed to open QEMU pipe 'qemud:network': Invalid argument
12-08 06:40:38.475 13607 13607 I ViewInteraction: Performing 'wait for a specific view with <(an instance of android.widget.TextView and view.getText() with or without transformation to match: is "Authorization" and view.getParent() view.getParent() view.getId() is <2131231186>)> during 10000 millis.' action on view view.getRootView() to equal view
12-08 06:40:38.480 13607 13607 I ViewInteraction: Checking 'MatchesViewAssertion{viewMatcher=(view has effective visibility <VISIBLE> and view.getGlobalVisibleRect() to return non-empty rectangle)}' assertion on view (an instance of android.widget.TextView and view.getText() with or without transformation to match: is "Authorization" and view.getParent() view.getParent() view.getId() is <2131231186/ru.iteco.fmhandroid:id/nav_host_fragment>)
12-08 06:40:38.483 13607 13607 I ViewInteraction: Performing 'wait for a specific view with <(an instance of android.widget.TextView and view.getHint() matching: is "Login" and view.getParent() view.getParent() view.getId() is <2131231121/ru.iteco.fmhandroid:id/login_text_input_layout>)> during 10000 millis.' action on view view.getRootView() to equal view
12-08 06:40:38.489 13607 13607 I ViewInteraction: Checking 'MatchesViewAssertion{viewMatcher=(view has effective visibility <VISIBLE> and view.getGlobalVisibleRect() to return non-empty rectangle)}' assertion on view (an instance of android.widget.TextView and view.getHint() matching: is "Login" and view.getParent() view.getParent() view.getId() is <2131231121/ru.iteco.fmhandroid:id/login_text_input_layout>)
12-08 06:40:38.494 13607 13607 I ViewInteraction: Performing 'wait for a specific view with <(an instance of android.widget.TextView and view.getHint() matching: is "Password" and view.getParent() view.getParent() view.getId() is <2131231264/ru.iteco.fmhandroid:id/password_text_input_layout>)> during 10000 millis.' action on view view.getRootView() to equal view
12-08 06:40:38.503 13607 13607 I ViewInteraction: Checking 'MatchesViewAssertion{viewMatcher=(view has effective visibility <VISIBLE> and view.getGlobalVisibleRect() to return non-empty rectangle)}' assertion on view (an instance of android.widget.TextView and view.getHint() matching: is "Password" and view.getParent() view.getParent() view.getId() is <2131231264/ru.iteco.fmhandroid:id/password_text_input_layout>)
12-08 06:40:38.507 13607 13607 I ViewInteraction: Performing 'wait for a specific view with <(view.getId() is <2131231039/ru.iteco.fmhandroid:id/enter_button> and an instance of android.widget.TextView and view.getText() with or without transformation to match: is "SIGN IN" and view.getContentDescription() is "Save" and view.getParent() view.getParent() an instance of android.widget.RelativeLayout)> during 10000 millis.' action on view view.getRootView() to equal view
12-08 06:40:38.510 13607 13607 I ViewInteraction: Checking 'MatchesViewAssertion{viewMatcher=(view has effective visibility <VISIBLE> and view.getGlobalVisibleRect() to return non-empty rectangle)}' assertion on view (view.getId() is <2131231039/ru.iteco.fmhandroid:id/enter_button> and an instance of android.widget.TextView and view.getText() with or without transformation to match: is "SIGN IN" and view.getContentDescription() is "Save" and view.getParent() view.getParent() an instance of android.widget.RelativeLayout)
12-08 06:40:38.514 13607 13607 I ViewInteraction: Performing 'wait for a specific view with <(an instance of android.widget.TextView and view.getText() with or without transformation to match: is "Authorization" and view.getParent() view.getParent() view.getId() is <2131231186>)> during 10000 millis.' action on view view.getRootView() to equal view
12-08 06:40:38.519 13607 13607 I ViewInteraction: Checking 'MatchesViewAssertion{viewMatcher=(view has effective visibility <VISIBLE> and view.getGlobalVisibleRect() to return non-empty rectangle)}' assertion on view (an instance of android.widget.TextView and view.getText() with or without transformation to match: is "Authorization" and view.getParent() view.getParent() view.getId() is <2131231186/ru.iteco.fmhandroid:id/nav_host_fragment>)
12-08 06:40:38.525 13607 13607 I ViewInteraction: Performing 'wait for a specific view with <(an instance of android.widget.TextView and view.getHint() matching: is "Login" and view.getParent() view.getParent() view.getId() is <2131231121/ru.iteco.fmhandroid:id/login_text_input_layout>)> during 10000 millis.' action on view view.getRootView() to equal view
12-08 06:40:38.529 13607 13607 I ViewInteraction: Checking 'MatchesViewAssertion{viewMatcher=(view has effective visibility <VISIBLE> and view.getGlobalVisibleRect() to return non-empty rectangle)}' assertion on view (an instance of android.widget.TextView and view.getHint() matching: is "Login" and view.getParent() view.getParent() view.getId() is <2131231121/ru.iteco.fmhandroid:id/login_text_input_layout>)
12-08 06:40:38.533 13607 13607 I ViewInteraction: Performing 'wait for a specific view with <(an instance of android.widget.TextView and view.getHint() matching: is "Password" and view.getParent() view.getParent() view.getId() is <2131231264/ru.iteco.fmhandroid:id/password_text_input_layout>)> during 10000 millis.' action on view view.getRootView() to equal view
12-08 06:40:38.538 13607 13607 I ViewInteraction: Checking 'MatchesViewAssertion{viewMatcher=(view has effective visibility <VISIBLE> and view.getGlobalVisibleRect() to return non-empty rectangle)}' assertion on view (an instance of android.widget.TextView and view.getHint() matching: is "Password" and view.getParent() view.getParent() view.getId() is <2131231264/ru.iteco.fmhandroid:id/password_text_input_layout>)
12-08 06:40:38.543 13607 13607 I ViewInteraction: Performing 'wait for a specific view with <(view.getId() is <2131231039/ru.iteco.fmhandroid:id/enter_button> and an instance of android.widget.TextView and view.getText() with or without transformation to match: is "SIGN IN" and view.getContentDescription() is "Save" and view.getParent() view.getParent() an instance of android.widget.RelativeLayout)> during 10000 millis.' action on view view.getRootView() to equal view
12-08 06:40:38.548 13607 13607 I ViewInteraction: Checking 'MatchesViewAssertion{viewMatcher=(view has effective visibility <VISIBLE> and view.getGlobalVisibleRect() to return non-empty rectangle)}' assertion on view (view.getId() is <2131231039/ru.iteco.fmhandroid:id/enter_button> and an instance of android.widget.TextView and view.getText() with or without transformation to match: is "SIGN IN" and view.getContentDescription() is "Save" and view.getParent() view.getParent() an instance of android.widget.RelativeLayout)
12-08 06:40:38.553 13607 13607 I ViewInteraction: Performing 'wait for a specific view with <(an instance of android.widget.TextView and view.getHint() matching: is "Login" and view.getParent() view.getParent() view.getId() is <2131231121/ru.iteco.fmhandroid:id/login_text_input_layout>)> during 10000 millis.' action on view view.getRootView() to equal view
12-08 06:40:38.558 13607 13607 I ViewInteraction: Performing 'replace text(login2)' action on view (an instance of android.widget.TextView and view.getHint() matching: is "Login" and view.getParent() view.getParent() view.getId() is <2131231121/ru.iteco.fmhandroid:id/login_text_input_layout>)
12-08 06:40:38.585 13607 13607 I ViewInteraction: Performing 'wait for a specific view with <(an instance of android.widget.TextView and view.getHint() matching: is "Password" and view.getParent() view.getParent() view.getId() is <2131231264/ru.iteco.fmhandroid:id/password_text_input_layout>)> during 10000 millis.' action on view view.getRootView() to equal view
12-08 06:40:38.595 13607 13607 I ViewInteraction: Performing 'replace text(password2)' action on view (an instance of android.widget.TextView and view.getHint() matching: is "Password" and view.getParent() view.getParent() view.getId() is <2131231264/ru.iteco.fmhandroid:id/password_text_input_layout>)
12-08 06:40:38.636 13607 13607 I ViewInteraction: Performing 'wait for a specific view with <(view.getId() is <2131231039/ru.iteco.fmhandroid:id/enter_button> and an instance of android.widget.TextView and view.getText() with or without transformation to match: is "SIGN IN" and view.getContentDescription() is "Save" and view.getParent() view.getParent() an instance of android.widget.RelativeLayout)> during 10000 millis.' action on view view.getRootView() to equal view
12-08 06:40:38.644 13607 13607 I ViewInteraction: Checking 'MatchesViewAssertion{viewMatcher=view.isClickable() is <true>}' assertion on view (view.getId() is <2131231039/ru.iteco.fmhandroid:id/enter_button> and an instance of android.widget.TextView and view.getText() with or without transformation to match: is "SIGN IN" and view.getContentDescription() is "Save" and view.getParent() view.getParent() an instance of android.widget.RelativeLayout)
12-08 06:40:38.655 13607 13607 I ViewInteraction: Performing 'wait for a specific view with <(view.getId() is <2131231039/ru.iteco.fmhandroid:id/enter_button> and an instance of android.widget.TextView and view.getText() with or without transformation to match: is "SIGN IN" and view.getContentDescription() is "Save" and view.getParent() view.getParent() an instance of android.widget.RelativeLayout)> during 10000 millis.' action on view view.getRootView() to equal view
12-08 06:40:38.661 13607 13607 I ViewInteraction: Checking 'MatchesViewAssertion{viewMatcher=view.isClickable() is <true>}' assertion on view (view.getId() is <2131231039/ru.iteco.fmhandroid:id/enter_button> and an instance of android.widget.TextView and view.getText() with or without transformation to match: is "SIGN IN" and view.getContentDescription() is "Save" and view.getParent() view.getParent() an instance of android.widget.RelativeLayout)
12-08 06:40:38.664 13607 13607 I ViewInteraction: Performing 'wait for a specific view with <(view.getId() is <2131231039/ru.iteco.fmhandroid:id/enter_button> and an instance of android.widget.TextView and view.getText() with or without transformation to match: is "SIGN IN" and view.getContentDescription() is "Save" and view.getParent() view.getParent() an instance of android.widget.RelativeLayout)> during 10000 millis.' action on view view.getRootView() to equal view
12-08 06:40:38.670 13607 13607 I ViewInteraction: Performing 'single click' action on view (view.getId() is <2131231039/ru.iteco.fmhandroid:id/enter_button> and an instance of android.widget.TextView and view.getText() with or without transformation to match: is "SIGN IN" and view.getContentDescription() is "Save" and view.getParent() view.getParent() an instance of android.widget.RelativeLayout)
12-08 06:40:38.722 13607 13742 I okhttp.OkHttpClient: --> POST http://www.981757-ca08998.tmweb.ru:8080/fmh/authentication/login
12-08 06:40:38.722 13607 13742 I okhttp.OkHttpClient: Content-Type: application/json; charset=UTF-8
12-08 06:40:38.722 13607 13742 I okhttp.OkHttpClient: Content-Length: 41
12-08 06:40:38.723 13607 13742 I okhttp.OkHttpClient: {"login":"login2","password":"password2"}
12-08 06:40:38.723 13607 13742 I okhttp.OkHttpClient: --> END POST (41-byte body)
12-08 06:40:38.966 13607 13607 I ViewInteraction: Performing 'wait for a specific view with <an instance of android.widget.TextView and view.getText() with or without transformation to match: is "News"> during 10000 millis.' action on view view.getRootView() to equal view
12-08 06:40:39.012 13607 13742 I okhttp.OkHttpClient: <-- 200 http://www.981757-ca08998.tmweb.ru:8080/fmh/authentication/login (288ms)
12-08 06:40:39.012 13607 13742 I okhttp.OkHttpClient: Vary: Origin
12-08 06:40:39.012 13607 13742 I okhttp.OkHttpClient: Vary: Access-Control-Request-Method
12-08 06:40:39.012 13607 13742 I okhttp.OkHttpClient: Vary: Access-Control-Request-Headers
12-08 06:40:39.012 13607 13742 I okhttp.OkHttpClient: X-Content-Type-Options: nosniff
12-08 06:40:39.012 13607 13742 I okhttp.OkHttpClient: X-XSS-Protection: 1; mode=block
12-08 06:40:39.012 13607 13742 I okhttp.OkHttpClient: Cache-Control: no-cache, no-store, max-age=0, must-revalidate
12-08 06:40:39.012 13607 13742 I okhttp.OkHttpClient: Pragma: no-cache
12-08 06:40:39.012 13607 13742 I okhttp.OkHttpClient: Expires: 0
12-08 06:40:39.012 13607 13742 I okhttp.OkHttpClient: X-Frame-Options: DENY
12-08 06:40:39.012 13607 13742 I okhttp.OkHttpClient: Content-Type: application/json
12-08 06:40:39.012 13607 13742 I okhttp.OkHttpClient: Transfer-Encoding: chunked
12-08 06:40:39.012 13607 13742 I okhttp.OkHttpClient: Date: Thu, 08 Dec 2022 11:40:41 GMT
12-08 06:40:39.012 13607 13742 I okhttp.OkHttpClient: Keep-Alive: timeout=60
12-08 06:40:39.013 13607 13742 I okhttp.OkHttpClient: Connection: keep-alive
12-08 06:40:39.013 13607 13742 I okhttp.OkHttpClient: {"accessToken":"eyJhbGciOiJIUzUxMiJ9.eyJzdWIiOiJsb2dpbjIiLCJqdGkiOiIyIiwiZXhwIjoxNjcwNTg2MDQxfQ.GdiYhczoYLE5op5lEMwU6doJIQhnOdZNMPEYkyeZR7AIlrdHDFYru9eY0nOrEmO0ohlqIogProM1Nqmv8U1MOA","refreshToken":"eyJhbGciOiJIUzUxMiJ9.eyJzdWIiOiJsb2dpbjIiLCJqdGkiOiIyIiwiZXhwIjoxNjczMDkxNjQxfQ.WAm1G-t2K7tXCMetRwGpFTRSBvQ95Dfw2pRCMIe_0DdxrF9LnIErmnixo5eF7v0RVVL37F2lDRTMQIjobo-NWA"}
12-08 06:40:39.014 13607 13742 I okhttp.OkHttpClient: <-- END HTTP (368-byte body)
12-08 06:40:39.021 13607 13717 I okhttp.OkHttpClient: --> GET http://www.981757-ca08998.tmweb.ru:8080/fmh/authentication/userInfo
12-08 06:40:39.021 13607 13717 I okhttp.OkHttpClient: --> END GET
12-08 06:40:39.216 13607 13717 I okhttp.OkHttpClient: <-- 200 http://www.981757-ca08998.tmweb.ru:8080/fmh/authentication/userInfo (195ms)
12-08 06:40:39.216 13607 13717 I okhttp.OkHttpClient: Vary: Origin
12-08 06:40:39.217 13607 13717 I okhttp.OkHttpClient: Vary: Access-Control-Request-Method
12-08 06:40:39.217 13607 13717 I okhttp.OkHttpClient: Vary: Access-Control-Request-Headers
12-08 06:40:39.217 13607 13717 I okhttp.OkHttpClient: X-Content-Type-Options: nosniff
12-08 06:40:39.217 13607 13717 I okhttp.OkHttpClient: X-XSS-Protection: 1; mode=block
12-08 06:40:39.217 13607 13717 I okhttp.OkHttpClient: Cache-Control: no-cache, no-store, max-age=0, must-revalidate
12-08 06:40:39.217 13607 13717 I okhttp.OkHttpClient: Pragma: no-cache
12-08 06:40:39.217 13607 13717 I okhttp.OkHttpClient: Expires: 0
12-08 06:40:39.217 13607 13717 I okhttp.OkHttpClient: X-Frame-Options: DENY
12-08 06:40:39.217 13607 13717 I okhttp.OkHttpClient: Content-Type: application/json
12-08 06:40:39.218 13607 13717 I okhttp.OkHttpClient: Transfer-Encoding: chunked
12-08 06:40:39.219 13607 13717 I okhttp.OkHttpClient: Date: Thu, 08 Dec 2022 11:40:41 GMT
12-08 06:40:39.219 13607 13717 I okhttp.OkHttpClient: Keep-Alive: timeout=60
12-08 06:40:39.219 13607 13717 I okhttp.OkHttpClient: Connection: keep-alive
12-08 06:40:39.221 13607 13717 I okhttp.OkHttpClient: {"id":2,"firstName":"","lastName":"","middleName":"","admin":true}
12-08 06:40:39.221 13607 13717 I okhttp.OkHttpClient: <-- END HTTP (106-byte body)
12-08 06:40:39.235 13607 13745 I okhttp.OkHttpClient: --> GET http://www.981757-ca08998.tmweb.ru:8080/fmh/claims
12-08 06:40:39.235 13607 13745 I okhttp.OkHttpClient: --> END GET
12-08 06:40:39.270  1744 14460 E ResolverController: No valid NAT64 prefix (108, <unspecified>/0)
12-08 06:40:39.354 13607 13607 I ViewInteraction: Checking 'MatchesViewAssertion{viewMatcher=(view has effective visibility <VISIBLE> and view.getGlobalVisibleRect() to return non-empty rectangle)}' assertion on view an instance of android.widget.TextView and view.getText() with or without transformation to match: is "News"
12-08 06:40:39.359 13607 13607 I ViewInteraction: Performing 'wait for a specific view with <view.getId() is <2131230951>> during 10000 millis.' action on view view.getRootView() to equal view
12-08 06:40:39.364 13607 13607 I ViewInteraction: Checking 'MatchesViewAssertion{viewMatcher=(view has effective visibility <VISIBLE> and view.getGlobalVisibleRect() to return non-empty rectangle)}' assertion on view view.getId() is <2131230951/ru.iteco.fmhandroid:id/container_list_news_include_on_fragment_main>
12-08 06:40:39.370 13607 13607 I ViewInteraction: Performing 'wait for a specific view with <view.getId() is <2131230949>> during 10000 millis.' action on view view.getRootView() to equal view
12-08 06:40:39.376 13607 13607 I ViewInteraction: Checking 'MatchesViewAssertion{viewMatcher=(view has effective visibility <VISIBLE> and view.getGlobalVisibleRect() to return non-empty rectangle)}' assertion on view view.getId() is <2131230949/ru.iteco.fmhandroid:id/container_list_claim_include_on_fragment_main>
12-08 06:40:39.380 13607 13607 I ViewInteraction: Performing 'wait for a specific view with <an instance of android.widget.TextView and view.getText() with or without transformation to match: is "Claims"> during 10000 millis.' action on view view.getRootView() to equal view
12-08 06:40:39.607 13607 13607 I ViewInteraction: Checking 'MatchesViewAssertion{viewMatcher=(view has effective visibility <VISIBLE> and view.getGlobalVisibleRect() to return non-empty rectangle)}' assertion on view an instance of android.widget.TextView and view.getText() with or without transformation to match: is "Claims"
12-08 06:40:39.613 13607 13607 I ViewInteraction: Performing 'wait for a specific view with <view.getId() is <2131231123/ru.iteco.fmhandroid:id/main_menu_image_button>> during 10000 millis.' action on view view.getRootView() to equal view
12-08 06:40:39.620 13607 13607 I ViewInteraction: Performing 'single click' action on view view.getId() is <2131231123/ru.iteco.fmhandroid:id/main_menu_image_button>
12-08 06:40:39.745  1776  1776 D gralloc_ranchu: gralloc_alloc: Creating ashmem region of size 2015232
12-08 06:40:39.745 13607 13620 I teco.fmhandroi: Background concurrent copying GC freed 113201(5897KB) AllocSpace objects, 0(0B) LOS objects, 36% free, 10MB/16MB, paused 729us total 133.814ms
12-08 06:40:39.754  1776  1776 D gralloc_ranchu: gralloc_alloc: Creating ashmem region of size 2015232
12-08 06:40:39.759  1776  1776 D gralloc_ranchu: gralloc_alloc: Creating ashmem region of size 2015232
12-08 06:40:39.794 13607 13699 D EGL_emulation: eglMakeCurrent: 0xe593e8c0: ver 2 0 (tinfo 0xf0c99e70)
12-08 06:40:39.863 13607 13699 I chatty  : uid=10146(ru.iteco.fmhandroid) RenderThread identical 3 lines
12-08 06:40:39.877 13607 13699 D EGL_emulation: eglMakeCurrent: 0xe593e8c0: ver 2 0 (tinfo 0xf0c99e70)
12-08 06:40:40.101 13607 13607 I ViewInteraction: Performing 'wait for a specific view with <an instance of android.widget.TextView and view.getText() with or without transformation to match: is "Claims"> during 10000 millis.' action on view view.getRootView() to equal view
12-08 06:40:40.105 13607 13607 I ViewInteraction: Performing 'single click' action on view an instance of android.widget.TextView and view.getText() with or without transformation to match: is "Claims"
12-08 06:40:40.245 13607 14185 I okhttp.OkHttpClient: --> GET http://www.981757-ca08998.tmweb.ru:8080/fmh/claims
12-08 06:40:40.245 13607 14185 I okhttp.OkHttpClient: --> END GET
12-08 06:40:40.294 13607 13699 D EGL_emulation: eglMakeCurrent: 0xe593e8c0: ver 2 0 (tinfo 0xf0c99e70)
12-08 06:40:40.318 13607 13699 D EGL_emulation: eglMakeCurrent: 0xe593e8c0: ver 2 0 (tinfo 0xf0c99e70)
12-08 06:40:40.467 13607 13607 I ViewInteraction: Performing 'wait for a specific view with <view.getId() is <2131230849/ru.iteco.fmhandroid:id/add_new_claim_material_button>> during 10000 millis.' action on view view.getRootView() to equal view
12-08 06:40:40.470 13607 13607 I ViewInteraction: Performing 'single click' action on view view.getId() is <2131230849/ru.iteco.fmhandroid:id/add_new_claim_material_button>
12-08 06:40:40.529 13607 13717 I okhttp.OkHttpClient: --> GET http://www.981757-ca08998.tmweb.ru:8080/fmh/users
12-08 06:40:40.529 13607 13717 I okhttp.OkHttpClient: --> END GET
12-08 06:40:40.759 13607 13607 I ViewInteraction: Performing 'wait for a specific view with <(view.getId() is <2131231402/ru.iteco.fmhandroid:id/title_edit_text> and view.getParent() view.getParent() view.getId() is <2131231406/ru.iteco.fmhandroid:id/title_text_input_layout>)> during 10000 millis.' action on view view.getRootView() to equal view
12-08 06:40:40.855 13607 13717 I okhttp.OkHttpClient: <-- 200 http://www.981757-ca08998.tmweb.ru:8080/fmh/users (325ms)
12-08 06:40:40.855 13607 13717 I okhttp.OkHttpClient: Vary: Origin
12-08 06:40:40.855 13607 13717 I okhttp.OkHttpClient: Vary: Access-Control-Request-Method
12-08 06:40:40.855 13607 13717 I okhttp.OkHttpClient: Vary: Access-Control-Request-Headers
12-08 06:40:40.855 13607 13717 I okhttp.OkHttpClient: X-Content-Type-Options: nosniff
12-08 06:40:40.855 13607 13717 I okhttp.OkHttpClient: X-XSS-Protection: 1; mode=block
12-08 06:40:40.855 13607 13717 I okhttp.OkHttpClient: Cache-Control: no-cache, no-store, max-age=0, must-revalidate
12-08 06:40:40.855 13607 13717 I okhttp.OkHttpClient: Pragma: no-cache
12-08 06:40:40.855 13607 13717 I okhttp.OkHttpClient: Expires: 0
12-08 06:40:40.856 13607 13717 I okhttp.OkHttpClient: X-Frame-Options: DENY
12-08 06:40:40.857 13607 13717 I okhttp.OkHttpClient: Content-Type: application/json
12-08 06:40:40.857 13607 13717 I okhttp.OkHttpClient: Transfer-Encoding: chunked
12-08 06:40:40.858 13607 13717 I okhttp.OkHttpClient: Date: Thu, 08 Dec 2022 11:40:43 GMT
12-08 06:40:40.858 13607 13717 I okhttp.OkHttpClient: Keep-Alive: timeout=60
12-08 06:40:40.858 13607 13717 I okhttp.OkHttpClient: Connection: keep-alive
12-08 06:40:40.860 13607 13717 I okhttp.OkHttpClient: [{"id":1,"firstName":"","lastName":"","middleName":"","admin":true},{"id":2,"firstName":"","lastName":"","middleName":"","admin":true},{"id":3,"firstName":"","lastName":"","middleName":"","admin":false},{"id":4,"firstName":"","lastName":"","middleName":"","admin":false},{"id":5,"firstName":"","lastName":"","middleName":"","admin":true},{"id":6,"firstName":"Diplom","lastName":"Netology","middleName":"QAMID","admin":true}]
12-08 06:40:40.860 13607 13717 I okhttp.OkHttpClient: <-- END HTTP (622-byte body)
12-08 06:40:41.023 13607 13607 I ViewInteraction: Performing 'replace text( e9a14456-bd4a-4ac4-8953-249fbd0473d7 50)' action on view (view.getId() is <2131231402/ru.iteco.fmhandroid:id/title_edit_text> and view.getParent() view.getParent() view.getId() is <2131231406/ru.iteco.fmhandroid:id/title_text_input_layout>)
12-08 06:40:41.070 13607 13607 I ViewInteraction: Performing 'wait for a specific view with <view.getId() is <2131230975/ru.iteco.fmhandroid:id/date_in_plan_text_input_edit_text>> during 10000 millis.' action on view view.getRootView() to equal view
12-08 06:40:41.077 13607 13607 I ViewInteraction: Performing 'single click' action on view view.getId() is <2131230975/ru.iteco.fmhandroid:id/date_in_plan_text_input_edit_text>
12-08 06:40:41.234  1776  1776 D gralloc_ranchu: gralloc_alloc: Creating ashmem region of size 6778880
12-08 06:40:41.247  1776  1776 I chatty  : uid=1000(system) allocator@2.0-s identical 1 line
12-08 06:40:41.249  1776  1776 D gralloc_ranchu: gralloc_alloc: Creating ashmem region of size 6778880
12-08 06:40:41.254 13607 13699 D EGL_emulation: eglMakeCurrent: 0xe593e8c0: ver 2 0 (tinfo 0xf0c99e70)
12-08 06:40:41.381 13607 13699 I chatty  : uid=10146(ru.iteco.fmhandroid) RenderThread identical 3 lines
12-08 06:40:41.401 13607 13699 D EGL_emulation: eglMakeCurrent: 0xe593e8c0: ver 2 0 (tinfo 0xf0c99e70)
12-08 06:40:41.733 13607 13607 I ViewInteraction: Performing 'wait for a specific view with <is assignable from class <class android.widget.DatePicker>> during 10000 millis.' action on view view.getRootView() to equal view
12-08 06:40:41.735 13607 13607 I ViewInteraction: Checking 'MatchesViewAssertion{viewMatcher=(view has effective visibility <VISIBLE> and view.getGlobalVisibleRect() to return non-empty rectangle)}' assertion on view is assignable from class <class android.widget.DatePicker>
12-08 06:40:41.738 13607 13607 I ViewInteraction: Performing 'wait for a specific view with <is assignable from class <class android.widget.DatePicker>> during 10000 millis.' action on view view.getRootView() to equal view
12-08 06:40:41.741 13607 13607 I ViewInteraction: Performing 'set date' action on view is assignable from class <class android.widget.DatePicker>
12-08 06:40:41.778 13607 13607 I ViewInteraction: Performing 'wait for a specific view with <view.getId() is <16908313/android:id/button1>> during 10000 millis.' action on view view.getRootView() to equal view
12-08 06:40:41.783 13607 13607 I ViewInteraction: Performing 'single click' action on view view.getId() is <16908313/android:id/button1>
12-08 06:40:41.867 13607 13699 D EGL_emulation: eglMakeCurrent: 0xe593e8c0: ver 2 0 (tinfo 0xf0c99e70)
12-08 06:40:41.886 13607 13699 D EGL_emulation: eglMakeCurrent: 0xe593e8c0: ver 2 0 (tinfo 0xf0c99e70)
12-08 06:40:41.891  2018  3060 E InputDispatcher: Window handle Window{a45019c u0 ru.iteco.fmhandroid/ru.iteco.fmhandroid.ui.AppActivity} has no registered input channel
12-08 06:40:42.157 13607 13607 I ViewInteraction: Performing 'wait for a specific view with <(an instance of android.widget.TextView and view.getHint() matching: is "Time" and view.getParent() view.getParent() view.getId() is <2131231399/ru.iteco.fmhandroid:id/time_in_plan_text_input_layout>)> during 10000 millis.' action on view view.getRootView() to equal view
12-08 06:40:42.162 13607 13607 I ViewInteraction: Performing 'single click' action on view (an instance of android.widget.TextView and view.getHint() matching: is "Time" and view.getParent() view.getParent() view.getId() is <2131231399/ru.iteco.fmhandroid:id/time_in_plan_text_input_layout>)
12-08 06:40:42.353  1776  1776 D gralloc_ranchu: gralloc_alloc: Creating ashmem region of size 5718016
12-08 06:40:42.363  1776  1776 I chatty  : uid=1000(system) allocator@2.0-s identical 1 line
12-08 06:40:42.365  1776  1776 D gralloc_ranchu: gralloc_alloc: Creating ashmem region of size 5718016
12-08 06:40:42.373 13607 13699 D EGL_emulation: eglMakeCurrent: 0xe593e8c0: ver 2 0 (tinfo 0xf0c99e70)
12-08 06:40:42.445 13607 13699 I chatty  : uid=10146(ru.iteco.fmhandroid) RenderThread identical 2 lines
12-08 06:40:42.477 13607 13699 D EGL_emulation: eglMakeCurrent: 0xe593e8c0: ver 2 0 (tinfo 0xf0c99e70)
12-08 06:40:42.930 13607 13607 I ViewInteraction: Performing 'wait for a specific view with <is assignable from class <class android.widget.TimePicker>> during 10000 millis.' action on view view.getRootView() to equal view
12-08 06:40:42.932 13607 13607 I ViewInteraction: Checking 'MatchesViewAssertion{viewMatcher=(view has effective visibility <VISIBLE> and view.getGlobalVisibleRect() to return non-empty rectangle)}' assertion on view is assignable from class <class android.widget.TimePicker>
12-08 06:40:42.936 13607 13607 I ViewInteraction: Performing 'wait for a specific view with <is assignable from class <class android.widget.TimePicker>> during 10000 millis.' action on view view.getRootView() to equal view
12-08 06:40:42.939 13607 13607 I ViewInteraction: Performing 'set time' action on view is assignable from class <class android.widget.TimePicker>
12-08 06:40:42.942 13607 13607 I ViewInteraction: Performing 'wait for a specific view with <view.getId() is <16908313/android:id/button1>> during 10000 millis.' action on view view.getRootView() to equal view
12-08 06:40:42.947 13607 13607 I ViewInteraction: Performing 'single click' action on view view.getId() is <16908313/android:id/button1>
12-08 06:40:43.005 13607 13745 I okhttp.OkHttpClient: <-- 200 http://www.981757-ca08998.tmweb.ru:8080/fmh/claims (3769ms)
12-08 06:40:43.005 13607 13745 I okhttp.OkHttpClient: Vary: Origin
12-08 06:40:43.005 13607 13745 I okhttp.OkHttpClient: Vary: Access-Control-Request-Method
12-08 06:40:43.005 13607 13745 I okhttp.OkHttpClient: Vary: Access-Control-Request-Headers
12-08 06:40:43.006 13607 13745 I okhttp.OkHttpClient: X-Content-Type-Options: nosniff
12-08 06:40:43.006 13607 13745 I okhttp.OkHttpClient: X-XSS-Protection: 1; mode=block
12-08 06:40:43.006 13607 13745 I okhttp.OkHttpClient: Cache-Control: no-cache, no-store, max-age=0, must-revalidate
12-08 06:40:43.006 13607 13745 I okhttp.OkHttpClient: Pragma: no-cache
12-08 06:40:43.006 13607 13745 I okhttp.OkHttpClient: Expires: 0
12-08 06:40:43.006 13607 13745 I okhttp.OkHttpClient: X-Frame-Options: DENY
12-08 06:40:43.006 13607 13745 I okhttp.OkHttpClient: Content-Type: application/json
12-08 06:40:43.006 13607 13745 I okhttp.OkHttpClient: Transfer-Encoding: chunked
12-08 06:40:43.006 13607 13745 I okhttp.OkHttpClient: Date: Thu, 08 Dec 2022 11:40:45 GMT
12-08 06:40:43.006 13607 13745 I okhttp.OkHttpClient: Keep-Alive: timeout=60
12-08 06:40:43.006 13607 13745 I okhttp.OkHttpClient: Connection: keep-alive
12-08 06:40:43.010 13607 13699 D EGL_emulation: eglMakeCurrent: 0xe593e8c0: ver 2 0 (tinfo 0xf0c99e70)
12-08 06:40:43.033 13607 13699 D EGL_emulation: eglMakeCurrent: 0xe593e8c0: ver 2 0 (tinfo 0xf0c99e70)
12-08 06:40:43.041  2018 11055 E InputDispatcher: Window handle Window{5ec4c91 u0 ru.iteco.fmhandroid/ru.iteco.fmhandroid.ui.AppActivity} has no registered input channel
12-08 06:40:43.061 13607 13699 D EGL_emulation: eglMakeCurrent: 0xe593e8c0: ver 2 0 (tinfo 0xf0c99e70)
12-08 06:40:43.317 13607 13607 I ViewInteraction: Performing 'wait for a specific view with <(an instance of android.widget.TextView and view.getHint() matching: is "Description" and view.getParent() view.getParent() view.getId() is <2131230988/ru.iteco.fmhandroid:id/description_text_input_layout>)> during 10000 millis.' action on view view.getRootView() to equal view
12-08 06:40:43.321 13607 13607 I ViewInteraction: Performing 'replace text( 6dcc3422-91bc-4f01-986d-412291b29416 50)' action on view (an instance of android.widget.TextView and view.getHint() matching: is "Description" and view.getParent() view.getParent() view.getId() is <2131230988/ru.iteco.fmhandroid:id/description_text_input_layout>)
12-08 06:40:43.364 13607 13607 I ViewInteraction: Performing 'wait for a specific view with <(view.getId() is <2131231402/ru.iteco.fmhandroid:id/title_edit_text> and view.getParent() view.getParent() view.getId() is <2131231406/ru.iteco.fmhandroid:id/title_text_input_layout>)> during 10000 millis.' action on view view.getRootView() to equal view
12-08 06:40:43.368 13607 13607 I ViewInteraction: Checking 'MatchesViewAssertion{viewMatcher=an instance of android.widget.TextView and view.getText() with or without transformation to match: is " e9a14456-bd4a-4ac4-8953-249fbd0473d7 50"}' assertion on view (view.getId() is <2131231402/ru.iteco.fmhandroid:id/title_edit_text> and view.getParent() view.getParent() view.getId() is <2131231406/ru.iteco.fmhandroid:id/title_text_input_layout>)
12-08 06:40:43.373 13607 13607 I ViewInteraction: Performing 'wait for a specific view with <view.getId() is <2131231291/ru.iteco.fmhandroid:id/save_button>> during 10000 millis.' action on view view.getRootView() to equal view
12-08 06:40:43.379 13607 13607 I ViewInteraction: Performing 'single click' action on view view.getId() is <2131231291/ru.iteco.fmhandroid:id/save_button>
12-08 06:40:43.452 13607 14462 I okhttp.OkHttpClient: --> POST http://www.981757-ca08998.tmweb.ru:8080/fmh/claims
12-08 06:40:43.452 13607 14462 I okhttp.OkHttpClient: Content-Type: application/json; charset=UTF-8
12-08 06:40:43.452 13607 14462 I okhttp.OkHttpClient: Content-Length: 291
12-08 06:40:43.454 13607 14462 I okhttp.OkHttpClient: {"createDate":1670499643,"creatorId":2,"creatorName":"  ","description":" 6dcc3422-91bc-4f01-986d-412291b29416 50","planExecuteDate":1670499600,"status":"OPEN","title":" e9a14456-bd4a-4ac4-8953-249fbd0473d7 50"}
12-08 06:40:43.454 13607 14462 I okhttp.OkHttpClient: --> END POST (291-byte body)
12-08 06:40:43.463  1744 14463 E ResolverController: No valid NAT64 prefix (108, <unspecified>/0)
12-08 06:40:43.675 13607 13607 I ViewInteraction: Performing 'wait for a specific view with <view.getId() is <2131230916/ru.iteco.fmhandroid:id/claim_list_recycler_view>> during 10000 millis.' action on view view.getRootView() to equal view
12-08 06:40:43.823 13607 14462 I okhttp.OkHttpClient: <-- 200 http://www.981757-ca08998.tmweb.ru:8080/fmh/claims (368ms)
12-08 06:40:43.823 13607 14462 I okhttp.OkHttpClient: Vary: Origin
12-08 06:40:43.823 13607 14462 I okhttp.OkHttpClient: Vary: Access-Control-Request-Method
12-08 06:40:43.823 13607 14462 I okhttp.OkHttpClient: Vary: Access-Control-Request-Headers
12-08 06:40:43.823 13607 14462 I okhttp.OkHttpClient: X-Content-Type-Options: nosniff
12-08 06:40:43.823 13607 14462 I okhttp.OkHttpClient: X-XSS-Protection: 1; mode=block
12-08 06:40:43.823 13607 14462 I okhttp.OkHttpClient: Cache-Control: no-cache, no-store, max-age=0, must-revalidate
12-08 06:40:43.823 13607 14462 I okhttp.OkHttpClient: Pragma: no-cache
12-08 06:40:43.823 13607 14462 I okhttp.OkHttpClient: Expires: 0
12-08 06:40:43.823 13607 14462 I okhttp.OkHttpClient: X-Frame-Options: DENY
12-08 06:40:43.823 13607 14462 I okhttp.OkHttpClient: Content-Type: application/json
12-08 06:40:43.823 13607 14462 I okhttp.OkHttpClient: Transfer-Encoding: chunked
12-08 06:40:43.824 13607 14462 I okhttp.OkHttpClient: Date: Thu, 08 Dec 2022 11:40:45 GMT
12-08 06:40:43.824 13607 14462 I okhttp.OkHttpClient: Keep-Alive: timeout=60
12-08 06:40:43.824 13607 14462 I okhttp.OkHttpClient: Connection: keep-alive
12-08 06:40:43.826 13607 14462 I okhttp.OkHttpClient: {"id":2741,"title":" e9a14456-bd4a-4ac4-8953-249fbd0473d7 50","description":" 6dcc3422-91bc-4f01-986d-412291b29416 50","creatorId":2,"executorId":null,"createDate":1670499643,"planExecuteDate":1670499600,"factExecuteDate":null,"status":"OPEN","creatorName":"  ","executorName":null}
12-08 06:40:43.827 13607 14462 I okhttp.OkHttpClient: <-- END HTTP (362-byte body)
12-08 06:40:43.836 13607 14185 I okhttp.OkHttpClient: <-- 200 http://www.981757-ca08998.tmweb.ru:8080/fmh/claims (3590ms)
12-08 06:40:43.836 13607 14185 I okhttp.OkHttpClient: Vary: Origin
12-08 06:40:43.836 13607 14185 I okhttp.OkHttpClient: Vary: Access-Control-Request-Method
12-08 06:40:43.836 13607 14185 I okhttp.OkHttpClient: Vary: Access-Control-Request-Headers
12-08 06:40:43.836 13607 14185 I okhttp.OkHttpClient: X-Content-Type-Options: nosniff
12-08 06:40:43.836 13607 14185 I okhttp.OkHttpClient: X-XSS-Protection: 1; mode=block
12-08 06:40:43.836 13607 14185 I okhttp.OkHttpClient: Cache-Control: no-cache, no-store, max-age=0, must-revalidate
12-08 06:40:43.837 13607 14185 I okhttp.OkHttpClient: Pragma: no-cache
12-08 06:40:43.837 13607 14185 I okhttp.OkHttpClient: Expires: 0
12-08 06:40:43.837 13607 14185 I okhttp.OkHttpClient: X-Frame-Options: DENY
12-08 06:40:43.837 13607 14185 I okhttp.OkHttpClient: Content-Type: application/json
12-08 06:40:43.837 13607 14185 I okhttp.OkHttpClient: Transfer-Encoding: chunked
12-08 06:40:43.837 13607 14185 I okhttp.OkHttpClient: Date: Thu, 08 Dec 2022 11:40:45 GMT
12-08 06:40:43.840 13607 14185 I okhttp.OkHttpClient: Keep-Alive: timeout=60
12-08 06:40:43.840 13607 14185 I okhttp.OkHttpClient: Connection: keep-alive
