12-02 18:51:58.634 28567 28567 I ViewInteraction: Performing 'single click' action on view view.getId() is <16908313/android:id/button1>
12-02 18:51:58.694 28567 28625 D EGL_emulation: eglMakeCurrent: 0xdb91b8c0: ver 2 0 (tinfo 0xc09d6ab0)
12-02 18:51:58.722 28567 28625 D EGL_emulation: eglMakeCurrent: 0xdb91b8c0: ver 2 0 (tinfo 0xc09d6ab0)
12-02 18:51:58.742  2010  4313 E InputDispatcher: Window handle Window{3a4e16f u0 ru.iteco.fmhandroid/ru.iteco.fmhandroid.ui.AppActivity} has no registered input channel
12-02 18:51:58.756 28567 28625 D EGL_emulation: eglMakeCurrent: 0xdb91b8c0: ver 2 0 (tinfo 0xc09d6ab0)
12-02 18:51:58.793 28567 28659 I okhttp.OkHttpClient: <-- 200 http://www.981757-ca08998.tmweb.ru:8080/fmh/claims (4283ms)
12-02 18:51:58.793 28567 28659 I okhttp.OkHttpClient: Vary: Origin
12-02 18:51:58.793 28567 28659 I okhttp.OkHttpClient: Vary: Access-Control-Request-Method
12-02 18:51:58.793 28567 28659 I okhttp.OkHttpClient: Vary: Access-Control-Request-Headers
12-02 18:51:58.793 28567 28659 I okhttp.OkHttpClient: X-Content-Type-Options: nosniff
12-02 18:51:58.793 28567 28659 I okhttp.OkHttpClient: X-XSS-Protection: 1; mode=block
12-02 18:51:58.794 28567 28659 I okhttp.OkHttpClient: Cache-Control: no-cache, no-store, max-age=0, must-revalidate
12-02 18:51:58.794 28567 28659 I okhttp.OkHttpClient: Pragma: no-cache
12-02 18:51:58.795 28567 28659 I okhttp.OkHttpClient: Expires: 0
12-02 18:51:58.795 28567 28659 I okhttp.OkHttpClient: X-Frame-Options: DENY
12-02 18:51:58.795 28567 28659 I okhttp.OkHttpClient: Content-Type: application/json
12-02 18:51:58.796 28567 28659 I okhttp.OkHttpClient: Transfer-Encoding: chunked
12-02 18:51:58.796 28567 28659 I okhttp.OkHttpClient: Date: Fri, 02 Dec 2022 15:51:59 GMT
12-02 18:51:58.796 28567 28659 I okhttp.OkHttpClient: Keep-Alive: timeout=60
12-02 18:51:58.796 28567 28659 I okhttp.OkHttpClient: Connection: keep-alive
12-02 18:51:58.894 28567 28661 I okhttp.OkHttpClient: <-- 200 http://www.981757-ca08998.tmweb.ru:8080/fmh/claims (3456ms)
12-02 18:51:58.894 28567 28661 I okhttp.OkHttpClient: Vary: Origin
12-02 18:51:58.894 28567 28661 I okhttp.OkHttpClient: Vary: Access-Control-Request-Method
12-02 18:51:58.894 28567 28661 I okhttp.OkHttpClient: Vary: Access-Control-Request-Headers
12-02 18:51:58.894 28567 28661 I okhttp.OkHttpClient: X-Content-Type-Options: nosniff
12-02 18:51:58.894 28567 28661 I okhttp.OkHttpClient: X-XSS-Protection: 1; mode=block
12-02 18:51:58.894 28567 28661 I okhttp.OkHttpClient: Cache-Control: no-cache, no-store, max-age=0, must-revalidate
12-02 18:51:58.894 28567 28661 I okhttp.OkHttpClient: Pragma: no-cache
12-02 18:51:58.894 28567 28661 I okhttp.OkHttpClient: Expires: 0
12-02 18:51:58.895 28567 28661 I okhttp.OkHttpClient: X-Frame-Options: DENY
12-02 18:51:58.895 28567 28661 I okhttp.OkHttpClient: Content-Type: application/json
12-02 18:51:58.895 28567 28661 I okhttp.OkHttpClient: Transfer-Encoding: chunked
12-02 18:51:58.895 28567 28661 I okhttp.OkHttpClient: Date: Fri, 02 Dec 2022 15:51:59 GMT
12-02 18:51:58.895 28567 28661 I okhttp.OkHttpClient: Keep-Alive: timeout=60
12-02 18:51:58.895 28567 28661 I okhttp.OkHttpClient: Connection: keep-alive
12-02 18:51:59.028 28567 28567 I ViewInteraction: Performing 'wait for a specific view with <(an instance of android.widget.TextView and view.getHint() matching: is "Description" and view.getParent() view.getParent() view.getId() is <2131230988/ru.iteco.fmhandroid:id/description_text_input_layout>)> during 10000 millis.' action on view view.getRootView() to equal view
12-02 18:51:59.033 28567 28567 I ViewInteraction: Performing 'replace text(Открытая cceb381e-94bb-473b-ad1f-30c9d2cfda5a)' action on view (an instance of android.widget.TextView and view.getHint() matching: is "Description" and view.getParent() view.getParent() view.getId() is <2131230988/ru.iteco.fmhandroid:id/description_text_input_layout>)
12-02 18:51:59.074 28567 28567 I ViewInteraction: Performing 'wait for a specific view with <view.getId() is <2131231291/ru.iteco.fmhandroid:id/save_button>> during 10000 millis.' action on view view.getRootView() to equal view
12-02 18:51:59.080 28567 28567 I ViewInteraction: Performing 'single click' action on view view.getId() is <2131231291/ru.iteco.fmhandroid:id/save_button>
12-02 18:51:59.151 28567 28665 I okhttp.OkHttpClient: --> POST http://www.981757-ca08998.tmweb.ru:8080/fmh/claims
12-02 18:51:59.151 28567 28665 I okhttp.OkHttpClient: Content-Type: application/json; charset=UTF-8
12-02 18:51:59.151 28567 28665 I okhttp.OkHttpClient: Content-Length: 277
12-02 18:51:59.152 28567 28665 I okhttp.OkHttpClient: {"createDate":1669996319,"creatorId":2,"creatorName":"Иванов Данил Данилович","description":"Открытая cceb381e-94bb-473b-ad1f-30c9d2cfda5a","planExecuteDate":1669996260,"status":"OPEN","title":"Открытая cceb381e-94bb-473b-ad1f-30c9d2cfda5a"}
12-02 18:51:59.152 28567 28665 I okhttp.OkHttpClient: --> END POST (277-byte body)
12-02 18:51:59.160  1743 28748 E ResolverController: No valid NAT64 prefix (126, <unspecified>/0)
12-02 18:51:59.570 28567 28665 I okhttp.OkHttpClient: <-- 200 http://www.981757-ca08998.tmweb.ru:8080/fmh/claims (417ms)
12-02 18:51:59.570 28567 28665 I okhttp.OkHttpClient: Vary: Origin
12-02 18:51:59.570 28567 28665 I okhttp.OkHttpClient: Vary: Access-Control-Request-Method
12-02 18:51:59.570 28567 28665 I okhttp.OkHttpClient: Vary: Access-Control-Request-Headers
12-02 18:51:59.570 28567 28665 I okhttp.OkHttpClient: X-Content-Type-Options: nosniff
12-02 18:51:59.571 28567 28665 I okhttp.OkHttpClient: X-XSS-Protection: 1; mode=block
12-02 18:51:59.571 28567 28665 I okhttp.OkHttpClient: Cache-Control: no-cache, no-store, max-age=0, must-revalidate
12-02 18:51:59.571 28567 28665 I okhttp.OkHttpClient: Pragma: no-cache
12-02 18:51:59.571 28567 28665 I okhttp.OkHttpClient: Expires: 0
12-02 18:51:59.571 28567 28665 I okhttp.OkHttpClient: X-Frame-Options: DENY
12-02 18:51:59.572 28567 28665 I okhttp.OkHttpClient: Content-Type: application/json
12-02 18:51:59.572 28567 28665 I okhttp.OkHttpClient: Transfer-Encoding: chunked
12-02 18:51:59.572 28567 28665 I okhttp.OkHttpClient: Date: Fri, 02 Dec 2022 15:52:01 GMT
12-02 18:51:59.572 28567 28665 I okhttp.OkHttpClient: Keep-Alive: timeout=60
12-02 18:51:59.572 28567 28665 I okhttp.OkHttpClient: Connection: keep-alive
12-02 18:51:59.573 28567 28665 I okhttp.OkHttpClient: {"id":2500,"title":"Открытая cceb381e-94bb-473b-ad1f-30c9d2cfda5a","description":"Открытая cceb381e-94bb-473b-ad1f-30c9d2cfda5a","creatorId":2,"executorId":null,"createDate":1669996319,"planExecuteDate":1669996260,"factExecuteDate":null,"status":"OPEN","creatorName":"Иванов Данил Данилович","executorName":null}
12-02 18:51:59.573 28567 28665 I okhttp.OkHttpClient: <-- END HTTP (348-byte body)
12-02 18:52:00.010  2169  2169 D KeyguardClockSwitch: Updating clock: 652
12-02 18:52:02.278  1750  1750 W audio_hw_generic: Not supplying enough data to HAL, expected position 387288738 , only wrote 386878012
12-02 18:52:02.378 28567 28567 I ViewInteraction: Performing 'wait for a specific view with <view.getId() is <2131230916/ru.iteco.fmhandroid:id/claim_list_recycler_view>> during 10000 millis.' action on view view.getRootView() to equal view
12-02 18:52:02.382 28567 28567 I ViewInteraction: Checking 'MatchesViewAssertion{viewMatcher=(view has effective visibility <VISIBLE> and view.getGlobalVisibleRect() to return non-empty rectangle)}' assertion on view view.getId() is <2131230916/ru.iteco.fmhandroid:id/claim_list_recycler_view>
12-02 18:52:02.387 28567 28567 I ViewInteraction: Performing 'scroll RecyclerView to: holder with view: (view is an instance of android.view.ViewGroup and has descendant matching an instance of android.widget.TextView and view.getText() with or without transformation to match: is "Открытая cceb381e-94bb-473b-ad1f-30c9d2cfda5a")' action on view view.getId() is <2131230916/ru.iteco.fmhandroid:id/claim_list_recycler_view>
12-02 18:52:02.552 28567 28580 I teco.fmhandroi: Background concurrent copying GC freed 227807(7901KB) AllocSpace objects, 0(0B) LOS objects, 29% free, 14MB/20MB, paused 907us total 100.838ms
12-02 18:52:02.635 28567 28567 I ViewInteraction: Performing 'wait for a specific view with <((Child at position 11 in parent Child at position 0 in parent view.getId() is <2131230914/ru.iteco.fmhandroid:id/claim_list_card>) and (view.getParent() is an instance of android.view.ViewGroup and has a sibling matching an instance of android.widget.TextView and view.getText() with or without transformation to match: is "Открытая cceb381e-94bb-473b-ad1f-30c9d2cfda5a"))> during 10000 millis.' action on view view.getRootView() to equal view
12-02 18:52:02.648 28567 28567 I ViewInteraction: Performing 'single click' action on view ((Child at position 11 in parent Child at position 0 in parent view.getId() is <2131230914/ru.iteco.fmhandroid:id/claim_list_card>) and (view.getParent() is an instance of android.view.ViewGroup and has a sibling matching an instance of android.widget.TextView and view.getText() with or without transformation to match: is "Открытая cceb381e-94bb-473b-ad1f-30c9d2cfda5a"))
12-02 18:52:02.733 28567 28665 I okhttp.OkHttpClient: --> GET http://www.981757-ca08998.tmweb.ru:8080/fmh/claims/2500/comments
12-02 18:52:02.734 28567 28665 I okhttp.OkHttpClient: --> END GET
12-02 18:52:02.736  1750  3111 W audio_hw_generic: Not supplying enough data to HAL, expected position 386878032 , only wrote 386878012
12-02 18:52:02.890 28567 28665 I okhttp.OkHttpClient: <-- 200 http://www.981757-ca08998.tmweb.ru:8080/fmh/claims/2500/comments (155ms)
12-02 18:52:02.890 28567 28665 I okhttp.OkHttpClient: Vary: Origin
12-02 18:52:02.890 28567 28665 I okhttp.OkHttpClient: Vary: Access-Control-Request-Method
12-02 18:52:02.890 28567 28665 I okhttp.OkHttpClient: Vary: Access-Control-Request-Headers
12-02 18:52:02.890 28567 28665 I okhttp.OkHttpClient: X-Content-Type-Options: nosniff
12-02 18:52:02.891 28567 28665 I okhttp.OkHttpClient: X-XSS-Protection: 1; mode=block
12-02 18:52:02.891 28567 28665 I okhttp.OkHttpClient: Cache-Control: no-cache, no-store, max-age=0, must-revalidate
12-02 18:52:02.891 28567 28665 I okhttp.OkHttpClient: Pragma: no-cache
12-02 18:52:02.891 28567 28665 I okhttp.OkHttpClient: Expires: 0
12-02 18:52:02.891 28567 28665 I okhttp.OkHttpClient: X-Frame-Options: DENY
12-02 18:52:02.891 28567 28665 I okhttp.OkHttpClient: Content-Type: application/json
12-02 18:52:02.891 28567 28665 I okhttp.OkHttpClient: Transfer-Encoding: chunked
12-02 18:52:02.892 28567 28665 I okhttp.OkHttpClient: Date: Fri, 02 Dec 2022 15:52:04 GMT
12-02 18:52:02.892 28567 28665 I okhttp.OkHttpClient: Keep-Alive: timeout=60
12-02 18:52:02.892 28567 28665 I okhttp.OkHttpClient: Connection: keep-alive
12-02 18:52:02.894 28567 28665 I okhttp.OkHttpClient: []
12-02 18:52:02.894 28567 28665 I okhttp.OkHttpClient: <-- END HTTP (2-byte body)
12-02 18:52:03.054 28567 28567 I ViewInteraction: Performing 'wait for a specific view with <view.getId() is <2131231355/ru.iteco.fmhandroid:id/status_processing_image_button>> during 10000 millis.' action on view view.getRootView() to equal view
12-02 18:52:03.060 28567 28567 I ViewInteraction: Performing 'single click' action on view view.getId() is <2131231355/ru.iteco.fmhandroid:id/status_processing_image_button>
12-02 18:52:03.222  1772  1873 D gralloc_ranchu: gralloc_alloc: Creating ashmem region of size 2039808
12-02 18:52:03.238  1772  1873 I chatty  : uid=1000(system) HwBinder:1772_1 identical 1 line
12-02 18:52:03.239  1772  1873 D gralloc_ranchu: gralloc_alloc: Creating ashmem region of size 2039808
12-02 18:52:03.258 28567 28625 D EGL_emulation: eglMakeCurrent: 0xdb91b8c0: ver 2 0 (tinfo 0xc09d6ab0)
12-02 18:52:03.523 28567 28567 I ViewInteraction: Performing 'wait for a specific view with <an instance of android.widget.TextView and view.getText() with or without transformation to match: is "Cancel"> during 10000 millis.' action on view view.getRootView() to equal view
12-02 18:52:03.527 28567 28567 I ViewInteraction: Performing 'single click' action on view an instance of android.widget.TextView and view.getText() with or without transformation to match: is "Cancel"
12-02 18:52:03.645 28567 28665 I okhttp.OkHttpClient: --> PUT http://www.981757-ca08998.tmweb.ru:8080/fmh/claims/2500/status?status=CANCELLED
12-02 18:52:03.647 28567 28665 I okhttp.OkHttpClient: Content-Type: application/json; charset=UTF-8
12-02 18:52:03.647 28567 28665 I okhttp.OkHttpClient: Content-Length: 83
12-02 18:52:03.647 28567 28665 I okhttp.OkHttpClient: {"claimId":0,"createDate":0,"creatorId":0,"creatorName":"","description":"","id":0}
12-02 18:52:03.648 28567 28665 I okhttp.OkHttpClient: --> END PUT (83-byte body)
12-02 18:52:03.676 28567 28625 D EGL_emulation: eglMakeCurrent: 0xdb91b8c0: ver 2 0 (tinfo 0xc09d6ab0)
12-02 18:52:03.798 28567 28567 I ViewInteraction: Performing 'wait for a specific view with <view.getId() is <2131231354/ru.iteco.fmhandroid:id/status_label_text_view>> during 10000 millis.' action on view view.getRootView() to equal view
12-02 18:52:03.801 28567 28567 I ViewInteraction: Checking 'MatchesViewAssertion{viewMatcher=an instance of android.widget.TextView and view.getText() with or without transformation to match: is "Canceled"}' assertion on view view.getId() is <2131231354/ru.iteco.fmhandroid:id/status_label_text_view>
12-02 18:52:03.803 28567 28567 D takeScreenshot: Found 1 global views to redraw
12-02 18:52:03.812 28567 28625 D EGL_emulation: eglMakeCurrent: 0xdb91b8c0: ver 2 0 (tinfo 0xc09d6ab0)
12-02 18:52:03.821 28567 28665 I okhttp.OkHttpClient: <-- 200 http://www.981757-ca08998.tmweb.ru:8080/fmh/claims/2500/status?status=CANCELLED (173ms)
12-02 18:52:03.822 28567 28665 I okhttp.OkHttpClient: Vary: Origin
12-02 18:52:03.822 28567 28665 I okhttp.OkHttpClient: Vary: Access-Control-Request-Method
12-02 18:52:03.823 28567 28665 I okhttp.OkHttpClient: Vary: Access-Control-Request-Headers
12-02 18:52:03.823 28567 28665 I okhttp.OkHttpClient: X-Content-Type-Options: nosniff
12-02 18:52:03.823 28567 28665 I okhttp.OkHttpClient: X-XSS-Protection: 1; mode=block
12-02 18:52:03.823 28567 28665 I okhttp.OkHttpClient: Cache-Control: no-cache, no-store, max-age=0, must-revalidate
12-02 18:52:03.823 28567 28665 I okhttp.OkHttpClient: Pragma: no-cache
12-02 18:52:03.823 28567 28665 I okhttp.OkHttpClient: Expires: 0
12-02 18:52:03.823 28567 28665 I okhttp.OkHttpClient: X-Frame-Options: DENY
12-02 18:52:03.824 28567 28665 I okhttp.OkHttpClient: Content-Type: application/json
12-02 18:52:03.824 28567 28665 I okhttp.OkHttpClient: Transfer-Encoding: chunked
12-02 18:52:03.824 28567 28665 I okhttp.OkHttpClient: Date: Fri, 02 Dec 2022 15:52:04 GMT
12-02 18:52:03.824 28567 28665 I okhttp.OkHttpClient: Keep-Alive: timeout=60
12-02 18:52:03.826 28567 28665 I okhttp.OkHttpClient: Connection: keep-alive
12-02 18:52:03.828 28567 28665 I okhttp.OkHttpClient: {"id":2500,"title":"Открытая cceb381e-94bb-473b-ad1f-30c9d2cfda5a","description":"Открытая cceb381e-94bb-473b-ad1f-30c9d2cfda5a","creatorId":2,"executorId":null,"createDate":1669996319,"planExecuteDate":1669996260,"factExecuteDate":null,"status":"CANCELLED","creatorName":"Иванов Данил Данилович","executorName":null}
12-02 18:52:03.828 28567 28665 I okhttp.OkHttpClient: <-- END HTTP (353-byte body)
12-02 18:52:03.834 28567 28665 I okhttp.OkHttpClient: --> GET http://www.981757-ca08998.tmweb.ru:8080/fmh/claims/2500/comments
12-02 18:52:03.834 28567 28665 I okhttp.OkHttpClient: --> END GET
12-02 18:52:03.850  1772  1873 D gralloc_ranchu: gralloc_alloc: Creating ashmem region of size 14749696
12-02 18:52:03.939 28567 28612 W DefaultFailureHandler: Failed to take screenshot
12-02 18:52:03.939 28567 28612 W DefaultFailureHandler: java.io.FileNotFoundException: view-op-error-9.png: open failed: EROFS (Read-only file system)
12-02 18:52:03.939 28567 28612 W DefaultFailureHandler: 	at libcore.io.IoBridge.open(IoBridge.java:496)
12-02 18:52:03.939 28567 28612 W DefaultFailureHandler: 	at java.io.FileOutputStream.<init>(FileOutputStream.java:235)
12-02 18:52:03.939 28567 28612 W DefaultFailureHandler: 	at java.io.FileOutputStream.<init>(FileOutputStream.java:125)
12-02 18:52:03.939 28567 28612 W DefaultFailureHandler: 	at androidx.test.platform.io.FileTestStorage.openOutputFile(FileTestStorage.java:60)
12-02 18:52:03.939 28567 28612 W DefaultFailureHandler: 	at androidx.test.core.graphics.BitmapStorage.writeToTestStorage(BitmapStorageExt.kt:49)
12-02 18:52:03.939 28567 28612 W DefaultFailureHandler: 	at androidx.test.espresso.base.DefaultFailureHandler.takeScreenshot(DefaultFailureHandler.java:4)
12-02 18:52:03.939 28567 28612 W DefaultFailureHandler: 	at androidx.test.espresso.base.DefaultFailureHandler.handle(DefaultFailureHandler.java:3)
12-02 18:52:03.939 28567 28612 W DefaultFailureHandler: 	at androidx.test.espresso.ViewInteraction.waitForAndHandleInteractionResults(ViewInteraction.java:5)
12-02 18:52:03.939 28567 28612 W DefaultFailureHandler: 	at androidx.test.espresso.ViewInteraction.check(ViewInteraction.java:12)
12-02 18:52:03.939 28567 28612 W DefaultFailureHandler: 	at ru.iteco.fmhandroid.ui.ClaimEditTest.shouldChangeTheStatusOfTheClaimToCanceled(ClaimEditTest.java:153)
12-02 18:52:03.939 28567 28612 W DefaultFailureHandler: 	at java.lang.reflect.Method.invoke(Native Method)
12-02 18:52:03.939 28567 28612 W DefaultFailureHandler: 	at org.junit.runners.model.FrameworkMethod$1.runReflectiveCall(FrameworkMethod.java:59)
12-02 18:52:03.939 28567 28612 W DefaultFailureHandler: 	at org.junit.internal.runners.model.ReflectiveCallable.run(ReflectiveCallable.java:12)
12-02 18:52:03.939 28567 28612 W DefaultFailureHandler: 	at org.junit.runners.model.FrameworkMethod.invokeExplosively(FrameworkMethod.java:56)
12-02 18:52:03.939 28567 28612 W DefaultFailureHandler: 	at org.junit.internal.runners.statements.InvokeMethod.evaluate(InvokeMethod.java:17)
12-02 18:52:03.939 28567 28612 W DefaultFailureHandler: 	at androidx.test.internal.runner.junit4.statement.RunBefores.evaluate(RunBefores.java:80)
12-02 18:52:03.939 28567 28612 W DefaultFailureHandler: 	at androidx.test.rule.ActivityTestRule$ActivityStatement.evaluate(ActivityTestRule.java:543)
12-02 18:52:03.939 28567 28612 W DefaultFailureHandler: 	at io.qameta.allure.android.rules.LogcatRule$apply$1.evaluate(LogcatRule.kt:23)
12-02 18:52:03.939 28567 28612 W DefaultFailureHandler: 	at io.qameta.allure.android.rules.ScreenshotRule$apply$1.evaluate(ScreenshotRule.kt:22)
12-02 18:52:03.939 28567 28612 W DefaultFailureHandler: 	at io.qameta.allure.android.rules.ScreenshotRule$apply$1.evaluate(ScreenshotRule.kt:22)
12-02 18:52:03.939 28567 28612 W DefaultFailureHandler: 	at org.junit.rules.RunRules.evaluate(RunRules.java:20)
12-02 18:52:03.939 28567 28612 W DefaultFailureHandler: 	at org.junit.runners.ParentRunner$3.evaluate(ParentRunner.java:306)
12-02 18:52:03.939 28567 28612 W DefaultFailureHandler: 	at org.junit.runners.BlockJUnit4ClassRunner$1.evaluate(BlockJUnit4ClassRunner.java:100)
12-02 18:52:03.939 28567 28612 W DefaultFailureHandler: 	at org.junit.runners.ParentRunner.runLeaf(ParentRunner.java:366)
12-02 18:52:03.939 28567 28612 W DefaultFailureHandler: 	at org.junit.runners.BlockJUnit4ClassRunner.runChild(BlockJUnit4ClassRunner.java:103)
12-02 18:52:03.939 28567 28612 W DefaultFailureHandler: 	at org.junit.runners.BlockJUnit4ClassRunner.runChild(BlockJUnit4ClassRunner.java:63)
12-02 18:52:03.939 28567 28612 W DefaultFailureHandler: 	at org.junit.runners.ParentRunner$4.run(ParentRunner.java:331)
12-02 18:52:03.939 28567 28612 W DefaultFailureHandler: 	at org.junit.runners.ParentRunner$1.schedule(ParentRunner.java:79)
12-02 18:52:03.939 28567 28612 W DefaultFailureHandler: 	at org.junit.runners.ParentRunner.runChildren(ParentRunner.java:329)
12-02 18:52:03.939 28567 28612 W DefaultFailureHandler: 	at org.junit.runners.ParentRunner.access$100(ParentRunner.java:66)
12-02 18:52:03.939 28567 28612 W DefaultFailureHandler: 	at org.junit.runners.ParentRunner$2.evaluate(ParentRunner.java:293)
12-02 18:52:03.939 28567 28612 W DefaultFailureHandler: 	at org.junit.runners.ParentRunner$3.evaluate(ParentRunner.java:306)
12-02 18:52:03.939 28567 28612 W DefaultFailureHandler: 	at org.junit.runners.ParentRunner.run(ParentRunner.java:413)
12-02 18:52:03.939 28567 28612 W DefaultFailureHandler: 	at androidx.test.ext.junit.runners.AndroidJUnit4.run(AndroidJUnit4.java:162)
12-02 18:52:03.939 28567 28612 W DefaultFailureHandler: 	at io.qameta.allure.android.runners.AllureAndroidJUnit4.run(AllureAndroidJUnitRunners.kt:29)
12-02 18:52:03.939 28567 28612 W DefaultFailureHandler: 	at org.junit.runners.Suite.runChild(Suite.java:128)
12-02 18:52:03.939 28567 28612 W DefaultFailureHandler: 	at org.junit.runners.Suite.runChild(Suite.java:27)
12-02 18:52:03.939 28567 28612 W DefaultFailureHandler: 	at org.junit.runners.ParentRunner$4.run(ParentRunner.java:331)
12-02 18:52:03.939 28567 28612 W DefaultFailureHandler: 	at org.junit.runners.ParentRunner$1.schedule(ParentRunner.java:79)
12-02 18:52:03.939 28567 28612 W DefaultFailureHandler: 	at org.junit.runners.ParentRunner.runChildren(ParentRunner.java:329)
12-02 18:52:03.939 28567 28612 W DefaultFailureHandler: 	at org.junit.runners.ParentRunner.access$100(ParentRunner.java:66)
12-02 18:52:03.939 28567 28612 W DefaultFailureHandler: 	at org.junit.runners.ParentRunner$2.evaluate(ParentRunner.java:293)
12-02 18:52:03.939 28567 28612 W DefaultFailureHandler: 	at org.junit.runners.ParentRunner$3.evaluate(ParentRunner.java:306)
12-02 18:52:03.939 28567 28612 W DefaultFailureHandler: 	at org.junit.runners.ParentRunner.run(ParentRunner.java:413)
12-02 18:52:03.939 28567 28612 W DefaultFailureHandler: 	at org.junit.runner.JUnitCore.run(JUnitCore.java:137)
12-02 18:52:03.939 28567 28612 W DefaultFailureHandler: 	at org.junit.runner.JUnitCore.run(JUnitCore.java:115)
12-02 18:52:03.939 28567 28612 W DefaultFailureHandler: 	at androidx.test.internal.runner.TestExecutor.execute(TestExecutor.java:67)
12-02 18:52:03.939 28567 28612 W DefaultFailureHandler: 	at androidx.test.internal.runner.TestExecutor.execute(TestExecutor.java:58)
12-02 18:52:03.939 28567 28612 W DefaultFailureHandler: 	at androidx.test.runner.AndroidJUnitRunner.onStart(AndroidJUnitRunner.java:438)
12-02 18:52:03.939 28567 28612 W DefaultFailureHandler: 	at android.app.Instrumentation$InstrumentationThread.run(Instrumentation.java:2189)
12-02 18:52:03.939 28567 28612 W DefaultFailureHandler: Caused by: android.system.ErrnoException: open failed: EROFS (Read-only file system)
12-02 18:52:03.940 28567 28612 W DefaultFailureHandler: 	at libcore.io.Linux.open(Native Method)
12-02 18:52:03.940 28567 28612 W DefaultFailureHandler: 	at libcore.io.ForwardingOs.open(ForwardingOs.java:167)
12-02 18:52:03.940 28567 28612 W DefaultFailureHandler: 	at libcore.io.BlockGuardOs.open(BlockGuardOs.java:252)
12-02 18:52:03.940 28567 28612 W DefaultFailureHandler: 	at libcore.io.ForwardingOs.open(ForwardingOs.java:167)
12-02 18:52:03.940 28567 28612 W DefaultFailureHandler: 	at android.app.ActivityThread$AndroidOs.open(ActivityThread.java:7255)
12-02 18:52:03.940 28567 28612 W DefaultFailureHandler: 	at libcore.io.IoBridge.open(IoBridge.java:482)
12-02 18:52:03.940 28567 28612 W DefaultFailureHandler: 	... 49 more
12-02 18:52:03.943  2010  5522 W InputReader: Device has associated, but no associated display id.
12-02 18:52:03.944  2010  5522 I chatty  : uid=1000(system) Binder:2010_14 identical 8 lines
12-02 18:52:03.944  2010  5522 W InputReader: Device has associated, but no associated display id.
12-02 18:52:03.951 28567 28567 D LifecycleMonitor: Lifecycle status change: ru.iteco.fmhandroid.ui.AppActivity@a84d4f0 in: PAUSED
12-02 18:52:03.955  2010  5522 W InputReader: Device has associated, but no associated display id.
12-02 18:52:03.958  2010  5522 I chatty  : uid=1000(system) Binder:2010_14 identical 28 lines
12-02 18:52:03.958  2010  5522 W InputReader: Device has associated, but no associated display id.
12-02 18:52:03.970 28567 28607 V FA      : Recording user engagement, ms: 22000
12-02 18:52:04.016 28567 28665 I okhttp.OkHttpClient: <-- 200 http://www.981757-ca08998.tmweb.ru:8080/fmh/claims/2500/comments (181ms)
12-02 18:52:04.016 28567 28665 I okhttp.OkHttpClient: Vary: Origin
12-02 18:52:04.016 28567 28665 I okhttp.OkHttpClient: Vary: Access-Control-Request-Method
12-02 18:52:04.016 28567 28665 I okhttp.OkHttpClient: Vary: Access-Control-Request-Headers
12-02 18:52:04.017 28567 28665 I okhttp.OkHttpClient: X-Content-Type-Options: nosniff
12-02 18:52:04.017 28567 28665 I okhttp.OkHttpClient: X-XSS-Protection: 1; mode=block
12-02 18:52:04.017 28567 28665 I okhttp.OkHttpClient: Cache-Control: no-cache, no-store, max-age=0, must-revalidate
12-02 18:52:04.017 28567 28665 I okhttp.OkHttpClient: Pragma: no-cache
12-02 18:52:04.017 28567 28665 I okhttp.OkHttpClient: Expires: 0
12-02 18:52:04.018 28567 28665 I okhttp.OkHttpClient: X-Frame-Options: DENY
12-02 18:52:04.018 28567 28665 I okhttp.OkHttpClient: Content-Type: application/json
12-02 18:52:04.019 28567 28665 I okhttp.OkHttpClient: Transfer-Encoding: chunked
12-02 18:52:04.019 28567 28665 I okhttp.OkHttpClient: Date: Fri, 02 Dec 2022 15:52:05 GMT
12-02 18:52:04.020 28567 28665 I okhttp.OkHttpClient: Keep-Alive: timeout=60
12-02 18:52:04.020 28567 28665 I okhttp.OkHttpClient: Connection: keep-alive
12-02 18:52:04.021 28567 28665 I okhttp.OkHttpClient: []
12-02 18:52:04.021 28567 28665 I okhttp.OkHttpClient: <-- END HTTP (2-byte body)
12-02 18:52:04.048  2010  2346 D ConnectivityService: requestNetwork for uid/pid:10127/543 NetworkRequest [ TRACK_DEFAULT id=213, [ Capabilities: INTERNET&NOT_RESTRICTED&TRUSTED Uid: 10127] ]
12-02 18:52:04.049  2010  2126 D UntrustedWifiNetworkFactory: got request NetworkRequest [ TRACK_DEFAULT id=213, [ Capabilities: INTERNET&NOT_RESTRICTED&TRUSTED Uid: 10127] ] with score 50 and serial 2
12-02 18:52:04.049  2010  2126 D WifiNetworkFactory: got request NetworkRequest [ TRACK_DEFAULT id=213, [ Capabilities: INTERNET&NOT_RESTRICTED&TRUSTED Uid: 10127] ] with score 50 and serial 2
12-02 18:52:04.055  2352  2352 D PhoneSwitcherNetworkRequstListener: got request NetworkRequest [ TRACK_DEFAULT id=213, [ Capabilities: INTERNET&NOT_RESTRICTED&TRUSTED Uid: 10127] ] with score 50 and serial 2
12-02 18:52:04.140  1772  1873 D gralloc_ranchu: gralloc_alloc: Creating ashmem region of size 14749696
12-02 18:52:04.230   543   578 D EGL_emulation: eglMakeCurrent: 0xeec7f2e0: ver 2 0 (tinfo 0xe39facd0)
12-02 18:52:04.260  1772  1873 D gralloc_ranchu: gralloc_alloc: Creating ashmem region of size 14749696
