--------- beginning of main
12-02 18:51:38.591 28567 28567 I ViewInteraction: Performing 'wait for a specific view with <(an instance of android.widget.TextView and view.getHint() matching: is "Time" and view.getParent() view.getParent() view.getId() is <2131231399/ru.iteco.fmhandroid:id/time_in_plan_text_input_layout>)> during 10000 millis.' action on view view.getRootView() to equal view
12-02 18:51:38.597 28567 28567 I ViewInteraction: Performing 'single click' action on view (an instance of android.widget.TextView and view.getHint() matching: is "Time" and view.getParent() view.getParent() view.getId() is <2131231399/ru.iteco.fmhandroid:id/time_in_plan_text_input_layout>)
12-02 18:51:38.791  1772  1873 D gralloc_ranchu: gralloc_alloc: Creating ashmem region of size 9261056
12-02 18:51:38.798  1772  1873 I chatty  : uid=1000(system) HwBinder:1772_1 identical 1 line
12-02 18:51:38.800  1772  1873 D gralloc_ranchu: gralloc_alloc: Creating ashmem region of size 9261056
12-02 18:51:38.808 28567 28625 D EGL_emulation: eglMakeCurrent: 0xdb91b8c0: ver 2 0 (tinfo 0xc09d6ab0)
12-02 18:51:38.880 28567 28625 I chatty  : uid=10159(ru.iteco.fmhandroid) RenderThread identical 2 lines
12-02 18:51:39.053 28567 28625 D EGL_emulation: eglMakeCurrent: 0xdb91b8c0: ver 2 0 (tinfo 0xc09d6ab0)
12-02 18:51:39.286 28567 28567 I ViewInteraction: Performing 'wait for a specific view with <is assignable from class <class android.widget.TimePicker>> during 10000 millis.' action on view view.getRootView() to equal view
12-02 18:51:39.291 28567 28567 I ViewInteraction: Checking 'MatchesViewAssertion{viewMatcher=(view has effective visibility <VISIBLE> and view.getGlobalVisibleRect() to return non-empty rectangle)}' assertion on view is assignable from class <class android.widget.TimePicker>
12-02 18:51:39.295 28567 28567 I ViewInteraction: Performing 'wait for a specific view with <is assignable from class <class android.widget.TimePicker>> during 10000 millis.' action on view view.getRootView() to equal view
12-02 18:51:39.299 28567 28567 I ViewInteraction: Performing 'set time' action on view is assignable from class <class android.widget.TimePicker>
12-02 18:51:39.304 28567 28567 I ViewInteraction: Performing 'wait for a specific view with <view.getId() is <16908313/android:id/button1>> during 10000 millis.' action on view view.getRootView() to equal view
12-02 18:51:39.309 28567 28567 I ViewInteraction: Performing 'single click' action on view view.getId() is <16908313/android:id/button1>
12-02 18:51:39.377 28567 28625 D EGL_emulation: eglMakeCurrent: 0xdb91b8c0: ver 2 0 (tinfo 0xc09d6ab0)
12-02 18:51:39.405 28567 28625 D EGL_emulation: eglMakeCurrent: 0xdb91b8c0: ver 2 0 (tinfo 0xc09d6ab0)
12-02 18:51:39.426  2010  5522 E InputDispatcher: Window handle Window{f8b45c2 u0 ru.iteco.fmhandroid/ru.iteco.fmhandroid.ui.AppActivity} has no registered input channel
12-02 18:51:39.427 28567 28625 D EGL_emulation: eglMakeCurrent: 0xdb91b8c0: ver 2 0 (tinfo 0xc09d6ab0)
12-02 18:51:39.696 28567 28567 I ViewInteraction: Performing 'wait for a specific view with <(an instance of android.widget.TextView and view.getHint() matching: is "Description" and view.getParent() view.getParent() view.getId() is <2131230988/ru.iteco.fmhandroid:id/description_text_input_layout>)> during 10000 millis.' action on view view.getRootView() to equal view
12-02 18:51:39.701 28567 28567 I ViewInteraction: Performing 'replace text(В работе f297d6a2-52fb-4690-81ee-4d75b7fe8d79)' action on view (an instance of android.widget.TextView and view.getHint() matching: is "Description" and view.getParent() view.getParent() view.getId() is <2131230988/ru.iteco.fmhandroid:id/description_text_input_layout>)
12-02 18:51:39.750 28567 28567 I ViewInteraction: Performing 'wait for a specific view with <view.getId() is <2131231291/ru.iteco.fmhandroid:id/save_button>> during 10000 millis.' action on view view.getRootView() to equal view
12-02 18:51:39.755 28567 28567 I ViewInteraction: Performing 'single click' action on view view.getId() is <2131231291/ru.iteco.fmhandroid:id/save_button>
12-02 18:51:39.837 28567 28661 I okhttp.OkHttpClient: --> POST http://www.981757-ca08998.tmweb.ru:8080/fmh/claims
12-02 18:51:39.837 28567 28661 I okhttp.OkHttpClient: Content-Type: application/json; charset=UTF-8
12-02 18:51:39.838 28567 28661 I okhttp.OkHttpClient: Content-Length: 290
12-02 18:51:39.839 28567 28661 I okhttp.OkHttpClient: {"createDate":1669996299,"creatorId":2,"creatorName":"Иванов Данил Данилович","description":"В работе f297d6a2-52fb-4690-81ee-4d75b7fe8d79","executorId":2,"planExecuteDate":1669996260,"status":"OPEN","title":"В работе f297d6a2-52fb-4690-81ee-4d75b7fe8d79"}
12-02 18:51:39.839 28567 28661 I okhttp.OkHttpClient: --> END POST (290-byte body)
12-02 18:51:39.994 28567 28661 I okhttp.OkHttpClient: <-- 200 http://www.981757-ca08998.tmweb.ru:8080/fmh/claims (154ms)
12-02 18:51:39.994 28567 28661 I okhttp.OkHttpClient: Vary: Origin
12-02 18:51:39.994 28567 28661 I okhttp.OkHttpClient: Vary: Access-Control-Request-Method
12-02 18:51:39.994 28567 28661 I okhttp.OkHttpClient: Vary: Access-Control-Request-Headers
12-02 18:51:39.994 28567 28661 I okhttp.OkHttpClient: X-Content-Type-Options: nosniff
12-02 18:51:39.994 28567 28661 I okhttp.OkHttpClient: X-XSS-Protection: 1; mode=block
12-02 18:51:39.994 28567 28661 I okhttp.OkHttpClient: Cache-Control: no-cache, no-store, max-age=0, must-revalidate
12-02 18:51:39.995 28567 28661 I okhttp.OkHttpClient: Pragma: no-cache
12-02 18:51:39.995 28567 28661 I okhttp.OkHttpClient: Expires: 0
12-02 18:51:39.995 28567 28661 I okhttp.OkHttpClient: X-Frame-Options: DENY
12-02 18:51:39.995 28567 28661 I okhttp.OkHttpClient: Content-Type: application/json
12-02 18:51:39.995 28567 28661 I okhttp.OkHttpClient: Transfer-Encoding: chunked
12-02 18:51:39.996 28567 28661 I okhttp.OkHttpClient: Date: Fri, 02 Dec 2022 15:51:41 GMT
12-02 18:51:39.996 28567 28661 I okhttp.OkHttpClient: Keep-Alive: timeout=60
12-02 18:51:39.996 28567 28661 I okhttp.OkHttpClient: Connection: keep-alive
12-02 18:51:39.997 28567 28661 I okhttp.OkHttpClient: {"id":2499,"title":"В ра��оте f297d6a2-52fb-4690-81ee-4d75b7fe8d79","description":"В работе f297d6a2-52fb-4690-81ee-4d75b7fe8d79","creatorId":2,"executorId":2,"createDate":1669996299,"planExecuteDate":1669996260,"factExecuteDate":null,"status":"IN_PROGRESS","creatorName":"Иванов Данил Данилович","executorName":"Иванов Данил Данилович"}
12-02 18:51:39.997 28567 28661 I okhttp.OkHttpClient: <-- END HTTP (390-byte body)
12-02 18:51:40.081 28567 28567 I ViewInteraction: Performing 'wait for a specific view with <view.getId() is <2131230916/ru.iteco.fmhandroid:id/claim_list_recycler_view>> during 10000 millis.' action on view view.getRootView() to equal view
12-02 18:51:40.096 28567 28567 I ViewInteraction: Checking 'MatchesViewAssertion{viewMatcher=(view has effective visibility <VISIBLE> and view.getGlobalVisibleRect() to return non-empty rectangle)}' assertion on view view.getId() is <2131230916/ru.iteco.fmhandroid:id/claim_list_recycler_view>
12-02 18:51:40.103 28567 28567 I ViewInteraction: Performing 'scroll RecyclerView to: holder with view: (view is an instance of android.view.ViewGroup and has descendant matching an instance of android.widget.TextView and view.getText() with or without transformation to match: is "В работе f297d6a2-52fb-4690-81ee-4d75b7fe8d79")' action on view view.getId() is <2131230916/ru.iteco.fmhandroid:id/claim_list_recycler_view>
12-02 18:51:40.107 28567 28567 D takeScreenshot: Found 1 global views to redraw
12-02 18:51:40.149  1772  1873 D gralloc_ranchu: gralloc_alloc: Creating ashmem region of size 14749696
12-02 18:51:40.208 28567 28612 W DefaultFailureHandler: Failed to take screenshot
12-02 18:51:40.208 28567 28612 W DefaultFailureHandler: java.io.FileNotFoundException: view-op-error-7.png: open failed: EROFS (Read-only file system)
12-02 18:51:40.208 28567 28612 W DefaultFailureHandler: 	at libcore.io.IoBridge.open(IoBridge.java:496)
12-02 18:51:40.208 28567 28612 W DefaultFailureHandler: 	at java.io.FileOutputStream.<init>(FileOutputStream.java:235)
12-02 18:51:40.208 28567 28612 W DefaultFailureHandler: 	at java.io.FileOutputStream.<init>(FileOutputStream.java:125)
12-02 18:51:40.208 28567 28612 W DefaultFailureHandler: 	at androidx.test.platform.io.FileTestStorage.openOutputFile(FileTestStorage.java:60)
12-02 18:51:40.208 28567 28612 W DefaultFailureHandler: 	at androidx.test.core.graphics.BitmapStorage.writeToTestStorage(BitmapStorageExt.kt:49)
12-02 18:51:40.208 28567 28612 W DefaultFailureHandler: 	at androidx.test.espresso.base.DefaultFailureHandler.takeScreenshot(DefaultFailureHandler.java:4)
12-02 18:51:40.208 28567 28612 W DefaultFailureHandler: 	at androidx.test.espresso.base.DefaultFailureHandler.handle(DefaultFailureHandler.java:3)
12-02 18:51:40.208 28567 28612 W DefaultFailureHandler: 	at androidx.test.espresso.ViewInteraction.waitForAndHandleInteractionResults(ViewInteraction.java:8)
12-02 18:51:40.208 28567 28612 W DefaultFailureHandler: 	at androidx.test.espresso.ViewInteraction.desugaredPerform(ViewInteraction.java:11)
12-02 18:51:40.208 28567 28612 W DefaultFailureHandler: 	at androidx.test.espresso.ViewInteraction.perform(ViewInteraction.java:8)
12-02 18:51:40.208 28567 28612 W DefaultFailureHandler: 	at ru.iteco.fmhandroid.ui.steps.ClaimsPageSteps.scrollToElementInRecyclerList(ClaimsPageSteps.java:128)
12-02 18:51:40.208 28567 28612 W DefaultFailureHandler: 	at ru.iteco.fmhandroid.ui.steps.ClaimsPageSteps.openClaimCard(ClaimsPageSteps.java:151)
12-02 18:51:40.208 28567 28612 W DefaultFailureHandler: 	at ru.iteco.fmhandroid.ui.ClaimEditTest.shouldExitTheClaimCardByClickingTheButtonClose(ClaimEditTest.java:164)
12-02 18:51:40.208 28567 28612 W DefaultFailureHandler: 	at java.lang.reflect.Method.invoke(Native Method)
12-02 18:51:40.208 28567 28612 W DefaultFailureHandler: 	at org.junit.runners.model.FrameworkMethod$1.runReflectiveCall(FrameworkMethod.java:59)
12-02 18:51:40.208 28567 28612 W DefaultFailureHandler: 	at org.junit.internal.runners.model.ReflectiveCallable.run(ReflectiveCallable.java:12)
12-02 18:51:40.208 28567 28612 W DefaultFailureHandler: 	at org.junit.runners.model.FrameworkMethod.invokeExplosively(FrameworkMethod.java:56)
12-02 18:51:40.208 28567 28612 W DefaultFailureHandler: 	at org.junit.internal.runners.statements.InvokeMethod.evaluate(InvokeMethod.java:17)
12-02 18:51:40.208 28567 28612 W DefaultFailureHandler: 	at androidx.test.internal.runner.junit4.statement.RunBefores.evaluate(RunBefores.java:80)
12-02 18:51:40.208 28567 28612 W DefaultFailureHandler: 	at androidx.test.rule.ActivityTestRule$ActivityStatement.evaluate(ActivityTestRule.java:543)
12-02 18:51:40.208 28567 28612 W DefaultFailureHandler: 	at io.qameta.allure.android.rules.LogcatRule$apply$1.evaluate(LogcatRule.kt:23)
12-02 18:51:40.208 28567 28612 W DefaultFailureHandler: 	at io.qameta.allure.android.rules.ScreenshotRule$apply$1.evaluate(ScreenshotRule.kt:22)
12-02 18:51:40.208 28567 28612 W DefaultFailureHandler: 	at io.qameta.allure.android.rules.ScreenshotRule$apply$1.evaluate(ScreenshotRule.kt:22)
12-02 18:51:40.208 28567 28612 W DefaultFailureHandler: 	at org.junit.rules.RunRules.evaluate(RunRules.java:20)
12-02 18:51:40.208 28567 28612 W DefaultFailureHandler: 	at org.junit.runners.ParentRunner$3.evaluate(ParentRunner.java:306)
12-02 18:51:40.208 28567 28612 W DefaultFailureHandler: 	at org.junit.runners.BlockJUnit4ClassRunner$1.evaluate(BlockJUnit4ClassRunner.java:100)
12-02 18:51:40.208 28567 28612 W DefaultFailureHandler: 	at org.junit.runners.ParentRunner.runLeaf(ParentRunner.java:366)
12-02 18:51:40.208 28567 28612 W DefaultFailureHandler: 	at org.junit.runners.BlockJUnit4ClassRunner.runChild(BlockJUnit4ClassRunner.java:103)
12-02 18:51:40.208 28567 28612 W DefaultFailureHandler: 	at org.junit.runners.BlockJUnit4ClassRunner.runChild(BlockJUnit4ClassRunner.java:63)
12-02 18:51:40.208 28567 28612 W DefaultFailureHandler: 	at org.junit.runners.ParentRunner$4.run(ParentRunner.java:331)
12-02 18:51:40.208 28567 28612 W DefaultFailureHandler: 	at org.junit.runners.ParentRunner$1.schedule(ParentRunner.java:79)
12-02 18:51:40.208 28567 28612 W DefaultFailureHandler: 	at org.junit.runners.ParentRunner.runChildren(ParentRunner.java:329)
12-02 18:51:40.208 28567 28612 W DefaultFailureHandler: 	at org.junit.runners.ParentRunner.access$100(ParentRunner.java:66)
12-02 18:51:40.208 28567 28612 W DefaultFailureHandler: 	at org.junit.runners.ParentRunner$2.evaluate(ParentRunner.java:293)
12-02 18:51:40.208 28567 28612 W DefaultFailureHandler: 	at org.junit.runners.ParentRunner$3.evaluate(ParentRunner.java:306)
12-02 18:51:40.208 28567 28612 W DefaultFailureHandler: 	at org.junit.runners.ParentRunner.run(ParentRunner.java:413)
12-02 18:51:40.208 28567 28612 W DefaultFailureHandler: 	at androidx.test.ext.junit.runners.AndroidJUnit4.run(AndroidJUnit4.java:162)
12-02 18:51:40.208 28567 28612 W DefaultFailureHandler: 	at io.qameta.allure.android.runners.AllureAndroidJUnit4.run(AllureAndroidJUnitRunners.kt:29)
12-02 18:51:40.208 28567 28612 W DefaultFailureHandler: 	at org.junit.runners.Suite.runChild(Suite.java:128)
12-02 18:51:40.208 28567 28612 W DefaultFailureHandler: 	at org.junit.runners.Suite.runChild(Suite.java:27)
12-02 18:51:40.208 28567 28612 W DefaultFailureHandler: 	at org.junit.runners.ParentRunner$4.run(ParentRunner.java:331)
12-02 18:51:40.208 28567 28612 W DefaultFailureHandler: 	at org.junit.runners.ParentRunner$1.schedule(ParentRunner.java:79)
12-02 18:51:40.208 28567 28612 W DefaultFailureHandler: 	at org.junit.runners.ParentRunner.runChildren(ParentRunner.java:329)
12-02 18:51:40.208 28567 28612 W DefaultFailureHandler: 	at org.junit.runners.ParentRunner.access$100(ParentRunner.java:66)
12-02 18:51:40.208 28567 28612 W DefaultFailureHandler: 	at org.junit.runners.ParentRunner$2.evaluate(ParentRunner.java:293)
12-02 18:51:40.208 28567 28612 W DefaultFailureHandler: 	at org.junit.runners.ParentRunner$3.evaluate(ParentRunner.java:306)
12-02 18:51:40.208 28567 28612 W DefaultFailureHandler: 	at org.junit.runners.ParentRunner.run(ParentRunner.java:413)
12-02 18:51:40.208 28567 28612 W DefaultFailureHandler: 	at org.junit.runner.JUnitCore.run(JUnitCore.java:137)
12-02 18:51:40.208 28567 28612 W DefaultFailureHandler: 	at org.junit.runner.JUnitCore.run(JUnitCore.java:115)
12-02 18:51:40.208 28567 28612 W DefaultFailureHandler: 	at androidx.test.internal.runner.TestExecutor.execute(TestExecutor.java:67)
12-02 18:51:40.208 28567 28612 W DefaultFailureHandler: 	at androidx.test.internal.runner.TestExecutor.execute(TestExecutor.java:58)
12-02 18:51:40.208 28567 28612 W DefaultFailureHandler: 	at androidx.test.runner.AndroidJUnitRunner.onStart(AndroidJUnitRunner.java:438)
12-02 18:51:40.208 28567 28612 W DefaultFailureHandler: 	at android.app.Instrumentation$InstrumentationThread.run(Instrumentation.java:2189)
12-02 18:51:40.208 28567 28612 W DefaultFailureHandler: Caused by: android.system.ErrnoException: open failed: EROFS (Read-only file system)
12-02 18:51:40.208 28567 28612 W DefaultFailureHandler: 	at libcore.io.Linux.open(Native Method)
12-02 18:51:40.208 28567 28612 W DefaultFailureHandler: 	at libcore.io.ForwardingOs.open(ForwardingOs.java:167)
12-02 18:51:40.208 28567 28612 W DefaultFailureHandler: 	at libcore.io.BlockGuardOs.open(BlockGuardOs.java:252)
12-02 18:51:40.208 28567 28612 W DefaultFailureHandler: 	at libcore.io.ForwardingOs.open(ForwardingOs.java:167)
12-02 18:51:40.208 28567 28612 W DefaultFailureHandler: 	at android.app.ActivityThread$AndroidOs.open(ActivityThread.java:7255)
12-02 18:51:40.208 28567 28612 W DefaultFailureHandler: 	at libcore.io.IoBridge.open(IoBridge.java:482)
12-02 18:51:40.208 28567 28612 W DefaultFailureHandler: 	... 52 more
12-02 18:51:40.300  2010 20213 W InputReader: Device has associated, but no associated display id.
12-02 18:51:40.300  2010 20213 I chatty  : uid=1000(system) Binder:2010_20 identical 8 lines
12-02 18:51:40.300  2010 20213 W InputReader: Device has associated, but no associated display id.
12-02 18:51:40.321 28567 28567 D LifecycleMonitor: Lifecycle status change: ru.iteco.fmhandroid.ui.AppActivity@82582c4 in: PAUSED
12-02 18:51:40.325  2010  2346 W InputReader: Device has associated, but no associated display id.
12-02 18:51:40.330  2010  2346 I chatty  : uid=1000(system) Binder:2010_7 identical 28 lines
12-02 18:51:40.330  2010  2346 W InputReader: Device has associated, but no associated display id.
12-02 18:51:40.331 28567 28607 V FA      : Recording user engagement, ms: 21833
--------- beginning of system
12-02 18:51:40.369  2010  2346 D ConnectivityService: requestNetwork for uid/pid:10127/543 NetworkRequest [ TRACK_DEFAULT id=211, [ Capabilities: INTERNET&NOT_RESTRICTED&TRUSTED Uid: 10127] ]
12-02 18:51:40.369  2010  2126 D UntrustedWifiNetworkFactory: got request NetworkRequest [ TRACK_DEFAULT id=211, [ Capabilities: INTERNET&NOT_RESTRICTED&TRUSTED Uid: 10127] ] with score 50 and serial 2
12-02 18:51:40.370  2010  2126 D WifiNetworkFactory: got request NetworkRequest [ TRACK_DEFAULT id=211, [ Capabilities: INTERNET&NOT_RESTRICTED&TRUSTED Uid: 10127] ] with score 50 and serial 2
12-02 18:51:40.372  2352  2352 D PhoneSwitcherNetworkRequstListener: got request NetworkRequest [ TRACK_DEFAULT id=211, [ Capabilities: INTERNET&NOT_RESTRICTED&TRUSTED Uid: 10127] ] with score 50 and serial 2
12-02 18:51:40.425  1772  1873 D gralloc_ranchu: gralloc_alloc: Creating ashmem region of size 14749696
12-02 18:51:40.437   543   578 D EGL_emulation: eglMakeCurrent: 0xeec7f2e0: ver 2 0 (tinfo 0xe39facd0)
12-02 18:51:40.461 28567 28607 V FA      : Connecting to remote service
12-02 18:51:40.466  1772  1873 D gralloc_ranchu: gralloc_alloc: Creating ashmem region of size 14749696
12-02 18:51:40.486 28567 28607 V FA      : Connection attempt already in progress
12-02 18:51:40.486 28567 28607 V FA      : Activity paused, time: 88736728
12-02 18:51:40.494 28567 28607 D FA      : Connected to remote service
12-02 18:51:40.496 28567 28607 V FA      : Processing queued up service tasks: 2
12-02 18:51:40.498   642   672 D EGL_emulation: eglCreateContext: 0xdb91b4a0: maj 2 min 0 rcv 2
12-02 18:51:40.499   642   672 D EGL_emulation: eglMakeCurrent: 0xdb91b4a0: ver 2 0 (tinfo 0xeec89de0)
12-02 18:51:40.558  2881 28615 V FA-SVC  : Logging event: origin=auto,name=user_engagement(_e),params=Bundle[{ga_event_origin(_o)=auto, engagement_time_msec(_et)=21833, ga_screen_class(_sc)=AppActivity, ga_screen_id(_si)=7972326853347590804}]
12-02 18:51:40.564   642   672 E chromium: [ERROR:gl_surface_egl.cc(342)] eglChooseConfig failed with error EGL_SUCCESS
12-02 18:51:40.568  1772  1873 D gralloc_ranchu: gralloc_alloc: Creating ashmem region of size 13778944
12-02 18:51:40.607   642   672 D EGL_emulation: eglCreateContext: 0xeec7e860: maj 2 min 0 rcv 2
12-02 18:51:40.615   642   672 D EGL_emulation: eglMakeCurrent: 0xeec7e860: ver 2 0 (tinfo 0xeec89de0)
12-02 18:51:40.629  1772  1873 D gralloc_ranchu: gralloc_alloc: Creating ashmem region of size 14749696
12-02 18:51:40.646  1772  1873 D gralloc_ranchu: gralloc_alloc: Creating ashmem region of size 14749696
12-02 18:51:40.671  2881 28615 V FA-SVC  : Upload scheduled in approximately ms: 1621641
12-02 18:51:40.671  2881 28615 V FA-SVC  : Unscheduling upload
12-02 18:51:40.698  2881 28615 V FA-SVC  : Scheduling upload, millis: 1621641
12-02 18:51:40.700   642   672 D EGL_emulation: eglMakeCurrent: 0xeec7fbe0: ver 2 0 (tinfo 0xeec89de0)
12-02 18:51:40.726   642   672 D EGL_emulation: eglMakeCurrent: 0xeec7e860: ver 2 0 (tinfo 0xeec89de0)
12-02 18:51:40.765  2881 28615 V FA-SVC  : Background event processing time, ms: 207
12-02 18:51:40.788 28567 28580 I teco.fmhandroi: Background concurrent copying GC freed 31361(2258KB) AllocSpace objects, 6(7004KB) LOS objects, 36% free, 10MB/16MB, paused 769us total 135.026ms
12-02 18:51:40.811  2584 27520 E SQLiteDatabase: Error inserting flex_time=1621000 job_id=-1 period=3244000 source=16 requires_charging=0 preferred_network_type=1 target_class=com.google.android.gms.measurement.PackageMeasurementTaskService user_id=0 target_package=com.google.android.gms tag=Measurement.PackageMeasurementTaskService.UPLOAD_TASK_TAG task_type=0 required_idleness_state=0 service_kind=0 source_version=202414000 persistence_level=1 preferred_charging_state=1 required_network_type=0 runtime=1669996300804 retry_strategy={"maximum_backoff_seconds":{"3600":0},"initial_backoff_seconds":{"30":0},"retry_policy":{"0":0}} last_runtime=0
12-02 18:51:40.811  2584 27520 E SQLiteDatabase: android.database.sqlite.SQLiteConstraintException: UNIQUE constraint failed: pending_ops.tag, pending_ops.target_class, pending_ops.target_package, pending_ops.user_id (code 2067 SQLITE_CONSTRAINT_UNIQUE)
12-02 18:51:40.811  2584 27520 E SQLiteDatabase: 	at android.database.sqlite.SQLiteConnection.nativeExecuteForLastInsertedRowId(Native Method)
12-02 18:51:40.811  2584 27520 E SQLiteDatabase: 	at android.database.sqlite.SQLiteConnection.executeForLastInsertedRowId(SQLiteConnection.java:879)
12-02 18:51:40.811  2584 27520 E SQLiteDatabase: 	at android.database.sqlite.SQLiteSession.executeForLastInsertedRowId(SQLiteSession.java:790)
12-02 18:51:40.811  2584 27520 E SQLiteDatabase: 	at android.database.sqlite.SQLiteStatement.executeInsert(SQLiteStatement.java:88)
12-02 18:51:40.811  2584 27520 E SQLiteDatabase: 	at android.database.sqlite.SQLiteDatabase.insertWithOnConflict(SQLiteDatabase.java:1599)
12-02 18:51:40.811  2584 27520 E SQLiteDatabase: 	at android.database.sqlite.SQLiteDatabase.insert(SQLiteDatabase.java:1468)
12-02 18:51:40.811  2584 27520 E SQLiteDatabase: 	at aqui.a(:com.google.android.gms@202414022@20.24.14 (040700-319035315):175)
12-02 18:51:40.811  2584 27520 E SQLiteDatabase: 	at aqtk.a(:com.google.android.gms@202414022@20.24.14 (040700-319035315):182)
12-02 18:51:40.811  2584 27520 E SQLiteDatabase: 	at aqtk.a(:com.google.android.gms@202414022@20.24.14 (040700-319035315):23)
12-02 18:51:40.811  2584 27520 E SQLiteDatabase: 	at aqtk.a(:com.google.android.gms@202414022@20.24.14 (040700-319035315):177)
12-02 18:51:40.811  2584 27520 E SQLiteDatabase: 	at aqpu.run(:com.google.android.gms@202414022@20.24.14 (040700-319035315):9)
12-02 18:51:40.811  2584 27520 E SQLiteDatabase: 	at soy.b(:com.google.android.gms@202414022@20.24.14 (040700-319035315):12)
12-02 18:51:40.811  2584 27520 E SQLiteDatabase: 	at soy.run(:com.google.android.gms@202414022@20.24.14 (040700-319035315):7)
12-02 18:51:40.811  2584 27520 E SQLiteDatabase: 	at java.util.concurrent.ThreadPoolExecutor.runWorker(ThreadPoolExecutor.java:1167)
12-02 18:51:40.811  2584 27520 E SQLiteDatabase: 	at java.util.concurrent.ThreadPoolExecutor$Worker.run(ThreadPoolExecutor.java:641)
12-02 18:51:40.811  2584 27520 E SQLiteDatabase: 	at sux.run(:com.google.android.gms@202414022@20.24.14 (040700-319035315):0)
12-02 18:51:40.811  2584 27520 E SQLiteDatabase: 	at java.lang.Thread.run(Thread.java:919)
12-02 18:51:40.832  1772  1873 D gralloc_ranchu: gralloc_alloc: Creating ashmem region of size 13778944
12-02 18:51:40.837   642   672 D EGL_emulation: eglMakeCurrent: 0xeec7fbe0: ver 2 0 (tinfo 0xeec89de0)
12-02 18:51:40.848   642   672 D EGL_emulation: eglMakeCurrent: 0xeec7e860: ver 2 0 (tinfo 0xeec89de0)
12-02 18:51:40.850   642   672 D EGL_emulation: eglMakeCurrent: 0xeec7fbe0: ver 2 0 (tinfo 0xeec89de0)
12-02 18:51:40.857  2010  2037 W InputReader: Device has associated, but no associated display id.
12-02 18:51:40.870  2010  2037 I chatty  : uid=1000(system) android.anim identical 18 lines
12-02 18:51:40.870  2010  2037 W InputReader: Device has associated, but no associated display id.
12-02 18:51:40.876  1772  1873 D gralloc_ranchu: gralloc_alloc: Creating ashmem region of size 9441280
12-02 18:51:40.907  2169  2501 D EGL_emulation: eglMakeCurrent: 0xdb91a600: ver 2 0 (tinfo 0xdb90f8d0)
12-02 18:51:40.912 28567 28625 D EGL_emulation: eglMakeCurrent: 0xdb91b8c0: ver 2 0 (tinfo 0xc09d6ab0)
12-02 18:51:40.936 28567 28567 D AutofillManager: onActivityFinishing(): calling cancelLocked()
12-02 18:51:40.937 28567 28567 D LifecycleMonitor: Lifecycle status change: ru.iteco.fmhandroid.ui.AppActivity@82582c4 in: STOPPED
12-02 18:51:40.946  2169  2501 D EGL_emulation: eglMakeCurrent: 0xdb91a600: ver 2 0 (tinfo 0xdb90f8d0)
12-02 18:51:40.957 28567 28567 W System.err: ru.iteco.fmhandroid.exceptions.UnknownException
12-02 18:51:40.962 28567 28567 W System.err: 	at ru.iteco.fmhandroid.utils.Utils.makeRequest(Utils.kt:123)
12-02 18:51:40.962 28567 28567 W System.err: 	at ru.iteco.fmhandroid.utils.Utils$makeRequest$1.invokeSuspend(Unknown Source:15)
12-02 18:51:40.962 28567 28567 W System.err: 	at kotlin.coroutines.jvm.internal.BaseContinuationImpl.resumeWith(ContinuationImpl.kt:33)
12-02 18:51:40.962 28567 28567 W System.err: 	at kotlinx.coroutines.DispatchedTaskKt.resume(DispatchedTask.kt:234)
12-02 18:51:40.962 28567 28567 W System.err: 	at kotlinx.coroutines.DispatchedTaskKt.resumeUnconfined(DispatchedTask.kt:190)
12-02 18:51:40.962 28567 28567 W System.err: 	at kotlinx.coroutines.DispatchedTaskKt.dispatch(DispatchedTask.kt:161)
12-02 18:51:40.962 28567 28567 W System.err: 	at kotlinx.coroutines.CancellableContinuationImpl.dispatchResume(CancellableContinuationImpl.kt:397)
12-02 18:51:40.962 28567 28567 W System.err: 	at kotlinx.coroutines.CancellableContinuationImpl.cancel(CancellableContinuationImpl.kt:183)
12-02 18:51:40.962 28567 28567 W System.err: 	at kotlinx.coroutines.CancellableContinuationImpl.parentCancelled$kotlinx_coroutines_core(CancellableContinuationImpl.kt:190)
12-02 18:51:40.962 28567 28567 W System.err: 	at kotlinx.coroutines.ChildContinuation.invoke(JobSupport.kt:1474)
12-02 18:51:40.962 28567 28567 W System.err: 	at kotlinx.coroutines.JobSupport.notifyCancelling(JobSupport.kt:1499)
12-02 18:51:40.963 28567 28567 W System.err: 	at kotlinx.coroutines.JobSupport.tryMakeCancelling(JobSupport.kt:795)
12-02 18:51:40.964 28567 28567 W System.err: 	at kotlinx.coroutines.JobSupport.makeCancelling(JobSupport.kt:755)
12-02 18:51:40.964 28567 28567 W System.err: 	at kotlinx.coroutines.JobSupport.cancelImpl$kotlinx_coroutines_core(JobSupport.kt:671)
12-02 18:51:40.964 28567 28567 W System.err: 	at kotlinx.coroutines.JobSupport.parentCancelled(JobSupport.kt:637)
12-02 18:51:40.964 28567 28567 W System.err: 	at kotlinx.coroutines.ChildHandleNode.invoke(JobSupport.kt:1465)
12-02 18:51:40.964 28567 28567 W System.err: 	at kotlinx.coroutines.JobSupport.notifyCancelling(JobSupport.kt:1499)
12-02 18:51:40.965 28567 28567 W System.err: 	at kotlinx.coroutines.JobSupport.tryMakeCompletingSlowPath(JobSupport.kt:900)
12-02 18:51:40.965 28567 28567 W System.err: 	at kotlinx.coroutines.JobSupport.tryMakeCompleting(JobSupport.kt:863)
12-02 18:51:40.965 28567 28567 W System.err: 	at kotlinx.coroutines.JobSupport.cancelMakeCompleting(JobSupport.kt:696)
12-02 18:51:40.965 28567 28567 W System.err: 	at kotlinx.coroutines.JobSupport.cancelImpl$kotlinx_coroutines_core(JobSupport.kt:667)
12-02 18:51:40.965 28567 28567 W System.err: 	at kotlinx.coroutines.JobSupport.cancelInternal(JobSupport.kt:632)
12-02 18:51:40.965 28567 28567 W System.err: 	at kotlinx.coroutines.JobSupport.cancel(JobSupport.kt:617)
12-02 18:51:40.965  2448  2466 I s.nexuslaunche: NativeAlloc concurrent copying GC freed 112(48KB) AllocSpace objects, 0(0B) LOS objects, 49% free, 2733KB/5466KB, paused 8.386ms total 66.032ms
12-02 18:51:40.965 28567 28567 W System.err: 	at kotlinx.coroutines.JobKt__JobKt.cancel(Job.kt:561)
12-02 18:51:40.966 28567 28567 W System.err: 	at kotlinx.coroutines.JobKt.cancel(Unknown Source:1)
12-02 18:51:40.966 28567 28567 W System.err: 	at kotlinx.coroutines.JobKt__JobKt.cancel$default(Job.kt:560)
12-02 18:51:40.966 28567 28567 W System.err: 	at kotlinx.coroutines.JobKt.cancel$default(Unknown Source:1)
12-02 18:51:40.966 28567 28567 W System.err: 	at androidx.lifecycle.CloseableCoroutineScope.close(ViewModel.kt:51)
12-02 18:51:40.966 28567 28567 W System.err: 	at androidx.lifecycle.ViewModel.closeWithRuntimeException(ViewModel.java:188)
12-02 18:51:40.966 28567 28567 W System.err: 	at androidx.lifecycle.ViewModel.clear(ViewModel.java:134)
12-02 18:51:40.966 28567 28567 W System.err: 	at androidx.lifecycle.ViewModelStore.clear(ViewModelStore.java:62)
12-02 18:51:40.966 28567 28567 W System.err: 	at androidx.fragment.app.FragmentManagerViewModel.clearNonConfigStateInternal(FragmentManagerViewModel.java:210)
12-02 18:51:40.966 28567 28567 W System.err: 	at androidx.fragment.app.FragmentManagerViewModel.clearNonConfigState(FragmentManagerViewModel.java:190)
12-02 18:51:40.966 28567 28567 W System.err: 	at androidx.fragment.app.FragmentStateManager.destroy(FragmentStateManager.java:778)
12-02 18:51:40.966 28567 28567 W System.err: 	at androidx.fragment.app.FragmentStateManager.moveToExpectedState(FragmentStateManager.java:335)
12-02 18:51:40.966 28567 28567 W System.err: 	at androidx.fragment.app.FragmentStore.moveToExpectedState(FragmentStore.java:121)
12-02 18:51:40.966 28567 28567 W System.err: 	at androidx.fragment.app.FragmentManager.moveToState(FragmentManager.java:1374)
12-02 18:51:40.966 28567 28567 W System.err: 	at androidx.fragment.app.FragmentManager.dispatchStateChange(FragmentManager.java:2841)
12-02 18:51:40.966 28567 28567 W System.err: 	at androidx.fragment.app.FragmentManager.dispatchDestroy(FragmentManager.java:2820)
12-02 18:51:40.966 28567 28567 W System.err: 	at androidx.fragment.app.Fragment.performDestroy(Fragment.java:3246)
12-02 18:51:40.966 28567 28567 W System.err: 	at androidx.fragment.app.FragmentStateManager.destroy(FragmentStateManager.java:780)
12-02 18:51:40.966 28567 28567 W System.err: 	at androidx.fragment.app.FragmentStateManager.moveToExpectedState(FragmentStateManager.java:335)
12-02 18:51:40.966 28567 28567 W System.err: 	at androidx.fragment.app.SpecialEffectsController$FragmentStateManagerOperation.complete(SpecialEffectsController.java:771)
12-02 18:51:40.966 28567 28567 W System.err: 	at androidx.fragment.app.SpecialEffectsController$Operation.cancel(SpecialEffectsController.java:615)
12-02 18:51:40.966 28567 28567 W System.err: 	at androidx.fragment.app.SpecialEffectsController.forceCompleteAllOperations(SpecialEffectsController.java:350)
12-02 18:51:40.966 28567 28567 W System.err: 	at androidx.fragment.app.FragmentManager.dispatchStateChange(FragmentManager.java:2844)
12-02 18:51:40.966 28567 28567 W System.err: 	at androidx.fragment.app.FragmentManager.dispatchDestroy(FragmentManager.java:2820)
12-02 18:51:40.966 28567 28567 W System.err: 	at androidx.fragment.app.FragmentController.dispatchDestroy(FragmentController.java:345)
12-02 18:51:40.966 28567 28567 W System.err: 	at androidx.fragment.app.FragmentActivity.onDestroy(FragmentActivity.java:306)
12-02 18:51:40.966 28567 28567 W System.err: 	at androidx.appcompat.app.AppCompatActivity.onDestroy(AppCompatActivity.java:278)
12-02 18:51:40.966 28567 28567 W System.err: 	at android.app.Activity.performDestroy(Activity.java:8048)
12-02 18:51:40.966 28567 28567 W System.err: 	at android.app.Instrumentation.callActivityOnDestroy(Instrumentation.java:1334)
12-02 18:51:40.966 28567 28567 W System.err: 	at androidx.test.runner.MonitoringInstrumentation.callActivityOnDestroy(MonitoringInstrumentation.java:766)
12-02 18:51:40.966 28567 28567 W System.err: 	at android.app.ActivityThread.performDestroyActivity(ActivityThread.java:4926)
12-02 18:51:40.966 28567 28567 W System.err: 	at android.app.ActivityThread.handleDestroyActivity(ActivityThread.java:4970)
12-02 18:51:40.967 28567 28567 W System.err: 	at android.app.servertransaction.DestroyActivityItem.execute(DestroyActivityItem.java:44)
12-02 18:51:40.967 28567 28567 W System.err: 	at android.app.servertransaction.TransactionExecutor.executeLifecycleState(TransactionExecutor.java:176)
12-02 18:51:40.967 28567 28567 W System.err: 	at android.app.servertransaction.TransactionExecutor.execute(TransactionExecutor.java:97)
12-02 18:51:40.967 28567 28567 W System.err: 	at android.app.ActivityThread$H.handleMessage(ActivityThread.java:2016)
12-02 18:51:40.967 28567 28567 W System.err: 	at android.os.Handler.dispatchMessage(Handler.java:107)
12-02 18:51:40.967 28567 28567 W System.err: 	at android.os.Looper.loop(Looper.java:214)
12-02 18:51:40.967 28567 28567 W System.err: 	at android.app.ActivityThread.main(ActivityThread.java:7356)
12-02 18:51:40.967 28567 28567 W System.err: 	at java.lang.reflect.Method.invoke(Native Method)
12-02 18:51:40.967 28567 28567 W System.err: 	at com.android.internal.os.RuntimeInit$MethodAndArgsCaller.run(RuntimeInit.java:492)
12-02 18:51:40.967 28567 28567 W System.err: 	at com.android.internal.os.ZygoteInit.main(ZygoteInit.java:930)
12-02 18:51:40.971 28567 28567 W System.err: kotlinx.coroutines.JobCancellationException: Job was cancelled; job=SupervisorJobImpl{Cancelling}@e58f69a
12-02 18:51:40.981   642   672 D EGL_emulation: eglMakeCurrent: 0xeec7e860: ver 2 0 (tinfo 0xeec89de0)
12-02 18:51:40.996 28567 28567 W System.err: ru.iteco.fmhandroid.exceptions.UnknownException
12-02 18:51:40.996 28567 28567 W System.err: 	at ru.iteco.fmhandroid.utils.Utils.makeRequest(Utils.kt:123)
12-02 18:51:40.997 28567 28567 W System.err: 	at ru.iteco.fmhandroid.utils.Utils$makeRequest$1.invokeSuspend(Unknown Source:15)
12-02 18:51:40.997 28567 28567 W System.err: 	at kotlin.coroutines.jvm.internal.BaseContinuationImpl.resumeWith(ContinuationImpl.kt:33)
12-02 18:51:40.997 28567 28567 W System.err: 	at kotlinx.coroutines.DispatchedTaskKt.resume(DispatchedTask.kt:234)
12-02 18:51:40.997 28567 28567 W System.err: 	at kotlinx.coroutines.DispatchedTaskKt.resumeUnconfined(DispatchedTask.kt:190)
12-02 18:51:40.997 28567 28567 W System.err: 	at kotlinx.coroutines.DispatchedTaskKt.dispatch(DispatchedTask.kt:161)
12-02 18:51:40.997 28567 28567 W System.err: 	at kotlinx.coroutines.CancellableContinuationImpl.dispatchResume(CancellableContinuationImpl.kt:397)
12-02 18:51:40.997 28567 28567 W System.err: 	at kotlinx.coroutines.CancellableContinuationImpl.cancel(CancellableContinuationImpl.kt:183)
12-02 18:51:40.997 28567 28567 W System.err: 	at kotlinx.coroutines.CancellableContinuationImpl.parentCancelled$kotlinx_coroutines_core(CancellableContinuationImpl.kt:190)
12-02 18:51:40.997 28567 28567 W System.err: 	at kotlinx.coroutines.ChildContinuation.invoke(JobSupport.kt:1474)
12-02 18:51:40.997 28567 28567 W System.err: 	at kotlinx.coroutines.JobSupport.notifyCancelling(JobSupport.kt:1499)
12-02 18:51:40.997 28567 28567 W System.err: 	at kotlinx.coroutines.JobSupport.tryMakeCancelling(JobSupport.kt:795)
12-02 18:51:40.997 28567 28567 W System.err: 	at kotlinx.coroutines.JobSupport.makeCancelling(JobSupport.kt:755)
12-02 18:51:40.997 28567 28567 W System.err: 	at kotlinx.coroutines.JobSupport.cancelImpl$kotlinx_coroutines_core(JobSupport.kt:671)
12-02 18:51:40.997 28567 28567 W System.err: 	at kotlinx.coroutines.JobSupport.parentCancelled(JobSupport.kt:637)
12-02 18:51:40.997 28567 28567 W System.err: 	at kotlinx.coroutines.ChildHandleNode.invoke(JobSupport.kt:1465)
12-02 18:51:40.997 28567 28567 W System.err: 	at kotlinx.coroutines.JobSupport.notifyCancelling(JobSupport.kt:1499)
12-02 18:51:40.997 28567 28567 W System.err: 	at kotlinx.coroutines.JobSupport.tryMakeCompletingSlowPath(JobSupport.kt:900)
12-02 18:51:40.998 28567 28567 W System.err: 	at kotlinx.coroutines.JobSupport.tryMakeCompleting(JobSupport.kt:863)
12-02 18:51:40.998 28567 28567 W System.err: 	at kotlinx.coroutines.JobSupport.cancelMakeCompleting(JobSupport.kt:696)
12-02 18:51:40.998 28567 28567 W System.err: 	at kotlinx.coroutines.JobSupport.cancelImpl$kotlinx_coroutines_core(JobSupport.kt:667)
12-02 18:51:40.998 28567 28567 W System.err: 	at kotlinx.coroutines.JobSupport.cancelInternal(JobSupport.kt:632)
12-02 18:51:40.998 28567 28567 W System.err: 	at kotlinx.coroutines.JobSupport.cancel(JobSupport.kt:617)
12-02 18:51:40.998 28567 28567 W System.err: 	at kotlinx.coroutines.JobKt__JobKt.cancel(Job.kt:561)
12-02 18:51:40.998 28567 28567 W System.err: 	at kotlinx.coroutines.JobKt.cancel(Unknown Source:1)
12-02 18:51:40.998 28567 28567 W System.err: 	at kotlinx.coroutines.JobKt__JobKt.cancel$default(Job.kt:560)
12-02 18:51:40.998 28567 28567 W System.err: 	at kotlinx.coroutines.JobKt.cancel$default(Unknown Source:1)
12-02 18:51:40.998 28567 28567 W System.err: 	at androidx.lifecycle.CloseableCoroutineScope.close(ViewModel.kt:51)
12-02 18:51:40.998 28567 28567 W System.err: 	at androidx.lifecycle.ViewModel.closeWithRuntimeException(ViewModel.java:188)
12-02 18:51:40.998 28567 28567 W System.err: 	at androidx.lifecycle.ViewModel.clear(ViewModel.java:134)
12-02 18:51:40.998 28567 28567 W System.err: 	at androidx.lifecycle.ViewModelStore.clear(ViewModelStore.java:62)
12-02 18:51:40.998 28567 28567 W System.err: 	at androidx.fragment.app.FragmentManagerViewModel.clearNonConfigStateInternal(FragmentManagerViewModel.java:210)
12-02 18:51:40.998 28567 28567 W System.err: 	at androidx.fragment.app.FragmentManagerViewModel.clearNonConfigState(FragmentManagerViewModel.java:190)
12-02 18:51:40.998 28567 28567 W System.err: 	at androidx.fragment.app.FragmentStateManager.destroy(FragmentStateManager.java:778)
12-02 18:51:40.998 28567 28567 W System.err: 	at androidx.fragment.app.FragmentStateManager.moveToExpectedState(FragmentStateManager.java:335)
12-02 18:51:40.998 28567 28567 W System.err: 	at androidx.fragment.app.FragmentStore.moveToExpectedState(FragmentStore.java:121)
12-02 18:51:40.998 28567 28567 W System.err: 	at androidx.fragment.app.FragmentManager.moveToState(FragmentManager.java:1374)
12-02 18:51:40.998 28567 28567 W System.err: 	at androidx.fragment.app.FragmentManager.dispatchStateChange(FragmentManager.java:2841)
12-02 18:51:40.998 28567 28567 W System.err: 	at androidx.fragment.app.FragmentManager.dispatchDestroy(FragmentManager.java:2820)
12-02 18:51:40.998 28567 28567 W System.err: 	at androidx.fragment.app.Fragment.performDestroy(Fragment.java:3246)
12-02 18:51:40.998 28567 28567 W System.err: 	at androidx.fragment.app.FragmentStateManager.destroy(FragmentStateManager.java:780)
12-02 18:51:40.998 28567 28567 W System.err: 	at androidx.fragment.app.FragmentStateManager.moveToExpectedState(FragmentStateManager.java:335)
12-02 18:51:40.998 28567 28567 W System.err: 	at androidx.fragment.app.SpecialEffectsController$FragmentStateManagerOperation.complete(SpecialEffectsController.java:771)
12-02 18:51:40.998 28567 28567 W System.err: 	at androidx.fragment.app.SpecialEffectsController$Operation.cancel(SpecialEffectsController.java:615)
12-02 18:51:40.998 28567 28567 W System.err: 	at androidx.fragment.app.SpecialEffectsController.forceCompleteAllOperations(SpecialEffectsController.java:350)
12-02 18:51:40.998 28567 28567 W System.err: 	at androidx.fragment.app.FragmentManager.dispatchStateChange(FragmentManager.java:2844)
12-02 18:51:40.998 28567 28567 W System.err: 	at androidx.fragment.app.FragmentManager.dispatchDestroy(FragmentManager.java:2820)
12-02 18:51:40.998 28567 28567 W System.err: 	at androidx.fragment.app.FragmentController.dispatchDestroy(FragmentController.java:345)
12-02 18:51:40.998 28567 28567 W System.err: 	at androidx.fragment.app.FragmentActivity.onDestroy(FragmentActivity.java:306)
12-02 18:51:40.999 28567 28567 W System.err: 	at androidx.appcompat.app.AppCompatActivity.onDestroy(AppCompatActivity.java:278)
12-02 18:51:40.999 28567 28567 W System.err: 	at android.app.Activity.performDestroy(Activity.java:8048)
12-02 18:51:40.999 28567 28567 W System.err: 	at android.app.Instrumentation.callActivityOnDestroy(Instrumentation.java:1334)
12-02 18:51:40.999 28567 28567 W System.err: 	at androidx.test.runner.MonitoringInstrumentation.callActivityOnDestroy(MonitoringInstrumentation.java:766)
12-02 18:51:40.999 28567 28567 W System.err: 	at android.app.ActivityThread.performDestroyActivity(ActivityThread.java:4926)
12-02 18:51:40.999 28567 28567 W System.err: 	at android.app.ActivityThread.handleDestroyActivity(ActivityThread.java:4970)
12-02 18:51:40.999 28567 28567 W System.err: 	at android.app.servertransaction.DestroyActivityItem.execute(DestroyActivityItem.java:44)
12-02 18:51:40.999 28567 28567 W System.err: 	at android.app.servertransaction.TransactionExecutor.executeLifecycleState(TransactionExecutor.java:176)
12-02 18:51:40.999 28567 28567 W System.err: 	at android.app.servertransaction.TransactionExecutor.execute(TransactionExecutor.java:97)
12-02 18:51:40.999 28567 28567 W System.err: 	at android.app.ActivityThread$H.handleMessage(ActivityThread.java:2016)
12-02 18:51:40.999 28567 28567 W System.err: 	at android.os.Handler.dispatchMessage(Handler.java:107)
12-02 18:51:40.999 28567 28567 W System.err: 	at android.os.Looper.loop(Looper.java:214)
12-02 18:51:40.999 28567 28567 W System.err: 	at android.app.ActivityThread.main(ActivityThread.java:7356)
12-02 18:51:40.999 28567 28567 W System.err: 	at java.lang.reflect.Method.invoke(Native Method)
12-02 18:51:40.999 28567 28567 W System.err: 	at com.android.internal.os.RuntimeInit$MethodAndArgsCaller.run(RuntimeInit.java:492)
12-02 18:51:40.999 28567 28567 W System.err: 	at com.android.internal.os.ZygoteInit.main(ZygoteInit.java:930)
12-02 18:51:41.003  1772  1873 D gralloc_ranchu: gralloc_alloc: Creating ashmem region of size 13778944
12-02 18:51:41.026  2169  2187 I ndroid.systemu: NativeAlloc concurrent copying GC freed 3999(295KB) AllocSpace objects, 0(0B) LOS objects, 49% free, 5979KB/11MB, paused 2.561ms total 101.815ms
12-02 18:51:41.027 28567 28567 D LifecycleMonitor: Lifecycle status change: ru.iteco.fmhandroid.ui.AppActivity@82582c4 in: DESTROYED
12-02 18:51:41.136  1772  1873 D gralloc_ranchu: gralloc_alloc: Creating ashmem region of size 14749696
12-02 18:51:41.172  2010  2025 I system_server: NativeAlloc concurrent copying GC freed 23868(1151KB) AllocSpace objects, 6(248KB) LOS objects, 22% free, 20MB/26MB, paused 1.458ms total 133.058ms
12-02 18:51:41.420 28567 28612 E TestRunner: failed: shouldExitTheClaimCardByClickingTheButtonClose(ru.iteco.fmhandroid.ui.ClaimEditTest)
12-02 18:51:41.420 28567 28612 E TestRunner: ----- begin exception -----
12-02 18:51:41.421 28567 28612 E TestRunner: androidx.test.espresso.PerformException: Error performing 'scroll RecyclerView to: holder with view: (view is an instance of android.view.ViewGroup and has descendant matching an instance of android.widget.TextView and view.getText() with or without transformation to match: is "В работе f297d6a2-52fb-4690-81ee-4d75b7fe8d79")' on view 'view.getId() is <2131230916/ru.iteco.fmhandroid:id/claim_list_recycler_view>'.
12-02 18:51:41.421 28567 28612 E TestRunner: 	at androidx.test.espresso.PerformException$Builder.build(PerformException.java:1)
12-02 18:51:41.421 28567 28612 E TestRunner: 	at androidx.test.espresso.base.PerformExceptionHandler.handleSafely(PerformExceptionHandler.java:8)
12-02 18:51:41.421 28567 28612 E TestRunner: 	at androidx.test.espresso.base.PerformExceptionHandler.handleSafely(PerformExceptionHandler.java:9)
12-02 18:51:41.421 28567 28612 E TestRunner: 	at androidx.test.espresso.base.DefaultFailureHandler$TypedFailureHandler.handle(DefaultFailureHandler.java:4)
12-02 18:51:41.421 28567 28612 E TestRunner: 	at androidx.test.espresso.base.DefaultFailureHandler.handle(DefaultFailureHandler.java:5)
12-02 18:51:41.421 28567 28612 E TestRunner: 	at androidx.test.espresso.ViewInteraction.waitForAndHandleInteractionResults(ViewInteraction.java:8)
12-02 18:51:41.421 28567 28612 E TestRunner: 	at androidx.test.espresso.ViewInteraction.desugaredPerform(ViewInteraction.java:11)
12-02 18:51:41.421 28567 28612 E TestRunner: 	at androidx.test.espresso.ViewInteraction.perform(ViewInteraction.java:8)
12-02 18:51:41.421 28567 28612 E TestRunner: 	at ru.iteco.fmhandroid.ui.steps.ClaimsPageSteps.scrollToElementInRecyclerList(ClaimsPageSteps.java:128)
12-02 18:51:41.421 28567 28612 E TestRunner: 	at ru.iteco.fmhandroid.ui.steps.ClaimsPageSteps.openClaimCard(ClaimsPageSteps.java:151)
12-02 18:51:41.421 28567 28612 E TestRunner: 	at ru.iteco.fmhandroid.ui.ClaimEditTest.shouldExitTheClaimCardByClickingTheButtonClose(ClaimEditTest.java:164)
12-02 18:51:41.421 28567 28612 E TestRunner: 	at java.lang.reflect.Method.invoke(Native Method)
12-02 18:51:41.421 28567 28612 E TestRunner: 	at org.junit.runners.model.FrameworkMethod$1.runReflectiveCall(FrameworkMethod.java:59)
12-02 18:51:41.421 28567 28612 E TestRunner: 	at org.junit.internal.runners.model.ReflectiveCallable.run(ReflectiveCallable.java:12)
12-02 18:51:41.421 28567 28612 E TestRunner: 	at org.junit.runners.model.FrameworkMethod.invokeExplosively(FrameworkMethod.java:56)
12-02 18:51:41.421 28567 28612 E TestRunner: 	at org.junit.internal.runners.statements.InvokeMethod.evaluate(InvokeMethod.java:17)
12-02 18:51:41.421 28567 28612 E TestRunner: 	at androidx.test.internal.runner.junit4.statement.RunBefores.evaluate(RunBefores.java:80)
12-02 18:51:41.421 28567 28612 E TestRunner: 	at androidx.test.rule.ActivityTestRule$ActivityStatement.evaluate(ActivityTestRule.java:543)
12-02 18:51:41.421 28567 28612 E TestRunner: 	at io.qameta.allure.android.rules.LogcatRule$apply$1.evaluate(LogcatRule.kt:23)
12-02 18:51:41.421 28567 28612 E TestRunner: 	at io.qameta.allure.android.rules.ScreenshotRule$apply$1.evaluate(ScreenshotRule.kt:22)
12-02 18:51:41.421 28567 28612 E TestRunner: 	at io.qameta.allure.android.rules.ScreenshotRule$apply$1.evaluate(ScreenshotRule.kt:22)
12-02 18:51:41.421 28567 28612 E TestRunner: 	at org.junit.rules.RunRules.evaluate(RunRules.java:20)
12-02 18:51:41.421 28567 28612 E TestRunner: 	at org.junit.runners.ParentRunner$3.evaluate(ParentRunner.java:306)
12-02 18:51:41.421 28567 28612 E TestRunner: 	at org.junit.runners.BlockJUnit4ClassRunner$1.evaluate(BlockJUnit4ClassRunner.java:100)
12-02 18:51:41.421 28567 28612 E TestRunner: 	at org.junit.runners.ParentRunner.runLeaf(ParentRunner.java:366)
12-02 18:51:41.421 28567 28612 E TestRunner: 	at org.junit.runners.BlockJUnit4ClassRunner.runChild(BlockJUnit4ClassRunner.java:103)
12-02 18:51:41.421 28567 28612 E TestRunner: 	at org.junit.runners.BlockJUnit4ClassRunner.runChild(BlockJUnit4ClassRunner.java:63)
12-02 18:51:41.421 28567 28612 E TestRunner: 	at org.junit.runners.ParentRunner$4.run(ParentRunner.java:331)
12-02 18:51:41.421 28567 28612 E TestRunner: 	at org.junit.runners.ParentRunner$1.schedule(ParentRunner.java:79)
12-02 18:51:41.421 28567 28612 E TestRunner: 	at org.junit.runners.ParentRunner.runChildren(ParentRunner.java:329)
12-02 18:51:41.421 28567 28612 E TestRunner: 	at org.junit.runners.ParentRunner.access$100(ParentRunner.java:66)
12-02 18:51:41.421 28567 28612 E TestRunner: 	at org.junit.runners.ParentRunner$2.evaluate(ParentRunner.java:293)
12-02 18:51:41.421 28567 28612 E TestRunner: 	at org.junit.runners.ParentRunner$3.evaluate(ParentRunner.java:306)
12-02 18:51:41.421 28567 28612 E TestRunner: 	at org.junit.runners.ParentRunner.run(ParentRunner.java:413)
12-02 18:51:41.421 28567 28612 E TestRunner: 	at androidx.test.ext.junit.runners.AndroidJUnit4.run(AndroidJUnit4.java:162)
12-02 18:51:41.421 28567 28612 E TestRunner: 	at io.qameta.allure.android.runners.AllureAndroidJUnit4.run(AllureAndroidJUnitRunners.kt:29)
12-02 18:51:41.421 28567 28612 E TestRunner: 	at org.junit.runners.Suite.runChild(Suite.java:128)
12-02 18:51:41.421 28567 28612 E TestRunner: 	at org.junit.runners.Suite.runChild(Suite.java:27)
12-02 18:51:41.421 28567 28612 E TestRunner: 	at org.junit.runners.ParentRunner$4.run(ParentRunner.java:331)
12-02 18:51:41.421 28567 28612 E TestRunner: 	at org.junit.runners.ParentRunner$1.schedule(ParentRunner.java:79)
12-02 18:51:41.421 28567 28612 E TestRunner: 	at org.junit.runners.ParentRunner.runChildren(ParentRunner.java:329)
12-02 18:51:41.421 28567 28612 E TestRunner: 	at org.junit.runners.ParentRunner.access$100(ParentRunner.java:66)
12-02 18:51:41.421 28567 28612 E TestRunner: 	at org.junit.runners.ParentRunner$2.evaluate(ParentRunner.java:293)
12-02 18:51:41.421 28567 28612 E TestRunner: 	at org.junit.runners.ParentRunner$3.evaluate(ParentRunner.java:306)
12-02 18:51:41.421 28567 28612 E TestRunner: 	at org.junit.runners.ParentRunner.run(ParentRunner.java:413)
12-02 18:51:41.421 28567 28612 E TestRunner: 	at org.junit.runner.JUnitCore.run(JUnitCore.java:137)
12-02 18:51:41.421 28567 28612 E TestRunner: 	at org
12-02 18:51:41.421 28567 28612 E TestRunner: ----- end exception -----
12-02 18:51:41.425 28567 28612 I TestRunner: finished: shouldExitTheClaimCardByClickingTheButtonClose(ru.iteco.fmhandroid.ui.ClaimEditTest)
12-02 18:51:41.586 28567 28612 I TestRunner: started: shouldChangeTheStatusOfTheClaimToCanceled(ru.iteco.fmhandroid.ui.ClaimEditTest)
12-02 18:51:41.618 28567 28612 W ActivityTestRule: getActivityIntent() returned null using default: Intent(Intent.ACTION_MAIN)
12-02 18:51:41.624  2010  9089 I ActivityTaskManager: START u0 {act=android.intent.action.MAIN flg=0x10000000 cmp=ru.iteco.fmhandroid/.ui.AppActivity} from uid 10159
12-02 18:51:41.669  2010  2037 E system_server: Invalid ID 0x00000000.
12-02 18:51:41.670  2010  2132 D ConnectivityService: releasing NetworkRequest [ TRACK_DEFAULT id=211, [ Capabilities: INTERNET&NOT_RESTRICTED&TRUSTED Uid: 10127] ] (release request)
12-02 18:51:41.677  2010  5522 W InputReader: Device has associated, but no associated display id.
12-02 18:51:41.683  2010  5522 I chatty  : uid=1000(system) Binder:2010_14 identical 39 lines
12-02 18:51:41.688  2010  5522 W InputReader: Device has associated, but no associated display id.
12-02 18:51:41.688 28567 28567 W ActivityThread: handleWindowVisibility: no activity for token android.os.BinderProxy@10af484
12-02 18:51:41.694  2010  5522 W InputReader: Device has associated, but no associated display id.
12-02 18:51:41.695  2010  5522 I chatty  : uid=1000(system) Binder:2010_14 identical 7 lines
12-02 18:51:41.695  2010  5522 W InputReader: Device has associated, but no associated display id.
