12-06 13:32:12.935 13341 13385 W DefaultFailureHandler: 	at androidx.test.internal.runner.TestExecutor.execute(TestExecutor.java:58)
12-06 13:32:12.935 13341 13385 W DefaultFailureHandler: 	at androidx.test.runner.AndroidJUnitRunner.onStart(AndroidJUnitRunner.java:438)
12-06 13:32:12.935 13341 13385 W DefaultFailureHandler: 	at android.app.Instrumentation$InstrumentationThread.run(Instrumentation.java:2189)
12-06 13:32:12.935 13341 13385 W DefaultFailureHandler: Caused by: android.system.ErrnoException: open failed: EROFS (Read-only file system)
12-06 13:32:12.935 13341 13385 W DefaultFailureHandler: 	at libcore.io.Linux.open(Native Method)
12-06 13:32:12.935 13341 13385 W DefaultFailureHandler: 	at libcore.io.ForwardingOs.open(ForwardingOs.java:167)
12-06 13:32:12.935 13341 13385 W DefaultFailureHandler: 	at libcore.io.BlockGuardOs.open(BlockGuardOs.java:252)
12-06 13:32:12.935 13341 13385 W DefaultFailureHandler: 	at libcore.io.ForwardingOs.open(ForwardingOs.java:167)
12-06 13:32:12.935 13341 13385 W DefaultFailureHandler: 	at android.app.ActivityThread$AndroidOs.open(ActivityThread.java:7255)
12-06 13:32:12.935 13341 13385 W DefaultFailureHandler: 	at libcore.io.IoBridge.open(IoBridge.java:482)
12-06 13:32:12.935 13341 13385 W DefaultFailureHandler: 	... 50 more
12-06 13:32:12.939 13341 13385 W teco.fmhandroi: Accessing hidden method Lsun/misc/Unsafe;->compareAndSwapObject(Ljava/lang/Object;JLjava/lang/Object;Ljava/lang/Object;)Z (greylist, linking, allowed)
12-06 13:32:12.943 13341 13341 I ViewInteraction: Performing 'wait for a specific view with <view.getId() is <2131230870>> during 10000 millis.' action on view view.getRootView() to equal view
12-06 13:32:12.943 13341 13455 W teco.fmhandroi: Accessing hidden method Lsun/misc/Unsafe;->compareAndSwapObject(Ljava/lang/Object;JLjava/lang/Object;Ljava/lang/Object;)Z (greylist, linking, allowed)
12-06 13:32:12.948 13341 13385 W teco.fmhandroi: Accessing hidden method Lsun/misc/Unsafe;->compareAndSwapObject(Ljava/lang/Object;JLjava/lang/Object;Ljava/lang/Object;)Z (greylist, linking, allowed)
12-06 13:32:12.952 13341 13341 I ViewInteraction: Checking 'MatchesViewAssertion{viewMatcher=(view has effective visibility <VISIBLE> and view.getGlobalVisibleRect() to return non-empty rectangle)}' assertion on view view.getId() is <2131230870/ru.iteco.fmhandroid:id/authorization_image_button>
12-06 13:32:12.960 13341 13385 W teco.fmhandroi: Accessing hidden method Landroid/view/ViewConfiguration;->getDoubleTapMinTime()I (greylist, reflection, allowed)
12-06 13:32:12.964 13341 13385 W teco.fmhandroi: Accessing hidden method Lsun/misc/Unsafe;->compareAndSwapObject(Ljava/lang/Object;JLjava/lang/Object;Ljava/lang/Object;)Z (greylist, linking, allowed)
12-06 13:32:12.968 13341 13341 I ViewInteraction: Performing 'single click' action on view view.getId() is <2131230870/ru.iteco.fmhandroid:id/authorization_image_button>
12-06 13:32:13.069  1764  6994 W audio_hw_generic: Not supplying enough data to HAL, expected position 14719842 , only wrote 14719809
12-06 13:32:13.135  1776  1825 D gralloc_ranchu: gralloc_alloc: Creating ashmem region of size 884736
12-06 13:32:13.141  1776  1825 I chatty  : uid=1000(system) HwBinder:1776_1 identical 1 line
12-06 13:32:13.144  1776  1825 D gralloc_ranchu: gralloc_alloc: Creating ashmem region of size 884736
12-06 13:32:13.160 13341 13432 D EGL_emulation: eglMakeCurrent: 0xf0c7ec80: ver 2 0 (tinfo 0xf0c892a0)
12-06 13:32:13.227 13341 13432 I chatty  : uid=10146(ru.iteco.fmhandroid) RenderThread identical 3 lines
12-06 13:32:13.241 13341 13432 D EGL_emulation: eglMakeCurrent: 0xf0c7ec80: ver 2 0 (tinfo 0xf0c892a0)
12-06 13:32:13.460 13341 13385 W teco.fmhandroi: Accessing hidden method Lsun/misc/Unsafe;->compareAndSwapObject(Ljava/lang/Object;JLjava/lang/Object;Ljava/lang/Object;)Z (greylist, linking, allowed)
12-06 13:32:13.465 13341 13341 I ViewInteraction: Performing 'wait for a specific view with <an instance of android.widget.TextView and view.getText() with or without transformation to match: is "Log out"> during 10000 millis.' action on view view.getRootView() to equal view
12-06 13:32:13.468 13341 13341 I ViewInteraction: Checking 'MatchesViewAssertion{viewMatcher=(view has effective visibility <VISIBLE> and view.getGlobalVisibleRect() to return non-empty rectangle)}' assertion on view an instance of android.widget.TextView and view.getText() with or without transformation to match: is "Log out"
12-06 13:32:13.471 13341 13341 I ViewInteraction: Performing 'single click' action on view an instance of android.widget.TextView and view.getText() with or without transformation to match: is "Log out"
12-06 13:32:13.883 13341 13432 D EGL_emulation: eglMakeCurrent: 0xf0c7ec80: ver 2 0 (tinfo 0xf0c892a0)
12-06 13:32:13.950 13341 13432 D EGL_emulation: eglMakeCurrent: 0xf0c7ec80: ver 2 0 (tinfo 0xf0c892a0)
12-06 13:32:14.046 13341 13455 W teco.fmhandroi: Accessing hidden method Lsun/misc/Unsafe;->compareAndSwapObject(Ljava/lang/Object;JLjava/lang/Object;Ljava/lang/Object;)Z (greylist, linking, allowed)
12-06 13:32:14.048 13341 13341 I ViewInteraction: Performing 'wait for a specific view with <(an instance of android.widget.TextView and view.getText() with or without transformation to match: is "Authorization" and view.getParent() view.getParent() view.getId() is <2131231186>)> during 10000 millis.' action on view view.getRootView() to equal view
12-06 13:32:14.049 13341 13385 W teco.fmhandroi: Accessing hidden method Lsun/misc/Unsafe;->compareAndSwapObject(Ljava/lang/Object;JLjava/lang/Object;Ljava/lang/Object;)Z (greylist, linking, allowed)
12-06 13:32:14.052 13341 13341 I ViewInteraction: Checking 'MatchesViewAssertion{viewMatcher=(view has effective visibility <VISIBLE> and view.getGlobalVisibleRect() to return non-empty rectangle)}' assertion on view (an instance of android.widget.TextView and view.getText() with or without transformation to match: is "Authorization" and view.getParent() view.getParent() view.getId() is <2131231186/ru.iteco.fmhandroid:id/nav_host_fragment>)
12-06 13:32:14.053 13341 13385 W teco.fmhandroi: Accessing hidden method Lsun/misc/Unsafe;->compareAndSwapObject(Ljava/lang/Object;JLjava/lang/Object;Ljava/lang/Object;)Z (greylist, linking, allowed)
12-06 13:32:14.055 13341 13341 I ViewInteraction: Performing 'wait for a specific view with <(an instance of android.widget.TextView and view.getHint() matching: is "Login" and view.getParent() view.getParent() view.getId() is <2131231121>)> during 10000 millis.' action on view view.getRootView() to equal view
12-06 13:32:14.058 13341 13385 W teco.fmhandroi: Accessing hidden method Lsun/misc/Unsafe;->compareAndSwapObject(Ljava/lang/Object;JLjava/lang/Object;Ljava/lang/Object;)Z (greylist, linking, allowed)
12-06 13:32:14.061 13341 13341 I ViewInteraction: Checking 'MatchesViewAssertion{viewMatcher=(view has effective visibility <VISIBLE> and view.getGlobalVisibleRect() to return non-empty rectangle)}' assertion on view (an instance of android.widget.TextView and view.getHint() matching: is "Login" and view.getParent() view.getParent() view.getId() is <2131231121/ru.iteco.fmhandroid:id/login_text_input_layout>)
12-06 13:32:14.062 13341 13385 W teco.fmhandroi: Accessing hidden method Lsun/misc/Unsafe;->compareAndSwapObject(Ljava/lang/Object;JLjava/lang/Object;Ljava/lang/Object;)Z (greylist, linking, allowed)
12-06 13:32:14.062 13341 13455 W teco.fmhandroi: Accessing hidden method Lsun/misc/Unsafe;->compareAndSwapObject(Ljava/lang/Object;JLjava/lang/Object;Ljava/lang/Object;)Z (greylist, linking, allowed)
12-06 13:32:14.064 13341 13341 I ViewInteraction: Performing 'wait for a specific view with <(an instance of android.widget.TextView and view.getHint() matching: is "Password" and view.getParent() view.getParent() view.getId() is <2131231264>)> during 10000 millis.' action on view view.getRootView() to equal view
12-06 13:32:14.066 13341 13385 W teco.fmhandroi: Accessing hidden method Lsun/misc/Unsafe;->compareAndSwapObject(Ljava/lang/Object;JLjava/lang/Object;Ljava/lang/Object;)Z (greylist, linking, allowed)
12-06 13:32:14.067 13341 13341 I ViewInteraction: Checking 'MatchesViewAssertion{viewMatcher=(view has effective visibility <VISIBLE> and view.getGlobalVisibleRect() to return non-empty rectangle)}' assertion on view (an instance of android.widget.TextView and view.getHint() matching: is "Password" and view.getParent() view.getParent() view.getId() is <2131231264/ru.iteco.fmhandroid:id/password_text_input_layout>)
12-06 13:32:14.069 13341 13385 W teco.fmhandroi: Accessing hidden method Lsun/misc/Unsafe;->compareAndSwapObject(Ljava/lang/Object;JLjava/lang/Object;Ljava/lang/Object;)Z (greylist, linking, allowed)
12-06 13:32:14.069 13341 13455 W teco.fmhandroi: Accessing hidden method Lsun/misc/Unsafe;->compareAndSwapObject(Ljava/lang/Object;JLjava/lang/Object;Ljava/lang/Object;)Z (greylist, linking, allowed)
12-06 13:32:14.071 13341 13341 I ViewInteraction: Performing 'wait for a specific view with <(view.getId() is <2131231039> and an instance of android.widget.TextView and view.getText() with or without transformation to match: is "SIGN IN" and view.getContentDescription() is "Save" and view.getParent() view.getParent() an instance of android.widget.RelativeLayout)> during 10000 millis.' action on view view.getRootView() to equal view
12-06 13:32:14.073 13341 13385 W teco.fmhandroi: Accessing hidden method Lsun/misc/Unsafe;->compareAndSwapObject(Ljava/lang/Object;JLjava/lang/Object;Ljava/lang/Object;)Z (greylist, linking, allowed)
12-06 13:32:14.077 13341 13341 I ViewInteraction: Checking 'MatchesViewAssertion{viewMatcher=(view has effective visibility <VISIBLE> and view.getGlobalVisibleRect() to return non-empty rectangle)}' assertion on view (view.getId() is <2131231039/ru.iteco.fmhandroid:id/enter_button> and an instance of android.widget.TextView and view.getText() with or without transformation to match: is "SIGN IN" and view.getContentDescription() is "Save" and view.getParent() view.getParent() an instance of android.widget.RelativeLayout)
12-06 13:32:14.078 13341 13385 W teco.fmhandroi: Accessing hidden method Lsun/misc/Unsafe;->compareAndSwapObject(Ljava/lang/Object;JLjava/lang/Object;Ljava/lang/Object;)Z (greylist, linking, allowed)
12-06 13:32:14.080 13341 13341 I ViewInteraction: Performing 'wait for a specific view with <(an instance of android.widget.TextView and view.getText() with or without transformation to match: is "Authorization" and view.getParent() view.getParent() view.getId() is <2131231186>)> during 10000 millis.' action on view view.getRootView() to equal view
12-06 13:32:14.082 13341 13385 W teco.fmhandroi: Accessing hidden method Lsun/misc/Unsafe;->compareAndSwapObject(Ljava/lang/Object;JLjava/lang/Object;Ljava/lang/Object;)Z (greylist, linking, allowed)
12-06 13:32:14.085 13341 13341 I ViewInteraction: Checking 'MatchesViewAssertion{viewMatcher=(view has effective visibility <VISIBLE> and view.getGlobalVisibleRect() to return non-empty rectangle)}' assertion on view (an instance of android.widget.TextView and view.getText() with or without transformation to match: is "Authorization" and view.getParent() view.getParent() view.getId() is <2131231186/ru.iteco.fmhandroid:id/nav_host_fragment>)
12-06 13:32:14.086 13341 13385 W teco.fmhandroi: Accessing hidden method Lsun/misc/Unsafe;->compareAndSwapObject(Ljava/lang/Object;JLjava/lang/Object;Ljava/lang/Object;)Z (greylist, linking, allowed)
12-06 13:32:14.089 13341 13341 I ViewInteraction: Performing 'wait for a specific view with <(an instance of android.widget.TextView and view.getHint() matching: is "Login" and view.getParent() view.getParent() view.getId() is <2131231121/ru.iteco.fmhandroid:id/login_text_input_layout>)> during 10000 millis.' action on view view.getRootView() to equal view
12-06 13:32:14.094 13341 13385 W teco.fmhandroi: Accessing hidden method Lsun/misc/Unsafe;->compareAndSwapObject(Ljava/lang/Object;JLjava/lang/Object;Ljava/lang/Object;)Z (greylist, linking, allowed)
12-06 13:32:14.095 13341 13341 I ViewInteraction: Checking 'MatchesViewAssertion{viewMatcher=(view has effective visibility <VISIBLE> and view.getGlobalVisibleRect() to return non-empty rectangle)}' assertion on view (an instance of android.widget.TextView and view.getHint() matching: is "Login" and view.getParent() view.getParent() view.getId() is <2131231121/ru.iteco.fmhandroid:id/login_text_input_layout>)
12-06 13:32:14.096 13341 13385 W teco.fmhandroi: Accessing hidden method Lsun/misc/Unsafe;->compareAndSwapObject(Ljava/lang/Object;JLjava/lang/Object;Ljava/lang/Object;)Z (greylist, linking, allowed)
12-06 13:32:14.098 13341 13341 I ViewInteraction: Performing 'wait for a specific view with <(an instance of android.widget.TextView and view.getHint() matching: is "Password" and view.getParent() view.getParent() view.getId() is <2131231264/ru.iteco.fmhandroid:id/password_text_input_layout>)> during 10000 millis.' action on view view.getRootView() to equal view
12-06 13:32:14.100 13341 13385 W teco.fmhandroi: Accessing hidden method Lsun/misc/Unsafe;->compareAndSwapObject(Ljava/lang/Object;JLjava/lang/Object;Ljava/lang/Object;)Z (greylist, linking, allowed)
12-06 13:32:14.100 13341 13455 W teco.fmhandroi: Accessing hidden method Lsun/misc/Unsafe;->compareAndSwapObject(Ljava/lang/Object;JLjava/lang/Object;Ljava/lang/Object;)Z (greylist, linking, allowed)
12-06 13:32:14.103 13341 13341 I ViewInteraction: Checking 'MatchesViewAssertion{viewMatcher=(view has effective visibility <VISIBLE> and view.getGlobalVisibleRect() to return non-empty rectangle)}' assertion on view (an instance of android.widget.TextView and view.getHint() matching: is "Password" and view.getParent() view.getParent() view.getId() is <2131231264/ru.iteco.fmhandroid:id/password_text_input_layout>)
12-06 13:32:14.106 13341 13385 W teco.fmhandroi: Accessing hidden method Lsun/misc/Unsafe;->compareAndSwapObject(Ljava/lang/Object;JLjava/lang/Object;Ljava/lang/Object;)Z (greylist, linking, allowed)
12-06 13:32:14.106 13341 13455 W teco.fmhandroi: Accessing hidden method Lsun/misc/Unsafe;->compareAndSwapObject(Ljava/lang/Object;JLjava/lang/Object;Ljava/lang/Object;)Z (greylist, linking, allowed)
12-06 13:32:14.107 13341 13341 I ViewInteraction: Performing 'wait for a specific view with <(view.getId() is <2131231039/ru.iteco.fmhandroid:id/enter_button> and an instance of android.widget.TextView and view.getText() with or without transformation to match: is "SIGN IN" and view.getContentDescription() is "Save" and view.getParent() view.getParent() an instance of android.widget.RelativeLayout)> during 10000 millis.' action on view view.getRootView() to equal view
12-06 13:32:14.109 13341 13385 W teco.fmhandroi: Accessing hidden method Lsun/misc/Unsafe;->compareAndSwapObject(Ljava/lang/Object;JLjava/lang/Object;Ljava/lang/Object;)Z (greylist, linking, allowed)
12-06 13:32:14.112 13341 13341 I ViewInteraction: Checking 'MatchesViewAssertion{viewMatcher=(view has effective visibility <VISIBLE> and view.getGlobalVisibleRect() to return non-empty rectangle)}' assertion on view (view.getId() is <2131231039/ru.iteco.fmhandroid:id/enter_button> and an instance of android.widget.TextView and view.getText() with or without transformation to match: is "SIGN IN" and view.getContentDescription() is "Save" and view.getParent() view.getParent() an instance of android.widget.RelativeLayout)
12-06 13:32:14.113 13341 13385 W teco.fmhandroi: Accessing hidden method Lsun/misc/Unsafe;->compareAndSwapObject(Ljava/lang/Object;JLjava/lang/Object;Ljava/lang/Object;)Z (greylist, linking, allowed)
12-06 13:32:14.117 13341 13341 I ViewInteraction: Performing 'wait for a specific view with <(an instance of android.widget.TextView and view.getHint() matching: is "Login" and view.getParent() view.getParent() view.getId() is <2131231121/ru.iteco.fmhandroid:id/login_text_input_layout>)> during 10000 millis.' action on view view.getRootView() to equal view
12-06 13:32:14.121 13341 13385 W teco.fmhandroi: Accessing hidden method Lsun/misc/Unsafe;->compareAndSwapObject(Ljava/lang/Object;JLjava/lang/Object;Ljava/lang/Object;)Z (greylist, linking, allowed)
12-06 13:32:14.123 13341 13341 I ViewInteraction: Performing 'replace text(login2)' action on view (an instance of android.widget.TextView and view.getHint() matching: is "Login" and view.getParent() view.getParent() view.getId() is <2131231121/ru.iteco.fmhandroid:id/login_text_input_layout>)
12-06 13:32:14.140 13341 13385 W teco.fmhandroi: Accessing hidden method Lsun/misc/Unsafe;->compareAndSwapObject(Ljava/lang/Object;JLjava/lang/Object;Ljava/lang/Object;)Z (greylist, linking, allowed)
12-06 13:32:14.170 13341 13341 I ViewInteraction: Performing 'wait for a specific view with <(an instance of android.widget.TextView and view.getHint() matching: is "Password" and view.getParent() view.getParent() view.getId() is <2131231264/ru.iteco.fmhandroid:id/password_text_input_layout>)> during 10000 millis.' action on view view.getRootView() to equal view
12-06 13:32:14.173 13341 13385 W teco.fmhandroi: Accessing hidden method Lsun/misc/Unsafe;->compareAndSwapObject(Ljava/lang/Object;JLjava/lang/Object;Ljava/lang/Object;)Z (greylist, linking, allowed)
12-06 13:32:14.177 13341 13341 I ViewInteraction: Performing 'replace text(password2)' action on view (an instance of android.widget.TextView and view.getHint() matching: is "Password" and view.getParent() view.getParent() view.getId() is <2131231264/ru.iteco.fmhandroid:id/password_text_input_layout>)
12-06 13:32:14.187 13341 13385 W teco.fmhandroi: Accessing hidden method Lsun/misc/Unsafe;->compareAndSwapObject(Ljava/lang/Object;JLjava/lang/Object;Ljava/lang/Object;)Z (greylist, linking, allowed)
12-06 13:32:14.207 13341 13341 I ViewInteraction: Performing 'wait for a specific view with <(view.getId() is <2131231039/ru.iteco.fmhandroid:id/enter_button> and an instance of android.widget.TextView and view.getText() with or without transformation to match: is "SIGN IN" and view.getContentDescription() is "Save" and view.getParent() view.getParent() an instance of android.widget.RelativeLayout)> during 10000 millis.' action on view view.getRootView() to equal view
12-06 13:32:14.213 13341 13385 W teco.fmhandroi: Accessing hidden method Lsun/misc/Unsafe;->compareAndSwapObject(Ljava/lang/Object;JLjava/lang/Object;Ljava/lang/Object;)Z (greylist, linking, allowed)
12-06 13:32:14.221 13341 13341 I ViewInteraction: Checking 'MatchesViewAssertion{viewMatcher=view.isClickable() is <true>}' assertion on view (view.getId() is <2131231039/ru.iteco.fmhandroid:id/enter_button> and an instance of android.widget.TextView and view.getText() with or without transformation to match: is "SIGN IN" and view.getContentDescription() is "Save" and view.getParent() view.getParent() an instance of android.widget.RelativeLayout)
12-06 13:32:14.223 13341 13385 W teco.fmhandroi: Accessing hidden method Lsun/misc/Unsafe;->compareAndSwapObject(Ljava/lang/Object;JLjava/lang/Object;Ljava/lang/Object;)Z (greylist, linking, allowed)
12-06 13:32:14.230 13341 13341 I ViewInteraction: Performing 'wait for a specific view with <(view.getId() is <2131231039/ru.iteco.fmhandroid:id/enter_button> and an instance of android.widget.TextView and view.getText() with or without transformation to match: is "SIGN IN" and view.getContentDescription() is "Save" and view.getParent() view.getParent() an instance of android.widget.RelativeLayout)> during 10000 millis.' action on view view.getRootView() to equal view
12-06 13:32:14.232 13341 13385 W teco.fmhandroi: Accessing hidden method Lsun/misc/Unsafe;->compareAndSwapObject(Ljava/lang/Object;JLjava/lang/Object;Ljava/lang/Object;)Z (greylist, linking, allowed)
12-06 13:32:14.235 13341 13341 I ViewInteraction: Checking 'MatchesViewAssertion{viewMatcher=view.isClickable() is <true>}' assertion on view (view.getId() is <2131231039/ru.iteco.fmhandroid:id/enter_button> and an instance of android.widget.TextView and view.getText() with or without transformation to match: is "SIGN IN" and view.getContentDescription() is "Save" and view.getParent() view.getParent() an instance of android.widget.RelativeLayout)
12-06 13:32:14.236 13341 13385 W teco.fmhandroi: Accessing hidden method Lsun/misc/Unsafe;->compareAndSwapObject(Ljava/lang/Object;JLjava/lang/Object;Ljava/lang/Object;)Z (greylist, linking, allowed)
12-06 13:32:14.261 13341 13341 I ViewInteraction: Performing 'wait for a specific view with <(view.getId() is <2131231039/ru.iteco.fmhandroid:id/enter_button> and an instance of android.widget.TextView and view.getText() with or without transformation to match: is "SIGN IN" and view.getContentDescription() is "Save" and view.getParent() view.getParent() an instance of android.widget.RelativeLayout)> during 10000 millis.' action on view view.getRootView() to equal view
12-06 13:32:14.266 13341 13385 W teco.fmhandroi: Accessing hidden method Lsun/misc/Unsafe;->compareAndSwapObject(Ljava/lang/Object;JLjava/lang/Object;Ljava/lang/Object;)Z (greylist, linking, allowed)
12-06 13:32:14.266 13341 13455 W teco.fmhandroi: Accessing hidden method Lsun/misc/Unsafe;->compareAndSwapObject(Ljava/lang/Object;JLjava/lang/Object;Ljava/lang/Object;)Z (greylist, linking, allowed)
12-06 13:32:14.272 13341 13341 I ViewInteraction: Performing 'single click' action on view (view.getId() is <2131231039/ru.iteco.fmhandroid:id/enter_button> and an instance of android.widget.TextView and view.getText() with or without transformation to match: is "SIGN IN" and view.getContentDescription() is "Save" and view.getParent() view.getParent() an instance of android.widget.RelativeLayout)
12-06 13:32:14.350 13341 13459 I okhttp.OkHttpClient: --> POST http://www.981757-ca08998.tmweb.ru:8080/fmh/authentication/login
12-06 13:32:14.350 13341 13459 I okhttp.OkHttpClient: Content-Type: application/json; charset=UTF-8
12-06 13:32:14.350 13341 13459 I okhttp.OkHttpClient: Content-Length: 41
12-06 13:32:14.350 13341 13459 I okhttp.OkHttpClient: {"login":"login2","password":"password2"}
12-06 13:32:14.350 13341 13459 I okhttp.OkHttpClient: --> END POST (41-byte body)
12-06 13:32:14.355  1744 13460 E ResolverController: No valid NAT64 prefix (100, <unspecified>/0)
12-06 13:32:14.583 13341 13455 W teco.fmhandroi: Accessing hidden method Lsun/misc/Unsafe;->compareAndSwapObject(Ljava/lang/Object;JLjava/lang/Object;Ljava/lang/Object;)Z (greylist, linking, allowed)
12-06 13:32:14.584 13341 13385 W teco.fmhandroi: Accessing hidden method Lsun/misc/Unsafe;->compareAndSwapObject(Ljava/lang/Object;JLjava/lang/Object;Ljava/lang/Object;)Z (greylist, linking, allowed)
12-06 13:32:14.584 13341 13385 W teco.fmhandroi: Accessing hidden method Lsun/misc/Unsafe;->getObject(Ljava/lang/Object;J)Ljava/lang/Object; (greylist, linking, allowed)
12-06 13:32:14.586 13341 13341 I ViewInteraction: Performing 'wait for a specific view with <an instance of android.widget.TextView and view.getText() with or without transformation to match: is "News"> during 10000 millis.' action on view view.getRootView() to equal view
12-06 13:32:15.723 13341 13459 I okhttp.OkHttpClient: <-- 200 http://www.981757-ca08998.tmweb.ru:8080/fmh/authentication/login (1372ms)
12-06 13:32:15.723 13341 13459 I okhttp.OkHttpClient: Vary: Origin
12-06 13:32:15.723 13341 13459 I okhttp.OkHttpClient: Vary: Access-Control-Request-Method
12-06 13:32:15.723 13341 13459 I okhttp.OkHttpClient: Vary: Access-Control-Request-Headers
12-06 13:32:15.723 13341 13459 I okhttp.OkHttpClient: X-Content-Type-Options: nosniff
12-06 13:32:15.723 13341 13459 I okhttp.OkHttpClient: X-XSS-Protection: 1; mode=block
12-06 13:32:15.723 13341 13459 I okhttp.OkHttpClient: Cache-Control: no-cache, no-store, max-age=0, must-revalidate
12-06 13:32:15.723 13341 13459 I okhttp.OkHttpClient: Pragma: no-cache
12-06 13:32:15.723 13341 13459 I okhttp.OkHttpClient: Expires: 0
12-06 13:32:15.724 13341 13459 I okhttp.OkHttpClient: X-Frame-Options: DENY
12-06 13:32:15.724 13341 13459 I okhttp.OkHttpClient: Content-Type: application/json
12-06 13:32:15.724 13341 13459 I okhttp.OkHttpClient: Transfer-Encoding: chunked
12-06 13:32:15.724 13341 13459 I okhttp.OkHttpClient: Date: Tue, 06 Dec 2022 13:32:16 GMT
12-06 13:32:15.724 13341 13459 I okhttp.OkHttpClient: Keep-Alive: timeout=60
12-06 13:32:15.724 13341 13459 I okhttp.OkHttpClient: Connection: keep-alive
12-06 13:32:15.726 13341 13459 I okhttp.OkHttpClient: {"accessToken":"eyJhbGciOiJIUzUxMiJ9.eyJzdWIiOiJsb2dpbjIiLCJqdGkiOiIyIiwiZXhwIjoxNjcwNDE5OTM2fQ.tmBQPLN10Ijbk0Zwk1_f0etsuaGXEb8ycQXpF-6Zd3NxCBxC9UIISAmE66VtDaU8ZkGYUyiae7xm7SPhN0NnhQ","refreshToken":"eyJhbGciOiJIUzUxMiJ9.eyJzdWIiOiJsb2dpbjIiLCJqdGkiOiIyIiwiZXhwIjoxNjcyOTI1NTM2fQ.nXJYLNxasCbK7bw5J3bVKP0e7RQM0zZOxt8jOVPszERxGrIBL7WcYzrM3sF1frPh9eEnU_6rmS0MoIbVMu6AWw"}
12-06 13:32:15.726 13341 13459 I okhttp.OkHttpClient: <-- END HTTP (368-byte body)
12-06 13:32:15.729 13341 13441 I okhttp.OkHttpClient: --> GET http://www.981757-ca08998.tmweb.ru:8080/fmh/authentication/userInfo
12-06 13:32:15.730 13341 13441 I okhttp.OkHttpClient: --> END GET
12-06 13:32:15.889 13341 13441 I okhttp.OkHttpClient: <-- 200 http://www.981757-ca08998.tmweb.ru:8080/fmh/authentication/userInfo (159ms)
12-06 13:32:15.889 13341 13441 I okhttp.OkHttpClient: Vary: Origin
12-06 13:32:15.889 13341 13441 I okhttp.OkHttpClient: Vary: Access-Control-Request-Method
12-06 13:32:15.890 13341 13441 I okhttp.OkHttpClient: Vary: Access-Control-Request-Headers
12-06 13:32:15.890 13341 13441 I okhttp.OkHttpClient: X-Content-Type-Options: nosniff
12-06 13:32:15.890 13341 13441 I okhttp.OkHttpClient: X-XSS-Protection: 1; mode=block
12-06 13:32:15.890 13341 13441 I okhttp.OkHttpClient: Cache-Control: no-cache, no-store, max-age=0, must-revalidate
12-06 13:32:15.890 13341 13441 I okhttp.OkHttpClient: Pragma: no-cache
12-06 13:32:15.890 13341 13441 I okhttp.OkHttpClient: Expires: 0
12-06 13:32:15.890 13341 13441 I okhttp.OkHttpClient: X-Frame-Options: DENY
12-06 13:32:15.890 13341 13441 I okhttp.OkHttpClient: Content-Type: application/json
12-06 13:32:15.890 13341 13441 I okhttp.OkHttpClient: Transfer-Encoding: chunked
12-06 13:32:15.890 13341 13441 I okhttp.OkHttpClient: Date: Tue, 06 Dec 2022 13:32:16 GMT
12-06 13:32:15.890 13341 13441 I okhttp.OkHttpClient: Keep-Alive: timeout=60
12-06 13:32:15.890 13341 13441 I okhttp.OkHttpClient: Connection: keep-alive
12-06 13:32:15.890 13341 13441 I okhttp.OkHttpClient: {"id":2,"firstName":"Данил","lastName":"Иванов","middleName":"Данилович","admin":true}
12-06 13:32:15.890 13341 13441 I okhttp.OkHttpClient: <-- END HTTP (106-byte body)
12-06 13:32:15.905 13341 13461 I okhttp.OkHttpClient: --> GET http://www.981757-ca08998.tmweb.ru:8080/fmh/claims
12-06 13:32:15.906 13341 13461 I okhttp.OkHttpClient: --> END GET
12-06 13:32:16.094 13341 13341 I ViewInteraction: Checking 'MatchesViewAssertion{viewMatcher=(view has effective visibility <VISIBLE> and view.getGlobalVisibleRect() to return non-empty rectangle)}' assertion on view an instance of android.widget.TextView and view.getText() with or without transformation to match: is "News"
12-06 13:32:16.097 13341 13455 W teco.fmhandroi: Accessing hidden method Lsun/misc/Unsafe;->compareAndSwapObject(Ljava/lang/Object;JLjava/lang/Object;Ljava/lang/Object;)Z (greylist, linking, allowed)
12-06 13:32:16.097 13341 13385 W teco.fmhandroi: Accessing hidden method Lsun/misc/Unsafe;->compareAndSwapObject(Ljava/lang/Object;JLjava/lang/Object;Ljava/lang/Object;)Z (greylist, linking, allowed)
12-06 13:32:16.098 13341 13385 W teco.fmhandroi: Accessing hidden method Lsun/misc/Unsafe;->getObject(Ljava/lang/Object;J)Ljava/lang/Object; (greylist, linking, allowed)
12-06 13:32:16.099 13341 13341 I ViewInteraction: Performing 'wait for a specific view with <view.getId() is <2131230951>> during 10000 millis.' action on view view.getRootView() to equal view
12-06 13:32:16.102 13341 13385 W teco.fmhandroi: Accessing hidden method Lsun/misc/Unsafe;->compareAndSwapObject(Ljava/lang/Object;JLjava/lang/Object;Ljava/lang/Object;)Z (greylist, linking, allowed)
12-06 13:32:16.104 13341 13341 I ViewInteraction: Checking 'MatchesViewAssertion{viewMatcher=(view has effective visibility <VISIBLE> and view.getGlobalVisibleRect() to return non-empty rectangle)}' assertion on view view.getId() is <2131230951/ru.iteco.fmhandroid:id/container_list_news_include_on_fragment_main>
12-06 13:32:16.105 13341 13385 W teco.fmhandroi: Accessing hidden method Lsun/misc/Unsafe;->compareAndSwapObject(Ljava/lang/Object;JLjava/lang/Object;Ljava/lang/Object;)Z (greylist, linking, allowed)
12-06 13:32:16.107 13341 13341 I ViewInteraction: Performing 'wait for a specific view with <view.getId() is <2131230949>> during 10000 millis.' action on view view.getRootView() to equal view
12-06 13:32:16.111 13341 13385 W teco.fmhandroi: Accessing hidden method Lsun/misc/Unsafe;->compareAndSwapObject(Ljava/lang/Object;JLjava/lang/Object;Ljava/lang/Object;)Z (greylist, linking, allowed)
12-06 13:32:16.111 13341 13455 W teco.fmhandroi: Accessing hidden method Lsun/misc/Unsafe;->compareAndSwapObject(Ljava/lang/Object;JLjava/lang/Object;Ljava/lang/Object;)Z (greylist, linking, allowed)
12-06 13:32:16.114 13341 13341 I ViewInteraction: Checking 'MatchesViewAssertion{viewMatcher=(view has effective visibility <VISIBLE> and view.getGlobalVisibleRect() to return non-empty rectangle)}' assertion on view view.getId() is <2131230949/ru.iteco.fmhandroid:id/container_list_claim_include_on_fragment_main>
12-06 13:32:16.116 13341 13385 W teco.fmhandroi: Accessing hidden method Lsun/misc/Unsafe;->compareAndSwapObject(Ljava/lang/Object;JLjava/lang/Object;Ljava/lang/Object;)Z (greylist, linking, allowed)
12-06 13:32:16.117 13341 13341 I ViewInteraction: Performing 'wait for a specific view with <an instance of android.widget.TextView and view.getText() with or without transformation to match: is "Claims"> during 10000 millis.' action on view view.getRootView() to equal view
12-06 13:32:16.121 13341 13341 I ViewInteraction: Checking 'MatchesViewAssertion{viewMatcher=(view has effective visibility <VISIBLE> and view.getGlobalVisibleRect() to return non-empty rectangle)}' assertion on view an instance of android.widget.TextView and view.getText() with or without transformation to match: is "Claims"
12-06 13:32:16.123 13341 13385 W teco.fmhandroi: Accessing hidden method Lsun/misc/Unsafe;->compareAndSwapObject(Ljava/lang/Object;JLjava/lang/Object;Ljava/lang/Object;)Z (greylist, linking, allowed)
12-06 13:32:16.126 13341 13341 I ViewInteraction: Performing 'wait for a specific view with <view.getId() is <2131231123>> during 10000 millis.' action on view view.getRootView() to equal view
12-06 13:32:16.129 13341 13385 W teco.fmhandroi: Accessing hidden method Lsun/misc/Unsafe;->compareAndSwapObject(Ljava/lang/Object;JLjava/lang/Object;Ljava/lang/Object;)Z (greylist, linking, allowed)
12-06 13:32:16.129 13341 13455 W teco.fmhandroi: Accessing hidden method Lsun/misc/Unsafe;->compareAndSwapObject(Ljava/lang/Object;JLjava/lang/Object;Ljava/lang/Object;)Z (greylist, linking, allowed)
12-06 13:32:16.131 13341 13341 I ViewInteraction: Performing 'single click' action on view view.getId() is <2131231123/ru.iteco.fmhandroid:id/main_menu_image_button>
12-06 13:32:16.557 13341 13341 W MotionEvents: Overslept and turned a tap into a long press
12-06 13:32:16.634  1776  1825 D gralloc_ranchu: gralloc_alloc: Creating ashmem region of size 2015232
12-06 13:32:16.643  1776  1825 I chatty  : uid=1000(system) HwBinder:1776_1 identical 1 line
12-06 13:32:16.645  1776  1825 D gralloc_ranchu: gralloc_alloc: Creating ashmem region of size 2015232
12-06 13:32:16.671 13341 13432 D EGL_emulation: eglMakeCurrent: 0xf0c7ec80: ver 2 0 (tinfo 0xf0c892a0)
12-06 13:32:16.766 13341 13432 I chatty  : uid=10146(ru.iteco.fmhandroid) RenderThread identical 3 lines
12-06 13:32:16.783 13341 13432 D EGL_emulation: eglMakeCurrent: 0xf0c7ec80: ver 2 0 (tinfo 0xf0c892a0)
12-06 13:32:16.851 13341 13385 W teco.fmhandroi: Accessing hidden method Lsun/misc/Unsafe;->compareAndSwapObject(Ljava/lang/Object;JLjava/lang/Object;Ljava/lang/Object;)Z (greylist, linking, allowed)
12-06 13:32:16.852 13341 13341 I ViewInteraction: Performing 'wait for a specific view with <an instance of android.widget.TextView and view.getText() with or without transformation to match: is "Claims"> during 10000 millis.' action on view view.getRootView() to equal view
12-06 13:32:16.858 13341 13341 I ViewInteraction: Performing 'single click' action on view an instance of android.widget.TextView and view.getText() with or without transformation to match: is "Claims"
12-06 13:32:17.006 13341 13462 I okhttp.OkHttpClient: --> GET http://www.981757-ca08998.tmweb.ru:8080/fmh/claims
12-06 13:32:17.007 13341 13462 I okhttp.OkHttpClient: --> END GET
12-06 13:32:17.012  1744 13463 E ResolverController: No valid NAT64 prefix (100, <unspecified>/0)
12-06 13:32:17.080 13341 13432 D EGL_emulation: eglMakeCurrent: 0xf0c7ec80: ver 2 0 (tinfo 0xf0c892a0)
12-06 13:32:17.110 13341 13432 D EGL_emulation: eglMakeCurrent: 0xf0c7ec80: ver 2 0 (tinfo 0xf0c892a0)
12-06 13:32:17.388 13341 13341 I ViewInteraction: Performing 'wait for a specific view with <view.getId() is <2131230849>> during 10000 millis.' action on view view.getRootView() to equal view
12-06 13:32:17.389 13341 13385 W teco.fmhandroi: Accessing hidden method Lsun/misc/Unsafe;->compareAndSwapObject(Ljava/lang/Object;JLjava/lang/Object;Ljava/lang/Object;)Z (greylist, linking, allowed)
12-06 13:32:17.394 13341 13341 I ViewInteraction: Performing 'single click' action on view view.getId() is <2131230849/ru.iteco.fmhandroid:id/add_new_claim_material_button>
12-06 13:32:17.453 13341 13441 I okhttp.OkHttpClient: --> GET http://www.981757-ca08998.tmweb.ru:8080/fmh/users
12-06 13:32:17.453 13341 13441 I okhttp.OkHttpClient: --> END GET
12-06 13:32:17.610 13341 13441 I okhttp.OkHttpClient: <-- 200 http://www.981757-ca08998.tmweb.ru:8080/fmh/users (157ms)
12-06 13:32:17.611 13341 13441 I okhttp.OkHttpClient: Vary: Origin
12-06 13:32:17.611 13341 13441 I okhttp.OkHttpClient: Vary: Access-Control-Request-Method
12-06 13:32:17.611 13341 13441 I okhttp.OkHttpClient: Vary: Access-Control-Request-Headers
12-06 13:32:17.611 13341 13441 I okhttp.OkHttpClient: X-Content-Type-Options: nosniff
12-06 13:32:17.611 13341 13441 I okhttp.OkHttpClient: X-XSS-Protection: 1; mode=block
12-06 13:32:17.611 13341 13441 I okhttp.OkHttpClient: Cache-Control: no-cache, no-store, max-age=0, must-revalidate
12-06 13:32:17.612 13341 13441 I okhttp.OkHttpClient: Pragma: no-cache
12-06 13:32:17.612 13341 13441 I okhttp.OkHttpClient: Expires: 0
12-06 13:32:17.612 13341 13441 I okhttp.OkHttpClient: X-Frame-Options: DENY
12-06 13:32:17.613 13341 13441 I okhttp.OkHttpClient: Content-Type: application/json
12-06 13:32:17.613 13341 13441 I okhttp.OkHttpClient: Transfer-Encoding: chunked
12-06 13:32:17.613 13341 13441 I okhttp.OkHttpClient: Date: Tue, 06 Dec 2022 13:32:18 GMT
12-06 13:32:17.613 13341 13441 I okhttp.OkHttpClient: Keep-Alive: timeout=60
12-06 13:32:17.613 13341 13441 I okhttp.OkHttpClient: Connection: keep-alive
12-06 13:32:17.614 13341 13441 I okhttp.OkHttpClient: [{"id":1,"firstName":"Петр","lastName":"Смирнов","middleName":"Петрович","admin":true},{"id":2,"firstName":"Данил","lastName":"Иванов","middleName":"��анилович","admin":true},{"id":3,"firstName":"Егор","lastName":"Петров","middleName":"Егорович","admin":false},{"id":4,"firstName":"Дмитрий","lastName":"Сидоров","middleName":"Дмитриевич","admin":false},{"id":5,"firstName":"Тест","lastName":"Тестов","middleName":"Тестович","admin":true},{"id":6,"firstName":"Diplom","lastName":"Netology","middleName":"QAMID","admin":true}]
12-06 13:32:17.614 13341 13441 I okhttp.OkHttpClient: <-- END HTTP (622-byte body)
12-06 13:32:17.880  2656  3529 W ProcessReaper: Memory state is: 125
12-06 13:32:17.944 13341 13354 I teco.fmhandroi: Background concurrent copying GC freed 22006(1093KB) AllocSpace objects, 1(16KB) LOS objects, 35% free, 11MB/17MB, paused 628us total 132.793ms
12-06 13:32:17.994 13341 13385 W teco.fmhandroi: Accessing hidden method Lsun/misc/Unsafe;->compareAndSwapObject(Ljava/lang/Object;JLjava/lang/Object;Ljava/lang/Object;)Z (greylist, linking, allowed)
12-06 13:32:18.002 13341 13341 I ViewInteraction: Performing 'wait for a specific view with <view.getId() is <2131231041>> during 10000 millis.' action on view view.getRootView() to equal view
12-06 13:32:18.007 13341 13385 W teco.fmhandroi: Accessing hidden method Lsun/misc/Unsafe;->compareAndSwapObject(Ljava/lang/Object;JLjava/lang/Object;Ljava/lang/Object;)Z (greylist, linking, allowed)
12-06 13:32:18.010 13341 13341 I ViewInteraction: Performing 'single click' action on view view.getId() is <2131231041/ru.iteco.fmhandroid:id/executor_drop_menu_auto_complete_text_view>
12-06 13:32:18.169  1776  1825 D gralloc_ranchu: gralloc_alloc: Creating ashmem region of size 4116480
12-06 13:32:18.174  1776  1825 I chatty  : uid=1000(system) HwBinder:1776_1 identical 1 line
12-06 13:32:18.176  1776  1825 D gralloc_ranchu: gralloc_alloc: Creating ashmem region of size 4116480
12-06 13:32:18.193 13341 13432 D EGL_emulation: eglMakeCurrent: 0xf0c7ec80: ver 2 0 (tinfo 0xf0c892a0)
12-06 13:32:18.258 13341 13341 I AssistStructure: Flattened final assist data: 6984 bytes, containing 2 windows, 53 views
12-06 13:32:18.275  2018  5907 D AutofillSession: Starting partition or augmented request for view id 1073741827@1243641160: STARTED_SESSION
12-06 13:32:18.293 13341 13432 D EGL_emulation: eglMakeCurrent: 0xf0c7ec80: ver 2 0 (tinfo 0xf0c892a0)
12-06 13:32:18.314  2018  2018 D AutofillSession: cancelCurrentRequest(): id = 31
12-06 13:32:18.322  2537  2537 W GInputConnectionWrapper: IPC IC_GET_TEXT_BEFORE_CURSOR_AND_FIX_SELECTION_INDICES took 138 ms
12-06 13:32:18.337 13341 13432 D EGL_emulation: eglMakeCurrent: 0xf0c7ec80: ver 2 0 (tinfo 0xf0c892a0)
12-06 13:32:18.351 13341 13341 I AssistStructure: Flattened final assist data: 6984 bytes, containing 2 windows, 53 views
12-06 13:32:18.373  2537  2537 I KeyboardViewUtil: systemKeyboardHeightRatio:1.000000; userKeyboardHeightRatio:1.000000.
12-06 13:32:18.386  2537  2537 I AndroidIME: LatinIme.onActivate() : EditorInfo = Package = ru.iteco.fmhandroid : Type = Text : Learning = Disable : Suggestion = Show : AutoCorrection = Disable : Microphone = Show : NoPersonalizedLearning = Disable
12-06 13:32:18.439  2656  2656 W ktk     : Pending fill request while another request in the same session was triggered. [CONTEXT service_id=177 ]
12-06 13:32:18.508  2018  2051 D AutofillUI: destroySaveUiUiThread(): already destroyed
12-06 13:32:18.562 13341 13432 D EGL_emulation: eglMakeCurrent: 0xf0c7ec80: ver 2 0 (tinfo 0xf0c892a0)
12-06 13:32:18.590 13341 13385 W teco.fmhandroi: Accessing hidden method Lsun/misc/Unsafe;->compareAndSwapObject(Ljava/lang/Object;JLjava/lang/Object;Ljava/lang/Object;)Z (greylist, linking, allowed)
12-06 13:32:18.593 13341 13341 I ViewInteraction: Performing 'close keyboard' action on view view.getRootView() to equal view
12-06 13:32:18.610  2537  2537 I Conv2QueryExtension: Current locale: en_US, config allows these locales: de,en,es,fr,it,ms,pt,ta
12-06 13:32:18.610  2537  2537 I Conv2QueryExtension: Conv2Query not enabled due to current app [ru.iteco.fmhandroid] not in whitelist
12-06 13:32:18.611  2537  2537 I Conv2QueryExtension: onActivate() : Disabled by unsupported host app
12-06 13:32:18.647  2170  2566 D EGL_emulation: eglMakeCurrent: 0xe594e040: ver 2 0 (tinfo 0xc52450c0)
12-06 13:32:18.699  2537  2537 I Choreographer: Skipped 33 frames!  The application may be doing too much work on its main thread.
12-06 13:32:18.725  1776  1825 D gralloc_ranchu: gralloc_alloc: Creating ashmem region of size 9826304
12-06 13:32:18.750  1776  1825 I chatty  : uid=1000(system) HwBinder:1776_1 identical 1 line
12-06 13:32:18.751  1776  1825 D gralloc_ranchu: gralloc_alloc: Creating ashmem region of size 9826304
12-06 13:32:18.829  2537  8546 D EGL_emulation: eglMakeCurrent: 0xc286ce00: ver 2 0 (tinfo 0xc335ede0)
12-06 13:32:18.840  1776  1825 D gralloc_ranchu: gralloc_alloc: Creating ashmem region of size 3072000
12-06 13:32:18.847 13341 13432 D EGL_emulation: eglMakeCurrent: 0xf0c7ec80: ver 2 0 (tinfo 0xf0c892a0)
12-06 13:32:18.869  1776  1825 D gralloc_ranchu: gralloc_alloc: Creating ashmem region of size 3072000
12-06 13:32:18.874 13341 13432 D EGL_emulation: eglMakeCurrent: 0xf0c7ec80: ver 2 0 (tinfo 0xf0c892a0)
12-06 13:32:18.918 13341 13432 D EGL_emulation: eglMakeCurrent: 0xf0c7ec80: ver 2 0 (tinfo 0xf0c892a0)
12-06 13:32:18.954  1776  1825 D gralloc_ranchu: gralloc_alloc: Creating ashmem region of size 3072000
12-06 13:32:19.019  2537  8546 I OpenGLRenderer: Davey! duration=849ms; Flags=1, IntendedVsync=9088218044809, Vsync=9088768044787, OldestInputEvent=9223372036854775807, NewestInputEvent=0, HandleInputStart=9088776258300, AnimationStart=9088776623700, PerformTraversalsStart=9088776672800, DrawStart=9088829404500, SyncQueued=9088886762700, SyncStart=9088913477500, IssueDrawCommandsStart=9088915647000, SwapBuffers=9089042961800, FrameCompleted=9089094668200, DequeueBufferDuration=97000, QueueBufferDuration=1155000, 
12-06 13:32:19.033  2537  2537 I PhenotypeExpConfig: refreshConfiguration() : Force = false : UpdateAvailable = false : Age = 26 minutes : MaxAge = 720 minutes
12-06 13:32:19.040  2537  2537 I AndroidIME: LatinIme.onDeactivate()
12-06 13:32:19.072  2537  8546 D EGL_emulation: eglMakeCurrent: 0xc286ce00: ver 2 0 (tinfo 0xc335ede0)
12-06 13:32:19.079 13341 13432 D EGL_emulation: eglMakeCurrent: 0xf0c7ec80: ver 2 0 (tinfo 0xf0c892a0)
12-06 13:32:19.185  1776  1825 D gralloc_ranchu: gralloc_alloc: Creating ashmem region of size 4116480
12-06 13:32:19.191 13341 13432 D EGL_emulation: eglMakeCurrent: 0xf0c7ec80: ver 2 0 (tinfo 0xf0c892a0)
12-06 13:32:19.220  1776  1825 D gralloc_ranchu: gralloc_alloc: Creating ashmem region of size 4116480
12-06 13:32:19.223 13341 13432 D EGL_emulation: eglMakeCurrent: 0xf0c7ec80: ver 2 0 (tinfo 0xf0c892a0)
12-06 13:32:19.242 13341 13432 D EGL_emulation: eglMakeCurrent: 0xf0c7ec80: ver 2 0 (tinfo 0xf0c892a0)
12-06 13:32:19.263  1776  1825 D gralloc_ranchu: gralloc_alloc: Creating ashmem region of size 4116480
12-06 13:32:19.341 13341 13461 I okhttp.OkHttpClient: <-- 200 http://www.981757-ca08998.tmweb.ru:8080/fmh/claims (3435ms)
12-06 13:32:19.341 13341 13461 I okhttp.OkHttpClient: Vary: Origin
12-06 13:32:19.341 13341 13461 I okhttp.OkHttpClient: Vary: Access-Control-Request-Method
12-06 13:32:19.341 13341 13461 I okhttp.OkHttpClient: Vary: Access-Control-Request-Headers
12-06 13:32:19.341 13341 13461 I okhttp.OkHttpClient: X-Content-Type-Options: nosniff
12-06 13:32:19.341 13341 13461 I okhttp.OkHttpClient: X-XSS-Protection: 1; mode=block
12-06 13:32:19.341 13341 13461 I okhttp.OkHttpClient: Cache-Control: no-cache, no-store, max-age=0, must-revalidate
12-06 13:32:19.342 13341 13461 I okhttp.OkHttpClient: Pragma: no-cache
12-06 13:32:19.342 13341 13461 I okhttp.OkHttpClient: Expires: 0
12-06 13:32:19.342 13341 13461 I okhttp.OkHttpClient: X-Frame-Options: DENY
12-06 13:32:19.342 13341 13461 I okhttp.OkHttpClient: Content-Type: application/json
12-06 13:32:19.342 13341 13461 I okhttp.OkHttpClient: Transfer-Encoding: chunked
12-06 13:32:19.343 13341 13461 I okhttp.OkHttpClient: Date: Tue, 06 Dec 2022 13:32:20 GMT
12-06 13:32:19.343 13341 13461 I okhttp.OkHttpClient: Keep-Alive: timeout=60
12-06 13:32:19.343 13341 13461 I okhttp.OkHttpClient: Connection: keep-alive
12-06 13:32:19.495 13341 13432 D EGL_emulation: eglMakeCurrent: 0xf0c7ec80: ver 2 0 (tinfo 0xf0c892a0)
12-06 13:32:20.361 13341 13462 I okhttp.OkHttpClient: <-- 200 http://www.981757-ca08998.tmweb.ru:8080/fmh/claims (3354ms)
12-06 13:32:20.361 13341 13462 I okhttp.OkHttpClient: Vary: Origin
12-06 13:32:20.361 13341 13462 I okhttp.OkHttpClient: Vary: Access-Control-Request-Method
12-06 13:32:20.361 13341 13462 I okhttp.OkHttpClient: Vary: Access-Control-Request-Headers
12-06 13:32:20.361 13341 13462 I okhttp.OkHttpClient: X-Content-Type-Options: nosniff
12-06 13:32:20.361 13341 13462 I okhttp.OkHttpClient: X-XSS-Protection: 1; mode=block
12-06 13:32:20.362 13341 13462 I okhttp.OkHttpClient: Cache-Control: no-cache, no-store, max-age=0, must-revalidate
12-06 13:32:20.362 13341 13462 I okhttp.OkHttpClient: Pragma: no-cache
12-06 13:32:20.362 13341 13462 I okhttp.OkHttpClient: Expires: 0
12-06 13:32:20.362 13341 13462 I okhttp.OkHttpClient: X-Frame-Options: DENY
12-06 13:32:20.362 13341 13462 I okhttp.OkHttpClient: Content-Type: application/json
12-06 13:32:20.362 13341 13462 I okhttp.OkHttpClient: Transfer-Encoding: chunked
12-06 13:32:20.362 13341 13462 I okhttp.OkHttpClient: Date: Tue, 06 Dec 2022 13:32:21 GMT
12-06 13:32:20.362 13341 13462 I okhttp.OkHttpClient: Keep-Alive: timeout=60
12-06 13:32:20.362 13341 13462 I okhttp.OkHttpClient: Connection: keep-alive
12-06 13:32:20.778 13341 13432 D EGL_emulation: eglMakeCurrent: 0xf0c7ec80: ver 2 0 (tinfo 0xf0c892a0)
12-06 13:32:21.077 13341 13432 D EGL_emulation: eglMakeCurrent: 0xf0c7ec80: ver 2 0 (tinfo 0xf0c892a0)
12-06 13:32:21.437  1764  1891 W audio_hw_generic: Not supplying enough data to HAL, expected position 15456044 , only wrote 15088647
12-06 13:32:21.623  2018  2058 E memtrack: Couldn't load memtrack module
12-06 13:32:21.623  2018  2058 W android.os.Debug: failed to get memory consumption info: -1
12-06 13:32:22.360 13341 13341 I ViewInteraction: Checking 'MatchesViewAssertion{viewMatcher=(view has effective visibility <VISIBLE> and view.getGlobalVisibleRect() to return non-empty rectangle)}' assertion on view an instance of android.widget.TextView and view.getText() with or without transformation to match: is "Иванов Данил Данилович"
12-06 13:32:22.364 13341 13341 I ViewInteraction: Performing 'single click' action on view an instance of android.widget.TextView and view.getText() with or without transformation to match: is "Иванов Данил Данилович"
12-06 13:32:22.414 13341 13432 D EGL_emulation: eglMakeCurrent: 0xf0c7ec80: ver 2 0 (tinfo 0xf0c892a0)
12-06 13:32:22.488  1764  6994 W audio_hw_generic: Not supplying enough data to HAL, expected position 15088676 , only wrote 15088647
12-06 13:32:22.512 13341 13432 D EGL_emulation: eglMakeCurrent: 0xf0c7ec80: ver 2 0 (tinfo 0xf0c892a0)
12-06 13:32:22.519  2018  2058 E memtrack: Couldn't load memtrack module
12-06 13:32:22.519  2018  2058 W android.os.Debug: failed to get memory consumption info: -1
12-06 13:32:22.526  2018  8097 E InputDispatcher: Window handle Window{2571c11 u0 PopupWindow:c24855} has no registered input channel
12-06 13:32:22.543 13341 13432 D EGL_emulation: eglMakeCurrent: 0xf0c7ec80: ver 2 0 (tinfo 0xf0c892a0)
12-06 13:32:22.545  2018  5837 E InputDispatcher: Window handle Window{2571c11 u0 PopupWindow:c24855} has no registered input channel
12-06 13:32:22.634 13341 13455 W teco.fmhandroi: Accessing hidden method Lsun/misc/Unsafe;->compareAndSwapObject(Ljava/lang/Object;JLjava/lang/Object;Ljava/lang/Object;)Z (greylist, linking, allowed)
12-06 13:32:22.636 13341 13341 I ViewInteraction: Performing 'wait for a specific view with <(view.getId() is <2131231402> and view.getParent() view.getParent() view.getId() is <2131231406>)> during 10000 millis.' action on view view.getRootView() to equal view
12-06 13:32:22.638 13341 13385 W teco.fmhandroi: Accessing hidden method Lsun/misc/Unsafe;->compareAndSwapObject(Ljava/lang/Object;JLjava/lang/Object;Ljava/lang/Object;)Z (greylist, linking, allowed)
12-06 13:32:22.641 13341 13341 I ViewInteraction: Performing 'replace text(В работе 5fa0dfd5-09f3-4aad-9c02-2c8557cc8054)' action on view (view.getId() is <2131231402/ru.iteco.fmhandroid:id/title_edit_text> and view.getParent() view.getParent() view.getId() is <2131231406/ru.iteco.fmhandroid:id/title_text_input_layout>)
12-06 13:32:22.650 13341 13385 W teco.fmhandroi: Accessing hidden method Lsun/misc/Unsafe;->compareAndSwapObject(Ljava/lang/Object;JLjava/lang/Object;Ljava/lang/Object;)Z (greylist, linking, allowed)
12-06 13:32:22.712 13341 13341 I ViewInteraction: Performing 'wait for a specific view with <view.getId() is <2131230975>> during 10000 millis.' action on view view.getRootView() to equal view
12-06 13:32:22.716 13341 13385 W teco.fmhandroi: Accessing hidden method Lsun/misc/Unsafe;->compareAndSwapObject(Ljava/lang/Object;JLjava/lang/Object;Ljava/lang/Object;)Z (greylist, linking, allowed)
12-06 13:32:22.719 13341 13341 I ViewInteraction: Performing 'single click' action on view view.getId() is <2131230975/ru.iteco.fmhandroid:id/date_in_plan_text_input_edit_text>
12-06 13:32:23.013  1776  1825 D gralloc_ranchu: gralloc_alloc: Creating ashmem region of size 6778880
12-06 13:32:23.019  1776  1825 I chatty  : uid=1000(system) HwBinder:1776_1 identical 1 line
12-06 13:32:23.020  1776  1825 D gralloc_ranchu: gralloc_alloc: Creating ashmem region of size 6778880
12-06 13:32:23.056 13341 13432 D EGL_emulation: eglMakeCurrent: 0xf0c7ec80: ver 2 0 (tinfo 0xf0c892a0)
12-06 13:32:23.286 13341 13432 I chatty  : uid=10146(ru.iteco.fmhandroid) RenderThread identical 5 lines
12-06 13:32:23.309 13341 13432 D EGL_emulation: eglMakeCurrent: 0xf0c7ec80: ver 2 0 (tinfo 0xf0c892a0)
12-06 13:32:23.546 13341 13385 W teco.fmhandroi: Accessing hidden method Lsun/misc/Unsafe;->compareAndSwapObject(Ljava/lang/Object;JLjava/lang/Object;Ljava/lang/Object;)Z (greylist, linking, allowed)
12-06 13:32:23.550 13341 13341 I ViewInteraction: Performing 'wait for a specific view with <is assignable from class <class android.widget.DatePicker>> during 10000 millis.' action on view view.getRootView() to equal view
12-06 13:32:23.556 13341 13341 I ViewInteraction: Checking 'MatchesViewAssertion{viewMatcher=(view has effective visibility <VISIBLE> and view.getGlobalVisibleRect() to return non-empty rectangle)}' assertion on view is assignable from class <class android.widget.DatePicker>
