12-06 13:32:23.561 13341 13341 I ViewInteraction: Performing 'wait for a specific view with <is assignable from class <class android.widget.DatePicker>> during 10000 millis.' action on view view.getRootView() to equal view
12-06 13:32:23.566 13341 13341 I ViewInteraction: Performing 'set date' action on view is assignable from class <class android.widget.DatePicker>
12-06 13:32:23.597 13341 13341 I ViewInteraction: Performing 'wait for a specific view with <view.getId() is <16908313>> during 10000 millis.' action on view view.getRootView() to equal view
12-06 13:32:23.600 13341 13385 W teco.fmhandroi: Accessing hidden method Lsun/misc/Unsafe;->compareAndSwapObject(Ljava/lang/Object;JLjava/lang/Object;Ljava/lang/Object;)Z (greylist, linking, allowed)
12-06 13:32:23.601 13341 13455 W teco.fmhandroi: Accessing hidden method Lsun/misc/Unsafe;->compareAndSwapObject(Ljava/lang/Object;JLjava/lang/Object;Ljava/lang/Object;)Z (greylist, linking, allowed)
12-06 13:32:23.603 13341 13341 I ViewInteraction: Performing 'single click' action on view view.getId() is <16908313/android:id/button1>
12-06 13:32:23.689 13341 13432 D EGL_emulation: eglMakeCurrent: 0xf0c7ec80: ver 2 0 (tinfo 0xf0c892a0)
12-06 13:32:23.711  2018  2127 E InputDispatcher: Window handle Window{75c9899 u0 ru.iteco.fmhandroid/ru.iteco.fmhandroid.ui.AppActivity} has no registered input channel
12-06 13:32:23.717 13341 13432 D EGL_emulation: eglMakeCurrent: 0xf0c7ec80: ver 2 0 (tinfo 0xf0c892a0)
12-06 13:32:23.913 13341 13354 I teco.fmhandroi: NativeAlloc concurrent copying GC freed 65603(2721KB) AllocSpace objects, 0(0B) LOS objects, 33% free, 11MB/17MB, paused 1.571ms total 119.077ms
12-06 13:32:24.030  2537  2555 W putmethod.lati: Reducing the number of considered missed Gc histogram windows from 158 to 100
12-06 13:32:24.056 13341 13385 W teco.fmhandroi: Accessing hidden method Lsun/misc/Unsafe;->compareAndSwapObject(Ljava/lang/Object;JLjava/lang/Object;Ljava/lang/Object;)Z (greylist, linking, allowed)
12-06 13:32:24.058 13341 13341 I ViewInteraction: Performing 'wait for a specific view with <(an instance of android.widget.TextView and view.getHint() matching: is "Time" and view.getParent() view.getParent() view.getId() is <2131231399>)> during 10000 millis.' action on view view.getRootView() to equal view
12-06 13:32:24.061 13341 13385 W teco.fmhandroi: Accessing hidden method Lsun/misc/Unsafe;->compareAndSwapObject(Ljava/lang/Object;JLjava/lang/Object;Ljava/lang/Object;)Z (greylist, linking, allowed)
12-06 13:32:24.061 13341 13455 W teco.fmhandroi: Accessing hidden method Lsun/misc/Unsafe;->compareAndSwapObject(Ljava/lang/Object;JLjava/lang/Object;Ljava/lang/Object;)Z (greylist, linking, allowed)
12-06 13:32:24.064 13341 13341 I ViewInteraction: Performing 'single click' action on view (an instance of android.widget.TextView and view.getHint() matching: is "Time" and view.getParent() view.getParent() view.getId() is <2131231399/ru.iteco.fmhandroid:id/time_in_plan_text_input_layout>)
12-06 13:32:24.317  1776  1825 D gralloc_ranchu: gralloc_alloc: Creating ashmem region of size 5718016
12-06 13:32:24.322  1776  1825 I chatty  : uid=1000(system) HwBinder:1776_1 identical 1 line
12-06 13:32:24.324  1776  1825 D gralloc_ranchu: gralloc_alloc: Creating ashmem region of size 5718016
12-06 13:32:24.349 13341 13432 D EGL_emulation: eglMakeCurrent: 0xf0c7ec80: ver 2 0 (tinfo 0xf0c892a0)
12-06 13:32:24.434 13341 13432 I chatty  : uid=10146(ru.iteco.fmhandroid) RenderThread identical 2 lines
12-06 13:32:24.503 13341 13432 D EGL_emulation: eglMakeCurrent: 0xf0c7ec80: ver 2 0 (tinfo 0xf0c892a0)
12-06 13:32:24.732 13341 13385 W teco.fmhandroi: Accessing hidden method Lsun/misc/Unsafe;->compareAndSwapObject(Ljava/lang/Object;JLjava/lang/Object;Ljava/lang/Object;)Z (greylist, linking, allowed)
12-06 13:32:24.735 13341 13341 I ViewInteraction: Performing 'wait for a specific view with <is assignable from class <class android.widget.TimePicker>> during 10000 millis.' action on view view.getRootView() to equal view
12-06 13:32:24.739 13341 13341 I ViewInteraction: Checking 'MatchesViewAssertion{viewMatcher=(view has effective visibility <VISIBLE> and view.getGlobalVisibleRect() to return non-empty rectangle)}' assertion on view is assignable from class <class android.widget.TimePicker>
12-06 13:32:24.743 13341 13341 I ViewInteraction: Performing 'wait for a specific view with <is assignable from class <class android.widget.TimePicker>> during 10000 millis.' action on view view.getRootView() to equal view
12-06 13:32:24.750 13341 13341 I ViewInteraction: Performing 'set time' action on view is assignable from class <class android.widget.TimePicker>
12-06 13:32:24.752 13341 13455 W teco.fmhandroi: Accessing hidden method Lsun/misc/Unsafe;->compareAndSwapObject(Ljava/lang/Object;JLjava/lang/Object;Ljava/lang/Object;)Z (greylist, linking, allowed)
12-06 13:32:24.756 13341 13341 I ViewInteraction: Performing 'wait for a specific view with <view.getId() is <16908313/android:id/button1>> during 10000 millis.' action on view view.getRootView() to equal view
12-06 13:32:24.758 13341 13385 W teco.fmhandroi: Accessing hidden method Lsun/misc/Unsafe;->compareAndSwapObject(Ljava/lang/Object;JLjava/lang/Object;Ljava/lang/Object;)Z (greylist, linking, allowed)
12-06 13:32:24.758 13341 13455 W teco.fmhandroi: Accessing hidden method Lsun/misc/Unsafe;->compareAndSwapObject(Ljava/lang/Object;JLjava/lang/Object;Ljava/lang/Object;)Z (greylist, linking, allowed)
12-06 13:32:24.761 13341 13341 I ViewInteraction: Performing 'single click' action on view view.getId() is <16908313/android:id/button1>
12-06 13:32:24.811 13341 13432 D EGL_emulation: eglMakeCurrent: 0xf0c7ec80: ver 2 0 (tinfo 0xf0c892a0)
12-06 13:32:24.833 13341 13432 D EGL_emulation: eglMakeCurrent: 0xf0c7ec80: ver 2 0 (tinfo 0xf0c892a0)
12-06 13:32:24.846  2018  8097 E InputDispatcher: Window handle Window{3f4ec3c u0 ru.iteco.fmhandroid/ru.iteco.fmhandroid.ui.AppActivity} has no registered input channel
12-06 13:32:24.853 13341 13432 D EGL_emulation: eglMakeCurrent: 0xf0c7ec80: ver 2 0 (tinfo 0xf0c892a0)
12-06 13:32:25.122 13341 13385 W teco.fmhandroi: Accessing hidden method Lsun/misc/Unsafe;->compareAndSwapObject(Ljava/lang/Object;JLjava/lang/Object;Ljava/lang/Object;)Z (greylist, linking, allowed)
12-06 13:32:25.124 13341 13341 I ViewInteraction: Performing 'wait for a specific view with <(an instance of android.widget.TextView and view.getHint() matching: is "Description" and view.getParent() view.getParent() view.getId() is <2131230988>)> during 10000 millis.' action on view view.getRootView() to equal view
12-06 13:32:25.126 13341 13385 W teco.fmhandroi: Accessing hidden method Lsun/misc/Unsafe;->compareAndSwapObject(Ljava/lang/Object;JLjava/lang/Object;Ljava/lang/Object;)Z (greylist, linking, allowed)
12-06 13:32:25.126 13341 13455 W teco.fmhandroi: Accessing hidden method Lsun/misc/Unsafe;->compareAndSwapObject(Ljava/lang/Object;JLjava/lang/Object;Ljava/lang/Object;)Z (greylist, linking, allowed)
12-06 13:32:25.132 13341 13341 I ViewInteraction: Performing 'replace text(В работе 5fa0dfd5-09f3-4aad-9c02-2c8557cc8054)' action on view (an instance of android.widget.TextView and view.getHint() matching: is "Description" and view.getParent() view.getParent() view.getId() is <2131230988/ru.iteco.fmhandroid:id/description_text_input_layout>)
12-06 13:32:25.143 13341 13385 W teco.fmhandroi: Accessing hidden method Lsun/misc/Unsafe;->compareAndSwapObject(Ljava/lang/Object;JLjava/lang/Object;Ljava/lang/Object;)Z (greylist, linking, allowed)
12-06 13:32:25.169 13341 13341 I ViewInteraction: Performing 'wait for a specific view with <view.getId() is <2131231291>> during 10000 millis.' action on view view.getRootView() to equal view
12-06 13:32:25.172 13341 13385 W teco.fmhandroi: Accessing hidden method Lsun/misc/Unsafe;->compareAndSwapObject(Ljava/lang/Object;JLjava/lang/Object;Ljava/lang/Object;)Z (greylist, linking, allowed)
12-06 13:32:25.175 13341 13341 I ViewInteraction: Performing 'single click' action on view view.getId() is <2131231291/ru.iteco.fmhandroid:id/save_button>
12-06 13:32:25.249 13341 13467 I okhttp.OkHttpClient: --> POST http://www.981757-ca08998.tmweb.ru:8080/fmh/claims
12-06 13:32:25.250 13341 13467 I okhttp.OkHttpClient: Content-Type: application/json; charset=UTF-8
12-06 13:32:25.250 13341 13467 I okhttp.OkHttpClient: Content-Length: 290
12-06 13:32:25.250 13341 13467 I okhttp.OkHttpClient: {"createDate":1670333545,"creatorId":2,"creatorName":"Иванов Данил Данилович","description":"В работе 5fa0dfd5-09f3-4aad-9c02-2c8557cc8054","executorId":2,"planExecuteDate":1670333520,"status":"OPEN","title":"В работе 5fa0dfd5-09f3-4aad-9c02-2c8557cc8054"}
12-06 13:32:25.250 13341 13467 I okhttp.OkHttpClient: --> END POST (290-byte body)
12-06 13:32:25.255  1744 13468 E ResolverController: No valid NAT64 prefix (100, <unspecified>/0)
12-06 13:32:25.470 13341 13385 W teco.fmhandroi: Accessing hidden method Lsun/misc/Unsafe;->compareAndSwapObject(Ljava/lang/Object;JLjava/lang/Object;Ljava/lang/Object;)Z (greylist, linking, allowed)
12-06 13:32:25.473 13341 13341 I ViewInteraction: Performing 'wait for a specific view with <view.getId() is <2131230916>> during 10000 millis.' action on view view.getRootView() to equal view
12-06 13:32:26.644 13341 13467 I okhttp.OkHttpClient: <-- 200 http://www.981757-ca08998.tmweb.ru:8080/fmh/claims (1392ms)
12-06 13:32:26.644 13341 13467 I okhttp.OkHttpClient: Vary: Origin
12-06 13:32:26.644 13341 13467 I okhttp.OkHttpClient: Vary: Access-Control-Request-Method
12-06 13:32:26.645 13341 13467 I okhttp.OkHttpClient: Vary: Access-Control-Request-Headers
12-06 13:32:26.645 13341 13467 I okhttp.OkHttpClient: X-Content-Type-Options: nosniff
12-06 13:32:26.645 13341 13467 I okhttp.OkHttpClient: X-XSS-Protection: 1; mode=block
12-06 13:32:26.645 13341 13467 I okhttp.OkHttpClient: Cache-Control: no-cache, no-store, max-age=0, must-revalidate
12-06 13:32:26.645 13341 13467 I okhttp.OkHttpClient: Pragma: no-cache
12-06 13:32:26.645 13341 13467 I okhttp.OkHttpClient: Expires: 0
12-06 13:32:26.645 13341 13467 I okhttp.OkHttpClient: X-Frame-Options: DENY
12-06 13:32:26.645 13341 13467 I okhttp.OkHttpClient: Content-Type: application/json
12-06 13:32:26.645 13341 13467 I okhttp.OkHttpClient: Transfer-Encoding: chunked
12-06 13:32:26.645 13341 13467 I okhttp.OkHttpClient: Date: Tue, 06 Dec 2022 13:32:27 GMT
12-06 13:32:26.645 13341 13467 I okhttp.OkHttpClient: Keep-Alive: timeout=60
12-06 13:32:26.645 13341 13467 I okhttp.OkHttpClient: Connection: keep-alive
12-06 13:32:26.647 13341 13467 I okhttp.OkHttpClient: {"id":2631,"title":"В работе 5fa0dfd5-09f3-4aad-9c02-2c8557cc8054","description":"В работе 5fa0dfd5-09f3-4aad-9c02-2c8557cc8054","creatorId":2,"executorId":2,"createDate":1670333545,"planExecuteDate":1670333520,"factExecuteDate":null,"status":"IN_PROGRESS","creatorName":"Иванов Данил Данилович","executorName":"Иванов Данил Данилович"}
12-06 13:32:26.647 13341 13467 I okhttp.OkHttpClient: <-- END HTTP (390-byte body)
12-06 13:32:26.819 13341 13341 I ViewInteraction: Checking 'MatchesViewAssertion{viewMatcher=(view has effective visibility <VISIBLE> and view.getGlobalVisibleRect() to return non-empty rectangle)}' assertion on view view.getId() is <2131230916/ru.iteco.fmhandroid:id/claim_list_recycler_view>
12-06 13:32:26.849 13341 13341 I ViewInteraction: Performing 'scroll RecyclerView to: holder with view: (view is an instance of android.view.ViewGroup and has descendant matching an instance of android.widget.TextView and view.getText() with or without transformation to match: is "В работе 5fa0dfd5-09f3-4aad-9c02-2c8557cc8054")' action on view view.getId() is <2131230916/ru.iteco.fmhandroid:id/claim_list_recycler_view>
12-06 13:32:26.884 13341 13341 D takeScreenshot: Found 1 global views to redraw
12-06 13:32:27.048  1764  6994 W audio_hw_generic: Not supplying enough data to HAL, expected position 15289756 , only wrote 15288930
12-06 13:32:27.247  1764  6994 W audio_hw_generic: Not supplying enough data to HAL, expected position 15297726 , only wrote 15297523
12-06 13:32:27.270  1764  6994 W audio_hw_generic: Not supplying enough data to HAL, expected position 15298503 , only wrote 15298184
12-06 13:32:27.280 13341 13341 W teco.fmhandroi: JNI critical lock held for 78.021ms on Thread[1,tid=13341,Runnable,Thread*=0xf0c37800,peer=0x72cac1f0,"main"]
12-06 13:32:27.300  1893  1893 E netmgr  : Failed to open QEMU pipe 'qemud:network': Invalid argument
12-06 13:32:27.410  1764  6994 W audio_hw_generic: Not supplying enough data to HAL, expected position 15304387 , only wrote 15303472
12-06 13:32:27.539  1764  6994 W audio_hw_generic: Not supplying enough data to HAL, expected position 15309149 , only wrote 15308760
12-06 13:32:27.540  1764  6994 W audio_hw_generic: Not supplying enough data to HAL, expected position 15308788 , only wrote 15308760
12-06 13:32:27.613 13341 13432 I OpenGLRenderer: Davey! duration=717ms; Flags=0, IntendedVsync=9096967971899, Vsync=9096967971899, OldestInputEvent=9223372036854775807, NewestInputEvent=0, HandleInputStart=9096978001800, AnimationStart=9096978110300, PerformTraversalsStart=9096978156800, DrawStart=9097626856900, SyncQueued=9097659919500, SyncStart=9097663434600, IssueDrawCommandsStart=9097663659000, SwapBuffers=9097683901000, FrameCompleted=9097689425400, DequeueBufferDuration=523000, QueueBufferDuration=770000, 
12-06 13:32:27.642 13341 13354 I teco.fmhandroi: Background young concurrent copying GC freed 66375(3009KB) AllocSpace objects, 5(92KB) LOS objects, 9% free, 16MB/17MB, paused 705us total 847.473ms
12-06 13:32:27.650  1776  1825 D gralloc_ranchu: gralloc_alloc: Creating ashmem region of size 10108928
12-06 13:32:27.701 13341 13385 W DefaultFailureHandler: Failed to take screenshot
12-06 13:32:27.701 13341 13385 W DefaultFailureHandler: java.io.FileNotFoundException: view-op-error-2.png: open failed: EROFS (Read-only file system)
12-06 13:32:27.701 13341 13385 W DefaultFailureHandler: 	at libcore.io.IoBridge.open(IoBridge.java:496)
12-06 13:32:27.701 13341 13385 W DefaultFailureHandler: 	at java.io.FileOutputStream.<init>(FileOutputStream.java:235)
12-06 13:32:27.701 13341 13385 W DefaultFailureHandler: 	at java.io.FileOutputStream.<init>(FileOutputStream.java:125)
12-06 13:32:27.701 13341 13385 W DefaultFailureHandler: 	at androidx.test.platform.io.FileTestStorage.openOutputFile(FileTestStorage.java:60)
12-06 13:32:27.701 13341 13385 W DefaultFailureHandler: 	at androidx.test.core.graphics.BitmapStorage.writeToTestStorage(BitmapStorageExt.kt:49)
12-06 13:32:27.701 13341 13385 W DefaultFailureHandler: 	at androidx.test.espresso.base.DefaultFailureHandler.takeScreenshot(DefaultFailureHandler.java:4)
12-06 13:32:27.701 13341 13385 W DefaultFailureHandler: 	at androidx.test.espresso.base.DefaultFailureHandler.handle(DefaultFailureHandler.java:3)
12-06 13:32:27.701 13341 13385 W DefaultFailureHandler: 	at androidx.test.espresso.ViewInteraction.waitForAndHandleInteractionResults(ViewInteraction.java:8)
12-06 13:32:27.701 13341 13385 W DefaultFailureHandler: 	at androidx.test.espresso.ViewInteraction.desugaredPerform(ViewInteraction.java:11)
12-06 13:32:27.701 13341 13385 W DefaultFailureHandler: 	at androidx.test.espresso.ViewInteraction.perform(ViewInteraction.java:8)
12-06 13:32:27.701 13341 13385 W DefaultFailureHandler: 	at ru.iteco.fmhandroid.ui.steps.ClaimsPageSteps.scrollToElementInRecyclerList(ClaimsPageSteps.java:128)
12-06 13:32:27.701 13341 13385 W DefaultFailureHandler: 	at ru.iteco.fmhandroid.ui.steps.ClaimsPageSteps.openClaimCard(ClaimsPageSteps.java:151)
12-06 13:32:27.701 13341 13385 W DefaultFailureHandler: 	at ru.iteco.fmhandroid.ui.ClaimsPageTest.shouldAddACommentToTheClaim(ClaimsPageTest.java:105)
12-06 13:32:27.701 13341 13385 W DefaultFailureHandler: 	at java.lang.reflect.Method.invoke(Native Method)
12-06 13:32:27.701 13341 13385 W DefaultFailureHandler: 	at org.junit.runners.model.FrameworkMethod$1.runReflectiveCall(FrameworkMethod.java:59)
12-06 13:32:27.701 13341 13385 W DefaultFailureHandler: 	at org.junit.internal.runners.model.ReflectiveCallable.run(ReflectiveCallable.java:12)
12-06 13:32:27.701 13341 13385 W DefaultFailureHandler: 	at org.junit.runners.model.FrameworkMethod.invokeExplosively(FrameworkMethod.java:56)
12-06 13:32:27.701 13341 13385 W DefaultFailureHandler: 	at org.junit.internal.runners.statements.InvokeMethod.evaluate(InvokeMethod.java:17)
12-06 13:32:27.701 13341 13385 W DefaultFailureHandler: 	at androidx.test.internal.runner.junit4.statement.RunBefores.evaluate(RunBefores.java:80)
12-06 13:32:27.701 13341 13385 W DefaultFailureHandler: 	at io.qameta.allure.android.rules.ScreenshotRule$apply$1.evaluate(ScreenshotRule.kt:22)
12-06 13:32:27.701 13341 13385 W DefaultFailureHandler: 	at org.junit.rules.ExternalResource$1.evaluate(ExternalResource.java:54)
12-06 13:32:27.701 13341 13385 W DefaultFailureHandler: 	at io.qameta.allure.android.rules.LogcatRule$apply$1.evaluate(LogcatRule.kt:23)
12-06 13:32:27.701 13341 13385 W DefaultFailureHandler: 	at org.junit.rules.RunRules.evaluate(RunRules.java:20)
12-06 13:32:27.701 13341 13385 W DefaultFailureHandler: 	at org.junit.runners.ParentRunner$3.evaluate(ParentRunner.java:306)
12-06 13:32:27.701 13341 13385 W DefaultFailureHandler: 	at org.junit.runners.BlockJUnit4ClassRunner$1.evaluate(BlockJUnit4ClassRunner.java:100)
12-06 13:32:27.701 13341 13385 W DefaultFailureHandler: 	at org.junit.runners.ParentRunner.runLeaf(ParentRunner.java:366)
12-06 13:32:27.701 13341 13385 W DefaultFailureHandler: 	at org.junit.runners.BlockJUnit4ClassRunner.runChild(BlockJUnit4ClassRunner.java:103)
12-06 13:32:27.701 13341 13385 W DefaultFailureHandler: 	at org.junit.runners.BlockJUnit4ClassRunner.runChild(BlockJUnit4ClassRunner.java:63)
12-06 13:32:27.701 13341 13385 W DefaultFailureHandler: 	at org.junit.runners.ParentRunner$4.run(ParentRunner.java:331)
12-06 13:32:27.701 13341 13385 W DefaultFailureHandler: 	at org.junit.runners.ParentRunner$1.schedule(ParentRunner.java:79)
12-06 13:32:27.701 13341 13385 W DefaultFailureHandler: 	at org.junit.runners.ParentRunner.runChildren(ParentRunner.java:329)
12-06 13:32:27.701 13341 13385 W DefaultFailureHandler: 	at org.junit.runners.ParentRunner.access$100(ParentRunner.java:66)
12-06 13:32:27.701 13341 13385 W DefaultFailureHandler: 	at org.junit.runners.ParentRunner$2.evaluate(ParentRunner.java:293)
12-06 13:32:27.701 13341 13385 W DefaultFailureHandler: 	at org.junit.runners.ParentRunner$3.evaluate(ParentRunner.java:306)
12-06 13:32:27.701 13341 13385 W DefaultFailureHandler: 	at org.junit.runners.ParentRunner.run(ParentRunner.java:413)
12-06 13:32:27.701 13341 13385 W DefaultFailureHandler: 	at androidx.test.ext.junit.runners.AndroidJUnit4.run(AndroidJUnit4.java:162)
12-06 13:32:27.701 13341 13385 W DefaultFailureHandler: 	at io.qameta.allure.android.runners.AllureAndroidJUnit4.run(AllureAndroidJUnitRunners.kt:29)
12-06 13:32:27.701 13341 13385 W DefaultFailureHandler: 	at org.junit.runners.Suite.runChild(Suite.java:128)
12-06 13:32:27.701 13341 13385 W DefaultFailureHandler: 	at org.junit.runners.Suite.runChild(Suite.java:27)
12-06 13:32:27.701 13341 13385 W DefaultFailureHandler: 	at org.junit.runners.ParentRunner$4.run(ParentRunner.java:331)
12-06 13:32:27.701 13341 13385 W DefaultFailureHandler: 	at org.junit.runners.ParentRunner$1.schedule(ParentRunner.java:79)
12-06 13:32:27.701 13341 13385 W DefaultFailureHandler: 	at org.junit.runners.ParentRunner.runChildren(ParentRunner.java:329)
12-06 13:32:27.701 13341 13385 W DefaultFailureHandler: 	at org.junit.runners.ParentRunner.access$100(ParentRunner.java:66)
12-06 13:32:27.701 13341 13385 W DefaultFailureHandler: 	at org.junit.runners.ParentRunner$2.evaluate(ParentRunner.java:293)
12-06 13:32:27.701 13341 13385 W DefaultFailureHandler: 	at org.junit.runners.ParentRunner$3.evaluate(ParentRunner.java:306)
12-06 13:32:27.701 13341 13385 W DefaultFailureHandler: 	at org.junit.runners.ParentRunner.run(ParentRunner.java:413)
12-06 13:32:27.701 13341 13385 W DefaultFailureHandler: 	at org.junit.runner.JUnitCore.run(JUnitCore.java:137)
12-06 13:32:27.701 13341 13385 W DefaultFailureHandler: 	at org.junit.runner.JUnitCore.run(JUnitCore.java:115)
12-06 13:32:27.701 13341 13385 W DefaultFailureHandler: 	at androidx.test.internal.runner.TestExecutor.execute(TestExecutor.java:67)
12-06 13:32:27.701 13341 13385 W DefaultFailureHandler: 	at androidx.test.internal.runner.TestExecutor.execute(TestExecutor.java:58)
12-06 13:32:27.701 13341 13385 W DefaultFailureHandler: 	at androidx.test.runner.AndroidJUnitRunner.onStart(AndroidJUnitRunner.java:438)
12-06 13:32:27.702 13341 13385 W DefaultFailureHandler: 	at android.app.Instrumentation$InstrumentationThread.run(Instrumentation.java:2189)
12-06 13:32:27.702 13341 13385 W DefaultFailureHandler: Caused by: android.system.ErrnoException: open failed: EROFS (Read-only file system)
12-06 13:32:27.702 13341 13385 W DefaultFailureHandler: 	at libcore.io.Linux.open(Native Method)
12-06 13:32:27.702 13341 13385 W DefaultFailureHandler: 	at libcore.io.ForwardingOs.open(ForwardingOs.java:167)
12-06 13:32:27.702 13341 13385 W DefaultFailureHandler: 	at libcore.io.BlockGuardOs.open(BlockGuardOs.java:252)
12-06 13:32:27.702 13341 13385 W DefaultFailureHandler: 	at libcore.io.ForwardingOs.open(ForwardingOs.java:167)
12-06 13:32:27.702 13341 13385 W DefaultFailureHandler: 	at android.app.ActivityThread$AndroidOs.open(ActivityThread.java:7255)
12-06 13:32:27.702 13341 13385 W DefaultFailureHandler: 	at libcore.io.IoBridge.open(IoBridge.java:482)
12-06 13:32:27.702 13341 13385 W DefaultFailureHandler: 	... 51 more
12-06 13:32:27.714  1776  1825 D gralloc_ranchu: gralloc_alloc: Creating ashmem region of size 10108928
12-06 13:32:27.984  2018  5837 I ActivityTaskManager: START u0 {act=android.intent.action.MAIN cat=[android.intent.category.LAUNCHER] flg=0x10000000 cmp=ru.iteco.fmhandroid.test/androidx.test.core.app.InstrumentationActivityInvoker$EmptyActivity} from uid 10146
12-06 13:32:27.994 13341 13341 D LifecycleMonitor: Lifecycle status change: ru.iteco.fmhandroid.ui.AppActivity@4d99d8f in: PAUSED
12-06 13:32:27.996 13341 13341 V ActivityScenario: Update currentActivityStage to PAUSED, currentActivity=ru.iteco.fmhandroid.ui.AppActivity@4d99d8f
12-06 13:32:27.998 13341 13379 V FA      : Recording user engagement, ms: 25802
12-06 13:32:28.000  2018  2127 W InputReader: Device has associated, but no associated display id.
12-06 13:32:28.002  2018  2127 I chatty  : uid=1000(system) Binder:2018_3 identical 28 lines
12-06 13:32:28.002  2018  2127 W InputReader: Device has associated, but no associated display id.
12-06 13:32:28.004 13396 13396 W ActivityThread: handleWindowVisibility: no activity for token android.os.BinderProxy@8831977
12-06 13:32:28.004  2018  2127 W InputReader: Device has associated, but no associated display id.
12-06 13:32:28.010  2018  2127 I chatty  : uid=1000(system) Binder:2018_3 identical 18 lines
12-06 13:32:28.010  2018  2127 W InputReader: Device has associated, but no associated display id.
12-06 13:32:28.049 13341 13379 V FA      : Connecting to remote service
12-06 13:32:28.058  2018  2459 I ActivityTaskManager: START u0 {act=android.intent.action.MAIN cat=[android.intent.category.LAUNCHER] flg=0x10000000 cmp=ru.iteco.fmhandroid.test/androidx.test.core.app.InstrumentationActivityInvoker$EmptyActivity} from uid 10146
12-06 13:32:28.075 13341 13379 V FA      : Connection attempt already in progress
12-06 13:32:28.075 13341 13379 V FA      : Activity paused, time: 9098068
12-06 13:32:28.087 13341 13379 D FA      : Connected to remote service
12-06 13:32:28.088 13341 13379 V FA      : Processing queued up service tasks: 2
12-06 13:32:28.089  2018  2459 W InputReader: Device has associated, but no associated display id.
12-06 13:32:28.096  2018  2459 I chatty  : uid=1000(system) Binder:2018_8 identical 48 lines
12-06 13:32:28.096  2018  2459 W InputReader: Device has associated, but no associated display id.
12-06 13:32:28.121 13396 13429 D HostConnection: HostConnection::get() New Host Connection established 0xdd856190, tid 13429
12-06 13:32:28.122 13396 13429 D HostConnection: HostComposition ext ANDROID_EMU_CHECKSUM_HELPER_v1 ANDROID_EMU_dma_v1 ANDROID_EMU_direct_mem ANDROID_EMU_host_composition_v1 ANDROID_EMU_host_composition_v2 ANDROID_EMU_vulkan ANDROID_EMU_deferred_vulkan_commands ANDROID_EMU_vulkan_null_optional_strings ANDROID_EMU_vulkan_create_resources_with_requirements ANDROID_EMU_YUV_Cache ANDROID_EMU_vulkan_ignored_handles ANDROID_EMU_vulkan_free_memory_sync ANDROID_EMU_vulkan_shader_float16_int8 ANDROID_EMU_vulkan_async_queue_submit ANDROID_EMU_sync_buffer_data GL_OES_vertex_array_object GL_KHR_texture_compression_astc_ldr ANDROID_EMU_host_side_tracing ANDROID_EMU_gles_max_version_2 
12-06 13:32:28.127 13396 13429 W OpenGLRenderer: Failed to choose config with EGL_SWAP_BEHAVIOR_PRESERVED, retrying without...
12-06 13:32:28.177  2873 13106 V FA-SVC  : Logging event: origin=auto,name=user_engagement(_e),params=Bundle[{ga_event_origin(_o)=auto, engagement_time_msec(_et)=25802, ga_screen_class(_sc)=AppActivity, ga_screen_id(_si)=6197573580858923200}]
12-06 13:32:28.181 13396 13429 D EGL_emulation: eglCreateContext: 0xdd81a240: maj 2 min 0 rcv 2
12-06 13:32:28.184 13396 13429 D EGL_emulation: eglMakeCurrent: 0xdd81a240: ver 2 0 (tinfo 0xdd80f150)
12-06 13:32:28.191  1776  1825 D gralloc_ranchu: gralloc_alloc: Creating ashmem region of size 10108928
12-06 13:32:28.193  1648  1648 I hwservicemanager: getTransport: Cannot find entry android.hardware.graphics.mapper@3.0::IMapper/default in either framework or device manifest.
12-06 13:32:28.194  1905  1905 E wifi_forwarder: RemoteConnection failed to initialize: RemoteConnection failed to open pipe
12-06 13:32:28.194 13396 13429 W Gralloc3: mapper 3.x is not supported
12-06 13:32:28.198 13396 13429 D HostConnection: createUnique: call
12-06 13:32:28.199 13396 13429 D HostConnection: HostConnection::get() New Host Connection established 0xdd8565f0, tid 13429
12-06 13:32:28.201 13396 13429 D HostConnection: HostComposition ext ANDROID_EMU_CHECKSUM_HELPER_v1 ANDROID_EMU_dma_v1 ANDROID_EMU_direct_mem ANDROID_EMU_host_composition_v1 ANDROID_EMU_host_composition_v2 ANDROID_EMU_vulkan ANDROID_EMU_deferred_vulkan_commands ANDROID_EMU_vulkan_null_optional_strings ANDROID_EMU_vulkan_create_resources_with_requirements ANDROID_EMU_YUV_Cache ANDROID_EMU_vulkan_ignored_handles ANDROID_EMU_vulkan_free_memory_sync ANDROID_EMU_vulkan_shader_float16_int8 ANDROID_EMU_vulkan_async_queue_submit ANDROID_EMU_sync_buffer_data GL_OES_vertex_array_object GL_KHR_texture_compression_astc_ldr ANDROID_EMU_host_side_tracing ANDROID_EMU_gles_max_version_2 
12-06 13:32:28.202 13396 13429 D eglCodecCommon: allocate: Ask for block of size 0x1000
12-06 13:32:28.202 13396 13429 D eglCodecCommon: allocate: ioctl allocate returned offset 0x3ff647000 size 0x2000
12-06 13:32:28.205  1776  1825 D gralloc_ranchu: gralloc_alloc: Creating ashmem region of size 10108928
12-06 13:32:28.206  1776  1776 D gralloc_ranchu: gralloc_alloc: Creating ashmem region of size 10108928
12-06 13:32:28.205  2873 13106 V FA-SVC  : Upload scheduled in approximately ms: 2010861
12-06 13:32:28.207  2873 13106 V FA-SVC  : Unscheduling upload
12-06 13:32:28.209 13396 13429 D EGL_emulation: eglMakeCurrent: 0xdd81a240: ver 2 0 (tinfo 0xdd80f150)
12-06 13:32:28.212  2873 13106 V FA-SVC  : Scheduling upload, millis: 2010861
12-06 13:32:28.223  2873 13106 V FA-SVC  : Background event processing time, ms: 45
12-06 13:32:28.254  2656 13312 E SQLiteDatabase: Error inserting flex_time=2010000 job_id=-1 period=4022000 source=16 requires_charging=0 preferred_network_type=1 target_class=com.google.android.gms.measurement.PackageMeasurementTaskService user_id=0 target_package=com.google.android.gms tag=Measurement.PackageMeasurementTaskService.UPLOAD_TASK_TAG task_type=0 required_idleness_state=0 service_kind=0 source_version=202414000 persistence_level=1 preferred_charging_state=1 required_network_type=0 runtime=1670333548225 retry_strategy={"maximum_backoff_seconds":{"3600":0},"initial_backoff_seconds":{"30":0},"retry_policy":{"0":0}} last_runtime=0
12-06 13:32:28.254  2656 13312 E SQLiteDatabase: android.database.sqlite.SQLiteConstraintException: UNIQUE constraint failed: pending_ops.tag, pending_ops.target_class, pending_ops.target_package, pending_ops.user_id (code 2067 SQLITE_CONSTRAINT_UNIQUE)
12-06 13:32:28.254  2656 13312 E SQLiteDatabase: 	at android.database.sqlite.SQLiteConnection.nativeExecuteForLastInsertedRowId(Native Method)
12-06 13:32:28.254  2656 13312 E SQLiteDatabase: 	at android.database.sqlite.SQLiteConnection.executeForLastInsertedRowId(SQLiteConnection.java:879)
12-06 13:32:28.254  2656 13312 E SQLiteDatabase: 	at android.database.sqlite.SQLiteSession.executeForLastInsertedRowId(SQLiteSession.java:790)
12-06 13:32:28.254  2656 13312 E SQLiteDatabase: 	at android.database.sqlite.SQLiteStatement.executeInsert(SQLiteStatement.java:88)
12-06 13:32:28.254  2656 13312 E SQLiteDatabase: 	at android.database.sqlite.SQLiteDatabase.insertWithOnConflict(SQLiteDatabase.java:1599)
12-06 13:32:28.254  2656 13312 E SQLiteDatabase: 	at android.database.sqlite.SQLiteDatabase.insert(SQLiteDatabase.java:1468)
12-06 13:32:28.254  2656 13312 E SQLiteDatabase: 	at aqui.a(:com.google.android.gms@202414022@20.24.14 (040700-319035315):175)
12-06 13:32:28.254  2656 13312 E SQLiteDatabase: 	at aqtk.a(:com.google.android.gms@202414022@20.24.14 (040700-319035315):182)
12-06 13:32:28.254  2656 13312 E SQLiteDatabase: 	at aqtk.a(:com.google.android.gms@202414022@20.24.14 (040700-319035315):23)
12-06 13:32:28.254  2656 13312 E SQLiteDatabase: 	at aqtk.a(:com.google.android.gms@202414022@20.24.14 (040700-319035315):177)
12-06 13:32:28.254  2656 13312 E SQLiteDatabase: 	at aqpu.run(:com.google.android.gms@202414022@20.24.14 (040700-319035315):9)
12-06 13:32:28.254  2656 13312 E SQLiteDatabase: 	at soy.b(:com.google.android.gms@202414022@20.24.14 (040700-319035315):12)
12-06 13:32:28.254  2656 13312 E SQLiteDatabase: 	at soy.run(:com.google.android.gms@202414022@20.24.14 (040700-319035315):7)
12-06 13:32:28.254  2656 13312 E SQLiteDatabase: 	at java.util.concurrent.ThreadPoolExecutor.runWorker(ThreadPoolExecutor.java:1167)
12-06 13:32:28.254  2656 13312 E SQLiteDatabase: 	at java.util.concurrent.ThreadPoolExecutor$Worker.run(ThreadPoolExecutor.java:641)
12-06 13:32:28.254  2656 13312 E SQLiteDatabase: 	at sux.run(:com.google.android.gms@202414022@20.24.14 (040700-319035315):0)
12-06 13:32:28.254  2656 13312 E SQLiteDatabase: 	at java.lang.Thread.run(Thread.java:919)
12-06 13:32:28.308 13396 13396 W ActivityThread: handleWindowVisibility: no activity for token android.os.BinderProxy@19f414
12-06 13:32:28.337  2018  2127 W ActivityTaskManager: Duplicate finish request for ActivityRecord{3b6c058 u0 ru.iteco.fmhandroid/.ui.AppActivity t109 f}
12-06 13:32:28.363  1776  1776 D gralloc_ranchu: gralloc_alloc: Creating ashmem region of size 10108928
12-06 13:32:28.364  1764  1891 W audio_hw_generic: Not supplying enough data to HAL, expected position 15380729 , only wrote 15345115
12-06 13:32:28.366  1776  1776 D gralloc_ranchu: gralloc_alloc: Creating ashmem region of size 10108928
12-06 13:32:28.367  1776  1776 D gralloc_ranchu: gralloc_alloc: Creating ashmem region of size 10108928
12-06 13:32:28.370 13396 13429 D EGL_emulation: eglMakeCurrent: 0xdd81a240: ver 2 0 (tinfo 0xdd80f150)
12-06 13:32:28.395  2018  2054 W InputReader: Device has associated, but no associated display id.
12-06 13:32:28.396  2018  2054 I chatty  : uid=1000(system) android.anim identical 18 lines
12-06 13:32:28.396  2018  2054 W InputReader: Device has associated, but no associated display id.
12-06 13:32:28.404  2018  2058 I ActivityTaskManager: Displayed ru.iteco.fmhandroid.test/androidx.test.core.app.InstrumentationActivityInvoker$EmptyActivity: +323ms
12-06 13:32:28.407  2018  2459 W InputReader: Device has associated, but no associated display id.
12-06 13:32:28.408  2018  2459 I chatty  : uid=1000(system) Binder:2018_8 identical 8 lines
12-06 13:32:28.408  2018  2459 W InputReader: Device has associated, but no associated display id.
12-06 13:32:28.414 13341 13432 D EGL_emulation: eglMakeCurrent: 0xf0c7ec80: ver 2 0 (tinfo 0xf0c892a0)
12-06 13:32:28.442  2018  2459 W InputReader: Device has associated, but no associated display id.
12-06 13:32:28.443  2018  2459 I chatty  : uid=1000(system) Binder:2018_8 identical 8 lines
12-06 13:32:28.443  2018  2459 W InputReader: Device has associated, but no associated display id.
12-06 13:32:28.453 13341 13341 D AutofillManager: onActivityFinishing(): calling cancelLocked()
12-06 13:32:28.454 13341 13341 D LifecycleMonitor: Lifecycle status change: ru.iteco.fmhandroid.ui.AppActivity@4d99d8f in: STOPPED
12-06 13:32:28.466  1776  1776 D gralloc_ranchu: gralloc_alloc: Creating ashmem region of size 10108928
12-06 13:32:28.466 13341 13341 V ActivityScenario: Update currentActivityStage to STOPPED, currentActivity=ru.iteco.fmhandroid.ui.AppActivity@4d99d8f
12-06 13:32:28.478  2018  2018 W ActivityManager: Unable to start service Intent { act=android.service.appprediction.AppPredictionService cmp=com.google.android.as/com.google.android.apps.miphone.aiai.app.AiAiPredictionService } U=0: not found
12-06 13:32:28.478  2018  2018 W RemoteAppPredictionService: could not bind to Intent { act=android.service.appprediction.AppPredictionService cmp=com.google.android.as/com.google.android.apps.miphone.aiai.app.AiAiPredictionService } using flags 67108865
12-06 13:32:28.480  1776  1776 D gralloc_ranchu: gralloc_alloc: Creating ashmem region of size 10108928
12-06 13:32:28.482  1776  1825 D gralloc_ranchu: gralloc_alloc: Creating ashmem region of size 10108928
12-06 13:32:28.486  2962  3510 D EGL_emulation: eglMakeCurrent: 0xe597d120: ver 2 0 (tinfo 0xbffb2540)
12-06 13:32:28.503  1776  1825 D gralloc_ranchu: gralloc_alloc: Creating ashmem region of size 10108928
12-06 13:32:28.512  1776  1776 D gralloc_ranchu: gralloc_alloc: Creating ashmem region of size 10108928
12-06 13:32:28.517  1776  1776 D gralloc_ranchu: gralloc_alloc: Creating ashmem region of size 10108928
12-06 13:32:28.522 12448 12488 D EGL_emulation: eglMakeCurrent: 0xe594d140: ver 2 0 (tinfo 0xc539bd10)
12-06 13:32:28.538 13341 13341 W System.err: ru.iteco.fmhandroid.exceptions.UnknownException
12-06 13:32:28.541 13341 13341 W System.err: 	at ru.iteco.fmhandroid.utils.Utils.makeRequest(Utils.kt:123)
12-06 13:32:28.541 13341 13341 W System.err: 	at ru.iteco.fmhandroid.utils.Utils$makeRequest$1.invokeSuspend(Unknown Source:15)
12-06 13:32:28.541 13341 13341 W System.err: 	at kotlin.coroutines.jvm.internal.BaseContinuationImpl.resumeWith(ContinuationImpl.kt:33)
12-06 13:32:28.541 13341 13341 W System.err: 	at kotlinx.coroutines.DispatchedTaskKt.resume(DispatchedTask.kt:234)
12-06 13:32:28.542 13341 13341 W System.err: 	at kotlinx.coroutines.DispatchedTaskKt.resumeUnconfined(DispatchedTask.kt:190)
12-06 13:32:28.542 13341 13341 W System.err: 	at kotlinx.coroutines.DispatchedTaskKt.dispatch(DispatchedTask.kt:161)
12-06 13:32:28.542 13341 13341 W System.err: 	at kotlinx.coroutines.CancellableContinuationImpl.dispatchResume(CancellableContinuationImpl.kt:397)
12-06 13:32:28.542 13341 13341 W System.err: 	at kotlinx.coroutines.CancellableContinuationImpl.cancel(CancellableContinuationImpl.kt:183)
12-06 13:32:28.542 13341 13341 W System.err: 	at kotlinx.coroutines.CancellableContinuationImpl.parentCancelled$kotlinx_coroutines_core(CancellableContinuationImpl.kt:190)
12-06 13:32:28.542 13341 13341 W System.err: 	at kotlinx.coroutines.ChildContinuation.invoke(JobSupport.kt:1474)
12-06 13:32:28.542 13341 13341 W System.err: 	at kotlinx.coroutines.JobSupport.notifyCancelling(JobSupport.kt:1499)
12-06 13:32:28.542 13341 13341 W System.err: 	at kotlinx.coroutines.JobSupport.tryMakeCancelling(JobSupport.kt:795)
12-06 13:32:28.542 13341 13341 W System.err: 	at kotlinx.coroutines.JobSupport.makeCancelling(JobSupport.kt:755)
12-06 13:32:28.542 13341 13341 W System.err: 	at kotlinx.coroutines.JobSupport.cancelImpl$kotlinx_coroutines_core(JobSupport.kt:671)
12-06 13:32:28.542 13341 13341 W System.err: 	at kotlinx.coroutines.JobSupport.parentCancelled(JobSupport.kt:637)
12-06 13:32:28.542 13341 13341 W System.err: 	at kotlinx.coroutines.ChildHandleNode.invoke(JobSupport.kt:1465)
12-06 13:32:28.543 13341 13341 W System.err: 	at kotlinx.coroutines.JobSupport.notifyCancelling(JobSupport.kt:1499)
12-06 13:32:28.543 13341 13341 W System.err: 	at kotlinx.coroutines.JobSupport.tryMakeCompletingSlowPath(JobSupport.kt:900)
12-06 13:32:28.543 13341 13341 W System.err: 	at kotlinx.coroutines.JobSupport.tryMakeCompleting(JobSupport.kt:863)
12-06 13:32:28.543 13341 13341 W System.err: 	at kotlinx.coroutines.JobSupport.cancelMakeCompleting(JobSupport.kt:696)
12-06 13:32:28.543 13341 13341 W System.err: 	at kotlinx.coroutines.JobSupport.cancelImpl$kotlinx_coroutines_core(JobSupport.kt:667)
12-06 13:32:28.543 13341 13341 W System.err: 	at kotlinx.coroutines.JobSupport.cancelInternal(JobSupport.kt:632)
12-06 13:32:28.543 13341 13341 W System.err: 	at kotlinx.coroutines.JobSupport.cancel(JobSupport.kt:617)
12-06 13:32:28.543 13341 13341 W System.err: 	at kotlinx.coroutines.JobKt__JobKt.cancel(Job.kt:561)
12-06 13:32:28.543 13341 13341 W System.err: 	at kotlinx.coroutines.JobKt.cancel(Unknown Source:1)
12-06 13:32:28.543 13341 13341 W System.err: 	at kotlinx.coroutines.JobKt__JobKt.cancel$default(Job.kt:560)
12-06 13:32:28.543 13341 13341 W System.err: 	at kotlinx.coroutines.JobKt.cancel$default(Unknown Source:1)
12-06 13:32:28.543 13341 13341 W System.err: 	at androidx.lifecycle.CloseableCoroutineScope.close(ViewModel.kt:51)
12-06 13:32:28.543 13341 13341 W System.err: 	at androidx.lifecycle.ViewModel.closeWithRuntimeException(ViewModel.java:188)
12-06 13:32:28.543 13341 13341 W System.err: 	at androidx.lifecycle.ViewModel.clear(ViewModel.java:134)
12-06 13:32:28.543 13341 13341 W System.err: 	at androidx.lifecycle.ViewModelStore.clear(ViewModelStore.java:62)
12-06 13:32:28.543 13341 13341 W System.err: 	at androidx.fragment.app.FragmentManagerViewModel.clearNonConfigStateInternal(FragmentManagerViewModel.java:210)
12-06 13:32:28.543 13341 13341 W System.err: 	at androidx.fragment.app.FragmentManagerViewModel.clearNonConfigState(FragmentManagerViewModel.java:190)
12-06 13:32:28.543 13341 13341 W System.err: 	at androidx.fragment.app.FragmentStateManager.destroy(FragmentStateManager.java:778)
12-06 13:32:28.543 13341 13341 W System.err: 	at androidx.fragment.app.FragmentStateManager.moveToExpectedState(FragmentStateManager.java:335)
12-06 13:32:28.543 13341 13341 W System.err: 	at androidx.fragment.app.FragmentStore.moveToExpectedState(FragmentStore.java:113)
12-06 13:32:28.544 13341 13341 W System.err: 	at androidx.fragment.app.FragmentManager.moveToState(FragmentManager.java:1374)
12-06 13:32:28.544 13341 13341 W System.err: 	at androidx.fragment.app.FragmentManager.dispatchStateChange(FragmentManager.java:2841)
12-06 13:32:28.544 13341 13341 W System.err: 	at androidx.fragment.app.FragmentManager.dispatchDestroy(FragmentManager.java:2820)
12-06 13:32:28.544 13341 13341 W System.err: 	at androidx.fragment.app.Fragment.performDestroy(Fragment.java:3246)
12-06 13:32:28.544 13341 13341 W System.err: 	at androidx.fragment.app.FragmentStateManager.destroy(FragmentStateManager.java:780)
12-06 13:32:28.544 13341 13341 W System.err: 	at androidx.fragment.app.FragmentStateManager.moveToExpectedState(FragmentStateManager.java:335)
12-06 13:32:28.544 13341 13341 W System.err: 	at androidx.fragment.app.SpecialEffectsController$FragmentStateManagerOperation.complete(SpecialEffectsController.java:771)
12-06 13:32:28.544 13341 13341 W System.err: 	at androidx.fragment.app.SpecialEffectsController$Operation.cancel(SpecialEffectsController.java:615)
12-06 13:32:28.544 13341 13341 W System.err: 	at androidx.fragment.app.SpecialEffectsController.forceCompleteAllOperations(SpecialEffectsController.java:350)
12-06 13:32:28.544 13341 13341 W System.err: 	at androidx.fragment.app.FragmentManager.dispatchStateChange(FragmentManager.java:2844)
12-06 13:32:28.545 13341 13341 W System.err: 	at androidx.fragment.app.FragmentManager.dispatchDestroy(FragmentManager.java:2820)
12-06 13:32:28.545 13341 13341 W System.err: 	at androidx.fragment.app.FragmentController.dispatchDestroy(FragmentController.java:345)
12-06 13:32:28.545 13341 13341 W System.err: 	at androidx.fragment.app.FragmentActivity.onDestroy(FragmentActivity.java:306)
12-06 13:32:28.545 13341 13341 W System.err: 	at androidx.appcompat.app.AppCompatActivity.onDestroy(AppCompatActivity.java:278)
12-06 13:32:28.545 13341 13341 W System.err: 	at android.app.Activity.performDestroy(Activity.java:8048)
12-06 13:32:28.545 13341 13341 W System.err: 	at android.app.Instrumentation.callActivityOnDestroy(Instrumentation.java:1334)
12-06 13:32:28.545 13341 13341 W System.err: 	at androidx.test.runner.MonitoringInstrumentation.callActivityOnDestroy(MonitoringInstrumentation.java:766)
12-06 13:32:28.546 13341 13341 W System.err: 	at android.app.ActivityThread.performDestroyActivity(ActivityThread.java:4926)
12-06 13:32:28.546 13341 13341 W System.err: 	at android.app.ActivityThread.handleDestroyActivity(ActivityThread.java:4970)
12-06 13:32:28.546 13341 13341 W System.err: 	at android.app.servertransaction.DestroyActivityItem.execute(DestroyActivityItem.java:44)
12-06 13:32:28.546 13341 13341 W System.err: 	at android.app.servertransaction.TransactionExecutor.executeLifecycleState(TransactionExecutor.java:176)
12-06 13:32:28.546 13341 13341 W System.err: 	at android.app.servertransaction.TransactionExecutor.execute(TransactionExecutor.java:97)
12-06 13:32:28.546 13341 13341 W System.err: 	at android.app.ActivityThread$H.handleMessage(ActivityThread.java:2016)
12-06 13:32:28.546 13341 13341 W System.err: 	at android.os.Handler.dispatchMessage(Handler.java:107)
12-06 13:32:28.549 13341 13341 W System.err: 	at android.os.Looper.loop(Looper.java:214)
12-06 13:32:28.553 13341 13341 W System.err: 	at android.app.ActivityThread.main(ActivityThread.java:7356)
12-06 13:32:28.553 13341 13341 W System.err: 	at java.lang.reflect.Method.invoke(Native Method)
12-06 13:32:28.553 13341 13341 W System.err: 	at com.android.internal.os.RuntimeInit$MethodAndArgsCaller.run(RuntimeInit.java:492)
12-06 13:32:28.553 13341 13341 W System.err: 	at com.android.internal.os.ZygoteInit.main(ZygoteInit.java:930)
12-06 13:32:28.558  2962  2962 W ThreadPoolDumper: Queue length for executor EventBus is now 11. Perhaps some tasks are too long, or the pool is too small.
12-06 13:32:28.563 13341 13341 W System.err: ru.iteco.fmhandroid.exceptions.UnknownException
12-06 13:32:28.563 13341 13341 W System.err: 	at ru.iteco.fmhandroid.utils.Utils.makeRequest(Utils.kt:123)
12-06 13:32:28.563 13341 13341 W System.err: 	at ru.iteco.fmhandroid.utils.Utils$makeRequest$1.invokeSuspend(Unknown Source:15)
12-06 13:32:28.563 13341 13341 W System.err: 	at kotlin.coroutines.jvm.internal.BaseContinuationImpl.resumeWith(ContinuationImpl.kt:33)
12-06 13:32:28.563 13341 13341 W System.err: 	at kotlinx.coroutines.DispatchedTaskKt.resume(DispatchedTask.kt:234)
12-06 13:32:28.563 13341 13341 W System.err: 	at kotlinx.coroutines.DispatchedTaskKt.resumeUnconfined(DispatchedTask.kt:190)
12-06 13:32:28.565 13341 13341 W System.err: 	at kotlinx.coroutines.DispatchedTaskKt.dispatch(DispatchedTask.kt:161)
12-06 13:32:28.565 13341 13341 W System.err: 	at kotlinx.coroutines.CancellableContinuationImpl.dispatchResume(CancellableContinuationImpl.kt:397)
12-06 13:32:28.565 13341 13341 W System.err: 	at kotlinx.coroutines.CancellableContinuationImpl.cancel(CancellableContinuationImpl.kt:183)
12-06 13:32:28.565 13341 13341 W System.err: 	at kotlinx.coroutines.CancellableContinuationImpl.parentCancelled$kotlinx_coroutines_core(CancellableContinuationImpl.kt:190)
12-06 13:32:28.565 13341 13341 W System.err: 	at kotlinx.coroutines.ChildContinuation.invoke(JobSupport.kt:1474)
12-06 13:32:28.565 13341 13341 W System.err: 	at kotlinx.coroutines.JobSupport.notifyCancelling(JobSupport.kt:1499)
12-06 13:32:28.565 13341 13341 W System.err: 	at kotlinx.coroutines.JobSupport.tryMakeCancelling(JobSupport.kt:795)
12-06 13:32:28.565 13341 13341 W System.err: 	at kotlinx.coroutines.JobSupport.makeCancelling(JobSupport.kt:755)
12-06 13:32:28.565 13341 13341 W System.err: 	at kotlinx.coroutines.JobSupport.cancelImpl$kotlinx_coroutines_core(JobSupport.kt:671)
12-06 13:32:28.565 13341 13341 W System.err: 	at kotlinx.coroutines.JobSupport.parentCancelled(JobSupport.kt:637)
12-06 13:32:28.565 13341 13341 W System.err: 	at kotlinx.coroutines.ChildHandleNode.invoke(JobSupport.kt:1465)
12-06 13:32:28.565 13341 13341 W System.err: 	at kotlinx.coroutines.JobSupport.notifyCancelling(JobSupport.kt:1499)
12-06 13:32:28.566 13341 13341 W System.err: 	at kotlinx.coroutines.JobSupport.tryMakeCompletingSlowPath(JobSupport.kt:900)
12-06 13:32:28.566 13341 13341 W System.err: 	at kotlinx.coroutines.JobSupport.tryMakeCompleting(JobSupport.kt:863)
12-06 13:32:28.566 13341 13341 W System.err: 	at kotlinx.coroutines.JobSupport.cancelMakeCompleting(JobSupport.kt:696)
12-06 13:32:28.566 13341 13341 W System.err: 	at kotlinx.coroutines.JobSupport.cancelImpl$kotlinx_coroutines_core(JobSupport.kt:667)
12-06 13:32:28.567 13341 13341 W System.err: 	at kotlinx.coroutines.JobSupport.cancelInternal(JobSupport.kt:632)
12-06 13:32:28.567 13341 13341 W System.err: 	at kotlinx.coroutines.JobSupport.cancel(JobSupport.kt:617)
12-06 13:32:28.567 13341 13341 W System.err: 	at kotlinx.coroutines.JobKt__JobKt.cancel(Job.kt:561)
12-06 13:32:28.567 13341 13341 W System.err: 	at kotlinx.coroutines.JobKt.cancel(Unknown Source:1)
12-06 13:32:28.567 13341 13341 W System.err: 	at kotlinx.coroutines.JobKt__JobKt.cancel$default(Job.kt:560)
12-06 13:32:28.567 13341 13341 W System.err: 	at kotlinx.coroutines.JobKt.cancel$default(Unknown Source:1)
12-06 13:32:28.567 13341 13341 W System.err: 	at androidx.lifecycle.CloseableCoroutineScope.close(ViewModel.kt:51)
12-06 13:32:28.567 13341 13341 W System.err: 	at androidx.lifecycle.ViewModel.closeWithRuntimeException(ViewModel.java:188)
12-06 13:32:28.567 13341 13341 W System.err: 	at androidx.lifecycle.ViewModel.clear(ViewModel.java:134)
12-06 13:32:28.567 13341 13341 W System.err: 	at androidx.lifecycle.ViewModelStore.clear(ViewModelStore.java:62)
12-06 13:32:28.567 13341 13341 W System.err: 	at androidx.fragment.app.FragmentManagerViewModel.clearNonConfigStateInternal(FragmentManagerViewModel.java:210)
12-06 13:32:28.567 13341 13341 W System.err: 	at androidx.fragment.app.FragmentManagerViewModel.clearNonConfigState(FragmentManagerViewModel.java:190)
12-06 13:32:28.567 13341 13341 W System.err: 	at androidx.fragment.app.FragmentStateManager.destroy(FragmentStateManager.java:778)
12-06 13:32:28.567 13341 13341 W System.err: 	at androidx.fragment.app.FragmentStateManager.moveToExpectedState(FragmentStateManager.java:335)
12-06 13:32:28.567 13341 13341 W System.err: 	at androidx.fragment.app.FragmentStore.moveToExpectedState(FragmentStore.java:113)
12-06 13:32:28.567 13341 13341 W System.err: 	at androidx.fragment.app.FragmentManager.moveToState(FragmentManager.java:1374)
12-06 13:32:28.567 13341 13341 W System.err: 	at androidx.fragment.app.FragmentManager.dispatchStateChange(FragmentManager.java:2841)
12-06 13:32:28.567 13341 13341 W System.err: 	at androidx.fragment.app.FragmentManager.dispatchDestroy(FragmentManager.java:2820)
12-06 13:32:28.567 13341 13341 W System.err: 	at androidx.fragment.app.Fragment.performDestroy(Fragment.java:3246)
12-06 13:32:28.567 13341 13341 W System.err: 	at androidx.fragment.app.FragmentStateManager.destroy(FragmentStateManager.java:780)
12-06 13:32:28.567 13341 13341 W System.err: 	at androidx.fragment.app.FragmentStateManager.moveToExpectedState(FragmentStateManager.java:335)
12-06 13:32:28.567 13341 13341 W System.err: 	at androidx.fragment.app.SpecialEffectsController$FragmentStateManagerOperation.complete(SpecialEffectsController.java:771)
12-06 13:32:28.567 13341 13341 W System.err: 	at androidx.fragment.app.SpecialEffectsController$Operation.cancel(SpecialEffectsController.java:615)
12-06 13:32:28.567 13341 13341 W System.err: 	at androidx.fragment.app.SpecialEffectsController.forceCompleteAllOperations(SpecialEffectsController.java:350)
12-06 13:32:28.567 13341 13341 W System.err: 	at androidx.fragment.app.FragmentManager.dispatchStateChange(FragmentManager.java:2844)
12-06 13:32:28.567 13341 13341 W System.err: 	at androidx.fragment.app.FragmentManager.dispatchDestroy(FragmentManager.java:2820)
12-06 13:32:28.567 13341 13341 W System.err: 	at androidx.fragment.app.FragmentController.dispatchDestroy(FragmentController.java:345)
12-06 13:32:28.567 13341 13341 W System.err: 	at androidx.fragment.app.FragmentActivity.onDestroy(FragmentActivity.java:306)
12-06 13:32:28.567 13341 13341 W System.err: 	at androidx.appcompat.app.AppCompatActivity.onDestroy(AppCompatActivity.java:278)
12-06 13:32:28.567 13341 13341 W System.err: 	at android.app.Activity.performDestroy(Activity.java:8048)
12-06 13:32:28.567 13341 13341 W System.err: 	at android.app.Instrumentation.callActivityOnDestroy(Instrumentation.java:1334)
12-06 13:32:28.567 13341 13341 W System.err: 	at androidx.test.runner.MonitoringInstrumentation.callActivityOnDestroy(MonitoringInstrumentation.java:766)
12-06 13:32:28.568 13341 13341 W System.err: 	at android.app.ActivityThread.performDestroyActivity(ActivityThread.java:4926)
12-06 13:32:28.568 13341 13341 W System.err: 	at android.app.ActivityThread.handleDestroyActivity(ActivityThread.java:4970)
12-06 13:32:28.568 13341 13341 W System.err: 	at android.app.servertransaction.DestroyActivityItem.execute(DestroyActivityItem.java:44)
