--------- beginning of main
12-06 13:31:58.007  2962  3348 W ThreadPoolDumper: Queue length for executor EventBus is now 11. Perhaps some tasks are too long, or the pool is too small.
12-06 13:31:58.014  2170  2566 D EGL_emulation: eglMakeCurrent: 0xe594e040: ver 2 0 (tinfo 0xc52450c0)
12-06 13:31:58.028  2170  2566 D EGL_emulation: eglMakeCurrent: 0xe594e040: ver 2 0 (tinfo 0xc52450c0)
12-06 13:31:58.040  2962  3348 W SessionLifecycleManager: Handover failed. Creating new session controller.
12-06 13:31:58.116  2962 12813 W LocationOracle: No location history returned by ContextManager
--------- beginning of system
12-06 13:31:58.125  2018  3038 I ActivityManager: Force stopping ru.iteco.fmhandroid appid=10146 user=0: from pid 13303
12-06 13:31:58.141  2298  2298 D CarrierSvcBindHelper: No carrier app for: 0
12-06 13:31:58.156  2962  3348 I MicroDetectionWorker: #startMicroDetector [speakerMode: 0]
12-06 13:31:58.157  2962  3348 W ErrorReporter: reportError [type: 211, code: 393244, bug: 0]: errorCode: 393244, engine: 0
12-06 13:31:58.159  2656  3542 W GCoreFlp: No location to return for getLastLocation()
12-06 13:31:58.160  2962  3348 I MicroDetector: Keeping mic open: false
12-06 13:31:58.160  2962  3348 I MicroDetectionWorker: #onError(false)
12-06 13:31:58.206  2656 13273 W ctxmgr  : [AclManager] No 3 for (accnt=account#-517948760#, com.google.android.gms(10112):UserVelocityProducer, vrsn=202414022, 0, 3pPkg = null ,  3pMdlId = null ,  pid = 2656). Was: 3 for 1, account#-517948760# [CONTEXT service_id=47 ]
12-06 13:31:58.239  2656  3542 W GCoreFlp: No location to return for getLastLocation()
12-06 13:31:58.245  2656 13274 I LogUtils: [Places]: ?: Couldn't find platform key file. [CONTEXT service_id=253 ]
12-06 13:31:58.336  2018  4653 I ActivityManager: Force stopping ru.iteco.fmhandroid.test appid=10147 user=0: from pid 13318
12-06 13:31:58.338  2018  4653 I ActivityManager: Killing 13115:ru.iteco.fmhandroid.test/u0a147 (adj 900): stop ru.iteco.fmhandroid.test
12-06 13:31:58.356  2298  2298 D CarrierSvcBindHelper: No carrier app for: 0
12-06 13:31:58.394  2656  2656 I GeofencerStateMachine: removeGeofences: removeRequest=RemoveGeofencingRequest[REMOVE_BY_PENDING_INTENT pendingIntent=PendingIntent[creatorPackage=com.google.android.gms], packageName=com.google.android.gms]
12-06 13:31:58.397  2656 13317 I PlacesLogger: [PlaceInferenceEngine]: [anon] Changed inference mode: 0 [CONTEXT service_id=253 ]
12-06 13:31:58.397  2656 13274 I LogUtils: [Places]: ?: Couldn't find platform key file. [CONTEXT service_id=253 ]
12-06 13:31:58.398  2656  2656 I GeofencerStateMachine: removeGeofences: removeRequest=RemoveGeofencingRequest[REMOVE_BY_PENDING_INTENT pendingIntent=PendingIntent[creatorPackage=com.google.android.gms], packageName=com.google.android.gms]
12-06 13:31:58.405  1745  1745 I Zygote  : Process 13115 exited due to signal 9 (Killed)
12-06 13:31:58.406  2018  2053 W ActivityManager: setHasOverlayUi called on unknown pid: 13115
12-06 13:31:58.414  2656 13270 I LogUtils: [Places]: ?: Couldn't find platform key file. [CONTEXT service_id=253 ]
12-06 13:31:58.424  2018  2061 I libprocessgroup: Successfully killed process cgroup uid 10147 pid 13115 in 83ms
12-06 13:31:58.435  2656  3542 W GCoreFlp: No location to return for getLastLocation()
12-06 13:31:58.449  2656 13273 I ctxmgr  : [ProducerStatusImpl] updateStateForNewContextData: inactive, contextName=7 [CONTEXT service_id=47 ]
12-06 13:31:58.468  2298  2315 I m.android.phon: Background concurrent copying GC freed 11443(1215KB) AllocSpace objects, 0(0B) LOS objects, 49% free, 1704KB/3408KB, paused 2.993ms total 146.519ms
12-06 13:31:58.473  2656 13270 I LogUtils: [Places]: ?: Couldn't find platform key file. [CONTEXT service_id=253 ]
12-06 13:31:58.483  2656 13270 I LogUtils: [Places]: ?: Couldn't find platform key file. [CONTEXT service_id=253 ]
12-06 13:31:58.496  2656 13312 I LogUtils: [Places]: ?: Couldn't find platform key file. [CONTEXT service_id=253 ]
12-06 13:31:58.524  2656  3542 W GCoreFlp: No location to return for getLastLocation()
12-06 13:31:58.557  2656 13317 I LogUtils: [Places]: ?: PlacesBleScanner start() with priority 2 [CONTEXT service_id=253 ]
12-06 13:31:58.559  2656 13317 I PlacesLogger: [PlaceInferenceEngine]: [anon] Changed inference mode: 1 [CONTEXT service_id=253 ]
12-06 13:31:58.589  2656  2656 E BeaconBle: Missing BluetoothAdapter [CONTEXT service_id=111 ]
12-06 13:31:58.590  2656  2656 I BeaconBle: BLE 'KK+' software access layer enabled [CONTEXT service_id=111 ]
12-06 13:31:58.595  2656  3542 W GCoreFlp: No location to return for getLastLocation()
12-06 13:31:58.601  2656  2656 I BeaconBle: Client requested scan, settings=BleSettings [scanMode=ZERO_POWER, callbackType=ALL_MATCHES, reportDelayMillis=0, 1 filters, 0 clients, callingClientName=Places] [CONTEXT service_id=111 ]
12-06 13:31:58.601  2656  2656 I BeaconBle: Scan : No clients left, canceling alarm. [CONTEXT service_id=111 ]
12-06 13:31:58.603  2656  2656 E BeaconBle: Scan couldn't start for Places [CONTEXT service_id=111 ]
12-06 13:31:58.603  2656  2656 W Places  : BLE failure while scanning - code 5
12-06 13:31:58.755 13326 13326 D AndroidRuntime: >>>>>> START com.android.internal.os.RuntimeInit uid 2000 <<<<<<
12-06 13:31:58.775 13326 13326 E libc    : Access denied finding property "persist.device_config.runtime_native_boot.enable_apex_image"
12-06 13:31:58.775 13326 13326 I AndroidRuntime: Using default boot image
12-06 13:31:58.775 13326 13326 E libc    : Access denied finding property "persist.device_config.runtime_native_boot.disable_lock_profiling"
12-06 13:31:58.775 13326 13326 I AndroidRuntime: Leaving lock profiling enabled
12-06 13:31:58.775 13326 13326 E libc    : Access denied finding property "persist.device_config.runtime_native_boot.enable_generational_cc"
12-06 13:31:58.773 13326 13326 W app_process: type=1400 audit(0.0:133): avc: denied { read } for name="u:object_r:device_config_runtime_native_boot_prop:s0" dev="tmpfs" ino=7294 scontext=u:r:shell:s0 tcontext=u:object_r:device_config_runtime_native_boot_prop:s0 tclass=file permissive=0
12-06 13:31:58.773 13326 13326 W app_process: type=1400 audit(0.0:134): avc: denied { read } for name="u:object_r:device_config_runtime_native_boot_prop:s0" dev="tmpfs" ino=7294 scontext=u:r:shell:s0 tcontext=u:object_r:device_config_runtime_native_boot_prop:s0 tclass=file permissive=0
12-06 13:31:58.773 13326 13326 W app_process: type=1400 audit(0.0:135): avc: denied { read } for name="u:object_r:device_config_runtime_native_boot_prop:s0" dev="tmpfs" ino=7294 scontext=u:r:shell:s0 tcontext=u:object_r:device_config_runtime_native_boot_prop:s0 tclass=file permissive=0
12-06 13:31:58.788 13326 13326 I app_process: Core platform API reporting enabled, enforcing=false
12-06 13:31:59.140 13326 13326 D ICU     : Time zone APEX file found: /apex/com.android.tzdata/etc/icu/icu_tzdata.dat
12-06 13:31:59.154 13326 13326 W app_process: Unexpected CPU variant for X86 using defaults: x86
12-06 13:31:59.162 13326 13326 I app_process: The ClassLoaderContext is a special shared library.
12-06 13:31:59.164  2018  2127 D WificondControl: Scan result ready event
12-06 13:31:59.182 13326 13326 W app_process: JNI RegisterNativeMethods: attempt to register 0 native methods for android.media.AudioAttributes
12-06 13:31:59.186 13326 13326 D AndroidRuntime: Calling main entry com.android.commands.am.Am
12-06 13:31:59.193  2018  2127 I ActivityManager: Force stopping ru.iteco.fmhandroid appid=10146 user=0: start instr
12-06 13:31:59.202  1745  1745 D Zygote  : Forked child process 13341
12-06 13:31:59.207 13341 13341 I teco.fmhandroi: Late-enabling -Xcheck:jni
12-06 13:31:59.209  2018  2060 I ActivityManager: Start proc 13341:ru.iteco.fmhandroid/u0a146 for added application ru.iteco.fmhandroid
12-06 13:31:59.221 13341 13341 E teco.fmhandroi: Unknown bits set in runtime_flags: 0x8000
12-06 13:31:59.223 13341 13341 W teco.fmhandroi: Unexpected CPU variant for X86 using defaults: x86
12-06 13:31:59.297 13341 13341 I teco.fmhandroi: The ClassLoaderContext is a special shared library.
12-06 13:31:59.299 13341 13341 I teco.fmhandroi: The ClassLoaderContext is a special shared library.
12-06 13:31:59.479 13341 13341 W teco.fmhandroi: ClassLoaderContext classpath size mismatch. expected=0, found=7 (PCL[] | PCL[/system/framework/android.test.runner.jar*3312018701:/system/framework/android.test.mock.jar*3601177991:/data/app/ru.iteco.fmhandroid.test-gGcoL2Ys2u9lDnNrgHcgmg==/base.apk*125722370:/data/app/ru.iteco.fmhandroid.test-gGcoL2Ys2u9lDnNrgHcgmg==/base.apk!classes2.dex*2301094307:/data/app/ru.iteco.fmhandroid.test-gGcoL2Ys2u9lDnNrgHcgmg==/base.apk!classes3.dex*862235386:/data/app/ru.iteco.fmhandroid.test-gGcoL2Ys2u9lDnNrgHcgmg==/base.apk!classes4.dex*592257888:/data/app/ru.iteco.fmhandroid.test-gGcoL2Ys2u9lDnNrgHcgmg==/base.apk!classes5.dex*2981505913])
12-06 13:31:59.481 13341 13341 W teco.fmhandroi: Found duplicate classes, falling back to extracting from APK : /data/app/ru.iteco.fmhandroid-R0QVQlEGwG1IVzN-H3bqog==/base.apk
12-06 13:31:59.481 13341 13341 W teco.fmhandroi: NOTE: This wastes RAM and hurts startup performance.
12-06 13:31:59.481 13341 13341 W teco.fmhandroi: Found duplicated class when checking oat files: 'Lcom/google/common/util/concurrent/ListenableFuture;' in /data/app/ru.iteco.fmhandroid.test-gGcoL2Ys2u9lDnNrgHcgmg==/base.apk and /data/app/ru.iteco.fmhandroid-R0QVQlEGwG1IVzN-H3bqog==/base.apk
12-06 13:31:59.481 13341 13341 W teco.fmhandroi: 
12-06 13:31:59.859 13341 13341 I teco.fmhandroi: The ClassLoaderContext is a special shared library.
12-06 13:31:59.859 13341 13341 I teco.fmhandroi: The ClassLoaderContext is a special shared library.
12-06 13:32:00.008  2170  2170 D KeyguardClockSwitch: Updating clock: 132
12-06 13:32:00.041 13341 13341 W teco.fmhandroi: ClassLoaderContext classpath size mismatch. expected=0, found=7 (PCL[] | PCL[/system/framework/android.test.runner.jar*3312018701:/system/framework/android.test.mock.jar*3601177991:/data/app/ru.iteco.fmhandroid.test-gGcoL2Ys2u9lDnNrgHcgmg==/base.apk*125722370:/data/app/ru.iteco.fmhandroid.test-gGcoL2Ys2u9lDnNrgHcgmg==/base.apk!classes2.dex*2301094307:/data/app/ru.iteco.fmhandroid.test-gGcoL2Ys2u9lDnNrgHcgmg==/base.apk!classes3.dex*862235386:/data/app/ru.iteco.fmhandroid.test-gGcoL2Ys2u9lDnNrgHcgmg==/base.apk!classes4.dex*592257888:/data/app/ru.iteco.fmhandroid.test-gGcoL2Ys2u9lDnNrgHcgmg==/base.apk!classes5.dex*2981505913];PCL[/system/framework/android.test.runner.jar*3312018701:/system/framework/android.test.mock.jar*3601177991:/data/app/ru.iteco.fmhandroid.test-gGcoL2Ys2u9lDnNrgHcgmg==/base.apk*125722370:/data/app/ru.iteco.fmhandroid.test-gGcoL2Ys2u9lDnNrgHcgmg==/base.apk!classes2.dex*2301094307:/data/app/ru.iteco.fmhandroid.test-gGcoL2Ys2u9lDnNrgHcgmg==/base.apk!classes3.dex*862235386:/data/app/ru.iteco.f
12-06 13:32:00.043 13341 13341 W teco.fmhandroi: Found duplicate classes, falling back to extracting from APK : /data/app/ru.iteco.fmhandroid-R0QVQlEGwG1IVzN-H3bqog==/base.apk
12-06 13:32:00.044 13341 13341 W teco.fmhandroi: NOTE: This wastes RAM and hurts startup performance.
12-06 13:32:00.044 13341 13341 W teco.fmhandroi: Found duplicated class when checking oat files: 'Landroid/support/v4/app/INotificationSideChannel$Default;' in /data/app/ru.iteco.fmhandroid-R0QVQlEGwG1IVzN-H3bqog==/base.apk and /data/app/ru.iteco.fmhandroid-R0QVQlEGwG1IVzN-H3bqog==/base.apk
12-06 13:32:00.045 13341 13341 W teco.fmhandroi: 
12-06 13:32:00.290 13341 13341 W teco.fmhandroi: Accessing hidden method Landroid/app/Instrumentation;->execStartActivity(Landroid/content/Context;Landroid/os/IBinder;Landroid/os/IBinder;Landroid/app/Activity;Landroid/content/Intent;ILandroid/os/Bundle;)Landroid/app/Instrumentation$ActivityResult; (greylist, linking, allowed)
12-06 13:32:00.290 13341 13341 W teco.fmhandroi: Accessing hidden method Landroid/app/Instrumentation;->execStartActivity(Landroid/content/Context;Landroid/os/IBinder;Landroid/os/IBinder;Ljava/lang/String;Landroid/content/Intent;ILandroid/os/Bundle;)Landroid/app/Instrumentation$ActivityResult; (greylist, linking, allowed)
12-06 13:32:00.301 13341 13341 I MonitoringInstr: newApplication called!
12-06 13:32:00.341 13341 13341 I FirebaseApp: Device unlocked: initializing all Firebase APIs for app [DEFAULT]
12-06 13:32:00.376 13341 13341 I FirebaseCrashlytics: Initializing Firebase Crashlytics 18.2.6 for ru.iteco.fmhandroid
12-06 13:32:00.380 13341 13373 I DynamiteModule: Considering local module com.google.android.gms.measurement.dynamite:55 and remote module com.google.android.gms.measurement.dynamite:15
12-06 13:32:00.380 13341 13373 I DynamiteModule: Selected local version of com.google.android.gms.measurement.dynamite
12-06 13:32:00.401 13341 13341 W FA      : Failed to register event listener on calling thread. Trying again on the dynamite thread.
12-06 13:32:00.510 13341 13341 I FirebaseInitProvider: FirebaseApp initialization successful
12-06 13:32:00.535 13341 13341 I MonitoringInstr: Instrumentation started!
12-06 13:32:00.542 13341 13341 D ClassesArgTokenizer: input: ru.iteco.fmhandroid.ui.ClaimsPageTest#shouldAddACommentToTheClaim
12-06 13:32:00.542 13341 13379 V FA      : App measurement collection enabled
12-06 13:32:00.544 13341 13341 D ClassesArgTokenizer: result: [ru.iteco.fmhandroid.ui.ClaimsPageTest#shouldAddACommentToTheClaim]
12-06 13:32:00.544 13341 13341 D ClassesArgTokenizer: input: null
12-06 13:32:00.544 13341 13341 D ClassesArgTokenizer: result: []
12-06 13:32:00.546 13341 13379 V FA      : App measurement enabled for app package, google app id: ru.iteco.fmhandroid, 1:729587742060:android:e7d6f87c783f52b9a42f49
12-06 13:32:00.549 13341 13379 I FA      : App measurement initialized, version: 46000
12-06 13:32:00.549 13341 13341 V TestEventClient: No service name argument was given (testDiscoveryService, testRunEventService or orchestratorService)
12-06 13:32:00.549 13341 13379 I FA      : To enable debug logging run: adb shell setprop log.tag.FA VERBOSE
12-06 13:32:00.549 13341 13379 I FA      : To enable faster debug mode event logging run:
12-06 13:32:00.549 13341 13379 I FA      :   adb shell setprop debug.firebase.analytics.app ru.iteco.fmhandroid
12-06 13:32:00.549 13341 13379 D FA      : Debug-level message logging enabled
12-06 13:32:00.562 13341 13385 D AndroidJUnitRunner: onStart is called.
12-06 13:32:00.570 13341 13341 I MonitoringInstr: No JSBridge.
12-06 13:32:00.587 13341 13385 D TestRequestBuilder: Skipping class path scanning and directly running [ru.iteco.fmhandroid.ui.ClaimsPageTest]
12-06 13:32:00.597 13341 13385 D ClassesArgTokenizer: input: ru.iteco.fmhandroid.ui.ClaimsPageTest#shouldAddACommentToTheClaim
12-06 13:32:00.597 13341 13385 D ClassesArgTokenizer: result: [ru.iteco.fmhandroid.ui.ClaimsPageTest#shouldAddACommentToTheClaim]
12-06 13:32:00.597 13341 13385 D ClassesArgTokenizer: input: null
12-06 13:32:00.597 13341 13385 D ClassesArgTokenizer: result: []
12-06 13:32:00.619 13341 13385 D AndroidJUnitRunner: Use the raw file system for managing file I/O.
12-06 13:32:00.626 13341 13385 D TestExecutor: Adding listener androidx.test.internal.runner.listener.LogRunListener
12-06 13:32:00.628 13341 13385 D TestExecutor: Adding listener androidx.test.internal.runner.listener.InstrumentationResultPrinter
12-06 13:32:00.628 13341 13385 D TestExecutor: Adding listener androidx.test.internal.runner.listener.ActivityFinisherRunListener
12-06 13:32:00.629 13341 13385 D TestExecutor: Adding listener androidx.test.internal.runner.listener.TraceRunListener
12-06 13:32:00.633 13341 13379 V FA      : Connecting to remote service
12-06 13:32:00.636 13341 13385 I TestRunner: run started: 1 tests
12-06 13:32:00.664 13341 13379 V FA      : Connection attempt already in progress
12-06 13:32:00.674 13341 13379 V FA      : Connection attempt already in progress
12-06 13:32:00.675 13341 13379 D FA      : Connected to remote service
12-06 13:32:00.675 13341 13379 V FA      : Processing queued up service tasks: 3
12-06 13:32:00.702 13341 13385 I TestRunner: started: shouldAddACommentToTheClaim(ru.iteco.fmhandroid.ui.ClaimsPageTest)
12-06 13:32:00.715  2873 13106 V FA-SVC  : Saving default event parameters, appId, data size: ru.iteco.fmhandroid, 2
12-06 13:32:00.849  1744 13388 E ResolverController: No valid NAT64 prefix (100, <unspecified>/0)
12-06 13:32:00.907 13341 13385 W FileTestStorage: Output properties is not supported.
12-06 13:32:00.910 13341 13385 I Tracing : Tracer added: class androidx.test.platform.tracing.AndroidXTracer
12-06 13:32:00.933 13341 13385 D EventInjectionStrategy: Creating injection strategy with input manager.
12-06 13:32:00.933 13341 13385 W teco.fmhandroi: Accessing hidden method Landroid/hardware/input/InputManager;->getInstance()Landroid/hardware/input/InputManager; (greylist, reflection, allowed)
12-06 13:32:00.933 13341 13385 W teco.fmhandroi: Accessing hidden method Landroid/hardware/input/InputManager;->injectInputEvent(Landroid/view/InputEvent;I)Z (greylist, reflection, allowed)
12-06 13:32:00.933 13341 13385 W teco.fmhandroi: Accessing hidden field Landroid/hardware/input/InputManager;->INJECT_INPUT_EVENT_MODE_WAIT_FOR_FINISH:I (greylist, reflection, allowed)
12-06 13:32:01.004  2018  2018 V SettingsProvider: Notifying for 0: content://settings/secure/accessibility_enabled
12-06 13:32:01.052 13341 13385 W Settings: Setting always_finish_activities has moved from android.provider.Settings.System to android.provider.Settings.Global, returning read-only value.
12-06 13:32:01.061  2018  2459 I ActivityTaskManager: START u0 {act=android.intent.action.MAIN cat=[android.intent.category.LAUNCHER] flg=0x10008000 cmp=ru.iteco.fmhandroid.test/androidx.test.core.app.InstrumentationActivityInvoker$BootstrapActivity (has extras)} from uid 10146
12-06 13:32:01.073  2018  5907 W InputReader: Device has associated, but no associated display id.
12-06 13:32:01.073  2018  5907 I chatty  : uid=1000(system) Binder:2018_17 identical 8 lines
12-06 13:32:01.073  2018  5907 W InputReader: Device has associated, but no associated display id.
12-06 13:32:01.086  1745  1745 D Zygote  : Forked child process 13396
12-06 13:32:01.094 13396 13396 I fmhandroid.tes: Late-enabling -Xcheck:jni
12-06 13:32:01.096  2018  2060 I ActivityManager: Start proc 13396:ru.iteco.fmhandroid.test/u0a147 for activity {ru.iteco.fmhandroid.test/androidx.test.core.app.InstrumentationActivityInvoker$BootstrapActivity}
12-06 13:32:01.103  1776  1825 D gralloc_ranchu: gralloc_alloc: Creating ashmem region of size 10108928
12-06 13:32:01.111 13396 13396 E fmhandroid.tes: Unknown bits set in runtime_flags: 0x8000
12-06 13:32:01.111 13396 13396 W fmhandroid.tes: Unexpected CPU variant for X86 using defaults: x86
12-06 13:32:01.162  2018  2459 W InputReader: Device has associated, but no associated display id.
12-06 13:32:01.172  2018  2459 I chatty  : uid=1000(system) Binder:2018_8 identical 28 lines
12-06 13:32:01.172  2018  2459 W InputReader: Device has associated, but no associated display id.
12-06 13:32:01.176  2018  2054 W InputReader: Device has associated, but no associated display id.
12-06 13:32:01.177  2018  2054 I chatty  : uid=1000(system) android.anim identical 8 lines
12-06 13:32:01.177  2018  2054 W InputReader: Device has associated, but no associated display id.
12-06 13:32:01.194 13396 13396 I fmhandroid.tes: The ClassLoaderContext is a special shared library.
12-06 13:32:01.206 13396 13396 I fmhandroid.tes: The ClassLoaderContext is a special shared library.
12-06 13:32:01.207  2170  2566 D EGL_emulation: eglMakeCurrent: 0xe594e040: ver 2 0 (tinfo 0xc52450c0)
12-06 13:32:01.211 12448 12488 D EGL_emulation: eglMakeCurrent: 0xe594d140: ver 2 0 (tinfo 0xc539bd10)
12-06 13:32:01.213  2962  3510 D EGL_emulation: eglMakeCurrent: 0xe597d120: ver 2 0 (tinfo 0xbffb2540)
12-06 13:32:01.408  1793  1999 E SurfaceFlinger: ro.sf.lcd_density must be defined as a build property
12-06 13:32:01.410  1793  1999 E SurfaceFlinger: ro.sf.lcd_density must be defined as a build property
12-06 13:32:01.414 13396 13431 D libEGL  : Emulator has host GPU support, qemu.gles is set to 1.
12-06 13:32:01.415 13396 13431 W libc    : Unable to set property "qemu.gles" to "1": connection failed; errno=13 (Permission denied)
12-06 13:32:01.424 13396 13431 D libEGL  : loaded /vendor/lib/egl/libEGL_emulation.so
12-06 13:32:01.413 13396 13396 W RenderThread: type=1400 audit(0.0:136): avc: denied { write } for name="property_service" dev="tmpfs" ino=7388 scontext=u:r:untrusted_app:s0:c147,c256,c512,c768 tcontext=u:object_r:property_socket:s0 tclass=sock_file permissive=0 app=ru.iteco.fmhandroid.test
12-06 13:32:01.427 13396 13431 D libEGL  : loaded /vendor/lib/egl/libGLESv1_CM_emulation.so
12-06 13:32:01.433 13396 13431 D libEGL  : loaded /vendor/lib/egl/libGLESv2_emulation.so
12-06 13:32:01.467  2018  2127 I ActivityTaskManager: START u0 {act=android.intent.action.MAIN cat=[android.intent.category.LAUNCHER] cmp=ru.iteco.fmhandroid/.ui.AppActivity} from uid 10146
12-06 13:32:01.480  2018  2127 W InputReader: Device has associated, but no associated display id.
12-06 13:32:01.483  2018  2127 I chatty  : uid=1000(system) Binder:2018_3 identical 48 lines
12-06 13:32:01.483  2018  2127 W InputReader: Device has associated, but no associated display id.
12-06 13:32:01.485 13341 13341 W ActivityThread: handleWindowVisibility: no activity for token android.os.BinderProxy@74190a2
12-06 13:32:01.486  2018  2127 W InputReader: Device has associated, but no associated display id.
12-06 13:32:01.487  2018  2127 I chatty  : uid=1000(system) Binder:2018_3 identical 8 lines
12-06 13:32:01.487  2018  2127 W InputReader: Device has associated, but no associated display id.
12-06 13:32:01.492  1793  2640 E SurfaceFlinger: ro.sf.lcd_density must be defined as a build property
12-06 13:32:01.493  1793  2640 E SurfaceFlinger: ro.sf.lcd_density must be defined as a build property
12-06 13:32:01.496 13341 13433 D libEGL  : Emulator has host GPU support, qemu.gles is set to 1.
12-06 13:32:01.496 13341 13433 W libc    : Unable to set property "qemu.gles" to "1": connection failed; errno=13 (Permission denied)
12-06 13:32:01.537  2962 13157 I PBSessionCacheImpl: Deleted sessionId[635178625805] from persistence.
12-06 13:32:01.541  2962  3348 W SearchServiceCore: Abort, client detached.
12-06 13:32:01.493 13341 13341 W RenderThread: type=1400 audit(0.0:137): avc: denied { write } for name="property_service" dev="tmpfs" ino=7388 scontext=u:r:untrusted_app:s0:c146,c256,c512,c768 tcontext=u:object_r:property_socket:s0 tclass=sock_file permissive=0 app=ru.iteco.fmhandroid
12-06 13:32:01.557 13341 13433 D libEGL  : loaded /vendor/lib/egl/libEGL_emulation.so
12-06 13:32:01.561 13341 13433 D libEGL  : loaded /vendor/lib/egl/libGLESv1_CM_emulation.so
12-06 13:32:01.564 13341 13433 D libEGL  : loaded /vendor/lib/egl/libGLESv2_emulation.so
12-06 13:32:01.596 13341 13341 D LifecycleMonitor: Lifecycle status change: ru.iteco.fmhandroid.ui.AppActivity@4d99d8f in: PRE_ON_CREATE
12-06 13:32:01.597 13341 13341 V ActivityScenario: Activity lifecycle changed event received but ignored because the reported transition was not ON_CREATE while the last known transition was PRE_ON_CREATE
12-06 13:32:01.621 13341 13373 V FA      : onActivityCreated
12-06 13:32:01.626 13341 13341 E teco.fmhandroi: Invalid ID 0x00000000.
12-06 13:32:01.658 13341 13341 W teco.fmhandroi: Accessing hidden method Landroid/view/View;->computeFitSystemWindows(Landroid/graphics/Rect;Landroid/graphics/Rect;)Z (greylist, reflection, allowed)
12-06 13:32:01.658 13341 13341 W teco.fmhandroi: Accessing hidden method Landroid/view/ViewGroup;->makeOptionalFitsSystemWindows()V (greylist, reflection, allowed)
12-06 13:32:01.847 13341 13341 D NetworkSecurityConfig: No Network Security Config specified, using platform default
12-06 13:32:01.859 13341 13341 W teco.fmhandroi: Accessing hidden method Ljava/lang/invoke/MethodHandles$Lookup;-><init>(Ljava/lang/Class;I)V (greylist, reflection, allowed)
12-06 13:32:02.054 13341 13341 D LifecycleMonitor: Lifecycle status change: ru.iteco.fmhandroid.ui.AppActivity@4d99d8f in: CREATED
12-06 13:32:02.055 13341 13341 V ActivityScenario: Update currentActivityStage to CREATED, currentActivity=ru.iteco.fmhandroid.ui.AppActivity@4d99d8f
12-06 13:32:02.186 13341 13341 D LifecycleMonitor: Lifecycle status change: ru.iteco.fmhandroid.ui.AppActivity@4d99d8f in: STARTED
12-06 13:32:02.187 13341 13341 V ActivityScenario: Update currentActivityStage to STARTED, currentActivity=ru.iteco.fmhandroid.ui.AppActivity@4d99d8f
12-06 13:32:02.189 13341 13341 D LifecycleMonitor: Lifecycle status change: ru.iteco.fmhandroid.ui.AppActivity@4d99d8f in: RESUMED
12-06 13:32:02.189 13341 13341 V ActivityScenario: Update currentActivityStage to RESUMED, currentActivity=ru.iteco.fmhandroid.ui.AppActivity@4d99d8f
12-06 13:32:02.190 13341 13379 V FA      : Activity resumed, time: 9072266
12-06 13:32:02.199 13341 13385 W FileTestStorage: Test input args is not supported.
12-06 13:32:02.215 13341 13379 I FA      : Tag Manager is not found and thus will not be used
12-06 13:32:02.215 13341 13385 W teco.fmhandroi: Accessing hidden method Lsun/misc/Unsafe;->getUnsafe()Lsun/misc/Unsafe; (greylist,core-platform-api, linking, allowed)
12-06 13:32:02.215 13341 13385 W teco.fmhandroi: Accessing hidden method Lsun/misc/Unsafe;->objectFieldOffset(Ljava/lang/reflect/Field;)J (greylist,core-platform-api, linking, allowed)
12-06 13:32:02.216 13341 13385 W teco.fmhandroi: Accessing hidden method Lsun/misc/Unsafe;->putObject(Ljava/lang/Object;JLjava/lang/Object;)V (greylist, linking, allowed)
12-06 13:32:02.221 13341 13439 W teco.fmhandroi: Accessing hidden method Lsun/misc/Unsafe;->compareAndSwapObject(Ljava/lang/Object;JLjava/lang/Object;Ljava/lang/Object;)Z (greylist, linking, allowed)
12-06 13:32:02.221 13341 13439 W teco.fmhandroi: Accessing hidden method Lsun/misc/Unsafe;->getObject(Ljava/lang/Object;J)Ljava/lang/Object; (greylist, linking, allowed)
12-06 13:32:02.232 13341 13341 W teco.fmhandroi: Accessing hidden method Landroid/os/MessageQueue;->next()Landroid/os/Message; (greylist, reflection, allowed)
12-06 13:32:02.232 13341 13341 W teco.fmhandroi: Accessing hidden field Landroid/os/MessageQueue;->mMessages:Landroid/os/Message; (greylist, reflection, allowed)
12-06 13:32:02.232 13341 13341 W teco.fmhandroi: Accessing hidden method Landroid/os/Message;->recycleUnchecked()V (greylist, reflection, allowed)
12-06 13:32:02.292  2873 13106 V FA-SVC  : Logging event: origin=auto,name=screen_view(_vs),params=Bundle[{ga_event_origin(_o)=auto, ga_screen_class(_sc)=AppActivity, ga_screen_id(_si)=6197573580858923200}]
12-06 13:32:02.303 13341 13432 D HostConnection: HostConnection::get() New Host Connection established 0xda28f360, tid 13432
12-06 13:32:02.311 13341 13432 D HostConnection: HostComposition ext ANDROID_EMU_CHECKSUM_HELPER_v1 ANDROID_EMU_dma_v1 ANDROID_EMU_direct_mem ANDROID_EMU_host_composition_v1 ANDROID_EMU_host_composition_v2 ANDROID_EMU_vulkan ANDROID_EMU_deferred_vulkan_commands ANDROID_EMU_vulkan_null_optional_strings ANDROID_EMU_vulkan_create_resources_with_requirements ANDROID_EMU_YUV_Cache ANDROID_EMU_vulkan_ignored_handles ANDROID_EMU_vulkan_free_memory_sync ANDROID_EMU_vulkan_shader_float16_int8 ANDROID_EMU_vulkan_async_queue_submit ANDROID_EMU_sync_buffer_data GL_OES_vertex_array_object GL_KHR_texture_compression_astc_ldr ANDROID_EMU_host_side_tracing ANDROID_EMU_gles_max_version_2 
12-06 13:32:02.318 13341 13432 W OpenGLRenderer: Failed to choose config with EGL_SWAP_BEHAVIOR_PRESERVED, retrying without...
12-06 13:32:02.349 13341 13432 D EGL_emulation: eglCreateContext: 0xf0c7ec80: maj 2 min 0 rcv 2
12-06 13:32:02.353 13341 13432 D EGL_emulation: eglMakeCurrent: 0xf0c7ec80: ver 2 0 (tinfo 0xf0c892a0)
12-06 13:32:02.358  1776  1825 D gralloc_ranchu: gralloc_alloc: Creating ashmem region of size 10108928
12-06 13:32:02.361  1648  1648 I hwservicemanager: getTransport: Cannot find entry android.hardware.graphics.mapper@3.0::IMapper/default in either framework or device manifest.
12-06 13:32:02.362 13341 13432 W Gralloc3: mapper 3.x is not supported
12-06 13:32:02.364 13341 13432 D HostConnection: createUnique: call
12-06 13:32:02.364 13341 13432 D HostConnection: HostConnection::get() New Host Connection established 0xda292010, tid 13432
12-06 13:32:02.365 13341 13432 D HostConnection: HostComposition ext ANDROID_EMU_CHECKSUM_HELPER_v1 ANDROID_EMU_dma_v1 ANDROID_EMU_direct_mem ANDROID_EMU_host_composition_v1 ANDROID_EMU_host_composition_v2 ANDROID_EMU_vulkan ANDROID_EMU_deferred_vulkan_commands ANDROID_EMU_vulkan_null_optional_strings ANDROID_EMU_vulkan_create_resources_with_requirements ANDROID_EMU_YUV_Cache ANDROID_EMU_vulkan_ignored_handles ANDROID_EMU_vulkan_free_memory_sync ANDROID_EMU_vulkan_shader_float16_int8 ANDROID_EMU_vulkan_async_queue_submit ANDROID_EMU_sync_buffer_data GL_OES_vertex_array_object GL_KHR_texture_compression_astc_ldr ANDROID_EMU_host_side_tracing ANDROID_EMU_gles_max_version_2 
12-06 13:32:02.367 13341 13432 D eglCodecCommon: allocate: Ask for block of size 0x1000
12-06 13:32:02.367 13341 13432 D eglCodecCommon: allocate: ioctl allocate returned offset 0x3ffff8000 size 0x2000
12-06 13:32:02.370  1776  1825 D gralloc_ranchu: gralloc_alloc: Creating ashmem region of size 10108928
12-06 13:32:02.371  1776  1825 D gralloc_ranchu: gralloc_alloc: Creating ashmem region of size 10108928
12-06 13:32:02.375 13341 13432 D EGL_emulation: eglMakeCurrent: 0xf0c7ec80: ver 2 0 (tinfo 0xf0c892a0)
12-06 13:32:02.378  2873 13106 V FA-SVC  : Upload scheduled in approximately ms: 2036687
12-06 13:32:02.378  2873 13106 V FA-SVC  : Unscheduling upload
12-06 13:32:02.405  2873 13106 V FA-SVC  : Scheduling upload, millis: 2036687
12-06 13:32:02.417  2873 13106 V FA-SVC  : Background event processing time, ms: 125
12-06 13:32:02.457  2656 13273 E SQLiteDatabase: Error inserting flex_time=2036000 job_id=-1 period=4074000 source=16 requires_charging=0 preferred_network_type=1 target_class=com.google.android.gms.measurement.PackageMeasurementTaskService user_id=0 target_package=com.google.android.gms tag=Measurement.PackageMeasurementTaskService.UPLOAD_TASK_TAG task_type=0 required_idleness_state=0 service_kind=0 source_version=202414000 persistence_level=1 preferred_charging_state=1 required_network_type=0 runtime=1670333522428 retry_strategy={"maximum_backoff_seconds":{"3600":0},"initial_backoff_seconds":{"30":0},"retry_policy":{"0":0}} last_runtime=0
12-06 13:32:02.457  2656 13273 E SQLiteDatabase: android.database.sqlite.SQLiteConstraintException: UNIQUE constraint failed: pending_ops.tag, pending_ops.target_class, pending_ops.target_package, pending_ops.user_id (code 2067 SQLITE_CONSTRAINT_UNIQUE)
12-06 13:32:02.457  2656 13273 E SQLiteDatabase: 	at android.database.sqlite.SQLiteConnection.nativeExecuteForLastInsertedRowId(Native Method)
12-06 13:32:02.457  2656 13273 E SQLiteDatabase: 	at android.database.sqlite.SQLiteConnection.executeForLastInsertedRowId(SQLiteConnection.java:879)
12-06 13:32:02.457  2656 13273 E SQLiteDatabase: 	at android.database.sqlite.SQLiteSession.executeForLastInsertedRowId(SQLiteSession.java:790)
12-06 13:32:02.457  2656 13273 E SQLiteDatabase: 	at android.database.sqlite.SQLiteStatement.executeInsert(SQLiteStatement.java:88)
12-06 13:32:02.457  2656 13273 E SQLiteDatabase: 	at android.database.sqlite.SQLiteDatabase.insertWithOnConflict(SQLiteDatabase.java:1599)
12-06 13:32:02.457  2656 13273 E SQLiteDatabase: 	at android.database.sqlite.SQLiteDatabase.insert(SQLiteDatabase.java:1468)
12-06 13:32:02.457  2656 13273 E SQLiteDatabase: 	at aqui.a(:com.google.android.gms@202414022@20.24.14 (040700-319035315):175)
12-06 13:32:02.457  2656 13273 E SQLiteDatabase: 	at aqtk.a(:com.google.android.gms@202414022@20.24.14 (040700-319035315):182)
12-06 13:32:02.457  2656 13273 E SQLiteDatabase: 	at aqtk.a(:com.google.android.gms@202414022@20.24.14 (040700-319035315):23)
12-06 13:32:02.457  2656 13273 E SQLiteDatabase: 	at aqtk.a(:com.google.android.gms@202414022@20.24.14 (040700-319035315):177)
12-06 13:32:02.457  2656 13273 E SQLiteDatabase: 	at aqpu.run(:com.google.android.gms@202414022@20.24.14 (040700-319035315):9)
12-06 13:32:02.457  2656 13273 E SQLiteDatabase: 	at soy.b(:com.google.android.gms@202414022@20.24.14 (040700-319035315):12)
12-06 13:32:02.457  2656 13273 E SQLiteDatabase: 	at soy.run(:com.google.android.gms@202414022@20.24.14 (040700-319035315):7)
12-06 13:32:02.457  2656 13273 E SQLiteDatabase: 	at java.util.concurrent.ThreadPoolExecutor.runWorker(ThreadPoolExecutor.java:1167)
12-06 13:32:02.457  2656 13273 E SQLiteDatabase: 	at java.util.concurrent.ThreadPoolExecutor$Worker.run(ThreadPoolExecutor.java:641)
12-06 13:32:02.457  2656 13273 E SQLiteDatabase: 	at sux.run(:com.google.android.gms@202414022@20.24.14 (040700-319035315):0)
12-06 13:32:02.457  2656 13273 E SQLiteDatabase: 	at java.lang.Thread.run(Thread.java:919)
12-06 13:32:02.469  2018  2058 I ActivityTaskManager: Displayed ru.iteco.fmhandroid/.ui.AppActivity: +1s389ms
12-06 13:32:02.474  2170  2566 D EGL_emulation: eglMakeCurrent: 0xe594e040: ver 2 0 (tinfo 0xc52450c0)
12-06 13:32:02.485 13341 13341 W teco.fmhandroi: Accessing hidden method Landroid/view/WindowManagerGlobal;->getInstance()Landroid/view/WindowManagerGlobal; (greylist, reflection, allowed)
12-06 13:32:02.486 13341 13341 W teco.fmhandroi: Accessing hidden field Landroid/view/WindowManagerGlobal;->mViews:Ljava/util/ArrayList; (greylist, reflection, allowed)
12-06 13:32:02.486 13341 13341 W teco.fmhandroi: Accessing hidden field Landroid/view/WindowManagerGlobal;->mParams:Ljava/util/ArrayList; (greylist, reflection, allowed)
12-06 13:32:02.498 13341 13341 I ViewInteraction: Performing 'wait for a specific view with <(an instance of android.widget.TextView and view.getText() with or without transformation to match: is "Authorization" and view.getParent() view.getParent() view.getId() is <2131231186>)> during 10000 millis.' action on view view.getRootView() to equal view
12-06 13:32:05.191 13341 13341 W teco.fmhandroi: Accessing hidden field Lsun/misc/Unsafe;->theUnsafe:Lsun/misc/Unsafe; (greylist, reflection, allowed)
12-06 13:32:05.191 13341 13341 W teco.fmhandroi: Accessing hidden method Lsun/misc/Unsafe;->allocateInstance(Ljava/lang/Class;)Ljava/lang/Object; (greylist, reflection, allowed)
12-06 13:32:05.214 13341 13441 I okhttp.OkHttpClient: --> GET http://www.981757-ca08998.tmweb.ru:8080/fmh/authentication/userInfo
12-06 13:32:05.214 13341 13441 I okhttp.OkHttpClient: --> END GET
12-06 13:32:05.226  1744 13442 E ResolverController: No valid NAT64 prefix (100, <unspecified>/0)
12-06 13:32:06.631  2656 13312 I LogUtils: [Places]: ?: Couldn't find platform key file. [CONTEXT service_id=253 ]
12-06 13:32:06.638  2656 13312 I LogUtils: [Places]: ?: Couldn't find platform key file. [CONTEXT service_id=253 ]
12-06 13:32:06.662  2656 13317 I LogUtils: [Places]: ?: PlacesBleScanner stop() [CONTEXT service_id=253 ]
12-06 13:32:06.663  2656  2656 I BeaconBle: Scan : No clients left, canceling alarm. [CONTEXT service_id=111 ]
12-06 13:32:06.667  2656  2656 I BeaconBle: Scan canceled successfully. [CONTEXT service_id=111 ]
12-06 13:32:06.693  2656 13317 I PlacesLogger: [PlaceInferenceEngine]: [anon] Changed inference mode: 0 [CONTEXT service_id=253 ]
12-06 13:32:06.698 13341 13441 I okhttp.OkHttpClient: <-- 200 http://www.981757-ca08998.tmweb.ru:8080/fmh/authentication/userInfo (1483ms)
12-06 13:32:06.698 13341 13441 I okhttp.OkHttpClient: Vary: Origin
12-06 13:32:06.698 13341 13441 I okhttp.OkHttpClient: Vary: Access-Control-Request-Method
12-06 13:32:06.699 13341 13441 I okhttp.OkHttpClient: Vary: Access-Control-Request-Headers
12-06 13:32:06.699 13341 13441 I okhttp.OkHttpClient: X-Content-Type-Options: nosniff
12-06 13:32:06.699 13341 13441 I okhttp.OkHttpClient: X-XSS-Protection: 1; mode=block
12-06 13:32:06.699 13341 13441 I okhttp.OkHttpClient: Cache-Control: no-cache, no-store, max-age=0, must-revalidate
12-06 13:32:06.700 13341 13441 I okhttp.OkHttpClient: Pragma: no-cache
12-06 13:32:06.701 13341 13441 I okhttp.OkHttpClient: Expires: 0
12-06 13:32:06.701 13341 13441 I okhttp.OkHttpClient: X-Frame-Options: DENY
12-06 13:32:06.701 13341 13441 I okhttp.OkHttpClient: Content-Type: application/json
12-06 13:32:06.701 13341 13441 I okhttp.OkHttpClient: Transfer-Encoding: chunked
12-06 13:32:06.701 13341 13441 I okhttp.OkHttpClient: Date: Tue, 06 Dec 2022 13:32:07 GMT
12-06 13:32:06.701 13341 13441 I okhttp.OkHttpClient: Keep-Alive: timeout=60
12-06 13:32:06.701 13341 13441 I okhttp.OkHttpClient: Connection: keep-alive
12-06 13:32:06.706 13341 13441 I okhttp.OkHttpClient: {"id":2,"firstName":"Данил","lastName":"Иванов","middleName":"Данилович","admin":true}
12-06 13:32:06.706 13341 13441 I okhttp.OkHttpClient: <-- END HTTP (106-byte body)
12-06 13:32:06.708  2656  3542 W GCoreFlp: No location to return for getLastLocation()
12-06 13:32:06.761  2656 13312 I LogUtils: [Places]: ?: Couldn't find platform key file. [CONTEXT service_id=253 ]
12-06 13:32:06.762  2656 13274 I LogUtils: [Places]: ?: Couldn't find platform key file. [CONTEXT service_id=253 ]
12-06 13:32:06.765 13341 13446 I okhttp.OkHttpClient: --> GET http://www.981757-ca08998.tmweb.ru:8080/fmh/claims
12-06 13:32:06.766 13341 13446 I okhttp.OkHttpClient: --> END GET
12-06 13:32:06.861  2656  2656 I GeofencerStateMachine: removeGeofences: removeRequest=RemoveGeofencingRequest[REMOVE_BY_PENDING_INTENT pendingIntent=PendingIntent[creatorPackage=com.google.android.gms], packageName=com.google.android.gms]
12-06 13:32:07.569 13341 13341 I Choreographer: Skipped 49 frames!  The application may be doing too much work on its main thread.
12-06 13:32:07.661 13341 13379 V FA      : Inactivity, disconnecting from the service
12-06 13:32:07.981 13341 13432 I OpenGLRenderer: Davey! duration=1239ms; Flags=1, IntendedVsync=9076818016303, Vsync=9077634682937, OldestInputEvent=9223372036854775807, NewestInputEvent=0, HandleInputStart=9077646051300, AnimationStart=9077646106400, PerformTraversalsStart=9077646306200, DrawStart=9077729382500, SyncQueued=9077732694000, SyncStart=9077733010600, IssueDrawCommandsStart=9077733302800, SwapBuffers=9078046325100, FrameCompleted=9078058089100, DequeueBufferDuration=637000, QueueBufferDuration=1005000, 
12-06 13:32:09.571 13341 13446 I okhttp.OkHttpClient: <-- 200 http://www.981757-ca08998.tmweb.ru:8080/fmh/claims (2805ms)
12-06 13:32:09.571 13341 13446 I okhttp.OkHttpClient: Vary: Origin
12-06 13:32:09.571 13341 13446 I okhttp.OkHttpClient: Vary: Access-Control-Request-Method
12-06 13:32:09.571 13341 13446 I okhttp.OkHttpClient: Vary: Access-Control-Request-Headers
12-06 13:32:09.571 13341 13446 I okhttp.OkHttpClient: X-Content-Type-Options: nosniff
12-06 13:32:09.571 13341 13446 I okhttp.OkHttpClient: X-XSS-Protection: 1; mode=block
12-06 13:32:09.572 13341 13446 I okhttp.OkHttpClient: Cache-Control: no-cache, no-store, max-age=0, must-revalidate
12-06 13:32:09.572 13341 13446 I okhttp.OkHttpClient: Pragma: no-cache
12-06 13:32:09.572 13341 13446 I okhttp.OkHttpClient: Expires: 0
12-06 13:32:09.572 13341 13446 I okhttp.OkHttpClient: X-Frame-Options: DENY
12-06 13:32:09.572 13341 13446 I okhttp.OkHttpClient: Content-Type: application/json
12-06 13:32:09.572 13341 13446 I okhttp.OkHttpClient: Transfer-Encoding: chunked
12-06 13:32:09.572 13341 13446 I okhttp.OkHttpClient: Date: Tue, 06 Dec 2022 13:32:10 GMT
12-06 13:32:09.572 13341 13446 I okhttp.OkHttpClient: Keep-Alive: timeout=60
12-06 13:32:09.572 13341 13446 I okhttp.OkHttpClient: Connection: keep-alive
12-06 13:32:11.535  2962  3348 I WorkerManager: dispose()
12-06 13:32:11.536  2962  3348 W ThreadPoolDumper: Queue length for executor EventBus is now 11. Perhaps some tasks are too long, or the pool is too small.
12-06 13:32:11.673  2656  2656 I BeaconBle: Scan : No clients left, canceling alarm. [CONTEXT service_id=111 ]
12-06 13:32:11.679  2018  2058 E memtrack: Couldn't load memtrack module
12-06 13:32:11.679  2018  2058 W android.os.Debug: failed to get memory consumption info: -1
12-06 13:32:12.595 13341 13341 D takeScreenshot: Found 1 global views to redraw
12-06 13:32:12.634  1776  1825 D gralloc_ranchu: gralloc_alloc: Creating ashmem region of size 10108928
12-06 13:32:12.656  1648  1648 I hwservicemanager: getTransport: Cannot find entry android.hardware.graphics.mapper@3.0::IMapper/default in either framework or device manifest.
12-06 13:32:12.656 13326 13340 W Gralloc3: mapper 3.x is not supported
12-06 13:32:12.663 13326 13340 D HostConnection: createUnique: call
12-06 13:32:12.664 13326 13340 D HostConnection: HostConnection::get() New Host Connection established 0xedd564e0, tid 13340
12-06 13:32:12.665 13326 13340 D HostConnection: HostComposition ext ANDROID_EMU_CHECKSUM_HELPER_v1 ANDROID_EMU_dma_v1 ANDROID_EMU_direct_mem ANDROID_EMU_host_composition_v1 ANDROID_EMU_host_composition_v2 ANDROID_EMU_vulkan ANDROID_EMU_deferred_vulkan_commands ANDROID_EMU_vulkan_null_optional_strings ANDROID_EMU_vulkan_create_resources_with_requirements ANDROID_EMU_YUV_Cache ANDROID_EMU_vulkan_ignored_handles ANDROID_EMU_vulkan_free_memory_sync ANDROID_EMU_vulkan_shader_float16_int8 ANDROID_EMU_vulkan_async_queue_submit ANDROID_EMU_sync_buffer_data GL_OES_vertex_array_object GL_KHR_texture_compression_astc_ldr ANDROID_EMU_host_side_tracing ANDROID_EMU_gles_max_version_2 
12-06 13:32:12.666 13326 13340 D eglCodecCommon: allocate: Ask for block of size 0x1000
12-06 13:32:12.666 13326 13340 D eglCodecCommon: allocate: ioctl allocate returned offset 0x3ffff6000 size 0x2000
12-06 13:32:12.675  1793  2129 E SurfaceFlinger: ro.sf.lcd_density must be defined as a build property
12-06 13:32:12.676  1793  2129 E SurfaceFlinger: ro.sf.lcd_density must be defined as a build property
12-06 13:32:12.678 13326 13454 D libEGL  : Emulator has host GPU support, qemu.gles is set to 1.
12-06 13:32:12.684 13326 13454 W libc    : Unable to set property "qemu.gles" to "1": error code: 0x18
12-06 13:32:12.686 13326 13454 D libEGL  : loaded /vendor/lib/egl/libEGL_emulation.so
12-06 13:32:12.691 13326 13454 D libEGL  : loaded /vendor/lib/egl/libGLESv1_CM_emulation.so
12-06 13:32:12.693 13326 13454 D libEGL  : loaded /vendor/lib/egl/libGLESv2_emulation.so
12-06 13:32:12.705 13326 13454 D HostConnection: HostConnection::get() New Host Connection established 0xd8a7c000, tid 13454
12-06 13:32:12.706 13326 13454 D HostConnection: HostComposition ext ANDROID_EMU_CHECKSUM_HELPER_v1 ANDROID_EMU_dma_v1 ANDROID_EMU_direct_mem ANDROID_EMU_host_composition_v1 ANDROID_EMU_host_composition_v2 ANDROID_EMU_vulkan ANDROID_EMU_deferred_vulkan_commands ANDROID_EMU_vulkan_null_optional_strings ANDROID_EMU_vulkan_create_resources_with_requirements ANDROID_EMU_YUV_Cache ANDROID_EMU_vulkan_ignored_handles ANDROID_EMU_vulkan_free_memory_sync ANDROID_EMU_vulkan_shader_float16_int8 ANDROID_EMU_vulkan_async_queue_submit ANDROID_EMU_sync_buffer_data GL_OES_vertex_array_object GL_KHR_texture_compression_astc_ldr ANDROID_EMU_host_side_tracing ANDROID_EMU_gles_max_version_2 
12-06 13:32:12.708 13326 13454 W OpenGLRenderer: Failed to choose config with EGL_SWAP_BEHAVIOR_PRESERVED, retrying without...
12-06 13:32:12.743 13326 13454 D EGL_emulation: eglCreateContext: 0xd8a284e0: maj 2 min 0 rcv 2
12-06 13:32:12.746 13326 13454 D EGL_emulation: eglMakeCurrent: 0xd8a284e0: ver 2 0 (tinfo 0xd8a0f290)
12-06 13:32:12.935 13341 13385 W DefaultFailureHandler: Failed to take screenshot
12-06 13:32:12.935 13341 13385 W DefaultFailureHandler: java.io.FileNotFoundException: view-op-error-1.png: open failed: EROFS (Read-only file system)
12-06 13:32:12.935 13341 13385 W DefaultFailureHandler: 	at libcore.io.IoBridge.open(IoBridge.java:496)
12-06 13:32:12.935 13341 13385 W DefaultFailureHandler: 	at java.io.FileOutputStream.<init>(FileOutputStream.java:235)
12-06 13:32:12.935 13341 13385 W DefaultFailureHandler: 	at java.io.FileOutputStream.<init>(FileOutputStream.java:125)
12-06 13:32:12.935 13341 13385 W DefaultFailureHandler: 	at androidx.test.platform.io.FileTestStorage.openOutputFile(FileTestStorage.java:60)
12-06 13:32:12.935 13341 13385 W DefaultFailureHandler: 	at androidx.test.core.graphics.BitmapStorage.writeToTestStorage(BitmapStorageExt.kt:49)
12-06 13:32:12.935 13341 13385 W DefaultFailureHandler: 	at androidx.test.espresso.base.DefaultFailureHandler.takeScreenshot(DefaultFailureHandler.java:4)
12-06 13:32:12.935 13341 13385 W DefaultFailureHandler: 	at androidx.test.espresso.base.DefaultFailureHandler.handle(DefaultFailureHandler.java:3)
12-06 13:32:12.935 13341 13385 W DefaultFailureHandler: 	at androidx.test.espresso.ViewInteraction.waitForAndHandleInteractionResults(ViewInteraction.java:8)
12-06 13:32:12.935 13341 13385 W DefaultFailureHandler: 	at androidx.test.espresso.ViewInteraction.desugaredPerform(ViewInteraction.java:11)
12-06 13:32:12.935 13341 13385 W DefaultFailureHandler: 	at androidx.test.espresso.ViewInteraction.perform(ViewInteraction.java:8)
12-06 13:32:12.935 13341 13385 W DefaultFailureHandler: 	at ru.iteco.fmhandroid.ui.data.TestUtils.waitView(TestUtils.java:61)
12-06 13:32:12.935 13341 13385 W DefaultFailureHandler: 	at ru.iteco.fmhandroid.ui.steps.AuthSteps.isAuthScreen(AuthSteps.java:56)
12-06 13:32:12.935 13341 13385 W DefaultFailureHandler: 	at ru.iteco.fmhandroid.ui.ClaimsPageTest.logoutCheck(ClaimsPageTest.java:51)
12-06 13:32:12.935 13341 13385 W DefaultFailureHandler: 	at java.lang.reflect.Method.invoke(Native Method)
12-06 13:32:12.935 13341 13385 W DefaultFailureHandler: 	at org.junit.runners.model.FrameworkMethod$1.runReflectiveCall(FrameworkMethod.java:59)
12-06 13:32:12.935 13341 13385 W DefaultFailureHandler: 	at org.junit.internal.runners.model.ReflectiveCallable.run(ReflectiveCallable.java:12)
12-06 13:32:12.935 13341 13385 W DefaultFailureHandler: 	at org.junit.runners.model.FrameworkMethod.invokeExplosively(FrameworkMethod.java:56)
12-06 13:32:12.935 13341 13385 W DefaultFailureHandler: 	at androidx.test.internal.runner.junit4.statement.RunBefores.evaluate(RunBefores.java:76)
12-06 13:32:12.935 13341 13385 W DefaultFailureHandler: 	at io.qameta.allure.android.rules.ScreenshotRule$apply$1.evaluate(ScreenshotRule.kt:22)
12-06 13:32:12.935 13341 13385 W DefaultFailureHandler: 	at org.junit.rules.ExternalResource$1.evaluate(ExternalResource.java:54)
12-06 13:32:12.935 13341 13385 W DefaultFailureHandler: 	at io.qameta.allure.android.rules.LogcatRule$apply$1.evaluate(LogcatRule.kt:23)
12-06 13:32:12.935 13341 13385 W DefaultFailureHandler: 	at org.junit.rules.RunRules.evaluate(RunRules.java:20)
12-06 13:32:12.935 13341 13385 W DefaultFailureHandler: 	at org.junit.runners.ParentRunner$3.evaluate(ParentRunner.java:306)
12-06 13:32:12.935 13341 13385 W DefaultFailureHandler: 	at org.junit.runners.BlockJUnit4ClassRunner$1.evaluate(BlockJUnit4ClassRunner.java:100)
12-06 13:32:12.935 13341 13385 W DefaultFailureHandler: 	at org.junit.runners.ParentRunner.runLeaf(ParentRunner.java:366)
12-06 13:32:12.935 13341 13385 W DefaultFailureHandler: 	at org.junit.runners.BlockJUnit4ClassRunner.runChild(BlockJUnit4ClassRunner.java:103)
12-06 13:32:12.935 13341 13385 W DefaultFailureHandler: 	at org.junit.runners.BlockJUnit4ClassRunner.runChild(BlockJUnit4ClassRunner.java:63)
12-06 13:32:12.935 13341 13385 W DefaultFailureHandler: 	at org.junit.runners.ParentRunner$4.run(ParentRunner.java:331)
12-06 13:32:12.935 13341 13385 W DefaultFailureHandler: 	at org.junit.runners.ParentRunner$1.schedule(ParentRunner.java:79)
12-06 13:32:12.935 13341 13385 W DefaultFailureHandler: 	at org.junit.runners.ParentRunner.runChildren(ParentRunner.java:329)
12-06 13:32:12.935 13341 13385 W DefaultFailureHandler: 	at org.junit.runners.ParentRunner.access$100(ParentRunner.java:66)
12-06 13:32:12.935 13341 13385 W DefaultFailureHandler: 	at org.junit.runners.ParentRunner$2.evaluate(ParentRunner.java:293)
12-06 13:32:12.935 13341 13385 W DefaultFailureHandler: 	at org.junit.runners.ParentRunner$3.evaluate(ParentRunner.java:306)
12-06 13:32:12.935 13341 13385 W DefaultFailureHandler: 	at org.junit.runners.ParentRunner.run(ParentRunner.java:413)
12-06 13:32:12.935 13341 13385 W DefaultFailureHandler: 	at androidx.test.ext.junit.runners.AndroidJUnit4.run(AndroidJUnit4.java:162)
12-06 13:32:12.935 13341 13385 W DefaultFailureHandler: 	at io.qameta.allure.android.runners.AllureAndroidJUnit4.run(AllureAndroidJUnitRunners.kt:29)
12-06 13:32:12.935 13341 13385 W DefaultFailureHandler: 	at org.junit.runners.Suite.runChild(Suite.java:128)
12-06 13:32:12.935 13341 13385 W DefaultFailureHandler: 	at org.junit.runners.Suite.runChild(Suite.java:27)
12-06 13:32:12.935 13341 13385 W DefaultFailureHandler: 	at org.junit.runners.ParentRunner$4.run(ParentRunner.java:331)
12-06 13:32:12.935 13341 13385 W DefaultFailureHandler: 	at org.junit.runners.ParentRunner$1.schedule(ParentRunner.java:79)
12-06 13:32:12.935 13341 13385 W DefaultFailureHandler: 	at org.junit.runners.ParentRunner.runChildren(ParentRunner.java:329)
12-06 13:32:12.935 13341 13385 W DefaultFailureHandler: 	at org.junit.runners.ParentRunner.access$100(ParentRunner.java:66)
12-06 13:32:12.935 13341 13385 W DefaultFailureHandler: 	at org.junit.runners.ParentRunner$2.evaluate(ParentRunner.java:293)
12-06 13:32:12.935 13341 13385 W DefaultFailureHandler: 	at org.junit.runners.ParentRunner$3.evaluate(ParentRunner.java:306)
12-06 13:32:12.935 13341 13385 W DefaultFailureHandler: 	at org.junit.runners.ParentRunner.run(ParentRunner.java:413)
12-06 13:32:12.935 13341 13385 W DefaultFailureHandler: 	at org.junit.runner.JUnitCore.run(JUnitCore.java:137)
12-06 13:32:12.935 13341 13385 W DefaultFailureHandler: 	at org.junit.runner.JUnitCore.run(JUnitCore.java:115)
12-06 13:32:12.935 13341 13385 W DefaultFailureHandler: 	at androidx.test.internal.runner.TestExecutor.execute(TestExecutor.java:67)
