12-02 18:59:59.471 28895 28895 I ViewInteraction: Performing 'wait for a specific view with <(an instance of android.widget.TextView and view.getHint() matching: is "Password" and view.getParent() view.getParent() view.getId() is <2131231264/ru.iteco.fmhandroid:id/password_text_input_layout>)> during 10000 millis.' action on view view.getRootView() to equal view
12-02 18:59:59.488 28895 28895 I ViewInteraction: Performing 'replace text(password2)' action on view (an instance of android.widget.TextView and view.getHint() matching: is "Password" and view.getParent() view.getParent() view.getId() is <2131231264/ru.iteco.fmhandroid:id/password_text_input_layout>)
12-02 18:59:59.507 28895 28895 I ViewInteraction: Performing 'wait for a specific view with <(view.getId() is <2131231039/ru.iteco.fmhandroid:id/enter_button> and an instance of android.widget.TextView and view.getText() with or without transformation to match: is "SIGN IN" and view.getContentDescription() is "Save" and view.getParent() view.getParent() an instance of android.widget.RelativeLayout)> during 10000 millis.' action on view view.getRootView() to equal view
12-02 18:59:59.525 28895 28895 I ViewInteraction: Checking 'MatchesViewAssertion{viewMatcher=view.isClickable() is <true>}' assertion on view (view.getId() is <2131231039/ru.iteco.fmhandroid:id/enter_button> and an instance of android.widget.TextView and view.getText() with or without transformation to match: is "SIGN IN" and view.getContentDescription() is "Save" and view.getParent() view.getParent() an instance of android.widget.RelativeLayout)
12-02 18:59:59.558 28895 28895 I ViewInteraction: Performing 'wait for a specific view with <(view.getId() is <2131231039/ru.iteco.fmhandroid:id/enter_button> and an instance of android.widget.TextView and view.getText() with or without transformation to match: is "SIGN IN" and view.getContentDescription() is "Save" and view.getParent() view.getParent() an instance of android.widget.RelativeLayout)> during 10000 millis.' action on view view.getRootView() to equal view
12-02 18:59:59.562 28895 28895 I ViewInteraction: Checking 'MatchesViewAssertion{viewMatcher=view.isClickable() is <true>}' assertion on view (view.getId() is <2131231039/ru.iteco.fmhandroid:id/enter_button> and an instance of android.widget.TextView and view.getText() with or without transformation to match: is "SIGN IN" and view.getContentDescription() is "Save" and view.getParent() view.getParent() an instance of android.widget.RelativeLayout)
12-02 18:59:59.567 28895 28895 I ViewInteraction: Performing 'wait for a specific view with <(view.getId() is <2131231039/ru.iteco.fmhandroid:id/enter_button> and an instance of android.widget.TextView and view.getText() with or without transformation to match: is "SIGN IN" and view.getContentDescription() is "Save" and view.getParent() view.getParent() an instance of android.widget.RelativeLayout)> during 10000 millis.' action on view view.getRootView() to equal view
12-02 18:59:59.573 28895 28895 I ViewInteraction: Performing 'single click' action on view (view.getId() is <2131231039/ru.iteco.fmhandroid:id/enter_button> and an instance of android.widget.TextView and view.getText() with or without transformation to match: is "SIGN IN" and view.getContentDescription() is "Save" and view.getParent() view.getParent() an instance of android.widget.RelativeLayout)
12-02 18:59:59.628 28895 28988 I okhttp.OkHttpClient: --> POST http://www.981757-ca08998.tmweb.ru:8080/fmh/authentication/login
12-02 18:59:59.628 28895 28988 I okhttp.OkHttpClient: Content-Type: application/json; charset=UTF-8
12-02 18:59:59.629 28895 28988 I okhttp.OkHttpClient: Content-Length: 41
12-02 18:59:59.629 28895 28988 I okhttp.OkHttpClient: {"login":"login2","password":"password2"}
12-02 18:59:59.629 28895 28988 I okhttp.OkHttpClient: --> END POST (41-byte body)
12-02 18:59:59.866 28895 28895 I ViewInteraction: Performing 'wait for a specific view with <an instance of android.widget.TextView and view.getText() with or without transformation to match: is "News"> during 10000 millis.' action on view view.getRootView() to equal view
12-02 19:00:00.006  2169  2169 D KeyguardClockSwitch: Updating clock: 700
12-02 19:00:02.744  1750  1750 W audio_hw_generic: Not supplying enough data to HAL, expected position 391987296 , only wrote 391803784
12-02 19:00:04.793  1743 29148 E ResolverController: No valid NAT64 prefix (127, <unspecified>/0)
12-02 19:00:05.397 28895 28988 I okhttp.OkHttpClient: <-- 200 http://www.981757-ca08998.tmweb.ru:8080/fmh/authentication/login (5768ms)
12-02 19:00:05.397 28895 28988 I okhttp.OkHttpClient: Vary: Origin
12-02 19:00:05.397 28895 28988 I okhttp.OkHttpClient: Vary: Access-Control-Request-Method
12-02 19:00:05.397 28895 28988 I okhttp.OkHttpClient: Vary: Access-Control-Request-Headers
12-02 19:00:05.397 28895 28988 I okhttp.OkHttpClient: X-Content-Type-Options: nosniff
12-02 19:00:05.397 28895 28988 I okhttp.OkHttpClient: X-XSS-Protection: 1; mode=block
12-02 19:00:05.398 28895 28988 I okhttp.OkHttpClient: Cache-Control: no-cache, no-store, max-age=0, must-revalidate
12-02 19:00:05.398 28895 28988 I okhttp.OkHttpClient: Pragma: no-cache
12-02 19:00:05.398 28895 28988 I okhttp.OkHttpClient: Expires: 0
12-02 19:00:05.398 28895 28988 I okhttp.OkHttpClient: X-Frame-Options: DENY
12-02 19:00:05.398 28895 28988 I okhttp.OkHttpClient: Content-Type: application/json
12-02 19:00:05.398 28895 28988 I okhttp.OkHttpClient: Transfer-Encoding: chunked
12-02 19:00:05.398 28895 28988 I okhttp.OkHttpClient: Date: Fri, 02 Dec 2022 16:00:06 GMT
12-02 19:00:05.399 28895 28988 I okhttp.OkHttpClient: Keep-Alive: timeout=60
12-02 19:00:05.399 28895 28988 I okhttp.OkHttpClient: Connection: keep-alive
12-02 19:00:05.400 28895 28988 I okhttp.OkHttpClient: {"accessToken":"eyJhbGciOiJIUzUxMiJ9.eyJzdWIiOiJsb2dpbjIiLCJqdGkiOiIyIiwiZXhwIjoxNjcwMDgzMjA2fQ.Uc26nOLgVqp18giUVED2C2lIPKHK7CaG7suutixjSyofBLXRzwcW3bWGNbYe977nUaryBNb6FysMlr4f6m1_TQ","refreshToken":"eyJhbGciOiJIUzUxMiJ9.eyJzdWIiOiJsb2dpbjIiLCJqdGkiOiIyIiwiZXhwIjoxNjcyNTg4ODA2fQ.XZ7LJNUj_qPjPiQG69Od4onwqG4CSrUdpi7jnXHEXvraL9YU9LZ5vwoUbTSPa-khXBDDbn2lluxa9hmDcNPHrA"}
12-02 19:00:05.400 28895 28988 I okhttp.OkHttpClient: <-- END HTTP (368-byte body)
12-02 19:00:05.404 28895 28969 I okhttp.OkHttpClient: --> GET http://www.981757-ca08998.tmweb.ru:8080/fmh/authentication/userInfo
12-02 19:00:05.404 28895 28969 I okhttp.OkHttpClient: --> END GET
12-02 19:00:05.554 28895 28969 I okhttp.OkHttpClient: <-- 200 http://www.981757-ca08998.tmweb.ru:8080/fmh/authentication/userInfo (149ms)
12-02 19:00:05.554 28895 28969 I okhttp.OkHttpClient: Vary: Origin
12-02 19:00:05.554 28895 28969 I okhttp.OkHttpClient: Vary: Access-Control-Request-Method
12-02 19:00:05.554 28895 28969 I okhttp.OkHttpClient: Vary: Access-Control-Request-Headers
12-02 19:00:05.554 28895 28969 I okhttp.OkHttpClient: X-Content-Type-Options: nosniff
12-02 19:00:05.554 28895 28969 I okhttp.OkHttpClient: X-XSS-Protection: 1; mode=block
12-02 19:00:05.554 28895 28969 I okhttp.OkHttpClient: Cache-Control: no-cache, no-store, max-age=0, must-revalidate
12-02 19:00:05.554 28895 28969 I okhttp.OkHttpClient: Pragma: no-cache
12-02 19:00:05.554 28895 28969 I okhttp.OkHttpClient: Expires: 0
12-02 19:00:05.555 28895 28969 I okhttp.OkHttpClient: X-Frame-Options: DENY
12-02 19:00:05.555 28895 28969 I okhttp.OkHttpClient: Content-Type: application/json
12-02 19:00:05.555 28895 28969 I okhttp.OkHttpClient: Transfer-Encoding: chunked
12-02 19:00:05.555 28895 28969 I okhttp.OkHttpClient: Date: Fri, 02 Dec 2022 16:00:06 GMT
12-02 19:00:05.555 28895 28969 I okhttp.OkHttpClient: Keep-Alive: timeout=60
12-02 19:00:05.555 28895 28969 I okhttp.OkHttpClient: Connection: keep-alive
12-02 19:00:05.556 28895 28969 I okhttp.OkHttpClient: {"id":2,"firstName":"Данил","lastName":"Иванов","middleName":"Данилович","admin":true}
12-02 19:00:05.557 28895 28969 I okhttp.OkHttpClient: <-- END HTTP (106-byte body)
12-02 19:00:05.568 28895 28990 I okhttp.OkHttpClient: --> GET http://www.981757-ca08998.tmweb.ru:8080/fmh/claims
12-02 19:00:05.568 28895 28990 I okhttp.OkHttpClient: --> END GET
12-02 19:00:05.629  2010  2041 E memtrack: Couldn't load memtrack module
12-02 19:00:05.629  2010  2041 W android.os.Debug: failed to get memory consumption info: -1
12-02 19:00:05.697 28895 28895 I ViewInteraction: Checking 'MatchesViewAssertion{viewMatcher=(view has effective visibility <VISIBLE> and view.getGlobalVisibleRect() to return non-empty rectangle)}' assertion on view an instance of android.widget.TextView and view.getText() with or without transformation to match: is "News"
12-02 19:00:05.818  1881  1881 E netmgr  : Failed to open QEMU pipe 'qemud:network': Invalid argument
12-02 19:00:05.888 28895 28895 I ViewInteraction: Performing 'wait for a specific view with <view.getId() is <2131230951>> during 10000 millis.' action on view view.getRootView() to equal view
12-02 19:00:05.898 28895 28895 I ViewInteraction: Checking 'MatchesViewAssertion{viewMatcher=(view has effective visibility <VISIBLE> and view.getGlobalVisibleRect() to return non-empty rectangle)}' assertion on view view.getId() is <2131230951/ru.iteco.fmhandroid:id/container_list_news_include_on_fragment_main>
12-02 19:00:05.904 28895 28895 I ViewInteraction: Performing 'wait for a specific view with <view.getId() is <2131230949>> during 10000 millis.' action on view view.getRootView() to equal view
12-02 19:00:05.910 28895 28895 I ViewInteraction: Checking 'MatchesViewAssertion{viewMatcher=(view has effective visibility <VISIBLE> and view.getGlobalVisibleRect() to return non-empty rectangle)}' assertion on view view.getId() is <2131230949/ru.iteco.fmhandroid:id/container_list_claim_include_on_fragment_main>
12-02 19:00:05.916 28895 28895 I ViewInteraction: Performing 'wait for a specific view with <an instance of android.widget.TextView and view.getText() with or without transformation to match: is "Claims"> during 10000 millis.' action on view view.getRootView() to equal view
12-02 19:00:05.921 28895 28895 I ViewInteraction: Checking 'MatchesViewAssertion{viewMatcher=(view has effective visibility <VISIBLE> and view.getGlobalVisibleRect() to return non-empty rectangle)}' assertion on view an instance of android.widget.TextView and view.getText() with or without transformation to match: is "Claims"
12-02 19:00:05.925 28895 28895 I ViewInteraction: Performing 'wait for a specific view with <view.getId() is <2131231123/ru.iteco.fmhandroid:id/main_menu_image_button>> during 10000 millis.' action on view view.getRootView() to equal view
12-02 19:00:05.946 28895 28895 I ViewInteraction: Performing 'single click' action on view view.getId() is <2131231123/ru.iteco.fmhandroid:id/main_menu_image_button>
12-02 19:00:06.005  1750  3111 W audio_hw_generic: Not supplying enough data to HAL, expected position 391803807 , only wrote 391803784
12-02 19:00:06.072  1772  1875 D gralloc_ranchu: gralloc_alloc: Creating ashmem region of size 3264512
12-02 19:00:06.090  1772  1875 I chatty  : uid=1000(system) HwBinder:1772_2 identical 1 line
12-02 19:00:06.092  1772  1875 D gralloc_ranchu: gralloc_alloc: Creating ashmem region of size 3264512
12-02 19:00:06.105 28895 28955 D EGL_emulation: eglMakeCurrent: 0xe3a07540: ver 2 0 (tinfo 0xe3a93cb0)
12-02 19:00:06.202 28895 28955 I chatty  : uid=10159(ru.iteco.fmhandroid) RenderThread identical 3 lines
12-02 19:00:06.227 28895 28955 D EGL_emulation: eglMakeCurrent: 0xe3a07540: ver 2 0 (tinfo 0xe3a93cb0)
12-02 19:00:06.463 28895 28895 I ViewInteraction: Performing 'wait for a specific view with <an instance of android.widget.TextView and view.getText() with or without transformation to match: is "Claims"> during 10000 millis.' action on view view.getRootView() to equal view
12-02 19:00:06.468 28895 28895 I ViewInteraction: Performing 'single click' action on view an instance of android.widget.TextView and view.getText() with or without transformation to match: is "Claims"
12-02 19:00:06.617 28895 28991 I okhttp.OkHttpClient: --> GET http://www.981757-ca08998.tmweb.ru:8080/fmh/claims
12-02 19:00:06.617 28895 28991 I okhttp.OkHttpClient: --> END GET
12-02 19:00:06.675 28895 28955 D EGL_emulation: eglMakeCurrent: 0xe3a07540: ver 2 0 (tinfo 0xe3a93cb0)
12-02 19:00:06.711 28895 28955 D EGL_emulation: eglMakeCurrent: 0xe3a07540: ver 2 0 (tinfo 0xe3a93cb0)
12-02 19:00:06.938 28895 28895 I ViewInteraction: Performing 'wait for a specific view with <view.getId() is <2131230849/ru.iteco.fmhandroid:id/add_new_claim_material_button>> during 10000 millis.' action on view view.getRootView() to equal view
12-02 19:00:06.943 28895 28895 I ViewInteraction: Performing 'single click' action on view view.getId() is <2131230849/ru.iteco.fmhandroid:id/add_new_claim_material_button>
12-02 19:00:06.995 28895 28969 I okhttp.OkHttpClient: --> GET http://www.981757-ca08998.tmweb.ru:8080/fmh/users
12-02 19:00:06.995 28895 28969 I okhttp.OkHttpClient: --> END GET
12-02 19:00:07.223 28895 28895 I ViewInteraction: Performing 'wait for a specific view with <view.getId() is <2131231041/ru.iteco.fmhandroid:id/executor_drop_menu_auto_complete_text_view>> during 10000 millis.' action on view view.getRootView() to equal view
12-02 19:00:07.441 28895 28969 I okhttp.OkHttpClient: <-- 200 http://www.981757-ca08998.tmweb.ru:8080/fmh/users (444ms)
12-02 19:00:07.441 28895 28969 I okhttp.OkHttpClient: Vary: Origin
12-02 19:00:07.441 28895 28969 I okhttp.OkHttpClient: Vary: Access-Control-Request-Method
12-02 19:00:07.441 28895 28969 I okhttp.OkHttpClient: Vary: Access-Control-Request-Headers
12-02 19:00:07.441 28895 28969 I okhttp.OkHttpClient: X-Content-Type-Options: nosniff
12-02 19:00:07.441 28895 28969 I okhttp.OkHttpClient: X-XSS-Protection: 1; mode=block
12-02 19:00:07.441 28895 28969 I okhttp.OkHttpClient: Cache-Control: no-cache, no-store, max-age=0, must-revalidate
12-02 19:00:07.441 28895 28969 I okhttp.OkHttpClient: Pragma: no-cache
12-02 19:00:07.441 28895 28969 I okhttp.OkHttpClient: Expires: 0
12-02 19:00:07.442 28895 28969 I okhttp.OkHttpClient: X-Frame-Options: DENY
12-02 19:00:07.442 28895 28969 I okhttp.OkHttpClient: Content-Type: application/json
12-02 19:00:07.442 28895 28969 I okhttp.OkHttpClient: Transfer-Encoding: chunked
12-02 19:00:07.442 28895 28969 I okhttp.OkHttpClient: Date: Fri, 02 Dec 2022 16:00:08 GMT
12-02 19:00:07.442 28895 28969 I okhttp.OkHttpClient: Keep-Alive: timeout=60
12-02 19:00:07.442 28895 28969 I okhttp.OkHttpClient: Connection: keep-alive
12-02 19:00:07.444 28895 28969 I okhttp.OkHttpClient: [{"id":1,"firstName":"Петр","lastName":"Смирнов","middleName":"Петрович","admin":true},{"id":2,"firstName":"Данил","lastName":"Иванов","middleName":"Данилович","admin":true},{"id":3,"firstName":"Егор","lastName":"Петров","middleName":"Егорович","admin":false},{"id":4,"firstName":"Дмитрий","lastName":"Сидоров","middleName":"Дмитриевич","admin":false},{"id":5,"firstName":"Тест","lastName":"Тестов","middleName":"Тестович","admin":true},{"id":6,"firstName":"Diplom","lastName":"Netology","middleName":"QAMID","admin":true}]
12-02 19:00:07.444 28895 28969 I okhttp.OkHttpClient: <-- END HTTP (622-byte body)
12-02 19:00:07.691 28895 28895 I ViewInteraction: Checking 'MatchesViewAssertion{viewMatcher=(view has effective visibility <VISIBLE> and view.getGlobalVisibleRect() to return non-empty rectangle)}' assertion on view view.getId() is <2131231041/ru.iteco.fmhandroid:id/executor_drop_menu_auto_complete_text_view>
12-02 19:00:07.707 28895 28895 I ViewInteraction: Performing 'single click' action on view view.getId() is <2131231041/ru.iteco.fmhandroid:id/executor_drop_menu_auto_complete_text_view>
12-02 19:00:07.805  1743  2204 I netd    : firewallSetUidRule(2, 10145, 1) <0.62ms>
12-02 19:00:07.862  1772  1875 D gralloc_ranchu: gralloc_alloc: Creating ashmem region of size 7032832
12-02 19:00:07.870  1772  1875 I chatty  : uid=1000(system) HwBinder:1772_2 identical 1 line
12-02 19:00:07.871  1772  1875 D gralloc_ranchu: gralloc_alloc: Creating ashmem region of size 7032832
12-02 19:00:07.882 28895 28955 D EGL_emulation: eglMakeCurrent: 0xe3a07540: ver 2 0 (tinfo 0xe3a93cb0)
12-02 19:00:07.936 28895 28895 I AssistStructure: Flattened final assist data: 6984 bytes, containing 2 windows, 53 views
12-02 19:00:07.950  2010  4313 D AutofillSession: Starting partition or augmented request for view id 1073741827@104362920: STARTED_SESSION
12-02 19:00:07.953  2486  2486 W GInputConnectionWrapper: IPC IC_GET_TEXT_BEFORE_CURSOR_AND_FIX_SELECTION_INDICES took 165 ms
12-02 19:00:07.958  2010  2010 D AutofillSession: cancelCurrentRequest(): id = 1101
12-02 19:00:07.960  1785  1976 D AF::Track: interceptBuffer: took 351us to intercept 0 tracks
12-02 19:00:07.975 28895 28955 D EGL_emulation: eglMakeCurrent: 0xe3a07540: ver 2 0 (tinfo 0xe3a93cb0)
12-02 19:00:07.998 28895 28895 I AssistStructure: Flattened final assist data: 6984 bytes, containing 2 windows, 53 views
12-02 19:00:08.009  2584  2584 W ktk     : Pending fill request while another request in the same session was triggered. [CONTEXT service_id=177 ]
12-02 19:00:08.021  2010  2034 D AutofillUI: destroySaveUiUiThread(): already destroyed
12-02 19:00:08.026 28895 28955 D EGL_emulation: eglMakeCurrent: 0xe3a07540: ver 2 0 (tinfo 0xe3a93cb0)
12-02 19:00:08.030  2486  2486 I KeyboardViewUtil: systemKeyboardHeightRatio:1.000000; userKeyboardHeightRatio:1.000000.
12-02 19:00:08.031  2486  2486 I AndroidIME: LatinIme.onActivate() : EditorInfo = Package = ru.iteco.fmhandroid : Type = Text : Learning = Disable : Suggestion = Show : AutoCorrection = Disable : Microphone = Show : NoPersonalizedLearning = Disable
12-02 19:00:08.042  2486  2486 I Conv2QueryExtension: Current locale: en_US, config allows these locales: de,en,es,fr,it,ms,pt,ta
12-02 19:00:08.042  2486  2486 I Conv2QueryExtension: Conv2Query not enabled due to current app [ru.iteco.fmhandroid] not in whitelist
12-02 19:00:08.042  2486  2486 I Conv2QueryExtension: onActivate() : Disabled by unsupported host app
12-02 19:00:08.055 28895 28990 I okhttp.OkHttpClient: <-- 200 http://www.981757-ca08998.tmweb.ru:8080/fmh/claims (2486ms)
12-02 19:00:08.055 28895 28990 I okhttp.OkHttpClient: Vary: Origin
12-02 19:00:08.055 28895 28990 I okhttp.OkHttpClient: Vary: Access-Control-Request-Method
12-02 19:00:08.055 28895 28990 I okhttp.OkHttpClient: Vary: Access-Control-Request-Headers
12-02 19:00:08.055 28895 28990 I okhttp.OkHttpClient: X-Content-Type-Options: nosniff
12-02 19:00:08.056 28895 28990 I okhttp.OkHttpClient: X-XSS-Protection: 1; mode=block
12-02 19:00:08.056 28895 28990 I okhttp.OkHttpClient: Cache-Control: no-cache, no-store, max-age=0, must-revalidate
12-02 19:00:08.056 28895 28990 I okhttp.OkHttpClient: Pragma: no-cache
12-02 19:00:08.056 28895 28990 I okhttp.OkHttpClient: Expires: 0
12-02 19:00:08.056 28895 28990 I okhttp.OkHttpClient: X-Frame-Options: DENY
12-02 19:00:08.056 28895 28990 I okhttp.OkHttpClient: Content-Type: application/json
12-02 19:00:08.056 28895 28990 I okhttp.OkHttpClient: Transfer-Encoding: chunked
12-02 19:00:08.056 28895 28990 I okhttp.OkHttpClient: Date: Fri, 02 Dec 2022 16:00:08 GMT
12-02 19:00:08.056 28895 28990 I okhttp.OkHttpClient: Keep-Alive: timeout=60
12-02 19:00:08.057 28895 28990 I okhttp.OkHttpClient: Connection: keep-alive
12-02 19:00:08.059  2169  2501 D EGL_emulation: eglMakeCurrent: 0xdb91a600: ver 2 0 (tinfo 0xdb90f8d0)
12-02 19:00:08.066  1772  1875 D gralloc_ranchu: gralloc_alloc: Creating ashmem region of size 14262272
12-02 19:00:08.078  1772  1875 I chatty  : uid=1000(system) HwBinder:1772_2 identical 1 line
12-02 19:00:08.081  1772  1875 D gralloc_ranchu: gralloc_alloc: Creating ashmem region of size 14262272
12-02 19:00:08.088  2486  6704 D EGL_emulation: eglMakeCurrent: 0xdb91b920: ver 2 0 (tinfo 0xdb90fce0)
12-02 19:00:08.175 28895 28955 D EGL_emulation: eglMakeCurrent: 0xe3a07540: ver 2 0 (tinfo 0xe3a93cb0)
12-02 19:00:08.235  1772  1875 D gralloc_ranchu: gralloc_alloc: Creating ashmem region of size 4997120
12-02 19:00:08.244 28895 28955 D EGL_emulation: eglMakeCurrent: 0xe3a07540: ver 2 0 (tinfo 0xe3a93cb0)
12-02 19:00:08.263  1772  1875 D gralloc_ranchu: gralloc_alloc: Creating ashmem region of size 4997120
12-02 19:00:08.269 28895 28955 D EGL_emulation: eglMakeCurrent: 0xe3a07540: ver 2 0 (tinfo 0xe3a93cb0)
12-02 19:00:08.286 28895 28955 D EGL_emulation: eglMakeCurrent: 0xe3a07540: ver 2 0 (tinfo 0xe3a93cb0)
12-02 19:00:08.300  1772  1875 D gralloc_ranchu: gralloc_alloc: Creating ashmem region of size 4997120
12-02 19:00:08.312 28895 28955 D EGL_emulation: eglMakeCurrent: 0xe3a07540: ver 2 0 (tinfo 0xe3a93cb0)
12-02 19:00:08.387 28895 28895 I ViewInteraction: Performing 'replace text(Козлов Константин Анатольевич)' action on view view.getId() is <2131231041/ru.iteco.fmhandroid:id/executor_drop_menu_auto_complete_text_view>
12-02 19:00:08.440  2010  2029 E InputDispatcher: Window handle Window{ef058c7 u0 PopupWindow:fdda4ef} has no registered input channel
12-02 19:00:08.460  2486  2486 I KeyboardViewUtil: systemKeyboardHeightRatio:1.000000; userKeyboardHeightRatio:1.000000.
12-02 19:00:08.461 28895 28895 I ViewInteraction: Performing 'close keyboard' action on view view.getRootView() to equal view
12-02 19:00:08.470  2486  2486 I AndroidIME: LatinIme.onDeactivate()
12-02 19:00:08.471  1743  2204 I netd    : firewallSetUidRule(2, 10145, 2) <0.06ms>
12-02 19:00:08.472  2486  2486 I AndroidIME: LatinIme.onActivate() : EditorInfo = Package = ru.iteco.fmhandroid : Type = Text : Learning = Disable : Suggestion = Show : AutoCorrection = Disable : Microphone = Show : NoPersonalizedLearning = Disable
12-02 19:00:08.503  2486  2486 I Conv2QueryExtension: Current locale: en_US, config allows these locales: de,en,es,fr,it,ms,pt,ta
12-02 19:00:08.503  2486  2486 I Conv2QueryExtension: Conv2Query not enabled due to current app [ru.iteco.fmhandroid] not in whitelist
12-02 19:00:08.503  2486  2486 I Conv2QueryExtension: onActivate() : Disabled by unsupported host app
12-02 19:00:08.519  2486  2486 I PhenotypeExpConfig: refreshConfiguration() : Force = false : UpdateAvailable = false : Age = 177 minutes : MaxAge = 720 minutes
12-02 19:00:08.535  2486  2486 I AndroidIME: LatinIme.onDeactivate()
12-02 19:00:08.546  2486  6704 D EGL_emulation: eglMakeCurrent: 0xdb91b920: ver 2 0 (tinfo 0xdb90fce0)
12-02 19:00:08.860 28895 28895 I ViewInteraction: Performing 'wait for a specific view with <(view.getId() is <2131231402/ru.iteco.fmhandroid:id/title_edit_text> and view.getParent() view.getParent() view.getId() is <2131231406/ru.iteco.fmhandroid:id/title_text_input_layout>)> during 10000 millis.' action on view view.getRootView() to equal view
12-02 19:00:08.865 28895 28895 I ViewInteraction: Performing 'replace text(В работе 5595cba7-f717-4fe0-9dc8-5e635c6edc24)' action on view (view.getId() is <2131231402/ru.iteco.fmhandroid:id/title_edit_text> and view.getParent() view.getParent() view.getId() is <2131231406/ru.iteco.fmhandroid:id/title_text_input_layout>)
12-02 19:00:08.939 28895 28895 I ViewInteraction: Performing 'wait for a specific view with <view.getId() is <2131230975/ru.iteco.fmhandroid:id/date_in_plan_text_input_edit_text>> during 10000 millis.' action on view view.getRootView() to equal view
12-02 19:00:08.945 28895 28895 I ViewInteraction: Performing 'single click' action on view view.getId() is <2131230975/ru.iteco.fmhandroid:id/date_in_plan_text_input_edit_text>
12-02 19:00:09.114  1772  1875 D gralloc_ranchu: gralloc_alloc: Creating ashmem region of size 10964992
12-02 19:00:09.123  1772  1875 I chatty  : uid=1000(system) HwBinder:1772_2 identical 1 line
12-02 19:00:09.128  1772  1875 D gralloc_ranchu: gralloc_alloc: Creating ashmem region of size 10964992
12-02 19:00:09.137 28895 28955 D EGL_emulation: eglMakeCurrent: 0xe3a07540: ver 2 0 (tinfo 0xe3a93cb0)
12-02 19:00:09.379 28895 28955 I chatty  : uid=10159(ru.iteco.fmhandroid) RenderThread identical 9 lines
12-02 19:00:09.400 28895 28955 D EGL_emulation: eglMakeCurrent: 0xe3a07540: ver 2 0 (tinfo 0xe3a93cb0)
12-02 19:00:09.403  2486  3800 I native  : input-context-store.cc:172 Ignoring stale client request for FetchSuggestions
12-02 19:00:09.414 28895 28955 D EGL_emulation: eglMakeCurrent: 0xe3a07540: ver 2 0 (tinfo 0xe3a93cb0)
12-02 19:00:09.436 28895 28955 I chatty  : uid=10159(ru.iteco.fmhandroid) RenderThread identical 1 line
12-02 19:00:09.450 28895 28955 D EGL_emulation: eglMakeCurrent: 0xe3a07540: ver 2 0 (tinfo 0xe3a93cb0)
12-02 19:00:09.734 28895 28895 I ViewInteraction: Performing 'wait for a specific view with <is assignable from class <class android.widget.DatePicker>> during 10000 millis.' action on view view.getRootView() to equal view
12-02 19:00:09.739 28895 28895 I ViewInteraction: Checking 'MatchesViewAssertion{viewMatcher=(view has effective visibility <VISIBLE> and view.getGlobalVisibleRect() to return non-empty rectangle)}' assertion on view is assignable from class <class android.widget.DatePicker>
12-02 19:00:09.743 28895 28895 I ViewInteraction: Performing 'wait for a specific view with <is assignable from class <class android.widget.DatePicker>> during 10000 millis.' action on view view.getRootView() to equal view
12-02 19:00:09.747 28895 28895 I ViewInteraction: Performing 'set date' action on view is assignable from class <class android.widget.DatePicker>
12-02 19:00:09.762 28895 28955 D EGL_emulation: eglMakeCurrent: 0xe3a07540: ver 2 0 (tinfo 0xe3a93cb0)
12-02 19:00:09.788 28895 28895 I ViewInteraction: Performing 'wait for a specific view with <view.getId() is <16908313/android:id/button1>> during 10000 millis.' action on view view.getRootView() to equal view
12-02 19:00:09.797 28895 28895 I ViewInteraction: Performing 'single click' action on view view.getId() is <16908313/android:id/button1>
12-02 19:00:09.886 28895 28955 D EGL_emulation: eglMakeCurrent: 0xe3a07540: ver 2 0 (tinfo 0xe3a93cb0)
12-02 19:00:09.908  2010  2029 E InputDispatcher: Window handle Window{c8afdf0 u0 ru.iteco.fmhandroid/ru.iteco.fmhandroid.ui.AppActivity} has no registered input channel
12-02 19:00:09.917 28895 28955 D EGL_emulation: eglMakeCurrent: 0xe3a07540: ver 2 0 (tinfo 0xe3a93cb0)
12-02 19:00:10.102 28895 28991 I okhttp.OkHttpClient: <-- 200 http://www.981757-ca08998.tmweb.ru:8080/fmh/claims (3485ms)
12-02 19:00:10.103 28895 28991 I okhttp.OkHttpClient: Vary: Origin
12-02 19:00:10.103 28895 28991 I okhttp.OkHttpClient: Vary: Access-Control-Request-Method
12-02 19:00:10.103 28895 28991 I okhttp.OkHttpClient: Vary: Access-Control-Request-Headers
12-02 19:00:10.103 28895 28991 I okhttp.OkHttpClient: X-Content-Type-Options: nosniff
12-02 19:00:10.103 28895 28991 I okhttp.OkHttpClient: X-XSS-Protection: 1; mode=block
12-02 19:00:10.103 28895 28991 I okhttp.OkHttpClient: Cache-Control: no-cache, no-store, max-age=0, must-revalidate
12-02 19:00:10.103 28895 28991 I okhttp.OkHttpClient: Pragma: no-cache
12-02 19:00:10.103 28895 28991 I okhttp.OkHttpClient: Expires: 0
12-02 19:00:10.103 28895 28991 I okhttp.OkHttpClient: X-Frame-Options: DENY
12-02 19:00:10.105 28895 28991 I okhttp.OkHttpClient: Content-Type: application/json
12-02 19:00:10.105 28895 28991 I okhttp.OkHttpClient: Transfer-Encoding: chunked
12-02 19:00:10.105 28895 28991 I okhttp.OkHttpClient: Date: Fri, 02 Dec 2022 16:00:11 GMT
12-02 19:00:10.105 28895 28991 I okhttp.OkHttpClient: Keep-Alive: timeout=60
12-02 19:00:10.105 28895 28991 I okhttp.OkHttpClient: Connection: keep-alive
12-02 19:00:10.182 28895 28895 I ViewInteraction: Performing 'wait for a specific view with <(an instance of android.widget.TextView and view.getHint() matching: is "Time" and view.getParent() view.getParent() view.getId() is <2131231399/ru.iteco.fmhandroid:id/time_in_plan_text_input_layout>)> during 10000 millis.' action on view view.getRootView() to equal view
12-02 19:00:10.186 28895 28895 I ViewInteraction: Performing 'single click' action on view (an instance of android.widget.TextView and view.getHint() matching: is "Time" and view.getParent() view.getParent() view.getId() is <2131231399/ru.iteco.fmhandroid:id/time_in_plan_text_input_layout>)
12-02 19:00:10.352  1772  1875 D gralloc_ranchu: gralloc_alloc: Creating ashmem region of size 9261056
12-02 19:00:10.362  1772  1875 I chatty  : uid=1000(system) HwBinder:1772_2 identical 1 line
12-02 19:00:10.364  1772  1875 D gralloc_ranchu: gralloc_alloc: Creating ashmem region of size 9261056
12-02 19:00:10.374 28895 28955 D EGL_emulation: eglMakeCurrent: 0xe3a07540: ver 2 0 (tinfo 0xe3a93cb0)
12-02 19:00:10.453 28895 28955 I chatty  : uid=10159(ru.iteco.fmhandroid) RenderThread identical 2 lines
12-02 19:00:10.497 28895 28955 D EGL_emulation: eglMakeCurrent: 0xe3a07540: ver 2 0 (tinfo 0xe3a93cb0)
12-02 19:00:10.727 28895 28895 I ViewInteraction: Performing 'wait for a specific view with <is assignable from class <class android.widget.TimePicker>> during 10000 millis.' action on view view.getRootView() to equal view
12-02 19:00:10.736 28895 28895 I ViewInteraction: Checking 'MatchesViewAssertion{viewMatcher=(view has effective visibility <VISIBLE> and view.getGlobalVisibleRect() to return non-empty rectangle)}' assertion on view is assignable from class <class android.widget.TimePicker>
12-02 19:00:10.741 28895 28895 I ViewInteraction: Performing 'wait for a specific view with <is assignable from class <class android.widget.TimePicker>> during 10000 millis.' action on view view.getRootView() to equal view
12-02 19:00:10.745 28895 28895 I ViewInteraction: Performing 'set time' action on view is assignable from class <class android.widget.TimePicker>
12-02 19:00:10.761 28895 28955 D EGL_emulation: eglMakeCurrent: 0xe3a07540: ver 2 0 (tinfo 0xe3a93cb0)
12-02 19:00:10.776 28895 28895 I ViewInteraction: Performing 'wait for a specific view with <view.getId() is <16908313/android:id/button1>> during 10000 millis.' action on view view.getRootView() to equal view
12-02 19:00:10.782 28895 28895 I ViewInteraction: Performing 'single click' action on view view.getId() is <16908313/android:id/button1>
12-02 19:00:10.863 28895 28955 D EGL_emulation: eglMakeCurrent: 0xe3a07540: ver 2 0 (tinfo 0xe3a93cb0)
12-02 19:00:10.875  2010  2029 E InputDispatcher: Window handle Window{9e71595 u0 ru.iteco.fmhandroid/ru.iteco.fmhandroid.ui.AppActivity} has no registered input channel
12-02 19:00:10.890 28895 28955 D EGL_emulation: eglMakeCurrent: 0xe3a07540: ver 2 0 (tinfo 0xe3a93cb0)
12-02 19:00:11.166 28895 28895 I ViewInteraction: Performing 'wait for a specific view with <(an instance of android.widget.TextView and view.getHint() matching: is "Description" and view.getParent() view.getParent() view.getId() is <2131230988/ru.iteco.fmhandroid:id/description_text_input_layout>)> during 10000 millis.' action on view view.getRootView() to equal view
12-02 19:00:11.172 28895 28895 I ViewInteraction: Performing 'replace text(В работе 5595cba7-f717-4fe0-9dc8-5e635c6edc24)' action on view (an instance of android.widget.TextView and view.getHint() matching: is "Description" and view.getParent() view.getParent() view.getId() is <2131230988/ru.iteco.fmhandroid:id/description_text_input_layout>)
12-02 19:00:11.221 28895 28895 I ViewInteraction: Performing 'wait for a specific view with <view.getId() is <2131231291/ru.iteco.fmhandroid:id/save_button>> during 10000 millis.' action on view view.getRootView() to equal view
12-02 19:00:11.237 28895 28895 I ViewInteraction: Performing 'single click' action on view view.getId() is <2131231291/ru.iteco.fmhandroid:id/save_button>
12-02 19:00:11.300 28895 29028 I okhttp.OkHttpClient: --> POST http://www.981757-ca08998.tmweb.ru:8080/fmh/claims
12-02 19:00:11.300 28895 29028 I okhttp.OkHttpClient: Content-Type: application/json; charset=UTF-8
12-02 19:00:11.301 28895 29028 I okhttp.OkHttpClient: Content-Length: 275
12-02 19:00:11.301 28895 29028 I okhttp.OkHttpClient: {"createDate":1669996811,"creatorId":2,"creatorName":"Иванов Данил Данилович","description":"В работе 5595cba7-f717-4fe0-9dc8-5e635c6edc24","planExecuteDate":1669996740,"status":"OPEN","title":"В работе 5595cba7-f717-4fe0-9dc8-5e635c6edc24"}
12-02 19:00:11.301 28895 29028 I okhttp.OkHttpClient: --> END POST (275-byte body)
12-02 19:00:11.346  1743 29154 E ResolverController: No valid NAT64 prefix (127, <unspecified>/0)
12-02 19:00:11.532 28895 28895 I ViewInteraction: Performing 'wait for a specific view with <view.getId() is <2131230916/ru.iteco.fmhandroid:id/claim_list_recycler_view>> during 10000 millis.' action on view view.getRootView() to equal view
12-02 19:00:11.651 28895 29028 I okhttp.OkHttpClient: <-- 200 http://www.981757-ca08998.tmweb.ru:8080/fmh/claims (350ms)
12-02 19:00:11.652 28895 29028 I okhttp.OkHttpClient: Vary: Origin
12-02 19:00:11.652 28895 29028 I okhttp.OkHttpClient: Vary: Access-Control-Request-Method
12-02 19:00:11.652 28895 29028 I okhttp.OkHttpClient: Vary: Access-Control-Request-Headers
12-02 19:00:11.652 28895 29028 I okhttp.OkHttpClient: X-Content-Type-Options: nosniff
12-02 19:00:11.652 28895 29028 I okhttp.OkHttpClient: X-XSS-Protection: 1; mode=block
12-02 19:00:11.652 28895 29028 I okhttp.OkHttpClient: Cache-Control: no-cache, no-store, max-age=0, must-revalidate
12-02 19:00:11.653 28895 29028 I okhttp.OkHttpClient: Pragma: no-cache
12-02 19:00:11.653 28895 29028 I okhttp.OkHttpClient: Expires: 0
12-02 19:00:11.653 28895 29028 I okhttp.OkHttpClient: X-Frame-Options: DENY
12-02 19:00:11.653 28895 29028 I okhttp.OkHttpClient: Content-Type: application/json
12-02 19:00:11.653 28895 29028 I okhttp.OkHttpClient: Transfer-Encoding: chunked
12-02 19:00:11.653 28895 29028 I okhttp.OkHttpClient: Date: Fri, 02 Dec 2022 16:00:13 GMT
12-02 19:00:11.653 28895 29028 I okhttp.OkHttpClient: Keep-Alive: timeout=60
12-02 19:00:11.653 28895 29028 I okhttp.OkHttpClient: Connection: keep-alive
12-02 19:00:11.659 28895 29028 I okhttp.OkHttpClient: {"id":2506,"title":"В работе 5595cba7-f717-4fe0-9dc8-5e635c6edc24","description":"В работе 5595cba7-f717-4fe0-9dc8-5e635c6edc24","creatorId":2,"executorId":null,"createDate":1669996811,"planExecuteDate":1669996740,"factExecuteDate":null,"status":"OPEN","creatorName":"Иванов Данил Данилович","executorName":null}
12-02 19:00:11.660 28895 29028 I okhttp.OkHttpClient: <-- END HTTP (346-byte body)
12-02 19:00:11.786 28895 28895 I ViewInteraction: Checking 'MatchesViewAssertion{viewMatcher=(view has effective visibility <VISIBLE> and view.getGlobalVisibleRect() to return non-empty rectangle)}' assertion on view view.getId() is <2131230916/ru.iteco.fmhandroid:id/claim_list_recycler_view>
12-02 19:00:11.800 28895 28895 I ViewInteraction: Performing 'scroll RecyclerView to: holder with view: (view is an instance of android.view.ViewGroup and has descendant matching an instance of android.widget.TextView and view.getText() with or without transformation to match: is "В работе 5595cba7-f717-4fe0-9dc8-5e635c6edc24")' action on view view.getId() is <2131230916/ru.iteco.fmhandroid:id/claim_list_recycler_view>
12-02 19:00:11.803 28895 28895 D takeScreenshot: Found 1 global views to redraw
12-02 19:00:11.830  1772  1875 D gralloc_ranchu: gralloc_alloc: Creating ashmem region of size 14749696
12-02 19:00:11.867 28895 28908 I teco.fmhandroi: NativeAlloc concurrent copying GC freed 100473(4370KB) AllocSpace objects, 4(76KB) LOS objects, 32% free, 12MB/18MB, paused 1.355ms total 159.706ms
12-02 19:00:11.884 28895 28939 W DefaultFailureHandler: Failed to take screenshot
12-02 19:00:11.884 28895 28939 W DefaultFailureHandler: java.io.FileNotFoundException: view-op-error-11.png: open failed: EROFS (Read-only file system)
12-02 19:00:11.884 28895 28939 W DefaultFailureHandler: 	at libcore.io.IoBridge.open(IoBridge.java:496)
12-02 19:00:11.884 28895 28939 W DefaultFailureHandler: 	at java.io.FileOutputStream.<init>(FileOutputStream.java:235)
12-02 19:00:11.884 28895 28939 W DefaultFailureHandler: 	at java.io.FileOutputStream.<init>(FileOutputStream.java:125)
12-02 19:00:11.884 28895 28939 W DefaultFailureHandler: 	at androidx.test.platform.io.FileTestStorage.openOutputFile(FileTestStorage.java:60)
12-02 19:00:11.884 28895 28939 W DefaultFailureHandler: 	at androidx.test.core.graphics.BitmapStorage.writeToTestStorage(BitmapStorageExt.kt:49)
12-02 19:00:11.884 28895 28939 W DefaultFailureHandler: 	at androidx.test.espresso.base.DefaultFailureHandler.takeScreenshot(DefaultFailureHandler.java:4)
12-02 19:00:11.884 28895 28939 W DefaultFailureHandler: 	at androidx.test.espresso.base.DefaultFailureHandler.handle(DefaultFailureHandler.java:3)
12-02 19:00:11.884 28895 28939 W DefaultFailureHandler: 	at androidx.test.espresso.ViewInteraction.waitForAndHandleInteractionResults(ViewInteraction.java:8)
12-02 19:00:11.884 28895 28939 W DefaultFailureHandler: 	at androidx.test.espresso.ViewInteraction.desugaredPerform(ViewInteraction.java:11)
12-02 19:00:11.884 28895 28939 W DefaultFailureHandler: 	at androidx.test.espresso.ViewInteraction.perform(ViewInteraction.java:8)
12-02 19:00:11.884 28895 28939 W DefaultFailureHandler: 	at ru.iteco.fmhandroid.ui.steps.ClaimsPageSteps.scrollToElementInRecyclerList(ClaimsPageSteps.java:128)
12-02 19:00:11.884 28895 28939 W DefaultFailureHandler: 	at ru.iteco.fmhandroid.ui.ClaimsCreationFormTest.shouldCreateAClaimWithoutAnExecutor(ClaimsCreationFormTest.java:292)
12-02 19:00:11.884 28895 28939 W DefaultFailureHandler: 	at java.lang.reflect.Method.invoke(Native Method)
12-02 19:00:11.884 28895 28939 W DefaultFailureHandler: 	at org.junit.runners.model.FrameworkMethod$1.runReflectiveCall(FrameworkMethod.java:59)
12-02 19:00:11.884 28895 28939 W DefaultFailureHandler: 	at org.junit.internal.runners.model.ReflectiveCallable.run(ReflectiveCallable.java:12)
12-02 19:00:11.884 28895 28939 W DefaultFailureHandler: 	at org.junit.runners.model.FrameworkMethod.invokeExplosively(FrameworkMethod.java:56)
12-02 19:00:11.884 28895 28939 W DefaultFailureHandler: 	at org.junit.internal.runners.statements.InvokeMethod.evaluate(InvokeMethod.java:17)
12-02 19:00:11.884 28895 28939 W DefaultFailureHandler: 	at androidx.test.internal.runner.junit4.statement.RunBefores.evaluate(RunBefores.java:80)
12-02 19:00:11.884 28895 28939 W DefaultFailureHandler: 	at androidx.test.internal.runner.junit4.statement.RunAfters.evaluate(RunAfters.java:61)
12-02 19:00:11.884 28895 28939 W DefaultFailureHandler: 	at androidx.test.rule.ActivityTestRule$ActivityStatement.evaluate(ActivityTestRule.java:543)
12-02 19:00:11.884 28895 28939 W DefaultFailureHandler: 	at io.qameta.allure.android.rules.LogcatRule$apply$1.evaluate(LogcatRule.kt:23)
12-02 19:00:11.884 28895 28939 W DefaultFailureHandler: 	at io.qameta.allure.android.rules.ScreenshotRule$apply$1.evaluate(ScreenshotRule.kt:22)
12-02 19:00:11.884 28895 28939 W DefaultFailureHandler: 	at io.qameta.allure.android.rules.ScreenshotRule$apply$1.evaluate(ScreenshotRule.kt:22)
12-02 19:00:11.884 28895 28939 W DefaultFailureHandler: 	at org.junit.rules.RunRules.evaluate(RunRules.java:20)
12-02 19:00:11.884 28895 28939 W DefaultFailureHandler: 	at org.junit.runners.ParentRunner$3.evaluate(ParentRunner.java:306)
12-02 19:00:11.884 28895 28939 W DefaultFailureHandler: 	at org.junit.runners.BlockJUnit4ClassRunner$1.evaluate(BlockJUnit4ClassRunner.java:100)
12-02 19:00:11.884 28895 28939 W DefaultFailureHandler: 	at org.junit.runners.ParentRunner.runLeaf(ParentRunner.java:366)
12-02 19:00:11.884 28895 28939 W DefaultFailureHandler: 	at org.junit.runners.BlockJUnit4ClassRunner.runChild(BlockJUnit4ClassRunner.java:103)
12-02 19:00:11.884 28895 28939 W DefaultFailureHandler: 	at org.junit.runners.BlockJUnit4ClassRunner.runChild(BlockJUnit4ClassRunner.java:63)
12-02 19:00:11.884 28895 28939 W DefaultFailureHandler: 	at org.junit.runners.ParentRunner$4.run(ParentRunner.java:331)
12-02 19:00:11.884 28895 28939 W DefaultFailureHandler: 	at org.junit.runners.ParentRunner$1.schedule(ParentRunner.java:79)
12-02 19:00:11.884 28895 28939 W DefaultFailureHandler: 	at org.junit.runners.ParentRunner.runChildren(ParentRunner.java:329)
12-02 19:00:11.884 28895 28939 W DefaultFailureHandler: 	at org.junit.runners.ParentRunner.access$100(ParentRunner.java:66)
12-02 19:00:11.884 28895 28939 W DefaultFailureHandler: 	at org.junit.runners.ParentRunner$2.evaluate(ParentRunner.java:293)
12-02 19:00:11.884 28895 28939 W DefaultFailureHandler: 	at org.junit.runners.ParentRunner$3.evaluate(ParentRunner.java:306)
12-02 19:00:11.884 28895 28939 W DefaultFailureHandler: 	at org.junit.runners.ParentRunner.run(ParentRunner.java:413)
12-02 19:00:11.884 28895 28939 W DefaultFailureHandler: 	at androidx.test.ext.junit.runners.AndroidJUnit4.run(AndroidJUnit4.java:162)
12-02 19:00:11.884 28895 28939 W DefaultFailureHandler: 	at io.qameta.allure.android.runners.AllureAndroidJUnit4.run(AllureAndroidJUnitRunners.kt:29)
12-02 19:00:11.884 28895 28939 W DefaultFailureHandler: 	at org.junit.runners.Suite.runChild(Suite.java:128)
12-02 19:00:11.884 28895 28939 W DefaultFailureHandler: 	at org.junit.runners.Suite.runChild(Suite.java:27)
12-02 19:00:11.884 28895 28939 W DefaultFailureHandler: 	at org.junit.runners.ParentRunner$4.run(ParentRunner.java:331)
12-02 19:00:11.884 28895 28939 W DefaultFailureHandler: 	at org.junit.runners.ParentRunner$1.schedule(ParentRunner.java:79)
12-02 19:00:11.884 28895 28939 W DefaultFailureHandler: 	at org.junit.runners.ParentRunner.runChildren(ParentRunner.java:329)
12-02 19:00:11.884 28895 28939 W DefaultFailureHandler: 	at org.junit.runners.ParentRunner.access$100(ParentRunner.java:66)
12-02 19:00:11.884 28895 28939 W DefaultFailureHandler: 	at org.junit.runners.ParentRunner$2.evaluate(ParentRunner.java:293)
12-02 19:00:11.884 28895 28939 W DefaultFailureHandler: 	at org.junit.runners.ParentRunner$3.evaluate(ParentRunner.java:306)
12-02 19:00:11.884 28895 28939 W DefaultFailureHandler: 	at org.junit.runners.ParentRunner.run(ParentRunner.java:413)
12-02 19:00:11.884 28895 28939 W DefaultFailureHandler: 	at org.junit.runner.JUnitCore.run(JUnitCore.java:137)
12-02 19:00:11.884 28895 28939 W DefaultFailureHandler: 	at org.junit.runner.JUnitCore.run(JUnitCore.java:115)
12-02 19:00:11.884 28895 28939 W DefaultFailureHandler: 	at androidx.test.internal.runner.TestExecutor.execute(TestExecutor.java:67)
12-02 19:00:11.885 28895 28939 W DefaultFailureHandler: 	at androidx.test.internal.runner.TestExecutor.execute(TestExecutor.java:58)
12-02 19:00:11.885 28895 28939 W DefaultFailureHandler: 	at androidx.test.runner.AndroidJUnitRunner.onStart(AndroidJUnitRunner.java:438)
12-02 19:00:11.885 28895 28939 W DefaultFailureHandler: 	at android.app.Instrumentation$InstrumentationThread.run(Instrumentation.java:2189)
12-02 19:00:11.885 28895 28939 W DefaultFailureHandler: Caused by: android.system.ErrnoException: open failed: EROFS (Read-only file system)
12-02 19:00:11.885 28895 28939 W DefaultFailureHandler: 	at libcore.io.Linux.open(Native Method)
12-02 19:00:11.885 28895 28939 W DefaultFailureHandler: 	at libcore.io.ForwardingOs.open(ForwardingOs.java:167)
12-02 19:00:11.885 28895 28939 W DefaultFailureHandler: 	at libcore.io.BlockGuardOs.open(BlockGuardOs.java:252)
12-02 19:00:11.885 28895 28939 W DefaultFailureHandler: 	at libcore.io.ForwardingOs.open(ForwardingOs.java:167)
12-02 19:00:11.885 28895 28939 W DefaultFailureHandler: 	at android.app.ActivityThread$AndroidOs.open(ActivityThread.java:7255)
12-02 19:00:11.885 28895 28939 W DefaultFailureHandler: 	at libcore.io.IoBridge.open(IoBridge.java:482)
12-02 19:00:11.885 28895 28939 W DefaultFailureHandler: 	... 52 more
12-02 19:00:12.570  2169  2169 D StatusBar: disable<e i a s b h r c s > disable2<q i n >
12-02 19:00:12.605  1772  1875 D gralloc_ranchu: gralloc_alloc: Creating ashmem region of size 14749696
12-02 19:00:12.620  2169  2501 D EGL_emulation: eglMakeCurrent: 0xdb91a600: ver 2 0 (tinfo 0xdb90f8d0)
12-02 19:00:12.656  2169  2169 D StatusBar: disable<e i a s b h r c s > disable2<q i n >
12-02 19:00:12.663  1772  1875 D gralloc_ranchu: gralloc_alloc: Creating ashmem region of size 14749696
12-02 19:00:12.702  1772  1875 D gralloc_ranchu: gralloc_alloc: Creating ashmem region of size 14749696
12-02 19:00:13.711 28895 28939 I QueryController: Matched selector: UiSelector[DESCRIPTION=Airplane mode] <<==>> [android.view.accessibility.AccessibilityNodeInfo@6e5d2; boundsInParent: Rect(0, 0 - 393, 371); boundsInScreen: Rect(978, 1022 - 1371, 1393); packageName: com.android.systemui; className: android.widget.Switch; text: Off; error: null; maxTextLength: -1; contentDescription: Airplane mode; tooltipText: null; viewIdResName: null; checkable: true; checked: false; focusable: true; focused: false; selected: false; clickable: true; longClickable: true; contextClickable: false; enabled: true; password: false; scrollable: false; importantForAccessibility: true; visible: true; actions: [AccessibilityAction: ACTION_FOCUS - null, AccessibilityAction: ACTION_SELECT - null, AccessibilityAction: ACTION_CLEAR_SELECTION - null, AccessibilityAction: ACTION_CLICK - null, AccessibilityAction: ACTION_ACCESSIBILITY_FOCUS - null, AccessibilityAction: ACTION_NEXT_AT_MOVEMENT_GRANULARITY - null, AccessibilityAction: ACTION_PREVIOUS_AT_MOVEMENT_GRANULARITY - null, AccessibilityAction: ACTION_SET_SELECTION - null, AccessibilityAction: ACTION_SHOW_ON_SCREEN - null, AccessibilityAction: ACTION_LONG_CLICK - Open settings]]
12-02 19:00:13.736  2010  2034 D AutofillManagerService: onBackKeyPressed()
12-02 19:00:14.365  2169  2169 V StatusBar: mStatusBarWindow: com.android.systemui.statusbar.phone.StatusBarWindowView{7aeee74 V.E...... ........ 0,0-1440,2560} canPanelBeCollapsed(): true
12-02 19:00:14.375  2169  2169 D StatusBar: disable<e i a s b h r c s > disable2<q i n >
12-02 19:00:14.382  2010  2088 W InputReader: Device has associated, but no associated display id.
12-02 19:00:14.382  2010  2088 I chatty  : uid=1000(system) Binder:2010_3 identical 8 lines
12-02 19:00:14.382  2010  2088 W InputReader: Device has associated, but no associated display id.
12-02 19:00:14.396 28895 28895 D LifecycleMonitor: Lifecycle status change: ru.iteco.fmhandroid.ui.AppActivity@5b3e385 in: PAUSED
12-02 19:00:14.405  2010  2029 W InputReader: Device has associated, but no associated display id.
12-02 19:00:14.420  2010  2029 I chatty  : uid=1000(system) Binder:2010_1 identical 28 lines
12-02 19:00:14.420  2010  2029 W InputReader: Device has associated, but no associated display id.
12-02 19:00:14.432 28895 28934 V FA      : Recording user engagement, ms: 26466
12-02 19:00:14.452  2169  2169 D StatusBar: disable<e i a s b h r c s > disable2<q i n >
12-02 19:00:14.365  2010  2034 D AutofillManagerService: onBackKeyPressed()
12-02 19:00:14.456  2010 19651 D ConnectivityService: requestNetwork for uid/pid:10127/543 NetworkRequest [ TRACK_DEFAULT id=233, [ Capabilities: INTERNET&NOT_RESTRICTED&TRUSTED Uid: 10127] ]
12-02 19:00:14.460  2010  2126 D UntrustedWifiNetworkFactory: got request NetworkRequest [ TRACK_DEFAULT id=233, [ Capabilities: INTERNET&NOT_RESTRICTED&TRUSTED Uid: 10127] ] with score 50 and serial 2
12-02 19:00:14.461  2010  2126 D WifiNetworkFactory: got request NetworkRequest [ TRACK_DEFAULT id=233, [ Capabilities: INTERNET&NOT_RESTRICTED&TRUSTED Uid: 10127] ] with score 50 and serial 2
12-02 19:00:14.461  2352  2352 D PhoneSwitcherNetworkRequstListener: got request NetworkRequest [ TRACK_DEFAULT id=233, [ Capabilities: INTERNET&NOT_RESTRICTED&TRUSTED Uid: 10127] ] with score 50 and serial 2
12-02 19:00:14.475  1750  1750 W audio_hw_generic: Not supplying enough data to HAL, expected position 392549014 , only wrote 392177249
12-02 19:00:14.481  2169  2501 D EGL_emulation: eglMakeCurrent: 0xdb91a600: ver 2 0 (tinfo 0xdb90f8d0)
12-02 19:00:14.488  1772  1875 D gralloc_ranchu: gralloc_alloc: Creating ashmem region of size 487424
12-02 19:00:14.505  2169  2501 D EGL_emulation: eglMakeCurrent: 0xdb91a600: ver 2 0 (tinfo 0xdb90f8d0)
12-02 19:00:14.521  1772  1875 D gralloc_ranchu: gralloc_alloc: Creating ashmem region of size 14749696
12-02 19:00:14.539  1772  1875 D gralloc_ranchu: gralloc_alloc: Creating ashmem region of size 487424
12-02 19:00:14.547   543   578 D EGL_emulation: eglMakeCurrent: 0xeec7f2e0: ver 2 0 (tinfo 0xe39facd0)
12-02 19:00:14.586  1772  1875 D gralloc_ranchu: gralloc_alloc: Creating ashmem region of size 14749696
12-02 19:00:14.601 28895 28934 V FA      : Connecting to remote service
12-02 19:00:14.616 28895 28934 V FA      : Connection attempt already in progress
12-02 19:00:14.616 28895 28934 V FA      : Activity paused, time: 89250804
12-02 19:00:14.630 28895 28934 D FA      : Connected to remote service
12-02 19:00:14.631 28895 28934 V FA      : Processing queued up service tasks: 2
