--------- beginning of main
12-02 18:59:45.131 28895 28939 I QueryController: Matched selector: UiSelector[DESCRIPTION=Airplane mode] <<==>> [android.view.accessibility.AccessibilityNodeInfo@6e5d2; boundsInParent: Rect(0, 0 - 393, 371); boundsInScreen: Rect(978, 1022 - 1371, 1393); packageName: com.android.systemui; className: android.widget.Switch; text: Off; error: null; maxTextLength: -1; contentDescription: Airplane mode; tooltipText: null; viewIdResName: null; checkable: true; checked: false; focusable: true; focused: false; selected: false; clickable: true; longClickable: true; contextClickable: false; enabled: true; password: false; scrollable: false; importantForAccessibility: true; visible: true; actions: [AccessibilityAction: ACTION_FOCUS - null, AccessibilityAction: ACTION_SELECT - null, AccessibilityAction: ACTION_CLEAR_SELECTION - null, AccessibilityAction: ACTION_CLICK - null, AccessibilityAction: ACTION_ACCESSIBILITY_FOCUS - null, AccessibilityAction: ACTION_NEXT_AT_MOVEMENT_GRANULARITY - null, AccessibilityAction: ACTION_PREVIOUS_AT_MOVEMENT_GRANULARITY - null, AccessibilityAction: ACTION_SET_SELECTION - null, AccessibilityAction: ACTION_SHOW_ON_SCREEN - null, AccessibilityAction: ACTION_LONG_CLICK - Open settings]]
--------- beginning of system
12-02 18:59:45.150  2010  2034 D AutofillManagerService: onBackKeyPressed()
12-02 18:59:45.801  2169  2169 V StatusBar: mStatusBarWindow: com.android.systemui.statusbar.phone.StatusBarWindowView{7aeee74 V.E...... ........ 0,0-1440,2560} canPanelBeCollapsed(): true
12-02 18:59:45.808  2169  2169 D StatusBar: disable<e i a s b h r c s > disable2<q i n >
12-02 18:59:45.831  2010  9089 W InputReader: Device has associated, but no associated display id.
12-02 18:59:45.831  2010  9089 I chatty  : uid=1000(system) Binder:2010_1A identical 8 lines
12-02 18:59:45.831  2010  9089 W InputReader: Device has associated, but no associated display id.
12-02 18:59:45.858 28895 28895 D LifecycleMonitor: Lifecycle status change: ru.iteco.fmhandroid.ui.AppActivity@a27359f in: PAUSED
12-02 18:59:45.861  2010  2029 W InputReader: Device has associated, but no associated display id.
12-02 18:59:45.867  2010  2029 I chatty  : uid=1000(system) Binder:2010_1 identical 28 lines
12-02 18:59:45.867  2010  2029 W InputReader: Device has associated, but no associated display id.
12-02 18:59:45.878 28895 28934 V FA      : Recording user engagement, ms: 22342
12-02 18:59:45.880  2169  2169 D StatusBar: disable<e i a s b h r c s > disable2<q i n >
12-02 18:59:45.950  2169  2501 D EGL_emulation: eglMakeCurrent: 0xdb91a600: ver 2 0 (tinfo 0xdb90f8d0)
12-02 18:59:45.964  1772  1873 D gralloc_ranchu: gralloc_alloc: Creating ashmem region of size 487424
12-02 18:59:45.800  2010  2034 D AutofillManagerService: onBackKeyPressed()
12-02 18:59:45.967  2010  2029 D ConnectivityService: requestNetwork for uid/pid:10127/543 NetworkRequest [ TRACK_DEFAULT id=231, [ Capabilities: INTERNET&NOT_RESTRICTED&TRUSTED Uid: 10127] ]
12-02 18:59:45.968  2010  2126 D UntrustedWifiNetworkFactory: got request NetworkRequest [ TRACK_DEFAULT id=231, [ Capabilities: INTERNET&NOT_RESTRICTED&TRUSTED Uid: 10127] ] with score 50 and serial 2
12-02 18:59:45.968  2010  2126 D WifiNetworkFactory: got request NetworkRequest [ TRACK_DEFAULT id=231, [ Capabilities: INTERNET&NOT_RESTRICTED&TRUSTED Uid: 10127] ] with score 50 and serial 2
12-02 18:59:45.969  2352  2352 D PhoneSwitcherNetworkRequstListener: got request NetworkRequest [ TRACK_DEFAULT id=231, [ Capabilities: INTERNET&NOT_RESTRICTED&TRUSTED Uid: 10127] ] with score 50 and serial 2
12-02 18:59:45.975  2169  2501 D EGL_emulation: eglMakeCurrent: 0xdb91a600: ver 2 0 (tinfo 0xdb90f8d0)
12-02 18:59:46.001  1772  1873 D gralloc_ranchu: gralloc_alloc: Creating ashmem region of size 487424
12-02 18:59:46.031  1772  1873 D gralloc_ranchu: gralloc_alloc: Creating ashmem region of size 14749696
12-02 18:59:46.041 28895 28934 V FA      : Connecting to remote service
12-02 18:59:46.056  1772  1873 D gralloc_ranchu: gralloc_alloc: Creating ashmem region of size 487424
12-02 18:59:46.063  1772  1875 D gralloc_ranchu: gralloc_alloc: Creating ashmem region of size 14749696
12-02 18:59:46.078 28895 28934 V FA      : Connection attempt already in progress
12-02 18:59:46.079 28895 28934 V FA      : Activity paused, time: 89222271
12-02 18:59:46.106 28895 28934 D FA      : Connected to remote service
12-02 18:59:46.119 28895 28934 V FA      : Processing queued up service tasks: 2
12-02 18:59:46.141   543   578 D EGL_emulation: eglMakeCurrent: 0xeec7f2e0: ver 2 0 (tinfo 0xe39facd0)
12-02 18:59:46.193  1772  1873 D gralloc_ranchu: gralloc_alloc: Creating ashmem region of size 14749696
12-02 18:59:46.228  2881 28946 V FA-SVC  : Logging event: origin=auto,name=user_engagement(_e),params=Bundle[{ga_event_origin(_o)=auto, engagement_time_msec(_et)=22342, ga_screen_class(_sc)=AppActivity, ga_screen_id(_si)=-2112231893253735569}]
12-02 18:59:46.242   642   672 D EGL_emulation: eglCreateContext: 0xdb91b0e0: maj 2 min 0 rcv 2
12-02 18:59:46.244   642   672 D EGL_emulation: eglMakeCurrent: 0xdb91b0e0: ver 2 0 (tinfo 0xeec89de0)
12-02 18:59:46.247 28895 28908 I teco.fmhandroi: NativeAlloc concurrent copying GC freed 109538(5636KB) AllocSpace objects, 13(884KB) LOS objects, 49% free, 4370KB/8740KB, paused 737us total 116.329ms
12-02 18:59:46.262  2881 28946 V FA-SVC  : Upload scheduled in approximately ms: 1136050
12-02 18:59:46.262  2881 28946 V FA-SVC  : Unscheduling upload
12-02 18:59:46.267  2881 28946 V FA-SVC  : Scheduling upload, millis: 1136050
12-02 18:59:46.269  2881 28946 V FA-SVC  : Background event processing time, ms: 42
12-02 18:59:46.377  2584 25495 E SQLiteDatabase: Error inserting flex_time=1136000 job_id=-1 period=2273000 source=16 requires_charging=0 preferred_network_type=1 target_class=com.google.android.gms.measurement.PackageMeasurementTaskService user_id=0 target_package=com.google.android.gms tag=Measurement.PackageMeasurementTaskService.UPLOAD_TASK_TAG task_type=0 required_idleness_state=0 service_kind=0 source_version=202414000 persistence_level=1 preferred_charging_state=1 required_network_type=0 runtime=1669996786366 retry_strategy={"maximum_backoff_seconds":{"3600":0},"initial_backoff_seconds":{"30":0},"retry_policy":{"0":0}} last_runtime=0
12-02 18:59:46.377  2584 25495 E SQLiteDatabase: android.database.sqlite.SQLiteConstraintException: UNIQUE constraint failed: pending_ops.tag, pending_ops.target_class, pending_ops.target_package, pending_ops.user_id (code 2067 SQLITE_CONSTRAINT_UNIQUE)
12-02 18:59:46.377  2584 25495 E SQLiteDatabase: 	at android.database.sqlite.SQLiteConnection.nativeExecuteForLastInsertedRowId(Native Method)
12-02 18:59:46.377  2584 25495 E SQLiteDatabase: 	at android.database.sqlite.SQLiteConnection.executeForLastInsertedRowId(SQLiteConnection.java:879)
12-02 18:59:46.377  2584 25495 E SQLiteDatabase: 	at android.database.sqlite.SQLiteSession.executeForLastInsertedRowId(SQLiteSession.java:790)
12-02 18:59:46.377  2584 25495 E SQLiteDatabase: 	at android.database.sqlite.SQLiteStatement.executeInsert(SQLiteStatement.java:88)
12-02 18:59:46.377  2584 25495 E SQLiteDatabase: 	at android.database.sqlite.SQLiteDatabase.insertWithOnConflict(SQLiteDatabase.java:1599)
12-02 18:59:46.377  2584 25495 E SQLiteDatabase: 	at android.database.sqlite.SQLiteDatabase.insert(SQLiteDatabase.java:1468)
12-02 18:59:46.377  2584 25495 E SQLiteDatabase: 	at aqui.a(:com.google.android.gms@202414022@20.24.14 (040700-319035315):175)
12-02 18:59:46.377  2584 25495 E SQLiteDatabase: 	at aqtk.a(:com.google.android.gms@202414022@20.24.14 (040700-319035315):182)
12-02 18:59:46.377  2584 25495 E SQLiteDatabase: 	at aqtk.a(:com.google.android.gms@202414022@20.24.14 (040700-319035315):23)
12-02 18:59:46.377  2584 25495 E SQLiteDatabase: 	at aqtk.a(:com.google.android.gms@202414022@20.24.14 (040700-319035315):177)
12-02 18:59:46.377  2584 25495 E SQLiteDatabase: 	at aqpu.run(:com.google.android.gms@202414022@20.24.14 (040700-319035315):9)
12-02 18:59:46.377  2584 25495 E SQLiteDatabase: 	at soy.b(:com.google.android.gms@202414022@20.24.14 (040700-319035315):12)
12-02 18:59:46.377  2584 25495 E SQLiteDatabase: 	at soy.run(:com.google.android.gms@202414022@20.24.14 (040700-319035315):7)
12-02 18:59:46.377  2584 25495 E SQLiteDatabase: 	at java.util.concurrent.ThreadPoolExecutor.runWorker(ThreadPoolExecutor.java:1167)
12-02 18:59:46.377  2584 25495 E SQLiteDatabase: 	at java.util.concurrent.ThreadPoolExecutor$Worker.run(ThreadPoolExecutor.java:641)
12-02 18:59:46.377  2584 25495 E SQLiteDatabase: 	at sux.run(:com.google.android.gms@202414022@20.24.14 (040700-319035315):0)
12-02 18:59:46.377  2584 25495 E SQLiteDatabase: 	at java.lang.Thread.run(Thread.java:919)
12-02 18:59:46.415   642   672 E chromium: [ERROR:gl_surface_egl.cc(342)] eglChooseConfig failed with error EGL_SUCCESS
12-02 18:59:46.418  1772  1873 D gralloc_ranchu: gralloc_alloc: Creating ashmem region of size 13778944
12-02 18:59:46.474   642   672 D EGL_emulation: eglCreateContext: 0xdb91b4a0: maj 2 min 0 rcv 2
12-02 18:59:46.479   642   672 D EGL_emulation: eglMakeCurrent: 0xdb91b4a0: ver 2 0 (tinfo 0xeec89de0)
12-02 18:59:46.495  1772  1873 D gralloc_ranchu: gralloc_alloc: Creating ashmem region of size 14749696
12-02 18:59:46.594   642   672 D EGL_emulation: eglMakeCurrent: 0xeec7fbe0: ver 2 0 (tinfo 0xeec89de0)
12-02 18:59:46.643   642   672 D EGL_emulation: eglMakeCurrent: 0xdb91b4a0: ver 2 0 (tinfo 0xeec89de0)
12-02 18:59:46.741  1772  1873 D gralloc_ranchu: gralloc_alloc: Creating ashmem region of size 13778944
12-02 18:59:46.757  2010  2037 W InputReader: Device has associated, but no associated display id.
12-02 18:59:46.762  2010  2037 I chatty  : uid=1000(system) android.anim identical 18 lines
12-02 18:59:46.762  2010  2037 W InputReader: Device has associated, but no associated display id.
12-02 18:59:46.763   642   672 D EGL_emulation: eglMakeCurrent: 0xeec7fbe0: ver 2 0 (tinfo 0xeec89de0)
12-02 18:59:46.770   642   672 D EGL_emulation: eglMakeCurrent: 0xdb91b4a0: ver 2 0 (tinfo 0xeec89de0)
12-02 18:59:46.776  1772  1873 D gralloc_ranchu: gralloc_alloc: Creating ashmem region of size 9441280
12-02 18:59:46.787  1772  1875 D gralloc_ranchu: gralloc_alloc: Creating ashmem region of size 13778944
12-02 18:59:46.822   642   672 D EGL_emulation: eglMakeCurrent: 0xeec7fbe0: ver 2 0 (tinfo 0xeec89de0)
12-02 18:59:46.855 28895 28955 D EGL_emulation: eglMakeCurrent: 0xe3a07540: ver 2 0 (tinfo 0xe3a93cb0)
12-02 18:59:46.871  2169  2501 D EGL_emulation: eglMakeCurrent: 0xdb91a600: ver 2 0 (tinfo 0xdb90f8d0)
12-02 18:59:46.912 28895 28895 D LifecycleMonitor: Lifecycle status change: ru.iteco.fmhandroid.ui.AppActivity@a27359f in: STOPPED
12-02 18:59:46.937  2169  2501 D EGL_emulation: eglMakeCurrent: 0xdb91a600: ver 2 0 (tinfo 0xdb90f8d0)
12-02 18:59:46.948 28895 28895 D LifecycleMonitor: Lifecycle status change: ru.iteco.fmhandroid.ui.AppActivity@a27359f in: DESTROYED
12-02 18:59:47.054  2169  2187 I ndroid.systemu: NativeAlloc concurrent copying GC freed 14638(651KB) AllocSpace objects, 0(0B) LOS objects, 49% free, 6078KB/11MB, paused 991us total 113.532ms
12-02 18:59:47.131   642   672 D EGL_emulation: eglMakeCurrent: 0xdb91b4a0: ver 2 0 (tinfo 0xeec89de0)
12-02 18:59:47.163  1772  1875 D gralloc_ranchu: gralloc_alloc: Creating ashmem region of size 14749696
12-02 18:59:47.179   642   672 D EGL_emulation: eglMakeCurrent: 0xeec7fbe0: ver 2 0 (tinfo 0xeec89de0)
12-02 18:59:47.235   642   672 D EGL_emulation: eglMakeCurrent: 0xdb91b4a0: ver 2 0 (tinfo 0xeec89de0)
12-02 18:59:47.311  2010  2025 I system_server: NativeAlloc concurrent copying GC freed 25753(1247KB) AllocSpace objects, 4(208KB) LOS objects, 22% free, 20MB/26MB, paused 918us total 239.918ms
12-02 18:59:47.528 28895 28939 E TestRunner: failed: shouldShowTextEnteredInvalidValue(ru.iteco.fmhandroid.ui.ClaimsCreationFormTest)
12-02 18:59:47.528 28895 28939 E TestRunner: ----- begin exception -----
12-02 18:59:47.529 28895 28939 E TestRunner: androidx.test.espresso.PerformException: Error performing 'wait for a specific view with <view.getId() is <2131230870/ru.iteco.fmhandroid:id/authorization_image_button>> during 10000 millis.' on view 'view.getRootView() to equal view'.
12-02 18:59:47.529 28895 28939 E TestRunner: 	at androidx.test.espresso.PerformException$Builder.build(PerformException.java:1)
12-02 18:59:47.529 28895 28939 E TestRunner: 	at androidx.test.espresso.base.PerformExceptionHandler.handleSafely(PerformExceptionHandler.java:8)
12-02 18:59:47.529 28895 28939 E TestRunner: 	at androidx.test.espresso.base.PerformExceptionHandler.handleSafely(PerformExceptionHandler.java:9)
12-02 18:59:47.529 28895 28939 E TestRunner: 	at androidx.test.espresso.base.DefaultFailureHandler$TypedFailureHandler.handle(DefaultFailureHandler.java:4)
12-02 18:59:47.529 28895 28939 E TestRunner: 	at androidx.test.espresso.base.DefaultFailureHandler.handle(DefaultFailureHandler.java:5)
12-02 18:59:47.529 28895 28939 E TestRunner: 	at androidx.test.espresso.ViewInteraction.waitForAndHandleInteractionResults(ViewInteraction.java:8)
12-02 18:59:47.529 28895 28939 E TestRunner: 	at androidx.test.espresso.ViewInteraction.desugaredPerform(ViewInteraction.java:11)
12-02 18:59:47.529 28895 28939 E TestRunner: 	at androidx.test.espresso.ViewInteraction.perform(ViewInteraction.java:8)
12-02 18:59:47.529 28895 28939 E TestRunner: 	at ru.iteco.fmhandroid.ui.data.TestUtils.waitView(TestUtils.java:61)
12-02 18:59:47.529 28895 28939 E TestRunner: 	at ru.iteco.fmhandroid.ui.steps.MainPageSteps.clickLogOutBut(MainPageSteps.java:55)
12-02 18:59:47.529 28895 28939 E TestRunner: 	at ru.iteco.fmhandroid.ui.ClaimsCreationFormTest.logoutCheck(ClaimsCreationFormTest.java:58)
12-02 18:59:47.529 28895 28939 E TestRunner: 	at java.lang.reflect.Method.invoke(Native Method)
12-02 18:59:47.529 28895 28939 E TestRunner: 	at org.junit.runners.model.FrameworkMethod$1.runReflectiveCall(FrameworkMethod.java:59)
12-02 18:59:47.529 28895 28939 E TestRunner: 	at org.junit.internal.runners.model.ReflectiveCallable.run(ReflectiveCallable.java:12)
12-02 18:59:47.529 28895 28939 E TestRunner: 	at org.junit.runners.model.FrameworkMethod.invokeExplosively(FrameworkMethod.java:56)
12-02 18:59:47.529 28895 28939 E TestRunner: 	at androidx.test.internal.runner.junit4.statement.RunBefores.evaluate(RunBefores.java:76)
12-02 18:59:47.529 28895 28939 E TestRunner: 	at androidx.test.internal.runner.junit4.statement.RunAfters.evaluate(RunAfters.java:61)
12-02 18:59:47.529 28895 28939 E TestRunner: 	at androidx.test.rule.ActivityTestRule$ActivityStatement.evaluate(ActivityTestRule.java:543)
12-02 18:59:47.529 28895 28939 E TestRunner: 	at io.qameta.allure.android.rules.LogcatRule$apply$1.evaluate(LogcatRule.kt:23)
12-02 18:59:47.529 28895 28939 E TestRunner: 	at io.qameta.allure.android.rules.ScreenshotRule$apply$1.evaluate(ScreenshotRule.kt:22)
12-02 18:59:47.529 28895 28939 E TestRunner: 	at io.qameta.allure.android.rules.ScreenshotRule$apply$1.evaluate(ScreenshotRule.kt:22)
12-02 18:59:47.529 28895 28939 E TestRunner: 	at org.junit.rules.RunRules.evaluate(RunRules.java:20)
12-02 18:59:47.529 28895 28939 E TestRunner: 	at org.junit.runners.ParentRunner$3.evaluate(ParentRunner.java:306)
12-02 18:59:47.529 28895 28939 E TestRunner: 	at org.junit.runners.BlockJUnit4ClassRunner$1.evaluate(BlockJUnit4ClassRunner.java:100)
12-02 18:59:47.529 28895 28939 E TestRunner: 	at org.junit.runners.ParentRunner.runLeaf(ParentRunner.java:366)
12-02 18:59:47.529 28895 28939 E TestRunner: 	at org.junit.runners.BlockJUnit4ClassRunner.runChild(BlockJUnit4ClassRunner.java:103)
12-02 18:59:47.529 28895 28939 E TestRunner: 	at org.junit.runners.BlockJUnit4ClassRunner.runChild(BlockJUnit4ClassRunner.java:63)
12-02 18:59:47.529 28895 28939 E TestRunner: 	at org.junit.runners.ParentRunner$4.run(ParentRunner.java:331)
12-02 18:59:47.529 28895 28939 E TestRunner: 	at org.junit.runners.ParentRunner$1.schedule(ParentRunner.java:79)
12-02 18:59:47.529 28895 28939 E TestRunner: 	at org.junit.runners.ParentRunner.runChildren(ParentRunner.java:329)
12-02 18:59:47.529 28895 28939 E TestRunner: 	at org.junit.runners.ParentRunner.access$100(ParentRunner.java:66)
12-02 18:59:47.529 28895 28939 E TestRunner: 	at org.junit.runners.ParentRunner$2.evaluate(ParentRunner.java:293)
12-02 18:59:47.529 28895 28939 E TestRunner: 	at org.junit.runners.ParentRunner$3.evaluate(ParentRunner.java:306)
12-02 18:59:47.529 28895 28939 E TestRunner: 	at org.junit.runners.ParentRunner.run(ParentRunner.java:413)
12-02 18:59:47.529 28895 28939 E TestRunner: 	at androidx.test.ext.junit.runners.AndroidJUnit4.run(AndroidJUnit4.java:162)
12-02 18:59:47.529 28895 28939 E TestRunner: 	at io.qameta.allure.android.runners.AllureAndroidJUnit4.run(AllureAndroidJUnitRunners.kt:29)
12-02 18:59:47.529 28895 28939 E TestRunner: 	at org.junit.runners.Suite.runChild(Suite.java:128)
12-02 18:59:47.529 28895 28939 E TestRunner: 	at org.junit.runners.Suite.runChild(Suite.java:27)
12-02 18:59:47.529 28895 28939 E TestRunner: 	at org.junit.runners.ParentRunner$4.run(ParentRunner.java:331)
12-02 18:59:47.529 28895 28939 E TestRunner: 	at org.junit.runners.ParentRunner$1.schedule(ParentRunner.java:79)
12-02 18:59:47.529 28895 28939 E TestRunner: 	at org.junit.runners.ParentRunner.runChildren(ParentRunner.java:329)
12-02 18:59:47.529 28895 28939 E TestRunner: 	at org.junit.runners.ParentRunner.access$100(ParentRunner.java:66)
12-02 18:59:47.529 28895 28939 E TestRunner: 	at org.junit.runners.ParentRunner$2.evaluate(ParentRunner.java:293)
12-02 18:59:47.529 28895 28939 E TestRunner: 	at org.junit.runners.ParentRunner$3.evaluate(ParentRunner.java:306)
12-02 18:59:47.529 28895 28939 E TestRunner: 	at org.junit.runners.ParentRunner.run(ParentRunner.java:413)
12-02 18:59:47.529 28895 28939 E TestRunner: 	at org.junit.runner.JUnitCore.run(JUnitCore.java:137)
12-02 18:59:47.529 28895 28939 E TestRunner: 	at org.junit.runner.JUnitCore.run(JUnitCore.java:115)
12-02 18:59:47.529 28895 28939 E TestRunner: 	at androidx.test.internal.runner.TestExecutor.execute(TestExecutor.java:67)
12-02 18:59:47.529 28895 28939 E TestRunner: 	at androidx.test.internal.runner.TestExecutor.execute(TestExecutor.java:58)
12-02 18:59:47.529 28895 28939 E TestRunner: 	at androidx.test.runner.AndroidJUnitRu
12-02 18:59:47.529 28895 28939 E TestRunner: ----- end exception -----
12-02 18:59:47.532 28895 28939 I TestRunner: finished: shouldShowTextEnteredInvalidValue(ru.iteco.fmhandroid.ui.ClaimsCreationFormTest)
12-02 18:59:47.615 28895 28939 I TestRunner: started: shouldCreateAClaimWithoutAnExecutor(ru.iteco.fmhandroid.ui.ClaimsCreationFormTest)
12-02 18:59:47.643 28895 28939 W ActivityTestRule: getActivityIntent() returned null using default: Intent(Intent.ACTION_MAIN)
12-02 18:59:47.648  2010  5522 I ActivityTaskManager: START u0 {act=android.intent.action.MAIN flg=0x10000000 cmp=ru.iteco.fmhandroid/.ui.AppActivity} from uid 10159
12-02 18:59:47.667  2010  2037 E system_server: Invalid ID 0x00000000.
12-02 18:59:47.704  1772  1875 D gralloc_ranchu: gralloc_alloc: Creating ashmem region of size 14749696
12-02 18:59:47.706  2010  2132 D ConnectivityService: releasing NetworkRequest [ TRACK_DEFAULT id=231, [ Capabilities: INTERNET&NOT_RESTRICTED&TRUSTED Uid: 10127] ] (release request)
12-02 18:59:47.716  2010  5522 W InputReader: Device has associated, but no associated display id.
12-02 18:59:47.729  2010  5522 I chatty  : uid=1000(system) Binder:2010_14 identical 48 lines
12-02 18:59:47.729  2010  5522 W InputReader: Device has associated, but no associated display id.
12-02 18:59:47.741 28895 28895 W ActivityThread: handleWindowVisibility: no activity for token android.os.BinderProxy@ddad3c9
12-02 18:59:47.768 28895 28895 D LifecycleMonitor: Lifecycle status change: ru.iteco.fmhandroid.ui.AppActivity@5b3e385 in: PRE_ON_CREATE
12-02 18:59:47.778 28895 28929 V FA      : onActivityCreated
12-02 18:59:47.831  2010  2037 W InputReader: Device has associated, but no associated display id.
12-02 18:59:47.836  2010  2037 I chatty  : uid=1000(system) android.anim identical 18 lines
12-02 18:59:47.836  2010  2037 W InputReader: Device has associated, but no associated display id.
12-02 18:59:47.839  1772  1875 D gralloc_ranchu: gralloc_alloc: Creating ashmem region of size 9441280
12-02 18:59:47.847  1743  2204 I netd    : trafficSwapActiveStatsMap() <54.20ms>
12-02 18:59:47.853  1743  2204 I netd    : tetherGetStats() <2.18ms>
12-02 18:59:47.857   642   672 D EGL_emulation: eglMakeCurrent: 0xeec7fbe0: ver 2 0 (tinfo 0xeec89de0)
12-02 18:59:47.870 28895 28895 D LifecycleMonitor: Lifecycle status change: ru.iteco.fmhandroid.ui.AppActivity@5b3e385 in: CREATED
12-02 18:59:47.877  1772  1875 D gralloc_ranchu: gralloc_alloc: Creating ashmem region of size 14749696
12-02 18:59:47.925  2169  2501 D EGL_emulation: eglMakeCurrent: 0xdb91a600: ver 2 0 (tinfo 0xdb90f8d0)
12-02 18:59:47.928 28895 28895 D LifecycleMonitor: Lifecycle status change: ru.iteco.fmhandroid.ui.AppActivity@5b3e385 in: STARTED
12-02 18:59:47.929 28895 28895 D LifecycleMonitor: Lifecycle status change: ru.iteco.fmhandroid.ui.AppActivity@5b3e385 in: RESUMED
12-02 18:59:47.933 28895 28934 V FA      : Activity resumed, time: 89224336
12-02 18:59:47.985  1772  1875 D gralloc_ranchu: gralloc_alloc: Creating ashmem region of size 14749696
12-02 18:59:48.000   642   672 D EGL_emulation: eglMakeCurrent: 0xdb91b4a0: ver 2 0 (tinfo 0xeec89de0)
12-02 18:59:48.004  1772  1875 D gralloc_ranchu: gralloc_alloc: Creating ashmem region of size 14749696
12-02 18:59:48.007  1772  1875 D gralloc_ranchu: gralloc_alloc: Creating ashmem region of size 14749696
12-02 18:59:48.008 28895 28955 D EGL_emulation: eglMakeCurrent: 0xe3a07540: ver 2 0 (tinfo 0xe3a93cb0)
12-02 18:59:48.035  2169  2187 I ndroid.systemu: NativeAlloc concurrent copying GC freed 2898(244KB) AllocSpace objects, 0(0B) LOS objects, 49% free, 5997KB/11MB, paused 2.355ms total 108.055ms
12-02 18:59:48.099   642   672 D EGL_emulation: eglMakeCurrent: 0xeec7fbe0: ver 2 0 (tinfo 0xeec89de0)
12-02 18:59:48.106   642   672 D EGL_emulation: eglMakeCurrent: 0xdb91b0e0: ver 2 0 (tinfo 0xeec89de0)
12-02 18:59:48.110   642   672 D EGL_emulation: eglMakeCurrent: 0xeec7fbe0: ver 2 0 (tinfo 0xeec89de0)
12-02 18:59:48.116   642   672 D EGL_emulation: eglMakeCurrent: 0xdb91b0e0: ver 2 0 (tinfo 0xeec89de0)
12-02 18:59:48.119   642   672 D EGL_emulation: eglMakeCurrent: 0xeec7fbe0: ver 2 0 (tinfo 0xeec89de0)
12-02 18:59:48.128  2169  2501 D EGL_emulation: eglMakeCurrent: 0xdb91a600: ver 2 0 (tinfo 0xdb90f8d0)
12-02 18:59:48.154   642   672 D EGL_emulation: eglMakeCurrent: 0xdb91b0e0: ver 2 0 (tinfo 0xeec89de0)
12-02 18:59:48.177   543   578 D EGL_emulation: eglMakeCurrent: 0xeec7f2e0: ver 2 0 (tinfo 0xe39facd0)
12-02 18:59:48.179  2010  2041 I ActivityTaskManager: Displayed ru.iteco.fmhandroid/.ui.AppActivity: +472ms
12-02 18:59:48.251   642   672 D EGL_emulation: eglMakeCurrent: 0xeec7fbe0: ver 2 0 (tinfo 0xeec89de0)
12-02 18:59:48.279 28895 28895 I ViewInteraction: Performing 'wait for a specific view with <(an instance of android.widget.TextView and view.getText() with or without transformation to match: is "Authorization" and view.getParent() view.getParent() view.getId() is <2131231186>)> during 10000 millis.' action on view view.getRootView() to equal view
12-02 18:59:48.312   543   595 I cr_BindingManager: onTrimMemory: level=20, size=1
12-02 18:59:48.342  2881 28946 V FA-SVC  : Logging event: origin=auto,name=screen_view(_vs),params=Bundle[{ga_event_origin(_o)=auto, ga_previous_class(_pc)=AppActivity, ga_previous_id(_pi)=-2112231893253735569, ga_screen_class(_sc)=AppActivity, ga_screen_id(_si)=-2112231893253735568}]
12-02 18:59:48.359  2881 28946 V FA-SVC  : Upload scheduled in approximately ms: 1133953
12-02 18:59:48.359  2881 28946 V FA-SVC  : Unscheduling upload
12-02 18:59:48.367  2881 28946 V FA-SVC  : Scheduling upload, millis: 1133953
12-02 18:59:48.373  2010  2025 I system_server: NativeAlloc concurrent copying GC freed 7182(632KB) AllocSpace objects, 1(36KB) LOS objects, 22% free, 20MB/26MB, paused 2.477ms total 353.584ms
12-02 18:59:48.375  2881 28946 V FA-SVC  : Background event processing time, ms: 33
12-02 18:59:48.388  2584 26895 E SQLiteDatabase: Error inserting flex_time=1133000 job_id=-1 period=2268000 source=16 requires_charging=0 preferred_network_type=1 target_class=com.google.android.gms.measurement.PackageMeasurementTaskService user_id=0 target_package=com.google.android.gms tag=Measurement.PackageMeasurementTaskService.UPLOAD_TASK_TAG task_type=0 required_idleness_state=0 service_kind=0 source_version=202414000 persistence_level=1 preferred_charging_state=1 required_network_type=0 runtime=1669996788381 retry_strategy={"maximum_backoff_seconds":{"3600":0},"initial_backoff_seconds":{"30":0},"retry_policy":{"0":0}} last_runtime=0
12-02 18:59:48.388  2584 26895 E SQLiteDatabase: android.database.sqlite.SQLiteConstraintException: UNIQUE constraint failed: pending_ops.tag, pending_ops.target_class, pending_ops.target_package, pending_ops.user_id (code 2067 SQLITE_CONSTRAINT_UNIQUE)
12-02 18:59:48.388  2584 26895 E SQLiteDatabase: 	at android.database.sqlite.SQLiteConnection.nativeExecuteForLastInsertedRowId(Native Method)
12-02 18:59:48.388  2584 26895 E SQLiteDatabase: 	at android.database.sqlite.SQLiteConnection.executeForLastInsertedRowId(SQLiteConnection.java:879)
12-02 18:59:48.388  2584 26895 E SQLiteDatabase: 	at android.database.sqlite.SQLiteSession.executeForLastInsertedRowId(SQLiteSession.java:790)
12-02 18:59:48.388  2584 26895 E SQLiteDatabase: 	at android.database.sqlite.SQLiteStatement.executeInsert(SQLiteStatement.java:88)
12-02 18:59:48.388  2584 26895 E SQLiteDatabase: 	at android.database.sqlite.SQLiteDatabase.insertWithOnConflict(SQLiteDatabase.java:1599)
12-02 18:59:48.388  2584 26895 E SQLiteDatabase: 	at android.database.sqlite.SQLiteDatabase.insert(SQLiteDatabase.java:1468)
12-02 18:59:48.388  2584 26895 E SQLiteDatabase: 	at aqui.a(:com.google.android.gms@202414022@20.24.14 (040700-319035315):175)
12-02 18:59:48.388  2584 26895 E SQLiteDatabase: 	at aqtk.a(:com.google.android.gms@202414022@20.24.14 (040700-319035315):182)
12-02 18:59:48.388  2584 26895 E SQLiteDatabase: 	at aqtk.a(:com.google.android.gms@202414022@20.24.14 (040700-319035315):23)
12-02 18:59:48.388  2584 26895 E SQLiteDatabase: 	at aqtk.a(:com.google.android.gms@202414022@20.24.14 (040700-319035315):177)
12-02 18:59:48.388  2584 26895 E SQLiteDatabase: 	at aqpu.run(:com.google.android.gms@202414022@20.24.14 (040700-319035315):9)
12-02 18:59:48.388  2584 26895 E SQLiteDatabase: 	at soy.b(:com.google.android.gms@202414022@20.24.14 (040700-319035315):12)
12-02 18:59:48.388  2584 26895 E SQLiteDatabase: 	at soy.run(:com.google.android.gms@202414022@20.24.14 (040700-319035315):7)
12-02 18:59:48.388  2584 26895 E SQLiteDatabase: 	at java.util.concurrent.ThreadPoolExecutor.runWorker(ThreadPoolExecutor.java:1167)
12-02 18:59:48.388  2584 26895 E SQLiteDatabase: 	at java.util.concurrent.ThreadPoolExecutor$Worker.run(ThreadPoolExecutor.java:641)
12-02 18:59:48.388  2584 26895 E SQLiteDatabase: 	at sux.run(:com.google.android.gms@202414022@20.24.14 (040700-319035315):0)
12-02 18:59:48.388  2584 26895 E SQLiteDatabase: 	at java.lang.Thread.run(Thread.java:919)
12-02 18:59:50.930 28895 28969 I okhttp.OkHttpClient: --> GET http://www.981757-ca08998.tmweb.ru:8080/fmh/authentication/userInfo
12-02 18:59:50.930 28895 28969 I okhttp.OkHttpClient: --> END GET
12-02 18:59:50.962  1743 29145 E ResolverController: No valid NAT64 prefix (127, <unspecified>/0)
12-02 18:59:51.366 28895 28969 I okhttp.OkHttpClient: <-- 200 http://www.981757-ca08998.tmweb.ru:8080/fmh/authentication/userInfo (435ms)
12-02 18:59:51.366 28895 28969 I okhttp.OkHttpClient: Vary: Origin
12-02 18:59:51.366 28895 28969 I okhttp.OkHttpClient: Vary: Access-Control-Request-Method
12-02 18:59:51.366 28895 28969 I okhttp.OkHttpClient: Vary: Access-Control-Request-Headers
12-02 18:59:51.366 28895 28969 I okhttp.OkHttpClient: X-Content-Type-Options: nosniff
12-02 18:59:51.366 28895 28969 I okhttp.OkHttpClient: X-XSS-Protection: 1; mode=block
12-02 18:59:51.366 28895 28969 I okhttp.OkHttpClient: Cache-Control: no-cache, no-store, max-age=0, must-revalidate
12-02 18:59:51.366 28895 28969 I okhttp.OkHttpClient: Pragma: no-cache
12-02 18:59:51.366 28895 28969 I okhttp.OkHttpClient: Expires: 0
12-02 18:59:51.367 28895 28969 I okhttp.OkHttpClient: X-Frame-Options: DENY
12-02 18:59:51.367 28895 28969 I okhttp.OkHttpClient: Content-Type: application/json
12-02 18:59:51.367 28895 28969 I okhttp.OkHttpClient: Transfer-Encoding: chunked
12-02 18:59:51.367 28895 28969 I okhttp.OkHttpClient: Date: Fri, 02 Dec 2022 15:59:52 GMT
12-02 18:59:51.367 28895 28969 I okhttp.OkHttpClient: Keep-Alive: timeout=60
12-02 18:59:51.367 28895 28969 I okhttp.OkHttpClient: Connection: keep-alive
12-02 18:59:51.368 28895 28969 I okhttp.OkHttpClient: {"id":2,"firstName":"Данил","lastName":"Иванов","middleName":"Данилович","admin":true}
12-02 18:59:51.368 28895 28969 I okhttp.OkHttpClient: <-- END HTTP (106-byte body)
12-02 18:59:51.385 28895 28974 I okhttp.OkHttpClient: --> GET http://www.981757-ca08998.tmweb.ru:8080/fmh/claims
12-02 18:59:51.386 28895 28974 I okhttp.OkHttpClient: --> END GET
12-02 18:59:52.116 28895 28955 I OpenGLRenderer: Davey! duration=726ms; Flags=1, IntendedVsync=89227795026947, Vsync=89228228360263, OldestInputEvent=9223372036854775807, NewestInputEvent=0, HandleInputStart=89228231500980, AnimationStart=89228231553280, PerformTraversalsStart=89228231783580, DrawStart=89228254814880, SyncQueued=89228255615280, SyncStart=89228256674380, IssueDrawCommandsStart=89228256850680, SwapBuffers=89228514772180, FrameCompleted=89228522340080, DequeueBufferDuration=488000, QueueBufferDuration=1386000, 
12-02 18:59:53.350 28895 28934 V FA      : Inactivity, disconnecting from the service
12-02 18:59:53.824 28895 28974 I okhttp.OkHttpClient: <-- 200 http://www.981757-ca08998.tmweb.ru:8080/fmh/claims (2438ms)
12-02 18:59:53.824 28895 28974 I okhttp.OkHttpClient: Vary: Origin
12-02 18:59:53.824 28895 28974 I okhttp.OkHttpClient: Vary: Access-Control-Request-Method
12-02 18:59:53.824 28895 28974 I okhttp.OkHttpClient: Vary: Access-Control-Request-Headers
12-02 18:59:53.824 28895 28974 I okhttp.OkHttpClient: X-Content-Type-Options: nosniff
12-02 18:59:53.824 28895 28974 I okhttp.OkHttpClient: X-XSS-Protection: 1; mode=block
12-02 18:59:53.824 28895 28974 I okhttp.OkHttpClient: Cache-Control: no-cache, no-store, max-age=0, must-revalidate
12-02 18:59:53.824 28895 28974 I okhttp.OkHttpClient: Pragma: no-cache
12-02 18:59:53.825 28895 28974 I okhttp.OkHttpClient: Expires: 0
12-02 18:59:53.825 28895 28974 I okhttp.OkHttpClient: X-Frame-Options: DENY
12-02 18:59:53.825 28895 28974 I okhttp.OkHttpClient: Content-Type: application/json
12-02 18:59:53.825 28895 28974 I okhttp.OkHttpClient: Transfer-Encoding: chunked
12-02 18:59:53.825 28895 28974 I okhttp.OkHttpClient: Date: Fri, 02 Dec 2022 15:59:55 GMT
12-02 18:59:53.825 28895 28974 I okhttp.OkHttpClient: Keep-Alive: timeout=60
12-02 18:59:53.825 28895 28974 I okhttp.OkHttpClient: Connection: keep-alive
12-02 18:59:56.930  2010  4313 E memtrack: Couldn't load memtrack module
12-02 18:59:56.930  2010  4313 W android.os.Debug: failed to get memory consumption info: -1
12-02 18:59:58.315   543   595 I cr_BindingManager: Release moderate connections: 1
12-02 18:59:58.323 28895 28895 D takeScreenshot: Found 1 global views to redraw
12-02 18:59:58.384  1772  1875 D gralloc_ranchu: gralloc_alloc: Creating ashmem region of size 14749696
12-02 18:59:58.451 28895 28939 W DefaultFailureHandler: Failed to take screenshot
12-02 18:59:58.451 28895 28939 W DefaultFailureHandler: java.io.FileNotFoundException: view-op-error-10.png: open failed: EROFS (Read-only file system)
12-02 18:59:58.451 28895 28939 W DefaultFailureHandler: 	at libcore.io.IoBridge.open(IoBridge.java:496)
12-02 18:59:58.451 28895 28939 W DefaultFailureHandler: 	at java.io.FileOutputStream.<init>(FileOutputStream.java:235)
12-02 18:59:58.451 28895 28939 W DefaultFailureHandler: 	at java.io.FileOutputStream.<init>(FileOutputStream.java:125)
12-02 18:59:58.451 28895 28939 W DefaultFailureHandler: 	at androidx.test.platform.io.FileTestStorage.openOutputFile(FileTestStorage.java:60)
12-02 18:59:58.451 28895 28939 W DefaultFailureHandler: 	at androidx.test.core.graphics.BitmapStorage.writeToTestStorage(BitmapStorageExt.kt:49)
12-02 18:59:58.451 28895 28939 W DefaultFailureHandler: 	at androidx.test.espresso.base.DefaultFailureHandler.takeScreenshot(DefaultFailureHandler.java:4)
12-02 18:59:58.451 28895 28939 W DefaultFailureHandler: 	at androidx.test.espresso.base.DefaultFailureHandler.handle(DefaultFailureHandler.java:3)
12-02 18:59:58.451 28895 28939 W DefaultFailureHandler: 	at androidx.test.espresso.ViewInteraction.waitForAndHandleInteractionResults(ViewInteraction.java:8)
12-02 18:59:58.451 28895 28939 W DefaultFailureHandler: 	at androidx.test.espresso.ViewInteraction.desugaredPerform(ViewInteraction.java:11)
12-02 18:59:58.451 28895 28939 W DefaultFailureHandler: 	at androidx.test.espresso.ViewInteraction.perform(ViewInteraction.java:8)
12-02 18:59:58.451 28895 28939 W DefaultFailureHandler: 	at ru.iteco.fmhandroid.ui.data.TestUtils.waitView(TestUtils.java:61)
12-02 18:59:58.451 28895 28939 W DefaultFailureHandler: 	at ru.iteco.fmhandroid.ui.steps.AuthSteps.isAuthScreen(AuthSteps.java:56)
12-02 18:59:58.451 28895 28939 W DefaultFailureHandler: 	at ru.iteco.fmhandroid.ui.ClaimsCreationFormTest.logoutCheck(ClaimsCreationFormTest.java:56)
12-02 18:59:58.451 28895 28939 W DefaultFailureHandler: 	at java.lang.reflect.Method.invoke(Native Method)
12-02 18:59:58.451 28895 28939 W DefaultFailureHandler: 	at org.junit.runners.model.FrameworkMethod$1.runReflectiveCall(FrameworkMethod.java:59)
12-02 18:59:58.451 28895 28939 W DefaultFailureHandler: 	at org.junit.internal.runners.model.ReflectiveCallable.run(ReflectiveCallable.java:12)
12-02 18:59:58.451 28895 28939 W DefaultFailureHandler: 	at org.junit.runners.model.FrameworkMethod.invokeExplosively(FrameworkMethod.java:56)
12-02 18:59:58.451 28895 28939 W DefaultFailureHandler: 	at androidx.test.internal.runner.junit4.statement.RunBefores.evaluate(RunBefores.java:76)
12-02 18:59:58.451 28895 28939 W DefaultFailureHandler: 	at androidx.test.internal.runner.junit4.statement.RunAfters.evaluate(RunAfters.java:61)
12-02 18:59:58.451 28895 28939 W DefaultFailureHandler: 	at androidx.test.rule.ActivityTestRule$ActivityStatement.evaluate(ActivityTestRule.java:543)
12-02 18:59:58.451 28895 28939 W DefaultFailureHandler: 	at io.qameta.allure.android.rules.LogcatRule$apply$1.evaluate(LogcatRule.kt:23)
12-02 18:59:58.451 28895 28939 W DefaultFailureHandler: 	at io.qameta.allure.android.rules.ScreenshotRule$apply$1.evaluate(ScreenshotRule.kt:22)
12-02 18:59:58.451 28895 28939 W DefaultFailureHandler: 	at io.qameta.allure.android.rules.ScreenshotRule$apply$1.evaluate(ScreenshotRule.kt:22)
12-02 18:59:58.451 28895 28939 W DefaultFailureHandler: 	at org.junit.rules.RunRules.evaluate(RunRules.java:20)
12-02 18:59:58.451 28895 28939 W DefaultFailureHandler: 	at org.junit.runners.ParentRunner$3.evaluate(ParentRunner.java:306)
12-02 18:59:58.451 28895 28939 W DefaultFailureHandler: 	at org.junit.runners.BlockJUnit4ClassRunner$1.evaluate(BlockJUnit4ClassRunner.java:100)
12-02 18:59:58.451 28895 28939 W DefaultFailureHandler: 	at org.junit.runners.ParentRunner.runLeaf(ParentRunner.java:366)
12-02 18:59:58.451 28895 28939 W DefaultFailureHandler: 	at org.junit.runners.BlockJUnit4ClassRunner.runChild(BlockJUnit4ClassRunner.java:103)
12-02 18:59:58.451 28895 28939 W DefaultFailureHandler: 	at org.junit.runners.BlockJUnit4ClassRunner.runChild(BlockJUnit4ClassRunner.java:63)
12-02 18:59:58.451 28895 28939 W DefaultFailureHandler: 	at org.junit.runners.ParentRunner$4.run(ParentRunner.java:331)
12-02 18:59:58.451 28895 28939 W DefaultFailureHandler: 	at org.junit.runners.ParentRunner$1.schedule(ParentRunner.java:79)
12-02 18:59:58.451 28895 28939 W DefaultFailureHandler: 	at org.junit.runners.ParentRunner.runChildren(ParentRunner.java:329)
12-02 18:59:58.451 28895 28939 W DefaultFailureHandler: 	at org.junit.runners.ParentRunner.access$100(ParentRunner.java:66)
12-02 18:59:58.451 28895 28939 W DefaultFailureHandler: 	at org.junit.runners.ParentRunner$2.evaluate(ParentRunner.java:293)
12-02 18:59:58.451 28895 28939 W DefaultFailureHandler: 	at org.junit.runners.ParentRunner$3.evaluate(ParentRunner.java:306)
12-02 18:59:58.451 28895 28939 W DefaultFailureHandler: 	at org.junit.runners.ParentRunner.run(ParentRunner.java:413)
12-02 18:59:58.451 28895 28939 W DefaultFailureHandler: 	at androidx.test.ext.junit.runners.AndroidJUnit4.run(AndroidJUnit4.java:162)
12-02 18:59:58.451 28895 28939 W DefaultFailureHandler: 	at io.qameta.allure.android.runners.AllureAndroidJUnit4.run(AllureAndroidJUnitRunners.kt:29)
12-02 18:59:58.451 28895 28939 W DefaultFailureHandler: 	at org.junit.runners.Suite.runChild(Suite.java:128)
12-02 18:59:58.451 28895 28939 W DefaultFailureHandler: 	at org.junit.runners.Suite.runChild(Suite.java:27)
12-02 18:59:58.451 28895 28939 W DefaultFailureHandler: 	at org.junit.runners.ParentRunner$4.run(ParentRunner.java:331)
12-02 18:59:58.451 28895 28939 W DefaultFailureHandler: 	at org.junit.runners.ParentRunner$1.schedule(ParentRunner.java:79)
12-02 18:59:58.451 28895 28939 W DefaultFailureHandler: 	at org.junit.runners.ParentRunner.runChildren(ParentRunner.java:329)
12-02 18:59:58.451 28895 28939 W DefaultFailureHandler: 	at org.junit.runners.ParentRunner.access$100(ParentRunner.java:66)
12-02 18:59:58.451 28895 28939 W DefaultFailureHandler: 	at org.junit.runners.ParentRunner$2.evaluate(ParentRunner.java:293)
12-02 18:59:58.451 28895 28939 W DefaultFailureHandler: 	at org.junit.runners.ParentRunner$3.evaluate(ParentRunner.java:306)
12-02 18:59:58.451 28895 28939 W DefaultFailureHandler: 	at org.junit.runners.ParentRunner.run(ParentRunner.java:413)
12-02 18:59:58.451 28895 28939 W DefaultFailureHandler: 	at org.junit.runner.JUnitCore.run(JUnitCore.java:137)
12-02 18:59:58.451 28895 28939 W DefaultFailureHandler: 	at org.junit.runner.JUnitCore.run(JUnitCore.java:115)
12-02 18:59:58.451 28895 28939 W DefaultFailureHandler: 	at androidx.test.internal.runner.TestExecutor.execute(TestExecutor.java:67)
12-02 18:59:58.451 28895 28939 W DefaultFailureHandler: 	at androidx.test.internal.runner.TestExecutor.execute(TestExecutor.java:58)
12-02 18:59:58.451 28895 28939 W DefaultFailureHandler: 	at androidx.test.runner.AndroidJUnitRunner.onStart(AndroidJUnitRunner.java:438)
12-02 18:59:58.451 28895 28939 W DefaultFailureHandler: 	at android.app.Instrumentation$InstrumentationThread.run(Instrumentation.java:2189)
12-02 18:59:58.451 28895 28939 W DefaultFailureHandler: Caused by: android.system.ErrnoException: open failed: EROFS (Read-only file system)
12-02 18:59:58.451 28895 28939 W DefaultFailureHandler: 	at libcore.io.Linux.open(Native Method)
12-02 18:59:58.451 28895 28939 W DefaultFailureHandler: 	at libcore.io.ForwardingOs.open(ForwardingOs.java:167)
12-02 18:59:58.451 28895 28939 W DefaultFailureHandler: 	at libcore.io.BlockGuardOs.open(BlockGuardOs.java:252)
12-02 18:59:58.451 28895 28939 W DefaultFailureHandler: 	at libcore.io.ForwardingOs.open(ForwardingOs.java:167)
12-02 18:59:58.451 28895 28939 W DefaultFailureHandler: 	at android.app.ActivityThread$AndroidOs.open(ActivityThread.java:7255)
12-02 18:59:58.451 28895 28939 W DefaultFailureHandler: 	at libcore.io.IoBridge.open(IoBridge.java:482)
12-02 18:59:58.451 28895 28939 W DefaultFailureHandler: 	... 52 more
12-02 18:59:58.462 28895 28895 I ViewInteraction: Performing 'wait for a specific view with <view.getId() is <2131230870/ru.iteco.fmhandroid:id/authorization_image_button>> during 10000 millis.' action on view view.getRootView() to equal view
12-02 18:59:58.469 28895 28895 I ViewInteraction: Checking 'MatchesViewAssertion{viewMatcher=(view has effective visibility <VISIBLE> and view.getGlobalVisibleRect() to return non-empty rectangle)}' assertion on view view.getId() is <2131230870/ru.iteco.fmhandroid:id/authorization_image_button>
12-02 18:59:58.474 28895 28895 I ViewInteraction: Performing 'single click' action on view view.getId() is <2131230870/ru.iteco.fmhandroid:id/authorization_image_button>
12-02 18:59:58.475 28895 29146 W teco.fmhandroi: Accessing hidden method Lsun/misc/Unsafe;->getObject(Ljava/lang/Object;J)Ljava/lang/Object; (greylist, linking, allowed)
12-02 18:59:58.545  1750  3111 W audio_hw_generic: Not supplying enough data to HAL, expected position 391618853 , only wrote 391618704
12-02 18:59:58.589  1772  1875 D gralloc_ranchu: gralloc_alloc: Creating ashmem region of size 1429504
12-02 18:59:58.603  1772  1875 I chatty  : uid=1000(system) HwBinder:1772_2 identical 1 line
12-02 18:59:58.606  1772  1875 D gralloc_ranchu: gralloc_alloc: Creating ashmem region of size 1429504
12-02 18:59:58.616 28895 28955 D EGL_emulation: eglMakeCurrent: 0xe3a07540: ver 2 0 (tinfo 0xe3a93cb0)
12-02 18:59:58.699 28895 28955 I chatty  : uid=10159(ru.iteco.fmhandroid) RenderThread identical 3 lines
12-02 18:59:58.729 28895 28955 D EGL_emulation: eglMakeCurrent: 0xe3a07540: ver 2 0 (tinfo 0xe3a93cb0)
12-02 18:59:58.955 28895 28895 I ViewInteraction: Performing 'wait for a specific view with <an instance of android.widget.TextView and view.getText() with or without transformation to match: is "Log out"> during 10000 millis.' action on view view.getRootView() to equal view
12-02 18:59:58.963 28895 28895 I ViewInteraction: Checking 'MatchesViewAssertion{viewMatcher=(view has effective visibility <VISIBLE> and view.getGlobalVisibleRect() to return non-empty rectangle)}' assertion on view an instance of android.widget.TextView and view.getText() with or without transformation to match: is "Log out"
12-02 18:59:58.969 28895 28895 I ViewInteraction: Performing 'single click' action on view an instance of android.widget.TextView and view.getText() with or without transformation to match: is "Log out"
12-02 18:59:59.195 28895 28955 D EGL_emulation: eglMakeCurrent: 0xe3a07540: ver 2 0 (tinfo 0xe3a93cb0)
12-02 18:59:59.240 28895 28955 D EGL_emulation: eglMakeCurrent: 0xe3a07540: ver 2 0 (tinfo 0xe3a93cb0)
12-02 18:59:59.349 28895 28895 I ViewInteraction: Performing 'wait for a specific view with <(an instance of android.widget.TextView and view.getText() with or without transformation to match: is "Authorization" and view.getParent() view.getParent() view.getId() is <2131231186>)> during 10000 millis.' action on view view.getRootView() to equal view
12-02 18:59:59.357 28895 28895 I ViewInteraction: Checking 'MatchesViewAssertion{viewMatcher=(view has effective visibility <VISIBLE> and view.getGlobalVisibleRect() to return non-empty rectangle)}' assertion on view (an instance of android.widget.TextView and view.getText() with or without transformation to match: is "Authorization" and view.getParent() view.getParent() view.getId() is <2131231186/ru.iteco.fmhandroid:id/nav_host_fragment>)
12-02 18:59:59.363 28895 28895 I ViewInteraction: Performing 'wait for a specific view with <(an instance of android.widget.TextView and view.getHint() matching: is "Login" and view.getParent() view.getParent() view.getId() is <2131231121/ru.iteco.fmhandroid:id/login_text_input_layout>)> during 10000 millis.' action on view view.getRootView() to equal view
12-02 18:59:59.368 28895 28895 I ViewInteraction: Checking 'MatchesViewAssertion{viewMatcher=(view has effective visibility <VISIBLE> and view.getGlobalVisibleRect() to return non-empty rectangle)}' assertion on view (an instance of android.widget.TextView and view.getHint() matching: is "Login" and view.getParent() view.getParent() view.getId() is <2131231121/ru.iteco.fmhandroid:id/login_text_input_layout>)
12-02 18:59:59.375 28895 28895 I ViewInteraction: Performing 'wait for a specific view with <(an instance of android.widget.TextView and view.getHint() matching: is "Password" and view.getParent() view.getParent() view.getId() is <2131231264/ru.iteco.fmhandroid:id/password_text_input_layout>)> during 10000 millis.' action on view view.getRootView() to equal view
12-02 18:59:59.382 28895 28895 I ViewInteraction: Checking 'MatchesViewAssertion{viewMatcher=(view has effective visibility <VISIBLE> and view.getGlobalVisibleRect() to return non-empty rectangle)}' assertion on view (an instance of android.widget.TextView and view.getHint() matching: is "Password" and view.getParent() view.getParent() view.getId() is <2131231264/ru.iteco.fmhandroid:id/password_text_input_layout>)
12-02 18:59:59.387 28895 28895 I ViewInteraction: Performing 'wait for a specific view with <(view.getId() is <2131231039/ru.iteco.fmhandroid:id/enter_button> and an instance of android.widget.TextView and view.getText() with or without transformation to match: is "SIGN IN" and view.getContentDescription() is "Save" and view.getParent() view.getParent() an instance of android.widget.RelativeLayout)> during 10000 millis.' action on view view.getRootView() to equal view
12-02 18:59:59.394 28895 28895 I ViewInteraction: Checking 'MatchesViewAssertion{viewMatcher=(view has effective visibility <VISIBLE> and view.getGlobalVisibleRect() to return non-empty rectangle)}' assertion on view (view.getId() is <2131231039/ru.iteco.fmhandroid:id/enter_button> and an instance of android.widget.TextView and view.getText() with or without transformation to match: is "SIGN IN" and view.getContentDescription() is "Save" and view.getParent() view.getParent() an instance of android.widget.RelativeLayout)
12-02 18:59:59.398 28895 28895 I ViewInteraction: Performing 'wait for a specific view with <(an instance of android.widget.TextView and view.getText() with or without transformation to match: is "Authorization" and view.getParent() view.getParent() view.getId() is <2131231186>)> during 10000 millis.' action on view view.getRootView() to equal view
12-02 18:59:59.403 28895 28895 I ViewInteraction: Checking 'MatchesViewAssertion{viewMatcher=(view has effective visibility <VISIBLE> and view.getGlobalVisibleRect() to return non-empty rectangle)}' assertion on view (an instance of android.widget.TextView and view.getText() with or without transformation to match: is "Authorization" and view.getParent() view.getParent() view.getId() is <2131231186/ru.iteco.fmhandroid:id/nav_host_fragment>)
12-02 18:59:59.408 28895 28895 I ViewInteraction: Performing 'wait for a specific view with <(an instance of android.widget.TextView and view.getHint() matching: is "Login" and view.getParent() view.getParent() view.getId() is <2131231121/ru.iteco.fmhandroid:id/login_text_input_layout>)> during 10000 millis.' action on view view.getRootView() to equal view
12-02 18:59:59.414 28895 28895 I ViewInteraction: Checking 'MatchesViewAssertion{viewMatcher=(view has effective visibility <VISIBLE> and view.getGlobalVisibleRect() to return non-empty rectangle)}' assertion on view (an instance of android.widget.TextView and view.getHint() matching: is "Login" and view.getParent() view.getParent() view.getId() is <2131231121/ru.iteco.fmhandroid:id/login_text_input_layout>)
12-02 18:59:59.418 28895 28895 I ViewInteraction: Performing 'wait for a specific view with <(an instance of android.widget.TextView and view.getHint() matching: is "Password" and view.getParent() view.getParent() view.getId() is <2131231264/ru.iteco.fmhandroid:id/password_text_input_layout>)> during 10000 millis.' action on view view.getRootView() to equal view
12-02 18:59:59.424 28895 28895 I ViewInteraction: Checking 'MatchesViewAssertion{viewMatcher=(view has effective visibility <VISIBLE> and view.getGlobalVisibleRect() to return non-empty rectangle)}' assertion on view (an instance of android.widget.TextView and view.getHint() matching: is "Password" and view.getParent() view.getParent() view.getId() is <2131231264/ru.iteco.fmhandroid:id/password_text_input_layout>)
12-02 18:59:59.430 28895 28895 I ViewInteraction: Performing 'wait for a specific view with <(view.getId() is <2131231039/ru.iteco.fmhandroid:id/enter_button> and an instance of android.widget.TextView and view.getText() with or without transformation to match: is "SIGN IN" and view.getContentDescription() is "Save" and view.getParent() view.getParent() an instance of android.widget.RelativeLayout)> during 10000 millis.' action on view view.getRootView() to equal view
12-02 18:59:59.434 28895 28895 I ViewInteraction: Checking 'MatchesViewAssertion{viewMatcher=(view has effective visibility <VISIBLE> and view.getGlobalVisibleRect() to return non-empty rectangle)}' assertion on view (view.getId() is <2131231039/ru.iteco.fmhandroid:id/enter_button> and an instance of android.widget.TextView and view.getText() with or without transformation to match: is "SIGN IN" and view.getContentDescription() is "Save" and view.getParent() view.getParent() an instance of android.widget.RelativeLayout)
12-02 18:59:59.439 28895 28895 I ViewInteraction: Performing 'wait for a specific view with <(an instance of android.widget.TextView and view.getHint() matching: is "Login" and view.getParent() view.getParent() view.getId() is <2131231121/ru.iteco.fmhandroid:id/login_text_input_layout>)> during 10000 millis.' action on view view.getRootView() to equal view
12-02 18:59:59.444 28895 28895 I ViewInteraction: Performing 'replace text(login2)' action on view (an instance of android.widget.TextView and view.getHint() matching: is "Login" and view.getParent() view.getParent() view.getId() is <2131231121/ru.iteco.fmhandroid:id/login_text_input_layout>)
