12-07 09:17:25.640 30385 30433 W DefaultFailureHandler: 	at ru.iteco.fmhandroid.ui.data.TestUtils.waitView(TestUtils.java:61)
12-07 09:17:25.640 30385 30433 W DefaultFailureHandler: 	at ru.iteco.fmhandroid.ui.steps.MainPageSteps.clickLogOutBut(MainPageSteps.java:55)
12-07 09:17:25.640 30385 30433 W DefaultFailureHandler: 	at ru.iteco.fmhandroid.ui.FilterClaimsPageTest.logoutCheck(FilterClaimsPageTest.java:49)
12-07 09:17:25.640 30385 30433 W DefaultFailureHandler: 	at java.lang.reflect.Method.invoke(Native Method)
12-07 09:17:25.640 30385 30433 W DefaultFailureHandler: 	at org.junit.runners.model.FrameworkMethod$1.runReflectiveCall(FrameworkMethod.java:59)
12-07 09:17:25.640 30385 30433 W DefaultFailureHandler: 	at org.junit.internal.runners.model.ReflectiveCallable.run(ReflectiveCallable.java:12)
12-07 09:17:25.640 30385 30433 W DefaultFailureHandler: 	at org.junit.runners.model.FrameworkMethod.invokeExplosively(FrameworkMethod.java:56)
12-07 09:17:25.640 30385 30433 W DefaultFailureHandler: 	at androidx.test.internal.runner.junit4.statement.RunBefores.evaluate(RunBefores.java:76)
12-07 09:17:25.640 30385 30433 W DefaultFailureHandler: 	at io.qameta.allure.android.rules.ScreenshotRule$apply$1.evaluate(ScreenshotRule.kt:22)
12-07 09:17:25.640 30385 30433 W DefaultFailureHandler: 	at org.junit.rules.ExternalResource$1.evaluate(ExternalResource.java:54)
12-07 09:17:25.640 30385 30433 W DefaultFailureHandler: 	at io.qameta.allure.android.rules.LogcatRule$apply$1.evaluate(LogcatRule.kt:23)
12-07 09:17:25.640 30385 30433 W DefaultFailureHandler: 	at org.junit.rules.RunRules.evaluate(RunRules.java:20)
12-07 09:17:25.640 30385 30433 W DefaultFailureHandler: 	at org.junit.runners.ParentRunner$3.evaluate(ParentRunner.java:306)
12-07 09:17:25.640 30385 30433 W DefaultFailureHandler: 	at org.junit.runners.BlockJUnit4ClassRunner$1.evaluate(BlockJUnit4ClassRunner.java:100)
12-07 09:17:25.640 30385 30433 W DefaultFailureHandler: 	at org.junit.runners.ParentRunner.runLeaf(ParentRunner.java:366)
12-07 09:17:25.640 30385 30433 W DefaultFailureHandler: 	at org.junit.runners.BlockJUnit4ClassRunner.runChild(BlockJUnit4ClassRunner.java:103)
12-07 09:17:25.640 30385 30433 W DefaultFailureHandler: 	at org.junit.runners.BlockJUnit4ClassRunner.runChild(BlockJUnit4ClassRunner.java:63)
12-07 09:17:25.640 30385 30433 W DefaultFailureHandler: 	at org.junit.runners.ParentRunner$4.run(ParentRunner.java:331)
12-07 09:17:25.640 30385 30433 W DefaultFailureHandler: 	at org.junit.runners.ParentRunner$1.schedule(ParentRunner.java:79)
12-07 09:17:25.640 30385 30433 W DefaultFailureHandler: 	at org.junit.runners.ParentRunner.runChildren(ParentRunner.java:329)
12-07 09:17:25.640 30385 30433 W DefaultFailureHandler: 	at org.junit.runners.ParentRunner.access$100(ParentRunner.java:66)
12-07 09:17:25.640 30385 30433 W DefaultFailureHandler: 	at org.junit.runners.ParentRunner$2.evaluate(ParentRunner.java:293)
12-07 09:17:25.640 30385 30433 W DefaultFailureHandler: 	at org.junit.runners.ParentRunner$3.evaluate(ParentRunner.java:306)
12-07 09:17:25.640 30385 30433 W DefaultFailureHandler: 	at org.junit.runners.ParentRunner.run(ParentRunner.java:413)
12-07 09:17:25.640 30385 30433 W DefaultFailureHandler: 	at androidx.test.ext.junit.runners.AndroidJUnit4.run(AndroidJUnit4.java:162)
12-07 09:17:25.640 30385 30433 W DefaultFailureHandler: 	at io.qameta.allure.android.runners.AllureAndroidJUnit4.run(AllureAndroidJUnitRunners.kt:29)
12-07 09:17:25.640 30385 30433 W DefaultFailureHandler: 	at org.junit.runners.Suite.runChild(Suite.java:128)
12-07 09:17:25.640 30385 30433 W DefaultFailureHandler: 	at org.junit.runners.Suite.runChild(Suite.java:27)
12-07 09:17:25.640 30385 30433 W DefaultFailureHandler: 	at org.junit.runners.ParentRunner$4.run(ParentRunner.java:331)
12-07 09:17:25.640 30385 30433 W DefaultFailureHandler: 	at org.junit.runners.ParentRunner$1.schedule(ParentRunner.java:79)
12-07 09:17:25.640 30385 30433 W DefaultFailureHandler: 	at org.junit.runners.ParentRunner.runChildren(ParentRunner.java:329)
12-07 09:17:25.640 30385 30433 W DefaultFailureHandler: 	at org.junit.runners.ParentRunner.access$100(ParentRunner.java:66)
12-07 09:17:25.640 30385 30433 W DefaultFailureHandler: 	at org.junit.runners.ParentRunner$2.evaluate(ParentRunner.java:293)
12-07 09:17:25.640 30385 30433 W DefaultFailureHandler: 	at org.junit.runners.ParentRunner$3.evaluate(ParentRunner.java:306)
12-07 09:17:25.640 30385 30433 W DefaultFailureHandler: 	at org.junit.runners.ParentRunner.run(ParentRunner.java:413)
12-07 09:17:25.640 30385 30433 W DefaultFailureHandler: 	at org.junit.runner.JUnitCore.run(JUnitCore.java:137)
12-07 09:17:25.640 30385 30433 W DefaultFailureHandler: 	at org.junit.runner.JUnitCore.run(JUnitCore.java:115)
12-07 09:17:25.640 30385 30433 W DefaultFailureHandler: 	at androidx.test.internal.runner.TestExecutor.execute(TestExecutor.java:67)
12-07 09:17:25.640 30385 30433 W DefaultFailureHandler: 	at androidx.test.internal.runner.TestExecutor.execute(TestExecutor.java:58)
12-07 09:17:25.640 30385 30433 W DefaultFailureHandler: 	at androidx.test.runner.AndroidJUnitRunner.onStart(AndroidJUnitRunner.java:438)
12-07 09:17:25.640 30385 30433 W DefaultFailureHandler: 	at android.app.Instrumentation$InstrumentationThread.run(Instrumentation.java:2189)
12-07 09:17:25.640 30385 30433 W DefaultFailureHandler: Caused by: android.system.ErrnoException: open failed: EROFS (Read-only file system)
12-07 09:17:25.641 30385 30433 W DefaultFailureHandler: 	at libcore.io.Linux.open(Native Method)
12-07 09:17:25.641 30385 30433 W DefaultFailureHandler: 	at libcore.io.ForwardingOs.open(ForwardingOs.java:167)
12-07 09:17:25.641 30385 30433 W DefaultFailureHandler: 	at libcore.io.BlockGuardOs.open(BlockGuardOs.java:252)
12-07 09:17:25.641 30385 30433 W DefaultFailureHandler: 	at libcore.io.ForwardingOs.open(ForwardingOs.java:167)
12-07 09:17:25.641 30385 30433 W DefaultFailureHandler: 	at android.app.ActivityThread$AndroidOs.open(ActivityThread.java:7255)
12-07 09:17:25.641 30385 30433 W DefaultFailureHandler: 	at libcore.io.IoBridge.open(IoBridge.java:482)
12-07 09:17:25.641 30385 30433 W DefaultFailureHandler: 	... 50 more
12-07 09:17:25.663  1776  1776 D gralloc_ranchu: gralloc_alloc: Creating ashmem region of size 10108928
12-07 09:17:26.205  2018  4653 I ActivityTaskManager: START u0 {act=android.intent.action.MAIN cat=[android.intent.category.LAUNCHER] flg=0x10000000 cmp=ru.iteco.fmhandroid.test/androidx.test.core.app.InstrumentationActivityInvoker$EmptyActivity} from uid 10146
12-07 09:17:26.257 30385 30385 D LifecycleMonitor: Lifecycle status change: ru.iteco.fmhandroid.ui.AppActivity@4d99d8f in: PAUSED
12-07 09:17:26.257 30385 30385 V ActivityScenario: Update currentActivityStage to PAUSED, currentActivity=ru.iteco.fmhandroid.ui.AppActivity@4d99d8f
12-07 09:17:26.264  2018  4653 W InputReader: Device has associated, but no associated display id.
12-07 09:17:26.268  2018  4653 I chatty  : uid=1000(system) Binder:2018_12 identical 38 lines
12-07 09:17:26.268  2018  4653 W InputReader: Device has associated, but no associated display id.
12-07 09:17:26.272 30445 30445 W ActivityThread: handleWindowVisibility: no activity for token android.os.BinderProxy@8831977
12-07 09:17:26.274  2018  4653 W InputReader: Device has associated, but no associated display id.
12-07 09:17:26.275  2018  4653 I chatty  : uid=1000(system) Binder:2018_12 identical 8 lines
12-07 09:17:26.275  2018  4653 W InputReader: Device has associated, but no associated display id.
12-07 09:17:26.304 30385 30427 V FA      : Recording user engagement, ms: 24150
12-07 09:17:26.376  2018  2340 I ActivityTaskManager: START u0 {act=android.intent.action.MAIN cat=[android.intent.category.LAUNCHER] flg=0x10000000 cmp=ru.iteco.fmhandroid.test/androidx.test.core.app.InstrumentationActivityInvoker$EmptyActivity} from uid 10146
12-07 09:17:26.393 30385 30427 V FA      : Connecting to remote service
12-07 09:17:26.427 30385 30427 V FA      : Connection attempt already in progress
12-07 09:17:26.427 30385 30427 V FA      : Activity paused, time: 42108654
12-07 09:17:26.453  2018  2340 W InputReader: Device has associated, but no associated display id.
12-07 09:17:26.457  2018  2340 I chatty  : uid=1000(system) Binder:2018_5 identical 48 lines
12-07 09:17:26.457  2018  2340 W InputReader: Device has associated, but no associated display id.
12-07 09:17:26.471 30385 30427 D FA      : Connected to remote service
12-07 09:17:26.471 30385 30427 V FA      : Processing queued up service tasks: 2
12-07 09:17:26.513 30445 30480 D HostConnection: HostConnection::get() New Host Connection established 0xda28ec30, tid 30480
12-07 09:17:26.516 30445 30480 D HostConnection: HostComposition ext ANDROID_EMU_CHECKSUM_HELPER_v1 ANDROID_EMU_dma_v1 ANDROID_EMU_direct_mem ANDROID_EMU_host_composition_v1 ANDROID_EMU_host_composition_v2 ANDROID_EMU_vulkan ANDROID_EMU_deferred_vulkan_commands ANDROID_EMU_vulkan_null_optional_strings ANDROID_EMU_vulkan_create_resources_with_requirements ANDROID_EMU_YUV_Cache ANDROID_EMU_vulkan_ignored_handles ANDROID_EMU_vulkan_free_memory_sync ANDROID_EMU_vulkan_shader_float16_int8 ANDROID_EMU_vulkan_async_queue_submit ANDROID_EMU_sync_buffer_data GL_OES_vertex_array_object GL_KHR_texture_compression_astc_ldr ANDROID_EMU_host_side_tracing ANDROID_EMU_gles_max_version_2 
12-07 09:17:26.525 30445 30480 W OpenGLRenderer: Failed to choose config with EGL_SWAP_BEHAVIOR_PRESERVED, retrying without...
12-07 09:17:26.568  2873 30436 V FA-SVC  : Logging event: origin=auto,name=user_engagement(_e),params=Bundle[{ga_event_origin(_o)=auto, engagement_time_msec(_et)=24150, ga_screen_class(_sc)=AppActivity, ga_screen_id(_si)=-1494904676959565443}]
12-07 09:17:26.644 30445 30480 D EGL_emulation: eglCreateContext: 0xe59ec620: maj 2 min 0 rcv 2
12-07 09:17:26.653  2873 30436 V FA-SVC  : Upload scheduled in approximately ms: 1271553
12-07 09:17:26.653  2873 30436 V FA-SVC  : Unscheduling upload
12-07 09:17:26.655 30445 30480 D EGL_emulation: eglMakeCurrent: 0xe59ec620: ver 2 0 (tinfo 0xf0c893b0)
12-07 09:17:26.664  2873 30436 V FA-SVC  : Scheduling upload, millis: 1271553
12-07 09:17:26.669  1776  1776 D gralloc_ranchu: gralloc_alloc: Creating ashmem region of size 10108928
12-07 09:17:26.674  1648  1648 I hwservicemanager: getTransport: Cannot find entry android.hardware.graphics.mapper@3.0::IMapper/default in either framework or device manifest.
12-07 09:17:26.675 30445 30480 W Gralloc3: mapper 3.x is not supported
12-07 09:17:26.676  2873 30436 V FA-SVC  : Background event processing time, ms: 117
12-07 09:17:26.683 30445 30480 D HostConnection: createUnique: call
12-07 09:17:26.688 30445 30480 D HostConnection: HostConnection::get() New Host Connection established 0xda290620, tid 30480
12-07 09:17:26.691 30445 30480 D HostConnection: HostComposition ext ANDROID_EMU_CHECKSUM_HELPER_v1 ANDROID_EMU_dma_v1 ANDROID_EMU_direct_mem ANDROID_EMU_host_composition_v1 ANDROID_EMU_host_composition_v2 ANDROID_EMU_vulkan ANDROID_EMU_deferred_vulkan_commands ANDROID_EMU_vulkan_null_optional_strings ANDROID_EMU_vulkan_create_resources_with_requirements ANDROID_EMU_YUV_Cache ANDROID_EMU_vulkan_ignored_handles ANDROID_EMU_vulkan_free_memory_sync ANDROID_EMU_vulkan_shader_float16_int8 ANDROID_EMU_vulkan_async_queue_submit ANDROID_EMU_sync_buffer_data GL_OES_vertex_array_object GL_KHR_texture_compression_astc_ldr ANDROID_EMU_host_side_tracing ANDROID_EMU_gles_max_version_2 
12-07 09:17:26.691 30445 30480 D eglCodecCommon: allocate: Ask for block of size 0x1000
12-07 09:17:26.692 30445 30480 D eglCodecCommon: allocate: ioctl allocate returned offset 0x3ff647000 size 0x2000
12-07 09:17:26.697  1776  1776 D gralloc_ranchu: gralloc_alloc: Creating ashmem region of size 10108928
12-07 09:17:26.701  1776  1776 D gralloc_ranchu: gralloc_alloc: Creating ashmem region of size 10108928
12-07 09:17:26.710 30445 30480 D EGL_emulation: eglMakeCurrent: 0xe59ec620: ver 2 0 (tinfo 0xf0c893b0)
12-07 09:17:26.788  2656 30416 E SQLiteDatabase: Error inserting flex_time=1271000 job_id=-1 period=2544000 source=16 requires_charging=0 preferred_network_type=1 target_class=com.google.android.gms.measurement.PackageMeasurementTaskService user_id=0 target_package=com.google.android.gms tag=Measurement.PackageMeasurementTaskService.UPLOAD_TASK_TAG task_type=0 required_idleness_state=0 service_kind=0 source_version=202414000 persistence_level=1 preferred_charging_state=1 required_network_type=0 runtime=1670422646705 retry_strategy={"maximum_backoff_seconds":{"3600":0},"initial_backoff_seconds":{"30":0},"retry_policy":{"0":0}} last_runtime=0
12-07 09:17:26.788  2656 30416 E SQLiteDatabase: android.database.sqlite.SQLiteConstraintException: UNIQUE constraint failed: pending_ops.tag, pending_ops.target_class, pending_ops.target_package, pending_ops.user_id (code 2067 SQLITE_CONSTRAINT_UNIQUE)
12-07 09:17:26.788  2656 30416 E SQLiteDatabase: 	at android.database.sqlite.SQLiteConnection.nativeExecuteForLastInsertedRowId(Native Method)
12-07 09:17:26.788  2656 30416 E SQLiteDatabase: 	at android.database.sqlite.SQLiteConnection.executeForLastInsertedRowId(SQLiteConnection.java:879)
12-07 09:17:26.788  2656 30416 E SQLiteDatabase: 	at android.database.sqlite.SQLiteSession.executeForLastInsertedRowId(SQLiteSession.java:790)
12-07 09:17:26.788  2656 30416 E SQLiteDatabase: 	at android.database.sqlite.SQLiteStatement.executeInsert(SQLiteStatement.java:88)
12-07 09:17:26.788  2656 30416 E SQLiteDatabase: 	at android.database.sqlite.SQLiteDatabase.insertWithOnConflict(SQLiteDatabase.java:1599)
12-07 09:17:26.788  2656 30416 E SQLiteDatabase: 	at android.database.sqlite.SQLiteDatabase.insert(SQLiteDatabase.java:1468)
12-07 09:17:26.788  2656 30416 E SQLiteDatabase: 	at aqui.a(:com.google.android.gms@202414022@20.24.14 (040700-319035315):175)
12-07 09:17:26.788  2656 30416 E SQLiteDatabase: 	at aqtk.a(:com.google.android.gms@202414022@20.24.14 (040700-319035315):182)
12-07 09:17:26.788  2656 30416 E SQLiteDatabase: 	at aqtk.a(:com.google.android.gms@202414022@20.24.14 (040700-319035315):23)
12-07 09:17:26.788  2656 30416 E SQLiteDatabase: 	at aqtk.a(:com.google.android.gms@202414022@20.24.14 (040700-319035315):177)
12-07 09:17:26.788  2656 30416 E SQLiteDatabase: 	at aqpu.run(:com.google.android.gms@202414022@20.24.14 (040700-319035315):9)
12-07 09:17:26.788  2656 30416 E SQLiteDatabase: 	at soy.b(:com.google.android.gms@202414022@20.24.14 (040700-319035315):12)
12-07 09:17:26.788  2656 30416 E SQLiteDatabase: 	at soy.run(:com.google.android.gms@202414022@20.24.14 (040700-319035315):8)
12-07 09:17:26.788  2656 30416 E SQLiteDatabase: 	at java.util.concurrent.ThreadPoolExecutor.runWorker(ThreadPoolExecutor.java:1167)
12-07 09:17:26.788  2656 30416 E SQLiteDatabase: 	at java.util.concurrent.ThreadPoolExecutor$Worker.run(ThreadPoolExecutor.java:641)
12-07 09:17:26.788  2656 30416 E SQLiteDatabase: 	at sux.run(:com.google.android.gms@202414022@20.24.14 (040700-319035315):0)
12-07 09:17:26.788  2656 30416 E SQLiteDatabase: 	at java.lang.Thread.run(Thread.java:919)
12-07 09:17:26.917 30445 30445 W ActivityThread: handleWindowVisibility: no activity for token android.os.BinderProxy@4374e67
12-07 09:17:26.951  2018  2340 W ActivityTaskManager: Duplicate finish request for ActivityRecord{c37b9f7 u0 ru.iteco.fmhandroid/.ui.AppActivity t213 f}
12-07 09:17:26.989  1776  1776 D gralloc_ranchu: gralloc_alloc: Creating ashmem region of size 10108928
12-07 09:17:26.992  1776  1776 I chatty  : uid=1000(system) allocator@2.0-s identical 1 line
12-07 09:17:26.995  1776  1776 D gralloc_ranchu: gralloc_alloc: Creating ashmem region of size 10108928
12-07 09:17:27.002 30445 30480 D EGL_emulation: eglMakeCurrent: 0xe59ec620: ver 2 0 (tinfo 0xf0c893b0)
12-07 09:17:27.047  2018  2054 W InputReader: Device has associated, but no associated display id.
12-07 09:17:27.048  2018  2054 I chatty  : uid=1000(system) android.anim identical 18 lines
12-07 09:17:27.048  2018  2054 W InputReader: Device has associated, but no associated display id.
12-07 09:17:27.067  2018  4653 W InputReader: Device has associated, but no associated display id.
12-07 09:17:27.069  2018  4653 I chatty  : uid=1000(system) Binder:2018_12 identical 8 lines
12-07 09:17:27.069  2018  4653 W InputReader: Device has associated, but no associated display id.
12-07 09:17:27.077 30385 30484 D EGL_emulation: eglMakeCurrent: 0xf0c7e740: ver 2 0 (tinfo 0xf0c89b90)
12-07 09:17:27.128  2018  5907 W InputReader: Device has associated, but no associated display id.
12-07 09:17:27.129  2018  5907 I chatty  : uid=1000(system) Binder:2018_17 identical 8 lines
12-07 09:17:27.129  2018  5907 W InputReader: Device has associated, but no associated display id.
12-07 09:17:27.132  2018  2058 I ActivityTaskManager: Displayed ru.iteco.fmhandroid.test/androidx.test.core.app.InstrumentationActivityInvoker$EmptyActivity: +715ms
12-07 09:17:27.177 30385 30385 D LifecycleMonitor: Lifecycle status change: ru.iteco.fmhandroid.ui.AppActivity@4d99d8f in: STOPPED
12-07 09:17:27.178 30385 30385 V ActivityScenario: Update currentActivityStage to STOPPED, currentActivity=ru.iteco.fmhandroid.ui.AppActivity@4d99d8f
12-07 09:17:27.294  1776  1776 D gralloc_ranchu: gralloc_alloc: Creating ashmem region of size 10108928
12-07 09:17:27.319 30385 30385 D LifecycleMonitor: Lifecycle status change: ru.iteco.fmhandroid.ui.AppActivity@4d99d8f in: DESTROYED
12-07 09:17:27.319 30385 30385 V ActivityScenario: Update currentActivityStage to DESTROYED, currentActivity=null
12-07 09:17:27.338  1776  1776 D gralloc_ranchu: gralloc_alloc: Creating ashmem region of size 10108928
12-07 09:17:27.343  1776  1776 D gralloc_ranchu: gralloc_alloc: Creating ashmem region of size 10108928
12-07 09:17:27.465  2962  3510 D EGL_emulation: eglMakeCurrent: 0xe597d120: ver 2 0 (tinfo 0xbffb2540)
12-07 09:17:27.521  1776  1776 D gralloc_ranchu: gralloc_alloc: Creating ashmem region of size 10108928
