12-08 06:46:36.415 14580 14580 I ViewInteraction: Performing 'wait for a specific view with <(view.getId() is <2131231039/ru.iteco.fmhandroid:id/enter_button> and an instance of android.widget.TextView and view.getText() with or without transformation to match: is "SIGN IN" and view.getContentDescription() is "Save" and view.getParent() view.getParent() an instance of android.widget.RelativeLayout)> during 10000 millis.' action on view view.getRootView() to equal view
12-08 06:46:36.431 14580 14580 I ViewInteraction: Checking 'MatchesViewAssertion{viewMatcher=view.isClickable() is <true>}' assertion on view (view.getId() is <2131231039/ru.iteco.fmhandroid:id/enter_button> and an instance of android.widget.TextView and view.getText() with or without transformation to match: is "SIGN IN" and view.getContentDescription() is "Save" and view.getParent() view.getParent() an instance of android.widget.RelativeLayout)
12-08 06:46:36.443 14580 14580 I ViewInteraction: Performing 'wait for a specific view with <(view.getId() is <2131231039/ru.iteco.fmhandroid:id/enter_button> and an instance of android.widget.TextView and view.getText() with or without transformation to match: is "SIGN IN" and view.getContentDescription() is "Save" and view.getParent() view.getParent() an instance of android.widget.RelativeLayout)> during 10000 millis.' action on view view.getRootView() to equal view
12-08 06:46:36.450 14580 14580 I ViewInteraction: Checking 'MatchesViewAssertion{viewMatcher=view.isClickable() is <true>}' assertion on view (view.getId() is <2131231039/ru.iteco.fmhandroid:id/enter_button> and an instance of android.widget.TextView and view.getText() with or without transformation to match: is "SIGN IN" and view.getContentDescription() is "Save" and view.getParent() view.getParent() an instance of android.widget.RelativeLayout)
12-08 06:46:36.454 14580 14580 I ViewInteraction: Performing 'wait for a specific view with <(view.getId() is <2131231039/ru.iteco.fmhandroid:id/enter_button> and an instance of android.widget.TextView and view.getText() with or without transformation to match: is "SIGN IN" and view.getContentDescription() is "Save" and view.getParent() view.getParent() an instance of android.widget.RelativeLayout)> during 10000 millis.' action on view view.getRootView() to equal view
12-08 06:46:36.461 14580 14580 I ViewInteraction: Performing 'single click' action on view (view.getId() is <2131231039/ru.iteco.fmhandroid:id/enter_button> and an instance of android.widget.TextView and view.getText() with or without transformation to match: is "SIGN IN" and view.getContentDescription() is "Save" and view.getParent() view.getParent() an instance of android.widget.RelativeLayout)
12-08 06:46:36.508 14580 14707 I okhttp.OkHttpClient: --> POST http://www.981757-ca08998.tmweb.ru:8080/fmh/authentication/login
12-08 06:46:36.509 14580 14707 I okhttp.OkHttpClient: Content-Type: application/json; charset=UTF-8
12-08 06:46:36.509 14580 14707 I okhttp.OkHttpClient: Content-Length: 41
12-08 06:46:36.510 14580 14707 I okhttp.OkHttpClient: {"login":"login2","password":"password2"}
12-08 06:46:36.510 14580 14707 I okhttp.OkHttpClient: --> END POST (41-byte body)
12-08 06:46:36.751 14580 14580 I ViewInteraction: Performing 'wait for a specific view with <an instance of android.widget.TextView and view.getText() with or without transformation to match: is "News"> during 10000 millis.' action on view view.getRootView() to equal view
12-08 06:46:36.792 14580 14707 I okhttp.OkHttpClient: <-- 200 http://www.981757-ca08998.tmweb.ru:8080/fmh/authentication/login (281ms)
12-08 06:46:36.792 14580 14707 I okhttp.OkHttpClient: Vary: Origin
12-08 06:46:36.792 14580 14707 I okhttp.OkHttpClient: Vary: Access-Control-Request-Method
12-08 06:46:36.792 14580 14707 I okhttp.OkHttpClient: Vary: Access-Control-Request-Headers
12-08 06:46:36.792 14580 14707 I okhttp.OkHttpClient: X-Content-Type-Options: nosniff
12-08 06:46:36.793 14580 14707 I okhttp.OkHttpClient: X-XSS-Protection: 1; mode=block
12-08 06:46:36.793 14580 14707 I okhttp.OkHttpClient: Cache-Control: no-cache, no-store, max-age=0, must-revalidate
12-08 06:46:36.793 14580 14707 I okhttp.OkHttpClient: Pragma: no-cache
12-08 06:46:36.793 14580 14707 I okhttp.OkHttpClient: Expires: 0
12-08 06:46:36.794 14580 14707 I okhttp.OkHttpClient: X-Frame-Options: DENY
12-08 06:46:36.795 14580 14707 I okhttp.OkHttpClient: Content-Type: application/json
12-08 06:46:36.796 14580 14707 I okhttp.OkHttpClient: Transfer-Encoding: chunked
12-08 06:46:36.796 14580 14707 I okhttp.OkHttpClient: Date: Thu, 08 Dec 2022 11:46:39 GMT
12-08 06:46:36.797 14580 14707 I okhttp.OkHttpClient: Keep-Alive: timeout=60
12-08 06:46:36.798 14580 14707 I okhttp.OkHttpClient: Connection: keep-alive
12-08 06:46:36.799 14580 14707 I okhttp.OkHttpClient: {"accessToken":"eyJhbGciOiJIUzUxMiJ9.eyJzdWIiOiJsb2dpbjIiLCJqdGkiOiIyIiwiZXhwIjoxNjcwNTg2Mzk5fQ.bEanpvnxihuuq34FcpkMYEtJlMdgOKGx_ggXg2QaYfNpv9H5APd0RdGotggLnUlcTKTO1r8fw5-3KJ8VVb2gTw","refreshToken":"eyJhbGciOiJIUzUxMiJ9.eyJzdWIiOiJsb2dpbjIiLCJqdGkiOiIyIiwiZXhwIjoxNjczMDkxOTk5fQ.ZSpDLY6St2B47MlsaiSnZsCGN3DPj5K6zxVVSVkfs9Fpbye13vnP9pFEIDIrIAc7dBosNd7wvEz6oPfo95N7Jw"}
12-08 06:46:36.799 14580 14707 I okhttp.OkHttpClient: <-- END HTTP (368-byte body)
12-08 06:46:36.804 14580 14688 I okhttp.OkHttpClient: --> GET http://www.981757-ca08998.tmweb.ru:8080/fmh/authentication/userInfo
12-08 06:46:36.804 14580 14688 I okhttp.OkHttpClient: --> END GET
12-08 06:46:36.998 14580 14688 I okhttp.OkHttpClient: <-- 200 http://www.981757-ca08998.tmweb.ru:8080/fmh/authentication/userInfo (193ms)
12-08 06:46:36.998 14580 14688 I okhttp.OkHttpClient: Vary: Origin
12-08 06:46:36.998 14580 14688 I okhttp.OkHttpClient: Vary: Access-Control-Request-Method
12-08 06:46:36.998 14580 14688 I okhttp.OkHttpClient: Vary: Access-Control-Request-Headers
12-08 06:46:36.999 14580 14688 I okhttp.OkHttpClient: X-Content-Type-Options: nosniff
12-08 06:46:36.999 14580 14688 I okhttp.OkHttpClient: X-XSS-Protection: 1; mode=block
12-08 06:46:37.000 14580 14688 I okhttp.OkHttpClient: Cache-Control: no-cache, no-store, max-age=0, must-revalidate
12-08 06:46:37.000 14580 14688 I okhttp.OkHttpClient: Pragma: no-cache
12-08 06:46:37.000 14580 14688 I okhttp.OkHttpClient: Expires: 0
12-08 06:46:37.001 14580 14688 I okhttp.OkHttpClient: X-Frame-Options: DENY
12-08 06:46:37.002 14580 14688 I okhttp.OkHttpClient: Content-Type: application/json
12-08 06:46:37.003 14580 14688 I okhttp.OkHttpClient: Transfer-Encoding: chunked
12-08 06:46:37.006 14580 14688 I okhttp.OkHttpClient: Date: Thu, 08 Dec 2022 11:46:39 GMT
12-08 06:46:37.007 14580 14688 I okhttp.OkHttpClient: Keep-Alive: timeout=60
12-08 06:46:37.007 14580 14688 I okhttp.OkHttpClient: Connection: keep-alive
12-08 06:46:37.009 14580 14688 I okhttp.OkHttpClient: {"id":2,"firstName":"Данил","lastName":"Иванов","middleName":"Данилович","admin":true}
12-08 06:46:37.010 14580 14688 I okhttp.OkHttpClient: <-- END HTTP (106-byte body)
12-08 06:46:37.022 14580 14693 I okhttp.OkHttpClient: --> GET http://www.981757-ca08998.tmweb.ru:8080/fmh/claims
12-08 06:46:37.022 14580 14693 I okhttp.OkHttpClient: --> END GET
12-08 06:46:37.028  1744 14939 E ResolverController: No valid NAT64 prefix (108, <unspecified>/0)
12-08 06:46:37.151 14580 14580 I ViewInteraction: Checking 'MatchesViewAssertion{viewMatcher=(view has effective visibility <VISIBLE> and view.getGlobalVisibleRect() to return non-empty rectangle)}' assertion on view an instance of android.widget.TextView and view.getText() with or without transformation to match: is "News"
12-08 06:46:37.158 14580 14580 I ViewInteraction: Performing 'wait for a specific view with <view.getId() is <2131230951>> during 10000 millis.' action on view view.getRootView() to equal view
12-08 06:46:37.165 14580 14580 I ViewInteraction: Checking 'MatchesViewAssertion{viewMatcher=(view has effective visibility <VISIBLE> and view.getGlobalVisibleRect() to return non-empty rectangle)}' assertion on view view.getId() is <2131230951/ru.iteco.fmhandroid:id/container_list_news_include_on_fragment_main>
12-08 06:46:37.184 14580 14580 I ViewInteraction: Performing 'wait for a specific view with <view.getId() is <2131230949>> during 10000 millis.' action on view view.getRootView() to equal view
12-08 06:46:37.455 14580 14580 I ViewInteraction: Checking 'MatchesViewAssertion{viewMatcher=(view has effective visibility <VISIBLE> and view.getGlobalVisibleRect() to return non-empty rectangle)}' assertion on view view.getId() is <2131230949/ru.iteco.fmhandroid:id/container_list_claim_include_on_fragment_main>
12-08 06:46:37.462 14580 14580 I ViewInteraction: Performing 'wait for a specific view with <an instance of android.widget.TextView and view.getText() with or without transformation to match: is "Claims"> during 10000 millis.' action on view view.getRootView() to equal view
12-08 06:46:37.467 14580 14580 I ViewInteraction: Checking 'MatchesViewAssertion{viewMatcher=(view has effective visibility <VISIBLE> and view.getGlobalVisibleRect() to return non-empty rectangle)}' assertion on view an instance of android.widget.TextView and view.getText() with or without transformation to match: is "Claims"
12-08 06:46:37.471 14580 14580 I ViewInteraction: Performing 'wait for a specific view with <view.getId() is <2131231123/ru.iteco.fmhandroid:id/main_menu_image_button>> during 10000 millis.' action on view view.getRootView() to equal view
12-08 06:46:37.478 14580 14580 I ViewInteraction: Performing 'single click' action on view view.getId() is <2131231123/ru.iteco.fmhandroid:id/main_menu_image_button>
12-08 06:46:37.579  1776  1825 D gralloc_ranchu: gralloc_alloc: Creating ashmem region of size 2015232
12-08 06:46:37.590  1776  1825 I chatty  : uid=1000(system) HwBinder:1776_1 identical 1 line
12-08 06:46:37.595  1776  1825 D gralloc_ranchu: gralloc_alloc: Creating ashmem region of size 2015232
12-08 06:46:37.611 14580 14675 D EGL_emulation: eglMakeCurrent: 0xe593f220: ver 2 0 (tinfo 0xf0cc0370)
12-08 06:46:37.682 14580 14675 I chatty  : uid=10146(ru.iteco.fmhandroid) RenderThread identical 3 lines
12-08 06:46:37.699 14580 14675 D EGL_emulation: eglMakeCurrent: 0xe593f220: ver 2 0 (tinfo 0xf0cc0370)
12-08 06:46:37.921 14580 14580 I ViewInteraction: Performing 'wait for a specific view with <an instance of android.widget.TextView and view.getText() with or without transformation to match: is "Claims"> during 10000 millis.' action on view view.getRootView() to equal view
12-08 06:46:37.926 14580 14580 I ViewInteraction: Performing 'single click' action on view an instance of android.widget.TextView and view.getText() with or without transformation to match: is "Claims"
12-08 06:46:38.063 14580 14709 I okhttp.OkHttpClient: --> GET http://www.981757-ca08998.tmweb.ru:8080/fmh/claims
12-08 06:46:38.064 14580 14709 I okhttp.OkHttpClient: --> END GET
12-08 06:46:38.117 14580 14675 D EGL_emulation: eglMakeCurrent: 0xe593f220: ver 2 0 (tinfo 0xf0cc0370)
12-08 06:46:38.142 14580 14675 D EGL_emulation: eglMakeCurrent: 0xe593f220: ver 2 0 (tinfo 0xf0cc0370)
12-08 06:46:38.355 14580 14580 I ViewInteraction: Performing 'wait for a specific view with <view.getId() is <2131230849/ru.iteco.fmhandroid:id/add_new_claim_material_button>> during 10000 millis.' action on view view.getRootView() to equal view
12-08 06:46:38.359 14580 14580 I ViewInteraction: Performing 'single click' action on view view.getId() is <2131230849/ru.iteco.fmhandroid:id/add_new_claim_material_button>
12-08 06:46:38.429 14580 14688 I okhttp.OkHttpClient: --> GET http://www.981757-ca08998.tmweb.ru:8080/fmh/users
12-08 06:46:38.430 14580 14688 I okhttp.OkHttpClient: --> END GET
12-08 06:46:38.637 14580 14688 I okhttp.OkHttpClient: <-- 200 http://www.981757-ca08998.tmweb.ru:8080/fmh/users (207ms)
12-08 06:46:38.638 14580 14688 I okhttp.OkHttpClient: Vary: Origin
12-08 06:46:38.638 14580 14688 I okhttp.OkHttpClient: Vary: Access-Control-Request-Method
12-08 06:46:38.638 14580 14688 I okhttp.OkHttpClient: Vary: Access-Control-Request-Headers
12-08 06:46:38.638 14580 14688 I okhttp.OkHttpClient: X-Content-Type-Options: nosniff
12-08 06:46:38.638 14580 14688 I okhttp.OkHttpClient: X-XSS-Protection: 1; mode=block
12-08 06:46:38.638 14580 14688 I okhttp.OkHttpClient: Cache-Control: no-cache, no-store, max-age=0, must-revalidate
12-08 06:46:38.639 14580 14688 I okhttp.OkHttpClient: Pragma: no-cache
12-08 06:46:38.639 14580 14688 I okhttp.OkHttpClient: Expires: 0
12-08 06:46:38.639 14580 14688 I okhttp.OkHttpClient: X-Frame-Options: DENY
12-08 06:46:38.640 14580 14688 I okhttp.OkHttpClient: Content-Type: application/json
12-08 06:46:38.641 14580 14688 I okhttp.OkHttpClient: Transfer-Encoding: chunked
12-08 06:46:38.641 14580 14688 I okhttp.OkHttpClient: Date: Thu, 08 Dec 2022 11:46:41 GMT
12-08 06:46:38.642 14580 14688 I okhttp.OkHttpClient: Keep-Alive: timeout=60
12-08 06:46:38.642 14580 14688 I okhttp.OkHttpClient: Connection: keep-alive
12-08 06:46:38.646 14580 14688 I okhttp.OkHttpClient: [{"id":1,"firstName":"Петр","lastName":"Смирнов","middleName":"Петрович","admin":true},{"id":2,"firstName":"Данил","lastName":"Иванов","middleName":"Данилович","admin":true},{"id":3,"firstName":"Егор","lastName":"Петров","middleName":"Егорович","admin":false},{"id":4,"firstName":"Дмитрий","lastName":"Сидоров","middleName":"Дмитриевич","admin":false},{"id":5,"firstName":"Тест","lastName":"Тестов","middleName":"Тестович","admin":true},{"id":6,"firstName":"Diplom","lastName":"Netology","middleName":"QAMID","admin":true}]
12-08 06:46:38.646 14580 14688 I okhttp.OkHttpClient: <-- END HTTP (622-byte body)
12-08 06:46:38.657  1893  1893 E netmgr  : Failed to open QEMU pipe 'qemud:network': Invalid argument
12-08 06:46:38.773 14580 14593 I teco.fmhandroi: Background concurrent copying GC freed 33788(1703KB) AllocSpace objects, 1(16KB) LOS objects, 33% free, 11MB/17MB, paused 1.540ms total 135.691ms
12-08 06:46:38.898 14580 14580 I ViewInteraction: Performing 'wait for a specific view with <view.getId() is <2131231041/ru.iteco.fmhandroid:id/executor_drop_menu_auto_complete_text_view>> during 10000 millis.' action on view view.getRootView() to equal view
12-08 06:46:38.902 14580 14580 I ViewInteraction: Performing 'single click' action on view view.getId() is <2131231041/ru.iteco.fmhandroid:id/executor_drop_menu_auto_complete_text_view>
12-08 06:46:39.032  1776  1825 D gralloc_ranchu: gralloc_alloc: Creating ashmem region of size 4116480
12-08 06:46:39.045  1776  1825 I chatty  : uid=1000(system) HwBinder:1776_1 identical 1 line
12-08 06:46:39.047  1776  1825 D gralloc_ranchu: gralloc_alloc: Creating ashmem region of size 4116480
12-08 06:46:39.053 14580 14675 D EGL_emulation: eglMakeCurrent: 0xe593f220: ver 2 0 (tinfo 0xf0cc0370)
12-08 06:46:39.111 14580 14580 I AssistStructure: Flattened final assist data: 6984 bytes, containing 2 windows, 53 views
12-08 06:46:39.121  2018  2037 D AutofillSession: Starting partition or augmented request for view id 1073741827@1223581660: STARTED_SESSION
12-08 06:46:39.124  2018  2018 D AutofillSession: cancelCurrentRequest(): id = 716
12-08 06:46:39.126  2537  2537 W GInputConnectionWrapper: IPC IC_GET_TEXT_BEFORE_CURSOR_AND_FIX_SELECTION_INDICES took 139 ms
12-08 06:46:39.151 14580 14675 D EGL_emulation: eglMakeCurrent: 0xe593f220: ver 2 0 (tinfo 0xf0cc0370)
12-08 06:46:39.176 14580 14580 I AssistStructure: Flattened final assist data: 6984 bytes, containing 2 windows, 53 views
12-08 06:46:39.186  2656  2656 W ktk     : Pending fill request while another request in the same session was triggered. [CONTEXT service_id=177 ]
12-08 06:46:39.199 14580 14675 D EGL_emulation: eglMakeCurrent: 0xe593f220: ver 2 0 (tinfo 0xf0cc0370)
12-08 06:46:39.203  2537  2537 I KeyboardViewUtil: systemKeyboardHeightRatio:1.000000; userKeyboardHeightRatio:1.000000.
12-08 06:46:39.203  2537  2537 I AndroidIME: LatinIme.onActivate() : EditorInfo = Package = ru.iteco.fmhandroid : Type = Text : Learning = Disable : Suggestion = Show : AutoCorrection = Disable : Microphone = Show : NoPersonalizedLearning = Disable
12-08 06:46:39.217  2537  2537 I Conv2QueryExtension: Current locale: en_US, config allows these locales: de,en,es,fr,it,ms,pt,ta
12-08 06:46:39.217  2537  2537 I Conv2QueryExtension: Conv2Query not enabled due to current app [ru.iteco.fmhandroid] not in whitelist
12-08 06:46:39.217  2537  2537 I Conv2QueryExtension: onActivate() : Disabled by unsupported host app
12-08 06:46:39.237  1776  1825 D gralloc_ranchu: gralloc_alloc: Creating ashmem region of size 9826304
12-08 06:46:39.246  1776  1825 I chatty  : uid=1000(system) HwBinder:1776_1 identical 1 line
12-08 06:46:39.247  1776  1825 D gralloc_ranchu: gralloc_alloc: Creating ashmem region of size 9826304
12-08 06:46:39.249  2170  2566 D EGL_emulation: eglMakeCurrent: 0xe594e040: ver 2 0 (tinfo 0xc52450c0)
12-08 06:46:39.254  2537  8546 D EGL_emulation: eglMakeCurrent: 0xc286ce00: ver 2 0 (tinfo 0xc335ede0)
12-08 06:46:39.276  2018  2051 D AutofillUI: destroySaveUiUiThread(): already destroyed
12-08 06:46:39.348 14580 14675 D EGL_emulation: eglMakeCurrent: 0xe593f220: ver 2 0 (tinfo 0xf0cc0370)
12-08 06:46:39.377  1776  1825 D gralloc_ranchu: gralloc_alloc: Creating ashmem region of size 3072000
12-08 06:46:39.385 14580 14675 D EGL_emulation: eglMakeCurrent: 0xe593f220: ver 2 0 (tinfo 0xf0cc0370)
12-08 06:46:39.399  1776  1825 D gralloc_ranchu: gralloc_alloc: Creating ashmem region of size 3072000
12-08 06:46:39.405 14580 14675 D EGL_emulation: eglMakeCurrent: 0xe593f220: ver 2 0 (tinfo 0xf0cc0370)
12-08 06:46:39.429 14580 14675 D EGL_emulation: eglMakeCurrent: 0xe593f220: ver 2 0 (tinfo 0xf0cc0370)
12-08 06:46:39.440  1776  1825 D gralloc_ranchu: gralloc_alloc: Creating ashmem region of size 3072000
12-08 06:46:39.459 14580 14675 D EGL_emulation: eglMakeCurrent: 0xe593f220: ver 2 0 (tinfo 0xf0cc0370)
12-08 06:46:39.548 14580 14580 I ViewInteraction: Performing 'close keyboard' action on view view.getRootView() to equal view
12-08 06:46:39.557  2537  2537 I PhenotypeExpConfig: refreshConfiguration() : Force = false : UpdateAvailable = false : Age = 154 minutes : MaxAge = 720 minutes
12-08 06:46:39.561  2537  2537 I AndroidIME: LatinIme.onDeactivate()
12-08 06:46:39.574  2537  8546 D EGL_emulation: eglMakeCurrent: 0xc286ce00: ver 2 0 (tinfo 0xc335ede0)
12-08 06:46:39.650  1776  1825 D gralloc_ranchu: gralloc_alloc: Creating ashmem region of size 4116480
12-08 06:46:39.666 14580 14675 D EGL_emulation: eglMakeCurrent: 0xe593f220: ver 2 0 (tinfo 0xf0cc0370)
12-08 06:46:39.682  1776  1825 D gralloc_ranchu: gralloc_alloc: Creating ashmem region of size 4116480
12-08 06:46:39.688 14580 14675 D EGL_emulation: eglMakeCurrent: 0xe593f220: ver 2 0 (tinfo 0xf0cc0370)
12-08 06:46:39.710 14580 14675 D EGL_emulation: eglMakeCurrent: 0xe593f220: ver 2 0 (tinfo 0xf0cc0370)
12-08 06:46:39.722  1776  1825 D gralloc_ranchu: gralloc_alloc: Creating ashmem region of size 4116480
12-08 06:46:39.872 14580 14580 I ViewInteraction: Performing 'single click' action on view an instance of android.widget.TextView and view.getText() with or without transformation to match: is "Иванов Данил Данилович"
12-08 06:46:39.961 14580 14675 D EGL_emulation: eglMakeCurrent: 0xe593f220: ver 2 0 (tinfo 0xf0cc0370)
12-08 06:46:40.041  2018  2693 E InputDispatcher: Window handle Window{bfafed6 u0 PopupWindow:f183c30} has no registered input channel
12-08 06:46:40.148 14580 14580 I ViewInteraction: Performing 'wait for a specific view with <(view.getId() is <2131231402/ru.iteco.fmhandroid:id/title_edit_text> and view.getParent() view.getParent() view.getId() is <2131231406/ru.iteco.fmhandroid:id/title_text_input_layout>)> during 10000 millis.' action on view view.getRootView() to equal view
12-08 06:46:40.152 14580 14580 I ViewInteraction: Performing 'replace text(Заголовок ec0bdabc-f866-4544-8f8a-9be979c75759)' action on view (view.getId() is <2131231402/ru.iteco.fmhandroid:id/title_edit_text> and view.getParent() view.getParent() view.getId() is <2131231406/ru.iteco.fmhandroid:id/title_text_input_layout>)
12-08 06:46:40.187 14580 14580 I ViewInteraction: Performing 'wait for a specific view with <view.getId() is <2131230975/ru.iteco.fmhandroid:id/date_in_plan_text_input_edit_text>> during 10000 millis.' action on view view.getRootView() to equal view
12-08 06:46:40.193 14580 14580 I ViewInteraction: Performing 'single click' action on view view.getId() is <2131230975/ru.iteco.fmhandroid:id/date_in_plan_text_input_edit_text>
12-08 06:46:40.383  1776  1825 D gralloc_ranchu: gralloc_alloc: Creating ashmem region of size 6778880
12-08 06:46:40.395  1776  1825 I chatty  : uid=1000(system) HwBinder:1776_1 identical 1 line
12-08 06:46:40.397  1776  1825 D gralloc_ranchu: gralloc_alloc: Creating ashmem region of size 6778880
12-08 06:46:40.407 14580 14675 D EGL_emulation: eglMakeCurrent: 0xe593f220: ver 2 0 (tinfo 0xf0cc0370)
12-08 06:46:40.684 14580 14675 I chatty  : uid=10146(ru.iteco.fmhandroid) RenderThread identical 14 lines
12-08 06:46:40.702 14580 14675 D EGL_emulation: eglMakeCurrent: 0xe593f220: ver 2 0 (tinfo 0xf0cc0370)
12-08 06:46:40.986 14580 14580 I ViewInteraction: Performing 'wait for a specific view with <is assignable from class <class android.widget.DatePicker>> during 10000 millis.' action on view view.getRootView() to equal view
12-08 06:46:40.989 14580 14580 I ViewInteraction: Checking 'MatchesViewAssertion{viewMatcher=(view has effective visibility <VISIBLE> and view.getGlobalVisibleRect() to return non-empty rectangle)}' assertion on view is assignable from class <class android.widget.DatePicker>
12-08 06:46:40.995 14580 14580 I ViewInteraction: Performing 'wait for a specific view with <is assignable from class <class android.widget.DatePicker>> during 10000 millis.' action on view view.getRootView() to equal view
12-08 06:46:41.000 14580 14580 I ViewInteraction: Performing 'set date' action on view is assignable from class <class android.widget.DatePicker>
12-08 06:46:41.011 14580 14675 D EGL_emulation: eglMakeCurrent: 0xe593f220: ver 2 0 (tinfo 0xf0cc0370)
12-08 06:46:41.027 14580 14580 I ViewInteraction: Performing 'wait for a specific view with <view.getId() is <16908313/android:id/button1>> during 10000 millis.' action on view view.getRootView() to equal view
12-08 06:46:41.033 14580 14580 I ViewInteraction: Performing 'single click' action on view view.getId() is <16908313/android:id/button1>
12-08 06:46:41.121 14580 14675 D EGL_emulation: eglMakeCurrent: 0xe593f220: ver 2 0 (tinfo 0xf0cc0370)
12-08 06:46:41.140  2018  5994 E InputDispatcher: Window handle Window{4d522d4 u0 ru.iteco.fmhandroid/ru.iteco.fmhandroid.ui.AppActivity} has no registered input channel
12-08 06:46:41.147 14580 14675 D EGL_emulation: eglMakeCurrent: 0xe593f220: ver 2 0 (tinfo 0xf0cc0370)
12-08 06:46:41.426 14580 14580 I ViewInteraction: Performing 'wait for a specific view with <(an instance of android.widget.TextView and view.getHint() matching: is "Time" and view.getParent() view.getParent() view.getId() is <2131231399/ru.iteco.fmhandroid:id/time_in_plan_text_input_layout>)> during 10000 millis.' action on view view.getRootView() to equal view
12-08 06:46:41.432 14580 14580 I ViewInteraction: Performing 'single click' action on view (an instance of android.widget.TextView and view.getHint() matching: is "Time" and view.getParent() view.getParent() view.getId() is <2131231399/ru.iteco.fmhandroid:id/time_in_plan_text_input_layout>)
12-08 06:46:41.625  1776  1825 D gralloc_ranchu: gralloc_alloc: Creating ashmem region of size 5718016
12-08 06:46:41.634  1776  1825 I chatty  : uid=1000(system) HwBinder:1776_1 identical 1 line
12-08 06:46:41.638  1776  1825 D gralloc_ranchu: gralloc_alloc: Creating ashmem region of size 5718016
12-08 06:46:41.651 14580 14675 D EGL_emulation: eglMakeCurrent: 0xe593f220: ver 2 0 (tinfo 0xf0cc0370)
12-08 06:46:41.695 14580 14675 I chatty  : uid=10146(ru.iteco.fmhandroid) RenderThread identical 2 lines
12-08 06:46:41.740 14580 14675 D EGL_emulation: eglMakeCurrent: 0xe593f220: ver 2 0 (tinfo 0xf0cc0370)
12-08 06:46:41.813 14580 14693 I okhttp.OkHttpClient: <-- 200 http://www.981757-ca08998.tmweb.ru:8080/fmh/claims (4791ms)
12-08 06:46:41.814 14580 14693 I okhttp.OkHttpClient: Vary: Origin
12-08 06:46:41.814 14580 14693 I okhttp.OkHttpClient: Vary: Access-Control-Request-Method
12-08 06:46:41.814 14580 14693 I okhttp.OkHttpClient: Vary: Access-Control-Request-Headers
12-08 06:46:41.814 14580 14693 I okhttp.OkHttpClient: X-Content-Type-Options: nosniff
12-08 06:46:41.814 14580 14693 I okhttp.OkHttpClient: X-XSS-Protection: 1; mode=block
12-08 06:46:41.814 14580 14693 I okhttp.OkHttpClient: Cache-Control: no-cache, no-store, max-age=0, must-revalidate
12-08 06:46:41.815 14580 14693 I okhttp.OkHttpClient: Pragma: no-cache
12-08 06:46:41.815 14580 14693 I okhttp.OkHttpClient: Expires: 0
12-08 06:46:41.815 14580 14693 I okhttp.OkHttpClient: X-Frame-Options: DENY
12-08 06:46:41.815 14580 14693 I okhttp.OkHttpClient: Content-Type: application/json
12-08 06:46:41.815 14580 14693 I okhttp.OkHttpClient: Transfer-Encoding: chunked
12-08 06:46:41.815 14580 14693 I okhttp.OkHttpClient: Date: Thu, 08 Dec 2022 11:46:44 GMT
12-08 06:46:41.816 14580 14693 I okhttp.OkHttpClient: Keep-Alive: timeout=60
12-08 06:46:41.816 14580 14693 I okhttp.OkHttpClient: Connection: keep-alive
12-08 06:46:41.816 14580 14593 I teco.fmhandroi: NativeAlloc concurrent copying GC freed 82761(3370KB) AllocSpace objects, 3(60KB) LOS objects, 32% free, 12MB/18MB, paused 939us total 110.830ms
12-08 06:46:41.977 14580 14580 I ViewInteraction: Performing 'wait for a specific view with <is assignable from class <class android.widget.TimePicker>> during 10000 millis.' action on view view.getRootView() to equal view
12-08 06:46:41.979 14580 14580 I ViewInteraction: Checking 'MatchesViewAssertion{viewMatcher=(view has effective visibility <VISIBLE> and view.getGlobalVisibleRect() to return non-empty rectangle)}' assertion on view is assignable from class <class android.widget.TimePicker>
12-08 06:46:41.982 14580 14580 I ViewInteraction: Performing 'wait for a specific view with <is assignable from class <class android.widget.TimePicker>> during 10000 millis.' action on view view.getRootView() to equal view
12-08 06:46:41.986 14580 14580 I ViewInteraction: Performing 'set time' action on view is assignable from class <class android.widget.TimePicker>
12-08 06:46:41.988 14580 14580 I ViewInteraction: Performing 'wait for a specific view with <view.getId() is <16908313/android:id/button1>> during 10000 millis.' action on view view.getRootView() to equal view
12-08 06:46:41.993 14580 14580 I ViewInteraction: Performing 'single click' action on view view.getId() is <16908313/android:id/button1>
12-08 06:46:42.046 14580 14675 D EGL_emulation: eglMakeCurrent: 0xe593f220: ver 2 0 (tinfo 0xf0cc0370)
12-08 06:46:42.071 14580 14675 D EGL_emulation: eglMakeCurrent: 0xe593f220: ver 2 0 (tinfo 0xf0cc0370)
12-08 06:46:42.090  2018  2693 E InputDispatcher: Window handle Window{96bd7b3 u0 ru.iteco.fmhandroid/ru.iteco.fmhandroid.ui.AppActivity} has no registered input channel
12-08 06:46:42.093 14580 14675 D EGL_emulation: eglMakeCurrent: 0xe593f220: ver 2 0 (tinfo 0xf0cc0370)
12-08 06:46:42.360 14580 14580 I ViewInteraction: Performing 'wait for a specific view with <(an instance of android.widget.TextView and view.getHint() matching: is "Description" and view.getParent() view.getParent() view.getId() is <2131230988/ru.iteco.fmhandroid:id/description_text_input_layout>)> during 10000 millis.' action on view view.getRootView() to equal view
12-08 06:46:42.364 14580 14580 I ViewInteraction: Performing 'replace text(Описание d88ba4e3-9af7-4ea4-9a22-859b4d1ec42e)' action on view (an instance of android.widget.TextView and view.getHint() matching: is "Description" and view.getParent() view.getParent() view.getId() is <2131230988/ru.iteco.fmhandroid:id/description_text_input_layout>)
12-08 06:46:42.403 14580 14580 I ViewInteraction: Performing 'wait for a specific view with <view.getId() is <2131231291/ru.iteco.fmhandroid:id/save_button>> during 10000 millis.' action on view view.getRootView() to equal view
12-08 06:46:42.406 14580 14580 I ViewInteraction: Performing 'single click' action on view view.getId() is <2131231291/ru.iteco.fmhandroid:id/save_button>
12-08 06:46:42.484 14580 14877 I okhttp.OkHttpClient: --> POST http://www.981757-ca08998.tmweb.ru:8080/fmh/claims
12-08 06:46:42.484 14580 14877 I okhttp.OkHttpClient: Content-Type: application/json; charset=UTF-8
12-08 06:46:42.484 14580 14877 I okhttp.OkHttpClient: Content-Length: 294
12-08 06:46:42.485 14580 14877 I okhttp.OkHttpClient: {"createDate":1670500002,"creatorId":2,"creatorName":"Иванов Данил Дани��ович","description":"Описание d88ba4e3-9af7-4ea4-9a22-859b4d1ec42e","executorId":2,"planExecuteDate":1670499960,"status":"OPEN","title":"Заголовок ec0bdabc-f866-4544-8f8a-9be979c75759"}
12-08 06:46:42.485 14580 14877 I okhttp.OkHttpClient: --> END POST (294-byte body)
12-08 06:46:42.492  1744 14941 E ResolverController: No valid NAT64 prefix (108, <unspecified>/0)
12-08 06:46:42.709 14580 14580 I ViewInteraction: Performing 'wait for a specific view with <view.getId() is <2131230916/ru.iteco.fmhandroid:id/claim_list_recycler_view>> during 10000 millis.' action on view view.getRootView() to equal view
12-08 06:46:42.837 14580 14877 I okhttp.OkHttpClient: <-- 200 http://www.981757-ca08998.tmweb.ru:8080/fmh/claims (351ms)
12-08 06:46:42.837 14580 14877 I okhttp.OkHttpClient: Vary: Origin
12-08 06:46:42.837 14580 14877 I okhttp.OkHttpClient: Vary: Access-Control-Request-Method
12-08 06:46:42.837 14580 14877 I okhttp.OkHttpClient: Vary: Access-Control-Request-Headers
12-08 06:46:42.837 14580 14877 I okhttp.OkHttpClient: X-Content-Type-Options: nosniff
12-08 06:46:42.837 14580 14877 I okhttp.OkHttpClient: X-XSS-Protection: 1; mode=block
12-08 06:46:42.838 14580 14877 I okhttp.OkHttpClient: Cache-Control: no-cache, no-store, max-age=0, must-revalidate
12-08 06:46:42.838 14580 14877 I okhttp.OkHttpClient: Pragma: no-cache
12-08 06:46:42.838 14580 14877 I okhttp.OkHttpClient: Expires: 0
12-08 06:46:42.838 14580 14877 I okhttp.OkHttpClient: X-Frame-Options: DENY
12-08 06:46:42.838 14580 14877 I okhttp.OkHttpClient: Content-Type: application/json
12-08 06:46:42.838 14580 14877 I okhttp.OkHttpClient: Transfer-Encoding: chunked
12-08 06:46:42.838 14580 14877 I okhttp.OkHttpClient: Date: Thu, 08 Dec 2022 11:46:44 GMT
12-08 06:46:42.838 14580 14877 I okhttp.OkHttpClient: Keep-Alive: timeout=60
12-08 06:46:42.838 14580 14877 I okhttp.OkHttpClient: Connection: keep-alive
12-08 06:46:42.839 14580 14877 I okhttp.OkHttpClient: {"id":2748,"title":"Заголовок ec0bdabc-f866-4544-8f8a-9be979c75759","description":"Описание d88ba4e3-9af7-4ea4-9a22-859b4d1ec42e","creatorId":2,"executorId":2,"createDate":1670500002,"planExecuteDate":1670499960,"factExecuteDate":null,"status":"IN_PROGRESS","creatorName":"Иванов Данил Данилович","executorName":"Иванов Данил Данилович"}
12-08 06:46:42.840 14580 14877 I okhttp.OkHttpClient: <-- END HTTP (394-byte body)
12-08 06:46:42.931 14580 14580 I ViewInteraction: Checking 'MatchesViewAssertion{viewMatcher=(view has effective visibility <VISIBLE> and view.getGlobalVisibleRect() to return non-empty rectangle)}' assertion on view view.getId() is <2131230916/ru.iteco.fmhandroid:id/claim_list_recycler_view>
12-08 06:46:42.934 14580 14580 I ViewInteraction: Performing 'scroll RecyclerView to: holder with view: (view is an instance of android.view.ViewGroup and has descendant matching an instance of android.widget.TextView and view.getText() with or without transformation to match: is "Заголовок ec0bdabc-f866-4544-8f8a-9be979c75759")' action on view view.getId() is <2131230916/ru.iteco.fmhandroid:id/claim_list_recycler_view>
12-08 06:46:42.938 14580 14580 D takeScreenshot: Found 1 global views to redraw
12-08 06:46:42.963  1776  1825 D gralloc_ranchu: gralloc_alloc: Creating ashmem region of size 10108928
12-08 06:46:43.006 14580 14628 W DefaultFailureHandler: Failed to take screenshot
12-08 06:46:43.006 14580 14628 W DefaultFailureHandler: java.io.FileNotFoundException: view-op-error-14.png: open failed: EROFS (Read-only file system)
12-08 06:46:43.006 14580 14628 W DefaultFailureHandler: 	at libcore.io.IoBridge.open(IoBridge.java:496)
12-08 06:46:43.006 14580 14628 W DefaultFailureHandler: 	at java.io.FileOutputStream.<init>(FileOutputStream.java:235)
12-08 06:46:43.006 14580 14628 W DefaultFailureHandler: 	at java.io.FileOutputStream.<init>(FileOutputStream.java:125)
12-08 06:46:43.006 14580 14628 W DefaultFailureHandler: 	at androidx.test.platform.io.FileTestStorage.openOutputFile(FileTestStorage.java:60)
12-08 06:46:43.006 14580 14628 W DefaultFailureHandler: 	at androidx.test.core.graphics.BitmapStorage.writeToTestStorage(BitmapStorageExt.kt:49)
12-08 06:46:43.006 14580 14628 W DefaultFailureHandler: 	at androidx.test.espresso.base.DefaultFailureHandler.takeScreenshot(DefaultFailureHandler.java:4)
12-08 06:46:43.006 14580 14628 W DefaultFailureHandler: 	at androidx.test.espresso.base.DefaultFailureHandler.handle(DefaultFailureHandler.java:3)
12-08 06:46:43.006 14580 14628 W DefaultFailureHandler: 	at androidx.test.espresso.ViewInteraction.waitForAndHandleInteractionResults(ViewInteraction.java:8)
12-08 06:46:43.006 14580 14628 W DefaultFailureHandler: 	at androidx.test.espresso.ViewInteraction.desugaredPerform(ViewInteraction.java:11)
12-08 06:46:43.006 14580 14628 W DefaultFailureHandler: 	at androidx.test.espresso.ViewInteraction.perform(ViewInteraction.java:8)
12-08 06:46:43.006 14580 14628 W DefaultFailureHandler: 	at ru.iteco.fmhandroid.ui.steps.ClaimsPageSteps.scrollToElementInRecyclerList(ClaimsPageSteps.java:127)
12-08 06:46:43.006 14580 14628 W DefaultFailureHandler: 	at ru.iteco.fmhandroid.ui.steps.ClaimsPageSteps.openClaimCard(ClaimsPageSteps.java:158)
12-08 06:46:43.006 14580 14628 W DefaultFailureHandler: 	at ru.iteco.fmhandroid.ui.ClaimEditTest.shouldChangeTheStatusOfTheClaimToOpen(ClaimEditTest.java:132)
12-08 06:46:43.006 14580 14628 W DefaultFailureHandler: 	at java.lang.reflect.Method.invoke(Native Method)
12-08 06:46:43.006 14580 14628 W DefaultFailureHandler: 	at org.junit.runners.model.FrameworkMethod$1.runReflectiveCall(FrameworkMethod.java:59)
12-08 06:46:43.006 14580 14628 W DefaultFailureHandler: 	at org.junit.internal.runners.model.ReflectiveCallable.run(ReflectiveCallable.java:12)
12-08 06:46:43.006 14580 14628 W DefaultFailureHandler: 	at org.junit.runners.model.FrameworkMethod.invokeExplosively(FrameworkMethod.java:56)
12-08 06:46:43.006 14580 14628 W DefaultFailureHandler: 	at org.junit.internal.runners.statements.InvokeMethod.evaluate(InvokeMethod.java:17)
12-08 06:46:43.006 14580 14628 W DefaultFailureHandler: 	at androidx.test.internal.runner.junit4.statement.RunBefores.evaluate(RunBefores.java:80)
12-08 06:46:43.006 14580 14628 W DefaultFailureHandler: 	at io.qameta.allure.android.rules.ScreenshotRule$apply$1.evaluate(ScreenshotRule.kt:22)
12-08 06:46:43.006 14580 14628 W DefaultFailureHandler: 	at org.junit.rules.ExternalResource$1.evaluate(ExternalResource.java:54)
12-08 06:46:43.006 14580 14628 W DefaultFailureHandler: 	at io.qameta.allure.android.rules.LogcatRule$apply$1.evaluate(LogcatRule.kt:23)
12-08 06:46:43.006 14580 14628 W DefaultFailureHandler: 	at org.junit.rules.RunRules.evaluate(RunRules.java:20)
12-08 06:46:43.006 14580 14628 W DefaultFailureHandler: 	at org.junit.runners.ParentRunner$3.evaluate(ParentRunner.java:306)
12-08 06:46:43.006 14580 14628 W DefaultFailureHandler: 	at org.junit.runners.BlockJUnit4ClassRunner$1.evaluate(BlockJUnit4ClassRunner.java:100)
12-08 06:46:43.006 14580 14628 W DefaultFailureHandler: 	at org.junit.runners.ParentRunner.runLeaf(ParentRunner.java:366)
12-08 06:46:43.006 14580 14628 W DefaultFailureHandler: 	at org.junit.runners.BlockJUnit4ClassRunner.runChild(BlockJUnit4ClassRunner.java:103)
12-08 06:46:43.006 14580 14628 W DefaultFailureHandler: 	at org.junit.runners.BlockJUnit4ClassRunner.runChild(BlockJUnit4ClassRunner.java:63)
12-08 06:46:43.006 14580 14628 W DefaultFailureHandler: 	at org.junit.runners.ParentRunner$4.run(ParentRunner.java:331)
12-08 06:46:43.006 14580 14628 W DefaultFailureHandler: 	at org.junit.runners.ParentRunner$1.schedule(ParentRunner.java:79)
12-08 06:46:43.006 14580 14628 W DefaultFailureHandler: 	at org.junit.runners.ParentRunner.runChildren(ParentRunner.java:329)
12-08 06:46:43.006 14580 14628 W DefaultFailureHandler: 	at org.junit.runners.ParentRunner.access$100(ParentRunner.java:66)
12-08 06:46:43.006 14580 14628 W DefaultFailureHandler: 	at org.junit.runners.ParentRunner$2.evaluate(ParentRunner.java:293)
12-08 06:46:43.006 14580 14628 W DefaultFailureHandler: 	at org.junit.runners.ParentRunner$3.evaluate(ParentRunner.java:306)
12-08 06:46:43.006 14580 14628 W DefaultFailureHandler: 	at org.junit.runners.ParentRunner.run(ParentRunner.java:413)
12-08 06:46:43.006 14580 14628 W DefaultFailureHandler: 	at androidx.test.ext.junit.runners.AndroidJUnit4.run(AndroidJUnit4.java:162)
12-08 06:46:43.006 14580 14628 W DefaultFailureHandler: 	at io.qameta.allure.android.runners.AllureAndroidJUnit4.run(AllureAndroidJUnitRunners.kt:29)
12-08 06:46:43.006 14580 14628 W DefaultFailureHandler: 	at org.junit.runners.Suite.runChild(Suite.java:128)
12-08 06:46:43.006 14580 14628 W DefaultFailureHandler: 	at org.junit.runners.Suite.runChild(Suite.java:27)
12-08 06:46:43.006 14580 14628 W DefaultFailureHandler: 	at org.junit.runners.ParentRunner$4.run(ParentRunner.java:331)
12-08 06:46:43.006 14580 14628 W DefaultFailureHandler: 	at org.junit.runners.ParentRunner$1.schedule(ParentRunner.java:79)
12-08 06:46:43.006 14580 14628 W DefaultFailureHandler: 	at org.junit.runners.ParentRunner.runChildren(ParentRunner.java:329)
12-08 06:46:43.006 14580 14628 W DefaultFailureHandler: 	at org.junit.runners.ParentRunner.access$100(ParentRunner.java:66)
12-08 06:46:43.006 14580 14628 W DefaultFailureHandler: 	at org.junit.runners.ParentRunner$2.evaluate(ParentRunner.java:293)
12-08 06:46:43.006 14580 14628 W DefaultFailureHandler: 	at org.junit.runners.ParentRunner$3.evaluate(ParentRunner.java:306)
12-08 06:46:43.006 14580 14628 W DefaultFailureHandler: 	at org.junit.runners.ParentRunner.run(ParentRunner.java:413)
12-08 06:46:43.006 14580 14628 W DefaultFailureHandler: 	at org.junit.runner.JUnitCore.run(JUnitCore.java:137)
12-08 06:46:43.006 14580 14628 W DefaultFailureHandler: 	at org.junit.runner.JUnitCore.run(JUnitCore.java:115)
12-08 06:46:43.006 14580 14628 W DefaultFailureHandler: 	at androidx.test.internal.runner.TestExecutor.execute(TestExecutor.java:67)
12-08 06:46:43.006 14580 14628 W DefaultFailureHandler: 	at androidx.test.internal.runner.TestExecutor.execute(TestExecutor.java:58)
12-08 06:46:43.006 14580 14628 W DefaultFailureHandler: 	at androidx.test.runner.AndroidJUnitRunner.onStart(AndroidJUnitRunner.java:438)
12-08 06:46:43.007 14580 14628 W DefaultFailureHandler: 	at android.app.Instrumentation$InstrumentationThread.run(Instrumentation.java:2189)
12-08 06:46:43.007 14580 14628 W DefaultFailureHandler: Caused by: android.system.ErrnoException: open failed: EROFS (Read-only file system)
12-08 06:46:43.007 14580 14628 W DefaultFailureHandler: 	at libcore.io.Linux.open(Native Method)
12-08 06:46:43.007 14580 14628 W DefaultFailureHandler: 	at libcore.io.ForwardingOs.open(ForwardingOs.java:167)
12-08 06:46:43.007 14580 14628 W DefaultFailureHandler: 	at libcore.io.BlockGuardOs.open(BlockGuardOs.java:252)
12-08 06:46:43.007 14580 14628 W DefaultFailureHandler: 	at libcore.io.ForwardingOs.open(ForwardingOs.java:167)
12-08 06:46:43.007 14580 14628 W DefaultFailureHandler: 	at android.app.ActivityThread$AndroidOs.open(ActivityThread.java:7255)
12-08 06:46:43.007 14580 14628 W DefaultFailureHandler: 	at libcore.io.IoBridge.open(IoBridge.java:482)
12-08 06:46:43.007 14580 14628 W DefaultFailureHandler: 	... 51 more
12-08 06:46:43.014  1776  1825 D gralloc_ranchu: gralloc_alloc: Creating ashmem region of size 10108928
12-08 06:46:43.220 14580 14593 I teco.fmhandroi: NativeAlloc concurrent copying GC freed 85703(4264KB) AllocSpace objects, 4(64KB) LOS objects, 29% free, 14MB/20MB, paused 981us total 153.618ms
12-08 06:46:43.290  2018  2358 I ActivityTaskManager: START u0 {act=android.intent.action.MAIN cat=[android.intent.category.LAUNCHER] flg=0x10000000 cmp=ru.iteco.fmhandroid.test/androidx.test.core.app.InstrumentationActivityInvoker$EmptyActivity} from uid 10146
12-08 06:46:43.300 14580 14580 D LifecycleMonitor: Lifecycle status change: ru.iteco.fmhandroid.ui.AppActivity@c3de3db in: PAUSED
12-08 06:46:43.300 14580 14580 V ActivityScenario: Update currentActivityStage to PAUSED, currentActivity=ru.iteco.fmhandroid.ui.AppActivity@c3de3db
12-08 06:46:43.301  2018  2358 W InputReader: Device has associated, but no associated display id.
12-08 06:46:43.310  2018  2358 I chatty  : uid=1000(system) Binder:2018_6 identical 38 lines
12-08 06:46:43.310  2018  2358 W InputReader: Device has associated, but no associated display id.
12-08 06:46:43.311 14639 14639 W ActivityThread: handleWindowVisibility: no activity for token android.os.BinderProxy@db06269
12-08 06:46:43.311 14580 14622 V FA      : Recording user engagement, ms: 18879
12-08 06:46:43.315  2018  2358 W InputReader: Device has associated, but no associated display id.
12-08 06:46:43.385  2018  5994 I ActivityTaskManager: START u0 {act=android.intent.action.MAIN cat=[android.intent.category.LAUNCHER] flg=0x10000000 cmp=ru.iteco.fmhandroid.test/androidx.test.core.app.InstrumentationActivityInvoker$EmptyActivity} from uid 10146
12-08 06:46:43.315  2018  2358 I chatty  : uid=1000(system) Binder:2018_6 identical 8 lines
12-08 06:46:43.315  2018  2358 W InputReader: Device has associated, but no associated display id.
12-08 06:46:43.402 14580 14622 V FA      : Connecting to remote service
12-08 06:46:43.422  1776  1825 D gralloc_ranchu: gralloc_alloc: Creating ashmem region of size 10108928
12-08 06:46:43.429 14580 14622 V FA      : Connection attempt already in progress
12-08 06:46:43.430 14580 14622 V FA      : Activity paused, time: 62779046
12-08 06:46:43.432  1776  1825 D gralloc_ranchu: gralloc_alloc: Creating ashmem region of size 10108928
12-08 06:46:43.434  1776  1825 D gralloc_ranchu: gralloc_alloc: Creating ashmem region of size 10108928
12-08 06:46:43.437 14639 14672 D EGL_emulation: eglMakeCurrent: 0xe594c240: ver 2 0 (tinfo 0xf0c89350)
12-08 06:46:43.474 14580 14622 D FA      : Connected to remote service
12-08 06:46:43.481 14580 14622 V FA      : Processing queued up service tasks: 2
12-08 06:46:43.484  2018  2358 W InputReader: Device has associated, but no associated display id.
12-08 06:46:43.496  2018  2358 I chatty  : uid=1000(system) Binder:2018_6 identical 48 lines
12-08 06:46:43.496  2018  2358 W InputReader: Device has associated, but no associated display id.
12-08 06:46:43.511 14639 14639 W ActivityThread: handleWindowVisibility: no activity for token android.os.BinderProxy@6c26220
12-08 06:46:43.537  2873 14631 V FA-SVC  : Logging event: origin=auto,name=user_engagement(_e),params=Bundle[{ga_event_origin(_o)=auto, engagement_time_msec(_et)=18879, ga_screen_class(_sc)=AppActivity, ga_screen_id(_si)=5711901681289465905}]
12-08 06:46:43.546  2018  2358 W ActivityTaskManager: Duplicate finish request for ActivityRecord{6fa185e u0 ru.iteco.fmhandroid/.ui.AppActivity t381 f}
12-08 06:46:43.580  1776  1825 D gralloc_ranchu: gralloc_alloc: Creating ashmem region of size 10108928
12-08 06:46:43.586  1776  1825 I chatty  : uid=1000(system) HwBinder:1776_1 identical 1 line
12-08 06:46:43.587  1776  1825 D gralloc_ranchu: gralloc_alloc: Creating ashmem region of size 10108928
12-08 06:46:43.590 14639 14672 D EGL_emulation: eglMakeCurrent: 0xe594c240: ver 2 0 (tinfo 0xf0c89350)
12-08 06:46:43.606  2873 14631 V FA-SVC  : Upload scheduled in approximately ms: 2694023
12-08 06:46:43.606  2873 14631 V FA-SVC  : Unscheduling upload
12-08 06:46:43.610  2873 14631 V FA-SVC  : Scheduling upload, millis: 2694023
12-08 06:46:43.616  2873 14631 V FA-SVC  : Background event processing time, ms: 79
12-08 06:46:43.632  2018  2054 W InputReader: Device has associated, but no associated display id.
12-08 06:46:43.633  2018  2054 I chatty  : uid=1000(system) android.anim identical 18 lines
12-08 06:46:43.633  2018  2054 W InputReader: Device has associated, but no associated display id.
12-08 06:46:43.636  2018  2058 I ActivityTaskManager: Displayed ru.iteco.fmhandroid.test/androidx.test.core.app.InstrumentationActivityInvoker$EmptyActivity: +175ms
12-08 06:46:43.648 14580 14675 D EGL_emulation: eglMakeCurrent: 0xe593f220: ver 2 0 (tinfo 0xf0cc0370)
12-08 06:46:43.653  2018  5837 W InputReader: Device has associated, but no associated display id.
12-08 06:46:43.654  2018  5837 I chatty  : uid=1000(system) Binder:2018_16 identical 8 lines
12-08 06:46:43.654  2018  5837 W InputReader: Device has associated, but no associated display id.
12-08 06:46:43.656 14580 14709 I okhttp.OkHttpClient: <-- 200 http://www.981757-ca08998.tmweb.ru:8080/fmh/claims (5592ms)
12-08 06:46:43.657 14580 14709 I okhttp.OkHttpClient: Vary: Origin
12-08 06:46:43.657 14580 14709 I okhttp.OkHttpClient: Vary: Access-Control-Request-Method
12-08 06:46:43.659 14580 14709 I okhttp.OkHttpClient: Vary: Access-Control-Request-Headers
12-08 06:46:43.659 14580 14709 I okhttp.OkHttpClient: X-Content-Type-Options: nosniff
12-08 06:46:43.659 14580 14709 I okhttp.OkHttpClient: X-XSS-Protection: 1; mode=block
12-08 06:46:43.659 14580 14709 I okhttp.OkHttpClient: Cache-Control: no-cache, no-store, max-age=0, must-revalidate
12-08 06:46:43.659 14580 14709 I okhttp.OkHttpClient: Pragma: no-cache
12-08 06:46:43.659 14580 14709 I okhttp.OkHttpClient: Expires: 0
12-08 06:46:43.659 14580 14709 I okhttp.OkHttpClient: X-Frame-Options: DENY
12-08 06:46:43.659 14580 14709 I okhttp.OkHttpClient: Content-Type: application/json
12-08 06:46:43.659 14580 14709 I okhttp.OkHttpClient: Transfer-Encoding: chunked
12-08 06:46:43.659 14580 14709 I okhttp.OkHttpClient: Date: Thu, 08 Dec 2022 11:46:46 GMT
12-08 06:46:43.660 14580 14709 I okhttp.OkHttpClient: Keep-Alive: timeout=60
12-08 06:46:43.660 14580 14709 I okhttp.OkHttpClient: Connection: keep-alive
12-08 06:46:43.716  2018  2037 W InputReader: Device has associated, but no associated display id.
12-08 06:46:43.716  2018  2037 I chatty  : uid=1000(system) Binder:2018_2 identical 8 lines
12-08 06:46:43.716  2018  2037 W InputReader: Device has associated, but no associated display id.
12-08 06:46:43.724 14580 14580 D AutofillManager: onActivityFinishing(): calling cancelLocked()
12-08 06:46:43.724 14580 14580 D LifecycleMonitor: Lifecycle status change: ru.iteco.fmhandroid.ui.AppActivity@c3de3db in: STOPPED
12-08 06:46:43.725 14580 14580 V ActivityScenario: Update currentActivityStage to STOPPED, currentActivity=ru.iteco.fmhandroid.ui.AppActivity@c3de3db
12-08 06:46:43.751 14580 14580 W System.err: ru.iteco.fmhandroid.exceptions.UnknownException
12-08 06:46:43.753  1776  1825 D gralloc_ranchu: gralloc_alloc: Creating ashmem region of size 10108928
12-08 06:46:43.753 14580 14580 W System.err: 	at ru.iteco.fmhandroid.utils.Utils.makeRequest(Utils.kt:123)
12-08 06:46:43.753 14580 14580 W System.err: 	at ru.iteco.fmhandroid.utils.Utils$makeRequest$1.invokeSuspend(Unknown Source:15)
12-08 06:46:43.754 14580 14580 W System.err: 	at kotlin.coroutines.jvm.internal.BaseContinuationImpl.resumeWith(ContinuationImpl.kt:33)
12-08 06:46:43.754 14580 14580 W System.err: 	at kotlinx.coroutines.DispatchedTaskKt.resume(DispatchedTask.kt:234)
12-08 06:46:43.754 14580 14580 W System.err: 	at kotlinx.coroutines.DispatchedTaskKt.resumeUnconfined(DispatchedTask.kt:190)
12-08 06:46:43.757 14580 14580 W System.err: 	at kotlinx.coroutines.DispatchedTaskKt.dispatch(DispatchedTask.kt:161)
12-08 06:46:43.757 14580 14580 W System.err: 	at kotlinx.coroutines.CancellableContinuationImpl.dispatchResume(CancellableContinuationImpl.kt:397)
12-08 06:46:43.758 14580 14580 W System.err: 	at kotlinx.coroutines.CancellableContinuationImpl.cancel(CancellableContinuationImpl.kt:183)
12-08 06:46:43.761 14580 14580 W System.err: 	at kotlinx.coroutines.CancellableContinuationImpl.parentCancelled$kotlinx_coroutines_core(CancellableContinuationImpl.kt:190)
12-08 06:46:43.761 14580 14580 W System.err: 	at kotlinx.coroutines.ChildContinuation.invoke(JobSupport.kt:1474)
12-08 06:46:43.761 14580 14580 W System.err: 	at kotlinx.coroutines.JobSupport.notifyCancelling(JobSupport.kt:1499)
12-08 06:46:43.761 14580 14580 W System.err: 	at kotlinx.coroutines.JobSupport.tryMakeCancelling(JobSupport.kt:795)
12-08 06:46:43.761 14580 14580 W System.err: 	at kotlinx.coroutines.JobSupport.makeCancelling(JobSupport.kt:755)
12-08 06:46:43.762 14580 14580 W System.err: 	at kotlinx.coroutines.JobSupport.cancelImpl$kotlinx_coroutines_core(JobSupport.kt:671)
12-08 06:46:43.762 14580 14580 W System.err: 	at kotlinx.coroutines.JobSupport.parentCancelled(JobSupport.kt:637)
12-08 06:46:43.762 14580 14580 W System.err: 	at kotlinx.coroutines.ChildHandleNode.invoke(JobSupport.kt:1465)
12-08 06:46:43.762 14580 14580 W System.err: 	at kotlinx.coroutines.JobSupport.notifyCancelling(JobSupport.kt:1499)
12-08 06:46:43.763 14580 14580 W System.err: 	at kotlinx.coroutines.JobSupport.tryMakeCompletingSlowPath(JobSupport.kt:900)
12-08 06:46:43.763 14580 14580 W System.err: 	at kotlinx.coroutines.JobSupport.tryMakeCompleting(JobSupport.kt:863)
12-08 06:46:43.763 14580 14580 W System.err: 	at kotlinx.coroutines.JobSupport.cancelMakeCompleting(JobSupport.kt:696)
12-08 06:46:43.764 14580 14580 W System.err: 	at kotlinx.coroutines.JobSupport.cancelImpl$kotlinx_coroutines_core(JobSupport.kt:667)
12-08 06:46:43.764 14580 14580 W System.err: 	at kotlinx.coroutines.JobSupport.cancelInternal(JobSupport.kt:632)
