--------- beginning of main
12-12 11:52:26.593  9457  9457 W teco.fmhandroi: ClassLoaderContext classpath size mismatch. expected=0, found=7 (PCL[] | PCL[/system/framework/android.test.runner.jar*3312018701:/system/framework/android.test.mock.jar*3601177991:/data/app/ru.iteco.fmhandroid.test-scIgmdoWTR54TNn9Ev13vQ==/base.apk*125722370:/data/app/ru.iteco.fmhandroid.test-scIgmdoWTR54TNn9Ev13vQ==/base.apk!classes2.dex*2301094307:/data/app/ru.iteco.fmhandroid.test-scIgmdoWTR54TNn9Ev13vQ==/base.apk!classes3.dex*2736641662:/data/app/ru.iteco.fmhandroid.test-scIgmdoWTR54TNn9Ev13vQ==/base.apk!classes4.dex*2836181453:/data/app/ru.iteco.fmhandroid.test-scIgmdoWTR54TNn9Ev13vQ==/base.apk!classes5.dex*3565028789])
12-12 11:52:26.627  9457  9457 W teco.fmhandroi: Found duplicate classes, falling back to extracting from APK : /data/app/ru.iteco.fmhandroid-R0QVQlEGwG1IVzN-H3bqog==/base.apk
12-12 11:52:26.627  9457  9457 W teco.fmhandroi: NOTE: This wastes RAM and hurts startup performance.
12-12 11:52:26.627  9457  9457 W teco.fmhandroi: Found duplicated class when checking oat files: 'Lcom/google/common/util/concurrent/ListenableFuture;' in /data/app/ru.iteco.fmhandroid-R0QVQlEGwG1IVzN-H3bqog==/base.apk and /data/app/ru.iteco.fmhandroid.test-scIgmdoWTR54TNn9Ev13vQ==/base.apk
12-12 11:52:26.627  9457  9457 W teco.fmhandroi: 
12-12 11:52:27.242  9457  9457 I teco.fmhandroi: The ClassLoaderContext is a special shared library.
12-12 11:52:27.242  9457  9457 I teco.fmhandroi: The ClassLoaderContext is a special shared library.
12-12 11:52:27.525  9457  9457 W teco.fmhandroi: ClassLoaderContext classpath size mismatch. expected=0, found=7 (PCL[] | PCL[/system/framework/android.test.runner.jar*3312018701:/system/framework/android.test.mock.jar*3601177991:/data/app/ru.iteco.fmhandroid.test-scIgmdoWTR54TNn9Ev13vQ==/base.apk*125722370:/data/app/ru.iteco.fmhandroid.test-scIgmdoWTR54TNn9Ev13vQ==/base.apk!classes2.dex*2301094307:/data/app/ru.iteco.fmhandroid.test-scIgmdoWTR54TNn9Ev13vQ==/base.apk!classes3.dex*2736641662:/data/app/ru.iteco.fmhandroid.test-scIgmdoWTR54TNn9Ev13vQ==/base.apk!classes4.dex*2836181453:/data/app/ru.iteco.fmhandroid.test-scIgmdoWTR54TNn9Ev13vQ==/base.apk!classes5.dex*3565028789];PCL[/system/framework/android.test.runner.jar*3312018701:/system/framework/android.test.mock.jar*3601177991:/data/app/ru.iteco.fmhandroid.test-scIgmdoWTR54TNn9Ev13vQ==/base.apk*125722370:/data/app/ru.iteco.fmhandroid.test-scIgmdoWTR54TNn9Ev13vQ==/base.apk!classes2.dex*2301094307:/data/app/ru.iteco.fmhandroid.test-scIgmdoWTR54TNn9Ev13vQ==/base.apk!classes3.dex*2736641662:/data/app/ru.itec
12-12 11:52:27.526  9457  9457 W teco.fmhandroi: Found duplicate classes, falling back to extracting from APK : /data/app/ru.iteco.fmhandroid-R0QVQlEGwG1IVzN-H3bqog==/base.apk
12-12 11:52:27.527  9457  9457 W teco.fmhandroi: NOTE: This wastes RAM and hurts startup performance.
12-12 11:52:27.527  9457  9457 W teco.fmhandroi: Found duplicated class when checking oat files: 'Landroid/support/v4/app/INotificationSideChannel$Default;' in /data/app/ru.iteco.fmhandroid-R0QVQlEGwG1IVzN-H3bqog==/base.apk and /data/app/ru.iteco.fmhandroid-R0QVQlEGwG1IVzN-H3bqog==/base.apk
12-12 11:52:27.527  9457  9457 W teco.fmhandroi: 
12-12 11:52:28.041  9457  9457 W teco.fmhandroi: Accessing hidden method Landroid/app/Instrumentation;->execStartActivity(Landroid/content/Context;Landroid/os/IBinder;Landroid/os/IBinder;Landroid/app/Activity;Landroid/content/Intent;ILandroid/os/Bundle;)Landroid/app/Instrumentation$ActivityResult; (greylist, linking, allowed)
12-12 11:52:28.041  9457  9457 W teco.fmhandroi: Accessing hidden method Landroid/app/Instrumentation;->execStartActivity(Landroid/content/Context;Landroid/os/IBinder;Landroid/os/IBinder;Ljava/lang/String;Landroid/content/Intent;ILandroid/os/Bundle;)Landroid/app/Instrumentation$ActivityResult; (greylist, linking, allowed)
12-12 11:52:28.056  9457  9457 I MonitoringInstr: newApplication called!
12-12 11:52:28.122  9457  9457 I FirebaseApp: Device unlocked: initializing all Firebase APIs for app [DEFAULT]
12-12 11:52:28.144  9457  9457 I FirebaseCrashlytics: Initializing Firebase Crashlytics 18.2.6 for ru.iteco.fmhandroid
12-12 11:52:28.231  9457  9491 I DynamiteModule: Considering local module com.google.android.gms.measurement.dynamite:55 and remote module com.google.android.gms.measurement.dynamite:15
12-12 11:52:28.231  9457  9491 I DynamiteModule: Selected local version of com.google.android.gms.measurement.dynamite
12-12 11:52:28.383  9457  9457 I FirebaseInitProvider: FirebaseApp initialization successful
12-12 11:52:28.424  9457  9457 I MonitoringInstr: Instrumentation started!
12-12 11:52:28.433  9457  9457 D ClassesArgTokenizer: input: ru.iteco.fmhandroid.ui.ClaimsCreationFormTest#shouldCreateAClaimWithoutChoosingExecutor
12-12 11:52:28.435  9457  9457 D ClassesArgTokenizer: result: [ru.iteco.fmhandroid.ui.ClaimsCreationFormTest#shouldCreateAClaimWithoutChoosingExecutor]
12-12 11:52:28.435  9457  9457 D ClassesArgTokenizer: input: null
12-12 11:52:28.435  9457  9457 D ClassesArgTokenizer: result: []
12-12 11:52:28.440  9457  9457 V TestEventClient: No service name argument was given (testDiscoveryService, testRunEventService or orchestratorService)
12-12 11:52:28.458  9457  9501 D AndroidJUnitRunner: onStart is called.
12-12 11:52:28.471  9457  9457 I MonitoringInstr: No JSBridge.
12-12 11:52:28.475  2934  3332 I MicroDetectionWorker: #startMicroDetector [speakerMode: 0]
12-12 11:52:28.478  2934  3332 W ErrorReporter: reportError [type: 211, code: 393244, bug: 0]: errorCode: 393244, engine: 0
12-12 11:52:28.482  2934  3332 I MicroDetector: Keeping mic open: false
12-12 11:52:28.482  2934  3332 I MicroDetectionWorker: #onError(false)
12-12 11:52:28.516  9457  9501 D TestRequestBuilder: Skipping class path scanning and directly running [ru.iteco.fmhandroid.ui.ClaimsCreationFormTest]
12-12 11:52:28.516  9457  9501 I teco.fmhandroi: Waiting for a blocking GC ClassLinker
12-12 11:52:28.533  9457  9501 D ClassesArgTokenizer: input: ru.iteco.fmhandroid.ui.ClaimsCreationFormTest#shouldCreateAClaimWithoutChoosingExecutor
12-12 11:52:28.535  9457  9501 D ClassesArgTokenizer: result: [ru.iteco.fmhandroid.ui.ClaimsCreationFormTest#shouldCreateAClaimWithoutChoosingExecutor]
12-12 11:52:28.535  9457  9501 D ClassesArgTokenizer: input: null
12-12 11:52:28.535  9457  9501 D ClassesArgTokenizer: result: []
12-12 11:52:28.548  9457  9495 V FA      : App measurement collection enabled
12-12 11:52:28.548  9457  9495 V FA      : App measurement enabled for app package, google app id: ru.iteco.fmhandroid, 1:729587742060:android:e7d6f87c783f52b9a42f49
12-12 11:52:28.552  9457  9495 I FA      : App measurement initialized, version: 46000
12-12 11:52:28.552  9457  9495 I FA      : To enable debug logging run: adb shell setprop log.tag.FA VERBOSE
12-12 11:52:28.552  9457  9495 I FA      : To enable faster debug mode event logging run:
12-12 11:52:28.552  9457  9495 I FA      :   adb shell setprop debug.firebase.analytics.app ru.iteco.fmhandroid
12-12 11:52:28.552  9457  9495 D FA      : Debug-level message logging enabled
12-12 11:52:28.575  9457  9501 D AndroidJUnitRunner: Use the raw file system for managing file I/O.
12-12 11:52:28.586  9457  9501 D TestExecutor: Adding listener androidx.test.internal.runner.listener.LogRunListener
12-12 11:52:28.587  9457  9501 D TestExecutor: Adding listener androidx.test.internal.runner.listener.InstrumentationResultPrinter
12-12 11:52:28.587  9457  9501 D TestExecutor: Adding listener androidx.test.internal.runner.listener.ActivityFinisherRunListener
12-12 11:52:28.587  9457  9501 D TestExecutor: Adding listener androidx.test.internal.runner.listener.TraceRunListener
12-12 11:52:28.599  9457  9501 I TestRunner: run started: 1 tests
12-12 11:52:28.642  9457  9495 V FA      : Connecting to remote service
12-12 11:52:28.688  9457  9495 V FA      : Connection attempt already in progress
12-12 11:52:28.698  9457  9501 I TestRunner: started: shouldCreateAClaimWithoutChoosingExecutor(ru.iteco.fmhandroid.ui.ClaimsCreationFormTest)
12-12 11:52:28.704  9457  9495 V FA      : Connection attempt already in progress
12-12 11:52:28.706  9457  9495 D FA      : Connected to remote service
12-12 11:52:28.708  9457  9495 V FA      : Processing queued up service tasks: 3
12-12 11:52:28.781  2861  9504 V FA-SVC  : Saving default event parameters, appId, data size: ru.iteco.fmhandroid, 2
12-12 11:52:28.928  1745  9505 E ResolverController: No valid NAT64 prefix (100, <unspecified>/0)
--------- beginning of system
12-12 11:52:29.025  2009  2009 V SettingsProvider: Notifying for 0: content://settings/secure/accessibility_enabled
12-12 11:52:29.092  9457  9501 W Settings: Setting always_finish_activities has moved from android.provider.Settings.System to android.provider.Settings.Global, returning read-only value.
12-12 11:52:29.107  2009  6341 I ActivityTaskManager: START u0 {act=android.intent.action.MAIN cat=[android.intent.category.LAUNCHER] flg=0x10008000 cmp=ru.iteco.fmhandroid.test/androidx.test.core.app.InstrumentationActivityInvoker$BootstrapActivity (has extras)} from uid 10146
12-12 11:52:29.132  2009  2031 W InputReader: Device has associated, but no associated display id.
12-12 11:52:29.132  2009  2031 I chatty  : uid=1000(system) Binder:2009_2 identical 8 lines
12-12 11:52:29.132  2009  2031 W InputReader: Device has associated, but no associated display id.
12-12 11:52:29.177  1776  1920 D gralloc_ranchu: gralloc_alloc: Creating ashmem region of size 10108928
12-12 11:52:29.195  1746  1746 D Zygote  : Forked child process 9512
12-12 11:52:29.231  9512  9512 I fmhandroid.tes: Late-enabling -Xcheck:jni
12-12 11:52:29.232  2009  2049 W ActivityManager: Slow operation: 97ms so far, now at startProcess: returned from zygote!
12-12 11:52:29.232  2009  2049 W ActivityManager: Slow operation: 97ms so far, now at startProcess: done updating battery stats
12-12 11:52:29.232  2009  2049 W ActivityManager: Slow operation: 98ms so far, now at startProcess: building log message
12-12 11:52:29.232  2009  2049 I ActivityManager: Start proc 9512:ru.iteco.fmhandroid.test/u0a147 for activity {ru.iteco.fmhandroid.test/androidx.test.core.app.InstrumentationActivityInvoker$BootstrapActivity}
12-12 11:52:29.232  2009  2049 W ActivityManager: Slow operation: 98ms so far, now at startProcess: starting to update pids map
12-12 11:52:29.232  2009  2049 W ActivityManager: Slow operation: 98ms so far, now at startProcess: done updating pids map
12-12 11:52:29.298  9512  9512 E fmhandroid.tes: Unknown bits set in runtime_flags: 0x8000
12-12 11:52:29.299  9512  9512 W fmhandroid.tes: Unexpected CPU variant for X86 using defaults: x86
12-12 11:52:29.369  2009  6341 W InputReader: Device has associated, but no associated display id.
12-12 11:52:29.387  2009  6341 I chatty  : uid=1000(system) Binder:2009_19 identical 28 lines
12-12 11:52:29.388  2009  6341 W InputReader: Device has associated, but no associated display id.
12-12 11:52:29.401  2009  2043 W InputReader: Device has associated, but no associated display id.
12-12 11:52:29.401  2009  2043 I chatty  : uid=1000(system) android.anim identical 8 lines
12-12 11:52:29.401  2009  2043 W InputReader: Device has associated, but no associated display id.
12-12 11:52:29.421  2934  3550 D EGL_emulation: eglMakeCurrent: 0xb4f69600: ver 2 0 (tinfo 0xb7b06800)
12-12 11:52:29.422  1776  1920 D gralloc_ranchu: gralloc_alloc: Creating ashmem region of size 10108928
12-12 11:52:29.426  2484  3096 D EGL_emulation: eglMakeCurrent: 0xe7a7f6a0: ver 2 0 (tinfo 0xdc8104f0)
12-12 11:52:29.427  2161  2570 D EGL_emulation: eglMakeCurrent: 0xe7a7fbe0: ver 2 0 (tinfo 0xd11aea40)
12-12 11:52:29.457  9512  9512 I fmhandroid.tes: The ClassLoaderContext is a special shared library.
12-12 11:52:29.463  9512  9512 I fmhandroid.tes: The ClassLoaderContext is a special shared library.
12-12 11:52:29.815  1792  1898 E SurfaceFlinger: ro.sf.lcd_density must be defined as a build property
12-12 11:52:29.818  1792  1898 E SurfaceFlinger: ro.sf.lcd_density must be defined as a build property
12-12 11:52:29.825  9512  9545 D libEGL  : Emulator has host GPU support, qemu.gles is set to 1.
12-12 11:52:29.826  9512  9545 W libc    : Unable to set property "qemu.gles" to "1": connection failed; errno=13 (Permission denied)
12-12 11:52:29.817  9512  9512 W RenderThread: type=1400 audit(0.0:66): avc: denied { write } for name="property_service" dev="tmpfs" ino=9420 scontext=u:r:untrusted_app:s0:c147,c256,c512,c768 tcontext=u:object_r:property_socket:s0 tclass=sock_file permissive=0 app=ru.iteco.fmhandroid.test
12-12 11:52:29.861  9512  9545 D libEGL  : loaded /vendor/lib/egl/libEGL_emulation.so
12-12 11:52:29.870  9512  9545 D libEGL  : loaded /vendor/lib/egl/libGLESv1_CM_emulation.so
12-12 11:52:29.877  9512  9545 D libEGL  : loaded /vendor/lib/egl/libGLESv2_emulation.so
12-12 11:52:29.911  2009  6341 I ActivityTaskManager: START u0 {act=android.intent.action.MAIN cat=[android.intent.category.LAUNCHER] cmp=ru.iteco.fmhandroid/.ui.AppActivity} from uid 10146
12-12 11:52:29.928  2009  6341 W InputReader: Device has associated, but no associated display id.
12-12 11:52:29.936  2009  6341 I chatty  : uid=1000(system) Binder:2009_19 identical 38 lines
12-12 11:52:29.936  2009  6341 W InputReader: Device has associated, but no associated display id.
12-12 11:52:29.937  9457  9457 W ActivityThread: handleWindowVisibility: no activity for token android.os.BinderProxy@e68a4f6
12-12 11:52:29.939  2009  6341 W InputReader: Device has associated, but no associated display id.
12-12 11:52:29.944  2009  6341 I chatty  : uid=1000(system) Binder:2009_19 identical 18 lines
12-12 11:52:29.944  2009  6341 W InputReader: Device has associated, but no associated display id.
12-12 11:52:30.002  2934  8593 I PBSessionCacheImpl: Deleted sessionId[703903225589] from persistence.
12-12 11:52:30.007  1792  1897 E SurfaceFlinger: ro.sf.lcd_density must be defined as a build property
12-12 11:52:30.009  1792  1897 E SurfaceFlinger: ro.sf.lcd_density must be defined as a build property
12-12 11:52:30.017  9457  9549 D libEGL  : Emulator has host GPU support, qemu.gles is set to 1.
12-12 11:52:30.017  9457  9549 W libc    : Unable to set property "qemu.gles" to "1": connection failed; errno=13 (Permission denied)
12-12 11:52:30.007  9457  9457 W RenderThread: type=1400 audit(0.0:67): avc: denied { write } for name="property_service" dev="tmpfs" ino=9420 scontext=u:r:untrusted_app:s0:c146,c256,c512,c768 tcontext=u:object_r:property_socket:s0 tclass=sock_file permissive=0 app=ru.iteco.fmhandroid
12-12 11:52:30.040  2934  3332 W SearchServiceCore: Abort, client detached.
12-12 11:52:30.089  9457  9549 D libEGL  : loaded /vendor/lib/egl/libEGL_emulation.so
12-12 11:52:30.094  9457  9549 D libEGL  : loaded /vendor/lib/egl/libGLESv1_CM_emulation.so
12-12 11:52:30.097  9457  9549 D libEGL  : loaded /vendor/lib/egl/libGLESv2_emulation.so
12-12 11:52:30.140  9457  9457 D LifecycleMonitor: Lifecycle status change: ru.iteco.fmhandroid.ui.AppActivity@bb51593 in: PRE_ON_CREATE
12-12 11:52:30.142  9457  9457 V ActivityScenario: Activity lifecycle changed event received but ignored because the reported transition was not ON_CREATE while the last known transition was PRE_ON_CREATE
12-12 11:52:30.175  9457  9491 V FA      : onActivityCreated
12-12 11:52:30.183  9457  9457 E teco.fmhandroi: Invalid ID 0x00000000.
12-12 11:52:30.233  9457  9457 W teco.fmhandroi: Accessing hidden method Landroid/view/View;->computeFitSystemWindows(Landroid/graphics/Rect;Landroid/graphics/Rect;)Z (greylist, reflection, allowed)
12-12 11:52:30.234  9457  9457 W teco.fmhandroi: Accessing hidden method Landroid/view/ViewGroup;->makeOptionalFitsSystemWindows()V (greylist, reflection, allowed)
12-12 11:52:30.523  9457  9457 D NetworkSecurityConfig: No Network Security Config specified, using platform default
12-12 11:52:30.546  9457  9457 W teco.fmhandroi: Accessing hidden method Ljava/lang/invoke/MethodHandles$Lookup;-><init>(Ljava/lang/Class;I)V (greylist, reflection, allowed)
12-12 11:52:30.809  9457  9457 D LifecycleMonitor: Lifecycle status change: ru.iteco.fmhandroid.ui.AppActivity@bb51593 in: CREATED
12-12 11:52:30.810  9457  9457 V ActivityScenario: Update currentActivityStage to CREATED, currentActivity=ru.iteco.fmhandroid.ui.AppActivity@bb51593
12-12 11:52:31.052  9457  9457 D LifecycleMonitor: Lifecycle status change: ru.iteco.fmhandroid.ui.AppActivity@bb51593 in: STARTED
12-12 11:52:31.053  9457  9457 V ActivityScenario: Update currentActivityStage to STARTED, currentActivity=ru.iteco.fmhandroid.ui.AppActivity@bb51593
12-12 11:52:31.059  9457  9457 D LifecycleMonitor: Lifecycle status change: ru.iteco.fmhandroid.ui.AppActivity@bb51593 in: RESUMED
12-12 11:52:31.060  9457  9457 V ActivityScenario: Update currentActivityStage to RESUMED, currentActivity=ru.iteco.fmhandroid.ui.AppActivity@bb51593
12-12 11:52:31.061  9457  9495 V FA      : Activity resumed, time: 3376737
12-12 11:52:31.085  9457  9501 W FileTestStorage: Output properties is not supported.
12-12 11:52:31.087  9457  9501 I Tracing : Tracer added: class androidx.test.platform.tracing.AndroidXTracer
12-12 11:52:31.095  9457  9495 I FA      : Tag Manager is not found and thus will not be used
12-12 11:52:31.129  9457  9501 D EventInjectionStrategy: Creating injection strategy with input manager.
12-12 11:52:31.130  9457  9501 W teco.fmhandroi: Accessing hidden method Landroid/hardware/input/InputManager;->getInstance()Landroid/hardware/input/InputManager; (greylist, reflection, allowed)
12-12 11:52:31.130  9457  9501 W teco.fmhandroi: Accessing hidden method Landroid/hardware/input/InputManager;->injectInputEvent(Landroid/view/InputEvent;I)Z (greylist, reflection, allowed)
12-12 11:52:31.130  9457  9501 W teco.fmhandroi: Accessing hidden field Landroid/hardware/input/InputManager;->INJECT_INPUT_EVENT_MODE_WAIT_FOR_FINISH:I (greylist, reflection, allowed)
12-12 11:52:31.182  9457  9547 D HostConnection: HostConnection::get() New Host Connection established 0xd4757d20, tid 9547
12-12 11:52:31.185  9457  9547 D HostConnection: HostComposition ext ANDROID_EMU_CHECKSUM_HELPER_v1 ANDROID_EMU_dma_v1 ANDROID_EMU_direct_mem ANDROID_EMU_host_composition_v1 ANDROID_EMU_host_composition_v2 ANDROID_EMU_vulkan ANDROID_EMU_deferred_vulkan_commands ANDROID_EMU_vulkan_null_optional_strings ANDROID_EMU_vulkan_create_resources_with_requirements ANDROID_EMU_YUV_Cache ANDROID_EMU_vulkan_ignored_handles ANDROID_EMU_vulkan_free_memory_sync ANDROID_EMU_vulkan_shader_float16_int8 ANDROID_EMU_vulkan_async_queue_submit ANDROID_EMU_sync_buffer_data GL_OES_vertex_array_object GL_KHR_texture_compression_astc_ldr ANDROID_EMU_host_side_tracing ANDROID_EMU_gles_max_version_2 
12-12 11:52:31.194  9457  9547 W OpenGLRenderer: Failed to choose config with EGL_SWAP_BEHAVIOR_PRESERVED, retrying without...
12-12 11:52:31.240  9457  9547 D EGL_emulation: eglCreateContext: 0xd471b6e0: maj 2 min 0 rcv 2
12-12 11:52:31.243  2861  9504 V FA-SVC  : Logging event: origin=auto,name=screen_view(_vs),params=Bundle[{ga_event_origin(_o)=auto, ga_screen_class(_sc)=AppActivity, ga_screen_id(_si)=4846310495851520048}]
12-12 11:52:31.245  9457  9547 D EGL_emulation: eglMakeCurrent: 0xd471b6e0: ver 2 0 (tinfo 0xba0740b0)
12-12 11:52:31.257  1776  1920 D gralloc_ranchu: gralloc_alloc: Creating ashmem region of size 10108928
12-12 11:52:31.260  1650  1650 I hwservicemanager: getTransport: Cannot find entry android.hardware.graphics.mapper@3.0::IMapper/default in either framework or device manifest.
12-12 11:52:31.261  9457  9547 W Gralloc3: mapper 3.x is not supported
12-12 11:52:31.263  9457  9547 D HostConnection: createUnique: call
12-12 11:52:31.263  9457  9547 D HostConnection: HostConnection::get() New Host Connection established 0xd4758130, tid 9547
12-12 11:52:31.264  9457  9547 D HostConnection: HostComposition ext ANDROID_EMU_CHECKSUM_HELPER_v1 ANDROID_EMU_dma_v1 ANDROID_EMU_direct_mem ANDROID_EMU_host_composition_v1 ANDROID_EMU_host_composition_v2 ANDROID_EMU_vulkan ANDROID_EMU_deferred_vulkan_commands ANDROID_EMU_vulkan_null_optional_strings ANDROID_EMU_vulkan_create_resources_with_requirements ANDROID_EMU_YUV_Cache ANDROID_EMU_vulkan_ignored_handles ANDROID_EMU_vulkan_free_memory_sync ANDROID_EMU_vulkan_shader_float16_int8 ANDROID_EMU_vulkan_async_queue_submit ANDROID_EMU_sync_buffer_data GL_OES_vertex_array_object GL_KHR_texture_compression_astc_ldr ANDROID_EMU_host_side_tracing ANDROID_EMU_gles_max_version_2 
12-12 11:52:31.264  9457  9547 D eglCodecCommon: allocate: Ask for block of size 0x1000
12-12 11:52:31.264  9457  9547 D eglCodecCommon: allocate: ioctl allocate returned offset 0x3ff64b000 size 0x2000
12-12 11:52:31.267  1776  1920 D gralloc_ranchu: gralloc_alloc: Creating ashmem region of size 10108928
12-12 11:52:31.269  1776  1920 D gralloc_ranchu: gralloc_alloc: Creating ashmem region of size 10108928
12-12 11:52:31.272  2861  9504 V FA-SVC  : Upload scheduled in approximately ms: 3343314
12-12 11:52:31.272  2861  9504 V FA-SVC  : Unscheduling upload
12-12 11:52:31.273  9457  9547 D EGL_emulation: eglMakeCurrent: 0xd471b6e0: ver 2 0 (tinfo 0xba0740b0)
12-12 11:52:31.282  2861  9504 V FA-SVC  : Scheduling upload, millis: 3343314
12-12 11:52:31.289  2861  9504 V FA-SVC  : Background event processing time, ms: 47
12-12 11:52:31.379  2161  2570 D EGL_emulation: eglMakeCurrent: 0xe7a7fbe0: ver 2 0 (tinfo 0xd11aea40)
12-12 11:52:31.410  2009  2047 I ActivityTaskManager: Displayed ru.iteco.fmhandroid/.ui.AppActivity: +2s255ms
12-12 11:52:31.417  9457  9501 W FileTestStorage: Test input args is not supported.
12-12 11:52:31.447  9457  9501 W teco.fmhandroi: Accessing hidden method Lsun/misc/Unsafe;->getUnsafe()Lsun/misc/Unsafe; (greylist,core-platform-api, linking, allowed)
12-12 11:52:31.447  9457  9501 W teco.fmhandroi: Accessing hidden method Lsun/misc/Unsafe;->objectFieldOffset(Ljava/lang/reflect/Field;)J (greylist,core-platform-api, linking, allowed)
12-12 11:52:31.451  9457  9501 W teco.fmhandroi: Accessing hidden method Lsun/misc/Unsafe;->putObject(Ljava/lang/Object;JLjava/lang/Object;)V (greylist, linking, allowed)
12-12 11:52:31.469  9457  9501 W teco.fmhandroi: Accessing hidden method Lsun/misc/Unsafe;->compareAndSwapObject(Ljava/lang/Object;JLjava/lang/Object;Ljava/lang/Object;)Z (greylist, linking, allowed)
12-12 11:52:31.469  9457  9501 W teco.fmhandroi: Accessing hidden method Lsun/misc/Unsafe;->getObject(Ljava/lang/Object;J)Ljava/lang/Object; (greylist, linking, allowed)
12-12 11:52:31.477  9457  9457 W teco.fmhandroi: Accessing hidden method Landroid/os/MessageQueue;->next()Landroid/os/Message; (greylist, reflection, allowed)
12-12 11:52:31.478  9457  9457 W teco.fmhandroi: Accessing hidden field Landroid/os/MessageQueue;->mMessages:Landroid/os/Message; (greylist, reflection, allowed)
12-12 11:52:31.478  9457  9457 W teco.fmhandroi: Accessing hidden method Landroid/os/Message;->recycleUnchecked()V (greylist, reflection, allowed)
12-12 11:52:31.489  9457  9457 W teco.fmhandroi: Accessing hidden method Landroid/view/WindowManagerGlobal;->getInstance()Landroid/view/WindowManagerGlobal; (greylist, reflection, allowed)
12-12 11:52:31.489  9457  9457 W teco.fmhandroi: Accessing hidden field Landroid/view/WindowManagerGlobal;->mViews:Ljava/util/ArrayList; (greylist, reflection, allowed)
12-12 11:52:31.489  9457  9457 W teco.fmhandroi: Accessing hidden field Landroid/view/WindowManagerGlobal;->mParams:Ljava/util/ArrayList; (greylist, reflection, allowed)
12-12 11:52:31.502  9457  9457 I ViewInteraction: Performing 'wait for a specific view with <(an instance of android.widget.TextView and view.getText() with or without transformation to match: is "Authorization" and view.getParent() view.getParent() view.getId() is <2131231186>)> during 10000 millis.' action on view view.getRootView() to equal view
12-12 11:52:34.059  9457  9457 W teco.fmhandroi: Accessing hidden field Lsun/misc/Unsafe;->theUnsafe:Lsun/misc/Unsafe; (greylist, reflection, allowed)
12-12 11:52:34.060  9457  9457 W teco.fmhandroi: Accessing hidden method Lsun/misc/Unsafe;->allocateInstance(Ljava/lang/Class;)Ljava/lang/Object; (greylist, reflection, allowed)
12-12 11:52:34.092  9457  9558 I okhttp.OkHttpClient: --> GET http://www.981757-ca08998.tmweb.ru:8080/fmh/authentication/userInfo
12-12 11:52:34.093  9457  9558 I okhttp.OkHttpClient: --> END GET
12-12 11:52:34.115  1745  9559 E ResolverController: No valid NAT64 prefix (100, <unspecified>/0)
12-12 11:52:34.583  9457  9558 I okhttp.OkHttpClient: <-- 200 http://www.981757-ca08998.tmweb.ru:8080/fmh/authentication/userInfo (489ms)
12-12 11:52:34.583  9457  9558 I okhttp.OkHttpClient: Vary: Origin
12-12 11:52:34.583  9457  9558 I okhttp.OkHttpClient: Vary: Access-Control-Request-Method
12-12 11:52:34.584  9457  9558 I okhttp.OkHttpClient: Vary: Access-Control-Request-Headers
12-12 11:52:34.584  9457  9558 I okhttp.OkHttpClient: X-Content-Type-Options: nosniff
12-12 11:52:34.584  9457  9558 I okhttp.OkHttpClient: X-XSS-Protection: 1; mode=block
12-12 11:52:34.584  9457  9558 I okhttp.OkHttpClient: Cache-Control: no-cache, no-store, max-age=0, must-revalidate
12-12 11:52:34.584  9457  9558 I okhttp.OkHttpClient: Pragma: no-cache
12-12 11:52:34.584  9457  9558 I okhttp.OkHttpClient: Expires: 0
12-12 11:52:34.585  9457  9558 I okhttp.OkHttpClient: X-Frame-Options: DENY
12-12 11:52:34.585  9457  9558 I okhttp.OkHttpClient: Content-Type: application/json
12-12 11:52:34.585  9457  9558 I okhttp.OkHttpClient: Transfer-Encoding: chunked
12-12 11:52:34.585  9457  9558 I okhttp.OkHttpClient: Date: Mon, 12 Dec 2022 11:52:36 GMT
12-12 11:52:34.585  9457  9558 I okhttp.OkHttpClient: Keep-Alive: timeout=60
12-12 11:52:34.586  9457  9558 I okhttp.OkHttpClient: Connection: keep-alive
12-12 11:52:34.591  9457  9558 I okhttp.OkHttpClient: {"id":1,"firstName":"Ivan","lastName":"Ivanov","middleName":"Ivanovich","admin":true}
12-12 11:52:34.591  9457  9558 I okhttp.OkHttpClient: <-- END HTTP (85-byte body)
12-12 11:52:34.660  9457  9562 I okhttp.OkHttpClient: --> GET http://www.981757-ca08998.tmweb.ru:8080/fmh/claims
12-12 11:52:34.660  9457  9562 I okhttp.OkHttpClient: --> END GET
12-12 11:52:34.980  9457  9562 I okhttp.OkHttpClient: <-- 200 http://www.981757-ca08998.tmweb.ru:8080/fmh/claims (319ms)
12-12 11:52:34.980  9457  9562 I okhttp.OkHttpClient: Vary: Origin
12-12 11:52:34.980  9457  9562 I okhttp.OkHttpClient: Vary: Access-Control-Request-Method
12-12 11:52:34.980  9457  9562 I okhttp.OkHttpClient: Vary: Access-Control-Request-Headers
12-12 11:52:34.981  9457  9562 I okhttp.OkHttpClient: X-Content-Type-Options: nosniff
12-12 11:52:34.981  9457  9562 I okhttp.OkHttpClient: X-XSS-Protection: 1; mode=block
12-12 11:52:34.981  9457  9562 I okhttp.OkHttpClient: Cache-Control: no-cache, no-store, max-age=0, must-revalidate
12-12 11:52:34.981  9457  9562 I okhttp.OkHttpClient: Pragma: no-cache
12-12 11:52:34.981  9457  9562 I okhttp.OkHttpClient: Expires: 0
12-12 11:52:34.981  9457  9562 I okhttp.OkHttpClient: X-Frame-Options: DENY
12-12 11:52:34.982  9457  9562 I okhttp.OkHttpClient: Content-Type: application/json
12-12 11:52:34.983  9457  9562 I okhttp.OkHttpClient: Transfer-Encoding: chunked
12-12 11:52:34.983  9457  9562 I okhttp.OkHttpClient: Date: Mon, 12 Dec 2022 11:52:36 GMT
12-12 11:52:34.983  9457  9562 I okhttp.OkHttpClient: Keep-Alive: timeout=60
12-12 11:52:34.983  9457  9562 I okhttp.OkHttpClient: Connection: keep-alive
12-12 11:52:34.985  9457  9562 I okhttp.OkHttpClient: [{"id":1,"title":"Claim 123","description":"123","creatorId":1,"executorId":1,"createDate":1670755198,"planExecuteDate":1670755140,"factExecuteDate":null,"status":"IN_PROGRESS","creatorName":"Ivanov Ivan Ivanovich","executorName":"Ivanov Ivan Ivanovich"},{"id":2,"title":"Заголовок 2c46380b-5d43-44f2-a02c-41b8c09710c2","description":"Описание 588c11cc-6a11-4eec-ae49-0f630caace41","creatorId":1,"executorId":null,"createDate":1670845808,"planExecuteDate":1670845740,"factExecuteDate":null,"status":"OPEN","creatorName":"Ivanov Ivan Ivanovich","executorName":null}]
12-12 11:52:34.985  9457  9562 I okhttp.OkHttpClient: <-- END HTTP (582-byte body)
12-12 11:52:35.229  8263  8338 I LogUtils: [Places]: ?: Couldn't find platform key file. [CONTEXT service_id=253 ]
12-12 11:52:35.236  8263  8338 I LogUtils: [Places]: ?: Couldn't find platform key file. [CONTEXT service_id=253 ]
12-12 11:52:35.289  8263  9379 I LogUtils: [Places]: ?: PlacesBleScanner stop() [CONTEXT service_id=253 ]
12-12 11:52:35.291  8263  8263 I BeaconBle: Scan : No clients left, canceling alarm. [CONTEXT service_id=111 ]
12-12 11:52:35.292  8263  8263 I BeaconBle: Scan canceled successfully. [CONTEXT service_id=111 ]
12-12 11:52:35.306  8263  9379 I PlacesLogger: [PlaceInferenceEngine]: [anon] Changed inference mode: 0 [CONTEXT service_id=253 ]
12-12 11:52:35.361  8263  8345 W GCoreFlp: No location to return for getLastLocation()
12-12 11:52:35.414  8263  8338 I LogUtils: [Places]: ?: Couldn't find platform key file. [CONTEXT service_id=253 ]
12-12 11:52:35.421  8263  9568 I LogUtils: [Places]: ?: Couldn't find platform key file. [CONTEXT service_id=253 ]
12-12 11:52:35.533  9457  9457 I Choreographer: Skipped 54 frames!  The application may be doing too much work on its main thread.
12-12 11:52:35.567  8263  8263 I GeofencerStateMachine: removeGeofences: removeRequest=RemoveGeofencingRequest[REMOVE_BY_PENDING_INTENT pendingIntent=PendingIntent[creatorPackage=com.google.android.gms], packageName=com.google.android.gms]
12-12 11:52:36.000  8263  8279 I .gms.persisten: Background concurrent copying GC freed 73200(3491KB) AllocSpace objects, 43(2884KB) LOS objects, 49% free, 5971KB/11MB, paused 1.616ms total 109.531ms
12-12 11:52:36.022  9457  9547 I OpenGLRenderer: Davey! duration=1392ms; Flags=1, IntendedVsync=3380306922408, Vsync=3381206922372, OldestInputEvent=9223372036854775807, NewestInputEvent=0, HandleInputStart=3381210996440, AnimationStart=3381211064740, PerformTraversalsStart=3381211615340, DrawStart=3381293328840, SyncQueued=3381297209240, SyncStart=3381297991640, IssueDrawCommandsStart=3381298131240, SwapBuffers=3381693052740, FrameCompleted=3381700269740, DequeueBufferDuration=562000, QueueBufferDuration=760000, 
12-12 11:52:36.732  9457  9495 V FA      : Inactivity, disconnecting from the service
12-12 11:52:36.758  9457  9571 E SQLiteLog: (1) too many SQL variables
12-12 11:52:36.790  9457  9457 W System.err: ru.iteco.fmhandroid.exceptions.UnknownException
12-12 11:52:36.790  9457  9457 W System.err: 	at ru.iteco.fmhandroid.utils.Utils.makeRequest(Utils.kt:123)
12-12 11:52:36.790  9457  9457 W System.err: 	at ru.iteco.fmhandroid.utils.Utils$makeRequest$1.invokeSuspend(Unknown Source:15)
12-12 11:52:36.790  9457  9457 W System.err: 	at kotlin.coroutines.jvm.internal.BaseContinuationImpl.resumeWith(ContinuationImpl.kt:33)
12-12 11:52:36.790  9457  9457 W System.err: 	at kotlinx.coroutines.DispatchedTask.run(DispatchedTask.kt:104)
12-12 11:52:36.790  9457  9457 W System.err: 	at android.os.Handler.handleCallback(Handler.java:883)
12-12 11:52:36.790  9457  9457 W System.err: 	at android.os.Handler.dispatchMessage(Handler.java:100)
12-12 11:52:36.790  9457  9457 W System.err: 	at androidx.test.espresso.base.Interrogator.loopAndInterrogate(Interrogator.java:14)
12-12 11:52:36.790  9457  9457 W System.err: 	at androidx.test.espresso.base.UiControllerImpl.loopUntil(UiControllerImpl.java:8)
12-12 11:52:36.790  9457  9457 W System.err: 	at androidx.test.espresso.base.UiControllerImpl.loopUntil(UiControllerImpl.java:1)
12-12 11:52:36.791  9457  9457 W System.err: 	at androidx.test.espresso.base.UiControllerImpl.loopMainThreadForAtLeast(UiControllerImpl.java:7)
12-12 11:52:36.791  9457  9457 W System.err: 	at ru.iteco.fmhandroid.ui.data.ViewActions$1.perform(ViewActions.java:48)
12-12 11:52:36.791  9457  9457 W System.err: 	at androidx.test.espresso.ViewInteraction$SingleExecutionViewAction.perform(ViewInteraction.java:2)
12-12 11:52:36.791  9457  9457 W System.err: 	at androidx.test.espresso.ViewInteraction.doPerform(ViewInteraction.java:25)
12-12 11:52:36.791  9457  9457 W System.err: 	at androidx.test.espresso.ViewInteraction.-$$Nest$mdoPerform(Unknown Source:0)
12-12 11:52:36.791  9457  9457 W System.err: 	at androidx.test.espresso.ViewInteraction$1.call(ViewInteraction.java:7)
12-12 11:52:36.791  9457  9457 W System.err: 	at androidx.test.espresso.ViewInteraction$1.call(ViewInteraction.java:1)
12-12 11:52:36.791  9457  9457 W System.err: 	at java.util.concurrent.FutureTask.run(FutureTask.java:266)
12-12 11:52:36.791  9457  9457 W System.err: 	at android.os.Handler.handleCallback(Handler.java:883)
12-12 11:52:36.791  9457  9457 W System.err: 	at android.os.Handler.dispatchMessage(Handler.java:100)
12-12 11:52:36.791  9457  9457 W System.err: 	at android.os.Looper.loop(Looper.java:214)
12-12 11:52:36.791  9457  9457 W System.err: 	at android.app.ActivityThread.main(ActivityThread.java:7356)
12-12 11:52:36.791  9457  9457 W System.err: 	at java.lang.reflect.Method.invoke(Native Method)
12-12 11:52:36.791  9457  9457 W System.err: 	at com.android.internal.os.RuntimeInit$MethodAndArgsCaller.run(RuntimeInit.java:492)
12-12 11:52:36.791  9457  9457 W System.err: 	at com.android.internal.os.ZygoteInit.main(ZygoteInit.java:930)
12-12 11:52:36.810  2009  2047 E memtrack: Couldn't load memtrack module
12-12 11:52:36.810  2009  2047 W android.os.Debug: failed to get memory consumption info: -1
12-12 11:52:36.877  1776  1920 D gralloc_ranchu: gralloc_alloc: Creating ashmem region of size 438272
12-12 11:52:36.882  1776  1920 D gralloc_ranchu: gralloc_alloc: Creating ashmem region of size 438272
12-12 11:52:36.885  1776  1828 D gralloc_ranchu: gralloc_alloc: Creating ashmem region of size 438272
12-12 11:52:36.888  9457  9547 D EGL_emulation: eglMakeCurrent: 0xd471b6e0: ver 2 0 (tinfo 0xba0740b0)
12-12 11:52:40.039  2934  3332 I WorkerManager: dispose()
12-12 11:52:40.042  2934  3332 W ThreadPoolDumper: Queue length for executor EventBus is now 11. Perhaps some tasks are too long, or the pool is too small.
12-12 11:52:40.306  8263  8263 I BeaconBle: Scan : No clients left, canceling alarm. [CONTEXT service_id=111 ]
12-12 11:52:40.322  9457  9547 D EGL_emulation: eglMakeCurrent: 0xd471b6e0: ver 2 0 (tinfo 0xba0740b0)
12-12 11:52:40.329  2009  6097 W NotificationService: Toast already killed. pkg=ru.iteco.fmhandroid callback=android.app.ITransientNotification$Stub$Proxy@c332813
12-12 11:52:41.549  9457  9457 D takeScreenshot: Found 1 global views to redraw
12-12 11:52:41.571  9457  9547 D EGL_emulation: eglMakeCurrent: 0xd471b6e0: ver 2 0 (tinfo 0xba0740b0)
12-12 11:52:41.611  1776  1828 D gralloc_ranchu: gralloc_alloc: Creating ashmem region of size 10108928
12-12 11:52:41.630  1650  1650 I hwservicemanager: getTransport: Cannot find entry android.hardware.graphics.mapper@3.0::IMapper/default in either framework or device manifest.
12-12 11:52:41.631  9442  9456 W Gralloc3: mapper 3.x is not supported
12-12 11:52:41.642  9442  9456 D HostConnection: createUnique: call
12-12 11:52:41.644  9442  9456 D HostConnection: HostConnection::get() New Host Connection established 0xf1e564e0, tid 9456
12-12 11:52:41.647  9442  9456 D HostConnection: HostComposition ext ANDROID_EMU_CHECKSUM_HELPER_v1 ANDROID_EMU_dma_v1 ANDROID_EMU_direct_mem ANDROID_EMU_host_composition_v1 ANDROID_EMU_host_composition_v2 ANDROID_EMU_vulkan ANDROID_EMU_deferred_vulkan_commands ANDROID_EMU_vulkan_null_optional_strings ANDROID_EMU_vulkan_create_resources_with_requirements ANDROID_EMU_YUV_Cache ANDROID_EMU_vulkan_ignored_handles ANDROID_EMU_vulkan_free_memory_sync ANDROID_EMU_vulkan_shader_float16_int8 ANDROID_EMU_vulkan_async_queue_submit ANDROID_EMU_sync_buffer_data GL_OES_vertex_array_object GL_KHR_texture_compression_astc_ldr ANDROID_EMU_host_side_tracing ANDROID_EMU_gles_max_version_2 
12-12 11:52:41.648  9442  9456 D eglCodecCommon: allocate: Ask for block of size 0x1000
12-12 11:52:41.648  9442  9456 D eglCodecCommon: allocate: ioctl allocate returned offset 0x3ff649000 size 0x2000
12-12 11:52:41.657  1792  2006 E SurfaceFlinger: ro.sf.lcd_density must be defined as a build property
12-12 11:52:41.659  1792  2006 E SurfaceFlinger: ro.sf.lcd_density must be defined as a build property
12-12 11:52:41.664  9442  9575 D libEGL  : Emulator has host GPU support, qemu.gles is set to 1.
12-12 11:52:41.672  9442  9575 W libc    : Unable to set property "qemu.gles" to "1": error code: 0x18
12-12 11:52:41.674  9442  9575 D libEGL  : loaded /vendor/lib/egl/libEGL_emulation.so
12-12 11:52:41.677  9442  9575 D libEGL  : loaded /vendor/lib/egl/libGLESv1_CM_emulation.so
12-12 11:52:41.678  9442  9575 D libEGL  : loaded /vendor/lib/egl/libGLESv2_emulation.so
12-12 11:52:41.695  9442  9575 D HostConnection: HostConnection::get() New Host Connection established 0xf1e563f0, tid 9575
12-12 11:52:41.696  9442  9575 D HostConnection: HostComposition ext ANDROID_EMU_CHECKSUM_HELPER_v1 ANDROID_EMU_dma_v1 ANDROID_EMU_direct_mem ANDROID_EMU_host_composition_v1 ANDROID_EMU_host_composition_v2 ANDROID_EMU_vulkan ANDROID_EMU_deferred_vulkan_commands ANDROID_EMU_vulkan_null_optional_strings ANDROID_EMU_vulkan_create_resources_with_requirements ANDROID_EMU_YUV_Cache ANDROID_EMU_vulkan_ignored_handles ANDROID_EMU_vulkan_free_memory_sync ANDROID_EMU_vulkan_shader_float16_int8 ANDROID_EMU_vulkan_async_queue_submit ANDROID_EMU_sync_buffer_data GL_OES_vertex_array_object GL_KHR_texture_compression_astc_ldr ANDROID_EMU_host_side_tracing ANDROID_EMU_gles_max_version_2 
12-12 11:52:41.699  9442  9575 W OpenGLRenderer: Failed to choose config with EGL_SWAP_BEHAVIOR_PRESERVED, retrying without...
12-12 11:52:41.741  9442  9575 D EGL_emulation: eglCreateContext: 0xdca28360: maj 2 min 0 rcv 2
12-12 11:52:41.747  9442  9575 D EGL_emulation: eglMakeCurrent: 0xdca28360: ver 2 0 (tinfo 0xdca0f370)
12-12 11:52:41.864  9457  9501 W DefaultFailureHandler: Failed to take screenshot
12-12 11:52:41.864  9457  9501 W DefaultFailureHandler: java.io.FileNotFoundException: view-op-error-1.png: open failed: EROFS (Read-only file system)
12-12 11:52:41.864  9457  9501 W DefaultFailureHandler: 	at libcore.io.IoBridge.open(IoBridge.java:496)
12-12 11:52:41.864  9457  9501 W DefaultFailureHandler: 	at java.io.FileOutputStream.<init>(FileOutputStream.java:235)
12-12 11:52:41.864  9457  9501 W DefaultFailureHandler: 	at java.io.FileOutputStream.<init>(FileOutputStream.java:125)
12-12 11:52:41.864  9457  9501 W DefaultFailureHandler: 	at androidx.test.platform.io.FileTestStorage.openOutputFile(FileTestStorage.java:60)
12-12 11:52:41.864  9457  9501 W DefaultFailureHandler: 	at androidx.test.core.graphics.BitmapStorage.writeToTestStorage(BitmapStorageExt.kt:49)
12-12 11:52:41.864  9457  9501 W DefaultFailureHandler: 	at androidx.test.espresso.base.DefaultFailureHandler.takeScreenshot(DefaultFailureHandler.java:4)
12-12 11:52:41.864  9457  9501 W DefaultFailureHandler: 	at androidx.test.espresso.base.DefaultFailureHandler.handle(DefaultFailureHandler.java:3)
12-12 11:52:41.864  9457  9501 W DefaultFailureHandler: 	at androidx.test.espresso.ViewInteraction.waitForAndHandleInteractionResults(ViewInteraction.java:8)
12-12 11:52:41.864  9457  9501 W DefaultFailureHandler: 	at androidx.test.espresso.ViewInteraction.desugaredPerform(ViewInteraction.java:11)
12-12 11:52:41.864  9457  9501 W DefaultFailureHandler: 	at androidx.test.espresso.ViewInteraction.perform(ViewInteraction.java:8)
12-12 11:52:41.864  9457  9501 W DefaultFailureHandler: 	at ru.iteco.fmhandroid.ui.data.TestUtils.waitView(TestUtils.java:61)
12-12 11:52:41.864  9457  9501 W DefaultFailureHandler: 	at ru.iteco.fmhandroid.ui.steps.AuthSteps.isAuthScreen(AuthSteps.java:56)
12-12 11:52:41.864  9457  9501 W DefaultFailureHandler: 	at ru.iteco.fmhandroid.ui.ClaimsCreationFormTest.logoutCheck(ClaimsCreationFormTest.java:57)
12-12 11:52:41.864  9457  9501 W DefaultFailureHandler: 	at java.lang.reflect.Method.invoke(Native Method)
12-12 11:52:41.864  9457  9501 W DefaultFailureHandler: 	at org.junit.runners.model.FrameworkMethod$1.runReflectiveCall(FrameworkMethod.java:59)
12-12 11:52:41.864  9457  9501 W DefaultFailureHandler: 	at org.junit.internal.runners.model.ReflectiveCallable.run(ReflectiveCallable.java:12)
12-12 11:52:41.864  9457  9501 W DefaultFailureHandler: 	at org.junit.runners.model.FrameworkMethod.invokeExplosively(FrameworkMethod.java:56)
12-12 11:52:41.864  9457  9501 W DefaultFailureHandler: 	at androidx.test.internal.runner.junit4.statement.RunBefores.evaluate(RunBefores.java:76)
12-12 11:52:41.864  9457  9501 W DefaultFailureHandler: 	at androidx.test.internal.runner.junit4.statement.RunAfters.evaluate(RunAfters.java:61)
12-12 11:52:41.864  9457  9501 W DefaultFailureHandler: 	at io.qameta.allure.android.rules.ScreenshotRule$apply$1.evaluate(ScreenshotRule.kt:22)
12-12 11:52:41.864  9457  9501 W DefaultFailureHandler: 	at org.junit.rules.ExternalResource$1.evaluate(ExternalResource.java:54)
12-12 11:52:41.864  9457  9501 W DefaultFailureHandler: 	at io.qameta.allure.android.rules.LogcatRule$apply$1.evaluate(LogcatRule.kt:23)
12-12 11:52:41.864  9457  9501 W DefaultFailureHandler: 	at org.junit.rules.RunRules.evaluate(RunRules.java:20)
12-12 11:52:41.864  9457  9501 W DefaultFailureHandler: 	at org.junit.runners.ParentRunner$3.evaluate(ParentRunner.java:306)
12-12 11:52:41.864  9457  9501 W DefaultFailureHandler: 	at org.junit.runners.BlockJUnit4ClassRunner$1.evaluate(BlockJUnit4ClassRunner.java:100)
12-12 11:52:41.864  9457  9501 W DefaultFailureHandler: 	at org.junit.runners.ParentRunner.runLeaf(ParentRunner.java:366)
12-12 11:52:41.864  9457  9501 W DefaultFailureHandler: 	at org.junit.runners.BlockJUnit4ClassRunner.runChild(BlockJUnit4ClassRunner.java:103)
12-12 11:52:41.864  9457  9501 W DefaultFailureHandler: 	at org.junit.runners.BlockJUnit4ClassRunner.runChild(BlockJUnit4ClassRunner.java:63)
12-12 11:52:41.864  9457  9501 W DefaultFailureHandler: 	at org.junit.runners.ParentRunner$4.run(ParentRunner.java:331)
12-12 11:52:41.864  9457  9501 W DefaultFailureHandler: 	at org.junit.runners.ParentRunner$1.schedule(ParentRunner.java:79)
12-12 11:52:41.864  9457  9501 W DefaultFailureHandler: 	at org.junit.runners.ParentRunner.runChildren(ParentRunner.java:329)
12-12 11:52:41.864  9457  9501 W DefaultFailureHandler: 	at org.junit.runners.ParentRunner.access$100(ParentRunner.java:66)
12-12 11:52:41.864  9457  9501 W DefaultFailureHandler: 	at org.junit.runners.ParentRunner$2.evaluate(ParentRunner.java:293)
12-12 11:52:41.864  9457  9501 W DefaultFailureHandler: 	at org.junit.runners.ParentRunner$3.evaluate(ParentRunner.java:306)
12-12 11:52:41.864  9457  9501 W DefaultFailureHandler: 	at org.junit.runners.ParentRunner.run(ParentRunner.java:413)
12-12 11:52:41.864  9457  9501 W DefaultFailureHandler: 	at androidx.test.ext.junit.runners.AndroidJUnit4.run(AndroidJUnit4.java:162)
12-12 11:52:41.864  9457  9501 W DefaultFailureHandler: 	at io.qameta.allure.android.runners.AllureAndroidJUnit4.run(AllureAndroidJUnitRunners.kt:29)
12-12 11:52:41.864  9457  9501 W DefaultFailureHandler: 	at org.junit.runners.Suite.runChild(Suite.java:128)
12-12 11:52:41.864  9457  9501 W DefaultFailureHandler: 	at org.junit.runners.Suite.runChild(Suite.java:27)
12-12 11:52:41.864  9457  9501 W DefaultFailureHandler: 	at org.junit.runners.ParentRunner$4.run(ParentRunner.java:331)
12-12 11:52:41.864  9457  9501 W DefaultFailureHandler: 	at org.junit.runners.ParentRunner$1.schedule(ParentRunner.java:79)
12-12 11:52:41.864  9457  9501 W DefaultFailureHandler: 	at org.junit.runners.ParentRunner.runChildren(ParentRunner.java:329)
12-12 11:52:41.864  9457  9501 W DefaultFailureHandler: 	at org.junit.runners.ParentRunner.access$100(ParentRunner.java:66)
12-12 11:52:41.864  9457  9501 W DefaultFailureHandler: 	at org.junit.runners.ParentRunner$2.evaluate(ParentRunner.java:293)
12-12 11:52:41.864  9457  9501 W DefaultFailureHandler: 	at org.junit.runners.ParentRunner$3.evaluate(ParentRunner.java:306)
12-12 11:52:41.864  9457  9501 W DefaultFailureHandler: 	at org.junit.runners.ParentRunner.run(ParentRunner.java:413)
12-12 11:52:41.864  9457  9501 W DefaultFailureHandler: 	at org.junit.runner.JUnitCore.run(JUnitCore.java:137)
12-12 11:52:41.864  9457  9501 W DefaultFailureHandler: 	at org.junit.runner.JUnitCore.run(JUnitCore.java:115)
12-12 11:52:41.864  9457  9501 W DefaultFailureHandler: 	at androidx.test.internal.runner.TestExecutor.execute(TestExecutor.java:67)
12-12 11:52:41.864  9457  9501 W DefaultFailureHandler: 	at androidx.test.internal.runner.TestExecutor.execute(TestExecutor.java:58)
12-12 11:52:41.864  9457  9501 W DefaultFailureHandler: 	at androidx.test.runner.AndroidJUnitRunner.onStart(AndroidJUnitRunner.java:438)
12-12 11:52:41.864  9457  9501 W DefaultFailureHandler: 	at android.app.Instrumentation$InstrumentationThread.run(Instrumentation.java:2189)
12-12 11:52:41.865  9457  9501 W DefaultFailureHandler: Caused by: android.system.ErrnoException: open failed: EROFS (Read-only file system)
12-12 11:52:41.865  9457  9501 W DefaultFailureHandler: 	at libcore.io.Linux.open(Native Method)
12-12 11:52:41.865  9457  9501 W DefaultFailureHandler: 	at libcore.io.ForwardingOs.open(ForwardingOs.java:167)
12-12 11:52:41.865  9457  9501 W DefaultFailureHandler: 	at libcore.io.BlockGuardOs.open(BlockGuardOs.java:252)
12-12 11:52:41.865  9457  9501 W DefaultFailureHandler: 	at libcore.io.ForwardingOs.open(ForwardingOs.java:167)
12-12 11:52:41.865  9457  9501 W DefaultFailureHandler: 	at android.app.ActivityThread$AndroidOs.open(ActivityThread.java:7255)
12-12 11:52:41.865  9457  9501 W DefaultFailureHandler: 	at libcore.io.IoBridge.open(IoBridge.java:482)
12-12 11:52:41.865  9457  9501 W DefaultFailureHandler: 	... 51 more
12-12 11:52:41.875  9457  9501 W teco.fmhandroi: Accessing hidden method Lsun/misc/Unsafe;->compareAndSwapObject(Ljava/lang/Object;JLjava/lang/Object;Ljava/lang/Object;)Z (greylist, linking, allowed)
12-12 11:52:41.877  9457  9457 I ViewInteraction: Performing 'wait for a specific view with <view.getId() is <2131230870>> during 10000 millis.' action on view view.getRootView() to equal view
12-12 11:52:41.890  9457  9457 I ViewInteraction: Checking 'MatchesViewAssertion{viewMatcher=(view has effective visibility <VISIBLE> and view.getGlobalVisibleRect() to return non-empty rectangle)}' assertion on view view.getId() is <2131230870/ru.iteco.fmhandroid:id/authorization_image_button>
12-12 11:52:41.892  9457  9501 W teco.fmhandroi: Accessing hidden method Lsun/misc/Unsafe;->compareAndSwapObject(Ljava/lang/Object;JLjava/lang/Object;Ljava/lang/Object;)Z (greylist, linking, allowed)
12-12 11:52:41.892  9457  9576 W teco.fmhandroi: Accessing hidden method Lsun/misc/Unsafe;->compareAndSwapObject(Ljava/lang/Object;JLjava/lang/Object;Ljava/lang/Object;)Z (greylist, linking, allowed)
12-12 11:52:41.893  9457  9501 W teco.fmhandroi: Accessing hidden method Lsun/misc/Unsafe;->getObject(Ljava/lang/Object;J)Ljava/lang/Object; (greylist, linking, allowed)
12-12 11:52:41.899  9457  9501 W teco.fmhandroi: Accessing hidden method Landroid/view/ViewConfiguration;->getDoubleTapMinTime()I (greylist, reflection, allowed)
12-12 11:52:41.907  9457  9501 W teco.fmhandroi: Accessing hidden method Lsun/misc/Unsafe;->compareAndSwapObject(Ljava/lang/Object;JLjava/lang/Object;Ljava/lang/Object;)Z (greylist, linking, allowed)
12-12 11:52:41.909  9457  9457 I ViewInteraction: Performing 'single click' action on view view.getId() is <2131230870/ru.iteco.fmhandroid:id/authorization_image_button>
12-12 11:52:41.981  1765  3741 W audio_hw_generic: Not supplying enough data to HAL, expected position 2814666 , only wrote 2814538
12-12 11:52:42.076  1776  1828 D gralloc_ranchu: gralloc_alloc: Creating ashmem region of size 884736
12-12 11:52:42.091  1776  1828 I chatty  : uid=1000(system) HwBinder:1776_1 identical 1 line
12-12 11:52:42.095  1776  1828 D gralloc_ranchu: gralloc_alloc: Creating ashmem region of size 884736
12-12 11:52:42.109  9457  9547 D EGL_emulation: eglMakeCurrent: 0xd471b6e0: ver 2 0 (tinfo 0xba0740b0)
12-12 11:52:42.193  9457  9547 I chatty  : uid=10146(ru.iteco.fmhandroid) RenderThread identical 3 lines
12-12 11:52:42.215  9457  9547 D EGL_emulation: eglMakeCurrent: 0xd471b6e0: ver 2 0 (tinfo 0xba0740b0)
12-12 11:52:42.441  9457  9501 W teco.fmhandroi: Accessing hidden method Lsun/misc/Unsafe;->compareAndSwapObject(Ljava/lang/Object;JLjava/lang/Object;Ljava/lang/Object;)Z (greylist, linking, allowed)
12-12 11:52:42.444  9457  9457 I ViewInteraction: Performing 'wait for a specific view with <an instance of android.widget.TextView and view.getText() with or without transformation to match: is "Log out"> during 10000 millis.' action on view view.getRootView() to equal view
12-12 11:52:42.449  9457  9457 I ViewInteraction: Checking 'MatchesViewAssertion{viewMatcher=(view has effective visibility <VISIBLE> and view.getGlobalVisibleRect() to return non-empty rectangle)}' assertion on view an instance of android.widget.TextView and view.getText() with or without transformation to match: is "Log out"
12-12 11:52:42.455  9457  9457 I ViewInteraction: Performing 'single click' action on view an instance of android.widget.TextView and view.getText() with or without transformation to match: is "Log out"
12-12 11:52:42.889  9457  9547 D EGL_emulation: eglMakeCurrent: 0xd471b6e0: ver 2 0 (tinfo 0xba0740b0)
12-12 11:52:42.972  9457  9547 D EGL_emulation: eglMakeCurrent: 0xd471b6e0: ver 2 0 (tinfo 0xba0740b0)
12-12 11:52:43.065  9457  9576 W teco.fmhandroi: Accessing hidden method Lsun/misc/Unsafe;->compareAndSwapObject(Ljava/lang/Object;JLjava/lang/Object;Ljava/lang/Object;)Z (greylist, linking, allowed)
