12-12 11:52:43.069  9457  9457 I ViewInteraction: Performing 'wait for a specific view with <(an instance of android.widget.TextView and view.getText() with or without transformation to match: is "Authorization" and view.getParent() view.getParent() view.getId() is <2131231186>)> during 10000 millis.' action on view view.getRootView() to equal view
12-12 11:52:43.073  9457  9501 W teco.fmhandroi: Accessing hidden method Lsun/misc/Unsafe;->compareAndSwapObject(Ljava/lang/Object;JLjava/lang/Object;Ljava/lang/Object;)Z (greylist, linking, allowed)
12-12 11:52:43.073  9457  9576 W teco.fmhandroi: Accessing hidden method Lsun/misc/Unsafe;->compareAndSwapObject(Ljava/lang/Object;JLjava/lang/Object;Ljava/lang/Object;)Z (greylist, linking, allowed)
12-12 11:52:43.077  9457  9457 I ViewInteraction: Checking 'MatchesViewAssertion{viewMatcher=(view has effective visibility <VISIBLE> and view.getGlobalVisibleRect() to return non-empty rectangle)}' assertion on view (an instance of android.widget.TextView and view.getText() with or without transformation to match: is "Authorization" and view.getParent() view.getParent() view.getId() is <2131231186/ru.iteco.fmhandroid:id/nav_host_fragment>)
12-12 11:52:43.078  9457  9501 W teco.fmhandroi: Accessing hidden method Lsun/misc/Unsafe;->compareAndSwapObject(Ljava/lang/Object;JLjava/lang/Object;Ljava/lang/Object;)Z (greylist, linking, allowed)
12-12 11:52:43.083  9457  9457 I ViewInteraction: Performing 'wait for a specific view with <(an instance of android.widget.TextView and view.getHint() matching: is "Login" and view.getParent() view.getParent() view.getId() is <2131231121>)> during 10000 millis.' action on view view.getRootView() to equal view
12-12 11:52:43.090  9457  9501 W teco.fmhandroi: Accessing hidden method Lsun/misc/Unsafe;->compareAndSwapObject(Ljava/lang/Object;JLjava/lang/Object;Ljava/lang/Object;)Z (greylist, linking, allowed)
12-12 11:52:43.098  9457  9457 I ViewInteraction: Checking 'MatchesViewAssertion{viewMatcher=(view has effective visibility <VISIBLE> and view.getGlobalVisibleRect() to return non-empty rectangle)}' assertion on view (an instance of android.widget.TextView and view.getHint() matching: is "Login" and view.getParent() view.getParent() view.getId() is <2131231121/ru.iteco.fmhandroid:id/login_text_input_layout>)
12-12 11:52:43.100  9457  9501 W teco.fmhandroi: Accessing hidden method Lsun/misc/Unsafe;->compareAndSwapObject(Ljava/lang/Object;JLjava/lang/Object;Ljava/lang/Object;)Z (greylist, linking, allowed)
12-12 11:52:43.107  9457  9457 I ViewInteraction: Performing 'wait for a specific view with <(an instance of android.widget.TextView and view.getHint() matching: is "Password" and view.getParent() view.getParent() view.getId() is <2131231264>)> during 10000 millis.' action on view view.getRootView() to equal view
12-12 11:52:43.111  9457  9501 W teco.fmhandroi: Accessing hidden method Lsun/misc/Unsafe;->compareAndSwapObject(Ljava/lang/Object;JLjava/lang/Object;Ljava/lang/Object;)Z (greylist, linking, allowed)
12-12 11:52:43.120  9457  9457 I ViewInteraction: Checking 'MatchesViewAssertion{viewMatcher=(view has effective visibility <VISIBLE> and view.getGlobalVisibleRect() to return non-empty rectangle)}' assertion on view (an instance of android.widget.TextView and view.getHint() matching: is "Password" and view.getParent() view.getParent() view.getId() is <2131231264/ru.iteco.fmhandroid:id/password_text_input_layout>)
12-12 11:52:43.121  9457  9501 W teco.fmhandroi: Accessing hidden method Lsun/misc/Unsafe;->compareAndSwapObject(Ljava/lang/Object;JLjava/lang/Object;Ljava/lang/Object;)Z (greylist, linking, allowed)
12-12 11:52:43.126  9457  9457 I ViewInteraction: Performing 'wait for a specific view with <(view.getId() is <2131231039> and an instance of android.widget.TextView and view.getText() with or without transformation to match: is "SIGN IN" and view.getContentDescription() is "Save" and view.getParent() view.getParent() an instance of android.widget.RelativeLayout)> during 10000 millis.' action on view view.getRootView() to equal view
12-12 11:52:43.129  9457  9501 W teco.fmhandroi: Accessing hidden method Lsun/misc/Unsafe;->compareAndSwapObject(Ljava/lang/Object;JLjava/lang/Object;Ljava/lang/Object;)Z (greylist, linking, allowed)
12-12 11:52:43.129  9457  9576 W teco.fmhandroi: Accessing hidden method Lsun/misc/Unsafe;->compareAndSwapObject(Ljava/lang/Object;JLjava/lang/Object;Ljava/lang/Object;)Z (greylist, linking, allowed)
12-12 11:52:43.134  9457  9457 I ViewInteraction: Checking 'MatchesViewAssertion{viewMatcher=(view has effective visibility <VISIBLE> and view.getGlobalVisibleRect() to return non-empty rectangle)}' assertion on view (view.getId() is <2131231039/ru.iteco.fmhandroid:id/enter_button> and an instance of android.widget.TextView and view.getText() with or without transformation to match: is "SIGN IN" and view.getContentDescription() is "Save" and view.getParent() view.getParent() an instance of android.widget.RelativeLayout)
12-12 11:52:43.136  9457  9501 W teco.fmhandroi: Accessing hidden method Lsun/misc/Unsafe;->compareAndSwapObject(Ljava/lang/Object;JLjava/lang/Object;Ljava/lang/Object;)Z (greylist, linking, allowed)
12-12 11:52:43.140  9457  9457 I ViewInteraction: Performing 'wait for a specific view with <(an instance of android.widget.TextView and view.getText() with or without transformation to match: is "Authorization" and view.getParent() view.getParent() view.getId() is <2131231186>)> during 10000 millis.' action on view view.getRootView() to equal view
12-12 11:52:43.143  9457  9501 W teco.fmhandroi: Accessing hidden method Lsun/misc/Unsafe;->compareAndSwapObject(Ljava/lang/Object;JLjava/lang/Object;Ljava/lang/Object;)Z (greylist, linking, allowed)
12-12 11:52:43.143  9457  9576 W teco.fmhandroi: Accessing hidden method Lsun/misc/Unsafe;->compareAndSwapObject(Ljava/lang/Object;JLjava/lang/Object;Ljava/lang/Object;)Z (greylist, linking, allowed)
12-12 11:52:43.149  9457  9457 I ViewInteraction: Checking 'MatchesViewAssertion{viewMatcher=(view has effective visibility <VISIBLE> and view.getGlobalVisibleRect() to return non-empty rectangle)}' assertion on view (an instance of android.widget.TextView and view.getText() with or without transformation to match: is "Authorization" and view.getParent() view.getParent() view.getId() is <2131231186/ru.iteco.fmhandroid:id/nav_host_fragment>)
12-12 11:52:43.152  9457  9501 W teco.fmhandroi: Accessing hidden method Lsun/misc/Unsafe;->compareAndSwapObject(Ljava/lang/Object;JLjava/lang/Object;Ljava/lang/Object;)Z (greylist, linking, allowed)
12-12 11:52:43.152  9457  9576 W teco.fmhandroi: Accessing hidden method Lsun/misc/Unsafe;->compareAndSwapObject(Ljava/lang/Object;JLjava/lang/Object;Ljava/lang/Object;)Z (greylist, linking, allowed)
12-12 11:52:43.157  9457  9457 I ViewInteraction: Performing 'wait for a specific view with <(an instance of android.widget.TextView and view.getHint() matching: is "Login" and view.getParent() view.getParent() view.getId() is <2131231121/ru.iteco.fmhandroid:id/login_text_input_layout>)> during 10000 millis.' action on view view.getRootView() to equal view
12-12 11:52:43.160  9457  9501 W teco.fmhandroi: Accessing hidden method Lsun/misc/Unsafe;->compareAndSwapObject(Ljava/lang/Object;JLjava/lang/Object;Ljava/lang/Object;)Z (greylist, linking, allowed)
12-12 11:52:43.161  9457  9576 W teco.fmhandroi: Accessing hidden method Lsun/misc/Unsafe;->compareAndSwapObject(Ljava/lang/Object;JLjava/lang/Object;Ljava/lang/Object;)Z (greylist, linking, allowed)
12-12 11:52:43.165  9457  9457 I ViewInteraction: Checking 'MatchesViewAssertion{viewMatcher=(view has effective visibility <VISIBLE> and view.getGlobalVisibleRect() to return non-empty rectangle)}' assertion on view (an instance of android.widget.TextView and view.getHint() matching: is "Login" and view.getParent() view.getParent() view.getId() is <2131231121/ru.iteco.fmhandroid:id/login_text_input_layout>)
12-12 11:52:43.169  9457  9501 W teco.fmhandroi: Accessing hidden method Lsun/misc/Unsafe;->compareAndSwapObject(Ljava/lang/Object;JLjava/lang/Object;Ljava/lang/Object;)Z (greylist, linking, allowed)
12-12 11:52:43.170  9457  9576 W teco.fmhandroi: Accessing hidden method Lsun/misc/Unsafe;->compareAndSwapObject(Ljava/lang/Object;JLjava/lang/Object;Ljava/lang/Object;)Z (greylist, linking, allowed)
12-12 11:52:43.172  9457  9457 I ViewInteraction: Performing 'wait for a specific view with <(an instance of android.widget.TextView and view.getHint() matching: is "Password" and view.getParent() view.getParent() view.getId() is <2131231264/ru.iteco.fmhandroid:id/password_text_input_layout>)> during 10000 millis.' action on view view.getRootView() to equal view
12-12 11:52:43.177  9457  9501 W teco.fmhandroi: Accessing hidden method Lsun/misc/Unsafe;->compareAndSwapObject(Ljava/lang/Object;JLjava/lang/Object;Ljava/lang/Object;)Z (greylist, linking, allowed)
12-12 11:52:43.177  9457  9576 W teco.fmhandroi: Accessing hidden method Lsun/misc/Unsafe;->compareAndSwapObject(Ljava/lang/Object;JLjava/lang/Object;Ljava/lang/Object;)Z (greylist, linking, allowed)
12-12 11:52:43.182  9457  9457 I ViewInteraction: Checking 'MatchesViewAssertion{viewMatcher=(view has effective visibility <VISIBLE> and view.getGlobalVisibleRect() to return non-empty rectangle)}' assertion on view (an instance of android.widget.TextView and view.getHint() matching: is "Password" and view.getParent() view.getParent() view.getId() is <2131231264/ru.iteco.fmhandroid:id/password_text_input_layout>)
12-12 11:52:43.186  9457  9501 W teco.fmhandroi: Accessing hidden method Lsun/misc/Unsafe;->compareAndSwapObject(Ljava/lang/Object;JLjava/lang/Object;Ljava/lang/Object;)Z (greylist, linking, allowed)
12-12 11:52:43.186  9457  9576 W teco.fmhandroi: Accessing hidden method Lsun/misc/Unsafe;->compareAndSwapObject(Ljava/lang/Object;JLjava/lang/Object;Ljava/lang/Object;)Z (greylist, linking, allowed)
12-12 11:52:43.189  9457  9457 I ViewInteraction: Performing 'wait for a specific view with <(view.getId() is <2131231039/ru.iteco.fmhandroid:id/enter_button> and an instance of android.widget.TextView and view.getText() with or without transformation to match: is "SIGN IN" and view.getContentDescription() is "Save" and view.getParent() view.getParent() an instance of android.widget.RelativeLayout)> during 10000 millis.' action on view view.getRootView() to equal view
12-12 11:52:43.195  9457  9501 W teco.fmhandroi: Accessing hidden method Lsun/misc/Unsafe;->compareAndSwapObject(Ljava/lang/Object;JLjava/lang/Object;Ljava/lang/Object;)Z (greylist, linking, allowed)
12-12 11:52:43.195  9457  9576 W teco.fmhandroi: Accessing hidden method Lsun/misc/Unsafe;->compareAndSwapObject(Ljava/lang/Object;JLjava/lang/Object;Ljava/lang/Object;)Z (greylist, linking, allowed)
12-12 11:52:43.199  9457  9457 I ViewInteraction: Checking 'MatchesViewAssertion{viewMatcher=(view has effective visibility <VISIBLE> and view.getGlobalVisibleRect() to return non-empty rectangle)}' assertion on view (view.getId() is <2131231039/ru.iteco.fmhandroid:id/enter_button> and an instance of android.widget.TextView and view.getText() with or without transformation to match: is "SIGN IN" and view.getContentDescription() is "Save" and view.getParent() view.getParent() an instance of android.widget.RelativeLayout)
12-12 11:52:43.201  9457  9501 W teco.fmhandroi: Accessing hidden method Lsun/misc/Unsafe;->compareAndSwapObject(Ljava/lang/Object;JLjava/lang/Object;Ljava/lang/Object;)Z (greylist, linking, allowed)
12-12 11:52:43.205  9457  9457 I ViewInteraction: Performing 'wait for a specific view with <(an instance of android.widget.TextView and view.getHint() matching: is "Login" and view.getParent() view.getParent() view.getId() is <2131231121/ru.iteco.fmhandroid:id/login_text_input_layout>)> during 10000 millis.' action on view view.getRootView() to equal view
12-12 11:52:43.209  9457  9501 W teco.fmhandroi: Accessing hidden method Lsun/misc/Unsafe;->compareAndSwapObject(Ljava/lang/Object;JLjava/lang/Object;Ljava/lang/Object;)Z (greylist, linking, allowed)
12-12 11:52:43.216  9457  9457 I ViewInteraction: Performing 'replace text(login2)' action on view (an instance of android.widget.TextView and view.getHint() matching: is "Login" and view.getParent() view.getParent() view.getId() is <2131231121/ru.iteco.fmhandroid:id/login_text_input_layout>)
12-12 11:52:43.248  9457  9501 W teco.fmhandroi: Accessing hidden method Lsun/misc/Unsafe;->compareAndSwapObject(Ljava/lang/Object;JLjava/lang/Object;Ljava/lang/Object;)Z (greylist, linking, allowed)
12-12 11:52:43.265  9457  9457 I ViewInteraction: Performing 'wait for a specific view with <(an instance of android.widget.TextView and view.getHint() matching: is "Password" and view.getParent() view.getParent() view.getId() is <2131231264/ru.iteco.fmhandroid:id/password_text_input_layout>)> during 10000 millis.' action on view view.getRootView() to equal view
12-12 11:52:43.269  9457  9501 W teco.fmhandroi: Accessing hidden method Lsun/misc/Unsafe;->compareAndSwapObject(Ljava/lang/Object;JLjava/lang/Object;Ljava/lang/Object;)Z (greylist, linking, allowed)
12-12 11:52:43.278  9457  9457 I ViewInteraction: Performing 'replace text(password2)' action on view (an instance of android.widget.TextView and view.getHint() matching: is "Password" and view.getParent() view.getParent() view.getId() is <2131231264/ru.iteco.fmhandroid:id/password_text_input_layout>)
12-12 11:52:43.291  9457  9501 W teco.fmhandroi: Accessing hidden method Lsun/misc/Unsafe;->compareAndSwapObject(Ljava/lang/Object;JLjava/lang/Object;Ljava/lang/Object;)Z (greylist, linking, allowed)
12-12 11:52:43.336  9457  9457 I ViewInteraction: Performing 'wait for a specific view with <(view.getId() is <2131231039/ru.iteco.fmhandroid:id/enter_button> and an instance of android.widget.TextView and view.getText() with or without transformation to match: is "SIGN IN" and view.getContentDescription() is "Save" and view.getParent() view.getParent() an instance of android.widget.RelativeLayout)> during 10000 millis.' action on view view.getRootView() to equal view
12-12 11:52:43.340  9457  9501 W teco.fmhandroi: Accessing hidden method Lsun/misc/Unsafe;->compareAndSwapObject(Ljava/lang/Object;JLjava/lang/Object;Ljava/lang/Object;)Z (greylist, linking, allowed)
12-12 11:52:43.343  9457  9457 I ViewInteraction: Checking 'MatchesViewAssertion{viewMatcher=view.isClickable() is <true>}' assertion on view (view.getId() is <2131231039/ru.iteco.fmhandroid:id/enter_button> and an instance of android.widget.TextView and view.getText() with or without transformation to match: is "SIGN IN" and view.getContentDescription() is "Save" and view.getParent() view.getParent() an instance of android.widget.RelativeLayout)
12-12 11:52:43.345  9457  9501 W teco.fmhandroi: Accessing hidden method Lsun/misc/Unsafe;->compareAndSwapObject(Ljava/lang/Object;JLjava/lang/Object;Ljava/lang/Object;)Z (greylist, linking, allowed)
12-12 11:52:43.348  9457  9457 I ViewInteraction: Performing 'wait for a specific view with <(view.getId() is <2131231039/ru.iteco.fmhandroid:id/enter_button> and an instance of android.widget.TextView and view.getText() with or without transformation to match: is "SIGN IN" and view.getContentDescription() is "Save" and view.getParent() view.getParent() an instance of android.widget.RelativeLayout)> during 10000 millis.' action on view view.getRootView() to equal view
12-12 11:52:43.350  9457  9501 W teco.fmhandroi: Accessing hidden method Lsun/misc/Unsafe;->compareAndSwapObject(Ljava/lang/Object;JLjava/lang/Object;Ljava/lang/Object;)Z (greylist, linking, allowed)
12-12 11:52:43.351  9457  9576 W teco.fmhandroi: Accessing hidden method Lsun/misc/Unsafe;->compareAndSwapObject(Ljava/lang/Object;JLjava/lang/Object;Ljava/lang/Object;)Z (greylist, linking, allowed)
12-12 11:52:43.355  9457  9457 I ViewInteraction: Checking 'MatchesViewAssertion{viewMatcher=view.isClickable() is <true>}' assertion on view (view.getId() is <2131231039/ru.iteco.fmhandroid:id/enter_button> and an instance of android.widget.TextView and view.getText() with or without transformation to match: is "SIGN IN" and view.getContentDescription() is "Save" and view.getParent() view.getParent() an instance of android.widget.RelativeLayout)
12-12 11:52:43.356  9457  9501 W teco.fmhandroi: Accessing hidden method Lsun/misc/Unsafe;->compareAndSwapObject(Ljava/lang/Object;JLjava/lang/Object;Ljava/lang/Object;)Z (greylist, linking, allowed)
12-12 11:52:43.362  9457  9457 I ViewInteraction: Performing 'wait for a specific view with <(view.getId() is <2131231039/ru.iteco.fmhandroid:id/enter_button> and an instance of android.widget.TextView and view.getText() with or without transformation to match: is "SIGN IN" and view.getContentDescription() is "Save" and view.getParent() view.getParent() an instance of android.widget.RelativeLayout)> during 10000 millis.' action on view view.getRootView() to equal view
12-12 11:52:43.366  9457  9501 W teco.fmhandroi: Accessing hidden method Lsun/misc/Unsafe;->compareAndSwapObject(Ljava/lang/Object;JLjava/lang/Object;Ljava/lang/Object;)Z (greylist, linking, allowed)
12-12 11:52:43.370  9457  9457 I ViewInteraction: Performing 'single click' action on view (view.getId() is <2131231039/ru.iteco.fmhandroid:id/enter_button> and an instance of android.widget.TextView and view.getText() with or without transformation to match: is "SIGN IN" and view.getContentDescription() is "Save" and view.getParent() view.getParent() an instance of android.widget.RelativeLayout)
12-12 11:52:43.436  9457  9580 I okhttp.OkHttpClient: --> POST http://www.981757-ca08998.tmweb.ru:8080/fmh/authentication/login
12-12 11:52:43.437  9457  9580 I okhttp.OkHttpClient: Content-Type: application/json; charset=UTF-8
12-12 11:52:43.437  9457  9580 I okhttp.OkHttpClient: Content-Length: 41
12-12 11:52:43.440  9457  9580 I okhttp.OkHttpClient: {"login":"login2","password":"password2"}
12-12 11:52:43.440  9457  9580 I okhttp.OkHttpClient: --> END POST (41-byte body)
12-12 11:52:43.449  1745  9581 E ResolverController: No valid NAT64 prefix (100, <unspecified>/0)
12-12 11:52:43.673  9457  9501 W teco.fmhandroi: Accessing hidden method Lsun/misc/Unsafe;->compareAndSwapObject(Ljava/lang/Object;JLjava/lang/Object;Ljava/lang/Object;)Z (greylist, linking, allowed)
12-12 11:52:43.675  9457  9457 I ViewInteraction: Performing 'wait for a specific view with <an instance of android.widget.TextView and view.getText() with or without transformation to match: is "News"> during 10000 millis.' action on view view.getRootView() to equal view
12-12 11:52:43.783  9457  9580 I okhttp.OkHttpClient: <-- 200 http://www.981757-ca08998.tmweb.ru:8080/fmh/authentication/login (341ms)
12-12 11:52:43.783  9457  9580 I okhttp.OkHttpClient: Vary: Origin
12-12 11:52:43.783  9457  9580 I okhttp.OkHttpClient: Vary: Access-Control-Request-Method
12-12 11:52:43.784  9457  9580 I okhttp.OkHttpClient: Vary: Access-Control-Request-Headers
12-12 11:52:43.784  9457  9580 I okhttp.OkHttpClient: X-Content-Type-Options: nosniff
12-12 11:52:43.784  9457  9580 I okhttp.OkHttpClient: X-XSS-Protection: 1; mode=block
12-12 11:52:43.784  9457  9580 I okhttp.OkHttpClient: Cache-Control: no-cache, no-store, max-age=0, must-revalidate
12-12 11:52:43.784  9457  9580 I okhttp.OkHttpClient: Pragma: no-cache
12-12 11:52:43.784  9457  9580 I okhttp.OkHttpClient: Expires: 0
12-12 11:52:43.784  9457  9580 I okhttp.OkHttpClient: X-Frame-Options: DENY
12-12 11:52:43.784  9457  9580 I okhttp.OkHttpClient: Content-Type: application/json
12-12 11:52:43.785  9457  9580 I okhttp.OkHttpClient: Transfer-Encoding: chunked
12-12 11:52:43.785  9457  9580 I okhttp.OkHttpClient: Date: Mon, 12 Dec 2022 11:52:45 GMT
12-12 11:52:43.785  9457  9580 I okhttp.OkHttpClient: Keep-Alive: timeout=60
12-12 11:52:43.785  9457  9580 I okhttp.OkHttpClient: Connection: keep-alive
12-12 11:52:43.786  9457  9580 I okhttp.OkHttpClient: {"accessToken":"eyJhbGciOiJIUzUxMiJ9.eyJzdWIiOiJsb2dpbjIiLCJqdGkiOiIxIiwiZXhwIjoxNjcwOTMyMzY1fQ.o_UeWq3yKNW8PqwjGY5-GULL3LedxL2OLnx3XuvxKYEvXhYoVWuWXWJUNFoItCBAoOz_2zkMOER8W7Id6zesBQ","refreshToken":"eyJhbGciOiJIUzUxMiJ9.eyJzdWIiOiJsb2dpbjIiLCJqdGkiOiIxIiwiZXhwIjoxNjczNDM3OTY1fQ.IMMbKbNTZS9h4XZxtk84sNmEtOZ7KF3cj6213uM7NUwP_78LbN8TMctyj_uqvc1AAaJdnV67v4N_6tINv44i1A"}
12-12 11:52:43.786  9457  9580 I okhttp.OkHttpClient: <-- END HTTP (368-byte body)
12-12 11:52:43.789  9457  9558 I okhttp.OkHttpClient: --> GET http://www.981757-ca08998.tmweb.ru:8080/fmh/authentication/userInfo
12-12 11:52:43.789  9457  9558 I okhttp.OkHttpClient: --> END GET
12-12 11:52:43.888  9457  9558 I okhttp.OkHttpClient: <-- 200 http://www.981757-ca08998.tmweb.ru:8080/fmh/authentication/userInfo (98ms)
12-12 11:52:43.888  9457  9558 I okhttp.OkHttpClient: Vary: Origin
12-12 11:52:43.888  9457  9558 I okhttp.OkHttpClient: Vary: Access-Control-Request-Method
12-12 11:52:43.888  9457  9558 I okhttp.OkHttpClient: Vary: Access-Control-Request-Headers
12-12 11:52:43.888  9457  9558 I okhttp.OkHttpClient: X-Content-Type-Options: nosniff
12-12 11:52:43.888  9457  9558 I okhttp.OkHttpClient: X-XSS-Protection: 1; mode=block
12-12 11:52:43.888  9457  9558 I okhttp.OkHttpClient: Cache-Control: no-cache, no-store, max-age=0, must-revalidate
12-12 11:52:43.889  9457  9558 I okhttp.OkHttpClient: Pragma: no-cache
12-12 11:52:43.889  9457  9558 I okhttp.OkHttpClient: Expires: 0
12-12 11:52:43.889  9457  9558 I okhttp.OkHttpClient: X-Frame-Options: DENY
12-12 11:52:43.889  9457  9558 I okhttp.OkHttpClient: Content-Type: application/json
12-12 11:52:43.889  9457  9558 I okhttp.OkHttpClient: Transfer-Encoding: chunked
12-12 11:52:43.889  9457  9558 I okhttp.OkHttpClient: Date: Mon, 12 Dec 2022 11:52:45 GMT
12-12 11:52:43.889  9457  9558 I okhttp.OkHttpClient: Keep-Alive: timeout=60
12-12 11:52:43.890  9457  9558 I okhttp.OkHttpClient: Connection: keep-alive
12-12 11:52:43.890  9457  9558 I okhttp.OkHttpClient: {"id":1,"firstName":"Ivan","lastName":"Ivanov","middleName":"Ivanovich","admin":true}
12-12 11:52:43.891  9457  9558 I okhttp.OkHttpClient: <-- END HTTP (85-byte body)
12-12 11:52:43.909  9457  9562 I okhttp.OkHttpClient: --> GET http://www.981757-ca08998.tmweb.ru:8080/fmh/claims
12-12 11:52:43.910  9457  9562 I okhttp.OkHttpClient: --> END GET
12-12 11:52:44.092  9457  9562 I okhttp.OkHttpClient: <-- 200 http://www.981757-ca08998.tmweb.ru:8080/fmh/claims (181ms)
12-12 11:52:44.092  9457  9562 I okhttp.OkHttpClient: Vary: Origin
12-12 11:52:44.092  9457  9562 I okhttp.OkHttpClient: Vary: Access-Control-Request-Method
12-12 11:52:44.092  9457  9562 I okhttp.OkHttpClient: Vary: Access-Control-Request-Headers
12-12 11:52:44.093  9457  9562 I okhttp.OkHttpClient: X-Content-Type-Options: nosniff
12-12 11:52:44.093  9457  9562 I okhttp.OkHttpClient: X-XSS-Protection: 1; mode=block
12-12 11:52:44.094  9457  9562 I okhttp.OkHttpClient: Cache-Control: no-cache, no-store, max-age=0, must-revalidate
12-12 11:52:44.095  9457  9562 I okhttp.OkHttpClient: Pragma: no-cache
12-12 11:52:44.097  9457  9562 I okhttp.OkHttpClient: Expires: 0
12-12 11:52:44.097  9457  9562 I okhttp.OkHttpClient: X-Frame-Options: DENY
12-12 11:52:44.098  9457  9562 I okhttp.OkHttpClient: Content-Type: application/json
12-12 11:52:44.098  9457  9562 I okhttp.OkHttpClient: Transfer-Encoding: chunked
12-12 11:52:44.098  9457  9562 I okhttp.OkHttpClient: Date: Mon, 12 Dec 2022 11:52:45 GMT
12-12 11:52:44.098  9457  9562 I okhttp.OkHttpClient: Keep-Alive: timeout=60
12-12 11:52:44.098  9457  9562 I okhttp.OkHttpClient: Connection: keep-alive
12-12 11:52:44.104  9457  9562 I okhttp.OkHttpClient: [{"id":1,"title":"Claim 123","description":"123","creatorId":1,"executorId":1,"createDate":1670755198,"planExecuteDate":1670755140,"factExecuteDate":null,"status":"IN_PROGRESS","creatorName":"Ivanov Ivan Ivanovich","executorName":"Ivanov Ivan Ivanovich"},{"id":2,"title":"Заголовок 2c46380b-5d43-44f2-a02c-41b8c09710c2","description":"Описание 588c11cc-6a11-4eec-ae49-0f630caace41","creatorId":1,"executorId":null,"createDate":1670845808,"planExecuteDate":1670845740,"factExecuteDate":null,"status":"OPEN","creatorName":"Ivanov Ivan Ivanovich","executorName":null}]
12-12 11:52:44.104  9457  9562 I okhttp.OkHttpClient: <-- END HTTP (582-byte body)
12-12 11:52:44.146  9457  9457 I ViewInteraction: Checking 'MatchesViewAssertion{viewMatcher=(view has effective visibility <VISIBLE> and view.getGlobalVisibleRect() to return non-empty rectangle)}' assertion on view an instance of android.widget.TextView and view.getText() with or without transformation to match: is "News"
12-12 11:52:44.151  9457  9501 W teco.fmhandroi: Accessing hidden method Lsun/misc/Unsafe;->compareAndSwapObject(Ljava/lang/Object;JLjava/lang/Object;Ljava/lang/Object;)Z (greylist, linking, allowed)
12-12 11:52:44.152  9457  9576 W teco.fmhandroi: Accessing hidden method Lsun/misc/Unsafe;->compareAndSwapObject(Ljava/lang/Object;JLjava/lang/Object;Ljava/lang/Object;)Z (greylist, linking, allowed)
12-12 11:52:44.155  9457  9457 I ViewInteraction: Performing 'wait for a specific view with <view.getId() is <2131230951>> during 10000 millis.' action on view view.getRootView() to equal view
12-12 11:52:44.157  9457  9501 W teco.fmhandroi: Accessing hidden method Lsun/misc/Unsafe;->compareAndSwapObject(Ljava/lang/Object;JLjava/lang/Object;Ljava/lang/Object;)Z (greylist, linking, allowed)
12-12 11:52:44.157  9457  9576 W teco.fmhandroi: Accessing hidden method Lsun/misc/Unsafe;->compareAndSwapObject(Ljava/lang/Object;JLjava/lang/Object;Ljava/lang/Object;)Z (greylist, linking, allowed)
12-12 11:52:44.159  9457  9457 I ViewInteraction: Checking 'MatchesViewAssertion{viewMatcher=(view has effective visibility <VISIBLE> and view.getGlobalVisibleRect() to return non-empty rectangle)}' assertion on view view.getId() is <2131230951/ru.iteco.fmhandroid:id/container_list_news_include_on_fragment_main>
12-12 11:52:44.161  9457  9501 W teco.fmhandroi: Accessing hidden method Lsun/misc/Unsafe;->compareAndSwapObject(Ljava/lang/Object;JLjava/lang/Object;Ljava/lang/Object;)Z (greylist, linking, allowed)
12-12 11:52:44.165  9457  9457 I ViewInteraction: Performing 'wait for a specific view with <view.getId() is <2131230949>> during 10000 millis.' action on view view.getRootView() to equal view
12-12 11:52:44.168  9457  9501 W teco.fmhandroi: Accessing hidden method Lsun/misc/Unsafe;->compareAndSwapObject(Ljava/lang/Object;JLjava/lang/Object;Ljava/lang/Object;)Z (greylist, linking, allowed)
12-12 11:52:44.171  9457  9457 I ViewInteraction: Checking 'MatchesViewAssertion{viewMatcher=(view has effective visibility <VISIBLE> and view.getGlobalVisibleRect() to return non-empty rectangle)}' assertion on view view.getId() is <2131230949/ru.iteco.fmhandroid:id/container_list_claim_include_on_fragment_main>
12-12 11:52:44.173  9457  9576 W teco.fmhandroi: Accessing hidden method Lsun/misc/Unsafe;->compareAndSwapObject(Ljava/lang/Object;JLjava/lang/Object;Ljava/lang/Object;)Z (greylist, linking, allowed)
12-12 11:52:44.174  9457  9501 W teco.fmhandroi: Accessing hidden method Lsun/misc/Unsafe;->compareAndSwapObject(Ljava/lang/Object;JLjava/lang/Object;Ljava/lang/Object;)Z (greylist, linking, allowed)
12-12 11:52:44.174  9457  9501 W teco.fmhandroi: Accessing hidden method Lsun/misc/Unsafe;->getObject(Ljava/lang/Object;J)Ljava/lang/Object; (greylist, linking, allowed)
12-12 11:52:44.175  9457  9457 I ViewInteraction: Performing 'wait for a specific view with <an instance of android.widget.TextView and view.getText() with or without transformation to match: is "Claims"> during 10000 millis.' action on view view.getRootView() to equal view
12-12 11:52:44.179  9457  9457 I ViewInteraction: Checking 'MatchesViewAssertion{viewMatcher=(view has effective visibility <VISIBLE> and view.getGlobalVisibleRect() to return non-empty rectangle)}' assertion on view an instance of android.widget.TextView and view.getText() with or without transformation to match: is "Claims"
12-12 11:52:44.181  9457  9501 W teco.fmhandroi: Accessing hidden method Lsun/misc/Unsafe;->compareAndSwapObject(Ljava/lang/Object;JLjava/lang/Object;Ljava/lang/Object;)Z (greylist, linking, allowed)
12-12 11:52:44.181  9457  9576 W teco.fmhandroi: Accessing hidden method Lsun/misc/Unsafe;->compareAndSwapObject(Ljava/lang/Object;JLjava/lang/Object;Ljava/lang/Object;)Z (greylist, linking, allowed)
12-12 11:52:44.183  9457  9457 I ViewInteraction: Performing 'wait for a specific view with <view.getId() is <2131231123>> during 10000 millis.' action on view view.getRootView() to equal view
12-12 11:52:44.187  9457  9501 W teco.fmhandroi: Accessing hidden method Lsun/misc/Unsafe;->compareAndSwapObject(Ljava/lang/Object;JLjava/lang/Object;Ljava/lang/Object;)Z (greylist, linking, allowed)
12-12 11:52:44.190  9457  9457 I ViewInteraction: Performing 'single click' action on view view.getId() is <2131231123/ru.iteco.fmhandroid:id/main_menu_image_button>
12-12 11:52:44.342  1776  1828 D gralloc_ranchu: gralloc_alloc: Creating ashmem region of size 2015232
12-12 11:52:44.349  1776  1828 I chatty  : uid=1000(system) HwBinder:1776_1 identical 1 line
12-12 11:52:44.354  1776  1828 D gralloc_ranchu: gralloc_alloc: Creating ashmem region of size 2015232
12-12 11:52:44.394  9457  9547 D EGL_emulation: eglMakeCurrent: 0xd471b6e0: ver 2 0 (tinfo 0xba0740b0)
12-12 11:52:44.534  9457  9470 I teco.fmhandroi: Background young concurrent copying GC freed 63422(3439KB) AllocSpace objects, 4(136KB) LOS objects, 21% free, 9815KB/12MB, paused 1.147ms total 107.996ms
12-12 11:52:44.727  9457  9547 D EGL_emulation: eglMakeCurrent: 0xd471b6e0: ver 2 0 (tinfo 0xba0740b0)
12-12 11:52:44.772  9457  9547 I chatty  : uid=10146(ru.iteco.fmhandroid) RenderThread identical 1 line
12-12 11:52:44.908  9457  9547 D EGL_emulation: eglMakeCurrent: 0xd471b6e0: ver 2 0 (tinfo 0xba0740b0)
12-12 11:52:44.923  9457  9552 E SQLiteLog: (1) too many SQL variables
12-12 11:52:44.955  9457  9547 D EGL_emulation: eglMakeCurrent: 0xd471b6e0: ver 2 0 (tinfo 0xba0740b0)
12-12 11:52:44.974  9457  9547 D EGL_emulation: eglMakeCurrent: 0xd471b6e0: ver 2 0 (tinfo 0xba0740b0)
12-12 11:52:44.994  9457  9457 W System.err: ru.iteco.fmhandroid.exceptions.UnknownException
12-12 11:52:44.994  9457  9457 W System.err: 	at ru.iteco.fmhandroid.utils.Utils.makeRequest(Utils.kt:123)
12-12 11:52:44.994  9457  9457 W System.err: 	at ru.iteco.fmhandroid.utils.Utils$makeRequest$1.invokeSuspend(Unknown Source:15)
12-12 11:52:44.994  9457  9457 W System.err: 	at kotlin.coroutines.jvm.internal.BaseContinuationImpl.resumeWith(ContinuationImpl.kt:33)
12-12 11:52:44.994  9457  9457 W System.err: 	at kotlinx.coroutines.DispatchedTask.run(DispatchedTask.kt:104)
12-12 11:52:44.994  9457  9457 W System.err: 	at android.os.Handler.handleCallback(Handler.java:883)
12-12 11:52:44.994  9457  9457 W System.err: 	at android.os.Handler.dispatchMessage(Handler.java:100)
12-12 11:52:44.994  9457  9457 W System.err: 	at androidx.test.espresso.base.Interrogator.loopAndInterrogate(Interrogator.java:14)
12-12 11:52:44.995  9457  9457 W System.err: 	at androidx.test.espresso.base.UiControllerImpl.loopUntil(UiControllerImpl.java:8)
12-12 11:52:44.995  9457  9457 W System.err: 	at androidx.test.espresso.base.UiControllerImpl.loopUntil(UiControllerImpl.java:1)
12-12 11:52:44.995  9457  9457 W System.err: 	at androidx.test.espresso.base.UiControllerImpl.loopMainThreadForAtLeast(UiControllerImpl.java:7)
12-12 11:52:44.995  9457  9457 W System.err: 	at ru.iteco.fmhandroid.ui.data.ViewActions$1.perform(ViewActions.java:48)
12-12 11:52:44.995  9457  9457 W System.err: 	at androidx.test.espresso.ViewInteraction$SingleExecutionViewAction.perform(ViewInteraction.java:2)
12-12 11:52:44.996  9457  9457 W System.err: 	at androidx.test.espresso.ViewInteraction.doPerform(ViewInteraction.java:25)
12-12 11:52:44.997  9457  9457 W System.err: 	at androidx.test.espresso.ViewInteraction.-$$Nest$mdoPerform(Unknown Source:0)
12-12 11:52:44.997  9457  9457 W System.err: 	at androidx.test.espresso.ViewInteraction$1.call(ViewInteraction.java:7)
12-12 11:52:44.997  9457  9457 W System.err: 	at androidx.test.espresso.ViewInteraction$1.call(ViewInteraction.java:1)
12-12 11:52:44.997  9457  9457 W System.err: 	at java.util.concurrent.FutureTask.run(FutureTask.java:266)
12-12 11:52:44.997  9457  9457 W System.err: 	at android.os.Handler.handleCallback(Handler.java:883)
12-12 11:52:44.998  9457  9457 W System.err: 	at android.os.Handler.dispatchMessage(Handler.java:100)
12-12 11:52:44.998  9457  9457 W System.err: 	at android.os.Looper.loop(Looper.java:214)
12-12 11:52:44.998  9457  9457 W System.err: 	at android.app.ActivityThread.main(ActivityThread.java:7356)
12-12 11:52:44.998  9457  9457 W System.err: 	at java.lang.reflect.Method.invoke(Native Method)
12-12 11:52:45.001  9457  9457 W System.err: 	at com.android.internal.os.RuntimeInit$MethodAndArgsCaller.run(RuntimeInit.java:492)
12-12 11:52:45.002  9457  9457 W System.err: 	at com.android.internal.os.ZygoteInit.main(ZygoteInit.java:930)
12-12 11:52:45.035  9457  9547 D EGL_emulation: eglMakeCurrent: 0xd471b6e0: ver 2 0 (tinfo 0xba0740b0)
12-12 11:52:45.069  1776  1828 D gralloc_ranchu: gralloc_alloc: Creating ashmem region of size 438272
12-12 11:52:45.075  1776  1828 I chatty  : uid=1000(system) HwBinder:1776_1 identical 1 line
12-12 11:52:45.076  1776  1828 D gralloc_ranchu: gralloc_alloc: Creating ashmem region of size 438272
12-12 11:52:45.078  9457  9547 D EGL_emulation: eglMakeCurrent: 0xd471b6e0: ver 2 0 (tinfo 0xba0740b0)
12-12 11:52:45.337  9457  9501 W teco.fmhandroi: Accessing hidden method Lsun/misc/Unsafe;->compareAndSwapObject(Ljava/lang/Object;JLjava/lang/Object;Ljava/lang/Object;)Z (greylist, linking, allowed)
12-12 11:52:45.340  9457  9457 I ViewInteraction: Performing 'wait for a specific view with <an instance of android.widget.TextView and view.getText() with or without transformation to match: is "Claims"> during 10000 millis.' action on view view.getRootView() to equal view
12-12 11:52:45.345  9457  9457 I ViewInteraction: Performing 'single click' action on view an instance of android.widget.TextView and view.getText() with or without transformation to match: is "Claims"
12-12 11:52:45.401  9457  9547 D EGL_emulation: eglMakeCurrent: 0xd471b6e0: ver 2 0 (tinfo 0xba0740b0)
12-12 11:52:45.512  9457  9562 I okhttp.OkHttpClient: --> GET http://www.981757-ca08998.tmweb.ru:8080/fmh/claims
12-12 11:52:45.513  9457  9562 I okhttp.OkHttpClient: --> END GET
12-12 11:52:45.614  9457  9547 D EGL_emulation: eglMakeCurrent: 0xd471b6e0: ver 2 0 (tinfo 0xba0740b0)
12-12 11:52:45.627  9457  9562 I okhttp.OkHttpClient: <-- 200 http://www.981757-ca08998.tmweb.ru:8080/fmh/claims (113ms)
12-12 11:52:45.627  9457  9562 I okhttp.OkHttpClient: Vary: Origin
12-12 11:52:45.627  9457  9562 I okhttp.OkHttpClient: Vary: Access-Control-Request-Method
12-12 11:52:45.627  9457  9562 I okhttp.OkHttpClient: Vary: Access-Control-Request-Headers
12-12 11:52:45.628  9457  9562 I okhttp.OkHttpClient: X-Content-Type-Options: nosniff
12-12 11:52:45.628  9457  9562 I okhttp.OkHttpClient: X-XSS-Protection: 1; mode=block
12-12 11:52:45.628  9457  9562 I okhttp.OkHttpClient: Cache-Control: no-cache, no-store, max-age=0, must-revalidate
12-12 11:52:45.628  9457  9562 I okhttp.OkHttpClient: Pragma: no-cache
12-12 11:52:45.629  9457  9562 I okhttp.OkHttpClient: Expires: 0
12-12 11:52:45.629  9457  9562 I okhttp.OkHttpClient: X-Frame-Options: DENY
12-12 11:52:45.630  9457  9562 I okhttp.OkHttpClient: Content-Type: application/json
12-12 11:52:45.631  9457  9562 I okhttp.OkHttpClient: Transfer-Encoding: chunked
12-12 11:52:45.631  9457  9562 I okhttp.OkHttpClient: Date: Mon, 12 Dec 2022 11:52:47 GMT
12-12 11:52:45.631  9457  9562 I okhttp.OkHttpClient: Keep-Alive: timeout=60
12-12 11:52:45.631  9457  9562 I okhttp.OkHttpClient: Connection: keep-alive
12-12 11:52:45.633  9457  9562 I okhttp.OkHttpClient: [{"id":1,"title":"Claim 123","description":"123","creatorId":1,"executorId":1,"createDate":1670755198,"planExecuteDate":1670755140,"factExecuteDate":null,"status":"IN_PROGRESS","creatorName":"Ivanov Ivan Ivanovich","executorName":"Ivanov Ivan Ivanovich"},{"id":2,"title":"Заголовок 2c46380b-5d43-44f2-a02c-41b8c09710c2","description":"Описание 588c11cc-6a11-4eec-ae49-0f630caace41","creatorId":1,"executorId":null,"createDate":1670845808,"planExecuteDate":1670845740,"factExecuteDate":null,"status":"OPEN","creatorName":"Ivanov Ivan Ivanovich","executorName":null}]
12-12 11:52:45.633  9457  9562 I okhttp.OkHttpClient: <-- END HTTP (582-byte body)
12-12 11:52:45.670  9457  9547 D EGL_emulation: eglMakeCurrent: 0xd471b6e0: ver 2 0 (tinfo 0xba0740b0)
12-12 11:52:45.861  9457  9470 I teco.fmhandroi: Background concurrent copying GC freed 58830(2840KB) AllocSpace objects, 2(52KB) LOS objects, 34% free, 11MB/17MB, paused 1.149ms total 228.816ms
12-12 11:52:46.024  9457  9551 E SQLiteLog: (1) too many SQL variables
12-12 11:52:46.049  9457  9457 W System.err: ru.iteco.fmhandroid.exceptions.UnknownException
12-12 11:52:46.049  9457  9457 W System.err: 	at ru.iteco.fmhandroid.utils.Utils.makeRequest(Utils.kt:123)
12-12 11:52:46.049  9457  9457 W System.err: 	at ru.iteco.fmhandroid.utils.Utils$makeRequest$1.invokeSuspend(Unknown Source:15)
12-12 11:52:46.050  9457  9457 W System.err: 	at kotlin.coroutines.jvm.internal.BaseContinuationImpl.resumeWith(ContinuationImpl.kt:33)
12-12 11:52:46.054  9457  9457 W System.err: 	at kotlinx.coroutines.DispatchedTask.run(DispatchedTask.kt:104)
12-12 11:52:46.055  9457  9457 W System.err: 	at android.os.Handler.handleCallback(Handler.java:883)
12-12 11:52:46.055  9457  9457 W System.err: 	at android.os.Handler.dispatchMessage(Handler.java:100)
12-12 11:52:46.055  9457  9457 W System.err: 	at androidx.test.espresso.base.Interrogator.loopAndInterrogate(Interrogator.java:14)
12-12 11:52:46.055  9457  9457 W System.err: 	at androidx.test.espresso.base.UiControllerImpl.loopUntil(UiControllerImpl.java:8)
12-12 11:52:46.055  9457  9457 W System.err: 	at androidx.test.espresso.base.UiControllerImpl.loopUntil(UiControllerImpl.java:1)
12-12 11:52:46.055  9457  9457 W System.err: 	at androidx.test.espresso.base.UiControllerImpl.loopMainThreadForAtLeast(UiControllerImpl.java:7)
12-12 11:52:46.055  9457  9457 W System.err: 	at ru.iteco.fmhandroid.ui.data.ViewActions$1.perform(ViewActions.java:48)
12-12 11:52:46.055  9457  9457 W System.err: 	at androidx.test.espresso.ViewInteraction$SingleExecutionViewAction.perform(ViewInteraction.java:2)
12-12 11:52:46.055  9457  9457 W System.err: 	at androidx.test.espresso.ViewInteraction.doPerform(ViewInteraction.java:25)
12-12 11:52:46.055  9457  9457 W System.err: 	at androidx.test.espresso.ViewInteraction.-$$Nest$mdoPerform(Unknown Source:0)
12-12 11:52:46.055  9457  9457 W System.err: 	at androidx.test.espresso.ViewInteraction$1.call(ViewInteraction.java:7)
12-12 11:52:46.055  9457  9457 W System.err: 	at androidx.test.espresso.ViewInteraction$1.call(ViewInteraction.java:1)
12-12 11:52:46.055  9457  9457 W System.err: 	at java.util.concurrent.FutureTask.run(FutureTask.java:266)
12-12 11:52:46.055  9457  9457 W System.err: 	at android.os.Handler.handleCallback(Handler.java:883)
12-12 11:52:46.055  9457  9457 W System.err: 	at android.os.Handler.dispatchMessage(Handler.java:100)
12-12 11:52:46.056  9457  9457 W System.err: 	at android.os.Looper.loop(Looper.java:214)
12-12 11:52:46.056  9457  9457 W System.err: 	at android.app.ActivityThread.main(ActivityThread.java:7356)
12-12 11:52:46.056  9457  9457 W System.err: 	at java.lang.reflect.Method.invoke(Native Method)
12-12 11:52:46.056  9457  9457 W System.err: 	at com.android.internal.os.RuntimeInit$MethodAndArgsCaller.run(RuntimeInit.java:492)
12-12 11:52:46.056  9457  9457 W System.err: 	at com.android.internal.os.ZygoteInit.main(ZygoteInit.java:930)
12-12 11:52:46.092  9457  9576 W teco.fmhandroi: Accessing hidden method Lsun/misc/Unsafe;->compareAndSwapObject(Ljava/lang/Object;JLjava/lang/Object;Ljava/lang/Object;)Z (greylist, linking, allowed)
12-12 11:52:46.096  9457  9457 I ViewInteraction: Performing 'wait for a specific view with <view.getId() is <2131230849>> during 10000 millis.' action on view view.getRootView() to equal view
12-12 11:52:46.101  9457  9501 W teco.fmhandroi: Accessing hidden method Lsun/misc/Unsafe;->compareAndSwapObject(Ljava/lang/Object;JLjava/lang/Object;Ljava/lang/Object;)Z (greylist, linking, allowed)
12-12 11:52:46.101  9457  9576 W teco.fmhandroi: Accessing hidden method Lsun/misc/Unsafe;->compareAndSwapObject(Ljava/lang/Object;JLjava/lang/Object;Ljava/lang/Object;)Z (greylist, linking, allowed)
12-12 11:52:46.107  9457  9457 I ViewInteraction: Performing 'single click' action on view view.getId() is <2131230849/ru.iteco.fmhandroid:id/add_new_claim_material_button>
12-12 11:52:46.177  9457  9558 I okhttp.OkHttpClient: --> GET http://www.981757-ca08998.tmweb.ru:8080/fmh/users
12-12 11:52:46.177  9457  9558 I okhttp.OkHttpClient: --> END GET
12-12 11:52:46.344  9457  9558 I okhttp.OkHttpClient: <-- 200 http://www.981757-ca08998.tmweb.ru:8080/fmh/users (166ms)
12-12 11:52:46.344  9457  9558 I okhttp.OkHttpClient: Vary: Origin
12-12 11:52:46.344  9457  9558 I okhttp.OkHttpClient: Vary: Access-Control-Request-Method
12-12 11:52:46.344  9457  9558 I okhttp.OkHttpClient: Vary: Access-Control-Request-Headers
12-12 11:52:46.344  9457  9558 I okhttp.OkHttpClient: X-Content-Type-Options: nosniff
12-12 11:52:46.344  9457  9558 I okhttp.OkHttpClient: X-XSS-Protection: 1; mode=block
12-12 11:52:46.344  9457  9558 I okhttp.OkHttpClient: Cache-Control: no-cache, no-store, max-age=0, must-revalidate
12-12 11:52:46.345  9457  9558 I okhttp.OkHttpClient: Pragma: no-cache
12-12 11:52:46.345  9457  9558 I okhttp.OkHttpClient: Expires: 0
12-12 11:52:46.345  9457  9558 I okhttp.OkHttpClient: X-Frame-Options: DENY
12-12 11:52:46.345  9457  9558 I okhttp.OkHttpClient: Content-Type: application/json
12-12 11:52:46.345  9457  9558 I okhttp.OkHttpClient: Transfer-Encoding: chunked
12-12 11:52:46.345  9457  9558 I okhttp.OkHttpClient: Date: Mon, 12 Dec 2022 11:52:47 GMT
12-12 11:52:46.347  9457  9558 I okhttp.OkHttpClient: Keep-Alive: timeout=60
12-12 11:52:46.347  9457  9558 I okhttp.OkHttpClient: Connection: keep-alive
12-12 11:52:46.348  9457  9558 I okhttp.OkHttpClient: [{"id":1,"firstName":"Ivan","lastName":"Ivanov","middleName":"Ivanovich","admin":true}]
12-12 11:52:46.348  9457  9558 I okhttp.OkHttpClient: <-- END HTTP (87-byte body)
12-12 11:52:46.796  9457  9501 W teco.fmhandroi: Accessing hidden method Lsun/misc/Unsafe;->compareAndSwapObject(Ljava/lang/Object;JLjava/lang/Object;Ljava/lang/Object;)Z (greylist, linking, allowed)
12-12 11:52:46.800  9457  9457 I ViewInteraction: Performing 'wait for a specific view with <(view.getId() is <2131231402> and view.getParent() view.getParent() view.getId() is <2131231406>)> during 10000 millis.' action on view view.getRootView() to equal view
12-12 11:52:46.806  9457  9501 W teco.fmhandroi: Accessing hidden method Lsun/misc/Unsafe;->compareAndSwapObject(Ljava/lang/Object;JLjava/lang/Object;Ljava/lang/Object;)Z (greylist, linking, allowed)
12-12 11:52:46.810  9457  9457 I ViewInteraction: Performing 'replace text(Заголовок 0eb4b025-6e34-4957-a1e2-a64912e9444b)' action on view (view.getId() is <2131231402/ru.iteco.fmhandroid:id/title_edit_text> and view.getParent() view.getParent() view.getId() is <2131231406/ru.iteco.fmhandroid:id/title_text_input_layout>)
12-12 11:52:46.829  9457  9501 W teco.fmhandroi: Accessing hidden method Lsun/misc/Unsafe;->compareAndSwapObject(Ljava/lang/Object;JLjava/lang/Object;Ljava/lang/Object;)Z (greylist, linking, allowed)
12-12 11:52:46.831  2009  2047 E memtrack: Couldn't load memtrack module
12-12 11:52:46.831  2009  2047 W android.os.Debug: failed to get memory consumption info: -1
12-12 11:52:46.913  9457  9457 I ViewInteraction: Performing 'wait for a specific view with <view.getId() is <2131230975>> during 10000 millis.' action on view view.getRootView() to equal view
12-12 11:52:46.918  9457  9501 W teco.fmhandroi: Accessing hidden method Lsun/misc/Unsafe;->compareAndSwapObject(Ljava/lang/Object;JLjava/lang/Object;Ljava/lang/Object;)Z (greylist, linking, allowed)
12-12 11:52:46.923  9457  9457 I ViewInteraction: Performing 'single click' action on view view.getId() is <2131230975/ru.iteco.fmhandroid:id/date_in_plan_text_input_edit_text>
12-12 11:52:47.226  1776  1828 D gralloc_ranchu: gralloc_alloc: Creating ashmem region of size 6778880
12-12 11:52:47.233  1776  1828 I chatty  : uid=1000(system) HwBinder:1776_1 identical 1 line
12-12 11:52:47.236  1776  1828 D gralloc_ranchu: gralloc_alloc: Creating ashmem region of size 6778880
12-12 11:52:47.280  9457  9547 D EGL_emulation: eglMakeCurrent: 0xd471b6e0: ver 2 0 (tinfo 0xba0740b0)
12-12 11:52:47.476  9457  9547 I chatty  : uid=10146(ru.iteco.fmhandroid) RenderThread identical 3 lines
12-12 11:52:47.496  9457  9547 D EGL_emulation: eglMakeCurrent: 0xd471b6e0: ver 2 0 (tinfo 0xba0740b0)
12-12 11:52:47.727  9457  9501 W teco.fmhandroi: Accessing hidden method Lsun/misc/Unsafe;->compareAndSwapObject(Ljava/lang/Object;JLjava/lang/Object;Ljava/lang/Object;)Z (greylist, linking, allowed)
12-12 11:52:47.731  9457  9457 I ViewInteraction: Performing 'wait for a specific view with <is assignable from class <class android.widget.DatePicker>> during 10000 millis.' action on view view.getRootView() to equal view
12-12 11:52:47.736  9457  9457 I ViewInteraction: Checking 'MatchesViewAssertion{viewMatcher=(view has effective visibility <VISIBLE> and view.getGlobalVisibleRect() to return non-empty rectangle)}' assertion on view is assignable from class <class android.widget.DatePicker>
12-12 11:52:47.740  9457  9457 I ViewInteraction: Performing 'wait for a specific view with <is assignable from class <class android.widget.DatePicker>> during 10000 millis.' action on view view.getRootView() to equal view
12-12 11:52:47.745  9457  9457 I ViewInteraction: Performing 'set date' action on view is assignable from class <class android.widget.DatePicker>
12-12 11:52:47.788  9457  9457 I ViewInteraction: Performing 'wait for a specific view with <view.getId() is <16908313>> during 10000 millis.' action on view view.getRootView() to equal view
12-12 11:52:47.792  9457  9501 W teco.fmhandroi: Accessing hidden method Lsun/misc/Unsafe;->compareAndSwapObject(Ljava/lang/Object;JLjava/lang/Object;Ljava/lang/Object;)Z (greylist, linking, allowed)
12-12 11:52:47.793  9457  9576 W teco.fmhandroi: Accessing hidden method Lsun/misc/Unsafe;->compareAndSwapObject(Ljava/lang/Object;JLjava/lang/Object;Ljava/lang/Object;)Z (greylist, linking, allowed)
12-12 11:52:47.796  9457  9457 I ViewInteraction: Performing 'single click' action on view view.getId() is <16908313/android:id/button1>
12-12 11:52:47.894  9457  9547 D EGL_emulation: eglMakeCurrent: 0xd471b6e0: ver 2 0 (tinfo 0xba0740b0)
12-12 11:52:47.911  9457  9547 D EGL_emulation: eglMakeCurrent: 0xd471b6e0: ver 2 0 (tinfo 0xba0740b0)
12-12 11:52:47.916  2009  2031 E InputDispatcher: Window handle Window{b721f5e u0 ru.iteco.fmhandroid/ru.iteco.fmhandroid.ui.AppActivity} has no registered input channel
12-12 11:52:48.253  9457  9501 W teco.fmhandroi: Accessing hidden method Lsun/misc/Unsafe;->compareAndSwapObject(Ljava/lang/Object;JLjava/lang/Object;Ljava/lang/Object;)Z (greylist, linking, allowed)
12-12 11:52:48.257  9457  9457 I ViewInteraction: Performing 'wait for a specific view with <(an instance of android.widget.TextView and view.getHint() matching: is "Time" and view.getParent() view.getParent() view.getId() is <2131231399>)> during 10000 millis.' action on view view.getRootView() to equal view
12-12 11:52:48.261  9457  9501 W teco.fmhandroi: Accessing hidden method Lsun/misc/Unsafe;->compareAndSwapObject(Ljava/lang/Object;JLjava/lang/Object;Ljava/lang/Object;)Z (greylist, linking, allowed)
12-12 11:52:48.261  9457  9576 W teco.fmhandroi: Accessing hidden method Lsun/misc/Unsafe;->compareAndSwapObject(Ljava/lang/Object;JLjava/lang/Object;Ljava/lang/Object;)Z (greylist, linking, allowed)
12-12 11:52:48.267  9457  9457 I ViewInteraction: Performing 'single click' action on view (an instance of android.widget.TextView and view.getHint() matching: is "Time" and view.getParent() view.getParent() view.getId() is <2131231399/ru.iteco.fmhandroid:id/time_in_plan_text_input_layout>)
12-12 11:52:48.560  2009  2031 W NotificationService: Toast already killed. pkg=ru.iteco.fmhandroid callback=android.app.ITransientNotification$Stub$Proxy@6c62828
12-12 11:52:48.609  1776  1828 D gralloc_ranchu: gralloc_alloc: Creating ashmem region of size 438272
12-12 11:52:48.622  1776  1828 D gralloc_ranchu: gralloc_alloc: Creating ashmem region of size 438272
12-12 11:52:48.624  1776  1920 D gralloc_ranchu: gralloc_alloc: Creating ashmem region of size 438272
12-12 11:52:48.627  9457  9547 D EGL_emulation: eglMakeCurrent: 0xd471b6e0: ver 2 0 (tinfo 0xba0740b0)
12-12 11:52:48.659  9457  9547 D EGL_emulation: eglMakeCurrent: 0xd471b6e0: ver 2 0 (tinfo 0xba0740b0)
12-12 11:52:48.837  1776  1920 D gralloc_ranchu: gralloc_alloc: Creating ashmem region of size 5718016
12-12 11:52:48.840  1776  1920 I chatty  : uid=1000(system) HwBinder:1776_2 identical 1 line
12-12 11:52:48.841  1776  1920 D gralloc_ranchu: gralloc_alloc: Creating ashmem region of size 5718016
12-12 11:52:48.858  9457  9547 D EGL_emulation: eglMakeCurrent: 0xd471b6e0: ver 2 0 (tinfo 0xba0740b0)
12-12 11:52:48.922  9457  9547 I chatty  : uid=10146(ru.iteco.fmhandroid) RenderThread identical 2 lines
12-12 11:52:49.012  9457  9547 D EGL_emulation: eglMakeCurrent: 0xd471b6e0: ver 2 0 (tinfo 0xba0740b0)
12-12 11:52:49.237  9457  9501 W teco.fmhandroi: Accessing hidden method Lsun/misc/Unsafe;->compareAndSwapObject(Ljava/lang/Object;JLjava/lang/Object;Ljava/lang/Object;)Z (greylist, linking, allowed)
