12-12 11:58:42.316 10337 10385 I QueryController: Matched selector: UiSelector[DESCRIPTION=Airplane mode] <<==>> [android.view.accessibility.AccessibilityNodeInfo@74e0b; boundsInParent: Rect(0, 0 - 292, 292); boundsInScreen: Rect(736, 804 - 1028, 1096); packageName: com.android.systemui; className: android.widget.Switch; text: Off; error: null; maxTextLength: -1; contentDescription: Airplane mode; tooltipText: null; viewIdResName: null; checkable: true; checked: false; focusable: true; focused: false; selected: false; clickable: true; longClickable: true; contextClickable: false; enabled: true; password: false; scrollable: false; importantForAccessibility: true; visible: true; actions: [AccessibilityAction: ACTION_FOCUS - null, AccessibilityAction: ACTION_SELECT - null, AccessibilityAction: ACTION_CLEAR_SELECTION - null, AccessibilityAction: ACTION_CLICK - null, AccessibilityAction: ACTION_ACCESSIBILITY_FOCUS - null, AccessibilityAction: ACTION_NEXT_AT_MOVEMENT_GRANULARITY - null, AccessibilityAction: ACTION_PREVIOUS_AT_MOVEMENT_GRANULARITY - null, AccessibilityAction: ACTION_SET_SELECTION - null, AccessibilityAction: ACTION_SHOW_ON_SCREEN - null, AccessibilityAction: ACTION_LONG_CLICK - Open settings]]
12-12 11:58:42.352  2009  2040 D AutofillManagerService: onBackKeyPressed()
12-12 11:58:42.992  2161  2161 V StatusBar: mStatusBarWindow: com.android.systemui.statusbar.phone.StatusBarWindowView{f80b54d V.E...... ........ 0,0-1080,2340} canPanelBeCollapsed(): true
12-12 11:58:42.999  2161  2161 D StatusBar: disable<e i a s b h r c s > disable2<q i n >
12-12 11:58:43.047  2161  2161 D StatusBar: disable<e i a s b h r c s > disable2<q i n >
12-12 11:58:43.051  1776  1828 D gralloc_ranchu: gralloc_alloc: Creating ashmem region of size 10108928
12-12 11:58:43.163  2161  2570 D EGL_emulation: eglMakeCurrent: 0xe7a7fbe0: ver 2 0 (tinfo 0xd11aea40)
12-12 11:58:43.174  1776  1828 D gralloc_ranchu: gralloc_alloc: Creating ashmem region of size 286720
12-12 11:58:43.180  2161  2570 D EGL_emulation: eglMakeCurrent: 0xe7a7fbe0: ver 2 0 (tinfo 0xd11aea40)
12-12 11:58:43.197  1776  1828 D gralloc_ranchu: gralloc_alloc: Creating ashmem region of size 286720
12-12 11:58:42.991  2009  2040 D AutofillManagerService: onBackKeyPressed()
12-12 11:58:43.375  2009  3027 I ActivityTaskManager: START u0 {act=android.intent.action.MAIN cat=[android.intent.category.LAUNCHER] flg=0x10000000 cmp=ru.iteco.fmhandroid.test/androidx.test.core.app.InstrumentationActivityInvoker$EmptyActivity} from uid 10146
12-12 11:58:43.209  1776  1828 D gralloc_ranchu: gralloc_alloc: Creating ashmem region of size 286720
12-12 11:58:43.392 10337 10337 D LifecycleMonitor: Lifecycle status change: ru.iteco.fmhandroid.ui.AppActivity@bb51593 in: PAUSED
12-12 11:58:43.393 10337 10337 V ActivityScenario: Update currentActivityStage to PAUSED, currentActivity=ru.iteco.fmhandroid.ui.AppActivity@bb51593
12-12 11:58:43.395  2009  7998 W InputReader: Device has associated, but no associated display id.
12-12 11:58:43.397  2009  7998 I chatty  : uid=1000(system) Binder:2009_1E identical 28 lines
12-12 11:58:43.397  2009  7998 W InputReader: Device has associated, but no associated display id.
12-12 11:58:43.399 10395 10395 W ActivityThread: handleWindowVisibility: no activity for token android.os.BinderProxy@9533af5
12-12 11:58:43.397  2009  7998 W InputReader: Device has associated, but no associated display id.
12-12 11:58:43.470  2009  4963 I ActivityTaskManager: START u0 {act=android.intent.action.MAIN cat=[android.intent.category.LAUNCHER] flg=0x10000000 cmp=ru.iteco.fmhandroid.test/androidx.test.core.app.InstrumentationActivityInvoker$EmptyActivity} from uid 10146
12-12 11:58:43.404  2009  7998 I chatty  : uid=1000(system) Binder:2009_1E identical 18 lines
12-12 11:58:43.404  2009  7998 W InputReader: Device has associated, but no associated display id.
12-12 11:58:43.477 10337 10375 V FA      : Recording user engagement, ms: 30784
12-12 11:58:43.495 10395 10426 D HostConnection: HostConnection::get() New Host Connection established 0xd1144c30, tid 10426
12-12 11:58:43.527 10395 10426 D HostConnection: HostComposition ext ANDROID_EMU_CHECKSUM_HELPER_v1 ANDROID_EMU_dma_v1 ANDROID_EMU_direct_mem ANDROID_EMU_host_composition_v1 ANDROID_EMU_host_composition_v2 ANDROID_EMU_vulkan ANDROID_EMU_deferred_vulkan_commands ANDROID_EMU_vulkan_null_optional_strings ANDROID_EMU_vulkan_create_resources_with_requirements ANDROID_EMU_YUV_Cache ANDROID_EMU_vulkan_ignored_handles ANDROID_EMU_vulkan_free_memory_sync ANDROID_EMU_vulkan_shader_float16_int8 ANDROID_EMU_vulkan_async_queue_submit ANDROID_EMU_sync_buffer_data GL_OES_vertex_array_object GL_KHR_texture_compression_astc_ldr ANDROID_EMU_host_side_tracing ANDROID_EMU_gles_max_version_2 
12-12 11:58:43.534 10395 10426 W OpenGLRenderer: Failed to choose config with EGL_SWAP_BEHAVIOR_PRESERVED, retrying without...
12-12 11:58:43.568 10395 10426 D EGL_emulation: eglCreateContext: 0xdc7f55e0: maj 2 min 0 rcv 2
12-12 11:58:43.572 10395 10426 D EGL_emulation: eglMakeCurrent: 0xdc7f55e0: ver 2 0 (tinfo 0xe7a9ed90)
12-12 11:58:43.587 10337 10375 V FA      : Connecting to remote service
12-12 11:58:43.590  1776  1828 D gralloc_ranchu: gralloc_alloc: Creating ashmem region of size 10108928
12-12 11:58:43.593  1650  1650 I hwservicemanager: getTransport: Cannot find entry android.hardware.graphics.mapper@3.0::IMapper/default in either framework or device manifest.
12-12 11:58:43.594 10395 10426 W Gralloc3: mapper 3.x is not supported
12-12 11:58:43.598 10395 10426 D HostConnection: createUnique: call
12-12 11:58:43.599 10395 10426 D HostConnection: HostConnection::get() New Host Connection established 0xd1146580, tid 10426
12-12 11:58:43.601 10395 10426 D HostConnection: HostComposition ext ANDROID_EMU_CHECKSUM_HELPER_v1 ANDROID_EMU_dma_v1 ANDROID_EMU_direct_mem ANDROID_EMU_host_composition_v1 ANDROID_EMU_host_composition_v2 ANDROID_EMU_vulkan ANDROID_EMU_deferred_vulkan_commands ANDROID_EMU_vulkan_null_optional_strings ANDROID_EMU_vulkan_create_resources_with_requirements ANDROID_EMU_YUV_Cache ANDROID_EMU_vulkan_ignored_handles ANDROID_EMU_vulkan_free_memory_sync ANDROID_EMU_vulkan_shader_float16_int8 ANDROID_EMU_vulkan_async_queue_submit ANDROID_EMU_sync_buffer_data GL_OES_vertex_array_object GL_KHR_texture_compression_astc_ldr ANDROID_EMU_host_side_tracing ANDROID_EMU_gles_max_version_2 
12-12 11:58:43.602 10395 10426 D eglCodecCommon: allocate: Ask for block of size 0x1000
12-12 11:58:43.602 10395 10426 D eglCodecCommon: allocate: ioctl allocate returned offset 0x3ff647000 size 0x2000
12-12 11:58:43.607  1776  1828 D gralloc_ranchu: gralloc_alloc: Creating ashmem region of size 10108928
12-12 11:58:43.610  1776  1828 D gralloc_ranchu: gralloc_alloc: Creating ashmem region of size 10108928
12-12 11:58:43.617 10395 10426 D EGL_emulation: eglMakeCurrent: 0xdc7f55e0: ver 2 0 (tinfo 0xe7a9ed90)
12-12 11:58:43.631 10337 10375 V FA      : Connection attempt already in progress
12-12 11:58:43.632 10337 10375 V FA      : Activity paused, time: 3749074
12-12 11:58:43.642 10337 10375 D FA      : Connected to remote service
12-12 11:58:43.645 10337 10375 V FA      : Processing queued up service tasks: 2
12-12 11:58:43.661  2009  2009 W WindowManager: removeWindowToken: Attempted to remove non-existing token: android.os.Binder@499b122
12-12 11:58:43.693  2861 10512 V FA-SVC  : Logging event: origin=auto,name=user_engagement(_e),params=Bundle[{ga_event_origin(_o)=auto, engagement_time_msec(_et)=30784, ga_screen_class(_sc)=AppActivity, ga_screen_id(_si)=-3846757902792649129}]
12-12 11:58:43.722  2009  2094 W InputReader: Device has associated, but no associated display id.
12-12 11:58:43.727  2009  2094 I chatty  : uid=1000(system) Binder:2009_3 identical 48 lines
12-12 11:58:43.727  2009  2094 W InputReader: Device has associated, but no associated display id.
12-12 11:58:43.737 10395 10395 W ActivityThread: handleWindowVisibility: no activity for token android.os.BinderProxy@7e2903a
12-12 11:58:43.760  2861 10512 V FA-SVC  : Upload scheduled in approximately ms: 2970826
12-12 11:58:43.760  2861 10512 V FA-SVC  : Unscheduling upload
12-12 11:58:43.763  2009  4963 W ActivityTaskManager: Duplicate finish request for ActivityRecord{10ef200 u0 ru.iteco.fmhandroid/.ui.AppActivity t416 f}
12-12 11:58:43.765  2861 10512 V FA-SVC  : Scheduling upload, millis: 2970826
12-12 11:58:43.767  2861 10512 V FA-SVC  : Background event processing time, ms: 75
12-12 11:58:43.794  1776  1828 D gralloc_ranchu: gralloc_alloc: Creating ashmem region of size 10108928
12-12 11:58:43.797  1776  1828 I chatty  : uid=1000(system) HwBinder:1776_1 identical 1 line
12-12 11:58:43.798  1776  1828 D gralloc_ranchu: gralloc_alloc: Creating ashmem region of size 10108928
12-12 11:58:43.806 10395 10426 D EGL_emulation: eglMakeCurrent: 0xdc7f55e0: ver 2 0 (tinfo 0xe7a9ed90)
12-12 11:58:43.838  2009  2043 W InputReader: Device has associated, but no associated display id.
12-12 11:58:43.839  2009  2043 I chatty  : uid=1000(system) android.anim identical 18 lines
12-12 11:58:43.839  2009  2043 W InputReader: Device has associated, but no associated display id.
12-12 11:58:43.863  2009  2047 I ActivityTaskManager: Displayed ru.iteco.fmhandroid.test/androidx.test.core.app.InstrumentationActivityInvoker$EmptyActivity: +332ms
12-12 11:58:43.865  2009  8277 W InputReader: Device has associated, but no associated display id.
12-12 11:58:43.865  2009  8277 I chatty  : uid=1000(system) Binder:2009_20 identical 8 lines
12-12 11:58:43.865  2009  8277 W InputReader: Device has associated, but no associated display id.
12-12 11:58:43.898 10337 10430 D EGL_emulation: eglMakeCurrent: 0xe7a7f3a0: ver 2 0 (tinfo 0xdc8aa500)
12-12 11:58:43.914  2009  8277 W InputReader: Device has associated, but no associated display id.
12-12 11:58:43.915  2009  8277 I chatty  : uid=1000(system) Binder:2009_20 identical 8 lines
12-12 11:58:43.915  2009  8277 W InputReader: Device has associated, but no associated display id.
12-12 11:58:43.945  1776  1828 D gralloc_ranchu: gralloc_alloc: Creating ashmem region of size 10108928
12-12 11:58:43.956  1776  1828 D gralloc_ranchu: gralloc_alloc: Creating ashmem region of size 10108928
12-12 11:58:43.957 10337 10337 D LifecycleMonitor: Lifecycle status change: ru.iteco.fmhandroid.ui.AppActivity@bb51593 in: STOPPED
12-12 11:58:43.957  1776  1828 D gralloc_ranchu: gralloc_alloc: Creating ashmem region of size 10108928
12-12 11:58:43.960 10337 10337 V ActivityScenario: Update currentActivityStage to STOPPED, currentActivity=ru.iteco.fmhandroid.ui.AppActivity@bb51593
12-12 11:58:43.962  2934  3550 D EGL_emulation: eglMakeCurrent: 0xb4f69600: ver 2 0 (tinfo 0xb7b06800)
12-12 11:58:43.997  2009  2009 W ActivityManager: Unable to start service Intent { act=android.service.appprediction.AppPredictionService cmp=com.google.android.as/com.google.android.apps.miphone.aiai.app.AiAiPredictionService } U=0: not found
12-12 11:58:43.998  2009  2009 W RemoteAppPredictionService: could not bind to Intent { act=android.service.appprediction.AppPredictionService cmp=com.google.android.as/com.google.android.apps.miphone.aiai.app.AiAiPredictionService } using flags 67108865
12-12 11:58:44.026  1776  1828 D gralloc_ranchu: gralloc_alloc: Creating ashmem region of size 10108928
12-12 11:58:44.040  2934  2934 W ThreadPoolDumper: Queue length for executor EventBus is now 11. Perhaps some tasks are too long, or the pool is too small.
12-12 11:58:44.045  1776  1828 D gralloc_ranchu: gralloc_alloc: Creating ashmem region of size 10108928
12-12 11:58:44.046  1776  1828 D gralloc_ranchu: gralloc_alloc: Creating ashmem region of size 10108928
12-12 11:58:44.053  2484  3096 D EGL_emulation: eglMakeCurrent: 0xe7a7f6a0: ver 2 0 (tinfo 0xdc8104f0)
12-12 11:58:44.087  2009  2043 W InputReader: Device has associated, but no associated display id.
12-12 11:58:44.087  2009  2043 I chatty  : uid=1000(system) android.anim identical 8 lines
12-12 11:58:44.087  2009  2043 W InputReader: Device has associated, but no associated display id.
12-12 11:58:44.090  1776  1828 D gralloc_ranchu: gralloc_alloc: Creating ashmem region of size 6471680
12-12 11:58:44.099  2161  2570 D EGL_emulation: eglMakeCurrent: 0xe7a7fbe0: ver 2 0 (tinfo 0xd11aea40)
12-12 11:58:44.139  2934  3332 W SessionLifecycleManager: Handover failed. Creating new session controller.
12-12 11:58:44.152 10395 10426 D EGL_emulation: eglMakeCurrent: 0xdc7f55e0: ver 2 0 (tinfo 0xe7a9ed90)
12-12 11:58:44.165  1792  1792 E Layer   : [Surface(name=AppWindowToken{837d646 token=Token{8c77221 ActivityRecord{c4f888 u0 com.google.android.apps.nexuslauncher/.NexusLauncherActivity t401}}})/@0x179ae30 - animation-leash#0] No local sync point found
12-12 11:58:44.165  1792  1792 E Layer   : [Surface(name=AppWindowToken{acf9e3e token=Token{571fef9 ActivityRecord{770d1c0 u0 ru.iteco.fmhandroid.test/androidx.test.core.app.InstrumentationActivityInvoker$EmptyActivity t416}}})/@0x5b1a04e - animation-leash#0] No local sync point found
12-12 11:58:44.218  2009  6383 D HostConnection: HostConnection::get() New Host Connection established 0xa91e0ad0, tid 6383
12-12 11:58:44.221  2009  6383 D HostConnection: HostComposition ext ANDROID_EMU_CHECKSUM_HELPER_v1 ANDROID_EMU_dma_v1 ANDROID_EMU_direct_mem ANDROID_EMU_host_composition_v1 ANDROID_EMU_host_composition_v2 ANDROID_EMU_vulkan ANDROID_EMU_deferred_vulkan_commands ANDROID_EMU_vulkan_null_optional_strings ANDROID_EMU_vulkan_create_resources_with_requirements ANDROID_EMU_YUV_Cache ANDROID_EMU_vulkan_ignored_handles ANDROID_EMU_vulkan_free_memory_sync ANDROID_EMU_vulkan_shader_float16_int8 ANDROID_EMU_vulkan_async_queue_submit ANDROID_EMU_sync_buffer_data GL_OES_vertex_array_object GL_KHR_texture_compression_astc_ldr ANDROID_EMU_host_side_tracing ANDROID_EMU_gles_max_version_2 
12-12 11:58:44.222  2009  6383 W OpenGLRenderer: Failed to choose config with EGL_SWAP_BEHAVIOR_PRESERVED, retrying without...
12-12 11:58:44.255  2161  2173 I ndroid.systemu: NativeAlloc concurrent copying GC freed 24519(1165KB) AllocSpace objects, 0(0B) LOS objects, 49% free, 5384KB/10MB, paused 1.613ms total 104.232ms
12-12 11:58:44.257  2009  6383 D EGL_emulation: eglCreateContext: 0xd11493c0: maj 2 min 0 rcv 2
12-12 11:58:44.263  2009  6383 D EGL_emulation: eglMakeCurrent: 0xd11493c0: ver 2 0 (tinfo 0xb8779bb0)
12-12 11:58:44.266  2484  2502 W System  : A resource failed to call release. 
12-12 11:58:44.266  2484  2502 W System  : A resource failed to call release. 
12-12 11:58:44.320 10337 10337 D LifecycleMonitor: Lifecycle status change: ru.iteco.fmhandroid.ui.AppActivity@bb51593 in: DESTROYED
12-12 11:58:44.321 10337 10337 V ActivityScenario: Update currentActivityStage to DESTROYED, currentActivity=null
12-12 11:58:44.335 10337 10337 E WindowManager: 
12-12 11:58:44.335 10337 10337 E WindowManager: android.view.WindowLeaked: Activity ru.iteco.fmhandroid.ui.AppActivity has leaked window DecorView@e7a0acb[AppActivity] that was originally added here
12-12 11:58:44.335 10337 10337 E WindowManager: 	at android.view.ViewRootImpl.<init>(ViewRootImpl.java:597)
12-12 11:58:44.335 10337 10337 E WindowManager: 	at android.view.WindowManagerGlobal.addView(WindowManagerGlobal.java:377)
12-12 11:58:44.335 10337 10337 E WindowManager: 	at android.view.WindowManagerImpl.addView(WindowManagerImpl.java:95)
12-12 11:58:44.335 10337 10337 E WindowManager: 	at android.app.Dialog.show(Dialog.java:342)
12-12 11:58:44.335 10337 10337 E WindowManager: 	at ru.iteco.fmhandroid.ui.NewsListFragment$onViewCreated$7$invokeSuspend$$inlined$collect$1.emit(Collect.kt:142)
12-12 11:58:44.335 10337 10337 E WindowManager: 	at kotlinx.coroutines.flow.SharedFlowImpl.collect(SharedFlow.kt:351)
12-12 11:58:44.335 10337 10337 E WindowManager: 	at kotlinx.coroutines.flow.SharedFlowImpl$collect$1.invokeSuspend(Unknown Source:15)
12-12 11:58:44.335 10337 10337 E WindowManager: 	at kotlin.coroutines.jvm.internal.BaseContinuationImpl.resumeWith(ContinuationImpl.kt:33)
12-12 11:58:44.335 10337 10337 E WindowManager: 	at kotlinx.coroutines.DispatchedTaskKt.resume(DispatchedTask.kt:234)
12-12 11:58:44.335 10337 10337 E WindowManager: 	at kotlinx.coroutines.DispatchedTaskKt.resumeUnconfined(DispatchedTask.kt:190)
12-12 11:58:44.335 10337 10337 E WindowManager: 	at kotlinx.coroutines.DispatchedTaskKt.dispatch(DispatchedTask.kt:161)
12-12 11:58:44.335 10337 10337 E WindowManager: 	at kotlinx.coroutines.CancellableContinuationImpl.dispatchResume(CancellableContinuationImpl.kt:397)
12-12 11:58:44.335 10337 10337 E WindowManager: 	at kotlinx.coroutines.CancellableContinuationImpl.resumeImpl(CancellableContinuationImpl.kt:431)
12-12 11:58:44.335 10337 10337 E WindowManager: 	at kotlinx.coroutines.CancellableContinuationImpl.resumeImpl$default(CancellableContinuationImpl.kt:420)
12-12 11:58:44.335 10337 10337 E WindowManager: 	at kotlinx.coroutines.CancellableContinuationImpl.resumeWith(CancellableContinuationImpl.kt:328)
12-12 11:58:44.335 10337 10337 E WindowManager: 	at kotlinx.coroutines.flow.SharedFlowImpl.emitSuspend(SharedFlow.kt:472)
12-12 11:58:44.335 10337 10337 E WindowManager: 	at kotlinx.coroutines.flow.SharedFlowImpl.emit(SharedFlow.kt:374)
12-12 11:58:44.335 10337 10337 E WindowManager: 	at ru.iteco.fmhandroid.viewmodel.NewsViewModel.internalOnRefresh(NewsViewModel.kt:89)
12-12 11:58:44.335 10337 10337 E WindowManager: 	at ru.iteco.fmhandroid.viewmodel.NewsViewModel.access$internalOnRefresh(NewsViewModel.kt:19)
12-12 11:58:44.335 10337 10337 E WindowManager: 	at ru.iteco.fmhandroid.viewmodel.NewsViewModel$internalOnRefresh$1.invokeSuspend(Unknown Source:14)
12-12 11:58:44.335 10337 10337 E WindowManager: 	at kotlin.coroutines.jvm.internal.BaseContinuationImpl.resumeWith(ContinuationImpl.kt:33)
12-12 11:58:44.335 10337 10337 E WindowManager: 	at kotlinx.coroutines.DispatchedTask.run(DispatchedTask.kt:104)
12-12 11:58:44.335 10337 10337 E WindowManager: 	at android.os.Handler.handleCallback(Handler.java:883)
12-12 11:58:44.335 10337 10337 E WindowManager: 	at android.os.Handler.dispatchMessage(Handler.java:100)
12-12 11:58:44.335 10337 10337 E WindowManager: 	at androidx.test.espresso.base.Interrogator.loopAndInterrogate(Interrogator.java:14)
12-12 11:58:44.335 10337 10337 E WindowManager: 	at androidx.test.espresso.base.UiControllerImpl.loopUntil(UiControllerImpl.java:8)
12-12 11:58:44.335 10337 10337 E WindowManager: 	at androidx.test.espresso.base.UiControllerImpl.loopUntil(UiControllerImpl.java:1)
12-12 11:58:44.335 10337 10337 E WindowManager: 	at androidx.test.espresso.base.UiControllerImpl.loopMainThreadForAtLeast(UiControllerImpl.java:7)
12-12 11:58:44.335 10337 10337 E WindowManager: 	at androidx.test.espresso.action.Tap$1.sendTap(Tap.java:6)
12-12 11:58:44.335 10337 10337 E WindowManager: 	at androidx.test.espresso.action.GeneralClickAction.perform(GeneralClickAction.java:6)
12-12 11:58:44.335 10337 10337 E WindowManager: 	at androidx.test.espresso.ViewInteraction$SingleExecutionViewAction.perform(ViewInteraction.java:2)
12-12 11:58:44.335 10337 10337 E WindowManager: 	at androidx.test.espresso.ViewInteraction.doPerform(ViewInteraction.java:25)
12-12 11:58:44.335 10337 10337 E WindowManager: 	at androidx.test.espresso.ViewInteraction.-$$Nest$mdoPerform(Unknown Source:0)
12-12 11:58:44.335 10337 10337 E WindowManager: 	at androidx.test.espresso.ViewInteraction$1.call(ViewInteraction.java:7)
12-12 11:58:44.335 10337 10337 E WindowManager: 	at androidx.test.espresso.ViewInteraction$1.call(ViewInteraction.java:1)
12-12 11:58:44.335 10337 10337 E WindowManager: 	at java.util.concurrent.FutureTask.run(FutureTask.java:266)
12-12 11:58:44.335 10337 10337 E WindowManager: 	at android.os.Handler.handleCallback(Handler.java:883)
12-12 11:58:44.335 10337 10337 E WindowManager: 	at android.os.Handler.dispatchMessage(Handler.java:100)
12-12 11:58:44.335 10337 10337 E WindowManager: 	at android.os.Looper.loop(Looper.java:214)
12-12 11:58:44.335 10337 10337 E WindowManager: 	at android.app.ActivityThread.main(ActivityThread.java:7356)
12-12 11:58:44.335 10337 10337 E WindowManager: 	at java.lang.reflect.Method.invoke(Native Method)
12-12 11:58:44.335 10337 10337 E WindowManager: 	at com.android.internal.os.RuntimeInit$MethodAndArgsCaller.run(RuntimeInit.java:492)
12-12 11:58:44.335 10337 10337 E WindowManager: 	at com.android.internal.os.ZygoteInit.main(ZygoteInit.java:930)
12-12 11:58:44.427  2009  8277 W WindowManager: Failed looking up window callers=com.android.server.wm.WindowManagerService.windowForClientLocked:5281 com.android.server.wm.WindowManagerService.removeWindow:1753 com.android.server.wm.Session.remove:176 
12-12 11:58:44.434  2934 10519 W LocationOracle: No location history returned by ContextManager
