--------- beginning of main
12-12 11:58:07.197 10337 10337 I System.out: waiting for debugger to settle...
12-12 11:58:08.414 10337 10337 I chatty  : uid=10146(ru.iteco.fmhandroid) identical 6 lines
12-12 11:58:08.617 10337 10337 I System.out: waiting for debugger to settle...
12-12 11:58:08.820 10337 10337 I System.out: debugger has settled (1481)
12-12 11:58:08.820 10337 10337 I AndroidJUnitRunner: Debugger connected.
12-12 11:58:08.850 10337 10337 V TestEventClient: No service name argument was given (testDiscoveryService, testRunEventService or orchestratorService)
12-12 11:58:08.878 10337 10385 D AndroidJUnitRunner: onStart is called.
12-12 11:58:08.930 10337 10337 I MonitoringInstr: No JSBridge.
12-12 11:58:08.961 10337 10375 D FA      : Connected to remote service
12-12 11:58:08.973 10337 10375 V FA      : Processing queued up service tasks: 3
12-12 11:58:09.040 10337 10385 D TestRequestBuilder: Skipping class path scanning and directly running [ru.iteco.fmhandroid.ui.ControlPanelTest]
12-12 11:58:09.087  2861 10387 V FA-SVC  : Saving default event parameters, appId, data size: ru.iteco.fmhandroid, 2
12-12 11:58:09.248 10337 10385 D ClassesArgTokenizer: input: ru.iteco.fmhandroid.ui.ControlPanelTest#shouldShowDialogWindowSomethingWrong
12-12 11:58:09.249 10337 10385 D ClassesArgTokenizer: result: [ru.iteco.fmhandroid.ui.ControlPanelTest#shouldShowDialogWindowSomethingWrong]
12-12 11:58:09.249 10337 10385 D ClassesArgTokenizer: input: null
12-12 11:58:09.249 10337 10385 D ClassesArgTokenizer: result: []
12-12 11:58:09.351 10337 10385 D AndroidJUnitRunner: Use the raw file system for managing file I/O.
12-12 11:58:09.378 10337 10385 D TestExecutor: Adding listener androidx.test.internal.runner.listener.LogRunListener
12-12 11:58:09.380 10337 10385 D TestExecutor: Adding listener androidx.test.internal.runner.listener.InstrumentationResultPrinter
12-12 11:58:09.380 10337 10385 D TestExecutor: Adding listener androidx.test.internal.runner.listener.ActivityFinisherRunListener
12-12 11:58:09.380 10337 10385 D TestExecutor: Adding listener androidx.test.internal.runner.listener.TraceRunListener
12-12 11:58:09.391  2934  3332 I MicroDetectionWorker: #startMicroDetector [speakerMode: 0]
12-12 11:58:09.392  2934  3332 W ErrorReporter: reportError [type: 211, code: 393244, bug: 0]: errorCode: 393244, engine: 0
12-12 11:58:09.393  2934  3332 I MicroDetector: Keeping mic open: false
12-12 11:58:09.393  2934  3332 I MicroDetectionWorker: #onError(false)
12-12 11:58:09.410 10337 10385 I TestRunner: run started: 1 tests
12-12 11:58:09.610 10337 10385 I TestRunner: started: shouldShowDialogWindowSomethingWrong(ru.iteco.fmhandroid.ui.ControlPanelTest)
12-12 11:58:09.861  1745 10388 E ResolverController: No valid NAT64 prefix (100, <unspecified>/0)
--------- beginning of system
12-12 11:58:10.159  2009  2009 V SettingsProvider: Notifying for 0: content://settings/secure/accessibility_enabled
12-12 11:58:10.258 10337 10385 W Settings: Setting always_finish_activities has moved from android.provider.Settings.System to android.provider.Settings.Global, returning read-only value.
12-12 11:58:10.279  2009  2094 I ActivityTaskManager: START u0 {act=android.intent.action.MAIN cat=[android.intent.category.LAUNCHER] flg=0x10008000 cmp=ru.iteco.fmhandroid.test/androidx.test.core.app.InstrumentationActivityInvoker$BootstrapActivity (has extras)} from uid 10146
12-12 11:58:10.296  2009  2094 W InputReader: Device has associated, but no associated display id.
12-12 11:58:10.296  2009  2094 I chatty  : uid=1000(system) Binder:2009_3 identical 8 lines
12-12 11:58:10.296  2009  2094 W InputReader: Device has associated, but no associated display id.
12-12 11:58:10.339  1776  1828 D gralloc_ranchu: gralloc_alloc: Creating ashmem region of size 10108928
12-12 11:58:10.386  1746  1746 D Zygote  : Forked child process 10395
12-12 11:58:10.390 10395 10395 I fmhandroid.tes: Late-enabling -Xcheck:jni
12-12 11:58:10.402  2009  2049 W ActivityManager: Slow operation: 82ms so far, now at startProcess: returned from zygote!
12-12 11:58:10.402  2009  2049 W ActivityManager: Slow operation: 83ms so far, now at startProcess: done updating battery stats
12-12 11:58:10.402  2009  2049 W ActivityManager: Slow operation: 83ms so far, now at startProcess: building log message
12-12 11:58:10.402  2009  2049 I ActivityManager: Start proc 10395:ru.iteco.fmhandroid.test/u0a147 for activity {ru.iteco.fmhandroid.test/androidx.test.core.app.InstrumentationActivityInvoker$BootstrapActivity}
12-12 11:58:10.402  2009  2049 W ActivityManager: Slow operation: 83ms so far, now at startProcess: starting to update pids map
12-12 11:58:10.404  2009  2049 W ActivityManager: Slow operation: 85ms so far, now at startProcess: done updating pids map
12-12 11:58:10.410 10395 10395 E fmhandroid.tes: Unknown bits set in runtime_flags: 0x8000
12-12 11:58:10.411 10395 10395 W fmhandroid.tes: Unexpected CPU variant for X86 using defaults: x86
12-12 11:58:10.450  2009  2094 W InputReader: Device has associated, but no associated display id.
12-12 11:58:10.459  2009  2094 I chatty  : uid=1000(system) Binder:2009_3 identical 28 lines
12-12 11:58:10.459  2009  2094 W InputReader: Device has associated, but no associated display id.
12-12 11:58:10.463  2009  2043 W InputReader: Device has associated, but no associated display id.
12-12 11:58:10.464  2009  2043 I chatty  : uid=1000(system) android.anim identical 8 lines
12-12 11:58:10.464  2009  2043 W InputReader: Device has associated, but no associated display id.
12-12 11:58:10.472  2484  3096 D EGL_emulation: eglMakeCurrent: 0xe7a7f6a0: ver 2 0 (tinfo 0xdc8104f0)
12-12 11:58:10.483  2934  3550 D EGL_emulation: eglMakeCurrent: 0xb4f69600: ver 2 0 (tinfo 0xb7b06800)
12-12 11:58:10.484  2161  2570 D EGL_emulation: eglMakeCurrent: 0xe7a7fbe0: ver 2 0 (tinfo 0xd11aea40)
12-12 11:58:10.490 10395 10395 I fmhandroid.tes: The ClassLoaderContext is a special shared library.
12-12 11:58:10.493 10395 10395 I fmhandroid.tes: The ClassLoaderContext is a special shared library.
12-12 11:58:10.728  1792  1897 E SurfaceFlinger: ro.sf.lcd_density must be defined as a build property
12-12 11:58:10.730  1792  1897 E SurfaceFlinger: ro.sf.lcd_density must be defined as a build property
12-12 11:58:10.735 10395 10428 D libEGL  : Emulator has host GPU support, qemu.gles is set to 1.
12-12 11:58:10.736 10395 10428 W libc    : Unable to set property "qemu.gles" to "1": connection failed; errno=13 (Permission denied)
12-12 11:58:10.743 10395 10428 D libEGL  : loaded /vendor/lib/egl/libEGL_emulation.so
12-12 11:58:10.758 10395 10428 D libEGL  : loaded /vendor/lib/egl/libGLESv1_CM_emulation.so
12-12 11:58:10.727 10395 10395 W RenderThread: type=1400 audit(0.0:86): avc: denied { write } for name="property_service" dev="tmpfs" ino=9420 scontext=u:r:untrusted_app:s0:c147,c256,c512,c768 tcontext=u:object_r:property_socket:s0 tclass=sock_file permissive=0 app=ru.iteco.fmhandroid.test
12-12 11:58:10.766 10395 10428 D libEGL  : loaded /vendor/lib/egl/libGLESv2_emulation.so
12-12 11:58:10.804  2009  3771 I ActivityTaskManager: START u0 {act=android.intent.action.MAIN cat=[android.intent.category.LAUNCHER] cmp=ru.iteco.fmhandroid/.ui.AppActivity} from uid 10146
12-12 11:58:10.815  2009  3771 W InputReader: Device has associated, but no associated display id.
12-12 11:58:10.820  2009  3771 I chatty  : uid=1000(system) Binder:2009_D identical 38 lines
12-12 11:58:10.820  2009  3771 W InputReader: Device has associated, but no associated display id.
12-12 11:58:10.821 10337 10337 W ActivityThread: handleWindowVisibility: no activity for token android.os.BinderProxy@e68a4f6
12-12 11:58:10.822  2009  3771 W InputReader: Device has associated, but no associated display id.
12-12 11:58:10.825  2009  3771 I chatty  : uid=1000(system) Binder:2009_D identical 18 lines
12-12 11:58:10.825  2009  3771 W InputReader: Device has associated, but no associated display id.
12-12 11:58:10.874  1792  1898 E SurfaceFlinger: ro.sf.lcd_density must be defined as a build property
12-12 11:58:10.874  2934  8587 I PBSessionCacheImpl: Deleted sessionId[703903229651] from persistence.
12-12 11:58:10.915  1792  1897 E SurfaceFlinger: ro.sf.lcd_density must be defined as a build property
12-12 11:58:10.917 10337 10432 D libEGL  : Emulator has host GPU support, qemu.gles is set to 1.
12-12 11:58:10.918 10337 10432 W libc    : Unable to set property "qemu.gles" to "1": connection failed; errno=13 (Permission denied)
12-12 11:58:10.935  2934  3332 W SearchServiceCore: Abort, client detached.
12-12 11:58:10.907 10337 10337 W RenderThread: type=1400 audit(0.0:87): avc: denied { write } for name="property_service" dev="tmpfs" ino=9420 scontext=u:r:untrusted_app:s0:c146,c256,c512,c768 tcontext=u:object_r:property_socket:s0 tclass=sock_file permissive=0 app=ru.iteco.fmhandroid
12-12 11:58:10.981 10337 10432 D libEGL  : loaded /vendor/lib/egl/libEGL_emulation.so
12-12 11:58:10.985 10337 10432 D libEGL  : loaded /vendor/lib/egl/libGLESv1_CM_emulation.so
12-12 11:58:10.992 10337 10432 D libEGL  : loaded /vendor/lib/egl/libGLESv2_emulation.so
12-12 11:58:11.052 10337 10337 D LifecycleMonitor: Lifecycle status change: ru.iteco.fmhandroid.ui.AppActivity@bb51593 in: PRE_ON_CREATE
12-12 11:58:11.053 10337 10337 V ActivityScenario: Activity lifecycle changed event received but ignored because the reported transition was not ON_CREATE while the last known transition was PRE_ON_CREATE
12-12 11:58:11.115 10337 10371 V FA      : onActivityCreated
12-12 11:58:11.127 10337 10337 E teco.fmhandroi: Invalid ID 0x00000000.
12-12 11:58:11.236 10337 10337 W teco.fmhandroi: Accessing hidden method Landroid/view/View;->computeFitSystemWindows(Landroid/graphics/Rect;Landroid/graphics/Rect;)Z (greylist, reflection, allowed)
12-12 11:58:11.236 10337 10337 W teco.fmhandroi: Accessing hidden method Landroid/view/ViewGroup;->makeOptionalFitsSystemWindows()V (greylist, reflection, allowed)
12-12 11:58:11.764 10337 10337 D NetworkSecurityConfig: No Network Security Config specified, using platform default
12-12 11:58:11.789 10337 10337 W teco.fmhandroi: Accessing hidden method Ljava/lang/invoke/MethodHandles$Lookup;-><init>(Ljava/lang/Class;I)V (greylist, reflection, allowed)
12-12 11:58:12.248 10337 10337 D LifecycleMonitor: Lifecycle status change: ru.iteco.fmhandroid.ui.AppActivity@bb51593 in: CREATED
12-12 11:58:12.249 10337 10337 V ActivityScenario: Update currentActivityStage to CREATED, currentActivity=ru.iteco.fmhandroid.ui.AppActivity@bb51593
12-12 11:58:12.596 10337 10337 D LifecycleMonitor: Lifecycle status change: ru.iteco.fmhandroid.ui.AppActivity@bb51593 in: STARTED
12-12 11:58:12.598 10337 10337 V ActivityScenario: Update currentActivityStage to STARTED, currentActivity=ru.iteco.fmhandroid.ui.AppActivity@bb51593
12-12 11:58:12.605 10337 10375 V FA      : Activity resumed, time: 3718282
12-12 11:58:12.606 10337 10337 D LifecycleMonitor: Lifecycle status change: ru.iteco.fmhandroid.ui.AppActivity@bb51593 in: RESUMED
12-12 11:58:12.608 10337 10337 V ActivityScenario: Update currentActivityStage to RESUMED, currentActivity=ru.iteco.fmhandroid.ui.AppActivity@bb51593
12-12 11:58:12.634 10337 10385 W FileTestStorage: Output properties is not supported.
12-12 11:58:12.637 10337 10385 I Tracing : Tracer added: class androidx.test.platform.tracing.AndroidXTracer
12-12 11:58:12.661 10337 10375 I FA      : Tag Manager is not found and thus will not be used
12-12 11:58:12.689 10337 10385 D EventInjectionStrategy: Creating injection strategy with input manager.
12-12 11:58:12.689 10337 10385 W teco.fmhandroi: Accessing hidden method Landroid/hardware/input/InputManager;->getInstance()Landroid/hardware/input/InputManager; (greylist, reflection, allowed)
12-12 11:58:12.690 10337 10385 W teco.fmhandroi: Accessing hidden method Landroid/hardware/input/InputManager;->injectInputEvent(Landroid/view/InputEvent;I)Z (greylist, reflection, allowed)
12-12 11:58:12.690 10337 10385 W teco.fmhandroi: Accessing hidden field Landroid/hardware/input/InputManager;->INJECT_INPUT_EVENT_MODE_WAIT_FOR_FINISH:I (greylist, reflection, allowed)
12-12 11:58:12.840  2861 10387 V FA-SVC  : Logging event: origin=auto,name=screen_view(_vs),params=Bundle[{ga_event_origin(_o)=auto, ga_screen_class(_sc)=AppActivity, ga_screen_id(_si)=-3846757902792649129}]
12-12 11:58:12.854  2861 10387 V FA-SVC  : Upload scheduled in approximately ms: 3001732
12-12 11:58:12.854  2861 10387 V FA-SVC  : Unscheduling upload
12-12 11:58:12.859  2861 10387 V FA-SVC  : Scheduling upload, millis: 3001732
12-12 11:58:12.863  2861 10387 V FA-SVC  : Background event processing time, ms: 23
12-12 11:58:12.912 10337 10430 D HostConnection: HostConnection::get() New Host Connection established 0xd11463f0, tid 10430
12-12 11:58:12.917 10337 10430 D HostConnection: HostComposition ext ANDROID_EMU_CHECKSUM_HELPER_v1 ANDROID_EMU_dma_v1 ANDROID_EMU_direct_mem ANDROID_EMU_host_composition_v1 ANDROID_EMU_host_composition_v2 ANDROID_EMU_vulkan ANDROID_EMU_deferred_vulkan_commands ANDROID_EMU_vulkan_null_optional_strings ANDROID_EMU_vulkan_create_resources_with_requirements ANDROID_EMU_YUV_Cache ANDROID_EMU_vulkan_ignored_handles ANDROID_EMU_vulkan_free_memory_sync ANDROID_EMU_vulkan_shader_float16_int8 ANDROID_EMU_vulkan_async_queue_submit ANDROID_EMU_sync_buffer_data GL_OES_vertex_array_object GL_KHR_texture_compression_astc_ldr ANDROID_EMU_host_side_tracing ANDROID_EMU_gles_max_version_2 
12-12 11:58:12.921 10337 10430 W OpenGLRenderer: Failed to choose config with EGL_SWAP_BEHAVIOR_PRESERVED, retrying without...
12-12 11:58:12.958 10337 10430 D EGL_emulation: eglCreateContext: 0xe7a7f3a0: maj 2 min 0 rcv 2
12-12 11:58:12.961 10337 10430 D EGL_emulation: eglMakeCurrent: 0xe7a7f3a0: ver 2 0 (tinfo 0xdc8aa500)
12-12 11:58:12.970  1776  1828 D gralloc_ranchu: gralloc_alloc: Creating ashmem region of size 10108928
12-12 11:58:12.974  1650  1650 I hwservicemanager: getTransport: Cannot find entry android.hardware.graphics.mapper@3.0::IMapper/default in either framework or device manifest.
12-12 11:58:12.974 10337 10430 W Gralloc3: mapper 3.x is not supported
12-12 11:58:12.981 10337 10430 D HostConnection: createUnique: call
12-12 11:58:12.981 10337 10430 D HostConnection: HostConnection::get() New Host Connection established 0xbcd7d380, tid 10430
12-12 11:58:12.982 10337 10430 D HostConnection: HostComposition ext ANDROID_EMU_CHECKSUM_HELPER_v1 ANDROID_EMU_dma_v1 ANDROID_EMU_direct_mem ANDROID_EMU_host_composition_v1 ANDROID_EMU_host_composition_v2 ANDROID_EMU_vulkan ANDROID_EMU_deferred_vulkan_commands ANDROID_EMU_vulkan_null_optional_strings ANDROID_EMU_vulkan_create_resources_with_requirements ANDROID_EMU_YUV_Cache ANDROID_EMU_vulkan_ignored_handles ANDROID_EMU_vulkan_free_memory_sync ANDROID_EMU_vulkan_shader_float16_int8 ANDROID_EMU_vulkan_async_queue_submit ANDROID_EMU_sync_buffer_data GL_OES_vertex_array_object GL_KHR_texture_compression_astc_ldr ANDROID_EMU_host_side_tracing ANDROID_EMU_gles_max_version_2 
12-12 11:58:12.983 10337 10430 D eglCodecCommon: allocate: Ask for block of size 0x1000
12-12 11:58:12.984 10337 10430 D eglCodecCommon: allocate: ioctl allocate returned offset 0x3ff64b000 size 0x2000
12-12 11:58:12.986  1776  1828 D gralloc_ranchu: gralloc_alloc: Creating ashmem region of size 10108928
12-12 11:58:12.987  1776  1828 D gralloc_ranchu: gralloc_alloc: Creating ashmem region of size 10108928
12-12 11:58:12.996 10337 10430 D EGL_emulation: eglMakeCurrent: 0xe7a7f3a0: ver 2 0 (tinfo 0xdc8aa500)
12-12 11:58:13.071  2009  2047 I ActivityTaskManager: Displayed ru.iteco.fmhandroid/.ui.AppActivity: +2s783ms
12-12 11:58:13.075  2161  2570 D EGL_emulation: eglMakeCurrent: 0xe7a7fbe0: ver 2 0 (tinfo 0xd11aea40)
12-12 11:58:13.149 10337 10385 W FileTestStorage: Test input args is not supported.
12-12 11:58:13.185 10337 10385 W teco.fmhandroi: Accessing hidden method Lsun/misc/Unsafe;->getUnsafe()Lsun/misc/Unsafe; (greylist,core-platform-api, linking, allowed)
12-12 11:58:13.185 10337 10385 W teco.fmhandroi: Accessing hidden method Lsun/misc/Unsafe;->objectFieldOffset(Ljava/lang/reflect/Field;)J (greylist,core-platform-api, linking, allowed)
12-12 11:58:13.186 10337 10385 W teco.fmhandroi: Accessing hidden method Lsun/misc/Unsafe;->putObject(Ljava/lang/Object;JLjava/lang/Object;)V (greylist, linking, allowed)
12-12 11:58:13.198 10337 10385 W teco.fmhandroi: Accessing hidden method Lsun/misc/Unsafe;->compareAndSwapObject(Ljava/lang/Object;JLjava/lang/Object;Ljava/lang/Object;)Z (greylist, linking, allowed)
12-12 11:58:13.198 10337 10385 W teco.fmhandroi: Accessing hidden method Lsun/misc/Unsafe;->getObject(Ljava/lang/Object;J)Ljava/lang/Object; (greylist, linking, allowed)
12-12 11:58:13.283 10337 10337 W teco.fmhandroi: Accessing hidden method Landroid/os/MessageQueue;->next()Landroid/os/Message; (greylist, reflection, allowed)
12-12 11:58:13.283 10337 10337 W teco.fmhandroi: Accessing hidden field Landroid/os/MessageQueue;->mMessages:Landroid/os/Message; (greylist, reflection, allowed)
12-12 11:58:13.283 10337 10337 W teco.fmhandroi: Accessing hidden method Landroid/os/Message;->recycleUnchecked()V (greylist, reflection, allowed)
12-12 11:58:13.303 10337 10337 W teco.fmhandroi: Accessing hidden method Landroid/view/WindowManagerGlobal;->getInstance()Landroid/view/WindowManagerGlobal; (greylist, reflection, allowed)
12-12 11:58:13.304 10337 10337 W teco.fmhandroi: Accessing hidden field Landroid/view/WindowManagerGlobal;->mViews:Ljava/util/ArrayList; (greylist, reflection, allowed)
12-12 11:58:13.304 10337 10337 W teco.fmhandroi: Accessing hidden field Landroid/view/WindowManagerGlobal;->mParams:Ljava/util/ArrayList; (greylist, reflection, allowed)
12-12 11:58:13.328 10337 10337 I ViewInteraction: Performing 'wait for a specific view with <(an instance of android.widget.TextView and view.getText() with or without transformation to match: is "Authorization" and view.getParent() view.getParent() view.getId() is <2131231186>)> during 10000 millis.' action on view view.getRootView() to equal view
12-12 11:58:15.622 10337 10337 W teco.fmhandroi: Accessing hidden field Lsun/misc/Unsafe;->theUnsafe:Lsun/misc/Unsafe; (greylist, reflection, allowed)
12-12 11:58:15.623 10337 10337 W teco.fmhandroi: Accessing hidden method Lsun/misc/Unsafe;->allocateInstance(Ljava/lang/Class;)Ljava/lang/Object; (greylist, reflection, allowed)
12-12 11:58:15.691 10337 10441 I okhttp.OkHttpClient: --> GET http://www.981757-ca08998.tmweb.ru:8080/fmh/authentication/userInfo
12-12 11:58:15.691 10337 10441 I okhttp.OkHttpClient: --> END GET
12-12 11:58:15.913  2009  2047 E memtrack: Couldn't load memtrack module
12-12 11:58:15.914  2009  2047 W android.os.Debug: failed to get memory consumption info: -1
12-12 11:58:16.013  8708 10447 E memtrack: Couldn't load memtrack module
12-12 11:58:16.013  8708 10447 W android.os.Debug: failed to get memory consumption info: -1
12-12 11:58:16.054  8263 10234 I LogUtils: [Places]: ?: Couldn't find platform key file. [CONTEXT service_id=253 ]
12-12 11:58:16.058  8263 10234 I LogUtils: [Places]: ?: Couldn't find platform key file. [CONTEXT service_id=253 ]
12-12 11:58:16.089  8263 10269 I LogUtils: [Places]: ?: PlacesBleScanner stop() [CONTEXT service_id=253 ]
12-12 11:58:16.090  8263  8263 I BeaconBle: Scan : No clients left, canceling alarm. [CONTEXT service_id=111 ]
12-12 11:58:16.091  8263  8263 I BeaconBle: Scan canceled successfully. [CONTEXT service_id=111 ]
12-12 11:58:16.104  8263 10269 I PlacesLogger: [PlaceInferenceEngine]: [anon] Changed inference mode: 0 [CONTEXT service_id=253 ]
12-12 11:58:16.132  8263  8345 W GCoreFlp: No location to return for getLastLocation()
12-12 11:58:16.201  8263  9836 I LogUtils: [Places]: ?: Couldn't find platform key file. [CONTEXT service_id=253 ]
12-12 11:58:16.204  8263 10265 I LogUtils: [Places]: ?: Couldn't find platform key file. [CONTEXT service_id=253 ]
12-12 11:58:16.394  8263  8263 I GeofencerStateMachine: removeGeofences: removeRequest=RemoveGeofencingRequest[REMOVE_BY_PENDING_INTENT pendingIntent=PendingIntent[creatorPackage=com.google.android.gms], packageName=com.google.android.gms]
12-12 11:58:16.476  1745 10442 E ResolverController: No valid NAT64 prefix (100, <unspecified>/0)
12-12 11:58:16.926 10337 10441 I okhttp.OkHttpClient: <-- 200 http://www.981757-ca08998.tmweb.ru:8080/fmh/authentication/userInfo (1233ms)
12-12 11:58:16.926 10337 10441 I okhttp.OkHttpClient: Vary: Origin
12-12 11:58:16.926 10337 10441 I okhttp.OkHttpClient: Vary: Access-Control-Request-Method
12-12 11:58:16.926 10337 10441 I okhttp.OkHttpClient: Vary: Access-Control-Request-Headers
12-12 11:58:16.927 10337 10441 I okhttp.OkHttpClient: X-Content-Type-Options: nosniff
12-12 11:58:16.927 10337 10441 I okhttp.OkHttpClient: X-XSS-Protection: 1; mode=block
12-12 11:58:16.927 10337 10441 I okhttp.OkHttpClient: Cache-Control: no-cache, no-store, max-age=0, must-revalidate
12-12 11:58:16.928 10337 10441 I okhttp.OkHttpClient: Pragma: no-cache
12-12 11:58:16.928 10337 10441 I okhttp.OkHttpClient: Expires: 0
12-12 11:58:16.929 10337 10441 I okhttp.OkHttpClient: X-Frame-Options: DENY
12-12 11:58:16.929 10337 10441 I okhttp.OkHttpClient: Content-Type: application/json
12-12 11:58:16.929 10337 10441 I okhttp.OkHttpClient: Transfer-Encoding: chunked
12-12 11:58:16.929 10337 10441 I okhttp.OkHttpClient: Date: Mon, 12 Dec 2022 11:58:18 GMT
12-12 11:58:16.930 10337 10441 I okhttp.OkHttpClient: Keep-Alive: timeout=60
12-12 11:58:16.931 10337 10441 I okhttp.OkHttpClient: Connection: keep-alive
12-12 11:58:16.940 10337 10441 I okhttp.OkHttpClient: {"id":1,"firstName":"Ivan","lastName":"Ivanov","middleName":"Ivanovich","admin":true}
12-12 11:58:16.941 10337 10441 I okhttp.OkHttpClient: <-- END HTTP (85-byte body)
12-12 11:58:17.111 10337 10451 I okhttp.OkHttpClient: --> GET http://www.981757-ca08998.tmweb.ru:8080/fmh/claims
12-12 11:58:17.112 10337 10451 I okhttp.OkHttpClient: --> END GET
12-12 11:58:18.364 10337 10337 I Choreographer: Skipped 80 frames!  The application may be doing too much work on its main thread.
12-12 11:58:18.650 10337 10451 I okhttp.OkHttpClient: <-- 200 http://www.981757-ca08998.tmweb.ru:8080/fmh/claims (1537ms)
12-12 11:58:18.651 10337 10451 I okhttp.OkHttpClient: Vary: Origin
12-12 11:58:18.651 10337 10451 I okhttp.OkHttpClient: Vary: Access-Control-Request-Method
12-12 11:58:18.663 10337 10451 I okhttp.OkHttpClient: Vary: Access-Control-Request-Headers
12-12 11:58:18.664 10337 10451 I okhttp.OkHttpClient: X-Content-Type-Options: nosniff
12-12 11:58:18.664 10337 10451 I okhttp.OkHttpClient: X-XSS-Protection: 1; mode=block
12-12 11:58:18.664 10337 10451 I okhttp.OkHttpClient: Cache-Control: no-cache, no-store, max-age=0, must-revalidate
12-12 11:58:18.665 10337 10451 I okhttp.OkHttpClient: Pragma: no-cache
12-12 11:58:18.665 10337 10451 I okhttp.OkHttpClient: Expires: 0
12-12 11:58:18.666 10337 10451 I okhttp.OkHttpClient: X-Frame-Options: DENY
12-12 11:58:18.666 10337 10451 I okhttp.OkHttpClient: Content-Type: application/json
12-12 11:58:18.667 10337 10451 I okhttp.OkHttpClient: Transfer-Encoding: chunked
12-12 11:58:18.668 10337 10451 I okhttp.OkHttpClient: Date: Mon, 12 Dec 2022 11:58:20 GMT
12-12 11:58:18.669 10337 10451 I okhttp.OkHttpClient: Keep-Alive: timeout=60
12-12 11:58:18.670 10337 10451 I okhttp.OkHttpClient: Connection: keep-alive
12-12 11:58:18.702 10337 10451 I okhttp.OkHttpClient: [{"id":1,"title":"Claim 123","description":"123","creatorId":1,"executorId":1,"createDate":1670755198,"planExecuteDate":1670755140,"factExecuteDate":null,"status":"IN_PROGRESS","creatorName":"Ivanov Ivan Ivanovich","executorName":"Ivanov Ivan Ivanovich"},{"id":2,"title":"Заголовок 2c46380b-5d43-44f2-a02c-41b8c09710c2","description":"Описание 588c11cc-6a11-4eec-ae49-0f630caace41","creatorId":1,"executorId":null,"createDate":1670845808,"planExecuteDate":1670845740,"factExecuteDate":null,"status":"OPEN","creatorName":"Ivanov Ivan Ivanovich","executorName":null},{"id":3,"title":"Заголовок 0eb4b025-6e34-4957-a1e2-a64912e9444b","description":"Описание 8c51d595-ebb4-430e-9bca-70b11c41cac1","creatorId":1,"executorId":null,"createDate":1670845969,"planExecuteDate":1670845920,"factExecuteDate":null,"status":"OPEN","creatorName":"Ivanov Ivan Ivanovich","executorName":null},{"id":4,"title":"Заголовок 92efc5ce-93d1-4a0a-ad62-c3016d1e4395","description":"Описание a314ca90-1453-45ca-a603-7e092ce6027d","creatorId":1,"executorId":null,"createDate":1670846098,"planExecuteDate":1670846040,"factExecuteDate":null,"status":"OPEN","creatorName":"Ivanov Ivan Ivanovich","executorName":null},{"id":5,"title":"Заголовок 64e14b41-b72d-4258-b475-2658b3022782","description":"Описание c3cae0e2-3d5e-4476-bbed-88218d828e04","creatorId":1,"executorId":null,"createDate":1670846160,"planExecuteDate":1670846100,"factExecuteDate":null,"status":"OPEN","creatorName":"Ivanov Ivan Ivanovich","executorName":null}]
12-12 11:58:18.703 10337 10451 I okhttp.OkHttpClient: <-- END HTTP (1563-byte body)
12-12 11:58:19.091 10337 10375 V FA      : Inactivity, disconnecting from the service
12-12 11:58:19.517 10337 10430 I OpenGLRenderer: Davey! duration=2486ms; Flags=1, IntendedVsync=3722707081190, Vsync=3724040414470, OldestInputEvent=9223372036854775807, NewestInputEvent=0, HandleInputStart=3724041745140, AnimationStart=3724041882840, PerformTraversalsStart=3724043681540, DrawStart=3724743934740, SyncQueued=3724762774540, SyncStart=3724764722140, IssueDrawCommandsStart=3724764898240, SwapBuffers=3725186557140, FrameCompleted=3725195131640, DequeueBufferDuration=673000, QueueBufferDuration=1027000, 
12-12 11:58:20.906  2934  3332 I WorkerManager: dispose()
12-12 11:58:20.908  2934  3332 W ThreadPoolDumper: Queue length for executor EventBus is now 11. Perhaps some tasks are too long, or the pool is too small.
12-12 11:58:21.115  8263  8263 I BeaconBle: Scan : No clients left, canceling alarm. [CONTEXT service_id=111 ]
12-12 11:58:21.390  1745 10459 E ResolverController: No valid NAT64 prefix (100, <unspecified>/0)
12-12 11:58:21.435 10337 10337 I Choreographer: Skipped 128 frames!  The application may be doing too much work on its main thread.
12-12 11:58:21.447 10337 10430 I OpenGLRenderer: Davey! duration=2499ms; Flags=0, IntendedVsync=3724623755711, Vsync=3724957089031, OldestInputEvent=9223372036854775807, NewestInputEvent=0, HandleInputStart=3724960751740, AnimationStart=3724961080440, PerformTraversalsStart=3724964735640, DrawStart=3726902362640, SyncQueued=3727105711540, SyncStart=3727107288640, IssueDrawCommandsStart=3727107474940, SwapBuffers=3727117028940, FrameCompleted=3727124589540, DequeueBufferDuration=638000, QueueBufferDuration=797000, 
12-12 11:58:21.487 10337 10430 I OpenGLRenderer: Davey! duration=2189ms; Flags=0, IntendedVsync=3724973724523, Vsync=3727107057771, OldestInputEvent=9223372036854775807, NewestInputEvent=0, HandleInputStart=3727113603540, AnimationStart=3727113780940, PerformTraversalsStart=3727136410040, DrawStart=3727138756940, SyncQueued=3727155250440, SyncStart=3727156989940, IssueDrawCommandsStart=3727157278240, SwapBuffers=3727158358640, FrameCompleted=3727164700040, DequeueBufferDuration=573000, QueueBufferDuration=848000, 
12-12 11:58:21.507 10337 10435 E SQLiteLog: (1) too many SQL variables
12-12 11:58:21.562 10337 10337 W System.err: ru.iteco.fmhandroid.exceptions.UnknownException
12-12 11:58:21.563 10337 10337 W System.err: 	at ru.iteco.fmhandroid.utils.Utils.makeRequest(Utils.kt:123)
12-12 11:58:21.565 10337 10337 W System.err: 	at ru.iteco.fmhandroid.utils.Utils$makeRequest$1.invokeSuspend(Unknown Source:15)
12-12 11:58:21.565 10337 10337 W System.err: 	at kotlin.coroutines.jvm.internal.BaseContinuationImpl.resumeWith(ContinuationImpl.kt:33)
12-12 11:58:21.565 10337 10337 W System.err: 	at kotlinx.coroutines.DispatchedTask.run(DispatchedTask.kt:104)
12-12 11:58:21.566 10337 10337 W System.err: 	at android.os.Handler.handleCallback(Handler.java:883)
12-12 11:58:21.567 10337 10337 W System.err: 	at android.os.Handler.dispatchMessage(Handler.java:100)
12-12 11:58:21.568 10337 10337 W System.err: 	at androidx.test.espresso.base.Interrogator.loopAndInterrogate(Interrogator.java:14)
12-12 11:58:21.568 10337 10337 W System.err: 	at androidx.test.espresso.base.UiControllerImpl.loopUntil(UiControllerImpl.java:8)
12-12 11:58:21.569 10337 10337 W System.err: 	at androidx.test.espresso.base.UiControllerImpl.loopUntil(UiControllerImpl.java:1)
12-12 11:58:21.570 10337 10337 W System.err: 	at androidx.test.espresso.base.UiControllerImpl.loopMainThreadForAtLeast(UiControllerImpl.java:7)
12-12 11:58:21.570 10337 10337 W System.err: 	at ru.iteco.fmhandroid.ui.data.ViewActions$1.perform(ViewActions.java:48)
12-12 11:58:21.571 10337 10337 W System.err: 	at androidx.test.espresso.ViewInteraction$SingleExecutionViewAction.perform(ViewInteraction.java:2)
12-12 11:58:21.572 10337 10337 W System.err: 	at androidx.test.espresso.ViewInteraction.doPerform(ViewInteraction.java:25)
12-12 11:58:21.573 10337 10337 W System.err: 	at androidx.test.espresso.ViewInteraction.-$$Nest$mdoPerform(Unknown Source:0)
12-12 11:58:21.574 10337 10337 W System.err: 	at androidx.test.espresso.ViewInteraction$1.call(ViewInteraction.java:7)
12-12 11:58:21.574 10337 10337 W System.err: 	at androidx.test.espresso.ViewInteraction$1.call(ViewInteraction.java:1)
12-12 11:58:21.575 10337 10337 W System.err: 	at java.util.concurrent.FutureTask.run(FutureTask.java:266)
12-12 11:58:21.576 10337 10337 W System.err: 	at android.os.Handler.handleCallback(Handler.java:883)
12-12 11:58:21.576 10337 10337 W System.err: 	at android.os.Handler.dispatchMessage(Handler.java:100)
12-12 11:58:21.576 10337 10337 W System.err: 	at android.os.Looper.loop(Looper.java:214)
12-12 11:58:21.577 10337 10337 W System.err: 	at android.app.ActivityThread.main(ActivityThread.java:7356)
12-12 11:58:21.577 10337 10337 W System.err: 	at java.lang.reflect.Method.invoke(Native Method)
12-12 11:58:21.578 10337 10337 W System.err: 	at com.android.internal.os.RuntimeInit$MethodAndArgsCaller.run(RuntimeInit.java:492)
12-12 11:58:21.578 10337 10337 W System.err: 	at com.android.internal.os.ZygoteInit.main(ZygoteInit.java:930)
12-12 11:58:21.662  1776  1828 D gralloc_ranchu: gralloc_alloc: Creating ashmem region of size 438272
12-12 11:58:21.669  1776  1828 I chatty  : uid=1000(system) HwBinder:1776_1 identical 1 line
12-12 11:58:21.684  1776  1828 D gralloc_ranchu: gralloc_alloc: Creating ashmem region of size 438272
12-12 11:58:21.685 10337 10430 D EGL_emulation: eglMakeCurrent: 0xe7a7f3a0: ver 2 0 (tinfo 0xdc8aa500)
12-12 11:58:23.459 10337 10337 D takeScreenshot: Found 2 global views to redraw
12-12 11:58:23.471 10337 10430 D EGL_emulation: eglMakeCurrent: 0xe7a7f3a0: ver 2 0 (tinfo 0xdc8aa500)
12-12 11:58:23.485 10337 10430 D EGL_emulation: eglMakeCurrent: 0xe7a7f3a0: ver 2 0 (tinfo 0xdc8aa500)
12-12 11:58:23.506  1776  1828 D gralloc_ranchu: gralloc_alloc: Creating ashmem region of size 10108928
12-12 11:58:23.514  1650  1650 I hwservicemanager: getTransport: Cannot find entry android.hardware.graphics.mapper@3.0::IMapper/default in either framework or device manifest.
12-12 11:58:23.514 10322 10391 W Gralloc3: mapper 3.x is not supported
12-12 11:58:23.524 10322 10391 D HostConnection: createUnique: call
12-12 11:58:23.525 10322 10391 D HostConnection: HostConnection::get() New Host Connection established 0xddb700a0, tid 10391
12-12 11:58:23.527 10322 10391 D HostConnection: HostComposition ext ANDROID_EMU_CHECKSUM_HELPER_v1 ANDROID_EMU_dma_v1 ANDROID_EMU_direct_mem ANDROID_EMU_host_composition_v1 ANDROID_EMU_host_composition_v2 ANDROID_EMU_vulkan ANDROID_EMU_deferred_vulkan_commands ANDROID_EMU_vulkan_null_optional_strings ANDROID_EMU_vulkan_create_resources_with_requirements ANDROID_EMU_YUV_Cache ANDROID_EMU_vulkan_ignored_handles ANDROID_EMU_vulkan_free_memory_sync ANDROID_EMU_vulkan_shader_float16_int8 ANDROID_EMU_vulkan_async_queue_submit ANDROID_EMU_sync_buffer_data GL_OES_vertex_array_object GL_KHR_texture_compression_astc_ldr ANDROID_EMU_host_side_tracing ANDROID_EMU_gles_max_version_2 
12-12 11:58:23.528 10322 10391 D eglCodecCommon: allocate: Ask for block of size 0x1000
12-12 11:58:23.528 10322 10391 D eglCodecCommon: allocate: ioctl allocate returned offset 0x3ff649000 size 0x2000
12-12 11:58:23.534  1792  2669 E SurfaceFlinger: ro.sf.lcd_density must be defined as a build property
12-12 11:58:23.536  1792  2669 E SurfaceFlinger: ro.sf.lcd_density must be defined as a build property
12-12 11:58:23.541 10322 10460 D libEGL  : Emulator has host GPU support, qemu.gles is set to 1.
12-12 11:58:23.561 10322 10460 W libc    : Unable to set property "qemu.gles" to "1": error code: 0x18
12-12 11:58:23.562 10322 10460 D libEGL  : loaded /vendor/lib/egl/libEGL_emulation.so
12-12 11:58:23.562 10322 10460 D libEGL  : loaded /vendor/lib/egl/libGLESv1_CM_emulation.so
12-12 11:58:23.565 10322 10460 D libEGL  : loaded /vendor/lib/egl/libGLESv2_emulation.so
12-12 11:58:23.578 10322 10460 D HostConnection: HostConnection::get() New Host Connection established 0xf2d563f0, tid 10460
12-12 11:58:23.578 10322 10460 D HostConnection: HostComposition ext ANDROID_EMU_CHECKSUM_HELPER_v1 ANDROID_EMU_dma_v1 ANDROID_EMU_direct_mem ANDROID_EMU_host_composition_v1 ANDROID_EMU_host_composition_v2 ANDROID_EMU_vulkan ANDROID_EMU_deferred_vulkan_commands ANDROID_EMU_vulkan_null_optional_strings ANDROID_EMU_vulkan_create_resources_with_requirements ANDROID_EMU_YUV_Cache ANDROID_EMU_vulkan_ignored_handles ANDROID_EMU_vulkan_free_memory_sync ANDROID_EMU_vulkan_shader_float16_int8 ANDROID_EMU_vulkan_async_queue_submit ANDROID_EMU_sync_buffer_data GL_OES_vertex_array_object GL_KHR_texture_compression_astc_ldr ANDROID_EMU_host_side_tracing ANDROID_EMU_gles_max_version_2 
12-12 11:58:23.582 10322 10460 W OpenGLRenderer: Failed to choose config with EGL_SWAP_BEHAVIOR_PRESERVED, retrying without...
12-12 11:58:23.616 10322 10460 D EGL_emulation: eglCreateContext: 0xddb28960: maj 2 min 0 rcv 2
12-12 11:58:23.619 10322 10460 D EGL_emulation: eglMakeCurrent: 0xddb28960: ver 2 0 (tinfo 0xddb0f630)
12-12 11:58:23.690 10337 10385 W DefaultFailureHandler: Failed to take screenshot
12-12 11:58:23.690 10337 10385 W DefaultFailureHandler: java.io.FileNotFoundException: view-op-error-1.png: open failed: EROFS (Read-only file system)
12-12 11:58:23.690 10337 10385 W DefaultFailureHandler: 	at libcore.io.IoBridge.open(IoBridge.java:496)
12-12 11:58:23.690 10337 10385 W DefaultFailureHandler: 	at java.io.FileOutputStream.<init>(FileOutputStream.java:235)
12-12 11:58:23.690 10337 10385 W DefaultFailureHandler: 	at java.io.FileOutputStream.<init>(FileOutputStream.java:125)
12-12 11:58:23.690 10337 10385 W DefaultFailureHandler: 	at androidx.test.platform.io.FileTestStorage.openOutputFile(FileTestStorage.java:60)
12-12 11:58:23.690 10337 10385 W DefaultFailureHandler: 	at androidx.test.core.graphics.BitmapStorage.writeToTestStorage(BitmapStorageExt.kt:49)
12-12 11:58:23.690 10337 10385 W DefaultFailureHandler: 	at androidx.test.espresso.base.DefaultFailureHandler.takeScreenshot(DefaultFailureHandler.java:4)
12-12 11:58:23.690 10337 10385 W DefaultFailureHandler: 	at androidx.test.espresso.base.DefaultFailureHandler.handle(DefaultFailureHandler.java:3)
12-12 11:58:23.690 10337 10385 W DefaultFailureHandler: 	at androidx.test.espresso.ViewInteraction.waitForAndHandleInteractionResults(ViewInteraction.java:8)
12-12 11:58:23.690 10337 10385 W DefaultFailureHandler: 	at androidx.test.espresso.ViewInteraction.desugaredPerform(ViewInteraction.java:11)
12-12 11:58:23.690 10337 10385 W DefaultFailureHandler: 	at androidx.test.espresso.ViewInteraction.perform(ViewInteraction.java:8)
12-12 11:58:23.690 10337 10385 W DefaultFailureHandler: 	at ru.iteco.fmhandroid.ui.data.TestUtils.waitView(TestUtils.java:61)
12-12 11:58:23.690 10337 10385 W DefaultFailureHandler: 	at ru.iteco.fmhandroid.ui.steps.AuthSteps.isAuthScreen(AuthSteps.java:56)
12-12 11:58:23.690 10337 10385 W DefaultFailureHandler: 	at ru.iteco.fmhandroid.ui.ControlPanelTest.logoutCheckAndOpenControlPanelPage(ControlPanelTest.java:58)
12-12 11:58:23.690 10337 10385 W DefaultFailureHandler: 	at java.lang.reflect.Method.invoke(Native Method)
12-12 11:58:23.690 10337 10385 W DefaultFailureHandler: 	at org.junit.runners.model.FrameworkMethod$1.runReflectiveCall(FrameworkMethod.java:59)
12-12 11:58:23.690 10337 10385 W DefaultFailureHandler: 	at org.junit.internal.runners.model.ReflectiveCallable.run(ReflectiveCallable.java:12)
12-12 11:58:23.690 10337 10385 W DefaultFailureHandler: 	at org.junit.runners.model.FrameworkMethod.invokeExplosively(FrameworkMethod.java:56)
12-12 11:58:23.690 10337 10385 W DefaultFailureHandler: 	at androidx.test.internal.runner.junit4.statement.RunBefores.evaluate(RunBefores.java:76)
12-12 11:58:23.690 10337 10385 W DefaultFailureHandler: 	at androidx.test.internal.runner.junit4.statement.RunAfters.evaluate(RunAfters.java:61)
12-12 11:58:23.690 10337 10385 W DefaultFailureHandler: 	at io.qameta.allure.android.rules.ScreenshotRule$apply$1.evaluate(ScreenshotRule.kt:22)
12-12 11:58:23.690 10337 10385 W DefaultFailureHandler: 	at org.junit.rules.ExternalResource$1.evaluate(ExternalResource.java:54)
12-12 11:58:23.690 10337 10385 W DefaultFailureHandler: 	at io.qameta.allure.android.rules.LogcatRule$apply$1.evaluate(LogcatRule.kt:23)
12-12 11:58:23.690 10337 10385 W DefaultFailureHandler: 	at org.junit.rules.RunRules.evaluate(RunRules.java:20)
12-12 11:58:23.690 10337 10385 W DefaultFailureHandler: 	at org.junit.runners.ParentRunner$3.evaluate(ParentRunner.java:306)
12-12 11:58:23.690 10337 10385 W DefaultFailureHandler: 	at org.junit.runners.BlockJUnit4ClassRunner$1.evaluate(BlockJUnit4ClassRunner.java:100)
12-12 11:58:23.690 10337 10385 W DefaultFailureHandler: 	at org.junit.runners.ParentRunner.runLeaf(ParentRunner.java:366)
12-12 11:58:23.690 10337 10385 W DefaultFailureHandler: 	at org.junit.runners.BlockJUnit4ClassRunner.runChild(BlockJUnit4ClassRunner.java:103)
12-12 11:58:23.690 10337 10385 W DefaultFailureHandler: 	at org.junit.runners.BlockJUnit4ClassRunner.runChild(BlockJUnit4ClassRunner.java:63)
12-12 11:58:23.690 10337 10385 W DefaultFailureHandler: 	at org.junit.runners.ParentRunner$4.run(ParentRunner.java:331)
12-12 11:58:23.690 10337 10385 W DefaultFailureHandler: 	at org.junit.runners.ParentRunner$1.schedule(ParentRunner.java:79)
12-12 11:58:23.690 10337 10385 W DefaultFailureHandler: 	at org.junit.runners.ParentRunner.runChildren(ParentRunner.java:329)
12-12 11:58:23.690 10337 10385 W DefaultFailureHandler: 	at org.junit.runners.ParentRunner.access$100(ParentRunner.java:66)
12-12 11:58:23.690 10337 10385 W DefaultFailureHandler: 	at org.junit.runners.ParentRunner$2.evaluate(ParentRunner.java:293)
12-12 11:58:23.690 10337 10385 W DefaultFailureHandler: 	at org.junit.runners.ParentRunner$3.evaluate(ParentRunner.java:306)
12-12 11:58:23.690 10337 10385 W DefaultFailureHandler: 	at org.junit.runners.ParentRunner.run(ParentRunner.java:413)
12-12 11:58:23.690 10337 10385 W DefaultFailureHandler: 	at androidx.test.ext.junit.runners.AndroidJUnit4.run(AndroidJUnit4.java:162)
12-12 11:58:23.690 10337 10385 W DefaultFailureHandler: 	at io.qameta.allure.android.runners.AllureAndroidJUnit4.run(AllureAndroidJUnitRunners.kt:29)
12-12 11:58:23.690 10337 10385 W DefaultFailureHandler: 	at org.junit.runners.Suite.runChild(Suite.java:128)
12-12 11:58:23.690 10337 10385 W DefaultFailureHandler: 	at org.junit.runners.Suite.runChild(Suite.java:27)
12-12 11:58:23.690 10337 10385 W DefaultFailureHandler: 	at org.junit.runners.ParentRunner$4.run(ParentRunner.java:331)
12-12 11:58:23.690 10337 10385 W DefaultFailureHandler: 	at org.junit.runners.ParentRunner$1.schedule(ParentRunner.java:79)
12-12 11:58:23.690 10337 10385 W DefaultFailureHandler: 	at org.junit.runners.ParentRunner.runChildren(ParentRunner.java:329)
12-12 11:58:23.690 10337 10385 W DefaultFailureHandler: 	at org.junit.runners.ParentRunner.access$100(ParentRunner.java:66)
12-12 11:58:23.690 10337 10385 W DefaultFailureHandler: 	at org.junit.runners.ParentRunner$2.evaluate(ParentRunner.java:293)
12-12 11:58:23.690 10337 10385 W DefaultFailureHandler: 	at org.junit.runners.ParentRunner$3.evaluate(ParentRunner.java:306)
12-12 11:58:23.690 10337 10385 W DefaultFailureHandler: 	at org.junit.runners.ParentRunner.run(ParentRunner.java:413)
12-12 11:58:23.690 10337 10385 W DefaultFailureHandler: 	at org.junit.runner.JUnitCore.run(JUnitCore.java:137)
12-12 11:58:23.690 10337 10385 W DefaultFailureHandler: 	at org.junit.runner.JUnitCore.run(JUnitCore.java:115)
12-12 11:58:23.690 10337 10385 W DefaultFailureHandler: 	at androidx.test.internal.runner.TestExecutor.execute(TestExecutor.java:67)
12-12 11:58:23.690 10337 10385 W DefaultFailureHandler: 	at androidx.test.internal.runner.TestExecutor.execute(TestExecutor.java:58)
12-12 11:58:23.690 10337 10385 W DefaultFailureHandler: 	at androidx.test.runner.AndroidJUnitRunner.onStart(AndroidJUnitRunner.java:438)
12-12 11:58:23.690 10337 10385 W DefaultFailureHandler: 	at android.app.Instrumentation$InstrumentationThread.run(Instrumentation.java:2189)
12-12 11:58:23.691 10337 10385 W DefaultFailureHandler: Caused by: android.system.ErrnoException: open failed: EROFS (Read-only file system)
12-12 11:58:23.691 10337 10385 W DefaultFailureHandler: 	at libcore.io.Linux.open(Native Method)
12-12 11:58:23.691 10337 10385 W DefaultFailureHandler: 	at libcore.io.ForwardingOs.open(ForwardingOs.java:167)
12-12 11:58:23.691 10337 10385 W DefaultFailureHandler: 	at libcore.io.BlockGuardOs.open(BlockGuardOs.java:252)
12-12 11:58:23.691 10337 10385 W DefaultFailureHandler: 	at libcore.io.ForwardingOs.open(ForwardingOs.java:167)
12-12 11:58:23.691 10337 10385 W DefaultFailureHandler: 	at android.app.ActivityThread$AndroidOs.open(ActivityThread.java:7255)
12-12 11:58:23.691 10337 10385 W DefaultFailureHandler: 	at libcore.io.IoBridge.open(IoBridge.java:482)
12-12 11:58:23.691 10337 10385 W DefaultFailureHandler: 	... 51 more
12-12 11:58:23.702 10337 10385 W teco.fmhandroi: Accessing hidden method Lsun/misc/Unsafe;->compareAndSwapObject(Ljava/lang/Object;JLjava/lang/Object;Ljava/lang/Object;)Z (greylist, linking, allowed)
12-12 11:58:23.720 10337 10337 I ViewInteraction: Performing 'wait for a specific view with <view.getId() is <2131230870>> during 10000 millis.' action on view view.getRootView() to equal view
12-12 11:58:23.738 10337 10385 W teco.fmhandroi: Accessing hidden method Lsun/misc/Unsafe;->compareAndSwapObject(Ljava/lang/Object;JLjava/lang/Object;Ljava/lang/Object;)Z (greylist, linking, allowed)
12-12 11:58:23.754 10337 10337 I ViewInteraction: Checking 'MatchesViewAssertion{viewMatcher=(view has effective visibility <VISIBLE> and view.getGlobalVisibleRect() to return non-empty rectangle)}' assertion on view view.getId() is <2131230870/ru.iteco.fmhandroid:id/authorization_image_button>
12-12 11:58:23.774 10337 10350 I teco.fmhandroi: NativeAlloc concurrent copying GC freed 102113(4730KB) AllocSpace objects, 2(36KB) LOS objects, 49% free, 6195KB/12MB, paused 847us total 100.457ms
12-12 11:58:23.777 10337 10385 W teco.fmhandroi: Accessing hidden method Landroid/view/ViewConfiguration;->getDoubleTapMinTime()I (greylist, reflection, allowed)
12-12 11:58:23.791 10337 10385 W teco.fmhandroi: Accessing hidden method Lsun/misc/Unsafe;->compareAndSwapObject(Ljava/lang/Object;JLjava/lang/Object;Ljava/lang/Object;)Z (greylist, linking, allowed)
12-12 11:58:23.802 10337 10337 I ViewInteraction: Performing 'single click' action on view view.getId() is <2131230870/ru.iteco.fmhandroid:id/authorization_image_button>
12-12 11:58:23.838 10337 10430 D EGL_emulation: eglMakeCurrent: 0xe7a7f3a0: ver 2 0 (tinfo 0xdc8aa500)
12-12 11:58:23.911  1765  3741 W audio_hw_generic: Not supplying enough data to HAL, expected position 4724191 , only wrote 4724167
12-12 11:58:24.061  1776  1828 D gralloc_ranchu: gralloc_alloc: Creating ashmem region of size 884736
12-12 11:58:24.071  1776  1828 I chatty  : uid=1000(system) HwBinder:1776_1 identical 1 line
12-12 11:58:24.073  1776  1828 D gralloc_ranchu: gralloc_alloc: Creating ashmem region of size 884736
12-12 11:58:24.122 10337 10430 D EGL_emulation: eglMakeCurrent: 0xe7a7f3a0: ver 2 0 (tinfo 0xdc8aa500)
12-12 11:58:24.276 10337 10430 I chatty  : uid=10146(ru.iteco.fmhandroid) RenderThread identical 3 lines
12-12 11:58:24.293 10337 10430 D EGL_emulation: eglMakeCurrent: 0xe7a7f3a0: ver 2 0 (tinfo 0xdc8aa500)
12-12 11:58:24.528 10337 10385 W teco.fmhandroi: Accessing hidden method Lsun/misc/Unsafe;->compareAndSwapObject(Ljava/lang/Object;JLjava/lang/Object;Ljava/lang/Object;)Z (greylist, linking, allowed)
12-12 11:58:24.536 10337 10337 I ViewInteraction: Performing 'wait for a specific view with <an instance of android.widget.TextView and view.getText() with or without transformation to match: is "Log out"> during 10000 millis.' action on view view.getRootView() to equal view
12-12 11:58:24.550 10337 10337 I ViewInteraction: Checking 'MatchesViewAssertion{viewMatcher=(view has effective visibility <VISIBLE> and view.getGlobalVisibleRect() to return non-empty rectangle)}' assertion on view an instance of android.widget.TextView and view.getText() with or without transformation to match: is "Log out"
12-12 11:58:24.559 10337 10337 I ViewInteraction: Performing 'single click' action on view an instance of android.widget.TextView and view.getText() with or without transformation to match: is "Log out"
12-12 11:58:25.300 10337 10337 I Choreographer: Skipped 33 frames!  The application may be doing too much work on its main thread.
12-12 11:58:25.307 10337 10430 D EGL_emulation: eglMakeCurrent: 0xe7a7f3a0: ver 2 0 (tinfo 0xdc8aa500)
12-12 11:58:25.456  8856  8968 E GoogleConversionReporter: Error sending ping
12-12 11:58:25.456  8856  8968 E GoogleConversionReporter: bcdq: Exception in CronetUrlRequest: net::ERR_QUIC_PROTOCOL_ERROR, ErrorCode=10, InternalErrorCode=-356, Retryable=false, QuicDetailedErrorCode=25
12-12 11:58:25.456  8856  8968 E GoogleConversionReporter: 	at org.chromium.net.impl.CronetUrlRequest.onError(SourceFile:173)
12-12 11:58:25.490 10337 10430 D EGL_emulation: eglMakeCurrent: 0xe7a7f3a0: ver 2 0 (tinfo 0xdc8aa500)
12-12 11:58:25.505 10337 10430 I OpenGLRenderer: Davey! duration=754ms; Flags=1, IntendedVsync=3730423674339, Vsync=3730973674317, OldestInputEvent=9223372036854775807, NewestInputEvent=0, HandleInputStart=3730978245740, AnimationStart=3730978398440, PerformTraversalsStart=3730993650240, DrawStart=3731119817040, SyncQueued=3731164720640, SyncStart=3731168858240, IssueDrawCommandsStart=3731169759740, SwapBuffers=3731174081640, FrameCompleted=3731182807940, DequeueBufferDuration=690000, QueueBufferDuration=382000, 
12-12 11:58:25.512  2009  3027 W NotificationService: Toast already killed. pkg=ru.iteco.fmhandroid callback=android.app.ITransientNotification$Stub$Proxy@6f2176a
12-12 11:58:25.616 10337 10462 W teco.fmhandroi: Accessing hidden method Lsun/misc/Unsafe;->compareAndSwapObject(Ljava/lang/Object;JLjava/lang/Object;Ljava/lang/Object;)Z (greylist, linking, allowed)
12-12 11:58:25.622 10337 10337 I ViewInteraction: Performing 'wait for a specific view with <(an instance of android.widget.TextView and view.getText() with or without transformation to match: is "Authorization" and view.getParent() view.getParent() view.getId() is <2131231186>)> during 10000 millis.' action on view view.getRootView() to equal view
12-12 11:58:25.627 10337 10385 W teco.fmhandroi: Accessing hidden method Lsun/misc/Unsafe;->compareAndSwapObject(Ljava/lang/Object;JLjava/lang/Object;Ljava/lang/Object;)Z (greylist, linking, allowed)
12-12 11:58:25.635 10337 10337 I ViewInteraction: Checking 'MatchesViewAssertion{viewMatcher=(view has effective visibility <VISIBLE> and view.getGlobalVisibleRect() to return non-empty rectangle)}' assertion on view (an instance of android.widget.TextView and view.getText() with or without transformation to match: is "Authorization" and view.getParent() view.getParent() view.getId() is <2131231186/ru.iteco.fmhandroid:id/nav_host_fragment>)
12-12 11:58:25.639 10337 10385 W teco.fmhandroi: Accessing hidden method Lsun/misc/Unsafe;->compareAndSwapObject(Ljava/lang/Object;JLjava/lang/Object;Ljava/lang/Object;)Z (greylist, linking, allowed)
12-12 11:58:25.644 10337 10337 I ViewInteraction: Performing 'wait for a specific view with <(an instance of android.widget.TextView and view.getHint() matching: is "Login" and view.getParent() view.getParent() view.getId() is <2131231121>)> during 10000 millis.' action on view view.getRootView() to equal view
12-12 11:58:25.649 10337 10385 W teco.fmhandroi: Accessing hidden method Lsun/misc/Unsafe;->compareAndSwapObject(Ljava/lang/Object;JLjava/lang/Object;Ljava/lang/Object;)Z (greylist, linking, allowed)
12-12 11:58:25.656 10337 10337 I ViewInteraction: Checking 'MatchesViewAssertion{viewMatcher=(view has effective visibility <VISIBLE> and view.getGlobalVisibleRect() to return non-empty rectangle)}' assertion on view (an instance of android.widget.TextView and view.getHint() matching: is "Login" and view.getParent() view.getParent() view.getId() is <2131231121/ru.iteco.fmhandroid:id/login_text_input_layout>)
12-12 11:58:25.660 10337 10385 W teco.fmhandroi: Accessing hidden method Lsun/misc/Unsafe;->compareAndSwapObject(Ljava/lang/Object;JLjava/lang/Object;Ljava/lang/Object;)Z (greylist, linking, allowed)
12-12 11:58:25.667 10337 10337 I ViewInteraction: Performing 'wait for a specific view with <(an instance of android.widget.TextView and view.getHint() matching: is "Password" and view.getParent() view.getParent() view.getId() is <2131231264>)> during 10000 millis.' action on view view.getRootView() to equal view
12-12 11:58:25.673 10337 10385 W teco.fmhandroi: Accessing hidden method Lsun/misc/Unsafe;->compareAndSwapObject(Ljava/lang/Object;JLjava/lang/Object;Ljava/lang/Object;)Z (greylist, linking, allowed)
