--------- beginning of main
11-21 18:51:31.777  1761  1761 D gralloc_ranchu: gralloc_alloc: Creating ashmem region of size 14749696
11-21 18:51:32.029  1322  1374 E TestRunner: failed: shouldNotSetTime(ru.iteco.fmhandroid.ui.NewsCreationFormTest)
11-21 18:51:32.029  1322  1374 E TestRunner: ----- begin exception -----
11-21 18:51:32.030  1322  1374 E TestRunner: java.lang.RuntimeException: java.io.IOException: Cannot run program "adb": error=13, Permission denied
11-21 18:51:32.030  1322  1374 E TestRunner: 	at ru.iteco.fmhandroid.ui.data.DeviceHelper.executeBash(DeviceHelper.java:20)
11-21 18:51:32.030  1322  1374 E TestRunner: 	at ru.iteco.fmhandroid.ui.BaseTest.disableAnimationOnEmulator(BaseTest.java:43)
11-21 18:51:32.030  1322  1374 E TestRunner: 	at ru.iteco.fmhandroid.ui.BaseTest.beforeEachTest(BaseTest.java:50)
11-21 18:51:32.030  1322  1374 E TestRunner: 	at java.lang.reflect.Method.invoke(Native Method)
11-21 18:51:32.030  1322  1374 E TestRunner: 	at org.junit.runners.model.FrameworkMethod$1.runReflectiveCall(FrameworkMethod.java:59)
11-21 18:51:32.030  1322  1374 E TestRunner: 	at org.junit.internal.runners.model.ReflectiveCallable.run(ReflectiveCallable.java:12)
11-21 18:51:32.030  1322  1374 E TestRunner: 	at org.junit.runners.model.FrameworkMethod.invokeExplosively(FrameworkMethod.java:56)
11-21 18:51:32.030  1322  1374 E TestRunner: 	at androidx.test.internal.runner.junit4.statement.RunBefores.evaluate(RunBefores.java:76)
11-21 18:51:32.030  1322  1374 E TestRunner: 	at androidx.test.rule.ActivityTestRule$ActivityStatement.evaluate(ActivityTestRule.java:543)
11-21 18:51:32.030  1322  1374 E TestRunner: 	at io.qameta.allure.android.rules.LogcatRule$apply$1.evaluate(LogcatRule.kt:23)
11-21 18:51:32.030  1322  1374 E TestRunner: 	at io.qameta.allure.android.rules.ScreenshotRule$apply$1.evaluate(ScreenshotRule.kt:22)
11-21 18:51:32.030  1322  1374 E TestRunner: 	at io.qameta.allure.android.rules.ScreenshotRule$apply$1.evaluate(ScreenshotRule.kt:22)
11-21 18:51:32.030  1322  1374 E TestRunner: 	at org.junit.rules.RunRules.evaluate(RunRules.java:20)
11-21 18:51:32.030  1322  1374 E TestRunner: 	at org.junit.runners.ParentRunner$3.evaluate(ParentRunner.java:306)
11-21 18:51:32.030  1322  1374 E TestRunner: 	at org.junit.runners.BlockJUnit4ClassRunner$1.evaluate(BlockJUnit4ClassRunner.java:100)
11-21 18:51:32.030  1322  1374 E TestRunner: 	at org.junit.runners.ParentRunner.runLeaf(ParentRunner.java:366)
11-21 18:51:32.030  1322  1374 E TestRunner: 	at org.junit.runners.BlockJUnit4ClassRunner.runChild(BlockJUnit4ClassRunner.java:103)
11-21 18:51:32.030  1322  1374 E TestRunner: 	at org.junit.runners.BlockJUnit4ClassRunner.runChild(BlockJUnit4ClassRunner.java:63)
11-21 18:51:32.030  1322  1374 E TestRunner: 	at org.junit.runners.ParentRunner$4.run(ParentRunner.java:331)
11-21 18:51:32.030  1322  1374 E TestRunner: 	at org.junit.runners.ParentRunner$1.schedule(ParentRunner.java:79)
11-21 18:51:32.030  1322  1374 E TestRunner: 	at org.junit.runners.ParentRunner.runChildren(ParentRunner.java:329)
11-21 18:51:32.030  1322  1374 E TestRunner: 	at org.junit.runners.ParentRunner.access$100(ParentRunner.java:66)
11-21 18:51:32.030  1322  1374 E TestRunner: 	at org.junit.runners.ParentRunner$2.evaluate(ParentRunner.java:293)
11-21 18:51:32.030  1322  1374 E TestRunner: 	at org.junit.runners.ParentRunner$3.evaluate(ParentRunner.java:306)
11-21 18:51:32.030  1322  1374 E TestRunner: 	at org.junit.runners.ParentRunner.run(ParentRunner.java:413)
11-21 18:51:32.030  1322  1374 E TestRunner: 	at androidx.test.ext.junit.runners.AndroidJUnit4.run(AndroidJUnit4.java:162)
11-21 18:51:32.030  1322  1374 E TestRunner: 	at io.qameta.allure.android.runners.AllureAndroidJUnit4.run(AllureAndroidJUnitRunners.kt:29)
11-21 18:51:32.030  1322  1374 E TestRunner: 	at org.junit.runners.Suite.runChild(Suite.java:128)
11-21 18:51:32.030  1322  1374 E TestRunner: 	at org.junit.runners.Suite.runChild(Suite.java:27)
11-21 18:51:32.030  1322  1374 E TestRunner: 	at org.junit.runners.ParentRunner$4.run(ParentRunner.java:331)
11-21 18:51:32.030  1322  1374 E TestRunner: 	at org.junit.runners.ParentRunner$1.schedule(ParentRunner.java:79)
11-21 18:51:32.030  1322  1374 E TestRunner: 	at org.junit.runners.ParentRunner.runChildren(ParentRunner.java:329)
11-21 18:51:32.030  1322  1374 E TestRunner: 	at org.junit.runners.ParentRunner.access$100(ParentRunner.java:66)
11-21 18:51:32.030  1322  1374 E TestRunner: 	at org.junit.runners.ParentRunner$2.evaluate(ParentRunner.java:293)
11-21 18:51:32.030  1322  1374 E TestRunner: 	at org.junit.runners.ParentRunner$3.evaluate(ParentRunner.java:306)
11-21 18:51:32.030  1322  1374 E TestRunner: 	at org.junit.runners.ParentRunner.run(ParentRunner.java:413)
11-21 18:51:32.030  1322  1374 E TestRunner: 	at org.junit.runner.JUnitCore.run(JUnitCore.java:137)
11-21 18:51:32.030  1322  1374 E TestRunner: 	at org.junit.runner.JUnitCore.run(JUnitCore.java:115)
11-21 18:51:32.030  1322  1374 E TestRunner: 	at androidx.test.internal.runner.TestExecutor.execute(TestExecutor.java:67)
11-21 18:51:32.030  1322  1374 E TestRunner: 	at androidx.test.internal.runner.TestExecutor.execute(TestExecutor.java:58)
11-21 18:51:32.030  1322  1374 E TestRunner: 	at androidx.test.runner.AndroidJUnitRunner.onStart(AndroidJUnitRunner.java:438)
11-21 18:51:32.030  1322  1374 E TestRunner: 	at android.app.Instrumentation$InstrumentationThread.run(Instrumentation.java:2189)
11-21 18:51:32.030  1322  1374 E TestRunner: Caused by: java.io.IOException: Cannot run program "adb": error=13, Permission denied
11-21 18:51:32.030  1322  1374 E TestRunner: 	at java.lang.ProcessBuilder.start(ProcessBuilder.java:1050)
11-21 18:51:32.030  1322  1374 E TestRunner: 	at java.lang.Runtime.exec(Runtime.java:698)
11-21 18:51:32.030  1322  1374 E TestRunner: 	at java.lang.Runtime.exec(Runtime.java:528)
11-21 18:51:32.030  1322  1374 E TestRunner: 	at java.lang.Runtime.exec(Runtime.java:425)
11-21 18:51:32.030  1322  1374 E TestRunner: 	at ru.iteco.fmhandroid.ui.data.DeviceHelper.executeBash(DeviceHelper.java:18)
11-21 18:51:32.030  1322  1374 E TestRunner: 	... 41 more
11-21 18:51:32.030  1322  1374 E TestRunner: Caused by: java.io.IOException: error=13, Permission denied
11-21 18:51:32.030  1322  1374 E TestRunner: 	at java.lang.UNIXProcess.forkAndExec(Native Method)
11-21 18:51:32.030  1322  1374 E TestRunner: 	at java.lang.UNIXProcess.<init>(UNIXProcess.java:133)
11-21 18:51:32.030  1322  1374 E TestRunner: 	at java.lang.ProcessImpl.start(ProcessImpl.java:141)
11-21 18:51:32.030  1322  1374 E TestRunner: 	at java.lang.ProcessBuilder.start(ProcessBuilder.java:1029)
11-21 18:51:32.030  1322  1374 E TestRunner: 	... 45 more
11-21 18:51:32.030  1322  1374 E TestRunner: ----- end exception -----
11-21 18:51:32.036  1322  1374 I TestRunner: finished: shouldNotSetTime(ru.iteco.fmhandroid.ui.NewsCreationFormTest)
11-21 18:51:32.055  1322  1374 I TestRunner: started: shouldSetTheTimeByEnteringNumbers(ru.iteco.fmhandroid.ui.NewsCreationFormTest)
11-21 18:51:32.071  1322  1374 W ActivityTestRule: getActivityIntent() returned null using default: Intent(Intent.ACTION_MAIN)
--------- beginning of system
11-21 18:51:32.075  2006  2925 I ActivityTaskManager: START u0 {act=android.intent.action.MAIN flg=0x10000000 cmp=ru.iteco.fmhandroid/.ui.AppActivity} from uid 10153
11-21 18:51:32.085  2006 22382 W InputReader: Device has associated, but no associated display id.
11-21 18:51:32.086  2006 22382 I chatty  : uid=1000(system) Binder:2006_1E identical 28 lines
11-21 18:51:32.086  2006 22382 W InputReader: Device has associated, but no associated display id.
11-21 18:51:32.087  1322  1322 W ActivityThread: handleWindowVisibility: no activity for token android.os.BinderProxy@8c18074
11-21 18:51:32.088  2006 22382 W InputReader: Device has associated, but no associated display id.
11-21 18:51:32.088  2006 22382 I chatty  : uid=1000(system) Binder:2006_1E identical 8 lines
11-21 18:51:32.088  2006 22382 W InputReader: Device has associated, but no associated display id.
11-21 18:51:32.095  1761  1761 D gralloc_ranchu: gralloc_alloc: Creating ashmem region of size 14749696
11-21 18:51:32.127  1322  1322 D LifecycleMonitor: Lifecycle status change: ru.iteco.fmhandroid.ui.AppActivity@4b02fe0 in: PRE_ON_CREATE
11-21 18:51:32.131  1322  1356 V FA      : onActivityCreated
11-21 18:51:32.148  1322  1322 D LifecycleMonitor: Lifecycle status change: ru.iteco.fmhandroid.ui.AppActivity@4b02fe0 in: CREATED
11-21 18:51:32.159  2006  2032 W InputReader: Device has associated, but no associated display id.
11-21 18:51:32.159  2006  2032 I chatty  : uid=1000(system) android.anim identical 8 lines
11-21 18:51:32.159  2006  2032 W InputReader: Device has associated, but no associated display id.
11-21 18:51:32.175  7825  7875 D EGL_emulation: eglMakeCurrent: 0xe5ffa5c0: ver 2 0 (tinfo 0xda8dd010)
11-21 18:51:32.188  2876  3288 D EGL_emulation: eglMakeCurrent: 0xdde1bb00: ver 2 0 (tinfo 0xdde0ff90)
11-21 18:51:32.191  7825  7875 D EGL_emulation: eglMakeCurrent: 0xe5ffa5c0: ver 2 0 (tinfo 0xda8dd010)
11-21 18:51:32.192  2441  2951 D EGL_emulation: eglMakeCurrent: 0xdde1a480: ver 2 0 (tinfo 0xdde0f530)
11-21 18:51:32.209  1322  1322 D LifecycleMonitor: Lifecycle status change: ru.iteco.fmhandroid.ui.AppActivity@4b02fe0 in: STARTED
11-21 18:51:32.211  1322  1322 D LifecycleMonitor: Lifecycle status change: ru.iteco.fmhandroid.ui.AppActivity@4b02fe0 in: RESUMED
11-21 18:51:32.218  1322  1363 V FA      : Activity resumed, time: 841926419
11-21 18:51:32.246  1761  1761 D gralloc_ranchu: gralloc_alloc: Creating ashmem region of size 14749696
11-21 18:51:32.251  1761  1761 I chatty  : uid=1000(system) allocator@2.0-s identical 1 line
11-21 18:51:32.254  1761  1761 D gralloc_ranchu: gralloc_alloc: Creating ashmem region of size 14749696
11-21 18:51:32.258  1322  1388 D EGL_emulation: eglMakeCurrent: 0xdde1c1c0: ver 2 0 (tinfo 0xcd7b4040)
11-21 18:51:32.300  2006  2036 I ActivityTaskManager: Displayed ru.iteco.fmhandroid/.ui.AppActivity: +219ms
11-21 18:51:32.305  7825  7875 D EGL_emulation: eglMakeCurrent: 0xe5ffa5c0: ver 2 0 (tinfo 0xda8dd010)
11-21 18:51:32.375  2757  1377 V FA-SVC  : Logging event: origin=auto,name=screen_view(_vs),params=Bundle[{ga_event_origin(_o)=auto, ga_previous_class(_pc)=AppActivity, ga_previous_id(_pi)=-3797736664109286971, ga_screen_class(_sc)=AppActivity, ga_screen_id(_si)=-3797736664109286970}]
11-21 18:51:32.377  2006  2106 W InputReader: Device has associated, but no associated display id.
11-21 18:51:32.377  2006  2106 I chatty  : uid=1000(system) Binder:2006_3 identical 8 lines
11-21 18:51:32.377  2006  2106 W InputReader: Device has associated, but no associated display id.
11-21 18:51:32.383  1322  1322 D LifecycleMonitor: Lifecycle status change: ru.iteco.fmhandroid.ui.AppActivity@4b02fe0 in: PAUSED
11-21 18:51:32.385  2006  2106 W InputReader: Device has associated, but no associated display id.
11-21 18:51:32.385  2006  2106 I chatty  : uid=1000(system) Binder:2006_3 identical 8 lines
11-21 18:51:32.385  2006  2106 W InputReader: Device has associated, but no associated display id.
11-21 18:51:32.387  2757  1377 V FA-SVC  : Upload scheduled in approximately ms: 3582282
11-21 18:51:32.387  2757  1377 V FA-SVC  : Unscheduling upload
11-21 18:51:32.391  2006  8134 I ActivityTaskManager: Activity reported stop, but no longer stopping: ActivityRecord{5fbaf61 u0 com.google.android.apps.nexuslauncher/.NexusLauncherActivity t1123}
11-21 18:51:32.406  7825  7875 D EGL_emulation: eglMakeCurrent: 0xe5ffa5c0: ver 2 0 (tinfo 0xda8dd010)
11-21 18:51:32.406  2876   794 I PBSessionCacheImpl: Deleted sessionId[360287841322] from persistence.
11-21 18:51:32.415  2876  3118 W SearchServiceCore: Abort, client detached.
11-21 18:51:32.424  1761  1761 D gralloc_ranchu: gralloc_alloc: Creating ashmem region of size 14749696
11-21 18:51:32.425  2006 22382 W InputReader: Device has associated, but no associated display id.
11-21 18:51:32.425  2006 22382 I chatty  : uid=1000(system) Binder:2006_1E identical 8 lines
11-21 18:51:32.425  2006 22382 W InputReader: Device has associated, but no associated display id.
11-21 18:51:32.427  1322  1363 V FA      : Screen exposed for less than 1000 ms. Event not sent. time: 177
11-21 18:51:32.430  1761  1761 D gralloc_ranchu: gralloc_alloc: Creating ashmem region of size 14749696
11-21 18:51:32.432  2876  3288 D EGL_emulation: eglMakeCurrent: 0xdde1bb00: ver 2 0 (tinfo 0xdde0ff90)
11-21 18:51:32.434  1761  1761 D gralloc_ranchu: gralloc_alloc: Creating ashmem region of size 14749696
11-21 18:51:32.434  2757  1377 V FA-SVC  : Scheduling upload, millis: 3582282
11-21 18:51:32.428  1322  1363 V FA      : Activity paused, time: 841926597
11-21 18:51:32.436  1761  2617 D gralloc_ranchu: gralloc_alloc: Creating ashmem region of size 9441280
11-21 18:51:32.474  1761  2617 D gralloc_ranchu: gralloc_alloc: Creating ashmem region of size 14749696
11-21 18:51:32.479  1761  2617 D gralloc_ranchu: gralloc_alloc: Creating ashmem region of size 14749696
11-21 18:51:32.480  7825  7875 D EGL_emulation: eglMakeCurrent: 0xe5ffa5c0: ver 2 0 (tinfo 0xda8dd010)
11-21 18:51:32.483  2441  2951 D EGL_emulation: eglMakeCurrent: 0xdde1a480: ver 2 0 (tinfo 0xdde0f530)
11-21 18:51:32.496  1761  2617 D gralloc_ranchu: gralloc_alloc: Creating ashmem region of size 14749696
11-21 18:51:32.536  2006  2006 W ActivityManager: Unable to start service Intent { act=android.service.appprediction.AppPredictionService cmp=com.google.android.as/com.google.android.apps.miphone.aiai.app.AiAiPredictionService } U=0: not found
11-21 18:51:32.528  1761  2617 D gralloc_ranchu: gralloc_alloc: Creating ashmem region of size 14749696
11-21 18:51:32.537  1775  1775 E Layer   : [Surface(name=AppWindowToken{cf95f47 token=Token{19f6a86 ActivityRecord{5fbaf61 u0 com.google.android.apps.nexuslauncher/.NexusLauncherActivity t1123}}})/@0xb8f158b - animation-leash#0] No local sync point found
11-21 18:51:32.537  1775  1775 E Layer   : [Surface(name=AppWindowToken{8b8b6ce token=Token{c04dfc9 ActivityRecord{a1273d0 u0 ru.iteco.fmhandroid/.ui.AppActivity t2505}}})/@0xef6f056 - animation-leash#0] No local sync point found
11-21 18:51:32.537  2757  1377 V FA-SVC  : Background event processing time, ms: 162
11-21 18:51:32.539  2006  2006 W RemoteAppPredictionService: could not bind to Intent { act=android.service.appprediction.AppPredictionService cmp=com.google.android.as/com.google.android.apps.miphone.aiai.app.AiAiPredictionService } using flags 67108865
11-21 18:51:32.567  2876  3118 W SessionLifecycleManager: Handover failed. Creating new session controller.
11-21 18:51:32.598  2441  2461 W System  : A resource failed to call release. 
11-21 18:51:32.598  2441  2461 W System  : A resource failed to call release. 
11-21 18:51:32.603  1322  1388 D EGL_emulation: eglMakeCurrent: 0xdde1c1c0: ver 2 0 (tinfo 0xcd7b4040)
11-21 18:51:32.613  1322  1322 D LifecycleMonitor: Lifecycle status change: ru.iteco.fmhandroid.ui.AppActivity@4b02fe0 in: STOPPED
11-21 18:51:32.619  7825  7875 D EGL_emulation: eglMakeCurrent: 0xe5ffa5c0: ver 2 0 (tinfo 0xda8dd010)
11-21 18:51:32.637  1322  1322 D LifecycleMonitor: Lifecycle status change: ru.iteco.fmhandroid.ui.AppActivity@4b02fe0 in: DESTROYED
11-21 18:51:32.645  2876  3118 I MicroDetectionWorker: #startMicroDetector [speakerMode: 0]
11-21 18:51:32.652  2876  3118 W ErrorReporter: reportError [type: 211, code: 393244, bug: 0]: errorCode: 393244, engine: 0
11-21 18:51:32.654  2876  3118 I MicroDetector: Keeping mic open: false
11-21 18:51:32.654  2876  3118 I MicroDetectionWorker: #onError(false)
11-21 18:51:32.660  2006  6581 D HostConnection: HostConnection::get() New Host Connection established 0xdde553f0, tid 6581
11-21 18:51:32.702  2006  6581 D HostConnection: HostComposition ext ANDROID_EMU_CHECKSUM_HELPER_v1 ANDROID_EMU_dma_v1 ANDROID_EMU_direct_mem ANDROID_EMU_host_composition_v1 ANDROID_EMU_host_composition_v2 ANDROID_EMU_vulkan ANDROID_EMU_deferred_vulkan_commands ANDROID_EMU_vulkan_null_optional_strings ANDROID_EMU_vulkan_create_resources_with_requirements ANDROID_EMU_YUV_Cache ANDROID_EMU_vulkan_ignored_handles ANDROID_EMU_vulkan_free_memory_sync ANDROID_EMU_vulkan_shader_float16_int8 ANDROID_EMU_vulkan_async_queue_submit ANDROID_EMU_sync_buffer_data GL_OES_vertex_array_object GL_KHR_texture_compression_astc_ldr ANDROID_EMU_host_side_tracing ANDROID_EMU_gles_max_version_2 
11-21 18:51:32.710  2580   933 W .gms.persisten: Long monitor contention with owner netscheduler-queue-handler (3378) at int aqtk.a(aqte, aauy)(:com.google.android.gms@202414022@20.24.14 (040700-319035315):88) waiters=0 in int aqtk.c(aqqo) for 154ms
11-21 18:51:32.711  2006  6581 W OpenGLRenderer: Failed to choose config with EGL_SWAP_BEHAVIOR_PRESERVED, retrying without...
11-21 18:51:32.713  2580   933 E SQLiteDatabase: Error inserting flex_time=3582000 job_id=-1 period=7165000 source=16 requires_charging=0 preferred_network_type=1 target_class=com.google.android.gms.measurement.PackageMeasurementTaskService user_id=0 target_package=com.google.android.gms tag=Measurement.PackageMeasurementTaskService.UPLOAD_TASK_TAG task_type=0 required_idleness_state=0 service_kind=0 source_version=202414000 persistence_level=1 preferred_charging_state=1 required_network_type=0 runtime=1669045892556 retry_strategy={"maximum_backoff_seconds":{"3600":0},"initial_backoff_seconds":{"30":0},"retry_policy":{"0":0}} last_runtime=0
11-21 18:51:32.713  2580   933 E SQLiteDatabase: android.database.sqlite.SQLiteConstraintException: UNIQUE constraint failed: pending_ops.tag, pending_ops.target_class, pending_ops.target_package, pending_ops.user_id (code 2067 SQLITE_CONSTRAINT_UNIQUE)
11-21 18:51:32.713  2580   933 E SQLiteDatabase: 	at android.database.sqlite.SQLiteConnection.nativeExecuteForLastInsertedRowId(Native Method)
11-21 18:51:32.713  2580   933 E SQLiteDatabase: 	at android.database.sqlite.SQLiteConnection.executeForLastInsertedRowId(SQLiteConnection.java:879)
11-21 18:51:32.713  2580   933 E SQLiteDatabase: 	at android.database.sqlite.SQLiteSession.executeForLastInsertedRowId(SQLiteSession.java:790)
11-21 18:51:32.713  2580   933 E SQLiteDatabase: 	at android.database.sqlite.SQLiteStatement.executeInsert(SQLiteStatement.java:88)
11-21 18:51:32.713  2580   933 E SQLiteDatabase: 	at android.database.sqlite.SQLiteDatabase.insertWithOnConflict(SQLiteDatabase.java:1599)
11-21 18:51:32.713  2580   933 E SQLiteDatabase: 	at android.database.sqlite.SQLiteDatabase.insert(SQLiteDatabase.java:1468)
11-21 18:51:32.713  2580   933 E SQLiteDatabase: 	at aqui.a(:com.google.android.gms@202414022@20.24.14 (040700-319035315):175)
11-21 18:51:32.713  2580   933 E SQLiteDatabase: 	at aqtk.a(:com.google.android.gms@202414022@20.24.14 (040700-319035315):182)
11-21 18:51:32.713  2580   933 E SQLiteDatabase: 	at aqtk.a(:com.google.android.gms@202414022@20.24.14 (040700-319035315):23)
11-21 18:51:32.713  2580   933 E SQLiteDatabase: 	at aqtk.a(:com.google.android.gms@202414022@20.24.14 (040700-319035315):177)
11-21 18:51:32.713  2580   933 E SQLiteDatabase: 	at aqpu.run(:com.google.android.gms@202414022@20.24.14 (040700-319035315):9)
11-21 18:51:32.713  2580   933 E SQLiteDatabase: 	at soy.b(:com.google.android.gms@202414022@20.24.14 (040700-319035315):12)
11-21 18:51:32.713  2580   933 E SQLiteDatabase: 	at soy.run(:com.google.android.gms@202414022@20.24.14 (040700-319035315):7)
11-21 18:51:32.713  2580   933 E SQLiteDatabase: 	at java.util.concurrent.ThreadPoolExecutor.runWorker(ThreadPoolExecutor.java:1167)
11-21 18:51:32.713  2580   933 E SQLiteDatabase: 	at java.util.concurrent.ThreadPoolExecutor$Worker.run(ThreadPoolExecutor.java:641)
11-21 18:51:32.713  2580   933 E SQLiteDatabase: 	at sux.run(:com.google.android.gms@202414022@20.24.14 (040700-319035315):0)
11-21 18:51:32.713  2580   933 E SQLiteDatabase: 	at java.lang.Thread.run(Thread.java:919)
11-21 18:51:32.736  2006  6581 D EGL_emulation: eglCreateContext: 0xdde1c3a0: maj 2 min 0 rcv 2
11-21 18:51:32.739  2006  6581 D EGL_emulation: eglMakeCurrent: 0xdde1c3a0: ver 2 0 (tinfo 0xb180ad60)
11-21 18:51:32.900  1761  2617 D gralloc_ranchu: gralloc_alloc: Creating ashmem region of size 14749696
11-21 18:51:33.262  1322  1374 E TestRunner: failed: shouldSetTheTimeByEnteringNumbers(ru.iteco.fmhandroid.ui.NewsCreationFormTest)
11-21 18:51:33.262  1322  1374 E TestRunner: ----- begin exception -----
11-21 18:51:33.265  1322  1374 E TestRunner: java.lang.RuntimeException: java.io.IOException: Cannot run program "adb": error=13, Permission denied
11-21 18:51:33.265  1322  1374 E TestRunner: 	at ru.iteco.fmhandroid.ui.data.DeviceHelper.executeBash(DeviceHelper.java:20)
11-21 18:51:33.265  1322  1374 E TestRunner: 	at ru.iteco.fmhandroid.ui.BaseTest.disableAnimationOnEmulator(BaseTest.java:43)
11-21 18:51:33.265  1322  1374 E TestRunner: 	at ru.iteco.fmhandroid.ui.BaseTest.beforeEachTest(BaseTest.java:50)
11-21 18:51:33.265  1322  1374 E TestRunner: 	at java.lang.reflect.Method.invoke(Native Method)
11-21 18:51:33.265  1322  1374 E TestRunner: 	at org.junit.runners.model.FrameworkMethod$1.runReflectiveCall(FrameworkMethod.java:59)
11-21 18:51:33.265  1322  1374 E TestRunner: 	at org.junit.internal.runners.model.ReflectiveCallable.run(ReflectiveCallable.java:12)
11-21 18:51:33.265  1322  1374 E TestRunner: 	at org.junit.runners.model.FrameworkMethod.invokeExplosively(FrameworkMethod.java:56)
11-21 18:51:33.265  1322  1374 E TestRunner: 	at androidx.test.internal.runner.junit4.statement.RunBefores.evaluate(RunBefores.java:76)
11-21 18:51:33.265  1322  1374 E TestRunner: 	at androidx.test.rule.ActivityTestRule$ActivityStatement.evaluate(ActivityTestRule.java:543)
11-21 18:51:33.265  1322  1374 E TestRunner: 	at io.qameta.allure.android.rules.LogcatRule$apply$1.evaluate(LogcatRule.kt:23)
11-21 18:51:33.265  1322  1374 E TestRunner: 	at io.qameta.allure.android.rules.ScreenshotRule$apply$1.evaluate(ScreenshotRule.kt:22)
11-21 18:51:33.265  1322  1374 E TestRunner: 	at io.qameta.allure.android.rules.ScreenshotRule$apply$1.evaluate(ScreenshotRule.kt:22)
11-21 18:51:33.265  1322  1374 E TestRunner: 	at org.junit.rules.RunRules.evaluate(RunRules.java:20)
11-21 18:51:33.265  1322  1374 E TestRunner: 	at org.junit.runners.ParentRunner$3.evaluate(ParentRunner.java:306)
11-21 18:51:33.265  1322  1374 E TestRunner: 	at org.junit.runners.BlockJUnit4ClassRunner$1.evaluate(BlockJUnit4ClassRunner.java:100)
11-21 18:51:33.265  1322  1374 E TestRunner: 	at org.junit.runners.ParentRunner.runLeaf(ParentRunner.java:366)
11-21 18:51:33.265  1322  1374 E TestRunner: 	at org.junit.runners.BlockJUnit4ClassRunner.runChild(BlockJUnit4ClassRunner.java:103)
11-21 18:51:33.265  1322  1374 E TestRunner: 	at org.junit.runners.BlockJUnit4ClassRunner.runChild(BlockJUnit4ClassRunner.java:63)
11-21 18:51:33.265  1322  1374 E TestRunner: 	at org.junit.runners.ParentRunner$4.run(ParentRunner.java:331)
11-21 18:51:33.265  1322  1374 E TestRunner: 	at org.junit.runners.ParentRunner$1.schedule(ParentRunner.java:79)
11-21 18:51:33.265  1322  1374 E TestRunner: 	at org.junit.runners.ParentRunner.runChildren(ParentRunner.java:329)
11-21 18:51:33.265  1322  1374 E TestRunner: 	at org.junit.runners.ParentRunner.access$100(ParentRunner.java:66)
11-21 18:51:33.265  1322  1374 E TestRunner: 	at org.junit.runners.ParentRunner$2.evaluate(ParentRunner.java:293)
11-21 18:51:33.265  1322  1374 E TestRunner: 	at org.junit.runners.ParentRunner$3.evaluate(ParentRunner.java:306)
11-21 18:51:33.265  1322  1374 E TestRunner: 	at org.junit.runners.ParentRunner.run(ParentRunner.java:413)
11-21 18:51:33.265  1322  1374 E TestRunner: 	at androidx.test.ext.junit.runners.AndroidJUnit4.run(AndroidJUnit4.java:162)
11-21 18:51:33.265  1322  1374 E TestRunner: 	at io.qameta.allure.android.runners.AllureAndroidJUnit4.run(AllureAndroidJUnitRunners.kt:29)
11-21 18:51:33.265  1322  1374 E TestRunner: 	at org.junit.runners.Suite.runChild(Suite.java:128)
11-21 18:51:33.265  1322  1374 E TestRunner: 	at org.junit.runners.Suite.runChild(Suite.java:27)
11-21 18:51:33.265  1322  1374 E TestRunner: 	at org.junit.runners.ParentRunner$4.run(ParentRunner.java:331)
11-21 18:51:33.265  1322  1374 E TestRunner: 	at org.junit.runners.ParentRunner$1.schedule(ParentRunner.java:79)
11-21 18:51:33.265  1322  1374 E TestRunner: 	at org.junit.runners.ParentRunner.runChildren(ParentRunner.java:329)
11-21 18:51:33.265  1322  1374 E TestRunner: 	at org.junit.runners.ParentRunner.access$100(ParentRunner.java:66)
11-21 18:51:33.265  1322  1374 E TestRunner: 	at org.junit.runners.ParentRunner$2.evaluate(ParentRunner.java:293)
11-21 18:51:33.265  1322  1374 E TestRunner: 	at org.junit.runners.ParentRunner$3.evaluate(ParentRunner.java:306)
11-21 18:51:33.265  1322  1374 E TestRunner: 	at org.junit.runners.ParentRunner.run(ParentRunner.java:413)
11-21 18:51:33.265  1322  1374 E TestRunner: 	at org.junit.runner.JUnitCore.run(JUnitCore.java:137)
11-21 18:51:33.265  1322  1374 E TestRunner: 	at org.junit.runner.JUnitCore.run(JUnitCore.java:115)
11-21 18:51:33.265  1322  1374 E TestRunner: 	at androidx.test.internal.runner.TestExecutor.execute(TestExecutor.java:67)
11-21 18:51:33.265  1322  1374 E TestRunner: 	at androidx.test.internal.runner.TestExecutor.execute(TestExecutor.java:58)
11-21 18:51:33.265  1322  1374 E TestRunner: 	at androidx.test.runner.AndroidJUnitRunner.onStart(AndroidJUnitRunner.java:438)
11-21 18:51:33.265  1322  1374 E TestRunner: 	at android.app.Instrumentation$InstrumentationThread.run(Instrumentation.java:2189)
11-21 18:51:33.265  1322  1374 E TestRunner: Caused by: java.io.IOException: Cannot run program "adb": error=13, Permission denied
11-21 18:51:33.265  1322  1374 E TestRunner: 	at java.lang.ProcessBuilder.start(ProcessBuilder.java:1050)
11-21 18:51:33.265  1322  1374 E TestRunner: 	at java.lang.Runtime.exec(Runtime.java:698)
11-21 18:51:33.265  1322  1374 E TestRunner: 	at java.lang.Runtime.exec(Runtime.java:528)
11-21 18:51:33.265  1322  1374 E TestRunner: 	at java.lang.Runtime.exec(Runtime.java:425)
11-21 18:51:33.265  1322  1374 E TestRunner: 	at ru.iteco.fmhandroid.ui.data.DeviceHelper.executeBash(DeviceHelper.java:18)
11-21 18:51:33.265  1322  1374 E TestRunner: 	... 41 more
11-21 18:51:33.265  1322  1374 E TestRunner: Caused by: java.io.IOException: error=13, Permission denied
11-21 18:51:33.265  1322  1374 E TestRunner: 	at java.lang.UNIXProcess.forkAndExec(Native Method)
11-21 18:51:33.265  1322  1374 E TestRunner: 	at java.lang.UNIXProcess.<init>(UNIXProcess.java:133)
11-21 18:51:33.265  1322  1374 E TestRunner: 	at java.lang.ProcessImpl.start(ProcessImpl.java:141)
11-21 18:51:33.265  1322  1374 E TestRunner: 	at java.lang.ProcessBuilder.start(ProcessBuilder.java:1029)
11-21 18:51:33.265  1322  1374 E TestRunner: 	... 45 more
11-21 18:51:33.265  1322  1374 E TestRunner: ----- end exception -----
11-21 18:51:33.266  1322  1374 I TestRunner: finished: shouldSetTheTimeByEnteringNumbers(ru.iteco.fmhandroid.ui.NewsCreationFormTest)
11-21 18:51:33.282  2006  2019 I system_server: NativeAlloc concurrent copying GC freed 31990(1915KB) AllocSpace objects, 10(328KB) LOS objects, 6% free, 83MB/89MB, paused 394us total 366.203ms
11-21 18:51:33.284  1322  1374 I TestRunner: started: shouldCreateANewsItemWithCategoryNeedHelp(ru.iteco.fmhandroid.ui.NewsCreationFormTest)
11-21 18:51:33.301  1322  1374 W ActivityTestRule: getActivityIntent() returned null using default: Intent(Intent.ACTION_MAIN)
11-21 18:51:33.305  2006  2106 I ActivityTaskManager: START u0 {act=android.intent.action.MAIN flg=0x10000000 cmp=ru.iteco.fmhandroid/.ui.AppActivity} from uid 10153
11-21 18:51:33.313  2006  2899 W InputReader: Device has associated, but no associated display id.
11-21 18:51:33.314  2006  2899 I chatty  : uid=1000(system) Binder:2006_9 identical 28 lines
11-21 18:51:33.314  2006  2899 W InputReader: Device has associated, but no associated display id.
11-21 18:51:33.315  1322  1322 W ActivityThread: handleWindowVisibility: no activity for token android.os.BinderProxy@e6b6dfd
11-21 18:51:33.315  2006  2899 W InputReader: Device has associated, but no associated display id.
11-21 18:51:33.316  2006  2899 I chatty  : uid=1000(system) Binder:2006_9 identical 8 lines
11-21 18:51:33.316  2006  2899 W InputReader: Device has associated, but no associated display id.
11-21 18:51:33.317  2006  2032 E system_server: Invalid ID 0x00000000.
11-21 18:51:33.335  1322  1322 D LifecycleMonitor: Lifecycle status change: ru.iteco.fmhandroid.ui.AppActivity@105ecf9 in: PRE_ON_CREATE
11-21 18:51:33.342  1322  1356 V FA      : onActivityCreated
11-21 18:51:33.344  1761  2617 D gralloc_ranchu: gralloc_alloc: Creating ashmem region of size 14749696
11-21 18:51:33.375  1322  1322 D LifecycleMonitor: Lifecycle status change: ru.iteco.fmhandroid.ui.AppActivity@105ecf9 in: CREATED
11-21 18:51:33.401  2006  2032 W InputReader: Device has associated, but no associated display id.
11-21 18:51:33.402  2006  2032 I chatty  : uid=1000(system) android.anim identical 8 lines
11-21 18:51:33.402  2006  2032 W InputReader: Device has associated, but no associated display id.
11-21 18:51:33.408  1322  1322 D LifecycleMonitor: Lifecycle status change: ru.iteco.fmhandroid.ui.AppActivity@105ecf9 in: STARTED
11-21 18:51:33.410  1322  1363 V FA      : Activity resumed, time: 841927617
11-21 18:51:33.410  1322  1322 D LifecycleMonitor: Lifecycle status change: ru.iteco.fmhandroid.ui.AppActivity@105ecf9 in: RESUMED
11-21 18:51:33.427  7825  7875 D EGL_emulation: eglMakeCurrent: 0xe5ffa5c0: ver 2 0 (tinfo 0xda8dd010)
11-21 18:51:33.436  7825  7875 D EGL_emulation: eglMakeCurrent: 0xe5ffa5c0: ver 2 0 (tinfo 0xda8dd010)
11-21 18:51:33.438  2876  3288 D EGL_emulation: eglMakeCurrent: 0xdde1bb00: ver 2 0 (tinfo 0xdde0ff90)
11-21 18:51:33.439  2441  2951 D EGL_emulation: eglMakeCurrent: 0xdde1a480: ver 2 0 (tinfo 0xdde0f530)
11-21 18:51:33.460  1761  2617 D gralloc_ranchu: gralloc_alloc: Creating ashmem region of size 14749696
11-21 18:51:33.466  1761  2617 I chatty  : uid=1000(system) HwBinder:1761_2 identical 1 line
11-21 18:51:33.467  1761  2617 D gralloc_ranchu: gralloc_alloc: Creating ashmem region of size 14749696
11-21 18:51:33.470  1322  1388 D EGL_emulation: eglMakeCurrent: 0xdde1c1c0: ver 2 0 (tinfo 0xcd7b4040)
11-21 18:51:33.517  2006  2036 I ActivityTaskManager: Displayed ru.iteco.fmhandroid/.ui.AppActivity: +210ms
11-21 18:51:33.526  7825  7875 D EGL_emulation: eglMakeCurrent: 0xe5ffa5c0: ver 2 0 (tinfo 0xda8dd010)
11-21 18:51:33.548  2757  1377 V FA-SVC  : Logging event: origin=auto,name=screen_view(_vs),params=Bundle[{ga_event_origin(_o)=auto, ga_previous_class(_pc)=AppActivity, ga_previous_id(_pi)=-3797736664109286970, ga_screen_class(_sc)=AppActivity, ga_screen_id(_si)=-3797736664109286969}]
11-21 18:51:33.559  2006  2899 W InputReader: Device has associated, but no associated display id.
11-21 18:51:33.559  2006  2899 I chatty  : uid=1000(system) Binder:2006_9 identical 8 lines
11-21 18:51:33.559  2006  2899 W InputReader: Device has associated, but no associated display id.
11-21 18:51:33.562  2757  1377 V FA-SVC  : Upload scheduled in approximately ms: 3581107
11-21 18:51:33.562  2757  1377 V FA-SVC  : Unscheduling upload
11-21 18:51:33.570  1322  1322 D LifecycleMonitor: Lifecycle status change: ru.iteco.fmhandroid.ui.AppActivity@105ecf9 in: PAUSED
11-21 18:51:33.577  2006  6495 W InputReader: Device has associated, but no associated display id.
11-21 18:51:33.578  2006  6495 I chatty  : uid=1000(system) Binder:2006_1A identical 8 lines
11-21 18:51:33.578  2006  6495 W InputReader: Device has associated, but no associated display id.
11-21 18:51:33.587  2876  1431 I PBSessionCacheImpl: Deleted sessionId[360287841323] from persistence.
11-21 18:51:33.592  2757  1377 V FA-SVC  : Scheduling upload, millis: 3581107
11-21 18:51:33.598  1322  1363 V FA      : Screen exposed for less than 1000 ms. Event not sent. time: 160
11-21 18:51:33.598  2006  2006 W ActivityManager: Unable to start service Intent { act=android.service.appprediction.AppPredictionService cmp=com.google.android.as/com.google.android.apps.miphone.aiai.app.AiAiPredictionService } U=0: not found
11-21 18:51:33.598  2006  2006 W RemoteAppPredictionService: could not bind to Intent { act=android.service.appprediction.AppPredictionService cmp=com.google.android.as/com.google.android.apps.miphone.aiai.app.AiAiPredictionService } using flags 67108865
11-21 18:51:33.601  2876  3118 W SearchServiceCore: Abort, client detached.
11-21 18:51:33.604  2757  1377 V FA-SVC  : Background event processing time, ms: 56
11-21 18:51:33.605  1322  1363 V FA      : Activity paused, time: 841927783
11-21 18:51:33.612  1761  2617 D gralloc_ranchu: gralloc_alloc: Creating ashmem region of size 14749696
11-21 18:51:33.615  1761  2617 I chatty  : uid=1000(system) HwBinder:1761_2 identical 1 line
11-21 18:51:33.618  1761  2617 D gralloc_ranchu: gralloc_alloc: Creating ashmem region of size 14749696
11-21 18:51:33.620  1761  1761 D gralloc_ranchu: gralloc_alloc: Creating ashmem region of size 14749696
11-21 18:51:33.626  1761  2617 D gralloc_ranchu: gralloc_alloc: Creating ashmem region of size 14749696
11-21 18:51:33.629  1761  2617 D gralloc_ranchu: gralloc_alloc: Creating ashmem region of size 14749696
11-21 18:51:33.630  2441  2951 D EGL_emulation: eglMakeCurrent: 0xdde1a480: ver 2 0 (tinfo 0xdde0f530)
11-21 18:51:33.633  2876  3288 D EGL_emulation: eglMakeCurrent: 0xdde1bb00: ver 2 0 (tinfo 0xdde0ff90)
11-21 18:51:33.695  2006  2032 W InputReader: Device has associated, but no associated display id.
11-21 18:51:33.696  2006  2032 I chatty  : uid=1000(system) android.anim identical 4 lines
11-21 18:51:33.696  2006  2032 W InputReader: Device has associated, but no associated display id.
11-21 18:51:33.696  1761  2617 D gralloc_ranchu: gralloc_alloc: Creating ashmem region of size 14749696
11-21 18:51:33.696  2006  2032 W InputReader: Device has associated, but no associated display id.
11-21 18:51:33.696  2006  2032 I chatty  : uid=1000(system) android.anim identical 2 lines
11-21 18:51:33.696  2006  2032 W InputReader: Device has associated, but no associated display id.
11-21 18:51:33.699  1761  1761 D gralloc_ranchu: gralloc_alloc: Creating ashmem region of size 9441280
11-21 18:51:33.708  7825  7875 D EGL_emulation: eglMakeCurrent: 0xe5ffa5c0: ver 2 0 (tinfo 0xda8dd010)
11-21 18:51:33.742  7825  7875 I chatty  : uid=10111(com.android.systemui) RenderThread identical 1 line
11-21 18:51:33.757  7825  7875 D EGL_emulation: eglMakeCurrent: 0xe5ffa5c0: ver 2 0 (tinfo 0xda8dd010)
11-21 18:51:33.772  2580 32529 E SQLiteDatabase: Error inserting flex_time=3581000 job_id=-1 period=7163000 source=16 requires_charging=0 preferred_network_type=1 target_class=com.google.android.gms.measurement.PackageMeasurementTaskService user_id=0 target_package=com.google.android.gms tag=Measurement.PackageMeasurementTaskService.UPLOAD_TASK_TAG task_type=0 required_idleness_state=0 service_kind=0 source_version=202414000 persistence_level=1 preferred_charging_state=1 required_network_type=0 runtime=1669045893660 retry_strategy={"maximum_backoff_seconds":{"3600":0},"initial_backoff_seconds":{"30":0},"retry_policy":{"0":0}} last_runtime=0
11-21 18:51:33.772  2580 32529 E SQLiteDatabase: android.database.sqlite.SQLiteConstraintException: UNIQUE constraint failed: pending_ops.tag, pending_ops.target_class, pending_ops.target_package, pending_ops.user_id (code 2067 SQLITE_CONSTRAINT_UNIQUE)
11-21 18:51:33.772  2580 32529 E SQLiteDatabase: 	at android.database.sqlite.SQLiteConnection.nativeExecuteForLastInsertedRowId(Native Method)
11-21 18:51:33.772  2580 32529 E SQLiteDatabase: 	at android.database.sqlite.SQLiteConnection.executeForLastInsertedRowId(SQLiteConnection.java:879)
11-21 18:51:33.772  2580 32529 E SQLiteDatabase: 	at android.database.sqlite.SQLiteSession.executeForLastInsertedRowId(SQLiteSession.java:790)
11-21 18:51:33.772  2580 32529 E SQLiteDatabase: 	at android.database.sqlite.SQLiteStatement.executeInsert(SQLiteStatement.java:88)
11-21 18:51:33.772  2580 32529 E SQLiteDatabase: 	at android.database.sqlite.SQLiteDatabase.insertWithOnConflict(SQLiteDatabase.java:1599)
11-21 18:51:33.772  2580 32529 E SQLiteDatabase: 	at android.database.sqlite.SQLiteDatabase.insert(SQLiteDatabase.java:1468)
11-21 18:51:33.772  2580 32529 E SQLiteDatabase: 	at aqui.a(:com.google.android.gms@202414022@20.24.14 (040700-319035315):175)
11-21 18:51:33.772  2580 32529 E SQLiteDatabase: 	at aqtk.a(:com.google.android.gms@202414022@20.24.14 (040700-319035315):182)
11-21 18:51:33.772  2580 32529 E SQLiteDatabase: 	at aqtk.a(:com.google.android.gms@202414022@20.24.14 (040700-319035315):23)
11-21 18:51:33.772  2580 32529 E SQLiteDatabase: 	at aqtk.a(:com.google.android.gms@202414022@20.24.14 (040700-319035315):177)
11-21 18:51:33.772  2580 32529 E SQLiteDatabase: 	at aqpu.run(:com.google.android.gms@202414022@20.24.14 (040700-319035315):9)
11-21 18:51:33.772  2580 32529 E SQLiteDatabase: 	at soy.b(:com.google.android.gms@202414022@20.24.14 (040700-319035315):12)
11-21 18:51:33.772  2580 32529 E SQLiteDatabase: 	at soy.run(:com.google.android.gms@202414022@20.24.14 (040700-319035315):7)
11-21 18:51:33.772  2580 32529 E SQLiteDatabase: 	at java.util.concurrent.ThreadPoolExecutor.runWorker(ThreadPoolExecutor.java:1167)
11-21 18:51:33.772  2580 32529 E SQLiteDatabase: 	at java.util.concurrent.ThreadPoolExecutor$Worker.run(ThreadPoolExecutor.java:641)
11-21 18:51:33.772  2580 32529 E SQLiteDatabase: 	at sux.run(:com.google.android.gms@202414022@20.24.14 (040700-319035315):0)
11-21 18:51:33.772  2580 32529 E SQLiteDatabase: 	at java.lang.Thread.run(Thread.java:919)
11-21 18:51:33.774  2006  6581 D HostConnection: HostConnection::get() New Host Connection established 0xdde553f0, tid 6581
11-21 18:51:33.776  2006  6581 D HostConnection: HostComposition ext ANDROID_EMU_CHECKSUM_HELPER_v1 ANDROID_EMU_dma_v1 ANDROID_EMU_direct_mem ANDROID_EMU_host_composition_v1 ANDROID_EMU_host_composition_v2 ANDROID_EMU_vulkan ANDROID_EMU_deferred_vulkan_commands ANDROID_EMU_vulkan_null_optional_strings ANDROID_EMU_vulkan_create_resources_with_requirements ANDROID_EMU_YUV_Cache ANDROID_EMU_vulkan_ignored_handles ANDROID_EMU_vulkan_free_memory_sync ANDROID_EMU_vulkan_shader_float16_int8 ANDROID_EMU_vulkan_async_queue_submit ANDROID_EMU_sync_buffer_data GL_OES_vertex_array_object GL_KHR_texture_compression_astc_ldr ANDROID_EMU_host_side_tracing ANDROID_EMU_gles_max_version_2 
11-21 18:51:33.779  2006  6581 W OpenGLRenderer: Failed to choose config with EGL_SWAP_BEHAVIOR_PRESERVED, retrying without...
11-21 18:51:33.780  1322  1388 D EGL_emulation: eglMakeCurrent: 0xdde1c1c0: ver 2 0 (tinfo 0xcd7b4040)
11-21 18:51:33.787  2876  2876 W ThreadPoolDumper: Queue length for executor EventBus is now 11. Perhaps some tasks are too long, or the pool is too small.
11-21 18:51:33.801  2006  6581 D EGL_emulation: eglCreateContext: 0xdde1af60: maj 2 min 0 rcv 2
11-21 18:51:33.805  2876  3118 W SessionLifecycleManager: Handover failed. Creating new session controller.
11-21 18:51:33.811  2006  6581 D EGL_emulation: eglMakeCurrent: 0xdde1af60: ver 2 0 (tinfo 0xb180ad60)
11-21 18:51:33.820  1775  1775 E Layer   : [Surface(name=AppWindowToken{8ecadb5 token=Token{31a55ec ActivityRecord{247309f u0 ru.iteco.fmhandroid/.ui.AppActivity t2506}}})/@0xa0788b4 - animation-leash#0] No local sync point found
11-21 18:51:33.820  1775  1775 E Layer   : [Surface(name=AppWindowToken{cf95f47 token=Token{19f6a86 ActivityRecord{5fbaf61 u0 com.google.android.apps.nexuslauncher/.NexusLauncherActivity t1123}}})/@0xb8f158b - animation-leash#0] No local sync point found
11-21 18:51:33.841  1322  1322 D LifecycleMonitor: Lifecycle status change: ru.iteco.fmhandroid.ui.AppActivity@105ecf9 in: STOPPED
11-21 18:51:33.861  1322  1322 D LifecycleMonitor: Lifecycle status change: ru.iteco.fmhandroid.ui.AppActivity@105ecf9 in: DESTROYED
11-21 18:51:33.873  2876  3118 I MicroDetectionWorker: #startMicroDetector [speakerMode: 0]
11-21 18:51:33.874  2876  3118 W ErrorReporter: reportError [type: 211, code: 393244, bug: 0]: errorCode: 393244, engine: 0
11-21 18:51:33.875  2876  3118 I MicroDetector: Keeping mic open: false
11-21 18:51:33.875  2876  3118 I MicroDetectionWorker: #onError(false)
11-21 18:51:33.899  7825  7838 I ndroid.systemu: NativeAlloc concurrent copying GC freed 1671(181KB) AllocSpace objects, 0(0B) LOS objects, 49% free, 5610KB/10MB, paused 3.749ms total 105.454ms
11-21 18:51:33.900  1322  1335 I teco.fmhandroi: NativeAlloc concurrent copying GC freed 15652(1227KB) AllocSpace objects, 15(752KB) LOS objects, 49% free, 3418KB/6836KB, paused 3.891ms total 113.611ms
11-21 18:51:34.210  1761  2617 D gralloc_ranchu: gralloc_alloc: Creating ashmem region of size 14749696
11-21 18:51:34.465  1322  1374 E TestRunner: failed: shouldCreateANewsItemWithCategoryNeedHelp(ru.iteco.fmhandroid.ui.NewsCreationFormTest)
11-21 18:51:34.465  1322  1374 E TestRunner: ----- begin exception -----
11-21 18:51:34.468  1322  1374 E TestRunner: java.lang.RuntimeException: java.io.IOException: Cannot run program "adb": error=13, Permission denied
11-21 18:51:34.468  1322  1374 E TestRunner: 	at ru.iteco.fmhandroid.ui.data.DeviceHelper.executeBash(DeviceHelper.java:20)
11-21 18:51:34.468  1322  1374 E TestRunner: 	at ru.iteco.fmhandroid.ui.BaseTest.disableAnimationOnEmulator(BaseTest.java:43)
11-21 18:51:34.468  1322  1374 E TestRunner: 	at ru.iteco.fmhandroid.ui.BaseTest.beforeEachTest(BaseTest.java:50)
11-21 18:51:34.468  1322  1374 E TestRunner: 	at java.lang.reflect.Method.invoke(Native Method)
11-21 18:51:34.468  1322  1374 E TestRunner: 	at org.junit.runners.model.FrameworkMethod$1.runReflectiveCall(FrameworkMethod.java:59)
11-21 18:51:34.468  1322  1374 E TestRunner: 	at org.junit.internal.runners.model.ReflectiveCallable.run(ReflectiveCallable.java:12)
11-21 18:51:34.468  1322  1374 E TestRunner: 	at org.junit.runners.model.FrameworkMethod.invokeExplosively(FrameworkMethod.java:56)
11-21 18:51:34.468  1322  1374 E TestRunner: 	at androidx.test.internal.runner.junit4.statement.RunBefores.evaluate(RunBefores.java:76)
11-21 18:51:34.468  1322  1374 E TestRunner: 	at androidx.test.rule.ActivityTestRule$ActivityStatement.evaluate(ActivityTestRule.java:543)
11-21 18:51:34.468  1322  1374 E TestRunner: 	at io.qameta.allure.android.rules.LogcatRule$apply$1.evaluate(LogcatRule.kt:23)
11-21 18:51:34.468  1322  1374 E TestRunner: 	at io.qameta.allure.android.rules.ScreenshotRule$apply$1.evaluate(ScreenshotRule.kt:22)
11-21 18:51:34.468  1322  1374 E TestRunner: 	at io.qameta.allure.android.rules.ScreenshotRule$apply$1.evaluate(ScreenshotRule.kt:22)
11-21 18:51:34.468  1322  1374 E TestRunner: 	at org.junit.rules.RunRules.evaluate(RunRules.java:20)
11-21 18:51:34.468  1322  1374 E TestRunner: 	at org.junit.runners.ParentRunner$3.evaluate(ParentRunner.java:306)
11-21 18:51:34.468  1322  1374 E TestRunner: 	at org.junit.runners.BlockJUnit4ClassRunner$1.evaluate(BlockJUnit4ClassRunner.java:100)
11-21 18:51:34.468  1322  1374 E TestRunner: 	at org.junit.runners.ParentRunner.runLeaf(ParentRunner.java:366)
11-21 18:51:34.468  1322  1374 E TestRunner: 	at org.junit.runners.BlockJUnit4ClassRunner.runChild(BlockJUnit4ClassRunner.java:103)
11-21 18:51:34.468  1322  1374 E TestRunner: 	at org.junit.runners.BlockJUnit4ClassRunner.runChild(BlockJUnit4ClassRunner.java:63)
11-21 18:51:34.468  1322  1374 E TestRunner: 	at org.junit.runners.ParentRunner$4.run(ParentRunner.java:331)
11-21 18:51:34.468  1322  1374 E TestRunner: 	at org.junit.runners.ParentRunner$1.schedule(ParentRunner.java:79)
11-21 18:51:34.468  1322  1374 E TestRunner: 	at org.junit.runners.ParentRunner.runChildren(ParentRunner.java:329)
11-21 18:51:34.468  1322  1374 E TestRunner: 	at org.junit.runners.ParentRunner.access$100(ParentRunner.java:66)
11-21 18:51:34.468  1322  1374 E TestRunner: 	at org.junit.runners.ParentRunner$2.evaluate(ParentRunner.java:293)
11-21 18:51:34.468  1322  1374 E TestRunner: 	at org.junit.runners.ParentRunner$3.evaluate(ParentRunner.java:306)
11-21 18:51:34.468  1322  1374 E TestRunner: 	at org.junit.runners.ParentRunner.run(ParentRunner.java:413)
11-21 18:51:34.468  1322  1374 E TestRunner: 	at androidx.test.ext.junit.runners.AndroidJUnit4.run(AndroidJUnit4.java:162)
11-21 18:51:34.468  1322  1374 E TestRunner: 	at io.qameta.allure.android.runners.AllureAndroidJUnit4.run(AllureAndroidJUnitRunners.kt:29)
11-21 18:51:34.468  1322  1374 E TestRunner: 	at org.junit.runners.Suite.runChild(Suite.java:128)
11-21 18:51:34.468  1322  1374 E TestRunner: 	at org.junit.runners.Suite.runChild(Suite.java:27)
11-21 18:51:34.468  1322  1374 E TestRunner: 	at org.junit.runners.ParentRunner$4.run(ParentRunner.java:331)
11-21 18:51:34.468  1322  1374 E TestRunner: 	at org.junit.runners.ParentRunner$1.schedule(ParentRunner.java:79)
11-21 18:51:34.468  1322  1374 E TestRunner: 	at org.junit.runners.ParentRunner.runChildren(ParentRunner.java:329)
11-21 18:51:34.468  1322  1374 E TestRunner: 	at org.junit.runners.ParentRunner.access$100(ParentRunner.java:66)
11-21 18:51:34.468  1322  1374 E TestRunner: 	at org.junit.runners.ParentRunner$2.evaluate(ParentRunner.java:293)
11-21 18:51:34.468  1322  1374 E TestRunner: 	at org.junit.runners.ParentRunner$3.evaluate(ParentRunner.java:306)
11-21 18:51:34.468  1322  1374 E TestRunner: 	at org.junit.runners.ParentRunner.run(ParentRunner.java:413)
11-21 18:51:34.468  1322  1374 E TestRunner: 	at org.junit.runner.JUnitCore.run(JUnitCore.java:137)
11-21 18:51:34.468  1322  1374 E TestRunner: 	at org.junit.runner.JUnitCore.run(JUnitCore.java:115)
11-21 18:51:34.468  1322  1374 E TestRunner: 	at androidx.test.internal.runner.TestExecutor.execute(TestExecutor.java:67)
11-21 18:51:34.468  1322  1374 E TestRunner: 	at androidx.test.internal.runner.TestExecutor.execute(TestExecutor.java:58)
11-21 18:51:34.468  1322  1374 E TestRunner: 	at androidx.test.runner.AndroidJUnitRunner.onStart(AndroidJUnitRunner.java:438)
11-21 18:51:34.468  1322  1374 E TestRunner: 	at android.app.Instrumentation$InstrumentationThread.run(Instrumentation.java:2189)
11-21 18:51:34.468  1322  1374 E TestRunner: Caused by: java.io.IOException: Cannot run program "adb": error=13, Permission denied
11-21 18:51:34.468  1322  1374 E TestRunner: 	at java.lang.ProcessBuilder.start(ProcessBuilder.java:1050)
11-21 18:51:34.468  1322  1374 E TestRunner: 	at java.lang.Runtime.exec(Runtime.java:698)
11-21 18:51:34.468  1322  1374 E TestRunner: 	at java.lang.Runtime.exec(Runtime.java:528)
11-21 18:51:34.468  1322  1374 E TestRunner: 	at java.lang.Runtime.exec(Runtime.java:425)
11-21 18:51:34.468  1322  1374 E TestRunner: 	at ru.iteco.fmhandroid.ui.data.DeviceHelper.executeBash(DeviceHelper.java:18)
11-21 18:51:34.468  1322  1374 E TestRunner: 	... 41 more
11-21 18:51:34.468  1322  1374 E TestRunner: Caused by: java.io.IOException: error=13, Permission denied
11-21 18:51:34.468  1322  1374 E TestRunner: 	at java.lang.UNIXProcess.forkAndExec(Native Method)
11-21 18:51:34.468  1322  1374 E TestRunner: 	at java.lang.UNIXProcess.<init>(UNIXProcess.java:133)
11-21 18:51:34.468  1322  1374 E TestRunner: 	at java.lang.ProcessImpl.start(ProcessImpl.java:141)
11-21 18:51:34.468  1322  1374 E TestRunner: 	at java.lang.ProcessBuilder.start(ProcessBuilder.java:1029)
11-21 18:51:34.468  1322  1374 E TestRunner: 	... 45 more
11-21 18:51:34.468  1322  1374 E TestRunner: ----- end exception -----
11-21 18:51:34.473  1322  1374 I TestRunner: finished: shouldCreateANewsItemWithCategoryNeedHelp(ru.iteco.fmhandroid.ui.NewsCreationFormTest)
11-21 18:51:34.493  1322  1374 I TestRunner: started: shouldNotSaveEmptyNews(ru.iteco.fmhandroid.ui.NewsCreationFormTest)
11-21 18:51:34.510  1322  1374 W ActivityTestRule: getActivityIntent() returned null using default: Intent(Intent.ACTION_MAIN)
11-21 18:51:34.514  2006  2926 I ActivityTaskManager: START u0 {act=android.intent.action.MAIN flg=0x10000000 cmp=ru.iteco.fmhandroid/.ui.AppActivity} from uid 10153
11-21 18:51:34.529  2006 22382 W InputReader: Device has associated, but no associated display id.
11-21 18:51:34.534  2006 22382 I chatty  : uid=1000(system) Binder:2006_1E identical 38 lines
11-21 18:51:34.534  2006 22382 W InputReader: Device has associated, but no associated display id.
11-21 18:51:34.536  1322  1322 W ActivityThread: handleWindowVisibility: no activity for token android.os.BinderProxy@24e57d2
11-21 18:51:34.550  1761  2617 D gralloc_ranchu: gralloc_alloc: Creating ashmem region of size 14749696
11-21 18:51:34.559  1322  1322 D LifecycleMonitor: Lifecycle status change: ru.iteco.fmhandroid.ui.AppActivity@6161f1e in: PRE_ON_CREATE
11-21 18:51:34.563  1322  1356 V FA      : onActivityCreated
11-21 18:51:34.594  1322  1322 D LifecycleMonitor: Lifecycle status change: ru.iteco.fmhandroid.ui.AppActivity@6161f1e in: CREATED
11-21 18:51:34.616  2006  2032 W InputReader: Device has associated, but no associated display id.
11-21 18:51:34.616  2006  2032 I chatty  : uid=1000(system) android.anim identical 8 lines
11-21 18:51:34.616  2006  2032 W InputReader: Device has associated, but no associated display id.
11-21 18:51:34.640  2876  3288 D EGL_emulation: eglMakeCurrent: 0xdde1bb00: ver 2 0 (tinfo 0xdde0ff90)
11-21 18:51:34.640  7825  7875 D EGL_emulation: eglMakeCurrent: 0xe5ffa5c0: ver 2 0 (tinfo 0xda8dd010)
11-21 18:51:34.643  2441  2951 D EGL_emulation: eglMakeCurrent: 0xdde1a480: ver 2 0 (tinfo 0xdde0f530)
11-21 18:51:34.650  7825  7875 D EGL_emulation: eglMakeCurrent: 0xe5ffa5c0: ver 2 0 (tinfo 0xda8dd010)
11-21 18:51:34.659  1322  1322 D LifecycleMonitor: Lifecycle status change: ru.iteco.fmhandroid.ui.AppActivity@6161f1e in: STARTED
11-21 18:51:34.661  1322  1322 D LifecycleMonitor: Lifecycle status change: ru.iteco.fmhandroid.ui.AppActivity@6161f1e in: RESUMED
11-21 18:51:34.661  1322  1363 V FA      : Activity resumed, time: 841928868
