12-07 08:39:35.530 29318 29362 W teco.fmhandroi: Accessing hidden method Lsun/misc/Unsafe;->compareAndSwapObject(Ljava/lang/Object;JLjava/lang/Object;Ljava/lang/Object;)Z (greylist, linking, allowed)
12-07 08:39:35.530 29318 29431 W teco.fmhandroi: Accessing hidden method Lsun/misc/Unsafe;->compareAndSwapObject(Ljava/lang/Object;JLjava/lang/Object;Ljava/lang/Object;)Z (greylist, linking, allowed)
12-07 08:39:35.535 29318 29318 I ViewInteraction: Performing 'wait for a specific view with <(an instance of android.widget.TextView and view.getHint() matching: is "Login" and view.getParent() view.getParent() view.getId() is <2131231121>)> during 10000 millis.' action on view view.getRootView() to equal view
12-07 08:39:35.540 29318 29362 W teco.fmhandroi: Accessing hidden method Lsun/misc/Unsafe;->compareAndSwapObject(Ljava/lang/Object;JLjava/lang/Object;Ljava/lang/Object;)Z (greylist, linking, allowed)
12-07 08:39:35.540 29318 29431 W teco.fmhandroi: Accessing hidden method Lsun/misc/Unsafe;->compareAndSwapObject(Ljava/lang/Object;JLjava/lang/Object;Ljava/lang/Object;)Z (greylist, linking, allowed)
12-07 08:39:35.546 29318 29318 I ViewInteraction: Checking 'MatchesViewAssertion{viewMatcher=(view has effective visibility <VISIBLE> and view.getGlobalVisibleRect() to return non-empty rectangle)}' assertion on view (an instance of android.widget.TextView and view.getHint() matching: is "Login" and view.getParent() view.getParent() view.getId() is <2131231121/ru.iteco.fmhandroid:id/login_text_input_layout>)
12-07 08:39:35.548 29318 29362 W teco.fmhandroi: Accessing hidden method Lsun/misc/Unsafe;->compareAndSwapObject(Ljava/lang/Object;JLjava/lang/Object;Ljava/lang/Object;)Z (greylist, linking, allowed)
12-07 08:39:35.548 29318 29431 W teco.fmhandroi: Accessing hidden method Lsun/misc/Unsafe;->compareAndSwapObject(Ljava/lang/Object;JLjava/lang/Object;Ljava/lang/Object;)Z (greylist, linking, allowed)
12-07 08:39:35.554 29318 29318 I ViewInteraction: Performing 'wait for a specific view with <(an instance of android.widget.TextView and view.getHint() matching: is "Password" and view.getParent() view.getParent() view.getId() is <2131231264>)> during 10000 millis.' action on view view.getRootView() to equal view
12-07 08:39:35.559 29318 29362 W teco.fmhandroi: Accessing hidden method Lsun/misc/Unsafe;->compareAndSwapObject(Ljava/lang/Object;JLjava/lang/Object;Ljava/lang/Object;)Z (greylist, linking, allowed)
12-07 08:39:35.567 29318 29318 I ViewInteraction: Checking 'MatchesViewAssertion{viewMatcher=(view has effective visibility <VISIBLE> and view.getGlobalVisibleRect() to return non-empty rectangle)}' assertion on view (an instance of android.widget.TextView and view.getHint() matching: is "Password" and view.getParent() view.getParent() view.getId() is <2131231264/ru.iteco.fmhandroid:id/password_text_input_layout>)
12-07 08:39:35.569 29318 29362 W teco.fmhandroi: Accessing hidden method Lsun/misc/Unsafe;->compareAndSwapObject(Ljava/lang/Object;JLjava/lang/Object;Ljava/lang/Object;)Z (greylist, linking, allowed)
12-07 08:39:35.569 29318 29431 W teco.fmhandroi: Accessing hidden method Lsun/misc/Unsafe;->compareAndSwapObject(Ljava/lang/Object;JLjava/lang/Object;Ljava/lang/Object;)Z (greylist, linking, allowed)
12-07 08:39:35.576 29318 29318 I ViewInteraction: Performing 'wait for a specific view with <(view.getId() is <2131231039> and an instance of android.widget.TextView and view.getText() with or without transformation to match: is "SIGN IN" and view.getContentDescription() is "Save" and view.getParent() view.getParent() an instance of android.widget.RelativeLayout)> during 10000 millis.' action on view view.getRootView() to equal view
12-07 08:39:35.579 29318 29362 W teco.fmhandroi: Accessing hidden method Lsun/misc/Unsafe;->compareAndSwapObject(Ljava/lang/Object;JLjava/lang/Object;Ljava/lang/Object;)Z (greylist, linking, allowed)
12-07 08:39:35.586 29318 29318 I ViewInteraction: Checking 'MatchesViewAssertion{viewMatcher=(view has effective visibility <VISIBLE> and view.getGlobalVisibleRect() to return non-empty rectangle)}' assertion on view (view.getId() is <2131231039/ru.iteco.fmhandroid:id/enter_button> and an instance of android.widget.TextView and view.getText() with or without transformation to match: is "SIGN IN" and view.getContentDescription() is "Save" and view.getParent() view.getParent() an instance of android.widget.RelativeLayout)
12-07 08:39:35.588 29318 29362 W teco.fmhandroi: Accessing hidden method Lsun/misc/Unsafe;->compareAndSwapObject(Ljava/lang/Object;JLjava/lang/Object;Ljava/lang/Object;)Z (greylist, linking, allowed)
12-07 08:39:35.588 29318 29431 W teco.fmhandroi: Accessing hidden method Lsun/misc/Unsafe;->compareAndSwapObject(Ljava/lang/Object;JLjava/lang/Object;Ljava/lang/Object;)Z (greylist, linking, allowed)
12-07 08:39:35.595 29318 29318 I ViewInteraction: Performing 'wait for a specific view with <(an instance of android.widget.TextView and view.getText() with or without transformation to match: is "Authorization" and view.getParent() view.getParent() view.getId() is <2131231186>)> during 10000 millis.' action on view view.getRootView() to equal view
12-07 08:39:35.597 29318 29362 W teco.fmhandroi: Accessing hidden method Lsun/misc/Unsafe;->compareAndSwapObject(Ljava/lang/Object;JLjava/lang/Object;Ljava/lang/Object;)Z (greylist, linking, allowed)
12-07 08:39:35.605 29318 29318 I ViewInteraction: Checking 'MatchesViewAssertion{viewMatcher=(view has effective visibility <VISIBLE> and view.getGlobalVisibleRect() to return non-empty rectangle)}' assertion on view (an instance of android.widget.TextView and view.getText() with or without transformation to match: is "Authorization" and view.getParent() view.getParent() view.getId() is <2131231186/ru.iteco.fmhandroid:id/nav_host_fragment>)
12-07 08:39:35.607 29318 29362 W teco.fmhandroi: Accessing hidden method Lsun/misc/Unsafe;->compareAndSwapObject(Ljava/lang/Object;JLjava/lang/Object;Ljava/lang/Object;)Z (greylist, linking, allowed)
12-07 08:39:35.607 29318 29431 W teco.fmhandroi: Accessing hidden method Lsun/misc/Unsafe;->compareAndSwapObject(Ljava/lang/Object;JLjava/lang/Object;Ljava/lang/Object;)Z (greylist, linking, allowed)
12-07 08:39:35.613 29318 29318 I ViewInteraction: Performing 'wait for a specific view with <(an instance of android.widget.TextView and view.getHint() matching: is "Login" and view.getParent() view.getParent() view.getId() is <2131231121/ru.iteco.fmhandroid:id/login_text_input_layout>)> during 10000 millis.' action on view view.getRootView() to equal view
12-07 08:39:35.618 29318 29362 W teco.fmhandroi: Accessing hidden method Lsun/misc/Unsafe;->compareAndSwapObject(Ljava/lang/Object;JLjava/lang/Object;Ljava/lang/Object;)Z (greylist, linking, allowed)
12-07 08:39:35.626 29318 29318 I ViewInteraction: Checking 'MatchesViewAssertion{viewMatcher=(view has effective visibility <VISIBLE> and view.getGlobalVisibleRect() to return non-empty rectangle)}' assertion on view (an instance of android.widget.TextView and view.getHint() matching: is "Login" and view.getParent() view.getParent() view.getId() is <2131231121/ru.iteco.fmhandroid:id/login_text_input_layout>)
12-07 08:39:35.628 29318 29362 W teco.fmhandroi: Accessing hidden method Lsun/misc/Unsafe;->compareAndSwapObject(Ljava/lang/Object;JLjava/lang/Object;Ljava/lang/Object;)Z (greylist, linking, allowed)
12-07 08:39:35.635 29318 29318 I ViewInteraction: Performing 'wait for a specific view with <(an instance of android.widget.TextView and view.getHint() matching: is "Password" and view.getParent() view.getParent() view.getId() is <2131231264/ru.iteco.fmhandroid:id/password_text_input_layout>)> during 10000 millis.' action on view view.getRootView() to equal view
12-07 08:39:35.639 29318 29362 W teco.fmhandroi: Accessing hidden method Lsun/misc/Unsafe;->compareAndSwapObject(Ljava/lang/Object;JLjava/lang/Object;Ljava/lang/Object;)Z (greylist, linking, allowed)
12-07 08:39:35.647 29318 29318 I ViewInteraction: Checking 'MatchesViewAssertion{viewMatcher=(view has effective visibility <VISIBLE> and view.getGlobalVisibleRect() to return non-empty rectangle)}' assertion on view (an instance of android.widget.TextView and view.getHint() matching: is "Password" and view.getParent() view.getParent() view.getId() is <2131231264/ru.iteco.fmhandroid:id/password_text_input_layout>)
12-07 08:39:35.649 29318 29362 W teco.fmhandroi: Accessing hidden method Lsun/misc/Unsafe;->compareAndSwapObject(Ljava/lang/Object;JLjava/lang/Object;Ljava/lang/Object;)Z (greylist, linking, allowed)
12-07 08:39:35.656 29318 29318 I ViewInteraction: Performing 'wait for a specific view with <(view.getId() is <2131231039/ru.iteco.fmhandroid:id/enter_button> and an instance of android.widget.TextView and view.getText() with or without transformation to match: is "SIGN IN" and view.getContentDescription() is "Save" and view.getParent() view.getParent() an instance of android.widget.RelativeLayout)> during 10000 millis.' action on view view.getRootView() to equal view
12-07 08:39:35.660 29318 29362 W teco.fmhandroi: Accessing hidden method Lsun/misc/Unsafe;->compareAndSwapObject(Ljava/lang/Object;JLjava/lang/Object;Ljava/lang/Object;)Z (greylist, linking, allowed)
12-07 08:39:35.660 29318 29431 W teco.fmhandroi: Accessing hidden method Lsun/misc/Unsafe;->compareAndSwapObject(Ljava/lang/Object;JLjava/lang/Object;Ljava/lang/Object;)Z (greylist, linking, allowed)
12-07 08:39:35.664 29318 29318 I ViewInteraction: Checking 'MatchesViewAssertion{viewMatcher=(view has effective visibility <VISIBLE> and view.getGlobalVisibleRect() to return non-empty rectangle)}' assertion on view (view.getId() is <2131231039/ru.iteco.fmhandroid:id/enter_button> and an instance of android.widget.TextView and view.getText() with or without transformation to match: is "SIGN IN" and view.getContentDescription() is "Save" and view.getParent() view.getParent() an instance of android.widget.RelativeLayout)
12-07 08:39:35.667 29318 29362 W teco.fmhandroi: Accessing hidden method Lsun/misc/Unsafe;->compareAndSwapObject(Ljava/lang/Object;JLjava/lang/Object;Ljava/lang/Object;)Z (greylist, linking, allowed)
12-07 08:39:35.671 29318 29318 I ViewInteraction: Performing 'wait for a specific view with <(an instance of android.widget.TextView and view.getHint() matching: is "Login" and view.getParent() view.getParent() view.getId() is <2131231121/ru.iteco.fmhandroid:id/login_text_input_layout>)> during 10000 millis.' action on view view.getRootView() to equal view
12-07 08:39:35.675 29318 29362 W teco.fmhandroi: Accessing hidden method Lsun/misc/Unsafe;->compareAndSwapObject(Ljava/lang/Object;JLjava/lang/Object;Ljava/lang/Object;)Z (greylist, linking, allowed)
12-07 08:39:35.685 29318 29318 I ViewInteraction: Performing 'replace text(login2)' action on view (an instance of android.widget.TextView and view.getHint() matching: is "Login" and view.getParent() view.getParent() view.getId() is <2131231121/ru.iteco.fmhandroid:id/login_text_input_layout>)
12-07 08:39:35.718 29318 29362 W teco.fmhandroi: Accessing hidden method Lsun/misc/Unsafe;->compareAndSwapObject(Ljava/lang/Object;JLjava/lang/Object;Ljava/lang/Object;)Z (greylist, linking, allowed)
12-07 08:39:35.757 29318 29318 I ViewInteraction: Performing 'wait for a specific view with <(an instance of android.widget.TextView and view.getHint() matching: is "Password" and view.getParent() view.getParent() view.getId() is <2131231264/ru.iteco.fmhandroid:id/password_text_input_layout>)> during 10000 millis.' action on view view.getRootView() to equal view
12-07 08:39:35.761 29318 29362 W teco.fmhandroi: Accessing hidden method Lsun/misc/Unsafe;->compareAndSwapObject(Ljava/lang/Object;JLjava/lang/Object;Ljava/lang/Object;)Z (greylist, linking, allowed)
12-07 08:39:35.774 29318 29318 I ViewInteraction: Performing 'replace text(password2)' action on view (an instance of android.widget.TextView and view.getHint() matching: is "Password" and view.getParent() view.getParent() view.getId() is <2131231264/ru.iteco.fmhandroid:id/password_text_input_layout>)
12-07 08:39:35.780 29318 29362 W teco.fmhandroi: Accessing hidden method Lsun/misc/Unsafe;->compareAndSwapObject(Ljava/lang/Object;JLjava/lang/Object;Ljava/lang/Object;)Z (greylist, linking, allowed)
12-07 08:39:35.821 29318 29318 I ViewInteraction: Performing 'wait for a specific view with <(view.getId() is <2131231039/ru.iteco.fmhandroid:id/enter_button> and an instance of android.widget.TextView and view.getText() with or without transformation to match: is "SIGN IN" and view.getContentDescription() is "Save" and view.getParent() view.getParent() an instance of android.widget.RelativeLayout)> during 10000 millis.' action on view view.getRootView() to equal view
12-07 08:39:35.827 29318 29362 W teco.fmhandroi: Accessing hidden method Lsun/misc/Unsafe;->compareAndSwapObject(Ljava/lang/Object;JLjava/lang/Object;Ljava/lang/Object;)Z (greylist, linking, allowed)
12-07 08:39:35.827 29318 29431 W teco.fmhandroi: Accessing hidden method Lsun/misc/Unsafe;->compareAndSwapObject(Ljava/lang/Object;JLjava/lang/Object;Ljava/lang/Object;)Z (greylist, linking, allowed)
12-07 08:39:35.832 29318 29318 I ViewInteraction: Checking 'MatchesViewAssertion{viewMatcher=view.isClickable() is <true>}' assertion on view (view.getId() is <2131231039/ru.iteco.fmhandroid:id/enter_button> and an instance of android.widget.TextView and view.getText() with or without transformation to match: is "SIGN IN" and view.getContentDescription() is "Save" and view.getParent() view.getParent() an instance of android.widget.RelativeLayout)
12-07 08:39:35.837 29318 29362 W teco.fmhandroi: Accessing hidden method Lsun/misc/Unsafe;->compareAndSwapObject(Ljava/lang/Object;JLjava/lang/Object;Ljava/lang/Object;)Z (greylist, linking, allowed)
12-07 08:39:35.840 29318 29318 I ViewInteraction: Performing 'wait for a specific view with <(view.getId() is <2131231039/ru.iteco.fmhandroid:id/enter_button> and an instance of android.widget.TextView and view.getText() with or without transformation to match: is "SIGN IN" and view.getContentDescription() is "Save" and view.getParent() view.getParent() an instance of android.widget.RelativeLayout)> during 10000 millis.' action on view view.getRootView() to equal view
12-07 08:39:35.846 29318 29362 W teco.fmhandroi: Accessing hidden method Lsun/misc/Unsafe;->compareAndSwapObject(Ljava/lang/Object;JLjava/lang/Object;Ljava/lang/Object;)Z (greylist, linking, allowed)
12-07 08:39:35.846 29318 29431 W teco.fmhandroi: Accessing hidden method Lsun/misc/Unsafe;->compareAndSwapObject(Ljava/lang/Object;JLjava/lang/Object;Ljava/lang/Object;)Z (greylist, linking, allowed)
12-07 08:39:35.849 29318 29318 I ViewInteraction: Checking 'MatchesViewAssertion{viewMatcher=view.isClickable() is <true>}' assertion on view (view.getId() is <2131231039/ru.iteco.fmhandroid:id/enter_button> and an instance of android.widget.TextView and view.getText() with or without transformation to match: is "SIGN IN" and view.getContentDescription() is "Save" and view.getParent() view.getParent() an instance of android.widget.RelativeLayout)
12-07 08:39:35.851 29318 29362 W teco.fmhandroi: Accessing hidden method Lsun/misc/Unsafe;->compareAndSwapObject(Ljava/lang/Object;JLjava/lang/Object;Ljava/lang/Object;)Z (greylist, linking, allowed)
12-07 08:39:35.851 29318 29431 W teco.fmhandroi: Accessing hidden method Lsun/misc/Unsafe;->compareAndSwapObject(Ljava/lang/Object;JLjava/lang/Object;Ljava/lang/Object;)Z (greylist, linking, allowed)
12-07 08:39:35.855 29318 29318 I ViewInteraction: Performing 'wait for a specific view with <(view.getId() is <2131231039/ru.iteco.fmhandroid:id/enter_button> and an instance of android.widget.TextView and view.getText() with or without transformation to match: is "SIGN IN" and view.getContentDescription() is "Save" and view.getParent() view.getParent() an instance of android.widget.RelativeLayout)> during 10000 millis.' action on view view.getRootView() to equal view
12-07 08:39:35.861 29318 29362 W teco.fmhandroi: Accessing hidden method Lsun/misc/Unsafe;->compareAndSwapObject(Ljava/lang/Object;JLjava/lang/Object;Ljava/lang/Object;)Z (greylist, linking, allowed)
12-07 08:39:35.861 29318 29431 W teco.fmhandroi: Accessing hidden method Lsun/misc/Unsafe;->compareAndSwapObject(Ljava/lang/Object;JLjava/lang/Object;Ljava/lang/Object;)Z (greylist, linking, allowed)
12-07 08:39:35.864 29318 29318 I ViewInteraction: Performing 'single click' action on view (view.getId() is <2131231039/ru.iteco.fmhandroid:id/enter_button> and an instance of android.widget.TextView and view.getText() with or without transformation to match: is "SIGN IN" and view.getContentDescription() is "Save" and view.getParent() view.getParent() an instance of android.widget.RelativeLayout)
12-07 08:39:35.943 29318 29436 I okhttp.OkHttpClient: --> POST http://www.981757-ca08998.tmweb.ru:8080/fmh/authentication/login
12-07 08:39:35.943 29318 29436 I okhttp.OkHttpClient: Content-Type: application/json; charset=UTF-8
12-07 08:39:35.944 29318 29436 I okhttp.OkHttpClient: Content-Length: 41
12-07 08:39:35.945 29318 29436 I okhttp.OkHttpClient: {"login":"login2","password":"password2"}
12-07 08:39:35.945 29318 29436 I okhttp.OkHttpClient: --> END POST (41-byte body)
12-07 08:39:35.961  1744 29437 E ResolverController: No valid NAT64 prefix (102, <unspecified>/0)
12-07 08:39:36.177 29318 29362 W teco.fmhandroi: Accessing hidden method Lsun/misc/Unsafe;->compareAndSwapObject(Ljava/lang/Object;JLjava/lang/Object;Ljava/lang/Object;)Z (greylist, linking, allowed)
12-07 08:39:36.181 29318 29318 I ViewInteraction: Performing 'wait for a specific view with <an instance of android.widget.TextView and view.getText() with or without transformation to match: is "News"> during 10000 millis.' action on view view.getRootView() to equal view
12-07 08:39:36.518 29318 29436 I okhttp.OkHttpClient: <-- 200 http://www.981757-ca08998.tmweb.ru:8080/fmh/authentication/login (572ms)
12-07 08:39:36.518 29318 29436 I okhttp.OkHttpClient: Vary: Origin
12-07 08:39:36.518 29318 29436 I okhttp.OkHttpClient: Vary: Access-Control-Request-Method
12-07 08:39:36.518 29318 29436 I okhttp.OkHttpClient: Vary: Access-Control-Request-Headers
12-07 08:39:36.518 29318 29436 I okhttp.OkHttpClient: X-Content-Type-Options: nosniff
12-07 08:39:36.519 29318 29436 I okhttp.OkHttpClient: X-XSS-Protection: 1; mode=block
12-07 08:39:36.519 29318 29436 I okhttp.OkHttpClient: Cache-Control: no-cache, no-store, max-age=0, must-revalidate
12-07 08:39:36.520 29318 29436 I okhttp.OkHttpClient: Pragma: no-cache
12-07 08:39:36.520 29318 29436 I okhttp.OkHttpClient: Expires: 0
12-07 08:39:36.520 29318 29436 I okhttp.OkHttpClient: X-Frame-Options: DENY
12-07 08:39:36.520 29318 29436 I okhttp.OkHttpClient: Content-Type: application/json
12-07 08:39:36.521 29318 29436 I okhttp.OkHttpClient: Transfer-Encoding: chunked
12-07 08:39:36.521 29318 29436 I okhttp.OkHttpClient: Date: Wed, 07 Dec 2022 13:39:38 GMT
12-07 08:39:36.521 29318 29436 I okhttp.OkHttpClient: Keep-Alive: timeout=60
12-07 08:39:36.522 29318 29436 I okhttp.OkHttpClient: Connection: keep-alive
12-07 08:39:36.523 29318 29436 I okhttp.OkHttpClient: {"accessToken":"eyJhbGciOiJIUzUxMiJ9.eyJzdWIiOiJsb2dpbjIiLCJqdGkiOiIyIiwiZXhwIjoxNjcwNTA2Nzc4fQ.drzGNuDSFoJuhgHK2GdF33Yp-s5bUkBEn1GQyL3De-Mfs_CKQkRyT5nd9FOQn5fgFRQUaPsYYJPc7Me1DLbtSw","refreshToken":"eyJhbGciOiJIUzUxMiJ9.eyJzdWIiOiJsb2dpbjIiLCJqdGkiOiIyIiwiZXhwIjoxNjczMDEyMzc4fQ.Xj5e6yGJn1H_ZrmCYdnMGc48BXGxzh74i9-ZV-4ArWcAv6pVm9qIJe3CzLyMA2j-g-Co3kp5hSWIGcMc0DP2bQ"}
12-07 08:39:36.523 29318 29436 I okhttp.OkHttpClient: <-- END HTTP (368-byte body)
12-07 08:39:36.529 29318 29418 I okhttp.OkHttpClient: --> GET http://www.981757-ca08998.tmweb.ru:8080/fmh/authentication/userInfo
12-07 08:39:36.529 29318 29418 I okhttp.OkHttpClient: --> END GET
12-07 08:39:36.722 29318 29418 I okhttp.OkHttpClient: <-- 200 http://www.981757-ca08998.tmweb.ru:8080/fmh/authentication/userInfo (193ms)
12-07 08:39:36.722 29318 29418 I okhttp.OkHttpClient: Vary: Origin
12-07 08:39:36.722 29318 29418 I okhttp.OkHttpClient: Vary: Access-Control-Request-Method
12-07 08:39:36.722 29318 29418 I okhttp.OkHttpClient: Vary: Access-Control-Request-Headers
12-07 08:39:36.723 29318 29418 I okhttp.OkHttpClient: X-Content-Type-Options: nosniff
12-07 08:39:36.723 29318 29418 I okhttp.OkHttpClient: X-XSS-Protection: 1; mode=block
12-07 08:39:36.723 29318 29418 I okhttp.OkHttpClient: Cache-Control: no-cache, no-store, max-age=0, must-revalidate
12-07 08:39:36.723 29318 29418 I okhttp.OkHttpClient: Pragma: no-cache
12-07 08:39:36.723 29318 29418 I okhttp.OkHttpClient: Expires: 0
12-07 08:39:36.723 29318 29418 I okhttp.OkHttpClient: X-Frame-Options: DENY
12-07 08:39:36.723 29318 29418 I okhttp.OkHttpClient: Content-Type: application/json
12-07 08:39:36.723 29318 29418 I okhttp.OkHttpClient: Transfer-Encoding: chunked
12-07 08:39:36.723 29318 29418 I okhttp.OkHttpClient: Date: Wed, 07 Dec 2022 13:39:38 GMT
12-07 08:39:36.723 29318 29418 I okhttp.OkHttpClient: Keep-Alive: timeout=60
12-07 08:39:36.723 29318 29418 I okhttp.OkHttpClient: Connection: keep-alive
12-07 08:39:36.724 29318 29418 I okhttp.OkHttpClient: {"id":2,"firstName":"Данил","lastName":"Иванов","middleName":"Данилович","admin":true}
12-07 08:39:36.724 29318 29418 I okhttp.OkHttpClient: <-- END HTTP (106-byte body)
12-07 08:39:36.750 29318 29438 I okhttp.OkHttpClient: --> GET http://www.981757-ca08998.tmweb.ru:8080/fmh/claims
12-07 08:39:36.750 29318 29438 I okhttp.OkHttpClient: --> END GET
12-07 08:39:36.910  2018  2058 E memtrack: Couldn't load memtrack module
12-07 08:39:36.910  2018  2058 W android.os.Debug: failed to get memory consumption info: -1
12-07 08:39:37.037 29318 29318 I ViewInteraction: Checking 'MatchesViewAssertion{viewMatcher=(view has effective visibility <VISIBLE> and view.getGlobalVisibleRect() to return non-empty rectangle)}' assertion on view an instance of android.widget.TextView and view.getText() with or without transformation to match: is "News"
12-07 08:39:37.039 29318 29431 W teco.fmhandroi: Accessing hidden method Lsun/misc/Unsafe;->compareAndSwapObject(Ljava/lang/Object;JLjava/lang/Object;Ljava/lang/Object;)Z (greylist, linking, allowed)
12-07 08:39:37.044 29318 29318 I ViewInteraction: Performing 'wait for a specific view with <view.getId() is <2131230951>> during 10000 millis.' action on view view.getRootView() to equal view
12-07 08:39:37.049 29318 29362 W teco.fmhandroi: Accessing hidden method Lsun/misc/Unsafe;->compareAndSwapObject(Ljava/lang/Object;JLjava/lang/Object;Ljava/lang/Object;)Z (greylist, linking, allowed)
12-07 08:39:37.058 29318 29318 I ViewInteraction: Checking 'MatchesViewAssertion{viewMatcher=(view has effective visibility <VISIBLE> and view.getGlobalVisibleRect() to return non-empty rectangle)}' assertion on view view.getId() is <2131230951/ru.iteco.fmhandroid:id/container_list_news_include_on_fragment_main>
12-07 08:39:37.064 29318 29362 W teco.fmhandroi: Accessing hidden method Lsun/misc/Unsafe;->compareAndSwapObject(Ljava/lang/Object;JLjava/lang/Object;Ljava/lang/Object;)Z (greylist, linking, allowed)
12-07 08:39:37.071 29318 29318 I ViewInteraction: Performing 'wait for a specific view with <view.getId() is <2131230949>> during 10000 millis.' action on view view.getRootView() to equal view
12-07 08:39:37.075 29318 29362 W teco.fmhandroi: Accessing hidden method Lsun/misc/Unsafe;->compareAndSwapObject(Ljava/lang/Object;JLjava/lang/Object;Ljava/lang/Object;)Z (greylist, linking, allowed)
12-07 08:39:37.075 29318 29431 W teco.fmhandroi: Accessing hidden method Lsun/misc/Unsafe;->compareAndSwapObject(Ljava/lang/Object;JLjava/lang/Object;Ljava/lang/Object;)Z (greylist, linking, allowed)
12-07 08:39:37.083 29318 29318 I ViewInteraction: Checking 'MatchesViewAssertion{viewMatcher=(view has effective visibility <VISIBLE> and view.getGlobalVisibleRect() to return non-empty rectangle)}' assertion on view view.getId() is <2131230949/ru.iteco.fmhandroid:id/container_list_claim_include_on_fragment_main>
12-07 08:39:37.086 29318 29362 W teco.fmhandroi: Accessing hidden method Lsun/misc/Unsafe;->compareAndSwapObject(Ljava/lang/Object;JLjava/lang/Object;Ljava/lang/Object;)Z (greylist, linking, allowed)
12-07 08:39:37.092 29318 29318 I ViewInteraction: Performing 'wait for a specific view with <an instance of android.widget.TextView and view.getText() with or without transformation to match: is "Claims"> during 10000 millis.' action on view view.getRootView() to equal view
12-07 08:39:37.110 29318 29318 I ViewInteraction: Checking 'MatchesViewAssertion{viewMatcher=(view has effective visibility <VISIBLE> and view.getGlobalVisibleRect() to return non-empty rectangle)}' assertion on view an instance of android.widget.TextView and view.getText() with or without transformation to match: is "Claims"
12-07 08:39:37.112 29318 29331 I teco.fmhandroi: NativeAlloc concurrent copying GC freed 63625(3259KB) AllocSpace objects, 5(224KB) LOS objects, 44% free, 7667KB/13MB, paused 3.925ms total 256.426ms
12-07 08:39:37.113 29318 29431 W teco.fmhandroi: Accessing hidden method Lsun/misc/Unsafe;->compareAndSwapObject(Ljava/lang/Object;JLjava/lang/Object;Ljava/lang/Object;)Z (greylist, linking, allowed)
12-07 08:39:37.123 29318 29318 I ViewInteraction: Performing 'wait for a specific view with <view.getId() is <2131231123>> during 10000 millis.' action on view view.getRootView() to equal view
12-07 08:39:37.127 29318 29362 W teco.fmhandroi: Accessing hidden method Lsun/misc/Unsafe;->compareAndSwapObject(Ljava/lang/Object;JLjava/lang/Object;Ljava/lang/Object;)Z (greylist, linking, allowed)
12-07 08:39:37.132 29318 29318 I ViewInteraction: Performing 'single click' action on view view.getId() is <2131231123/ru.iteco.fmhandroid:id/main_menu_image_button>
12-07 08:39:37.302  1776  1825 D gralloc_ranchu: gralloc_alloc: Creating ashmem region of size 2015232
12-07 08:39:37.309  1776  1825 I chatty  : uid=1000(system) HwBinder:1776_1 identical 1 line
12-07 08:39:37.311  1776  1825 D gralloc_ranchu: gralloc_alloc: Creating ashmem region of size 2015232
12-07 08:39:37.350 29318 29408 D EGL_emulation: eglMakeCurrent: 0xe593e5c0: ver 2 0 (tinfo 0xf0cc0430)
12-07 08:39:37.937 29318 29408 I chatty  : uid=10146(ru.iteco.fmhandroid) RenderThread identical 6 lines
12-07 08:39:37.950 29318 29408 D EGL_emulation: eglMakeCurrent: 0xe593e5c0: ver 2 0 (tinfo 0xf0cc0430)
12-07 08:39:38.193 29318 29362 W teco.fmhandroi: Accessing hidden method Lsun/misc/Unsafe;->compareAndSwapObject(Ljava/lang/Object;JLjava/lang/Object;Ljava/lang/Object;)Z (greylist, linking, allowed)
12-07 08:39:38.195 29318 29318 I ViewInteraction: Performing 'wait for a specific view with <an instance of android.widget.TextView and view.getText() with or without transformation to match: is "News"> during 10000 millis.' action on view view.getRootView() to equal view
12-07 08:39:38.200 29318 29318 I ViewInteraction: Performing 'single click' action on view an instance of android.widget.TextView and view.getText() with or without transformation to match: is "News"
12-07 08:39:38.266 29318 29408 D EGL_emulation: eglMakeCurrent: 0xe593e5c0: ver 2 0 (tinfo 0xf0cc0430)
12-07 08:39:38.364 29318 29439 I okhttp.OkHttpClient: --> GET http://www.981757-ca08998.tmweb.ru:8080/fmh/news
12-07 08:39:38.365 29318 29439 I okhttp.OkHttpClient: --> END GET
12-07 08:39:38.373  1744 29440 E ResolverController: No valid NAT64 prefix (102, <unspecified>/0)
12-07 08:39:38.481 29318 29408 D EGL_emulation: eglMakeCurrent: 0xe593e5c0: ver 2 0 (tinfo 0xf0cc0430)
12-07 08:39:38.522 29318 29408 D EGL_emulation: eglMakeCurrent: 0xe593e5c0: ver 2 0 (tinfo 0xf0cc0430)
12-07 08:39:38.995 29318 29431 W teco.fmhandroi: Accessing hidden method Lsun/misc/Unsafe;->compareAndSwapObject(Ljava/lang/Object;JLjava/lang/Object;Ljava/lang/Object;)Z (greylist, linking, allowed)
12-07 08:39:38.997 29318 29318 I ViewInteraction: Performing 'wait for a specific view with <view.getId() is <2131231025>> during 10000 millis.' action on view view.getRootView() to equal view
12-07 08:39:38.999 29318 29362 W teco.fmhandroi: Accessing hidden method Lsun/misc/Unsafe;->compareAndSwapObject(Ljava/lang/Object;JLjava/lang/Object;Ljava/lang/Object;)Z (greylist, linking, allowed)
12-07 08:39:39.002 29318 29318 I ViewInteraction: Performing 'single click' action on view view.getId() is <2131231025/ru.iteco.fmhandroid:id/edit_news_material_button>
12-07 08:39:39.077  1788  1978 D AF::Track: interceptBuffer: took 264us to intercept 0 tracks
12-07 08:39:39.108 29318 29441 I okhttp.OkHttpClient: --> GET http://www.981757-ca08998.tmweb.ru:8080/fmh/news
12-07 08:39:39.108 29318 29441 I okhttp.OkHttpClient: --> END GET
12-07 08:39:39.222 29318 29331 I teco.fmhandroi: Background young concurrent copying GC freed 54295(2433KB) AllocSpace objects, 1(16KB) LOS objects, 18% free, 10MB/13MB, paused 1.450ms total 113.806ms
12-07 08:39:39.692 29318 29438 I okhttp.OkHttpClient: <-- 200 http://www.981757-ca08998.tmweb.ru:8080/fmh/claims (2941ms)
12-07 08:39:39.692 29318 29438 I okhttp.OkHttpClient: Vary: Origin
12-07 08:39:39.692 29318 29438 I okhttp.OkHttpClient: Vary: Access-Control-Request-Method
12-07 08:39:39.692 29318 29438 I okhttp.OkHttpClient: Vary: Access-Control-Request-Headers
12-07 08:39:39.693 29318 29438 I okhttp.OkHttpClient: X-Content-Type-Options: nosniff
12-07 08:39:39.693 29318 29438 I okhttp.OkHttpClient: X-XSS-Protection: 1; mode=block
12-07 08:39:39.693 29318 29438 I okhttp.OkHttpClient: Cache-Control: no-cache, no-store, max-age=0, must-revalidate
12-07 08:39:39.693 29318 29438 I okhttp.OkHttpClient: Pragma: no-cache
12-07 08:39:39.693 29318 29438 I okhttp.OkHttpClient: Expires: 0
12-07 08:39:39.693 29318 29438 I okhttp.OkHttpClient: X-Frame-Options: DENY
12-07 08:39:39.693 29318 29438 I okhttp.OkHttpClient: Content-Type: application/json
12-07 08:39:39.693 29318 29438 I okhttp.OkHttpClient: Transfer-Encoding: chunked
12-07 08:39:39.693 29318 29438 I okhttp.OkHttpClient: Date: Wed, 07 Dec 2022 13:39:42 GMT
12-07 08:39:39.693 29318 29438 I okhttp.OkHttpClient: Keep-Alive: timeout=60
12-07 08:39:39.693 29318 29438 I okhttp.OkHttpClient: Connection: keep-alive
12-07 08:39:39.790 29318 29362 W teco.fmhandroi: Accessing hidden method Lsun/misc/Unsafe;->compareAndSwapObject(Ljava/lang/Object;JLjava/lang/Object;Ljava/lang/Object;)Z (greylist, linking, allowed)
12-07 08:39:39.794 29318 29439 I okhttp.OkHttpClient: <-- 200 http://www.981757-ca08998.tmweb.ru:8080/fmh/news (1428ms)
12-07 08:39:39.794 29318 29318 I ViewInteraction: Performing 'wait for a specific view with <view.getId() is <2131230850>> during 10000 millis.' action on view view.getRootView() to equal view
12-07 08:39:39.794 29318 29439 I okhttp.OkHttpClient: Vary: Origin
12-07 08:39:39.794 29318 29439 I okhttp.OkHttpClient: Vary: Access-Control-Request-Method
12-07 08:39:39.794 29318 29439 I okhttp.OkHttpClient: Vary: Access-Control-Request-Headers
12-07 08:39:39.794 29318 29439 I okhttp.OkHttpClient: X-Content-Type-Options: nosniff
12-07 08:39:39.795 29318 29439 I okhttp.OkHttpClient: X-XSS-Protection: 1; mode=block
12-07 08:39:39.795 29318 29439 I okhttp.OkHttpClient: Cache-Control: no-cache, no-store, max-age=0, must-revalidate
12-07 08:39:39.795 29318 29439 I okhttp.OkHttpClient: Pragma: no-cache
12-07 08:39:39.795 29318 29439 I okhttp.OkHttpClient: Expires: 0
12-07 08:39:39.795 29318 29439 I okhttp.OkHttpClient: X-Frame-Options: DENY
12-07 08:39:39.795 29318 29439 I okhttp.OkHttpClient: Content-Type: application/json
12-07 08:39:39.795 29318 29439 I okhttp.OkHttpClient: Transfer-Encoding: chunked
12-07 08:39:39.795 29318 29439 I okhttp.OkHttpClient: Date: Wed, 07 Dec 2022 13:39:42 GMT
12-07 08:39:39.795 29318 29439 I okhttp.OkHttpClient: Keep-Alive: timeout=60
12-07 08:39:39.795 29318 29439 I okhttp.OkHttpClient: Connection: keep-alive
12-07 08:39:39.798 29318 29362 W teco.fmhandroi: Accessing hidden method Lsun/misc/Unsafe;->compareAndSwapObject(Ljava/lang/Object;JLjava/lang/Object;Ljava/lang/Object;)Z (greylist, linking, allowed)
12-07 08:39:39.798 29318 29431 W teco.fmhandroi: Accessing hidden method Lsun/misc/Unsafe;->compareAndSwapObject(Ljava/lang/Object;JLjava/lang/Object;Ljava/lang/Object;)Z (greylist, linking, allowed)
12-07 08:39:39.800 29318 29318 I ViewInteraction: Performing 'single click' action on view view.getId() is <2131230850/ru.iteco.fmhandroid:id/add_news_image_view>
12-07 08:39:40.102 29318 29441 I okhttp.OkHttpClient: <-- 200 http://www.981757-ca08998.tmweb.ru:8080/fmh/news (993ms)
12-07 08:39:40.102 29318 29441 I okhttp.OkHttpClient: Vary: Origin
12-07 08:39:40.102 29318 29441 I okhttp.OkHttpClient: Vary: Access-Control-Request-Method
12-07 08:39:40.102 29318 29441 I okhttp.OkHttpClient: Vary: Access-Control-Request-Headers
12-07 08:39:40.102 29318 29441 I okhttp.OkHttpClient: X-Content-Type-Options: nosniff
12-07 08:39:40.102 29318 29441 I okhttp.OkHttpClient: X-XSS-Protection: 1; mode=block
12-07 08:39:40.102 29318 29441 I okhttp.OkHttpClient: Cache-Control: no-cache, no-store, max-age=0, must-revalidate
12-07 08:39:40.102 29318 29441 I okhttp.OkHttpClient: Pragma: no-cache
12-07 08:39:40.102 29318 29441 I okhttp.OkHttpClient: Expires: 0
12-07 08:39:40.103 29318 29441 I okhttp.OkHttpClient: X-Frame-Options: DENY
12-07 08:39:40.103 29318 29441 I okhttp.OkHttpClient: Content-Type: application/json
12-07 08:39:40.103 29318 29441 I okhttp.OkHttpClient: Transfer-Encoding: chunked
12-07 08:39:40.103 29318 29441 I okhttp.OkHttpClient: Date: Wed, 07 Dec 2022 13:39:42 GMT
12-07 08:39:40.106 29318 29441 I okhttp.OkHttpClient: Keep-Alive: timeout=60
12-07 08:39:40.106 29318 29441 I okhttp.OkHttpClient: Connection: keep-alive
12-07 08:39:40.246 29318 29331 I teco.fmhandroi: Background concurrent copying GC freed 28731(1512KB) AllocSpace objects, 0(0B) LOS objects, 32% free, 12MB/18MB, paused 1.103ms total 235.107ms
12-07 08:39:40.582 29318 29362 W teco.fmhandroi: Accessing hidden method Lsun/misc/Unsafe;->compareAndSwapObject(Ljava/lang/Object;JLjava/lang/Object;Ljava/lang/Object;)Z (greylist, linking, allowed)
12-07 08:39:40.585 29318 29318 I ViewInteraction: Performing 'wait for a specific view with <view.getId() is <2131231204>> during 10000 millis.' action on view view.getRootView() to equal view
12-07 08:39:40.587 29318 29362 W teco.fmhandroi: Accessing hidden method Lsun/misc/Unsafe;->compareAndSwapObject(Ljava/lang/Object;JLjava/lang/Object;Ljava/lang/Object;)Z (greylist, linking, allowed)
12-07 08:39:40.588 29318 29431 W teco.fmhandroi: Accessing hidden method Lsun/misc/Unsafe;->compareAndSwapObject(Ljava/lang/Object;JLjava/lang/Object;Ljava/lang/Object;)Z (greylist, linking, allowed)
12-07 08:39:40.590 29318 29318 I ViewInteraction: Performing 'single click' action on view view.getId() is <2131231204/ru.iteco.fmhandroid:id/news_item_category_text_auto_complete_text_view>
12-07 08:39:40.782  1776  1825 D gralloc_ranchu: gralloc_alloc: Creating ashmem region of size 5308416
12-07 08:39:40.790  1776  1825 I chatty  : uid=1000(system) HwBinder:1776_1 identical 1 line
12-07 08:39:40.793  1776  1825 D gralloc_ranchu: gralloc_alloc: Creating ashmem region of size 5308416
12-07 08:39:40.802 29318 29408 D EGL_emulation: eglMakeCurrent: 0xe593e5c0: ver 2 0 (tinfo 0xf0cc0430)
12-07 08:39:40.860 29318 29318 I AssistStructure: Flattened final assist data: 7432 bytes, containing 2 windows, 55 views
12-07 08:39:40.877  2018  3061 D AutofillSession: Starting partition or augmented request for view id 1073741826@2060218602: STARTED_SESSION
12-07 08:39:40.886  2018  2018 D AutofillSession: cancelCurrentRequest(): id = 391
12-07 08:39:40.892 29318 29408 D EGL_emulation: eglMakeCurrent: 0xe593e5c0: ver 2 0 (tinfo 0xf0cc0430)
12-07 08:39:40.921  1905  1905 E wifi_forwarder: RemoteConnection failed to initialize: RemoteConnection failed to open pipe
12-07 08:39:40.936 29318 29408 D EGL_emulation: eglMakeCurrent: 0xe593e5c0: ver 2 0 (tinfo 0xf0cc0430)
12-07 08:39:40.952 29318 29318 I AssistStructure: Flattened final assist data: 7432 bytes, containing 2 windows, 55 views
12-07 08:39:40.992  2537  2537 I KeyboardViewUtil: systemKeyboardHeightRatio:1.000000; userKeyboardHeightRatio:1.000000.
12-07 08:39:41.008  2537  2537 I AndroidIME: LatinIme.onActivate() : EditorInfo = Package = ru.iteco.fmhandroid : Type = Text : Learning = Disable : Suggestion = Show : AutoCorrection = Disable : Microphone = Show : NoPersonalizedLearning = Disable
12-07 08:39:41.017  2656  2656 W ktk     : Pending fill request while another request in the same session was triggered. [CONTEXT service_id=177 ]
12-07 08:39:41.150 29318 29408 D EGL_emulation: eglMakeCurrent: 0xe593e5c0: ver 2 0 (tinfo 0xf0cc0430)
12-07 08:39:41.178 29318 29362 W teco.fmhandroi: Accessing hidden method Lsun/misc/Unsafe;->compareAndSwapObject(Ljava/lang/Object;JLjava/lang/Object;Ljava/lang/Object;)Z (greylist, linking, allowed)
12-07 08:39:41.181 29318 29318 I ViewInteraction: Performing 'close keyboard' action on view view.getRootView() to equal view
12-07 08:39:41.223  2018  2051 D AutofillUI: destroySaveUiUiThread(): already destroyed
12-07 08:39:41.282  2537  2537 I Conv2QueryExtension: Current locale: en_US, config allows these locales: de,en,es,fr,it,ms,pt,ta
12-07 08:39:41.283  2537  2537 I Conv2QueryExtension: Conv2Query not enabled due to current app [ru.iteco.fmhandroid] not in whitelist
12-07 08:39:41.283  2537  2537 I Conv2QueryExtension: onActivate() : Disabled by unsupported host app
12-07 08:39:41.323  2170  2566 D EGL_emulation: eglMakeCurrent: 0xe594e040: ver 2 0 (tinfo 0xc52450c0)
12-07 08:39:41.418  2537  2537 I Choreographer: Skipped 38 frames!  The application may be doing too much work on its main thread.
12-07 08:39:41.449  1776  1825 D gralloc_ranchu: gralloc_alloc: Creating ashmem region of size 9826304
12-07 08:39:41.484  1776  1825 I chatty  : uid=1000(system) HwBinder:1776_1 identical 1 line
12-07 08:39:41.488  1776  1825 D gralloc_ranchu: gralloc_alloc: Creating ashmem region of size 9826304
12-07 08:39:41.594  1776  1825 D gralloc_ranchu: gralloc_alloc: Creating ashmem region of size 4198400
12-07 08:39:41.612 29318 29408 D EGL_emulation: eglMakeCurrent: 0xe593e5c0: ver 2 0 (tinfo 0xf0cc0430)
12-07 08:39:41.643  1776  1825 D gralloc_ranchu: gralloc_alloc: Creating ashmem region of size 4198400
12-07 08:39:41.647  2537  8546 D EGL_emulation: eglMakeCurrent: 0xc286ce00: ver 2 0 (tinfo 0xc335ede0)
12-07 08:39:41.656 29318 29408 D EGL_emulation: eglMakeCurrent: 0xe593e5c0: ver 2 0 (tinfo 0xf0cc0430)
12-07 08:39:41.672 29318 29408 D EGL_emulation: eglMakeCurrent: 0xe593e5c0: ver 2 0 (tinfo 0xf0cc0430)
12-07 08:39:41.686  1776  1825 D gralloc_ranchu: gralloc_alloc: Creating ashmem region of size 4198400
12-07 08:39:41.713 29318 29408 D EGL_emulation: eglMakeCurrent: 0xe593e5c0: ver 2 0 (tinfo 0xf0cc0430)
12-07 08:39:41.723  2656  2671 I .gms.persisten: Background concurrent copying GC freed 104742(5916KB) AllocSpace objects, 38(3068KB) LOS objects, 40% free, 8955KB/14MB, paused 2.208ms total 671.690ms
12-07 08:39:41.775  2537  8546 I OpenGLRenderer: Davey! duration=982ms; Flags=1, IntendedVsync=39843166651425, Vsync=39843799984733, OldestInputEvent=9223372036854775807, NewestInputEvent=0, HandleInputStart=39843808106740, AnimationStart=39843808799040, PerformTraversalsStart=39843809169340, DrawStart=39843881175240, SyncQueued=39844028497740, SyncStart=39844042638440, IssueDrawCommandsStart=39844044013140, SwapBuffers=39844145921340, FrameCompleted=39844163462840, DequeueBufferDuration=363000, QueueBufferDuration=718000, 
12-07 08:39:41.799  2537  2537 I PhenotypeExpConfig: refreshConfiguration() : Force = false : UpdateAvailable = false : Age = 510 minutes : MaxAge = 720 minutes
12-07 08:39:41.823  2537  2537 I AndroidIME: LatinIme.onDeactivate()
12-07 08:39:41.845  2018  2058 E memtrack: Couldn't load memtrack module
12-07 08:39:41.845  2018  2058 W android.os.Debug: failed to get memory consumption info: -1
12-07 08:39:41.880  2537  8546 D EGL_emulation: eglMakeCurrent: 0xc286ce00: ver 2 0 (tinfo 0xc335ede0)
12-07 08:39:42.043  1776  1825 D gralloc_ranchu: gralloc_alloc: Creating ashmem region of size 5308416
12-07 08:39:42.061 29318 29408 D EGL_emulation: eglMakeCurrent: 0xe593e5c0: ver 2 0 (tinfo 0xf0cc0430)
12-07 08:39:42.087  1776  1825 D gralloc_ranchu: gralloc_alloc: Creating ashmem region of size 5308416
12-07 08:39:42.094 29318 29408 D EGL_emulation: eglMakeCurrent: 0xe593e5c0: ver 2 0 (tinfo 0xf0cc0430)
12-07 08:39:42.126 29318 29408 D EGL_emulation: eglMakeCurrent: 0xe593e5c0: ver 2 0 (tinfo 0xf0cc0430)
12-07 08:39:42.143  1776  1825 D gralloc_ranchu: gralloc_alloc: Creating ashmem region of size 5308416
12-07 08:39:42.146 29318 29408 D EGL_emulation: eglMakeCurrent: 0xe593e5c0: ver 2 0 (tinfo 0xf0cc0430)
12-07 08:39:42.249 29318 29318 I ViewInteraction: Checking 'MatchesViewAssertion{viewMatcher=(view has effective visibility <VISIBLE> and view.getGlobalVisibleRect() to return non-empty rectangle)}' assertion on view an instance of android.widget.TextView and view.getText() with or without transformation to match: is "Объявление"
12-07 08:39:42.254 29318 29318 I ViewInteraction: Performing 'single click' action on view an instance of android.widget.TextView and view.getText() with or without transformation to match: is "Объявление"
12-07 08:39:42.314 29318 29408 D EGL_emulation: eglMakeCurrent: 0xe593e5c0: ver 2 0 (tinfo 0xf0cc0430)
12-07 08:39:42.434 29318 29408 D EGL_emulation: eglMakeCurrent: 0xe593e5c0: ver 2 0 (tinfo 0xf0cc0430)
12-07 08:39:42.446  2018  2130 E InputDispatcher: Window handle Window{7b70845 u0 PopupWindow:221f153} has no registered input channel
12-07 08:39:42.584 29318 29408 D EGL_emulation: eglMakeCurrent: 0xe593e5c0: ver 2 0 (tinfo 0xf0cc0430)
12-07 08:39:42.696 29318 29318 I ViewInteraction: Performing 'wait for a specific view with <view.getId() is <2131231227>> during 10000 millis.' action on view view.getRootView() to equal view
12-07 08:39:42.698 29318 29362 W teco.fmhandroi: Accessing hidden method Lsun/misc/Unsafe;->compareAndSwapObject(Ljava/lang/Object;JLjava/lang/Object;Ljava/lang/Object;)Z (greylist, linking, allowed)
12-07 08:39:42.704 29318 29318 I ViewInteraction: Performing 'replace text(Заголовок 3567c04b-9437-4f2c-8503-496a20d673c8)' action on view view.getId() is <2131231227/ru.iteco.fmhandroid:id/news_item_title_text_input_edit_text>
12-07 08:39:42.727 29318 29362 W teco.fmhandroi: Accessing hidden method Lsun/misc/Unsafe;->compareAndSwapObject(Ljava/lang/Object;JLjava/lang/Object;Ljava/lang/Object;)Z (greylist, linking, allowed)
12-07 08:39:42.745 29318 29318 I ViewInteraction: Performing 'wait for a specific view with <view.getId() is <2131231222>> during 10000 millis.' action on view view.getRootView() to equal view
12-07 08:39:42.747 29318 29362 W teco.fmhandroi: Accessing hidden method Lsun/misc/Unsafe;->compareAndSwapObject(Ljava/lang/Object;JLjava/lang/Object;Ljava/lang/Object;)Z (greylist, linking, allowed)
12-07 08:39:42.750 29318 29318 I ViewInteraction: Performing 'single click' action on view view.getId() is <2131231222/ru.iteco.fmhandroid:id/news_item_publish_date_text_input_edit_text>
12-07 08:39:43.139  1776  1825 D gralloc_ranchu: gralloc_alloc: Creating ashmem region of size 6778880
12-07 08:39:43.152  1776  1825 D gralloc_ranchu: gralloc_alloc: Creating ashmem region of size 6778880
12-07 08:39:43.156  1776  1776 D gralloc_ranchu: gralloc_alloc: Creating ashmem region of size 6778880
12-07 08:39:43.185 29318 29408 D EGL_emulation: eglMakeCurrent: 0xe593e5c0: ver 2 0 (tinfo 0xf0cc0430)
12-07 08:39:43.371 29318 29408 I chatty  : uid=10146(ru.iteco.fmhandroid) RenderThread identical 3 lines
12-07 08:39:43.398 29318 29408 D EGL_emulation: eglMakeCurrent: 0xe593e5c0: ver 2 0 (tinfo 0xf0cc0430)
12-07 08:39:43.664 29318 29362 W teco.fmhandroi: Accessing hidden method Lsun/misc/Unsafe;->compareAndSwapObject(Ljava/lang/Object;JLjava/lang/Object;Ljava/lang/Object;)Z (greylist, linking, allowed)
12-07 08:39:43.666 29318 29318 I ViewInteraction: Performing 'wait for a specific view with <is assignable from class <class android.widget.DatePicker>> during 10000 millis.' action on view view.getRootView() to equal view
12-07 08:39:43.671 29318 29318 I ViewInteraction: Checking 'MatchesViewAssertion{viewMatcher=(view has effective visibility <VISIBLE> and view.getGlobalVisibleRect() to return non-empty rectangle)}' assertion on view is assignable from class <class android.widget.DatePicker>
12-07 08:39:43.677 29318 29318 I ViewInteraction: Performing 'wait for a specific view with <is assignable from class <class android.widget.DatePicker>> during 10000 millis.' action on view view.getRootView() to equal view
12-07 08:39:43.683 29318 29318 I ViewInteraction: Performing 'set date' action on view is assignable from class <class android.widget.DatePicker>
12-07 08:39:43.720 29318 29318 I ViewInteraction: Performing 'wait for a specific view with <view.getId() is <16908313>> during 10000 millis.' action on view view.getRootView() to equal view
12-07 08:39:43.726 29318 29362 W teco.fmhandroi: Accessing hidden method Lsun/misc/Unsafe;->compareAndSwapObject(Ljava/lang/Object;JLjava/lang/Object;Ljava/lang/Object;)Z (greylist, linking, allowed)
12-07 08:39:43.728 29318 29318 I ViewInteraction: Performing 'single click' action on view view.getId() is <16908313/android:id/button1>
12-07 08:39:43.770 29318 29408 D EGL_emulation: eglMakeCurrent: 0xe593e5c0: ver 2 0 (tinfo 0xf0cc0430)
12-07 08:39:43.805 29318 29408 I chatty  : uid=10146(ru.iteco.fmhandroid) RenderThread identical 1 line
12-07 08:39:43.841 29318 29408 D EGL_emulation: eglMakeCurrent: 0xe593e5c0: ver 2 0 (tinfo 0xf0cc0430)
12-07 08:39:43.845  2018  5837 E InputDispatcher: Window handle Window{c362a11 u0 ru.iteco.fmhandroid/ru.iteco.fmhandroid.ui.AppActivity} has no registered input channel
12-07 08:39:43.863  2018  2130 E InputDispatcher: Window handle Window{c362a11 u0 ru.iteco.fmhandroid/ru.iteco.fmhandroid.ui.AppActivity} has no registered input channel
12-07 08:39:43.891 29318 29408 D EGL_emulation: eglMakeCurrent: 0xe593e5c0: ver 2 0 (tinfo 0xf0cc0430)
12-07 08:39:44.258 29318 29362 W teco.fmhandroi: Accessing hidden method Lsun/misc/Unsafe;->compareAndSwapObject(Ljava/lang/Object;JLjava/lang/Object;Ljava/lang/Object;)Z (greylist, linking, allowed)
12-07 08:39:44.262 29318 29318 I ViewInteraction: Performing 'wait for a specific view with <view.getId() is <2131231223>> during 10000 millis.' action on view view.getRootView() to equal view
12-07 08:39:44.264 29318 29362 W teco.fmhandroi: Accessing hidden method Lsun/misc/Unsafe;->compareAndSwapObject(Ljava/lang/Object;JLjava/lang/Object;Ljava/lang/Object;)Z (greylist, linking, allowed)
12-07 08:39:44.264 29318 29431 W teco.fmhandroi: Accessing hidden method Lsun/misc/Unsafe;->compareAndSwapObject(Ljava/lang/Object;JLjava/lang/Object;Ljava/lang/Object;)Z (greylist, linking, allowed)
12-07 08:39:44.267 29318 29318 I ViewInteraction: Performing 'single click' action on view view.getId() is <2131231223/ru.iteco.fmhandroid:id/news_item_publish_time_text_input_edit_text>
12-07 08:39:44.692  1776  1776 D gralloc_ranchu: gralloc_alloc: Creating ashmem region of size 5718016
12-07 08:39:44.704  1776  1776 I chatty  : uid=1000(system) allocator@2.0-s identical 1 line
12-07 08:39:44.705  1776  1776 D gralloc_ranchu: gralloc_alloc: Creating ashmem region of size 5718016
12-07 08:39:44.727 29318 29331 I teco.fmhandroi: NativeAlloc concurrent copying GC freed 69483(2862KB) AllocSpace objects, 3(60KB) LOS objects, 30% free, 13MB/19MB, paused 1.618ms total 348.511ms
12-07 08:39:44.746 29318 29408 D EGL_emulation: eglMakeCurrent: 0xe593e5c0: ver 2 0 (tinfo 0xf0cc0430)
12-07 08:39:44.825 29318 29408 I chatty  : uid=10146(ru.iteco.fmhandroid) RenderThread identical 2 lines
12-07 08:39:44.909 29318 29408 D EGL_emulation: eglMakeCurrent: 0xe593e5c0: ver 2 0 (tinfo 0xf0cc0430)
12-07 08:39:45.145 29318 29362 W teco.fmhandroi: Accessing hidden method Lsun/misc/Unsafe;->compareAndSwapObject(Ljava/lang/Object;JLjava/lang/Object;Ljava/lang/Object;)Z (greylist, linking, allowed)
12-07 08:39:45.149 29318 29318 I ViewInteraction: Performing 'wait for a specific view with <is assignable from class <class android.widget.TimePicker>> during 10000 millis.' action on view view.getRootView() to equal view
12-07 08:39:45.153 29318 29318 I ViewInteraction: Checking 'MatchesViewAssertion{viewMatcher=(view has effective visibility <VISIBLE> and view.getGlobalVisibleRect() to return non-empty rectangle)}' assertion on view is assignable from class <class android.widget.TimePicker>
12-07 08:39:45.157 29318 29318 I ViewInteraction: Performing 'wait for a specific view with <is assignable from class <class android.widget.TimePicker>> during 10000 millis.' action on view view.getRootView() to equal view
12-07 08:39:45.162 29318 29318 I ViewInteraction: Performing 'set time' action on view is assignable from class <class android.widget.TimePicker>
12-07 08:39:45.167 29318 29318 I ViewInteraction: Performing 'wait for a specific view with <view.getId() is <16908313/android:id/button1>> during 10000 millis.' action on view view.getRootView() to equal view
12-07 08:39:45.171 29318 29362 W teco.fmhandroi: Accessing hidden method Lsun/misc/Unsafe;->compareAndSwapObject(Ljava/lang/Object;JLjava/lang/Object;Ljava/lang/Object;)Z (greylist, linking, allowed)
12-07 08:39:45.175 29318 29318 I ViewInteraction: Performing 'single click' action on view view.getId() is <16908313/android:id/button1>
12-07 08:39:45.233 29318 29408 D EGL_emulation: eglMakeCurrent: 0xe593e5c0: ver 2 0 (tinfo 0xf0cc0430)
12-07 08:39:45.260 29318 29408 D EGL_emulation: eglMakeCurrent: 0xe593e5c0: ver 2 0 (tinfo 0xf0cc0430)
12-07 08:39:45.264  2018  5837 E InputDispatcher: Window handle Window{37812b2 u0 ru.iteco.fmhandroid/ru.iteco.fmhandroid.ui.AppActivity} has no registered input channel
