--------- beginning of main
12-08 04:49:31.099  8703  8748 W teco.fmhandroi: Accessing hidden method Lsun/misc/Unsafe;->compareAndSwapObject(Ljava/lang/Object;JLjava/lang/Object;Ljava/lang/Object;)Z (greylist, linking, allowed)
12-08 04:49:31.106  8703  8703 I ViewInteraction: Checking 'MatchesViewAssertion{viewMatcher=(view has effective visibility <VISIBLE> and view.getGlobalVisibleRect() to return non-empty rectangle)}' assertion on view (an instance of android.widget.TextView and view.getText() with or without transformation to match: is "Authorization" and view.getParent() view.getParent() view.getId() is <2131231186/ru.iteco.fmhandroid:id/nav_host_fragment>)
12-08 04:49:31.109  8703  8868 W teco.fmhandroi: Accessing hidden method Lsun/misc/Unsafe;->compareAndSwapObject(Ljava/lang/Object;JLjava/lang/Object;Ljava/lang/Object;)Z (greylist, linking, allowed)
12-08 04:49:31.115  8703  8703 I ViewInteraction: Performing 'wait for a specific view with <(an instance of android.widget.TextView and view.getHint() matching: is "Login" and view.getParent() view.getParent() view.getId() is <2131231121/ru.iteco.fmhandroid:id/login_text_input_layout>)> during 10000 millis.' action on view view.getRootView() to equal view
12-08 04:49:31.118  8703  8748 W teco.fmhandroi: Accessing hidden method Lsun/misc/Unsafe;->compareAndSwapObject(Ljava/lang/Object;JLjava/lang/Object;Ljava/lang/Object;)Z (greylist, linking, allowed)
12-08 04:49:31.125  8703  8703 I ViewInteraction: Checking 'MatchesViewAssertion{viewMatcher=(view has effective visibility <VISIBLE> and view.getGlobalVisibleRect() to return non-empty rectangle)}' assertion on view (an instance of android.widget.TextView and view.getHint() matching: is "Login" and view.getParent() view.getParent() view.getId() is <2131231121/ru.iteco.fmhandroid:id/login_text_input_layout>)
12-08 04:49:31.126  8703  8748 W teco.fmhandroi: Accessing hidden method Lsun/misc/Unsafe;->compareAndSwapObject(Ljava/lang/Object;JLjava/lang/Object;Ljava/lang/Object;)Z (greylist, linking, allowed)
12-08 04:49:31.129  8703  8703 I ViewInteraction: Performing 'wait for a specific view with <(an instance of android.widget.TextView and view.getHint() matching: is "Password" and view.getParent() view.getParent() view.getId() is <2131231264/ru.iteco.fmhandroid:id/password_text_input_layout>)> during 10000 millis.' action on view view.getRootView() to equal view
12-08 04:49:31.133  8703  8748 W teco.fmhandroi: Accessing hidden method Lsun/misc/Unsafe;->compareAndSwapObject(Ljava/lang/Object;JLjava/lang/Object;Ljava/lang/Object;)Z (greylist, linking, allowed)
12-08 04:49:31.152  8703  8703 I ViewInteraction: Checking 'MatchesViewAssertion{viewMatcher=(view has effective visibility <VISIBLE> and view.getGlobalVisibleRect() to return non-empty rectangle)}' assertion on view (an instance of android.widget.TextView and view.getHint() matching: is "Password" and view.getParent() view.getParent() view.getId() is <2131231264/ru.iteco.fmhandroid:id/password_text_input_layout>)
12-08 04:49:31.153  8703  8748 W teco.fmhandroi: Accessing hidden method Lsun/misc/Unsafe;->compareAndSwapObject(Ljava/lang/Object;JLjava/lang/Object;Ljava/lang/Object;)Z (greylist, linking, allowed)
12-08 04:49:31.157  8703  8703 I ViewInteraction: Performing 'wait for a specific view with <(view.getId() is <2131231039/ru.iteco.fmhandroid:id/enter_button> and an instance of android.widget.TextView and view.getText() with or without transformation to match: is "SIGN IN" and view.getContentDescription() is "Save" and view.getParent() view.getParent() an instance of android.widget.RelativeLayout)> during 10000 millis.' action on view view.getRootView() to equal view
12-08 04:49:31.161  8703  8748 W teco.fmhandroi: Accessing hidden method Lsun/misc/Unsafe;->compareAndSwapObject(Ljava/lang/Object;JLjava/lang/Object;Ljava/lang/Object;)Z (greylist, linking, allowed)
12-08 04:49:31.164  8703  8703 I ViewInteraction: Checking 'MatchesViewAssertion{viewMatcher=(view has effective visibility <VISIBLE> and view.getGlobalVisibleRect() to return non-empty rectangle)}' assertion on view (view.getId() is <2131231039/ru.iteco.fmhandroid:id/enter_button> and an instance of android.widget.TextView and view.getText() with or without transformation to match: is "SIGN IN" and view.getContentDescription() is "Save" and view.getParent() view.getParent() an instance of android.widget.RelativeLayout)
12-08 04:49:31.165  8703  8748 W teco.fmhandroi: Accessing hidden method Lsun/misc/Unsafe;->compareAndSwapObject(Ljava/lang/Object;JLjava/lang/Object;Ljava/lang/Object;)Z (greylist, linking, allowed)
12-08 04:49:31.182  8703  8703 I ViewInteraction: Performing 'wait for a specific view with <(an instance of android.widget.TextView and view.getText() with or without transformation to match: is "Authorization" and view.getParent() view.getParent() view.getId() is <2131231186>)> during 10000 millis.' action on view view.getRootView() to equal view
12-08 04:49:31.183  8703  8748 W teco.fmhandroi: Accessing hidden method Lsun/misc/Unsafe;->compareAndSwapObject(Ljava/lang/Object;JLjava/lang/Object;Ljava/lang/Object;)Z (greylist, linking, allowed)
12-08 04:49:31.186  8703  8703 I ViewInteraction: Checking 'MatchesViewAssertion{viewMatcher=(view has effective visibility <VISIBLE> and view.getGlobalVisibleRect() to return non-empty rectangle)}' assertion on view (an instance of android.widget.TextView and view.getText() with or without transformation to match: is "Authorization" and view.getParent() view.getParent() view.getId() is <2131231186/ru.iteco.fmhandroid:id/nav_host_fragment>)
12-08 04:49:31.188  8703  8748 W teco.fmhandroi: Accessing hidden method Lsun/misc/Unsafe;->compareAndSwapObject(Ljava/lang/Object;JLjava/lang/Object;Ljava/lang/Object;)Z (greylist, linking, allowed)
12-08 04:49:31.192  8703  8703 I ViewInteraction: Performing 'wait for a specific view with <(an instance of android.widget.TextView and view.getHint() matching: is "Login" and view.getParent() view.getParent() view.getId() is <2131231121/ru.iteco.fmhandroid:id/login_text_input_layout>)> during 10000 millis.' action on view view.getRootView() to equal view
12-08 04:49:31.193  8703  8748 W teco.fmhandroi: Accessing hidden method Lsun/misc/Unsafe;->compareAndSwapObject(Ljava/lang/Object;JLjava/lang/Object;Ljava/lang/Object;)Z (greylist, linking, allowed)
12-08 04:49:31.196  8703  8703 I ViewInteraction: Checking 'MatchesViewAssertion{viewMatcher=(view has effective visibility <VISIBLE> and view.getGlobalVisibleRect() to return non-empty rectangle)}' assertion on view (an instance of android.widget.TextView and view.getHint() matching: is "Login" and view.getParent() view.getParent() view.getId() is <2131231121/ru.iteco.fmhandroid:id/login_text_input_layout>)
12-08 04:49:31.198  8703  8748 W teco.fmhandroi: Accessing hidden method Lsun/misc/Unsafe;->compareAndSwapObject(Ljava/lang/Object;JLjava/lang/Object;Ljava/lang/Object;)Z (greylist, linking, allowed)
12-08 04:49:31.201  8703  8703 I ViewInteraction: Performing 'wait for a specific view with <(an instance of android.widget.TextView and view.getHint() matching: is "Password" and view.getParent() view.getParent() view.getId() is <2131231264/ru.iteco.fmhandroid:id/password_text_input_layout>)> during 10000 millis.' action on view view.getRootView() to equal view
12-08 04:49:31.202  8703  8748 W teco.fmhandroi: Accessing hidden method Lsun/misc/Unsafe;->compareAndSwapObject(Ljava/lang/Object;JLjava/lang/Object;Ljava/lang/Object;)Z (greylist, linking, allowed)
12-08 04:49:31.208  8703  8703 I ViewInteraction: Checking 'MatchesViewAssertion{viewMatcher=(view has effective visibility <VISIBLE> and view.getGlobalVisibleRect() to return non-empty rectangle)}' assertion on view (an instance of android.widget.TextView and view.getHint() matching: is "Password" and view.getParent() view.getParent() view.getId() is <2131231264/ru.iteco.fmhandroid:id/password_text_input_layout>)
12-08 04:49:31.211  8703  8748 W teco.fmhandroi: Accessing hidden method Lsun/misc/Unsafe;->compareAndSwapObject(Ljava/lang/Object;JLjava/lang/Object;Ljava/lang/Object;)Z (greylist, linking, allowed)
12-08 04:49:31.215  8703  8703 I ViewInteraction: Performing 'wait for a specific view with <(view.getId() is <2131231039/ru.iteco.fmhandroid:id/enter_button> and an instance of android.widget.TextView and view.getText() with or without transformation to match: is "SIGN IN" and view.getContentDescription() is "Save" and view.getParent() view.getParent() an instance of android.widget.RelativeLayout)> during 10000 millis.' action on view view.getRootView() to equal view
12-08 04:49:31.216  8703  8748 W teco.fmhandroi: Accessing hidden method Lsun/misc/Unsafe;->compareAndSwapObject(Ljava/lang/Object;JLjava/lang/Object;Ljava/lang/Object;)Z (greylist, linking, allowed)
12-08 04:49:31.220  8703  8703 I ViewInteraction: Checking 'MatchesViewAssertion{viewMatcher=(view has effective visibility <VISIBLE> and view.getGlobalVisibleRect() to return non-empty rectangle)}' assertion on view (view.getId() is <2131231039/ru.iteco.fmhandroid:id/enter_button> and an instance of android.widget.TextView and view.getText() with or without transformation to match: is "SIGN IN" and view.getContentDescription() is "Save" and view.getParent() view.getParent() an instance of android.widget.RelativeLayout)
12-08 04:49:31.685  2170  2170 D StatusBar: disable<e i a s b h r c s > disable2<q i n >
12-08 04:49:31.719  2170  2566 D EGL_emulation: eglMakeCurrent: 0xe594e040: ver 2 0 (tinfo 0xc52450c0)
12-08 04:49:31.730  1776  1825 D gralloc_ranchu: gralloc_alloc: Creating ashmem region of size 10108928
12-08 04:49:31.747  2170  2566 D EGL_emulation: eglMakeCurrent: 0xe594e040: ver 2 0 (tinfo 0xc52450c0)
12-08 04:49:31.790  1776  1825 D gralloc_ranchu: gralloc_alloc: Creating ashmem region of size 10108928
12-08 04:49:31.808  2170  2170 D StatusBar: disable<e i a s b h r c s > disable2<q i n >
12-08 04:49:31.861  1776  1825 D gralloc_ranchu: gralloc_alloc: Creating ashmem region of size 10108928
--------- beginning of system
12-08 04:49:32.399  2018  2018 W WindowManager: removeWindowToken: Attempted to remove non-existing token: android.os.Binder@5206369
12-08 04:49:32.732  8703  8748 I QueryController: Matched selector: UiSelector[DESCRIPTION=Airplane mode] <<==>> [android.view.accessibility.AccessibilityNodeInfo@6db63; boundsInParent: Rect(0, 0 - 292, 292); boundsInScreen: Rect(736, 804 - 1028, 1096); packageName: com.android.systemui; className: android.widget.Switch; text: Off; error: null; maxTextLength: -1; contentDescription: Airplane mode; tooltipText: null; viewIdResName: null; checkable: true; checked: false; focusable: true; focused: false; selected: false; clickable: true; longClickable: true; contextClickable: false; enabled: true; password: false; scrollable: false; importantForAccessibility: true; visible: true; actions: [AccessibilityAction: ACTION_FOCUS - null, AccessibilityAction: ACTION_SELECT - null, AccessibilityAction: ACTION_CLEAR_SELECTION - null, AccessibilityAction: ACTION_CLICK - null, AccessibilityAction: ACTION_ACCESSIBILITY_FOCUS - null, AccessibilityAction: ACTION_NEXT_AT_MOVEMENT_GRANULARITY - null, AccessibilityAction: ACTION_PREVIOUS_AT_MOVEMENT_GRANULARITY - null, AccessibilityAction: ACTION_SET_SELECTION - null, AccessibilityAction: ACTION_SHOW_ON_SCREEN - null, AccessibilityAction: ACTION_LONG_CLICK - Open settings]]
12-08 04:49:32.753  2018  2051 D AutofillManagerService: onBackKeyPressed()
12-08 04:49:33.114  2018  2058 I UsageStatsService: User[0] Flushing usage stats to disk
12-08 04:49:33.176  2018  2058 E AppIdleHistory: Error writing app idle file for user 0
12-08 04:49:33.381  2018  2051 D AutofillManagerService: onBackKeyPressed()
12-08 04:49:33.383  2170  2170 V StatusBar: mStatusBarWindow: com.android.systemui.statusbar.phone.StatusBarWindowView{4752fa5 V.E...... ........ 0,0-1080,2340} canPanelBeCollapsed(): true
12-08 04:49:33.391  2170  2170 D StatusBar: disable<e i a s b h r c s > disable2<q i n >
12-08 04:49:33.407  2018  5837 I ActivityTaskManager: START u0 {act=android.intent.action.MAIN cat=[android.intent.category.LAUNCHER] flg=0x10000000 cmp=ru.iteco.fmhandroid.test/androidx.test.core.app.InstrumentationActivityInvoker$EmptyActivity} from uid 10146
12-08 04:49:33.438  2170  2170 D StatusBar: disable<e i a s b h r c s > disable2<q i n >
12-08 04:49:33.445  8703  8703 D LifecycleMonitor: Lifecycle status change: ru.iteco.fmhandroid.ui.AppActivity@79f9c1d in: PAUSED
12-08 04:49:33.447  8703  8703 V ActivityScenario: Update currentActivityStage to PAUSED, currentActivity=ru.iteco.fmhandroid.ui.AppActivity@79f9c1d
12-08 04:49:33.449  2018  5645 W InputReader: Device has associated, but no associated display id.
12-08 04:49:33.452  2018  5645 I chatty  : uid=1000(system) Binder:2018_15 identical 29 lines
12-08 04:49:33.453  2018  5645 W InputReader: Device has associated, but no associated display id.
12-08 04:49:33.453  8703  8742 V FA      : Recording user engagement, ms: 5572
12-08 04:49:33.453  2018  5645 W InputReader: Device has associated, but no associated display id.
12-08 04:49:33.453  2018  5645 W InputReader: Device has associated, but no associated display id.
12-08 04:49:33.453  8760  8760 W ActivityThread: handleWindowVisibility: no activity for token android.os.BinderProxy@4f4224f
12-08 04:49:33.454  2018  5645 W InputReader: Device has associated, but no associated display id.
12-08 04:49:33.461  2018  5645 I chatty  : uid=1000(system) Binder:2018_15 identical 15 lines
12-08 04:49:33.461  2018  5645 W InputReader: Device has associated, but no associated display id.
12-08 04:49:33.490  2170  2566 D EGL_emulation: eglMakeCurrent: 0xe594e040: ver 2 0 (tinfo 0xc52450c0)
12-08 04:49:33.499  1776  1825 D gralloc_ranchu: gralloc_alloc: Creating ashmem region of size 286720
12-08 04:49:33.511  2170  2566 D EGL_emulation: eglMakeCurrent: 0xe594e040: ver 2 0 (tinfo 0xc52450c0)
12-08 04:49:33.536  2018  5645 I ActivityTaskManager: START u0 {act=android.intent.action.MAIN cat=[android.intent.category.LAUNCHER] flg=0x10000000 cmp=ru.iteco.fmhandroid.test/androidx.test.core.app.InstrumentationActivityInvoker$EmptyActivity} from uid 10146
12-08 04:49:33.568  1776  1825 D gralloc_ranchu: gralloc_alloc: Creating ashmem region of size 286720
12-08 04:49:33.569  1776  1927 D gralloc_ranchu: gralloc_alloc: Creating ashmem region of size 10108928
12-08 04:49:33.577  1776  1825 D gralloc_ranchu: gralloc_alloc: Creating ashmem region of size 10108928
12-08 04:49:33.583  8760  8792 D EGL_emulation: eglMakeCurrent: 0xe59eb240: ver 2 0 (tinfo 0xf0c893f0)
12-08 04:49:33.596  1776  1825 D gralloc_ranchu: gralloc_alloc: Creating ashmem region of size 10108928
12-08 04:49:33.609  1776  1825 D gralloc_ranchu: gralloc_alloc: Creating ashmem region of size 286720
12-08 04:49:33.633  2018  3051 W InputReader: Device has associated, but no associated display id.
12-08 04:49:33.642  2018  3051 I chatty  : uid=1000(system) Binder:2018_E identical 48 lines
12-08 04:49:33.642  2018  3051 W InputReader: Device has associated, but no associated display id.
12-08 04:49:33.654  8760  8760 W ActivityThread: handleWindowVisibility: no activity for token android.os.BinderProxy@eb7a55e
12-08 04:49:33.663  8703  8742 V FA      : Activity paused, time: 56736608
12-08 04:49:33.668  2873  8751 V FA-SVC  : Logging event: origin=auto,name=user_engagement(_e),params=Bundle[{ga_event_origin(_o)=auto, engagement_time_msec(_et)=5572, ga_screen_class(_sc)=AppActivity, ga_screen_id(_si)=-4379818715739715839}]
12-08 04:49:33.682  2018  3051 W ActivityTaskManager: Duplicate finish request for ActivityRecord{2b7383e u0 ru.iteco.fmhandroid/.ui.AppActivity t284 f}
12-08 04:49:33.685  2873  8751 V FA-SVC  : Upload scheduled in approximately ms: 1341464
12-08 04:49:33.685  2873  8751 V FA-SVC  : Unscheduling upload
12-08 04:49:33.696  2873  8751 V FA-SVC  : Scheduling upload, millis: 1341464
12-08 04:49:33.704  2873  8751 V FA-SVC  : Background event processing time, ms: 36
12-08 04:49:33.717  1776  1825 D gralloc_ranchu: gralloc_alloc: Creating ashmem region of size 10108928
12-08 04:49:33.727  1776  1825 I chatty  : uid=1000(system) HwBinder:1776_1 identical 1 line
12-08 04:49:33.729  1776  1825 D gralloc_ranchu: gralloc_alloc: Creating ashmem region of size 10108928
12-08 04:49:33.730  8760  8792 D EGL_emulation: eglMakeCurrent: 0xe59eb240: ver 2 0 (tinfo 0xf0c893f0)
12-08 04:49:33.764  2018  2054 W InputReader: Device has associated, but no associated display id.
12-08 04:49:33.765  2018  2054 I chatty  : uid=1000(system) android.anim identical 18 lines
12-08 04:49:33.765  2018  2054 W InputReader: Device has associated, but no associated display id.
12-08 04:49:33.773  2656  8336 E SQLiteDatabase: Error inserting flex_time=1341000 job_id=-1 period=2683000 source=16 requires_charging=0 preferred_network_type=1 target_class=com.google.android.gms.measurement.PackageMeasurementTaskService user_id=0 target_package=com.google.android.gms tag=Measurement.PackageMeasurementTaskService.UPLOAD_TASK_TAG task_type=0 required_idleness_state=0 service_kind=0 source_version=202414000 persistence_level=1 preferred_charging_state=1 required_network_type=0 runtime=1670492973722 retry_strategy={"maximum_backoff_seconds":{"3600":0},"initial_backoff_seconds":{"30":0},"retry_policy":{"0":0}} last_runtime=0
12-08 04:49:33.773  2656  8336 E SQLiteDatabase: android.database.sqlite.SQLiteConstraintException: UNIQUE constraint failed: pending_ops.tag, pending_ops.target_class, pending_ops.target_package, pending_ops.user_id (code 2067 SQLITE_CONSTRAINT_UNIQUE)
12-08 04:49:33.773  2656  8336 E SQLiteDatabase: 	at android.database.sqlite.SQLiteConnection.nativeExecuteForLastInsertedRowId(Native Method)
12-08 04:49:33.773  2656  8336 E SQLiteDatabase: 	at android.database.sqlite.SQLiteConnection.executeForLastInsertedRowId(SQLiteConnection.java:879)
12-08 04:49:33.773  2656  8336 E SQLiteDatabase: 	at android.database.sqlite.SQLiteSession.executeForLastInsertedRowId(SQLiteSession.java:790)
12-08 04:49:33.773  2656  8336 E SQLiteDatabase: 	at android.database.sqlite.SQLiteStatement.executeInsert(SQLiteStatement.java:88)
12-08 04:49:33.773  2656  8336 E SQLiteDatabase: 	at android.database.sqlite.SQLiteDatabase.insertWithOnConflict(SQLiteDatabase.java:1599)
12-08 04:49:33.773  2656  8336 E SQLiteDatabase: 	at android.database.sqlite.SQLiteDatabase.insert(SQLiteDatabase.java:1468)
12-08 04:49:33.773  2656  8336 E SQLiteDatabase: 	at aqui.a(:com.google.android.gms@202414022@20.24.14 (040700-319035315):175)
12-08 04:49:33.773  2656  8336 E SQLiteDatabase: 	at aqtk.a(:com.google.android.gms@202414022@20.24.14 (040700-319035315):182)
12-08 04:49:33.773  2656  8336 E SQLiteDatabase: 	at aqtk.a(:com.google.android.gms@202414022@20.24.14 (040700-319035315):23)
12-08 04:49:33.773  2656  8336 E SQLiteDatabase: 	at aqtk.a(:com.google.android.gms@202414022@20.24.14 (040700-319035315):177)
12-08 04:49:33.773  2656  8336 E SQLiteDatabase: 	at aqpu.run(:com.google.android.gms@202414022@20.24.14 (040700-319035315):9)
12-08 04:49:33.773  2656  8336 E SQLiteDatabase: 	at soy.b(:com.google.android.gms@202414022@20.24.14 (040700-319035315):12)
12-08 04:49:33.773  2656  8336 E SQLiteDatabase: 	at soy.run(:com.google.android.gms@202414022@20.24.14 (040700-319035315):7)
12-08 04:49:33.773  2656  8336 E SQLiteDatabase: 	at java.util.concurrent.ThreadPoolExecutor.runWorker(ThreadPoolExecutor.java:1167)
12-08 04:49:33.773  2656  8336 E SQLiteDatabase: 	at java.util.concurrent.ThreadPoolExecutor$Worker.run(ThreadPoolExecutor.java:641)
12-08 04:49:33.773  2656  8336 E SQLiteDatabase: 	at sux.run(:com.google.android.gms@202414022@20.24.14 (040700-319035315):0)
12-08 04:49:33.773  2656  8336 E SQLiteDatabase: 	at java.lang.Thread.run(Thread.java:919)
12-08 04:49:33.778  8703  8795 D EGL_emulation: eglMakeCurrent: 0xe593e680: ver 2 0 (tinfo 0xf0cc0150)
12-08 04:49:33.782  2018  2058 I ActivityTaskManager: Displayed ru.iteco.fmhandroid.test/androidx.test.core.app.InstrumentationActivityInvoker$EmptyActivity: +213ms
12-08 04:49:33.787  2018  3051 W InputReader: Device has associated, but no associated display id.
12-08 04:49:33.826  2018  3051 I chatty  : uid=1000(system) Binder:2018_E identical 38 lines
12-08 04:49:33.826  2018  3051 W InputReader: Device has associated, but no associated display id.
12-08 04:49:33.839  8703  8703 D LifecycleMonitor: Lifecycle status change: ru.iteco.fmhandroid.ui.AppActivity@79f9c1d in: STOPPED
12-08 04:49:33.840  8703  8703 V ActivityScenario: Update currentActivityStage to STOPPED, currentActivity=ru.iteco.fmhandroid.ui.AppActivity@79f9c1d
12-08 04:49:33.851  2018  8097 D ConnectivityService: requestNetwork for uid/pid:10129/8344 NetworkRequest [ TRACK_DEFAULT id=46, [ Capabilities: INTERNET&NOT_RESTRICTED&TRUSTED Uid: 10129] ]
12-08 04:49:33.852  2018  2136 D UntrustedWifiNetworkFactory: got request NetworkRequest [ TRACK_DEFAULT id=46, [ Capabilities: INTERNET&NOT_RESTRICTED&TRUSTED Uid: 10129] ] with score 50 and serial 2
12-08 04:49:33.852  2018  2136 D WifiNetworkFactory: got request NetworkRequest [ TRACK_DEFAULT id=46, [ Capabilities: INTERNET&NOT_RESTRICTED&TRUSTED Uid: 10129] ] with score 50 and serial 2
12-08 04:49:33.852  2298  2298 D PhoneSwitcherNetworkRequstListener: got request NetworkRequest [ TRACK_DEFAULT id=46, [ Capabilities: INTERNET&NOT_RESTRICTED&TRUSTED Uid: 10129] ] with score 50 and serial 2
12-08 04:49:33.853  8703  8703 D LifecycleMonitor: Lifecycle status change: ru.iteco.fmhandroid.ui.AppActivity@79f9c1d in: DESTROYED
12-08 04:49:33.860  8703  8703 V ActivityScenario: Update currentActivityStage to DESTROYED, currentActivity=null
12-08 04:49:33.862  8703  8748 I TestRunner: finished: shouldCheckAuthPageElements(ru.iteco.fmhandroid.ui.AuthPageValidTest)
12-08 04:49:33.897  1776  1825 D gralloc_ranchu: gralloc_alloc: Creating ashmem region of size 10108928
12-08 04:49:33.912  8344  8376 D EGL_emulation: eglMakeCurrent: 0xe597f5e0: ver 2 0 (tinfo 0xe59d9f10)
12-08 04:49:33.941  1776  1825 D gralloc_ranchu: gralloc_alloc: Creating ashmem region of size 10108928
12-08 04:49:33.973  8437  8470 D EGL_emulation: eglCreateContext: 0xf0c7f940: maj 2 min 0 rcv 2
12-08 04:49:33.977  8437  8470 D EGL_emulation: eglMakeCurrent: 0xf0c7f940: ver 2 0 (tinfo 0xf0cc0670)
12-08 04:49:33.981  8703  8748 I TestRunner: started: shouldSaveDataOnTheAuthPageOnScreenRotation(ru.iteco.fmhandroid.ui.AuthPageValidTest)
12-08 04:49:34.020  8703  8748 W Settings: Setting always_finish_activities has moved from android.provider.Settings.System to android.provider.Settings.Global, returning read-only value.
12-08 04:49:34.028  2018  8097 W ActivityTaskManager: Finishing task with all activities already finished
12-08 04:49:34.028  2018  8097 W ActivityTaskManager: Duplicate finish request for ActivityRecord{360e641 u0 ru.iteco.fmhandroid.test/androidx.test.core.app.InstrumentationActivityInvoker$EmptyActivity t284 f}
12-08 04:49:34.031  8437  8470 E chromium: [ERROR:gl_surface_egl.cc(342)] eglChooseConfig failed with error EGL_SUCCESS
12-08 04:49:34.032  1776  1825 D gralloc_ranchu: gralloc_alloc: Creating ashmem region of size 9256960
12-08 04:49:34.034  2018  8097 I ActivityTaskManager: START u0 {act=android.intent.action.MAIN cat=[android.intent.category.LAUNCHER] flg=0x10008000 cmp=ru.iteco.fmhandroid.test/androidx.test.core.app.InstrumentationActivityInvoker$BootstrapActivity (has extras)} from uid 10146
12-08 04:49:34.066  8437  8470 D EGL_emulation: eglCreateContext: 0xf0c7f460: maj 2 min 0 rcv 2
12-08 04:49:34.071  8437  8470 D EGL_emulation: eglMakeCurrent: 0xf0c7f460: ver 2 0 (tinfo 0xf0cc0670)
12-08 04:49:34.122  8437  8470 D EGL_emulation: eglMakeCurrent: 0xf0c7f940: ver 2 0 (tinfo 0xf0cc0670)
12-08 04:49:34.127  8437  8470 D EGL_emulation: eglMakeCurrent: 0xf0c7f460: ver 2 0 (tinfo 0xf0cc0670)
12-08 04:49:34.128  1776  1825 D gralloc_ranchu: gralloc_alloc: Creating ashmem region of size 10108928
12-08 04:49:34.136  1776  1825 D gralloc_ranchu: gralloc_alloc: Creating ashmem region of size 10108928
12-08 04:49:34.178  8437  8470 D EGL_emulation: eglMakeCurrent: 0xe59eb0c0: ver 2 0 (tinfo 0xf0cc0670)
12-08 04:49:34.183  2018  2139 D ConnectivityService: releasing NetworkRequest [ TRACK_DEFAULT id=46, [ Capabilities: INTERNET&NOT_RESTRICTED&TRUSTED Uid: 10129] ] (release request)
12-08 04:49:34.209  2018  8097 W InputReader: Device has associated, but no associated display id.
12-08 04:49:34.213  2018  8097 I chatty  : uid=1000(system) Binder:2018_1B identical 38 lines
12-08 04:49:34.213  2018  8097 W InputReader: Device has associated, but no associated display id.
12-08 04:49:34.213  8760  8760 W ActivityThread: handleWindowVisibility: no activity for token android.os.BinderProxy@d83f009
12-08 04:49:34.216  2018  8097 W InputReader: Device has associated, but no associated display id.
12-08 04:49:34.217  2018  8097 I chatty  : uid=1000(system) Binder:2018_1B identical 8 lines
12-08 04:49:34.217  2018  8097 W InputReader: Device has associated, but no associated display id.
12-08 04:49:34.249  2018  2054 W InputReader: Device has associated, but no associated display id.
12-08 04:49:34.251  2018  2054 I chatty  : uid=1000(system) android.anim identical 18 lines
12-08 04:49:34.251  2018  2054 W InputReader: Device has associated, but no associated display id.
12-08 04:49:34.254  1776  1825 D gralloc_ranchu: gralloc_alloc: Creating ashmem region of size 6471680
12-08 04:49:34.290  1776  1825 D gralloc_ranchu: gralloc_alloc: Creating ashmem region of size 10108928
12-08 04:49:34.299  8437  8470 D EGL_emulation: eglMakeCurrent: 0xf0c7f460: ver 2 0 (tinfo 0xf0cc0670)
12-08 04:49:34.303  2018  3051 I ActivityTaskManager: START u0 {act=android.intent.action.MAIN cat=[android.intent.category.LAUNCHER] cmp=ru.iteco.fmhandroid/.ui.AppActivity} from uid 10146
12-08 04:49:34.357  2018  5645 W InputReader: Device has associated, but no associated display id.
12-08 04:49:34.365  2018  5645 I chatty  : uid=1000(system) Binder:2018_15 identical 38 lines
12-08 04:49:34.365  2018  5645 W InputReader: Device has associated, but no associated display id.
12-08 04:49:34.365  8703  8703 W ActivityThread: handleWindowVisibility: no activity for token android.os.BinderProxy@2877723
12-08 04:49:34.369  2018  5645 W InputReader: Device has associated, but no associated display id.
12-08 04:49:34.375  2018  5645 I chatty  : uid=1000(system) Binder:2018_15 identical 18 lines
12-08 04:49:34.376  2018  5645 W InputReader: Device has associated, but no associated display id.
12-08 04:49:34.394  8760  8792 D EGL_emulation: eglMakeCurrent: 0xe59eb240: ver 2 0 (tinfo 0xf0c893f0)
12-08 04:49:34.414  8703  8703 D LifecycleMonitor: Lifecycle status change: ru.iteco.fmhandroid.ui.AppActivity@a50627f in: PRE_ON_CREATE
12-08 04:49:34.414  8703  8703 V ActivityScenario: Activity lifecycle changed event received but ignored because the reported transition was not ON_CREATE while the last known transition was PRE_ON_CREATE
12-08 04:49:34.423  8703  8736 V FA      : onActivityCreated
12-08 04:49:34.437  8437  8470 D EGL_emulation: eglMakeCurrent: 0xe59eb0c0: ver 2 0 (tinfo 0xf0cc0670)
12-08 04:49:34.448  8437  8470 D EGL_emulation: eglMakeCurrent: 0xf0c7f460: ver 2 0 (tinfo 0xf0cc0670)
12-08 04:49:34.454  8437  8470 D EGL_emulation: eglMakeCurrent: 0xe59eb0c0: ver 2 0 (tinfo 0xf0cc0670)
12-08 04:49:34.476  8437  8470 D EGL_emulation: eglMakeCurrent: 0xf0c7f460: ver 2 0 (tinfo 0xf0cc0670)
12-08 04:49:34.488  8703  8703 D LifecycleMonitor: Lifecycle status change: ru.iteco.fmhandroid.ui.AppActivity@a50627f in: CREATED
12-08 04:49:34.490  8703  8703 V ActivityScenario: Update currentActivityStage to CREATED, currentActivity=ru.iteco.fmhandroid.ui.AppActivity@a50627f
12-08 04:49:34.502  8437  8470 D EGL_emulation: eglMakeCurrent: 0xe59eb0c0: ver 2 0 (tinfo 0xf0cc0670)
12-08 04:49:34.505  8437  8470 D EGL_emulation: eglMakeCurrent: 0xf0c7f460: ver 2 0 (tinfo 0xf0cc0670)
12-08 04:49:34.625  1776  1825 D gralloc_ranchu: gralloc_alloc: Creating ashmem region of size 9256960
12-08 04:49:34.642  8437  8470 D EGL_emulation: eglMakeCurrent: 0xf0c7f940: ver 2 0 (tinfo 0xf0cc0670)
12-08 04:49:34.648  8437  8470 D EGL_emulation: eglMakeCurrent: 0xf0c7f460: ver 2 0 (tinfo 0xf0cc0670)
12-08 04:49:34.652  8437  8470 D EGL_emulation: eglMakeCurrent: 0xe59eb0c0: ver 2 0 (tinfo 0xf0cc0670)
12-08 04:49:34.654  8437  8470 D EGL_emulation: eglMakeCurrent: 0xf0c7f940: ver 2 0 (tinfo 0xf0cc0670)
12-08 04:49:34.658  8437  8470 D EGL_emulation: eglMakeCurrent: 0xe59eb0c0: ver 2 0 (tinfo 0xf0cc0670)
12-08 04:49:34.666  8437  8470 D EGL_emulation: eglMakeCurrent: 0xf0c7f940: ver 2 0 (tinfo 0xf0cc0670)
12-08 04:49:34.694  8344  8376 D EGL_emulation: eglMakeCurrent: 0xe597f5e0: ver 2 0 (tinfo 0xe59d9f10)
12-08 04:49:34.696  8437  8470 D EGL_emulation: eglMakeCurrent: 0xe59eb0c0: ver 2 0 (tinfo 0xf0cc0670)
12-08 04:49:34.707  8344  8393 I cr_BindingManager: onTrimMemory: level=20, size=0
12-08 04:49:34.716  8703  8703 D LifecycleMonitor: Lifecycle status change: ru.iteco.fmhandroid.ui.AppActivity@a50627f in: STARTED
12-08 04:49:34.717  8703  8703 V ActivityScenario: Update currentActivityStage to STARTED, currentActivity=ru.iteco.fmhandroid.ui.AppActivity@a50627f
12-08 04:49:34.718  8703  8703 D LifecycleMonitor: Lifecycle status change: ru.iteco.fmhandroid.ui.AppActivity@a50627f in: RESUMED
12-08 04:49:34.718  8703  8703 V ActivityScenario: Update currentActivityStage to RESUMED, currentActivity=ru.iteco.fmhandroid.ui.AppActivity@a50627f
12-08 04:49:34.719  8703  8748 W teco.fmhandroi: Accessing hidden method Lsun/misc/Unsafe;->compareAndSwapObject(Ljava/lang/Object;JLjava/lang/Object;Ljava/lang/Object;)Z (greylist, linking, allowed)
12-08 04:49:34.723  8703  8742 V FA      : Activity resumed, time: 56737879
12-08 04:49:34.768  8437  8470 D EGL_emulation: eglMakeCurrent: 0xf0c7f460: ver 2 0 (tinfo 0xf0cc0670)
12-08 04:49:34.776  8437  8507 I Choreographer: Skipped 30 frames!  The application may be doing too much work on its main thread.
12-08 04:49:34.793  1776  1825 D gralloc_ranchu: gralloc_alloc: Creating ashmem region of size 10108928
12-08 04:49:34.805  1776  1825 D gralloc_ranchu: gralloc_alloc: Creating ashmem region of size 10108928
12-08 04:49:34.808  8703  8795 D EGL_emulation: eglMakeCurrent: 0xe593e680: ver 2 0 (tinfo 0xf0cc0150)
12-08 04:49:34.817  1776  1825 D gralloc_ranchu: gralloc_alloc: Creating ashmem region of size 10108928
12-08 04:49:34.901  2018  2058 I ActivityTaskManager: Displayed ru.iteco.fmhandroid/.ui.AppActivity: +563ms
12-08 04:49:34.915  8703  8703 I ViewInteraction: Performing 'wait for a specific view with <(an instance of android.widget.TextView and view.getText() with or without transformation to match: is "Authorization" and view.getParent() view.getParent() view.getId() is <2131231186>)> during 10000 millis.' action on view view.getRootView() to equal view
12-08 04:49:34.925  8703  8716 I teco.fmhandroi: NativeAlloc concurrent copying GC freed 61777(2948KB) AllocSpace objects, 6(184KB) LOS objects, 49% free, 6116KB/11MB, paused 988us total 221.907ms
12-08 04:49:35.001  2873  8751 V FA-SVC  : Logging event: origin=auto,name=screen_view(_vs),params=Bundle[{ga_event_origin(_o)=auto, ga_previous_class(_pc)=AppActivity, ga_previous_id(_pi)=-4379818715739715839, ga_screen_class(_sc)=AppActivity, ga_screen_id(_si)=-4379818715739715838}]
12-08 04:49:35.019  2873  8751 V FA-SVC  : Upload scheduled in approximately ms: 1340130
12-08 04:49:35.019  2873  8751 V FA-SVC  : Unscheduling upload
12-08 04:49:35.026  2873  8751 V FA-SVC  : Scheduling upload, millis: 1340130
12-08 04:49:35.031  2873  8751 V FA-SVC  : Background event processing time, ms: 31
12-08 04:49:35.065  2656  8336 E SQLiteDatabase: Error inserting flex_time=1340000 job_id=-1 period=2681000 source=16 requires_charging=0 preferred_network_type=1 target_class=com.google.android.gms.measurement.PackageMeasurementTaskService user_id=0 target_package=com.google.android.gms tag=Measurement.PackageMeasurementTaskService.UPLOAD_TASK_TAG task_type=0 required_idleness_state=0 service_kind=0 source_version=202414000 persistence_level=1 preferred_charging_state=1 required_network_type=0 runtime=1670492975042 retry_strategy={"maximum_backoff_seconds":{"3600":0},"initial_backoff_seconds":{"30":0},"retry_policy":{"0":0}} last_runtime=0
12-08 04:49:35.065  2656  8336 E SQLiteDatabase: android.database.sqlite.SQLiteConstraintException: UNIQUE constraint failed: pending_ops.tag, pending_ops.target_class, pending_ops.target_package, pending_ops.user_id (code 2067 SQLITE_CONSTRAINT_UNIQUE)
12-08 04:49:35.065  2656  8336 E SQLiteDatabase: 	at android.database.sqlite.SQLiteConnection.nativeExecuteForLastInsertedRowId(Native Method)
12-08 04:49:35.065  2656  8336 E SQLiteDatabase: 	at android.database.sqlite.SQLiteConnection.executeForLastInsertedRowId(SQLiteConnection.java:879)
12-08 04:49:35.065  2656  8336 E SQLiteDatabase: 	at android.database.sqlite.SQLiteSession.executeForLastInsertedRowId(SQLiteSession.java:790)
12-08 04:49:35.065  2656  8336 E SQLiteDatabase: 	at android.database.sqlite.SQLiteStatement.executeInsert(SQLiteStatement.java:88)
12-08 04:49:35.065  2656  8336 E SQLiteDatabase: 	at android.database.sqlite.SQLiteDatabase.insertWithOnConflict(SQLiteDatabase.java:1599)
12-08 04:49:35.065  2656  8336 E SQLiteDatabase: 	at android.database.sqlite.SQLiteDatabase.insert(SQLiteDatabase.java:1468)
12-08 04:49:35.065  2656  8336 E SQLiteDatabase: 	at aqui.a(:com.google.android.gms@202414022@20.24.14 (040700-319035315):175)
12-08 04:49:35.065  2656  8336 E SQLiteDatabase: 	at aqtk.a(:com.google.android.gms@202414022@20.24.14 (040700-319035315):182)
12-08 04:49:35.065  2656  8336 E SQLiteDatabase: 	at aqtk.a(:com.google.android.gms@202414022@20.24.14 (040700-319035315):23)
12-08 04:49:35.065  2656  8336 E SQLiteDatabase: 	at aqtk.a(:com.google.android.gms@202414022@20.24.14 (040700-319035315):177)
12-08 04:49:35.065  2656  8336 E SQLiteDatabase: 	at aqpu.run(:com.google.android.gms@202414022@20.24.14 (040700-319035315):9)
12-08 04:49:35.065  2656  8336 E SQLiteDatabase: 	at soy.b(:com.google.android.gms@202414022@20.24.14 (040700-319035315):12)
12-08 04:49:35.065  2656  8336 E SQLiteDatabase: 	at soy.run(:com.google.android.gms@202414022@20.24.14 (040700-319035315):7)
12-08 04:49:35.065  2656  8336 E SQLiteDatabase: 	at java.util.concurrent.ThreadPoolExecutor.runWorker(ThreadPoolExecutor.java:1167)
12-08 04:49:35.065  2656  8336 E SQLiteDatabase: 	at java.util.concurrent.ThreadPoolExecutor$Worker.run(ThreadPoolExecutor.java:641)
12-08 04:49:35.065  2656  8336 E SQLiteDatabase: 	at sux.run(:com.google.android.gms@202414022@20.24.14 (040700-319035315):0)
12-08 04:49:35.065  2656  8336 E SQLiteDatabase: 	at java.lang.Thread.run(Thread.java:919)
12-08 04:49:35.205  8437  8470 D EGL_emulation: eglMakeCurrent: 0xe59eb0c0: ver 2 0 (tinfo 0xf0cc0670)
12-08 04:49:37.004  2656  8990 E memtrack: Couldn't load memtrack module
12-08 04:49:37.004  2656  8990 W android.os.Debug: failed to get memory consumption info: -1
12-08 04:49:37.994  8703  8748 W teco.fmhandroi: Accessing hidden method Lsun/misc/Unsafe;->compareAndSwapObject(Ljava/lang/Object;JLjava/lang/Object;Ljava/lang/Object;)Z (greylist, linking, allowed)
12-08 04:49:38.010  8703  8703 I ViewInteraction: Checking 'MatchesViewAssertion{viewMatcher=(view has effective visibility <VISIBLE> and view.getGlobalVisibleRect() to return non-empty rectangle)}' assertion on view (an instance of android.widget.TextView and view.getText() with or without transformation to match: is "Authorization" and view.getParent() view.getParent() view.getId() is <2131231186/ru.iteco.fmhandroid:id/nav_host_fragment>)
12-08 04:49:38.014  8703  8748 W teco.fmhandroi: Accessing hidden method Lsun/misc/Unsafe;->compareAndSwapObject(Ljava/lang/Object;JLjava/lang/Object;Ljava/lang/Object;)Z (greylist, linking, allowed)
12-08 04:49:38.019  8703  8703 I ViewInteraction: Performing 'wait for a specific view with <(an instance of android.widget.TextView and view.getHint() matching: is "Login" and view.getParent() view.getParent() view.getId() is <2131231121/ru.iteco.fmhandroid:id/login_text_input_layout>)> during 10000 millis.' action on view view.getRootView() to equal view
12-08 04:49:38.038  8703  8748 W teco.fmhandroi: Accessing hidden method Lsun/misc/Unsafe;->compareAndSwapObject(Ljava/lang/Object;JLjava/lang/Object;Ljava/lang/Object;)Z (greylist, linking, allowed)
12-08 04:49:38.038  8703  8868 W teco.fmhandroi: Accessing hidden method Lsun/misc/Unsafe;->compareAndSwapObject(Ljava/lang/Object;JLjava/lang/Object;Ljava/lang/Object;)Z (greylist, linking, allowed)
12-08 04:49:38.043  8703  8703 I ViewInteraction: Checking 'MatchesViewAssertion{viewMatcher=(view has effective visibility <VISIBLE> and view.getGlobalVisibleRect() to return non-empty rectangle)}' assertion on view (an instance of android.widget.TextView and view.getHint() matching: is "Login" and view.getParent() view.getParent() view.getId() is <2131231121/ru.iteco.fmhandroid:id/login_text_input_layout>)
12-08 04:49:38.047  8703  8748 W teco.fmhandroi: Accessing hidden method Lsun/misc/Unsafe;->compareAndSwapObject(Ljava/lang/Object;JLjava/lang/Object;Ljava/lang/Object;)Z (greylist, linking, allowed)
12-08 04:49:38.050  8703  8703 I ViewInteraction: Performing 'wait for a specific view with <(an instance of android.widget.TextView and view.getHint() matching: is "Password" and view.getParent() view.getParent() view.getId() is <2131231264/ru.iteco.fmhandroid:id/password_text_input_layout>)> during 10000 millis.' action on view view.getRootView() to equal view
12-08 04:49:38.055  8703  8748 W teco.fmhandroi: Accessing hidden method Lsun/misc/Unsafe;->compareAndSwapObject(Ljava/lang/Object;JLjava/lang/Object;Ljava/lang/Object;)Z (greylist, linking, allowed)
12-08 04:49:38.060  8703  8703 I ViewInteraction: Checking 'MatchesViewAssertion{viewMatcher=(view has effective visibility <VISIBLE> and view.getGlobalVisibleRect() to return non-empty rectangle)}' assertion on view (an instance of android.widget.TextView and view.getHint() matching: is "Password" and view.getParent() view.getParent() view.getId() is <2131231264/ru.iteco.fmhandroid:id/password_text_input_layout>)
12-08 04:49:38.063  8703  8748 W teco.fmhandroi: Accessing hidden method Lsun/misc/Unsafe;->compareAndSwapObject(Ljava/lang/Object;JLjava/lang/Object;Ljava/lang/Object;)Z (greylist, linking, allowed)
12-08 04:49:38.077  8703  8703 I ViewInteraction: Performing 'wait for a specific view with <(view.getId() is <2131231039/ru.iteco.fmhandroid:id/enter_button> and an instance of android.widget.TextView and view.getText() with or without transformation to match: is "SIGN IN" and view.getContentDescription() is "Save" and view.getParent() view.getParent() an instance of android.widget.RelativeLayout)> during 10000 millis.' action on view view.getRootView() to equal view
12-08 04:49:38.084  8703  8703 I ViewInteraction: Checking 'MatchesViewAssertion{viewMatcher=(view has effective visibility <VISIBLE> and view.getGlobalVisibleRect() to return non-empty rectangle)}' assertion on view (view.getId() is <2131231039/ru.iteco.fmhandroid:id/enter_button> and an instance of android.widget.TextView and view.getText() with or without transformation to match: is "SIGN IN" and view.getContentDescription() is "Save" and view.getParent() view.getParent() an instance of android.widget.RelativeLayout)
12-08 04:49:38.088  8703  8703 I ViewInteraction: Performing 'wait for a specific view with <(an instance of android.widget.TextView and view.getText() with or without transformation to match: is "Authorization" and view.getParent() view.getParent() view.getId() is <2131231186>)> during 10000 millis.' action on view view.getRootView() to equal view
12-08 04:49:38.095  8703  8703 I ViewInteraction: Checking 'MatchesViewAssertion{viewMatcher=(view has effective visibility <VISIBLE> and view.getGlobalVisibleRect() to return non-empty rectangle)}' assertion on view (an instance of android.widget.TextView and view.getText() with or without transformation to match: is "Authorization" and view.getParent() view.getParent() view.getId() is <2131231186/ru.iteco.fmhandroid:id/nav_host_fragment>)
12-08 04:49:38.099  8703  8703 I ViewInteraction: Performing 'wait for a specific view with <(an instance of android.widget.TextView and view.getHint() matching: is "Login" and view.getParent() view.getParent() view.getId() is <2131231121/ru.iteco.fmhandroid:id/login_text_input_layout>)> during 10000 millis.' action on view view.getRootView() to equal view
12-08 04:49:38.105  8703  8703 I ViewInteraction: Checking 'MatchesViewAssertion{viewMatcher=(view has effective visibility <VISIBLE> and view.getGlobalVisibleRect() to return non-empty rectangle)}' assertion on view (an instance of android.widget.TextView and view.getHint() matching: is "Login" and view.getParent() view.getParent() view.getId() is <2131231121/ru.iteco.fmhandroid:id/login_text_input_layout>)
12-08 04:49:38.112  8703  8703 I ViewInteraction: Performing 'wait for a specific view with <(an instance of android.widget.TextView and view.getHint() matching: is "Password" and view.getParent() view.getParent() view.getId() is <2131231264/ru.iteco.fmhandroid:id/password_text_input_layout>)> during 10000 millis.' action on view view.getRootView() to equal view
12-08 04:49:38.119  8703  8703 I ViewInteraction: Checking 'MatchesViewAssertion{viewMatcher=(view has effective visibility <VISIBLE> and view.getGlobalVisibleRect() to return non-empty rectangle)}' assertion on view (an instance of android.widget.TextView and view.getHint() matching: is "Password" and view.getParent() view.getParent() view.getId() is <2131231264/ru.iteco.fmhandroid:id/password_text_input_layout>)
12-08 04:49:38.127  8703  8703 I ViewInteraction: Performing 'wait for a specific view with <(view.getId() is <2131231039/ru.iteco.fmhandroid:id/enter_button> and an instance of android.widget.TextView and view.getText() with or without transformation to match: is "SIGN IN" and view.getContentDescription() is "Save" and view.getParent() view.getParent() an instance of android.widget.RelativeLayout)> during 10000 millis.' action on view view.getRootView() to equal view
12-08 04:49:38.133  8703  8703 I ViewInteraction: Checking 'MatchesViewAssertion{viewMatcher=(view has effective visibility <VISIBLE> and view.getGlobalVisibleRect() to return non-empty rectangle)}' assertion on view (view.getId() is <2131231039/ru.iteco.fmhandroid:id/enter_button> and an instance of android.widget.TextView and view.getText() with or without transformation to match: is "SIGN IN" and view.getContentDescription() is "Save" and view.getParent() view.getParent() an instance of android.widget.RelativeLayout)
12-08 04:49:38.142  8703  8703 I ViewInteraction: Performing 'wait for a specific view with <(an instance of android.widget.TextView and view.getHint() matching: is "Login" and view.getParent() view.getParent() view.getId() is <2131231121/ru.iteco.fmhandroid:id/login_text_input_layout>)> during 10000 millis.' action on view view.getRootView() to equal view
12-08 04:49:38.148  8703  8703 I ViewInteraction: Performing 'replace text(login2)' action on view (an instance of android.widget.TextView and view.getHint() matching: is "Login" and view.getParent() view.getParent() view.getId() is <2131231121/ru.iteco.fmhandroid:id/login_text_input_layout>)
12-08 04:49:38.195  8703  8703 I ViewInteraction: Performing 'wait for a specific view with <(an instance of android.widget.TextView and view.getHint() matching: is "Password" and view.getParent() view.getParent() view.getId() is <2131231264/ru.iteco.fmhandroid:id/password_text_input_layout>)> during 10000 millis.' action on view view.getRootView() to equal view
12-08 04:49:38.204  8703  8703 I ViewInteraction: Performing 'replace text(password2)' action on view (an instance of android.widget.TextView and view.getHint() matching: is "Password" and view.getParent() view.getParent() view.getId() is <2131231264/ru.iteco.fmhandroid:id/password_text_input_layout>)
12-08 04:49:38.245  8703  8703 I ViewInteraction: Performing 'wait for a specific view with <(view.getId() is <2131231039/ru.iteco.fmhandroid:id/enter_button> and an instance of android.widget.TextView and view.getText() with or without transformation to match: is "SIGN IN" and view.getContentDescription() is "Save" and view.getParent() view.getParent() an instance of android.widget.RelativeLayout)> during 10000 millis.' action on view view.getRootView() to equal view
12-08 04:49:38.264  8703  8703 I ViewInteraction: Checking 'MatchesViewAssertion{viewMatcher=view.isClickable() is <true>}' assertion on view (view.getId() is <2131231039/ru.iteco.fmhandroid:id/enter_button> and an instance of android.widget.TextView and view.getText() with or without transformation to match: is "SIGN IN" and view.getContentDescription() is "Save" and view.getParent() view.getParent() an instance of android.widget.RelativeLayout)
12-08 04:49:38.268  2018  2018 V SettingsProvider: Notifying for 0: content://settings/system/user_rotation
12-08 04:49:38.298  1776  1825 D gralloc_ranchu: gralloc_alloc: Creating ashmem region of size 10108928
12-08 04:49:38.337  2018  2053 W InputReader: Device has associated, but no associated display id.
12-08 04:49:38.351  2018  2053 I ActivityTaskManager: Config changes=20000480 {1.0 310mcc260mnc [en_US] ldltr sw392dp w802dp h368dp 440dpi nrml long land finger qwerty/v/v dpad/v winConfig={ mBounds=Rect(0, 0 - 2340, 1080) mAppBounds=Rect(0, 0 - 2208, 1080) mWindowingMode=fullscreen mDisplayWindowingMode=fullscreen mActivityType=undefined mAlwaysOnTop=undefined mRotation=ROTATION_90} s.141}
12-08 04:49:38.555  2018  2053 I ActivityTaskManager: Override config changes=20000480 {1.0 310mcc260mnc [en_US] ldltr sw392dp w802dp h368dp 440dpi nrml long land finger qwerty/v/v dpad/v winConfig={ mBounds=Rect(0, 0 - 2340, 1080) mAppBounds=Rect(0, 0 - 2208, 1080) mWindowingMode=fullscreen mDisplayWindowingMode=fullscreen mActivityType=undefined mAlwaysOnTop=undefined mRotation=ROTATION_90} s.141} for displayId=0
12-08 04:49:38.338  2018  2053 I chatty  : uid=1000(system) android.display identical 8 lines
12-08 04:49:38.338  2018  2053 W InputReader: Device has associated, but no associated display id.
12-08 04:49:38.603  8703  8703 D LifecycleMonitor: Lifecycle status change: ru.iteco.fmhandroid.ui.AppActivity@a50627f in: PAUSED
12-08 04:49:38.604  8703  8703 V ActivityScenario: Update currentActivityStage to PAUSED, currentActivity=ru.iteco.fmhandroid.ui.AppActivity@a50627f
12-08 04:49:38.605  8703  8795 D EGL_emulation: eglMakeCurrent: 0xe593e680: ver 2 0 (tinfo 0xf0cc0150)
12-08 04:49:38.610  8703  8703 D LifecycleMonitor: Lifecycle status change: ru.iteco.fmhandroid.ui.AppActivity@a50627f in: STOPPED
12-08 04:49:38.611  8703  8703 V ActivityScenario: Update currentActivityStage to STOPPED, currentActivity=ru.iteco.fmhandroid.ui.AppActivity@a50627f
12-08 04:49:38.682  8703  8742 V FA      : Recording user engagement, ms: 3886
12-08 04:49:38.692  8703  8703 D LifecycleMonitor: Lifecycle status change: ru.iteco.fmhandroid.ui.AppActivity@a50627f in: DESTROYED
12-08 04:49:38.692  8703  8703 V ActivityScenario: Update currentActivityStage to DESTROYED, currentActivity=null
12-08 04:49:38.766  2018  2053 I InputManager-JNI: Viewport [0] to add: local:0
12-08 04:49:38.771  8703  8703 D LifecycleMonitor: Lifecycle status change: ru.iteco.fmhandroid.ui.AppActivity@24ae3c2 in: PRE_ON_CREATE
12-08 04:49:38.772  8703  8703 V ActivityScenario: Activity lifecycle changed event received but ignored because the reported transition was not ON_CREATE while the last known transition was DESTROYED
12-08 04:49:38.776  2018  2122 I InputReader: Reconfiguring input devices.  changes=0x00000004
12-08 04:49:38.777  2018  2122 I InputReader: Touch device 'virtio_input_multi_touch_8' could not query the properties of its associated display.  The device will be inoperable until the display size becomes available.
12-08 04:49:38.778  2018  2122 I InputReader: Touch device 'virtio_input_multi_touch_6' could not query the properties of its associated display.  The device will be inoperable until the display size becomes available.
12-08 04:49:38.778  2018  2122 I InputReader: Touch device 'virtio_input_multi_touch_3' could not query the properties of its associated display.  The device will be inoperable until the display size becomes available.
12-08 04:49:38.778  2018  2122 I InputReader: Touch device 'virtio_input_multi_touch_10' could not query the properties of its associated display.  The device will be inoperable until the display size becomes available.
12-08 04:49:38.778  2018  2122 I InputReader: Touch device 'virtio_input_multi_touch_7' could not query the properties of its associated display.  The device will be inoperable until the display size becomes available.
12-08 04:49:38.779  2018  2122 I InputReader: Touch device 'virtio_input_multi_touch_4' could not query the properties of its associated display.  The device will be inoperable until the display size becomes available.
12-08 04:49:38.779  2018  2122 I InputReader: Device reconfigured: id=8, name='virtio_input_multi_touch_1', size 1080x2340, orientation 1, mode 1, display id 0
12-08 04:49:38.781  2018  2122 I InputReader: Touch device 'virtio_input_multi_touch_11' could not query the properties of its associated display.  The device will be inoperable until the display size becomes available.
12-08 04:49:38.781  2018  2122 I InputReader: Touch device 'virtio_input_multi_touch_5' could not query the properties of its associated display.  The device will be inoperable until the display size becomes available.
