--------- beginning of main
12-08 10:27:33.017 10617 10708 D EGL_emulation: eglMakeCurrent: 0xdd81b560: ver 2 0 (tinfo 0xc32257b0)
12-08 10:27:33.089 10617 10617 I ViewInteraction: Performing 'close keyboard' action on view view.getRootView() to equal view
12-08 10:27:33.096  2537  2537 I PhenotypeExpConfig: refreshConfiguration() : Force = false : UpdateAvailable = false : Age = 75 minutes : MaxAge = 720 minutes
12-08 10:27:33.098  2537  2537 I AndroidIME: LatinIme.onDeactivate()
12-08 10:27:33.117  2537  8546 D EGL_emulation: eglMakeCurrent: 0xc286ce00: ver 2 0 (tinfo 0xc335ede0)
12-08 10:27:33.191  1776  1927 D gralloc_ranchu: gralloc_alloc: Creating ashmem region of size 5423104
12-08 10:27:33.206 10617 10708 D EGL_emulation: eglMakeCurrent: 0xdd81b560: ver 2 0 (tinfo 0xc32257b0)
12-08 10:27:33.224  1776  1927 D gralloc_ranchu: gralloc_alloc: Creating ashmem region of size 5423104
12-08 10:27:33.234 10617 10708 D EGL_emulation: eglMakeCurrent: 0xdd81b560: ver 2 0 (tinfo 0xc32257b0)
12-08 10:27:33.252 10617 10708 D EGL_emulation: eglMakeCurrent: 0xdd81b560: ver 2 0 (tinfo 0xc32257b0)
12-08 10:27:33.266  1776  1927 D gralloc_ranchu: gralloc_alloc: Creating ashmem region of size 5423104
12-08 10:27:33.311 10617 10739 I okhttp.OkHttpClient: <-- 200 http://www.981757-ca08998.tmweb.ru:8080/fmh/claims (2852ms)
12-08 10:27:33.311 10617 10739 I okhttp.OkHttpClient: Vary: Origin
12-08 10:27:33.311 10617 10739 I okhttp.OkHttpClient: Vary: Access-Control-Request-Method
12-08 10:27:33.311 10617 10739 I okhttp.OkHttpClient: Vary: Access-Control-Request-Headers
12-08 10:27:33.311 10617 10739 I okhttp.OkHttpClient: X-Content-Type-Options: nosniff
12-08 10:27:33.311 10617 10739 I okhttp.OkHttpClient: X-XSS-Protection: 1; mode=block
12-08 10:27:33.311 10617 10739 I okhttp.OkHttpClient: Cache-Control: no-cache, no-store, max-age=0, must-revalidate
12-08 10:27:33.311 10617 10739 I okhttp.OkHttpClient: Pragma: no-cache
12-08 10:27:33.311 10617 10739 I okhttp.OkHttpClient: Expires: 0
12-08 10:27:33.312 10617 10739 I okhttp.OkHttpClient: X-Frame-Options: DENY
12-08 10:27:33.312 10617 10739 I okhttp.OkHttpClient: Content-Type: application/json
12-08 10:27:33.312 10617 10739 I okhttp.OkHttpClient: Transfer-Encoding: chunked
12-08 10:27:33.312 10617 10739 I okhttp.OkHttpClient: Date: Thu, 08 Dec 2022 10:28:18 GMT
12-08 10:27:33.312 10617 10739 I okhttp.OkHttpClient: Keep-Alive: timeout=60
12-08 10:27:33.312 10617 10739 I okhttp.OkHttpClient: Connection: keep-alive
12-08 10:27:33.409 10617 10617 I ViewInteraction: Checking 'MatchesViewAssertion{viewMatcher=(view has effective visibility <VISIBLE> and view.getGlobalVisibleRect() to return non-empty rectangle)}' assertion on view an instance of android.widget.TextView and view.getText() with or without transformation to match: is "Объявление"
12-08 10:27:33.412 10617 10617 I ViewInteraction: Performing 'single click' action on view an instance of android.widget.TextView and view.getText() with or without transformation to match: is "Объявление"
12-08 10:27:33.517 10617 10708 D EGL_emulation: eglMakeCurrent: 0xdd81b560: ver 2 0 (tinfo 0xc32257b0)
12-08 10:27:33.566  2018  2127 E InputDispatcher: Window handle Window{33612f u0 PopupWindow:c04b101} has no registered input channel
12-08 10:27:33.689 10617 10617 I ViewInteraction: Performing 'wait for a specific view with <view.getId() is <2131231220/ru.iteco.fmhandroid:id/news_item_publish_date_start_text_input_edit_text>> during 10000 millis.' action on view view.getRootView() to equal view
12-08 10:27:33.694 10617 10617 I ViewInteraction: Performing 'single click' action on view view.getId() is <2131231220/ru.iteco.fmhandroid:id/news_item_publish_date_start_text_input_edit_text>
12-08 10:27:33.812  1776  1927 D gralloc_ranchu: gralloc_alloc: Creating ashmem region of size 6778880
12-08 10:27:33.824  1776  1927 I chatty  : uid=1000(system) HwBinder:1776_3 identical 1 line
12-08 10:27:33.826  1776  1927 D gralloc_ranchu: gralloc_alloc: Creating ashmem region of size 6778880
12-08 10:27:33.834 10617 10708 D EGL_emulation: eglMakeCurrent: 0xdd81b560: ver 2 0 (tinfo 0xc32257b0)
12-08 10:27:33.939 10617 10708 I chatty  : uid=10146(ru.iteco.fmhandroid) RenderThread identical 3 lines
12-08 10:27:33.961 10617 10708 D EGL_emulation: eglMakeCurrent: 0xdd81b560: ver 2 0 (tinfo 0xc32257b0)
12-08 10:27:34.293 10617 10617 I ViewInteraction: Performing 'wait for a specific view with <is assignable from class <class android.widget.DatePicker>> during 10000 millis.' action on view view.getRootView() to equal view
12-08 10:27:34.297 10617 10617 I ViewInteraction: Checking 'MatchesViewAssertion{viewMatcher=(view has effective visibility <VISIBLE> and view.getGlobalVisibleRect() to return non-empty rectangle)}' assertion on view is assignable from class <class android.widget.DatePicker>
12-08 10:27:34.300 10617 10617 I ViewInteraction: Performing 'wait for a specific view with <is assignable from class <class android.widget.DatePicker>> during 10000 millis.' action on view view.getRootView() to equal view
12-08 10:27:34.303 10617 10617 I ViewInteraction: Performing 'set date' action on view is assignable from class <class android.widget.DatePicker>
12-08 10:27:34.349 10617 10617 I ViewInteraction: Performing 'wait for a specific view with <view.getId() is <16908313/android:id/button1>> during 10000 millis.' action on view view.getRootView() to equal view
12-08 10:27:34.354 10617 10617 I ViewInteraction: Performing 'single click' action on view view.getId() is <16908313/android:id/button1>
12-08 10:27:34.449 10617 10708 D EGL_emulation: eglMakeCurrent: 0xdd81b560: ver 2 0 (tinfo 0xc32257b0)
12-08 10:27:34.464  2018  5644 E InputDispatcher: Window handle Window{e851a15 u0 ru.iteco.fmhandroid/ru.iteco.fmhandroid.ui.AppActivity} has no registered input channel
12-08 10:27:34.468 10617 10708 D EGL_emulation: eglMakeCurrent: 0xdd81b560: ver 2 0 (tinfo 0xc32257b0)
12-08 10:27:34.728 10617 10617 I ViewInteraction: Performing 'wait for a specific view with <view.getId() is <2131231057/ru.iteco.fmhandroid:id/filter_button>> during 10000 millis.' action on view view.getRootView() to equal view
12-08 10:27:34.730 10617 10617 I ViewInteraction: Performing 'single click' action on view view.getId() is <2131231057/ru.iteco.fmhandroid:id/filter_button>
12-08 10:27:34.831  1776  1927 D gralloc_ranchu: gralloc_alloc: Creating ashmem region of size 2641920
12-08 10:27:34.838  1776  1927 I chatty  : uid=1000(system) HwBinder:1776_3 identical 1 line
12-08 10:27:34.840  1776  1927 D gralloc_ranchu: gralloc_alloc: Creating ashmem region of size 2641920
12-08 10:27:34.843 10617 10708 D EGL_emulation: eglMakeCurrent: 0xdd81b560: ver 2 0 (tinfo 0xc32257b0)
12-08 10:27:34.860  1788  1978 D AF::Track: interceptBuffer: took 431us to intercept 0 tracks
12-08 10:27:34.864 10617 10708 D EGL_emulation: eglMakeCurrent: 0xdd81b560: ver 2 0 (tinfo 0xc32257b0)
12-08 10:27:34.876 10617 10708 I chatty  : uid=10146(ru.iteco.fmhandroid) RenderThread identical 1 line
12-08 10:27:34.909 10617 10708 D EGL_emulation: eglMakeCurrent: 0xdd81b560: ver 2 0 (tinfo 0xc32257b0)
12-08 10:27:35.133 10617 10617 I ViewInteraction: Performing 'wait for a specific view with <an instance of android.widget.TextView and view.getText() with or without transformation to match: is "Wrong period"> during 10000 millis.' action on view view.getRootView() to equal view
12-08 10:27:35.136 10617 10617 I ViewInteraction: Checking 'MatchesViewAssertion{viewMatcher=(view has effective visibility <VISIBLE> and view.getGlobalVisibleRect() to return non-empty rectangle)}' assertion on view an instance of android.widget.TextView and view.getText() with or without transformation to match: is "Wrong period"
12-08 10:27:35.140 10617 10617 I ViewInteraction: Performing 'wait for a specific view with <view.getId() is <16908313/android:id/button1>> during 10000 millis.' action on view view.getRootView() to equal view
12-08 10:27:35.143 10617 10617 I ViewInteraction: Checking 'MatchesViewAssertion{viewMatcher=(view has effective visibility <VISIBLE> and view.getGlobalVisibleRect() to return non-empty rectangle)}' assertion on view view.getId() is <16908313/android:id/button1>
--------- beginning of system
12-08 10:27:35.149  2018  2127 I ActivityTaskManager: START u0 {act=android.intent.action.MAIN cat=[android.intent.category.LAUNCHER] flg=0x10000000 cmp=ru.iteco.fmhandroid.test/androidx.test.core.app.InstrumentationActivityInvoker$EmptyActivity} from uid 10146
12-08 10:27:35.162 10617 10617 D LifecycleMonitor: Lifecycle status change: ru.iteco.fmhandroid.ui.AppActivity@970c20b in: PAUSED
12-08 10:27:35.162 10617 10617 V ActivityScenario: Update currentActivityStage to PAUSED, currentActivity=ru.iteco.fmhandroid.ui.AppActivity@970c20b
12-08 10:27:35.167  2018  2127 W InputReader: Device has associated, but no associated display id.
12-08 10:27:35.168  2018  2127 I chatty  : uid=1000(system) Binder:2018_3 identical 18 lines
12-08 10:27:35.168  2018  2127 W InputReader: Device has associated, but no associated display id.
12-08 10:27:35.169 10617 10950 V FA      : Recording user engagement, ms: 20371
12-08 10:27:35.169  2018  2127 W InputReader: Device has associated, but no associated display id.
12-08 10:27:35.171  2018  2127 I chatty  : uid=1000(system) Binder:2018_3 identical 18 lines
12-08 10:27:35.171  2018  2127 W InputReader: Device has associated, but no associated display id.
12-08 10:27:35.171 10674 10674 W ActivityThread: handleWindowVisibility: no activity for token android.os.BinderProxy@9ae7bbd
12-08 10:27:35.180  2018  2127 W InputReader: Device has associated, but no associated display id.
12-08 10:27:35.182  2018  2127 I chatty  : uid=1000(system) Binder:2018_3 identical 8 lines
12-08 10:27:35.182  2018  2127 W InputReader: Device has associated, but no associated display id.
12-08 10:27:35.220 10617 10708 D EGL_emulation: eglMakeCurrent: 0xdd81b560: ver 2 0 (tinfo 0xc32257b0)
12-08 10:27:35.251 10617 10950 V FA      : Connecting to remote service
12-08 10:27:35.282 10617 10950 V FA      : Connection attempt already in progress
12-08 10:27:35.282 10617 10950 V FA      : Activity paused, time: 58202202
12-08 10:27:35.289  1776  1927 D gralloc_ranchu: gralloc_alloc: Creating ashmem region of size 10108928
12-08 10:27:35.297  1776  1927 D gralloc_ranchu: gralloc_alloc: Creating ashmem region of size 10108928
12-08 10:27:35.299  1776  1825 D gralloc_ranchu: gralloc_alloc: Creating ashmem region of size 10108928
12-08 10:27:35.303 10674 10705 D EGL_emulation: eglMakeCurrent: 0xe59ed220: ver 2 0 (tinfo 0xf0c89520)
12-08 10:27:35.328 10617 10950 D FA      : Connected to remote service
12-08 10:27:35.328 10617 10950 V FA      : Processing queued up service tasks: 2
12-08 10:27:35.346  2018  2127 W InputReader: Device has associated, but no associated display id.
12-08 10:27:35.355  2018  2127 I chatty  : uid=1000(system) Binder:2018_3 identical 48 lines
12-08 10:27:35.356  2018  2127 W InputReader: Device has associated, but no associated display id.
12-08 10:27:35.378 10674 10674 W ActivityThread: handleWindowVisibility: no activity for token android.os.BinderProxy@f934d44
12-08 10:27:35.392  2873 10953 V FA-SVC  : Logging event: origin=auto,name=user_engagement(_e),params=Bundle[{ga_event_origin(_o)=auto, engagement_time_msec(_et)=20371, ga_screen_class(_sc)=AppActivity, ga_screen_id(_si)=-647014990109867670}]
12-08 10:27:35.246  2018  2127 I ActivityTaskManager: START u0 {act=android.intent.action.MAIN cat=[android.intent.category.LAUNCHER] flg=0x10000000 cmp=ru.iteco.fmhandroid.test/androidx.test.core.app.InstrumentationActivityInvoker$EmptyActivity} from uid 10146
12-08 10:27:35.422  2018  5994 W ActivityTaskManager: Duplicate finish request for ActivityRecord{306d069 u0 ru.iteco.fmhandroid/.ui.AppActivity t315 f}
12-08 10:27:35.447  2873 10953 V FA-SVC  : Upload scheduled in approximately ms: 2529068
12-08 10:27:35.447  2873 10953 V FA-SVC  : Unscheduling upload
12-08 10:27:35.461  1776  1825 D gralloc_ranchu: gralloc_alloc: Creating ashmem region of size 10108928
12-08 10:27:35.459  2873 10953 V FA-SVC  : Scheduling upload, millis: 2529068
12-08 10:27:35.471  1776  1825 D gralloc_ranchu: gralloc_alloc: Creating ashmem region of size 10108928
12-08 10:27:35.473  1776  1825 D gralloc_ranchu: gralloc_alloc: Creating ashmem region of size 10108928
12-08 10:27:35.476 10674 10705 D EGL_emulation: eglMakeCurrent: 0xe59ed220: ver 2 0 (tinfo 0xf0c89520)
12-08 10:27:35.509  2873 10953 V FA-SVC  : Background event processing time, ms: 117
12-08 10:27:35.509  2018  2054 W InputReader: Device has associated, but no associated display id.
12-08 10:27:35.511  2018  2054 I chatty  : uid=1000(system) android.anim identical 18 lines
12-08 10:27:35.511  2018  2054 W InputReader: Device has associated, but no associated display id.
12-08 10:27:35.520  2018  2058 I ActivityTaskManager: Displayed ru.iteco.fmhandroid.test/androidx.test.core.app.InstrumentationActivityInvoker$EmptyActivity: +188ms
12-08 10:27:35.525 10617 10708 D EGL_emulation: eglMakeCurrent: 0xdd81b560: ver 2 0 (tinfo 0xc32257b0)
12-08 10:27:35.546  2018  5644 W InputReader: Device has associated, but no associated display id.
12-08 10:27:35.546  2018  5644 I chatty  : uid=1000(system) Binder:2018_14 identical 8 lines
12-08 10:27:35.546  2018  5644 W InputReader: Device has associated, but no associated display id.
12-08 10:27:35.561  2656 10928 E SQLiteDatabase: Error inserting flex_time=2529000 job_id=-1 period=5059000 source=16 requires_charging=0 preferred_network_type=1 target_class=com.google.android.gms.measurement.PackageMeasurementTaskService user_id=0 target_package=com.google.android.gms tag=Measurement.PackageMeasurementTaskService.UPLOAD_TASK_TAG task_type=0 required_idleness_state=0 service_kind=0 source_version=202414000 persistence_level=1 preferred_charging_state=1 required_network_type=0 runtime=1670495255528 retry_strategy={"maximum_backoff_seconds":{"3600":0},"initial_backoff_seconds":{"30":0},"retry_policy":{"0":0}} last_runtime=0
12-08 10:27:35.561  2656 10928 E SQLiteDatabase: android.database.sqlite.SQLiteConstraintException: UNIQUE constraint failed: pending_ops.tag, pending_ops.target_class, pending_ops.target_package, pending_ops.user_id (code 2067 SQLITE_CONSTRAINT_UNIQUE)
12-08 10:27:35.561  2656 10928 E SQLiteDatabase: 	at android.database.sqlite.SQLiteConnection.nativeExecuteForLastInsertedRowId(Native Method)
12-08 10:27:35.561  2656 10928 E SQLiteDatabase: 	at android.database.sqlite.SQLiteConnection.executeForLastInsertedRowId(SQLiteConnection.java:879)
12-08 10:27:35.561  2656 10928 E SQLiteDatabase: 	at android.database.sqlite.SQLiteSession.executeForLastInsertedRowId(SQLiteSession.java:790)
12-08 10:27:35.561  2656 10928 E SQLiteDatabase: 	at android.database.sqlite.SQLiteStatement.executeInsert(SQLiteStatement.java:88)
12-08 10:27:35.561  2656 10928 E SQLiteDatabase: 	at android.database.sqlite.SQLiteDatabase.insertWithOnConflict(SQLiteDatabase.java:1599)
12-08 10:27:35.561  2656 10928 E SQLiteDatabase: 	at android.database.sqlite.SQLiteDatabase.insert(SQLiteDatabase.java:1468)
12-08 10:27:35.561  2656 10928 E SQLiteDatabase: 	at aqui.a(:com.google.android.gms@202414022@20.24.14 (040700-319035315):175)
12-08 10:27:35.561  2656 10928 E SQLiteDatabase: 	at aqtk.a(:com.google.android.gms@202414022@20.24.14 (040700-319035315):182)
12-08 10:27:35.561  2656 10928 E SQLiteDatabase: 	at aqtk.a(:com.google.android.gms@202414022@20.24.14 (040700-319035315):23)
12-08 10:27:35.561  2656 10928 E SQLiteDatabase: 	at aqtk.a(:com.google.android.gms@202414022@20.24.14 (040700-319035315):177)
12-08 10:27:35.561  2656 10928 E SQLiteDatabase: 	at aqpu.run(:com.google.android.gms@202414022@20.24.14 (040700-319035315):9)
12-08 10:27:35.561  2656 10928 E SQLiteDatabase: 	at soy.b(:com.google.android.gms@202414022@20.24.14 (040700-319035315):12)
12-08 10:27:35.561  2656 10928 E SQLiteDatabase: 	at soy.run(:com.google.android.gms@202414022@20.24.14 (040700-319035315):7)
12-08 10:27:35.561  2656 10928 E SQLiteDatabase: 	at java.util.concurrent.ThreadPoolExecutor.runWorker(ThreadPoolExecutor.java:1167)
12-08 10:27:35.561  2656 10928 E SQLiteDatabase: 	at java.util.concurrent.ThreadPoolExecutor$Worker.run(ThreadPoolExecutor.java:641)
12-08 10:27:35.561  2656 10928 E SQLiteDatabase: 	at sux.run(:com.google.android.gms@202414022@20.24.14 (040700-319035315):0)
12-08 10:27:35.561  2656 10928 E SQLiteDatabase: 	at java.lang.Thread.run(Thread.java:919)
12-08 10:27:35.604  2018  5994 W InputReader: Device has associated, but no associated display id.
12-08 10:27:35.607  2018  5994 I chatty  : uid=1000(system) Binder:2018_18 identical 28 lines
12-08 10:27:35.607  2018  5994 W InputReader: Device has associated, but no associated display id.
12-08 10:27:35.625 10617 10617 D AutofillManager: onActivityFinishing(): calling cancelLocked()
12-08 10:27:35.625 10617 10617 D LifecycleMonitor: Lifecycle status change: ru.iteco.fmhandroid.ui.AppActivity@970c20b in: STOPPED
12-08 10:27:35.625 10617 10617 V ActivityScenario: Update currentActivityStage to STOPPED, currentActivity=ru.iteco.fmhandroid.ui.AppActivity@970c20b
12-08 10:27:35.639  2018  5994 D ConnectivityService: requestNetwork for uid/pid:10129/8344 NetworkRequest [ TRACK_DEFAULT id=108, [ Capabilities: INTERNET&NOT_RESTRICTED&TRUSTED Uid: 10129] ]
12-08 10:27:35.640  2018  2136 D UntrustedWifiNetworkFactory: got request NetworkRequest [ TRACK_DEFAULT id=108, [ Capabilities: INTERNET&NOT_RESTRICTED&TRUSTED Uid: 10129] ] with score 50 and serial 2
12-08 10:27:35.640  2018  2136 D WifiNetworkFactory: got request NetworkRequest [ TRACK_DEFAULT id=108, [ Capabilities: INTERNET&NOT_RESTRICTED&TRUSTED Uid: 10129] ] with score 50 and serial 2
12-08 10:27:35.641  2298  2298 D PhoneSwitcherNetworkRequstListener: got request NetworkRequest [ TRACK_DEFAULT id=108, [ Capabilities: INTERNET&NOT_RESTRICTED&TRUSTED Uid: 10129] ] with score 50 and serial 2
12-08 10:27:35.666 10617 10617 W System.err: ru.iteco.fmhandroid.exceptions.UnknownException
12-08 10:27:35.667 10617 10617 W System.err: 	at ru.iteco.fmhandroid.utils.Utils.makeRequest(Utils.kt:123)
12-08 10:27:35.667 10617 10617 W System.err: 	at ru.iteco.fmhandroid.utils.Utils$makeRequest$1.invokeSuspend(Unknown Source:15)
12-08 10:27:35.667 10617 10617 W System.err: 	at kotlin.coroutines.jvm.internal.BaseContinuationImpl.resumeWith(ContinuationImpl.kt:33)
12-08 10:27:35.667 10617 10617 W System.err: 	at kotlinx.coroutines.DispatchedTaskKt.resume(DispatchedTask.kt:234)
12-08 10:27:35.667 10617 10617 W System.err: 	at kotlinx.coroutines.DispatchedTaskKt.resumeUnconfined(DispatchedTask.kt:190)
12-08 10:27:35.668 10617 10617 W System.err: 	at kotlinx.coroutines.DispatchedTaskKt.dispatch(DispatchedTask.kt:161)
12-08 10:27:35.669 10617 10617 W System.err: 	at kotlinx.coroutines.CancellableContinuationImpl.dispatchResume(CancellableContinuationImpl.kt:397)
12-08 10:27:35.669 10617 10617 W System.err: 	at kotlinx.coroutines.CancellableContinuationImpl.cancel(CancellableContinuationImpl.kt:183)
12-08 10:27:35.671 10617 10617 W System.err: 	at kotlinx.coroutines.CancellableContinuationImpl.parentCancelled$kotlinx_coroutines_core(CancellableContinuationImpl.kt:190)
12-08 10:27:35.671 10617 10617 W System.err: 	at kotlinx.coroutines.ChildContinuation.invoke(JobSupport.kt:1474)
12-08 10:27:35.671 10617 10617 W System.err: 	at kotlinx.coroutines.JobSupport.notifyCancelling(JobSupport.kt:1499)
12-08 10:27:35.671 10617 10617 W System.err: 	at kotlinx.coroutines.JobSupport.tryMakeCancelling(JobSupport.kt:795)
12-08 10:27:35.671 10617 10617 W System.err: 	at kotlinx.coroutines.JobSupport.makeCancelling(JobSupport.kt:755)
12-08 10:27:35.671 10617 10617 W System.err: 	at kotlinx.coroutines.JobSupport.cancelImpl$kotlinx_coroutines_core(JobSupport.kt:671)
12-08 10:27:35.671 10617 10617 W System.err: 	at kotlinx.coroutines.JobSupport.parentCancelled(JobSupport.kt:637)
12-08 10:27:35.671 10617 10617 W System.err: 	at kotlinx.coroutines.ChildHandleNode.invoke(JobSupport.kt:1465)
12-08 10:27:35.671 10617 10617 W System.err: 	at kotlinx.coroutines.JobSupport.notifyCancelling(JobSupport.kt:1499)
12-08 10:27:35.671 10617 10617 W System.err: 	at kotlinx.coroutines.JobSupport.tryMakeCompletingSlowPath(JobSupport.kt:900)
12-08 10:27:35.671 10617 10617 W System.err: 	at kotlinx.coroutines.JobSupport.tryMakeCompleting(JobSupport.kt:863)
12-08 10:27:35.671 10617 10617 W System.err: 	at kotlinx.coroutines.JobSupport.cancelMakeCompleting(JobSupport.kt:696)
12-08 10:27:35.672 10617 10617 W System.err: 	at kotlinx.coroutines.JobSupport.cancelImpl$kotlinx_coroutines_core(JobSupport.kt:667)
12-08 10:27:35.672 10617 10617 W System.err: 	at kotlinx.coroutines.JobSupport.cancelInternal(JobSupport.kt:632)
12-08 10:27:35.672 10617 10617 W System.err: 	at kotlinx.coroutines.JobSupport.cancel(JobSupport.kt:617)
12-08 10:27:35.672 10617 10617 W System.err: 	at kotlinx.coroutines.JobKt__JobKt.cancel(Job.kt:561)
12-08 10:27:35.672 10617 10617 W System.err: 	at kotlinx.coroutines.JobKt.cancel(Unknown Source:1)
12-08 10:27:35.672 10617 10617 W System.err: 	at kotlinx.coroutines.JobKt__JobKt.cancel$default(Job.kt:560)
12-08 10:27:35.672 10617 10617 W System.err: 	at kotlinx.coroutines.JobKt.cancel$default(Unknown Source:1)
12-08 10:27:35.672 10617 10617 W System.err: 	at androidx.lifecycle.CloseableCoroutineScope.close(ViewModel.kt:51)
12-08 10:27:35.672 10617 10617 W System.err: 	at androidx.lifecycle.ViewModel.closeWithRuntimeException(ViewModel.java:188)
12-08 10:27:35.672 10617 10617 W System.err: 	at androidx.lifecycle.ViewModel.clear(ViewModel.java:134)
12-08 10:27:35.672 10617 10617 W System.err: 	at androidx.lifecycle.ViewModelStore.clear(ViewModelStore.java:62)
12-08 10:27:35.672 10617 10617 W System.err: 	at androidx.fragment.app.FragmentManagerViewModel.clearNonConfigStateInternal(FragmentManagerViewModel.java:210)
12-08 10:27:35.672 10617 10617 W System.err: 	at androidx.fragment.app.FragmentManagerViewModel.clearNonConfigState(FragmentManagerViewModel.java:190)
12-08 10:27:35.672 10617 10617 W System.err: 	at androidx.fragment.app.FragmentStateManager.destroy(FragmentStateManager.java:778)
12-08 10:27:35.672 10617 10617 W System.err: 	at androidx.fragment.app.FragmentStateManager.moveToExpectedState(FragmentStateManager.java:335)
12-08 10:27:35.672 10617 10617 W System.err: 	at androidx.fragment.app.FragmentStore.moveToExpectedState(FragmentStore.java:113)
12-08 10:27:35.672 10617 10617 W System.err: 	at androidx.fragment.app.FragmentManager.moveToState(FragmentManager.java:1374)
12-08 10:27:35.672 10617 10617 W System.err: 	at androidx.fragment.app.FragmentManager.dispatchStateChange(FragmentManager.java:2841)
12-08 10:27:35.672 10617 10617 W System.err: 	at androidx.fragment.app.FragmentManager.dispatchDestroy(FragmentManager.java:2820)
12-08 10:27:35.672 10617 10617 W System.err: 	at androidx.fragment.app.Fragment.performDestroy(Fragment.java:3246)
12-08 10:27:35.673 10617 10617 W System.err: 	at androidx.fragment.app.FragmentStateManager.destroy(FragmentStateManager.java:780)
12-08 10:27:35.673 10617 10617 W System.err: 	at androidx.fragment.app.FragmentStateManager.moveToExpectedState(FragmentStateManager.java:335)
12-08 10:27:35.673 10617 10617 W System.err: 	at androidx.fragment.app.SpecialEffectsController$FragmentStateManagerOperation.complete(SpecialEffectsController.java:771)
12-08 10:27:35.673 10617 10617 W System.err: 	at androidx.fragment.app.SpecialEffectsController$Operation.cancel(SpecialEffectsController.java:615)
12-08 10:27:35.673 10617 10617 W System.err: 	at androidx.fragment.app.SpecialEffectsController.forceCompleteAllOperations(SpecialEffectsController.java:350)
12-08 10:27:35.673 10617 10617 W System.err: 	at androidx.fragment.app.FragmentManager.dispatchStateChange(FragmentManager.java:2844)
12-08 10:27:35.673 10617 10617 W System.err: 	at androidx.fragment.app.FragmentManager.dispatchDestroy(FragmentManager.java:2820)
12-08 10:27:35.673 10617 10617 W System.err: 	at androidx.fragment.app.FragmentController.dispatchDestroy(FragmentController.java:345)
12-08 10:27:35.673 10617 10617 W System.err: 	at androidx.fragment.app.FragmentActivity.onDestroy(FragmentActivity.java:306)
12-08 10:27:35.673 10617 10617 W System.err: 	at androidx.appcompat.app.AppCompatActivity.onDestroy(AppCompatActivity.java:278)
12-08 10:27:35.673 10617 10617 W System.err: 	at android.app.Activity.performDestroy(Activity.java:8048)
12-08 10:27:35.673 10617 10617 W System.err: 	at android.app.Instrumentation.callActivityOnDestroy(Instrumentation.java:1334)
12-08 10:27:35.673 10617 10617 W System.err: 	at androidx.test.runner.MonitoringInstrumentation.callActivityOnDestroy(MonitoringInstrumentation.java:766)
12-08 10:27:35.673 10617 10617 W System.err: 	at android.app.ActivityThread.performDestroyActivity(ActivityThread.java:4926)
12-08 10:27:35.675 10617 10617 W System.err: 	at android.app.ActivityThread.handleDestroyActivity(ActivityThread.java:4970)
12-08 10:27:35.675 10617 10617 W System.err: 	at android.app.servertransaction.DestroyActivityItem.execute(DestroyActivityItem.java:44)
12-08 10:27:35.675 10617 10617 W System.err: 	at android.app.servertransaction.TransactionExecutor.executeLifecycleState(TransactionExecutor.java:176)
12-08 10:27:35.676 10617 10617 W System.err: 	at android.app.servertransaction.TransactionExecutor.execute(TransactionExecutor.java:97)
12-08 10:27:35.676 10617 10617 W System.err: 	at android.app.ActivityThread$H.handleMessage(ActivityThread.java:2016)
12-08 10:27:35.677 10617 10617 W System.err: 	at android.os.Handler.dispatchMessage(Handler.java:107)
12-08 10:27:35.678 10617 10617 W System.err: 	at android.os.Looper.loop(Looper.java:214)
12-08 10:27:35.678 10617 10617 W System.err: 	at android.app.ActivityThread.main(ActivityThread.java:7356)
12-08 10:27:35.678 10617 10617 W System.err: 	at java.lang.reflect.Method.invoke(Native Method)
12-08 10:27:35.678 10617 10617 W System.err: 	at com.android.internal.os.RuntimeInit$MethodAndArgsCaller.run(RuntimeInit.java:492)
12-08 10:27:35.679 10617 10617 W System.err: 	at com.android.internal.os.ZygoteInit.main(ZygoteInit.java:930)
12-08 10:27:35.705 10617 10617 W System.err: ru.iteco.fmhandroid.exceptions.UnknownException
12-08 10:27:35.705 10617 10617 W System.err: 	at ru.iteco.fmhandroid.utils.Utils.makeRequest(Utils.kt:123)
12-08 10:27:35.705 10617 10617 W System.err: 	at ru.iteco.fmhandroid.utils.Utils$makeRequest$1.invokeSuspend(Unknown Source:15)
12-08 10:27:35.705 10617 10617 W System.err: 	at kotlin.coroutines.jvm.internal.BaseContinuationImpl.resumeWith(ContinuationImpl.kt:33)
12-08 10:27:35.705 10617 10617 W System.err: 	at kotlinx.coroutines.DispatchedTaskKt.resume(DispatchedTask.kt:234)
12-08 10:27:35.705 10617 10617 W System.err: 	at kotlinx.coroutines.DispatchedTaskKt.resumeUnconfined(DispatchedTask.kt:190)
12-08 10:27:35.705 10617 10617 W System.err: 	at kotlinx.coroutines.DispatchedTaskKt.dispatch(DispatchedTask.kt:161)
12-08 10:27:35.705 10617 10617 W System.err: 	at kotlinx.coroutines.CancellableContinuationImpl.dispatchResume(CancellableContinuationImpl.kt:397)
12-08 10:27:35.705 10617 10617 W System.err: 	at kotlinx.coroutines.CancellableContinuationImpl.cancel(CancellableContinuationImpl.kt:183)
12-08 10:27:35.705 10617 10617 W System.err: 	at kotlinx.coroutines.CancellableContinuationImpl.parentCancelled$kotlinx_coroutines_core(CancellableContinuationImpl.kt:190)
12-08 10:27:35.705 10617 10617 W System.err: 	at kotlinx.coroutines.ChildContinuation.invoke(JobSupport.kt:1474)
12-08 10:27:35.705 10617 10617 W System.err: 	at kotlinx.coroutines.JobSupport.notifyCancelling(JobSupport.kt:1499)
12-08 10:27:35.705 10617 10617 W System.err: 	at kotlinx.coroutines.JobSupport.tryMakeCancelling(JobSupport.kt:795)
12-08 10:27:35.705 10617 10617 W System.err: 	at kotlinx.coroutines.JobSupport.makeCancelling(JobSupport.kt:755)
12-08 10:27:35.705 10617 10617 W System.err: 	at kotlinx.coroutines.JobSupport.cancelImpl$kotlinx_coroutines_core(JobSupport.kt:671)
12-08 10:27:35.705 10617 10617 W System.err: 	at kotlinx.coroutines.JobSupport.parentCancelled(JobSupport.kt:637)
12-08 10:27:35.706 10617 10617 W System.err: 	at kotlinx.coroutines.ChildHandleNode.invoke(JobSupport.kt:1465)
12-08 10:27:35.706 10617 10617 W System.err: 	at kotlinx.coroutines.JobSupport.notifyCancelling(JobSupport.kt:1499)
12-08 10:27:35.706 10617 10617 W System.err: 	at kotlinx.coroutines.JobSupport.tryMakeCompletingSlowPath(JobSupport.kt:900)
12-08 10:27:35.706 10617 10617 W System.err: 	at kotlinx.coroutines.JobSupport.tryMakeCompleting(JobSupport.kt:863)
12-08 10:27:35.706 10617 10617 W System.err: 	at kotlinx.coroutines.JobSupport.cancelMakeCompleting(JobSupport.kt:696)
12-08 10:27:35.706 10617 10617 W System.err: 	at kotlinx.coroutines.JobSupport.cancelImpl$kotlinx_coroutines_core(JobSupport.kt:667)
12-08 10:27:35.709  1776  1825 D gralloc_ranchu: gralloc_alloc: Creating ashmem region of size 10108928
12-08 10:27:35.708 10617 10617 W System.err: 	at kotlinx.coroutines.JobSupport.cancelInternal(JobSupport.kt:632)
12-08 10:27:35.709 10617 10617 W System.err: 	at kotlinx.coroutines.JobSupport.cancel(JobSupport.kt:617)
12-08 10:27:35.710 10617 10617 W System.err: 	at kotlinx.coroutines.JobKt__JobKt.cancel(Job.kt:561)
12-08 10:27:35.710 10617 10617 W System.err: 	at kotlinx.coroutines.JobKt.cancel(Unknown Source:1)
12-08 10:27:35.710 10617 10617 W System.err: 	at kotlinx.coroutines.JobKt__JobKt.cancel$default(Job.kt:560)
12-08 10:27:35.710 10617 10617 W System.err: 	at kotlinx.coroutines.JobKt.cancel$default(Unknown Source:1)
12-08 10:27:35.710 10617 10617 W System.err: 	at androidx.lifecycle.CloseableCoroutineScope.close(ViewModel.kt:51)
12-08 10:27:35.710 10617 10617 W System.err: 	at androidx.lifecycle.ViewModel.closeWithRuntimeException(ViewModel.java:188)
12-08 10:27:35.710 10617 10617 W System.err: 	at androidx.lifecycle.ViewModel.clear(ViewModel.java:134)
12-08 10:27:35.714 10617 10617 W System.err: 	at androidx.lifecycle.ViewModelStore.clear(ViewModelStore.java:62)
12-08 10:27:35.715 10617 10617 W System.err: 	at androidx.fragment.app.FragmentManagerViewModel.clearNonConfigStateInternal(FragmentManagerViewModel.java:210)
12-08 10:27:35.715 10617 10617 W System.err: 	at androidx.fragment.app.FragmentManagerViewModel.clearNonConfigState(FragmentManagerViewModel.java:190)
12-08 10:27:35.715 10617 10617 W System.err: 	at androidx.fragment.app.FragmentStateManager.destroy(FragmentStateManager.java:778)
12-08 10:27:35.715 10617 10617 W System.err: 	at androidx.fragment.app.FragmentStateManager.moveToExpectedState(FragmentStateManager.java:335)
12-08 10:27:35.715 10617 10617 W System.err: 	at androidx.fragment.app.FragmentStore.moveToExpectedState(FragmentStore.java:113)
12-08 10:27:35.715 10617 10617 W System.err: 	at androidx.fragment.app.FragmentManager.moveToState(FragmentManager.java:1374)
12-08 10:27:35.716 10617 10617 W System.err: 	at androidx.fragment.app.FragmentManager.dispatchStateChange(FragmentManager.java:2841)
12-08 10:27:35.716 10617 10617 W System.err: 	at androidx.fragment.app.FragmentManager.dispatchDestroy(FragmentManager.java:2820)
12-08 10:27:35.716 10617 10617 W System.err: 	at androidx.fragment.app.Fragment.performDestroy(Fragment.java:3246)
12-08 10:27:35.716 10617 10617 W System.err: 	at androidx.fragment.app.FragmentStateManager.destroy(FragmentStateManager.java:780)
12-08 10:27:35.716 10617 10617 W System.err: 	at androidx.fragment.app.FragmentStateManager.moveToExpectedState(FragmentStateManager.java:335)
12-08 10:27:35.716 10617 10617 W System.err: 	at androidx.fragment.app.SpecialEffectsController$FragmentStateManagerOperation.complete(SpecialEffectsController.java:771)
12-08 10:27:35.716 10617 10617 W System.err: 	at androidx.fragment.app.SpecialEffectsController$Operation.cancel(SpecialEffectsController.java:615)
12-08 10:27:35.716 10617 10617 W System.err: 	at androidx.fragment.app.SpecialEffectsController.forceCompleteAllOperations(SpecialEffectsController.java:350)
12-08 10:27:35.717 10617 10617 W System.err: 	at androidx.fragment.app.FragmentManager.dispatchStateChange(FragmentManager.java:2844)
12-08 10:27:35.717 10617 10617 W System.err: 	at androidx.fragment.app.FragmentManager.dispatchDestroy(FragmentManager.java:2820)
12-08 10:27:35.717 10617 10617 W System.err: 	at androidx.fragment.app.FragmentController.dispatchDestroy(FragmentController.java:345)
12-08 10:27:35.717 10617 10617 W System.err: 	at androidx.fragment.app.FragmentActivity.onDestroy(FragmentActivity.java:306)
12-08 10:27:35.717 10617 10617 W System.err: 	at androidx.appcompat.app.AppCompatActivity.onDestroy(AppCompatActivity.java:278)
12-08 10:27:35.717 10617 10617 W System.err: 	at android.app.Activity.performDestroy(Activity.java:8048)
12-08 10:27:35.717 10617 10617 W System.err: 	at android.app.Instrumentation.callActivityOnDestroy(Instrumentation.java:1334)
12-08 10:27:35.717 10617 10617 W System.err: 	at androidx.test.runner.MonitoringInstrumentation.callActivityOnDestroy(MonitoringInstrumentation.java:766)
12-08 10:27:35.717 10617 10617 W System.err: 	at android.app.ActivityThread.performDestroyActivity(ActivityThread.java:4926)
12-08 10:27:35.717 10617 10617 W System.err: 	at android.app.ActivityThread.handleDestroyActivity(ActivityThread.java:4970)
12-08 10:27:35.717 10617 10617 W System.err: 	at android.app.servertransaction.DestroyActivityItem.execute(DestroyActivityItem.java:44)
12-08 10:27:35.717 10617 10617 W System.err: 	at android.app.servertransaction.TransactionExecutor.executeLifecycleState(TransactionExecutor.java:176)
12-08 10:27:35.717 10617 10617 W System.err: 	at android.app.servertransaction.TransactionExecutor.execute(TransactionExecutor.java:97)
12-08 10:27:35.717 10617 10617 W System.err: 	at android.app.ActivityThread$H.handleMessage(ActivityThread.java:2016)
12-08 10:27:35.717 10617 10617 W System.err: 	at android.os.Handler.dispatchMessage(Handler.java:107)
12-08 10:27:35.717 10617 10617 W System.err: 	at android.os.Looper.loop(Looper.java:214)
12-08 10:27:35.717 10617 10617 W System.err: 	at android.app.ActivityThread.main(ActivityThread.java:7356)
12-08 10:27:35.717 10617 10617 W System.err: 	at java.lang.reflect.Method.invoke(Native Method)
12-08 10:27:35.717 10617 10617 W System.err: 	at com.android.internal.os.RuntimeInit$MethodAndArgsCaller.run(RuntimeInit.java:492)
12-08 10:27:35.717 10617 10617 W System.err: 	at com.android.internal.os.ZygoteInit.main(ZygoteInit.java:930)
12-08 10:27:35.723  8344  8376 D EGL_emulation: eglMakeCurrent: 0xe59ed1c0: ver 2 0 (tinfo 0xe59d9f10)
12-08 10:27:35.740 10617 10617 W System.err: ru.iteco.fmhandroid.exceptions.UnknownException
12-08 10:27:35.741 10617 10617 W System.err: 	at ru.iteco.fmhandroid.utils.Utils.makeRequest(Utils.kt:123)
12-08 10:27:35.741 10617 10617 W System.err: 	at ru.iteco.fmhandroid.utils.Utils$makeRequest$1.invokeSuspend(Unknown Source:15)
12-08 10:27:35.741 10617 10617 W System.err: 	at kotlin.coroutines.jvm.internal.BaseContinuationImpl.resumeWith(ContinuationImpl.kt:33)
12-08 10:27:35.743 10617 10617 W System.err: 	at kotlinx.coroutines.DispatchedTaskKt.resume(DispatchedTask.kt:234)
12-08 10:27:35.743 10617 10617 W System.err: 	at kotlinx.coroutines.DispatchedTaskKt.resumeUnconfined(DispatchedTask.kt:190)
12-08 10:27:35.743 10617 10617 W System.err: 	at kotlinx.coroutines.DispatchedTaskKt.dispatch(DispatchedTask.kt:161)
12-08 10:27:35.743 10617 10617 W System.err: 	at kotlinx.coroutines.CancellableContinuationImpl.dispatchResume(CancellableContinuationImpl.kt:397)
12-08 10:27:35.743 10617 10617 W System.err: 	at kotlinx.coroutines.CancellableContinuationImpl.cancel(CancellableContinuationImpl.kt:183)
12-08 10:27:35.743 10617 10617 W System.err: 	at kotlinx.coroutines.CancellableContinuationImpl.parentCancelled$kotlinx_coroutines_core(CancellableContinuationImpl.kt:190)
12-08 10:27:35.744 10617 10617 W System.err: 	at kotlinx.coroutines.ChildContinuation.invoke(JobSupport.kt:1474)
12-08 10:27:35.744 10617 10617 W System.err: 	at kotlinx.coroutines.JobSupport.notifyCancelling(JobSupport.kt:1499)
12-08 10:27:35.744 10617 10617 W System.err: 	at kotlinx.coroutines.JobSupport.tryMakeCancelling(JobSupport.kt:795)
12-08 10:27:35.744 10617 10617 W System.err: 	at kotlinx.coroutines.JobSupport.makeCancelling(JobSupport.kt:755)
12-08 10:27:35.745 10617 10617 W System.err: 	at kotlinx.coroutines.JobSupport.cancelImpl$kotlinx_coroutines_core(JobSupport.kt:671)
12-08 10:27:35.745 10617 10617 W System.err: 	at kotlinx.coroutines.JobSupport.parentCancelled(JobSupport.kt:637)
12-08 10:27:35.745 10617 10617 W System.err: 	at kotlinx.coroutines.ChildHandleNode.invoke(JobSupport.kt:1465)
12-08 10:27:35.745 10617 10617 W System.err: 	at kotlinx.coroutines.JobSupport.notifyCancelling(JobSupport.kt:1499)
12-08 10:27:35.745 10617 10617 W System.err: 	at kotlinx.coroutines.JobSupport.tryMakeCompletingSlowPath(JobSupport.kt:900)
12-08 10:27:35.745 10617 10617 W System.err: 	at kotlinx.coroutines.JobSupport.tryMakeCompleting(JobSupport.kt:863)
12-08 10:27:35.745 10617 10617 W System.err: 	at kotlinx.coroutines.JobSupport.cancelMakeCompleting(JobSupport.kt:696)
12-08 10:27:35.745 10617 10617 W System.err: 	at kotlinx.coroutines.JobSupport.cancelImpl$kotlinx_coroutines_core(JobSupport.kt:667)
12-08 10:27:35.745 10617 10617 W System.err: 	at kotlinx.coroutines.JobSupport.cancelInternal(JobSupport.kt:632)
12-08 10:27:35.746 10617 10617 W System.err: 	at kotlinx.coroutines.JobSupport.cancel(JobSupport.kt:617)
12-08 10:27:35.746 10617 10617 W System.err: 	at kotlinx.coroutines.JobKt__JobKt.cancel(Job.kt:561)
12-08 10:27:35.746 10617 10617 W System.err: 	at kotlinx.coroutines.JobKt.cancel(Unknown Source:1)
12-08 10:27:35.746 10617 10617 W System.err: 	at kotlinx.coroutines.JobKt__JobKt.cancel$default(Job.kt:560)
12-08 10:27:35.746 10617 10617 W System.err: 	at kotlinx.coroutines.JobKt.cancel$default(Unknown Source:1)
12-08 10:27:35.747 10617 10617 W System.err: 	at androidx.lifecycle.CloseableCoroutineScope.close(ViewModel.kt:51)
12-08 10:27:35.749 10617 10617 W System.err: 	at androidx.lifecycle.ViewModel.closeWithRuntimeException(ViewModel.java:188)
12-08 10:27:35.749 10617 10617 W System.err: 	at androidx.lifecycle.ViewModel.clear(ViewModel.java:134)
12-08 10:27:35.749 10617 10617 W System.err: 	at androidx.lifecycle.ViewModelStore.clear(ViewModelStore.java:62)
12-08 10:27:35.749 10617 10617 W System.err: 	at androidx.fragment.app.FragmentManagerViewModel.clearNonConfigStateInternal(FragmentManagerViewModel.java:210)
12-08 10:27:35.749 10617 10617 W System.err: 	at androidx.fragment.app.FragmentManagerViewModel.clearNonConfigState(FragmentManagerViewModel.java:190)
12-08 10:27:35.749 10617 10617 W System.err: 	at androidx.fragment.app.FragmentStateManager.destroy(FragmentStateManager.java:778)
12-08 10:27:35.749 10617 10617 W System.err: 	at androidx.fragment.app.FragmentStateManager.moveToExpectedState(FragmentStateManager.java:335)
12-08 10:27:35.749 10617 10617 W System.err: 	at androidx.fragment.app.FragmentStore.moveToExpectedState(FragmentStore.java:113)
12-08 10:27:35.749 10617 10617 W System.err: 	at androidx.fragment.app.FragmentManager.moveToState(FragmentManager.java:1374)
12-08 10:27:35.750 10617 10617 W System.err: 	at androidx.fragment.app.FragmentManager.dispatchStateChange(FragmentManager.java:2841)
12-08 10:27:35.750 10617 10617 W System.err: 	at androidx.fragment.app.FragmentManager.dispatchDestroy(FragmentManager.java:2820)
12-08 10:27:35.750 10617 10617 W System.err: 	at androidx.fragment.app.Fragment.performDestroy(Fragment.java:3246)
12-08 10:27:35.750 10617 10617 W System.err: 	at androidx.fragment.app.FragmentStateManager.destroy(FragmentStateManager.java:780)
12-08 10:27:35.750 10617 10617 W System.err: 	at androidx.fragment.app.FragmentStateManager.moveToExpectedState(FragmentStateManager.java:335)
12-08 10:27:35.750 10617 10617 W System.err: 	at androidx.fragment.app.SpecialEffectsController$FragmentStateManagerOperation.complete(SpecialEffectsController.java:771)
12-08 10:27:35.750 10617 10617 W System.err: 	at androidx.fragment.app.SpecialEffectsController$Operation.cancel(SpecialEffectsController.java:615)
12-08 10:27:35.750 10617 10617 W System.err: 	at androidx.fragment.app.SpecialEffectsController.forceCompleteAllOperations(SpecialEffectsController.java:350)
12-08 10:27:35.750 10617 10617 W System.err: 	at androidx.fragment.app.FragmentManager.dispatchStateChange(FragmentManager.java:2844)
12-08 10:27:35.750 10617 10617 W System.err: 	at androidx.fragment.app.FragmentManager.dispatchDestroy(FragmentManager.java:2820)
12-08 10:27:35.751 10617 10617 W System.err: 	at androidx.fragment.app.FragmentController.dispatchDestroy(FragmentController.java:345)
12-08 10:27:35.751 10617 10617 W System.err: 	at androidx.fragment.app.FragmentActivity.onDestroy(FragmentActivity.java:306)
12-08 10:27:35.751 10617 10617 W System.err: 	at androidx.appcompat.app.AppCompatActivity.onDestroy(AppCompatActivity.java:278)
12-08 10:27:35.751 10617 10617 W System.err: 	at android.app.Activity.performDestroy(Activity.java:8048)
12-08 10:27:35.751 10617 10617 W System.err: 	at android.app.Instrumentation.callActivityOnDestroy(Instrumentation.java:1334)
12-08 10:27:35.751 10617 10617 W System.err: 	at androidx.test.runner.MonitoringInstrumentation.callActivityOnDestroy(MonitoringInstrumentation.java:766)
12-08 10:27:35.751 10617 10617 W System.err: 	at android.app.ActivityThread.performDestroyActivity(ActivityThread.java:4926)
12-08 10:27:35.751 10617 10617 W System.err: 	at android.app.ActivityThread.handleDestroyActivity(ActivityThread.java:4970)
12-08 10:27:35.752 10617 10617 W System.err: 	at android.app.servertransaction.DestroyActivityItem.execute(DestroyActivityItem.java:44)
12-08 10:27:35.752 10617 10617 W System.err: 	at android.app.servertransaction.TransactionExecutor.executeLifecycleState(TransactionExecutor.java:176)
12-08 10:27:35.752 10617 10617 W System.err: 	at android.app.servertransaction.TransactionExecutor.execute(TransactionExecutor.java:97)
12-08 10:27:35.752 10617 10617 W System.err: 	at android.app.ActivityThread$H.handleMessage(ActivityThread.java:2016)
12-08 10:27:35.752 10617 10617 W System.err: 	at android.os.Handler.dispatchMessage(Handler.java:107)
12-08 10:27:35.752 10617 10617 W System.err: 	at android.os.Looper.loop(Looper.java:214)
12-08 10:27:35.752 10617 10617 W System.err: 	at android.app.ActivityThread.main(ActivityThread.java:7356)
12-08 10:27:35.752 10617 10617 W System.err: 	at java.lang.reflect.Method.invoke(Native Method)
12-08 10:27:35.752 10617 10617 W System.err: 	at com.android.internal.os.RuntimeInit$MethodAndArgsCaller.run(RuntimeInit.java:492)
12-08 10:27:35.752 10617 10617 W System.err: 	at com.android.internal.os.ZygoteInit.main(ZygoteInit.java:930)
12-08 10:27:35.753  1776  1825 D gralloc_ranchu: gralloc_alloc: Creating ashmem region of size 10108928
12-08 10:27:35.757 10617 10617 D LifecycleMonitor: Lifecycle status change: ru.iteco.fmhandroid.ui.AppActivity@970c20b in: DESTROYED
12-08 10:27:35.757 10617 10617 V ActivityScenario: Update currentActivityStage to DESTROYED, currentActivity=null
12-08 10:27:35.760 10617 10661 I TestRunner: finished: shouldShowMessageWrongPeriodPublishDateEndField(ru.iteco.fmhandroid.ui.FilterNewsPageTest)
12-08 10:27:35.771 10617 10617 E WindowManager: 
12-08 10:27:35.771 10617 10617 E WindowManager: android.view.WindowLeaked: Activity ru.iteco.fmhandroid.ui.AppActivity has leaked window DecorView@851045e[AppActivity] that was originally added here
12-08 10:27:35.771 10617 10617 E WindowManager: 	at android.view.ViewRootImpl.<init>(ViewRootImpl.java:597)
12-08 10:27:35.771 10617 10617 E WindowManager: 	at android.view.WindowManagerGlobal.addView(WindowManagerGlobal.java:377)
12-08 10:27:35.771 10617 10617 E WindowManager: 	at android.view.WindowManagerImpl.addView(WindowManagerImpl.java:95)
12-08 10:27:35.771 10617 10617 E WindowManager: 	at android.app.Dialog.show(Dialog.java:342)
12-08 10:27:35.771 10617 10617 E WindowManager: 	at ru.iteco.fmhandroid.ui.FilterNewsListFragment.onViewCreated$lambda-6(FilterNewsListFragment.kt:168)
12-08 10:27:35.771 10617 10617 E WindowManager: 	at ru.iteco.fmhandroid.ui.FilterNewsListFragment.$r8$lambda$2iZBpxgog5xK71q0jkTfx8e6j1c(Unknown Source:0)
12-08 10:27:35.771 10617 10617 E WindowManager: 	at ru.iteco.fmhandroid.ui.FilterNewsListFragment$$ExternalSyntheticLambda3.onClick(Unknown Source:8)
12-08 10:27:35.771 10617 10617 E WindowManager: 	at android.view.View.performClick(View.java:7125)
12-08 10:27:35.771 10617 10617 E WindowManager: 	at com.google.android.material.button.MaterialButton.performClick(MaterialButton.java:1131)
12-08 10:27:35.771 10617 10617 E WindowManager: 	at android.view.View.performClickInternal(View.java:7102)
12-08 10:27:35.771 10617 10617 E WindowManager: 	at android.view.View.access$3500(View.java:801)
12-08 10:27:35.771 10617 10617 E WindowManager: 	at android.view.View$PerformClick.run(View.java:27336)
12-08 10:27:35.771 10617 10617 E WindowManager: 	at android.os.Handler.handleCallback(Handler.java:883)
12-08 10:27:35.771 10617 10617 E WindowManager: 	at android.os.Handler.dispatchMessage(Handler.java:100)
12-08 10:27:35.771 10617 10617 E WindowManager: 	at androidx.test.espresso.base.Interrogator.loopAndInterrogate(Interrogator.java:14)
12-08 10:27:35.771 10617 10617 E WindowManager: 	at androidx.test.espresso.base.UiControllerImpl.loopUntil(UiControllerImpl.java:8)
12-08 10:27:35.771 10617 10617 E WindowManager: 	at androidx.test.espresso.base.UiControllerImpl.loopUntil(UiControllerImpl.java:1)
12-08 10:27:35.771 10617 10617 E WindowManager: 	at androidx.test.espresso.base.UiControllerImpl.injectMotionEvent(UiControllerImpl.java:5)
12-08 10:27:35.771 10617 10617 E WindowManager: 	at androidx.test.espresso.action.MotionEvents.sendUp(MotionEvents.java:7)
12-08 10:27:35.771 10617 10617 E WindowManager: 	at androidx.test.espresso.action.MotionEvents.sendUp(MotionEvents.java:1)
12-08 10:27:35.771 10617 10617 E WindowManager: 	at androidx.test.espresso.action.Tap.sendSingleTap(Tap.java:5)
12-08 10:27:35.771 10617 10617 E WindowManager: 	at androidx.test.espresso.action.Tap.-$$Nest$smsendSingleTap(Unknown Source:0)
12-08 10:27:35.771 10617 10617 E WindowManager: 	at androidx.test.espresso.action.Tap$1.sendTap(Tap.java:3)
12-08 10:27:35.771 10617 10617 E WindowManager: 	at androidx.test.espresso.action.GeneralClickAction.perform(GeneralClickAction.java:6)
12-08 10:27:35.771 10617 10617 E WindowManager: 	at androidx.test.espresso.ViewInteraction$SingleExecutionViewAction.perform(ViewInteraction.java:2)
12-08 10:27:35.771 10617 10617 E WindowManager: 	at androidx.test.espresso.ViewInteraction.doPerform(ViewInteraction.java:25)
12-08 10:27:35.771 10617 10617 E WindowManager: 	at androidx.test.espresso.ViewInteraction.-$$Nest$mdoPerform(Unknown Source:0)
12-08 10:27:35.771 10617 10617 E WindowManager: 	at androidx.test.espresso.ViewInteraction$1.call(ViewInteraction.java:7)
12-08 10:27:35.771 10617 10617 E WindowManager: 	at androidx.test.espresso.ViewInteraction$1.call(ViewInteraction.java:1)
12-08 10:27:35.771 10617 10617 E WindowManager: 	at java.util.concurrent.FutureTask.run(FutureTask.java:266)
12-08 10:27:35.771 10617 10617 E WindowManager: 	at android.os.Handler.handleCallback(Handler.java:883)
12-08 10:27:35.771 10617 10617 E WindowManager: 	at android.os.Handler.dispatchMessage(Handler.java:100)
12-08 10:27:35.771 10617 10617 E WindowManager: 	at android.os.Looper.loop(Looper.java:214)
12-08 10:27:35.771 10617 10617 E WindowManager: 	at android.app.ActivityThread.main(ActivityThread.java:7356)
12-08 10:27:35.771 10617 10617 E WindowManager: 	at java.lang.reflect.Method.invoke(Native Method)
12-08 10:27:35.771 10617 10617 E WindowManager: 	at com.android.internal.os.RuntimeInit$MethodAndArgsCaller.run(RuntimeInit.java:492)
12-08 10:27:35.771 10617 10617 E WindowManager: 	at com.android.internal.os.ZygoteInit.main(ZygoteInit.java:930)
12-08 10:27:35.798  8437  8470 D EGL_emulation: eglCreateContext: 0xf0c7f9a0: maj 2 min 0 rcv 2
12-08 10:27:35.800  8437  8470 D EGL_emulation: eglMakeCurrent: 0xf0c7f9a0: ver 2 0 (tinfo 0xf0cc0670)
12-08 10:27:35.884  8437  8470 E chromium: [ERROR:gl_surface_egl.cc(342)] eglChooseConfig failed with error EGL_SUCCESS
12-08 10:27:35.885  1776  1825 D gralloc_ranchu: gralloc_alloc: Creating ashmem region of size 9256960
12-08 10:27:35.921  8437  8470 D EGL_emulation: eglCreateContext: 0xf0c7fdc0: maj 2 min 0 rcv 2
12-08 10:27:35.925  8437  8470 D EGL_emulation: eglMakeCurrent: 0xf0c7fdc0: ver 2 0 (tinfo 0xf0cc0670)
12-08 10:27:35.945  1776  1825 D gralloc_ranchu: gralloc_alloc: Creating ashmem region of size 10108928
12-08 10:27:35.954 10617 10661 I TestRunner: started: shouldShowAllActualNewsCategoryAnnouncement(ru.iteco.fmhandroid.ui.FilterNewsPageTest)
12-08 10:27:35.989  8437  8470 D EGL_emulation: eglMakeCurrent: 0xe59eb0c0: ver 2 0 (tinfo 0xf0cc0670)
12-08 10:27:36.012  8437  8470 D EGL_emulation: eglMakeCurrent: 0xf0c7fdc0: ver 2 0 (tinfo 0xf0cc0670)
12-08 10:27:36.025 10617 10661 W Settings: Setting always_finish_activities has moved from android.provider.Settings.System to android.provider.Settings.Global, returning read-only value.
12-08 10:27:36.035  2018  2358 W ActivityTaskManager: Finishing task with all activities already finished
12-08 10:27:36.035  2018  2358 W ActivityTaskManager: Duplicate finish request for ActivityRecord{5319e48 u0 ru.iteco.fmhandroid.test/androidx.test.core.app.InstrumentationActivityInvoker$EmptyActivity t315 f}
12-08 10:27:36.039  2018  5644 I ActivityTaskManager: START u0 {act=android.intent.action.MAIN cat=[android.intent.category.LAUNCHER] flg=0x10008000 cmp=ru.iteco.fmhandroid.test/androidx.test.core.app.InstrumentationActivityInvoker$BootstrapActivity (has extras)} from uid 10146
12-08 10:27:36.099  1776  1825 D gralloc_ranchu: gralloc_alloc: Creating ashmem region of size 10108928
