12-08 10:27:53.601  1788  1978 D AF::Track: interceptBuffer: took 367us to intercept 0 tracks
12-08 10:27:53.620 10617 10708 D EGL_emulation: eglMakeCurrent: 0xdd81b560: ver 2 0 (tinfo 0xc32257b0)
12-08 10:27:53.628 10617 10617 I AssistStructure: Flattened final assist data: 7432 bytes, containing 2 windows, 55 views
12-08 10:27:53.638  2537  2537 I KeyboardViewUtil: systemKeyboardHeightRatio:1.000000; userKeyboardHeightRatio:1.000000.
12-08 10:27:53.639  2537  2537 I AndroidIME: LatinIme.onActivate() : EditorInfo = Package = ru.iteco.fmhandroid : Type = Text : Learning = Disable : Suggestion = Show : AutoCorrection = Disable : Microphone = Show : NoPersonalizedLearning = Disable
12-08 10:27:53.648  2018  2051 D AutofillUI: destroySaveUiUiThread(): already destroyed
12-08 10:27:53.655  2537  2537 I Conv2QueryExtension: Current locale: en_US, config allows these locales: de,en,es,fr,it,ms,pt,ta
12-08 10:27:53.655  2537  2537 I Conv2QueryExtension: Conv2Query not enabled due to current app [ru.iteco.fmhandroid] not in whitelist
12-08 10:27:53.656  2537  2537 I Conv2QueryExtension: onActivate() : Disabled by unsupported host app
12-08 10:27:53.658  2656  2656 W ktk     : Pending fill request while another request in the same session was triggered. [CONTEXT service_id=177 ]
12-08 10:27:53.670  2170  2566 D EGL_emulation: eglMakeCurrent: 0xe594e040: ver 2 0 (tinfo 0xc52450c0)
12-08 10:27:53.680  1776  1825 D gralloc_ranchu: gralloc_alloc: Creating ashmem region of size 9826304
12-08 10:27:53.685  1776  1825 I chatty  : uid=1000(system) HwBinder:1776_1 identical 1 line
12-08 10:27:53.687  1776  1825 D gralloc_ranchu: gralloc_alloc: Creating ashmem region of size 9826304
12-08 10:27:53.693  2537  8546 D EGL_emulation: eglMakeCurrent: 0xc286ce00: ver 2 0 (tinfo 0xc335ede0)
12-08 10:27:53.761 10617 10708 D EGL_emulation: eglMakeCurrent: 0xdd81b560: ver 2 0 (tinfo 0xc32257b0)
12-08 10:27:53.808  1776  1825 D gralloc_ranchu: gralloc_alloc: Creating ashmem region of size 4198400
12-08 10:27:53.812 10617 10708 D EGL_emulation: eglMakeCurrent: 0xdd81b560: ver 2 0 (tinfo 0xc32257b0)
12-08 10:27:53.830 10617 10981 I okhttp.OkHttpClient: <-- 200 http://www.981757-ca08998.tmweb.ru:8080/fmh/news (1750ms)
12-08 10:27:53.830 10617 10981 I okhttp.OkHttpClient: Vary: Origin
12-08 10:27:53.830 10617 10981 I okhttp.OkHttpClient: Vary: Access-Control-Request-Method
12-08 10:27:53.841  1776  1825 D gralloc_ranchu: gralloc_alloc: Creating ashmem region of size 4198400
12-08 10:27:53.842 10617 10981 I okhttp.OkHttpClient: Vary: Access-Control-Request-Headers
12-08 10:27:53.843 10617 10981 I okhttp.OkHttpClient: X-Content-Type-Options: nosniff
12-08 10:27:53.843 10617 10981 I okhttp.OkHttpClient: X-XSS-Protection: 1; mode=block
12-08 10:27:53.845 10617 10708 D EGL_emulation: eglMakeCurrent: 0xdd81b560: ver 2 0 (tinfo 0xc32257b0)
12-08 10:27:53.845 10617 10981 I okhttp.OkHttpClient: Cache-Control: no-cache, no-store, max-age=0, must-revalidate
12-08 10:27:53.845 10617 10981 I okhttp.OkHttpClient: Pragma: no-cache
12-08 10:27:53.845 10617 10981 I okhttp.OkHttpClient: Expires: 0
12-08 10:27:53.845 10617 10981 I okhttp.OkHttpClient: X-Frame-Options: DENY
12-08 10:27:53.845 10617 10981 I okhttp.OkHttpClient: Content-Type: application/json
12-08 10:27:53.845 10617 10981 I okhttp.OkHttpClient: Transfer-Encoding: chunked
12-08 10:27:53.846 10617 10981 I okhttp.OkHttpClient: Date: Thu, 08 Dec 2022 10:28:39 GMT
12-08 10:27:53.846 10617 10981 I okhttp.OkHttpClient: Keep-Alive: timeout=60
12-08 10:27:53.846 10617 10981 I okhttp.OkHttpClient: Connection: keep-alive
12-08 10:27:53.862 10617 10708 D EGL_emulation: eglMakeCurrent: 0xdd81b560: ver 2 0 (tinfo 0xc32257b0)
12-08 10:27:53.875  1776  1825 D gralloc_ranchu: gralloc_alloc: Creating ashmem region of size 4198400
12-08 10:27:53.918 10617 10708 D EGL_emulation: eglMakeCurrent: 0xdd81b560: ver 2 0 (tinfo 0xc32257b0)
12-08 10:27:53.951 10617 10617 I ViewInteraction: Performing 'close keyboard' action on view view.getRootView() to equal view
12-08 10:27:53.956  2537  2537 I PhenotypeExpConfig: refreshConfiguration() : Force = false : UpdateAvailable = false : Age = 75 minutes : MaxAge = 720 minutes
12-08 10:27:53.960  2537  2537 I AndroidIME: LatinIme.onDeactivate()
12-08 10:27:53.983  2537  8546 D EGL_emulation: eglMakeCurrent: 0xc286ce00: ver 2 0 (tinfo 0xc335ede0)
12-08 10:27:54.071  1776  1825 D gralloc_ranchu: gralloc_alloc: Creating ashmem region of size 5308416
12-08 10:27:54.081 10617 10708 D EGL_emulation: eglMakeCurrent: 0xdd81b560: ver 2 0 (tinfo 0xc32257b0)
12-08 10:27:54.103  1776  1825 D gralloc_ranchu: gralloc_alloc: Creating ashmem region of size 5308416
12-08 10:27:54.107 10617 10708 D EGL_emulation: eglMakeCurrent: 0xdd81b560: ver 2 0 (tinfo 0xc32257b0)
12-08 10:27:54.122 10617 10708 D EGL_emulation: eglMakeCurrent: 0xdd81b560: ver 2 0 (tinfo 0xc32257b0)
12-08 10:27:54.139 10617 11008 I okhttp.OkHttpClient: <-- 200 http://www.981757-ca08998.tmweb.ru:8080/fmh/news (1624ms)
12-08 10:27:54.139 10617 11008 I okhttp.OkHttpClient: Vary: Origin
12-08 10:27:54.139 10617 11008 I okhttp.OkHttpClient: Vary: Access-Control-Request-Method
12-08 10:27:54.139 10617 11008 I okhttp.OkHttpClient: Vary: Access-Control-Request-Headers
12-08 10:27:54.139 10617 11008 I okhttp.OkHttpClient: X-Content-Type-Options: nosniff
12-08 10:27:54.140 10617 11008 I okhttp.OkHttpClient: X-XSS-Protection: 1; mode=block
12-08 10:27:54.140 10617 11008 I okhttp.OkHttpClient: Cache-Control: no-cache, no-store, max-age=0, must-revalidate
12-08 10:27:54.140 10617 11008 I okhttp.OkHttpClient: Pragma: no-cache
12-08 10:27:54.140 10617 11008 I okhttp.OkHttpClient: Expires: 0
12-08 10:27:54.140 10617 11008 I okhttp.OkHttpClient: X-Frame-Options: DENY
12-08 10:27:54.140 10617 11008 I okhttp.OkHttpClient: Content-Type: application/json
12-08 10:27:54.141 10617 11008 I okhttp.OkHttpClient: Transfer-Encoding: chunked
12-08 10:27:54.141 10617 11008 I okhttp.OkHttpClient: Date: Thu, 08 Dec 2022 10:28:39 GMT
12-08 10:27:54.141 10617 11008 I okhttp.OkHttpClient: Keep-Alive: timeout=60
12-08 10:27:54.141  1776  1825 D gralloc_ranchu: gralloc_alloc: Creating ashmem region of size 5308416
12-08 10:27:54.143 10617 11008 I okhttp.OkHttpClient: Connection: keep-alive
12-08 10:27:54.277 10617 10617 I ViewInteraction: Checking 'MatchesViewAssertion{viewMatcher=(view has effective visibility <VISIBLE> and view.getGlobalVisibleRect() to return non-empty rectangle)}' assertion on view an instance of android.widget.TextView and view.getText() with or without transformation to match: is "Объявление"
12-08 10:27:54.279 10617 10617 I ViewInteraction: Performing 'single click' action on view an instance of android.widget.TextView and view.getText() with or without transformation to match: is "Объявление"
12-08 10:27:54.429 10617 10708 D EGL_emulation: eglMakeCurrent: 0xdd81b560: ver 2 0 (tinfo 0xc32257b0)
12-08 10:27:54.446 10617 10708 D EGL_emulation: eglMakeCurrent: 0xdd81b560: ver 2 0 (tinfo 0xc32257b0)
12-08 10:27:54.449  2018  5644 E InputDispatcher: Window handle Window{837d29c u0 PopupWindow:a6f2d94} has no registered input channel
12-08 10:27:54.527 10617 10724 I okhttp.OkHttpClient: <-- 200 http://www.981757-ca08998.tmweb.ru:8080/fmh/claims (3392ms)
12-08 10:27:54.527 10617 10724 I okhttp.OkHttpClient: Vary: Origin
12-08 10:27:54.527 10617 10724 I okhttp.OkHttpClient: Vary: Access-Control-Request-Method
12-08 10:27:54.527 10617 10724 I okhttp.OkHttpClient: Vary: Access-Control-Request-Headers
12-08 10:27:54.527 10617 10724 I okhttp.OkHttpClient: X-Content-Type-Options: nosniff
12-08 10:27:54.527 10617 10724 I okhttp.OkHttpClient: X-XSS-Protection: 1; mode=block
12-08 10:27:54.527 10617 10724 I okhttp.OkHttpClient: Cache-Control: no-cache, no-store, max-age=0, must-revalidate
12-08 10:27:54.527 10617 10724 I okhttp.OkHttpClient: Pragma: no-cache
12-08 10:27:54.527 10617 10724 I okhttp.OkHttpClient: Expires: 0
12-08 10:27:54.527 10617 10724 I okhttp.OkHttpClient: X-Frame-Options: DENY
12-08 10:27:54.528 10617 10724 I okhttp.OkHttpClient: Content-Type: application/json
12-08 10:27:54.528 10617 10724 I okhttp.OkHttpClient: Transfer-Encoding: chunked
12-08 10:27:54.528 10617 10724 I okhttp.OkHttpClient: Date: Thu, 08 Dec 2022 10:28:39 GMT
12-08 10:27:54.528 10617 10724 I okhttp.OkHttpClient: Keep-Alive: timeout=60
12-08 10:27:54.528 10617 10724 I okhttp.OkHttpClient: Connection: keep-alive
12-08 10:27:54.554 10617 10617 I ViewInteraction: Performing 'wait for a specific view with <view.getId() is <2131231227/ru.iteco.fmhandroid:id/news_item_title_text_input_edit_text>> during 10000 millis.' action on view view.getRootView() to equal view
12-08 10:27:54.561 10617 10617 I ViewInteraction: Performing 'replace text(Заголовок 20d5a6b9-45ee-48c2-8e5f-0d052ecd6abd)' action on view view.getId() is <2131231227/ru.iteco.fmhandroid:id/news_item_title_text_input_edit_text>
12-08 10:27:54.573 10617 10617 I ViewInteraction: Performing 'wait for a specific view with <view.getId() is <2131231222/ru.iteco.fmhandroid:id/news_item_publish_date_text_input_edit_text>> during 10000 millis.' action on view view.getRootView() to equal view
12-08 10:27:54.579 10617 10617 I ViewInteraction: Performing 'single click' action on view view.getId() is <2131231222/ru.iteco.fmhandroid:id/news_item_publish_date_text_input_edit_text>
12-08 10:27:54.731 10617 10630 I teco.fmhandroi: Background concurrent copying GC freed 50198(2166KB) AllocSpace objects, 0(0B) LOS objects, 24% free, 18MB/24MB, paused 603us total 175.250ms
12-08 10:27:54.786  1776  1825 D gralloc_ranchu: gralloc_alloc: Creating ashmem region of size 6778880
12-08 10:27:54.793  1776  1825 I chatty  : uid=1000(system) HwBinder:1776_1 identical 1 line
12-08 10:27:54.796  1776  1825 D gralloc_ranchu: gralloc_alloc: Creating ashmem region of size 6778880
12-08 10:27:54.805 10617 10708 D EGL_emulation: eglMakeCurrent: 0xdd81b560: ver 2 0 (tinfo 0xc32257b0)
12-08 10:27:55.041 10617 10708 I chatty  : uid=10146(ru.iteco.fmhandroid) RenderThread identical 13 lines
12-08 10:27:55.066 10617 10708 D EGL_emulation: eglMakeCurrent: 0xdd81b560: ver 2 0 (tinfo 0xc32257b0)
12-08 10:27:55.290 10617 10617 I ViewInteraction: Performing 'wait for a specific view with <is assignable from class <class android.widget.DatePicker>> during 10000 millis.' action on view view.getRootView() to equal view
12-08 10:27:55.292 10617 10617 I ViewInteraction: Checking 'MatchesViewAssertion{viewMatcher=(view has effective visibility <VISIBLE> and view.getGlobalVisibleRect() to return non-empty rectangle)}' assertion on view is assignable from class <class android.widget.DatePicker>
12-08 10:27:55.298 10617 10617 I ViewInteraction: Performing 'wait for a specific view with <is assignable from class <class android.widget.DatePicker>> during 10000 millis.' action on view view.getRootView() to equal view
12-08 10:27:55.301 10617 10617 I ViewInteraction: Performing 'set date' action on view is assignable from class <class android.widget.DatePicker>
12-08 10:27:55.338 10617 10617 I ViewInteraction: Performing 'wait for a specific view with <view.getId() is <16908313/android:id/button1>> during 10000 millis.' action on view view.getRootView() to equal view
12-08 10:27:55.342 10617 10617 I ViewInteraction: Performing 'single click' action on view view.getId() is <16908313/android:id/button1>
12-08 10:27:55.422 10617 10708 D EGL_emulation: eglMakeCurrent: 0xdd81b560: ver 2 0 (tinfo 0xc32257b0)
12-08 10:27:55.433  2018  2358 E InputDispatcher: Window handle Window{f5bef2c u0 ru.iteco.fmhandroid/ru.iteco.fmhandroid.ui.AppActivity} has no registered input channel
12-08 10:27:55.442 10617 10708 D EGL_emulation: eglMakeCurrent: 0xdd81b560: ver 2 0 (tinfo 0xc32257b0)
12-08 10:27:55.708 10617 10617 I ViewInteraction: Performing 'wait for a specific view with <view.getId() is <2131231223/ru.iteco.fmhandroid:id/news_item_publish_time_text_input_edit_text>> during 10000 millis.' action on view view.getRootView() to equal view
12-08 10:27:55.711 10617 10617 I ViewInteraction: Performing 'single click' action on view view.getId() is <2131231223/ru.iteco.fmhandroid:id/news_item_publish_time_text_input_edit_text>
12-08 10:27:55.859  1776  1825 D gralloc_ranchu: gralloc_alloc: Creating ashmem region of size 5718016
12-08 10:27:55.871  1776  1825 I chatty  : uid=1000(system) HwBinder:1776_1 identical 1 line
12-08 10:27:55.872  1776  1825 D gralloc_ranchu: gralloc_alloc: Creating ashmem region of size 5718016
12-08 10:27:55.875 10617 10708 D EGL_emulation: eglMakeCurrent: 0xdd81b560: ver 2 0 (tinfo 0xc32257b0)
12-08 10:27:55.928 10617 10708 I chatty  : uid=10146(ru.iteco.fmhandroid) RenderThread identical 2 lines
12-08 10:27:55.962 10617 10708 D EGL_emulation: eglMakeCurrent: 0xdd81b560: ver 2 0 (tinfo 0xc32257b0)
12-08 10:27:56.189 10617 10617 I ViewInteraction: Performing 'wait for a specific view with <is assignable from class <class android.widget.TimePicker>> during 10000 millis.' action on view view.getRootView() to equal view
12-08 10:27:56.191 10617 10617 I ViewInteraction: Checking 'MatchesViewAssertion{viewMatcher=(view has effective visibility <VISIBLE> and view.getGlobalVisibleRect() to return non-empty rectangle)}' assertion on view is assignable from class <class android.widget.TimePicker>
12-08 10:27:56.193 10617 10617 I ViewInteraction: Performing 'wait for a specific view with <is assignable from class <class android.widget.TimePicker>> during 10000 millis.' action on view view.getRootView() to equal view
12-08 10:27:56.197 10617 10617 I ViewInteraction: Performing 'set time' action on view is assignable from class <class android.widget.TimePicker>
12-08 10:27:56.200 10617 10617 I ViewInteraction: Performing 'wait for a specific view with <view.getId() is <16908313/android:id/button1>> during 10000 millis.' action on view view.getRootView() to equal view
12-08 10:27:56.204 10617 10617 I ViewInteraction: Performing 'single click' action on view view.getId() is <16908313/android:id/button1>
12-08 10:27:56.266 10617 10708 D EGL_emulation: eglMakeCurrent: 0xdd81b560: ver 2 0 (tinfo 0xc32257b0)
12-08 10:27:56.287 10617 10708 D EGL_emulation: eglMakeCurrent: 0xdd81b560: ver 2 0 (tinfo 0xc32257b0)
12-08 10:27:56.299  2018  5644 E InputDispatcher: Window handle Window{a39efeb u0 ru.iteco.fmhandroid/ru.iteco.fmhandroid.ui.AppActivity} has no registered input channel
12-08 10:27:56.309 10617 10708 D EGL_emulation: eglMakeCurrent: 0xdd81b560: ver 2 0 (tinfo 0xc32257b0)
12-08 10:27:56.360  1788  1978 D AF::Track: interceptBuffer: took 818us to intercept 0 tracks
12-08 10:27:56.572 10617 10617 I ViewInteraction: Performing 'wait for a specific view with <view.getId() is <2131231211/ru.iteco.fmhandroid:id/news_item_description_text_input_edit_text>> during 10000 millis.' action on view view.getRootView() to equal view
12-08 10:27:56.575 10617 10617 I ViewInteraction: Performing 'replace text(Описание ffdb7c4e-d00e-4d03-b0f0-c1d309c76e35)' action on view view.getId() is <2131231211/ru.iteco.fmhandroid:id/news_item_description_text_input_edit_text>
12-08 10:27:56.611 10617 10617 I ViewInteraction: Performing 'wait for a specific view with <view.getId() is <2131231291/ru.iteco.fmhandroid:id/save_button>> during 10000 millis.' action on view view.getRootView() to equal view
12-08 10:27:56.616 10617 10617 I ViewInteraction: Performing 'single click' action on view view.getId() is <2131231291/ru.iteco.fmhandroid:id/save_button>
12-08 10:27:56.677 10617 11010 I okhttp.OkHttpClient: --> POST http://www.981757-ca08998.tmweb.ru:8080/fmh/news
12-08 10:27:56.677 10617 11010 I okhttp.OkHttpClient: Content-Type: application/json; charset=UTF-8
12-08 10:27:56.678 10617 11010 I okhttp.OkHttpClient: Content-Length: 315
12-08 10:27:56.679 10617 11010 I okhttp.OkHttpClient: {"createDate":1670484476,"creatorId":2,"creatorName":"Иванов Данил Данилович","description":"Описание ffdb7c4e-d00e-4d03-b0f0-c1d309c76e35","isOpen":false,"newsCategoryId":1,"publishDate":1667903220,"publishEnabled":true,"title":"Заголовок 20d5a6b9-45ee-48c2-8e5f-0d052ecd6abd"}
12-08 10:27:56.679 10617 11010 I okhttp.OkHttpClient: --> END POST (315-byte body)
12-08 10:27:56.688  1744 11011 E ResolverController: No valid NAT64 prefix (106, <unspecified>/0)
12-08 10:27:56.691  1788  1978 D AF::Track: interceptBuffer: took 426us to intercept 0 tracks
12-08 10:27:56.764  1905  1905 E wifi_forwarder: RemoteConnection failed to initialize: RemoteConnection failed to open pipe
12-08 10:27:56.905 10617 10617 I ViewInteraction: Performing 'wait for a specific view with <view.getId() is <2131230850/ru.iteco.fmhandroid:id/add_news_image_view>> during 10000 millis.' action on view view.getRootView() to equal view
12-08 10:27:56.954 10617 11010 I okhttp.OkHttpClient: <-- 200 http://www.981757-ca08998.tmweb.ru:8080/fmh/news (273ms)
12-08 10:27:56.954 10617 11010 I okhttp.OkHttpClient: Vary: Origin
12-08 10:27:56.954 10617 11010 I okhttp.OkHttpClient: Vary: Access-Control-Request-Method
12-08 10:27:56.954 10617 11010 I okhttp.OkHttpClient: Vary: Access-Control-Request-Headers
12-08 10:27:56.954 10617 11010 I okhttp.OkHttpClient: X-Content-Type-Options: nosniff
12-08 10:27:56.954 10617 11010 I okhttp.OkHttpClient: X-XSS-Protection: 1; mode=block
12-08 10:27:56.954 10617 11010 I okhttp.OkHttpClient: Cache-Control: no-cache, no-store, max-age=0, must-revalidate
12-08 10:27:56.954 10617 11010 I okhttp.OkHttpClient: Pragma: no-cache
12-08 10:27:56.955 10617 11010 I okhttp.OkHttpClient: Expires: 0
12-08 10:27:56.955 10617 11010 I okhttp.OkHttpClient: X-Frame-Options: DENY
12-08 10:27:56.955 10617 11010 I okhttp.OkHttpClient: Content-Type: application/json
12-08 10:27:56.955 10617 11010 I okhttp.OkHttpClient: Transfer-Encoding: chunked
12-08 10:27:56.955 10617 11010 I okhttp.OkHttpClient: Date: Thu, 08 Dec 2022 10:28:42 GMT
12-08 10:27:56.955 10617 11010 I okhttp.OkHttpClient: Keep-Alive: timeout=60
12-08 10:27:56.955 10617 11010 I okhttp.OkHttpClient: Connection: keep-alive
12-08 10:27:56.956 10617 11010 I okhttp.OkHttpClient: {"id":4562,"newsCategoryId":1,"title":"Заголовок 20d5a6b9-45ee-48c2-8e5f-0d052ecd6abd","description":"Описание ffdb7c4e-d00e-4d03-b0f0-c1d309c76e35","creatorId":2,"createDate":1670484476,"publishDate":1667903220,"publishEnabled":true,"creatorName":"Иванов Данил Данилович"}
12-08 10:27:56.956 10617 11010 I okhttp.OkHttpClient: <-- END HTTP (310-byte body)
12-08 10:27:57.043 10617 10617 I ViewInteraction: Performing 'single click' action on view view.getId() is <2131230850/ru.iteco.fmhandroid:id/add_news_image_view>
12-08 10:27:57.598 10617 10617 I ViewInteraction: Performing 'wait for a specific view with <view.getId() is <2131231204/ru.iteco.fmhandroid:id/news_item_category_text_auto_complete_text_view>> during 10000 millis.' action on view view.getRootView() to equal view
12-08 10:27:57.602 10617 10617 I ViewInteraction: Performing 'single click' action on view view.getId() is <2131231204/ru.iteco.fmhandroid:id/news_item_category_text_auto_complete_text_view>
12-08 10:27:57.722  1776  1825 D gralloc_ranchu: gralloc_alloc: Creating ashmem region of size 5308416
12-08 10:27:57.730  1776  1825 I chatty  : uid=1000(system) HwBinder:1776_1 identical 1 line
12-08 10:27:57.733  1776  1825 D gralloc_ranchu: gralloc_alloc: Creating ashmem region of size 5308416
12-08 10:27:57.747 10617 10708 D EGL_emulation: eglMakeCurrent: 0xdd81b560: ver 2 0 (tinfo 0xc32257b0)
12-08 10:27:57.783 10617 10617 I AssistStructure: Flattened final assist data: 7432 bytes, containing 2 windows, 55 views
12-08 10:27:57.791  2018  2037 D AutofillSession: Starting partition or augmented request for view id 1073741888@630316289: STARTED_SESSION
12-08 10:27:57.798  2656  2656 W ktk     : Pending fill request while another request in the same session was triggered. [CONTEXT service_id=177 ]
12-08 10:27:57.804  2537  2537 W GInputConnectionWrapper: IPC IC_GET_TEXT_BEFORE_CURSOR_AND_FIX_SELECTION_INDICES took 124 ms
12-08 10:27:57.820  2018  2051 D AutofillUI: destroySaveUiUiThread(): already destroyed
12-08 10:27:57.821 10617 10708 D EGL_emulation: eglMakeCurrent: 0xdd81b560: ver 2 0 (tinfo 0xc32257b0)
12-08 10:27:57.841 10617 10617 I AssistStructure: Flattened final assist data: 7432 bytes, containing 2 windows, 55 views
12-08 10:27:57.861 10617 10708 D EGL_emulation: eglMakeCurrent: 0xdd81b560: ver 2 0 (tinfo 0xc32257b0)
12-08 10:27:57.865  2537  2537 I KeyboardViewUtil: systemKeyboardHeightRatio:1.000000; userKeyboardHeightRatio:1.000000.
12-08 10:27:57.866  2537  2537 I AndroidIME: LatinIme.onActivate() : EditorInfo = Package = ru.iteco.fmhandroid : Type = Text : Learning = Disable : Suggestion = Show : AutoCorrection = Disable : Microphone = Show : NoPersonalizedLearning = Disable
12-08 10:27:57.891  2537  2537 I Conv2QueryExtension: Current locale: en_US, config allows these locales: de,en,es,fr,it,ms,pt,ta
12-08 10:27:57.891  2537  2537 I Conv2QueryExtension: Conv2Query not enabled due to current app [ru.iteco.fmhandroid] not in whitelist
12-08 10:27:57.891  2537  2537 I Conv2QueryExtension: onActivate() : Disabled by unsupported host app
12-08 10:27:57.905  1776  1825 D gralloc_ranchu: gralloc_alloc: Creating ashmem region of size 9826304
12-08 10:27:57.912  1776  1825 I chatty  : uid=1000(system) HwBinder:1776_1 identical 1 line
12-08 10:27:57.916  1776  1825 D gralloc_ranchu: gralloc_alloc: Creating ashmem region of size 9826304
12-08 10:27:57.922  2537  8546 D EGL_emulation: eglMakeCurrent: 0xc286ce00: ver 2 0 (tinfo 0xc335ede0)
12-08 10:27:57.980 10617 10708 D EGL_emulation: eglMakeCurrent: 0xdd81b560: ver 2 0 (tinfo 0xc32257b0)
12-08 10:27:58.026  1776  1825 D gralloc_ranchu: gralloc_alloc: Creating ashmem region of size 4198400
12-08 10:27:58.039 10617 10708 D EGL_emulation: eglMakeCurrent: 0xdd81b560: ver 2 0 (tinfo 0xc32257b0)
12-08 10:27:58.056  1776  1825 D gralloc_ranchu: gralloc_alloc: Creating ashmem region of size 4198400
12-08 10:27:58.061 10617 10708 D EGL_emulation: eglMakeCurrent: 0xdd81b560: ver 2 0 (tinfo 0xc32257b0)
12-08 10:27:58.083 10617 10708 D EGL_emulation: eglMakeCurrent: 0xdd81b560: ver 2 0 (tinfo 0xc32257b0)
12-08 10:27:58.094  1776  1825 D gralloc_ranchu: gralloc_alloc: Creating ashmem region of size 4198400
12-08 10:27:58.167 10617 10708 D EGL_emulation: eglMakeCurrent: 0xdd81b560: ver 2 0 (tinfo 0xc32257b0)
12-08 10:27:58.176 10617 10617 I ViewInteraction: Performing 'close keyboard' action on view view.getRootView() to equal view
12-08 10:27:58.183  2537  2537 I PhenotypeExpConfig: refreshConfiguration() : Force = false : UpdateAvailable = false : Age = 75 minutes : MaxAge = 720 minutes
12-08 10:27:58.191  2537  2537 I AndroidIME: LatinIme.onDeactivate()
12-08 10:27:58.204  2537  8546 D EGL_emulation: eglMakeCurrent: 0xc286ce00: ver 2 0 (tinfo 0xc335ede0)
12-08 10:27:58.290  1776  1825 D gralloc_ranchu: gralloc_alloc: Creating ashmem region of size 5308416
12-08 10:27:58.302 10617 10708 D EGL_emulation: eglMakeCurrent: 0xdd81b560: ver 2 0 (tinfo 0xc32257b0)
12-08 10:27:58.323  1776  1825 D gralloc_ranchu: gralloc_alloc: Creating ashmem region of size 5308416
12-08 10:27:58.325 10617 10708 D EGL_emulation: eglMakeCurrent: 0xdd81b560: ver 2 0 (tinfo 0xc32257b0)
12-08 10:27:58.340 10617 10708 D EGL_emulation: eglMakeCurrent: 0xdd81b560: ver 2 0 (tinfo 0xc32257b0)
12-08 10:27:58.351  1776  1825 D gralloc_ranchu: gralloc_alloc: Creating ashmem region of size 5308416
12-08 10:27:58.499 10617 10617 I ViewInteraction: Checking 'MatchesViewAssertion{viewMatcher=(view has effective visibility <VISIBLE> and view.getGlobalVisibleRect() to return non-empty rectangle)}' assertion on view an instance of android.widget.TextView and view.getText() with or without transformation to match: is "Объявление"
12-08 10:27:58.502 10617 10617 I ViewInteraction: Performing 'single click' action on view an instance of android.widget.TextView and view.getText() with or without transformation to match: is "Объявление"
12-08 10:27:58.647 10617 10708 D EGL_emulation: eglMakeCurrent: 0xdd81b560: ver 2 0 (tinfo 0xc32257b0)
12-08 10:27:58.667 10617 10708 D EGL_emulation: eglMakeCurrent: 0xdd81b560: ver 2 0 (tinfo 0xc32257b0)
12-08 10:27:58.667  2018  2130 E InputDispatcher: Window handle Window{f71c789 u0 PopupWindow:91e299} has no registered input channel
12-08 10:27:58.805 10617 10617 I ViewInteraction: Performing 'wait for a specific view with <view.getId() is <2131231227/ru.iteco.fmhandroid:id/news_item_title_text_input_edit_text>> during 10000 millis.' action on view view.getRootView() to equal view
12-08 10:27:58.807 10617 10617 I ViewInteraction: Performing 'replace text(Заголовок 92528f7f-3c35-4260-8a34-513ef4834aaa)' action on view view.getId() is <2131231227/ru.iteco.fmhandroid:id/news_item_title_text_input_edit_text>
12-08 10:27:58.822 10617 10617 I ViewInteraction: Performing 'wait for a specific view with <view.getId() is <2131231222/ru.iteco.fmhandroid:id/news_item_publish_date_text_input_edit_text>> during 10000 millis.' action on view view.getRootView() to equal view
12-08 10:27:58.858 10617 10617 I ViewInteraction: Performing 'single click' action on view view.getId() is <2131231222/ru.iteco.fmhandroid:id/news_item_publish_date_text_input_edit_text>
12-08 10:27:58.996  1776  1825 D gralloc_ranchu: gralloc_alloc: Creating ashmem region of size 6778880
12-08 10:27:59.008  1776  1825 I chatty  : uid=1000(system) HwBinder:1776_1 identical 1 line
12-08 10:27:59.011  1776  1825 D gralloc_ranchu: gralloc_alloc: Creating ashmem region of size 6778880
12-08 10:27:59.020 10617 10708 D EGL_emulation: eglMakeCurrent: 0xdd81b560: ver 2 0 (tinfo 0xc32257b0)
12-08 10:27:59.288 10617 10708 I chatty  : uid=10146(ru.iteco.fmhandroid) RenderThread identical 13 lines
12-08 10:27:59.306 10617 10708 D EGL_emulation: eglMakeCurrent: 0xdd81b560: ver 2 0 (tinfo 0xc32257b0)
12-08 10:27:59.529 10617 10617 I ViewInteraction: Performing 'wait for a specific view with <is assignable from class <class android.widget.DatePicker>> during 10000 millis.' action on view view.getRootView() to equal view
12-08 10:27:59.534 10617 10617 I ViewInteraction: Checking 'MatchesViewAssertion{viewMatcher=(view has effective visibility <VISIBLE> and view.getGlobalVisibleRect() to return non-empty rectangle)}' assertion on view is assignable from class <class android.widget.DatePicker>
12-08 10:27:59.539 10617 10617 I ViewInteraction: Performing 'wait for a specific view with <is assignable from class <class android.widget.DatePicker>> during 10000 millis.' action on view view.getRootView() to equal view
12-08 10:27:59.543 10617 10617 I ViewInteraction: Performing 'set date' action on view is assignable from class <class android.widget.DatePicker>
12-08 10:27:59.570 10617 10617 I ViewInteraction: Performing 'wait for a specific view with <view.getId() is <16908313/android:id/button1>> during 10000 millis.' action on view view.getRootView() to equal view
12-08 10:27:59.574 10617 10617 I ViewInteraction: Performing 'single click' action on view view.getId() is <16908313/android:id/button1>
12-08 10:27:59.670 10617 10708 D EGL_emulation: eglMakeCurrent: 0xdd81b560: ver 2 0 (tinfo 0xc32257b0)
12-08 10:27:59.680 10617 10630 I teco.fmhandroi: Background concurrent copying GC freed 163633(8172KB) AllocSpace objects, 0(0B) LOS objects, 27% free, 16MB/22MB, paused 604us total 101.209ms
12-08 10:27:59.700  2018  3051 E InputDispatcher: Window handle Window{4589ab4 u0 ru.iteco.fmhandroid/ru.iteco.fmhandroid.ui.AppActivity} has no registered input channel
12-08 10:27:59.710 10617 10708 D EGL_emulation: eglMakeCurrent: 0xdd81b560: ver 2 0 (tinfo 0xc32257b0)
12-08 10:28:00.003 10617 10617 I ViewInteraction: Performing 'wait for a specific view with <view.getId() is <2131231223/ru.iteco.fmhandroid:id/news_item_publish_time_text_input_edit_text>> during 10000 millis.' action on view view.getRootView() to equal view
12-08 10:28:00.003  2170  2170 D KeyguardClockSwitch: Updating clock: 1028
12-08 10:28:00.007 10617 10617 I ViewInteraction: Performing 'single click' action on view view.getId() is <2131231223/ru.iteco.fmhandroid:id/news_item_publish_time_text_input_edit_text>
12-08 10:28:00.018  2170  2566 D EGL_emulation: eglMakeCurrent: 0xe594e040: ver 2 0 (tinfo 0xc52450c0)
12-08 10:28:00.177  1776  1825 D gralloc_ranchu: gralloc_alloc: Creating ashmem region of size 5718016
12-08 10:28:00.184  1776  1825 I chatty  : uid=1000(system) HwBinder:1776_1 identical 1 line
12-08 10:28:00.187  1776  1825 D gralloc_ranchu: gralloc_alloc: Creating ashmem region of size 5718016
12-08 10:28:00.193 10617 10708 D EGL_emulation: eglMakeCurrent: 0xdd81b560: ver 2 0 (tinfo 0xc32257b0)
12-08 10:28:00.239 10617 10708 I chatty  : uid=10146(ru.iteco.fmhandroid) RenderThread identical 2 lines
12-08 10:28:00.268 10617 10708 D EGL_emulation: eglMakeCurrent: 0xdd81b560: ver 2 0 (tinfo 0xc32257b0)
12-08 10:28:00.522 10617 10617 I ViewInteraction: Performing 'wait for a specific view with <is assignable from class <class android.widget.TimePicker>> during 10000 millis.' action on view view.getRootView() to equal view
12-08 10:28:00.526 10617 10617 I ViewInteraction: Checking 'MatchesViewAssertion{viewMatcher=(view has effective visibility <VISIBLE> and view.getGlobalVisibleRect() to return non-empty rectangle)}' assertion on view is assignable from class <class android.widget.TimePicker>
12-08 10:28:00.530 10617 10617 I ViewInteraction: Performing 'wait for a specific view with <is assignable from class <class android.widget.TimePicker>> during 10000 millis.' action on view view.getRootView() to equal view
12-08 10:28:00.534 10617 10617 I ViewInteraction: Performing 'set time' action on view is assignable from class <class android.widget.TimePicker>
12-08 10:28:00.538 10617 10617 I ViewInteraction: Performing 'wait for a specific view with <view.getId() is <16908313/android:id/button1>> during 10000 millis.' action on view view.getRootView() to equal view
12-08 10:28:00.542 10617 10617 I ViewInteraction: Performing 'single click' action on view view.getId() is <16908313/android:id/button1>
12-08 10:28:00.599 10617 10708 D EGL_emulation: eglMakeCurrent: 0xdd81b560: ver 2 0 (tinfo 0xc32257b0)
12-08 10:28:00.619 10617 10708 D EGL_emulation: eglMakeCurrent: 0xdd81b560: ver 2 0 (tinfo 0xc32257b0)
12-08 10:28:00.638  2018  5644 E InputDispatcher: Window handle Window{bece4e u0 ru.iteco.fmhandroid/ru.iteco.fmhandroid.ui.AppActivity} has no registered input channel
12-08 10:28:00.642 10617 10708 D EGL_emulation: eglMakeCurrent: 0xdd81b560: ver 2 0 (tinfo 0xc32257b0)
12-08 10:28:00.927 10617 10617 I ViewInteraction: Performing 'wait for a specific view with <view.getId() is <2131231211/ru.iteco.fmhandroid:id/news_item_description_text_input_edit_text>> during 10000 millis.' action on view view.getRootView() to equal view
12-08 10:28:00.935 10617 10617 I ViewInteraction: Performing 'replace text(Описание 73b50bbd-7828-4b63-8433-28a06f7dc5e1)' action on view view.getId() is <2131231211/ru.iteco.fmhandroid:id/news_item_description_text_input_edit_text>
12-08 10:28:00.975 10617 10617 I ViewInteraction: Performing 'wait for a specific view with <view.getId() is <2131231291/ru.iteco.fmhandroid:id/save_button>> during 10000 millis.' action on view view.getRootView() to equal view
12-08 10:28:00.981 10617 10617 I ViewInteraction: Performing 'single click' action on view view.getId() is <2131231291/ru.iteco.fmhandroid:id/save_button>
12-08 10:28:01.080 10617 11010 I okhttp.OkHttpClient: --> POST http://www.981757-ca08998.tmweb.ru:8080/fmh/news
12-08 10:28:01.080 10617 11010 I okhttp.OkHttpClient: Content-Type: application/json; charset=UTF-8
12-08 10:28:01.081 10617 11010 I okhttp.OkHttpClient: Content-Length: 315
12-08 10:28:01.084 10617 11010 I okhttp.OkHttpClient: {"createDate":1670484481,"creatorId":2,"creatorName":"Иванов Данил Данилович","description":"Описание 73b50bbd-7828-4b63-8433-28a06f7dc5e1","isOpen":false,"newsCategoryId":1,"publishDate":1669631220,"publishEnabled":true,"title":"Заголовок 92528f7f-3c35-4260-8a34-513ef4834aaa"}
12-08 10:28:01.084 10617 11010 I okhttp.OkHttpClient: --> END POST (315-byte body)
12-08 10:28:01.254 10617 11010 I okhttp.OkHttpClient: <-- 200 http://www.981757-ca08998.tmweb.ru:8080/fmh/news (169ms)
12-08 10:28:01.255 10617 11010 I okhttp.OkHttpClient: Vary: Origin
12-08 10:28:01.255 10617 11010 I okhttp.OkHttpClient: Vary: Access-Control-Request-Method
12-08 10:28:01.255 10617 11010 I okhttp.OkHttpClient: Vary: Access-Control-Request-Headers
12-08 10:28:01.255 10617 11010 I okhttp.OkHttpClient: X-Content-Type-Options: nosniff
12-08 10:28:01.255 10617 11010 I okhttp.OkHttpClient: X-XSS-Protection: 1; mode=block
12-08 10:28:01.255 10617 11010 I okhttp.OkHttpClient: Cache-Control: no-cache, no-store, max-age=0, must-revalidate
12-08 10:28:01.255 10617 11010 I okhttp.OkHttpClient: Pragma: no-cache
12-08 10:28:01.255 10617 11010 I okhttp.OkHttpClient: Expires: 0
12-08 10:28:01.255 10617 11010 I okhttp.OkHttpClient: X-Frame-Options: DENY
12-08 10:28:01.256 10617 11010 I okhttp.OkHttpClient: Content-Type: application/json
12-08 10:28:01.258 10617 11010 I okhttp.OkHttpClient: Transfer-Encoding: chunked
12-08 10:28:01.259 10617 11010 I okhttp.OkHttpClient: Date: Thu, 08 Dec 2022 10:28:46 GMT
12-08 10:28:01.259 10617 11010 I okhttp.OkHttpClient: Keep-Alive: timeout=60
12-08 10:28:01.259 10617 11010 I okhttp.OkHttpClient: Connection: keep-alive
12-08 10:28:01.261 10617 11010 I okhttp.OkHttpClient: {"id":4563,"newsCategoryId":1,"title":"Заголовок 92528f7f-3c35-4260-8a34-513ef4834aaa","description":"Описание 73b50bbd-7828-4b63-8433-28a06f7dc5e1","creatorId":2,"createDate":1670484481,"publishDate":1669631220,"publishEnabled":true,"creatorName":"Иванов Данил Данилович"}
12-08 10:28:01.263 10617 11010 I okhttp.OkHttpClient: <-- END HTTP (310-byte body)
12-08 10:28:01.338  2018  2058 E memtrack: Couldn't load memtrack module
12-08 10:28:01.339  2018  2058 W android.os.Debug: failed to get memory consumption info: -1
12-08 10:28:01.542 10617 10617 I ViewInteraction: Performing 'wait for a specific view with <view.getId() is <2131230850/ru.iteco.fmhandroid:id/add_news_image_view>> during 10000 millis.' action on view view.getRootView() to equal view
12-08 10:28:01.547 10617 10617 I ViewInteraction: Performing 'single click' action on view view.getId() is <2131230850/ru.iteco.fmhandroid:id/add_news_image_view>
12-08 10:28:01.969 10617 10617 I ViewInteraction: Performing 'wait for a specific view with <view.getId() is <2131231204/ru.iteco.fmhandroid:id/news_item_category_text_auto_complete_text_view>> during 10000 millis.' action on view view.getRootView() to equal view
12-08 10:28:01.975 10617 10617 I ViewInteraction: Performing 'single click' action on view view.getId() is <2131231204/ru.iteco.fmhandroid:id/news_item_category_text_auto_complete_text_view>
12-08 10:28:02.127  1776  1825 D gralloc_ranchu: gralloc_alloc: Creating ashmem region of size 5308416
12-08 10:28:02.145  1776  1825 I chatty  : uid=1000(system) HwBinder:1776_1 identical 1 line
12-08 10:28:02.150  1776  1825 D gralloc_ranchu: gralloc_alloc: Creating ashmem region of size 5308416
12-08 10:28:02.171 10617 10708 D EGL_emulation: eglMakeCurrent: 0xdd81b560: ver 2 0 (tinfo 0xc32257b0)
12-08 10:28:02.208 10617 10617 I AssistStructure: Flattened final assist data: 7432 bytes, containing 2 windows, 55 views
12-08 10:28:02.230  2018  3051 D AutofillSession: Starting partition or augmented request for view id 1073741946@1832511588: STARTED_SESSION
12-08 10:28:02.233  2656  2656 W ktk     : Pending fill request while another request in the same session was triggered. [CONTEXT service_id=177 ]
12-08 10:28:02.240  2537  2537 W GInputConnectionWrapper: IPC IC_GET_TEXT_BEFORE_CURSOR_AND_FIX_SELECTION_INDICES took 169 ms
12-08 10:28:02.247  2018  2051 D AutofillUI: destroySaveUiUiThread(): already destroyed
12-08 10:28:02.270 10617 10708 D EGL_emulation: eglMakeCurrent: 0xdd81b560: ver 2 0 (tinfo 0xc32257b0)
12-08 10:28:02.282 10617 10617 I AssistStructure: Flattened final assist data: 7432 bytes, containing 2 windows, 55 views
12-08 10:28:02.301 10617 10708 D EGL_emulation: eglMakeCurrent: 0xdd81b560: ver 2 0 (tinfo 0xc32257b0)
12-08 10:28:02.305  2537  2537 I KeyboardViewUtil: systemKeyboardHeightRatio:1.000000; userKeyboardHeightRatio:1.000000.
12-08 10:28:02.305  2537  2537 I AndroidIME: LatinIme.onActivate() : EditorInfo = Package = ru.iteco.fmhandroid : Type = Text : Learning = Disable : Suggestion = Show : AutoCorrection = Disable : Microphone = Show : NoPersonalizedLearning = Disable
12-08 10:28:02.322  2537  2537 I Conv2QueryExtension: Current locale: en_US, config allows these locales: de,en,es,fr,it,ms,pt,ta
12-08 10:28:02.322  2537  2537 I Conv2QueryExtension: Conv2Query not enabled due to current app [ru.iteco.fmhandroid] not in whitelist
12-08 10:28:02.323  2537  2537 I Conv2QueryExtension: onActivate() : Disabled by unsupported host app
12-08 10:28:02.333  2170  2566 D EGL_emulation: eglMakeCurrent: 0xe594e040: ver 2 0 (tinfo 0xc52450c0)
12-08 10:28:02.349  1776  1825 D gralloc_ranchu: gralloc_alloc: Creating ashmem region of size 9826304
12-08 10:28:02.359  1776  1825 D gralloc_ranchu: gralloc_alloc: Creating ashmem region of size 9826304
12-08 10:28:02.365  2537  8546 D EGL_emulation: eglMakeCurrent: 0xc286ce00: ver 2 0 (tinfo 0xc335ede0)
12-08 10:28:02.397  1776  1825 D gralloc_ranchu: gralloc_alloc: Creating ashmem region of size 9826304
12-08 10:28:02.458 10617 10708 D EGL_emulation: eglMakeCurrent: 0xdd81b560: ver 2 0 (tinfo 0xc32257b0)
12-08 10:28:02.498  1776  1825 D gralloc_ranchu: gralloc_alloc: Creating ashmem region of size 4198400
12-08 10:28:02.509 10617 10708 D EGL_emulation: eglMakeCurrent: 0xdd81b560: ver 2 0 (tinfo 0xc32257b0)
12-08 10:28:02.535  1776  1825 D gralloc_ranchu: gralloc_alloc: Creating ashmem region of size 4198400
12-08 10:28:02.539 10617 10708 D EGL_emulation: eglMakeCurrent: 0xdd81b560: ver 2 0 (tinfo 0xc32257b0)
12-08 10:28:02.554 10617 10708 D EGL_emulation: eglMakeCurrent: 0xdd81b560: ver 2 0 (tinfo 0xc32257b0)
12-08 10:28:02.565  1776  1825 D gralloc_ranchu: gralloc_alloc: Creating ashmem region of size 4198400
12-08 10:28:02.573 10617 10708 D EGL_emulation: eglMakeCurrent: 0xdd81b560: ver 2 0 (tinfo 0xc32257b0)
12-08 10:28:02.643 10617 10617 I ViewInteraction: Performing 'close keyboard' action on view view.getRootView() to equal view
12-08 10:28:02.650  2537  2537 I PhenotypeExpConfig: refreshConfiguration() : Force = false : UpdateAvailable = false : Age = 75 minutes : MaxAge = 720 minutes
12-08 10:28:02.652  2537  2537 I AndroidIME: LatinIme.onDeactivate()
12-08 10:28:02.667  2537  8546 D EGL_emulation: eglMakeCurrent: 0xc286ce00: ver 2 0 (tinfo 0xc335ede0)
12-08 10:28:02.735  1776  1825 D gralloc_ranchu: gralloc_alloc: Creating ashmem region of size 5308416
12-08 10:28:02.747 10617 10708 D EGL_emulation: eglMakeCurrent: 0xdd81b560: ver 2 0 (tinfo 0xc32257b0)
12-08 10:28:02.768  1776  1825 D gralloc_ranchu: gralloc_alloc: Creating ashmem region of size 5308416
12-08 10:28:02.773 10617 10708 D EGL_emulation: eglMakeCurrent: 0xdd81b560: ver 2 0 (tinfo 0xc32257b0)
12-08 10:28:02.790 10617 10708 D EGL_emulation: eglMakeCurrent: 0xdd81b560: ver 2 0 (tinfo 0xc32257b0)
12-08 10:28:02.808 10617 11008 I okhttp.OkHttpClient: [{"id":4280,"newsCategoryId":4,"title":"Профсоюз 82c06284-1a3a-452e-9fa8-fdbb272e90e6","description":"Откорректированный текст","creatorId":2,"createDate":1670010249,"publishDate":1703792460,"publishEnabled":true,"creatorName":"Иванов Данил Данилович"},{"id":4071,"newsCategoryId":6,"title":"Массаж b52f9d57-e7d2-49e2-a3f2-a7d93cd723fe","description":"Массаж b52f9d57-e7d2-49e2-a3f2-a7d93cd723fe","creatorId":2,"createDate":1669822978,"publishDate":1703777340,"publishEnabled":true,"creatorName":"Иванов Данил Данилович"},{"id":4231,"newsCategoryId":1,"title":"Объявление 6047d51d-2aac-4abd-9b3c-a605338d16a5","description":"Объявление 6047d51d-2aac-4abd-9b3c-a605338d16a5","creatorId":2,"createDate":1669991094,"publishDate":1703772360,"publishEnabled":true,"creatorName":"Иванов Данил Данилович"},{"id":3965,"newsCategoryId":1,"title":"Объявление dc2c8e9b-64ed-450c-81de-3736be6cb69a","description":"Объявление dc2c8e9b-64ed-450c-81de-3736be6cb69a","creatorId":2,"createDate":1669708693,"publishDate":1703749740,"publishEnabled":true,"creatorName":"Иванов Данил Данилович"},{"id":3968,"newsCategoryId":2,"title":"День рождения 359143d5-f418-440f-abbe-85c91b4a9c15","description":"День рождения 359143d5-f418-440f-abbe-85c91b4a9c15","creatorId":2,"createDate":1669708726,"publishDate":1703663340,"publishEnabled":true,"creatorName":"Иванов Данил Данилович"},{"id":4048,"newsCategoryId":4,"title":"Профсоюз a19d6f5c-c559-40bc-9c18-9ea06157e175","description":"Профсоюз a19d6f5c-c559-40bc-9c18-9ea06157e175","creatorId":2,"createDate":1669822322,"publishDate":1703604540,"publishEnabled":true,"creatorName":"Иванов Данил Данилович"},{"id":3977,"newsCategoryId":6,"title":"Массаж bf93b623-1a0f-4aef-8c3d-99b05857b6f5","description":"Массаж bf93b623-1a0f-4aef-8c3d-99b05857b6f5","creatorId":2,"createDate":1669709114,"publishDate":1703576940,"publishEnabled":true,"creatorName":"Иванов Данил Данилович"},{"id":3948,"newsCategoryId":4,"title":"Профсоюз f7f9c9ad-607f-48bd-bdfb-4dd36c903d95","description":"Профсою�� f7f9c9ad-607f-48bd-bdfb-4dd36c903d95","creatorId":2,"createDate":1669708357,"publishDate":1703490540,"publishEnabled":true,"creatorName":"Иванов Данил Данилович"},{"id":4294,"newsCategoryId":8,"title":"Нужна помощь fba7b296-e5a5-4be1-8d3f-844b17be3e69","description":"Нужна помощь fba7b296-e5a5-4be1-8d3f-844b17be3e69","creatorId":2,"createDate":1670010439,"publishDate":1703187660,"publishEnabled":true,"creatorName":"Иванов Данил Данилович"},{"id":4230,"newsCategoryId":1,"title":"Объявление daa55c0d-f33b-418e-bdae-7b5607fcd543","description":"Объявление daa55c0d-f33b-418e-bdae-7b5607fcd543","creatorId":2,"createDate":1669991083,"publishDate":1703167560,"publishEnabled":true,"creatorName":"Иванов Данил Данилович"},{"id":4062,"newsCategoryId":8,"title":"Нужна помощь f748feae-e295-47ba-9f00-d675a27e02d2","description":"Нужна помощь f748feae-e295-47ba-9f00-d675a27e02d2","creatorId":2,"createDate":1669822554,"publishDate":1702999740,"publishEnabled":true,"creatorName":"Иванов Данил Данилович"},{"id":3962,"newsCategoryId":8,"title":"Нужна помощь 3d6181e9-2a86-410c-857f-4129c6bf8907","description":"Нужна помощь 3d6181e9-2a86-410c-857f-4129c6bf8907","creatorId":2,"createDate":1669708610,"publishDate":1702885740,"publishEnabled":true,"creatorName":"Иванов Данил Данилович"},{"id":4239,"newsCategoryId":7,"title":"Благодарность ebc62db8-2df1-441a-9c01-0365a6098f45","description":"Благодарность ebc62db8-2df1-441a-9c01-0365a6098f45","creatorId":2,"createDate":1669991223,"publishDate":1702735560,"publishEnabled":true,"creat
12-08 10:28:02.808 10617 11008 I okhttp.OkHttpClient: ","creatorId":2,"createDate":1669991073,"publishDate":1702303560,"publishEnabled":true,"creatorName":"Иванов Данил Данилович"},{"id":4232,"newsCategoryId":2,"title":"День рождения 434e2f37-df12-4ed7-a9db-583c22d5e45c","description":"День рождения 434e2f37-df12-4ed7-a9db-583c22d5e45c","creatorId":2,"createDate":1669991104,"publishDate":1701785160,"publishEnabled":true,"creatorName":"Иванов Данил Данилович"},{"id":4328,"newsCategoryId":4,"title":"Профсоюз c8e2e09e-f46f-41ea-9fa1-f3006c33ea4d","description":"Профсоюз c8e2e09e-f46f-41ea-9fa1-f3006c33ea4d","creatorId":2,"createDate":1670011076,"publishDate":1701027660,"publishEnabled":true,"creatorName":"Иванов Данил Данилович"},{"id":4274,"newsCategoryId":4,"title":"Профсоюз 7bd25746-3f9c-4b2e-b017-3552ad84ce68","description":"Профсоюз 7bd25746-3f9c-4b2e-b017-3552ad84ce68","creatorId":2,"createDate":1670010161,"publishDate":1700509260,"publishEnabled":true,"creatorName":"Иванов Данил Данилович"},{"id":4209,"newsCategoryId":7,"title":"Благодарность 0e3bd974-7785-47aa-9611-4c27f3e5f9cb","description":"Благодарность 0e3bd974-7785-47aa-9611-4c27f3e5f9cb","creatorId":2,"createDate":1669990376,"publishDate":1700229960,"publishEnabled":true,"creatorName":"Иванов Данил Данилович"},{"id":4195,"newsCategoryId":3,"title":"Зарплата 5b13530e-4252-406f-bc21-43d09c73b33b","description":"Зарплата 5b13530e-4252-406f-bc21-43d09c73b33b","creatorId":2,"createDate":1669990134,"publishDate":1700057160,"publishEnabled":true,"creatorName":"Иванов Данил Данилович"},{"id":4211,"newsCategoryId":8,"title":"Нужна п��мощь 0de8d67a-96ad-49d6-aec4-a33f98824688","description":"Нужна помощь 0de8d67a-96ad-49d6-aec4-a33f98824688","creatorId":2,"createDate":1669990396,"publishDate":1698156360,"publishEnabled":true,"creatorName":"Иванов Данил Данилович"},{"id":4273,"newsCategoryId":3,"title":"Зарплата 58714c5e-a4df-47eb-9e6e-5dffe6ca1410","description":"Зарплата 58714c5e-a4df-47eb-9e6e-5dffe6ca1410","creatorId":2,"createDate":1670010152,"publishDate":1697917260,"publishEnabled":true,"creatorName":"Иванов Данил Данилович"},{"id":4194,"newsCategoryId":4,"title":"Профсоюз 5391da6a-a85e-4b67-9d8d-5f458b9b1ac9","description":"Профсоюз 5391da6a-a85e-4b67-9d8d-5f458b9b1ac9","creatorId":2,"createDate":1669990076,"publishDate":1697897160,"publishEnabled":true,"creatorName":"Иванов Данил Данилович"},{"id":4101,"newsCategoryId":5,"title":"Праздник 1752a0b8-9515-4855-a199-eef5971efbde","description":"Праздник 1752a0b8-9515-4855-a199-eef5971efbde","creatorId":2,"createDate":1669838717,"publishDate":1697745840,"publishEnabled":true,"creatorName":"Иванов Данил Данилович"},{"id":4094,"newsCategoryId":1,"title":"Объявление a069dc15-57c9-4b13-ad4c-ce0ebc86a3a2","description":"Объявление a069dc15-57c9-4b13-ad4c-ce0ebc86a3a2","creatorId":2,"createDate":1669838525,"publishDate":1697745600,"publishEnabled":true,"creatorName":"Иванов Данил Данилович"},{"id":4041,"newsCategoryId":3,"title":"Зарплата 52ef2d66-2f1f-491e-8a46-4c713ae70ef2","description":"Зарплата 52ef2d66-2f1f-491e-8a46-4c713ae70ef2","creatorId":2,"createDate":1669822207,"publishDate":1697729340,"publishEnabled":true,"creatorName":"Иванов Данил Данилович"},{"id":3993,"newsCategoryId":1,"title":"Объявление 6fba33bb-cfa8-419f-a6b2-cf0bda243bf4","description":"понедельник начинается в субботу","creatorId":2,"createDate":1669721318,"publishDate":1697661480,"publishEnabled":true,"creatorName":"Иванов Данил Данилович"},{"id":4102,"newsCategoryId":6,"title":"Массаж 7cfbc380-1e13-46bd-b822-489527f9fd56","description":"Массаж 7
