12-08 10:27:36.118  1776  1927 D gralloc_ranchu: gralloc_alloc: Creating ashmem region of size 9256960
12-08 10:27:36.120  2018  2139 D ConnectivityService: releasing NetworkRequest [ TRACK_DEFAULT id=108, [ Capabilities: INTERNET&NOT_RESTRICTED&TRUSTED Uid: 10129] ] (release request)
12-08 10:27:36.125  2018  5994 W InputReader: Device has associated, but no associated display id.
12-08 10:27:36.135  2018  5994 I chatty  : uid=1000(system) Binder:2018_18 identical 48 lines
12-08 10:27:36.135  2018  5994 W InputReader: Device has associated, but no associated display id.
12-08 10:27:36.137 10674 10674 W ActivityThread: handleWindowVisibility: no activity for token android.os.BinderProxy@311bb47
12-08 10:27:36.155  8437  8470 D EGL_emulation: eglMakeCurrent: 0xe59eb0c0: ver 2 0 (tinfo 0xf0cc0670)
12-08 10:27:36.160  8437  8470 D EGL_emulation: eglMakeCurrent: 0xf0c7fdc0: ver 2 0 (tinfo 0xf0cc0670)
12-08 10:27:36.186  2018  2054 W InputReader: Device has associated, but no associated display id.
12-08 10:27:36.194  2018  2054 I chatty  : uid=1000(system) android.anim identical 28 lines
12-08 10:27:36.194  2018  2054 W InputReader: Device has associated, but no associated display id.
12-08 10:27:36.199  8437  8470 D EGL_emulation: eglMakeCurrent: 0xe59eb0c0: ver 2 0 (tinfo 0xf0cc0670)
12-08 10:27:36.200  1776  1825 D gralloc_ranchu: gralloc_alloc: Creating ashmem region of size 6471680
12-08 10:27:36.212  8437  8470 D EGL_emulation: eglMakeCurrent: 0xf0c7fdc0: ver 2 0 (tinfo 0xf0cc0670)
12-08 10:27:36.225  2018  2037 I ActivityTaskManager: START u0 {act=android.intent.action.MAIN cat=[android.intent.category.LAUNCHER] cmp=ru.iteco.fmhandroid/.ui.AppActivity} from uid 10146
12-08 10:27:36.227  1776  1825 D gralloc_ranchu: gralloc_alloc: Creating ashmem region of size 10108928
12-08 10:27:36.245  2018  5644 W InputReader: Device has associated, but no associated display id.
12-08 10:27:36.249  2018  5644 I chatty  : uid=1000(system) Binder:2018_14 identical 38 lines
12-08 10:27:36.249  2018  5644 W InputReader: Device has associated, but no associated display id.
12-08 10:27:36.252  8437  8470 D EGL_emulation: eglMakeCurrent: 0xe59eb0c0: ver 2 0 (tinfo 0xf0cc0670)
12-08 10:27:36.253 10617 10617 W ActivityThread: handleWindowVisibility: no activity for token android.os.BinderProxy@30733ff
12-08 10:27:36.254  2018  5644 W InputReader: Device has associated, but no associated display id.
12-08 10:27:36.255  2018  5644 I chatty  : uid=1000(system) Binder:2018_14 identical 8 lines
12-08 10:27:36.255  2018  5644 W InputReader: Device has associated, but no associated display id.
12-08 10:27:36.255  8437  8470 D EGL_emulation: eglMakeCurrent: 0xf0c7fdc0: ver 2 0 (tinfo 0xf0cc0670)
12-08 10:27:36.258  2018  5644 W InputReader: Device has associated, but no associated display id.
12-08 10:27:36.258  2018  5644 I chatty  : uid=1000(system) Binder:2018_14 identical 8 lines
12-08 10:27:36.258  2018  5644 W InputReader: Device has associated, but no associated display id.
12-08 10:27:36.277 10674 10705 D EGL_emulation: eglMakeCurrent: 0xe59ed220: ver 2 0 (tinfo 0xf0c89520)
12-08 10:27:36.278  8437  8470 D EGL_emulation: eglMakeCurrent: 0xe59eb0c0: ver 2 0 (tinfo 0xf0cc0670)
12-08 10:27:36.281  8437  8470 D EGL_emulation: eglMakeCurrent: 0xf0c7fdc0: ver 2 0 (tinfo 0xf0cc0670)
12-08 10:27:36.297  8437  8470 D EGL_emulation: eglMakeCurrent: 0xe59eb0c0: ver 2 0 (tinfo 0xf0cc0670)
12-08 10:27:36.299 10617 10617 D LifecycleMonitor: Lifecycle status change: ru.iteco.fmhandroid.ui.AppActivity@6a5111b in: PRE_ON_CREATE
12-08 10:27:36.301 10617 10617 V ActivityScenario: Activity lifecycle changed event received but ignored because the reported transition was not ON_CREATE while the last known transition was PRE_ON_CREATE
12-08 10:27:36.303  8437  8470 D EGL_emulation: eglMakeCurrent: 0xf0c7f9a0: ver 2 0 (tinfo 0xf0cc0670)
12-08 10:27:36.307  8437  8470 D EGL_emulation: eglMakeCurrent: 0xe59eb0c0: ver 2 0 (tinfo 0xf0cc0670)
12-08 10:27:36.310 10617 10947 V FA      : onActivityCreated
12-08 10:27:36.311  8437  8470 D EGL_emulation: eglMakeCurrent: 0xf0c7f9a0: ver 2 0 (tinfo 0xf0cc0670)
12-08 10:27:36.318  8437  8470 D EGL_emulation: eglMakeCurrent: 0xe59eb0c0: ver 2 0 (tinfo 0xf0cc0670)
12-08 10:27:36.336  8437  8470 D EGL_emulation: eglMakeCurrent: 0xf0c7f9a0: ver 2 0 (tinfo 0xf0cc0670)
12-08 10:27:36.371  8344  8376 D EGL_emulation: eglMakeCurrent: 0xe59ed1c0: ver 2 0 (tinfo 0xe59d9f10)
12-08 10:27:36.371  8437  8470 D EGL_emulation: eglMakeCurrent: 0xe59eb0c0: ver 2 0 (tinfo 0xf0cc0670)
12-08 10:27:36.390  8344  8393 I cr_BindingManager: onTrimMemory: level=20, size=0
12-08 10:27:36.390 10617 10617 D LifecycleMonitor: Lifecycle status change: ru.iteco.fmhandroid.ui.AppActivity@6a5111b in: CREATED
12-08 10:27:36.391 10617 10617 V ActivityScenario: Update currentActivityStage to CREATED, currentActivity=ru.iteco.fmhandroid.ui.AppActivity@6a5111b
12-08 10:27:36.408  8437  8470 D EGL_emulation: eglMakeCurrent: 0xf0c7fdc0: ver 2 0 (tinfo 0xf0cc0670)
12-08 10:27:36.411  8437  8470 D EGL_emulation: eglMakeCurrent: 0xe59eb0c0: ver 2 0 (tinfo 0xf0cc0670)
12-08 10:27:36.415  8437  8470 D EGL_emulation: eglMakeCurrent: 0xf0c7fdc0: ver 2 0 (tinfo 0xf0cc0670)
12-08 10:27:36.431  2170  2186 I ndroid.systemu: NativeAlloc concurrent copying GC freed 3946(293KB) AllocSpace objects, 0(0B) LOS objects, 49% free, 5531KB/10MB, paused 889us total 210.251ms
12-08 10:27:36.448  8437  8470 D EGL_emulation: eglMakeCurrent: 0xe59eb0c0: ver 2 0 (tinfo 0xf0cc0670)
12-08 10:27:36.459 10617 10617 D LifecycleMonitor: Lifecycle status change: ru.iteco.fmhandroid.ui.AppActivity@6a5111b in: STARTED
12-08 10:27:36.459 10617 10617 V ActivityScenario: Update currentActivityStage to STARTED, currentActivity=ru.iteco.fmhandroid.ui.AppActivity@6a5111b
12-08 10:27:36.463 10617 10617 D LifecycleMonitor: Lifecycle status change: ru.iteco.fmhandroid.ui.AppActivity@6a5111b in: RESUMED
12-08 10:27:36.464 10617 10617 V ActivityScenario: Update currentActivityStage to RESUMED, currentActivity=ru.iteco.fmhandroid.ui.AppActivity@6a5111b
12-08 10:27:36.466 10617 10950 V FA      : Activity resumed, time: 58203503
12-08 10:27:36.479  2018  7392 D HostConnection: HostConnection::get() New Host Connection established 0xb22b1870, tid 7392
12-08 10:27:36.486  2018  7392 D HostConnection: HostComposition ext ANDROID_EMU_CHECKSUM_HELPER_v1 ANDROID_EMU_dma_v1 ANDROID_EMU_direct_mem ANDROID_EMU_host_composition_v1 ANDROID_EMU_host_composition_v2 ANDROID_EMU_vulkan ANDROID_EMU_deferred_vulkan_commands ANDROID_EMU_vulkan_null_optional_strings ANDROID_EMU_vulkan_create_resources_with_requirements ANDROID_EMU_YUV_Cache ANDROID_EMU_vulkan_ignored_handles ANDROID_EMU_vulkan_free_memory_sync ANDROID_EMU_vulkan_shader_float16_int8 ANDROID_EMU_vulkan_async_queue_submit ANDROID_EMU_sync_buffer_data GL_OES_vertex_array_object GL_KHR_texture_compression_astc_ldr ANDROID_EMU_host_side_tracing ANDROID_EMU_gles_max_version_2 
12-08 10:27:36.489  2018  7392 W OpenGLRenderer: Failed to choose config with EGL_SWAP_BEHAVIOR_PRESERVED, retrying without...
12-08 10:27:36.532  1776  1825 D gralloc_ranchu: gralloc_alloc: Creating ashmem region of size 10108928
12-08 10:27:36.540  2018  7392 D EGL_emulation: eglCreateContext: 0xb2357760: maj 2 min 0 rcv 2
12-08 10:27:36.545  1776  1825 D gralloc_ranchu: gralloc_alloc: Creating ashmem region of size 10108928
12-08 10:27:36.551 10617 10708 D EGL_emulation: eglMakeCurrent: 0xdd81b560: ver 2 0 (tinfo 0xc32257b0)
12-08 10:27:36.558  2018  7392 D EGL_emulation: eglMakeCurrent: 0xb2357760: ver 2 0 (tinfo 0xc0d1c860)
12-08 10:27:36.580  1776  1825 D gralloc_ranchu: gralloc_alloc: Creating ashmem region of size 10108928
12-08 10:27:36.611 10617 10630 I teco.fmhandroi: NativeAlloc concurrent copying GC freed 128232(6386KB) AllocSpace objects, 4(144KB) LOS objects, 38% free, 10011KB/15MB, paused 2.794ms total 155.450ms
12-08 10:27:36.644  2170  2566 D EGL_emulation: eglMakeCurrent: 0xe594e040: ver 2 0 (tinfo 0xc52450c0)
12-08 10:27:36.721  2018  2058 I ActivityTaskManager: Displayed ru.iteco.fmhandroid/.ui.AppActivity: +399ms
12-08 10:27:36.764  2873 10953 V FA-SVC  : Logging event: origin=auto,name=screen_view(_vs),params=Bundle[{ga_event_origin(_o)=auto, ga_previous_class(_pc)=AppActivity, ga_previous_id(_pi)=-647014990109867670, ga_screen_class(_sc)=AppActivity, ga_screen_id(_si)=-647014990109867669}]
12-08 10:27:36.780  2873 10953 V FA-SVC  : Upload scheduled in approximately ms: 2527735
12-08 10:27:36.780  2873 10953 V FA-SVC  : Unscheduling upload
12-08 10:27:36.791  2873 10953 V FA-SVC  : Scheduling upload, millis: 2527735
12-08 10:27:36.802  2873 10953 V FA-SVC  : Background event processing time, ms: 38
12-08 10:27:36.851  2656 10928 E SQLiteDatabase: Error inserting flex_time=2527000 job_id=-1 period=5056000 source=16 requires_charging=0 preferred_network_type=1 target_class=com.google.android.gms.measurement.PackageMeasurementTaskService user_id=0 target_package=com.google.android.gms tag=Measurement.PackageMeasurementTaskService.UPLOAD_TASK_TAG task_type=0 required_idleness_state=0 service_kind=0 source_version=202414000 persistence_level=1 preferred_charging_state=1 required_network_type=0 runtime=1670495256808 retry_strategy={"maximum_backoff_seconds":{"3600":0},"initial_backoff_seconds":{"30":0},"retry_policy":{"0":0}} last_runtime=0
12-08 10:27:36.851  2656 10928 E SQLiteDatabase: android.database.sqlite.SQLiteConstraintException: UNIQUE constraint failed: pending_ops.tag, pending_ops.target_class, pending_ops.target_package, pending_ops.user_id (code 2067 SQLITE_CONSTRAINT_UNIQUE)
12-08 10:27:36.851  2656 10928 E SQLiteDatabase: 	at android.database.sqlite.SQLiteConnection.nativeExecuteForLastInsertedRowId(Native Method)
12-08 10:27:36.851  2656 10928 E SQLiteDatabase: 	at android.database.sqlite.SQLiteConnection.executeForLastInsertedRowId(SQLiteConnection.java:879)
12-08 10:27:36.851  2656 10928 E SQLiteDatabase: 	at android.database.sqlite.SQLiteSession.executeForLastInsertedRowId(SQLiteSession.java:790)
12-08 10:27:36.851  2656 10928 E SQLiteDatabase: 	at android.database.sqlite.SQLiteStatement.executeInsert(SQLiteStatement.java:88)
12-08 10:27:36.851  2656 10928 E SQLiteDatabase: 	at android.database.sqlite.SQLiteDatabase.insertWithOnConflict(SQLiteDatabase.java:1599)
12-08 10:27:36.851  2656 10928 E SQLiteDatabase: 	at android.database.sqlite.SQLiteDatabase.insert(SQLiteDatabase.java:1468)
12-08 10:27:36.851  2656 10928 E SQLiteDatabase: 	at aqui.a(:com.google.android.gms@202414022@20.24.14 (040700-319035315):175)
12-08 10:27:36.851  2656 10928 E SQLiteDatabase: 	at aqtk.a(:com.google.android.gms@202414022@20.24.14 (040700-319035315):182)
12-08 10:27:36.851  2656 10928 E SQLiteDatabase: 	at aqtk.a(:com.google.android.gms@202414022@20.24.14 (040700-319035315):23)
12-08 10:27:36.851  2656 10928 E SQLiteDatabase: 	at aqtk.a(:com.google.android.gms@202414022@20.24.14 (040700-319035315):177)
12-08 10:27:36.851  2656 10928 E SQLiteDatabase: 	at aqpu.run(:com.google.android.gms@202414022@20.24.14 (040700-319035315):9)
12-08 10:27:36.851  2656 10928 E SQLiteDatabase: 	at soy.b(:com.google.android.gms@202414022@20.24.14 (040700-319035315):12)
12-08 10:27:36.851  2656 10928 E SQLiteDatabase: 	at soy.run(:com.google.android.gms@202414022@20.24.14 (040700-319035315):7)
12-08 10:27:36.851  2656 10928 E SQLiteDatabase: 	at java.util.concurrent.ThreadPoolExecutor.runWorker(ThreadPoolExecutor.java:1167)
12-08 10:27:36.851  2656 10928 E SQLiteDatabase: 	at java.util.concurrent.ThreadPoolExecutor$Worker.run(ThreadPoolExecutor.java:641)
12-08 10:27:36.851  2656 10928 E SQLiteDatabase: 	at sux.run(:com.google.android.gms@202414022@20.24.14 (040700-319035315):0)
12-08 10:27:36.851  2656 10928 E SQLiteDatabase: 	at java.lang.Thread.run(Thread.java:919)
12-08 10:27:36.900  2018  2031 I system_server: NativeAlloc concurrent copying GC freed 36778(1747KB) AllocSpace objects, 7(268KB) LOS objects, 26% free, 16MB/22MB, paused 749us total 141.341ms
12-08 10:27:37.316 10617 10617 I ViewInteraction: Performing 'wait for a specific view with <(an instance of android.widget.TextView and view.getText() with or without transformation to match: is "Authorization" and view.getParent() view.getParent() view.getId() is <2131231186>)> during 10000 millis.' action on view view.getRootView() to equal view
12-08 10:27:37.916  1764  1764 W audio_hw_generic: Not supplying enough data to HAL, expected position 159204152 , only wrote 158897129
12-08 10:27:39.465 10617 10975 I okhttp.OkHttpClient: --> GET http://www.981757-ca08998.tmweb.ru:8080/fmh/authentication/userInfo
12-08 10:27:39.465 10617 10975 I okhttp.OkHttpClient: --> END GET
12-08 10:27:39.660 10617 10975 I okhttp.OkHttpClient: <-- 200 http://www.981757-ca08998.tmweb.ru:8080/fmh/authentication/userInfo (194ms)
12-08 10:27:39.661 10617 10975 I okhttp.OkHttpClient: Vary: Origin
12-08 10:27:39.661 10617 10975 I okhttp.OkHttpClient: Vary: Access-Control-Request-Method
12-08 10:27:39.661 10617 10975 I okhttp.OkHttpClient: Vary: Access-Control-Request-Headers
12-08 10:27:39.661 10617 10975 I okhttp.OkHttpClient: X-Content-Type-Options: nosniff
12-08 10:27:39.661 10617 10975 I okhttp.OkHttpClient: X-XSS-Protection: 1; mode=block
12-08 10:27:39.661 10617 10975 I okhttp.OkHttpClient: Cache-Control: no-cache, no-store, max-age=0, must-revalidate
12-08 10:27:39.661 10617 10975 I okhttp.OkHttpClient: Pragma: no-cache
12-08 10:27:39.662 10617 10975 I okhttp.OkHttpClient: Expires: 0
12-08 10:27:39.662 10617 10975 I okhttp.OkHttpClient: X-Frame-Options: DENY
12-08 10:27:39.662 10617 10975 I okhttp.OkHttpClient: Content-Type: application/json
12-08 10:27:39.662 10617 10975 I okhttp.OkHttpClient: Transfer-Encoding: chunked
12-08 10:27:39.662 10617 10975 I okhttp.OkHttpClient: Date: Thu, 08 Dec 2022 10:28:24 GMT
12-08 10:27:39.662 10617 10975 I okhttp.OkHttpClient: Keep-Alive: timeout=60
12-08 10:27:39.663 10617 10975 I okhttp.OkHttpClient: Connection: keep-alive
12-08 10:27:39.663 10617 10975 I okhttp.OkHttpClient: {"id":2,"firstName":"Данил","lastName":"Иванов","middleName":"Данилович","admin":true}
12-08 10:27:39.664 10617 10975 I okhttp.OkHttpClient: <-- END HTTP (106-byte body)
12-08 10:27:39.674 10617 10739 I okhttp.OkHttpClient: --> GET http://www.981757-ca08998.tmweb.ru:8080/fmh/claims
12-08 10:27:39.674 10617 10739 I okhttp.OkHttpClient: --> END GET
12-08 10:27:39.689  1744 10998 E ResolverController: No valid NAT64 prefix (106, <unspecified>/0)
12-08 10:27:41.760 10617 10950 V FA      : Inactivity, disconnecting from the service
12-08 10:27:42.321 10617 10739 I okhttp.OkHttpClient: <-- 200 http://www.981757-ca08998.tmweb.ru:8080/fmh/claims (2646ms)
12-08 10:27:42.322 10617 10739 I okhttp.OkHttpClient: Vary: Origin
12-08 10:27:42.322 10617 10739 I okhttp.OkHttpClient: Vary: Access-Control-Request-Method
12-08 10:27:42.322 10617 10739 I okhttp.OkHttpClient: Vary: Access-Control-Request-Headers
12-08 10:27:42.322 10617 10739 I okhttp.OkHttpClient: X-Content-Type-Options: nosniff
12-08 10:27:42.322 10617 10739 I okhttp.OkHttpClient: X-XSS-Protection: 1; mode=block
12-08 10:27:42.322 10617 10739 I okhttp.OkHttpClient: Cache-Control: no-cache, no-store, max-age=0, must-revalidate
12-08 10:27:42.322 10617 10739 I okhttp.OkHttpClient: Pragma: no-cache
12-08 10:27:42.322 10617 10739 I okhttp.OkHttpClient: Expires: 0
12-08 10:27:42.323 10617 10739 I okhttp.OkHttpClient: X-Frame-Options: DENY
12-08 10:27:42.323 10617 10739 I okhttp.OkHttpClient: Content-Type: application/json
12-08 10:27:42.323 10617 10739 I okhttp.OkHttpClient: Transfer-Encoding: chunked
12-08 10:27:42.323 10617 10739 I okhttp.OkHttpClient: Date: Thu, 08 Dec 2022 10:28:27 GMT
12-08 10:27:42.323 10617 10739 I okhttp.OkHttpClient: Keep-Alive: timeout=60
12-08 10:27:42.323 10617 10739 I okhttp.OkHttpClient: Connection: keep-alive
12-08 10:27:43.935  1893  1893 E netmgr  : Failed to open QEMU pipe 'qemud:network': Invalid argument
12-08 10:27:47.354 10617 10617 D takeScreenshot: Found 1 global views to redraw
12-08 10:27:47.405  1776  1825 D gralloc_ranchu: gralloc_alloc: Creating ashmem region of size 10108928
12-08 10:27:47.459 10617 10661 W DefaultFailureHandler: Failed to take screenshot
12-08 10:27:47.459 10617 10661 W DefaultFailureHandler: java.io.FileNotFoundException: view-op-error-12.png: open failed: EROFS (Read-only file system)
12-08 10:27:47.459 10617 10661 W DefaultFailureHandler: 	at libcore.io.IoBridge.open(IoBridge.java:496)
12-08 10:27:47.459 10617 10661 W DefaultFailureHandler: 	at java.io.FileOutputStream.<init>(FileOutputStream.java:235)
12-08 10:27:47.459 10617 10661 W DefaultFailureHandler: 	at java.io.FileOutputStream.<init>(FileOutputStream.java:125)
12-08 10:27:47.459 10617 10661 W DefaultFailureHandler: 	at androidx.test.platform.io.FileTestStorage.openOutputFile(FileTestStorage.java:60)
12-08 10:27:47.459 10617 10661 W DefaultFailureHandler: 	at androidx.test.core.graphics.BitmapStorage.writeToTestStorage(BitmapStorageExt.kt:49)
12-08 10:27:47.459 10617 10661 W DefaultFailureHandler: 	at androidx.test.espresso.base.DefaultFailureHandler.takeScreenshot(DefaultFailureHandler.java:4)
12-08 10:27:47.459 10617 10661 W DefaultFailureHandler: 	at androidx.test.espresso.base.DefaultFailureHandler.handle(DefaultFailureHandler.java:3)
12-08 10:27:47.459 10617 10661 W DefaultFailureHandler: 	at androidx.test.espresso.ViewInteraction.waitForAndHandleInteractionResults(ViewInteraction.java:8)
12-08 10:27:47.459 10617 10661 W DefaultFailureHandler: 	at androidx.test.espresso.ViewInteraction.desugaredPerform(ViewInteraction.java:11)
12-08 10:27:47.459 10617 10661 W DefaultFailureHandler: 	at androidx.test.espresso.ViewInteraction.perform(ViewInteraction.java:8)
12-08 10:27:47.459 10617 10661 W DefaultFailureHandler: 	at ru.iteco.fmhandroid.ui.data.TestUtils.waitView(TestUtils.java:61)
12-08 10:27:47.459 10617 10661 W DefaultFailureHandler: 	at ru.iteco.fmhandroid.ui.steps.AuthSteps.isAuthScreen(AuthSteps.java:56)
12-08 10:27:47.459 10617 10661 W DefaultFailureHandler: 	at ru.iteco.fmhandroid.ui.FilterNewsPageTest.logoutCheck(FilterNewsPageTest.java:53)
12-08 10:27:47.459 10617 10661 W DefaultFailureHandler: 	at java.lang.reflect.Method.invoke(Native Method)
12-08 10:27:47.459 10617 10661 W DefaultFailureHandler: 	at org.junit.runners.model.FrameworkMethod$1.runReflectiveCall(FrameworkMethod.java:59)
12-08 10:27:47.459 10617 10661 W DefaultFailureHandler: 	at org.junit.internal.runners.model.ReflectiveCallable.run(ReflectiveCallable.java:12)
12-08 10:27:47.459 10617 10661 W DefaultFailureHandler: 	at org.junit.runners.model.FrameworkMethod.invokeExplosively(FrameworkMethod.java:56)
12-08 10:27:47.459 10617 10661 W DefaultFailureHandler: 	at androidx.test.internal.runner.junit4.statement.RunBefores.evaluate(RunBefores.java:76)
12-08 10:27:47.459 10617 10661 W DefaultFailureHandler: 	at io.qameta.allure.android.rules.ScreenshotRule$apply$1.evaluate(ScreenshotRule.kt:22)
12-08 10:27:47.459 10617 10661 W DefaultFailureHandler: 	at org.junit.rules.ExternalResource$1.evaluate(ExternalResource.java:54)
12-08 10:27:47.459 10617 10661 W DefaultFailureHandler: 	at io.qameta.allure.android.rules.LogcatRule$apply$1.evaluate(LogcatRule.kt:23)
12-08 10:27:47.459 10617 10661 W DefaultFailureHandler: 	at org.junit.rules.RunRules.evaluate(RunRules.java:20)
12-08 10:27:47.459 10617 10661 W DefaultFailureHandler: 	at org.junit.runners.ParentRunner$3.evaluate(ParentRunner.java:306)
12-08 10:27:47.459 10617 10661 W DefaultFailureHandler: 	at org.junit.runners.BlockJUnit4ClassRunner$1.evaluate(BlockJUnit4ClassRunner.java:100)
12-08 10:27:47.459 10617 10661 W DefaultFailureHandler: 	at org.junit.runners.ParentRunner.runLeaf(ParentRunner.java:366)
12-08 10:27:47.459 10617 10661 W DefaultFailureHandler: 	at org.junit.runners.BlockJUnit4ClassRunner.runChild(BlockJUnit4ClassRunner.java:103)
12-08 10:27:47.459 10617 10661 W DefaultFailureHandler: 	at org.junit.runners.BlockJUnit4ClassRunner.runChild(BlockJUnit4ClassRunner.java:63)
12-08 10:27:47.459 10617 10661 W DefaultFailureHandler: 	at org.junit.runners.ParentRunner$4.run(ParentRunner.java:331)
12-08 10:27:47.459 10617 10661 W DefaultFailureHandler: 	at org.junit.runners.ParentRunner$1.schedule(ParentRunner.java:79)
12-08 10:27:47.459 10617 10661 W DefaultFailureHandler: 	at org.junit.runners.ParentRunner.runChildren(ParentRunner.java:329)
12-08 10:27:47.459 10617 10661 W DefaultFailureHandler: 	at org.junit.runners.ParentRunner.access$100(ParentRunner.java:66)
12-08 10:27:47.459 10617 10661 W DefaultFailureHandler: 	at org.junit.runners.ParentRunner$2.evaluate(ParentRunner.java:293)
12-08 10:27:47.459 10617 10661 W DefaultFailureHandler: 	at org.junit.runners.ParentRunner$3.evaluate(ParentRunner.java:306)
12-08 10:27:47.459 10617 10661 W DefaultFailureHandler: 	at org.junit.runners.ParentRunner.run(ParentRunner.java:413)
12-08 10:27:47.459 10617 10661 W DefaultFailureHandler: 	at androidx.test.ext.junit.runners.AndroidJUnit4.run(AndroidJUnit4.java:162)
12-08 10:27:47.459 10617 10661 W DefaultFailureHandler: 	at io.qameta.allure.android.runners.AllureAndroidJUnit4.run(AllureAndroidJUnitRunners.kt:29)
12-08 10:27:47.459 10617 10661 W DefaultFailureHandler: 	at org.junit.runners.Suite.runChild(Suite.java:128)
12-08 10:27:47.459 10617 10661 W DefaultFailureHandler: 	at org.junit.runners.Suite.runChild(Suite.java:27)
12-08 10:27:47.459 10617 10661 W DefaultFailureHandler: 	at org.junit.runners.ParentRunner$4.run(ParentRunner.java:331)
12-08 10:27:47.459 10617 10661 W DefaultFailureHandler: 	at org.junit.runners.ParentRunner$1.schedule(ParentRunner.java:79)
12-08 10:27:47.459 10617 10661 W DefaultFailureHandler: 	at org.junit.runners.ParentRunner.runChildren(ParentRunner.java:329)
12-08 10:27:47.459 10617 10661 W DefaultFailureHandler: 	at org.junit.runners.ParentRunner.access$100(ParentRunner.java:66)
12-08 10:27:47.459 10617 10661 W DefaultFailureHandler: 	at org.junit.runners.ParentRunner$2.evaluate(ParentRunner.java:293)
12-08 10:27:47.459 10617 10661 W DefaultFailureHandler: 	at org.junit.runners.ParentRunner$3.evaluate(ParentRunner.java:306)
12-08 10:27:47.459 10617 10661 W DefaultFailureHandler: 	at org.junit.runners.ParentRunner.run(ParentRunner.java:413)
12-08 10:27:47.459 10617 10661 W DefaultFailureHandler: 	at org.junit.runner.JUnitCore.run(JUnitCore.java:137)
12-08 10:27:47.459 10617 10661 W DefaultFailureHandler: 	at org.junit.runner.JUnitCore.run(JUnitCore.java:115)
12-08 10:27:47.459 10617 10661 W DefaultFailureHandler: 	at androidx.test.internal.runner.TestExecutor.execute(TestExecutor.java:67)
12-08 10:27:47.459 10617 10661 W DefaultFailureHandler: 	at androidx.test.internal.runner.TestExecutor.execute(TestExecutor.java:58)
12-08 10:27:47.459 10617 10661 W DefaultFailureHandler: 	at androidx.test.runner.AndroidJUnitRunner.onStart(AndroidJUnitRunner.java:438)
12-08 10:27:47.459 10617 10661 W DefaultFailureHandler: 	at android.app.Instrumentation$InstrumentationThread.run(Instrumentation.java:2189)
12-08 10:27:47.459 10617 10661 W DefaultFailureHandler: Caused by: android.system.ErrnoException: open failed: EROFS (Read-only file system)
12-08 10:27:47.460 10617 10661 W DefaultFailureHandler: 	at libcore.io.Linux.open(Native Method)
12-08 10:27:47.460 10617 10661 W DefaultFailureHandler: 	at libcore.io.ForwardingOs.open(ForwardingOs.java:167)
12-08 10:27:47.460 10617 10661 W DefaultFailureHandler: 	at libcore.io.BlockGuardOs.open(BlockGuardOs.java:252)
12-08 10:27:47.460 10617 10661 W DefaultFailureHandler: 	at libcore.io.ForwardingOs.open(ForwardingOs.java:167)
12-08 10:27:47.460 10617 10661 W DefaultFailureHandler: 	at android.app.ActivityThread$AndroidOs.open(ActivityThread.java:7255)
12-08 10:27:47.460 10617 10661 W DefaultFailureHandler: 	at libcore.io.IoBridge.open(IoBridge.java:482)
12-08 10:27:47.460 10617 10661 W DefaultFailureHandler: 	... 50 more
12-08 10:27:47.466 10617 10617 I ViewInteraction: Performing 'wait for a specific view with <view.getId() is <2131230870/ru.iteco.fmhandroid:id/authorization_image_button>> during 10000 millis.' action on view view.getRootView() to equal view
12-08 10:27:47.471 10617 10617 I ViewInteraction: Checking 'MatchesViewAssertion{viewMatcher=(view has effective visibility <VISIBLE> and view.getGlobalVisibleRect() to return non-empty rectangle)}' assertion on view view.getId() is <2131230870/ru.iteco.fmhandroid:id/authorization_image_button>
12-08 10:27:47.474 10617 10617 I ViewInteraction: Performing 'single click' action on view view.getId() is <2131230870/ru.iteco.fmhandroid:id/authorization_image_button>
12-08 10:27:47.529  1764  6994 W audio_hw_generic: Not supplying enough data to HAL, expected position 158897166 , only wrote 158897129
12-08 10:27:47.595  1776  1825 D gralloc_ranchu: gralloc_alloc: Creating ashmem region of size 884736
12-08 10:27:47.601  1776  1825 I chatty  : uid=1000(system) HwBinder:1776_1 identical 1 line
12-08 10:27:47.608  1776  1825 D gralloc_ranchu: gralloc_alloc: Creating ashmem region of size 884736
12-08 10:27:47.619 10617 10708 D EGL_emulation: eglMakeCurrent: 0xdd81b560: ver 2 0 (tinfo 0xc32257b0)
12-08 10:27:47.694 10617 10708 I chatty  : uid=10146(ru.iteco.fmhandroid) RenderThread identical 3 lines
12-08 10:27:47.710 10617 10708 D EGL_emulation: eglMakeCurrent: 0xdd81b560: ver 2 0 (tinfo 0xc32257b0)
12-08 10:27:47.939 10617 10617 I ViewInteraction: Performing 'wait for a specific view with <an instance of android.widget.TextView and view.getText() with or without transformation to match: is "Log out"> during 10000 millis.' action on view view.getRootView() to equal view
12-08 10:27:47.948 10617 10617 I ViewInteraction: Checking 'MatchesViewAssertion{viewMatcher=(view has effective visibility <VISIBLE> and view.getGlobalVisibleRect() to return non-empty rectangle)}' assertion on view an instance of android.widget.TextView and view.getText() with or without transformation to match: is "Log out"
12-08 10:27:47.952 10617 10617 I ViewInteraction: Performing 'single click' action on view an instance of android.widget.TextView and view.getText() with or without transformation to match: is "Log out"
12-08 10:27:48.182 10617 10708 D EGL_emulation: eglMakeCurrent: 0xdd81b560: ver 2 0 (tinfo 0xc32257b0)
12-08 10:27:48.227 10617 10708 D EGL_emulation: eglMakeCurrent: 0xdd81b560: ver 2 0 (tinfo 0xc32257b0)
12-08 10:27:48.323 10617 10617 I ViewInteraction: Performing 'wait for a specific view with <(an instance of android.widget.TextView and view.getText() with or without transformation to match: is "Authorization" and view.getParent() view.getParent() view.getId() is <2131231186>)> during 10000 millis.' action on view view.getRootView() to equal view
12-08 10:27:48.331 10617 10617 I ViewInteraction: Checking 'MatchesViewAssertion{viewMatcher=(view has effective visibility <VISIBLE> and view.getGlobalVisibleRect() to return non-empty rectangle)}' assertion on view (an instance of android.widget.TextView and view.getText() with or without transformation to match: is "Authorization" and view.getParent() view.getParent() view.getId() is <2131231186/ru.iteco.fmhandroid:id/nav_host_fragment>)
12-08 10:27:48.335 10617 10617 I ViewInteraction: Performing 'wait for a specific view with <(an instance of android.widget.TextView and view.getHint() matching: is "Login" and view.getParent() view.getParent() view.getId() is <2131231121/ru.iteco.fmhandroid:id/login_text_input_layout>)> during 10000 millis.' action on view view.getRootView() to equal view
12-08 10:27:48.340 10617 10617 I ViewInteraction: Checking 'MatchesViewAssertion{viewMatcher=(view has effective visibility <VISIBLE> and view.getGlobalVisibleRect() to return non-empty rectangle)}' assertion on view (an instance of android.widget.TextView and view.getHint() matching: is "Login" and view.getParent() view.getParent() view.getId() is <2131231121/ru.iteco.fmhandroid:id/login_text_input_layout>)
12-08 10:27:48.345 10617 10617 I ViewInteraction: Performing 'wait for a specific view with <(an instance of android.widget.TextView and view.getHint() matching: is "Password" and view.getParent() view.getParent() view.getId() is <2131231264/ru.iteco.fmhandroid:id/password_text_input_layout>)> during 10000 millis.' action on view view.getRootView() to equal view
12-08 10:27:48.350 10617 10617 I ViewInteraction: Checking 'MatchesViewAssertion{viewMatcher=(view has effective visibility <VISIBLE> and view.getGlobalVisibleRect() to return non-empty rectangle)}' assertion on view (an instance of android.widget.TextView and view.getHint() matching: is "Password" and view.getParent() view.getParent() view.getId() is <2131231264/ru.iteco.fmhandroid:id/password_text_input_layout>)
12-08 10:27:48.356 10617 10617 I ViewInteraction: Performing 'wait for a specific view with <(view.getId() is <2131231039/ru.iteco.fmhandroid:id/enter_button> and an instance of android.widget.TextView and view.getText() with or without transformation to match: is "SIGN IN" and view.getContentDescription() is "Save" and view.getParent() view.getParent() an instance of android.widget.RelativeLayout)> during 10000 millis.' action on view view.getRootView() to equal view
12-08 10:27:48.361 10617 10617 I ViewInteraction: Checking 'MatchesViewAssertion{viewMatcher=(view has effective visibility <VISIBLE> and view.getGlobalVisibleRect() to return non-empty rectangle)}' assertion on view (view.getId() is <2131231039/ru.iteco.fmhandroid:id/enter_button> and an instance of android.widget.TextView and view.getText() with or without transformation to match: is "SIGN IN" and view.getContentDescription() is "Save" and view.getParent() view.getParent() an instance of android.widget.RelativeLayout)
12-08 10:27:48.366 10617 10617 I ViewInteraction: Performing 'wait for a specific view with <(an instance of android.widget.TextView and view.getText() with or without transformation to match: is "Authorization" and view.getParent() view.getParent() view.getId() is <2131231186>)> during 10000 millis.' action on view view.getRootView() to equal view
12-08 10:27:48.370 10617 10617 I ViewInteraction: Checking 'MatchesViewAssertion{viewMatcher=(view has effective visibility <VISIBLE> and view.getGlobalVisibleRect() to return non-empty rectangle)}' assertion on view (an instance of android.widget.TextView and view.getText() with or without transformation to match: is "Authorization" and view.getParent() view.getParent() view.getId() is <2131231186/ru.iteco.fmhandroid:id/nav_host_fragment>)
12-08 10:27:48.378 10617 10617 I ViewInteraction: Performing 'wait for a specific view with <(an instance of android.widget.TextView and view.getHint() matching: is "Login" and view.getParent() view.getParent() view.getId() is <2131231121/ru.iteco.fmhandroid:id/login_text_input_layout>)> during 10000 millis.' action on view view.getRootView() to equal view
12-08 10:27:48.383 10617 10617 I ViewInteraction: Checking 'MatchesViewAssertion{viewMatcher=(view has effective visibility <VISIBLE> and view.getGlobalVisibleRect() to return non-empty rectangle)}' assertion on view (an instance of android.widget.TextView and view.getHint() matching: is "Login" and view.getParent() view.getParent() view.getId() is <2131231121/ru.iteco.fmhandroid:id/login_text_input_layout>)
12-08 10:27:48.390 10617 10617 I ViewInteraction: Performing 'wait for a specific view with <(an instance of android.widget.TextView and view.getHint() matching: is "Password" and view.getParent() view.getParent() view.getId() is <2131231264/ru.iteco.fmhandroid:id/password_text_input_layout>)> during 10000 millis.' action on view view.getRootView() to equal view
12-08 10:27:48.397 10617 10617 I ViewInteraction: Checking 'MatchesViewAssertion{viewMatcher=(view has effective visibility <VISIBLE> and view.getGlobalVisibleRect() to return non-empty rectangle)}' assertion on view (an instance of android.widget.TextView and view.getHint() matching: is "Password" and view.getParent() view.getParent() view.getId() is <2131231264/ru.iteco.fmhandroid:id/password_text_input_layout>)
12-08 10:27:48.402 10617 10617 I ViewInteraction: Performing 'wait for a specific view with <(view.getId() is <2131231039/ru.iteco.fmhandroid:id/enter_button> and an instance of android.widget.TextView and view.getText() with or without transformation to match: is "SIGN IN" and view.getContentDescription() is "Save" and view.getParent() view.getParent() an instance of android.widget.RelativeLayout)> during 10000 millis.' action on view view.getRootView() to equal view
12-08 10:27:48.410 10617 10617 I ViewInteraction: Checking 'MatchesViewAssertion{viewMatcher=(view has effective visibility <VISIBLE> and view.getGlobalVisibleRect() to return non-empty rectangle)}' assertion on view (view.getId() is <2131231039/ru.iteco.fmhandroid:id/enter_button> and an instance of android.widget.TextView and view.getText() with or without transformation to match: is "SIGN IN" and view.getContentDescription() is "Save" and view.getParent() view.getParent() an instance of android.widget.RelativeLayout)
12-08 10:27:48.417 10617 10617 I ViewInteraction: Performing 'wait for a specific view with <(an instance of android.widget.TextView and view.getHint() matching: is "Login" and view.getParent() view.getParent() view.getId() is <2131231121/ru.iteco.fmhandroid:id/login_text_input_layout>)> during 10000 millis.' action on view view.getRootView() to equal view
12-08 10:27:48.428 10617 10617 I ViewInteraction: Performing 'replace text(login2)' action on view (an instance of android.widget.TextView and view.getHint() matching: is "Login" and view.getParent() view.getParent() view.getId() is <2131231121/ru.iteco.fmhandroid:id/login_text_input_layout>)
12-08 10:27:48.464 10617 10617 I ViewInteraction: Performing 'wait for a specific view with <(an instance of android.widget.TextView and view.getHint() matching: is "Password" and view.getParent() view.getParent() view.getId() is <2131231264/ru.iteco.fmhandroid:id/password_text_input_layout>)> during 10000 millis.' action on view view.getRootView() to equal view
12-08 10:27:48.477 10617 10617 I ViewInteraction: Performing 'replace text(password2)' action on view (an instance of android.widget.TextView and view.getHint() matching: is "Password" and view.getParent() view.getParent() view.getId() is <2131231264/ru.iteco.fmhandroid:id/password_text_input_layout>)
12-08 10:27:48.505  2656 10928 I NetworkScheduler.Stats: Task com.google.android.gms/com.google.android.gms.checkin.CheckinService started execution. cause:4 exec_start_elapsed_seconds: 58215 [CONTEXT service_id=218 ]
12-08 10:27:48.510 10617 10617 I ViewInteraction: Performing 'wait for a specific view with <(view.getId() is <2131231039/ru.iteco.fmhandroid:id/enter_button> and an instance of android.widget.TextView and view.getText() with or without transformation to match: is "SIGN IN" and view.getContentDescription() is "Save" and view.getParent() view.getParent() an instance of android.widget.RelativeLayout)> during 10000 millis.' action on view view.getRootView() to equal view
12-08 10:27:48.520 10617 10617 I ViewInteraction: Checking 'MatchesViewAssertion{viewMatcher=view.isClickable() is <true>}' assertion on view (view.getId() is <2131231039/ru.iteco.fmhandroid:id/enter_button> and an instance of android.widget.TextView and view.getText() with or without transformation to match: is "SIGN IN" and view.getContentDescription() is "Save" and view.getParent() view.getParent() an instance of android.widget.RelativeLayout)
12-08 10:27:48.529 10617 10617 I ViewInteraction: Performing 'wait for a specific view with <(view.getId() is <2131231039/ru.iteco.fmhandroid:id/enter_button> and an instance of android.widget.TextView and view.getText() with or without transformation to match: is "SIGN IN" and view.getContentDescription() is "Save" and view.getParent() view.getParent() an instance of android.widget.RelativeLayout)> during 10000 millis.' action on view view.getRootView() to equal view
12-08 10:27:48.535 10617 10617 I ViewInteraction: Checking 'MatchesViewAssertion{viewMatcher=view.isClickable() is <true>}' assertion on view (view.getId() is <2131231039/ru.iteco.fmhandroid:id/enter_button> and an instance of android.widget.TextView and view.getText() with or without transformation to match: is "SIGN IN" and view.getContentDescription() is "Save" and view.getParent() view.getParent() an instance of android.widget.RelativeLayout)
12-08 10:27:48.556 10617 10617 I ViewInteraction: Performing 'wait for a specific view with <(view.getId() is <2131231039/ru.iteco.fmhandroid:id/enter_button> and an instance of android.widget.TextView and view.getText() with or without transformation to match: is "SIGN IN" and view.getContentDescription() is "Save" and view.getParent() view.getParent() an instance of android.widget.RelativeLayout)> during 10000 millis.' action on view view.getRootView() to equal view
12-08 10:27:48.561 10617 10617 I ViewInteraction: Performing 'single click' action on view (view.getId() is <2131231039/ru.iteco.fmhandroid:id/enter_button> and an instance of android.widget.TextView and view.getText() with or without transformation to match: is "SIGN IN" and view.getContentDescription() is "Save" and view.getParent() view.getParent() an instance of android.widget.RelativeLayout)
12-08 10:27:48.584  2656 10897 I NetworkScheduler.Stats: Task com.google.android.gms/com.google.android.gms.checkin.CheckinService finished executing. cause:4 result: 3 elapsed_millis: 270 uptime_millis: 271 exec_start_elapsed_seconds: 58215 [CONTEXT service_id=218 ]
12-08 10:27:48.610 10617 10979 I okhttp.OkHttpClient: --> POST http://www.981757-ca08998.tmweb.ru:8080/fmh/authentication/login
12-08 10:27:48.611 10617 10979 I okhttp.OkHttpClient: Content-Type: application/json; charset=UTF-8
12-08 10:27:48.611 10617 10979 I okhttp.OkHttpClient: Content-Length: 41
12-08 10:27:48.611 10617 10979 I okhttp.OkHttpClient: {"login":"login2","password":"password2"}
12-08 10:27:48.611 10617 10979 I okhttp.OkHttpClient: --> END POST (41-byte body)
12-08 10:27:48.841  2656 10928 I NetworkScheduler.Stats: Task com.google.android.gms/com.google.android.gms.checkin.EventLogService started execution. cause:5 exec_start_elapsed_seconds: 58215 [CONTEXT service_id=218 ]
12-08 10:27:48.855 10617 10617 I ViewInteraction: Performing 'wait for a specific view with <an instance of android.widget.TextView and view.getText() with or without transformation to match: is "News"> during 10000 millis.' action on view view.getRootView() to equal view
12-08 10:27:48.905  2873  4109 I Checkin : [EventLogChimeraService] Opted in for usage reporting: false
12-08 10:27:48.905  2873  4109 I Checkin : [EventLogChimeraService] Aggregate from 1670492645738 (log), 1670492645738 (data)
12-08 10:27:48.953 10617 10979 I okhttp.OkHttpClient: <-- 200 http://www.981757-ca08998.tmweb.ru:8080/fmh/authentication/login (341ms)
12-08 10:27:48.953 10617 10979 I okhttp.OkHttpClient: Vary: Origin
12-08 10:27:48.953 10617 10979 I okhttp.OkHttpClient: Vary: Access-Control-Request-Method
12-08 10:27:48.953 10617 10979 I okhttp.OkHttpClient: Vary: Access-Control-Request-Headers
12-08 10:27:48.953 10617 10979 I okhttp.OkHttpClient: X-Content-Type-Options: nosniff
12-08 10:27:48.953 10617 10979 I okhttp.OkHttpClient: X-XSS-Protection: 1; mode=block
12-08 10:27:48.954 10617 10979 I okhttp.OkHttpClient: Cache-Control: no-cache, no-store, max-age=0, must-revalidate
12-08 10:27:48.954 10617 10979 I okhttp.OkHttpClient: Pragma: no-cache
12-08 10:27:48.954 10617 10979 I okhttp.OkHttpClient: Expires: 0
12-08 10:27:48.954 10617 10979 I okhttp.OkHttpClient: X-Frame-Options: DENY
12-08 10:27:48.954 10617 10979 I okhttp.OkHttpClient: Content-Type: application/json
12-08 10:27:48.954 10617 10979 I okhttp.OkHttpClient: Transfer-Encoding: chunked
12-08 10:27:48.954 10617 10979 I okhttp.OkHttpClient: Date: Thu, 08 Dec 2022 10:28:34 GMT
12-08 10:27:48.954 10617 10979 I okhttp.OkHttpClient: Keep-Alive: timeout=60
12-08 10:27:48.954 10617 10979 I okhttp.OkHttpClient: Connection: keep-alive
12-08 10:27:48.955 10617 10979 I okhttp.OkHttpClient: {"accessToken":"eyJhbGciOiJIUzUxMiJ9.eyJzdWIiOiJsb2dpbjIiLCJqdGkiOiIyIiwiZXhwIjoxNjcwNTgxNzE0fQ.7DZtww2RkBBaqk2SSKj0i-aB2QbZpT_WMywCK9mwhL0HgPTn-SLGLJQj4p6I-u0VbQL3TM066FCazwGMPKlnVA","refreshToken":"eyJhbGciOiJIUzUxMiJ9.eyJzdWIiOiJsb2dpbjIiLCJqdGkiOiIyIiwiZXhwIjoxNjczMDg3MzE0fQ.WTjfjk2ElkH0LOcSX_-29To6gftw5UmZvxwJQvkx9KVeYBXU-x5uEsHMj5IKrF9jHSY7fwlIrY55NZLKZ4k8FA"}
12-08 10:27:48.955 10617 10979 I okhttp.OkHttpClient: <-- END HTTP (368-byte body)
12-08 10:27:48.962 10617 10975 I okhttp.OkHttpClient: --> GET http://www.981757-ca08998.tmweb.ru:8080/fmh/authentication/userInfo
12-08 10:27:48.962 10617 10975 I okhttp.OkHttpClient: --> END GET
12-08 10:27:50.527  2018  2358 I DropBoxManagerService: add tag=event_data isTagEnabled=true flags=0x2
12-08 10:27:50.543  2018  2059 W BroadcastQueue: Background execution not allowed: receiving Intent { act=android.intent.action.DROPBOX_ENTRY_ADDED flg=0x10 (has extras) } to com.google.android.gms/.stats.service.DropBoxEntryAddedReceiver
12-08 10:27:50.544  2018  2059 W BroadcastQueue: Background execution not allowed: receiving Intent { act=android.intent.action.DROPBOX_ENTRY_ADDED flg=0x10 (has extras) } to com.google.android.gms/.chimera.GmsIntentOperationService$PersistentTrustedReceiver
12-08 10:27:50.598  2656 10897 I NetworkScheduler.Stats: Task com.google.android.gms/com.google.android.gms.checkin.EventLogService finished executing. cause:5 result: 1 elapsed_millis: 1840 uptime_millis: 1841 exec_start_elapsed_seconds: 58215 [CONTEXT service_id=218 ]
12-08 10:27:51.126 10617 10975 I okhttp.OkHttpClient: <-- 200 http://www.981757-ca08998.tmweb.ru:8080/fmh/authentication/userInfo (2163ms)
12-08 10:27:51.126 10617 10975 I okhttp.OkHttpClient: Vary: Origin
12-08 10:27:51.127 10617 10975 I okhttp.OkHttpClient: Vary: Access-Control-Request-Method
12-08 10:27:51.127 10617 10975 I okhttp.OkHttpClient: Vary: Access-Control-Request-Headers
12-08 10:27:51.127 10617 10975 I okhttp.OkHttpClient: X-Content-Type-Options: nosniff
12-08 10:27:51.127 10617 10975 I okhttp.OkHttpClient: X-XSS-Protection: 1; mode=block
12-08 10:27:51.127 10617 10975 I okhttp.OkHttpClient: Cache-Control: no-cache, no-store, max-age=0, must-revalidate
12-08 10:27:51.127 10617 10975 I okhttp.OkHttpClient: Pragma: no-cache
12-08 10:27:51.127 10617 10975 I okhttp.OkHttpClient: Expires: 0
12-08 10:27:51.127 10617 10975 I okhttp.OkHttpClient: X-Frame-Options: DENY
12-08 10:27:51.127 10617 10975 I okhttp.OkHttpClient: Content-Type: application/json
12-08 10:27:51.127 10617 10975 I okhttp.OkHttpClient: Transfer-Encoding: chunked
12-08 10:27:51.127 10617 10975 I okhttp.OkHttpClient: Date: Thu, 08 Dec 2022 10:28:34 GMT
12-08 10:27:51.127 10617 10975 I okhttp.OkHttpClient: Keep-Alive: timeout=60
12-08 10:27:51.128 10617 10975 I okhttp.OkHttpClient: Connection: keep-alive
12-08 10:27:51.128 10617 10975 I okhttp.OkHttpClient: {"id":2,"firstName":"Данил","lastName":"Иванов","middleName":"Данилович","admin":true}
12-08 10:27:51.128 10617 10975 I okhttp.OkHttpClient: <-- END HTTP (106-byte body)
12-08 10:27:51.134 10617 10724 I okhttp.OkHttpClient: --> GET http://www.981757-ca08998.tmweb.ru:8080/fmh/claims
12-08 10:27:51.134 10617 10724 I okhttp.OkHttpClient: --> END GET
12-08 10:27:51.138  1744 11007 E ResolverController: No valid NAT64 prefix (106, <unspecified>/0)
12-08 10:27:51.252 10617 10617 I ViewInteraction: Checking 'MatchesViewAssertion{viewMatcher=(view has effective visibility <VISIBLE> and view.getGlobalVisibleRect() to return non-empty rectangle)}' assertion on view an instance of android.widget.TextView and view.getText() with or without transformation to match: is "News"
12-08 10:27:51.257 10617 10617 I ViewInteraction: Performing 'wait for a specific view with <view.getId() is <2131230951>> during 10000 millis.' action on view view.getRootView() to equal view
12-08 10:27:51.266 10617 10617 I ViewInteraction: Checking 'MatchesViewAssertion{viewMatcher=(view has effective visibility <VISIBLE> and view.getGlobalVisibleRect() to return non-empty rectangle)}' assertion on view view.getId() is <2131230951/ru.iteco.fmhandroid:id/container_list_news_include_on_fragment_main>
12-08 10:27:51.325 10617 10630 I teco.fmhandroi: Background concurrent copying GC freed 70112(3335KB) AllocSpace objects, 2(104KB) LOS objects, 29% free, 14MB/20MB, paused 657us total 161.214ms
12-08 10:27:51.473 10617 10617 I ViewInteraction: Performing 'wait for a specific view with <view.getId() is <2131230949>> during 10000 millis.' action on view view.getRootView() to equal view
12-08 10:27:51.477 10617 10617 I ViewInteraction: Checking 'MatchesViewAssertion{viewMatcher=(view has effective visibility <VISIBLE> and view.getGlobalVisibleRect() to return non-empty rectangle)}' assertion on view view.getId() is <2131230949/ru.iteco.fmhandroid:id/container_list_claim_include_on_fragment_main>
12-08 10:27:51.480 10617 10617 I ViewInteraction: Performing 'wait for a specific view with <an instance of android.widget.TextView and view.getText() with or without transformation to match: is "Claims"> during 10000 millis.' action on view view.getRootView() to equal view
12-08 10:27:51.486 10617 10617 I ViewInteraction: Checking 'MatchesViewAssertion{viewMatcher=(view has effective visibility <VISIBLE> and view.getGlobalVisibleRect() to return non-empty rectangle)}' assertion on view an instance of android.widget.TextView and view.getText() with or without transformation to match: is "Claims"
12-08 10:27:51.490 10617 10617 I ViewInteraction: Performing 'wait for a specific view with <view.getId() is <2131231123/ru.iteco.fmhandroid:id/main_menu_image_button>> during 10000 millis.' action on view view.getRootView() to equal view
12-08 10:27:51.494 10617 10617 I ViewInteraction: Performing 'single click' action on view view.getId() is <2131231123/ru.iteco.fmhandroid:id/main_menu_image_button>
12-08 10:27:51.592  1776  1825 D gralloc_ranchu: gralloc_alloc: Creating ashmem region of size 2015232
12-08 10:27:51.600  1776  1825 I chatty  : uid=1000(system) HwBinder:1776_1 identical 1 line
12-08 10:27:51.602  1776  1825 D gralloc_ranchu: gralloc_alloc: Creating ashmem region of size 2015232
12-08 10:27:51.623 10617 10708 D EGL_emulation: eglMakeCurrent: 0xdd81b560: ver 2 0 (tinfo 0xc32257b0)
12-08 10:27:51.694 10617 10708 I chatty  : uid=10146(ru.iteco.fmhandroid) RenderThread identical 3 lines
12-08 10:27:51.721 10617 10708 D EGL_emulation: eglMakeCurrent: 0xdd81b560: ver 2 0 (tinfo 0xc32257b0)
12-08 10:27:51.943 10617 10617 I ViewInteraction: Performing 'wait for a specific view with <an instance of android.widget.TextView and view.getText() with or without transformation to match: is "News"> during 10000 millis.' action on view view.getRootView() to equal view
12-08 10:27:51.949 10617 10617 I ViewInteraction: Performing 'single click' action on view an instance of android.widget.TextView and view.getText() with or without transformation to match: is "News"
12-08 10:27:52.079 10617 10981 I okhttp.OkHttpClient: --> GET http://www.981757-ca08998.tmweb.ru:8080/fmh/news
12-08 10:27:52.079 10617 10981 I okhttp.OkHttpClient: --> END GET
12-08 10:27:52.144 10617 10708 D EGL_emulation: eglMakeCurrent: 0xdd81b560: ver 2 0 (tinfo 0xc32257b0)
12-08 10:27:52.160 10617 10708 D EGL_emulation: eglMakeCurrent: 0xdd81b560: ver 2 0 (tinfo 0xc32257b0)
12-08 10:27:52.417 10617 10617 I ViewInteraction: Performing 'wait for a specific view with <view.getId() is <2131231025/ru.iteco.fmhandroid:id/edit_news_material_button>> during 10000 millis.' action on view view.getRootView() to equal view
12-08 10:27:52.422 10617 10617 I ViewInteraction: Performing 'single click' action on view view.getId() is <2131231025/ru.iteco.fmhandroid:id/edit_news_material_button>
12-08 10:27:52.514 10617 11008 I okhttp.OkHttpClient: --> GET http://www.981757-ca08998.tmweb.ru:8080/fmh/news
12-08 10:27:52.514 10617 11008 I okhttp.OkHttpClient: --> END GET
12-08 10:27:52.941 10617 10617 I ViewInteraction: Performing 'wait for a specific view with <view.getId() is <2131230850/ru.iteco.fmhandroid:id/add_news_image_view>> during 10000 millis.' action on view view.getRootView() to equal view
12-08 10:27:52.945 10617 10617 I ViewInteraction: Performing 'single click' action on view view.getId() is <2131230850/ru.iteco.fmhandroid:id/add_news_image_view>
12-08 10:27:53.351 10617 10617 I ViewInteraction: Performing 'wait for a specific view with <view.getId() is <2131231204/ru.iteco.fmhandroid:id/news_item_category_text_auto_complete_text_view>> during 10000 millis.' action on view view.getRootView() to equal view
12-08 10:27:53.356 10617 10617 I ViewInteraction: Performing 'single click' action on view view.getId() is <2131231204/ru.iteco.fmhandroid:id/news_item_category_text_auto_complete_text_view>
12-08 10:27:53.472  1776  1825 D gralloc_ranchu: gralloc_alloc: Creating ashmem region of size 5308416
12-08 10:27:53.477  1776  1825 I chatty  : uid=1000(system) HwBinder:1776_1 identical 1 line
12-08 10:27:53.478  1776  1825 D gralloc_ranchu: gralloc_alloc: Creating ashmem region of size 5308416
12-08 10:27:53.491 10617 10708 D EGL_emulation: eglMakeCurrent: 0xdd81b560: ver 2 0 (tinfo 0xc32257b0)
12-08 10:27:53.538 10617 10617 I AssistStructure: Flattened final assist data: 7432 bytes, containing 2 windows, 55 views
12-08 10:27:53.554  2018  5644 D AutofillSession: Starting partition or augmented request for view id 1073741826@777582512: STARTED_SESSION
12-08 10:27:53.556  2537  2537 W GInputConnectionWrapper: IPC IC_GET_TEXT_BEFORE_CURSOR_AND_FIX_SELECTION_INDICES took 115 ms
12-08 10:27:53.578  2656  2656 W ktk     : Pending fill request while another request in the same session was triggered. [CONTEXT service_id=177 ]
12-08 10:27:53.583 10617 10708 D EGL_emulation: eglMakeCurrent: 0xdd81b560: ver 2 0 (tinfo 0xc32257b0)
