--------- beginning of main
12-08 10:40:59.768  2170  2170 D StatusBar: disable<e i a s b h r c s > disable2<q i n >
12-08 10:40:59.807 11839 11969 I okhttp.OkHttpClient: <-- 200 http://www.981757-ca08998.tmweb.ru:8080/fmh/claims (3467ms)
12-08 10:40:59.807 11839 11969 I okhttp.OkHttpClient: Vary: Origin
12-08 10:40:59.807 11839 11969 I okhttp.OkHttpClient: Vary: Access-Control-Request-Method
12-08 10:40:59.807 11839 11969 I okhttp.OkHttpClient: Vary: Access-Control-Request-Headers
12-08 10:40:59.807 11839 11969 I okhttp.OkHttpClient: X-Content-Type-Options: nosniff
12-08 10:40:59.807 11839 11969 I okhttp.OkHttpClient: X-XSS-Protection: 1; mode=block
12-08 10:40:59.808 11839 11969 I okhttp.OkHttpClient: Cache-Control: no-cache, no-store, max-age=0, must-revalidate
12-08 10:40:59.808 11839 11969 I okhttp.OkHttpClient: Pragma: no-cache
12-08 10:40:59.808 11839 11969 I okhttp.OkHttpClient: Expires: 0
12-08 10:40:59.808 11839 11969 I okhttp.OkHttpClient: X-Frame-Options: DENY
12-08 10:40:59.808 11839 11969 I okhttp.OkHttpClient: Content-Type: application/json
12-08 10:40:59.808 11839 11969 I okhttp.OkHttpClient: Transfer-Encoding: chunked
12-08 10:40:59.808 11839 11969 I okhttp.OkHttpClient: Date: Thu, 08 Dec 2022 10:41:44 GMT
12-08 10:40:59.808 11839 11969 I okhttp.OkHttpClient: Keep-Alive: timeout=60
12-08 10:40:59.808 11839 11969 I okhttp.OkHttpClient: Connection: keep-alive
12-08 10:40:59.843  2170  2566 D EGL_emulation: eglMakeCurrent: 0xe594e040: ver 2 0 (tinfo 0xc52450c0)
12-08 10:40:59.851  1776  1825 D gralloc_ranchu: gralloc_alloc: Creating ashmem region of size 10108928
12-08 10:40:59.883  2170  2566 D EGL_emulation: eglMakeCurrent: 0xe594e040: ver 2 0 (tinfo 0xc52450c0)
12-08 10:40:59.916  1776  1825 D gralloc_ranchu: gralloc_alloc: Creating ashmem region of size 10108928
12-08 10:40:59.922  2170  2170 D StatusBar: disable<e i a s b h r c s > disable2<q i n >
12-08 10:41:00.015  1776  1825 D gralloc_ranchu: gralloc_alloc: Creating ashmem region of size 10108928
12-08 10:41:00.058  2170  2170 D KeyguardClockSwitch: Updating clock: 1041
12-08 10:41:00.788 11839 11884 I QueryController: Matched selector: UiSelector[DESCRIPTION=Airplane mode] <<==>> [android.view.accessibility.AccessibilityNodeInfo@6de40; boundsInParent: Rect(0, 0 - 292, 292); boundsInScreen: Rect(736, 804 - 1028, 1096); packageName: com.android.systemui; className: android.widget.Switch; text: Off; error: null; maxTextLength: -1; contentDescription: Airplane mode; tooltipText: null; viewIdResName: null; checkable: true; checked: false; focusable: true; focused: false; selected: false; clickable: true; longClickable: true; contextClickable: false; enabled: true; password: false; scrollable: false; importantForAccessibility: true; visible: true; actions: [AccessibilityAction: ACTION_FOCUS - null, AccessibilityAction: ACTION_SELECT - null, AccessibilityAction: ACTION_CLEAR_SELECTION - null, AccessibilityAction: ACTION_CLICK - null, AccessibilityAction: ACTION_ACCESSIBILITY_FOCUS - null, AccessibilityAction: ACTION_NEXT_AT_MOVEMENT_GRANULARITY - null, AccessibilityAction: ACTION_PREVIOUS_AT_MOVEMENT_GRANULARITY - null, AccessibilityAction: ACTION_SET_SELECTION - null, AccessibilityAction: ACTION_SHOW_ON_SCREEN - null, AccessibilityAction: ACTION_LONG_CLICK - Open settings]]
--------- beginning of system
12-08 10:41:00.809  2018  2051 D AutofillManagerService: onBackKeyPressed()
12-08 10:41:00.942 11839 11954 I okhttp.OkHttpClient: <-- 200 http://www.981757-ca08998.tmweb.ru:8080/fmh/claims (3384ms)
12-08 10:41:00.943 11839 11954 I okhttp.OkHttpClient: Vary: Origin
12-08 10:41:00.943 11839 11954 I okhttp.OkHttpClient: Vary: Access-Control-Request-Method
12-08 10:41:00.944 11839 11954 I okhttp.OkHttpClient: Vary: Access-Control-Request-Headers
12-08 10:41:00.944 11839 11954 I okhttp.OkHttpClient: X-Content-Type-Options: nosniff
12-08 10:41:00.945 11839 11954 I okhttp.OkHttpClient: X-XSS-Protection: 1; mode=block
12-08 10:41:00.945 11839 11954 I okhttp.OkHttpClient: Cache-Control: no-cache, no-store, max-age=0, must-revalidate
12-08 10:41:00.945 11839 11954 I okhttp.OkHttpClient: Pragma: no-cache
12-08 10:41:00.945 11839 11954 I okhttp.OkHttpClient: Expires: 0
12-08 10:41:00.946 11839 11954 I okhttp.OkHttpClient: X-Frame-Options: DENY
12-08 10:41:00.946 11839 11954 I okhttp.OkHttpClient: Content-Type: application/json
12-08 10:41:00.946 11839 11954 I okhttp.OkHttpClient: Transfer-Encoding: chunked
12-08 10:41:00.946 11839 11954 I okhttp.OkHttpClient: Date: Thu, 08 Dec 2022 10:41:46 GMT
12-08 10:41:00.946 11839 11954 I okhttp.OkHttpClient: Keep-Alive: timeout=60
12-08 10:41:00.946 11839 11954 I okhttp.OkHttpClient: Connection: keep-alive
12-08 10:41:01.445  2170  2170 V StatusBar: mStatusBarWindow: com.android.systemui.statusbar.phone.StatusBarWindowView{4752fa5 V.E...... ........ 0,0-1080,2340} canPanelBeCollapsed(): true
12-08 10:41:01.466  2170  2170 D StatusBar: disable<e i a s b h r c s > disable2<q i n >
12-08 10:41:01.442  2018  2051 D AutofillManagerService: onBackKeyPressed()
12-08 10:41:01.498  2018  3005 I ActivityTaskManager: START u0 {act=android.intent.action.MAIN cat=[android.intent.category.LAUNCHER] flg=0x10000000 cmp=ru.iteco.fmhandroid.test/androidx.test.core.app.InstrumentationActivityInvoker$EmptyActivity} from uid 10146
12-08 10:41:01.552  2170  2170 D StatusBar: disable<e i a s b h r c s > disable2<q i n >
12-08 10:41:01.558 11839 11839 D LifecycleMonitor: Lifecycle status change: ru.iteco.fmhandroid.ui.AppActivity@9fa6f52 in: PAUSED
12-08 10:41:01.558 11839 11839 V ActivityScenario: Update currentActivityStage to PAUSED, currentActivity=ru.iteco.fmhandroid.ui.AppActivity@9fa6f52
12-08 10:41:01.565 11839 11878 V FA      : Recording user engagement, ms: 17646
12-08 10:41:01.568  2018  5837 W InputReader: Device has associated, but no associated display id.
12-08 10:41:01.569  2018  5837 I chatty  : uid=1000(system) Binder:2018_16 identical 8 lines
12-08 10:41:01.569  2018  5837 W InputReader: Device has associated, but no associated display id.
12-08 10:41:01.571  2170  2566 D EGL_emulation: eglMakeCurrent: 0xe594e040: ver 2 0 (tinfo 0xc52450c0)
12-08 10:41:01.572  2018  5837 W InputReader: Device has associated, but no associated display id.
12-08 10:41:01.576  2018  5837 I chatty  : uid=1000(system) Binder:2018_16 identical 18 lines
12-08 10:41:01.576  2018  5837 W InputReader: Device has associated, but no associated display id.
12-08 10:41:01.578  1776  1825 D gralloc_ranchu: gralloc_alloc: Creating ashmem region of size 286720
12-08 10:41:01.581  2018  5837 W InputReader: Device has associated, but no associated display id.
12-08 10:41:01.582  2018  5837 I chatty  : uid=1000(system) Binder:2018_16 identical 8 lines
12-08 10:41:01.582  2018  5837 W InputReader: Device has associated, but no associated display id.
12-08 10:41:01.583 11900 11900 W ActivityThread: handleWindowVisibility: no activity for token android.os.BinderProxy@4f4224f
12-08 10:41:01.586  2018  5837 W InputReader: Device has associated, but no associated display id.
12-08 10:41:01.586  2018  5837 I chatty  : uid=1000(system) Binder:2018_16 identical 8 lines
12-08 10:41:01.586  2018  5837 W InputReader: Device has associated, but no associated display id.
12-08 10:41:01.599  2170  2566 D EGL_emulation: eglMakeCurrent: 0xe594e040: ver 2 0 (tinfo 0xc52450c0)
12-08 10:41:01.631  1776  1825 D gralloc_ranchu: gralloc_alloc: Creating ashmem region of size 286720
12-08 10:41:01.703  2018  5837 I ActivityTaskManager: START u0 {act=android.intent.action.MAIN cat=[android.intent.category.LAUNCHER] flg=0x10000000 cmp=ru.iteco.fmhandroid.test/androidx.test.core.app.InstrumentationActivityInvoker$EmptyActivity} from uid 10146
12-08 10:41:01.642  1776  1825 D gralloc_ranchu: gralloc_alloc: Creating ashmem region of size 286720
12-08 10:41:01.704  1776  1825 D gralloc_ranchu: gralloc_alloc: Creating ashmem region of size 10108928
12-08 10:41:01.721  1776  1825 I chatty  : uid=1000(system) HwBinder:1776_1 identical 1 line
12-08 10:41:01.723  1776  1825 D gralloc_ranchu: gralloc_alloc: Creating ashmem region of size 10108928
12-08 10:41:01.726 11900 11932 D EGL_emulation: eglMakeCurrent: 0xf0c7f7c0: ver 2 0 (tinfo 0xf0c89d30)
12-08 10:41:01.748 11839 11878 V FA      : Connecting to remote service
12-08 10:41:01.790  2018  2130 W InputReader: Device has associated, but no associated display id.
12-08 10:41:01.800  2018  2130 I chatty  : uid=1000(system) Binder:2018_4 identical 48 lines
12-08 10:41:01.800  2018  2130 W InputReader: Device has associated, but no associated display id.
12-08 10:41:01.812 11839 11878 V FA      : Connection attempt already in progress
12-08 10:41:01.812 11839 11878 V FA      : Activity paused, time: 59008588
12-08 10:41:01.819 11900 11900 W ActivityThread: handleWindowVisibility: no activity for token android.os.BinderProxy@eb7a55e
12-08 10:41:01.853 11839 11878 D FA      : Connected to remote service
12-08 10:41:01.854 11839 11878 V FA      : Processing queued up service tasks: 2
12-08 10:41:01.860  2018  2130 W ActivityTaskManager: Duplicate finish request for ActivityRecord{eb56aec u0 ru.iteco.fmhandroid/.ui.AppActivity t332 f}
12-08 10:41:01.906  1776  1825 D gralloc_ranchu: gralloc_alloc: Creating ashmem region of size 10108928
12-08 10:41:01.914 11900 11932 D EGL_emulation: eglMakeCurrent: 0xf0c7f7c0: ver 2 0 (tinfo 0xf0c89d30)
12-08 10:41:01.919  1776  1825 D gralloc_ranchu: gralloc_alloc: Creating ashmem region of size 10108928
12-08 10:41:01.935  1776  1927 D gralloc_ranchu: gralloc_alloc: Creating ashmem region of size 10108928
12-08 10:41:01.944  2018  2054 W InputReader: Device has associated, but no associated display id.
12-08 10:41:01.944  2018  2054 I chatty  : uid=1000(system) android.anim identical 18 lines
12-08 10:41:01.944  2018  2054 W InputReader: Device has associated, but no associated display id.
12-08 10:41:01.953  2018  2058 I ActivityTaskManager: Displayed ru.iteco.fmhandroid.test/androidx.test.core.app.InstrumentationActivityInvoker$EmptyActivity: +259ms
12-08 10:41:01.962  2873 11887 V FA-SVC  : Logging event: origin=auto,name=user_engagement(_e),params=Bundle[{ga_event_origin(_o)=auto, engagement_time_msec(_et)=17646, ga_screen_class(_sc)=AppActivity, ga_screen_id(_si)=-1196254479738161399}]
12-08 10:41:01.968 11839 11936 D EGL_emulation: eglMakeCurrent: 0xdd81b020: ver 2 0 (tinfo 0xdd891860)
12-08 10:41:01.987  2018  3005 W InputReader: Device has associated, but no associated display id.
12-08 10:41:01.987  2018  3005 I chatty  : uid=1000(system) Binder:2018_A identical 8 lines
12-08 10:41:01.987  2018  3005 W InputReader: Device has associated, but no associated display id.
12-08 10:41:02.056  2018  2130 W InputReader: Device has associated, but no associated display id.
12-08 10:41:02.060  2018  2130 I chatty  : uid=1000(system) Binder:2018_4 identical 28 lines
12-08 10:41:02.060  2018  2130 W InputReader: Device has associated, but no associated display id.
12-08 10:41:02.074 11839 11839 D LifecycleMonitor: Lifecycle status change: ru.iteco.fmhandroid.ui.AppActivity@9fa6f52 in: STOPPED
12-08 10:41:02.075 11839 11839 V ActivityScenario: Update currentActivityStage to STOPPED, currentActivity=ru.iteco.fmhandroid.ui.AppActivity@9fa6f52
12-08 10:41:02.091 11839 11839 W System.err: ru.iteco.fmhandroid.exceptions.UnknownException
12-08 10:41:02.091 11839 11839 W System.err: 	at ru.iteco.fmhandroid.utils.Utils.makeRequest(Utils.kt:123)
12-08 10:41:02.093 11839 11839 W System.err: 	at ru.iteco.fmhandroid.utils.Utils$makeRequest$1.invokeSuspend(Unknown Source:15)
12-08 10:41:02.094 11839 11839 W System.err: 	at kotlin.coroutines.jvm.internal.BaseContinuationImpl.resumeWith(ContinuationImpl.kt:33)
12-08 10:41:02.094 11839 11839 W System.err: 	at kotlinx.coroutines.DispatchedTaskKt.resume(DispatchedTask.kt:234)
12-08 10:41:02.095  2018 11055 D ConnectivityService: requestNetwork for uid/pid:10129/8344 NetworkRequest [ TRACK_DEFAULT id=142, [ Capabilities: INTERNET&NOT_RESTRICTED&TRUSTED Uid: 10129] ]
12-08 10:41:02.101  2018  2136 D UntrustedWifiNetworkFactory: got request NetworkRequest [ TRACK_DEFAULT id=142, [ Capabilities: INTERNET&NOT_RESTRICTED&TRUSTED Uid: 10129] ] with score 50 and serial 2
12-08 10:41:02.103  2018  2136 D WifiNetworkFactory: got request NetworkRequest [ TRACK_DEFAULT id=142, [ Capabilities: INTERNET&NOT_RESTRICTED&TRUSTED Uid: 10129] ] with score 50 and serial 2
12-08 10:41:02.109 11839 11839 W System.err: 	at kotlinx.coroutines.DispatchedTaskKt.resumeUnconfined(DispatchedTask.kt:190)
12-08 10:41:02.109  2298  2298 D PhoneSwitcherNetworkRequstListener: got request NetworkRequest [ TRACK_DEFAULT id=142, [ Capabilities: INTERNET&NOT_RESTRICTED&TRUSTED Uid: 10129] ] with score 50 and serial 2
12-08 10:41:02.109 11839 11839 W System.err: 	at kotlinx.coroutines.DispatchedTaskKt.dispatch(DispatchedTask.kt:161)
12-08 10:41:02.109 11839 11839 W System.err: 	at kotlinx.coroutines.CancellableContinuationImpl.dispatchResume(CancellableContinuationImpl.kt:397)
12-08 10:41:02.109 11839 11839 W System.err: 	at kotlinx.coroutines.CancellableContinuationImpl.cancel(CancellableContinuationImpl.kt:183)
12-08 10:41:02.109 11839 11839 W System.err: 	at kotlinx.coroutines.CancellableContinuationImpl.parentCancelled$kotlinx_coroutines_core(CancellableContinuationImpl.kt:190)
12-08 10:41:02.109 11839 11839 W System.err: 	at kotlinx.coroutines.ChildContinuation.invoke(JobSupport.kt:1474)
12-08 10:41:02.109 11839 11839 W System.err: 	at kotlinx.coroutines.JobSupport.notifyCancelling(JobSupport.kt:1499)
12-08 10:41:02.109 11839 11839 W System.err: 	at kotlinx.coroutines.JobSupport.tryMakeCancelling(JobSupport.kt:795)
12-08 10:41:02.110 11839 11839 W System.err: 	at kotlinx.coroutines.JobSupport.makeCancelling(JobSupport.kt:755)
12-08 10:41:02.110 11839 11839 W System.err: 	at kotlinx.coroutines.JobSupport.cancelImpl$kotlinx_coroutines_core(JobSupport.kt:671)
12-08 10:41:02.110 11839 11839 W System.err: 	at kotlinx.coroutines.JobSupport.parentCancelled(JobSupport.kt:637)
12-08 10:41:02.110 11839 11839 W System.err: 	at kotlinx.coroutines.ChildHandleNode.invoke(JobSupport.kt:1465)
12-08 10:41:02.110 11839 11839 W System.err: 	at kotlinx.coroutines.JobSupport.notifyCancelling(JobSupport.kt:1499)
12-08 10:41:02.110 11839 11839 W System.err: 	at kotlinx.coroutines.JobSupport.tryMakeCompletingSlowPath(JobSupport.kt:900)
12-08 10:41:02.110 11839 11839 W System.err: 	at kotlinx.coroutines.JobSupport.tryMakeCompleting(JobSupport.kt:863)
12-08 10:41:02.110 11839 11839 W System.err: 	at kotlinx.coroutines.JobSupport.cancelMakeCompleting(JobSupport.kt:696)
12-08 10:41:02.110 11839 11839 W System.err: 	at kotlinx.coroutines.JobSupport.cancelImpl$kotlinx_coroutines_core(JobSupport.kt:667)
12-08 10:41:02.110 11839 11839 W System.err: 	at kotlinx.coroutines.JobSupport.cancelInternal(JobSupport.kt:632)
12-08 10:41:02.111 11839 11839 W System.err: 	at kotlinx.coroutines.JobSupport.cancel(JobSupport.kt:617)
12-08 10:41:02.111 11839 11839 W System.err: 	at kotlinx.coroutines.JobKt__JobKt.cancel(Job.kt:561)
12-08 10:41:02.111 11839 11839 W System.err: 	at kotlinx.coroutines.JobKt.cancel(Unknown Source:1)
12-08 10:41:02.111 11839 11839 W System.err: 	at kotlinx.coroutines.JobKt__JobKt.cancel$default(Job.kt:560)
12-08 10:41:02.112 11839 11839 W System.err: 	at kotlinx.coroutines.JobKt.cancel$default(Unknown Source:1)
12-08 10:41:02.112 11839 11839 W System.err: 	at androidx.lifecycle.CloseableCoroutineScope.close(ViewModel.kt:51)
12-08 10:41:02.112 11839 11839 W System.err: 	at androidx.lifecycle.ViewModel.closeWithRuntimeException(ViewModel.java:188)
12-08 10:41:02.112 11839 11839 W System.err: 	at androidx.lifecycle.ViewModel.clear(ViewModel.java:134)
12-08 10:41:02.113 11839 11839 W System.err: 	at androidx.lifecycle.ViewModelStore.clear(ViewModelStore.java:62)
12-08 10:41:02.113 11839 11839 W System.err: 	at androidx.fragment.app.FragmentManagerViewModel.clearNonConfigStateInternal(FragmentManagerViewModel.java:210)
12-08 10:41:02.113 11839 11839 W System.err: 	at androidx.fragment.app.FragmentManagerViewModel.clearNonConfigState(FragmentManagerViewModel.java:190)
12-08 10:41:02.113 11839 11839 W System.err: 	at androidx.fragment.app.FragmentStateManager.destroy(FragmentStateManager.java:778)
12-08 10:41:02.113 11839 11839 W System.err: 	at androidx.fragment.app.FragmentStateManager.moveToExpectedState(FragmentStateManager.java:335)
12-08 10:41:02.113 11839 11839 W System.err: 	at androidx.fragment.app.FragmentStore.moveToExpectedState(FragmentStore.java:121)
12-08 10:41:02.113 11839 11839 W System.err: 	at androidx.fragment.app.FragmentManager.moveToState(FragmentManager.java:1374)
12-08 10:41:02.113 11839 11839 W System.err: 	at androidx.fragment.app.FragmentManager.dispatchStateChange(FragmentManager.java:2841)
12-08 10:41:02.113 11839 11839 W System.err: 	at androidx.fragment.app.FragmentManager.dispatchDestroy(FragmentManager.java:2820)
12-08 10:41:02.114 11839 11839 W System.err: 	at androidx.fragment.app.Fragment.performDestroy(Fragment.java:3246)
12-08 10:41:02.114 11839 11839 W System.err: 	at androidx.fragment.app.FragmentStateManager.destroy(FragmentStateManager.java:780)
12-08 10:41:02.114 11839 11839 W System.err: 	at androidx.fragment.app.FragmentStateManager.moveToExpectedState(FragmentStateManager.java:335)
12-08 10:41:02.114 11839 11839 W System.err: 	at androidx.fragment.app.SpecialEffectsController$FragmentStateManagerOperation.complete(SpecialEffectsController.java:771)
12-08 10:41:02.114 11839 11839 W System.err: 	at androidx.fragment.app.SpecialEffectsController$Operation.cancel(SpecialEffectsController.java:615)
12-08 10:41:02.114 11839 11839 W System.err: 	at androidx.fragment.app.SpecialEffectsController.forceCompleteAllOperations(SpecialEffectsController.java:350)
12-08 10:41:02.114 11839 11839 W System.err: 	at androidx.fragment.app.FragmentManager.dispatchStateChange(FragmentManager.java:2844)
12-08 10:41:02.115 11839 11839 W System.err: 	at androidx.fragment.app.FragmentManager.dispatchDestroy(FragmentManager.java:2820)
12-08 10:41:02.115 11839 11839 W System.err: 	at androidx.fragment.app.FragmentController.dispatchDestroy(FragmentController.java:345)
12-08 10:41:02.115 11839 11839 W System.err: 	at androidx.fragment.app.FragmentActivity.onDestroy(FragmentActivity.java:306)
12-08 10:41:02.115 11839 11839 W System.err: 	at androidx.appcompat.app.AppCompatActivity.onDestroy(AppCompatActivity.java:278)
12-08 10:41:02.120 11839 11839 W System.err: 	at android.app.Activity.performDestroy(Activity.java:8048)
12-08 10:41:02.121 11839 11839 W System.err: 	at android.app.Instrumentation.callActivityOnDestroy(Instrumentation.java:1334)
12-08 10:41:02.121 11839 11839 W System.err: 	at androidx.test.runner.MonitoringInstrumentation.callActivityOnDestroy(MonitoringInstrumentation.java:766)
12-08 10:41:02.121 11839 11839 W System.err: 	at android.app.ActivityThread.performDestroyActivity(ActivityThread.java:4926)
12-08 10:41:02.121 11839 11839 W System.err: 	at android.app.ActivityThread.handleDestroyActivity(ActivityThread.java:4970)
12-08 10:41:02.121 11839 11839 W System.err: 	at android.app.servertransaction.DestroyActivityItem.execute(DestroyActivityItem.java:44)
12-08 10:41:02.121 11839 11839 W System.err: 	at android.app.servertransaction.TransactionExecutor.executeLifecycleState(TransactionExecutor.java:176)
12-08 10:41:02.121 11839 11839 W System.err: 	at android.app.servertransaction.TransactionExecutor.execute(TransactionExecutor.java:97)
12-08 10:41:02.121 11839 11839 W System.err: 	at android.app.ActivityThread$H.handleMessage(ActivityThread.java:2016)
12-08 10:41:02.121 11839 11839 W System.err: 	at android.os.Handler.dispatchMessage(Handler.java:107)
12-08 10:41:02.121 11839 11839 W System.err: 	at android.os.Looper.loop(Looper.java:214)
12-08 10:41:02.121 11839 11839 W System.err: 	at android.app.ActivityThread.main(ActivityThread.java:7356)
12-08 10:41:02.121 11839 11839 W System.err: 	at java.lang.reflect.Method.invoke(Native Method)
12-08 10:41:02.121 11839 11839 W System.err: 	at com.android.internal.os.RuntimeInit$MethodAndArgsCaller.run(RuntimeInit.java:492)
12-08 10:41:02.122 11839 11839 W System.err: 	at com.android.internal.os.ZygoteInit.main(ZygoteInit.java:930)
12-08 10:41:02.135  2873 11887 V FA-SVC  : Upload scheduled in approximately ms: 1722381
12-08 10:41:02.135  2873 11887 V FA-SVC  : Unscheduling upload
12-08 10:41:02.144 11839 11839 W System.err: ru.iteco.fmhandroid.exceptions.UnknownException
12-08 10:41:02.144 11839 11839 W System.err: 	at ru.iteco.fmhandroid.utils.Utils.makeRequest(Utils.kt:123)
12-08 10:41:02.145  2873 11887 V FA-SVC  : Scheduling upload, millis: 1722381
12-08 10:41:02.158  2873 11887 V FA-SVC  : Background event processing time, ms: 200
12-08 10:41:02.160 11839 11839 W System.err: 	at ru.iteco.fmhandroid.utils.Utils$makeRequest$1.invokeSuspend(Unknown Source:15)
12-08 10:41:02.160 11839 11839 W System.err: 	at kotlin.coroutines.jvm.internal.BaseContinuationImpl.resumeWith(ContinuationImpl.kt:33)
12-08 10:41:02.160 11839 11839 W System.err: 	at kotlinx.coroutines.DispatchedTaskKt.resume(DispatchedTask.kt:234)
12-08 10:41:02.160 11839 11839 W System.err: 	at kotlinx.coroutines.DispatchedTaskKt.resumeUnconfined(DispatchedTask.kt:190)
12-08 10:41:02.162 11839 11839 W System.err: 	at kotlinx.coroutines.DispatchedTaskKt.dispatch(DispatchedTask.kt:161)
12-08 10:41:02.162 11839 11839 W System.err: 	at kotlinx.coroutines.CancellableContinuationImpl.dispatchResume(CancellableContinuationImpl.kt:397)
12-08 10:41:02.162 11839 11839 W System.err: 	at kotlinx.coroutines.CancellableContinuationImpl.cancel(CancellableContinuationImpl.kt:183)
12-08 10:41:02.162 11839 11839 W System.err: 	at kotlinx.coroutines.CancellableContinuationImpl.parentCancelled$kotlinx_coroutines_core(CancellableContinuationImpl.kt:190)
12-08 10:41:02.162 11839 11839 W System.err: 	at kotlinx.coroutines.ChildContinuation.invoke(JobSupport.kt:1474)
12-08 10:41:02.162 11839 11839 W System.err: 	at kotlinx.coroutines.JobSupport.notifyCancelling(JobSupport.kt:1499)
12-08 10:41:02.162 11839 11839 W System.err: 	at kotlinx.coroutines.JobSupport.tryMakeCancelling(JobSupport.kt:795)
12-08 10:41:02.162 11839 11839 W System.err: 	at kotlinx.coroutines.JobSupport.makeCancelling(JobSupport.kt:755)
12-08 10:41:02.163 11839 11839 W System.err: 	at kotlinx.coroutines.JobSupport.cancelImpl$kotlinx_coroutines_core(JobSupport.kt:671)
12-08 10:41:02.163 11839 11839 W System.err: 	at kotlinx.coroutines.JobSupport.parentCancelled(JobSupport.kt:637)
12-08 10:41:02.163 11839 11839 W System.err: 	at kotlinx.coroutines.ChildHandleNode.invoke(JobSupport.kt:1465)
12-08 10:41:02.163 11839 11839 W System.err: 	at kotlinx.coroutines.JobSupport.notifyCancelling(JobSupport.kt:1499)
12-08 10:41:02.163 11839 11839 W System.err: 	at kotlinx.coroutines.JobSupport.tryMakeCompletingSlowPath(JobSupport.kt:900)
12-08 10:41:02.163 11839 11839 W System.err: 	at kotlinx.coroutines.JobSupport.tryMakeCompleting(JobSupport.kt:863)
12-08 10:41:02.163 11839 11839 W System.err: 	at kotlinx.coroutines.JobSupport.cancelMakeCompleting(JobSupport.kt:696)
12-08 10:41:02.163 11839 11839 W System.err: 	at kotlinx.coroutines.JobSupport.cancelImpl$kotlinx_coroutines_core(JobSupport.kt:667)
12-08 10:41:02.163 11839 11839 W System.err: 	at kotlinx.coroutines.JobSupport.cancelInternal(JobSupport.kt:632)
12-08 10:41:02.164 11839 11839 W System.err: 	at kotlinx.coroutines.JobSupport.cancel(JobSupport.kt:617)
12-08 10:41:02.164 11839 11839 W System.err: 	at kotlinx.coroutines.JobKt__JobKt.cancel(Job.kt:561)
12-08 10:41:02.164 11839 11839 W System.err: 	at kotlinx.coroutines.JobKt.cancel(Unknown Source:1)
12-08 10:41:02.164 11839 11839 W System.err: 	at kotlinx.coroutines.JobKt__JobKt.cancel$default(Job.kt:560)
12-08 10:41:02.164 11839 11839 W System.err: 	at kotlinx.coroutines.JobKt.cancel$default(Unknown Source:1)
12-08 10:41:02.164 11839 11839 W System.err: 	at androidx.lifecycle.CloseableCoroutineScope.close(ViewModel.kt:51)
12-08 10:41:02.164 11839 11839 W System.err: 	at androidx.lifecycle.ViewModel.closeWithRuntimeException(ViewModel.java:188)
12-08 10:41:02.164 11839 11839 W System.err: 	at androidx.lifecycle.ViewModel.clear(ViewModel.java:134)
12-08 10:41:02.164 11839 11839 W System.err: 	at androidx.lifecycle.ViewModelStore.clear(ViewModelStore.java:62)
12-08 10:41:02.165 11839 11839 W System.err: 	at androidx.fragment.app.FragmentManagerViewModel.clearNonConfigStateInternal(FragmentManagerViewModel.java:210)
12-08 10:41:02.165 11839 11839 W System.err: 	at androidx.fragment.app.FragmentManagerViewModel.clearNonConfigState(FragmentManagerViewModel.java:190)
12-08 10:41:02.165 11839 11839 W System.err: 	at androidx.fragment.app.FragmentStateManager.destroy(FragmentStateManager.java:778)
12-08 10:41:02.165 11839 11839 W System.err: 	at androidx.fragment.app.FragmentStateManager.moveToExpectedState(FragmentStateManager.java:335)
12-08 10:41:02.165 11839 11839 W System.err: 	at androidx.fragment.app.FragmentStore.moveToExpectedState(FragmentStore.java:121)
12-08 10:41:02.165 11839 11839 W System.err: 	at androidx.fragment.app.FragmentManager.moveToState(FragmentManager.java:1374)
12-08 10:41:02.165 11839 11839 W System.err: 	at androidx.fragment.app.FragmentManager.dispatchStateChange(FragmentManager.java:2841)
12-08 10:41:02.165 11839 11839 W System.err: 	at androidx.fragment.app.FragmentManager.dispatchDestroy(FragmentManager.java:2820)
12-08 10:41:02.166 11839 11839 W System.err: 	at androidx.fragment.app.Fragment.performDestroy(Fragment.java:3246)
12-08 10:41:02.166 11839 11839 W System.err: 	at androidx.fragment.app.FragmentStateManager.destroy(FragmentStateManager.java:780)
12-08 10:41:02.166 11839 11839 W System.err: 	at androidx.fragment.app.FragmentStateManager.moveToExpectedState(FragmentStateManager.java:335)
12-08 10:41:02.166 11839 11839 W System.err: 	at androidx.fragment.app.SpecialEffectsController$FragmentStateManagerOperation.complete(SpecialEffectsController.java:771)
12-08 10:41:02.166 11839 11839 W System.err: 	at androidx.fragment.app.SpecialEffectsController$Operation.cancel(SpecialEffectsController.java:615)
12-08 10:41:02.166 11839 11839 W System.err: 	at androidx.fragment.app.SpecialEffectsController.forceCompleteAllOperations(SpecialEffectsController.java:350)
12-08 10:41:02.166 11839 11839 W System.err: 	at androidx.fragment.app.FragmentManager.dispatchStateChange(FragmentManager.java:2844)
12-08 10:41:02.166 11839 11839 W System.err: 	at androidx.fragment.app.FragmentManager.dispatchDestroy(FragmentManager.java:2820)
12-08 10:41:02.166 11839 11839 W System.err: 	at androidx.fragment.app.FragmentController.dispatchDestroy(FragmentController.java:345)
12-08 10:41:02.166 11839 11839 W System.err: 	at androidx.fragment.app.FragmentActivity.onDestroy(FragmentActivity.java:306)
12-08 10:41:02.166 11839 11839 W System.err: 	at androidx.appcompat.app.AppCompatActivity.onDestroy(AppCompatActivity.java:278)
12-08 10:41:02.166 11839 11839 W System.err: 	at android.app.Activity.performDestroy(Activity.java:8048)
12-08 10:41:02.166 11839 11839 W System.err: 	at android.app.Instrumentation.callActivityOnDestroy(Instrumentation.java:1334)
12-08 10:41:02.166 11839 11839 W System.err: 	at androidx.test.runner.MonitoringInstrumentation.callActivityOnDestroy(MonitoringInstrumentation.java:766)
12-08 10:41:02.166 11839 11839 W System.err: 	at android.app.ActivityThread.performDestroyActivity(ActivityThread.java:4926)
12-08 10:41:02.166 11839 11839 W System.err: 	at android.app.ActivityThread.handleDestroyActivity(ActivityThread.java:4970)
12-08 10:41:02.167 11839 11839 W System.err: 	at android.app.servertransaction.DestroyActivityItem.execute(DestroyActivityItem.java:44)
12-08 10:41:02.167 11839 11839 W System.err: 	at android.app.servertransaction.TransactionExecutor.executeLifecycleState(TransactionExecutor.java:176)
12-08 10:41:02.167 11839 11839 W System.err: 	at android.app.servertransaction.TransactionExecutor.execute(TransactionExecutor.java:97)
12-08 10:41:02.167 11839 11839 W System.err: 	at android.app.ActivityThread$H.handleMessage(ActivityThread.java:2016)
12-08 10:41:02.167 11839 11839 W System.err: 	at android.os.Handler.dispatchMessage(Handler.java:107)
12-08 10:41:02.167 11839 11839 W System.err: 	at android.os.Looper.loop(Looper.java:214)
12-08 10:41:02.167 11839 11839 W System.err: 	at android.app.ActivityThread.main(ActivityThread.java:7356)
12-08 10:41:02.167 11839 11839 W System.err: 	at java.lang.reflect.Method.invoke(Native Method)
12-08 10:41:02.167 11839 11839 W System.err: 	at com.android.internal.os.RuntimeInit$MethodAndArgsCaller.run(RuntimeInit.java:492)
12-08 10:41:02.167 11839 11839 W System.err: 	at com.android.internal.os.ZygoteInit.main(ZygoteInit.java:930)
12-08 10:41:02.194  1776  1927 D gralloc_ranchu: gralloc_alloc: Creating ashmem region of size 10108928
12-08 10:41:02.199 11839 11839 W System.err: ru.iteco.fmhandroid.exceptions.UnknownException
12-08 10:41:02.199 11839 11839 W System.err: 	at ru.iteco.fmhandroid.utils.Utils.makeRequest(Utils.kt:123)
12-08 10:41:02.199 11839 11839 W System.err: 	at ru.iteco.fmhandroid.utils.Utils$makeRequest$1.invokeSuspend(Unknown Source:15)
12-08 10:41:02.199 11839 11839 W System.err: 	at kotlin.coroutines.jvm.internal.BaseContinuationImpl.resumeWith(ContinuationImpl.kt:33)
12-08 10:41:02.199 11839 11839 W System.err: 	at kotlinx.coroutines.DispatchedTaskKt.resume(DispatchedTask.kt:234)
12-08 10:41:02.199 11839 11839 W System.err: 	at kotlinx.coroutines.DispatchedTaskKt.resumeUnconfined(DispatchedTask.kt:190)
12-08 10:41:02.199 11839 11839 W System.err: 	at kotlinx.coroutines.DispatchedTaskKt.dispatch(DispatchedTask.kt:161)
12-08 10:41:02.199 11839 11839 W System.err: 	at kotlinx.coroutines.CancellableContinuationImpl.dispatchResume(CancellableContinuationImpl.kt:397)
12-08 10:41:02.200 11839 11839 W System.err: 	at kotlinx.coroutines.CancellableContinuationImpl.cancel(CancellableContinuationImpl.kt:183)
12-08 10:41:02.200 11839 11839 W System.err: 	at kotlinx.coroutines.CancellableContinuationImpl.parentCancelled$kotlinx_coroutines_core(CancellableContinuationImpl.kt:190)
12-08 10:41:02.200 11839 11839 W System.err: 	at kotlinx.coroutines.ChildContinuation.invoke(JobSupport.kt:1474)
12-08 10:41:02.200 11839 11839 W System.err: 	at kotlinx.coroutines.JobSupport.notifyCancelling(JobSupport.kt:1499)
12-08 10:41:02.200 11839 11839 W System.err: 	at kotlinx.coroutines.JobSupport.tryMakeCancelling(JobSupport.kt:795)
12-08 10:41:02.200 11839 11839 W System.err: 	at kotlinx.coroutines.JobSupport.makeCancelling(JobSupport.kt:755)
12-08 10:41:02.200 11839 11839 W System.err: 	at kotlinx.coroutines.JobSupport.cancelImpl$kotlinx_coroutines_core(JobSupport.kt:671)
12-08 10:41:02.201 11839 11839 W System.err: 	at kotlinx.coroutines.JobSupport.parentCancelled(JobSupport.kt:637)
12-08 10:41:02.201 11839 11839 W System.err: 	at kotlinx.coroutines.ChildHandleNode.invoke(JobSupport.kt:1465)
12-08 10:41:02.201 11839 11839 W System.err: 	at kotlinx.coroutines.JobSupport.notifyCancelling(JobSupport.kt:1499)
12-08 10:41:02.202 11839 11839 W System.err: 	at kotlinx.coroutines.JobSupport.tryMakeCompletingSlowPath(JobSupport.kt:900)
12-08 10:41:02.203 11839 11839 W System.err: 	at kotlinx.coroutines.JobSupport.tryMakeCompleting(JobSupport.kt:863)
12-08 10:41:02.203 11839 11839 W System.err: 	at kotlinx.coroutines.JobSupport.cancelMakeCompleting(JobSupport.kt:696)
12-08 10:41:02.203 11839 11839 W System.err: 	at kotlinx.coroutines.JobSupport.cancelImpl$kotlinx_coroutines_core(JobSupport.kt:667)
12-08 10:41:02.203 11839 11839 W System.err: 	at kotlinx.coroutines.JobSupport.cancelInternal(JobSupport.kt:632)
12-08 10:41:02.203 11839 11839 W System.err: 	at kotlinx.coroutines.JobSupport.cancel(JobSupport.kt:617)
12-08 10:41:02.203 11839 11839 W System.err: 	at kotlinx.coroutines.JobKt__JobKt.cancel(Job.kt:561)
12-08 10:41:02.203 11839 11839 W System.err: 	at kotlinx.coroutines.JobKt.cancel(Unknown Source:1)
12-08 10:41:02.204 11839 11839 W System.err: 	at kotlinx.coroutines.JobKt__JobKt.cancel$default(Job.kt:560)
12-08 10:41:02.205 11839 11839 W System.err: 	at kotlinx.coroutines.JobKt.cancel$default(Unknown Source:1)
12-08 10:41:02.205 11839 11839 W System.err: 	at androidx.lifecycle.CloseableCoroutineScope.close(ViewModel.kt:51)
12-08 10:41:02.205 11839 11839 W System.err: 	at androidx.lifecycle.ViewModel.closeWithRuntimeException(ViewModel.java:188)
12-08 10:41:02.205 11839 11839 W System.err: 	at androidx.lifecycle.ViewModel.clear(ViewModel.java:134)
12-08 10:41:02.205 11839 11839 W System.err: 	at androidx.lifecycle.ViewModelStore.clear(ViewModelStore.java:62)
12-08 10:41:02.205 11839 11839 W System.err: 	at androidx.fragment.app.FragmentManagerViewModel.clearNonConfigStateInternal(FragmentManagerViewModel.java:210)
12-08 10:41:02.205 11839 11839 W System.err: 	at androidx.fragment.app.FragmentManagerViewModel.clearNonConfigState(FragmentManagerViewModel.java:190)
12-08 10:41:02.205 11839 11839 W System.err: 	at androidx.fragment.app.FragmentStateManager.destroy(FragmentStateManager.java:778)
12-08 10:41:02.205 11839 11839 W System.err: 	at androidx.fragment.app.FragmentStateManager.moveToExpectedState(FragmentStateManager.java:335)
12-08 10:41:02.205 11839 11839 W System.err: 	at androidx.fragment.app.FragmentStore.moveToExpectedState(FragmentStore.java:121)
12-08 10:41:02.205 11839 11839 W System.err: 	at androidx.fragment.app.FragmentManager.moveToState(FragmentManager.java:1374)
12-08 10:41:02.205 11839 11839 W System.err: 	at androidx.fragment.app.FragmentManager.dispatchStateChange(FragmentManager.java:2841)
12-08 10:41:02.205 11839 11839 W System.err: 	at androidx.fragment.app.FragmentManager.dispatchDestroy(FragmentManager.java:2820)
12-08 10:41:02.206 11839 11839 W System.err: 	at androidx.fragment.app.Fragment.performDestroy(Fragment.java:3246)
12-08 10:41:02.206 11839 11839 W System.err: 	at androidx.fragment.app.FragmentStateManager.destroy(FragmentStateManager.java:780)
12-08 10:41:02.206 11839 11839 W System.err: 	at androidx.fragment.app.FragmentStateManager.moveToExpectedState(FragmentStateManager.java:335)
12-08 10:41:02.206 11839 11839 W System.err: 	at androidx.fragment.app.SpecialEffectsController$FragmentStateManagerOperation.complete(SpecialEffectsController.java:771)
12-08 10:41:02.206 11839 11839 W System.err: 	at androidx.fragment.app.SpecialEffectsController$Operation.cancel(SpecialEffectsController.java:615)
12-08 10:41:02.206 11839 11839 W System.err: 	at androidx.fragment.app.SpecialEffectsController.forceCompleteAllOperations(SpecialEffectsController.java:350)
12-08 10:41:02.206 11839 11839 W System.err: 	at androidx.fragment.app.FragmentManager.dispatchStateChange(FragmentManager.java:2844)
12-08 10:41:02.206 11839 11839 W System.err: 	at androidx.fragment.app.FragmentManager.dispatchDestroy(FragmentManager.java:2820)
12-08 10:41:02.206 11839 11839 W System.err: 	at androidx.fragment.app.FragmentController.dispatchDestroy(FragmentController.java:345)
12-08 10:41:02.206 11839 11839 W System.err: 	at androidx.fragment.app.FragmentActivity.onDestroy(FragmentActivity.java:306)
12-08 10:41:02.206 11839 11839 W System.err: 	at androidx.appcompat.app.AppCompatActivity.onDestroy(AppCompatActivity.java:278)
12-08 10:41:02.207 11839 11839 W System.err: 	at android.app.Activity.performDestroy(Activity.java:8048)
12-08 10:41:02.207 11839 11839 W System.err: 	at android.app.Instrumentation.callActivityOnDestroy(Instrumentation.java:1334)
12-08 10:41:02.207 11839 11839 W System.err: 	at androidx.test.runner.MonitoringInstrumentation.callActivityOnDestroy(MonitoringInstrumentation.java:766)
12-08 10:41:02.207 11839 11839 W System.err: 	at android.app.ActivityThread.performDestroyActivity(ActivityThread.java:4926)
12-08 10:41:02.207 11839 11839 W System.err: 	at android.app.ActivityThread.handleDestroyActivity(ActivityThread.java:4970)
12-08 10:41:02.207 11839 11839 W System.err: 	at android.app.servertransaction.DestroyActivityItem.execute(DestroyActivityItem.java:44)
12-08 10:41:02.207 11839 11839 W System.err: 	at android.app.servertransaction.TransactionExecutor.executeLifecycleState(TransactionExecutor.java:176)
12-08 10:41:02.207 11839 11839 W System.err: 	at android.app.servertransaction.TransactionExecutor.execute(TransactionExecutor.java:97)
12-08 10:41:02.207 11839 11839 W System.err: 	at android.app.ActivityThread$H.handleMessage(ActivityThread.java:2016)
12-08 10:41:02.207 11839 11839 W System.err: 	at android.os.Handler.dispatchMessage(Handler.java:107)
12-08 10:41:02.207 11839 11839 W System.err: 	at android.os.Looper.loop(Looper.java:214)
12-08 10:41:02.207 11839 11839 W System.err: 	at android.app.ActivityThread.main(ActivityThread.java:7356)
12-08 10:41:02.207 11839 11839 W System.err: 	at java.lang.reflect.Method.invoke(Native Method)
12-08 10:41:02.207 11839 11839 W System.err: 	at com.android.internal.os.RuntimeInit$MethodAndArgsCaller.run(RuntimeInit.java:492)
12-08 10:41:02.207 11839 11839 W System.err: 	at com.android.internal.os.ZygoteInit.main(ZygoteInit.java:930)
12-08 10:41:02.217 11839 11839 D LifecycleMonitor: Lifecycle status change: ru.iteco.fmhandroid.ui.AppActivity@9fa6f52 in: DESTROYED
12-08 10:41:02.217 11839 11839 V ActivityScenario: Update currentActivityStage to DESTROYED, currentActivity=null
12-08 10:41:02.218 11839 11884 I TestRunner: finished: shouldNotCreateEmptyClaim(ru.iteco.fmhandroid.ui.ClaimsCreationFormTest)
12-08 10:41:02.220  8344  8376 D EGL_emulation: eglMakeCurrent: 0xe59ed1c0: ver 2 0 (tinfo 0xe59d9f10)
12-08 10:41:02.254  1776  1927 D gralloc_ranchu: gralloc_alloc: Creating ashmem region of size 10108928
12-08 10:41:02.274  1764  1764 W audio_hw_generic: Not supplying enough data to HAL, expected position 172546015 , only wrote 172207025
12-08 10:41:02.285  2656 10897 E SQLiteDatabase: Error inserting flex_time=1722000 job_id=-1 period=3445000 source=16 requires_charging=0 preferred_network_type=1 target_class=com.google.android.gms.measurement.PackageMeasurementTaskService user_id=0 target_package=com.google.android.gms tag=Measurement.PackageMeasurementTaskService.UPLOAD_TASK_TAG task_type=0 required_idleness_state=0 service_kind=0 source_version=202414000 persistence_level=1 preferred_charging_state=1 required_network_type=0 runtime=1670496062175 retry_strategy={"maximum_backoff_seconds":{"3600":0},"initial_backoff_seconds":{"30":0},"retry_policy":{"0":0}} last_runtime=0
12-08 10:41:02.285  2656 10897 E SQLiteDatabase: android.database.sqlite.SQLiteConstraintException: UNIQUE constraint failed: pending_ops.tag, pending_ops.target_class, pending_ops.target_package, pending_ops.user_id (code 2067 SQLITE_CONSTRAINT_UNIQUE)
12-08 10:41:02.285  2656 10897 E SQLiteDatabase: 	at android.database.sqlite.SQLiteConnection.nativeExecuteForLastInsertedRowId(Native Method)
12-08 10:41:02.285  2656 10897 E SQLiteDatabase: 	at android.database.sqlite.SQLiteConnection.executeForLastInsertedRowId(SQLiteConnection.java:879)
12-08 10:41:02.285  2656 10897 E SQLiteDatabase: 	at android.database.sqlite.SQLiteSession.executeForLastInsertedRowId(SQLiteSession.java:790)
12-08 10:41:02.285  2656 10897 E SQLiteDatabase: 	at android.database.sqlite.SQLiteStatement.executeInsert(SQLiteStatement.java:88)
12-08 10:41:02.285  2656 10897 E SQLiteDatabase: 	at android.database.sqlite.SQLiteDatabase.insertWithOnConflict(SQLiteDatabase.java:1599)
12-08 10:41:02.285  2656 10897 E SQLiteDatabase: 	at android.database.sqlite.SQLiteDatabase.insert(SQLiteDatabase.java:1468)
12-08 10:41:02.285  2656 10897 E SQLiteDatabase: 	at aqui.a(:com.google.android.gms@202414022@20.24.14 (040700-319035315):175)
12-08 10:41:02.285  2656 10897 E SQLiteDatabase: 	at aqtk.a(:com.google.android.gms@202414022@20.24.14 (040700-319035315):182)
12-08 10:41:02.285  2656 10897 E SQLiteDatabase: 	at aqtk.a(:com.google.android.gms@202414022@20.24.14 (040700-319035315):23)
12-08 10:41:02.285  2656 10897 E SQLiteDatabase: 	at aqtk.a(:com.google.android.gms@202414022@20.24.14 (040700-319035315):177)
12-08 10:41:02.285  2656 10897 E SQLiteDatabase: 	at aqpu.run(:com.google.android.gms@202414022@20.24.14 (040700-319035315):9)
12-08 10:41:02.285  2656 10897 E SQLiteDatabase: 	at soy.b(:com.google.android.gms@202414022@20.24.14 (040700-319035315):12)
12-08 10:41:02.285  2656 10897 E SQLiteDatabase: 	at soy.run(:com.google.android.gms@202414022@20.24.14 (040700-319035315):7)
12-08 10:41:02.285  2656 10897 E SQLiteDatabase: 	at java.util.concurrent.ThreadPoolExecutor.runWorker(ThreadPoolExecutor.java:1167)
12-08 10:41:02.285  2656 10897 E SQLiteDatabase: 	at java.util.concurrent.ThreadPoolExecutor$Worker.run(ThreadPoolExecutor.java:641)
12-08 10:41:02.285  2656 10897 E SQLiteDatabase: 	at sux.run(:com.google.android.gms@202414022@20.24.14 (040700-319035315):0)
12-08 10:41:02.285  2656 10897 E SQLiteDatabase: 	at java.lang.Thread.run(Thread.java:919)
12-08 10:41:02.308  8437  8470 D EGL_emulation: eglCreateContext: 0xf0c7da20: maj 2 min 0 rcv 2
12-08 10:41:02.311  8437  8470 D EGL_emulation: eglMakeCurrent: 0xf0c7da20: ver 2 0 (tinfo 0xf0cc0670)
12-08 10:41:02.377  8437  8470 E chromium: [ERROR:gl_surface_egl.cc(342)] eglChooseConfig failed with error EGL_SUCCESS
12-08 10:41:02.382  1776  1927 D gralloc_ranchu: gralloc_alloc: Creating ashmem region of size 9256960
12-08 10:41:02.414  8437  8470 D EGL_emulation: eglCreateContext: 0xf0c7eb00: maj 2 min 0 rcv 2
12-08 10:41:02.416  8437  8470 D EGL_emulation: eglMakeCurrent: 0xf0c7eb00: ver 2 0 (tinfo 0xf0cc0670)
12-08 10:41:02.444  1776  1927 D gralloc_ranchu: gralloc_alloc: Creating ashmem region of size 10108928
12-08 10:41:02.474 11839 11884 I TestRunner: started: shouldCreateAClaimWithATitleWith49Characters(ru.iteco.fmhandroid.ui.ClaimsCreationFormTest)
12-08 10:41:02.505  8437  8470 D EGL_emulation: eglMakeCurrent: 0xe59eb0c0: ver 2 0 (tinfo 0xf0cc0670)
12-08 10:41:02.520  8437  8470 D EGL_emulation: eglMakeCurrent: 0xf0c7eb00: ver 2 0 (tinfo 0xf0cc0670)
12-08 10:41:02.540 11839 11884 W Settings: Setting always_finish_activities has moved from android.provider.Settings.System to android.provider.Settings.Global, returning read-only value.
12-08 10:41:02.546  2018  2130 W ActivityTaskManager: Finishing task with all activities already finished
12-08 10:41:02.546  2018  2130 W ActivityTaskManager: Duplicate finish request for ActivityRecord{64add64 u0 ru.iteco.fmhandroid.test/androidx.test.core.app.InstrumentationActivityInvoker$EmptyActivity t332 f}
12-08 10:41:02.550  2018  2130 I ActivityTaskManager: START u0 {act=android.intent.action.MAIN cat=[android.intent.category.LAUNCHER] flg=0x10008000 cmp=ru.iteco.fmhandroid.test/androidx.test.core.app.InstrumentationActivityInvoker$BootstrapActivity (has extras)} from uid 10146
12-08 10:41:02.606  2018  2139 D ConnectivityService: releasing NetworkRequest [ TRACK_DEFAULT id=142, [ Capabilities: INTERNET&NOT_RESTRICTED&TRUSTED Uid: 10129] ] (release request)
12-08 10:41:02.610  1776  1927 D gralloc_ranchu: gralloc_alloc: Creating ashmem region of size 10108928
12-08 10:41:02.618  2018  3005 W InputReader: Device has associated, but no associated display id.
12-08 10:41:02.621  2018  3005 I chatty  : uid=1000(system) Binder:2018_A identical 38 lines
12-08 10:41:02.621  2018  3005 W InputReader: Device has associated, but no associated display id.
12-08 10:41:02.625 11900 11900 W ActivityThread: handleWindowVisibility: no activity for token android.os.BinderProxy@c2a44b
12-08 10:41:02.628  2018  3005 W InputReader: Device has associated, but no associated display id.
12-08 10:41:02.628  2018  3005 I chatty  : uid=1000(system) Binder:2018_A identical 8 lines
12-08 10:41:02.628  2018  3005 W InputReader: Device has associated, but no associated display id.
12-08 10:41:02.655  1776  1927 D gralloc_ranchu: gralloc_alloc: Creating ashmem region of size 9256960
12-08 10:41:02.663  8437  8470 D EGL_emulation: eglMakeCurrent: 0xe59eb0c0: ver 2 0 (tinfo 0xf0cc0670)
12-08 10:41:02.666  8437  8470 D EGL_emulation: eglMakeCurrent: 0xf0c7eb00: ver 2 0 (tinfo 0xf0cc0670)
12-08 10:41:02.675  8437  8470 D EGL_emulation: eglMakeCurrent: 0xe59eb0c0: ver 2 0 (tinfo 0xf0cc0670)
12-08 10:41:02.676  2018  2130 I ActivityTaskManager: START u0 {act=android.intent.action.MAIN cat=[android.intent.category.LAUNCHER] cmp=ru.iteco.fmhandroid/.ui.AppActivity} from uid 10146
12-08 10:41:02.684  8437  8470 D EGL_emulation: eglMakeCurrent: 0xf0c7eb00: ver 2 0 (tinfo 0xf0cc0670)
12-08 10:41:02.692  2018  2130 W InputReader: Device has associated, but no associated display id.
12-08 10:41:02.695  2018  2130 I chatty  : uid=1000(system) Binder:2018_4 identical 28 lines
12-08 10:41:02.695  2018  2130 W InputReader: Device has associated, but no associated display id.
12-08 10:41:02.698 11839 11839 W ActivityThread: handleWindowVisibility: no activity for token android.os.BinderProxy@2d3189b
12-08 10:41:02.698  2018  2130 W InputReader: Device has associated, but no associated display id.
12-08 10:41:02.701  2018  2130 I chatty  : uid=1000(system) Binder:2018_4 identical 15 lines
12-08 10:41:02.701  2018  2130 W InputReader: Device has associated, but no associated display id.
12-08 10:41:02.701  8437  8470 D EGL_emulation: eglMakeCurrent: 0xe59eb0c0: ver 2 0 (tinfo 0xf0cc0670)
12-08 10:41:02.701  2018  2130 W InputReader: Device has associated, but no associated display id.
12-08 10:41:02.701  2018  2130 I chatty  : uid=1000(system) Binder:2018_4 identical 1 line
12-08 10:41:02.701  2018  2130 W InputReader: Device has associated, but no associated display id.
12-08 10:41:02.705  8437  8470 D EGL_emulation: eglMakeCurrent: 0xf0c7eb00: ver 2 0 (tinfo 0xf0cc0670)
12-08 10:41:02.720  8437  8470 D EGL_emulation: eglMakeCurrent: 0xe59eb0c0: ver 2 0 (tinfo 0xf0cc0670)
12-08 10:41:02.721  8437  8470 D EGL_emulation: eglMakeCurrent: 0xf0c7eb00: ver 2 0 (tinfo 0xf0cc0670)
12-08 10:41:02.734  2018  2054 W InputReader: Device has associated, but no associated display id.
12-08 10:41:02.736  2018  2054 I chatty  : uid=1000(system) android.anim identical 18 lines
12-08 10:41:02.737  2018  2054 W InputReader: Device has associated, but no associated display id.
12-08 10:41:02.738  8437  8470 D EGL_emulation: eglMakeCurrent: 0xe59eb0c0: ver 2 0 (tinfo 0xf0cc0670)
12-08 10:41:02.739  1776  1927 D gralloc_ranchu: gralloc_alloc: Creating ashmem region of size 6471680
12-08 10:41:02.740  8437  8470 D EGL_emulation: eglMakeCurrent: 0xf0c7eb00: ver 2 0 (tinfo 0xf0cc0670)
12-08 10:41:02.757 11839 11839 D LifecycleMonitor: Lifecycle status change: ru.iteco.fmhandroid.ui.AppActivity@d40a377 in: PRE_ON_CREATE
12-08 10:41:02.757 11839 11839 V ActivityScenario: Activity lifecycle changed event received but ignored because the reported transition was not ON_CREATE while the last known transition was PRE_ON_CREATE
12-08 10:41:02.762 11839 11872 V FA      : onActivityCreated
12-08 10:41:02.766 11900 11932 D EGL_emulation: eglMakeCurrent: 0xf0c7f7c0: ver 2 0 (tinfo 0xf0c89d30)
12-08 10:41:02.769  1776  1927 D gralloc_ranchu: gralloc_alloc: Creating ashmem region of size 10108928
12-08 10:41:02.772  8437  8470 D EGL_emulation: eglMakeCurrent: 0xe59eb0c0: ver 2 0 (tinfo 0xf0cc0670)
12-08 10:41:02.807 11839 11839 D LifecycleMonitor: Lifecycle status change: ru.iteco.fmhandroid.ui.AppActivity@d40a377 in: CREATED
12-08 10:41:02.808 11839 11839 V ActivityScenario: Update currentActivityStage to CREATED, currentActivity=ru.iteco.fmhandroid.ui.AppActivity@d40a377
12-08 10:41:02.918  2018  7392 D HostConnection: HostConnection::get() New Host Connection established 0xb22b1870, tid 7392
12-08 10:41:02.918  8437  8470 D EGL_emulation: eglMakeCurrent: 0xf0c7eb00: ver 2 0 (tinfo 0xf0cc0670)
12-08 10:41:02.923  8437  8470 D EGL_emulation: eglMakeCurrent: 0xe59eb0c0: ver 2 0 (tinfo 0xf0cc0670)
12-08 10:41:02.926  8437  8470 D EGL_emulation: eglMakeCurrent: 0xf0c7eb00: ver 2 0 (tinfo 0xf0cc0670)
12-08 10:41:02.931  8437  8470 D EGL_emulation: eglMakeCurrent: 0xe59eb0c0: ver 2 0 (tinfo 0xf0cc0670)
12-08 10:41:02.933  8437  8470 D EGL_emulation: eglMakeCurrent: 0xf0c7eb00: ver 2 0 (tinfo 0xf0cc0670)
12-08 10:41:02.937  8437  8470 D EGL_emulation: eglMakeCurrent: 0xe59eb0c0: ver 2 0 (tinfo 0xf0cc0670)
12-08 10:41:02.939  8437  8470 D EGL_emulation: eglMakeCurrent: 0xf0c7eb00: ver 2 0 (tinfo 0xf0cc0670)
12-08 10:41:02.969  8437  8470 D EGL_emulation: eglMakeCurrent: 0xe59eb0c0: ver 2 0 (tinfo 0xf0cc0670)
12-08 10:41:02.972  8437  8470 D EGL_emulation: eglMakeCurrent: 0xf0c7da20: ver 2 0 (tinfo 0xf0cc0670)
12-08 10:41:02.975  8437  8470 D EGL_emulation: eglMakeCurrent: 0xe59eb0c0: ver 2 0 (tinfo 0xf0cc0670)
12-08 10:41:02.984  8437  8470 D EGL_emulation: eglMakeCurrent: 0xf0c7da20: ver 2 0 (tinfo 0xf0cc0670)
12-08 10:41:02.986  8437  8470 D EGL_emulation: eglMakeCurrent: 0xe59eb0c0: ver 2 0 (tinfo 0xf0cc0670)
12-08 10:41:02.997  8437  8470 D EGL_emulation: eglMakeCurrent: 0xf0c7da20: ver 2 0 (tinfo 0xf0cc0670)
12-08 10:41:03.002  2170  2186 I ndroid.systemu: NativeAlloc concurrent copying GC freed 17788(779KB) AllocSpace objects, 0(0B) LOS objects, 49% free, 5581KB/10MB, paused 1.372ms total 227.385ms
12-08 10:41:03.010  2018  7392 D HostConnection: HostComposition ext ANDROID_EMU_CHECKSUM_HELPER_v1 ANDROID_EMU_dma_v1 ANDROID_EMU_direct_mem ANDROID_EMU_host_composition_v1 ANDROID_EMU_host_composition_v2 ANDROID_EMU_vulkan ANDROID_EMU_deferred_vulkan_commands ANDROID_EMU_vulkan_null_optional_strings ANDROID_EMU_vulkan_create_resources_with_requirements ANDROID_EMU_YUV_Cache ANDROID_EMU_vulkan_ignored_handles ANDROID_EMU_vulkan_free_memory_sync ANDROID_EMU_vulkan_shader_float16_int8 ANDROID_EMU_vulkan_async_queue_submit ANDROID_EMU_sync_buffer_data GL_OES_vertex_array_object GL_KHR_texture_compression_astc_ldr ANDROID_EMU_host_side_tracing ANDROID_EMU_gles_max_version_2 
12-08 10:41:03.011  8344  8376 D EGL_emulation: eglMakeCurrent: 0xe59ed1c0: ver 2 0 (tinfo 0xe59d9f10)
