--------- beginning of main
12-12 07:07:33.677 11133 11133 D ICU     : Time zone APEX file found: /apex/com.android.tzdata/etc/icu/icu_tzdata.dat
12-12 07:07:33.701 11133 11133 W app_process: Unexpected CPU variant for X86 using defaults: x86
12-12 07:07:33.708 11133 11133 I app_process: The ClassLoaderContext is a special shared library.
12-12 07:07:33.753 11133 11133 W app_process: JNI RegisterNativeMethods: attempt to register 0 native methods for android.media.AudioAttributes
12-12 07:07:33.766 11133 11133 D AndroidRuntime: Calling main entry com.android.commands.am.Am
--------- beginning of system
12-12 07:07:33.779  2009  2028 I ActivityManager: Force stopping ru.iteco.fmhandroid appid=10146 user=0: start instr
12-12 07:07:33.796  1746  1746 D Zygote  : Forked child process 11161
12-12 07:07:33.801 11161 11161 I teco.fmhandroi: Late-enabling -Xcheck:jni
12-12 07:07:33.816  2009  2049 I ActivityManager: Start proc 11161:ru.iteco.fmhandroid/u0a146 for added application ru.iteco.fmhandroid
12-12 07:07:33.832 11161 11161 E teco.fmhandroi: Unknown bits set in runtime_flags: 0x8000
12-12 07:07:33.833 11161 11161 W teco.fmhandroi: Unexpected CPU variant for X86 using defaults: x86
12-12 07:07:33.960 11161 11161 I teco.fmhandroi: The ClassLoaderContext is a special shared library.
12-12 07:07:33.967 11161 11161 I teco.fmhandroi: The ClassLoaderContext is a special shared library.
12-12 07:07:34.220 11161 11161 W teco.fmhandroi: ClassLoaderContext classpath size mismatch. expected=0, found=7 (PCL[] | PCL[/system/framework/android.test.runner.jar*3312018701:/system/framework/android.test.mock.jar*3601177991:/data/app/ru.iteco.fmhandroid.test-g28yEPYJO6qfjT3zr-BIbQ==/base.apk*125722370:/data/app/ru.iteco.fmhandroid.test-g28yEPYJO6qfjT3zr-BIbQ==/base.apk!classes2.dex*2301094307:/data/app/ru.iteco.fmhandroid.test-g28yEPYJO6qfjT3zr-BIbQ==/base.apk!classes3.dex*1584118093:/data/app/ru.iteco.fmhandroid.test-g28yEPYJO6qfjT3zr-BIbQ==/base.apk!classes4.dex*1664731391:/data/app/ru.iteco.fmhandroid.test-g28yEPYJO6qfjT3zr-BIbQ==/base.apk!classes5.dex*3565028789])
12-12 07:07:34.228 11161 11161 W teco.fmhandroi: Found duplicate classes, falling back to extracting from APK : /data/app/ru.iteco.fmhandroid-R0QVQlEGwG1IVzN-H3bqog==/base.apk
12-12 07:07:34.228 11161 11161 W teco.fmhandroi: NOTE: This wastes RAM and hurts startup performance.
12-12 07:07:34.228 11161 11161 W teco.fmhandroi: Found duplicated class when checking oat files: 'Lcom/google/common/util/concurrent/ListenableFuture;' in /data/app/ru.iteco.fmhandroid-R0QVQlEGwG1IVzN-H3bqog==/base.apk and /data/app/ru.iteco.fmhandroid.test-g28yEPYJO6qfjT3zr-BIbQ==/base.apk
12-12 07:07:34.228 11161 11161 W teco.fmhandroi: 
12-12 07:07:34.747 11161 11161 I teco.fmhandroi: The ClassLoaderContext is a special shared library.
12-12 07:07:34.748 11161 11161 I teco.fmhandroi: The ClassLoaderContext is a special shared library.
12-12 07:07:35.072 11161 11161 W teco.fmhandroi: ClassLoaderContext classpath size mismatch. expected=0, found=7 (PCL[] | PCL[/system/framework/android.test.runner.jar*3312018701:/system/framework/android.test.mock.jar*3601177991:/data/app/ru.iteco.fmhandroid.test-g28yEPYJO6qfjT3zr-BIbQ==/base.apk*125722370:/data/app/ru.iteco.fmhandroid.test-g28yEPYJO6qfjT3zr-BIbQ==/base.apk!classes2.dex*2301094307:/data/app/ru.iteco.fmhandroid.test-g28yEPYJO6qfjT3zr-BIbQ==/base.apk!classes3.dex*1584118093:/data/app/ru.iteco.fmhandroid.test-g28yEPYJO6qfjT3zr-BIbQ==/base.apk!classes4.dex*1664731391:/data/app/ru.iteco.fmhandroid.test-g28yEPYJO6qfjT3zr-BIbQ==/base.apk!classes5.dex*3565028789];PCL[/system/framework/android.test.runner.jar*3312018701:/system/framework/android.test.mock.jar*3601177991:/data/app/ru.iteco.fmhandroid.test-g28yEPYJO6qfjT3zr-BIbQ==/base.apk*125722370:/data/app/ru.iteco.fmhandroid.test-g28yEPYJO6qfjT3zr-BIbQ==/base.apk!classes2.dex*2301094307:/data/app/ru.iteco.fmhandroid.test-g28yEPYJO6qfjT3zr-BIbQ==/base.apk!classes3.dex*1584118093:/data/app/ru.itec
12-12 07:07:35.073 11161 11161 W teco.fmhandroi: Found duplicate classes, falling back to extracting from APK : /data/app/ru.iteco.fmhandroid-R0QVQlEGwG1IVzN-H3bqog==/base.apk
12-12 07:07:35.073 11161 11161 W teco.fmhandroi: NOTE: This wastes RAM and hurts startup performance.
12-12 07:07:35.073 11161 11161 W teco.fmhandroi: Found duplicated class when checking oat files: 'Landroid/support/v4/app/INotificationSideChannel$Default;' in /data/app/ru.iteco.fmhandroid-R0QVQlEGwG1IVzN-H3bqog==/base.apk and /data/app/ru.iteco.fmhandroid-R0QVQlEGwG1IVzN-H3bqog==/base.apk
12-12 07:07:35.073 11161 11161 W teco.fmhandroi: 
12-12 07:07:35.218  2934  3332 I MicroDetectionWorker: #startMicroDetector [speakerMode: 0]
12-12 07:07:35.222  2934  3332 W ErrorReporter: reportError [type: 211, code: 393244, bug: 0]: errorCode: 393244, engine: 0
12-12 07:07:35.225  2934  3332 I MicroDetector: Keeping mic open: false
12-12 07:07:35.225  2934  3332 I MicroDetectionWorker: #onError(false)
12-12 07:07:35.536 11161 11161 W teco.fmhandroi: Accessing hidden method Landroid/app/Instrumentation;->execStartActivity(Landroid/content/Context;Landroid/os/IBinder;Landroid/os/IBinder;Landroid/app/Activity;Landroid/content/Intent;ILandroid/os/Bundle;)Landroid/app/Instrumentation$ActivityResult; (greylist, linking, allowed)
12-12 07:07:35.536 11161 11161 W teco.fmhandroi: Accessing hidden method Landroid/app/Instrumentation;->execStartActivity(Landroid/content/Context;Landroid/os/IBinder;Landroid/os/IBinder;Ljava/lang/String;Landroid/content/Intent;ILandroid/os/Bundle;)Landroid/app/Instrumentation$ActivityResult; (greylist, linking, allowed)
12-12 07:07:35.551 11161 11161 I MonitoringInstr: newApplication called!
12-12 07:07:35.618 11161 11161 I FirebaseApp: Device unlocked: initializing all Firebase APIs for app [DEFAULT]
12-12 07:07:35.640 11161 11161 I FirebaseCrashlytics: Initializing Firebase Crashlytics 18.2.6 for ru.iteco.fmhandroid
12-12 07:07:35.729 11161 11195 I DynamiteModule: Considering local module com.google.android.gms.measurement.dynamite:55 and remote module com.google.android.gms.measurement.dynamite:15
12-12 07:07:35.730 11161 11195 I DynamiteModule: Selected local version of com.google.android.gms.measurement.dynamite
12-12 07:07:35.881 11161 11161 I FirebaseInitProvider: FirebaseApp initialization successful
12-12 07:07:35.941 11161 11161 I MonitoringInstr: Instrumentation started!
12-12 07:07:35.950 11161 11174 I teco.fmhandroi: Background concurrent copying GC freed 36603(3578KB) AllocSpace objects, 4(80KB) LOS objects, 49% free, 1538KB/3077KB, paused 2.592ms total 113.238ms
12-12 07:07:35.953 11161 11161 D ClassesArgTokenizer: input: ru.iteco.fmhandroid.ui.ControlPanelTest#shouldShowDialogWindowSomethingWrong
12-12 07:07:35.955 11161 11161 D ClassesArgTokenizer: result: [ru.iteco.fmhandroid.ui.ControlPanelTest#shouldShowDialogWindowSomethingWrong]
12-12 07:07:35.955 11161 11161 D ClassesArgTokenizer: input: null
12-12 07:07:35.955 11161 11161 D ClassesArgTokenizer: result: []
12-12 07:07:35.962 11161 11161 V TestEventClient: No service name argument was given (testDiscoveryService, testRunEventService or orchestratorService)
12-12 07:07:35.980 11161 11205 D AndroidJUnitRunner: onStart is called.
12-12 07:07:35.990 11161 11161 I MonitoringInstr: No JSBridge.
12-12 07:07:36.000 11161 11199 V FA      : App measurement collection enabled
12-12 07:07:36.000 11161 11199 V FA      : App measurement enabled for app package, google app id: ru.iteco.fmhandroid, 1:729587742060:android:e7d6f87c783f52b9a42f49
12-12 07:07:36.002 11161 11199 I FA      : App measurement initialized, version: 46000
12-12 07:07:36.002 11161 11199 I FA      : To enable debug logging run: adb shell setprop log.tag.FA VERBOSE
12-12 07:07:36.003 11161 11199 I FA      : To enable faster debug mode event logging run:
12-12 07:07:36.003 11161 11199 I FA      :   adb shell setprop debug.firebase.analytics.app ru.iteco.fmhandroid
12-12 07:07:36.003 11161 11199 D FA      : Debug-level message logging enabled
12-12 07:07:36.021 11161 11205 D TestRequestBuilder: Skipping class path scanning and directly running [ru.iteco.fmhandroid.ui.ControlPanelTest]
12-12 07:07:36.041 11161 11205 D ClassesArgTokenizer: input: ru.iteco.fmhandroid.ui.ControlPanelTest#shouldShowDialogWindowSomethingWrong
12-12 07:07:36.041 11161 11205 D ClassesArgTokenizer: result: [ru.iteco.fmhandroid.ui.ControlPanelTest#shouldShowDialogWindowSomethingWrong]
12-12 07:07:36.041 11161 11205 D ClassesArgTokenizer: input: null
12-12 07:07:36.041 11161 11205 D ClassesArgTokenizer: result: []
12-12 07:07:36.080 11161 11205 D AndroidJUnitRunner: Use the raw file system for managing file I/O.
12-12 07:07:36.092 11161 11205 D TestExecutor: Adding listener androidx.test.internal.runner.listener.LogRunListener
12-12 07:07:36.093 11161 11205 D TestExecutor: Adding listener androidx.test.internal.runner.listener.InstrumentationResultPrinter
12-12 07:07:36.093 11161 11205 D TestExecutor: Adding listener androidx.test.internal.runner.listener.ActivityFinisherRunListener
12-12 07:07:36.093 11161 11205 D TestExecutor: Adding listener androidx.test.internal.runner.listener.TraceRunListener
12-12 07:07:36.105 11161 11205 I TestRunner: run started: 1 tests
12-12 07:07:36.107 11161 11199 V FA      : Connecting to remote service
12-12 07:07:36.143 11161 11199 V FA      : Connection attempt already in progress
12-12 07:07:36.155 11161 11199 V FA      : Connection attempt already in progress
12-12 07:07:36.156 11161 11199 D FA      : Connected to remote service
12-12 07:07:36.156 11161 11199 V FA      : Processing queued up service tasks: 3
12-12 07:07:36.202 11161 11205 I TestRunner: started: shouldShowDialogWindowSomethingWrong(ru.iteco.fmhandroid.ui.ControlPanelTest)
12-12 07:07:36.221  2861 11208 V FA-SVC  : Saving default event parameters, appId, data size: ru.iteco.fmhandroid, 2
12-12 07:07:36.355  2484  3459 E ActivityThread: Failed to find provider info for com.google.android.apps.wellbeing.api
12-12 07:07:36.403  1745 11209 E ResolverController: No valid NAT64 prefix (103, <unspecified>/0)
12-12 07:07:36.529  2009  2009 V SettingsProvider: Notifying for 0: content://settings/secure/accessibility_enabled
12-12 07:07:36.640 11161 11205 W Settings: Setting always_finish_activities has moved from android.provider.Settings.System to android.provider.Settings.Global, returning read-only value.
12-12 07:07:36.653  2009  2307 I ActivityTaskManager: START u0 {act=android.intent.action.MAIN cat=[android.intent.category.LAUNCHER] flg=0x10008000 cmp=ru.iteco.fmhandroid.test/androidx.test.core.app.InstrumentationActivityInvoker$BootstrapActivity (has extras)} from uid 10146
12-12 07:07:36.698  2009  5766 W InputReader: Device has associated, but no associated display id.
12-12 07:07:36.698  2009  5766 I chatty  : uid=1000(system) Binder:2009_15 identical 8 lines
12-12 07:07:36.698  2009  5766 W InputReader: Device has associated, but no associated display id.
12-12 07:07:36.744  1776  1828 D gralloc_ranchu: gralloc_alloc: Creating ashmem region of size 10108928
12-12 07:07:36.747  1746  1746 D Zygote  : Forked child process 11217
12-12 07:07:36.756  2009  2049 W ActivityManager: Slow operation: 56ms so far, now at startProcess: returned from zygote!
12-12 07:07:36.756  2009  2049 W ActivityManager: Slow operation: 57ms so far, now at startProcess: done updating battery stats
12-12 07:07:36.756  2009  2049 W ActivityManager: Slow operation: 57ms so far, now at startProcess: building log message
12-12 07:07:36.756  2009  2049 I ActivityManager: Start proc 11217:ru.iteco.fmhandroid.test/u0a147 for activity {ru.iteco.fmhandroid.test/androidx.test.core.app.InstrumentationActivityInvoker$BootstrapActivity}
12-12 07:07:36.756  2009  2049 W ActivityManager: Slow operation: 57ms so far, now at startProcess: starting to update pids map
12-12 07:07:36.757 11217 11217 I fmhandroid.tes: Late-enabling -Xcheck:jni
12-12 07:07:36.758  2009  2049 W ActivityManager: Slow operation: 59ms so far, now at startProcess: done updating pids map
12-12 07:07:36.795 11217 11217 E fmhandroid.tes: Unknown bits set in runtime_flags: 0x8000
12-12 07:07:36.797 11217 11217 W fmhandroid.tes: Unexpected CPU variant for X86 using defaults: x86
12-12 07:07:36.846  1776  1828 D gralloc_ranchu: gralloc_alloc: Creating ashmem region of size 1617920
12-12 07:07:36.851  2009  2307 W InputReader: Device has associated, but no associated display id.
12-12 07:07:36.865  2009  2307 I chatty  : uid=1000(system) Binder:2009_5 identical 28 lines
12-12 07:07:36.865  2009  2307 W InputReader: Device has associated, but no associated display id.
12-12 07:07:36.871  2009  2043 W InputReader: Device has associated, but no associated display id.
12-12 07:07:36.871  2009  2043 I chatty  : uid=1000(system) android.anim identical 8 lines
12-12 07:07:36.871  2009  2043 W InputReader: Device has associated, but no associated display id.
12-12 07:07:36.886  2484  3096 D EGL_emulation: eglMakeCurrent: 0xe7a7f6a0: ver 2 0 (tinfo 0xdc8104f0)
12-12 07:07:36.898  2934  3550 D EGL_emulation: eglMakeCurrent: 0xb4f69600: ver 2 0 (tinfo 0xb7b06800)
12-12 07:07:36.905 11217 11217 I fmhandroid.tes: The ClassLoaderContext is a special shared library.
12-12 07:07:36.909  2161  2570 D EGL_emulation: eglMakeCurrent: 0xe7a7fbe0: ver 2 0 (tinfo 0xd11aea40)
12-12 07:07:36.916 11217 11217 I fmhandroid.tes: The ClassLoaderContext is a special shared library.
12-12 07:07:36.938  2009  6315 D HostConnection: HostConnection::get() New Host Connection established 0xb75316c0, tid 6315
12-12 07:07:36.971  2009  6315 D HostConnection: HostComposition ext ANDROID_EMU_CHECKSUM_HELPER_v1 ANDROID_EMU_dma_v1 ANDROID_EMU_direct_mem ANDROID_EMU_host_composition_v1 ANDROID_EMU_host_composition_v2 ANDROID_EMU_vulkan ANDROID_EMU_deferred_vulkan_commands ANDROID_EMU_vulkan_null_optional_strings ANDROID_EMU_vulkan_create_resources_with_requirements ANDROID_EMU_YUV_Cache ANDROID_EMU_vulkan_ignored_handles ANDROID_EMU_vulkan_free_memory_sync ANDROID_EMU_vulkan_shader_float16_int8 ANDROID_EMU_vulkan_async_queue_submit ANDROID_EMU_sync_buffer_data GL_OES_vertex_array_object GL_KHR_texture_compression_astc_ldr ANDROID_EMU_host_side_tracing ANDROID_EMU_gles_max_version_2 
12-12 07:07:36.976  2009  6315 W OpenGLRenderer: Failed to choose config with EGL_SWAP_BEHAVIOR_PRESERVED, retrying without...
12-12 07:07:37.024  2009  6315 D EGL_emulation: eglCreateContext: 0xd114a980: maj 2 min 0 rcv 2
12-12 07:07:37.028  2009  6315 D EGL_emulation: eglMakeCurrent: 0xd114a980: ver 2 0 (tinfo 0xb8699400)
12-12 07:07:37.033  2009  6599 D HostConnection: HostConnection::get() New Host Connection established 0xb7cda240, tid 6599
12-12 07:07:37.075  2009  6599 D HostConnection: HostComposition ext ANDROID_EMU_CHECKSUM_HELPER_v1 ANDROID_EMU_dma_v1 ANDROID_EMU_direct_mem ANDROID_EMU_host_composition_v1 ANDROID_EMU_host_composition_v2 ANDROID_EMU_vulkan ANDROID_EMU_deferred_vulkan_commands ANDROID_EMU_vulkan_null_optional_strings ANDROID_EMU_vulkan_create_resources_with_requirements ANDROID_EMU_YUV_Cache ANDROID_EMU_vulkan_ignored_handles ANDROID_EMU_vulkan_free_memory_sync ANDROID_EMU_vulkan_shader_float16_int8 ANDROID_EMU_vulkan_async_queue_submit ANDROID_EMU_sync_buffer_data GL_OES_vertex_array_object GL_KHR_texture_compression_astc_ldr ANDROID_EMU_host_side_tracing ANDROID_EMU_gles_max_version_2 
12-12 07:07:37.248  2009  2022 I system_server: NativeAlloc concurrent copying GC freed 66229(3347KB) AllocSpace objects, 16(464KB) LOS objects, 33% free, 12MB/18MB, paused 676us total 146.135ms
12-12 07:07:37.248  2009  2023 W JHwRemoteBinder: BinderProxy is being destroyed but the application did not call unlinkToDeath to unlink all of its death recipients beforehand.  Releasing leaked death recipient: com.android.server.wifi.-$$Lambda$HalDeviceManager$jNAzj5YlVhwJm5NjZ6HiKskQStI
12-12 07:07:37.253  1792  2405 E SurfaceFlinger: ro.sf.lcd_density must be defined as a build property
12-12 07:07:37.253  1792  2405 E SurfaceFlinger: ro.sf.lcd_density must be defined as a build property
12-12 07:07:37.261 11217 11253 D libEGL  : Emulator has host GPU support, qemu.gles is set to 1.
12-12 07:07:37.264 11217 11253 W libc    : Unable to set property "qemu.gles" to "1": connection failed; errno=13 (Permission denied)
12-12 07:07:37.247 11217 11217 W RenderThread: type=1400 audit(0.0:101): avc: denied { write } for name="property_service" dev="tmpfs" ino=9420 scontext=u:r:untrusted_app:s0:c147,c256,c512,c768 tcontext=u:object_r:property_socket:s0 tclass=sock_file permissive=0 app=ru.iteco.fmhandroid.test
12-12 07:07:37.324 11217 11253 D libEGL  : loaded /vendor/lib/egl/libEGL_emulation.so
12-12 07:07:37.336 11217 11253 D libEGL  : loaded /vendor/lib/egl/libGLESv1_CM_emulation.so
12-12 07:07:37.352 11217 11253 D libEGL  : loaded /vendor/lib/egl/libGLESv2_emulation.so
12-12 07:07:37.367  2009  6599 I ActivityTaskManager: START u0 {act=android.intent.action.MAIN cat=[android.intent.category.LAUNCHER] cmp=ru.iteco.fmhandroid/.ui.AppActivity} from uid 10146
12-12 07:07:37.382  2009  6599 W InputReader: Device has associated, but no associated display id.
12-12 07:07:37.390  2009  6599 I chatty  : uid=1000(system) Binder:2009_1A identical 48 lines
12-12 07:07:37.390  2009  6599 W InputReader: Device has associated, but no associated display id.
12-12 07:07:37.394 11161 11161 W ActivityThread: handleWindowVisibility: no activity for token android.os.BinderProxy@e68a4f6
12-12 07:07:37.396  2009  6599 W InputReader: Device has associated, but no associated display id.
12-12 07:07:37.396  2009  6599 I chatty  : uid=1000(system) Binder:2009_1A identical 8 lines
12-12 07:07:37.396  2009  6599 W InputReader: Device has associated, but no associated display id.
12-12 07:07:37.430  1792  2669 E SurfaceFlinger: ro.sf.lcd_density must be defined as a build property
12-12 07:07:37.432  1792  2669 E SurfaceFlinger: ro.sf.lcd_density must be defined as a build property
12-12 07:07:37.435 11161 11257 D libEGL  : Emulator has host GPU support, qemu.gles is set to 1.
12-12 07:07:37.436 11161 11257 W libc    : Unable to set property "qemu.gles" to "1": connection failed; errno=13 (Permission denied)
12-12 07:07:37.427 11161 11161 W RenderThread: type=1400 audit(0.0:102): avc: denied { write } for name="property_service" dev="tmpfs" ino=9420 scontext=u:r:untrusted_app:s0:c146,c256,c512,c768 tcontext=u:object_r:property_socket:s0 tclass=sock_file permissive=0 app=ru.iteco.fmhandroid
12-12 07:07:37.513 11161 11257 D libEGL  : loaded /vendor/lib/egl/libEGL_emulation.so
12-12 07:07:37.521  2934  3332 W SearchServiceCore: Abort, client detached.
12-12 07:07:37.523 11161 11257 D libEGL  : loaded /vendor/lib/egl/libGLESv1_CM_emulation.so
12-12 07:07:37.527  2934  8586 I PBSessionCacheImpl: Deleted sessionId[703903235858] from persistence.
12-12 07:07:37.537 11161 11257 D libEGL  : loaded /vendor/lib/egl/libGLESv2_emulation.so
12-12 07:07:37.597 11161 11161 D LifecycleMonitor: Lifecycle status change: ru.iteco.fmhandroid.ui.AppActivity@bb51593 in: PRE_ON_CREATE
12-12 07:07:37.598 11161 11161 V ActivityScenario: Activity lifecycle changed event received but ignored because the reported transition was not ON_CREATE while the last known transition was PRE_ON_CREATE
12-12 07:07:37.628 11161 11195 V FA      : onActivityCreated
12-12 07:07:37.636 11161 11161 E teco.fmhandroi: Invalid ID 0x00000000.
12-12 07:07:37.686 11161 11161 W teco.fmhandroi: Accessing hidden method Landroid/view/View;->computeFitSystemWindows(Landroid/graphics/Rect;Landroid/graphics/Rect;)Z (greylist, reflection, allowed)
12-12 07:07:37.687 11161 11161 W teco.fmhandroi: Accessing hidden method Landroid/view/ViewGroup;->makeOptionalFitsSystemWindows()V (greylist, reflection, allowed)
12-12 07:07:37.960 11161 11161 D NetworkSecurityConfig: No Network Security Config specified, using platform default
12-12 07:07:37.988 11161 11161 W teco.fmhandroi: Accessing hidden method Ljava/lang/invoke/MethodHandles$Lookup;-><init>(Ljava/lang/Class;I)V (greylist, reflection, allowed)
12-12 07:07:38.246 11161 11161 D LifecycleMonitor: Lifecycle status change: ru.iteco.fmhandroid.ui.AppActivity@bb51593 in: CREATED
12-12 07:07:38.247 11161 11161 V ActivityScenario: Update currentActivityStage to CREATED, currentActivity=ru.iteco.fmhandroid.ui.AppActivity@bb51593
12-12 07:07:38.491 11161 11161 D LifecycleMonitor: Lifecycle status change: ru.iteco.fmhandroid.ui.AppActivity@bb51593 in: STARTED
12-12 07:07:38.492 11161 11161 V ActivityScenario: Update currentActivityStage to STARTED, currentActivity=ru.iteco.fmhandroid.ui.AppActivity@bb51593
12-12 07:07:38.498 11161 11161 D LifecycleMonitor: Lifecycle status change: ru.iteco.fmhandroid.ui.AppActivity@bb51593 in: RESUMED
12-12 07:07:38.498 11161 11161 V ActivityScenario: Update currentActivityStage to RESUMED, currentActivity=ru.iteco.fmhandroid.ui.AppActivity@bb51593
12-12 07:07:38.500 11161 11199 V FA      : Activity resumed, time: 4284175
12-12 07:07:38.517 11161 11199 I FA      : Tag Manager is not found and thus will not be used
12-12 07:07:38.530 11161 11205 W FileTestStorage: Output properties is not supported.
12-12 07:07:38.532 11161 11205 I Tracing : Tracer added: class androidx.test.platform.tracing.AndroidXTracer
12-12 07:07:38.575 11161 11205 D EventInjectionStrategy: Creating injection strategy with input manager.
12-12 07:07:38.576 11161 11205 W teco.fmhandroi: Accessing hidden method Landroid/hardware/input/InputManager;->getInstance()Landroid/hardware/input/InputManager; (greylist, reflection, allowed)
12-12 07:07:38.576 11161 11205 W teco.fmhandroi: Accessing hidden method Landroid/hardware/input/InputManager;->injectInputEvent(Landroid/view/InputEvent;I)Z (greylist, reflection, allowed)
12-12 07:07:38.576 11161 11205 W teco.fmhandroi: Accessing hidden field Landroid/hardware/input/InputManager;->INJECT_INPUT_EVENT_MODE_WAIT_FOR_FINISH:I (greylist, reflection, allowed)
12-12 07:07:38.631 11161 11255 D HostConnection: HostConnection::get() New Host Connection established 0xd1144e10, tid 11255
12-12 07:07:38.641 11161 11255 D HostConnection: HostComposition ext ANDROID_EMU_CHECKSUM_HELPER_v1 ANDROID_EMU_dma_v1 ANDROID_EMU_direct_mem ANDROID_EMU_host_composition_v1 ANDROID_EMU_host_composition_v2 ANDROID_EMU_vulkan ANDROID_EMU_deferred_vulkan_commands ANDROID_EMU_vulkan_null_optional_strings ANDROID_EMU_vulkan_create_resources_with_requirements ANDROID_EMU_YUV_Cache ANDROID_EMU_vulkan_ignored_handles ANDROID_EMU_vulkan_free_memory_sync ANDROID_EMU_vulkan_shader_float16_int8 ANDROID_EMU_vulkan_async_queue_submit ANDROID_EMU_sync_buffer_data GL_OES_vertex_array_object GL_KHR_texture_compression_astc_ldr ANDROID_EMU_host_side_tracing ANDROID_EMU_gles_max_version_2 
12-12 07:07:38.654 11161 11255 W OpenGLRenderer: Failed to choose config with EGL_SWAP_BEHAVIOR_PRESERVED, retrying without...
12-12 07:07:38.681  2861 11208 V FA-SVC  : Logging event: origin=auto,name=screen_view(_vs),params=Bundle[{ga_event_origin(_o)=auto, ga_screen_class(_sc)=AppActivity, ga_screen_id(_si)=6598812221649978258}]
12-12 07:07:38.690 11161 11255 D EGL_emulation: eglCreateContext: 0xe7a7f940: maj 2 min 0 rcv 2
12-12 07:07:38.696 11161 11255 D EGL_emulation: eglMakeCurrent: 0xe7a7f940: ver 2 0 (tinfo 0xe7a89c30)
12-12 07:07:38.710  1776  1828 D gralloc_ranchu: gralloc_alloc: Creating ashmem region of size 10108928
12-12 07:07:38.713  1650  1650 I hwservicemanager: getTransport: Cannot find entry android.hardware.graphics.mapper@3.0::IMapper/default in either framework or device manifest.
12-12 07:07:38.714 11161 11255 W Gralloc3: mapper 3.x is not supported
12-12 07:07:38.715  2861 11208 V FA-SVC  : Upload scheduled in approximately ms: 2435872
12-12 07:07:38.715  2861 11208 V FA-SVC  : Unscheduling upload
12-12 07:07:38.719  2861 11208 V FA-SVC  : Scheduling upload, millis: 2435872
12-12 07:07:38.719 11161 11255 D HostConnection: createUnique: call
12-12 07:07:38.720 11161 11255 D HostConnection: HostConnection::get() New Host Connection established 0xd1147fc0, tid 11255
12-12 07:07:38.721 11161 11255 D HostConnection: HostComposition ext ANDROID_EMU_CHECKSUM_HELPER_v1 ANDROID_EMU_dma_v1 ANDROID_EMU_direct_mem ANDROID_EMU_host_composition_v1 ANDROID_EMU_host_composition_v2 ANDROID_EMU_vulkan ANDROID_EMU_deferred_vulkan_commands ANDROID_EMU_vulkan_null_optional_strings ANDROID_EMU_vulkan_create_resources_with_requirements ANDROID_EMU_YUV_Cache ANDROID_EMU_vulkan_ignored_handles ANDROID_EMU_vulkan_free_memory_sync ANDROID_EMU_vulkan_shader_float16_int8 ANDROID_EMU_vulkan_async_queue_submit ANDROID_EMU_sync_buffer_data GL_OES_vertex_array_object GL_KHR_texture_compression_astc_ldr ANDROID_EMU_host_side_tracing ANDROID_EMU_gles_max_version_2 
12-12 07:07:38.722 11161 11255 D eglCodecCommon: allocate: Ask for block of size 0x1000
12-12 07:07:38.723 11161 11255 D eglCodecCommon: allocate: ioctl allocate returned offset 0x3ff64b000 size 0x2000
12-12 07:07:38.725  1776  1828 D gralloc_ranchu: gralloc_alloc: Creating ashmem region of size 10108928
12-12 07:07:38.726  2861 11208 V FA-SVC  : Background event processing time, ms: 75
12-12 07:07:38.728  1776  1828 D gralloc_ranchu: gralloc_alloc: Creating ashmem region of size 10108928
12-12 07:07:38.737 11161 11255 D EGL_emulation: eglMakeCurrent: 0xe7a7f940: ver 2 0 (tinfo 0xe7a89c30)
12-12 07:07:38.885  2161  2570 D EGL_emulation: eglMakeCurrent: 0xe7a7fbe0: ver 2 0 (tinfo 0xd11aea40)
12-12 07:07:38.906  2009  2047 I ActivityTaskManager: Displayed ru.iteco.fmhandroid/.ui.AppActivity: +2s221ms
12-12 07:07:38.913 11161 11205 W FileTestStorage: Test input args is not supported.
12-12 07:07:38.930 11161 11205 W teco.fmhandroi: Accessing hidden method Lsun/misc/Unsafe;->getUnsafe()Lsun/misc/Unsafe; (greylist,core-platform-api, linking, allowed)
12-12 07:07:38.930 11161 11205 W teco.fmhandroi: Accessing hidden method Lsun/misc/Unsafe;->objectFieldOffset(Ljava/lang/reflect/Field;)J (greylist,core-platform-api, linking, allowed)
12-12 07:07:38.931 11161 11205 W teco.fmhandroi: Accessing hidden method Lsun/misc/Unsafe;->putObject(Ljava/lang/Object;JLjava/lang/Object;)V (greylist, linking, allowed)
12-12 07:07:38.937 11161 11205 W teco.fmhandroi: Accessing hidden method Lsun/misc/Unsafe;->compareAndSwapObject(Ljava/lang/Object;JLjava/lang/Object;Ljava/lang/Object;)Z (greylist, linking, allowed)
12-12 07:07:38.937 11161 11205 W teco.fmhandroi: Accessing hidden method Lsun/misc/Unsafe;->getObject(Ljava/lang/Object;J)Ljava/lang/Object; (greylist, linking, allowed)
12-12 07:07:38.955 11161 11161 W teco.fmhandroi: Accessing hidden method Landroid/os/MessageQueue;->next()Landroid/os/Message; (greylist, reflection, allowed)
12-12 07:07:38.955 11161 11161 W teco.fmhandroi: Accessing hidden field Landroid/os/MessageQueue;->mMessages:Landroid/os/Message; (greylist, reflection, allowed)
12-12 07:07:38.956 11161 11161 W teco.fmhandroi: Accessing hidden method Landroid/os/Message;->recycleUnchecked()V (greylist, reflection, allowed)
12-12 07:07:38.970 11161 11161 W teco.fmhandroi: Accessing hidden method Landroid/view/WindowManagerGlobal;->getInstance()Landroid/view/WindowManagerGlobal; (greylist, reflection, allowed)
12-12 07:07:38.971 11161 11161 W teco.fmhandroi: Accessing hidden field Landroid/view/WindowManagerGlobal;->mViews:Ljava/util/ArrayList; (greylist, reflection, allowed)
12-12 07:07:38.971 11161 11161 W teco.fmhandroi: Accessing hidden field Landroid/view/WindowManagerGlobal;->mParams:Ljava/util/ArrayList; (greylist, reflection, allowed)
12-12 07:07:38.998 11161 11161 I ViewInteraction: Performing 'wait for a specific view with <(an instance of android.widget.TextView and view.getText() with or without transformation to match: is "Authorization" and view.getParent() view.getParent() view.getId() is <2131231186>)> during 10000 millis.' action on view view.getRootView() to equal view
12-12 07:07:41.491 11161 11161 W teco.fmhandroi: Accessing hidden field Lsun/misc/Unsafe;->theUnsafe:Lsun/misc/Unsafe; (greylist, reflection, allowed)
12-12 07:07:41.496 11161 11161 W teco.fmhandroi: Accessing hidden method Lsun/misc/Unsafe;->allocateInstance(Ljava/lang/Class;)Ljava/lang/Object; (greylist, reflection, allowed)
12-12 07:07:41.526 11161 11264 I okhttp.OkHttpClient: --> GET http://www.981757-ca08998.tmweb.ru:8080/fmh/authentication/userInfo
12-12 07:07:41.526 11161 11264 I okhttp.OkHttpClient: --> END GET
12-12 07:07:41.723  1745 11265 E ResolverController: No valid NAT64 prefix (103, <unspecified>/0)
12-12 07:07:42.044 11161 11264 I okhttp.OkHttpClient: <-- 200 http://www.981757-ca08998.tmweb.ru:8080/fmh/authentication/userInfo (517ms)
12-12 07:07:42.044 11161 11264 I okhttp.OkHttpClient: Vary: Origin
12-12 07:07:42.063 11161 11264 I okhttp.OkHttpClient: Vary: Access-Control-Request-Method
12-12 07:07:42.063 11161 11264 I okhttp.OkHttpClient: Vary: Access-Control-Request-Headers
12-12 07:07:42.063 11161 11264 I okhttp.OkHttpClient: X-Content-Type-Options: nosniff
12-12 07:07:42.064 11161 11264 I okhttp.OkHttpClient: X-XSS-Protection: 1; mode=block
12-12 07:07:42.064 11161 11264 I okhttp.OkHttpClient: Cache-Control: no-cache, no-store, max-age=0, must-revalidate
12-12 07:07:42.064 11161 11264 I okhttp.OkHttpClient: Pragma: no-cache
12-12 07:07:42.065 11161 11264 I okhttp.OkHttpClient: Expires: 0
12-12 07:07:42.065 11161 11264 I okhttp.OkHttpClient: X-Frame-Options: DENY
12-12 07:07:42.065 11161 11264 I okhttp.OkHttpClient: Content-Type: application/json
12-12 07:07:42.065 11161 11264 I okhttp.OkHttpClient: Transfer-Encoding: chunked
12-12 07:07:42.066 11161 11264 I okhttp.OkHttpClient: Date: Mon, 12 Dec 2022 12:07:43 GMT
12-12 07:07:42.066 11161 11264 I okhttp.OkHttpClient: Keep-Alive: timeout=60
12-12 07:07:42.066 11161 11264 I okhttp.OkHttpClient: Connection: keep-alive
12-12 07:07:42.072 11161 11264 I okhttp.OkHttpClient: {"id":1,"firstName":"Ivan","lastName":"Ivanov","middleName":"Ivanovich","admin":true}
12-12 07:07:42.072 11161 11264 I okhttp.OkHttpClient: <-- END HTTP (85-byte body)
12-12 07:07:42.149 11161 11268 I okhttp.OkHttpClient: --> GET http://www.981757-ca08998.tmweb.ru:8080/fmh/claims
12-12 07:07:42.149 11161 11268 I okhttp.OkHttpClient: --> END GET
12-12 07:07:42.535 11161 11268 I okhttp.OkHttpClient: <-- 200 http://www.981757-ca08998.tmweb.ru:8080/fmh/claims (385ms)
12-12 07:07:42.535 11161 11268 I okhttp.OkHttpClient: Vary: Origin
12-12 07:07:42.535 11161 11268 I okhttp.OkHttpClient: Vary: Access-Control-Request-Method
12-12 07:07:42.535 11161 11268 I okhttp.OkHttpClient: Vary: Access-Control-Request-Headers
12-12 07:07:42.535 11161 11268 I okhttp.OkHttpClient: X-Content-Type-Options: nosniff
12-12 07:07:42.535 11161 11268 I okhttp.OkHttpClient: X-XSS-Protection: 1; mode=block
12-12 07:07:42.535 11161 11268 I okhttp.OkHttpClient: Cache-Control: no-cache, no-store, max-age=0, must-revalidate
12-12 07:07:42.536 11161 11268 I okhttp.OkHttpClient: Pragma: no-cache
12-12 07:07:42.536 11161 11268 I okhttp.OkHttpClient: Expires: 0
12-12 07:07:42.536 11161 11268 I okhttp.OkHttpClient: X-Frame-Options: DENY
12-12 07:07:42.536 11161 11268 I okhttp.OkHttpClient: Content-Type: application/json
12-12 07:07:42.536 11161 11268 I okhttp.OkHttpClient: Transfer-Encoding: chunked
12-12 07:07:42.536 11161 11268 I okhttp.OkHttpClient: Date: Mon, 12 Dec 2022 12:07:43 GMT
12-12 07:07:42.536 11161 11268 I okhttp.OkHttpClient: Keep-Alive: timeout=60
12-12 07:07:42.536 11161 11268 I okhttp.OkHttpClient: Connection: keep-alive
12-12 07:07:42.537 11161 11268 I okhttp.OkHttpClient: [{"id":1,"title":"Claim 123","description":"123","creatorId":1,"executorId":1,"createDate":1670755198,"planExecuteDate":1670755140,"factExecuteDate":null,"status":"IN_PROGRESS","creatorName":"Ivanov Ivan Ivanovich","executorName":"Ivanov Ivan Ivanovich"},{"id":2,"title":"Заголовок 2c46380b-5d43-44f2-a02c-41b8c09710c2","description":"Описание 588c11cc-6a11-4eec-ae49-0f630caace41","creatorId":1,"executorId":null,"createDate":1670845808,"planExecuteDate":1670845740,"factExecuteDate":null,"status":"OPEN","creatorName":"Ivanov Ivan Ivanovich","executorName":null},{"id":3,"title":"Заголовок 0eb4b025-6e34-4957-a1e2-a64912e9444b","description":"Описание 8c51d595-ebb4-430e-9bca-70b11c41cac1","creatorId":1,"executorId":null,"createDate":1670845969,"planExecuteDate":1670845920,"factExecuteDate":null,"status":"OPEN","creatorName":"Ivanov Ivan Ivanovich","executorName":null},{"id":4,"title":"Заголовок 92efc5ce-93d1-4a0a-ad62-c3016d1e4395","description":"Описание a314ca90-1453-45ca-a603-7e092ce6027d","creatorId":1,"executorId":null,"createDate":1670846098,"planExecuteDate":1670846040,"factExecuteDate":null,"status":"OPEN","creatorName":"Ivanov Ivan Ivanovich","executorName":null},{"id":5,"title":"Заголовок 64e14b41-b72d-4258-b475-2658b3022782","description":"Описание c3cae0e2-3d5e-4476-bbed-88218d828e04","creatorId":1,"executorId":null,"createDate":1670846160,"planExecuteDate":1670846100,"factExecuteDate":null,"status":"OPEN","creatorName":"Ivanov Ivan Ivanovich","executorName":null}]
12-12 07:07:42.537 11161 11268 I okhttp.OkHttpClient: <-- END HTTP (1563-byte body)
12-12 07:07:42.653 11161 11174 I teco.fmhandroi: NativeAlloc concurrent copying GC freed 26602(1407KB) AllocSpace objects, 0(0B) LOS objects, 49% free, 3220KB/6441KB, paused 1.301ms total 101.512ms
12-12 07:07:42.674  8263 10523 I LogUtils: [Places]: ?: Couldn't find platform key file. [CONTEXT service_id=253 ]
12-12 07:07:42.694  8263 11271 I LogUtils: [Places]: ?: Couldn't find platform key file. [CONTEXT service_id=253 ]
12-12 07:07:42.708  8263 11025 I LogUtils: [Places]: ?: PlacesBleScanner stop() [CONTEXT service_id=253 ]
12-12 07:07:42.709  8263  8263 I BeaconBle: Scan : No clients left, canceling alarm. [CONTEXT service_id=111 ]
12-12 07:07:42.710  8263  8263 I BeaconBle: Scan canceled successfully. [CONTEXT service_id=111 ]
12-12 07:07:42.725  8263 11025 I PlacesLogger: [PlaceInferenceEngine]: [anon] Changed inference mode: 0 [CONTEXT service_id=253 ]
12-12 07:07:42.774  8263  8345 W GCoreFlp: No location to return for getLastLocation()
12-12 07:07:42.869  8263 11273 I LogUtils: [Places]: ?: Couldn't find platform key file. [CONTEXT service_id=253 ]
12-12 07:07:42.875  8263 11272 I LogUtils: [Places]: ?: Couldn't find platform key file. [CONTEXT service_id=253 ]
12-12 07:07:43.016  8263  8263 I GeofencerStateMachine: removeGeofences: removeRequest=RemoveGeofencingRequest[REMOVE_BY_PENDING_INTENT pendingIntent=PendingIntent[creatorPackage=com.google.android.gms], packageName=com.google.android.gms]
12-12 07:07:43.035 11161 11161 I Choreographer: Skipped 55 frames!  The application may be doing too much work on its main thread.
12-12 07:07:43.384 11161 11255 I OpenGLRenderer: Davey! duration=1270ms; Flags=1, IntendedVsync=4287790173991, Vsync=4288706840621, OldestInputEvent=9223372036854775807, NewestInputEvent=0, HandleInputStart=4288713345640, AnimationStart=4288713457940, PerformTraversalsStart=4288713814140, DrawStart=4288807826340, SyncQueued=4288810685740, SyncStart=4288811409840, IssueDrawCommandsStart=4288812302240, SwapBuffers=4289053473640, FrameCompleted=4289061856240, DequeueBufferDuration=629000, QueueBufferDuration=926000, 
12-12 07:07:44.132 11161 11199 V FA      : Inactivity, disconnecting from the service
12-12 07:07:44.164 11161 11260 E SQLiteLog: (1) too many SQL variables
12-12 07:07:44.190 11161 11161 W System.err: ru.iteco.fmhandroid.exceptions.UnknownException
12-12 07:07:44.190 11161 11161 W System.err: 	at ru.iteco.fmhandroid.utils.Utils.makeRequest(Utils.kt:123)
12-12 07:07:44.190 11161 11161 W System.err: 	at ru.iteco.fmhandroid.utils.Utils$makeRequest$1.invokeSuspend(Unknown Source:15)
12-12 07:07:44.191 11161 11161 W System.err: 	at kotlin.coroutines.jvm.internal.BaseContinuationImpl.resumeWith(ContinuationImpl.kt:33)
12-12 07:07:44.191 11161 11161 W System.err: 	at kotlinx.coroutines.DispatchedTask.run(DispatchedTask.kt:104)
12-12 07:07:44.191 11161 11161 W System.err: 	at android.os.Handler.handleCallback(Handler.java:883)
12-12 07:07:44.191 11161 11161 W System.err: 	at android.os.Handler.dispatchMessage(Handler.java:100)
12-12 07:07:44.191 11161 11161 W System.err: 	at androidx.test.espresso.base.Interrogator.loopAndInterrogate(Interrogator.java:14)
12-12 07:07:44.192 11161 11161 W System.err: 	at androidx.test.espresso.base.UiControllerImpl.loopUntil(UiControllerImpl.java:8)
12-12 07:07:44.192 11161 11161 W System.err: 	at androidx.test.espresso.base.UiControllerImpl.loopUntil(UiControllerImpl.java:1)
12-12 07:07:44.192 11161 11161 W System.err: 	at androidx.test.espresso.base.UiControllerImpl.loopMainThreadForAtLeast(UiControllerImpl.java:7)
12-12 07:07:44.192 11161 11161 W System.err: 	at ru.iteco.fmhandroid.ui.data.ViewActions$1.perform(ViewActions.java:48)
12-12 07:07:44.192 11161 11161 W System.err: 	at androidx.test.espresso.ViewInteraction$SingleExecutionViewAction.perform(ViewInteraction.java:2)
12-12 07:07:44.193 11161 11161 W System.err: 	at androidx.test.espresso.ViewInteraction.doPerform(ViewInteraction.java:25)
12-12 07:07:44.193 11161 11161 W System.err: 	at androidx.test.espresso.ViewInteraction.-$$Nest$mdoPerform(Unknown Source:0)
12-12 07:07:44.193 11161 11161 W System.err: 	at androidx.test.espresso.ViewInteraction$1.call(ViewInteraction.java:7)
12-12 07:07:44.193 11161 11161 W System.err: 	at androidx.test.espresso.ViewInteraction$1.call(ViewInteraction.java:1)
12-12 07:07:44.193 11161 11161 W System.err: 	at java.util.concurrent.FutureTask.run(FutureTask.java:266)
12-12 07:07:44.193 11161 11161 W System.err: 	at android.os.Handler.handleCallback(Handler.java:883)
12-12 07:07:44.194 11161 11161 W System.err: 	at android.os.Handler.dispatchMessage(Handler.java:100)
12-12 07:07:44.194 11161 11161 W System.err: 	at android.os.Looper.loop(Looper.java:214)
12-12 07:07:44.194 11161 11161 W System.err: 	at android.app.ActivityThread.main(ActivityThread.java:7356)
12-12 07:07:44.194 11161 11161 W System.err: 	at java.lang.reflect.Method.invoke(Native Method)
12-12 07:07:44.194 11161 11161 W System.err: 	at com.android.internal.os.RuntimeInit$MethodAndArgsCaller.run(RuntimeInit.java:492)
12-12 07:07:44.194 11161 11161 W System.err: 	at com.android.internal.os.ZygoteInit.main(ZygoteInit.java:930)
12-12 07:07:44.209  2009  2047 E memtrack: Couldn't load memtrack module
12-12 07:07:44.209  2009  2047 W android.os.Debug: failed to get memory consumption info: -1
12-12 07:07:44.262  1776  1828 D gralloc_ranchu: gralloc_alloc: Creating ashmem region of size 438272
12-12 07:07:44.273  1776  1828 I chatty  : uid=1000(system) HwBinder:1776_1 identical 1 line
12-12 07:07:44.275  1776  1828 D gralloc_ranchu: gralloc_alloc: Creating ashmem region of size 438272
12-12 07:07:44.276 11161 11255 D EGL_emulation: eglMakeCurrent: 0xe7a7f940: ver 2 0 (tinfo 0xe7a89c30)
12-12 07:07:47.593  2934  3332 I WorkerManager: dispose()
12-12 07:07:47.594  2934  3332 W ThreadPoolDumper: Queue length for executor EventBus is now 11. Perhaps some tasks are too long, or the pool is too small.
12-12 07:07:47.721 11161 11255 D EGL_emulation: eglMakeCurrent: 0xe7a7f940: ver 2 0 (tinfo 0xe7a89c30)
12-12 07:07:47.729  2009  2468 W NotificationService: Toast already killed. pkg=ru.iteco.fmhandroid callback=android.app.ITransientNotification$Stub$Proxy@3d44aa6
12-12 07:07:47.740  8263  8263 I BeaconBle: Scan : No clients left, canceling alarm. [CONTEXT service_id=111 ]
12-12 07:07:49.080 11161 11161 D takeScreenshot: Found 1 global views to redraw
12-12 07:07:49.105 11161 11255 D EGL_emulation: eglMakeCurrent: 0xe7a7f940: ver 2 0 (tinfo 0xe7a89c30)
12-12 07:07:49.147  1776  1828 D gralloc_ranchu: gralloc_alloc: Creating ashmem region of size 10108928
12-12 07:07:49.213  1650  1650 I hwservicemanager: getTransport: Cannot find entry android.hardware.graphics.mapper@3.0::IMapper/default in either framework or device manifest.
12-12 07:07:49.214 11133 11160 W Gralloc3: mapper 3.x is not supported
12-12 07:07:49.268 11133 11160 D HostConnection: createUnique: call
12-12 07:07:49.269 11133 11160 D HostConnection: HostConnection::get() New Host Connection established 0xf64db4e0, tid 11160
12-12 07:07:49.273 11133 11160 D HostConnection: HostComposition ext ANDROID_EMU_CHECKSUM_HELPER_v1 ANDROID_EMU_dma_v1 ANDROID_EMU_direct_mem ANDROID_EMU_host_composition_v1 ANDROID_EMU_host_composition_v2 ANDROID_EMU_vulkan ANDROID_EMU_deferred_vulkan_commands ANDROID_EMU_vulkan_null_optional_strings ANDROID_EMU_vulkan_create_resources_with_requirements ANDROID_EMU_YUV_Cache ANDROID_EMU_vulkan_ignored_handles ANDROID_EMU_vulkan_free_memory_sync ANDROID_EMU_vulkan_shader_float16_int8 ANDROID_EMU_vulkan_async_queue_submit ANDROID_EMU_sync_buffer_data GL_OES_vertex_array_object GL_KHR_texture_compression_astc_ldr ANDROID_EMU_host_side_tracing ANDROID_EMU_gles_max_version_2 
12-12 07:07:49.274 11133 11160 D eglCodecCommon: allocate: Ask for block of size 0x1000
12-12 07:07:49.275 11133 11160 D eglCodecCommon: allocate: ioctl allocate returned offset 0x3ff649000 size 0x2000
12-12 07:07:49.290  1792  2006 E SurfaceFlinger: ro.sf.lcd_density must be defined as a build property
12-12 07:07:49.293  1792  2006 E SurfaceFlinger: ro.sf.lcd_density must be defined as a build property
12-12 07:07:49.298 11133 11279 D libEGL  : Emulator has host GPU support, qemu.gles is set to 1.
12-12 07:07:49.307 11133 11279 W libc    : Unable to set property "qemu.gles" to "1": error code: 0x18
12-12 07:07:49.308 11133 11279 D libEGL  : loaded /vendor/lib/egl/libEGL_emulation.so
12-12 07:07:49.309 11133 11279 D libEGL  : loaded /vendor/lib/egl/libGLESv1_CM_emulation.so
12-12 07:07:49.310 11133 11279 D libEGL  : loaded /vendor/lib/egl/libGLESv2_emulation.so
12-12 07:07:49.324 11133 11279 D HostConnection: HostConnection::get() New Host Connection established 0xf64db3f0, tid 11279
12-12 07:07:49.325 11133 11279 D HostConnection: HostComposition ext ANDROID_EMU_CHECKSUM_HELPER_v1 ANDROID_EMU_dma_v1 ANDROID_EMU_direct_mem ANDROID_EMU_host_composition_v1 ANDROID_EMU_host_composition_v2 ANDROID_EMU_vulkan ANDROID_EMU_deferred_vulkan_commands ANDROID_EMU_vulkan_null_optional_strings ANDROID_EMU_vulkan_create_resources_with_requirements ANDROID_EMU_YUV_Cache ANDROID_EMU_vulkan_ignored_handles ANDROID_EMU_vulkan_free_memory_sync ANDROID_EMU_vulkan_shader_float16_int8 ANDROID_EMU_vulkan_async_queue_submit ANDROID_EMU_sync_buffer_data GL_OES_vertex_array_object GL_KHR_texture_compression_astc_ldr ANDROID_EMU_host_side_tracing ANDROID_EMU_gles_max_version_2 
12-12 07:07:49.330 11133 11279 W OpenGLRenderer: Failed to choose config with EGL_SWAP_BEHAVIOR_PRESERVED, retrying without...
12-12 07:07:49.383 11133 11279 D EGL_emulation: eglCreateContext: 0xe1028360: maj 2 min 0 rcv 2
12-12 07:07:49.387 11133 11279 D EGL_emulation: eglMakeCurrent: 0xe1028360: ver 2 0 (tinfo 0xe100f370)
12-12 07:07:49.624  2009  5938 I ActivityManager: Killing 9003:com.android.chrome/u0a129 (adj 985): empty #17
12-12 07:07:49.634 11161 11205 W DefaultFailureHandler: Failed to take screenshot
12-12 07:07:49.634 11161 11205 W DefaultFailureHandler: java.io.FileNotFoundException: view-op-error-1.png: open failed: EROFS (Read-only file system)
12-12 07:07:49.634 11161 11205 W DefaultFailureHandler: 	at libcore.io.IoBridge.open(IoBridge.java:496)
12-12 07:07:49.634 11161 11205 W DefaultFailureHandler: 	at java.io.FileOutputStream.<init>(FileOutputStream.java:235)
12-12 07:07:49.634 11161 11205 W DefaultFailureHandler: 	at java.io.FileOutputStream.<init>(FileOutputStream.java:125)
12-12 07:07:49.634 11161 11205 W DefaultFailureHandler: 	at androidx.test.platform.io.FileTestStorage.openOutputFile(FileTestStorage.java:60)
12-12 07:07:49.634 11161 11205 W DefaultFailureHandler: 	at androidx.test.core.graphics.BitmapStorage.writeToTestStorage(BitmapStorageExt.kt:49)
12-12 07:07:49.634 11161 11205 W DefaultFailureHandler: 	at androidx.test.espresso.base.DefaultFailureHandler.takeScreenshot(DefaultFailureHandler.java:4)
12-12 07:07:49.634 11161 11205 W DefaultFailureHandler: 	at androidx.test.espresso.base.DefaultFailureHandler.handle(DefaultFailureHandler.java:3)
12-12 07:07:49.634 11161 11205 W DefaultFailureHandler: 	at androidx.test.espresso.ViewInteraction.waitForAndHandleInteractionResults(ViewInteraction.java:8)
12-12 07:07:49.634 11161 11205 W DefaultFailureHandler: 	at androidx.test.espresso.ViewInteraction.desugaredPerform(ViewInteraction.java:11)
12-12 07:07:49.634 11161 11205 W DefaultFailureHandler: 	at androidx.test.espresso.ViewInteraction.perform(ViewInteraction.java:8)
12-12 07:07:49.634 11161 11205 W DefaultFailureHandler: 	at ru.iteco.fmhandroid.ui.data.TestUtils.waitView(TestUtils.java:61)
12-12 07:07:49.634 11161 11205 W DefaultFailureHandler: 	at ru.iteco.fmhandroid.ui.steps.AuthSteps.isAuthScreen(AuthSteps.java:56)
12-12 07:07:49.634 11161 11205 W DefaultFailureHandler: 	at ru.iteco.fmhandroid.ui.ControlPanelTest.logoutCheckAndOpenControlPanelPage(ControlPanelTest.java:58)
12-12 07:07:49.634 11161 11205 W DefaultFailureHandler: 	at java.lang.reflect.Method.invoke(Native Method)
12-12 07:07:49.634 11161 11205 W DefaultFailureHandler: 	at org.junit.runners.model.FrameworkMethod$1.runReflectiveCall(FrameworkMethod.java:59)
12-12 07:07:49.634 11161 11205 W DefaultFailureHandler: 	at org.junit.internal.runners.model.ReflectiveCallable.run(ReflectiveCallable.java:12)
12-12 07:07:49.634 11161 11205 W DefaultFailureHandler: 	at org.junit.runners.model.FrameworkMethod.invokeExplosively(FrameworkMethod.java:56)
12-12 07:07:49.634 11161 11205 W DefaultFailureHandler: 	at androidx.test.internal.runner.junit4.statement.RunBefores.evaluate(RunBefores.java:76)
12-12 07:07:49.634 11161 11205 W DefaultFailureHandler: 	at androidx.test.internal.runner.junit4.statement.RunAfters.evaluate(RunAfters.java:61)
12-12 07:07:49.634 11161 11205 W DefaultFailureHandler: 	at io.qameta.allure.android.rules.ScreenshotRule$apply$1.evaluate(ScreenshotRule.kt:22)
12-12 07:07:49.634 11161 11205 W DefaultFailureHandler: 	at org.junit.rules.ExternalResource$1.evaluate(ExternalResource.java:54)
12-12 07:07:49.634 11161 11205 W DefaultFailureHandler: 	at io.qameta.allure.android.rules.LogcatRule$apply$1.evaluate(LogcatRule.kt:23)
12-12 07:07:49.634 11161 11205 W DefaultFailureHandler: 	at org.junit.rules.RunRules.evaluate(RunRules.java:20)
12-12 07:07:49.634 11161 11205 W DefaultFailureHandler: 	at org.junit.runners.ParentRunner$3.evaluate(ParentRunner.java:306)
12-12 07:07:49.634 11161 11205 W DefaultFailureHandler: 	at org.junit.runners.BlockJUnit4ClassRunner$1.evaluate(BlockJUnit4ClassRunner.java:100)
12-12 07:07:49.634 11161 11205 W DefaultFailureHandler: 	at org.junit.runners.ParentRunner.runLeaf(ParentRunner.java:366)
12-12 07:07:49.634 11161 11205 W DefaultFailureHandler: 	at org.junit.runners.BlockJUnit4ClassRunner.runChild(BlockJUnit4ClassRunner.java:103)
12-12 07:07:49.634 11161 11205 W DefaultFailureHandler: 	at org.junit.runners.BlockJUnit4ClassRunner.runChild(BlockJUnit4ClassRunner.java:63)
12-12 07:07:49.634 11161 11205 W DefaultFailureHandler: 	at org.junit.runners.ParentRunner$4.run(ParentRunner.java:331)
12-12 07:07:49.634 11161 11205 W DefaultFailureHandler: 	at org.junit.runners.ParentRunner$1.schedule(ParentRunner.java:79)
12-12 07:07:49.634 11161 11205 W DefaultFailureHandler: 	at org.junit.runners.ParentRunner.runChildren(ParentRunner.java:329)
12-12 07:07:49.634 11161 11205 W DefaultFailureHandler: 	at org.junit.runners.ParentRunner.access$100(ParentRunner.java:66)
12-12 07:07:49.634 11161 11205 W DefaultFailureHandler: 	at org.junit.runners.ParentRunner$2.evaluate(ParentRunner.java:293)
12-12 07:07:49.634 11161 11205 W DefaultFailureHandler: 	at org.junit.runners.ParentRunner$3.evaluate(ParentRunner.java:306)
12-12 07:07:49.634 11161 11205 W DefaultFailureHandler: 	at org.junit.runners.ParentRunner.run(ParentRunner.java:413)
12-12 07:07:49.634 11161 11205 W DefaultFailureHandler: 	at androidx.test.ext.junit.runners.AndroidJUnit4.run(AndroidJUnit4.java:162)
12-12 07:07:49.634 11161 11205 W DefaultFailureHandler: 	at io.qameta.allure.android.runners.AllureAndroidJUnit4.run(AllureAndroidJUnitRunners.kt:29)
12-12 07:07:49.634 11161 11205 W DefaultFailureHandler: 	at org.junit.runners.Suite.runChild(Suite.java:128)
12-12 07:07:49.634 11161 11205 W DefaultFailureHandler: 	at org.junit.runners.Suite.runChild(Suite.java:27)
12-12 07:07:49.634 11161 11205 W DefaultFailureHandler: 	at org.junit.runners.ParentRunner$4.run(ParentRunner.java:331)
12-12 07:07:49.634 11161 11205 W DefaultFailureHandler: 	at org.junit.runners.ParentRunner$1.schedule(ParentRunner.java:79)
12-12 07:07:49.634 11161 11205 W DefaultFailureHandler: 	at org.junit.runners.ParentRunner.runChildren(ParentRunner.java:329)
12-12 07:07:49.634 11161 11205 W DefaultFailureHandler: 	at org.junit.runners.ParentRunner.access$100(ParentRunner.java:66)
12-12 07:07:49.634 11161 11205 W DefaultFailureHandler: 	at org.junit.runners.ParentRunner$2.evaluate(ParentRunner.java:293)
12-12 07:07:49.634 11161 11205 W DefaultFailureHandler: 	at org.junit.runners.ParentRunner$3.evaluate(ParentRunner.java:306)
12-12 07:07:49.634 11161 11205 W DefaultFailureHandler: 	at org.junit.runners.ParentRunner.run(ParentRunner.java:413)
12-12 07:07:49.634 11161 11205 W DefaultFailureHandler: 	at org.junit.runner.JUnitCore.run(JUnitCore.java:137)
12-12 07:07:49.634 11161 11205 W DefaultFailureHandler: 	at org.junit.runner.JUnitCore.run(JUnitCore.java:115)
12-12 07:07:49.634 11161 11205 W DefaultFailureHandler: 	at androidx.test.internal.runner.TestExecutor.execute(TestExecutor.java:67)
12-12 07:07:49.634 11161 11205 W DefaultFailureHandler: 	at androidx.test.internal.runner.TestExecutor.execute(TestExecutor.java:58)
12-12 07:07:49.634 11161 11205 W DefaultFailureHandler: 	at androidx.test.runner.AndroidJUnitRunner.onStart(AndroidJUnitRunner.java:438)
12-12 07:07:49.634 11161 11205 W DefaultFailureHandler: 	at android.app.Instrumentation$InstrumentationThread.run(Instrumentation.java:2189)
