12-12 07:07:49.635 11161 11205 W DefaultFailureHandler: Caused by: android.system.ErrnoException: open failed: EROFS (Read-only file system)
12-12 07:07:49.635 11161 11205 W DefaultFailureHandler: 	at libcore.io.Linux.open(Native Method)
12-12 07:07:49.635 11161 11205 W DefaultFailureHandler: 	at libcore.io.ForwardingOs.open(ForwardingOs.java:167)
12-12 07:07:49.635 11161 11205 W DefaultFailureHandler: 	at libcore.io.BlockGuardOs.open(BlockGuardOs.java:252)
12-12 07:07:49.635 11161 11205 W DefaultFailureHandler: 	at libcore.io.ForwardingOs.open(ForwardingOs.java:167)
12-12 07:07:49.635 11161 11205 W DefaultFailureHandler: 	at android.app.ActivityThread$AndroidOs.open(ActivityThread.java:7255)
12-12 07:07:49.635 11161 11205 W DefaultFailureHandler: 	at libcore.io.IoBridge.open(IoBridge.java:482)
12-12 07:07:49.635 11161 11205 W DefaultFailureHandler: 	... 51 more
12-12 07:07:49.652 11161 11205 W teco.fmhandroi: Accessing hidden method Lsun/misc/Unsafe;->compareAndSwapObject(Ljava/lang/Object;JLjava/lang/Object;Ljava/lang/Object;)Z (greylist, linking, allowed)
12-12 07:07:49.652 11161 11161 I ViewInteraction: Performing 'wait for a specific view with <view.getId() is <2131230870>> during 10000 millis.' action on view view.getRootView() to equal view
12-12 07:07:49.655 11161 11280 W teco.fmhandroi: Accessing hidden method Lsun/misc/Unsafe;->getObject(Ljava/lang/Object;J)Ljava/lang/Object; (greylist, linking, allowed)
12-12 07:07:49.660 11161 11205 W teco.fmhandroi: Accessing hidden method Lsun/misc/Unsafe;->compareAndSwapObject(Ljava/lang/Object;JLjava/lang/Object;Ljava/lang/Object;)Z (greylist, linking, allowed)
12-12 07:07:49.667 11161 11161 I ViewInteraction: Checking 'MatchesViewAssertion{viewMatcher=(view has effective visibility <VISIBLE> and view.getGlobalVisibleRect() to return non-empty rectangle)}' assertion on view view.getId() is <2131230870/ru.iteco.fmhandroid:id/authorization_image_button>
12-12 07:07:49.686 11161 11205 W teco.fmhandroi: Accessing hidden method Landroid/view/ViewConfiguration;->getDoubleTapMinTime()I (greylist, reflection, allowed)
12-12 07:07:49.705 11161 11205 W teco.fmhandroi: Accessing hidden method Lsun/misc/Unsafe;->compareAndSwapObject(Ljava/lang/Object;JLjava/lang/Object;Ljava/lang/Object;)Z (greylist, linking, allowed)
12-12 07:07:49.714 11161 11161 I ViewInteraction: Performing 'single click' action on view view.getId() is <2131230870/ru.iteco.fmhandroid:id/authorization_image_button>
12-12 07:07:49.768 11161 11174 I teco.fmhandroi: NativeAlloc concurrent copying GC freed 115889(5413KB) AllocSpace objects, 1(32KB) LOS objects, 49% free, 6278KB/12MB, paused 2.312ms total 151.795ms
12-12 07:07:49.776  2009  5938 D ConnectivityService: ConnectivityService NetworkRequestInfo binderDied(NetworkRequest [ TRACK_DEFAULT id=31, [ Capabilities: INTERNET&NOT_RESTRICTED&TRUSTED Uid: 10129] ], android.os.BinderProxy@4dcb0f5)
12-12 07:07:49.777  2009  2468 D ConnectivityService: ConnectivityService NetworkRequestInfo binderDied(NetworkRequest [ LISTEN id=32, [ Capabilities: INTERNET&NOT_RESTRICTED&TRUSTED&FOREGROUND Uid: 10129] ], android.os.BinderProxy@2602e8a)
12-12 07:07:49.777  2009  5938 D ConnectivityService: ConnectivityService NetworkRequestInfo binderDied(NetworkRequest [ LISTEN id=34, [ Capabilities: INTERNET&NOT_RESTRICTED&TRUSTED&FOREGROUND Uid: 10129] ], android.os.BinderProxy@9de0cfb)
12-12 07:07:49.777  2009  2125 D ConnectivityService: releasing NetworkRequest [ TRACK_DEFAULT id=31, [ Capabilities: INTERNET&NOT_RESTRICTED&TRUSTED Uid: 10129] ] (release request)
12-12 07:07:49.777  2009  6599 D ConnectivityService: ConnectivityService NetworkRequestInfo binderDied(NetworkRequest [ TRACK_DEFAULT id=33, [ Capabilities: INTERNET&NOT_RESTRICTED&TRUSTED Uid: 10129] ], android.os.BinderProxy@a23118)
12-12 07:07:49.780  1746  1746 I Zygote  : Process 9003 exited due to signal 9 (Killed)
12-12 07:07:49.783  2009  2125 D ConnectivityService: releasing NetworkRequest [ TRACK_DEFAULT id=33, [ Capabilities: INTERNET&NOT_RESTRICTED&TRUSTED Uid: 10129] ] (release request)
12-12 07:07:49.797  1765  3741 W audio_hw_generic: Not supplying enough data to HAL, expected position 11565548 , only wrote 11565517
12-12 07:07:49.797  2009  2050 I libprocessgroup: Successfully killed process cgroup uid 10129 pid 9003 in 170ms
12-12 07:07:49.905  1776  1828 D gralloc_ranchu: gralloc_alloc: Creating ashmem region of size 884736
12-12 07:07:49.910  1776  1828 I chatty  : uid=1000(system) HwBinder:1776_1 identical 1 line
12-12 07:07:49.912  1776  1828 D gralloc_ranchu: gralloc_alloc: Creating ashmem region of size 884736
12-12 07:07:49.935 11161 11255 D EGL_emulation: eglMakeCurrent: 0xe7a7f940: ver 2 0 (tinfo 0xe7a89c30)
12-12 07:07:50.021 11161 11255 I chatty  : uid=10146(ru.iteco.fmhandroid) RenderThread identical 3 lines
12-12 07:07:50.042 11161 11255 D EGL_emulation: eglMakeCurrent: 0xe7a7f940: ver 2 0 (tinfo 0xe7a89c30)
12-12 07:07:50.271 11161 11205 W teco.fmhandroi: Accessing hidden method Lsun/misc/Unsafe;->compareAndSwapObject(Ljava/lang/Object;JLjava/lang/Object;Ljava/lang/Object;)Z (greylist, linking, allowed)
12-12 07:07:50.276 11161 11161 I ViewInteraction: Performing 'wait for a specific view with <an instance of android.widget.TextView and view.getText() with or without transformation to match: is "Log out"> during 10000 millis.' action on view view.getRootView() to equal view
12-12 07:07:50.283 11161 11161 I ViewInteraction: Checking 'MatchesViewAssertion{viewMatcher=(view has effective visibility <VISIBLE> and view.getGlobalVisibleRect() to return non-empty rectangle)}' assertion on view an instance of android.widget.TextView and view.getText() with or without transformation to match: is "Log out"
12-12 07:07:50.290 11161 11161 I ViewInteraction: Performing 'single click' action on view an instance of android.widget.TextView and view.getText() with or without transformation to match: is "Log out"
12-12 07:07:50.733 11161 11255 D EGL_emulation: eglMakeCurrent: 0xe7a7f940: ver 2 0 (tinfo 0xe7a89c30)
12-12 07:07:50.815 11161 11255 D EGL_emulation: eglMakeCurrent: 0xe7a7f940: ver 2 0 (tinfo 0xe7a89c30)
12-12 07:07:50.912 11161 11280 W teco.fmhandroi: Accessing hidden method Lsun/misc/Unsafe;->compareAndSwapObject(Ljava/lang/Object;JLjava/lang/Object;Ljava/lang/Object;)Z (greylist, linking, allowed)
12-12 07:07:50.915 11161 11161 I ViewInteraction: Performing 'wait for a specific view with <(an instance of android.widget.TextView and view.getText() with or without transformation to match: is "Authorization" and view.getParent() view.getParent() view.getId() is <2131231186>)> during 10000 millis.' action on view view.getRootView() to equal view
12-12 07:07:50.921 11161 11205 W teco.fmhandroi: Accessing hidden method Lsun/misc/Unsafe;->compareAndSwapObject(Ljava/lang/Object;JLjava/lang/Object;Ljava/lang/Object;)Z (greylist, linking, allowed)
12-12 07:07:50.926 11161 11161 I ViewInteraction: Checking 'MatchesViewAssertion{viewMatcher=(view has effective visibility <VISIBLE> and view.getGlobalVisibleRect() to return non-empty rectangle)}' assertion on view (an instance of android.widget.TextView and view.getText() with or without transformation to match: is "Authorization" and view.getParent() view.getParent() view.getId() is <2131231186/ru.iteco.fmhandroid:id/nav_host_fragment>)
12-12 07:07:50.929 11161 11205 W teco.fmhandroi: Accessing hidden method Lsun/misc/Unsafe;->compareAndSwapObject(Ljava/lang/Object;JLjava/lang/Object;Ljava/lang/Object;)Z (greylist, linking, allowed)
12-12 07:07:50.933 11161 11161 I ViewInteraction: Performing 'wait for a specific view with <(an instance of android.widget.TextView and view.getHint() matching: is "Login" and view.getParent() view.getParent() view.getId() is <2131231121>)> during 10000 millis.' action on view view.getRootView() to equal view
12-12 07:07:50.938 11161 11205 W teco.fmhandroi: Accessing hidden method Lsun/misc/Unsafe;->compareAndSwapObject(Ljava/lang/Object;JLjava/lang/Object;Ljava/lang/Object;)Z (greylist, linking, allowed)
12-12 07:07:50.941 11161 11161 I ViewInteraction: Checking 'MatchesViewAssertion{viewMatcher=(view has effective visibility <VISIBLE> and view.getGlobalVisibleRect() to return non-empty rectangle)}' assertion on view (an instance of android.widget.TextView and view.getHint() matching: is "Login" and view.getParent() view.getParent() view.getId() is <2131231121/ru.iteco.fmhandroid:id/login_text_input_layout>)
12-12 07:07:50.943 11161 11205 W teco.fmhandroi: Accessing hidden method Lsun/misc/Unsafe;->compareAndSwapObject(Ljava/lang/Object;JLjava/lang/Object;Ljava/lang/Object;)Z (greylist, linking, allowed)
12-12 07:07:50.947 11161 11161 I ViewInteraction: Performing 'wait for a specific view with <(an instance of android.widget.TextView and view.getHint() matching: is "Password" and view.getParent() view.getParent() view.getId() is <2131231264>)> during 10000 millis.' action on view view.getRootView() to equal view
12-12 07:07:50.951 11161 11205 W teco.fmhandroi: Accessing hidden method Lsun/misc/Unsafe;->compareAndSwapObject(Ljava/lang/Object;JLjava/lang/Object;Ljava/lang/Object;)Z (greylist, linking, allowed)
12-12 07:07:50.954 11161 11161 I ViewInteraction: Checking 'MatchesViewAssertion{viewMatcher=(view has effective visibility <VISIBLE> and view.getGlobalVisibleRect() to return non-empty rectangle)}' assertion on view (an instance of android.widget.TextView and view.getHint() matching: is "Password" and view.getParent() view.getParent() view.getId() is <2131231264/ru.iteco.fmhandroid:id/password_text_input_layout>)
12-12 07:07:50.959 11161 11205 W teco.fmhandroi: Accessing hidden method Lsun/misc/Unsafe;->compareAndSwapObject(Ljava/lang/Object;JLjava/lang/Object;Ljava/lang/Object;)Z (greylist, linking, allowed)
12-12 07:07:50.960 11161 11280 W teco.fmhandroi: Accessing hidden method Lsun/misc/Unsafe;->compareAndSwapObject(Ljava/lang/Object;JLjava/lang/Object;Ljava/lang/Object;)Z (greylist, linking, allowed)
12-12 07:07:50.963 11161 11161 I ViewInteraction: Performing 'wait for a specific view with <(view.getId() is <2131231039> and an instance of android.widget.TextView and view.getText() with or without transformation to match: is "SIGN IN" and view.getContentDescription() is "Save" and view.getParent() view.getParent() an instance of android.widget.RelativeLayout)> during 10000 millis.' action on view view.getRootView() to equal view
12-12 07:07:50.968 11161 11205 W teco.fmhandroi: Accessing hidden method Lsun/misc/Unsafe;->compareAndSwapObject(Ljava/lang/Object;JLjava/lang/Object;Ljava/lang/Object;)Z (greylist, linking, allowed)
12-12 07:07:50.973 11161 11161 I ViewInteraction: Checking 'MatchesViewAssertion{viewMatcher=(view has effective visibility <VISIBLE> and view.getGlobalVisibleRect() to return non-empty rectangle)}' assertion on view (view.getId() is <2131231039/ru.iteco.fmhandroid:id/enter_button> and an instance of android.widget.TextView and view.getText() with or without transformation to match: is "SIGN IN" and view.getContentDescription() is "Save" and view.getParent() view.getParent() an instance of android.widget.RelativeLayout)
12-12 07:07:50.975 11161 11205 W teco.fmhandroi: Accessing hidden method Lsun/misc/Unsafe;->compareAndSwapObject(Ljava/lang/Object;JLjava/lang/Object;Ljava/lang/Object;)Z (greylist, linking, allowed)
12-12 07:07:50.977 11161 11161 I ViewInteraction: Performing 'wait for a specific view with <(an instance of android.widget.TextView and view.getText() with or without transformation to match: is "Authorization" and view.getParent() view.getParent() view.getId() is <2131231186>)> during 10000 millis.' action on view view.getRootView() to equal view
12-12 07:07:50.983 11161 11205 W teco.fmhandroi: Accessing hidden method Lsun/misc/Unsafe;->compareAndSwapObject(Ljava/lang/Object;JLjava/lang/Object;Ljava/lang/Object;)Z (greylist, linking, allowed)
12-12 07:07:50.988 11161 11161 I ViewInteraction: Checking 'MatchesViewAssertion{viewMatcher=(view has effective visibility <VISIBLE> and view.getGlobalVisibleRect() to return non-empty rectangle)}' assertion on view (an instance of android.widget.TextView and view.getText() with or without transformation to match: is "Authorization" and view.getParent() view.getParent() view.getId() is <2131231186/ru.iteco.fmhandroid:id/nav_host_fragment>)
12-12 07:07:50.993 11161 11205 W teco.fmhandroi: Accessing hidden method Lsun/misc/Unsafe;->compareAndSwapObject(Ljava/lang/Object;JLjava/lang/Object;Ljava/lang/Object;)Z (greylist, linking, allowed)
12-12 07:07:50.993 11161 11280 W teco.fmhandroi: Accessing hidden method Lsun/misc/Unsafe;->compareAndSwapObject(Ljava/lang/Object;JLjava/lang/Object;Ljava/lang/Object;)Z (greylist, linking, allowed)
12-12 07:07:50.996 11161 11161 I ViewInteraction: Performing 'wait for a specific view with <(an instance of android.widget.TextView and view.getHint() matching: is "Login" and view.getParent() view.getParent() view.getId() is <2131231121/ru.iteco.fmhandroid:id/login_text_input_layout>)> during 10000 millis.' action on view view.getRootView() to equal view
12-12 07:07:51.004 11161 11205 W teco.fmhandroi: Accessing hidden method Lsun/misc/Unsafe;->compareAndSwapObject(Ljava/lang/Object;JLjava/lang/Object;Ljava/lang/Object;)Z (greylist, linking, allowed)
12-12 07:07:51.007 11161 11161 I ViewInteraction: Checking 'MatchesViewAssertion{viewMatcher=(view has effective visibility <VISIBLE> and view.getGlobalVisibleRect() to return non-empty rectangle)}' assertion on view (an instance of android.widget.TextView and view.getHint() matching: is "Login" and view.getParent() view.getParent() view.getId() is <2131231121/ru.iteco.fmhandroid:id/login_text_input_layout>)
12-12 07:07:51.010 11161 11205 W teco.fmhandroi: Accessing hidden method Lsun/misc/Unsafe;->compareAndSwapObject(Ljava/lang/Object;JLjava/lang/Object;Ljava/lang/Object;)Z (greylist, linking, allowed)
12-12 07:07:51.013 11161 11161 I ViewInteraction: Performing 'wait for a specific view with <(an instance of android.widget.TextView and view.getHint() matching: is "Password" and view.getParent() view.getParent() view.getId() is <2131231264/ru.iteco.fmhandroid:id/password_text_input_layout>)> during 10000 millis.' action on view view.getRootView() to equal view
12-12 07:07:51.016 11161 11280 W teco.fmhandroi: Accessing hidden method Lsun/misc/Unsafe;->compareAndSwapObject(Ljava/lang/Object;JLjava/lang/Object;Ljava/lang/Object;)Z (greylist, linking, allowed)
12-12 07:07:51.016 11161 11205 W teco.fmhandroi: Accessing hidden method Lsun/misc/Unsafe;->compareAndSwapObject(Ljava/lang/Object;JLjava/lang/Object;Ljava/lang/Object;)Z (greylist, linking, allowed)
12-12 07:07:51.017 11161 11205 W teco.fmhandroi: Accessing hidden method Lsun/misc/Unsafe;->getObject(Ljava/lang/Object;J)Ljava/lang/Object; (greylist, linking, allowed)
12-12 07:07:51.018 11161 11161 I ViewInteraction: Checking 'MatchesViewAssertion{viewMatcher=(view has effective visibility <VISIBLE> and view.getGlobalVisibleRect() to return non-empty rectangle)}' assertion on view (an instance of android.widget.TextView and view.getHint() matching: is "Password" and view.getParent() view.getParent() view.getId() is <2131231264/ru.iteco.fmhandroid:id/password_text_input_layout>)
12-12 07:07:51.020 11161 11205 W teco.fmhandroi: Accessing hidden method Lsun/misc/Unsafe;->compareAndSwapObject(Ljava/lang/Object;JLjava/lang/Object;Ljava/lang/Object;)Z (greylist, linking, allowed)
12-12 07:07:51.022 11161 11161 I ViewInteraction: Performing 'wait for a specific view with <(view.getId() is <2131231039/ru.iteco.fmhandroid:id/enter_button> and an instance of android.widget.TextView and view.getText() with or without transformation to match: is "SIGN IN" and view.getContentDescription() is "Save" and view.getParent() view.getParent() an instance of android.widget.RelativeLayout)> during 10000 millis.' action on view view.getRootView() to equal view
12-12 07:07:51.025 11161 11205 W teco.fmhandroi: Accessing hidden method Lsun/misc/Unsafe;->compareAndSwapObject(Ljava/lang/Object;JLjava/lang/Object;Ljava/lang/Object;)Z (greylist, linking, allowed)
12-12 07:07:51.029 11161 11161 I ViewInteraction: Checking 'MatchesViewAssertion{viewMatcher=(view has effective visibility <VISIBLE> and view.getGlobalVisibleRect() to return non-empty rectangle)}' assertion on view (view.getId() is <2131231039/ru.iteco.fmhandroid:id/enter_button> and an instance of android.widget.TextView and view.getText() with or without transformation to match: is "SIGN IN" and view.getContentDescription() is "Save" and view.getParent() view.getParent() an instance of android.widget.RelativeLayout)
12-12 07:07:51.031 11161 11205 W teco.fmhandroi: Accessing hidden method Lsun/misc/Unsafe;->compareAndSwapObject(Ljava/lang/Object;JLjava/lang/Object;Ljava/lang/Object;)Z (greylist, linking, allowed)
12-12 07:07:51.037 11161 11161 I ViewInteraction: Performing 'wait for a specific view with <(an instance of android.widget.TextView and view.getHint() matching: is "Login" and view.getParent() view.getParent() view.getId() is <2131231121/ru.iteco.fmhandroid:id/login_text_input_layout>)> during 10000 millis.' action on view view.getRootView() to equal view
12-12 07:07:51.042 11161 11205 W teco.fmhandroi: Accessing hidden method Lsun/misc/Unsafe;->compareAndSwapObject(Ljava/lang/Object;JLjava/lang/Object;Ljava/lang/Object;)Z (greylist, linking, allowed)
12-12 07:07:51.046 11161 11161 I ViewInteraction: Performing 'replace text(login2)' action on view (an instance of android.widget.TextView and view.getHint() matching: is "Login" and view.getParent() view.getParent() view.getId() is <2131231121/ru.iteco.fmhandroid:id/login_text_input_layout>)
12-12 07:07:51.076 11161 11205 W teco.fmhandroi: Accessing hidden method Lsun/misc/Unsafe;->compareAndSwapObject(Ljava/lang/Object;JLjava/lang/Object;Ljava/lang/Object;)Z (greylist, linking, allowed)
12-12 07:07:51.106 11161 11161 I ViewInteraction: Performing 'wait for a specific view with <(an instance of android.widget.TextView and view.getHint() matching: is "Password" and view.getParent() view.getParent() view.getId() is <2131231264/ru.iteco.fmhandroid:id/password_text_input_layout>)> during 10000 millis.' action on view view.getRootView() to equal view
12-12 07:07:51.109 11161 11205 W teco.fmhandroi: Accessing hidden method Lsun/misc/Unsafe;->compareAndSwapObject(Ljava/lang/Object;JLjava/lang/Object;Ljava/lang/Object;)Z (greylist, linking, allowed)
12-12 07:07:51.110 11161 11280 W teco.fmhandroi: Accessing hidden method Lsun/misc/Unsafe;->compareAndSwapObject(Ljava/lang/Object;JLjava/lang/Object;Ljava/lang/Object;)Z (greylist, linking, allowed)
12-12 07:07:51.112 11161 11161 I ViewInteraction: Performing 'replace text(password2)' action on view (an instance of android.widget.TextView and view.getHint() matching: is "Password" and view.getParent() view.getParent() view.getId() is <2131231264/ru.iteco.fmhandroid:id/password_text_input_layout>)
12-12 07:07:51.125 11161 11205 W teco.fmhandroi: Accessing hidden method Lsun/misc/Unsafe;->compareAndSwapObject(Ljava/lang/Object;JLjava/lang/Object;Ljava/lang/Object;)Z (greylist, linking, allowed)
12-12 07:07:51.163 11161 11161 I ViewInteraction: Performing 'wait for a specific view with <(view.getId() is <2131231039/ru.iteco.fmhandroid:id/enter_button> and an instance of android.widget.TextView and view.getText() with or without transformation to match: is "SIGN IN" and view.getContentDescription() is "Save" and view.getParent() view.getParent() an instance of android.widget.RelativeLayout)> during 10000 millis.' action on view view.getRootView() to equal view
12-12 07:07:51.174 11161 11205 W teco.fmhandroi: Accessing hidden method Lsun/misc/Unsafe;->compareAndSwapObject(Ljava/lang/Object;JLjava/lang/Object;Ljava/lang/Object;)Z (greylist, linking, allowed)
12-12 07:07:51.178 11161 11161 I ViewInteraction: Checking 'MatchesViewAssertion{viewMatcher=view.isClickable() is <true>}' assertion on view (view.getId() is <2131231039/ru.iteco.fmhandroid:id/enter_button> and an instance of android.widget.TextView and view.getText() with or without transformation to match: is "SIGN IN" and view.getContentDescription() is "Save" and view.getParent() view.getParent() an instance of android.widget.RelativeLayout)
12-12 07:07:51.180 11161 11205 W teco.fmhandroi: Accessing hidden method Lsun/misc/Unsafe;->compareAndSwapObject(Ljava/lang/Object;JLjava/lang/Object;Ljava/lang/Object;)Z (greylist, linking, allowed)
12-12 07:07:51.186 11161 11161 I ViewInteraction: Performing 'wait for a specific view with <(view.getId() is <2131231039/ru.iteco.fmhandroid:id/enter_button> and an instance of android.widget.TextView and view.getText() with or without transformation to match: is "SIGN IN" and view.getContentDescription() is "Save" and view.getParent() view.getParent() an instance of android.widget.RelativeLayout)> during 10000 millis.' action on view view.getRootView() to equal view
12-12 07:07:51.193 11161 11205 W teco.fmhandroi: Accessing hidden method Lsun/misc/Unsafe;->compareAndSwapObject(Ljava/lang/Object;JLjava/lang/Object;Ljava/lang/Object;)Z (greylist, linking, allowed)
12-12 07:07:51.197 11161 11161 I ViewInteraction: Checking 'MatchesViewAssertion{viewMatcher=view.isClickable() is <true>}' assertion on view (view.getId() is <2131231039/ru.iteco.fmhandroid:id/enter_button> and an instance of android.widget.TextView and view.getText() with or without transformation to match: is "SIGN IN" and view.getContentDescription() is "Save" and view.getParent() view.getParent() an instance of android.widget.RelativeLayout)
12-12 07:07:51.202 11161 11205 W teco.fmhandroi: Accessing hidden method Lsun/misc/Unsafe;->compareAndSwapObject(Ljava/lang/Object;JLjava/lang/Object;Ljava/lang/Object;)Z (greylist, linking, allowed)
12-12 07:07:51.206 11161 11161 I ViewInteraction: Performing 'wait for a specific view with <(view.getId() is <2131231039/ru.iteco.fmhandroid:id/enter_button> and an instance of android.widget.TextView and view.getText() with or without transformation to match: is "SIGN IN" and view.getContentDescription() is "Save" and view.getParent() view.getParent() an instance of android.widget.RelativeLayout)> during 10000 millis.' action on view view.getRootView() to equal view
12-12 07:07:51.211 11161 11205 W teco.fmhandroi: Accessing hidden method Lsun/misc/Unsafe;->compareAndSwapObject(Ljava/lang/Object;JLjava/lang/Object;Ljava/lang/Object;)Z (greylist, linking, allowed)
12-12 07:07:51.214 11161 11161 I ViewInteraction: Performing 'single click' action on view (view.getId() is <2131231039/ru.iteco.fmhandroid:id/enter_button> and an instance of android.widget.TextView and view.getText() with or without transformation to match: is "SIGN IN" and view.getContentDescription() is "Save" and view.getParent() view.getParent() an instance of android.widget.RelativeLayout)
12-12 07:07:51.290 11161 11284 I okhttp.OkHttpClient: --> POST http://www.981757-ca08998.tmweb.ru:8080/fmh/authentication/login
12-12 07:07:51.290 11161 11284 I okhttp.OkHttpClient: Content-Type: application/json; charset=UTF-8
12-12 07:07:51.290 11161 11284 I okhttp.OkHttpClient: Content-Length: 41
12-12 07:07:51.292 11161 11284 I okhttp.OkHttpClient: {"login":"login2","password":"password2"}
12-12 07:07:51.292 11161 11284 I okhttp.OkHttpClient: --> END POST (41-byte body)
12-12 07:07:51.312  1745 11285 E ResolverController: No valid NAT64 prefix (103, <unspecified>/0)
12-12 07:07:51.360  2484  3459 E ActivityThread: Failed to find provider info for com.google.android.apps.wellbeing.api
12-12 07:07:51.532 11161 11280 W teco.fmhandroi: Accessing hidden method Lsun/misc/Unsafe;->compareAndSwapObject(Ljava/lang/Object;JLjava/lang/Object;Ljava/lang/Object;)Z (greylist, linking, allowed)
12-12 07:07:51.539 11161 11161 I ViewInteraction: Performing 'wait for a specific view with <an instance of android.widget.TextView and view.getText() with or without transformation to match: is "News"> during 10000 millis.' action on view view.getRootView() to equal view
12-12 07:07:51.778 11161 11284 I okhttp.OkHttpClient: <-- 200 http://www.981757-ca08998.tmweb.ru:8080/fmh/authentication/login (486ms)
12-12 07:07:51.779 11161 11284 I okhttp.OkHttpClient: Vary: Origin
12-12 07:07:51.779 11161 11284 I okhttp.OkHttpClient: Vary: Access-Control-Request-Method
12-12 07:07:51.779 11161 11284 I okhttp.OkHttpClient: Vary: Access-Control-Request-Headers
12-12 07:07:51.779 11161 11284 I okhttp.OkHttpClient: X-Content-Type-Options: nosniff
12-12 07:07:51.779 11161 11284 I okhttp.OkHttpClient: X-XSS-Protection: 1; mode=block
12-12 07:07:51.780 11161 11284 I okhttp.OkHttpClient: Cache-Control: no-cache, no-store, max-age=0, must-revalidate
12-12 07:07:51.780 11161 11284 I okhttp.OkHttpClient: Pragma: no-cache
12-12 07:07:51.780 11161 11284 I okhttp.OkHttpClient: Expires: 0
12-12 07:07:51.780 11161 11284 I okhttp.OkHttpClient: X-Frame-Options: DENY
12-12 07:07:51.780 11161 11284 I okhttp.OkHttpClient: Content-Type: application/json
12-12 07:07:51.780 11161 11284 I okhttp.OkHttpClient: Transfer-Encoding: chunked
12-12 07:07:51.780 11161 11284 I okhttp.OkHttpClient: Date: Mon, 12 Dec 2022 12:07:53 GMT
12-12 07:07:51.781 11161 11284 I okhttp.OkHttpClient: Keep-Alive: timeout=60
12-12 07:07:51.781 11161 11284 I okhttp.OkHttpClient: Connection: keep-alive
12-12 07:07:51.781 11161 11284 I okhttp.OkHttpClient: {"accessToken":"eyJhbGciOiJIUzUxMiJ9.eyJzdWIiOiJsb2dpbjIiLCJqdGkiOiIxIiwiZXhwIjoxNjcwOTMzMjczfQ.Gy4BdkcZfBg-0K-CrTyAltazwwId8XIfnMOkr7ehCE8Tvi0tT93yE5T_mlfFpaw8aRj1_VlJBOLx1_-5rNiG5Q","refreshToken":"eyJhbGciOiJIUzUxMiJ9.eyJzdWIiOiJsb2dpbjIiLCJqdGkiOiIxIiwiZXhwIjoxNjczNDM4ODczfQ.mXjuE6o-9g9oGGXyPVhBE3jZPD0KBn6nDxCwwSRJ9T9LQpP7dYXeCpcEsz0tOzc_EHJoKiuTKaEeB31SgvsQEg"}
12-12 07:07:51.782 11161 11284 I okhttp.OkHttpClient: <-- END HTTP (368-byte body)
12-12 07:07:51.786 11161 11264 I okhttp.OkHttpClient: --> GET http://www.981757-ca08998.tmweb.ru:8080/fmh/authentication/userInfo
12-12 07:07:51.786 11161 11264 I okhttp.OkHttpClient: --> END GET
12-12 07:07:51.987 11161 11264 I okhttp.OkHttpClient: <-- 200 http://www.981757-ca08998.tmweb.ru:8080/fmh/authentication/userInfo (200ms)
12-12 07:07:51.987 11161 11264 I okhttp.OkHttpClient: Vary: Origin
12-12 07:07:51.987 11161 11264 I okhttp.OkHttpClient: Vary: Access-Control-Request-Method
12-12 07:07:51.987 11161 11264 I okhttp.OkHttpClient: Vary: Access-Control-Request-Headers
12-12 07:07:51.987 11161 11264 I okhttp.OkHttpClient: X-Content-Type-Options: nosniff
12-12 07:07:51.987 11161 11264 I okhttp.OkHttpClient: X-XSS-Protection: 1; mode=block
12-12 07:07:51.989 11161 11264 I okhttp.OkHttpClient: Cache-Control: no-cache, no-store, max-age=0, must-revalidate
12-12 07:07:51.989 11161 11264 I okhttp.OkHttpClient: Pragma: no-cache
12-12 07:07:51.989 11161 11264 I okhttp.OkHttpClient: Expires: 0
12-12 07:07:51.989 11161 11264 I okhttp.OkHttpClient: X-Frame-Options: DENY
12-12 07:07:51.989 11161 11264 I okhttp.OkHttpClient: Content-Type: application/json
12-12 07:07:51.989 11161 11264 I okhttp.OkHttpClient: Transfer-Encoding: chunked
12-12 07:07:51.989 11161 11264 I okhttp.OkHttpClient: Date: Mon, 12 Dec 2022 12:07:53 GMT
12-12 07:07:51.989 11161 11264 I okhttp.OkHttpClient: Keep-Alive: timeout=60
12-12 07:07:51.990 11161 11264 I okhttp.OkHttpClient: Connection: keep-alive
12-12 07:07:52.002 11161 11264 I okhttp.OkHttpClient: {"id":1,"firstName":"Ivan","lastName":"Ivanov","middleName":"Ivanovich","admin":true}
12-12 07:07:52.003 11161 11264 I okhttp.OkHttpClient: <-- END HTTP (85-byte body)
12-12 07:07:52.017 11161 11268 I okhttp.OkHttpClient: --> GET http://www.981757-ca08998.tmweb.ru:8080/fmh/claims
12-12 07:07:52.017 11161 11268 I okhttp.OkHttpClient: --> END GET
12-12 07:07:52.142  2009  2047 E memtrack: Couldn't load memtrack module
12-12 07:07:52.142  2009  2047 W android.os.Debug: failed to get memory consumption info: -1
12-12 07:07:52.222 11161 11268 I okhttp.OkHttpClient: <-- 200 http://www.981757-ca08998.tmweb.ru:8080/fmh/claims (204ms)
12-12 07:07:52.223 11161 11268 I okhttp.OkHttpClient: Vary: Origin
12-12 07:07:52.223 11161 11268 I okhttp.OkHttpClient: Vary: Access-Control-Request-Method
12-12 07:07:52.223 11161 11268 I okhttp.OkHttpClient: Vary: Access-Control-Request-Headers
12-12 07:07:52.223 11161 11268 I okhttp.OkHttpClient: X-Content-Type-Options: nosniff
12-12 07:07:52.223 11161 11268 I okhttp.OkHttpClient: X-XSS-Protection: 1; mode=block
12-12 07:07:52.223 11161 11268 I okhttp.OkHttpClient: Cache-Control: no-cache, no-store, max-age=0, must-revalidate
12-12 07:07:52.223 11161 11268 I okhttp.OkHttpClient: Pragma: no-cache
12-12 07:07:52.223 11161 11268 I okhttp.OkHttpClient: Expires: 0
12-12 07:07:52.224 11161 11268 I okhttp.OkHttpClient: X-Frame-Options: DENY
12-12 07:07:52.224 11161 11268 I okhttp.OkHttpClient: Content-Type: application/json
12-12 07:07:52.224 11161 11268 I okhttp.OkHttpClient: Transfer-Encoding: chunked
12-12 07:07:52.224 11161 11268 I okhttp.OkHttpClient: Date: Mon, 12 Dec 2022 12:07:53 GMT
12-12 07:07:52.224 11161 11268 I okhttp.OkHttpClient: Keep-Alive: timeout=60
12-12 07:07:52.224 11161 11268 I okhttp.OkHttpClient: Connection: keep-alive
12-12 07:07:52.227 11161 11268 I okhttp.OkHttpClient: [{"id":1,"title":"Claim 123","description":"123","creatorId":1,"executorId":1,"createDate":1670755198,"planExecuteDate":1670755140,"factExecuteDate":null,"status":"IN_PROGRESS","creatorName":"Ivanov Ivan Ivanovich","executorName":"Ivanov Ivan Ivanovich"},{"id":2,"title":"Заголовок 2c46380b-5d43-44f2-a02c-41b8c09710c2","description":"Описание 588c11cc-6a11-4eec-ae49-0f630caace41","creatorId":1,"executorId":null,"createDate":1670845808,"planExecuteDate":1670845740,"factExecuteDate":null,"status":"OPEN","creatorName":"Ivanov Ivan Ivanovich","executorName":null},{"id":3,"title":"Заголовок 0eb4b025-6e34-4957-a1e2-a64912e9444b","description":"Описание 8c51d595-ebb4-430e-9bca-70b11c41cac1","creatorId":1,"executorId":null,"createDate":1670845969,"planExecuteDate":1670845920,"factExecuteDate":null,"status":"OPEN","creatorName":"Ivanov Ivan Ivanovich","executorName":null},{"id":4,"title":"Заголовок 92efc5ce-93d1-4a0a-ad62-c3016d1e4395","description":"Описание a314ca90-1453-45ca-a603-7e092ce6027d","creatorId":1,"executorId":null,"createDate":1670846098,"planExecuteDate":1670846040,"factExecuteDate":null,"status":"OPEN","creatorName":"Ivanov Ivan Ivanovich","executorName":null},{"id":5,"title":"Заголовок 64e14b41-b72d-4258-b475-2658b3022782","description":"Описание c3cae0e2-3d5e-4476-bbed-88218d828e04","creatorId":1,"executorId":null,"createDate":1670846160,"planExecuteDate":1670846100,"factExecuteDate":null,"status":"OPEN","creatorName":"Ivanov Ivan Ivanovich","executorName":null}]
12-12 07:07:52.227 11161 11268 I okhttp.OkHttpClient: <-- END HTTP (1563-byte body)
12-12 07:07:52.256 11161 11161 I ViewInteraction: Checking 'MatchesViewAssertion{viewMatcher=(view has effective visibility <VISIBLE> and view.getGlobalVisibleRect() to return non-empty rectangle)}' assertion on view an instance of android.widget.TextView and view.getText() with or without transformation to match: is "News"
12-12 07:07:52.267 11161 11161 I ViewInteraction: Performing 'wait for a specific view with <view.getId() is <2131230951>> during 10000 millis.' action on view view.getRootView() to equal view
12-12 07:07:52.272 11161 11205 W teco.fmhandroi: Accessing hidden method Lsun/misc/Unsafe;->compareAndSwapObject(Ljava/lang/Object;JLjava/lang/Object;Ljava/lang/Object;)Z (greylist, linking, allowed)
12-12 07:07:52.278 11161 11161 I ViewInteraction: Checking 'MatchesViewAssertion{viewMatcher=(view has effective visibility <VISIBLE> and view.getGlobalVisibleRect() to return non-empty rectangle)}' assertion on view view.getId() is <2131230951/ru.iteco.fmhandroid:id/container_list_news_include_on_fragment_main>
12-12 07:07:52.280 11161 11205 W teco.fmhandroi: Accessing hidden method Lsun/misc/Unsafe;->compareAndSwapObject(Ljava/lang/Object;JLjava/lang/Object;Ljava/lang/Object;)Z (greylist, linking, allowed)
12-12 07:07:52.283 11161 11161 I ViewInteraction: Performing 'wait for a specific view with <view.getId() is <2131230949>> during 10000 millis.' action on view view.getRootView() to equal view
12-12 07:07:52.287 11161 11205 W teco.fmhandroi: Accessing hidden method Lsun/misc/Unsafe;->compareAndSwapObject(Ljava/lang/Object;JLjava/lang/Object;Ljava/lang/Object;)Z (greylist, linking, allowed)
12-12 07:07:52.294 11161 11161 I ViewInteraction: Checking 'MatchesViewAssertion{viewMatcher=(view has effective visibility <VISIBLE> and view.getGlobalVisibleRect() to return non-empty rectangle)}' assertion on view view.getId() is <2131230949/ru.iteco.fmhandroid:id/container_list_claim_include_on_fragment_main>
12-12 07:07:52.299 11161 11205 W teco.fmhandroi: Accessing hidden method Lsun/misc/Unsafe;->compareAndSwapObject(Ljava/lang/Object;JLjava/lang/Object;Ljava/lang/Object;)Z (greylist, linking, allowed)
12-12 07:07:52.302 11161 11161 I ViewInteraction: Performing 'wait for a specific view with <an instance of android.widget.TextView and view.getText() with or without transformation to match: is "Claims"> during 10000 millis.' action on view view.getRootView() to equal view
12-12 07:07:52.312 11161 11161 I ViewInteraction: Checking 'MatchesViewAssertion{viewMatcher=(view has effective visibility <VISIBLE> and view.getGlobalVisibleRect() to return non-empty rectangle)}' assertion on view an instance of android.widget.TextView and view.getText() with or without transformation to match: is "Claims"
12-12 07:07:52.315 11161 11280 W teco.fmhandroi: Accessing hidden method Lsun/misc/Unsafe;->compareAndSwapObject(Ljava/lang/Object;JLjava/lang/Object;Ljava/lang/Object;)Z (greylist, linking, allowed)
12-12 07:07:52.320 11161 11161 I ViewInteraction: Performing 'wait for a specific view with <view.getId() is <2131231123>> during 10000 millis.' action on view view.getRootView() to equal view
12-12 07:07:52.326 11161 11205 W teco.fmhandroi: Accessing hidden method Lsun/misc/Unsafe;->compareAndSwapObject(Ljava/lang/Object;JLjava/lang/Object;Ljava/lang/Object;)Z (greylist, linking, allowed)
12-12 07:07:52.329 11161 11161 I ViewInteraction: Performing 'single click' action on view view.getId() is <2131231123/ru.iteco.fmhandroid:id/main_menu_image_button>
12-12 07:07:52.531  1776  1828 D gralloc_ranchu: gralloc_alloc: Creating ashmem region of size 2015232
12-12 07:07:52.540  1776  1828 D gralloc_ranchu: gralloc_alloc: Creating ashmem region of size 2015232
12-12 07:07:52.543  1776  1920 D gralloc_ranchu: gralloc_alloc: Creating ashmem region of size 2015232
12-12 07:07:52.630 11161 11255 D EGL_emulation: eglMakeCurrent: 0xe7a7f940: ver 2 0 (tinfo 0xe7a89c30)
12-12 07:07:52.711 11161 11174 I teco.fmhandroi: Background young concurrent copying GC freed 70659(3640KB) AllocSpace objects, 5(224KB) LOS objects, 19% free, 10006KB/12MB, paused 1.752ms total 269.395ms
12-12 07:07:53.112 11161 11255 D EGL_emulation: eglMakeCurrent: 0xe7a7f940: ver 2 0 (tinfo 0xe7a89c30)
12-12 07:07:53.127 11161 11161 I Choreographer: Skipped 35 frames!  The application may be doing too much work on its main thread.
12-12 07:07:53.162 11161 11255 D EGL_emulation: eglMakeCurrent: 0xe7a7f940: ver 2 0 (tinfo 0xe7a89c30)
12-12 07:07:53.188 11161 11255 D EGL_emulation: eglMakeCurrent: 0xe7a7f940: ver 2 0 (tinfo 0xe7a89c30)
12-12 07:07:53.224 11161 11277 E SQLiteLog: (1) too many SQL variables
12-12 07:07:53.233 11161 11255 D EGL_emulation: eglMakeCurrent: 0xe7a7f940: ver 2 0 (tinfo 0xe7a89c30)
12-12 07:07:53.251 11161 11255 D EGL_emulation: eglMakeCurrent: 0xe7a7f940: ver 2 0 (tinfo 0xe7a89c30)
12-12 07:07:53.259 11161 11161 W System.err: ru.iteco.fmhandroid.exceptions.UnknownException
12-12 07:07:53.259 11161 11161 W System.err: 	at ru.iteco.fmhandroid.utils.Utils.makeRequest(Utils.kt:123)
12-12 07:07:53.259 11161 11161 W System.err: 	at ru.iteco.fmhandroid.utils.Utils$makeRequest$1.invokeSuspend(Unknown Source:15)
12-12 07:07:53.259 11161 11161 W System.err: 	at kotlin.coroutines.jvm.internal.BaseContinuationImpl.resumeWith(ContinuationImpl.kt:33)
12-12 07:07:53.259 11161 11161 W System.err: 	at kotlinx.coroutines.DispatchedTask.run(DispatchedTask.kt:104)
12-12 07:07:53.259 11161 11161 W System.err: 	at android.os.Handler.handleCallback(Handler.java:883)
12-12 07:07:53.259 11161 11161 W System.err: 	at android.os.Handler.dispatchMessage(Handler.java:100)
12-12 07:07:53.259 11161 11161 W System.err: 	at androidx.test.espresso.base.Interrogator.loopAndInterrogate(Interrogator.java:14)
12-12 07:07:53.260 11161 11161 W System.err: 	at androidx.test.espresso.base.UiControllerImpl.loopUntil(UiControllerImpl.java:8)
12-12 07:07:53.260 11161 11161 W System.err: 	at androidx.test.espresso.base.UiControllerImpl.loopUntil(UiControllerImpl.java:1)
12-12 07:07:53.260 11161 11161 W System.err: 	at androidx.test.espresso.base.UiControllerImpl.loopMainThreadForAtLeast(UiControllerImpl.java:7)
12-12 07:07:53.260 11161 11161 W System.err: 	at ru.iteco.fmhandroid.ui.data.ViewActions$1.perform(ViewActions.java:48)
12-12 07:07:53.260 11161 11161 W System.err: 	at androidx.test.espresso.ViewInteraction$SingleExecutionViewAction.perform(ViewInteraction.java:2)
12-12 07:07:53.260 11161 11161 W System.err: 	at androidx.test.espresso.ViewInteraction.doPerform(ViewInteraction.java:25)
12-12 07:07:53.260 11161 11161 W System.err: 	at androidx.test.espresso.ViewInteraction.-$$Nest$mdoPerform(Unknown Source:0)
12-12 07:07:53.260 11161 11161 W System.err: 	at androidx.test.espresso.ViewInteraction$1.call(ViewInteraction.java:7)
12-12 07:07:53.262 11161 11161 W System.err: 	at androidx.test.espresso.ViewInteraction$1.call(ViewInteraction.java:1)
12-12 07:07:53.262 11161 11161 W System.err: 	at java.util.concurrent.FutureTask.run(FutureTask.java:266)
12-12 07:07:53.262 11161 11161 W System.err: 	at android.os.Handler.handleCallback(Handler.java:883)
12-12 07:07:53.263 11161 11161 W System.err: 	at android.os.Handler.dispatchMessage(Handler.java:100)
12-12 07:07:53.263 11161 11161 W System.err: 	at android.os.Looper.loop(Looper.java:214)
12-12 07:07:53.263 11161 11161 W System.err: 	at android.app.ActivityThread.main(ActivityThread.java:7356)
12-12 07:07:53.263 11161 11161 W System.err: 	at java.lang.reflect.Method.invoke(Native Method)
12-12 07:07:53.263 11161 11161 W System.err: 	at com.android.internal.os.RuntimeInit$MethodAndArgsCaller.run(RuntimeInit.java:492)
12-12 07:07:53.265 11161 11161 W System.err: 	at com.android.internal.os.ZygoteInit.main(ZygoteInit.java:930)
12-12 07:07:53.286 11161 11255 D EGL_emulation: eglMakeCurrent: 0xe7a7f940: ver 2 0 (tinfo 0xe7a89c30)
12-12 07:07:53.321  1776  1920 D gralloc_ranchu: gralloc_alloc: Creating ashmem region of size 438272
12-12 07:07:53.324  1776  1920 I chatty  : uid=1000(system) HwBinder:1776_2 identical 1 line
12-12 07:07:53.325  1776  1920 D gralloc_ranchu: gralloc_alloc: Creating ashmem region of size 438272
12-12 07:07:53.328 11161 11255 D EGL_emulation: eglMakeCurrent: 0xe7a7f940: ver 2 0 (tinfo 0xe7a89c30)
12-12 07:07:53.561 11161 11205 W teco.fmhandroi: Accessing hidden method Lsun/misc/Unsafe;->compareAndSwapObject(Ljava/lang/Object;JLjava/lang/Object;Ljava/lang/Object;)Z (greylist, linking, allowed)
12-12 07:07:53.564 11161 11161 I ViewInteraction: Performing 'wait for a specific view with <an instance of android.widget.TextView and view.getText() with or without transformation to match: is "News"> during 10000 millis.' action on view view.getRootView() to equal view
12-12 07:07:53.569 11161 11161 I ViewInteraction: Performing 'single click' action on view an instance of android.widget.TextView and view.getText() with or without transformation to match: is "News"
12-12 07:07:53.636 11161 11255 D EGL_emulation: eglMakeCurrent: 0xe7a7f940: ver 2 0 (tinfo 0xe7a89c30)
12-12 07:07:53.741 11161 11286 I okhttp.OkHttpClient: --> GET http://www.981757-ca08998.tmweb.ru:8080/fmh/news
12-12 07:07:53.741 11161 11286 I okhttp.OkHttpClient: --> END GET
12-12 07:07:53.750  1745 11287 E ResolverController: No valid NAT64 prefix (103, <unspecified>/0)
12-12 07:07:53.899 11161 11255 D EGL_emulation: eglMakeCurrent: 0xe7a7f940: ver 2 0 (tinfo 0xe7a89c30)
12-12 07:07:53.949 11161 11255 D EGL_emulation: eglMakeCurrent: 0xe7a7f940: ver 2 0 (tinfo 0xe7a89c30)
12-12 07:07:53.976 11161 11174 I teco.fmhandroi: Background concurrent copying GC freed 56558(2767KB) AllocSpace objects, 4(84KB) LOS objects, 38% free, 9875KB/15MB, paused 1.543ms total 251.612ms
12-12 07:07:54.107 11161 11286 I okhttp.OkHttpClient: <-- 200 http://www.981757-ca08998.tmweb.ru:8080/fmh/news (365ms)
12-12 07:07:54.107 11161 11286 I okhttp.OkHttpClient: Vary: Origin
12-12 07:07:54.107 11161 11286 I okhttp.OkHttpClient: Vary: Access-Control-Request-Method
12-12 07:07:54.107 11161 11286 I okhttp.OkHttpClient: Vary: Access-Control-Request-Headers
12-12 07:07:54.107 11161 11286 I okhttp.OkHttpClient: X-Content-Type-Options: nosniff
12-12 07:07:54.107 11161 11286 I okhttp.OkHttpClient: X-XSS-Protection: 1; mode=block
12-12 07:07:54.107 11161 11286 I okhttp.OkHttpClient: Cache-Control: no-cache, no-store, max-age=0, must-revalidate
12-12 07:07:54.108 11161 11286 I okhttp.OkHttpClient: Pragma: no-cache
12-12 07:07:54.108 11161 11286 I okhttp.OkHttpClient: Expires: 0
12-12 07:07:54.109 11161 11286 I okhttp.OkHttpClient: X-Frame-Options: DENY
12-12 07:07:54.109 11161 11286 I okhttp.OkHttpClient: Content-Type: application/json
12-12 07:07:54.109 11161 11286 I okhttp.OkHttpClient: Transfer-Encoding: chunked
12-12 07:07:54.109 11161 11286 I okhttp.OkHttpClient: Date: Mon, 12 Dec 2022 12:07:55 GMT
12-12 07:07:54.109 11161 11286 I okhttp.OkHttpClient: Keep-Alive: timeout=60
12-12 07:07:54.109 11161 11286 I okhttp.OkHttpClient: Connection: keep-alive
12-12 07:07:54.110 11161 11286 I okhttp.OkHttpClient: [{"id":2,"newsCategoryId":1,"title":"Объявление 123","description":"123","creatorId":1,"createDate":1670768935,"publishDate":1670754480,"publishEnabled":true,"creatorName":"Ivanov Ivan Ivanovich"}]
12-12 07:07:54.111 11161 11286 I okhttp.OkHttpClient: <-- END HTTP (207-byte body)
12-12 07:07:54.392 11161 11260 E SQLiteLog: (1) too many SQL variables
12-12 07:07:54.395 11161 11161 W System.err: ru.iteco.fmhandroid.exceptions.UnknownException
12-12 07:07:54.395 11161 11161 W System.err: 	at ru.iteco.fmhandroid.utils.Utils.makeRequest(Utils.kt:123)
12-12 07:07:54.395 11161 11161 W System.err: 	at ru.iteco.fmhandroid.utils.Utils$makeRequest$1.invokeSuspend(Unknown Source:15)
12-12 07:07:54.395 11161 11161 W System.err: 	at kotlin.coroutines.jvm.internal.BaseContinuationImpl.resumeWith(ContinuationImpl.kt:33)
12-12 07:07:54.396 11161 11161 W System.err: 	at kotlinx.coroutines.DispatchedTask.run(DispatchedTask.kt:104)
12-12 07:07:54.396 11161 11161 W System.err: 	at android.os.Handler.handleCallback(Handler.java:883)
12-12 07:07:54.396 11161 11161 W System.err: 	at android.os.Handler.dispatchMessage(Handler.java:100)
12-12 07:07:54.396 11161 11161 W System.err: 	at androidx.test.espresso.base.Interrogator.loopAndInterrogate(Interrogator.java:14)
12-12 07:07:54.396 11161 11161 W System.err: 	at androidx.test.espresso.base.UiControllerImpl.loopUntil(UiControllerImpl.java:8)
12-12 07:07:54.396 11161 11161 W System.err: 	at androidx.test.espresso.base.UiControllerImpl.loopUntil(UiControllerImpl.java:1)
12-12 07:07:54.396 11161 11161 W System.err: 	at androidx.test.espresso.base.UiControllerImpl.loopMainThreadForAtLeast(UiControllerImpl.java:7)
12-12 07:07:54.396 11161 11161 W System.err: 	at ru.iteco.fmhandroid.ui.data.ViewActions$1.perform(ViewActions.java:48)
12-12 07:07:54.397 11161 11161 W System.err: 	at androidx.test.espresso.ViewInteraction$SingleExecutionViewAction.perform(ViewInteraction.java:2)
12-12 07:07:54.398 11161 11161 W System.err: 	at androidx.test.espresso.ViewInteraction.doPerform(ViewInteraction.java:25)
12-12 07:07:54.398 11161 11161 W System.err: 	at androidx.test.espresso.ViewInteraction.-$$Nest$mdoPerform(Unknown Source:0)
12-12 07:07:54.398 11161 11161 W System.err: 	at androidx.test.espresso.ViewInteraction$1.call(ViewInteraction.java:7)
12-12 07:07:54.398 11161 11161 W System.err: 	at androidx.test.espresso.ViewInteraction$1.call(ViewInteraction.java:1)
12-12 07:07:54.399 11161 11161 W System.err: 	at java.util.concurrent.FutureTask.run(FutureTask.java:266)
12-12 07:07:54.399 11161 11161 W System.err: 	at android.os.Handler.handleCallback(Handler.java:883)
12-12 07:07:54.400 11161 11161 W System.err: 	at android.os.Handler.dispatchMessage(Handler.java:100)
12-12 07:07:54.400 11161 11161 W System.err: 	at android.os.Looper.loop(Looper.java:214)
12-12 07:07:54.400 11161 11161 W System.err: 	at android.app.ActivityThread.main(ActivityThread.java:7356)
12-12 07:07:54.401 11161 11161 W System.err: 	at java.lang.reflect.Method.invoke(Native Method)
12-12 07:07:54.402 11161 11161 W System.err: 	at com.android.internal.os.RuntimeInit$MethodAndArgsCaller.run(RuntimeInit.java:492)
12-12 07:07:54.402 11161 11161 W System.err: 	at com.android.internal.os.ZygoteInit.main(ZygoteInit.java:930)
12-12 07:07:54.510  1776  1920 D gralloc_ranchu: gralloc_alloc: Creating ashmem region of size 2641920
12-12 07:07:54.521  1776  1920 I chatty  : uid=1000(system) HwBinder:1776_2 identical 1 line
12-12 07:07:54.522  1776  1920 D gralloc_ranchu: gralloc_alloc: Creating ashmem region of size 2641920
12-12 07:07:54.529 11161 11255 D EGL_emulation: eglMakeCurrent: 0xe7a7f940: ver 2 0 (tinfo 0xe7a89c30)
12-12 07:07:54.610 11161 11255 D EGL_emulation: eglMakeCurrent: 0xe7a7f940: ver 2 0 (tinfo 0xe7a89c30)
12-12 07:07:54.627 11161 11205 W teco.fmhandroi: Accessing hidden method Lsun/misc/Unsafe;->compareAndSwapObject(Ljava/lang/Object;JLjava/lang/Object;Ljava/lang/Object;)Z (greylist, linking, allowed)
12-12 07:07:54.632 11161 11161 I ViewInteraction: Performing 'wait for a specific view with <view.getId() is <2131231025>> during 10000 millis.' action on view view.getRootView() to equal view
12-12 07:07:55.280  2009  2346 I ActivityManager: Killing 8708:com.google.android.gms.unstable/u0a112 (adj 985): empty #17
12-12 07:07:55.314  2009  2047 E memtrack: Couldn't load memtrack module
12-12 07:07:55.314  2009  2047 W android.os.Debug: failed to get memory consumption info: -1
12-12 07:07:55.371  1746  1746 I Zygote  : Process 8708 exited due to signal 9 (Killed)
12-12 07:07:55.373  2009  2050 I libprocessgroup: Successfully killed process cgroup uid 10112 pid 8708 in 84ms
12-12 07:07:56.102 11161 11255 D EGL_emulation: eglMakeCurrent: 0xe7a7f940: ver 2 0 (tinfo 0xe7a89c30)
12-12 07:07:56.803  2009  5692 W NotificationService: Toast already killed. pkg=ru.iteco.fmhandroid callback=android.app.ITransientNotification$Stub$Proxy@4c791c1
12-12 07:07:56.828  1765  1765 W audio_hw_generic: Not supplying enough data to HAL, expected position 12183960 , only wrote 11875526
12-12 07:07:57.649  2009  2047 E memtrack: Couldn't load memtrack module
12-12 07:07:57.649  2009  2047 W android.os.Debug: failed to get memory consumption info: -1
12-12 07:07:58.724  2009  2009 W WindowManager: removeWindowToken: Attempted to remove non-existing token: android.os.Binder@bd78415
12-12 07:08:00.015  2161  2161 D KeyguardClockSwitch: Updating clock: 708
12-12 07:08:01.392  2009  2047 E memtrack: Couldn't load memtrack module
12-12 07:08:01.392  2009  2047 W android.os.Debug: failed to get memory consumption info: -1
12-12 07:08:04.692 11161 11161 D takeScreenshot: Found 2 global views to redraw
12-12 07:08:04.708 11161 11255 D EGL_emulation: eglMakeCurrent: 0xe7a7f940: ver 2 0 (tinfo 0xe7a89c30)
12-12 07:08:04.732 11161 11255 D EGL_emulation: eglMakeCurrent: 0xe7a7f940: ver 2 0 (tinfo 0xe7a89c30)
12-12 07:08:04.773  1776  1920 D gralloc_ranchu: gralloc_alloc: Creating ashmem region of size 10108928
12-12 07:08:05.133 11161 11205 W DefaultFailureHandler: Failed to take screenshot
12-12 07:08:05.133 11161 11205 W DefaultFailureHandler: java.io.FileNotFoundException: view-op-error-2.png: open failed: EROFS (Read-only file system)
12-12 07:08:05.133 11161 11205 W DefaultFailureHandler: 	at libcore.io.IoBridge.open(IoBridge.java:496)
12-12 07:08:05.133 11161 11205 W DefaultFailureHandler: 	at java.io.FileOutputStream.<init>(FileOutputStream.java:235)
12-12 07:08:05.133 11161 11205 W DefaultFailureHandler: 	at java.io.FileOutputStream.<init>(FileOutputStream.java:125)
12-12 07:08:05.133 11161 11205 W DefaultFailureHandler: 	at androidx.test.platform.io.FileTestStorage.openOutputFile(FileTestStorage.java:60)
12-12 07:08:05.133 11161 11205 W DefaultFailureHandler: 	at androidx.test.core.graphics.BitmapStorage.writeToTestStorage(BitmapStorageExt.kt:49)
12-12 07:08:05.133 11161 11205 W DefaultFailureHandler: 	at androidx.test.espresso.base.DefaultFailureHandler.takeScreenshot(DefaultFailureHandler.java:4)
12-12 07:08:05.133 11161 11205 W DefaultFailureHandler: 	at androidx.test.espresso.base.DefaultFailureHandler.handle(DefaultFailureHandler.java:3)
12-12 07:08:05.133 11161 11205 W DefaultFailureHandler: 	at androidx.test.espresso.ViewInteraction.waitForAndHandleInteractionResults(ViewInteraction.java:8)
12-12 07:08:05.133 11161 11205 W DefaultFailureHandler: 	at androidx.test.espresso.ViewInteraction.desugaredPerform(ViewInteraction.java:11)
12-12 07:08:05.133 11161 11205 W DefaultFailureHandler: 	at androidx.test.espresso.ViewInteraction.perform(ViewInteraction.java:8)
12-12 07:08:05.133 11161 11205 W DefaultFailureHandler: 	at ru.iteco.fmhandroid.ui.data.TestUtils.waitView(TestUtils.java:61)
12-12 07:08:05.133 11161 11205 W DefaultFailureHandler: 	at ru.iteco.fmhandroid.ui.steps.NewsPageSteps.openControlPanel(NewsPageSteps.java:55)
12-12 07:08:05.133 11161 11205 W DefaultFailureHandler: 	at ru.iteco.fmhandroid.ui.ControlPanelTest.logoutCheckAndOpenControlPanelPage(ControlPanelTest.java:65)
12-12 07:08:05.133 11161 11205 W DefaultFailureHandler: 	at java.lang.reflect.Method.invoke(Native Method)
