--------- beginning of main
12-06 16:21:59.778 17690 17690 D ICU     : Time zone APEX file found: /apex/com.android.tzdata/etc/icu/icu_tzdata.dat
12-06 16:21:59.801 17690 17690 W app_process: Unexpected CPU variant for X86 using defaults: x86
12-06 16:21:59.804 17690 17690 I app_process: The ClassLoaderContext is a special shared library.
12-06 16:21:59.839 17690 17690 W app_process: JNI RegisterNativeMethods: attempt to register 0 native methods for android.media.AudioAttributes
12-06 16:21:59.848 17690 17690 D AndroidRuntime: Calling main entry com.android.commands.am.Am
--------- beginning of system
12-06 16:21:59.857  2018  2036 I ActivityManager: Force stopping ru.iteco.fmhandroid appid=10146 user=0: start instr
12-06 16:21:59.870  1745  1745 D Zygote  : Forked child process 17707
12-06 16:21:59.876 17707 17707 I teco.fmhandroi: Late-enabling -Xcheck:jni
12-06 16:21:59.880  2018  2060 I ActivityManager: Start proc 17707:ru.iteco.fmhandroid/u0a146 for added application ru.iteco.fmhandroid
12-06 16:21:59.910 17707 17707 E teco.fmhandroi: Unknown bits set in runtime_flags: 0x8000
12-06 16:21:59.911 17707 17707 W teco.fmhandroi: Unexpected CPU variant for X86 using defaults: x86
12-06 16:21:59.988 17707 17707 I teco.fmhandroi: The ClassLoaderContext is a special shared library.
12-06 16:21:59.992 17707 17707 I teco.fmhandroi: The ClassLoaderContext is a special shared library.
12-06 16:22:00.003  2170  2170 D KeyguardClockSwitch: Updating clock: 422
12-06 16:22:00.209 17707 17707 W teco.fmhandroi: ClassLoaderContext classpath size mismatch. expected=0, found=7 (PCL[] | PCL[/system/framework/android.test.runner.jar*3312018701:/system/framework/android.test.mock.jar*3601177991:/data/app/ru.iteco.fmhandroid.test-g4i9I4mL1lp_Qwtwi4huoQ==/base.apk*125722370:/data/app/ru.iteco.fmhandroid.test-g4i9I4mL1lp_Qwtwi4huoQ==/base.apk!classes2.dex*2301094307:/data/app/ru.iteco.fmhandroid.test-g4i9I4mL1lp_Qwtwi4huoQ==/base.apk!classes3.dex*37651620:/data/app/ru.iteco.fmhandroid.test-g4i9I4mL1lp_Qwtwi4huoQ==/base.apk!classes4.dex*198992372:/data/app/ru.iteco.fmhandroid.test-g4i9I4mL1lp_Qwtwi4huoQ==/base.apk!classes5.dex*3462570230])
12-06 16:22:00.211  2962  3348 I MicroDetectionWorker: #startMicroDetector [speakerMode: 0]
12-06 16:22:00.212  2962  3348 W ErrorReporter: reportError [type: 211, code: 393244, bug: 0]: errorCode: 393244, engine: 0
12-06 16:22:00.212  2962  3348 I MicroDetector: Keeping mic open: false
12-06 16:22:00.212  2962  3348 I MicroDetectionWorker: #onError(false)
12-06 16:22:00.213  2298  2315 I m.android.phon: Background concurrent copying GC freed 19673(1925KB) AllocSpace objects, 0(0B) LOS objects, 49% free, 1715KB/3431KB, paused 374us total 135.777ms
12-06 16:22:00.252 17707 17707 W teco.fmhandroi: Found duplicate classes, falling back to extracting from APK : /data/app/ru.iteco.fmhandroid-R0QVQlEGwG1IVzN-H3bqog==/base.apk
12-06 16:22:00.252 17707 17707 W teco.fmhandroi: NOTE: This wastes RAM and hurts startup performance.
12-06 16:22:00.252 17707 17707 W teco.fmhandroi: Found duplicated class when checking oat files: 'Lcom/google/common/util/concurrent/ListenableFuture;' in /data/app/ru.iteco.fmhandroid.test-g4i9I4mL1lp_Qwtwi4huoQ==/base.apk and /data/app/ru.iteco.fmhandroid-R0QVQlEGwG1IVzN-H3bqog==/base.apk
12-06 16:22:00.252 17707 17707 W teco.fmhandroi: 
12-06 16:22:00.840 17707 17707 I teco.fmhandroi: The ClassLoaderContext is a special shared library.
12-06 16:22:00.840 17707 17707 I teco.fmhandroi: The ClassLoaderContext is a special shared library.
12-06 16:22:01.015 17707 17707 W teco.fmhandroi: ClassLoaderContext classpath size mismatch. expected=0, found=7 (PCL[] | PCL[/system/framework/android.test.runner.jar*3312018701:/system/framework/android.test.mock.jar*3601177991:/data/app/ru.iteco.fmhandroid.test-g4i9I4mL1lp_Qwtwi4huoQ==/base.apk*125722370:/data/app/ru.iteco.fmhandroid.test-g4i9I4mL1lp_Qwtwi4huoQ==/base.apk!classes2.dex*2301094307:/data/app/ru.iteco.fmhandroid.test-g4i9I4mL1lp_Qwtwi4huoQ==/base.apk!classes3.dex*37651620:/data/app/ru.iteco.fmhandroid.test-g4i9I4mL1lp_Qwtwi4huoQ==/base.apk!classes4.dex*198992372:/data/app/ru.iteco.fmhandroid.test-g4i9I4mL1lp_Qwtwi4huoQ==/base.apk!classes5.dex*3462570230];PCL[/system/framework/android.test.runner.jar*3312018701:/system/framework/android.test.mock.jar*3601177991:/data/app/ru.iteco.fmhandroid.test-g4i9I4mL1lp_Qwtwi4huoQ==/base.apk*125722370:/data/app/ru.iteco.fmhandroid.test-g4i9I4mL1lp_Qwtwi4huoQ==/base.apk!classes2.dex*2301094307:/data/app/ru.iteco.fmhandroid.test-g4i9I4mL1lp_Qwtwi4huoQ==/base.apk!classes3.dex*37651620:/data/app/ru.iteco.fmh
12-06 16:22:01.017 17707 17707 W teco.fmhandroi: Found duplicate classes, falling back to extracting from APK : /data/app/ru.iteco.fmhandroid-R0QVQlEGwG1IVzN-H3bqog==/base.apk
12-06 16:22:01.017 17707 17707 W teco.fmhandroi: NOTE: This wastes RAM and hurts startup performance.
12-06 16:22:01.017 17707 17707 W teco.fmhandroi: Found duplicated class when checking oat files: 'Landroid/support/v4/app/INotificationSideChannel$Default;' in /data/app/ru.iteco.fmhandroid-R0QVQlEGwG1IVzN-H3bqog==/base.apk and /data/app/ru.iteco.fmhandroid-R0QVQlEGwG1IVzN-H3bqog==/base.apk
12-06 16:22:01.017 17707 17707 W teco.fmhandroi: 
12-06 16:22:01.340 17707 17707 W teco.fmhandroi: Accessing hidden method Landroid/app/Instrumentation;->execStartActivity(Landroid/content/Context;Landroid/os/IBinder;Landroid/os/IBinder;Landroid/app/Activity;Landroid/content/Intent;ILandroid/os/Bundle;)Landroid/app/Instrumentation$ActivityResult; (greylist, linking, allowed)
12-06 16:22:01.340 17707 17707 W teco.fmhandroi: Accessing hidden method Landroid/app/Instrumentation;->execStartActivity(Landroid/content/Context;Landroid/os/IBinder;Landroid/os/IBinder;Ljava/lang/String;Landroid/content/Intent;ILandroid/os/Bundle;)Landroid/app/Instrumentation$ActivityResult; (greylist, linking, allowed)
12-06 16:22:01.348 17707 17707 I MonitoringInstr: newApplication called!
12-06 16:22:01.384 17707 17707 I FirebaseApp: Device unlocked: initializing all Firebase APIs for app [DEFAULT]
12-06 16:22:01.410 17707 17707 I FirebaseCrashlytics: Initializing Firebase Crashlytics 18.2.6 for ru.iteco.fmhandroid
12-06 16:22:01.424 17707 17739 I DynamiteModule: Considering local module com.google.android.gms.measurement.dynamite:55 and remote module com.google.android.gms.measurement.dynamite:15
12-06 16:22:01.424 17707 17739 I DynamiteModule: Selected local version of com.google.android.gms.measurement.dynamite
12-06 16:22:01.433 17707 17707 W FA      : Failed to register event listener on calling thread. Trying again on the dynamite thread.
12-06 16:22:01.517 17707 17707 I FirebaseInitProvider: FirebaseApp initialization successful
12-06 16:22:01.539 17707 17707 I MonitoringInstr: Instrumentation started!
12-06 16:22:01.544 17707 17707 D ClassesArgTokenizer: input: ru.iteco.fmhandroid.ui.ClaimEditTest#shouldExitTheClaimCardByClickingTheButtonClose
12-06 16:22:01.544 17707 17707 D ClassesArgTokenizer: result: [ru.iteco.fmhandroid.ui.ClaimEditTest#shouldExitTheClaimCardByClickingTheButtonClose]
12-06 16:22:01.544 17707 17707 D ClassesArgTokenizer: input: null
12-06 16:22:01.544 17707 17707 D ClassesArgTokenizer: result: []
12-06 16:22:01.547 17707 17707 V TestEventClient: No service name argument was given (testDiscoveryService, testRunEventService or orchestratorService)
12-06 16:22:01.559 17707 17751 D AndroidJUnitRunner: onStart is called.
12-06 16:22:01.566 17707 17707 I MonitoringInstr: No JSBridge.
12-06 16:22:01.571 17707 17745 V FA      : App measurement collection enabled
12-06 16:22:01.573 17707 17745 V FA      : App measurement enabled for app package, google app id: ru.iteco.fmhandroid, 1:729587742060:android:e7d6f87c783f52b9a42f49
12-06 16:22:01.574 17707 17745 I FA      : App measurement initialized, version: 46000
12-06 16:22:01.575 17707 17745 I FA      : To enable debug logging run: adb shell setprop log.tag.FA VERBOSE
12-06 16:22:01.575 17707 17745 I FA      : To enable faster debug mode event logging run:
12-06 16:22:01.575 17707 17745 I FA      :   adb shell setprop debug.firebase.analytics.app ru.iteco.fmhandroid
12-06 16:22:01.575 17707 17745 D FA      : Debug-level message logging enabled
12-06 16:22:01.586 17707 17751 D TestRequestBuilder: Skipping class path scanning and directly running [ru.iteco.fmhandroid.ui.ClaimEditTest]
12-06 16:22:01.594 17707 17751 D ClassesArgTokenizer: input: ru.iteco.fmhandroid.ui.ClaimEditTest#shouldExitTheClaimCardByClickingTheButtonClose
12-06 16:22:01.594 17707 17751 D ClassesArgTokenizer: result: [ru.iteco.fmhandroid.ui.ClaimEditTest#shouldExitTheClaimCardByClickingTheButtonClose]
12-06 16:22:01.594 17707 17751 D ClassesArgTokenizer: input: null
12-06 16:22:01.594 17707 17751 D ClassesArgTokenizer: result: []
12-06 16:22:01.611 17707 17751 D AndroidJUnitRunner: Use the raw file system for managing file I/O.
12-06 16:22:01.617 17707 17751 D TestExecutor: Adding listener androidx.test.internal.runner.listener.LogRunListener
12-06 16:22:01.618 17707 17751 D TestExecutor: Adding listener androidx.test.internal.runner.listener.InstrumentationResultPrinter
12-06 16:22:01.618 17707 17751 D TestExecutor: Adding listener androidx.test.internal.runner.listener.ActivityFinisherRunListener
12-06 16:22:01.618 17707 17751 D TestExecutor: Adding listener androidx.test.internal.runner.listener.TraceRunListener
12-06 16:22:01.624 17707 17751 I TestRunner: run started: 1 tests
12-06 16:22:01.635 17707 17745 V FA      : Connecting to remote service
12-06 16:22:01.658 17707 17745 V FA      : Connection attempt already in progress
12-06 16:22:01.670 17707 17745 V FA      : Connection attempt already in progress
12-06 16:22:01.670 17707 17745 D FA      : Connected to remote service
12-06 16:22:01.670 17707 17745 V FA      : Processing queued up service tasks: 3
12-06 16:22:01.686 17707 17751 I TestRunner: started: shouldExitTheClaimCardByClickingTheButtonClose(ru.iteco.fmhandroid.ui.ClaimEditTest)
12-06 16:22:01.709  2873 17754 V FA-SVC  : Saving default event parameters, appId, data size: ru.iteco.fmhandroid, 2
12-06 16:22:01.807  1744 17755 E ResolverController: No valid NAT64 prefix (100, <unspecified>/0)
12-06 16:22:01.852 17707 17751 W FileTestStorage: Output properties is not supported.
12-06 16:22:01.853 17707 17751 I Tracing : Tracer added: class androidx.test.platform.tracing.AndroidXTracer
12-06 16:22:01.866 17707 17751 D EventInjectionStrategy: Creating injection strategy with input manager.
12-06 16:22:01.867 17707 17751 W teco.fmhandroi: Accessing hidden method Landroid/hardware/input/InputManager;->getInstance()Landroid/hardware/input/InputManager; (greylist, reflection, allowed)
12-06 16:22:01.868 17707 17751 W teco.fmhandroi: Accessing hidden method Landroid/hardware/input/InputManager;->injectInputEvent(Landroid/view/InputEvent;I)Z (greylist, reflection, allowed)
12-06 16:22:01.868 17707 17751 W teco.fmhandroi: Accessing hidden field Landroid/hardware/input/InputManager;->INJECT_INPUT_EVENT_MODE_WAIT_FOR_FINISH:I (greylist, reflection, allowed)
12-06 16:22:01.926  2018  2018 V SettingsProvider: Notifying for 0: content://settings/secure/accessibility_enabled
12-06 16:22:01.983 17707 17751 W Settings: Setting always_finish_activities has moved from android.provider.Settings.System to android.provider.Settings.Global, returning read-only value.
12-06 16:22:01.993  2018  7051 I ActivityTaskManager: START u0 {act=android.intent.action.MAIN cat=[android.intent.category.LAUNCHER] flg=0x10008000 cmp=ru.iteco.fmhandroid.test/androidx.test.core.app.InstrumentationActivityInvoker$BootstrapActivity (has extras)} from uid 10146
12-06 16:22:02.018  2018  7051 W InputReader: Device has associated, but no associated display id.
12-06 16:22:02.018  2018  7051 I chatty  : uid=1000(system) Binder:2018_19 identical 8 lines
12-06 16:22:02.018  2018  7051 W InputReader: Device has associated, but no associated display id.
12-06 16:22:02.046  1745  1745 D Zygote  : Forked child process 17763
12-06 16:22:02.058 17763 17763 I fmhandroid.tes: Late-enabling -Xcheck:jni
12-06 16:22:02.064  1776  1776 D gralloc_ranchu: gralloc_alloc: Creating ashmem region of size 10108928
12-06 16:22:02.066  2018  2060 I ActivityManager: Start proc 17763:ru.iteco.fmhandroid.test/u0a147 for activity {ru.iteco.fmhandroid.test/androidx.test.core.app.InstrumentationActivityInvoker$BootstrapActivity}
12-06 16:22:02.089 12448 12508 E ActivityThread: Failed to find provider info for com.google.android.apps.wellbeing.api
12-06 16:22:02.134 17763 17763 E fmhandroid.tes: Unknown bits set in runtime_flags: 0x8000
12-06 16:22:02.135 17763 17763 W fmhandroid.tes: Unexpected CPU variant for X86 using defaults: x86
12-06 16:22:02.192  2018  7051 W InputReader: Device has associated, but no associated display id.
12-06 16:22:02.200  2018  7051 I chatty  : uid=1000(system) Binder:2018_19 identical 28 lines
12-06 16:22:02.200  2018  7051 W InputReader: Device has associated, but no associated display id.
12-06 16:22:02.207  2018  2054 W InputReader: Device has associated, but no associated display id.
12-06 16:22:02.208  2018  2054 I chatty  : uid=1000(system) android.anim identical 8 lines
12-06 16:22:02.208  2018  2054 W InputReader: Device has associated, but no associated display id.
12-06 16:22:02.222  2962  3510 D EGL_emulation: eglMakeCurrent: 0xe597d120: ver 2 0 (tinfo 0xbffb2540)
12-06 16:22:02.224 17763 17763 I fmhandroid.tes: The ClassLoaderContext is a special shared library.
12-06 16:22:02.226  1776  1776 D gralloc_ranchu: gralloc_alloc: Creating ashmem region of size 10108928
12-06 16:22:02.227 17763 17763 I fmhandroid.tes: The ClassLoaderContext is a special shared library.
12-06 16:22:02.228 12448 12488 D EGL_emulation: eglMakeCurrent: 0xe594d140: ver 2 0 (tinfo 0xc539bd10)
12-06 16:22:02.246  2170  2566 D EGL_emulation: eglMakeCurrent: 0xe594e040: ver 2 0 (tinfo 0xc52450c0)
12-06 16:22:02.840  1793  2129 E SurfaceFlinger: ro.sf.lcd_density must be defined as a build property
12-06 16:22:02.841  1793  2129 E SurfaceFlinger: ro.sf.lcd_density must be defined as a build property
12-06 16:22:02.847 17763 17796 D libEGL  : Emulator has host GPU support, qemu.gles is set to 1.
12-06 16:22:02.847 17763 17796 W libc    : Unable to set property "qemu.gles" to "1": connection failed; errno=13 (Permission denied)
12-06 16:22:02.838 17763 17763 W RenderThread: type=1400 audit(0.0:211): avc: denied { write } for name="property_service" dev="tmpfs" ino=7388 scontext=u:r:untrusted_app:s0:c147,c256,c512,c768 tcontext=u:object_r:property_socket:s0 tclass=sock_file permissive=0 app=ru.iteco.fmhandroid.test
12-06 16:22:02.858 17763 17796 D libEGL  : loaded /vendor/lib/egl/libEGL_emulation.so
12-06 16:22:02.863 17763 17796 D libEGL  : loaded /vendor/lib/egl/libGLESv1_CM_emulation.so
12-06 16:22:02.864 17763 17796 D libEGL  : loaded /vendor/lib/egl/libGLESv2_emulation.so
12-06 16:22:02.892  2018  7051 I ActivityTaskManager: START u0 {act=android.intent.action.MAIN cat=[android.intent.category.LAUNCHER] cmp=ru.iteco.fmhandroid/.ui.AppActivity} from uid 10146
12-06 16:22:02.899  2018  7051 W InputReader: Device has associated, but no associated display id.
12-06 16:22:02.902  2018  7051 I chatty  : uid=1000(system) Binder:2018_19 identical 48 lines
12-06 16:22:02.902  2018  7051 W InputReader: Device has associated, but no associated display id.
12-06 16:22:02.904 17707 17707 W ActivityThread: handleWindowVisibility: no activity for token android.os.BinderProxy@74190a2
12-06 16:22:02.907  2018  7051 W InputReader: Device has associated, but no associated display id.
12-06 16:22:02.907  2018  7051 I chatty  : uid=1000(system) Binder:2018_19 identical 8 lines
12-06 16:22:02.907  2018  7051 W InputReader: Device has associated, but no associated display id.
12-06 16:22:02.932  1793  1896 E SurfaceFlinger: ro.sf.lcd_density must be defined as a build property
12-06 16:22:02.932  1793  1896 E SurfaceFlinger: ro.sf.lcd_density must be defined as a build property
12-06 16:22:02.935 17707 17800 D libEGL  : Emulator has host GPU support, qemu.gles is set to 1.
12-06 16:22:02.939 17707 17800 W libc    : Unable to set property "qemu.gles" to "1": connection failed; errno=13 (Permission denied)
12-06 16:22:02.928 17707 17707 W RenderThread: type=1400 audit(0.0:212): avc: denied { write } for name="property_service" dev="tmpfs" ino=7388 scontext=u:r:untrusted_app:s0:c146,c256,c512,c768 tcontext=u:object_r:property_socket:s0 tclass=sock_file permissive=0 app=ru.iteco.fmhandroid
12-06 16:22:02.997 17707 17800 D libEGL  : loaded /vendor/lib/egl/libEGL_emulation.so
12-06 16:22:02.998 17707 17800 D libEGL  : loaded /vendor/lib/egl/libGLESv1_CM_emulation.so
12-06 16:22:02.999 17707 17800 D libEGL  : loaded /vendor/lib/egl/libGLESv2_emulation.so
12-06 16:22:03.000  2962 17367 I PBSessionCacheImpl: Deleted sessionId[635178727024] from persistence.
12-06 16:22:03.013  2962  3348 W SearchServiceCore: Abort, client detached.
12-06 16:22:03.017 17707 17707 D LifecycleMonitor: Lifecycle status change: ru.iteco.fmhandroid.ui.AppActivity@4d99d8f in: PRE_ON_CREATE
12-06 16:22:03.018 17707 17707 V ActivityScenario: Activity lifecycle changed event received but ignored because the reported transition was not ON_CREATE while the last known transition was PRE_ON_CREATE
12-06 16:22:03.039 17707 17739 V FA      : onActivityCreated
12-06 16:22:03.045 17707 17707 E teco.fmhandroi: Invalid ID 0x00000000.
12-06 16:22:03.091 17707 17707 W teco.fmhandroi: Accessing hidden method Landroid/view/View;->computeFitSystemWindows(Landroid/graphics/Rect;Landroid/graphics/Rect;)Z (greylist, reflection, allowed)
12-06 16:22:03.093 17707 17707 W teco.fmhandroi: Accessing hidden method Landroid/view/ViewGroup;->makeOptionalFitsSystemWindows()V (greylist, reflection, allowed)
12-06 16:22:03.264 17707 17707 D NetworkSecurityConfig: No Network Security Config specified, using platform default
12-06 16:22:03.290 17707 17707 W teco.fmhandroi: Accessing hidden method Ljava/lang/invoke/MethodHandles$Lookup;-><init>(Ljava/lang/Class;I)V (greylist, reflection, allowed)
12-06 16:22:03.459 17707 17707 D LifecycleMonitor: Lifecycle status change: ru.iteco.fmhandroid.ui.AppActivity@4d99d8f in: CREATED
12-06 16:22:03.459 17707 17707 V ActivityScenario: Update currentActivityStage to CREATED, currentActivity=ru.iteco.fmhandroid.ui.AppActivity@4d99d8f
12-06 16:22:03.831 17707 17707 D LifecycleMonitor: Lifecycle status change: ru.iteco.fmhandroid.ui.AppActivity@4d99d8f in: STARTED
12-06 16:22:03.831 17707 17707 V ActivityScenario: Update currentActivityStage to STARTED, currentActivity=ru.iteco.fmhandroid.ui.AppActivity@4d99d8f
12-06 16:22:03.834 17707 17707 D LifecycleMonitor: Lifecycle status change: ru.iteco.fmhandroid.ui.AppActivity@4d99d8f in: RESUMED
12-06 16:22:03.834 17707 17707 V ActivityScenario: Update currentActivityStage to RESUMED, currentActivity=ru.iteco.fmhandroid.ui.AppActivity@4d99d8f
12-06 16:22:03.834 17707 17745 V FA      : Activity resumed, time: 18544149
12-06 16:22:03.842 17707 17751 W FileTestStorage: Test input args is not supported.
12-06 16:22:03.848 17707 17745 I FA      : Tag Manager is not found and thus will not be used
12-06 16:22:03.857 17707 17751 W teco.fmhandroi: Accessing hidden method Lsun/misc/Unsafe;->getUnsafe()Lsun/misc/Unsafe; (greylist,core-platform-api, linking, allowed)
12-06 16:22:03.857 17707 17751 W teco.fmhandroi: Accessing hidden method Lsun/misc/Unsafe;->objectFieldOffset(Ljava/lang/reflect/Field;)J (greylist,core-platform-api, linking, allowed)
12-06 16:22:03.858 17707 17751 W teco.fmhandroi: Accessing hidden method Lsun/misc/Unsafe;->putObject(Ljava/lang/Object;JLjava/lang/Object;)V (greylist, linking, allowed)
12-06 16:22:03.863 17707 17751 W teco.fmhandroi: Accessing hidden method Lsun/misc/Unsafe;->compareAndSwapObject(Ljava/lang/Object;JLjava/lang/Object;Ljava/lang/Object;)Z (greylist, linking, allowed)
12-06 16:22:03.863 17707 17751 W teco.fmhandroi: Accessing hidden method Lsun/misc/Unsafe;->getObject(Ljava/lang/Object;J)Ljava/lang/Object; (greylist, linking, allowed)
12-06 16:22:03.865 17707 17707 W teco.fmhandroi: Accessing hidden method Landroid/os/MessageQueue;->next()Landroid/os/Message; (greylist, reflection, allowed)
12-06 16:22:03.865 17707 17707 W teco.fmhandroi: Accessing hidden field Landroid/os/MessageQueue;->mMessages:Landroid/os/Message; (greylist, reflection, allowed)
12-06 16:22:03.866 17707 17707 W teco.fmhandroi: Accessing hidden method Landroid/os/Message;->recycleUnchecked()V (greylist, reflection, allowed)
12-06 16:22:03.907 17707 17797 D HostConnection: HostConnection::get() New Host Connection established 0xda28f4f0, tid 17797
12-06 16:22:03.920  2873 17754 V FA-SVC  : Logging event: origin=auto,name=screen_view(_vs),params=Bundle[{ga_event_origin(_o)=auto, ga_screen_class(_sc)=AppActivity, ga_screen_id(_si)=-1589421406231073133}]
12-06 16:22:03.952  2873 17754 V FA-SVC  : Upload scheduled in approximately ms: 1578433
12-06 16:22:03.952  2873 17754 V FA-SVC  : Unscheduling upload
12-06 16:22:03.958  2873 17754 V FA-SVC  : Scheduling upload, millis: 1578433
12-06 16:22:03.963  2873 17754 V FA-SVC  : Background event processing time, ms: 45
12-06 16:22:03.976 17707 17797 D HostConnection: HostComposition ext ANDROID_EMU_CHECKSUM_HELPER_v1 ANDROID_EMU_dma_v1 ANDROID_EMU_direct_mem ANDROID_EMU_host_composition_v1 ANDROID_EMU_host_composition_v2 ANDROID_EMU_vulkan ANDROID_EMU_deferred_vulkan_commands ANDROID_EMU_vulkan_null_optional_strings ANDROID_EMU_vulkan_create_resources_with_requirements ANDROID_EMU_YUV_Cache ANDROID_EMU_vulkan_ignored_handles ANDROID_EMU_vulkan_free_memory_sync ANDROID_EMU_vulkan_shader_float16_int8 ANDROID_EMU_vulkan_async_queue_submit ANDROID_EMU_sync_buffer_data GL_OES_vertex_array_object GL_KHR_texture_compression_astc_ldr ANDROID_EMU_host_side_tracing ANDROID_EMU_gles_max_version_2 
12-06 16:22:03.982 17707 17797 W OpenGLRenderer: Failed to choose config with EGL_SWAP_BEHAVIOR_PRESERVED, retrying without...
12-06 16:22:03.984  2656 17555 E SQLiteDatabase: Error inserting flex_time=1578000 job_id=-1 period=3157000 source=16 requires_charging=0 preferred_network_type=1 target_class=com.google.android.gms.measurement.PackageMeasurementTaskService user_id=0 target_package=com.google.android.gms tag=Measurement.PackageMeasurementTaskService.UPLOAD_TASK_TAG task_type=0 required_idleness_state=0 service_kind=0 source_version=202414000 persistence_level=1 preferred_charging_state=1 required_network_type=0 runtime=1670343723970 retry_strategy={"maximum_backoff_seconds":{"3600":0},"initial_backoff_seconds":{"30":0},"retry_policy":{"0":0}} last_runtime=0
12-06 16:22:03.984  2656 17555 E SQLiteDatabase: android.database.sqlite.SQLiteConstraintException: UNIQUE constraint failed: pending_ops.tag, pending_ops.target_class, pending_ops.target_package, pending_ops.user_id (code 2067 SQLITE_CONSTRAINT_UNIQUE)
12-06 16:22:03.984  2656 17555 E SQLiteDatabase: 	at android.database.sqlite.SQLiteConnection.nativeExecuteForLastInsertedRowId(Native Method)
12-06 16:22:03.984  2656 17555 E SQLiteDatabase: 	at android.database.sqlite.SQLiteConnection.executeForLastInsertedRowId(SQLiteConnection.java:879)
12-06 16:22:03.984  2656 17555 E SQLiteDatabase: 	at android.database.sqlite.SQLiteSession.executeForLastInsertedRowId(SQLiteSession.java:790)
12-06 16:22:03.984  2656 17555 E SQLiteDatabase: 	at android.database.sqlite.SQLiteStatement.executeInsert(SQLiteStatement.java:88)
12-06 16:22:03.984  2656 17555 E SQLiteDatabase: 	at android.database.sqlite.SQLiteDatabase.insertWithOnConflict(SQLiteDatabase.java:1599)
12-06 16:22:03.984  2656 17555 E SQLiteDatabase: 	at android.database.sqlite.SQLiteDatabase.insert(SQLiteDatabase.java:1468)
12-06 16:22:03.984  2656 17555 E SQLiteDatabase: 	at aqui.a(:com.google.android.gms@202414022@20.24.14 (040700-319035315):175)
12-06 16:22:03.984  2656 17555 E SQLiteDatabase: 	at aqtk.a(:com.google.android.gms@202414022@20.24.14 (040700-319035315):182)
12-06 16:22:03.984  2656 17555 E SQLiteDatabase: 	at aqtk.a(:com.google.android.gms@202414022@20.24.14 (040700-319035315):23)
12-06 16:22:03.984  2656 17555 E SQLiteDatabase: 	at aqtk.a(:com.google.android.gms@202414022@20.24.14 (040700-319035315):177)
12-06 16:22:03.984  2656 17555 E SQLiteDatabase: 	at aqpu.run(:com.google.android.gms@202414022@20.24.14 (040700-319035315):9)
12-06 16:22:03.984  2656 17555 E SQLiteDatabase: 	at soy.b(:com.google.android.gms@202414022@20.24.14 (040700-319035315):12)
12-06 16:22:03.984  2656 17555 E SQLiteDatabase: 	at soy.run(:com.google.android.gms@202414022@20.24.14 (040700-319035315):7)
12-06 16:22:03.984  2656 17555 E SQLiteDatabase: 	at java.util.concurrent.ThreadPoolExecutor.runWorker(ThreadPoolExecutor.java:1167)
12-06 16:22:03.984  2656 17555 E SQLiteDatabase: 	at java.util.concurrent.ThreadPoolExecutor$Worker.run(ThreadPoolExecutor.java:641)
12-06 16:22:03.984  2656 17555 E SQLiteDatabase: 	at sux.run(:com.google.android.gms@202414022@20.24.14 (040700-319035315):0)
12-06 16:22:03.984  2656 17555 E SQLiteDatabase: 	at java.lang.Thread.run(Thread.java:919)
12-06 16:22:04.035 17707 17797 D EGL_emulation: eglCreateContext: 0xf0c7ee00: maj 2 min 0 rcv 2
12-06 16:22:04.039 17707 17797 D EGL_emulation: eglMakeCurrent: 0xf0c7ee00: ver 2 0 (tinfo 0xf0c892c0)
12-06 16:22:04.047  1776  1776 D gralloc_ranchu: gralloc_alloc: Creating ashmem region of size 10108928
12-06 16:22:04.049  1648  1648 I hwservicemanager: getTransport: Cannot find entry android.hardware.graphics.mapper@3.0::IMapper/default in either framework or device manifest.
12-06 16:22:04.049 17707 17797 W Gralloc3: mapper 3.x is not supported
12-06 16:22:04.053 17707 17797 D HostConnection: createUnique: call
12-06 16:22:04.053 17707 17797 D HostConnection: HostConnection::get() New Host Connection established 0xda292330, tid 17797
12-06 16:22:04.054 17707 17797 D HostConnection: HostComposition ext ANDROID_EMU_CHECKSUM_HELPER_v1 ANDROID_EMU_dma_v1 ANDROID_EMU_direct_mem ANDROID_EMU_host_composition_v1 ANDROID_EMU_host_composition_v2 ANDROID_EMU_vulkan ANDROID_EMU_deferred_vulkan_commands ANDROID_EMU_vulkan_null_optional_strings ANDROID_EMU_vulkan_create_resources_with_requirements ANDROID_EMU_YUV_Cache ANDROID_EMU_vulkan_ignored_handles ANDROID_EMU_vulkan_free_memory_sync ANDROID_EMU_vulkan_shader_float16_int8 ANDROID_EMU_vulkan_async_queue_submit ANDROID_EMU_sync_buffer_data GL_OES_vertex_array_object GL_KHR_texture_compression_astc_ldr ANDROID_EMU_host_side_tracing ANDROID_EMU_gles_max_version_2 
12-06 16:22:04.055 17707 17797 D eglCodecCommon: allocate: Ask for block of size 0x1000
12-06 16:22:04.055 17707 17797 D eglCodecCommon: allocate: ioctl allocate returned offset 0x3ffff8000 size 0x2000
12-06 16:22:04.058  1776  1776 D gralloc_ranchu: gralloc_alloc: Creating ashmem region of size 10108928
12-06 16:22:04.059  1776  1776 D gralloc_ranchu: gralloc_alloc: Creating ashmem region of size 10108928
12-06 16:22:04.062 17707 17797 D EGL_emulation: eglMakeCurrent: 0xf0c7ee00: ver 2 0 (tinfo 0xf0c892c0)
12-06 16:22:04.163 17707 17720 I teco.fmhandroi: NativeAlloc concurrent copying GC freed 14847(1685KB) AllocSpace objects, 6(184KB) LOS objects, 49% free, 2932KB/5865KB, paused 1.773ms total 103.013ms
12-06 16:22:04.193  2018  2058 I ActivityTaskManager: Displayed ru.iteco.fmhandroid/.ui.AppActivity: +2s185ms
12-06 16:22:04.225  2170  2566 D EGL_emulation: eglMakeCurrent: 0xe594e040: ver 2 0 (tinfo 0xc52450c0)
12-06 16:22:04.243 17707 17707 W teco.fmhandroi: Accessing hidden method Landroid/view/WindowManagerGlobal;->getInstance()Landroid/view/WindowManagerGlobal; (greylist, reflection, allowed)
12-06 16:22:04.243 17707 17707 W teco.fmhandroi: Accessing hidden field Landroid/view/WindowManagerGlobal;->mViews:Ljava/util/ArrayList; (greylist, reflection, allowed)
12-06 16:22:04.243 17707 17707 W teco.fmhandroi: Accessing hidden field Landroid/view/WindowManagerGlobal;->mParams:Ljava/util/ArrayList; (greylist, reflection, allowed)
12-06 16:22:04.251 17707 17707 I ViewInteraction: Performing 'wait for a specific view with <(an instance of android.widget.TextView and view.getText() with or without transformation to match: is "Authorization" and view.getParent() view.getParent() view.getId() is <2131231186>)> during 10000 millis.' action on view view.getRootView() to equal view
12-06 16:22:06.834 17707 17707 W teco.fmhandroi: Accessing hidden field Lsun/misc/Unsafe;->theUnsafe:Lsun/misc/Unsafe; (greylist, reflection, allowed)
12-06 16:22:06.834 17707 17707 W teco.fmhandroi: Accessing hidden method Lsun/misc/Unsafe;->allocateInstance(Ljava/lang/Class;)Ljava/lang/Object; (greylist, reflection, allowed)
12-06 16:22:06.860 17707 17808 I okhttp.OkHttpClient: --> GET http://www.981757-ca08998.tmweb.ru:8080/fmh/authentication/userInfo
12-06 16:22:06.861 17707 17808 I okhttp.OkHttpClient: --> END GET
12-06 16:22:08.112  2656 16941 I LogUtils: [Places]: ?: Couldn't find platform key file. [CONTEXT service_id=253 ]
12-06 16:22:08.117  2656 16941 I LogUtils: [Places]: ?: Couldn't find platform key file. [CONTEXT service_id=253 ]
12-06 16:22:08.126  2656 17554 I LogUtils: [Places]: ?: PlacesBleScanner stop() [CONTEXT service_id=253 ]
12-06 16:22:08.127  2656  2656 I BeaconBle: Scan : No clients left, canceling alarm. [CONTEXT service_id=111 ]
12-06 16:22:08.129  2656  2656 I BeaconBle: Scan canceled successfully. [CONTEXT service_id=111 ]
12-06 16:22:08.138  2656 17554 I PlacesLogger: [PlaceInferenceEngine]: [anon] Changed inference mode: 0 [CONTEXT service_id=253 ]
12-06 16:22:08.155  2656  3542 W GCoreFlp: No location to return for getLastLocation()
12-06 16:22:08.186  2656 17814 I LogUtils: [Places]: ?: Couldn't find platform key file. [CONTEXT service_id=253 ]
12-06 16:22:08.187  2656 16941 I LogUtils: [Places]: ?: Couldn't find platform key file. [CONTEXT service_id=253 ]
12-06 16:22:08.268  2656  2656 I GeofencerStateMachine: removeGeofences: removeRequest=RemoveGeofencingRequest[REMOVE_BY_PENDING_INTENT pendingIntent=PendingIntent[creatorPackage=com.google.android.gms], packageName=com.google.android.gms]
12-06 16:22:08.926 17707 17745 V FA      : Inactivity, disconnecting from the service
12-06 16:22:12.429  1744 17809 E ResolverController: No valid NAT64 prefix (100, <unspecified>/0)
12-06 16:22:12.596  2018  2058 E memtrack: Couldn't load memtrack module
12-06 16:22:12.596  2018  2058 W android.os.Debug: failed to get memory consumption info: -1
12-06 16:22:13.001 17707 17808 I okhttp.OkHttpClient: <-- 200 http://www.981757-ca08998.tmweb.ru:8080/fmh/authentication/userInfo (6140ms)
12-06 16:22:13.001 17707 17808 I okhttp.OkHttpClient: Vary: Origin
12-06 16:22:13.002 17707 17808 I okhttp.OkHttpClient: Vary: Access-Control-Request-Method
12-06 16:22:13.002 17707 17808 I okhttp.OkHttpClient: Vary: Access-Control-Request-Headers
12-06 16:22:13.002 17707 17808 I okhttp.OkHttpClient: X-Content-Type-Options: nosniff
12-06 16:22:13.002 17707 17808 I okhttp.OkHttpClient: X-XSS-Protection: 1; mode=block
12-06 16:22:13.002 17707 17808 I okhttp.OkHttpClient: Cache-Control: no-cache, no-store, max-age=0, must-revalidate
12-06 16:22:13.002 17707 17808 I okhttp.OkHttpClient: Pragma: no-cache
12-06 16:22:13.002 17707 17808 I okhttp.OkHttpClient: Expires: 0
12-06 16:22:13.002 17707 17808 I okhttp.OkHttpClient: X-Frame-Options: DENY
12-06 16:22:13.002 17707 17808 I okhttp.OkHttpClient: Content-Type: application/json
12-06 16:22:13.002 17707 17808 I okhttp.OkHttpClient: Transfer-Encoding: chunked
12-06 16:22:13.002 17707 17808 I okhttp.OkHttpClient: Date: Tue, 06 Dec 2022 16:22:14 GMT
12-06 16:22:13.002 17707 17808 I okhttp.OkHttpClient: Keep-Alive: timeout=60
12-06 16:22:13.002 17707 17808 I okhttp.OkHttpClient: Connection: keep-alive
12-06 16:22:13.005 17707 17808 I okhttp.OkHttpClient: {"id":2,"firstName":"Данил","lastName":"Иванов","middleName":"Данилович","admin":true}
12-06 16:22:13.005 17707 17808 I okhttp.OkHttpClient: <-- END HTTP (106-byte body)
12-06 16:22:13.008  2962  3348 I WorkerManager: dispose()
12-06 16:22:13.009  2962  3348 W ThreadPoolDumper: Queue length for executor EventBus is now 11. Perhaps some tasks are too long, or the pool is too small.
12-06 16:22:13.050 17707 17818 I okhttp.OkHttpClient: --> GET http://www.981757-ca08998.tmweb.ru:8080/fmh/claims
12-06 16:22:13.050 17707 17818 I okhttp.OkHttpClient: --> END GET
12-06 16:22:13.140  2656  2656 I BeaconBle: Scan : No clients left, canceling alarm. [CONTEXT service_id=111 ]
12-06 16:22:15.387 17707 17707 I Choreographer: Skipped 141 frames!  The application may be doing too much work on its main thread.
12-06 16:22:15.441 17707 17818 I okhttp.OkHttpClient: <-- 200 http://www.981757-ca08998.tmweb.ru:8080/fmh/claims (2390ms)
12-06 16:22:15.441 17707 17818 I okhttp.OkHttpClient: Vary: Origin
12-06 16:22:15.441 17707 17818 I okhttp.OkHttpClient: Vary: Access-Control-Request-Method
12-06 16:22:15.441 17707 17818 I okhttp.OkHttpClient: Vary: Access-Control-Request-Headers
12-06 16:22:15.441 17707 17818 I okhttp.OkHttpClient: X-Content-Type-Options: nosniff
12-06 16:22:15.441 17707 17818 I okhttp.OkHttpClient: X-XSS-Protection: 1; mode=block
12-06 16:22:15.441 17707 17818 I okhttp.OkHttpClient: Cache-Control: no-cache, no-store, max-age=0, must-revalidate
12-06 16:22:15.441 17707 17818 I okhttp.OkHttpClient: Pragma: no-cache
12-06 16:22:15.442 17707 17818 I okhttp.OkHttpClient: Expires: 0
12-06 16:22:15.442 17707 17818 I okhttp.OkHttpClient: X-Frame-Options: DENY
12-06 16:22:15.442 17707 17818 I okhttp.OkHttpClient: Content-Type: application/json
12-06 16:22:15.442 17707 17818 I okhttp.OkHttpClient: Transfer-Encoding: chunked
12-06 16:22:15.442 17707 17818 I okhttp.OkHttpClient: Date: Tue, 06 Dec 2022 16:22:16 GMT
12-06 16:22:15.443 17707 17818 I okhttp.OkHttpClient: Keep-Alive: timeout=60
12-06 16:22:15.443 17707 17818 I okhttp.OkHttpClient: Connection: keep-alive
12-06 16:22:15.768 17707 17797 I OpenGLRenderer: Davey! duration=2732ms; Flags=1, IntendedVsync=18553351123852, Vsync=18555701123758, OldestInputEvent=9223372036854775807, NewestInputEvent=0, HandleInputStart=18555703667380, AnimationStart=18555703734980, PerformTraversalsStart=18555703953780, DrawStart=18555772248580, SyncQueued=18555775079380, SyncStart=18555775629680, IssueDrawCommandsStart=18555775789280, SwapBuffers=18556069048580, FrameCompleted=18556084501780, DequeueBufferDuration=104000, QueueBufferDuration=180000, 
12-06 16:22:16.244 17707 17707 D takeScreenshot: Found 1 global views to redraw
12-06 16:22:16.275  1776  1776 D gralloc_ranchu: gralloc_alloc: Creating ashmem region of size 10108928
12-06 16:22:16.304  1648  1648 I hwservicemanager: getTransport: Cannot find entry android.hardware.graphics.mapper@3.0::IMapper/default in either framework or device manifest.
12-06 16:22:16.304 17690 17706 W Gralloc3: mapper 3.x is not supported
12-06 16:22:16.332 17690 17706 D HostConnection: createUnique: call
12-06 16:22:16.336 17690 17706 D HostConnection: HostConnection::get() New Host Connection established 0xf07564e0, tid 17706
12-06 16:22:16.339 17690 17706 D HostConnection: HostComposition ext ANDROID_EMU_CHECKSUM_HELPER_v1 ANDROID_EMU_dma_v1 ANDROID_EMU_direct_mem ANDROID_EMU_host_composition_v1 ANDROID_EMU_host_composition_v2 ANDROID_EMU_vulkan ANDROID_EMU_deferred_vulkan_commands ANDROID_EMU_vulkan_null_optional_strings ANDROID_EMU_vulkan_create_resources_with_requirements ANDROID_EMU_YUV_Cache ANDROID_EMU_vulkan_ignored_handles ANDROID_EMU_vulkan_free_memory_sync ANDROID_EMU_vulkan_shader_float16_int8 ANDROID_EMU_vulkan_async_queue_submit ANDROID_EMU_sync_buffer_data GL_OES_vertex_array_object GL_KHR_texture_compression_astc_ldr ANDROID_EMU_host_side_tracing ANDROID_EMU_gles_max_version_2 
12-06 16:22:16.339 17690 17706 D eglCodecCommon: allocate: Ask for block of size 0x1000
12-06 16:22:16.339 17690 17706 D eglCodecCommon: allocate: ioctl allocate returned offset 0x3ffff6000 size 0x2000
12-06 16:22:16.346  1793  2640 E SurfaceFlinger: ro.sf.lcd_density must be defined as a build property
12-06 16:22:16.347  1793  2640 E SurfaceFlinger: ro.sf.lcd_density must be defined as a build property
12-06 16:22:16.349 17690 17825 D libEGL  : Emulator has host GPU support, qemu.gles is set to 1.
12-06 16:22:16.355 17690 17825 W libc    : Unable to set property "qemu.gles" to "1": error code: 0x18
12-06 16:22:16.355 17690 17825 D libEGL  : loaded /vendor/lib/egl/libEGL_emulation.so
12-06 16:22:16.356 17690 17825 D libEGL  : loaded /vendor/lib/egl/libGLESv1_CM_emulation.so
12-06 16:22:16.357 17690 17825 D libEGL  : loaded /vendor/lib/egl/libGLESv2_emulation.so
12-06 16:22:16.364 17690 17825 D HostConnection: HostConnection::get() New Host Connection established 0xdb59e000, tid 17825
12-06 16:22:16.365 17690 17825 D HostConnection: HostComposition ext ANDROID_EMU_CHECKSUM_HELPER_v1 ANDROID_EMU_dma_v1 ANDROID_EMU_direct_mem ANDROID_EMU_host_composition_v1 ANDROID_EMU_host_composition_v2 ANDROID_EMU_vulkan ANDROID_EMU_deferred_vulkan_commands ANDROID_EMU_vulkan_null_optional_strings ANDROID_EMU_vulkan_create_resources_with_requirements ANDROID_EMU_YUV_Cache ANDROID_EMU_vulkan_ignored_handles ANDROID_EMU_vulkan_free_memory_sync ANDROID_EMU_vulkan_shader_float16_int8 ANDROID_EMU_vulkan_async_queue_submit ANDROID_EMU_sync_buffer_data GL_OES_vertex_array_object GL_KHR_texture_compression_astc_ldr ANDROID_EMU_host_side_tracing ANDROID_EMU_gles_max_version_2 
12-06 16:22:16.367 17690 17825 W OpenGLRenderer: Failed to choose config with EGL_SWAP_BEHAVIOR_PRESERVED, retrying without...
12-06 16:22:16.410 17690 17825 D EGL_emulation: eglCreateContext: 0xdb528360: maj 2 min 0 rcv 2
12-06 16:22:16.414 17690 17825 D EGL_emulation: eglMakeCurrent: 0xdb528360: ver 2 0 (tinfo 0xdb50f370)
12-06 16:22:16.470 17707 17751 W DefaultFailureHandler: Failed to take screenshot
12-06 16:22:16.470 17707 17751 W DefaultFailureHandler: java.io.FileNotFoundException: view-op-error-1.png: open failed: EROFS (Read-only file system)
12-06 16:22:16.470 17707 17751 W DefaultFailureHandler: 	at libcore.io.IoBridge.open(IoBridge.java:496)
12-06 16:22:16.470 17707 17751 W DefaultFailureHandler: 	at java.io.FileOutputStream.<init>(FileOutputStream.java:235)
12-06 16:22:16.470 17707 17751 W DefaultFailureHandler: 	at java.io.FileOutputStream.<init>(FileOutputStream.java:125)
12-06 16:22:16.470 17707 17751 W DefaultFailureHandler: 	at androidx.test.platform.io.FileTestStorage.openOutputFile(FileTestStorage.java:60)
12-06 16:22:16.470 17707 17751 W DefaultFailureHandler: 	at androidx.test.core.graphics.BitmapStorage.writeToTestStorage(BitmapStorageExt.kt:49)
12-06 16:22:16.470 17707 17751 W DefaultFailureHandler: 	at androidx.test.espresso.base.DefaultFailureHandler.takeScreenshot(DefaultFailureHandler.java:4)
12-06 16:22:16.470 17707 17751 W DefaultFailureHandler: 	at androidx.test.espresso.base.DefaultFailureHandler.handle(DefaultFailureHandler.java:3)
12-06 16:22:16.470 17707 17751 W DefaultFailureHandler: 	at androidx.test.espresso.ViewInteraction.waitForAndHandleInteractionResults(ViewInteraction.java:8)
12-06 16:22:16.470 17707 17751 W DefaultFailureHandler: 	at androidx.test.espresso.ViewInteraction.desugaredPerform(ViewInteraction.java:11)
12-06 16:22:16.470 17707 17751 W DefaultFailureHandler: 	at androidx.test.espresso.ViewInteraction.perform(ViewInteraction.java:8)
12-06 16:22:16.470 17707 17751 W DefaultFailureHandler: 	at ru.iteco.fmhandroid.ui.data.TestUtils.waitView(TestUtils.java:61)
12-06 16:22:16.470 17707 17751 W DefaultFailureHandler: 	at ru.iteco.fmhandroid.ui.steps.AuthSteps.isAuthScreen(AuthSteps.java:56)
12-06 16:22:16.470 17707 17751 W DefaultFailureHandler: 	at ru.iteco.fmhandroid.ui.ClaimEditTest.logoutCheck(ClaimEditTest.java:53)
12-06 16:22:16.470 17707 17751 W DefaultFailureHandler: 	at java.lang.reflect.Method.invoke(Native Method)
12-06 16:22:16.470 17707 17751 W DefaultFailureHandler: 	at org.junit.runners.model.FrameworkMethod$1.runReflectiveCall(FrameworkMethod.java:59)
12-06 16:22:16.470 17707 17751 W DefaultFailureHandler: 	at org.junit.internal.runners.model.ReflectiveCallable.run(ReflectiveCallable.java:12)
12-06 16:22:16.470 17707 17751 W DefaultFailureHandler: 	at org.junit.runners.model.FrameworkMethod.invokeExplosively(FrameworkMethod.java:56)
12-06 16:22:16.470 17707 17751 W DefaultFailureHandler: 	at androidx.test.internal.runner.junit4.statement.RunBefores.evaluate(RunBefores.java:76)
12-06 16:22:16.470 17707 17751 W DefaultFailureHandler: 	at io.qameta.allure.android.rules.ScreenshotRule$apply$1.evaluate(ScreenshotRule.kt:22)
12-06 16:22:16.470 17707 17751 W DefaultFailureHandler: 	at org.junit.rules.ExternalResource$1.evaluate(ExternalResource.java:54)
12-06 16:22:16.470 17707 17751 W DefaultFailureHandler: 	at io.qameta.allure.android.rules.LogcatRule$apply$1.evaluate(LogcatRule.kt:23)
12-06 16:22:16.470 17707 17751 W DefaultFailureHandler: 	at org.junit.rules.RunRules.evaluate(RunRules.java:20)
12-06 16:22:16.470 17707 17751 W DefaultFailureHandler: 	at org.junit.runners.ParentRunner$3.evaluate(ParentRunner.java:306)
12-06 16:22:16.470 17707 17751 W DefaultFailureHandler: 	at org.junit.runners.BlockJUnit4ClassRunner$1.evaluate(BlockJUnit4ClassRunner.java:100)
12-06 16:22:16.470 17707 17751 W DefaultFailureHandler: 	at org.junit.runners.ParentRunner.runLeaf(ParentRunner.java:366)
12-06 16:22:16.470 17707 17751 W DefaultFailureHandler: 	at org.junit.runners.BlockJUnit4ClassRunner.runChild(BlockJUnit4ClassRunner.java:103)
12-06 16:22:16.470 17707 17751 W DefaultFailureHandler: 	at org.junit.runners.BlockJUnit4ClassRunner.runChild(BlockJUnit4ClassRunner.java:63)
12-06 16:22:16.470 17707 17751 W DefaultFailureHandler: 	at org.junit.runners.ParentRunner$4.run(ParentRunner.java:331)
12-06 16:22:16.470 17707 17751 W DefaultFailureHandler: 	at org.junit.runners.ParentRunner$1.schedule(ParentRunner.java:79)
12-06 16:22:16.470 17707 17751 W DefaultFailureHandler: 	at org.junit.runners.ParentRunner.runChildren(ParentRunner.java:329)
12-06 16:22:16.470 17707 17751 W DefaultFailureHandler: 	at org.junit.runners.ParentRunner.access$100(ParentRunner.java:66)
12-06 16:22:16.470 17707 17751 W DefaultFailureHandler: 	at org.junit.runners.ParentRunner$2.evaluate(ParentRunner.java:293)
12-06 16:22:16.470 17707 17751 W DefaultFailureHandler: 	at org.junit.runners.ParentRunner$3.evaluate(ParentRunner.java:306)
12-06 16:22:16.470 17707 17751 W DefaultFailureHandler: 	at org.junit.runners.ParentRunner.run(ParentRunner.java:413)
12-06 16:22:16.470 17707 17751 W DefaultFailureHandler: 	at androidx.test.ext.junit.runners.AndroidJUnit4.run(AndroidJUnit4.java:162)
12-06 16:22:16.470 17707 17751 W DefaultFailureHandler: 	at io.qameta.allure.android.runners.AllureAndroidJUnit4.run(AllureAndroidJUnitRunners.kt:29)
12-06 16:22:16.470 17707 17751 W DefaultFailureHandler: 	at org.junit.runners.Suite.runChild(Suite.java:128)
12-06 16:22:16.470 17707 17751 W DefaultFailureHandler: 	at org.junit.runners.Suite.runChild(Suite.java:27)
12-06 16:22:16.470 17707 17751 W DefaultFailureHandler: 	at org.junit.runners.ParentRunner$4.run(ParentRunner.java:331)
12-06 16:22:16.470 17707 17751 W DefaultFailureHandler: 	at org.junit.runners.ParentRunner$1.schedule(ParentRunner.java:79)
12-06 16:22:16.470 17707 17751 W DefaultFailureHandler: 	at org.junit.runners.ParentRunner.runChildren(ParentRunner.java:329)
12-06 16:22:16.470 17707 17751 W DefaultFailureHandler: 	at org.junit.runners.ParentRunner.access$100(ParentRunner.java:66)
12-06 16:22:16.470 17707 17751 W DefaultFailureHandler: 	at org.junit.runners.ParentRunner$2.evaluate(ParentRunner.java:293)
12-06 16:22:16.470 17707 17751 W DefaultFailureHandler: 	at org.junit.runners.ParentRunner$3.evaluate(ParentRunner.java:306)
12-06 16:22:16.470 17707 17751 W DefaultFailureHandler: 	at org.junit.runners.ParentRunner.run(ParentRunner.java:413)
12-06 16:22:16.470 17707 17751 W DefaultFailureHandler: 	at org.junit.runner.JUnitCore.run(JUnitCore.java:137)
12-06 16:22:16.470 17707 17751 W DefaultFailureHandler: 	at org.junit.runner.JUnitCore.run(JUnitCore.java:115)
12-06 16:22:16.470 17707 17751 W DefaultFailureHandler: 	at androidx.test.internal.runner.TestExecutor.execute(TestExecutor.java:67)
12-06 16:22:16.470 17707 17751 W DefaultFailureHandler: 	at androidx.test.internal.runner.TestExecutor.execute(TestExecutor.java:58)
12-06 16:22:16.470 17707 17751 W DefaultFailureHandler: 	at androidx.test.runner.AndroidJUnitRunner.onStart(AndroidJUnitRunner.java:438)
12-06 16:22:16.470 17707 17751 W DefaultFailureHandler: 	at android.app.Instrumentation$InstrumentationThread.run(Instrumentation.java:2189)
12-06 16:22:16.470 17707 17751 W DefaultFailureHandler: Caused by: android.system.ErrnoException: open failed: EROFS (Read-only file system)
12-06 16:22:16.471 17707 17751 W DefaultFailureHandler: 	at libcore.io.Linux.open(Native Method)
12-06 16:22:16.471 17707 17751 W DefaultFailureHandler: 	at libcore.io.ForwardingOs.open(ForwardingOs.java:167)
12-06 16:22:16.471 17707 17751 W DefaultFailureHandler: 	at libcore.io.BlockGuardOs.open(BlockGuardOs.java:252)
12-06 16:22:16.471 17707 17751 W DefaultFailureHandler: 	at libcore.io.ForwardingOs.open(ForwardingOs.java:167)
12-06 16:22:16.471 17707 17751 W DefaultFailureHandler: 	at android.app.ActivityThread$AndroidOs.open(ActivityThread.java:7255)
12-06 16:22:16.471 17707 17751 W DefaultFailureHandler: 	at libcore.io.IoBridge.open(IoBridge.java:482)
12-06 16:22:16.471 17707 17751 W DefaultFailureHandler: 	... 50 more
12-06 16:22:16.473 17707 17751 W teco.fmhandroi: Accessing hidden method Lsun/misc/Unsafe;->compareAndSwapObject(Ljava/lang/Object;JLjava/lang/Object;Ljava/lang/Object;)Z (greylist, linking, allowed)
12-06 16:22:16.477 17707 17707 I ViewInteraction: Performing 'wait for a specific view with <view.getId() is <2131230870>> during 10000 millis.' action on view view.getRootView() to equal view
12-06 16:22:16.478 17707 17826 W teco.fmhandroi: Accessing hidden method Lsun/misc/Unsafe;->compareAndSwapObject(Ljava/lang/Object;JLjava/lang/Object;Ljava/lang/Object;)Z (greylist, linking, allowed)
12-06 16:22:16.478 17707 17751 W teco.fmhandroi: Accessing hidden method Lsun/misc/Unsafe;->getObject(Ljava/lang/Object;J)Ljava/lang/Object; (greylist, linking, allowed)
12-06 16:22:16.481 17707 17751 W teco.fmhandroi: Accessing hidden method Lsun/misc/Unsafe;->compareAndSwapObject(Ljava/lang/Object;JLjava/lang/Object;Ljava/lang/Object;)Z (greylist, linking, allowed)
12-06 16:22:16.485 17707 17707 I ViewInteraction: Checking 'MatchesViewAssertion{viewMatcher=(view has effective visibility <VISIBLE> and view.getGlobalVisibleRect() to return non-empty rectangle)}' assertion on view view.getId() is <2131230870/ru.iteco.fmhandroid:id/authorization_image_button>
12-06 16:22:16.491 17707 17751 W teco.fmhandroi: Accessing hidden method Landroid/view/ViewConfiguration;->getDoubleTapMinTime()I (greylist, reflection, allowed)
12-06 16:22:16.495 17707 17751 W teco.fmhandroi: Accessing hidden method Lsun/misc/Unsafe;->compareAndSwapObject(Ljava/lang/Object;JLjava/lang/Object;Ljava/lang/Object;)Z (greylist, linking, allowed)
12-06 16:22:16.499 17707 17707 I ViewInteraction: Performing 'single click' action on view view.getId() is <2131230870/ru.iteco.fmhandroid:id/authorization_image_button>
12-06 16:22:16.498 17707 17826 W teco.fmhandroi: Accessing hidden method Lsun/misc/Unsafe;->compareAndSwapObject(Ljava/lang/Object;JLjava/lang/Object;Ljava/lang/Object;)Z (greylist, linking, allowed)
12-06 16:22:16.626  1764  6994 W audio_hw_generic: Not supplying enough data to HAL, expected position 27447600 , only wrote 27447364
12-06 16:22:16.651  1776  1776 D gralloc_ranchu: gralloc_alloc: Creating ashmem region of size 884736
12-06 16:22:16.658  1776  1776 I chatty  : uid=1000(system) allocator@2.0-s identical 1 line
12-06 16:22:16.660  1776  1776 D gralloc_ranchu: gralloc_alloc: Creating ashmem region of size 884736
12-06 16:22:16.674 17707 17797 D EGL_emulation: eglMakeCurrent: 0xf0c7ee00: ver 2 0 (tinfo 0xf0c892c0)
12-06 16:22:16.713 17707 17797 I chatty  : uid=10146(ru.iteco.fmhandroid) RenderThread identical 2 lines
12-06 16:22:16.741 17707 17797 D EGL_emulation: eglMakeCurrent: 0xf0c7ee00: ver 2 0 (tinfo 0xf0c892c0)
12-06 16:22:16.964 17707 17707 I ViewInteraction: Performing 'wait for a specific view with <an instance of android.widget.TextView and view.getText() with or without transformation to match: is "Log out"> during 10000 millis.' action on view view.getRootView() to equal view
12-06 16:22:16.969 17707 17707 I ViewInteraction: Checking 'MatchesViewAssertion{viewMatcher=(view has effective visibility <VISIBLE> and view.getGlobalVisibleRect() to return non-empty rectangle)}' assertion on view an instance of android.widget.TextView and view.getText() with or without transformation to match: is "Log out"
12-06 16:22:16.971 17707 17707 I ViewInteraction: Performing 'single click' action on view an instance of android.widget.TextView and view.getText() with or without transformation to match: is "Log out"
12-06 16:22:17.022 17707 17797 D EGL_emulation: eglMakeCurrent: 0xf0c7ee00: ver 2 0 (tinfo 0xf0c892c0)
12-06 16:22:17.102 12448 12508 E ActivityThread: Failed to find provider info for com.google.android.apps.wellbeing.api
12-06 16:22:17.269 17707 17797 I chatty  : uid=10146(ru.iteco.fmhandroid) RenderThread identical 1 line
12-06 16:22:17.325 17707 17797 D EGL_emulation: eglMakeCurrent: 0xf0c7ee00: ver 2 0 (tinfo 0xf0c892c0)
12-06 16:22:17.415 17707 17826 W teco.fmhandroi: Accessing hidden method Lsun/misc/Unsafe;->compareAndSwapObject(Ljava/lang/Object;JLjava/lang/Object;Ljava/lang/Object;)Z (greylist, linking, allowed)
12-06 16:22:17.418 17707 17707 I ViewInteraction: Performing 'wait for a specific view with <(an instance of android.widget.TextView and view.getText() with or without transformation to match: is "Authorization" and view.getParent() view.getParent() view.getId() is <2131231186>)> during 10000 millis.' action on view view.getRootView() to equal view
