12-07 08:28:10.086 27762 27806 W DefaultFailureHandler: 	at org.junit.rules.RunRules.evaluate(RunRules.java:20)
12-07 08:28:10.086 27762 27806 W DefaultFailureHandler: 	at org.junit.runners.ParentRunner$3.evaluate(ParentRunner.java:306)
12-07 08:28:10.086 27762 27806 W DefaultFailureHandler: 	at org.junit.runners.BlockJUnit4ClassRunner$1.evaluate(BlockJUnit4ClassRunner.java:100)
12-07 08:28:10.086 27762 27806 W DefaultFailureHandler: 	at org.junit.runners.ParentRunner.runLeaf(ParentRunner.java:366)
12-07 08:28:10.086 27762 27806 W DefaultFailureHandler: 	at org.junit.runners.BlockJUnit4ClassRunner.runChild(BlockJUnit4ClassRunner.java:103)
12-07 08:28:10.086 27762 27806 W DefaultFailureHandler: 	at org.junit.runners.BlockJUnit4ClassRunner.runChild(BlockJUnit4ClassRunner.java:63)
12-07 08:28:10.086 27762 27806 W DefaultFailureHandler: 	at org.junit.runners.ParentRunner$4.run(ParentRunner.java:331)
12-07 08:28:10.086 27762 27806 W DefaultFailureHandler: 	at org.junit.runners.ParentRunner$1.schedule(ParentRunner.java:79)
12-07 08:28:10.086 27762 27806 W DefaultFailureHandler: 	at org.junit.runners.ParentRunner.runChildren(ParentRunner.java:329)
12-07 08:28:10.086 27762 27806 W DefaultFailureHandler: 	at org.junit.runners.ParentRunner.access$100(ParentRunner.java:66)
12-07 08:28:10.086 27762 27806 W DefaultFailureHandler: 	at org.junit.runners.ParentRunner$2.evaluate(ParentRunner.java:293)
12-07 08:28:10.086 27762 27806 W DefaultFailureHandler: 	at org.junit.runners.ParentRunner$3.evaluate(ParentRunner.java:306)
12-07 08:28:10.086 27762 27806 W DefaultFailureHandler: 	at org.junit.runners.ParentRunner.run(ParentRunner.java:413)
12-07 08:28:10.086 27762 27806 W DefaultFailureHandler: 	at androidx.test.ext.junit.runners.AndroidJUnit4.run(AndroidJUnit4.java:162)
12-07 08:28:10.086 27762 27806 W DefaultFailureHandler: 	at io.qameta.allure.android.runners.AllureAndroidJUnit4.run(AllureAndroidJUnitRunners.kt:29)
12-07 08:28:10.086 27762 27806 W DefaultFailureHandler: 	at org.junit.runners.Suite.runChild(Suite.java:128)
12-07 08:28:10.086 27762 27806 W DefaultFailureHandler: 	at org.junit.runners.Suite.runChild(Suite.java:27)
12-07 08:28:10.086 27762 27806 W DefaultFailureHandler: 	at org.junit.runners.ParentRunner$4.run(ParentRunner.java:331)
12-07 08:28:10.086 27762 27806 W DefaultFailureHandler: 	at org.junit.runners.ParentRunner$1.schedule(ParentRunner.java:79)
12-07 08:28:10.086 27762 27806 W DefaultFailureHandler: 	at org.junit.runners.ParentRunner.runChildren(ParentRunner.java:329)
12-07 08:28:10.086 27762 27806 W DefaultFailureHandler: 	at org.junit.runners.ParentRunner.access$100(ParentRunner.java:66)
12-07 08:28:10.086 27762 27806 W DefaultFailureHandler: 	at org.junit.runners.ParentRunner$2.evaluate(ParentRunner.java:293)
12-07 08:28:10.086 27762 27806 W DefaultFailureHandler: 	at org.junit.runners.ParentRunner$3.evaluate(ParentRunner.java:306)
12-07 08:28:10.086 27762 27806 W DefaultFailureHandler: 	at org.junit.runners.ParentRunner.run(ParentRunner.java:413)
12-07 08:28:10.086 27762 27806 W DefaultFailureHandler: 	at org.junit.runner.JUnitCore.run(JUnitCore.java:137)
12-07 08:28:10.086 27762 27806 W DefaultFailureHandler: 	at org.junit.runner.JUnitCore.run(JUnitCore.java:115)
12-07 08:28:10.086 27762 27806 W DefaultFailureHandler: 	at androidx.test.internal.runner.TestExecutor.execute(TestExecutor.java:67)
12-07 08:28:10.086 27762 27806 W DefaultFailureHandler: 	at androidx.test.internal.runner.TestExecutor.execute(TestExecutor.java:58)
12-07 08:28:10.086 27762 27806 W DefaultFailureHandler: 	at androidx.test.runner.AndroidJUnitRunner.onStart(AndroidJUnitRunner.java:438)
12-07 08:28:10.086 27762 27806 W DefaultFailureHandler: 	at android.app.Instrumentation$InstrumentationThread.run(Instrumentation.java:2189)
12-07 08:28:10.086 27762 27806 W DefaultFailureHandler: Caused by: android.system.ErrnoException: open failed: EROFS (Read-only file system)
12-07 08:28:10.086 27762 27806 W DefaultFailureHandler: 	at libcore.io.Linux.open(Native Method)
12-07 08:28:10.086 27762 27806 W DefaultFailureHandler: 	at libcore.io.ForwardingOs.open(ForwardingOs.java:167)
12-07 08:28:10.086 27762 27806 W DefaultFailureHandler: 	at libcore.io.BlockGuardOs.open(BlockGuardOs.java:252)
12-07 08:28:10.086 27762 27806 W DefaultFailureHandler: 	at libcore.io.ForwardingOs.open(ForwardingOs.java:167)
12-07 08:28:10.086 27762 27806 W DefaultFailureHandler: 	at android.app.ActivityThread$AndroidOs.open(ActivityThread.java:7255)
12-07 08:28:10.086 27762 27806 W DefaultFailureHandler: 	at libcore.io.IoBridge.open(IoBridge.java:482)
12-07 08:28:10.086 27762 27806 W DefaultFailureHandler: 	... 51 more
12-07 08:28:10.104 27762 27762 I ViewInteraction: Performing 'wait for a specific view with <view.getId() is <2131230870/ru.iteco.fmhandroid:id/authorization_image_button>> during 10000 millis.' action on view view.getRootView() to equal view
12-07 08:28:10.111 27762 27762 I ViewInteraction: Checking 'MatchesViewAssertion{viewMatcher=(view has effective visibility <VISIBLE> and view.getGlobalVisibleRect() to return non-empty rectangle)}' assertion on view view.getId() is <2131230870/ru.iteco.fmhandroid:id/authorization_image_button>
12-07 08:28:10.117 27762 27762 I ViewInteraction: Performing 'single click' action on view view.getId() is <2131230870/ru.iteco.fmhandroid:id/authorization_image_button>
12-07 08:28:10.173  2656  2656 I BeaconBle: Scan : No clients left, canceling alarm. [CONTEXT service_id=111 ]
12-07 08:28:10.182  1764  6994 W audio_hw_generic: Not supplying enough data to HAL, expected position 85054952 , only wrote 85054836
12-07 08:28:10.253  1776  1825 D gralloc_ranchu: gralloc_alloc: Creating ashmem region of size 884736
12-07 08:28:10.262  1776  1825 I chatty  : uid=1000(system) HwBinder:1776_1 identical 1 line
12-07 08:28:10.264  1776  1825 D gralloc_ranchu: gralloc_alloc: Creating ashmem region of size 884736
12-07 08:28:10.274 27762 27852 D EGL_emulation: eglMakeCurrent: 0xe593ea40: ver 2 0 (tinfo 0xf0cc0130)
12-07 08:28:10.396 27762 27852 I chatty  : uid=10146(ru.iteco.fmhandroid) RenderThread identical 3 lines
12-07 08:28:10.416 27762 27852 D EGL_emulation: eglMakeCurrent: 0xe593ea40: ver 2 0 (tinfo 0xf0cc0130)
12-07 08:28:10.645 27762 27762 I ViewInteraction: Performing 'wait for a specific view with <an instance of android.widget.TextView and view.getText() with or without transformation to match: is "Log out"> during 10000 millis.' action on view view.getRootView() to equal view
12-07 08:28:10.648 27762 27762 I ViewInteraction: Checking 'MatchesViewAssertion{viewMatcher=(view has effective visibility <VISIBLE> and view.getGlobalVisibleRect() to return non-empty rectangle)}' assertion on view an instance of android.widget.TextView and view.getText() with or without transformation to match: is "Log out"
12-07 08:28:10.652 27762 27762 I ViewInteraction: Performing 'single click' action on view an instance of android.widget.TextView and view.getText() with or without transformation to match: is "Log out"
12-07 08:28:10.894 27762 27852 D EGL_emulation: eglMakeCurrent: 0xe593ea40: ver 2 0 (tinfo 0xf0cc0130)
12-07 08:28:10.947 27762 27852 D EGL_emulation: eglMakeCurrent: 0xe593ea40: ver 2 0 (tinfo 0xf0cc0130)
12-07 08:28:11.045 27762 27762 I ViewInteraction: Performing 'wait for a specific view with <(an instance of android.widget.TextView and view.getText() with or without transformation to match: is "Authorization" and view.getParent() view.getParent() view.getId() is <2131231186>)> during 10000 millis.' action on view view.getRootView() to equal view
12-07 08:28:11.049 27762 27762 I ViewInteraction: Checking 'MatchesViewAssertion{viewMatcher=(view has effective visibility <VISIBLE> and view.getGlobalVisibleRect() to return non-empty rectangle)}' assertion on view (an instance of android.widget.TextView and view.getText() with or without transformation to match: is "Authorization" and view.getParent() view.getParent() view.getId() is <2131231186/ru.iteco.fmhandroid:id/nav_host_fragment>)
12-07 08:28:11.052 27762 27762 I ViewInteraction: Performing 'wait for a specific view with <(an instance of android.widget.TextView and view.getHint() matching: is "Login" and view.getParent() view.getParent() view.getId() is <2131231121/ru.iteco.fmhandroid:id/login_text_input_layout>)> during 10000 millis.' action on view view.getRootView() to equal view
12-07 08:28:11.060 27762 27762 I ViewInteraction: Checking 'MatchesViewAssertion{viewMatcher=(view has effective visibility <VISIBLE> and view.getGlobalVisibleRect() to return non-empty rectangle)}' assertion on view (an instance of android.widget.TextView and view.getHint() matching: is "Login" and view.getParent() view.getParent() view.getId() is <2131231121/ru.iteco.fmhandroid:id/login_text_input_layout>)
12-07 08:28:11.064 27762 27762 I ViewInteraction: Performing 'wait for a specific view with <(an instance of android.widget.TextView and view.getHint() matching: is "Password" and view.getParent() view.getParent() view.getId() is <2131231264/ru.iteco.fmhandroid:id/password_text_input_layout>)> during 10000 millis.' action on view view.getRootView() to equal view
12-07 08:28:11.071 27762 27762 I ViewInteraction: Checking 'MatchesViewAssertion{viewMatcher=(view has effective visibility <VISIBLE> and view.getGlobalVisibleRect() to return non-empty rectangle)}' assertion on view (an instance of android.widget.TextView and view.getHint() matching: is "Password" and view.getParent() view.getParent() view.getId() is <2131231264/ru.iteco.fmhandroid:id/password_text_input_layout>)
12-07 08:28:11.079 27762 27762 I ViewInteraction: Performing 'wait for a specific view with <(view.getId() is <2131231039/ru.iteco.fmhandroid:id/enter_button> and an instance of android.widget.TextView and view.getText() with or without transformation to match: is "SIGN IN" and view.getContentDescription() is "Save" and view.getParent() view.getParent() an instance of android.widget.RelativeLayout)> during 10000 millis.' action on view view.getRootView() to equal view
12-07 08:28:11.084 27762 27762 I ViewInteraction: Checking 'MatchesViewAssertion{viewMatcher=(view has effective visibility <VISIBLE> and view.getGlobalVisibleRect() to return non-empty rectangle)}' assertion on view (view.getId() is <2131231039/ru.iteco.fmhandroid:id/enter_button> and an instance of android.widget.TextView and view.getText() with or without transformation to match: is "SIGN IN" and view.getContentDescription() is "Save" and view.getParent() view.getParent() an instance of android.widget.RelativeLayout)
12-07 08:28:11.089 27762 27762 I ViewInteraction: Performing 'wait for a specific view with <(an instance of android.widget.TextView and view.getText() with or without transformation to match: is "Authorization" and view.getParent() view.getParent() view.getId() is <2131231186>)> during 10000 millis.' action on view view.getRootView() to equal view
12-07 08:28:11.095 27762 27762 I ViewInteraction: Checking 'MatchesViewAssertion{viewMatcher=(view has effective visibility <VISIBLE> and view.getGlobalVisibleRect() to return non-empty rectangle)}' assertion on view (an instance of android.widget.TextView and view.getText() with or without transformation to match: is "Authorization" and view.getParent() view.getParent() view.getId() is <2131231186/ru.iteco.fmhandroid:id/nav_host_fragment>)
12-07 08:28:11.101 27762 27762 I ViewInteraction: Performing 'wait for a specific view with <(an instance of android.widget.TextView and view.getHint() matching: is "Login" and view.getParent() view.getParent() view.getId() is <2131231121/ru.iteco.fmhandroid:id/login_text_input_layout>)> during 10000 millis.' action on view view.getRootView() to equal view
12-07 08:28:11.106 27762 27762 I ViewInteraction: Checking 'MatchesViewAssertion{viewMatcher=(view has effective visibility <VISIBLE> and view.getGlobalVisibleRect() to return non-empty rectangle)}' assertion on view (an instance of android.widget.TextView and view.getHint() matching: is "Login" and view.getParent() view.getParent() view.getId() is <2131231121/ru.iteco.fmhandroid:id/login_text_input_layout>)
12-07 08:28:11.110 27762 27762 I ViewInteraction: Performing 'wait for a specific view with <(an instance of android.widget.TextView and view.getHint() matching: is "Password" and view.getParent() view.getParent() view.getId() is <2131231264/ru.iteco.fmhandroid:id/password_text_input_layout>)> during 10000 millis.' action on view view.getRootView() to equal view
12-07 08:28:11.117 27762 27762 I ViewInteraction: Checking 'MatchesViewAssertion{viewMatcher=(view has effective visibility <VISIBLE> and view.getGlobalVisibleRect() to return non-empty rectangle)}' assertion on view (an instance of android.widget.TextView and view.getHint() matching: is "Password" and view.getParent() view.getParent() view.getId() is <2131231264/ru.iteco.fmhandroid:id/password_text_input_layout>)
12-07 08:28:11.123 27762 27762 I ViewInteraction: Performing 'wait for a specific view with <(view.getId() is <2131231039/ru.iteco.fmhandroid:id/enter_button> and an instance of android.widget.TextView and view.getText() with or without transformation to match: is "SIGN IN" and view.getContentDescription() is "Save" and view.getParent() view.getParent() an instance of android.widget.RelativeLayout)> during 10000 millis.' action on view view.getRootView() to equal view
12-07 08:28:11.130 27762 27762 I ViewInteraction: Checking 'MatchesViewAssertion{viewMatcher=(view has effective visibility <VISIBLE> and view.getGlobalVisibleRect() to return non-empty rectangle)}' assertion on view (view.getId() is <2131231039/ru.iteco.fmhandroid:id/enter_button> and an instance of android.widget.TextView and view.getText() with or without transformation to match: is "SIGN IN" and view.getContentDescription() is "Save" and view.getParent() view.getParent() an instance of android.widget.RelativeLayout)
12-07 08:28:11.137 27762 27762 I ViewInteraction: Performing 'wait for a specific view with <(an instance of android.widget.TextView and view.getHint() matching: is "Login" and view.getParent() view.getParent() view.getId() is <2131231121/ru.iteco.fmhandroid:id/login_text_input_layout>)> during 10000 millis.' action on view view.getRootView() to equal view
12-07 08:28:11.143 27762 27762 I ViewInteraction: Performing 'replace text(login2)' action on view (an instance of android.widget.TextView and view.getHint() matching: is "Login" and view.getParent() view.getParent() view.getId() is <2131231121/ru.iteco.fmhandroid:id/login_text_input_layout>)
12-07 08:28:11.190 27762 27762 I ViewInteraction: Performing 'wait for a specific view with <(an instance of android.widget.TextView and view.getHint() matching: is "Password" and view.getParent() view.getParent() view.getId() is <2131231264/ru.iteco.fmhandroid:id/password_text_input_layout>)> during 10000 millis.' action on view view.getRootView() to equal view
12-07 08:28:11.203 27762 27762 I ViewInteraction: Performing 'replace text(password2)' action on view (an instance of android.widget.TextView and view.getHint() matching: is "Password" and view.getParent() view.getParent() view.getId() is <2131231264/ru.iteco.fmhandroid:id/password_text_input_layout>)
12-07 08:28:11.231 27762 27762 I ViewInteraction: Performing 'wait for a specific view with <(view.getId() is <2131231039/ru.iteco.fmhandroid:id/enter_button> and an instance of android.widget.TextView and view.getText() with or without transformation to match: is "SIGN IN" and view.getContentDescription() is "Save" and view.getParent() view.getParent() an instance of android.widget.RelativeLayout)> during 10000 millis.' action on view view.getRootView() to equal view
12-07 08:28:11.241 27762 27762 I ViewInteraction: Checking 'MatchesViewAssertion{viewMatcher=view.isClickable() is <true>}' assertion on view (view.getId() is <2131231039/ru.iteco.fmhandroid:id/enter_button> and an instance of android.widget.TextView and view.getText() with or without transformation to match: is "SIGN IN" and view.getContentDescription() is "Save" and view.getParent() view.getParent() an instance of android.widget.RelativeLayout)
12-07 08:28:11.259 27762 27762 I ViewInteraction: Performing 'wait for a specific view with <(view.getId() is <2131231039/ru.iteco.fmhandroid:id/enter_button> and an instance of android.widget.TextView and view.getText() with or without transformation to match: is "SIGN IN" and view.getContentDescription() is "Save" and view.getParent() view.getParent() an instance of android.widget.RelativeLayout)> during 10000 millis.' action on view view.getRootView() to equal view
12-07 08:28:11.270 27762 27762 I ViewInteraction: Checking 'MatchesViewAssertion{viewMatcher=view.isClickable() is <true>}' assertion on view (view.getId() is <2131231039/ru.iteco.fmhandroid:id/enter_button> and an instance of android.widget.TextView and view.getText() with or without transformation to match: is "SIGN IN" and view.getContentDescription() is "Save" and view.getParent() view.getParent() an instance of android.widget.RelativeLayout)
12-07 08:28:11.276 27762 27762 I ViewInteraction: Performing 'wait for a specific view with <(view.getId() is <2131231039/ru.iteco.fmhandroid:id/enter_button> and an instance of android.widget.TextView and view.getText() with or without transformation to match: is "SIGN IN" and view.getContentDescription() is "Save" and view.getParent() view.getParent() an instance of android.widget.RelativeLayout)> during 10000 millis.' action on view view.getRootView() to equal view
12-07 08:28:11.281 27762 27762 I ViewInteraction: Performing 'single click' action on view (view.getId() is <2131231039/ru.iteco.fmhandroid:id/enter_button> and an instance of android.widget.TextView and view.getText() with or without transformation to match: is "SIGN IN" and view.getContentDescription() is "Save" and view.getParent() view.getParent() an instance of android.widget.RelativeLayout)
12-07 08:28:11.330 27762 27883 I okhttp.OkHttpClient: --> POST http://www.981757-ca08998.tmweb.ru:8080/fmh/authentication/login
12-07 08:28:11.331 27762 27883 I okhttp.OkHttpClient: Content-Type: application/json; charset=UTF-8
12-07 08:28:11.332 27762 27883 I okhttp.OkHttpClient: Content-Length: 41
12-07 08:28:11.332 27762 27883 I okhttp.OkHttpClient: {"login":"login2","password":"password2"}
12-07 08:28:11.332 27762 27883 I okhttp.OkHttpClient: --> END POST (41-byte body)
12-07 08:28:11.572 27762 27883 I okhttp.OkHttpClient: <-- 200 http://www.981757-ca08998.tmweb.ru:8080/fmh/authentication/login (239ms)
12-07 08:28:11.572 27762 27883 I okhttp.OkHttpClient: Vary: Origin
12-07 08:28:11.573 27762 27883 I okhttp.OkHttpClient: Vary: Access-Control-Request-Method
12-07 08:28:11.573 27762 27883 I okhttp.OkHttpClient: Vary: Access-Control-Request-Headers
12-07 08:28:11.573 27762 27883 I okhttp.OkHttpClient: X-Content-Type-Options: nosniff
12-07 08:28:11.573 27762 27883 I okhttp.OkHttpClient: X-XSS-Protection: 1; mode=block
12-07 08:28:11.573 27762 27762 I ViewInteraction: Performing 'wait for a specific view with <an instance of android.widget.TextView and view.getText() with or without transformation to match: is "News"> during 10000 millis.' action on view view.getRootView() to equal view
12-07 08:28:11.573 27762 27883 I okhttp.OkHttpClient: Cache-Control: no-cache, no-store, max-age=0, must-revalidate
12-07 08:28:11.573 27762 27883 I okhttp.OkHttpClient: Pragma: no-cache
12-07 08:28:11.576 27762 27883 I okhttp.OkHttpClient: Expires: 0
12-07 08:28:11.576 27762 27883 I okhttp.OkHttpClient: X-Frame-Options: DENY
12-07 08:28:11.576 27762 27883 I okhttp.OkHttpClient: Content-Type: application/json
12-07 08:28:11.576 27762 27883 I okhttp.OkHttpClient: Transfer-Encoding: chunked
12-07 08:28:11.577 27762 27883 I okhttp.OkHttpClient: Date: Wed, 07 Dec 2022 13:28:14 GMT
12-07 08:28:11.577 27762 27883 I okhttp.OkHttpClient: Keep-Alive: timeout=60
12-07 08:28:11.577 27762 27883 I okhttp.OkHttpClient: Connection: keep-alive
12-07 08:28:11.581 27762 27883 I okhttp.OkHttpClient: {"accessToken":"eyJhbGciOiJIUzUxMiJ9.eyJzdWIiOiJsb2dpbjIiLCJqdGkiOiIyIiwiZXhwIjoxNjcwNTA2MDk0fQ.1WUqNTZnx0VbLSq3-x1ZCi0YBMREI-STbhnDdAYY5f-M6fJSgSXChDjCsE461zJucc46vbX37LAy81AKaE_vYw","refreshToken":"eyJhbGciOiJIUzUxMiJ9.eyJzdWIiOiJsb2dpbjIiLCJqdGkiOiIyIiwiZXhwIjoxNjczMDExNjk0fQ.kdU_hBCM9mpR7-9MrGA6i3sP10gRxfUrewOEo89tLGoiLrtpuFtaQpFq-YB0ifhLVK1y25iqpvr1mdv3s4uOcg"}
12-07 08:28:11.582 27762 27883 I okhttp.OkHttpClient: <-- END HTTP (368-byte body)
12-07 08:28:11.590 27762 27861 I okhttp.OkHttpClient: --> GET http://www.981757-ca08998.tmweb.ru:8080/fmh/authentication/userInfo
12-07 08:28:11.590 27762 27861 I okhttp.OkHttpClient: --> END GET
12-07 08:28:11.777 27762 27861 I okhttp.OkHttpClient: <-- 200 http://www.981757-ca08998.tmweb.ru:8080/fmh/authentication/userInfo (186ms)
12-07 08:28:11.777 27762 27861 I okhttp.OkHttpClient: Vary: Origin
12-07 08:28:11.778 27762 27861 I okhttp.OkHttpClient: Vary: Access-Control-Request-Method
12-07 08:28:11.778 27762 27861 I okhttp.OkHttpClient: Vary: Access-Control-Request-Headers
12-07 08:28:11.778 27762 27861 I okhttp.OkHttpClient: X-Content-Type-Options: nosniff
12-07 08:28:11.778 27762 27861 I okhttp.OkHttpClient: X-XSS-Protection: 1; mode=block
12-07 08:28:11.778 27762 27861 I okhttp.OkHttpClient: Cache-Control: no-cache, no-store, max-age=0, must-revalidate
12-07 08:28:11.778 27762 27861 I okhttp.OkHttpClient: Pragma: no-cache
12-07 08:28:11.778 27762 27861 I okhttp.OkHttpClient: Expires: 0
12-07 08:28:11.778 27762 27861 I okhttp.OkHttpClient: X-Frame-Options: DENY
12-07 08:28:11.778 27762 27861 I okhttp.OkHttpClient: Content-Type: application/json
12-07 08:28:11.778 27762 27861 I okhttp.OkHttpClient: Transfer-Encoding: chunked
12-07 08:28:11.778 27762 27861 I okhttp.OkHttpClient: Date: Wed, 07 Dec 2022 13:28:14 GMT
12-07 08:28:11.778 27762 27861 I okhttp.OkHttpClient: Keep-Alive: timeout=60
12-07 08:28:11.778 27762 27861 I okhttp.OkHttpClient: Connection: keep-alive
12-07 08:28:12.381 27762 27861 I okhttp.OkHttpClient: {"id":2,"firstName":"Данил","lastName":"Иванов","middleName":"Данилович","admin":true}
12-07 08:28:12.381 27762 27861 I okhttp.OkHttpClient: <-- END HTTP (106-byte body)
12-07 08:28:12.398 27762 27866 I okhttp.OkHttpClient: --> GET http://www.981757-ca08998.tmweb.ru:8080/fmh/claims
12-07 08:28:12.398 27762 27866 I okhttp.OkHttpClient: --> END GET
12-07 08:28:12.407  1744 27929 E ResolverController: No valid NAT64 prefix (101, <unspecified>/0)
12-07 08:28:12.627 27762 27762 I ViewInteraction: Checking 'MatchesViewAssertion{viewMatcher=(view has effective visibility <VISIBLE> and view.getGlobalVisibleRect() to return non-empty rectangle)}' assertion on view an instance of android.widget.TextView and view.getText() with or without transformation to match: is "News"
12-07 08:28:12.634 27762 27762 I ViewInteraction: Performing 'wait for a specific view with <view.getId() is <2131230951>> during 10000 millis.' action on view view.getRootView() to equal view
12-07 08:28:12.639 27762 27762 I ViewInteraction: Checking 'MatchesViewAssertion{viewMatcher=(view has effective visibility <VISIBLE> and view.getGlobalVisibleRect() to return non-empty rectangle)}' assertion on view view.getId() is <2131230951/ru.iteco.fmhandroid:id/container_list_news_include_on_fragment_main>
12-07 08:28:12.643 27762 27762 I ViewInteraction: Performing 'wait for a specific view with <view.getId() is <2131230949>> during 10000 millis.' action on view view.getRootView() to equal view
12-07 08:28:12.649 27762 27762 I ViewInteraction: Checking 'MatchesViewAssertion{viewMatcher=(view has effective visibility <VISIBLE> and view.getGlobalVisibleRect() to return non-empty rectangle)}' assertion on view view.getId() is <2131230949/ru.iteco.fmhandroid:id/container_list_claim_include_on_fragment_main>
12-07 08:28:12.705 27762 27775 I teco.fmhandroi: NativeAlloc concurrent copying GC freed 194457(10MB) AllocSpace objects, 5(224KB) LOS objects, 38% free, 9825KB/15MB, paused 1.941ms total 253.441ms
12-07 08:28:12.934 27762 27762 I ViewInteraction: Performing 'wait for a specific view with <an instance of android.widget.TextView and view.getText() with or without transformation to match: is "Claims"> during 10000 millis.' action on view view.getRootView() to equal view
12-07 08:28:12.940 27762 27762 I ViewInteraction: Checking 'MatchesViewAssertion{viewMatcher=(view has effective visibility <VISIBLE> and view.getGlobalVisibleRect() to return non-empty rectangle)}' assertion on view an instance of android.widget.TextView and view.getText() with or without transformation to match: is "Claims"
12-07 08:28:12.945 27762 27762 I ViewInteraction: Performing 'wait for a specific view with <view.getId() is <2131231123/ru.iteco.fmhandroid:id/main_menu_image_button>> during 10000 millis.' action on view view.getRootView() to equal view
12-07 08:28:12.950 27762 27762 I ViewInteraction: Performing 'single click' action on view view.getId() is <2131231123/ru.iteco.fmhandroid:id/main_menu_image_button>
12-07 08:28:13.056  1776  1825 D gralloc_ranchu: gralloc_alloc: Creating ashmem region of size 2015232
12-07 08:28:13.062  1776  1825 I chatty  : uid=1000(system) HwBinder:1776_1 identical 1 line
12-07 08:28:13.065  1776  1825 D gralloc_ranchu: gralloc_alloc: Creating ashmem region of size 2015232
12-07 08:28:13.092 27762 27852 D EGL_emulation: eglMakeCurrent: 0xe593ea40: ver 2 0 (tinfo 0xf0cc0130)
12-07 08:28:13.171 27762 27852 I chatty  : uid=10146(ru.iteco.fmhandroid) RenderThread identical 3 lines
12-07 08:28:13.194 27762 27852 D EGL_emulation: eglMakeCurrent: 0xe593ea40: ver 2 0 (tinfo 0xf0cc0130)
12-07 08:28:13.419 27762 27762 I ViewInteraction: Performing 'wait for a specific view with <an instance of android.widget.TextView and view.getText() with or without transformation to match: is "News"> during 10000 millis.' action on view view.getRootView() to equal view
12-07 08:28:13.424 27762 27762 I ViewInteraction: Performing 'single click' action on view an instance of android.widget.TextView and view.getText() with or without transformation to match: is "News"
12-07 08:28:13.567 27762 27888 I okhttp.OkHttpClient: --> GET http://www.981757-ca08998.tmweb.ru:8080/fmh/news
12-07 08:28:13.568 27762 27888 I okhttp.OkHttpClient: --> END GET
12-07 08:28:13.639 27762 27852 D EGL_emulation: eglMakeCurrent: 0xe593ea40: ver 2 0 (tinfo 0xf0cc0130)
12-07 08:28:13.673 27762 27852 D EGL_emulation: eglMakeCurrent: 0xe593ea40: ver 2 0 (tinfo 0xf0cc0130)
12-07 08:28:13.946 27762 27762 I ViewInteraction: Performing 'wait for a specific view with <view.getId() is <2131231025/ru.iteco.fmhandroid:id/edit_news_material_button>> during 10000 millis.' action on view view.getRootView() to equal view
12-07 08:28:13.952 27762 27762 I ViewInteraction: Performing 'single click' action on view view.getId() is <2131231025/ru.iteco.fmhandroid:id/edit_news_material_button>
12-07 08:28:14.040 27762 27895 I okhttp.OkHttpClient: --> GET http://www.981757-ca08998.tmweb.ru:8080/fmh/news
12-07 08:28:14.040 27762 27895 I okhttp.OkHttpClient: --> END GET
12-07 08:28:14.320 27762 27775 I teco.fmhandroi: Background young concurrent copying GC freed 64601(2764KB) AllocSpace objects, 1(16KB) LOS objects, 17% free, 12MB/15MB, paused 1.019ms total 104.259ms
12-07 08:28:14.554 27762 27762 I ViewInteraction: Performing 'wait for a specific view with <view.getId() is <2131230850/ru.iteco.fmhandroid:id/add_news_image_view>> during 10000 millis.' action on view view.getRootView() to equal view
12-07 08:28:14.559 27762 27762 I ViewInteraction: Performing 'single click' action on view view.getId() is <2131230850/ru.iteco.fmhandroid:id/add_news_image_view>
12-07 08:28:15.075 27762 27762 I ViewInteraction: Performing 'wait for a specific view with <view.getId() is <2131231204/ru.iteco.fmhandroid:id/news_item_category_text_auto_complete_text_view>> during 10000 millis.' action on view view.getRootView() to equal view
12-07 08:28:15.079 27762 27762 I ViewInteraction: Performing 'single click' action on view view.getId() is <2131231204/ru.iteco.fmhandroid:id/news_item_category_text_auto_complete_text_view>
12-07 08:28:15.219  1776  1825 D gralloc_ranchu: gralloc_alloc: Creating ashmem region of size 5308416
12-07 08:28:15.223  1776  1825 I chatty  : uid=1000(system) HwBinder:1776_1 identical 1 line
12-07 08:28:15.225  1776  1825 D gralloc_ranchu: gralloc_alloc: Creating ashmem region of size 5308416
12-07 08:28:15.243 27762 27852 D EGL_emulation: eglMakeCurrent: 0xe593ea40: ver 2 0 (tinfo 0xf0cc0130)
12-07 08:28:15.266 27762 27888 I okhttp.OkHttpClient: <-- 200 http://www.981757-ca08998.tmweb.ru:8080/fmh/news (1697ms)
12-07 08:28:15.266 27762 27888 I okhttp.OkHttpClient: Vary: Origin
12-07 08:28:15.267 27762 27888 I okhttp.OkHttpClient: Vary: Access-Control-Request-Method
12-07 08:28:15.267 27762 27888 I okhttp.OkHttpClient: Vary: Access-Control-Request-Headers
12-07 08:28:15.267 27762 27888 I okhttp.OkHttpClient: X-Content-Type-Options: nosniff
12-07 08:28:15.270 27762 27888 I okhttp.OkHttpClient: X-XSS-Protection: 1; mode=block
12-07 08:28:15.272 27762 27888 I okhttp.OkHttpClient: Cache-Control: no-cache, no-store, max-age=0, must-revalidate
12-07 08:28:15.272 27762 27888 I okhttp.OkHttpClient: Pragma: no-cache
12-07 08:28:15.272 27762 27888 I okhttp.OkHttpClient: Expires: 0
12-07 08:28:15.272 27762 27888 I okhttp.OkHttpClient: X-Frame-Options: DENY
12-07 08:28:15.272 27762 27888 I okhttp.OkHttpClient: Content-Type: application/json
12-07 08:28:15.273 27762 27888 I okhttp.OkHttpClient: Transfer-Encoding: chunked
12-07 08:28:15.274 27762 27888 I okhttp.OkHttpClient: Date: Wed, 07 Dec 2022 13:28:17 GMT
12-07 08:28:15.274 27762 27888 I okhttp.OkHttpClient: Keep-Alive: timeout=60
12-07 08:28:15.274 27762 27888 I okhttp.OkHttpClient: Connection: keep-alive
12-07 08:28:15.302 27762 27762 I AssistStructure: Flattened final assist data: 7432 bytes, containing 2 windows, 55 views
12-07 08:28:15.310  2018  3060 D AutofillSession: Starting partition or augmented request for view id 1073741826@1807443801: STARTED_SESSION
12-07 08:28:15.311  2537  2537 W GInputConnectionWrapper: IPC IC_GET_TEXT_BEFORE_CURSOR_AND_FIX_SELECTION_INDICES took 133 ms
12-07 08:28:15.327  2018  2018 D AutofillSession: cancelCurrentRequest(): id = 365
12-07 08:28:15.341 27762 27852 D EGL_emulation: eglMakeCurrent: 0xe593ea40: ver 2 0 (tinfo 0xf0cc0130)
12-07 08:28:15.366 27762 27762 I AssistStructure: Flattened final assist data: 7432 bytes, containing 2 windows, 55 views
12-07 08:28:15.373  2656  2656 W ktk     : Pending fill request while another request in the same session was triggered. [CONTEXT service_id=177 ]
12-07 08:28:15.390 27762 27852 D EGL_emulation: eglMakeCurrent: 0xe593ea40: ver 2 0 (tinfo 0xf0cc0130)
12-07 08:28:15.395  2537  2537 I KeyboardViewUtil: systemKeyboardHeightRatio:1.000000; userKeyboardHeightRatio:1.000000.
12-07 08:28:15.396  2537  2537 I AndroidIME: LatinIme.onActivate() : EditorInfo = Package = ru.iteco.fmhandroid : Type = Text : Learning = Disable : Suggestion = Show : AutoCorrection = Disable : Microphone = Show : NoPersonalizedLearning = Disable
12-07 08:28:15.411  2537  2537 I Conv2QueryExtension: Current locale: en_US, config allows these locales: de,en,es,fr,it,ms,pt,ta
12-07 08:28:15.411  2537  2537 I Conv2QueryExtension: Conv2Query not enabled due to current app [ru.iteco.fmhandroid] not in whitelist
12-07 08:28:15.411  2537  2537 I Conv2QueryExtension: onActivate() : Disabled by unsupported host app
12-07 08:28:15.432  2170  2566 D EGL_emulation: eglMakeCurrent: 0xe594e040: ver 2 0 (tinfo 0xc52450c0)
12-07 08:28:15.486  1776  1825 D gralloc_ranchu: gralloc_alloc: Creating ashmem region of size 9826304
12-07 08:28:15.494  1776  1825 D gralloc_ranchu: gralloc_alloc: Creating ashmem region of size 9826304
12-07 08:28:15.504  2537  8546 D EGL_emulation: eglMakeCurrent: 0xc286ce00: ver 2 0 (tinfo 0xc335ede0)
12-07 08:28:15.506  1776  1776 D gralloc_ranchu: gralloc_alloc: Creating ashmem region of size 9826304
12-07 08:28:15.549  2018  2051 D AutofillUI: destroySaveUiUiThread(): already destroyed
12-07 08:28:15.577 27762 27852 D EGL_emulation: eglMakeCurrent: 0xe593ea40: ver 2 0 (tinfo 0xf0cc0130)
12-07 08:28:15.598 27762 27895 I okhttp.OkHttpClient: <-- 200 http://www.981757-ca08998.tmweb.ru:8080/fmh/news (1557ms)
12-07 08:28:15.598 27762 27895 I okhttp.OkHttpClient: Vary: Origin
12-07 08:28:15.598 27762 27895 I okhttp.OkHttpClient: Vary: Access-Control-Request-Method
12-07 08:28:15.598 27762 27895 I okhttp.OkHttpClient: Vary: Access-Control-Request-Headers
12-07 08:28:15.598 27762 27895 I okhttp.OkHttpClient: X-Content-Type-Options: nosniff
12-07 08:28:15.598 27762 27895 I okhttp.OkHttpClient: X-XSS-Protection: 1; mode=block
12-07 08:28:15.598 27762 27895 I okhttp.OkHttpClient: Cache-Control: no-cache, no-store, max-age=0, must-revalidate
12-07 08:28:15.598 27762 27895 I okhttp.OkHttpClient: Pragma: no-cache
12-07 08:28:15.598 27762 27895 I okhttp.OkHttpClient: Expires: 0
12-07 08:28:15.599 27762 27895 I okhttp.OkHttpClient: X-Frame-Options: DENY
12-07 08:28:15.599 27762 27895 I okhttp.OkHttpClient: Content-Type: application/json
12-07 08:28:15.599 27762 27895 I okhttp.OkHttpClient: Transfer-Encoding: chunked
12-07 08:28:15.599 27762 27895 I okhttp.OkHttpClient: Date: Wed, 07 Dec 2022 13:28:17 GMT
12-07 08:28:15.599 27762 27895 I okhttp.OkHttpClient: Keep-Alive: timeout=60
12-07 08:28:15.599 27762 27895 I okhttp.OkHttpClient: Connection: keep-alive
12-07 08:28:15.619  1776  1825 D gralloc_ranchu: gralloc_alloc: Creating ashmem region of size 4198400
12-07 08:28:15.630 27762 27852 D EGL_emulation: eglMakeCurrent: 0xe593ea40: ver 2 0 (tinfo 0xf0cc0130)
12-07 08:28:15.650  1776  1825 D gralloc_ranchu: gralloc_alloc: Creating ashmem region of size 4198400
12-07 08:28:15.655 27762 27852 D EGL_emulation: eglMakeCurrent: 0xe593ea40: ver 2 0 (tinfo 0xf0cc0130)
12-07 08:28:15.675 27762 27852 D EGL_emulation: eglMakeCurrent: 0xe593ea40: ver 2 0 (tinfo 0xf0cc0130)
12-07 08:28:15.688  1776  1825 D gralloc_ranchu: gralloc_alloc: Creating ashmem region of size 4198400
12-07 08:28:15.695 27762 27852 D EGL_emulation: eglMakeCurrent: 0xe593ea40: ver 2 0 (tinfo 0xf0cc0130)
12-07 08:28:15.770 27762 27762 I ViewInteraction: Performing 'close keyboard' action on view view.getRootView() to equal view
12-07 08:28:15.777  2537  2537 I PhenotypeExpConfig: refreshConfiguration() : Force = false : UpdateAvailable = false : Age = 498 minutes : MaxAge = 720 minutes
12-07 08:28:15.779  2537  2537 I AndroidIME: LatinIme.onDeactivate()
12-07 08:28:15.799  2537  8546 D EGL_emulation: eglMakeCurrent: 0xc286ce00: ver 2 0 (tinfo 0xc335ede0)
12-07 08:28:15.900  1776  1825 D gralloc_ranchu: gralloc_alloc: Creating ashmem region of size 5308416
12-07 08:28:15.911 27762 27852 D EGL_emulation: eglMakeCurrent: 0xe593ea40: ver 2 0 (tinfo 0xf0cc0130)
12-07 08:28:15.938  1776  1825 D gralloc_ranchu: gralloc_alloc: Creating ashmem region of size 5308416
12-07 08:28:15.943 27762 27852 D EGL_emulation: eglMakeCurrent: 0xe593ea40: ver 2 0 (tinfo 0xf0cc0130)
12-07 08:28:15.969 27762 27852 D EGL_emulation: eglMakeCurrent: 0xe593ea40: ver 2 0 (tinfo 0xf0cc0130)
12-07 08:28:15.985  1776  1825 D gralloc_ranchu: gralloc_alloc: Creating ashmem region of size 5308416
12-07 08:28:16.093 27762 27762 I ViewInteraction: Checking 'MatchesViewAssertion{viewMatcher=(view has effective visibility <VISIBLE> and view.getGlobalVisibleRect() to return non-empty rectangle)}' assertion on view an instance of android.widget.TextView and view.getText() with or without transformation to match: is "Объявление"
12-07 08:28:16.096 27762 27762 I ViewInteraction: Performing 'single click' action on view an instance of android.widget.TextView and view.getText() with or without transformation to match: is "Объявление"
12-07 08:28:16.202 27762 27852 D EGL_emulation: eglMakeCurrent: 0xe593ea40: ver 2 0 (tinfo 0xf0cc0130)
12-07 08:28:16.281  2018  8910 E InputDispatcher: Window handle Window{f007a6 u0 PopupWindow:fea0e9b} has no registered input channel
12-07 08:28:16.287 27762 27866 I okhttp.OkHttpClient: <-- 200 http://www.981757-ca08998.tmweb.ru:8080/fmh/claims (3888ms)
12-07 08:28:16.287 27762 27866 I okhttp.OkHttpClient: Vary: Origin
12-07 08:28:16.287 27762 27866 I okhttp.OkHttpClient: Vary: Access-Control-Request-Method
12-07 08:28:16.287 27762 27866 I okhttp.OkHttpClient: Vary: Access-Control-Request-Headers
12-07 08:28:16.288 27762 27866 I okhttp.OkHttpClient: X-Content-Type-Options: nosniff
12-07 08:28:16.289 27762 27866 I okhttp.OkHttpClient: X-XSS-Protection: 1; mode=block
12-07 08:28:16.289 27762 27866 I okhttp.OkHttpClient: Cache-Control: no-cache, no-store, max-age=0, must-revalidate
12-07 08:28:16.289 27762 27866 I okhttp.OkHttpClient: Pragma: no-cache
12-07 08:28:16.289 27762 27866 I okhttp.OkHttpClient: Expires: 0
12-07 08:28:16.290 27762 27866 I okhttp.OkHttpClient: X-Frame-Options: DENY
12-07 08:28:16.290 27762 27866 I okhttp.OkHttpClient: Content-Type: application/json
12-07 08:28:16.291 27762 27866 I okhttp.OkHttpClient: Transfer-Encoding: chunked
12-07 08:28:16.292 27762 27866 I okhttp.OkHttpClient: Date: Wed, 07 Dec 2022 13:28:18 GMT
12-07 08:28:16.294 27762 27866 I okhttp.OkHttpClient: Keep-Alive: timeout=60
12-07 08:28:16.294 27762 27866 I okhttp.OkHttpClient: Connection: keep-alive
12-07 08:28:16.658 27762 27762 I ViewInteraction: Performing 'wait for a specific view with <view.getId() is <2131231227/ru.iteco.fmhandroid:id/news_item_title_text_input_edit_text>> during 10000 millis.' action on view view.getRootView() to equal view
12-07 08:28:16.667 27762 27762 I ViewInteraction: Performing 'replace text(Заголовок 9da81d2f-5267-458f-bc1c-134d86debb4c)' action on view view.getId() is <2131231227/ru.iteco.fmhandroid:id/news_item_title_text_input_edit_text>
12-07 08:28:16.700 27762 27762 I ViewInteraction: Performing 'wait for a specific view with <view.getId() is <2131231222/ru.iteco.fmhandroid:id/news_item_publish_date_text_input_edit_text>> during 10000 millis.' action on view view.getRootView() to equal view
12-07 08:28:16.709 27762 27762 I ViewInteraction: Performing 'single click' action on view view.getId() is <2131231222/ru.iteco.fmhandroid:id/news_item_publish_date_text_input_edit_text>
12-07 08:28:16.745 27762 27775 I teco.fmhandroi: Background concurrent copying GC freed 51820(2241KB) AllocSpace objects, 0(0B) LOS objects, 31% free, 13MB/19MB, paused 1.011ms total 142.202ms
12-07 08:28:16.926  1776  1825 D gralloc_ranchu: gralloc_alloc: Creating ashmem region of size 6778880
12-07 08:28:16.935  1776  1825 I chatty  : uid=1000(system) HwBinder:1776_1 identical 1 line
12-07 08:28:16.937  1776  1825 D gralloc_ranchu: gralloc_alloc: Creating ashmem region of size 6778880
12-07 08:28:16.946 27762 27852 D EGL_emulation: eglMakeCurrent: 0xe593ea40: ver 2 0 (tinfo 0xf0cc0130)
12-07 08:28:17.058 27762 27852 I chatty  : uid=10146(ru.iteco.fmhandroid) RenderThread identical 3 lines
12-07 08:28:17.077 27762 27852 D EGL_emulation: eglMakeCurrent: 0xe593ea40: ver 2 0 (tinfo 0xf0cc0130)
12-07 08:28:17.381 27762 27762 I ViewInteraction: Performing 'wait for a specific view with <is assignable from class <class android.widget.DatePicker>> during 10000 millis.' action on view view.getRootView() to equal view
12-07 08:28:17.385 27762 27762 I ViewInteraction: Checking 'MatchesViewAssertion{viewMatcher=(view has effective visibility <VISIBLE> and view.getGlobalVisibleRect() to return non-empty rectangle)}' assertion on view is assignable from class <class android.widget.DatePicker>
12-07 08:28:17.390 27762 27762 I ViewInteraction: Performing 'wait for a specific view with <is assignable from class <class android.widget.DatePicker>> during 10000 millis.' action on view view.getRootView() to equal view
12-07 08:28:17.396 27762 27762 I ViewInteraction: Performing 'set date' action on view is assignable from class <class android.widget.DatePicker>
12-07 08:28:17.439 27762 27762 I ViewInteraction: Performing 'wait for a specific view with <view.getId() is <16908313/android:id/button1>> during 10000 millis.' action on view view.getRootView() to equal view
12-07 08:28:17.446 27762 27762 I ViewInteraction: Performing 'single click' action on view view.getId() is <16908313/android:id/button1>
12-07 08:28:17.543 27762 27852 D EGL_emulation: eglMakeCurrent: 0xe593ea40: ver 2 0 (tinfo 0xf0cc0130)
12-07 08:28:17.564  2018  8910 E InputDispatcher: Window handle Window{c27bc24 u0 ru.iteco.fmhandroid/ru.iteco.fmhandroid.ui.AppActivity} has no registered input channel
12-07 08:28:17.573 27762 27852 D EGL_emulation: eglMakeCurrent: 0xe593ea40: ver 2 0 (tinfo 0xf0cc0130)
12-07 08:28:17.872 27762 27762 I ViewInteraction: Performing 'wait for a specific view with <view.getId() is <2131231223/ru.iteco.fmhandroid:id/news_item_publish_time_text_input_edit_text>> during 10000 millis.' action on view view.getRootView() to equal view
12-07 08:28:17.877 27762 27762 I ViewInteraction: Performing 'single click' action on view view.getId() is <2131231223/ru.iteco.fmhandroid:id/news_item_publish_time_text_input_edit_text>
12-07 08:28:18.080  1776  1825 D gralloc_ranchu: gralloc_alloc: Creating ashmem region of size 5718016
12-07 08:28:18.092  1776  1825 I chatty  : uid=1000(system) HwBinder:1776_1 identical 1 line
12-07 08:28:18.094  1776  1825 D gralloc_ranchu: gralloc_alloc: Creating ashmem region of size 5718016
12-07 08:28:18.116 27762 27852 D EGL_emulation: eglMakeCurrent: 0xe593ea40: ver 2 0 (tinfo 0xf0cc0130)
12-07 08:28:18.176 27762 27852 I chatty  : uid=10146(ru.iteco.fmhandroid) RenderThread identical 2 lines
12-07 08:28:18.223 27762 27852 D EGL_emulation: eglMakeCurrent: 0xe593ea40: ver 2 0 (tinfo 0xf0cc0130)
12-07 08:28:18.465 27762 27762 I ViewInteraction: Performing 'wait for a specific view with <is assignable from class <class android.widget.TimePicker>> during 10000 millis.' action on view view.getRootView() to equal view
12-07 08:28:18.470 27762 27762 I ViewInteraction: Checking 'MatchesViewAssertion{viewMatcher=(view has effective visibility <VISIBLE> and view.getGlobalVisibleRect() to return non-empty rectangle)}' assertion on view is assignable from class <class android.widget.TimePicker>
12-07 08:28:18.473 27762 27762 I ViewInteraction: Performing 'wait for a specific view with <is assignable from class <class android.widget.TimePicker>> during 10000 millis.' action on view view.getRootView() to equal view
12-07 08:28:18.477 27762 27762 I ViewInteraction: Performing 'set time' action on view is assignable from class <class android.widget.TimePicker>
12-07 08:28:18.501 27762 27852 D EGL_emulation: eglMakeCurrent: 0xe593ea40: ver 2 0 (tinfo 0xf0cc0130)
12-07 08:28:18.507 27762 27762 I ViewInteraction: Performing 'wait for a specific view with <view.getId() is <16908313/android:id/button1>> during 10000 millis.' action on view view.getRootView() to equal view
12-07 08:28:18.512 27762 27762 I ViewInteraction: Performing 'single click' action on view view.getId() is <16908313/android:id/button1>
12-07 08:28:18.594 27762 27852 D EGL_emulation: eglMakeCurrent: 0xe593ea40: ver 2 0 (tinfo 0xf0cc0130)
12-07 08:28:18.611 27762 27852 D EGL_emulation: eglMakeCurrent: 0xe593ea40: ver 2 0 (tinfo 0xf0cc0130)
12-07 08:28:18.624  2018  5907 E InputDispatcher: Window handle Window{1158143 u0 ru.iteco.fmhandroid/ru.iteco.fmhandroid.ui.AppActivity} has no registered input channel
12-07 08:28:18.917 27762 27762 I ViewInteraction: Performing 'wait for a specific view with <view.getId() is <2131231211/ru.iteco.fmhandroid:id/news_item_description_text_input_edit_text>> during 10000 millis.' action on view view.getRootView() to equal view
12-07 08:28:18.926 27762 27762 I ViewInteraction: Performing 'replace text(Описание 76232339-1d94-40d8-ac5d-081604665c14)' action on view view.getId() is <2131231211/ru.iteco.fmhandroid:id/news_item_description_text_input_edit_text>
12-07 08:28:18.987 27762 27762 I ViewInteraction: Performing 'wait for a specific view with <view.getId() is <2131231291/ru.iteco.fmhandroid:id/save_button>> during 10000 millis.' action on view view.getRootView() to equal view
12-07 08:28:18.990 27762 27762 I ViewInteraction: Performing 'single click' action on view view.getId() is <2131231291/ru.iteco.fmhandroid:id/save_button>
12-07 08:28:19.076 27762 27886 I okhttp.OkHttpClient: --> POST http://www.981757-ca08998.tmweb.ru:8080/fmh/news
12-07 08:28:19.076 27762 27886 I okhttp.OkHttpClient: Content-Type: application/json; charset=UTF-8
12-07 08:28:19.077 27762 27886 I okhttp.OkHttpClient: Content-Length: 315
12-07 08:28:19.081 27762 27886 I okhttp.OkHttpClient: {"createDate":1670390899,"creatorId":2,"creatorName":"Иванов Данил Данилович","description":"Описание 76232339-1d94-40d8-ac5d-081604665c14","isOpen":false,"newsCategoryId":1,"publishDate":1670419620,"publishEnabled":true,"title":"Заголовок 9da81d2f-5267-458f-bc1c-134d86debb4c"}
12-07 08:28:19.081 27762 27886 I okhttp.OkHttpClient: --> END POST (315-byte body)
12-07 08:28:19.255 27762 27886 I okhttp.OkHttpClient: <-- 200 http://www.981757-ca08998.tmweb.ru:8080/fmh/news (174ms)
12-07 08:28:19.256 27762 27886 I okhttp.OkHttpClient: Vary: Origin
12-07 08:28:19.256 27762 27886 I okhttp.OkHttpClient: Vary: Access-Control-Request-Method
12-07 08:28:19.256 27762 27886 I okhttp.OkHttpClient: Vary: Access-Control-Request-Headers
12-07 08:28:19.256 27762 27886 I okhttp.OkHttpClient: X-Content-Type-Options: nosniff
12-07 08:28:19.256 27762 27886 I okhttp.OkHttpClient: X-XSS-Protection: 1; mode=block
12-07 08:28:19.256 27762 27886 I okhttp.OkHttpClient: Cache-Control: no-cache, no-store, max-age=0, must-revalidate
12-07 08:28:19.256 27762 27886 I okhttp.OkHttpClient: Pragma: no-cache
12-07 08:28:19.256 27762 27886 I okhttp.OkHttpClient: Expires: 0
12-07 08:28:19.256 27762 27886 I okhttp.OkHttpClient: X-Frame-Options: DENY
12-07 08:28:19.256 27762 27886 I okhttp.OkHttpClient: Content-Type: application/json
12-07 08:28:19.257 27762 27886 I okhttp.OkHttpClient: Transfer-Encoding: chunked
12-07 08:28:19.257 27762 27886 I okhttp.OkHttpClient: Date: Wed, 07 Dec 2022 13:28:21 GMT
12-07 08:28:19.257 27762 27886 I okhttp.OkHttpClient: Keep-Alive: timeout=60
12-07 08:28:19.257 27762 27886 I okhttp.OkHttpClient: Connection: keep-alive
12-07 08:28:19.258 27762 27886 I okhttp.OkHttpClient: {"id":4478,"newsCategoryId":1,"title":"Заголовок 9da81d2f-5267-458f-bc1c-134d86debb4c","description":"Описание 76232339-1d94-40d8-ac5d-081604665c14","creatorId":2,"createDate":1670390899,"publishDate":1670419620,"publishEnabled":true,"creatorName":"Иванов Данил Данилович"}
12-07 08:28:19.258 27762 27886 I okhttp.OkHttpClient: <-- END HTTP (310-byte body)
12-07 08:28:19.585 27762 27775 I teco.fmhandroi: NativeAlloc concurrent copying GC freed 92017(3868KB) AllocSpace objects, 3(60KB) LOS objects, 28% free, 14MB/20MB, paused 744us total 166.113ms
12-07 08:28:19.668 27762 27762 I ViewInteraction: Performing 'wait for a specific view with <view.getId() is <2131231230/ru.iteco.fmhandroid:id/news_list_recycler_view>> during 10000 millis.' action on view view.getRootView() to equal view
12-07 08:28:19.676 27762 27762 I ViewInteraction: Performing 'scroll RecyclerView to: holder with view: ((view is an instance of android.view.ViewGroup and has descendant matching an instance of android.widget.TextView and view.getText() with or without transformation to match: is "Заголовок 9da81d2f-5267-458f-bc1c-134d86debb4c"))' action on view view.getId() is <2131231230/ru.iteco.fmhandroid:id/news_list_recycler_view>
12-07 08:28:20.138 27762 27762 I ViewInteraction: Checking 'MatchesViewAssertion{viewMatcher=(view has effective visibility <VISIBLE> and view.getGlobalVisibleRect() to return non-empty rectangle)}' assertion on view view.getId() is <2131231230/ru.iteco.fmhandroid:id/news_list_recycler_view>
12-07 08:28:20.145 27762 27762 I ViewInteraction: Performing 'wait for a specific view with <view.getId() is <2131231230/ru.iteco.fmhandroid:id/news_list_recycler_view>> during 10000 millis.' action on view view.getRootView() to equal view
12-07 08:28:20.153 27762 27762 I ViewInteraction: Performing 'scroll RecyclerView to: holder with view: ((view is an instance of android.view.ViewGroup and has descendant matching an instance of android.widget.TextView and view.getText() with or without transformation to match: is "Заголовок 9da81d2f-5267-458f-bc1c-134d86debb4c"))' action on view view.getId() is <2131231230/ru.iteco.fmhandroid:id/news_list_recycler_view>
12-07 08:28:20.473 27762 27762 I ViewInteraction: Performing 'wait for a specific view with <(view.getId() is <2131230982> and view.getParent() view.getParent() (view.getId() is <2131231215> and (view is an instance of android.view.ViewGroup and has child matching: (view is an instance of android.view.ViewGroup and has child matching: an instance of android.widget.TextView and view.getText() with or without transformation to match: is "Заголовок 9da81d2f-5267-458f-bc1c-134d86debb4c"))))> during 10000 millis.' action on view view.getRootView() to equal view
12-07 08:28:20.487 27762 27762 I ViewInteraction: Checking 'MatchesViewAssertion{viewMatcher=(view has effective visibility <VISIBLE> and view.getGlobalVisibleRect() to return non-empty rectangle)}' assertion on view (view.getId() is <2131230982/ru.iteco.fmhandroid:id/delete_news_item_image_view> and view.getParent() view.getParent() (view.getId() is <2131231215/ru.iteco.fmhandroid:id/news_item_material_card_view> and (view is an instance of android.view.ViewGroup and has child matching: (view is an instance of android.view.ViewGroup and has child matching: an instance of android.widget.TextView and view.getText() with or without transformation to match: is "Заголовок 9da81d2f-5267-458f-bc1c-134d86debb4c"))))
