12-07 08:28:25.810 27762 27895 I okhttp.OkHttpClient: ,"title":"День рождения e5047ab6-0a48-437a-b69f-6be24b9d5211","description":"День рождения e5047ab6-0a48-437a-b69f-6be24b9d5211","creatorId":2,"createDate":1669644916,"publishDate":1670290020,"publishEnabled":true,"creatorName":"Иванов Данил Данилович"},{"id":4338,"newsCategoryId":1,"title":"Объявление f7007fa9-af1c-46cf-a088-e6c07492153f","description":"Объявление f7007fa9-af1c-46cf-a088-e6c07492153f","creatorId":2,"createDate":1670014771,"publishDate":1670101140,"publishEnabled":true,"creatorName":"Иванов Данил Данилович"},{"id":4344,"newsCategoryId":1,"title":"Test new new","description":"Description Test11","creatorId":2,"createDate":1670084343,"publishDate":1670084280,"publishEnabled":true,"creatorName":"Иванов Данил Данилович"},{"id":4342,"newsCategoryId":1,"title":"Test11","description":"Description Test11","creatorId":2,"createDate":1670084226,"publishDate":1670084220,"publishEnabled":true,"creatorName":"Иванов Данил Данилович"},{"id":4343,"newsCategoryId":1,"title":"Test new new","description":"Description Test11","creatorId":2,"createDate":1670084284,"publishDate":1670084220,"publishEnabled":true,"creatorName":"Иванов Данил Данилович"},{"id":4250,"newsCategoryId":3,"title":"Зарплата ebe1f8d4-eafa-4f0b-9be5-3de8385f664f","description":"Зарплата ebe1f8d4-eafa-4f0b-9be5-3de8385f664f","creatorId":2,"createDate":1669993245,"publishDate":1670078040,"publishEnabled":true,"creatorName":"Иванов Данил Данилович"},{"id":4186,"newsCategoryId":1,"title":"Объявление 7026c641-4364-4644-845c-5a79bb020ddf","description":"Объявление 7026c641-4364-4644-845c-5a79bb020ddf","creatorId":2,"createDate":1669988816,"publishDate":1670074560,"publishEnabled":true,"creatorName":"Иванов Данил Данилович"},{"id":4341,"newsCategoryId":1,"title":"Объявление f12e83d4-71a9-44dd-aa30-2537dd1e48d2 проверка","description":"Объявление f12e83d4-71a9-44dd-aa30-2537dd1e48d2","creatorId":2,"createDate":1670015575,"publishDate":1670015520,"publishEnabled":true,"creatorName":"Иванов Данил Данилович"},{"id":4340,"newsCategoryId":1,"title":"Объявление a743ce49-0c47-4877-a9b8-fc7011637f65 проверка","description":"Объявление a743ce49-0c47-4877-a9b8-fc7011637f65","creatorId":2,"createDate":1670015320,"publishDate":1670015280,"publishEnabled":true,"creatorName":"Иванов Данил Данилович"},{"id":4339,"newsCategoryId":1,"title":"Объявление 879bc0c5-58da-44d4-80a7-0a97b14758ca","description":"Объявление 879bc0c5-58da-44d4-80a7-0a97b14758ca проверка","creatorId":2,"createDate":1670015132,"publishDate":1670015100,"publishEnabled":true,"creatorName":"Иванов Данил Данилович"},{"id":4337,"newsCategoryId":1,"title":"Объявление 85a1af44-0360-4e48-961b-6a04e31214ee","description":"Объявление 85a1af44-0360-4e48-961b-6a04e31214ee проверка","creatorId":2,"createDate":1670014672,"publishDate":1670014620,"publishEnabled":true,"creatorName":"Иванов Данил Данилович"},{"id":4335,"newsCategoryId":1,"title":"Объявление 97e21634-6e13-4729-95d4-814f3c5217b5","description":"Объявление 97e21634-6e13-4729-95d4-814f3c5217b5","creatorId":2,"createDate":1670014291,"publishDate":1670014260,"publishEnabled":true,"creatorName":"Иванов Данил Данилович"},{"id":4334,"newsCategoryId":1,"title":"Объявление 6f3e8a6a-f13b-4e2b-9696-3f09afd1d4bb","description":"Объявление 6f3e8a6a-f13b-4e2b-9696-3f09afd1d4bb","creatorId":2,"createDate":1670014214,"publishDate":1670014140,"publishEnabled":true,"creatorName":"Иванов Данил Данилович"},{"id":4333,"newsCategoryId":1,"title":"Объявление aca5b603-4ebd-4d24-99bb-6c5a6b039b1b","description":"Объявление aca5b603
12-07 08:28:25.814 27762 27762 D takeScreenshot: Found 1 global views to redraw
12-07 08:28:25.873  1776  1825 D gralloc_ranchu: gralloc_alloc: Creating ashmem region of size 10108928
12-07 08:28:25.902 27762 27775 I teco.fmhandroi: Background concurrent copying GC freed 81804(4674KB) AllocSpace objects, 0(0B) LOS objects, 13% free, 38MB/44MB, paused 1.047ms total 220.874ms
12-07 08:28:25.920 27762 27806 W DefaultFailureHandler: Failed to take screenshot
12-07 08:28:25.920 27762 27806 W DefaultFailureHandler: java.io.FileNotFoundException: view-op-error-3.png: open failed: EROFS (Read-only file system)
12-07 08:28:25.920 27762 27806 W DefaultFailureHandler: 	at libcore.io.IoBridge.open(IoBridge.java:496)
12-07 08:28:25.920 27762 27806 W DefaultFailureHandler: 	at java.io.FileOutputStream.<init>(FileOutputStream.java:235)
12-07 08:28:25.920 27762 27806 W DefaultFailureHandler: 	at java.io.FileOutputStream.<init>(FileOutputStream.java:125)
12-07 08:28:25.920 27762 27806 W DefaultFailureHandler: 	at androidx.test.platform.io.FileTestStorage.openOutputFile(FileTestStorage.java:60)
12-07 08:28:25.920 27762 27806 W DefaultFailureHandler: 	at androidx.test.core.graphics.BitmapStorage.writeToTestStorage(BitmapStorageExt.kt:49)
12-07 08:28:25.920 27762 27806 W DefaultFailureHandler: 	at androidx.test.espresso.base.DefaultFailureHandler.takeScreenshot(DefaultFailureHandler.java:4)
12-07 08:28:25.920 27762 27806 W DefaultFailureHandler: 	at androidx.test.espresso.base.DefaultFailureHandler.handle(DefaultFailureHandler.java:3)
12-07 08:28:25.920 27762 27806 W DefaultFailureHandler: 	at androidx.test.espresso.ViewInteraction.waitForAndHandleInteractionResults(ViewInteraction.java:5)
12-07 08:28:25.920 27762 27806 W DefaultFailureHandler: 	at androidx.test.espresso.ViewInteraction.check(ViewInteraction.java:12)
12-07 08:28:25.920 27762 27806 W DefaultFailureHandler: 	at ru.iteco.fmhandroid.ui.ControlPanelTest.shouldDeleteNewsItem(ControlPanelTest.java:349)
12-07 08:28:25.920 27762 27806 W DefaultFailureHandler: 	at java.lang.reflect.Method.invoke(Native Method)
12-07 08:28:25.920 27762 27806 W DefaultFailureHandler: 	at org.junit.runners.model.FrameworkMethod$1.runReflectiveCall(FrameworkMethod.java:59)
12-07 08:28:25.920 27762 27806 W DefaultFailureHandler: 	at org.junit.internal.runners.model.ReflectiveCallable.run(ReflectiveCallable.java:12)
12-07 08:28:25.920 27762 27806 W DefaultFailureHandler: 	at org.junit.runners.model.FrameworkMethod.invokeExplosively(FrameworkMethod.java:56)
12-07 08:28:25.920 27762 27806 W DefaultFailureHandler: 	at org.junit.internal.runners.statements.InvokeMethod.evaluate(InvokeMethod.java:17)
12-07 08:28:25.920 27762 27806 W DefaultFailureHandler: 	at androidx.test.internal.runner.junit4.statement.RunBefores.evaluate(RunBefores.java:80)
12-07 08:28:25.920 27762 27806 W DefaultFailureHandler: 	at androidx.test.internal.runner.junit4.statement.RunAfters.evaluate(RunAfters.java:61)
12-07 08:28:25.920 27762 27806 W DefaultFailureHandler: 	at io.qameta.allure.android.rules.ScreenshotRule$apply$1.evaluate(ScreenshotRule.kt:22)
12-07 08:28:25.920 27762 27806 W DefaultFailureHandler: 	at org.junit.rules.ExternalResource$1.evaluate(ExternalResource.java:54)
12-07 08:28:25.920 27762 27806 W DefaultFailureHandler: 	at io.qameta.allure.android.rules.LogcatRule$apply$1.evaluate(LogcatRule.kt:23)
12-07 08:28:25.920 27762 27806 W DefaultFailureHandler: 	at org.junit.rules.RunRules.evaluate(RunRules.java:20)
12-07 08:28:25.920 27762 27806 W DefaultFailureHandler: 	at org.junit.runners.ParentRunner$3.evaluate(ParentRunner.java:306)
12-07 08:28:25.920 27762 27806 W DefaultFailureHandler: 	at org.junit.runners.BlockJUnit4ClassRunner$1.evaluate(BlockJUnit4ClassRunner.java:100)
12-07 08:28:25.920 27762 27806 W DefaultFailureHandler: 	at org.junit.runners.ParentRunner.runLeaf(ParentRunner.java:366)
12-07 08:28:25.920 27762 27806 W DefaultFailureHandler: 	at org.junit.runners.BlockJUnit4ClassRunner.runChild(BlockJUnit4ClassRunner.java:103)
12-07 08:28:25.920 27762 27806 W DefaultFailureHandler: 	at org.junit.runners.BlockJUnit4ClassRunner.runChild(BlockJUnit4ClassRunner.java:63)
12-07 08:28:25.920 27762 27806 W DefaultFailureHandler: 	at org.junit.runners.ParentRunner$4.run(ParentRunner.java:331)
12-07 08:28:25.920 27762 27806 W DefaultFailureHandler: 	at org.junit.runners.ParentRunner$1.schedule(ParentRunner.java:79)
12-07 08:28:25.920 27762 27806 W DefaultFailureHandler: 	at org.junit.runners.ParentRunner.runChildren(ParentRunner.java:329)
12-07 08:28:25.920 27762 27806 W DefaultFailureHandler: 	at org.junit.runners.ParentRunner.access$100(ParentRunner.java:66)
12-07 08:28:25.920 27762 27806 W DefaultFailureHandler: 	at org.junit.runners.ParentRunner$2.evaluate(ParentRunner.java:293)
12-07 08:28:25.920 27762 27806 W DefaultFailureHandler: 	at org.junit.runners.ParentRunner$3.evaluate(ParentRunner.java:306)
12-07 08:28:25.920 27762 27806 W DefaultFailureHandler: 	at org.junit.runners.ParentRunner.run(ParentRunner.java:413)
12-07 08:28:25.920 27762 27806 W DefaultFailureHandler: 	at androidx.test.ext.junit.runners.AndroidJUnit4.run(AndroidJUnit4.java:162)
12-07 08:28:25.920 27762 27806 W DefaultFailureHandler: 	at io.qameta.allure.android.runners.AllureAndroidJUnit4.run(AllureAndroidJUnitRunners.kt:29)
12-07 08:28:25.920 27762 27806 W DefaultFailureHandler: 	at org.junit.runners.Suite.runChild(Suite.java:128)
12-07 08:28:25.920 27762 27806 W DefaultFailureHandler: 	at org.junit.runners.Suite.runChild(Suite.java:27)
12-07 08:28:25.920 27762 27806 W DefaultFailureHandler: 	at org.junit.runners.ParentRunner$4.run(ParentRunner.java:331)
12-07 08:28:25.920 27762 27806 W DefaultFailureHandler: 	at org.junit.runners.ParentRunner$1.schedule(ParentRunner.java:79)
12-07 08:28:25.920 27762 27806 W DefaultFailureHandler: 	at org.junit.runners.ParentRunner.runChildren(ParentRunner.java:329)
12-07 08:28:25.920 27762 27806 W DefaultFailureHandler: 	at org.junit.runners.ParentRunner.access$100(ParentRunner.java:66)
12-07 08:28:25.920 27762 27806 W DefaultFailureHandler: 	at org.junit.runners.ParentRunner$2.evaluate(ParentRunner.java:293)
12-07 08:28:25.920 27762 27806 W DefaultFailureHandler: 	at org.junit.runners.ParentRunner$3.evaluate(ParentRunner.java:306)
12-07 08:28:25.920 27762 27806 W DefaultFailureHandler: 	at org.junit.runners.ParentRunner.run(ParentRunner.java:413)
12-07 08:28:25.920 27762 27806 W DefaultFailureHandler: 	at org.junit.runner.JUnitCore.run(JUnitCore.java:137)
12-07 08:28:25.920 27762 27806 W DefaultFailureHandler: 	at org.junit.runner.JUnitCore.run(JUnitCore.java:115)
12-07 08:28:25.920 27762 27806 W DefaultFailureHandler: 	at androidx.test.internal.runner.TestExecutor.execute(TestExecutor.java:67)
12-07 08:28:25.920 27762 27806 W DefaultFailureHandler: 	at androidx.test.internal.runner.TestExecutor.execute(TestExecutor.java:58)
12-07 08:28:25.920 27762 27806 W DefaultFailureHandler: 	at androidx.test.runner.AndroidJUnitRunner.onStart(AndroidJUnitRunner.java:438)
12-07 08:28:25.920 27762 27806 W DefaultFailureHandler: 	at android.app.Instrumentation$InstrumentationThread.run(Instrumentation.java:2189)
12-07 08:28:25.920 27762 27806 W DefaultFailureHandler: Caused by: android.system.ErrnoException: open failed: EROFS (Read-only file system)
12-07 08:28:25.920 27762 27806 W DefaultFailureHandler: 	at libcore.io.Linux.open(Native Method)
12-07 08:28:25.920 27762 27806 W DefaultFailureHandler: 	at libcore.io.ForwardingOs.open(ForwardingOs.java:167)
12-07 08:28:25.920 27762 27806 W DefaultFailureHandler: 	at libcore.io.BlockGuardOs.open(BlockGuardOs.java:252)
12-07 08:28:25.920 27762 27806 W DefaultFailureHandler: 	at libcore.io.ForwardingOs.open(ForwardingOs.java:167)
12-07 08:28:25.920 27762 27806 W DefaultFailureHandler: 	at android.app.ActivityThread$AndroidOs.open(ActivityThread.java:7255)
12-07 08:28:25.920 27762 27806 W DefaultFailureHandler: 	at libcore.io.IoBridge.open(IoBridge.java:482)
12-07 08:28:25.920 27762 27806 W DefaultFailureHandler: 	... 49 more
12-07 08:28:26.441  2170  2170 D StatusBar: disable<e i a s b h r c s > disable2<q i n >
12-07 08:28:26.494  1776  1825 D gralloc_ranchu: gralloc_alloc: Creating ashmem region of size 10108928
12-07 08:28:26.502  2170  2566 D EGL_emulation: eglMakeCurrent: 0xe594e040: ver 2 0 (tinfo 0xc52450c0)
12-07 08:28:26.532  1776  1825 D gralloc_ranchu: gralloc_alloc: Creating ashmem region of size 10108928
12-07 08:28:26.555  2170  2170 D StatusBar: disable<e i a s b h r c s > disable2<q i n >
12-07 08:28:26.598  1776  1825 D gralloc_ranchu: gralloc_alloc: Creating ashmem region of size 10108928
12-07 08:28:27.526 27762 27806 I QueryController: Matched selector: UiSelector[DESCRIPTION=Airplane mode] <<==>> [android.view.accessibility.AccessibilityNodeInfo@6d7a0; boundsInParent: Rect(0, 0 - 292, 292); boundsInScreen: Rect(736, 804 - 1028, 1096); packageName: com.android.systemui; className: android.widget.Switch; text: Off; error: null; maxTextLength: -1; contentDescription: Airplane mode; tooltipText: null; viewIdResName: null; checkable: true; checked: false; focusable: true; focused: false; selected: false; clickable: true; longClickable: true; contextClickable: false; enabled: true; password: false; scrollable: false; importantForAccessibility: true; visible: true; actions: [AccessibilityAction: ACTION_FOCUS - null, AccessibilityAction: ACTION_SELECT - null, AccessibilityAction: ACTION_CLEAR_SELECTION - null, AccessibilityAction: ACTION_CLICK - null, AccessibilityAction: ACTION_ACCESSIBILITY_FOCUS - null, AccessibilityAction: ACTION_NEXT_AT_MOVEMENT_GRANULARITY - null, AccessibilityAction: ACTION_PREVIOUS_AT_MOVEMENT_GRANULARITY - null, AccessibilityAction: ACTION_SET_SELECTION - null, AccessibilityAction: ACTION_SHOW_ON_SCREEN - null, AccessibilityAction: ACTION_LONG_CLICK - Open settings]]
12-07 08:28:27.554  2018  2051 D AutofillManagerService: onBackKeyPressed()
12-07 08:28:28.189  2170  2170 V StatusBar: mStatusBarWindow: com.android.systemui.statusbar.phone.StatusBarWindowView{4752fa5 V.E...... ........ 0,0-1080,2340} canPanelBeCollapsed(): true
12-07 08:28:28.196  2170  2170 D StatusBar: disable<e i a s b h r c s > disable2<q i n >
12-07 08:28:28.222  1776  1825 D gralloc_ranchu: gralloc_alloc: Creating ashmem region of size 10108928
12-07 08:28:28.291  2170  2170 D StatusBar: disable<e i a s b h r c s > disable2<q i n >
12-07 08:28:28.335  2170  2566 D EGL_emulation: eglMakeCurrent: 0xe594e040: ver 2 0 (tinfo 0xc52450c0)
12-07 08:28:28.356  1776  1825 D gralloc_ranchu: gralloc_alloc: Creating ashmem region of size 286720
12-07 08:28:28.379  2170  2566 D EGL_emulation: eglMakeCurrent: 0xe594e040: ver 2 0 (tinfo 0xc52450c0)
12-07 08:28:28.404  1776  1825 D gralloc_ranchu: gralloc_alloc: Creating ashmem region of size 286720
12-07 08:28:28.187  2018  2051 D AutofillManagerService: onBackKeyPressed()
12-07 08:28:28.590  2018  2359 I ActivityTaskManager: START u0 {act=android.intent.action.MAIN cat=[android.intent.category.LAUNCHER] flg=0x10000000 cmp=ru.iteco.fmhandroid.test/androidx.test.core.app.InstrumentationActivityInvoker$EmptyActivity} from uid 10146
12-07 08:28:28.445  1776  1825 D gralloc_ranchu: gralloc_alloc: Creating ashmem region of size 286720
12-07 08:28:28.610 27762 27762 D LifecycleMonitor: Lifecycle status change: ru.iteco.fmhandroid.ui.AppActivity@75dc98f in: PAUSED
12-07 08:28:28.610 27762 27762 V ActivityScenario: Update currentActivityStage to PAUSED, currentActivity=ru.iteco.fmhandroid.ui.AppActivity@75dc98f
12-07 08:28:28.614  2018  2359 W InputReader: Device has associated, but no associated display id.
12-07 08:28:28.618  2018  2359 I chatty  : uid=1000(system) Binder:2018_7 identical 38 lines
12-07 08:28:28.618  2018  2359 W InputReader: Device has associated, but no associated display id.
12-07 08:28:28.622 27818 27818 W ActivityThread: handleWindowVisibility: no activity for token android.os.BinderProxy@4f4224f
12-07 08:28:28.624  2018  2359 W InputReader: Device has associated, but no associated display id.
12-07 08:28:28.624  2018  2359 I chatty  : uid=1000(system) Binder:2018_7 identical 8 lines
12-07 08:28:28.624  2018  2359 W InputReader: Device has associated, but no associated display id.
12-07 08:28:28.641 27762 27799 V FA      : Recording user engagement, ms: 29042
12-07 08:28:28.691  2018  2127 I ActivityTaskManager: START u0 {act=android.intent.action.MAIN cat=[android.intent.category.LAUNCHER] flg=0x10000000 cmp=ru.iteco.fmhandroid.test/androidx.test.core.app.InstrumentationActivityInvoker$EmptyActivity} from uid 10146
12-07 08:28:28.716  1776  1825 D gralloc_ranchu: gralloc_alloc: Creating ashmem region of size 10108928
12-07 08:28:28.724 27762 27799 V FA      : Connecting to remote service
12-07 08:28:28.724  1776  1825 D gralloc_ranchu: gralloc_alloc: Creating ashmem region of size 10108928
12-07 08:28:28.727  1776  1825 D gralloc_ranchu: gralloc_alloc: Creating ashmem region of size 10108928
12-07 08:28:28.729 27818 27849 D EGL_emulation: eglMakeCurrent: 0xe597eb60: ver 2 0 (tinfo 0xf0c893b0)
12-07 08:28:28.777 27762 27799 V FA      : Connection attempt already in progress
12-07 08:28:28.778 27762 27799 V FA      : Activity paused, time: 39171001
12-07 08:28:28.783  2018  7128 W InputReader: Device has associated, but no associated display id.
12-07 08:28:28.789  2018  7128 I chatty  : uid=1000(system) Binder:2018_1A identical 48 lines
12-07 08:28:28.789  2018  7128 W InputReader: Device has associated, but no associated display id.
12-07 08:28:28.793 27762 27799 D FA      : Connected to remote service
12-07 08:28:28.794 27762 27799 V FA      : Processing queued up service tasks: 2
12-07 08:28:28.804 27818 27818 W ActivityThread: handleWindowVisibility: no activity for token android.os.BinderProxy@eb7a55e
12-07 08:28:28.839  2018  7128 W ActivityTaskManager: Duplicate finish request for ActivityRecord{210f50b u0 ru.iteco.fmhandroid/.ui.AppActivity t192 f}
12-07 08:28:28.851  2873 27904 V FA-SVC  : Logging event: origin=auto,name=user_engagement(_e),params=Bundle[{ga_event_origin(_o)=auto, engagement_time_msec(_et)=29042, ga_screen_class(_sc)=AppActivity, ga_screen_id(_si)=8894325159233167658}]
12-07 08:28:28.858  1776  1825 D gralloc_ranchu: gralloc_alloc: Creating ashmem region of size 10108928
12-07 08:28:28.861  1776  1825 I chatty  : uid=1000(system) HwBinder:1776_1 identical 1 line
12-07 08:28:28.864  1776  1825 D gralloc_ranchu: gralloc_alloc: Creating ashmem region of size 10108928
12-07 08:28:28.867 27818 27849 D EGL_emulation: eglMakeCurrent: 0xe597eb60: ver 2 0 (tinfo 0xf0c893b0)
12-07 08:28:28.890  2018  2054 W InputReader: Device has associated, but no associated display id.
12-07 08:28:28.891  2018  2054 I chatty  : uid=1000(system) android.anim identical 18 lines
12-07 08:28:28.891  2018  2054 W InputReader: Device has associated, but no associated display id.
12-07 08:28:28.905 27762 27852 D EGL_emulation: eglMakeCurrent: 0xe593ea40: ver 2 0 (tinfo 0xf0cc0130)
12-07 08:28:28.908  2018  2058 I ActivityTaskManager: Displayed ru.iteco.fmhandroid.test/androidx.test.core.app.InstrumentationActivityInvoker$EmptyActivity: +172ms
12-07 08:28:28.908  2018  2127 W InputReader: Device has associated, but no associated display id.
12-07 08:28:28.908  2018  2127 I chatty  : uid=1000(system) Binder:2018_3 identical 8 lines
12-07 08:28:28.908  2018  2127 W InputReader: Device has associated, but no associated display id.
12-07 08:28:28.924  2873 27904 V FA-SVC  : Upload scheduled in approximately ms: 607656
12-07 08:28:28.924  2873 27904 V FA-SVC  : Unscheduling upload
12-07 08:28:28.934  2018 27408 W InputReader: Device has associated, but no associated display id.
12-07 08:28:28.934  2018 27408 I chatty  : uid=1000(system) Binder:2018_20 identical 8 lines
12-07 08:28:28.934  2018 27408 W InputReader: Device has associated, but no associated display id.
12-07 08:28:28.937  2873 27904 V FA-SVC  : Scheduling upload, millis: 607656
12-07 08:28:28.945 27762 27762 D AutofillManager: onActivityFinishing(): calling cancelLocked()
12-07 08:28:28.954 27762 27762 D LifecycleMonitor: Lifecycle status change: ru.iteco.fmhandroid.ui.AppActivity@75dc98f in: STOPPED
12-07 08:28:28.955 27762 27762 V ActivityScenario: Update currentActivityStage to STOPPED, currentActivity=ru.iteco.fmhandroid.ui.AppActivity@75dc98f
12-07 08:28:28.974  1776  1825 D gralloc_ranchu: gralloc_alloc: Creating ashmem region of size 10108928
12-07 08:28:28.989  1776  1825 D gralloc_ranchu: gralloc_alloc: Creating ashmem region of size 10108928
12-07 08:28:29.000 27762 27762 W System.err: ru.iteco.fmhandroid.exceptions.UnknownException
12-07 08:28:29.000 27762 27762 W System.err: 	at ru.iteco.fmhandroid.utils.Utils.makeRequest(Utils.kt:123)
12-07 08:28:29.000 27762 27762 W System.err: 	at ru.iteco.fmhandroid.utils.Utils$makeRequest$1.invokeSuspend(Unknown Source:15)
12-07 08:28:29.000 27762 27762 W System.err: 	at kotlin.coroutines.jvm.internal.BaseContinuationImpl.resumeWith(ContinuationImpl.kt:33)
12-07 08:28:29.000 27762 27762 W System.err: 	at kotlinx.coroutines.DispatchedTaskKt.resume(DispatchedTask.kt:234)
12-07 08:28:29.000 27762 27762 W System.err: 	at kotlinx.coroutines.DispatchedTaskKt.resumeUnconfined(DispatchedTask.kt:190)
12-07 08:28:29.000 27762 27762 W System.err: 	at kotlinx.coroutines.DispatchedTaskKt.dispatch(DispatchedTask.kt:161)
12-07 08:28:29.000 27762 27762 W System.err: 	at kotlinx.coroutines.CancellableContinuationImpl.dispatchResume(CancellableContinuationImpl.kt:397)
12-07 08:28:29.000 27762 27762 W System.err: 	at kotlinx.coroutines.CancellableContinuationImpl.cancel(CancellableContinuationImpl.kt:183)
12-07 08:28:29.000 27762 27762 W System.err: 	at kotlinx.coroutines.CancellableContinuationImpl.parentCancelled$kotlinx_coroutines_core(CancellableContinuationImpl.kt:190)
12-07 08:28:29.000 27762 27762 W System.err: 	at kotlinx.coroutines.ChildContinuation.invoke(JobSupport.kt:1474)
12-07 08:28:29.000 27762 27762 W System.err: 	at kotlinx.coroutines.JobSupport.notifyCancelling(JobSupport.kt:1499)
12-07 08:28:29.001 27762 27762 W System.err: 	at kotlinx.coroutines.JobSupport.tryMakeCancelling(JobSupport.kt:795)
12-07 08:28:29.001 27762 27762 W System.err: 	at kotlinx.coroutines.JobSupport.makeCancelling(JobSupport.kt:755)
12-07 08:28:29.001 27762 27762 W System.err: 	at kotlinx.coroutines.JobSupport.cancelImpl$kotlinx_coroutines_core(JobSupport.kt:671)
12-07 08:28:29.001 27762 27762 W System.err: 	at kotlinx.coroutines.JobSupport.parentCancelled(JobSupport.kt:637)
12-07 08:28:29.001 27762 27762 W System.err: 	at kotlinx.coroutines.ChildHandleNode.invoke(JobSupport.kt:1465)
12-07 08:28:29.001 27762 27762 W System.err: 	at kotlinx.coroutines.JobSupport.notifyCancelling(JobSupport.kt:1499)
12-07 08:28:29.001 27762 27762 W System.err: 	at kotlinx.coroutines.JobSupport.tryMakeCompletingSlowPath(JobSupport.kt:900)
12-07 08:28:29.001 27762 27762 W System.err: 	at kotlinx.coroutines.JobSupport.tryMakeCompleting(JobSupport.kt:863)
12-07 08:28:29.001 27762 27762 W System.err: 	at kotlinx.coroutines.JobSupport.cancelMakeCompleting(JobSupport.kt:696)
12-07 08:28:29.001 27762 27762 W System.err: 	at kotlinx.coroutines.JobSupport.cancelImpl$kotlinx_coroutines_core(JobSupport.kt:667)
12-07 08:28:29.001 27762 27762 W System.err: 	at kotlinx.coroutines.JobSupport.cancelInternal(JobSupport.kt:632)
12-07 08:28:29.001 27762 27762 W System.err: 	at kotlinx.coroutines.JobSupport.cancel(JobSupport.kt:617)
12-07 08:28:29.002 27762 27762 W System.err: 	at kotlinx.coroutines.JobKt__JobKt.cancel(Job.kt:561)
12-07 08:28:29.002 27762 27762 W System.err: 	at kotlinx.coroutines.JobKt.cancel(Unknown Source:1)
12-07 08:28:29.002 27762 27762 W System.err: 	at kotlinx.coroutines.JobKt__JobKt.cancel$default(Job.kt:560)
12-07 08:28:29.002  1776  1825 D gralloc_ranchu: gralloc_alloc: Creating ashmem region of size 10108928
12-07 08:28:29.002 27762 27762 W System.err: 	at kotlinx.coroutines.JobKt.cancel$default(Unknown Source:1)
12-07 08:28:29.002 27762 27762 W System.err: 	at androidx.lifecycle.CloseableCoroutineScope.close(ViewModel.kt:51)
12-07 08:28:29.002 27762 27762 W System.err: 	at androidx.lifecycle.ViewModel.closeWithRuntimeException(ViewModel.java:188)
12-07 08:28:29.002 27762 27762 W System.err: 	at androidx.lifecycle.ViewModel.clear(ViewModel.java:134)
12-07 08:28:29.002 27762 27762 W System.err: 	at androidx.lifecycle.ViewModelStore.clear(ViewModelStore.java:62)
12-07 08:28:29.002 27762 27762 W System.err: 	at androidx.fragment.app.FragmentManagerViewModel.clearNonConfigStateInternal(FragmentManagerViewModel.java:210)
12-07 08:28:29.002 27762 27762 W System.err: 	at androidx.fragment.app.FragmentManagerViewModel.clearNonConfigState(FragmentManagerViewModel.java:190)
12-07 08:28:29.002 27762 27762 W System.err: 	at androidx.fragment.app.FragmentStateManager.destroy(FragmentStateManager.java:778)
12-07 08:28:29.002 27762 27762 W System.err: 	at androidx.fragment.app.FragmentStateManager.moveToExpectedState(FragmentStateManager.java:335)
12-07 08:28:29.002 27762 27762 W System.err: 	at androidx.fragment.app.FragmentStore.moveToExpectedState(FragmentStore.java:121)
12-07 08:28:29.002 27762 27762 W System.err: 	at androidx.fragment.app.FragmentManager.moveToState(FragmentManager.java:1374)
12-07 08:28:29.002 27762 27762 W System.err: 	at androidx.fragment.app.FragmentManager.dispatchStateChange(FragmentManager.java:2841)
12-07 08:28:29.002 27762 27762 W System.err: 	at androidx.fragment.app.FragmentManager.dispatchDestroy(FragmentManager.java:2820)
12-07 08:28:29.002 27762 27762 W System.err: 	at androidx.fragment.app.Fragment.performDestroy(Fragment.java:3246)
12-07 08:28:29.002 27762 27762 W System.err: 	at androidx.fragment.app.FragmentStateManager.destroy(FragmentStateManager.java:780)
12-07 08:28:29.002 27762 27762 W System.err: 	at androidx.fragment.app.FragmentStateManager.moveToExpectedState(FragmentStateManager.java:335)
12-07 08:28:29.002 27762 27762 W System.err: 	at androidx.fragment.app.SpecialEffectsController$FragmentStateManagerOperation.complete(SpecialEffectsController.java:771)
12-07 08:28:29.002 27762 27762 W System.err: 	at androidx.fragment.app.SpecialEffectsController$Operation.cancel(SpecialEffectsController.java:615)
12-07 08:28:29.003 27762 27762 W System.err: 	at androidx.fragment.app.SpecialEffectsController.forceCompleteAllOperations(SpecialEffectsController.java:350)
12-07 08:28:29.003 27762 27762 W System.err: 	at androidx.fragment.app.FragmentManager.dispatchStateChange(FragmentManager.java:2844)
12-07 08:28:29.003 27762 27762 W System.err: 	at androidx.fragment.app.FragmentManager.dispatchDestroy(FragmentManager.java:2820)
12-07 08:28:29.003 27762 27762 W System.err: 	at androidx.fragment.app.FragmentController.dispatchDestroy(FragmentController.java:345)
12-07 08:28:29.003 27762 27762 W System.err: 	at androidx.fragment.app.FragmentActivity.onDestroy(FragmentActivity.java:306)
12-07 08:28:29.003 27762 27762 W System.err: 	at androidx.appcompat.app.AppCompatActivity.onDestroy(AppCompatActivity.java:278)
12-07 08:28:29.003 27762 27762 W System.err: 	at android.app.Activity.performDestroy(Activity.java:8048)
12-07 08:28:29.003 27762 27762 W System.err: 	at android.app.Instrumentation.callActivityOnDestroy(Instrumentation.java:1334)
12-07 08:28:29.004 27762 27762 W System.err: 	at androidx.test.runner.MonitoringInstrumentation.callActivityOnDestroy(MonitoringInstrumentation.java:766)
12-07 08:28:29.004 27762 27762 W System.err: 	at android.app.ActivityThread.performDestroyActivity(ActivityThread.java:4926)
12-07 08:28:29.004 27762 27762 W System.err: 	at android.app.ActivityThread.handleDestroyActivity(ActivityThread.java:4970)
12-07 08:28:29.004 27762 27762 W System.err: 	at android.app.servertransaction.DestroyActivityItem.execute(DestroyActivityItem.java:44)
12-07 08:28:29.004  2873 27904 V FA-SVC  : Background event processing time, ms: 154
12-07 08:28:29.004 27762 27762 W System.err: 	at android.app.servertransaction.TransactionExecutor.executeLifecycleState(TransactionExecutor.java:176)
12-07 08:28:29.005 27762 27762 W System.err: 	at android.app.servertransaction.TransactionExecutor.execute(TransactionExecutor.java:97)
12-07 08:28:29.005 27762 27762 W System.err: 	at android.app.ActivityThread$H.handleMessage(ActivityThread.java:2016)
12-07 08:28:29.005 27762 27762 W System.err: 	at android.os.Handler.dispatchMessage(Handler.java:107)
12-07 08:28:29.005 27762 27762 W System.err: 	at android.os.Looper.loop(Looper.java:214)
12-07 08:28:29.005 27762 27762 W System.err: 	at android.app.ActivityThread.main(ActivityThread.java:7356)
12-07 08:28:29.005 27762 27762 W System.err: 	at java.lang.reflect.Method.invoke(Native Method)
12-07 08:28:29.005 27762 27762 W System.err: 	at com.android.internal.os.RuntimeInit$MethodAndArgsCaller.run(RuntimeInit.java:492)
12-07 08:28:29.005 27762 27762 W System.err: 	at com.android.internal.os.ZygoteInit.main(ZygoteInit.java:930)
12-07 08:28:29.009  1776  1825 D gralloc_ranchu: gralloc_alloc: Creating ashmem region of size 10108928
12-07 08:28:29.009  2962  3510 D EGL_emulation: eglMakeCurrent: 0xe597d120: ver 2 0 (tinfo 0xbffb2540)
12-07 08:28:29.023  1776  1825 D gralloc_ranchu: gralloc_alloc: Creating ashmem region of size 10108928
12-07 08:28:29.042 27762 27762 W System.err: ru.iteco.fmhandroid.exceptions.UnknownException
12-07 08:28:29.043 27762 27762 W System.err: 	at ru.iteco.fmhandroid.utils.Utils.makeRequest(Utils.kt:123)
12-07 08:28:29.043 27762 27762 W System.err: 	at ru.iteco.fmhandroid.utils.Utils$makeRequest$1.invokeSuspend(Unknown Source:15)
12-07 08:28:29.043 27762 27762 W System.err: 	at kotlin.coroutines.jvm.internal.BaseContinuationImpl.resumeWith(ContinuationImpl.kt:33)
12-07 08:28:29.044 27762 27762 W System.err: 	at kotlinx.coroutines.DispatchedTaskKt.resume(DispatchedTask.kt:234)
12-07 08:28:29.044 27762 27762 W System.err: 	at kotlinx.coroutines.DispatchedTaskKt.resumeUnconfined(DispatchedTask.kt:190)
12-07 08:28:29.044 27762 27762 W System.err: 	at kotlinx.coroutines.DispatchedTaskKt.dispatch(DispatchedTask.kt:161)
12-07 08:28:29.044 27762 27762 W System.err: 	at kotlinx.coroutines.CancellableContinuationImpl.dispatchResume(CancellableContinuationImpl.kt:397)
12-07 08:28:29.044 27762 27762 W System.err: 	at kotlinx.coroutines.CancellableContinuationImpl.cancel(CancellableContinuationImpl.kt:183)
12-07 08:28:29.044 27762 27762 W System.err: 	at kotlinx.coroutines.CancellableContinuationImpl.parentCancelled$kotlinx_coroutines_core(CancellableContinuationImpl.kt:190)
12-07 08:28:29.044 27762 27762 W System.err: 	at kotlinx.coroutines.ChildContinuation.invoke(JobSupport.kt:1474)
12-07 08:28:29.044 27762 27762 W System.err: 	at kotlinx.coroutines.JobSupport.notifyCancelling(JobSupport.kt:1499)
12-07 08:28:29.044 27762 27762 W System.err: 	at kotlinx.coroutines.JobSupport.tryMakeCancelling(JobSupport.kt:795)
12-07 08:28:29.045 27762 27762 W System.err: 	at kotlinx.coroutines.JobSupport.makeCancelling(JobSupport.kt:755)
12-07 08:28:29.045 27762 27762 W System.err: 	at kotlinx.coroutines.JobSupport.cancelImpl$kotlinx_coroutines_core(JobSupport.kt:671)
12-07 08:28:29.045 27762 27762 W System.err: 	at kotlinx.coroutines.JobSupport.parentCancelled(JobSupport.kt:637)
12-07 08:28:29.045 27762 27762 W System.err: 	at kotlinx.coroutines.ChildHandleNode.invoke(JobSupport.kt:1465)
12-07 08:28:29.045 27762 27762 W System.err: 	at kotlinx.coroutines.JobSupport.notifyCancelling(JobSupport.kt:1499)
12-07 08:28:29.048 27762 27762 W System.err: 	at kotlinx.coroutines.JobSupport.tryMakeCompletingSlowPath(JobSupport.kt:900)
12-07 08:28:29.048 27762 27762 W System.err: 	at kotlinx.coroutines.JobSupport.tryMakeCompleting(JobSupport.kt:863)
12-07 08:28:29.048 27762 27762 W System.err: 	at kotlinx.coroutines.JobSupport.cancelMakeCompleting(JobSupport.kt:696)
12-07 08:28:29.048 27762 27762 W System.err: 	at kotlinx.coroutines.JobSupport.cancelImpl$kotlinx_coroutines_core(JobSupport.kt:667)
12-07 08:28:29.049 27762 27762 W System.err: 	at kotlinx.coroutines.JobSupport.cancelInternal(JobSupport.kt:632)
12-07 08:28:29.049 27762 27762 W System.err: 	at kotlinx.coroutines.JobSupport.cancel(JobSupport.kt:617)
12-07 08:28:29.049 27762 27762 W System.err: 	at kotlinx.coroutines.JobKt__JobKt.cancel(Job.kt:561)
12-07 08:28:29.049 27762 27762 W System.err: 	at kotlinx.coroutines.JobKt.cancel(Unknown Source:1)
12-07 08:28:29.049 27762 27762 W System.err: 	at kotlinx.coroutines.JobKt__JobKt.cancel$default(Job.kt:560)
12-07 08:28:29.049 27762 27762 W System.err: 	at kotlinx.coroutines.JobKt.cancel$default(Unknown Source:1)
12-07 08:28:29.049 27762 27762 W System.err: 	at androidx.lifecycle.CloseableCoroutineScope.close(ViewModel.kt:51)
12-07 08:28:29.049 27762 27762 W System.err: 	at androidx.lifecycle.ViewModel.closeWithRuntimeException(ViewModel.java:188)
12-07 08:28:29.049 27762 27762 W System.err: 	at androidx.lifecycle.ViewModel.clear(ViewModel.java:134)
12-07 08:28:29.049 27762 27762 W System.err: 	at androidx.lifecycle.ViewModelStore.clear(ViewModelStore.java:62)
12-07 08:28:29.050 27762 27762 W System.err: 	at androidx.fragment.app.FragmentManagerViewModel.clearNonConfigStateInternal(FragmentManagerViewModel.java:210)
12-07 08:28:29.050 27762 27762 W System.err: 	at androidx.fragment.app.FragmentManagerViewModel.clearNonConfigState(FragmentManagerViewModel.java:190)
12-07 08:28:29.050 27762 27762 W System.err: 	at androidx.fragment.app.FragmentStateManager.destroy(FragmentStateManager.java:778)
12-07 08:28:29.050 27762 27762 W System.err: 	at androidx.fragment.app.FragmentStateManager.moveToExpectedState(FragmentStateManager.java:335)
12-07 08:28:29.050 27762 27762 W System.err: 	at androidx.fragment.app.FragmentStore.moveToExpectedState(FragmentStore.java:121)
12-07 08:28:29.050 27762 27762 W System.err: 	at androidx.fragment.app.FragmentManager.moveToState(FragmentManager.java:1374)
12-07 08:28:29.051 27762 27762 W System.err: 	at androidx.fragment.app.FragmentManager.dispatchStateChange(FragmentManager.java:2841)
12-07 08:28:29.051 27762 27762 W System.err: 	at androidx.fragment.app.FragmentManager.dispatchDestroy(FragmentManager.java:2820)
12-07 08:28:29.051  1776  1825 D gralloc_ranchu: gralloc_alloc: Creating ashmem region of size 10108928
12-07 08:28:29.051 27762 27762 W System.err: 	at androidx.fragment.app.Fragment.performDestroy(Fragment.java:3246)
12-07 08:28:29.052 27762 27762 W System.err: 	at androidx.fragment.app.FragmentStateManager.destroy(FragmentStateManager.java:780)
12-07 08:28:29.053 27762 27762 W System.err: 	at androidx.fragment.app.FragmentStateManager.moveToExpectedState(FragmentStateManager.java:335)
12-07 08:28:29.053 27762 27762 W System.err: 	at androidx.fragment.app.SpecialEffectsController$FragmentStateManagerOperation.complete(SpecialEffectsController.java:771)
12-07 08:28:29.053 27762 27762 W System.err: 	at androidx.fragment.app.SpecialEffectsController$Operation.cancel(SpecialEffectsController.java:615)
12-07 08:28:29.053 27762 27762 W System.err: 	at androidx.fragment.app.SpecialEffectsController.forceCompleteAllOperations(SpecialEffectsController.java:350)
12-07 08:28:29.053 27762 27762 W System.err: 	at androidx.fragment.app.FragmentManager.dispatchStateChange(FragmentManager.java:2844)
12-07 08:28:29.054 27762 27762 W System.err: 	at androidx.fragment.app.FragmentManager.dispatchDestroy(FragmentManager.java:2820)
12-07 08:28:29.054 27762 27762 W System.err: 	at androidx.fragment.app.FragmentController.dispatchDestroy(FragmentController.java:345)
12-07 08:28:29.054 27762 27762 W System.err: 	at androidx.fragment.app.FragmentActivity.onDestroy(FragmentActivity.java:306)
12-07 08:28:29.054 27762 27762 W System.err: 	at androidx.appcompat.app.AppCompatActivity.onDestroy(AppCompatActivity.java:278)
12-07 08:28:29.054 27762 27762 W System.err: 	at android.app.Activity.performDestroy(Activity.java:8048)
12-07 08:28:29.054 27762 27762 W System.err: 	at android.app.Instrumentation.callActivityOnDestroy(Instrumentation.java:1334)
12-07 08:28:29.055 27762 27762 W System.err: 	at androidx.test.runner.MonitoringInstrumentation.callActivityOnDestroy(MonitoringInstrumentation.java:766)
12-07 08:28:29.055 27762 27762 W System.err: 	at android.app.ActivityThread.performDestroyActivity(ActivityThread.java:4926)
12-07 08:28:29.055 27762 27762 W System.err: 	at android.app.ActivityThread.handleDestroyActivity(ActivityThread.java:4970)
12-07 08:28:29.055 27762 27762 W System.err: 	at android.app.servertransaction.DestroyActivityItem.execute(DestroyActivityItem.java:44)
12-07 08:28:29.055 27762 27762 W System.err: 	at android.app.servertransaction.TransactionExecutor.executeLifecycleState(TransactionExecutor.java:176)
12-07 08:28:29.055 27762 27762 W System.err: 	at android.app.servertransaction.TransactionExecutor.execute(TransactionExecutor.java:97)
12-07 08:28:29.055 27762 27762 W System.err: 	at android.app.ActivityThread$H.handleMessage(ActivityThread.java:2016)
12-07 08:28:29.056 27762 27762 W System.err: 	at android.os.Handler.dispatchMessage(Handler.java:107)
12-07 08:28:29.056 27762 27762 W System.err: 	at android.os.Looper.loop(Looper.java:214)
12-07 08:28:29.056 27762 27762 W System.err: 	at android.app.ActivityThread.main(ActivityThread.java:7356)
12-07 08:28:29.056 27762 27762 W System.err: 	at java.lang.reflect.Method.invoke(Native Method)
12-07 08:28:29.056 27762 27762 W System.err: 	at com.android.internal.os.RuntimeInit$MethodAndArgsCaller.run(RuntimeInit.java:492)
12-07 08:28:29.056 27762 27762 W System.err: 	at com.android.internal.os.ZygoteInit.main(ZygoteInit.java:930)
12-07 08:28:29.058 27762 27762 W System.err: ru.iteco.fmhandroid.exceptions.UnknownException
12-07 08:28:29.058 27762 27762 W System.err: 	at ru.iteco.fmhandroid.utils.Utils.makeRequest(Utils.kt:123)
12-07 08:28:29.058 27762 27762 W System.err: 	at ru.iteco.fmhandroid.utils.Utils$makeRequest$1.invokeSuspend(Unknown Source:15)
12-07 08:28:29.058 27762 27762 W System.err: 	at kotlin.coroutines.jvm.internal.BaseContinuationImpl.resumeWith(ContinuationImpl.kt:33)
12-07 08:28:29.058 27762 27762 W System.err: 	at kotlinx.coroutines.DispatchedTaskKt.resume(DispatchedTask.kt:234)
12-07 08:28:29.059 27762 27762 W System.err: 	at kotlinx.coroutines.DispatchedTaskKt.resumeUnconfined(DispatchedTask.kt:190)
12-07 08:28:29.059 27762 27762 W System.err: 	at kotlinx.coroutines.DispatchedTaskKt.dispatch(DispatchedTask.kt:161)
12-07 08:28:29.059 27762 27762 W System.err: 	at kotlinx.coroutines.CancellableContinuationImpl.dispatchResume(CancellableContinuationImpl.kt:397)
12-07 08:28:29.059 27762 27762 W System.err: 	at kotlinx.coroutines.CancellableContinuationImpl.cancel(CancellableContinuationImpl.kt:183)
12-07 08:28:29.059 27762 27762 W System.err: 	at kotlinx.coroutines.CancellableContinuationImpl.parentCancelled$kotlinx_coroutines_core(CancellableContinuationImpl.kt:190)
12-07 08:28:29.060 27762 27762 W System.err: 	at kotlinx.coroutines.ChildContinuation.invoke(JobSupport.kt:1474)
12-07 08:28:29.060 27762 27762 W System.err: 	at kotlinx.coroutines.JobSupport.notifyCancelling(JobSupport.kt:1499)
12-07 08:28:29.060 27762 27762 W System.err: 	at kotlinx.coroutines.JobSupport.tryMakeCancelling(JobSupport.kt:795)
12-07 08:28:29.060 27762 27762 W System.err: 	at kotlinx.coroutines.JobSupport.makeCancelling(JobSupport.kt:755)
12-07 08:28:29.060 27762 27762 W System.err: 	at kotlinx.coroutines.JobSupport.cancelImpl$kotlinx_coroutines_core(JobSupport.kt:671)
12-07 08:28:29.060 27762 27762 W System.err: 	at kotlinx.coroutines.JobSupport.parentCancelled(JobSupport.kt:637)
12-07 08:28:29.061 27762 27762 W System.err: 	at kotlinx.coroutines.ChildHandleNode.invoke(JobSupport.kt:1465)
12-07 08:28:29.061 27762 27762 W System.err: 	at kotlinx.coroutines.JobSupport.notifyCancelling(JobSupport.kt:1499)
12-07 08:28:29.062  2018  2018 W ActivityManager: Unable to start service Intent { act=android.service.appprediction.AppPredictionService cmp=com.google.android.as/com.google.android.apps.miphone.aiai.app.AiAiPredictionService } U=0: not found
12-07 08:28:29.062  2018  2018 W RemoteAppPredictionService: could not bind to Intent { act=android.service.appprediction.AppPredictionService cmp=com.google.android.as/com.google.android.apps.miphone.aiai.app.AiAiPredictionService } using flags 67108865
12-07 08:28:29.066 27762 27762 W System.err: 	at kotlinx.coroutines.JobSupport.tryMakeCompletingSlowPath(JobSupport.kt:900)
12-07 08:28:29.066 27762 27762 W System.err: 	at kotlinx.coroutines.JobSupport.tryMakeCompleting(JobSupport.kt:863)
12-07 08:28:29.066 27762 27762 W System.err: 	at kotlinx.coroutines.JobSupport.cancelMakeCompleting(JobSupport.kt:696)
12-07 08:28:29.066 27762 27762 W System.err: 	at kotlinx.coroutines.JobSupport.cancelImpl$kotlinx_coroutines_core(JobSupport.kt:667)
12-07 08:28:29.067 27762 27762 W System.err: 	at kotlinx.coroutines.JobSupport.cancelInternal(JobSupport.kt:632)
12-07 08:28:29.067 27762 27762 W System.err: 	at kotlinx.coroutines.JobSupport.cancel(JobSupport.kt:617)
12-07 08:28:29.067 27762 27762 W System.err: 	at kotlinx.coroutines.JobKt__JobKt.cancel(Job.kt:561)
12-07 08:28:29.068 27762 27762 W System.err: 	at kotlinx.coroutines.JobKt.cancel(Unknown Source:1)
12-07 08:28:29.068 27762 27762 W System.err: 	at kotlinx.coroutines.JobKt__JobKt.cancel$default(Job.kt:560)
12-07 08:28:29.068 27762 27762 W System.err: 	at kotlinx.coroutines.JobKt.cancel$default(Unknown Source:1)
12-07 08:28:29.068 27762 27762 W System.err: 	at androidx.lifecycle.CloseableCoroutineScope.close(ViewModel.kt:51)
12-07 08:28:29.068 27762 27762 W System.err: 	at androidx.lifecycle.ViewModel.closeWithRuntimeException(ViewModel.java:188)
12-07 08:28:29.068 27762 27762 W System.err: 	at androidx.lifecycle.ViewModel.clear(ViewModel.java:134)
12-07 08:28:29.068 27762 27762 W System.err: 	at androidx.lifecycle.ViewModelStore.clear(ViewModelStore.java:62)
12-07 08:28:29.068 27762 27762 W System.err: 	at androidx.fragment.app.FragmentManagerViewModel.clearNonConfigStateInternal(FragmentManagerViewModel.java:210)
12-07 08:28:29.068 27762 27762 W System.err: 	at androidx.fragment.app.FragmentManagerViewModel.clearNonConfigState(FragmentManagerViewModel.java:190)
12-07 08:28:29.068 27762 27762 W System.err: 	at androidx.fragment.app.FragmentStateManager.destroy(FragmentStateManager.java:778)
12-07 08:28:29.068 27762 27762 W System.err: 	at androidx.fragment.app.FragmentStateManager.moveToExpectedState(FragmentStateManager.java:335)
12-07 08:28:29.068 27762 27762 W System.err: 	at androidx.fragment.app.FragmentStore.moveToExpectedState(FragmentStore.java:121)
12-07 08:28:29.068 27762 27762 W System.err: 	at androidx.fragment.app.FragmentManager.moveToState(FragmentManager.java:1374)
12-07 08:28:29.069 27762 27762 W System.err: 	at androidx.fragment.app.FragmentManager.dispatchStateChange(FragmentManager.java:2841)
12-07 08:28:29.069 27762 27762 W System.err: 	at androidx.fragment.app.FragmentManager.dispatchDestroy(FragmentManager.java:2820)
12-07 08:28:29.069 27762 27762 W System.err: 	at androidx.fragment.app.Fragment.performDestroy(Fragment.java:3246)
12-07 08:28:29.069 27762 27762 W System.err: 	at androidx.fragment.app.FragmentStateManager.destroy(FragmentStateManager.java:780)
12-07 08:28:29.069 27762 27762 W System.err: 	at androidx.fragment.app.FragmentStateManager.moveToExpectedState(FragmentStateManager.java:335)
12-07 08:28:29.069 27762 27762 W System.err: 	at androidx.fragment.app.SpecialEffectsController$FragmentStateManagerOperation.complete(SpecialEffectsController.java:771)
12-07 08:28:29.069 27762 27762 W System.err: 	at androidx.fragment.app.SpecialEffectsController$Operation.cancel(SpecialEffectsController.java:615)
12-07 08:28:29.069 27762 27762 W System.err: 	at androidx.fragment.app.SpecialEffectsController.forceCompleteAllOperations(SpecialEffectsController.java:350)
12-07 08:28:29.070 27762 27762 W System.err: 	at androidx.fragment.app.FragmentManager.dispatchStateChange(FragmentManager.java:2844)
12-07 08:28:29.070 27762 27762 W System.err: 	at androidx.fragment.app.FragmentManager.dispatchDestroy(FragmentManager.java:2820)
12-07 08:28:29.070 27762 27762 W System.err: 	at androidx.fragment.app.FragmentController.dispatchDestroy(FragmentController.java:345)
12-07 08:28:29.070 27762 27762 W System.err: 	at androidx.fragment.app.FragmentActivity.onDestroy(FragmentActivity.java:306)
12-07 08:28:29.070 27762 27762 W System.err: 	at androidx.appcompat.app.AppCompatActivity.onDestroy(AppCompatActivity.java:278)
12-07 08:28:29.070 27762 27762 W System.err: 	at android.app.Activity.performDestroy(Activity.java:8048)
12-07 08:28:29.070 27762 27762 W System.err: 	at android.app.Instrumentation.callActivityOnDestroy(Instrumentation.java:1334)
12-07 08:28:29.071 27762 27762 W System.err: 	at androidx.test.runner.MonitoringInstrumentation.callActivityOnDestroy(MonitoringInstrumentation.java:766)
12-07 08:28:29.071 27762 27762 W System.err: 	at android.app.ActivityThread.performDestroyActivity(ActivityThread.java:4926)
12-07 08:28:29.071 27762 27762 W System.err: 	at android.app.ActivityThread.handleDestroyActivity(ActivityThread.java:4970)
12-07 08:28:29.071 27762 27762 W System.err: 	at android.app.servertransaction.DestroyActivityItem.execute(DestroyActivityItem.java:44)
12-07 08:28:29.076 12448 12488 D EGL_emulation: eglMakeCurrent: 0xe594d140: ver 2 0 (tinfo 0xc539bd10)
12-07 08:28:29.077 27762 27762 W System.err: 	at android.app.servertransaction.TransactionExecutor.executeLifecycleState(TransactionExecutor.java:176)
12-07 08:28:29.079 27762 27762 W System.err: 	at android.app.servertransaction.TransactionExecutor.execute(TransactionExecutor.java:97)
12-07 08:28:29.080 27762 27762 W System.err: 	at android.app.ActivityThread$H.handleMessage(ActivityThread.java:2016)
12-07 08:28:29.080 27762 27762 W System.err: 	at android.os.Handler.dispatchMessage(Handler.java:107)
12-07 08:28:29.081 27762 27762 W System.err: 	at android.os.Looper.loop(Looper.java:214)
12-07 08:28:29.081 27762 27762 W System.err: 	at android.app.ActivityThread.main(ActivityThread.java:7356)
12-07 08:28:29.081 27762 27762 W System.err: 	at java.lang.reflect.Method.invoke(Native Method)
12-07 08:28:29.081 27762 27762 W System.err: 	at com.android.internal.os.RuntimeInit$MethodAndArgsCaller.run(RuntimeInit.java:492)
12-07 08:28:29.081 27762 27762 W System.err: 	at com.android.internal.os.ZygoteInit.main(ZygoteInit.java:930)
12-07 08:28:29.145 27762 27762 D LifecycleMonitor: Lifecycle status change: ru.iteco.fmhandroid.ui.AppActivity@75dc98f in: DESTROYED
12-07 08:28:29.146 27762 27762 V ActivityScenario: Update currentActivityStage to DESTROYED, currentActivity=null
12-07 08:28:29.168  2962  2962 W ThreadPoolDumper: Queue length for executor EventBus is now 11. Perhaps some tasks are too long, or the pool is too small.
12-07 08:28:29.197  2018  2054 W InputReader: Device has associated, but no associated display id.
12-07 08:28:29.198  2018  2054 I chatty  : uid=1000(system) android.anim identical 8 lines
12-07 08:28:29.198  2018  2054 W InputReader: Device has associated, but no associated display id.
12-07 08:28:29.202  2170  2566 D EGL_emulation: eglMakeCurrent: 0xe594e040: ver 2 0 (tinfo 0xc52450c0)
12-07 08:28:29.207  1776  1825 D gralloc_ranchu: gralloc_alloc: Creating ashmem region of size 6471680
12-07 08:28:29.236  2170  2566 D EGL_emulation: eglMakeCurrent: 0xe594e040: ver 2 0 (tinfo 0xc52450c0)
12-07 08:28:29.253  2170  2566 D EGL_emulation: eglMakeCurrent: 0xe594e040: ver 2 0 (tinfo 0xc52450c0)
12-07 08:28:29.263  2656 27651 E SQLiteDatabase: Error inserting flex_time=607000 job_id=-1 period=1216000 source=16 requires_charging=0 preferred_network_type=1 target_class=com.google.android.gms.measurement.PackageMeasurementTaskService user_id=0 target_package=com.google.android.gms tag=Measurement.PackageMeasurementTaskService.UPLOAD_TASK_TAG task_type=0 required_idleness_state=0 service_kind=0 source_version=202414000 persistence_level=1 preferred_charging_state=1 required_network_type=0 runtime=1670419709203 retry_strategy={"maximum_backoff_seconds":{"3600":0},"initial_backoff_seconds":{"30":0},"retry_policy":{"0":0}} last_runtime=0
12-07 08:28:29.263  2656 27651 E SQLiteDatabase: android.database.sqlite.SQLiteConstraintException: UNIQUE constraint failed: pending_ops.tag, pending_ops.target_class, pending_ops.target_package, pending_ops.user_id (code 2067 SQLITE_CONSTRAINT_UNIQUE)
12-07 08:28:29.263  2656 27651 E SQLiteDatabase: 	at android.database.sqlite.SQLiteConnection.nativeExecuteForLastInsertedRowId(Native Method)
12-07 08:28:29.263  2656 27651 E SQLiteDatabase: 	at android.database.sqlite.SQLiteConnection.executeForLastInsertedRowId(SQLiteConnection.java:879)
12-07 08:28:29.263  2656 27651 E SQLiteDatabase: 	at android.database.sqlite.SQLiteSession.executeForLastInsertedRowId(SQLiteSession.java:790)
12-07 08:28:29.263  2656 27651 E SQLiteDatabase: 	at android.database.sqlite.SQLiteStatement.executeInsert(SQLiteStatement.java:88)
12-07 08:28:29.263  2656 27651 E SQLiteDatabase: 	at android.database.sqlite.SQLiteDatabase.insertWithOnConflict(SQLiteDatabase.java:1599)
12-07 08:28:29.263  2656 27651 E SQLiteDatabase: 	at android.database.sqlite.SQLiteDatabase.insert(SQLiteDatabase.java:1468)
12-07 08:28:29.263  2656 27651 E SQLiteDatabase: 	at aqui.a(:com.google.android.gms@202414022@20.24.14 (040700-319035315):175)
12-07 08:28:29.263  2656 27651 E SQLiteDatabase: 	at aqtk.a(:com.google.android.gms@202414022@20.24.14 (040700-319035315):182)
12-07 08:28:29.263  2656 27651 E SQLiteDatabase: 	at aqtk.a(:com.google.android.gms@202414022@20.24.14 (040700-319035315):23)
12-07 08:28:29.263  2656 27651 E SQLiteDatabase: 	at aqtk.a(:com.google.android.gms@202414022@20.24.14 (040700-319035315):177)
12-07 08:28:29.263  2656 27651 E SQLiteDatabase: 	at aqpu.run(:com.google.android.gms@202414022@20.24.14 (040700-319035315):9)
12-07 08:28:29.263  2656 27651 E SQLiteDatabase: 	at soy.b(:com.google.android.gms@202414022@20.24.14 (040700-319035315):12)
12-07 08:28:29.263  2656 27651 E SQLiteDatabase: 	at soy.run(:com.google.android.gms@202414022@20.24.14 (040700-319035315):7)
12-07 08:28:29.263  2656 27651 E SQLiteDatabase: 	at java.util.concurrent.ThreadPoolExecutor.runWorker(ThreadPoolExecutor.java:1167)
12-07 08:28:29.263  2656 27651 E SQLiteDatabase: 	at java.util.concurrent.ThreadPoolExecutor$Worker.run(ThreadPoolExecutor.java:641)
