12-08 10:10:08.528  9674  9674 D LifecycleMonitor: Lifecycle status change: ru.iteco.fmhandroid.ui.AppActivity@526e34b in: DESTROYED
12-08 10:10:08.528  9674  9674 V ActivityScenario: Update currentActivityStage to DESTROYED, currentActivity=null
12-08 10:10:08.575  1776  1927 D gralloc_ranchu: gralloc_alloc: Creating ashmem region of size 10108928
12-08 10:10:08.605  8344  8376 D EGL_emulation: eglMakeCurrent: 0xe59ed1c0: ver 2 0 (tinfo 0xe59d9f10)
12-08 10:10:08.646  1776  1927 D gralloc_ranchu: gralloc_alloc: Creating ashmem region of size 10108928
12-08 10:10:08.709  9674  9718 E TestRunner: failed: shouldFilterClaimsWithStatusOpenAndOpenAndCanceled(ru.iteco.fmhandroid.ui.FilterClaimsPageTest)
12-08 10:10:08.709  9674  9718 E TestRunner: ----- begin exception -----
12-08 10:10:08.711  9674  9718 E TestRunner: androidx.test.espresso.PerformException: Error performing 'scroll RecyclerView to: holder with view: (view is an instance of android.view.ViewGroup and has descendant matching an instance of android.widget.TextView and view.getText() with or without transformation to match: is "Заголовок 4d7a3107-b5a1-4d8a-968b-4ae999e4058a")' on view 'view.getId() is <2131230916/ru.iteco.fmhandroid:id/claim_list_recycler_view>'.
12-08 10:10:08.711  9674  9718 E TestRunner: 	at androidx.test.espresso.PerformException$Builder.build(PerformException.java:1)
12-08 10:10:08.711  9674  9718 E TestRunner: 	at androidx.test.espresso.base.PerformExceptionHandler.handleSafely(PerformExceptionHandler.java:8)
12-08 10:10:08.711  9674  9718 E TestRunner: 	at androidx.test.espresso.base.PerformExceptionHandler.handleSafely(PerformExceptionHandler.java:9)
12-08 10:10:08.711  9674  9718 E TestRunner: 	at androidx.test.espresso.base.DefaultFailureHandler$TypedFailureHandler.handle(DefaultFailureHandler.java:4)
12-08 10:10:08.711  9674  9718 E TestRunner: 	at androidx.test.espresso.base.DefaultFailureHandler.handle(DefaultFailureHandler.java:5)
12-08 10:10:08.711  9674  9718 E TestRunner: 	at androidx.test.espresso.ViewInteraction.waitForAndHandleInteractionResults(ViewInteraction.java:8)
12-08 10:10:08.711  9674  9718 E TestRunner: 	at androidx.test.espresso.ViewInteraction.desugaredPerform(ViewInteraction.java:11)
12-08 10:10:08.711  9674  9718 E TestRunner: 	at androidx.test.espresso.ViewInteraction.perform(ViewInteraction.java:8)
12-08 10:10:08.711  9674  9718 E TestRunner: 	at ru.iteco.fmhandroid.ui.steps.ClaimsPageSteps.scrollToElementInRecyclerList(ClaimsPageSteps.java:127)
12-08 10:10:08.711  9674  9718 E TestRunner: 	at ru.iteco.fmhandroid.ui.steps.ClaimsPageSteps.openClaimCard(ClaimsPageSteps.java:150)
12-08 10:10:08.711  9674  9718 E TestRunner: 	at ru.iteco.fmhandroid.ui.steps.CreatingClaimsSteps.createClaim(CreatingClaimsSteps.java:118)
12-08 10:10:08.711  9674  9718 E TestRunner: 	at ru.iteco.fmhandroid.ui.steps.CreatingClaimsSteps.createClaims(CreatingClaimsSteps.java:131)
12-08 10:10:08.711  9674  9718 E TestRunner: 	at ru.iteco.fmhandroid.ui.FilterClaimsPageTest.shouldFilterClaimsWithStatusOpenAndOpenAndCanceled(FilterClaimsPageTest.java:274)
12-08 10:10:08.711  9674  9718 E TestRunner: 	at java.lang.reflect.Method.invoke(Native Method)
12-08 10:10:08.711  9674  9718 E TestRunner: 	at org.junit.runners.model.FrameworkMethod$1.runReflectiveCall(FrameworkMethod.java:59)
12-08 10:10:08.711  9674  9718 E TestRunner: 	at org.junit.internal.runners.model.ReflectiveCallable.run(ReflectiveCallable.java:12)
12-08 10:10:08.711  9674  9718 E TestRunner: 	at org.junit.runners.model.FrameworkMethod.invokeExplosively(FrameworkMethod.java:56)
12-08 10:10:08.711  9674  9718 E TestRunner: 	at org.junit.internal.runners.statements.InvokeMethod.evaluate(InvokeMethod.java:17)
12-08 10:10:08.711  9674  9718 E TestRunner: 	at androidx.test.internal.runner.junit4.statement.RunBefores.evaluate(RunBefores.java:80)
12-08 10:10:08.711  9674  9718 E TestRunner: 	at io.qameta.allure.android.rules.ScreenshotRule$apply$1.evaluate(ScreenshotRule.kt:22)
12-08 10:10:08.711  9674  9718 E TestRunner: 	at org.junit.rules.ExternalResource$1.evaluate(ExternalResource.java:54)
12-08 10:10:08.711  9674  9718 E TestRunner: 	at io.qameta.allure.android.rules.LogcatRule$apply$1.evaluate(LogcatRule.kt:23)
12-08 10:10:08.711  9674  9718 E TestRunner: 	at org.junit.rules.RunRules.evaluate(RunRules.java:20)
12-08 10:10:08.711  9674  9718 E TestRunner: 	at org.junit.runners.ParentRunner$3.evaluate(ParentRunner.java:306)
12-08 10:10:08.711  9674  9718 E TestRunner: 	at org.junit.runners.BlockJUnit4ClassRunner$1.evaluate(BlockJUnit4ClassRunner.java:100)
12-08 10:10:08.711  9674  9718 E TestRunner: 	at org.junit.runners.ParentRunner.runLeaf(ParentRunner.java:366)
12-08 10:10:08.711  9674  9718 E TestRunner: 	at org.junit.runners.BlockJUnit4ClassRunner.runChild(BlockJUnit4ClassRunner.java:103)
12-08 10:10:08.711  9674  9718 E TestRunner: 	at org.junit.runners.BlockJUnit4ClassRunner.runChild(BlockJUnit4ClassRunner.java:63)
12-08 10:10:08.711  9674  9718 E TestRunner: 	at org.junit.runners.ParentRunner$4.run(ParentRunner.java:331)
12-08 10:10:08.711  9674  9718 E TestRunner: 	at org.junit.runners.ParentRunner$1.schedule(ParentRunner.java:79)
12-08 10:10:08.711  9674  9718 E TestRunner: 	at org.junit.runners.ParentRunner.runChildren(ParentRunner.java:329)
12-08 10:10:08.711  9674  9718 E TestRunner: 	at org.junit.runners.ParentRunner.access$100(ParentRunner.java:66)
12-08 10:10:08.711  9674  9718 E TestRunner: 	at org.junit.runners.ParentRunner$2.evaluate(ParentRunner.java:293)
12-08 10:10:08.711  9674  9718 E TestRunner: 	at org.junit.runners.ParentRunner$3.evaluate(ParentRunner.java:306)
12-08 10:10:08.711  9674  9718 E TestRunner: 	at org.junit.runners.ParentRunner.run(ParentRunner.java:413)
12-08 10:10:08.711  9674  9718 E TestRunner: 	at androidx.test.ext.junit.runners.AndroidJUnit4.run(AndroidJUnit4.java:162)
12-08 10:10:08.711  9674  9718 E TestRunner: 	at io.qameta.allure.android.runners.AllureAndroidJUnit4.run(AllureAndroidJUnitRunners.kt:29)
12-08 10:10:08.711  9674  9718 E TestRunner: 	at org.junit.runners.Suite.runChild(Suite.java:128)
12-08 10:10:08.711  9674  9718 E TestRunner: 	at org.junit.runners.Suite.runChild(Suite.java:27)
12-08 10:10:08.711  9674  9718 E TestRunner: 	at org.junit.runners.ParentRunner$4.run(ParentRunner.java:331)
12-08 10:10:08.711  9674  9718 E TestRunner: 	at org.junit.runners.ParentRunner$1.schedule(ParentRunner.java:79)
12-08 10:10:08.711  9674  9718 E TestRunner: 	at org.junit.runners.ParentRunner.runChildren(ParentRunner.java:329)
12-08 10:10:08.711  9674  9718 E TestRunner: 	at org.junit.runners.ParentRunner.access$100(ParentRunner.java:66)
12-08 10:10:08.711  9674  9718 E TestRunner: 	at org.junit.runners.ParentRunner$2.evaluate(ParentRunner.java:293)
12-08 10:10:08.711  9674  9718 E TestRunner: 	at org.junit.runners.ParentRunner$3.evaluate(ParentRunner.java:306)
12-08 10:10:08.711  9674  9718 E TestRunner: 	at org.junit.runners
12-08 10:10:08.712  9674  9718 E TestRunner: ----- end exception -----
12-08 10:10:08.725  9674  9718 I TestRunner: finished: shouldFilterClaimsWithStatusOpenAndOpenAndCanceled(ru.iteco.fmhandroid.ui.FilterClaimsPageTest)
12-08 10:10:08.754  8437  8470 D EGL_emulation: eglCreateContext: 0xf0c7ee00: maj 2 min 0 rcv 2
12-08 10:10:08.756  8437  8470 D EGL_emulation: eglMakeCurrent: 0xf0c7ee00: ver 2 0 (tinfo 0xf0cc0670)
12-08 10:10:08.872  8437  8470 E chromium: [ERROR:gl_surface_egl.cc(342)] eglChooseConfig failed with error EGL_SUCCESS
12-08 10:10:08.876  1776  1927 D gralloc_ranchu: gralloc_alloc: Creating ashmem region of size 9256960
12-08 10:10:08.947  8437  8470 D EGL_emulation: eglCreateContext: 0xf0c7f9a0: maj 2 min 0 rcv 2
12-08 10:10:08.950  8437  8470 D EGL_emulation: eglMakeCurrent: 0xf0c7f9a0: ver 2 0 (tinfo 0xf0cc0670)
12-08 10:10:08.967  1776  1927 D gralloc_ranchu: gralloc_alloc: Creating ashmem region of size 10108928
12-08 10:10:09.004  8437  8470 D EGL_emulation: eglMakeCurrent: 0xf0c7ee00: ver 2 0 (tinfo 0xf0cc0670)
12-08 10:10:09.011  8437  8470 D EGL_emulation: eglMakeCurrent: 0xf0c7f9a0: ver 2 0 (tinfo 0xf0cc0670)
12-08 10:10:09.078  8437  8470 D EGL_emulation: eglMakeCurrent: 0xe59eb0c0: ver 2 0 (tinfo 0xf0cc0670)
12-08 10:10:09.117  9674  9718 I TestRunner: started: shouldFilterClaimsWithStatusOpenAndInProgress(ru.iteco.fmhandroid.ui.FilterClaimsPageTest)
12-08 10:10:09.167  8437  8470 D EGL_emulation: eglMakeCurrent: 0xf0c7f9a0: ver 2 0 (tinfo 0xf0cc0670)
12-08 10:10:09.177  9674  9687 I teco.fmhandroi: Background young concurrent copying GC freed 12259(1622KB) AllocSpace objects, 153(5280KB) LOS objects, 28% free, 14MB/20MB, paused 1.961ms total 108.518ms
12-08 10:10:09.208  9674  9718 W Settings: Setting always_finish_activities has moved from android.provider.Settings.System to android.provider.Settings.Global, returning read-only value.
12-08 10:10:09.219  2018  4164 W ActivityTaskManager: Finishing task with all activities already finished
12-08 10:10:09.219  2018  4164 W ActivityTaskManager: Duplicate finish request for ActivityRecord{33ed579 u0 ru.iteco.fmhandroid.test/androidx.test.core.app.InstrumentationActivityInvoker$EmptyActivity t293 f}
12-08 10:10:09.225  2018  2127 I ActivityTaskManager: START u0 {act=android.intent.action.MAIN cat=[android.intent.category.LAUNCHER] flg=0x10008000 cmp=ru.iteco.fmhandroid.test/androidx.test.core.app.InstrumentationActivityInvoker$BootstrapActivity (has extras)} from uid 10146
12-08 10:10:09.304  1776  1927 D gralloc_ranchu: gralloc_alloc: Creating ashmem region of size 9256960
12-08 10:10:09.309  8437  8470 D EGL_emulation: eglMakeCurrent: 0xe59eb0c0: ver 2 0 (tinfo 0xf0cc0670)
12-08 10:10:09.312  8437  8470 D EGL_emulation: eglMakeCurrent: 0xf0c7f9a0: ver 2 0 (tinfo 0xf0cc0670)
12-08 10:10:09.315  1776  1927 D gralloc_ranchu: gralloc_alloc: Creating ashmem region of size 10108928
12-08 10:10:09.321  2018  2139 D ConnectivityService: releasing NetworkRequest [ TRACK_DEFAULT id=64, [ Capabilities: INTERNET&NOT_RESTRICTED&TRUSTED Uid: 10129] ] (release request)
12-08 10:10:09.329  2018  3061 W InputReader: Device has associated, but no associated display id.
12-08 10:10:09.334  2018  3061 I chatty  : uid=1000(system) Binder:2018_10 identical 38 lines
12-08 10:10:09.334  2018  3061 W InputReader: Device has associated, but no associated display id.
12-08 10:10:09.336  9730  9730 W ActivityThread: handleWindowVisibility: no activity for token android.os.BinderProxy@c9a9f57
12-08 10:10:09.338  2018  3061 W InputReader: Device has associated, but no associated display id.
12-08 10:10:09.402  2018  3061 I ActivityTaskManager: START u0 {act=android.intent.action.MAIN cat=[android.intent.category.LAUNCHER] cmp=ru.iteco.fmhandroid/.ui.AppActivity} from uid 10146
12-08 10:10:09.338  2018  3061 I chatty  : uid=1000(system) Binder:2018_10 identical 8 lines
12-08 10:10:09.338  2018  3061 W InputReader: Device has associated, but no associated display id.
12-08 10:10:09.432  8437  8470 D EGL_emulation: eglMakeCurrent: 0xe59eb0c0: ver 2 0 (tinfo 0xf0cc0670)
12-08 10:10:09.446  8437  8470 D EGL_emulation: eglMakeCurrent: 0xf0c7f9a0: ver 2 0 (tinfo 0xf0cc0670)
12-08 10:10:09.456  2018  3061 W InputReader: Device has associated, but no associated display id.
12-08 10:10:09.460  2018  3061 I chatty  : uid=1000(system) Binder:2018_10 identical 38 lines
12-08 10:10:09.460  2018  3061 W InputReader: Device has associated, but no associated display id.
12-08 10:10:09.460  9674  9674 W ActivityThread: handleWindowVisibility: no activity for token android.os.BinderProxy@bd604fb
12-08 10:10:09.460  8437  8470 D EGL_emulation: eglMakeCurrent: 0xe59eb0c0: ver 2 0 (tinfo 0xf0cc0670)
12-08 10:10:09.464  2018  3061 W InputReader: Device has associated, but no associated display id.
12-08 10:10:09.465  2018  3061 I chatty  : uid=1000(system) Binder:2018_10 identical 7 lines
12-08 10:10:09.465  2018  3061 W InputReader: Device has associated, but no associated display id.
12-08 10:10:09.466  8437  8470 D EGL_emulation: eglMakeCurrent: 0xf0c7f9a0: ver 2 0 (tinfo 0xf0cc0670)
12-08 10:10:09.467  2018  3061 W InputReader: Device has associated, but no associated display id.
12-08 10:10:09.478  8437  8470 D EGL_emulation: eglMakeCurrent: 0xe59eb0c0: ver 2 0 (tinfo 0xf0cc0670)
12-08 10:10:09.493  8437  8470 D EGL_emulation: eglMakeCurrent: 0xf0c7f9a0: ver 2 0 (tinfo 0xf0cc0670)
12-08 10:10:09.493  2018  2054 W InputReader: Device has associated, but no associated display id.
12-08 10:10:09.496  2018  2054 I chatty  : uid=1000(system) android.anim identical 18 lines
12-08 10:10:09.496  2018  2054 W InputReader: Device has associated, but no associated display id.
12-08 10:10:09.502  1776  1927 D gralloc_ranchu: gralloc_alloc: Creating ashmem region of size 6471680
12-08 10:10:09.525  9730  9767 D EGL_emulation: eglMakeCurrent: 0xdd81a2a0: ver 2 0 (tinfo 0xdd80f0b0)
12-08 10:10:09.538  9674  9674 D LifecycleMonitor: Lifecycle status change: ru.iteco.fmhandroid.ui.AppActivity@3f5f5d7 in: PRE_ON_CREATE
12-08 10:10:09.539  8437  8470 D EGL_emulation: eglMakeCurrent: 0xe59eb0c0: ver 2 0 (tinfo 0xf0cc0670)
12-08 10:10:09.541  1776  1927 D gralloc_ranchu: gralloc_alloc: Creating ashmem region of size 10108928
12-08 10:10:09.546  8437  8470 D EGL_emulation: eglMakeCurrent: 0xf0c7ee00: ver 2 0 (tinfo 0xf0cc0670)
12-08 10:10:09.549  9674  9674 V ActivityScenario: Activity lifecycle changed event received but ignored because the reported transition was not ON_CREATE while the last known transition was PRE_ON_CREATE
12-08 10:10:09.556  8437  8470 D EGL_emulation: eglMakeCurrent: 0xe59eb0c0: ver 2 0 (tinfo 0xf0cc0670)
12-08 10:10:09.561  9674  9706 V FA      : onActivityCreated
12-08 10:10:09.629  9674  9674 D LifecycleMonitor: Lifecycle status change: ru.iteco.fmhandroid.ui.AppActivity@3f5f5d7 in: CREATED
12-08 10:10:09.629  9674  9674 V ActivityScenario: Update currentActivityStage to CREATED, currentActivity=ru.iteco.fmhandroid.ui.AppActivity@3f5f5d7
12-08 10:10:09.636  8437  8470 D EGL_emulation: eglMakeCurrent: 0xf0c7ee00: ver 2 0 (tinfo 0xf0cc0670)
12-08 10:10:09.645  1764  1891 W audio_hw_generic: Not supplying enough data to HAL, expected position 138659828 , only wrote 137950039
12-08 10:10:09.645  8437  8470 D EGL_emulation: eglMakeCurrent: 0xf0c7f9a0: ver 2 0 (tinfo 0xf0cc0670)
12-08 10:10:09.648  8437  8470 D EGL_emulation: eglMakeCurrent: 0xe59eb0c0: ver 2 0 (tinfo 0xf0cc0670)
12-08 10:10:09.650  8437  8470 D EGL_emulation: eglMakeCurrent: 0xf0c7f9a0: ver 2 0 (tinfo 0xf0cc0670)
12-08 10:10:09.688  8437  8470 D EGL_emulation: eglMakeCurrent: 0xe59eb0c0: ver 2 0 (tinfo 0xf0cc0670)
12-08 10:10:09.691  8437  8470 D EGL_emulation: eglMakeCurrent: 0xf0c7ee00: ver 2 0 (tinfo 0xf0cc0670)
12-08 10:10:09.715  2170  2186 I ndroid.systemu: NativeAlloc concurrent copying GC freed 6687(442KB) AllocSpace objects, 0(0B) LOS objects, 49% free, 5481KB/10MB, paused 1.458ms total 112.071ms
12-08 10:10:09.726  8344  8376 D EGL_emulation: eglMakeCurrent: 0xe59ed1c0: ver 2 0 (tinfo 0xe59d9f10)
12-08 10:10:09.726  8437  8470 D EGL_emulation: eglMakeCurrent: 0xe59eb0c0: ver 2 0 (tinfo 0xf0cc0670)
12-08 10:10:09.739  8344  8393 I cr_BindingManager: onTrimMemory: level=20, size=0
12-08 10:10:09.810  2018  7392 D HostConnection: HostConnection::get() New Host Connection established 0xb22b1870, tid 7392
12-08 10:10:09.819  2018  7392 D HostConnection: HostComposition ext ANDROID_EMU_CHECKSUM_HELPER_v1 ANDROID_EMU_dma_v1 ANDROID_EMU_direct_mem ANDROID_EMU_host_composition_v1 ANDROID_EMU_host_composition_v2 ANDROID_EMU_vulkan ANDROID_EMU_deferred_vulkan_commands ANDROID_EMU_vulkan_null_optional_strings ANDROID_EMU_vulkan_create_resources_with_requirements ANDROID_EMU_YUV_Cache ANDROID_EMU_vulkan_ignored_handles ANDROID_EMU_vulkan_free_memory_sync ANDROID_EMU_vulkan_shader_float16_int8 ANDROID_EMU_vulkan_async_queue_submit ANDROID_EMU_sync_buffer_data GL_OES_vertex_array_object GL_KHR_texture_compression_astc_ldr ANDROID_EMU_host_side_tracing ANDROID_EMU_gles_max_version_2 
12-08 10:10:09.820  2018  7392 W OpenGLRenderer: Failed to choose config with EGL_SWAP_BEHAVIOR_PRESERVED, retrying without...
12-08 10:10:09.832  9674  9674 D LifecycleMonitor: Lifecycle status change: ru.iteco.fmhandroid.ui.AppActivity@3f5f5d7 in: STARTED
12-08 10:10:09.832  9674  9674 V ActivityScenario: Update currentActivityStage to STARTED, currentActivity=ru.iteco.fmhandroid.ui.AppActivity@3f5f5d7
12-08 10:10:09.839  9674  9674 D LifecycleMonitor: Lifecycle status change: ru.iteco.fmhandroid.ui.AppActivity@3f5f5d7 in: RESUMED
12-08 10:10:09.839  9674  9674 V ActivityScenario: Update currentActivityStage to RESUMED, currentActivity=ru.iteco.fmhandroid.ui.AppActivity@3f5f5d7
12-08 10:10:09.840  9674  9712 V FA      : Activity resumed, time: 57156876
12-08 10:10:09.846  9674  9718 W teco.fmhandroi: Accessing hidden method Lsun/misc/Unsafe;->compareAndSwapObject(Ljava/lang/Object;JLjava/lang/Object;Ljava/lang/Object;)Z (greylist, linking, allowed)
12-08 10:10:09.876  2018  7392 D EGL_emulation: eglCreateContext: 0xb2357760: maj 2 min 0 rcv 2
12-08 10:10:09.882  2018  7392 D EGL_emulation: eglMakeCurrent: 0xb2357760: ver 2 0 (tinfo 0xc0d1c860)
12-08 10:10:09.904  1776  1927 D gralloc_ranchu: gralloc_alloc: Creating ashmem region of size 10108928
12-08 10:10:09.911  1776  1927 D gralloc_ranchu: gralloc_alloc: Creating ashmem region of size 10108928
12-08 10:10:09.919  1776  1825 D gralloc_ranchu: gralloc_alloc: Creating ashmem region of size 10108928
12-08 10:10:09.920  9674  9770 D EGL_emulation: eglMakeCurrent: 0xdd81b860: ver 2 0 (tinfo 0xc3288080)
12-08 10:10:09.991  2170  2566 D EGL_emulation: eglMakeCurrent: 0xe594e040: ver 2 0 (tinfo 0xc52450c0)
12-08 10:10:10.007  9674  9674 I ViewInteraction: Performing 'wait for a specific view with <(an instance of android.widget.TextView and view.getText() with or without transformation to match: is "Authorization" and view.getParent() view.getParent() view.getId() is <2131231186>)> during 10000 millis.' action on view view.getRootView() to equal view
12-08 10:10:10.080  2018  2058 I ActivityTaskManager: Displayed ru.iteco.fmhandroid/.ui.AppActivity: +577ms
12-08 10:10:10.125  2873  9721 V FA-SVC  : Logging event: origin=auto,name=screen_view(_vs),params=Bundle[{ga_event_origin(_o)=auto, ga_previous_class(_pc)=AppActivity, ga_previous_id(_pi)=2194426279771477306, ga_screen_class(_sc)=AppActivity, ga_screen_id(_si)=2194426279771477307}]
12-08 10:10:10.137  2873  9721 V FA-SVC  : Upload scheduled in approximately ms: 3574378
12-08 10:10:10.138  2873  9721 V FA-SVC  : Unscheduling upload
12-08 10:10:10.145  2873  9721 V FA-SVC  : Scheduling upload, millis: 3574378
12-08 10:10:10.152  2873  9721 V FA-SVC  : Background event processing time, ms: 26
12-08 10:10:10.203  2656  8337 E SQLiteDatabase: Error inserting flex_time=3574000 job_id=-1 period=7149000 source=16 requires_charging=0 preferred_network_type=1 target_class=com.google.android.gms.measurement.PackageMeasurementTaskService user_id=0 target_package=com.google.android.gms tag=Measurement.PackageMeasurementTaskService.UPLOAD_TASK_TAG task_type=0 required_idleness_state=0 service_kind=0 source_version=202414000 persistence_level=1 preferred_charging_state=1 required_network_type=0 runtime=1670494210167 retry_strategy={"maximum_backoff_seconds":{"3600":0},"initial_backoff_seconds":{"30":0},"retry_policy":{"0":0}} last_runtime=0
12-08 10:10:10.203  2656  8337 E SQLiteDatabase: android.database.sqlite.SQLiteConstraintException: UNIQUE constraint failed: pending_ops.tag, pending_ops.target_class, pending_ops.target_package, pending_ops.user_id (code 2067 SQLITE_CONSTRAINT_UNIQUE)
12-08 10:10:10.203  2656  8337 E SQLiteDatabase: 	at android.database.sqlite.SQLiteConnection.nativeExecuteForLastInsertedRowId(Native Method)
12-08 10:10:10.203  2656  8337 E SQLiteDatabase: 	at android.database.sqlite.SQLiteConnection.executeForLastInsertedRowId(SQLiteConnection.java:879)
12-08 10:10:10.203  2656  8337 E SQLiteDatabase: 	at android.database.sqlite.SQLiteSession.executeForLastInsertedRowId(SQLiteSession.java:790)
12-08 10:10:10.203  2656  8337 E SQLiteDatabase: 	at android.database.sqlite.SQLiteStatement.executeInsert(SQLiteStatement.java:88)
12-08 10:10:10.203  2656  8337 E SQLiteDatabase: 	at android.database.sqlite.SQLiteDatabase.insertWithOnConflict(SQLiteDatabase.java:1599)
12-08 10:10:10.203  2656  8337 E SQLiteDatabase: 	at android.database.sqlite.SQLiteDatabase.insert(SQLiteDatabase.java:1468)
12-08 10:10:10.203  2656  8337 E SQLiteDatabase: 	at aqui.a(:com.google.android.gms@202414022@20.24.14 (040700-319035315):175)
12-08 10:10:10.203  2656  8337 E SQLiteDatabase: 	at aqtk.a(:com.google.android.gms@202414022@20.24.14 (040700-319035315):182)
12-08 10:10:10.203  2656  8337 E SQLiteDatabase: 	at aqtk.a(:com.google.android.gms@202414022@20.24.14 (040700-319035315):23)
12-08 10:10:10.203  2656  8337 E SQLiteDatabase: 	at aqtk.a(:com.google.android.gms@202414022@20.24.14 (040700-319035315):177)
12-08 10:10:10.203  2656  8337 E SQLiteDatabase: 	at aqpu.run(:com.google.android.gms@202414022@20.24.14 (040700-319035315):9)
12-08 10:10:10.203  2656  8337 E SQLiteDatabase: 	at soy.b(:com.google.android.gms@202414022@20.24.14 (040700-319035315):12)
12-08 10:10:10.203  2656  8337 E SQLiteDatabase: 	at soy.run(:com.google.android.gms@202414022@20.24.14 (040700-319035315):7)
12-08 10:10:10.203  2656  8337 E SQLiteDatabase: 	at java.util.concurrent.ThreadPoolExecutor.runWorker(ThreadPoolExecutor.java:1167)
12-08 10:10:10.203  2656  8337 E SQLiteDatabase: 	at java.util.concurrent.ThreadPoolExecutor$Worker.run(ThreadPoolExecutor.java:641)
12-08 10:10:10.203  2656  8337 E SQLiteDatabase: 	at sux.run(:com.google.android.gms@202414022@20.24.14 (040700-319035315):0)
12-08 10:10:10.203  2656  8337 E SQLiteDatabase: 	at java.lang.Thread.run(Thread.java:919)
12-08 10:10:10.339  2018  2031 I system_server: NativeAlloc concurrent copying GC freed 73808(3473KB) AllocSpace objects, 19(636KB) LOS objects, 26% free, 16MB/22MB, paused 681us total 284.098ms
12-08 10:10:12.832  9674  9783 I okhttp.OkHttpClient: --> GET http://www.981757-ca08998.tmweb.ru:8080/fmh/authentication/userInfo
12-08 10:10:12.832  9674  9783 I okhttp.OkHttpClient: --> END GET
12-08 10:10:13.289  9674  9783 I okhttp.OkHttpClient: <-- 200 http://www.981757-ca08998.tmweb.ru:8080/fmh/authentication/userInfo (456ms)
12-08 10:10:13.289  9674  9783 I okhttp.OkHttpClient: Vary: Origin
12-08 10:10:13.289  9674  9783 I okhttp.OkHttpClient: Vary: Access-Control-Request-Method
12-08 10:10:13.289  9674  9783 I okhttp.OkHttpClient: Vary: Access-Control-Request-Headers
12-08 10:10:13.289  9674  9783 I okhttp.OkHttpClient: X-Content-Type-Options: nosniff
12-08 10:10:13.289  9674  9783 I okhttp.OkHttpClient: X-XSS-Protection: 1; mode=block
12-08 10:10:13.289  9674  9783 I okhttp.OkHttpClient: Cache-Control: no-cache, no-store, max-age=0, must-revalidate
12-08 10:10:13.289  9674  9783 I okhttp.OkHttpClient: Pragma: no-cache
12-08 10:10:13.289  9674  9783 I okhttp.OkHttpClient: Expires: 0
12-08 10:10:13.289  9674  9783 I okhttp.OkHttpClient: X-Frame-Options: DENY
12-08 10:10:13.289  9674  9783 I okhttp.OkHttpClient: Content-Type: application/json
12-08 10:10:13.290  9674  9783 I okhttp.OkHttpClient: Transfer-Encoding: chunked
12-08 10:10:13.290  9674  9783 I okhttp.OkHttpClient: Date: Thu, 08 Dec 2022 10:10:15 GMT
12-08 10:10:13.290  9674  9783 I okhttp.OkHttpClient: Keep-Alive: timeout=60
12-08 10:10:13.290  9674  9783 I okhttp.OkHttpClient: Connection: keep-alive
12-08 10:10:13.290  9674  9783 I okhttp.OkHttpClient: {"id":2,"firstName":"Данил","lastName":"Иванов","middleName":"Данилович","admin":true}
12-08 10:10:13.290  9674  9783 I okhttp.OkHttpClient: <-- END HTTP (106-byte body)
12-08 10:10:13.300  9674  9787 I okhttp.OkHttpClient: --> GET http://www.981757-ca08998.tmweb.ru:8080/fmh/claims
12-08 10:10:13.300  9674  9787 I okhttp.OkHttpClient: --> END GET
12-08 10:10:13.972  9674  9687 I teco.fmhandroi: Background concurrent copying GC freed 160011(8729KB) AllocSpace objects, 7(192KB) LOS objects, 35% free, 11MB/17MB, paused 1.147ms total 166.769ms
12-08 10:10:15.125  9674  9712 V FA      : Inactivity, disconnecting from the service
12-08 10:10:15.541  9674  9787 I okhttp.OkHttpClient: <-- 200 http://www.981757-ca08998.tmweb.ru:8080/fmh/claims (2240ms)
12-08 10:10:15.541  9674  9787 I okhttp.OkHttpClient: Vary: Origin
12-08 10:10:15.541  9674  9787 I okhttp.OkHttpClient: Vary: Access-Control-Request-Method
12-08 10:10:15.541  9674  9787 I okhttp.OkHttpClient: Vary: Access-Control-Request-Headers
12-08 10:10:15.541  9674  9787 I okhttp.OkHttpClient: X-Content-Type-Options: nosniff
12-08 10:10:15.545  9674  9787 I okhttp.OkHttpClient: X-XSS-Protection: 1; mode=block
12-08 10:10:15.545  9674  9787 I okhttp.OkHttpClient: Cache-Control: no-cache, no-store, max-age=0, must-revalidate
12-08 10:10:15.546  9674  9787 I okhttp.OkHttpClient: Pragma: no-cache
12-08 10:10:15.546  9674  9787 I okhttp.OkHttpClient: Expires: 0
12-08 10:10:15.546  9674  9787 I okhttp.OkHttpClient: X-Frame-Options: DENY
12-08 10:10:15.546  9674  9787 I okhttp.OkHttpClient: Content-Type: application/json
12-08 10:10:15.547  9674  9787 I okhttp.OkHttpClient: Transfer-Encoding: chunked
12-08 10:10:15.547  9674  9787 I okhttp.OkHttpClient: Date: Thu, 08 Dec 2022 10:10:17 GMT
12-08 10:10:15.547  9674  9787 I okhttp.OkHttpClient: Keep-Alive: timeout=60
12-08 10:10:15.548  9674  9787 I okhttp.OkHttpClient: Connection: keep-alive
12-08 10:10:18.614  2298  2315 I m.android.phon: Background young concurrent copying GC freed 15107(1547KB) AllocSpace objects, 0(0B) LOS objects, 46% free, 1913KB/3558KB, paused 1.830ms total 303.582ms
12-08 10:10:20.033  9674  9674 D takeScreenshot: Found 1 global views to redraw
12-08 10:10:20.073  1776  1825 D gralloc_ranchu: gralloc_alloc: Creating ashmem region of size 10108928
12-08 10:10:20.136  9674  9718 W DefaultFailureHandler: Failed to take screenshot
12-08 10:10:20.136  9674  9718 W DefaultFailureHandler: java.io.FileNotFoundException: view-op-error-3.png: open failed: EROFS (Read-only file system)
12-08 10:10:20.136  9674  9718 W DefaultFailureHandler: 	at libcore.io.IoBridge.open(IoBridge.java:496)
12-08 10:10:20.136  9674  9718 W DefaultFailureHandler: 	at java.io.FileOutputStream.<init>(FileOutputStream.java:235)
12-08 10:10:20.136  9674  9718 W DefaultFailureHandler: 	at java.io.FileOutputStream.<init>(FileOutputStream.java:125)
12-08 10:10:20.136  9674  9718 W DefaultFailureHandler: 	at androidx.test.platform.io.FileTestStorage.openOutputFile(FileTestStorage.java:60)
12-08 10:10:20.136  9674  9718 W DefaultFailureHandler: 	at androidx.test.core.graphics.BitmapStorage.writeToTestStorage(BitmapStorageExt.kt:49)
12-08 10:10:20.136  9674  9718 W DefaultFailureHandler: 	at androidx.test.espresso.base.DefaultFailureHandler.takeScreenshot(DefaultFailureHandler.java:4)
12-08 10:10:20.136  9674  9718 W DefaultFailureHandler: 	at androidx.test.espresso.base.DefaultFailureHandler.handle(DefaultFailureHandler.java:3)
12-08 10:10:20.136  9674  9718 W DefaultFailureHandler: 	at androidx.test.espresso.ViewInteraction.waitForAndHandleInteractionResults(ViewInteraction.java:8)
12-08 10:10:20.136  9674  9718 W DefaultFailureHandler: 	at androidx.test.espresso.ViewInteraction.desugaredPerform(ViewInteraction.java:11)
12-08 10:10:20.136  9674  9718 W DefaultFailureHandler: 	at androidx.test.espresso.ViewInteraction.perform(ViewInteraction.java:8)
12-08 10:10:20.136  9674  9718 W DefaultFailureHandler: 	at ru.iteco.fmhandroid.ui.data.TestUtils.waitView(TestUtils.java:61)
12-08 10:10:20.136  9674  9718 W DefaultFailureHandler: 	at ru.iteco.fmhandroid.ui.steps.AuthSteps.isAuthScreen(AuthSteps.java:56)
12-08 10:10:20.136  9674  9718 W DefaultFailureHandler: 	at ru.iteco.fmhandroid.ui.FilterClaimsPageTest.logoutCheck(FilterClaimsPageTest.java:47)
12-08 10:10:20.136  9674  9718 W DefaultFailureHandler: 	at java.lang.reflect.Method.invoke(Native Method)
12-08 10:10:20.136  9674  9718 W DefaultFailureHandler: 	at org.junit.runners.model.FrameworkMethod$1.runReflectiveCall(FrameworkMethod.java:59)
12-08 10:10:20.136  9674  9718 W DefaultFailureHandler: 	at org.junit.internal.runners.model.ReflectiveCallable.run(ReflectiveCallable.java:12)
12-08 10:10:20.136  9674  9718 W DefaultFailureHandler: 	at org.junit.runners.model.FrameworkMethod.invokeExplosively(FrameworkMethod.java:56)
12-08 10:10:20.136  9674  9718 W DefaultFailureHandler: 	at androidx.test.internal.runner.junit4.statement.RunBefores.evaluate(RunBefores.java:76)
12-08 10:10:20.136  9674  9718 W DefaultFailureHandler: 	at io.qameta.allure.android.rules.ScreenshotRule$apply$1.evaluate(ScreenshotRule.kt:22)
12-08 10:10:20.136  9674  9718 W DefaultFailureHandler: 	at org.junit.rules.ExternalResource$1.evaluate(ExternalResource.java:54)
12-08 10:10:20.136  9674  9718 W DefaultFailureHandler: 	at io.qameta.allure.android.rules.LogcatRule$apply$1.evaluate(LogcatRule.kt:23)
12-08 10:10:20.136  9674  9718 W DefaultFailureHandler: 	at org.junit.rules.RunRules.evaluate(RunRules.java:20)
12-08 10:10:20.136  9674  9718 W DefaultFailureHandler: 	at org.junit.runners.ParentRunner$3.evaluate(ParentRunner.java:306)
12-08 10:10:20.136  9674  9718 W DefaultFailureHandler: 	at org.junit.runners.BlockJUnit4ClassRunner$1.evaluate(BlockJUnit4ClassRunner.java:100)
12-08 10:10:20.136  9674  9718 W DefaultFailureHandler: 	at org.junit.runners.ParentRunner.runLeaf(ParentRunner.java:366)
12-08 10:10:20.136  9674  9718 W DefaultFailureHandler: 	at org.junit.runners.BlockJUnit4ClassRunner.runChild(BlockJUnit4ClassRunner.java:103)
12-08 10:10:20.136  9674  9718 W DefaultFailureHandler: 	at org.junit.runners.BlockJUnit4ClassRunner.runChild(BlockJUnit4ClassRunner.java:63)
12-08 10:10:20.136  9674  9718 W DefaultFailureHandler: 	at org.junit.runners.ParentRunner$4.run(ParentRunner.java:331)
12-08 10:10:20.136  9674  9718 W DefaultFailureHandler: 	at org.junit.runners.ParentRunner$1.schedule(ParentRunner.java:79)
12-08 10:10:20.136  9674  9718 W DefaultFailureHandler: 	at org.junit.runners.ParentRunner.runChildren(ParentRunner.java:329)
12-08 10:10:20.136  9674  9718 W DefaultFailureHandler: 	at org.junit.runners.ParentRunner.access$100(ParentRunner.java:66)
12-08 10:10:20.136  9674  9718 W DefaultFailureHandler: 	at org.junit.runners.ParentRunner$2.evaluate(ParentRunner.java:293)
12-08 10:10:20.136  9674  9718 W DefaultFailureHandler: 	at org.junit.runners.ParentRunner$3.evaluate(ParentRunner.java:306)
12-08 10:10:20.136  9674  9718 W DefaultFailureHandler: 	at org.junit.runners.ParentRunner.run(ParentRunner.java:413)
12-08 10:10:20.136  9674  9718 W DefaultFailureHandler: 	at androidx.test.ext.junit.runners.AndroidJUnit4.run(AndroidJUnit4.java:162)
12-08 10:10:20.136  9674  9718 W DefaultFailureHandler: 	at io.qameta.allure.android.runners.AllureAndroidJUnit4.run(AllureAndroidJUnitRunners.kt:29)
12-08 10:10:20.136  9674  9718 W DefaultFailureHandler: 	at org.junit.runners.Suite.runChild(Suite.java:128)
12-08 10:10:20.136  9674  9718 W DefaultFailureHandler: 	at org.junit.runners.Suite.runChild(Suite.java:27)
12-08 10:10:20.136  9674  9718 W DefaultFailureHandler: 	at org.junit.runners.ParentRunner$4.run(ParentRunner.java:331)
12-08 10:10:20.136  9674  9718 W DefaultFailureHandler: 	at org.junit.runners.ParentRunner$1.schedule(ParentRunner.java:79)
12-08 10:10:20.136  9674  9718 W DefaultFailureHandler: 	at org.junit.runners.ParentRunner.runChildren(ParentRunner.java:329)
12-08 10:10:20.136  9674  9718 W DefaultFailureHandler: 	at org.junit.runners.ParentRunner.access$100(ParentRunner.java:66)
12-08 10:10:20.136  9674  9718 W DefaultFailureHandler: 	at org.junit.runners.ParentRunner$2.evaluate(ParentRunner.java:293)
12-08 10:10:20.136  9674  9718 W DefaultFailureHandler: 	at org.junit.runners.ParentRunner$3.evaluate(ParentRunner.java:306)
12-08 10:10:20.136  9674  9718 W DefaultFailureHandler: 	at org.junit.runners.ParentRunner.run(ParentRunner.java:413)
12-08 10:10:20.136  9674  9718 W DefaultFailureHandler: 	at org.junit.runner.JUnitCore.run(JUnitCore.java:137)
12-08 10:10:20.136  9674  9718 W DefaultFailureHandler: 	at org.junit.runner.JUnitCore.run(JUnitCore.java:115)
12-08 10:10:20.136  9674  9718 W DefaultFailureHandler: 	at androidx.test.internal.runner.TestExecutor.execute(TestExecutor.java:67)
12-08 10:10:20.136  9674  9718 W DefaultFailureHandler: 	at androidx.test.internal.runner.TestExecutor.execute(TestExecutor.java:58)
12-08 10:10:20.136  9674  9718 W DefaultFailureHandler: 	at androidx.test.runner.AndroidJUnitRunner.onStart(AndroidJUnitRunner.java:438)
12-08 10:10:20.136  9674  9718 W DefaultFailureHandler: 	at android.app.Instrumentation$InstrumentationThread.run(Instrumentation.java:2189)
12-08 10:10:20.136  9674  9718 W DefaultFailureHandler: Caused by: android.system.ErrnoException: open failed: EROFS (Read-only file system)
12-08 10:10:20.136  9674  9718 W DefaultFailureHandler: 	at libcore.io.Linux.open(Native Method)
12-08 10:10:20.136  9674  9718 W DefaultFailureHandler: 	at libcore.io.ForwardingOs.open(ForwardingOs.java:167)
12-08 10:10:20.136  9674  9718 W DefaultFailureHandler: 	at libcore.io.BlockGuardOs.open(BlockGuardOs.java:252)
12-08 10:10:20.136  9674  9718 W DefaultFailureHandler: 	at libcore.io.ForwardingOs.open(ForwardingOs.java:167)
12-08 10:10:20.136  9674  9718 W DefaultFailureHandler: 	at android.app.ActivityThread$AndroidOs.open(ActivityThread.java:7255)
12-08 10:10:20.136  9674  9718 W DefaultFailureHandler: 	at libcore.io.IoBridge.open(IoBridge.java:482)
12-08 10:10:20.136  9674  9718 W DefaultFailureHandler: 	... 50 more
12-08 10:10:20.152  9674  9674 I ViewInteraction: Performing 'wait for a specific view with <view.getId() is <2131230870/ru.iteco.fmhandroid:id/authorization_image_button>> during 10000 millis.' action on view view.getRootView() to equal view
12-08 10:10:20.158  9674  9674 I ViewInteraction: Checking 'MatchesViewAssertion{viewMatcher=(view has effective visibility <VISIBLE> and view.getGlobalVisibleRect() to return non-empty rectangle)}' assertion on view view.getId() is <2131230870/ru.iteco.fmhandroid:id/authorization_image_button>
12-08 10:10:20.164  9674  9674 I ViewInteraction: Performing 'single click' action on view view.getId() is <2131230870/ru.iteco.fmhandroid:id/authorization_image_button>
12-08 10:10:20.223  1764  6994 W audio_hw_generic: Not supplying enough data to HAL, expected position 137950203 , only wrote 137950039
12-08 10:10:20.290  1776  1825 D gralloc_ranchu: gralloc_alloc: Creating ashmem region of size 884736
12-08 10:10:20.297  1776  1825 I chatty  : uid=1000(system) HwBinder:1776_1 identical 1 line
12-08 10:10:20.299  1776  1825 D gralloc_ranchu: gralloc_alloc: Creating ashmem region of size 884736
12-08 10:10:20.317  9674  9770 D EGL_emulation: eglMakeCurrent: 0xdd81b860: ver 2 0 (tinfo 0xc3288080)
12-08 10:10:20.401  9674  9770 I chatty  : uid=10146(ru.iteco.fmhandroid) RenderThread identical 3 lines
12-08 10:10:20.420  9674  9770 D EGL_emulation: eglMakeCurrent: 0xdd81b860: ver 2 0 (tinfo 0xc3288080)
12-08 10:10:20.644  9674  9674 I ViewInteraction: Performing 'wait for a specific view with <an instance of android.widget.TextView and view.getText() with or without transformation to match: is "Log out"> during 10000 millis.' action on view view.getRootView() to equal view
12-08 10:10:20.656  9674  9674 I ViewInteraction: Checking 'MatchesViewAssertion{viewMatcher=(view has effective visibility <VISIBLE> and view.getGlobalVisibleRect() to return non-empty rectangle)}' assertion on view an instance of android.widget.TextView and view.getText() with or without transformation to match: is "Log out"
12-08 10:10:20.666  9674  9674 I ViewInteraction: Performing 'single click' action on view an instance of android.widget.TextView and view.getText() with or without transformation to match: is "Log out"
12-08 10:10:20.747  9674  9687 I teco.fmhandroi: NativeAlloc concurrent copying GC freed 211576(10MB) AllocSpace objects, 1(16KB) LOS objects, 46% free, 7073KB/12MB, paused 638us total 104.239ms
12-08 10:10:20.918  9674  9770 D EGL_emulation: eglMakeCurrent: 0xdd81b860: ver 2 0 (tinfo 0xc3288080)
12-08 10:10:20.968  9674  9770 D EGL_emulation: eglMakeCurrent: 0xdd81b860: ver 2 0 (tinfo 0xc3288080)
12-08 10:10:21.065  9674  9674 I ViewInteraction: Performing 'wait for a specific view with <(an instance of android.widget.TextView and view.getText() with or without transformation to match: is "Authorization" and view.getParent() view.getParent() view.getId() is <2131231186>)> during 10000 millis.' action on view view.getRootView() to equal view
12-08 10:10:21.071  9674  9674 I ViewInteraction: Checking 'MatchesViewAssertion{viewMatcher=(view has effective visibility <VISIBLE> and view.getGlobalVisibleRect() to return non-empty rectangle)}' assertion on view (an instance of android.widget.TextView and view.getText() with or without transformation to match: is "Authorization" and view.getParent() view.getParent() view.getId() is <2131231186/ru.iteco.fmhandroid:id/nav_host_fragment>)
12-08 10:10:21.076  9674  9674 I ViewInteraction: Performing 'wait for a specific view with <(an instance of android.widget.TextView and view.getHint() matching: is "Login" and view.getParent() view.getParent() view.getId() is <2131231121/ru.iteco.fmhandroid:id/login_text_input_layout>)> during 10000 millis.' action on view view.getRootView() to equal view
12-08 10:10:21.081  9674  9674 I ViewInteraction: Checking 'MatchesViewAssertion{viewMatcher=(view has effective visibility <VISIBLE> and view.getGlobalVisibleRect() to return non-empty rectangle)}' assertion on view (an instance of android.widget.TextView and view.getHint() matching: is "Login" and view.getParent() view.getParent() view.getId() is <2131231121/ru.iteco.fmhandroid:id/login_text_input_layout>)
12-08 10:10:21.087  9674  9674 I ViewInteraction: Performing 'wait for a specific view with <(an instance of android.widget.TextView and view.getHint() matching: is "Password" and view.getParent() view.getParent() view.getId() is <2131231264/ru.iteco.fmhandroid:id/password_text_input_layout>)> during 10000 millis.' action on view view.getRootView() to equal view
12-08 10:10:21.093  9674  9674 I ViewInteraction: Checking 'MatchesViewAssertion{viewMatcher=(view has effective visibility <VISIBLE> and view.getGlobalVisibleRect() to return non-empty rectangle)}' assertion on view (an instance of android.widget.TextView and view.getHint() matching: is "Password" and view.getParent() view.getParent() view.getId() is <2131231264/ru.iteco.fmhandroid:id/password_text_input_layout>)
12-08 10:10:21.100  9674  9674 I ViewInteraction: Performing 'wait for a specific view with <(view.getId() is <2131231039/ru.iteco.fmhandroid:id/enter_button> and an instance of android.widget.TextView and view.getText() with or without transformation to match: is "SIGN IN" and view.getContentDescription() is "Save" and view.getParent() view.getParent() an instance of android.widget.RelativeLayout)> during 10000 millis.' action on view view.getRootView() to equal view
12-08 10:10:21.106  9674  9674 I ViewInteraction: Checking 'MatchesViewAssertion{viewMatcher=(view has effective visibility <VISIBLE> and view.getGlobalVisibleRect() to return non-empty rectangle)}' assertion on view (view.getId() is <2131231039/ru.iteco.fmhandroid:id/enter_button> and an instance of android.widget.TextView and view.getText() with or without transformation to match: is "SIGN IN" and view.getContentDescription() is "Save" and view.getParent() view.getParent() an instance of android.widget.RelativeLayout)
12-08 10:10:21.112  9674  9674 I ViewInteraction: Performing 'wait for a specific view with <(an instance of android.widget.TextView and view.getText() with or without transformation to match: is "Authorization" and view.getParent() view.getParent() view.getId() is <2131231186>)> during 10000 millis.' action on view view.getRootView() to equal view
12-08 10:10:21.118  9674  9674 I ViewInteraction: Checking 'MatchesViewAssertion{viewMatcher=(view has effective visibility <VISIBLE> and view.getGlobalVisibleRect() to return non-empty rectangle)}' assertion on view (an instance of android.widget.TextView and view.getText() with or without transformation to match: is "Authorization" and view.getParent() view.getParent() view.getId() is <2131231186/ru.iteco.fmhandroid:id/nav_host_fragment>)
12-08 10:10:21.122  9674  9674 I ViewInteraction: Performing 'wait for a specific view with <(an instance of android.widget.TextView and view.getHint() matching: is "Login" and view.getParent() view.getParent() view.getId() is <2131231121/ru.iteco.fmhandroid:id/login_text_input_layout>)> during 10000 millis.' action on view view.getRootView() to equal view
12-08 10:10:21.128  9674  9674 I ViewInteraction: Checking 'MatchesViewAssertion{viewMatcher=(view has effective visibility <VISIBLE> and view.getGlobalVisibleRect() to return non-empty rectangle)}' assertion on view (an instance of android.widget.TextView and view.getHint() matching: is "Login" and view.getParent() view.getParent() view.getId() is <2131231121/ru.iteco.fmhandroid:id/login_text_input_layout>)
12-08 10:10:21.136  9674  9674 I ViewInteraction: Performing 'wait for a specific view with <(an instance of android.widget.TextView and view.getHint() matching: is "Password" and view.getParent() view.getParent() view.getId() is <2131231264/ru.iteco.fmhandroid:id/password_text_input_layout>)> during 10000 millis.' action on view view.getRootView() to equal view
12-08 10:10:21.141  9674  9674 I ViewInteraction: Checking 'MatchesViewAssertion{viewMatcher=(view has effective visibility <VISIBLE> and view.getGlobalVisibleRect() to return non-empty rectangle)}' assertion on view (an instance of android.widget.TextView and view.getHint() matching: is "Password" and view.getParent() view.getParent() view.getId() is <2131231264/ru.iteco.fmhandroid:id/password_text_input_layout>)
12-08 10:10:21.146  9674  9674 I ViewInteraction: Performing 'wait for a specific view with <(view.getId() is <2131231039/ru.iteco.fmhandroid:id/enter_button> and an instance of android.widget.TextView and view.getText() with or without transformation to match: is "SIGN IN" and view.getContentDescription() is "Save" and view.getParent() view.getParent() an instance of android.widget.RelativeLayout)> during 10000 millis.' action on view view.getRootView() to equal view
12-08 10:10:21.153  9674  9674 I ViewInteraction: Checking 'MatchesViewAssertion{viewMatcher=(view has effective visibility <VISIBLE> and view.getGlobalVisibleRect() to return non-empty rectangle)}' assertion on view (view.getId() is <2131231039/ru.iteco.fmhandroid:id/enter_button> and an instance of android.widget.TextView and view.getText() with or without transformation to match: is "SIGN IN" and view.getContentDescription() is "Save" and view.getParent() view.getParent() an instance of android.widget.RelativeLayout)
12-08 10:10:21.158  9674  9674 I ViewInteraction: Performing 'wait for a specific view with <(an instance of android.widget.TextView and view.getHint() matching: is "Login" and view.getParent() view.getParent() view.getId() is <2131231121/ru.iteco.fmhandroid:id/login_text_input_layout>)> during 10000 millis.' action on view view.getRootView() to equal view
12-08 10:10:21.166  9674  9674 I ViewInteraction: Performing 'replace text(login2)' action on view (an instance of android.widget.TextView and view.getHint() matching: is "Login" and view.getParent() view.getParent() view.getId() is <2131231121/ru.iteco.fmhandroid:id/login_text_input_layout>)
12-08 10:10:21.221  9674  9674 I ViewInteraction: Performing 'wait for a specific view with <(an instance of android.widget.TextView and view.getHint() matching: is "Password" and view.getParent() view.getParent() view.getId() is <2131231264/ru.iteco.fmhandroid:id/password_text_input_layout>)> during 10000 millis.' action on view view.getRootView() to equal view
12-08 10:10:21.228  9674  9674 I ViewInteraction: Performing 'replace text(password2)' action on view (an instance of android.widget.TextView and view.getHint() matching: is "Password" and view.getParent() view.getParent() view.getId() is <2131231264/ru.iteco.fmhandroid:id/password_text_input_layout>)
12-08 10:10:21.262  9674  9674 I ViewInteraction: Performing 'wait for a specific view with <(view.getId() is <2131231039/ru.iteco.fmhandroid:id/enter_button> and an instance of android.widget.TextView and view.getText() with or without transformation to match: is "SIGN IN" and view.getContentDescription() is "Save" and view.getParent() view.getParent() an instance of android.widget.RelativeLayout)> during 10000 millis.' action on view view.getRootView() to equal view
12-08 10:10:21.267  9674  9674 I ViewInteraction: Checking 'MatchesViewAssertion{viewMatcher=view.isClickable() is <true>}' assertion on view (view.getId() is <2131231039/ru.iteco.fmhandroid:id/enter_button> and an instance of android.widget.TextView and view.getText() with or without transformation to match: is "SIGN IN" and view.getContentDescription() is "Save" and view.getParent() view.getParent() an instance of android.widget.RelativeLayout)
12-08 10:10:21.288  9674  9674 I ViewInteraction: Performing 'wait for a specific view with <(view.getId() is <2131231039/ru.iteco.fmhandroid:id/enter_button> and an instance of android.widget.TextView and view.getText() with or without transformation to match: is "SIGN IN" and view.getContentDescription() is "Save" and view.getParent() view.getParent() an instance of android.widget.RelativeLayout)> during 10000 millis.' action on view view.getRootView() to equal view
12-08 10:10:21.294  9674  9674 I ViewInteraction: Checking 'MatchesViewAssertion{viewMatcher=view.isClickable() is <true>}' assertion on view (view.getId() is <2131231039/ru.iteco.fmhandroid:id/enter_button> and an instance of android.widget.TextView and view.getText() with or without transformation to match: is "SIGN IN" and view.getContentDescription() is "Save" and view.getParent() view.getParent() an instance of android.widget.RelativeLayout)
12-08 10:10:21.303  9674  9674 I ViewInteraction: Performing 'wait for a specific view with <(view.getId() is <2131231039/ru.iteco.fmhandroid:id/enter_button> and an instance of android.widget.TextView and view.getText() with or without transformation to match: is "SIGN IN" and view.getContentDescription() is "Save" and view.getParent() view.getParent() an instance of android.widget.RelativeLayout)> during 10000 millis.' action on view view.getRootView() to equal view
12-08 10:10:21.312  9674  9674 I ViewInteraction: Performing 'single click' action on view (view.getId() is <2131231039/ru.iteco.fmhandroid:id/enter_button> and an instance of android.widget.TextView and view.getText() with or without transformation to match: is "SIGN IN" and view.getContentDescription() is "Save" and view.getParent() view.getParent() an instance of android.widget.RelativeLayout)
12-08 10:10:21.364  9674  9802 I okhttp.OkHttpClient: --> POST http://www.981757-ca08998.tmweb.ru:8080/fmh/authentication/login
12-08 10:10:21.364  9674  9802 I okhttp.OkHttpClient: Content-Type: application/json; charset=UTF-8
12-08 10:10:21.364  9674  9802 I okhttp.OkHttpClient: Content-Length: 41
12-08 10:10:21.364  9674  9802 I okhttp.OkHttpClient: {"login":"login2","password":"password2"}
12-08 10:10:21.365  9674  9802 I okhttp.OkHttpClient: --> END POST (41-byte body)
12-08 10:10:21.600  9674  9802 I okhttp.OkHttpClient: <-- 200 http://www.981757-ca08998.tmweb.ru:8080/fmh/authentication/login (235ms)
12-08 10:10:21.601  9674  9802 I okhttp.OkHttpClient: Vary: Origin
12-08 10:10:21.601  9674  9802 I okhttp.OkHttpClient: Vary: Access-Control-Request-Method
12-08 10:10:21.601  9674  9802 I okhttp.OkHttpClient: Vary: Access-Control-Request-Headers
12-08 10:10:21.601  9674  9802 I okhttp.OkHttpClient: X-Content-Type-Options: nosniff
12-08 10:10:21.601  9674  9802 I okhttp.OkHttpClient: X-XSS-Protection: 1; mode=block
12-08 10:10:21.601  9674  9802 I okhttp.OkHttpClient: Cache-Control: no-cache, no-store, max-age=0, must-revalidate
12-08 10:10:21.601  9674  9802 I okhttp.OkHttpClient: Pragma: no-cache
12-08 10:10:21.601  9674  9802 I okhttp.OkHttpClient: Expires: 0
12-08 10:10:21.601  9674  9802 I okhttp.OkHttpClient: X-Frame-Options: DENY
12-08 10:10:21.601  9674  9802 I okhttp.OkHttpClient: Content-Type: application/json
12-08 10:10:21.602  9674  9802 I okhttp.OkHttpClient: Transfer-Encoding: chunked
12-08 10:10:21.602  9674  9802 I okhttp.OkHttpClient: Date: Thu, 08 Dec 2022 10:10:23 GMT
12-08 10:10:21.602  9674  9802 I okhttp.OkHttpClient: Keep-Alive: timeout=60
12-08 10:10:21.602  9674  9802 I okhttp.OkHttpClient: Connection: keep-alive
12-08 10:10:21.603  9674  9802 I okhttp.OkHttpClient: {"accessToken":"eyJhbGciOiJIUzUxMiJ9.eyJzdWIiOiJsb2dpbjIiLCJqdGkiOiIyIiwiZXhwIjoxNjcwNTgwNjIzfQ.NkgWXyJCzpbJzn8nZwEg57gUHoXUlhxODt_BTZbJtevXnpxu_gGxVQPG_C-vDaIGS3rP9qok1WSxEIaB5hD82g","refreshToken":"eyJhbGciOiJIUzUxMiJ9.eyJzdWIiOiJsb2dpbjIiLCJqdGkiOiIyIiwiZXhwIjoxNjczMDg2MjIzfQ.tX3BBfjNQmA1Bltk1frazSVB_AFS0RxMvZEsum-KcIk9hR9Y8As7SlA4haMe60Ox8C_wS0DPz2uR43eVl_1TEg"}
12-08 10:10:21.603  9674  9802 I okhttp.OkHttpClient: <-- END HTTP (368-byte body)
12-08 10:10:21.609  9674  9783 I okhttp.OkHttpClient: --> GET http://www.981757-ca08998.tmweb.ru:8080/fmh/authentication/userInfo
12-08 10:10:21.610  9674  9783 I okhttp.OkHttpClient: --> END GET
12-08 10:10:21.615  9674  9674 I ViewInteraction: Performing 'wait for a specific view with <an instance of android.widget.TextView and view.getText() with or without transformation to match: is "News"> during 10000 millis.' action on view view.getRootView() to equal view
12-08 10:10:21.788  9674  9783 I okhttp.OkHttpClient: <-- 200 http://www.981757-ca08998.tmweb.ru:8080/fmh/authentication/userInfo (177ms)
12-08 10:10:21.788  9674  9783 I okhttp.OkHttpClient: Vary: Origin
