12-08 10:10:21.788  9674  9783 I okhttp.OkHttpClient: Vary: Access-Control-Request-Method
12-08 10:10:21.788  9674  9783 I okhttp.OkHttpClient: Vary: Access-Control-Request-Headers
12-08 10:10:21.788  9674  9783 I okhttp.OkHttpClient: X-Content-Type-Options: nosniff
12-08 10:10:21.788  9674  9783 I okhttp.OkHttpClient: X-XSS-Protection: 1; mode=block
12-08 10:10:21.788  9674  9783 I okhttp.OkHttpClient: Cache-Control: no-cache, no-store, max-age=0, must-revalidate
12-08 10:10:21.788  9674  9783 I okhttp.OkHttpClient: Pragma: no-cache
12-08 10:10:21.788  9674  9783 I okhttp.OkHttpClient: Expires: 0
12-08 10:10:21.788  9674  9783 I okhttp.OkHttpClient: X-Frame-Options: DENY
12-08 10:10:21.788  9674  9783 I okhttp.OkHttpClient: Content-Type: application/json
12-08 10:10:21.788  9674  9783 I okhttp.OkHttpClient: Transfer-Encoding: chunked
12-08 10:10:21.788  9674  9783 I okhttp.OkHttpClient: Date: Thu, 08 Dec 2022 10:10:23 GMT
12-08 10:10:21.788  9674  9783 I okhttp.OkHttpClient: Keep-Alive: timeout=60
12-08 10:10:21.789  9674  9783 I okhttp.OkHttpClient: Connection: keep-alive
12-08 10:10:21.789  9674  9783 I okhttp.OkHttpClient: {"id":2,"firstName":"Данил","lastName":"Иванов","middleName":"Данилович","admin":true}
12-08 10:10:21.789  9674  9783 I okhttp.OkHttpClient: <-- END HTTP (106-byte body)
12-08 10:10:21.802  9674  9804 I okhttp.OkHttpClient: --> GET http://www.981757-ca08998.tmweb.ru:8080/fmh/claims
12-08 10:10:21.802  9674  9804 I okhttp.OkHttpClient: --> END GET
12-08 10:10:21.808  1744  9836 E ResolverController: No valid NAT64 prefix (106, <unspecified>/0)
12-08 10:10:21.928  9674  9674 I ViewInteraction: Checking 'MatchesViewAssertion{viewMatcher=(view has effective visibility <VISIBLE> and view.getGlobalVisibleRect() to return non-empty rectangle)}' assertion on view an instance of android.widget.TextView and view.getText() with or without transformation to match: is "News"
12-08 10:10:21.929  9674  9718 W teco.fmhandroi: Accessing hidden method Lsun/misc/Unsafe;->getObject(Ljava/lang/Object;J)Ljava/lang/Object; (greylist, linking, allowed)
12-08 10:10:22.215  9674  9674 I ViewInteraction: Performing 'wait for a specific view with <view.getId() is <2131230951>> during 10000 millis.' action on view view.getRootView() to equal view
12-08 10:10:22.227  9674  9674 I ViewInteraction: Checking 'MatchesViewAssertion{viewMatcher=(view has effective visibility <VISIBLE> and view.getGlobalVisibleRect() to return non-empty rectangle)}' assertion on view view.getId() is <2131230951/ru.iteco.fmhandroid:id/container_list_news_include_on_fragment_main>
12-08 10:10:22.232  9674  9674 I ViewInteraction: Performing 'wait for a specific view with <view.getId() is <2131230949>> during 10000 millis.' action on view view.getRootView() to equal view
12-08 10:10:22.237  9674  9674 I ViewInteraction: Checking 'MatchesViewAssertion{viewMatcher=(view has effective visibility <VISIBLE> and view.getGlobalVisibleRect() to return non-empty rectangle)}' assertion on view view.getId() is <2131230949/ru.iteco.fmhandroid:id/container_list_claim_include_on_fragment_main>
12-08 10:10:22.240  9674  9674 I ViewInteraction: Performing 'wait for a specific view with <an instance of android.widget.TextView and view.getText() with or without transformation to match: is "Claims"> during 10000 millis.' action on view view.getRootView() to equal view
12-08 10:10:22.246  9674  9674 I ViewInteraction: Checking 'MatchesViewAssertion{viewMatcher=(view has effective visibility <VISIBLE> and view.getGlobalVisibleRect() to return non-empty rectangle)}' assertion on view an instance of android.widget.TextView and view.getText() with or without transformation to match: is "Claims"
12-08 10:10:22.251  9674  9674 I ViewInteraction: Performing 'wait for a specific view with <view.getId() is <2131231123/ru.iteco.fmhandroid:id/main_menu_image_button>> during 10000 millis.' action on view view.getRootView() to equal view
12-08 10:10:22.257  9674  9674 I ViewInteraction: Performing 'single click' action on view view.getId() is <2131231123/ru.iteco.fmhandroid:id/main_menu_image_button>
12-08 10:10:22.361  1776  1825 D gralloc_ranchu: gralloc_alloc: Creating ashmem region of size 2015232
12-08 10:10:22.369  1776  1825 I chatty  : uid=1000(system) HwBinder:1776_1 identical 1 line
12-08 10:10:22.372  1776  1825 D gralloc_ranchu: gralloc_alloc: Creating ashmem region of size 2015232
12-08 10:10:22.394  9674  9770 D EGL_emulation: eglMakeCurrent: 0xdd81b860: ver 2 0 (tinfo 0xc3288080)
12-08 10:10:22.468  9674  9770 I chatty  : uid=10146(ru.iteco.fmhandroid) RenderThread identical 3 lines
12-08 10:10:22.486  9674  9770 D EGL_emulation: eglMakeCurrent: 0xdd81b860: ver 2 0 (tinfo 0xc3288080)
12-08 10:10:22.711  9674  9674 I ViewInteraction: Performing 'wait for a specific view with <an instance of android.widget.TextView and view.getText() with or without transformation to match: is "Claims"> during 10000 millis.' action on view view.getRootView() to equal view
12-08 10:10:22.717  9674  9674 I ViewInteraction: Performing 'single click' action on view an instance of android.widget.TextView and view.getText() with or without transformation to match: is "Claims"
12-08 10:10:22.874  9674  9805 I okhttp.OkHttpClient: --> GET http://www.981757-ca08998.tmweb.ru:8080/fmh/claims
12-08 10:10:22.874  9674  9805 I okhttp.OkHttpClient: --> END GET
12-08 10:10:22.934  9674  9770 D EGL_emulation: eglMakeCurrent: 0xdd81b860: ver 2 0 (tinfo 0xc3288080)
12-08 10:10:22.961  9674  9770 D EGL_emulation: eglMakeCurrent: 0xdd81b860: ver 2 0 (tinfo 0xc3288080)
12-08 10:10:23.194  9674  9674 I ViewInteraction: Performing 'wait for a specific view with <view.getId() is <2131230849/ru.iteco.fmhandroid:id/add_new_claim_material_button>> during 10000 millis.' action on view view.getRootView() to equal view
12-08 10:10:23.198  9674  9674 I ViewInteraction: Performing 'single click' action on view view.getId() is <2131230849/ru.iteco.fmhandroid:id/add_new_claim_material_button>
12-08 10:10:23.256  9674  9783 I okhttp.OkHttpClient: --> GET http://www.981757-ca08998.tmweb.ru:8080/fmh/users
12-08 10:10:23.256  9674  9783 I okhttp.OkHttpClient: --> END GET
12-08 10:10:23.485  9674  9674 I ViewInteraction: Performing 'wait for a specific view with <(view.getId() is <2131231402/ru.iteco.fmhandroid:id/title_edit_text> and view.getParent() view.getParent() view.getId() is <2131231406/ru.iteco.fmhandroid:id/title_text_input_layout>)> during 10000 millis.' action on view view.getRootView() to equal view
12-08 10:10:23.917  9674  9783 I okhttp.OkHttpClient: <-- 200 http://www.981757-ca08998.tmweb.ru:8080/fmh/users (660ms)
12-08 10:10:23.917  9674  9783 I okhttp.OkHttpClient: Vary: Origin
12-08 10:10:23.917  9674  9783 I okhttp.OkHttpClient: Vary: Access-Control-Request-Method
12-08 10:10:23.917  9674  9783 I okhttp.OkHttpClient: Vary: Access-Control-Request-Headers
12-08 10:10:23.917  9674  9783 I okhttp.OkHttpClient: X-Content-Type-Options: nosniff
12-08 10:10:23.917  9674  9783 I okhttp.OkHttpClient: X-XSS-Protection: 1; mode=block
12-08 10:10:23.917  9674  9783 I okhttp.OkHttpClient: Cache-Control: no-cache, no-store, max-age=0, must-revalidate
12-08 10:10:23.919  9674  9783 I okhttp.OkHttpClient: Pragma: no-cache
12-08 10:10:23.920  9674  9783 I okhttp.OkHttpClient: Expires: 0
12-08 10:10:23.920  9674  9783 I okhttp.OkHttpClient: X-Frame-Options: DENY
12-08 10:10:23.920  9674  9783 I okhttp.OkHttpClient: Content-Type: application/json
12-08 10:10:23.920  9674  9783 I okhttp.OkHttpClient: Transfer-Encoding: chunked
12-08 10:10:23.920  9674  9783 I okhttp.OkHttpClient: Date: Thu, 08 Dec 2022 10:10:25 GMT
12-08 10:10:23.923  9674  9783 I okhttp.OkHttpClient: Keep-Alive: timeout=60
12-08 10:10:23.924  9674  9783 I okhttp.OkHttpClient: Connection: keep-alive
12-08 10:10:23.927  9674  9783 I okhttp.OkHttpClient: [{"id":1,"firstName":"Петр","lastName":"Смирнов","middleName":"Петрович","admin":true},{"id":2,"firstName":"Данил","lastName":"Иванов","middleName":"Данил��вич","admin":true},{"id":3,"firstName":"Егор","lastName":"Петров","middleName":"Егорович","admin":false},{"id":4,"firstName":"Дмитрий","lastName":"Сидоров","middleName":"Дмитриевич","admin":false},{"id":5,"firstName":"Тест","lastName":"Тестов","middleName":"Тестович","admin":true},{"id":6,"firstName":"Diplom","lastName":"Netology","middleName":"QAMID","admin":true}]
12-08 10:10:23.928  9674  9783 I okhttp.OkHttpClient: <-- END HTTP (622-byte body)
12-08 10:10:24.131  9674  9674 I ViewInteraction: Performing 'replace text(Заголовок 8b0cb490-9239-4bee-a2c9-9b913b24ea8b)' action on view (view.getId() is <2131231402/ru.iteco.fmhandroid:id/title_edit_text> and view.getParent() view.getParent() view.getId() is <2131231406/ru.iteco.fmhandroid:id/title_text_input_layout>)
12-08 10:10:24.175  9674  9674 I ViewInteraction: Performing 'wait for a specific view with <view.getId() is <2131230975/ru.iteco.fmhandroid:id/date_in_plan_text_input_edit_text>> during 10000 millis.' action on view view.getRootView() to equal view
12-08 10:10:24.178  9674  9674 I ViewInteraction: Performing 'single click' action on view view.getId() is <2131230975/ru.iteco.fmhandroid:id/date_in_plan_text_input_edit_text>
12-08 10:10:24.355  1776  1825 D gralloc_ranchu: gralloc_alloc: Creating ashmem region of size 6778880
12-08 10:10:24.362  1776  1825 I chatty  : uid=1000(system) HwBinder:1776_1 identical 1 line
12-08 10:10:24.366  1776  1825 D gralloc_ranchu: gralloc_alloc: Creating ashmem region of size 6778880
12-08 10:10:24.381  9674  9770 D EGL_emulation: eglMakeCurrent: 0xdd81b860: ver 2 0 (tinfo 0xc3288080)
12-08 10:10:24.422  9674  9687 I teco.fmhandroi: Background concurrent copying GC freed 33079(1346KB) AllocSpace objects, 0(0B) LOS objects, 33% free, 11MB/17MB, paused 1.084ms total 130.256ms
12-08 10:10:24.425  9674  9770 D EGL_emulation: eglMakeCurrent: 0xdd81b860: ver 2 0 (tinfo 0xc3288080)
12-08 10:10:24.452  9674  9804 I okhttp.OkHttpClient: <-- 200 http://www.981757-ca08998.tmweb.ru:8080/fmh/claims (2649ms)
12-08 10:10:24.452  9674  9804 I okhttp.OkHttpClient: Vary: Origin
12-08 10:10:24.452  9674  9804 I okhttp.OkHttpClient: Vary: Access-Control-Request-Method
12-08 10:10:24.452  9674  9804 I okhttp.OkHttpClient: Vary: Access-Control-Request-Headers
12-08 10:10:24.452  9674  9804 I okhttp.OkHttpClient: X-Content-Type-Options: nosniff
12-08 10:10:24.452  9674  9804 I okhttp.OkHttpClient: X-XSS-Protection: 1; mode=block
12-08 10:10:24.452  9674  9804 I okhttp.OkHttpClient: Cache-Control: no-cache, no-store, max-age=0, must-revalidate
12-08 10:10:24.452  9674  9804 I okhttp.OkHttpClient: Pragma: no-cache
12-08 10:10:24.452  9674  9804 I okhttp.OkHttpClient: Expires: 0
12-08 10:10:24.452  9674  9804 I okhttp.OkHttpClient: X-Frame-Options: DENY
12-08 10:10:24.452  9674  9804 I okhttp.OkHttpClient: Content-Type: application/json
12-08 10:10:24.452  9674  9804 I okhttp.OkHttpClient: Transfer-Encoding: chunked
12-08 10:10:24.452  9674  9804 I okhttp.OkHttpClient: Date: Thu, 08 Dec 2022 10:10:25 GMT
12-08 10:10:24.453  9674  9804 I okhttp.OkHttpClient: Keep-Alive: timeout=60
12-08 10:10:24.453  9674  9804 I okhttp.OkHttpClient: Connection: keep-alive
12-08 10:10:24.456  9674  9770 D EGL_emulation: eglMakeCurrent: 0xdd81b860: ver 2 0 (tinfo 0xc3288080)
12-08 10:10:24.506  9674  9770 I chatty  : uid=10146(ru.iteco.fmhandroid) RenderThread identical 1 line
12-08 10:10:24.522  9674  9770 D EGL_emulation: eglMakeCurrent: 0xdd81b860: ver 2 0 (tinfo 0xc3288080)
12-08 10:10:24.827  9674  9674 I ViewInteraction: Performing 'wait for a specific view with <is assignable from class <class android.widget.DatePicker>> during 10000 millis.' action on view view.getRootView() to equal view
12-08 10:10:24.834  9674  9674 I ViewInteraction: Checking 'MatchesViewAssertion{viewMatcher=(view has effective visibility <VISIBLE> and view.getGlobalVisibleRect() to return non-empty rectangle)}' assertion on view is assignable from class <class android.widget.DatePicker>
12-08 10:10:24.838  9674  9674 I ViewInteraction: Performing 'wait for a specific view with <is assignable from class <class android.widget.DatePicker>> during 10000 millis.' action on view view.getRootView() to equal view
12-08 10:10:24.843  9674  9674 I ViewInteraction: Performing 'set date' action on view is assignable from class <class android.widget.DatePicker>
12-08 10:10:24.889  9674  9674 I ViewInteraction: Performing 'wait for a specific view with <view.getId() is <16908313/android:id/button1>> during 10000 millis.' action on view view.getRootView() to equal view
12-08 10:10:24.894  9674  9674 I ViewInteraction: Performing 'single click' action on view view.getId() is <16908313/android:id/button1>
12-08 10:10:24.989  9674  9770 D EGL_emulation: eglMakeCurrent: 0xdd81b860: ver 2 0 (tinfo 0xc3288080)
12-08 10:10:25.001  2018  5644 E InputDispatcher: Window handle Window{343ea20 u0 ru.iteco.fmhandroid/ru.iteco.fmhandroid.ui.AppActivity} has no registered input channel
12-08 10:10:25.015  9674  9770 D EGL_emulation: eglMakeCurrent: 0xdd81b860: ver 2 0 (tinfo 0xc3288080)
12-08 10:10:25.277  9674  9674 I ViewInteraction: Performing 'wait for a specific view with <(an instance of android.widget.TextView and view.getHint() matching: is "Time" and view.getParent() view.getParent() view.getId() is <2131231399/ru.iteco.fmhandroid:id/time_in_plan_text_input_layout>)> during 10000 millis.' action on view view.getRootView() to equal view
12-08 10:10:25.283  9674  9674 I ViewInteraction: Performing 'single click' action on view (an instance of android.widget.TextView and view.getHint() matching: is "Time" and view.getParent() view.getParent() view.getId() is <2131231399/ru.iteco.fmhandroid:id/time_in_plan_text_input_layout>)
12-08 10:10:25.462  1776  1825 D gralloc_ranchu: gralloc_alloc: Creating ashmem region of size 5718016
12-08 10:10:25.474  1776  1825 D gralloc_ranchu: gralloc_alloc: Creating ashmem region of size 5718016
12-08 10:10:25.476  1776  1927 D gralloc_ranchu: gralloc_alloc: Creating ashmem region of size 5718016
12-08 10:10:25.494  9674  9770 D EGL_emulation: eglMakeCurrent: 0xdd81b860: ver 2 0 (tinfo 0xc3288080)
12-08 10:10:25.547  9674  9770 I chatty  : uid=10146(ru.iteco.fmhandroid) RenderThread identical 2 lines
12-08 10:10:25.579  9674  9770 D EGL_emulation: eglMakeCurrent: 0xdd81b860: ver 2 0 (tinfo 0xc3288080)
12-08 10:10:26.021  9674  9674 I ViewInteraction: Performing 'wait for a specific view with <is assignable from class <class android.widget.TimePicker>> during 10000 millis.' action on view view.getRootView() to equal view
12-08 10:10:26.025  9674  9674 I ViewInteraction: Checking 'MatchesViewAssertion{viewMatcher=(view has effective visibility <VISIBLE> and view.getGlobalVisibleRect() to return non-empty rectangle)}' assertion on view is assignable from class <class android.widget.TimePicker>
12-08 10:10:26.030  9674  9674 I ViewInteraction: Performing 'wait for a specific view with <is assignable from class <class android.widget.TimePicker>> during 10000 millis.' action on view view.getRootView() to equal view
12-08 10:10:26.035  9674  9674 I ViewInteraction: Performing 'set time' action on view is assignable from class <class android.widget.TimePicker>
12-08 10:10:26.038  9674  9674 I ViewInteraction: Performing 'wait for a specific view with <view.getId() is <16908313/android:id/button1>> during 10000 millis.' action on view view.getRootView() to equal view
12-08 10:10:26.043  9674  9674 I ViewInteraction: Performing 'single click' action on view view.getId() is <16908313/android:id/button1>
12-08 10:10:26.100  9674  9770 D EGL_emulation: eglMakeCurrent: 0xdd81b860: ver 2 0 (tinfo 0xc3288080)
12-08 10:10:26.124  9674  9770 D EGL_emulation: eglMakeCurrent: 0xdd81b860: ver 2 0 (tinfo 0xc3288080)
12-08 10:10:26.133  2018  5644 E InputDispatcher: Window handle Window{5e4376f u0 ru.iteco.fmhandroid/ru.iteco.fmhandroid.ui.AppActivity} has no registered input channel
12-08 10:10:26.148  9674  9770 D EGL_emulation: eglMakeCurrent: 0xdd81b860: ver 2 0 (tinfo 0xc3288080)
12-08 10:10:26.165  2018  4653 E InputDispatcher: Window handle Window{5e4376f u0 ru.iteco.fmhandroid/ru.iteco.fmhandroid.ui.AppActivity} has no registered input channel
12-08 10:10:26.427  9674  9674 I ViewInteraction: Performing 'wait for a specific view with <(an instance of android.widget.TextView and view.getHint() matching: is "Description" and view.getParent() view.getParent() view.getId() is <2131230988/ru.iteco.fmhandroid:id/description_text_input_layout>)> during 10000 millis.' action on view view.getRootView() to equal view
12-08 10:10:26.432  9674  9674 I ViewInteraction: Performing 'replace text(Описание 0830a6d2-972f-42c0-af04-20c869879ad9)' action on view (an instance of android.widget.TextView and view.getHint() matching: is "Description" and view.getParent() view.getParent() view.getId() is <2131230988/ru.iteco.fmhandroid:id/description_text_input_layout>)
12-08 10:10:26.474  9674  9674 I ViewInteraction: Performing 'wait for a specific view with <view.getId() is <2131231291/ru.iteco.fmhandroid:id/save_button>> during 10000 millis.' action on view view.getRootView() to equal view
12-08 10:10:26.485  9674  9674 I ViewInteraction: Performing 'single click' action on view view.getId() is <2131231291/ru.iteco.fmhandroid:id/save_button>
12-08 10:10:26.502  9674  9805 I okhttp.OkHttpClient: <-- 200 http://www.981757-ca08998.tmweb.ru:8080/fmh/claims (3627ms)
12-08 10:10:26.502  9674  9805 I okhttp.OkHttpClient: Vary: Origin
12-08 10:10:26.502  9674  9805 I okhttp.OkHttpClient: Vary: Access-Control-Request-Method
12-08 10:10:26.506  9674  9805 I okhttp.OkHttpClient: Vary: Access-Control-Request-Headers
12-08 10:10:26.506  9674  9805 I okhttp.OkHttpClient: X-Content-Type-Options: nosniff
12-08 10:10:26.506  9674  9805 I okhttp.OkHttpClient: X-XSS-Protection: 1; mode=block
12-08 10:10:26.507  9674  9805 I okhttp.OkHttpClient: Cache-Control: no-cache, no-store, max-age=0, must-revalidate
12-08 10:10:26.507  9674  9805 I okhttp.OkHttpClient: Pragma: no-cache
12-08 10:10:26.507  9674  9805 I okhttp.OkHttpClient: Expires: 0
12-08 10:10:26.507  9674  9805 I okhttp.OkHttpClient: X-Frame-Options: DENY
12-08 10:10:26.507  9674  9805 I okhttp.OkHttpClient: Content-Type: application/json
12-08 10:10:26.508  9674  9805 I okhttp.OkHttpClient: Transfer-Encoding: chunked
12-08 10:10:26.508  9674  9805 I okhttp.OkHttpClient: Date: Thu, 08 Dec 2022 10:10:28 GMT
12-08 10:10:26.508  9674  9805 I okhttp.OkHttpClient: Keep-Alive: timeout=60
12-08 10:10:26.508  9674  9805 I okhttp.OkHttpClient: Connection: keep-alive
12-08 10:10:26.577  9674  9809 I okhttp.OkHttpClient: --> POST http://www.981757-ca08998.tmweb.ru:8080/fmh/claims
12-08 10:10:26.577  9674  9809 I okhttp.OkHttpClient: Content-Type: application/json; charset=UTF-8
12-08 10:10:26.577  9674  9809 I okhttp.OkHttpClient: Content-Length: 279
12-08 10:10:26.577  9674  9809 I okhttp.OkHttpClient: {"createDate":1670494226,"creatorId":2,"creatorName":"Иванов Данил Данилович","description":"Описание 0830a6d2-972f-42c0-af04-20c869879ad9","planExecuteDate":1676023800,"status":"OPEN","title":"Заголовок 8b0cb490-9239-4bee-a2c9-9b913b24ea8b"}
12-08 10:10:26.577  9674  9809 I okhttp.OkHttpClient: --> END POST (279-byte body)
12-08 10:10:26.583  1744  9839 E ResolverController: No valid NAT64 prefix (106, <unspecified>/0)
12-08 10:10:26.800  9674  9674 I ViewInteraction: Performing 'wait for a specific view with <view.getId() is <2131230849/ru.iteco.fmhandroid:id/add_new_claim_material_button>> during 10000 millis.' action on view view.getRootView() to equal view
12-08 10:10:26.909  9674  9809 I okhttp.OkHttpClient: <-- 200 http://www.981757-ca08998.tmweb.ru:8080/fmh/claims (331ms)
12-08 10:10:26.909  9674  9809 I okhttp.OkHttpClient: Vary: Origin
12-08 10:10:26.909  9674  9809 I okhttp.OkHttpClient: Vary: Access-Control-Request-Method
12-08 10:10:26.910  9674  9809 I okhttp.OkHttpClient: Vary: Access-Control-Request-Headers
12-08 10:10:26.910  9674  9809 I okhttp.OkHttpClient: X-Content-Type-Options: nosniff
12-08 10:10:26.910  9674  9809 I okhttp.OkHttpClient: X-XSS-Protection: 1; mode=block
12-08 10:10:26.910  9674  9809 I okhttp.OkHttpClient: Cache-Control: no-cache, no-store, max-age=0, must-revalidate
12-08 10:10:26.911  9674  9809 I okhttp.OkHttpClient: Pragma: no-cache
12-08 10:10:26.911  9674  9809 I okhttp.OkHttpClient: Expires: 0
12-08 10:10:26.913  9674  9809 I okhttp.OkHttpClient: X-Frame-Options: DENY
12-08 10:10:26.913  9674  9809 I okhttp.OkHttpClient: Content-Type: application/json
12-08 10:10:26.913  9674  9809 I okhttp.OkHttpClient: Transfer-Encoding: chunked
12-08 10:10:26.915  9674  9809 I okhttp.OkHttpClient: Date: Thu, 08 Dec 2022 10:10:28 GMT
12-08 10:10:26.916  9674  9809 I okhttp.OkHttpClient: Keep-Alive: timeout=60
12-08 10:10:26.918  9674  9809 I okhttp.OkHttpClient: Connection: keep-alive
12-08 10:10:26.921  9674  9809 I okhttp.OkHttpClient: {"id":2688,"title":"Заголовок 8b0cb490-9239-4bee-a2c9-9b913b24ea8b","description":"Описание 0830a6d2-972f-42c0-af04-20c869879ad9","creatorId":2,"executorId":null,"createDate":1670494226,"planExecuteDate":1676023800,"factExecuteDate":null,"status":"OPEN","creatorName":"Иванов Данил Данилович","executorName":null}
12-08 10:10:26.921  9674  9809 I okhttp.OkHttpClient: <-- END HTTP (350-byte body)
12-08 10:10:27.039  9674  9674 I ViewInteraction: Performing 'single click' action on view view.getId() is <2131230849/ru.iteco.fmhandroid:id/add_new_claim_material_button>
12-08 10:10:27.226  9674  9783 I okhttp.OkHttpClient: --> GET http://www.981757-ca08998.tmweb.ru:8080/fmh/users
12-08 10:10:27.227  9674  9783 I okhttp.OkHttpClient: --> END GET
12-08 10:10:27.420  9674  9783 I okhttp.OkHttpClient: <-- 200 http://www.981757-ca08998.tmweb.ru:8080/fmh/users (192ms)
12-08 10:10:27.420  9674  9783 I okhttp.OkHttpClient: Vary: Origin
12-08 10:10:27.420  9674  9783 I okhttp.OkHttpClient: Vary: Access-Control-Request-Method
12-08 10:10:27.420  9674  9783 I okhttp.OkHttpClient: Vary: Access-Control-Request-Headers
12-08 10:10:27.421  9674  9783 I okhttp.OkHttpClient: X-Content-Type-Options: nosniff
12-08 10:10:27.421  9674  9783 I okhttp.OkHttpClient: X-XSS-Protection: 1; mode=block
12-08 10:10:27.421  9674  9783 I okhttp.OkHttpClient: Cache-Control: no-cache, no-store, max-age=0, must-revalidate
12-08 10:10:27.421  9674  9783 I okhttp.OkHttpClient: Pragma: no-cache
12-08 10:10:27.421  9674  9783 I okhttp.OkHttpClient: Expires: 0
12-08 10:10:27.421  9674  9783 I okhttp.OkHttpClient: X-Frame-Options: DENY
12-08 10:10:27.421  9674  9783 I okhttp.OkHttpClient: Content-Type: application/json
12-08 10:10:27.421  9674  9783 I okhttp.OkHttpClient: Transfer-Encoding: chunked
12-08 10:10:27.423  9674  9783 I okhttp.OkHttpClient: Date: Thu, 08 Dec 2022 10:10:28 GMT
12-08 10:10:27.424  9674  9783 I okhttp.OkHttpClient: Keep-Alive: timeout=60
12-08 10:10:27.425  9674  9783 I okhttp.OkHttpClient: Connection: keep-alive
12-08 10:10:27.428  9674  9783 I okhttp.OkHttpClient: [{"id":1,"firstName":"Петр","lastName":"Смирнов","middleName":"Петрович","admin":true},{"id":2,"firstName":"Данил","lastName":"Иванов","middleName":"Данилович","admin":true},{"id":3,"firstName":"Егор","lastName":"Петров","middleName":"Егорович","admin":false},{"id":4,"firstName":"Дмитрий","lastName":"Сидоров","middleName":"Дмитриевич","admin":false},{"id":5,"firstName":"Тест","lastName":"Тестов","middleName":"Тестович","admin":true},{"id":6,"firstName":"Diplom","lastName":"Netology","middleName":"QAMID","admin":true}]
12-08 10:10:27.428  9674  9783 I okhttp.OkHttpClient: <-- END HTTP (622-byte body)
12-08 10:10:27.632  9674  9674 I ViewInteraction: Performing 'wait for a specific view with <view.getId() is <2131231041/ru.iteco.fmhandroid:id/executor_drop_menu_auto_complete_text_view>> during 10000 millis.' action on view view.getRootView() to equal view
12-08 10:10:27.643  9674  9674 I ViewInteraction: Performing 'single click' action on view view.getId() is <2131231041/ru.iteco.fmhandroid:id/executor_drop_menu_auto_complete_text_view>
12-08 10:10:27.785  1776  1927 D gralloc_ranchu: gralloc_alloc: Creating ashmem region of size 4116480
12-08 10:10:27.793  1776  1927 I chatty  : uid=1000(system) HwBinder:1776_3 identical 1 line
12-08 10:10:27.794  1776  1927 D gralloc_ranchu: gralloc_alloc: Creating ashmem region of size 4116480
12-08 10:10:27.807  9674  9770 D EGL_emulation: eglMakeCurrent: 0xdd81b860: ver 2 0 (tinfo 0xc3288080)
12-08 10:10:27.853  9674  9674 I AssistStructure: Flattened final assist data: 6984 bytes, containing 2 windows, 53 views
12-08 10:10:27.871  2018  3005 D AutofillSession: Starting partition or augmented request for view id 1073741845@1309308013: STARTED_SESSION
12-08 10:10:27.877  2537  2537 W GInputConnectionWrapper: IPC IC_GET_TEXT_BEFORE_CURSOR_AND_FIX_SELECTION_INDICES took 149 ms
12-08 10:10:27.881  2656  2656 W ktk     : Pending fill request while another request in the same session was triggered. [CONTEXT service_id=177 ]
12-08 10:10:27.895  9674  9770 D EGL_emulation: eglMakeCurrent: 0xdd81b860: ver 2 0 (tinfo 0xc3288080)
12-08 10:10:27.918  9674  9674 I AssistStructure: Flattened final assist data: 6984 bytes, containing 2 windows, 53 views
12-08 10:10:27.921  2018  2051 D AutofillUI: destroySaveUiUiThread(): already destroyed
12-08 10:10:27.934  2656  2656 W ktk     : Pending fill request while another request in the same session was triggered. [CONTEXT service_id=177 ]
12-08 10:10:27.940  9674  9770 D EGL_emulation: eglMakeCurrent: 0xdd81b860: ver 2 0 (tinfo 0xc3288080)
12-08 10:10:27.947  2537  2537 I KeyboardViewUtil: systemKeyboardHeightRatio:1.000000; userKeyboardHeightRatio:1.000000.
12-08 10:10:27.947  2537  2537 I AndroidIME: LatinIme.onActivate() : EditorInfo = Package = ru.iteco.fmhandroid : Type = Text : Learning = Disable : Suggestion = Show : AutoCorrection = Disable : Microphone = Show : NoPersonalizedLearning = Disable
12-08 10:10:27.958  2537  2537 I Conv2QueryExtension: Current locale: en_US, config allows these locales: de,en,es,fr,it,ms,pt,ta
12-08 10:10:27.958  2537  2537 I Conv2QueryExtension: Conv2Query not enabled due to current app [ru.iteco.fmhandroid] not in whitelist
12-08 10:10:27.958  2537  2537 I Conv2QueryExtension: onActivate() : Disabled by unsupported host app
12-08 10:10:27.979  1776  1927 D gralloc_ranchu: gralloc_alloc: Creating ashmem region of size 9826304
12-08 10:10:27.986  2170  2566 D EGL_emulation: eglMakeCurrent: 0xe594e040: ver 2 0 (tinfo 0xc52450c0)
12-08 10:10:27.989  1776  1927 D gralloc_ranchu: gralloc_alloc: Creating ashmem region of size 9826304
12-08 10:10:28.006  1776  1927 D gralloc_ranchu: gralloc_alloc: Creating ashmem region of size 9826304
12-08 10:10:28.012  2537  8546 D EGL_emulation: eglMakeCurrent: 0xc286ce00: ver 2 0 (tinfo 0xc335ede0)
12-08 10:10:28.058  9674  9770 D EGL_emulation: eglMakeCurrent: 0xdd81b860: ver 2 0 (tinfo 0xc3288080)
12-08 10:10:28.097  1776  1927 D gralloc_ranchu: gralloc_alloc: Creating ashmem region of size 3072000
12-08 10:10:28.112  9674  9770 D EGL_emulation: eglMakeCurrent: 0xdd81b860: ver 2 0 (tinfo 0xc3288080)
12-08 10:10:28.127  1776  1927 D gralloc_ranchu: gralloc_alloc: Creating ashmem region of size 3072000
12-08 10:10:28.135  9674  9770 D EGL_emulation: eglMakeCurrent: 0xdd81b860: ver 2 0 (tinfo 0xc3288080)
12-08 10:10:28.149  9674  9770 D EGL_emulation: eglMakeCurrent: 0xdd81b860: ver 2 0 (tinfo 0xc3288080)
12-08 10:10:28.159  1776  1927 D gralloc_ranchu: gralloc_alloc: Creating ashmem region of size 3072000
12-08 10:10:28.201  9674  9770 D EGL_emulation: eglMakeCurrent: 0xdd81b860: ver 2 0 (tinfo 0xc3288080)
12-08 10:10:28.236  9674  9674 I ViewInteraction: Performing 'close keyboard' action on view view.getRootView() to equal view
12-08 10:10:28.242  2537  2537 I PhenotypeExpConfig: refreshConfiguration() : Force = false : UpdateAvailable = false : Age = 58 minutes : MaxAge = 720 minutes
12-08 10:10:28.250  2537  2537 I AndroidIME: LatinIme.onDeactivate()
12-08 10:10:28.269  2537  8546 D EGL_emulation: eglMakeCurrent: 0xc286ce00: ver 2 0 (tinfo 0xc335ede0)
12-08 10:10:28.368  1776  1927 D gralloc_ranchu: gralloc_alloc: Creating ashmem region of size 4116480
12-08 10:10:28.383  9674  9770 D EGL_emulation: eglMakeCurrent: 0xdd81b860: ver 2 0 (tinfo 0xc3288080)
12-08 10:10:28.398  1776  1927 D gralloc_ranchu: gralloc_alloc: Creating ashmem region of size 4116480
12-08 10:10:28.401  9674  9770 D EGL_emulation: eglMakeCurrent: 0xdd81b860: ver 2 0 (tinfo 0xc3288080)
12-08 10:10:28.416  9674  9770 D EGL_emulation: eglMakeCurrent: 0xdd81b860: ver 2 0 (tinfo 0xc3288080)
12-08 10:10:28.430  1776  1927 D gralloc_ranchu: gralloc_alloc: Creating ashmem region of size 4116480
12-08 10:10:28.563  9674  9674 I ViewInteraction: Performing 'single click' action on view an instance of android.widget.TextView and view.getText() with or without transformation to match: is "Иванов Данил Данилович"
12-08 10:10:28.709  9674  9770 D EGL_emulation: eglMakeCurrent: 0xdd81b860: ver 2 0 (tinfo 0xc3288080)
12-08 10:10:28.731  9674  9770 D EGL_emulation: eglMakeCurrent: 0xdd81b860: ver 2 0 (tinfo 0xc3288080)
12-08 10:10:28.732  2018  3005 E InputDispatcher: Window handle Window{123f762 u0 PopupWindow:e3133cd} has no registered input channel
12-08 10:10:28.840  9674  9674 I ViewInteraction: Performing 'wait for a specific view with <(view.getId() is <2131231402/ru.iteco.fmhandroid:id/title_edit_text> and view.getParent() view.getParent() view.getId() is <2131231406/ru.iteco.fmhandroid:id/title_text_input_layout>)> during 10000 millis.' action on view view.getRootView() to equal view
12-08 10:10:28.845  9674  9674 I ViewInteraction: Performing 'replace text(Заголовок 2de6f501-fed1-4b4a-93d1-82cf9d0fb914)' action on view (view.getId() is <2131231402/ru.iteco.fmhandroid:id/title_edit_text> and view.getParent() view.getParent() view.getId() is <2131231406/ru.iteco.fmhandroid:id/title_text_input_layout>)
12-08 10:10:28.888  9674  9674 I ViewInteraction: Performing 'wait for a specific view with <view.getId() is <2131230975/ru.iteco.fmhandroid:id/date_in_plan_text_input_edit_text>> during 10000 millis.' action on view view.getRootView() to equal view
12-08 10:10:28.894  9674  9674 I ViewInteraction: Performing 'single click' action on view view.getId() is <2131230975/ru.iteco.fmhandroid:id/date_in_plan_text_input_edit_text>
12-08 10:10:29.053  1776  1927 D gralloc_ranchu: gralloc_alloc: Creating ashmem region of size 6778880
12-08 10:10:29.061  1776  1927 I chatty  : uid=1000(system) HwBinder:1776_3 identical 1 line
12-08 10:10:29.063  1776  1927 D gralloc_ranchu: gralloc_alloc: Creating ashmem region of size 6778880
12-08 10:10:29.073  9674  9770 D EGL_emulation: eglMakeCurrent: 0xdd81b860: ver 2 0 (tinfo 0xc3288080)
12-08 10:10:29.289  9674  9770 I chatty  : uid=10146(ru.iteco.fmhandroid) RenderThread identical 6 lines
12-08 10:10:29.304  9674  9770 D EGL_emulation: eglMakeCurrent: 0xdd81b860: ver 2 0 (tinfo 0xc3288080)
12-08 10:10:29.305  9674  9687 I teco.fmhandroi: Background concurrent copying GC freed 81075(3636KB) AllocSpace objects, 1(16KB) LOS objects, 29% free, 14MB/20MB, paused 932us total 148.907ms
12-08 10:10:29.321  9674  9770 D EGL_emulation: eglMakeCurrent: 0xdd81b860: ver 2 0 (tinfo 0xc3288080)
12-08 10:10:29.352  9674  9770 I chatty  : uid=10146(ru.iteco.fmhandroid) RenderThread identical 2 lines
12-08 10:10:29.371  9674  9770 D EGL_emulation: eglMakeCurrent: 0xdd81b860: ver 2 0 (tinfo 0xc3288080)
12-08 10:10:29.741  9674  9674 I ViewInteraction: Performing 'wait for a specific view with <is assignable from class <class android.widget.DatePicker>> during 10000 millis.' action on view view.getRootView() to equal view
12-08 10:10:29.745  9674  9674 I ViewInteraction: Checking 'MatchesViewAssertion{viewMatcher=(view has effective visibility <VISIBLE> and view.getGlobalVisibleRect() to return non-empty rectangle)}' assertion on view is assignable from class <class android.widget.DatePicker>
12-08 10:10:29.750  9674  9674 I ViewInteraction: Performing 'wait for a specific view with <is assignable from class <class android.widget.DatePicker>> during 10000 millis.' action on view view.getRootView() to equal view
12-08 10:10:29.755  9674  9674 I ViewInteraction: Performing 'set date' action on view is assignable from class <class android.widget.DatePicker>
12-08 10:10:29.781  9674  9770 D EGL_emulation: eglMakeCurrent: 0xdd81b860: ver 2 0 (tinfo 0xc3288080)
12-08 10:10:29.798  9674  9674 I ViewInteraction: Performing 'wait for a specific view with <view.getId() is <16908313/android:id/button1>> during 10000 millis.' action on view view.getRootView() to equal view
12-08 10:10:29.805  9674  9674 I ViewInteraction: Performing 'single click' action on view view.getId() is <16908313/android:id/button1>
12-08 10:10:29.913  9674  9770 D EGL_emulation: eglMakeCurrent: 0xdd81b860: ver 2 0 (tinfo 0xc3288080)
12-08 10:10:29.932  2018  2127 E InputDispatcher: Window handle Window{4a68c79 u0 ru.iteco.fmhandroid/ru.iteco.fmhandroid.ui.AppActivity} has no registered input channel
12-08 10:10:29.932  9674  9770 D EGL_emulation: eglMakeCurrent: 0xdd81b860: ver 2 0 (tinfo 0xc3288080)
12-08 10:10:30.213  9674  9674 I ViewInteraction: Performing 'wait for a specific view with <(an instance of android.widget.TextView and view.getHint() matching: is "Time" and view.getParent() view.getParent() view.getId() is <2131231399/ru.iteco.fmhandroid:id/time_in_plan_text_input_layout>)> during 10000 millis.' action on view view.getRootView() to equal view
12-08 10:10:30.218  9674  9674 I ViewInteraction: Performing 'single click' action on view (an instance of android.widget.TextView and view.getHint() matching: is "Time" and view.getParent() view.getParent() view.getId() is <2131231399/ru.iteco.fmhandroid:id/time_in_plan_text_input_layout>)
12-08 10:10:30.313  1788  1978 D AF::Track: interceptBuffer: took 434us to intercept 0 tracks
12-08 10:10:30.416  1776  1927 D gralloc_ranchu: gralloc_alloc: Creating ashmem region of size 5718016
12-08 10:10:30.427  1776  1927 I chatty  : uid=1000(system) HwBinder:1776_3 identical 1 line
12-08 10:10:30.428  1776  1927 D gralloc_ranchu: gralloc_alloc: Creating ashmem region of size 5718016
12-08 10:10:30.439  9674  9770 D EGL_emulation: eglMakeCurrent: 0xdd81b860: ver 2 0 (tinfo 0xc3288080)
12-08 10:10:30.492  9674  9770 I chatty  : uid=10146(ru.iteco.fmhandroid) RenderThread identical 2 lines
12-08 10:10:30.521  9674  9770 D EGL_emulation: eglMakeCurrent: 0xdd81b860: ver 2 0 (tinfo 0xc3288080)
12-08 10:10:30.755  9674  9674 I ViewInteraction: Performing 'wait for a specific view with <is assignable from class <class android.widget.TimePicker>> during 10000 millis.' action on view view.getRootView() to equal view
12-08 10:10:30.760  9674  9674 I ViewInteraction: Checking 'MatchesViewAssertion{viewMatcher=(view has effective visibility <VISIBLE> and view.getGlobalVisibleRect() to return non-empty rectangle)}' assertion on view is assignable from class <class android.widget.TimePicker>
12-08 10:10:30.766  9674  9674 I ViewInteraction: Performing 'wait for a specific view with <is assignable from class <class android.widget.TimePicker>> during 10000 millis.' action on view view.getRootView() to equal view
12-08 10:10:30.770  9674  9674 I ViewInteraction: Performing 'set time' action on view is assignable from class <class android.widget.TimePicker>
12-08 10:10:30.775  9674  9674 I ViewInteraction: Performing 'wait for a specific view with <view.getId() is <16908313/android:id/button1>> during 10000 millis.' action on view view.getRootView() to equal view
12-08 10:10:30.780  9674  9674 I ViewInteraction: Performing 'single click' action on view view.getId() is <16908313/android:id/button1>
12-08 10:10:30.833  9674  9770 D EGL_emulation: eglMakeCurrent: 0xdd81b860: ver 2 0 (tinfo 0xc3288080)
12-08 10:10:30.856  9674  9770 D EGL_emulation: eglMakeCurrent: 0xdd81b860: ver 2 0 (tinfo 0xc3288080)
12-08 10:10:30.866  2018  4653 E InputDispatcher: Window handle Window{1eb077a u0 ru.iteco.fmhandroid/ru.iteco.fmhandroid.ui.AppActivity} has no registered input channel
12-08 10:10:30.887  9674  9770 D EGL_emulation: eglMakeCurrent: 0xdd81b860: ver 2 0 (tinfo 0xc3288080)
12-08 10:10:31.154  9674  9674 I ViewInteraction: Performing 'wait for a specific view with <(an instance of android.widget.TextView and view.getHint() matching: is "Description" and view.getParent() view.getParent() view.getId() is <2131230988/ru.iteco.fmhandroid:id/description_text_input_layout>)> during 10000 millis.' action on view view.getRootView() to equal view
12-08 10:10:31.158  9674  9674 I ViewInteraction: Performing 'replace text(Описание a3503b71-cbfc-4599-b29f-731c1a235ece)' action on view (an instance of android.widget.TextView and view.getHint() matching: is "Description" and view.getParent() view.getParent() view.getId() is <2131230988/ru.iteco.fmhandroid:id/description_text_input_layout>)
12-08 10:10:31.199  9674  9674 I ViewInteraction: Performing 'wait for a specific view with <view.getId() is <2131231291/ru.iteco.fmhandroid:id/save_button>> during 10000 millis.' action on view view.getRootView() to equal view
12-08 10:10:31.207  9674  9674 I ViewInteraction: Performing 'single click' action on view view.getId() is <2131231291/ru.iteco.fmhandroid:id/save_button>
12-08 10:10:31.271  9674  9809 I okhttp.OkHttpClient: --> POST http://www.981757-ca08998.tmweb.ru:8080/fmh/claims
12-08 10:10:31.272  9674  9809 I okhttp.OkHttpClient: Content-Type: application/json; charset=UTF-8
12-08 10:10:31.272  9674  9809 I okhttp.OkHttpClient: Content-Length: 294
12-08 10:10:31.274  9674  9809 I okhttp.OkHttpClient: {"createDate":1670494231,"creatorId":2,"creatorName":"Иванов Данил Данилович","description":"Описание a3503b71-cbfc-4599-b29f-731c1a235ece","executorId":2,"planExecuteDate":1686651000,"status":"OPEN","title":"Заголовок 2de6f501-fed1-4b4a-93d1-82cf9d0fb914"}
12-08 10:10:31.274  9674  9809 I okhttp.OkHttpClient: --> END POST (294-byte body)
12-08 10:10:31.507  9674  9674 I ViewInteraction: Performing 'wait for a specific view with <view.getId() is <2131230916/ru.iteco.fmhandroid:id/claim_list_recycler_view>> during 10000 millis.' action on view view.getRootView() to equal view
12-08 10:10:32.437  9674  9809 I okhttp.OkHttpClient: <-- 200 http://www.981757-ca08998.tmweb.ru:8080/fmh/claims (1162ms)
12-08 10:10:32.437  9674  9809 I okhttp.OkHttpClient: Vary: Origin
12-08 10:10:32.437  9674  9809 I okhttp.OkHttpClient: Vary: Access-Control-Request-Method
12-08 10:10:32.438  9674  9809 I okhttp.OkHttpClient: Vary: Access-Control-Request-Headers
12-08 10:10:32.438  9674  9809 I okhttp.OkHttpClient: X-Content-Type-Options: nosniff
12-08 10:10:32.438  9674  9809 I okhttp.OkHttpClient: X-XSS-Protection: 1; mode=block
12-08 10:10:32.438  9674  9809 I okhttp.OkHttpClient: Cache-Control: no-cache, no-store, max-age=0, must-revalidate
12-08 10:10:32.439  9674  9809 I okhttp.OkHttpClient: Pragma: no-cache
12-08 10:10:32.439  9674  9809 I okhttp.OkHttpClient: Expires: 0
12-08 10:10:32.439  9674  9809 I okhttp.OkHttpClient: X-Frame-Options: DENY
12-08 10:10:32.439  9674  9809 I okhttp.OkHttpClient: Content-Type: application/json
12-08 10:10:32.439  9674  9809 I okhttp.OkHttpClient: Transfer-Encoding: chunked
12-08 10:10:32.439  9674  9809 I okhttp.OkHttpClient: Date: Thu, 08 Dec 2022 10:10:33 GMT
12-08 10:10:32.439  9674  9809 I okhttp.OkHttpClient: Keep-Alive: timeout=60
12-08 10:10:32.439  9674  9809 I okhttp.OkHttpClient: Connection: keep-alive
12-08 10:10:32.441  9674  9809 I okhttp.OkHttpClient: {"id":2689,"title":"Заголовок 2de6f501-fed1-4b4a-93d1-82cf9d0fb914","description":"Описание a3503b71-cbfc-4599-b29f-731c1a235ece","creatorId":2,"executorId":2,"createDate":1670494231,"planExecuteDate":1686651000,"factExecuteDate":null,"status":"IN_PROGRESS","creatorName":"Иванов Данил Данилович","executorName":"Иванов Данил Данилович"}
12-08 10:10:32.441  9674  9809 I okhttp.OkHttpClient: <-- END HTTP (394-byte body)
12-08 10:10:32.543  9674  9674 I ViewInteraction: Checking 'MatchesViewAssertion{viewMatcher=(view has effective visibility <VISIBLE> and view.getGlobalVisibleRect() to return non-empty rectangle)}' assertion on view view.getId() is <2131230916/ru.iteco.fmhandroid:id/claim_list_recycler_view>
12-08 10:10:32.554  9674  9674 I ViewInteraction: Performing 'scroll RecyclerView to: holder with view: (view is an instance of android.view.ViewGroup and has descendant matching an instance of android.widget.TextView and view.getText() with or without transformation to match: is "Заголовок 2de6f501-fed1-4b4a-93d1-82cf9d0fb914")' action on view view.getId() is <2131230916/ru.iteco.fmhandroid:id/claim_list_recycler_view>
12-08 10:10:32.560  9674  9674 D takeScreenshot: Found 1 global views to redraw
12-08 10:10:32.587  1776  1927 D gralloc_ranchu: gralloc_alloc: Creating ashmem region of size 10108928
12-08 10:10:32.632  9674  9718 W DefaultFailureHandler: Failed to take screenshot
12-08 10:10:32.632  9674  9718 W DefaultFailureHandler: java.io.FileNotFoundException: view-op-error-4.png: open failed: EROFS (Read-only file system)
12-08 10:10:32.632  9674  9718 W DefaultFailureHandler: 	at libcore.io.IoBridge.open(IoBridge.java:496)
12-08 10:10:32.632  9674  9718 W DefaultFailureHandler: 	at java.io.FileOutputStream.<init>(FileOutputStream.java:235)
12-08 10:10:32.632  9674  9718 W DefaultFailureHandler: 	at java.io.FileOutputStream.<init>(FileOutputStream.java:125)
12-08 10:10:32.632  9674  9718 W DefaultFailureHandler: 	at androidx.test.platform.io.FileTestStorage.openOutputFile(FileTestStorage.java:60)
12-08 10:10:32.632  9674  9718 W DefaultFailureHandler: 	at androidx.test.core.graphics.BitmapStorage.writeToTestStorage(BitmapStorageExt.kt:49)
12-08 10:10:32.632  9674  9718 W DefaultFailureHandler: 	at androidx.test.espresso.base.DefaultFailureHandler.takeScreenshot(DefaultFailureHandler.java:4)
12-08 10:10:32.632  9674  9718 W DefaultFailureHandler: 	at androidx.test.espresso.base.DefaultFailureHandler.handle(DefaultFailureHandler.java:3)
12-08 10:10:32.632  9674  9718 W DefaultFailureHandler: 	at androidx.test.espresso.ViewInteraction.waitForAndHandleInteractionResults(ViewInteraction.java:8)
12-08 10:10:32.632  9674  9718 W DefaultFailureHandler: 	at androidx.test.espresso.ViewInteraction.desugaredPerform(ViewInteraction.java:11)
12-08 10:10:32.632  9674  9718 W DefaultFailureHandler: 	at androidx.test.espresso.ViewInteraction.perform(ViewInteraction.java:8)
12-08 10:10:32.632  9674  9718 W DefaultFailureHandler: 	at ru.iteco.fmhandroid.ui.steps.ClaimsPageSteps.scrollToElementInRecyclerList(ClaimsPageSteps.java:127)
12-08 10:10:32.632  9674  9718 W DefaultFailureHandler: 	at ru.iteco.fmhandroid.ui.steps.ClaimsPageSteps.openClaimCard(ClaimsPageSteps.java:150)
12-08 10:10:32.632  9674  9718 W DefaultFailureHandler: 	at ru.iteco.fmhandroid.ui.steps.CreatingClaimsSteps.createClaim(CreatingClaimsSteps.java:118)
12-08 10:10:32.632  9674  9718 W DefaultFailureHandler: 	at ru.iteco.fmhandroid.ui.steps.CreatingClaimsSteps.createClaims(CreatingClaimsSteps.java:131)
12-08 10:10:32.632  9674  9718 W DefaultFailureHandler: 	at ru.iteco.fmhandroid.ui.FilterClaimsPageTest.shouldFilterClaimsWithStatusOpenAndInProgress(FilterClaimsPageTest.java:200)
12-08 10:10:32.632  9674  9718 W DefaultFailureHandler: 	at java.lang.reflect.Method.invoke(Native Method)
12-08 10:10:32.632  9674  9718 W DefaultFailureHandler: 	at org.junit.runners.model.FrameworkMethod$1.runReflectiveCall(FrameworkMethod.java:59)
12-08 10:10:32.632  9674  9718 W DefaultFailureHandler: 	at org.junit.internal.runners.model.ReflectiveCallable.run(ReflectiveCallable.java:12)
12-08 10:10:32.632  9674  9718 W DefaultFailureHandler: 	at org.junit.runners.model.FrameworkMethod.invokeExplosively(FrameworkMethod.java:56)
12-08 10:10:32.632  9674  9718 W DefaultFailureHandler: 	at org.junit.internal.runners.statements.InvokeMethod.evaluate(InvokeMethod.java:17)
12-08 10:10:32.632  9674  9718 W DefaultFailureHandler: 	at androidx.test.internal.runner.junit4.statement.RunBefores.evaluate(RunBefores.java:80)
12-08 10:10:32.632  9674  9718 W DefaultFailureHandler: 	at io.qameta.allure.android.rules.ScreenshotRule$apply$1.evaluate(ScreenshotRule.kt:22)
12-08 10:10:32.632  9674  9718 W DefaultFailureHandler: 	at org.junit.rules.ExternalResource$1.evaluate(ExternalResource.java:54)
12-08 10:10:32.632  9674  9718 W DefaultFailureHandler: 	at io.qameta.allure.android.rules.LogcatRule$apply$1.evaluate(LogcatRule.kt:23)
12-08 10:10:32.632  9674  9718 W DefaultFailureHandler: 	at org.junit.rules.RunRules.evaluate(RunRules.java:20)
12-08 10:10:32.632  9674  9718 W DefaultFailureHandler: 	at org.junit.runners.ParentRunner$3.evaluate(ParentRunner.java:306)
12-08 10:10:32.632  9674  9718 W DefaultFailureHandler: 	at org.junit.runners.BlockJUnit4ClassRunner$1.evaluate(BlockJUnit4ClassRunner.java:100)
12-08 10:10:32.632  9674  9718 W DefaultFailureHandler: 	at org.junit.runners.ParentRunner.runLeaf(ParentRunner.java:366)
12-08 10:10:32.632  9674  9718 W DefaultFailureHandler: 	at org.junit.runners.BlockJUnit4ClassRunner.runChild(BlockJUnit4ClassRunner.java:103)
12-08 10:10:32.632  9674  9718 W DefaultFailureHandler: 	at org.junit.runners.BlockJUnit4ClassRunner.runChild(BlockJUnit4ClassRunner.java:63)
12-08 10:10:32.632  9674  9718 W DefaultFailureHandler: 	at org.junit.runners.ParentRunner$4.run(ParentRunner.java:331)
12-08 10:10:32.632  9674  9718 W DefaultFailureHandler: 	at org.junit.runners.ParentRunner$1.schedule(ParentRunner.java:79)
12-08 10:10:32.632  9674  9718 W DefaultFailureHandler: 	at org.junit.runners.ParentRunner.runChildren(ParentRunner.java:329)
12-08 10:10:32.632  9674  9718 W DefaultFailureHandler: 	at org.junit.runners.ParentRunner.access$100(ParentRunner.java:66)
12-08 10:10:32.632  9674  9718 W DefaultFailureHandler: 	at org.junit.runners.ParentRunner$2.evaluate(ParentRunner.java:293)
12-08 10:10:32.632  9674  9718 W DefaultFailureHandler: 	at org.junit.runners.ParentRunner$3.evaluate(ParentRunner.java:306)
12-08 10:10:32.632  9674  9718 W DefaultFailureHandler: 	at org.junit.runners.ParentRunner.run(ParentRunner.java:413)
12-08 10:10:32.632  9674  9718 W DefaultFailureHandler: 	at androidx.test.ext.junit.runners.AndroidJUnit4.run(AndroidJUnit4.java:162)
12-08 10:10:32.632  9674  9718 W DefaultFailureHandler: 	at io.qameta.allure.android.runners.AllureAndroidJUnit4.run(AllureAndroidJUnitRunners.kt:29)
12-08 10:10:32.632  9674  9718 W DefaultFailureHandler: 	at org.junit.runners.Suite.runChild(Suite.java:128)
12-08 10:10:32.632  9674  9718 W DefaultFailureHandler: 	at org.junit.runners.Suite.runChild(Suite.java:27)
12-08 10:10:32.632  9674  9718 W DefaultFailureHandler: 	at org.junit.runners.ParentRunner$4.run(ParentRunner.java:331)
12-08 10:10:32.632  9674  9718 W DefaultFailureHandler: 	at org.junit.runners.ParentRunner$1.schedule(ParentRunner.java:79)
12-08 10:10:32.632  9674  9718 W DefaultFailureHandler: 	at org.junit.runners.ParentRunner.runChildren(ParentRunner.java:329)
12-08 10:10:32.632  9674  9718 W DefaultFailureHandler: 	at org.junit.runners.ParentRunner.access$100(ParentRunner.java:66)
12-08 10:10:32.632  9674  9718 W DefaultFailureHandler: 	at org.junit.runners.ParentRunner$2.evaluate(ParentRunner.java:293)
12-08 10:10:32.632  9674  9718 W DefaultFailureHandler: 	at org.junit.runners.ParentRunner$3.evaluate(ParentRunner.java:306)
12-08 10:10:32.632  9674  9718 W DefaultFailureHandler: 	at org.junit.runners.ParentRunner.run(ParentRunner.java:413)
12-08 10:10:32.632  9674  9718 W DefaultFailureHandler: 	at org.junit.runner.JUnitCore.run(JUnitCore.java:137)
12-08 10:10:32.632  9674  9718 W DefaultFailureHandler: 	at org.junit.runner.JUnitCore.run(JUnitCore.java:115)
12-08 10:10:32.633  9674  9718 W DefaultFailureHandler: 	at androidx.test.internal.runner.TestExecutor.execute(TestExecutor.java:67)
12-08 10:10:32.633  9674  9718 W DefaultFailureHandler: 	at androidx.test.internal.runner.TestExecutor.execute(TestExecutor.java:58)
12-08 10:10:32.633  9674  9718 W DefaultFailureHandler: 	at androidx.test.runner.AndroidJUnitRunner.onStart(AndroidJUnitRunner.java:438)
12-08 10:10:32.633  9674  9718 W DefaultFailureHandler: 	at android.app.Instrumentation$InstrumentationThread.run(Instrumentation.java:2189)
12-08 10:10:32.633  9674  9718 W DefaultFailureHandler: Caused by: android.system.ErrnoException: open failed: EROFS (Read-only file system)
12-08 10:10:32.633  9674  9718 W DefaultFailureHandler: 	at libcore.io.Linux.open(Native Method)
12-08 10:10:32.633  9674  9718 W DefaultFailureHandler: 	at libcore.io.ForwardingOs.open(ForwardingOs.java:167)
12-08 10:10:32.633  9674  9718 W DefaultFailureHandler: 	at libcore.io.BlockGuardOs.open(BlockGuardOs.java:252)
12-08 10:10:32.633  9674  9718 W DefaultFailureHandler: 	at libcore.io.ForwardingOs.open(ForwardingOs.java:167)
12-08 10:10:32.633  9674  9718 W DefaultFailureHandler: 	at android.app.ActivityThread$AndroidOs.open(ActivityThread.java:7255)
12-08 10:10:32.633  9674  9718 W DefaultFailureHandler: 	at libcore.io.IoBridge.open(IoBridge.java:482)
12-08 10:10:32.633  9674  9718 W DefaultFailureHandler: 	... 53 more
12-08 10:10:32.640  1776  1927 D gralloc_ranchu: gralloc_alloc: Creating ashmem region of size 10108928
12-08 10:10:32.928  2018  2127 I ActivityTaskManager: START u0 {act=android.intent.action.MAIN cat=[android.intent.category.LAUNCHER] flg=0x10000000 cmp=ru.iteco.fmhandroid.test/androidx.test.core.app.InstrumentationActivityInvoker$EmptyActivity} from uid 10146
12-08 10:10:32.938  9674  9674 D LifecycleMonitor: Lifecycle status change: ru.iteco.fmhandroid.ui.AppActivity@3f5f5d7 in: PAUSED
12-08 10:10:32.938  9674  9674 V ActivityScenario: Update currentActivityStage to PAUSED, currentActivity=ru.iteco.fmhandroid.ui.AppActivity@3f5f5d7
12-08 10:10:32.939  2018  4653 W InputReader: Device has associated, but no associated display id.
