12-08 10:10:32.942  2018  4653 I chatty  : uid=1000(system) Binder:2018_12 identical 38 lines
12-08 10:10:32.942  2018  4653 W InputReader: Device has associated, but no associated display id.
12-08 10:10:32.944  9730  9730 W ActivityThread: handleWindowVisibility: no activity for token android.os.BinderProxy@4f4224f
12-08 10:10:32.947  2018  4653 W InputReader: Device has associated, but no associated display id.
12-08 10:10:32.948  2018  4653 I chatty  : uid=1000(system) Binder:2018_12 identical 5 lines
12-08 10:10:32.948  2018  4653 W InputReader: Device has associated, but no associated display id.
12-08 10:10:32.949  9674  9712 V FA      : Recording user engagement, ms: 23100
12-08 10:10:32.948  2018  4653 W InputReader: Device has associated, but no associated display id.
12-08 10:10:33.007  2018  3005 I ActivityTaskManager: START u0 {act=android.intent.action.MAIN cat=[android.intent.category.LAUNCHER] flg=0x10000000 cmp=ru.iteco.fmhandroid.test/androidx.test.core.app.InstrumentationActivityInvoker$EmptyActivity} from uid 10146
12-08 10:10:32.951  2018  4653 I chatty  : uid=1000(system) Binder:2018_12 identical 1 line
12-08 10:10:32.951  2018  4653 W InputReader: Device has associated, but no associated display id.
12-08 10:10:33.023  9674  9712 V FA      : Connecting to remote service
12-08 10:10:33.034  1776  1927 D gralloc_ranchu: gralloc_alloc: Creating ashmem region of size 10108928
12-08 10:10:33.040  1776  1927 D gralloc_ranchu: gralloc_alloc: Creating ashmem region of size 10108928
12-08 10:10:33.048  9730  9767 D EGL_emulation: eglMakeCurrent: 0xdd81a2a0: ver 2 0 (tinfo 0xdd80f0b0)
12-08 10:10:33.048  1776  1927 D gralloc_ranchu: gralloc_alloc: Creating ashmem region of size 10108928
12-08 10:10:33.055  9674  9712 V FA      : Connection attempt already in progress
12-08 10:10:33.055  9674  9712 V FA      : Activity paused, time: 57179978
12-08 10:10:33.063  9674  9712 D FA      : Connected to remote service
12-08 10:10:33.064  9674  9712 V FA      : Processing queued up service tasks: 2
12-08 10:10:33.089  2018  4653 W InputReader: Device has associated, but no associated display id.
12-08 10:10:33.094  2018  4653 I chatty  : uid=1000(system) Binder:2018_12 identical 48 lines
12-08 10:10:33.094  2018  4653 W InputReader: Device has associated, but no associated display id.
12-08 10:10:33.108  9730  9730 W ActivityThread: handleWindowVisibility: no activity for token android.os.BinderProxy@eb7a55e
12-08 10:10:33.118  2873  9721 V FA-SVC  : Logging event: origin=auto,name=user_engagement(_e),params=Bundle[{ga_event_origin(_o)=auto, engagement_time_msec(_et)=23100, ga_screen_class(_sc)=AppActivity, ga_screen_id(_si)=2194426279771477307}]
12-08 10:10:33.147  2018  3005 W ActivityTaskManager: Duplicate finish request for ActivityRecord{5278d7e u0 ru.iteco.fmhandroid/.ui.AppActivity t294 f}
12-08 10:10:33.163  2873  9721 V FA-SVC  : Upload scheduled in approximately ms: 3551352
12-08 10:10:33.163  2873  9721 V FA-SVC  : Unscheduling upload
12-08 10:10:33.174  1776  1927 D gralloc_ranchu: gralloc_alloc: Creating ashmem region of size 10108928
12-08 10:10:33.174  2873  9721 V FA-SVC  : Scheduling upload, millis: 3551352
12-08 10:10:33.180  1776  1927 D gralloc_ranchu: gralloc_alloc: Creating ashmem region of size 10108928
12-08 10:10:33.184  9730  9767 D EGL_emulation: eglMakeCurrent: 0xdd81a2a0: ver 2 0 (tinfo 0xdd80f0b0)
12-08 10:10:33.188  2873  9721 V FA-SVC  : Background event processing time, ms: 70
12-08 10:10:33.189  1776  1927 D gralloc_ranchu: gralloc_alloc: Creating ashmem region of size 10108928
12-08 10:10:33.218  2018  2054 W InputReader: Device has associated, but no associated display id.
12-08 10:10:33.219  2018  2054 I chatty  : uid=1000(system) android.anim identical 18 lines
12-08 10:10:33.220  2018  2054 W InputReader: Device has associated, but no associated display id.
12-08 10:10:33.222  2018  2058 I ActivityTaskManager: Displayed ru.iteco.fmhandroid.test/androidx.test.core.app.InstrumentationActivityInvoker$EmptyActivity: +150ms
12-08 10:10:33.232  2018  3005 W InputReader: Device has associated, but no associated display id.
12-08 10:10:33.232  2018  3005 I chatty  : uid=1000(system) Binder:2018_A identical 8 lines
12-08 10:10:33.232  2018  3005 W InputReader: Device has associated, but no associated display id.
12-08 10:10:33.234  9674  9770 D EGL_emulation: eglMakeCurrent: 0xdd81b860: ver 2 0 (tinfo 0xc3288080)
12-08 10:10:33.301  2018  4653 W InputReader: Device has associated, but no associated display id.
12-08 10:10:33.307  2018  4653 I chatty  : uid=1000(system) Binder:2018_12 identical 28 lines
12-08 10:10:33.307  2018  4653 W InputReader: Device has associated, but no associated display id.
12-08 10:10:33.312  2656  8337 E SQLiteDatabase: Error inserting flex_time=3551000 job_id=-1 period=7103000 source=16 requires_charging=0 preferred_network_type=1 target_class=com.google.android.gms.measurement.PackageMeasurementTaskService user_id=0 target_package=com.google.android.gms tag=Measurement.PackageMeasurementTaskService.UPLOAD_TASK_TAG task_type=0 required_idleness_state=0 service_kind=0 source_version=202414000 persistence_level=1 preferred_charging_state=1 required_network_type=0 runtime=1670494233267 retry_strategy={"maximum_backoff_seconds":{"3600":0},"initial_backoff_seconds":{"30":0},"retry_policy":{"0":0}} last_runtime=0
12-08 10:10:33.312  2656  8337 E SQLiteDatabase: android.database.sqlite.SQLiteConstraintException: UNIQUE constraint failed: pending_ops.tag, pending_ops.target_class, pending_ops.target_package, pending_ops.user_id (code 2067 SQLITE_CONSTRAINT_UNIQUE)
12-08 10:10:33.312  2656  8337 E SQLiteDatabase: 	at android.database.sqlite.SQLiteConnection.nativeExecuteForLastInsertedRowId(Native Method)
12-08 10:10:33.312  2656  8337 E SQLiteDatabase: 	at android.database.sqlite.SQLiteConnection.executeForLastInsertedRowId(SQLiteConnection.java:879)
12-08 10:10:33.312  2656  8337 E SQLiteDatabase: 	at android.database.sqlite.SQLiteSession.executeForLastInsertedRowId(SQLiteSession.java:790)
12-08 10:10:33.312  2656  8337 E SQLiteDatabase: 	at android.database.sqlite.SQLiteStatement.executeInsert(SQLiteStatement.java:88)
12-08 10:10:33.312  2656  8337 E SQLiteDatabase: 	at android.database.sqlite.SQLiteDatabase.insertWithOnConflict(SQLiteDatabase.java:1599)
12-08 10:10:33.312  2656  8337 E SQLiteDatabase: 	at android.database.sqlite.SQLiteDatabase.insert(SQLiteDatabase.java:1468)
12-08 10:10:33.312  2656  8337 E SQLiteDatabase: 	at aqui.a(:com.google.android.gms@202414022@20.24.14 (040700-319035315):175)
12-08 10:10:33.312  2656  8337 E SQLiteDatabase: 	at aqtk.a(:com.google.android.gms@202414022@20.24.14 (040700-319035315):182)
12-08 10:10:33.312  2656  8337 E SQLiteDatabase: 	at aqtk.a(:com.google.android.gms@202414022@20.24.14 (040700-319035315):23)
12-08 10:10:33.312  2656  8337 E SQLiteDatabase: 	at aqtk.a(:com.google.android.gms@202414022@20.24.14 (040700-319035315):177)
12-08 10:10:33.312  2656  8337 E SQLiteDatabase: 	at aqpu.run(:com.google.android.gms@202414022@20.24.14 (040700-319035315):9)
12-08 10:10:33.312  2656  8337 E SQLiteDatabase: 	at soy.b(:com.google.android.gms@202414022@20.24.14 (040700-319035315):12)
12-08 10:10:33.312  2656  8337 E SQLiteDatabase: 	at soy.run(:com.google.android.gms@202414022@20.24.14 (040700-319035315):7)
12-08 10:10:33.312  2656  8337 E SQLiteDatabase: 	at java.util.concurrent.ThreadPoolExecutor.runWorker(ThreadPoolExecutor.java:1167)
12-08 10:10:33.312  2656  8337 E SQLiteDatabase: 	at java.util.concurrent.ThreadPoolExecutor$Worker.run(ThreadPoolExecutor.java:641)
12-08 10:10:33.312  2656  8337 E SQLiteDatabase: 	at sux.run(:com.google.android.gms@202414022@20.24.14 (040700-319035315):0)
12-08 10:10:33.312  2656  8337 E SQLiteDatabase: 	at java.lang.Thread.run(Thread.java:919)
12-08 10:10:33.326  9674  9674 D AutofillManager: onActivityFinishing(): calling cancelLocked()
12-08 10:10:33.327  9674  9674 D LifecycleMonitor: Lifecycle status change: ru.iteco.fmhandroid.ui.AppActivity@3f5f5d7 in: STOPPED
12-08 10:10:33.328  9674  9674 V ActivityScenario: Update currentActivityStage to STOPPED, currentActivity=ru.iteco.fmhandroid.ui.AppActivity@3f5f5d7
12-08 10:10:33.336  2018  4653 D ConnectivityService: requestNetwork for uid/pid:10129/8344 NetworkRequest [ TRACK_DEFAULT id=66, [ Capabilities: INTERNET&NOT_RESTRICTED&TRUSTED Uid: 10129] ]
12-08 10:10:33.338  2298  2298 D PhoneSwitcherNetworkRequstListener: got request NetworkRequest [ TRACK_DEFAULT id=66, [ Capabilities: INTERNET&NOT_RESTRICTED&TRUSTED Uid: 10129] ] with score 50 and serial 2
12-08 10:10:33.339  2018  2136 D UntrustedWifiNetworkFactory: got request NetworkRequest [ TRACK_DEFAULT id=66, [ Capabilities: INTERNET&NOT_RESTRICTED&TRUSTED Uid: 10129] ] with score 50 and serial 2
12-08 10:10:33.339  2018  2136 D WifiNetworkFactory: got request NetworkRequest [ TRACK_DEFAULT id=66, [ Capabilities: INTERNET&NOT_RESTRICTED&TRUSTED Uid: 10129] ] with score 50 and serial 2
12-08 10:10:33.346  9674  9674 W System.err: ru.iteco.fmhandroid.exceptions.UnknownException
12-08 10:10:33.349  9674  9674 W System.err: 	at ru.iteco.fmhandroid.utils.Utils.makeRequest(Utils.kt:123)
12-08 10:10:33.349  9674  9674 W System.err: 	at ru.iteco.fmhandroid.utils.Utils$makeRequest$1.invokeSuspend(Unknown Source:15)
12-08 10:10:33.349  9674  9674 W System.err: 	at kotlin.coroutines.jvm.internal.BaseContinuationImpl.resumeWith(ContinuationImpl.kt:33)
12-08 10:10:33.349  9674  9674 W System.err: 	at kotlinx.coroutines.DispatchedTaskKt.resume(DispatchedTask.kt:234)
12-08 10:10:33.349  9674  9674 W System.err: 	at kotlinx.coroutines.DispatchedTaskKt.resumeUnconfined(DispatchedTask.kt:190)
12-08 10:10:33.349  9674  9674 W System.err: 	at kotlinx.coroutines.DispatchedTaskKt.dispatch(DispatchedTask.kt:161)
12-08 10:10:33.349  9674  9674 W System.err: 	at kotlinx.coroutines.CancellableContinuationImpl.dispatchResume(CancellableContinuationImpl.kt:397)
12-08 10:10:33.349  9674  9674 W System.err: 	at kotlinx.coroutines.CancellableContinuationImpl.cancel(CancellableContinuationImpl.kt:183)
12-08 10:10:33.349  9674  9674 W System.err: 	at kotlinx.coroutines.CancellableContinuationImpl.parentCancelled$kotlinx_coroutines_core(CancellableContinuationImpl.kt:190)
12-08 10:10:33.349  9674  9674 W System.err: 	at kotlinx.coroutines.ChildContinuation.invoke(JobSupport.kt:1474)
12-08 10:10:33.349  9674  9674 W System.err: 	at kotlinx.coroutines.JobSupport.notifyCancelling(JobSupport.kt:1499)
12-08 10:10:33.350  9674  9674 W System.err: 	at kotlinx.coroutines.JobSupport.tryMakeCancelling(JobSupport.kt:795)
12-08 10:10:33.350  9674  9674 W System.err: 	at kotlinx.coroutines.JobSupport.makeCancelling(JobSupport.kt:755)
12-08 10:10:33.350  9674  9674 W System.err: 	at kotlinx.coroutines.JobSupport.cancelImpl$kotlinx_coroutines_core(JobSupport.kt:671)
12-08 10:10:33.350  9674  9674 W System.err: 	at kotlinx.coroutines.JobSupport.parentCancelled(JobSupport.kt:637)
12-08 10:10:33.350  9674  9674 W System.err: 	at kotlinx.coroutines.ChildHandleNode.invoke(JobSupport.kt:1465)
12-08 10:10:33.350  9674  9674 W System.err: 	at kotlinx.coroutines.JobSupport.notifyCancelling(JobSupport.kt:1499)
12-08 10:10:33.350  9674  9674 W System.err: 	at kotlinx.coroutines.JobSupport.tryMakeCompletingSlowPath(JobSupport.kt:900)
12-08 10:10:33.350  9674  9674 W System.err: 	at kotlinx.coroutines.JobSupport.tryMakeCompleting(JobSupport.kt:863)
12-08 10:10:33.350  9674  9674 W System.err: 	at kotlinx.coroutines.JobSupport.cancelMakeCompleting(JobSupport.kt:696)
12-08 10:10:33.350  9674  9674 W System.err: 	at kotlinx.coroutines.JobSupport.cancelImpl$kotlinx_coroutines_core(JobSupport.kt:667)
12-08 10:10:33.350  9674  9674 W System.err: 	at kotlinx.coroutines.JobSupport.cancelInternal(JobSupport.kt:632)
12-08 10:10:33.351  9674  9674 W System.err: 	at kotlinx.coroutines.JobSupport.cancel(JobSupport.kt:617)
12-08 10:10:33.351  9674  9674 W System.err: 	at kotlinx.coroutines.JobKt__JobKt.cancel(Job.kt:561)
12-08 10:10:33.351  9674  9674 W System.err: 	at kotlinx.coroutines.JobKt.cancel(Unknown Source:1)
12-08 10:10:33.351  9674  9674 W System.err: 	at kotlinx.coroutines.JobKt__JobKt.cancel$default(Job.kt:560)
12-08 10:10:33.351  9674  9674 W System.err: 	at kotlinx.coroutines.JobKt.cancel$default(Unknown Source:1)
12-08 10:10:33.351  9674  9674 W System.err: 	at androidx.lifecycle.CloseableCoroutineScope.close(ViewModel.kt:51)
12-08 10:10:33.351  9674  9674 W System.err: 	at androidx.lifecycle.ViewModel.closeWithRuntimeException(ViewModel.java:188)
12-08 10:10:33.351  9674  9674 W System.err: 	at androidx.lifecycle.ViewModel.clear(ViewModel.java:134)
12-08 10:10:33.351  9674  9674 W System.err: 	at androidx.lifecycle.ViewModelStore.clear(ViewModelStore.java:62)
12-08 10:10:33.352  9674  9674 W System.err: 	at androidx.fragment.app.FragmentManagerViewModel.clearNonConfigStateInternal(FragmentManagerViewModel.java:210)
12-08 10:10:33.352  9674  9674 W System.err: 	at androidx.fragment.app.FragmentManagerViewModel.clearNonConfigState(FragmentManagerViewModel.java:190)
12-08 10:10:33.352  9674  9674 W System.err: 	at androidx.fragment.app.FragmentStateManager.destroy(FragmentStateManager.java:778)
12-08 10:10:33.352  9674  9674 W System.err: 	at androidx.fragment.app.FragmentStateManager.moveToExpectedState(FragmentStateManager.java:335)
12-08 10:10:33.352  9674  9674 W System.err: 	at androidx.fragment.app.FragmentStore.moveToExpectedState(FragmentStore.java:113)
12-08 10:10:33.352  9674  9674 W System.err: 	at androidx.fragment.app.FragmentManager.moveToState(FragmentManager.java:1374)
12-08 10:10:33.352  9674  9674 W System.err: 	at androidx.fragment.app.FragmentManager.dispatchStateChange(FragmentManager.java:2841)
12-08 10:10:33.352  9674  9674 W System.err: 	at androidx.fragment.app.FragmentManager.dispatchDestroy(FragmentManager.java:2820)
12-08 10:10:33.352  9674  9674 W System.err: 	at androidx.fragment.app.Fragment.performDestroy(Fragment.java:3246)
12-08 10:10:33.352  9674  9674 W System.err: 	at androidx.fragment.app.FragmentStateManager.destroy(FragmentStateManager.java:780)
12-08 10:10:33.352  9674  9674 W System.err: 	at androidx.fragment.app.FragmentStateManager.moveToExpectedState(FragmentStateManager.java:335)
12-08 10:10:33.352  9674  9674 W System.err: 	at androidx.fragment.app.SpecialEffectsController$FragmentStateManagerOperation.complete(SpecialEffectsController.java:771)
12-08 10:10:33.352  9674  9674 W System.err: 	at androidx.fragment.app.SpecialEffectsController$Operation.cancel(SpecialEffectsController.java:615)
12-08 10:10:33.352  9674  9674 W System.err: 	at androidx.fragment.app.SpecialEffectsController.forceCompleteAllOperations(SpecialEffectsController.java:350)
12-08 10:10:33.352  9674  9674 W System.err: 	at androidx.fragment.app.FragmentManager.dispatchStateChange(FragmentManager.java:2844)
12-08 10:10:33.353  9674  9674 W System.err: 	at androidx.fragment.app.FragmentManager.dispatchDestroy(FragmentManager.java:2820)
12-08 10:10:33.353  9674  9674 W System.err: 	at androidx.fragment.app.FragmentController.dispatchDestroy(FragmentController.java:345)
12-08 10:10:33.353  9674  9674 W System.err: 	at androidx.fragment.app.FragmentActivity.onDestroy(FragmentActivity.java:306)
12-08 10:10:33.353  9674  9674 W System.err: 	at androidx.appcompat.app.AppCompatActivity.onDestroy(AppCompatActivity.java:278)
12-08 10:10:33.353  9674  9674 W System.err: 	at android.app.Activity.performDestroy(Activity.java:8048)
12-08 10:10:33.357  9674  9674 W System.err: 	at android.app.Instrumentation.callActivityOnDestroy(Instrumentation.java:1334)
12-08 10:10:33.358  9674  9674 W System.err: 	at androidx.test.runner.MonitoringInstrumentation.callActivityOnDestroy(MonitoringInstrumentation.java:766)
12-08 10:10:33.358  9674  9674 W System.err: 	at android.app.ActivityThread.performDestroyActivity(ActivityThread.java:4926)
12-08 10:10:33.359  9674  9674 W System.err: 	at android.app.ActivityThread.handleDestroyActivity(ActivityThread.java:4970)
12-08 10:10:33.359  9674  9674 W System.err: 	at android.app.servertransaction.DestroyActivityItem.execute(DestroyActivityItem.java:44)
12-08 10:10:33.359  9674  9674 W System.err: 	at android.app.servertransaction.TransactionExecutor.executeLifecycleState(TransactionExecutor.java:176)
12-08 10:10:33.360  9674  9674 W System.err: 	at android.app.servertransaction.TransactionExecutor.execute(TransactionExecutor.java:97)
12-08 10:10:33.360  9674  9674 W System.err: 	at android.app.ActivityThread$H.handleMessage(ActivityThread.java:2016)
12-08 10:10:33.360  9674  9674 W System.err: 	at android.os.Handler.dispatchMessage(Handler.java:107)
12-08 10:10:33.360  9674  9674 W System.err: 	at android.os.Looper.loop(Looper.java:214)
12-08 10:10:33.360  9674  9674 W System.err: 	at android.app.ActivityThread.main(ActivityThread.java:7356)
12-08 10:10:33.360  9674  9674 W System.err: 	at java.lang.reflect.Method.invoke(Native Method)
12-08 10:10:33.360  9674  9674 W System.err: 	at com.android.internal.os.RuntimeInit$MethodAndArgsCaller.run(RuntimeInit.java:492)
12-08 10:10:33.360  9674  9674 W System.err: 	at com.android.internal.os.ZygoteInit.main(ZygoteInit.java:930)
12-08 10:10:33.371  9674  9674 W System.err: ru.iteco.fmhandroid.exceptions.UnknownException
12-08 10:10:33.371  9674  9674 W System.err: 	at ru.iteco.fmhandroid.utils.Utils.makeRequest(Utils.kt:123)
12-08 10:10:33.371  9674  9674 W System.err: 	at ru.iteco.fmhandroid.utils.Utils$makeRequest$1.invokeSuspend(Unknown Source:15)
12-08 10:10:33.371  9674  9674 W System.err: 	at kotlin.coroutines.jvm.internal.BaseContinuationImpl.resumeWith(ContinuationImpl.kt:33)
12-08 10:10:33.372  9674  9674 W System.err: 	at kotlinx.coroutines.DispatchedTaskKt.resume(DispatchedTask.kt:234)
12-08 10:10:33.372  9674  9674 W System.err: 	at kotlinx.coroutines.DispatchedTaskKt.resumeUnconfined(DispatchedTask.kt:190)
12-08 10:10:33.372  9674  9674 W System.err: 	at kotlinx.coroutines.DispatchedTaskKt.dispatch(DispatchedTask.kt:161)
12-08 10:10:33.372  9674  9674 W System.err: 	at kotlinx.coroutines.CancellableContinuationImpl.dispatchResume(CancellableContinuationImpl.kt:397)
12-08 10:10:33.372  9674  9674 W System.err: 	at kotlinx.coroutines.CancellableContinuationImpl.cancel(CancellableContinuationImpl.kt:183)
12-08 10:10:33.372  9674  9674 W System.err: 	at kotlinx.coroutines.CancellableContinuationImpl.parentCancelled$kotlinx_coroutines_core(CancellableContinuationImpl.kt:190)
12-08 10:10:33.372  9674  9674 W System.err: 	at kotlinx.coroutines.ChildContinuation.invoke(JobSupport.kt:1474)
12-08 10:10:33.372  9674  9674 W System.err: 	at kotlinx.coroutines.JobSupport.notifyCancelling(JobSupport.kt:1499)
12-08 10:10:33.372  9674  9674 W System.err: 	at kotlinx.coroutines.JobSupport.tryMakeCancelling(JobSupport.kt:795)
12-08 10:10:33.372  9674  9674 W System.err: 	at kotlinx.coroutines.JobSupport.makeCancelling(JobSupport.kt:755)
12-08 10:10:33.372  9674  9674 W System.err: 	at kotlinx.coroutines.JobSupport.cancelImpl$kotlinx_coroutines_core(JobSupport.kt:671)
12-08 10:10:33.372  9674  9674 W System.err: 	at kotlinx.coroutines.JobSupport.parentCancelled(JobSupport.kt:637)
12-08 10:10:33.372  9674  9674 W System.err: 	at kotlinx.coroutines.ChildHandleNode.invoke(JobSupport.kt:1465)
12-08 10:10:33.372  9674  9674 W System.err: 	at kotlinx.coroutines.JobSupport.notifyCancelling(JobSupport.kt:1499)
12-08 10:10:33.372  9674  9674 W System.err: 	at kotlinx.coroutines.JobSupport.tryMakeCompletingSlowPath(JobSupport.kt:900)
12-08 10:10:33.372  9674  9674 W System.err: 	at kotlinx.coroutines.JobSupport.tryMakeCompleting(JobSupport.kt:863)
12-08 10:10:33.372  9674  9674 W System.err: 	at kotlinx.coroutines.JobSupport.cancelMakeCompleting(JobSupport.kt:696)
12-08 10:10:33.372  9674  9674 W System.err: 	at kotlinx.coroutines.JobSupport.cancelImpl$kotlinx_coroutines_core(JobSupport.kt:667)
12-08 10:10:33.372  9674  9674 W System.err: 	at kotlinx.coroutines.JobSupport.cancelInternal(JobSupport.kt:632)
12-08 10:10:33.372  9674  9674 W System.err: 	at kotlinx.coroutines.JobSupport.cancel(JobSupport.kt:617)
12-08 10:10:33.372  9674  9674 W System.err: 	at kotlinx.coroutines.JobKt__JobKt.cancel(Job.kt:561)
12-08 10:10:33.372  9674  9674 W System.err: 	at kotlinx.coroutines.JobKt.cancel(Unknown Source:1)
12-08 10:10:33.372  9674  9674 W System.err: 	at kotlinx.coroutines.JobKt__JobKt.cancel$default(Job.kt:560)
12-08 10:10:33.372  9674  9674 W System.err: 	at kotlinx.coroutines.JobKt.cancel$default(Unknown Source:1)
12-08 10:10:33.372  9674  9674 W System.err: 	at androidx.lifecycle.CloseableCoroutineScope.close(ViewModel.kt:51)
12-08 10:10:33.372  9674  9674 W System.err: 	at androidx.lifecycle.ViewModel.closeWithRuntimeException(ViewModel.java:188)
12-08 10:10:33.373  9674  9674 W System.err: 	at androidx.lifecycle.ViewModel.clear(ViewModel.java:134)
12-08 10:10:33.373  9674  9674 W System.err: 	at androidx.lifecycle.ViewModelStore.clear(ViewModelStore.java:62)
12-08 10:10:33.373  9674  9674 W System.err: 	at androidx.fragment.app.FragmentManagerViewModel.clearNonConfigStateInternal(FragmentManagerViewModel.java:210)
12-08 10:10:33.373  9674  9674 W System.err: 	at androidx.fragment.app.FragmentManagerViewModel.clearNonConfigState(FragmentManagerViewModel.java:190)
12-08 10:10:33.373  9674  9674 W System.err: 	at androidx.fragment.app.FragmentStateManager.destroy(FragmentStateManager.java:778)
12-08 10:10:33.373  9674  9674 W System.err: 	at androidx.fragment.app.FragmentStateManager.moveToExpectedState(FragmentStateManager.java:335)
12-08 10:10:33.373  9674  9674 W System.err: 	at androidx.fragment.app.FragmentStore.moveToExpectedState(FragmentStore.java:113)
12-08 10:10:33.373  9674  9674 W System.err: 	at androidx.fragment.app.FragmentManager.moveToState(FragmentManager.java:1374)
12-08 10:10:33.373  9674  9674 W System.err: 	at androidx.fragment.app.FragmentManager.dispatchStateChange(FragmentManager.java:2841)
12-08 10:10:33.373  9674  9674 W System.err: 	at androidx.fragment.app.FragmentManager.dispatchDestroy(FragmentManager.java:2820)
12-08 10:10:33.373  9674  9674 W System.err: 	at androidx.fragment.app.Fragment.performDestroy(Fragment.java:3246)
12-08 10:10:33.373  9674  9674 W System.err: 	at androidx.fragment.app.FragmentStateManager.destroy(FragmentStateManager.java:780)
12-08 10:10:33.373  9674  9674 W System.err: 	at androidx.fragment.app.FragmentStateManager.moveToExpectedState(FragmentStateManager.java:335)
12-08 10:10:33.373  9674  9674 W System.err: 	at androidx.fragment.app.SpecialEffectsController$FragmentStateManagerOperation.complete(SpecialEffectsController.java:771)
12-08 10:10:33.374  9674  9674 W System.err: 	at androidx.fragment.app.SpecialEffectsController$Operation.cancel(SpecialEffectsController.java:615)
12-08 10:10:33.374  9674  9674 W System.err: 	at androidx.fragment.app.SpecialEffectsController.forceCompleteAllOperations(SpecialEffectsController.java:350)
12-08 10:10:33.374  9674  9674 W System.err: 	at androidx.fragment.app.FragmentManager.dispatchStateChange(FragmentManager.java:2844)
12-08 10:10:33.375  9674  9674 W System.err: 	at androidx.fragment.app.FragmentManager.dispatchDestroy(FragmentManager.java:2820)
12-08 10:10:33.375  9674  9674 W System.err: 	at androidx.fragment.app.FragmentController.dispatchDestroy(FragmentController.java:345)
12-08 10:10:33.377  9674  9674 W System.err: 	at androidx.fragment.app.FragmentActivity.onDestroy(FragmentActivity.java:306)
12-08 10:10:33.377  9674  9674 W System.err: 	at androidx.appcompat.app.AppCompatActivity.onDestroy(AppCompatActivity.java:278)
12-08 10:10:33.377  9674  9674 W System.err: 	at android.app.Activity.performDestroy(Activity.java:8048)
12-08 10:10:33.377  9674  9674 W System.err: 	at android.app.Instrumentation.callActivityOnDestroy(Instrumentation.java:1334)
12-08 10:10:33.377  9674  9674 W System.err: 	at androidx.test.runner.MonitoringInstrumentation.callActivityOnDestroy(MonitoringInstrumentation.java:766)
12-08 10:10:33.377  9674  9674 W System.err: 	at android.app.ActivityThread.performDestroyActivity(ActivityThread.java:4926)
12-08 10:10:33.377  9674  9674 W System.err: 	at android.app.ActivityThread.handleDestroyActivity(ActivityThread.java:4970)
12-08 10:10:33.377  9674  9674 W System.err: 	at android.app.servertransaction.DestroyActivityItem.execute(DestroyActivityItem.java:44)
12-08 10:10:33.377  9674  9674 W System.err: 	at android.app.servertransaction.TransactionExecutor.executeLifecycleState(TransactionExecutor.java:176)
12-08 10:10:33.377  9674  9674 W System.err: 	at android.app.servertransaction.TransactionExecutor.execute(TransactionExecutor.java:97)
12-08 10:10:33.377  9674  9674 W System.err: 	at android.app.ActivityThread$H.handleMessage(ActivityThread.java:2016)
12-08 10:10:33.377  9674  9674 W System.err: 	at android.os.Handler.dispatchMessage(Handler.java:107)
12-08 10:10:33.377  9674  9674 W System.err: 	at android.os.Looper.loop(Looper.java:214)
12-08 10:10:33.377  9674  9674 W System.err: 	at android.app.ActivityThread.main(ActivityThread.java:7356)
12-08 10:10:33.377  9674  9674 W System.err: 	at java.lang.reflect.Method.invoke(Native Method)
12-08 10:10:33.377  9674  9674 W System.err: 	at com.android.internal.os.RuntimeInit$MethodAndArgsCaller.run(RuntimeInit.java:492)
12-08 10:10:33.377  9674  9674 W System.err: 	at com.android.internal.os.ZygoteInit.main(ZygoteInit.java:930)
12-08 10:10:33.391  1776  1927 D gralloc_ranchu: gralloc_alloc: Creating ashmem region of size 10108928
12-08 10:10:33.405  9674  9674 W System.err: ru.iteco.fmhandroid.exceptions.UnknownException
12-08 10:10:33.405  9674  9674 W System.err: 	at ru.iteco.fmhandroid.utils.Utils.makeRequest(Utils.kt:123)
12-08 10:10:33.405  9674  9674 W System.err: 	at ru.iteco.fmhandroid.utils.Utils$makeRequest$1.invokeSuspend(Unknown Source:15)
12-08 10:10:33.405  9674  9674 W System.err: 	at kotlin.coroutines.jvm.internal.BaseContinuationImpl.resumeWith(ContinuationImpl.kt:33)
12-08 10:10:33.405  8344  8376 D EGL_emulation: eglMakeCurrent: 0xe59ed1c0: ver 2 0 (tinfo 0xe59d9f10)
12-08 10:10:33.405  9674  9674 W System.err: 	at kotlinx.coroutines.DispatchedTaskKt.resume(DispatchedTask.kt:234)
12-08 10:10:33.405  9674  9674 W System.err: 	at kotlinx.coroutines.DispatchedTaskKt.resumeUnconfined(DispatchedTask.kt:190)
12-08 10:10:33.405  9674  9674 W System.err: 	at kotlinx.coroutines.DispatchedTaskKt.dispatch(DispatchedTask.kt:161)
12-08 10:10:33.405  9674  9674 W System.err: 	at kotlinx.coroutines.CancellableContinuationImpl.dispatchResume(CancellableContinuationImpl.kt:397)
12-08 10:10:33.405  9674  9674 W System.err: 	at kotlinx.coroutines.CancellableContinuationImpl.cancel(CancellableContinuationImpl.kt:183)
12-08 10:10:33.406  9674  9674 W System.err: 	at kotlinx.coroutines.CancellableContinuationImpl.parentCancelled$kotlinx_coroutines_core(CancellableContinuationImpl.kt:190)
12-08 10:10:33.406  9674  9674 W System.err: 	at kotlinx.coroutines.ChildContinuation.invoke(JobSupport.kt:1474)
12-08 10:10:33.406  9674  9674 W System.err: 	at kotlinx.coroutines.JobSupport.notifyCancelling(JobSupport.kt:1499)
12-08 10:10:33.406  9674  9674 W System.err: 	at kotlinx.coroutines.JobSupport.tryMakeCancelling(JobSupport.kt:795)
12-08 10:10:33.406  9674  9674 W System.err: 	at kotlinx.coroutines.JobSupport.makeCancelling(JobSupport.kt:755)
12-08 10:10:33.406  9674  9674 W System.err: 	at kotlinx.coroutines.JobSupport.cancelImpl$kotlinx_coroutines_core(JobSupport.kt:671)
12-08 10:10:33.406  9674  9674 W System.err: 	at kotlinx.coroutines.JobSupport.parentCancelled(JobSupport.kt:637)
12-08 10:10:33.406  9674  9674 W System.err: 	at kotlinx.coroutines.ChildHandleNode.invoke(JobSupport.kt:1465)
12-08 10:10:33.406  9674  9674 W System.err: 	at kotlinx.coroutines.JobSupport.notifyCancelling(JobSupport.kt:1499)
12-08 10:10:33.406  9674  9674 W System.err: 	at kotlinx.coroutines.JobSupport.tryMakeCompletingSlowPath(JobSupport.kt:900)
12-08 10:10:33.406  9674  9674 W System.err: 	at kotlinx.coroutines.JobSupport.tryMakeCompleting(JobSupport.kt:863)
12-08 10:10:33.406  9674  9674 W System.err: 	at kotlinx.coroutines.JobSupport.cancelMakeCompleting(JobSupport.kt:696)
12-08 10:10:33.406  9674  9674 W System.err: 	at kotlinx.coroutines.JobSupport.cancelImpl$kotlinx_coroutines_core(JobSupport.kt:667)
12-08 10:10:33.406  9674  9674 W System.err: 	at kotlinx.coroutines.JobSupport.cancelInternal(JobSupport.kt:632)
12-08 10:10:33.406  9674  9674 W System.err: 	at kotlinx.coroutines.JobSupport.cancel(JobSupport.kt:617)
12-08 10:10:33.406  9674  9674 W System.err: 	at kotlinx.coroutines.JobKt__JobKt.cancel(Job.kt:561)
12-08 10:10:33.407  9674  9674 W System.err: 	at kotlinx.coroutines.JobKt.cancel(Unknown Source:1)
12-08 10:10:33.407  9674  9674 W System.err: 	at kotlinx.coroutines.JobKt__JobKt.cancel$default(Job.kt:560)
12-08 10:10:33.407  9674  9674 W System.err: 	at kotlinx.coroutines.JobKt.cancel$default(Unknown Source:1)
12-08 10:10:33.407  9674  9674 W System.err: 	at androidx.lifecycle.CloseableCoroutineScope.close(ViewModel.kt:51)
12-08 10:10:33.407  9674  9674 W System.err: 	at androidx.lifecycle.ViewModel.closeWithRuntimeException(ViewModel.java:188)
12-08 10:10:33.407  9674  9674 W System.err: 	at androidx.lifecycle.ViewModel.clear(ViewModel.java:134)
12-08 10:10:33.407  9674  9674 W System.err: 	at androidx.lifecycle.ViewModelStore.clear(ViewModelStore.java:62)
12-08 10:10:33.407  9674  9674 W System.err: 	at androidx.fragment.app.FragmentManagerViewModel.clearNonConfigStateInternal(FragmentManagerViewModel.java:210)
12-08 10:10:33.407  9674  9674 W System.err: 	at androidx.fragment.app.FragmentManagerViewModel.clearNonConfigState(FragmentManagerViewModel.java:190)
12-08 10:10:33.407  9674  9674 W System.err: 	at androidx.fragment.app.FragmentStateManager.destroy(FragmentStateManager.java:778)
12-08 10:10:33.407  9674  9674 W System.err: 	at androidx.fragment.app.FragmentStateManager.moveToExpectedState(FragmentStateManager.java:335)
12-08 10:10:33.407  9674  9674 W System.err: 	at androidx.fragment.app.FragmentStore.moveToExpectedState(FragmentStore.java:113)
12-08 10:10:33.407  9674  9674 W System.err: 	at androidx.fragment.app.FragmentManager.moveToState(FragmentManager.java:1374)
12-08 10:10:33.407  9674  9674 W System.err: 	at androidx.fragment.app.FragmentManager.dispatchStateChange(FragmentManager.java:2841)
12-08 10:10:33.407  9674  9674 W System.err: 	at androidx.fragment.app.FragmentManager.dispatchDestroy(FragmentManager.java:2820)
12-08 10:10:33.407  9674  9674 W System.err: 	at androidx.fragment.app.Fragment.performDestroy(Fragment.java:3246)
12-08 10:10:33.408  9674  9674 W System.err: 	at androidx.fragment.app.FragmentStateManager.destroy(FragmentStateManager.java:780)
12-08 10:10:33.408  9674  9674 W System.err: 	at androidx.fragment.app.FragmentStateManager.moveToExpectedState(FragmentStateManager.java:335)
12-08 10:10:33.408  9674  9674 W System.err: 	at androidx.fragment.app.SpecialEffectsController$FragmentStateManagerOperation.complete(SpecialEffectsController.java:771)
12-08 10:10:33.408  9674  9674 W System.err: 	at androidx.fragment.app.SpecialEffectsController$Operation.cancel(SpecialEffectsController.java:615)
12-08 10:10:33.408  9674  9674 W System.err: 	at androidx.fragment.app.SpecialEffectsController.forceCompleteAllOperations(SpecialEffectsController.java:350)
12-08 10:10:33.408  9674  9674 W System.err: 	at androidx.fragment.app.FragmentManager.dispatchStateChange(FragmentManager.java:2844)
12-08 10:10:33.408  9674  9674 W System.err: 	at androidx.fragment.app.FragmentManager.dispatchDestroy(FragmentManager.java:2820)
12-08 10:10:33.408  9674  9674 W System.err: 	at androidx.fragment.app.FragmentController.dispatchDestroy(FragmentController.java:345)
12-08 10:10:33.408  9674  9674 W System.err: 	at androidx.fragment.app.FragmentActivity.onDestroy(FragmentActivity.java:306)
12-08 10:10:33.408  9674  9674 W System.err: 	at androidx.appcompat.app.AppCompatActivity.onDestroy(AppCompatActivity.java:278)
12-08 10:10:33.408  9674  9674 W System.err: 	at android.app.Activity.performDestroy(Activity.java:8048)
12-08 10:10:33.410  9674  9674 W System.err: 	at android.app.Instrumentation.callActivityOnDestroy(Instrumentation.java:1334)
12-08 10:10:33.410  9674  9674 W System.err: 	at androidx.test.runner.MonitoringInstrumentation.callActivityOnDestroy(MonitoringInstrumentation.java:766)
12-08 10:10:33.410  9674  9674 W System.err: 	at android.app.ActivityThread.performDestroyActivity(ActivityThread.java:4926)
12-08 10:10:33.410  9674  9674 W System.err: 	at android.app.ActivityThread.handleDestroyActivity(ActivityThread.java:4970)
12-08 10:10:33.410  9674  9674 W System.err: 	at android.app.servertransaction.DestroyActivityItem.execute(DestroyActivityItem.java:44)
12-08 10:10:33.410  9674  9674 W System.err: 	at android.app.servertransaction.TransactionExecutor.executeLifecycleState(TransactionExecutor.java:176)
12-08 10:10:33.410  9674  9674 W System.err: 	at android.app.servertransaction.TransactionExecutor.execute(TransactionExecutor.java:97)
12-08 10:10:33.410  9674  9674 W System.err: 	at android.app.ActivityThread$H.handleMessage(ActivityThread.java:2016)
12-08 10:10:33.411  9674  9674 W System.err: 	at android.os.Handler.dispatchMessage(Handler.java:107)
12-08 10:10:33.412  9674  9674 W System.err: 	at android.os.Looper.loop(Looper.java:214)
12-08 10:10:33.412  9674  9674 W System.err: 	at android.app.ActivityThread.main(ActivityThread.java:7356)
12-08 10:10:33.412  9674  9674 W System.err: 	at java.lang.reflect.Method.invoke(Native Method)
12-08 10:10:33.412  9674  9674 W System.err: 	at com.android.internal.os.RuntimeInit$MethodAndArgsCaller.run(RuntimeInit.java:492)
12-08 10:10:33.412  9674  9674 W System.err: 	at com.android.internal.os.ZygoteInit.main(ZygoteInit.java:930)
12-08 10:10:33.437  9674  9674 D LifecycleMonitor: Lifecycle status change: ru.iteco.fmhandroid.ui.AppActivity@3f5f5d7 in: DESTROYED
12-08 10:10:33.437  9674  9674 V ActivityScenario: Update currentActivityStage to DESTROYED, currentActivity=null
12-08 10:10:33.441  1776  1927 D gralloc_ranchu: gralloc_alloc: Creating ashmem region of size 10108928
12-08 10:10:33.476  8437  8470 D EGL_emulation: eglCreateContext: 0xf0c7f9a0: maj 2 min 0 rcv 2
12-08 10:10:33.479  8437  8470 D EGL_emulation: eglMakeCurrent: 0xf0c7f9a0: ver 2 0 (tinfo 0xf0cc0670)
12-08 10:10:33.532  8437  8470 E chromium: [ERROR:gl_surface_egl.cc(342)] eglChooseConfig failed with error EGL_SUCCESS
12-08 10:10:33.536  1776  1927 D gralloc_ranchu: gralloc_alloc: Creating ashmem region of size 9256960
12-08 10:10:33.580  8437  8470 D EGL_emulation: eglCreateContext: 0xf0c7f880: maj 2 min 0 rcv 2
12-08 10:10:33.583  8437  8470 D EGL_emulation: eglMakeCurrent: 0xf0c7f880: ver 2 0 (tinfo 0xf0cc0670)
12-08 10:10:33.593  1776  1927 D gralloc_ranchu: gralloc_alloc: Creating ashmem region of size 10108928
