12-08 10:14:15.112  9674  9783 I okhttp.OkHttpClient: Connection: keep-alive
12-08 10:14:15.114  9674  9783 I okhttp.OkHttpClient: [{"id":1,"firstName":"Петр","lastName":"Смирнов","middleName":"Петрович","admin":true},{"id":2,"firstName":"Данил","lastName":"Иванов","middleName":"Данилович","admin":true},{"id":3,"firstName":"Егор","lastName":"Петров","middleName":"Егорович","admin":false},{"id":4,"firstName":"Дмитрий","lastName":"Сидоров","middleName":"Дмитриевич","admin":false},{"id":5,"firstName":"Тест","lastName":"Тестов","middleName":"Тестович","admin":true},{"id":6,"firstName":"Diplom","lastName":"Netology","middleName":"QAMID","admin":true}]
12-08 10:14:15.115  9674  9783 I okhttp.OkHttpClient: <-- END HTTP (622-byte body)
12-08 10:14:15.281  9674  9687 I teco.fmhandroi: Background concurrent copying GC freed 34048(1492KB) AllocSpace objects, 1(16KB) LOS objects, 32% free, 12MB/18MB, paused 757us total 104.221ms
12-08 10:14:15.309  9674  9674 I ViewInteraction: Performing 'replace text(Заголовок 08535620-8306-4d15-be31-f578d9a75eec)' action on view (view.getId() is <2131231402/ru.iteco.fmhandroid:id/title_edit_text> and view.getParent() view.getParent() view.getId() is <2131231406/ru.iteco.fmhandroid:id/title_text_input_layout>)
12-08 10:14:15.350  9674  9674 I ViewInteraction: Performing 'wait for a specific view with <view.getId() is <2131230975/ru.iteco.fmhandroid:id/date_in_plan_text_input_edit_text>> during 10000 millis.' action on view view.getRootView() to equal view
12-08 10:14:15.355  9674  9674 I ViewInteraction: Performing 'single click' action on view view.getId() is <2131230975/ru.iteco.fmhandroid:id/date_in_plan_text_input_edit_text>
12-08 10:14:15.513  1776  1825 D gralloc_ranchu: gralloc_alloc: Creating ashmem region of size 6778880
12-08 10:14:15.528  1776  1825 I chatty  : uid=1000(system) HwBinder:1776_1 identical 1 line
12-08 10:14:15.530  1776  1825 D gralloc_ranchu: gralloc_alloc: Creating ashmem region of size 6778880
12-08 10:14:15.538  9674  9770 D EGL_emulation: eglMakeCurrent: 0xdd81b860: ver 2 0 (tinfo 0xc3288080)
12-08 10:14:15.655  9674  9770 I chatty  : uid=10146(ru.iteco.fmhandroid) RenderThread identical 3 lines
12-08 10:14:15.677  9674  9770 D EGL_emulation: eglMakeCurrent: 0xdd81b860: ver 2 0 (tinfo 0xc3288080)
12-08 10:14:15.992  9674  9674 I ViewInteraction: Performing 'wait for a specific view with <is assignable from class <class android.widget.DatePicker>> during 10000 millis.' action on view view.getRootView() to equal view
12-08 10:14:15.996  9674  9674 I ViewInteraction: Checking 'MatchesViewAssertion{viewMatcher=(view has effective visibility <VISIBLE> and view.getGlobalVisibleRect() to return non-empty rectangle)}' assertion on view is assignable from class <class android.widget.DatePicker>
12-08 10:14:16.000  9674  9674 I ViewInteraction: Performing 'wait for a specific view with <is assignable from class <class android.widget.DatePicker>> during 10000 millis.' action on view view.getRootView() to equal view
12-08 10:14:16.005  9674  9674 I ViewInteraction: Performing 'set date' action on view is assignable from class <class android.widget.DatePicker>
12-08 10:14:16.037  9674  9674 I ViewInteraction: Performing 'wait for a specific view with <view.getId() is <16908313/android:id/button1>> during 10000 millis.' action on view view.getRootView() to equal view
12-08 10:14:16.041  9674  9674 I ViewInteraction: Performing 'single click' action on view view.getId() is <16908313/android:id/button1>
12-08 10:14:16.122  9674  9770 D EGL_emulation: eglMakeCurrent: 0xdd81b860: ver 2 0 (tinfo 0xc3288080)
12-08 10:14:16.131  2018 11055 E InputDispatcher: Window handle Window{bfa6432 u0 ru.iteco.fmhandroid/ru.iteco.fmhandroid.ui.AppActivity} has no registered input channel
12-08 10:14:16.146  9674  9770 D EGL_emulation: eglMakeCurrent: 0xdd81b860: ver 2 0 (tinfo 0xc3288080)
12-08 10:14:16.409  9674  9674 I ViewInteraction: Performing 'wait for a specific view with <(an instance of android.widget.TextView and view.getHint() matching: is "Time" and view.getParent() view.getParent() view.getId() is <2131231399/ru.iteco.fmhandroid:id/time_in_plan_text_input_layout>)> during 10000 millis.' action on view view.getRootView() to equal view
12-08 10:14:16.414  9674  9674 I ViewInteraction: Performing 'single click' action on view (an instance of android.widget.TextView and view.getHint() matching: is "Time" and view.getParent() view.getParent() view.getId() is <2131231399/ru.iteco.fmhandroid:id/time_in_plan_text_input_layout>)
12-08 10:14:16.561  1776  1825 D gralloc_ranchu: gralloc_alloc: Creating ashmem region of size 5718016
12-08 10:14:16.573  1776  1825 I chatty  : uid=1000(system) HwBinder:1776_1 identical 1 line
12-08 10:14:16.575  1776  1825 D gralloc_ranchu: gralloc_alloc: Creating ashmem region of size 5718016
12-08 10:14:16.581  9674  9770 D EGL_emulation: eglMakeCurrent: 0xdd81b860: ver 2 0 (tinfo 0xc3288080)
12-08 10:14:16.657  9674  9770 I chatty  : uid=10146(ru.iteco.fmhandroid) RenderThread identical 2 lines
12-08 10:14:16.687  9674  9770 D EGL_emulation: eglMakeCurrent: 0xdd81b860: ver 2 0 (tinfo 0xc3288080)
12-08 10:14:17.142  9674  9674 I ViewInteraction: Performing 'wait for a specific view with <is assignable from class <class android.widget.TimePicker>> during 10000 millis.' action on view view.getRootView() to equal view
12-08 10:14:17.147  9674  9674 I ViewInteraction: Checking 'MatchesViewAssertion{viewMatcher=(view has effective visibility <VISIBLE> and view.getGlobalVisibleRect() to return non-empty rectangle)}' assertion on view is assignable from class <class android.widget.TimePicker>
12-08 10:14:17.153  9674  9674 I ViewInteraction: Performing 'wait for a specific view with <is assignable from class <class android.widget.TimePicker>> during 10000 millis.' action on view view.getRootView() to equal view
12-08 10:14:17.158  9674  9674 I ViewInteraction: Performing 'set time' action on view is assignable from class <class android.widget.TimePicker>
12-08 10:14:17.162  9674  9674 I ViewInteraction: Performing 'wait for a specific view with <view.getId() is <16908313/android:id/button1>> during 10000 millis.' action on view view.getRootView() to equal view
12-08 10:14:17.166  9674  9674 I ViewInteraction: Performing 'single click' action on view view.getId() is <16908313/android:id/button1>
12-08 10:14:17.234  9674  9770 D EGL_emulation: eglMakeCurrent: 0xdd81b860: ver 2 0 (tinfo 0xc3288080)
12-08 10:14:17.253  9674  9770 D EGL_emulation: eglMakeCurrent: 0xdd81b860: ver 2 0 (tinfo 0xc3288080)
12-08 10:14:17.267  2018  5907 E InputDispatcher: Window handle Window{4ebe0a9 u0 ru.iteco.fmhandroid/ru.iteco.fmhandroid.ui.AppActivity} has no registered input channel
12-08 10:14:17.276  9674  9770 D EGL_emulation: eglMakeCurrent: 0xdd81b860: ver 2 0 (tinfo 0xc3288080)
12-08 10:14:17.364  9674  9804 I okhttp.OkHttpClient: <-- 200 http://www.981757-ca08998.tmweb.ru:8080/fmh/claims (4347ms)
12-08 10:14:17.364  9674  9804 I okhttp.OkHttpClient: Vary: Origin
12-08 10:14:17.364  9674  9804 I okhttp.OkHttpClient: Vary: Access-Control-Request-Method
12-08 10:14:17.364  9674  9804 I okhttp.OkHttpClient: Vary: Access-Control-Request-Headers
12-08 10:14:17.364  9674  9804 I okhttp.OkHttpClient: X-Content-Type-Options: nosniff
12-08 10:14:17.364  9674  9804 I okhttp.OkHttpClient: X-XSS-Protection: 1; mode=block
12-08 10:14:17.364  9674  9804 I okhttp.OkHttpClient: Cache-Control: no-cache, no-store, max-age=0, must-revalidate
12-08 10:14:17.364  9674  9804 I okhttp.OkHttpClient: Pragma: no-cache
12-08 10:14:17.364  9674  9804 I okhttp.OkHttpClient: Expires: 0
12-08 10:14:17.365  9674  9804 I okhttp.OkHttpClient: X-Frame-Options: DENY
12-08 10:14:17.365  9674  9804 I okhttp.OkHttpClient: Content-Type: application/json
12-08 10:14:17.365  9674  9804 I okhttp.OkHttpClient: Transfer-Encoding: chunked
12-08 10:14:17.365  9674  9804 I okhttp.OkHttpClient: Date: Thu, 08 Dec 2022 10:15:02 GMT
12-08 10:14:17.365  9674  9804 I okhttp.OkHttpClient: Keep-Alive: timeout=60
12-08 10:14:17.365  9674  9804 I okhttp.OkHttpClient: Connection: keep-alive
12-08 10:14:17.556  9674  9674 I ViewInteraction: Performing 'wait for a specific view with <(an instance of android.widget.TextView and view.getHint() matching: is "Description" and view.getParent() view.getParent() view.getId() is <2131230988/ru.iteco.fmhandroid:id/description_text_input_layout>)> during 10000 millis.' action on view view.getRootView() to equal view
12-08 10:14:17.560  9674  9674 I ViewInteraction: Performing 'replace text(Описание 7a5555b8-8dbb-42f0-8243-eef919ce4c58)' action on view (an instance of android.widget.TextView and view.getHint() matching: is "Description" and view.getParent() view.getParent() view.getId() is <2131230988/ru.iteco.fmhandroid:id/description_text_input_layout>)
12-08 10:14:17.596  9674  9674 I ViewInteraction: Performing 'wait for a specific view with <view.getId() is <2131231291/ru.iteco.fmhandroid:id/save_button>> during 10000 millis.' action on view view.getRootView() to equal view
12-08 10:14:17.603  9674  9674 I ViewInteraction: Performing 'single click' action on view view.getId() is <2131231291/ru.iteco.fmhandroid:id/save_button>
12-08 10:14:17.675  9674  9809 I okhttp.OkHttpClient: --> POST http://www.981757-ca08998.tmweb.ru:8080/fmh/claims
12-08 10:14:17.675  9674  9809 I okhttp.OkHttpClient: Content-Type: application/json; charset=UTF-8
12-08 10:14:17.675  9674  9809 I okhttp.OkHttpClient: Content-Length: 279
12-08 10:14:17.675  9674  9809 I okhttp.OkHttpClient: {"createDate":1670494457,"creatorId":2,"creatorName":"Иванов Данил Данилович","description":"Описание 7a5555b8-8dbb-42f0-8243-eef919ce4c58","planExecuteDate":1699092840,"status":"OPEN","title":"Заголовок 08535620-8306-4d15-be31-f578d9a75eec"}
12-08 10:14:17.675  9674  9809 I okhttp.OkHttpClient: --> END POST (279-byte body)
12-08 10:14:17.678  1744 10071 E ResolverController: No valid NAT64 prefix (106, <unspecified>/0)
12-08 10:14:17.898  9674  9674 I ViewInteraction: Performing 'wait for a specific view with <view.getId() is <2131230849/ru.iteco.fmhandroid:id/add_new_claim_material_button>> during 10000 millis.' action on view view.getRootView() to equal view
12-08 10:14:18.080  9674  9809 I okhttp.OkHttpClient: <-- 200 http://www.981757-ca08998.tmweb.ru:8080/fmh/claims (404ms)
12-08 10:14:18.081  9674  9809 I okhttp.OkHttpClient: Vary: Origin
12-08 10:14:18.081  9674  9809 I okhttp.OkHttpClient: Vary: Access-Control-Request-Method
12-08 10:14:18.081  9674  9809 I okhttp.OkHttpClient: Vary: Access-Control-Request-Headers
12-08 10:14:18.081  9674  9809 I okhttp.OkHttpClient: X-Content-Type-Options: nosniff
12-08 10:14:18.081  9674  9809 I okhttp.OkHttpClient: X-XSS-Protection: 1; mode=block
12-08 10:14:18.081  9674  9809 I okhttp.OkHttpClient: Cache-Control: no-cache, no-store, max-age=0, must-revalidate
12-08 10:14:18.081  9674  9809 I okhttp.OkHttpClient: Pragma: no-cache
12-08 10:14:18.081  9674  9809 I okhttp.OkHttpClient: Expires: 0
12-08 10:14:18.082  9674  9809 I okhttp.OkHttpClient: X-Frame-Options: DENY
12-08 10:14:18.082  9674  9809 I okhttp.OkHttpClient: Content-Type: application/json
12-08 10:14:18.082  9674  9809 I okhttp.OkHttpClient: Transfer-Encoding: chunked
12-08 10:14:18.083  9674  9809 I okhttp.OkHttpClient: Date: Thu, 08 Dec 2022 10:15:02 GMT
12-08 10:14:18.083  9674  9809 I okhttp.OkHttpClient: Keep-Alive: timeout=60
12-08 10:14:18.083  9674  9809 I okhttp.OkHttpClient: Connection: keep-alive
12-08 10:14:18.085  9674  9809 I okhttp.OkHttpClient: {"id":2707,"title":"Заголовок 08535620-8306-4d15-be31-f578d9a75eec","description":"Описание 7a5555b8-8dbb-42f0-8243-eef919ce4c58","creatorId":2,"executorId":null,"createDate":1670494457,"planExecuteDate":1699092840,"factExecuteDate":null,"status":"OPEN","creatorName":"Иванов Данил Данилович","executorName":null}
12-08 10:14:18.086  9674  9809 I okhttp.OkHttpClient: <-- END HTTP (350-byte body)
12-08 10:14:18.156  9674  9674 I ViewInteraction: Performing 'single click' action on view view.getId() is <2131230849/ru.iteco.fmhandroid:id/add_new_claim_material_button>
12-08 10:14:18.223  9674  9783 I okhttp.OkHttpClient: --> GET http://www.981757-ca08998.tmweb.ru:8080/fmh/users
12-08 10:14:18.225  9674  9783 I okhttp.OkHttpClient: --> END GET
12-08 10:14:18.254  9674  9787 I okhttp.OkHttpClient: <-- 200 http://www.981757-ca08998.tmweb.ru:8080/fmh/claims (4244ms)
12-08 10:14:18.254  9674  9787 I okhttp.OkHttpClient: Vary: Origin
12-08 10:14:18.254  9674  9787 I okhttp.OkHttpClient: Vary: Access-Control-Request-Method
12-08 10:14:18.255  9674  9787 I okhttp.OkHttpClient: Vary: Access-Control-Request-Headers
12-08 10:14:18.255  9674  9787 I okhttp.OkHttpClient: X-Content-Type-Options: nosniff
12-08 10:14:18.255  9674  9787 I okhttp.OkHttpClient: X-XSS-Protection: 1; mode=block
12-08 10:14:18.256  9674  9787 I okhttp.OkHttpClient: Cache-Control: no-cache, no-store, max-age=0, must-revalidate
12-08 10:14:18.256  9674  9787 I okhttp.OkHttpClient: Pragma: no-cache
12-08 10:14:18.256  9674  9787 I okhttp.OkHttpClient: Expires: 0
12-08 10:14:18.256  9674  9787 I okhttp.OkHttpClient: X-Frame-Options: DENY
12-08 10:14:18.256  9674  9787 I okhttp.OkHttpClient: Content-Type: application/json
12-08 10:14:18.256  9674  9787 I okhttp.OkHttpClient: Transfer-Encoding: chunked
12-08 10:14:18.257  9674  9787 I okhttp.OkHttpClient: Date: Thu, 08 Dec 2022 10:15:02 GMT
12-08 10:14:18.258  9674  9787 I okhttp.OkHttpClient: Keep-Alive: timeout=60
12-08 10:14:18.258  9674  9787 I okhttp.OkHttpClient: Connection: keep-alive
12-08 10:14:18.390  9674  9783 I okhttp.OkHttpClient: <-- 200 http://www.981757-ca08998.tmweb.ru:8080/fmh/users (164ms)
12-08 10:14:18.390  9674  9783 I okhttp.OkHttpClient: Vary: Origin
12-08 10:14:18.390  9674  9783 I okhttp.OkHttpClient: Vary: Access-Control-Request-Method
12-08 10:14:18.390  9674  9783 I okhttp.OkHttpClient: Vary: Access-Control-Request-Headers
12-08 10:14:18.390  9674  9783 I okhttp.OkHttpClient: X-Content-Type-Options: nosniff
12-08 10:14:18.390  9674  9783 I okhttp.OkHttpClient: X-XSS-Protection: 1; mode=block
12-08 10:14:18.390  9674  9783 I okhttp.OkHttpClient: Cache-Control: no-cache, no-store, max-age=0, must-revalidate
12-08 10:14:18.391  9674  9783 I okhttp.OkHttpClient: Pragma: no-cache
12-08 10:14:18.391  9674  9783 I okhttp.OkHttpClient: Expires: 0
12-08 10:14:18.391  9674  9783 I okhttp.OkHttpClient: X-Frame-Options: DENY
12-08 10:14:18.391  9674  9783 I okhttp.OkHttpClient: Content-Type: application/json
12-08 10:14:18.391  9674  9783 I okhttp.OkHttpClient: Transfer-Encoding: chunked
12-08 10:14:18.391  9674  9783 I okhttp.OkHttpClient: Date: Thu, 08 Dec 2022 10:15:03 GMT
12-08 10:14:18.391  9674  9783 I okhttp.OkHttpClient: Keep-Alive: timeout=60
12-08 10:14:18.391  9674  9783 I okhttp.OkHttpClient: Connection: keep-alive
12-08 10:14:18.391  9674  9783 I okhttp.OkHttpClient: [{"id":1,"firstName":"Петр","lastName":"Смирнов","middleName":"Петрович","admin":true},{"id":2,"firstName":"Данил","lastName":"Иванов","middleName":"Данилович","admin":true},{"id":3,"firstName":"Егор","lastName":"Петров","middleName":"Егорович","admin":false},{"id":4,"firstName":"Дмитрий","lastName":"Сидоров","middleName":"Дмитриевич","admin":false},{"id":5,"firstName":"Тест","lastName":"Тестов","middleName":"Тестович","admin":true},{"id":6,"firstName":"Diplom","lastName":"Netology","middleName":"QAMID","admin":true}]
12-08 10:14:18.392  9674  9783 I okhttp.OkHttpClient: <-- END HTTP (622-byte body)
12-08 10:14:18.560  9674  9674 I ViewInteraction: Performing 'wait for a specific view with <view.getId() is <2131231041/ru.iteco.fmhandroid:id/executor_drop_menu_auto_complete_text_view>> during 10000 millis.' action on view view.getRootView() to equal view
12-08 10:14:18.568  9674  9674 I ViewInteraction: Performing 'single click' action on view view.getId() is <2131231041/ru.iteco.fmhandroid:id/executor_drop_menu_auto_complete_text_view>
12-08 10:14:18.633  9674  9687 I teco.fmhandroi: Background concurrent copying GC freed 76052(3740KB) AllocSpace objects, 2(32KB) LOS objects, 29% free, 14MB/20MB, paused 1.099ms total 126.265ms
12-08 10:14:18.694  1776  1825 D gralloc_ranchu: gralloc_alloc: Creating ashmem region of size 4116480
12-08 10:14:18.706  1776  1825 D gralloc_ranchu: gralloc_alloc: Creating ashmem region of size 4116480
12-08 10:14:18.708  1776  1927 D gralloc_ranchu: gralloc_alloc: Creating ashmem region of size 4116480
12-08 10:14:18.711  9674  9770 D EGL_emulation: eglMakeCurrent: 0xdd81b860: ver 2 0 (tinfo 0xc3288080)
12-08 10:14:18.745  9674  9674 I AssistStructure: Flattened final assist data: 6984 bytes, containing 2 windows, 53 views
12-08 10:14:18.758  2018  2127 D AutofillSession: Starting partition or augmented request for view id 1073741845@321620183: STARTED_SESSION
12-08 10:14:18.769  9674  9770 D EGL_emulation: eglMakeCurrent: 0xdd81b860: ver 2 0 (tinfo 0xc3288080)
12-08 10:14:18.782  2018  2018 D AutofillSession: cancelCurrentRequest(): id = 532
12-08 10:14:18.798  9674  9770 D EGL_emulation: eglMakeCurrent: 0xdd81b860: ver 2 0 (tinfo 0xc3288080)
12-08 10:14:18.805  9674  9674 I AssistStructure: Flattened final assist data: 6984 bytes, containing 2 windows, 53 views
12-08 10:14:18.810  2537  2537 I KeyboardViewUtil: systemKeyboardHeightRatio:1.000000; userKeyboardHeightRatio:1.000000.
12-08 10:14:18.811  2537  2537 I AndroidIME: LatinIme.onActivate() : EditorInfo = Package = ru.iteco.fmhandroid : Type = Text : Learning = Disable : Suggestion = Show : AutoCorrection = Disable : Microphone = Show : NoPersonalizedLearning = Disable
12-08 10:14:18.820  2656  2656 W ktk     : Pending fill request while another request in the same session was triggered. [CONTEXT service_id=177 ]
12-08 10:14:18.837  2537  2537 I Conv2QueryExtension: Current locale: en_US, config allows these locales: de,en,es,fr,it,ms,pt,ta
12-08 10:14:18.837  2537  2537 I Conv2QueryExtension: Conv2Query not enabled due to current app [ru.iteco.fmhandroid] not in whitelist
12-08 10:14:18.837  2537  2537 I Conv2QueryExtension: onActivate() : Disabled by unsupported host app
12-08 10:14:18.849  2170  2566 D EGL_emulation: eglMakeCurrent: 0xe594e040: ver 2 0 (tinfo 0xc52450c0)
12-08 10:14:18.853  1776  1927 D gralloc_ranchu: gralloc_alloc: Creating ashmem region of size 9826304
12-08 10:14:18.860  1776  1927 D gralloc_ranchu: gralloc_alloc: Creating ashmem region of size 9826304
12-08 10:14:18.868  2537  8546 D EGL_emulation: eglMakeCurrent: 0xc286ce00: ver 2 0 (tinfo 0xc335ede0)
12-08 10:14:18.886  1776  1927 D gralloc_ranchu: gralloc_alloc: Creating ashmem region of size 9826304
12-08 10:14:18.916  2018  2051 D AutofillUI: destroySaveUiUiThread(): already destroyed
12-08 10:14:18.947  9674  9770 D EGL_emulation: eglMakeCurrent: 0xdd81b860: ver 2 0 (tinfo 0xc3288080)
12-08 10:14:18.989  1776  1927 D gralloc_ranchu: gralloc_alloc: Creating ashmem region of size 3072000
12-08 10:14:19.000  9674  9770 D EGL_emulation: eglMakeCurrent: 0xdd81b860: ver 2 0 (tinfo 0xc3288080)
12-08 10:14:19.017  1776  1927 D gralloc_ranchu: gralloc_alloc: Creating ashmem region of size 3072000
12-08 10:14:19.020  9674  9770 D EGL_emulation: eglMakeCurrent: 0xdd81b860: ver 2 0 (tinfo 0xc3288080)
12-08 10:14:19.034  9674  9770 D EGL_emulation: eglMakeCurrent: 0xdd81b860: ver 2 0 (tinfo 0xc3288080)
12-08 10:14:19.047  1776  1927 D gralloc_ranchu: gralloc_alloc: Creating ashmem region of size 3072000
12-08 10:14:19.135  9674  9770 D EGL_emulation: eglMakeCurrent: 0xdd81b860: ver 2 0 (tinfo 0xc3288080)
12-08 10:14:19.141  9674  9674 I ViewInteraction: Performing 'close keyboard' action on view view.getRootView() to equal view
12-08 10:14:19.147  2537  2537 I PhenotypeExpConfig: refreshConfiguration() : Force = false : UpdateAvailable = false : Age = 62 minutes : MaxAge = 720 minutes
12-08 10:14:19.151  2537  2537 I AndroidIME: LatinIme.onDeactivate()
12-08 10:14:19.166  2537  8546 D EGL_emulation: eglMakeCurrent: 0xc286ce00: ver 2 0 (tinfo 0xc335ede0)
12-08 10:14:19.268  1776  1927 D gralloc_ranchu: gralloc_alloc: Creating ashmem region of size 4116480
12-08 10:14:19.282  9674  9770 D EGL_emulation: eglMakeCurrent: 0xdd81b860: ver 2 0 (tinfo 0xc3288080)
12-08 10:14:19.304  1776  1927 D gralloc_ranchu: gralloc_alloc: Creating ashmem region of size 4116480
12-08 10:14:19.308  9674  9770 D EGL_emulation: eglMakeCurrent: 0xdd81b860: ver 2 0 (tinfo 0xc3288080)
12-08 10:14:19.321  9674  9770 D EGL_emulation: eglMakeCurrent: 0xdd81b860: ver 2 0 (tinfo 0xc3288080)
12-08 10:14:19.335  1776  1927 D gralloc_ranchu: gralloc_alloc: Creating ashmem region of size 4116480
12-08 10:14:19.459  9674  9674 I ViewInteraction: Performing 'single click' action on view an instance of android.widget.TextView and view.getText() with or without transformation to match: is "Иванов Данил Данилович"
12-08 10:14:19.595  9674  9770 D EGL_emulation: eglMakeCurrent: 0xdd81b860: ver 2 0 (tinfo 0xc3288080)
12-08 10:14:19.612  9674  9770 D EGL_emulation: eglMakeCurrent: 0xdd81b860: ver 2 0 (tinfo 0xc3288080)
12-08 10:14:19.619  2018 11055 E InputDispatcher: Window handle Window{1fd4824 u0 PopupWindow:15a545e} has no registered input channel
12-08 10:14:19.631  1788  1978 D AF::Track: interceptBuffer: took 921us to intercept 0 tracks
12-08 10:14:19.741  9674  9674 I ViewInteraction: Performing 'wait for a specific view with <(view.getId() is <2131231402/ru.iteco.fmhandroid:id/title_edit_text> and view.getParent() view.getParent() view.getId() is <2131231406/ru.iteco.fmhandroid:id/title_text_input_layout>)> during 10000 millis.' action on view view.getRootView() to equal view
12-08 10:14:19.745  9674  9674 I ViewInteraction: Performing 'replace text(Заголовок 20064bdc-4bcd-4ae8-ae70-9fe4ad49dbe6)' action on view (view.getId() is <2131231402/ru.iteco.fmhandroid:id/title_edit_text> and view.getParent() view.getParent() view.getId() is <2131231406/ru.iteco.fmhandroid:id/title_text_input_layout>)
12-08 10:14:19.795  9674  9674 I ViewInteraction: Performing 'wait for a specific view with <view.getId() is <2131230975/ru.iteco.fmhandroid:id/date_in_plan_text_input_edit_text>> during 10000 millis.' action on view view.getRootView() to equal view
12-08 10:14:19.800  9674  9674 I ViewInteraction: Performing 'single click' action on view view.getId() is <2131230975/ru.iteco.fmhandroid:id/date_in_plan_text_input_edit_text>
12-08 10:14:19.959  1776  1927 D gralloc_ranchu: gralloc_alloc: Creating ashmem region of size 6778880
12-08 10:14:19.968  1776  1927 I chatty  : uid=1000(system) HwBinder:1776_3 identical 1 line
12-08 10:14:19.971  1776  1927 D gralloc_ranchu: gralloc_alloc: Creating ashmem region of size 6778880
12-08 10:14:19.989  9674  9770 D EGL_emulation: eglMakeCurrent: 0xdd81b860: ver 2 0 (tinfo 0xc3288080)
12-08 10:14:20.299  9674  9770 I chatty  : uid=10146(ru.iteco.fmhandroid) RenderThread identical 14 lines
12-08 10:14:20.311  9674  9770 D EGL_emulation: eglMakeCurrent: 0xdd81b860: ver 2 0 (tinfo 0xc3288080)
12-08 10:14:20.627  9674  9674 I ViewInteraction: Performing 'wait for a specific view with <is assignable from class <class android.widget.DatePicker>> during 10000 millis.' action on view view.getRootView() to equal view
12-08 10:14:20.630  9674  9674 I ViewInteraction: Checking 'MatchesViewAssertion{viewMatcher=(view has effective visibility <VISIBLE> and view.getGlobalVisibleRect() to return non-empty rectangle)}' assertion on view is assignable from class <class android.widget.DatePicker>
12-08 10:14:20.634  9674  9674 I ViewInteraction: Performing 'wait for a specific view with <is assignable from class <class android.widget.DatePicker>> during 10000 millis.' action on view view.getRootView() to equal view
12-08 10:14:20.639  9674  9674 I ViewInteraction: Performing 'set date' action on view is assignable from class <class android.widget.DatePicker>
12-08 10:14:20.658  9674  9770 D EGL_emulation: eglMakeCurrent: 0xdd81b860: ver 2 0 (tinfo 0xc3288080)
12-08 10:14:20.671  9674  9674 I ViewInteraction: Performing 'wait for a specific view with <view.getId() is <16908313/android:id/button1>> during 10000 millis.' action on view view.getRootView() to equal view
12-08 10:14:20.675  9674  9674 I ViewInteraction: Performing 'single click' action on view view.getId() is <16908313/android:id/button1>
12-08 10:14:20.761  9674  9770 D EGL_emulation: eglMakeCurrent: 0xdd81b860: ver 2 0 (tinfo 0xc3288080)
12-08 10:14:20.777  9674  9770 D EGL_emulation: eglMakeCurrent: 0xdd81b860: ver 2 0 (tinfo 0xc3288080)
12-08 10:14:20.781  2018  3051 E InputDispatcher: Window handle Window{615d923 u0 ru.iteco.fmhandroid/ru.iteco.fmhandroid.ui.AppActivity} has no registered input channel
12-08 10:14:21.066  9674  9674 I ViewInteraction: Performing 'wait for a specific view with <(an instance of android.widget.TextView and view.getHint() matching: is "Time" and view.getParent() view.getParent() view.getId() is <2131231399/ru.iteco.fmhandroid:id/time_in_plan_text_input_layout>)> during 10000 millis.' action on view view.getRootView() to equal view
12-08 10:14:21.070  9674  9674 I ViewInteraction: Performing 'single click' action on view (an instance of android.widget.TextView and view.getHint() matching: is "Time" and view.getParent() view.getParent() view.getId() is <2131231399/ru.iteco.fmhandroid:id/time_in_plan_text_input_layout>)
12-08 10:14:21.232  1776  1927 D gralloc_ranchu: gralloc_alloc: Creating ashmem region of size 5718016
12-08 10:14:21.246  1776  1927 I chatty  : uid=1000(system) HwBinder:1776_3 identical 1 line
12-08 10:14:21.249  1776  1927 D gralloc_ranchu: gralloc_alloc: Creating ashmem region of size 5718016
12-08 10:14:21.256  9674  9770 D EGL_emulation: eglMakeCurrent: 0xdd81b860: ver 2 0 (tinfo 0xc3288080)
12-08 10:14:21.309  9674  9770 I chatty  : uid=10146(ru.iteco.fmhandroid) RenderThread identical 2 lines
12-08 10:14:21.341  9674  9770 D EGL_emulation: eglMakeCurrent: 0xdd81b860: ver 2 0 (tinfo 0xc3288080)
12-08 10:14:21.571  9674  9674 I ViewInteraction: Performing 'wait for a specific view with <is assignable from class <class android.widget.TimePicker>> during 10000 millis.' action on view view.getRootView() to equal view
12-08 10:14:21.574  9674  9674 I ViewInteraction: Checking 'MatchesViewAssertion{viewMatcher=(view has effective visibility <VISIBLE> and view.getGlobalVisibleRect() to return non-empty rectangle)}' assertion on view is assignable from class <class android.widget.TimePicker>
12-08 10:14:21.578  9674  9674 I ViewInteraction: Performing 'wait for a specific view with <is assignable from class <class android.widget.TimePicker>> during 10000 millis.' action on view view.getRootView() to equal view
12-08 10:14:21.582  9674  9674 I ViewInteraction: Performing 'set time' action on view is assignable from class <class android.widget.TimePicker>
12-08 10:14:21.588  9674  9674 I ViewInteraction: Performing 'wait for a specific view with <view.getId() is <16908313/android:id/button1>> during 10000 millis.' action on view view.getRootView() to equal view
12-08 10:14:21.591  9674  9674 I ViewInteraction: Performing 'single click' action on view view.getId() is <16908313/android:id/button1>
12-08 10:14:21.650  9674  9770 D EGL_emulation: eglMakeCurrent: 0xdd81b860: ver 2 0 (tinfo 0xc3288080)
12-08 10:14:21.675  9674  9770 D EGL_emulation: eglMakeCurrent: 0xdd81b860: ver 2 0 (tinfo 0xc3288080)
12-08 10:14:21.683  2018  3051 E InputDispatcher: Window handle Window{d01407c u0 ru.iteco.fmhandroid/ru.iteco.fmhandroid.ui.AppActivity} has no registered input channel
12-08 10:14:21.699  2018  3051 E InputDispatcher: Window handle Window{d01407c u0 ru.iteco.fmhandroid/ru.iteco.fmhandroid.ui.AppActivity} has no registered input channel
12-08 10:14:21.710  9674  9770 D EGL_emulation: eglMakeCurrent: 0xdd81b860: ver 2 0 (tinfo 0xc3288080)
12-08 10:14:21.979  9674  9674 I ViewInteraction: Performing 'wait for a specific view with <(an instance of android.widget.TextView and view.getHint() matching: is "Description" and view.getParent() view.getParent() view.getId() is <2131230988/ru.iteco.fmhandroid:id/description_text_input_layout>)> during 10000 millis.' action on view view.getRootView() to equal view
12-08 10:14:21.986  9674  9674 I ViewInteraction: Performing 'replace text(Описани�� 26842a0b-bb3a-4921-9e4a-112ea5dc8721)' action on view (an instance of android.widget.TextView and view.getHint() matching: is "Description" and view.getParent() view.getParent() view.getId() is <2131230988/ru.iteco.fmhandroid:id/description_text_input_layout>)
12-08 10:14:22.021  9674  9674 I ViewInteraction: Performing 'wait for a specific view with <view.getId() is <2131231291/ru.iteco.fmhandroid:id/save_button>> during 10000 millis.' action on view view.getRootView() to equal view
12-08 10:14:22.025  9674  9674 I ViewInteraction: Performing 'single click' action on view view.getId() is <2131231291/ru.iteco.fmhandroid:id/save_button>
12-08 10:14:22.095  9674  9809 I okhttp.OkHttpClient: --> POST http://www.981757-ca08998.tmweb.ru:8080/fmh/claims
12-08 10:14:22.095  9674  9809 I okhttp.OkHttpClient: Content-Type: application/json; charset=UTF-8
12-08 10:14:22.096  9674  9809 I okhttp.OkHttpClient: Content-Length: 294
12-08 10:14:22.096  9674  9809 I okhttp.OkHttpClient: {"createDate":1670494462,"creatorId":2,"creatorName":"Иванов Данил Данилович","description":"Описание 26842a0b-bb3a-4921-9e4a-112ea5dc8721","executorId":2,"planExecuteDate":1691835240,"status":"OPEN","title":"Заголовок 20064bdc-4bcd-4ae8-ae70-9fe4ad49dbe6"}
12-08 10:14:22.096  9674  9809 I okhttp.OkHttpClient: --> END POST (294-byte body)
12-08 10:14:22.317  9674  9674 I ViewInteraction: Performing 'wait for a specific view with <view.getId() is <2131230916/ru.iteco.fmhandroid:id/claim_list_recycler_view>> during 10000 millis.' action on view view.getRootView() to equal view
12-08 10:14:22.893  9674  9809 I okhttp.OkHttpClient: <-- 200 http://www.981757-ca08998.tmweb.ru:8080/fmh/claims (796ms)
12-08 10:14:22.893  9674  9809 I okhttp.OkHttpClient: Vary: Origin
12-08 10:14:22.893  9674  9809 I okhttp.OkHttpClient: Vary: Access-Control-Request-Method
12-08 10:14:22.893  9674  9809 I okhttp.OkHttpClient: Vary: Access-Control-Request-Headers
12-08 10:14:22.893  9674  9809 I okhttp.OkHttpClient: X-Content-Type-Options: nosniff
12-08 10:14:22.893  9674  9809 I okhttp.OkHttpClient: X-XSS-Protection: 1; mode=block
12-08 10:14:22.893  9674  9809 I okhttp.OkHttpClient: Cache-Control: no-cache, no-store, max-age=0, must-revalidate
12-08 10:14:22.894  9674  9809 I okhttp.OkHttpClient: Pragma: no-cache
12-08 10:14:22.894  9674  9809 I okhttp.OkHttpClient: Expires: 0
12-08 10:14:22.894  9674  9809 I okhttp.OkHttpClient: X-Frame-Options: DENY
12-08 10:14:22.894  9674  9809 I okhttp.OkHttpClient: Content-Type: application/json
12-08 10:14:22.894  9674  9809 I okhttp.OkHttpClient: Transfer-Encoding: chunked
12-08 10:14:22.894  9674  9809 I okhttp.OkHttpClient: Date: Thu, 08 Dec 2022 10:15:07 GMT
12-08 10:14:22.894  9674  9809 I okhttp.OkHttpClient: Keep-Alive: timeout=60
12-08 10:14:22.894  9674  9809 I okhttp.OkHttpClient: Connection: keep-alive
12-08 10:14:22.895  9674  9809 I okhttp.OkHttpClient: {"id":2708,"title":"Заголовок 20064bdc-4bcd-4ae8-ae70-9fe4ad49dbe6","description":"Описание 26842a0b-bb3a-4921-9e4a-112ea5dc8721","creatorId":2,"executorId":2,"createDate":1670494462,"planExecuteDate":1691835240,"factExecuteDate":null,"status":"IN_PROGRESS","creatorName":"Иванов Данил Данилович","executorName":"Иванов Данил Данилович"}
12-08 10:14:22.895  9674  9809 I okhttp.OkHttpClient: <-- END HTTP (394-byte body)
12-08 10:14:22.987  9674  9674 I ViewInteraction: Checking 'MatchesViewAssertion{viewMatcher=(view has effective visibility <VISIBLE> and view.getGlobalVisibleRect() to return non-empty rectangle)}' assertion on view view.getId() is <2131230916/ru.iteco.fmhandroid:id/claim_list_recycler_view>
12-08 10:14:22.991  9674  9674 I ViewInteraction: Performing 'scroll RecyclerView to: holder with view: (view is an instance of android.view.ViewGroup and has descendant matching an instance of android.widget.TextView and view.getText() with or without transformation to match: is "Заголовок 20064bdc-4bcd-4ae8-ae70-9fe4ad49dbe6")' action on view view.getId() is <2131230916/ru.iteco.fmhandroid:id/claim_list_recycler_view>
12-08 10:14:22.993  9674  9674 D takeScreenshot: Found 1 global views to redraw
12-08 10:14:23.021  1776  1927 D gralloc_ranchu: gralloc_alloc: Creating ashmem region of size 10108928
12-08 10:14:23.066  9674  9718 W DefaultFailureHandler: Failed to take screenshot
12-08 10:14:23.066  9674  9718 W DefaultFailureHandler: java.io.FileNotFoundException: view-op-error-19.png: open failed: EROFS (Read-only file system)
12-08 10:14:23.066  9674  9718 W DefaultFailureHandler: 	at libcore.io.IoBridge.open(IoBridge.java:496)
12-08 10:14:23.066  9674  9718 W DefaultFailureHandler: 	at java.io.FileOutputStream.<init>(FileOutputStream.java:235)
12-08 10:14:23.066  9674  9718 W DefaultFailureHandler: 	at java.io.FileOutputStream.<init>(FileOutputStream.java:125)
12-08 10:14:23.066  9674  9718 W DefaultFailureHandler: 	at androidx.test.platform.io.FileTestStorage.openOutputFile(FileTestStorage.java:60)
12-08 10:14:23.066  9674  9718 W DefaultFailureHandler: 	at androidx.test.core.graphics.BitmapStorage.writeToTestStorage(BitmapStorageExt.kt:49)
12-08 10:14:23.066  9674  9718 W DefaultFailureHandler: 	at androidx.test.espresso.base.DefaultFailureHandler.takeScreenshot(DefaultFailureHandler.java:4)
12-08 10:14:23.066  9674  9718 W DefaultFailureHandler: 	at androidx.test.espresso.base.DefaultFailureHandler.handle(DefaultFailureHandler.java:3)
12-08 10:14:23.066  9674  9718 W DefaultFailureHandler: 	at androidx.test.espresso.ViewInteraction.waitForAndHandleInteractionResults(ViewInteraction.java:8)
12-08 10:14:23.066  9674  9718 W DefaultFailureHandler: 	at androidx.test.espresso.ViewInteraction.desugaredPerform(ViewInteraction.java:11)
12-08 10:14:23.066  9674  9718 W DefaultFailureHandler: 	at androidx.test.espresso.ViewInteraction.perform(ViewInteraction.java:8)
12-08 10:14:23.066  9674  9718 W DefaultFailureHandler: 	at ru.iteco.fmhandroid.ui.steps.ClaimsPageSteps.scrollToElementInRecyclerList(ClaimsPageSteps.java:127)
12-08 10:14:23.066  9674  9718 W DefaultFailureHandler: 	at ru.iteco.fmhandroid.ui.steps.ClaimsPageSteps.openClaimCard(ClaimsPageSteps.java:150)
12-08 10:14:23.066  9674  9718 W DefaultFailureHandler: 	at ru.iteco.fmhandroid.ui.steps.CreatingClaimsSteps.createClaim(CreatingClaimsSteps.java:109)
12-08 10:14:23.066  9674  9718 W DefaultFailureHandler: 	at ru.iteco.fmhandroid.ui.steps.CreatingClaimsSteps.createClaims(CreatingClaimsSteps.java:131)
12-08 10:14:23.066  9674  9718 W DefaultFailureHandler: 	at ru.iteco.fmhandroid.ui.FilterClaimsPageTest.shouldFilterClaimsWithStatusInProgressAndExecuted(FilterClaimsPageTest.java:323)
12-08 10:14:23.066  9674  9718 W DefaultFailureHandler: 	at java.lang.reflect.Method.invoke(Native Method)
12-08 10:14:23.066  9674  9718 W DefaultFailureHandler: 	at org.junit.runners.model.FrameworkMethod$1.runReflectiveCall(FrameworkMethod.java:59)
12-08 10:14:23.066  9674  9718 W DefaultFailureHandler: 	at org.junit.internal.runners.model.ReflectiveCallable.run(ReflectiveCallable.java:12)
12-08 10:14:23.066  9674  9718 W DefaultFailureHandler: 	at org.junit.runners.model.FrameworkMethod.invokeExplosively(FrameworkMethod.java:56)
12-08 10:14:23.066  9674  9718 W DefaultFailureHandler: 	at org.junit.internal.runners.statements.InvokeMethod.evaluate(InvokeMethod.java:17)
12-08 10:14:23.066  9674  9718 W DefaultFailureHandler: 	at androidx.test.internal.runner.junit4.statement.RunBefores.evaluate(RunBefores.java:80)
12-08 10:14:23.066  9674  9718 W DefaultFailureHandler: 	at io.qameta.allure.android.rules.ScreenshotRule$apply$1.evaluate(ScreenshotRule.kt:22)
12-08 10:14:23.066  9674  9718 W DefaultFailureHandler: 	at org.junit.rules.ExternalResource$1.evaluate(ExternalResource.java:54)
12-08 10:14:23.066  9674  9718 W DefaultFailureHandler: 	at io.qameta.allure.android.rules.LogcatRule$apply$1.evaluate(LogcatRule.kt:23)
12-08 10:14:23.066  9674  9718 W DefaultFailureHandler: 	at org.junit.rules.RunRules.evaluate(RunRules.java:20)
12-08 10:14:23.066  9674  9718 W DefaultFailureHandler: 	at org.junit.runners.ParentRunner$3.evaluate(ParentRunner.java:306)
12-08 10:14:23.066  9674  9718 W DefaultFailureHandler: 	at org.junit.runners.BlockJUnit4ClassRunner$1.evaluate(BlockJUnit4ClassRunner.java:100)
12-08 10:14:23.066  9674  9718 W DefaultFailureHandler: 	at org.junit.runners.ParentRunner.runLeaf(ParentRunner.java:366)
12-08 10:14:23.066  9674  9718 W DefaultFailureHandler: 	at org.junit.runners.BlockJUnit4ClassRunner.runChild(BlockJUnit4ClassRunner.java:103)
12-08 10:14:23.066  9674  9718 W DefaultFailureHandler: 	at org.junit.runners.BlockJUnit4ClassRunner.runChild(BlockJUnit4ClassRunner.java:63)
12-08 10:14:23.066  9674  9718 W DefaultFailureHandler: 	at org.junit.runners.ParentRunner$4.run(ParentRunner.java:331)
12-08 10:14:23.066  9674  9718 W DefaultFailureHandler: 	at org.junit.runners.ParentRunner$1.schedule(ParentRunner.java:79)
12-08 10:14:23.066  9674  9718 W DefaultFailureHandler: 	at org.junit.runners.ParentRunner.runChildren(ParentRunner.java:329)
12-08 10:14:23.066  9674  9718 W DefaultFailureHandler: 	at org.junit.runners.ParentRunner.access$100(ParentRunner.java:66)
12-08 10:14:23.066  9674  9718 W DefaultFailureHandler: 	at org.junit.runners.ParentRunner$2.evaluate(ParentRunner.java:293)
12-08 10:14:23.066  9674  9718 W DefaultFailureHandler: 	at org.junit.runners.ParentRunner$3.evaluate(ParentRunner.java:306)
12-08 10:14:23.066  9674  9718 W DefaultFailureHandler: 	at org.junit.runners.ParentRunner.run(ParentRunner.java:413)
12-08 10:14:23.066  9674  9718 W DefaultFailureHandler: 	at androidx.test.ext.junit.runners.AndroidJUnit4.run(AndroidJUnit4.java:162)
12-08 10:14:23.066  9674  9718 W DefaultFailureHandler: 	at io.qameta.allure.android.runners.AllureAndroidJUnit4.run(AllureAndroidJUnitRunners.kt:29)
12-08 10:14:23.066  9674  9718 W DefaultFailureHandler: 	at org.junit.runners.Suite.runChild(Suite.java:128)
12-08 10:14:23.066  9674  9718 W DefaultFailureHandler: 	at org.junit.runners.Suite.runChild(Suite.java:27)
12-08 10:14:23.066  9674  9718 W DefaultFailureHandler: 	at org.junit.runners.ParentRunner$4.run(ParentRunner.java:331)
12-08 10:14:23.066  9674  9718 W DefaultFailureHandler: 	at org.junit.runners.ParentRunner$1.schedule(ParentRunner.java:79)
12-08 10:14:23.066  9674  9718 W DefaultFailureHandler: 	at org.junit.runners.ParentRunner.runChildren(ParentRunner.java:329)
12-08 10:14:23.066  9674  9718 W DefaultFailureHandler: 	at org.junit.runners.ParentRunner.access$100(ParentRunner.java:66)
12-08 10:14:23.066  9674  9718 W DefaultFailureHandler: 	at org.junit.runners.ParentRunner$2.evaluate(ParentRunner.java:293)
12-08 10:14:23.066  9674  9718 W DefaultFailureHandler: 	at org.junit.runners.ParentRunner$3.evaluate(ParentRunner.java:306)
12-08 10:14:23.066  9674  9718 W DefaultFailureHandler: 	at org.junit.runners.ParentRunner.run(ParentRunner.java:413)
12-08 10:14:23.066  9674  9718 W DefaultFailureHandler: 	at org.junit.runner.JUnitCore.run(JUnitCore.java:137)
12-08 10:14:23.066  9674  9718 W DefaultFailureHandler: 	at org.junit.runner.JUnitCore.run(JUnitCore.java:115)
12-08 10:14:23.066  9674  9718 W DefaultFailureHandler: 	at androidx.test.internal.runner.TestExecutor.execute(TestExecutor.java:67)
12-08 10:14:23.066  9674  9718 W DefaultFailureHandler: 	at androidx.test.internal.runner.TestExecutor.execute(TestExecutor.java:58)
12-08 10:14:23.066  9674  9718 W DefaultFailureHandler: 	at androidx.test.runner.AndroidJUnitRunner.onStart(AndroidJUnitRunner.java:438)
12-08 10:14:23.066  9674  9718 W DefaultFailureHandler: 	at android.app.Instrumentation$InstrumentationThread.run(Instrumentation.java:2189)
12-08 10:14:23.066  9674  9718 W DefaultFailureHandler: Caused by: android.system.ErrnoException: open failed: EROFS (Read-only file system)
12-08 10:14:23.066  9674  9718 W DefaultFailureHandler: 	at libcore.io.Linux.open(Native Method)
12-08 10:14:23.066  9674  9718 W DefaultFailureHandler: 	at libcore.io.ForwardingOs.open(ForwardingOs.java:167)
12-08 10:14:23.066  9674  9718 W DefaultFailureHandler: 	at libcore.io.BlockGuardOs.open(BlockGuardOs.java:252)
12-08 10:14:23.066  9674  9718 W DefaultFailureHandler: 	at libcore.io.ForwardingOs.open(ForwardingOs.java:167)
12-08 10:14:23.066  9674  9718 W DefaultFailureHandler: 	at android.app.ActivityThread$AndroidOs.open(ActivityThread.java:7255)
12-08 10:14:23.066  9674  9718 W DefaultFailureHandler: 	at libcore.io.IoBridge.open(IoBridge.java:482)
12-08 10:14:23.066  9674  9718 W DefaultFailureHandler: 	... 53 more
12-08 10:14:23.073  1776  1927 D gralloc_ranchu: gralloc_alloc: Creating ashmem region of size 10108928
12-08 10:14:23.241  9674  9687 I teco.fmhandroi: NativeAlloc concurrent copying GC freed 86885(4202KB) AllocSpace objects, 4(64KB) LOS objects, 29% free, 14MB/20MB, paused 931us total 118.929ms
12-08 10:14:23.333  2018  3005 I ActivityTaskManager: START u0 {act=android.intent.action.MAIN cat=[android.intent.category.LAUNCHER] flg=0x10000000 cmp=ru.iteco.fmhandroid.test/androidx.test.core.app.InstrumentationActivityInvoker$EmptyActivity} from uid 10146
12-08 10:14:23.341  9674  9674 D LifecycleMonitor: Lifecycle status change: ru.iteco.fmhandroid.ui.AppActivity@efe88a5 in: PAUSED
12-08 10:14:23.341  9674  9674 V ActivityScenario: Update currentActivityStage to PAUSED, currentActivity=ru.iteco.fmhandroid.ui.AppActivity@efe88a5
12-08 10:14:23.342  2018  3005 W InputReader: Device has associated, but no associated display id.
12-08 10:14:23.346  2018  3005 I chatty  : uid=1000(system) Binder:2018_A identical 38 lines
12-08 10:14:23.346  2018  3005 W InputReader: Device has associated, but no associated display id.
12-08 10:14:23.349  9730  9730 W ActivityThread: handleWindowVisibility: no activity for token android.os.BinderProxy@2a069b1
12-08 10:14:23.352  2018  3005 W InputReader: Device has associated, but no associated display id.
12-08 10:14:23.353  2018  3005 I chatty  : uid=1000(system) Binder:2018_A identical 8 lines
12-08 10:14:23.353  2018  3005 W InputReader: Device has associated, but no associated display id.
12-08 10:14:23.359  9674  9878 V FA      : Recording user engagement, ms: 23520
12-08 10:14:23.435  1776  1927 D gralloc_ranchu: gralloc_alloc: Creating ashmem region of size 10108928
12-08 10:14:23.440  1776  1927 I chatty  : uid=1000(system) HwBinder:1776_3 identical 1 line
12-08 10:14:23.441  1776  1927 D gralloc_ranchu: gralloc_alloc: Creating ashmem region of size 10108928
12-08 10:14:23.443  9730  9767 D EGL_emulation: eglMakeCurrent: 0xdd81a2a0: ver 2 0 (tinfo 0xdd80f0b0)
12-08 10:14:23.450  9674  9878 V FA      : Connecting to remote service
12-08 10:14:23.490  2018 11055 W InputReader: Device has associated, but no associated display id.
12-08 10:14:23.492  2018 11055 I chatty  : uid=1000(system) Binder:2018_1E identical 38 lines
12-08 10:14:23.492  2018 11055 W InputReader: Device has associated, but no associated display id.
12-08 10:14:23.493  9674  9878 V FA      : Connection attempt already in progress
12-08 10:14:23.494  9674  9878 V FA      : Activity paused, time: 57410384
12-08 10:14:23.497  2018 11055 W InputReader: Device has associated, but no associated display id.
12-08 10:14:23.497  2018 11055 I chatty  : uid=1000(system) Binder:2018_1E identical 8 lines
12-08 10:14:23.497  2018 11055 W InputReader: Device has associated, but no associated display id.
12-08 10:14:23.507  9730  9730 W ActivityThread: handleWindowVisibility: no activity for token android.os.BinderProxy@6d0388
12-08 10:14:23.538  9674  9878 D FA      : Connected to remote service
12-08 10:14:23.409  2018  3005 I ActivityTaskManager: START u0 {act=android.intent.action.MAIN cat=[android.intent.category.LAUNCHER] flg=0x10000000 cmp=ru.iteco.fmhandroid.test/androidx.test.core.app.InstrumentationActivityInvoker$EmptyActivity} from uid 10146
12-08 10:14:23.538  2018  5644 W ActivityTaskManager: Duplicate finish request for ActivityRecord{250f786 u0 ru.iteco.fmhandroid/.ui.AppActivity t302 f}
12-08 10:14:23.543  9674  9878 V FA      : Processing queued up service tasks: 2
12-08 10:14:23.585  1776  1927 D gralloc_ranchu: gralloc_alloc: Creating ashmem region of size 10108928
12-08 10:14:23.592  1776  1927 I chatty  : uid=1000(system) HwBinder:1776_3 identical 1 line
12-08 10:14:23.593  1776  1927 D gralloc_ranchu: gralloc_alloc: Creating ashmem region of size 10108928
12-08 10:14:23.595  9730  9767 D EGL_emulation: eglMakeCurrent: 0xdd81a2a0: ver 2 0 (tinfo 0xdd80f0b0)
12-08 10:14:23.598  2873 10049 V FA-SVC  : Logging event: origin=auto,name=user_engagement(_e),params=Bundle[{ga_event_origin(_o)=auto, engagement_time_msec(_et)=23520, ga_screen_class(_sc)=AppActivity, ga_screen_id(_si)=2194426279771477315}]
12-08 10:14:23.620  2018  2054 W InputReader: Device has associated, but no associated display id.
12-08 10:14:23.621  2018  2054 I chatty  : uid=1000(system) android.anim identical 18 lines
12-08 10:14:23.621  2018  2054 W InputReader: Device has associated, but no associated display id.
12-08 10:14:23.627  2018  2058 I ActivityTaskManager: Displayed ru.iteco.fmhandroid.test/androidx.test.core.app.InstrumentationActivityInvoker$EmptyActivity: +143ms
12-08 10:14:23.639  2018  5644 W InputReader: Device has associated, but no associated display id.
12-08 10:14:23.640  2018  5644 I chatty  : uid=1000(system) Binder:2018_14 identical 8 lines
12-08 10:14:23.640  2018  5644 W InputReader: Device has associated, but no associated display id.
12-08 10:14:23.646  9674  9770 D EGL_emulation: eglMakeCurrent: 0xdd81b860: ver 2 0 (tinfo 0xc3288080)
12-08 10:14:23.681  2018  5644 W InputReader: Device has associated, but no associated display id.
12-08 10:14:23.690  2018  5644 I chatty  : uid=1000(system) Binder:2018_14 identical 28 lines
12-08 10:14:23.690  2018  5644 W InputReader: Device has associated, but no associated display id.
12-08 10:14:23.696  2873 10049 V FA-SVC  : Upload scheduled in approximately ms: 3320819
12-08 10:14:23.696  2873 10049 V FA-SVC  : Unscheduling upload
12-08 10:14:23.703  9674  9674 D AutofillManager: onActivityFinishing(): calling cancelLocked()
12-08 10:14:23.704  9674  9674 D LifecycleMonitor: Lifecycle status change: ru.iteco.fmhandroid.ui.AppActivity@efe88a5 in: STOPPED
12-08 10:14:23.708  9674  9674 V ActivityScenario: Update currentActivityStage to STOPPED, currentActivity=ru.iteco.fmhandroid.ui.AppActivity@efe88a5
12-08 10:14:23.724  2873 10049 V FA-SVC  : Scheduling upload, millis: 3320819
12-08 10:14:23.729  9674  9674 W System.err: ru.iteco.fmhandroid.exceptions.UnknownException
12-08 10:14:23.731  2018  3051 D ConnectivityService: requestNetwork for uid/pid:10129/8344 NetworkRequest [ TRACK_DEFAULT id=82, [ Capabilities: INTERNET&NOT_RESTRICTED&TRUSTED Uid: 10129] ]
12-08 10:14:23.734  9674  9674 W System.err: 	at ru.iteco.fmhandroid.utils.Utils.makeRequest(Utils.kt:123)
12-08 10:14:23.735  9674  9674 W System.err: 	at ru.iteco.fmhandroid.utils.Utils$makeRequest$1.invokeSuspend(Unknown Source:15)
12-08 10:14:23.735  9674  9674 W System.err: 	at kotlin.coroutines.jvm.internal.BaseContinuationImpl.resumeWith(ContinuationImpl.kt:33)
12-08 10:14:23.735  9674  9674 W System.err: 	at kotlinx.coroutines.DispatchedTaskKt.resume(DispatchedTask.kt:234)
12-08 10:14:23.736  2873 10049 V FA-SVC  : Background event processing time, ms: 132
12-08 10:14:23.737  9674  9674 W System.err: 	at kotlinx.coroutines.DispatchedTaskKt.resumeUnconfined(DispatchedTask.kt:190)
12-08 10:14:23.737  9674  9674 W System.err: 	at kotlinx.coroutines.DispatchedTaskKt.dispatch(DispatchedTask.kt:161)
12-08 10:14:23.737  9674  9674 W System.err: 	at kotlinx.coroutines.CancellableContinuationImpl.dispatchResume(CancellableContinuationImpl.kt:397)
12-08 10:14:23.737  9674  9674 W System.err: 	at kotlinx.coroutines.CancellableContinuationImpl.cancel(CancellableContinuationImpl.kt:183)
12-08 10:14:23.737  9674  9674 W System.err: 	at kotlinx.coroutines.CancellableContinuationImpl.parentCancelled$kotlinx_coroutines_core(CancellableContinuationImpl.kt:190)
12-08 10:14:23.737  9674  9674 W System.err: 	at kotlinx.coroutines.ChildContinuation.invoke(JobSupport.kt:1474)
12-08 10:14:23.737  9674  9674 W System.err: 	at kotlinx.coroutines.JobSupport.notifyCancelling(JobSupport.kt:1499)
12-08 10:14:23.739  9674  9674 W System.err: 	at kotlinx.coroutines.JobSupport.tryMakeCancelling(JobSupport.kt:795)
12-08 10:14:23.739  9674  9674 W System.err: 	at kotlinx.coroutines.JobSupport.makeCancelling(JobSupport.kt:755)
12-08 10:14:23.739  9674  9674 W System.err: 	at kotlinx.coroutines.JobSupport.cancelImpl$kotlinx_coroutines_core(JobSupport.kt:671)
12-08 10:14:23.739  9674  9674 W System.err: 	at kotlinx.coroutines.JobSupport.parentCancelled(JobSupport.kt:637)
12-08 10:14:23.739  9674  9674 W System.err: 	at kotlinx.coroutines.ChildHandleNode.invoke(JobSupport.kt:1465)
12-08 10:14:23.740  9674  9674 W System.err: 	at kotlinx.coroutines.JobSupport.notifyCancelling(JobSupport.kt:1499)
12-08 10:14:23.740  9674  9674 W System.err: 	at kotlinx.coroutines.JobSupport.tryMakeCompletingSlowPath(JobSupport.kt:900)
12-08 10:14:23.740  9674  9674 W System.err: 	at kotlinx.coroutines.JobSupport.tryMakeCompleting(JobSupport.kt:863)
12-08 10:14:23.740  9674  9674 W System.err: 	at kotlinx.coroutines.JobSupport.cancelMakeCompleting(JobSupport.kt:696)
12-08 10:14:23.740  9674  9674 W System.err: 	at kotlinx.coroutines.JobSupport.cancelImpl$kotlinx_coroutines_core(JobSupport.kt:667)
12-08 10:14:23.740  9674  9674 W System.err: 	at kotlinx.coroutines.JobSupport.cancelInternal(JobSupport.kt:632)
12-08 10:14:23.740  9674  9674 W System.err: 	at kotlinx.coroutines.JobSupport.cancel(JobSupport.kt:617)
