12-02 23:16:36.295  1864  1864 I ViewInteraction: Performing 'wait for a specific view with <is assignable from class <class android.widget.TimePicker>> during 10000 millis.' action on view view.getRootView() to equal view
12-02 23:16:36.303  1864  1864 I ViewInteraction: Checking 'MatchesViewAssertion{viewMatcher=(view has effective visibility <VISIBLE> and view.getGlobalVisibleRect() to return non-empty rectangle)}' assertion on view is assignable from class <class android.widget.TimePicker>
12-02 23:16:36.306  1864  1864 I ViewInteraction: Performing 'wait for a specific view with <is assignable from class <class android.widget.TimePicker>> during 10000 millis.' action on view view.getRootView() to equal view
12-02 23:16:36.308  1864  1864 I ViewInteraction: Performing 'set time' action on view is assignable from class <class android.widget.TimePicker>
12-02 23:16:36.311  1864  1864 I ViewInteraction: Performing 'wait for a specific view with <view.getId() is <16908313/android:id/button1>> during 10000 millis.' action on view view.getRootView() to equal view
12-02 23:16:36.313  1864  1864 I ViewInteraction: Performing 'single click' action on view view.getId() is <16908313/android:id/button1>
12-02 23:16:36.367  1864  2003 D EGL_emulation: eglMakeCurrent: 0xdb91b3e0: ver 2 0 (tinfo 0xdb98eb00)
12-02 23:16:36.388  1864  2003 D EGL_emulation: eglMakeCurrent: 0xdb91b3e0: ver 2 0 (tinfo 0xdb98eb00)
12-02 23:16:36.400  2010  2461 E InputDispatcher: Window handle Window{167788b u0 ru.iteco.fmhandroid/ru.iteco.fmhandroid.ui.AppActivity} has no registered input channel
12-02 23:16:36.404  1864  2003 D EGL_emulation: eglMakeCurrent: 0xdb91b3e0: ver 2 0 (tinfo 0xdb98eb00)
12-02 23:16:36.646  1864  1864 I ViewInteraction: Performing 'wait for a specific view with <(an instance of android.widget.TextView and view.getHint() matching: is "Description" and view.getParent() view.getParent() view.getId() is <2131230988/ru.iteco.fmhandroid:id/description_text_input_layout>)> during 10000 millis.' action on view view.getRootView() to equal view
12-02 23:16:36.649  1864  1864 I ViewInteraction: Performing 'replace text( ef690b4b-c6f8-4d21-8bb4-6bf2cbfad293)' action on view (an instance of android.widget.TextView and view.getHint() matching: is "Description" and view.getParent() view.getParent() view.getId() is <2131230988/ru.iteco.fmhandroid:id/description_text_input_layout>)
12-02 23:16:36.686  1864  1864 I ViewInteraction: Performing 'wait for a specific view with <view.getId() is <2131231291/ru.iteco.fmhandroid:id/save_button>> during 10000 millis.' action on view view.getRootView() to equal view
12-02 23:16:36.689  1864  1864 I ViewInteraction: Performing 'single click' action on view view.getId() is <2131231291/ru.iteco.fmhandroid:id/save_button>
12-02 23:16:36.754  1864  2093 I okhttp.OkHttpClient: --> POST http://www.981757-ca08998.tmweb.ru:8080/fmh/claims
12-02 23:16:36.754  1864  2093 I okhttp.OkHttpClient: Content-Type: application/json; charset=UTF-8
12-02 23:16:36.754  1864  2093 I okhttp.OkHttpClient: Content-Length: 296
12-02 23:16:36.755  1864  2093 I okhttp.OkHttpClient: {"createDate":1670012196,"creatorId":2,"creatorName":"  ","description":" ef690b4b-c6f8-4d21-8bb4-6bf2cbfad293","executorId":2,"planExecuteDate":1672776960,"status":"OPEN","title":" ef690b4b-c6f8-4d21-8bb4-6bf2cbfad293"}
12-02 23:16:36.755  1864  2093 I okhttp.OkHttpClient: --> END POST (296-byte body)
12-02 23:16:36.986  1864  1864 I ViewInteraction: Performing 'wait for a specific view with <view.getId() is <2131230849/ru.iteco.fmhandroid:id/add_new_claim_material_button>> during 10000 millis.' action on view view.getRootView() to equal view
12-02 23:16:37.557  1864  2093 I okhttp.OkHttpClient: <-- 200 http://www.981757-ca08998.tmweb.ru:8080/fmh/claims (802ms)
12-02 23:16:37.558  1864  2093 I okhttp.OkHttpClient: Vary: Origin
12-02 23:16:37.558  1864  2093 I okhttp.OkHttpClient: Vary: Access-Control-Request-Method
12-02 23:16:37.558  1864  2093 I okhttp.OkHttpClient: Vary: Access-Control-Request-Headers
12-02 23:16:37.558  1864  2093 I okhttp.OkHttpClient: X-Content-Type-Options: nosniff
12-02 23:16:37.558  1864  2093 I okhttp.OkHttpClient: X-XSS-Protection: 1; mode=block
12-02 23:16:37.558  1864  2093 I okhttp.OkHttpClient: Cache-Control: no-cache, no-store, max-age=0, must-revalidate
12-02 23:16:37.558  1864  2093 I okhttp.OkHttpClient: Pragma: no-cache
12-02 23:16:37.558  1864  2093 I okhttp.OkHttpClient: Expires: 0
12-02 23:16:37.558  1864  2093 I okhttp.OkHttpClient: X-Frame-Options: DENY
12-02 23:16:37.558  1864  2093 I okhttp.OkHttpClient: Content-Type: application/json
12-02 23:16:37.558  1864  2093 I okhttp.OkHttpClient: Transfer-Encoding: chunked
12-02 23:16:37.558  1864  2093 I okhttp.OkHttpClient: Date: Fri, 02 Dec 2022 20:16:38 GMT
12-02 23:16:37.558  1864  2093 I okhttp.OkHttpClient: Keep-Alive: timeout=60
12-02 23:16:37.558  1864  2093 I okhttp.OkHttpClient: Connection: keep-alive
12-02 23:16:37.559  1864  2093 I okhttp.OkHttpClient: {"id":2565,"title":" ef690b4b-c6f8-4d21-8bb4-6bf2cbfad293","description":" ef690b4b-c6f8-4d21-8bb4-6bf2cbfad293","creatorId":2,"executorId":2,"createDate":1670012196,"planExecuteDate":1672776960,"factExecuteDate":null,"status":"IN_PROGRESS","creatorName":"  ","executorName":"  "}
12-02 23:16:37.559  1864  2093 I okhttp.OkHttpClient: <-- END HTTP (396-byte body)
12-02 23:16:37.620  1864  1864 I ViewInteraction: Performing 'single click' action on view view.getId() is <2131230849/ru.iteco.fmhandroid:id/add_new_claim_material_button>
12-02 23:16:37.755  1864  2052 I okhttp.OkHttpClient: --> GET http://www.981757-ca08998.tmweb.ru:8080/fmh/users
12-02 23:16:37.755  1864  2052 I okhttp.OkHttpClient: --> END GET
12-02 23:16:37.988  1864  1864 I ViewInteraction: Performing 'wait for a specific view with <view.getId() is <2131231041/ru.iteco.fmhandroid:id/executor_drop_menu_auto_complete_text_view>> during 10000 millis.' action on view view.getRootView() to equal view
12-02 23:16:40.889  1750  1750 W audio_hw_generic: Not supplying enough data to HAL, expected position 457052120 , only wrote 456778101
12-02 23:16:46.960  1864  2052 I okhttp.OkHttpClient: <-- 200 http://www.981757-ca08998.tmweb.ru:8080/fmh/users (9204ms)
12-02 23:16:46.960  1864  2052 I okhttp.OkHttpClient: Vary: Origin
12-02 23:16:46.960  1864  2052 I okhttp.OkHttpClient: Vary: Access-Control-Request-Method
12-02 23:16:46.960  1864  2052 I okhttp.OkHttpClient: Vary: Access-Control-Request-Headers
12-02 23:16:46.960  1864  2052 I okhttp.OkHttpClient: X-Content-Type-Options: nosniff
12-02 23:16:46.960  1864  2052 I okhttp.OkHttpClient: X-XSS-Protection: 1; mode=block
12-02 23:16:46.960  1864  2052 I okhttp.OkHttpClient: Cache-Control: no-cache, no-store, max-age=0, must-revalidate
12-02 23:16:46.960  1864  2052 I okhttp.OkHttpClient: Pragma: no-cache
12-02 23:16:46.960  1864  2052 I okhttp.OkHttpClient: Expires: 0
12-02 23:16:46.960  1864  2052 I okhttp.OkHttpClient: X-Frame-Options: DENY
12-02 23:16:46.960  1864  2052 I okhttp.OkHttpClient: Content-Type: application/json
12-02 23:16:46.960  1864  2052 I okhttp.OkHttpClient: Transfer-Encoding: chunked
12-02 23:16:46.960  1864  2052 I okhttp.OkHttpClient: Date: Fri, 02 Dec 2022 20:16:47 GMT
12-02 23:16:46.960  1864  2052 I okhttp.OkHttpClient: Keep-Alive: timeout=60
12-02 23:16:46.960  1864  2052 I okhttp.OkHttpClient: Connection: keep-alive
12-02 23:16:46.960  1864  2052 I okhttp.OkHttpClient: [{"id":1,"firstName":"","lastName":"","middleName":"","admin":true},{"id":2,"firstName":"","lastName":"","middleName":"","admin":true},{"id":3,"firstName":"","lastName":"","middleName":"","admin":false},{"id":4,"firstName":"","lastName":"","middleName":"","admin":false},{"id":5,"firstName":"","lastName":"","middleName":"","admin":true},{"id":6,"firstName":"Diplom","lastName":"Netology","middleName":"QAMID","admin":true}]
12-02 23:16:46.960  1864  2052 I okhttp.OkHttpClient: <-- END HTTP (622-byte body)
12-02 23:16:47.037  1864  1864 I ViewInteraction: Performing 'single click' action on view view.getId() is <2131231041/ru.iteco.fmhandroid:id/executor_drop_menu_auto_complete_text_view>
12-02 23:16:47.107  1743  1743 I netd    : firewallSetUidRule(2, 10145, 1) <0.02ms>
12-02 23:16:47.129  1772  1772 D gralloc_ranchu: gralloc_alloc: Creating ashmem region of size 7032832
12-02 23:16:47.135  1772  1772 I chatty  : uid=1000(system) allocator@2.0-s identical 1 line
12-02 23:16:47.136  1772  1772 D gralloc_ranchu: gralloc_alloc: Creating ashmem region of size 7032832
12-02 23:16:47.142  1864  2003 D EGL_emulation: eglMakeCurrent: 0xdb91b3e0: ver 2 0 (tinfo 0xdb98eb00)
12-02 23:16:47.173  1864  1864 I AssistStructure: Flattened final assist data: 6984 bytes, containing 2 windows, 53 views
12-02 23:16:47.185  2010  3295 D AutofillSession: Starting partition or augmented request for view id 1073741946@1590876230: STARTED_SESSION
12-02 23:16:47.185  1750  3111 W audio_hw_generic: Not supplying enough data to HAL, expected position 456778119 , only wrote 456778101
12-02 23:16:47.187  2584  2584 W ktk     : Pending fill request while another request in the same session was triggered. [CONTEXT service_id=177 ]
12-02 23:16:47.202  1864  2003 D EGL_emulation: eglMakeCurrent: 0xdb91b3e0: ver 2 0 (tinfo 0xdb98eb00)
12-02 23:16:47.208  1864  1864 I AssistStructure: Flattened final assist data: 6984 bytes, containing 2 windows, 53 views
12-02 23:16:47.222  1864  2003 D EGL_emulation: eglMakeCurrent: 0xdb91b3e0: ver 2 0 (tinfo 0xdb98eb00)
12-02 23:16:47.223  2010  2034 D AutofillUI: destroySaveUiUiThread(): already destroyed
12-02 23:16:47.224  2486  2486 I KeyboardViewUtil: systemKeyboardHeightRatio:1.000000; userKeyboardHeightRatio:1.000000.
12-02 23:16:47.224  2486  2486 I AndroidIME: LatinIme.onActivate() : EditorInfo = Package = ru.iteco.fmhandroid : Type = Text : Learning = Disable : Suggestion = Show : AutoCorrection = Disable : Microphone = Show : NoPersonalizedLearning = Disable
12-02 23:16:47.231  2584  2584 W ktk     : Pending fill request while another request in the same session was triggered. [CONTEXT service_id=177 ]
12-02 23:16:47.239  2486  2486 I Conv2QueryExtension: Current locale: en_US, config allows these locales: de,en,es,fr,it,ms,pt,ta
12-02 23:16:47.239  2486  2486 I Conv2QueryExtension: Conv2Query not enabled due to current app [ru.iteco.fmhandroid] not in whitelist
12-02 23:16:47.239  2486  2486 I Conv2QueryExtension: onActivate() : Disabled by unsupported host app
12-02 23:16:47.254  1772  1772 D gralloc_ranchu: gralloc_alloc: Creating ashmem region of size 14262272
12-02 23:16:47.258  1772  1772 D gralloc_ranchu: gralloc_alloc: Creating ashmem region of size 14262272
12-02 23:16:47.262  2486  6704 D EGL_emulation: eglMakeCurrent: 0xdb91b920: ver 2 0 (tinfo 0xdb90fce0)
12-02 23:16:47.270  1772  1772 D gralloc_ranchu: gralloc_alloc: Creating ashmem region of size 14262272
12-02 23:16:47.290  1864  2003 D EGL_emulation: eglMakeCurrent: 0xdb91b3e0: ver 2 0 (tinfo 0xdb98eb00)
12-02 23:16:47.317  1772  1772 D gralloc_ranchu: gralloc_alloc: Creating ashmem region of size 4997120
12-02 23:16:47.322  1864  2003 D EGL_emulation: eglMakeCurrent: 0xdb91b3e0: ver 2 0 (tinfo 0xdb98eb00)
12-02 23:16:47.344  1772  1772 D gralloc_ranchu: gralloc_alloc: Creating ashmem region of size 4997120
12-02 23:16:47.348  1864  2003 D EGL_emulation: eglMakeCurrent: 0xdb91b3e0: ver 2 0 (tinfo 0xdb98eb00)
12-02 23:16:47.366  1864  2003 D EGL_emulation: eglMakeCurrent: 0xdb91b3e0: ver 2 0 (tinfo 0xdb98eb00)
12-02 23:16:47.376  1772  1772 D gralloc_ranchu: gralloc_alloc: Creating ashmem region of size 4997120
12-02 23:16:47.451  1864  1864 I ViewInteraction: Performing 'close keyboard' action on view view.getRootView() to equal view
12-02 23:16:47.457  1743  1743 I netd    : firewallSetUidRule(2, 10145, 2) <0.03ms>
12-02 23:16:47.458  2486  2486 I PhenotypeExpConfig: refreshConfiguration() : Force = false : UpdateAvailable = false : Age = 434 minutes : MaxAge = 720 minutes
12-02 23:16:47.459  2486  2486 I AndroidIME: LatinIme.onDeactivate()
12-02 23:16:47.514  2486  6704 D EGL_emulation: eglMakeCurrent: 0xdb91b920: ver 2 0 (tinfo 0xdb90fce0)
12-02 23:16:47.545  1864  2003 D EGL_emulation: eglMakeCurrent: 0xdb91b3e0: ver 2 0 (tinfo 0xdb98eb00)
12-02 23:16:47.569  1772  1772 D gralloc_ranchu: gralloc_alloc: Creating ashmem region of size 7032832
12-02 23:16:47.575  1864  2003 D EGL_emulation: eglMakeCurrent: 0xdb91b3e0: ver 2 0 (tinfo 0xdb98eb00)
12-02 23:16:47.597  1772  1772 D gralloc_ranchu: gralloc_alloc: Creating ashmem region of size 7032832
12-02 23:16:47.601  1864  2003 D EGL_emulation: eglMakeCurrent: 0xdb91b3e0: ver 2 0 (tinfo 0xdb98eb00)
12-02 23:16:47.617  1864  2003 D EGL_emulation: eglMakeCurrent: 0xdb91b3e0: ver 2 0 (tinfo 0xdb98eb00)
12-02 23:16:47.628  1772  1772 D gralloc_ranchu: gralloc_alloc: Creating ashmem region of size 7032832
12-02 23:16:47.632  1864  2003 D EGL_emulation: eglMakeCurrent: 0xdb91b3e0: ver 2 0 (tinfo 0xdb98eb00)
12-02 23:16:49.167  1864  2003 I chatty  : uid=10159(ru.iteco.fmhandroid) RenderThread identical 1 line
12-02 23:16:49.648  1864  2003 D EGL_emulation: eglMakeCurrent: 0xdb91b3e0: ver 2 0 (tinfo 0xdb98eb00)
12-02 23:16:50.335  1750  1750 W audio_hw_generic: Not supplying enough data to HAL, expected position 457054000 , only wrote 456916911
12-02 23:16:50.523  2010  2461 E memtrack: Couldn't load memtrack module
12-02 23:16:50.523  2010  2461 W android.os.Debug: failed to get memory consumption info: -1
12-02 23:16:50.810  1864  1864 I ViewInteraction: Checking 'MatchesViewAssertion{viewMatcher=(view has effective visibility <VISIBLE> and view.getGlobalVisibleRect() to return non-empty rectangle)}' assertion on view an instance of android.widget.TextView and view.getText() with or without transformation to match: is "  "
12-02 23:16:50.812  1864  1864 I ViewInteraction: Performing 'single click' action on view an instance of android.widget.TextView and view.getText() with or without transformation to match: is "  "
12-02 23:16:50.866  1864  2003 D EGL_emulation: eglMakeCurrent: 0xdb91b3e0: ver 2 0 (tinfo 0xdb98eb00)
12-02 23:16:50.931  1750  3111 W audio_hw_generic: Not supplying enough data to HAL, expected position 456916923 , only wrote 456916911
12-02 23:16:50.944  1864  2003 D EGL_emulation: eglMakeCurrent: 0xdb91b3e0: ver 2 0 (tinfo 0xdb98eb00)
12-02 23:16:50.954  1864  2003 D EGL_emulation: eglMakeCurrent: 0xdb91b3e0: ver 2 0 (tinfo 0xdb98eb00)
12-02 23:16:50.964  2010  2461 E InputDispatcher: Window handle Window{b946a0c u0 PopupWindow:700a9e5} has no registered input channel
12-02 23:16:51.088  1864  1864 I ViewInteraction: Performing 'wait for a specific view with <(view.getId() is <2131231402/ru.iteco.fmhandroid:id/title_edit_text> and view.getParent() view.getParent() view.getId() is <2131231406/ru.iteco.fmhandroid:id/title_text_input_layout>)> during 10000 millis.' action on view view.getRootView() to equal view
12-02 23:16:51.092  1864  1864 I ViewInteraction: Performing 'replace text( 2691d486-901c-4674-a08b-1fbb309eb8e9)' action on view (view.getId() is <2131231402/ru.iteco.fmhandroid:id/title_edit_text> and view.getParent() view.getParent() view.getId() is <2131231406/ru.iteco.fmhandroid:id/title_text_input_layout>)
12-02 23:16:51.125  1864  1864 I ViewInteraction: Performing 'wait for a specific view with <view.getId() is <2131230975/ru.iteco.fmhandroid:id/date_in_plan_text_input_edit_text>> during 10000 millis.' action on view view.getRootView() to equal view
12-02 23:16:51.144  1864  1864 I ViewInteraction: Performing 'single click' action on view view.getId() is <2131230975/ru.iteco.fmhandroid:id/date_in_plan_text_input_edit_text>
12-02 23:16:51.248  1772  1772 D gralloc_ranchu: gralloc_alloc: Creating ashmem region of size 10964992
12-02 23:16:51.255  1772  1772 I chatty  : uid=1000(system) allocator@2.0-s identical 1 line
12-02 23:16:51.256  1772  1772 D gralloc_ranchu: gralloc_alloc: Creating ashmem region of size 10964992
12-02 23:16:51.259  1864  2003 D EGL_emulation: eglMakeCurrent: 0xdb91b3e0: ver 2 0 (tinfo 0xdb98eb00)
12-02 23:16:51.351  1864  2003 I chatty  : uid=10159(ru.iteco.fmhandroid) RenderThread identical 3 lines
12-02 23:16:51.375  1864  2003 D EGL_emulation: eglMakeCurrent: 0xdb91b3e0: ver 2 0 (tinfo 0xdb98eb00)
12-02 23:16:51.754  1864  1864 I ViewInteraction: Performing 'wait for a specific view with <is assignable from class <class android.widget.DatePicker>> during 10000 millis.' action on view view.getRootView() to equal view
12-02 23:16:51.757  1864  1864 I ViewInteraction: Checking 'MatchesViewAssertion{viewMatcher=(view has effective visibility <VISIBLE> and view.getGlobalVisibleRect() to return non-empty rectangle)}' assertion on view is assignable from class <class android.widget.DatePicker>
12-02 23:16:51.760  1864  1864 I ViewInteraction: Performing 'wait for a specific view with <is assignable from class <class android.widget.DatePicker>> during 10000 millis.' action on view view.getRootView() to equal view
12-02 23:16:51.763  1864  1864 I ViewInteraction: Performing 'set date' action on view is assignable from class <class android.widget.DatePicker>
12-02 23:16:51.804  1864  1864 I ViewInteraction: Performing 'wait for a specific view with <view.getId() is <16908313/android:id/button1>> during 10000 millis.' action on view view.getRootView() to equal view
12-02 23:16:51.806  1864  1864 I ViewInteraction: Performing 'single click' action on view view.getId() is <16908313/android:id/button1>
12-02 23:16:51.876  1864  2003 D EGL_emulation: eglMakeCurrent: 0xdb91b3e0: ver 2 0 (tinfo 0xdb98eb00)
12-02 23:16:51.880  2010 19651 E InputDispatcher: Window handle Window{fb88915 u0 ru.iteco.fmhandroid/ru.iteco.fmhandroid.ui.AppActivity} has no registered input channel
12-02 23:16:51.892  1864  2003 D EGL_emulation: eglMakeCurrent: 0xdb91b3e0: ver 2 0 (tinfo 0xdb98eb00)
12-02 23:16:52.139  1864  1864 I ViewInteraction: Performing 'wait for a specific view with <(an instance of android.widget.TextView and view.getHint() matching: is "Time" and view.getParent() view.getParent() view.getId() is <2131231399/ru.iteco.fmhandroid:id/time_in_plan_text_input_layout>)> during 10000 millis.' action on view view.getRootView() to equal view
12-02 23:16:52.142  1864  1864 I ViewInteraction: Performing 'single click' action on view (an instance of android.widget.TextView and view.getHint() matching: is "Time" and view.getParent() view.getParent() view.getId() is <2131231399/ru.iteco.fmhandroid:id/time_in_plan_text_input_layout>)
12-02 23:16:52.257  1772  1772 D gralloc_ranchu: gralloc_alloc: Creating ashmem region of size 9261056
12-02 23:16:52.264  1772  1772 D gralloc_ranchu: gralloc_alloc: Creating ashmem region of size 9261056
12-02 23:16:52.267  1864  2003 D EGL_emulation: eglMakeCurrent: 0xdb91b3e0: ver 2 0 (tinfo 0xdb98eb00)
12-02 23:16:52.269  1772  1772 D gralloc_ranchu: gralloc_alloc: Creating ashmem region of size 9261056
12-02 23:16:52.314  1864  2003 D EGL_emulation: eglMakeCurrent: 0xdb91b3e0: ver 2 0 (tinfo 0xdb98eb00)
12-02 23:16:52.557  1864  1864 I ViewInteraction: Performing 'wait for a specific view with <is assignable from class <class android.widget.TimePicker>> during 10000 millis.' action on view view.getRootView() to equal view
12-02 23:16:52.559  1864  1864 I ViewInteraction: Checking 'MatchesViewAssertion{viewMatcher=(view has effective visibility <VISIBLE> and view.getGlobalVisibleRect() to return non-empty rectangle)}' assertion on view is assignable from class <class android.widget.TimePicker>
12-02 23:16:52.561  1864  1864 I ViewInteraction: Performing 'wait for a specific view with <is assignable from class <class android.widget.TimePicker>> during 10000 millis.' action on view view.getRootView() to equal view
12-02 23:16:52.564  1864  1864 I ViewInteraction: Performing 'set time' action on view is assignable from class <class android.widget.TimePicker>
12-02 23:16:52.566  1864  1864 I ViewInteraction: Performing 'wait for a specific view with <view.getId() is <16908313/android:id/button1>> during 10000 millis.' action on view view.getRootView() to equal view
12-02 23:16:52.569  1864  1864 I ViewInteraction: Performing 'single click' action on view view.getId() is <16908313/android:id/button1>
12-02 23:16:52.632  1864  2003 D EGL_emulation: eglMakeCurrent: 0xdb91b3e0: ver 2 0 (tinfo 0xdb98eb00)
12-02 23:16:52.647  1864  2003 I chatty  : uid=10159(ru.iteco.fmhandroid) RenderThread identical 1 line
12-02 23:16:52.661  1864  2003 D EGL_emulation: eglMakeCurrent: 0xdb91b3e0: ver 2 0 (tinfo 0xdb98eb00)
12-02 23:16:52.665  2010  2342 E InputDispatcher: Window handle Window{21846e8 u0 ru.iteco.fmhandroid/ru.iteco.fmhandroid.ui.AppActivity} has no registered input channel
12-02 23:16:52.908  1864  1864 I ViewInteraction: Performing 'wait for a specific view with <(an instance of android.widget.TextView and view.getHint() matching: is "Description" and view.getParent() view.getParent() view.getId() is <2131230988/ru.iteco.fmhandroid:id/description_text_input_layout>)> during 10000 millis.' action on view view.getRootView() to equal view
12-02 23:16:52.910  1864  1864 I ViewInteraction: Performing 'replace text( 2691d486-901c-4674-a08b-1fbb309eb8e9)' action on view (an instance of android.widget.TextView and view.getHint() matching: is "Description" and view.getParent() view.getParent() view.getId() is <2131230988/ru.iteco.fmhandroid:id/description_text_input_layout>)
12-02 23:16:52.938  1864  1864 I ViewInteraction: Performing 'wait for a specific view with <view.getId() is <2131231291/ru.iteco.fmhandroid:id/save_button>> during 10000 millis.' action on view view.getRootView() to equal view
12-02 23:16:52.941  1864  1864 I ViewInteraction: Performing 'single click' action on view view.getId() is <2131231291/ru.iteco.fmhandroid:id/save_button>
12-02 23:16:53.001  1864  2093 I okhttp.OkHttpClient: --> POST http://www.981757-ca08998.tmweb.ru:8080/fmh/claims
12-02 23:16:53.001  1864  2093 I okhttp.OkHttpClient: Content-Type: application/json; charset=UTF-8
12-02 23:16:53.001  1864  2093 I okhttp.OkHttpClient: Content-Length: 296
12-02 23:16:53.001  1864  2093 I okhttp.OkHttpClient: {"createDate":1670012212,"creatorId":2,"creatorName":"  ","description":" 2691d486-901c-4674-a08b-1fbb309eb8e9","executorId":2,"planExecuteDate":1685218560,"status":"OPEN","title":" 2691d486-901c-4674-a08b-1fbb309eb8e9"}
12-02 23:16:53.001  1864  2093 I okhttp.OkHttpClient: --> END POST (296-byte body)
12-02 23:16:53.252  1864  1864 I ViewInteraction: Performing 'wait for a specific view with <view.getId() is <2131230849/ru.iteco.fmhandroid:id/add_new_claim_material_button>> during 10000 millis.' action on view view.getRootView() to equal view
12-02 23:16:53.337  1864  2093 I okhttp.OkHttpClient: <-- 200 http://www.981757-ca08998.tmweb.ru:8080/fmh/claims (336ms)
12-02 23:16:53.337  1864  2093 I okhttp.OkHttpClient: Vary: Origin
12-02 23:16:53.337  1864  2093 I okhttp.OkHttpClient: Vary: Access-Control-Request-Method
12-02 23:16:53.337  1864  2093 I okhttp.OkHttpClient: Vary: Access-Control-Request-Headers
12-02 23:16:53.337  1864  2093 I okhttp.OkHttpClient: X-Content-Type-Options: nosniff
12-02 23:16:53.338  1864  2093 I okhttp.OkHttpClient: X-XSS-Protection: 1; mode=block
12-02 23:16:53.338  1864  2093 I okhttp.OkHttpClient: Cache-Control: no-cache, no-store, max-age=0, must-revalidate
12-02 23:16:53.338  1864  2093 I okhttp.OkHttpClient: Pragma: no-cache
12-02 23:16:53.338  1864  2093 I okhttp.OkHttpClient: Expires: 0
12-02 23:16:53.338  1864  2093 I okhttp.OkHttpClient: X-Frame-Options: DENY
12-02 23:16:53.338  1864  2093 I okhttp.OkHttpClient: Content-Type: application/json
12-02 23:16:53.338  1864  2093 I okhttp.OkHttpClient: Transfer-Encoding: chunked
12-02 23:16:53.338  1864  2093 I okhttp.OkHttpClient: Date: Fri, 02 Dec 2022 20:16:54 GMT
12-02 23:16:53.338  1864  2093 I okhttp.OkHttpClient: Keep-Alive: timeout=60
12-02 23:16:53.338  1864  2093 I okhttp.OkHttpClient: Connection: keep-alive
12-02 23:16:53.338  1864  2093 I okhttp.OkHttpClient: {"id":2566,"title":" 2691d486-901c-4674-a08b-1fbb309eb8e9","description":" 2691d486-901c-4674-a08b-1fbb309eb8e9","creatorId":2,"executorId":2,"createDate":1670012212,"planExecuteDate":1685218560,"factExecuteDate":null,"status":"IN_PROGRESS","creatorName":"  ","executorName":"  "}
12-02 23:16:53.338  1864  2093 I okhttp.OkHttpClient: <-- END HTTP (396-byte body)
12-02 23:16:53.401  1864  1864 I ViewInteraction: Performing 'single click' action on view view.getId() is <2131230849/ru.iteco.fmhandroid:id/add_new_claim_material_button>
12-02 23:16:53.522  1864  2052 I okhttp.OkHttpClient: --> GET http://www.981757-ca08998.tmweb.ru:8080/fmh/users
12-02 23:16:53.522  1864  2052 I okhttp.OkHttpClient: --> END GET
12-02 23:16:53.668  1864  2052 I okhttp.OkHttpClient: <-- 200 http://www.981757-ca08998.tmweb.ru:8080/fmh/users (146ms)
12-02 23:16:53.668  1864  2052 I okhttp.OkHttpClient: Vary: Origin
12-02 23:16:53.668  1864  2052 I okhttp.OkHttpClient: Vary: Access-Control-Request-Method
12-02 23:16:53.668  1864  2052 I okhttp.OkHttpClient: Vary: Access-Control-Request-Headers
12-02 23:16:53.668  1864  2052 I okhttp.OkHttpClient: X-Content-Type-Options: nosniff
12-02 23:16:53.668  1864  2052 I okhttp.OkHttpClient: X-XSS-Protection: 1; mode=block
12-02 23:16:53.668  1864  2052 I okhttp.OkHttpClient: Cache-Control: no-cache, no-store, max-age=0, must-revalidate
12-02 23:16:53.668  1864  2052 I okhttp.OkHttpClient: Pragma: no-cache
12-02 23:16:53.668  1864  2052 I okhttp.OkHttpClient: Expires: 0
12-02 23:16:53.668  1864  2052 I okhttp.OkHttpClient: X-Frame-Options: DENY
12-02 23:16:53.669  1864  2052 I okhttp.OkHttpClient: Content-Type: application/json
12-02 23:16:53.669  1864  2052 I okhttp.OkHttpClient: Transfer-Encoding: chunked
12-02 23:16:53.669  1864  2052 I okhttp.OkHttpClient: Date: Fri, 02 Dec 2022 20:16:54 GMT
12-02 23:16:53.669  1864  2052 I okhttp.OkHttpClient: Keep-Alive: timeout=60
12-02 23:16:53.669  1864  2052 I okhttp.OkHttpClient: Connection: keep-alive
12-02 23:16:53.669  1864  2052 I okhttp.OkHttpClient: [{"id":1,"firstName":"","lastName":"","middleName":"","admin":true},{"id":2,"firstName":"","lastName":"","middleName":"","admin":true},{"id":3,"firstName":"","lastName":"","middleName":"","admin":false},{"id":4,"firstName":"","lastName":"","middleName":"","admin":false},{"id":5,"firstName":"","lastName":"","middleName":"","admin":true},{"id":6,"firstName":"Diplom","lastName":"Netology","middleName":"QAMID","admin":true}]
12-02 23:16:53.669  1864  2052 I okhttp.OkHttpClient: <-- END HTTP (622-byte body)
12-02 23:16:53.824  1864  1864 I ViewInteraction: Performing 'wait for a specific view with <view.getId() is <2131231041/ru.iteco.fmhandroid:id/executor_drop_menu_auto_complete_text_view>> during 10000 millis.' action on view view.getRootView() to equal view
12-02 23:16:53.827  1864  1864 I ViewInteraction: Performing 'single click' action on view view.getId() is <2131231041/ru.iteco.fmhandroid:id/executor_drop_menu_auto_complete_text_view>
12-02 23:16:53.900  1743  1743 I netd    : firewallSetUidRule(2, 10145, 1) <0.04ms>
12-02 23:16:53.926  1772  1772 D gralloc_ranchu: gralloc_alloc: Creating ashmem region of size 7032832
12-02 23:16:53.932  1772  1772 D gralloc_ranchu: gralloc_alloc: Creating ashmem region of size 7032832
12-02 23:16:53.933  1772  1873 D gralloc_ranchu: gralloc_alloc: Creating ashmem region of size 7032832
12-02 23:16:53.936  1864  2003 D EGL_emulation: eglMakeCurrent: 0xdb91b3e0: ver 2 0 (tinfo 0xdb98eb00)
12-02 23:16:53.972  1864  1864 I AssistStructure: Flattened final assist data: 6984 bytes, containing 2 windows, 53 views
12-02 23:16:53.984  2010  5941 D AutofillSession: Starting partition or augmented request for view id 1073742007@77900175: STARTED_SESSION
12-02 23:16:53.985  2584  2584 W ktk     : Pending fill request while another request in the same session was triggered. [CONTEXT service_id=177 ]
12-02 23:16:53.993  2010  2034 D AutofillUI: destroySaveUiUiThread(): already destroyed
12-02 23:16:54.008  1864  2003 D EGL_emulation: eglMakeCurrent: 0xdb91b3e0: ver 2 0 (tinfo 0xdb98eb00)
12-02 23:16:54.022  1864  1864 I AssistStructure: Flattened final assist data: 6984 bytes, containing 2 windows, 53 views
12-02 23:16:54.035  1864  2003 D EGL_emulation: eglMakeCurrent: 0xdb91b3e0: ver 2 0 (tinfo 0xdb98eb00)
12-02 23:16:54.039  2486  2486 I KeyboardViewUtil: systemKeyboardHeightRatio:1.000000; userKeyboardHeightRatio:1.000000.
12-02 23:16:54.039  2486  2486 I AndroidIME: LatinIme.onActivate() : EditorInfo = Package = ru.iteco.fmhandroid : Type = Text : Learning = Disable : Suggestion = Show : AutoCorrection = Disable : Microphone = Show : NoPersonalizedLearning = Disable
12-02 23:16:54.046  2486  2486 I Conv2QueryExtension: Current locale: en_US, config allows these locales: de,en,es,fr,it,ms,pt,ta
12-02 23:16:54.047  2486  2486 I Conv2QueryExtension: Conv2Query not enabled due to current app [ru.iteco.fmhandroid] not in whitelist
12-02 23:16:54.047  2486  2486 I Conv2QueryExtension: onActivate() : Disabled by unsupported host app
12-02 23:16:54.059  1772  1873 D gralloc_ranchu: gralloc_alloc: Creating ashmem region of size 14262272
12-02 23:16:54.062  1772  1873 I chatty  : uid=1000(system) HwBinder:1772_1 identical 1 line
12-02 23:16:54.063  1772  1873 D gralloc_ranchu: gralloc_alloc: Creating ashmem region of size 14262272
12-02 23:16:54.071  2486  6704 D EGL_emulation: eglMakeCurrent: 0xdb91b920: ver 2 0 (tinfo 0xdb90fce0)
12-02 23:16:54.109  1864  2003 D EGL_emulation: eglMakeCurrent: 0xdb91b3e0: ver 2 0 (tinfo 0xdb98eb00)
12-02 23:16:54.139  1772  1873 D gralloc_ranchu: gralloc_alloc: Creating ashmem region of size 4997120
12-02 23:16:54.146  1864  2003 D EGL_emulation: eglMakeCurrent: 0xdb91b3e0: ver 2 0 (tinfo 0xdb98eb00)
12-02 23:16:54.176  1772  1873 D gralloc_ranchu: gralloc_alloc: Creating ashmem region of size 4997120
12-02 23:16:54.179  1864  2003 D EGL_emulation: eglMakeCurrent: 0xdb91b3e0: ver 2 0 (tinfo 0xdb98eb00)
12-02 23:16:54.195  1864  2003 D EGL_emulation: eglMakeCurrent: 0xdb91b3e0: ver 2 0 (tinfo 0xdb98eb00)
12-02 23:16:54.208  1772  1873 D gralloc_ranchu: gralloc_alloc: Creating ashmem region of size 4997120
12-02 23:16:54.267  1864  1864 I ViewInteraction: Performing 'close keyboard' action on view view.getRootView() to equal view
12-02 23:16:54.272  2486  2486 I PhenotypeExpConfig: refreshConfiguration() : Force = false : UpdateAvailable = false : Age = 434 minutes : MaxAge = 720 minutes
12-02 23:16:54.272  1743  1743 I netd    : firewallSetUidRule(2, 10145, 2) <0.03ms>
12-02 23:16:54.272  2486  2486 I AndroidIME: LatinIme.onDeactivate()
12-02 23:16:54.282  2486  6704 D EGL_emulation: eglMakeCurrent: 0xdb91b920: ver 2 0 (tinfo 0xdb90fce0)
12-02 23:16:54.311  1864  2003 D EGL_emulation: eglMakeCurrent: 0xdb91b3e0: ver 2 0 (tinfo 0xdb98eb00)
12-02 23:16:54.336  1772  1873 D gralloc_ranchu: gralloc_alloc: Creating ashmem region of size 7032832
12-02 23:16:54.343  1864  2003 D EGL_emulation: eglMakeCurrent: 0xdb91b3e0: ver 2 0 (tinfo 0xdb98eb00)
12-02 23:16:54.364  1772  1873 D gralloc_ranchu: gralloc_alloc: Creating ashmem region of size 7032832
12-02 23:16:54.366  1864  2003 D EGL_emulation: eglMakeCurrent: 0xdb91b3e0: ver 2 0 (tinfo 0xdb98eb00)
12-02 23:16:54.378  1864  2003 D EGL_emulation: eglMakeCurrent: 0xdb91b3e0: ver 2 0 (tinfo 0xdb98eb00)
12-02 23:16:54.388  1772  1873 D gralloc_ranchu: gralloc_alloc: Creating ashmem region of size 7032832
12-02 23:16:54.391  1864  2003 D EGL_emulation: eglMakeCurrent: 0xdb91b3e0: ver 2 0 (tinfo 0xdb98eb00)
12-02 23:16:55.932  1864  2003 D EGL_emulation: eglMakeCurrent: 0xdb91b3e0: ver 2 0 (tinfo 0xdb98eb00)
12-02 23:16:56.172  1881  1881 E netmgr  : Failed to open QEMU pipe 'qemud:network': Invalid argument
12-02 23:16:56.400  1864  2003 D EGL_emulation: eglMakeCurrent: 0xdb91b3e0: ver 2 0 (tinfo 0xdb98eb00)
12-02 23:16:56.942  2352  2369 I m.android.phon: Background young concurrent copying GC freed 11528(1823KB) AllocSpace objects, 0(0B) LOS objects, 49% free, 1979KB/3925KB, paused 761us total 171.945ms
12-02 23:16:57.123  1750  1750 W audio_hw_generic: Not supplying enough data to HAL, expected position 457461159 , only wrote 457189904
12-02 23:16:57.580  1864  1864 I ViewInteraction: Checking 'MatchesViewAssertion{viewMatcher=(view has effective visibility <VISIBLE> and view.getGlobalVisibleRect() to return non-empty rectangle)}' assertion on view an instance of android.widget.TextView and view.getText() with or without transformation to match: is "  "
12-02 23:16:57.583  1864  1864 I ViewInteraction: Performing 'single click' action on view an instance of android.widget.TextView and view.getText() with or without transformation to match: is "  "
12-02 23:16:57.633  1864  2003 D EGL_emulation: eglMakeCurrent: 0xdb91b3e0: ver 2 0 (tinfo 0xdb98eb00)
12-02 23:16:57.704  1750  3111 W audio_hw_generic: Not supplying enough data to HAL, expected position 457189926 , only wrote 457189904
12-02 23:16:57.714  1864  2003 D EGL_emulation: eglMakeCurrent: 0xdb91b3e0: ver 2 0 (tinfo 0xdb98eb00)
12-02 23:16:57.734  2010  2088 E InputDispatcher: Window handle Window{7c55e2e u0 PopupWindow:9ea7618} has no registered input channel
12-02 23:16:57.734  1864  2003 D EGL_emulation: eglMakeCurrent: 0xdb91b3e0: ver 2 0 (tinfo 0xdb98eb00)
12-02 23:16:57.857  1864  1864 I ViewInteraction: Performing 'wait for a specific view with <(view.getId() is <2131231402/ru.iteco.fmhandroid:id/title_edit_text> and view.getParent() view.getParent() view.getId() is <2131231406/ru.iteco.fmhandroid:id/title_text_input_layout>)> during 10000 millis.' action on view view.getRootView() to equal view
12-02 23:16:57.860  1864  1864 I ViewInteraction: Performing 'replace text( 4684e93a-5020-493b-88e9-14b73779cf33)' action on view (view.getId() is <2131231402/ru.iteco.fmhandroid:id/title_edit_text> and view.getParent() view.getParent() view.getId() is <2131231406/ru.iteco.fmhandroid:id/title_text_input_layout>)
12-02 23:16:57.905  1864  1864 I ViewInteraction: Performing 'wait for a specific view with <view.getId() is <2131230975/ru.iteco.fmhandroid:id/date_in_plan_text_input_edit_text>> during 10000 millis.' action on view view.getRootView() to equal view
12-02 23:16:57.919  1864  1864 I ViewInteraction: Performing 'single click' action on view view.getId() is <2131230975/ru.iteco.fmhandroid:id/date_in_plan_text_input_edit_text>
12-02 23:16:58.034  1772  1873 D gralloc_ranchu: gralloc_alloc: Creating ashmem region of size 10964992
12-02 23:16:58.039  1772  1873 I chatty  : uid=1000(system) HwBinder:1772_1 identical 1 line
12-02 23:16:58.040  1772  1873 D gralloc_ranchu: gralloc_alloc: Creating ashmem region of size 10964992
12-02 23:16:58.043  1864  2003 D EGL_emulation: eglMakeCurrent: 0xdb91b3e0: ver 2 0 (tinfo 0xdb98eb00)
12-02 23:16:58.137  1864  2003 I chatty  : uid=10159(ru.iteco.fmhandroid) RenderThread identical 3 lines
12-02 23:16:58.160  1864  2003 D EGL_emulation: eglMakeCurrent: 0xdb91b3e0: ver 2 0 (tinfo 0xdb98eb00)
12-02 23:16:58.520  1864  1864 I ViewInteraction: Performing 'wait for a specific view with <is assignable from class <class android.widget.DatePicker>> during 10000 millis.' action on view view.getRootView() to equal view
12-02 23:16:58.523  1864  1864 I ViewInteraction: Checking 'MatchesViewAssertion{viewMatcher=(view has effective visibility <VISIBLE> and view.getGlobalVisibleRect() to return non-empty rectangle)}' assertion on view is assignable from class <class android.widget.DatePicker>
12-02 23:16:58.526  1864  1864 I ViewInteraction: Performing 'wait for a specific view with <is assignable from class <class android.widget.DatePicker>> during 10000 millis.' action on view view.getRootView() to equal view
12-02 23:16:58.529  1864  1864 I ViewInteraction: Performing 'set date' action on view is assignable from class <class android.widget.DatePicker>
12-02 23:16:58.568  1864  1864 I ViewInteraction: Performing 'wait for a specific view with <view.getId() is <16908313/android:id/button1>> during 10000 millis.' action on view view.getRootView() to equal view
12-02 23:16:58.572  1864  1864 I ViewInteraction: Performing 'single click' action on view view.getId() is <16908313/android:id/button1>
12-02 23:16:58.645  1864  2003 D EGL_emulation: eglMakeCurrent: 0xdb91b3e0: ver 2 0 (tinfo 0xdb98eb00)
12-02 23:16:58.660  1864  2003 D EGL_emulation: eglMakeCurrent: 0xdb91b3e0: ver 2 0 (tinfo 0xdb98eb00)
12-02 23:16:58.668  2010  2342 E InputDispatcher: Window handle Window{6b1b697 u0 ru.iteco.fmhandroid/ru.iteco.fmhandroid.ui.AppActivity} has no registered input channel
12-02 23:16:58.908  1864  1864 I ViewInteraction: Performing 'wait for a specific view with <(an instance of android.widget.TextView and view.getHint() matching: is "Time" and view.getParent() view.getParent() view.getId() is <2131231399/ru.iteco.fmhandroid:id/time_in_plan_text_input_layout>)> during 10000 millis.' action on view view.getRootView() to equal view
12-02 23:16:58.911  1864  1864 I ViewInteraction: Performing 'single click' action on view (an instance of android.widget.TextView and view.getHint() matching: is "Time" and view.getParent() view.getParent() view.getId() is <2131231399/ru.iteco.fmhandroid:id/time_in_plan_text_input_layout>)
12-02 23:16:59.025  2010  2010 W PendingFillRequest: timed out after 5000 ms
12-02 23:16:59.027  1772  1873 D gralloc_ranchu: gralloc_alloc: Creating ashmem region of size 9261056
12-02 23:16:59.033  1772  1873 I chatty  : uid=1000(system) HwBinder:1772_1 identical 1 line
12-02 23:16:59.034  1772  1873 D gralloc_ranchu: gralloc_alloc: Creating ashmem region of size 9261056
12-02 23:16:59.036  1864  2003 D EGL_emulation: eglMakeCurrent: 0xdb91b3e0: ver 2 0 (tinfo 0xdb98eb00)
12-02 23:16:59.077  1864  2003 D EGL_emulation: eglMakeCurrent: 0xdb91b3e0: ver 2 0 (tinfo 0xdb98eb00)
12-02 23:16:59.326  1864  1864 I ViewInteraction: Performing 'wait for a specific view with <is assignable from class <class android.widget.TimePicker>> during 10000 millis.' action on view view.getRootView() to equal view
12-02 23:16:59.328  1864  1864 I ViewInteraction: Checking 'MatchesViewAssertion{viewMatcher=(view has effective visibility <VISIBLE> and view.getGlobalVisibleRect() to return non-empty rectangle)}' assertion on view is assignable from class <class android.widget.TimePicker>
12-02 23:16:59.331  1864  1864 I ViewInteraction: Performing 'wait for a specific view with <is assignable from class <class android.widget.TimePicker>> during 10000 millis.' action on view view.getRootView() to equal view
12-02 23:16:59.333  1864  1864 I ViewInteraction: Performing 'set time' action on view is assignable from class <class android.widget.TimePicker>
12-02 23:16:59.334  1864  1864 I ViewInteraction: Performing 'wait for a specific view with <view.getId() is <16908313/android:id/button1>> during 10000 millis.' action on view view.getRootView() to equal view
12-02 23:16:59.338  1864  1864 I ViewInteraction: Performing 'single click' action on view view.getId() is <16908313/android:id/button1>
12-02 23:16:59.400  1864  2003 D EGL_emulation: eglMakeCurrent: 0xdb91b3e0: ver 2 0 (tinfo 0xdb98eb00)
12-02 23:16:59.413  1864  2003 I chatty  : uid=10159(ru.iteco.fmhandroid) RenderThread identical 1 line
12-02 23:16:59.427  1864  2003 D EGL_emulation: eglMakeCurrent: 0xdb91b3e0: ver 2 0 (tinfo 0xdb98eb00)
12-02 23:16:59.433  2010 19651 E InputDispatcher: Window handle Window{29afa52 u0 ru.iteco.fmhandroid/ru.iteco.fmhandroid.ui.AppActivity} has no registered input channel
12-02 23:16:59.689  1864  1864 I ViewInteraction: Performing 'wait for a specific view with <(an instance of android.widget.TextView and view.getHint() matching: is "Description" and view.getParent() view.getParent() view.getId() is <2131230988/ru.iteco.fmhandroid:id/description_text_input_layout>)> during 10000 millis.' action on view view.getRootView() to equal view
12-02 23:16:59.691  1864  1864 I ViewInteraction: Performing 'replace text( 4684e93a-5020-493b-88e9-14b73779cf33)' action on view (an instance of android.widget.TextView and view.getHint() matching: is "Description" and view.getParent() view.getParent() view.getId() is <2131230988/ru.iteco.fmhandroid:id/description_text_input_layout>)
12-02 23:16:59.729  1864  1864 I ViewInteraction: Performing 'wait for a specific view with <view.getId() is <2131231291/ru.iteco.fmhandroid:id/save_button>> during 10000 millis.' action on view view.getRootView() to equal view
12-02 23:16:59.731  1864  1864 I ViewInteraction: Performing 'single click' action on view view.getId() is <2131231291/ru.iteco.fmhandroid:id/save_button>
12-02 23:16:59.787  1864  2093 I okhttp.OkHttpClient: --> POST http://www.981757-ca08998.tmweb.ru:8080/fmh/claims
12-02 23:16:59.787  1864  2093 I okhttp.OkHttpClient: Content-Type: application/json; charset=UTF-8
12-02 23:16:59.787  1864  2093 I okhttp.OkHttpClient: Content-Length: 296
12-02 23:16:59.787  1864  2093 I okhttp.OkHttpClient: {"createDate":1670012219,"creatorId":2,"creatorName":"  ","description":" 4684e93a-5020-493b-88e9-14b73779cf33","executorId":2,"planExecuteDate":1674332160,"status":"OPEN","title":" 4684e93a-5020-493b-88e9-14b73779cf33"}
12-02 23:16:59.787  1864  2093 I okhttp.OkHttpClient: --> END POST (296-byte body)
12-02 23:16:59.946  1864  2093 I okhttp.OkHttpClient: <-- 200 http://www.981757-ca08998.tmweb.ru:8080/fmh/claims (159ms)
12-02 23:16:59.946  1864  2093 I okhttp.OkHttpClient: Vary: Origin
12-02 23:16:59.947  1864  2093 I okhttp.OkHttpClient: Vary: Access-Control-Request-Method
12-02 23:16:59.947  1864  2093 I okhttp.OkHttpClient: Vary: Access-Control-Request-Headers
12-02 23:16:59.947  1864  2093 I okhttp.OkHttpClient: X-Content-Type-Options: nosniff
12-02 23:16:59.947  1864  2093 I okhttp.OkHttpClient: X-XSS-Protection: 1; mode=block
12-02 23:16:59.947  1864  2093 I okhttp.OkHttpClient: Cache-Control: no-cache, no-store, max-age=0, must-revalidate
12-02 23:16:59.947  1864  2093 I okhttp.OkHttpClient: Pragma: no-cache
12-02 23:16:59.947  1864  2093 I okhttp.OkHttpClient: Expires: 0
12-02 23:16:59.947  1864  2093 I okhttp.OkHttpClient: X-Frame-Options: DENY
12-02 23:16:59.947  1864  2093 I okhttp.OkHttpClient: Content-Type: application/json
12-02 23:16:59.947  1864  2093 I okhttp.OkHttpClient: Transfer-Encoding: chunked
12-02 23:16:59.947  1864  2093 I okhttp.OkHttpClient: Date: Fri, 02 Dec 2022 20:17:01 GMT
12-02 23:16:59.947  1864  2093 I okhttp.OkHttpClient: Keep-Alive: timeout=60
12-02 23:16:59.947  1864  2093 I okhttp.OkHttpClient: Connection: keep-alive
12-02 23:16:59.948  1864  2093 I okhttp.OkHttpClient: {"id":2567,"title":" 4684e93a-5020-493b-88e9-14b73779cf33","description":" 4684e93a-5020-493b-88e9-14b73779cf33","creatorId":2,"executorId":2,"createDate":1670012219,"planExecuteDate":1674332160,"factExecuteDate":null,"status":"IN_PROGRESS","creatorName":"  ","executorName":"  "}
12-02 23:16:59.948  1864  2093 I okhttp.OkHttpClient: <-- END HTTP (396-byte body)
12-02 23:17:00.007  2169  2169 D KeyguardClockSwitch: Updating clock: 1117
12-02 23:17:00.018  2169  2501 D EGL_emulation: eglMakeCurrent: 0xdb91a600: ver 2 0 (tinfo 0xdb90f8d0)
12-02 23:17:00.026  1864  1864 I ViewInteraction: Performing 'wait for a specific view with <view.getId() is <2131230916/ru.iteco.fmhandroid:id/claim_list_recycler_view>> during 10000 millis.' action on view view.getRootView() to equal view
12-02 23:17:00.028  1864  1864 I ViewInteraction: Checking 'MatchesViewAssertion{viewMatcher=(view has effective visibility <VISIBLE> and view.getGlobalVisibleRect() to return non-empty rectangle)}' assertion on view view.getId() is <2131230916/ru.iteco.fmhandroid:id/claim_list_recycler_view>
12-02 23:17:00.030  1864  1864 I ViewInteraction: Performing 'scroll RecyclerView to: holder with view: (view is an instance of android.view.ViewGroup and has descendant matching an instance of android.widget.TextView and view.getText() with or without transformation to match: is " ef690b4b-c6f8-4d21-8bb4-6bf2cbfad293")' action on view view.getId() is <2131230916/ru.iteco.fmhandroid:id/claim_list_recycler_view>
12-02 23:17:00.033  1864  1864 D takeScreenshot: Found 1 global views to redraw
12-02 23:17:00.103  1772  1873 D gralloc_ranchu: gralloc_alloc: Creating ashmem region of size 14749696
12-02 23:17:00.154  1864  1989 W DefaultFailureHandler: Failed to take screenshot
12-02 23:17:00.154  1864  1989 W DefaultFailureHandler: java.io.FileNotFoundException: view-op-error-25.png: open failed: EROFS (Read-only file system)
12-02 23:17:00.154  1864  1989 W DefaultFailureHandler: 	at libcore.io.IoBridge.open(IoBridge.java:496)
12-02 23:17:00.154  1864  1989 W DefaultFailureHandler: 	at java.io.FileOutputStream.<init>(FileOutputStream.java:235)
12-02 23:17:00.154  1864  1989 W DefaultFailureHandler: 	at java.io.FileOutputStream.<init>(FileOutputStream.java:125)
12-02 23:17:00.154  1864  1989 W DefaultFailureHandler: 	at androidx.test.platform.io.FileTestStorage.openOutputFile(FileTestStorage.java:60)
12-02 23:17:00.154  1864  1989 W DefaultFailureHandler: 	at androidx.test.core.graphics.BitmapStorage.writeToTestStorage(BitmapStorageExt.kt:49)
12-02 23:17:00.154  1864  1989 W DefaultFailureHandler: 	at androidx.test.espresso.base.DefaultFailureHandler.takeScreenshot(DefaultFailureHandler.java:4)
12-02 23:17:00.154  1864  1989 W DefaultFailureHandler: 	at androidx.test.espresso.base.DefaultFailureHandler.handle(DefaultFailureHandler.java:3)
12-02 23:17:00.154  1864  1989 W DefaultFailureHandler: 	at androidx.test.espresso.ViewInteraction.waitForAndHandleInteractionResults(ViewInteraction.java:8)
12-02 23:17:00.154  1864  1989 W DefaultFailureHandler: 	at androidx.test.espresso.ViewInteraction.desugaredPerform(ViewInteraction.java:11)
12-02 23:17:00.154  1864  1989 W DefaultFailureHandler: 	at androidx.test.espresso.ViewInteraction.perform(ViewInteraction.java:8)
12-02 23:17:00.154  1864  1989 W DefaultFailureHandler: 	at ru.iteco.fmhandroid.ui.steps.ClaimsPageSteps.scrollToElementInRecyclerList(ClaimsPageSteps.java:128)
12-02 23:17:00.154  1864  1989 W DefaultFailureHandler: 	at ru.iteco.fmhandroid.ui.steps.ClaimsPageSteps.openClaimCard(ClaimsPageSteps.java:151)
12-02 23:17:00.154  1864  1989 W DefaultFailureHandler: 	at ru.iteco.fmhandroid.ui.FilterClaimsPageTest.shouldFilterClaimsWithStatusExecuted(FilterClaimsPageTest.java:164)
12-02 23:17:00.154  1864  1989 W DefaultFailureHandler: 	at java.lang.reflect.Method.invoke(Native Method)
12-02 23:17:00.154  1864  1989 W DefaultFailureHandler: 	at org.junit.runners.model.FrameworkMethod$1.runReflectiveCall(FrameworkMethod.java:59)
12-02 23:17:00.154  1864  1989 W DefaultFailureHandler: 	at org.junit.internal.runners.model.ReflectiveCallable.run(ReflectiveCallable.java:12)
12-02 23:17:00.154  1864  1989 W DefaultFailureHandler: 	at org.junit.runners.model.FrameworkMethod.invokeExplosively(FrameworkMethod.java:56)
12-02 23:17:00.154  1864  1989 W DefaultFailureHandler: 	at org.junit.internal.runners.statements.InvokeMethod.evaluate(InvokeMethod.java:17)
12-02 23:17:00.154  1864  1989 W DefaultFailureHandler: 	at androidx.test.internal.runner.junit4.statement.RunBefores.evaluate(RunBefores.java:80)
12-02 23:17:00.154  1864  1989 W DefaultFailureHandler: 	at androidx.test.rule.ActivityTestRule$ActivityStatement.evaluate(ActivityTestRule.java:543)
12-02 23:17:00.154  1864  1989 W DefaultFailureHandler: 	at io.qameta.allure.android.rules.LogcatRule$apply$1.evaluate(LogcatRule.kt:23)
12-02 23:17:00.154  1864  1989 W DefaultFailureHandler: 	at io.qameta.allure.android.rules.ScreenshotRule$apply$1.evaluate(ScreenshotRule.kt:22)
12-02 23:17:00.154  1864  1989 W DefaultFailureHandler: 	at io.qameta.allure.android.rules.ScreenshotRule$apply$1.evaluate(ScreenshotRule.kt:22)
12-02 23:17:00.154  1864  1989 W DefaultFailureHandler: 	at org.junit.rules.RunRules.evaluate(RunRules.java:20)
12-02 23:17:00.154  1864  1989 W DefaultFailureHandler: 	at org.junit.runners.ParentRunner$3.evaluate(ParentRunner.java:306)
12-02 23:17:00.154  1864  1989 W DefaultFailureHandler: 	at org.junit.runners.BlockJUnit4ClassRunner$1.evaluate(BlockJUnit4ClassRunner.java:100)
12-02 23:17:00.154  1864  1989 W DefaultFailureHandler: 	at org.junit.runners.ParentRunner.runLeaf(ParentRunner.java:366)
12-02 23:17:00.154  1864  1989 W DefaultFailureHandler: 	at org.junit.runners.BlockJUnit4ClassRunner.runChild(BlockJUnit4ClassRunner.java:103)
12-02 23:17:00.154  1864  1989 W DefaultFailureHandler: 	at org.junit.runners.BlockJUnit4ClassRunner.runChild(BlockJUnit4ClassRunner.java:63)
12-02 23:17:00.154  1864  1989 W DefaultFailureHandler: 	at org.junit.runners.ParentRunner$4.run(ParentRunner.java:331)
12-02 23:17:00.154  1864  1989 W DefaultFailureHandler: 	at org.junit.runners.ParentRunner$1.schedule(ParentRunner.java:79)
12-02 23:17:00.154  1864  1989 W DefaultFailureHandler: 	at org.junit.runners.ParentRunner.runChildren(ParentRunner.java:329)
12-02 23:17:00.154  1864  1989 W DefaultFailureHandler: 	at org.junit.runners.ParentRunner.access$100(ParentRunner.java:66)
12-02 23:17:00.154  1864  1989 W DefaultFailureHandler: 	at org.junit.runners.ParentRunner$2.evaluate(ParentRunner.java:293)
12-02 23:17:00.154  1864  1989 W DefaultFailureHandler: 	at org.junit.runners.ParentRunner$3.evaluate(ParentRunner.java:306)
12-02 23:17:00.154  1864  1989 W DefaultFailureHandler: 	at org.junit.runners.ParentRunner.run(ParentRunner.java:413)
12-02 23:17:00.154  1864  1989 W DefaultFailureHandler: 	at androidx.test.ext.junit.runners.AndroidJUnit4.run(AndroidJUnit4.java:162)
12-02 23:17:00.154  1864  1989 W DefaultFailureHandler: 	at io.qameta.allure.android.runners.AllureAndroidJUnit4.run(AllureAndroidJUnitRunners.kt:29)
12-02 23:17:00.154  1864  1989 W DefaultFailureHandler: 	at org.junit.runners.Suite.runChild(Suite.java:128)
12-02 23:17:00.154  1864  1989 W DefaultFailureHandler: 	at org.junit.runners.Suite.runChild(Suite.java:27)
