12-02 23:16:09.956  1772  1772 D gralloc_ranchu: gralloc_alloc: Creating ashmem region of size 10964992
12-02 23:16:09.958  1864  2003 D EGL_emulation: eglMakeCurrent: 0xdb91b3e0: ver 2 0 (tinfo 0xdb98eb00)
12-02 23:16:10.058  1864  2003 I chatty  : uid=10159(ru.iteco.fmhandroid) RenderThread identical 3 lines
12-02 23:16:10.079  1864  2003 D EGL_emulation: eglMakeCurrent: 0xdb91b3e0: ver 2 0 (tinfo 0xdb98eb00)
12-02 23:16:10.436  1864  1864 I ViewInteraction: Performing 'wait for a specific view with <is assignable from class <class android.widget.DatePicker>> during 10000 millis.' action on view view.getRootView() to equal view
12-02 23:16:10.439  1864  1864 I ViewInteraction: Checking 'MatchesViewAssertion{viewMatcher=(view has effective visibility <VISIBLE> and view.getGlobalVisibleRect() to return non-empty rectangle)}' assertion on view is assignable from class <class android.widget.DatePicker>
12-02 23:16:10.441  1864  1864 I ViewInteraction: Performing 'wait for a specific view with <is assignable from class <class android.widget.DatePicker>> during 10000 millis.' action on view view.getRootView() to equal view
12-02 23:16:10.443  1864  1864 I ViewInteraction: Performing 'set date' action on view is assignable from class <class android.widget.DatePicker>
12-02 23:16:10.468  1864  1864 I ViewInteraction: Performing 'wait for a specific view with <view.getId() is <16908313/android:id/button1>> during 10000 millis.' action on view view.getRootView() to equal view
12-02 23:16:10.471  1864  1864 I ViewInteraction: Performing 'single click' action on view view.getId() is <16908313/android:id/button1>
12-02 23:16:10.549  1864  2003 D EGL_emulation: eglMakeCurrent: 0xdb91b3e0: ver 2 0 (tinfo 0xdb98eb00)
12-02 23:16:10.561  1864  2003 D EGL_emulation: eglMakeCurrent: 0xdb91b3e0: ver 2 0 (tinfo 0xdb98eb00)
12-02 23:16:10.564  2010  6092 E InputDispatcher: Window handle Window{a9d4e81 u0 ru.iteco.fmhandroid/ru.iteco.fmhandroid.ui.AppActivity} has no registered input channel
12-02 23:16:10.802  1864  1864 I ViewInteraction: Performing 'wait for a specific view with <(an instance of android.widget.TextView and view.getHint() matching: is "Time" and view.getParent() view.getParent() view.getId() is <2131231399/ru.iteco.fmhandroid:id/time_in_plan_text_input_layout>)> during 10000 millis.' action on view view.getRootView() to equal view
12-02 23:16:10.805  1864  1864 I ViewInteraction: Performing 'single click' action on view (an instance of android.widget.TextView and view.getHint() matching: is "Time" and view.getParent() view.getParent() view.getId() is <2131231399/ru.iteco.fmhandroid:id/time_in_plan_text_input_layout>)
12-02 23:16:10.924  1772  1772 D gralloc_ranchu: gralloc_alloc: Creating ashmem region of size 9261056
12-02 23:16:10.928  1772  1772 I chatty  : uid=1000(system) allocator@2.0-s identical 1 line
12-02 23:16:10.930  1772  1772 D gralloc_ranchu: gralloc_alloc: Creating ashmem region of size 9261056
12-02 23:16:10.934  1864  2003 D EGL_emulation: eglMakeCurrent: 0xdb91b3e0: ver 2 0 (tinfo 0xdb98eb00)
12-02 23:16:10.984  1864  2003 D EGL_emulation: eglMakeCurrent: 0xdb91b3e0: ver 2 0 (tinfo 0xdb98eb00)
12-02 23:16:11.247  1864  1864 I ViewInteraction: Performing 'wait for a specific view with <is assignable from class <class android.widget.TimePicker>> during 10000 millis.' action on view view.getRootView() to equal view
12-02 23:16:11.251  1864  1864 I ViewInteraction: Checking 'MatchesViewAssertion{viewMatcher=(view has effective visibility <VISIBLE> and view.getGlobalVisibleRect() to return non-empty rectangle)}' assertion on view is assignable from class <class android.widget.TimePicker>
12-02 23:16:11.253  1864  1864 I ViewInteraction: Performing 'wait for a specific view with <is assignable from class <class android.widget.TimePicker>> during 10000 millis.' action on view view.getRootView() to equal view
12-02 23:16:11.257  1864  1864 I ViewInteraction: Performing 'set time' action on view is assignable from class <class android.widget.TimePicker>
12-02 23:16:11.259  1864  1864 I ViewInteraction: Performing 'wait for a specific view with <view.getId() is <16908313/android:id/button1>> during 10000 millis.' action on view view.getRootView() to equal view
12-02 23:16:11.262  1864  1864 I ViewInteraction: Performing 'single click' action on view view.getId() is <16908313/android:id/button1>
12-02 23:16:11.389  1864  2003 D EGL_emulation: eglMakeCurrent: 0xdb91b3e0: ver 2 0 (tinfo 0xdb98eb00)
12-02 23:16:11.404  1864  2003 D EGL_emulation: eglMakeCurrent: 0xdb91b3e0: ver 2 0 (tinfo 0xdb98eb00)
12-02 23:16:11.598  2010  2346 E InputDispatcher: Window handle Window{c713b44 u0 ru.iteco.fmhandroid/ru.iteco.fmhandroid.ui.AppActivity} has no registered input channel
12-02 23:16:11.828  1864  1864 I ViewInteraction: Performing 'wait for a specific view with <(an instance of android.widget.TextView and view.getHint() matching: is "Description" and view.getParent() view.getParent() view.getId() is <2131230988/ru.iteco.fmhandroid:id/description_text_input_layout>)> during 10000 millis.' action on view view.getRootView() to equal view
12-02 23:16:11.830  1864  1864 I ViewInteraction: Performing 'replace text( 9a18bf8d-7cf3-4a98-ad34-18b79282dd56)' action on view (an instance of android.widget.TextView and view.getHint() matching: is "Description" and view.getParent() view.getParent() view.getId() is <2131230988/ru.iteco.fmhandroid:id/description_text_input_layout>)
12-02 23:16:11.868  1864  1864 I ViewInteraction: Performing 'wait for a specific view with <view.getId() is <2131231291/ru.iteco.fmhandroid:id/save_button>> during 10000 millis.' action on view view.getRootView() to equal view
12-02 23:16:11.871  1864  1864 I ViewInteraction: Performing 'single click' action on view view.getId() is <2131231291/ru.iteco.fmhandroid:id/save_button>
12-02 23:16:11.945  1864  2093 I okhttp.OkHttpClient: --> POST http://www.981757-ca08998.tmweb.ru:8080/fmh/claims
12-02 23:16:11.945  1864  2093 I okhttp.OkHttpClient: Content-Type: application/json; charset=UTF-8
12-02 23:16:11.945  1864  2093 I okhttp.OkHttpClient: Content-Length: 277
12-02 23:16:11.945  1864  2093 I okhttp.OkHttpClient: {"createDate":1670012171,"creatorId":2,"creatorName":"  ","description":" 9a18bf8d-7cf3-4a98-ad34-18b79282dd56","planExecuteDate":1699733760,"status":"OPEN","title":" 9a18bf8d-7cf3-4a98-ad34-18b79282dd56"}
12-02 23:16:11.945  1864  2093 I okhttp.OkHttpClient: --> END POST (277-byte body)
12-02 23:16:11.951  1743  2793 E ResolverController: No valid NAT64 prefix (128, <unspecified>/0)
12-02 23:16:13.049  1864  2083 I okhttp.OkHttpClient: <-- 200 http://www.981757-ca08998.tmweb.ru:8080/fmh/claims (3840ms)
12-02 23:16:13.049  1864  2083 I okhttp.OkHttpClient: Vary: Origin
12-02 23:16:13.049  1864  2083 I okhttp.OkHttpClient: Vary: Access-Control-Request-Method
12-02 23:16:13.049  1864  2083 I okhttp.OkHttpClient: Vary: Access-Control-Request-Headers
12-02 23:16:13.049  1864  2083 I okhttp.OkHttpClient: X-Content-Type-Options: nosniff
12-02 23:16:13.050  1864  2083 I okhttp.OkHttpClient: X-XSS-Protection: 1; mode=block
12-02 23:16:13.050  1864  2083 I okhttp.OkHttpClient: Cache-Control: no-cache, no-store, max-age=0, must-revalidate
12-02 23:16:13.050  1864  2083 I okhttp.OkHttpClient: Pragma: no-cache
12-02 23:16:13.050  1864  2083 I okhttp.OkHttpClient: Expires: 0
12-02 23:16:13.050  1864  2083 I okhttp.OkHttpClient: X-Frame-Options: DENY
12-02 23:16:13.050  1864  2083 I okhttp.OkHttpClient: Content-Type: application/json
12-02 23:16:13.050  1864  2083 I okhttp.OkHttpClient: Transfer-Encoding: chunked
12-02 23:16:13.050  1864  2083 I okhttp.OkHttpClient: Date: Fri, 02 Dec 2022 20:16:14 GMT
12-02 23:16:13.050  1864  2083 I okhttp.OkHttpClient: Keep-Alive: timeout=60
12-02 23:16:13.050  1864  2083 I okhttp.OkHttpClient: Connection: keep-alive
12-02 23:16:13.259  1864  2093 I okhttp.OkHttpClient: <-- 200 http://www.981757-ca08998.tmweb.ru:8080/fmh/claims (1313ms)
12-02 23:16:13.259  1864  2093 I okhttp.OkHttpClient: Vary: Origin
12-02 23:16:13.259  1864  2093 I okhttp.OkHttpClient: Vary: Access-Control-Request-Method
12-02 23:16:13.259  1864  2093 I okhttp.OkHttpClient: Vary: Access-Control-Request-Headers
12-02 23:16:13.259  1864  2093 I okhttp.OkHttpClient: X-Content-Type-Options: nosniff
12-02 23:16:13.259  1864  2093 I okhttp.OkHttpClient: X-XSS-Protection: 1; mode=block
12-02 23:16:13.259  1864  2093 I okhttp.OkHttpClient: Cache-Control: no-cache, no-store, max-age=0, must-revalidate
12-02 23:16:13.259  1864  2093 I okhttp.OkHttpClient: Pragma: no-cache
12-02 23:16:13.259  1864  2093 I okhttp.OkHttpClient: Expires: 0
12-02 23:16:13.259  1864  2093 I okhttp.OkHttpClient: X-Frame-Options: DENY
12-02 23:16:13.259  1864  2093 I okhttp.OkHttpClient: Content-Type: application/json
12-02 23:16:13.259  1864  2093 I okhttp.OkHttpClient: Transfer-Encoding: chunked
12-02 23:16:13.260  1864  2093 I okhttp.OkHttpClient: Date: Fri, 02 Dec 2022 20:16:14 GMT
12-02 23:16:13.260  1864  2093 I okhttp.OkHttpClient: Keep-Alive: timeout=60
12-02 23:16:13.260  1864  2093 I okhttp.OkHttpClient: Connection: keep-alive
12-02 23:16:13.261  1864  2093 I okhttp.OkHttpClient: {"id":2562,"title":" 9a18bf8d-7cf3-4a98-ad34-18b79282dd56","description":" 9a18bf8d-7cf3-4a98-ad34-18b79282dd56","creatorId":2,"executorId":null,"createDate":1670012171,"planExecuteDate":1699733760,"factExecuteDate":null,"status":"OPEN","creatorName":"  ","executorName":null}
12-02 23:16:13.261  1864  2093 I okhttp.OkHttpClient: <-- END HTTP (348-byte body)
12-02 23:16:13.383  1864  2082 I okhttp.OkHttpClient: <-- 200 http://www.981757-ca08998.tmweb.ru:8080/fmh/claims (4860ms)
12-02 23:16:13.383  1864  2082 I okhttp.OkHttpClient: Vary: Origin
12-02 23:16:13.383  1864  2082 I okhttp.OkHttpClient: Vary: Access-Control-Request-Method
12-02 23:16:13.384  1864  2082 I okhttp.OkHttpClient: Vary: Access-Control-Request-Headers
12-02 23:16:13.384  1864  2082 I okhttp.OkHttpClient: X-Content-Type-Options: nosniff
12-02 23:16:13.384  1864  2082 I okhttp.OkHttpClient: X-XSS-Protection: 1; mode=block
12-02 23:16:13.384  1864  2082 I okhttp.OkHttpClient: Cache-Control: no-cache, no-store, max-age=0, must-revalidate
12-02 23:16:13.384  1864  2082 I okhttp.OkHttpClient: Pragma: no-cache
12-02 23:16:13.384  1864  2082 I okhttp.OkHttpClient: Expires: 0
12-02 23:16:13.385  1864  2082 I okhttp.OkHttpClient: X-Frame-Options: DENY
12-02 23:16:13.385  1864  2082 I okhttp.OkHttpClient: Content-Type: application/json
12-02 23:16:13.385  1864  2082 I okhttp.OkHttpClient: Transfer-Encoding: chunked
12-02 23:16:13.385  1864  2082 I okhttp.OkHttpClient: Date: Fri, 02 Dec 2022 20:16:14 GMT
12-02 23:16:13.385  1864  2082 I okhttp.OkHttpClient: Keep-Alive: timeout=60
12-02 23:16:13.385  1864  2082 I okhttp.OkHttpClient: Connection: keep-alive
12-02 23:16:15.092  1750  1750 W audio_hw_generic: Not supplying enough data to HAL, expected position 456060383 , only wrote 455723145
12-02 23:16:15.167  1864  1864 I ViewInteraction: Performing 'wait for a specific view with <view.getId() is <2131230849/ru.iteco.fmhandroid:id/add_new_claim_material_button>> during 10000 millis.' action on view view.getRootView() to equal view
12-02 23:16:15.169  1864  1864 I ViewInteraction: Performing 'single click' action on view view.getId() is <2131230849/ru.iteco.fmhandroid:id/add_new_claim_material_button>
12-02 23:16:15.234  1864  2052 I okhttp.OkHttpClient: --> GET http://www.981757-ca08998.tmweb.ru:8080/fmh/users
12-02 23:16:15.234  1864  2052 I okhttp.OkHttpClient: --> END GET
12-02 23:16:15.241  1750  3111 W audio_hw_generic: Not supplying enough data to HAL, expected position 455723158 , only wrote 455723145
12-02 23:16:15.392  1864  2052 I okhttp.OkHttpClient: <-- 200 http://www.981757-ca08998.tmweb.ru:8080/fmh/users (157ms)
12-02 23:16:15.392  1864  2052 I okhttp.OkHttpClient: Vary: Origin
12-02 23:16:15.392  1864  2052 I okhttp.OkHttpClient: Vary: Access-Control-Request-Method
12-02 23:16:15.392  1864  2052 I okhttp.OkHttpClient: Vary: Access-Control-Request-Headers
12-02 23:16:15.392  1864  2052 I okhttp.OkHttpClient: X-Content-Type-Options: nosniff
12-02 23:16:15.392  1864  2052 I okhttp.OkHttpClient: X-XSS-Protection: 1; mode=block
12-02 23:16:15.392  1864  2052 I okhttp.OkHttpClient: Cache-Control: no-cache, no-store, max-age=0, must-revalidate
12-02 23:16:15.393  1864  2052 I okhttp.OkHttpClient: Pragma: no-cache
12-02 23:16:15.393  1864  2052 I okhttp.OkHttpClient: Expires: 0
12-02 23:16:15.393  1864  2052 I okhttp.OkHttpClient: X-Frame-Options: DENY
12-02 23:16:15.393  1864  2052 I okhttp.OkHttpClient: Content-Type: application/json
12-02 23:16:15.394  1864  2052 I okhttp.OkHttpClient: Transfer-Encoding: chunked
12-02 23:16:15.394  1864  2052 I okhttp.OkHttpClient: Date: Fri, 02 Dec 2022 20:16:16 GMT
12-02 23:16:15.394  1864  2052 I okhttp.OkHttpClient: Keep-Alive: timeout=60
12-02 23:16:15.394  1864  2052 I okhttp.OkHttpClient: Connection: keep-alive
12-02 23:16:15.394  1864  2052 I okhttp.OkHttpClient: [{"id":1,"firstName":"","lastName":"","middleName":"","admin":true},{"id":2,"firstName":"","lastName":"","middleName":"","admin":true},{"id":3,"firstName":"","lastName":"","middleName":"","admin":false},{"id":4,"firstName":"","lastName":"","middleName":"","admin":false},{"id":5,"firstName":"","lastName":"","middleName":"","admin":true},{"id":6,"firstName":"Diplom","lastName":"Netology","middleName":"QAMID","admin":true}]
12-02 23:16:15.394  1864  2052 I okhttp.OkHttpClient: <-- END HTTP (622-byte body)
12-02 23:16:15.487  1864  1864 I ViewInteraction: Performing 'wait for a specific view with <(view.getId() is <2131231402/ru.iteco.fmhandroid:id/title_edit_text> and view.getParent() view.getParent() view.getId() is <2131231406/ru.iteco.fmhandroid:id/title_text_input_layout>)> during 10000 millis.' action on view view.getRootView() to equal view
12-02 23:16:15.489  1864  1864 I ViewInteraction: Performing 'replace text( d9e5af56-d4fa-4ef5-ae2c-8d6e4aef4968)' action on view (view.getId() is <2131231402/ru.iteco.fmhandroid:id/title_edit_text> and view.getParent() view.getParent() view.getId() is <2131231406/ru.iteco.fmhandroid:id/title_text_input_layout>)
12-02 23:16:15.518  1864  1864 I ViewInteraction: Performing 'wait for a specific view with <view.getId() is <2131230975/ru.iteco.fmhandroid:id/date_in_plan_text_input_edit_text>> during 10000 millis.' action on view view.getRootView() to equal view
12-02 23:16:15.521  1864  1864 I ViewInteraction: Performing 'single click' action on view view.getId() is <2131230975/ru.iteco.fmhandroid:id/date_in_plan_text_input_edit_text>
12-02 23:16:15.635  1772  1772 D gralloc_ranchu: gralloc_alloc: Creating ashmem region of size 10964992
12-02 23:16:15.639  1772  1772 I chatty  : uid=1000(system) allocator@2.0-s identical 1 line
12-02 23:16:15.640  1772  1772 D gralloc_ranchu: gralloc_alloc: Creating ashmem region of size 10964992
12-02 23:16:15.645  1864  2003 D EGL_emulation: eglMakeCurrent: 0xdb91b3e0: ver 2 0 (tinfo 0xdb98eb00)
12-02 23:16:15.738  1864  2003 I chatty  : uid=10159(ru.iteco.fmhandroid) RenderThread identical 3 lines
12-02 23:16:15.761  1864  2003 D EGL_emulation: eglMakeCurrent: 0xdb91b3e0: ver 2 0 (tinfo 0xdb98eb00)
12-02 23:16:16.123  1864  1864 I ViewInteraction: Performing 'wait for a specific view with <is assignable from class <class android.widget.DatePicker>> during 10000 millis.' action on view view.getRootView() to equal view
12-02 23:16:16.125  1864  1864 I ViewInteraction: Checking 'MatchesViewAssertion{viewMatcher=(view has effective visibility <VISIBLE> and view.getGlobalVisibleRect() to return non-empty rectangle)}' assertion on view is assignable from class <class android.widget.DatePicker>
12-02 23:16:16.128  1864  1864 I ViewInteraction: Performing 'wait for a specific view with <is assignable from class <class android.widget.DatePicker>> during 10000 millis.' action on view view.getRootView() to equal view
12-02 23:16:16.130  1864  1864 I ViewInteraction: Performing 'set date' action on view is assignable from class <class android.widget.DatePicker>
12-02 23:16:16.167  1864  1864 I ViewInteraction: Performing 'wait for a specific view with <view.getId() is <16908313/android:id/button1>> during 10000 millis.' action on view view.getRootView() to equal view
12-02 23:16:16.170  1864  1864 I ViewInteraction: Performing 'single click' action on view view.getId() is <16908313/android:id/button1>
12-02 23:16:16.256  1864  2003 D EGL_emulation: eglMakeCurrent: 0xdb91b3e0: ver 2 0 (tinfo 0xdb98eb00)
12-02 23:16:16.264  2010  2346 E InputDispatcher: Window handle Window{a0cf2d3 u0 ru.iteco.fmhandroid/ru.iteco.fmhandroid.ui.AppActivity} has no registered input channel
12-02 23:16:16.270  1864  2003 D EGL_emulation: eglMakeCurrent: 0xdb91b3e0: ver 2 0 (tinfo 0xdb98eb00)
12-02 23:16:16.512  1864  1864 I ViewInteraction: Performing 'wait for a specific view with <(an instance of android.widget.TextView and view.getHint() matching: is "Time" and view.getParent() view.getParent() view.getId() is <2131231399/ru.iteco.fmhandroid:id/time_in_plan_text_input_layout>)> during 10000 millis.' action on view view.getRootView() to equal view
12-02 23:16:16.515  1864  1864 I ViewInteraction: Performing 'single click' action on view (an instance of android.widget.TextView and view.getHint() matching: is "Time" and view.getParent() view.getParent() view.getId() is <2131231399/ru.iteco.fmhandroid:id/time_in_plan_text_input_layout>)
12-02 23:16:16.626  1772  1772 D gralloc_ranchu: gralloc_alloc: Creating ashmem region of size 9261056
12-02 23:16:16.631  1772  1772 I chatty  : uid=1000(system) allocator@2.0-s identical 1 line
12-02 23:16:16.634  1772  1772 D gralloc_ranchu: gralloc_alloc: Creating ashmem region of size 9261056
12-02 23:16:16.636  1864  2003 D EGL_emulation: eglMakeCurrent: 0xdb91b3e0: ver 2 0 (tinfo 0xdb98eb00)
12-02 23:16:16.672  1864  2003 D EGL_emulation: eglMakeCurrent: 0xdb91b3e0: ver 2 0 (tinfo 0xdb98eb00)
12-02 23:16:16.921  1864  1864 I ViewInteraction: Performing 'wait for a specific view with <is assignable from class <class android.widget.TimePicker>> during 10000 millis.' action on view view.getRootView() to equal view
12-02 23:16:16.924  1864  1864 I ViewInteraction: Checking 'MatchesViewAssertion{viewMatcher=(view has effective visibility <VISIBLE> and view.getGlobalVisibleRect() to return non-empty rectangle)}' assertion on view is assignable from class <class android.widget.TimePicker>
12-02 23:16:16.926  1864  1864 I ViewInteraction: Performing 'wait for a specific view with <is assignable from class <class android.widget.TimePicker>> during 10000 millis.' action on view view.getRootView() to equal view
12-02 23:16:16.928  1864  1864 I ViewInteraction: Performing 'set time' action on view is assignable from class <class android.widget.TimePicker>
12-02 23:16:16.930  1864  1864 I ViewInteraction: Performing 'wait for a specific view with <view.getId() is <16908313/android:id/button1>> during 10000 millis.' action on view view.getRootView() to equal view
12-02 23:16:16.933  1864  1864 I ViewInteraction: Performing 'single click' action on view view.getId() is <16908313/android:id/button1>
12-02 23:16:16.984  1864  2003 D EGL_emulation: eglMakeCurrent: 0xdb91b3e0: ver 2 0 (tinfo 0xdb98eb00)
12-02 23:16:16.999  1864  2003 I chatty  : uid=10159(ru.iteco.fmhandroid) RenderThread identical 1 line
12-02 23:16:17.012  1864  2003 D EGL_emulation: eglMakeCurrent: 0xdb91b3e0: ver 2 0 (tinfo 0xdb98eb00)
12-02 23:16:17.014  2010  2346 E InputDispatcher: Window handle Window{18113be u0 ru.iteco.fmhandroid/ru.iteco.fmhandroid.ui.AppActivity} has no registered input channel
12-02 23:16:17.402  1864  1864 I ViewInteraction: Performing 'wait for a specific view with <(an instance of android.widget.TextView and view.getHint() matching: is "Description" and view.getParent() view.getParent() view.getId() is <2131230988/ru.iteco.fmhandroid:id/description_text_input_layout>)> during 10000 millis.' action on view view.getRootView() to equal view
12-02 23:16:17.405  1864  1864 I ViewInteraction: Performing 'replace text( d9e5af56-d4fa-4ef5-ae2c-8d6e4aef4968)' action on view (an instance of android.widget.TextView and view.getHint() matching: is "Description" and view.getParent() view.getParent() view.getId() is <2131230988/ru.iteco.fmhandroid:id/description_text_input_layout>)
12-02 23:16:17.453  1864  1864 I ViewInteraction: Performing 'wait for a specific view with <view.getId() is <2131231291/ru.iteco.fmhandroid:id/save_button>> during 10000 millis.' action on view view.getRootView() to equal view
12-02 23:16:17.456  1864  1864 I ViewInteraction: Performing 'single click' action on view view.getId() is <2131231291/ru.iteco.fmhandroid:id/save_button>
12-02 23:16:17.521  1864  2093 I okhttp.OkHttpClient: --> POST http://www.981757-ca08998.tmweb.ru:8080/fmh/claims
12-02 23:16:17.521  1864  2093 I okhttp.OkHttpClient: Content-Type: application/json; charset=UTF-8
12-02 23:16:17.521  1864  2093 I okhttp.OkHttpClient: Content-Length: 277
12-02 23:16:17.522  1864  2093 I okhttp.OkHttpClient: {"createDate":1670012177,"creatorId":2,"creatorName":"  ","description":" d9e5af56-d4fa-4ef5-ae2c-8d6e4aef4968","planExecuteDate":1665000960,"status":"OPEN","title":" d9e5af56-d4fa-4ef5-ae2c-8d6e4aef4968"}
12-02 23:16:17.522  1864  2093 I okhttp.OkHttpClient: --> END POST (277-byte body)
12-02 23:16:18.327  1864  2093 I okhttp.OkHttpClient: <-- 200 http://www.981757-ca08998.tmweb.ru:8080/fmh/claims (805ms)
12-02 23:16:18.327  1864  2093 I okhttp.OkHttpClient: Vary: Origin
12-02 23:16:18.327  1864  2093 I okhttp.OkHttpClient: Vary: Access-Control-Request-Method
12-02 23:16:18.327  1864  2093 I okhttp.OkHttpClient: Vary: Access-Control-Request-Headers
12-02 23:16:18.327  1864  2093 I okhttp.OkHttpClient: X-Content-Type-Options: nosniff
12-02 23:16:18.327  1864  2093 I okhttp.OkHttpClient: X-XSS-Protection: 1; mode=block
12-02 23:16:18.328  1864  2093 I okhttp.OkHttpClient: Cache-Control: no-cache, no-store, max-age=0, must-revalidate
12-02 23:16:18.328  1864  2093 I okhttp.OkHttpClient: Pragma: no-cache
12-02 23:16:18.328  1864  2093 I okhttp.OkHttpClient: Expires: 0
12-02 23:16:18.328  1864  2093 I okhttp.OkHttpClient: X-Frame-Options: DENY
12-02 23:16:18.328  1864  2093 I okhttp.OkHttpClient: Content-Type: application/json
12-02 23:16:18.328  1864  2093 I okhttp.OkHttpClient: Transfer-Encoding: chunked
12-02 23:16:18.328  1864  2093 I okhttp.OkHttpClient: Date: Fri, 02 Dec 2022 20:16:18 GMT
12-02 23:16:18.328  1864  2093 I okhttp.OkHttpClient: Keep-Alive: timeout=60
12-02 23:16:18.328  1864  2093 I okhttp.OkHttpClient: Connection: keep-alive
12-02 23:16:18.329  1864  2093 I okhttp.OkHttpClient: {"id":2563,"title":" d9e5af56-d4fa-4ef5-ae2c-8d6e4aef4968","description":" d9e5af56-d4fa-4ef5-ae2c-8d6e4aef4968","creatorId":2,"executorId":null,"createDate":1670012177,"planExecuteDate":1665000960,"factExecuteDate":null,"status":"OPEN","creatorName":"  ","executorName":null}
12-02 23:16:18.329  1864  2093 I okhttp.OkHttpClient: <-- END HTTP (348-byte body)
12-02 23:16:20.654  1750  1750 W audio_hw_generic: Not supplying enough data to HAL, expected position 456198645 , only wrote 455961766
12-02 23:16:20.742  1864  1864 I ViewInteraction: Performing 'wait for a specific view with <view.getId() is <2131230849/ru.iteco.fmhandroid:id/add_new_claim_material_button>> during 10000 millis.' action on view view.getRootView() to equal view
12-02 23:16:20.743  1864  1864 I ViewInteraction: Performing 'single click' action on view view.getId() is <2131230849/ru.iteco.fmhandroid:id/add_new_claim_material_button>
12-02 23:16:20.800  1864  2052 I okhttp.OkHttpClient: --> GET http://www.981757-ca08998.tmweb.ru:8080/fmh/users
12-02 23:16:20.801  1864  2052 I okhttp.OkHttpClient: --> END GET
12-02 23:16:20.806  1750  3111 W audio_hw_generic: Not supplying enough data to HAL, expected position 455961779 , only wrote 455961766
12-02 23:16:21.019  1864  1864 I ViewInteraction: Performing 'wait for a specific view with <(view.getId() is <2131231402/ru.iteco.fmhandroid:id/title_edit_text> and view.getParent() view.getParent() view.getId() is <2131231406/ru.iteco.fmhandroid:id/title_text_input_layout>)> during 10000 millis.' action on view view.getRootView() to equal view
12-02 23:16:21.567  1864  2052 I okhttp.OkHttpClient: <-- 200 http://www.981757-ca08998.tmweb.ru:8080/fmh/users (766ms)
12-02 23:16:21.567  1864  2052 I okhttp.OkHttpClient: Vary: Origin
12-02 23:16:21.567  1864  2052 I okhttp.OkHttpClient: Vary: Access-Control-Request-Method
12-02 23:16:21.567  1864  2052 I okhttp.OkHttpClient: Vary: Access-Control-Request-Headers
12-02 23:16:21.568  1864  2052 I okhttp.OkHttpClient: X-Content-Type-Options: nosniff
12-02 23:16:21.568  1864  2052 I okhttp.OkHttpClient: X-XSS-Protection: 1; mode=block
12-02 23:16:21.568  1864  2052 I okhttp.OkHttpClient: Cache-Control: no-cache, no-store, max-age=0, must-revalidate
12-02 23:16:21.568  1864  2052 I okhttp.OkHttpClient: Pragma: no-cache
12-02 23:16:21.568  1864  2052 I okhttp.OkHttpClient: Expires: 0
12-02 23:16:21.568  1864  2052 I okhttp.OkHttpClient: X-Frame-Options: DENY
12-02 23:16:21.568  1864  2052 I okhttp.OkHttpClient: Content-Type: application/json
12-02 23:16:21.568  1864  2052 I okhttp.OkHttpClient: Transfer-Encoding: chunked
12-02 23:16:21.568  1864  2052 I okhttp.OkHttpClient: Date: Fri, 02 Dec 2022 20:16:22 GMT
12-02 23:16:21.568  1864  2052 I okhttp.OkHttpClient: Keep-Alive: timeout=60
12-02 23:16:21.568  1864  2052 I okhttp.OkHttpClient: Connection: keep-alive
12-02 23:16:21.568  1864  2052 I okhttp.OkHttpClient: [{"id":1,"firstName":"","lastName":"","middleName":"","admin":true},{"id":2,"firstName":"","lastName":"","middleName":"","admin":true},{"id":3,"firstName":"","lastName":"","middleName":"","admin":false},{"id":4,"firstName":"","lastName":"","middleName":"","admin":false},{"id":5,"firstName":"","lastName":"","middleName":"","admin":true},{"id":6,"firstName":"Diplom","lastName":"Netology","middleName":"QAMID","admin":true}]
12-02 23:16:21.568  1864  2052 I okhttp.OkHttpClient: <-- END HTTP (622-byte body)
12-02 23:16:21.645  1864  1864 I ViewInteraction: Performing 'replace text( 4389a89c-df18-4f58-a8f6-088aeb2c4bd8)' action on view (view.getId() is <2131231402/ru.iteco.fmhandroid:id/title_edit_text> and view.getParent() view.getParent() view.getId() is <2131231406/ru.iteco.fmhandroid:id/title_text_input_layout>)
12-02 23:16:21.672  1864  1864 I ViewInteraction: Performing 'wait for a specific view with <view.getId() is <2131230975/ru.iteco.fmhandroid:id/date_in_plan_text_input_edit_text>> during 10000 millis.' action on view view.getRootView() to equal view
12-02 23:16:21.675  1864  1864 I ViewInteraction: Performing 'single click' action on view view.getId() is <2131230975/ru.iteco.fmhandroid:id/date_in_plan_text_input_edit_text>
12-02 23:16:21.779  1772  1772 D gralloc_ranchu: gralloc_alloc: Creating ashmem region of size 10964992
12-02 23:16:21.785  1772  1772 I chatty  : uid=1000(system) allocator@2.0-s identical 1 line
12-02 23:16:21.786  1772  1772 D gralloc_ranchu: gralloc_alloc: Creating ashmem region of size 10964992
12-02 23:16:21.791  1864  2003 D EGL_emulation: eglMakeCurrent: 0xdb91b3e0: ver 2 0 (tinfo 0xdb98eb00)
12-02 23:16:21.860  1864  2003 I chatty  : uid=10159(ru.iteco.fmhandroid) RenderThread identical 1 line
12-02 23:16:21.875  1864  2003 D EGL_emulation: eglMakeCurrent: 0xdb91b3e0: ver 2 0 (tinfo 0xdb98eb00)
12-02 23:16:22.271  1864  1864 I ViewInteraction: Performing 'wait for a specific view with <is assignable from class <class android.widget.DatePicker>> during 10000 millis.' action on view view.getRootView() to equal view
12-02 23:16:22.273  1864  1864 I ViewInteraction: Checking 'MatchesViewAssertion{viewMatcher=(view has effective visibility <VISIBLE> and view.getGlobalVisibleRect() to return non-empty rectangle)}' assertion on view is assignable from class <class android.widget.DatePicker>
12-02 23:16:22.275  1864  1864 I ViewInteraction: Performing 'wait for a specific view with <is assignable from class <class android.widget.DatePicker>> during 10000 millis.' action on view view.getRootView() to equal view
12-02 23:16:22.278  1864  1864 I ViewInteraction: Performing 'set date' action on view is assignable from class <class android.widget.DatePicker>
12-02 23:16:22.299  1864  1864 I ViewInteraction: Performing 'wait for a specific view with <view.getId() is <16908313/android:id/button1>> during 10000 millis.' action on view view.getRootView() to equal view
12-02 23:16:22.303  1864  1864 I ViewInteraction: Performing 'single click' action on view view.getId() is <16908313/android:id/button1>
12-02 23:16:22.380  1864  2003 D EGL_emulation: eglMakeCurrent: 0xdb91b3e0: ver 2 0 (tinfo 0xdb98eb00)
12-02 23:16:22.392  1864  2003 D EGL_emulation: eglMakeCurrent: 0xdb91b3e0: ver 2 0 (tinfo 0xdb98eb00)
12-02 23:16:22.403  2010  6092 E InputDispatcher: Window handle Window{3bb731b u0 ru.iteco.fmhandroid/ru.iteco.fmhandroid.ui.AppActivity} has no registered input channel
12-02 23:16:22.638  1864  1864 I ViewInteraction: Performing 'wait for a specific view with <(an instance of android.widget.TextView and view.getHint() matching: is "Time" and view.getParent() view.getParent() view.getId() is <2131231399/ru.iteco.fmhandroid:id/time_in_plan_text_input_layout>)> during 10000 millis.' action on view view.getRootView() to equal view
12-02 23:16:22.641  1864  1864 I ViewInteraction: Performing 'single click' action on view (an instance of android.widget.TextView and view.getHint() matching: is "Time" and view.getParent() view.getParent() view.getId() is <2131231399/ru.iteco.fmhandroid:id/time_in_plan_text_input_layout>)
12-02 23:16:22.755  1772  1772 D gralloc_ranchu: gralloc_alloc: Creating ashmem region of size 9261056
12-02 23:16:22.758  1772  1772 I chatty  : uid=1000(system) allocator@2.0-s identical 1 line
12-02 23:16:22.759  1772  1772 D gralloc_ranchu: gralloc_alloc: Creating ashmem region of size 9261056
12-02 23:16:22.765  1864  2003 D EGL_emulation: eglMakeCurrent: 0xdb91b3e0: ver 2 0 (tinfo 0xdb98eb00)
12-02 23:16:22.805  1864  2003 D EGL_emulation: eglMakeCurrent: 0xdb91b3e0: ver 2 0 (tinfo 0xdb98eb00)
12-02 23:16:23.047  1864  1864 I ViewInteraction: Performing 'wait for a specific view with <is assignable from class <class android.widget.TimePicker>> during 10000 millis.' action on view view.getRootView() to equal view
12-02 23:16:23.049  1864  1864 I ViewInteraction: Checking 'MatchesViewAssertion{viewMatcher=(view has effective visibility <VISIBLE> and view.getGlobalVisibleRect() to return non-empty rectangle)}' assertion on view is assignable from class <class android.widget.TimePicker>
12-02 23:16:23.051  1864  1864 I ViewInteraction: Performing 'wait for a specific view with <is assignable from class <class android.widget.TimePicker>> during 10000 millis.' action on view view.getRootView() to equal view
12-02 23:16:23.053  1864  1864 I ViewInteraction: Performing 'set time' action on view is assignable from class <class android.widget.TimePicker>
12-02 23:16:23.056  1864  1864 I ViewInteraction: Performing 'wait for a specific view with <view.getId() is <16908313/android:id/button1>> during 10000 millis.' action on view view.getRootView() to equal view
12-02 23:16:23.058  1864  1864 I ViewInteraction: Performing 'single click' action on view view.getId() is <16908313/android:id/button1>
12-02 23:16:23.116  1864  2003 D EGL_emulation: eglMakeCurrent: 0xdb91b3e0: ver 2 0 (tinfo 0xdb98eb00)
12-02 23:16:23.131  1864  2003 I chatty  : uid=10159(ru.iteco.fmhandroid) RenderThread identical 1 line
12-02 23:16:23.142  1864  2003 D EGL_emulation: eglMakeCurrent: 0xdb91b3e0: ver 2 0 (tinfo 0xdb98eb00)
12-02 23:16:23.148  2010  2346 E InputDispatcher: Window handle Window{5d30a6 u0 ru.iteco.fmhandroid/ru.iteco.fmhandroid.ui.AppActivity} has no registered input channel
12-02 23:16:23.568  1864  1864 I ViewInteraction: Performing 'wait for a specific view with <(an instance of android.widget.TextView and view.getHint() matching: is "Description" and view.getParent() view.getParent() view.getId() is <2131230988/ru.iteco.fmhandroid:id/description_text_input_layout>)> during 10000 millis.' action on view view.getRootView() to equal view
12-02 23:16:23.571  1864  1864 I ViewInteraction: Performing 'replace text( 4389a89c-df18-4f58-a8f6-088aeb2c4bd8)' action on view (an instance of android.widget.TextView and view.getHint() matching: is "Description" and view.getParent() view.getParent() view.getId() is <2131230988/ru.iteco.fmhandroid:id/description_text_input_layout>)
12-02 23:16:23.602  1864  1864 I ViewInteraction: Performing 'wait for a specific view with <view.getId() is <2131231291/ru.iteco.fmhandroid:id/save_button>> during 10000 millis.' action on view view.getRootView() to equal view
12-02 23:16:23.605  1864  1864 I ViewInteraction: Performing 'single click' action on view view.getId() is <2131231291/ru.iteco.fmhandroid:id/save_button>
12-02 23:16:23.672  1864  2093 I okhttp.OkHttpClient: --> POST http://www.981757-ca08998.tmweb.ru:8080/fmh/claims
12-02 23:16:23.672  1864  2093 I okhttp.OkHttpClient: Content-Type: application/json; charset=UTF-8
12-02 23:16:23.672  1864  2093 I okhttp.OkHttpClient: Content-Length: 277
12-02 23:16:23.673  1864  2093 I okhttp.OkHttpClient: {"createDate":1670012183,"creatorId":2,"creatorName":"  ","description":" 4389a89c-df18-4f58-a8f6-088aeb2c4bd8","planExecuteDate":1657656960,"status":"OPEN","title":" 4389a89c-df18-4f58-a8f6-088aeb2c4bd8"}
12-02 23:16:23.673  1864  2093 I okhttp.OkHttpClient: --> END POST (277-byte body)
12-02 23:16:23.822  1864  2093 I okhttp.OkHttpClient: <-- 200 http://www.981757-ca08998.tmweb.ru:8080/fmh/claims (149ms)
12-02 23:16:23.822  1864  2093 I okhttp.OkHttpClient: Vary: Origin
12-02 23:16:23.822  1864  2093 I okhttp.OkHttpClient: Vary: Access-Control-Request-Method
12-02 23:16:23.822  1864  2093 I okhttp.OkHttpClient: Vary: Access-Control-Request-Headers
12-02 23:16:23.822  1864  2093 I okhttp.OkHttpClient: X-Content-Type-Options: nosniff
12-02 23:16:23.822  1864  2093 I okhttp.OkHttpClient: X-XSS-Protection: 1; mode=block
12-02 23:16:23.822  1864  2093 I okhttp.OkHttpClient: Cache-Control: no-cache, no-store, max-age=0, must-revalidate
12-02 23:16:23.822  1864  2093 I okhttp.OkHttpClient: Pragma: no-cache
12-02 23:16:23.822  1864  2093 I okhttp.OkHttpClient: Expires: 0
12-02 23:16:23.823  1864  2093 I okhttp.OkHttpClient: X-Frame-Options: DENY
12-02 23:16:23.823  1864  2093 I okhttp.OkHttpClient: Content-Type: application/json
12-02 23:16:23.823  1864  2093 I okhttp.OkHttpClient: Transfer-Encoding: chunked
12-02 23:16:23.823  1864  2093 I okhttp.OkHttpClient: Date: Fri, 02 Dec 2022 20:16:24 GMT
12-02 23:16:23.823  1864  2093 I okhttp.OkHttpClient: Keep-Alive: timeout=60
12-02 23:16:23.823  1864  2093 I okhttp.OkHttpClient: Connection: keep-alive
12-02 23:16:24.391  1864  2093 I okhttp.OkHttpClient: {"id":2564,"title":" 4389a89c-df18-4f58-a8f6-088aeb2c4bd8","description":" 4389a89c-df18-4f58-a8f6-088aeb2c4bd8","creatorId":2,"executorId":null,"createDate":1670012183,"planExecuteDate":1657656960,"factExecuteDate":null,"status":"OPEN","creatorName":"  ","executorName":null}
12-02 23:16:24.391  1864  2093 I okhttp.OkHttpClient: <-- END HTTP (348-byte body)
12-02 23:16:26.817  1750  1750 W audio_hw_generic: Not supplying enough data to HAL, expected position 456490125 , only wrote 456226827
12-02 23:16:26.894  1864  1864 I ViewInteraction: Performing 'wait for a specific view with <view.getId() is <2131230849/ru.iteco.fmhandroid:id/add_new_claim_material_button>> during 10000 millis.' action on view view.getRootView() to equal view
12-02 23:16:26.896  1864  1864 I ViewInteraction: Performing 'single click' action on view view.getId() is <2131230849/ru.iteco.fmhandroid:id/add_new_claim_material_button>
12-02 23:16:26.951  1864  2052 I okhttp.OkHttpClient: --> GET http://www.981757-ca08998.tmweb.ru:8080/fmh/users
12-02 23:16:26.951  1864  2052 I okhttp.OkHttpClient: --> END GET
12-02 23:16:26.965  1750  3111 W audio_hw_generic: Not supplying enough data to HAL, expected position 456226848 , only wrote 456226827
12-02 23:16:27.171  1864  1864 I ViewInteraction: Performing 'wait for a specific view with <view.getId() is <2131231041/ru.iteco.fmhandroid:id/executor_drop_menu_auto_complete_text_view>> during 10000 millis.' action on view view.getRootView() to equal view
12-02 23:16:27.689  1897  1897 E wifi_forwarder: RemoteConnection failed to initialize: RemoteConnection failed to open pipe
12-02 23:16:30.084  1750  1750 W audio_hw_generic: Not supplying enough data to HAL, expected position 456500177 , only wrote 456364315
12-02 23:16:30.717  1864  2052 I okhttp.OkHttpClient: <-- 200 http://www.981757-ca08998.tmweb.ru:8080/fmh/users (3766ms)
12-02 23:16:30.717  1864  2052 I okhttp.OkHttpClient: Vary: Origin
12-02 23:16:30.717  1864  2052 I okhttp.OkHttpClient: Vary: Access-Control-Request-Method
12-02 23:16:30.717  1864  2052 I okhttp.OkHttpClient: Vary: Access-Control-Request-Headers
12-02 23:16:30.717  1864  2052 I okhttp.OkHttpClient: X-Content-Type-Options: nosniff
12-02 23:16:30.718  1864  2052 I okhttp.OkHttpClient: X-XSS-Protection: 1; mode=block
12-02 23:16:30.718  1864  2052 I okhttp.OkHttpClient: Cache-Control: no-cache, no-store, max-age=0, must-revalidate
12-02 23:16:30.718  1864  2052 I okhttp.OkHttpClient: Pragma: no-cache
12-02 23:16:30.718  1864  2052 I okhttp.OkHttpClient: Expires: 0
12-02 23:16:30.718  1864  2052 I okhttp.OkHttpClient: X-Frame-Options: DENY
12-02 23:16:30.718  1864  2052 I okhttp.OkHttpClient: Content-Type: application/json
12-02 23:16:30.718  1864  2052 I okhttp.OkHttpClient: Transfer-Encoding: chunked
12-02 23:16:30.718  1864  2052 I okhttp.OkHttpClient: Date: Fri, 02 Dec 2022 20:16:31 GMT
12-02 23:16:30.718  1864  2052 I okhttp.OkHttpClient: Keep-Alive: timeout=60
12-02 23:16:30.718  1864  2052 I okhttp.OkHttpClient: Connection: keep-alive
12-02 23:16:30.718  1864  2052 I okhttp.OkHttpClient: [{"id":1,"firstName":"","lastName":"","middleName":"","admin":true},{"id":2,"firstName":"","lastName":"","middleName":"","admin":true},{"id":3,"firstName":"","lastName":"","middleName":"","admin":false},{"id":4,"firstName":"","lastName":"","middleName":"","admin":false},{"id":5,"firstName":"","lastName":"","middleName":"","admin":true},{"id":6,"firstName":"Diplom","lastName":"Netology","middleName":"QAMID","admin":true}]
12-02 23:16:30.718  1864  2052 I okhttp.OkHttpClient: <-- END HTTP (622-byte body)
12-02 23:16:30.791  1864  1864 I ViewInteraction: Performing 'single click' action on view view.getId() is <2131231041/ru.iteco.fmhandroid:id/executor_drop_menu_auto_complete_text_view>
12-02 23:16:30.856  1743  1743 I netd    : firewallSetUidRule(2, 10145, 1) <0.03ms>
12-02 23:16:30.884  1772  1772 D gralloc_ranchu: gralloc_alloc: Creating ashmem region of size 7032832
12-02 23:16:30.892  1772  1772 D gralloc_ranchu: gralloc_alloc: Creating ashmem region of size 7032832
12-02 23:16:30.894  1864  2003 D EGL_emulation: eglMakeCurrent: 0xdb91b3e0: ver 2 0 (tinfo 0xdb98eb00)
12-02 23:16:30.912  1772  1772 D gralloc_ranchu: gralloc_alloc: Creating ashmem region of size 7032832
12-02 23:16:30.922  1864  1864 I AssistStructure: Flattened final assist data: 6984 bytes, containing 2 windows, 53 views
12-02 23:16:30.928  2010  6092 D AutofillSession: Starting partition or augmented request for view id 1073741881@1459607287: STARTED_SESSION
12-02 23:16:30.932  1750  3111 W audio_hw_generic: Not supplying enough data to HAL, expected position 456364332 , only wrote 456364315
12-02 23:16:30.942  2584  2584 W ktk     : Pending fill request while another request in the same session was triggered. [CONTEXT service_id=177 ]
12-02 23:16:30.944  1864  2003 D EGL_emulation: eglMakeCurrent: 0xdb91b3e0: ver 2 0 (tinfo 0xdb98eb00)
12-02 23:16:30.960  1864  1864 I AssistStructure: Flattened final assist data: 6984 bytes, containing 2 windows, 53 views
12-02 23:16:30.974  1864  2003 D EGL_emulation: eglMakeCurrent: 0xdb91b3e0: ver 2 0 (tinfo 0xdb98eb00)
12-02 23:16:30.978  2486  2486 I KeyboardViewUtil: systemKeyboardHeightRatio:1.000000; userKeyboardHeightRatio:1.000000.
12-02 23:16:30.978  2486  2486 I AndroidIME: LatinIme.onActivate() : EditorInfo = Package = ru.iteco.fmhandroid : Type = Text : Learning = Disable : Suggestion = Show : AutoCorrection = Disable : Microphone = Show : NoPersonalizedLearning = Disable
12-02 23:16:30.989  2010  2034 D AutofillUI: destroySaveUiUiThread(): already destroyed
12-02 23:16:30.990  2584  2584 W ktk     : Pending fill request while another request in the same session was triggered. [CONTEXT service_id=177 ]
12-02 23:16:30.992  2486  2486 I Conv2QueryExtension: Current locale: en_US, config allows these locales: de,en,es,fr,it,ms,pt,ta
12-02 23:16:30.992  2486  2486 I Conv2QueryExtension: Conv2Query not enabled due to current app [ru.iteco.fmhandroid] not in whitelist
12-02 23:16:30.993  2486  2486 I Conv2QueryExtension: onActivate() : Disabled by unsupported host app
12-02 23:16:30.999  2169  2501 D EGL_emulation: eglMakeCurrent: 0xdb91a600: ver 2 0 (tinfo 0xdb90f8d0)
12-02 23:16:31.008  1772  1772 D gralloc_ranchu: gralloc_alloc: Creating ashmem region of size 14262272
12-02 23:16:31.010  1772  1772 D gralloc_ranchu: gralloc_alloc: Creating ashmem region of size 14262272
12-02 23:16:31.013  1772  1873 D gralloc_ranchu: gralloc_alloc: Creating ashmem region of size 14262272
12-02 23:16:31.019  2486  6704 D EGL_emulation: eglMakeCurrent: 0xdb91b920: ver 2 0 (tinfo 0xdb90fce0)
12-02 23:16:31.051  1864  2003 D EGL_emulation: eglMakeCurrent: 0xdb91b3e0: ver 2 0 (tinfo 0xdb98eb00)
12-02 23:16:31.074  2584  2599 I .gms.persisten: Background concurrent copying GC freed 114321(6209KB) AllocSpace objects, 23(2456KB) LOS objects, 40% free, 9125KB/14MB, paused 2.091ms total 127.821ms
12-02 23:16:31.077  1772  1873 D gralloc_ranchu: gralloc_alloc: Creating ashmem region of size 4997120
12-02 23:16:31.086  1864  2003 D EGL_emulation: eglMakeCurrent: 0xdb91b3e0: ver 2 0 (tinfo 0xdb98eb00)
12-02 23:16:31.103  1772  1873 D gralloc_ranchu: gralloc_alloc: Creating ashmem region of size 4997120
12-02 23:16:31.110  1864  2003 D EGL_emulation: eglMakeCurrent: 0xdb91b3e0: ver 2 0 (tinfo 0xdb98eb00)
12-02 23:16:31.125  1864  2003 D EGL_emulation: eglMakeCurrent: 0xdb91b3e0: ver 2 0 (tinfo 0xdb98eb00)
12-02 23:16:31.136  1772  1873 D gralloc_ranchu: gralloc_alloc: Creating ashmem region of size 4997120
12-02 23:16:31.200  1864  1864 I ViewInteraction: Performing 'close keyboard' action on view view.getRootView() to equal view
12-02 23:16:31.205  1743  1743 I netd    : firewallSetUidRule(2, 10145, 2) <0.03ms>
12-02 23:16:31.206  2486  2486 I PhenotypeExpConfig: refreshConfiguration() : Force = false : UpdateAvailable = false : Age = 434 minutes : MaxAge = 720 minutes
12-02 23:16:31.207  2486  2486 I AndroidIME: LatinIme.onDeactivate()
12-02 23:16:31.217  2486  6704 D EGL_emulation: eglMakeCurrent: 0xdb91b920: ver 2 0 (tinfo 0xdb90fce0)
12-02 23:16:31.243  1864  2003 D EGL_emulation: eglMakeCurrent: 0xdb91b3e0: ver 2 0 (tinfo 0xdb98eb00)
12-02 23:16:31.277  1772  1873 D gralloc_ranchu: gralloc_alloc: Creating ashmem region of size 7032832
12-02 23:16:31.287  1864  2003 D EGL_emulation: eglMakeCurrent: 0xdb91b3e0: ver 2 0 (tinfo 0xdb98eb00)
12-02 23:16:31.304  1772  1873 D gralloc_ranchu: gralloc_alloc: Creating ashmem region of size 7032832
12-02 23:16:31.308  1864  2003 D EGL_emulation: eglMakeCurrent: 0xdb91b3e0: ver 2 0 (tinfo 0xdb98eb00)
12-02 23:16:31.319  1864  2003 D EGL_emulation: eglMakeCurrent: 0xdb91b3e0: ver 2 0 (tinfo 0xdb98eb00)
12-02 23:16:31.328  1772  1873 D gralloc_ranchu: gralloc_alloc: Creating ashmem region of size 7032832
12-02 23:16:31.348  1864  2003 D EGL_emulation: eglMakeCurrent: 0xdb91b3e0: ver 2 0 (tinfo 0xdb98eb00)
12-02 23:16:32.869  1864  2003 I chatty  : uid=10159(ru.iteco.fmhandroid) RenderThread identical 3 lines
12-02 23:16:33.365  1864  2003 D EGL_emulation: eglMakeCurrent: 0xdb91b3e0: ver 2 0 (tinfo 0xdb98eb00)
12-02 23:16:34.066  1750  1750 W audio_hw_generic: Not supplying enough data to HAL, expected position 456639000 , only wrote 456502464
12-02 23:16:34.517  1864  1864 I ViewInteraction: Checking 'MatchesViewAssertion{viewMatcher=(view has effective visibility <VISIBLE> and view.getGlobalVisibleRect() to return non-empty rectangle)}' assertion on view an instance of android.widget.TextView and view.getText() with or without transformation to match: is "  "
12-02 23:16:34.519  1864  1864 I ViewInteraction: Performing 'single click' action on view an instance of android.widget.TextView and view.getText() with or without transformation to match: is "  "
12-02 23:16:34.582  1864  2003 D EGL_emulation: eglMakeCurrent: 0xdb91b3e0: ver 2 0 (tinfo 0xdb98eb00)
12-02 23:16:34.638  1750  3111 W audio_hw_generic: Not supplying enough data to HAL, expected position 456502492 , only wrote 456502464
12-02 23:16:34.653  1864  2003 D EGL_emulation: eglMakeCurrent: 0xdb91b3e0: ver 2 0 (tinfo 0xdb98eb00)
12-02 23:16:34.665  2010  5483 E InputDispatcher: Window handle Window{cb6b9bf u0 PopupWindow:3b14bbf} has no registered input channel
12-02 23:16:34.665  1864  2003 D EGL_emulation: eglMakeCurrent: 0xdb91b3e0: ver 2 0 (tinfo 0xdb98eb00)
12-02 23:16:34.815  1864  1864 I ViewInteraction: Performing 'wait for a specific view with <(view.getId() is <2131231402/ru.iteco.fmhandroid:id/title_edit_text> and view.getParent() view.getParent() view.getId() is <2131231406/ru.iteco.fmhandroid:id/title_text_input_layout>)> during 10000 millis.' action on view view.getRootView() to equal view
12-02 23:16:34.818  1864  1864 I ViewInteraction: Performing 'replace text( ef690b4b-c6f8-4d21-8bb4-6bf2cbfad293)' action on view (view.getId() is <2131231402/ru.iteco.fmhandroid:id/title_edit_text> and view.getParent() view.getParent() view.getId() is <2131231406/ru.iteco.fmhandroid:id/title_text_input_layout>)
12-02 23:16:34.864  1864  1864 I ViewInteraction: Performing 'wait for a specific view with <view.getId() is <2131230975/ru.iteco.fmhandroid:id/date_in_plan_text_input_edit_text>> during 10000 millis.' action on view view.getRootView() to equal view
12-02 23:16:34.872  1864  1864 I ViewInteraction: Performing 'single click' action on view view.getId() is <2131230975/ru.iteco.fmhandroid:id/date_in_plan_text_input_edit_text>
12-02 23:16:34.978  1772  1873 D gralloc_ranchu: gralloc_alloc: Creating ashmem region of size 10964992
12-02 23:16:34.981  1772  1772 D gralloc_ranchu: gralloc_alloc: Creating ashmem region of size 10964992
12-02 23:16:34.985  1772  1772 D gralloc_ranchu: gralloc_alloc: Creating ashmem region of size 10964992
12-02 23:16:34.990  1864  2003 D EGL_emulation: eglMakeCurrent: 0xdb91b3e0: ver 2 0 (tinfo 0xdb98eb00)
12-02 23:16:35.084  1864  2003 I chatty  : uid=10159(ru.iteco.fmhandroid) RenderThread identical 3 lines
12-02 23:16:35.105  1864  2003 D EGL_emulation: eglMakeCurrent: 0xdb91b3e0: ver 2 0 (tinfo 0xdb98eb00)
12-02 23:16:35.488  1864  1864 I ViewInteraction: Performing 'wait for a specific view with <is assignable from class <class android.widget.DatePicker>> during 10000 millis.' action on view view.getRootView() to equal view
12-02 23:16:35.490  1864  1864 I ViewInteraction: Checking 'MatchesViewAssertion{viewMatcher=(view has effective visibility <VISIBLE> and view.getGlobalVisibleRect() to return non-empty rectangle)}' assertion on view is assignable from class <class android.widget.DatePicker>
12-02 23:16:35.494  1864  1864 I ViewInteraction: Performing 'wait for a specific view with <is assignable from class <class android.widget.DatePicker>> during 10000 millis.' action on view view.getRootView() to equal view
12-02 23:16:35.496  1864  1864 I ViewInteraction: Performing 'set date' action on view is assignable from class <class android.widget.DatePicker>
12-02 23:16:35.536  1864  1864 I ViewInteraction: Performing 'wait for a specific view with <view.getId() is <16908313/android:id/button1>> during 10000 millis.' action on view view.getRootView() to equal view
12-02 23:16:35.539  1864  1864 I ViewInteraction: Performing 'single click' action on view view.getId() is <16908313/android:id/button1>
12-02 23:16:35.617  1864  2003 D EGL_emulation: eglMakeCurrent: 0xdb91b3e0: ver 2 0 (tinfo 0xdb98eb00)
12-02 23:16:35.628  1864  2003 D EGL_emulation: eglMakeCurrent: 0xdb91b3e0: ver 2 0 (tinfo 0xdb98eb00)
12-02 23:16:35.631  2010 20213 E InputDispatcher: Window handle Window{8c6914c u0 ru.iteco.fmhandroid/ru.iteco.fmhandroid.ui.AppActivity} has no registered input channel
12-02 23:16:35.873  1864  1864 I ViewInteraction: Performing 'wait for a specific view with <(an instance of android.widget.TextView and view.getHint() matching: is "Time" and view.getParent() view.getParent() view.getId() is <2131231399/ru.iteco.fmhandroid:id/time_in_plan_text_input_layout>)> during 10000 millis.' action on view view.getRootView() to equal view
12-02 23:16:35.877  1864  1864 I ViewInteraction: Performing 'single click' action on view (an instance of android.widget.TextView and view.getHint() matching: is "Time" and view.getParent() view.getParent() view.getId() is <2131231399/ru.iteco.fmhandroid:id/time_in_plan_text_input_layout>)
12-02 23:16:35.991  1772  1772 D gralloc_ranchu: gralloc_alloc: Creating ashmem region of size 9261056
12-02 23:16:35.994  1772  1772 I chatty  : uid=1000(system) allocator@2.0-s identical 1 line
12-02 23:16:35.995  1772  1772 D gralloc_ranchu: gralloc_alloc: Creating ashmem region of size 9261056
12-02 23:16:36.004  1864  2003 D EGL_emulation: eglMakeCurrent: 0xdb91b3e0: ver 2 0 (tinfo 0xdb98eb00)
12-02 23:16:36.041  1864  2003 D EGL_emulation: eglMakeCurrent: 0xdb91b3e0: ver 2 0 (tinfo 0xdb98eb00)
