12-02 23:15:56.248  1864  1989 E TestRunner: 	at ru.iteco.fmhandroid.ui.FilterClaimsPageTest.shouldFilterClaimsWithStatusOpenAndExecuted(FilterClaimsPageTest.java:456)
12-02 23:15:56.248  1864  1989 E TestRunner: 	at java.lang.reflect.Method.invoke(Native Method)
12-02 23:15:56.248  1864  1989 E TestRunner: 	at org.junit.runners.model.FrameworkMethod$1.runReflectiveCall(FrameworkMethod.java:59)
12-02 23:15:56.248  1864  1989 E TestRunner: 	at org.junit.internal.runners.model.ReflectiveCallable.run(ReflectiveCallable.java:12)
12-02 23:15:56.248  1864  1989 E TestRunner: 	at org.junit.runners.model.FrameworkMethod.invokeExplosively(FrameworkMethod.java:56)
12-02 23:15:56.248  1864  1989 E TestRunner: 	at org.junit.internal.runners.statements.InvokeMethod.evaluate(InvokeMethod.java:17)
12-02 23:15:56.248  1864  1989 E TestRunner: 	at androidx.test.internal.runner.junit4.statement.RunBefores.evaluate(RunBefores.java:80)
12-02 23:15:56.248  1864  1989 E TestRunner: 	at androidx.test.rule.ActivityTestRule$ActivityStatement.evaluate(ActivityTestRule.java:543)
12-02 23:15:56.248  1864  1989 E TestRunner: 	at io.qameta.allure.android.rules.LogcatRule$apply$1.evaluate(LogcatRule.kt:23)
12-02 23:15:56.248  1864  1989 E TestRunner: 	at io.qameta.allure.android.rules.ScreenshotRule$apply$1.evaluate(ScreenshotRule.kt:22)
12-02 23:15:56.248  1864  1989 E TestRunner: 	at io.qameta.allure.android.rules.ScreenshotRule$apply$1.evaluate(ScreenshotRule.kt:22)
12-02 23:15:56.248  1864  1989 E TestRunner: 	at org.junit.rules.RunRules.evaluate(RunRules.java:20)
12-02 23:15:56.248  1864  1989 E TestRunner: 	at org.junit.runners.ParentRunner$3.evaluate(ParentRunner.java:306)
12-02 23:15:56.248  1864  1989 E TestRunner: 	at org.junit.runners.BlockJUnit4ClassRunner$1.evaluate(BlockJUnit4ClassRunner.java:100)
12-02 23:15:56.248  1864  1989 E TestRunner: 	at org.junit.runners.ParentRunner.runLeaf(ParentRunner.java:366)
12-02 23:15:56.248  1864  1989 E TestRunner: 	at org.junit.runners.BlockJUnit4ClassRunner.runChild(BlockJUnit4ClassRunner.java:103)
12-02 23:15:56.248  1864  1989 E TestRunner: 	at org.junit.runners.BlockJUnit4ClassRunner.runChild(BlockJUnit4ClassRunner.java:63)
12-02 23:15:56.248  1864  1989 E TestRunner: 	at org.junit.runners.ParentRunner$4.run(ParentRunner.java:331)
12-02 23:15:56.248  1864  1989 E TestRunner: 	at org.junit.runners.ParentRunner$1.schedule(ParentRunner.java:79)
12-02 23:15:56.248  1864  1989 E TestRunner: 	at org.junit.runners.ParentRunner.runChildren(ParentRunner.java:329)
12-02 23:15:56.248  1864  1989 E TestRunner: 	at org.junit.runners.ParentRunner.access$100(ParentRunner.java:66)
12-02 23:15:56.248  1864  1989 E TestRunner: 	at org.junit.runners.ParentRunner$2.evaluate(ParentRunner.java:293)
12-02 23:15:56.248  1864  1989 E TestRunner: 	at org.junit.runners.ParentRunner$3.evaluate(ParentRunner.java:306)
12-02 23:15:56.248  1864  1989 E TestRunner: 	at org.junit.runners.ParentRunner.run(ParentRunner.java:413)
12-02 23:15:56.248  1864  1989 E TestRunner: 	at androidx.test.ext.junit.runners.AndroidJUnit4.run(AndroidJUnit4.java:162)
12-02 23:15:56.248  1864  1989 E TestRunner: 	at io.qameta.allure.android.runners.AllureAndroidJUnit4.run(AllureAndroidJUnitRunners.kt:29)
12-02 23:15:56.248  1864  1989 E TestRunner: 	at org.junit.runners.Suite.runChild(Suite.java:128)
12-02 23:15:56.248  1864  1989 E TestRunner: 	at org.junit.runners.Suite.runChild(Suite.java:27)
12-02 23:15:56.248  1864  1989 E TestRunner: 	at org.junit.runners.ParentRunner$4.run(ParentRunner.java:331)
12-02 23:15:56.248  1864  1989 E TestRunner: 	at org.junit.runners.ParentRunner$1.schedule(ParentRunner.java:79)
12-02 23:15:56.248  1864  1989 E TestRunner: 	at org.junit.runners.ParentRunner.runChildren(ParentRunner.java:329)
12-02 23:15:56.248  1864  1989 E TestRunner: 	at org.junit.runne
12-02 23:15:56.248  1864  1989 E TestRunner: ----- end exception -----
12-02 23:15:56.250  1864  1989 I TestRunner: finished: shouldFilterClaimsWithStatusOpenAndExecuted(ru.iteco.fmhandroid.ui.FilterClaimsPageTest)
12-02 23:15:56.311  2010 13986 D WificondControl: Scan result ready event
12-02 23:15:56.355  1864  1989 I TestRunner: started: shouldFilterClaimsWithStatusExecuted(ru.iteco.fmhandroid.ui.FilterClaimsPageTest)
12-02 23:15:56.378  1864  1989 W ActivityTestRule: getActivityIntent() returned null using default: Intent(Intent.ACTION_MAIN)
12-02 23:15:56.381  2010 13986 I ActivityTaskManager: START u0 {act=android.intent.action.MAIN flg=0x10000000 cmp=ru.iteco.fmhandroid/.ui.AppActivity} from uid 10159
12-02 23:15:56.390  2010  5522 W InputReader: Device has associated, but no associated display id.
12-02 23:15:56.391  2010  5522 I chatty  : uid=1000(system) Binder:2010_14 identical 28 lines
12-02 23:15:56.391  2010  5522 W InputReader: Device has associated, but no associated display id.
12-02 23:15:56.391  1864  1864 W ActivityThread: handleWindowVisibility: no activity for token android.os.BinderProxy@56307a2
12-02 23:15:56.393  2010  5522 W InputReader: Device has associated, but no associated display id.
12-02 23:15:56.393  2010  5522 I chatty  : uid=1000(system) Binder:2010_14 identical 8 lines
12-02 23:15:56.393  2010  5522 W InputReader: Device has associated, but no associated display id.
12-02 23:15:56.399  2010  2037 E system_server: Invalid ID 0x00000000.
12-02 23:15:56.412  1864  1864 D LifecycleMonitor: Lifecycle status change: ru.iteco.fmhandroid.ui.AppActivity@c8dfbee in: PRE_ON_CREATE
12-02 23:15:56.418  1772  1772 D gralloc_ranchu: gralloc_alloc: Creating ashmem region of size 14749696
12-02 23:15:56.445  1864  2496 V FA      : onActivityCreated
12-02 23:15:56.461  1864  1864 D LifecycleMonitor: Lifecycle status change: ru.iteco.fmhandroid.ui.AppActivity@c8dfbee in: CREATED
12-02 23:15:56.466  2010  2037 W InputReader: Device has associated, but no associated display id.
12-02 23:15:56.466  2010  2037 I chatty  : uid=1000(system) android.anim identical 8 lines
12-02 23:15:56.466  2010  2037 W InputReader: Device has associated, but no associated display id.
12-02 23:15:56.498  3139  3664 D EGL_emulation: eglMakeCurrent: 0xdb91c460: ver 2 0 (tinfo 0xbe64a3f0)
12-02 23:15:56.499  1864  1864 D LifecycleMonitor: Lifecycle status change: ru.iteco.fmhandroid.ui.AppActivity@c8dfbee in: STARTED
12-02 23:15:56.500  2448  3326 D EGL_emulation: eglMakeCurrent: 0xe3a07ba0: ver 2 0 (tinfo 0xe3a93b30)
12-02 23:15:56.501  1864  1864 D LifecycleMonitor: Lifecycle status change: ru.iteco.fmhandroid.ui.AppActivity@c8dfbee in: RESUMED
12-02 23:15:56.503  1864  2762 V FA      : Activity resumed, time: 95787501
12-02 23:15:56.525  1772  1772 D gralloc_ranchu: gralloc_alloc: Creating ashmem region of size 14749696
12-02 23:15:56.531  1772  1772 I chatty  : uid=1000(system) allocator@2.0-s identical 1 line
12-02 23:15:56.533  1772  1772 D gralloc_ranchu: gralloc_alloc: Creating ashmem region of size 14749696
12-02 23:15:56.537  1864  2003 D EGL_emulation: eglMakeCurrent: 0xdb91b3e0: ver 2 0 (tinfo 0xdb98eb00)
12-02 23:15:56.575  2010  2041 I ActivityTaskManager: Displayed ru.iteco.fmhandroid/.ui.AppActivity: +192ms
12-02 23:15:56.583  2169  2501 D EGL_emulation: eglMakeCurrent: 0xdb91a600: ver 2 0 (tinfo 0xdb90f8d0)
12-02 23:15:56.643  2881  2770 V FA-SVC  : Logging event: origin=auto,name=screen_view(_vs),params=Bundle[{ga_event_origin(_o)=auto, ga_previous_class(_pc)=AppActivity, ga_previous_id(_pi)=4083891225062200026, ga_screen_class(_sc)=AppActivity, ga_screen_id(_si)=4083891225062200027}]
12-02 23:15:56.657  3139  2032 I PBSessionCacheImpl: Deleted sessionId[429016981967] from persistence.
12-02 23:15:56.662  3139  3568 W SearchServiceCore: Abort, client detached.
12-02 23:15:56.672  2881  2770 V FA-SVC  : Upload scheduled in approximately ms: 752813
12-02 23:15:56.672  2881  2770 V FA-SVC  : Unscheduling upload
12-02 23:15:56.676  2881  2770 V FA-SVC  : Scheduling upload, millis: 752813
12-02 23:15:56.679  2881  2770 V FA-SVC  : Background event processing time, ms: 36
12-02 23:15:56.688  2584  2775 E SQLiteDatabase: Error inserting flex_time=752000 job_id=-1 period=1506000 source=16 requires_charging=0 preferred_network_type=1 target_class=com.google.android.gms.measurement.PackageMeasurementTaskService user_id=0 target_package=com.google.android.gms tag=Measurement.PackageMeasurementTaskService.UPLOAD_TASK_TAG task_type=0 required_idleness_state=0 service_kind=0 source_version=202414000 persistence_level=1 preferred_charging_state=1 required_network_type=0 runtime=1670012156684 retry_strategy={"maximum_backoff_seconds":{"3600":0},"initial_backoff_seconds":{"30":0},"retry_policy":{"0":0}} last_runtime=0
12-02 23:15:56.688  2584  2775 E SQLiteDatabase: android.database.sqlite.SQLiteConstraintException: UNIQUE constraint failed: pending_ops.tag, pending_ops.target_class, pending_ops.target_package, pending_ops.user_id (code 2067 SQLITE_CONSTRAINT_UNIQUE)
12-02 23:15:56.688  2584  2775 E SQLiteDatabase: 	at android.database.sqlite.SQLiteConnection.nativeExecuteForLastInsertedRowId(Native Method)
12-02 23:15:56.688  2584  2775 E SQLiteDatabase: 	at android.database.sqlite.SQLiteConnection.executeForLastInsertedRowId(SQLiteConnection.java:879)
12-02 23:15:56.688  2584  2775 E SQLiteDatabase: 	at android.database.sqlite.SQLiteSession.executeForLastInsertedRowId(SQLiteSession.java:790)
12-02 23:15:56.688  2584  2775 E SQLiteDatabase: 	at android.database.sqlite.SQLiteStatement.executeInsert(SQLiteStatement.java:88)
12-02 23:15:56.688  2584  2775 E SQLiteDatabase: 	at android.database.sqlite.SQLiteDatabase.insertWithOnConflict(SQLiteDatabase.java:1599)
12-02 23:15:56.688  2584  2775 E SQLiteDatabase: 	at android.database.sqlite.SQLiteDatabase.insert(SQLiteDatabase.java:1468)
12-02 23:15:56.688  2584  2775 E SQLiteDatabase: 	at aqui.a(:com.google.android.gms@202414022@20.24.14 (040700-319035315):175)
12-02 23:15:56.688  2584  2775 E SQLiteDatabase: 	at aqtk.a(:com.google.android.gms@202414022@20.24.14 (040700-319035315):182)
12-02 23:15:56.688  2584  2775 E SQLiteDatabase: 	at aqtk.a(:com.google.android.gms@202414022@20.24.14 (040700-319035315):23)
12-02 23:15:56.688  2584  2775 E SQLiteDatabase: 	at aqtk.a(:com.google.android.gms@202414022@20.24.14 (040700-319035315):177)
12-02 23:15:56.688  2584  2775 E SQLiteDatabase: 	at aqpu.run(:com.google.android.gms@202414022@20.24.14 (040700-319035315):9)
12-02 23:15:56.688  2584  2775 E SQLiteDatabase: 	at soy.b(:com.google.android.gms@202414022@20.24.14 (040700-319035315):12)
12-02 23:15:56.688  2584  2775 E SQLiteDatabase: 	at soy.run(:com.google.android.gms@202414022@20.24.14 (040700-319035315):7)
12-02 23:15:56.688  2584  2775 E SQLiteDatabase: 	at java.util.concurrent.ThreadPoolExecutor.runWorker(ThreadPoolExecutor.java:1167)
12-02 23:15:56.688  2584  2775 E SQLiteDatabase: 	at java.util.concurrent.ThreadPoolExecutor$Worker.run(ThreadPoolExecutor.java:641)
12-02 23:15:56.688  2584  2775 E SQLiteDatabase: 	at sux.run(:com.google.android.gms@202414022@20.24.14 (040700-319035315):0)
12-02 23:15:56.688  2584  2775 E SQLiteDatabase: 	at java.lang.Thread.run(Thread.java:919)
12-02 23:15:57.245  1864  1864 I ViewInteraction: Performing 'wait for a specific view with <(an instance of android.widget.TextView and view.getText() with or without transformation to match: is "Authorization" and view.getParent() view.getParent() view.getId() is <2131231186>)> during 10000 millis.' action on view view.getRootView() to equal view
12-02 23:15:59.498  1864  2052 I okhttp.OkHttpClient: --> GET http://www.981757-ca08998.tmweb.ru:8080/fmh/authentication/userInfo
12-02 23:15:59.498  1864  2052 I okhttp.OkHttpClient: --> END GET
12-02 23:16:00.006  2169  2169 D KeyguardClockSwitch: Updating clock: 1116
12-02 23:16:00.491  1864  2052 I okhttp.OkHttpClient: <-- 200 http://www.981757-ca08998.tmweb.ru:8080/fmh/authentication/userInfo (992ms)
12-02 23:16:00.491  1864  2052 I okhttp.OkHttpClient: Vary: Origin
12-02 23:16:00.491  1864  2052 I okhttp.OkHttpClient: Vary: Access-Control-Request-Method
12-02 23:16:00.491  1864  2052 I okhttp.OkHttpClient: Vary: Access-Control-Request-Headers
12-02 23:16:00.491  1864  2052 I okhttp.OkHttpClient: X-Content-Type-Options: nosniff
12-02 23:16:00.491  1864  2052 I okhttp.OkHttpClient: X-XSS-Protection: 1; mode=block
12-02 23:16:00.492  1864  2052 I okhttp.OkHttpClient: Cache-Control: no-cache, no-store, max-age=0, must-revalidate
12-02 23:16:00.492  1864  2052 I okhttp.OkHttpClient: Pragma: no-cache
12-02 23:16:00.492  1864  2052 I okhttp.OkHttpClient: Expires: 0
12-02 23:16:00.492  1864  2052 I okhttp.OkHttpClient: X-Frame-Options: DENY
12-02 23:16:00.492  1864  2052 I okhttp.OkHttpClient: Content-Type: application/json
12-02 23:16:00.492  1864  2052 I okhttp.OkHttpClient: Transfer-Encoding: chunked
12-02 23:16:00.492  1864  2052 I okhttp.OkHttpClient: Date: Fri, 02 Dec 2022 20:16:01 GMT
12-02 23:16:00.492  1864  2052 I okhttp.OkHttpClient: Keep-Alive: timeout=60
12-02 23:16:00.492  1864  2052 I okhttp.OkHttpClient: Connection: keep-alive
12-02 23:16:00.492  1864  2052 I okhttp.OkHttpClient: {"id":2,"firstName":"","lastName":"","middleName":"","admin":true}
12-02 23:16:00.492  1864  2052 I okhttp.OkHttpClient: <-- END HTTP (106-byte body)
12-02 23:16:00.497  1864  2061 I okhttp.OkHttpClient: --> GET http://www.981757-ca08998.tmweb.ru:8080/fmh/claims
12-02 23:16:00.497  1864  2061 I okhttp.OkHttpClient: --> END GET
12-02 23:16:00.514  1743  2786 E ResolverController: No valid NAT64 prefix (128, <unspecified>/0)
12-02 23:16:01.670  1864  2762 V FA      : Inactivity, disconnecting from the service
12-02 23:16:01.746  2584  2729 I LogUtils: [Places]: ?: Couldn't find platform key file. [CONTEXT service_id=253 ]
12-02 23:16:01.750  2584  2379 I LogUtils: [Places]: ?: Couldn't find platform key file. [CONTEXT service_id=253 ]
12-02 23:16:01.757  2584  2771 I LogUtils: [Places]: ?: PlacesBleScanner stop() [CONTEXT service_id=253 ]
12-02 23:16:01.758  2584  2584 I BeaconBle: Scan : No clients left, canceling alarm. [CONTEXT service_id=111 ]
12-02 23:16:01.759  2584  2584 I BeaconBle: Scan canceled successfully. [CONTEXT service_id=111 ]
12-02 23:16:01.766  2584  2771 I PlacesLogger: [PlaceInferenceEngine]: [anon] Changed inference mode: 0 [CONTEXT service_id=253 ]
12-02 23:16:01.780  2584  3808 W GCoreFlp: No location to return for getLastLocation()
12-02 23:16:01.802  2584  2772 I LogUtils: [Places]: ?: Couldn't find platform key file. [CONTEXT service_id=253 ]
12-02 23:16:01.803  2584  2379 I LogUtils: [Places]: ?: Couldn't find platform key file. [CONTEXT service_id=253 ]
12-02 23:16:01.895  2584  2584 I GeofencerStateMachine: removeGeofences: removeRequest=RemoveGeofencingRequest[REMOVE_BY_PENDING_INTENT pendingIntent=PendingIntent[creatorPackage=com.google.android.gms], packageName=com.google.android.gms]
12-02 23:16:06.684  3139  3568 I WorkerManager: dispose()
12-02 23:16:06.684  3139  3568 W ThreadPoolDumper: Queue length for executor EventBus is now 11. Perhaps some tasks are too long, or the pool is too small.
12-02 23:16:06.771  2584  2584 I BeaconBle: Scan : No clients left, canceling alarm. [CONTEXT service_id=111 ]
12-02 23:16:06.972  1864  2061 I okhttp.OkHttpClient: <-- 200 http://www.981757-ca08998.tmweb.ru:8080/fmh/claims (6474ms)
12-02 23:16:06.972  1864  2061 I okhttp.OkHttpClient: Vary: Origin
12-02 23:16:06.972  1864  2061 I okhttp.OkHttpClient: Vary: Access-Control-Request-Method
12-02 23:16:06.972  1864  2061 I okhttp.OkHttpClient: Vary: Access-Control-Request-Headers
12-02 23:16:06.972  1864  2061 I okhttp.OkHttpClient: X-Content-Type-Options: nosniff
12-02 23:16:06.972  1864  2061 I okhttp.OkHttpClient: X-XSS-Protection: 1; mode=block
12-02 23:16:06.972  1864  2061 I okhttp.OkHttpClient: Cache-Control: no-cache, no-store, max-age=0, must-revalidate
12-02 23:16:06.972  1864  2061 I okhttp.OkHttpClient: Pragma: no-cache
12-02 23:16:06.972  1864  2061 I okhttp.OkHttpClient: Expires: 0
12-02 23:16:06.973  1864  2061 I okhttp.OkHttpClient: X-Frame-Options: DENY
12-02 23:16:06.973  1864  2061 I okhttp.OkHttpClient: Content-Type: application/json
12-02 23:16:06.973  1864  2061 I okhttp.OkHttpClient: Transfer-Encoding: chunked
12-02 23:16:06.973  1864  2061 I okhttp.OkHttpClient: Date: Fri, 02 Dec 2022 20:16:08 GMT
12-02 23:16:06.973  1864  2061 I okhttp.OkHttpClient: Keep-Alive: timeout=60
12-02 23:16:06.973  1864  2061 I okhttp.OkHttpClient: Connection: keep-alive
12-02 23:16:07.254  1864  1864 D takeScreenshot: Found 1 global views to redraw
12-02 23:16:07.303  1772  1772 D gralloc_ranchu: gralloc_alloc: Creating ashmem region of size 14749696
12-02 23:16:07.340  1864  1989 W DefaultFailureHandler: Failed to take screenshot
12-02 23:16:07.340  1864  1989 W DefaultFailureHandler: java.io.FileNotFoundException: view-op-error-24.png: open failed: EROFS (Read-only file system)
12-02 23:16:07.340  1864  1989 W DefaultFailureHandler: 	at libcore.io.IoBridge.open(IoBridge.java:496)
12-02 23:16:07.340  1864  1989 W DefaultFailureHandler: 	at java.io.FileOutputStream.<init>(FileOutputStream.java:235)
12-02 23:16:07.340  1864  1989 W DefaultFailureHandler: 	at java.io.FileOutputStream.<init>(FileOutputStream.java:125)
12-02 23:16:07.340  1864  1989 W DefaultFailureHandler: 	at androidx.test.platform.io.FileTestStorage.openOutputFile(FileTestStorage.java:60)
12-02 23:16:07.340  1864  1989 W DefaultFailureHandler: 	at androidx.test.core.graphics.BitmapStorage.writeToTestStorage(BitmapStorageExt.kt:49)
12-02 23:16:07.340  1864  1989 W DefaultFailureHandler: 	at androidx.test.espresso.base.DefaultFailureHandler.takeScreenshot(DefaultFailureHandler.java:4)
12-02 23:16:07.340  1864  1989 W DefaultFailureHandler: 	at androidx.test.espresso.base.DefaultFailureHandler.handle(DefaultFailureHandler.java:3)
12-02 23:16:07.340  1864  1989 W DefaultFailureHandler: 	at androidx.test.espresso.ViewInteraction.waitForAndHandleInteractionResults(ViewInteraction.java:8)
12-02 23:16:07.340  1864  1989 W DefaultFailureHandler: 	at androidx.test.espresso.ViewInteraction.desugaredPerform(ViewInteraction.java:11)
12-02 23:16:07.340  1864  1989 W DefaultFailureHandler: 	at androidx.test.espresso.ViewInteraction.perform(ViewInteraction.java:8)
12-02 23:16:07.340  1864  1989 W DefaultFailureHandler: 	at ru.iteco.fmhandroid.ui.data.TestUtils.waitView(TestUtils.java:61)
12-02 23:16:07.340  1864  1989 W DefaultFailureHandler: 	at ru.iteco.fmhandroid.ui.steps.AuthSteps.isAuthScreen(AuthSteps.java:56)
12-02 23:16:07.340  1864  1989 W DefaultFailureHandler: 	at ru.iteco.fmhandroid.ui.FilterClaimsPageTest.logoutCheck(FilterClaimsPageTest.java:45)
12-02 23:16:07.340  1864  1989 W DefaultFailureHandler: 	at java.lang.reflect.Method.invoke(Native Method)
12-02 23:16:07.340  1864  1989 W DefaultFailureHandler: 	at org.junit.runners.model.FrameworkMethod$1.runReflectiveCall(FrameworkMethod.java:59)
12-02 23:16:07.340  1864  1989 W DefaultFailureHandler: 	at org.junit.internal.runners.model.ReflectiveCallable.run(ReflectiveCallable.java:12)
12-02 23:16:07.340  1864  1989 W DefaultFailureHandler: 	at org.junit.runners.model.FrameworkMethod.invokeExplosively(FrameworkMethod.java:56)
12-02 23:16:07.340  1864  1989 W DefaultFailureHandler: 	at androidx.test.internal.runner.junit4.statement.RunBefores.evaluate(RunBefores.java:76)
12-02 23:16:07.340  1864  1989 W DefaultFailureHandler: 	at androidx.test.rule.ActivityTestRule$ActivityStatement.evaluate(ActivityTestRule.java:543)
12-02 23:16:07.340  1864  1989 W DefaultFailureHandler: 	at io.qameta.allure.android.rules.LogcatRule$apply$1.evaluate(LogcatRule.kt:23)
12-02 23:16:07.340  1864  1989 W DefaultFailureHandler: 	at io.qameta.allure.android.rules.ScreenshotRule$apply$1.evaluate(ScreenshotRule.kt:22)
12-02 23:16:07.340  1864  1989 W DefaultFailureHandler: 	at io.qameta.allure.android.rules.ScreenshotRule$apply$1.evaluate(ScreenshotRule.kt:22)
12-02 23:16:07.340  1864  1989 W DefaultFailureHandler: 	at org.junit.rules.RunRules.evaluate(RunRules.java:20)
12-02 23:16:07.340  1864  1989 W DefaultFailureHandler: 	at org.junit.runners.ParentRunner$3.evaluate(ParentRunner.java:306)
12-02 23:16:07.340  1864  1989 W DefaultFailureHandler: 	at org.junit.runners.BlockJUnit4ClassRunner$1.evaluate(BlockJUnit4ClassRunner.java:100)
12-02 23:16:07.340  1864  1989 W DefaultFailureHandler: 	at org.junit.runners.ParentRunner.runLeaf(ParentRunner.java:366)
12-02 23:16:07.340  1864  1989 W DefaultFailureHandler: 	at org.junit.runners.BlockJUnit4ClassRunner.runChild(BlockJUnit4ClassRunner.java:103)
12-02 23:16:07.340  1864  1989 W DefaultFailureHandler: 	at org.junit.runners.BlockJUnit4ClassRunner.runChild(BlockJUnit4ClassRunner.java:63)
12-02 23:16:07.340  1864  1989 W DefaultFailureHandler: 	at org.junit.runners.ParentRunner$4.run(ParentRunner.java:331)
12-02 23:16:07.340  1864  1989 W DefaultFailureHandler: 	at org.junit.runners.ParentRunner$1.schedule(ParentRunner.java:79)
12-02 23:16:07.340  1864  1989 W DefaultFailureHandler: 	at org.junit.runners.ParentRunner.runChildren(ParentRunner.java:329)
12-02 23:16:07.340  1864  1989 W DefaultFailureHandler: 	at org.junit.runners.ParentRunner.access$100(ParentRunner.java:66)
12-02 23:16:07.340  1864  1989 W DefaultFailureHandler: 	at org.junit.runners.ParentRunner$2.evaluate(ParentRunner.java:293)
12-02 23:16:07.340  1864  1989 W DefaultFailureHandler: 	at org.junit.runners.ParentRunner$3.evaluate(ParentRunner.java:306)
12-02 23:16:07.340  1864  1989 W DefaultFailureHandler: 	at org.junit.runners.ParentRunner.run(ParentRunner.java:413)
12-02 23:16:07.340  1864  1989 W DefaultFailureHandler: 	at androidx.test.ext.junit.runners.AndroidJUnit4.run(AndroidJUnit4.java:162)
12-02 23:16:07.340  1864  1989 W DefaultFailureHandler: 	at io.qameta.allure.android.runners.AllureAndroidJUnit4.run(AllureAndroidJUnitRunners.kt:29)
12-02 23:16:07.340  1864  1989 W DefaultFailureHandler: 	at org.junit.runners.Suite.runChild(Suite.java:128)
12-02 23:16:07.340  1864  1989 W DefaultFailureHandler: 	at org.junit.runners.Suite.runChild(Suite.java:27)
12-02 23:16:07.340  1864  1989 W DefaultFailureHandler: 	at org.junit.runners.ParentRunner$4.run(ParentRunner.java:331)
12-02 23:16:07.340  1864  1989 W DefaultFailureHandler: 	at org.junit.runners.ParentRunner$1.schedule(ParentRunner.java:79)
12-02 23:16:07.340  1864  1989 W DefaultFailureHandler: 	at org.junit.runners.ParentRunner.runChildren(ParentRunner.java:329)
12-02 23:16:07.340  1864  1989 W DefaultFailureHandler: 	at org.junit.runners.ParentRunner.access$100(ParentRunner.java:66)
12-02 23:16:07.340  1864  1989 W DefaultFailureHandler: 	at org.junit.runners.ParentRunner$2.evaluate(ParentRunner.java:293)
12-02 23:16:07.340  1864  1989 W DefaultFailureHandler: 	at org.junit.runners.ParentRunner$3.evaluate(ParentRunner.java:306)
12-02 23:16:07.340  1864  1989 W DefaultFailureHandler: 	at org.junit.runners.ParentRunner.run(ParentRunner.java:413)
12-02 23:16:07.340  1864  1989 W DefaultFailureHandler: 	at org.junit.runner.JUnitCore.run(JUnitCore.java:137)
12-02 23:16:07.340  1864  1989 W DefaultFailureHandler: 	at org.junit.runner.JUnitCore.run(JUnitCore.java:115)
12-02 23:16:07.340  1864  1989 W DefaultFailureHandler: 	at androidx.test.internal.runner.TestExecutor.execute(TestExecutor.java:67)
12-02 23:16:07.340  1864  1989 W DefaultFailureHandler: 	at androidx.test.internal.runner.TestExecutor.execute(TestExecutor.java:58)
12-02 23:16:07.340  1864  1989 W DefaultFailureHandler: 	at androidx.test.runner.AndroidJUnitRunner.onStart(AndroidJUnitRunner.java:438)
12-02 23:16:07.340  1864  1989 W DefaultFailureHandler: 	at android.app.Instrumentation$InstrumentationThread.run(Instrumentation.java:2189)
12-02 23:16:07.340  1864  1989 W DefaultFailureHandler: Caused by: android.system.ErrnoException: open failed: EROFS (Read-only file system)
12-02 23:16:07.340  1864  1989 W DefaultFailureHandler: 	at libcore.io.Linux.open(Native Method)
12-02 23:16:07.340  1864  1989 W DefaultFailureHandler: 	at libcore.io.ForwardingOs.open(ForwardingOs.java:167)
12-02 23:16:07.340  1864  1989 W DefaultFailureHandler: 	at libcore.io.BlockGuardOs.open(BlockGuardOs.java:252)
12-02 23:16:07.340  1864  1989 W DefaultFailureHandler: 	at libcore.io.ForwardingOs.open(ForwardingOs.java:167)
12-02 23:16:07.340  1864  1989 W DefaultFailureHandler: 	at android.app.ActivityThread$AndroidOs.open(ActivityThread.java:7255)
12-02 23:16:07.340  1864  1989 W DefaultFailureHandler: 	at libcore.io.IoBridge.open(IoBridge.java:482)
12-02 23:16:07.340  1864  1989 W DefaultFailureHandler: 	... 51 more
12-02 23:16:07.343  1864  1864 I ViewInteraction: Performing 'wait for a specific view with <view.getId() is <2131230870/ru.iteco.fmhandroid:id/authorization_image_button>> during 10000 millis.' action on view view.getRootView() to equal view
12-02 23:16:07.346  1864  1864 I ViewInteraction: Checking 'MatchesViewAssertion{viewMatcher=(view has effective visibility <VISIBLE> and view.getGlobalVisibleRect() to return non-empty rectangle)}' assertion on view view.getId() is <2131230870/ru.iteco.fmhandroid:id/authorization_image_button>
12-02 23:16:07.349  1864  1864 I ViewInteraction: Performing 'single click' action on view view.getId() is <2131230870/ru.iteco.fmhandroid:id/authorization_image_button>
12-02 23:16:07.402  1750  3111 W audio_hw_generic: Not supplying enough data to HAL, expected position 455384079 , only wrote 455384052
12-02 23:16:07.428  1772  1772 D gralloc_ranchu: gralloc_alloc: Creating ashmem region of size 1429504
12-02 23:16:07.433  1772  1772 I chatty  : uid=1000(system) allocator@2.0-s identical 1 line
12-02 23:16:07.434  1772  1772 D gralloc_ranchu: gralloc_alloc: Creating ashmem region of size 1429504
12-02 23:16:07.437  1864  2003 D EGL_emulation: eglMakeCurrent: 0xdb91b3e0: ver 2 0 (tinfo 0xdb98eb00)
12-02 23:16:07.469  1864  2003 I chatty  : uid=10159(ru.iteco.fmhandroid) RenderThread identical 2 lines
12-02 23:16:07.486  1864  2003 D EGL_emulation: eglMakeCurrent: 0xdb91b3e0: ver 2 0 (tinfo 0xdb98eb00)
12-02 23:16:07.708  1864  1864 I ViewInteraction: Performing 'wait for a specific view with <an instance of android.widget.TextView and view.getText() with or without transformation to match: is "Log out"> during 10000 millis.' action on view view.getRootView() to equal view
12-02 23:16:07.710  1864  1864 I ViewInteraction: Checking 'MatchesViewAssertion{viewMatcher=(view has effective visibility <VISIBLE> and view.getGlobalVisibleRect() to return non-empty rectangle)}' assertion on view an instance of android.widget.TextView and view.getText() with or without transformation to match: is "Log out"
12-02 23:16:07.712  1864  1864 I ViewInteraction: Performing 'single click' action on view an instance of android.widget.TextView and view.getText() with or without transformation to match: is "Log out"
12-02 23:16:07.766  1864  2003 D EGL_emulation: eglMakeCurrent: 0xdb91b3e0: ver 2 0 (tinfo 0xdb98eb00)
12-02 23:16:07.868  1864  2003 I chatty  : uid=10159(ru.iteco.fmhandroid) RenderThread identical 1 line
12-02 23:16:07.887  1864  2003 D EGL_emulation: eglMakeCurrent: 0xdb91b3e0: ver 2 0 (tinfo 0xdb98eb00)
12-02 23:16:07.986  1864  1864 I ViewInteraction: Performing 'wait for a specific view with <(an instance of android.widget.TextView and view.getText() with or without transformation to match: is "Authorization" and view.getParent() view.getParent() view.getId() is <2131231186>)> during 10000 millis.' action on view view.getRootView() to equal view
12-02 23:16:07.989  1864  1864 I ViewInteraction: Checking 'MatchesViewAssertion{viewMatcher=(view has effective visibility <VISIBLE> and view.getGlobalVisibleRect() to return non-empty rectangle)}' assertion on view (an instance of android.widget.TextView and view.getText() with or without transformation to match: is "Authorization" and view.getParent() view.getParent() view.getId() is <2131231186/ru.iteco.fmhandroid:id/nav_host_fragment>)
12-02 23:16:07.992  1864  1864 I ViewInteraction: Performing 'wait for a specific view with <(an instance of android.widget.TextView and view.getHint() matching: is "Login" and view.getParent() view.getParent() view.getId() is <2131231121/ru.iteco.fmhandroid:id/login_text_input_layout>)> during 10000 millis.' action on view view.getRootView() to equal view
12-02 23:16:07.994  1864  1864 I ViewInteraction: Checking 'MatchesViewAssertion{viewMatcher=(view has effective visibility <VISIBLE> and view.getGlobalVisibleRect() to return non-empty rectangle)}' assertion on view (an instance of android.widget.TextView and view.getHint() matching: is "Login" and view.getParent() view.getParent() view.getId() is <2131231121/ru.iteco.fmhandroid:id/login_text_input_layout>)
12-02 23:16:07.996  1864  1864 I ViewInteraction: Performing 'wait for a specific view with <(an instance of android.widget.TextView and view.getHint() matching: is "Password" and view.getParent() view.getParent() view.getId() is <2131231264/ru.iteco.fmhandroid:id/password_text_input_layout>)> during 10000 millis.' action on view view.getRootView() to equal view
12-02 23:16:07.998  1864  1864 I ViewInteraction: Checking 'MatchesViewAssertion{viewMatcher=(view has effective visibility <VISIBLE> and view.getGlobalVisibleRect() to return non-empty rectangle)}' assertion on view (an instance of android.widget.TextView and view.getHint() matching: is "Password" and view.getParent() view.getParent() view.getId() is <2131231264/ru.iteco.fmhandroid:id/password_text_input_layout>)
12-02 23:16:08.001  1864  1864 I ViewInteraction: Performing 'wait for a specific view with <(view.getId() is <2131231039/ru.iteco.fmhandroid:id/enter_button> and an instance of android.widget.TextView and view.getText() with or without transformation to match: is "SIGN IN" and view.getContentDescription() is "Save" and view.getParent() view.getParent() an instance of android.widget.RelativeLayout)> during 10000 millis.' action on view view.getRootView() to equal view
12-02 23:16:08.004  1864  1864 I ViewInteraction: Checking 'MatchesViewAssertion{viewMatcher=(view has effective visibility <VISIBLE> and view.getGlobalVisibleRect() to return non-empty rectangle)}' assertion on view (view.getId() is <2131231039/ru.iteco.fmhandroid:id/enter_button> and an instance of android.widget.TextView and view.getText() with or without transformation to match: is "SIGN IN" and view.getContentDescription() is "Save" and view.getParent() view.getParent() an instance of android.widget.RelativeLayout)
12-02 23:16:08.006  1864  1864 I ViewInteraction: Performing 'wait for a specific view with <(an instance of android.widget.TextView and view.getText() with or without transformation to match: is "Authorization" and view.getParent() view.getParent() view.getId() is <2131231186>)> during 10000 millis.' action on view view.getRootView() to equal view
12-02 23:16:08.008  1864  1864 I ViewInteraction: Checking 'MatchesViewAssertion{viewMatcher=(view has effective visibility <VISIBLE> and view.getGlobalVisibleRect() to return non-empty rectangle)}' assertion on view (an instance of android.widget.TextView and view.getText() with or without transformation to match: is "Authorization" and view.getParent() view.getParent() view.getId() is <2131231186/ru.iteco.fmhandroid:id/nav_host_fragment>)
12-02 23:16:08.010  1864  1864 I ViewInteraction: Performing 'wait for a specific view with <(an instance of android.widget.TextView and view.getHint() matching: is "Login" and view.getParent() view.getParent() view.getId() is <2131231121/ru.iteco.fmhandroid:id/login_text_input_layout>)> during 10000 millis.' action on view view.getRootView() to equal view
12-02 23:16:08.017  1864  1864 I ViewInteraction: Checking 'MatchesViewAssertion{viewMatcher=(view has effective visibility <VISIBLE> and view.getGlobalVisibleRect() to return non-empty rectangle)}' assertion on view (an instance of android.widget.TextView and view.getHint() matching: is "Login" and view.getParent() view.getParent() view.getId() is <2131231121/ru.iteco.fmhandroid:id/login_text_input_layout>)
12-02 23:16:08.020  1864  1864 I ViewInteraction: Performing 'wait for a specific view with <(an instance of android.widget.TextView and view.getHint() matching: is "Password" and view.getParent() view.getParent() view.getId() is <2131231264/ru.iteco.fmhandroid:id/password_text_input_layout>)> during 10000 millis.' action on view view.getRootView() to equal view
12-02 23:16:08.022  1864  1864 I ViewInteraction: Checking 'MatchesViewAssertion{viewMatcher=(view has effective visibility <VISIBLE> and view.getGlobalVisibleRect() to return non-empty rectangle)}' assertion on view (an instance of android.widget.TextView and view.getHint() matching: is "Password" and view.getParent() view.getParent() view.getId() is <2131231264/ru.iteco.fmhandroid:id/password_text_input_layout>)
12-02 23:16:08.024  1864  1864 I ViewInteraction: Performing 'wait for a specific view with <(view.getId() is <2131231039/ru.iteco.fmhandroid:id/enter_button> and an instance of android.widget.TextView and view.getText() with or without transformation to match: is "SIGN IN" and view.getContentDescription() is "Save" and view.getParent() view.getParent() an instance of android.widget.RelativeLayout)> during 10000 millis.' action on view view.getRootView() to equal view
12-02 23:16:08.026  1864  1864 I ViewInteraction: Checking 'MatchesViewAssertion{viewMatcher=(view has effective visibility <VISIBLE> and view.getGlobalVisibleRect() to return non-empty rectangle)}' assertion on view (view.getId() is <2131231039/ru.iteco.fmhandroid:id/enter_button> and an instance of android.widget.TextView and view.getText() with or without transformation to match: is "SIGN IN" and view.getContentDescription() is "Save" and view.getParent() view.getParent() an instance of android.widget.RelativeLayout)
12-02 23:16:08.028  1864  1864 I ViewInteraction: Performing 'wait for a specific view with <(an instance of android.widget.TextView and view.getHint() matching: is "Login" and view.getParent() view.getParent() view.getId() is <2131231121/ru.iteco.fmhandroid:id/login_text_input_layout>)> during 10000 millis.' action on view view.getRootView() to equal view
12-02 23:16:08.031  1864  1864 I ViewInteraction: Performing 'replace text(login2)' action on view (an instance of android.widget.TextView and view.getHint() matching: is "Login" and view.getParent() view.getParent() view.getId() is <2131231121/ru.iteco.fmhandroid:id/login_text_input_layout>)
12-02 23:16:08.059  1864  1864 I ViewInteraction: Performing 'wait for a specific view with <(an instance of android.widget.TextView and view.getHint() matching: is "Password" and view.getParent() view.getParent() view.getId() is <2131231264/ru.iteco.fmhandroid:id/password_text_input_layout>)> during 10000 millis.' action on view view.getRootView() to equal view
12-02 23:16:08.062  1864  1864 I ViewInteraction: Performing 'replace text(password2)' action on view (an instance of android.widget.TextView and view.getHint() matching: is "Password" and view.getParent() view.getParent() view.getId() is <2131231264/ru.iteco.fmhandroid:id/password_text_input_layout>)
12-02 23:16:08.076  1864  1864 I ViewInteraction: Performing 'wait for a specific view with <(view.getId() is <2131231039/ru.iteco.fmhandroid:id/enter_button> and an instance of android.widget.TextView and view.getText() with or without transformation to match: is "SIGN IN" and view.getContentDescription() is "Save" and view.getParent() view.getParent() an instance of android.widget.RelativeLayout)> during 10000 millis.' action on view view.getRootView() to equal view
12-02 23:16:08.078  1864  1864 I ViewInteraction: Checking 'MatchesViewAssertion{viewMatcher=view.isClickable() is <true>}' assertion on view (view.getId() is <2131231039/ru.iteco.fmhandroid:id/enter_button> and an instance of android.widget.TextView and view.getText() with or without transformation to match: is "SIGN IN" and view.getContentDescription() is "Save" and view.getParent() view.getParent() an instance of android.widget.RelativeLayout)
12-02 23:16:08.080  1864  1864 I ViewInteraction: Performing 'wait for a specific view with <(view.getId() is <2131231039/ru.iteco.fmhandroid:id/enter_button> and an instance of android.widget.TextView and view.getText() with or without transformation to match: is "SIGN IN" and view.getContentDescription() is "Save" and view.getParent() view.getParent() an instance of android.widget.RelativeLayout)> during 10000 millis.' action on view view.getRootView() to equal view
12-02 23:16:08.090  1864  1864 I ViewInteraction: Checking 'MatchesViewAssertion{viewMatcher=view.isClickable() is <true>}' assertion on view (view.getId() is <2131231039/ru.iteco.fmhandroid:id/enter_button> and an instance of android.widget.TextView and view.getText() with or without transformation to match: is "SIGN IN" and view.getContentDescription() is "Save" and view.getParent() view.getParent() an instance of android.widget.RelativeLayout)
12-02 23:16:08.093  1864  1864 I ViewInteraction: Performing 'wait for a specific view with <(view.getId() is <2131231039/ru.iteco.fmhandroid:id/enter_button> and an instance of android.widget.TextView and view.getText() with or without transformation to match: is "SIGN IN" and view.getContentDescription() is "Save" and view.getParent() view.getParent() an instance of android.widget.RelativeLayout)> during 10000 millis.' action on view view.getRootView() to equal view
12-02 23:16:08.095  1864  1864 I ViewInteraction: Performing 'single click' action on view (view.getId() is <2131231039/ru.iteco.fmhandroid:id/enter_button> and an instance of android.widget.TextView and view.getText() with or without transformation to match: is "SIGN IN" and view.getContentDescription() is "Save" and view.getParent() view.getParent() an instance of android.widget.RelativeLayout)
12-02 23:16:08.145  1864  2564 I okhttp.OkHttpClient: --> POST http://www.981757-ca08998.tmweb.ru:8080/fmh/authentication/login
12-02 23:16:08.145  1864  2564 I okhttp.OkHttpClient: Content-Type: application/json; charset=UTF-8
12-02 23:16:08.145  1864  2564 I okhttp.OkHttpClient: Content-Length: 41
12-02 23:16:08.145  1864  2564 I okhttp.OkHttpClient: {"login":"login2","password":"password2"}
12-02 23:16:08.145  1864  2564 I okhttp.OkHttpClient: --> END POST (41-byte body)
12-02 23:16:08.367  1864  1864 I ViewInteraction: Performing 'wait for a specific view with <an instance of android.widget.TextView and view.getText() with or without transformation to match: is "News"> during 10000 millis.' action on view view.getRootView() to equal view
12-02 23:16:08.371  1864  2564 I okhttp.OkHttpClient: <-- 200 http://www.981757-ca08998.tmweb.ru:8080/fmh/authentication/login (224ms)
12-02 23:16:08.371  1864  2564 I okhttp.OkHttpClient: Vary: Origin
12-02 23:16:08.371  1864  2564 I okhttp.OkHttpClient: Vary: Access-Control-Request-Method
12-02 23:16:08.371  1864  2564 I okhttp.OkHttpClient: Vary: Access-Control-Request-Headers
12-02 23:16:08.371  1864  2564 I okhttp.OkHttpClient: X-Content-Type-Options: nosniff
12-02 23:16:08.371  1864  2564 I okhttp.OkHttpClient: X-XSS-Protection: 1; mode=block
12-02 23:16:08.371  1864  2564 I okhttp.OkHttpClient: Cache-Control: no-cache, no-store, max-age=0, must-revalidate
12-02 23:16:08.372  1864  2564 I okhttp.OkHttpClient: Pragma: no-cache
12-02 23:16:08.372  1864  2564 I okhttp.OkHttpClient: Expires: 0
12-02 23:16:08.372  1864  2564 I okhttp.OkHttpClient: X-Frame-Options: DENY
12-02 23:16:08.372  1864  2564 I okhttp.OkHttpClient: Content-Type: application/json
12-02 23:16:08.372  1864  2564 I okhttp.OkHttpClient: Transfer-Encoding: chunked
12-02 23:16:08.372  1864  2564 I okhttp.OkHttpClient: Date: Fri, 02 Dec 2022 20:16:09 GMT
12-02 23:16:08.372  1864  2564 I okhttp.OkHttpClient: Keep-Alive: timeout=60
12-02 23:16:08.372  1864  2564 I okhttp.OkHttpClient: Connection: keep-alive
12-02 23:16:08.373  1864  2564 I okhttp.OkHttpClient: {"accessToken":"eyJhbGciOiJIUzUxMiJ9.eyJzdWIiOiJsb2dpbjIiLCJqdGkiOiIyIiwiZXhwIjoxNjcwMDk4NTY5fQ.x-xkPzzim-BwhNfeMoLk68bILjGG8NucczjZRLdnRSeA6VPGU4DeKMcsPR6w39L-eU2-O_ESsbdD2zDDU9FhHA","refreshToken":"eyJhbGciOiJIUzUxMiJ9.eyJzdWIiOiJsb2dpbjIiLCJqdGkiOiIyIiwiZXhwIjoxNjcyNjA0MTY5fQ.MOtu7GIkUF-VCts-ei_Tavh299jFjLYS7m313J0u0o3QX17ChWCz9_fQw3bBsTdt9XOj0ZTdInqSKGFDhWi9JA"}
12-02 23:16:08.373  1864  2564 I okhttp.OkHttpClient: <-- END HTTP (368-byte body)
12-02 23:16:08.375  1864  2052 I okhttp.OkHttpClient: --> GET http://www.981757-ca08998.tmweb.ru:8080/fmh/authentication/userInfo
12-02 23:16:08.375  1864  2052 I okhttp.OkHttpClient: --> END GET
12-02 23:16:08.518  1864  2052 I okhttp.OkHttpClient: <-- 200 http://www.981757-ca08998.tmweb.ru:8080/fmh/authentication/userInfo (142ms)
12-02 23:16:08.518  1864  2052 I okhttp.OkHttpClient: Vary: Origin
12-02 23:16:08.518  1864  2052 I okhttp.OkHttpClient: Vary: Access-Control-Request-Method
12-02 23:16:08.518  1864  2052 I okhttp.OkHttpClient: Vary: Access-Control-Request-Headers
12-02 23:16:08.518  1864  2052 I okhttp.OkHttpClient: X-Content-Type-Options: nosniff
12-02 23:16:08.518  1864  2052 I okhttp.OkHttpClient: X-XSS-Protection: 1; mode=block
12-02 23:16:08.518  1864  2052 I okhttp.OkHttpClient: Cache-Control: no-cache, no-store, max-age=0, must-revalidate
12-02 23:16:08.518  1864  2052 I okhttp.OkHttpClient: Pragma: no-cache
12-02 23:16:08.518  1864  2052 I okhttp.OkHttpClient: Expires: 0
12-02 23:16:08.518  1864  2052 I okhttp.OkHttpClient: X-Frame-Options: DENY
12-02 23:16:08.518  1864  2052 I okhttp.OkHttpClient: Content-Type: application/json
12-02 23:16:08.518  1864  2052 I okhttp.OkHttpClient: Transfer-Encoding: chunked
12-02 23:16:08.518  1864  2052 I okhttp.OkHttpClient: Date: Fri, 02 Dec 2022 20:16:09 GMT
12-02 23:16:08.518  1864  2052 I okhttp.OkHttpClient: Keep-Alive: timeout=60
12-02 23:16:08.518  1864  2052 I okhttp.OkHttpClient: Connection: keep-alive
12-02 23:16:08.519  1864  2052 I okhttp.OkHttpClient: {"id":2,"firstName":"","lastName":"","middleName":"","admin":true}
12-02 23:16:08.519  1864  2052 I okhttp.OkHttpClient: <-- END HTTP (106-byte body)
12-02 23:16:08.522  1864  2082 I okhttp.OkHttpClient: --> GET http://www.981757-ca08998.tmweb.ru:8080/fmh/claims
12-02 23:16:08.522  1864  2082 I okhttp.OkHttpClient: --> END GET
12-02 23:16:08.527  1743  2791 E ResolverController: No valid NAT64 prefix (128, <unspecified>/0)
12-02 23:16:08.581  1864  1864 I ViewInteraction: Checking 'MatchesViewAssertion{viewMatcher=(view has effective visibility <VISIBLE> and view.getGlobalVisibleRect() to return non-empty rectangle)}' assertion on view an instance of android.widget.TextView and view.getText() with or without transformation to match: is "News"
12-02 23:16:08.585  1864  1864 I ViewInteraction: Performing 'wait for a specific view with <view.getId() is <2131230951>> during 10000 millis.' action on view view.getRootView() to equal view
12-02 23:16:08.699  1864  1864 I ViewInteraction: Checking 'MatchesViewAssertion{viewMatcher=(view has effective visibility <VISIBLE> and view.getGlobalVisibleRect() to return non-empty rectangle)}' assertion on view view.getId() is <2131230951/ru.iteco.fmhandroid:id/container_list_news_include_on_fragment_main>
12-02 23:16:08.705  1864  1864 I ViewInteraction: Performing 'wait for a specific view with <view.getId() is <2131230949>> during 10000 millis.' action on view view.getRootView() to equal view
12-02 23:16:08.709  1864  1864 I ViewInteraction: Checking 'MatchesViewAssertion{viewMatcher=(view has effective visibility <VISIBLE> and view.getGlobalVisibleRect() to return non-empty rectangle)}' assertion on view view.getId() is <2131230949/ru.iteco.fmhandroid:id/container_list_claim_include_on_fragment_main>
12-02 23:16:08.712  1864  1864 I ViewInteraction: Performing 'wait for a specific view with <an instance of android.widget.TextView and view.getText() with or without transformation to match: is "Claims"> during 10000 millis.' action on view view.getRootView() to equal view
12-02 23:16:08.715  1864  1864 I ViewInteraction: Checking 'MatchesViewAssertion{viewMatcher=(view has effective visibility <VISIBLE> and view.getGlobalVisibleRect() to return non-empty rectangle)}' assertion on view an instance of android.widget.TextView and view.getText() with or without transformation to match: is "Claims"
12-02 23:16:08.718  1864  1864 I ViewInteraction: Performing 'wait for a specific view with <view.getId() is <2131231123/ru.iteco.fmhandroid:id/main_menu_image_button>> during 10000 millis.' action on view view.getRootView() to equal view
12-02 23:16:08.721  1864  1864 I ViewInteraction: Performing 'single click' action on view view.getId() is <2131231123/ru.iteco.fmhandroid:id/main_menu_image_button>
12-02 23:16:08.793  1772  1772 D gralloc_ranchu: gralloc_alloc: Creating ashmem region of size 3264512
12-02 23:16:08.797  1772  1772 I chatty  : uid=1000(system) allocator@2.0-s identical 1 line
12-02 23:16:08.801  1772  1772 D gralloc_ranchu: gralloc_alloc: Creating ashmem region of size 3264512
12-02 23:16:08.806  1864  2003 D EGL_emulation: eglMakeCurrent: 0xdb91b3e0: ver 2 0 (tinfo 0xdb98eb00)
12-02 23:16:08.834  1864  2003 I chatty  : uid=10159(ru.iteco.fmhandroid) RenderThread identical 2 lines
12-02 23:16:08.854  1864  2003 D EGL_emulation: eglMakeCurrent: 0xdb91b3e0: ver 2 0 (tinfo 0xdb98eb00)
12-02 23:16:09.075  1864  1864 I ViewInteraction: Performing 'wait for a specific view with <an instance of android.widget.TextView and view.getText() with or without transformation to match: is "Claims"> during 10000 millis.' action on view view.getRootView() to equal view
12-02 23:16:09.077  1864  1864 I ViewInteraction: Performing 'single click' action on view an instance of android.widget.TextView and view.getText() with or without transformation to match: is "Claims"
12-02 23:16:09.132  1864  2003 D EGL_emulation: eglMakeCurrent: 0xdb91b3e0: ver 2 0 (tinfo 0xdb98eb00)
12-02 23:16:09.208  1864  2083 I okhttp.OkHttpClient: --> GET http://www.981757-ca08998.tmweb.ru:8080/fmh/claims
12-02 23:16:09.208  1864  2083 I okhttp.OkHttpClient: --> END GET
12-02 23:16:09.231  1864  2003 D EGL_emulation: eglMakeCurrent: 0xdb91b3e0: ver 2 0 (tinfo 0xdb98eb00)
12-02 23:16:09.242  1864  2003 D EGL_emulation: eglMakeCurrent: 0xdb91b3e0: ver 2 0 (tinfo 0xdb98eb00)
12-02 23:16:09.388  1864  1864 I ViewInteraction: Performing 'wait for a specific view with <view.getId() is <2131230849/ru.iteco.fmhandroid:id/add_new_claim_material_button>> during 10000 millis.' action on view view.getRootView() to equal view
12-02 23:16:09.391  1864  1864 I ViewInteraction: Performing 'single click' action on view view.getId() is <2131230849/ru.iteco.fmhandroid:id/add_new_claim_material_button>
12-02 23:16:09.450  1864  2052 I okhttp.OkHttpClient: --> GET http://www.981757-ca08998.tmweb.ru:8080/fmh/users
12-02 23:16:09.450  1864  2052 I okhttp.OkHttpClient: --> END GET
12-02 23:16:09.579  1864  2052 I okhttp.OkHttpClient: <-- 200 http://www.981757-ca08998.tmweb.ru:8080/fmh/users (128ms)
12-02 23:16:09.579  1864  2052 I okhttp.OkHttpClient: Vary: Origin
12-02 23:16:09.579  1864  2052 I okhttp.OkHttpClient: Vary: Access-Control-Request-Method
12-02 23:16:09.579  1864  2052 I okhttp.OkHttpClient: Vary: Access-Control-Request-Headers
12-02 23:16:09.579  1864  2052 I okhttp.OkHttpClient: X-Content-Type-Options: nosniff
12-02 23:16:09.579  1864  2052 I okhttp.OkHttpClient: X-XSS-Protection: 1; mode=block
12-02 23:16:09.579  1864  2052 I okhttp.OkHttpClient: Cache-Control: no-cache, no-store, max-age=0, must-revalidate
12-02 23:16:09.579  1864  2052 I okhttp.OkHttpClient: Pragma: no-cache
12-02 23:16:09.579  1864  2052 I okhttp.OkHttpClient: Expires: 0
12-02 23:16:09.579  1864  2052 I okhttp.OkHttpClient: X-Frame-Options: DENY
12-02 23:16:09.579  1864  2052 I okhttp.OkHttpClient: Content-Type: application/json
12-02 23:16:09.579  1864  2052 I okhttp.OkHttpClient: Transfer-Encoding: chunked
12-02 23:16:09.579  1864  2052 I okhttp.OkHttpClient: Date: Fri, 02 Dec 2022 20:16:10 GMT
12-02 23:16:09.579  1864  2052 I okhttp.OkHttpClient: Keep-Alive: timeout=60
12-02 23:16:09.579  1864  2052 I okhttp.OkHttpClient: Connection: keep-alive
12-02 23:16:09.579  1864  2052 I okhttp.OkHttpClient: [{"id":1,"firstName":"","lastName":"","middleName":"","admin":true},{"id":2,"firstName":"","lastName":"","middleName":"","admin":true},{"id":3,"firstName":"","lastName":"","middleName":"","admin":false},{"id":4,"firstName":"","lastName":"","middleName":"","admin":false},{"id":5,"firstName":"","lastName":"","middleName":"","admin":true},{"id":6,"firstName":"Diplom","lastName":"Netology","middleName":"QAMID","admin":true}]
12-02 23:16:09.579  1864  2052 I okhttp.OkHttpClient: <-- END HTTP (622-byte body)
12-02 23:16:09.798  1864  1864 I ViewInteraction: Performing 'wait for a specific view with <(view.getId() is <2131231402/ru.iteco.fmhandroid:id/title_edit_text> and view.getParent() view.getParent() view.getId() is <2131231406/ru.iteco.fmhandroid:id/title_text_input_layout>)> during 10000 millis.' action on view view.getRootView() to equal view
12-02 23:16:09.799  1864  1864 I ViewInteraction: Performing 'replace text( 9a18bf8d-7cf3-4a98-ad34-18b79282dd56)' action on view (view.getId() is <2131231402/ru.iteco.fmhandroid:id/title_edit_text> and view.getParent() view.getParent() view.getId() is <2131231406/ru.iteco.fmhandroid:id/title_text_input_layout>)
12-02 23:16:09.834  1864  1864 I ViewInteraction: Performing 'wait for a specific view with <view.getId() is <2131230975/ru.iteco.fmhandroid:id/date_in_plan_text_input_edit_text>> during 10000 millis.' action on view view.getRootView() to equal view
12-02 23:16:09.837  1864  1864 I ViewInteraction: Performing 'single click' action on view view.getId() is <2131230975/ru.iteco.fmhandroid:id/date_in_plan_text_input_edit_text>
12-02 23:16:09.951  1772  1772 D gralloc_ranchu: gralloc_alloc: Creating ashmem region of size 10964992
12-02 23:16:09.955  1772  1772 I chatty  : uid=1000(system) allocator@2.0-s identical 1 line
