12-07 08:29:07.821 27762 27806 W ViewHierarchyExceptionHandler: 	at androidx.test.espresso.ViewInteraction.perform(ViewInteraction.java:8)
12-07 08:29:07.821 27762 27806 W ViewHierarchyExceptionHandler: 	at ru.iteco.fmhandroid.ui.ControlPanelTest.shouldChangeNewsTitle(ControlPanelTest.java:280)
12-07 08:29:07.821 27762 27806 W ViewHierarchyExceptionHandler: 	at java.lang.reflect.Method.invoke(Native Method)
12-07 08:29:07.821 27762 27806 W ViewHierarchyExceptionHandler: 	at org.junit.runners.model.FrameworkMethod$1.runReflectiveCall(FrameworkMethod.java:59)
12-07 08:29:07.821 27762 27806 W ViewHierarchyExceptionHandler: 	at org.junit.internal.runners.model.ReflectiveCallable.run(ReflectiveCallable.java:12)
12-07 08:29:07.821 27762 27806 W ViewHierarchyExceptionHandler: 	at org.junit.runners.model.FrameworkMethod.invokeExplosively(FrameworkMethod.java:56)
12-07 08:29:07.821 27762 27806 W ViewHierarchyExceptionHandler: 	at org.junit.internal.runners.statements.InvokeMethod.evaluate(InvokeMethod.java:17)
12-07 08:29:07.821 27762 27806 W ViewHierarchyExceptionHandler: 	at androidx.test.internal.runner.junit4.statement.RunBefores.evaluate(RunBefores.java:80)
12-07 08:29:07.821 27762 27806 W ViewHierarchyExceptionHandler: 	at androidx.test.internal.runner.junit4.statement.RunAfters.evaluate(RunAfters.java:61)
12-07 08:29:07.821 27762 27806 W ViewHierarchyExceptionHandler: 	at io.qameta.allure.android.rules.ScreenshotRule$apply$1.evaluate(ScreenshotRule.kt:22)
12-07 08:29:07.821 27762 27806 W ViewHierarchyExceptionHandler: 	at org.junit.rules.ExternalResource$1.evaluate(ExternalResource.java:54)
12-07 08:29:07.821 27762 27806 W ViewHierarchyExceptionHandler: 	at io.qameta.allure.android.rules.LogcatRule$apply$1.evaluate(LogcatRule.kt:23)
12-07 08:29:07.821 27762 27806 W ViewHierarchyExceptionHandler: 	at org.junit.rules.RunRules.evaluate(RunRules.java:20)
12-07 08:29:07.821 27762 27806 W ViewHierarchyExceptionHandler: 	at org.junit.runners.ParentRunner$3.evaluate(ParentRunner.java:306)
12-07 08:29:07.821 27762 27806 W ViewHierarchyExceptionHandler: 	at org.junit.runners.BlockJUnit4ClassRunner$1.evaluate(BlockJUnit4ClassRunner.java:100)
12-07 08:29:07.821 27762 27806 W ViewHierarchyExceptionHandler: 	at org.junit.runners.ParentRunner.runLeaf(ParentRunner.java:366)
12-07 08:29:07.821 27762 27806 W ViewHierarchyExceptionHandler: 	at org.junit.runners.BlockJUnit4ClassRunner.runChild(BlockJUnit4ClassRunner.java:103)
12-07 08:29:07.821 27762 27806 W ViewHierarchyExceptionHandler: 	at org.junit.runners.BlockJUnit4ClassRunner.runChild(BlockJUnit4ClassRunner.java:63)
12-07 08:29:07.821 27762 27806 W ViewHierarchyExceptionHandler: 	at org.junit.runners.ParentRunner$4.run(ParentRunner.java:331)
12-07 08:29:07.821 27762 27806 W ViewHierarchyExceptionHandler: 	at org.junit.runners.ParentRunner$1.schedule(ParentRunner.java:79)
12-07 08:29:07.821 27762 27806 W ViewHierarchyExceptionHandler: 	at org.junit.runners.ParentRunner.runChildren(ParentRunner.java:329)
12-07 08:29:07.821 27762 27806 W ViewHierarchyExceptionHandler: 	at org.junit.runners.ParentRunner.access$100(ParentRunner.java:66)
12-07 08:29:07.821 27762 27806 W ViewHierarchyExceptionHandler: 	at org.junit.runners.ParentRunner$2.evaluate(ParentRunner.java:293)
12-07 08:29:07.821 27762 27806 W ViewHierarchyExceptionHandler: 	at org.junit.runners.ParentRunner$3.evaluate(ParentRunner.java:306)
12-07 08:29:07.821 27762 27806 W ViewHierarchyExceptionHandler: 	at org.junit.runners.ParentRunner.run(ParentRunner.java:413)
12-07 08:29:07.821 27762 27806 W ViewHierarchyExceptionHandler: 	at androidx.test.ext.junit.runners.AndroidJUnit4.run(AndroidJUnit4.java:162)
12-07 08:29:07.821 27762 27806 W ViewHierarchyExceptionHandler: 	at io.qameta.allure.android.runners.AllureAndroidJUnit4.run(AllureAndroidJUnitRunners.kt:29)
12-07 08:29:07.821 27762 27806 W ViewHierarchyExceptionHandler: 	at org.junit.runners.Suite.runChild(Suite.java:128)
12-07 08:29:07.821 27762 27806 W ViewHierarchyExceptionHandler: 	at org.junit.runners.Suite.runChild(Suite.java:27)
12-07 08:29:07.821 27762 27806 W ViewHierarchyExceptionHandler: 	at org.junit.runners.ParentRunner$4.run(ParentRunner.java:331)
12-07 08:29:07.821 27762 27806 W ViewHierarchyExceptionHandler: 	at org.junit.runners.ParentRunner$1.schedule(ParentRunner.java:79)
12-07 08:29:07.821 27762 27806 W ViewHierarchyExceptionHandler: 	at org.junit.runners.ParentRunner.runChildren(ParentRunner.java:329)
12-07 08:29:07.821 27762 27806 W ViewHierarchyExceptionHandler: 	at org.junit.runners.ParentRunner.access$100(ParentRunner.java:66)
12-07 08:29:07.821 27762 27806 W ViewHierarchyExceptionHandler: 	at org.junit.runners.ParentRunner$2.evaluate(ParentRunner.java:293)
12-07 08:29:07.821 27762 27806 W ViewHierarchyExceptionHandler: 	at org.junit.runners.ParentRunner$3.evaluate(ParentRunner.java:306)
12-07 08:29:07.821 27762 27806 W ViewHierarchyExceptionHandler: 	at org.junit.runners.ParentRunner.run(ParentRunner.java:413)
12-07 08:29:07.821 27762 27806 W ViewHierarchyExceptionHandler: 	at org.junit.runner.JUnitCore.run(JUnitCore.java:137)
12-07 08:29:07.821 27762 27806 W ViewHierarchyExceptionHandler: 	at org.junit.runner.JUnitCore.run(JUnitCore.java:115)
12-07 08:29:07.821 27762 27806 W ViewHierarchyExceptionHandler: 	at androidx.test.internal.runner.TestExecutor.execute(TestExecutor.java:67)
12-07 08:29:07.821 27762 27806 W ViewHierarchyExceptionHandler: 	at androidx.test.internal.runner.TestExecutor.execute(TestExecutor.java:58)
12-07 08:29:07.821 27762 27806 W ViewHierarchyExceptionHandler: 	at androidx.test.runner.AndroidJUnitRunner.onStart(AndroidJUnitRunner.java:438)
12-07 08:29:07.821 27762 27806 W ViewHierarchyExceptionHandler: 	at android.app.Instrumentation$InstrumentationThread.run(Instrumentation.java:2189)
12-07 08:29:07.821 27762 27806 W ViewHierarchyExceptionHandler: Caused by: android.system.ErrnoException: open failed: EROFS (Read-only file system)
12-07 08:29:07.821 27762 27806 W ViewHierarchyExceptionHandler: 	at libcore.io.Linux.open(Native Method)
12-07 08:29:07.821 27762 27806 W ViewHierarchyExceptionHandler: 	at libcore.io.ForwardingOs.open(ForwardingOs.java:167)
12-07 08:29:07.821 27762 27806 W ViewHierarchyExceptionHandler: 	at libcore.io.BlockGuardOs.open(BlockGuardOs.java:252)
12-07 08:29:07.821 27762 27806 W ViewHierarchyExceptionHandler: 	at libcore.io.ForwardingOs.open(ForwardingOs.java:167)
12-07 08:29:07.821 27762 27806 W ViewHierarchyExceptionHandler: 	at android.app.ActivityThread$AndroidOs.open(ActivityThread.java:7255)
12-07 08:29:07.821 27762 27806 W ViewHierarchyExceptionHandler: 	at libcore.io.IoBridge.open(IoBridge.java:482)
12-07 08:29:07.821 27762 27806 W ViewHierarchyExceptionHandler: 	... 53 more
12-07 08:29:07.822 27762 27806 W FileTestStorage: Test input args is not supported.
12-07 08:29:08.161  2170  2170 D StatusBar: disable<e i a s b h r c s > disable2<q i n >
12-07 08:29:08.209  1776  1776 D gralloc_ranchu: gralloc_alloc: Creating ashmem region of size 10108928
12-07 08:29:08.221  2170  2566 D EGL_emulation: eglMakeCurrent: 0xe594e040: ver 2 0 (tinfo 0xc52450c0)
12-07 08:29:08.254  1776  1776 D gralloc_ranchu: gralloc_alloc: Creating ashmem region of size 10108928
12-07 08:29:08.280  2170  2170 D StatusBar: disable<e i a s b h r c s > disable2<q i n >
12-07 08:29:08.343  1776  1776 D gralloc_ranchu: gralloc_alloc: Creating ashmem region of size 10108928
12-07 08:29:09.287 27762 27806 I QueryController: Matched selector: UiSelector[DESCRIPTION=Airplane mode] <<==>> [android.view.accessibility.AccessibilityNodeInfo@6d7a0; boundsInParent: Rect(0, 0 - 292, 292); boundsInScreen: Rect(736, 804 - 1028, 1096); packageName: com.android.systemui; className: android.widget.Switch; text: Off; error: null; maxTextLength: -1; contentDescription: Airplane mode; tooltipText: null; viewIdResName: null; checkable: true; checked: false; focusable: true; focused: false; selected: false; clickable: true; longClickable: true; contextClickable: false; enabled: true; password: false; scrollable: false; importantForAccessibility: true; visible: true; actions: [AccessibilityAction: ACTION_FOCUS - null, AccessibilityAction: ACTION_SELECT - null, AccessibilityAction: ACTION_CLEAR_SELECTION - null, AccessibilityAction: ACTION_CLICK - null, AccessibilityAction: ACTION_ACCESSIBILITY_FOCUS - null, AccessibilityAction: ACTION_NEXT_AT_MOVEMENT_GRANULARITY - null, AccessibilityAction: ACTION_PREVIOUS_AT_MOVEMENT_GRANULARITY - null, AccessibilityAction: ACTION_SET_SELECTION - null, AccessibilityAction: ACTION_SHOW_ON_SCREEN - null, AccessibilityAction: ACTION_LONG_CLICK - Open settings]]
12-07 08:29:09.308  2018  2051 D AutofillManagerService: onBackKeyPressed()
12-07 08:29:09.641  1764  1891 W audio_hw_generic: Not supplying enough data to HAL, expected position 86926406 , only wrote 86442936
12-07 08:29:09.940  2170  2170 V StatusBar: mStatusBarWindow: com.android.systemui.statusbar.phone.StatusBarWindowView{4752fa5 V.E...... ........ 0,0-1080,2340} canPanelBeCollapsed(): true
12-07 08:29:09.945  2170  2170 D StatusBar: disable<e i a s b h r c s > disable2<q i n >
12-07 08:29:09.958  1776  1776 D gralloc_ranchu: gralloc_alloc: Creating ashmem region of size 10108928
12-07 08:29:09.974  2170  2170 D StatusBar: disable<e i a s b h r c s > disable2<q i n >
12-07 08:29:10.044  2170  2566 D EGL_emulation: eglMakeCurrent: 0xe594e040: ver 2 0 (tinfo 0xc52450c0)
12-07 08:29:10.045  1776  1776 D gralloc_ranchu: gralloc_alloc: Creating ashmem region of size 286720
12-07 08:29:10.073  2170  2566 D EGL_emulation: eglMakeCurrent: 0xe594e040: ver 2 0 (tinfo 0xc52450c0)
12-07 08:29:10.094  1776  1776 D gralloc_ranchu: gralloc_alloc: Creating ashmem region of size 286720
12-07 08:29:09.938  2018  2051 D AutofillManagerService: onBackKeyPressed()
12-07 08:29:10.218  2018  3031 I ActivityTaskManager: START u0 {act=android.intent.action.MAIN cat=[android.intent.category.LAUNCHER] flg=0x10000000 cmp=ru.iteco.fmhandroid.test/androidx.test.core.app.InstrumentationActivityInvoker$EmptyActivity} from uid 10146
12-07 08:29:10.109  1776  1776 D gralloc_ranchu: gralloc_alloc: Creating ashmem region of size 286720
12-07 08:29:10.234 27762 27762 D LifecycleMonitor: Lifecycle status change: ru.iteco.fmhandroid.ui.AppActivity@cfac627 in: PAUSED
12-07 08:29:10.235 27762 27762 V ActivityScenario: Update currentActivityStage to PAUSED, currentActivity=ru.iteco.fmhandroid.ui.AppActivity@cfac627
12-07 08:29:10.239  2018  8097 W InputReader: Device has associated, but no associated display id.
12-07 08:29:10.245  2018  8097 I chatty  : u