--------- beginning of main
12-08 06:37:24.998  2170  2170 D StatusBar: disable<e i a s b h r c s > disable2<q i n >
12-08 06:37:25.049  2170  2566 D EGL_emulation: eglMakeCurrent: 0xe594e040: ver 2 0 (tinfo 0xc52450c0)
12-08 06:37:25.055  1776  1776 D gralloc_ranchu: gralloc_alloc: Creating ashmem region of size 10108928
12-08 06:37:25.065  2170  2566 D EGL_emulation: eglMakeCurrent: 0xe594e040: ver 2 0 (tinfo 0xc52450c0)
12-08 06:37:25.100  1776  1776 D gralloc_ranchu: gralloc_alloc: Creating ashmem region of size 10108928
12-08 06:37:25.147  2170  2170 D StatusBar: disable<e i a s b h r c s > disable2<q i n >
12-08 06:37:25.214  1776  1776 D gralloc_ranchu: gralloc_alloc: Creating ashmem region of size 10108928
12-08 06:37:26.056 13607 13651 I QueryController: Matched selector: UiSelector[DESCRIPTION=Airplane mode] <<==>> [android.view.accessibility.AccessibilityNodeInfo@6defb; boundsInParent: Rect(0, 0 - 292, 292); boundsInScreen: Rect(736, 804 - 1028, 1096); packageName: com.android.systemui; className: android.widget.Switch; text: Off; error: null; maxTextLength: -1; contentDescription: Airplane mode; tooltipText: null; viewIdResName: null; checkable: true; checked: false; focusable: true; focused: false; selected: false; clickable: true; longClickable: true; contextClickable: false; enabled: true; password: false; scrollable: false; importantForAccessibility: true; visible: true; actions: [AccessibilityAction: ACTION_FOCUS - null, AccessibilityAction: ACTION_SELECT - null, AccessibilityAction: ACTION_CLEAR_SELECTION - null, AccessibilityAction: ACTION_CLICK - null, AccessibilityAction: ACTION_ACCESSIBILITY_FOCUS - null, AccessibilityAction: ACTION_NEXT_AT_MOVEMENT_GRANULARITY - null, AccessibilityAction: ACTION_PREVIOUS_AT_MOVEMENT_GRANULARITY - null, AccessibilityAction: ACTION_SET_SELECTION - null, AccessibilityAction: ACTION_SHOW_ON_SCREEN - null, AccessibilityAction: ACTION_LONG_CLICK - Open settings]]
--------- beginning of system
12-08 06:37:26.085  2018  2051 D AutofillManagerService: onBackKeyPressed()
12-08 06:37:26.716  2170  2170 V StatusBar: mStatusBarWindow: com.android.systemui.statusbar.phone.StatusBarWindowView{4752fa5 V.E...... ........ 0,0-1080,2340} canPanelBeCollapsed(): true
12-08 06:37:26.724  2170  2170 D StatusBar: disable<e i a s b h r c s > disable2<q i n >
12-08 06:37:26.738  1776  1776 D gralloc_ranchu: gralloc_alloc: Creating ashmem region of size 10108928
12-08 06:37:26.802  2170  2170 D StatusBar: disable<e i a s b h r c s > disable2<q i n >
12-08 06:37:26.851  2170  2566 D EGL_emulation: eglMakeCurrent: 0xe594e040: ver 2 0 (tinfo 0xc52450c0)
12-08 06:37:26.858  1764  1891 W audio_hw_generic: Not supplying enough data to HAL, expected position 183907286 , only wrote 183580191
12-08 06:37:26.859  1776  1776 D gralloc_ranchu: gralloc_alloc: Creating ashmem region of size 286720
12-08 06:37:26.874  2170  2566 D EGL_emulation: eglMakeCurrent: 0xe594e040: ver 2 0 (tinfo 0xc52450c0)
12-08 06:37:26.896  1776  1776 D gralloc_ranchu: gralloc_alloc: Creating ashmem region of size 286720
12-08 06:37:26.715  2018  2051 D AutofillManagerService: onBackKeyPressed()
12-08 06:37:27.014  2018  5644 I ActivityTaskManager: START u0 {act=android.intent.action.MAIN cat=[android.intent.category.LAUNCHER] flg=0x10000000 cmp=ru.iteco.fmhandroid.test/androidx.test.core.app.InstrumentationActivityInvoker$EmptyActivity} from uid 10146
12-08 06:37:26.906  1776  1776 D gralloc_ranchu: gralloc_alloc: Creating ashmem region of size 286720
12-08 06:37:27.023 13607 13607 D LifecycleMonitor: Lifecycle status change: ru.iteco.fmhandroid.ui.AppActivity@8533685 in: PAUSED
12-08 06:37:27.023 13607 13607 V ActivityScenario: Update currentActivityStage to PAUSED, currentActivity=ru.iteco.fmhandroid.ui.AppActivity@8533685
12-08 06:37:27.024  2018  5644 W InputReader: Device has associated, but no associated display id.
12-08 06:37:27.028  2018  5644 I chatty  : uid=1000(system) Binder:2018_14 identical 38 lines
12-08 06:37:27.028  2018  5644 W InputReader: Device has associated, but no associated display id.
12-08 06:37:27.028 13665 13665 W ActivityThread: handleWindowVisibility: no activity for token android.os.BinderProxy@e671e96
12-08 06:37:27.033  2018  5644 W InputReader: Device has associated, but no associated display id.
12-08 06:37:27.033  2018  5644 I chatty  : uid=1000(system) Binder:2018_14 identical 8 lines
12-08 06:37:27.033  2018  5644 W InputReader: Device has associated, but no associated display id.
12-08 06:37:27.051 13607 13644 V FA      : Recording user engagement, ms: 19685
12-08 06:37:27.082  2018  3031 I ActivityTaskManager: START u0 {act=android.intent.action.MAIN cat=[android.intent.category.LAUNCHER] flg=0x10000000 cmp=ru.iteco.fmhandroid.test/androidx.test.core.app.InstrumentationActivityInvoker$EmptyActivity} from uid 10146
12-08 06:37:27.101  1776  1776 D gralloc_ranchu: gralloc_alloc: Creating ashmem region of size 10108928
12-08 06:37:27.110  1776  1776 I chatty  : uid=1000(system) allocator@2.0-s identical 1 line
12-08 06:37:27.113  1776  1776 D gralloc_ranchu: gralloc_alloc: Creating ashmem region of size 10108928
12-08 06:37:27.113 13665 13696 D EGL_emulation: eglMakeCurrent: 0xe593ea40: ver 2 0 (tinfo 0xf0c89d20)
12-08 06:37:27.152  2018  4653 W InputReader: Device has associated, but no associated display id.
12-08 06:37:27.159  2018  4653 I chatty  : uid=1000(system) Binder:2018_12 identical 48 lines
12-08 06:37:27.159  2018  4653 W InputReader: Device has associated, but no associated display id.
12-08 06:37:27.169 13607 13644 V FA      : Connecting to remote service
12-08 06:37:27.172 13665 13665 W ActivityThread: handleWindowVisibility: no activity for token android.os.BinderProxy@8ae2121
12-08 06:37:27.197 13607 13644 V FA      : Connection attempt already in progress
12-08 06:37:27.198 13607 13644 V FA      : Activity paused, time: 62222770
12-08 06:37:27.215 13607 13644 D FA      : Connected to remote service
12-08 06:37:27.215 13607 13644 V FA      : Processing queued up service tasks: 2
12-08 06:37:27.221  2018  4653 W ActivityTaskManager: Duplicate finish request for ActivityRecord{e738db8 u0 ru.iteco.fmhandroid/.ui.AppActivity t363 f}
12-08 06:37:27.252  1776  1776 D gralloc_ranchu: gralloc_alloc: Creating ashmem region of size 10108928
12-08 06:37:27.260  1776  1776 D gralloc_ranchu: gralloc_alloc: Creating ashmem region of size 10108928
12-08 06:37:27.267 13665 13696 D EGL_emulation: eglMakeCurrent: 0xe593ea40: ver 2 0 (tinfo 0xf0c89d20)
12-08 06:37:27.269  1776  1776 D gralloc_ranchu: gralloc_alloc: Creating ashmem region of size 10108928
12-08 06:37:27.269  2873 13654 V FA-SVC  : Logging event: origin=auto,name=user_engagement(_e),params=Bundle[{ga_event_origin(_o)=auto, engagement_time_msec(_et)=19685, ga_screen_class(_sc)=AppActivity, ga_screen_id(_si)=-527999674539728467}]
12-08 06:37:27.301  2018  2054 W InputReader: Device has associated, but no associated display id.
12-08 06:37:27.305  2018  2054 I chatty  : uid=1000(system) android.anim identical 18 lines
12-08 06:37:27.306  2018  2054 W InputReader: Device has associated, but no associated display id.
12-08 06:37:27.314 13607 13699 D EGL_emulation: eglMakeCurrent: 0xe593e8c0: ver 2 0 (tinfo 0xf0c99e70)
12-08 06:37:27.320  2018  2058 I ActivityTaskManager: Displayed ru.iteco.fmhandroid.test/androidx.test.core.app.InstrumentationActivityInvoker$EmptyActivity: +129ms
12-08 06:37:27.334  2018  2358 W InputReader: Device has associated, but no associated display id.
12-08 06:37:27.334  2018  2358 I chatty  : uid=1000(system) Binder:2018_6 identical 8 lines
12-08 06:37:27.334  2018  2358 W InputReader: Device has associated, but no associated display id.
12-08 06:37:27.362  2873 13654 V FA-SVC  : Upload scheduled in approximately ms: 3250267
12-08 06:37:27.362  2873 13654 V FA-SVC  : Unscheduling upload
12-08 06:37:27.368  2873 13654 V FA-SVC  : Scheduling upload, millis: 3250267
12-08 06:37:27.374  2873 13654 V FA-SVC  : Background event processing time, ms: 105
12-08 06:37:27.398  2018 11055 W InputReader: Device has associated, but no associated display id.
12-08 06:37:27.398  2018 11055 I chatty  : uid=1000(system) Binder:2018_1E identical 8 lines
12-08 06:37:27.398  2018 11055 W InputReader: Device has associated, but no associated display id.
12-08 06:37:27.410 13607 13607 D LifecycleMonitor: Lifecycle status change: ru.iteco.fmhandroid.ui.AppActivity@8533685 in: STOPPED
12-08 06:37:27.410 13607 13607 V ActivityScenario: Update currentActivityStage to STOPPED, currentActivity=ru.iteco.fmhandroid.ui.AppActivity@8533685
12-08 06:37:27.427  1776  1776 D gralloc_ranchu: gralloc_alloc: Creating ashmem region of size 10108928
12-08 06:37:27.442  2962  3510 D EGL_emulation: eglMakeCurrent: 0xe597e200: ver 2 0 (tinfo 0xbffb2540)
12-08 06:37:27.448 13607 13607 W System.err: ru.iteco.fmhandroid.exceptions.UnknownException
12-08 06:37:27.448 13607 13607 W System.err: 	at ru.iteco.fmhandroid.utils.Utils.makeRequest(Utils.kt:123)
12-08 06:37:27.448 13607 13607 W System.err: 	at ru.iteco.fmhandroid.utils.Utils$makeRequest$1.invokeSuspend(Unknown Source:15)
12-08 06:37:27.448 13607 13607 W System.err: 	at kotlin.coroutines.jvm.internal.BaseContinuationImpl.resumeWith(ContinuationImpl.kt:33)
12-08 06:37:27.448 13607 13607 W System.err: 	at kotlinx.coroutines.DispatchedTaskKt.resume(DispatchedTask.kt:234)
12-08 06:37:27.448 13607 13607 W System.err: 	at kotlinx.coroutines.DispatchedTaskKt.resumeUnconfined(DispatchedTask.kt:190)
12-08 06:37:27.448 13607 13607 W System.err: 	at kotlinx.coroutines.DispatchedTaskKt.dispatch(DispatchedTask.kt:161)
12-08 06:37:27.448 13607 13607 W System.err: 	at kotlinx.coroutines.CancellableContinuationImpl.dispatchResume(CancellableContinuationImpl.kt:397)
12-08 06:37:27.448 13607 13607 W System.err: 	at kotlinx.coroutines.CancellableContinuationImpl.cancel(CancellableContinuationImpl.kt:183)
12-08 06:37:27.448 13607 13607 W System.err: 	at kotlinx.coroutines.CancellableContinuationImpl.parentCancelled$kotlinx_coroutines_core(CancellableContinuationImpl.kt:190)
12-08 06:37:27.449 13607 13607 W System.err: 	at kotlinx.coroutines.ChildContinuation.invoke(JobSupport.kt:1474)
12-08 06:37:27.449 13607 13607 W System.err: 	at kotlinx.coroutines.JobSupport.notifyCancelling(JobSupport.kt:1499)
12-08 06:37:27.449 13607 13607 W System.err: 	at kotlinx.coroutines.JobSupport.tryMakeCancelling(JobSupport.kt:795)
12-08 06:37:27.449 13607 13607 W System.err: 	at kotlinx.coroutines.JobSupport.makeCancelling(JobSupport.kt:755)
12-08 06:37:27.449  1776  1776 D gralloc_ranchu: gralloc_alloc: Creating ashmem region of size 10108928
12-08 06:37:27.449 13607 13607 W System.err: 	at kotlinx.coroutines.JobSupport.cancelImpl$kotlinx_coroutines_core(JobSupport.kt:671)
12-08 06:37:27.449 13607 13607 W System.err: 	at kotlinx.coroutines.JobSupport.parentCancelled(JobSupport.kt:637)
12-08 06:37:27.449 13607 13607 W System.err: 	at kotlinx.coroutines.ChildHandleNode.invoke(JobSupport.kt:1465)
12-08 06:37:27.450 13607 13607 W System.err: 	at kotlinx.coroutines.JobSupport.notifyCancelling(JobSupport.kt:1499)
12-08 06:37:27.450 13607 13607 W System.err: 	at kotlinx.coroutines.JobSupport.tryMakeCompletingSlowPath(JobSupport.kt:900)
12-08 06:37:27.450 13607 13607 W System.err: 	at kotlinx.coroutines.JobSupport.tryMakeCompleting(JobSupport.kt:863)
12-08 06:37:27.450 13607 13607 W System.err: 	at kotlinx.coroutines.JobSupport.cancelMakeCompleting(JobSupport.kt:696)
12-08 06:37:27.450 13607 13607 W System.err: 	at kotlinx.coroutines.JobSupport.cancelImpl$kotlinx_coroutines_core(JobSupport.kt:667)
12-08 06:37:27.450 13607 13607 W System.err: 	at kotlinx.coroutines.JobSupport.cancelInternal(JobSupport.kt:632)
12-08 06:37:27.450 13607 13607 W System.err: 	at kotlinx.coroutines.JobSupport.cancel(JobSupport.kt:617)
12-08 06:37:27.450 13607 13607 W System.err: 	at kotlinx.coroutines.JobKt__JobKt.cancel(Job.kt:561)
12-08 06:37:27.450 13607 13607 W System.err: 	at kotlinx.coroutines.JobKt.cancel(Unknown Source:1)
12-08 06:37:27.450 13607 13607 W System.err: 	at kotlinx.coroutines.JobKt__JobKt.cancel$default(Job.kt:560)
12-08 06:37:27.450 13607 13607 W System.err: 	at kotlinx.coroutines.JobKt.cancel$default(Unknown Source:1)
12-08 06:37:27.450 13607 13607 W System.err: 	at androidx.lifecycle.CloseableCoroutineScope.close(ViewModel.kt:51)
12-08 06:37:27.450 13607 13607 W System.err: 	at androidx.lifecycle.ViewModel.closeWithRuntimeException(ViewModel.java:188)
12-08 06:37:27.450 13607 13607 W System.err: 	at androidx.lifecycle.ViewModel.clear(ViewModel.java:134)
12-08 06:37:27.450 13607 13607 W System.err: 	at androidx.lifecycle.ViewModelStore.clear(ViewModelStore.java:62)
12-08 06:37:27.451 13607 13607 W System.err: 	at androidx.fragment.app.FragmentManagerViewModel.clearNonConfigStateInternal(FragmentManagerViewModel.java:210)
12-08 06:37:27.451 13607 13607 W System.err: 	at androidx.fragment.app.FragmentManagerViewModel.clearNonConfigState(FragmentManagerViewModel.java:190)
12-08 06:37:27.451 13607 13607 W System.err: 	at androidx.fragment.app.FragmentStateManager.destroy(FragmentStateManager.java:778)
12-08 06:37:27.451 13607 13607 W System.err: 	at androidx.fragment.app.FragmentStateManager.moveToExpectedState(FragmentStateManager.java:335)
12-08 06:37:27.451 13607 13607 W System.err: 	at androidx.fragment.app.FragmentStore.moveToExpectedState(FragmentStore.java:121)
12-08 06:37:27.451 13607 13607 W System.err: 	at androidx.fragment.app.FragmentManager.moveToState(FragmentManager.java:1374)
12-08 06:37:27.451 13607 13607 W System.err: 	at androidx.fragment.app.FragmentManager.dispatchStateChange(FragmentManager.java:2841)
12-08 06:37:27.451 13607 13607 W System.err: 	at androidx.fragment.app.FragmentManager.dispatchDestroy(FragmentManager.java:2820)
12-08 06:37:27.451 13607 13607 W System.err: 	at androidx.fragment.app.Fragment.performDestroy(Fragment.java:3246)
12-08 06:37:27.451 13607 13607 W System.err: 	at androidx.fragment.app.FragmentStateManager.destroy(FragmentStateManager.java:780)
12-08 06:37:27.451 13607 13607 W System.err: 	at androidx.fragment.app.FragmentStateManager.moveToExpectedState(FragmentStateManager.java:335)
12-08 06:37:27.451 13607 13607 W System.err: 	at androidx.fragment.app.SpecialEffectsController$FragmentStateManagerOperation.complete(SpecialEffectsController.java:771)
12-08 06:37:27.451 13607 13607 W System.err: 	at androidx.fragment.app.SpecialEffectsController$Operation.cancel(SpecialEffectsController.java:615)
12-08 06:37:27.451 13607 13607 W System.err: 	at androidx.fragment.app.SpecialEffectsController.forceCompleteAllOperations(SpecialEffectsController.java:350)
12-08 06:37:27.451 13607 13607 W System.err: 	at androidx.fragment.app.FragmentManager.dispatchStateChange(FragmentManager.java:2844)
12-08 06:37:27.451 13607 13607 W System.err: 	at androidx.fragment.app.FragmentManager.dispatchDestroy(FragmentManager.java:2820)
12-08 06:37:27.451 13607 13607 W System.err: 	at androidx.fragment.app.FragmentController.dispatchDestroy(FragmentController.java:345)
12-08 06:37:27.451 13607 13607 W System.err: 	at androidx.fragment.app.FragmentActivity.onDestroy(FragmentActivity.java:306)
12-08 06:37:27.451 13607 13607 W System.err: 	at androidx.appcompat.app.AppCompatActivity.onDestroy(AppCompatActivity.java:278)
12-08 06:37:27.451 13607 13607 W System.err: 	at android.app.Activity.performDestroy(Activity.java:8048)
12-08 06:37:27.451 13607 13607 W System.err: 	at android.app.Instrumentation.callActivityOnDestroy(Instrumentation.java:1334)
12-08 06:37:27.451 13607 13607 W System.err: 	at androidx.test.runner.MonitoringInstrumentation.callActivityOnDestroy(MonitoringInstrumentation.java:766)
12-08 06:37:27.451 13607 13607 W System.err: 	at android.app.ActivityThread.performDestroyActivity(ActivityThread.java:4926)
12-08 06:37:27.451 13607 13607 W System.err: 	at android.app.ActivityThread.handleDestroyActivity(ActivityThread.java:4970)
12-08 06:37:27.452 13607 13607 W System.err: 	at android.app.servertransaction.DestroyActivityItem.execute(DestroyActivityItem.java:44)
12-08 06:37:27.452 13607 13607 W System.err: 	at android.app.servertransaction.TransactionExecutor.executeLifecycleState(TransactionExecutor.java:176)
12-08 06:37:27.452 13607 13607 W System.err: 	at android.app.servertransaction.TransactionExecutor.execute(TransactionExecutor.java:97)
12-08 06:37:27.452 13607 13607 W System.err: 	at android.app.ActivityThread$H.handleMessage(ActivityThread.java:2016)
12-08 06:37:27.452 13607 13607 W System.err: 	at android.os.Handler.dispatchMessage(Handler.java:107)
12-08 06:37:27.452 13607 13607 W System.err: 	at android.os.Looper.loop(Looper.java:214)
12-08 06:37:27.452 13607 13607 W System.err: 	at android.app.ActivityThread.main(ActivityThread.java:7356)
12-08 06:37:27.452 13607 13607 W System.err: 	at java.lang.reflect.Method.invoke(Native Method)
12-08 06:37:27.452 13607 13607 W System.err: 	at com.android.internal.os.RuntimeInit$MethodAndArgsCaller.run(RuntimeInit.java:492)
12-08 06:37:27.452 13607 13607 W System.err: 	at com.android.internal.os.ZygoteInit.main(ZygoteInit.java:930)
12-08 06:37:27.468  1776  1927 D gralloc_ranchu: gralloc_alloc: Creating ashmem region of size 10108928
12-08 06:37:27.469 13607 13607 W System.err: ru.iteco.fmhandroid.exceptions.UnknownException
12-08 06:37:27.469 13607 13607 W System.err: 	at ru.iteco.fmhandroid.utils.Utils.makeRequest(Utils.kt:123)
12-08 06:37:27.469 13607 13607 W System.err: 	at ru.iteco.fmhandroid.utils.Utils$makeRequest$1.invokeSuspend(Unknown Source:15)
12-08 06:37:27.469 13607 13607 W System.err: 	at kotlin.coroutines.jvm.internal.BaseContinuationImpl.resumeWith(ContinuationImpl.kt:33)
12-08 06:37:27.469 13607 13607 W System.err: 	at kotlinx.coroutines.DispatchedTaskKt.resume(DispatchedTask.kt:234)
12-08 06:37:27.469 13607 13607 W System.err: 	at kotlinx.coroutines.DispatchedTaskKt.resumeUnconfined(DispatchedTask.kt:190)
12-08 06:37:27.469 13607 13607 W System.err: 	at kotlinx.coroutines.DispatchedTaskKt.dispatch(DispatchedTask.kt:161)
12-08 06:37:27.469 13607 13607 W System.err: 	at kotlinx.coroutines.CancellableContinuationImpl.dispatchResume(CancellableContinuationImpl.kt:397)
12-08 06:37:27.469 13607 13607 W System.err: 	at kotlinx.coroutines.CancellableContinuationImpl.cancel(CancellableContinuationImpl.kt:183)
12-08 06:37:27.469 13607 13607 W System.err: 	at kotlinx.coroutines.CancellableContinuationImpl.parentCancelled$kotlinx_coroutines_core(CancellableContinuationImpl.kt:190)
12-08 06:37:27.469 13607 13607 W System.err: 	at kotlinx.coroutines.ChildContinuation.invoke(JobSupport.kt:1474)
12-08 06:37:27.469 13607 13607 W System.err: 	at kotlinx.coroutines.JobSupport.notifyCancelling(JobSupport.kt:1499)
12-08 06:37:27.469 13607 13607 W System.err: 	at kotlinx.coroutines.JobSupport.tryMakeCancelling(JobSupport.kt:795)
12-08 06:37:27.469 13607 13607 W System.err: 	at kotlinx.coroutines.JobSupport.makeCancelling(JobSupport.kt:755)
12-08 06:37:27.469 13607 13607 W System.err: 	at kotlinx.coroutines.JobSupport.cancelImpl$kotlinx_coroutines_core(JobSupport.kt:671)
12-08 06:37:27.469 13607 13607 W System.err: 	at kotlinx.coroutines.JobSupport.parentCancelled(JobSupport.kt:637)
12-08 06:37:27.469 13607 13607 W System.err: 	at kotlinx.coroutines.ChildHandleNode.invoke(JobSupport.kt:1465)
12-08 06:37:27.469 13607 13607 W System.err: 	at kotlinx.coroutines.JobSupport.notifyCancelling(JobSupport.kt:1499)
12-08 06:37:27.469 13607 13607 W System.err: 	at kotlinx.coroutines.JobSupport.tryMakeCompletingSlowPath(JobSupport.kt:900)
12-08 06:37:27.469 13607 13607 W System.err: 	at kotlinx.coroutines.JobSupport.tryMakeCompleting(JobSupport.kt:863)
12-08 06:37:27.469 13607 13607 W System.err: 	at kotlinx.coroutines.JobSupport.cancelMakeCompleting(JobSupport.kt:696)
12-08 06:37:27.469 13607 13607 W System.err: 	at kotlinx.coroutines.JobSupport.cancelImpl$kotlinx_coroutines_core(JobSupport.kt:667)
12-08 06:37:27.469 13607 13607 W System.err: 	at kotlinx.coroutines.JobSupport.cancelInternal(JobSupport.kt:632)
12-08 06:37:27.469 13607 13607 W System.err: 	at kotlinx.coroutines.JobSupport.cancel(JobSupport.kt:617)
12-08 06:37:27.469 13607 13607 W System.err: 	at kotlinx.coroutines.JobKt__JobKt.cancel(Job.kt:561)
12-08 06:37:27.469 13607 13607 W System.err: 	at kotlinx.coroutines.JobKt.cancel(Unknown Source:1)
12-08 06:37:27.469 13607 13607 W System.err: 	at kotlinx.coroutines.JobKt__JobKt.cancel$default(Job.kt:560)
12-08 06:37:27.469 13607 13607 W System.err: 	at kotlinx.coroutines.JobKt.cancel$default(Unknown Source:1)
12-08 06:37:27.469 13607 13607 W System.err: 	at androidx.lifecycle.CloseableCoroutineScope.close(ViewModel.kt:51)
12-08 06:37:27.469 13607 13607 W System.err: 	at androidx.lifecycle.ViewModel.closeWithRuntimeException(ViewModel.java:188)
12-08 06:37:27.470 13607 13607 W System.err: 	at androidx.lifecycle.ViewModel.clear(ViewModel.java:134)
12-08 06:37:27.470 13607 13607 W System.err: 	at androidx.lifecycle.ViewModelStore.clear(ViewModelStore.java:62)
12-08 06:37:27.470 13607 13607 W System.err: 	at androidx.fragment.app.FragmentManagerViewModel.clearNonConfigStateInternal(FragmentManagerViewModel.java:210)
12-08 06:37:27.470 13607 13607 W System.err: 	at androidx.fragment.app.FragmentManagerViewModel.clearNonConfigState(FragmentManagerViewModel.java:190)
12-08 06:37:27.470 13607 13607 W System.err: 	at androidx.fragment.app.FragmentStateManager.destroy(FragmentStateManager.java:778)
12-08 06:37:27.470 13607 13607 W System.err: 	at androidx.fragment.app.FragmentStateManager.moveToExpectedState(FragmentStateManager.java:335)
12-08 06:37:27.470 13607 13607 W System.err: 	at androidx.fragment.app.FragmentStore.moveToExpectedState(FragmentStore.java:121)
12-08 06:37:27.470 13607 13607 W System.err: 	at androidx.fragment.app.FragmentManager.moveToState(FragmentManager.java:1374)
12-08 06:37:27.470 13607 13607 W System.err: 	at androidx.fragment.app.FragmentManager.dispatchStateChange(FragmentManager.java:2841)
12-08 06:37:27.470 13607 13607 W System.err: 	at androidx.fragment.app.FragmentManager.dispatchDestroy(FragmentManager.java:2820)
12-08 06:37:27.470 13607 13607 W System.err: 	at androidx.fragment.app.Fragment.performDestroy(Fragment.java:3246)
12-08 06:37:27.470 13607 13607 W System.err: 	at androidx.fragment.app.FragmentStateManager.destroy(FragmentStateManager.java:780)
12-08 06:37:27.470 13607 13607 W System.err: 	at androidx.fragment.app.FragmentStateManager.moveToExpectedState(FragmentStateManager.java:335)
12-08 06:37:27.470 13607 13607 W System.err: 	at androidx.fragment.app.SpecialEffectsController$FragmentStateManagerOperation.complete(SpecialEffectsController.java:771)
12-08 06:37:27.471 13607 13607 W System.err: 	at androidx.fragment.app.SpecialEffectsController$Operation.cancel(SpecialEffectsController.java:615)
12-08 06:37:27.471 13607 13607 W System.err: 	at androidx.fragment.app.SpecialEffectsController.forceCompleteAllOperations(SpecialEffectsController.java:350)
12-08 06:37:27.471 13607 13607 W System.err: 	at androidx.fragment.app.FragmentManager.dispatchStateChange(FragmentManager.java:2844)
12-08 06:37:27.471 13607 13607 W System.err: 	at androidx.fragment.app.FragmentManager.dispatchDestroy(FragmentManager.java:2820)
12-08 06:37:27.471 13607 13607 W System.err: 	at androidx.fragment.app.FragmentController.dispatchDestroy(FragmentController.java:345)
12-08 06:37:27.471 13607 13607 W System.err: 	at androidx.fragment.app.FragmentActivity.onDestroy(FragmentActivity.java:306)
12-08 06:37:27.471 13607 13607 W System.err: 	at androidx.appcompat.app.AppCompatActivity.onDestroy(AppCompatActivity.java:278)
12-08 06:37:27.471 13607 13607 W System.err: 	at android.app.Activity.performDestroy(Activity.java:8048)
12-08 06:37:27.471 13607 13607 W System.err: 	at android.app.Instrumentation.callActivityOnDestroy(Instrumentation.java:1334)
12-08 06:37:27.471 13607 13607 W System.err: 	at androidx.test.runner.MonitoringInstrumentation.callActivityOnDestroy(MonitoringInstrumentation.java:766)
12-08 06:37:27.471 13607 13607 W System.err: 	at android.app.ActivityThread.performDestroyActivity(ActivityThread.java:4926)
12-08 06:37:27.471 13607 13607 W System.err: 	at android.app.ActivityThread.handleDestroyActivity(ActivityThread.java:4970)
12-08 06:37:27.471 13607 13607 W System.err: 	at android.app.servertransaction.DestroyActivityItem.execute(DestroyActivityItem.java:44)
12-08 06:37:27.471 13607 13607 W System.err: 	at android.app.servertransaction.TransactionExecutor.executeLifecycleState(TransactionExecutor.java:176)
12-08 06:37:27.471 13607 13607 W System.err: 	at android.app.servertransaction.TransactionExecutor.execute(TransactionExecutor.java:97)
12-08 06:37:27.471 13607 13607 W System.err: 	at android.app.ActivityThread$H.handleMessage(ActivityThread.java:2016)
12-08 06:37:27.471 13607 13607 W System.err: 	at android.os.Handler.dispatchMessage(Handler.java:107)
12-08 06:37:27.471 13607 13607 W System.err: 	at android.os.Looper.loop(Looper.java:214)
12-08 06:37:27.471 13607 13607 W System.err: 	at android.app.ActivityThread.main(ActivityThread.java:7356)
12-08 06:37:27.471 13607 13607 W System.err: 	at java.lang.reflect.Method.invoke(Native Method)
12-08 06:37:27.471 13607 13607 W System.err: 	at com.android.internal.os.RuntimeInit$MethodAndArgsCaller.run(RuntimeInit.java:492)
12-08 06:37:27.471 13607 13607 W System.err: 	at com.android.internal.os.ZygoteInit.main(ZygoteInit.java:930)
12-08 06:37:27.472  1776  1776 D gralloc_ranchu: gralloc_alloc: Creating ashmem region of size 10108928
12-08 06:37:27.483  1776  1776 D gralloc_ranchu: gralloc_alloc: Creating ashmem region of size 10108928
12-08 06:37:27.487 12448 12488 D EGL_emulation: eglMakeCurrent: 0xe594d140: ver 2 0 (tinfo 0xc539bd10)
12-08 06:37:27.491  1776  1776 D gralloc_ranchu: gralloc_alloc: Creating ashmem region of size 10108928
12-08 06:37:27.493 13607 13607 W System.err: ru.iteco.fmhandroid.exceptions.UnknownException
12-08 06:37:27.493 13607 13607 W System.err: 	at ru.iteco.fmhandroid.utils.Utils.makeRequest(Utils.kt:123)
12-08 06:37:27.493 13607 13607 W System.err: 	at ru.iteco.fmhandroid.utils.Utils$makeRequest$1.invokeSuspend(Unknown Source:15)
12-08 06:37:27.493 13607 13607 W System.err: 	at kotlin.coroutines.jvm.internal.BaseContinuationImpl.resumeWith(ContinuationImpl.kt:33)
12-08 06:37:27.493 13607 13607 W System.err: 	at kotlinx.coroutines.DispatchedTaskKt.resume(DispatchedTask.kt:234)
12-08 06:37:27.493 13607 13607 W System.err: 	at kotlinx.coroutines.DispatchedTaskKt.resumeUnconfined(DispatchedTask.kt:190)
12-08 06:37:27.493 13607 13607 W System.err: 	at kotlinx.coroutines.DispatchedTaskKt.dispatch(DispatchedTask.kt:161)
12-08 06:37:27.493 13607 13607 W System.err: 	at kotlinx.coroutines.CancellableContinuationImpl.dispatchResume(CancellableContinuationImpl.kt:397)
12-08 06:37:27.499  2962  2962 W ThreadPoolDumper: Queue length for executor EventBus is now 11. Perhaps some tasks are too long, or the pool is too small.
12-08 06:37:27.507 13607 13607 W System.err: 	at kotlinx.coroutines.CancellableContinuationImpl.cancel(CancellableContinuationImpl.kt:183)
12-08 06:37:27.507 13607 13607 W System.err: 	at kotlinx.coroutines.CancellableContinuationImpl.parentCancelled$kotlinx_coroutines_core(CancellableContinuationImpl.kt:190)
12-08 06:37:27.507 13607 13607 W System.err: 	at kotlinx.coroutines.ChildContinuation.invoke(JobSupport.kt:1474)
12-08 06:37:27.507 13607 13607 W System.err: 	at kotlinx.coroutines.JobSupport.notifyCancelling(JobSupport.kt:1499)
12-08 06:37:27.507 13607 13607 W System.err: 	at kotlinx.coroutines.JobSupport.tryMakeCancelling(JobSupport.kt:795)
12-08 06:37:27.507 13607 13607 W System.err: 	at kotlinx.coroutines.JobSupport.makeCancelling(JobSupport.kt:755)
12-08 06:37:27.507 13607 13607 W System.err: 	at kotlinx.coroutines.JobSupport.cancelImpl$kotlinx_coroutines_core(JobSupport.kt:671)
12-08 06:37:27.507 13607 13607 W System.err: 	at kotlinx.coroutines.JobSupport.parentCancelled(JobSupport.kt:637)
12-08 06:37:27.507 13607 13607 W System.err: 	at kotlinx.coroutines.ChildHandleNode.invoke(JobSupport.kt:1465)
12-08 06:37:27.507 13607 13607 W System.err: 	at kotlinx.coroutines.JobSupport.notifyCancelling(JobSupport.kt:1499)
12-08 06:37:27.507 13607 13607 W System.err: 	at kotlinx.coroutines.JobSupport.tryMakeCompletingSlowPath(JobSupport.kt:900)
12-08 06:37:27.507 13607 13607 W System.err: 	at kotlinx.coroutines.JobSupport.tryMakeCompleting(JobSupport.kt:863)
12-08 06:37:27.507 13607 13607 W System.err: 	at kotlinx.coroutines.JobSupport.cancelMakeCompleting(JobSupport.kt:696)
12-08 06:37:27.507 13607 13607 W System.err: 	at kotlinx.coroutines.JobSupport.cancelImpl$kotlinx_coroutines_core(JobSupport.kt:667)
12-08 06:37:27.508 13607 13607 W System.err: 	at kotlinx.coroutines.JobSupport.cancelInternal(JobSupport.kt:632)
12-08 06:37:27.508 13607 13607 W System.err: 	at kotlinx.coroutines.JobSupport.cancel(JobSupport.kt:617)
12-08 06:37:27.508 13607 13607 W System.err: 	at kotlinx.coroutines.JobKt__JobKt.cancel(Job.kt:561)
12-08 06:37:27.508 13607 13607 W System.err: 	at kotlinx.coroutines.JobKt.cancel(Unknown Source:1)
12-08 06:37:27.508 13607 13607 W System.err: 	at kotlinx.coroutines.JobKt__JobKt.cancel$default(Job.kt:560)
12-08 06:37:27.508 13607 13607 W System.err: 	at kotlinx.coroutines.JobKt.cancel$default(Unknown Source:1)
12-08 06:37:27.508 13607 13607 W System.err: 	at androidx.lifecycle.CloseableCoroutineScope.close(ViewModel.kt:51)
12-08 06:37:27.508 13607 13607 W System.err: 	at androidx.lifecycle.ViewModel.closeWithRuntimeException(ViewModel.java:188)
12-08 06:37:27.508 13607 13607 W System.err: 	at androidx.lifecycle.ViewModel.clear(ViewModel.java:134)
12-08 06:37:27.508 13607 13607 W System.err: 	at androidx.lifecycle.ViewModelStore.clear(ViewModelStore.java:62)
12-08 06:37:27.508 13607 13607 W System.err: 	at androidx.fragment.app.FragmentManagerViewModel.clearNonConfigStateInternal(FragmentManagerViewModel.java:210)
12-08 06:37:27.508 13607 13607 W System.err: 	at androidx.fragment.app.FragmentManagerViewModel.clearNonConfigState(FragmentManagerViewModel.java:190)
12-08 06:37:27.508 13607 13607 W System.err: 	at androidx.fragment.app.FragmentStateManager.destroy(FragmentStateManager.java:778)
12-08 06:37:27.508 13607 13607 W System.err: 	at androidx.fragment.app.FragmentStateManager.moveToExpectedState(FragmentStateManager.java:335)
12-08 06:37:27.508 13607 13607 W System.err: 	at androidx.fragment.app.FragmentStore.moveToExpectedState(FragmentStore.java:121)
12-08 06:37:27.508 13607 13607 W System.err: 	at androidx.fragment.app.FragmentManager.moveToState(FragmentManager.java:1374)
12-08 06:37:27.508 13607 13607 W System.err: 	at androidx.fragment.app.FragmentManager.dispatchStateChange(FragmentManager.java:2841)
12-08 06:37:27.508 13607 13607 W System.err: 	at androidx.fragment.app.FragmentManager.dispatchDestroy(FragmentManager.java:2820)
12-08 06:37:27.514 13607 13607 W System.err: 	at androidx.fragment.app.Fragment.performDestroy(Fragment.java:3246)
12-08 06:37:27.514 13607 13607 W System.err: 	at androidx.fragment.app.FragmentStateManager.destroy(FragmentStateManager.java:780)
12-08 06:37:27.514 13607 13607 W System.err: 	at androidx.fragment.app.FragmentStateManager.moveToExpectedState(FragmentStateManager.java:335)
12-08 06:37:27.514 13607 13607 W System.err: 	at androidx.fragment.app.SpecialEffectsController$FragmentStateManagerOperation.complete(SpecialEffectsController.java:771)
12-08 06:37:27.514 13607 13607 W System.err: 	at androidx.fragment.app.SpecialEffectsController$Operation.cancel(SpecialEffectsController.java:615)
12-08 06:37:27.514 13607 13607 W System.err: 	at androidx.fragment.app.SpecialEffectsController.forceCompleteAllOperations(SpecialEffectsController.java:350)
12-08 06:37:27.514 13607 13607 W System.err: 	at androidx.fragment.app.FragmentManager.dispatchStateChange(FragmentManager.java:2844)
12-08 06:37:27.514 13607 13607 W System.err: 	at androidx.fragment.app.FragmentManager.dispatchDestroy(FragmentManager.java:2820)
12-08 06:37:27.514 13607 13607 W System.err: 	at androidx.fragment.app.FragmentController.dispatchDestroy(FragmentController.java:345)
12-08 06:37:27.514 13607 13607 W System.err: 	at androidx.fragment.app.FragmentActivity.onDestroy(FragmentActivity.java:306)
12-08 06:37:27.514 13607 13607 W System.err: 	at androidx.appcompat.app.AppCompatActivity.onDestroy(AppCompatActivity.java:278)
12-08 06:37:27.514 13607 13607 W System.err: 	at android.app.Activity.performDestroy(Activity.java:8048)
12-08 06:37:27.514 13607 13607 W System.err: 	at android.app.Instrumentation.callActivityOnDestroy(Instrumentation.java:1334)
12-08 06:37:27.514 13607 13607 W System.err: 	at androidx.test.runner.MonitoringInstrumentation.callActivityOnDestroy(MonitoringInstrumentation.java:766)
12-08 06:37:27.514 13607 13607 W System.err: 	at android.app.ActivityThread.performDestroyActivity(ActivityThread.java:4926)
12-08 06:37:27.514 13607 13607 W System.err: 	at android.app.ActivityThread.handleDestroyActivity(ActivityThread.java:4970)
12-08 06:37:27.515 13607 13607 W System.err: 	at android.app.servertransaction.DestroyActivityItem.execute(DestroyActivityItem.java:44)
12-08 06:37:27.515 13607 13607 W System.err: 	at android.app.servertransaction.TransactionExecutor.executeLifecycleState(TransactionExecutor.java:176)
12-08 06:37:27.515 13607 13607 W System.err: 	at android.app.servertransaction.TransactionExecutor.execute(TransactionExecutor.java:97)
12-08 06:37:27.515 13607 13607 W System.err: 	at android.app.ActivityThread$H.handleMessage(ActivityThread.java:2016)
12-08 06:37:27.515 13607 13607 W System.err: 	at android.os.Handler.dispatchMessage(Handler.java:107)
12-08 06:37:27.515 13607 13607 W System.err: 	at android.os.Looper.loop(Looper.java:214)
12-08 06:37:27.515 13607 13607 W System.err: 	at android.app.ActivityThread.main(ActivityThread.java:7356)
12-08 06:37:27.515 13607 13607 W System.err: 	at java.lang.reflect.Method.invoke(Native Method)
12-08 06:37:27.515 13607 13607 W System.err: 	at com.android.internal.os.RuntimeInit$MethodAndArgsCaller.run(RuntimeInit.java:492)
12-08 06:37:27.515 13607 13607 W System.err: 	at com.android.internal.os.ZygoteInit.main(ZygoteInit.java:930)
12-08 06:37:27.532 13607 13607 D LifecycleMonitor: Lifecycle status change: ru.iteco.fmhandroid.ui.AppActivity@8533685 in: DESTROYED
12-08 06:37:27.533  2018  2054 W InputReader: Device has associated, but no associated display id.
12-08 06:37:27.534  2018  2054 I chatty  : uid=1000(system) android.anim identical 8 lines
12-08 06:37:27.534  2018  2054 W InputReader: Device has associated, but no associated display id.
12-08 06:37:27.532 13607 13607 V ActivityScenario: Update currentActivityStage to DESTROYED, currentActivity=null
12-08 06:37:27.541  1776  1776 D gralloc_ranchu: gralloc_alloc: Creating ashmem region of size 6471680
12-08 06:37:27.543  2170  2566 D EGL_emulation: eglMakeCurrent: 0xe594e040: ver 2 0 (tinfo 0xc52450c0)
12-08 06:37:27.553  2656 14200 E SQLiteDatabase: Error inserting flex_time=3250000 job_id=-1 period=6501000 source=16 requires_charging=0 preferred_network_type=1 target_class=com.google.android.gms.measurement.PackageMeasurementTaskService user_id=0 target_package=com.google.android.gms tag=Measurement.PackageMeasurementTaskService.UPLOAD_TASK_TAG task_type=0 required_idleness_state=0 service_kind=0 source_version=202414000 persistence_level=1 preferred_charging_state=1 required_network_type=0 runtime=1670499447389 retry_strategy={"maximum_backoff_seconds":{"3600":0},"initial_backoff_seconds":{"30":0},"retry_policy":{"0":0}} last_runtime=0
12-08 06:37:27.553  2656 14200 E SQLiteDatabase: android.database.sqlite.SQLiteConstraintException: UNIQUE constraint failed: pending_ops.tag, pending_ops.target_class, pending_ops.target_package, pending_ops.user_id (code 2067 SQLITE_CONSTRAINT_UNIQUE)
12-08 06:37:27.553  2656 14200 E SQLiteDatabase: 	at android.database.sqlite.SQLiteConnection.nativeExecuteForLastInsertedRowId(Native Method)
12-08 06:37:27.553  2656 14200 E SQLiteDatabase: 	at android.database.sqlite.SQLiteConnection.executeForLastInsertedRowId(SQLiteConnection.java:879)
12-08 06:37:27.553  2656 14200 E SQLiteDatabase: 	at android.database.sqlite.SQLiteSession.executeForLastInsertedRowId(SQLiteSession.java:790)
12-08 06:37:27.553  2656 14200 E SQLiteDatabase: 	at android.database.sqlite.SQLiteStatement.executeInsert(SQLiteStatement.java:88)
12-08 06:37:27.553  2656 14200 E SQLiteDatabase: 	at android.database.sqlite.SQLiteDatabase.insertWithOnConflict(SQLiteDatabase.java:1599)
12-08 06:37:27.553  2656 14200 E SQLiteDatabase: 	at android.database.sqlite.SQLiteDatabase.insert(SQLiteDatabase.java:1468)
12-08 06:37:27.553  2656 14200 E SQLiteDatabase: 	at aqui.a(:com.google.android.gms@202414022@20.24.14 (040700-319035315):175)
12-08 06:37:27.553  2656 14200 E SQLiteDatabase: 	at aqtk.a(:com.google.android.gms@202414022@20.24.14 (040700-319035315):182)
12-08 06:37:27.553  2656 14200 E SQLiteDatabase: 	at aqtk.a(:com.google.android.gms@202414022@20.24.14 (040700-319035315):23)
12-08 06:37:27.553  2656 14200 E SQLiteDatabase: 	at aqtk.a(:com.google.android.gms@202414022@20.24.14 (040700-319035315):177)
12-08 06:37:27.553  2656 14200 E SQLiteDatabase: 	at aqpu.run(:com.google.android.gms@202414022@20.24.14 (040700-319035315):9)
12-08 06:37:27.553  2656 14200 E SQLiteDatabase: 	at soy.b(:com.google.android.gms@202414022@20.24.14 (040700-319035315):12)
12-08 06:37:27.553  2656 14200 E SQLiteDatabase: 	at soy.run(:com.google.android.gms@202414022@20.24.14 (040700-319035315):7)
12-08 06:37:27.553  2656 14200 E SQLiteDatabase: 	at java.util.concurrent.ThreadPoolExecutor.runWorker(ThreadPoolExecutor.java:1167)
12-08 06:37:27.553  2656 14200 E SQLiteDatabase: 	at java.util.concurrent.ThreadPoolExecutor$Worker.run(ThreadPoolExecutor.java:641)
12-08 06:37:27.553  2656 14200 E SQLiteDatabase: 	at sux.run(:com.google.android.gms@202414022@20.24.14 (040700-319035315):0)
12-08 06:37:27.553  2656 14200 E SQLiteDatabase: 	at java.lang.Thread.run(Thread.java:919)
12-08 06:37:27.574  2962  3348 W SessionLifecycleManager: Handover failed. Creating new session controller.
12-08 06:37:27.585  2018  2018 W ActivityManager: Unable to start service Intent { act=android.service.appprediction.AppPredictionService cmp=com.google.android.as/com.google.android.apps.miphone.aiai.app.AiAiPredictionService } U=0: not found
12-08 06:37:27.585  2018  2018 W RemoteAppPredictionService: could not bind to Intent { act=android.service.appprediction.AppPredictionService cmp=com.google.android.as/com.google.android.apps.miphone.aiai.app.AiAiPredictionService } using flags 67108865
12-08 06:37:27.602 13665 13696 D EGL_emulation: eglMakeCurrent: 0xe593ea40: ver 2 0 (tinfo 0xf0c89d20)
12-08 06:37:27.608  1793  1793 E Layer   : [Surface(name=AppWindowToken{3372623 token=Token{a86d352 ActivityRecord{9e74bdd u0 ru.iteco.fmhandroid.test/androidx.test.core.app.InstrumentationActivityInvoker$EmptyActivity t363}}})/@0x48e1e7b - animation-leash#0] No local sync point found
12-08 06:37:27.608  1793  1793 E Layer   : [Surface(name=AppWindowToken{8dcd2e token=Token{a00d3a9 ActivityRecord{4384b30 u0 com.google.android.apps.nexuslauncher/.NexusLauncherActivity t105}}})/@0x3848044 - animation-leash#0] No local sync point found
12-08 06:37:27.627  2018  7392 D HostConnection: HostConnection::get() New Host Connection established 0xb22b1870, tid 7392
12-08 06:37:27.629  2018  7392 D HostConnection: HostComposition ext ANDROID_EMU_CHECKSUM_HELPER_v1 ANDROID_EMU_dma_v1 ANDROID_EMU_direct_mem ANDROID_EMU_host_composition_v1 ANDROID_EMU_host_composition_v2 ANDROID_EMU_vulkan ANDROID_EMU_deferred_vulkan_commands ANDROID_EMU_vulkan_null_optional_strings ANDROID_EMU_vulkan_create_resources_with_requirements ANDROID_EMU_YUV_Cache ANDROID_EMU_vulkan_ignored_handles ANDROID_EMU_vulkan_free_memory_sync ANDROID_EMU_vulkan_shader_float16_int8 ANDROID_EMU_vulkan_async_queue_submit ANDROID_EMU_sync_buffer_data GL_OES_vertex_array_object GL_KHR_texture_compression_astc_ldr ANDROID_EMU_host_side_tracing ANDROID_EMU_gles_max_version_2 
12-08 06:37:27.633  2018  7392 W OpenGLRenderer: Failed to choose config with EGL_SWAP_BEHAVIOR_PRESERVED, retrying without...
12-08 06:37:27.713  2018  7392 D EGL_emulation: eglCreateContext: 0xb2357760: maj 2 min 0 rcv 2
12-08 06:37:27.731  2018  7392 D EGL_emulation: eglMakeCurrent: 0xb2357760: ver 2 0 (tinfo 0xc0d1c860)
12-08 06:37:27.772  2962 13767 W LocationOracle: No location history returned by ContextManager
12-08 06:37:27.847  2962  3348 I MicroDetectionWorker: #startMicroDetector [speakerMode: 0]
12-08 06:37:27.848  2962  3348 W ErrorReporter: reportError [type: 211, code: 393244, bug: 0]: errorCode: 393244, engine: 0
12-08 06:37:27.850  2962  3348 I MicroDetector: Keeping mic open: false
12-08 06:37:27.850  2962  3348 I MicroDetectionWorker: #onError(false)
12-08 06:37:27.870  2656  3542 W GCoreFlp: No location to return for getLastLocation()
12-08 06:37:27.902 13607 13651 E TestRunner: failed: shouldCreateAClaimWithATitleWith51Characters(ru.iteco.fmhandroid.ui.ClaimsCreationFormTest)
12-08 06:37:27.902 13607 13651 E TestRunner: ----- begin exception -----
12-08 06:37:27.905 13607 13651 E TestRunner: androidx.test.espresso.PerformException: Error performing 'scroll RecyclerView to: holder with view: (view is an instance of android.view.ViewGroup and has descendant matching an instance of android.widget.TextView and view.getText() with or without transformation to match: is "Заголовок 1b380eb7-a57b-4f74-a8f0-3a01bd9ccaf0 51з")' on view 'view.getId() is <2131230916/ru.iteco.fmhandroid:id/claim_list_recycler_view>'.
12-08 06:37:27.905 13607 13651 E TestRunner: 	at androidx.test.espresso.PerformException$Builder.build(PerformException.java:1)
12-08 06:37:27.905 13607 13651 E TestRunner: 	at androidx.test.espresso.base.PerformExceptionHandler.handleSafely(PerformExceptionHandler.java:8)
12-08 06:37:27.905 13607 13651 E TestRunner: 	at androidx.test.espresso.base.PerformExceptionHandler.handleSafely(PerformExceptionHandler.java:9)
12-08 06:37:27.905 13607 13651 E TestRunner: 	at androidx.test.espresso.base.DefaultFailureHandler$TypedFailureHandler.handle(DefaultFailureHandler.java:4)
12-08 06:37:27.905 13607 13651 E TestRunner: 	at androidx.test.espresso.base.DefaultFailureHandler.handle(DefaultFailureHandler.java:5)
12-08 06:37:27.905 13607 13651 E TestRunner: 	at androidx.test.espresso.ViewInteraction.waitForAndHandleInteractionResults(ViewInteraction.java:8)
12-08 06:37:27.905 13607 13651 E TestRunner: 	at androidx.test.espresso.ViewInteraction.desugaredPerform(ViewInteraction.java:11)
12-08 06:37:27.905 13607 13651 E TestRunner: 	at androidx.test.espresso.ViewInteraction.perform(ViewInteraction.java:8)
12-08 06:37:27.905 13607 13651 E TestRunner: 	at ru.iteco.fmhandroid.ui.steps.ClaimsPageSteps.scrollToElementInRecyclerList(ClaimsPageSteps.java:127)
12-08 06:37:27.905 13607 13651 E TestRunner: 	at ru.iteco.fmhandroid.ui.ClaimsCreationFormTest.shouldCreateAClaimWithATitleWith51Characters(ClaimsCreationFormTest.java:281)
12-08 06:37:27.905 13607 13651 E TestRunner: 	at java.lang.reflect.Method.invoke(Native Method)
12-08 06:37:27.905 13607 13651 E TestRunner: 	at org.junit.runners.model.FrameworkMethod$1.runReflectiveCall(FrameworkMethod.java:59)
12-08 06:37:27.905 13607 13651 E TestRunner: 	at org.junit.internal.runners.model.ReflectiveCallable.run(ReflectiveCallable.java:12)
12-08 06:37:27.905 13607 13651 E TestRunner: 	at org.junit.runners.model.FrameworkMethod.invokeExplosively(FrameworkMethod.java:56)
12-08 06:37:27.905 13607 13651 E TestRunner: 	at org.junit.internal.runners.statements.InvokeMethod.evaluate(InvokeMethod.java:17)
12-08 06:37:27.905 13607 13651 E TestRunner: 	at androidx.test.internal.runner.junit4.statement.RunBefores.evaluate(RunBefores.java:80)
12-08 06:37:27.905 13607 13651 E TestRunner: 	at androidx.test.internal.runner.junit4.statement.RunAfters.evaluate(RunAfters.java:61)
12-08 06:37:27.905 13607 13651 E TestRunner: 	at io.qameta.allure.android.rules.ScreenshotRule$apply$1.evaluate(ScreenshotRule.kt:22)
12-08 06:37:27.905 13607 13651 E TestRunner: 	at org.junit.rules.ExternalResource$1.evaluate(ExternalResource.java:54)
12-08 06:37:27.905 13607 13651 E TestRunner: 	at io.qameta.allure.android.rules.LogcatRule$apply$1.evaluate(LogcatRule.kt:23)
12-08 06:37:27.905 13607 13651 E TestRunner: 	at org.junit.rules.RunRules.evaluate(RunRules.java:20)
12-08 06:37:27.905 13607 13651 E TestRunner: 	at org.junit.runners.ParentRunner$3.evaluate(ParentRunner.java:306)
12-08 06:37:27.905 13607 13651 E TestRunner: 	at org.junit.runners.BlockJUnit4ClassRunner$1.evaluate(BlockJUnit4ClassRunner.java:100)
12-08 06:37:27.905 13607 13651 E TestRunner: 	at org.junit.runners.ParentRunner.runLeaf(ParentRunner.java:366)
12-08 06:37:27.905 13607 13651 E TestRunner: 	at org.junit.runners.BlockJUnit4ClassRunner.runChild(BlockJUnit4ClassRunner.java:103)
12-08 06:37:27.905 13607 13651 E TestRunner: 	at org.junit.runners.BlockJUnit4ClassRunner.runChild(BlockJUnit4ClassRunner.java:63)
12-08 06:37:27.905 13607 13651 E TestRunner: 	at org.junit.runners.ParentRunner$4.run(ParentRunner.java:331)
12-08 06:37:27.905 13607 13651 E TestRunner: 	at org.junit.runners.ParentRunner$1.schedule(ParentRunner.java:79)
12-08 06:37:27.905 13607 13651 E TestRunner: 	at org.junit.runners.ParentRunner.runChildren(ParentRunner.java:329)
12-08 06:37:27.905 13607 13651 E TestRunner: 	at org.junit.runners.ParentRunner.access$100(ParentRunner.java:66)
12-08 06:37:27.905 13607 13651 E TestRunner: 	at org.junit.runners.ParentRunner$2.evaluate(ParentRunner.java:293)
12-08 06:37:27.905 13607 13651 E TestRunner: 	at org.junit.runners.ParentRunner$3.evaluate(ParentRunner.java:306)
12-08 06:37:27.905 13607 13651 E TestRunner: 	at org.junit.runners.ParentRunner.run(ParentRunner.java:413)
12-08 06:37:27.905 13607 13651 E TestRunner: 	at androidx.test.ext.junit.runners.AndroidJUnit4.run(AndroidJUnit4.java:162)
12-08 06:37:27.905 13607 13651 E TestRunner: 	at io.qameta.allure.android.runners.AllureAndroidJUnit4.run(AllureAndroidJUnitRunners.kt:29)
12-08 06:37:27.905 13607 13651 E TestRunner: 	at org.junit.runners.Suite.runChild(Suite.java:128)
12-08 06:37:27.905 13607 13651 E TestRunner: 	at org.junit.runners.Suite.runChild(Suite.java:27)
12-08 06:37:27.905 13607 13651 E TestRunner: 	at org.junit.runners.ParentRunner$4.run(ParentRunner.java:331)
12-08 06:37:27.905 13607 13651 E TestRunner: 	at org.junit.runners.ParentRunner$1.schedule(ParentRunner.java:79)
12-08 06:37:27.905 13607 13651 E TestRunner: 	at org.junit.runners.ParentRunner.runChildren(ParentRunner.java:329)
12-08 06:37:27.905 13607 13651 E TestRunner: 	at org.junit.runners.ParentRunner.access$100(ParentRunner.java:66)
12-08 06:37:27.905 13607 13651 E TestRunner: 	at org.junit.runners.ParentRunner$2.evaluate(ParentRunner.java:293)
12-08 06:37:27.905 13607 13651 E TestRunner: 	at org.junit.runners.ParentRunner$3.evaluate(ParentRunner.java:306)
12-08 06:37:27.905 13607 13651 E TestRunner: 	at org.junit.runners.ParentRunner.run(ParentRunner.java:413)
12-08 06:37:27.905 13607 13651 E TestRunner: 	at org.junit.runner.JUnitCore.run(JUnitCore.java:137)
12-08 06:37:27.905 13607 13651 E TestRunner: 	at org.junit.runner.JUnitCore.run(JUnitCore.java:115)
12-08 06:37:27.905 13607 13651 E TestRunner: 	at androidx.test.internal.runner.Tes
12-08 06:37:27.906 13607 13651 E TestRunner: ----- end exception -----
12-08 06:37:27.910 13607 13651 I TestRunner: finished: shouldCreateAClaimWithATitleWith51Characters(ru.iteco.fmhandroid.ui.ClaimsCreationFormTest)
12-08 06:37:27.941 13607 13651 I TestRunner: started: shouldNotDisplayNonAlphabeticAndNonNumericCharactersInTheFieldTitle(ru.iteco.fmhandroid.ui.ClaimsCreationFormTest)
12-08 06:37:27.968  2656 14159 W ctxmgr  : [AclManager] No 3 for (accnt=account#-517948760#, com.google.android.gms(10112):UserVelocityProducer, vrsn=202414022, 0, 3pPkg = null ,  3pMdlId = null ,  pid = 2656). Was: 3 for 1, account#-517948760# [CONTEXT service_id=47 ]
12-08 06:37:27.983  2018  2031 I system_server: NativeAlloc concurrent copying GC freed 43428(1869KB) AllocSpace objects, 3(124KB) LOS objects, 26% free, 16MB/22MB, paused 1.394ms total 150.385ms
12-08 06:37:28.028 13607 13651 W Settings: Setting always_finish_activities has moved from android.provider.Settings.System to android.provider.Settings.Global, returning read-only value.
12-08 06:37:28.038  2018  3031 I ActivityTaskManager: START u0 {act=android.intent.action.MAIN cat=[android.intent.category.LAUNCHER] flg=0x10008000 cmp=ru.iteco.fmhandroid.test/androidx.test.core.app.InstrumentationActivityInvoker$BootstrapActivity (has extras)} from uid 10146
12-08 06:37:28.059  2018  5837 W InputReader: Device has associated, but no associated display id.
12-08 06:37:28.066  2018  5837 I chatty  : uid=1000(system) Binder:2018_16 identical 38 lines
12-08 06:37:28.066  2018  5837 W InputReader: Device has associated, but no associated display id.
12-08 06:37:28.078 13665 13665 W ActivityThread: handleWindowVisibility: no activity for token android.os.BinderProxy@e2c5eb8
12-08 06:37:28.103  2018  3031 I ActivityTaskManager: START u0 {act=android.intent.action.MAIN cat=[android.intent.category.LAUNCHER] cmp=ru.iteco.fmhandroid/.ui.AppActivity} from uid 10146
12-08 06:37:28.105  2656 14200 I LogUtils: [Places]: ?: Couldn't find platform key file. [CONTEXT service_id=253 ]
12-08 06:37:28.115  2018  4653 W InputReader: Device has associated, but no associated display id.
12-08 06:37:28.120  2018  4653 I chatty  : uid=1000(system) Binder:2018_12 identical 48 lines
12-08 06:37:28.120  2018  4653 W InputReader: Device has associated, but no associated display id.
12-08 06:37:28.121 13607 13607 W ActivityThread: handleWindowVisibility: no activity for token android.os.BinderProxy@d1becc4
12-08 06:37:28.153  2656  3542 W GCoreFlp: No location to return for getLastLocation()
