12-08 06:37:28.197  3300  3342 I e.process.gapp: Background young concurrent copying GC freed 23713(1053KB) AllocSpace objects, 0(0B) LOS objects, 37% free, 1884KB/3001KB, paused 5.177ms total 241.212ms
12-08 06:37:28.220  2656  2656 I GeofencerStateMachine: removeGeofences: removeRequest=RemoveGeofencingRequest[REMOVE_BY_PENDING_INTENT pendingIntent=PendingIntent[creatorPackage=com.google.android.gms], packageName=com.google.android.gms]
12-08 06:37:28.237  2656  2656 I GeofencerStateMachine: removeGeofences: removeRequest=RemoveGeofencingRequest[REMOVE_BY_PENDING_INTENT pendingIntent=PendingIntent[creatorPackage=com.google.android.gms], packageName=com.google.android.gms]
12-08 06:37:28.245  2656 14227 I PlacesLogger: [PlaceInferenceEngine]: [anon] Changed inference mode: 0 [CONTEXT service_id=253 ]
12-08 06:37:28.247  2656 14230 I LogUtils: [Places]: ?: Couldn't find platform key file. [CONTEXT service_id=253 ]
12-08 06:37:28.249  2656 14137 I LogUtils: [Places]: ?: Couldn't find platform key file. [CONTEXT service_id=253 ]
12-08 06:37:28.262  2656  3542 W GCoreFlp: No location to return for getLastLocation()
12-08 06:37:28.314  2656 14159 I ctxmgr  : [ProducerStatusImpl] updateStateForNewContextData: inactive, contextName=7 [CONTEXT service_id=47 ]
12-08 06:37:28.339  2656 14137 I LogUtils: [Places]: ?: Couldn't find platform key file. [CONTEXT service_id=253 ]
12-08 06:37:28.351 13607 13607 D LifecycleMonitor: Lifecycle status change: ru.iteco.fmhandroid.ui.AppActivity@44d1130 in: PRE_ON_CREATE
12-08 06:37:28.351  2656 14231 I LogUtils: [Places]: ?: Couldn't find platform key file. [CONTEXT service_id=253 ]
12-08 06:37:28.351 13607 13607 V ActivityScenario: Activity lifecycle changed event received but ignored because the reported transition was not ON_CREATE while the last known transition was PRE_ON_CREATE
12-08 06:37:28.359 13607 13639 V FA      : onActivityCreated
12-08 06:37:28.365  2656  3542 W GCoreFlp: No location to return for getLastLocation()
12-08 06:37:28.378  2656 14231 I LogUtils: [Places]: ?: Couldn't find platform key file. [CONTEXT service_id=253 ]
12-08 06:37:28.383 13607 13607 D LifecycleMonitor: Lifecycle status change: ru.iteco.fmhandroid.ui.AppActivity@44d1130 in: CREATED
12-08 06:37:28.383 13607 13607 V ActivityScenario: Update currentActivityStage to CREATED, currentActivity=ru.iteco.fmhandroid.ui.AppActivity@44d1130
12-08 06:37:28.388  1776  1776 D gralloc_ranchu: gralloc_alloc: Creating ashmem region of size 10108928
12-08 06:37:28.424  2656 14227 I LogUtils: [Places]: ?: PlacesBleScanner start() with priority 2 [CONTEXT service_id=253 ]
12-08 06:37:28.425  2656 14227 I PlacesLogger: [PlaceInferenceEngine]: [anon] Changed inference mode: 1 [CONTEXT service_id=253 ]
12-08 06:37:28.432 13607 13607 D LifecycleMonitor: Lifecycle status change: ru.iteco.fmhandroid.ui.AppActivity@44d1130 in: STARTED
12-08 06:37:28.432 13607 13607 V ActivityScenario: Update currentActivityStage to STARTED, currentActivity=ru.iteco.fmhandroid.ui.AppActivity@44d1130
12-08 06:37:28.434 13607 13607 D LifecycleMonitor: Lifecycle status change: ru.iteco.fmhandroid.ui.AppActivity@44d1130 in: RESUMED
12-08 06:37:28.437 13607 13607 V ActivityScenario: Update currentActivityStage to RESUMED, currentActivity=ru.iteco.fmhandroid.ui.AppActivity@44d1130
12-08 06:37:28.437 13607 13644 V FA      : Activity resumed, time: 62224180
12-08 06:37:28.464  2656  2656 E BeaconBle: Missing BluetoothAdapter [CONTEXT service_id=111 ]
12-08 06:37:28.464  2656  2656 I BeaconBle: BLE 'KK+' software access layer enabled [CONTEXT service_id=111 ]
12-08 06:37:28.465  1776  1776 D gralloc_ranchu: gralloc_alloc: Creating ashmem region of size 10108928
12-08 06:37:28.498  1776  1776 I chatty  : uid=1000(system) allocator@2.0-s identical 2 lines
12-08 06:37:28.500  1776  1776 D gralloc_ranchu: gralloc_alloc: Creating ashmem region of size 10108928
12-08 06:37:28.506 13607 13699 D EGL_emulation: eglMakeCurrent: 0xe593e8c0: ver 2 0 (tinfo 0xf0c99e70)
12-08 06:37:28.520  2656  3542 W GCoreFlp: No location to return for getLastLocation()
12-08 06:37:28.531  2656  2656 I BeaconBle: Client requested scan, settings=BleSettings [scanMode=ZERO_POWER, callbackType=ALL_MATCHES, reportDelayMillis=0, 1 filters, 0 clients, callingClientName=Places] [CONTEXT service_id=111 ]
12-08 06:37:28.532  2656  2656 I BeaconBle: Scan : No clients left, canceling alarm. [CONTEXT service_id=111 ]
12-08 06:37:28.534  2018  2054 W InputReader: Device has associated, but no associated display id.
12-08 06:37:28.534  2018  2054 I chatty  : uid=1000(system) android.anim identical 8 lines
12-08 06:37:28.534  2018  2054 W InputReader: Device has associated, but no associated display id.
12-08 06:37:28.534  2656  2656 E BeaconBle: Scan couldn't start for Places [CONTEXT service_id=111 ]
12-08 06:37:28.535  2656  2656 W Places  : BLE failure while scanning - code 5
12-08 06:37:28.554  2962  3510 D EGL_emulation: eglMakeCurrent: 0xe597e200: ver 2 0 (tinfo 0xbffb2540)
12-08 06:37:28.559 12448 12488 D EGL_emulation: eglMakeCurrent: 0xe594d140: ver 2 0 (tinfo 0xc539bd10)
12-08 06:37:28.581  1776  1776 D gralloc_ranchu: gralloc_alloc: Creating ashmem region of size 10108928
12-08 06:37:28.594  2170  2566 D EGL_emulation: eglMakeCurrent: 0xe594e040: ver 2 0 (tinfo 0xc52450c0)
12-08 06:37:28.618  2018  2058 I ActivityTaskManager: Displayed ru.iteco.fmhandroid/.ui.AppActivity: +548ms
12-08 06:37:28.629  2170  2566 D EGL_emulation: eglMakeCurrent: 0xe594e040: ver 2 0 (tinfo 0xc52450c0)
12-08 06:37:28.635  2656  2671 I .gms.persisten: Background concurrent copying GC freed 79240(3664KB) AllocSpace objects, 41(4720KB) LOS objects, 33% free, 11MB/17MB, paused 1.274ms total 634.180ms
12-08 06:37:28.671 13607 13607 I ViewInteraction: Performing 'wait for a specific view with <(an instance of android.widget.TextView and view.getText() with or without transformation to match: is "Authorization" and view.getParent() view.getParent() view.getId() is <2131231186>)> during 10000 millis.' action on view view.getRootView() to equal view
12-08 06:37:28.727  2873 13654 V FA-SVC  : Logging event: origin=auto,name=screen_view(_vs),params=Bundle[{ga_event_origin(_o)=auto, ga_previous_class(_pc)=AppActivity, ga_previous_id(_pi)=-527999674539728467, ga_screen_class(_sc)=AppActivity, ga_screen_id(_si)=-527999674539728466}]
12-08 06:37:28.734  2962 13703 I PBSessionCacheImpl: Deleted sessionId[635180285099] from persistence.
12-08 06:37:28.746  2170  2566 D EGL_emulation: eglMakeCurrent: 0xe594e040: ver 2 0 (tinfo 0xc52450c0)
12-08 06:37:28.754  2873 13654 V FA-SVC  : Upload scheduled in approximately ms: 3248875
12-08 06:37:28.754  2873 13654 V FA-SVC  : Unscheduling upload
12-08 06:37:28.766  2873 13654 V FA-SVC  : Scheduling upload, millis: 3248875
12-08 06:37:28.780  2873 13654 V FA-SVC  : Background event processing time, ms: 52
12-08 06:37:28.788  2962  3348 W SearchServiceCore: Abort, client detached.
12-08 06:37:28.868  2656 14159 E SQLiteDatabase: Error inserting flex_time=3248000 job_id=-1 period=6498000 source=16 requires_charging=0 preferred_network_type=1 target_class=com.google.android.gms.measurement.PackageMeasurementTaskService user_id=0 target_package=com.google.android.gms tag=Measurement.PackageMeasurementTaskService.UPLOAD_TASK_TAG task_type=0 required_idleness_state=0 service_kind=0 source_version=202414000 persistence_level=1 preferred_charging_state=1 required_network_type=0 runtime=1670499448816 retry_strategy={"maximum_backoff_seconds":{"3600":0},"initial_backoff_seconds":{"30":0},"retry_policy":{"0":0}} last_runtime=0
12-08 06:37:28.868  2656 14159 E SQLiteDatabase: android.database.sqlite.SQLiteConstraintException: UNIQUE constraint failed: pending_ops.tag, pending_ops.target_class, pending_ops.target_package, pending_ops.user_id (code 2067 SQLITE_CONSTRAINT_UNIQUE)
12-08 06:37:28.868  2656 14159 E SQLiteDatabase: 	at android.database.sqlite.SQLiteConnection.nativeExecuteForLastInsertedRowId(Native Method)
12-08 06:37:28.868  2656 14159 E SQLiteDatabase: 	at android.database.sqlite.SQLiteConnection.executeForLastInsertedRowId(SQLiteConnection.java:879)
12-08 06:37:28.868  2656 14159 E SQLiteDatabase: 	at android.database.sqlite.SQLiteSession.executeForLastInsertedRowId(SQLiteSession.java:790)
12-08 06:37:28.868  2656 14159 E SQLiteDatabase: 	at android.database.sqlite.SQLiteStatement.executeInsert(SQLiteStatement.java:88)
12-08 06:37:28.868  2656 14159 E SQLiteDatabase: 	at android.database.sqlite.SQLiteDatabase.insertWithOnConflict(SQLiteDatabase.java:1599)
12-08 06:37:28.868  2656 14159 E SQLiteDatabase: 	at android.database.sqlite.SQLiteDatabase.insert(SQLiteDatabase.java:1468)
12-08 06:37:28.868  2656 14159 E SQLiteDatabase: 	at aqui.a(:com.google.android.gms@202414022@20.24.14 (040700-319035315):175)
12-08 06:37:28.868  2656 14159 E SQLiteDatabase: 	at aqtk.a(:com.google.android.gms@202414022@20.24.14 (040700-319035315):182)
12-08 06:37:28.868  2656 14159 E SQLiteDatabase: 	at aqtk.a(:com.google.android.gms@202414022@20.24.14 (040700-319035315):23)
12-08 06:37:28.868  2656 14159 E SQLiteDatabase: 	at aqtk.a(:com.google.android.gms@202414022@20.24.14 (040700-319035315):177)
12-08 06:37:28.868  2656 14159 E SQLiteDatabase: 	at aqpu.run(:com.google.android.gms@202414022@20.24.14 (040700-319035315):9)
12-08 06:37:28.868  2656 14159 E SQLiteDatabase: 	at soy.b(:com.google.android.gms@202414022@20.24.14 (040700-319035315):12)
12-08 06:37:28.868  2656 14159 E SQLiteDatabase: 	at soy.run(:com.google.android.gms@202414022@20.24.14 (040700-319035315):7)
12-08 06:37:28.868  2656 14159 E SQLiteDatabase: 	at java.util.concurrent.ThreadPoolExecutor.runWorker(ThreadPoolExecutor.java:1167)
12-08 06:37:28.868  2656 14159 E SQLiteDatabase: 	at java.util.concurrent.ThreadPoolExecutor$Worker.run(ThreadPoolExecutor.java:641)
12-08 06:37:28.868  2656 14159 E SQLiteDatabase: 	at sux.run(:com.google.android.gms@202414022@20.24.14 (040700-319035315):0)
12-08 06:37:28.868  2656 14159 E SQLiteDatabase: 	at java.lang.Thread.run(Thread.java:919)
12-08 06:37:29.728  2018  4653 D WificondControl: Scan result ready event
12-08 06:37:31.433 13607 13717 I okhttp.OkHttpClient: --> GET http://www.981757-ca08998.tmweb.ru:8080/fmh/authentication/userInfo
12-08 06:37:31.433 13607 13717 I okhttp.OkHttpClient: --> END GET
12-08 06:37:31.620 13607 13717 I okhttp.OkHttpClient: <-- 200 http://www.981757-ca08998.tmweb.ru:8080/fmh/authentication/userInfo (186ms)
12-08 06:37:31.620 13607 13717 I okhttp.OkHttpClient: Vary: Origin
12-08 06:37:31.620 13607 13717 I okhttp.OkHttpClient: Vary: Access-Control-Request-Method
12-08 06:37:31.620 13607 13717 I okhttp.OkHttpClient: Vary: Access-Control-Request-Headers
12-08 06:37:31.621 13607 13717 I okhttp.OkHttpClient: X-Content-Type-Options: nosniff
12-08 06:37:31.621 13607 13717 I okhttp.OkHttpClient: X-XSS-Protection: 1; mode=block
12-08 06:37:31.621 13607 13717 I okhttp.OkHttpClient: Cache-Control: no-cache, no-store, max-age=0, must-revalidate
12-08 06:37:31.621 13607 13717 I okhttp.OkHttpClient: Pragma: no-cache
12-08 06:37:31.621 13607 13717 I okhttp.OkHttpClient: Expires: 0
12-08 06:37:31.621 13607 13717 I okhttp.OkHttpClient: X-Frame-Options: DENY
12-08 06:37:31.621 13607 13717 I okhttp.OkHttpClient: Content-Type: application/json
12-08 06:37:31.621 13607 13717 I okhttp.OkHttpClient: Transfer-Encoding: chunked
12-08 06:37:31.621 13607 13717 I okhttp.OkHttpClient: Date: Thu, 08 Dec 2022 11:37:34 GMT
12-08 06:37:31.621 13607 13717 I okhttp.OkHttpClient: Keep-Alive: timeout=60
12-08 06:37:31.621 13607 13717 I okhttp.OkHttpClient: Connection: keep-alive
12-08 06:37:31.622 13607 13717 I okhttp.OkHttpClient: {"id":2,"firstName":"Данил","lastName":"Иванов","middleName":"Данилович","admin":true}
12-08 06:37:31.622 13607 13717 I okhttp.OkHttpClient: <-- END HTTP (106-byte body)
12-08 06:37:31.632 13607 13744 I okhttp.OkHttpClient: --> GET http://www.981757-ca08998.tmweb.ru:8080/fmh/claims
12-08 06:37:31.632 13607 13744 I okhttp.OkHttpClient: --> END GET
12-08 06:37:31.962 13607 13620 I teco.fmhandroi: NativeAlloc concurrent copying GC freed 141095(8416KB) AllocSpace objects, 5(160KB) LOS objects, 35% free, 11MB/17MB, paused 602us total 128.887ms
12-08 06:37:33.747 13607 13644 V FA      : Inactivity, disconnecting from the service
12-08 06:37:33.879  2656 14200 I LogUtils: [Places]: ?: Couldn't find platform key file. [CONTEXT service_id=253 ]
12-08 06:37:33.888  2656 14137 I LogUtils: [Places]: ?: Couldn't find platform key file. [CONTEXT service_id=253 ]
12-08 06:37:33.902  2656 14227 I LogUtils: [Places]: ?: PlacesBleScanner stop() [CONTEXT service_id=253 ]
12-08 06:37:33.902  2656  2656 I BeaconBle: Scan : No clients left, canceling alarm. [CONTEXT service_id=111 ]
12-08 06:37:33.906  2656  2656 I BeaconBle: Scan canceled successfully. [CONTEXT service_id=111 ]
12-08 06:37:33.913  2656 14227 I PlacesLogger: [PlaceInferenceEngine]: [anon] Changed inference mode: 0 [CONTEXT service_id=253 ]
12-08 06:37:33.949  2656  3542 W GCoreFlp: No location to return for getLastLocation()
12-08 06:37:33.957  2656 14200 I LogUtils: [Places]: ?: Couldn't find platform key file. [CONTEXT service_id=253 ]
12-08 06:37:33.958  2656 14159 I LogUtils: [Places]: ?: Couldn't find platform key file. [CONTEXT service_id=253 ]
12-08 06:37:33.975 13607 13744 I okhttp.OkHttpClient: <-- 200 http://www.981757-ca08998.tmweb.ru:8080/fmh/claims (2342ms)
12-08 06:37:33.975 13607 13744 I okhttp.OkHttpClient: Vary: Origin
12-08 06:37:33.975 13607 13744 I okhttp.OkHttpClient: Vary: Access-Control-Request-Method
12-08 06:37:33.975 13607 13744 I okhttp.OkHttpClient: Vary: Access-Control-Request-Headers
12-08 06:37:33.975 13607 13744 I okhttp.OkHttpClient: X-Content-Type-Options: nosniff
12-08 06:37:33.975 13607 13744 I okhttp.OkHttpClient: X-XSS-Protection: 1; mode=block
12-08 06:37:33.975 13607 13744 I okhttp.OkHttpClient: Cache-Control: no-cache, no-store, max-age=0, must-revalidate
12-08 06:37:33.975 13607 13744 I okhttp.OkHttpClient: Pragma: no-cache
12-08 06:37:33.975 13607 13744 I okhttp.OkHttpClient: Expires: 0
12-08 06:37:33.975 13607 13744 I okhttp.OkHttpClient: X-Frame-Options: DENY
12-08 06:37:33.975 13607 13744 I okhttp.OkHttpClient: Content-Type: application/json
12-08 06:37:33.975 13607 13744 I okhttp.OkHttpClient: Transfer-Encoding: chunked
12-08 06:37:33.977 13607 13744 I okhttp.OkHttpClient: Date: Thu, 08 Dec 2022 11:37:36 GMT
12-08 06:37:33.978 13607 13744 I okhttp.OkHttpClient: Keep-Alive: timeout=60
12-08 06:37:33.979 13607 13744 I okhttp.OkHttpClient: Connection: keep-alive
12-08 06:37:34.026  2656  2656 I GeofencerStateMachine: removeGeofences: removeRequest=RemoveGeofencingRequest[REMOVE_BY_PENDING_INTENT pendingIntent=PendingIntent[creatorPackage=com.google.android.gms], packageName=com.google.android.gms]
12-08 06:37:35.778  1744 13974 W DnsTlsSocket: SSL_connect error 5, errno=110
12-08 06:37:38.218  1893  1893 E netmgr  : Failed to open QEMU pipe 'qemud:network': Invalid argument
12-08 06:37:38.711 13607 13607 D takeScreenshot: Found 1 global views to redraw
12-08 06:37:38.747  1776  1776 D gralloc_ranchu: gralloc_alloc: Creating ashmem region of size 10108928
12-08 06:37:38.778  2962  3348 I WorkerManager: dispose()
12-08 06:37:38.780  2962  3348 W ThreadPoolDumper: Queue length for executor EventBus is now 11. Perhaps some tasks are too long, or the pool is too small.
12-08 06:37:38.793 13607 13651 W DefaultFailureHandler: Failed to take screenshot
12-08 06:37:38.793 13607 13651 W DefaultFailureHandler: java.io.FileNotFoundException: view-op-error-16.png: open failed: EROFS (Read-only file system)
12-08 06:37:38.793 13607 13651 W DefaultFailureHandler: 	at libcore.io.IoBridge.open(IoBridge.java:496)
12-08 06:37:38.793 13607 13651 W DefaultFailureHandler: 	at java.io.FileOutputStream.<init>(FileOutputStream.java:235)
12-08 06:37:38.793 13607 13651 W DefaultFailureHandler: 	at java.io.FileOutputStream.<init>(FileOutputStream.java:125)
12-08 06:37:38.793 13607 13651 W DefaultFailureHandler: 	at androidx.test.platform.io.FileTestStorage.openOutputFile(FileTestStorage.java:60)
12-08 06:37:38.793 13607 13651 W DefaultFailureHandler: 	at androidx.test.core.graphics.BitmapStorage.writeToTestStorage(BitmapStorageExt.kt:49)
12-08 06:37:38.793 13607 13651 W DefaultFailureHandler: 	at androidx.test.espresso.base.DefaultFailureHandler.takeScreenshot(DefaultFailureHandler.java:4)
12-08 06:37:38.793 13607 13651 W DefaultFailureHandler: 	at androidx.test.espresso.base.DefaultFailureHandler.handle(DefaultFailureHandler.java:3)
12-08 06:37:38.793 13607 13651 W DefaultFailureHandler: 	at androidx.test.espresso.ViewInteraction.waitForAndHandleInteractionResults(ViewInteraction.java:8)
12-08 06:37:38.793 13607 13651 W DefaultFailureHandler: 	at androidx.test.espresso.ViewInteraction.desugaredPerform(ViewInteraction.java:11)
12-08 06:37:38.793 13607 13651 W DefaultFailureHandler: 	at androidx.test.espresso.ViewInteraction.perform(ViewInteraction.java:8)
12-08 06:37:38.793 13607 13651 W DefaultFailureHandler: 	at ru.iteco.fmhandroid.ui.data.TestUtils.waitView(TestUtils.java:61)
12-08 06:37:38.793 13607 13651 W DefaultFailureHandler: 	at ru.iteco.fmhandroid.ui.steps.AuthSteps.isAuthScreen(AuthSteps.java:56)
12-08 06:37:38.793 13607 13651 W DefaultFailureHandler: 	at ru.iteco.fmhandroid.ui.ClaimsCreationFormTest.logoutCheck(ClaimsCreationFormTest.java:59)
12-08 06:37:38.793 13607 13651 W DefaultFailureHandler: 	at java.lang.reflect.Method.invoke(Native Method)
12-08 06:37:38.793 13607 13651 W DefaultFailureHandler: 	at org.junit.runners.model.FrameworkMethod$1.runReflectiveCall(FrameworkMethod.java:59)
12-08 06:37:38.793 13607 13651 W DefaultFailureHandler: 	at org.junit.internal.runners.model.ReflectiveCallable.run(ReflectiveCallable.java:12)
12-08 06:37:38.793 13607 13651 W DefaultFailureHandler: 	at org.junit.runners.model.FrameworkMethod.invokeExplosively(FrameworkMethod.java:56)
12-08 06:37:38.793 13607 13651 W DefaultFailureHandler: 	at androidx.test.internal.runner.junit4.statement.RunBefores.evaluate(RunBefores.java:76)
12-08 06:37:38.793 13607 13651 W DefaultFailureHandler: 	at androidx.test.internal.runner.junit4.statement.RunAfters.evaluate(RunAfters.java:61)
12-08 06:37:38.793 13607 13651 W DefaultFailureHandler: 	at io.qameta.allure.android.rules.ScreenshotRule$apply$1.evaluate(ScreenshotRule.kt:22)
12-08 06:37:38.793 13607 13651 W DefaultFailureHandler: 	at org.junit.rules.ExternalResource$1.evaluate(ExternalResource.java:54)
12-08 06:37:38.793 13607 13651 W DefaultFailureHandler: 	at io.qameta.allure.android.rules.LogcatRule$apply$1.evaluate(LogcatRule.kt:23)
12-08 06:37:38.793 13607 13651 W DefaultFailureHandler: 	at org.junit.rules.RunRules.evaluate(RunRules.java:20)
12-08 06:37:38.793 13607 13651 W DefaultFailureHandler: 	at org.junit.runners.ParentRunner$3.evaluate(ParentRunner.java:306)
12-08 06:37:38.793 13607 13651 W DefaultFailureHandler: 	at org.junit.runners.BlockJUnit4ClassRunner$1.evaluate(BlockJUnit4ClassRunner.java:100)
12-08 06:37:38.793 13607 13651 W DefaultFailureHandler: 	at org.junit.runners.ParentRunner.runLeaf(ParentRunner.java:366)
12-08 06:37:38.793 13607 13651 W DefaultFailureHandler: 	at org.junit.runners.BlockJUnit4ClassRunner.runChild(BlockJUnit4ClassRunner.java:103)
12-08 06:37:38.793 13607 13651 W DefaultFailureHandler: 	at org.junit.runners.BlockJUnit4ClassRunner.runChild(BlockJUnit4ClassRunner.java:63)
12-08 06:37:38.793 13607 13651 W DefaultFailureHandler: 	at org.junit.runners.ParentRunner$4.run(ParentRunner.java:331)
12-08 06:37:38.793 13607 13651 W DefaultFailureHandler: 	at org.junit.runners.ParentRunner$1.schedule(ParentRunner.java:79)
12-08 06:37:38.793 13607 13651 W DefaultFailureHandler: 	at org.junit.runners.ParentRunner.runChildren(ParentRunner.java:329)
12-08 06:37:38.793 13607 13651 W DefaultFailureHandler: 	at org.junit.runners.ParentRunner.access$100(ParentRunner.java:66)
12-08 06:37:38.793 13607 13651 W DefaultFailureHandler: 	at org.junit.runners.ParentRunner$2.evaluate(ParentRunner.java:293)
12-08 06:37:38.793 13607 13651 W DefaultFailureHandler: 	at org.junit.runners.ParentRunner$3.evaluate(ParentRunner.java:306)
12-08 06:37:38.793 13607 13651 W DefaultFailureHandler: 	at org.junit.runners.ParentRunner.run(ParentRunner.java:413)
12-08 06:37:38.793 13607 13651 W DefaultFailureHandler: 	at androidx.test.ext.junit.runners.AndroidJUnit4.run(AndroidJUnit4.java:162)
12-08 06:37:38.793 13607 13651 W DefaultFailureHandler: 	at io.qameta.allure.android.runners.AllureAndroidJUnit4.run(AllureAndroidJUnitRunners.kt:29)
12-08 06:37:38.793 13607 13651 W DefaultFailureHandler: 	at org.junit.runners.Suite.runChild(Suite.java:128)
12-08 06:37:38.793 13607 13651 W DefaultFailureHandler: 	at org.junit.runners.Suite.runChild(Suite.java:27)
12-08 06:37:38.793 13607 13651 W DefaultFailureHandler: 	at org.junit.runners.ParentRunner$4.run(ParentRunner.java:331)
12-08 06:37:38.793 13607 13651 W DefaultFailureHandler: 	at org.junit.runners.ParentRunner$1.schedule(ParentRunner.java:79)
12-08 06:37:38.793 13607 13651 W DefaultFailureHandler: 	at org.junit.runners.ParentRunner.runChildren(ParentRunner.java:329)
12-08 06:37:38.793 13607 13651 W DefaultFailureHandler: 	at org.junit.runners.ParentRunner.access$100(ParentRunner.java:66)
12-08 06:37:38.793 13607 13651 W DefaultFailureHandler: 	at org.junit.runners.ParentRunner$2.evaluate(ParentRunner.java:293)
12-08 06:37:38.793 13607 13651 W DefaultFailureHandler: 	at org.junit.runners.ParentRunner$3.evaluate(ParentRunner.java:306)
12-08 06:37:38.793 13607 13651 W DefaultFailureHandler: 	at org.junit.runners.ParentRunner.run(ParentRunner.java:413)
12-08 06:37:38.793 13607 13651 W DefaultFailureHandler: 	at org.junit.runner.JUnitCore.run(JUnitCore.java:137)
12-08 06:37:38.793 13607 13651 W DefaultFailureHandler: 	at org.junit.runner.JUnitCore.run(JUnitCore.java:115)
12-08 06:37:38.793 13607 13651 W DefaultFailureHandler: 	at androidx.test.internal.runner.TestExecutor.execute(TestExecutor.java:67)
12-08 06:37:38.793 13607 13651 W DefaultFailureHandler: 	at androidx.test.internal.runner.TestExecutor.execute(TestExecutor.java:58)
12-08 06:37:38.793 13607 13651 W DefaultFailureHandler: 	at androidx.test.runner.AndroidJUnitRunner.onStart(AndroidJUnitRunner.java:438)
12-08 06:37:38.793 13607 13651 W DefaultFailureHandler: 	at android.app.Instrumentation$InstrumentationThread.run(Instrumentation.java:2189)
12-08 06:37:38.793 13607 13651 W DefaultFailureHandler: Caused by: android.system.ErrnoException: open failed: EROFS (Read-only file system)
12-08 06:37:38.793 13607 13651 W DefaultFailureHandler: 	at libcore.io.Linux.open(Native Method)
12-08 06:37:38.793 13607 13651 W DefaultFailureHandler: 	at libcore.io.ForwardingOs.open(ForwardingOs.java:167)
12-08 06:37:38.793 13607 13651 W DefaultFailureHandler: 	at libcore.io.BlockGuardOs.open(BlockGuardOs.java:252)
12-08 06:37:38.793 13607 13651 W DefaultFailureHandler: 	at libcore.io.ForwardingOs.open(ForwardingOs.java:167)
12-08 06:37:38.793 13607 13651 W DefaultFailureHandler: 	at android.app.ActivityThread$AndroidOs.open(ActivityThread.java:7255)
12-08 06:37:38.793 13607 13651 W DefaultFailureHandler: 	at libcore.io.IoBridge.open(IoBridge.java:482)
12-08 06:37:38.793 13607 13651 W DefaultFailureHandler: 	... 51 more
12-08 06:37:38.800 13607 13607 I ViewInteraction: Performing 'wait for a specific view with <view.getId() is <2131230870/ru.iteco.fmhandroid:id/authorization_image_button>> during 10000 millis.' action on view view.getRootView() to equal view
12-08 06:37:38.803 13607 13607 I ViewInteraction: Checking 'MatchesViewAssertion{viewMatcher=(view has effective visibility <VISIBLE> and view.getGlobalVisibleRect() to return non-empty rectangle)}' assertion on view view.getId() is <2131230870/ru.iteco.fmhandroid:id/authorization_image_button>
12-08 06:37:38.807 13607 13607 I ViewInteraction: Performing 'single click' action on view view.getId() is <2131230870/ru.iteco.fmhandroid:id/authorization_image_button>
12-08 06:37:38.868  1764  6994 W audio_hw_generic: Not supplying enough data to HAL, expected position 183580215 , only wrote 183580191
12-08 06:37:38.910  1776  1776 D gralloc_ranchu: gralloc_alloc: Creating ashmem region of size 884736
12-08 06:37:38.920  2656  2656 I BeaconBle: Scan : No clients left, canceling alarm. [CONTEXT service_id=111 ]
12-08 06:37:38.920  1776  1776 D gralloc_ranchu: gralloc_alloc: Creating ashmem region of size 884736
12-08 06:37:38.921  1776  1776 D gralloc_ranchu: gralloc_alloc: Creating ashmem region of size 884736
12-08 06:37:38.926 13607 13699 D EGL_emulation: eglMakeCurrent: 0xe593e8c0: ver 2 0 (tinfo 0xf0c99e70)
12-08 06:37:38.995 13607 13699 I chatty  : uid=10146(ru.iteco.fmhandroid) RenderThread identical 3 lines
12-08 06:37:39.012 13607 13699 D EGL_emulation: eglMakeCurrent: 0xe593e8c0: ver 2 0 (tinfo 0xf0c99e70)
12-08 06:37:39.236 13607 13607 I ViewInteraction: Performing 'wait for a specific view with <an instance of android.widget.TextView and view.getText() with or without transformation to match: is "Log out"> during 10000 millis.' action on view view.getRootView() to equal view
12-08 06:37:39.238 13607 13607 I ViewInteraction: Checking 'MatchesViewAssertion{viewMatcher=(view has effective visibility <VISIBLE> and view.getGlobalVisibleRect() to return non-empty rectangle)}' assertion on view an instance of android.widget.TextView and view.getText() with or without transformation to match: is "Log out"
12-08 06:37:39.241 13607 13607 I ViewInteraction: Performing 'single click' action on view an instance of android.widget.TextView and view.getText() with or without transformation to match: is "Log out"
12-08 06:37:39.453 13607 13699 D EGL_emulation: eglMakeCurrent: 0xe593e8c0: ver 2 0 (tinfo 0xf0c99e70)
12-08 06:37:39.490 13607 13699 D EGL_emulation: eglMakeCurrent: 0xe593e8c0: ver 2 0 (tinfo 0xf0c99e70)
12-08 06:37:39.585 13607 13607 I ViewInteraction: Performing 'wait for a specific view with <(an instance of android.widget.TextView and view.getText() with or without transformation to match: is "Authorization" and view.getParent() view.getParent() view.getId() is <2131231186>)> during 10000 millis.' action on view view.getRootView() to equal view
12-08 06:37:39.590 13607 13607 I ViewInteraction: Checking 'MatchesViewAssertion{viewMatcher=(view has effective visibility <VISIBLE> and view.getGlobalVisibleRect() to return non-empty rectangle)}' assertion on view (an instance of android.widget.TextView and view.getText() with or without transformation to match: is "Authorization" and view.getParent() view.getParent() view.getId() is <2131231186/ru.iteco.fmhandroid:id/nav_host_fragment>)
12-08 06:37:39.594 13607 13607 I ViewInteraction: Performing 'wait for a specific view with <(an instance of android.widget.TextView and view.getHint() matching: is "Login" and view.getParent() view.getParent() view.getId() is <2131231121/ru.iteco.fmhandroid:id/login_text_input_layout>)> during 10000 millis.' action on view view.getRootView() to equal view
12-08 06:37:39.598 13607 13607 I ViewInteraction: Checking 'MatchesViewAssertion{viewMatcher=(view has effective visibility <VISIBLE> and view.getGlobalVisibleRect() to return non-empty rectangle)}' assertion on view (an instance of android.widget.TextView and view.getHint() matching: is "Login" and view.getParent() view.getParent() view.getId() is <2131231121/ru.iteco.fmhandroid:id/login_text_input_layout>)
12-08 06:37:39.601 13607 13607 I ViewInteraction: Performing 'wait for a specific view with <(an instance of android.widget.TextView and view.getHint() matching: is "Password" and view.getParent() view.getParent() view.getId() is <2131231264/ru.iteco.fmhandroid:id/password_text_input_layout>)> during 10000 millis.' action on view view.getRootView() to equal view
12-08 06:37:39.617 13607 13607 I ViewInteraction: Checking 'MatchesViewAssertion{viewMatcher=(view has effective visibility <VISIBLE> and view.getGlobalVisibleRect() to return non-empty rectangle)}' assertion on view (an instance of android.widget.TextView and view.getHint() matching: is "Password" and view.getParent() view.getParent() view.getId() is <2131231264/ru.iteco.fmhandroid:id/password_text_input_layout>)
12-08 06:37:39.620 13607 13607 I ViewInteraction: Performing 'wait for a specific view with <(view.getId() is <2131231039/ru.iteco.fmhandroid:id/enter_button> and an instance of android.widget.TextView and view.getText() with or without transformation to match: is "SIGN IN" and view.getContentDescription() is "Save" and view.getParent() view.getParent() an instance of android.widget.RelativeLayout)> during 10000 millis.' action on view view.getRootView() to equal view
12-08 06:37:39.624 13607 13607 I ViewInteraction: Checking 'MatchesViewAssertion{viewMatcher=(view has effective visibility <VISIBLE> and view.getGlobalVisibleRect() to return non-empty rectangle)}' assertion on view (view.getId() is <2131231039/ru.iteco.fmhandroid:id/enter_button> and an instance of android.widget.TextView and view.getText() with or without transformation to match: is "SIGN IN" and view.getContentDescription() is "Save" and view.getParent() view.getParent() an instance of android.widget.RelativeLayout)
12-08 06:37:39.628 13607 13607 I ViewInteraction: Performing 'wait for a specific view with <(an instance of android.widget.TextView and view.getText() with or without transformation to match: is "Authorization" and view.getParent() view.getParent() view.getId() is <2131231186>)> during 10000 millis.' action on view view.getRootView() to equal view
12-08 06:37:39.632 13607 13607 I ViewInteraction: Checking 'MatchesViewAssertion{viewMatcher=(view has effective visibility <VISIBLE> and view.getGlobalVisibleRect() to return non-empty rectangle)}' assertion on view (an instance of android.widget.TextView and view.getText() with or without transformation to match: is "Authorization" and view.getParent() view.getParent() view.getId() is <2131231186/ru.iteco.fmhandroid:id/nav_host_fragment>)
12-08 06:37:39.636 13607 13607 I ViewInteraction: Performing 'wait for a specific view with <(an instance of android.widget.TextView and view.getHint() matching: is "Login" and view.getParent() view.getParent() view.getId() is <2131231121/ru.iteco.fmhandroid:id/login_text_input_layout>)> during 10000 millis.' action on view view.getRootView() to equal view
12-08 06:37:39.640 13607 13607 I ViewInteraction: Checking 'MatchesViewAssertion{viewMatcher=(view has effective visibility <VISIBLE> and view.getGlobalVisibleRect() to return non-empty rectangle)}' assertion on view (an instance of android.widget.TextView and view.getHint() matching: is "Login" and view.getParent() view.getParent() view.getId() is <2131231121/ru.iteco.fmhandroid:id/login_text_input_layout>)
12-08 06:37:39.643 13607 13607 I ViewInteraction: Performing 'wait for a specific view with <(an instance of android.widget.TextView and view.getHint() matching: is "Password" and view.getParent() view.getParent() view.getId() is <2131231264/ru.iteco.fmhandroid:id/password_text_input_layout>)> during 10000 millis.' action on view view.getRootView() to equal view
12-08 06:37:39.647 13607 13607 I ViewInteraction: Checking 'MatchesViewAssertion{viewMatcher=(view has effective visibility <VISIBLE> and view.getGlobalVisibleRect() to return non-empty rectangle)}' assertion on view (an instance of android.widget.TextView and view.getHint() matching: is "Password" and view.getParent() view.getParent() view.getId() is <2131231264/ru.iteco.fmhandroid:id/password_text_input_layout>)
12-08 06:37:39.651 13607 13607 I ViewInteraction: Performing 'wait for a specific view with <(view.getId() is <2131231039/ru.iteco.fmhandroid:id/enter_button> and an instance of android.widget.TextView and view.getText() with or without transformation to match: is "SIGN IN" and view.getContentDescription() is "Save" and view.getParent() view.getParent() an instance of android.widget.RelativeLayout)> during 10000 millis.' action on view view.getRootView() to equal view
12-08 06:37:39.655 13607 13607 I ViewInteraction: Checking 'MatchesViewAssertion{viewMatcher=(view has effective visibility <VISIBLE> and view.getGlobalVisibleRect() to return non-empty rectangle)}' assertion on view (view.getId() is <2131231039/ru.iteco.fmhandroid:id/enter_button> and an instance of android.widget.TextView and view.getText() with or without transformation to match: is "SIGN IN" and view.getContentDescription() is "Save" and view.getParent() view.getParent() an instance of android.widget.RelativeLayout)
12-08 06:37:39.659 13607 13607 I ViewInteraction: Performing 'wait for a specific view with <(an instance of android.widget.TextView and view.getHint() matching: is "Login" and view.getParent() view.getParent() view.getId() is <2131231121/ru.iteco.fmhandroid:id/login_text_input_layout>)> during 10000 millis.' action on view view.getRootView() to equal view
12-08 06:37:39.664 13607 13607 I ViewInteraction: Performing 'replace text(login2)' action on view (an instance of android.widget.TextView and view.getHint() matching: is "Login" and view.getParent() view.getParent() view.getId() is <2131231121/ru.iteco.fmhandroid:id/login_text_input_layout>)
12-08 06:37:39.687 13607 13607 I ViewInteraction: Performing 'wait for a specific view with <(an instance of android.widget.TextView and view.getHint() matching: is "Password" and view.getParent() view.getParent() view.getId() is <2131231264/ru.iteco.fmhandroid:id/password_text_input_layout>)> during 10000 millis.' action on view view.getRootView() to equal view
12-08 06:37:39.697 13607 13607 I ViewInteraction: Performing 'replace text(password2)' action on view (an instance of android.widget.TextView and view.getHint() matching: is "Password" and view.getParent() view.getParent() view.getId() is <2131231264/ru.iteco.fmhandroid:id/password_text_input_layout>)
12-08 06:37:39.718 13607 13607 I ViewInteraction: Performing 'wait for a specific view with <(view.getId() is <2131231039/ru.iteco.fmhandroid:id/enter_button> and an instance of android.widget.TextView and view.getText() with or without transformation to match: is "SIGN IN" and view.getContentDescription() is "Save" and view.getParent() view.getParent() an instance of android.widget.RelativeLayout)> during 10000 millis.' action on view view.getRootView() to equal view
12-08 06:37:39.723 13607 13607 I ViewInteraction: Checking 'MatchesViewAssertion{viewMatcher=view.isClickable() is <true>}' assertion on view (view.getId() is <2131231039/ru.iteco.fmhandroid:id/enter_button> and an instance of android.widget.TextView and view.getText() with or without transformation to match: is "SIGN IN" and view.getContentDescription() is "Save" and view.getParent() view.getParent() an instance of android.widget.RelativeLayout)
12-08 06:37:39.733 13607 13607 I ViewInteraction: Performing 'wait for a specific view with <(view.getId() is <2131231039/ru.iteco.fmhandroid:id/enter_button> and an instance of android.widget.TextView and view.getText() with or without transformation to match: is "SIGN IN" and view.getContentDescription() is "Save" and view.getParent() view.getParent() an instance of android.widget.RelativeLayout)> during 10000 millis.' action on view view.getRootView() to equal view
12-08 06:37:39.740 13607 13607 I ViewInteraction: Checking 'MatchesViewAssertion{viewMatcher=view.isClickable() is <true>}' assertion on view (view.getId() is <2131231039/ru.iteco.fmhandroid:id/enter_button> and an instance of android.widget.TextView and view.getText() with or without transformation to match: is "SIGN IN" and view.getContentDescription() is "Save" and view.getParent() view.getParent() an instance of android.widget.RelativeLayout)
12-08 06:37:39.749 13607 13607 I ViewInteraction: Performing 'wait for a specific view with <(view.getId() is <2131231039/ru.iteco.fmhandroid:id/enter_button> and an instance of android.widget.TextView and view.getText() with or without transformation to match: is "SIGN IN" and view.getContentDescription() is "Save" and view.getParent() view.getParent() an instance of android.widget.RelativeLayout)> during 10000 millis.' action on view view.getRootView() to equal view
12-08 06:37:39.753 13607 13607 I ViewInteraction: Performing 'single click' action on view (view.getId() is <2131231039/ru.iteco.fmhandroid:id/enter_button> and an instance of android.widget.TextView and view.getText() with or without transformation to match: is "SIGN IN" and view.getContentDescription() is "Save" and view.getParent() view.getParent() an instance of android.widget.RelativeLayout)
12-08 06:37:39.800 13607 13742 I okhttp.OkHttpClient: --> POST http://www.981757-ca08998.tmweb.ru:8080/fmh/authentication/login
12-08 06:37:39.801 13607 13742 I okhttp.OkHttpClient: Content-Type: application/json; charset=UTF-8
12-08 06:37:39.801 13607 13742 I okhttp.OkHttpClient: Content-Length: 41
12-08 06:37:39.801 13607 13742 I okhttp.OkHttpClient: {"login":"login2","password":"password2"}
12-08 06:37:39.801 13607 13742 I okhttp.OkHttpClient: --> END POST (41-byte body)
12-08 06:37:40.029 13607 13607 I ViewInteraction: Performing 'wait for a specific view with <an instance of android.widget.TextView and view.getText() with or without transformation to match: is "News"> during 10000 millis.' action on view view.getRootView() to equal view
12-08 06:37:40.081 13607 13742 I okhttp.OkHttpClient: <-- 200 http://www.981757-ca08998.tmweb.ru:8080/fmh/authentication/login (279ms)
12-08 06:37:40.081 13607 13742 I okhttp.OkHttpClient: Vary: Origin
12-08 06:37:40.081 13607 13742 I okhttp.OkHttpClient: Vary: Access-Control-Request-Method
12-08 06:37:40.081 13607 13742 I okhttp.OkHttpClient: Vary: Access-Control-Request-Headers
12-08 06:37:40.081 13607 13742 I okhttp.OkHttpClient: X-Content-Type-Options: nosniff
12-08 06:37:40.081 13607 13742 I okhttp.OkHttpClient: X-XSS-Protection: 1; mode=block
12-08 06:37:40.081 13607 13742 I okhttp.OkHttpClient: Cache-Control: no-cache, no-store, max-age=0, must-revalidate
12-08 06:37:40.081 13607 13742 I okhttp.OkHttpClient: Pragma: no-cache
12-08 06:37:40.082 13607 13742 I okhttp.OkHttpClient: Expires: 0
12-08 06:37:40.082 13607 13742 I okhttp.OkHttpClient: X-Frame-Options: DENY
12-08 06:37:40.082 13607 13742 I okhttp.OkHttpClient: Content-Type: application/json
12-08 06:37:40.082 13607 13742 I okhttp.OkHttpClient: Transfer-Encoding: chunked
12-08 06:37:40.082 13607 13742 I okhttp.OkHttpClient: Date: Thu, 08 Dec 2022 11:37:42 GMT
12-08 06:37:40.082 13607 13742 I okhttp.OkHttpClient: Keep-Alive: timeout=60
12-08 06:37:40.082 13607 13742 I okhttp.OkHttpClient: Connection: keep-alive
12-08 06:37:40.082 13607 13742 I okhttp.OkHttpClient: {"accessToken":"eyJhbGciOiJIUzUxMiJ9.eyJzdWIiOiJsb2dpbjIiLCJqdGkiOiIyIiwiZXhwIjoxNjcwNTg1ODYyfQ.7BMh0jWN_F9Ckdz1zmSzNH5L3JM9NZk-qU7DoRxihZmVXJnDtuiF9Kjfd9bn08M69OtSy1wUFEE__8tiST0iog","refreshToken":"eyJhbGciOiJIUzUxMiJ9.eyJzdWIiOiJsb2dpbjIiLCJqdGkiOiIyIiwiZXhwIjoxNjczMDkxNDYyfQ.8QIUZnO8HATjZOHY0jeXCP6tROFWUmXIzwWA-P_2MRA-LJt4ArfT8FlkYD1BLismUFZmg6EAKBrXb1xlgTl5MA"}
12-08 06:37:40.083 13607 13742 I okhttp.OkHttpClient: <-- END HTTP (368-byte body)
12-08 06:37:40.089 13607 13717 I okhttp.OkHttpClient: --> GET http://www.981757-ca08998.tmweb.ru:8080/fmh/authentication/userInfo
12-08 06:37:40.089 13607 13717 I okhttp.OkHttpClient: --> END GET
12-08 06:37:40.224 13607 13717 I okhttp.OkHttpClient: <-- 200 http://www.981757-ca08998.tmweb.ru:8080/fmh/authentication/userInfo (134ms)
12-08 06:37:40.224 13607 13717 I okhttp.OkHttpClient: Vary: Origin
12-08 06:37:40.224 13607 13717 I okhttp.OkHttpClient: Vary: Access-Control-Request-Method
12-08 06:37:40.224 13607 13717 I okhttp.OkHttpClient: Vary: Access-Control-Request-Headers
12-08 06:37:40.224 13607 13717 I okhttp.OkHttpClient: X-Content-Type-Options: nosniff
12-08 06:37:40.224 13607 13717 I okhttp.OkHttpClient: X-XSS-Protection: 1; mode=block
12-08 06:37:40.224 13607 13717 I okhttp.OkHttpClient: Cache-Control: no-cache, no-store, max-age=0, must-revalidate
12-08 06:37:40.224 13607 13717 I okhttp.OkHttpClient: Pragma: no-cache
12-08 06:37:40.224 13607 13717 I okhttp.OkHttpClient: Expires: 0
12-08 06:37:40.224 13607 13717 I okhttp.OkHttpClient: X-Frame-Options: DENY
12-08 06:37:40.224 13607 13717 I okhttp.OkHttpClient: Content-Type: application/json
12-08 06:37:40.224 13607 13717 I okhttp.OkHttpClient: Transfer-Encoding: chunked
12-08 06:37:40.224 13607 13717 I okhttp.OkHttpClient: Date: Thu, 08 Dec 2022 11:37:42 GMT
12-08 06:37:40.224 13607 13717 I okhttp.OkHttpClient: Keep-Alive: timeout=60
12-08 06:37:40.225 13607 13717 I okhttp.OkHttpClient: Connection: keep-alive
12-08 06:37:40.225 13607 13717 I okhttp.OkHttpClient: {"id":2,"firstName":"Данил","lastName":"Иванов","middleName":"Данилович","admin":true}
12-08 06:37:40.225 13607 13717 I okhttp.OkHttpClient: <-- END HTTP (106-byte body)
12-08 06:37:40.232 13607 14185 I okhttp.OkHttpClient: --> GET http://www.981757-ca08998.tmweb.ru:8080/fmh/claims
12-08 06:37:40.233 13607 14185 I okhttp.OkHttpClient: --> END GET
12-08 06:37:40.248  1744 14236 E ResolverController: No valid NAT64 prefix (108, <unspecified>/0)
12-08 06:37:40.347 13607 13607 I ViewInteraction: Checking 'MatchesViewAssertion{viewMatcher=(view has effective visibility <VISIBLE> and view.getGlobalVisibleRect() to return non-empty rectangle)}' assertion on view an instance of android.widget.TextView and view.getText() with or without transformation to match: is "News"
12-08 06:37:40.351 13607 13607 I ViewInteraction: Performing 'wait for a specific view with <view.getId() is <2131230951>> during 10000 millis.' action on view view.getRootView() to equal view
12-08 06:37:40.354 13607 13607 I ViewInteraction: Checking 'MatchesViewAssertion{viewMatcher=(view has effective visibility <VISIBLE> and view.getGlobalVisibleRect() to return non-empty rectangle)}' assertion on view view.getId() is <2131230951/ru.iteco.fmhandroid:id/container_list_news_include_on_fragment_main>
12-08 06:37:40.366 13607 13607 I ViewInteraction: Performing 'wait for a specific view with <view.getId() is <2131230949>> during 10000 millis.' action on view view.getRootView() to equal view
12-08 06:37:40.571 13607 13607 I ViewInteraction: Checking 'MatchesViewAssertion{viewMatcher=(view has effective visibility <VISIBLE> and view.getGlobalVisibleRect() to return non-empty rectangle)}' assertion on view view.getId() is <2131230949/ru.iteco.fmhandroid:id/container_list_claim_include_on_fragment_main>
12-08 06:37:40.574 13607 13607 I ViewInteraction: Performing 'wait for a specific view with <an instance of android.widget.TextView and view.getText() with or without transformation to match: is "Claims"> during 10000 millis.' action on view view.getRootView() to equal view
12-08 06:37:40.580 13607 13607 I ViewInteraction: Checking 'MatchesViewAssertion{viewMatcher=(view has effective visibility <VISIBLE> and view.getGlobalVisibleRect() to return non-empty rectangle)}' assertion on view an instance of android.widget.TextView and view.getText() with or without transformation to match: is "Claims"
12-08 06:37:40.582 13607 13607 I ViewInteraction: Performing 'wait for a specific view with <view.getId() is <2131231123/ru.iteco.fmhandroid:id/main_menu_image_button>> during 10000 millis.' action on view view.getRootView() to equal view
12-08 06:37:40.586 13607 13607 I ViewInteraction: Performing 'single click' action on view view.getId() is <2131231123/ru.iteco.fmhandroid:id/main_menu_image_button>
12-08 06:37:40.679  1776  1776 D gralloc_ranchu: gralloc_alloc: Creating ashmem region of size 2015232
12-08 06:37:40.685  1776  1776 I chatty  : uid=1000(system) allocator@2.0-s identical 1 line
12-08 06:37:40.687  1776  1776 D gralloc_ranchu: gralloc_alloc: Creating ashmem region of size 2015232
12-08 06:37:40.702 13607 13699 D EGL_emulation: eglMakeCurrent: 0xe593e8c0: ver 2 0 (tinfo 0xf0c99e70)
12-08 06:37:40.768 13607 13699 I chatty  : uid=10146(ru.iteco.fmhandroid) RenderThread identical 3 lines
12-08 06:37:40.785 13607 13699 D EGL_emulation: eglMakeCurrent: 0xe593e8c0: ver 2 0 (tinfo 0xf0c99e70)
12-08 06:37:40.993 13607 13607 I ViewInteraction: Performing 'wait for a specific view with <an instance of android.widget.TextView and view.getText() with or without transformation to match: is "Claims"> during 10000 millis.' action on view view.getRootView() to equal view
12-08 06:37:40.998 13607 13607 I ViewInteraction: Performing 'single click' action on view an instance of android.widget.TextView and view.getText() with or without transformation to match: is "Claims"
12-08 06:37:41.123  1788  1978 D AF::Track: interceptBuffer: took 218us to intercept 0 tracks
12-08 06:37:41.138 13607 13726 I okhttp.OkHttpClient: --> GET http://www.981757-ca08998.tmweb.ru:8080/fmh/claims
12-08 06:37:41.138 13607 13726 I okhttp.OkHttpClient: --> END GET
12-08 06:37:41.179 13607 13699 D EGL_emulation: eglMakeCurrent: 0xe593e8c0: ver 2 0 (tinfo 0xf0c99e70)
12-08 06:37:41.204 13607 13699 D EGL_emulation: eglMakeCurrent: 0xe593e8c0: ver 2 0 (tinfo 0xf0c99e70)
12-08 06:37:41.357 13607 13607 I ViewInteraction: Performing 'wait for a specific view with <view.getId() is <2131230849/ru.iteco.fmhandroid:id/add_new_claim_material_button>> during 10000 millis.' action on view view.getRootView() to equal view
12-08 06:37:41.366 13607 13607 I ViewInteraction: Performing 'single click' action on view view.getId() is <2131230849/ru.iteco.fmhandroid:id/add_new_claim_material_button>
12-08 06:37:41.435 13607 13717 I okhttp.OkHttpClient: --> GET http://www.981757-ca08998.tmweb.ru:8080/fmh/users
12-08 06:37:41.435 13607 13717 I okhttp.OkHttpClient: --> END GET
12-08 06:37:41.464  1788  1978 D AF::Track: interceptBuffer: took 305us to intercept 0 tracks
12-08 06:37:41.655 13607 13717 I okhttp.OkHttpClient: <-- 200 http://www.981757-ca08998.tmweb.ru:8080/fmh/users (219ms)
12-08 06:37:41.655 13607 13717 I okhttp.OkHttpClient: Vary: Origin
12-08 06:37:41.655 13607 13717 I okhttp.OkHttpClient: Vary: Access-Control-Request-Method
12-08 06:37:41.655 13607 13717 I okhttp.OkHttpClient: Vary: Access-Control-Request-Headers
12-08 06:37:41.655 13607 13717 I okhttp.OkHttpClient: X-Content-Type-Options: nosniff
12-08 06:37:41.655 13607 13717 I okhttp.OkHttpClient: X-XSS-Protection: 1; mode=block
12-08 06:37:41.655 13607 13717 I okhttp.OkHttpClient: Cache-Control: no-cache, no-store, max-age=0, must-revalidate
12-08 06:37:41.655 13607 13717 I okhttp.OkHttpClient: Pragma: no-cache
12-08 06:37:41.655 13607 13717 I okhttp.OkHttpClient: Expires: 0
12-08 06:37:41.656 13607 13717 I okhttp.OkHttpClient: X-Frame-Options: DENY
12-08 06:37:41.656 13607 13717 I okhttp.OkHttpClient: Content-Type: application/json
12-08 06:37:41.656 13607 13717 I okhttp.OkHttpClient: Transfer-Encoding: chunked
12-08 06:37:41.656 13607 13717 I okhttp.OkHttpClient: Date: Thu, 08 Dec 2022 11:37:44 GMT
12-08 06:37:41.656 13607 13717 I okhttp.OkHttpClient: Keep-Alive: timeout=60
12-08 06:37:41.656 13607 13717 I okhttp.OkHttpClient: Connection: keep-alive
12-08 06:37:41.658 13607 13717 I okhttp.OkHttpClient: [{"id":1,"firstName":"Петр","lastName":"Смирнов","middleName":"Петрович","admin":true},{"id":2,"firstName":"Данил","lastName":"Иванов","middleName":"Данилович","admin":true},{"id":3,"firstName":"Егор","lastName":"Петров","middleName":"Егорович","admin":false},{"id":4,"firstName":"Дмитрий","lastName":"Сидоров","middleName":"Дмитриевич","admin":false},{"id":5,"firstName":"Тест","lastName":"Тестов","middleName":"Тестович","admin":true},{"id":6,"firstName":"Diplom","lastName":"Netology","middleName":"QAMID","admin":true}]
12-08 06:37:41.658 13607 13717 I okhttp.OkHttpClient: <-- END HTTP (622-byte body)
12-08 06:37:41.659 13607 13607 I ViewInteraction: Performing 'wait for a specific view with <(view.getId() is <2131231402/ru.iteco.fmhandroid:id/title_edit_text> and view.getParent() view.getParent() view.getId() is <2131231406/ru.iteco.fmhandroid:id/title_text_input_layout>)> during 10000 millis.' action on view view.getRootView() to equal view
12-08 06:37:41.803 13607 13607 I ViewInteraction: Performing 'replace text(;&&)' action on view (view.getId() is <2131231402/ru.iteco.fmhandroid:id/title_edit_text> and view.getParent() view.getParent() view.getId() is <2131231406/ru.iteco.fmhandroid:id/title_text_input_layout>)
12-08 06:37:41.844 13607 13607 I ViewInteraction: Performing 'wait for a specific view with <view.getId() is <2131230975/ru.iteco.fmhandroid:id/date_in_plan_text_input_edit_text>> during 10000 millis.' action on view view.getRootView() to equal view
12-08 06:37:41.847 13607 13607 I ViewInteraction: Performing 'single click' action on view view.getId() is <2131230975/ru.iteco.fmhandroid:id/date_in_plan_text_input_edit_text>
12-08 06:37:42.011  1776  1776 D gralloc_ranchu: gralloc_alloc: Creating ashmem region of size 6778880
12-08 06:37:42.014  1776  1776 I chatty  : uid=1000(system) allocator@2.0-s identical 1 line
12-08 06:37:42.017  1776  1776 D gralloc_ranchu: gralloc_alloc: Creating ashmem region of size 6778880
12-08 06:37:42.031 13607 13699 D EGL_emulation: eglMakeCurrent: 0xe593e8c0: ver 2 0 (tinfo 0xf0c99e70)
12-08 06:37:42.136 13607 13699 I chatty  : uid=10146(ru.iteco.fmhandroid) RenderThread identical 3 lines
12-08 06:37:42.161 13607 13699 D EGL_emulation: eglMakeCurrent: 0xe593e8c0: ver 2 0 (tinfo 0xf0c99e70)
12-08 06:37:42.486 13607 13607 I ViewInteraction: Performing 'wait for a specific view with <is assignable from class <class android.widget.DatePicker>> during 10000 millis.' action on view view.getRootView() to equal view
12-08 06:37:42.490 13607 13607 I ViewInteraction: Checking 'MatchesViewAssertion{viewMatcher=(view has effective visibility <VISIBLE> and view.getGlobalVisibleRect() to return non-empty rectangle)}' assertion on view is assignable from class <class android.widget.DatePicker>
