12-02 19:09:31.539  2584 29737 E SQLiteDatabase: 	at aqui.a(:com.google.android.gms@202414022@20.24.14 (040700-319035315):175)
12-02 19:09:31.539  2584 29737 E SQLiteDatabase: 	at aqtk.a(:com.google.android.gms@202414022@20.24.14 (040700-319035315):182)
12-02 19:09:31.539  2584 29737 E SQLiteDatabase: 	at aqtk.a(:com.google.android.gms@202414022@20.24.14 (040700-319035315):23)
12-02 19:09:31.539  2584 29737 E SQLiteDatabase: 	at aqtk.a(:com.google.android.gms@202414022@20.24.14 (040700-319035315):177)
12-02 19:09:31.539  2584 29737 E SQLiteDatabase: 	at aqpu.run(:com.google.android.gms@202414022@20.24.14 (040700-319035315):9)
12-02 19:09:31.539  2584 29737 E SQLiteDatabase: 	at soy.b(:com.google.android.gms@202414022@20.24.14 (040700-319035315):12)
12-02 19:09:31.539  2584 29737 E SQLiteDatabase: 	at soy.run(:com.google.android.gms@202414022@20.24.14 (040700-319035315):7)
12-02 19:09:31.539  2584 29737 E SQLiteDatabase: 	at java.util.concurrent.ThreadPoolExecutor.runWorker(ThreadPoolExecutor.java:1167)
12-02 19:09:31.539  2584 29737 E SQLiteDatabase: 	at java.util.concurrent.ThreadPoolExecutor$Worker.run(ThreadPoolExecutor.java:641)
12-02 19:09:31.539  2584 29737 E SQLiteDatabase: 	at sux.run(:com.google.android.gms@202414022@20.24.14 (040700-319035315):0)
12-02 19:09:31.539  2584 29737 E SQLiteDatabase: 	at java.lang.Thread.run(Thread.java:919)
12-02 19:09:31.557  2584  3808 W GCoreFlp: No location to return for getLastLocation()
12-02 19:09:31.578  2584  2584 I GeofencerStateMachine: removeGeofences: removeRequest=RemoveGeofencingRequest[REMOVE_BY_PENDING_INTENT pendingIntent=PendingIntent[creatorPackage=com.google.android.gms], packageName=com.google.android.gms]
12-02 19:09:31.581  2584 29737 I LogUtils: [Places]: ?: Couldn't find platform key file. [CONTEXT service_id=253 ]
12-02 19:09:31.583  2584 29804 I PlacesLogger: [PlaceInferenceEngine]: [anon] Changed inference mode: 0 [CONTEXT service_id=253 ]
12-02 19:09:31.586  2584  2584 I GeofencerStateMachine: removeGeofences: removeRequest=RemoveGeofencingRequest[REMOVE_BY_PENDING_INTENT pendingIntent=PendingIntent[creatorPackage=com.google.android.gms], packageName=com.google.android.gms]
12-02 19:09:31.586  2584 29805 I LogUtils: [Places]: ?: Couldn't find platform key file. [CONTEXT service_id=253 ]
12-02 19:09:31.589  2584 29737 I LogUtils: [Places]: ?: Couldn't find platform key file. [CONTEXT service_id=253 ]
12-02 19:09:31.603  2584  3808 W GCoreFlp: No location to return for getLastLocation()
12-02 19:09:31.616  2584 29804 I LogUtils: [Places]: ?: PlacesBleScanner start() with priority 2 [CONTEXT service_id=253 ]
12-02 19:09:31.616  2584 29804 I PlacesLogger: [PlaceInferenceEngine]: [anon] Changed inference mode: 1 [CONTEXT service_id=253 ]
12-02 19:09:31.620  2584 29482 I LogUtils: [Places]: ?: Couldn't find platform key file. [CONTEXT service_id=253 ]
12-02 19:09:31.627  2584  2584 E BeaconBle: Missing BluetoothAdapter [CONTEXT service_id=111 ]
12-02 19:09:31.627  2584  2584 I BeaconBle: BLE 'KK+' software access layer enabled [CONTEXT service_id=111 ]
12-02 19:09:31.649  2584  2584 I BeaconBle: Client requested scan, settings=BleSettings [scanMode=ZERO_POWER, callbackType=ALL_MATCHES, reportDelayMillis=0, 1 filters, 0 clients, callingClientName=Places] [CONTEXT service_id=111 ]
12-02 19:09:31.649  2584  2584 I BeaconBle: Scan : No clients left, canceling alarm. [CONTEXT service_id=111 ]
12-02 19:09:31.650  2584  2584 E BeaconBle: Scan couldn't start for Places [CONTEXT service_id=111 ]
12-02 19:09:31.651  2584  2584 W Places  : BLE failure while scanning - code 5
12-02 19:09:31.653  2584 29737 I LogUtils: [Places]: ?: Couldn't find platform key file. [CONTEXT service_id=253 ]
12-02 19:09:31.667  2584  3808 W GCoreFlp: No location to return for getLastLocation()
12-02 19:09:31.872  1772  1772 D gralloc_ranchu: gralloc_alloc: Creating ashmem region of size 14749696
12-02 19:09:32.324  2010  9089 D WificondControl: Scan result ready event
12-02 19:09:32.368 29571 29615 E TestRunner: failed: shouldFindOnTheScreenJustClosedClaim(ru.iteco.fmhandroid.ui.ClaimsPageTest)
12-02 19:09:32.368 29571 29615 E TestRunner: ----- begin exception -----
12-02 19:09:32.369 29571 29615 E TestRunner: androidx.test.espresso.PerformException: Error performing 'scroll RecyclerView to: holder with view: (view is an instance of android.view.ViewGroup and has descendant matching an instance of android.widget.TextView and view.getText() with or without transformation to match: is "В работе 82fdcd7d-8e04-4e27-90f7-f2741c89e830")' on view 'view.getId() is <2131230916/ru.iteco.fmhandroid:id/claim_list_recycler_view>'.
12-02 19:09:32.369 29571 29615 E TestRunner: 	at androidx.test.espresso.PerformException$Builder.build(PerformException.java:1)
12-02 19:09:32.369 29571 29615 E TestRunner: 	at androidx.test.espresso.base.PerformExceptionHandler.handleSafely(PerformExceptionHandler.java:8)
12-02 19:09:32.369 29571 29615 E TestRunner: 	at androidx.test.espresso.base.PerformExceptionHandler.handleSafely(PerformExceptionHandler.java:9)
12-02 19:09:32.369 29571 29615 E TestRunner: 	at androidx.test.espresso.base.DefaultFailureHandler$TypedFailureHandler.handle(DefaultFailureHandler.java:4)
12-02 19:09:32.369 29571 29615 E TestRunner: 	at androidx.test.espresso.base.DefaultFailureHandler.handle(DefaultFailureHandler.java:5)
12-02 19:09:32.369 29571 29615 E TestRunner: 	at androidx.test.espresso.ViewInteraction.waitForAndHandleInteractionResults(ViewInteraction.java:8)
12-02 19:09:32.369 29571 29615 E TestRunner: 	at androidx.test.espresso.ViewInteraction.desugaredPerform(ViewInteraction.java:11)
12-02 19:09:32.369 29571 29615 E TestRunner: 	at androidx.test.espresso.ViewInteraction.perform(ViewInteraction.java:8)
12-02 19:09:32.369 29571 29615 E TestRunner: 	at ru.iteco.fmhandroid.ui.steps.ClaimsPageSteps.scrollToElementInRecyclerList(ClaimsPageSteps.java:128)
12-02 19:09:32.369 29571 29615 E TestRunner: 	at ru.iteco.fmhandroid.ui.steps.ClaimsPageSteps.openClaimCard(ClaimsPageSteps.java:151)
12-02 19:09:32.369 29571 29615 E TestRunner: 	at ru.iteco.fmhandroid.ui.ClaimsPageTest.shouldFindOnTheScreenJustClosedClaim(ClaimsPageTest.java:197)
12-02 19:09:32.369 29571 29615 E TestRunner: 	at java.lang.reflect.Method.invoke(Native Method)
12-02 19:09:32.369 29571 29615 E TestRunner: 	at org.junit.runners.model.FrameworkMethod$1.runReflectiveCall(FrameworkMethod.java:59)
12-02 19:09:32.369 29571 29615 E TestRunner: 	at org.junit.internal.runners.model.ReflectiveCallable.run(ReflectiveCallable.java:12)
12-02 19:09:32.369 29571 29615 E TestRunner: 	at org.junit.runners.model.FrameworkMethod.invokeExplosively(FrameworkMethod.java:56)
12-02 19:09:32.369 29571 29615 E TestRunner: 	at org.junit.internal.runners.statements.InvokeMethod.evaluate(InvokeMethod.java:17)
12-02 19:09:32.369 29571 29615 E TestRunner: 	at androidx.test.internal.runner.junit4.statement.RunBefores.evaluate(RunBefores.java:80)
12-02 19:09:32.369 29571 29615 E TestRunner: 	at androidx.test.rule.ActivityTestRule$ActivityStatement.evaluate(ActivityTestRule.java:543)
12-02 19:09:32.369 29571 29615 E TestRunner: 	at io.qameta.allure.android.rules.LogcatRule$apply$1.evaluate(LogcatRule.kt:23)
12-02 19:09:32.369 29571 29615 E TestRunner: 	at io.qameta.allure.android.rules.ScreenshotRule$apply$1.evaluate(ScreenshotRule.kt:22)
12-02 19:09:32.369 29571 29615 E TestRunner: 	at io.qameta.allure.android.rules.ScreenshotRule$apply$1.evaluate(ScreenshotRule.kt:22)
12-02 19:09:32.369 29571 29615 E TestRunner: 	at org.junit.rules.RunRules.evaluate(RunRules.java:20)
12-02 19:09:32.369 29571 29615 E TestRunner: 	at org.junit.runners.ParentRunner$3.evaluate(ParentRunner.java:306)
12-02 19:09:32.369 29571 29615 E TestRunner: 	at org.junit.runners.BlockJUnit4ClassRunner$1.evaluate(BlockJUnit4ClassRunner.java:100)
12-02 19:09:32.369 29571 29615 E TestRunner: 	at org.junit.runners.ParentRunner.runLeaf(ParentRunner.java:366)
12-02 19:09:32.369 29571 29615 E TestRunner: 	at org.junit.runners.BlockJUnit4ClassRunner.runChild(BlockJUnit4ClassRunner.java:103)
12-02 19:09:32.369 29571 29615 E TestRunner: 	at org.junit.runners.BlockJUnit4ClassRunner.runChild(BlockJUnit4ClassRunner.java:63)
12-02 19:09:32.369 29571 29615 E TestRunner: 	at org.junit.runners.ParentRunner$4.run(ParentRunner.java:331)
12-02 19:09:32.369 29571 29615 E TestRunner: 	at org.junit.runners.ParentRunner$1.schedule(ParentRunner.java:79)
12-02 19:09:32.369 29571 29615 E TestRunner: 	at org.junit.runners.ParentRunner.runChildren(ParentRunner.java:329)
12-02 19:09:32.369 29571 29615 E TestRunner: 	at org.junit.runners.ParentRunner.access$100(ParentRunner.java:66)
12-02 19:09:32.369 29571 29615 E TestRunner: 	at org.junit.runners.ParentRunner$2.evaluate(ParentRunner.java:293)
12-02 19:09:32.369 29571 29615 E TestRunner: 	at org.junit.runners.ParentRunner$3.evaluate(ParentRunner.java:306)
12-02 19:09:32.369 29571 29615 E TestRunner: 	at org.junit.runners.ParentRunner.run(ParentRunner.java:413)
12-02 19:09:32.369 29571 29615 E TestRunner: 	at androidx.test.ext.junit.runners.AndroidJUnit4.run(AndroidJUnit4.java:162)
12-02 19:09:32.369 29571 29615 E TestRunner: 	at io.qameta.allure.android.runners.AllureAndroidJUnit4.run(AllureAndroidJUnitRunners.kt:29)
12-02 19:09:32.369 29571 29615 E TestRunner: 	at org.junit.runners.Suite.runChild(Suite.java:128)
12-02 19:09:32.369 29571 29615 E TestRunner: 	at org.junit.runners.Suite.runChild(Suite.java:27)
12-02 19:09:32.369 29571 29615 E TestRunner: 	at org.junit.runners.ParentRunner$4.run(ParentRunner.java:331)
12-02 19:09:32.369 29571 29615 E TestRunner: 	at org.junit.runners.ParentRunner$1.schedule(ParentRunner.java:79)
12-02 19:09:32.369 29571 29615 E TestRunner: 	at org.junit.runners.ParentRunner.runChildren(ParentRunner.java:329)
12-02 19:09:32.369 29571 29615 E TestRunner: 	at org.junit.runners.ParentRunner.access$100(ParentRunner.java:66)
12-02 19:09:32.369 29571 29615 E TestRunner: 	at org.junit.runners.ParentRunner$2.evaluate(ParentRunner.java:293)
12-02 19:09:32.369 29571 29615 E TestRunner: 	at org.junit.runners.ParentRunner$3.evaluate(ParentRunner.java:306)
12-02 19:09:32.369 29571 29615 E TestRunner: 	at org.junit.runners.ParentRunner.run(ParentRunner.java:413)
12-02 19:09:32.369 29571 29615 E TestRunner: 	at org.junit.runner.JUnitCore.run(JUnitCore.java:137)
12-02 19:09:32.369 29571 29615 E TestRunner: 	at org.junit.r
12-02 19:09:32.369 29571 29615 E TestRunner: ----- end exception -----
12-02 19:09:32.373 29571 29615 I TestRunner: finished: shouldFindOnTheScreenJustClosedClaim(ru.iteco.fmhandroid.ui.ClaimsPageTest)
12-02 19:09:32.446 29571 29615 I TestRunner: started: shouldShowMessageFieldCannotBeEmpty(ru.iteco.fmhandroid.ui.ClaimsPageTest)
12-02 19:09:32.464 29571 29615 W ActivityTestRule: getActivityIntent() returned null using default: Intent(Intent.ACTION_MAIN)
12-02 19:09:32.467  2010  9089 I ActivityTaskManager: START u0 {act=android.intent.action.MAIN flg=0x10000000 cmp=ru.iteco.fmhandroid/.ui.AppActivity} from uid 10159
12-02 19:09:32.478  2010  9089 W InputReader: Device has associated, but no associated display id.
12-02 19:09:32.481  2010  9089 I chatty  : uid=1000(system) Binder:2010_1A identical 38 lines
12-02 19:09:32.481  2010  9089 W InputReader: Device has associated, but no associated display id.
12-02 19:09:32.482 29571 29571 W ActivityThread: handleWindowVisibility: no activity for token android.os.BinderProxy@335fc3b
12-02 19:09:32.483  2010  2037 E system_server: Invalid ID 0x00000000.
12-02 19:09:32.497 29571 29571 D LifecycleMonitor: Lifecycle status change: ru.iteco.fmhandroid.ui.AppActivity@87e2117 in: PRE_ON_CREATE
12-02 19:09:32.502 29571 29605 V FA      : onActivityCreated
12-02 19:09:32.514 29571 29571 D LifecycleMonitor: Lifecycle status change: ru.iteco.fmhandroid.ui.AppActivity@87e2117 in: CREATED
12-02 19:09:32.518  1772  1772 D gralloc_ranchu: gralloc_alloc: Creating ashmem region of size 14749696
12-02 19:09:32.550 29571 29571 D LifecycleMonitor: Lifecycle status change: ru.iteco.fmhandroid.ui.AppActivity@87e2117 in: STARTED
12-02 19:09:32.551 29571 29571 D LifecycleMonitor: Lifecycle status change: ru.iteco.fmhandroid.ui.AppActivity@87e2117 in: RESUMED
12-02 19:09:32.553 29571 29613 V FA      : Activity resumed, time: 89808958
12-02 19:09:32.570  2010  2037 W InputReader: Device has associated, but no associated display id.
12-02 19:09:32.570  2010  2037 I chatty  : uid=1000(system) android.anim identical 8 lines
12-02 19:09:32.570  2010  2037 W InputReader: Device has associated, but no associated display id.
12-02 19:09:32.586  1772  1772 D gralloc_ranchu: gralloc_alloc: Creating ashmem region of size 14749696
12-02 19:09:32.590  1772  1772 I chatty  : uid=1000(system) allocator@2.0-s identical 1 line
12-02 19:09:32.591  1772  1772 D gralloc_ranchu: gralloc_alloc: Creating ashmem region of size 14749696
12-02 19:09:32.605 29571 29628 D EGL_emulation: eglMakeCurrent: 0xdb91b440: ver 2 0 (tinfo 0xc077f470)
12-02 19:09:32.611  3139  3664 D EGL_emulation: eglMakeCurrent: 0xdb91c460: ver 2 0 (tinfo 0xbe64a3f0)
12-02 19:09:32.633  2448  3326 D EGL_emulation: eglMakeCurrent: 0xe3a07ba0: ver 2 0 (tinfo 0xe3a93b30)
12-02 19:09:32.635  2169  2501 D EGL_emulation: eglMakeCurrent: 0xdb91a600: ver 2 0 (tinfo 0xdb90f8d0)
12-02 19:09:32.646  1772  1772 D gralloc_ranchu: gralloc_alloc: Creating ashmem region of size 14749696
12-02 19:09:32.649  2169  2501 D EGL_emulation: eglMakeCurrent: 0xdb91a600: ver 2 0 (tinfo 0xdb90f8d0)
12-02 19:09:32.678  2010  2041 I ActivityTaskManager: Displayed ru.iteco.fmhandroid/.ui.AppActivity: +178ms
12-02 19:09:32.680  2169  2501 D EGL_emulation: eglMakeCurrent: 0xdb91a600: ver 2 0 (tinfo 0xdb90f8d0)
12-02 19:09:32.702  3139 29268 I PBSessionCacheImpl: Deleted sessionId[429016834127] from persistence.
12-02 19:09:32.711  3139  3568 W SearchServiceCore: Abort, client detached.
12-02 19:09:32.727  2881 29619 V FA-SVC  : Logging event: origin=auto,name=screen_view(_vs),params=Bundle[{ga_event_origin(_o)=auto, ga_previous_class(_pc)=AppActivity, ga_previous_id(_pi)=-6691874523389436951, ga_screen_class(_sc)=AppActivity, ga_screen_id(_si)=-6691874523389436950}]
12-02 19:09:32.742  2881 29619 V FA-SVC  : Upload scheduled in approximately ms: 549570
12-02 19:09:32.742  2881 29619 V FA-SVC  : Unscheduling upload
12-02 19:09:32.744  1772  1772 D gralloc_ranchu: gralloc_alloc: Creating ashmem region of size 14749696
12-02 19:09:32.747  2881 29619 V FA-SVC  : Scheduling upload, millis: 549570
12-02 19:09:32.750  2881 29619 V FA-SVC  : Background event processing time, ms: 24
12-02 19:09:32.768  2584 29482 E SQLiteDatabase: Error inserting flex_time=549000 job_id=-1 period=1100000 source=16 requires_charging=0 preferred_network_type=1 target_class=com.google.android.gms.measurement.PackageMeasurementTaskService user_id=0 target_package=com.google.android.gms tag=Measurement.PackageMeasurementTaskService.UPLOAD_TASK_TAG task_type=0 required_idleness_state=0 service_kind=0 source_version=202414000 persistence_level=1 preferred_charging_state=1 required_network_type=0 runtime=1669997372759 retry_strategy={"maximum_backoff_seconds":{"3600":0},"initial_backoff_seconds":{"30":0},"retry_policy":{"0":0}} last_runtime=0
12-02 19:09:32.768  2584 29482 E SQLiteDatabase: android.database.sqlite.SQLiteConstraintException: UNIQUE constraint failed: pending_ops.tag, pending_ops.target_class, pending_ops.target_package, pending_ops.user_id (code 2067 SQLITE_CONSTRAINT_UNIQUE)
12-02 19:09:32.768  2584 29482 E SQLiteDatabase: 	at android.database.sqlite.SQLiteConnection.nativeExecuteForLastInsertedRowId(Native Method)
12-02 19:09:32.768  2584 29482 E SQLiteDatabase: 	at android.database.sqlite.SQLiteConnection.executeForLastInsertedRowId(SQLiteConnection.java:879)
12-02 19:09:32.768  2584 29482 E SQLiteDatabase: 	at android.database.sqlite.SQLiteSession.executeForLastInsertedRowId(SQLiteSession.java:790)
12-02 19:09:32.768  2584 29482 E SQLiteDatabase: 	at android.database.sqlite.SQLiteStatement.executeInsert(SQLiteStatement.java:88)
12-02 19:09:32.768  2584 29482 E SQLiteDatabase: 	at android.database.sqlite.SQLiteDatabase.insertWithOnConflict(SQLiteDatabase.java:1599)
12-02 19:09:32.768  2584 29482 E SQLiteDatabase: 	at android.database.sqlite.SQLiteDatabase.insert(SQLiteDatabase.java:1468)
12-02 19:09:32.768  2584 29482 E SQLiteDatabase: 	at aqui.a(:com.google.android.gms@202414022@20.24.14 (040700-319035315):175)
12-02 19:09:32.768  2584 29482 E SQLiteDatabase: 	at aqtk.a(:com.google.android.gms@202414022@20.24.14 (040700-319035315):182)
12-02 19:09:32.768  2584 29482 E SQLiteDatabase: 	at aqtk.a(:com.google.android.gms@202414022@20.24.14 (040700-319035315):23)
12-02 19:09:32.768  2584 29482 E SQLiteDatabase: 	at aqtk.a(:com.google.android.gms@202414022@20.24.14 (040700-319035315):177)
12-02 19:09:32.768  2584 29482 E SQLiteDatabase: 	at aqpu.run(:com.google.android.gms@202414022@20.24.14 (040700-319035315):9)
12-02 19:09:32.768  2584 29482 E SQLiteDatabase: 	at soy.b(:com.google.android.gms@202414022@20.24.14 (040700-319035315):12)
12-02 19:09:32.768  2584 29482 E SQLiteDatabase: 	at soy.run(:com.google.android.gms@202414022@20.24.14 (040700-319035315):7)
12-02 19:09:32.768  2584 29482 E SQLiteDatabase: 	at java.util.concurrent.ThreadPoolExecutor.runWorker(ThreadPoolExecutor.java:1167)
12-02 19:09:32.768  2584 29482 E SQLiteDatabase: 	at java.util.concurrent.ThreadPoolExecutor$Worker.run(ThreadPoolExecutor.java:641)
12-02 19:09:32.768  2584 29482 E SQLiteDatabase: 	at sux.run(:com.google.android.gms@202414022@20.24.14 (040700-319035315):0)
12-02 19:09:32.768  2584 29482 E SQLiteDatabase: 	at java.lang.Thread.run(Thread.java:919)
12-02 19:09:33.226 29571 29571 I ViewInteraction: Performing 'wait for a specific view with <(an instance of android.widget.TextView and view.getText() with or without transformation to match: is "Authorization" and view.getParent() view.getParent() view.getId() is <2131231186>)> during 10000 millis.' action on view view.getRootView() to equal view
12-02 19:09:33.639  1750  1962 W audio_hw_generic: Not supplying enough data to HAL, expected position 400237741 , only wrote 400005472
12-02 19:09:35.551 29571 29642 I okhttp.OkHttpClient: --> GET http://www.981757-ca08998.tmweb.ru:8080/fmh/authentication/userInfo
12-02 19:09:35.551 29571 29642 I okhttp.OkHttpClient: --> END GET
12-02 19:09:35.691 29571 29642 I okhttp.OkHttpClient: <-- 200 http://www.981757-ca08998.tmweb.ru:8080/fmh/authentication/userInfo (140ms)
12-02 19:09:35.691 29571 29642 I okhttp.OkHttpClient: Vary: Origin
12-02 19:09:35.692 29571 29642 I okhttp.OkHttpClient: Vary: Access-Control-Request-Method
12-02 19:09:35.692 29571 29642 I okhttp.OkHttpClient: Vary: Access-Control-Request-Headers
12-02 19:09:35.692 29571 29642 I okhttp.OkHttpClient: X-Content-Type-Options: nosniff
12-02 19:09:35.692 29571 29642 I okhttp.OkHttpClient: X-XSS-Protection: 1; mode=block
12-02 19:09:35.692 29571 29642 I okhttp.OkHttpClient: Cache-Control: no-cache, no-store, max-age=0, must-revalidate
12-02 19:09:35.692 29571 29642 I okhttp.OkHttpClient: Pragma: no-cache
12-02 19:09:35.692 29571 29642 I okhttp.OkHttpClient: Expires: 0
12-02 19:09:35.692 29571 29642 I okhttp.OkHttpClient: X-Frame-Options: DENY
12-02 19:09:35.692 29571 29642 I okhttp.OkHttpClient: Content-Type: application/json
12-02 19:09:35.692 29571 29642 I okhttp.OkHttpClient: Transfer-Encoding: chunked
12-02 19:09:35.692 29571 29642 I okhttp.OkHttpClient: Date: Fri, 02 Dec 2022 16:09:37 GMT
12-02 19:09:35.692 29571 29642 I okhttp.OkHttpClient: Keep-Alive: timeout=60
12-02 19:09:35.692 29571 29642 I okhttp.OkHttpClient: Connection: keep-alive
12-02 19:09:35.692 29571 29642 I okhttp.OkHttpClient: {"id":2,"firstName":"Данил","lastName":"Иванов","middleName":"Данилович","admin":true}
12-02 19:09:35.692 29571 29642 I okhttp.OkHttpClient: <-- END HTTP (106-byte body)
12-02 19:09:35.698 29571 29667 I okhttp.OkHttpClient: --> GET http://www.981757-ca08998.tmweb.ru:8080/fmh/claims
12-02 19:09:35.698 29571 29667 I okhttp.OkHttpClient: --> END GET
12-02 19:09:37.406  1897  1897 E wifi_forwarder: RemoteConnection failed to initialize: RemoteConnection failed to open pipe
12-02 19:09:37.727 29571 29613 V FA      : Inactivity, disconnecting from the service
12-02 19:09:37.793 29571 29667 I okhttp.OkHttpClient: <-- 200 http://www.981757-ca08998.tmweb.ru:8080/fmh/claims (2095ms)
12-02 19:09:37.793 29571 29667 I okhttp.OkHttpClient: Vary: Origin
12-02 19:09:37.793 29571 29667 I okhttp.OkHttpClient: Vary: Access-Control-Request-Method
12-02 19:09:37.793 29571 29667 I okhttp.OkHttpClient: Vary: Access-Control-Request-Headers
12-02 19:09:37.794 29571 29667 I okhttp.OkHttpClient: X-Content-Type-Options: nosniff
12-02 19:09:37.794 29571 29667 I okhttp.OkHttpClient: X-XSS-Protection: 1; mode=block
12-02 19:09:37.794 29571 29667 I okhttp.OkHttpClient: Cache-Control: no-cache, no-store, max-age=0, must-revalidate
12-02 19:09:37.794 29571 29667 I okhttp.OkHttpClient: Pragma: no-cache
12-02 19:09:37.794 29571 29667 I okhttp.OkHttpClient: Expires: 0
12-02 19:09:37.794 29571 29667 I okhttp.OkHttpClient: X-Frame-Options: DENY
12-02 19:09:37.794 29571 29667 I okhttp.OkHttpClient: Content-Type: application/json
12-02 19:09:37.794 29571 29667 I okhttp.OkHttpClient: Transfer-Encoding: chunked
12-02 19:09:37.794 29571 29667 I okhttp.OkHttpClient: Date: Fri, 02 Dec 2022 16:09:39 GMT
12-02 19:09:37.794 29571 29667 I okhttp.OkHttpClient: Keep-Alive: timeout=60
12-02 19:09:37.797 29571 29667 I okhttp.OkHttpClient: Connection: keep-alive
12-02 19:09:37.811  2584 29765 I LogUtils: [Places]: ?: Couldn't find platform key file. [CONTEXT service_id=253 ]
12-02 19:09:37.818  2584 29791 I LogUtils: [Places]: ?: Couldn't find platform key file. [CONTEXT service_id=253 ]
12-02 19:09:37.829  2584 29804 I LogUtils: [Places]: ?: PlacesBleScanner stop() [CONTEXT service_id=253 ]
12-02 19:09:37.829  2584  2584 I BeaconBle: Scan : No clients left, canceling alarm. [CONTEXT service_id=111 ]
12-02 19:09:37.829  2584  2584 I BeaconBle: Scan canceled successfully. [CONTEXT service_id=111 ]
12-02 19:09:37.835  2584 29804 I PlacesLogger: [PlaceInferenceEngine]: [anon] Changed inference mode: 0 [CONTEXT service_id=253 ]
12-02 19:09:37.854  2584 29765 I LogUtils: [Places]: ?: Couldn't find platform key file. [CONTEXT service_id=253 ]
12-02 19:09:37.854  2584  3808 W GCoreFlp: No location to return for getLastLocation()
12-02 19:09:37.857  2584 29482 I LogUtils: [Places]: ?: Couldn't find platform key file. [CONTEXT service_id=253 ]
12-02 19:09:37.888  2584  2584 I GeofencerStateMachine: removeGeofences: removeRequest=RemoveGeofencingRequest[REMOVE_BY_PENDING_INTENT pendingIntent=PendingIntent[creatorPackage=com.google.android.gms], packageName=com.google.android.gms]
12-02 19:09:42.716  3139  3568 I WorkerManager: dispose()
12-02 19:09:42.717  3139  3568 W ThreadPoolDumper: Queue length for executor EventBus is now 11. Perhaps some tasks are too long, or the pool is too small.
12-02 19:09:42.839  2584  2584 I BeaconBle: Scan : No clients left, canceling alarm. [CONTEXT service_id=111 ]
12-02 19:09:43.260 29571 29571 D takeScreenshot: Found 1 global views to redraw
12-02 19:09:43.296  1772  1772 D gralloc_ranchu: gralloc_alloc: Creating ashmem region of size 14749696
12-02 19:09:43.330 29571 29615 W DefaultFailureHandler: Failed to take screenshot
12-02 19:09:43.330 29571 29615 W DefaultFailureHandler: java.io.FileNotFoundException: view-op-error-11.png: open failed: EROFS (Read-only file system)
12-02 19:09:43.330 29571 29615 W DefaultFailureHandler: 	at libcore.io.IoBridge.open(IoBridge.java:496)
12-02 19:09:43.330 29571 29615 W DefaultFailureHandler: 	at java.io.FileOutputStream.<init>(FileOutputStream.java:235)
12-02 19:09:43.330 29571 29615 W DefaultFailureHandler: 	at java.io.FileOutputStream.<init>(FileOutputStream.java:125)
12-02 19:09:43.330 29571 29615 W DefaultFailureHandler: 	at androidx.test.platform.io.FileTestStorage.openOutputFile(FileTestStorage.java:60)
12-02 19:09:43.330 29571 29615 W DefaultFailureHandler: 	at androidx.test.core.graphics.BitmapStorage.writeToTestStorage(BitmapStorageExt.kt:49)
12-02 19:09:43.330 29571 29615 W DefaultFailureHandler: 	at androidx.test.espresso.base.DefaultFailureHandler.takeScreenshot(DefaultFailureHandler.java:4)
12-02 19:09:43.330 29571 29615 W DefaultFailureHandler: 	at androidx.test.espresso.base.DefaultFailureHandler.handle(DefaultFailureHandler.java:3)
12-02 19:09:43.330 29571 29615 W DefaultFailureHandler: 	at androidx.test.espresso.ViewInteraction.waitForAndHandleInteractionResults(ViewInteraction.java:8)
12-02 19:09:43.330 29571 29615 W DefaultFailureHandler: 	at androidx.test.espresso.ViewInteraction.desugaredPerform(ViewInteraction.java:11)
12-02 19:09:43.330 29571 29615 W DefaultFailureHandler: 	at androidx.test.espresso.ViewInteraction.perform(ViewInteraction.java:8)
12-02 19:09:43.330 29571 29615 W DefaultFailureHandler: 	at ru.iteco.fmhandroid.ui.data.TestUtils.waitView(TestUtils.java:61)
12-02 19:09:43.330 29571 29615 W DefaultFailureHandler: 	at ru.iteco.fmhandroid.ui.steps.AuthSteps.isAuthScreen(AuthSteps.java:56)
12-02 19:09:43.330 29571 29615 W DefaultFailureHandler: 	at ru.iteco.fmhandroid.ui.ClaimsPageTest.logoutCheck(ClaimsPageTest.java:50)
12-02 19:09:43.330 29571 29615 W DefaultFailureHandler: 	at java.lang.reflect.Method.invoke(Native Method)
12-02 19:09:43.330 29571 29615 W DefaultFailureHandler: 	at org.junit.runners.model.FrameworkMethod$1.runReflectiveCall(FrameworkMethod.java:59)
12-02 19:09:43.330 29571 29615 W DefaultFailureHandler: 	at org.junit.internal.runners.model.ReflectiveCallable.run(ReflectiveCallable.java:12)
12-02 19:09:43.330 29571 29615 W DefaultFailureHandler: 	at org.junit.runners.model.FrameworkMethod.invokeExplosively(FrameworkMethod.java:56)
12-02 19:09:43.330 29571 29615 W DefaultFailureHandler: 	at androidx.test.internal.runner.junit4.statement.RunBefores.evaluate(RunBefores.java:76)
12-02 19:09:43.330 29571 29615 W DefaultFailureHandler: 	at androidx.test.rule.ActivityTestRule$ActivityStatement.evaluate(ActivityTestRule.java:543)
12-02 19:09:43.330 29571 29615 W DefaultFailureHandler: 	at io.qameta.allure.android.rules.LogcatRule$apply$1.evaluate(LogcatRule.kt:23)
12-02 19:09:43.330 29571 29615 W DefaultFailureHandler: 	at io.qameta.allure.android.rules.ScreenshotRule$apply$1.evaluate(ScreenshotRule.kt:22)
12-02 19:09:43.330 29571 29615 W DefaultFailureHandler: 	at io.qameta.allure.android.rules.ScreenshotRule$apply$1.evaluate(ScreenshotRule.kt:22)
12-02 19:09:43.330 29571 29615 W DefaultFailureHandler: 	at org.junit.rules.RunRules.evaluate(RunRules.java:20)
12-02 19:09:43.330 29571 29615 W DefaultFailureHandler: 	at org.junit.runners.ParentRunner$3.evaluate(ParentRunner.java:306)
12-02 19:09:43.330 29571 29615 W DefaultFailureHandler: 	at org.junit.runners.BlockJUnit4ClassRunner$1.evaluate(BlockJUnit4ClassRunner.java:100)
12-02 19:09:43.330 29571 29615 W DefaultFailureHandler: 	at org.junit.runners.ParentRunner.runLeaf(ParentRunner.java:366)
12-02 19:09:43.330 29571 29615 W DefaultFailureHandler: 	at org.junit.runners.BlockJUnit4ClassRunner.runChild(BlockJUnit4ClassRunner.java:103)
12-02 19:09:43.330 29571 29615 W DefaultFailureHandler: 	at org.junit.runners.BlockJUnit4ClassRunner.runChild(BlockJUnit4ClassRunner.java:63)
12-02 19:09:43.330 29571 29615 W DefaultFailureHandler: 	at org.junit.runners.ParentRunner$4.run(ParentRunner.java:331)
12-02 19:09:43.330 29571 29615 W DefaultFailureHandler: 	at org.junit.runners.ParentRunner$1.schedule(ParentRunner.java:79)
12-02 19:09:43.330 29571 29615 W DefaultFailureHandler: 	at org.junit.runners.ParentRunner.runChildren(ParentRunner.java:329)
12-02 19:09:43.330 29571 29615 W DefaultFailureHandler: 	at org.junit.runners.ParentRunner.access$100(ParentRunner.java:66)
12-02 19:09:43.330 29571 29615 W DefaultFailureHandler: 	at org.junit.runners.ParentRunner$2.evaluate(ParentRunner.java:293)
12-02 19:09:43.330 29571 29615 W DefaultFailureHandler: 	at org.junit.runners.ParentRunner$3.evaluate(ParentRunner.java:306)
12-02 19:09:43.330 29571 29615 W DefaultFailureHandler: 	at org.junit.runners.ParentRunner.run(ParentRunner.java:413)
12-02 19:09:43.330 29571 29615 W DefaultFailureHandler: 	at androidx.test.ext.junit.runners.AndroidJUnit4.run(AndroidJUnit4.java:162)
12-02 19:09:43.330 29571 29615 W DefaultFailureHandler: 	at io.qameta.allure.android.runners.AllureAndroidJUnit4.run(AllureAndroidJUnitRunners.kt:29)
12-02 19:09:43.330 29571 29615 W DefaultFailureHandler: 	at org.junit.runners.Suite.runChild(Suite.java:128)
12-02 19:09:43.330 29571 29615 W DefaultFailureHandler: 	at org.junit.runners.Suite.runChild(Suite.java:27)
12-02 19:09:43.330 29571 29615 W DefaultFailureHandler: 	at org.junit.runners.ParentRunner$4.run(ParentRunner.java:331)
12-02 19:09:43.330 29571 29615 W DefaultFailureHandler: 	at org.junit.runners.ParentRunner$1.schedule(ParentRunner.java:79)
12-02 19:09:43.330 29571 29615 W DefaultFailureHandler: 	at org.junit.runners.ParentRunner.runChildren(ParentRunner.java:329)
12-02 19:09:43.330 29571 29615 W DefaultFailureHandler: 	at org.junit.runners.ParentRunner.access$100(ParentRunner.java:66)
12-02 19:09:43.330 29571 29615 W DefaultFailureHandler: 	at org.junit.runners.ParentRunner$2.evaluate(ParentRunner.java:293)
12-02 19:09:43.330 29571 29615 W DefaultFailureHandler: 	at org.junit.runners.ParentRunner$3.evaluate(ParentRunner.java:306)
12-02 19:09:43.330 29571 29615 W DefaultFailureHandler: 	at org.junit.runners.ParentRunner.run(ParentRunner.java:413)
12-02 19:09:43.330 29571 29615 W DefaultFailureHandler: 	at org.junit.runner.JUnitCore.run(JUnitCore.java:137)
12-02 19:09:43.330 29571 29615 W DefaultFailureHandler: 	at org.junit.runner.JUnitCore.run(JUnitCore.java:115)
12-02 19:09:43.330 29571 29615 W DefaultFailureHandler: 	at androidx.test.internal.runner.TestExecutor.execute(TestExecutor.java:67)
12-02 19:09:43.330 29571 29615 W DefaultFailureHandler: 	at androidx.test.internal.runner.TestExecutor.execute(TestExecutor.java:58)
12-02 19:09:43.330 29571 29615 W DefaultFailureHandler: 	at androidx.test.runner.AndroidJUnitRunner.onStart(AndroidJUnitRunner.java:438)
12-02 19:09:43.330 29571 29615 W DefaultFailureHandler: 	at android.app.Instrumentation$InstrumentationThread.run(Instrumentation.java:2189)
12-02 19:09:43.330 29571 29615 W DefaultFailureHandler: Caused by: android.system.ErrnoException: open failed: EROFS (Read-only file system)
12-02 19:09:43.330 29571 29615 W DefaultFailureHandler: 	at libcore.io.Linux.open(Native Method)
12-02 19:09:43.330 29571 29615 W DefaultFailureHandler: 	at libcore.io.ForwardingOs.open(ForwardingOs.java:167)
12-02 19:09:43.330 29571 29615 W DefaultFailureHandler: 	at libcore.io.BlockGuardOs.open(BlockGuardOs.java:252)
12-02 19:09:43.330 29571 29615 W DefaultFailureHandler: 	at libcore.io.ForwardingOs.open(ForwardingOs.java:167)
12-02 19:09:43.330 29571 29615 W DefaultFailureHandler: 	at android.app.ActivityThread$AndroidOs.open(ActivityThread.java:7255)
12-02 19:09:43.330 29571 29615 W DefaultFailureHandler: 	at libcore.io.IoBridge.open(IoBridge.java:482)
12-02 19:09:43.330 29571 29615 W DefaultFailureHandler: 	... 51 more
12-02 19:09:43.334 29571 29571 I ViewInteraction: Performing 'wait for a specific view with <view.getId() is <2131230870/ru.iteco.fmhandroid:id/authorization_image_button>> during 10000 millis.' action on view view.getRootView() to equal view
12-02 19:09:43.336 29571 29571 I ViewInteraction: Checking 'MatchesViewAssertion{viewMatcher=(view has effective visibility <VISIBLE> and view.getGlobalVisibleRect() to return non-empty rectangle)}' assertion on view view.getId() is <2131230870/ru.iteco.fmhandroid:id/authorization_image_button>
12-02 19:09:43.337 29571 29571 I ViewInteraction: Performing 'single click' action on view view.getId() is <2131230870/ru.iteco.fmhandroid:id/authorization_image_button>
12-02 19:09:43.386  1750  3111 W audio_hw_generic: Not supplying enough data to HAL, expected position 400005496 , only wrote 400005472
12-02 19:09:43.427  1772  1772 D gralloc_ranchu: gralloc_alloc: Creating ashmem region of size 1429504
12-02 19:09:43.432  1772  1772 I chatty  : uid=1000(system) allocator@2.0-s identical 1 line
12-02 19:09:43.433  1772  1772 D gralloc_ranchu: gralloc_alloc: Creating ashmem region of size 1429504
12-02 19:09:43.435 29571 29628 D EGL_emulation: eglMakeCurrent: 0xdb91b440: ver 2 0 (tinfo 0xc077f470)
12-02 19:09:43.496 29571 29628 I chatty  : uid=10159(ru.iteco.fmhandroid) RenderThread identical 3 lines
12-02 19:09:43.510 29571 29628 D EGL_emulation: eglMakeCurrent: 0xdb91b440: ver 2 0 (tinfo 0xc077f470)
12-02 19:09:43.736 29571 29571 I ViewInteraction: Performing 'wait for a specific view with <an instance of android.widget.TextView and view.getText() with or without transformation to match: is "Log out"> during 10000 millis.' action on view view.getRootView() to equal view
12-02 19:09:43.738 29571 29571 I ViewInteraction: Checking 'MatchesViewAssertion{viewMatcher=(view has effective visibility <VISIBLE> and view.getGlobalVisibleRect() to return non-empty rectangle)}' assertion on view an instance of android.widget.TextView and view.getText() with or without transformation to match: is "Log out"
12-02 19:09:43.738 29571 29571 I ViewInteraction: Performing 'single click' action on view an instance of android.widget.TextView and view.getText() with or without transformation to match: is "Log out"
12-02 19:09:43.915 29571 29628 D EGL_emulation: eglMakeCurrent: 0xdb91b440: ver 2 0 (tinfo 0xc077f470)
12-02 19:09:43.937 29571 29628 D EGL_emulation: eglMakeCurrent: 0xdb91b440: ver 2 0 (tinfo 0xc077f470)
12-02 19:09:44.036 29571 29571 I ViewInteraction: Performing 'wait for a specific view with <(an instance of android.widget.TextView and view.getText() with or without transformation to match: is "Authorization" and view.getParent() view.getParent() view.getId() is <2131231186>)> during 10000 millis.' action on view view.getRootView() to equal view
12-02 19:09:44.039 29571 29571 I ViewInteraction: Checking 'MatchesViewAssertion{viewMatcher=(view has effective visibility <VISIBLE> and view.getGlobalVisibleRect() to return non-empty rectangle)}' assertion on view (an instance of android.widget.TextView and view.getText() with or without transformation to match: is "Authorization" and view.getParent() view.getParent() view.getId() is <2131231186/ru.iteco.fmhandroid:id/nav_host_fragment>)
12-02 19:09:44.041 29571 29571 I ViewInteraction: Performing 'wait for a specific view with <(an instance of android.widget.TextView and view.getHint() matching: is "Login" and view.getParent() view.getParent() view.getId() is <2131231121/ru.iteco.fmhandroid:id/login_text_input_layout>)> during 10000 millis.' action on view view.getRootView() to equal view
12-02 19:09:44.044 29571 29571 I ViewInteraction: Checking 'MatchesViewAssertion{viewMatcher=(view has effective visibility <VISIBLE> and view.getGlobalVisibleRect() to return non-empty rectangle)}' assertion on view (an instance of android.widget.TextView and view.getHint() matching: is "Login" and view.getParent() view.getParent() view.getId() is <2131231121/ru.iteco.fmhandroid:id/login_text_input_layout>)
12-02 19:09:44.046 29571 29571 I ViewInteraction: Performing 'wait for a specific view with <(an instance of android.widget.TextView and view.getHint() matching: is "Password" and view.getParent() view.getParent() view.getId() is <2131231264/ru.iteco.fmhandroid:id/password_text_input_layout>)> during 10000 millis.' action on view view.getRootView() to equal view
12-02 19:09:44.049 29571 29571 I ViewInteraction: Checking 'MatchesViewAssertion{viewMatcher=(view has effective visibility <VISIBLE> and view.getGlobalVisibleRect() to return non-empty rectangle)}' assertion on view (an instance of android.widget.TextView and view.getHint() matching: is "Password" and view.getParent() view.getParent() view.getId() is <2131231264/ru.iteco.fmhandroid:id/password_text_input_layout>)
12-02 19:09:44.052 29571 29571 I ViewInteraction: Performing 'wait for a specific view with <(view.getId() is <2131231039/ru.iteco.fmhandroid:id/enter_button> and an instance of android.widget.TextView and view.getText() with or without transformation to match: is "SIGN IN" and view.getContentDescription() is "Save" and view.getParent() view.getParent() an instance of android.widget.RelativeLayout)> during 10000 millis.' action on view view.getRootView() to equal view
12-02 19:09:44.055 29571 29571 I ViewInteraction: Checking 'MatchesViewAssertion{viewMatcher=(view has effective visibility <VISIBLE> and view.getGlobalVisibleRect() to return non-empty rectangle)}' assertion on view (view.getId() is <2131231039/ru.iteco.fmhandroid:id/enter_button> and an instance of android.widget.TextView and view.getText() with or without transformation to match: is "SIGN IN" and view.getContentDescription() is "Save" and view.getParent() view.getParent() an instance of android.widget.RelativeLayout)
12-02 19:09:44.057 29571 29571 I ViewInteraction: Performing 'wait for a specific view with <(an instance of android.widget.TextView and view.getText() with or without transformation to match: is "Authorization" and view.getParent() view.getParent() view.getId() is <2131231186>)> during 10000 millis.' action on view view.getRootView() to equal view
12-02 19:09:44.059 29571 29571 I ViewInteraction: Checking 'MatchesViewAssertion{viewMatcher=(view has effective visibility <VISIBLE> and view.getGlobalVisibleRect() to return non-empty rectangle)}' assertion on view (an instance of android.widget.TextView and view.getText() with or without transformation to match: is "Authorization" and view.getParent() view.getParent() view.getId() is <2131231186/ru.iteco.fmhandroid:id/nav_host_fragment>)
12-02 19:09:44.062 29571 29571 I ViewInteraction: Performing 'wait for a specific view with <(an instance of android.widget.TextView and view.getHint() matching: is "Login" and view.getParent() view.getParent() view.getId() is <2131231121/ru.iteco.fmhandroid:id/login_text_input_layout>)> during 10000 millis.' action on view view.getRootView() to equal view
12-02 19:09:44.064 29571 29571 I ViewInteraction: Checking 'MatchesViewAssertion{viewMatcher=(view has effective visibility <VISIBLE> and view.getGlobalVisibleRect() to return non-empty rectangle)}' assertion on view (an instance of android.widget.TextView and view.getHint() matching: is "Login" and view.getParent() view.getParent() view.getId() is <2131231121/ru.iteco.fmhandroid:id/login_text_input_layout>)
12-02 19:09:44.066 29571 29571 I ViewInteraction: Performing 'wait for a specific view with <(an instance of android.widget.TextView and view.getHint() matching: is "Password" and view.getParent() view.getParent() view.getId() is <2131231264/ru.iteco.fmhandroid:id/password_text_input_layout>)> during 10000 millis.' action on view view.getRootView() to equal view
12-02 19:09:44.069 29571 29571 I ViewInteraction: Checking 'MatchesViewAssertion{viewMatcher=(view has effective visibility <VISIBLE> and view.getGlobalVisibleRect() to return non-empty rectangle)}' assertion on view (an instance of android.widget.TextView and view.getHint() matching: is "Password" and view.getParent() view.getParent() view.getId() is <2131231264/ru.iteco.fmhandroid:id/password_text_input_layout>)
12-02 19:09:44.072 29571 29571 I ViewInteraction: Performing 'wait for a specific view with <(view.getId() is <2131231039/ru.iteco.fmhandroid:id/enter_button> and an instance of android.widget.TextView and view.getText() with or without transformation to match: is "SIGN IN" and view.getContentDescription() is "Save" and view.getParent() view.getParent() an instance of android.widget.RelativeLayout)> during 10000 millis.' action on view view.getRootView() to equal view
12-02 19:09:44.076 29571 29571 I ViewInteraction: Checking 'MatchesViewAssertion{viewMatcher=(view has effective visibility <VISIBLE> and view.getGlobalVisibleRect() to return non-empty rectangle)}' assertion on view (view.getId() is <2131231039/ru.iteco.fmhandroid:id/enter_button> and an instance of android.widget.TextView and view.getText() with or without transformation to match: is "SIGN IN" and view.getContentDescription() is "Save" and view.getParent() view.getParent() an instance of android.widget.RelativeLayout)
12-02 19:09:44.079 29571 29571 I ViewInteraction: Performing 'wait for a specific view with <(an instance of android.widget.TextView and view.getHint() matching: is "Login" and view.getParent() view.getParent() view.getId() is <2131231121/ru.iteco.fmhandroid:id/login_text_input_layout>)> during 10000 millis.' action on view view.getRootView() to equal view
12-02 19:09:44.082 29571 29571 I ViewInteraction: Performing 'replace text(login2)' action on view (an instance of android.widget.TextView and view.getHint() matching: is "Login" and view.getParent() view.getParent() view.getId() is <2131231121/ru.iteco.fmhandroid:id/login_text_input_layout>)
12-02 19:09:44.105 29571 29571 I ViewInteraction: Performing 'wait for a specific view with <(an instance of android.widget.TextView and view.getHint() matching: is "Password" and view.getParent() view.getParent() view.getId() is <2131231264/ru.iteco.fmhandroid:id/password_text_input_layout>)> during 10000 millis.' action on view view.getRootView() to equal view
12-02 19:09:44.109 29571 29571 I ViewInteraction: Performing 'replace text(password2)' action on view (an instance of android.widget.TextView and view.getHint() matching: is "Password" and view.getParent() view.getParent() view.getId() is <2131231264/ru.iteco.fmhandroid:id/password_text_input_layout>)
12-02 19:09:44.119 29571 29571 I ViewInteraction: Performing 'wait for a specific view with <(view.getId() is <2131231039/ru.iteco.fmhandroid:id/enter_button> and an instance of android.widget.TextView and view.getText() with or without transformation to match: is "SIGN IN" and view.getContentDescription() is "Save" and view.getParent() view.getParent() an instance of android.widget.RelativeLayout)> during 10000 millis.' action on view view.getRootView() to equal view
12-02 19:09:44.122 29571 29571 I ViewInteraction: Checking 'MatchesViewAssertion{viewMatcher=view.isClickable() is <true>}' assertion on view (view.getId() is <2131231039/ru.iteco.fmhandroid:id/enter_button> and an instance of android.widget.TextView and view.getText() with or without transformation to match: is "SIGN IN" and view.getContentDescription() is "Save" and view.getParent() view.getParent() an instance of android.widget.RelativeLayout)
12-02 19:09:44.131 29571 29571 I ViewInteraction: Performing 'wait for a specific view with <(view.getId() is <2131231039/ru.iteco.fmhandroid:id/enter_button> and an instance of android.widget.TextView and view.getText() with or without transformation to match: is "SIGN IN" and view.getContentDescription() is "Save" and view.getParent() view.getParent() an instance of android.widget.RelativeLayout)> during 10000 millis.' action on view view.getRootView() to equal view
12-02 19:09:44.135 29571 29571 I ViewInteraction: Checking 'MatchesViewAssertion{viewMatcher=view.isClickable() is <true>}' assertion on view (view.getId() is <2131231039/ru.iteco.fmhandroid:id/enter_button> and an instance of android.widget.TextView and view.getText() with or without transformation to match: is "SIGN IN" and view.getContentDescription() is "Save" and view.getParent() view.getParent() an instance of android.widget.RelativeLayout)
12-02 19:09:44.137 29571 29571 I ViewInteraction: Performing 'wait for a specific view with <(view.getId() is <2131231039/ru.iteco.fmhandroid:id/enter_button> and an instance of android.widget.TextView and view.getText() with or without transformation to match: is "SIGN IN" and view.getContentDescription() is "Save" and view.getParent() view.getParent() an instance of android.widget.RelativeLayout)> during 10000 millis.' action on view view.getRootView() to equal view
12-02 19:09:44.140 29571 29571 I ViewInteraction: Performing 'single click' action on view (view.getId() is <2131231039/ru.iteco.fmhandroid:id/enter_button> and an instance of android.widget.TextView and view.getText() with or without transformation to match: is "SIGN IN" and view.getContentDescription() is "Save" and view.getParent() view.getParent() an instance of android.widget.RelativeLayout)
12-02 19:09:44.199 29571 29664 I okhttp.OkHttpClient: --> POST http://www.981757-ca08998.tmweb.ru:8080/fmh/authentication/login
12-02 19:09:44.199 29571 29664 I okhttp.OkHttpClient: Content-Type: application/json; charset=UTF-8
12-02 19:09:44.199 29571 29664 I okhttp.OkHttpClient: Content-Length: 41
12-02 19:09:44.199 29571 29664 I okhttp.OkHttpClient: {"login":"login2","password":"password2"}
12-02 19:09:44.199 29571 29664 I okhttp.OkHttpClient: --> END POST (41-byte body)
12-02 19:09:44.423 29571 29664 I okhttp.OkHttpClient: <-- 200 http://www.981757-ca08998.tmweb.ru:8080/fmh/authentication/login (223ms)
12-02 19:09:44.423 29571 29664 I okhttp.OkHttpClient: Vary: Origin
12-02 19:09:44.423 29571 29664 I okhttp.OkHttpClient: Vary: Access-Control-Request-Method
12-02 19:09:44.423 29571 29664 I okhttp.OkHttpClient: Vary: Access-Control-Request-Headers
12-02 19:09:44.423 29571 29664 I okhttp.OkHttpClient: X-Content-Type-Options: nosniff
12-02 19:09:44.423 29571 29664 I okhttp.OkHttpClient: X-XSS-Protection: 1; mode=block
12-02 19:09:44.423 29571 29664 I okhttp.OkHttpClient: Cache-Control: no-cache, no-store, max-age=0, must-revalidate
12-02 19:09:44.424 29571 29664 I okhttp.OkHttpClient: Pragma: no-cache
12-02 19:09:44.424 29571 29664 I okhttp.OkHttpClient: Expires: 0
12-02 19:09:44.424 29571 29664 I okhttp.OkHttpClient: X-Frame-Options: DENY
12-02 19:09:44.424 29571 29664 I okhttp.OkHttpClient: Content-Type: application/json
12-02 19:09:44.424 29571 29664 I okhttp.OkHttpClient: Transfer-Encoding: chunked
12-02 19:09:44.424 29571 29664 I okhttp.OkHttpClient: Date: Fri, 02 Dec 2022 16:09:46 GMT
12-02 19:09:44.424 29571 29664 I okhttp.OkHttpClient: Keep-Alive: timeout=60
12-02 19:09:44.424 29571 29664 I okhttp.OkHttpClient: Connection: keep-alive
12-02 19:09:44.425 29571 29664 I okhttp.OkHttpClient: {"accessToken":"eyJhbGciOiJIUzUxMiJ9.eyJzdWIiOiJsb2dpbjIiLCJqdGkiOiIyIiwiZXhwIjoxNjcwMDgzNzg2fQ.8CihD5nITfVU2KocVVN-9MqdLRyCWn7Dtfxv6dNYVjEdbSCmvl31s984DFFmYP2jrmZv78FTgYvAsz4KCFdpxg","refreshToken":"eyJhbGciOiJIUzUxMiJ9.eyJzdWIiOiJsb2dpbjIiLCJqdGkiOiIyIiwiZXhwIjoxNjcyNTg5Mzg2fQ.cQQhZGyT2j8UONVh_hGanAD6eJEE-D2_48pXqxB493hKfD7Y0QnVQnoedBsCn_1kU95hTH0183qYC4k8NWWWRw"}
12-02 19:09:44.425 29571 29664 I okhttp.OkHttpClient: <-- END HTTP (368-byte body)
12-02 19:09:44.430 29571 29642 I okhttp.OkHttpClient: --> GET http://www.981757-ca08998.tmweb.ru:8080/fmh/authentication/userInfo
12-02 19:09:44.430 29571 29642 I okhttp.OkHttpClient: --> END GET
12-02 19:09:44.433 29571 29571 I ViewInteraction: Performing 'wait for a specific view with <an instance of android.widget.TextView and view.getText() with or without transformation to match: is "News"> during 10000 millis.' action on view view.getRootView() to equal view
12-02 19:09:44.568 29571 29642 I okhttp.OkHttpClient: <-- 200 http://www.981757-ca08998.tmweb.ru:8080/fmh/authentication/userInfo (137ms)
12-02 19:09:44.568 29571 29642 I okhttp.OkHttpClient: Vary: Origin
12-02 19:09:44.568 29571 29642 I okhttp.OkHttpClient: Vary: Access-Control-Request-Method
12-02 19:09:44.568 29571 29642 I okhttp.OkHttpClient: Vary: Access-Control-Request-Headers
12-02 19:09:44.568 29571 29642 I okhttp.OkHttpClient: X-Content-Type-Options: nosniff
12-02 19:09:44.568 29571 29642 I okhttp.OkHttpClient: X-XSS-Protection: 1; mode=block
12-02 19:09:44.568 29571 29642 I okhttp.OkHttpClient: Cache-Control: no-cache, no-store, max-age=0, must-revalidate
12-02 19:09:44.568 29571 29642 I okhttp.OkHttpClient: Pragma: no-cache
12-02 19:09:44.568 29571 29642 I okhttp.OkHttpClient: Expires: 0
12-02 19:09:44.568 29571 29642 I okhttp.OkHttpClient: X-Frame-Options: DENY
12-02 19:09:44.569 29571 29642 I okhttp.OkHttpClient: Content-Type: application/json
12-02 19:09:44.569 29571 29642 I okhttp.OkHttpClient: Transfer-Encoding: chunked
12-02 19:09:44.569 29571 29642 I okhttp.OkHttpClient: Date: Fri, 02 Dec 2022 16:09:46 GMT
12-02 19:09:44.569 29571 29642 I okhttp.OkHttpClient: Keep-Alive: timeout=60
12-02 19:09:44.569 29571 29642 I okhttp.OkHttpClient: Connection: keep-alive
12-02 19:09:44.569 29571 29642 I okhttp.OkHttpClient: {"id":2,"firstName":"Данил","lastName":"Иванов","middleName":"Данилович","admin":true}
12-02 19:09:44.569 29571 29642 I okhttp.OkHttpClient: <-- END HTTP (106-byte body)
12-02 19:09:44.577 29571 29646 I okhttp.OkHttpClient: --> GET http://www.981757-ca08998.tmweb.ru:8080/fmh/claims
12-02 19:09:44.577 29571 29646 I okhttp.OkHttpClient: --> END GET
12-02 19:09:44.580  1743 29818 E ResolverController: No valid NAT64 prefix (127, <unspecified>/0)
12-02 19:09:44.730 29571 29571 I ViewInteraction: Checking 'MatchesViewAssertion{viewMatcher=(view has effective visibility <VISIBLE> and view.getGlobalVisibleRect() to return non-empty rectangle)}' assertion on view an instance of android.widget.TextView and view.getText() with or without transformation to match: is "News"
12-02 19:09:44.734 29571 29571 I ViewInteraction: Performing 'wait for a specific view with <view.getId() is <2131230951>> during 10000 millis.' action on view view.getRootView() to equal view
12-02 19:09:44.737 29571 29571 I ViewInteraction: Checking 'MatchesViewAssertion{viewMatcher=(view has effective visibility <VISIBLE> and view.getGlobalVisibleRect() to return non-empty rectangle)}' assertion on view view.getId() is <2131230951/ru.iteco.fmhandroid:id/container_list_news_include_on_fragment_main>
12-02 19:09:44.741 29571 29571 I ViewInteraction: Performing 'wait for a specific view with <view.getId() is <2131230949>> during 10000 millis.' action on view view.getRootView() to equal view
