12-07 08:29:57.354 27762 27806 W DefaultFailureHandler: 	at org.junit.runners.BlockJUnit4ClassRunner.runChild(BlockJUnit4ClassRunner.java:63)
12-07 08:29:57.354 27762 27806 W DefaultFailureHandler: 	at org.junit.runners.ParentRunner$4.run(ParentRunner.java:331)
12-07 08:29:57.354 27762 27806 W DefaultFailureHandler: 	at org.junit.runners.ParentRunner$1.schedule(ParentRunner.java:79)
12-07 08:29:57.354 27762 27806 W DefaultFailureHandler: 	at org.junit.runners.ParentRunner.runChildren(ParentRunner.java:329)
12-07 08:29:57.354 27762 27806 W DefaultFailureHandler: 	at org.junit.runners.ParentRunner.access$100(ParentRunner.java:66)
12-07 08:29:57.354 27762 27806 W DefaultFailureHandler: 	at org.junit.runners.ParentRunner$2.evaluate(ParentRunner.java:293)
12-07 08:29:57.354 27762 27806 W DefaultFailureHandler: 	at org.junit.runners.ParentRunner$3.evaluate(ParentRunner.java:306)
12-07 08:29:57.354 27762 27806 W DefaultFailureHandler: 	at org.junit.runners.ParentRunner.run(ParentRunner.java:413)
12-07 08:29:57.354 27762 27806 W DefaultFailureHandler: 	at androidx.test.ext.junit.runners.AndroidJUnit4.run(AndroidJUnit4.java:162)
12-07 08:29:57.354 27762 27806 W DefaultFailureHandler: 	at io.qameta.allure.android.runners.AllureAndroidJUnit4.run(AllureAndroidJUnitRunners.kt:29)
12-07 08:29:57.354 27762 27806 W DefaultFailureHandler: 	at org.junit.runners.Suite.runChild(Suite.java:128)
12-07 08:29:57.354 27762 27806 W DefaultFailureHandler: 	at org.junit.runners.Suite.runChild(Suite.java:27)
12-07 08:29:57.354 27762 27806 W DefaultFailureHandler: 	at org.junit.runners.ParentRunner$4.run(ParentRunner.java:331)
12-07 08:29:57.354 27762 27806 W DefaultFailureHandler: 	at org.junit.runners.ParentRunner$1.schedule(ParentRunner.java:79)
12-07 08:29:57.354 27762 27806 W DefaultFailureHandler: 	at org.junit.runners.ParentRunner.runChildren(ParentRunner.java:329)
12-07 08:29:57.354 27762 27806 W DefaultFailureHandler: 	at org.junit.runners.ParentRunner.access$100(ParentRunner.java:66)
12-07 08:29:57.354 27762 27806 W DefaultFailureHandler: 	at org.junit.runners.ParentRunner$2.evaluate(ParentRunner.java:293)
12-07 08:29:57.354 27762 27806 W DefaultFailureHandler: 	at org.junit.runners.ParentRunner$3.evaluate(ParentRunner.java:306)
12-07 08:29:57.354 27762 27806 W DefaultFailureHandler: 	at org.junit.runners.ParentRunner.run(ParentRunner.java:413)
12-07 08:29:57.354 27762 27806 W DefaultFailureHandler: 	at org.junit.runner.JUnitCore.run(JUnitCore.java:137)
12-07 08:29:57.354 27762 27806 W DefaultFailureHandler: 	at org.junit.runner.JUnitCore.run(JUnitCore.java:115)
12-07 08:29:57.354 27762 27806 W DefaultFailureHandler: 	at androidx.test.internal.runner.TestExecutor.execute(TestExecutor.java:67)
12-07 08:29:57.354 27762 27806 W DefaultFailureHandler: 	at androidx.test.internal.runner.TestExecutor.execute(TestExecutor.java:58)
12-07 08:29:57.354 27762 27806 W DefaultFailureHandler: 	at androidx.test.runner.AndroidJUnitRunner.onStart(AndroidJUnitRunner.java:438)
12-07 08:29:57.354 27762 27806 W DefaultFailureHandler: 	at android.app.Instrumentation$InstrumentationThread.run(Instrumentation.java:2189)
12-07 08:29:57.354 27762 27806 W DefaultFailureHandler: Caused by: android.system.ErrnoException: open failed: EROFS (Read-only file system)
12-07 08:29:57.354 27762 27806 W DefaultFailureHandler: 	at libcore.io.Linux.open(Native Method)
12-07 08:29:57.354 27762 27806 W DefaultFailureHandler: 	at libcore.io.ForwardingOs.open(ForwardingOs.java:167)
12-07 08:29:57.354 27762 27806 W DefaultFailureHandler: 	at libcore.io.BlockGuardOs.open(BlockGuardOs.java:252)
12-07 08:29:57.354 27762 27806 W DefaultFailureHandler: 	at libcore.io.ForwardingOs.open(ForwardingOs.java:167)
12-07 08:29:57.354 27762 27806 W DefaultFailureHandler: 	at android.app.ActivityThread$AndroidOs.open(ActivityThread.java:7255)
12-07 08:29:57.354 27762 27806 W DefaultFailureHandler: 	at libcore.io.IoBridge.open(IoBridge.java:482)
12-07 08:29:57.354 27762 27806 W DefaultFailureHandler: 	... 51 more
12-07 08:29:57.367 27762 27762 I ViewInteraction: Performing 'wait for a specific view with <view.getId() is <2131230870/ru.iteco.fmhandroid:id/authorization_image_button>> during 10000 millis.' action on view view.getRootView() to equal view
12-07 08:30:00.009  2170  2170 D KeyguardClockSwitch: Updating clock: 830
12-07 08:30:00.067 27762 27861 I okhttp.OkHttpClient: <-- HTTP FAILED: java.net.SocketTimeoutException: timeout
12-07 08:30:00.068 27762 27762 W System.err: ru.iteco.fmhandroid.exceptions.UnknownException
12-07 08:30:00.068 27762 27762 W System.err: 	at ru.iteco.fmhandroid.utils.Utils.makeRequest(Utils.kt:123)
12-07 08:30:00.068 27762 27762 W System.err: 	at ru.iteco.fmhandroid.utils.Utils$makeRequest$1.invokeSuspend(Unknown Source:15)
12-07 08:30:00.068 27762 27762 W System.err: 	at kotlin.coroutines.jvm.internal.BaseContinuationImpl.resumeWith(ContinuationImpl.kt:33)
12-07 08:30:00.069 27762 27762 W System.err: 	at kotlinx.coroutines.DispatchedTaskKt.resume(DispatchedTask.kt:234)
12-07 08:30:00.069 27762 27762 W System.err: 	at kotlinx.coroutines.DispatchedTaskKt.resumeUnconfined(DispatchedTask.kt:190)
12-07 08:30:00.069 27762 27762 W System.err: 	at kotlinx.coroutines.DispatchedTaskKt.dispatch(DispatchedTask.kt:161)
12-07 08:30:00.069 27762 27762 W System.err: 	at kotlinx.coroutines.CancellableContinuationImpl.dispatchResume(CancellableContinuationImpl.kt:397)
12-07 08:30:00.069 27762 27762 W System.err: 	at kotlinx.coroutines.CancellableContinuationImpl.cancel(CancellableContinuationImpl.kt:183)
12-07 08:30:00.069 27762 27762 W System.err: 	at kotlinx.coroutines.CancellableContinuationImpl.parentCancelled$kotlinx_coroutines_core(CancellableContinuationImpl.kt:190)
12-07 08:30:00.069 27762 27762 W System.err: 	at kotlinx.coroutines.ChildContinuation.invoke(JobSupport.kt:1474)
12-07 08:30:00.069 27762 27762 W System.err: 	at kotlinx.coroutines.JobSupport.notifyCancelling(JobSupport.kt:1499)
12-07 08:30:00.069 27762 27762 W System.err: 	at kotlinx.coroutines.JobSupport.tryMakeCancelling(JobSupport.kt:795)
12-07 08:30:00.069 27762 27762 W System.err: 	at kotlinx.coroutines.JobSupport.makeCancelling(JobSupport.kt:755)
12-07 08:30:00.069 27762 27762 W System.err: 	at kotlinx.coroutines.JobSupport.cancelImpl$kotlinx_coroutines_core(JobSupport.kt:671)
12-07 08:30:00.069 27762 27762 W System.err: 	at kotlinx.coroutines.JobSupport.parentCancelled(JobSupport.kt:637)
12-07 08:30:00.069 27762 27762 W System.err: 	at kotlinx.coroutines.ChildHandleNode.invoke(JobSupport.kt:1465)
12-07 08:30:00.069 27762 27762 W System.err: 	at kotlinx.coroutines.JobSupport.notifyCancelling(JobSupport.kt:1499)
12-07 08:30:00.069 27762 27762 W System.err: 	at kotlinx.coroutines.JobSupport.tryMakeCompletingSlowPath(JobSupport.kt:900)
12-07 08:30:00.069 27762 27762 W System.err: 	at kotlinx.coroutines.JobSupport.tryMakeCompleting(JobSupport.kt:863)
12-07 08:30:00.069 27762 27762 W System.err: 	at kotlinx.coroutines.JobSupport.cancelMakeCompleting(JobSupport.kt:696)
12-07 08:30:00.069 27762 27762 W System.err: 	at kotlinx.coroutines.JobSupport.cancelImpl$kotlinx_coroutines_core(JobSupport.kt:667)
12-07 08:30:00.069 27762 27762 W System.err: 	at kotlinx.coroutines.JobSupport.cancelInternal(JobSupport.kt:632)
12-07 08:30:00.069 27762 27762 W System.err: 	at kotlinx.coroutines.JobSupport.cancel(JobSupport.kt:617)
12-07 08:30:00.069 27762 27762 W System.err: 	at kotlinx.coroutines.JobKt__JobKt.cancel(Job.kt:561)
12-07 08:30:00.069 27762 27762 W System.err: 	at kotlinx.coroutines.JobKt.cancel(Unknown Source:1)
12-07 08:30:00.069 27762 27762 W System.err: 	at kotlinx.coroutines.JobKt__JobKt.cancel$default(Job.kt:560)
12-07 08:30:00.069 27762 27762 W System.err: 	at kotlinx.coroutines.JobKt.cancel$default(Unknown Source:1)
12-07 08:30:00.069 27762 27762 W System.err: 	at androidx.lifecycle.CloseableCoroutineScope.close(ViewModel.kt:51)
12-07 08:30:00.069 27762 27762 W System.err: 	at androidx.lifecycle.ViewModel.closeWithRuntimeException(ViewModel.java:188)
12-07 08:30:00.069 27762 27762 W System.err: 	at androidx.lifecycle.ViewModel.clear(ViewModel.java:134)
12-07 08:30:00.069 27762 27762 W System.err: 	at androidx.lifecycle.ViewModelStore.clear(ViewModelStore.java:62)
12-07 08:30:00.069 27762 27762 W System.err: 	at androidx.fragment.app.FragmentManagerViewModel.clearNonConfigStateInternal(FragmentManagerViewModel.java:210)
12-07 08:30:00.069 27762 27762 W System.err: 	at androidx.fragment.app.FragmentManagerViewModel.clearNonConfigState(FragmentManagerViewModel.java:190)
12-07 08:30:00.069 27762 27762 W System.err: 	at androidx.fragment.app.FragmentStateManager.destroy(FragmentStateManager.java:778)
12-07 08:30:00.069 27762 27762 W System.err: 	at androidx.fragment.app.FragmentStateManager.moveToExpectedState(FragmentStateManager.java:335)
12-07 08:30:00.069 27762 27762 W System.err: 	at androidx.fragment.app.FragmentStore.moveToExpectedState(FragmentStore.java:121)
12-07 08:30:00.069 27762 27762 W System.err: 	at androidx.fragment.app.FragmentManager.moveToState(FragmentManager.java:1374)
12-07 08:30:00.069 27762 27762 W System.err: 	at androidx.fragment.app.FragmentManager.dispatchStateChange(FragmentManager.java:2841)
12-07 08:30:00.070 27762 27762 W System.err: 	at androidx.fragment.app.FragmentManager.dispatchDestroy(FragmentManager.java:2820)
12-07 08:30:00.070 27762 27762 W System.err: 	at androidx.fragment.app.Fragment.performDestroy(Fragment.java:3246)
12-07 08:30:00.070 27762 27762 W System.err: 	at androidx.fragment.app.FragmentStateManager.destroy(FragmentStateManager.java:780)
12-07 08:30:00.070 27762 27762 W System.err: 	at androidx.fragment.app.FragmentStateManager.moveToExpectedState(FragmentStateManager.java:335)
12-07 08:30:00.070 27762 27762 W System.err: 	at androidx.fragment.app.SpecialEffectsController$FragmentStateManagerOperation.complete(SpecialEffectsController.java:771)
12-07 08:30:00.070 27762 27762 W System.err: 	at androidx.fragment.app.SpecialEffectsController$Operation.cancel(SpecialEffectsController.java:615)
12-07 08:30:00.070 27762 27762 W System.err: 	at androidx.fragment.app.SpecialEffectsController.forceCompleteAllOperations(SpecialEffectsController.java:350)
12-07 08:30:00.070 27762 27762 W System.err: 	at androidx.fragment.app.FragmentManager.dispatchStateChange(FragmentManager.java:2844)
12-07 08:30:00.070 27762 27762 W System.err: 	at androidx.fragment.app.FragmentManager.dispatchDestroy(FragmentManager.java:2820)
12-07 08:30:00.070 27762 27762 W System.err: 	at androidx.fragment.app.FragmentController.dispatchDestroy(FragmentController.java:345)
12-07 08:30:00.070 27762 27762 W System.err: 	at androidx.fragment.app.FragmentActivity.onDestroy(FragmentActivity.java:306)
12-07 08:30:00.070 27762 27762 W System.err: 	at androidx.appcompat.app.AppCompatActivity.onDestroy(AppCompatActivity.java:278)
12-07 08:30:00.070 27762 27762 W System.err: 	at android.app.Activity.performDestroy(Activity.java:8048)
12-07 08:30:00.070 27762 27762 W System.err: 	at android.app.Instrumentation.callActivityOnDestroy(Instrumentation.java:1334)
12-07 08:30:00.070 27762 27762 W System.err: 	at androidx.test.runner.MonitoringInstrumentation.callActivityOnDestroy(MonitoringInstrumentation.java:766)
12-07 08:30:00.070 27762 27762 W System.err: 	at android.app.ActivityThread.performDestroyActivity(ActivityThread.java:4926)
12-07 08:30:00.070 27762 27762 W System.err: 	at android.app.ActivityThread.handleDestroyActivity(ActivityThread.java:4970)
12-07 08:30:00.070 27762 27762 W System.err: 	at android.app.servertransaction.DestroyActivityItem.execute(DestroyActivityItem.java:44)
12-07 08:30:00.071 27762 27762 W System.err: 	at android.app.servertransaction.TransactionExecutor.executeLifecycleState(TransactionExecutor.java:176)
12-07 08:30:00.071 27762 27762 W System.err: 	at android.app.servertransaction.TransactionExecutor.execute(TransactionExecutor.java:97)
12-07 08:30:00.071 27762 27762 W System.err: 	at android.app.ActivityThread$H.handleMessage(ActivityThread.java:2016)
12-07 08:30:00.071 27762 27762 W System.err: 	at android.os.Handler.dispatchMessage(Handler.java:107)
12-07 08:30:00.071 27762 27762 W System.err: 	at android.os.Looper.loop(Looper.java:214)
12-07 08:30:00.071 27762 27762 W System.err: 	at android.app.ActivityThread.main(ActivityThread.java:7356)
12-07 08:30:00.071 27762 27762 W System.err: 	at java.lang.reflect.Method.invoke(Native Method)
12-07 08:30:00.071 27762 27762 W System.err: 	at com.android.internal.os.RuntimeInit$MethodAndArgsCaller.run(RuntimeInit.java:492)
12-07 08:30:00.071 27762 27762 W System.err: 	at com.android.internal.os.ZygoteInit.main(ZygoteInit.java:930)
12-07 08:30:06.480  2018  2058 E memtrack: Couldn't load memtrack module
12-07 08:30:06.480  2018  2058 W android.os.Debug: failed to get memory consumption info: -1
12-07 08:30:07.373 27762 27762 D takeScreenshot: Found 1 global views to redraw
12-07 08:30:07.403  1776  1776 D gralloc_ranchu: gralloc_alloc: Creating ashmem region of size 10108928
12-07 08:30:07.454 27762 27806 W DefaultFailureHandler: Failed to take screenshot
12-07 08:30:07.454 27762 27806 W DefaultFailureHandler: java.io.FileNotFoundException: view-op-error-10.png: open failed: EROFS (Read-only file system)
12-07 08:30:07.454 27762 27806 W DefaultFailureHandler: 	at libcore.io.IoBridge.open(IoBridge.java:496)
12-07 08:30:07.454 27762 27806 W DefaultFailureHandler: 	at java.io.FileOutputStream.<init>(FileOutputStream.java:235)
12-07 08:30:07.454 27762 27806 W DefaultFailureHandler: 	at java.io.FileOutputStream.<init>(FileOutputStream.java:125)
12-07 08:30:07.454 27762 27806 W DefaultFailureHandler: 	at androidx.test.platform.io.FileTestStorage.openOutputFile(FileTestStorage.java:60)
12-07 08:30:07.454 27762 27806 W DefaultFailureHandler: 	at androidx.test.core.graphics.BitmapStorage.writeToTestStorage(BitmapStorageExt.kt:49)
12-07 08:30:07.454 27762 27806 W DefaultFailureHandler: 	at androidx.test.espresso.base.DefaultFailureHandler.takeScreenshot(DefaultFailureHandler.java:4)
12-07 08:30:07.454 27762 27806 W DefaultFailureHandler: 	at androidx.test.espresso.base.DefaultFailureHandler.handle(DefaultFailureHandler.java:3)
12-07 08:30:07.454 27762 27806 W DefaultFailureHandler: 	at androidx.test.espresso.ViewInteraction.waitForAndHandleInteractionResults(ViewInteraction.java:8)
12-07 08:30:07.454 27762 27806 W DefaultFailureHandler: 	at androidx.test.espresso.ViewInteraction.desugaredPerform(ViewInteraction.java:11)
12-07 08:30:07.454 27762 27806 W DefaultFailureHandler: 	at androidx.test.espresso.ViewInteraction.perform(ViewInteraction.java:8)
12-07 08:30:07.454 27762 27806 W DefaultFailureHandler: 	at ru.iteco.fmhandroid.ui.data.TestUtils.waitView(TestUtils.java:61)
12-07 08:30:07.454 27762 27806 W DefaultFailureHandler: 	at ru.iteco.fmhandroid.ui.steps.MainPageSteps.clickLogOutBut(MainPageSteps.java:55)
12-07 08:30:07.454 27762 27806 W DefaultFailureHandler: 	at ru.iteco.fmhandroid.ui.ControlPanelTest.logoutCheckAndOpenControlPanelPage(ControlPanelTest.java:62)
12-07 08:30:07.454 27762 27806 W DefaultFailureHandler: 	at java.lang.reflect.Method.invoke(Native Method)
12-07 08:30:07.454 27762 27806 W DefaultFailureHandler: 	at org.junit.runners.model.FrameworkMethod$1.runReflectiveCall(FrameworkMethod.java:59)
12-07 08:30:07.454 27762 27806 W DefaultFailureHandler: 	at org.junit.internal.runners.model.ReflectiveCallable.run(ReflectiveCallable.java:12)
12-07 08:30:07.454 27762 27806 W DefaultFailureHandler: 	at org.junit.runners.model.FrameworkMethod.invokeExplosively(FrameworkMethod.java:56)
12-07 08:30:07.454 27762 27806 W DefaultFailureHandler: 	at androidx.test.internal.runner.junit4.statement.RunBefores.evaluate(RunBefores.java:76)
12-07 08:30:07.454 27762 27806 W DefaultFailureHandler: 	at androidx.test.internal.runner.junit4.statement.RunAfters.evaluate(RunAfters.java:61)
12-07 08:30:07.454 27762 27806 W DefaultFailureHandler: 	at io.qameta.allure.android.rules.ScreenshotRule$apply$1.evaluate(ScreenshotRule.kt:22)
12-07 08:30:07.454 27762 27806 W DefaultFailureHandler: 	at org.junit.rules.ExternalResource$1.evaluate(ExternalResource.java:54)
12-07 08:30:07.454 27762 27806 W DefaultFailureHandler: 	at io.qameta.allure.android.rules.LogcatRule$apply$1.evaluate(LogcatRule.kt:23)
12-07 08:30:07.454 27762 27806 W DefaultFailureHandler: 	at org.junit.rules.RunRules.evaluate(RunRules.java:20)
12-07 08:30:07.454 27762 27806 W DefaultFailureHandler: 	at org.junit.runners.ParentRunner$3.evaluate(ParentRunner.java:306)
12-07 08:30:07.454 27762 27806 W DefaultFailureHandler: 	at org.junit.runners.BlockJUnit4ClassRunner$1.evaluate(BlockJUnit4ClassRunner.java:100)
12-07 08:30:07.454 27762 27806 W DefaultFailureHandler: 	at org.junit.runners.ParentRunner.runLeaf(ParentRunner.java:366)
12-07 08:30:07.454 27762 27806 W DefaultFailureHandler: 	at org.junit.runners.BlockJUnit4ClassRunner.runChild(BlockJUnit4ClassRunner.java:103)
12-07 08:30:07.454 27762 27806 W DefaultFailureHandler: 	at org.junit.runners.BlockJUnit4ClassRunner.runChild(BlockJUnit4ClassRunner.java:63)
12-07 08:30:07.454 27762 27806 W DefaultFailureHandler: 	at org.junit.runners.ParentRunner$4.run(ParentRunner.java:331)
12-07 08:30:07.454 27762 27806 W DefaultFailureHandler: 	at org.junit.runners.ParentRunner$1.schedule(ParentRunner.java:79)
12-07 08:30:07.454 27762 27806 W DefaultFailureHandler: 	at org.junit.runners.ParentRunner.runChildren(ParentRunner.java:329)
12-07 08:30:07.454 27762 27806 W DefaultFailureHandler: 	at org.junit.runners.ParentRunner.access$100(ParentRunner.java:66)
12-07 08:30:07.454 27762 27806 W DefaultFailureHandler: 	at org.junit.runners.ParentRunner$2.evaluate(ParentRunner.java:293)
12-07 08:30:07.454 27762 27806 W DefaultFailureHandler: 	at org.junit.runners.ParentRunner$3.evaluate(ParentRunner.java:306)
12-07 08:30:07.454 27762 27806 W DefaultFailureHandler: 	at org.junit.runners.ParentRunner.run(ParentRunner.java:413)
12-07 08:30:07.454 27762 27806 W DefaultFailureHandler: 	at androidx.test.ext.junit.runners.AndroidJUnit4.run(AndroidJUnit4.java:162)
12-07 08:30:07.454 27762 27806 W DefaultFailureHandler: 	at io.qameta.allure.android.runners.AllureAndroidJUnit4.run(AllureAndroidJUnitRunners.kt:29)
12-07 08:30:07.454 27762 27806 W DefaultFailureHandler: 	at org.junit.runners.Suite.runChild(Suite.java:128)
12-07 08:30:07.454 27762 27806 W DefaultFailureHandler: 	at org.junit.runners.Suite.runChild(Suite.java:27)
12-07 08:30:07.454 27762 27806 W DefaultFailureHandler: 	at org.junit.runners.ParentRunner$4.run(ParentRunner.java:331)
12-07 08:30:07.454 27762 27806 W DefaultFailureHandler: 	at org.junit.runners.ParentRunner$1.schedule(ParentRunner.java:79)
12-07 08:30:07.454 27762 27806 W DefaultFailureHandler: 	at org.junit.runners.ParentRunner.runChildren(ParentRunner.java:329)
12-07 08:30:07.454 27762 27806 W DefaultFailureHandler: 	at org.junit.runners.ParentRunner.access$100(ParentRunner.java:66)
12-07 08:30:07.454 27762 27806 W DefaultFailureHandler: 	at org.junit.runners.ParentRunner$2.evaluate(ParentRunner.java:293)
12-07 08:30:07.454 27762 27806 W DefaultFailureHandler: 	at org.junit.runners.ParentRunner$3.evaluate(ParentRunner.java:306)
12-07 08:30:07.454 27762 27806 W DefaultFailureHandler: 	at org.junit.runners.ParentRunner.run(ParentRunner.java:413)
12-07 08:30:07.454 27762 27806 W DefaultFailureHandler: 	at org.junit.runner.JUnitCore.run(JUnitCore.java:137)
12-07 08:30:07.454 27762 27806 W DefaultFailureHandler: 	at org.junit.runner.JUnitCore.run(JUnitCore.java:115)
12-07 08:30:07.454 27762 27806 W DefaultFailureHandler: 	at androidx.test.internal.runner.TestExecutor.execute(TestExecutor.java:67)
12-07 08:30:07.454 27762 27806 W DefaultFailureHandler: 	at androidx.test.internal.runner.TestExecutor.execute(TestExecutor.java:58)
12-07 08:30:07.454 27762 27806 W DefaultFailureHandler: 	at androidx.test.runner.AndroidJUnitRunner.onStart(AndroidJUnitRunner.java:438)
12-07 08:30:07.455 27762 27806 W DefaultFailureHandler: 	at android.app.Instrumentation$InstrumentationThread.run(Instrumentation.java:2189)
12-07 08:30:07.455 27762 27806 W DefaultFailureHandler: Caused by: android.system.ErrnoException: open failed: EROFS (Read-only file system)
12-07 08:30:07.455 27762 27806 W DefaultFailureHandler: 	at libcore.io.Linux.open(Native Method)
12-07 08:30:07.455 27762 27806 W DefaultFailureHandler: 	at libcore.io.ForwardingOs.open(ForwardingOs.java:167)
12-07 08:30:07.455 27762 27806 W DefaultFailureHandler: 	at libcore.io.BlockGuardOs.open(BlockGuardOs.java:252)
12-07 08:30:07.455 27762 27806 W DefaultFailureHandler: 	at libcore.io.ForwardingOs.open(ForwardingOs.java:167)
12-07 08:30:07.455 27762 27806 W DefaultFailureHandler: 	at android.app.ActivityThread$AndroidOs.open(ActivityThread.java:7255)
12-07 08:30:07.455 27762 27806 W DefaultFailureHandler: 	at libcore.io.IoBridge.open(IoBridge.java:482)
12-07 08:30:07.455 27762 27806 W DefaultFailureHandler: 	... 51 more
12-07 08:30:07.468  2170  2170 D StatusBar: disable<e i a s b h r c s > disable2<q i n >
12-07 08:30:07.502  2170  2566 D EGL_emulation: eglMakeCurrent: 0xe594e040: ver 2 0 (tinfo 0xc52450c0)
12-07 08:30:07.514  1776  1776 D gralloc_ranchu: gralloc_alloc: Creating ashmem region of size 10108928
12-07 08:30:07.528  2170  2566 D EGL_emulation: eglMakeCurrent: 0xe594e040: ver 2 0 (tinfo 0xc52450c0)
12-07 08:30:07.572  1776  1776 D gralloc_ranchu: gralloc_alloc: Creating ashmem region of size 10108928
12-07 08:30:07.599  2170  2170 D StatusBar: disable<e i a s b h r c s > disable2<q i n >
12-07 08:30:07.641  1776  1776 D gralloc_ranchu: gralloc_alloc: Creating ashmem region of size 10108928
12-07 08:30:08.495 27762 27806 I QueryController: Matched selector: UiSelector[DESCRIPTION=Airplane mode] <<==>> [android.view.accessibility.AccessibilityNodeInfo@6d7a0; boundsInParent: Rect(0, 0 - 292, 292); boundsInScreen: Rect(736, 804 - 1028, 1096); packageName: com.android.systemui; className: android.widget.Switch; text: Off; error: null; maxTextLength: -1; contentDescription: Airplane mode; tooltipText: null; viewIdResName: null; checkable: true; checked: false; focusable: true; focused: false; selected: false; clickable: true; longClickable: true; contextClickable: false; enabled: true; password: false; scrollable: false; importantForAccessibility: true; visible: true; actions: [AccessibilityAction: ACTION_FOCUS - null, AccessibilityAction: ACTION_SELECT - null, AccessibilityAction: ACTION_CLEAR_SELECTION - null, AccessibilityAction: ACTION_CLICK - null, AccessibilityAction: ACTION_ACCESSIBILITY_FOCUS - null, AccessibilityAction: ACTION_NEXT_AT_MOVEMENT_GRANULARITY - null, AccessibilityAction: ACTION_PREVIOUS_AT_MOVEMENT_GRANULARITY - null, AccessibilityAction: ACTION_SET_SELECTION - null, AccessibilityAction: ACTION_SHOW_ON_SCREEN - null, AccessibilityAction: ACTION_LONG_CLICK - Open settings]]
12-07 08:30:08.520  2018  2051 D AutofillManagerService: onBackKeyPressed()
12-07 08:30:09.221  2170  2170 V StatusBar: mStatusBarWindow: com.android.systemui.statusbar.phone.StatusBarWindowView{4752fa5 V.E...... ........ 0,0-1080,2340} canPanelBeCollapsed(): true
12-07 08:30:09.229  2170  2170 D StatusBar: disable<e i a s b h r c s > disable2<q i n >
12-07 08:30:09.242  1776  1776 D gralloc_ranchu: gralloc_alloc: Creating ashmem region of size 10108928
12-07 08:30:09.325  2170  2170 D StatusBar: disable<e i a s b h r c s > disable2<q i n >
12-07 08:30:09.376  2170  2566 D EGL_emulation: eglMakeCurrent: 0xe594e040: ver 2 0 (tinfo 0xc52450c0)
12-07 08:30:09.385  1776  1776 D gralloc_ranchu: gralloc_alloc: Creating ashmem region of size 286720
12-07 08:30:09.405  2170  2566 D EGL_emulation: eglMakeCurrent: 0xe594e040: ver 2 0 (tinfo 0xc52450c0)
12-07 08:30:09.433  1776  1776 D gralloc_ranchu: gralloc_alloc: Creating ashmem region of size 286720
12-07 08:30:09.219  2018  2051 D AutofillManagerService: onBackKeyPressed()
12-07 08:30:09.542  2018  5907 I ActivityTaskManager: START u0 {act=android.intent.action.MAIN cat=[android.intent.category.LAUNCHER] flg=0x10000000 cmp=ru.iteco.fmhandroid.test/androidx.test.core.app.InstrumentationActivityInvoker$EmptyActivity} from uid 10146
12-07 08:30:09.460  1776  1776 D gralloc_ranchu: gralloc_alloc: Creating ashmem region of size 286720
12-07 08:30:09.554 27762 27762 D LifecycleMonitor: Lifecycle status change: ru.iteco.fmhandroid.ui.AppActivity@769797a in: PAUSED
12-07 08:30:09.555 27762 27762 V ActivityScenario: Update currentActivityStage to PAUSED, currentActivity=ru.iteco.fmhandroid.ui.AppActivity@769797a
12-07 08:30:09.556  2018  8910 W InputReader: Device has associated, but no associated display id.
12-07 08:30:09.558  2018  8910 I chatty  : uid=1000(system) Binder:2018_1C identical 38 lines
12-07 08:30:09.558  2018  8910 W InputReader: Device has associated, but no associated display id.
12-07 08:30:09.558 27818 27818 W ActivityThread: handleWindowVisibility: no activity for token android.os.BinderProxy@e4a6b89
12-07 08:30:09.560  2018  8910 W InputReader: Device has associated, but no associated display id.
12-07 08:30:09.560  2018  8910 I chatty  : uid=1000(system) Binder:2018_1C identical 8 lines
12-07 08:30:09.560  2018  8910 W InputReader: Device has associated, but no associated display id.
12-07 08:30:09.585 27762 27799 V FA      : Recording user engagement, ms: 22495
12-07 08:30:09.619  2018  3051 I ActivityTaskManager: START u0 {act=android.intent.action.MAIN cat=[android.intent.category.LAUNCHER] flg=0x10000000 cmp=ru.iteco.fmhandroid.test/androidx.test.core.app.InstrumentationActivityInvoker$EmptyActivity} from uid 10146
12-07 08:30:09.638 27762 27799 V FA      : Connecting to remote service
12-07 08:30:09.646  1776  1776 D gralloc_ranchu: gralloc_alloc: Creating ashmem region of size 10108928
12-07 08:30:09.655  1776  1776 D gralloc_ranchu: gralloc_alloc: Creating ashmem region of size 10108928
12-07 08:30:09.660 27818 27849 D EGL_emulation: eglMakeCurrent: 0xe597eb60: ver 2 0 (tinfo 0xf0c893b0)
12-07 08:30:09.669  1776  1776 D gralloc_ranchu: gralloc_alloc: Creating ashmem region of size 10108928
12-07 08:30:09.696 27762 27799 V FA      : Connection attempt already in progress
12-07 08:30:09.696 27762 27799 V FA      : Activity paused, time: 39271957
12-07 08:30:09.704 27762 27799 D FA      : Connected to remote service
12-07 08:30:09.704 27762 27799 V FA      : Processing queued up service tasks: 2
12-07 08:30:09.709  2018  5907 W InputReader: Device has associated, but no associated display id.
12-07 08:30:09.722  2018  5907 I chatty  : uid=1000(system) Binder:2018_17 identical 48 lines
12-07 08:30:09.722  2018  5907 W InputReader: Device has associated, but no associated display id.
12-07 08:30:09.739 27818 27818 W ActivityThread: handleWindowVisibility: no activity for token android.os.BinderProxy@b5c6143
12-07 08:30:09.751  2873 28123 V FA-SVC  : Logging event: origin=auto,name=user_engagement(_e),params=Bundle[{ga_event_origin(_o)=auto, engagement_time_msec(_et)=22495, ga_screen_class(_sc)=AppActivity, ga_screen_id(_si)=8894325159233167662}]
12-07 08:30:09.753  2018  2058 E memtrack: Couldn't load memtrack module
12-07 08:30:09.753  2018  2058 W android.os.Debug: failed to get memory consumption info: -1
12-07 08:30:09.780  2018  3051 W ActivityTaskManager: Duplicate finish request for ActivityRecord{791764d u0 ru.iteco.fmhandroid/.ui.AppActivity t196 f}
12-07 08:30:09.810  2873 28123 V FA-SVC  : Upload scheduled in approximately ms: 506770
12-07 08:30:09.810  2873 28123 V FA-SVC  : Unscheduling upload
12-07 08:30:09.826  2873 28123 V FA-SVC  : Scheduling upload, millis: 506770
12-07 08:30:09.841  1776  1776 D gralloc_ranchu: gralloc_alloc: Creating ashmem region of size 10108928
12-07 08:30:09.840  2873 28123 V FA-SVC  : Background event processing time, ms: 89
12-07 08:30:09.843  1744  1957 I netd    : trafficSwapActiveStatsMap() <40.37ms>
12-07 08:30:09.850  1744  1957 I netd    : tetherGetStats() <5.20ms>
12-07 08:30:09.856  1776  1776 D gralloc_ranchu: gralloc_alloc: Creating ashmem region of size 10108928
12-07 08:30:09.860 27818 27849 D EGL_emulation: eglMakeCurrent: 0xe597eb60: ver 2 0 (tinfo 0xf0c893b0)
12-07 08:30:09.865  1776  1776 D gralloc_ranchu: gralloc_alloc: Creating ashmem region of size 10108928
12-07 08:30:09.886  2018  2054 W InputReader: Device has associated, but no associated display id.
12-07 08:30:09.888  2018  2054 I chatty  : uid=1000(system) android.anim identical 18 lines
12-07 08:30:09.888  2018  2054 W InputReader: Device has associated, but no associated display id.
12-07 08:30:09.894  2018  2058 I ActivityTaskManager: Displayed ru.iteco.fmhandroid.test/androidx.test.core.app.InstrumentationActivityInvoker$EmptyActivity: +151ms
12-07 08:30:09.915 27762 27852 D EGL_emulation: eglMakeCurrent: 0xe593ea40: ver 2 0 (tinfo 0xf0cc0130)
12-07 08:30:09.923  2018  8097 W InputReader: Device has associated, but no associated display id.
12-07 08:30:09.923  2018  8097 I chatty  : uid=1000(system) Binder:2018_1B identical 8 lines
12-07 08:30:09.923  2018  8097 W InputReader: Device has associated, but no associated display id.
12-07 08:30:09.938 27818 27849 D EGL_emulation: eglMakeCurrent: 0xe597eb60: ver 2 0 (tinfo 0xf0c893b0)
12-07 08:30:09.950 27818 27849 D EGL_emulation: eglMakeCurrent: 0xe597eb60: ver 2 0 (tinfo 0xf0c893b0)
12-07 08:30:09.954  2656 28136 E SQLiteDatabase: Error inserting flex_time=506000 job_id=-1 period=1014000 source=16 requires_charging=0 preferred_network_type=1 target_class=com.google.android.gms.measurement.PackageMeasurementTaskService user_id=0 target_package=com.google.android.gms tag=Measurement.PackageMeasurementTaskService.UPLOAD_TASK_TAG task_type=0 required_idleness_state=0 service_kind=0 source_version=202414000 persistence_level=1 preferred_charging_state=1 required_network_type=0 runtime=1670419809866 retry_strategy={"maximum_backoff_seconds":{"3600":0},"initial_backoff_seconds":{"30":0},"retry_policy":{"0":0}} last_runtime=0
12-07 08:30:09.954  2656 28136 E SQLiteDatabase: android.database.sqlite.SQLiteConstraintException: UNIQUE constraint failed: pending_ops.tag, pending_ops.target_class, pending_ops.target_package, pending_ops.user_id (code 2067 SQLITE_CONSTRAINT_UNIQUE)
12-07 08:30:09.954  2656 28136 E SQLiteDatabase: 	at android.database.sqlite.SQLiteConnection.nativeExecuteForLastInsertedRowId(Native Method)
12-07 08:30:09.954  2656 28136 E SQLiteDatabase: 	at android.database.sqlite.SQLiteConnection.executeForLastInsertedRowId(SQLiteConnection.java:879)
12-07 08:30:09.954  2656 28136 E SQLiteDatabase: 	at android.database.sqlite.SQLiteSession.executeForLastInsertedRowId(SQLiteSession.java:790)
12-07 08:30:09.954  2656 28136 E SQLiteDatabase: 	at android.database.sqlite.SQLiteStatement.executeInsert(SQLiteStatement.java:88)
12-07 08:30:09.954  2656 28136 E SQLiteDatabase: 	at android.database.sqlite.SQLiteDatabase.insertWithOnConflict(SQLiteDatabase.java:1599)
12-07 08:30:09.954  2656 28136 E SQLiteDatabase: 	at android.database.sqlite.SQLiteDatabase.insert(SQLiteDatabase.java:1468)
12-07 08:30:09.954  2656 28136 E SQLiteDatabase: 	at aqui.a(:com.google.android.gms@202414022@20.24.14 (040700-319035315):175)
12-07 08:30:09.954  2656 28136 E SQLiteDatabase: 	at aqtk.a(:com.google.android.gms@202414022@20.24.14 (040700-319035315):182)
12-07 08:30:09.954  2656 28136 E SQLiteDatabase: 	at aqtk.a(:com.google.android.gms@202414022@20.24.14 (040700-319035315):23)
12-07 08:30:09.954  2656 28136 E SQLiteDatabase: 	at aqtk.a(:com.google.android.gms@202414022@20.24.14 (040700-319035315):177)
12-07 08:30:09.954  2656 28136 E SQLiteDatabase: 	at aqpu.run(:com.google.android.gms@202414022@20.24.14 (040700-319035315):9)
12-07 08:30:09.954  2656 28136 E SQLiteDatabase: 	at soy.b(:com.google.android.gms@202414022@20.24.14 (040700-319035315):12)
12-07 08:30:09.954  2656 28136 E SQLiteDatabase: 	at soy.run(:com.google.android.gms@202414022@20.24.14 (040700-319035315):7)
12-07 08:30:09.954  2656 28136 E SQLiteDatabase: 	at java.util.concurrent.ThreadPoolExecutor.runWorker(ThreadPoolExecutor.java:1167)
12-07 08:30:09.954  2656 28136 E SQLiteDatabase: 	at java.util.concurrent.ThreadPoolExecutor$Worker.run(ThreadPoolExecutor.java:641)
12-07 08:30:09.954  2656 28136 E SQLiteDatabase: 	at sux.run(:com.google.android.gms@202414022@20.24.14 (040700-319035315):0)
12-07 08:30:09.954  2656 28136 E SQLiteDatabase: 	at java.lang.Thread.run(Thread.java:919)
12-07 08:30:09.974  2018  3061 W InputReader: Device has associated, but no associated display id.
12-07 08:30:09.974  2018  3061 I chatty  : uid=1000(system) Binder:2018_10 identical 8 lines
12-07 08:30:09.974  2018  3061 W InputReader: Device has associated, but no associated display id.
12-07 08:30:09.983 27762 27762 D LifecycleMonitor: Lifecycle status change: ru.iteco.fmhandroid.ui.AppActivity@769797a in: STOPPED
12-07 08:30:09.983 27762 27762 V ActivityScenario: Update currentActivityStage to STOPPED, currentActivity=ru.iteco.fmhandroid.ui.AppActivity@769797a
12-07 08:30:10.000  1776  1776 D gralloc_ranchu: gralloc_alloc: Creating ashmem region of size 10108928
12-07 08:30:10.008  1776  1776 I chatty  : uid=1000(system) allocator@2.0-s identical 1 line
12-07 08:30:10.009  1776  1776 D gralloc_ranchu: gralloc_alloc: Creating ashmem region of size 10108928
12-07 08:30:10.018 27762 27762 D LifecycleMonitor: Lifecycle status change: ru.iteco.fmhandroid.ui.AppActivity@769797a in: DESTROYED
12-07 08:30:10.018 27762 27762 V ActivityScenario: Update currentActivityStage to DESTROYED, currentActivity=null
12-07 08:30:10.019  2962  3510 D EGL_emulation: eglMakeCurrent: 0xe597d120: ver 2 0 (tinfo 0xbffb2540)
12-07 08:30:10.030  1776  1776 D gralloc_ranchu: gralloc_alloc: Creating ashmem region of size 10108928
12-07 08:30:10.056  1776  1776 I chatty  : uid=1000(system) allocator@2.0-s identical 1 line
12-07 08:30:10.061  1776  1776 D gralloc_ranchu: gralloc_alloc: Creating ashmem region of size 10108928
12-07 08:30:10.062 12448 12488 D EGL_emulation: eglMakeCurrent: 0xe594d140: ver 2 0 (tinfo 0xc539bd10)
