12-02 19:04:17.644  2584 29332 E SQLiteDatabase: Error inserting flex_time=864000 job_id=-1 period=1730000 source=16 requires_charging=0 preferred_network_type=1 target_class=com.google.android.gms.measurement.PackageMeasurementTaskService user_id=0 target_package=com.google.android.gms tag=Measurement.PackageMeasurementTaskService.UPLOAD_TASK_TAG task_type=0 required_idleness_state=0 service_kind=0 source_version=202414000 persistence_level=1 preferred_charging_state=1 required_network_type=0 runtime=1669997057629 retry_strategy={"maximum_backoff_seconds":{"3600":0},"initial_backoff_seconds":{"30":0},"retry_policy":{"0":0}} last_runtime=0
12-02 19:04:17.644  2584 29332 E SQLiteDatabase: android.database.sqlite.SQLiteConstraintException: UNIQUE constraint failed: pending_ops.tag, pending_ops.target_class, pending_ops.target_package, pending_ops.user_id (code 2067 SQLITE_CONSTRAINT_UNIQUE)
12-02 19:04:17.644  2584 29332 E SQLiteDatabase: 	at android.database.sqlite.SQLiteConnection.nativeExecuteForLastInsertedRowId(Native Method)
12-02 19:04:17.644  2584 29332 E SQLiteDatabase: 	at android.database.sqlite.SQLiteConnection.executeForLastInsertedRowId(SQLiteConnection.java:879)
12-02 19:04:17.644  2584 29332 E SQLiteDatabase: 	at android.database.sqlite.SQLiteSession.executeForLastInsertedRowId(SQLiteSession.java:790)
12-02 19:04:17.644  2584 29332 E SQLiteDatabase: 	at android.database.sqlite.SQLiteStatement.executeInsert(SQLiteStatement.java:88)
12-02 19:04:17.644  2584 29332 E SQLiteDatabase: 	at android.database.sqlite.SQLiteDatabase.insertWithOnConflict(SQLiteDatabase.java:1599)
12-02 19:04:17.644  2584 29332 E SQLiteDatabase: 	at android.database.sqlite.SQLiteDatabase.insert(SQLiteDatabase.java:1468)
12-02 19:04:17.644  2584 29332 E SQLiteDatabase: 	at aqui.a(:com.google.android.gms@202414022@20.24.14 (040700-319035315):175)
12-02 19:04:17.644  2584 29332 E SQLiteDatabase: 	at aqtk.a(:com.google.android.gms@202414022@20.24.14 (040700-319035315):182)
12-02 19:04:17.644  2584 29332 E SQLiteDatabase: 	at aqtk.a(:com.google.android.gms@202414022@20.24.14 (040700-319035315):23)
12-02 19:04:17.644  2584 29332 E SQLiteDatabase: 	at aqtk.a(:com.google.android.gms@202414022@20.24.14 (040700-319035315):177)
12-02 19:04:17.644  2584 29332 E SQLiteDatabase: 	at aqpu.run(:com.google.android.gms@202414022@20.24.14 (040700-319035315):9)
12-02 19:04:17.644  2584 29332 E SQLiteDatabase: 	at soy.b(:com.google.android.gms@202414022@20.24.14 (040700-319035315):12)
12-02 19:04:17.644  2584 29332 E SQLiteDatabase: 	at soy.run(:com.google.android.gms@202414022@20.24.14 (040700-319035315):8)
12-02 19:04:17.644  2584 29332 E SQLiteDatabase: 	at java.util.concurrent.ThreadPoolExecutor.runWorker(ThreadPoolExecutor.java:1167)
12-02 19:04:17.644  2584 29332 E SQLiteDatabase: 	at java.util.concurrent.ThreadPoolExecutor$Worker.run(ThreadPoolExecutor.java:641)
12-02 19:04:17.644  2584 29332 E SQLiteDatabase: 	at sux.run(:com.google.android.gms@202414022@20.24.14 (040700-319035315):0)
12-02 19:04:17.644  2584 29332 E SQLiteDatabase: 	at java.lang.Thread.run(Thread.java:919)
12-02 19:04:17.660  2584 29372 I LogUtils: [Places]: ?: Couldn't find platform key file. [CONTEXT service_id=253 ]
12-02 19:04:17.669  2584 29332 I LogUtils: [Places]: ?: Couldn't find platform key file. [CONTEXT service_id=253 ]
12-02 19:04:17.670  2584  3808 W GCoreFlp: No location to return for getLastLocation()
12-02 19:04:17.678  2584 29440 I LogUtils: [Places]: ?: Couldn't find platform key file. [CONTEXT service_id=253 ]
12-02 19:04:17.682  1750  1750 W audio_hw_generic: Not supplying enough data to HAL, expected position 396290799 , only wrote 396018981
12-02 19:04:17.718  2584 29441 I LogUtils: [Places]: ?: PlacesBleScanner start() with priority 2 [CONTEXT service_id=253 ]
12-02 19:04:17.719  2584 29441 I PlacesLogger: [PlaceInferenceEngine]: [anon] Changed inference mode: 1 [CONTEXT service_id=253 ]
12-02 19:04:17.731  2584  2584 E BeaconBle: Missing BluetoothAdapter [CONTEXT service_id=111 ]
12-02 19:04:17.731  2584  2584 I BeaconBle: BLE 'KK+' software access layer enabled [CONTEXT service_id=111 ]
12-02 19:04:17.747  2584  2584 I BeaconBle: Client requested scan, settings=BleSettings [scanMode=ZERO_POWER, callbackType=ALL_MATCHES, reportDelayMillis=0, 1 filters, 0 clients, callingClientName=Places] [CONTEXT service_id=111 ]
12-02 19:04:17.747  2584  2584 I BeaconBle: Scan : No clients left, canceling alarm. [CONTEXT service_id=111 ]
12-02 19:04:17.748  2584  2584 E BeaconBle: Scan couldn't start for Places [CONTEXT service_id=111 ]
12-02 19:04:17.748  2584  2584 W Places  : BLE failure while scanning - code 5
12-02 19:04:17.768  2584  3808 W GCoreFlp: No location to return for getLastLocation()
12-02 19:04:18.447  2010  2346 D WificondControl: Scan result ready event
12-02 19:04:20.331 28895 28969 I okhttp.OkHttpClient: --> GET http://www.981757-ca08998.tmweb.ru:8080/fmh/authentication/userInfo
12-02 19:04:20.332 28895 28969 I okhttp.OkHttpClient: --> END GET
12-02 19:04:20.475 28895 28969 I okhttp.OkHttpClient: <-- 200 http://www.981757-ca08998.tmweb.ru:8080/fmh/authentication/userInfo (143ms)
12-02 19:04:20.475 28895 28969 I okhttp.OkHttpClient: Vary: Origin
12-02 19:04:20.475 28895 28969 I okhttp.OkHttpClient: Vary: Access-Control-Request-Method
12-02 19:04:20.475 28895 28969 I okhttp.OkHttpClient: Vary: Access-Control-Request-Headers
12-02 19:04:20.475 28895 28969 I okhttp.OkHttpClient: X-Content-Type-Options: nosniff
12-02 19:04:20.475 28895 28969 I okhttp.OkHttpClient: X-XSS-Protection: 1; mode=block
12-02 19:04:20.475 28895 28969 I okhttp.OkHttpClient: Cache-Control: no-cache, no-store, max-age=0, must-revalidate
12-02 19:04:20.475 28895 28969 I okhttp.OkHttpClient: Pragma: no-cache
12-02 19:04:20.475 28895 28969 I okhttp.OkHttpClient: Expires: 0
12-02 19:04:20.475 28895 28969 I okhttp.OkHttpClient: X-Frame-Options: DENY
12-02 19:04:20.475 28895 28969 I okhttp.OkHttpClient: Content-Type: application/json
12-02 19:04:20.476 28895 28969 I okhttp.OkHttpClient: Transfer-Encoding: chunked
12-02 19:04:20.476 28895 28969 I okhttp.OkHttpClient: Date: Fri, 02 Dec 2022 16:04:22 GMT
12-02 19:04:20.476 28895 28969 I okhttp.OkHttpClient: Keep-Alive: timeout=60
12-02 19:04:20.476 28895 28969 I okhttp.OkHttpClient: Connection: keep-alive
12-02 19:04:20.476 28895 28969 I okhttp.OkHttpClient: {"id":2,"firstName":"","lastName":"","middleName":"","admin":true}
12-02 19:04:20.476 28895 28969 I okhttp.OkHttpClient: <-- END HTTP (106-byte body)
12-02 19:04:20.484 28895 29207 I okhttp.OkHttpClient: --> GET http://www.981757-ca08998.tmweb.ru:8080/fmh/claims
12-02 19:04:20.485 28895 29207 I okhttp.OkHttpClient: --> END GET
12-02 19:04:20.488  1743 29444 E ResolverController: No valid NAT64 prefix (127, <unspecified>/0)
12-02 19:04:22.534 28895 28934 V FA      : Inactivity, disconnecting from the service
12-02 19:04:22.574  2584 29372 I LogUtils: [Places]: ?: Couldn't find platform key file. [CONTEXT service_id=253 ]
12-02 19:04:22.580  2584 29423 I LogUtils: [Places]: ?: Couldn't find platform key file. [CONTEXT service_id=253 ]
12-02 19:04:22.607  2584 29441 I LogUtils: [Places]: ?: PlacesBleScanner stop() [CONTEXT service_id=253 ]
12-02 19:04:22.609  2584  2584 I BeaconBle: Scan : No clients left, canceling alarm. [CONTEXT service_id=111 ]
12-02 19:04:22.610  2584  2584 I BeaconBle: Scan canceled successfully. [CONTEXT service_id=111 ]
12-02 19:04:22.617  2584 29441 I PlacesLogger: [PlaceInferenceEngine]: [anon] Changed inference mode: 0 [CONTEXT service_id=253 ]
12-02 19:04:22.642  2584  3808 W GCoreFlp: No location to return for getLastLocation()
12-02 19:04:22.650  2584 29372 I LogUtils: [Places]: ?: Couldn't find platform key file. [CONTEXT service_id=253 ]
12-02 19:04:22.654  2584 29440 I LogUtils: [Places]: ?: Couldn't find platform key file. [CONTEXT service_id=253 ]
12-02 19:04:22.673  2584  2584 I GeofencerStateMachine: removeGeofences: removeRequest=RemoveGeofencingRequest[REMOVE_BY_PENDING_INTENT pendingIntent=PendingIntent[creatorPackage=com.google.android.gms], packageName=com.google.android.gms]
12-02 19:04:24.253 28895 29207 I okhttp.OkHttpClient: <-- 200 http://www.981757-ca08998.tmweb.ru:8080/fmh/claims (3768ms)
12-02 19:04:24.254 28895 29207 I okhttp.OkHttpClient: Vary: Origin
12-02 19:04:24.254 28895 29207 I okhttp.OkHttpClient: Vary: Access-Control-Request-Method
12-02 19:04:24.254 28895 29207 I okhttp.OkHttpClient: Vary: Access-Control-Request-Headers
12-02 19:04:24.254 28895 29207 I okhttp.OkHttpClient: X-Content-Type-Options: nosniff
12-02 19:04:24.254 28895 29207 I okhttp.OkHttpClient: X-XSS-Protection: 1; mode=block
12-02 19:04:24.254 28895 29207 I okhttp.OkHttpClient: Cache-Control: no-cache, no-store, max-age=0, must-revalidate
12-02 19:04:24.254 28895 29207 I okhttp.OkHttpClient: Pragma: no-cache
12-02 19:04:24.254 28895 29207 I okhttp.OkHttpClient: Expires: 0
12-02 19:04:24.254 28895 29207 I okhttp.OkHttpClient: X-Frame-Options: DENY
12-02 19:04:24.255 28895 29207 I okhttp.OkHttpClient: Content-Type: application/json
12-02 19:04:24.255 28895 29207 I okhttp.OkHttpClient: Transfer-Encoding: chunked
12-02 19:04:24.255 28895 29207 I okhttp.OkHttpClient: Date: Fri, 02 Dec 2022 16:04:25 GMT
12-02 19:04:24.255 28895 29207 I okhttp.OkHttpClient: Keep-Alive: timeout=60
12-02 19:04:24.255 28895 29207 I okhttp.OkHttpClient: Connection: keep-alive
12-02 19:04:27.502 28895 28895 D takeScreenshot: Found 1 global views to redraw
12-02 19:04:27.527  1772  6832 D gralloc_ranchu: gralloc_alloc: Creating ashmem region of size 14749696
12-02 19:04:27.534  3139  3568 I WorkerManager: dispose()
12-02 19:04:27.535  3139  3568 W ThreadPoolDumper: Queue length for executor EventBus is now 11. Perhaps some tasks are too long, or the pool is too small.
12-02 19:04:27.568 28895 28939 W DefaultFailureHandler: Failed to take screenshot
12-02 19:04:27.568 28895 28939 W DefaultFailureHandler: java.io.FileNotFoundException: view-op-error-28.png: open failed: EROFS (Read-only file system)
12-02 19:04:27.568 28895 28939 W DefaultFailureHandler: 	at libcore.io.IoBridge.open(IoBridge.java:496)
12-02 19:04:27.568 28895 28939 W DefaultFailureHandler: 	at java.io.FileOutputStream.<init>(FileOutputStream.java:235)
12-02 19:04:27.568 28895 28939 W DefaultFailureHandler: 	at java.io.FileOutputStream.<init>(FileOutputStream.java:125)
12-02 19:04:27.568 28895 28939 W DefaultFailureHandler: 	at androidx.test.platform.io.FileTestStorage.openOutputFile(FileTestStorage.java:60)
12-02 19:04:27.568 28895 28939 W DefaultFailureHandler: 	at androidx.test.core.graphics.BitmapStorage.writeToTestStorage(BitmapStorageExt.kt:49)
12-02 19:04:27.568 28895 28939 W DefaultFailureHandler: 	at androidx.test.espresso.base.DefaultFailureHandler.takeScreenshot(DefaultFailureHandler.java:4)
12-02 19:04:27.568 28895 28939 W DefaultFailureHandler: 	at androidx.test.espresso.base.DefaultFailureHandler.handle(DefaultFailureHandler.java:3)
12-02 19:04:27.568 28895 28939 W DefaultFailureHandler: 	at androidx.test.espresso.ViewInteraction.waitForAndHandleInteractionResults(ViewInteraction.java:8)
12-02 19:04:27.568 28895 28939 W DefaultFailureHandler: 	at androidx.test.espresso.ViewInteraction.desugaredPerform(ViewInteraction.java:11)
12-02 19:04:27.568 28895 28939 W DefaultFailureHandler: 	at androidx.test.espresso.ViewInteraction.perform(ViewInteraction.java:8)
12-02 19:04:27.568 28895 28939 W DefaultFailureHandler: 	at ru.iteco.fmhandroid.ui.data.TestUtils.waitView(TestUtils.java:61)
12-02 19:04:27.568 28895 28939 W DefaultFailureHandler: 	at ru.iteco.fmhandroid.ui.steps.AuthSteps.isAuthScreen(AuthSteps.java:56)
12-02 19:04:27.568 28895 28939 W DefaultFailureHandler: 	at ru.iteco.fmhandroid.ui.ClaimsCreationFormTest.logoutCheck(ClaimsCreationFormTest.java:56)
12-02 19:04:27.568 28895 28939 W DefaultFailureHandler: 	at java.lang.reflect.Method.invoke(Native Method)
12-02 19:04:27.568 28895 28939 W DefaultFailureHandler: 	at org.junit.runners.model.FrameworkMethod$1.runReflectiveCall(FrameworkMethod.java:59)
12-02 19:04:27.568 28895 28939 W DefaultFailureHandler: 	at org.junit.internal.runners.model.ReflectiveCallable.run(ReflectiveCallable.java:12)
12-02 19:04:27.568 28895 28939 W DefaultFailureHandler: 	at org.junit.runners.model.FrameworkMethod.invokeExplosively(FrameworkMethod.java:56)
12-02 19:04:27.568 28895 28939 W DefaultFailureHandler: 	at androidx.test.internal.runner.junit4.statement.RunBefores.evaluate(RunBefores.java:76)
12-02 19:04:27.568 28895 28939 W DefaultFailureHandler: 	at androidx.test.internal.runner.junit4.statement.RunAfters.evaluate(RunAfters.java:61)
12-02 19:04:27.568 28895 28939 W DefaultFailureHandler: 	at androidx.test.rule.ActivityTestRule$ActivityStatement.evaluate(ActivityTestRule.java:543)
12-02 19:04:27.568 28895 28939 W DefaultFailureHandler: 	at io.qameta.allure.android.rules.LogcatRule$apply$1.evaluate(LogcatRule.kt:23)
12-02 19:04:27.568 28895 28939 W DefaultFailureHandler: 	at io.qameta.allure.android.rules.ScreenshotRule$apply$1.evaluate(ScreenshotRule.kt:22)
12-02 19:04:27.568 28895 28939 W DefaultFailureHandler: 	at io.qameta.allure.android.rules.ScreenshotRule$apply$1.evaluate(ScreenshotRule.kt:22)
12-02 19:04:27.568 28895 28939 W DefaultFailureHandler: 	at org.junit.rules.RunRules.evaluate(RunRules.java:20)
12-02 19:04:27.568 28895 28939 W DefaultFailureHandler: 	at org.junit.runners.ParentRunner$3.evaluate(ParentRunner.java:306)
12-02 19:04:27.568 28895 28939 W DefaultFailureHandler: 	at org.junit.runners.BlockJUnit4ClassRunner$1.evaluate(BlockJUnit4ClassRunner.java:100)
12-02 19:04:27.568 28895 28939 W DefaultFailureHandler: 	at org.junit.runners.ParentRunner.runLeaf(ParentRunner.java:366)
12-02 19:04:27.568 28895 28939 W DefaultFailureHandler: 	at org.junit.runners.BlockJUnit4ClassRunner.runChild(BlockJUnit4ClassRunner.java:103)
12-02 19:04:27.568 28895 28939 W DefaultFailureHandler: 	at org.junit.runners.BlockJUnit4ClassRunner.runChild(BlockJUnit4ClassRunner.java:63)
12-02 19:04:27.568 28895 28939 W DefaultFailureHandler: 	at org.junit.runners.ParentRunner$4.run(ParentRunner.java:331)
12-02 19:04:27.568 28895 28939 W DefaultFailureHandler: 	at org.junit.runners.ParentRunner$1.schedule(ParentRunner.java:79)
12-02 19:04:27.568 28895 28939 W DefaultFailureHandler: 	at org.junit.runners.ParentRunner.runChildren(ParentRunner.java:329)
12-02 19:04:27.568 28895 28939 W DefaultFailureHandler: 	at org.junit.runners.ParentRunner.access$100(ParentRunner.java:66)
12-02 19:04:27.568 28895 28939 W DefaultFailureHandler: 	at org.junit.runners.ParentRunner$2.evaluate(ParentRunner.java:293)
12-02 19:04:27.568 28895 28939 W DefaultFailureHandler: 	at org.junit.runners.ParentRunner$3.evaluate(ParentRunner.java:306)
12-02 19:04:27.568 28895 28939 W DefaultFailureHandler: 	at org.junit.runners.ParentRunner.run(ParentRunner.java:413)
12-02 19:04:27.568 28895 28939 W DefaultFailureHandler: 	at androidx.test.ext.junit.runners.AndroidJUnit4.run(AndroidJUnit4.java:162)
12-02 19:04:27.568 28895 28939 W DefaultFailureHandler: 	at io.qameta.allure.android.runners.AllureAndroidJUnit4.run(AllureAndroidJUnitRunners.kt:29)
12-02 19:04:27.568 28895 28939 W DefaultFailureHandler: 	at org.junit.runners.Suite.runChild(Suite.java:128)
12-02 19:04:27.568 28895 28939 W DefaultFailureHandler: 	at org.junit.runners.Suite.runChild(Suite.java:27)
12-02 19:04:27.568 28895 28939 W DefaultFailureHandler: 	at org.junit.runners.ParentRunner$4.run(ParentRunner.java:331)
12-02 19:04:27.568 28895 28939 W DefaultFailureHandler: 	at org.junit.runners.ParentRunner$1.schedule(ParentRunner.java:79)
12-02 19:04:27.568 28895 28939 W DefaultFailureHandler: 	at org.junit.runners.ParentRunner.runChildren(ParentRunner.java:329)
12-02 19:04:27.568 28895 28939 W DefaultFailureHandler: 	at org.junit.runners.ParentRunner.access$100(ParentRunner.java:66)
12-02 19:04:27.568 28895 28939 W DefaultFailureHandler: 	at org.junit.runners.ParentRunner$2.evaluate(ParentRunner.java:293)
12-02 19:04:27.568 28895 28939 W DefaultFailureHandler: 	at org.junit.runners.ParentRunner$3.evaluate(ParentRunner.java:306)
12-02 19:04:27.568 28895 28939 W DefaultFailureHandler: 	at org.junit.runners.ParentRunner.run(ParentRunner.java:413)
12-02 19:04:27.568 28895 28939 W DefaultFailureHandler: 	at org.junit.runner.JUnitCore.run(JUnitCore.java:137)
12-02 19:04:27.568 28895 28939 W DefaultFailureHandler: 	at org.junit.runner.JUnitCore.run(JUnitCore.java:115)
12-02 19:04:27.568 28895 28939 W DefaultFailureHandler: 	at androidx.test.internal.runner.TestExecutor.execute(TestExecutor.java:67)
12-02 19:04:27.568 28895 28939 W DefaultFailureHandler: 	at androidx.test.internal.runner.TestExecutor.execute(TestExecutor.java:58)
12-02 19:04:27.569 28895 28939 W DefaultFailureHandler: 	at androidx.test.runner.AndroidJUnitRunner.onStart(AndroidJUnitRunner.java:438)
12-02 19:04:27.569 28895 28939 W DefaultFailureHandler: 	at android.app.Instrumentation$InstrumentationThread.run(Instrumentation.java:2189)
12-02 19:04:27.569 28895 28939 W DefaultFailureHandler: Caused by: android.system.ErrnoException: open failed: EROFS (Read-only file system)
12-02 19:04:27.569 28895 28939 W DefaultFailureHandler: 	at libcore.io.Linux.open(Native Method)
12-02 19:04:27.569 28895 28939 W DefaultFailureHandler: 	at libcore.io.ForwardingOs.open(ForwardingOs.java:167)
12-02 19:04:27.569 28895 28939 W DefaultFailureHandler: 	at libcore.io.BlockGuardOs.open(BlockGuardOs.java:252)
12-02 19:04:27.569 28895 28939 W DefaultFailureHandler: 	at libcore.io.ForwardingOs.open(ForwardingOs.java:167)
12-02 19:04:27.569 28895 28939 W DefaultFailureHandler: 	at android.app.ActivityThread$AndroidOs.open(ActivityThread.java:7255)
12-02 19:04:27.569 28895 28939 W DefaultFailureHandler: 	at libcore.io.IoBridge.open(IoBridge.java:482)
12-02 19:04:27.569 28895 28939 W DefaultFailureHandler: 	... 52 more
12-02 19:04:27.576 28895 28895 I ViewInteraction: Performing 'wait for a specific view with <view.getId() is <2131230870/ru.iteco.fmhandroid:id/authorization_image_button>> during 10000 millis.' action on view view.getRootView() to equal view
12-02 19:04:27.580 28895 28895 I ViewInteraction: Checking 'MatchesViewAssertion{viewMatcher=(view has effective visibility <VISIBLE> and view.getGlobalVisibleRect() to return non-empty rectangle)}' assertion on view view.getId() is <2131230870/ru.iteco.fmhandroid:id/authorization_image_button>
12-02 19:04:27.582 28895 28895 I ViewInteraction: Performing 'single click' action on view view.getId() is <2131230870/ru.iteco.fmhandroid:id/authorization_image_button>
12-02 19:04:27.619  2584  2584 I BeaconBle: Scan : No clients left, canceling alarm. [CONTEXT service_id=111 ]
12-02 19:04:27.640  1750  3111 W audio_hw_generic: Not supplying enough data to HAL, expected position 396019077 , only wrote 396018981
12-02 19:04:27.665  1772  6832 D gralloc_ranchu: gralloc_alloc: Creating ashmem region of size 1429504
12-02 19:04:27.670  1772  6832 I chatty  : uid=1000(system) HwBinder:1772_3 identical 1 line
12-02 19:04:27.671  1772  6832 D gralloc_ranchu: gralloc_alloc: Creating ashmem region of size 1429504
12-02 19:04:27.672 28895 28955 D EGL_emulation: eglMakeCurrent: 0xe3a07540: ver 2 0 (tinfo 0xe3a93cb0)
12-02 19:04:27.700 28895 28955 I chatty  : uid=10159(ru.iteco.fmhandroid) RenderThread identical 2 lines
12-02 19:04:27.729 28895 28955 D EGL_emulation: eglMakeCurrent: 0xe3a07540: ver 2 0 (tinfo 0xe3a93cb0)
12-02 19:04:27.950 28895 28895 I ViewInteraction: Performing 'wait for a specific view with <an instance of android.widget.TextView and view.getText() with or without transformation to match: is "Log out"> during 10000 millis.' action on view view.getRootView() to equal view
12-02 19:04:27.955 28895 28895 I ViewInteraction: Checking 'MatchesViewAssertion{viewMatcher=(view has effective visibility <VISIBLE> and view.getGlobalVisibleRect() to return non-empty rectangle)}' assertion on view an instance of android.widget.TextView and view.getText() with or without transformation to match: is "Log out"
12-02 19:04:27.957 28895 28895 I ViewInteraction: Performing 'single click' action on view an instance of android.widget.TextView and view.getText() with or without transformation to match: is "Log out"
12-02 19:04:28.008 28895 28955 D EGL_emulation: eglMakeCurrent: 0xe3a07540: ver 2 0 (tinfo 0xe3a93cb0)
12-02 19:04:28.115 28895 28955 I chatty  : uid=10159(ru.iteco.fmhandroid) RenderThread identical 1 line
12-02 19:04:28.130 28895 28955 D EGL_emulation: eglMakeCurrent: 0xe3a07540: ver 2 0 (tinfo 0xe3a93cb0)
12-02 19:04:28.230 28895 28895 I ViewInteraction: Performing 'wait for a specific view with <(an instance of android.widget.TextView and view.getText() with or without transformation to match: is "Authorization" and view.getParent() view.getParent() view.getId() is <2131231186>)> during 10000 millis.' action on view view.getRootView() to equal view
12-02 19:04:28.233 28895 28895 I ViewInteraction: Checking 'MatchesViewAssertion{viewMatcher=(view has effective visibility <VISIBLE> and view.getGlobalVisibleRect() to return non-empty rectangle)}' assertion on view (an instance of android.widget.TextView and view.getText() with or without transformation to match: is "Authorization" and view.getParent() view.getParent() view.getId() is <2131231186/ru.iteco.fmhandroid:id/nav_host_fragment>)
12-02 19:04:28.236 28895 28895 I ViewInteraction: Performing 'wait for a specific view with <(an instance of android.widget.TextView and view.getHint() matching: is "Login" and view.getParent() view.getParent() view.getId() is <2131231121/ru.iteco.fmhandroid:id/login_text_input_layout>)> during 10000 millis.' action on view view.getRootView() to equal view
12-02 19:04:28.238 28895 28895 I ViewInteraction: Checking 'MatchesViewAssertion{viewMatcher=(view has effective visibility <VISIBLE> and view.getGlobalVisibleRect() to return non-empty rectangle)}' assertion on view (an instance of android.widget.TextView and view.getHint() matching: is "Login" and view.getParent() view.getParent() view.getId() is <2131231121/ru.iteco.fmhandroid:id/login_text_input_layout>)
12-02 19:04:28.241 28895 28895 I ViewInteraction: Performing 'wait for a specific view with <(an instance of android.widget.TextView and view.getHint() matching: is "Password" and view.getParent() view.getParent() view.getId() is <2131231264/ru.iteco.fmhandroid:id/password_text_input_layout>)> during 10000 millis.' action on view view.getRootView() to equal view
12-02 19:04:28.242 28895 28895 I ViewInteraction: Checking 'MatchesViewAssertion{viewMatcher=(view has effective visibility <VISIBLE> and view.getGlobalVisibleRect() to return non-empty rectangle)}' assertion on view (an instance of android.widget.TextView and view.getHint() matching: is "Password" and view.getParent() view.getParent() view.getId() is <2131231264/ru.iteco.fmhandroid:id/password_text_input_layout>)
12-02 19:04:28.245 28895 28895 I ViewInteraction: Performing 'wait for a specific view with <(view.getId() is <2131231039/ru.iteco.fmhandroid:id/enter_button> and an instance of android.widget.TextView and view.getText() with or without transformation to match: is "SIGN IN" and view.getContentDescription() is "Save" and view.getParent() view.getParent() an instance of android.widget.RelativeLayout)> during 10000 millis.' action on view view.getRootView() to equal view
12-02 19:04:28.249 28895 28895 I ViewInteraction: Checking 'MatchesViewAssertion{viewMatcher=(view has effective visibility <VISIBLE> and view.getGlobalVisibleRect() to return non-empty rectangle)}' assertion on view (view.getId() is <2131231039/ru.iteco.fmhandroid:id/enter_button> and an instance of android.widget.TextView and view.getText() with or without transformation to match: is "SIGN IN" and view.getContentDescription() is "Save" and view.getParent() view.getParent() an instance of android.widget.RelativeLayout)
12-02 19:04:28.251 28895 28895 I ViewInteraction: Performing 'wait for a specific view with <(an instance of android.widget.TextView and view.getText() with or without transformation to match: is "Authorization" and view.getParent() view.getParent() view.getId() is <2131231186>)> during 10000 millis.' action on view view.getRootView() to equal view
12-02 19:04:28.254 28895 28895 I ViewInteraction: Checking 'MatchesViewAssertion{viewMatcher=(view has effective visibility <VISIBLE> and view.getGlobalVisibleRect() to return non-empty rectangle)}' assertion on view (an instance of android.widget.TextView and view.getText() with or without transformation to match: is "Authorization" and view.getParent() view.getParent() view.getId() is <2131231186/ru.iteco.fmhandroid:id/nav_host_fragment>)
12-02 19:04:28.255 28895 28895 I ViewInteraction: Performing 'wait for a specific view with <(an instance of android.widget.TextView and view.getHint() matching: is "Login" and view.getParent() view.getParent() view.getId() is <2131231121/ru.iteco.fmhandroid:id/login_text_input_layout>)> during 10000 millis.' action on view view.getRootView() to equal view
12-02 19:04:28.257 28895 28895 I ViewInteraction: Checking 'MatchesViewAssertion{viewMatcher=(view has effective visibility <VISIBLE> and view.getGlobalVisibleRect() to return non-empty rectangle)}' assertion on view (an instance of android.widget.TextView and view.getHint() matching: is "Login" and view.getParent() view.getParent() view.getId() is <2131231121/ru.iteco.fmhandroid:id/login_text_input_layout>)
12-02 19:04:28.259 28895 28895 I ViewInteraction: Performing 'wait for a specific view with <(an instance of android.widget.TextView and view.getHint() matching: is "Password" and view.getParent() view.getParent() view.getId() is <2131231264/ru.iteco.fmhandroid:id/password_text_input_layout>)> during 10000 millis.' action on view view.getRootView() to equal view
12-02 19:04:28.261 28895 28895 I ViewInteraction: Checking 'MatchesViewAssertion{viewMatcher=(view has effective visibility <VISIBLE> and view.getGlobalVisibleRect() to return non-empty rectangle)}' assertion on view (an instance of android.widget.TextView and view.getHint() matching: is "Password" and view.getParent() view.getParent() view.getId() is <2131231264/ru.iteco.fmhandroid:id/password_text_input_layout>)
12-02 19:04:28.262 28895 28895 I ViewInteraction: Performing 'wait for a specific view with <(view.getId() is <2131231039/ru.iteco.fmhandroid:id/enter_button> and an instance of android.widget.TextView and view.getText() with or without transformation to match: is "SIGN IN" and view.getContentDescription() is "Save" and view.getParent() view.getParent() an instance of android.widget.RelativeLayout)> during 10000 millis.' action on view view.getRootView() to equal view
12-02 19:04:28.265 28895 28895 I ViewInteraction: Checking 'MatchesViewAssertion{viewMatcher=(view has effective visibility <VISIBLE> and view.getGlobalVisibleRect() to return non-empty rectangle)}' assertion on view (view.getId() is <2131231039/ru.iteco.fmhandroid:id/enter_button> and an instance of android.widget.TextView and view.getText() with or without transformation to match: is "SIGN IN" and view.getContentDescription() is "Save" and view.getParent() view.getParent() an instance of android.widget.RelativeLayout)
12-02 19:04:28.267 28895 28895 I ViewInteraction: Performing 'wait for a specific view with <(an instance of android.widget.TextView and view.getHint() matching: is "Login" and view.getParent() view.getParent() view.getId() is <2131231121/ru.iteco.fmhandroid:id/login_text_input_layout>)> during 10000 millis.' action on view view.getRootView() to equal view
12-02 19:04:28.269 28895 28895 I ViewInteraction: Performing 'replace text(login2)' action on view (an instance of android.widget.TextView and view.getHint() matching: is "Login" and view.getParent() view.getParent() view.getId() is <2131231121/ru.iteco.fmhandroid:id/login_text_input_layout>)
12-02 19:04:28.288 28895 28895 I ViewInteraction: Performing 'wait for a specific view with <(an instance of android.widget.TextView and view.getHint() matching: is "Password" and view.getParent() view.getParent() view.getId() is <2131231264/ru.iteco.fmhandroid:id/password_text_input_layout>)> during 10000 millis.' action on view view.getRootView() to equal view
12-02 19:04:28.290 28895 28895 I ViewInteraction: Performing 'replace text(password2)' action on view (an instance of android.widget.TextView and view.getHint() matching: is "Password" and view.getParent() view.getParent() view.getId() is <2131231264/ru.iteco.fmhandroid:id/password_text_input_layout>)
12-02 19:04:28.300 28895 28895 I ViewInteraction: Performing 'wait for a specific view with <(view.getId() is <2131231039/ru.iteco.fmhandroid:id/enter_button> and an instance of android.widget.TextView and view.getText() with or without transformation to match: is "SIGN IN" and view.getContentDescription() is "Save" and view.getParent() view.getParent() an instance of android.widget.RelativeLayout)> during 10000 millis.' action on view view.getRootView() to equal view
12-02 19:04:28.302 28895 28895 I ViewInteraction: Checking 'MatchesViewAssertion{viewMatcher=view.isClickable() is <true>}' assertion on view (view.getId() is <2131231039/ru.iteco.fmhandroid:id/enter_button> and an instance of android.widget.TextView and view.getText() with or without transformation to match: is "SIGN IN" and view.getContentDescription() is "Save" and view.getParent() view.getParent() an instance of android.widget.RelativeLayout)
12-02 19:04:28.304 28895 28895 I ViewInteraction: Performing 'wait for a specific view with <(view.getId() is <2131231039/ru.iteco.fmhandroid:id/enter_button> and an instance of android.widget.TextView and view.getText() with or without transformation to match: is "SIGN IN" and view.getContentDescription() is "Save" and view.getParent() view.getParent() an instance of android.widget.RelativeLayout)> during 10000 millis.' action on view view.getRootView() to equal view
12-02 19:04:28.308 28895 28895 I ViewInteraction: Checking 'MatchesViewAssertion{viewMatcher=view.isClickable() is <true>}' assertion on view (view.getId() is <2131231039/ru.iteco.fmhandroid:id/enter_button> and an instance of android.widget.TextView and view.getText() with or without transformation to match: is "SIGN IN" and view.getContentDescription() is "Save" and view.getParent() view.getParent() an instance of android.widget.RelativeLayout)
12-02 19:04:28.312 28895 28895 I ViewInteraction: Performing 'wait for a specific view with <(view.getId() is <2131231039/ru.iteco.fmhandroid:id/enter_button> and an instance of android.widget.TextView and view.getText() with or without transformation to match: is "SIGN IN" and view.getContentDescription() is "Save" and view.getParent() view.getParent() an instance of android.widget.RelativeLayout)> during 10000 millis.' action on view view.getRootView() to equal view
12-02 19:04:28.315 28895 28895 I ViewInteraction: Performing 'single click' action on view (view.getId() is <2131231039/ru.iteco.fmhandroid:id/enter_button> and an instance of android.widget.TextView and view.getText() with or without transformation to match: is "SIGN IN" and view.getContentDescription() is "Save" and view.getParent() view.getParent() an instance of android.widget.RelativeLayout)
12-02 19:04:28.366 28895 28988 I okhttp.OkHttpClient: --> POST http://www.981757-ca08998.tmweb.ru:8080/fmh/authentication/login
12-02 19:04:28.366 28895 28988 I okhttp.OkHttpClient: Content-Type: application/json; charset=UTF-8
12-02 19:04:28.366 28895 28988 I okhttp.OkHttpClient: Content-Length: 41
12-02 19:04:28.366 28895 28988 I okhttp.OkHttpClient: {"login":"login2","password":"password2"}
12-02 19:04:28.367 28895 28988 I okhttp.OkHttpClient: --> END POST (41-byte body)
12-02 19:04:28.582 28895 28988 I okhttp.OkHttpClient: <-- 200 http://www.981757-ca08998.tmweb.ru:8080/fmh/authentication/login (214ms)
12-02 19:04:28.582 28895 28988 I okhttp.OkHttpClient: Vary: Origin
12-02 19:04:28.582 28895 28988 I okhttp.OkHttpClient: Vary: Access-Control-Request-Method
12-02 19:04:28.582 28895 28988 I okhttp.OkHttpClient: Vary: Access-Control-Request-Headers
12-02 19:04:28.582 28895 28988 I okhttp.OkHttpClient: X-Content-Type-Options: nosniff
12-02 19:04:28.582 28895 28988 I okhttp.OkHttpClient: X-XSS-Protection: 1; mode=block
12-02 19:04:28.582 28895 28988 I okhttp.OkHttpClient: Cache-Control: no-cache, no-store, max-age=0, must-revalidate
12-02 19:04:28.582 28895 28988 I okhttp.OkHttpClient: Pragma: no-cache
12-02 19:04:28.582 28895 28988 I okhttp.OkHttpClient: Expires: 0
12-02 19:04:28.582 28895 28988 I okhttp.OkHttpClient: X-Frame-Options: DENY
12-02 19:04:28.582 28895 28988 I okhttp.OkHttpClient: Content-Type: application/json
12-02 19:04:28.582 28895 28988 I okhttp.OkHttpClient: Transfer-Encoding: chunked
12-02 19:04:28.582 28895 28988 I okhttp.OkHttpClient: Date: Fri, 02 Dec 2022 16:04:30 GMT
12-02 19:04:28.582 28895 28988 I okhttp.OkHttpClient: Keep-Alive: timeout=60
12-02 19:04:28.582 28895 28988 I okhttp.OkHttpClient: Connection: keep-alive
12-02 19:04:28.584 28895 28988 I okhttp.OkHttpClient: {"accessToken":"eyJhbGciOiJIUzUxMiJ9.eyJzdWIiOiJsb2dpbjIiLCJqdGkiOiIyIiwiZXhwIjoxNjcwMDgzNDcwfQ.CUSxnetK4WffRKab3gp07fhNZ0mgXUFm55YgamHZgXVJB56oRQkSv2ywnwST0tseG1UkL0bGZn_WHpG6pCG-Bw","refreshToken":"eyJhbGciOiJIUzUxMiJ9.eyJzdWIiOiJsb2dpbjIiLCJqdGkiOiIyIiwiZXhwIjoxNjcyNTg5MDcwfQ.FakMlR4p26lxV6-TJk80ZL2PRp1LJNXSzUX2SaxtCrBrilA40SgEd1dOcvb17RCDtDqYj_7rO2q8AY_vv_vQJA"}
12-02 19:04:28.584 28895 28988 I okhttp.OkHttpClient: <-- END HTTP (368-byte body)
12-02 19:04:28.589 28895 28969 I okhttp.OkHttpClient: --> GET http://www.981757-ca08998.tmweb.ru:8080/fmh/authentication/userInfo
12-02 19:04:28.589 28895 28969 I okhttp.OkHttpClient: --> END GET
12-02 19:04:28.594 28895 28895 I ViewInteraction: Performing 'wait for a specific view with <an instance of android.widget.TextView and view.getText() with or without transformation to match: is "News"> during 10000 millis.' action on view view.getRootView() to equal view
12-02 19:04:28.719 28895 28969 I okhttp.OkHttpClient: <-- 200 http://www.981757-ca08998.tmweb.ru:8080/fmh/authentication/userInfo (130ms)
12-02 19:04:28.719 28895 28969 I okhttp.OkHttpClient: Vary: Origin
12-02 19:04:28.719 28895 28969 I okhttp.OkHttpClient: Vary: Access-Control-Request-Method
12-02 19:04:28.719 28895 28969 I okhttp.OkHttpClient: Vary: Access-Control-Request-Headers
12-02 19:04:28.719 28895 28969 I okhttp.OkHttpClient: X-Content-Type-Options: nosniff
12-02 19:04:28.719 28895 28969 I okhttp.OkHttpClient: X-XSS-Protection: 1; mode=block
12-02 19:04:28.719 28895 28969 I okhttp.OkHttpClient: Cache-Control: no-cache, no-store, max-age=0, must-revalidate
12-02 19:04:28.719 28895 28969 I okhttp.OkHttpClient: Pragma: no-cache
12-02 19:04:28.719 28895 28969 I okhttp.OkHttpClient: Expires: 0
12-02 19:04:28.720 28895 28969 I okhttp.OkHttpClient: X-Frame-Options: DENY
12-02 19:04:28.720 28895 28969 I okhttp.OkHttpClient: Content-Type: application/json
12-02 19:04:28.720 28895 28969 I okhttp.OkHttpClient: Transfer-Encoding: chunked
12-02 19:04:28.720 28895 28969 I okhttp.OkHttpClient: Date: Fri, 02 Dec 2022 16:04:30 GMT
12-02 19:04:28.720 28895 28969 I okhttp.OkHttpClient: Keep-Alive: timeout=60
12-02 19:04:28.720 28895 28969 I okhttp.OkHttpClient: Connection: keep-alive
12-02 19:04:28.720 28895 28969 I okhttp.OkHttpClient: {"id":2,"firstName":"","lastName":"","middleName":"","admin":true}
12-02 19:04:28.721 28895 28969 I okhttp.OkHttpClient: <-- END HTTP (106-byte body)
12-02 19:04:28.726 28895 28990 I okhttp.OkHttpClient: --> GET http://www.981757-ca08998.tmweb.ru:8080/fmh/claims
12-02 19:04:28.727 28895 28990 I okhttp.OkHttpClient: --> END GET
12-02 19:04:28.730  1743 29448 E ResolverController: No valid NAT64 prefix (127, <unspecified>/0)
12-02 19:04:28.867 28895 28895 I ViewInteraction: Checking 'MatchesViewAssertion{viewMatcher=(view has effective visibility <VISIBLE> and view.getGlobalVisibleRect() to return non-empty rectangle)}' assertion on view an instance of android.widget.TextView and view.getText() with or without transformation to match: is "News"
12-02 19:04:28.871 28895 28895 I ViewInteraction: Performing 'wait for a specific view with <view.getId() is <2131230951>> during 10000 millis.' action on view view.getRootView() to equal view
12-02 19:04:28.877 28895 28895 I ViewInteraction: Checking 'MatchesViewAssertion{viewMatcher=(view has effective visibility <VISIBLE> and view.getGlobalVisibleRect() to return non-empty rectangle)}' assertion on view view.getId() is <2131230951/ru.iteco.fmhandroid:id/container_list_news_include_on_fragment_main>
12-02 19:04:28.880 28895 28895 I ViewInteraction: Performing 'wait for a specific view with <view.getId() is <2131230949>> during 10000 millis.' action on view view.getRootView() to equal view
12-02 19:04:28.882 28895 28895 I ViewInteraction: Checking 'MatchesViewAssertion{viewMatcher=(view has effective visibility <VISIBLE> and view.getGlobalVisibleRect() to return non-empty rectangle)}' assertion on view view.getId() is <2131230949/ru.iteco.fmhandroid:id/container_list_claim_include_on_fragment_main>
12-02 19:04:28.884 28895 28895 I ViewInteraction: Performing 'wait for a specific view with <an instance of android.widget.TextView and view.getText() with or without transformation to match: is "Claims"> during 10000 millis.' action on view view.getRootView() to equal view
12-02 19:04:28.886 28895 28895 I ViewInteraction: Checking 'MatchesViewAssertion{viewMatcher=(view has effective visibility <VISIBLE> and view.getGlobalVisibleRect() to return non-empty rectangle)}' assertion on view an instance of android.widget.TextView and view.getText() with or without transformation to match: is "Claims"
12-02 19:04:28.889 28895 28895 I ViewInteraction: Performing 'wait for a specific view with <view.getId() is <2131231123/ru.iteco.fmhandroid:id/main_menu_image_button>> during 10000 millis.' action on view view.getRootView() to equal view
12-02 19:04:28.892 28895 28895 I ViewInteraction: Performing 'single click' action on view view.getId() is <2131231123/ru.iteco.fmhandroid:id/main_menu_image_button>
12-02 19:04:28.971  1772  6832 D gralloc_ranchu: gralloc_alloc: Creating ashmem region of size 3264512
12-02 19:04:28.984  1772  6832 I chatty  : uid=1000(system) HwBinder:1772_3 identical 1 line
12-02 19:04:28.986  1772  6832 D gralloc_ranchu: gralloc_alloc: Creating ashmem region of size 3264512
12-02 19:04:28.993 28895 28955 D EGL_emulation: eglMakeCurrent: 0xe3a07540: ver 2 0 (tinfo 0xe3a93cb0)
12-02 19:04:29.048 28895 28955 I chatty  : uid=10159(ru.iteco.fmhandroid) RenderThread identical 3 lines
12-02 19:04:29.062 28895 28955 D EGL_emulation: eglMakeCurrent: 0xe3a07540: ver 2 0 (tinfo 0xe3a93cb0)
12-02 19:04:29.270 28895 28895 I ViewInteraction: Performing 'wait for a specific view with <an instance of android.widget.TextView and view.getText() with or without transformation to match: is "Claims"> during 10000 millis.' action on view view.getRootView() to equal view
12-02 19:04:29.273 28895 28895 I ViewInteraction: Performing 'single click' action on view an instance of android.widget.TextView and view.getText() with or without transformation to match: is "Claims"
12-02 19:04:29.407 28895 28974 I okhttp.OkHttpClient: --> GET http://www.981757-ca08998.tmweb.ru:8080/fmh/claims
12-02 19:04:29.407 28895 28974 I okhttp.OkHttpClient: --> END GET
12-02 19:04:29.444 28895 28955 D EGL_emulation: eglMakeCurrent: 0xe3a07540: ver 2 0 (tinfo 0xe3a93cb0)
12-02 19:04:29.459 28895 28955 D EGL_emulation: eglMakeCurrent: 0xe3a07540: ver 2 0 (tinfo 0xe3a93cb0)
12-02 19:04:29.567 28895 28895 I ViewInteraction: Performing 'wait for a specific view with <view.getId() is <2131230849/ru.iteco.fmhandroid:id/add_new_claim_material_button>> during 10000 millis.' action on view view.getRootView() to equal view
12-02 19:04:29.571 28895 28895 I ViewInteraction: Performing 'single click' action on view view.getId() is <2131230849/ru.iteco.fmhandroid:id/add_new_claim_material_button>
12-02 19:04:29.643 28895 28969 I okhttp.OkHttpClient: --> GET http://www.981757-ca08998.tmweb.ru:8080/fmh/users
12-02 19:04:29.643 28895 28969 I okhttp.OkHttpClient: --> END GET
12-02 19:04:29.785 28895 28969 I okhttp.OkHttpClient: <-- 200 http://www.981757-ca08998.tmweb.ru:8080/fmh/users (141ms)
12-02 19:04:29.785 28895 28969 I okhttp.OkHttpClient: Vary: Origin
12-02 19:04:29.785 28895 28969 I okhttp.OkHttpClient: Vary: Access-Control-Request-Method
12-02 19:04:29.785 28895 28969 I okhttp.OkHttpClient: Vary: Access-Control-Request-Headers
12-02 19:04:29.785 28895 28969 I okhttp.OkHttpClient: X-Content-Type-Options: nosniff
12-02 19:04:29.785 28895 28969 I okhttp.OkHttpClient: X-XSS-Protection: 1; mode=block
12-02 19:04:29.785 28895 28969 I okhttp.OkHttpClient: Cache-Control: no-cache, no-store, max-age=0, must-revalidate
12-02 19:04:29.785 28895 28969 I okhttp.OkHttpClient: Pragma: no-cache
12-02 19:04:29.785 28895 28969 I okhttp.OkHttpClient: Expires: 0
12-02 19:04:29.785 28895 28969 I okhttp.OkHttpClient: X-Frame-Options: DENY
12-02 19:04:29.785 28895 28969 I okhttp.OkHttpClient: Content-Type: application/json
12-02 19:04:29.785 28895 28969 I okhttp.OkHttpClient: Transfer-Encoding: chunked
12-02 19:04:29.785 28895 28969 I okhttp.OkHttpClient: Date: Fri, 02 Dec 2022 16:04:31 GMT
12-02 19:04:29.785 28895 28969 I okhttp.OkHttpClient: Keep-Alive: timeout=60
12-02 19:04:29.786 28895 28969 I okhttp.OkHttpClient: Connection: keep-alive
12-02 19:04:29.786 28895 28969 I okhttp.OkHttpClient: [{"id":1,"firstName":"","lastName":"","middleName":"","admin":true},{"id":2,"firstName":"","lastName":"","middleName":"","admin":true},{"id":3,"firstName":"","lastName":"","middleName":"","admin":false},{"id":4,"firstName":"","lastName":"","middleName":"","admin":false},{"id":5,"firstName":"","lastName":"","middleName":"","admin":true},{"id":6,"firstName":"Diplom","lastName":"Netology","middleName":"QAMID","admin":true}]
12-02 19:04:29.786 28895 28969 I okhttp.OkHttpClient: <-- END HTTP (622-byte body)
12-02 19:04:29.993 28895 28895 I ViewInteraction: Performing 'wait for a specific view with <view.getId() is <2131231041/ru.iteco.fmhandroid:id/executor_drop_menu_auto_complete_text_view>> during 10000 millis.' action on view view.getRootView() to equal view
12-02 19:04:29.995 28895 28895 I ViewInteraction: Performing 'single click' action on view view.getId() is <2131231041/ru.iteco.fmhandroid:id/executor_drop_menu_auto_complete_text_view>
12-02 19:04:30.085  1743  2204 I netd    : firewallSetUidRule(2, 10145, 1) <0.66ms>
12-02 19:04:30.121  1772  6832 D gralloc_ranchu: gralloc_alloc: Creating ashmem region of size 7032832
12-02 19:04:30.127  1772  6832 I chatty  : uid=1000(system) HwBinder:1772_3 identical 1 line
12-02 19:04:30.128  1772  6832 D gralloc_ranchu: gralloc_alloc: Creating ashmem region of size 7032832
12-02 19:04:30.133 28895 28955 D EGL_emulation: eglMakeCurrent: 0xe3a07540: ver 2 0 (tinfo 0xe3a93cb0)
12-02 19:04:30.169 28895 28895 I AssistStructure: Flattened final assist data: 6984 bytes, containing 2 windows, 53 views
12-02 19:04:30.181  2010  3304 D AutofillSession: Starting partition or augmented request for view id 1073741827@78624073: STARTED_SESSION
12-02 19:04:30.188  2010  2010 D AutofillSession: cancelCurrentRequest(): id = 1109
12-02 19:04:30.201 28895 28955 D EGL_emulation: eglMakeCurrent: 0xe3a07540: ver 2 0 (tinfo 0xe3a93cb0)
12-02 19:04:30.230 28895 28895 I AssistStructure: Flattened final assist data: 6984 bytes, containing 2 windows, 53 views
12-02 19:04:30.261 28895 28955 D EGL_emulation: eglMakeCurrent: 0xe3a07540: ver 2 0 (tinfo 0xe3a93cb0)
12-02 19:04:30.278  2486  2486 I KeyboardViewUtil: systemKeyboardHeightRatio:1.000000; userKeyboardHeightRatio:1.000000.
12-02 19:04:30.286  2486  2486 I AndroidIME: LatinIme.onActivate() : EditorInfo = Package = ru.iteco.fmhandroid : Type = Text : Learning = Disable : Suggestion = Show : AutoCorrection = Disable : Microphone = Show : NoPersonalizedLearning = Disable
12-02 19:04:30.309  2584  2584 W ktk     : Pending fill request while another request in the same session was triggered. [CONTEXT service_id=177 ]
12-02 19:04:30.319 28895 28908 I teco.fmhandroi: Background concurrent copying GC freed 99551(5370KB) AllocSpace objects, 1(16KB) LOS objects, 36% free, 10MB/16MB, paused 468us total 102.758ms
12-02 19:04:30.392  2010  2034 D AutofillUI: destroySaveUiUiThread(): already destroyed
12-02 19:04:30.393  2486  2486 I Conv2QueryExtension: Current locale: en_US, config allows these locales: de,en,es,fr,it,ms,pt,ta
12-02 19:04:30.393  2486  2486 I Conv2QueryExtension: Conv2Query not enabled due to current app [ru.iteco.fmhandroid] not in whitelist
12-02 19:04:30.394  2486  2486 I Conv2QueryExtension: onActivate() : Disabled by unsupported host app
12-02 19:04:30.408  2169  2501 D EGL_emulation: eglMakeCurrent: 0xdb91a600: ver 2 0 (tinfo 0xdb90f8d0)
12-02 19:04:30.481  1772  6832 D gralloc_ranchu: gralloc_alloc: Creating ashmem region of size 14262272
12-02 19:04:30.488  1772  6832 I chatty  : uid=1000(system) HwBinder:1772_3 identical 1 line
12-02 19:04:30.489  1772  6832 D gralloc_ranchu: gralloc_alloc: Creating ashmem region of size 14262272
12-02 19:04:30.496  2486  6704 D EGL_emulation: eglMakeCurrent: 0xdb91b920: ver 2 0 (tinfo 0xdb90fce0)
12-02 19:04:30.546 28895 28955 D EGL_emulation: eglMakeCurrent: 0xe3a07540: ver 2 0 (tinfo 0xe3a93cb0)
12-02 19:04:30.576  1772  6832 D gralloc_ranchu: gralloc_alloc: Creating ashmem region of size 4997120
12-02 19:04:30.584 28895 28955 D EGL_emulation: eglMakeCurrent: 0xe3a07540: ver 2 0 (tinfo 0xe3a93cb0)
12-02 19:04:30.600  1772  6832 D gralloc_ranchu: gralloc_alloc: Creating ashmem region of size 4997120
12-02 19:04:30.604 28895 28955 D EGL_emulation: eglMakeCurrent: 0xe3a07540: ver 2 0 (tinfo 0xe3a93cb0)
12-02 19:04:30.616 28895 28955 D EGL_emulation: eglMakeCurrent: 0xe3a07540: ver 2 0 (tinfo 0xe3a93cb0)
12-02 19:04:30.626  1772  6832 D gralloc_ranchu: gralloc_alloc: Creating ashmem region of size 4997120
12-02 19:04:30.633 28895 28955 D EGL_emulation: eglMakeCurrent: 0xe3a07540: ver 2 0 (tinfo 0xe3a93cb0)
12-02 19:04:30.643 28895 28895 I ViewInteraction: Performing 'close keyboard' action on view view.getRootView() to equal view
12-02 19:04:30.649  2486  2486 I PhenotypeExpConfig: refreshConfiguration() : Force = false : UpdateAvailable = false : Age = 182 minutes : MaxAge = 720 minutes
12-02 19:04:30.649  1743  2204 I netd    : firewallSetUidRule(2, 10145, 2) <0.04ms>
12-02 19:04:30.658  2486  2486 I AndroidIME: LatinIme.onDeactivate()
12-02 19:04:30.687  2486  6704 D EGL_emulation: eglMakeCurrent: 0xdb91b920: ver 2 0 (tinfo 0xdb90fce0)
12-02 19:04:30.746  1772  6832 D gralloc_ranchu: gralloc_alloc: Creating ashmem region of size 7032832
12-02 19:04:30.753 28895 28955 D EGL_emulation: eglMakeCurrent: 0xe3a07540: ver 2 0 (tinfo 0xe3a93cb0)
12-02 19:04:30.769  1772  6832 D gralloc_ranchu: gralloc_alloc: Creating ashmem region of size 7032832
12-02 19:04:30.775 28895 28955 D EGL_emulation: eglMakeCurrent: 0xe3a07540: ver 2 0 (tinfo 0xe3a93cb0)
12-02 19:04:30.790 28895 28955 D EGL_emulation: eglMakeCurrent: 0xe3a07540: ver 2 0 (tinfo 0xe3a93cb0)
12-02 19:04:30.801  1772  6832 D gralloc_ranchu: gralloc_alloc: Creating ashmem region of size 7032832
12-02 19:04:31.127 28895 28955 D EGL_emulation: eglMakeCurrent: 0xe3a07540: ver 2 0 (tinfo 0xe3a93cb0)
12-02 19:04:32.294 28895 28990 I okhttp.OkHttpClient: <-- 200 http://www.981757-ca08998.tmweb.ru:8080/fmh/claims (3567ms)
12-02 19:04:32.294 28895 28990 I okhttp.OkHttpClient: Vary: Origin
12-02 19:04:32.294 28895 28990 I okhttp.OkHttpClient: Vary: Access-Control-Request-Method
12-02 19:04:32.294 28895 28990 I okhttp.OkHttpClient: Vary: Access-Control-Request-Headers
12-02 19:04:32.294 28895 28990 I okhttp.OkHttpClient: X-Content-Type-Options: nosniff
12-02 19:04:32.294 28895 28990 I okhttp.OkHttpClient: X-XSS-Protection: 1; mode=block
12-02 19:04:32.295 28895 28990 I okhttp.OkHttpClient: Cache-Control: no-cache, no-store, max-age=0, must-revalidate
12-02 19:04:32.295 28895 28990 I okhttp.OkHttpClient: Pragma: no-cache
12-02 19:04:32.295 28895 28990 I okhttp.OkHttpClient: Expires: 0
12-02 19:04:32.295 28895 28990 I okhttp.OkHttpClient: X-Frame-Options: DENY
12-02 19:04:32.295 28895 28990 I okhttp.OkHttpClient: Content-Type: application/json
12-02 19:04:32.295 28895 28990 I okhttp.OkHttpClient: Transfer-Encoding: chunked
12-02 19:04:32.295 28895 28990 I okhttp.OkHttpClient: Date: Fri, 02 Dec 2022 16:04:33 GMT
12-02 19:04:32.295 28895 28990 I okhttp.OkHttpClient: Keep-Alive: timeout=60
12-02 19:04:32.295 28895 28990 I okhttp.OkHttpClient: Connection: keep-alive
12-02 19:04:32.342 28895 28955 D EGL_emulation: eglMakeCurrent: 0xe3a07540: ver 2 0 (tinfo 0xe3a93cb0)
12-02 19:04:32.627 28895 28955 D EGL_emulation: eglMakeCurrent: 0xe3a07540: ver 2 0 (tinfo 0xe3a93cb0)
12-02 19:04:33.011 28895 28974 I okhttp.OkHttpClient: <-- 200 http://www.981757-ca08998.tmweb.ru:8080/fmh/claims (3603ms)
12-02 19:04:33.011 28895 28974 I okhttp.OkHttpClient: Vary: Origin
12-02 19:04:33.011 28895 28974 I okhttp.OkHttpClient: Vary: Access-Control-Request-Method
12-02 19:04:33.011 28895 28974 I okhttp.OkHttpClient: Vary: Access-Control-Request-Headers
12-02 19:04:33.011 28895 28974 I okhttp.OkHttpClient: X-Content-Type-Options: nosniff
12-02 19:04:33.011 28895 28974 I okhttp.OkHttpClient: X-XSS-Protection: 1; mode=block
12-02 19:04:33.011 28895 28974 I okhttp.OkHttpClient: Cache-Control: no-cache, no-store, max-age=0, must-revalidate
12-02 19:04:33.011 28895 28974 I okhttp.OkHttpClient: Pragma: no-cache
12-02 19:04:33.012 28895 28974 I okhttp.OkHttpClient: Expires: 0
12-02 19:04:33.012 28895 28974 I okhttp.OkHttpClient: X-Frame-Options: DENY
12-02 19:04:33.012 28895 28974 I okhttp.OkHttpClient: Content-Type: application/json
12-02 19:04:33.012 28895 28974 I okhttp.OkHttpClient: Transfer-Encoding: chunked
