--------- beginning of main
12-02 19:01:23.436 28895 28939 I QueryController: Matched selector: UiSelector[DESCRIPTION=Airplane mode] <<==>> [android.view.accessibility.AccessibilityNodeInfo@6e5d2; boundsInParent: Rect(0, 0 - 393, 371); boundsInScreen: Rect(978, 1022 - 1371, 1393); packageName: com.android.systemui; className: android.widget.Switch; text: Off; error: null; maxTextLength: -1; contentDescription: Airplane mode; tooltipText: null; viewIdResName: null; checkable: true; checked: false; focusable: true; focused: false; selected: false; clickable: true; longClickable: true; contextClickable: false; enabled: true; password: false; scrollable: false; importantForAccessibility: true; visible: true; actions: [AccessibilityAction: ACTION_FOCUS - null, AccessibilityAction: ACTION_SELECT - null, AccessibilityAction: ACTION_CLEAR_SELECTION - null, AccessibilityAction: ACTION_CLICK - null, AccessibilityAction: ACTION_ACCESSIBILITY_FOCUS - null, AccessibilityAction: ACTION_NEXT_AT_MOVEMENT_GRANULARITY - null, AccessibilityAction: ACTION_PREVIOUS_AT_MOVEMENT_GRANULARITY - null, AccessibilityAction: ACTION_SET_SELECTION - null, AccessibilityAction: ACTION_SHOW_ON_SCREEN - null, AccessibilityAction: ACTION_LONG_CLICK - Open settings]]
--------- beginning of system
12-02 19:01:23.449  2010  2034 D AutofillManagerService: onBackKeyPressed()
12-02 19:01:24.007  1750  1962 W audio_hw_generic: Not supplying enough data to HAL, expected position 393776541 , only wrote 393538248
12-02 19:01:24.085  2169  2169 V StatusBar: mStatusBarWindow: com.android.systemui.statusbar.phone.StatusBarWindowView{7aeee74 V.E...... ........ 0,0-1440,2560} canPanelBeCollapsed(): true
12-02 19:01:24.090  2169  2169 D StatusBar: disable<e i a s b h r c s > disable2<q i n >
12-02 19:01:24.102  2010 20213 W InputReader: Device has associated, but no associated display id.
12-02 19:01:24.102  2010 20213 I chatty  : uid=1000(system) Binder:2010_20 identical 8 lines
12-02 19:01:24.102  2010 20213 W InputReader: Device has associated, but no associated display id.
12-02 19:01:24.120 28895 28895 D LifecycleMonitor: Lifecycle status change: ru.iteco.fmhandroid.ui.AppActivity@7dd07bf in: PAUSED
12-02 19:01:24.127  2010 20213 W InputReader: Device has associated, but no associated display id.
12-02 19:01:24.130  2010 20213 I chatty  : uid=1000(system) Binder:2010_20 identical 28 lines
12-02 19:01:24.130  2010 20213 W InputReader: Device has associated, but no associated display id.
12-02 19:01:24.146 28895 28934 V FA      : Recording user engagement, ms: 23663
12-02 19:01:24.151  2169  2169 D StatusBar: disable<e i a s b h r c s > disable2<q i n >
12-02 19:01:24.084  2010  2034 D AutofillManagerService: onBackKeyPressed()
12-02 19:01:24.160  2010 20213 D ConnectivityService: requestNetwork for uid/pid:10127/543 NetworkRequest [ TRACK_DEFAULT id=239, [ Capabilities: INTERNET&NOT_RESTRICTED&TRUSTED Uid: 10127] ]
12-02 19:01:24.161  2010  2126 D UntrustedWifiNetworkFactory: got request NetworkRequest [ TRACK_DEFAULT id=239, [ Capabilities: INTERNET&NOT_RESTRICTED&TRUSTED Uid: 10127] ] with score 50 and serial 2
12-02 19:01:24.161  2010  2126 D WifiNetworkFactory: got request NetworkRequest [ TRACK_DEFAULT id=239, [ Capabilities: INTERNET&NOT_RESTRICTED&TRUSTED Uid: 10127] ] with score 50 and serial 2
12-02 19:01:24.162  2352  2352 D PhoneSwitcherNetworkRequstListener: got request NetworkRequest [ TRACK_DEFAULT id=239, [ Capabilities: INTERNET&NOT_RESTRICTED&TRUSTED Uid: 10127] ] with score 50 and serial 2
12-02 19:01:24.181  2169  2501 D EGL_emulation: eglMakeCurrent: 0xdb91a600: ver 2 0 (tinfo 0xdb90f8d0)
12-02 19:01:24.186  1772  1873 D gralloc_ranchu: gralloc_alloc: Creating ashmem region of size 487424
12-02 19:01:24.198  2169  2501 D EGL_emulation: eglMakeCurrent: 0xdb91a600: ver 2 0 (tinfo 0xdb90f8d0)
12-02 19:01:24.216  1772  1873 D gralloc_ranchu: gralloc_alloc: Creating ashmem region of size 487424
12-02 19:01:24.237  1772  1873 D gralloc_ranchu: gralloc_alloc: Creating ashmem region of size 487424
12-02 19:01:24.239  1772  1875 D gralloc_ranchu: gralloc_alloc: Creating ashmem region of size 14749696
12-02 19:01:24.260   543   578 D EGL_emulation: eglMakeCurrent: 0xeec7f2e0: ver 2 0 (tinfo 0xe39facd0)
12-02 19:01:24.261 28895 28934 V FA      : Connecting to remote service
12-02 19:01:24.285 28895 28934 V FA      : Connection attempt already in progress
12-02 19:01:24.285 28895 28934 V FA      : Activity paused, time: 89320531
12-02 19:01:24.297  1772  1875 D gralloc_ranchu: gralloc_alloc: Creating ashmem region of size 14749696
12-02 19:01:24.314 28895 28934 D FA      : Connected to remote service
12-02 19:01:24.315 28895 28934 V FA      : Processing queued up service tasks: 2
12-02 19:01:24.347   642   672 D EGL_emulation: eglCreateContext: 0xdb91a840: maj 2 min 0 rcv 2
12-02 19:01:24.348   642   672 D EGL_emulation: eglMakeCurrent: 0xdb91a840: ver 2 0 (tinfo 0xeec89de0)
12-02 19:01:24.386 28895 28908 I teco.fmhandroi: NativeAlloc concurrent copying GC freed 74458(4008KB) AllocSpace objects, 11(332KB) LOS objects, 33% free, 11MB/17MB, paused 1.451ms total 132.535ms
12-02 19:01:24.388  2881 28946 V FA-SVC  : Logging event: origin=auto,name=user_engagement(_e),params=Bundle[{ga_event_origin(_o)=auto, engagement_time_msec(_et)=23663, ga_screen_class(_sc)=AppActivity, ga_screen_id(_si)=-2112231893253735565}]
12-02 19:01:24.404   642   672 E chromium: [ERROR:gl_surface_egl.cc(342)] eglChooseConfig failed with error EGL_SUCCESS
12-02 19:01:24.413  1772  1875 D gralloc_ranchu: gralloc_alloc: Creating ashmem region of size 13778944
12-02 19:01:24.478   642   672 D EGL_emulation: eglCreateContext: 0xdb91b860: maj 2 min 0 rcv 2
12-02 19:01:24.484   642   672 D EGL_emulation: eglMakeCurrent: 0xdb91b860: ver 2 0 (tinfo 0xeec89de0)
12-02 19:01:24.498  1772  1875 D gralloc_ranchu: gralloc_alloc: Creating ashmem region of size 14749696
12-02 19:01:24.527  2881 28946 V FA-SVC  : Upload scheduled in approximately ms: 1037785
12-02 19:01:24.527  2881 28946 V FA-SVC  : Unscheduling upload
12-02 19:01:24.531   642   672 D EGL_emulation: eglMakeCurrent: 0xdb91a840: ver 2 0 (tinfo 0xeec89de0)
12-02 19:01:24.533  1772  1875 D gralloc_ranchu: gralloc_alloc: Creating ashmem region of size 14749696
12-02 19:01:24.536   642   672 D EGL_emulation: eglMakeCurrent: 0xdb91b860: ver 2 0 (tinfo 0xeec89de0)
12-02 19:01:24.551  2881 28946 V FA-SVC  : Scheduling upload, millis: 1037785
12-02 19:01:24.561  2881 28946 V FA-SVC  : Background event processing time, ms: 174
12-02 19:01:24.575   642   672 D EGL_emulation: eglMakeCurrent: 0xeec7fbe0: ver 2 0 (tinfo 0xeec89de0)
12-02 19:01:24.598   642   672 D EGL_emulation: eglMakeCurrent: 0xdb91b860: ver 2 0 (tinfo 0xeec89de0)
12-02 19:01:24.636  2584 25495 E SQLiteDatabase: Error inserting flex_time=1037000 job_id=-1 period=2076000 source=16 requires_charging=0 preferred_network_type=1 target_class=com.google.android.gms.measurement.PackageMeasurementTaskService user_id=0 target_package=com.google.android.gms tag=Measurement.PackageMeasurementTaskService.UPLOAD_TASK_TAG task_type=0 required_idleness_state=0 service_kind=0 source_version=202414000 persistence_level=1 preferred_charging_state=1 required_network_type=0 runtime=1669996884626 retry_strategy={"maximum_backoff_seconds":{"3600":0},"initial_backoff_seconds":{"30":0},"retry_policy":{"0":0}} last_runtime=0
12-02 19:01:24.636  2584 25495 E SQLiteDatabase: android.database.sqlite.SQLiteConstraintException: UNIQUE constraint failed: pending_ops.tag, pending_ops.target_class, pending_ops.target_package, pending_ops.user_id (code 2067 SQLITE_CONSTRAINT_UNIQUE)
12-02 19:01:24.636  2584 25495 E SQLiteDatabase: 	at android.database.sqlite.SQLiteConnection.nativeExecuteForLastInsertedRowId(Native Method)
12-02 19:01:24.636  2584 25495 E SQLiteDatabase: 	at android.database.sqlite.SQLiteConnection.executeForLastInsertedRowId(SQLiteConnection.java:879)
12-02 19:01:24.636  2584 25495 E SQLiteDatabase: 	at android.database.sqlite.SQLiteSession.executeForLastInsertedRowId(SQLiteSession.java:790)
12-02 19:01:24.636  2584 25495 E SQLiteDatabase: 	at android.database.sqlite.SQLiteStatement.executeInsert(SQLiteStatement.java:88)
12-02 19:01:24.636  2584 25495 E SQLiteDatabase: 	at android.database.sqlite.SQLiteDatabase.insertWithOnConflict(SQLiteDatabase.java:1599)
12-02 19:01:24.636  2584 25495 E SQLiteDatabase: 	at android.database.sqlite.SQLiteDatabase.insert(SQLiteDatabase.java:1468)
12-02 19:01:24.636  2584 25495 E SQLiteDatabase: 	at aqui.a(:com.google.android.gms@202414022@20.24.14 (040700-319035315):175)
12-02 19:01:24.636  2584 25495 E SQLiteDatabase: 	at aqtk.a(:com.google.android.gms@202414022@20.24.14 (040700-319035315):182)
12-02 19:01:24.636  2584 25495 E SQLiteDatabase: 	at aqtk.a(:com.google.android.gms@202414022@20.24.14 (040700-319035315):23)
12-02 19:01:24.636  2584 25495 E SQLiteDatabase: 	at aqtk.a(:com.google.android.gms@202414022@20.24.14 (040700-319035315):177)
12-02 19:01:24.636  2584 25495 E SQLiteDatabase: 	at aqpu.run(:com.google.android.gms@202414022@20.24.14 (040700-319035315):9)
12-02 19:01:24.636  2584 25495 E SQLiteDatabase: 	at soy.b(:com.google.android.gms@202414022@20.24.14 (040700-319035315):12)
12-02 19:01:24.636  2584 25495 E SQLiteDatabase: 	at soy.run(:com.google.android.gms@202414022@20.24.14 (040700-319035315):7)
12-02 19:01:24.636  2584 25495 E SQLiteDatabase: 	at java.util.concurrent.ThreadPoolExecutor.runWorker(ThreadPoolExecutor.java:1167)
12-02 19:01:24.636  2584 25495 E SQLiteDatabase: 	at java.util.concurrent.ThreadPoolExecutor$Worker.run(ThreadPoolExecutor.java:641)
12-02 19:01:24.636  2584 25495 E SQLiteDatabase: 	at sux.run(:com.google.android.gms@202414022@20.24.14 (040700-319035315):0)
12-02 19:01:24.636  2584 25495 E SQLiteDatabase: 	at java.lang.Thread.run(Thread.java:919)
12-02 19:01:24.692  1772  1875 D gralloc_ranchu: gralloc_alloc: Creating ashmem region of size 13778944
12-02 19:01:24.697   642   672 D EGL_emulation: eglMakeCurrent: 0xeec7fbe0: ver 2 0 (tinfo 0xeec89de0)
12-02 19:01:24.702  2010  2037 W InputReader: Device has associated, but no associated display id.
12-02 19:01:24.709  2010  2037 I chatty  : uid=1000(system) android.anim identical 18 lines
12-02 19:01:24.709  2010  2037 W InputReader: Device has associated, but no associated display id.
12-02 19:01:24.712   642   672 D EGL_emulation: eglMakeCurrent: 0xdb91b860: ver 2 0 (tinfo 0xeec89de0)
12-02 19:01:24.717   642   672 D EGL_emulation: eglMakeCurrent: 0xeec7fbe0: ver 2 0 (tinfo 0xeec89de0)
12-02 19:01:24.728  1772  1875 D gralloc_ranchu: gralloc_alloc: Creating ashmem region of size 9441280
12-02 19:01:24.763  2169  2501 D EGL_emulation: eglMakeCurrent: 0xdb91a600: ver 2 0 (tinfo 0xdb90f8d0)
12-02 19:01:24.778 28895 28955 D EGL_emulation: eglMakeCurrent: 0xe3a07540: ver 2 0 (tinfo 0xe3a93cb0)
12-02 19:01:24.819  2010  6726 D HostConnection: HostConnection::get() New Host Connection established 0xb4601c80, tid 6726
12-02 19:01:24.819   642   672 D EGL_emulation: eglMakeCurrent: 0xdb91b860: ver 2 0 (tinfo 0xeec89de0)
12-02 19:01:24.826 28895 28895 D AutofillManager: onActivityFinishing(): calling cancelLocked()
12-02 19:01:24.827 28895 28895 D LifecycleMonitor: Lifecycle status change: ru.iteco.fmhandroid.ui.AppActivity@7dd07bf in: STOPPED
12-02 19:01:24.837  1772  1875 D gralloc_ranchu: gralloc_alloc: Creating ashmem region of size 13778944
12-02 19:01:24.839  2169  2501 D EGL_emulation: eglMakeCurrent: 0xdb91a600: ver 2 0 (tinfo 0xdb90f8d0)
12-02 19:01:24.856  2010  6726 D HostConnection: HostComposition ext ANDROID_EMU_CHECKSUM_HELPER_v1 ANDROID_EMU_dma_v1 ANDROID_EMU_direct_mem ANDROID_EMU_host_composition_v1 ANDROID_EMU_host_composition_v2 ANDROID_EMU_vulkan ANDROID_EMU_deferred_vulkan_commands ANDROID_EMU_vulkan_null_optional_strings ANDROID_EMU_vulkan_create_resources_with_requirements ANDROID_EMU_YUV_Cache ANDROID_EMU_vulkan_ignored_handles ANDROID_EMU_vulkan_free_memory_sync ANDROID_EMU_vulkan_shader_float16_int8 ANDROID_EMU_vulkan_async_queue_submit ANDROID_EMU_sync_buffer_data GL_OES_vertex_array_object GL_KHR_texture_compression_astc_ldr ANDROID_EMU_host_side_tracing ANDROID_EMU_gles_max_version_2 
12-02 19:01:24.860 28895 28895 W System.err: ru.iteco.fmhandroid.exceptions.UnknownException
12-02 19:01:24.861 28895 28895 W System.err: 	at ru.iteco.fmhandroid.utils.Utils.makeRequest(Utils.kt:123)
12-02 19:01:24.861 28895 28895 W System.err: 	at ru.iteco.fmhandroid.utils.Utils$makeRequest$1.invokeSuspend(Unknown Source:15)
12-02 19:01:24.861 28895 28895 W System.err: 	at kotlin.coroutines.jvm.internal.BaseContinuationImpl.resumeWith(ContinuationImpl.kt:33)
12-02 19:01:24.861 28895 28895 W System.err: 	at kotlinx.coroutines.DispatchedTaskKt.resume(DispatchedTask.kt:234)
12-02 19:01:24.861 28895 28895 W System.err: 	at kotlinx.coroutines.DispatchedTaskKt.resumeUnconfined(DispatchedTask.kt:190)
12-02 19:01:24.861 28895 28895 W System.err: 	at kotlinx.coroutines.DispatchedTaskKt.dispatch(DispatchedTask.kt:161)
12-02 19:01:24.861 28895 28895 W System.err: 	at kotlinx.coroutines.CancellableContinuationImpl.dispatchResume(CancellableContinuationImpl.kt:397)
12-02 19:01:24.861 28895 28895 W System.err: 	at kotlinx.coroutines.CancellableContinuationImpl.cancel(CancellableContinuationImpl.kt:183)
12-02 19:01:24.861 28895 28895 W System.err: 	at kotlinx.coroutines.CancellableContinuationImpl.parentCancelled$kotlinx_coroutines_core(CancellableContinuationImpl.kt:190)
12-02 19:01:24.861 28895 28895 W System.err: 	at kotlinx.coroutines.ChildContinuation.invoke(JobSupport.kt:1474)
12-02 19:01:24.861 28895 28895 W System.err: 	at kotlinx.coroutines.JobSupport.notifyCancelling(JobSupport.kt:1499)
12-02 19:01:24.861 28895 28895 W System.err: 	at kotlinx.coroutines.JobSupport.tryMakeCancelling(JobSupport.kt:795)
12-02 19:01:24.861 28895 28895 W System.err: 	at kotlinx.coroutines.JobSupport.makeCancelling(JobSupport.kt:755)
12-02 19:01:24.861 28895 28895 W System.err: 	at kotlinx.coroutines.JobSupport.cancelImpl$kotlinx_coroutines_core(JobSupport.kt:671)
12-02 19:01:24.861 28895 28895 W System.err: 	at kotlinx.coroutines.JobSupport.parentCancelled(JobSupport.kt:637)
12-02 19:01:24.861 28895 28895 W System.err: 	at kotlinx.coroutines.ChildHandleNode.invoke(JobSupport.kt:1465)
12-02 19:01:24.861 28895 28895 W System.err: 	at kotlinx.coroutines.JobSupport.notifyCancelling(JobSupport.kt:1499)
12-02 19:01:24.861 28895 28895 W System.err: 	at kotlinx.coroutines.JobSupport.tryMakeCompletingSlowPath(JobSupport.kt:900)
12-02 19:01:24.862 28895 28895 W System.err: 	at kotlinx.coroutines.JobSupport.tryMakeCompleting(JobSupport.kt:863)
12-02 19:01:24.862 28895 28895 W System.err: 	at kotlinx.coroutines.JobSupport.cancelMakeCompleting(JobSupport.kt:696)
12-02 19:01:24.862 28895 28895 W System.err: 	at kotlinx.coroutines.JobSupport.cancelImpl$kotlinx_coroutines_core(JobSupport.kt:667)
12-02 19:01:24.862 28895 28895 W System.err: 	at kotlinx.coroutines.JobSupport.cancelInternal(JobSupport.kt:632)
12-02 19:01:24.862 28895 28895 W System.err: 	at kotlinx.coroutines.JobSupport.cancel(JobSupport.kt:617)
12-02 19:01:24.862 28895 28895 W System.err: 	at kotlinx.coroutines.JobKt__JobKt.cancel(Job.kt:561)
12-02 19:01:24.862 28895 28895 W System.err: 	at kotlinx.coroutines.JobKt.cancel(Unknown Source:1)
12-02 19:01:24.862 28895 28895 W System.err: 	at kotlinx.coroutines.JobKt__JobKt.cancel$default(Job.kt:560)
12-02 19:01:24.862 28895 28895 W System.err: 	at kotlinx.coroutines.JobKt.cancel$default(Unknown Source:1)
12-02 19:01:24.862 28895 28895 W System.err: 	at androidx.lifecycle.CloseableCoroutineScope.close(ViewModel.kt:51)
12-02 19:01:24.862 28895 28895 W System.err: 	at androidx.lifecycle.ViewModel.closeWithRuntimeException(ViewModel.java:188)
12-02 19:01:24.862 28895 28895 W System.err: 	at androidx.lifecycle.ViewModel.clear(ViewModel.java:134)
12-02 19:01:24.862 28895 28895 W System.err: 	at androidx.lifecycle.ViewModelStore.clear(ViewModelStore.java:62)
12-02 19:01:24.862 28895 28895 W System.err: 	at androidx.fragment.app.FragmentManagerViewModel.clearNonConfigStateInternal(FragmentManagerViewModel.java:210)
12-02 19:01:24.862 28895 28895 W System.err: 	at androidx.fragment.app.FragmentManagerViewModel.clearNonConfigState(FragmentManagerViewModel.java:190)
12-02 19:01:24.862 28895 28895 W System.err: 	at androidx.fragment.app.FragmentStateManager.destroy(FragmentStateManager.java:778)
12-02 19:01:24.862 28895 28895 W System.err: 	at androidx.fragment.app.FragmentStateManager.moveToExpectedState(FragmentStateManager.java:335)
12-02 19:01:24.862 28895 28895 W System.err: 	at androidx.fragment.app.FragmentStore.moveToExpectedState(FragmentStore.java:121)
12-02 19:01:24.862 28895 28895 W System.err: 	at androidx.fragment.app.FragmentManager.moveToState(FragmentManager.java:1374)
12-02 19:01:24.862 28895 28895 W System.err: 	at androidx.fragment.app.FragmentManager.dispatchStateChange(FragmentManager.java:2841)
12-02 19:01:24.862 28895 28895 W System.err: 	at androidx.fragment.app.FragmentManager.dispatchDestroy(FragmentManager.java:2820)
12-02 19:01:24.862 28895 28895 W System.err: 	at androidx.fragment.app.Fragment.performDestroy(Fragment.java:3246)
12-02 19:01:24.863 28895 28895 W System.err: 	at androidx.fragment.app.FragmentStateManager.destroy(FragmentStateManager.java:780)
12-02 19:01:24.863 28895 28895 W System.err: 	at androidx.fragment.app.FragmentStateManager.moveToExpectedState(FragmentStateManager.java:335)
12-02 19:01:24.863 28895 28895 W System.err: 	at androidx.fragment.app.SpecialEffectsController$FragmentStateManagerOperation.complete(SpecialEffectsController.java:771)
12-02 19:01:24.863 28895 28895 W System.err: 	at androidx.fragment.app.SpecialEffectsController$Operation.cancel(SpecialEffectsController.java:615)
12-02 19:01:24.863 28895 28895 W System.err: 	at androidx.fragment.app.SpecialEffectsController.forceCompleteAllOperations(SpecialEffectsController.java:350)
12-02 19:01:24.863 28895 28895 W System.err: 	at androidx.fragment.app.FragmentManager.dispatchStateChange(FragmentManager.java:2844)
12-02 19:01:24.863 28895 28895 W System.err: 	at androidx.fragment.app.FragmentManager.dispatchDestroy(FragmentManager.java:2820)
12-02 19:01:24.863 28895 28895 W System.err: 	at androidx.fragment.app.FragmentController.dispatchDestroy(FragmentController.java:345)
12-02 19:01:24.863 28895 28895 W System.err: 	at androidx.fragment.app.FragmentActivity.onDestroy(FragmentActivity.java:306)
12-02 19:01:24.863 28895 28895 W System.err: 	at androidx.appcompat.app.AppCompatActivity.onDestroy(AppCompatActivity.java:278)
12-02 19:01:24.863 28895 28895 W System.err: 	at android.app.Activity.performDestroy(Activity.java:8048)
12-02 19:01:24.863 28895 28895 W System.err: 	at android.app.Instrumentation.callActivityOnDestroy(Instrumentation.java:1334)
12-02 19:01:24.863 28895 28895 W System.err: 	at androidx.test.runner.MonitoringInstrumentation.callActivityOnDestroy(MonitoringInstrumentation.java:766)
12-02 19:01:24.863 28895 28895 W System.err: 	at android.app.ActivityThread.performDestroyActivity(ActivityThread.java:4926)
12-02 19:01:24.863 28895 28895 W System.err: 	at android.app.ActivityThread.handleDestroyActivity(ActivityThread.java:4970)
12-02 19:01:24.863 28895 28895 W System.err: 	at android.app.servertransaction.DestroyActivityItem.execute(DestroyActivityItem.java:44)
12-02 19:01:24.863 28895 28895 W System.err: 	at android.app.servertransaction.TransactionExecutor.executeLifecycleState(TransactionExecutor.java:176)
12-02 19:01:24.863 28895 28895 W System.err: 	at android.app.servertransaction.TransactionExecutor.execute(TransactionExecutor.java:97)
12-02 19:01:24.864 28895 28895 W System.err: 	at android.app.ActivityThread$H.handleMessage(ActivityThread.java:2016)
12-02 19:01:24.864 28895 28895 W System.err: 	at android.os.Handler.dispatchMessage(Handler.java:107)
12-02 19:01:24.864 28895 28895 W System.err: 	at android.os.Looper.loop(Looper.java:214)
12-02 19:01:24.864 28895 28895 W System.err: 	at android.app.ActivityThread.main(ActivityThread.java:7356)
12-02 19:01:24.864 28895 28895 W System.err: 	at java.lang.reflect.Method.invoke(Native Method)
12-02 19:01:24.864 28895 28895 W System.err: 	at com.android.internal.os.RuntimeInit$MethodAndArgsCaller.run(RuntimeInit.java:492)
12-02 19:01:24.864 28895 28895 W System.err: 	at com.android.internal.os.ZygoteInit.main(ZygoteInit.java:930)
12-02 19:01:24.865  2010  6726 W OpenGLRenderer: Failed to choose config with EGL_SWAP_BEHAVIOR_PRESERVED, retrying without...
12-02 19:01:24.870 28895 28895 W System.err: ru.iteco.fmhandroid.exceptions.UnknownException
12-02 19:01:24.870 28895 28895 W System.err: 	at ru.iteco.fmhandroid.utils.Utils.makeRequest(Utils.kt:123)
12-02 19:01:24.870 28895 28895 W System.err: 	at ru.iteco.fmhandroid.utils.Utils$makeRequest$1.invokeSuspend(Unknown Source:15)
12-02 19:01:24.870 28895 28895 W System.err: 	at kotlin.coroutines.jvm.internal.BaseContinuationImpl.resumeWith(ContinuationImpl.kt:33)
12-02 19:01:24.870 28895 28895 W System.err: 	at kotlinx.coroutines.DispatchedTaskKt.resume(DispatchedTask.kt:234)
12-02 19:01:24.870 28895 28895 W System.err: 	at kotlinx.coroutines.DispatchedTaskKt.resumeUnconfined(DispatchedTask.kt:190)
12-02 19:01:24.870 28895 28895 W System.err: 	at kotlinx.coroutines.DispatchedTaskKt.dispatch(DispatchedTask.kt:161)
12-02 19:01:24.870 28895 28895 W System.err: 	at kotlinx.coroutines.CancellableContinuationImpl.dispatchResume(CancellableContinuationImpl.kt:397)
12-02 19:01:24.870 28895 28895 W System.err: 	at kotlinx.coroutines.CancellableContinuationImpl.cancel(CancellableContinuationImpl.kt:183)
12-02 19:01:24.870 28895 28895 W System.err: 	at kotlinx.coroutines.CancellableContinuationImpl.parentCancelled$kotlinx_coroutines_core(CancellableContinuationImpl.kt:190)
12-02 19:01:24.870 28895 28895 W System.err: 	at kotlinx.coroutines.ChildContinuation.invoke(JobSupport.kt:1474)
12-02 19:01:24.870 28895 28895 W System.err: 	at kotlinx.coroutines.JobSupport.notifyCancelling(JobSupport.kt:1499)
12-02 19:01:24.870 28895 28895 W System.err: 	at kotlinx.coroutines.JobSupport.tryMakeCancelling(JobSupport.kt:795)
12-02 19:01:24.870 28895 28895 W System.err: 	at kotlinx.coroutines.JobSupport.makeCancelling(JobSupport.kt:755)
12-02 19:01:24.870 28895 28895 W System.err: 	at kotlinx.coroutines.JobSupport.cancelImpl$kotlinx_coroutines_core(JobSupport.kt:671)
12-02 19:01:24.871 28895 28895 W System.err: 	at kotlinx.coroutines.JobSupport.parentCancelled(JobSupport.kt:637)
12-02 19:01:24.871 28895 28895 W System.err: 	at kotlinx.coroutines.ChildHandleNode.invoke(JobSupport.kt:1465)
12-02 19:01:24.871 28895 28895 W System.err: 	at kotlinx.coroutines.JobSupport.notifyCancelling(JobSupport.kt:1499)
12-02 19:01:24.871 28895 28895 W System.err: 	at kotlinx.coroutines.JobSupport.tryMakeCompletingSlowPath(JobSupport.kt:900)
12-02 19:01:24.871 28895 28895 W System.err: 	at kotlinx.coroutines.JobSupport.tryMakeCompleting(JobSupport.kt:863)
12-02 19:01:24.871 28895 28895 W System.err: 	at kotlinx.coroutines.JobSupport.cancelMakeCompleting(JobSupport.kt:696)
12-02 19:01:24.871 28895 28895 W System.err: 	at kotlinx.coroutines.JobSupport.cancelImpl$kotlinx_coroutines_core(JobSupport.kt:667)
12-02 19:01:24.871 28895 28895 W System.err: 	at kotlinx.coroutines.JobSupport.cancelInternal(JobSupport.kt:632)
12-02 19:01:24.871 28895 28895 W System.err: 	at kotlinx.coroutines.JobSupport.cancel(JobSupport.kt:617)
12-02 19:01:24.871 28895 28895 W System.err: 	at kotlinx.coroutines.JobKt__JobKt.cancel(Job.kt:561)
12-02 19:01:24.871 28895 28895 W System.err: 	at kotlinx.coroutines.JobKt.cancel(Unknown Source:1)
12-02 19:01:24.871 28895 28895 W System.err: 	at kotlinx.coroutines.JobKt__JobKt.cancel$default(Job.kt:560)
12-02 19:01:24.871 28895 28895 W System.err: 	at kotlinx.coroutines.JobKt.cancel$default(Unknown Source:1)
12-02 19:01:24.871 28895 28895 W System.err: 	at androidx.lifecycle.CloseableCoroutineScope.close(ViewModel.kt:51)
12-02 19:01:24.871 28895 28895 W System.err: 	at androidx.lifecycle.ViewModel.closeWithRuntimeException(ViewModel.java:188)
12-02 19:01:24.871 28895 28895 W System.err: 	at androidx.lifecycle.ViewModel.clear(ViewModel.java:134)
12-02 19:01:24.872 28895 28895 W System.err: 	at androidx.lifecycle.ViewModelStore.clear(ViewModelStore.java:62)
12-02 19:01:24.872 28895 28895 W System.err: 	at androidx.fragment.app.FragmentManagerViewModel.clearNonConfigStateInternal(FragmentManagerViewModel.java:210)
12-02 19:01:24.872 28895 28895 W System.err: 	at androidx.fragment.app.FragmentManagerViewModel.clearNonConfigState(FragmentManagerViewModel.java:190)
12-02 19:01:24.872 28895 28895 W System.err: 	at androidx.fragment.app.FragmentStateManager.destroy(FragmentStateManager.java:778)
12-02 19:01:24.872 28895 28895 W System.err: 	at androidx.fragment.app.FragmentStateManager.moveToExpectedState(FragmentStateManager.java:335)
12-02 19:01:24.872 28895 28895 W System.err: 	at androidx.fragment.app.FragmentStore.moveToExpectedState(FragmentStore.java:121)
12-02 19:01:24.873 28895 28895 W System.err: 	at androidx.fragment.app.FragmentManager.moveToState(FragmentManager.java:1374)
12-02 19:01:24.873 28895 28895 W System.err: 	at androidx.fragment.app.FragmentManager.dispatchStateChange(FragmentManager.java:2841)
12-02 19:01:24.873 28895 28895 W System.err: 	at androidx.fragment.app.FragmentManager.dispatchDestroy(FragmentManager.java:2820)
12-02 19:01:24.873 28895 28895 W System.err: 	at androidx.fragment.app.Fragment.performDestroy(Fragment.java:3246)
12-02 19:01:24.873 28895 28895 W System.err: 	at androidx.fragment.app.FragmentStateManager.destroy(FragmentStateManager.java:780)
12-02 19:01:24.873 28895 28895 W System.err: 	at androidx.fragment.app.FragmentStateManager.moveToExpectedState(FragmentStateManager.java:335)
12-02 19:01:24.873 28895 28895 W System.err: 	at androidx.fragment.app.SpecialEffectsController$FragmentStateManagerOperation.complete(SpecialEffectsController.java:771)
12-02 19:01:24.873 28895 28895 W System.err: 	at androidx.fragment.app.SpecialEffectsController$Operation.cancel(SpecialEffectsController.java:615)
12-02 19:01:24.873 28895 28895 W System.err: 	at androidx.fragment.app.SpecialEffectsController.forceCompleteAllOperations(SpecialEffectsController.java:350)
12-02 19:01:24.873 28895 28895 W System.err: 	at androidx.fragment.app.FragmentManager.dispatchStateChange(FragmentManager.java:2844)
12-02 19:01:24.873 28895 28895 W System.err: 	at androidx.fragment.app.FragmentManager.dispatchDestroy(FragmentManager.java:2820)
12-02 19:01:24.873 28895 28895 W System.err: 	at androidx.fragment.app.FragmentController.dispatchDestroy(FragmentController.java:345)
12-02 19:01:24.873 28895 28895 W System.err: 	at androidx.fragment.app.FragmentActivity.onDestroy(FragmentActivity.java:306)
12-02 19:01:24.873 28895 28895 W System.err: 	at androidx.appcompat.app.AppCompatActivity.onDestroy(AppCompatActivity.java:278)
12-02 19:01:24.874 28895 28895 W System.err: 	at android.app.Activity.performDestroy(Activity.java:8048)
12-02 19:01:24.874 28895 28895 W System.err: 	at android.app.Instrumentation.callActivityOnDestroy(Instrumentation.java:1334)
12-02 19:01:24.874 28895 28895 W System.err: 	at androidx.test.runner.MonitoringInstrumentation.callActivityOnDestroy(MonitoringInstrumentation.java:766)
12-02 19:01:24.874 28895 28895 W System.err: 	at android.app.ActivityThread.performDestroyActivity(ActivityThread.java:4926)
12-02 19:01:24.874 28895 28895 W System.err: 	at android.app.ActivityThread.handleDestroyActivity(ActivityThread.java:4970)
12-02 19:01:24.874 28895 28895 W System.err: 	at android.app.servertransaction.DestroyActivityItem.execute(DestroyActivityItem.java:44)
12-02 19:01:24.874 28895 28895 W System.err: 	at android.app.servertransaction.TransactionExecutor.executeLifecycleState(TransactionExecutor.java:176)
12-02 19:01:24.874 28895 28895 W System.err: 	at android.app.servertransaction.TransactionExecutor.execute(TransactionExecutor.java:97)
12-02 19:01:24.874 28895 28895 W System.err: 	at android.app.ActivityThread$H.handleMessage(ActivityThread.java:2016)
12-02 19:01:24.874 28895 28895 W System.err: 	at android.os.Handler.dispatchMessage(Handler.java:107)
12-02 19:01:24.874 28895 28895 W System.err: 	at android.os.Looper.loop(Looper.java:214)
12-02 19:01:24.874 28895 28895 W System.err: 	at android.app.ActivityThread.main(ActivityThread.java:7356)
12-02 19:01:24.874 28895 28895 W System.err: 	at java.lang.reflect.Method.invoke(Native Method)
12-02 19:01:24.874 28895 28895 W System.err: 	at com.android.internal.os.RuntimeInit$MethodAndArgsCaller.run(RuntimeInit.java:492)
12-02 19:01:24.875 28895 28895 W System.err: 	at com.android.internal.os.ZygoteInit.main(ZygoteInit.java:930)
12-02 19:01:24.882 28895 28895 W System.err: ru.iteco.fmhandroid.exceptions.UnknownException
12-02 19:01:24.883 28895 28895 W System.err: 	at ru.iteco.fmhandroid.utils.Utils.makeRequest(Utils.kt:123)
12-02 19:01:24.883 28895 28895 W System.err: 	at ru.iteco.fmhandroid.utils.Utils$makeRequest$1.invokeSuspend(Unknown Source:15)
12-02 19:01:24.883 28895 28895 W System.err: 	at kotlin.coroutines.jvm.internal.BaseContinuationImpl.resumeWith(ContinuationImpl.kt:33)
12-02 19:01:24.883 28895 28895 W System.err: 	at kotlinx.coroutines.DispatchedTaskKt.resume(DispatchedTask.kt:234)
12-02 19:01:24.883 28895 28895 W System.err: 	at kotlinx.coroutines.DispatchedTaskKt.resumeUnconfined(DispatchedTask.kt:190)
12-02 19:01:24.883 28895 28895 W System.err: 	at kotlinx.coroutines.DispatchedTaskKt.dispatch(DispatchedTask.kt:161)
12-02 19:01:24.883 28895 28895 W System.err: 	at kotlinx.coroutines.CancellableContinuationImpl.dispatchResume(CancellableContinuationImpl.kt:397)
12-02 19:01:24.883 28895 28895 W System.err: 	at kotlinx.coroutines.CancellableContinuationImpl.cancel(CancellableContinuationImpl.kt:183)
12-02 19:01:24.883 28895 28895 W System.err: 	at kotlinx.coroutines.CancellableContinuationImpl.parentCancelled$kotlinx_coroutines_core(CancellableContinuationImpl.kt:190)
12-02 19:01:24.883 28895 28895 W System.err: 	at kotlinx.coroutines.ChildContinuation.invoke(JobSupport.kt:1474)
12-02 19:01:24.883 28895 28895 W System.err: 	at kotlinx.coroutines.JobSupport.notifyCancelling(JobSupport.kt:1499)
12-02 19:01:24.895 28895 28895 W System.err: 	at kotlinx.coroutines.JobSupport.tryMakeCancelling(JobSupport.kt:795)
12-02 19:01:24.895 28895 28895 W System.err: 	at kotlinx.coroutines.JobSupport.makeCancelling(JobSupport.kt:755)
12-02 19:01:24.895 28895 28895 W System.err: 	at kotlinx.coroutines.JobSupport.cancelImpl$kotlinx_coroutines_core(JobSupport.kt:671)
12-02 19:01:24.896 28895 28895 W System.err: 	at kotlinx.coroutines.JobSupport.parentCancelled(JobSupport.kt:637)
12-02 19:01:24.896 28895 28895 W System.err: 	at kotlinx.coroutines.ChildHandleNode.invoke(JobSupport.kt:1465)
12-02 19:01:24.896 28895 28895 W System.err: 	at kotlinx.coroutines.JobSupport.notifyCancelling(JobSupport.kt:1499)
12-02 19:01:24.896 28895 28895 W System.err: 	at kotlinx.coroutines.JobSupport.tryMakeCompletingSlowPath(JobSupport.kt:900)
12-02 19:01:24.896 28895 28895 W System.err: 	at kotlinx.coroutines.JobSupport.tryMakeCompleting(JobSupport.kt:863)
12-02 19:01:24.896 28895 28895 W System.err: 	at kotlinx.coroutines.JobSupport.cancelMakeCompleting(JobSupport.kt:696)
12-02 19:01:24.896 28895 28895 W System.err: 	at kotlinx.coroutines.JobSupport.cancelImpl$kotlinx_coroutines_core(JobSupport.kt:667)
12-02 19:01:24.896 28895 28895 W System.err: 	at kotlinx.coroutines.JobSupport.cancelInternal(JobSupport.kt:632)
12-02 19:01:24.896 28895 28895 W System.err: 	at kotlinx.coroutines.JobSupport.cancel(JobSupport.kt:617)
12-02 19:01:24.896 28895 28895 W System.err: 	at kotlinx.coroutines.JobKt__JobKt.cancel(Job.kt:561)
12-02 19:01:24.896 28895 28895 W System.err: 	at kotlinx.coroutines.JobKt.cancel(Unknown Source:1)
12-02 19:01:24.896 28895 28895 W System.err: 	at kotlinx.coroutines.JobKt__JobKt.cancel$default(Job.kt:560)
12-02 19:01:24.896 28895 28895 W System.err: 	at kotlinx.coroutines.JobKt.cancel$default(Unknown Source:1)
12-02 19:01:24.896 28895 28895 W System.err: 	at androidx.lifecycle.CloseableCoroutineScope.close(ViewModel.kt:51)
12-02 19:01:24.896 28895 28895 W System.err: 	at androidx.lifecycle.ViewModel.closeWithRuntimeException(ViewModel.java:188)
12-02 19:01:24.896 28895 28895 W System.err: 	at androidx.lifecycle.ViewModel.clear(ViewModel.java:134)
12-02 19:01:24.896 28895 28895 W System.err: 	at androidx.lifecycle.ViewModelStore.clear(ViewModelStore.java:62)
12-02 19:01:24.896 28895 28895 W System.err: 	at androidx.fragment.app.FragmentManagerViewModel.clearNonConfigStateInternal(FragmentManagerViewModel.java:210)
12-02 19:01:24.896 28895 28895 W System.err: 	at androidx.fragment.app.FragmentManagerViewModel.clearNonConfigState(FragmentManagerViewModel.java:190)
12-02 19:01:24.896 28895 28895 W System.err: 	at androidx.fragment.app.FragmentStateManager.destroy(FragmentStateManager.java:778)
12-02 19:01:24.897 28895 28895 W System.err: 	at androidx.fragment.app.FragmentStateManager.moveToExpectedState(FragmentStateManager.java:335)
12-02 19:01:24.897 28895 28895 W System.err: 	at androidx.fragment.app.FragmentStore.moveToExpectedState(FragmentStore.java:121)
12-02 19:01:24.897 28895 28895 W System.err: 	at androidx.fragment.app.FragmentManager.moveToState(FragmentManager.java:1374)
12-02 19:01:24.897 28895 28895 W System.err: 	at androidx.fragment.app.FragmentManager.dispatchStateChange(FragmentManager.java:2841)
12-02 19:01:24.897 28895 28895 W System.err: 	at androidx.fragment.app.FragmentManager.dispatchDestroy(FragmentManager.java:2820)
12-02 19:01:24.897 28895 28895 W System.err: 	at androidx.fragment.app.Fragment.performDestroy(Fragment.java:3246)
12-02 19:01:24.897 28895 28895 W System.err: 	at androidx.fragment.app.FragmentStateManager.destroy(FragmentStateManager.java:780)
12-02 19:01:24.897 28895 28895 W System.err: 	at androidx.fragment.app.FragmentStateManager.moveToExpectedState(FragmentStateManager.java:335)
12-02 19:01:24.897 28895 28895 W System.err: 	at androidx.fragment.app.SpecialEffectsController$FragmentStateManagerOperation.complete(SpecialEffectsController.java:771)
12-02 19:01:24.897 28895 28895 W System.err: 	at androidx.fragment.app.SpecialEffectsController$Operation.cancel(SpecialEffectsController.java:615)
12-02 19:01:24.897 28895 28895 W System.err: 	at androidx.fragment.app.SpecialEffectsController.forceCompleteAllOperations(SpecialEffectsController.java:350)
12-02 19:01:24.897 28895 28895 W System.err: 	at androidx.fragment.app.FragmentManager.dispatchStateChange(FragmentManager.java:2844)
12-02 19:01:24.897 28895 28895 W System.err: 	at androidx.fragment.app.FragmentManager.dispatchDestroy(FragmentManager.java:2820)
12-02 19:01:24.897 28895 28895 W System.err: 	at androidx.fragment.app.FragmentController.dispatchDestroy(FragmentController.java:345)
12-02 19:01:24.897 28895 28895 W System.err: 	at androidx.fragment.app.FragmentActivity.onDestroy(FragmentActivity.java:306)
12-02 19:01:24.897 28895 28895 W System.err: 	at androidx.appcompat.app.AppCompatActivity.onDestroy(AppCompatActivity.java:278)
12-02 19:01:24.897 28895 28895 W System.err: 	at android.app.Activity.performDestroy(Activity.java:8048)
12-02 19:01:24.897 28895 28895 W System.err: 	at android.app.Instrumentation.callActivityOnDestroy(Instrumentation.java:1334)
12-02 19:01:24.897 28895 28895 W System.err: 	at androidx.test.runner.MonitoringInstrumentation.callActivityOnDestroy(MonitoringInstrumentation.java:766)
12-02 19:01:24.897 28895 28895 W System.err: 	at android.app.ActivityThread.performDestroyActivity(ActivityThread.java:4926)
12-02 19:01:24.897 28895 28895 W System.err: 	at android.app.ActivityThread.handleDestroyActivity(ActivityThread.java:4970)
12-02 19:01:24.897 28895 28895 W System.err: 	at android.app.servertransaction.DestroyActivityItem.execute(DestroyActivityItem.java:44)
12-02 19:01:24.898 28895 28895 W System.err: 	at android.app.servertransaction.TransactionExecutor.executeLifecycleState(TransactionExecutor.java:176)
12-02 19:01:24.898 28895 28895 W System.err: 	at android.app.servertransaction.TransactionExecutor.execute(TransactionExecutor.java:97)
12-02 19:01:24.898 28895 28895 W System.err: 	at android.app.ActivityThread$H.handleMessage(ActivityThread.java:2016)
12-02 19:01:24.898 28895 28895 W System.err: 	at android.os.Handler.dispatchMessage(Handler.java:107)
12-02 19:01:24.898 28895 28895 W System.err: 	at android.os.Looper.loop(Looper.java:214)
12-02 19:01:24.898 28895 28895 W System.err: 	at android.app.ActivityThread.main(ActivityThread.java:7356)
12-02 19:01:24.898 28895 28895 W System.err: 	at java.lang.reflect.Method.invoke(Native Method)
12-02 19:01:24.898 28895 28895 W System.err: 	at com.android.internal.os.RuntimeInit$MethodAndArgsCaller.run(RuntimeInit.java:492)
12-02 19:01:24.898 28895 28895 W System.err: 	at com.android.internal.os.ZygoteInit.main(ZygoteInit.java:930)
12-02 19:01:24.919 28895 28895 D LifecycleMonitor: Lifecycle status change: ru.iteco.fmhandroid.ui.AppActivity@7dd07bf in: DESTROYED
12-02 19:01:24.922  2169  2501 D EGL_emulation: eglMakeCurrent: 0xdb91a600: ver 2 0 (tinfo 0xdb90f8d0)
12-02 19:01:24.931  2010  6726 D EGL_emulation: eglCreateContext: 0xd856c380: maj 2 min 0 rcv 2
12-02 19:01:24.935  2010  6726 D EGL_emulation: eglMakeCurrent: 0xd856c380: ver 2 0 (tinfo 0xbf01f330)
12-02 19:01:24.961  2169  2187 I ndroid.systemu: NativeAlloc concurrent copying GC freed 15148(691KB) AllocSpace objects, 0(0B) LOS objects, 49% free, 6094KB/11MB, paused 1.092ms total 112.577ms
12-02 19:01:25.022  1772  1875 D gralloc_ranchu: gralloc_alloc: Creating ashmem region of size 14749696
12-02 19:01:25.251  2010  2025 I system_server: NativeAlloc concurrent copying GC freed 31199(1446KB) AllocSpace objects, 6(248KB) LOS objects, 22% free, 20MB/26MB, paused 1.057ms total 202.122ms
12-02 19:01:25.468 28895 28939 E TestRunner: failed: shouldCreateAClaimWithATitleWith51Characters(ru.iteco.fmhandroid.ui.ClaimsCreationFormTest)
12-02 19:01:25.468 28895 28939 E TestRunner: ----- begin exception -----
12-02 19:01:25.469 28895 28939 E TestRunner: androidx.test.espresso.PerformException: Error performing 'scroll RecyclerView to: holder with view: (view is an instance of android.view.ViewGroup and has descendant matching an instance of android.widget.TextView and view.getText() with or without transformation to match: is "Заголовок 46a22020-7619-4313-bbf0-a380b080a25c 51з")' on view 'view.getId() is <2131230916/ru.iteco.fmhandroid:id/claim_list_recycler_view>'.
12-02 19:01:25.469 28895 28939 E TestRunner: 	at androidx.test.espresso.PerformException$Builder.build(PerformException.java:1)
12-02 19:01:25.469 28895 28939 E TestRunner: 	at androidx.test.espresso.base.PerformExceptionHandler.handleSafely(PerformExceptionHandler.java:8)
12-02 19:01:25.469 28895 28939 E TestRunner: 	at androidx.test.espresso.base.PerformExceptionHandler.handleSafely(PerformExceptionHandler.java:9)
12-02 19:01:25.469 28895 28939 E TestRunner: 	at androidx.test.espresso.base.DefaultFailureHandler$TypedFailureHandler.handle(DefaultFailureHandler.java:4)
12-02 19:01:25.469 28895 28939 E TestRunner: 	at androidx.test.espresso.base.DefaultFailureHandler.handle(DefaultFailureHandler.java:5)
12-02 19:01:25.469 28895 28939 E TestRunner: 	at androidx.test.espresso.ViewInteraction.waitForAndHandleInteractionResults(ViewInteraction.java:8)
12-02 19:01:25.469 28895 28939 E TestRunner: 	at androidx.test.espresso.ViewInteraction.desugaredPerform(ViewInteraction.java:11)
12-02 19:01:25.469 28895 28939 E TestRunner: 	at androidx.test.espresso.ViewInteraction.perform(ViewInteraction.java:8)
12-02 19:01:25.469 28895 28939 E TestRunner: 	at ru.iteco.fmhandroid.ui.steps.ClaimsPageSteps.scrollToElementInRecyclerList(ClaimsPageSteps.java:128)
12-02 19:01:25.469 28895 28939 E TestRunner: 	at ru.iteco.fmhandroid.ui.ClaimsCreationFormTest.shouldCreateAClaimWithATitleWith51Characters(ClaimsCreationFormTest.java:276)
12-02 19:01:25.469 28895 28939 E TestRunner: 	at java.lang.reflect.Method.invoke(Native Method)
12-02 19:01:25.469 28895 28939 E TestRunner: 	at org.junit.runners.model.FrameworkMethod$1.runReflectiveCall(FrameworkMethod.java:59)
12-02 19:01:25.469 28895 28939 E TestRunner: 	at org.junit.internal.runners.model.ReflectiveCallable.run(ReflectiveCallable.java:12)
12-02 19:01:25.469 28895 28939 E TestRunner: 	at org.junit.runners.model.FrameworkMethod.invokeExplosively(FrameworkMethod.java:56)
12-02 19:01:25.469 28895 28939 E TestRunner: 	at org.junit.internal.runners.statements.InvokeMethod.evaluate(InvokeMethod.java:17)
12-02 19:01:25.469 28895 28939 E TestRunner: 	at androidx.test.internal.runner.junit4.statement.RunBefores.evaluate(RunBefores.java:80)
12-02 19:01:25.469 28895 28939 E TestRunner: 	at androidx.test.internal.runner.junit4.statement.RunAfters.evaluate(RunAfters.java:61)
12-02 19:01:25.469 28895 28939 E TestRunner: 	at androidx.test.rule.ActivityTestRule$ActivityStatement.evaluate(ActivityTestRule.java:543)
12-02 19:01:25.469 28895 28939 E TestRunner: 	at io.qameta.allure.android.rules.LogcatRule$apply$1.evaluate(LogcatRule.kt:23)
12-02 19:01:25.469 28895 28939 E TestRunner: 	at io.qameta.allure.android.rules.ScreenshotRule$apply$1.evaluate(ScreenshotRule.kt:22)
12-02 19:01:25.469 28895 28939 E TestRunner: 	at io.qameta.allure.android.rules.ScreenshotRule$apply$1.evaluate(ScreenshotRule.kt:22)
12-02 19:01:25.469 28895 28939 E TestRunner: 	at org.junit.rules.RunRules.evaluate(RunRules.java:20)
12-02 19:01:25.469 28895 28939 E TestRunner: 	at org.junit.runners.ParentRunner$3.evaluate(ParentRunner.java:306)
12-02 19:01:25.469 28895 28939 E TestRunner: 	at org.junit.runners.BlockJUnit4ClassRunner$1.evaluate(BlockJUnit4ClassRunner.java:100)
12-02 19:01:25.469 28895 28939 E TestRunner: 	at org.junit.runners.ParentRunner.runLeaf(ParentRunner.java:366)
12-02 19:01:25.469 28895 28939 E TestRunner: 	at org.junit.runners.BlockJUnit4ClassRunner.runChild(BlockJUnit4ClassRunner.java:103)
12-02 19:01:25.469 28895 28939 E TestRunner: 	at org.junit.runners.BlockJUnit4ClassRunner.runChild(BlockJUnit4ClassRunner.java:63)
12-02 19:01:25.469 28895 28939 E TestRunner: 	at org.junit.runners.ParentRunner$4.run(ParentRunner.java:331)
12-02 19:01:25.469 28895 28939 E TestRunner: 	at org.junit.runners.ParentRunner$1.schedule(ParentRunner.java:79)
12-02 19:01:25.469 28895 28939 E TestRunner: 	at org.junit.runners.ParentRunner.runChildren(ParentRunner.java:329)
12-02 19:01:25.469 28895 28939 E TestRunner: 	at org.junit.runners.ParentRunner.access$100(ParentRunner.java:66)
12-02 19:01:25.469 28895 28939 E TestRunner: 	at org.junit.runners.ParentRunner$2.evaluate(ParentRunner.java:293)
12-02 19:01:25.469 28895 28939 E TestRunner: 	at org.junit.runners.ParentRunner$3.evaluate(ParentRunner.java:306)
12-02 19:01:25.469 28895 28939 E TestRunner: 	at org.junit.runners.ParentRunner.run(ParentRunner.java:413)
12-02 19:01:25.469 28895 28939 E TestRunner: 	at androidx.test.ext.junit.runners.AndroidJUnit4.run(AndroidJUnit4.java:162)
12-02 19:01:25.469 28895 28939 E TestRunner: 	at io.qameta.allure.android.runners.AllureAndroidJUnit4.run(AllureAndroidJUnitRunners.kt:29)
12-02 19:01:25.469 28895 28939 E TestRunner: 	at org.junit.runners.Suite.runChild(Suite.java:128)
12-02 19:01:25.469 28895 28939 E TestRunner: 	at org.junit.runners.Suite.runChild(Suite.java:27)
12-02 19:01:25.469 28895 28939 E TestRunner: 	at org.junit.runners.ParentRunner$4.run(ParentRunner.java:331)
12-02 19:01:25.469 28895 28939 E TestRunner: 	at org.junit.runners.ParentRunner$1.schedule(ParentRunner.java:79)
12-02 19:01:25.469 28895 28939 E TestRunner: 	at org.junit.runners.ParentRunner.runChildren(ParentRunner.java:329)
12-02 19:01:25.469 28895 28939 E TestRunner: 	at org.junit.runners.ParentRunner.access$100(ParentRunner.java:66)
12-02 19:01:25.469 28895 28939 E TestRunner: 	at org.junit.runners.ParentRunner$2.evaluate(ParentRunner.java:293)
12-02 19:01:25.469 28895 28939 E TestRunner: 	at org.junit.runners.ParentRunner$3.evaluate(ParentRunner.java:306)
12-02 19:01:25.469 28895 28939 E TestRunner: 	at org.junit.runners.ParentRunner.run(ParentRunner.java:413)
12-02 19:01:25.469 28895 28939 E TestRunner: 	at org.junit.runner.JUnitCore.run(JUn
12-02 19:01:25.470 28895 28939 E TestRunner: ----- end exception -----
12-02 19:01:25.472 28895 28939 I TestRunner: finished: shouldCreateAClaimWithATitleWith51Characters(ru.iteco.fmhandroid.ui.ClaimsCreationFormTest)
12-02 19:01:25.579   642   672 D EGL_emulation: eglMakeCurrent: 0xeec7fbe0: ver 2 0 (tinfo 0xeec89de0)
12-02 19:01:25.656 28895 28939 I TestRunner: started: shouldNotDisplayNonAlphabeticAndNonNumericCharactersInTheFieldTitle(ru.iteco.fmhandroid.ui.ClaimsCreationFormTest)
12-02 19:01:25.689 28895 28939 W ActivityTestRule: getActivityIntent() returned null using default: Intent(Intent.ACTION_MAIN)
12-02 19:01:25.693  2010  9089 I ActivityTaskManager: START u0 {act=android.intent.action.MAIN flg=0x10000000 cmp=ru.iteco.fmhandroid/.ui.AppActivity} from uid 10159
12-02 19:01:25.720  2010  2037 E system_server: Invalid ID 0x00000000.
12-02 19:01:25.735  2010  2132 D ConnectivityService: releasing NetworkRequest [ TRACK_DEFAULT id=239, [ Capabilities: INTERNET&NOT_RESTRICTED&TRUSTED Uid: 10127] ] (release request)
12-02 19:01:25.741  2010 20213 W InputReader: Device has associated, but no associated display id.
12-02 19:01:25.752  2010 20213 I chatty  : uid=1000(system) Binder:2010_20 identical 38 lines
12-02 19:01:25.752  2010 20213 W InputReader: Device has associated, but no associated display id.
12-02 19:01:25.752   642   672 D EGL_emulation: eglMakeCurrent: 0xdb91b860: ver 2 0 (tinfo 0xeec89de0)
12-02 19:01:25.756  2010 20213 W InputReader: Device has associated, but no associated display id.
12-02 19:01:25.757  2010 20213 I chatty  : uid=1000(system) Binder:2010_20 identical 8 lines
12-02 19:01:25.757  2010 20213 W InputReader: Device has associated, but no associated display id.
12-02 19:01:25.762 28895 28895 W ActivityThread: handleWindowVisibility: no activity for token android.os.BinderProxy@a9cdd5a
12-02 19:01:25.788  1772  1875 D gralloc_ranchu: gralloc_alloc: Creating ashmem region of size 14749696
12-02 19:01:25.809 28895 28895 D LifecycleMonitor: Lifecycle status change: ru.iteco.fmhandroid.ui.AppActivity@8bb7526 in: PRE_ON_CREATE
12-02 19:01:25.825 28895 28929 V FA      : onActivityCreated
12-02 19:01:25.839 28895 28895 D LifecycleMonitor: Lifecycle status change: ru.iteco.fmhandroid.ui.AppActivity@8bb7526 in: CREATED
12-02 19:01:25.867  2010  2037 W InputReader: Device has associated, but no associated display id.
12-02 19:01:25.870  2010  2037 I chatty  : uid=1000(system) android.anim identical 18 lines
12-02 19:01:25.870  2010  2037 W InputReader: Device has associated, but no associated display id.
12-02 19:01:25.872  1772  1875 D gralloc_ranchu: gralloc_alloc: Creating ashmem region of size 9441280
12-02 19:01:25.890 28895 28895 D LifecycleMonitor: Lifecycle status change: ru.iteco.fmhandroid.ui.AppActivity@8bb7526 in: STARTED
12-02 19:01:25.894 28895 28934 V FA      : Activity resumed, time: 89322299
12-02 19:01:25.894 28895 28895 D LifecycleMonitor: Lifecycle status change: ru.iteco.fmhandroid.ui.AppActivity@8bb7526 in: RESUMED
12-02 19:01:25.912  2169  2501 D EGL_emulation: eglMakeCurrent: 0xdb91a600: ver 2 0 (tinfo 0xdb90f8d0)
12-02 19:01:25.920   642   672 D EGL_emulation: eglMakeCurrent: 0xeec7fbe0: ver 2 0 (tinfo 0xeec89de0)
12-02 19:01:25.937  2169  2501 D EGL_emulation: eglMakeCurrent: 0xdb91a600: ver 2 0 (tinfo 0xdb90f8d0)
12-02 19:01:25.957   642   672 D EGL_emulation: eglMakeCurrent: 0xdb91b860: ver 2 0 (tinfo 0xeec89de0)
12-02 19:01:25.995  1772  1875 D gralloc_ranchu: gralloc_alloc: Creating ashmem region of size 14749696
12-02 19:01:26.007 28895 28908 I teco.fmhandroi: NativeAlloc concurrent copying GC freed 92007(5838KB) AllocSpace objects, 14(2380KB) LOS objects, 44% free, 7770KB/13MB, paused 1.102ms total 122.753ms
12-02 19:01:26.023   642   672 D EGL_emulation: eglMakeCurrent: 0xdb91a840: ver 2 0 (tinfo 0xeec89de0)
12-02 19:01:26.028   642   672 D EGL_emulation: eglMakeCurrent: 0xeec7fbe0: ver 2 0 (tinfo 0xeec89de0)
12-02 19:01:26.032  1772  1875 D gralloc_ranchu: gralloc_alloc: Creating ashmem region of size 14749696
12-02 19:01:26.036  1772  1873 D gralloc_ranchu: gralloc_alloc: Creating ashmem region of size 14749696
12-02 19:01:26.043 28895 28955 D EGL_emulation: eglMakeCurrent: 0xe3a07540: ver 2 0 (tinfo 0xe3a93cb0)
12-02 19:01:26.048   642   672 D EGL_emulation: eglMakeCurrent: 0xdb91a840: ver 2 0 (tinfo 0xeec89de0)
12-02 19:01:26.069   642   672 D EGL_emulation: eglMakeCurrent: 0xeec7fbe0: ver 2 0 (tinfo 0xeec89de0)
12-02 19:01:26.081   642   672 D EGL_emulation: eglMakeCurrent: 0xdb91a840: ver 2 0 (tinfo 0xeec89de0)
12-02 19:01:26.107   642   672 D EGL_emulation: eglMakeCurrent: 0xeec7fbe0: ver 2 0 (tinfo 0xeec89de0)
12-02 19:01:26.110   543   578 D EGL_emulation: eglMakeCurrent: 0xeec7f2e0: ver 2 0 (tinfo 0xe39facd0)
12-02 19:01:26.131  2010  2041 I ActivityTaskManager: Displayed ru.iteco.fmhandroid/.ui.AppActivity: +418ms
12-02 19:01:26.136  2169  2501 D EGL_emulation: eglMakeCurrent: 0xdb91a600: ver 2 0 (tinfo 0xdb90f8d0)
12-02 19:01:26.195 28895 28895 I ViewInteraction: Performing 'wait for a specific view with <(an instance of android.widget.TextView and view.getText() with or without transformation to match: is "Authorization" and view.getParent() view.getParent() view.getId() is <2131231186>)> during 10000 millis.' action on view view.getRootView() to equal view
12-02 19:01:26.240  2881 28946 V FA-SVC  : Logging event: origin=auto,name=screen_view(_vs),params=Bundle[{ga_event_origin(_o)=auto, ga_previous_class(_pc)=AppActivity, ga_previous_id(_pi)=-2112231893253735565, ga_screen_class(_sc)=AppActivity, ga_screen_id(_si)=-2112231893253735564}]
12-02 19:01:26.245   543   595 I cr_BindingManager: onTrimMemory: level=20, size=1
