12-02 23:46:39.695  2010  2041 E memtrack: Couldn't load memtrack module
12-02 23:46:39.695  2010  2041 W android.os.Debug: failed to get memory consumption info: -1
12-02 23:46:39.705  4590  4590 I ViewInteraction: Performing 'wait for a specific view with <(an instance of android.widget.TextView and view.getHint() matching: is "Password" and view.getParent() view.getParent() view.getId() is <2131231264/ru.iteco.fmhandroid:id/password_text_input_layout>)> during 10000 millis.' action on view view.getRootView() to equal view
12-02 23:46:39.712  4590  4590 I ViewInteraction: Performing 'replace text(password2)' action on view (an instance of android.widget.TextView and view.getHint() matching: is "Password" and view.getParent() view.getParent() view.getId() is <2131231264/ru.iteco.fmhandroid:id/password_text_input_layout>)
12-02 23:46:39.719  2010  2041 E memtrack: Couldn't load memtrack module
12-02 23:46:39.719  2010  2041 W android.os.Debug: failed to get memory consumption info: -1
12-02 23:46:39.745  4590  4590 I ViewInteraction: Performing 'wait for a specific view with <(view.getId() is <2131231039/ru.iteco.fmhandroid:id/enter_button> and an instance of android.widget.TextView and view.getText() with or without transformation to match: is "SIGN IN" and view.getContentDescription() is "Save" and view.getParent() view.getParent() an instance of android.widget.RelativeLayout)> during 10000 millis.' action on view view.getRootView() to equal view
12-02 23:46:39.766  4590  4590 I ViewInteraction: Checking 'MatchesViewAssertion{viewMatcher=view.isClickable() is <true>}' assertion on view (view.getId() is <2131231039/ru.iteco.fmhandroid:id/enter_button> and an instance of android.widget.TextView and view.getText() with or without transformation to match: is "SIGN IN" and view.getContentDescription() is "Save" and view.getParent() view.getParent() an instance of android.widget.RelativeLayout)
12-02 23:46:39.770  2010  2041 E memtrack: Couldn't load memtrack module
12-02 23:46:39.770  2010  2041 W android.os.Debug: failed to get memory consumption info: -1
12-02 23:46:39.773  4590  4590 I ViewInteraction: Performing 'wait for a specific view with <(view.getId() is <2131231039/ru.iteco.fmhandroid:id/enter_button> and an instance of android.widget.TextView and view.getText() with or without transformation to match: is "SIGN IN" and view.getContentDescription() is "Save" and view.getParent() view.getParent() an instance of android.widget.RelativeLayout)> during 10000 millis.' action on view view.getRootView() to equal view
12-02 23:46:39.781  4590  4590 I ViewInteraction: Checking 'MatchesViewAssertion{viewMatcher=view.isClickable() is <true>}' assertion on view (view.getId() is <2131231039/ru.iteco.fmhandroid:id/enter_button> and an instance of android.widget.TextView and view.getText() with or without transformation to match: is "SIGN IN" and view.getContentDescription() is "Save" and view.getParent() view.getParent() an instance of android.widget.RelativeLayout)
12-02 23:46:39.786  4590  4590 I ViewInteraction: Performing 'wait for a specific view with <(view.getId() is <2131231039/ru.iteco.fmhandroid:id/enter_button> and an instance of android.widget.TextView and view.getText() with or without transformation to match: is "SIGN IN" and view.getContentDescription() is "Save" and view.getParent() view.getParent() an instance of android.widget.RelativeLayout)> during 10000 millis.' action on view view.getRootView() to equal view
12-02 23:46:39.790  4590  4590 I ViewInteraction: Performing 'single click' action on view (view.getId() is <2131231039/ru.iteco.fmhandroid:id/enter_button> and an instance of android.widget.TextView and view.getText() with or without transformation to match: is "SIGN IN" and view.getContentDescription() is "Save" and view.getParent() view.getParent() an instance of android.widget.RelativeLayout)
12-02 23:46:39.794  2010  2041 E memtrack: Couldn't load memtrack module
12-02 23:46:39.795  2010  2041 W android.os.Debug: failed to get memory consumption info: -1
12-02 23:46:39.819  2010  2041 E memtrack: Couldn't load memtrack module
12-02 23:46:39.819  2010  2041 W android.os.Debug: failed to get memory consumption info: -1
12-02 23:46:39.840  2010  2041 E memtrack: Couldn't load memtrack module
12-02 23:46:39.840  2010  2041 W android.os.Debug: failed to get memory consumption info: -1
12-02 23:46:39.857  4590  4684 I okhttp.OkHttpClient: --> POST http://www.981757-ca08998.tmweb.ru:8080/fmh/authentication/login
12-02 23:46:39.857  4590  4684 I okhttp.OkHttpClient: Content-Type: application/json; charset=UTF-8
12-02 23:46:39.857  4590  4684 I okhttp.OkHttpClient: Content-Length: 41
12-02 23:46:39.858  4590  4684 I okhttp.OkHttpClient: {"login":"login2","password":"password2"}
12-02 23:46:39.858  4590  4684 I okhttp.OkHttpClient: --> END POST (41-byte body)
12-02 23:46:39.865  2010  2041 E memtrack: Couldn't load memtrack module
12-02 23:46:39.865  2010  2041 W android.os.Debug: failed to get memory consumption info: -1
12-02 23:46:39.889  2010  2041 E memtrack: Couldn't load memtrack module
12-02 23:46:39.889  2010  2041 W android.os.Debug: failed to get memory consumption info: -1
12-02 23:46:39.902  1743  4685 E ResolverController: No valid NAT64 prefix (128, <unspecified>/0)
12-02 23:46:39.917  2010  2041 E memtrack: Couldn't load memtrack module
12-02 23:46:39.917  2010  2041 W android.os.Debug: failed to get memory consumption info: -1
12-02 23:46:40.091  4590  4590 I ViewInteraction: Performing 'wait for a specific view with <an instance of android.widget.TextView and view.getText() with or without transformation to match: is "News"> during 10000 millis.' action on view view.getRootView() to equal view
12-02 23:46:42.415  2010  2035 I DropBoxManagerService: add tag=system_server_strictmode isTagEnabled=true flags=0x2
12-02 23:46:42.443  2010  2041 E memtrack: Couldn't load memtrack module
12-02 23:46:42.444  2010  2041 W android.os.Debug: failed to get memory consumption info: -1
12-02 23:46:42.448  2010  2041 E memtrack: Couldn't load memtrack module
12-02 23:46:42.448  2010  2041 W android.os.Debug: failed to get memory consumption info: -1
12-02 23:46:42.453  2010  2041 E memtrack: Couldn't load memtrack module
12-02 23:46:42.453  2010  2041 W android.os.Debug: failed to get memory consumption info: -1
12-02 23:46:42.455  2010  2041 E memtrack: Couldn't load memtrack module
12-02 23:46:42.455  2010  2041 W android.os.Debug: failed to get memory consumption info: -1
12-02 23:46:42.457  2010  2041 E memtrack: Couldn't load memtrack module
12-02 23:46:42.457  2010  2041 W android.os.Debug: failed to get memory consumption info: -1
12-02 23:46:42.460  2010  2041 E memtrack: Couldn't load memtrack module
12-02 23:46:42.460  2010  2041 W android.os.Debug: failed to get memory consumption info: -1
12-02 23:46:42.461  2010  2041 E memtrack: Couldn't load memtrack module
12-02 23:46:42.461  2010  2041 W android.os.Debug: failed to get memory consumption info: -1
12-02 23:46:42.462  2010  2041 E memtrack: Couldn't load memtrack module
12-02 23:46:42.462  2010  2041 W android.os.Debug: failed to get memory consumption info: -1
12-02 23:46:42.464  2010  2041 E memtrack: Couldn't load memtrack module
12-02 23:46:42.464  2010  2041 W android.os.Debug: failed to get memory consumption info: -1
12-02 23:46:42.467  2010  2041 E memtrack: Couldn't load memtrack module
12-02 23:46:42.467  2010  2041 W android.os.Debug: failed to get memory consumption info: -1
12-02 23:46:42.472  2010  2041 E memtrack: Couldn't load memtrack module
12-02 23:46:42.472  2010  2041 W android.os.Debug: failed to get memory consumption info: -1
12-02 23:46:42.477  2010  2041 E memtrack: Couldn't load memtrack module
12-02 23:46:42.477  2010  2041 W android.os.Debug: failed to get memory consumption info: -1
12-02 23:46:42.480  2010  2041 E memtrack: Couldn't load memtrack module
12-02 23:46:42.480  2010  2041 W android.os.Debug: failed to get memory consumption info: -1
12-02 23:46:42.497  2010  2041 E memtrack: Couldn't load memtrack module
12-02 23:46:42.498  2010  2041 W android.os.Debug: failed to get memory consumption info: -1
12-02 23:46:42.500  2010  2041 E memtrack: Couldn't load memtrack module
12-02 23:46:42.500  2010  2041 W android.os.Debug: failed to get memory consumption info: -1
12-02 23:46:42.503  2010  2041 E memtrack: Couldn't load memtrack module
12-02 23:46:42.503  2010  2041 W android.os.Debug: failed to get memory consumption info: -1
12-02 23:46:42.505  2010  2041 E memtrack: Couldn't load memtrack module
12-02 23:46:42.505  2010  2041 W android.os.Debug: failed to get memory consumption info: -1
12-02 23:46:42.513  2010  2041 E memtrack: Couldn't load memtrack module
12-02 23:46:42.514  2010  2041 W android.os.Debug: failed to get memory consumption info: -1
12-02 23:46:42.517  2010  2041 E memtrack: Couldn't load memtrack module
12-02 23:46:42.517  2010  2041 W android.os.Debug: failed to get memory consumption info: -1
12-02 23:46:42.525  2010  2041 E memtrack: Couldn't load memtrack module
12-02 23:46:42.525  2010  2041 W android.os.Debug: failed to get memory consumption info: -1
12-02 23:46:42.526  2010  2041 E memtrack: Couldn't load memtrack module
12-02 23:46:42.527  2010  2041 W android.os.Debug: failed to get memory consumption info: -1
12-02 23:46:42.527  2010  2041 E memtrack: Couldn't load memtrack module
12-02 23:46:42.527  2010  2041 W android.os.Debug: failed to get memory consumption info: -1
12-02 23:46:42.530  2010  2041 E memtrack: Couldn't load memtrack module
12-02 23:46:42.530  2010  2041 W android.os.Debug: failed to get memory consumption info: -1
12-02 23:46:42.533  2010  2041 E memtrack: Couldn't load memtrack module
12-02 23:46:42.534  2010  2041 W android.os.Debug: failed to get memory consumption info: -1
12-02 23:46:42.537  2010  2041 E memtrack: Couldn't load memtrack module
12-02 23:46:42.537  2010  2041 W android.os.Debug: failed to get memory consumption info: -1
12-02 23:46:42.539  2010  2041 E memtrack: Couldn't load memtrack module
12-02 23:46:42.539  2010  2041 W android.os.Debug: failed to get memory consumption info: -1
12-02 23:46:42.540  2010  2041 E memtrack: Couldn't load memtrack module
12-02 23:46:42.540  2010  2041 W android.os.Debug: failed to get memory consumption info: -1
12-02 23:46:42.541  2010  2041 E memtrack: Couldn't load memtrack module
12-02 23:46:42.541  2010  2041 W android.os.Debug: failed to get memory consumption info: -1
12-02 23:46:42.543  2010  2041 E memtrack: Couldn't load memtrack module
12-02 23:46:42.543  2010  2041 W android.os.Debug: failed to get memory consumption info: -1
12-02 23:46:42.546  2010  2041 E memtrack: Couldn't load memtrack module
12-02 23:46:42.546  2010  2041 W android.os.Debug: failed to get memory consumption info: -1
12-02 23:46:42.546  2010  2041 E memtrack: Couldn't load memtrack module
12-02 23:46:42.546  2010  2041 W android.os.Debug: failed to get memory consumption info: -1
12-02 23:46:42.548  2010  2041 E memtrack: Couldn't load memtrack module
12-02 23:46:42.548  2010  2041 W android.os.Debug: failed to get memory consumption info: -1
12-02 23:46:42.549  2010  2041 E memtrack: Couldn't load memtrack module
12-02 23:46:42.549  2010  2041 W android.os.Debug: failed to get memory consumption info: -1
12-02 23:46:42.551  2010  2041 E memtrack: Couldn't load memtrack module
12-02 23:46:42.551  2010  2041 W android.os.Debug: failed to get memory consumption info: -1
12-02 23:46:42.553  2010  2041 E memtrack: Couldn't load memtrack module
12-02 23:46:42.553  2010  2041 W android.os.Debug: failed to get memory consumption info: -1
12-02 23:46:42.553  2010  2041 E memtrack: Couldn't load memtrack module
12-02 23:46:42.553  2010  2041 W android.os.Debug: failed to get memory consumption info: -1
12-02 23:46:42.554  2010  2041 E memtrack: Couldn't load memtrack module
12-02 23:46:42.554  2010  2041 W android.os.Debug: failed to get memory consumption info: -1
12-02 23:46:42.558  2010  2041 E memtrack: Couldn't load memtrack module
12-02 23:46:42.558  2010  2041 W android.os.Debug: failed to get memory consumption info: -1
12-02 23:46:42.559  2010  2041 E memtrack: Couldn't load memtrack module
12-02 23:46:42.559  2010  2041 W android.os.Debug: failed to get memory consumption info: -1
12-02 23:46:42.559  2010  2041 E memtrack: Couldn't load memtrack module
12-02 23:46:42.559  2010  2041 W android.os.Debug: failed to get memory consumption info: -1
12-02 23:46:42.565  2010  2041 E memtrack: Couldn't load memtrack module
12-02 23:46:42.565  2010  2041 W android.os.Debug: failed to get memory consumption info: -1
12-02 23:46:42.566  2010  2041 E memtrack: Couldn't load memtrack module
12-02 23:46:42.566  2010  2041 W android.os.Debug: failed to get memory consumption info: -1
12-02 23:46:42.567  2010  2041 E memtrack: Couldn't load memtrack module
12-02 23:46:42.567  2010  2041 W android.os.Debug: failed to get memory consumption info: -1
12-02 23:46:42.569  2010  2041 E memtrack: Couldn't load memtrack module
12-02 23:46:42.569  2010  2041 W android.os.Debug: failed to get memory consumption info: -1
12-02 23:46:42.570  2010  2041 E memtrack: Couldn't load memtrack module
12-02 23:46:42.570  2010  2041 W android.os.Debug: failed to get memory consumption info: -1
12-02 23:46:42.571  2010  2041 E memtrack: Couldn't load memtrack module
12-02 23:46:42.571  2010  2041 W android.os.Debug: failed to get memory consumption info: -1
12-02 23:46:42.575  2010  2041 E memtrack: Couldn't load memtrack module
12-02 23:46:42.575  2010  2041 W android.os.Debug: failed to get memory consumption info: -1
12-02 23:46:42.579  2010  2041 E memtrack: Couldn't load memtrack module
12-02 23:46:42.579  2010  2041 W android.os.Debug: failed to get memory consumption info: -1
12-02 23:46:42.582  2010  2041 E memtrack: Couldn't load memtrack module
12-02 23:46:42.582  2010  2041 W android.os.Debug: failed to get memory consumption info: -1
12-02 23:46:42.584  2010  2041 E memtrack: Couldn't load memtrack module
12-02 23:46:42.584  2010  2041 W android.os.Debug: failed to get memory consumption info: -1
12-02 23:46:42.586  2010  2041 E memtrack: Couldn't load memtrack module
12-02 23:46:42.586  2010  2041 W android.os.Debug: failed to get memory consumption info: -1
12-02 23:46:42.588  2010  2041 E memtrack: Couldn't load memtrack module
12-02 23:46:42.588  2010  2041 W android.os.Debug: failed to get memory consumption info: -1
12-02 23:46:42.589  2010  2041 E memtrack: Couldn't load memtrack module
12-02 23:46:42.589  2010  2041 W android.os.Debug: failed to get memory consumption info: -1
12-02 23:46:42.591  2010  2041 E memtrack: Couldn't load memtrack module
12-02 23:46:42.591  2010  2041 W android.os.Debug: failed to get memory consumption info: -1
12-02 23:46:42.597  2010  2041 E memtrack: Couldn't load memtrack module
12-02 23:46:42.597  2010  2041 W android.os.Debug: failed to get memory consumption info: -1
12-02 23:46:42.599  2010  2041 E memtrack: Couldn't load memtrack module
12-02 23:46:42.599  2010  2041 W android.os.Debug: failed to get memory consumption info: -1
12-02 23:46:42.605  2010  2041 E memtrack: Couldn't load memtrack module
12-02 23:46:42.605  2010  2041 W android.os.Debug: failed to get memory consumption info: -1
12-02 23:46:42.606  2010  2041 E memtrack: Couldn't load memtrack module
12-02 23:46:42.606  2010  2041 W android.os.Debug: failed to get memory consumption info: -1
12-02 23:46:42.607  2010  2041 E memtrack: Couldn't load memtrack module
12-02 23:46:42.607  2010  2041 W android.os.Debug: failed to get memory consumption info: -1
12-02 23:46:42.608  2010  2041 E memtrack: Couldn't load memtrack module
12-02 23:46:42.609  2010  2041 W android.os.Debug: failed to get memory consumption info: -1
12-02 23:46:42.614  2010  2041 E memtrack: Couldn't load memtrack module
12-02 23:46:42.614  2010  2041 W android.os.Debug: failed to get memory consumption info: -1
12-02 23:46:42.614  2010  2041 E memtrack: Couldn't load memtrack module
12-02 23:46:42.614  2010  2041 W android.os.Debug: failed to get memory consumption info: -1
12-02 23:46:42.619  2010  2041 E memtrack: Couldn't load memtrack module
12-02 23:46:42.619  2010  2041 W android.os.Debug: failed to get memory consumption info: -1
12-02 23:46:42.620  2010  2041 E memtrack: Couldn't load memtrack module
12-02 23:46:42.620  2010  2041 W android.os.Debug: failed to get memory consumption info: -1
12-02 23:46:42.620  2010  2041 E memtrack: Couldn't load memtrack module
12-02 23:46:42.620  2010  2041 W android.os.Debug: failed to get memory consumption info: -1
12-02 23:46:42.622  2010  2041 E memtrack: Couldn't load memtrack module
12-02 23:46:42.622  2010  2041 W android.os.Debug: failed to get memory consumption info: -1
12-02 23:46:42.622  2010  2041 E memtrack: Couldn't load memtrack module
12-02 23:46:42.622  2010  2041 W android.os.Debug: failed to get memory consumption info: -1
12-02 23:46:42.623  2010  2041 E memtrack: Couldn't load memtrack module
12-02 23:46:42.623  2010  2041 W android.os.Debug: failed to get memory consumption info: -1
12-02 23:46:42.623  2010  2041 E memtrack: Couldn't load memtrack module
12-02 23:46:42.623  2010  2041 W android.os.Debug: failed to get memory consumption info: -1
12-02 23:46:42.624  2010  2041 E memtrack: Couldn't load memtrack module
12-02 23:46:42.624  2010  2041 W android.os.Debug: failed to get memory consumption info: -1
12-02 23:46:42.624  2010  2041 E memtrack: Couldn't load memtrack module
12-02 23:46:42.624  2010  2041 W android.os.Debug: failed to get memory consumption info: -1
12-02 23:46:42.625  2010  2041 E memtrack: Couldn't load memtrack module
12-02 23:46:42.625  2010  2041 W android.os.Debug: failed to get memory consumption info: -1
12-02 23:46:42.625  2010  2041 E memtrack: Couldn't load memtrack module
12-02 23:46:42.625  2010  2041 W android.os.Debug: failed to get memory consumption info: -1
12-02 23:46:42.641  2010  2041 E memtrack: Couldn't load memtrack module
12-02 23:46:42.641  2010  2041 W android.os.Debug: failed to get memory consumption info: -1
12-02 23:46:42.641  2010  2041 E memtrack: Couldn't load memtrack module
12-02 23:46:42.641  2010  2041 W android.os.Debug: failed to get memory consumption info: -1
12-02 23:46:42.644  2010  2041 E memtrack: Couldn't load memtrack module
12-02 23:46:42.644  2010  2041 W android.os.Debug: failed to get memory consumption info: -1
12-02 23:46:42.644  2010  2041 E memtrack: Couldn't load memtrack module
12-02 23:46:42.644  2010  2041 W android.os.Debug: failed to get memory consumption info: -1
12-02 23:46:42.647  2010  2041 E memtrack: Couldn't load memtrack module
12-02 23:46:42.647  2010  2041 W android.os.Debug: failed to get memory consumption info: -1
12-02 23:46:42.647  2010  2041 E memtrack: Couldn't load memtrack module
12-02 23:46:42.647  2010  2041 W android.os.Debug: failed to get memory consumption info: -1
12-02 23:46:42.678  2010  2041 E memtrack: Couldn't load memtrack module
12-02 23:46:42.678  2010  2041 W android.os.Debug: failed to get memory consumption info: -1
12-02 23:46:42.682  2010  2041 E memtrack: Couldn't load memtrack module
12-02 23:46:42.683  2010  2041 W android.os.Debug: failed to get memory consumption info: -1
12-02 23:46:42.706  2010  2041 E memtrack: Couldn't load memtrack module
12-02 23:46:42.706  2010  2041 W android.os.Debug: failed to get memory consumption info: -1
12-02 23:46:42.724  2010  2041 E memtrack: Couldn't load memtrack module
12-02 23:46:42.724  2010  2041 W android.os.Debug: failed to get memory consumption info: -1
12-02 23:46:42.761  2010  2041 E memtrack: Couldn't load memtrack module
12-02 23:46:42.761  2010  2041 W android.os.Debug: failed to get memory consumption info: -1
12-02 23:46:42.764  2010  2041 E memtrack: Couldn't load memtrack module
12-02 23:46:42.764  2010  2041 W android.os.Debug: failed to get memory consumption info: -1
12-02 23:46:42.783  2010  2041 E memtrack: Couldn't load memtrack module
12-02 23:46:42.783  2010  2041 W android.os.Debug: failed to get memory consumption info: -1
12-02 23:46:42.797  2010  2041 E memtrack: Couldn't load memtrack module
12-02 23:46:42.797  2010  2041 W android.os.Debug: failed to get memory consumption info: -1
12-02 23:46:42.827  2010  2041 E memtrack: Couldn't load memtrack module
12-02 23:46:42.827  2010  2041 W android.os.Debug: failed to get memory consumption info: -1
12-02 23:46:42.890  2010  2041 E memtrack: Couldn't load memtrack module
12-02 23:46:42.890  2010  2041 W android.os.Debug: failed to get memory consumption info: -1
12-02 23:46:42.918  2010  2041 E memtrack: Couldn't load memtrack module
12-02 23:46:42.918  2010  2041 W android.os.Debug: failed to get memory consumption info: -1
12-02 23:46:42.957  2010  2041 E memtrack: Couldn't load memtrack module
12-02 23:46:42.957  2010  2041 W android.os.Debug: failed to get memory consumption info: -1
12-02 23:46:42.980  1750  1750 W audio_hw_generic: Not supplying enough data to HAL, expected position 463588915 , only wrote 463403304
12-02 23:46:42.986  2010  2041 E memtrack: Couldn't load memtrack module
12-02 23:46:42.986  2010  2041 W android.os.Debug: failed to get memory consumption info: -1
12-02 23:46:43.027  2010  2041 E memtrack: Couldn't load memtrack module
12-02 23:46:43.027  2010  2041 W android.os.Debug: failed to get memory consumption info: -1
12-02 23:46:43.055  2010  2041 E memtrack: Couldn't load memtrack module
12-02 23:46:43.055  2010  2041 W android.os.Debug: failed to get memory consumption info: -1
12-02 23:46:43.089  2010  2041 E memtrack: Couldn't load memtrack module
12-02 23:46:43.089  2010  2041 W android.os.Debug: failed to get memory consumption info: -1
12-02 23:46:43.110  2010  2041 E memtrack: Couldn't load memtrack module
12-02 23:46:43.110  2010  2041 W android.os.Debug: failed to get memory consumption info: -1
12-02 23:46:43.143  2010  2041 E memtrack: Couldn't load memtrack module
12-02 23:46:43.143  2010  2041 W android.os.Debug: failed to get memory consumption info: -1
12-02 23:46:43.145  2010  2041 E memtrack: Couldn't load memtrack module
12-02 23:46:43.145  2010  2041 W android.os.Debug: failed to get memory consumption info: -1
12-02 23:46:43.148  2010  2041 E memtrack: Couldn't load memtrack module
12-02 23:46:43.148  2010  2041 W android.os.Debug: failed to get memory consumption info: -1
12-02 23:46:43.150  2010  2041 E memtrack: Couldn't load memtrack module
12-02 23:46:43.150  2010  2041 W android.os.Debug: failed to get memory consumption info: -1
12-02 23:46:43.153  2010  2041 E memtrack: Couldn't load memtrack module
12-02 23:46:43.153  2010  2041 W android.os.Debug: failed to get memory consumption info: -1
12-02 23:46:43.155  2010  2041 E memtrack: Couldn't load memtrack module
12-02 23:46:43.155  2010  2041 W android.os.Debug: failed to get memory consumption info: -1
12-02 23:46:43.157  2010  2041 E memtrack: Couldn't load memtrack module
12-02 23:46:43.157  2010  2041 W android.os.Debug: failed to get memory consumption info: -1
12-02 23:46:43.158  2010  2041 E memtrack: Couldn't load memtrack module
12-02 23:46:43.158  2010  2041 W android.os.Debug: failed to get memory consumption info: -1
12-02 23:46:43.160  2010  2041 E memtrack: Couldn't load memtrack module
12-02 23:46:43.160  2010  2041 W android.os.Debug: failed to get memory consumption info: -1
12-02 23:46:43.163  2010  2041 E memtrack: Couldn't load memtrack module
12-02 23:46:43.163  2010  2041 W android.os.Debug: failed to get memory consumption info: -1
12-02 23:46:43.164  2010  2041 E memtrack: Couldn't load memtrack module
12-02 23:46:43.164  2010  2041 W android.os.Debug: failed to get memory consumption info: -1
12-02 23:46:43.166  2010  2041 E memtrack: Couldn't load memtrack module
12-02 23:46:43.166  2010  2041 W android.os.Debug: failed to get memory consumption info: -1
12-02 23:46:43.168  2010  2041 E memtrack: Couldn't load memtrack module
12-02 23:46:43.168  2010  2041 W android.os.Debug: failed to get memory consumption info: -1
12-02 23:46:43.170  2010  2041 E memtrack: Couldn't load memtrack module
12-02 23:46:43.170  2010  2041 W android.os.Debug: failed to get memory consumption info: -1
12-02 23:46:43.173  2010  2041 E memtrack: Couldn't load memtrack module
12-02 23:46:43.173  2010  2041 W android.os.Debug: failed to get memory consumption info: -1
12-02 23:46:43.187  2010  2041 I ProcessStatsService: Pruning old procstats: /data/system/procstats/state-2022-11-21-21-45-59.bin
12-02 23:46:44.452  2010  2042 W BroadcastQueue: Background execution not allowed: receiving Intent { act=android.intent.action.DROPBOX_ENTRY_ADDED flg=0x10 (has extras) } to com.google.android.gms/.stats.service.DropBoxEntryAddedReceiver
12-02 23:46:44.453  2010  2042 W BroadcastQueue: Background execution not allowed: receiving Intent { act=android.intent.action.DROPBOX_ENTRY_ADDED flg=0x10 (has extras) } to com.google.android.gms/.chimera.GmsIntentOperationService$PersistentTrustedReceiver
12-02 23:46:50.119  4590  4590 D takeScreenshot: Found 1 global views to redraw
12-02 23:46:50.152  1772  1873 D gralloc_ranchu: gralloc_alloc: Creating ashmem region of size 14749696
12-02 23:46:50.229  4590  4636 W DefaultFailureHandler: Failed to take screenshot
12-02 23:46:50.229  4590  4636 W DefaultFailureHandler: java.io.FileNotFoundException: view-op-error-2.png: open failed: EROFS (Read-only file system)
12-02 23:46:50.229  4590  4636 W DefaultFailureHandler: 	at libcore.io.IoBridge.open(IoBridge.java:496)
12-02 23:46:50.229  4590  4636 W DefaultFailureHandler: 	at java.io.FileOutputStream.<init>(FileOutputStream.java:235)
12-02 23:46:50.229  4590  4636 W DefaultFailureHandler: 	at java.io.FileOutputStream.<init>(FileOutputStream.java:125)
12-02 23:46:50.229  4590  4636 W DefaultFailureHandler: 	at androidx.test.platform.io.FileTestStorage.openOutputFile(FileTestStorage.java:60)
12-02 23:46:50.229  4590  4636 W DefaultFailureHandler: 	at androidx.test.core.graphics.BitmapStorage.writeToTestStorage(BitmapStorageExt.kt:49)
12-02 23:46:50.229  4590  4636 W DefaultFailureHandler: 	at androidx.test.espresso.base.DefaultFailureHandler.takeScreenshot(DefaultFailureHandler.java:4)
12-02 23:46:50.229  4590  4636 W DefaultFailureHandler: 	at androidx.test.espresso.base.DefaultFailureHandler.handle(DefaultFailureHandler.java:3)
12-02 23:46:50.229  4590  4636 W DefaultFailureHandler: 	at androidx.test.espresso.ViewInteraction.waitForAndHandleInteractionResults(ViewInteraction.java:8)
12-02 23:46:50.229  4590  4636 W DefaultFailureHandler: 	at androidx.test.espresso.ViewInteraction.desugaredPerform(ViewInteraction.java:11)
12-02 23:46:50.229  4590  4636 W DefaultFailureHandler: 	at androidx.test.espresso.ViewInteraction.perform(ViewInteraction.java:8)
12-02 23:46:50.229  4590  4636 W DefaultFailureHandler: 	at ru.iteco.fmhandroid.ui.data.TestUtils.waitView(TestUtils.java:61)
12-02 23:46:50.229  4590  4636 W DefaultFailureHandler: 	at ru.iteco.fmhandroid.ui.steps.MainPageSteps.isMainPage(MainPageSteps.java:48)
12-02 23:46:50.229  4590  4636 W DefaultFailureHandler: 	at ru.iteco.fmhandroid.ui.ControlPanelTest.logoutCheckAndOpenControlPanelPage(ControlPanelTest.java:62)
12-02 23:46:50.229  4590  4636 W DefaultFailureHandler: 	at java.lang.reflect.Method.invoke(Native Method)
12-02 23:46:50.229  4590  4636 W DefaultFailureHandler: 	at org.junit.runners.model.FrameworkMethod$1.runReflectiveCall(FrameworkMethod.java:59)
12-02 23:46:50.229  4590  4636 W DefaultFailureHandler: 	at org.junit.internal.runners.model.ReflectiveCallable.run(ReflectiveCallable.java:12)
12-02 23:46:50.229  4590  4636 W DefaultFailureHandler: 	at org.junit.runners.model.FrameworkMethod.invokeExplosively(FrameworkMethod.java:56)
12-02 23:46:50.229  4590  4636 W DefaultFailureHandler: 	at androidx.test.internal.runner.junit4.statement.RunBefores.evaluate(RunBefores.java:76)
12-02 23:46:50.229  4590  4636 W DefaultFailureHandler: 	at androidx.test.internal.runner.junit4.statement.RunAfters.evaluate(RunAfters.java:61)
12-02 23:46:50.229  4590  4636 W DefaultFailureHandler: 	at androidx.test.rule.ActivityTestRule$ActivityStatement.evaluate(ActivityTestRule.java:543)
12-02 23:46:50.229  4590  4636 W DefaultFailureHandler: 	at io.qameta.allure.android.rules.LogcatRule$apply$1.evaluate(LogcatRule.kt:23)
12-02 23:46:50.229  4590  4636 W DefaultFailureHandler: 	at io.qameta.allure.android.rules.ScreenshotRule$apply$1.evaluate(ScreenshotRule.kt:22)
12-02 23:46:50.229  4590  4636 W DefaultFailureHandler: 	at io.qameta.allure.android.rules.ScreenshotRule$apply$1.evaluate(ScreenshotRule.kt:22)
12-02 23:46:50.229  4590  4636 W DefaultFailureHandler: 	at org.junit.rules.RunRules.evaluate(RunRules.java:20)
12-02 23:46:50.229  4590  4636 W DefaultFailureHandler: 	at org.junit.runners.ParentRunner$3.evaluate(ParentRunner.java:306)
12-02 23:46:50.229  4590  4636 W DefaultFailureHandler: 	at org.junit.runners.BlockJUnit4ClassRunner$1.evaluate(BlockJUnit4ClassRunner.java:100)
12-02 23:46:50.229  4590  4636 W DefaultFailureHandler: 	at org.junit.runners.ParentRunner.runLeaf(ParentRunner.java:366)
12-02 23:46:50.229  4590  4636 W DefaultFailureHandler: 	at org.junit.runners.BlockJUnit4ClassRunner.runChild(BlockJUnit4ClassRunner.java:103)
12-02 23:46:50.229  4590  4636 W DefaultFailureHandler: 	at org.junit.runners.BlockJUnit4ClassRunner.runChild(BlockJUnit4ClassRunner.java:63)
12-02 23:46:50.229  4590  4636 W DefaultFailureHandler: 	at org.junit.runners.ParentRunner$4.run(ParentRunner.java:331)
12-02 23:46:50.229  4590  4636 W DefaultFailureHandler: 	at org.junit.runners.ParentRunner$1.schedule(ParentRunner.java:79)
12-02 23:46:50.229  4590  4636 W DefaultFailureHandler: 	at org.junit.runners.ParentRunner.runChildren(ParentRunner.java:329)
12-02 23:46:50.229  4590  4636 W DefaultFailureHandler: 	at org.junit.runners.ParentRunner.access$100(ParentRunner.java:66)
12-02 23:46:50.229  4590  4636 W DefaultFailureHandler: 	at org.junit.runners.ParentRunner$2.evaluate(ParentRunner.java:293)
12-02 23:46:50.229  4590  4636 W DefaultFailureHandler: 	at org.junit.runners.ParentRunner$3.evaluate(ParentRunner.java:306)
12-02 23:46:50.229  4590  4636 W DefaultFailureHandler: 	at org.junit.runners.ParentRunner.run(ParentRunner.java:413)
12-02 23:46:50.229  4590  4636 W DefaultFailureHandler: 	at androidx.test.ext.junit.runners.AndroidJUnit4.run(AndroidJUnit4.java:162)
12-02 23:46:50.229  4590  4636 W DefaultFailureHandler: 	at io.qameta.allure.android.runners.AllureAndroidJUnit4.run(AllureAndroidJUnitRunners.kt:29)
12-02 23:46:50.229  4590  4636 W DefaultFailureHandler: 	at org.junit.runners.Suite.runChild(Suite.java:128)
12-02 23:46:50.229  4590  4636 W DefaultFailureHandler: 	at org.junit.runners.Suite.runChild(Suite.java:27)
12-02 23:46:50.229  4590  4636 W DefaultFailureHandler: 	at org.junit.runners.ParentRunner$4.run(ParentRunner.java:331)
12-02 23:46:50.229  4590  4636 W DefaultFailureHandler: 	at org.junit.runners.ParentRunner$1.schedule(ParentRunner.java:79)
12-02 23:46:50.229  4590  4636 W DefaultFailureHandler: 	at org.junit.runners.ParentRunner.runChildren(ParentRunner.java:329)
12-02 23:46:50.229  4590  4636 W DefaultFailureHandler: 	at org.junit.runners.ParentRunner.access$100(ParentRunner.java:66)
12-02 23:46:50.229  4590  4636 W DefaultFailureHandler: 	at org.junit.runners.ParentRunner$2.evaluate(ParentRunner.java:293)
12-02 23:46:50.229  4590  4636 W DefaultFailureHandler: 	at org.junit.runners.ParentRunner$3.evaluate(ParentRunner.java:306)
12-02 23:46:50.229  4590  4636 W DefaultFailureHandler: 	at org.junit.runners.ParentRunner.run(ParentRunner.java:413)
12-02 23:46:50.229  4590  4636 W DefaultFailureHandler: 	at org.junit.runner.JUnitCore.run(JUnitCore.java:137)
12-02 23:46:50.229  4590  4636 W DefaultFailureHandler: 	at org.junit.runner.JUnitCore.run(JUnitCore.java:115)
12-02 23:46:50.229  4590  4636 W DefaultFailureHandler: 	at androidx.test.internal.runner.TestExecutor.execute(TestExecutor.java:67)
12-02 23:46:50.229  4590  4636 W DefaultFailureHandler: 	at androidx.test.internal.runner.TestExecutor.execute(TestExecutor.java:58)
12-02 23:46:50.230  4590  4636 W DefaultFailureHandler: 	at androidx.test.runner.AndroidJUnitRunner.onStart(AndroidJUnitRunner.java:438)
12-02 23:46:50.230  4590  4636 W DefaultFailureHandler: 	at android.app.Instrumentation$InstrumentationThread.run(Instrumentation.java:2189)
12-02 23:46:50.230  4590  4636 W DefaultFailureHandler: Caused by: android.system.ErrnoException: open failed: EROFS (Read-only file system)
12-02 23:46:50.230  4590  4636 W DefaultFailureHandler: 	at libcore.io.Linux.open(Native Method)
12-02 23:46:50.230  4590  4636 W DefaultFailureHandler: 	at libcore.io.ForwardingOs.open(ForwardingOs.java:167)
12-02 23:46:50.230  4590  4636 W DefaultFailureHandler: 	at libcore.io.BlockGuardOs.open(BlockGuardOs.java:252)
12-02 23:46:50.230  4590  4636 W DefaultFailureHandler: 	at libcore.io.ForwardingOs.open(ForwardingOs.java:167)
12-02 23:46:50.230  4590  4636 W DefaultFailureHandler: 	at android.app.ActivityThread$AndroidOs.open(ActivityThread.java:7255)
12-02 23:46:50.230  4590  4636 W DefaultFailureHandler: 	at libcore.io.IoBridge.open(IoBridge.java:482)
12-02 23:46:50.230  4590  4636 W DefaultFailureHandler: 	... 52 more
12-02 23:46:50.352  2169  2169 D StatusBar: disable<e i a s b h r c s > disable2<q i n >
12-02 23:46:50.518  2169  2501 D EGL_emulation: eglMakeCurrent: 0xdb91a600: ver 2 0 (tinfo 0xdb90f8d0)
12-02 23:46:50.528  1772  1873 D gralloc_ranchu: gralloc_alloc: Creating ashmem region of size 14749696
12-02 23:46:50.633  2169  2501 D EGL_emulation: eglMakeCurrent: 0xdb91a600: ver 2 0 (tinfo 0xdb90f8d0)
12-02 23:46:50.704  2169  2169 D StatusBar: disable<e i a s b h r c s > disable2<q i n >
12-02 23:46:50.727  1772  1873 D gralloc_ranchu: gralloc_alloc: Creating ashmem region of size 14749696
12-02 23:46:50.875  1772  1873 D gralloc_ranchu: gralloc_alloc: Creating ashmem region of size 14749696
12-02 23:46:51.527  4590  4636 I QueryController: Matched selector: UiSelector[DESCRIPTION=Airplane mode] <<==>> [android.view.accessibility.AccessibilityNodeInfo@6ea16; boundsInParent: Rect(0, 0 - 393, 371); boundsInScreen: Rect(978, 1022 - 1371, 1393); packageName: com.android.systemui; className: android.widget.Switch; text: Off; error: null; maxTextLength: -1; contentDescription: Airplane mode; tooltipText: null; viewIdResName: null; checkable: true; checked: false; focusable: true; focused: false; selected: false; clickable: true; longClickable: true; contextClickable: false; enabled: true; password: false; scrollable: false; importantForAccessibility: true; visible: true; actions: [AccessibilityAction: ACTION_FOCUS - null, AccessibilityAction: ACTION_SELECT - null, AccessibilityAction: ACTION_CLEAR_SELECTION - null, AccessibilityAction: ACTION_CLICK - null, AccessibilityAction: ACTION_ACCESSIBILITY_FOCUS - null, AccessibilityAction: ACTION_NEXT_AT_MOVEMENT_GRANULARITY - null, AccessibilityAction: ACTION_PREVIOUS_AT_MOVEMENT_GRANULARITY - null, AccessibilityAction: ACTION_SET_SELECTION - null, AccessibilityAction: ACTION_SHOW_ON_SCREEN - null, AccessibilityAction: ACTION_LONG_CLICK - Open settings]]
12-02 23:46:51.574  2010  2034 D AutofillManagerService: onBackKeyPressed()
12-02 23:46:52.203  2169  2169 V StatusBar: mStatusBarWindow: com.android.systemui.statusbar.phone.StatusBarWindowView{7aeee74 V.E...... ........ 0,0-1440,2560} canPanelBeCollapsed(): true
12-02 23:46:52.213  2169  2169 D StatusBar: disable<e i a s b h r c s > disable2<q i n >
12-02 23:46:52.273  2010  3292 W InputReader: Device has associated, but no associated display id.
12-02 23:46:52.275  2010  3292 I chatty  : uid=1000(system) Binder:2010_B identical 8 lines
12-02 23:46:52.276  2010  3292 W InputReader: Device has associated, but no associated display id.
12-02 23:46:52.289  4590  4590 W teco.fmhandroi: Accessing hidden field Landroid/app/Activity;->mResultCode:I (greylist, reflection, allowed)
12-02 23:46:52.290  4590  4590 W teco.fmhandroi: Accessing hidden field Landroid/app/Activity;->mResultData:Landroid/content/Intent; (greylist, reflection, allowed)
12-02 23:46:52.300  4590  4590 D LifecycleMonitor: Lifecycle status change: ru.iteco.fmhandroid.ui.AppActivity@5eb42e1 in: PAUSED
12-02 23:46:52.305  2010  3292 W InputReader: Device has associated, but no associated display id.
12-02 23:46:52.305  2010  3292 I chatty  : uid=1000(system) Binder:2010_B identical 8 lines
12-02 23:46:52.305  2010  3292 W InputReader: Device has associated, but no associated display id.
12-02 23:46:52.317  2169  2169 D StatusBar: disable<e i a s b h r c s > disable2<q i n >
12-02 23:46:52.342  4590  4632 V FA      : Recording user engagement, ms: 25469
12-02 23:46:52.354  2169  2501 D EGL_emulation: eglMakeCurrent: 0xdb91a600: ver 2 0 (tinfo 0xdb90f8d0)
12-02 23:46:52.360  1772  1873 D gralloc_ranchu: gralloc_alloc: Creating ashmem region of size 487424
12-02 23:46:52.366  2169  2501 D EGL_emulation: eglMakeCurrent: 0xdb91a600: ver 2 0 (tinfo 0xdb90f8d0)
12-02 23:46:52.378  1772  1873 D gralloc_ranchu: gralloc_alloc: Creating ashmem region of size 14749696
12-02 23:46:52.391  1772  1873 I chatty  : uid=1000(system) HwBinder:1772_1 identical 1 line
12-02 23:46:52.401  1772  1873 D gralloc_ranchu: gralloc_alloc: Creating ashmem region of size 14749696
12-02 23:46:52.413  1772  1873 D gralloc_ranchu: gralloc_alloc: Creating ashmem region of size 487424
12-02 23:46:52.421  2010 20213 E memtrack: Couldn't load memtrack module
12-02 23:46:52.421  2010 20213 W android.os.Debug: failed to get memory consumption info: -1
12-02 23:46:52.447  1772  1873 D gralloc_ranchu: gralloc_alloc: Creating ashmem region of size 487424
12-02 23:46:52.465  1772  1873 D gralloc_ranchu: gralloc_alloc: Creating ashmem region of size 14749696
12-02 23:46:52.482  1772  1873 D gralloc_ranchu: gralloc_alloc: Creating ashmem region of size 14749696
12-02 23:46:52.485  3139  3664 D EGL_emulation: eglMakeCurrent: 0xdb91c460: ver 2 0 (tinfo 0xbe64a3f0)
12-02 23:46:52.488  1772  1772 D gralloc_ranchu: gralloc_alloc: Creating ashmem region of size 14749696
12-02 23:46:52.491  4590  4632 V FA      : Connecting to remote service
12-02 23:46:52.506  4590  4632 V FA      : Connection attempt already in progress
12-02 23:46:52.506  4590  4632 V FA      : Activity paused, time: 97643320
12-02 23:46:52.527  4590  4632 D FA      : Connected to remote service
12-02 23:46:52.528  4590  4632 V FA      : Processing queued up service tasks: 2
12-02 23:46:52.575  2448  3326 D EGL_emulation: eglMakeCurrent: 0xe3a07ba0: ver 2 0 (tinfo 0xe3a93b30)
12-02 23:46:52.633  3139  3139 W ThreadPoolDumper: Queue length for executor EventBus is now 11. Perhaps some tasks are too long, or the pool is too small.
12-02 23:46:52.644  2010  2037 W InputReader: Device has associated, but no associated display id.
12-02 23:46:52.645  2010  2037 I chatty  : uid=1000(system) android.anim identical 8 lines
12-02 23:46:52.645  2010  2037 W InputReader: Device has associated, but no associated display id.
12-02 23:46:52.654  2169  2501 D EGL_emulation: eglMakeCurrent: 0xdb91a600: ver 2 0 (tinfo 0xdb90f8d0)
12-02 23:46:52.661  1772  1772 D gralloc_ranchu: gralloc_alloc: Creating ashmem region of size 9441280
12-02 23:46:52.683  2881  4639 V FA-SVC  : Logging event: origin=auto,name=user_engagement(_e),params=Bundle[{ga_event_origin(_o)=auto, engagement_time_msec(_et)=25469, ga_screen_class(_sc)=AppActivity, ga_screen_id(_si)=-4585468705400168410}]
12-02 23:46:52.712  2169  2501 D EGL_emulation: eglMakeCurrent: 0xdb91a600: ver 2 0 (tinfo 0xdb90f8d0)
12-02 23:46:52.728  4590  4652 D EGL_emulation: eglMakeCurrent: 0xeec7fd00: ver 2 0 (tinfo 0xeecc0020)
12-02 23:46:52.733  2169  2501 D EGL_emulation: eglMakeCurrent: 0xdb91a600: ver 2 0 (tinfo 0xdb90f8d0)
12-02 23:46:52.202  2010  2034 D AutofillManagerService: onBackKeyPressed()
12-02 23:46:52.746  2010  2010 W ActivityManager: Unable to start service Intent { act=android.service.appprediction.AppPredictionService cmp=com.google.android.as/com.google.android.apps.miphone.aiai.app.AiAiPredictionService } U=0: not found
12-02 23:46:52.747  2010  2010 W RemoteAppPredictionService: could not bind to Intent { act=android.service.appprediction.AppPredictionService cmp=com.google.android.as/com.google.android.apps.miphone.aiai.app.AiAiPredictionService } using flags 67108865
12-02 23:46:52.879  4590  4590 D LifecycleMonitor: Lifecycle status change: ru.iteco.fmhandroid.ui.AppActivity@5eb42e1 in: STOPPED
12-02 23:46:52.898  1788  1788 E Layer   : [Surface(name=AppWindowToken{e44e437 token=Token{8e32d36 ActivityRecord{89f0ed1 u0 com.google.android.apps.nexuslauncher/.NexusLauncherActivity t2562}}})/@0xb44cf46 - animation-leash#0] No local sync point found
12-02 23:46:52.898  1788  1788 E Layer   : [Surface(name=AppWindowToken{724737b token=Token{1be1f0a ActivityRecord{d321375 u0 ru.iteco.fmhandroid/.ui.AppActivity t3273}}})/@0x6ab3399 - animation-leash#0] No local sync point found
12-02 23:46:52.989  4590  4590 W System.err: ru.iteco.fmhandroid.exceptions.UnknownException
12-02 23:46:52.997  4590  4684 I okhttp.OkHttpClient: <-- HTTP FAILED: java.net.SocketException: Socket closed
12-02 23:46:53.122  4590  4590 W System.err: 	at ru.iteco.fmhandroid.utils.Utils.makeRequest(Utils.kt:123)
12-02 23:46:53.122  4590  4590 W System.err: 	at ru.iteco.fmhandroid.utils.Utils$makeRequest$1.invokeSuspend(Unknown Source:15)
12-02 23:46:53.122  4590  4590 W System.err: 	at kotlin.coroutines.jvm.internal.BaseContinuationImpl.resumeWith(ContinuationImpl.kt:33)
12-02 23:46:53.123  4590  4590 W System.err: 	at kotlinx.coroutines.DispatchedTaskKt.resume(DispatchedTask.kt:234)
12-02 23:46:53.123  4590  4590 W System.err: 	at kotlinx.coroutines.DispatchedTaskKt.resumeUnconfined(DispatchedTask.kt:190)
12-02 23:46:53.123  4590  4590 W System.err: 	at kotlinx.coroutines.DispatchedTaskKt.dispatch(DispatchedTask.kt:161)
12-02 23:46:53.123  4590  4590 W System.err: 	at kotlinx.coroutines.CancellableContinuationImpl.dispatchResume(CancellableContinuationImpl.kt:397)
12-02 23:46:53.123  4590  4590 W System.err: 	at kotlinx.coroutines.CancellableContinuationImpl.cancel(CancellableContinuationImpl.kt:183)
12-02 23:46:53.123  4590  4590 W System.err: 	at kotlinx.coroutines.CancellableContinuationImpl.parentCancelled$kotlinx_coroutines_core(CancellableContinuationImpl.kt:190)
12-02 23:46:53.123  4590  4590 W System.err: 	at kotlinx.coroutines.ChildContinuation.invoke(JobSupport.kt:1474)
12-02 23:46:53.123  4590  4590 W System.err: 	at kotlinx.coroutines.JobSupport.notifyCancelling(JobSupport.kt:1499)
12-02 23:46:53.124  4590  4590 W System.err: 	at kotlinx.coroutines.JobSupport.tryMakeCancelling(JobSupport.kt:795)
12-02 23:46:53.124  4590  4590 W System.err: 	at kotlinx.coroutines.JobSupport.makeCancelling(JobSupport.kt:755)
12-02 23:46:53.124  4590  4590 W System.err: 	at kotlinx.coroutines.JobSupport.cancelImpl$kotlinx_coroutines_core(JobSupport.kt:671)
12-02 23:46:53.124  4590  4590 W System.err: 	at kotlinx.coroutines.JobSupport.parentCancelled(JobSupport.kt:637)
12-02 23:46:53.124  4590  4590 W System.err: 	at kotlinx.coroutines.ChildHandleNode.invoke(JobSupport.kt:1465)
12-02 23:46:53.124  4590  4590 W System.err: 	at kotlinx.coroutines.JobSupport.notifyCancelling(JobSupport.kt:1499)
12-02 23:46:53.124  4590  4590 W System.err: 	at kotlinx.coroutines.JobSupport.tryMakeCompletingSlowPath(JobSupport.kt:900)
12-02 23:46:53.124  4590  4590 W System.err: 	at kotlinx.coroutines.JobSupport.tryMakeCompleting(JobSupport.kt:863)
12-02 23:46:53.124  4590  4590 W System.err: 	at kotlinx.coroutines.JobSupport.cancelMakeCompleting(JobSupport.kt:696)
12-02 23:46:53.124  4590  4590 W System.err: 	at kotlinx.coroutines.JobSupport.cancelImpl$kotlinx_coroutines_core(JobSupport.kt:667)
12-02 23:46:53.124  4590  4590 W System.err: 	at kotlinx.coroutines.JobSupport.cancelInternal(JobSupport.kt:632)
12-02 23:46:53.124  4590  4590 W System.err: 	at kotlinx.coroutines.JobSupport.cancel(JobSupport.kt:617)
12-02 23:46:53.125  4590  4590 W System.err: 	at kotlinx.coroutines.JobKt__JobKt.cancel(Job.kt:561)
12-02 23:46:53.125  4590  4590 W System.err: 	at kotlinx.coroutines.JobKt.cancel(Unknown Source:1)
12-02 23:46:53.125  4590  4590 W System.err: 	at kotlinx.coroutines.JobKt__JobKt.cancel$default(Job.kt:560)
12-02 23:46:53.125  4590  4590 W System.err: 	at kotlinx.coroutines.JobKt.cancel$default(Unknown Source:1)
12-02 23:46:53.125  4590  4590 W System.err: 	at androidx.lifecycle.CloseableCoroutineScope.close(ViewModel.kt:51)
12-02 23:46:53.125  4590  4590 W System.err: 	at androidx.lifecycle.ViewModel.closeWithRuntimeException(ViewModel.java:188)
12-02 23:46:53.125  4590  4590 W System.err: 	at androidx.lifecycle.ViewModel.clear(ViewModel.java:134)
12-02 23:46:53.125  4590  4590 W System.err: 	at androidx.lifecycle.ViewModelStore.clear(ViewModelStore.java:62)
12-02 23:46:53.125  4590  4590 W System.err: 	at androidx.fragment.app.FragmentManagerViewModel.clearNonConfigStateInternal(FragmentManagerViewModel.java:210)
12-02 23:46:53.126  4590  4590 W System.err: 	at androidx.fragment.app.FragmentManagerViewModel.clearNonConfigState(FragmentManagerViewModel.java:190)
12-02 23:46:53.127  4590  4590 W System.err: 	at androidx.fragment.app.FragmentStateManager.destroy(FragmentStateManager.java:778)
12-02 23:46:53.127  4590  4590 W System.err: 	at androidx.fragment.app.FragmentStateManager.moveToExpectedState(FragmentStateManager.java:335)
12-02 23:46:53.127  4590  4590 W System.err: 	at androidx.fragment.app.FragmentStore.moveToExpectedState(FragmentStore.java:113)
12-02 23:46:53.127  4590  4590 W System.err: 	at androidx.fragment.app.FragmentManager.moveToState(FragmentManager.java:1374)
12-02 23:46:53.127  4590  4590 W System.err: 	at androidx.fragment.app.FragmentManager.dispatchStateChange(FragmentManager.java:2841)
12-02 23:46:53.127  4590  4590 W System.err: 	at androidx.fragment.app.FragmentManager.dispatchDestroy(FragmentManager.java:2820)
12-02 23:46:53.127  4590  4590 W System.err: 	at androidx.fragment.app.Fragment.performDestroy(Fragment.java:3246)
12-02 23:46:53.127  4590  4590 W System.err: 	at androidx.fragment.app.FragmentStateManager.destroy(FragmentStateManager.java:780)
12-02 23:46:53.127  4590  4590 W System.err: 	at androidx.fragment.app.FragmentStateManager.moveToExpectedState(FragmentStateManager.java:335)
12-02 23:46:53.127  4590  4590 W System.err: 	at androidx.fragment.app.SpecialEffectsController$FragmentStateManagerOperation.complete(SpecialEffectsController.java:771)
12-02 23:46:53.128  3139  3568 W SessionLifecycleManager: Handover failed. Creating new session controller.
12-02 23:46:53.130  4590  4590 W System.err: 	at androidx.fragment.app.SpecialEffectsController$Operation.cancel(SpecialEffectsController.java:615)
12-02 23:46:53.130  4590  4590 W System.err: 	at androidx.fragment.app.SpecialEffectsController.forceCompleteAllOperations(SpecialEffectsController.java:350)
12-02 23:46:53.130  4590  4590 W System.err: 	at androidx.fragment.app.FragmentManager.dispatchStateChange(FragmentManager.java:2844)
12-02 23:46:53.130  4590  4590 W System.err: 	at androidx.fragment.app.FragmentManager.dispatchDestroy(FragmentManager.java:2820)
12-02 23:46:53.131  4590  4590 W System.err: 	at androidx.fragment.app.FragmentController.dispatchDestroy(FragmentController.java:345)
12-02 23:46:53.131  4590  4590 W System.err: 	at androidx.fragment.app.FragmentActivity.onDestroy(FragmentActivity.java:306)
12-02 23:46:53.131  4590  4590 W System.err: 	at androidx.appcompat.app.AppCompatActivity.onDestroy(AppCompatActivity.java:278)
12-02 23:46:53.131  4590  4590 W System.err: 	at android.app.Activity.performDestroy(Activity.java:8048)
12-02 23:46:53.131  4590  4590 W System.err: 	at android.app.Instrumentation.callActivityOnDestroy(Instrumentation.java:1334)
12-02 23:46:53.131  4590  4590 W System.err: 	at androidx.test.runner.MonitoringInstrumentation.callActivityOnDestroy(MonitoringInstrumentation.java:766)
12-02 23:46:53.131  4590  4590 W System.err: 	at android.app.ActivityThread.performDestroyActivity(ActivityThread.java:4926)
12-02 23:46:53.131  4590  4590 W System.err: 	at android.app.ActivityThread.handleDestroyActivity(ActivityThread.java:4970)
12-02 23:46:53.131  4590  4590 W System.err: 	at android.app.servertransaction.DestroyActivityItem.execute(DestroyActivityItem.java:44)
12-02 23:46:53.131  4590  4590 W System.err: 	at android.app.servertransaction.TransactionExecutor.executeLifecycleState(TransactionExecutor.java:176)
12-02 23:46:53.132  4590  4590 W System.err: 	at android.app.servertransaction.TransactionExecutor.execute(TransactionExecutor.java:97)
12-02 23:46:53.132  4590  4590 W System.err: 	at android.app.ActivityThread$H.handleMessage(ActivityThread.java:2016)
12-02 23:46:53.132  4590  4590 W System.err: 	at android.os.Handler.dispatchMessage(Handler.java:107)
12-02 23:46:53.132  4590  4590 W System.err: 	at android.os.Looper.loop(Looper.java:214)
12-02 23:46:53.133  2010  6726 D HostConnection: HostConnection::get() New Host Connection established 0xb4601c80, tid 6726
12-02 23:46:53.133  4590  4590 W System.err: 	at android.app.ActivityThread.main(ActivityThread.java:7356)
12-02 23:46:53.134  4590  4590 W System.err: 	at java.lang.reflect.Method.invoke(Native Method)
12-02 23:46:53.134  4590  4590 W System.err: 	at com.android.internal.os.RuntimeInit$MethodAndArgsCaller.run(RuntimeInit.java:492)
12-02 23:46:53.134  4590  4590 W System.err: 	at com.android.internal.os.ZygoteInit.main(ZygoteInit.java:930)
