--------- beginning of main
12-02 23:46:22.425  3139  3568 I MicroDetectionWorker: #startMicroDetector [speakerMode: 0]
12-02 23:46:22.427  3139  3568 W ErrorReporter: reportError [type: 211, code: 393244, bug: 0]: errorCode: 393244, engine: 0
12-02 23:46:22.428  3139  3568 I MicroDetector: Keeping mic open: false
12-02 23:46:22.428  3139  3568 I MicroDetectionWorker: #onError(false)
12-02 23:46:22.430  3139 31474 I DeviceStateChecker: DeviceStateChecker cancelled
12-02 23:46:22.756  4590  4590 I teco.fmhandroi: The ClassLoaderContext is a special shared library.
12-02 23:46:22.757  4590  4590 I teco.fmhandroi: The ClassLoaderContext is a special shared library.
12-02 23:46:24.190  4590  4590 W teco.fmhandroi: Accessing hidden method Landroid/app/Instrumentation;->execStartActivity(Landroid/content/Context;Landroid/os/IBinder;Landroid/os/IBinder;Landroid/app/Activity;Landroid/content/Intent;ILandroid/os/Bundle;)Landroid/app/Instrumentation$ActivityResult; (greylist, linking, allowed)
12-02 23:46:24.190  4590  4590 W teco.fmhandroi: Accessing hidden method Landroid/app/Instrumentation;->execStartActivity(Landroid/content/Context;Landroid/os/IBinder;Landroid/os/IBinder;Ljava/lang/String;Landroid/content/Intent;ILandroid/os/Bundle;)Landroid/app/Instrumentation$ActivityResult; (greylist, linking, allowed)
12-02 23:46:24.217  4590  4590 I MonitoringInstr: newApplication called!
12-02 23:46:24.306  4590  4590 I FirebaseApp: Device unlocked: initializing all Firebase APIs for app [DEFAULT]
12-02 23:46:24.326  4590  4590 I FirebaseCrashlytics: Initializing Firebase Crashlytics 18.2.6 for ru.iteco.fmhandroid
12-02 23:46:24.440  4590  4625 I DynamiteModule: Considering local module com.google.android.gms.measurement.dynamite:55 and remote module com.google.android.gms.measurement.dynamite:15
12-02 23:46:24.440  4590  4625 I DynamiteModule: Selected local version of com.google.android.gms.measurement.dynamite
12-02 23:46:24.486  4590  4590 I FirebaseInitProvider: FirebaseApp initialization successful
12-02 23:46:24.519  4590  4590 I MonitoringInstr: Instrumentation started!
12-02 23:46:24.526  4590  4590 D ClassesArgTokenizer: input: ru.iteco.fmhandroid.ui.ControlPanelTest#shouldOpenNewsDescription
12-02 23:46:24.527  4590  4590 D ClassesArgTokenizer: result: [ru.iteco.fmhandroid.ui.ControlPanelTest#shouldOpenNewsDescription]
12-02 23:46:24.527  4590  4590 D ClassesArgTokenizer: input: null
12-02 23:46:24.527  4590  4590 D ClassesArgTokenizer: result: []
12-02 23:46:24.534  4590  4590 V TestEventClient: No service name argument was given (testDiscoveryService, testRunEventService or orchestratorService)
12-02 23:46:24.560  4590  4636 D AndroidJUnitRunner: onStart is called.
12-02 23:46:24.570  4590  4590 I MonitoringInstr: No JSBridge.
12-02 23:46:24.607  4590  4636 D TestRequestBuilder: Skipping class path scanning and directly running [ru.iteco.fmhandroid.ui.ControlPanelTest]
12-02 23:46:24.607  4590  4636 I teco.fmhandroi: Waiting for a blocking GC ClassLinker
12-02 23:46:24.624  4590  4636 I teco.fmhandroi: WaitForGcToComplete blocked ClassLinker on ClassLinker for 17.370ms
12-02 23:46:24.634  4590  4636 D ClassesArgTokenizer: input: ru.iteco.fmhandroid.ui.ControlPanelTest#shouldOpenNewsDescription
12-02 23:46:24.634  4590  4636 D ClassesArgTokenizer: result: [ru.iteco.fmhandroid.ui.ControlPanelTest#shouldOpenNewsDescription]
12-02 23:46:24.634  4590  4636 D ClassesArgTokenizer: input: null
12-02 23:46:24.634  4590  4636 D ClassesArgTokenizer: result: []
12-02 23:46:24.656  4590  4636 D AndroidJUnitRunner: Use the raw file system for managing file I/O.
12-02 23:46:24.662  4590  4636 D TestExecutor: Adding listener androidx.test.internal.runner.listener.LogRunListener
12-02 23:46:24.662  4590  4636 D TestExecutor: Adding listener androidx.test.internal.runner.listener.InstrumentationResultPrinter
12-02 23:46:24.662  4590  4636 D TestExecutor: Adding listener androidx.test.internal.runner.listener.ActivityFinisherRunListener
12-02 23:46:24.662  4590  4636 D TestExecutor: Adding listener androidx.test.internal.runner.listener.TraceRunListener
12-02 23:46:24.670  4590  4636 I TestRunner: run started: 1 tests
12-02 23:46:24.685  4590  4632 V FA      : App measurement collection enabled
12-02 23:46:24.685  4590  4632 V FA      : App measurement enabled for app package, google app id: ru.iteco.fmhandroid, 1:729587742060:android:e7d6f87c783f52b9a42f49
12-02 23:46:24.687  4590  4632 I FA      : App measurement initialized, version: 46000
12-02 23:46:24.687  4590  4632 I FA      : To enable debug logging run: adb shell setprop log.tag.FA VERBOSE
12-02 23:46:24.687  4590  4632 I FA      : To enable faster debug mode event logging run:
12-02 23:46:24.687  4590  4632 I FA      :   adb shell setprop debug.firebase.analytics.app ru.iteco.fmhandroid
12-02 23:46:24.687  4590  4632 D FA      : Debug-level message logging enabled
12-02 23:46:24.736  4590  4636 I TestRunner: started: shouldOpenNewsDescription(ru.iteco.fmhandroid.ui.ControlPanelTest)
12-02 23:46:24.777  4590  4632 V FA      : Connecting to remote service
12-02 23:46:24.827  4590  4632 V FA      : Connection attempt already in progress
12-02 23:46:24.836  4590  4632 V FA      : Connection attempt already in progress
12-02 23:46:24.879  4590  4632 D FA      : Connected to remote service
12-02 23:46:24.880  4590  4632 V FA      : Processing queued up service tasks: 3
12-02 23:46:24.920  1743  4640 E ResolverController: No valid NAT64 prefix (128, <unspecified>/0)
12-02 23:46:25.002  4590  4636 W FileTestStorage: Output properties is not supported.
12-02 23:46:25.003  4590  4636 I Tracing : Tracer added: class androidx.test.platform.tracing.AndroidXTracer
12-02 23:46:25.004  2881  4639 V FA-SVC  : Saving default event parameters, appId, data size: ru.iteco.fmhandroid, 2
12-02 23:46:25.028  4590  4636 D EventInjectionStrategy: Creating injection strategy with input manager.
12-02 23:46:25.029  4590  4636 W teco.fmhandroi: Accessing hidden method Landroid/hardware/input/InputManager;->getInstance()Landroid/hardware/input/InputManager; (greylist, reflection, allowed)
12-02 23:46:25.030  4590  4636 W teco.fmhandroi: Accessing hidden method Landroid/hardware/input/InputManager;->injectInputEvent(Landroid/view/InputEvent;I)Z (greylist, reflection, allowed)
12-02 23:46:25.031  4590  4636 W teco.fmhandroi: Accessing hidden field Landroid/hardware/input/InputManager;->INJECT_INPUT_EVENT_MODE_WAIT_FOR_FINISH:I (greylist, reflection, allowed)
--------- beginning of system
12-02 23:46:25.160  2010  2010 V SettingsProvider: Notifying for 0: content://settings/secure/accessibility_enabled
12-02 23:46:25.537  4590  4636 W ActivityTestRule: getActivityIntent() returned null using default: Intent(Intent.ACTION_MAIN)
12-02 23:46:25.549  2010 19651 I ActivityTaskManager: START u0 {act=android.intent.action.MAIN flg=0x14000000 cmp=ru.iteco.fmhandroid/.ui.AppActivity} from uid 10159
12-02 23:46:25.643  2010  3292 W InputReader: Device has associated, but no associated display id.
12-02 23:46:25.659  2010  3292 I chatty  : uid=1000(system) Binder:2010_B identical 28 lines
12-02 23:46:25.659  2010  3292 W InputReader: Device has associated, but no associated display id.
12-02 23:46:25.661  4590  4590 W ActivityThread: handleWindowVisibility: no activity for token android.os.BinderProxy@dcaee5c
12-02 23:46:25.667  2010  3292 W InputReader: Device has associated, but no associated display id.
12-02 23:46:25.668  2010  3292 I chatty  : uid=1000(system) Binder:2010_B identical 8 lines
12-02 23:46:25.668  2010  3292 W InputReader: Device has associated, but no associated display id.
12-02 23:46:25.680  2010  2037 E system_server: Invalid ID 0x00000000.
12-02 23:46:25.704  1788  2120 E SurfaceFlinger: ro.sf.lcd_density must be defined as a build property
12-02 23:46:25.707  1788  1902 E SurfaceFlinger: ro.sf.lcd_density must be defined as a build property
12-02 23:46:25.715  4590  4654 D libEGL  : Emulator has host GPU support, qemu.gles is set to 1.
12-02 23:46:25.715  4590  4654 W libc    : Unable to set property "qemu.gles" to "1": connection failed; errno=13 (Permission denied)
12-02 23:46:25.710  4590  4590 W RenderThread: type=1400 audit(0.0:827): avc: denied { write } for name="property_service" dev="tmpfs" ino=8412 scontext=u:r:untrusted_app:s0:c159,c256,c512,c768 tcontext=u:object_r:property_socket:s0 tclass=sock_file permissive=0 app=ru.iteco.fmhandroid
12-02 23:46:25.777  4590  4590 D LifecycleMonitor: Lifecycle status change: ru.iteco.fmhandroid.ui.AppActivity@5eb42e1 in: PRE_ON_CREATE
12-02 23:46:25.795  1772  1873 D gralloc_ranchu: gralloc_alloc: Creating ashmem region of size 14749696
12-02 23:46:25.825  4590  4625 V FA      : onActivityCreated
12-02 23:46:25.874  4590  4654 D libEGL  : loaded /vendor/lib/egl/libEGL_emulation.so
12-02 23:46:25.887  4590  4654 D libEGL  : loaded /vendor/lib/egl/libGLESv1_CM_emulation.so
12-02 23:46:25.905  4590  4654 D libEGL  : loaded /vendor/lib/egl/libGLESv2_emulation.so
12-02 23:46:25.941  4590  4590 W teco.fmhandroi: Accessing hidden method Landroid/view/View;->computeFitSystemWindows(Landroid/graphics/Rect;Landroid/graphics/Rect;)Z (greylist, reflection, allowed)
12-02 23:46:25.943  4590  4590 W teco.fmhandroi: Accessing hidden method Landroid/view/ViewGroup;->makeOptionalFitsSystemWindows()V (greylist, reflection, allowed)
12-02 23:46:26.015  4590  4590 I teco.fmhandroi: Waiting for a blocking GC ClassLinker
12-02 23:46:26.077  4590  4590 I teco.fmhandroi: WaitForGcToComplete blocked ClassLinker on ClassLinker for 62.664ms
12-02 23:46:26.209  4590  4590 D NetworkSecurityConfig: No Network Security Config specified, using platform default
12-02 23:46:26.234  4590  4590 W teco.fmhandroi: Accessing hidden method Ljava/lang/invoke/MethodHandles$Lookup;-><init>(Ljava/lang/Class;I)V (greylist, reflection, allowed)
12-02 23:46:26.421  4590  4590 D LifecycleMonitor: Lifecycle status change: ru.iteco.fmhandroid.ui.AppActivity@5eb42e1 in: CREATED
12-02 23:46:26.429  2010  2037 I Choreographer: Skipped 41 frames!  The application may be doing too much work on its main thread.
12-02 23:46:26.453  2010  2037 W InputReader: Device has associated, but no associated display id.
12-02 23:46:26.454  2010  2037 I chatty  : uid=1000(system) android.anim identical 8 lines
12-02 23:46:26.454  2010  2037 W InputReader: Device has associated, but no associated display id.
12-02 23:46:26.457  4590  4656 W teco.fmhandroi: JNI critical lock held for 30.920ms on Thread[34,tid=4656,Runnable,Thread*=0xd85ec800,peer=0x12d7bfa0,"arch_disk_io_0"]
12-02 23:46:26.522  2448  3326 D EGL_emulation: eglMakeCurrent: 0xe3a07ba0: ver 2 0 (tinfo 0xe3a93b30)
12-02 23:46:26.571  3139  3664 D EGL_emulation: eglMakeCurrent: 0xdb91c460: ver 2 0 (tinfo 0xbe64a3f0)
12-02 23:46:26.576  2169  2501 D EGL_emulation: eglMakeCurrent: 0xdb91a600: ver 2 0 (tinfo 0xdb90f8d0)
12-02 23:46:26.602  4590  4604 I teco.fmhandroi: Background concurrent copying GC freed 6918(762KB) AllocSpace objects, 2(40KB) LOS objects, 49% free, 2949KB/5898KB, paused 1.900ms total 164.696ms
12-02 23:46:26.840  4590  4590 D LifecycleMonitor: Lifecycle status change: ru.iteco.fmhandroid.ui.AppActivity@5eb42e1 in: STARTED
12-02 23:46:26.844  4590  4590 D LifecycleMonitor: Lifecycle status change: ru.iteco.fmhandroid.ui.AppActivity@5eb42e1 in: RESUMED
12-02 23:46:26.845  4590  4632 V FA      : Activity resumed, time: 97617843
12-02 23:46:26.858  4590  4632 I FA      : Tag Manager is not found and thus will not be used
12-02 23:46:26.943  2881  4639 V FA-SVC  : Logging event: origin=auto,name=screen_view(_vs),params=Bundle[{ga_event_origin(_o)=auto, ga_screen_class(_sc)=AppActivity, ga_screen_id(_si)=-4585468705400168410}]
12-02 23:46:26.990  4590  4652 D HostConnection: HostConnection::get() New Host Connection established 0xd8568620, tid 4652
12-02 23:46:27.045  2881  4639 V FA-SVC  : Upload scheduled in approximately ms: 2797646
12-02 23:46:27.046  2881  4639 V FA-SVC  : Unscheduling upload
12-02 23:46:27.070  2881  4639 V FA-SVC  : Scheduling upload, millis: 2797646
12-02 23:46:27.077  2881  4639 V FA-SVC  : Background event processing time, ms: 147
12-02 23:46:27.105  4590  4652 D HostConnection: HostComposition ext ANDROID_EMU_CHECKSUM_HELPER_v1 ANDROID_EMU_dma_v1 ANDROID_EMU_direct_mem ANDROID_EMU_host_composition_v1 ANDROID_EMU_host_composition_v2 ANDROID_EMU_vulkan ANDROID_EMU_deferred_vulkan_commands ANDROID_EMU_vulkan_null_optional_strings ANDROID_EMU_vulkan_create_resources_with_requirements ANDROID_EMU_YUV_Cache ANDROID_EMU_vulkan_ignored_handles ANDROID_EMU_vulkan_free_memory_sync ANDROID_EMU_vulkan_shader_float16_int8 ANDROID_EMU_vulkan_async_queue_submit ANDROID_EMU_sync_buffer_data GL_OES_vertex_array_object GL_KHR_texture_compression_astc_ldr ANDROID_EMU_host_side_tracing ANDROID_EMU_gles_max_version_2 
12-02 23:46:27.148  4590  4652 W OpenGLRenderer: Failed to choose config with EGL_SWAP_BEHAVIOR_PRESERVED, retrying without...
12-02 23:46:27.250  2584  4501 E SQLiteDatabase: Error inserting flex_time=2797000 job_id=-1 period=5596000 source=16 requires_charging=0 preferred_network_type=1 target_class=com.google.android.gms.measurement.PackageMeasurementTaskService user_id=0 target_package=com.google.android.gms tag=Measurement.PackageMeasurementTaskService.UPLOAD_TASK_TAG task_type=0 required_idleness_state=0 service_kind=0 source_version=202414000 persistence_level=1 preferred_charging_state=1 required_network_type=0 runtime=1670013987197 retry_strategy={"maximum_backoff_seconds":{"3600":0},"initial_backoff_seconds":{"30":0},"retry_policy":{"0":0}} last_runtime=0
12-02 23:46:27.250  2584  4501 E SQLiteDatabase: android.database.sqlite.SQLiteConstraintException: UNIQUE constraint failed: pending_ops.tag, pending_ops.target_class, pending_ops.target_package, pending_ops.user_id (code 2067 SQLITE_CONSTRAINT_UNIQUE)
12-02 23:46:27.250  2584  4501 E SQLiteDatabase: 	at android.database.sqlite.SQLiteConnection.nativeExecuteForLastInsertedRowId(Native Method)
12-02 23:46:27.250  2584  4501 E SQLiteDatabase: 	at android.database.sqlite.SQLiteConnection.executeForLastInsertedRowId(SQLiteConnection.java:879)
12-02 23:46:27.250  2584  4501 E SQLiteDatabase: 	at android.database.sqlite.SQLiteSession.executeForLastInsertedRowId(SQLiteSession.java:790)
12-02 23:46:27.250  2584  4501 E SQLiteDatabase: 	at android.database.sqlite.SQLiteStatement.executeInsert(SQLiteStatement.java:88)
12-02 23:46:27.250  2584  4501 E SQLiteDatabase: 	at android.database.sqlite.SQLiteDatabase.insertWithOnConflict(SQLiteDatabase.java:1599)
12-02 23:46:27.250  2584  4501 E SQLiteDatabase: 	at android.database.sqlite.SQLiteDatabase.insert(SQLiteDatabase.java:1468)
12-02 23:46:27.250  2584  4501 E SQLiteDatabase: 	at aqui.a(:com.google.android.gms@202414022@20.24.14 (040700-319035315):175)
12-02 23:46:27.250  2584  4501 E SQLiteDatabase: 	at aqtk.a(:com.google.android.gms@202414022@20.24.14 (040700-319035315):182)
12-02 23:46:27.250  2584  4501 E SQLiteDatabase: 	at aqtk.a(:com.google.android.gms@202414022@20.24.14 (040700-319035315):23)
12-02 23:46:27.250  2584  4501 E SQLiteDatabase: 	at aqtk.a(:com.google.android.gms@202414022@20.24.14 (040700-319035315):177)
12-02 23:46:27.250  2584  4501 E SQLiteDatabase: 	at aqpu.run(:com.google.android.gms@202414022@20.24.14 (040700-319035315):9)
12-02 23:46:27.250  2584  4501 E SQLiteDatabase: 	at soy.b(:com.google.android.gms@202414022@20.24.14 (040700-319035315):12)
12-02 23:46:27.250  2584  4501 E SQLiteDatabase: 	at soy.run(:com.google.android.gms@202414022@20.24.14 (040700-319035315):7)
12-02 23:46:27.250  2584  4501 E SQLiteDatabase: 	at java.util.concurrent.ThreadPoolExecutor.runWorker(ThreadPoolExecutor.java:1167)
12-02 23:46:27.250  2584  4501 E SQLiteDatabase: 	at java.util.concurrent.ThreadPoolExecutor$Worker.run(ThreadPoolExecutor.java:641)
12-02 23:46:27.250  2584  4501 E SQLiteDatabase: 	at sux.run(:com.google.android.gms@202414022@20.24.14 (040700-319035315):0)
12-02 23:46:27.250  2584  4501 E SQLiteDatabase: 	at java.lang.Thread.run(Thread.java:919)
12-02 23:46:27.255  4590  4652 D EGL_emulation: eglCreateContext: 0xeec7fd00: maj 2 min 0 rcv 2
12-02 23:46:27.267  4590  4652 D EGL_emulation: eglMakeCurrent: 0xeec7fd00: ver 2 0 (tinfo 0xeecc0020)
12-02 23:46:27.279  1772  1873 D gralloc_ranchu: gralloc_alloc: Creating ashmem region of size 14749696
12-02 23:46:27.285  1648  1648 I hwservicemanager: getTransport: Cannot find entry android.hardware.graphics.mapper@3.0::IMapper/default in either framework or device manifest.
12-02 23:46:27.287  4590  4652 W Gralloc3: mapper 3.x is not supported
12-02 23:46:27.299  4590  4652 D HostConnection: createUnique: call
12-02 23:46:27.299  4590  4652 D HostConnection: HostConnection::get() New Host Connection established 0xd856a420, tid 4652
12-02 23:46:27.300  4590  4652 D HostConnection: HostComposition ext ANDROID_EMU_CHECKSUM_HELPER_v1 ANDROID_EMU_dma_v1 ANDROID_EMU_direct_mem ANDROID_EMU_host_composition_v1 ANDROID_EMU_host_composition_v2 ANDROID_EMU_vulkan ANDROID_EMU_deferred_vulkan_commands ANDROID_EMU_vulkan_null_optional_strings ANDROID_EMU_vulkan_create_resources_with_requirements ANDROID_EMU_YUV_Cache ANDROID_EMU_vulkan_ignored_handles ANDROID_EMU_vulkan_free_memory_sync ANDROID_EMU_vulkan_shader_float16_int8 ANDROID_EMU_vulkan_async_queue_submit ANDROID_EMU_sync_buffer_data GL_OES_vertex_array_object GL_KHR_texture_compression_astc_ldr ANDROID_EMU_host_side_tracing ANDROID_EMU_gles_max_version_2 
12-02 23:46:27.304  4590  4652 D eglCodecCommon: allocate: Ask for block of size 0x1000
12-02 23:46:27.304  4590  4652 D eglCodecCommon: allocate: ioctl allocate returned offset 0x3ffff8000 size 0x2000
12-02 23:46:27.310  1772  1873 D gralloc_ranchu: gralloc_alloc: Creating ashmem region of size 14749696
12-02 23:46:27.313  1772  1873 D gralloc_ranchu: gralloc_alloc: Creating ashmem region of size 14749696
12-02 23:46:27.314  4590  4652 D EGL_emulation: eglMakeCurrent: 0xeec7fd00: ver 2 0 (tinfo 0xeecc0020)
12-02 23:46:27.501  4590  4590 I Choreographer: Skipped 36 frames!  The application may be doing too much work on its main thread.
12-02 23:46:27.537  4590  4636 W FileTestStorage: Test input args is not supported.
12-02 23:46:27.549  4590  4590 W teco.fmhandroi: Accessing hidden method Landroid/os/MessageQueue;->next()Landroid/os/Message; (greylist, reflection, allowed)
12-02 23:46:27.549  4590  4590 W teco.fmhandroi: Accessing hidden field Landroid/os/MessageQueue;->mMessages:Landroid/os/Message; (greylist, reflection, allowed)
12-02 23:46:27.550  4590  4590 W teco.fmhandroi: Accessing hidden method Landroid/os/Message;->recycleUnchecked()V (greylist, reflection, allowed)
12-02 23:46:27.556  4590  4636 W teco.fmhandroi: Accessing hidden method Lsun/misc/Unsafe;->getUnsafe()Lsun/misc/Unsafe; (greylist,core-platform-api, linking, allowed)
12-02 23:46:27.556  4590  4636 W teco.fmhandroi: Accessing hidden method Lsun/misc/Unsafe;->objectFieldOffset(Ljava/lang/reflect/Field;)J (greylist,core-platform-api, linking, allowed)
12-02 23:46:27.557  4590  4636 W teco.fmhandroi: Accessing hidden method Lsun/misc/Unsafe;->putObject(Ljava/lang/Object;JLjava/lang/Object;)V (greylist, linking, allowed)
12-02 23:46:27.563  4590  4636 W teco.fmhandroi: Accessing hidden method Lsun/misc/Unsafe;->compareAndSwapObject(Ljava/lang/Object;JLjava/lang/Object;Ljava/lang/Object;)Z (greylist, linking, allowed)
12-02 23:46:27.563  4590  4636 W teco.fmhandroi: Accessing hidden method Lsun/misc/Unsafe;->getObject(Ljava/lang/Object;J)Ljava/lang/Object; (greylist, linking, allowed)
12-02 23:46:27.572  4590  4590 W teco.fmhandroi: Accessing hidden method Landroid/view/WindowManagerGlobal;->getInstance()Landroid/view/WindowManagerGlobal; (greylist, reflection, allowed)
12-02 23:46:27.573  4590  4590 W teco.fmhandroi: Accessing hidden field Landroid/view/WindowManagerGlobal;->mViews:Ljava/util/ArrayList; (greylist, reflection, allowed)
12-02 23:46:27.575  2169  2501 D EGL_emulation: eglMakeCurrent: 0xdb91a600: ver 2 0 (tinfo 0xdb90f8d0)
12-02 23:46:27.605  4590  4590 W teco.fmhandroi: Accessing hidden field Landroid/view/WindowManagerGlobal;->mParams:Ljava/util/ArrayList; (greylist, reflection, allowed)
12-02 23:46:27.626  4590  4590 I ViewInteraction: Performing 'wait for a specific view with <(an instance of android.widget.TextView and view.getText() with or without transformation to match: is "Authorization" and view.getParent() view.getParent() view.getId() is <2131231186>)> during 10000 millis.' action on view view.getRootView() to equal view
12-02 23:46:27.642  2010  2041 I ActivityTaskManager: Displayed ru.iteco.fmhandroid/.ui.AppActivity: +1s963ms
12-02 23:46:27.787  3139  3096 I PBSessionCacheImpl: Deleted sessionId[429016998636] from persistence.
12-02 23:46:27.906  3139  3568 W SearchServiceCore: Abort, client detached.
12-02 23:46:29.286  1897  1897 E wifi_forwarder: RemoteConnection failed to initialize: RemoteConnection failed to open pipe
12-02 23:46:29.844  4590  4590 W teco.fmhandroi: Accessing hidden field Lsun/misc/Unsafe;->theUnsafe:Lsun/misc/Unsafe; (greylist, reflection, allowed)
12-02 23:46:29.844  4590  4590 W teco.fmhandroi: Accessing hidden method Lsun/misc/Unsafe;->allocateInstance(Ljava/lang/Class;)Ljava/lang/Object; (greylist, reflection, allowed)
12-02 23:46:29.863  4590  4664 I okhttp.OkHttpClient: --> GET http://www.981757-ca08998.tmweb.ru:8080/fmh/authentication/userInfo
12-02 23:46:29.863  4590  4664 I okhttp.OkHttpClient: --> END GET
12-02 23:46:29.909  1743  4665 E ResolverController: No valid NAT64 prefix (128, <unspecified>/0)
12-02 23:46:30.647  4590  4664 I okhttp.OkHttpClient: <-- 200 http://www.981757-ca08998.tmweb.ru:8080/fmh/authentication/userInfo (783ms)
12-02 23:46:30.647  4590  4664 I okhttp.OkHttpClient: Vary: Origin
12-02 23:46:30.647  4590  4664 I okhttp.OkHttpClient: Vary: Access-Control-Request-Method
12-02 23:46:30.647  4590  4664 I okhttp.OkHttpClient: Vary: Access-Control-Request-Headers
12-02 23:46:30.647  4590  4664 I okhttp.OkHttpClient: X-Content-Type-Options: nosniff
12-02 23:46:30.647  4590  4664 I okhttp.OkHttpClient: X-XSS-Protection: 1; mode=block
12-02 23:46:30.647  4590  4664 I okhttp.OkHttpClient: Cache-Control: no-cache, no-store, max-age=0, must-revalidate
12-02 23:46:30.647  4590  4664 I okhttp.OkHttpClient: Pragma: no-cache
12-02 23:46:30.648  4590  4664 I okhttp.OkHttpClient: Expires: 0
12-02 23:46:30.648  4590  4664 I okhttp.OkHttpClient: X-Frame-Options: DENY
12-02 23:46:30.648  4590  4664 I okhttp.OkHttpClient: Content-Type: application/json
12-02 23:46:30.648  4590  4664 I okhttp.OkHttpClient: Transfer-Encoding: chunked
12-02 23:46:30.648  4590  4664 I okhttp.OkHttpClient: Date: Fri, 02 Dec 2022 20:46:31 GMT
12-02 23:46:30.648  4590  4664 I okhttp.OkHttpClient: Keep-Alive: timeout=60
12-02 23:46:30.648  4590  4664 I okhttp.OkHttpClient: Connection: keep-alive
12-02 23:46:30.649  4590  4664 I okhttp.OkHttpClient: {"id":2,"firstName":"Данил","lastName":"И��анов","middleName":"Данилович","admin":true}
12-02 23:46:30.650  4590  4664 I okhttp.OkHttpClient: <-- END HTTP (106-byte body)
12-02 23:46:30.691  4590  4669 I okhttp.OkHttpClient: --> GET http://www.981757-ca08998.tmweb.ru:8080/fmh/claims
12-02 23:46:30.691  4590  4669 I okhttp.OkHttpClient: --> END GET
12-02 23:46:32.686  2010  2041 E memtrack: Couldn't load memtrack module
12-02 23:46:32.687  2010  2041 W android.os.Debug: failed to get memory consumption info: -1
12-02 23:46:33.398  2584  4501 I LogUtils: [Places]: ?: Couldn't find platform key file. [CONTEXT service_id=253 ]
12-02 23:46:33.403  2584  4501 I LogUtils: [Places]: ?: Couldn't find platform key file. [CONTEXT service_id=253 ]
12-02 23:46:33.442  2584  4492 I LogUtils: [Places]: ?: PlacesBleScanner stop() [CONTEXT service_id=253 ]
12-02 23:46:33.454  2584  2584 I BeaconBle: Scan : No clients left, canceling alarm. [CONTEXT service_id=111 ]
12-02 23:46:33.460  2584  4492 I PlacesLogger: [PlaceInferenceEngine]: [anon] Changed inference mode: 0 [CONTEXT service_id=253 ]
12-02 23:46:33.462  2584  2584 I BeaconBle: Scan canceled successfully. [CONTEXT service_id=111 ]
12-02 23:46:33.504  2584  3808 W GCoreFlp: No location to return for getLastLocation()
12-02 23:46:33.537  2584  4347 I LogUtils: [Places]: ?: Couldn't find platform key file. [CONTEXT service_id=253 ]
12-02 23:46:33.541  2584  4498 I LogUtils: [Places]: ?: Couldn't find platform key file. [CONTEXT service_id=253 ]
12-02 23:46:33.715  2584  2584 I GeofencerStateMachine: removeGeofences: removeRequest=RemoveGeofencingRequest[REMOVE_BY_PENDING_INTENT pendingIntent=PendingIntent[creatorPackage=com.google.android.gms], packageName=com.google.android.gms]
12-02 23:46:33.998  4590  4590 I Choreographer: Skipped 199 frames!  The application may be doing too much work on its main thread.
12-02 23:46:34.172  4590  4632 V FA      : Inactivity, disconnecting from the service
12-02 23:46:34.273  2584  2599 I .gms.persisten: Background concurrent copying GC freed 68328(3162KB) AllocSpace objects, 47(4004KB) LOS objects, 39% free, 9257KB/15MB, paused 741us total 654.492ms
12-02 23:46:34.619  4590  4652 I OpenGLRenderer: Davey! duration=3939ms; Flags=1, IntendedVsync=97621678014456, Vsync=97624994680990, OldestInputEvent=9223372036854775807, NewestInputEvent=0, HandleInputStart=97624997536080, AnimationStart=97624998120580, PerformTraversalsStart=97624998365480, DrawStart=97625147792880, SyncQueued=97625152658880, SyncStart=97625154356080, IssueDrawCommandsStart=97625155572880, SwapBuffers=97625605666680, FrameCompleted=97625619095080, DequeueBufferDuration=1062000, QueueBufferDuration=1821000, 
12-02 23:46:34.962  4590  4596 I teco.fmhandroi: JIT allocated 70KB for compiled code of void android.view.View.<init>(android.content.Context, android.util.AttributeSet, int, int)
12-02 23:46:37.154  4590  4669 I okhttp.OkHttpClient: <-- 200 http://www.981757-ca08998.tmweb.ru:8080/fmh/claims (6462ms)
12-02 23:46:37.154  4590  4669 I okhttp.OkHttpClient: Vary: Origin
12-02 23:46:37.154  4590  4669 I okhttp.OkHttpClient: Vary: Access-Control-Request-Method
12-02 23:46:37.154  4590  4669 I okhttp.OkHttpClient: Vary: Access-Control-Request-Headers
12-02 23:46:37.154  4590  4669 I okhttp.OkHttpClient: X-Content-Type-Options: nosniff
12-02 23:46:37.154  4590  4669 I okhttp.OkHttpClient: X-XSS-Protection: 1; mode=block
12-02 23:46:37.154  4590  4669 I okhttp.OkHttpClient: Cache-Control: no-cache, no-store, max-age=0, must-revalidate
12-02 23:46:37.154  4590  4669 I okhttp.OkHttpClient: Pragma: no-cache
12-02 23:46:37.154  4590  4669 I okhttp.OkHttpClient: Expires: 0
12-02 23:46:37.154  4590  4669 I okhttp.OkHttpClient: X-Frame-Options: DENY
12-02 23:46:37.155  4590  4669 I okhttp.OkHttpClient: Content-Type: application/json
12-02 23:46:37.155  4590  4669 I okhttp.OkHttpClient: Transfer-Encoding: chunked
12-02 23:46:37.155  4590  4669 I okhttp.OkHttpClient: Date: Fri, 02 Dec 2022 20:46:38 GMT
12-02 23:46:37.155  4590  4669 I okhttp.OkHttpClient: Keep-Alive: timeout=60
12-02 23:46:37.155  4590  4669 I okhttp.OkHttpClient: Connection: keep-alive
12-02 23:46:37.729  3139  3568 I WorkerManager: dispose()
12-02 23:46:37.730  3139  3568 W ThreadPoolDumper: Queue length for executor EventBus is now 11. Perhaps some tasks are too long, or the pool is too small.
12-02 23:46:37.779  4590  4590 D takeScreenshot: Found 1 global views to redraw
12-02 23:46:37.837  1772  1873 D gralloc_ranchu: gralloc_alloc: Creating ashmem region of size 14749696
12-02 23:46:37.915  1648  1648 I hwservicemanager: getTransport: Cannot find entry android.hardware.graphics.mapper@3.0::IMapper/default in either framework or device manifest.
12-02 23:46:37.916  4575  4589 W Gralloc3: mapper 3.x is not supported
12-02 23:46:38.101  4575  4589 D HostConnection: createUnique: call
12-02 23:46:38.107  4575  4589 D HostConnection: HostConnection::get() New Host Connection established 0xed5564e0, tid 4589
12-02 23:46:38.152  4575  4589 D HostConnection: HostComposition ext ANDROID_EMU_CHECKSUM_HELPER_v1 ANDROID_EMU_dma_v1 ANDROID_EMU_direct_mem ANDROID_EMU_host_composition_v1 ANDROID_EMU_host_composition_v2 ANDROID_EMU_vulkan ANDROID_EMU_deferred_vulkan_commands ANDROID_EMU_vulkan_null_optional_strings ANDROID_EMU_vulkan_create_resources_with_requirements ANDROID_EMU_YUV_Cache ANDROID_EMU_vulkan_ignored_handles ANDROID_EMU_vulkan_free_memory_sync ANDROID_EMU_vulkan_shader_float16_int8 ANDROID_EMU_vulkan_async_queue_submit ANDROID_EMU_sync_buffer_data GL_OES_vertex_array_object GL_KHR_texture_compression_astc_ldr ANDROID_EMU_host_side_tracing ANDROID_EMU_gles_max_version_2 
12-02 23:46:38.154  4575  4589 D eglCodecCommon: allocate: Ask for block of size 0x1000
12-02 23:46:38.155  4575  4589 D eglCodecCommon: allocate: ioctl allocate returned offset 0x3ff1d2000 size 0x2000
12-02 23:46:38.172  1788  1902 E SurfaceFlinger: ro.sf.lcd_density must be defined as a build property
12-02 23:46:38.174  1788  1902 E SurfaceFlinger: ro.sf.lcd_density must be defined as a build property
12-02 23:46:38.180  4575  4679 D libEGL  : Emulator has host GPU support, qemu.gles is set to 1.
12-02 23:46:38.201  4575  4679 W libc    : Unable to set property "qemu.gles" to "1": error code: 0x18
12-02 23:46:38.206  4575  4679 D libEGL  : loaded /vendor/lib/egl/libEGL_emulation.so
12-02 23:46:38.211  4575  4679 D libEGL  : loaded /vendor/lib/egl/libGLESv1_CM_emulation.so
12-02 23:46:38.216  4575  4679 D libEGL  : loaded /vendor/lib/egl/libGLESv2_emulation.so
12-02 23:46:38.228  4575  4679 D HostConnection: HostConnection::get() New Host Connection established 0xed5563f0, tid 4679
12-02 23:46:38.230  4575  4679 D HostConnection: HostComposition ext ANDROID_EMU_CHECKSUM_HELPER_v1 ANDROID_EMU_dma_v1 ANDROID_EMU_direct_mem ANDROID_EMU_host_composition_v1 ANDROID_EMU_host_composition_v2 ANDROID_EMU_vulkan ANDROID_EMU_deferred_vulkan_commands ANDROID_EMU_vulkan_null_optional_strings ANDROID_EMU_vulkan_create_resources_with_requirements ANDROID_EMU_YUV_Cache ANDROID_EMU_vulkan_ignored_handles ANDROID_EMU_vulkan_free_memory_sync ANDROID_EMU_vulkan_shader_float16_int8 ANDROID_EMU_vulkan_async_queue_submit ANDROID_EMU_sync_buffer_data GL_OES_vertex_array_object GL_KHR_texture_compression_astc_ldr ANDROID_EMU_host_side_tracing ANDROID_EMU_gles_max_version_2 
12-02 23:46:38.251  4575  4679 W OpenGLRenderer: Failed to choose config with EGL_SWAP_BEHAVIOR_PRESERVED, retrying without...
12-02 23:46:38.359  4575  4679 D EGL_emulation: eglCreateContext: 0xed57f1c0: maj 2 min 0 rcv 2
12-02 23:46:38.367  4575  4679 D EGL_emulation: eglMakeCurrent: 0xed57f1c0: ver 2 0 (tinfo 0xed592df0)
12-02 23:46:38.493  2584  2584 I BeaconBle: Scan : No clients left, canceling alarm. [CONTEXT service_id=111 ]
12-02 23:46:38.499  4590  4636 W DefaultFailureHandler: Failed to take screenshot
12-02 23:46:38.499  4590  4636 W DefaultFailureHandler: java.io.FileNotFoundException: view-op-error-1.png: open failed: EROFS (Read-only file system)
12-02 23:46:38.499  4590  4636 W DefaultFailureHandler: 	at libcore.io.IoBridge.open(IoBridge.java:496)
12-02 23:46:38.499  4590  4636 W DefaultFailureHandler: 	at java.io.FileOutputStream.<init>(FileOutputStream.java:235)
12-02 23:46:38.499  4590  4636 W DefaultFailureHandler: 	at java.io.FileOutputStream.<init>(FileOutputStream.java:125)
12-02 23:46:38.499  4590  4636 W DefaultFailureHandler: 	at androidx.test.platform.io.FileTestStorage.openOutputFile(FileTestStorage.java:60)
12-02 23:46:38.499  4590  4636 W DefaultFailureHandler: 	at androidx.test.core.graphics.BitmapStorage.writeToTestStorage(BitmapStorageExt.kt:49)
12-02 23:46:38.499  4590  4636 W DefaultFailureHandler: 	at androidx.test.espresso.base.DefaultFailureHandler.takeScreenshot(DefaultFailureHandler.java:4)
12-02 23:46:38.499  4590  4636 W DefaultFailureHandler: 	at androidx.test.espresso.base.DefaultFailureHandler.handle(DefaultFailureHandler.java:3)
12-02 23:46:38.499  4590  4636 W DefaultFailureHandler: 	at androidx.test.espresso.ViewInteraction.waitForAndHandleInteractionResults(ViewInteraction.java:8)
12-02 23:46:38.499  4590  4636 W DefaultFailureHandler: 	at androidx.test.espresso.ViewInteraction.desugaredPerform(ViewInteraction.java:11)
12-02 23:46:38.499  4590  4636 W DefaultFailureHandler: 	at androidx.test.espresso.ViewInteraction.perform(ViewInteraction.java:8)
12-02 23:46:38.499  4590  4636 W DefaultFailureHandler: 	at ru.iteco.fmhandroid.ui.data.TestUtils.waitView(TestUtils.java:61)
12-02 23:46:38.499  4590  4636 W DefaultFailureHandler: 	at ru.iteco.fmhandroid.ui.steps.AuthSteps.isAuthScreen(AuthSteps.java:56)
12-02 23:46:38.499  4590  4636 W DefaultFailureHandler: 	at ru.iteco.fmhandroid.ui.ControlPanelTest.logoutCheckAndOpenControlPanelPage(ControlPanelTest.java:57)
12-02 23:46:38.499  4590  4636 W DefaultFailureHandler: 	at java.lang.reflect.Method.invoke(Native Method)
12-02 23:46:38.499  4590  4636 W DefaultFailureHandler: 	at org.junit.runners.model.FrameworkMethod$1.runReflectiveCall(FrameworkMethod.java:59)
12-02 23:46:38.499  4590  4636 W DefaultFailureHandler: 	at org.junit.internal.runners.model.ReflectiveCallable.run(ReflectiveCallable.java:12)
12-02 23:46:38.499  4590  4636 W DefaultFailureHandler: 	at org.junit.runners.model.FrameworkMethod.invokeExplosively(FrameworkMethod.java:56)
12-02 23:46:38.499  4590  4636 W DefaultFailureHandler: 	at androidx.test.internal.runner.junit4.statement.RunBefores.evaluate(RunBefores.java:76)
12-02 23:46:38.499  4590  4636 W DefaultFailureHandler: 	at androidx.test.internal.runner.junit4.statement.RunAfters.evaluate(RunAfters.java:61)
12-02 23:46:38.499  4590  4636 W DefaultFailureHandler: 	at androidx.test.rule.ActivityTestRule$ActivityStatement.evaluate(ActivityTestRule.java:543)
12-02 23:46:38.499  4590  4636 W DefaultFailureHandler: 	at io.qameta.allure.android.rules.LogcatRule$apply$1.evaluate(LogcatRule.kt:23)
12-02 23:46:38.499  4590  4636 W DefaultFailureHandler: 	at io.qameta.allure.android.rules.ScreenshotRule$apply$1.evaluate(ScreenshotRule.kt:22)
12-02 23:46:38.499  4590  4636 W DefaultFailureHandler: 	at io.qameta.allure.android.rules.ScreenshotRule$apply$1.evaluate(ScreenshotRule.kt:22)
12-02 23:46:38.499  4590  4636 W DefaultFailureHandler: 	at org.junit.rules.RunRules.evaluate(RunRules.java:20)
12-02 23:46:38.499  4590  4636 W DefaultFailureHandler: 	at org.junit.runners.ParentRunner$3.evaluate(ParentRunner.java:306)
12-02 23:46:38.499  4590  4636 W DefaultFailureHandler: 	at org.junit.runners.BlockJUnit4ClassRunner$1.evaluate(BlockJUnit4ClassRunner.java:100)
12-02 23:46:38.499  4590  4636 W DefaultFailureHandler: 	at org.junit.runners.ParentRunner.runLeaf(ParentRunner.java:366)
12-02 23:46:38.499  4590  4636 W DefaultFailureHandler: 	at org.junit.runners.BlockJUnit4ClassRunner.runChild(BlockJUnit4ClassRunner.java:103)
12-02 23:46:38.499  4590  4636 W DefaultFailureHandler: 	at org.junit.runners.BlockJUnit4ClassRunner.runChild(BlockJUnit4ClassRunner.java:63)
12-02 23:46:38.499  4590  4636 W DefaultFailureHandler: 	at org.junit.runners.ParentRunner$4.run(ParentRunner.java:331)
12-02 23:46:38.499  4590  4636 W DefaultFailureHandler: 	at org.junit.runners.ParentRunner$1.schedule(ParentRunner.java:79)
12-02 23:46:38.499  4590  4636 W DefaultFailureHandler: 	at org.junit.runners.ParentRunner.runChildren(ParentRunner.java:329)
12-02 23:46:38.499  4590  4636 W DefaultFailureHandler: 	at org.junit.runners.ParentRunner.access$100(ParentRunner.java:66)
12-02 23:46:38.499  4590  4636 W DefaultFailureHandler: 	at org.junit.runners.ParentRunner$2.evaluate(ParentRunner.java:293)
12-02 23:46:38.499  4590  4636 W DefaultFailureHandler: 	at org.junit.runners.ParentRunner$3.evaluate(ParentRunner.java:306)
12-02 23:46:38.499  4590  4636 W DefaultFailureHandler: 	at org.junit.runners.ParentRunner.run(ParentRunner.java:413)
12-02 23:46:38.499  4590  4636 W DefaultFailureHandler: 	at androidx.test.ext.junit.runners.AndroidJUnit4.run(AndroidJUnit4.java:162)
12-02 23:46:38.499  4590  4636 W DefaultFailureHandler: 	at io.qameta.allure.android.runners.AllureAndroidJUnit4.run(AllureAndroidJUnitRunners.kt:29)
12-02 23:46:38.499  4590  4636 W DefaultFailureHandler: 	at org.junit.runners.Suite.runChild(Suite.java:128)
12-02 23:46:38.499  4590  4636 W DefaultFailureHandler: 	at org.junit.runners.Suite.runChild(Suite.java:27)
12-02 23:46:38.499  4590  4636 W DefaultFailureHandler: 	at org.junit.runners.ParentRunner$4.run(ParentRunner.java:331)
12-02 23:46:38.499  4590  4636 W DefaultFailureHandler: 	at org.junit.runners.ParentRunner$1.schedule(ParentRunner.java:79)
12-02 23:46:38.499  4590  4636 W DefaultFailureHandler: 	at org.junit.runners.ParentRunner.runChildren(ParentRunner.java:329)
12-02 23:46:38.499  4590  4636 W DefaultFailureHandler: 	at org.junit.runners.ParentRunner.access$100(ParentRunner.java:66)
12-02 23:46:38.499  4590  4636 W DefaultFailureHandler: 	at org.junit.runners.ParentRunner$2.evaluate(ParentRunner.java:293)
12-02 23:46:38.499  4590  4636 W DefaultFailureHandler: 	at org.junit.runners.ParentRunner$3.evaluate(ParentRunner.java:306)
12-02 23:46:38.499  4590  4636 W DefaultFailureHandler: 	at org.junit.runners.ParentRunner.run(ParentRunner.java:413)
12-02 23:46:38.499  4590  4636 W DefaultFailureHandler: 	at org.junit.runner.JUnitCore.run(JUnitCore.java:137)
12-02 23:46:38.499  4590  4636 W DefaultFailureHandler: 	at org.junit.runner.JUnitCore.run(JUnitCore.java:115)
12-02 23:46:38.499  4590  4636 W DefaultFailureHandler: 	at androidx.test.internal.runner.TestExecutor.execute(TestExecutor.java:67)
12-02 23:46:38.499  4590  4636 W DefaultFailureHandler: 	at androidx.test.internal.runner.TestExecutor.execute(TestExecutor.java:58)
12-02 23:46:38.502  4590  4636 W DefaultFailureHandler: 	at androidx.test.runner.AndroidJUnitRunner.onStart(AndroidJUnitRunner.java:438)
12-02 23:46:38.502  4590  4636 W DefaultFailureHandler: 	at android.app.Instrumentation$InstrumentationThread.run(Instrumentation.java:2189)
12-02 23:46:38.502  4590  4636 W DefaultFailureHandler: Caused by: android.system.ErrnoException: open failed: EROFS (Read-only file system)
12-02 23:46:38.502  4590  4636 W DefaultFailureHandler: 	at libcore.io.Linux.open(Native Method)
12-02 23:46:38.502  4590  4636 W DefaultFailureHandler: 	at libcore.io.ForwardingOs.open(ForwardingOs.java:167)
12-02 23:46:38.502  4590  4636 W DefaultFailureHandler: 	at libcore.io.BlockGuardOs.open(BlockGuardOs.java:252)
12-02 23:46:38.502  4590  4636 W DefaultFailureHandler: 	at libcore.io.ForwardingOs.open(ForwardingOs.java:167)
12-02 23:46:38.502  4590  4636 W DefaultFailureHandler: 	at android.app.ActivityThread$AndroidOs.open(ActivityThread.java:7255)
12-02 23:46:38.502  4590  4636 W DefaultFailureHandler: 	at libcore.io.IoBridge.open(IoBridge.java:482)
12-02 23:46:38.502  4590  4636 W DefaultFailureHandler: 	... 52 more
12-02 23:46:38.512  4590  4636 W teco.fmhandroi: Accessing hidden method Lsun/misc/Unsafe;->compareAndSwapObject(Ljava/lang/Object;JLjava/lang/Object;Ljava/lang/Object;)Z (greylist, linking, allowed)
12-02 23:46:38.514  4590  4590 I ViewInteraction: Performing 'wait for a specific view with <view.getId() is <2131230870>> during 10000 millis.' action on view view.getRootView() to equal view
12-02 23:46:38.524  4590  4590 I ViewInteraction: Checking 'MatchesViewAssertion{viewMatcher=(view has effective visibility <VISIBLE> and view.getGlobalVisibleRect() to return non-empty rectangle)}' assertion on view view.getId() is <2131230870/ru.iteco.fmhandroid:id/authorization_image_button>
12-02 23:46:38.530  4590  4636 W teco.fmhandroi: Accessing hidden method Landroid/view/ViewConfiguration;->getDoubleTapMinTime()I (greylist, reflection, allowed)
12-02 23:46:38.541  4590  4590 I ViewInteraction: Performing 'single click' action on view view.getId() is <2131230870/ru.iteco.fmhandroid:id/authorization_image_button>
12-02 23:46:38.736  1772  1873 D gralloc_ranchu: gralloc_alloc: Creating ashmem region of size 1429504
12-02 23:46:38.736  1750  3111 W audio_hw_generic: Not supplying enough data to HAL, expected position 463216386 , only wrote 463216241
12-02 23:46:38.743  1772  1873 D gralloc_ranchu: gralloc_alloc: Creating ashmem region of size 1429504
12-02 23:46:38.747  1772  1873 D gralloc_ranchu: gralloc_alloc: Creating ashmem region of size 1429504
12-02 23:46:38.770  4590  4652 D EGL_emulation: eglMakeCurrent: 0xeec7fd00: ver 2 0 (tinfo 0xeecc0020)
12-02 23:46:38.836  4590  4652 I chatty  : uid=10159(ru.iteco.fmhandroid) RenderThread identical 3 lines
12-02 23:46:38.850  4590  4652 D EGL_emulation: eglMakeCurrent: 0xeec7fd00: ver 2 0 (tinfo 0xeecc0020)
12-02 23:46:39.037  4590  4590 I ViewInteraction: Performing 'wait for a specific view with <an instance of android.widget.TextView and view.getText() with or without transformation to match: is "Log out"> during 10000 millis.' action on view view.getRootView() to equal view
12-02 23:46:39.042  4590  4590 I ViewInteraction: Checking 'MatchesViewAssertion{viewMatcher=(view has effective visibility <VISIBLE> and view.getGlobalVisibleRect() to return non-empty rectangle)}' assertion on view an instance of android.widget.TextView and view.getText() with or without transformation to match: is "Log out"
12-02 23:46:39.046  4590  4590 I ViewInteraction: Performing 'single click' action on view an instance of android.widget.TextView and view.getText() with or without transformation to match: is "Log out"
12-02 23:46:39.222  2010  2041 E memtrack: Couldn't load memtrack module
12-02 23:46:39.222  2010  2041 W android.os.Debug: failed to get memory consumption info: -1
12-02 23:46:39.350  2010  2041 E memtrack: Couldn't load memtrack module
12-02 23:46:39.350  2010  2041 W android.os.Debug: failed to get memory consumption info: -1
12-02 23:46:39.382  4590  4652 D EGL_emulation: eglMakeCurrent: 0xeec7fd00: ver 2 0 (tinfo 0xeecc0020)
12-02 23:46:39.390  2010  2041 E memtrack: Couldn't load memtrack module
12-02 23:46:39.390  2010  2041 W android.os.Debug: failed to get memory consumption info: -1
12-02 23:46:39.457  4590  4652 D EGL_emulation: eglMakeCurrent: 0xeec7fd00: ver 2 0 (tinfo 0xeecc0020)
12-02 23:46:39.479  2010  2041 E memtrack: Couldn't load memtrack module
12-02 23:46:39.479  2010  2041 W android.os.Debug: failed to get memory consumption info: -1
12-02 23:46:39.513  2010  2041 E memtrack: Couldn't load memtrack module
12-02 23:46:39.513  2010  2041 W android.os.Debug: failed to get memory consumption info: -1
12-02 23:46:39.554  4590  4590 I ViewInteraction: Performing 'wait for a specific view with <(an instance of android.widget.TextView and view.getText() with or without transformation to match: is "Authorization" and view.getParent() view.getParent() view.getId() is <2131231186>)> during 10000 millis.' action on view view.getRootView() to equal view
12-02 23:46:39.558  4590  4590 I ViewInteraction: Checking 'MatchesViewAssertion{viewMatcher=(view has effective visibility <VISIBLE> and view.getGlobalVisibleRect() to return non-empty rectangle)}' assertion on view (an instance of android.widget.TextView and view.getText() with or without transformation to match: is "Authorization" and view.getParent() view.getParent() view.getId() is <2131231186/ru.iteco.fmhandroid:id/nav_host_fragment>)
12-02 23:46:39.561  4590  4590 I ViewInteraction: Performing 'wait for a specific view with <(an instance of android.widget.TextView and view.getHint() matching: is "Login" and view.getParent() view.getParent() view.getId() is <2131231121>)> during 10000 millis.' action on view view.getRootView() to equal view
12-02 23:46:39.567  4590  4590 I ViewInteraction: Checking 'MatchesViewAssertion{viewMatcher=(view has effective visibility <VISIBLE> and view.getGlobalVisibleRect() to return non-empty rectangle)}' assertion on view (an instance of android.widget.TextView and view.getHint() matching: is "Login" and view.getParent() view.getParent() view.getId() is <2131231121/ru.iteco.fmhandroid:id/login_text_input_layout>)
12-02 23:46:39.568  2010  2041 E memtrack: Couldn't load memtrack module
12-02 23:46:39.568  2010  2041 W android.os.Debug: failed to get memory consumption info: -1
12-02 23:46:39.570  4590  4590 I ViewInteraction: Performing 'wait for a specific view with <(an instance of android.widget.TextView and view.getHint() matching: is "Password" and view.getParent() view.getParent() view.getId() is <2131231264>)> during 10000 millis.' action on view view.getRootView() to equal view
12-02 23:46:39.576  4590  4590 I ViewInteraction: Checking 'MatchesViewAssertion{viewMatcher=(view has effective visibility <VISIBLE> and view.getGlobalVisibleRect() to return non-empty rectangle)}' assertion on view (an instance of android.widget.TextView and view.getHint() matching: is "Password" and view.getParent() view.getParent() view.getId() is <2131231264/ru.iteco.fmhandroid:id/password_text_input_layout>)
12-02 23:46:39.580  4590  4590 I ViewInteraction: Performing 'wait for a specific view with <(view.getId() is <2131231039> and an instance of android.widget.TextView and view.getText() with or without transformation to match: is "SIGN IN" and view.getContentDescription() is "Save" and view.getParent() view.getParent() an instance of android.widget.RelativeLayout)> during 10000 millis.' action on view view.getRootView() to equal view
12-02 23:46:39.585  4590  4590 I ViewInteraction: Checking 'MatchesViewAssertion{viewMatcher=(view has effective visibility <VISIBLE> and view.getGlobalVisibleRect() to return non-empty rectangle)}' assertion on view (view.getId() is <2131231039/ru.iteco.fmhandroid:id/enter_button> and an instance of android.widget.TextView and view.getText() with or without transformation to match: is "SIGN IN" and view.getContentDescription() is "Save" and view.getParent() view.getParent() an instance of android.widget.RelativeLayout)
12-02 23:46:39.590  4590  4590 I ViewInteraction: Performing 'wait for a specific view with <(an instance of android.widget.TextView and view.getText() with or without transformation to match: is "Authorization" and view.getParent() view.getParent() view.getId() is <2131231186>)> during 10000 millis.' action on view view.getRootView() to equal view
12-02 23:46:39.596  4590  4590 I ViewInteraction: Checking 'MatchesViewAssertion{viewMatcher=(view has effective visibility <VISIBLE> and view.getGlobalVisibleRect() to return non-empty rectangle)}' assertion on view (an instance of android.widget.TextView and view.getText() with or without transformation to match: is "Authorization" and view.getParent() view.getParent() view.getId() is <2131231186/ru.iteco.fmhandroid:id/nav_host_fragment>)
12-02 23:46:39.600  4590  4590 I ViewInteraction: Performing 'wait for a specific view with <(an instance of android.widget.TextView and view.getHint() matching: is "Login" and view.getParent() view.getParent() view.getId() is <2131231121/ru.iteco.fmhandroid:id/login_text_input_layout>)> during 10000 millis.' action on view view.getRootView() to equal view
12-02 23:46:39.607  4590  4590 I ViewInteraction: Checking 'MatchesViewAssertion{viewMatcher=(view has effective visibility <VISIBLE> and view.getGlobalVisibleRect() to return non-empty rectangle)}' assertion on view (an instance of android.widget.TextView and view.getHint() matching: is "Login" and view.getParent() view.getParent() view.getId() is <2131231121/ru.iteco.fmhandroid:id/login_text_input_layout>)
12-02 23:46:39.612  4590  4590 I ViewInteraction: Performing 'wait for a specific view with <(an instance of android.widget.TextView and view.getHint() matching: is "Password" and view.getParent() view.getParent() view.getId() is <2131231264/ru.iteco.fmhandroid:id/password_text_input_layout>)> during 10000 millis.' action on view view.getRootView() to equal view
12-02 23:46:39.618  4590  4590 I ViewInteraction: Checking 'MatchesViewAssertion{viewMatcher=(view has effective visibility <VISIBLE> and view.getGlobalVisibleRect() to return non-empty rectangle)}' assertion on view (an instance of android.widget.TextView and view.getHint() matching: is "Password" and view.getParent() view.getParent() view.getId() is <2131231264/ru.iteco.fmhandroid:id/password_text_input_layout>)
12-02 23:46:39.623  4590  4590 I ViewInteraction: Performing 'wait for a specific view with <(view.getId() is <2131231039/ru.iteco.fmhandroid:id/enter_button> and an instance of android.widget.TextView and view.getText() with or without transformation to match: is "SIGN IN" and view.getContentDescription() is "Save" and view.getParent() view.getParent() an instance of android.widget.RelativeLayout)> during 10000 millis.' action on view view.getRootView() to equal view
12-02 23:46:39.630  4590  4590 I ViewInteraction: Checking 'MatchesViewAssertion{viewMatcher=(view has effective visibility <VISIBLE> and view.getGlobalVisibleRect() to return non-empty rectangle)}' assertion on view (view.getId() is <2131231039/ru.iteco.fmhandroid:id/enter_button> and an instance of android.widget.TextView and view.getText() with or without transformation to match: is "SIGN IN" and view.getContentDescription() is "Save" and view.getParent() view.getParent() an instance of android.widget.RelativeLayout)
12-02 23:46:39.637  4590  4590 I ViewInteraction: Performing 'wait for a specific view with <(an instance of android.widget.TextView and view.getHint() matching: is "Login" and view.getParent() view.getParent() view.getId() is <2131231121/ru.iteco.fmhandroid:id/login_text_input_layout>)> during 10000 millis.' action on view view.getRootView() to equal view
12-02 23:46:39.642  4590  4590 I ViewInteraction: Performing 'replace text(login2)' action on view (an instance of android.widget.TextView and view.getHint() matching: is "Login" and view.getParent() view.getParent() view.getId() is <2131231121/ru.iteco.fmhandroid:id/login_text_input_layout>)
12-02 23:46:39.668  2010  2041 E memtrack: Couldn't load memtrack module
12-02 23:46:39.668  2010  2041 W android.os.Debug: failed to get memory consumption info: -1
