12-08 10:15:43.302  9674  9718 E TestRunner: 	at androidx.test.espresso.ViewInteraction.perform(ViewInteraction.java:8)
12-08 10:15:43.302  9674  9718 E TestRunner: 	at ru.iteco.fmhandroid.ui.steps.ClaimsPageSteps.scrollToElementInRecyclerList(ClaimsPageSteps.java:127)
12-08 10:15:43.302  9674  9718 E TestRunner: 	at ru.iteco.fmhandroid.ui.steps.ClaimsPageSteps.openClaimCard(ClaimsPageSteps.java:150)
12-08 10:15:43.302  9674  9718 E TestRunner: 	at ru.iteco.fmhandroid.ui.steps.CreatingClaimsSteps.createClaim(CreatingClaimsSteps.java:109)
12-08 10:15:43.302  9674  9718 E TestRunner: 	at ru.iteco.fmhandroid.ui.steps.CreatingClaimsSteps.createClaims(CreatingClaimsSteps.java:131)
12-08 10:15:43.302  9674  9718 E TestRunner: 	at ru.iteco.fmhandroid.ui.FilterClaimsPageTest.shouldFilterClaimsWithStatusExecuted(FilterClaimsPageTest.java:140)
12-08 10:15:43.302  9674  9718 E TestRunner: 	at java.lang.reflect.Method.invoke(Native Method)
12-08 10:15:43.302  9674  9718 E TestRunner: 	at org.junit.runners.model.FrameworkMethod$1.runReflectiveCall(FrameworkMethod.java:59)
12-08 10:15:43.302  9674  9718 E TestRunner: 	at org.junit.internal.runners.model.ReflectiveCallable.run(ReflectiveCallable.java:12)
12-08 10:15:43.302  9674  9718 E TestRunner: 	at org.junit.runners.model.FrameworkMethod.invokeExplosively(FrameworkMethod.java:56)
12-08 10:15:43.302  9674  9718 E TestRunner: 	at org.junit.internal.runners.statements.InvokeMethod.evaluate(InvokeMethod.java:17)
12-08 10:15:43.302  9674  9718 E TestRunner: 	at androidx.test.internal.runner.junit4.statement.RunBefores.evaluate(RunBefores.java:80)
12-08 10:15:43.302  9674  9718 E TestRunner: 	at io.qameta.allure.android.rules.ScreenshotRule$apply$1.evaluate(ScreenshotRule.kt:22)
12-08 10:15:43.302  9674  9718 E TestRunner: 	at org.junit.rules.ExternalResource$1.evaluate(ExternalResource.java:54)
12-08 10:15:43.302  9674  9718 E TestRunner: 	at io.qameta.allure.android.rules.LogcatRule$apply$1.evaluate(LogcatRule.kt:23)
12-08 10:15:43.302  9674  9718 E TestRunner: 	at org.junit.rules.RunRules.evaluate(RunRules.java:20)
12-08 10:15:43.302  9674  9718 E TestRunner: 	at org.junit.runners.ParentRunner$3.evaluate(ParentRunner.java:306)
12-08 10:15:43.302  9674  9718 E TestRunner: 	at org.junit.runners.BlockJUnit4ClassRunner$1.evaluate(BlockJUnit4ClassRunner.java:100)
12-08 10:15:43.302  9674  9718 E TestRunner: 	at org.junit.runners.ParentRunner.runLeaf(ParentRunner.java:366)
12-08 10:15:43.302  9674  9718 E TestRunner: 	at org.junit.runners.BlockJUnit4ClassRunner.runChild(BlockJUnit4ClassRunner.java:103)
12-08 10:15:43.302  9674  9718 E TestRunner: 	at org.junit.runners.BlockJUnit4ClassRunner.runChild(BlockJUnit4ClassRunner.java:63)
12-08 10:15:43.302  9674  9718 E TestRunner: 	at org.junit.runners.ParentRunner$4.run(ParentRunner.java:331)
12-08 10:15:43.302  9674  9718 E TestRunner: 	at org.junit.runners.ParentRunner$1.schedule(ParentRunner.java:79)
12-08 10:15:43.302  9674  9718 E TestRunner: 	at org.junit.runners.ParentRunner.runChildren(ParentRunner.java:329)
12-08 10:15:43.302  9674  9718 E TestRunner: 	at org.junit.runners.ParentRunner.access$100(ParentRunner.java:66)
12-08 10:15:43.302  9674  9718 E TestRunner: 	at org.junit.runners.ParentRunner$2.evaluate(ParentRunner.java:293)
12-08 10:15:43.302  9674  9718 E TestRunner: 	at org.junit.runners.ParentRunner$3.evaluate(ParentRunner.java:306)
12-08 10:15:43.302  9674  9718 E TestRunner: 	at org.junit.runners.ParentRunner.run(ParentRunner.java:413)
12-08 10:15:43.302  9674  9718 E TestRunner: 	at androidx.test.ext.junit.runners.AndroidJUnit4.run(AndroidJUnit4.java:162)
12-08 10:15:43.302  9674  9718 E TestRunner: 	at io.qameta.allure.android.runners.AllureAndroidJUnit4.run(AllureAndroidJUnitRunners.kt:29)
12-08 10:15:43.302  9674  9718 E TestRunner: 	at org.junit.runners.Suite.runChild(Suite.java:128)
12-08 10:15:43.302  9674  9718 E TestRunner: 	at org.junit.runners.Suite.runChild(Suite.java:27)
12-08 10:15:43.302  9674  9718 E TestRunner: 	at org.junit.runners.ParentRunner$4.run(ParentRunner.java:331)
12-08 10:15:43.302  9674  9718 E TestRunner: 	at org.junit.runners.ParentRunner$1.schedule(ParentRunner.java:79)
12-08 10:15:43.302  9674  9718 E TestRunner: 	at org.junit.runners.ParentRunner.runChildren(ParentRunner.java:329)
12-08 10:15:43.302  9674  9718 E TestRunner: 	at org.junit.runners.ParentRunner.access$100(ParentRunner.java:66)
12-08 10:15:43.302  9674  9718 E TestRunner: 	at org.junit.runners.ParentRunner$2.evaluate(ParentRunner.java:293)
12-08 10:15:43.302  9674  9718 E TestRunner: 	at org.junit.runners.ParentRunner$3.evaluate(ParentRunner.java:306)
12-08 10:15:43.302  9674  9718 E TestRunner: 	at org.junit.runners.ParentRunner.
12-08 10:15:43.303  9674  9718 E TestRunner: ----- end exception -----
12-08 10:15:43.307  9674  9718 I TestRunner: finished: shouldFilterClaimsWithStatusExecuted(ru.iteco.fmhandroid.ui.FilterClaimsPageTest)
12-08 10:15:43.317  8437  8470 D EGL_emulation: eglMakeCurrent: 0xf0c7fe20: ver 2 0 (tinfo 0xf0cc0670)
12-08 10:15:43.393  1776  1927 D gralloc_ranchu: gralloc_alloc: Creating ashmem region of size 9256960
12-08 10:15:43.405  2018  2054 W InputReader: Device has associated, but no associated display id.
12-08 10:15:43.406  2018  2054 I chatty  : uid=1000(system) android.anim identical 18 lines
12-08 10:15:43.406  2018  2054 W InputReader: Device has associated, but no associated display id.
12-08 10:15:43.407  8437  8470 D EGL_emulation: eglMakeCurrent: 0xe59eb0c0: ver 2 0 (tinfo 0xf0cc0670)
12-08 10:15:43.408  1776  1927 D gralloc_ranchu: gralloc_alloc: Creating ashmem region of size 6471680
12-08 10:15:43.418  8437  8470 D EGL_emulation: eglMakeCurrent: 0xf0c7fe20: ver 2 0 (tinfo 0xf0cc0670)
12-08 10:15:43.433  9730  9767 D EGL_emulation: eglMakeCurrent: 0xdd81a2a0: ver 2 0 (tinfo 0xdd80f0b0)
12-08 10:15:43.434  8437  8470 D EGL_emulation: eglMakeCurrent: 0xe59eb0c0: ver 2 0 (tinfo 0xf0cc0670)
12-08 10:15:43.440  2170  2566 D EGL_emulation: eglMakeCurrent: 0xe594e040: ver 2 0 (tinfo 0xc52450c0)
12-08 10:15:43.444  1893  1893 E netmgr  : Failed to open QEMU pipe 'qemud:network': Invalid argument
12-08 10:15:43.460  2018  7392 D HostConnection: HostConnection::get() New Host Connection established 0xb22b1870, tid 7392
12-08 10:15:43.469  2018  7392 D HostConnection: HostComposition ext ANDROID_EMU_CHECKSUM_HELPER_v1 ANDROID_EMU_dma_v1 ANDROID_EMU_direct_mem ANDROID_EMU_host_composition_v1 ANDROID_EMU_host_composition_v2 ANDROID_EMU_vulkan ANDROID_EMU_deferred_vulkan_commands ANDROID_EMU_vulkan_null_optional_strings ANDROID_EMU_vulkan_create_resources_with_requirements ANDROID_EMU_YUV_Cache ANDROID_EMU_vulkan_ignored_handles ANDROID_EMU_vulkan_free_memory_sync ANDROID_EMU_vulkan_shader_float16_int8 ANDROID_EMU_vulkan_async_queue_submit ANDROID_EMU_sync_buffer_data GL_OES_vertex_array_object GL_KHR_texture_compression_astc_ldr ANDROID_EMU_host_side_tracing ANDROID_EMU_gles_max_version_2 
12-08 10:15:43.471  2018  7392 W OpenGLRenderer: Failed to choose config with EGL_SWAP_BEHAVIOR_PRESERVED, retrying without...
12-08 10:15:43.521  2018  7392 D EGL_emulation: eglCreateContext: 0xb2357760: maj 2 min 0 rcv 2
12-08 10:15:43.532  2170  2566 D EGL_emulation: eglMakeCurrent: 0xe594e040: ver 2 0 (tinfo 0xc52450c0)
12-08 10:15:43.538  2018  7392 D EGL_emulation: eglMakeCurrent: 0xb2357760: ver 2 0 (tinfo 0xc0d1c860)
12-08 10:15:43.544  9674  9718 I TestRunner: started: shouldFilterClaimsWithStatusInProgress(ru.iteco.fmhandroid.ui.FilterClaimsPageTest)
12-08 10:15:43.590  8437  8470 D EGL_emulation: eglMakeCurrent: 0xf0c7fe20: ver 2 0 (tinfo 0xf0cc0670)
12-08 10:15:43.592  9674  9718 W Settings: Setting always_finish_activities has moved from android.provider.Settings.System to android.provider.Settings.Global, returning read-only value.
12-08 10:15:43.604  2018  2693 I ActivityTaskManager: START u0 {act=android.intent.action.MAIN cat=[android.intent.category.LAUNCHER] flg=0x10008000 cmp=ru.iteco.fmhandroid.test/androidx.test.core.app.InstrumentationActivityInvoker$BootstrapActivity (has extras)} from uid 10146
12-08 10:15:43.621  1776  1927 D gralloc_ranchu: gralloc_alloc: Creating ashmem region of size 9256960
12-08 10:15:43.645  2018  2139 D ConnectivityService: releasing NetworkRequest [ TRACK_DEFAULT id=88, [ Capabilities: INTERNET&NOT_RESTRICTED&TRUSTED Uid: 10129] ] (release request)
12-08 10:15:43.652  2018  2693 W InputReader: Device has associated, but no associated display id.
12-08 10:15:43.657  2018  2693 I chatty  : uid=1000(system) Binder:2018_9 identical 38 lines
12-08 10:15:43.657  2018  2693 W InputReader: Device has associated, but no associated display id.
12-08 10:15:43.658  9730  9730 W ActivityThread: handleWindowVisibility: no activity for token android.os.BinderProxy@524ca1
12-08 10:15:43.665  2018  2693 W InputReader: Device has associated, but no associated display id.
12-08 10:15:43.666  2018  2693 I chatty  : uid=1000(system) Binder:2018_9 identical 8 lines
12-08 10:15:43.666  2018  2693 W InputReader: Device has associated, but no associated display id.
12-08 10:15:43.690  1776  1927 D gralloc_ranchu: gralloc_alloc: Creating ashmem region of size 10108928
12-08 10:15:43.717  2018  2037 I ActivityTaskManager: START u0 {act=android.intent.action.MAIN cat=[android.intent.category.LAUNCHER] cmp=ru.iteco.fmhandroid/.ui.AppActivity} from uid 10146
12-08 10:15:43.732  1764  1764 W audio_hw_generic: Not supplying enough data to HAL, expected position 147290305 , only wrote 146433974
12-08 10:15:43.736  2018  2037 W InputReader: Device has associated, but no associated display id.
12-08 10:15:43.739  2018  2037 I chatty  : uid=1000(system) Binder:2018_2 identical 38 lines
12-08 10:15:43.739  2018  2037 W InputReader: Device has associated, but no associated display id.
12-08 10:15:43.739  9674  9674 W ActivityThread: handleWindowVisibility: no activity for token android.os.BinderProxy@a818079
12-08 10:15:43.741  2018  2037 W InputReader: Device has associated, but no associated display id.
12-08 10:15:43.741  2018  2037 I chatty  : uid=1000(system) Binder:2018_2 identical 8 lines
12-08 10:15:43.742  2018  2037 W InputReader: Device has associated, but no associated display id.
12-08 10:15:43.760  2018  2054 W InputReader: Device has associated, but no associated display id.
12-08 10:15:43.762  2018  2054 I chatty  : uid=1000(system) android.anim identical 18 lines
12-08 10:15:43.762  2018  2054 W InputReader: Device has associated, but no associated display id.
12-08 10:15:43.768  1776  1927 D gralloc_ranchu: gralloc_alloc: Creating ashmem region of size 6471680
12-08 10:15:43.784  9674  9674 D LifecycleMonitor: Lifecycle status change: ru.iteco.fmhandroid.ui.AppActivity@890ab35 in: PRE_ON_CREATE
12-08 10:15:43.784  9674  9674 V ActivityScenario: Activity lifecycle changed event received but ignored because the reported transition was not ON_CREATE while the last known transition was PRE_ON_CREATE
12-08 10:15:43.789  9674  9706 V FA      : onActivityCreated
12-08 10:15:43.806  9674  9674 D LifecycleMonitor: Lifecycle status change: ru.iteco.fmhandroid.ui.AppActivity@890ab35 in: CREATED
12-08 10:15:43.806  9674  9674 V ActivityScenario: Update currentActivityStage to CREATED, currentActivity=ru.iteco.fmhandroid.ui.AppActivity@890ab35
12-08 10:15:43.817  8437  8470 D EGL_emulation: eglMakeCurrent: 0xe59eb0c0: ver 2 0 (tinfo 0xf0cc0670)
12-08 10:15:43.820  8437  8470 D EGL_emulation: eglMakeCurrent: 0xf0c7fe20: ver 2 0 (tinfo 0xf0cc0670)
12-08 10:15:43.821  8437  8470 D EGL_emulation: eglMakeCurrent: 0xe59eb0c0: ver 2 0 (tinfo 0xf0cc0670)
12-08 10:15:43.825  2170  2566 D EGL_emulation: eglMakeCurrent: 0xe594e040: ver 2 0 (tinfo 0xc52450c0)
12-08 10:15:43.832  8437  8470 D EGL_emulation: eglMakeCurrent: 0xf0c7fe20: ver 2 0 (tinfo 0xf0cc0670)
12-08 10:15:43.836  2018  2031 I system_server: NativeAlloc concurrent copying GC freed 48308(2153KB) AllocSpace objects, 7(268KB) LOS objects, 26% free, 16MB/22MB, paused 689us total 209.044ms
12-08 10:15:43.866  9674  9674 D LifecycleMonitor: Lifecycle status change: ru.iteco.fmhandroid.ui.AppActivity@890ab35 in: STARTED
12-08 10:15:43.866  9674  9674 V ActivityScenario: Update currentActivityStage to STARTED, currentActivity=ru.iteco.fmhandroid.ui.AppActivity@890ab35
12-08 10:15:43.867  8437  8470 D EGL_emulation: eglMakeCurrent: 0xe59eb0c0: ver 2 0 (tinfo 0xf0cc0670)
12-08 10:15:43.867  9674  9674 D LifecycleMonitor: Lifecycle status change: ru.iteco.fmhandroid.ui.AppActivity@890ab35 in: RESUMED
12-08 10:15:43.867  9674  9674 V ActivityScenario: Update currentActivityStage to RESUMED, currentActivity=ru.iteco.fmhandroid.ui.AppActivity@890ab35
12-08 10:15:43.867  2298  2315 I m.android.phon: Background concurrent copying GC freed 21034(1665KB) AllocSpace objects, 0(0B) LOS objects, 49% free, 1780KB/3561KB, paused 1.669ms total 220.400ms
12-08 10:15:43.870  9674  9878 V FA      : Activity resumed, time: 57490906
12-08 10:15:43.870  8437  8470 D EGL_emulation: eglMakeCurrent: 0xf0c7fd00: ver 2 0 (tinfo 0xf0cc0670)
12-08 10:15:43.876  2170  2566 D EGL_emulation: eglMakeCurrent: 0xe594e040: ver 2 0 (tinfo 0xc52450c0)
12-08 10:15:43.877  8437  8470 D EGL_emulation: eglMakeCurrent: 0xe59eb0c0: ver 2 0 (tinfo 0xf0cc0670)
12-08 10:15:43.888  8437  8470 D EGL_emulation: eglMakeCurrent: 0xf0c7fd00: ver 2 0 (tinfo 0xf0cc0670)
12-08 10:15:43.892  8437  8470 D EGL_emulation: eglMakeCurrent: 0xe59eb0c0: ver 2 0 (tinfo 0xf0cc0670)
12-08 10:15:43.897  8437  8470 D EGL_emulation: eglMakeCurrent: 0xf0c7fd00: ver 2 0 (tinfo 0xf0cc0670)
12-08 10:15:43.932  8344  8376 D EGL_emulation: eglMakeCurrent: 0xe59ed1c0: ver 2 0 (tinfo 0xe59d9f10)
12-08 10:15:43.936  1776  1927 D gralloc_ranchu: gralloc_alloc: Creating ashmem region of size 10108928
12-08 10:15:43.942  1776  1927 I chatty  : uid=1000(system) HwBinder:1776_3 identical 1 line
12-08 10:15:43.944  1776  1927 D gralloc_ranchu: gralloc_alloc: Creating ashmem region of size 10108928
12-08 10:15:43.947  9674  9770 D EGL_emulation: eglMakeCurrent: 0xdd81b860: ver 2 0 (tinfo 0xc3288080)
12-08 10:15:43.949  8437  8470 D EGL_emulation: eglMakeCurrent: 0xe59eb0c0: ver 2 0 (tinfo 0xf0cc0670)
12-08 10:15:43.978  2170  2566 D EGL_emulation: eglMakeCurrent: 0xe594e040: ver 2 0 (tinfo 0xc52450c0)
12-08 10:15:43.990  2170  2186 I ndroid.systemu: NativeAlloc concurrent copying GC freed 810(115KB) AllocSpace objects, 0(0B) LOS objects, 49% free, 5529KB/10MB, paused 903us total 110.095ms
12-08 10:15:44.020  1776  1927 D gralloc_ranchu: gralloc_alloc: Creating ashmem region of size 10108928
12-08 10:15:44.020  2018  2058 I ActivityTaskManager: Displayed ru.iteco.fmhandroid/.ui.AppActivity: +406ms
12-08 10:15:44.097  9674  9687 I teco.fmhandroi: NativeAlloc concurrent copying GC freed 114623(8054KB) AllocSpace objects, 21(2912KB) LOS objects, 39% free, 9367KB/15MB, paused 39.158ms total 240.382ms
12-08 10:15:44.107  1776  1927 D gralloc_ranchu: gralloc_alloc: Creating ashmem region of size 10108928
12-08 10:15:44.130  8344  8393 I cr_BindingManager: onTrimMemory: level=20, size=0
12-08 10:15:44.173  2873 10049 V FA-SVC  : Logging event: origin=auto,name=screen_view(_vs),params=Bundle[{ga_event_origin(_o)=auto, ga_previous_class(_pc)=AppActivity, ga_previous_id(_pi)=2194426279771477318, ga_screen_class(_sc)=AppActivity, ga_screen_id(_si)=2194426279771477319}]
12-08 10:15:44.209  2873 10049 V FA-SVC  : Upload scheduled in approximately ms: 3240306
12-08 10:15:44.209  2873 10049 V FA-SVC  : Unscheduling upload
12-08 10:15:44.221  2873 10049 V FA-SVC  : Scheduling upload, millis: 3240306
12-08 10:15:44.233  2873 10049 V FA-SVC  : Background event processing time, ms: 60
12-08 10:15:44.273  2656  8337 E SQLiteDatabase: Error inserting flex_time=3240000 job_id=-1 period=6481000 source=16 requires_charging=0 preferred_network_type=1 target_class=com.google.android.gms.measurement.PackageMeasurementTaskService user_id=0 target_package=com.google.android.gms tag=Measurement.PackageMeasurementTaskService.UPLOAD_TASK_TAG task_type=0 required_idleness_state=0 service_kind=0 source_version=202414000 persistence_level=1 preferred_charging_state=1 required_network_type=0 runtime=1670494544245 retry_strategy={"maximum_backoff_seconds":{"3600":0},"initial_backoff_seconds":{"30":0},"retry_policy":{"0":0}} last_runtime=0
12-08 10:15:44.273  2656  8337 E SQLiteDatabase: android.database.sqlite.SQLiteConstraintException: UNIQUE constraint failed: pending_ops.tag, pending_ops.target_class, pending_ops.target_package, pending_ops.user_id (code 2067 SQLITE_CONSTRAINT_UNIQUE)
12-08 10:15:44.273  2656  8337 E SQLiteDatabase: 	at android.database.sqlite.SQLiteConnection.nativeExecuteForLastInsertedRowId(Native Method)
12-08 10:15:44.273  2656  8337 E SQLiteDatabase: 	at android.database.sqlite.SQLiteConnection.executeForLastInsertedRowId(SQLiteConnection.java:879)
12-08 10:15:44.273  2656  8337 E SQLiteDatabase: 	at android.database.sqlite.SQLiteSession.executeForLastInsertedRowId(SQLiteSession.java:790)
12-08 10:15:44.273  2656  8337 E SQLiteDatabase: 	at android.database.sqlite.SQLiteStatement.executeInsert(SQLiteStatement.java:88)
12-08 10:15:44.273  2656  8337 E SQLiteDatabase: 	at android.database.sqlite.SQLiteDatabase.insertWithOnConflict(SQLiteDatabase.java:1599)
12-08 10:15:44.273  2656  8337 E SQLiteDatabase: 	at android.database.sqlite.SQLiteDatabase.insert(SQLiteDatabase.java:1468)
12-08 10:15:44.273  2656  8337 E SQLiteDatabase: 	at aqui.a(:com.google.android.gms@202414022@20.24.14 (040700-319035315):175)
12-08 10:15:44.273  2656  8337 E SQLiteDatabase: 	at aqtk.a(:com.google.android.gms@202414022@20.24.14 (040700-319035315):182)
12-08 10:15:44.273  2656  8337 E SQLiteDatabase: 	at aqtk.a(:com.google.android.gms@202414022@20.24.14 (040700-319035315):23)
12-08 10:15:44.273  2656  8337 E SQLiteDatabase: 	at aqtk.a(:com.google.android.gms@202414022@20.24.14 (040700-319035315):177)
12-08 10:15:44.273  2656  8337 E SQLiteDatabase: 	at aqpu.run(:com.google.android.gms@202414022@20.24.14 (040700-319035315):9)
12-08 10:15:44.273  2656  8337 E SQLiteDatabase: 	at soy.b(:com.google.android.gms@202414022@20.24.14 (040700-319035315):12)
12-08 10:15:44.273  2656  8337 E SQLiteDatabase: 	at soy.run(:com.google.android.gms@202414022@20.24.14 (040700-319035315):7)
12-08 10:15:44.273  2656  8337 E SQLiteDatabase: 	at java.util.concurrent.ThreadPoolExecutor.runWorker(ThreadPoolExecutor.java:1167)
12-08 10:15:44.273  2656  8337 E SQLiteDatabase: 	at java.util.concurrent.ThreadPoolExecutor$Worker.run(ThreadPoolExecutor.java:641)
12-08 10:15:44.273  2656  8337 E SQLiteDatabase: 	at sux.run(:com.google.android.gms@202414022@20.24.14 (040700-319035315):0)
12-08 10:15:44.273  2656  8337 E SQLiteDatabase: 	at java.lang.Thread.run(Thread.java:919)
12-08 10:15:44.559  9674  9674 I ViewInteraction: Performing 'wait for a specific view with <(an instance of android.widget.TextView and view.getText() with or without transformation to match: is "Authorization" and view.getParent() view.getParent() view.getId() is <2131231186>)> during 10000 millis.' action on view view.getRootView() to equal view
12-08 10:15:46.868  9674  9783 I okhttp.OkHttpClient: --> GET http://www.981757-ca08998.tmweb.ru:8080/fmh/authentication/userInfo
12-08 10:15:46.868  9674  9783 I okhttp.OkHttpClient: --> END GET
12-08 10:15:47.066  9674  9783 I okhttp.OkHttpClient: <-- 200 http://www.981757-ca08998.tmweb.ru:8080/fmh/authentication/userInfo (197ms)
12-08 10:15:47.066  9674  9783 I okhttp.OkHttpClient: Vary: Origin
12-08 10:15:47.066  9674  9783 I okhttp.OkHttpClient: Vary: Access-Control-Request-Method
12-08 10:15:47.066  9674  9783 I okhttp.OkHttpClient: Vary: Access-Control-Request-Headers
12-08 10:15:47.066  9674  9783 I okhttp.OkHttpClient: X-Content-Type-Options: nosniff
12-08 10:15:47.066  9674  9783 I okhttp.OkHttpClient: X-XSS-Protection: 1; mode=block
12-08 10:15:47.066  9674  9783 I okhttp.OkHttpClient: Cache-Control: no-cache, no-store, max-age=0, must-revalidate
12-08 10:15:47.067  9674  9783 I okhttp.OkHttpClient: Pragma: no-cache
12-08 10:15:47.067  9674  9783 I okhttp.OkHttpClient: Expires: 0
12-08 10:15:47.067  9674  9783 I okhttp.OkHttpClient: X-Frame-Options: DENY
12-08 10:15:47.068  9674  9783 I okhttp.OkHttpClient: Content-Type: application/json
12-08 10:15:47.069  9674  9783 I okhttp.OkHttpClient: Transfer-Encoding: chunked
12-08 10:15:47.070  9674  9783 I okhttp.OkHttpClient: Date: Thu, 08 Dec 2022 10:16:32 GMT
12-08 10:15:47.070  9674  9783 I okhttp.OkHttpClient: Keep-Alive: timeout=60
12-08 10:15:47.071  9674  9783 I okhttp.OkHttpClient: Connection: keep-alive
12-08 10:15:47.072  9674  9783 I okhttp.OkHttpClient: {"id":2,"firstName":"Данил","lastName":"Иванов","middleName":"Данилович","admin":true}
12-08 10:15:47.074  9674  9783 I okhttp.OkHttpClient: <-- END HTTP (106-byte body)
12-08 10:15:47.084  9674  9805 I okhttp.OkHttpClient: --> GET http://www.981757-ca08998.tmweb.ru:8080/fmh/claims
12-08 10:15:47.084  9674  9805 I okhttp.OkHttpClient: --> END GET
12-08 10:15:47.953  9674  9770 I OpenGLRenderer: Davey! duration=853ms; Flags=1, IntendedVsync=57494132774469, Vsync=57494532774453, OldestInputEvent=9223372036854775807, NewestInputEvent=0, HandleInputStart=57494535898680, AnimationStart=57494536056880, PerformTraversalsStart=57494536460580, DrawStart=57494564225780, SyncQueued=57494565462980, SyncStart=57494569011080, IssueDrawCommandsStart=57494572179580, SwapBuffers=57494977836980, FrameCompleted=57494990116780, DequeueBufferDuration=718000, QueueBufferDuration=1140000, 
12-08 10:15:49.169  9674  9878 V FA      : Inactivity, disconnecting from the service
12-08 10:15:49.419  9674  9805 I okhttp.OkHttpClient: <-- 200 http://www.981757-ca08998.tmweb.ru:8080/fmh/claims (2334ms)
12-08 10:15:49.419  9674  9805 I okhttp.OkHttpClient: Vary: Origin
12-08 10:15:49.419  9674  9805 I okhttp.OkHttpClient: Vary: Access-Control-Request-Method
12-08 10:15:49.419  9674  9805 I okhttp.OkHttpClient: Vary: Access-Control-Request-Headers
12-08 10:15:49.419  9674  9805 I okhttp.OkHttpClient: X-Content-Type-Options: nosniff
12-08 10:15:49.419  9674  9805 I okhttp.OkHttpClient: X-XSS-Protection: 1; mode=block
12-08 10:15:49.420  9674  9805 I okhttp.OkHttpClient: Cache-Control: no-cache, no-store, max-age=0, must-revalidate
12-08 10:15:49.420  9674  9805 I okhttp.OkHttpClient: Pragma: no-cache
12-08 10:15:49.420  9674  9805 I okhttp.OkHttpClient: Expires: 0
12-08 10:15:49.420  9674  9805 I okhttp.OkHttpClient: X-Frame-Options: DENY
12-08 10:15:49.420  9674  9805 I okhttp.OkHttpClient: Content-Type: application/json
12-08 10:15:49.420  9674  9805 I okhttp.OkHttpClient: Transfer-Encoding: chunked
12-08 10:15:49.420  9674  9805 I okhttp.OkHttpClient: Date: Thu, 08 Dec 2022 10:16:34 GMT
12-08 10:15:49.420  9674  9805 I okhttp.OkHttpClient: Keep-Alive: timeout=60
12-08 10:15:49.421  9674  9805 I okhttp.OkHttpClient: Connection: keep-alive
12-08 10:15:54.601  9674  9674 D takeScreenshot: Found 1 global views to redraw
12-08 10:15:54.653  1776  1927 D gralloc_ranchu: gralloc_alloc: Creating ashmem region of size 10108928
12-08 10:15:54.706  9674  9718 W DefaultFailureHandler: Failed to take screenshot
12-08 10:15:54.706  9674  9718 W DefaultFailureHandler: java.io.FileNotFoundException: view-op-error-26.png: open failed: EROFS (Read-only file system)
12-08 10:15:54.706  9674  9718 W DefaultFailureHandler: 	at libcore.io.IoBridge.open(IoBridge.java:496)
12-08 10:15:54.706  9674  9718 W DefaultFailureHandler: 	at java.io.FileOutputStream.<init>(FileOutputStream.java:235)
12-08 10:15:54.706  9674  9718 W DefaultFailureHandler: 	at java.io.FileOutputStream.<init>(FileOutputStream.java:125)
12-08 10:15:54.706  9674  9718 W DefaultFailureHandler: 	at androidx.test.platform.io.FileTestStorage.openOutputFile(FileTestStorage.java:60)
12-08 10:15:54.706  9674  9718 W DefaultFailureHandler: 	at androidx.test.core.graphics.BitmapStorage.writeToTestStorage(BitmapStorageExt.kt:49)
12-08 10:15:54.706  9674  9718 W DefaultFailureHandler: 	at androidx.test.espresso.base.DefaultFailureHandler.takeScreenshot(DefaultFailureHandler.java:4)
12-08 10:15:54.706  9674  9718 W DefaultFailureHandler: 	at androidx.test.espresso.base.DefaultFailureHandler.handle(DefaultFailureHandler.java:3)
12-08 10:15:54.706  9674  9718 W DefaultFailureHandler: 	at androidx.test.espresso.ViewInteraction.waitForAndHandleInteractionResults(ViewInteraction.java:8)
12-08 10:15:54.706  9674  9718 W DefaultFailureHandler: 	at androidx.test.espresso.ViewInteraction.desugaredPerform(ViewInteraction.java:11)
12-08 10:15:54.706  9674  9718 W DefaultFailureHandler: 	at androidx.test.espresso.ViewInteraction.perform(ViewInteraction.java:8)
12-08 10:15:54.706  9674  9718 W DefaultFailureHandler: 	at ru.iteco.fmhandroid.ui.data.TestUtils.waitView(TestUtils.java:61)
12-08 10:15:54.706  9674  9718 W DefaultFailureHandler: 	at ru.iteco.fmhandroid.ui.steps.AuthSteps.isAuthScreen(AuthSteps.java:56)
12-08 10:15:54.706  9674  9718 W DefaultFailureHandler: 	at ru.iteco.fmhandroid.ui.FilterClaimsPageTest.logoutCheck(FilterClaimsPageTest.java:47)
12-08 10:15:54.706  9674  9718 W DefaultFailureHandler: 	at java.lang.reflect.Method.invoke(Native Method)
12-08 10:15:54.706  9674  9718 W DefaultFailureHandler: 	at org.junit.runners.model.FrameworkMethod$1.runReflectiveCall(FrameworkMethod.java:59)
12-08 10:15:54.706  9674  9718 W DefaultFailureHandler: 	at org.junit.internal.runners.model.ReflectiveCallable.run(ReflectiveCallable.java:12)
12-08 10:15:54.706  9674  9718 W DefaultFailureHandler: 	at org.junit.runners.model.FrameworkMethod.invokeExplosively(FrameworkMethod.java:56)
12-08 10:15:54.706  9674  9718 W DefaultFailureHandler: 	at androidx.test.internal.runner.junit4.statement.RunBefores.evaluate(RunBefores.java:76)
12-08 10:15:54.706  9674  9718 W DefaultFailureHandler: 	at io.qameta.allure.android.rules.ScreenshotRule$apply$1.evaluate(ScreenshotRule.kt:22)
12-08 10:15:54.706  9674  9718 W DefaultFailureHandler: 	at org.junit.rules.ExternalResource$1.evaluate(ExternalResource.java:54)
12-08 10:15:54.706  9674  9718 W DefaultFailureHandler: 	at io.qameta.allure.android.rules.LogcatRule$apply$1.evaluate(LogcatRule.kt:23)
12-08 10:15:54.706  9674  9718 W DefaultFailureHandler: 	at org.junit.rules.RunRules.evaluate(RunRules.java:20)
12-08 10:15:54.706  9674  9718 W DefaultFailureHandler: 	at org.junit.runners.ParentRunner$3.evaluate(ParentRunner.java:306)
12-08 10:15:54.706  9674  9718 W DefaultFailureHandler: 	at org.junit.runners.BlockJUnit4ClassRunner$1.evaluate(BlockJUnit4ClassRunner.java:100)
12-08 10:15:54.706  9674  9718 W DefaultFailureHandler: 	at org.junit.runners.ParentRunner.runLeaf(ParentRunner.java:366)
12-08 10:15:54.706  9674  9718 W DefaultFailureHandler: 	at org.junit.runners.BlockJUnit4ClassRunner.runChild(BlockJUnit4ClassRunner.java:103)
12-08 10:15:54.706  9674  9718 W DefaultFailureHandler: 	at org.junit.runners.BlockJUnit4ClassRunner.runChild(BlockJUnit4ClassRunner.java:63)
12-08 10:15:54.706  9674  9718 W DefaultFailureHandler: 	at org.junit.runners.ParentRunner$4.run(ParentRunner.java:331)
12-08 10:15:54.706  9674  9718 W DefaultFailureHandler: 	at org.junit.runners.ParentRunner$1.schedule(ParentRunner.java:79)
12-08 10:15:54.706  9674  9718 W DefaultFailureHandler: 	at org.junit.runners.ParentRunner.runChildren(ParentRunner.java:329)
12-08 10:15:54.706  9674  9718 W DefaultFailureHandler: 	at org.junit.runners.ParentRunner.access$100(ParentRunner.java:66)
12-08 10:15:54.706  9674  9718 W DefaultFailureHandler: 	at org.junit.runners.ParentRunner$2.evaluate(ParentRunner.java:293)
12-08 10:15:54.706  9674  9718 W DefaultFailureHandler: 	at org.junit.runners.ParentRunner$3.evaluate(ParentRunner.java:306)
12-08 10:15:54.706  9674  9718 W DefaultFailureHandler: 	at org.junit.runners.ParentRunner.run(ParentRunner.java:413)
12-08 10:15:54.706  9674  9718 W DefaultFailureHandler: 	at androidx.test.ext.junit.runners.AndroidJUnit4.run(AndroidJUnit4.java:162)
12-08 10:15:54.706  9674  9718 W DefaultFailureHandler: 	at io.qameta.allure.android.runners.AllureAndroidJUnit4.run(AllureAndroidJUnitRunners.kt:29)
12-08 10:15:54.706  9674  9718 W DefaultFailureHandler: 	at org.junit.runners.Suite.runChild(Suite.java:128)
12-08 10:15:54.706  9674  9718 W DefaultFailureHandler: 	at org.junit.runners.Suite.runChild(Suite.java:27)
12-08 10:15:54.706  9674  9718 W DefaultFailureHandler: 	at org.junit.runners.ParentRunner$4.run(ParentRunner.java:331)
12-08 10:15:54.706  9674  9718 W DefaultFailureHandler: 	at org.junit.runners.ParentRunner$1.schedule(ParentRunner.java:79)
12-08 10:15:54.706  9674  9718 W DefaultFailureHandler: 	at org.junit.runners.ParentRunner.runChildren(ParentRunner.java:329)
12-08 10:15:54.706  9674  9718 W DefaultFailureHandler: 	at org.junit.runners.ParentRunner.access$100(ParentRunner.java:66)
12-08 10:15:54.706  9674  9718 W DefaultFailureHandler: 	at org.junit.runners.ParentRunner$2.evaluate(ParentRunner.java:293)
12-08 10:15:54.706  9674  9718 W DefaultFailureHandler: 	at org.junit.runners.ParentRunner$3.evaluate(ParentRunner.java:306)
12-08 10:15:54.706  9674  9718 W DefaultFailureHandler: 	at org.junit.runners.ParentRunner.run(ParentRunner.java:413)
12-08 10:15:54.706  9674  9718 W DefaultFailureHandler: 	at org.junit.runner.JUnitCore.run(JUnitCore.java:137)
12-08 10:15:54.706  9674  9718 W DefaultFailureHandler: 	at org.junit.runner.JUnitCore.run(JUnitCore.java:115)
12-08 10:15:54.706  9674  9718 W DefaultFailureHandler: 	at androidx.test.internal.runner.TestExecutor.execute(TestExecutor.java:67)
12-08 10:15:54.706  9674  9718 W DefaultFailureHandler: 	at androidx.test.internal.runner.TestExecutor.execute(TestExecutor.java:58)
12-08 10:15:54.706  9674  9718 W DefaultFailureHandler: 	at androidx.test.runner.AndroidJUnitRunner.onStart(AndroidJUnitRunner.java:438)
12-08 10:15:54.706  9674  9718 W DefaultFailureHandler: 	at android.app.Instrumentation$InstrumentationThread.run(Instrumentation.java:2189)
12-08 10:15:54.706  9674  9718 W DefaultFailureHandler: Caused by: android.system.ErrnoException: open failed: EROFS (Read-only file system)
12-08 10:15:54.706  9674  9718 W DefaultFailureHandler: 	at libcore.io.Linux.open(Native Method)
12-08 10:15:54.706  9674  9718 W DefaultFailureHandler: 	at libcore.io.ForwardingOs.open(ForwardingOs.java:167)
12-08 10:15:54.706  9674  9718 W DefaultFailureHandler: 	at libcore.io.BlockGuardOs.open(BlockGuardOs.java:252)
12-08 10:15:54.706  9674  9718 W DefaultFailureHandler: 	at libcore.io.ForwardingOs.open(ForwardingOs.java:167)
12-08 10:15:54.706  9674  9718 W DefaultFailureHandler: 	at android.app.ActivityThread$AndroidOs.open(ActivityThread.java:7255)
12-08 10:15:54.706  9674  9718 W DefaultFailureHandler: 	at libcore.io.IoBridge.open(IoBridge.java:482)
12-08 10:15:54.706  9674  9718 W DefaultFailureHandler: 	... 50 more
12-08 10:15:54.710  9674  9674 I ViewInteraction: Performing 'wait for a specific view with <view.getId() is <2131230870/ru.iteco.fmhandroid:id/authorization_image_button>> during 10000 millis.' action on view view.getRootView() to equal view
12-08 10:15:54.714  9674  9674 I ViewInteraction: Checking 'MatchesViewAssertion{viewMatcher=(view has effective visibility <VISIBLE> and view.getGlobalVisibleRect() to return non-empty rectangle)}' assertion on view view.getId() is <2131230870/ru.iteco.fmhandroid:id/authorization_image_button>
12-08 10:15:54.719  9674  9674 I ViewInteraction: Performing 'single click' action on view view.getId() is <2131230870/ru.iteco.fmhandroid:id/authorization_image_button>
12-08 10:15:54.774  1764  6994 W audio_hw_generic: Not supplying enough data to HAL, expected position 146434021 , only wrote 146433974
12-08 10:15:54.827  1776  1927 D gralloc_ranchu: gralloc_alloc: Creating ashmem region of size 884736
12-08 10:15:54.835  1776  1927 D gralloc_ranchu: gralloc_alloc: Creating ashmem region of size 884736
12-08 10:15:54.838  1776  1825 D gralloc_ranchu: gralloc_alloc: Creating ashmem region of size 884736
12-08 10:15:54.855  9674  9770 D EGL_emulation: eglMakeCurrent: 0xdd81b860: ver 2 0 (tinfo 0xc3288080)
12-08 10:15:54.927  9674  9770 I chatty  : uid=10146(ru.iteco.fmhandroid) RenderThread identical 3 lines
12-08 10:15:54.947  9674  9770 D EGL_emulation: eglMakeCurrent: 0xdd81b860: ver 2 0 (tinfo 0xc3288080)
12-08 10:15:55.154  9674  9674 I ViewInteraction: Performing 'wait for a specific view with <an instance of android.widget.TextView and view.getText() with or without transformation to match: is "Log out"> during 10000 millis.' action on view view.getRootView() to equal view
12-08 10:15:55.158  9674  9674 I ViewInteraction: Checking 'MatchesViewAssertion{viewMatcher=(view has effective visibility <VISIBLE> and view.getGlobalVisibleRect() to return non-empty rectangle)}' assertion on view an instance of android.widget.TextView and view.getText() with or without transformation to match: is "Log out"
12-08 10:15:55.164  9674  9674 I ViewInteraction: Performing 'single click' action on view an instance of android.widget.TextView and view.getText() with or without transformation to match: is "Log out"
12-08 10:15:55.359  9674  9770 D EGL_emulation: eglMakeCurrent: 0xdd81b860: ver 2 0 (tinfo 0xc3288080)
12-08 10:15:55.419  9674  9770 D EGL_emulation: eglMakeCurrent: 0xdd81b860: ver 2 0 (tinfo 0xc3288080)
12-08 10:15:55.511  9674  9674 I ViewInteraction: Performing 'wait for a specific view with <(an instance of android.widget.TextView and view.getText() with or without transformation to match: is "Authorization" and view.getParent() view.getParent() view.getId() is <2131231186>)> during 10000 millis.' action on view view.getRootView() to equal view
12-08 10:15:55.515  9674  9674 I ViewInteraction: Checking 'MatchesViewAssertion{viewMatcher=(view has effective visibility <VISIBLE> and view.getGlobalVisibleRect() to return non-empty rectangle)}' assertion on view (an instance of android.widget.TextView and view.getText() with or without transformation to match: is "Authorization" and view.getParent() view.getParent() view.getId() is <2131231186/ru.iteco.fmhandroid:id/nav_host_fragment>)
12-08 10:15:55.518  9674  9674 I ViewInteraction: Performing 'wait for a specific view with <(an instance of android.widget.TextView and view.getHint() matching: is "Login" and view.getParent() view.getParent() view.getId() is <2131231121/ru.iteco.fmhandroid:id/login_text_input_layout>)> during 10000 millis.' action on view view.getRootView() to equal view
12-08 10:15:55.522  9674  9674 I ViewInteraction: Checking 'MatchesViewAssertion{viewMatcher=(view has effective visibility <VISIBLE> and view.getGlobalVisibleRect() to return non-empty rectangle)}' assertion on view (an instance of android.widget.TextView and view.getHint() matching: is "Login" and view.getParent() view.getParent() view.getId() is <2131231121/ru.iteco.fmhandroid:id/login_text_input_layout>)
12-08 10:15:55.525  9674  9674 I ViewInteraction: Performing 'wait for a specific view with <(an instance of android.widget.TextView and view.getHint() matching: is "Password" and view.getParent() view.getParent() view.getId() is <2131231264/ru.iteco.fmhandroid:id/password_text_input_layout>)> during 10000 millis.' action on view view.getRootView() to equal view
12-08 10:15:55.530  9674  9674 I ViewInteraction: Checking 'MatchesViewAssertion{viewMatcher=(view has effective visibility <VISIBLE> and view.getGlobalVisibleRect() to return non-empty rectangle)}' assertion on view (an instance of android.widget.TextView and view.getHint() matching: is "Password" and view.getParent() view.getParent() view.getId() is <2131231264/ru.iteco.fmhandroid:id/password_text_input_layout>)
12-08 10:15:55.533  9674  9674 I ViewInteraction: Performing 'wait for a specific view with <(view.getId() is <2131231039/ru.iteco.fmhandroid:id/enter_button> and an instance of android.widget.TextView and view.getText() with or without transformation to match: is "SIGN IN" and view.getContentDescription() is "Save" and view.getParent() view.getParent() an instance of android.widget.RelativeLayout)> during 10000 millis.' action on view view.getRootView() to equal view
12-08 10:15:55.538  9674  9674 I ViewInteraction: Checking 'MatchesViewAssertion{viewMatcher=(view has effective visibility <VISIBLE> and view.getGlobalVisibleRect() to return non-empty rectangle)}' assertion on view (view.getId() is <2131231039/ru.iteco.fmhandroid:id/enter_button> and an instance of android.widget.TextView and view.getText() with or without transformation to match: is "SIGN IN" and view.getContentDescription() is "Save" and view.getParent() view.getParent() an instance of android.widget.RelativeLayout)
12-08 10:15:55.542  9674  9674 I ViewInteraction: Performing 'wait for a specific view with <(an instance of android.widget.TextView and view.getText() with or without transformation to match: is "Authorization" and view.getParent() view.getParent() view.getId() is <2131231186>)> during 10000 millis.' action on view view.getRootView() to equal view
12-08 10:15:55.547  9674  9674 I ViewInteraction: Checking 'MatchesViewAssertion{viewMatcher=(view has effective visibility <VISIBLE> and view.getGlobalVisibleRect() to return non-empty rectangle)}' assertion on view (an instance of android.widget.TextView and view.getText() with or without transformation to match: is "Authorization" and view.getParent() view.getParent() view.getId() is <2131231186/ru.iteco.fmhandroid:id/nav_host_fragment>)
12-08 10:15:55.551  9674  9674 I ViewInteraction: Performing 'wait for a specific view with <(an instance of android.widget.TextView and view.getHint() matching: is "Login" and view.getParent() view.getParent() view.getId() is <2131231121/ru.iteco.fmhandroid:id/login_text_input_layout>)> during 10000 millis.' action on view view.getRootView() to equal view
12-08 10:15:55.556  9674  9674 I ViewInteraction: Checking 'MatchesViewAssertion{viewMatcher=(view has effective visibility <VISIBLE> and view.getGlobalVisibleRect() to return non-empty rectangle)}' assertion on view (an instance of android.widget.TextView and view.getHint() matching: is "Login" and view.getParent() view.getParent() view.getId() is <2131231121/ru.iteco.fmhandroid:id/login_text_input_layout>)
12-08 10:15:55.560  9674  9674 I ViewInteraction: Performing 'wait for a specific view with <(an instance of android.widget.TextView and view.getHint() matching: is "Password" and view.getParent() view.getParent() view.getId() is <2131231264/ru.iteco.fmhandroid:id/password_text_input_layout>)> during 10000 millis.' action on view view.getRootView() to equal view
12-08 10:15:55.566  9674  9674 I ViewInteraction: Checking 'MatchesViewAssertion{viewMatcher=(view has effective visibility <VISIBLE> and view.getGlobalVisibleRect() to return non-empty rectangle)}' assertion on view (an instance of android.widget.TextView and view.getHint() matching: is "Password" and view.getParent() view.getParent() view.getId() is <2131231264/ru.iteco.fmhandroid:id/password_text_input_layout>)
12-08 10:15:55.570  9674  9674 I ViewInteraction: Performing 'wait for a specific view with <(view.getId() is <2131231039/ru.iteco.fmhandroid:id/enter_button> and an instance of android.widget.TextView and view.getText() with or without transformation to match: is "SIGN IN" and view.getContentDescription() is "Save" and view.getParent() view.getParent() an instance of android.widget.RelativeLayout)> during 10000 millis.' action on view view.getRootView() to equal view
12-08 10:15:55.575  9674  9674 I ViewInteraction: Checking 'MatchesViewAssertion{viewMatcher=(view has effective visibility <VISIBLE> and view.getGlobalVisibleRect() to return non-empty rectangle)}' assertion on view (view.getId() is <2131231039/ru.iteco.fmhandroid:id/enter_button> and an instance of android.widget.TextView and view.getText() with or without transformation to match: is "SIGN IN" and view.getContentDescription() is "Save" and view.getParent() view.getParent() an instance of android.widget.RelativeLayout)
12-08 10:15:55.578  9674  9674 I ViewInteraction: Performing 'wait for a specific view with <(an instance of android.widget.TextView and view.getHint() matching: is "Login" and view.getParent() view.getParent() view.getId() is <2131231121/ru.iteco.fmhandroid:id/login_text_input_layout>)> during 10000 millis.' action on view view.getRootView() to equal view
12-08 10:15:55.583  9674  9674 I ViewInteraction: Performing 'replace text(login2)' action on view (an instance of android.widget.TextView and view.getHint() matching: is "Login" and view.getParent() view.getParent() view.getId() is <2131231121/ru.iteco.fmhandroid:id/login_text_input_layout>)
12-08 10:15:55.639  9674  9674 I ViewInteraction: Performing 'wait for a specific view with <(an instance of android.widget.TextView and view.getHint() matching: is "Password" and view.getParent() view.getParent() view.getId() is <2131231264/ru.iteco.fmhandroid:id/password_text_input_layout>)> during 10000 millis.' action on view view.getRootView() to equal view
12-08 10:15:55.645  9674  9674 I ViewInteraction: Performing 'replace text(password2)' action on view (an instance of android.widget.TextView and view.getHint() matching: is "Password" and view.getParent() view.getParent() view.getId() is <2131231264/ru.iteco.fmhandroid:id/password_text_input_layout>)
12-08 10:15:55.702  9674  9674 I ViewInteraction: Performing 'wait for a specific view with <(view.getId() is <2131231039/ru.iteco.fmhandroid:id/enter_button> and an instance of android.widget.TextView and view.getText() with or without transformation to match: is "SIGN IN" and view.getContentDescription() is "Save" and view.getParent() view.getParent() an instance of android.widget.RelativeLayout)> during 10000 millis.' action on view view.getRootView() to equal view
12-08 10:15:55.709  9674  9674 I ViewInteraction: Checking 'MatchesViewAssertion{viewMatcher=view.isClickable() is <true>}' assertion on view (view.getId() is <2131231039/ru.iteco.fmhandroid:id/enter_button> and an instance of android.widget.TextView and view.getText() with or without transformation to match: is "SIGN IN" and view.getContentDescription() is "Save" and view.getParent() view.getParent() an instance of android.widget.RelativeLayout)
12-08 10:15:55.712  9674  9674 I ViewInteraction: Performing 'wait for a specific view with <(view.getId() is <2131231039/ru.iteco.fmhandroid:id/enter_button> and an instance of android.widget.TextView and view.getText() with or without transformation to match: is "SIGN IN" and view.getContentDescription() is "Save" and view.getParent() view.getParent() an instance of android.widget.RelativeLayout)> during 10000 millis.' action on view view.getRootView() to equal view
12-08 10:15:55.719  9674  9674 I ViewInteraction: Checking 'MatchesViewAssertion{viewMatcher=view.isClickable() is <true>}' assertion on view (view.getId() is <2131231039/ru.iteco.fmhandroid:id/enter_button> and an instance of android.widget.TextView and view.getText() with or without transformation to match: is "SIGN IN" and view.getContentDescription() is "Save" and view.getParent() view.getParent() an instance of android.widget.RelativeLayout)
12-08 10:15:55.725  9674  9674 I ViewInteraction: Performing 'wait for a specific view with <(view.getId() is <2131231039/ru.iteco.fmhandroid:id/enter_button> and an instance of android.widget.TextView and view.getText() with or without transformation to match: is "SIGN IN" and view.getContentDescription() is "Save" and view.getParent() view.getParent() an instance of android.widget.RelativeLayout)> during 10000 millis.' action on view view.getRootView() to equal view
12-08 10:15:55.729  9674  9674 I ViewInteraction: Performing 'single click' action on view (view.getId() is <2131231039/ru.iteco.fmhandroid:id/enter_button> and an instance of android.widget.TextView and view.getText() with or without transformation to match: is "SIGN IN" and view.getContentDescription() is "Save" and view.getParent() view.getParent() an instance of android.widget.RelativeLayout)
12-08 10:15:55.777  9674  9802 I okhttp.OkHttpClient: --> POST http://www.981757-ca08998.tmweb.ru:8080/fmh/authentication/login
12-08 10:15:55.777  9674  9802 I okhttp.OkHttpClient: Content-Type: application/json; charset=UTF-8
12-08 10:15:55.778  9674  9802 I okhttp.OkHttpClient: Content-Length: 41
12-08 10:15:55.778  9674  9802 I okhttp.OkHttpClient: {"login":"login2","password":"password2"}
12-08 10:15:55.778  9674  9802 I okhttp.OkHttpClient: --> END POST (41-byte body)
12-08 10:15:56.007  9674  9674 I ViewInteraction: Performing 'wait for a specific view with <an instance of android.widget.TextView and view.getText() with or without transformation to match: is "News"> during 10000 millis.' action on view view.getRootView() to equal view
12-08 10:15:56.074  9674  9802 I okhttp.OkHttpClient: <-- 200 http://www.981757-ca08998.tmweb.ru:8080/fmh/authentication/login (295ms)
12-08 10:15:56.074  9674  9802 I okhttp.OkHttpClient: Vary: Origin
12-08 10:15:56.074  9674  9802 I okhttp.OkHttpClient: Vary: Access-Control-Request-Method
12-08 10:15:56.074  9674  9802 I okhttp.OkHttpClient: Vary: Access-Control-Request-Headers
12-08 10:15:56.075  9674  9802 I okhttp.OkHttpClient: X-Content-Type-Options: nosniff
12-08 10:15:56.075  9674  9802 I okhttp.OkHttpClient: X-XSS-Protection: 1; mode=block
12-08 10:15:56.075  9674  9802 I okhttp.OkHttpClient: Cache-Control: no-cache, no-store, max-age=0, must-revalidate
12-08 10:15:56.075  9674  9802 I okhttp.OkHttpClient: Pragma: no-cache
12-08 10:15:56.075  9674  9802 I okhttp.OkHttpClient: Expires: 0
12-08 10:15:56.075  9674  9802 I okhttp.OkHttpClient: X-Frame-Options: DENY
12-08 10:15:56.075  9674  9802 I okhttp.OkHttpClient: Content-Type: application/json
12-08 10:15:56.075  9674  9802 I okhttp.OkHttpClient: Transfer-Encoding: chunked
12-08 10:15:56.076  9674  9802 I okhttp.OkHttpClient: Date: Thu, 08 Dec 2022 10:16:41 GMT
12-08 10:15:56.076  9674  9802 I okhttp.OkHttpClient: Keep-Alive: timeout=60
12-08 10:15:56.076  9674  9802 I okhttp.OkHttpClient: Connection: keep-alive
12-08 10:15:56.078  9674  9802 I okhttp.OkHttpClient: {"accessToken":"eyJhbGciOiJIUzUxMiJ9.eyJzdWIiOiJsb2dpbjIiLCJqdGkiOiIyIiwiZXhwIjoxNjcwNTgxMDAxfQ.TKWbmJTRUS-ccu5cnS8E_7neOjrBrOR5WXzZNRU5YrimsGlGQR02c-U1mRzlid8kC8M_TrT5sArxFMjwCTRAbg","refreshToken":"eyJhbGciOiJIUzUxMiJ9.eyJzdWIiOiJsb2dpbjIiLCJqdGkiOiIyIiwiZXhwIjoxNjczMDg2NjAxfQ.TZgMJHZEZlwnyJPeCvDHpvcqsZfsxnIKItQkECBUOgxtlqnMN63tSQoHqwaY4u51sF3VfozLEqCwOGDi8piNog"}
12-08 10:15:56.078  9674  9802 I okhttp.OkHttpClient: <-- END HTTP (368-byte body)
12-08 10:15:56.084  9674  9783 I okhttp.OkHttpClient: --> GET http://www.981757-ca08998.tmweb.ru:8080/fmh/authentication/userInfo
12-08 10:15:56.084  9674  9783 I okhttp.OkHttpClient: --> END GET
12-08 10:15:56.129  1905  1905 E wifi_forwarder: RemoteConnection failed to initialize: RemoteConnection failed to open pipe
12-08 10:15:56.279  9674  9783 I okhttp.OkHttpClient: <-- 200 http://www.981757-ca08998.tmweb.ru:8080/fmh/authentication/userInfo (195ms)
12-08 10:15:56.279  9674  9783 I okhttp.OkHttpClient: Vary: Origin
12-08 10:15:56.280  9674  9783 I okhttp.OkHttpClient: Vary: Access-Control-Request-Method
12-08 10:15:56.280  9674  9783 I okhttp.OkHttpClient: Vary: Access-Control-Request-Headers
12-08 10:15:56.280  9674  9783 I okhttp.OkHttpClient: X-Content-Type-Options: nosniff
12-08 10:15:56.280  9674  9783 I okhttp.OkHttpClient: X-XSS-Protection: 1; mode=block
12-08 10:15:56.280  9674  9783 I okhttp.OkHttpClient: Cache-Control: no-cache, no-store, max-age=0, must-revalidate
12-08 10:15:56.280  9674  9783 I okhttp.OkHttpClient: Pragma: no-cache
12-08 10:15:56.280  9674  9783 I okhttp.OkHttpClient: Expires: 0
12-08 10:15:56.281  9674  9783 I okhttp.OkHttpClient: X-Frame-Options: DENY
12-08 10:15:56.281  9674  9783 I okhttp.OkHttpClient: Content-Type: application/json
12-08 10:15:56.281  9674  9783 I okhttp.OkHttpClient: Transfer-Encoding: chunked
12-08 10:15:56.281  9674  9783 I okhttp.OkHttpClient: Date: Thu, 08 Dec 2022 10:16:41 GMT
12-08 10:15:56.281  9674  9783 I okhttp.OkHttpClient: Keep-Alive: timeout=60
12-08 10:15:56.281  9674  9783 I okhttp.OkHttpClient: Connection: keep-alive
12-08 10:15:56.283  9674  9783 I okhttp.OkHttpClient: {"id":2,"firstName":"Данил","lastName":"Иванов","middleName":"Данилович","admin":true}
12-08 10:15:56.283  9674  9783 I okhttp.OkHttpClient: <-- END HTTP (106-byte body)
12-08 10:15:56.295  9674  9804 I okhttp.OkHttpClient: --> GET http://www.981757-ca08998.tmweb.ru:8080/fmh/claims
12-08 10:15:56.295  9674  9804 I okhttp.OkHttpClient: --> END GET
12-08 10:15:56.306  1744 10182 E ResolverController: No valid NAT64 prefix (106, <unspecified>/0)
12-08 10:15:56.594  9674  9674 I ViewInteraction: Checking 'MatchesViewAssertion{viewMatcher=(view has effective visibility <VISIBLE> and view.getGlobalVisibleRect() to return non-empty rectangle)}' assertion on view an instance of android.widget.TextView and view.getText() with or without transformation to match: is "News"
12-08 10:15:56.617  9674  9674 I ViewInteraction: Performing 'wait for a specific view with <view.getId() is <2131230951>> during 10000 millis.' action on view view.getRootView() to equal view
12-08 10:15:56.624  9674  9674 I ViewInteraction: Checking 'MatchesViewAssertion{viewMatcher=(view has effective visibility <VISIBLE> and view.getGlobalVisibleRect() to return non-empty rectangle)}' assertion on view view.getId() is <2131230951/ru.iteco.fmhandroid:id/container_list_news_include_on_fragment_main>
12-08 10:15:56.630  9674  9674 I ViewInteraction: Performing 'wait for a specific view with <view.getId() is <2131230949>> during 10000 millis.' action on view view.getRootView() to equal view
