12-08 10:15:56.634  9674  9674 I ViewInteraction: Checking 'MatchesViewAssertion{viewMatcher=(view has effective visibility <VISIBLE> and view.getGlobalVisibleRect() to return non-empty rectangle)}' assertion on view view.getId() is <2131230949/ru.iteco.fmhandroid:id/container_list_claim_include_on_fragment_main>
12-08 10:15:56.641  9674  9674 I ViewInteraction: Performing 'wait for a specific view with <an instance of android.widget.TextView and view.getText() with or without transformation to match: is "Claims"> during 10000 millis.' action on view view.getRootView() to equal view
12-08 10:15:56.646  9674  9674 I ViewInteraction: Checking 'MatchesViewAssertion{viewMatcher=(view has effective visibility <VISIBLE> and view.getGlobalVisibleRect() to return non-empty rectangle)}' assertion on view an instance of android.widget.TextView and view.getText() with or without transformation to match: is "Claims"
12-08 10:15:56.650  9674  9674 I ViewInteraction: Performing 'wait for a specific view with <view.getId() is <2131231123/ru.iteco.fmhandroid:id/main_menu_image_button>> during 10000 millis.' action on view view.getRootView() to equal view
12-08 10:15:56.673  9674  9674 I ViewInteraction: Performing 'single click' action on view view.getId() is <2131231123/ru.iteco.fmhandroid:id/main_menu_image_button>
12-08 10:15:56.794  1776  1825 D gralloc_ranchu: gralloc_alloc: Creating ashmem region of size 2015232
12-08 10:15:56.820  1776  1825 I chatty  : uid=1000(system) HwBinder:1776_1 identical 1 line
12-08 10:15:56.823  1776  1825 D gralloc_ranchu: gralloc_alloc: Creating ashmem region of size 2015232
12-08 10:15:56.841  9674  9770 D EGL_emulation: eglMakeCurrent: 0xdd81b860: ver 2 0 (tinfo 0xc3288080)
12-08 10:15:56.928  9674  9770 I chatty  : uid=10146(ru.iteco.fmhandroid) RenderThread identical 3 lines
12-08 10:15:56.952  9674  9770 D EGL_emulation: eglMakeCurrent: 0xdd81b860: ver 2 0 (tinfo 0xc3288080)
12-08 10:15:57.178  9674  9674 I ViewInteraction: Performing 'wait for a specific view with <an instance of android.widget.TextView and view.getText() with or without transformation to match: is "Claims"> during 10000 millis.' action on view view.getRootView() to equal view
12-08 10:15:57.184  9674  9674 I ViewInteraction: Performing 'single click' action on view an instance of android.widget.TextView and view.getText() with or without transformation to match: is "Claims"
12-08 10:15:57.337  9674  9787 I okhttp.OkHttpClient: --> GET http://www.981757-ca08998.tmweb.ru:8080/fmh/claims
12-08 10:15:57.338  9674  9787 I okhttp.OkHttpClient: --> END GET
12-08 10:15:57.381  9674  9770 D EGL_emulation: eglMakeCurrent: 0xdd81b860: ver 2 0 (tinfo 0xc3288080)
12-08 10:15:57.401  9674  9770 D EGL_emulation: eglMakeCurrent: 0xdd81b860: ver 2 0 (tinfo 0xc3288080)
12-08 10:15:57.511  9674  9687 I teco.fmhandroi: Background young concurrent copying GC freed 58967(2811KB) AllocSpace objects, 3(120KB) LOS objects, 13% free, 11MB/13MB, paused 929us total 108.526ms
12-08 10:15:57.589  9674  9674 I ViewInteraction: Performing 'wait for a specific view with <view.getId() is <2131230849/ru.iteco.fmhandroid:id/add_new_claim_material_button>> during 10000 millis.' action on view view.getRootView() to equal view
12-08 10:15:57.595  9674  9674 I ViewInteraction: Performing 'single click' action on view view.getId() is <2131230849/ru.iteco.fmhandroid:id/add_new_claim_material_button>
12-08 10:15:57.651  9674  9783 I okhttp.OkHttpClient: --> GET http://www.981757-ca08998.tmweb.ru:8080/fmh/users
12-08 10:15:57.651  9674  9783 I okhttp.OkHttpClient: --> END GET
12-08 10:15:57.816  9674  9783 I okhttp.OkHttpClient: <-- 200 http://www.981757-ca08998.tmweb.ru:8080/fmh/users (164ms)
12-08 10:15:57.816  9674  9783 I okhttp.OkHttpClient: Vary: Origin
12-08 10:15:57.816  9674  9783 I okhttp.OkHttpClient: Vary: Access-Control-Request-Method
12-08 10:15:57.816  9674  9783 I okhttp.OkHttpClient: Vary: Access-Control-Request-Headers
12-08 10:15:57.816  9674  9783 I okhttp.OkHttpClient: X-Content-Type-Options: nosniff
12-08 10:15:57.816  9674  9783 I okhttp.OkHttpClient: X-XSS-Protection: 1; mode=block
12-08 10:15:57.816  9674  9783 I okhttp.OkHttpClient: Cache-Control: no-cache, no-store, max-age=0, must-revalidate
12-08 10:15:57.817  9674  9783 I okhttp.OkHttpClient: Pragma: no-cache
12-08 10:15:57.817  9674  9783 I okhttp.OkHttpClient: Expires: 0
12-08 10:15:57.817  9674  9783 I okhttp.OkHttpClient: X-Frame-Options: DENY
12-08 10:15:57.817  9674  9783 I okhttp.OkHttpClient: Content-Type: application/json
12-08 10:15:57.820  9674  9783 I okhttp.OkHttpClient: Transfer-Encoding: chunked
12-08 10:15:57.820  9674  9783 I okhttp.OkHttpClient: Date: Thu, 08 Dec 2022 10:16:43 GMT
12-08 10:15:57.820  9674  9783 I okhttp.OkHttpClient: Keep-Alive: timeout=60
12-08 10:15:57.821  9674  9783 I okhttp.OkHttpClient: Connection: keep-alive
12-08 10:15:57.821  9674  9783 I okhttp.OkHttpClient: [{"id":1,"firstName":"Петр","lastName":"Смирнов","middleName":"Петрович","admin":true},{"id":2,"firstName":"Данил","lastName":"Иванов","middleName":"Данилович","admin":true},{"id":3,"firstName":"Егор","lastName":"Петров","middleName":"Егорович","admin":false},{"id":4,"firstName":"Дмитрий","lastName":"Сидоров","middleName":"Дмитриевич","admin":false},{"id":5,"firstName":"Тест","lastName":"Тестов","middleName":"Тестович","admin":true},{"id":6,"firstName":"Diplom","lastName":"Netology","middleName":"QAMID","admin":true}]
12-08 10:15:57.822  9674  9783 I okhttp.OkHttpClient: <-- END HTTP (622-byte body)
12-08 10:15:58.010  9674  9674 I ViewInteraction: Performing 'wait for a specific view with <(view.getId() is <2131231402/ru.iteco.fmhandroid:id/title_edit_text> and view.getParent() view.getParent() view.getId() is <2131231406/ru.iteco.fmhandroid:id/title_text_input_layout>)> during 10000 millis.' action on view view.getRootView() to equal view
12-08 10:15:58.031  9674  9674 I ViewInteraction: Performing 'replace text(Заголовок ec779902-4121-4188-9d54-f7761bd2798b)' action on view (view.getId() is <2131231402/ru.iteco.fmhandroid:id/title_edit_text> and view.getParent() view.getParent() view.getId() is <2131231406/ru.iteco.fmhandroid:id/title_text_input_layout>)
12-08 10:15:58.040  9674  9687 I teco.fmhandroi: Background concurrent copying GC freed 25636(1237KB) AllocSpace objects, 1(16KB) LOS objects, 32% free, 12MB/18MB, paused 782us total 116.539ms
12-08 10:15:58.075  9674  9674 I ViewInteraction: Performing 'wait for a specific view with <view.getId() is <2131230975/ru.iteco.fmhandroid:id/date_in_plan_text_input_edit_text>> during 10000 millis.' action on view view.getRootView() to equal view
12-08 10:15:58.078  9674  9674 I ViewInteraction: Performing 'single click' action on view view.getId() is <2131230975/ru.iteco.fmhandroid:id/date_in_plan_text_input_edit_text>
12-08 10:15:58.221  1776  1825 D gralloc_ranchu: gralloc_alloc: Creating ashmem region of size 6778880
12-08 10:15:58.228  1776  1825 I chatty  : uid=1000(system) HwBinder:1776_1 identical 1 line
12-08 10:15:58.229  1776  1825 D gralloc_ranchu: gralloc_alloc: Creating ashmem region of size 6778880
12-08 10:15:58.238  9674  9770 D EGL_emulation: eglMakeCurrent: 0xdd81b860: ver 2 0 (tinfo 0xc3288080)
12-08 10:15:58.333  9674  9770 I chatty  : uid=10146(ru.iteco.fmhandroid) RenderThread identical 3 lines
12-08 10:15:58.351  9674  9770 D EGL_emulation: eglMakeCurrent: 0xdd81b860: ver 2 0 (tinfo 0xc3288080)
12-08 10:15:58.707  9674  9674 I ViewInteraction: Performing 'wait for a specific view with <is assignable from class <class android.widget.DatePicker>> during 10000 millis.' action on view view.getRootView() to equal view
12-08 10:15:58.711  9674  9674 I ViewInteraction: Checking 'MatchesViewAssertion{viewMatcher=(view has effective visibility <VISIBLE> and view.getGlobalVisibleRect() to return non-empty rectangle)}' assertion on view is assignable from class <class android.widget.DatePicker>
12-08 10:15:58.715  9674  9674 I ViewInteraction: Performing 'wait for a specific view with <is assignable from class <class android.widget.DatePicker>> during 10000 millis.' action on view view.getRootView() to equal view
12-08 10:15:58.718  9674  9674 I ViewInteraction: Performing 'set date' action on view is assignable from class <class android.widget.DatePicker>
12-08 10:15:58.754  9674  9674 I ViewInteraction: Performing 'wait for a specific view with <view.getId() is <16908313/android:id/button1>> during 10000 millis.' action on view view.getRootView() to equal view
12-08 10:15:58.759  9674  9674 I ViewInteraction: Performing 'single click' action on view view.getId() is <16908313/android:id/button1>
12-08 10:15:58.839  9674  9770 D EGL_emulation: eglMakeCurrent: 0xdd81b860: ver 2 0 (tinfo 0xc3288080)
12-08 10:15:58.850  2018  2037 E InputDispatcher: Window handle Window{a152c13 u0 ru.iteco.fmhandroid/ru.iteco.fmhandroid.ui.AppActivity} has no registered input channel
12-08 10:15:58.863  9674  9770 D EGL_emulation: eglMakeCurrent: 0xdd81b860: ver 2 0 (tinfo 0xc3288080)
12-08 10:15:59.119  9674  9674 I ViewInteraction: Performing 'wait for a specific view with <(an instance of android.widget.TextView and view.getHint() matching: is "Time" and view.getParent() view.getParent() view.getId() is <2131231399/ru.iteco.fmhandroid:id/time_in_plan_text_input_layout>)> during 10000 millis.' action on view view.getRootView() to equal view
12-08 10:15:59.124  9674  9674 I ViewInteraction: Performing 'single click' action on view (an instance of android.widget.TextView and view.getHint() matching: is "Time" and view.getParent() view.getParent() view.getId() is <2131231399/ru.iteco.fmhandroid:id/time_in_plan_text_input_layout>)
12-08 10:15:59.287  1776  1825 D gralloc_ranchu: gralloc_alloc: Creating ashmem region of size 5718016
12-08 10:15:59.294  1776  1825 I chatty  : uid=1000(system) HwBinder:1776_1 identical 1 line
12-08 10:15:59.296  1776  1825 D gralloc_ranchu: gralloc_alloc: Creating ashmem region of size 5718016
12-08 10:15:59.308  9674  9770 D EGL_emulation: eglMakeCurrent: 0xdd81b860: ver 2 0 (tinfo 0xc3288080)
12-08 10:15:59.357  9674  9770 I chatty  : uid=10146(ru.iteco.fmhandroid) RenderThread identical 2 lines
12-08 10:15:59.389  9674  9770 D EGL_emulation: eglMakeCurrent: 0xdd81b860: ver 2 0 (tinfo 0xc3288080)
12-08 10:15:59.764  9674  9804 I okhttp.OkHttpClient: <-- 200 http://www.981757-ca08998.tmweb.ru:8080/fmh/claims (3468ms)
12-08 10:15:59.764  9674  9804 I okhttp.OkHttpClient: Vary: Origin
12-08 10:15:59.764  9674  9804 I okhttp.OkHttpClient: Vary: Access-Control-Request-Method
12-08 10:15:59.764  9674  9804 I okhttp.OkHttpClient: Vary: Access-Control-Request-Headers
12-08 10:15:59.764  9674  9804 I okhttp.OkHttpClient: X-Content-Type-Options: nosniff
12-08 10:15:59.764  9674  9804 I okhttp.OkHttpClient: X-XSS-Protection: 1; mode=block
12-08 10:15:59.765  9674  9804 I okhttp.OkHttpClient: Cache-Control: no-cache, no-store, max-age=0, must-revalidate
12-08 10:15:59.765  9674  9804 I okhttp.OkHttpClient: Pragma: no-cache
12-08 10:15:59.765  9674  9804 I okhttp.OkHttpClient: Expires: 0
12-08 10:15:59.765  9674  9804 I okhttp.OkHttpClient: X-Frame-Options: DENY
12-08 10:15:59.765  9674  9804 I okhttp.OkHttpClient: Content-Type: application/json
12-08 10:15:59.765  9674  9804 I okhttp.OkHttpClient: Transfer-Encoding: chunked
12-08 10:15:59.765  9674  9804 I okhttp.OkHttpClient: Date: Thu, 08 Dec 2022 10:16:44 GMT
12-08 10:15:59.765  9674  9804 I okhttp.OkHttpClient: Keep-Alive: timeout=60
12-08 10:15:59.765  9674  9804 I okhttp.OkHttpClient: Connection: keep-alive
12-08 10:15:59.891  9674  9674 I ViewInteraction: Performing 'wait for a specific view with <is assignable from class <class android.widget.TimePicker>> during 10000 millis.' action on view view.getRootView() to equal view
12-08 10:15:59.895  9674  9674 I ViewInteraction: Checking 'MatchesViewAssertion{viewMatcher=(view has effective visibility <VISIBLE> and view.getGlobalVisibleRect() to return non-empty rectangle)}' assertion on view is assignable from class <class android.widget.TimePicker>
12-08 10:15:59.899  9674  9674 I ViewInteraction: Performing 'wait for a specific view with <is assignable from class <class android.widget.TimePicker>> during 10000 millis.' action on view view.getRootView() to equal view
12-08 10:15:59.903  9674  9674 I ViewInteraction: Performing 'set time' action on view is assignable from class <class android.widget.TimePicker>
12-08 10:15:59.906  9674  9674 I ViewInteraction: Performing 'wait for a specific view with <view.getId() is <16908313/android:id/button1>> during 10000 millis.' action on view view.getRootView() to equal view
12-08 10:15:59.910  9674  9674 I ViewInteraction: Performing 'single click' action on view view.getId() is <16908313/android:id/button1>
12-08 10:15:59.968  9674  9770 D EGL_emulation: eglMakeCurrent: 0xdd81b860: ver 2 0 (tinfo 0xc3288080)
12-08 10:15:59.987  9674  9770 D EGL_emulation: eglMakeCurrent: 0xdd81b860: ver 2 0 (tinfo 0xc3288080)
12-08 10:16:00.010  2018  3031 E InputDispatcher: Window handle Window{58f9dfe u0 ru.iteco.fmhandroid/ru.iteco.fmhandroid.ui.AppActivity} has no registered input channel
12-08 10:16:00.012  9674  9770 D EGL_emulation: eglMakeCurrent: 0xdd81b860: ver 2 0 (tinfo 0xc3288080)
12-08 10:16:00.041  2170  2170 D KeyguardClockSwitch: Updating clock: 1016
12-08 10:16:00.281  9674  9674 I ViewInteraction: Performing 'wait for a specific view with <(an instance of android.widget.TextView and view.getHint() matching: is "Description" and view.getParent() view.getParent() view.getId() is <2131230988/ru.iteco.fmhandroid:id/description_text_input_layout>)> during 10000 millis.' action on view view.getRootView() to equal view
12-08 10:16:00.285  9674  9674 I ViewInteraction: Performing 'replace text(Описание 9c7c265f-d724-4154-8236-d33345fc7b75)' action on view (an instance of android.widget.TextView and view.getHint() matching: is "Description" and view.getParent() view.getParent() view.getId() is <2131230988/ru.iteco.fmhandroid:id/description_text_input_layout>)
12-08 10:16:00.321  9674  9674 I ViewInteraction: Performing 'wait for a specific view with <view.getId() is <2131231291/ru.iteco.fmhandroid:id/save_button>> during 10000 millis.' action on view view.getRootView() to equal view
12-08 10:16:00.325  9674  9674 I ViewInteraction: Performing 'single click' action on view view.getId() is <2131231291/ru.iteco.fmhandroid:id/save_button>
12-08 10:16:00.388  9674  9809 I okhttp.OkHttpClient: --> POST http://www.981757-ca08998.tmweb.ru:8080/fmh/claims
12-08 10:16:00.388  9674  9809 I okhttp.OkHttpClient: Content-Type: application/json; charset=UTF-8
12-08 10:16:00.388  9674  9809 I okhttp.OkHttpClient: Content-Length: 279
12-08 10:16:00.388  9674  9809 I okhttp.OkHttpClient: {"createDate":1670494560,"creatorId":2,"creatorName":"Иванов Данил Данилович","description":"Описание 9c7c265f-d724-4154-8236-d33345fc7b75","planExecuteDate":1685182500,"status":"OPEN","title":"Заголовок ec779902-4121-4188-9d54-f7761bd2798b"}
12-08 10:16:00.388  9674  9809 I okhttp.OkHttpClient: --> END POST (279-byte body)
12-08 10:16:00.391  1744 10184 E ResolverController: No valid NAT64 prefix (106, <unspecified>/0)
12-08 10:16:00.407  1788  1978 D AF::Track: interceptBuffer: took 287us to intercept 0 tracks
12-08 10:16:00.614  9674  9674 I ViewInteraction: Performing 'wait for a specific view with <view.getId() is <2131230849/ru.iteco.fmhandroid:id/add_new_claim_material_button>> during 10000 millis.' action on view view.getRootView() to equal view
12-08 10:16:00.728  9674  9809 I okhttp.OkHttpClient: <-- 200 http://www.981757-ca08998.tmweb.ru:8080/fmh/claims (339ms)
12-08 10:16:00.729  9674  9809 I okhttp.OkHttpClient: Vary: Origin
12-08 10:16:00.729  9674  9809 I okhttp.OkHttpClient: Vary: Access-Control-Request-Method
12-08 10:16:00.729  9674  9809 I okhttp.OkHttpClient: Vary: Access-Control-Request-Headers
12-08 10:16:00.729  9674  9809 I okhttp.OkHttpClient: X-Content-Type-Options: nosniff
12-08 10:16:00.729  9674  9809 I okhttp.OkHttpClient: X-XSS-Protection: 1; mode=block
12-08 10:16:00.729  9674  9809 I okhttp.OkHttpClient: Cache-Control: no-cache, no-store, max-age=0, must-revalidate
12-08 10:16:00.730  9674  9809 I okhttp.OkHttpClient: Pragma: no-cache
12-08 10:16:00.730  9674  9809 I okhttp.OkHttpClient: Expires: 0
12-08 10:16:00.730  9674  9809 I okhttp.OkHttpClient: X-Frame-Options: DENY
12-08 10:16:00.730  9674  9809 I okhttp.OkHttpClient: Content-Type: application/json
12-08 10:16:00.730  9674  9809 I okhttp.OkHttpClient: Transfer-Encoding: chunked
12-08 10:16:00.731  9674  9809 I okhttp.OkHttpClient: Date: Thu, 08 Dec 2022 10:16:44 GMT
12-08 10:16:00.732  9674  9809 I okhttp.OkHttpClient: Keep-Alive: timeout=60
12-08 10:16:00.732  9674  9809 I okhttp.OkHttpClient: Connection: keep-alive
12-08 10:16:00.733  9674  9809 I okhttp.OkHttpClient: {"id":2717,"title":"Заголовок ec779902-4121-4188-9d54-f7761bd2798b","description":"Описание 9c7c265f-d724-4154-8236-d33345fc7b75","creatorId":2,"executorId":null,"createDate":1670494560,"planExecuteDate":1685182500,"factExecuteDate":null,"status":"OPEN","creatorName":"Иванов Данил Данилович","executorName":null}
12-08 10:16:00.734  9674  9809 I okhttp.OkHttpClient: <-- END HTTP (350-byte body)
12-08 10:16:00.810  9674  9674 I ViewInteraction: Performing 'single click' action on view view.getId() is <2131230849/ru.iteco.fmhandroid:id/add_new_claim_material_button>
12-08 10:16:00.892  9674  9783 I okhttp.OkHttpClient: --> GET http://www.981757-ca08998.tmweb.ru:8080/fmh/users
12-08 10:16:00.892  9674  9783 I okhttp.OkHttpClient: --> END GET
12-08 10:16:00.895  9674  9787 I okhttp.OkHttpClient: <-- 200 http://www.981757-ca08998.tmweb.ru:8080/fmh/claims (3556ms)
12-08 10:16:00.895  9674  9787 I okhttp.OkHttpClient: Vary: Origin
12-08 10:16:00.895  9674  9787 I okhttp.OkHttpClient: Vary: Access-Control-Request-Method
12-08 10:16:00.895  9674  9787 I okhttp.OkHttpClient: Vary: Access-Control-Request-Headers
12-08 10:16:00.895  9674  9787 I okhttp.OkHttpClient: X-Content-Type-Options: nosniff
12-08 10:16:00.895  9674  9787 I okhttp.OkHttpClient: X-XSS-Protection: 1; mode=block
12-08 10:16:00.895  9674  9787 I okhttp.OkHttpClient: Cache-Control: no-cache, no-store, max-age=0, must-revalidate
12-08 10:16:00.895  9674  9787 I okhttp.OkHttpClient: Pragma: no-cache
12-08 10:16:00.897  9674  9787 I okhttp.OkHttpClient: Expires: 0
12-08 10:16:00.900  9674  9787 I okhttp.OkHttpClient: X-Frame-Options: DENY
12-08 10:16:00.900  9674  9787 I okhttp.OkHttpClient: Content-Type: application/json
12-08 10:16:00.900  9674  9787 I okhttp.OkHttpClient: Transfer-Encoding: chunked
12-08 10:16:00.901  9674  9787 I okhttp.OkHttpClient: Date: Thu, 08 Dec 2022 10:16:46 GMT
12-08 10:16:00.901  9674  9787 I okhttp.OkHttpClient: Keep-Alive: timeout=60
12-08 10:16:00.901  9674  9787 I okhttp.OkHttpClient: Connection: keep-alive
12-08 10:16:01.009  9674  9783 I okhttp.OkHttpClient: <-- 200 http://www.981757-ca08998.tmweb.ru:8080/fmh/users (115ms)
12-08 10:16:01.009  9674  9783 I okhttp.OkHttpClient: Vary: Origin
12-08 10:16:01.009  9674  9783 I okhttp.OkHttpClient: Vary: Access-Control-Request-Method
12-08 10:16:01.009  9674  9783 I okhttp.OkHttpClient: Vary: Access-Control-Request-Headers
12-08 10:16:01.009  9674  9783 I okhttp.OkHttpClient: X-Content-Type-Options: nosniff
12-08 10:16:01.009  9674  9783 I okhttp.OkHttpClient: X-XSS-Protection: 1; mode=block
12-08 10:16:01.010  9674  9783 I okhttp.OkHttpClient: Cache-Control: no-cache, no-store, max-age=0, must-revalidate
12-08 10:16:01.010  9674  9783 I okhttp.OkHttpClient: Pragma: no-cache
12-08 10:16:01.010  9674  9783 I okhttp.OkHttpClient: Expires: 0
12-08 10:16:01.010  9674  9783 I okhttp.OkHttpClient: X-Frame-Options: DENY
12-08 10:16:01.010  9674  9783 I okhttp.OkHttpClient: Content-Type: application/json
12-08 10:16:01.010  9674  9783 I okhttp.OkHttpClient: Transfer-Encoding: chunked
12-08 10:16:01.010  9674  9783 I okhttp.OkHttpClient: Date: Thu, 08 Dec 2022 10:16:46 GMT
12-08 10:16:01.010  9674  9783 I okhttp.OkHttpClient: Keep-Alive: timeout=60
12-08 10:16:01.010  9674  9783 I okhttp.OkHttpClient: Connection: keep-alive
12-08 10:16:01.011  9674  9783 I okhttp.OkHttpClient: [{"id":1,"firstName":"Петр","lastName":"Смирнов","middleName":"Петрович","admin":true},{"id":2,"firstName":"Данил","lastName":"Иванов","middleName":"Данилович","admin":true},{"id":3,"firstName":"Егор","lastName":"Петров","middleName":"Егорович","admin":false},{"id":4,"firstName":"Дмитрий","lastName":"Сидоров","middleName":"Дмитриевич","admin":false},{"id":5,"firstName":"Тест","lastName":"Тестов","middleName":"Тестович","admin":true},{"id":6,"firstName":"Diplom","lastName":"Netology","middleName":"QAMID","admin":true}]
12-08 10:16:01.011  9674  9783 I okhttp.OkHttpClient: <-- END HTTP (622-byte body)
12-08 10:16:01.229  9674  9687 I teco.fmhandroi: Background concurrent copying GC freed 75535(3666KB) AllocSpace objects, 2(32KB) LOS objects, 29% free, 14MB/20MB, paused 599us total 103.255ms
12-08 10:16:01.237  9674  9674 I ViewInteraction: Performing 'wait for a specific view with <(view.getId() is <2131231402/ru.iteco.fmhandroid:id/title_edit_text> and view.getParent() view.getParent() view.getId() is <2131231406/ru.iteco.fmhandroid:id/title_text_input_layout>)> during 10000 millis.' action on view view.getRootView() to equal view
12-08 10:16:01.240  9674  9674 I ViewInteraction: Performing 'replace text(Заголовок e3b19fab-7656-4144-8202-2421d640946c)' action on view (view.getId() is <2131231402/ru.iteco.fmhandroid:id/title_edit_text> and view.getParent() view.getParent() view.getId() is <2131231406/ru.iteco.fmhandroid:id/title_text_input_layout>)
12-08 10:16:01.272  9674  9674 I ViewInteraction: Performing 'wait for a specific view with <view.getId() is <2131230975/ru.iteco.fmhandroid:id/date_in_plan_text_input_edit_text>> during 10000 millis.' action on view view.getRootView() to equal view
12-08 10:16:01.276  9674  9674 I ViewInteraction: Performing 'single click' action on view view.getId() is <2131230975/ru.iteco.fmhandroid:id/date_in_plan_text_input_edit_text>
12-08 10:16:01.409  1776  1825 D gralloc_ranchu: gralloc_alloc: Creating ashmem region of size 6778880
12-08 10:16:01.422  1776  1825 I chatty  : uid=1000(system) HwBinder:1776_1 identical 1 line
12-08 10:16:01.424  1776  1825 D gralloc_ranchu: gralloc_alloc: Creating ashmem region of size 6778880
12-08 10:16:01.430  9674  9770 D EGL_emulation: eglMakeCurrent: 0xdd81b860: ver 2 0 (tinfo 0xc3288080)
12-08 10:16:01.537  9674  9770 I chatty  : uid=10146(ru.iteco.fmhandroid) RenderThread identical 3 lines
12-08 10:16:01.557  9674  9770 D EGL_emulation: eglMakeCurrent: 0xdd81b860: ver 2 0 (tinfo 0xc3288080)
12-08 10:16:01.908  9674  9674 I ViewInteraction: Performing 'wait for a specific view with <is assignable from class <class android.widget.DatePicker>> during 10000 millis.' action on view view.getRootView() to equal view
12-08 10:16:01.911  9674  9674 I ViewInteraction: Checking 'MatchesViewAssertion{viewMatcher=(view has effective visibility <VISIBLE> and view.getGlobalVisibleRect() to return non-empty rectangle)}' assertion on view is assignable from class <class android.widget.DatePicker>
12-08 10:16:01.917  9674  9674 I ViewInteraction: Performing 'wait for a specific view with <is assignable from class <class android.widget.DatePicker>> during 10000 millis.' action on view view.getRootView() to equal view
12-08 10:16:01.921  9674  9674 I ViewInteraction: Performing 'set date' action on view is assignable from class <class android.widget.DatePicker>
12-08 10:16:01.951  9674  9674 I ViewInteraction: Performing 'wait for a specific view with <view.getId() is <16908313/android:id/button1>> during 10000 millis.' action on view view.getRootView() to equal view
12-08 10:16:01.954  9674  9674 I ViewInteraction: Performing 'single click' action on view view.getId() is <16908313/android:id/button1>
12-08 10:16:02.040  9674  9770 D EGL_emulation: eglMakeCurrent: 0xdd81b860: ver 2 0 (tinfo 0xc3288080)
12-08 10:16:02.048  2018  3061 E InputDispatcher: Window handle Window{785f35e u0 ru.iteco.fmhandroid/ru.iteco.fmhandroid.ui.AppActivity} has no registered input channel
12-08 10:16:02.067  9674  9770 D EGL_emulation: eglMakeCurrent: 0xdd81b860: ver 2 0 (tinfo 0xc3288080)
12-08 10:16:02.067  2018  2693 E InputDispatcher: Window handle Window{785f35e u0 ru.iteco.fmhandroid/ru.iteco.fmhandroid.ui.AppActivity} has no registered input channel
12-08 10:16:02.321  9674  9674 I ViewInteraction: Performing 'wait for a specific view with <(an instance of android.widget.TextView and view.getHint() matching: is "Time" and view.getParent() view.getParent() view.getId() is <2131231399/ru.iteco.fmhandroid:id/time_in_plan_text_input_layout>)> during 10000 millis.' action on view view.getRootView() to equal view
12-08 10:16:02.326  9674  9674 I ViewInteraction: Performing 'single click' action on view (an instance of android.widget.TextView and view.getHint() matching: is "Time" and view.getParent() view.getParent() view.getId() is <2131231399/ru.iteco.fmhandroid:id/time_in_plan_text_input_layout>)
12-08 10:16:02.484  1776  1825 D gralloc_ranchu: gralloc_alloc: Creating ashmem region of size 5718016
12-08 10:16:02.489  1776  1825 I chatty  : uid=1000(system) HwBinder:1776_1 identical 1 line
12-08 10:16:02.491  1776  1825 D gralloc_ranchu: gralloc_alloc: Creating ashmem region of size 5718016
12-08 10:16:02.502  9674  9770 D EGL_emulation: eglMakeCurrent: 0xdd81b860: ver 2 0 (tinfo 0xc3288080)
12-08 10:16:02.557  9674  9770 I chatty  : uid=10146(ru.iteco.fmhandroid) RenderThread identical 2 lines
12-08 10:16:02.580  9674  9770 D EGL_emulation: eglMakeCurrent: 0xdd81b860: ver 2 0 (tinfo 0xc3288080)
12-08 10:16:03.068  9674  9674 I ViewInteraction: Performing 'wait for a specific view with <is assignable from class <class android.widget.TimePicker>> during 10000 millis.' action on view view.getRootView() to equal view
12-08 10:16:03.072  9674  9674 I ViewInteraction: Checking 'MatchesViewAssertion{viewMatcher=(view has effective visibility <VISIBLE> and view.getGlobalVisibleRect() to return non-empty rectangle)}' assertion on view is assignable from class <class android.widget.TimePicker>
12-08 10:16:03.075  9674  9674 I ViewInteraction: Performing 'wait for a specific view with <is assignable from class <class android.widget.TimePicker>> during 10000 millis.' action on view view.getRootView() to equal view
12-08 10:16:03.078  9674  9674 I ViewInteraction: Performing 'set time' action on view is assignable from class <class android.widget.TimePicker>
12-08 10:16:03.088  9674  9770 D EGL_emulation: eglMakeCurrent: 0xdd81b860: ver 2 0 (tinfo 0xc3288080)
12-08 10:16:03.091  9674  9674 I ViewInteraction: Performing 'wait for a specific view with <view.getId() is <16908313/android:id/button1>> during 10000 millis.' action on view view.getRootView() to equal view
12-08 10:16:03.098  9674  9674 I ViewInteraction: Performing 'single click' action on view view.getId() is <16908313/android:id/button1>
12-08 10:16:03.170  9674  9770 D EGL_emulation: eglMakeCurrent: 0xdd81b860: ver 2 0 (tinfo 0xc3288080)
12-08 10:16:03.185  2018  3061 E InputDispatcher: Window handle Window{e2d29c5 u0 ru.iteco.fmhandroid/ru.iteco.fmhandroid.ui.AppActivity} has no registered input channel
12-08 10:16:03.195  9674  9770 D EGL_emulation: eglMakeCurrent: 0xdd81b860: ver 2 0 (tinfo 0xc3288080)
12-08 10:16:03.197  1788  1978 D AF::Track: interceptBuffer: took 392us to intercept 0 tracks
12-08 10:16:03.451  9674  9674 I ViewInteraction: Performing 'wait for a specific view with <(an instance of android.widget.TextView and view.getHint() matching: is "Description" and view.getParent() view.getParent() view.getId() is <2131230988/ru.iteco.fmhandroid:id/description_text_input_layout>)> during 10000 millis.' action on view view.getRootView() to equal view
12-08 10:16:03.455  9674  9674 I ViewInteraction: Performing 'replace text(Описание f4b19bc0-f3e6-49fa-a2d8-0beb801ab18f)' action on view (an instance of android.widget.TextView and view.getHint() matching: is "Description" and view.getParent() view.getParent() view.getId() is <2131230988/ru.iteco.fmhandroid:id/description_text_input_layout>)
12-08 10:16:03.489  9674  9674 I ViewInteraction: Performing 'wait for a specific view with <view.getId() is <2131231291/ru.iteco.fmhandroid:id/save_button>> during 10000 millis.' action on view view.getRootView() to equal view
12-08 10:16:03.493  9674  9674 I ViewInteraction: Performing 'single click' action on view view.getId() is <2131231291/ru.iteco.fmhandroid:id/save_button>
12-08 10:16:03.557  9674  9809 I okhttp.OkHttpClient: --> POST http://www.981757-ca08998.tmweb.ru:8080/fmh/claims
12-08 10:16:03.557  9674  9809 I okhttp.OkHttpClient: Content-Type: application/json; charset=UTF-8
12-08 10:16:03.557  9674  9809 I okhttp.OkHttpClient: Content-Length: 279
12-08 10:16:03.558  9674  9809 I okhttp.OkHttpClient: {"createDate":1670494563,"creatorId":2,"creatorName":"Иванов Данил Данилович","description":"Описание f4b19bc0-f3e6-49fa-a2d8-0beb801ab18f","planExecuteDate":1688033700,"status":"OPEN","title":"Заголовок e3b19fab-7656-4144-8202-2421d640946c"}
12-08 10:16:03.558  9674  9809 I okhttp.OkHttpClient: --> END POST (279-byte body)
12-08 10:16:03.756  9674  9809 I okhttp.OkHttpClient: <-- 200 http://www.981757-ca08998.tmweb.ru:8080/fmh/claims (198ms)
12-08 10:16:03.757  9674  9809 I okhttp.OkHttpClient: Vary: Origin
12-08 10:16:03.757  9674  9809 I okhttp.OkHttpClient: Vary: Access-Control-Request-Method
12-08 10:16:03.757  9674  9809 I okhttp.OkHttpClient: Vary: Access-Control-Request-Headers
12-08 10:16:03.757  9674  9809 I okhttp.OkHttpClient: X-Content-Type-Options: nosniff
12-08 10:16:03.757  9674  9809 I okhttp.OkHttpClient: X-XSS-Protection: 1; mode=block
12-08 10:16:03.757  9674  9809 I okhttp.OkHttpClient: Cache-Control: no-cache, no-store, max-age=0, must-revalidate
12-08 10:16:03.757  9674  9809 I okhttp.OkHttpClient: Pragma: no-cache
12-08 10:16:03.757  9674  9809 I okhttp.OkHttpClient: Expires: 0
12-08 10:16:03.757  9674  9809 I okhttp.OkHttpClient: X-Frame-Options: DENY
12-08 10:16:03.757  9674  9809 I okhttp.OkHttpClient: Content-Type: application/json
12-08 10:16:03.757  9674  9809 I okhttp.OkHttpClient: Transfer-Encoding: chunked
12-08 10:16:03.757  9674  9809 I okhttp.OkHttpClient: Date: Thu, 08 Dec 2022 10:16:48 GMT
12-08 10:16:03.758  9674  9809 I okhttp.OkHttpClient: Keep-Alive: timeout=60
12-08 10:16:03.758  9674  9809 I okhttp.OkHttpClient: Connection: keep-alive
12-08 10:16:03.758  9674  9809 I okhttp.OkHttpClient: {"id":2718,"title":"Заголовок e3b19fab-7656-4144-8202-2421d640946c","description":"Описание f4b19bc0-f3e6-49fa-a2d8-0beb801ab18f","creatorId":2,"executorId":null,"createDate":1670494563,"planExecuteDate":1688033700,"factExecuteDate":null,"status":"OPEN","creatorName":"Иванов Данил Данилович","executorName":null}
12-08 10:16:03.758  9674  9809 I okhttp.OkHttpClient: <-- END HTTP (350-byte body)
12-08 10:16:03.838  9674  9674 I ViewInteraction: Performing 'wait for a specific view with <view.getId() is <2131230849/ru.iteco.fmhandroid:id/add_new_claim_material_button>> during 10000 millis.' action on view view.getRootView() to equal view
12-08 10:16:03.842  9674  9674 I ViewInteraction: Performing 'single click' action on view view.getId() is <2131230849/ru.iteco.fmhandroid:id/add_new_claim_material_button>
12-08 10:16:03.925  9674  9783 I okhttp.OkHttpClient: --> GET http://www.981757-ca08998.tmweb.ru:8080/fmh/users
12-08 10:16:03.925  9674  9783 I okhttp.OkHttpClient: --> END GET
12-08 10:16:04.147  9674  9674 I ViewInteraction: Performing 'wait for a specific view with <(view.getId() is <2131231402/ru.iteco.fmhandroid:id/title_edit_text> and view.getParent() view.getParent() view.getId() is <2131231406/ru.iteco.fmhandroid:id/title_text_input_layout>)> during 10000 millis.' action on view view.getRootView() to equal view
12-08 10:16:04.166  9674  9783 I okhttp.OkHttpClient: <-- 200 http://www.981757-ca08998.tmweb.ru:8080/fmh/users (240ms)
12-08 10:16:04.166  9674  9783 I okhttp.OkHttpClient: Vary: Origin
12-08 10:16:04.166  9674  9783 I okhttp.OkHttpClient: Vary: Access-Control-Request-Method
12-08 10:16:04.166  9674  9783 I okhttp.OkHttpClient: Vary: Access-Control-Request-Headers
12-08 10:16:04.167  9674  9783 I okhttp.OkHttpClient: X-Content-Type-Options: nosniff
12-08 10:16:04.167  9674  9783 I okhttp.OkHttpClient: X-XSS-Protection: 1; mode=block
12-08 10:16:04.167  9674  9783 I okhttp.OkHttpClient: Cache-Control: no-cache, no-store, max-age=0, must-revalidate
12-08 10:16:04.167  9674  9783 I okhttp.OkHttpClient: Pragma: no-cache
12-08 10:16:04.167  9674  9783 I okhttp.OkHttpClient: Expires: 0
12-08 10:16:04.167  9674  9783 I okhttp.OkHttpClient: X-Frame-Options: DENY
12-08 10:16:04.167  9674  9783 I okhttp.OkHttpClient: Content-Type: application/json
12-08 10:16:04.167  9674  9783 I okhttp.OkHttpClient: Transfer-Encoding: chunked
12-08 10:16:04.167  9674  9783 I okhttp.OkHttpClient: Date: Thu, 08 Dec 2022 10:16:48 GMT
12-08 10:16:04.167  9674  9783 I okhttp.OkHttpClient: Keep-Alive: timeout=60
12-08 10:16:04.167  9674  9783 I okhttp.OkHttpClient: Connection: keep-alive
12-08 10:16:04.168  9674  9783 I okhttp.OkHttpClient: [{"id":1,"firstName":"Петр","lastName":"Смирнов","middleName":"Петрович","admin":true},{"id":2,"firstName":"Данил","lastName":"Иванов","middleName":"Данилович","admin":true},{"id":3,"firstName":"Егор","lastName":"Петров","middleName":"Егорович","admin":false},{"id":4,"firstName":"Дмитрий","lastName":"Сидоров","middleName":"Дмитриевич","admin":false},{"id":5,"firstName":"Тест","lastName":"Тестов","middleName":"Тестович","admin":true},{"id":6,"firstName":"Diplom","lastName":"Netology","middleName":"QAMID","admin":true}]
12-08 10:16:04.168  9674  9783 I okhttp.OkHttpClient: <-- END HTTP (622-byte body)
12-08 10:16:04.343  9674  9674 I ViewInteraction: Performing 'replace text(Заголовок 7f3e5452-6f24-4c8d-9e5b-8ca14be101f2)' action on view (view.getId() is <2131231402/ru.iteco.fmhandroid:id/title_edit_text> and view.getParent() view.getParent() view.getId() is <2131231406/ru.iteco.fmhandroid:id/title_text_input_layout>)
12-08 10:16:04.417  9674  9687 I teco.fmhandroi: Background concurrent copying GC freed 115112(5648KB) AllocSpace objects, 2(32KB) LOS objects, 28% free, 15MB/21MB, paused 2.101ms total 180.185ms
12-08 10:16:04.428  9674  9674 I ViewInteraction: Performing 'wait for a specific view with <view.getId() is <2131230975/ru.iteco.fmhandroid:id/date_in_plan_text_input_edit_text>> during 10000 millis.' action on view view.getRootView() to equal view
12-08 10:16:04.448  9674  9674 I ViewInteraction: Performing 'single click' action on view view.getId() is <2131230975/ru.iteco.fmhandroid:id/date_in_plan_text_input_edit_text>
12-08 10:16:04.583  1776  1825 D gralloc_ranchu: gralloc_alloc: Creating ashmem region of size 6778880
12-08 10:16:04.590  1776  1825 I chatty  : uid=1000(system) HwBinder:1776_1 identical 1 line
12-08 10:16:04.591  1776  1825 D gralloc_ranchu: gralloc_alloc: Creating ashmem region of size 6778880
12-08 10:16:04.604  9674  9770 D EGL_emulation: eglMakeCurrent: 0xdd81b860: ver 2 0 (tinfo 0xc3288080)
12-08 10:16:04.705  9674  9770 I chatty  : uid=10146(ru.iteco.fmhandroid) RenderThread identical 3 lines
12-08 10:16:04.724  9674  9770 D EGL_emulation: eglMakeCurrent: 0xdd81b860: ver 2 0 (tinfo 0xc3288080)
12-08 10:16:05.076  9674  9674 I ViewInteraction: Performing 'wait for a specific view with <is assignable from class <class android.widget.DatePicker>> during 10000 millis.' action on view view.getRootView() to equal view
12-08 10:16:05.080  9674  9674 I ViewInteraction: Checking 'MatchesViewAssertion{viewMatcher=(view has effective visibility <VISIBLE> and view.getGlobalVisibleRect() to return non-empty rectangle)}' assertion on view is assignable from class <class android.widget.DatePicker>
12-08 10:16:05.083  9674  9674 I ViewInteraction: Performing 'wait for a specific view with <is assignable from class <class android.widget.DatePicker>> during 10000 millis.' action on view view.getRootView() to equal view
12-08 10:16:05.086  9674  9674 I ViewInteraction: Performing 'set date' action on view is assignable from class <class android.widget.DatePicker>
12-08 10:16:05.122  9674  9674 I ViewInteraction: Performing 'wait for a specific view with <view.getId() is <16908313/android:id/button1>> during 10000 millis.' action on view view.getRootView() to equal view
12-08 10:16:05.128  9674  9674 I ViewInteraction: Performing 'single click' action on view view.getId() is <16908313/android:id/button1>
12-08 10:16:05.205  9674  9770 D EGL_emulation: eglMakeCurrent: 0xdd81b860: ver 2 0 (tinfo 0xc3288080)
12-08 10:16:05.215  2018  2037 E InputDispatcher: Window handle Window{d98127a u0 ru.iteco.fmhandroid/ru.iteco.fmhandroid.ui.AppActivity} has no registered input channel
12-08 10:16:05.229  9674  9770 D EGL_emulation: eglMakeCurrent: 0xdd81b860: ver 2 0 (tinfo 0xc3288080)
12-08 10:16:05.482  9674  9674 I ViewInteraction: Performing 'wait for a specific view with <(an instance of android.widget.TextView and view.getHint() matching: is "Time" and view.getParent() view.getParent() view.getId() is <2131231399/ru.iteco.fmhandroid:id/time_in_plan_text_input_layout>)> during 10000 millis.' action on view view.getRootView() to equal view
12-08 10:16:05.486  9674  9674 I ViewInteraction: Performing 'single click' action on view (an instance of android.widget.TextView and view.getHint() matching: is "Time" and view.getParent() view.getParent() view.getId() is <2131231399/ru.iteco.fmhandroid:id/time_in_plan_text_input_layout>)
12-08 10:16:05.645  1776  1825 D gralloc_ranchu: gralloc_alloc: Creating ashmem region of size 5718016
12-08 10:16:05.658  1776  1825 I chatty  : uid=1000(system) HwBinder:1776_1 identical 1 line
12-08 10:16:05.660  1776  1825 D gralloc_ranchu: gralloc_alloc: Creating ashmem region of size 5718016
12-08 10:16:05.667  9674  9770 D EGL_emulation: eglMakeCurrent: 0xdd81b860: ver 2 0 (tinfo 0xc3288080)
12-08 10:16:05.724  9674  9770 I chatty  : uid=10146(ru.iteco.fmhandroid) RenderThread identical 2 lines
12-08 10:16:05.746  9674  9770 D EGL_emulation: eglMakeCurrent: 0xdd81b860: ver 2 0 (tinfo 0xc3288080)
12-08 10:16:06.254  9674  9674 I ViewInteraction: Performing 'wait for a specific view with <is assignable from class <class android.widget.TimePicker>> during 10000 millis.' action on view view.getRootView() to equal view
12-08 10:16:06.257  9674  9674 I ViewInteraction: Checking 'MatchesViewAssertion{viewMatcher=(view has effective visibility <VISIBLE> and view.getGlobalVisibleRect() to return non-empty rectangle)}' assertion on view is assignable from class <class android.widget.TimePicker>
12-08 10:16:06.259  9674  9674 I ViewInteraction: Performing 'wait for a specific view with <is assignable from class <class android.widget.TimePicker>> during 10000 millis.' action on view view.getRootView() to equal view
12-08 10:16:06.263  9674  9674 I ViewInteraction: Performing 'set time' action on view is assignable from class <class android.widget.TimePicker>
12-08 10:16:06.286  9674  9770 D EGL_emulation: eglMakeCurrent: 0xdd81b860: ver 2 0 (tinfo 0xc3288080)
12-08 10:16:06.291  9674  9674 I ViewInteraction: Performing 'wait for a specific view with <view.getId() is <16908313/android:id/button1>> during 10000 millis.' action on view view.getRootView() to equal view
12-08 10:16:06.297  9674  9674 I ViewInteraction: Performing 'single click' action on view view.getId() is <16908313/android:id/button1>
12-08 10:16:06.372  9674  9770 D EGL_emulation: eglMakeCurrent: 0xdd81b860: ver 2 0 (tinfo 0xc3288080)
12-08 10:16:06.380  2018  3061 E InputDispatcher: Window handle Window{6990391 u0 ru.iteco.fmhandroid/ru.iteco.fmhandroid.ui.AppActivity} has no registered input channel
12-08 10:16:06.407  9674  9770 D EGL_emulation: eglMakeCurrent: 0xdd81b860: ver 2 0 (tinfo 0xc3288080)
12-08 10:16:06.661  9674  9674 I ViewInteraction: Performing 'wait for a specific view with <(an instance of android.widget.TextView and view.getHint() matching: is "Description" and view.getParent() view.getParent() view.getId() is <2131230988/ru.iteco.fmhandroid:id/description_text_input_layout>)> during 10000 millis.' action on view view.getRootView() to equal view
12-08 10:16:06.667  9674  9674 I ViewInteraction: Performing 'replace text(Описание 391e4c3a-c03c-46db-a9a7-e1c18c02c87b)' action on view (an instance of android.widget.TextView and view.getHint() matching: is "Description" and view.getParent() view.getParent() view.getId() is <2131230988/ru.iteco.fmhandroid:id/description_text_input_layout>)
12-08 10:16:06.706  9674  9674 I ViewInteraction: Performing 'wait for a specific view with <view.getId() is <2131231291/ru.iteco.fmhandroid:id/save_button>> during 10000 millis.' action on view view.getRootView() to equal view
12-08 10:16:06.710  9674  9674 I ViewInteraction: Performing 'single click' action on view view.getId() is <2131231291/ru.iteco.fmhandroid:id/save_button>
12-08 10:16:06.772  9674  9809 I okhttp.OkHttpClient: --> POST http://www.981757-ca08998.tmweb.ru:8080/fmh/claims
12-08 10:16:06.772  9674  9809 I okhttp.OkHttpClient: Content-Type: application/json; charset=UTF-8
12-08 10:16:06.772  9674  9809 I okhttp.OkHttpClient: Content-Length: 279
12-08 10:16:06.772  9674  9809 I okhttp.OkHttpClient: {"createDate":1670494566,"creatorId":2,"creatorName":"Иванов Данил Данилович","description":"Описание 391e4c3a-c03c-46db-a9a7-e1c18c02c87b","planExecuteDate":1690884900,"status":"OPEN","title":"Заголовок 7f3e5452-6f24-4c8d-9e5b-8ca14be101f2"}
12-08 10:16:06.772  9674  9809 I okhttp.OkHttpClient: --> END POST (279-byte body)
12-08 10:16:06.931  9674  9809 I okhttp.OkHttpClient: <-- 200 http://www.981757-ca08998.tmweb.ru:8080/fmh/claims (158ms)
12-08 10:16:06.931  9674  9809 I okhttp.OkHttpClient: Vary: Origin
12-08 10:16:06.931  9674  9809 I okhttp.OkHttpClient: Vary: Access-Control-Request-Method
12-08 10:16:06.931  9674  9809 I okhttp.OkHttpClient: Vary: Access-Control-Request-Headers
12-08 10:16:06.931  9674  9809 I okhttp.OkHttpClient: X-Content-Type-Options: nosniff
12-08 10:16:06.932  9674  9809 I okhttp.OkHttpClient: X-XSS-Protection: 1; mode=block
12-08 10:16:06.932  9674  9809 I okhttp.OkHttpClient: Cache-Control: no-cache, no-store, max-age=0, must-revalidate
12-08 10:16:06.932  9674  9809 I okhttp.OkHttpClient: Pragma: no-cache
12-08 10:16:06.932  9674  9809 I okhttp.OkHttpClient: Expires: 0
12-08 10:16:06.932  9674  9809 I okhttp.OkHttpClient: X-Frame-Options: DENY
12-08 10:16:06.932  9674  9809 I okhttp.OkHttpClient: Content-Type: application/json
12-08 10:16:06.932  9674  9809 I okhttp.OkHttpClient: Transfer-Encoding: chunked
12-08 10:16:06.932  9674  9809 I okhttp.OkHttpClient: Date: Thu, 08 Dec 2022 10:16:52 GMT
12-08 10:16:06.932  9674  9809 I okhttp.OkHttpClient: Keep-Alive: timeout=60
12-08 10:16:06.932  9674  9809 I okhttp.OkHttpClient: Connection: keep-alive
12-08 10:16:06.933  9674  9809 I okhttp.OkHttpClient: {"id":2719,"title":"Заголовок 7f3e5452-6f24-4c8d-9e5b-8ca14be101f2","description":"Описание 391e4c3a-c03c-46db-a9a7-e1c18c02c87b","creatorId":2,"executorId":null,"createDate":1670494566,"planExecuteDate":1690884900,"factExecuteDate":null,"status":"OPEN","creatorName":"Иванов Данил Данилович","executorName":null}
12-08 10:16:06.933  9674  9809 I okhttp.OkHttpClient: <-- END HTTP (350-byte body)
12-08 10:16:07.015  9674  9674 I ViewInteraction: Performing 'wait for a specific view with <view.getId() is <2131230849/ru.iteco.fmhandroid:id/add_new_claim_material_button>> during 10000 millis.' action on view view.getRootView() to equal view
12-08 10:16:07.019  9674  9674 I ViewInteraction: Performing 'single click' action on view view.getId() is <2131230849/ru.iteco.fmhandroid:id/add_new_claim_material_button>
12-08 10:16:07.087  9674  9783 I okhttp.OkHttpClient: --> GET http://www.981757-ca08998.tmweb.ru:8080/fmh/users
12-08 10:16:07.087  9674  9783 I okhttp.OkHttpClient: --> END GET
12-08 10:16:07.310  9674  9674 I ViewInteraction: Performing 'wait for a specific view with <view.getId() is <2131231041/ru.iteco.fmhandroid:id/executor_drop_menu_auto_complete_text_view>> during 10000 millis.' action on view view.getRootView() to equal view
12-08 10:16:07.354  9674  9783 I okhttp.OkHttpClient: <-- 200 http://www.981757-ca08998.tmweb.ru:8080/fmh/users (265ms)
12-08 10:16:07.354  9674  9783 I okhttp.OkHttpClient: Vary: Origin
12-08 10:16:07.354  9674  9783 I okhttp.OkHttpClient: Vary: Access-Control-Request-Method
12-08 10:16:07.354  9674  9783 I okhttp.OkHttpClient: Vary: Access-Control-Request-Headers
12-08 10:16:07.354  9674  9783 I okhttp.OkHttpClient: X-Content-Type-Options: nosniff
12-08 10:16:07.354  9674  9783 I okhttp.OkHttpClient: X-XSS-Protection: 1; mode=block
12-08 10:16:07.354  9674  9783 I okhttp.OkHttpClient: Cache-Control: no-cache, no-store, max-age=0, must-revalidate
12-08 10:16:07.354  9674  9783 I okhttp.OkHttpClient: Pragma: no-cache
12-08 10:16:07.354  9674  9783 I okhttp.OkHttpClient: Expires: 0
12-08 10:16:07.354  9674  9783 I okhttp.OkHttpClient: X-Frame-Options: DENY
12-08 10:16:07.354  9674  9783 I okhttp.OkHttpClient: Content-Type: application/json
12-08 10:16:07.355  9674  9783 I okhttp.OkHttpClient: Transfer-Encoding: chunked
12-08 10:16:07.355  9674  9783 I okhttp.OkHttpClient: Date: Thu, 08 Dec 2022 10:16:52 GMT
12-08 10:16:07.355  9674  9783 I okhttp.OkHttpClient: Keep-Alive: timeout=60
12-08 10:16:07.355  9674  9783 I okhttp.OkHttpClient: Connection: keep-alive
12-08 10:16:07.355  9674  9783 I okhttp.OkHttpClient: [{"id":1,"firstName":"Петр","lastName":"Смирнов","middleName":"Петрович","admin":true},{"id":2,"firstName":"Данил","lastName":"Иванов","middleName":"Данилович","admin":true},{"id":3,"firstName":"Егор","lastName":"Петров","middleName":"Егорович","admin":false},{"id":4,"firstName":"Дмитрий","lastName":"Сидоров","middleName":"Дмитриевич","admin":false},{"id":5,"firstName":"Тест","lastName":"Тестов","middleName":"Тестович","admin":true},{"id":6,"firstName":"Diplom","lastName":"Netology","middleName":"QAMID","admin":true}]
12-08 10:16:07.355  9674  9783 I okhttp.OkHttpClient: <-- END HTTP (622-byte body)
12-08 10:16:07.537  9674  9674 I ViewInteraction: Performing 'single click' action on view view.getId() is <2131231041/ru.iteco.fmhandroid:id/executor_drop_menu_auto_complete_text_view>
12-08 10:16:07.597  9674  9687 I teco.fmhandroi: Background concurrent copying GC freed 106192(5102KB) AllocSpace objects, 2(32KB) LOS objects, 27% free, 16MB/22MB, paused 761us total 115.861ms
12-08 10:16:07.669  1776  1825 D gralloc_ranchu: gralloc_alloc: Creating ashmem region of size 4116480
12-08 10:16:07.676  1776  1825 I chatty  : uid=1000(system) HwBinder:1776_1 identical 1 line
12-08 10:16:07.677  1776  1825 D gralloc_ranchu: gralloc_alloc: Creating ashmem region of size 4116480
12-08 10:16:07.682  9674  9770 D EGL_emulation: eglMakeCurrent: 0xdd81b860: ver 2 0 (tinfo 0xc3288080)
12-08 10:16:07.721  9674  9674 I AssistStructure: Flattened final assist data: 6984 bytes, containing 2 windows, 53 views
12-08 10:16:07.728  2018  2037 D AutofillSession: Starting partition or augmented request for view id 1073741881@79871623: STARTED_SESSION
12-08 10:16:07.730  2018  2018 D AutofillSession: cancelCurrentRequest(): id = 540
12-08 10:16:07.745  9674  9770 D EGL_emulation: eglMakeCurrent: 0xdd81b860: ver 2 0 (tinfo 0xc3288080)
12-08 10:16:07.756  9674  9674 I AssistStructure: Flattened final assist data: 6984 bytes, containing 2 windows, 53 views
12-08 10:16:07.772  2656  2656 W ktk     : Pending fill request while another request in the same session was triggered. [CONTEXT service_id=177 ]
12-08 10:16:07.777  9674  9770 D EGL_emulation: eglMakeCurrent: 0xdd81b860: ver 2 0 (tinfo 0xc3288080)
12-08 10:16:07.778  2018  2051 D AutofillUI: destroySaveUiUiThread(): already destroyed
12-08 10:16:07.788  2537  2537 I KeyboardViewUtil: systemKeyboardHeightRatio:1.000000; userKeyboardHeightRatio:1.000000.
12-08 10:16:07.789  2537  2537 I AndroidIME: LatinIme.onActivate() : EditorInfo = Package = ru.iteco.fmhandroid : Type = Text : Learning = Disable : Suggestion = Show : AutoCorrection = Disable : Microphone = Show : NoPersonalizedLearning = Disable
12-08 10:16:07.802  2537  2537 I Conv2QueryExtension: Current locale: en_US, config allows these locales: de,en,es,fr,it,ms,pt,ta
12-08 10:16:07.802  2537  2537 I Conv2QueryExtension: Conv2Query not enabled due to current app [ru.iteco.fmhandroid] not in whitelist
12-08 10:16:07.802  2537  2537 I Conv2QueryExtension: onActivate() : Disabled by unsupported host app
12-08 10:16:07.820  2170  2566 D EGL_emulation: eglMakeCurrent: 0xe594e040: ver 2 0 (tinfo 0xc52450c0)
12-08 10:16:07.827  1776  1825 D gralloc_ranchu: gralloc_alloc: Creating ashmem region of size 9826304
12-08 10:16:07.837  1776  1825 I chatty  : uid=1000(system) HwBinder:1776_1 identical 1 line
12-08 10:16:07.839  1776  1825 D gralloc_ranchu: gralloc_alloc: Creating ashmem region of size 9826304
12-08 10:16:07.848  2537  8546 D EGL_emulation: eglMakeCurrent: 0xc286ce00: ver 2 0 (tinfo 0xc335ede0)
12-08 10:16:07.894  9674  9770 D EGL_emulation: eglMakeCurrent: 0xdd81b860: ver 2 0 (tinfo 0xc3288080)
12-08 10:16:07.938  1776  1825 D gralloc_ranchu: gralloc_alloc: Creating ashmem region of size 3072000
12-08 10:16:07.950  9674  9770 D EGL_emulation: eglMakeCurrent: 0xdd81b860: ver 2 0 (tinfo 0xc3288080)
12-08 10:16:07.966  1776  1825 D gralloc_ranchu: gralloc_alloc: Creating ashmem region of size 3072000
12-08 10:16:07.970  9674  9770 D EGL_emulation: eglMakeCurrent: 0xdd81b860: ver 2 0 (tinfo 0xc3288080)
12-08 10:16:07.986  9674  9770 D EGL_emulation: eglMakeCurrent: 0xdd81b860: ver 2 0 (tinfo 0xc3288080)
12-08 10:16:08.007  1776  1825 D gralloc_ranchu: gralloc_alloc: Creating ashmem region of size 3072000
