--------- beginning of main
12-02 18:34:36.107  1897  1897 E wifi_forwarder: RemoteConnection failed to initialize: RemoteConnection failed to open pipe
12-02 18:34:36.131 27417 27504 I okhttp.OkHttpClient: <-- 200 http://www.981757-ca08998.tmweb.ru:8080/fmh/authentication/login (484ms)
12-02 18:34:36.131 27417 27504 I okhttp.OkHttpClient: Vary: Origin
12-02 18:34:36.132 27417 27504 I okhttp.OkHttpClient: Vary: Access-Control-Request-Method
12-02 18:34:36.132 27417 27504 I okhttp.OkHttpClient: Vary: Access-Control-Request-Headers
12-02 18:34:36.132 27417 27504 I okhttp.OkHttpClient: X-Content-Type-Options: nosniff
12-02 18:34:36.132 27417 27504 I okhttp.OkHttpClient: X-XSS-Protection: 1; mode=block
12-02 18:34:36.132 27417 27504 I okhttp.OkHttpClient: Cache-Control: no-cache, no-store, max-age=0, must-revalidate
12-02 18:34:36.132 27417 27504 I okhttp.OkHttpClient: Pragma: no-cache
12-02 18:34:36.132 27417 27504 I okhttp.OkHttpClient: Expires: 0
12-02 18:34:36.132 27417 27504 I okhttp.OkHttpClient: X-Frame-Options: DENY
12-02 18:34:36.132 27417 27504 I okhttp.OkHttpClient: Content-Type: application/json
12-02 18:34:36.132 27417 27504 I okhttp.OkHttpClient: Transfer-Encoding: chunked
12-02 18:34:36.132 27417 27504 I okhttp.OkHttpClient: Date: Fri, 02 Dec 2022 15:34:37 GMT
12-02 18:34:36.133 27417 27504 I okhttp.OkHttpClient: Keep-Alive: timeout=60
12-02 18:34:36.133 27417 27504 I okhttp.OkHttpClient: Connection: keep-alive
12-02 18:34:36.136 27417 27504 I okhttp.OkHttpClient: {"accessToken":"eyJhbGciOiJIUzUxMiJ9.eyJzdWIiOiJsb2dpbjIiLCJqdGkiOiIyIiwiZXhwIjoxNjcwMDgxNjc3fQ.OMiH0KkkpKoul_Udnzna1q702lm7Rsc-wp27KbLGe1R7qaQIK-6WCb6ZfcCK8RH8Fu6fXqNv_MNN-NZuJVChcQ","refreshToken":"eyJhbGciOiJIUzUxMiJ9.eyJzdWIiOiJsb2dpbjIiLCJqdGkiOiIyIiwiZXhwIjoxNjcyNTg3Mjc3fQ.8m3Z982HAJiUkrUAfHi4bCWxOFgW4Dk220dEcMuCnzPqO73jZ1M6wq5uC5mqQ56vOtVIIET4c2Qn_Rk5WdeTxA"}
12-02 18:34:36.136 27417 27504 I okhttp.OkHttpClient: <-- END HTTP (368-byte body)
12-02 18:34:36.140 27417 27483 I okhttp.OkHttpClient: --> GET http://www.981757-ca08998.tmweb.ru:8080/fmh/authentication/userInfo
12-02 18:34:36.140 27417 27483 I okhttp.OkHttpClient: --> END GET
12-02 18:34:36.367 27417 27483 I okhttp.OkHttpClient: <-- 200 http://www.981757-ca08998.tmweb.ru:8080/fmh/authentication/userInfo (226ms)
12-02 18:34:36.367 27417 27483 I okhttp.OkHttpClient: Vary: Origin
12-02 18:34:36.367 27417 27483 I okhttp.OkHttpClient: Vary: Access-Control-Request-Method
12-02 18:34:36.367 27417 27483 I okhttp.OkHttpClient: Vary: Access-Control-Request-Headers
12-02 18:34:36.367 27417 27483 I okhttp.OkHttpClient: X-Content-Type-Options: nosniff
12-02 18:34:36.367 27417 27483 I okhttp.OkHttpClient: X-XSS-Protection: 1; mode=block
12-02 18:34:36.367 27417 27483 I okhttp.OkHttpClient: Cache-Control: no-cache, no-store, max-age=0, must-revalidate
12-02 18:34:36.367 27417 27483 I okhttp.OkHttpClient: Pragma: no-cache
12-02 18:34:36.367 27417 27483 I okhttp.OkHttpClient: Expires: 0
12-02 18:34:36.369 27417 27483 I okhttp.OkHttpClient: X-Frame-Options: DENY
12-02 18:34:36.369 27417 27483 I okhttp.OkHttpClient: Content-Type: application/json
12-02 18:34:36.369 27417 27483 I okhttp.OkHttpClient: Transfer-Encoding: chunked
12-02 18:34:36.369 27417 27483 I okhttp.OkHttpClient: Date: Fri, 02 Dec 2022 15:34:37 GMT
12-02 18:34:36.369 27417 27483 I okhttp.OkHttpClient: Keep-Alive: timeout=60
12-02 18:34:36.370 27417 27483 I okhttp.OkHttpClient: Connection: keep-alive
12-02 18:34:36.371 27417 27483 I okhttp.OkHttpClient: {"id":2,"firstName":"Данил","lastName":"Иванов","middleName":"Данилович","admin":true}
12-02 18:34:36.372 27417 27483 I okhttp.OkHttpClient: <-- END HTTP (106-byte body)
12-02 18:34:36.393 27417 27506 I okhttp.OkHttpClient: --> GET http://www.981757-ca08998.tmweb.ru:8080/fmh/claims
12-02 18:34:36.394 27417 27506 I okhttp.OkHttpClient: --> END GET
12-02 18:34:36.652 27417 27417 I ViewInteraction: Checking 'MatchesViewAssertion{viewMatcher=(view has effective visibility <VISIBLE> and view.getGlobalVisibleRect() to return non-empty rectangle)}' assertion on view an instance of android.widget.TextView and view.getText() with or without transformation to match: is "News"
12-02 18:34:36.657 27417 27417 I ViewInteraction: Performing 'wait for a specific view with <view.getId() is <2131230951>> during 10000 millis.' action on view view.getRootView() to equal view
12-02 18:34:36.671 27417 27417 I ViewInteraction: Checking 'MatchesViewAssertion{viewMatcher=(view has effective visibility <VISIBLE> and view.getGlobalVisibleRect() to return non-empty rectangle)}' assertion on view view.getId() is <2131230951/ru.iteco.fmhandroid:id/container_list_news_include_on_fragment_main>
12-02 18:34:36.678 27417 27417 I ViewInteraction: Performing 'wait for a specific view with <view.getId() is <2131230949>> during 10000 millis.' action on view view.getRootView() to equal view
12-02 18:34:36.687 27417 27417 I ViewInteraction: Checking 'MatchesViewAssertion{viewMatcher=(view has effective visibility <VISIBLE> and view.getGlobalVisibleRect() to return non-empty rectangle)}' assertion on view view.getId() is <2131230949/ru.iteco.fmhandroid:id/container_list_claim_include_on_fragment_main>
12-02 18:34:36.693 27417 27417 I ViewInteraction: Performing 'wait for a specific view with <an instance of android.widget.TextView and view.getText() with or without transformation to match: is "Claims"> during 10000 millis.' action on view view.getRootView() to equal view
12-02 18:34:36.702 27417 27417 I ViewInteraction: Checking 'MatchesViewAssertion{viewMatcher=(view has effective visibility <VISIBLE> and view.getGlobalVisibleRect() to return non-empty rectangle)}' assertion on view an instance of android.widget.TextView and view.getText() with or without transformation to match: is "Claims"
12-02 18:34:36.708 27417 27417 I ViewInteraction: Performing 'wait for a specific view with <view.getId() is <2131231123>> during 10000 millis.' action on view view.getRootView() to equal view
12-02 18:34:36.714 27417 27417 I ViewInteraction: Performing 'single click' action on view view.getId() is <2131231123/ru.iteco.fmhandroid:id/main_menu_image_button>
12-02 18:34:36.862  1772  6832 D gralloc_ranchu: gralloc_alloc: Creating ashmem region of size 3264512
12-02 18:34:36.868  1772  6832 D gralloc_ranchu: gralloc_alloc: Creating ashmem region of size 3264512
12-02 18:34:36.870  1772  1875 D gralloc_ranchu: gralloc_alloc: Creating ashmem region of size 3264512
12-02 18:34:36.911 27417 27475 D EGL_emulation: eglMakeCurrent: 0xdb91b320: ver 2 0 (tinfo 0xdb90fcf0)
12-02 18:34:36.935 27417 27475 I chatty  : uid=10159(ru.iteco.fmhandroid) RenderThread identical 1 line
12-02 18:34:36.963 27417 27475 D EGL_emulation: eglMakeCurrent: 0xdb91b320: ver 2 0 (tinfo 0xdb90fcf0)
12-02 18:34:36.985  2010  2041 E memtrack: Couldn't load memtrack module
12-02 18:34:36.985  2010  2041 W android.os.Debug: failed to get memory consumption info: -1
12-02 18:34:37.001 27417 27475 D EGL_emulation: eglMakeCurrent: 0xdb91b320: ver 2 0 (tinfo 0xdb90fcf0)
12-02 18:34:37.036 27417 27475 D EGL_emulation: eglMakeCurrent: 0xdb91b320: ver 2 0 (tinfo 0xdb90fcf0)
12-02 18:34:37.263 27417 27417 I ViewInteraction: Performing 'wait for a specific view with <an instance of android.widget.TextView and view.getText() with or without transformation to match: is "About"> during 10000 millis.' action on view view.getRootView() to equal view
12-02 18:34:37.268 27417 27417 I ViewInteraction: Performing 'single click' action on view an instance of android.widget.TextView and view.getText() with or without transformation to match: is "About"
12-02 18:34:37.460 27417 27475 D EGL_emulation: eglMakeCurrent: 0xdb91b320: ver 2 0 (tinfo 0xdb90fcf0)
12-02 18:34:37.497 27417 27475 D EGL_emulation: eglMakeCurrent: 0xdb91b320: ver 2 0 (tinfo 0xdb90fcf0)
12-02 18:34:37.574 27417 27417 I ViewInteraction: Performing 'wait for a specific view with <view.getId() is <2131230735>> during 10000 millis.' action on view view.getRootView() to equal view
12-02 18:34:37.579 27417 27417 I ViewInteraction: Performing 'single click' action on view view.getId() is <2131230735/ru.iteco.fmhandroid:id/about_back_image_button>
12-02 18:34:38.051 27417 27417 I ViewInteraction: Performing 'wait for a specific view with <an instance of android.widget.TextView and view.getText() with or without transformation to match: is "News"> during 10000 millis.' action on view view.getRootView() to equal view
12-02 18:34:38.056 27417 27417 I ViewInteraction: Checking 'MatchesViewAssertion{viewMatcher=(view has effective visibility <VISIBLE> and view.getGlobalVisibleRect() to return non-empty rectangle)}' assertion on view an instance of android.widget.TextView and view.getText() with or without transformation to match: is "News"
12-02 18:34:38.061 27417 27417 I ViewInteraction: Performing 'wait for a specific view with <view.getId() is <2131230951>> during 10000 millis.' action on view view.getRootView() to equal view
12-02 18:34:38.068 27417 27417 I ViewInteraction: Checking 'MatchesViewAssertion{viewMatcher=(view has effective visibility <VISIBLE> and view.getGlobalVisibleRect() to return non-empty rectangle)}' assertion on view view.getId() is <2131230951/ru.iteco.fmhandroid:id/container_list_news_include_on_fragment_main>
12-02 18:34:38.072 27417 27417 I ViewInteraction: Performing 'wait for a specific view with <view.getId() is <2131230949>> during 10000 millis.' action on view view.getRootView() to equal view
12-02 18:34:38.078 27417 27417 I ViewInteraction: Checking 'MatchesViewAssertion{viewMatcher=(view has effective visibility <VISIBLE> and view.getGlobalVisibleRect() to return non-empty rectangle)}' assertion on view view.getId() is <2131230949/ru.iteco.fmhandroid:id/container_list_claim_include_on_fragment_main>
12-02 18:34:38.084 27417 27417 I ViewInteraction: Performing 'wait for a specific view with <an instance of android.widget.TextView and view.getText() with or without transformation to match: is "Claims"> during 10000 millis.' action on view view.getRootView() to equal view
12-02 18:34:38.089 27417 27417 I ViewInteraction: Checking 'MatchesViewAssertion{viewMatcher=(view has effective visibility <VISIBLE> and view.getGlobalVisibleRect() to return non-empty rectangle)}' assertion on view an instance of android.widget.TextView and view.getText() with or without transformation to match: is "Claims"
12-02 18:34:38.098  2010  4756 W InputReader: Device has associated, but no associated display id.
12-02 18:34:38.098  2010  4756 I chatty  : uid=1000(system) Binder:2010_11 identical 8 lines
12-02 18:34:38.098  2010  4756 W InputReader: Device has associated, but no associated display id.
12-02 18:34:38.103 27417 27417 W teco.fmhandroi: Accessing hidden field Landroid/app/Activity;->mResultCode:I (greylist, reflection, allowed)
12-02 18:34:38.103 27417 27417 W teco.fmhandroi: Accessing hidden field Landroid/app/Activity;->mResultData:Landroid/content/Intent; (greylist, reflection, allowed)
12-02 18:34:38.110 27417 27417 D LifecycleMonitor: Lifecycle status change: ru.iteco.fmhandroid.ui.AppActivity@1763eeb in: PAUSED
12-02 18:34:38.120  2010  4756 W InputReader: Device has associated, but no associated display id.
12-02 18:34:38.121  2010  4756 I chatty  : uid=1000(system) Binder:2010_11 identical 8 lines
12-02 18:34:38.121  2010  4756 W InputReader: Device has associated, but no associated display id.
12-02 18:34:38.135 27417 27456 V FA      : Recording user engagement, ms: 17068
12-02 18:34:38.146 27417 27462 I TestRunner: finished: shouldGoBackBut(ru.iteco.fmhandroid.ui.AboutPageTest)
12-02 18:34:38.162  1772  1875 D gralloc_ranchu: gralloc_alloc: Creating ashmem region of size 14749696
12-02 18:34:38.188  1772  1875 D gralloc_ranchu: gralloc_alloc: Creating ashmem region of size 14749696
12-02 18:34:38.193  1772  6832 D gralloc_ranchu: gralloc_alloc: Creating ashmem region of size 14749696
12-02 18:34:38.202  3139  3664 D EGL_emulation: eglMakeCurrent: 0xdb91c460: ver 2 0 (tinfo 0xbe64a3f0)
12-02 18:34:38.205  1772  1875 D gralloc_ranchu: gralloc_alloc: Creating ashmem region of size 14749696
12-02 18:34:38.210  1772  1875 D gralloc_ranchu: gralloc_alloc: Creating ashmem region of size 14749696
12-02 18:34:38.211  1772  1873 D gralloc_ranchu: gralloc_alloc: Creating ashmem region of size 14749696
12-02 18:34:38.240  2448  3326 D EGL_emulation: eglMakeCurrent: 0xe3a07ba0: ver 2 0 (tinfo 0xe3a93b30)
12-02 18:34:38.258  3139  3139 W ThreadPoolDumper: Queue length for executor EventBus is now 11. Perhaps some tasks are too long, or the pool is too small.
12-02 18:34:38.287  3139  3568 W SessionLifecycleManager: Handover failed. Creating new session controller.
12-02 18:34:38.295  2010  2037 W InputReader: Device has associated, but no associated display id.
12-02 18:34:38.296  2010  2037 I chatty  : uid=1000(system) android.anim identical 8 lines
12-02 18:34:38.296  2010  2037 W InputReader: Device has associated, but no associated display id.
12-02 18:34:38.302  1772  1873 D gralloc_ranchu: gralloc_alloc: Creating ashmem region of size 9441280
12-02 18:34:38.310  2169  2501 D EGL_emulation: eglMakeCurrent: 0xdb91a600: ver 2 0 (tinfo 0xdb90f8d0)
--------- beginning of system
12-02 18:34:38.355  2010  2010 W ActivityManager: Unable to start service Intent { act=android.service.appprediction.AppPredictionService cmp=com.google.android.as/com.google.android.apps.miphone.aiai.app.AiAiPredictionService } U=0: not found
12-02 18:34:38.355  2010  2010 W RemoteAppPredictionService: could not bind to Intent { act=android.service.appprediction.AppPredictionService cmp=com.google.android.as/com.google.android.apps.miphone.aiai.app.AiAiPredictionService } using flags 67108865
12-02 18:34:38.376  1788  1788 E Layer   : [Surface(name=AppWindowToken{e44e437 token=Token{8e32d36 ActivityRecord{89f0ed1 u0 com.google.android.apps.nexuslauncher/.NexusLauncherActivity t2562}}})/@0xb44cf46 - animation-leash#0] No local sync point found
12-02 18:34:38.376  1788  1788 E Layer   : [Surface(name=AppWindowToken{cb75880 token=Token{38b1103 ActivityRecord{1e1db2 u0 ru.iteco.fmhandroid/.ui.AppActivity t3149}}})/@0x30ade86 - animation-leash#0] No local sync point found
12-02 18:34:38.381 27417 27475 D EGL_emulation: eglMakeCurrent: 0xdb91b320: ver 2 0 (tinfo 0xdb90fcf0)
12-02 18:34:38.426  2010  6726 D HostConnection: HostConnection::get() New Host Connection established 0xb4601c80, tid 6726
12-02 18:34:38.433 27417 27417 D LifecycleMonitor: Lifecycle status change: ru.iteco.fmhandroid.ui.AppActivity@1763eeb in: STOPPED
12-02 18:34:38.447 27417 27456 V FA      : Connecting to remote service
12-02 18:34:38.460  2010  6726 D HostConnection: HostComposition ext ANDROID_EMU_CHECKSUM_HELPER_v1 ANDROID_EMU_dma_v1 ANDROID_EMU_direct_mem ANDROID_EMU_host_composition_v1 ANDROID_EMU_host_composition_v2 ANDROID_EMU_vulkan ANDROID_EMU_deferred_vulkan_commands ANDROID_EMU_vulkan_null_optional_strings ANDROID_EMU_vulkan_create_resources_with_requirements ANDROID_EMU_YUV_Cache ANDROID_EMU_vulkan_ignored_handles ANDROID_EMU_vulkan_free_memory_sync ANDROID_EMU_vulkan_shader_float16_int8 ANDROID_EMU_vulkan_async_queue_submit ANDROID_EMU_sync_buffer_data GL_OES_vertex_array_object GL_KHR_texture_compression_astc_ldr ANDROID_EMU_host_side_tracing ANDROID_EMU_gles_max_version_2 
12-02 18:34:38.460  2010  6726 W OpenGLRenderer: Failed to choose config with EGL_SWAP_BEHAVIOR_PRESERVED, retrying without...
12-02 18:34:38.475 27417 27456 V FA      : Connection attempt already in progress
12-02 18:34:38.475 27417 27456 V FA      : Activity paused, time: 87714522
12-02 18:34:38.476 27417 27506 I okhttp.OkHttpClient: <-- HTTP FAILED: java.net.SocketException: Socket closed
12-02 18:34:38.478 27417 27417 W System.err: ru.iteco.fmhandroid.exceptions.UnknownException
12-02 18:34:38.493  2448  2466 I s.nexuslaunche: NativeAlloc concurrent copying GC freed 2668(207KB) AllocSpace objects, 0(0B) LOS objects, 49% free, 2757KB/5515KB, paused 14.717ms total 104.926ms
12-02 18:34:38.510  2448  2468 W System  : A resource failed to call release. 
12-02 18:34:38.510  2448  2468 W System  : A resource failed to call release. 
12-02 18:34:38.517  3139 27241 W LocationOracle: No location history returned by ContextManager
12-02 18:34:38.521 27417 27417 W System.err: 	at ru.iteco.fmhandroid.utils.Utils.makeRequest(Utils.kt:123)
12-02 18:34:38.521 27417 27417 W System.err: 	at ru.iteco.fmhandroid.utils.Utils$makeRequest$1.invokeSuspend(Unknown Source:15)
12-02 18:34:38.521 27417 27417 W System.err: 	at kotlin.coroutines.jvm.internal.BaseContinuationImpl.resumeWith(ContinuationImpl.kt:33)
12-02 18:34:38.521 27417 27417 W System.err: 	at kotlinx.coroutines.DispatchedTaskKt.resume(DispatchedTask.kt:234)
12-02 18:34:38.522 27417 27417 W System.err: 	at kotlinx.coroutines.DispatchedTaskKt.resumeUnconfined(DispatchedTask.kt:190)
12-02 18:34:38.522 27417 27417 W System.err: 	at kotlinx.coroutines.DispatchedTaskKt.dispatch(DispatchedTask.kt:161)
12-02 18:34:38.530 27417 27417 W System.err: 	at kotlinx.coroutines.CancellableContinuationImpl.dispatchResume(CancellableContinuationImpl.kt:397)
12-02 18:34:38.531  2010  6726 D EGL_emulation: eglCreateContext: 0xd856c380: maj 2 min 0 rcv 2
12-02 18:34:38.538 27417 27417 W System.err: 	at kotlinx.coroutines.CancellableContinuationImpl.cancel(CancellableContinuationImpl.kt:183)
12-02 18:34:38.538 27417 27417 W System.err: 	at kotlinx.coroutines.CancellableContinuationImpl.parentCancelled$kotlinx_coroutines_core(CancellableContinuationImpl.kt:190)
12-02 18:34:38.538 27417 27417 W System.err: 	at kotlinx.coroutines.ChildContinuation.invoke(JobSupport.kt:1474)
12-02 18:34:38.539 27417 27417 W System.err: 	at kotlinx.coroutines.JobSupport.notifyCancelling(JobSupport.kt:1499)
12-02 18:34:38.540 27417 27417 W System.err: 	at kotlinx.coroutines.JobSupport.tryMakeCancelling(JobSupport.kt:795)
12-02 18:34:38.540 27417 27417 W System.err: 	at kotlinx.coroutines.JobSupport.makeCancelling(JobSupport.kt:755)
12-02 18:34:38.541 27417 27417 W System.err: 	at kotlinx.coroutines.JobSupport.cancelImpl$kotlinx_coroutines_core(JobSupport.kt:671)
12-02 18:34:38.541 27417 27417 W System.err: 	at kotlinx.coroutines.JobSupport.parentCancelled(JobSupport.kt:637)
12-02 18:34:38.541 27417 27417 W System.err: 	at kotlinx.coroutines.ChildHandleNode.invoke(JobSupport.kt:1465)
12-02 18:34:38.541 27417 27417 W System.err: 	at kotlinx.coroutines.JobSupport.notifyCancelling(JobSupport.kt:1499)
12-02 18:34:38.541 27417 27417 W System.err: 	at kotlinx.coroutines.JobSupport.tryMakeCompletingSlowPath(JobSupport.kt:900)
12-02 18:34:38.541 27417 27417 W System.err: 	at kotlinx.coroutines.JobSupport.tryMakeCompleting(JobSupport.kt:863)
12-02 18:34:38.541 27417 27417 W System.err: 	at kotlinx.coroutines.JobSupport.cancelMakeCompleting(JobSupport.kt:696)
12-02 18:34:38.542 27417 27417 W System.err: 	at kotlinx.coroutines.JobSupport.cancelImpl$kotlinx_coroutines_core(JobSupport.kt:667)
12-02 18:34:38.542 27417 27417 W System.err: 	at kotlinx.coroutines.JobSupport.cancelInternal(JobSupport.kt:632)
12-02 18:34:38.542 27417 27417 W System.err: 	at kotlinx.coroutines.JobSupport.cancel(JobSupport.kt:617)
12-02 18:34:38.542 27417 27417 W System.err: 	at kotlinx.coroutines.JobKt__JobKt.cancel(Job.kt:561)
12-02 18:34:38.542 27417 27417 W System.err: 	at kotlinx.coroutines.JobKt.cancel(Unknown Source:1)
12-02 18:34:38.542 27417 27417 W System.err: 	at kotlinx.coroutines.JobKt__JobKt.cancel$default(Job.kt:560)
12-02 18:34:38.542 27417 27417 W System.err: 	at kotlinx.coroutines.JobKt.cancel$default(Unknown Source:1)
12-02 18:34:38.542 27417 27417 W System.err: 	at androidx.lifecycle.CloseableCoroutineScope.close(ViewModel.kt:51)
12-02 18:34:38.542 27417 27417 W System.err: 	at androidx.lifecycle.ViewModel.closeWithRuntimeException(ViewModel.java:188)
12-02 18:34:38.542 27417 27417 W System.err: 	at androidx.lifecycle.ViewModel.clear(ViewModel.java:134)
12-02 18:34:38.543 27417 27417 W System.err: 	at androidx.lifecycle.ViewModelStore.clear(ViewModelStore.java:62)
12-02 18:34:38.543 27417 27417 W System.err: 	at androidx.fragment.app.FragmentManagerViewModel.clearNonConfigStateInternal(FragmentManagerViewModel.java:210)
12-02 18:34:38.543 27417 27417 W System.err: 	at androidx.fragment.app.FragmentManagerViewModel.clearNonConfigState(FragmentManagerViewModel.java:190)
12-02 18:34:38.543 27417 27417 W System.err: 	at androidx.fragment.app.FragmentStateManager.destroy(FragmentStateManager.java:778)
12-02 18:34:38.543 27417 27417 W System.err: 	at androidx.fragment.app.FragmentStateManager.moveToExpectedState(FragmentStateManager.java:335)
12-02 18:34:38.546  3139  3568 I MicroDetectionWorker: #startMicroDetector [speakerMode: 0]
12-02 18:34:38.547  3139  3568 W ErrorReporter: reportError [type: 211, code: 393244, bug: 0]: errorCode: 393244, engine: 0
12-02 18:34:38.548  2010  6726 D EGL_emulation: eglMakeCurrent: 0xd856c380: ver 2 0 (tinfo 0xbf01f330)
12-02 18:34:38.553 27417 27417 W System.err: 	at androidx.fragment.app.FragmentStore.moveToExpectedState(FragmentStore.java:113)
12-02 18:34:38.555  3139  3568 I MicroDetector: Keeping mic open: false
12-02 18:34:38.555  3139  3568 I MicroDetectionWorker: #onError(false)
12-02 18:34:38.555 27417 27417 W System.err: 	at androidx.fragment.app.FragmentManager.moveToState(FragmentManager.java:1374)
12-02 18:34:38.555 27417 27417 W System.err: 	at androidx.fragment.app.FragmentManager.dispatchStateChange(FragmentManager.java:2841)
12-02 18:34:38.558 27417 27417 W System.err: 	at androidx.fragment.app.FragmentManager.dispatchDestroy(FragmentManager.java:2820)
12-02 18:34:38.559 27417 27417 W System.err: 	at androidx.fragment.app.Fragment.performDestroy(Fragment.java:3246)
12-02 18:34:38.559 27417 27417 W System.err: 	at androidx.fragment.app.FragmentStateManager.destroy(FragmentStateManager.java:780)
12-02 18:34:38.559 27417 27417 W System.err: 	at androidx.fragment.app.FragmentStateManager.moveToExpectedState(FragmentStateManager.java:335)
12-02 18:34:38.559 27417 27417 W System.err: 	at androidx.fragment.app.SpecialEffectsController$FragmentStateManagerOperation.complete(SpecialEffectsController.java:771)
12-02 18:34:38.559 27417 27417 W System.err: 	at androidx.fragment.app.SpecialEffectsController$Operation.cancel(SpecialEffectsController.java:615)
12-02 18:34:38.559 27417 27417 W System.err: 	at androidx.fragment.app.SpecialEffectsController.forceCompleteAllOperations(SpecialEffectsController.java:350)
12-02 18:34:38.560 27417 27417 W System.err: 	at androidx.fragment.app.FragmentManager.dispatchStateChange(FragmentManager.java:2844)
12-02 18:34:38.560 27417 27417 W System.err: 	at androidx.fragment.app.FragmentManager.dispatchDestroy(FragmentManager.java:2820)
12-02 18:34:38.560 27417 27417 W System.err: 	at androidx.fragment.app.FragmentController.dispatchDestroy(FragmentController.java:345)
12-02 18:34:38.561 27417 27417 W System.err: 	at androidx.fragment.app.FragmentActivity.onDestroy(FragmentActivity.java:306)
12-02 18:34:38.563 27417 27417 W System.err: 	at androidx.appcompat.app.AppCompatActivity.onDestroy(AppCompatActivity.java:278)
12-02 18:34:38.563 27417 27417 W System.err: 	at android.app.Activity.performDestroy(Activity.java:8048)
12-02 18:34:38.563 27417 27417 W System.err: 	at android.app.Instrumentation.callActivityOnDestroy(Instrumentation.java:1334)
12-02 18:34:38.563 27417 27417 W System.err: 	at androidx.test.runner.MonitoringInstrumentation.callActivityOnDestroy(MonitoringInstrumentation.java:766)
12-02 18:34:38.569 27417 27417 W System.err: 	at android.app.ActivityThread.performDestroyActivity(ActivityThread.java:4926)
12-02 18:34:38.569 27417 27417 W System.err: 	at android.app.ActivityThread.handleDestroyActivity(ActivityThread.java:4970)
12-02 18:34:38.569 27417 27417 W System.err: 	at android.app.servertransaction.DestroyActivityItem.execute(DestroyActivityItem.java:44)
12-02 18:34:38.569 27417 27417 W System.err: 	at android.app.servertransaction.TransactionExecutor.executeLifecycleState(TransactionExecutor.java:176)
12-02 18:34:38.569 27417 27417 W System.err: 	at android.app.servertransaction.TransactionExecutor.execute(TransactionExecutor.java:97)
12-02 18:34:38.570 27417 27417 W System.err: 	at android.app.ActivityThread$H.handleMessage(ActivityThread.java:2016)
12-02 18:34:38.570 27417 27417 W System.err: 	at android.os.Handler.dispatchMessage(Handler.java:107)
12-02 18:34:38.570 27417 27417 W System.err: 	at android.os.Looper.loop(Looper.java:214)
12-02 18:34:38.570 27417 27417 W System.err: 	at android.app.ActivityThread.main(ActivityThread.java:7356)
12-02 18:34:38.570 27417 27417 W System.err: 	at java.lang.reflect.Method.invoke(Native Method)
12-02 18:34:38.570 27417 27417 W System.err: 	at com.android.internal.os.RuntimeInit$MethodAndArgsCaller.run(RuntimeInit.java:492)
12-02 18:34:38.570 27417 27417 W System.err: 	at com.android.internal.os.ZygoteInit.main(ZygoteInit.java:930)
12-02 18:34:38.581  2169  2187 I ndroid.systemu: NativeAlloc concurrent copying GC freed 3576(273KB) AllocSpace objects, 0(0B) LOS objects, 49% free, 5992KB/11MB, paused 1.173ms total 184.369ms
12-02 18:34:38.612 27417 27417 W System.err: ru.iteco.fmhandroid.exceptions.UnknownException
12-02 18:34:38.612 27417 27417 W System.err: 	at ru.iteco.fmhandroid.utils.Utils.makeRequest(Utils.kt:123)
12-02 18:34:38.612 27417 27417 W System.err: 	at ru.iteco.fmhandroid.utils.Utils$makeRequest$1.invokeSuspend(Unknown Source:15)
12-02 18:34:38.612 27417 27417 W System.err: 	at kotlin.coroutines.jvm.internal.BaseContinuationImpl.resumeWith(ContinuationImpl.kt:33)
12-02 18:34:38.612 27417 27417 W System.err: 	at kotlinx.coroutines.DispatchedTaskKt.resume(DispatchedTask.kt:234)
12-02 18:34:38.612 27417 27417 W System.err: 	at kotlinx.coroutines.DispatchedTaskKt.resumeUnconfined(DispatchedTask.kt:190)
12-02 18:34:38.612 27417 27417 W System.err: 	at kotlinx.coroutines.DispatchedTaskKt.dispatch(DispatchedTask.kt:161)
12-02 18:34:38.613 27417 27417 W System.err: 	at kotlinx.coroutines.CancellableContinuationImpl.dispatchResume(CancellableContinuationImpl.kt:397)
12-02 18:34:38.613 27417 27417 W System.err: 	at kotlinx.coroutines.CancellableContinuationImpl.cancel(CancellableContinuationImpl.kt:183)
12-02 18:34:38.613 27417 27417 W System.err: 	at kotlinx.coroutines.CancellableContinuationImpl.parentCancelled$kotlinx_coroutines_core(CancellableContinuationImpl.kt:190)
12-02 18:34:38.613 27417 27417 W System.err: 	at kotlinx.coroutines.ChildContinuation.invoke(JobSupport.kt:1474)
12-02 18:34:38.613 27417 27417 W System.err: 	at kotlinx.coroutines.JobSupport.notifyCancelling(JobSupport.kt:1499)
12-02 18:34:38.613 27417 27417 W System.err: 	at kotlinx.coroutines.JobSupport.tryMakeCancelling(JobSupport.kt:795)
12-02 18:34:38.613 27417 27417 W System.err: 	at kotlinx.coroutines.JobSupport.makeCancelling(JobSupport.kt:755)
12-02 18:34:38.613 27417 27417 W System.err: 	at kotlinx.coroutines.JobSupport.cancelImpl$kotlinx_coroutines_core(JobSupport.kt:671)
12-02 18:34:38.613 27417 27417 W System.err: 	at kotlinx.coroutines.JobSupport.parentCancelled(JobSupport.kt:637)
12-02 18:34:38.613 27417 27417 W System.err: 	at kotlinx.coroutines.ChildHandleNode.invoke(JobSupport.kt:1465)
12-02 18:34:38.613 27417 27417 W System.err: 	at kotlinx.coroutines.JobSupport.notifyCancelling(JobSupport.kt:1499)
12-02 18:34:38.613 27417 27417 W System.err: 	at kotlinx.coroutines.JobSupport.tryMakeCompletingSlowPath(JobSupport.kt:900)
12-02 18:34:38.613 27417 27417 W System.err: 	at kotlinx.coroutines.JobSupport.tryMakeCompleting(JobSupport.kt:863)
12-02 18:34:38.613 27417 27417 W System.err: 	at kotlinx.coroutines.JobSupport.cancelMakeCompleting(JobSupport.kt:696)
12-02 18:34:38.615 27417 27417 W System.err: 	at kotlinx.coroutines.JobSupport.cancelImpl$kotlinx_coroutines_core(JobSupport.kt:667)
12-02 18:34:38.615 27417 27417 W System.err: 	at kotlinx.coroutines.JobSupport.cancelInternal(JobSupport.kt:632)
12-02 18:34:38.615 27417 27417 W System.err: 	at kotlinx.coroutines.JobSupport.cancel(JobSupport.kt:617)
12-02 18:34:38.615 27417 27417 W System.err: 	at kotlinx.coroutines.JobKt__JobKt.cancel(Job.kt:561)
12-02 18:34:38.622  2584  3808 W GCoreFlp: No location to return for getLastLocation()
12-02 18:34:38.624 27417 27417 W System.err: 	at kotlinx.coroutines.JobKt.cancel(Unknown Source:1)
12-02 18:34:38.625 27417 27417 W System.err: 	at kotlinx.coroutines.JobKt__JobKt.cancel$default(Job.kt:560)
12-02 18:34:38.625 27417 27417 W System.err: 	at kotlinx.coroutines.JobKt.cancel$default(Unknown Source:1)
12-02 18:34:38.625 27417 27417 W System.err: 	at androidx.lifecycle.CloseableCoroutineScope.close(ViewModel.kt:51)
12-02 18:34:38.625 27417 27417 W System.err: 	at androidx.lifecycle.ViewModel.closeWithRuntimeException(ViewModel.java:188)
12-02 18:34:38.625 27417 27417 W System.err: 	at androidx.lifecycle.ViewModel.clear(ViewModel.java:134)
12-02 18:34:38.625 27417 27417 W System.err: 	at androidx.lifecycle.ViewModelStore.clear(ViewModelStore.java:62)
12-02 18:34:38.625 27417 27417 W System.err: 	at androidx.fragment.app.FragmentManagerViewModel.clearNonConfigStateInternal(FragmentManagerViewModel.java:210)
12-02 18:34:38.626 27417 27417 W System.err: 	at androidx.fragment.app.FragmentManagerViewModel.clearNonConfigState(FragmentManagerViewModel.java:190)
12-02 18:34:38.626 27417 27417 W System.err: 	at androidx.fragment.app.FragmentStateManager.destroy(FragmentStateManager.java:778)
12-02 18:34:38.626 27417 27417 W System.err: 	at androidx.fragment.app.FragmentStateManager.moveToExpectedState(FragmentStateManager.java:335)
12-02 18:34:38.626 27417 27417 W System.err: 	at androidx.fragment.app.FragmentStore.moveToExpectedState(FragmentStore.java:113)
12-02 18:34:38.626 27417 27417 W System.err: 	at androidx.fragment.app.FragmentManager.moveToState(FragmentManager.java:1374)
12-02 18:34:38.626 27417 27417 W System.err: 	at androidx.fragment.app.FragmentManager.dispatchStateChange(FragmentManager.java:2841)
12-02 18:34:38.626 27417 27417 W System.err: 	at androidx.fragment.app.FragmentManager.dispatchDestroy(FragmentManager.java:2820)
12-02 18:34:38.626 27417 27417 W System.err: 	at androidx.fragment.app.Fragment.performDestroy(Fragment.java:3246)
12-02 18:34:38.626 27417 27417 W System.err: 	at androidx.fragment.app.FragmentStateManager.destroy(FragmentStateManager.java:780)
12-02 18:34:38.626 27417 27417 W System.err: 	at androidx.fragment.app.FragmentStateManager.moveToExpectedState(FragmentStateManager.java:335)
12-02 18:34:38.627 27417 27417 W System.err: 	at androidx.fragment.app.SpecialEffectsController$FragmentStateManagerOperation.complete(SpecialEffectsController.java:771)
12-02 18:34:38.627 27417 27417 W System.err: 	at androidx.fragment.app.SpecialEffectsController$Operation.cancel(SpecialEffectsController.java:615)
12-02 18:34:38.627 27417 27417 W System.err: 	at androidx.fragment.app.SpecialEffectsController.forceCompleteAllOperations(SpecialEffectsController.java:350)
12-02 18:34:38.627 27417 27417 W System.err: 	at androidx.fragment.app.FragmentManager.dispatchStateChange(FragmentManager.java:2844)
12-02 18:34:38.627 27417 27417 W System.err: 	at androidx.fragment.app.FragmentManager.dispatchDestroy(FragmentManager.java:2820)
12-02 18:34:38.627 27417 27417 W System.err: 	at androidx.fragment.app.FragmentController.dispatchDestroy(FragmentController.java:345)
12-02 18:34:38.627 27417 27417 W System.err: 	at androidx.fragment.app.FragmentActivity.onDestroy(FragmentActivity.java:306)
12-02 18:34:38.627 27417 27417 W System.err: 	at androidx.appcompat.app.AppCompatActivity.onDestroy(AppCompatActivity.java:278)
12-02 18:34:38.627 27417 27417 W System.err: 	at android.app.Activity.performDestroy(Activity.java:8048)
12-02 18:34:38.627 27417 27417 W System.err: 	at android.app.Instrumentation.callActivityOnDestroy(Instrumentation.java:1334)
12-02 18:34:38.627 27417 27417 W System.err: 	at androidx.test.runner.MonitoringInstrumentation.callActivityOnDestroy(MonitoringInstrumentation.java:766)
12-02 18:34:38.627 27417 27417 W System.err: 	at android.app.ActivityThread.performDestroyActivity(ActivityThread.java:4926)
12-02 18:34:38.627 27417 27417 W System.err: 	at android.app.ActivityThread.handleDestroyActivity(ActivityThread.java:4970)
12-02 18:34:38.627 27417 27417 W System.err: 	at android.app.servertransaction.DestroyActivityItem.execute(DestroyActivityItem.java:44)
12-02 18:34:38.627 27417 27417 W System.err: 	at android.app.servertransaction.TransactionExecutor.executeLifecycleState(TransactionExecutor.java:176)
12-02 18:34:38.628 27417 27417 W System.err: 	at android.app.servertransaction.TransactionExecutor.execute(TransactionExecutor.java:97)
12-02 18:34:38.628 27417 27417 W System.err: 	at android.app.ActivityThread$H.handleMessage(ActivityThread.java:2016)
12-02 18:34:38.628 27417 27417 W System.err: 	at android.os.Handler.dispatchMessage(Handler.java:107)
12-02 18:34:38.628 27417 27417 W System.err: 	at android.os.Looper.loop(Looper.java:214)
12-02 18:34:38.630 27417 27417 W System.err: 	at android.app.ActivityThread.main(ActivityThread.java:7356)
12-02 18:34:38.630 27417 27417 W System.err: 	at java.lang.reflect.Method.invoke(Native Method)
12-02 18:34:38.631 27417 27417 W System.err: 	at com.android.internal.os.RuntimeInit$MethodAndArgsCaller.run(RuntimeInit.java:492)
12-02 18:34:38.631 27417 27417 W System.err: 	at com.android.internal.os.ZygoteInit.main(ZygoteInit.java:930)
12-02 18:34:38.667 27417 27417 D LifecycleMonitor: Lifecycle status change: ru.iteco.fmhandroid.ui.AppActivity@1763eeb in: DESTROYED
12-02 18:34:38.740 27417 27456 D FA      : Connected to remote service
12-02 18:34:38.747  2584 27352 W ctxmgr  : [AclManager] No 3 for (accnt=account#-517948760#, com.google.android.gms(10114):UserVelocityProducer, vrsn=202414022, 0, 3pPkg = null ,  3pMdlId = null ,  pid = 2584). Was: 3 for 1, account#-517948760# [CONTEXT service_id=47 ]
12-02 18:34:38.754 27417 27456 V FA      : Processing queued up service tasks: 2
12-02 18:34:38.805 27417 27462 I TestRunner: started: shouldOpenPrivacyPolicyDetailsPage(ru.iteco.fmhandroid.ui.AboutPageTest)
12-02 18:34:38.893  2584 25495 I LogUtils: [Places]: ?: Couldn't find platform key file. [CONTEXT service_id=253 ]
12-02 18:34:38.919  2584  3808 W GCoreFlp: No location to return for getLastLocation()
12-02 18:34:38.940 27417 27462 W ActivityTestRule: getActivityIntent() returned null using default: Intent(Intent.ACTION_MAIN)
12-02 18:34:38.952  2010  2346 I ActivityTaskManager: START u0 {act=android.intent.action.MAIN flg=0x10000000 cmp=ru.iteco.fmhandroid/.ui.AppActivity} from uid 10159
12-02 18:34:38.970  2881 27465 V FA-SVC  : Logging event: origin=auto,name=user_engagement(_e),params=Bundle[{ga_event_origin(_o)=auto, engagement_time_msec(_et)=17068, ga_screen_class(_sc)=AppActivity, ga_screen_id(_si)=3017685358783873453}]
12-02 18:34:38.982  2010  2088 W InputReader: Device has associated, but no associated display id.
12-02 18:34:38.988  2010  2088 I chatty  : uid=1000(system) Binder:2010_3 identical 38 lines
12-02 18:34:38.988  2010  2088 W InputReader: Device has associated, but no associated display id.
12-02 18:34:38.991 27417 27417 W ActivityThread: handleWindowVisibility: no activity for token android.os.BinderProxy@cb824ea
12-02 18:34:39.029 27417 27417 D LifecycleMonitor: Lifecycle status change: ru.iteco.fmhandroid.ui.AppActivity@26ba5b6 in: PRE_ON_CREATE
12-02 18:34:39.035 27417 27452 V FA      : onActivityCreated
12-02 18:34:39.054  1772  1873 D gralloc_ranchu: gralloc_alloc: Creating ashmem region of size 14749696
12-02 18:34:39.091 27417 27417 D LifecycleMonitor: Lifecycle status change: ru.iteco.fmhandroid.ui.AppActivity@26ba5b6 in: CREATED
12-02 18:34:39.176  2881 27465 V FA-SVC  : Upload scheduled in approximately ms: 2643136
12-02 18:34:39.176  2881 27465 V FA-SVC  : Unscheduling upload
12-02 18:34:39.185  2881 27465 V FA-SVC  : Scheduling upload, millis: 2643136
12-02 18:34:39.187  2881 27465 V FA-SVC  : Background event processing time, ms: 249
12-02 18:34:39.252  2584 27352 I ctxmgr  : [ProducerStatusImpl] updateStateForNewContextData: inactive, contextName=7 [CONTEXT service_id=47 ]
12-02 18:34:39.307  2584 27496 I LogUtils: [Places]: ?: Couldn't find platform key file. [CONTEXT service_id=253 ]
12-02 18:34:39.308  2584 27516 I PlacesLogger: [PlaceInferenceEngine]: [anon] Changed inference mode: 0 [CONTEXT service_id=253 ]
12-02 18:34:39.313  2584 27519 I LogUtils: [Places]: ?: Couldn't find platform key file. [CONTEXT service_id=253 ]
12-02 18:34:39.336 27417 27417 D LifecycleMonitor: Lifecycle status change: ru.iteco.fmhandroid.ui.AppActivity@26ba5b6 in: STARTED
12-02 18:34:39.337 27417 27417 D LifecycleMonitor: Lifecycle status change: ru.iteco.fmhandroid.ui.AppActivity@26ba5b6 in: RESUMED
12-02 18:34:39.339 27417 27456 V FA      : Activity resumed, time: 87715745
12-02 18:34:39.347  2584 27520 I LogUtils: [Places]: ?: Couldn't find platform key file. [CONTEXT service_id=253 ]
12-02 18:34:39.365  2010  2037 W InputReader: Device has associated, but no associated display id.
12-02 18:34:39.365  2010  2037 I chatty  : uid=1000(system) android.anim identical 8 lines
12-02 18:34:39.365  2010  2037 W InputReader: Device has associated, but no associated display id.
12-02 18:34:39.376  2584  3808 W GCoreFlp: No location to return for getLastLocation()
12-02 18:34:39.382  2584 27520 I LogUtils: [Places]: ?: Couldn't find platform key file. [CONTEXT service_id=253 ]
12-02 18:34:39.388  2584  2584 I GeofencerStateMachine: removeGeofences: removeRequest=RemoveGeofencingRequest[REMOVE_BY_PENDING_INTENT pendingIntent=PendingIntent[creatorPackage=com.google.android.gms], packageName=com.google.android.gms]
12-02 18:34:39.412  2584  2584 I GeofencerStateMachine: removeGeofences: removeRequest=RemoveGeofencingRequest[REMOVE_BY_PENDING_INTENT pendingIntent=PendingIntent[creatorPackage=com.google.android.gms], packageName=com.google.android.gms]
12-02 18:34:39.414  3139  3664 D EGL_emulation: eglMakeCurrent: 0xdb91c460: ver 2 0 (tinfo 0xbe64a3f0)
12-02 18:34:39.424  2448  3326 D EGL_emulation: eglMakeCurrent: 0xe3a07ba0: ver 2 0 (tinfo 0xe3a93b30)
12-02 18:34:39.440  2584 27521 I LogUtils: [Places]: ?: Couldn't find platform key file. [CONTEXT service_id=253 ]
12-02 18:34:39.455  2584 27520 I .gms.persisten: IncrementDisableThreadFlip blocked for 9.240ms
12-02 18:34:39.456  2584  2633 I .gms.persisten: IncrementDisableThreadFlip blocked for 9.636ms
12-02 18:34:39.464  1772  1873 D gralloc_ranchu: gralloc_alloc: Creating ashmem region of size 14749696
12-02 18:34:39.472  2169  2501 D EGL_emulation: eglMakeCurrent: 0xdb91a600: ver 2 0 (tinfo 0xdb90f8d0)
12-02 18:34:39.484  2584  3808 W GCoreFlp: No location to return for getLastLocation()
12-02 18:34:39.494  2584 27520 E SQLiteDatabase: Error inserting flex_time=2643000 job_id=-1 period=5287000 source=16 requires_charging=0 preferred_network_type=1 target_class=com.google.android.gms.measurement.PackageMeasurementTaskService user_id=0 target_package=com.google.android.gms tag=Measurement.PackageMeasurementTaskService.UPLOAD_TASK_TAG task_type=0 required_idleness_state=0 service_kind=0 source_version=202414000 persistence_level=1 preferred_charging_state=1 required_network_type=0 runtime=1669995279402 retry_strategy={"maximum_backoff_seconds":{"3600":0},"initial_backoff_seconds":{"30":0},"retry_policy":{"0":0}} last_runtime=0
12-02 18:34:39.494  2584 27520 E SQLiteDatabase: android.database.sqlite.SQLiteConstraintException: UNIQUE constraint failed: pending_ops.tag, pending_ops.target_class, pending_ops.target_package, pending_ops.user_id (code 2067 SQLITE_CONSTRAINT_UNIQUE)
12-02 18:34:39.494  2584 27520 E SQLiteDatabase: 	at android.database.sqlite.SQLiteConnection.nativeExecuteForLastInsertedRowId(Native Method)
12-02 18:34:39.494  2584 27520 E SQLiteDatabase: 	at android.database.sqlite.SQLiteConnection.executeForLastInsertedRowId(SQLiteConnection.java:879)
12-02 18:34:39.494  2584 27520 E SQLiteDatabase: 	at android.database.sqlite.SQLiteSession.executeForLastInsertedRowId(SQLiteSession.java:790)
12-02 18:34:39.494  2584 27520 E SQLiteDatabase: 	at android.database.sqlite.SQLiteStatement.executeInsert(SQLiteStatement.java:88)
12-02 18:34:39.494  2584 27520 E SQLiteDatabase: 	at android.database.sqlite.SQLiteDatabase.insertWithOnConflict(SQLiteDatabase.java:1599)
12-02 18:34:39.494  2584 27520 E SQLiteDatabase: 	at android.database.sqlite.SQLiteDatabase.insert(SQLiteDatabase.java:1468)
12-02 18:34:39.494  2584 27520 E SQLiteDatabase: 	at aqui.a(:com.google.android.gms@202414022@20.24.14 (040700-319035315):175)
12-02 18:34:39.494  2584 27520 E SQLiteDatabase: 	at aqtk.a(:com.google.android.gms@202414022@20.24.14 (040700-319035315):182)
12-02 18:34:39.494  2584 27520 E SQLiteDatabase: 	at aqtk.a(:com.google.android.gms@202414022@20.24.14 (040700-319035315):23)
12-02 18:34:39.494  2584 27520 E SQLiteDatabase: 	at aqtk.a(:com.google.android.gms@202414022@20.24.14 (040700-319035315):177)
12-02 18:34:39.494  2584 27520 E SQLiteDatabase: 	at aqpu.run(:com.google.android.gms@202414022@20.24.14 (040700-319035315):9)
12-02 18:34:39.494  2584 27520 E SQLiteDatabase: 	at soy.b(:com.google.android.gms@202414022@20.24.14 (040700-319035315):12)
12-02 18:34:39.494  2584 27520 E SQLiteDatabase: 	at soy.run(:com.google.android.gms@202414022@20.24.14 (040700-319035315):7)
12-02 18:34:39.494  2584 27520 E SQLiteDatabase: 	at java.util.concurrent.ThreadPoolExecutor.runWorker(ThreadPoolExecutor.java:1167)
12-02 18:34:39.494  2584 27520 E SQLiteDatabase: 	at java.util.concurrent.ThreadPoolExecutor$Worker.run(ThreadPoolExecutor.java:641)
12-02 18:34:39.494  2584 27520 E SQLiteDatabase: 	at sux.run(:com.google.android.gms@202414022@20.24.14 (040700-319035315):0)
12-02 18:34:39.494  2584 27520 E SQLiteDatabase: 	at java.lang.Thread.run(Thread.java:919)
12-02 18:34:39.508  1772  1873 D gralloc_ranchu: gralloc_alloc: Creating ashmem region of size 14749696
12-02 18:34:39.509  1772  1873 D gralloc_ranchu: gralloc_alloc: Creating ashmem region of size 14749696
12-02 18:34:39.531 27417 27475 D EGL_emulation: eglMakeCurrent: 0xdb91b320: ver 2 0 (tinfo 0xdb90fcf0)
12-02 18:34:39.540  2584  2599 I .gms.persisten: Background young concurrent copying GC freed 54344(3170KB) AllocSpace objects, 61(3892KB) LOS objects, 38% free, 9451KB/15MB, paused 7.042ms total 131.169ms
12-02 18:34:39.571  1772  1873 D gralloc_ranchu: gralloc_alloc: Creating ashmem region of size 14749696
12-02 18:34:39.619 27417 27430 I teco.fmhandroi: NativeAlloc concurrent copying GC freed 68227(3368KB) AllocSpace objects, 6(248KB) LOS objects, 49% free, 5140KB/10MB, paused 19.379ms total 300.110ms
12-02 18:34:39.622  2584 27516 I LogUtils: [Places]: ?: PlacesBleScanner start() with priority 2 [CONTEXT service_id=253 ]
12-02 18:34:39.628  2010  2025 I system_server: NativeAlloc concurrent copying GC freed 51249(2352KB) AllocSpace objects, 18(568KB) LOS objects, 22% free, 20MB/26MB, paused 1.325ms total 875.357ms
12-02 18:34:39.632  2584 27516 I PlacesLogger: [PlaceInferenceEngine]: [anon] Changed inference mode: 1 [CONTEXT service_id=253 ]
12-02 18:34:39.688  2010  2041 I ActivityTaskManager: Displayed ru.iteco.fmhandroid/.ui.AppActivity: +680ms
12-02 18:34:39.707  2584  2584 E BeaconBle: Missing BluetoothAdapter [CONTEXT service_id=111 ]
12-02 18:34:39.707  2584  2584 I BeaconBle: BLE 'KK+' software access layer enabled [CONTEXT service_id=111 ]
12-02 18:34:39.713  3139 27249 I PBSessionCacheImpl: Deleted sessionId[429016813199] from persistence.
12-02 18:34:39.714  3139  3568 W SearchServiceCore: Abort, client detached.
12-02 18:34:39.736  1772  1873 D gralloc_ranchu: gralloc_alloc: Creating ashmem region of size 14749696
12-02 18:34:39.773  2584  2584 I BeaconBle: Client requested scan, settings=BleSettings [scanMode=ZERO_POWER, callbackType=ALL_MATCHES, reportDelayMillis=0, 1 filters, 0 clients, callingClientName=Places] [CONTEXT service_id=111 ]
12-02 18:34:39.773  2584  2584 I BeaconBle: Scan : No clients left, canceling alarm. [CONTEXT service_id=111 ]
12-02 18:34:39.776  2584  3808 W GCoreFlp: No location to return for getLastLocation()
12-02 18:34:39.777  2584  2584 E BeaconBle: Scan couldn't start for Places [CONTEXT service_id=111 ]
12-02 18:34:39.778  2584  2584 W Places  : BLE failure while scanning - code 5
12-02 18:34:39.806  2881 27465 V FA-SVC  : Logging event: origin=auto,name=screen_view(_vs),params=Bundle[{ga_event_origin(_o)=auto, ga_previous_class(_pc)=AppActivity, ga_previous_id(_pi)=3017685358783873453, ga_screen_class(_sc)=AppActivity, ga_screen_id(_si)=3017685358783873454}]
12-02 18:34:39.845  2881 27465 V FA-SVC  : Upload scheduled in approximately ms: 2642467
12-02 18:34:39.845  2881 27465 V FA-SVC  : Unscheduling upload
12-02 18:34:39.850  2881 27465 V FA-SVC  : Scheduling upload, millis: 2642467
12-02 18:34:39.862  2881 27465 V FA-SVC  : Background event processing time, ms: 56
12-02 18:34:39.903  2584 27519 E SQLiteDatabase: Error inserting flex_time=2642000 job_id=-1 period=5285000 source=16 requires_charging=0 preferred_network_type=1 target_class=com.google.android.gms.measurement.PackageMeasurementTaskService user_id=0 target_package=com.google.android.gms tag=Measurement.PackageMeasurementTaskService.UPLOAD_TASK_TAG task_type=0 required_idleness_state=0 service_kind=0 source_version=202414000 persistence_level=1 preferred_charging_state=1 required_network_type=0 runtime=1669995279889 retry_strategy={"maximum_backoff_seconds":{"3600":0},"initial_backoff_seconds":{"30":0},"retry_policy":{"0":0}} last_runtime=0
12-02 18:34:39.903  2584 27519 E SQLiteDatabase: android.database.sqlite.SQLiteConstraintException: UNIQUE constraint failed: pending_ops.tag, pending_ops.target_class, pending_ops.target_package, pending_ops.user_id (code 2067 SQLITE_CONSTRAINT_UNIQUE)
12-02 18:34:39.903  2584 27519 E SQLiteDatabase: 	at android.database.sqlite.SQLiteConnection.nativeExecuteForLastInsertedRowId(Native Method)
12-02 18:34:39.903  2584 27519 E SQLiteDatabase: 	at android.database.sqlite.SQLiteConnection.executeForLastInsertedRowId(SQLiteConnection.java:879)
12-02 18:34:39.903  2584 27519 E SQLiteDatabase: 	at android.database.sqlite.SQLiteSession.executeForLastInsertedRowId(SQLiteSession.java:790)
12-02 18:34:39.903  2584 27519 E SQLiteDatabase: 	at android.database.sqlite.SQLiteStatement.executeInsert(SQLiteStatement.java:88)
12-02 18:34:39.903  2584 27519 E SQLiteDatabase: 	at android.database.sqlite.SQLiteDatabase.insertWithOnConflict(SQLiteDatabase.java:1599)
12-02 18:34:39.903  2584 27519 E SQLiteDatabase: 	at android.database.sqlite.SQLiteDatabase.insert(SQLiteDatabase.java:1468)
12-02 18:34:39.903  2584 27519 E SQLiteDatabase: 	at aqui.a(:com.google.android.gms@202414022@20.24.14 (040700-319035315):175)
12-02 18:34:39.903  2584 27519 E SQLiteDatabase: 	at aqtk.a(:com.google.android.gms@202414022@20.24.14 (040700-319035315):182)
12-02 18:34:39.903  2584 27519 E SQLiteDatabase: 	at aqtk.a(:com.google.android.gms@202414022@20.24.14 (040700-319035315):23)
12-02 18:34:39.903  2584 27519 E SQLiteDatabase: 	at aqtk.a(:com.google.android.gms@202414022@20.24.14 (040700-319035315):177)
12-02 18:34:39.903  2584 27519 E SQLiteDatabase: 	at aqpu.run(:com.google.android.gms@202414022@20.24.14 (040700-319035315):9)
12-02 18:34:39.903  2584 27519 E SQLiteDatabase: 	at soy.b(:com.google.android.gms@202414022@20.24.14 (040700-319035315):12)
12-02 18:34:39.903  2584 27519 E SQLiteDatabase: 	at soy.run(:com.google.android.gms@202414022@20.24.14 (040700-319035315):7)
12-02 18:34:39.903  2584 27519 E SQLiteDatabase: 	at java.util.concurrent.ThreadPoolExecutor.runWorker(ThreadPoolExecutor.java:1167)
12-02 18:34:39.903  2584 27519 E SQLiteDatabase: 	at java.util.concurrent.ThreadPoolExecutor$Worker.run(ThreadPoolExecutor.java:641)
12-02 18:34:39.903  2584 27519 E SQLiteDatabase: 	at sux.run(:com.google.android.gms@202414022@20.24.14 (040700-319035315):0)
12-02 18:34:39.903  2584 27519 E SQLiteDatabase: 	at java.lang.Thread.run(Thread.java:919)
12-02 18:34:39.925  2010  2346 D WificondControl: Scan result ready event
12-02 18:34:40.243 27417 27417 I ViewInteraction: Performing 'wait for a specific view with <(an instance of android.widget.TextView and view.getText() with or without transformation to match: is "Authorization" and view.getParent() view.getParent() view.getId() is <2131231186>)> during 10000 millis.' action on view view.getRootView() to equal view
12-02 18:34:40.763  1750  1962 W audio_hw_generic: Not supplying enough data to HAL, expected position 382911291 , only wrote 382621172
12-02 18:34:42.337 27417 27483 I okhttp.OkHttpClient: --> GET http://www.981757-ca08998.tmweb.ru:8080/fmh/authentication/userInfo
12-02 18:34:42.337 27417 27483 I okhttp.OkHttpClient: --> END GET
12-02 18:34:42.511 27417 27483 I okhttp.OkHttpClient: <-- 200 http://www.981757-ca08998.tmweb.ru:8080/fmh/authentication/userInfo (174ms)
12-02 18:34:42.512 27417 27483 I okhttp.OkHttpClient: Vary: Origin
12-02 18:34:42.512 27417 27483 I okhttp.OkHttpClient: Vary: Access-Control-Request-Method
12-02 18:34:42.512 27417 27483 I okhttp.OkHttpClient: Vary: Access-Control-Request-Headers
12-02 18:34:42.512 27417 27483 I okhttp.OkHttpClient: X-Content-Type-Options: nosniff
12-02 18:34:42.512 27417 27483 I okhttp.OkHttpClient: X-XSS-Protection: 1; mode=block
12-02 18:34:42.512 27417 27483 I okhttp.OkHttpClient: Cache-Control: no-cache, no-store, max-age=0, must-revalidate
12-02 18:34:42.512 27417 27483 I okhttp.OkHttpClient: Pragma: no-cache
12-02 18:34:42.512 27417 27483 I okhttp.OkHttpClient: Expires: 0
12-02 18:34:42.512 27417 27483 I okhttp.OkHttpClient: X-Frame-Options: DENY
12-02 18:34:42.512 27417 27483 I okhttp.OkHttpClient: Content-Type: application/json
12-02 18:34:42.512 27417 27483 I okhttp.OkHttpClient: Transfer-Encoding: chunked
12-02 18:34:42.512 27417 27483 I okhttp.OkHttpClient: Date: Fri, 02 Dec 2022 15:34:44 GMT
