12-06 14:17:23.174 14295 14295 I ViewInteraction: Checking 'MatchesViewAssertion{viewMatcher=(view has effective visibility <VISIBLE> and view.getGlobalVisibleRect() to return non-empty rectangle)}' assertion on view (view.getId() is <2131231039/ru.iteco.fmhandroid:id/enter_button> and an instance of android.widget.TextView and view.getText() with or without transformation to match: is "SIGN IN" and view.getContentDescription() is "Save" and view.getParent() view.getParent() an instance of android.widget.RelativeLayout)
12-06 14:17:23.176 14295 14339 W teco.fmhandroi: Accessing hidden method Lsun/misc/Unsafe;->compareAndSwapObject(Ljava/lang/Object;JLjava/lang/Object;Ljava/lang/Object;)Z (greylist, linking, allowed)
12-06 14:17:23.180 14295 14295 I ViewInteraction: Performing 'wait for a specific view with <(an instance of android.widget.TextView and view.getText() with or without transformation to match: is "Authorization" and view.getParent() view.getParent() view.getId() is <2131231186>)> during 10000 millis.' action on view view.getRootView() to equal view
12-06 14:17:23.184 14295 14339 W teco.fmhandroi: Accessing hidden method Lsun/misc/Unsafe;->compareAndSwapObject(Ljava/lang/Object;JLjava/lang/Object;Ljava/lang/Object;)Z (greylist, linking, allowed)
12-06 14:17:23.185 14295 14413 W teco.fmhandroi: Accessing hidden method Lsun/misc/Unsafe;->compareAndSwapObject(Ljava/lang/Object;JLjava/lang/Object;Ljava/lang/Object;)Z (greylist, linking, allowed)
12-06 14:17:23.188 14295 14295 I ViewInteraction: Checking 'MatchesViewAssertion{viewMatcher=(view has effective visibility <VISIBLE> and view.getGlobalVisibleRect() to return non-empty rectangle)}' assertion on view (an instance of android.widget.TextView and view.getText() with or without transformation to match: is "Authorization" and view.getParent() view.getParent() view.getId() is <2131231186/ru.iteco.fmhandroid:id/nav_host_fragment>)
12-06 14:17:23.190 14295 14339 W teco.fmhandroi: Accessing hidden method Lsun/misc/Unsafe;->compareAndSwapObject(Ljava/lang/Object;JLjava/lang/Object;Ljava/lang/Object;)Z (greylist, linking, allowed)
12-06 14:17:23.194 14295 14295 I ViewInteraction: Performing 'wait for a specific view with <(an instance of android.widget.TextView and view.getHint() matching: is "Login" and view.getParent() view.getParent() view.getId() is <2131231121/ru.iteco.fmhandroid:id/login_text_input_layout>)> during 10000 millis.' action on view view.getRootView() to equal view
12-06 14:17:23.197 14295 14339 W teco.fmhandroi: Accessing hidden method Lsun/misc/Unsafe;->compareAndSwapObject(Ljava/lang/Object;JLjava/lang/Object;Ljava/lang/Object;)Z (greylist, linking, allowed)
12-06 14:17:23.203 14295 14413 W teco.fmhandroi: Accessing hidden method Lsun/misc/Unsafe;->compareAndSwapObject(Ljava/lang/Object;JLjava/lang/Object;Ljava/lang/Object;)Z (greylist, linking, allowed)
12-06 14:17:23.204 14295 14295 I ViewInteraction: Checking 'MatchesViewAssertion{viewMatcher=(view has effective visibility <VISIBLE> and view.getGlobalVisibleRect() to return non-empty rectangle)}' assertion on view (an instance of android.widget.TextView and view.getHint() matching: is "Login" and view.getParent() view.getParent() view.getId() is <2131231121/ru.iteco.fmhandroid:id/login_text_input_layout>)
12-06 14:17:23.208 14295 14339 W teco.fmhandroi: Accessing hidden method Lsun/misc/Unsafe;->compareAndSwapObject(Ljava/lang/Object;JLjava/lang/Object;Ljava/lang/Object;)Z (greylist, linking, allowed)
12-06 14:17:23.232 14295 14295 I ViewInteraction: Performing 'wait for a specific view with <(an instance of android.widget.TextView and view.getHint() matching: is "Password" and view.getParent() view.getParent() view.getId() is <2131231264/ru.iteco.fmhandroid:id/password_text_input_layout>)> during 10000 millis.' action on view view.getRootView() to equal view
12-06 14:17:23.237 14295 14339 W teco.fmhandroi: Accessing hidden method Lsun/misc/Unsafe;->compareAndSwapObject(Ljava/lang/Object;JLjava/lang/Object;Ljava/lang/Object;)Z (greylist, linking, allowed)
12-06 14:17:23.244 14295 14295 I ViewInteraction: Checking 'MatchesViewAssertion{viewMatcher=(view has effective visibility <VISIBLE> and view.getGlobalVisibleRect() to return non-empty rectangle)}' assertion on view (an instance of android.widget.TextView and view.getHint() matching: is "Password" and view.getParent() view.getParent() view.getId() is <2131231264/ru.iteco.fmhandroid:id/password_text_input_layout>)
12-06 14:17:23.246 14295 14339 W teco.fmhandroi: Accessing hidden method Lsun/misc/Unsafe;->compareAndSwapObject(Ljava/lang/Object;JLjava/lang/Object;Ljava/lang/Object;)Z (greylist, linking, allowed)
12-06 14:17:23.253 14295 14295 I ViewInteraction: Performing 'wait for a specific view with <(view.getId() is <2131231039/ru.iteco.fmhandroid:id/enter_button> and an instance of android.widget.TextView and view.getText() with or without transformation to match: is "SIGN IN" and view.getContentDescription() is "Save" and view.getParent() view.getParent() an instance of android.widget.RelativeLayout)> during 10000 millis.' action on view view.getRootView() to equal view
12-06 14:17:23.258 14295 14339 W teco.fmhandroi: Accessing hidden method Lsun/misc/Unsafe;->compareAndSwapObject(Ljava/lang/Object;JLjava/lang/Object;Ljava/lang/Object;)Z (greylist, linking, allowed)
12-06 14:17:23.265 14295 14295 I ViewInteraction: Checking 'MatchesViewAssertion{viewMatcher=(view has effective visibility <VISIBLE> and view.getGlobalVisibleRect() to return non-empty rectangle)}' assertion on view (view.getId() is <2131231039/ru.iteco.fmhandroid:id/enter_button> and an instance of android.widget.TextView and view.getText() with or without transformation to match: is "SIGN IN" and view.getContentDescription() is "Save" and view.getParent() view.getParent() an instance of android.widget.RelativeLayout)
12-06 14:17:23.270 14295 14339 W teco.fmhandroi: Accessing hidden method Lsun/misc/Unsafe;->compareAndSwapObject(Ljava/lang/Object;JLjava/lang/Object;Ljava/lang/Object;)Z (greylist, linking, allowed)
12-06 14:17:23.278 14295 14295 I ViewInteraction: Performing 'wait for a specific view with <(an instance of android.widget.TextView and view.getHint() matching: is "Login" and view.getParent() view.getParent() view.getId() is <2131231121/ru.iteco.fmhandroid:id/login_text_input_layout>)> during 10000 millis.' action on view view.getRootView() to equal view
12-06 14:17:23.284 14295 14339 W teco.fmhandroi: Accessing hidden method Lsun/misc/Unsafe;->compareAndSwapObject(Ljava/lang/Object;JLjava/lang/Object;Ljava/lang/Object;)Z (greylist, linking, allowed)
12-06 14:17:23.285 14295 14413 W teco.fmhandroi: Accessing hidden method Lsun/misc/Unsafe;->compareAndSwapObject(Ljava/lang/Object;JLjava/lang/Object;Ljava/lang/Object;)Z (greylist, linking, allowed)
12-06 14:17:23.292 14295 14295 I ViewInteraction: Performing 'replace text(login2)' action on view (an instance of android.widget.TextView and view.getHint() matching: is "Login" and view.getParent() view.getParent() view.getId() is <2131231121/ru.iteco.fmhandroid:id/login_text_input_layout>)
12-06 14:17:23.324 14295 14339 W teco.fmhandroi: Accessing hidden method Lsun/misc/Unsafe;->compareAndSwapObject(Ljava/lang/Object;JLjava/lang/Object;Ljava/lang/Object;)Z (greylist, linking, allowed)
12-06 14:17:23.365 14295 14308 I teco.fmhandroi: Background young concurrent copying GC freed 106355(5030KB) AllocSpace objects, 3(120KB) LOS objects, 40% free, 6908KB/11MB, paused 1.434ms total 169.823ms
12-06 14:17:23.395 14295 14295 I ViewInteraction: Performing 'wait for a specific view with <(an instance of android.widget.TextView and view.getHint() matching: is "Password" and view.getParent() view.getParent() view.getId() is <2131231264/ru.iteco.fmhandroid:id/password_text_input_layout>)> during 10000 millis.' action on view view.getRootView() to equal view
12-06 14:17:23.400 14295 14339 W teco.fmhandroi: Accessing hidden method Lsun/misc/Unsafe;->compareAndSwapObject(Ljava/lang/Object;JLjava/lang/Object;Ljava/lang/Object;)Z (greylist, linking, allowed)
12-06 14:17:23.407 14295 14295 I ViewInteraction: Performing 'replace text(password2)' action on view (an instance of android.widget.TextView and view.getHint() matching: is "Password" and view.getParent() view.getParent() view.getId() is <2131231264/ru.iteco.fmhandroid:id/password_text_input_layout>)
12-06 14:17:23.418 14295 14339 W teco.fmhandroi: Accessing hidden method Lsun/misc/Unsafe;->compareAndSwapObject(Ljava/lang/Object;JLjava/lang/Object;Ljava/lang/Object;)Z (greylist, linking, allowed)
12-06 14:17:23.442 14295 14295 I ViewInteraction: Performing 'wait for a specific view with <(view.getId() is <2131231039/ru.iteco.fmhandroid:id/enter_button> and an instance of android.widget.TextView and view.getText() with or without transformation to match: is "SIGN IN" and view.getContentDescription() is "Save" and view.getParent() view.getParent() an instance of android.widget.RelativeLayout)> during 10000 millis.' action on view view.getRootView() to equal view
12-06 14:17:23.447 14295 14339 W teco.fmhandroi: Accessing hidden method Lsun/misc/Unsafe;->compareAndSwapObject(Ljava/lang/Object;JLjava/lang/Object;Ljava/lang/Object;)Z (greylist, linking, allowed)
12-06 14:17:23.453 14295 14295 I ViewInteraction: Checking 'MatchesViewAssertion{viewMatcher=view.isClickable() is <true>}' assertion on view (view.getId() is <2131231039/ru.iteco.fmhandroid:id/enter_button> and an instance of android.widget.TextView and view.getText() with or without transformation to match: is "SIGN IN" and view.getContentDescription() is "Save" and view.getParent() view.getParent() an instance of android.widget.RelativeLayout)
12-06 14:17:23.456 14295 14339 W teco.fmhandroi: Accessing hidden method Lsun/misc/Unsafe;->compareAndSwapObject(Ljava/lang/Object;JLjava/lang/Object;Ljava/lang/Object;)Z (greylist, linking, allowed)
12-06 14:17:23.461 14295 14295 I ViewInteraction: Performing 'wait for a specific view with <(view.getId() is <2131231039/ru.iteco.fmhandroid:id/enter_button> and an instance of android.widget.TextView and view.getText() with or without transformation to match: is "SIGN IN" and view.getContentDescription() is "Save" and view.getParent() view.getParent() an instance of android.widget.RelativeLayout)> during 10000 millis.' action on view view.getRootView() to equal view
12-06 14:17:23.467 14295 14339 W teco.fmhandroi: Accessing hidden method Lsun/misc/Unsafe;->compareAndSwapObject(Ljava/lang/Object;JLjava/lang/Object;Ljava/lang/Object;)Z (greylist, linking, allowed)
12-06 14:17:23.471 14295 14295 I ViewInteraction: Checking 'MatchesViewAssertion{viewMatcher=view.isClickable() is <true>}' assertion on view (view.getId() is <2131231039/ru.iteco.fmhandroid:id/enter_button> and an instance of android.widget.TextView and view.getText() with or without transformation to match: is "SIGN IN" and view.getContentDescription() is "Save" and view.getParent() view.getParent() an instance of android.widget.RelativeLayout)
12-06 14:17:23.473 14295 14339 W teco.fmhandroi: Accessing hidden method Lsun/misc/Unsafe;->compareAndSwapObject(Ljava/lang/Object;JLjava/lang/Object;Ljava/lang/Object;)Z (greylist, linking, allowed)
12-06 14:17:23.477 14295 14295 I ViewInteraction: Performing 'wait for a specific view with <(view.getId() is <2131231039/ru.iteco.fmhandroid:id/enter_button> and an instance of android.widget.TextView and view.getText() with or without transformation to match: is "SIGN IN" and view.getContentDescription() is "Save" and view.getParent() view.getParent() an instance of android.widget.RelativeLayout)> during 10000 millis.' action on view view.getRootView() to equal view
12-06 14:17:23.479 14295 14339 W teco.fmhandroi: Accessing hidden method Lsun/misc/Unsafe;->compareAndSwapObject(Ljava/lang/Object;JLjava/lang/Object;Ljava/lang/Object;)Z (greylist, linking, allowed)
12-06 14:17:23.487 14295 14295 I ViewInteraction: Performing 'single click' action on view (view.getId() is <2131231039/ru.iteco.fmhandroid:id/enter_button> and an instance of android.widget.TextView and view.getText() with or without transformation to match: is "SIGN IN" and view.getContentDescription() is "Save" and view.getParent() view.getParent() an instance of android.widget.RelativeLayout)
12-06 14:17:23.562 14295 14418 I okhttp.OkHttpClient: --> POST http://www.981757-ca08998.tmweb.ru:8080/fmh/authentication/login
12-06 14:17:23.564 14295 14418 I okhttp.OkHttpClient: Content-Type: application/json; charset=UTF-8
12-06 14:17:23.564 14295 14418 I okhttp.OkHttpClient: Content-Length: 41
12-06 14:17:23.565 14295 14418 I okhttp.OkHttpClient: {"login":"login2","password":"password2"}
12-06 14:17:23.565 14295 14418 I okhttp.OkHttpClient: --> END POST (41-byte body)
12-06 14:17:23.573  1744 14419 E ResolverController: No valid NAT64 prefix (100, <unspecified>/0)
12-06 14:17:23.810 14295 14339 W teco.fmhandroi: Accessing hidden method Lsun/misc/Unsafe;->compareAndSwapObject(Ljava/lang/Object;JLjava/lang/Object;Ljava/lang/Object;)Z (greylist, linking, allowed)
12-06 14:17:23.814 14295 14295 I ViewInteraction: Performing 'wait for a specific view with <an instance of android.widget.TextView and view.getText() with or without transformation to match: is "News"> during 10000 millis.' action on view view.getRootView() to equal view
12-06 14:17:25.136 14295 14418 I okhttp.OkHttpClient: <-- 200 http://www.981757-ca08998.tmweb.ru:8080/fmh/authentication/login (1570ms)
12-06 14:17:25.136 14295 14418 I okhttp.OkHttpClient: Vary: Origin
12-06 14:17:25.136 14295 14418 I okhttp.OkHttpClient: Vary: Access-Control-Request-Method
12-06 14:17:25.136 14295 14418 I okhttp.OkHttpClient: Vary: Access-Control-Request-Headers
12-06 14:17:25.136 14295 14418 I okhttp.OkHttpClient: X-Content-Type-Options: nosniff
12-06 14:17:25.136 14295 14418 I okhttp.OkHttpClient: X-XSS-Protection: 1; mode=block
12-06 14:17:25.136 14295 14418 I okhttp.OkHttpClient: Cache-Control: no-cache, no-store, max-age=0, must-revalidate
12-06 14:17:25.136 14295 14418 I okhttp.OkHttpClient: Pragma: no-cache
12-06 14:17:25.136 14295 14418 I okhttp.OkHttpClient: Expires: 0
12-06 14:17:25.136 14295 14418 I okhttp.OkHttpClient: X-Frame-Options: DENY
12-06 14:17:25.136 14295 14418 I okhttp.OkHttpClient: Content-Type: application/json
12-06 14:17:25.137 14295 14418 I okhttp.OkHttpClient: Transfer-Encoding: chunked
12-06 14:17:25.137 14295 14418 I okhttp.OkHttpClient: Date: Tue, 06 Dec 2022 14:17:26 GMT
12-06 14:17:25.137 14295 14418 I okhttp.OkHttpClient: Keep-Alive: timeout=60
12-06 14:17:25.137 14295 14418 I okhttp.OkHttpClient: Connection: keep-alive
12-06 14:17:25.137 14295 14418 I okhttp.OkHttpClient: {"accessToken":"eyJhbGciOiJIUzUxMiJ9.eyJzdWIiOiJsb2dpbjIiLCJqdGkiOiIyIiwiZXhwIjoxNjcwNDIyNjQ1fQ.IVilJ3jm_RHxZo5QiFJQ20zkWa8IL2evDBOfFe-xUnWfQ7bY34ua0mBu8sUNDb_HF3hucM9X-f2rNUsSUKjpcw","refreshToken":"eyJhbGciOiJIUzUxMiJ9.eyJzdWIiOiJsb2dpbjIiLCJqdGkiOiIyIiwiZXhwIjoxNjcyOTI4MjQ1fQ.DKVWsGj9IOUvXEoc9TwvjxUmn6TAmG070v641Wqk68KCT4bNOihIYAQktCpufNWsJR0oXORUwRZvr63mh1UQNw"}
12-06 14:17:25.137 14295 14418 I okhttp.OkHttpClient: <-- END HTTP (368-byte body)
12-06 14:17:25.159 14295 14396 I okhttp.OkHttpClient: --> GET http://www.981757-ca08998.tmweb.ru:8080/fmh/authentication/userInfo
12-06 14:17:25.159 14295 14396 I okhttp.OkHttpClient: --> END GET
12-06 14:17:25.444 14295 14396 I okhttp.OkHttpClient: <-- 200 http://www.981757-ca08998.tmweb.ru:8080/fmh/authentication/userInfo (285ms)
12-06 14:17:25.444 14295 14396 I okhttp.OkHttpClient: Vary: Origin
12-06 14:17:25.444 14295 14396 I okhttp.OkHttpClient: Vary: Access-Control-Request-Method
12-06 14:17:25.445 14295 14396 I okhttp.OkHttpClient: Vary: Access-Control-Request-Headers
12-06 14:17:25.445 14295 14396 I okhttp.OkHttpClient: X-Content-Type-Options: nosniff
12-06 14:17:25.445 14295 14396 I okhttp.OkHttpClient: X-XSS-Protection: 1; mode=block
12-06 14:17:25.445 14295 14396 I okhttp.OkHttpClient: Cache-Control: no-cache, no-store, max-age=0, must-revalidate
12-06 14:17:25.445 14295 14396 I okhttp.OkHttpClient: Pragma: no-cache
12-06 14:17:25.445 14295 14396 I okhttp.OkHttpClient: Expires: 0
12-06 14:17:25.445 14295 14396 I okhttp.OkHttpClient: X-Frame-Options: DENY
12-06 14:17:25.445 14295 14396 I okhttp.OkHttpClient: Content-Type: application/json
12-06 14:17:25.445 14295 14396 I okhttp.OkHttpClient: Transfer-Encoding: chunked
12-06 14:17:25.446 14295 14396 I okhttp.OkHttpClient: Date: Tue, 06 Dec 2022 14:17:26 GMT
12-06 14:17:25.446 14295 14396 I okhttp.OkHttpClient: Keep-Alive: timeout=60
12-06 14:17:25.446 14295 14396 I okhttp.OkHttpClient: Connection: keep-alive
12-06 14:17:25.446 14295 14396 I okhttp.OkHttpClient: {"id":2,"firstName":"Данил","lastName":"Иванов","middleName":"Данилович","admin":true}
12-06 14:17:25.446 14295 14396 I okhttp.OkHttpClient: <-- END HTTP (106-byte body)
12-06 14:17:25.463 14295 14420 I okhttp.OkHttpClient: --> GET http://www.981757-ca08998.tmweb.ru:8080/fmh/claims
12-06 14:17:25.464 14295 14420 I okhttp.OkHttpClient: --> END GET
12-06 14:17:25.575  2018  2058 E memtrack: Couldn't load memtrack module
12-06 14:17:25.575  2018  2058 W android.os.Debug: failed to get memory consumption info: -1
12-06 14:17:25.668 14295 14295 I ViewInteraction: Checking 'MatchesViewAssertion{viewMatcher=(view has effective visibility <VISIBLE> and view.getGlobalVisibleRect() to return non-empty rectangle)}' assertion on view an instance of android.widget.TextView and view.getText() with or without transformation to match: is "News"
12-06 14:17:25.670 14295 14339 W teco.fmhandroi: Accessing hidden method Lsun/misc/Unsafe;->compareAndSwapObject(Ljava/lang/Object;JLjava/lang/Object;Ljava/lang/Object;)Z (greylist, linking, allowed)
12-06 14:17:25.672 14295 14295 I ViewInteraction: Performing 'wait for a specific view with <view.getId() is <2131230951>> during 10000 millis.' action on view view.getRootView() to equal view
12-06 14:17:25.677 14295 14413 W teco.fmhandroi: Accessing hidden method Lsun/misc/Unsafe;->compareAndSwapObject(Ljava/lang/Object;JLjava/lang/Object;Ljava/lang/Object;)Z (greylist, linking, allowed)
12-06 14:17:25.680 14295 14295 I ViewInteraction: Checking 'MatchesViewAssertion{viewMatcher=(view has effective visibility <VISIBLE> and view.getGlobalVisibleRect() to return non-empty rectangle)}' assertion on view view.getId() is <2131230951/ru.iteco.fmhandroid:id/container_list_news_include_on_fragment_main>
12-06 14:17:25.682 14295 14339 W teco.fmhandroi: Accessing hidden method Lsun/misc/Unsafe;->compareAndSwapObject(Ljava/lang/Object;JLjava/lang/Object;Ljava/lang/Object;)Z (greylist, linking, allowed)
12-06 14:17:25.683 14295 14413 W teco.fmhandroi: Accessing hidden method Lsun/misc/Unsafe;->compareAndSwapObject(Ljava/lang/Object;JLjava/lang/Object;Ljava/lang/Object;)Z (greylist, linking, allowed)
12-06 14:17:25.687 14295 14295 I ViewInteraction: Performing 'wait for a specific view with <view.getId() is <2131230949>> during 10000 millis.' action on view view.getRootView() to equal view
12-06 14:17:25.691 14295 14339 W teco.fmhandroi: Accessing hidden method Lsun/misc/Unsafe;->compareAndSwapObject(Ljava/lang/Object;JLjava/lang/Object;Ljava/lang/Object;)Z (greylist, linking, allowed)
12-06 14:17:25.691 14295 14413 W teco.fmhandroi: Accessing hidden method Lsun/misc/Unsafe;->compareAndSwapObject(Ljava/lang/Object;JLjava/lang/Object;Ljava/lang/Object;)Z (greylist, linking, allowed)
12-06 14:17:25.695 14295 14295 I ViewInteraction: Checking 'MatchesViewAssertion{viewMatcher=(view has effective visibility <VISIBLE> and view.getGlobalVisibleRect() to return non-empty rectangle)}' assertion on view view.getId() is <2131230949/ru.iteco.fmhandroid:id/container_list_claim_include_on_fragment_main>
12-06 14:17:25.696 14295 14339 W teco.fmhandroi: Accessing hidden method Lsun/misc/Unsafe;->compareAndSwapObject(Ljava/lang/Object;JLjava/lang/Object;Ljava/lang/Object;)Z (greylist, linking, allowed)
12-06 14:17:25.699 14295 14295 I ViewInteraction: Performing 'wait for a specific view with <an instance of android.widget.TextView and view.getText() with or without transformation to match: is "Claims"> during 10000 millis.' action on view view.getRootView() to equal view
12-06 14:17:25.707 14295 14295 I ViewInteraction: Checking 'MatchesViewAssertion{viewMatcher=(view has effective visibility <VISIBLE> and view.getGlobalVisibleRect() to return non-empty rectangle)}' assertion on view an instance of android.widget.TextView and view.getText() with or without transformation to match: is "Claims"
12-06 14:17:25.711 14295 14413 W teco.fmhandroi: Accessing hidden method Lsun/misc/Unsafe;->compareAndSwapObject(Ljava/lang/Object;JLjava/lang/Object;Ljava/lang/Object;)Z (greylist, linking, allowed)
12-06 14:17:25.714 14295 14295 I ViewInteraction: Performing 'wait for a specific view with <view.getId() is <2131231123>> during 10000 millis.' action on view view.getRootView() to equal view
12-06 14:17:25.718 14295 14339 W teco.fmhandroi: Accessing hidden method Lsun/misc/Unsafe;->compareAndSwapObject(Ljava/lang/Object;JLjava/lang/Object;Ljava/lang/Object;)Z (greylist, linking, allowed)
12-06 14:17:25.718 14295 14413 W teco.fmhandroi: Accessing hidden method Lsun/misc/Unsafe;->compareAndSwapObject(Ljava/lang/Object;JLjava/lang/Object;Ljava/lang/Object;)Z (greylist, linking, allowed)
12-06 14:17:25.722 14295 14295 I ViewInteraction: Performing 'single click' action on view view.getId() is <2131231123/ru.iteco.fmhandroid:id/main_menu_image_button>
12-06 14:17:25.867  1776  1825 D gralloc_ranchu: gralloc_alloc: Creating ashmem region of size 2015232
12-06 14:17:25.874  1776  1825 I chatty  : uid=1000(system) HwBinder:1776_1 identical 1 line
12-06 14:17:25.876  1776  1825 D gralloc_ranchu: gralloc_alloc: Creating ashmem region of size 2015232
12-06 14:17:25.918 14295 14387 D EGL_emulation: eglMakeCurrent: 0xe593e5c0: ver 2 0 (tinfo 0xf0cc0460)
12-06 14:17:26.172 14295 14308 I teco.fmhandroi: Background concurrent copying GC freed 60593(2948KB) AllocSpace objects, 3(120KB) LOS objects, 41% free, 8637KB/14MB, paused 788us total 156.109ms
12-06 14:17:26.354 14295 14387 D EGL_emulation: eglMakeCurrent: 0xe593e5c0: ver 2 0 (tinfo 0xf0cc0460)
12-06 14:17:26.361 14295 14295 I Choreographer: Skipped 30 frames!  The application may be doing too much work on its main thread.
12-06 14:17:26.391 14295 14387 D EGL_emulation: eglMakeCurrent: 0xe593e5c0: ver 2 0 (tinfo 0xf0cc0460)
12-06 14:17:26.482 14295 14387 I chatty  : uid=10146(ru.iteco.fmhandroid) RenderThread identical 3 lines
12-06 14:17:26.503 14295 14387 D EGL_emulation: eglMakeCurrent: 0xe593e5c0: ver 2 0 (tinfo 0xf0cc0460)
12-06 14:17:26.725 14295 14339 W teco.fmhandroi: Accessing hidden method Lsun/misc/Unsafe;->compareAndSwapObject(Ljava/lang/Object;JLjava/lang/Object;Ljava/lang/Object;)Z (greylist, linking, allowed)
12-06 14:17:26.727 14295 14295 I ViewInteraction: Performing 'wait for a specific view with <an instance of android.widget.TextView and view.getText() with or without transformation to match: is "Claims"> during 10000 millis.' action on view view.getRootView() to equal view
12-06 14:17:26.732 14295 14295 I ViewInteraction: Performing 'single click' action on view an instance of android.widget.TextView and view.getText() with or without transformation to match: is "Claims"
12-06 14:17:26.906 14295 14421 I okhttp.OkHttpClient: --> GET http://www.981757-ca08998.tmweb.ru:8080/fmh/claims
12-06 14:17:26.906 14295 14421 I okhttp.OkHttpClient: --> END GET
12-06 14:17:26.914  1744 14422 E ResolverController: No valid NAT64 prefix (100, <unspecified>/0)
12-06 14:17:27.002 14295 14387 D EGL_emulation: eglMakeCurrent: 0xe593e5c0: ver 2 0 (tinfo 0xf0cc0460)
12-06 14:17:27.031 14295 14387 D EGL_emulation: eglMakeCurrent: 0xe593e5c0: ver 2 0 (tinfo 0xf0cc0460)
12-06 14:17:27.313 14295 14295 I ViewInteraction: Performing 'wait for a specific view with <view.getId() is <2131230849>> during 10000 millis.' action on view view.getRootView() to equal view
12-06 14:17:27.318 14295 14339 W teco.fmhandroi: Accessing hidden method Lsun/misc/Unsafe;->compareAndSwapObject(Ljava/lang/Object;JLjava/lang/Object;Ljava/lang/Object;)Z (greylist, linking, allowed)
12-06 14:17:27.338 14295 14295 I ViewInteraction: Performing 'single click' action on view view.getId() is <2131230849/ru.iteco.fmhandroid:id/add_new_claim_material_button>
12-06 14:17:27.410 14295 14396 I okhttp.OkHttpClient: --> GET http://www.981757-ca08998.tmweb.ru:8080/fmh/users
12-06 14:17:27.411 14295 14396 I okhttp.OkHttpClient: --> END GET
12-06 14:17:27.633 14295 14339 W teco.fmhandroi: Accessing hidden method Lsun/misc/Unsafe;->compareAndSwapObject(Ljava/lang/Object;JLjava/lang/Object;Ljava/lang/Object;)Z (greylist, linking, allowed)
12-06 14:17:27.638 14295 14295 I ViewInteraction: Performing 'wait for a specific view with <view.getId() is <2131231041>> during 10000 millis.' action on view view.getRootView() to equal view
12-06 14:17:28.414 14295 14420 I okhttp.OkHttpClient: <-- 200 http://www.981757-ca08998.tmweb.ru:8080/fmh/claims (2949ms)
12-06 14:17:28.414 14295 14420 I okhttp.OkHttpClient: Vary: Origin
12-06 14:17:28.414 14295 14420 I okhttp.OkHttpClient: Vary: Access-Control-Request-Method
12-06 14:17:28.414 14295 14420 I okhttp.OkHttpClient: Vary: Access-Control-Request-Headers
12-06 14:17:28.414 14295 14420 I okhttp.OkHttpClient: X-Content-Type-Options: nosniff
12-06 14:17:28.414 14295 14420 I okhttp.OkHttpClient: X-XSS-Protection: 1; mode=block
12-06 14:17:28.415 14295 14420 I okhttp.OkHttpClient: Cache-Control: no-cache, no-store, max-age=0, must-revalidate
12-06 14:17:28.415 14295 14420 I okhttp.OkHttpClient: Pragma: no-cache
12-06 14:17:28.415 14295 14420 I okhttp.OkHttpClient: Expires: 0
12-06 14:17:28.415 14295 14420 I okhttp.OkHttpClient: X-Frame-Options: DENY
12-06 14:17:28.415 14295 14420 I okhttp.OkHttpClient: Content-Type: application/json
12-06 14:17:28.415 14295 14420 I okhttp.OkHttpClient: Transfer-Encoding: chunked
12-06 14:17:28.415 14295 14420 I okhttp.OkHttpClient: Date: Tue, 06 Dec 2022 14:17:28 GMT
12-06 14:17:28.418 14295 14420 I okhttp.OkHttpClient: Keep-Alive: timeout=60
12-06 14:17:28.419 14295 14420 I okhttp.OkHttpClient: Connection: keep-alive
12-06 14:17:29.027 14295 14396 I okhttp.OkHttpClient: <-- 200 http://www.981757-ca08998.tmweb.ru:8080/fmh/users (1616ms)
12-06 14:17:29.027 14295 14396 I okhttp.OkHttpClient: Vary: Origin
12-06 14:17:29.027 14295 14396 I okhttp.OkHttpClient: Vary: Access-Control-Request-Method
12-06 14:17:29.027 14295 14396 I okhttp.OkHttpClient: Vary: Access-Control-Request-Headers
12-06 14:17:29.027 14295 14396 I okhttp.OkHttpClient: X-Content-Type-Options: nosniff
12-06 14:17:29.028 14295 14396 I okhttp.OkHttpClient: X-XSS-Protection: 1; mode=block
12-06 14:17:29.028 14295 14396 I okhttp.OkHttpClient: Cache-Control: no-cache, no-store, max-age=0, must-revalidate
12-06 14:17:29.028 14295 14396 I okhttp.OkHttpClient: Pragma: no-cache
12-06 14:17:29.028 14295 14396 I okhttp.OkHttpClient: Expires: 0
12-06 14:17:29.028 14295 14396 I okhttp.OkHttpClient: X-Frame-Options: DENY
12-06 14:17:29.028 14295 14396 I okhttp.OkHttpClient: Content-Type: application/json
12-06 14:17:29.028 14295 14396 I okhttp.OkHttpClient: Transfer-Encoding: chunked
12-06 14:17:29.028 14295 14396 I okhttp.OkHttpClient: Date: Tue, 06 Dec 2022 14:17:28 GMT
12-06 14:17:29.028 14295 14396 I okhttp.OkHttpClient: Keep-Alive: timeout=60
12-06 14:17:29.028 14295 14396 I okhttp.OkHttpClient: Connection: keep-alive
12-06 14:17:29.028 14295 14396 I okhttp.OkHttpClient: [{"id":1,"firstName":"Петр","lastName":"Смирнов","middleName":"Петрович","admin":true},{"id":2,"firstName":"Данил","lastName":"Иванов","middleName":"Данилович","admin":true},{"id":3,"firstName":"Егор","lastName":"Петров","middleName":"Егорович","admin":false},{"id":4,"firstName":"Дмитрий","lastName":"Сидоров","middleName":"Дмитриевич","admin":false},{"id":5,"firstName":"Тест","lastName":"Тестов","middleName":"Тестович","admin":true},{"id":6,"firstName":"Diplom","lastName":"Netology","middleName":"QAMID","admin":true}]
12-06 14:17:29.029 14295 14396 I okhttp.OkHttpClient: <-- END HTTP (622-byte body)
12-06 14:17:29.476 14295 14339 W teco.fmhandroi: Accessing hidden method Lsun/misc/Unsafe;->compareAndSwapObject(Ljava/lang/Object;JLjava/lang/Object;Ljava/lang/Object;)Z (greylist, linking, allowed)
12-06 14:17:29.481 14295 14295 I ViewInteraction: Performing 'single click' action on view view.getId() is <2131231041/ru.iteco.fmhandroid:id/executor_drop_menu_auto_complete_text_view>
12-06 14:17:29.512  2018  2058 E memtrack: Couldn't load memtrack module
12-06 14:17:29.512  2018  2058 W android.os.Debug: failed to get memory consumption info: -1
12-06 14:17:29.690  1776  1825 D gralloc_ranchu: gralloc_alloc: Creating ashmem region of size 4116480
12-06 14:17:29.701  1776  1825 I chatty  : uid=1000(system) HwBinder:1776_1 identical 1 line
12-06 14:17:29.702  1776  1825 D gralloc_ranchu: gralloc_alloc: Creating ashmem region of size 4116480
12-06 14:17:29.711 14295 14387 D EGL_emulation: eglMakeCurrent: 0xe593e5c0: ver 2 0 (tinfo 0xf0cc0460)
12-06 14:17:29.774 14295 14295 I AssistStructure: Flattened final assist data: 6984 bytes, containing 2 windows, 53 views
12-06 14:17:29.804  2018  7051 D AutofillSession: Starting partition or augmented request for view id 1073741827@911544634: STARTED_SESSION
12-06 14:17:29.826 14295 14387 D EGL_emulation: eglMakeCurrent: 0xe593e5c0: ver 2 0 (tinfo 0xf0cc0460)
12-06 14:17:29.850 14295 14295 I AssistStructure: Flattened final assist data: 6984 bytes, containing 2 windows, 53 views
12-06 14:17:29.850  2656  2656 W ktk     : Pending fill request while another request in the same session was triggered. [CONTEXT service_id=177 ]
12-06 14:17:29.860  2537  2537 W GInputConnectionWrapper: IPC IC_GET_TEXT_BEFORE_CURSOR_AND_FIX_SELECTION_INDICES took 159 ms
12-06 14:17:29.877 14295 14387 D EGL_emulation: eglMakeCurrent: 0xe593e5c0: ver 2 0 (tinfo 0xf0cc0460)
12-06 14:17:29.905  2537  2537 I KeyboardViewUtil: systemKeyboardHeightRatio:1.000000; userKeyboardHeightRatio:1.000000.
12-06 14:17:29.921  2537  2537 I AndroidIME: LatinIme.onActivate() : EditorInfo = Package = ru.iteco.fmhandroid : Type = Text : Learning = Disable : Suggestion = Show : AutoCorrection = Disable : Microphone = Show : NoPersonalizedLearning = Disable
12-06 14:17:29.949 14295 14421 I okhttp.OkHttpClient: <-- 200 http://www.981757-ca08998.tmweb.ru:8080/fmh/claims (3042ms)
12-06 14:17:29.949 14295 14421 I okhttp.OkHttpClient: Vary: Origin
12-06 14:17:29.949 14295 14421 I okhttp.OkHttpClient: Vary: Access-Control-Request-Method
12-06 14:17:29.949 14295 14421 I okhttp.OkHttpClient: Vary: Access-Control-Request-Headers
12-06 14:17:29.950 14295 14421 I okhttp.OkHttpClient: X-Content-Type-Options: nosniff
12-06 14:17:29.950 14295 14421 I okhttp.OkHttpClient: X-XSS-Protection: 1; mode=block
12-06 14:17:29.950 14295 14421 I okhttp.OkHttpClient: Cache-Control: no-cache, no-store, max-age=0, must-revalidate
12-06 14:17:29.950 14295 14421 I okhttp.OkHttpClient: Pragma: no-cache
12-06 14:17:29.951 14295 14421 I okhttp.OkHttpClient: Expires: 0
12-06 14:17:29.951 14295 14421 I okhttp.OkHttpClient: X-Frame-Options: DENY
12-06 14:17:29.951 14295 14421 I okhttp.OkHttpClient: Content-Type: application/json
12-06 14:17:29.951 14295 14421 I okhttp.OkHttpClient: Transfer-Encoding: chunked
12-06 14:17:29.951 14295 14421 I okhttp.OkHttpClient: Date: Tue, 06 Dec 2022 14:17:30 GMT
12-06 14:17:29.951 14295 14421 I okhttp.OkHttpClient: Keep-Alive: timeout=60
12-06 14:17:29.951 14295 14421 I okhttp.OkHttpClient: Connection: keep-alive
12-06 14:17:30.032  1764  6994 W audio_hw_generic: Not supplying enough data to HAL, expected position 18090281 , only wrote 18090248
12-06 14:17:30.053 14295 14387 D EGL_emulation: eglMakeCurrent: 0xe593e5c0: ver 2 0 (tinfo 0xf0cc0460)
12-06 14:17:30.065  2018  2051 D AutofillUI: destroySaveUiUiThread(): already destroyed
12-06 14:17:30.068  2656  2656 W ktk     : Pending fill request while another request in the same session was triggered. [CONTEXT service_id=177 ]
12-06 14:17:30.130 14295 14339 W teco.fmhandroi: Accessing hidden method Lsun/misc/Unsafe;->compareAndSwapObject(Ljava/lang/Object;JLjava/lang/Object;Ljava/lang/Object;)Z (greylist, linking, allowed)
12-06 14:17:30.135 14295 14295 I ViewInteraction: Performing 'close keyboard' action on view view.getRootView() to equal view
12-06 14:17:30.191  2537  2537 I Conv2QueryExtension: Current locale: en_US, config allows these locales: de,en,es,fr,it,ms,pt,ta
12-06 14:17:30.191  2537  2537 I Conv2QueryExtension: Conv2Query not enabled due to current app [ru.iteco.fmhandroid] not in whitelist
12-06 14:17:30.191  2537  2537 I Conv2QueryExtension: onActivate() : Disabled by unsupported host app
12-06 14:17:30.219  2170  2566 D EGL_emulation: eglMakeCurrent: 0xe594e040: ver 2 0 (tinfo 0xc52450c0)
12-06 14:17:30.238  2537  2537 I Choreographer: Skipped 34 frames!  The application may be doing too much work on its main thread.
12-06 14:17:30.251 14295 14308 I teco.fmhandroi: NativeAlloc concurrent copying GC freed 65221(2801KB) AllocSpace objects, 1(16KB) LOS objects, 35% free, 11MB/17MB, paused 602us total 392.852ms
12-06 14:17:30.270  1776  1825 D gralloc_ranchu: gralloc_alloc: Creating ashmem region of size 9826304
12-06 14:17:30.287  1776  1825 I chatty  : uid=1000(system) HwBinder:1776_1 identical 1 line
12-06 14:17:30.288  1776  1825 D gralloc_ranchu: gralloc_alloc: Creating ashmem region of size 9826304
12-06 14:17:30.356  2537  8546 D EGL_emulation: eglMakeCurrent: 0xc286ce00: ver 2 0 (tinfo 0xc335ede0)
12-06 14:17:30.406  1776  1825 D gralloc_ranchu: gralloc_alloc: Creating ashmem region of size 3072000
12-06 14:17:30.431 14295 14387 D EGL_emulation: eglMakeCurrent: 0xe593e5c0: ver 2 0 (tinfo 0xf0cc0460)
12-06 14:17:30.450  2537  8546 I OpenGLRenderer: Davey! duration=773ms; Flags=1, IntendedVsync=11456267836716, Vsync=11456834503360, OldestInputEvent=9223372036854775807, NewestInputEvent=0, HandleInputStart=11456847541220, AnimationStart=11456847593020, PerformTraversalsStart=11456847648320, DrawStart=11456896554720, SyncQueued=11456955912820, SyncStart=11456972194420, IssueDrawCommandsStart=11456980322020, SwapBuffers=11457040553820, FrameCompleted=11457057589720, DequeueBufferDuration=458000, QueueBufferDuration=1046000, 
12-06 14:17:30.458  1776  1825 D gralloc_ranchu: gralloc_alloc: Creating ashmem region of size 3072000
12-06 14:17:30.461 14295 14387 D EGL_emulation: eglMakeCurrent: 0xe593e5c0: ver 2 0 (tinfo 0xf0cc0460)
12-06 14:17:30.474  2537  2537 I PhenotypeExpConfig: refreshConfiguration() : Force = false : UpdateAvailable = false : Age = 71 minutes : MaxAge = 720 minutes
12-06 14:17:30.483 14295 14387 D EGL_emulation: eglMakeCurrent: 0xe593e5c0: ver 2 0 (tinfo 0xf0cc0460)
12-06 14:17:30.484  2537  2537 I AndroidIME: LatinIme.onDeactivate()
12-06 14:17:30.507  1776  1825 D gralloc_ranchu: gralloc_alloc: Creating ashmem region of size 3072000
12-06 14:17:30.523  2537  8546 D EGL_emulation: eglMakeCurrent: 0xc286ce00: ver 2 0 (tinfo 0xc335ede0)
12-06 14:17:30.552 14295 14387 D EGL_emulation: eglMakeCurrent: 0xe593e5c0: ver 2 0 (tinfo 0xf0cc0460)
12-06 14:17:30.639  1776  1825 D gralloc_ranchu: gralloc_alloc: Creating ashmem region of size 4116480
12-06 14:17:30.649 14295 14387 D EGL_emulation: eglMakeCurrent: 0xe593e5c0: ver 2 0 (tinfo 0xf0cc0460)
12-06 14:17:30.675  1776  1825 D gralloc_ranchu: gralloc_alloc: Creating ashmem region of size 4116480
12-06 14:17:30.679 14295 14387 D EGL_emulation: eglMakeCurrent: 0xe593e5c0: ver 2 0 (tinfo 0xf0cc0460)
12-06 14:17:30.692 14295 14387 D EGL_emulation: eglMakeCurrent: 0xe593e5c0: ver 2 0 (tinfo 0xf0cc0460)
12-06 14:17:30.707  1776  1825 D gralloc_ranchu: gralloc_alloc: Creating ashmem region of size 4116480
12-06 14:17:30.979 14295 14387 D EGL_emulation: eglMakeCurrent: 0xe593e5c0: ver 2 0 (tinfo 0xf0cc0460)
12-06 14:17:32.229 14295 14387 I chatty  : uid=10146(ru.iteco.fmhandroid) RenderThread identical 1 line
12-06 14:17:32.564 14295 14387 D EGL_emulation: eglMakeCurrent: 0xe593e5c0: ver 2 0 (tinfo 0xf0cc0460)
12-06 14:17:32.928  1764  1891 W audio_hw_generic: Not supplying enough data to HAL, expected position 18344666 , only wrote 18217821
12-06 14:17:33.811 14295 14295 I ViewInteraction: Checking 'MatchesViewAssertion{viewMatcher=(view has effective visibility <VISIBLE> and view.getGlobalVisibleRect() to return non-empty rectangle)}' assertion on view an instance of android.widget.TextView and view.getText() with or without transformation to match: is "Иванов Данил Данилович"
12-06 14:17:33.818 14295 14295 I ViewInteraction: Performing 'single click' action on view an instance of android.widget.TextView and view.getText() with or without transformation to match: is "Иванов Данил Данилович"
12-06 14:17:33.880 14295 14387 D EGL_emulation: eglMakeCurrent: 0xe593e5c0: ver 2 0 (tinfo 0xf0cc0460)
12-06 14:17:33.945  1764  6994 W audio_hw_generic: Not supplying enough data to HAL, expected position 18217844 , only wrote 18217821
12-06 14:17:33.963 14295 14387 D EGL_emulation: eglMakeCurrent: 0xe593e5c0: ver 2 0 (tinfo 0xf0cc0460)
12-06 14:17:33.985  2018  3061 E InputDispatcher: Window handle Window{b987a26 u0 PopupWindow:2d8e35b} has no registered input channel
12-06 14:17:33.986 14295 14387 D EGL_emulation: eglMakeCurrent: 0xe593e5c0: ver 2 0 (tinfo 0xf0cc0460)
12-06 14:17:34.105 14295 14339 W teco.fmhandroi: Accessing hidden method Lsun/misc/Unsafe;->compareAndSwapObject(Ljava/lang/Object;JLjava/lang/Object;Ljava/lang/Object;)Z (greylist, linking, allowed)
12-06 14:17:34.107 14295 14295 I ViewInteraction: Performing 'wait for a specific view with <(view.getId() is <2131231402> and view.getParent() view.getParent() view.getId() is <2131231406>)> during 10000 millis.' action on view view.getRootView() to equal view
12-06 14:17:34.109 14295 14339 W teco.fmhandroi: Accessing hidden method Lsun/misc/Unsafe;->compareAndSwapObject(Ljava/lang/Object;JLjava/lang/Object;Ljava/lang/Object;)Z (greylist, linking, allowed)
12-06 14:17:34.112 14295 14295 I ViewInteraction: Performing 'replace text(Заголовок b6991c28-63be-458f-9770-27451ad2c036)' action on view (view.getId() is <2131231402/ru.iteco.fmhandroid:id/title_edit_text> and view.getParent() view.getParent() view.getId() is <2131231406/ru.iteco.fmhandroid:id/title_text_input_layout>)
12-06 14:17:34.125 14295 14339 W teco.fmhandroi: Accessing hidden method Lsun/misc/Unsafe;->compareAndSwapObject(Ljava/lang/Object;JLjava/lang/Object;Ljava/lang/Object;)Z (greylist, linking, allowed)
12-06 14:17:34.189 14295 14295 I ViewInteraction: Performing 'wait for a specific view with <view.getId() is <2131230975>> during 10000 millis.' action on view view.getRootView() to equal view
12-06 14:17:34.192 14295 14339 W teco.fmhandroi: Accessing hidden method Lsun/misc/Unsafe;->compareAndSwapObject(Ljava/lang/Object;JLjava/lang/Object;Ljava/lang/Object;)Z (greylist, linking, allowed)
12-06 14:17:34.195 14295 14295 I ViewInteraction: Performing 'single click' action on view view.getId() is <2131230975/ru.iteco.fmhandroid:id/date_in_plan_text_input_edit_text>
12-06 14:17:34.553  1776  1825 D gralloc_ranchu: gralloc_alloc: Creating ashmem region of size 6778880
12-06 14:17:34.560  1776  1825 I chatty  : uid=1000(system) HwBinder:1776_1 identical 1 line
12-06 14:17:34.563  1776  1825 D gralloc_ranchu: gralloc_alloc: Creating ashmem region of size 6778880
12-06 14:17:34.596 14295 14387 D EGL_emulation: eglMakeCurrent: 0xe593e5c0: ver 2 0 (tinfo 0xf0cc0460)
12-06 14:17:34.830 14295 14387 I chatty  : uid=10146(ru.iteco.fmhandroid) RenderThread identical 3 lines
12-06 14:17:34.850 14295 14387 D EGL_emulation: eglMakeCurrent: 0xe593e5c0: ver 2 0 (tinfo 0xf0cc0460)
12-06 14:17:35.087 14295 14339 W teco.fmhandroi: Accessing hidden method Lsun/misc/Unsafe;->compareAndSwapObject(Ljava/lang/Object;JLjava/lang/Object;Ljava/lang/Object;)Z (greylist, linking, allowed)
12-06 14:17:35.090 14295 14295 I ViewInteraction: Performing 'wait for a specific view with <is assignable from class <class android.widget.DatePicker>> during 10000 millis.' action on view view.getRootView() to equal view
12-06 14:17:35.094 14295 14295 I ViewInteraction: Checking 'MatchesViewAssertion{viewMatcher=(view has effective visibility <VISIBLE> and view.getGlobalVisibleRect() to return non-empty rectangle)}' assertion on view is assignable from class <class android.widget.DatePicker>
12-06 14:17:35.098 14295 14295 I ViewInteraction: Performing 'wait for a specific view with <is assignable from class <class android.widget.DatePicker>> during 10000 millis.' action on view view.getRootView() to equal view
12-06 14:17:35.103 14295 14295 I ViewInteraction: Performing 'set date' action on view is assignable from class <class android.widget.DatePicker>
12-06 14:17:35.119 14295 14295 I ViewInteraction: Performing 'wait for a specific view with <view.getId() is <16908313>> during 10000 millis.' action on view view.getRootView() to equal view
12-06 14:17:35.121 14295 14339 W teco.fmhandroi: Accessing hidden method Lsun/misc/Unsafe;->compareAndSwapObject(Ljava/lang/Object;JLjava/lang/Object;Ljava/lang/Object;)Z (greylist, linking, allowed)
12-06 14:17:35.122 14295 14413 W teco.fmhandroi: Accessing hidden method Lsun/misc/Unsafe;->compareAndSwapObject(Ljava/lang/Object;JLjava/lang/Object;Ljava/lang/Object;)Z (greylist, linking, allowed)
12-06 14:17:35.126 14295 14295 I ViewInteraction: Performing 'single click' action on view view.getId() is <16908313/android:id/button1>
12-06 14:17:35.226 14295 14387 D EGL_emulation: eglMakeCurrent: 0xe593e5c0: ver 2 0 (tinfo 0xf0cc0460)
12-06 14:17:35.247  2018  7051 E InputDispatcher: Window handle Window{b127a0e u0 ru.iteco.fmhandroid/ru.iteco.fmhandroid.ui.AppActivity} has no registered input channel
12-06 14:17:35.253 14295 14387 D EGL_emulation: eglMakeCurrent: 0xe593e5c0: ver 2 0 (tinfo 0xf0cc0460)
12-06 14:17:35.514 14295 14308 I teco.fmhandroi: NativeAlloc concurrent copying GC freed 51379(2094KB) AllocSpace objects, 0(0B) LOS objects, 33% free, 11MB/17MB, paused 1.017ms total 115.740ms
12-06 14:17:35.651 14295 14339 W teco.fmhandroi: Accessing hidden method Lsun/misc/Unsafe;->compareAndSwapObject(Ljava/lang/Object;JLjava/lang/Object;Ljava/lang/Object;)Z (greylist, linking, allowed)
12-06 14:17:35.654 14295 14295 I ViewInteraction: Performing 'wait for a specific view with <(an instance of android.widget.TextView and view.getHint() matching: is "Time" and view.getParent() view.getParent() view.getId() is <2131231399>)> during 10000 millis.' action on view view.getRootView() to equal view
12-06 14:17:35.657 14295 14339 W teco.fmhandroi: Accessing hidden method Lsun/misc/Unsafe;->compareAndSwapObject(Ljava/lang/Object;JLjava/lang/Object;Ljava/lang/Object;)Z (greylist, linking, allowed)
12-06 14:17:35.661 14295 14295 I ViewInteraction: Performing 'single click' action on view (an instance of android.widget.TextView and view.getHint() matching: is "Time" and view.getParent() view.getParent() view.getId() is <2131231399/ru.iteco.fmhandroid:id/time_in_plan_text_input_layout>)
12-06 14:17:35.918  1776  1825 D gralloc_ranchu: gralloc_alloc: Creating ashmem region of size 5718016
12-06 14:17:35.922  1776  1825 I chatty  : uid=1000(system) HwBinder:1776_1 identical 1 line
12-06 14:17:35.923  1776  1825 D gralloc_ranchu: gralloc_alloc: Creating ashmem region of size 5718016
12-06 14:17:35.946 14295 14387 D EGL_emulation: eglMakeCurrent: 0xe593e5c0: ver 2 0 (tinfo 0xf0cc0460)
12-06 14:17:36.017 14295 14387 I chatty  : uid=10146(ru.iteco.fmhandroid) RenderThread identical 2 lines
12-06 14:17:36.108 14295 14387 D EGL_emulation: eglMakeCurrent: 0xe593e5c0: ver 2 0 (tinfo 0xf0cc0460)
12-06 14:17:36.347 14295 14339 W teco.fmhandroi: Accessing hidden method Lsun/misc/Unsafe;->compareAndSwapObject(Ljava/lang/Object;JLjava/lang/Object;Ljava/lang/Object;)Z (greylist, linking, allowed)
12-06 14:17:36.347 14295 14413 W teco.fmhandroi: Accessing hidden method Lsun/misc/Unsafe;->compareAndSwapObject(Ljava/lang/Object;JLjava/lang/Object;Ljava/lang/Object;)Z (greylist, linking, allowed)
12-06 14:17:36.354 14295 14295 I ViewInteraction: Performing 'wait for a specific view with <is assignable from class <class android.widget.TimePicker>> during 10000 millis.' action on view view.getRootView() to equal view
12-06 14:17:36.359 14295 14295 I ViewInteraction: Checking 'MatchesViewAssertion{viewMatcher=(view has effective visibility <VISIBLE> and view.getGlobalVisibleRect() to return non-empty rectangle)}' assertion on view is assignable from class <class android.widget.TimePicker>
12-06 14:17:36.366 14295 14295 I ViewInteraction: Performing 'wait for a specific view with <is assignable from class <class android.widget.TimePicker>> during 10000 millis.' action on view view.getRootView() to equal view
12-06 14:17:36.372 14295 14295 I ViewInteraction: Performing 'set time' action on view is assignable from class <class android.widget.TimePicker>
12-06 14:17:36.377 14295 14295 I ViewInteraction: Performing 'wait for a specific view with <view.getId() is <16908313/android:id/button1>> during 10000 millis.' action on view view.getRootView() to equal view
12-06 14:17:36.381 14295 14339 W teco.fmhandroi: Accessing hidden method Lsun/misc/Unsafe;->compareAndSwapObject(Ljava/lang/Object;JLjava/lang/Object;Ljava/lang/Object;)Z (greylist, linking, allowed)
12-06 14:17:36.391 14295 14295 I ViewInteraction: Performing 'single click' action on view view.getId() is <16908313/android:id/button1>
12-06 14:17:36.447 14295 14387 D EGL_emulation: eglMakeCurrent: 0xe593e5c0: ver 2 0 (tinfo 0xf0cc0460)
12-06 14:17:36.475 14295 14387 I chatty  : uid=10146(ru.iteco.fmhandroid) RenderThread identical 1 line
12-06 14:17:36.500 14295 14387 D EGL_emulation: eglMakeCurrent: 0xe593e5c0: ver 2 0 (tinfo 0xf0cc0460)
12-06 14:17:36.505  2018  2693 E InputDispatcher: Window handle Window{56d2035 u0 ru.iteco.fmhandroid/ru.iteco.fmhandroid.ui.AppActivity} has no registered input channel
12-06 14:17:36.819 14295 14339 W teco.fmhandroi: Accessing hidden method Lsun/misc/Unsafe;->compareAndSwapObject(Ljava/lang/Object;JLjava/lang/Object;Ljava/lang/Object;)Z (greylist, linking, allowed)
12-06 14:17:36.819 14295 14413 W teco.fmhandroi: Accessing hidden method Lsun/misc/Unsafe;->compareAndSwapObject(Ljava/lang/Object;JLjava/lang/Object;Ljava/lang/Object;)Z (greylist, linking, allowed)
12-06 14:17:36.823 14295 14295 I ViewInteraction: Performing 'wait for a specific view with <(an instance of android.widget.TextView and view.getHint() matching: is "Description" and view.getParent() view.getParent() view.getId() is <2131230988>)> during 10000 millis.' action on view view.getRootView() to equal view
12-06 14:17:36.826 14295 14339 W teco.fmhandroi: Accessing hidden method Lsun/misc/Unsafe;->compareAndSwapObject(Ljava/lang/Object;JLjava/lang/Object;Ljava/lang/Object;)Z (greylist, linking, allowed)
12-06 14:17:36.827 14295 14413 W teco.fmhandroi: Accessing hidden method Lsun/misc/Unsafe;->compareAndSwapObject(Ljava/lang/Object;JLjava/lang/Object;Ljava/lang/Object;)Z (greylist, linking, allowed)
12-06 14:17:36.830 14295 14295 I ViewInteraction: Performing 'replace text(Описание 9ef5d5f3-7dc5-4eed-a3b5-71a50bf46279)' action on view (an instance of android.widget.TextView and view.getHint() matching: is "Description" and view.getParent() view.getParent() view.getId() is <2131230988/ru.iteco.fmhandroid:id/description_text_input_layout>)
12-06 14:17:36.844 14295 14339 W teco.fmhandroi: Accessing hidden method Lsun/misc/Unsafe;->compareAndSwapObject(Ljava/lang/Object;JLjava/lang/Object;Ljava/lang/Object;)Z (greylist, linking, allowed)
12-06 14:17:36.880 14295 14295 I ViewInteraction: Performing 'wait for a specific view with <view.getId() is <2131231291>> during 10000 millis.' action on view view.getRootView() to equal view
12-06 14:17:36.883 14295 14339 W teco.fmhandroi: Accessing hidden method Lsun/misc/Unsafe;->compareAndSwapObject(Ljava/lang/Object;JLjava/lang/Object;Ljava/lang/Object;)Z (greylist, linking, allowed)
12-06 14:17:36.887 14295 14295 I ViewInteraction: Performing 'single click' action on view view.getId() is <2131231291/ru.iteco.fmhandroid:id/save_button>
12-06 14:17:36.983 14295 14425 I okhttp.OkHttpClient: --> POST http://www.981757-ca08998.tmweb.ru:8080/fmh/claims
12-06 14:17:36.983 14295 14425 I okhttp.OkHttpClient: Content-Type: application/json; charset=UTF-8
12-06 14:17:36.983 14295 14425 I okhttp.OkHttpClient: Content-Length: 295
12-06 14:17:36.984 14295 14425 I okhttp.OkHttpClient: {"createDate":1670336256,"creatorId":2,"creatorName":"Иванов Данил Данилович","description":"Описание 9ef5d5f3-7dc5-4eed-a3b5-71a50bf46279","executorId":2,"planExecuteDate":-2116575780,"status":"OPEN","title":"Заголовок b6991c28-63be-458f-9770-27451ad2c036"}
12-06 14:17:36.984 14295 14425 I okhttp.OkHttpClient: --> END POST (295-byte body)
12-06 14:17:36.989  1744 14426 E ResolverController: No valid NAT64 prefix (100, <unspecified>/0)
12-06 14:17:37.205 14295 14339 W teco.fmhandroi: Accessing hidden method Lsun/misc/Unsafe;->compareAndSwapObject(Ljava/lang/Object;JLjava/lang/Object;Ljava/lang/Object;)Z (greylist, linking, allowed)
12-06 14:17:37.205 14295 14413 W teco.fmhandroi: Accessing hidden method Lsun/misc/Unsafe;->compareAndSwapObject(Ljava/lang/Object;JLjava/lang/Object;Ljava/lang/Object;)Z (greylist, linking, allowed)
12-06 14:17:37.206 14295 14295 I ViewInteraction: Performing 'wait for a specific view with <view.getId() is <2131230916>> during 10000 millis.' action on view view.getRootView() to equal view
12-06 14:17:37.324 14295 14425 I okhttp.OkHttpClient: <-- 200 http://www.981757-ca08998.tmweb.ru:8080/fmh/claims (340ms)
12-06 14:17:37.324 14295 14425 I okhttp.OkHttpClient: Vary: Origin
12-06 14:17:37.324 14295 14425 I okhttp.OkHttpClient: Vary: Access-Control-Request-Method
