--------- beginning of main
12-06 14:17:04.708 14295 14295 I teco.fmhandroi: The ClassLoaderContext is a special shared library.
12-06 14:17:04.709 14295 14295 I teco.fmhandroi: The ClassLoaderContext is a special shared library.
12-06 14:17:05.365 14295 14295 W teco.fmhandroi: ClassLoaderContext classpath size mismatch. expected=0, found=7 (PCL[] | PCL[/system/framework/android.test.runner.jar*3312018701:/system/framework/android.test.mock.jar*3601177991:/data/app/ru.iteco.fmhandroid.test-Nb5u1XcJaq6dpxRqew_uDA==/base.apk*125722370:/data/app/ru.iteco.fmhandroid.test-Nb5u1XcJaq6dpxRqew_uDA==/base.apk!classes2.dex*2301094307:/data/app/ru.iteco.fmhandroid.test-Nb5u1XcJaq6dpxRqew_uDA==/base.apk!classes3.dex*268164684:/data/app/ru.iteco.fmhandroid.test-Nb5u1XcJaq6dpxRqew_uDA==/base.apk!classes4.dex*2613847043:/data/app/ru.iteco.fmhandroid.test-Nb5u1XcJaq6dpxRqew_uDA==/base.apk!classes5.dex*4182778598];PCL[/system/framework/android.test.runner.jar*3312018701:/system/framework/android.test.mock.jar*3601177991:/data/app/ru.iteco.fmhandroid.test-Nb5u1XcJaq6dpxRqew_uDA==/base.apk*125722370:/data/app/ru.iteco.fmhandroid.test-Nb5u1XcJaq6dpxRqew_uDA==/base.apk!classes2.dex*2301094307:/data/app/ru.iteco.fmhandroid.test-Nb5u1XcJaq6dpxRqew_uDA==/base.apk!classes3.dex*268164684:/data/app/ru.iteco.
12-06 14:17:05.367 14295 14295 W teco.fmhandroi: Found duplicate classes, falling back to extracting from APK : /data/app/ru.iteco.fmhandroid-R0QVQlEGwG1IVzN-H3bqog==/base.apk
12-06 14:17:05.367 14295 14295 W teco.fmhandroi: NOTE: This wastes RAM and hurts startup performance.
12-06 14:17:05.367 14295 14295 W teco.fmhandroi: Found duplicated class when checking oat files: 'Landroid/support/v4/app/INotificationSideChannel$Default;' in /data/app/ru.iteco.fmhandroid-R0QVQlEGwG1IVzN-H3bqog==/base.apk and /data/app/ru.iteco.fmhandroid-R0QVQlEGwG1IVzN-H3bqog==/base.apk
12-06 14:17:05.367 14295 14295 W teco.fmhandroi: 
12-06 14:17:05.945 14295 14295 W teco.fmhandroi: Accessing hidden method Landroid/app/Instrumentation;->execStartActivity(Landroid/content/Context;Landroid/os/IBinder;Landroid/os/IBinder;Landroid/app/Activity;Landroid/content/Intent;ILandroid/os/Bundle;)Landroid/app/Instrumentation$ActivityResult; (greylist, linking, allowed)
12-06 14:17:05.945 14295 14295 W teco.fmhandroi: Accessing hidden method Landroid/app/Instrumentation;->execStartActivity(Landroid/content/Context;Landroid/os/IBinder;Landroid/os/IBinder;Ljava/lang/String;Landroid/content/Intent;ILandroid/os/Bundle;)Landroid/app/Instrumentation$ActivityResult; (greylist, linking, allowed)
12-06 14:17:05.966 14295 14295 I MonitoringInstr: newApplication called!
12-06 14:17:06.049 14295 14295 I FirebaseApp: Device unlocked: initializing all Firebase APIs for app [DEFAULT]
12-06 14:17:06.111 14295 14295 I FirebaseCrashlytics: Initializing Firebase Crashlytics 18.2.6 for ru.iteco.fmhandroid
12-06 14:17:06.128 14295 14327 I DynamiteModule: Considering local module com.google.android.gms.measurement.dynamite:55 and remote module com.google.android.gms.measurement.dynamite:15
12-06 14:17:06.128 14295 14327 I DynamiteModule: Selected local version of com.google.android.gms.measurement.dynamite
12-06 14:17:06.155 14295 14295 W FA      : Failed to register event listener on calling thread. Trying again on the dynamite thread.
12-06 14:17:06.340 14295 14295 I FirebaseInitProvider: FirebaseApp initialization successful
12-06 14:17:06.400 14295 14295 I MonitoringInstr: Instrumentation started!
12-06 14:17:06.411 14295 14295 D ClassesArgTokenizer: input: ru.iteco.fmhandroid.ui.ClaimsPageTest#shouldAddACommentToTheClaim
12-06 14:17:06.413 14295 14295 D ClassesArgTokenizer: result: [ru.iteco.fmhandroid.ui.ClaimsPageTest#shouldAddACommentToTheClaim]
12-06 14:17:06.413 14295 14295 D ClassesArgTokenizer: input: null
12-06 14:17:06.413 14295 14295 D ClassesArgTokenizer: result: []
12-06 14:17:06.421 14295 14295 V TestEventClient: No service name argument was given (testDiscoveryService, testRunEventService or orchestratorService)
12-06 14:17:06.447 14295 14339 D AndroidJUnitRunner: onStart is called.
12-06 14:17:06.470 14295 14295 I MonitoringInstr: No JSBridge.
12-06 14:17:06.483 14295 14333 V FA      : App measurement collection enabled
12-06 14:17:06.484 14295 14333 V FA      : App measurement enabled for app package, google app id: ru.iteco.fmhandroid, 1:729587742060:android:e7d6f87c783f52b9a42f49
12-06 14:17:06.487 14295 14333 I FA      : App measurement initialized, version: 46000
12-06 14:17:06.487 14295 14333 I FA      : To enable debug logging run: adb shell setprop log.tag.FA VERBOSE
12-06 14:17:06.487 14295 14333 I FA      : To enable faster debug mode event logging run:
12-06 14:17:06.487 14295 14333 I FA      :   adb shell setprop debug.firebase.analytics.app ru.iteco.fmhandroid
12-06 14:17:06.487 14295 14333 D FA      : Debug-level message logging enabled
12-06 14:17:06.509 14295 14339 D TestRequestBuilder: Skipping class path scanning and directly running [ru.iteco.fmhandroid.ui.ClaimsPageTest]
12-06 14:17:06.531 14295 14339 D ClassesArgTokenizer: input: ru.iteco.fmhandroid.ui.ClaimsPageTest#shouldAddACommentToTheClaim
12-06 14:17:06.531 14295 14339 D ClassesArgTokenizer: result: [ru.iteco.fmhandroid.ui.ClaimsPageTest#shouldAddACommentToTheClaim]
12-06 14:17:06.531 14295 14339 D ClassesArgTokenizer: input: null
12-06 14:17:06.531 14295 14339 D ClassesArgTokenizer: result: []
12-06 14:17:06.554  2873 14340 E memtrack: Couldn't load memtrack module
12-06 14:17:06.554  2873 14340 W android.os.Debug: failed to get memory consumption info: -1
12-06 14:17:06.575 14295 14339 D AndroidJUnitRunner: Use the raw file system for managing file I/O.
12-06 14:17:06.589 14295 14333 V FA      : Connecting to remote service
12-06 14:17:06.589 14295 14339 D TestExecutor: Adding listener androidx.test.internal.runner.listener.LogRunListener
12-06 14:17:06.590 14295 14339 D TestExecutor: Adding listener androidx.test.internal.runner.listener.InstrumentationResultPrinter
12-06 14:17:06.590 14295 14339 D TestExecutor: Adding listener androidx.test.internal.runner.listener.ActivityFinisherRunListener
12-06 14:17:06.590 14295 14339 D TestExecutor: Adding listener androidx.test.internal.runner.listener.TraceRunListener
12-06 14:17:06.603 14295 14339 I TestRunner: run started: 1 tests
12-06 14:17:06.632 14295 14333 V FA      : Connection attempt already in progress
12-06 14:17:06.647 14295 14333 V FA      : Connection attempt already in progress
12-06 14:17:06.653 14295 14333 D FA      : Connected to remote service
12-06 14:17:06.653 14295 14333 V FA      : Processing queued up service tasks: 3
12-06 14:17:06.715  2873 14343 V FA-SVC  : Saving default event parameters, appId, data size: ru.iteco.fmhandroid, 2
12-06 14:17:06.724 14295 14339 I TestRunner: started: shouldAddACommentToTheClaim(ru.iteco.fmhandroid.ui.ClaimsPageTest)
12-06 14:17:06.933  1744 14344 E ResolverController: No valid NAT64 prefix (100, <unspecified>/0)
12-06 14:17:07.036 14295 14339 W FileTestStorage: Output properties is not supported.
12-06 14:17:07.038 14295 14339 I Tracing : Tracer added: class androidx.test.platform.tracing.AndroidXTracer
12-06 14:17:07.064 14295 14339 D EventInjectionStrategy: Creating injection strategy with input manager.
12-06 14:17:07.064 14295 14339 W teco.fmhandroi: Accessing hidden method Landroid/hardware/input/InputManager;->getInstance()Landroid/hardware/input/InputManager; (greylist, reflection, allowed)
12-06 14:17:07.065 14295 14339 W teco.fmhandroi: Accessing hidden method Landroid/hardware/input/InputManager;->injectInputEvent(Landroid/view/InputEvent;I)Z (greylist, reflection, allowed)
12-06 14:17:07.066 14295 14339 W teco.fmhandroi: Accessing hidden field Landroid/hardware/input/InputManager;->INJECT_INPUT_EVENT_MODE_WAIT_FOR_FINISH:I (greylist, reflection, allowed)
--------- beginning of system
12-06 14:17:07.230  2018  2018 V SettingsProvider: Notifying for 0: content://settings/secure/accessibility_enabled
12-06 14:17:07.410 14295 14339 W Settings: Setting always_finish_activities has moved from android.provider.Settings.System to android.provider.Settings.Global, returning read-only value.
12-06 14:17:07.429  2018  5907 I ActivityTaskManager: START u0 {act=android.intent.action.MAIN cat=[android.intent.category.LAUNCHER] flg=0x10008000 cmp=ru.iteco.fmhandroid.test/androidx.test.core.app.InstrumentationActivityInvoker$BootstrapActivity (has extras)} from uid 10146
12-06 14:17:07.530  2018  3061 W InputReader: Device has associated, but no associated display id.
12-06 14:17:07.532  2018  3061 I chatty  : uid=1000(system) Binder:2018_10 identical 8 lines
12-06 14:17:07.532  2018  3061 W InputReader: Device has associated, but no associated display id.
12-06 14:17:07.588  1745  1745 D Zygote  : Forked child process 14352
12-06 14:17:07.614 14352 14352 I fmhandroid.tes: Late-enabling -Xcheck:jni
12-06 14:17:07.638  1776  1825 D gralloc_ranchu: gralloc_alloc: Creating ashmem region of size 10108928
12-06 14:17:07.643  2018  2060 W ActivityManager: Slow operation: 101ms so far, now at startProcess: returned from zygote!
12-06 14:17:07.644  2018  2060 W ActivityManager: Slow operation: 102ms so far, now at startProcess: done updating battery stats
12-06 14:17:07.644  2018  2060 W ActivityManager: Slow operation: 102ms so far, now at startProcess: building log message
12-06 14:17:07.644  2018  2060 I ActivityManager: Start proc 14352:ru.iteco.fmhandroid.test/u0a147 for activity {ru.iteco.fmhandroid.test/androidx.test.core.app.InstrumentationActivityInvoker$BootstrapActivity}
12-06 14:17:07.644  2018  2060 W ActivityManager: Slow operation: 102ms so far, now at startProcess: starting to update pids map
12-06 14:17:07.645  2018  2060 W ActivityManager: Slow operation: 102ms so far, now at startProcess: done updating pids map
12-06 14:17:07.897 14352 14352 E fmhandroid.tes: Unknown bits set in runtime_flags: 0x8000
12-06 14:17:07.900 14352 14352 W fmhandroid.tes: Unexpected CPU variant for X86 using defaults: x86
12-06 14:17:08.008  2018  3061 W InputReader: Device has associated, but no associated display id.
12-06 14:17:08.025  2018  3061 I chatty  : uid=1000(system) Binder:2018_10 identical 28 lines
12-06 14:17:08.025  2018  3061 W InputReader: Device has associated, but no associated display id.
12-06 14:17:08.065 14352 14352 I fmhandroid.tes: The ClassLoaderContext is a special shared library.
12-06 14:17:08.068 14352 14352 I fmhandroid.tes: The ClassLoaderContext is a special shared library.
12-06 14:17:08.205  2018  2054 I Choreographer: Skipped 35 frames!  The application may be doing too much work on its main thread.
12-06 14:17:08.209  2018  2054 I Choreographer: Skipped 35 frames!  The application may be doing too much work on its main thread.
12-06 14:17:08.217  2018  2054 W InputReader: Device has associated, but no associated display id.
12-06 14:17:08.217  2018  2054 I chatty  : uid=1000(system) android.anim identical 8 lines
12-06 14:17:08.217  2018  2054 W InputReader: Device has associated, but no associated display id.
12-06 14:17:08.238  1776  1825 D gralloc_ranchu: gralloc_alloc: Creating ashmem region of size 10108928
12-06 14:17:08.266 12448 12488 D EGL_emulation: eglMakeCurrent: 0xe594d140: ver 2 0 (tinfo 0xc539bd10)
12-06 14:17:08.325  2962  3510 D EGL_emulation: eglMakeCurrent: 0xe597d120: ver 2 0 (tinfo 0xbffb2540)
12-06 14:17:08.336  2170  2566 D EGL_emulation: eglMakeCurrent: 0xe594e040: ver 2 0 (tinfo 0xc52450c0)
12-06 14:17:08.673  1793  1999 E SurfaceFlinger: ro.sf.lcd_density must be defined as a build property
12-06 14:17:08.676  1793  2640 E SurfaceFlinger: ro.sf.lcd_density must be defined as a build property
12-06 14:17:08.687 14352 14386 D libEGL  : Emulator has host GPU support, qemu.gles is set to 1.
12-06 14:17:08.688 14352 14386 W libc    : Unable to set property "qemu.gles" to "1": connection failed; errno=13 (Permission denied)
12-06 14:17:08.674 14352 14352 W RenderThread: type=1400 audit(0.0:151): avc: denied { write } for name="property_service" dev="tmpfs" ino=7388 scontext=u:r:untrusted_app:s0:c147,c256,c512,c768 tcontext=u:object_r:property_socket:s0 tclass=sock_file permissive=0 app=ru.iteco.fmhandroid.test
12-06 14:17:08.769 14352 14386 D libEGL  : loaded /vendor/lib/egl/libEGL_emulation.so
12-06 14:17:08.782 14352 14386 D libEGL  : loaded /vendor/lib/egl/libGLESv1_CM_emulation.so
12-06 14:17:08.795 14352 14386 D libEGL  : loaded /vendor/lib/egl/libGLESv2_emulation.so
12-06 14:17:08.814  2018  3061 I ActivityTaskManager: START u0 {act=android.intent.action.MAIN cat=[android.intent.category.LAUNCHER] cmp=ru.iteco.fmhandroid/.ui.AppActivity} from uid 10146
12-06 14:17:08.832  2018  3061 W InputReader: Device has associated, but no associated display id.
12-06 14:17:08.834  2018  3061 I chatty  : uid=1000(system) Binder:2018_10 identical 38 lines
12-06 14:17:08.834  2018  3061 W InputReader: Device has associated, but no associated display id.
12-06 14:17:08.835 14295 14295 W ActivityThread: handleWindowVisibility: no activity for token android.os.BinderProxy@74190a2
12-06 14:17:08.836  2018  3061 W InputReader: Device has associated, but no associated display id.
12-06 14:17:08.839  2018  3061 I chatty  : uid=1000(system) Binder:2018_10 identical 18 lines
12-06 14:17:08.839  2018  3061 W InputReader: Device has associated, but no associated display id.
12-06 14:17:08.865  1793  2129 E SurfaceFlinger: ro.sf.lcd_density must be defined as a build property
12-06 14:17:08.866  1793  1999 E SurfaceFlinger: ro.sf.lcd_density must be defined as a build property
12-06 14:17:08.892 14295 14390 D libEGL  : Emulator has host GPU support, qemu.gles is set to 1.
12-06 14:17:08.894 14295 14390 W libc    : Unable to set property "qemu.gles" to "1": connection failed; errno=13 (Permission denied)
12-06 14:17:08.874 14295 14295 W RenderThread: type=1400 audit(0.0:152): avc: denied { write } for name="property_service" dev="tmpfs" ino=7388 scontext=u:r:untrusted_app:s0:c146,c256,c512,c768 tcontext=u:object_r:property_socket:s0 tclass=sock_file permissive=0 app=ru.iteco.fmhandroid
12-06 14:17:08.962 14295 14390 D libEGL  : loaded /vendor/lib/egl/libEGL_emulation.so
12-06 14:17:08.965 14295 14390 D libEGL  : loaded /vendor/lib/egl/libGLESv1_CM_emulation.so
12-06 14:17:08.969 14295 14390 D libEGL  : loaded /vendor/lib/egl/libGLESv2_emulation.so
12-06 14:17:08.996 14295 14295 D LifecycleMonitor: Lifecycle status change: ru.iteco.fmhandroid.ui.AppActivity@4d99d8f in: PRE_ON_CREATE
12-06 14:17:08.997 14295 14295 V ActivityScenario: Activity lifecycle changed event received but ignored because the reported transition was not ON_CREATE while the last known transition was PRE_ON_CREATE
12-06 14:17:09.037  2962 14124 I PBSessionCacheImpl: Deleted sessionId[635178652195] from persistence.
12-06 14:17:09.051 14295 14327 V FA      : onActivityCreated
12-06 14:17:09.062 14295 14295 E teco.fmhandroi: Invalid ID 0x00000000.
12-06 14:17:09.123 14295 14295 W teco.fmhandroi: Accessing hidden method Landroid/view/View;->computeFitSystemWindows(Landroid/graphics/Rect;Landroid/graphics/Rect;)Z (greylist, reflection, allowed)
12-06 14:17:09.124 14295 14295 W teco.fmhandroi: Accessing hidden method Landroid/view/ViewGroup;->makeOptionalFitsSystemWindows()V (greylist, reflection, allowed)
12-06 14:17:09.171  2962  3348 W SearchServiceCore: Abort, client detached.
12-06 14:17:09.450 14295 14295 D NetworkSecurityConfig: No Network Security Config specified, using platform default
12-06 14:17:09.482 14295 14295 W teco.fmhandroi: Accessing hidden method Ljava/lang/invoke/MethodHandles$Lookup;-><init>(Ljava/lang/Class;I)V (greylist, reflection, allowed)
12-06 14:17:09.796 14295 14295 D LifecycleMonitor: Lifecycle status change: ru.iteco.fmhandroid.ui.AppActivity@4d99d8f in: CREATED
12-06 14:17:09.797 14295 14295 V ActivityScenario: Update currentActivityStage to CREATED, currentActivity=ru.iteco.fmhandroid.ui.AppActivity@4d99d8f
12-06 14:17:10.247 14295 14295 D LifecycleMonitor: Lifecycle status change: ru.iteco.fmhandroid.ui.AppActivity@4d99d8f in: STARTED
12-06 14:17:10.247 14295 14295 V ActivityScenario: Update currentActivityStage to STARTED, currentActivity=ru.iteco.fmhandroid.ui.AppActivity@4d99d8f
12-06 14:17:10.251 14295 14295 D LifecycleMonitor: Lifecycle status change: ru.iteco.fmhandroid.ui.AppActivity@4d99d8f in: RESUMED
12-06 14:17:10.251 14295 14295 V ActivityScenario: Update currentActivityStage to RESUMED, currentActivity=ru.iteco.fmhandroid.ui.AppActivity@4d99d8f
12-06 14:17:10.252 14295 14333 V FA      : Activity resumed, time: 11436860
12-06 14:17:10.267 14295 14339 W FileTestStorage: Test input args is not supported.
12-06 14:17:10.268 14295 14333 I FA      : Tag Manager is not found and thus will not be used
12-06 14:17:10.298 14295 14339 W teco.fmhandroi: Accessing hidden method Lsun/misc/Unsafe;->getUnsafe()Lsun/misc/Unsafe; (greylist,core-platform-api, linking, allowed)
12-06 14:17:10.298 14295 14339 W teco.fmhandroi: Accessing hidden method Lsun/misc/Unsafe;->objectFieldOffset(Ljava/lang/reflect/Field;)J (greylist,core-platform-api, linking, allowed)
12-06 14:17:10.300 14295 14339 W teco.fmhandroi: Accessing hidden method Lsun/misc/Unsafe;->putObject(Ljava/lang/Object;JLjava/lang/Object;)V (greylist, linking, allowed)
12-06 14:17:10.309 14295 14394 W teco.fmhandroi: Accessing hidden method Lsun/misc/Unsafe;->compareAndSwapObject(Ljava/lang/Object;JLjava/lang/Object;Ljava/lang/Object;)Z (greylist, linking, allowed)
12-06 14:17:10.309 14295 14394 W teco.fmhandroi: Accessing hidden method Lsun/misc/Unsafe;->getObject(Ljava/lang/Object;J)Ljava/lang/Object; (greylist, linking, allowed)
12-06 14:17:10.383 14295 14295 W teco.fmhandroi: Accessing hidden method Landroid/os/MessageQueue;->next()Landroid/os/Message; (greylist, reflection, allowed)
12-06 14:17:10.383 14295 14295 W teco.fmhandroi: Accessing hidden field Landroid/os/MessageQueue;->mMessages:Landroid/os/Message; (greylist, reflection, allowed)
12-06 14:17:10.384 14295 14295 W teco.fmhandroi: Accessing hidden method Landroid/os/Message;->recycleUnchecked()V (greylist, reflection, allowed)
12-06 14:17:10.453 14295 14308 I teco.fmhandroi: NativeAlloc concurrent copying GC freed 40144(3398KB) AllocSpace objects, 14(280KB) LOS objects, 49% free, 3254KB/6509KB, paused 712us total 225.594ms
12-06 14:17:10.461  2873 14343 V FA-SVC  : Logging event: origin=auto,name=screen_view(_vs),params=Bundle[{ga_event_origin(_o)=auto, ga_screen_class(_sc)=AppActivity, ga_screen_id(_si)=5350072635053645889}]
12-06 14:17:10.504  2873 14343 V FA-SVC  : Upload scheduled in approximately ms: 3491139
12-06 14:17:10.504  2873 14343 V FA-SVC  : Unscheduling upload
12-06 14:17:10.524 14295 14387 D HostConnection: HostConnection::get() New Host Connection established 0xda290210, tid 14387
12-06 14:17:10.525 14295 14387 D HostConnection: HostComposition ext ANDROID_EMU_CHECKSUM_HELPER_v1 ANDROID_EMU_dma_v1 ANDROID_EMU_direct_mem ANDROID_EMU_host_composition_v1 ANDROID_EMU_host_composition_v2 ANDROID_EMU_vulkan ANDROID_EMU_deferred_vulkan_commands ANDROID_EMU_vulkan_null_optional_strings ANDROID_EMU_vulkan_create_resources_with_requirements ANDROID_EMU_YUV_Cache ANDROID_EMU_vulkan_ignored_handles ANDROID_EMU_vulkan_free_memory_sync ANDROID_EMU_vulkan_shader_float16_int8 ANDROID_EMU_vulkan_async_queue_submit ANDROID_EMU_sync_buffer_data GL_OES_vertex_array_object GL_KHR_texture_compression_astc_ldr ANDROID_EMU_host_side_tracing ANDROID_EMU_gles_max_version_2 
12-06 14:17:10.532  2873 14343 V FA-SVC  : Scheduling upload, millis: 3491139
12-06 14:17:10.542  2873 14343 V FA-SVC  : Background event processing time, ms: 83
12-06 14:17:10.547  2656 13867 E NetworkScheduler.ATC: Called cancelTask for already completed task com.google.android.gms/.measurement.PackageMeasurementTaskService{u=0 tag="Measurement.PackageMeasurementTaskService.UPLOAD_TASK_TAG" trigger=window{start=271s,end=544s,earliest=-671s,latest=-398s} requirements=[NET_CONNECTED] attributes=[PERSISTED] scheduled=-942s last_run=-117s jid=N/A status=ACTIVE retries=0 client_lib=GMS_TASK_SCHEDULER-202414000} :1 [CONTEXT service_id=218 ]
12-06 14:17:10.573 14295 14387 W OpenGLRenderer: Failed to choose config with EGL_SWAP_BEHAVIOR_PRESERVED, retrying without...
12-06 14:17:10.660 14295 14387 D EGL_emulation: eglCreateContext: 0xe593e5c0: maj 2 min 0 rcv 2
12-06 14:17:10.666 14295 14387 D EGL_emulation: eglMakeCurrent: 0xe593e5c0: ver 2 0 (tinfo 0xf0cc0460)
12-06 14:17:10.683  1776  1825 D gralloc_ranchu: gralloc_alloc: Creating ashmem region of size 10108928
12-06 14:17:10.689  1648  1648 I hwservicemanager: getTransport: Cannot find entry android.hardware.graphics.mapper@3.0::IMapper/default in either framework or device manifest.
12-06 14:17:10.689 14295 14387 W Gralloc3: mapper 3.x is not supported
12-06 14:17:10.698 14295 14387 D HostConnection: createUnique: call
12-06 14:17:10.698 14295 14387 D HostConnection: HostConnection::get() New Host Connection established 0xda2922e0, tid 14387
12-06 14:17:10.700 14295 14387 D HostConnection: HostComposition ext ANDROID_EMU_CHECKSUM_HELPER_v1 ANDROID_EMU_dma_v1 ANDROID_EMU_direct_mem ANDROID_EMU_host_composition_v1 ANDROID_EMU_host_composition_v2 ANDROID_EMU_vulkan ANDROID_EMU_deferred_vulkan_commands ANDROID_EMU_vulkan_null_optional_strings ANDROID_EMU_vulkan_create_resources_with_requirements ANDROID_EMU_YUV_Cache ANDROID_EMU_vulkan_ignored_handles ANDROID_EMU_vulkan_free_memory_sync ANDROID_EMU_vulkan_shader_float16_int8 ANDROID_EMU_vulkan_async_queue_submit ANDROID_EMU_sync_buffer_data GL_OES_vertex_array_object GL_KHR_texture_compression_astc_ldr ANDROID_EMU_host_side_tracing ANDROID_EMU_gles_max_version_2 
12-06 14:17:10.702 14295 14387 D eglCodecCommon: allocate: Ask for block of size 0x1000
12-06 14:17:10.703 14295 14387 D eglCodecCommon: allocate: ioctl allocate returned offset 0x3ffff8000 size 0x2000
12-06 14:17:10.705  1776  1825 D gralloc_ranchu: gralloc_alloc: Creating ashmem region of size 10108928
12-06 14:17:10.710  1776  1825 D gralloc_ranchu: gralloc_alloc: Creating ashmem region of size 10108928
12-06 14:17:10.713 14295 14387 D EGL_emulation: eglMakeCurrent: 0xe593e5c0: ver 2 0 (tinfo 0xf0cc0460)
12-06 14:17:11.021 14295 14295 I Choreographer: Skipped 36 frames!  The application may be doing too much work on its main thread.
12-06 14:17:11.130  2170  2566 D EGL_emulation: eglMakeCurrent: 0xe594e040: ver 2 0 (tinfo 0xc52450c0)
12-06 14:17:11.144 14295 14295 W teco.fmhandroi: Accessing hidden method Landroid/view/WindowManagerGlobal;->getInstance()Landroid/view/WindowManagerGlobal; (greylist, reflection, allowed)
12-06 14:17:11.144 14295 14295 W teco.fmhandroi: Accessing hidden field Landroid/view/WindowManagerGlobal;->mViews:Ljava/util/ArrayList; (greylist, reflection, allowed)
12-06 14:17:11.144 14295 14295 W teco.fmhandroi: Accessing hidden field Landroid/view/WindowManagerGlobal;->mParams:Ljava/util/ArrayList; (greylist, reflection, allowed)
12-06 14:17:11.180 14295 14295 I ViewInteraction: Performing 'wait for a specific view with <(an instance of android.widget.TextView and view.getText() with or without transformation to match: is "Authorization" and view.getParent() view.getParent() view.getId() is <2131231186>)> during 10000 millis.' action on view view.getRootView() to equal view
12-06 14:17:11.190  2018  2058 I ActivityTaskManager: Displayed ru.iteco.fmhandroid/.ui.AppActivity: +3s612ms
12-06 14:17:12.335  1893  1893 E netmgr  : Failed to open QEMU pipe 'qemud:network': Invalid argument
12-06 14:17:13.253 14295 14295 W teco.fmhandroi: Accessing hidden field Lsun/misc/Unsafe;->theUnsafe:Lsun/misc/Unsafe; (greylist, reflection, allowed)
12-06 14:17:13.253 14295 14295 W teco.fmhandroi: Accessing hidden method Lsun/misc/Unsafe;->allocateInstance(Ljava/lang/Class;)Ljava/lang/Object; (greylist, reflection, allowed)
12-06 14:17:13.285 14295 14396 I okhttp.OkHttpClient: --> GET http://www.981757-ca08998.tmweb.ru:8080/fmh/authentication/userInfo
12-06 14:17:13.285 14295 14396 I okhttp.OkHttpClient: --> END GET
12-06 14:17:13.334  1744 14397 E ResolverController: No valid NAT64 prefix (100, <unspecified>/0)
12-06 14:17:13.759  1905  1905 E wifi_forwarder: RemoteConnection failed to initialize: RemoteConnection failed to open pipe
12-06 14:17:13.999 14295 14396 I okhttp.OkHttpClient: <-- 200 http://www.981757-ca08998.tmweb.ru:8080/fmh/authentication/userInfo (713ms)
12-06 14:17:13.999 14295 14396 I okhttp.OkHttpClient: Vary: Origin
12-06 14:17:13.999 14295 14396 I okhttp.OkHttpClient: Vary: Access-Control-Request-Method
12-06 14:17:13.999 14295 14396 I okhttp.OkHttpClient: Vary: Access-Control-Request-Headers
12-06 14:17:13.999 14295 14396 I okhttp.OkHttpClient: X-Content-Type-Options: nosniff
12-06 14:17:14.000 14295 14396 I okhttp.OkHttpClient: X-XSS-Protection: 1; mode=block
12-06 14:17:14.001 14295 14396 I okhttp.OkHttpClient: Cache-Control: no-cache, no-store, max-age=0, must-revalidate
12-06 14:17:14.001 14295 14396 I okhttp.OkHttpClient: Pragma: no-cache
12-06 14:17:14.002 14295 14396 I okhttp.OkHttpClient: Expires: 0
12-06 14:17:14.002 14295 14396 I okhttp.OkHttpClient: X-Frame-Options: DENY
12-06 14:17:14.002 14295 14396 I okhttp.OkHttpClient: Content-Type: application/json
12-06 14:17:14.002 14295 14396 I okhttp.OkHttpClient: Transfer-Encoding: chunked
12-06 14:17:14.004 14295 14396 I okhttp.OkHttpClient: Date: Tue, 06 Dec 2022 14:17:14 GMT
12-06 14:17:14.004 14295 14396 I okhttp.OkHttpClient: Keep-Alive: timeout=60
12-06 14:17:14.004 14295 14396 I okhttp.OkHttpClient: Connection: keep-alive
12-06 14:17:14.010 14295 14396 I okhttp.OkHttpClient: {"id":2,"firstName":"Данил","lastName":"Иванов","middleName":"Данилович","admin":true}
12-06 14:17:14.010 14295 14396 I okhttp.OkHttpClient: <-- END HTTP (106-byte body)
12-06 14:17:14.084 14295 14401 I okhttp.OkHttpClient: --> GET http://www.981757-ca08998.tmweb.ru:8080/fmh/claims
12-06 14:17:14.084 14295 14401 I okhttp.OkHttpClient: --> END GET
12-06 14:17:14.198  2018  2058 E memtrack: Couldn't load memtrack module
12-06 14:17:14.198  2018  2058 W android.os.Debug: failed to get memory consumption info: -1
12-06 14:17:14.345  2018  5907 E memtrack: Couldn't load memtrack module
12-06 14:17:14.345  2018  5907 W android.os.Debug: failed to get memory consumption info: -1
12-06 14:17:14.563  2656 13867 I LogUtils: [Places]: ?: Couldn't find platform key file. [CONTEXT service_id=253 ]
12-06 14:17:14.565  2656 14190 I LogUtils: [Places]: ?: Couldn't find platform key file. [CONTEXT service_id=253 ]
12-06 14:17:14.619  2656 14187 I LogUtils: [Places]: ?: PlacesBleScanner stop() [CONTEXT service_id=253 ]
12-06 14:17:14.644  2656 14187 I PlacesLogger: [PlaceInferenceEngine]: [anon] Changed inference mode: 0 [CONTEXT service_id=253 ]
12-06 14:17:14.644  2656  2656 I BeaconBle: Scan : No clients left, canceling alarm. [CONTEXT service_id=111 ]
12-06 14:17:14.646  2656  2656 I BeaconBle: Scan canceled successfully. [CONTEXT service_id=111 ]
12-06 14:17:14.679  2656  3542 W GCoreFlp: No location to return for getLastLocation()
12-06 14:17:14.723  2656 14141 I LogUtils: [Places]: ?: Couldn't find platform key file. [CONTEXT service_id=253 ]
12-06 14:17:14.731  2656 14190 I LogUtils: [Places]: ?: Couldn't find platform key file. [CONTEXT service_id=253 ]
12-06 14:17:14.997  2656  2671 I .gms.persisten: Background young concurrent copying GC freed 60039(3130KB) AllocSpace objects, 34(2236KB) LOS objects, 37% free, 8670KB/13MB, paused 995us total 434.464ms
12-06 14:17:15.005  2656  2656 I GeofencerStateMachine: removeGeofences: removeRequest=RemoveGeofencingRequest[REMOVE_BY_PENDING_INTENT pendingIntent=PendingIntent[creatorPackage=com.google.android.gms], packageName=com.google.android.gms]
12-06 14:17:16.683 14295 14401 I okhttp.OkHttpClient: <-- 200 http://www.981757-ca08998.tmweb.ru:8080/fmh/claims (2597ms)
12-06 14:17:16.683 14295 14401 I okhttp.OkHttpClient: Vary: Origin
12-06 14:17:16.683 14295 14401 I okhttp.OkHttpClient: Vary: Access-Control-Request-Method
12-06 14:17:16.683 14295 14401 I okhttp.OkHttpClient: Vary: Access-Control-Request-Headers
12-06 14:17:16.684 14295 14401 I okhttp.OkHttpClient: X-Content-Type-Options: nosniff
12-06 14:17:16.684 14295 14401 I okhttp.OkHttpClient: X-XSS-Protection: 1; mode=block
12-06 14:17:16.684 14295 14401 I okhttp.OkHttpClient: Cache-Control: no-cache, no-store, max-age=0, must-revalidate
12-06 14:17:16.684 14295 14401 I okhttp.OkHttpClient: Pragma: no-cache
12-06 14:17:16.684 14295 14401 I okhttp.OkHttpClient: Expires: 0
12-06 14:17:16.684 14295 14401 I okhttp.OkHttpClient: X-Frame-Options: DENY
12-06 14:17:16.684 14295 14401 I okhttp.OkHttpClient: Content-Type: application/json
12-06 14:17:16.684 14295 14401 I okhttp.OkHttpClient: Transfer-Encoding: chunked
12-06 14:17:16.684 14295 14401 I okhttp.OkHttpClient: Date: Tue, 06 Dec 2022 14:17:17 GMT
12-06 14:17:16.685 14295 14401 I okhttp.OkHttpClient: Keep-Alive: timeout=60
12-06 14:17:16.685 14295 14401 I okhttp.OkHttpClient: Connection: keep-alive
12-06 14:17:18.075 14295 14295 I Choreographer: Skipped 241 frames!  The application may be doing too much work on its main thread.
12-06 14:17:18.217 14295 14333 V FA      : Inactivity, disconnecting from the service
12-06 14:17:18.443 12448 12508 E ActivityThread: Failed to find provider info for com.google.android.apps.wellbeing.api
12-06 14:17:18.628 14295 14387 I OpenGLRenderer: Davey! duration=4584ms; Flags=1, IntendedVsync=11440651194719, Vsync=11444667861225, OldestInputEvent=9223372036854775807, NewestInputEvent=0, HandleInputStart=11444684170020, AnimationStart=11444684518220, PerformTraversalsStart=11444684889920, DrawStart=11444800278420, SyncQueued=11444809958620, SyncStart=11444811347820, IssueDrawCommandsStart=11444812138120, SwapBuffers=11445216527220, FrameCompleted=11445236873820, DequeueBufferDuration=124000, QueueBufferDuration=295000, 
12-06 14:17:19.008  2962  3348 I WorkerManager: dispose()
12-06 14:17:19.010  2962  3348 W ThreadPoolDumper: Queue length for executor EventBus is now 11. Perhaps some tasks are too long, or the pool is too small.
12-06 14:17:19.062 14295 14308 I teco.fmhandroi: Background young concurrent copying GC freed 17221(962KB) AllocSpace objects, 1(16KB) LOS objects, 12% free, 5663KB/6481KB, paused 1.277ms total 102.243ms
12-06 14:17:19.716  2656  2656 I BeaconBle: Scan : No clients left, canceling alarm. [CONTEXT service_id=111 ]
12-06 14:17:21.294 14295 14295 D takeScreenshot: Found 1 global views to redraw
12-06 14:17:21.337  1776  1825 D gralloc_ranchu: gralloc_alloc: Creating ashmem region of size 10108928
12-06 14:17:21.365  1648  1648 I hwservicemanager: getTransport: Cannot find entry android.hardware.graphics.mapper@3.0::IMapper/default in either framework or device manifest.
12-06 14:17:21.365 14267 14348 W Gralloc3: mapper 3.x is not supported
12-06 14:17:21.428 14267 14348 D HostConnection: createUnique: call
12-06 14:17:21.431 14267 14348 D HostConnection: HostConnection::get() New Host Connection established 0xe1f700a0, tid 14348
12-06 14:17:21.457 14267 14348 D HostConnection: HostComposition ext ANDROID_EMU_CHECKSUM_HELPER_v1 ANDROID_EMU_dma_v1 ANDROID_EMU_direct_mem ANDROID_EMU_host_composition_v1 ANDROID_EMU_host_composition_v2 ANDROID_EMU_vulkan ANDROID_EMU_deferred_vulkan_commands ANDROID_EMU_vulkan_null_optional_strings ANDROID_EMU_vulkan_create_resources_with_requirements ANDROID_EMU_YUV_Cache ANDROID_EMU_vulkan_ignored_handles ANDROID_EMU_vulkan_free_memory_sync ANDROID_EMU_vulkan_shader_float16_int8 ANDROID_EMU_vulkan_async_queue_submit ANDROID_EMU_sync_buffer_data GL_OES_vertex_array_object GL_KHR_texture_compression_astc_ldr ANDROID_EMU_host_side_tracing ANDROID_EMU_gles_max_version_2 
12-06 14:17:21.458 14267 14348 D eglCodecCommon: allocate: Ask for block of size 0x1000
12-06 14:17:21.458 14267 14348 D eglCodecCommon: allocate: ioctl allocate returned offset 0x3ffff6000 size 0x2000
12-06 14:17:21.468  1793  1896 E SurfaceFlinger: ro.sf.lcd_density must be defined as a build property
12-06 14:17:21.470  1793  1896 E SurfaceFlinger: ro.sf.lcd_density must be defined as a build property
12-06 14:17:21.475 14267 14412 D libEGL  : Emulator has host GPU support, qemu.gles is set to 1.
12-06 14:17:21.494 14267 14412 W libc    : Unable to set property "qemu.gles" to "1": error code: 0x18
12-06 14:17:21.496 14267 14412 D libEGL  : loaded /vendor/lib/egl/libEGL_emulation.so
12-06 14:17:21.497 14267 14412 D libEGL  : loaded /vendor/lib/egl/libGLESv1_CM_emulation.so
12-06 14:17:21.498 14267 14412 D libEGL  : loaded /vendor/lib/egl/libGLESv2_emulation.so
12-06 14:17:21.515 14267 14412 D HostConnection: HostConnection::get() New Host Connection established 0xf71563f0, tid 14412
12-06 14:17:21.515 14267 14412 D HostConnection: HostComposition ext ANDROID_EMU_CHECKSUM_HELPER_v1 ANDROID_EMU_dma_v1 ANDROID_EMU_direct_mem ANDROID_EMU_host_composition_v1 ANDROID_EMU_host_composition_v2 ANDROID_EMU_vulkan ANDROID_EMU_deferred_vulkan_commands ANDROID_EMU_vulkan_null_optional_strings ANDROID_EMU_vulkan_create_resources_with_requirements ANDROID_EMU_YUV_Cache ANDROID_EMU_vulkan_ignored_handles ANDROID_EMU_vulkan_free_memory_sync ANDROID_EMU_vulkan_shader_float16_int8 ANDROID_EMU_vulkan_async_queue_submit ANDROID_EMU_sync_buffer_data GL_OES_vertex_array_object GL_KHR_texture_compression_astc_ldr ANDROID_EMU_host_side_tracing ANDROID_EMU_gles_max_version_2 
12-06 14:17:21.519 14267 14412 W OpenGLRenderer: Failed to choose config with EGL_SWAP_BEHAVIOR_PRESERVED, retrying without...
12-06 14:17:21.574 14267 14412 D EGL_emulation: eglCreateContext: 0xe1f28960: maj 2 min 0 rcv 2
12-06 14:17:21.578 14267 14412 D EGL_emulation: eglMakeCurrent: 0xe1f28960: ver 2 0 (tinfo 0xe1f0f630)
12-06 14:17:21.896 14295 14339 W DefaultFailureHandler: Failed to take screenshot
12-06 14:17:21.896 14295 14339 W DefaultFailureHandler: java.io.FileNotFoundException: view-op-error-1.png: open failed: EROFS (Read-only file system)
12-06 14:17:21.896 14295 14339 W DefaultFailureHandler: 	at libcore.io.IoBridge.open(IoBridge.java:496)
12-06 14:17:21.896 14295 14339 W DefaultFailureHandler: 	at java.io.FileOutputStream.<init>(FileOutputStream.java:235)
12-06 14:17:21.896 14295 14339 W DefaultFailureHandler: 	at java.io.FileOutputStream.<init>(FileOutputStream.java:125)
12-06 14:17:21.896 14295 14339 W DefaultFailureHandler: 	at androidx.test.platform.io.FileTestStorage.openOutputFile(FileTestStorage.java:60)
12-06 14:17:21.896 14295 14339 W DefaultFailureHandler: 	at androidx.test.core.graphics.BitmapStorage.writeToTestStorage(BitmapStorageExt.kt:49)
12-06 14:17:21.896 14295 14339 W DefaultFailureHandler: 	at androidx.test.espresso.base.DefaultFailureHandler.takeScreenshot(DefaultFailureHandler.java:4)
12-06 14:17:21.896 14295 14339 W DefaultFailureHandler: 	at androidx.test.espresso.base.DefaultFailureHandler.handle(DefaultFailureHandler.java:3)
12-06 14:17:21.896 14295 14339 W DefaultFailureHandler: 	at androidx.test.espresso.ViewInteraction.waitForAndHandleInteractionResults(ViewInteraction.java:8)
12-06 14:17:21.896 14295 14339 W DefaultFailureHandler: 	at androidx.test.espresso.ViewInteraction.desugaredPerform(ViewInteraction.java:11)
12-06 14:17:21.896 14295 14339 W DefaultFailureHandler: 	at androidx.test.espresso.ViewInteraction.perform(ViewInteraction.java:8)
12-06 14:17:21.896 14295 14339 W DefaultFailureHandler: 	at ru.iteco.fmhandroid.ui.data.TestUtils.waitView(TestUtils.java:61)
12-06 14:17:21.896 14295 14339 W DefaultFailureHandler: 	at ru.iteco.fmhandroid.ui.steps.AuthSteps.isAuthScreen(AuthSteps.java:56)
12-06 14:17:21.896 14295 14339 W DefaultFailureHandler: 	at ru.iteco.fmhandroid.ui.ClaimsPageTest.logoutCheck(ClaimsPageTest.java:51)
12-06 14:17:21.896 14295 14339 W DefaultFailureHandler: 	at java.lang.reflect.Method.invoke(Native Method)
12-06 14:17:21.896 14295 14339 W DefaultFailureHandler: 	at org.junit.runners.model.FrameworkMethod$1.runReflectiveCall(FrameworkMethod.java:59)
12-06 14:17:21.896 14295 14339 W DefaultFailureHandler: 	at org.junit.internal.runners.model.ReflectiveCallable.run(ReflectiveCallable.java:12)
12-06 14:17:21.896 14295 14339 W DefaultFailureHandler: 	at org.junit.runners.model.FrameworkMethod.invokeExplosively(FrameworkMethod.java:56)
12-06 14:17:21.896 14295 14339 W DefaultFailureHandler: 	at androidx.test.internal.runner.junit4.statement.RunBefores.evaluate(RunBefores.java:76)
12-06 14:17:21.896 14295 14339 W DefaultFailureHandler: 	at io.qameta.allure.android.rules.ScreenshotRule$apply$1.evaluate(ScreenshotRule.kt:22)
12-06 14:17:21.896 14295 14339 W DefaultFailureHandler: 	at org.junit.rules.ExternalResource$1.evaluate(ExternalResource.java:54)
12-06 14:17:21.896 14295 14339 W DefaultFailureHandler: 	at io.qameta.allure.android.rules.LogcatRule$apply$1.evaluate(LogcatRule.kt:23)
12-06 14:17:21.896 14295 14339 W DefaultFailureHandler: 	at org.junit.rules.RunRules.evaluate(RunRules.java:20)
12-06 14:17:21.896 14295 14339 W DefaultFailureHandler: 	at org.junit.runners.ParentRunner$3.evaluate(ParentRunner.java:306)
12-06 14:17:21.896 14295 14339 W DefaultFailureHandler: 	at org.junit.runners.BlockJUnit4ClassRunner$1.evaluate(BlockJUnit4ClassRunner.java:100)
12-06 14:17:21.896 14295 14339 W DefaultFailureHandler: 	at org.junit.runners.ParentRunner.runLeaf(ParentRunner.java:366)
12-06 14:17:21.896 14295 14339 W DefaultFailureHandler: 	at org.junit.runners.BlockJUnit4ClassRunner.runChild(BlockJUnit4ClassRunner.java:103)
12-06 14:17:21.896 14295 14339 W DefaultFailureHandler: 	at org.junit.runners.BlockJUnit4ClassRunner.runChild(BlockJUnit4ClassRunner.java:63)
12-06 14:17:21.896 14295 14339 W DefaultFailureHandler: 	at org.junit.runners.ParentRunner$4.run(ParentRunner.java:331)
12-06 14:17:21.896 14295 14339 W DefaultFailureHandler: 	at org.junit.runners.ParentRunner$1.schedule(ParentRunner.java:79)
12-06 14:17:21.896 14295 14339 W DefaultFailureHandler: 	at org.junit.runners.ParentRunner.runChildren(ParentRunner.java:329)
12-06 14:17:21.896 14295 14339 W DefaultFailureHandler: 	at org.junit.runners.ParentRunner.access$100(ParentRunner.java:66)
12-06 14:17:21.896 14295 14339 W DefaultFailureHandler: 	at org.junit.runners.ParentRunner$2.evaluate(ParentRunner.java:293)
12-06 14:17:21.896 14295 14339 W DefaultFailureHandler: 	at org.junit.runners.ParentRunner$3.evaluate(ParentRunner.java:306)
12-06 14:17:21.896 14295 14339 W DefaultFailureHandler: 	at org.junit.runners.ParentRunner.run(ParentRunner.java:413)
12-06 14:17:21.896 14295 14339 W DefaultFailureHandler: 	at androidx.test.ext.junit.runners.AndroidJUnit4.run(AndroidJUnit4.java:162)
12-06 14:17:21.896 14295 14339 W DefaultFailureHandler: 	at io.qameta.allure.android.runners.AllureAndroidJUnit4.run(AllureAndroidJUnitRunners.kt:29)
12-06 14:17:21.896 14295 14339 W DefaultFailureHandler: 	at org.junit.runners.Suite.runChild(Suite.java:128)
12-06 14:17:21.896 14295 14339 W DefaultFailureHandler: 	at org.junit.runners.Suite.runChild(Suite.java:27)
12-06 14:17:21.896 14295 14339 W DefaultFailureHandler: 	at org.junit.runners.ParentRunner$4.run(ParentRunner.java:331)
12-06 14:17:21.896 14295 14339 W DefaultFailureHandler: 	at org.junit.runners.ParentRunner$1.schedule(ParentRunner.java:79)
12-06 14:17:21.896 14295 14339 W DefaultFailureHandler: 	at org.junit.runners.ParentRunner.runChildren(ParentRunner.java:329)
12-06 14:17:21.896 14295 14339 W DefaultFailureHandler: 	at org.junit.runners.ParentRunner.access$100(ParentRunner.java:66)
12-06 14:17:21.896 14295 14339 W DefaultFailureHandler: 	at org.junit.runners.ParentRunner$2.evaluate(ParentRunner.java:293)
12-06 14:17:21.896 14295 14339 W DefaultFailureHandler: 	at org.junit.runners.ParentRunner$3.evaluate(ParentRunner.java:306)
12-06 14:17:21.896 14295 14339 W DefaultFailureHandler: 	at org.junit.runners.ParentRunner.run(ParentRunner.java:413)
12-06 14:17:21.896 14295 14339 W DefaultFailureHandler: 	at org.junit.runner.JUnitCore.run(JUnitCore.java:137)
12-06 14:17:21.896 14295 14339 W DefaultFailureHandler: 	at org.junit.runner.JUnitCore.run(JUnitCore.java:115)
12-06 14:17:21.896 14295 14339 W DefaultFailureHandler: 	at androidx.test.internal.runner.TestExecutor.execute(TestExecutor.java:67)
12-06 14:17:21.896 14295 14339 W DefaultFailureHandler: 	at androidx.test.internal.runner.TestExecutor.execute(TestExecutor.java:58)
12-06 14:17:21.896 14295 14339 W DefaultFailureHandler: 	at androidx.test.runner.AndroidJUnitRunner.onStart(AndroidJUnitRunner.java:438)
12-06 14:17:21.896 14295 14339 W DefaultFailureHandler: 	at android.app.Instrumentation$InstrumentationThread.run(Instrumentation.java:2189)
12-06 14:17:21.896 14295 14339 W DefaultFailureHandler: Caused by: android.system.ErrnoException: open failed: EROFS (Read-only file system)
12-06 14:17:21.896 14295 14339 W DefaultFailureHandler: 	at libcore.io.Linux.open(Native Method)
12-06 14:17:21.896 14295 14339 W DefaultFailureHandler: 	at libcore.io.ForwardingOs.open(ForwardingOs.java:167)
12-06 14:17:21.896 14295 14339 W DefaultFailureHandler: 	at libcore.io.BlockGuardOs.open(BlockGuardOs.java:252)
12-06 14:17:21.896 14295 14339 W DefaultFailureHandler: 	at libcore.io.ForwardingOs.open(ForwardingOs.java:167)
12-06 14:17:21.896 14295 14339 W DefaultFailureHandler: 	at android.app.ActivityThread$AndroidOs.open(ActivityThread.java:7255)
12-06 14:17:21.896 14295 14339 W DefaultFailureHandler: 	at libcore.io.IoBridge.open(IoBridge.java:482)
12-06 14:17:21.896 14295 14339 W DefaultFailureHandler: 	... 50 more
12-06 14:17:21.904 14295 14339 W teco.fmhandroi: Accessing hidden method Lsun/misc/Unsafe;->compareAndSwapObject(Ljava/lang/Object;JLjava/lang/Object;Ljava/lang/Object;)Z (greylist, linking, allowed)
12-06 14:17:21.905 14295 14295 I ViewInteraction: Performing 'wait for a specific view with <view.getId() is <2131230870>> during 10000 millis.' action on view view.getRootView() to equal view
12-06 14:17:21.914 14295 14339 W teco.fmhandroi: Accessing hidden method Lsun/misc/Unsafe;->compareAndSwapObject(Ljava/lang/Object;JLjava/lang/Object;Ljava/lang/Object;)Z (greylist, linking, allowed)
12-06 14:17:21.915 14295 14413 W teco.fmhandroi: Accessing hidden method Lsun/misc/Unsafe;->compareAndSwapObject(Ljava/lang/Object;JLjava/lang/Object;Ljava/lang/Object;)Z (greylist, linking, allowed)
12-06 14:17:21.921 14295 14295 I ViewInteraction: Checking 'MatchesViewAssertion{viewMatcher=(view has effective visibility <VISIBLE> and view.getGlobalVisibleRect() to return non-empty rectangle)}' assertion on view view.getId() is <2131230870/ru.iteco.fmhandroid:id/authorization_image_button>
12-06 14:17:21.930 14295 14339 W teco.fmhandroi: Accessing hidden method Landroid/view/ViewConfiguration;->getDoubleTapMinTime()I (greylist, reflection, allowed)
12-06 14:17:21.937 14295 14339 W teco.fmhandroi: Accessing hidden method Lsun/misc/Unsafe;->compareAndSwapObject(Ljava/lang/Object;JLjava/lang/Object;Ljava/lang/Object;)Z (greylist, linking, allowed)
12-06 14:17:21.942 14295 14295 I ViewInteraction: Performing 'single click' action on view view.getId() is <2131230870/ru.iteco.fmhandroid:id/authorization_image_button>
12-06 14:17:22.163  1764  6994 W audio_hw_generic: Not supplying enough data to HAL, expected position 17743432 , only wrote 17743223
12-06 14:17:22.167  1776  1825 D gralloc_ranchu: gralloc_alloc: Creating ashmem region of size 884736
12-06 14:17:22.173  1776  1825 I chatty  : uid=1000(system) HwBinder:1776_1 identical 1 line
12-06 14:17:22.175  1776  1825 D gralloc_ranchu: gralloc_alloc: Creating ashmem region of size 884736
12-06 14:17:22.194 14295 14387 D EGL_emulation: eglMakeCurrent: 0xe593e5c0: ver 2 0 (tinfo 0xf0cc0460)
12-06 14:17:22.208 14295 14387 I chatty  : uid=10146(ru.iteco.fmhandroid) RenderThread identical 1 line
12-06 14:17:22.227 14295 14387 D EGL_emulation: eglMakeCurrent: 0xe593e5c0: ver 2 0 (tinfo 0xf0cc0460)
12-06 14:17:22.244  1788  1978 D AF::Track: interceptBuffer: took 1109us to intercept 0 tracks
12-06 14:17:22.255 14295 14387 D EGL_emulation: eglMakeCurrent: 0xe593e5c0: ver 2 0 (tinfo 0xf0cc0460)
12-06 14:17:22.269 14295 14387 D EGL_emulation: eglMakeCurrent: 0xe593e5c0: ver 2 0 (tinfo 0xf0cc0460)
12-06 14:17:22.481 14295 14339 W teco.fmhandroi: Accessing hidden method Lsun/misc/Unsafe;->compareAndSwapObject(Ljava/lang/Object;JLjava/lang/Object;Ljava/lang/Object;)Z (greylist, linking, allowed)
12-06 14:17:22.487 14295 14295 I ViewInteraction: Performing 'wait for a specific view with <an instance of android.widget.TextView and view.getText() with or without transformation to match: is "Log out"> during 10000 millis.' action on view view.getRootView() to equal view
12-06 14:17:22.491 14295 14295 I ViewInteraction: Checking 'MatchesViewAssertion{viewMatcher=(view has effective visibility <VISIBLE> and view.getGlobalVisibleRect() to return non-empty rectangle)}' assertion on view an instance of android.widget.TextView and view.getText() with or without transformation to match: is "Log out"
12-06 14:17:22.497 14295 14295 I ViewInteraction: Performing 'single click' action on view an instance of android.widget.TextView and view.getText() with or without transformation to match: is "Log out"
12-06 14:17:22.931 14295 14387 D EGL_emulation: eglMakeCurrent: 0xe593e5c0: ver 2 0 (tinfo 0xf0cc0460)
12-06 14:17:23.023 14295 14387 D EGL_emulation: eglMakeCurrent: 0xe593e5c0: ver 2 0 (tinfo 0xf0cc0460)
12-06 14:17:23.119 14295 14413 W teco.fmhandroi: Accessing hidden method Lsun/misc/Unsafe;->compareAndSwapObject(Ljava/lang/Object;JLjava/lang/Object;Ljava/lang/Object;)Z (greylist, linking, allowed)
12-06 14:17:23.121 14295 14295 I ViewInteraction: Performing 'wait for a specific view with <(an instance of android.widget.TextView and view.getText() with or without transformation to match: is "Authorization" and view.getParent() view.getParent() view.getId() is <2131231186>)> during 10000 millis.' action on view view.getRootView() to equal view
12-06 14:17:23.124 14295 14339 W teco.fmhandroi: Accessing hidden method Lsun/misc/Unsafe;->compareAndSwapObject(Ljava/lang/Object;JLjava/lang/Object;Ljava/lang/Object;)Z (greylist, linking, allowed)
12-06 14:17:23.129 14295 14295 I ViewInteraction: Checking 'MatchesViewAssertion{viewMatcher=(view has effective visibility <VISIBLE> and view.getGlobalVisibleRect() to return non-empty rectangle)}' assertion on view (an instance of android.widget.TextView and view.getText() with or without transformation to match: is "Authorization" and view.getParent() view.getParent() view.getId() is <2131231186/ru.iteco.fmhandroid:id/nav_host_fragment>)
12-06 14:17:23.130 14295 14339 W teco.fmhandroi: Accessing hidden method Lsun/misc/Unsafe;->compareAndSwapObject(Ljava/lang/Object;JLjava/lang/Object;Ljava/lang/Object;)Z (greylist, linking, allowed)
12-06 14:17:23.134 14295 14295 I ViewInteraction: Performing 'wait for a specific view with <(an instance of android.widget.TextView and view.getHint() matching: is "Login" and view.getParent() view.getParent() view.getId() is <2131231121>)> during 10000 millis.' action on view view.getRootView() to equal view
12-06 14:17:23.143 14295 14339 W teco.fmhandroi: Accessing hidden method Lsun/misc/Unsafe;->compareAndSwapObject(Ljava/lang/Object;JLjava/lang/Object;Ljava/lang/Object;)Z (greylist, linking, allowed)
12-06 14:17:23.145 14295 14295 I ViewInteraction: Checking 'MatchesViewAssertion{viewMatcher=(view has effective visibility <VISIBLE> and view.getGlobalVisibleRect() to return non-empty rectangle)}' assertion on view (an instance of android.widget.TextView and view.getHint() matching: is "Login" and view.getParent() view.getParent() view.getId() is <2131231121/ru.iteco.fmhandroid:id/login_text_input_layout>)
12-06 14:17:23.147 14295 14339 W teco.fmhandroi: Accessing hidden method Lsun/misc/Unsafe;->compareAndSwapObject(Ljava/lang/Object;JLjava/lang/Object;Ljava/lang/Object;)Z (greylist, linking, allowed)
12-06 14:17:23.149 14295 14295 I ViewInteraction: Performing 'wait for a specific view with <(an instance of android.widget.TextView and view.getHint() matching: is "Password" and view.getParent() view.getParent() view.getId() is <2131231264>)> during 10000 millis.' action on view view.getRootView() to equal view
12-06 14:17:23.153 14295 14339 W teco.fmhandroi: Accessing hidden method Lsun/misc/Unsafe;->compareAndSwapObject(Ljava/lang/Object;JLjava/lang/Object;Ljava/lang/Object;)Z (greylist, linking, allowed)
12-06 14:17:23.157 14295 14295 I ViewInteraction: Checking 'MatchesViewAssertion{viewMatcher=(view has effective visibility <VISIBLE> and view.getGlobalVisibleRect() to return non-empty rectangle)}' assertion on view (an instance of android.widget.TextView and view.getHint() matching: is "Password" and view.getParent() view.getParent() view.getId() is <2131231264/ru.iteco.fmhandroid:id/password_text_input_layout>)
12-06 14:17:23.160 14295 14339 W teco.fmhandroi: Accessing hidden method Lsun/misc/Unsafe;->compareAndSwapObject(Ljava/lang/Object;JLjava/lang/Object;Ljava/lang/Object;)Z (greylist, linking, allowed)
12-06 14:17:23.161 14295 14413 W teco.fmhandroi: Accessing hidden method Lsun/misc/Unsafe;->compareAndSwapObject(Ljava/lang/Object;JLjava/lang/Object;Ljava/lang/Object;)Z (greylist, linking, allowed)
12-06 14:17:23.166 14295 14295 I ViewInteraction: Performing 'wait for a specific view with <(view.getId() is <2131231039> and an instance of android.widget.TextView and view.getText() with or without transformation to match: is "SIGN IN" and view.getContentDescription() is "Save" and view.getParent() view.getParent() an instance of android.widget.RelativeLayout)> during 10000 millis.' action on view view.getRootView() to equal view
12-06 14:17:23.169 14295 14339 W teco.fmhandroi: Accessing hidden method Lsun/misc/Unsafe;->compareAndSwapObject(Ljava/lang/Object;JLjava/lang/Object;Ljava/lang/Object;)Z (greylist, linking, allowed)
