12-02 19:07:44.596  2584 29482 I LogUtils: [Places]: ?: Couldn't find platform key file. [CONTEXT service_id=253 ]
12-02 19:07:44.614  2584  3808 W GCoreFlp: No location to return for getLastLocation()
12-02 19:07:44.628  2584 29694 I PlacesLogger: [PlaceInferenceEngine]: [anon] Changed inference mode: 0 [CONTEXT service_id=253 ]
12-02 19:07:44.630  2584 29655 I LogUtils: [Places]: ?: Couldn't find platform key file. [CONTEXT service_id=253 ]
12-02 19:07:44.668  2584  2599 I .gms.persisten: Background young concurrent copying GC freed 93404(5330KB) AllocSpace objects, 7(404KB) LOS objects, 33% free, 10MB/15MB, paused 990us total 559.460ms
12-02 19:07:44.691  2584 29459 I ctxmgr  : [ProducerStatusImpl] updateStateForNewContextData: inactive, contextName=7 [CONTEXT service_id=47 ]
12-02 19:07:44.703  2584  3808 W GCoreFlp: No location to return for getLastLocation()
12-02 19:07:44.721  2584 29655 I LogUtils: [Places]: ?: Couldn't find platform key file. [CONTEXT service_id=253 ]
12-02 19:07:44.753  2584 29655 I LogUtils: [Places]: ?: Couldn't find platform key file. [CONTEXT service_id=253 ]
12-02 19:07:44.778  2584 29694 I LogUtils: [Places]: ?: PlacesBleScanner start() with priority 2 [CONTEXT service_id=253 ]
12-02 19:07:44.778  2584 29694 I PlacesLogger: [PlaceInferenceEngine]: [anon] Changed inference mode: 1 [CONTEXT service_id=253 ]
12-02 19:07:44.799  2584  2584 E BeaconBle: Missing BluetoothAdapter [CONTEXT service_id=111 ]
12-02 19:07:44.800  2584  2584 I BeaconBle: BLE 'KK+' software access layer enabled [CONTEXT service_id=111 ]
12-02 19:07:44.830  2584 29693 I LogUtils: [Places]: ?: Couldn't find platform key file. [CONTEXT service_id=253 ]
12-02 19:07:44.841  2584  3808 W GCoreFlp: No location to return for getLastLocation()
12-02 19:07:44.851  2584  2584 I BeaconBle: Client requested scan, settings=BleSettings [scanMode=ZERO_POWER, callbackType=ALL_MATCHES, reportDelayMillis=0, 1 filters, 0 clients, callingClientName=Places] [CONTEXT service_id=111 ]
12-02 19:07:44.852  2584  2584 I BeaconBle: Scan : No clients left, canceling alarm. [CONTEXT service_id=111 ]
12-02 19:07:44.853  2584  2584 E BeaconBle: Scan couldn't start for Places [CONTEXT service_id=111 ]
12-02 19:07:44.853  2584  2584 W Places  : BLE failure while scanning - code 5
12-02 19:07:44.955  2010  2025 I system_server: NativeAlloc concurrent copying GC freed 113727(4827KB) AllocSpace objects, 35(1228KB) LOS objects, 22% free, 20MB/26MB, paused 528us total 2.508s
12-02 19:07:46.524 29571 29642 I okhttp.OkHttpClient: --> GET http://www.981757-ca08998.tmweb.ru:8080/fmh/authentication/userInfo
12-02 19:07:46.524 29571 29642 I okhttp.OkHttpClient: --> END GET
12-02 19:07:46.863 29571 29642 I okhttp.OkHttpClient: <-- 200 http://www.981757-ca08998.tmweb.ru:8080/fmh/authentication/userInfo (337ms)
12-02 19:07:46.863 29571 29642 I okhttp.OkHttpClient: Vary: Origin
12-02 19:07:46.863 29571 29642 I okhttp.OkHttpClient: Vary: Access-Control-Request-Method
12-02 19:07:46.863 29571 29642 I okhttp.OkHttpClient: Vary: Access-Control-Request-Headers
12-02 19:07:46.863 29571 29642 I okhttp.OkHttpClient: X-Content-Type-Options: nosniff
12-02 19:07:46.864 29571 29642 I okhttp.OkHttpClient: X-XSS-Protection: 1; mode=block
12-02 19:07:46.865 29571 29642 I okhttp.OkHttpClient: Cache-Control: no-cache, no-store, max-age=0, must-revalidate
12-02 19:07:46.865 29571 29642 I okhttp.OkHttpClient: Pragma: no-cache
12-02 19:07:46.866 29571 29642 I okhttp.OkHttpClient: Expires: 0
12-02 19:07:46.866 29571 29642 I okhttp.OkHttpClient: X-Frame-Options: DENY
12-02 19:07:46.866 29571 29642 I okhttp.OkHttpClient: Content-Type: application/json
12-02 19:07:46.866 29571 29642 I okhttp.OkHttpClient: Transfer-Encoding: chunked
12-02 19:07:46.866 29571 29642 I okhttp.OkHttpClient: Date: Fri, 02 Dec 2022 16:07:48 GMT
12-02 19:07:46.867 29571 29642 I okhttp.OkHttpClient: Keep-Alive: timeout=60
12-02 19:07:46.867 29571 29642 I okhttp.OkHttpClient: Connection: keep-alive
12-02 19:07:46.869 29571 29642 I okhttp.OkHttpClient: {"id":2,"firstName":"Данил","lastName":"Иванов","middleName":"Данилович","admin":true}
12-02 19:07:46.869 29571 29642 I okhttp.OkHttpClient: <-- END HTTP (106-byte body)
12-02 19:07:46.885 29571 29667 I okhttp.OkHttpClient: --> GET http://www.981757-ca08998.tmweb.ru:8080/fmh/claims
12-02 19:07:46.885 29571 29667 I okhttp.OkHttpClient: --> END GET
12-02 19:07:48.513 29571 29571 I Choreographer: Skipped 97 frames!  The application may be doing too much work on its main thread.
12-02 19:07:48.810 29571 29628 I OpenGLRenderer: Davey! duration=1904ms; Flags=1, IntendedVsync=89703294966433, Vsync=89704911633035, OldestInputEvent=9223372036854775807, NewestInputEvent=0, HandleInputStart=89704919768280, AnimationStart=89704919820880, PerformTraversalsStart=89704920009080, DrawStart=89704960077480, SyncQueued=89704971030680, SyncStart=89704983947080, IssueDrawCommandsStart=89704984503480, SwapBuffers=89705205652180, FrameCompleted=89705212179380, DequeueBufferDuration=65000, QueueBufferDuration=231000, 
12-02 19:07:48.875 29571 29667 I okhttp.OkHttpClient: <-- 200 http://www.981757-ca08998.tmweb.ru:8080/fmh/claims (1990ms)
12-02 19:07:48.876 29571 29667 I okhttp.OkHttpClient: Vary: Origin
12-02 19:07:48.876 29571 29667 I okhttp.OkHttpClient: Vary: Access-Control-Request-Method
12-02 19:07:48.876 29571 29667 I okhttp.OkHttpClient: Vary: Access-Control-Request-Headers
12-02 19:07:48.876 29571 29667 I okhttp.OkHttpClient: X-Content-Type-Options: nosniff
12-02 19:07:48.876 29571 29667 I okhttp.OkHttpClient: X-XSS-Protection: 1; mode=block
12-02 19:07:48.876 29571 29667 I okhttp.OkHttpClient: Cache-Control: no-cache, no-store, max-age=0, must-revalidate
12-02 19:07:48.876 29571 29667 I okhttp.OkHttpClient: Pragma: no-cache
12-02 19:07:48.876 29571 29667 I okhttp.OkHttpClient: Expires: 0
12-02 19:07:48.876 29571 29667 I okhttp.OkHttpClient: X-Frame-Options: DENY
12-02 19:07:48.876 29571 29667 I okhttp.OkHttpClient: Content-Type: application/json
12-02 19:07:48.876 29571 29667 I okhttp.OkHttpClient: Transfer-Encoding: chunked
12-02 19:07:48.876 29571 29667 I okhttp.OkHttpClient: Date: Fri, 02 Dec 2022 16:07:50 GMT
12-02 19:07:48.876 29571 29667 I okhttp.OkHttpClient: Keep-Alive: timeout=60
12-02 19:07:48.876 29571 29667 I okhttp.OkHttpClient: Connection: keep-alive
12-02 19:07:49.105 29571 29613 V FA      : Inactivity, disconnecting from the service
12-02 19:07:49.120  2584 29459 I LogUtils: [Places]: ?: Couldn't find platform key file. [CONTEXT service_id=253 ]
12-02 19:07:49.137  2584 29692 I LogUtils: [Places]: ?: Couldn't find platform key file. [CONTEXT service_id=253 ]
12-02 19:07:49.141  2584 29694 I LogUtils: [Places]: ?: PlacesBleScanner stop() [CONTEXT service_id=253 ]
12-02 19:07:49.142  2584  2584 I BeaconBle: Scan : No clients left, canceling alarm. [CONTEXT service_id=111 ]
12-02 19:07:49.143  2584  2584 I BeaconBle: Scan canceled successfully. [CONTEXT service_id=111 ]
12-02 19:07:49.152  2584 29694 I PlacesLogger: [PlaceInferenceEngine]: [anon] Changed inference mode: 0 [CONTEXT service_id=253 ]
12-02 19:07:49.182  2584  3808 W GCoreFlp: No location to return for getLastLocation()
12-02 19:07:49.182  2584 29692 I LogUtils: [Places]: ?: Couldn't find platform key file. [CONTEXT service_id=253 ]
12-02 19:07:49.187  2584 29482 I LogUtils: [Places]: ?: Couldn't find platform key file. [CONTEXT service_id=253 ]
12-02 19:07:49.224  2584  2584 I GeofencerStateMachine: removeGeofences: removeRequest=RemoveGeofencingRequest[REMOVE_BY_PENDING_INTENT pendingIntent=PendingIntent[creatorPackage=com.google.android.gms], packageName=com.google.android.gms]
12-02 19:07:49.288  3620  3641 I e.process.gapp: Background young concurrent copying GC freed 23404(1024KB) AllocSpace objects, 0(0B) LOS objects, 37% free, 1830KB/2935KB, paused 459us total 172.964ms
12-02 19:07:53.967  3139  3568 I WorkerManager: dispose()
12-02 19:07:53.968  3139  3568 W ThreadPoolDumper: Queue length for executor EventBus is now 11. Perhaps some tasks are too long, or the pool is too small.
12-02 19:07:54.154  2584  2584 I BeaconBle: Scan : No clients left, canceling alarm. [CONTEXT service_id=111 ]
12-02 19:07:54.451 29571 29571 D takeScreenshot: Found 1 global views to redraw
12-02 19:07:54.493  1772  1772 D gralloc_ranchu: gralloc_alloc: Creating ashmem region of size 14749696
12-02 19:07:54.618 29571 29615 W DefaultFailureHandler: Failed to take screenshot
12-02 19:07:54.618 29571 29615 W DefaultFailureHandler: java.io.FileNotFoundException: view-op-error-2.png: open failed: EROFS (Read-only file system)
12-02 19:07:54.618 29571 29615 W DefaultFailureHandler: 	at libcore.io.IoBridge.open(IoBridge.java:496)
12-02 19:07:54.618 29571 29615 W DefaultFailureHandler: 	at java.io.FileOutputStream.<init>(FileOutputStream.java:235)
12-02 19:07:54.618 29571 29615 W DefaultFailureHandler: 	at java.io.FileOutputStream.<init>(FileOutputStream.java:125)
12-02 19:07:54.618 29571 29615 W DefaultFailureHandler: 	at androidx.test.platform.io.FileTestStorage.openOutputFile(FileTestStorage.java:60)
12-02 19:07:54.618 29571 29615 W DefaultFailureHandler: 	at androidx.test.core.graphics.BitmapStorage.writeToTestStorage(BitmapStorageExt.kt:49)
12-02 19:07:54.618 29571 29615 W DefaultFailureHandler: 	at androidx.test.espresso.base.DefaultFailureHandler.takeScreenshot(DefaultFailureHandler.java:4)
12-02 19:07:54.618 29571 29615 W DefaultFailureHandler: 	at androidx.test.espresso.base.DefaultFailureHandler.handle(DefaultFailureHandler.java:3)
12-02 19:07:54.618 29571 29615 W DefaultFailureHandler: 	at androidx.test.espresso.ViewInteraction.waitForAndHandleInteractionResults(ViewInteraction.java:8)
12-02 19:07:54.618 29571 29615 W DefaultFailureHandler: 	at androidx.test.espresso.ViewInteraction.desugaredPerform(ViewInteraction.java:11)
12-02 19:07:54.618 29571 29615 W DefaultFailureHandler: 	at androidx.test.espresso.ViewInteraction.perform(ViewInteraction.java:8)
12-02 19:07:54.618 29571 29615 W DefaultFailureHandler: 	at ru.iteco.fmhandroid.ui.data.TestUtils.waitView(TestUtils.java:61)
12-02 19:07:54.618 29571 29615 W DefaultFailureHandler: 	at ru.iteco.fmhandroid.ui.steps.AuthSteps.isAuthScreen(AuthSteps.java:56)
12-02 19:07:54.618 29571 29615 W DefaultFailureHandler: 	at ru.iteco.fmhandroid.ui.ClaimsPageTest.logoutCheck(ClaimsPageTest.java:50)
12-02 19:07:54.618 29571 29615 W DefaultFailureHandler: 	at java.lang.reflect.Method.invoke(Native Method)
12-02 19:07:54.618 29571 29615 W DefaultFailureHandler: 	at org.junit.runners.model.FrameworkMethod$1.runReflectiveCall(FrameworkMethod.java:59)
12-02 19:07:54.618 29571 29615 W DefaultFailureHandler: 	at org.junit.internal.runners.model.ReflectiveCallable.run(ReflectiveCallable.java:12)
12-02 19:07:54.618 29571 29615 W DefaultFailureHandler: 	at org.junit.runners.model.FrameworkMethod.invokeExplosively(FrameworkMethod.java:56)
12-02 19:07:54.618 29571 29615 W DefaultFailureHandler: 	at androidx.test.internal.runner.junit4.statement.RunBefores.evaluate(RunBefores.java:76)
12-02 19:07:54.618 29571 29615 W DefaultFailureHandler: 	at androidx.test.rule.ActivityTestRule$ActivityStatement.evaluate(ActivityTestRule.java:543)
12-02 19:07:54.618 29571 29615 W DefaultFailureHandler: 	at io.qameta.allure.android.rules.LogcatRule$apply$1.evaluate(LogcatRule.kt:23)
12-02 19:07:54.618 29571 29615 W DefaultFailureHandler: 	at io.qameta.allure.android.rules.ScreenshotRule$apply$1.evaluate(ScreenshotRule.kt:22)
12-02 19:07:54.618 29571 29615 W DefaultFailureHandler: 	at io.qameta.allure.android.rules.ScreenshotRule$apply$1.evaluate(ScreenshotRule.kt:22)
12-02 19:07:54.618 29571 29615 W DefaultFailureHandler: 	at org.junit.rules.RunRules.evaluate(RunRules.java:20)
12-02 19:07:54.618 29571 29615 W DefaultFailureHandler: 	at org.junit.runners.ParentRunner$3.evaluate(ParentRunner.java:306)
12-02 19:07:54.618 29571 29615 W DefaultFailureHandler: 	at org.junit.runners.BlockJUnit4ClassRunner$1.evaluate(BlockJUnit4ClassRunner.java:100)
12-02 19:07:54.618 29571 29615 W DefaultFailureHandler: 	at org.junit.runners.ParentRunner.runLeaf(ParentRunner.java:366)
12-02 19:07:54.618 29571 29615 W DefaultFailureHandler: 	at org.junit.runners.BlockJUnit4ClassRunner.runChild(BlockJUnit4ClassRunner.java:103)
12-02 19:07:54.618 29571 29615 W DefaultFailureHandler: 	at org.junit.runners.BlockJUnit4ClassRunner.runChild(BlockJUnit4ClassRunner.java:63)
12-02 19:07:54.618 29571 29615 W DefaultFailureHandler: 	at org.junit.runners.ParentRunner$4.run(ParentRunner.java:331)
12-02 19:07:54.618 29571 29615 W DefaultFailureHandler: 	at org.junit.runners.ParentRunner$1.schedule(ParentRunner.java:79)
12-02 19:07:54.618 29571 29615 W DefaultFailureHandler: 	at org.junit.runners.ParentRunner.runChildren(ParentRunner.java:329)
12-02 19:07:54.618 29571 29615 W DefaultFailureHandler: 	at org.junit.runners.ParentRunner.access$100(ParentRunner.java:66)
12-02 19:07:54.618 29571 29615 W DefaultFailureHandler: 	at org.junit.runners.ParentRunner$2.evaluate(ParentRunner.java:293)
12-02 19:07:54.618 29571 29615 W DefaultFailureHandler: 	at org.junit.runners.ParentRunner$3.evaluate(ParentRunner.java:306)
12-02 19:07:54.618 29571 29615 W DefaultFailureHandler: 	at org.junit.runners.ParentRunner.run(ParentRunner.java:413)
12-02 19:07:54.618 29571 29615 W DefaultFailureHandler: 	at androidx.test.ext.junit.runners.AndroidJUnit4.run(AndroidJUnit4.java:162)
12-02 19:07:54.618 29571 29615 W DefaultFailureHandler: 	at io.qameta.allure.android.runners.AllureAndroidJUnit4.run(AllureAndroidJUnitRunners.kt:29)
12-02 19:07:54.618 29571 29615 W DefaultFailureHandler: 	at org.junit.runners.Suite.runChild(Suite.java:128)
12-02 19:07:54.618 29571 29615 W DefaultFailureHandler: 	at org.junit.runners.Suite.runChild(Suite.java:27)
12-02 19:07:54.618 29571 29615 W DefaultFailureHandler: 	at org.junit.runners.ParentRunner$4.run(ParentRunner.java:331)
12-02 19:07:54.618 29571 29615 W DefaultFailureHandler: 	at org.junit.runners.ParentRunner$1.schedule(ParentRunner.java:79)
12-02 19:07:54.618 29571 29615 W DefaultFailureHandler: 	at org.junit.runners.ParentRunner.runChildren(ParentRunner.java:329)
12-02 19:07:54.618 29571 29615 W DefaultFailureHandler: 	at org.junit.runners.ParentRunner.access$100(ParentRunner.java:66)
12-02 19:07:54.618 29571 29615 W DefaultFailureHandler: 	at org.junit.runners.ParentRunner$2.evaluate(ParentRunner.java:293)
12-02 19:07:54.618 29571 29615 W DefaultFailureHandler: 	at org.junit.runners.ParentRunner$3.evaluate(ParentRunner.java:306)
12-02 19:07:54.618 29571 29615 W DefaultFailureHandler: 	at org.junit.runners.ParentRunner.run(ParentRunner.java:413)
12-02 19:07:54.618 29571 29615 W DefaultFailureHandler: 	at org.junit.runner.JUnitCore.run(JUnitCore.java:137)
12-02 19:07:54.618 29571 29615 W DefaultFailureHandler: 	at org.junit.runner.JUnitCore.run(JUnitCore.java:115)
12-02 19:07:54.618 29571 29615 W DefaultFailureHandler: 	at androidx.test.internal.runner.TestExecutor.execute(TestExecutor.java:67)
12-02 19:07:54.618 29571 29615 W DefaultFailureHandler: 	at androidx.test.internal.runner.TestExecutor.execute(TestExecutor.java:58)
12-02 19:07:54.618 29571 29615 W DefaultFailureHandler: 	at androidx.test.runner.AndroidJUnitRunner.onStart(AndroidJUnitRunner.java:438)
12-02 19:07:54.618 29571 29615 W DefaultFailureHandler: 	at android.app.Instrumentation$InstrumentationThread.run(Instrumentation.java:2189)
12-02 19:07:54.618 29571 29615 W DefaultFailureHandler: Caused by: android.system.ErrnoException: open failed: EROFS (Read-only file system)
12-02 19:07:54.618 29571 29615 W DefaultFailureHandler: 	at libcore.io.Linux.open(Native Method)
12-02 19:07:54.618 29571 29615 W DefaultFailureHandler: 	at libcore.io.ForwardingOs.open(ForwardingOs.java:167)
12-02 19:07:54.618 29571 29615 W DefaultFailureHandler: 	at libcore.io.BlockGuardOs.open(BlockGuardOs.java:252)
12-02 19:07:54.618 29571 29615 W DefaultFailureHandler: 	at libcore.io.ForwardingOs.open(ForwardingOs.java:167)
12-02 19:07:54.618 29571 29615 W DefaultFailureHandler: 	at android.app.ActivityThread$AndroidOs.open(ActivityThread.java:7255)
12-02 19:07:54.618 29571 29615 W DefaultFailureHandler: 	at libcore.io.IoBridge.open(IoBridge.java:482)
12-02 19:07:54.618 29571 29615 W DefaultFailureHandler: 	... 51 more
12-02 19:07:54.624 29571 29571 I ViewInteraction: Performing 'wait for a specific view with <view.getId() is <2131230870/ru.iteco.fmhandroid:id/authorization_image_button>> during 10000 millis.' action on view view.getRootView() to equal view
12-02 19:07:54.629 29571 29571 I ViewInteraction: Checking 'MatchesViewAssertion{viewMatcher=(view has effective visibility <VISIBLE> and view.getGlobalVisibleRect() to return non-empty rectangle)}' assertion on view view.getId() is <2131230870/ru.iteco.fmhandroid:id/authorization_image_button>
12-02 19:07:54.631 29571 29571 I ViewInteraction: Performing 'single click' action on view view.getId() is <2131230870/ru.iteco.fmhandroid:id/authorization_image_button>
12-02 19:07:54.760  1772  1772 D gralloc_ranchu: gralloc_alloc: Creating ashmem region of size 1429504
12-02 19:07:54.764  1750  3111 W audio_hw_generic: Not supplying enough data to HAL, expected position 397681467 , only wrote 397681396
12-02 19:07:54.766  1772  1772 D gralloc_ranchu: gralloc_alloc: Creating ashmem region of size 1429504
12-02 19:07:54.767  1772  1772 D gralloc_ranchu: gralloc_alloc: Creating ashmem region of size 1429504
12-02 19:07:54.781 29571 29628 D EGL_emulation: eglMakeCurrent: 0xdb91b440: ver 2 0 (tinfo 0xc077f470)
12-02 19:07:54.851 29571 29628 I chatty  : uid=10159(ru.iteco.fmhandroid) RenderThread identical 3 lines
12-02 19:07:54.868 29571 29628 D EGL_emulation: eglMakeCurrent: 0xdb91b440: ver 2 0 (tinfo 0xc077f470)
12-02 19:07:55.094 29571 29571 I ViewInteraction: Performing 'wait for a specific view with <an instance of android.widget.TextView and view.getText() with or without transformation to match: is "Log out"> during 10000 millis.' action on view view.getRootView() to equal view
12-02 19:07:55.097 29571 29571 I ViewInteraction: Checking 'MatchesViewAssertion{viewMatcher=(view has effective visibility <VISIBLE> and view.getGlobalVisibleRect() to return non-empty rectangle)}' assertion on view an instance of android.widget.TextView and view.getText() with or without transformation to match: is "Log out"
12-02 19:07:55.099 29571 29571 I ViewInteraction: Performing 'single click' action on view an instance of android.widget.TextView and view.getText() with or without transformation to match: is "Log out"
12-02 19:07:55.354 29571 29628 D EGL_emulation: eglMakeCurrent: 0xdb91b440: ver 2 0 (tinfo 0xc077f470)
12-02 19:07:55.386 29571 29628 D EGL_emulation: eglMakeCurrent: 0xdb91b440: ver 2 0 (tinfo 0xc077f470)
12-02 19:07:55.481 29571 29571 I ViewInteraction: Performing 'wait for a specific view with <(an instance of android.widget.TextView and view.getText() with or without transformation to match: is "Authorization" and view.getParent() view.getParent() view.getId() is <2131231186>)> during 10000 millis.' action on view view.getRootView() to equal view
12-02 19:07:55.484 29571 29571 I ViewInteraction: Checking 'MatchesViewAssertion{viewMatcher=(view has effective visibility <VISIBLE> and view.getGlobalVisibleRect() to return non-empty rectangle)}' assertion on view (an instance of android.widget.TextView and view.getText() with or without transformation to match: is "Authorization" and view.getParent() view.getParent() view.getId() is <2131231186/ru.iteco.fmhandroid:id/nav_host_fragment>)
12-02 19:07:55.487 29571 29571 I ViewInteraction: Performing 'wait for a specific view with <(an instance of android.widget.TextView and view.getHint() matching: is "Login" and view.getParent() view.getParent() view.getId() is <2131231121/ru.iteco.fmhandroid:id/login_text_input_layout>)> during 10000 millis.' action on view view.getRootView() to equal view
12-02 19:07:55.490 29571 29571 I ViewInteraction: Checking 'MatchesViewAssertion{viewMatcher=(view has effective visibility <VISIBLE> and view.getGlobalVisibleRect() to return non-empty rectangle)}' assertion on view (an instance of android.widget.TextView and view.getHint() matching: is "Login" and view.getParent() view.getParent() view.getId() is <2131231121/ru.iteco.fmhandroid:id/login_text_input_layout>)
12-02 19:07:55.493 29571 29571 I ViewInteraction: Performing 'wait for a specific view with <(an instance of android.widget.TextView and view.getHint() matching: is "Password" and view.getParent() view.getParent() view.getId() is <2131231264/ru.iteco.fmhandroid:id/password_text_input_layout>)> during 10000 millis.' action on view view.getRootView() to equal view
12-02 19:07:55.496 29571 29571 I ViewInteraction: Checking 'MatchesViewAssertion{viewMatcher=(view has effective visibility <VISIBLE> and view.getGlobalVisibleRect() to return non-empty rectangle)}' assertion on view (an instance of android.widget.TextView and view.getHint() matching: is "Password" and view.getParent() view.getParent() view.getId() is <2131231264/ru.iteco.fmhandroid:id/password_text_input_layout>)
12-02 19:07:55.500 29571 29571 I ViewInteraction: Performing 'wait for a specific view with <(view.getId() is <2131231039/ru.iteco.fmhandroid:id/enter_button> and an instance of android.widget.TextView and view.getText() with or without transformation to match: is "SIGN IN" and view.getContentDescription() is "Save" and view.getParent() view.getParent() an instance of android.widget.RelativeLayout)> during 10000 millis.' action on view view.getRootView() to equal view
12-02 19:07:55.503 29571 29571 I ViewInteraction: Checking 'MatchesViewAssertion{viewMatcher=(view has effective visibility <VISIBLE> and view.getGlobalVisibleRect() to return non-empty rectangle)}' assertion on view (view.getId() is <2131231039/ru.iteco.fmhandroid:id/enter_button> and an instance of android.widget.TextView and view.getText() with or without transformation to match: is "SIGN IN" and view.getContentDescription() is "Save" and view.getParent() view.getParent() an instance of android.widget.RelativeLayout)
12-02 19:07:55.508 29571 29571 I ViewInteraction: Performing 'wait for a specific view with <(an instance of android.widget.TextView and view.getText() with or without transformation to match: is "Authorization" and view.getParent() view.getParent() view.getId() is <2131231186>)> during 10000 millis.' action on view view.getRootView() to equal view
12-02 19:07:55.511 29571 29571 I ViewInteraction: Checking 'MatchesViewAssertion{viewMatcher=(view has effective visibility <VISIBLE> and view.getGlobalVisibleRect() to return non-empty rectangle)}' assertion on view (an instance of android.widget.TextView and view.getText() with or without transformation to match: is "Authorization" and view.getParent() view.getParent() view.getId() is <2131231186/ru.iteco.fmhandroid:id/nav_host_fragment>)
12-02 19:07:55.520 29571 29571 I ViewInteraction: Performing 'wait for a specific view with <(an instance of android.widget.TextView and view.getHint() matching: is "Login" and view.getParent() view.getParent() view.getId() is <2131231121/ru.iteco.fmhandroid:id/login_text_input_layout>)> during 10000 millis.' action on view view.getRootView() to equal view
12-02 19:07:55.522 29571 29571 I ViewInteraction: Checking 'MatchesViewAssertion{viewMatcher=(view has effective visibility <VISIBLE> and view.getGlobalVisibleRect() to return non-empty rectangle)}' assertion on view (an instance of android.widget.TextView and view.getHint() matching: is "Login" and view.getParent() view.getParent() view.getId() is <2131231121/ru.iteco.fmhandroid:id/login_text_input_layout>)
12-02 19:07:55.526 29571 29571 I ViewInteraction: Performing 'wait for a specific view with <(an instance of android.widget.TextView and view.getHint() matching: is "Password" and view.getParent() view.getParent() view.getId() is <2131231264/ru.iteco.fmhandroid:id/password_text_input_layout>)> during 10000 millis.' action on view view.getRootView() to equal view
12-02 19:07:55.530 29571 29571 I ViewInteraction: Checking 'MatchesViewAssertion{viewMatcher=(view has effective visibility <VISIBLE> and view.getGlobalVisibleRect() to return non-empty rectangle)}' assertion on view (an instance of android.widget.TextView and view.getHint() matching: is "Password" and view.getParent() view.getParent() view.getId() is <2131231264/ru.iteco.fmhandroid:id/password_text_input_layout>)
12-02 19:07:55.532 29571 29571 I ViewInteraction: Performing 'wait for a specific view with <(view.getId() is <2131231039/ru.iteco.fmhandroid:id/enter_button> and an instance of android.widget.TextView and view.getText() with or without transformation to match: is "SIGN IN" and view.getContentDescription() is "Save" and view.getParent() view.getParent() an instance of android.widget.RelativeLayout)> during 10000 millis.' action on view view.getRootView() to equal view
12-02 19:07:55.535 29571 29571 I ViewInteraction: Checking 'MatchesViewAssertion{viewMatcher=(view has effective visibility <VISIBLE> and view.getGlobalVisibleRect() to return non-empty rectangle)}' assertion on view (view.getId() is <2131231039/ru.iteco.fmhandroid:id/enter_button> and an instance of android.widget.TextView and view.getText() with or without transformation to match: is "SIGN IN" and view.getContentDescription() is "Save" and view.getParent() view.getParent() an instance of android.widget.RelativeLayout)
12-02 19:07:55.538 29571 29571 I ViewInteraction: Performing 'wait for a specific view with <(an instance of android.widget.TextView and view.getHint() matching: is "Login" and view.getParent() view.getParent() view.getId() is <2131231121/ru.iteco.fmhandroid:id/login_text_input_layout>)> during 10000 millis.' action on view view.getRootView() to equal view
12-02 19:07:55.541 29571 29571 I ViewInteraction: Performing 'replace text(login2)' action on view (an instance of android.widget.TextView and view.getHint() matching: is "Login" and view.getParent() view.getParent() view.getId() is <2131231121/ru.iteco.fmhandroid:id/login_text_input_layout>)
12-02 19:07:55.578 29571 29571 I ViewInteraction: Performing 'wait for a specific view with <(an instance of android.widget.TextView and view.getHint() matching: is "Password" and view.getParent() view.getParent() view.getId() is <2131231264/ru.iteco.fmhandroid:id/password_text_input_layout>)> during 10000 millis.' action on view view.getRootView() to equal view
12-02 19:07:55.582 29571 29571 I ViewInteraction: Performing 'replace text(password2)' action on view (an instance of android.widget.TextView and view.getHint() matching: is "Password" and view.getParent() view.getParent() view.getId() is <2131231264/ru.iteco.fmhandroid:id/password_text_input_layout>)
12-02 19:07:55.598 29571 29571 I ViewInteraction: Performing 'wait for a specific view with <(view.getId() is <2131231039/ru.iteco.fmhandroid:id/enter_button> and an instance of android.widget.TextView and view.getText() with or without transformation to match: is "SIGN IN" and view.getContentDescription() is "Save" and view.getParent() view.getParent() an instance of android.widget.RelativeLayout)> during 10000 millis.' action on view view.getRootView() to equal view
12-02 19:07:55.603 29571 29571 I ViewInteraction: Checking 'MatchesViewAssertion{viewMatcher=view.isClickable() is <true>}' assertion on view (view.getId() is <2131231039/ru.iteco.fmhandroid:id/enter_button> and an instance of android.widget.TextView and view.getText() with or without transformation to match: is "SIGN IN" and view.getContentDescription() is "Save" and view.getParent() view.getParent() an instance of android.widget.RelativeLayout)
12-02 19:07:55.616 29571 29615 W teco.fmhandroi: Accessing hidden method Lsun/misc/Unsafe;->getObject(Ljava/lang/Object;J)Ljava/lang/Object; (greylist, linking, allowed)
12-02 19:07:55.618 29571 29571 I ViewInteraction: Performing 'wait for a specific view with <(view.getId() is <2131231039/ru.iteco.fmhandroid:id/enter_button> and an instance of android.widget.TextView and view.getText() with or without transformation to match: is "SIGN IN" and view.getContentDescription() is "Save" and view.getParent() view.getParent() an instance of android.widget.RelativeLayout)> during 10000 millis.' action on view view.getRootView() to equal view
12-02 19:07:55.621 29571 29571 I ViewInteraction: Checking 'MatchesViewAssertion{viewMatcher=view.isClickable() is <true>}' assertion on view (view.getId() is <2131231039/ru.iteco.fmhandroid:id/enter_button> and an instance of android.widget.TextView and view.getText() with or without transformation to match: is "SIGN IN" and view.getContentDescription() is "Save" and view.getParent() view.getParent() an instance of android.widget.RelativeLayout)
12-02 19:07:55.622 29571 29571 I ViewInteraction: Performing 'wait for a specific view with <(view.getId() is <2131231039/ru.iteco.fmhandroid:id/enter_button> and an instance of android.widget.TextView and view.getText() with or without transformation to match: is "SIGN IN" and view.getContentDescription() is "Save" and view.getParent() view.getParent() an instance of android.widget.RelativeLayout)> during 10000 millis.' action on view view.getRootView() to equal view
12-02 19:07:55.631 29571 29571 I ViewInteraction: Performing 'single click' action on view (view.getId() is <2131231039/ru.iteco.fmhandroid:id/enter_button> and an instance of android.widget.TextView and view.getText() with or without transformation to match: is "SIGN IN" and view.getContentDescription() is "Save" and view.getParent() view.getParent() an instance of android.widget.RelativeLayout)
12-02 19:07:55.690 29571 29664 I okhttp.OkHttpClient: --> POST http://www.981757-ca08998.tmweb.ru:8080/fmh/authentication/login
12-02 19:07:55.690 29571 29664 I okhttp.OkHttpClient: Content-Type: application/json; charset=UTF-8
12-02 19:07:55.690 29571 29664 I okhttp.OkHttpClient: Content-Length: 41
12-02 19:07:55.691 29571 29664 I okhttp.OkHttpClient: {"login":"login2","password":"password2"}
12-02 19:07:55.691 29571 29664 I okhttp.OkHttpClient: --> END POST (41-byte body)
12-02 19:07:55.913 29571 29571 I ViewInteraction: Performing 'wait for a specific view with <an instance of android.widget.TextView and view.getText() with or without transformation to match: is "News"> during 10000 millis.' action on view view.getRootView() to equal view
12-02 19:07:55.944 29571 29664 I okhttp.OkHttpClient: <-- 200 http://www.981757-ca08998.tmweb.ru:8080/fmh/authentication/login (252ms)
12-02 19:07:55.944 29571 29664 I okhttp.OkHttpClient: Vary: Origin
12-02 19:07:55.944 29571 29664 I okhttp.OkHttpClient: Vary: Access-Control-Request-Method
12-02 19:07:55.944 29571 29664 I okhttp.OkHttpClient: Vary: Access-Control-Request-Headers
12-02 19:07:55.944 29571 29664 I okhttp.OkHttpClient: X-Content-Type-Options: nosniff
12-02 19:07:55.945 29571 29664 I okhttp.OkHttpClient: X-XSS-Protection: 1; mode=block
12-02 19:07:55.945 29571 29664 I okhttp.OkHttpClient: Cache-Control: no-cache, no-store, max-age=0, must-revalidate
12-02 19:07:55.946 29571 29664 I okhttp.OkHttpClient: Pragma: no-cache
12-02 19:07:55.946 29571 29664 I okhttp.OkHttpClient: Expires: 0
12-02 19:07:55.946 29571 29664 I okhttp.OkHttpClient: X-Frame-Options: DENY
12-02 19:07:55.946 29571 29664 I okhttp.OkHttpClient: Content-Type: application/json
12-02 19:07:55.946 29571 29664 I okhttp.OkHttpClient: Transfer-Encoding: chunked
12-02 19:07:55.946 29571 29664 I okhttp.OkHttpClient: Date: Fri, 02 Dec 2022 16:07:57 GMT
12-02 19:07:55.946 29571 29664 I okhttp.OkHttpClient: Keep-Alive: timeout=60
12-02 19:07:55.947 29571 29664 I okhttp.OkHttpClient: Connection: keep-alive
12-02 19:07:55.948 29571 29664 I okhttp.OkHttpClient: {"accessToken":"eyJhbGciOiJIUzUxMiJ9.eyJzdWIiOiJsb2dpbjIiLCJqdGkiOiIyIiwiZXhwIjoxNjcwMDgzNjc3fQ.0L0l62CYnyxMB6PINcifLkiOdl4i2hNu2V0FVMxwQ6730Cxv14izrmippTQPTQVReJ_-P8UxEcYsbqCUVIkqIQ","refreshToken":"eyJhbGciOiJIUzUxMiJ9.eyJzdWIiOiJsb2dpbjIiLCJqdGkiOiIyIiwiZXhwIjoxNjcyNTg5Mjc3fQ.5ReDZvPrVehjzYolpDFBLb7jY0zL96Nwgi-jezADKgzDrqLW9O7mPAAuprdZO9LGxhudDV1jXvWy83_wCPCFtQ"}
12-02 19:07:55.949 29571 29664 I okhttp.OkHttpClient: <-- END HTTP (368-byte body)
12-02 19:07:55.958 29571 29642 I okhttp.OkHttpClient: --> GET http://www.981757-ca08998.tmweb.ru:8080/fmh/authentication/userInfo
12-02 19:07:55.958 29571 29642 I okhttp.OkHttpClient: --> END GET
12-02 19:07:56.088 29571 29642 I okhttp.OkHttpClient: <-- 200 http://www.981757-ca08998.tmweb.ru:8080/fmh/authentication/userInfo (129ms)
12-02 19:07:56.088 29571 29642 I okhttp.OkHttpClient: Vary: Origin
12-02 19:07:56.088 29571 29642 I okhttp.OkHttpClient: Vary: Access-Control-Request-Method
12-02 19:07:56.088 29571 29642 I okhttp.OkHttpClient: Vary: Access-Control-Request-Headers
12-02 19:07:56.088 29571 29642 I okhttp.OkHttpClient: X-Content-Type-Options: nosniff
12-02 19:07:56.088 29571 29642 I okhttp.OkHttpClient: X-XSS-Protection: 1; mode=block
12-02 19:07:56.088 29571 29642 I okhttp.OkHttpClient: Cache-Control: no-cache, no-store, max-age=0, must-revalidate
12-02 19:07:56.088 29571 29642 I okhttp.OkHttpClient: Pragma: no-cache
12-02 19:07:56.088 29571 29642 I okhttp.OkHttpClient: Expires: 0
12-02 19:07:56.088 29571 29642 I okhttp.OkHttpClient: X-Frame-Options: DENY
12-02 19:07:56.088 29571 29642 I okhttp.OkHttpClient: Content-Type: application/json
12-02 19:07:56.088 29571 29642 I okhttp.OkHttpClient: Transfer-Encoding: chunked
12-02 19:07:56.088 29571 29642 I okhttp.OkHttpClient: Date: Fri, 02 Dec 2022 16:07:57 GMT
12-02 19:07:56.088 29571 29642 I okhttp.OkHttpClient: Keep-Alive: timeout=60
12-02 19:07:56.088 29571 29642 I okhttp.OkHttpClient: Connection: keep-alive
12-02 19:07:56.089 29571 29642 I okhttp.OkHttpClient: {"id":2,"firstName":"Данил","lastName":"Иванов","middleName":"Данилович","admin":true}
12-02 19:07:56.089 29571 29642 I okhttp.OkHttpClient: <-- END HTTP (106-byte body)
12-02 19:07:56.097 29571 29646 I okhttp.OkHttpClient: --> GET http://www.981757-ca08998.tmweb.ru:8080/fmh/claims
12-02 19:07:56.097 29571 29646 I okhttp.OkHttpClient: --> END GET
12-02 19:07:56.145  1743 29700 E ResolverController: No valid NAT64 prefix (127, <unspecified>/0)
12-02 19:07:56.431 29571 29571 I ViewInteraction: Checking 'MatchesViewAssertion{viewMatcher=(view has effective visibility <VISIBLE> and view.getGlobalVisibleRect() to return non-empty rectangle)}' assertion on view an instance of android.widget.TextView and view.getText() with or without transformation to match: is "News"
12-02 19:07:56.435 29571 29571 I ViewInteraction: Performing 'wait for a specific view with <view.getId() is <2131230951>> during 10000 millis.' action on view view.getRootView() to equal view
12-02 19:07:56.457 29571 29571 I ViewInteraction: Checking 'MatchesViewAssertion{viewMatcher=(view has effective visibility <VISIBLE> and view.getGlobalVisibleRect() to return non-empty rectangle)}' assertion on view view.getId() is <2131230951/ru.iteco.fmhandroid:id/container_list_news_include_on_fragment_main>
12-02 19:07:56.463 29571 29571 I ViewInteraction: Performing 'wait for a specific view with <view.getId() is <2131230949>> during 10000 millis.' action on view view.getRootView() to equal view
12-02 19:07:56.467 29571 29571 I ViewInteraction: Checking 'MatchesViewAssertion{viewMatcher=(view has effective visibility <VISIBLE> and view.getGlobalVisibleRect() to return non-empty rectangle)}' assertion on view view.getId() is <2131230949/ru.iteco.fmhandroid:id/container_list_claim_include_on_fragment_main>
12-02 19:07:56.470 29571 29571 I ViewInteraction: Performing 'wait for a specific view with <an instance of android.widget.TextView and view.getText() with or without transformation to match: is "Claims"> during 10000 millis.' action on view view.getRootView() to equal view
12-02 19:07:56.474 29571 29571 I ViewInteraction: Checking 'MatchesViewAssertion{viewMatcher=(view has effective visibility <VISIBLE> and view.getGlobalVisibleRect() to return non-empty rectangle)}' assertion on view an instance of android.widget.TextView and view.getText() with or without transformation to match: is "Claims"
12-02 19:07:56.478 29571 29571 I ViewInteraction: Performing 'wait for a specific view with <view.getId() is <2131231123/ru.iteco.fmhandroid:id/main_menu_image_button>> during 10000 millis.' action on view view.getRootView() to equal view
12-02 19:07:56.482 29571 29571 I ViewInteraction: Performing 'single click' action on view view.getId() is <2131231123/ru.iteco.fmhandroid:id/main_menu_image_button>
12-02 19:07:56.594  1772  1772 D gralloc_ranchu: gralloc_alloc: Creating ashmem region of size 3264512
12-02 19:07:56.603  1772  6832 D gralloc_ranchu: gralloc_alloc: Creating ashmem region of size 3264512
12-02 19:07:56.611  1772  6832 D gralloc_ranchu: gralloc_alloc: Creating ashmem region of size 3264512
12-02 19:07:56.623 29571 29628 D EGL_emulation: eglMakeCurrent: 0xdb91b440: ver 2 0 (tinfo 0xc077f470)
12-02 19:07:56.702 29571 29628 I chatty  : uid=10159(ru.iteco.fmhandroid) RenderThread identical 3 lines
12-02 19:07:56.732 29571 29628 D EGL_emulation: eglMakeCurrent: 0xdb91b440: ver 2 0 (tinfo 0xc077f470)
12-02 19:07:56.968 29571 29571 I ViewInteraction: Performing 'wait for a specific view with <an instance of android.widget.TextView and view.getText() with or without transformation to match: is "Claims"> during 10000 millis.' action on view view.getRootView() to equal view
12-02 19:07:56.972 29571 29571 I ViewInteraction: Performing 'single click' action on view an instance of android.widget.TextView and view.getText() with or without transformation to match: is "Claims"
12-02 19:07:57.112 29571 29666 I okhttp.OkHttpClient: --> GET http://www.981757-ca08998.tmweb.ru:8080/fmh/claims
12-02 19:07:57.112 29571 29666 I okhttp.OkHttpClient: --> END GET
12-02 19:07:57.175 29571 29628 D EGL_emulation: eglMakeCurrent: 0xdb91b440: ver 2 0 (tinfo 0xc077f470)
12-02 19:07:57.200 29571 29628 D EGL_emulation: eglMakeCurrent: 0xdb91b440: ver 2 0 (tinfo 0xc077f470)
12-02 19:07:57.351 29571 29571 I ViewInteraction: Performing 'wait for a specific view with <view.getId() is <2131230849/ru.iteco.fmhandroid:id/add_new_claim_material_button>> during 10000 millis.' action on view view.getRootView() to equal view
12-02 19:07:57.354 29571 29571 I ViewInteraction: Performing 'single click' action on view view.getId() is <2131230849/ru.iteco.fmhandroid:id/add_new_claim_material_button>
12-02 19:07:57.427 29571 29642 I okhttp.OkHttpClient: --> GET http://www.981757-ca08998.tmweb.ru:8080/fmh/users
12-02 19:07:57.427 29571 29642 I okhttp.OkHttpClient: --> END GET
12-02 19:07:57.571 29571 29642 I okhttp.OkHttpClient: <-- 200 http://www.981757-ca08998.tmweb.ru:8080/fmh/users (144ms)
12-02 19:07:57.571 29571 29642 I okhttp.OkHttpClient: Vary: Origin
12-02 19:07:57.571 29571 29642 I okhttp.OkHttpClient: Vary: Access-Control-Request-Method
12-02 19:07:57.571 29571 29642 I okhttp.OkHttpClient: Vary: Access-Control-Request-Headers
12-02 19:07:57.571 29571 29642 I okhttp.OkHttpClient: X-Content-Type-Options: nosniff
12-02 19:07:57.572 29571 29642 I okhttp.OkHttpClient: X-XSS-Protection: 1; mode=block
12-02 19:07:57.572 29571 29642 I okhttp.OkHttpClient: Cache-Control: no-cache, no-store, max-age=0, must-revalidate
12-02 19:07:57.572 29571 29642 I okhttp.OkHttpClient: Pragma: no-cache
12-02 19:07:57.572 29571 29642 I okhttp.OkHttpClient: Expires: 0
12-02 19:07:57.572 29571 29642 I okhttp.OkHttpClient: X-Frame-Options: DENY
12-02 19:07:57.572 29571 29642 I okhttp.OkHttpClient: Content-Type: application/json
12-02 19:07:57.572 29571 29642 I okhttp.OkHttpClient: Transfer-Encoding: chunked
12-02 19:07:57.572 29571 29642 I okhttp.OkHttpClient: Date: Fri, 02 Dec 2022 16:07:59 GMT
12-02 19:07:57.572 29571 29642 I okhttp.OkHttpClient: Keep-Alive: timeout=60
12-02 19:07:57.572 29571 29642 I okhttp.OkHttpClient: Connection: keep-alive
12-02 19:07:57.574 29571 29642 I okhttp.OkHttpClient: [{"id":1,"firstName":"Петр","lastName":"Смирнов","middleName":"Петрович","admin":true},{"id":2,"firstName":"Данил","lastName":"Иванов","middleName":"Данилович","admin":true},{"id":3,"firstName":"Егор","lastName":"Петров","middleName":"Егорович","admin":false},{"id":4,"firstName":"Дмитрий","lastName":"Сидоров","middleName":"Дмитриевич","admin":false},{"id":5,"firstName":"Тест","lastName":"Тестов","middleName":"Тестович","admin":true},{"id":6,"firstName":"Diplom","lastName":"Netology","middleName":"QAMID","admin":true}]
12-02 19:07:57.575 29571 29642 I okhttp.OkHttpClient: <-- END HTTP (622-byte body)
12-02 19:07:57.899 29571 29571 I ViewInteraction: Performing 'wait for a specific view with <view.getId() is <2131231041/ru.iteco.fmhandroid:id/executor_drop_menu_auto_complete_text_view>> during 10000 millis.' action on view view.getRootView() to equal view
12-02 19:07:57.905 29571 29571 I ViewInteraction: Performing 'single click' action on view view.getId() is <2131231041/ru.iteco.fmhandroid:id/executor_drop_menu_auto_complete_text_view>
12-02 19:07:58.014 29571 29584 I teco.fmhandroi: Background concurrent copying GC freed 29208(1448KB) AllocSpace objects, 1(16KB) LOS objects, 37% free, 10051KB/15MB, paused 365us total 118.300ms
12-02 19:07:58.080  1743  2204 I netd    : firewallSetUidRule(2, 10145, 1) <23.33ms>
12-02 19:07:58.091  1772  6832 D gralloc_ranchu: gralloc_alloc: Creating ashmem region of size 7032832
12-02 19:07:58.103  1772  1772 D gralloc_ranchu: gralloc_alloc: Creating ashmem region of size 7032832
12-02 19:07:58.106  1772  1772 D gralloc_ranchu: gralloc_alloc: Creating ashmem region of size 7032832
12-02 19:07:58.113 29571 29628 D EGL_emulation: eglMakeCurrent: 0xdb91b440: ver 2 0 (tinfo 0xc077f470)
12-02 19:07:58.168 29571 29571 I AssistStructure: Flattened final assist data: 6984 bytes, containing 2 windows, 53 views
12-02 19:07:58.180  2010  3292 D AutofillSession: Starting partition or augmented request for view id 1073741827@1653389024: STARTED_SESSION
12-02 19:07:58.183  2010  2010 D AutofillSession: cancelCurrentRequest(): id = 1115
12-02 19:07:58.191 29571 29628 D EGL_emulation: eglMakeCurrent: 0xdb91b440: ver 2 0 (tinfo 0xc077f470)
12-02 19:07:58.210 29571 29571 I AssistStructure: Flattened final assist data: 6984 bytes, containing 2 windows, 53 views
12-02 19:07:58.245  2584  2584 W ktk     : Pending fill request while another request in the same session was triggered. [CONTEXT service_id=177 ]
12-02 19:07:58.261 29571 29628 D EGL_emulation: eglMakeCurrent: 0xdb91b440: ver 2 0 (tinfo 0xc077f470)
12-02 19:07:58.295  2486  2486 I KeyboardViewUtil: systemKeyboardHeightRatio:1.000000; userKeyboardHeightRatio:1.000000.
12-02 19:07:58.307  2486  2486 I AndroidIME: LatinIme.onActivate() : EditorInfo = Package = ru.iteco.fmhandroid : Type = Text : Learning = Disable : Suggestion = Show : AutoCorrection = Disable : Microphone = Show : NoPersonalizedLearning = Disable
12-02 19:07:58.352  2010  2034 D AutofillUI: destroySaveUiUiThread(): already destroyed
12-02 19:07:58.467 29571 29628 D EGL_emulation: eglMakeCurrent: 0xdb91b440: ver 2 0 (tinfo 0xc077f470)
12-02 19:07:58.469  2584  2599 I .gms.persisten: Background concurrent copying GC freed 92566(5437KB) AllocSpace objects, 41(3560KB) LOS objects, 42% free, 8350KB/14MB, paused 577us total 208.262ms
12-02 19:07:58.487 29571 29571 I ViewInteraction: Performing 'close keyboard' action on view view.getRootView() to equal view
12-02 19:07:58.496  1743  2204 I netd    : firewallSetUidRule(2, 10145, 2) <0.43ms>
12-02 19:07:58.539  2486  2486 I Conv2QueryExtension: Current locale: en_US, config allows these locales: de,en,es,fr,it,ms,pt,ta
12-02 19:07:58.539  2486  2486 I Conv2QueryExtension: Conv2Query not enabled due to current app [ru.iteco.fmhandroid] not in whitelist
12-02 19:07:58.539  2486  2486 I Conv2QueryExtension: onActivate() : Disabled by unsupported host app
12-02 19:07:58.572  2169  2501 D EGL_emulation: eglMakeCurrent: 0xdb91a600: ver 2 0 (tinfo 0xdb90f8d0)
12-02 19:07:58.677  2486  2486 I Choreographer: Skipped 35 frames!  The application may be doing too much work on its main thread.
12-02 19:07:58.720  1772  1772 D gralloc_ranchu: gralloc_alloc: Creating ashmem region of size 14262272
12-02 19:07:58.836  1772  1772 D gralloc_ranchu: gralloc_alloc: Creating ashmem region of size 14262272
12-02 19:07:58.850  1772  6832 D gralloc_ranchu: gralloc_alloc: Creating ashmem region of size 14262272
12-02 19:07:58.878  1772  6832 D gralloc_ranchu: gralloc_alloc: Creating ashmem region of size 4997120
12-02 19:07:58.893 29571 29628 D EGL_emulation: eglMakeCurrent: 0xdb91b440: ver 2 0 (tinfo 0xc077f470)
12-02 19:07:58.924  1772  6832 D gralloc_ranchu: gralloc_alloc: Creating ashmem region of size 4997120
12-02 19:07:58.930 29571 29628 D EGL_emulation: eglMakeCurrent: 0xdb91b440: ver 2 0 (tinfo 0xc077f470)
12-02 19:07:58.958 29571 29628 D EGL_emulation: eglMakeCurrent: 0xdb91b440: ver 2 0 (tinfo 0xc077f470)
12-02 19:07:58.978  1772  6832 D gralloc_ranchu: gralloc_alloc: Creating ashmem region of size 4997120
12-02 19:07:58.982  2486  6704 D EGL_emulation: eglMakeCurrent: 0xdb91b920: ver 2 0 (tinfo 0xdb90fce0)
12-02 19:07:58.996 29571 29628 D EGL_emulation: eglMakeCurrent: 0xdb91b440: ver 2 0 (tinfo 0xc077f470)
12-02 19:07:59.105  2486  6704 I OpenGLRenderer: Davey! duration=983ms; Flags=1, IntendedVsync=89714495105889, Vsync=89715078439199, OldestInputEvent=9223372036854775807, NewestInputEvent=0, HandleInputStart=89715084396080, AnimationStart=89715085591780, PerformTraversalsStart=89715085630680, DrawStart=89715242922680, SyncQueued=89715366070980, SyncStart=89715396478380, IssueDrawCommandsStart=89715398775980, SwapBuffers=89715478822080, FrameCompleted=89715509505980, DequeueBufferDuration=468000, QueueBufferDuration=1072000, 
12-02 19:07:59.121  2486  2486 I PhenotypeExpConfig: refreshConfiguration() : Force = false : UpdateAvailable = false : Age = 185 minutes : MaxAge = 720 minutes
12-02 19:07:59.137  2486  2486 I AndroidIME: LatinIme.onDeactivate()
12-02 19:07:59.172  2486  6704 D EGL_emulation: eglMakeCurrent: 0xdb91b920: ver 2 0 (tinfo 0xdb90fce0)
12-02 19:07:59.266  1772  6832 D gralloc_ranchu: gralloc_alloc: Creating ashmem region of size 7032832
12-02 19:07:59.285 29571 29628 D EGL_emulation: eglMakeCurrent: 0xdb91b440: ver 2 0 (tinfo 0xc077f470)
12-02 19:07:59.321  1772  6832 D gralloc_ranchu: gralloc_alloc: Creating ashmem region of size 7032832
12-02 19:07:59.329 29571 29628 D EGL_emulation: eglMakeCurrent: 0xdb91b440: ver 2 0 (tinfo 0xc077f470)
12-02 19:07:59.359 29571 29628 D EGL_emulation: eglMakeCurrent: 0xdb91b440: ver 2 0 (tinfo 0xc077f470)
12-02 19:07:59.434  1772  6832 D gralloc_ranchu: gralloc_alloc: Creating ashmem region of size 7032832
12-02 19:07:59.434  1750  3111 W audio_hw_generic: Not supplying enough data to HAL, expected position 397887351 , only wrote 397886967
12-02 19:07:59.434  1750  3111 W audio_hw_generic: Not supplying enough data to HAL, expected position 397886984 , only wrote 397886967
12-02 19:07:59.470  1750  3111 W audio_hw_generic: Not supplying enough data to HAL, expected position 397888555 , only wrote 397887628
12-02 19:07:59.485 29571 29628 D EGL_emulation: eglMakeCurrent: 0xdb91b440: ver 2 0 (tinfo 0xc077f470)
12-02 19:07:59.823 29571 29646 I okhttp.OkHttpClient: <-- 200 http://www.981757-ca08998.tmweb.ru:8080/fmh/claims (3725ms)
12-02 19:07:59.823 29571 29646 I okhttp.OkHttpClient: Vary: Origin
12-02 19:07:59.823 29571 29646 I okhttp.OkHttpClient: Vary: Access-Control-Request-Method
12-02 19:07:59.823 29571 29646 I okhttp.OkHttpClient: Vary: Access-Control-Request-Headers
12-02 19:07:59.823 29571 29646 I okhttp.OkHttpClient: X-Content-Type-Options: nosniff
12-02 19:07:59.823 29571 29646 I okhttp.OkHttpClient: X-XSS-Protection: 1; mode=block
12-02 19:07:59.824 29571 29646 I okhttp.OkHttpClient: Cache-Control: no-cache, no-store, max-age=0, must-revalidate
12-02 19:07:59.824 29571 29646 I okhttp.OkHttpClient: Pragma: no-cache
12-02 19:07:59.824 29571 29646 I okhttp.OkHttpClient: Expires: 0
12-02 19:07:59.824 29571 29646 I okhttp.OkHttpClient: X-Frame-Options: DENY
12-02 19:07:59.824 29571 29646 I okhttp.OkHttpClient: Content-Type: application/json
12-02 19:07:59.824 29571 29646 I okhttp.OkHttpClient: Transfer-Encoding: chunked
12-02 19:07:59.824 29571 29646 I okhttp.OkHttpClient: Date: Fri, 02 Dec 2022 16:08:00 GMT
12-02 19:07:59.824 29571 29646 I okhttp.OkHttpClient: Keep-Alive: timeout=60
12-02 19:07:59.824 29571 29646 I okhttp.OkHttpClient: Connection: keep-alive
12-02 19:08:00.022  2169  2169 D KeyguardClockSwitch: Updating clock: 708
12-02 19:08:00.108  2169  2501 D EGL_emulation: eglMakeCurrent: 0xdb91a600: ver 2 0 (tinfo 0xdb90f8d0)
12-02 19:08:00.323 29571 29666 I okhttp.OkHttpClient: <-- 200 http://www.981757-ca08998.tmweb.ru:8080/fmh/claims (3208ms)
12-02 19:08:00.323 29571 29666 I okhttp.OkHttpClient: Vary: Origin
12-02 19:08:00.323 29571 29666 I okhttp.OkHttpClient: Vary: Access-Control-Request-Method
12-02 19:08:00.323 29571 29666 I okhttp.OkHttpClient: Vary: Access-Control-Request-Headers
12-02 19:08:00.323 29571 29666 I okhttp.OkHttpClient: X-Content-Type-Options: nosniff
12-02 19:08:00.323 29571 29666 I okhttp.OkHttpClient: X-XSS-Protection: 1; mode=block
12-02 19:08:00.323 29571 29666 I okhttp.OkHttpClient: Cache-Control: no-cache, no-store, max-age=0, must-revalidate
12-02 19:08:00.323 29571 29666 I okhttp.OkHttpClient: Pragma: no-cache
12-02 19:08:00.324 29571 29666 I okhttp.OkHttpClient: Expires: 0
12-02 19:08:00.324 29571 29666 I okhttp.OkHttpClient: X-Frame-Options: DENY
12-02 19:08:00.325 29571 29666 I okhttp.OkHttpClient: Content-Type: application/json
12-02 19:08:00.325 29571 29666 I okhttp.OkHttpClient: Transfer-Encoding: chunked
12-02 19:08:00.326 29571 29666 I okhttp.OkHttpClient: Date: Fri, 02 Dec 2022 16:08:00 GMT
12-02 19:08:00.326 29571 29666 I okhttp.OkHttpClient: Keep-Alive: timeout=60
12-02 19:08:00.327 29571 29666 I okhttp.OkHttpClient: Connection: keep-alive
