12-02 18:52:28.070 28567 28567 W System.err: 	at android.app.servertransaction.DestroyActivityItem.execute(DestroyActivityItem.java:44)
12-02 18:52:28.070 28567 28567 W System.err: 	at android.app.servertransaction.TransactionExecutor.executeLifecycleState(TransactionExecutor.java:176)
12-02 18:52:28.070 28567 28567 W System.err: 	at android.app.servertransaction.TransactionExecutor.execute(TransactionExecutor.java:97)
12-02 18:52:28.070 28567 28567 W System.err: 	at android.app.ActivityThread$H.handleMessage(ActivityThread.java:2016)
12-02 18:52:28.070 28567 28567 W System.err: 	at android.os.Handler.dispatchMessage(Handler.java:107)
12-02 18:52:28.070 28567 28567 W System.err: 	at android.os.Looper.loop(Looper.java:214)
12-02 18:52:28.070 28567 28567 W System.err: 	at android.app.ActivityThread.main(ActivityThread.java:7356)
12-02 18:52:28.071 28567 28567 W System.err: 	at java.lang.reflect.Method.invoke(Native Method)
12-02 18:52:28.071 28567 28567 W System.err: 	at com.android.internal.os.RuntimeInit$MethodAndArgsCaller.run(RuntimeInit.java:492)
12-02 18:52:28.071 28567 28567 W System.err: 	at com.android.internal.os.ZygoteInit.main(ZygoteInit.java:930)
12-02 18:52:28.076  2448  2466 I s.nexuslaunche: NativeAlloc concurrent copying GC freed 112(48KB) AllocSpace objects, 0(0B) LOS objects, 49% free, 2733KB/5466KB, paused 764us total 133.254ms
12-02 18:52:28.084 28567 28567 D LifecycleMonitor: Lifecycle status change: ru.iteco.fmhandroid.ui.AppActivity@b6a0eab in: DESTROYED
12-02 18:52:28.101  2010  6726 D EGL_emulation: eglCreateContext: 0xd856c380: maj 2 min 0 rcv 2
12-02 18:52:28.150  2010  6726 D EGL_emulation: eglMakeCurrent: 0xd856c380: ver 2 0 (tinfo 0xbf01f330)
12-02 18:52:28.150   642   672 D EGL_emulation: eglMakeCurrent: 0xeec7e860: ver 2 0 (tinfo 0xeec89de0)
12-02 18:52:28.160  1772  1873 D gralloc_ranchu: gralloc_alloc: Creating ashmem region of size 13778944
12-02 18:52:28.187  2169  2187 I ndroid.systemu: NativeAlloc concurrent copying GC freed 4037(311KB) AllocSpace objects, 0(0B) LOS objects, 49% free, 6011KB/11MB, paused 763us total 216.918ms
12-02 18:52:28.391  2010  2025 I system_server: NativeAlloc concurrent copying GC freed 26573(1377KB) AllocSpace objects, 6(248KB) LOS objects, 22% free, 20MB/26MB, paused 607us total 129.021ms
12-02 18:52:28.500 28567 28612 E TestRunner: failed: shouldChangeTheStatusOfTheClaimToInToExecute(ru.iteco.fmhandroid.ui.ClaimEditTest)
12-02 18:52:28.500 28567 28612 E TestRunner: ----- begin exception -----
12-02 18:52:28.501 28567 28612 E TestRunner: androidx.test.espresso.PerformException: Error performing 'scroll RecyclerView to: holder with view: (view is an instance of android.view.ViewGroup and has descendant matching an instance of android.widget.TextView and view.getText() with or without transformation to match: is "В работе 95437a51-8a31-4096-829b-4822d0738fb7")' on view 'view.getId() is <2131230916/ru.iteco.fmhandroid:id/claim_list_recycler_view>'.
12-02 18:52:28.501 28567 28612 E TestRunner: 	at androidx.test.espresso.PerformException$Builder.build(PerformException.java:1)
12-02 18:52:28.501 28567 28612 E TestRunner: 	at androidx.test.espresso.base.PerformExceptionHandler.handleSafely(PerformExceptionHandler.java:8)
12-02 18:52:28.501 28567 28612 E TestRunner: 	at androidx.test.espresso.base.PerformExceptionHandler.handleSafely(PerformExceptionHandler.java:9)
12-02 18:52:28.501 28567 28612 E TestRunner: 	at androidx.test.espresso.base.DefaultFailureHandler$TypedFailureHandler.handle(DefaultFailureHandler.java:4)
12-02 18:52:28.501 28567 28612 E TestRunner: 	at androidx.test.espresso.base.DefaultFailureHandler.handle(DefaultFailureHandler.java:5)
12-02 18:52:28.501 28567 28612 E TestRunner: 	at androidx.test.espresso.ViewInteraction.waitForAndHandleInteractionResults(ViewInteraction.java:8)
12-02 18:52:28.501 28567 28612 E TestRunner: 	at androidx.test.espresso.ViewInteraction.desugaredPerform(ViewInteraction.java:11)
12-02 18:52:28.501 28567 28612 E TestRunner: 	at androidx.test.espresso.ViewInteraction.perform(ViewInteraction.java:8)
12-02 18:52:28.501 28567 28612 E TestRunner: 	at ru.iteco.fmhandroid.ui.steps.ClaimsPageSteps.scrollToElementInRecyclerList(ClaimsPageSteps.java:128)
12-02 18:52:28.501 28567 28612 E TestRunner: 	at ru.iteco.fmhandroid.ui.steps.ClaimsPageSteps.openClaimCard(ClaimsPageSteps.java:151)
12-02 18:52:28.501 28567 28612 E TestRunner: 	at ru.iteco.fmhandroid.ui.ClaimEditTest.shouldChangeTheStatusOfTheClaimToInToExecute(ClaimEditTest.java:106)
12-02 18:52:28.501 28567 28612 E TestRunner: 	at java.lang.reflect.Method.invoke(Native Method)
12-02 18:52:28.501 28567 28612 E TestRunner: 	at org.junit.runners.model.FrameworkMethod$1.runReflectiveCall(FrameworkMethod.java:59)
12-02 18:52:28.501 28567 28612 E TestRunner: 	at org.junit.internal.runners.model.ReflectiveCallable.run(ReflectiveCallable.java:12)
12-02 18:52:28.501 28567 28612 E TestRunner: 	at org.junit.runners.model.FrameworkMethod.invokeExplosively(FrameworkMethod.java:56)
12-02 18:52:28.501 28567 28612 E TestRunner: 	at org.junit.internal.runners.statements.InvokeMethod.evaluate(InvokeMethod.java:17)
12-02 18:52:28.501 28567 28612 E TestRunner: 	at androidx.test.internal.runner.junit4.statement.RunBefores.evaluate(RunBefores.java:80)
12-02 18:52:28.501 28567 28612 E TestRunner: 	at androidx.test.rule.ActivityTestRule$ActivityStatement.evaluate(ActivityTestRule.java:543)
12-02 18:52:28.501 28567 28612 E TestRunner: 	at io.qameta.allure.android.rules.LogcatRule$apply$1.evaluate(LogcatRule.kt:23)
12-02 18:52:28.501 28567 28612 E TestRunner: 	at io.qameta.allure.android.rules.ScreenshotRule$apply$1.evaluate(ScreenshotRule.kt:22)
12-02 18:52:28.501 28567 28612 E TestRunner: 	at io.qameta.allure.android.rules.ScreenshotRule$apply$1.evaluate(ScreenshotRule.kt:22)
12-02 18:52:28.501 28567 28612 E TestRunner: 	at org.junit.rules.RunRules.evaluate(RunRules.java:20)
12-02 18:52:28.501 28567 28612 E TestRunner: 	at org.junit.runners.ParentRunner$3.evaluate(ParentRunner.java:306)
12-02 18:52:28.501 28567 28612 E TestRunner: 	at org.junit.runners.BlockJUnit4ClassRunner$1.evaluate(BlockJUnit4ClassRunner.java:100)
12-02 18:52:28.501 28567 28612 E TestRunner: 	at org.junit.runners.ParentRunner.runLeaf(ParentRunner.java:366)
12-02 18:52:28.501 28567 28612 E TestRunner: 	at org.junit.runners.BlockJUnit4ClassRunner.runChild(BlockJUnit4ClassRunner.java:103)
12-02 18:52:28.501 28567 28612 E TestRunner: 	at org.junit.runners.BlockJUnit4ClassRunner.runChild(BlockJUnit4ClassRunner.java:63)
12-02 18:52:28.501 28567 28612 E TestRunner: 	at org.junit.runners.ParentRunner$4.run(ParentRunner.java:331)
12-02 18:52:28.501 28567 28612 E TestRunner: 	at org.junit.runners.ParentRunner$1.schedule(ParentRunner.java:79)
12-02 18:52:28.501 28567 28612 E TestRunner: 	at org.junit.runners.ParentRunner.runChildren(ParentRunner.java:329)
12-02 18:52:28.501 28567 28612 E TestRunner: 	at org.junit.runners.ParentRunner.access$100(ParentRunner.java:66)
12-02 18:52:28.501 28567 28612 E TestRunner: 	at org.junit.runners.ParentRunner$2.evaluate(ParentRunner.java:293)
12-02 18:52:28.501 28567 28612 E TestRunner: 	at org.junit.runners.ParentRunner$3.evaluate(ParentRunner.java:306)
12-02 18:52:28.501 28567 28612 E TestRunner: 	at org.junit.runners.ParentRunner.run(ParentRunner.java:413)
12-02 18:52:28.501 28567 28612 E TestRunner: 	at androidx.test.ext.junit.runners.AndroidJUnit4.run(AndroidJUnit4.java:162)
12-02 18:52:28.501 28567 28612 E TestRunner: 	at io.qameta.allure.android.runners.AllureAndroidJUnit4.run(AllureAndroidJUnitRunners.kt:29)
12-02 18:52:28.501 28567 28612 E TestRunner: 	at org.junit.runners.Suite.runChild(Suite.java:128)
12-02 18:52:28.501 28567 28612 E TestRunner: 	at org.junit.runners.Suite.runChild(Suite.java:27)
12-02 18:52:28.501 28567 28612 E TestRunner: 	at org.junit.runners.ParentRunner$4.run(ParentRunner.java:331)
12-02 18:52:28.501 28567 28612 E TestRunner: 	at org.junit.runners.ParentRunner$1.schedule(ParentRunner.java:79)
12-02 18:52:28.501 28567 28612 E TestRunner: 	at org.junit.runners.ParentRunner.runChildren(ParentRunner.java:329)
12-02 18:52:28.501 28567 28612 E TestRunner: 	at org.junit.runners.ParentRunner.access$100(ParentRunner.java:66)
12-02 18:52:28.501 28567 28612 E TestRunner: 	at org.junit.runners.ParentRunner$2.evaluate(ParentRunner.java:293)
12-02 18:52:28.501 28567 28612 E TestRunner: 	at org.junit.runners.ParentRunner$3.evaluate(ParentRunner.java:306)
12-02 18:52:28.501 28567 28612 E TestRunner: 	at org.junit.runners.ParentRunner.run(ParentRunner.java:413)
12-02 18:52:28.501 28567 28612 E TestRunner: 	at org.junit.runner.JUnitCore.run(JUnitCore.java:137)
12-02 18:52:28.501 28567 28612 E TestRunner: 	at org.j
12-02 18:52:28.501 28567 28612 E TestRunner: ----- end exception -----
12-02 18:52:28.504 28567 28612 I TestRunner: finished: shouldChangeTheStatusOfTheClaimToInToExecute(ru.iteco.fmhandroid.ui.ClaimEditTest)
12-02 18:52:28.628 28567 28612 I TestRunner: started: shouldChangeTheStatusOfTheClaimToOpen(ru.iteco.fmhandroid.ui.ClaimEditTest)
12-02 18:52:28.665 28567 28612 W ActivityTestRule: getActivityIntent() returned null using default: Intent(Intent.ACTION_MAIN)
12-02 18:52:28.670  2010  5522 I ActivityTaskManager: START u0 {act=android.intent.action.MAIN flg=0x10000000 cmp=ru.iteco.fmhandroid/.ui.AppActivity} from uid 10159
12-02 18:52:28.689  2010  2037 E system_server: Invalid ID 0x00000000.
12-02 18:52:28.748  2010  2132 D ConnectivityService: releasing NetworkRequest [ TRACK_DEFAULT id=215, [ Capabilities: INTERNET&NOT_RESTRICTED&TRUSTED Uid: 10127] ] (release request)
12-02 18:52:28.750  1772  1873 D gralloc_ranchu: gralloc_alloc: Creating ashmem region of size 14749696
12-02 18:52:28.757  2010  2342 W InputReader: Device has associated, but no associated display id.
12-02 18:52:28.764  2010  2342 I chatty  : uid=1000(system) Binder:2010_6 identical 48 lines
12-02 18:52:28.764  2010  2342 W InputReader: Device has associated, but no associated display id.
12-02 18:52:28.785 28567 28567 W ActivityThread: handleWindowVisibility: no activity for token android.os.BinderProxy@d0ea99c
12-02 18:52:28.808   642   672 D EGL_emulation: eglMakeCurrent: 0xeec7fbe0: ver 2 0 (tinfo 0xeec89de0)
12-02 18:52:28.817 28567 28567 D LifecycleMonitor: Lifecycle status change: ru.iteco.fmhandroid.ui.AppActivity@c2ac388 in: PRE_ON_CREATE
12-02 18:52:28.816   642   672 D EGL_emulation: eglMakeCurrent: 0xeec7e860: ver 2 0 (tinfo 0xeec89de0)
12-02 18:52:28.826 28567 28601 V FA      : onActivityCreated
12-02 18:52:28.836   642   672 D EGL_emulation: eglMakeCurrent: 0xeec7fbe0: ver 2 0 (tinfo 0xeec89de0)
12-02 18:52:28.840   642   672 D EGL_emulation: eglMakeCurrent: 0xeec7e860: ver 2 0 (tinfo 0xeec89de0)
12-02 18:52:28.845  2010  2037 W InputReader: Device has associated, but no associated display id.
12-02 18:52:28.850  2010  2037 I chatty  : uid=1000(system) android.anim identical 18 lines
12-02 18:52:28.850  2010  2037 W InputReader: Device has associated, but no associated display id.
12-02 18:52:28.851  1772  1873 D gralloc_ranchu: gralloc_alloc: Creating ashmem region of size 9441280
12-02 18:52:28.856   642   672 D EGL_emulation: eglMakeCurrent: 0xeec7fbe0: ver 2 0 (tinfo 0xeec89de0)
12-02 18:52:28.878  1772  1873 D gralloc_ranchu: gralloc_alloc: Creating ashmem region of size 14749696
12-02 18:52:28.880 28567 28567 D LifecycleMonitor: Lifecycle status change: ru.iteco.fmhandroid.ui.AppActivity@c2ac388 in: CREATED
12-02 18:52:28.882   642   672 D EGL_emulation: eglMakeCurrent: 0xeec7e860: ver 2 0 (tinfo 0xeec89de0)
12-02 18:52:28.905  2169  2501 D EGL_emulation: eglMakeCurrent: 0xdb91a600: ver 2 0 (tinfo 0xdb90f8d0)
12-02 18:52:28.925  2169  2501 D EGL_emulation: eglMakeCurrent: 0xdb91a600: ver 2 0 (tinfo 0xdb90f8d0)
12-02 18:52:28.933 28567 28567 D LifecycleMonitor: Lifecycle status change: ru.iteco.fmhandroid.ui.AppActivity@c2ac388 in: STARTED
12-02 18:52:28.935 28567 28567 D LifecycleMonitor: Lifecycle status change: ru.iteco.fmhandroid.ui.AppActivity@c2ac388 in: RESUMED
12-02 18:52:28.935 28567 28607 V FA      : Activity resumed, time: 88785341
12-02 18:52:28.968   642   672 D EGL_emulation: eglMakeCurrent: 0xeec7fbe0: ver 2 0 (tinfo 0xeec89de0)
12-02 18:52:28.987  1772  1873 D gralloc_ranchu: gralloc_alloc: Creating ashmem region of size 14749696
12-02 18:52:28.989  2169  2501 D EGL_emulation: eglMakeCurrent: 0xdb91a600: ver 2 0 (tinfo 0xdb90f8d0)
12-02 18:52:28.998  1772  1873 D gralloc_ranchu: gralloc_alloc: Creating ashmem region of size 14749696
12-02 18:52:29.011 28567 28625 D EGL_emulation: eglMakeCurrent: 0xdb91b8c0: ver 2 0 (tinfo 0xc09d6ab0)
12-02 18:52:29.013  1772  1875 D gralloc_ranchu: gralloc_alloc: Creating ashmem region of size 14749696
12-02 18:52:29.044  2169  2501 D EGL_emulation: eglMakeCurrent: 0xdb91a600: ver 2 0 (tinfo 0xdb90f8d0)
12-02 18:52:29.054  2169  2187 I ndroid.systemu: NativeAlloc concurrent copying GC freed 808(179KB) AllocSpace objects, 0(0B) LOS objects, 49% free, 6026KB/11MB, paused 1.257ms total 124.967ms
12-02 18:52:29.062   642   672 D EGL_emulation: eglMakeCurrent: 0xeec7e860: ver 2 0 (tinfo 0xeec89de0)
12-02 18:52:29.070   642   672 D EGL_emulation: eglMakeCurrent: 0xeec7fbe0: ver 2 0 (tinfo 0xeec89de0)
12-02 18:52:29.080   642   672 D EGL_emulation: eglMakeCurrent: 0xeec7e860: ver 2 0 (tinfo 0xeec89de0)
12-02 18:52:29.095   642   672 D EGL_emulation: eglMakeCurrent: 0xeec7fbe0: ver 2 0 (tinfo 0xeec89de0)
12-02 18:52:29.103   642   672 D EGL_emulation: eglMakeCurrent: 0xeec7e860: ver 2 0 (tinfo 0xeec89de0)
12-02 18:52:29.118  2010  2041 I ActivityTaskManager: Displayed ru.iteco.fmhandroid/.ui.AppActivity: +409ms
12-02 18:52:29.143   642   672 D EGL_emulation: eglMakeCurrent: 0xdb91b7a0: ver 2 0 (tinfo 0xeec89de0)
12-02 18:52:29.177   642   672 D EGL_emulation: eglMakeCurrent: 0xeec7fbe0: ver 2 0 (tinfo 0xeec89de0)
12-02 18:52:29.182   642   672 D EGL_emulation: eglMakeCurrent: 0xdb91b7a0: ver 2 0 (tinfo 0xeec89de0)
12-02 18:52:29.186  2881 28615 V FA-SVC  : Logging event: origin=auto,name=screen_view(_vs),params=Bundle[{ga_event_origin(_o)=auto, ga_previous_class(_pc)=AppActivity, ga_previous_id(_pi)=7972326853347590806, ga_screen_class(_sc)=AppActivity, ga_screen_id(_si)=7972326853347590807}]
12-02 18:52:29.189   642   672 D EGL_emulation: eglMakeCurrent: 0xeec7fbe0: ver 2 0 (tinfo 0xeec89de0)
12-02 18:52:29.198   642   672 D EGL_emulation: eglMakeCurrent: 0xdb91b7a0: ver 2 0 (tinfo 0xeec89de0)
12-02 18:52:29.215   543   578 D EGL_emulation: eglMakeCurrent: 0xeec7f2e0: ver 2 0 (tinfo 0xe39facd0)
12-02 18:52:29.229   543   595 I cr_BindingManager: onTrimMemory: level=20, size=1
12-02 18:52:29.233  2881 28615 V FA-SVC  : Upload scheduled in approximately ms: 1573079
12-02 18:52:29.233  2881 28615 V FA-SVC  : Unscheduling upload
12-02 18:52:29.237  2881 28615 V FA-SVC  : Scheduling upload, millis: 1573079
12-02 18:52:29.244  2881 28615 V FA-SVC  : Background event processing time, ms: 59
12-02 18:52:29.268  2584 27521 E SQLiteDatabase: Error inserting flex_time=1573000 job_id=-1 period=3147000 source=16 requires_charging=0 preferred_network_type=1 target_class=com.google.android.gms.measurement.PackageMeasurementTaskService user_id=0 target_package=com.google.android.gms tag=Measurement.PackageMeasurementTaskService.UPLOAD_TASK_TAG task_type=0 required_idleness_state=0 service_kind=0 source_version=202414000 persistence_level=1 preferred_charging_state=1 required_network_type=0 runtime=1669996349255 retry_strategy={"maximum_backoff_seconds":{"3600":0},"initial_backoff_seconds":{"30":0},"retry_policy":{"0":0}} last_runtime=0
12-02 18:52:29.268  2584 27521 E SQLiteDatabase: android.database.sqlite.SQLiteConstraintException: UNIQUE constraint failed: pending_ops.tag, pending_ops.target_class, pending_ops.target_package, pending_ops.user_id (code 2067 SQLITE_CONSTRAINT_UNIQUE)
12-02 18:52:29.268  2584 27521 E SQLiteDatabase: 	at android.database.sqlite.SQLiteConnection.nativeExecuteForLastInsertedRowId(Native Method)
12-02 18:52:29.268  2584 27521 E SQLiteDatabase: 	at android.database.sqlite.SQLiteConnection.executeForLastInsertedRowId(SQLiteConnection.java:879)
12-02 18:52:29.268  2584 27521 E SQLiteDatabase: 	at android.database.sqlite.SQLiteSession.executeForLastInsertedRowId(SQLiteSession.java:790)
12-02 18:52:29.268  2584 27521 E SQLiteDatabase: 	at android.database.sqlite.SQLiteStatement.executeInsert(SQLiteStatement.java:88)
12-02 18:52:29.268  2584 27521 E SQLiteDatabase: 	at android.database.sqlite.SQLiteDatabase.insertWithOnConflict(SQLiteDatabase.java:1599)
12-02 18:52:29.268  2584 27521 E SQLiteDatabase: 	at android.database.sqlite.SQLiteDatabase.insert(SQLiteDatabase.java:1468)
12-02 18:52:29.268  2584 27521 E SQLiteDatabase: 	at aqui.a(:com.google.android.gms@202414022@20.24.14 (040700-319035315):175)
12-02 18:52:29.268  2584 27521 E SQLiteDatabase: 	at aqtk.a(:com.google.android.gms@202414022@20.24.14 (040700-319035315):182)
12-02 18:52:29.268  2584 27521 E SQLiteDatabase: 	at aqtk.a(:com.google.android.gms@202414022@20.24.14 (040700-319035315):23)
12-02 18:52:29.268  2584 27521 E SQLiteDatabase: 	at aqtk.a(:com.google.android.gms@202414022@20.24.14 (040700-319035315):177)
12-02 18:52:29.268  2584 27521 E SQLiteDatabase: 	at aqpu.run(:com.google.android.gms@202414022@20.24.14 (040700-319035315):9)
12-02 18:52:29.268  2584 27521 E SQLiteDatabase: 	at soy.b(:com.google.android.gms@202414022@20.24.14 (040700-319035315):12)
12-02 18:52:29.268  2584 27521 E SQLiteDatabase: 	at soy.run(:com.google.android.gms@202414022@20.24.14 (040700-319035315):7)
12-02 18:52:29.268  2584 27521 E SQLiteDatabase: 	at java.util.concurrent.ThreadPoolExecutor.runWorker(ThreadPoolExecutor.java:1167)
12-02 18:52:29.268  2584 27521 E SQLiteDatabase: 	at java.util.concurrent.ThreadPoolExecutor$Worker.run(ThreadPoolExecutor.java:641)
12-02 18:52:29.268  2584 27521 E SQLiteDatabase: 	at sux.run(:com.google.android.gms@202414022@20.24.14 (040700-319035315):0)
12-02 18:52:29.268  2584 27521 E SQLiteDatabase: 	at java.lang.Thread.run(Thread.java:919)
12-02 18:52:29.328  2010  2025 I system_server: NativeAlloc concurrent copying GC freed 6471(547KB) AllocSpace objects, 0(0B) LOS objects, 22% free, 20MB/26MB, paused 1.244ms total 200.099ms
12-02 18:52:29.734 28567 28567 I ViewInteraction: Performing 'wait for a specific view with <(an instance of android.widget.TextView and view.getText() with or without transformation to match: is "Authorization" and view.getParent() view.getParent() view.getId() is <2131231186>)> during 10000 millis.' action on view view.getRootView() to equal view
12-02 18:52:29.800  1750  1962 W audio_hw_generic: Not supplying enough data to HAL, expected position 387826914 , only wrote 387588587
12-02 18:52:31.936 28567 28638 I okhttp.OkHttpClient: --> GET http://www.981757-ca08998.tmweb.ru:8080/fmh/authentication/userInfo
12-02 18:52:31.937 28567 28638 I okhttp.OkHttpClient: --> END GET
12-02 18:52:32.071 28567 28638 I okhttp.OkHttpClient: <-- 200 http://www.981757-ca08998.tmweb.ru:8080/fmh/authentication/userInfo (134ms)
12-02 18:52:32.071 28567 28638 I okhttp.OkHttpClient: Vary: Origin
12-02 18:52:32.071 28567 28638 I okhttp.OkHttpClient: Vary: Access-Control-Request-Method
12-02 18:52:32.072 28567 28638 I okhttp.OkHttpClient: Vary: Access-Control-Request-Headers
12-02 18:52:32.072 28567 28638 I okhttp.OkHttpClient: X-Content-Type-Options: nosniff
12-02 18:52:32.072 28567 28638 I okhttp.OkHttpClient: X-XSS-Protection: 1; mode=block
12-02 18:52:32.072 28567 28638 I okhttp.OkHttpClient: Cache-Control: no-cache, no-store, max-age=0, must-revalidate
12-02 18:52:32.072 28567 28638 I okhttp.OkHttpClient: Pragma: no-cache
12-02 18:52:32.072 28567 28638 I okhttp.OkHttpClient: Expires: 0
12-02 18:52:32.072 28567 28638 I okhttp.OkHttpClient: X-Frame-Options: DENY
12-02 18:52:32.072 28567 28638 I okhttp.OkHttpClient: Content-Type: application/json
12-02 18:52:32.072 28567 28638 I okhttp.OkHttpClient: Transfer-Encoding: chunked
12-02 18:52:32.072 28567 28638 I okhttp.OkHttpClient: Date: Fri, 02 Dec 2022 15:52:33 GMT
12-02 18:52:32.072 28567 28638 I okhttp.OkHttpClient: Keep-Alive: timeout=60
12-02 18:52:32.073 28567 28638 I okhttp.OkHttpClient: Connection: keep-alive
12-02 18:52:32.073 28567 28638 I okhttp.OkHttpClient: {"id":2,"firstName":"Данил","lastName":"Иванов","middleName":"Данилович","admin":true}
12-02 18:52:32.073 28567 28638 I okhttp.OkHttpClient: <-- END HTTP (106-byte body)
12-02 18:52:32.089 28567 28661 I okhttp.OkHttpClient: --> GET http://www.981757-ca08998.tmweb.ru:8080/fmh/claims
12-02 18:52:32.089 28567 28661 I okhttp.OkHttpClient: --> END GET
12-02 18:52:32.797 28567 28625 I OpenGLRenderer: Davey! duration=708ms; Flags=1, IntendedVsync=88788494987839, Vsync=88788928321155, OldestInputEvent=9223372036854775807, NewestInputEvent=0, HandleInputStart=88788932938580, AnimationStart=88788933112080, PerformTraversalsStart=88788933842980, DrawStart=88788991415180, SyncQueued=88788993265580, SyncStart=88788993736180, IssueDrawCommandsStart=88788993993580, SwapBuffers=88789197204580, FrameCompleted=88789203834580, DequeueBufferDuration=148000, QueueBufferDuration=486000, 
12-02 18:52:34.179 28567 28607 V FA      : Inactivity, disconnecting from the service
12-02 18:52:34.222 28567 28661 I okhttp.OkHttpClient: <-- 200 http://www.981757-ca08998.tmweb.ru:8080/fmh/claims (2132ms)
12-02 18:52:34.222 28567 28661 I okhttp.OkHttpClient: Vary: Origin
12-02 18:52:34.222 28567 28661 I okhttp.OkHttpClient: Vary: Access-Control-Request-Method
12-02 18:52:34.222 28567 28661 I okhttp.OkHttpClient: Vary: Access-Control-Request-Headers
12-02 18:52:34.223 28567 28661 I okhttp.OkHttpClient: X-Content-Type-Options: nosniff
12-02 18:52:34.223 28567 28661 I okhttp.OkHttpClient: X-XSS-Protection: 1; mode=block
12-02 18:52:34.223 28567 28661 I okhttp.OkHttpClient: Cache-Control: no-cache, no-store, max-age=0, must-revalidate
12-02 18:52:34.223 28567 28661 I okhttp.OkHttpClient: Pragma: no-cache
12-02 18:52:34.223 28567 28661 I okhttp.OkHttpClient: Expires: 0
12-02 18:52:34.223 28567 28661 I okhttp.OkHttpClient: X-Frame-Options: DENY
12-02 18:52:34.223 28567 28661 I okhttp.OkHttpClient: Content-Type: application/json
12-02 18:52:34.224 28567 28661 I okhttp.OkHttpClient: Transfer-Encoding: chunked
12-02 18:52:34.224 28567 28661 I okhttp.OkHttpClient: Date: Fri, 02 Dec 2022 15:52:35 GMT
12-02 18:52:34.224 28567 28661 I okhttp.OkHttpClient: Keep-Alive: timeout=60
12-02 18:52:34.224 28567 28661 I okhttp.OkHttpClient: Connection: keep-alive
12-02 18:52:36.794  1897  1897 E wifi_forwarder: RemoteConnection failed to initialize: RemoteConnection failed to open pipe
12-02 18:52:39.274   543   595 I cr_BindingManager: Release moderate connections: 1
12-02 18:52:39.784 28567 28567 D takeScreenshot: Found 1 global views to redraw
12-02 18:52:39.813  1772  1875 D gralloc_ranchu: gralloc_alloc: Creating ashmem region of size 14749696
12-02 18:52:39.876 28567 28612 W DefaultFailureHandler: Failed to take screenshot
12-02 18:52:39.876 28567 28612 W DefaultFailureHandler: java.io.FileNotFoundException: view-op-error-12.png: open failed: EROFS (Read-only file system)
12-02 18:52:39.876 28567 28612 W DefaultFailureHandler: 	at libcore.io.IoBridge.open(IoBridge.java:496)
12-02 18:52:39.876 28567 28612 W DefaultFailureHandler: 	at java.io.FileOutputStream.<init>(FileOutputStream.java:235)
12-02 18:52:39.876 28567 28612 W DefaultFailureHandler: 	at java.io.FileOutputStream.<init>(FileOutputStream.java:125)
12-02 18:52:39.876 28567 28612 W DefaultFailureHandler: 	at androidx.test.platform.io.FileTestStorage.openOutputFile(FileTestStorage.java:60)
12-02 18:52:39.876 28567 28612 W DefaultFailureHandler: 	at androidx.test.core.graphics.BitmapStorage.writeToTestStorage(BitmapStorageExt.kt:49)
12-02 18:52:39.876 28567 28612 W DefaultFailureHandler: 	at androidx.test.espresso.base.DefaultFailureHandler.takeScreenshot(DefaultFailureHandler.java:4)
12-02 18:52:39.876 28567 28612 W DefaultFailureHandler: 	at androidx.test.espresso.base.DefaultFailureHandler.handle(DefaultFailureHandler.java:3)
12-02 18:52:39.876 28567 28612 W DefaultFailureHandler: 	at androidx.test.espresso.ViewInteraction.waitForAndHandleInteractionResults(ViewInteraction.java:8)
12-02 18:52:39.876 28567 28612 W DefaultFailureHandler: 	at androidx.test.espresso.ViewInteraction.desugaredPerform(ViewInteraction.java:11)
12-02 18:52:39.876 28567 28612 W DefaultFailureHandler: 	at androidx.test.espresso.ViewInteraction.perform(ViewInteraction.java:8)
12-02 18:52:39.876 28567 28612 W DefaultFailureHandler: 	at ru.iteco.fmhandroid.ui.data.TestUtils.waitView(TestUtils.java:61)
12-02 18:52:39.876 28567 28612 W DefaultFailureHandler: 	at ru.iteco.fmhandroid.ui.steps.AuthSteps.isAuthScreen(AuthSteps.java:56)
12-02 18:52:39.876 28567 28612 W DefaultFailureHandler: 	at ru.iteco.fmhandroid.ui.ClaimEditTest.logoutCheck(ClaimEditTest.java:51)
12-02 18:52:39.876 28567 28612 W DefaultFailureHandler: 	at java.lang.reflect.Method.invoke(Native Method)
12-02 18:52:39.876 28567 28612 W DefaultFailureHandler: 	at org.junit.runners.model.FrameworkMethod$1.runReflectiveCall(FrameworkMethod.java:59)
12-02 18:52:39.876 28567 28612 W DefaultFailureHandler: 	at org.junit.internal.runners.model.ReflectiveCallable.run(ReflectiveCallable.java:12)
12-02 18:52:39.876 28567 28612 W DefaultFailureHandler: 	at org.junit.runners.model.FrameworkMethod.invokeExplosively(FrameworkMethod.java:56)
12-02 18:52:39.876 28567 28612 W DefaultFailureHandler: 	at androidx.test.internal.runner.junit4.statement.RunBefores.evaluate(RunBefores.java:76)
12-02 18:52:39.876 28567 28612 W DefaultFailureHandler: 	at androidx.test.rule.ActivityTestRule$ActivityStatement.evaluate(ActivityTestRule.java:543)
12-02 18:52:39.876 28567 28612 W DefaultFailureHandler: 	at io.qameta.allure.android.rules.LogcatRule$apply$1.evaluate(LogcatRule.kt:23)
12-02 18:52:39.876 28567 28612 W DefaultFailureHandler: 	at io.qameta.allure.android.rules.ScreenshotRule$apply$1.evaluate(ScreenshotRule.kt:22)
12-02 18:52:39.876 28567 28612 W DefaultFailureHandler: 	at io.qameta.allure.android.rules.ScreenshotRule$apply$1.evaluate(ScreenshotRule.kt:22)
12-02 18:52:39.876 28567 28612 W DefaultFailureHandler: 	at org.junit.rules.RunRules.evaluate(RunRules.java:20)
12-02 18:52:39.876 28567 28612 W DefaultFailureHandler: 	at org.junit.runners.ParentRunner$3.evaluate(ParentRunner.java:306)
12-02 18:52:39.876 28567 28612 W DefaultFailureHandler: 	at org.junit.runners.BlockJUnit4ClassRunner$1.evaluate(BlockJUnit4ClassRunner.java:100)
12-02 18:52:39.876 28567 28612 W DefaultFailureHandler: 	at org.junit.runners.ParentRunner.runLeaf(ParentRunner.java:366)
12-02 18:52:39.876 28567 28612 W DefaultFailureHandler: 	at org.junit.runners.BlockJUnit4ClassRunner.runChild(BlockJUnit4ClassRunner.java:103)
12-02 18:52:39.876 28567 28612 W DefaultFailureHandler: 	at org.junit.runners.BlockJUnit4ClassRunner.runChild(BlockJUnit4ClassRunner.java:63)
12-02 18:52:39.876 28567 28612 W DefaultFailureHandler: 	at org.junit.runners.ParentRunner$4.run(ParentRunner.java:331)
12-02 18:52:39.876 28567 28612 W DefaultFailureHandler: 	at org.junit.runners.ParentRunner$1.schedule(ParentRunner.java:79)
12-02 18:52:39.876 28567 28612 W DefaultFailureHandler: 	at org.junit.runners.ParentRunner.runChildren(ParentRunner.java:329)
12-02 18:52:39.876 28567 28612 W DefaultFailureHandler: 	at org.junit.runners.ParentRunner.access$100(ParentRunner.java:66)
12-02 18:52:39.876 28567 28612 W DefaultFailureHandler: 	at org.junit.runners.ParentRunner$2.evaluate(ParentRunner.java:293)
12-02 18:52:39.876 28567 28612 W DefaultFailureHandler: 	at org.junit.runners.ParentRunner$3.evaluate(ParentRunner.java:306)
12-02 18:52:39.876 28567 28612 W DefaultFailureHandler: 	at org.junit.runners.ParentRunner.run(ParentRunner.java:413)
12-02 18:52:39.876 28567 28612 W DefaultFailureHandler: 	at androidx.test.ext.junit.runners.AndroidJUnit4.run(AndroidJUnit4.java:162)
12-02 18:52:39.876 28567 28612 W DefaultFailureHandler: 	at io.qameta.allure.android.runners.AllureAndroidJUnit4.run(AllureAndroidJUnitRunners.kt:29)
12-02 18:52:39.876 28567 28612 W DefaultFailureHandler: 	at org.junit.runners.Suite.runChild(Suite.java:128)
12-02 18:52:39.876 28567 28612 W DefaultFailureHandler: 	at org.junit.runners.Suite.runChild(Suite.java:27)
12-02 18:52:39.876 28567 28612 W DefaultFailureHandler: 	at org.junit.runners.ParentRunner$4.run(ParentRunner.java:331)
12-02 18:52:39.876 28567 28612 W DefaultFailureHandler: 	at org.junit.runners.ParentRunner$1.schedule(ParentRunner.java:79)
12-02 18:52:39.876 28567 28612 W DefaultFailureHandler: 	at org.junit.runners.ParentRunner.runChildren(ParentRunner.java:329)
12-02 18:52:39.876 28567 28612 W DefaultFailureHandler: 	at org.junit.runners.ParentRunner.access$100(ParentRunner.java:66)
12-02 18:52:39.876 28567 28612 W DefaultFailureHandler: 	at org.junit.runners.ParentRunner$2.evaluate(ParentRunner.java:293)
12-02 18:52:39.876 28567 28612 W DefaultFailureHandler: 	at org.junit.runners.ParentRunner$3.evaluate(ParentRunner.java:306)
12-02 18:52:39.876 28567 28612 W DefaultFailureHandler: 	at org.junit.runners.ParentRunner.run(ParentRunner.java:413)
12-02 18:52:39.876 28567 28612 W DefaultFailureHandler: 	at org.junit.runner.JUnitCore.run(JUnitCore.java:137)
12-02 18:52:39.876 28567 28612 W DefaultFailureHandler: 	at org.junit.runner.JUnitCore.run(JUnitCore.java:115)
12-02 18:52:39.876 28567 28612 W DefaultFailureHandler: 	at androidx.test.internal.runner.TestExecutor.execute(TestExecutor.java:67)
12-02 18:52:39.876 28567 28612 W DefaultFailureHandler: 	at androidx.test.internal.runner.TestExecutor.execute(TestExecutor.java:58)
12-02 18:52:39.876 28567 28612 W DefaultFailureHandler: 	at androidx.test.runner.AndroidJUnitRunner.onStart(AndroidJUnitRunner.java:438)
12-02 18:52:39.876 28567 28612 W DefaultFailureHandler: 	at android.app.Instrumentation$InstrumentationThread.run(Instrumentation.java:2189)
12-02 18:52:39.876 28567 28612 W DefaultFailureHandler: Caused by: android.system.ErrnoException: open failed: EROFS (Read-only file system)
12-02 18:52:39.876 28567 28612 W DefaultFailureHandler: 	at libcore.io.Linux.open(Native Method)
12-02 18:52:39.876 28567 28612 W DefaultFailureHandler: 	at libcore.io.ForwardingOs.open(ForwardingOs.java:167)
12-02 18:52:39.876 28567 28612 W DefaultFailureHandler: 	at libcore.io.BlockGuardOs.open(BlockGuardOs.java:252)
12-02 18:52:39.876 28567 28612 W DefaultFailureHandler: 	at libcore.io.ForwardingOs.open(ForwardingOs.java:167)
12-02 18:52:39.876 28567 28612 W DefaultFailureHandler: 	at android.app.ActivityThread$AndroidOs.open(ActivityThread.java:7255)
12-02 18:52:39.876 28567 28612 W DefaultFailureHandler: 	at libcore.io.IoBridge.open(IoBridge.java:482)
12-02 18:52:39.876 28567 28612 W DefaultFailureHandler: 	... 51 more
12-02 18:52:39.881 28567 28567 I ViewInteraction: Performing 'wait for a specific view with <view.getId() is <2131230870/ru.iteco.fmhandroid:id/authorization_image_button>> during 10000 millis.' action on view view.getRootView() to equal view
12-02 18:52:39.885 28567 28567 I ViewInteraction: Checking 'MatchesViewAssertion{viewMatcher=(view has effective visibility <VISIBLE> and view.getGlobalVisibleRect() to return non-empty rectangle)}' assertion on view view.getId() is <2131230870/ru.iteco.fmhandroid:id/authorization_image_button>
12-02 18:52:39.889 28567 28567 I ViewInteraction: Performing 'single click' action on view view.getId() is <2131230870/ru.iteco.fmhandroid:id/authorization_image_button>
12-02 18:52:39.943  1750  3111 W audio_hw_generic: Not supplying enough data to HAL, expected position 387588619 , only wrote 387588587
12-02 18:52:39.992  1772  1875 D gralloc_ranchu: gralloc_alloc: Creating ashmem region of size 1429504
12-02 18:52:39.999  1772  1875 I chatty  : uid=1000(system) HwBinder:1772_2 identical 1 line
12-02 18:52:40.001  1772  1875 D gralloc_ranchu: gralloc_alloc: Creating ashmem region of size 1429504
12-02 18:52:40.015 28567 28625 D EGL_emulation: eglMakeCurrent: 0xdb91b8c0: ver 2 0 (tinfo 0xc09d6ab0)
12-02 18:52:40.082 28567 28625 I chatty  : uid=10159(ru.iteco.fmhandroid) RenderThread identical 3 lines
12-02 18:52:40.102 28567 28625 D EGL_emulation: eglMakeCurrent: 0xdb91b8c0: ver 2 0 (tinfo 0xc09d6ab0)
12-02 18:52:40.328 28567 28567 I ViewInteraction: Performing 'wait for a specific view with <an instance of android.widget.TextView and view.getText() with or without transformation to match: is "Log out"> during 10000 millis.' action on view view.getRootView() to equal view
12-02 18:52:40.331 28567 28567 I ViewInteraction: Checking 'MatchesViewAssertion{viewMatcher=(view has effective visibility <VISIBLE> and view.getGlobalVisibleRect() to return non-empty rectangle)}' assertion on view an instance of android.widget.TextView and view.getText() with or without transformation to match: is "Log out"
12-02 18:52:40.337 28567 28567 I ViewInteraction: Performing 'single click' action on view an instance of android.widget.TextView and view.getText() with or without transformation to match: is "Log out"
12-02 18:52:40.525 28567 28625 D EGL_emulation: eglMakeCurrent: 0xdb91b8c0: ver 2 0 (tinfo 0xc09d6ab0)
12-02 18:52:40.549 28567 28625 D EGL_emulation: eglMakeCurrent: 0xdb91b8c0: ver 2 0 (tinfo 0xc09d6ab0)
12-02 18:52:40.643 28567 28567 I ViewInteraction: Performing 'wait for a specific view with <(an instance of android.widget.TextView and view.getText() with or without transformation to match: is "Authorization" and view.getParent() view.getParent() view.getId() is <2131231186>)> during 10000 millis.' action on view view.getRootView() to equal view
12-02 18:52:40.647 28567 28567 I ViewInteraction: Checking 'MatchesViewAssertion{viewMatcher=(view has effective visibility <VISIBLE> and view.getGlobalVisibleRect() to return non-empty rectangle)}' assertion on view (an instance of android.widget.TextView and view.getText() with or without transformation to match: is "Authorization" and view.getParent() view.getParent() view.getId() is <2131231186/ru.iteco.fmhandroid:id/nav_host_fragment>)
12-02 18:52:40.650 28567 28567 I ViewInteraction: Performing 'wait for a specific view with <(an instance of android.widget.TextView and view.getHint() matching: is "Login" and view.getParent() view.getParent() view.getId() is <2131231121/ru.iteco.fmhandroid:id/login_text_input_layout>)> during 10000 millis.' action on view view.getRootView() to equal view
12-02 18:52:40.656 28567 28567 I ViewInteraction: Checking 'MatchesViewAssertion{viewMatcher=(view has effective visibility <VISIBLE> and view.getGlobalVisibleRect() to return non-empty rectangle)}' assertion on view (an instance of android.widget.TextView and view.getHint() matching: is "Login" and view.getParent() view.getParent() view.getId() is <2131231121/ru.iteco.fmhandroid:id/login_text_input_layout>)
12-02 18:52:40.659 28567 28567 I ViewInteraction: Performing 'wait for a specific view with <(an instance of android.widget.TextView and view.getHint() matching: is "Password" and view.getParent() view.getParent() view.getId() is <2131231264/ru.iteco.fmhandroid:id/password_text_input_layout>)> during 10000 millis.' action on view view.getRootView() to equal view
12-02 18:52:40.662 28567 28567 I ViewInteraction: Checking 'MatchesViewAssertion{viewMatcher=(view has effective visibility <VISIBLE> and view.getGlobalVisibleRect() to return non-empty rectangle)}' assertion on view (an instance of android.widget.TextView and view.getHint() matching: is "Password" and view.getParent() view.getParent() view.getId() is <2131231264/ru.iteco.fmhandroid:id/password_text_input_layout>)
12-02 18:52:40.665 28567 28567 I ViewInteraction: Performing 'wait for a specific view with <(view.getId() is <2131231039/ru.iteco.fmhandroid:id/enter_button> and an instance of android.widget.TextView and view.getText() with or without transformation to match: is "SIGN IN" and view.getContentDescription() is "Save" and view.getParent() view.getParent() an instance of android.widget.RelativeLayout)> during 10000 millis.' action on view view.getRootView() to equal view
12-02 18:52:40.671 28567 28567 I ViewInteraction: Checking 'MatchesViewAssertion{viewMatcher=(view has effective visibility <VISIBLE> and view.getGlobalVisibleRect() to return non-empty rectangle)}' assertion on view (view.getId() is <2131231039/ru.iteco.fmhandroid:id/enter_button> and an instance of android.widget.TextView and view.getText() with or without transformation to match: is "SIGN IN" and view.getContentDescription() is "Save" and view.getParent() view.getParent() an instance of android.widget.RelativeLayout)
12-02 18:52:40.675 28567 28567 I ViewInteraction: Performing 'wait for a specific view with <(an instance of android.widget.TextView and view.getText() with or without transformation to match: is "Authorization" and view.getParent() view.getParent() view.getId() is <2131231186>)> during 10000 millis.' action on view view.getRootView() to equal view
12-02 18:52:40.684 28567 28567 I ViewInteraction: Checking 'MatchesViewAssertion{viewMatcher=(view has effective visibility <VISIBLE> and view.getGlobalVisibleRect() to return non-empty rectangle)}' assertion on view (an instance of android.widget.TextView and view.getText() with or without transformation to match: is "Authorization" and view.getParent() view.getParent() view.getId() is <2131231186/ru.iteco.fmhandroid:id/nav_host_fragment>)
12-02 18:52:40.690 28567 28567 I ViewInteraction: Performing 'wait for a specific view with <(an instance of android.widget.TextView and view.getHint() matching: is "Login" and view.getParent() view.getParent() view.getId() is <2131231121/ru.iteco.fmhandroid:id/login_text_input_layout>)> during 10000 millis.' action on view view.getRootView() to equal view
12-02 18:52:40.693 28567 28567 I ViewInteraction: Checking 'MatchesViewAssertion{viewMatcher=(view has effective visibility <VISIBLE> and view.getGlobalVisibleRect() to return non-empty rectangle)}' assertion on view (an instance of android.widget.TextView and view.getHint() matching: is "Login" and view.getParent() view.getParent() view.getId() is <2131231121/ru.iteco.fmhandroid:id/login_text_input_layout>)
12-02 18:52:40.698 28567 28567 I ViewInteraction: Performing 'wait for a specific view with <(an instance of android.widget.TextView and view.getHint() matching: is "Password" and view.getParent() view.getParent() view.getId() is <2131231264/ru.iteco.fmhandroid:id/password_text_input_layout>)> during 10000 millis.' action on view view.getRootView() to equal view
12-02 18:52:40.701 28567 28567 I ViewInteraction: Checking 'MatchesViewAssertion{viewMatcher=(view has effective visibility <VISIBLE> and view.getGlobalVisibleRect() to return non-empty rectangle)}' assertion on view (an instance of android.widget.TextView and view.getHint() matching: is "Password" and view.getParent() view.getParent() view.getId() is <2131231264/ru.iteco.fmhandroid:id/password_text_input_layout>)
12-02 18:52:40.707 28567 28567 I ViewInteraction: Performing 'wait for a specific view with <(view.getId() is <2131231039/ru.iteco.fmhandroid:id/enter_button> and an instance of android.widget.TextView and view.getText() with or without transformation to match: is "SIGN IN" and view.getContentDescription() is "Save" and view.getParent() view.getParent() an instance of android.widget.RelativeLayout)> during 10000 millis.' action on view view.getRootView() to equal view
12-02 18:52:40.713 28567 28567 I ViewInteraction: Checking 'MatchesViewAssertion{viewMatcher=(view has effective visibility <VISIBLE> and view.getGlobalVisibleRect() to return non-empty rectangle)}' assertion on view (view.getId() is <2131231039/ru.iteco.fmhandroid:id/enter_button> and an instance of android.widget.TextView and view.getText() with or without transformation to match: is "SIGN IN" and view.getContentDescription() is "Save" and view.getParent() view.getParent() an instance of android.widget.RelativeLayout)
12-02 18:52:40.717 28567 28567 I ViewInteraction: Performing 'wait for a specific view with <(an instance of android.widget.TextView and view.getHint() matching: is "Login" and view.getParent() view.getParent() view.getId() is <2131231121/ru.iteco.fmhandroid:id/login_text_input_layout>)> during 10000 millis.' action on view view.getRootView() to equal view
12-02 18:52:40.722 28567 28567 I ViewInteraction: Performing 'replace text(login2)' action on view (an instance of android.widget.TextView and view.getHint() matching: is "Login" and view.getParent() view.getParent() view.getId() is <2131231121/ru.iteco.fmhandroid:id/login_text_input_layout>)
12-02 18:52:40.769 28567 28567 I ViewInteraction: Performing 'wait for a specific view with <(an instance of android.widget.TextView and view.getHint() matching: is "Password" and view.getParent() view.getParent() view.getId() is <2131231264/ru.iteco.fmhandroid:id/password_text_input_layout>)> during 10000 millis.' action on view view.getRootView() to equal view
12-02 18:52:40.773 28567 28567 I ViewInteraction: Performing 'replace text(password2)' action on view (an instance of android.widget.TextView and view.getHint() matching: is "Password" and view.getParent() view.getParent() view.getId() is <2131231264/ru.iteco.fmhandroid:id/password_text_input_layout>)
12-02 18:52:40.790 28567 28567 I ViewInteraction: Performing 'wait for a specific view with <(view.getId() is <2131231039/ru.iteco.fmhandroid:id/enter_button> and an instance of android.widget.TextView and view.getText() with or without transformation to match: is "SIGN IN" and view.getContentDescription() is "Save" and view.getParent() view.getParent() an instance of android.widget.RelativeLayout)> during 10000 millis.' action on view view.getRootView() to equal view
12-02 18:52:40.805 28567 28567 I ViewInteraction: Checking 'MatchesViewAssertion{viewMatcher=view.isClickable() is <true>}' assertion on view (view.getId() is <2131231039/ru.iteco.fmhandroid:id/enter_button> and an instance of android.widget.TextView and view.getText() with or without transformation to match: is "SIGN IN" and view.getContentDescription() is "Save" and view.getParent() view.getParent() an instance of android.widget.RelativeLayout)
12-02 18:52:40.813 28567 28567 I ViewInteraction: Performing 'wait for a specific view with <(view.getId() is <2131231039/ru.iteco.fmhandroid:id/enter_button> and an instance of android.widget.TextView and view.getText() with or without transformation to match: is "SIGN IN" and view.getContentDescription() is "Save" and view.getParent() view.getParent() an instance of android.widget.RelativeLayout)> during 10000 millis.' action on view view.getRootView() to equal view
12-02 18:52:40.817 28567 28567 I ViewInteraction: Checking 'MatchesViewAssertion{viewMatcher=view.isClickable() is <true>}' assertion on view (view.getId() is <2131231039/ru.iteco.fmhandroid:id/enter_button> and an instance of android.widget.TextView and view.getText() with or without transformation to match: is "SIGN IN" and view.getContentDescription() is "Save" and view.getParent() view.getParent() an instance of android.widget.RelativeLayout)
12-02 18:52:40.820 28567 28567 I ViewInteraction: Performing 'wait for a specific view with <(view.getId() is <2131231039/ru.iteco.fmhandroid:id/enter_button> and an instance of android.widget.TextView and view.getText() with or without transformation to match: is "SIGN IN" and view.getContentDescription() is "Save" and view.getParent() view.getParent() an instance of android.widget.RelativeLayout)> during 10000 millis.' action on view view.getRootView() to equal view
12-02 18:52:40.822 28567 28567 I ViewInteraction: Performing 'single click' action on view (view.getId() is <2131231039/ru.iteco.fmhandroid:id/enter_button> and an instance of android.widget.TextView and view.getText() with or without transformation to match: is "SIGN IN" and view.getContentDescription() is "Save" and view.getParent() view.getParent() an instance of android.widget.RelativeLayout)
12-02 18:52:40.867 28567 28657 I okhttp.OkHttpClient: --> POST http://www.981757-ca08998.tmweb.ru:8080/fmh/authentication/login
12-02 18:52:40.868 28567 28657 I okhttp.OkHttpClient: Content-Type: application/json; charset=UTF-8
12-02 18:52:40.868 28567 28657 I okhttp.OkHttpClient: Content-Length: 41
12-02 18:52:40.868 28567 28657 I okhttp.OkHttpClient: {"login":"login2","password":"password2"}
12-02 18:52:40.868 28567 28657 I okhttp.OkHttpClient: --> END POST (41-byte body)
12-02 18:52:41.100 28567 28567 I ViewInteraction: Performing 'wait for a specific view with <an instance of android.widget.TextView and view.getText() with or without transformation to match: is "News"> during 10000 millis.' action on view view.getRootView() to equal view
12-02 18:52:41.139 28567 28657 I okhttp.OkHttpClient: <-- 200 http://www.981757-ca08998.tmweb.ru:8080/fmh/authentication/login (270ms)
12-02 18:52:41.139 28567 28657 I okhttp.OkHttpClient: Vary: Origin
12-02 18:52:41.139 28567 28657 I okhttp.OkHttpClient: Vary: Access-Control-Request-Method
12-02 18:52:41.139 28567 28657 I okhttp.OkHttpClient: Vary: Access-Control-Request-Headers
12-02 18:52:41.139 28567 28657 I okhttp.OkHttpClient: X-Content-Type-Options: nosniff
12-02 18:52:41.139 28567 28657 I okhttp.OkHttpClient: X-XSS-Protection: 1; mode=block
12-02 18:52:41.139 28567 28657 I okhttp.OkHttpClient: Cache-Control: no-cache, no-store, max-age=0, must-revalidate
12-02 18:52:41.139 28567 28657 I okhttp.OkHttpClient: Pragma: no-cache
12-02 18:52:41.140 28567 28657 I okhttp.OkHttpClient: Expires: 0
12-02 18:52:41.140 28567 28657 I okhttp.OkHttpClient: X-Frame-Options: DENY
12-02 18:52:41.140 28567 28657 I okhttp.OkHttpClient: Content-Type: application/json
12-02 18:52:41.140 28567 28657 I okhttp.OkHttpClient: Transfer-Encoding: chunked
12-02 18:52:41.141 28567 28657 I okhttp.OkHttpClient: Date: Fri, 02 Dec 2022 15:52:42 GMT
12-02 18:52:41.142 28567 28657 I okhttp.OkHttpClient: Keep-Alive: timeout=60
12-02 18:52:41.143 28567 28657 I okhttp.OkHttpClient: Connection: keep-alive
12-02 18:52:41.143 28567 28657 I okhttp.OkHttpClient: {"accessToken":"eyJhbGciOiJIUzUxMiJ9.eyJzdWIiOiJsb2dpbjIiLCJqdGkiOiIyIiwiZXhwIjoxNjcwMDgyNzYyfQ.MENSKB_eYUqsnT316wQZp3pAR6VQIwTnWXWRDcBGv68PjesietzDd0EgvwFE78BfZwxEwR7DT1f2AsnnrYGwmw","refreshToken":"eyJhbGciOiJIUzUxMiJ9.eyJzdWIiOiJsb2dpbjIiLCJqdGkiOiIyIiwiZXhwIjoxNjcyNTg4MzYyfQ.xx9NS6QCJsOTppGBcBCroqVWDP2SUgmwhM-blf0MG1sEVs1DoGEPx2-YK-VVv9SJOpUhmhyq1FCMD1CrOue1Rw"}
12-02 18:52:41.143 28567 28657 I okhttp.OkHttpClient: <-- END HTTP (368-byte body)
12-02 18:52:41.149 28567 28638 I okhttp.OkHttpClient: --> GET http://www.981757-ca08998.tmweb.ru:8080/fmh/authentication/userInfo
12-02 18:52:41.150 28567 28638 I okhttp.OkHttpClient: --> END GET
12-02 18:52:41.285 28567 28638 I okhttp.OkHttpClient: <-- 200 http://www.981757-ca08998.tmweb.ru:8080/fmh/authentication/userInfo (135ms)
12-02 18:52:41.286 28567 28638 I okhttp.OkHttpClient: Vary: Origin
12-02 18:52:41.286 28567 28638 I okhttp.OkHttpClient: Vary: Access-Control-Request-Method
12-02 18:52:41.286 28567 28638 I okhttp.OkHttpClient: Vary: Access-Control-Request-Headers
12-02 18:52:41.286 28567 28638 I okhttp.OkHttpClient: X-Content-Type-Options: nosniff
12-02 18:52:41.286 28567 28638 I okhttp.OkHttpClient: X-XSS-Protection: 1; mode=block
12-02 18:52:41.286 28567 28638 I okhttp.OkHttpClient: Cache-Control: no-cache, no-store, max-age=0, must-revalidate
12-02 18:52:41.286 28567 28638 I okhttp.OkHttpClient: Pragma: no-cache
12-02 18:52:41.286 28567 28638 I okhttp.OkHttpClient: Expires: 0
12-02 18:52:41.287 28567 28638 I okhttp.OkHttpClient: X-Frame-Options: DENY
12-02 18:52:41.287 28567 28638 I okhttp.OkHttpClient: Content-Type: application/json
12-02 18:52:41.287 28567 28638 I okhttp.OkHttpClient: Transfer-Encoding: chunked
12-02 18:52:41.287 28567 28638 I okhttp.OkHttpClient: Date: Fri, 02 Dec 2022 15:52:42 GMT
12-02 18:52:41.287 28567 28638 I okhttp.OkHttpClient: Keep-Alive: timeout=60
12-02 18:52:41.288 28567 28638 I okhttp.OkHttpClient: Connection: keep-alive
12-02 18:52:41.829 28567 28638 I okhttp.OkHttpClient: {"id":2,"firstName":"Данил","lastName":"Иванов","middleName":"Данилович","admin":true}
12-02 18:52:41.829 28567 28638 I okhttp.OkHttpClient: <-- END HTTP (106-byte body)
12-02 18:52:41.841 28567 28643 I okhttp.OkHttpClient: --> GET http://www.981757-ca08998.tmweb.ru:8080/fmh/claims
12-02 18:52:41.841 28567 28643 I okhttp.OkHttpClient: --> END GET
12-02 18:52:41.847  1743 28783 E ResolverController: No valid NAT64 prefix (126, <unspecified>/0)
12-02 18:52:42.040 28567 28567 I ViewInteraction: Checking 'MatchesViewAssertion{viewMatcher=(view has effective visibility <VISIBLE> and view.getGlobalVisibleRect() to return non-empty rectangle)}' assertion on view an instance of android.widget.TextView and view.getText() with or without transformation to match: is "News"
12-02 18:52:42.044 28567 28567 I ViewInteraction: Performing 'wait for a specific view with <view.getId() is <2131230951>> during 10000 millis.' action on view view.getRootView() to equal view
12-02 18:52:42.049 28567 28567 I ViewInteraction: Checking 'MatchesViewAssertion{viewMatcher=(view has effective visibility <VISIBLE> and view.getGlobalVisibleRect() to return non-empty rectangle)}' assertion on view view.getId() is <2131230951/ru.iteco.fmhandroid:id/container_list_news_include_on_fragment_main>
12-02 18:52:42.231 28567 28567 I ViewInteraction: Performing 'wait for a specific view with <view.getId() is <2131230949>> during 10000 millis.' action on view view.getRootView() to equal view
12-02 18:52:42.241 28567 28567 I ViewInteraction: Checking 'MatchesViewAssertion{viewMatcher=(view has effective visibility <VISIBLE> and view.getGlobalVisibleRect() to return non-empty rectangle)}' assertion on view view.getId() is <2131230949/ru.iteco.fmhandroid:id/container_list_claim_include_on_fragment_main>
