12-07 07:36:25.399 24885 24885 I ViewInteraction: Checking 'MatchesViewAssertion{viewMatcher=(view has effective visibility <VISIBLE> and view.getGlobalVisibleRect() to return non-empty rectangle)}' assertion on view (an instance of android.widget.TextView and view.getHint() matching: is "Login" and view.getParent() view.getParent() view.getId() is <2131231121/ru.iteco.fmhandroid:id/login_text_input_layout>)
12-07 07:36:25.402 24885 24929 W teco.fmhandroi: Accessing hidden method Lsun/misc/Unsafe;->compareAndSwapObject(Ljava/lang/Object;JLjava/lang/Object;Ljava/lang/Object;)Z (greylist, linking, allowed)
12-07 07:36:25.405 24885 24885 I ViewInteraction: Performing 'wait for a specific view with <(an instance of android.widget.TextView and view.getHint() matching: is "Password" and view.getParent() view.getParent() view.getId() is <2131231264>)> during 10000 millis.' action on view view.getRootView() to equal view
12-07 07:36:25.408 24885 24929 W teco.fmhandroi: Accessing hidden method Lsun/misc/Unsafe;->compareAndSwapObject(Ljava/lang/Object;JLjava/lang/Object;Ljava/lang/Object;)Z (greylist, linking, allowed)
12-07 07:36:25.414 24885 24885 I ViewInteraction: Checking 'MatchesViewAssertion{viewMatcher=(view has effective visibility <VISIBLE> and view.getGlobalVisibleRect() to return non-empty rectangle)}' assertion on view (an instance of android.widget.TextView and view.getHint() matching: is "Password" and view.getParent() view.getParent() view.getId() is <2131231264/ru.iteco.fmhandroid:id/password_text_input_layout>)
12-07 07:36:25.416 24885 24929 W teco.fmhandroi: Accessing hidden method Lsun/misc/Unsafe;->compareAndSwapObject(Ljava/lang/Object;JLjava/lang/Object;Ljava/lang/Object;)Z (greylist, linking, allowed)
12-07 07:36:25.417 24885 25001 W teco.fmhandroi: Accessing hidden method Lsun/misc/Unsafe;->compareAndSwapObject(Ljava/lang/Object;JLjava/lang/Object;Ljava/lang/Object;)Z (greylist, linking, allowed)
12-07 07:36:25.436 24885 24885 I ViewInteraction: Performing 'wait for a specific view with <(view.getId() is <2131231039> and an instance of android.widget.TextView and view.getText() with or without transformation to match: is "SIGN IN" and view.getContentDescription() is "Save" and view.getParent() view.getParent() an instance of android.widget.RelativeLayout)> during 10000 millis.' action on view view.getRootView() to equal view
12-07 07:36:25.439 24885 24929 W teco.fmhandroi: Accessing hidden method Lsun/misc/Unsafe;->compareAndSwapObject(Ljava/lang/Object;JLjava/lang/Object;Ljava/lang/Object;)Z (greylist, linking, allowed)
12-07 07:36:25.444 24885 24885 I ViewInteraction: Checking 'MatchesViewAssertion{viewMatcher=(view has effective visibility <VISIBLE> and view.getGlobalVisibleRect() to return non-empty rectangle)}' assertion on view (view.getId() is <2131231039/ru.iteco.fmhandroid:id/enter_button> and an instance of android.widget.TextView and view.getText() with or without transformation to match: is "SIGN IN" and view.getContentDescription() is "Save" and view.getParent() view.getParent() an instance of android.widget.RelativeLayout)
12-07 07:36:25.445 24885 24929 W teco.fmhandroi: Accessing hidden method Lsun/misc/Unsafe;->compareAndSwapObject(Ljava/lang/Object;JLjava/lang/Object;Ljava/lang/Object;)Z (greylist, linking, allowed)
12-07 07:36:25.446 24885 25001 W teco.fmhandroi: Accessing hidden method Lsun/misc/Unsafe;->compareAndSwapObject(Ljava/lang/Object;JLjava/lang/Object;Ljava/lang/Object;)Z (greylist, linking, allowed)
12-07 07:36:25.448 24885 24885 I ViewInteraction: Performing 'wait for a specific view with <(an instance of android.widget.TextView and view.getText() with or without transformation to match: is "Authorization" and view.getParent() view.getParent() view.getId() is <2131231186>)> during 10000 millis.' action on view view.getRootView() to equal view
12-07 07:36:25.452 24885 24929 W teco.fmhandroi: Accessing hidden method Lsun/misc/Unsafe;->compareAndSwapObject(Ljava/lang/Object;JLjava/lang/Object;Ljava/lang/Object;)Z (greylist, linking, allowed)
12-07 07:36:25.458 24885 24885 I ViewInteraction: Checking 'MatchesViewAssertion{viewMatcher=(view has effective visibility <VISIBLE> and view.getGlobalVisibleRect() to return non-empty rectangle)}' assertion on view (an instance of android.widget.TextView and view.getText() with or without transformation to match: is "Authorization" and view.getParent() view.getParent() view.getId() is <2131231186/ru.iteco.fmhandroid:id/nav_host_fragment>)
12-07 07:36:25.460 24885 24929 W teco.fmhandroi: Accessing hidden method Lsun/misc/Unsafe;->compareAndSwapObject(Ljava/lang/Object;JLjava/lang/Object;Ljava/lang/Object;)Z (greylist, linking, allowed)
12-07 07:36:25.464 24885 24885 I ViewInteraction: Performing 'wait for a specific view with <(an instance of android.widget.TextView and view.getHint() matching: is "Login" and view.getParent() view.getParent() view.getId() is <2131231121/ru.iteco.fmhandroid:id/login_text_input_layout>)> during 10000 millis.' action on view view.getRootView() to equal view
12-07 07:36:25.466 24885 24929 W teco.fmhandroi: Accessing hidden method Lsun/misc/Unsafe;->compareAndSwapObject(Ljava/lang/Object;JLjava/lang/Object;Ljava/lang/Object;)Z (greylist, linking, allowed)
12-07 07:36:25.470 24885 24885 I ViewInteraction: Checking 'MatchesViewAssertion{viewMatcher=(view has effective visibility <VISIBLE> and view.getGlobalVisibleRect() to return non-empty rectangle)}' assertion on view (an instance of android.widget.TextView and view.getHint() matching: is "Login" and view.getParent() view.getParent() view.getId() is <2131231121/ru.iteco.fmhandroid:id/login_text_input_layout>)
12-07 07:36:25.473 24885 24929 W teco.fmhandroi: Accessing hidden method Lsun/misc/Unsafe;->compareAndSwapObject(Ljava/lang/Object;JLjava/lang/Object;Ljava/lang/Object;)Z (greylist, linking, allowed)
12-07 07:36:25.473 24885 25001 W teco.fmhandroi: Accessing hidden method Lsun/misc/Unsafe;->compareAndSwapObject(Ljava/lang/Object;JLjava/lang/Object;Ljava/lang/Object;)Z (greylist, linking, allowed)
12-07 07:36:25.476 24885 24885 I ViewInteraction: Performing 'wait for a specific view with <(an instance of android.widget.TextView and view.getHint() matching: is "Password" and view.getParent() view.getParent() view.getId() is <2131231264/ru.iteco.fmhandroid:id/password_text_input_layout>)> during 10000 millis.' action on view view.getRootView() to equal view
12-07 07:36:25.479 24885 24929 W teco.fmhandroi: Accessing hidden method Lsun/misc/Unsafe;->compareAndSwapObject(Ljava/lang/Object;JLjava/lang/Object;Ljava/lang/Object;)Z (greylist, linking, allowed)
12-07 07:36:25.485 24885 24885 I ViewInteraction: Checking 'MatchesViewAssertion{viewMatcher=(view has effective visibility <VISIBLE> and view.getGlobalVisibleRect() to return non-empty rectangle)}' assertion on view (an instance of android.widget.TextView and view.getHint() matching: is "Password" and view.getParent() view.getParent() view.getId() is <2131231264/ru.iteco.fmhandroid:id/password_text_input_layout>)
12-07 07:36:25.487 24885 24929 W teco.fmhandroi: Accessing hidden method Lsun/misc/Unsafe;->compareAndSwapObject(Ljava/lang/Object;JLjava/lang/Object;Ljava/lang/Object;)Z (greylist, linking, allowed)
12-07 07:36:25.487 24885 25001 W teco.fmhandroi: Accessing hidden method Lsun/misc/Unsafe;->compareAndSwapObject(Ljava/lang/Object;JLjava/lang/Object;Ljava/lang/Object;)Z (greylist, linking, allowed)
12-07 07:36:25.490 24885 24885 I ViewInteraction: Performing 'wait for a specific view with <(view.getId() is <2131231039/ru.iteco.fmhandroid:id/enter_button> and an instance of android.widget.TextView and view.getText() with or without transformation to match: is "SIGN IN" and view.getContentDescription() is "Save" and view.getParent() view.getParent() an instance of android.widget.RelativeLayout)> during 10000 millis.' action on view view.getRootView() to equal view
12-07 07:36:25.493 24885 24929 W teco.fmhandroi: Accessing hidden method Lsun/misc/Unsafe;->compareAndSwapObject(Ljava/lang/Object;JLjava/lang/Object;Ljava/lang/Object;)Z (greylist, linking, allowed)
12-07 07:36:25.494 24885 25001 W teco.fmhandroi: Accessing hidden method Lsun/misc/Unsafe;->compareAndSwapObject(Ljava/lang/Object;JLjava/lang/Object;Ljava/lang/Object;)Z (greylist, linking, allowed)
12-07 07:36:25.498 24885 24885 I ViewInteraction: Checking 'MatchesViewAssertion{viewMatcher=(view has effective visibility <VISIBLE> and view.getGlobalVisibleRect() to return non-empty rectangle)}' assertion on view (view.getId() is <2131231039/ru.iteco.fmhandroid:id/enter_button> and an instance of android.widget.TextView and view.getText() with or without transformation to match: is "SIGN IN" and view.getContentDescription() is "Save" and view.getParent() view.getParent() an instance of android.widget.RelativeLayout)
12-07 07:36:25.501 24885 24929 W teco.fmhandroi: Accessing hidden method Lsun/misc/Unsafe;->compareAndSwapObject(Ljava/lang/Object;JLjava/lang/Object;Ljava/lang/Object;)Z (greylist, linking, allowed)
12-07 07:36:25.502 24885 25001 W teco.fmhandroi: Accessing hidden method Lsun/misc/Unsafe;->compareAndSwapObject(Ljava/lang/Object;JLjava/lang/Object;Ljava/lang/Object;)Z (greylist, linking, allowed)
12-07 07:36:25.504 24885 24885 I ViewInteraction: Performing 'wait for a specific view with <(an instance of android.widget.TextView and view.getHint() matching: is "Login" and view.getParent() view.getParent() view.getId() is <2131231121/ru.iteco.fmhandroid:id/login_text_input_layout>)> during 10000 millis.' action on view view.getRootView() to equal view
12-07 07:36:25.509 24885 24929 W teco.fmhandroi: Accessing hidden method Lsun/misc/Unsafe;->compareAndSwapObject(Ljava/lang/Object;JLjava/lang/Object;Ljava/lang/Object;)Z (greylist, linking, allowed)
12-07 07:36:25.509 24885 25001 W teco.fmhandroi: Accessing hidden method Lsun/misc/Unsafe;->compareAndSwapObject(Ljava/lang/Object;JLjava/lang/Object;Ljava/lang/Object;)Z (greylist, linking, allowed)
12-07 07:36:25.514 24885 24885 I ViewInteraction: Performing 'replace text(login2)' action on view (an instance of android.widget.TextView and view.getHint() matching: is "Login" and view.getParent() view.getParent() view.getId() is <2131231121/ru.iteco.fmhandroid:id/login_text_input_layout>)
12-07 07:36:25.539 24885 24929 W teco.fmhandroi: Accessing hidden method Lsun/misc/Unsafe;->compareAndSwapObject(Ljava/lang/Object;JLjava/lang/Object;Ljava/lang/Object;)Z (greylist, linking, allowed)
12-07 07:36:25.540 24885 25001 W teco.fmhandroi: Accessing hidden method Lsun/misc/Unsafe;->compareAndSwapObject(Ljava/lang/Object;JLjava/lang/Object;Ljava/lang/Object;)Z (greylist, linking, allowed)
12-07 07:36:25.570 24885 24885 I ViewInteraction: Performing 'wait for a specific view with <(an instance of android.widget.TextView and view.getHint() matching: is "Password" and view.getParent() view.getParent() view.getId() is <2131231264/ru.iteco.fmhandroid:id/password_text_input_layout>)> during 10000 millis.' action on view view.getRootView() to equal view
12-07 07:36:25.573 24885 24929 W teco.fmhandroi: Accessing hidden method Lsun/misc/Unsafe;->compareAndSwapObject(Ljava/lang/Object;JLjava/lang/Object;Ljava/lang/Object;)Z (greylist, linking, allowed)
12-07 07:36:25.583 24885 24885 I ViewInteraction: Performing 'replace text(password2)' action on view (an instance of android.widget.TextView and view.getHint() matching: is "Password" and view.getParent() view.getParent() view.getId() is <2131231264/ru.iteco.fmhandroid:id/password_text_input_layout>)
12-07 07:36:25.596 24885 25001 W teco.fmhandroi: Accessing hidden method Lsun/misc/Unsafe;->compareAndSwapObject(Ljava/lang/Object;JLjava/lang/Object;Ljava/lang/Object;)Z (greylist, linking, allowed)
12-07 07:36:25.596 24885 24929 W teco.fmhandroi: Accessing hidden method Lsun/misc/Unsafe;->compareAndSwapObject(Ljava/lang/Object;JLjava/lang/Object;Ljava/lang/Object;)Z (greylist, linking, allowed)
12-07 07:36:25.597 24885 24929 W teco.fmhandroi: Accessing hidden method Lsun/misc/Unsafe;->getObject(Ljava/lang/Object;J)Ljava/lang/Object; (greylist, linking, allowed)
12-07 07:36:25.632 24885 24885 I ViewInteraction: Performing 'wait for a specific view with <(view.getId() is <2131231039/ru.iteco.fmhandroid:id/enter_button> and an instance of android.widget.TextView and view.getText() with or without transformation to match: is "SIGN IN" and view.getContentDescription() is "Save" and view.getParent() view.getParent() an instance of android.widget.RelativeLayout)> during 10000 millis.' action on view view.getRootView() to equal view
12-07 07:36:25.639 24885 24929 W teco.fmhandroi: Accessing hidden method Lsun/misc/Unsafe;->compareAndSwapObject(Ljava/lang/Object;JLjava/lang/Object;Ljava/lang/Object;)Z (greylist, linking, allowed)
12-07 07:36:25.639 24885 25001 W teco.fmhandroi: Accessing hidden method Lsun/misc/Unsafe;->compareAndSwapObject(Ljava/lang/Object;JLjava/lang/Object;Ljava/lang/Object;)Z (greylist, linking, allowed)
12-07 07:36:25.643 24885 24885 I ViewInteraction: Checking 'MatchesViewAssertion{viewMatcher=view.isClickable() is <true>}' assertion on view (view.getId() is <2131231039/ru.iteco.fmhandroid:id/enter_button> and an instance of android.widget.TextView and view.getText() with or without transformation to match: is "SIGN IN" and view.getContentDescription() is "Save" and view.getParent() view.getParent() an instance of android.widget.RelativeLayout)
12-07 07:36:25.645 24885 24929 W teco.fmhandroi: Accessing hidden method Lsun/misc/Unsafe;->compareAndSwapObject(Ljava/lang/Object;JLjava/lang/Object;Ljava/lang/Object;)Z (greylist, linking, allowed)
12-07 07:36:25.646 24885 25001 W teco.fmhandroi: Accessing hidden method Lsun/misc/Unsafe;->compareAndSwapObject(Ljava/lang/Object;JLjava/lang/Object;Ljava/lang/Object;)Z (greylist, linking, allowed)
12-07 07:36:25.652 24885 24885 I ViewInteraction: Performing 'wait for a specific view with <(view.getId() is <2131231039/ru.iteco.fmhandroid:id/enter_button> and an instance of android.widget.TextView and view.getText() with or without transformation to match: is "SIGN IN" and view.getContentDescription() is "Save" and view.getParent() view.getParent() an instance of android.widget.RelativeLayout)> during 10000 millis.' action on view view.getRootView() to equal view
12-07 07:36:25.658 24885 24929 W teco.fmhandroi: Accessing hidden method Lsun/misc/Unsafe;->compareAndSwapObject(Ljava/lang/Object;JLjava/lang/Object;Ljava/lang/Object;)Z (greylist, linking, allowed)
12-07 07:36:25.658 24885 25001 W teco.fmhandroi: Accessing hidden method Lsun/misc/Unsafe;->compareAndSwapObject(Ljava/lang/Object;JLjava/lang/Object;Ljava/lang/Object;)Z (greylist, linking, allowed)
12-07 07:36:25.660 24885 24885 I ViewInteraction: Checking 'MatchesViewAssertion{viewMatcher=view.isClickable() is <true>}' assertion on view (view.getId() is <2131231039/ru.iteco.fmhandroid:id/enter_button> and an instance of android.widget.TextView and view.getText() with or without transformation to match: is "SIGN IN" and view.getContentDescription() is "Save" and view.getParent() view.getParent() an instance of android.widget.RelativeLayout)
12-07 07:36:25.665 24885 24929 W teco.fmhandroi: Accessing hidden method Lsun/misc/Unsafe;->compareAndSwapObject(Ljava/lang/Object;JLjava/lang/Object;Ljava/lang/Object;)Z (greylist, linking, allowed)
12-07 07:36:25.665 24885 25001 W teco.fmhandroi: Accessing hidden method Lsun/misc/Unsafe;->compareAndSwapObject(Ljava/lang/Object;JLjava/lang/Object;Ljava/lang/Object;)Z (greylist, linking, allowed)
12-07 07:36:25.670 24885 24885 I ViewInteraction: Performing 'wait for a specific view with <(view.getId() is <2131231039/ru.iteco.fmhandroid:id/enter_button> and an instance of android.widget.TextView and view.getText() with or without transformation to match: is "SIGN IN" and view.getContentDescription() is "Save" and view.getParent() view.getParent() an instance of android.widget.RelativeLayout)> during 10000 millis.' action on view view.getRootView() to equal view
12-07 07:36:25.672 24885 24929 W teco.fmhandroi: Accessing hidden method Lsun/misc/Unsafe;->compareAndSwapObject(Ljava/lang/Object;JLjava/lang/Object;Ljava/lang/Object;)Z (greylist, linking, allowed)
12-07 07:36:25.675 24885 24885 I ViewInteraction: Performing 'single click' action on view (view.getId() is <2131231039/ru.iteco.fmhandroid:id/enter_button> and an instance of android.widget.TextView and view.getText() with or without transformation to match: is "SIGN IN" and view.getContentDescription() is "Save" and view.getParent() view.getParent() an instance of android.widget.RelativeLayout)
12-07 07:36:25.757 24885 25005 I okhttp.OkHttpClient: --> POST http://www.981757-ca08998.tmweb.ru:8080/fmh/authentication/login
12-07 07:36:25.758 24885 25005 I okhttp.OkHttpClient: Content-Type: application/json; charset=UTF-8
12-07 07:36:25.758 24885 25005 I okhttp.OkHttpClient: Content-Length: 41
12-07 07:36:25.758 24885 25005 I okhttp.OkHttpClient: {"login":"login2","password":"password2"}
12-07 07:36:25.759 24885 25005 I okhttp.OkHttpClient: --> END POST (41-byte body)
12-07 07:36:25.765  1744 25006 E ResolverController: No valid NAT64 prefix (101, <unspecified>/0)
12-07 07:36:25.992 24885 24929 W teco.fmhandroi: Accessing hidden method Lsun/misc/Unsafe;->compareAndSwapObject(Ljava/lang/Object;JLjava/lang/Object;Ljava/lang/Object;)Z (greylist, linking, allowed)
12-07 07:36:25.992 24885 25001 W teco.fmhandroi: Accessing hidden method Lsun/misc/Unsafe;->compareAndSwapObject(Ljava/lang/Object;JLjava/lang/Object;Ljava/lang/Object;)Z (greylist, linking, allowed)
12-07 07:36:25.996 24885 24885 I ViewInteraction: Performing 'wait for a specific view with <an instance of android.widget.TextView and view.getText() with or without transformation to match: is "News"> during 10000 millis.' action on view view.getRootView() to equal view
12-07 07:36:26.186 24885 25005 I okhttp.OkHttpClient: <-- 200 http://www.981757-ca08998.tmweb.ru:8080/fmh/authentication/login (427ms)
12-07 07:36:26.186 24885 25005 I okhttp.OkHttpClient: Vary: Origin
12-07 07:36:26.186 24885 25005 I okhttp.OkHttpClient: Vary: Access-Control-Request-Method
12-07 07:36:26.186 24885 25005 I okhttp.OkHttpClient: Vary: Access-Control-Request-Headers
12-07 07:36:26.186 24885 25005 I okhttp.OkHttpClient: X-Content-Type-Options: nosniff
12-07 07:36:26.186 24885 25005 I okhttp.OkHttpClient: X-XSS-Protection: 1; mode=block
12-07 07:36:26.187 24885 25005 I okhttp.OkHttpClient: Cache-Control: no-cache, no-store, max-age=0, must-revalidate
12-07 07:36:26.187 24885 25005 I okhttp.OkHttpClient: Pragma: no-cache
12-07 07:36:26.187 24885 25005 I okhttp.OkHttpClient: Expires: 0
12-07 07:36:26.187 24885 25005 I okhttp.OkHttpClient: X-Frame-Options: DENY
12-07 07:36:26.187 24885 25005 I okhttp.OkHttpClient: Content-Type: application/json
12-07 07:36:26.187 24885 25005 I okhttp.OkHttpClient: Transfer-Encoding: chunked
12-07 07:36:26.187 24885 25005 I okhttp.OkHttpClient: Date: Wed, 07 Dec 2022 12:36:28 GMT
12-07 07:36:26.188 24885 25005 I okhttp.OkHttpClient: Keep-Alive: timeout=60
12-07 07:36:26.188 24885 25005 I okhttp.OkHttpClient: Connection: keep-alive
12-07 07:36:26.189 24885 25005 I okhttp.OkHttpClient: {"accessToken":"eyJhbGciOiJIUzUxMiJ9.eyJzdWIiOiJsb2dpbjIiLCJqdGkiOiIyIiwiZXhwIjoxNjcwNTAyOTg4fQ.8d6tEPecEXTQ4lVVWnPgS4cFNzNQUeElbETtSojmG2S0dzaMZsGRyMWAxJBms4g4WfZpmGivqcLN5tg_TKd9Ag","refreshToken":"eyJhbGciOiJIUzUxMiJ9.eyJzdWIiOiJsb2dpbjIiLCJqdGkiOiIyIiwiZXhwIjoxNjczMDA4NTg4fQ.OeFJn8JhEbnYd4x9LAJEdpDeW1iibxXZvanmM8-Bu8hG06JOxnja0Mn1iRL5wN99e-eTrfjJQGgWlLu5e00eXw"}
12-07 07:36:26.189 24885 25005 I okhttp.OkHttpClient: <-- END HTTP (368-byte body)
12-07 07:36:26.194 24885 24986 I okhttp.OkHttpClient: --> GET http://www.981757-ca08998.tmweb.ru:8080/fmh/authentication/userInfo
12-07 07:36:26.195 24885 24986 I okhttp.OkHttpClient: --> END GET
12-07 07:36:27.045 24885 24986 I okhttp.OkHttpClient: <-- 200 http://www.981757-ca08998.tmweb.ru:8080/fmh/authentication/userInfo (850ms)
12-07 07:36:27.045 24885 24986 I okhttp.OkHttpClient: Vary: Origin
12-07 07:36:27.046 24885 24986 I okhttp.OkHttpClient: Vary: Access-Control-Request-Method
12-07 07:36:27.046 24885 24986 I okhttp.OkHttpClient: Vary: Access-Control-Request-Headers
12-07 07:36:27.046 24885 24986 I okhttp.OkHttpClient: X-Content-Type-Options: nosniff
12-07 07:36:27.046 24885 24986 I okhttp.OkHttpClient: X-XSS-Protection: 1; mode=block
12-07 07:36:27.046 24885 24986 I okhttp.OkHttpClient: Cache-Control: no-cache, no-store, max-age=0, must-revalidate
12-07 07:36:27.046 24885 24986 I okhttp.OkHttpClient: Pragma: no-cache
12-07 07:36:27.046 24885 24986 I okhttp.OkHttpClient: Expires: 0
12-07 07:36:27.046 24885 24986 I okhttp.OkHttpClient: X-Frame-Options: DENY
12-07 07:36:27.047 24885 24986 I okhttp.OkHttpClient: Content-Type: application/json
12-07 07:36:27.047 24885 24986 I okhttp.OkHttpClient: Transfer-Encoding: chunked
12-07 07:36:27.047 24885 24986 I okhttp.OkHttpClient: Date: Wed, 07 Dec 2022 12:36:28 GMT
12-07 07:36:27.047 24885 24986 I okhttp.OkHttpClient: Keep-Alive: timeout=60
12-07 07:36:27.047 24885 24986 I okhttp.OkHttpClient: Connection: keep-alive
12-07 07:36:27.048 24885 24986 I okhttp.OkHttpClient: {"id":2,"firstName":"Данил","lastName":"Иванов","middleName":"Данилович","admin":true}
12-07 07:36:27.048 24885 24986 I okhttp.OkHttpClient: <-- END HTTP (106-byte body)
12-07 07:36:27.074 24885 25007 I okhttp.OkHttpClient: --> GET http://www.981757-ca08998.tmweb.ru:8080/fmh/claims
12-07 07:36:27.074 24885 25007 I okhttp.OkHttpClient: --> END GET
12-07 07:36:27.190  2018  2058 E memtrack: Couldn't load memtrack module
12-07 07:36:27.190  2018  2058 W android.os.Debug: failed to get memory consumption info: -1
12-07 07:36:27.306 24885 24885 I ViewInteraction: Checking 'MatchesViewAssertion{viewMatcher=(view has effective visibility <VISIBLE> and view.getGlobalVisibleRect() to return non-empty rectangle)}' assertion on view an instance of android.widget.TextView and view.getText() with or without transformation to match: is "News"
12-07 07:36:27.308 24885 25001 W teco.fmhandroi: Accessing hidden method Lsun/misc/Unsafe;->compareAndSwapObject(Ljava/lang/Object;JLjava/lang/Object;Ljava/lang/Object;)Z (greylist, linking, allowed)
12-07 07:36:27.311 24885 24885 I ViewInteraction: Performing 'wait for a specific view with <view.getId() is <2131230951>> during 10000 millis.' action on view view.getRootView() to equal view
12-07 07:36:27.315 24885 24929 W teco.fmhandroi: Accessing hidden method Lsun/misc/Unsafe;->compareAndSwapObject(Ljava/lang/Object;JLjava/lang/Object;Ljava/lang/Object;)Z (greylist, linking, allowed)
12-07 07:36:27.321 24885 24885 I ViewInteraction: Checking 'MatchesViewAssertion{viewMatcher=(view has effective visibility <VISIBLE> and view.getGlobalVisibleRect() to return non-empty rectangle)}' assertion on view view.getId() is <2131230951/ru.iteco.fmhandroid:id/container_list_news_include_on_fragment_main>
12-07 07:36:27.323 24885 24929 W teco.fmhandroi: Accessing hidden method Lsun/misc/Unsafe;->compareAndSwapObject(Ljava/lang/Object;JLjava/lang/Object;Ljava/lang/Object;)Z (greylist, linking, allowed)
12-07 07:36:27.327 24885 24885 I ViewInteraction: Performing 'wait for a specific view with <view.getId() is <2131230949>> during 10000 millis.' action on view view.getRootView() to equal view
12-07 07:36:27.332 24885 24929 W teco.fmhandroi: Accessing hidden method Lsun/misc/Unsafe;->compareAndSwapObject(Ljava/lang/Object;JLjava/lang/Object;Ljava/lang/Object;)Z (greylist, linking, allowed)
12-07 07:36:27.334 24885 24885 I ViewInteraction: Checking 'MatchesViewAssertion{viewMatcher=(view has effective visibility <VISIBLE> and view.getGlobalVisibleRect() to return non-empty rectangle)}' assertion on view view.getId() is <2131230949/ru.iteco.fmhandroid:id/container_list_claim_include_on_fragment_main>
12-07 07:36:27.335 24885 24929 W teco.fmhandroi: Accessing hidden method Lsun/misc/Unsafe;->compareAndSwapObject(Ljava/lang/Object;JLjava/lang/Object;Ljava/lang/Object;)Z (greylist, linking, allowed)
12-07 07:36:27.339 24885 24885 I ViewInteraction: Performing 'wait for a specific view with <an instance of android.widget.TextView and view.getText() with or without transformation to match: is "Claims"> during 10000 millis.' action on view view.getRootView() to equal view
12-07 07:36:27.346 24885 24885 I ViewInteraction: Checking 'MatchesViewAssertion{viewMatcher=(view has effective visibility <VISIBLE> and view.getGlobalVisibleRect() to return non-empty rectangle)}' assertion on view an instance of android.widget.TextView and view.getText() with or without transformation to match: is "Claims"
12-07 07:36:27.348 24885 25001 W teco.fmhandroi: Accessing hidden method Lsun/misc/Unsafe;->compareAndSwapObject(Ljava/lang/Object;JLjava/lang/Object;Ljava/lang/Object;)Z (greylist, linking, allowed)
12-07 07:36:27.351 24885 24885 I ViewInteraction: Performing 'wait for a specific view with <view.getId() is <2131231123>> during 10000 millis.' action on view view.getRootView() to equal view
12-07 07:36:27.355 24885 24929 W teco.fmhandroi: Accessing hidden method Lsun/misc/Unsafe;->compareAndSwapObject(Ljava/lang/Object;JLjava/lang/Object;Ljava/lang/Object;)Z (greylist, linking, allowed)
12-07 07:36:27.356 24885 25001 W teco.fmhandroi: Accessing hidden method Lsun/misc/Unsafe;->compareAndSwapObject(Ljava/lang/Object;JLjava/lang/Object;Ljava/lang/Object;)Z (greylist, linking, allowed)
12-07 07:36:27.360 24885 24885 I ViewInteraction: Performing 'single click' action on view view.getId() is <2131231123/ru.iteco.fmhandroid:id/main_menu_image_button>
12-07 07:36:27.657 24885 24898 I teco.fmhandroi: NativeAlloc concurrent copying GC freed 64390(3163KB) AllocSpace objects, 3(120KB) LOS objects, 41% free, 8732KB/14MB, paused 1.492ms total 142.217ms
12-07 07:36:27.914 24885 24885 W MotionEvents: Overslept and turned a tap into a long press
12-07 07:36:27.929  1788  1978 D AF::Track: interceptBuffer: took 481us to intercept 0 tracks
12-07 07:36:28.017  1776  1825 D gralloc_ranchu: gralloc_alloc: Creating ashmem region of size 2015232
12-07 07:36:28.026  1776  1825 D gralloc_ranchu: gralloc_alloc: Creating ashmem region of size 2015232
12-07 07:36:28.028  1776  1776 D gralloc_ranchu: gralloc_alloc: Creating ashmem region of size 2015232
12-07 07:36:28.066 24885 24975 D EGL_emulation: eglMakeCurrent: 0xdd81b560: ver 2 0 (tinfo 0xc30dc7e0)
12-07 07:36:28.156 24885 24975 I chatty  : uid=10146(ru.iteco.fmhandroid) RenderThread identical 3 lines
12-07 07:36:28.174 24885 24975 D EGL_emulation: eglMakeCurrent: 0xdd81b560: ver 2 0 (tinfo 0xc30dc7e0)
12-07 07:36:28.246 24885 24929 W teco.fmhandroi: Accessing hidden method Lsun/misc/Unsafe;->compareAndSwapObject(Ljava/lang/Object;JLjava/lang/Object;Ljava/lang/Object;)Z (greylist, linking, allowed)
12-07 07:36:28.249 24885 24885 I ViewInteraction: Performing 'wait for a specific view with <an instance of android.widget.TextView and view.getText() with or without transformation to match: is "News"> during 10000 millis.' action on view view.getRootView() to equal view
12-07 07:36:28.257 24885 24885 I ViewInteraction: Performing 'single click' action on view an instance of android.widget.TextView and view.getText() with or without transformation to match: is "News"
12-07 07:36:28.419 24885 25008 I okhttp.OkHttpClient: --> GET http://www.981757-ca08998.tmweb.ru:8080/fmh/news
12-07 07:36:28.419 24885 25008 I okhttp.OkHttpClient: --> END GET
12-07 07:36:28.431  1744 25009 E ResolverController: No valid NAT64 prefix (101, <unspecified>/0)
12-07 07:36:28.538 24885 24975 D EGL_emulation: eglMakeCurrent: 0xdd81b560: ver 2 0 (tinfo 0xc30dc7e0)
12-07 07:36:28.571 24885 24975 D EGL_emulation: eglMakeCurrent: 0xdd81b560: ver 2 0 (tinfo 0xc30dc7e0)
12-07 07:36:29.044 24885 24885 I ViewInteraction: Performing 'wait for a specific view with <view.getId() is <2131231025>> during 10000 millis.' action on view view.getRootView() to equal view
12-07 07:36:29.046 24885 24929 W teco.fmhandroi: Accessing hidden method Lsun/misc/Unsafe;->compareAndSwapObject(Ljava/lang/Object;JLjava/lang/Object;Ljava/lang/Object;)Z (greylist, linking, allowed)
12-07 07:36:29.047 24885 25001 W teco.fmhandroi: Accessing hidden method Lsun/misc/Unsafe;->compareAndSwapObject(Ljava/lang/Object;JLjava/lang/Object;Ljava/lang/Object;)Z (greylist, linking, allowed)
12-07 07:36:29.050 24885 24885 I ViewInteraction: Performing 'single click' action on view view.getId() is <2131231025/ru.iteco.fmhandroid:id/edit_news_material_button>
12-07 07:36:29.155 24885 25010 I okhttp.OkHttpClient: --> GET http://www.981757-ca08998.tmweb.ru:8080/fmh/news
12-07 07:36:29.155 24885 25010 I okhttp.OkHttpClient: --> END GET
12-07 07:36:29.782 24885 24929 W teco.fmhandroi: Accessing hidden method Lsun/misc/Unsafe;->compareAndSwapObject(Ljava/lang/Object;JLjava/lang/Object;Ljava/lang/Object;)Z (greylist, linking, allowed)
12-07 07:36:29.783 24885 25001 W teco.fmhandroi: Accessing hidden method Lsun/misc/Unsafe;->compareAndSwapObject(Ljava/lang/Object;JLjava/lang/Object;Ljava/lang/Object;)Z (greylist, linking, allowed)
12-07 07:36:29.788 24885 24885 I ViewInteraction: Performing 'wait for a specific view with <view.getId() is <2131230850>> during 10000 millis.' action on view view.getRootView() to equal view
12-07 07:36:29.792 24885 24929 W teco.fmhandroi: Accessing hidden method Lsun/misc/Unsafe;->compareAndSwapObject(Ljava/lang/Object;JLjava/lang/Object;Ljava/lang/Object;)Z (greylist, linking, allowed)
12-07 07:36:29.799 24885 24885 I ViewInteraction: Performing 'single click' action on view view.getId() is <2131230850/ru.iteco.fmhandroid:id/add_news_image_view>
12-07 07:36:29.811 24885 25008 I okhttp.OkHttpClient: <-- 200 http://www.981757-ca08998.tmweb.ru:8080/fmh/news (1391ms)
12-07 07:36:29.812 24885 25008 I okhttp.OkHttpClient: Vary: Origin
12-07 07:36:29.813 24885 25008 I okhttp.OkHttpClient: Vary: Access-Control-Request-Method
12-07 07:36:29.813 24885 25008 I okhttp.OkHttpClient: Vary: Access-Control-Request-Headers
12-07 07:36:29.813 24885 25008 I okhttp.OkHttpClient: X-Content-Type-Options: nosniff
12-07 07:36:29.813 24885 25008 I okhttp.OkHttpClient: X-XSS-Protection: 1; mode=block
12-07 07:36:29.813 24885 25008 I okhttp.OkHttpClient: Cache-Control: no-cache, no-store, max-age=0, must-revalidate
12-07 07:36:29.813 24885 25008 I okhttp.OkHttpClient: Pragma: no-cache
12-07 07:36:29.813 24885 25008 I okhttp.OkHttpClient: Expires: 0
12-07 07:36:29.814 24885 25008 I okhttp.OkHttpClient: X-Frame-Options: DENY
12-07 07:36:29.814 24885 25008 I okhttp.OkHttpClient: Content-Type: application/json
12-07 07:36:29.814 24885 25008 I okhttp.OkHttpClient: Transfer-Encoding: chunked
12-07 07:36:29.815 24885 25008 I okhttp.OkHttpClient: Date: Wed, 07 Dec 2022 12:36:32 GMT
12-07 07:36:29.817 24885 25008 I okhttp.OkHttpClient: Keep-Alive: timeout=60
12-07 07:36:29.817 24885 25008 I okhttp.OkHttpClient: Connection: keep-alive
12-07 07:36:30.059 24885 24898 I teco.fmhandroi: Background young concurrent copying GC freed 52644(2327KB) AllocSpace objects, 0(0B) LOS objects, 16% free, 12MB/14MB, paused 1.555ms total 184.645ms
12-07 07:36:30.180 24885 25007 I okhttp.OkHttpClient: <-- 200 http://www.981757-ca08998.tmweb.ru:8080/fmh/claims (3105ms)
12-07 07:36:30.181 24885 25007 I okhttp.OkHttpClient: Vary: Origin
12-07 07:36:30.181 24885 25007 I okhttp.OkHttpClient: Vary: Access-Control-Request-Method
12-07 07:36:30.181 24885 25007 I okhttp.OkHttpClient: Vary: Access-Control-Request-Headers
12-07 07:36:30.181 24885 25007 I okhttp.OkHttpClient: X-Content-Type-Options: nosniff
12-07 07:36:30.181 24885 25007 I okhttp.OkHttpClient: X-XSS-Protection: 1; mode=block
12-07 07:36:30.181 24885 25007 I okhttp.OkHttpClient: Cache-Control: no-cache, no-store, max-age=0, must-revalidate
12-07 07:36:30.181 24885 25007 I okhttp.OkHttpClient: Pragma: no-cache
12-07 07:36:30.181 24885 25007 I okhttp.OkHttpClient: Expires: 0
12-07 07:36:30.182 24885 25007 I okhttp.OkHttpClient: X-Frame-Options: DENY
12-07 07:36:30.182 24885 25007 I okhttp.OkHttpClient: Content-Type: application/json
12-07 07:36:30.182 24885 25007 I okhttp.OkHttpClient: Transfer-Encoding: chunked
12-07 07:36:30.182 24885 25007 I okhttp.OkHttpClient: Date: Wed, 07 Dec 2022 12:36:32 GMT
12-07 07:36:30.182 24885 25007 I okhttp.OkHttpClient: Keep-Alive: timeout=60
12-07 07:36:30.182 24885 25007 I okhttp.OkHttpClient: Connection: keep-alive
12-07 07:36:30.566 24885 24929 W teco.fmhandroi: Accessing hidden method Lsun/misc/Unsafe;->compareAndSwapObject(Ljava/lang/Object;JLjava/lang/Object;Ljava/lang/Object;)Z (greylist, linking, allowed)
12-07 07:36:30.567 24885 25001 W teco.fmhandroi: Accessing hidden method Lsun/misc/Unsafe;->compareAndSwapObject(Ljava/lang/Object;JLjava/lang/Object;Ljava/lang/Object;)Z (greylist, linking, allowed)
12-07 07:36:30.574 24885 24885 I ViewInteraction: Performing 'wait for a specific view with <view.getId() is <2131231204>> during 10000 millis.' action on view view.getRootView() to equal view
12-07 07:36:30.577 24885 24929 W teco.fmhandroi: Accessing hidden method Lsun/misc/Unsafe;->compareAndSwapObject(Ljava/lang/Object;JLjava/lang/Object;Ljava/lang/Object;)Z (greylist, linking, allowed)
12-07 07:36:30.578 24885 25001 W teco.fmhandroi: Accessing hidden method Lsun/misc/Unsafe;->compareAndSwapObject(Ljava/lang/Object;JLjava/lang/Object;Ljava/lang/Object;)Z (greylist, linking, allowed)
12-07 07:36:30.583 24885 24885 I ViewInteraction: Performing 'single click' action on view view.getId() is <2131231204/ru.iteco.fmhandroid:id/news_item_category_text_auto_complete_text_view>
12-07 07:36:30.736  1776  1776 D gralloc_ranchu: gralloc_alloc: Creating ashmem region of size 5308416
12-07 07:36:30.743  1776  1776 I chatty  : uid=1000(system) allocator@2.0-s identical 1 line
12-07 07:36:30.746  1776  1776 D gralloc_ranchu: gralloc_alloc: Creating ashmem region of size 5308416
12-07 07:36:30.768 24885 24975 D EGL_emulation: eglMakeCurrent: 0xdd81b560: ver 2 0 (tinfo 0xc30dc7e0)
12-07 07:36:30.825 24885 24885 I AssistStructure: Flattened final assist data: 7432 bytes, containing 2 windows, 55 views
12-07 07:36:30.843  2018  8910 D AutofillSession: Starting partition or augmented request for view id 1073741826@649021060: STARTED_SESSION
12-07 07:36:30.844  2656  2656 W ktk     : Pending fill request while another request in the same session was triggered. [CONTEXT service_id=177 ]
12-07 07:36:30.852  2537  2537 W GInputConnectionWrapper: IPC IC_GET_TEXT_BEFORE_CURSOR_AND_FIX_SELECTION_INDICES took 174 ms
12-07 07:36:30.873 24885 24975 D EGL_emulation: eglMakeCurrent: 0xdd81b560: ver 2 0 (tinfo 0xc30dc7e0)
12-07 07:36:30.905 24885 24885 I AssistStructure: Flattened final assist data: 7432 bytes, containing 2 windows, 55 views
12-07 07:36:30.931 24885 25010 I okhttp.OkHttpClient: <-- 200 http://www.981757-ca08998.tmweb.ru:8080/fmh/news (1775ms)
12-07 07:36:30.931 24885 25010 I okhttp.OkHttpClient: Vary: Origin
12-07 07:36:30.931 24885 25010 I okhttp.OkHttpClient: Vary: Access-Control-Request-Method
12-07 07:36:30.931 24885 25010 I okhttp.OkHttpClient: Vary: Access-Control-Request-Headers
12-07 07:36:30.931 24885 25010 I okhttp.OkHttpClient: X-Content-Type-Options: nosniff
12-07 07:36:30.931 24885 25010 I okhttp.OkHttpClient: X-XSS-Protection: 1; mode=block
12-07 07:36:30.931 24885 25010 I okhttp.OkHttpClient: Cache-Control: no-cache, no-store, max-age=0, must-revalidate
12-07 07:36:30.932 24885 25010 I okhttp.OkHttpClient: Pragma: no-cache
12-07 07:36:30.932 24885 25010 I okhttp.OkHttpClient: Expires: 0
12-07 07:36:30.932 24885 25010 I okhttp.OkHttpClient: X-Frame-Options: DENY
12-07 07:36:30.932 24885 25010 I okhttp.OkHttpClient: Content-Type: application/json
12-07 07:36:30.932 24885 25010 I okhttp.OkHttpClient: Transfer-Encoding: chunked
12-07 07:36:30.932 24885 25010 I okhttp.OkHttpClient: Date: Wed, 07 Dec 2022 12:36:33 GMT
12-07 07:36:30.932 24885 25010 I okhttp.OkHttpClient: Keep-Alive: timeout=60
12-07 07:36:30.933 24885 25010 I okhttp.OkHttpClient: Connection: keep-alive
12-07 07:36:30.948 24885 24975 D EGL_emulation: eglMakeCurrent: 0xdd81b560: ver 2 0 (tinfo 0xc30dc7e0)
12-07 07:36:30.956  2537  2537 I KeyboardViewUtil: systemKeyboardHeightRatio:1.000000; userKeyboardHeightRatio:1.000000.
12-07 07:36:30.956  2537  2537 I AndroidIME: LatinIme.onActivate() : EditorInfo = Package = ru.iteco.fmhandroid : Type = Text : Learning = Disable : Suggestion = Show : AutoCorrection = Disable : Microphone = Show : NoPersonalizedLearning = Disable
12-07 07:36:30.976  2537  2537 I Conv2QueryExtension: Current locale: en_US, config allows these locales: de,en,es,fr,it,ms,pt,ta
12-07 07:36:30.976  2537  2537 I Conv2QueryExtension: Conv2Query not enabled due to current app [ru.iteco.fmhandroid] not in whitelist
12-07 07:36:30.976  2537  2537 I Conv2QueryExtension: onActivate() : Disabled by unsupported host app
12-07 07:36:30.994  2018  2051 D AutofillUI: destroySaveUiUiThread(): already destroyed
12-07 07:36:30.999  2170  2566 D EGL_emulation: eglMakeCurrent: 0xe594e040: ver 2 0 (tinfo 0xc52450c0)
12-07 07:36:31.008  1776  1776 D gralloc_ranchu: gralloc_alloc: Creating ashmem region of size 9826304
12-07 07:36:31.010  2656  2656 W ktk     : Pending fill request while another request in the same session was triggered. [CONTEXT service_id=177 ]
12-07 07:36:31.012  1776  1825 D gralloc_ranchu: gralloc_alloc: Creating ashmem region of size 9826304
12-07 07:36:31.017  1776  1825 D gralloc_ranchu: gralloc_alloc: Creating ashmem region of size 9826304
12-07 07:36:31.029  2537  8546 D EGL_emulation: eglMakeCurrent: 0xc286ce00: ver 2 0 (tinfo 0xc335ede0)
12-07 07:36:31.119  2656  2671 I .gms.persisten: Background concurrent copying GC freed 64244(3785KB) AllocSpace objects, 36(2684KB) LOS objects, 37% free, 10MB/16MB, paused 973us total 265.886ms
12-07 07:36:31.132 24885 24975 D EGL_emulation: eglMakeCurrent: 0xdd81b560: ver 2 0 (tinfo 0xc30dc7e0)
12-07 07:36:31.175  1776  1825 D gralloc_ranchu: gralloc_alloc: Creating ashmem region of size 4198400
12-07 07:36:31.183 24885 24975 D EGL_emulation: eglMakeCurrent: 0xdd81b560: ver 2 0 (tinfo 0xc30dc7e0)
12-07 07:36:31.206  1776  1825 D gralloc_ranchu: gralloc_alloc: Creating ashmem region of size 4198400
12-07 07:36:31.208 24885 24975 D EGL_emulation: eglMakeCurrent: 0xdd81b560: ver 2 0 (tinfo 0xc30dc7e0)
12-07 07:36:31.223 24885 24975 D EGL_emulation: eglMakeCurrent: 0xdd81b560: ver 2 0 (tinfo 0xc30dc7e0)
12-07 07:36:31.239  1776  1825 D gralloc_ranchu: gralloc_alloc: Creating ashmem region of size 4198400
12-07 07:36:31.245 24885 24975 D EGL_emulation: eglMakeCurrent: 0xdd81b560: ver 2 0 (tinfo 0xc30dc7e0)
12-07 07:36:31.278  2873  2889 I gle.android.gm: CollectorTransition concurrent copying GC freed 7768(597KB) AllocSpace objects, 0(0B) LOS objects, 45% free, 7284KB/13MB, paused 987us total 813.660ms
12-07 07:36:31.346 24885 24929 W teco.fmhandroi: Accessing hidden method Lsun/misc/Unsafe;->compareAndSwapObject(Ljava/lang/Object;JLjava/lang/Object;Ljava/lang/Object;)Z (greylist, linking, allowed)
12-07 07:36:31.348 24885 24885 I ViewInteraction: Performing 'close keyboard' action on view view.getRootView() to equal view
12-07 07:36:31.353  2537  2537 I PhenotypeExpConfig: refreshConfiguration() : Force = false : UpdateAvailable = false : Age = 447 minutes : MaxAge = 720 minutes
12-07 07:36:31.355  2537  2537 I AndroidIME: LatinIme.onDeactivate()
12-07 07:36:31.371  2537  8546 D EGL_emulation: eglMakeCurrent: 0xc286ce00: ver 2 0 (tinfo 0xc335ede0)
12-07 07:36:31.483  1776  1825 D gralloc_ranchu: gralloc_alloc: Creating ashmem region of size 5308416
12-07 07:36:31.496 24885 24975 D EGL_emulation: eglMakeCurrent: 0xdd81b560: ver 2 0 (tinfo 0xc30dc7e0)
12-07 07:36:31.519  1776  1825 D gralloc_ranchu: gralloc_alloc: Creating ashmem region of size 5308416
12-07 07:36:31.522 24885 24975 D EGL_emulation: eglMakeCurrent: 0xdd81b560: ver 2 0 (tinfo 0xc30dc7e0)
12-07 07:36:31.536 24885 24975 D EGL_emulation: eglMakeCurrent: 0xdd81b560: ver 2 0 (tinfo 0xc30dc7e0)
12-07 07:36:31.550  1776  1825 D gralloc_ranchu: gralloc_alloc: Creating ashmem region of size 5308416
12-07 07:36:31.667 24885 24885 I ViewInteraction: Performing 'single click' action on view an instance of android.widget.TextView and view.getText() with or without transformation to match: is "Праздник"
12-07 07:36:31.735 24885 24975 D EGL_emulation: eglMakeCurrent: 0xdd81b560: ver 2 0 (tinfo 0xc30dc7e0)
12-07 07:36:31.757 24885 24975 I chatty  : uid=10146(ru.iteco.fmhandroid) RenderThread identical 1 line
12-07 07:36:31.905 24885 24975 D EGL_emulation: eglMakeCurrent: 0xdd81b560: ver 2 0 (tinfo 0xc30dc7e0)
12-07 07:36:31.915  2018  8910 E InputDispatcher: Window handle Window{6a1cad u0 PopupWindow:25b0aea} has no registered input channel
12-07 07:36:31.960 24885 24975 D EGL_emulation: eglMakeCurrent: 0xdd81b560: ver 2 0 (tinfo 0xc30dc7e0)
12-07 07:36:32.131  2018  2058 E memtrack: Couldn't load memtrack module
12-07 07:36:32.131  2018  2058 W android.os.Debug: failed to get memory consumption info: -1
12-07 07:36:32.198 24885 24885 I ViewInteraction: Performing 'wait for a specific view with <view.getId() is <2131231227>> during 10000 millis.' action on view view.getRootView() to equal view
12-07 07:36:32.199 24885 25001 W teco.fmhandroi: Accessing hidden method Lsun/misc/Unsafe;->compareAndSwapObject(Ljava/lang/Object;JLjava/lang/Object;Ljava/lang/Object;)Z (greylist, linking, allowed)
12-07 07:36:32.201 24885 24929 W teco.fmhandroi: Accessing hidden method Lsun/misc/Unsafe;->compareAndSwapObject(Ljava/lang/Object;JLjava/lang/Object;Ljava/lang/Object;)Z (greylist, linking, allowed)
12-07 07:36:32.206 24885 24885 I ViewInteraction: Performing 'replace text(Заголовок e45cf2cb-30d7-4975-bb58-82949d20499b)' action on view view.getId() is <2131231227/ru.iteco.fmhandroid:id/news_item_title_text_input_edit_text>
12-07 07:36:32.220 24885 24929 W teco.fmhandroi: Accessing hidden method Lsun/misc/Unsafe;->compareAndSwapObject(Ljava/lang/Object;JLjava/lang/Object;Ljava/lang/Object;)Z (greylist, linking, allowed)
12-07 07:36:32.237 24885 24885 I ViewInteraction: Performing 'wait for a specific view with <view.getId() is <2131231222>> during 10000 millis.' action on view view.getRootView() to equal view
12-07 07:36:32.239 24885 24929 W teco.fmhandroi: Accessing hidden method Lsun/misc/Unsafe;->compareAndSwapObject(Ljava/lang/Object;JLjava/lang/Object;Ljava/lang/Object;)Z (greylist, linking, allowed)
12-07 07:36:32.243 24885 24885 I ViewInteraction: Performing 'single click' action on view view.getId() is <2131231222/ru.iteco.fmhandroid:id/news_item_publish_date_text_input_edit_text>
12-07 07:36:32.435 24885 24898 I teco.fmhandroi: Background concurrent copying GC freed 41135(1943KB) AllocSpace objects, 0(0B) LOS objects, 32% free, 12MB/18MB, paused 922us total 120.913ms
12-07 07:36:32.470  1893  1893 E netmgr  : Failed to open QEMU pipe 'qemud:network': Invalid argument
12-07 07:36:32.599  1776  1825 D gralloc_ranchu: gralloc_alloc: Creating ashmem region of size 6778880
12-07 07:36:32.604  1776  1825 I chatty  : uid=1000(system) HwBinder:1776_1 identical 1 line
12-07 07:36:32.606  1776  1825 D gralloc_ranchu: gralloc_alloc: Creating ashmem region of size 6778880
12-07 07:36:32.642 24885 24975 D EGL_emulation: eglMakeCurrent: 0xdd81b560: ver 2 0 (tinfo 0xc30dc7e0)
12-07 07:36:32.864 24885 24975 I chatty  : uid=10146(ru.iteco.fmhandroid) RenderThread identical 3 lines
12-07 07:36:32.884 24885 24975 D EGL_emulation: eglMakeCurrent: 0xdd81b560: ver 2 0 (tinfo 0xc30dc7e0)
12-07 07:36:33.123 24885 24929 W teco.fmhandroi: Accessing hidden method Lsun/misc/Unsafe;->compareAndSwapObject(Ljava/lang/Object;JLjava/lang/Object;Ljava/lang/Object;)Z (greylist, linking, allowed)
12-07 07:36:33.131 24885 24885 I ViewInteraction: Performing 'wait for a specific view with <is assignable from class <class android.widget.DatePicker>> during 10000 millis.' action on view view.getRootView() to equal view
12-07 07:36:33.137 24885 24885 I ViewInteraction: Checking 'MatchesViewAssertion{viewMatcher=(view has effective visibility <VISIBLE> and view.getGlobalVisibleRect() to return non-empty rectangle)}' assertion on view is assignable from class <class android.widget.DatePicker>
12-07 07:36:33.140 24885 24885 I ViewInteraction: Performing 'wait for a specific view with <is assignable from class <class android.widget.DatePicker>> during 10000 millis.' action on view view.getRootView() to equal view
12-07 07:36:33.147 24885 24885 I ViewInteraction: Performing 'set date' action on view is assignable from class <class android.widget.DatePicker>
12-07 07:36:33.188 24885 24885 I ViewInteraction: Performing 'wait for a specific view with <view.getId() is <16908313>> during 10000 millis.' action on view view.getRootView() to equal view
12-07 07:36:33.192 24885 24929 W teco.fmhandroi: Accessing hidden method Lsun/misc/Unsafe;->compareAndSwapObject(Ljava/lang/Object;JLjava/lang/Object;Ljava/lang/Object;)Z (greylist, linking, allowed)
12-07 07:36:33.193 24885 25001 W teco.fmhandroi: Accessing hidden method Lsun/misc/Unsafe;->compareAndSwapObject(Ljava/lang/Object;JLjava/lang/Object;Ljava/lang/Object;)Z (greylist, linking, allowed)
12-07 07:36:33.196 24885 24885 I ViewInteraction: Performing 'single click' action on view view.getId() is <16908313/android:id/button1>
12-07 07:36:33.308 24885 24975 D EGL_emulation: eglMakeCurrent: 0xdd81b560: ver 2 0 (tinfo 0xc30dc7e0)
12-07 07:36:33.331  2018  8910 E InputDispatcher: Window handle Window{2eb8343 u0 ru.iteco.fmhandroid/ru.iteco.fmhandroid.ui.AppActivity} has no registered input channel
12-07 07:36:33.331 24885 24975 D EGL_emulation: eglMakeCurrent: 0xdd81b560: ver 2 0 (tinfo 0xc30dc7e0)
12-07 07:36:33.693 24885 24929 W teco.fmhandroi: Accessing hidden method Lsun/misc/Unsafe;->compareAndSwapObject(Ljava/lang/Object;JLjava/lang/Object;Ljava/lang/Object;)Z (greylist, linking, allowed)
12-07 07:36:33.695 24885 24885 I ViewInteraction: Performing 'wait for a specific view with <view.getId() is <2131231223>> during 10000 millis.' action on view view.getRootView() to equal view
12-07 07:36:33.697 24885 24929 W teco.fmhandroi: Accessing hidden method Lsun/misc/Unsafe;->compareAndSwapObject(Ljava/lang/Object;JLjava/lang/Object;Ljava/lang/Object;)Z (greylist, linking, allowed)
12-07 07:36:33.700 24885 24885 I ViewInteraction: Performing 'single click' action on view view.getId() is <2131231223/ru.iteco.fmhandroid:id/news_item_publish_time_text_input_edit_text>
12-07 07:36:33.922  1776  1825 D gralloc_ranchu: gralloc_alloc: Creating ashmem region of size 5718016
12-07 07:36:33.930  1776  1825 I chatty  : uid=1000(system) HwBinder:1776_1 identical 1 line
12-07 07:36:33.934  1776  1825 D gralloc_ranchu: gralloc_alloc: Creating ashmem region of size 5718016
12-07 07:36:33.956 24885 24975 D EGL_emulation: eglMakeCurrent: 0xdd81b560: ver 2 0 (tinfo 0xc30dc7e0)
12-07 07:36:34.037 24885 24975 I chatty  : uid=10146(ru.iteco.fmhandroid) RenderThread identical 2 lines
12-07 07:36:34.150 24885 24975 D EGL_emulation: eglMakeCurrent: 0xdd81b560: ver 2 0 (tinfo 0xc30dc7e0)
12-07 07:36:34.376 24885 24929 W teco.fmhandroi: Accessing hidden method Lsun/misc/Unsafe;->compareAndSwapObject(Ljava/lang/Object;JLjava/lang/Object;Ljava/lang/Object;)Z (greylist, linking, allowed)
12-07 07:36:34.378 24885 24885 I ViewInteraction: Performing 'wait for a specific view with <is assignable from class <class android.widget.TimePicker>> during 10000 millis.' action on view view.getRootView() to equal view
12-07 07:36:34.385 24885 24885 I ViewInteraction: Checking 'MatchesViewAssertion{viewMatcher=(view has effective visibility <VISIBLE> and view.getGlobalVisibleRect() to return non-empty rectangle)}' assertion on view is assignable from class <class android.widget.TimePicker>
12-07 07:36:34.389 24885 24885 I ViewInteraction: Performing 'wait for a specific view with <is assignable from class <class android.widget.TimePicker>> during 10000 millis.' action on view view.getRootView() to equal view
12-07 07:36:34.393 24885 24885 I ViewInteraction: Performing 'set time' action on view is assignable from class <class android.widget.TimePicker>
12-07 07:36:34.394 24885 25001 W teco.fmhandroi: Accessing hidden method Lsun/misc/Unsafe;->compareAndSwapObject(Ljava/lang/Object;JLjava/lang/Object;Ljava/lang/Object;)Z (greylist, linking, allowed)
12-07 07:36:34.397 24885 24885 I ViewInteraction: Performing 'wait for a specific view with <view.getId() is <16908313/android:id/button1>> during 10000 millis.' action on view view.getRootView() to equal view
12-07 07:36:34.398 24885 24929 W teco.fmhandroi: Accessing hidden method Lsun/misc/Unsafe;->compareAndSwapObject(Ljava/lang/Object;JLjava/lang/Object;Ljava/lang/Object;)Z (greylist, linking, allowed)
12-07 07:36:34.401 24885 24885 I ViewInteraction: Performing 'single click' action on view view.getId() is <16908313/android:id/button1>
12-07 07:36:34.466 24885 24975 D EGL_emulation: eglMakeCurrent: 0xdd81b560: ver 2 0 (tinfo 0xc30dc7e0)
12-07 07:36:34.489 24885 24975 D EGL_emulation: eglMakeCurrent: 0xdd81b560: ver 2 0 (tinfo 0xc30dc7e0)
12-07 07:36:34.497  2018  5994 E InputDispatcher: Window handle Window{54d9eee u0 ru.iteco.fmhandroid/ru.iteco.fmhandroid.ui.AppActivity} has no registered input channel
12-07 07:36:34.514  2018  9359 E InputDispatcher: Window handle Window{54d9eee u0 ru.iteco.fmhandroid/ru.iteco.fmhandroid.ui.AppActivity} has no registered input channel
12-07 07:36:34.515 24885 24975 D EGL_emulation: eglMakeCurrent: 0xdd81b560: ver 2 0 (tinfo 0xc30dc7e0)
12-07 07:36:34.847 24885 24929 W teco.fmhandroi: Accessing hidden method Lsun/misc/Unsafe;->compareAndSwapObject(Ljava/lang/Object;JLjava/lang/Object;Ljava/lang/Object;)Z (greylist, linking, allowed)
