--------- beginning of main
12-07 07:36:08.197 24885 24885 I teco.fmhandroi: The ClassLoaderContext is a special shared library.
12-07 07:36:08.198 24885 24885 I teco.fmhandroi: The ClassLoaderContext is a special shared library.
12-07 07:36:08.766 24885 24885 W teco.fmhandroi: ClassLoaderContext classpath size mismatch. expected=0, found=7 (PCL[] | PCL[/system/framework/android.test.runner.jar*3312018701:/system/framework/android.test.mock.jar*3601177991:/data/app/ru.iteco.fmhandroid.test-HZSkAp-A6uyXqythd_Z9ZA==/base.apk*125722370:/data/app/ru.iteco.fmhandroid.test-HZSkAp-A6uyXqythd_Z9ZA==/base.apk!classes2.dex*2301094307:/data/app/ru.iteco.fmhandroid.test-HZSkAp-A6uyXqythd_Z9ZA==/base.apk!classes3.dex*2939693690:/data/app/ru.iteco.fmhandroid.test-HZSkAp-A6uyXqythd_Z9ZA==/base.apk!classes4.dex*1262388794:/data/app/ru.iteco.fmhandroid.test-HZSkAp-A6uyXqythd_Z9ZA==/base.apk!classes5.dex*3024307245];PCL[/system/framework/android.test.runner.jar*3312018701:/system/framework/android.test.mock.jar*3601177991:/data/app/ru.iteco.fmhandroid.test-HZSkAp-A6uyXqythd_Z9ZA==/base.apk*125722370:/data/app/ru.iteco.fmhandroid.test-HZSkAp-A6uyXqythd_Z9ZA==/base.apk!classes2.dex*2301094307:/data/app/ru.iteco.fmhandroid.test-HZSkAp-A6uyXqythd_Z9ZA==/base.apk!classes3.dex*2939693690:/data/app/ru.itec
12-07 07:36:08.768 24885 24885 W teco.fmhandroi: Found duplicate classes, falling back to extracting from APK : /data/app/ru.iteco.fmhandroid-R0QVQlEGwG1IVzN-H3bqog==/base.apk
12-07 07:36:08.768 24885 24885 W teco.fmhandroi: NOTE: This wastes RAM and hurts startup performance.
12-07 07:36:08.768 24885 24885 W teco.fmhandroi: Found duplicated class when checking oat files: 'Landroid/support/v4/app/INotificationSideChannel$Default;' in /data/app/ru.iteco.fmhandroid-R0QVQlEGwG1IVzN-H3bqog==/base.apk and /data/app/ru.iteco.fmhandroid-R0QVQlEGwG1IVzN-H3bqog==/base.apk
12-07 07:36:08.768 24885 24885 W teco.fmhandroi: 
12-07 07:36:09.293  2962  3348 I MicroDetectionWorker: #startMicroDetector [speakerMode: 0]
12-07 07:36:09.295  2962  3348 W ErrorReporter: reportError [type: 211, code: 393244, bug: 0]: errorCode: 393244, engine: 0
12-07 07:36:09.296  2962  3348 I MicroDetector: Keeping mic open: false
12-07 07:36:09.296  2962  3348 I MicroDetectionWorker: #onError(false)
12-07 07:36:09.465 24885 24885 W teco.fmhandroi: Accessing hidden method Landroid/app/Instrumentation;->execStartActivity(Landroid/content/Context;Landroid/os/IBinder;Landroid/os/IBinder;Landroid/app/Activity;Landroid/content/Intent;ILandroid/os/Bundle;)Landroid/app/Instrumentation$ActivityResult; (greylist, linking, allowed)
12-07 07:36:09.465 24885 24885 W teco.fmhandroi: Accessing hidden method Landroid/app/Instrumentation;->execStartActivity(Landroid/content/Context;Landroid/os/IBinder;Landroid/os/IBinder;Ljava/lang/String;Landroid/content/Intent;ILandroid/os/Bundle;)Landroid/app/Instrumentation$ActivityResult; (greylist, linking, allowed)
12-07 07:36:09.482 24885 24885 I MonitoringInstr: newApplication called!
12-07 07:36:09.564 24885 24885 I FirebaseApp: Device unlocked: initializing all Firebase APIs for app [DEFAULT]
12-07 07:36:09.612 24885 24885 I FirebaseCrashlytics: Initializing Firebase Crashlytics 18.2.6 for ru.iteco.fmhandroid
12-07 07:36:09.642 24885 24917 I DynamiteModule: Considering local module com.google.android.gms.measurement.dynamite:55 and remote module com.google.android.gms.measurement.dynamite:15
12-07 07:36:09.642 24885 24917 I DynamiteModule: Selected local version of com.google.android.gms.measurement.dynamite
12-07 07:36:09.656 24885 24885 W FA      : Failed to register event listener on calling thread. Trying again on the dynamite thread.
12-07 07:36:09.856 24885 24885 I FirebaseInitProvider: FirebaseApp initialization successful
12-07 07:36:09.901 24885 24885 I MonitoringInstr: Instrumentation started!
12-07 07:36:09.913 24885 24885 D ClassesArgTokenizer: input: ru.iteco.fmhandroid.ui.NewsCreationFormTest#shouldCreateANewsItemWithCategoryHoliday
12-07 07:36:09.914 24885 24885 D ClassesArgTokenizer: result: [ru.iteco.fmhandroid.ui.NewsCreationFormTest#shouldCreateANewsItemWithCategoryHoliday]
12-07 07:36:09.914 24885 24885 D ClassesArgTokenizer: input: null
12-07 07:36:09.914 24885 24885 D ClassesArgTokenizer: result: []
12-07 07:36:09.920 24885 24885 V TestEventClient: No service name argument was given (testDiscoveryService, testRunEventService or orchestratorService)
12-07 07:36:09.946 24885 24929 D AndroidJUnitRunner: onStart is called.
12-07 07:36:09.974 24885 24885 I MonitoringInstr: No JSBridge.
12-07 07:36:10.004 24885 24923 V FA      : App measurement collection enabled
12-07 07:36:10.005 24885 24923 V FA      : App measurement enabled for app package, google app id: ru.iteco.fmhandroid, 1:729587742060:android:e7d6f87c783f52b9a42f49
12-07 07:36:10.006 24885 24923 I FA      : App measurement initialized, version: 46000
12-07 07:36:10.006 24885 24923 I FA      : To enable debug logging run: adb shell setprop log.tag.FA VERBOSE
12-07 07:36:10.007 24885 24923 I FA      : To enable faster debug mode event logging run:
12-07 07:36:10.007 24885 24923 I FA      :   adb shell setprop debug.firebase.analytics.app ru.iteco.fmhandroid
12-07 07:36:10.007 24885 24923 D FA      : Debug-level message logging enabled
12-07 07:36:10.009 24885 24929 D TestRequestBuilder: Skipping class path scanning and directly running [ru.iteco.fmhandroid.ui.NewsCreationFormTest]
12-07 07:36:10.032 24885 24929 D ClassesArgTokenizer: input: ru.iteco.fmhandroid.ui.NewsCreationFormTest#shouldCreateANewsItemWithCategoryHoliday
12-07 07:36:10.033 24885 24929 D ClassesArgTokenizer: result: [ru.iteco.fmhandroid.ui.NewsCreationFormTest#shouldCreateANewsItemWithCategoryHoliday]
12-07 07:36:10.033 24885 24929 D ClassesArgTokenizer: input: null
12-07 07:36:10.033 24885 24929 D ClassesArgTokenizer: result: []
12-07 07:36:10.084 24885 24929 D AndroidJUnitRunner: Use the raw file system for managing file I/O.
12-07 07:36:10.098 24885 24929 D TestExecutor: Adding listener androidx.test.internal.runner.listener.LogRunListener
12-07 07:36:10.100 24885 24929 D TestExecutor: Adding listener androidx.test.internal.runner.listener.InstrumentationResultPrinter
12-07 07:36:10.100 24885 24929 D TestExecutor: Adding listener androidx.test.internal.runner.listener.ActivityFinisherRunListener
12-07 07:36:10.100 24885 24929 D TestExecutor: Adding listener androidx.test.internal.runner.listener.TraceRunListener
12-07 07:36:10.117 24885 24923 V FA      : Connecting to remote service
12-07 07:36:10.133 24885 24929 I TestRunner: run started: 1 tests
12-07 07:36:10.178 24885 24923 V FA      : Connection attempt already in progress
12-07 07:36:10.191 24885 24923 V FA      : Connection attempt already in progress
12-07 07:36:10.193 24885 24923 D FA      : Connected to remote service
12-07 07:36:10.193 24885 24923 V FA      : Processing queued up service tasks: 3
12-07 07:36:10.252 24885 24929 I TestRunner: started: shouldCreateANewsItemWithCategoryHoliday(ru.iteco.fmhandroid.ui.NewsCreationFormTest)
12-07 07:36:10.262  2873 24932 V FA-SVC  : Saving default event parameters, appId, data size: ru.iteco.fmhandroid, 2
12-07 07:36:10.479  1744 24933 E ResolverController: No valid NAT64 prefix (101, <unspecified>/0)
12-07 07:36:10.619 24885 24929 W FileTestStorage: Output properties is not supported.
12-07 07:36:10.620 24885 24929 I Tracing : Tracer added: class androidx.test.platform.tracing.AndroidXTracer
12-07 07:36:10.642 24885 24929 D EventInjectionStrategy: Creating injection strategy with input manager.
12-07 07:36:10.643 24885 24929 W teco.fmhandroi: Accessing hidden method Landroid/hardware/input/InputManager;->getInstance()Landroid/hardware/input/InputManager; (greylist, reflection, allowed)
12-07 07:36:10.644 24885 24929 W teco.fmhandroi: Accessing hidden method Landroid/hardware/input/InputManager;->injectInputEvent(Landroid/view/InputEvent;I)Z (greylist, reflection, allowed)
12-07 07:36:10.644 24885 24929 W teco.fmhandroi: Accessing hidden field Landroid/hardware/input/InputManager;->INJECT_INPUT_EVENT_MODE_WAIT_FOR_FINISH:I (greylist, reflection, allowed)
--------- beginning of system
12-07 07:36:10.722  2018  2018 V SettingsProvider: Notifying for 0: content://settings/secure/accessibility_enabled
12-07 07:36:10.917 24885 24929 W Settings: Setting always_finish_activities has moved from android.provider.Settings.System to android.provider.Settings.Global, returning read-only value.
12-07 07:36:10.928  2018  8910 I ActivityTaskManager: START u0 {act=android.intent.action.MAIN cat=[android.intent.category.LAUNCHER] flg=0x10008000 cmp=ru.iteco.fmhandroid.test/androidx.test.core.app.InstrumentationActivityInvoker$BootstrapActivity (has extras)} from uid 10146
12-07 07:36:10.959  2018  8910 W InputReader: Device has associated, but no associated display id.
12-07 07:36:10.959  2018  8910 I chatty  : uid=1000(system) Binder:2018_1C identical 8 lines
12-07 07:36:10.959  2018  8910 W InputReader: Device has associated, but no associated display id.
12-07 07:36:10.996  1776  1825 D gralloc_ranchu: gralloc_alloc: Creating ashmem region of size 10108928
12-07 07:36:11.022  1745  1745 D Zygote  : Forked child process 24940
12-07 07:36:11.036 24940 24940 I fmhandroid.tes: Late-enabling -Xcheck:jni
12-07 07:36:11.043  2018  2060 W ActivityManager: Slow operation: 75ms so far, now at startProcess: returned from zygote!
12-07 07:36:11.043  2018  2060 W ActivityManager: Slow operation: 76ms so far, now at startProcess: done updating battery stats
12-07 07:36:11.043  2018  2060 W ActivityManager: Slow operation: 76ms so far, now at startProcess: building log message
12-07 07:36:11.043  2018  2060 I ActivityManager: Start proc 24940:ru.iteco.fmhandroid.test/u0a147 for activity {ru.iteco.fmhandroid.test/androidx.test.core.app.InstrumentationActivityInvoker$BootstrapActivity}
12-07 07:36:11.043  2018  2060 W ActivityManager: Slow operation: 76ms so far, now at startProcess: starting to update pids map
12-07 07:36:11.044  2018  2060 W ActivityManager: Slow operation: 77ms so far, now at startProcess: done updating pids map
12-07 07:36:11.215 24940 24940 E fmhandroid.tes: Unknown bits set in runtime_flags: 0x8000
12-07 07:36:11.216 24940 24940 W fmhandroid.tes: Unexpected CPU variant for X86 using defaults: x86
12-07 07:36:11.314  2018  5994 W InputReader: Device has associated, but no associated display id.
12-07 07:36:11.321  2018  5994 I chatty  : uid=1000(system) Binder:2018_18 identical 28 lines
12-07 07:36:11.321  2018  5994 W InputReader: Device has associated, but no associated display id.
12-07 07:36:11.406  2018  2054 W InputReader: Device has associated, but no associated display id.
12-07 07:36:11.407  2018  2054 I chatty  : uid=1000(system) android.anim identical 8 lines
12-07 07:36:11.407  2018  2054 W InputReader: Device has associated, but no associated display id.
12-07 07:36:11.422 24940 24940 I fmhandroid.tes: The ClassLoaderContext is a special shared library.
12-07 07:36:11.422  2962  3510 D EGL_emulation: eglMakeCurrent: 0xe597d120: ver 2 0 (tinfo 0xbffb2540)
12-07 07:36:11.426 24940 24940 I fmhandroid.tes: The ClassLoaderContext is a special shared library.
12-07 07:36:11.426 12448 12488 D EGL_emulation: eglMakeCurrent: 0xe594d140: ver 2 0 (tinfo 0xc539bd10)
12-07 07:36:11.434  1776  1825 D gralloc_ranchu: gralloc_alloc: Creating ashmem region of size 10108928
12-07 07:36:11.435  2170  2566 D EGL_emulation: eglMakeCurrent: 0xe594e040: ver 2 0 (tinfo 0xc52450c0)
12-07 07:36:11.468  2170  2566 D EGL_emulation: eglMakeCurrent: 0xe594e040: ver 2 0 (tinfo 0xc52450c0)
12-07 07:36:11.808  1793  1896 E SurfaceFlinger: ro.sf.lcd_density must be defined as a build property
12-07 07:36:11.823  1793  1896 E SurfaceFlinger: ro.sf.lcd_density must be defined as a build property
12-07 07:36:11.833 24940 24974 D libEGL  : Emulator has host GPU support, qemu.gles is set to 1.
12-07 07:36:11.835 24940 24974 W libc    : Unable to set property "qemu.gles" to "1": connection failed; errno=13 (Permission denied)
12-07 07:36:11.831 24940 24940 W RenderThread: type=1400 audit(0.0:302): avc: denied { write } for name="property_service" dev="tmpfs" ino=7388 scontext=u:r:untrusted_app:s0:c147,c256,c512,c768 tcontext=u:object_r:property_socket:s0 tclass=sock_file permissive=0 app=ru.iteco.fmhandroid.test
12-07 07:36:11.897 24940 24974 D libEGL  : loaded /vendor/lib/egl/libEGL_emulation.so
12-07 07:36:11.904 24940 24974 D libEGL  : loaded /vendor/lib/egl/libGLESv1_CM_emulation.so
12-07 07:36:11.915 24940 24974 D libEGL  : loaded /vendor/lib/egl/libGLESv2_emulation.so
12-07 07:36:11.919  2018  2358 I ActivityTaskManager: START u0 {act=android.intent.action.MAIN cat=[android.intent.category.LAUNCHER] cmp=ru.iteco.fmhandroid/.ui.AppActivity} from uid 10146
12-07 07:36:11.936  2018  2358 W InputReader: Device has associated, but no associated display id.
12-07 07:36:11.938  2018  2358 I chatty  : uid=1000(system) Binder:2018_6 identical 38 lines
12-07 07:36:11.938  2018  2358 W InputReader: Device has associated, but no associated display id.
12-07 07:36:11.939 24885 24885 W ActivityThread: handleWindowVisibility: no activity for token android.os.BinderProxy@db06269
12-07 07:36:11.940  2018  2358 W InputReader: Device has associated, but no associated display id.
12-07 07:36:11.943  2018  2358 I chatty  : uid=1000(system) Binder:2018_6 identical 18 lines
12-07 07:36:11.943  2018  2358 W InputReader: Device has associated, but no associated display id.
12-07 07:36:12.005  2962 23762 I PBSessionCacheImpl: Deleted sessionId[635179455912] from persistence.
12-07 07:36:12.014  1793  2129 E SurfaceFlinger: ro.sf.lcd_density must be defined as a build property
12-07 07:36:12.015  1793  2129 E SurfaceFlinger: ro.sf.lcd_density must be defined as a build property
12-07 07:36:12.019  2962  3348 W SearchServiceCore: Abort, client detached.
12-07 07:36:12.027 24885 24978 D libEGL  : Emulator has host GPU support, qemu.gles is set to 1.
12-07 07:36:12.029 24885 24978 W libc    : Unable to set property "qemu.gles" to "1": connection failed; errno=13 (Permission denied)
12-07 07:36:12.021 24885 24885 W RenderThread: type=1400 audit(0.0:303): avc: denied { write } for name="property_service" dev="tmpfs" ino=7388 scontext=u:r:untrusted_app:s0:c146,c256,c512,c768 tcontext=u:object_r:property_socket:s0 tclass=sock_file permissive=0 app=ru.iteco.fmhandroid
12-07 07:36:12.072 24885 24885 D LifecycleMonitor: Lifecycle status change: ru.iteco.fmhandroid.ui.AppActivity@36891fa in: PRE_ON_CREATE
12-07 07:36:12.073 24885 24885 V ActivityScenario: Activity lifecycle changed event received but ignored because the reported transition was not ON_CREATE while the last known transition was PRE_ON_CREATE
12-07 07:36:12.088 24885 24978 D libEGL  : loaded /vendor/lib/egl/libEGL_emulation.so
12-07 07:36:12.095 24885 24978 D libEGL  : loaded /vendor/lib/egl/libGLESv1_CM_emulation.so
12-07 07:36:12.103 24885 24978 D libEGL  : loaded /vendor/lib/egl/libGLESv2_emulation.so
12-07 07:36:12.119 24885 24917 V FA      : onActivityCreated
12-07 07:36:12.126 24885 24885 E teco.fmhandroi: Invalid ID 0x00000000.
12-07 07:36:12.168 24885 24885 W teco.fmhandroi: Accessing hidden method Landroid/view/View;->computeFitSystemWindows(Landroid/graphics/Rect;Landroid/graphics/Rect;)Z (greylist, reflection, allowed)
12-07 07:36:12.170 24885 24885 W teco.fmhandroi: Accessing hidden method Landroid/view/ViewGroup;->makeOptionalFitsSystemWindows()V (greylist, reflection, allowed)
12-07 07:36:12.342  2656 24979 E memtrack: Couldn't load memtrack module
12-07 07:36:12.342  2656 24979 W android.os.Debug: failed to get memory consumption info: -1
12-07 07:36:12.440 24885 24885 D NetworkSecurityConfig: No Network Security Config specified, using platform default
12-07 07:36:12.471 24885 24885 W teco.fmhandroi: Accessing hidden method Ljava/lang/invoke/MethodHandles$Lookup;-><init>(Ljava/lang/Class;I)V (greylist, reflection, allowed)
12-07 07:36:12.721 24885 24885 D LifecycleMonitor: Lifecycle status change: ru.iteco.fmhandroid.ui.AppActivity@36891fa in: CREATED
12-07 07:36:12.722 24885 24885 V ActivityScenario: Update currentActivityStage to CREATED, currentActivity=ru.iteco.fmhandroid.ui.AppActivity@36891fa
12-07 07:36:13.097 24885 24885 D LifecycleMonitor: Lifecycle status change: ru.iteco.fmhandroid.ui.AppActivity@36891fa in: STARTED
12-07 07:36:13.098 24885 24885 V ActivityScenario: Update currentActivityStage to STARTED, currentActivity=ru.iteco.fmhandroid.ui.AppActivity@36891fa
12-07 07:36:13.103 24885 24885 D LifecycleMonitor: Lifecycle status change: ru.iteco.fmhandroid.ui.AppActivity@36891fa in: RESUMED
12-07 07:36:13.103 24885 24885 V ActivityScenario: Update currentActivityStage to RESUMED, currentActivity=ru.iteco.fmhandroid.ui.AppActivity@36891fa
12-07 07:36:13.105 24885 24923 V FA      : Activity resumed, time: 36035492
12-07 07:36:13.106 24885 24929 W FileTestStorage: Test input args is not supported.
12-07 07:36:13.158 24885 24923 I FA      : Tag Manager is not found and thus will not be used
12-07 07:36:13.158 24885 24929 W teco.fmhandroi: Accessing hidden method Lsun/misc/Unsafe;->getUnsafe()Lsun/misc/Unsafe; (greylist,core-platform-api, linking, allowed)
12-07 07:36:13.158 24885 24929 W teco.fmhandroi: Accessing hidden method Lsun/misc/Unsafe;->objectFieldOffset(Ljava/lang/reflect/Field;)J (greylist,core-platform-api, linking, allowed)
12-07 07:36:13.159 24885 24929 W teco.fmhandroi: Accessing hidden method Lsun/misc/Unsafe;->putObject(Ljava/lang/Object;JLjava/lang/Object;)V (greylist, linking, allowed)
12-07 07:36:13.189 24885 24915 I teco.fmhandroi: Waiting for a blocking GC ProfileSaver
12-07 07:36:13.194 24885 24983 W teco.fmhandroi: Accessing hidden method Lsun/misc/Unsafe;->compareAndSwapObject(Ljava/lang/Object;JLjava/lang/Object;Ljava/lang/Object;)Z (greylist, linking, allowed)
12-07 07:36:13.194 24885 24983 W teco.fmhandroi: Accessing hidden method Lsun/misc/Unsafe;->getObject(Ljava/lang/Object;J)Ljava/lang/Object; (greylist, linking, allowed)
12-07 07:36:13.214 24885 24885 W teco.fmhandroi: Accessing hidden method Landroid/os/MessageQueue;->next()Landroid/os/Message; (greylist, reflection, allowed)
12-07 07:36:13.215 24885 24885 W teco.fmhandroi: Accessing hidden field Landroid/os/MessageQueue;->mMessages:Landroid/os/Message; (greylist, reflection, allowed)
12-07 07:36:13.223 24885 24885 W teco.fmhandroi: Accessing hidden method Landroid/os/Message;->recycleUnchecked()V (greylist, reflection, allowed)
12-07 07:36:13.319  2873 24932 V FA-SVC  : Logging event: origin=auto,name=screen_view(_vs),params=Bundle[{ga_event_origin(_o)=auto, ga_screen_class(_sc)=AppActivity, ga_screen_id(_si)=3170398868626619381}]
12-07 07:36:13.338 24885 24975 D HostConnection: HostConnection::get() New Host Connection established 0xdd856b40, tid 24975
12-07 07:36:13.339 24885 24975 D HostConnection: HostComposition ext ANDROID_EMU_CHECKSUM_HELPER_v1 ANDROID_EMU_dma_v1 ANDROID_EMU_direct_mem ANDROID_EMU_host_composition_v1 ANDROID_EMU_host_composition_v2 ANDROID_EMU_vulkan ANDROID_EMU_deferred_vulkan_commands ANDROID_EMU_vulkan_null_optional_strings ANDROID_EMU_vulkan_create_resources_with_requirements ANDROID_EMU_YUV_Cache ANDROID_EMU_vulkan_ignored_handles ANDROID_EMU_vulkan_free_memory_sync ANDROID_EMU_vulkan_shader_float16_int8 ANDROID_EMU_vulkan_async_queue_submit ANDROID_EMU_sync_buffer_data GL_OES_vertex_array_object GL_KHR_texture_compression_astc_ldr ANDROID_EMU_host_side_tracing ANDROID_EMU_gles_max_version_2 
12-07 07:36:13.349  2873 24932 V FA-SVC  : Upload scheduled in approximately ms: 141805
12-07 07:36:13.353  2873 24932 V FA-SVC  : Unscheduling upload
12-07 07:36:13.364  2873 24932 V FA-SVC  : Scheduling upload, millis: 141805
12-07 07:36:13.367 24885 24898 I teco.fmhandroi: NativeAlloc concurrent copying GC freed 39282(3298KB) AllocSpace objects, 14(280KB) LOS objects, 49% free, 3393KB/6787KB, paused 4.551ms total 288.089ms
12-07 07:36:13.369 24885 24915 I teco.fmhandroi: WaitForGcToComplete blocked ProfileSaver on HeapTrim for 179.561ms
12-07 07:36:13.381  2873 24932 V FA-SVC  : Background event processing time, ms: 63
12-07 07:36:13.413 24885 24975 W OpenGLRenderer: Failed to choose config with EGL_SWAP_BEHAVIOR_PRESERVED, retrying without...
12-07 07:36:13.429  2656 24697 E SQLiteDatabase: Error inserting flex_time=141000 job_id=-1 period=284000 source=16 requires_charging=0 preferred_network_type=1 target_class=com.google.android.gms.measurement.PackageMeasurementTaskService user_id=0 target_package=com.google.android.gms tag=Measurement.PackageMeasurementTaskService.UPLOAD_TASK_TAG task_type=0 required_idleness_state=0 service_kind=0 source_version=202414000 persistence_level=1 preferred_charging_state=1 required_network_type=0 runtime=1670416573390 retry_strategy={"maximum_backoff_seconds":{"3600":0},"initial_backoff_seconds":{"30":0},"retry_policy":{"0":0}} last_runtime=0
12-07 07:36:13.429  2656 24697 E SQLiteDatabase: android.database.sqlite.SQLiteConstraintException: UNIQUE constraint failed: pending_ops.tag, pending_ops.target_class, pending_ops.target_package, pending_ops.user_id (code 2067 SQLITE_CONSTRAINT_UNIQUE)
12-07 07:36:13.429  2656 24697 E SQLiteDatabase: 	at android.database.sqlite.SQLiteConnection.nativeExecuteForLastInsertedRowId(Native Method)
12-07 07:36:13.429  2656 24697 E SQLiteDatabase: 	at android.database.sqlite.SQLiteConnection.executeForLastInsertedRowId(SQLiteConnection.java:879)
12-07 07:36:13.429  2656 24697 E SQLiteDatabase: 	at android.database.sqlite.SQLiteSession.executeForLastInsertedRowId(SQLiteSession.java:790)
12-07 07:36:13.429  2656 24697 E SQLiteDatabase: 	at android.database.sqlite.SQLiteStatement.executeInsert(SQLiteStatement.java:88)
12-07 07:36:13.429  2656 24697 E SQLiteDatabase: 	at android.database.sqlite.SQLiteDatabase.insertWithOnConflict(SQLiteDatabase.java:1599)
12-07 07:36:13.429  2656 24697 E SQLiteDatabase: 	at android.database.sqlite.SQLiteDatabase.insert(SQLiteDatabase.java:1468)
12-07 07:36:13.429  2656 24697 E SQLiteDatabase: 	at aqui.a(:com.google.android.gms@202414022@20.24.14 (040700-319035315):175)
12-07 07:36:13.429  2656 24697 E SQLiteDatabase: 	at aqtk.a(:com.google.android.gms@202414022@20.24.14 (040700-319035315):182)
12-07 07:36:13.429  2656 24697 E SQLiteDatabase: 	at aqtk.a(:com.google.android.gms@202414022@20.24.14 (040700-319035315):23)
12-07 07:36:13.429  2656 24697 E SQLiteDatabase: 	at aqtk.a(:com.google.android.gms@202414022@20.24.14 (040700-319035315):177)
12-07 07:36:13.429  2656 24697 E SQLiteDatabase: 	at aqpu.run(:com.google.android.gms@202414022@20.24.14 (040700-319035315):9)
12-07 07:36:13.429  2656 24697 E SQLiteDatabase: 	at soy.b(:com.google.android.gms@202414022@20.24.14 (040700-319035315):12)
12-07 07:36:13.429  2656 24697 E SQLiteDatabase: 	at soy.run(:com.google.android.gms@202414022@20.24.14 (040700-319035315):7)
12-07 07:36:13.429  2656 24697 E SQLiteDatabase: 	at java.util.concurrent.ThreadPoolExecutor.runWorker(ThreadPoolExecutor.java:1167)
12-07 07:36:13.429  2656 24697 E SQLiteDatabase: 	at java.util.concurrent.ThreadPoolExecutor$Worker.run(ThreadPoolExecutor.java:641)
12-07 07:36:13.429  2656 24697 E SQLiteDatabase: 	at sux.run(:com.google.android.gms@202414022@20.24.14 (040700-319035315):0)
12-07 07:36:13.429  2656 24697 E SQLiteDatabase: 	at java.lang.Thread.run(Thread.java:919)
12-07 07:36:13.460 24885 24975 D EGL_emulation: eglCreateContext: 0xdd81b560: maj 2 min 0 rcv 2
12-07 07:36:13.465 24885 24975 D EGL_emulation: eglMakeCurrent: 0xdd81b560: ver 2 0 (tinfo 0xc30dc7e0)
12-07 07:36:13.474  1776  1825 D gralloc_ranchu: gralloc_alloc: Creating ashmem region of size 10108928
12-07 07:36:13.480  1648  1648 I hwservicemanager: getTransport: Cannot find entry android.hardware.graphics.mapper@3.0::IMapper/default in either framework or device manifest.
12-07 07:36:13.481 24885 24975 W Gralloc3: mapper 3.x is not supported
12-07 07:36:13.490 24885 24975 D HostConnection: createUnique: call
12-07 07:36:13.491 24885 24975 D HostConnection: HostConnection::get() New Host Connection established 0xdd856fa0, tid 24975
12-07 07:36:13.491 24885 24975 D HostConnection: HostComposition ext ANDROID_EMU_CHECKSUM_HELPER_v1 ANDROID_EMU_dma_v1 ANDROID_EMU_direct_mem ANDROID_EMU_host_composition_v1 ANDROID_EMU_host_composition_v2 ANDROID_EMU_vulkan ANDROID_EMU_deferred_vulkan_commands ANDROID_EMU_vulkan_null_optional_strings ANDROID_EMU_vulkan_create_resources_with_requirements ANDROID_EMU_YUV_Cache ANDROID_EMU_vulkan_ignored_handles ANDROID_EMU_vulkan_free_memory_sync ANDROID_EMU_vulkan_shader_float16_int8 ANDROID_EMU_vulkan_async_queue_submit ANDROID_EMU_sync_buffer_data GL_OES_vertex_array_object GL_KHR_texture_compression_astc_ldr ANDROID_EMU_host_side_tracing ANDROID_EMU_gles_max_version_2 
12-07 07:36:13.493 24885 24975 D eglCodecCommon: allocate: Ask for block of size 0x1000
12-07 07:36:13.493 24885 24975 D eglCodecCommon: allocate: ioctl allocate returned offset 0x3ffff8000 size 0x2000
12-07 07:36:13.497  1776  1825 D gralloc_ranchu: gralloc_alloc: Creating ashmem region of size 10108928
12-07 07:36:13.499  1776  1825 D gralloc_ranchu: gralloc_alloc: Creating ashmem region of size 10108928
12-07 07:36:13.503 24885 24975 D EGL_emulation: eglMakeCurrent: 0xdd81b560: ver 2 0 (tinfo 0xc30dc7e0)
12-07 07:36:13.665  2018  2058 I ActivityTaskManager: Displayed ru.iteco.fmhandroid/.ui.AppActivity: +2s681ms
12-07 07:36:13.666 24885 24885 W teco.fmhandroi: Accessing hidden method Landroid/view/WindowManagerGlobal;->getInstance()Landroid/view/WindowManagerGlobal; (greylist, reflection, allowed)
12-07 07:36:13.667 24885 24885 W teco.fmhandroi: Accessing hidden field Landroid/view/WindowManagerGlobal;->mViews:Ljava/util/ArrayList; (greylist, reflection, allowed)
12-07 07:36:13.668 24885 24885 W teco.fmhandroi: Accessing hidden field Landroid/view/WindowManagerGlobal;->mParams:Ljava/util/ArrayList; (greylist, reflection, allowed)
12-07 07:36:13.687 24885 24885 I ViewInteraction: Performing 'wait for a specific view with <(an instance of android.widget.TextView and view.getText() with or without transformation to match: is "Authorization" and view.getParent() view.getParent() view.getId() is <2131231186>)> during 10000 millis.' action on view view.getRootView() to equal view
12-07 07:36:16.103 24885 24885 W teco.fmhandroi: Accessing hidden field Lsun/misc/Unsafe;->theUnsafe:Lsun/misc/Unsafe; (greylist, reflection, allowed)
12-07 07:36:16.104 24885 24885 W teco.fmhandroi: Accessing hidden method Lsun/misc/Unsafe;->allocateInstance(Ljava/lang/Class;)Ljava/lang/Object; (greylist, reflection, allowed)
12-07 07:36:16.134 24885 24986 I okhttp.OkHttpClient: --> GET http://www.981757-ca08998.tmweb.ru:8080/fmh/authentication/userInfo
12-07 07:36:16.134 24885 24986 I okhttp.OkHttpClient: --> END GET
12-07 07:36:16.151  1744 24987 E ResolverController: No valid NAT64 prefix (101, <unspecified>/0)
12-07 07:36:16.654  2018  2058 E memtrack: Couldn't load memtrack module
12-07 07:36:16.654  2018  2058 W android.os.Debug: failed to get memory consumption info: -1
12-07 07:36:16.884  2873 24990 E memtrack: Couldn't load memtrack module
12-07 07:36:16.884  2873 24990 W android.os.Debug: failed to get memory consumption info: -1
12-07 07:36:17.147  2656 24818 I LogUtils: [Places]: ?: Couldn't find platform key file. [CONTEXT service_id=253 ]
12-07 07:36:17.152  2656 24697 I LogUtils: [Places]: ?: Couldn't find platform key file. [CONTEXT service_id=253 ]
12-07 07:36:17.170  2656 24820 I LogUtils: [Places]: ?: PlacesBleScanner stop() [CONTEXT service_id=253 ]
12-07 07:36:17.170  2656  2656 I BeaconBle: Scan : No clients left, canceling alarm. [CONTEXT service_id=111 ]
12-07 07:36:17.171  2656  2656 I BeaconBle: Scan canceled successfully. [CONTEXT service_id=111 ]
12-07 07:36:17.179  2656 24820 I PlacesLogger: [PlaceInferenceEngine]: [anon] Changed inference mode: 0 [CONTEXT service_id=253 ]
12-07 07:36:17.207  2656  3542 W GCoreFlp: No location to return for getLastLocation()
12-07 07:36:17.237  2656 24730 I LogUtils: [Places]: ?: Couldn't find platform key file. [CONTEXT service_id=253 ]
12-07 07:36:17.239  2656 24818 I LogUtils: [Places]: ?: Couldn't find platform key file. [CONTEXT service_id=253 ]
12-07 07:36:17.344 24885 24986 I okhttp.OkHttpClient: <-- 200 http://www.981757-ca08998.tmweb.ru:8080/fmh/authentication/userInfo (1209ms)
12-07 07:36:17.344 24885 24986 I okhttp.OkHttpClient: Vary: Origin
12-07 07:36:17.344 24885 24986 I okhttp.OkHttpClient: Vary: Access-Control-Request-Method
12-07 07:36:17.344 24885 24986 I okhttp.OkHttpClient: Vary: Access-Control-Request-Headers
12-07 07:36:17.344 24885 24986 I okhttp.OkHttpClient: X-Content-Type-Options: nosniff
12-07 07:36:17.349 24885 24986 I okhttp.OkHttpClient: X-XSS-Protection: 1; mode=block
12-07 07:36:17.349 24885 24986 I okhttp.OkHttpClient: Cache-Control: no-cache, no-store, max-age=0, must-revalidate
12-07 07:36:17.352 24885 24986 I okhttp.OkHttpClient: Pragma: no-cache
12-07 07:36:17.352 24885 24986 I okhttp.OkHttpClient: Expires: 0
12-07 07:36:17.352 24885 24986 I okhttp.OkHttpClient: X-Frame-Options: DENY
12-07 07:36:17.352 24885 24986 I okhttp.OkHttpClient: Content-Type: application/json
12-07 07:36:17.352 24885 24986 I okhttp.OkHttpClient: Transfer-Encoding: chunked
12-07 07:36:17.353 24885 24986 I okhttp.OkHttpClient: Date: Wed, 07 Dec 2022 12:36:18 GMT
12-07 07:36:17.353 24885 24986 I okhttp.OkHttpClient: Keep-Alive: timeout=60
12-07 07:36:17.353 24885 24986 I okhttp.OkHttpClient: Connection: keep-alive
12-07 07:36:17.364 24885 24986 I okhttp.OkHttpClient: {"id":2,"firstName":"Данил","lastName":"Иванов","middleName":"Данилович","admin":true}
12-07 07:36:17.364 24885 24986 I okhttp.OkHttpClient: <-- END HTTP (106-byte body)
12-07 07:36:17.375  2656  2656 I GeofencerStateMachine: removeGeofences: removeRequest=RemoveGeofencingRequest[REMOVE_BY_PENDING_INTENT pendingIntent=PendingIntent[creatorPackage=com.google.android.gms], packageName=com.google.android.gms]
12-07 07:36:17.434 24885 24992 I okhttp.OkHttpClient: --> GET http://www.981757-ca08998.tmweb.ru:8080/fmh/claims
12-07 07:36:17.435 24885 24992 I okhttp.OkHttpClient: --> END GET
12-07 07:36:19.902 24885 24992 I okhttp.OkHttpClient: <-- 200 http://www.981757-ca08998.tmweb.ru:8080/fmh/claims (2467ms)
12-07 07:36:19.903 24885 24992 I okhttp.OkHttpClient: Vary: Origin
12-07 07:36:19.903 24885 24992 I okhttp.OkHttpClient: Vary: Access-Control-Request-Method
12-07 07:36:19.903 24885 24992 I okhttp.OkHttpClient: Vary: Access-Control-Request-Headers
12-07 07:36:19.903 24885 24992 I okhttp.OkHttpClient: X-Content-Type-Options: nosniff
12-07 07:36:19.903 24885 24992 I okhttp.OkHttpClient: X-XSS-Protection: 1; mode=block
12-07 07:36:19.903 24885 24992 I okhttp.OkHttpClient: Cache-Control: no-cache, no-store, max-age=0, must-revalidate
12-07 07:36:19.904 24885 24992 I okhttp.OkHttpClient: Pragma: no-cache
12-07 07:36:19.904 24885 24992 I okhttp.OkHttpClient: Expires: 0
12-07 07:36:19.904 24885 24992 I okhttp.OkHttpClient: X-Frame-Options: DENY
12-07 07:36:19.904 24885 24992 I okhttp.OkHttpClient: Content-Type: application/json
12-07 07:36:19.904 24885 24992 I okhttp.OkHttpClient: Transfer-Encoding: chunked
12-07 07:36:19.905 24885 24992 I okhttp.OkHttpClient: Date: Wed, 07 Dec 2022 12:36:22 GMT
12-07 07:36:19.905 24885 24992 I okhttp.OkHttpClient: Keep-Alive: timeout=60
12-07 07:36:19.906 24885 24992 I okhttp.OkHttpClient: Connection: keep-alive
12-07 07:36:20.313 24885 24885 I Choreographer: Skipped 175 frames!  The application may be doing too much work on its main thread.
12-07 07:36:20.428 24885 24923 V FA      : Inactivity, disconnecting from the service
12-07 07:36:20.810 24885 24975 I OpenGLRenderer: Davey! duration=3414ms; Flags=1, IntendedVsync=36039783554391, Vsync=36042700220941, OldestInputEvent=9223372036854775807, NewestInputEvent=0, HandleInputStart=36042702458640, AnimationStart=36042702527940, PerformTraversalsStart=36042702932140, DrawStart=36042806931840, SyncQueued=36042812753140, SyncStart=36042813994840, IssueDrawCommandsStart=36042814424540, SwapBuffers=36043192852940, FrameCompleted=36043199415740, DequeueBufferDuration=575000, QueueBufferDuration=1059000, 
12-07 07:36:21.431 24885 24885 I Choreographer: Skipped 30 frames!  The application may be doing too much work on its main thread.
12-07 07:36:21.998  2962  3348 I WorkerManager: dispose()
12-07 07:36:21.999  2962  3348 W ThreadPoolDumper: Queue length for executor EventBus is now 11. Perhaps some tasks are too long, or the pool is too small.
12-07 07:36:22.184  2656  2656 I BeaconBle: Scan : No clients left, canceling alarm. [CONTEXT service_id=111 ]
12-07 07:36:23.770 24885 24885 D takeScreenshot: Found 1 global views to redraw
12-07 07:36:23.819  1776  1825 D gralloc_ranchu: gralloc_alloc: Creating ashmem region of size 10108928
12-07 07:36:23.836  1648  1648 I hwservicemanager: getTransport: Cannot find entry android.hardware.graphics.mapper@3.0::IMapper/default in either framework or device manifest.
12-07 07:36:23.836 24870 24884 W Gralloc3: mapper 3.x is not supported
12-07 07:36:23.890 24870 24884 D HostConnection: createUnique: call
12-07 07:36:23.891 24870 24884 D HostConnection: HostConnection::get() New Host Connection established 0xe84564e0, tid 24884
12-07 07:36:23.920 24870 24884 D HostConnection: HostComposition ext ANDROID_EMU_CHECKSUM_HELPER_v1 ANDROID_EMU_dma_v1 ANDROID_EMU_direct_mem ANDROID_EMU_host_composition_v1 ANDROID_EMU_host_composition_v2 ANDROID_EMU_vulkan ANDROID_EMU_deferred_vulkan_commands ANDROID_EMU_vulkan_null_optional_strings ANDROID_EMU_vulkan_create_resources_with_requirements ANDROID_EMU_YUV_Cache ANDROID_EMU_vulkan_ignored_handles ANDROID_EMU_vulkan_free_memory_sync ANDROID_EMU_vulkan_shader_float16_int8 ANDROID_EMU_vulkan_async_queue_submit ANDROID_EMU_sync_buffer_data GL_OES_vertex_array_object GL_KHR_texture_compression_astc_ldr ANDROID_EMU_host_side_tracing ANDROID_EMU_gles_max_version_2 
12-07 07:36:23.921 24870 24884 D eglCodecCommon: allocate: Ask for block of size 0x1000
12-07 07:36:23.921 24870 24884 D eglCodecCommon: allocate: ioctl allocate returned offset 0x3ffff6000 size 0x2000
12-07 07:36:23.937  1793  2129 E SurfaceFlinger: ro.sf.lcd_density must be defined as a build property
12-07 07:36:23.940  1793  2129 E SurfaceFlinger: ro.sf.lcd_density must be defined as a build property
12-07 07:36:23.944 24870 25000 D libEGL  : Emulator has host GPU support, qemu.gles is set to 1.
12-07 07:36:23.958 24870 25000 W libc    : Unable to set property "qemu.gles" to "1": error code: 0x18
12-07 07:36:23.958 24870 25000 D libEGL  : loaded /vendor/lib/egl/libEGL_emulation.so
12-07 07:36:23.959 24870 25000 D libEGL  : loaded /vendor/lib/egl/libGLESv1_CM_emulation.so
12-07 07:36:23.960 24870 25000 D libEGL  : loaded /vendor/lib/egl/libGLESv2_emulation.so
12-07 07:36:23.977 24870 25000 D HostConnection: HostConnection::get() New Host Connection established 0xe84563f0, tid 25000
12-07 07:36:23.978 24870 25000 D HostConnection: HostComposition ext ANDROID_EMU_CHECKSUM_HELPER_v1 ANDROID_EMU_dma_v1 ANDROID_EMU_direct_mem ANDROID_EMU_host_composition_v1 ANDROID_EMU_host_composition_v2 ANDROID_EMU_vulkan ANDROID_EMU_deferred_vulkan_commands ANDROID_EMU_vulkan_null_optional_strings ANDROID_EMU_vulkan_create_resources_with_requirements ANDROID_EMU_YUV_Cache ANDROID_EMU_vulkan_ignored_handles ANDROID_EMU_vulkan_free_memory_sync ANDROID_EMU_vulkan_shader_float16_int8 ANDROID_EMU_vulkan_async_queue_submit ANDROID_EMU_sync_buffer_data GL_OES_vertex_array_object GL_KHR_texture_compression_astc_ldr ANDROID_EMU_host_side_tracing ANDROID_EMU_gles_max_version_2 
12-07 07:36:23.983 24870 25000 W OpenGLRenderer: Failed to choose config with EGL_SWAP_BEHAVIOR_PRESERVED, retrying without...
12-07 07:36:24.032 24870 25000 D EGL_emulation: eglCreateContext: 0xd3028360: maj 2 min 0 rcv 2
12-07 07:36:24.035 24870 25000 D EGL_emulation: eglMakeCurrent: 0xd3028360: ver 2 0 (tinfo 0xd300f370)
12-07 07:36:24.154 24885 24929 W DefaultFailureHandler: Failed to take screenshot
12-07 07:36:24.154 24885 24929 W DefaultFailureHandler: java.io.FileNotFoundException: view-op-error-1.png: open failed: EROFS (Read-only file system)
12-07 07:36:24.154 24885 24929 W DefaultFailureHandler: 	at libcore.io.IoBridge.open(IoBridge.java:496)
12-07 07:36:24.154 24885 24929 W DefaultFailureHandler: 	at java.io.FileOutputStream.<init>(FileOutputStream.java:235)
12-07 07:36:24.154 24885 24929 W DefaultFailureHandler: 	at java.io.FileOutputStream.<init>(FileOutputStream.java:125)
12-07 07:36:24.154 24885 24929 W DefaultFailureHandler: 	at androidx.test.platform.io.FileTestStorage.openOutputFile(FileTestStorage.java:60)
12-07 07:36:24.154 24885 24929 W DefaultFailureHandler: 	at androidx.test.core.graphics.BitmapStorage.writeToTestStorage(BitmapStorageExt.kt:49)
12-07 07:36:24.154 24885 24929 W DefaultFailureHandler: 	at androidx.test.espresso.base.DefaultFailureHandler.takeScreenshot(DefaultFailureHandler.java:4)
12-07 07:36:24.154 24885 24929 W DefaultFailureHandler: 	at androidx.test.espresso.base.DefaultFailureHandler.handle(DefaultFailureHandler.java:3)
12-07 07:36:24.154 24885 24929 W DefaultFailureHandler: 	at androidx.test.espresso.ViewInteraction.waitForAndHandleInteractionResults(ViewInteraction.java:8)
12-07 07:36:24.154 24885 24929 W DefaultFailureHandler: 	at androidx.test.espresso.ViewInteraction.desugaredPerform(ViewInteraction.java:11)
12-07 07:36:24.154 24885 24929 W DefaultFailureHandler: 	at androidx.test.espresso.ViewInteraction.perform(ViewInteraction.java:8)
12-07 07:36:24.154 24885 24929 W DefaultFailureHandler: 	at ru.iteco.fmhandroid.ui.data.TestUtils.waitView(TestUtils.java:61)
12-07 07:36:24.154 24885 24929 W DefaultFailureHandler: 	at ru.iteco.fmhandroid.ui.steps.AuthSteps.isAuthScreen(AuthSteps.java:56)
12-07 07:36:24.154 24885 24929 W DefaultFailureHandler: 	at ru.iteco.fmhandroid.ui.NewsCreationFormTest.logoutCheck(NewsCreationFormTest.java:54)
12-07 07:36:24.154 24885 24929 W DefaultFailureHandler: 	at java.lang.reflect.Method.invoke(Native Method)
12-07 07:36:24.154 24885 24929 W DefaultFailureHandler: 	at org.junit.runners.model.FrameworkMethod$1.runReflectiveCall(FrameworkMethod.java:59)
12-07 07:36:24.154 24885 24929 W DefaultFailureHandler: 	at org.junit.internal.runners.model.ReflectiveCallable.run(ReflectiveCallable.java:12)
12-07 07:36:24.154 24885 24929 W DefaultFailureHandler: 	at org.junit.runners.model.FrameworkMethod.invokeExplosively(FrameworkMethod.java:56)
12-07 07:36:24.154 24885 24929 W DefaultFailureHandler: 	at androidx.test.internal.runner.junit4.statement.RunBefores.evaluate(RunBefores.java:76)
12-07 07:36:24.154 24885 24929 W DefaultFailureHandler: 	at androidx.test.internal.runner.junit4.statement.RunAfters.evaluate(RunAfters.java:61)
12-07 07:36:24.154 24885 24929 W DefaultFailureHandler: 	at io.qameta.allure.android.rules.ScreenshotRule$apply$1.evaluate(ScreenshotRule.kt:22)
12-07 07:36:24.154 24885 24929 W DefaultFailureHandler: 	at org.junit.rules.ExternalResource$1.evaluate(ExternalResource.java:54)
12-07 07:36:24.154 24885 24929 W DefaultFailureHandler: 	at io.qameta.allure.android.rules.LogcatRule$apply$1.evaluate(LogcatRule.kt:23)
12-07 07:36:24.154 24885 24929 W DefaultFailureHandler: 	at org.junit.rules.RunRules.evaluate(RunRules.java:20)
12-07 07:36:24.154 24885 24929 W DefaultFailureHandler: 	at org.junit.runners.ParentRunner$3.evaluate(ParentRunner.java:306)
12-07 07:36:24.154 24885 24929 W DefaultFailureHandler: 	at org.junit.runners.BlockJUnit4ClassRunner$1.evaluate(BlockJUnit4ClassRunner.java:100)
12-07 07:36:24.154 24885 24929 W DefaultFailureHandler: 	at org.junit.runners.ParentRunner.runLeaf(ParentRunner.java:366)
12-07 07:36:24.154 24885 24929 W DefaultFailureHandler: 	at org.junit.runners.BlockJUnit4ClassRunner.runChild(BlockJUnit4ClassRunner.java:103)
12-07 07:36:24.154 24885 24929 W DefaultFailureHandler: 	at org.junit.runners.BlockJUnit4ClassRunner.runChild(BlockJUnit4ClassRunner.java:63)
12-07 07:36:24.154 24885 24929 W DefaultFailureHandler: 	at org.junit.runners.ParentRunner$4.run(ParentRunner.java:331)
12-07 07:36:24.154 24885 24929 W DefaultFailureHandler: 	at org.junit.runners.ParentRunner$1.schedule(ParentRunner.java:79)
12-07 07:36:24.154 24885 24929 W DefaultFailureHandler: 	at org.junit.runners.ParentRunner.runChildren(ParentRunner.java:329)
12-07 07:36:24.154 24885 24929 W DefaultFailureHandler: 	at org.junit.runners.ParentRunner.access$100(ParentRunner.java:66)
12-07 07:36:24.154 24885 24929 W DefaultFailureHandler: 	at org.junit.runners.ParentRunner$2.evaluate(ParentRunner.java:293)
12-07 07:36:24.154 24885 24929 W DefaultFailureHandler: 	at org.junit.runners.ParentRunner$3.evaluate(ParentRunner.java:306)
12-07 07:36:24.154 24885 24929 W DefaultFailureHandler: 	at org.junit.runners.ParentRunner.run(ParentRunner.java:413)
12-07 07:36:24.154 24885 24929 W DefaultFailureHandler: 	at androidx.test.ext.junit.runners.AndroidJUnit4.run(AndroidJUnit4.java:162)
12-07 07:36:24.154 24885 24929 W DefaultFailureHandler: 	at io.qameta.allure.android.runners.AllureAndroidJUnit4.run(AllureAndroidJUnitRunners.kt:29)
12-07 07:36:24.154 24885 24929 W DefaultFailureHandler: 	at org.junit.runners.Suite.runChild(Suite.java:128)
12-07 07:36:24.154 24885 24929 W DefaultFailureHandler: 	at org.junit.runners.Suite.runChild(Suite.java:27)
12-07 07:36:24.154 24885 24929 W DefaultFailureHandler: 	at org.junit.runners.ParentRunner$4.run(ParentRunner.java:331)
12-07 07:36:24.154 24885 24929 W DefaultFailureHandler: 	at org.junit.runners.ParentRunner$1.schedule(ParentRunner.java:79)
12-07 07:36:24.154 24885 24929 W DefaultFailureHandler: 	at org.junit.runners.ParentRunner.runChildren(ParentRunner.java:329)
12-07 07:36:24.154 24885 24929 W DefaultFailureHandler: 	at org.junit.runners.ParentRunner.access$100(ParentRunner.java:66)
12-07 07:36:24.154 24885 24929 W DefaultFailureHandler: 	at org.junit.runners.ParentRunner$2.evaluate(ParentRunner.java:293)
12-07 07:36:24.154 24885 24929 W DefaultFailureHandler: 	at org.junit.runners.ParentRunner$3.evaluate(ParentRunner.java:306)
12-07 07:36:24.154 24885 24929 W DefaultFailureHandler: 	at org.junit.runners.ParentRunner.run(ParentRunner.java:413)
12-07 07:36:24.154 24885 24929 W DefaultFailureHandler: 	at org.junit.runner.JUnitCore.run(JUnitCore.java:137)
12-07 07:36:24.154 24885 24929 W DefaultFailureHandler: 	at org.junit.runner.JUnitCore.run(JUnitCore.java:115)
12-07 07:36:24.154 24885 24929 W DefaultFailureHandler: 	at androidx.test.internal.runner.TestExecutor.execute(TestExecutor.java:67)
12-07 07:36:24.154 24885 24929 W DefaultFailureHandler: 	at androidx.test.internal.runner.TestExecutor.execute(TestExecutor.java:58)
12-07 07:36:24.154 24885 24929 W DefaultFailureHandler: 	at androidx.test.runner.AndroidJUnitRunner.onStart(AndroidJUnitRunner.java:438)
12-07 07:36:24.154 24885 24929 W DefaultFailureHandler: 	at android.app.Instrumentation$InstrumentationThread.run(Instrumentation.java:2189)
12-07 07:36:24.154 24885 24929 W DefaultFailureHandler: Caused by: android.system.ErrnoException: open failed: EROFS (Read-only file system)
12-07 07:36:24.154 24885 24929 W DefaultFailureHandler: 	at libcore.io.Linux.open(Native Method)
12-07 07:36:24.154 24885 24929 W DefaultFailureHandler: 	at libcore.io.ForwardingOs.open(ForwardingOs.java:167)
12-07 07:36:24.154 24885 24929 W DefaultFailureHandler: 	at libcore.io.BlockGuardOs.open(BlockGuardOs.java:252)
12-07 07:36:24.154 24885 24929 W DefaultFailureHandler: 	at libcore.io.ForwardingOs.open(ForwardingOs.java:167)
12-07 07:36:24.154 24885 24929 W DefaultFailureHandler: 	at android.app.ActivityThread$AndroidOs.open(ActivityThread.java:7255)
12-07 07:36:24.154 24885 24929 W DefaultFailureHandler: 	at libcore.io.IoBridge.open(IoBridge.java:482)
12-07 07:36:24.154 24885 24929 W DefaultFailureHandler: 	... 51 more
12-07 07:36:24.159 24885 24929 W teco.fmhandroi: Accessing hidden method Lsun/misc/Unsafe;->compareAndSwapObject(Ljava/lang/Object;JLjava/lang/Object;Ljava/lang/Object;)Z (greylist, linking, allowed)
12-07 07:36:24.163 24885 24885 I ViewInteraction: Performing 'wait for a specific view with <view.getId() is <2131230870>> during 10000 millis.' action on view view.getRootView() to equal view
12-07 07:36:24.170 24885 24929 W teco.fmhandroi: Accessing hidden method Lsun/misc/Unsafe;->compareAndSwapObject(Ljava/lang/Object;JLjava/lang/Object;Ljava/lang/Object;)Z (greylist, linking, allowed)
12-07 07:36:24.175 24885 24885 I ViewInteraction: Checking 'MatchesViewAssertion{viewMatcher=(view has effective visibility <VISIBLE> and view.getGlobalVisibleRect() to return non-empty rectangle)}' assertion on view view.getId() is <2131230870/ru.iteco.fmhandroid:id/authorization_image_button>
12-07 07:36:24.176 24885 25001 W teco.fmhandroi: Accessing hidden method Lsun/misc/Unsafe;->compareAndSwapObject(Ljava/lang/Object;JLjava/lang/Object;Ljava/lang/Object;)Z (greylist, linking, allowed)
12-07 07:36:24.176 24885 25001 W teco.fmhandroi: Accessing hidden method Lsun/misc/Unsafe;->getObject(Ljava/lang/Object;J)Ljava/lang/Object; (greylist, linking, allowed)
12-07 07:36:24.182 24885 24929 W teco.fmhandroi: Accessing hidden method Landroid/view/ViewConfiguration;->getDoubleTapMinTime()I (greylist, reflection, allowed)
12-07 07:36:24.192 24885 25001 W teco.fmhandroi: Accessing hidden method Lsun/misc/Unsafe;->compareAndSwapObject(Ljava/lang/Object;JLjava/lang/Object;Ljava/lang/Object;)Z (greylist, linking, allowed)
12-07 07:36:24.196 24885 24885 I ViewInteraction: Performing 'single click' action on view view.getId() is <2131230870/ru.iteco.fmhandroid:id/authorization_image_button>
12-07 07:36:24.268  1764  6994 W audio_hw_generic: Not supplying enough data to HAL, expected position 76284073 , only wrote 76284027
12-07 07:36:24.359  1776  1825 D gralloc_ranchu: gralloc_alloc: Creating ashmem region of size 884736
12-07 07:36:24.366  1776  1825 I chatty  : uid=1000(system) HwBinder:1776_1 identical 1 line
12-07 07:36:24.370  1776  1825 D gralloc_ranchu: gralloc_alloc: Creating ashmem region of size 884736
12-07 07:36:24.400 24885 24975 D EGL_emulation: eglMakeCurrent: 0xdd81b560: ver 2 0 (tinfo 0xc30dc7e0)
12-07 07:36:24.474 24885 24975 I chatty  : uid=10146(ru.iteco.fmhandroid) RenderThread identical 3 lines
12-07 07:36:24.493 24885 24975 D EGL_emulation: eglMakeCurrent: 0xdd81b560: ver 2 0 (tinfo 0xc30dc7e0)
12-07 07:36:24.717 24885 24929 W teco.fmhandroi: Accessing hidden method Lsun/misc/Unsafe;->compareAndSwapObject(Ljava/lang/Object;JLjava/lang/Object;Ljava/lang/Object;)Z (greylist, linking, allowed)
12-07 07:36:24.717 24885 25001 W teco.fmhandroi: Accessing hidden method Lsun/misc/Unsafe;->compareAndSwapObject(Ljava/lang/Object;JLjava/lang/Object;Ljava/lang/Object;)Z (greylist, linking, allowed)
12-07 07:36:24.721 24885 24885 I ViewInteraction: Performing 'wait for a specific view with <an instance of android.widget.TextView and view.getText() with or without transformation to match: is "Log out"> during 10000 millis.' action on view view.getRootView() to equal view
12-07 07:36:24.733 24885 24885 I ViewInteraction: Checking 'MatchesViewAssertion{viewMatcher=(view has effective visibility <VISIBLE> and view.getGlobalVisibleRect() to return non-empty rectangle)}' assertion on view an instance of android.widget.TextView and view.getText() with or without transformation to match: is "Log out"
12-07 07:36:24.738 24885 24885 I ViewInteraction: Performing 'single click' action on view an instance of android.widget.TextView and view.getText() with or without transformation to match: is "Log out"
12-07 07:36:25.190 24885 24975 D EGL_emulation: eglMakeCurrent: 0xdd81b560: ver 2 0 (tinfo 0xc30dc7e0)
12-07 07:36:25.276 24885 24975 D EGL_emulation: eglMakeCurrent: 0xdd81b560: ver 2 0 (tinfo 0xc30dc7e0)
12-07 07:36:25.368 24885 25001 W teco.fmhandroi: Accessing hidden method Lsun/misc/Unsafe;->compareAndSwapObject(Ljava/lang/Object;JLjava/lang/Object;Ljava/lang/Object;)Z (greylist, linking, allowed)
12-07 07:36:25.372 24885 24885 I ViewInteraction: Performing 'wait for a specific view with <(an instance of android.widget.TextView and view.getText() with or without transformation to match: is "Authorization" and view.getParent() view.getParent() view.getId() is <2131231186>)> during 10000 millis.' action on view view.getRootView() to equal view
12-07 07:36:25.375 24885 24929 W teco.fmhandroi: Accessing hidden method Lsun/misc/Unsafe;->compareAndSwapObject(Ljava/lang/Object;JLjava/lang/Object;Ljava/lang/Object;)Z (greylist, linking, allowed)
12-07 07:36:25.375 24885 25001 W teco.fmhandroi: Accessing hidden method Lsun/misc/Unsafe;->compareAndSwapObject(Ljava/lang/Object;JLjava/lang/Object;Ljava/lang/Object;)Z (greylist, linking, allowed)
12-07 07:36:25.379 24885 24885 I ViewInteraction: Checking 'MatchesViewAssertion{viewMatcher=(view has effective visibility <VISIBLE> and view.getGlobalVisibleRect() to return non-empty rectangle)}' assertion on view (an instance of android.widget.TextView and view.getText() with or without transformation to match: is "Authorization" and view.getParent() view.getParent() view.getId() is <2131231186/ru.iteco.fmhandroid:id/nav_host_fragment>)
12-07 07:36:25.381 24885 24929 W teco.fmhandroi: Accessing hidden method Lsun/misc/Unsafe;->compareAndSwapObject(Ljava/lang/Object;JLjava/lang/Object;Ljava/lang/Object;)Z (greylist, linking, allowed)
12-07 07:36:25.388 24885 24885 I ViewInteraction: Performing 'wait for a specific view with <(an instance of android.widget.TextView and view.getHint() matching: is "Login" and view.getParent() view.getParent() view.getId() is <2131231121>)> during 10000 millis.' action on view view.getRootView() to equal view
12-07 07:36:25.393 24885 24929 W teco.fmhandroi: Accessing hidden method Lsun/misc/Unsafe;->compareAndSwapObject(Ljava/lang/Object;JLjava/lang/Object;Ljava/lang/Object;)Z (greylist, linking, allowed)
