--------- beginning of main
12-06 15:58:38.448 15988 15988 D ICU     : Time zone APEX file found: /apex/com.android.tzdata/etc/icu/icu_tzdata.dat
12-06 15:58:38.481 15988 15988 W app_process: Unexpected CPU variant for X86 using defaults: x86
12-06 15:58:38.487 15988 15988 I app_process: The ClassLoaderContext is a special shared library.
12-06 15:58:38.522 15988 15988 W app_process: JNI RegisterNativeMethods: attempt to register 0 native methods for android.media.AudioAttributes
12-06 15:58:38.535 15988 15988 D AndroidRuntime: Calling main entry com.android.commands.am.Am
--------- beginning of system
12-06 15:58:38.546  2018  3031 I ActivityManager: Force stopping ru.iteco.fmhandroid appid=10146 user=0: start instr
12-06 15:58:38.623  1745  1745 D Zygote  : Forked child process 16003
12-06 15:58:38.634  2018  2060 W ActivityManager: Slow operation: 86ms so far, now at startProcess: returned from zygote!
12-06 15:58:38.635  2018  2060 W ActivityManager: Slow operation: 86ms so far, now at startProcess: done updating battery stats
12-06 15:58:38.635  2018  2060 W ActivityManager: Slow operation: 87ms so far, now at startProcess: building log message
12-06 15:58:38.636  2018  2060 I ActivityManager: Start proc 16003:ru.iteco.fmhandroid/u0a146 for added application ru.iteco.fmhandroid
12-06 15:58:38.636  2018  2060 W ActivityManager: Slow operation: 87ms so far, now at startProcess: starting to update pids map
12-06 15:58:38.636  2018  2060 W ActivityManager: Slow operation: 88ms so far, now at startProcess: done updating pids map
12-06 15:58:38.639 16003 16003 I teco.fmhandroi: Late-enabling -Xcheck:jni
12-06 15:58:38.687 16003 16003 E teco.fmhandroi: Unknown bits set in runtime_flags: 0x8000
12-06 15:58:38.689 16003 16003 W teco.fmhandroi: Unexpected CPU variant for X86 using defaults: x86
12-06 15:58:38.830 16003 16003 I teco.fmhandroi: The ClassLoaderContext is a special shared library.
12-06 15:58:38.835 16003 16003 I teco.fmhandroi: The ClassLoaderContext is a special shared library.
12-06 15:58:39.150  2962  3348 I MicroDetectionWorker: #startMicroDetector [speakerMode: 0]
12-06 15:58:39.152  2962  3348 W ErrorReporter: reportError [type: 211, code: 393244, bug: 0]: errorCode: 393244, engine: 0
12-06 15:58:39.153  2962  3348 I MicroDetector: Keeping mic open: false
12-06 15:58:39.153  2962  3348 I MicroDetectionWorker: #onError(false)
12-06 15:58:39.269 16003 16003 W teco.fmhandroi: ClassLoaderContext classpath size mismatch. expected=0, found=7 (PCL[] | PCL[/system/framework/android.test.runner.jar*3312018701:/system/framework/android.test.mock.jar*3601177991:/data/app/ru.iteco.fmhandroid.test-vlkMa5C7UBAvqqKglAfu9w==/base.apk*125722370:/data/app/ru.iteco.fmhandroid.test-vlkMa5C7UBAvqqKglAfu9w==/base.apk!classes2.dex*2301094307:/data/app/ru.iteco.fmhandroid.test-vlkMa5C7UBAvqqKglAfu9w==/base.apk!classes3.dex*37651620:/data/app/ru.iteco.fmhandroid.test-vlkMa5C7UBAvqqKglAfu9w==/base.apk!classes4.dex*2778869103:/data/app/ru.iteco.fmhandroid.test-vlkMa5C7UBAvqqKglAfu9w==/base.apk!classes5.dex*3462570230])
12-06 15:58:39.310 16003 16003 W teco.fmhandroi: Found duplicate classes, falling back to extracting from APK : /data/app/ru.iteco.fmhandroid-R0QVQlEGwG1IVzN-H3bqog==/base.apk
12-06 15:58:39.310 16003 16003 W teco.fmhandroi: NOTE: This wastes RAM and hurts startup performance.
12-06 15:58:39.310 16003 16003 W teco.fmhandroi: Found duplicated class when checking oat files: 'Lcom/google/common/util/concurrent/ListenableFuture;' in /data/app/ru.iteco.fmhandroid.test-vlkMa5C7UBAvqqKglAfu9w==/base.apk and /data/app/ru.iteco.fmhandroid-R0QVQlEGwG1IVzN-H3bqog==/base.apk
12-06 15:58:39.311 16003 16003 W teco.fmhandroi: 
12-06 15:58:39.891 16003 16003 I teco.fmhandroi: The ClassLoaderContext is a special shared library.
12-06 15:58:39.892 16003 16003 I teco.fmhandroi: The ClassLoaderContext is a special shared library.
12-06 15:58:40.073 16003 16003 W teco.fmhandroi: ClassLoaderContext classpath size mismatch. expected=0, found=7 (PCL[] | PCL[/system/framework/android.test.runner.jar*3312018701:/system/framework/android.test.mock.jar*3601177991:/data/app/ru.iteco.fmhandroid.test-vlkMa5C7UBAvqqKglAfu9w==/base.apk*125722370:/data/app/ru.iteco.fmhandroid.test-vlkMa5C7UBAvqqKglAfu9w==/base.apk!classes2.dex*2301094307:/data/app/ru.iteco.fmhandroid.test-vlkMa5C7UBAvqqKglAfu9w==/base.apk!classes3.dex*37651620:/data/app/ru.iteco.fmhandroid.test-vlkMa5C7UBAvqqKglAfu9w==/base.apk!classes4.dex*2778869103:/data/app/ru.iteco.fmhandroid.test-vlkMa5C7UBAvqqKglAfu9w==/base.apk!classes5.dex*3462570230];PCL[/system/framework/android.test.runner.jar*3312018701:/system/framework/android.test.mock.jar*3601177991:/data/app/ru.iteco.fmhandroid.test-vlkMa5C7UBAvqqKglAfu9w==/base.apk*125722370:/data/app/ru.iteco.fmhandroid.test-vlkMa5C7UBAvqqKglAfu9w==/base.apk!classes2.dex*2301094307:/data/app/ru.iteco.fmhandroid.test-vlkMa5C7UBAvqqKglAfu9w==/base.apk!classes3.dex*37651620:/data/app/ru.iteco.fm
12-06 15:58:40.079 16003 16003 W teco.fmhandroi: Found duplicate classes, falling back to extracting from APK : /data/app/ru.iteco.fmhandroid-R0QVQlEGwG1IVzN-H3bqog==/base.apk
12-06 15:58:40.079 16003 16003 W teco.fmhandroi: NOTE: This wastes RAM and hurts startup performance.
12-06 15:58:40.079 16003 16003 W teco.fmhandroi: Found duplicated class when checking oat files: 'Landroid/support/v4/app/INotificationSideChannel$Default;' in /data/app/ru.iteco.fmhandroid-R0QVQlEGwG1IVzN-H3bqog==/base.apk and /data/app/ru.iteco.fmhandroid-R0QVQlEGwG1IVzN-H3bqog==/base.apk
12-06 15:58:40.079 16003 16003 W teco.fmhandroi: 
12-06 15:58:40.279 16003 16003 W teco.fmhandroi: Accessing hidden method Landroid/app/Instrumentation;->execStartActivity(Landroid/content/Context;Landroid/os/IBinder;Landroid/os/IBinder;Landroid/app/Activity;Landroid/content/Intent;ILandroid/os/Bundle;)Landroid/app/Instrumentation$ActivityResult; (greylist, linking, allowed)
12-06 15:58:40.280 16003 16003 W teco.fmhandroi: Accessing hidden method Landroid/app/Instrumentation;->execStartActivity(Landroid/content/Context;Landroid/os/IBinder;Landroid/os/IBinder;Ljava/lang/String;Landroid/content/Intent;ILandroid/os/Bundle;)Landroid/app/Instrumentation$ActivityResult; (greylist, linking, allowed)
12-06 15:58:40.290 16003 16003 I MonitoringInstr: newApplication called!
12-06 15:58:40.337 16003 16003 I FirebaseApp: Device unlocked: initializing all Firebase APIs for app [DEFAULT]
12-06 15:58:40.376 16003 16003 I FirebaseCrashlytics: Initializing Firebase Crashlytics 18.2.6 for ru.iteco.fmhandroid
12-06 15:58:40.383 16003 16035 I DynamiteModule: Considering local module com.google.android.gms.measurement.dynamite:55 and remote module com.google.android.gms.measurement.dynamite:15
12-06 15:58:40.383 16003 16035 I DynamiteModule: Selected local version of com.google.android.gms.measurement.dynamite
12-06 15:58:40.402 16003 16003 W FA      : Failed to register event listener on calling thread. Trying again on the dynamite thread.
12-06 15:58:40.497 16003 16003 I FirebaseInitProvider: FirebaseApp initialization successful
12-06 15:58:40.518 16003 16003 I MonitoringInstr: Instrumentation started!
12-06 15:58:40.523 16003 16003 D ClassesArgTokenizer: input: ru.iteco.fmhandroid.ui.ClaimEditTest#shouldChangeTheStatusOfTheClaimToInToExecute
12-06 15:58:40.524 16003 16003 D ClassesArgTokenizer: result: [ru.iteco.fmhandroid.ui.ClaimEditTest#shouldChangeTheStatusOfTheClaimToInToExecute]
12-06 15:58:40.524 16003 16003 D ClassesArgTokenizer: input: null
12-06 15:58:40.524 16003 16003 D ClassesArgTokenizer: result: []
12-06 15:58:40.527 16003 16003 V TestEventClient: No service name argument was given (testDiscoveryService, testRunEventService or orchestratorService)
12-06 15:58:40.541 16003 16047 D AndroidJUnitRunner: onStart is called.
12-06 15:58:40.555 16003 16003 I MonitoringInstr: No JSBridge.
12-06 15:58:40.571 16003 16040 V FA      : App measurement collection enabled
12-06 15:58:40.572 16003 16040 V FA      : App measurement enabled for app package, google app id: ru.iteco.fmhandroid, 1:729587742060:android:e7d6f87c783f52b9a42f49
12-06 15:58:40.574 16003 16040 I FA      : App measurement initialized, version: 46000
12-06 15:58:40.574 16003 16040 I FA      : To enable debug logging run: adb shell setprop log.tag.FA VERBOSE
12-06 15:58:40.574 16003 16040 I FA      : To enable faster debug mode event logging run:
12-06 15:58:40.574 16003 16040 I FA      :   adb shell setprop debug.firebase.analytics.app ru.iteco.fmhandroid
12-06 15:58:40.574 16003 16040 D FA      : Debug-level message logging enabled
12-06 15:58:40.577 16003 16047 D TestRequestBuilder: Skipping class path scanning and directly running [ru.iteco.fmhandroid.ui.ClaimEditTest]
12-06 15:58:40.588 16003 16047 D ClassesArgTokenizer: input: ru.iteco.fmhandroid.ui.ClaimEditTest#shouldChangeTheStatusOfTheClaimToInToExecute
12-06 15:58:40.588 16003 16047 D ClassesArgTokenizer: result: [ru.iteco.fmhandroid.ui.ClaimEditTest#shouldChangeTheStatusOfTheClaimToInToExecute]
12-06 15:58:40.588 16003 16047 D ClassesArgTokenizer: input: null
12-06 15:58:40.588 16003 16047 D ClassesArgTokenizer: result: []
12-06 15:58:40.609 16003 16047 D AndroidJUnitRunner: Use the raw file system for managing file I/O.
12-06 15:58:40.616 16003 16047 D TestExecutor: Adding listener androidx.test.internal.runner.listener.LogRunListener
12-06 15:58:40.617 16003 16047 D TestExecutor: Adding listener androidx.test.internal.runner.listener.InstrumentationResultPrinter
12-06 15:58:40.617 16003 16047 D TestExecutor: Adding listener androidx.test.internal.runner.listener.ActivityFinisherRunListener
12-06 15:58:40.617 16003 16047 D TestExecutor: Adding listener androidx.test.internal.runner.listener.TraceRunListener
12-06 15:58:40.625 16003 16047 I TestRunner: run started: 1 tests
12-06 15:58:40.650 16003 16040 V FA      : Connecting to remote service
12-06 15:58:40.676 16003 16040 V FA      : Connection attempt already in progress
12-06 15:58:40.690 16003 16040 V FA      : Connection attempt already in progress
12-06 15:58:40.690 16003 16040 D FA      : Connected to remote service
12-06 15:58:40.691 16003 16040 V FA      : Processing queued up service tasks: 3
12-06 15:58:40.706 16003 16047 I TestRunner: started: shouldChangeTheStatusOfTheClaimToInToExecute(ru.iteco.fmhandroid.ui.ClaimEditTest)
12-06 15:58:40.754  2873 16050 V FA-SVC  : Saving default event parameters, appId, data size: ru.iteco.fmhandroid, 2
12-06 15:58:40.858  1744 16051 E ResolverController: No valid NAT64 prefix (100, <unspecified>/0)
12-06 15:58:40.907 16003 16047 W FileTestStorage: Output properties is not supported.
12-06 15:58:40.909 16003 16047 I Tracing : Tracer added: class androidx.test.platform.tracing.AndroidXTracer
12-06 15:58:40.922 16003 16047 D EventInjectionStrategy: Creating injection strategy with input manager.
12-06 15:58:40.923 16003 16047 W teco.fmhandroi: Accessing hidden method Landroid/hardware/input/InputManager;->getInstance()Landroid/hardware/input/InputManager; (greylist, reflection, allowed)
12-06 15:58:40.923 16003 16047 W teco.fmhandroi: Accessing hidden method Landroid/hardware/input/InputManager;->injectInputEvent(Landroid/view/InputEvent;I)Z (greylist, reflection, allowed)
12-06 15:58:40.923 16003 16047 W teco.fmhandroi: Accessing hidden field Landroid/hardware/input/InputManager;->INJECT_INPUT_EVENT_MODE_WAIT_FOR_FINISH:I (greylist, reflection, allowed)
12-06 15:58:40.992  2018  2018 V SettingsProvider: Notifying for 0: content://settings/secure/accessibility_enabled
12-06 15:58:41.032 16003 16047 W Settings: Setting always_finish_activities has moved from android.provider.Settings.System to android.provider.Settings.Global, returning read-only value.
12-06 15:58:41.038  2018 11055 I ActivityTaskManager: START u0 {act=android.intent.action.MAIN cat=[android.intent.category.LAUNCHER] flg=0x10008000 cmp=ru.iteco.fmhandroid.test/androidx.test.core.app.InstrumentationActivityInvoker$BootstrapActivity (has extras)} from uid 10146
12-06 15:58:41.058  2018  2130 W InputReader: Device has associated, but no associated display id.
12-06 15:58:41.058  2018  2130 I chatty  : uid=1000(system) Binder:2018_4 identical 8 lines
12-06 15:58:41.058  2018  2130 W InputReader: Device has associated, but no associated display id.
12-06 15:58:41.076  1745  1745 D Zygote  : Forked child process 16059
12-06 15:58:41.080  2018  2060 I ActivityManager: Start proc 16059:ru.iteco.fmhandroid.test/u0a147 for activity {ru.iteco.fmhandroid.test/androidx.test.core.app.InstrumentationActivityInvoker$BootstrapActivity}
12-06 15:58:41.088 16059 16059 I fmhandroid.tes: Late-enabling -Xcheck:jni
12-06 15:58:41.098  1776  1776 D gralloc_ranchu: gralloc_alloc: Creating ashmem region of size 10108928
12-06 15:58:41.135 16059 16059 E fmhandroid.tes: Unknown bits set in runtime_flags: 0x8000
12-06 15:58:41.136 16059 16059 W fmhandroid.tes: Unexpected CPU variant for X86 using defaults: x86
12-06 15:58:41.183  2018 11055 W InputReader: Device has associated, but no associated display id.
12-06 15:58:41.191  2018 11055 I chatty  : uid=1000(system) Binder:2018_1E identical 28 lines
12-06 15:58:41.191  2018 11055 W InputReader: Device has associated, but no associated display id.
12-06 15:58:41.206 16059 16059 I fmhandroid.tes: The ClassLoaderContext is a special shared library.
12-06 15:58:41.208 16059 16059 I fmhandroid.tes: The ClassLoaderContext is a special shared library.
12-06 15:58:41.323  2018  2054 W InputReader: Device has associated, but no associated display id.
12-06 15:58:41.323  2018  2054 I chatty  : uid=1000(system) android.anim identical 8 lines
12-06 15:58:41.323  2018  2054 W InputReader: Device has associated, but no associated display id.
12-06 15:58:41.332  1776  1776 D gralloc_ranchu: gralloc_alloc: Creating ashmem region of size 10108928
12-06 15:58:41.346  2962  3510 D EGL_emulation: eglMakeCurrent: 0xe597d120: ver 2 0 (tinfo 0xbffb2540)
12-06 15:58:41.350 12448 12488 D EGL_emulation: eglMakeCurrent: 0xe594d140: ver 2 0 (tinfo 0xc539bd10)
12-06 15:58:41.362  2170  2566 D EGL_emulation: eglMakeCurrent: 0xe594e040: ver 2 0 (tinfo 0xc52450c0)
12-06 15:58:41.464  1793  1896 E SurfaceFlinger: ro.sf.lcd_density must be defined as a build property
12-06 15:58:41.465  1793  1896 E SurfaceFlinger: ro.sf.lcd_density must be defined as a build property
12-06 15:58:41.471 16059 16092 D libEGL  : Emulator has host GPU support, qemu.gles is set to 1.
12-06 15:58:41.472 16059 16092 W libc    : Unable to set property "qemu.gles" to "1": connection failed; errno=13 (Permission denied)
12-06 15:58:41.458 16059 16059 W RenderThread: type=1400 audit(0.0:178): avc: denied { write } for name="property_service" dev="tmpfs" ino=7388 scontext=u:r:untrusted_app:s0:c147,c256,c512,c768 tcontext=u:object_r:property_socket:s0 tclass=sock_file permissive=0 app=ru.iteco.fmhandroid.test
12-06 15:58:41.528 16059 16092 D libEGL  : loaded /vendor/lib/egl/libEGL_emulation.so
12-06 15:58:41.536 16059 16092 D libEGL  : loaded /vendor/lib/egl/libGLESv1_CM_emulation.so
12-06 15:58:41.544 16059 16092 D libEGL  : loaded /vendor/lib/egl/libGLESv2_emulation.so
12-06 15:58:41.551  2018 11055 I ActivityTaskManager: START u0 {act=android.intent.action.MAIN cat=[android.intent.category.LAUNCHER] cmp=ru.iteco.fmhandroid/.ui.AppActivity} from uid 10146
12-06 15:58:41.571  2018 11055 W InputReader: Device has associated, but no associated display id.
12-06 15:58:41.574  2018 11055 I chatty  : uid=1000(system) Binder:2018_1E identical 48 lines
12-06 15:58:41.574  2018 11055 W InputReader: Device has associated, but no associated display id.
12-06 15:58:41.575 16003 16003 W ActivityThread: handleWindowVisibility: no activity for token android.os.BinderProxy@74190a2
12-06 15:58:41.576  2018 11055 W InputReader: Device has associated, but no associated display id.
12-06 15:58:41.577  2018 11055 I chatty  : uid=1000(system) Binder:2018_1E identical 8 lines
12-06 15:58:41.577  2018 11055 W InputReader: Device has associated, but no associated display id.
12-06 15:58:41.623  2962 15174 I PBSessionCacheImpl: Deleted sessionId[635178713162] from persistence.
12-06 15:58:41.631  1793  1999 E SurfaceFlinger: ro.sf.lcd_density must be defined as a build property
12-06 15:58:41.633  1793  1999 E SurfaceFlinger: ro.sf.lcd_density must be defined as a build property
12-06 15:58:41.636 16003 16096 D libEGL  : Emulator has host GPU support, qemu.gles is set to 1.
12-06 15:58:41.637 16003 16096 W libc    : Unable to set property "qemu.gles" to "1": connection failed; errno=13 (Permission denied)
12-06 15:58:41.628 16003 16003 W RenderThread: type=1400 audit(0.0:179): avc: denied { write } for name="property_service" dev="tmpfs" ino=7388 scontext=u:r:untrusted_app:s0:c146,c256,c512,c768 tcontext=u:object_r:property_socket:s0 tclass=sock_file permissive=0 app=ru.iteco.fmhandroid
12-06 15:58:41.658  2962  3348 W SearchServiceCore: Abort, client detached.
12-06 15:58:41.695 16003 16003 D LifecycleMonitor: Lifecycle status change: ru.iteco.fmhandroid.ui.AppActivity@4d99d8f in: PRE_ON_CREATE
12-06 15:58:41.695 16003 16003 V ActivityScenario: Activity lifecycle changed event received but ignored because the reported transition was not ON_CREATE while the last known transition was PRE_ON_CREATE
12-06 15:58:41.718 16003 16035 V FA      : onActivityCreated
12-06 15:58:41.723 16003 16003 E teco.fmhandroi: Invalid ID 0x00000000.
12-06 15:58:41.732 16003 16096 D libEGL  : loaded /vendor/lib/egl/libEGL_emulation.so
12-06 15:58:41.736 16003 16096 D libEGL  : loaded /vendor/lib/egl/libGLESv1_CM_emulation.so
12-06 15:58:41.742 16003 16096 D libEGL  : loaded /vendor/lib/egl/libGLESv2_emulation.so
12-06 15:58:41.766 16003 16003 W teco.fmhandroi: Accessing hidden method Landroid/view/View;->computeFitSystemWindows(Landroid/graphics/Rect;Landroid/graphics/Rect;)Z (greylist, reflection, allowed)
12-06 15:58:41.767 16003 16003 W teco.fmhandroi: Accessing hidden method Landroid/view/ViewGroup;->makeOptionalFitsSystemWindows()V (greylist, reflection, allowed)
12-06 15:58:41.912 16003 16003 D NetworkSecurityConfig: No Network Security Config specified, using platform default
12-06 15:58:41.928 16003 16003 W teco.fmhandroi: Accessing hidden method Ljava/lang/invoke/MethodHandles$Lookup;-><init>(Ljava/lang/Class;I)V (greylist, reflection, allowed)
12-06 15:58:42.028  1893  1893 E netmgr  : Failed to open QEMU pipe 'qemud:network': Invalid argument
12-06 15:58:42.074 16003 16003 D LifecycleMonitor: Lifecycle status change: ru.iteco.fmhandroid.ui.AppActivity@4d99d8f in: CREATED
12-06 15:58:42.074 16003 16003 V ActivityScenario: Update currentActivityStage to CREATED, currentActivity=ru.iteco.fmhandroid.ui.AppActivity@4d99d8f
12-06 15:58:42.345 16003 16003 D LifecycleMonitor: Lifecycle status change: ru.iteco.fmhandroid.ui.AppActivity@4d99d8f in: STARTED
12-06 15:58:42.345 16003 16003 V ActivityScenario: Update currentActivityStage to STARTED, currentActivity=ru.iteco.fmhandroid.ui.AppActivity@4d99d8f
12-06 15:58:42.347 16003 16003 D LifecycleMonitor: Lifecycle status change: ru.iteco.fmhandroid.ui.AppActivity@4d99d8f in: RESUMED
12-06 15:58:42.348 16003 16040 V FA      : Activity resumed, time: 17142663
12-06 15:58:42.348 16003 16003 V ActivityScenario: Update currentActivityStage to RESUMED, currentActivity=ru.iteco.fmhandroid.ui.AppActivity@4d99d8f
12-06 15:58:42.369 16003 16047 W FileTestStorage: Test input args is not supported.
12-06 15:58:42.389 16003 16047 W teco.fmhandroi: Accessing hidden method Lsun/misc/Unsafe;->getUnsafe()Lsun/misc/Unsafe; (greylist,core-platform-api, linking, allowed)
12-06 15:58:42.389 16003 16047 W teco.fmhandroi: Accessing hidden method Lsun/misc/Unsafe;->objectFieldOffset(Ljava/lang/reflect/Field;)J (greylist,core-platform-api, linking, allowed)
12-06 15:58:42.390 16003 16047 W teco.fmhandroi: Accessing hidden method Lsun/misc/Unsafe;->putObject(Ljava/lang/Object;JLjava/lang/Object;)V (greylist, linking, allowed)
12-06 15:58:42.395 16003 16047 W teco.fmhandroi: Accessing hidden method Lsun/misc/Unsafe;->compareAndSwapObject(Ljava/lang/Object;JLjava/lang/Object;Ljava/lang/Object;)Z (greylist, linking, allowed)
12-06 15:58:42.397 16003 16047 W teco.fmhandroi: Accessing hidden method Lsun/misc/Unsafe;->getObject(Ljava/lang/Object;J)Ljava/lang/Object; (greylist, linking, allowed)
12-06 15:58:42.402 16003 16040 I FA      : Tag Manager is not found and thus will not be used
12-06 15:58:42.403 16003 16003 W teco.fmhandroi: Accessing hidden method Landroid/os/MessageQueue;->next()Landroid/os/Message; (greylist, reflection, allowed)
12-06 15:58:42.403 16003 16003 W teco.fmhandroi: Accessing hidden field Landroid/os/MessageQueue;->mMessages:Landroid/os/Message; (greylist, reflection, allowed)
12-06 15:58:42.403 16003 16003 W teco.fmhandroi: Accessing hidden method Landroid/os/Message;->recycleUnchecked()V (greylist, reflection, allowed)
12-06 15:58:42.439 16003 16016 I teco.fmhandroi: NativeAlloc concurrent copying GC freed 21852(2030KB) AllocSpace objects, 2(40KB) LOS objects, 49% free, 3108KB/6217KB, paused 1.569ms total 106.320ms
12-06 15:58:42.470 16003 16094 D HostConnection: HostConnection::get() New Host Connection established 0xda28f9a0, tid 16094
12-06 15:58:42.499 16003 16094 D HostConnection: HostComposition ext ANDROID_EMU_CHECKSUM_HELPER_v1 ANDROID_EMU_dma_v1 ANDROID_EMU_direct_mem ANDROID_EMU_host_composition_v1 ANDROID_EMU_host_composition_v2 ANDROID_EMU_vulkan ANDROID_EMU_deferred_vulkan_commands ANDROID_EMU_vulkan_null_optional_strings ANDROID_EMU_vulkan_create_resources_with_requirements ANDROID_EMU_YUV_Cache ANDROID_EMU_vulkan_ignored_handles ANDROID_EMU_vulkan_free_memory_sync ANDROID_EMU_vulkan_shader_float16_int8 ANDROID_EMU_vulkan_async_queue_submit ANDROID_EMU_sync_buffer_data GL_OES_vertex_array_object GL_KHR_texture_compression_astc_ldr ANDROID_EMU_host_side_tracing ANDROID_EMU_gles_max_version_2 
12-06 15:58:42.506 16003 16094 W OpenGLRenderer: Failed to choose config with EGL_SWAP_BEHAVIOR_PRESERVED, retrying without...
12-06 15:58:42.520  2873 16050 V FA-SVC  : Logging event: origin=auto,name=screen_view(_vs),params=Bundle[{ga_event_origin(_o)=auto, ga_screen_class(_sc)=AppActivity, ga_screen_id(_si)=-8740617778741211788}]
12-06 15:58:42.534  2873 16050 V FA-SVC  : Upload scheduled in approximately ms: 2979851
12-06 15:58:42.534  2873 16050 V FA-SVC  : Unscheduling upload
12-06 15:58:42.537 16003 16094 D EGL_emulation: eglCreateContext: 0xf0c7eb00: maj 2 min 0 rcv 2
12-06 15:58:42.539  2873 16050 V FA-SVC  : Scheduling upload, millis: 2979851
12-06 15:58:42.540 16003 16094 D EGL_emulation: eglMakeCurrent: 0xf0c7eb00: ver 2 0 (tinfo 0xf0c89460)
12-06 15:58:42.546  1776  1776 D gralloc_ranchu: gralloc_alloc: Creating ashmem region of size 10108928
12-06 15:58:42.548  1648  1648 I hwservicemanager: getTransport: Cannot find entry android.hardware.graphics.mapper@3.0::IMapper/default in either framework or device manifest.
12-06 15:58:42.548 16003 16094 W Gralloc3: mapper 3.x is not supported
12-06 15:58:42.550 16003 16094 D HostConnection: createUnique: call
12-06 15:58:42.551 16003 16094 D HostConnection: HostConnection::get() New Host Connection established 0xda291e30, tid 16094
12-06 15:58:42.551  2873 16050 V FA-SVC  : Background event processing time, ms: 31
12-06 15:58:42.551 16003 16094 D HostConnection: HostComposition ext ANDROID_EMU_CHECKSUM_HELPER_v1 ANDROID_EMU_dma_v1 ANDROID_EMU_direct_mem ANDROID_EMU_host_composition_v1 ANDROID_EMU_host_composition_v2 ANDROID_EMU_vulkan ANDROID_EMU_deferred_vulkan_commands ANDROID_EMU_vulkan_null_optional_strings ANDROID_EMU_vulkan_create_resources_with_requirements ANDROID_EMU_YUV_Cache ANDROID_EMU_vulkan_ignored_handles ANDROID_EMU_vulkan_free_memory_sync ANDROID_EMU_vulkan_shader_float16_int8 ANDROID_EMU_vulkan_async_queue_submit ANDROID_EMU_sync_buffer_data GL_OES_vertex_array_object GL_KHR_texture_compression_astc_ldr ANDROID_EMU_host_side_tracing ANDROID_EMU_gles_max_version_2 
12-06 15:58:42.551 16003 16094 D eglCodecCommon: allocate: Ask for block of size 0x1000
12-06 15:58:42.551 16003 16094 D eglCodecCommon: allocate: ioctl allocate returned offset 0x3ffff8000 size 0x2000
12-06 15:58:42.555  1776  1776 D gralloc_ranchu: gralloc_alloc: Creating ashmem region of size 10108928
12-06 15:58:42.558  1776  1776 D gralloc_ranchu: gralloc_alloc: Creating ashmem region of size 10108928
12-06 15:58:42.558 16003 16094 D EGL_emulation: eglMakeCurrent: 0xf0c7eb00: ver 2 0 (tinfo 0xf0c89460)
12-06 15:58:42.589  2656 15872 E SQLiteDatabase: Error inserting flex_time=2979000 job_id=-1 period=5960000 source=16 requires_charging=0 preferred_network_type=1 target_class=com.google.android.gms.measurement.PackageMeasurementTaskService user_id=0 target_package=com.google.android.gms tag=Measurement.PackageMeasurementTaskService.UPLOAD_TASK_TAG task_type=0 required_idleness_state=0 service_kind=0 source_version=202414000 persistence_level=1 preferred_charging_state=1 required_network_type=0 runtime=1670342322566 retry_strategy={"maximum_backoff_seconds":{"3600":0},"initial_backoff_seconds":{"30":0},"retry_policy":{"0":0}} last_runtime=0
12-06 15:58:42.589  2656 15872 E SQLiteDatabase: android.database.sqlite.SQLiteConstraintException: UNIQUE constraint failed: pending_ops.tag, pending_ops.target_class, pending_ops.target_package, pending_ops.user_id (code 2067 SQLITE_CONSTRAINT_UNIQUE)
12-06 15:58:42.589  2656 15872 E SQLiteDatabase: 	at android.database.sqlite.SQLiteConnection.nativeExecuteForLastInsertedRowId(Native Method)
12-06 15:58:42.589  2656 15872 E SQLiteDatabase: 	at android.database.sqlite.SQLiteConnection.executeForLastInsertedRowId(SQLiteConnection.java:879)
12-06 15:58:42.589  2656 15872 E SQLiteDatabase: 	at android.database.sqlite.SQLiteSession.executeForLastInsertedRowId(SQLiteSession.java:790)
12-06 15:58:42.589  2656 15872 E SQLiteDatabase: 	at android.database.sqlite.SQLiteStatement.executeInsert(SQLiteStatement.java:88)
12-06 15:58:42.589  2656 15872 E SQLiteDatabase: 	at android.database.sqlite.SQLiteDatabase.insertWithOnConflict(SQLiteDatabase.java:1599)
12-06 15:58:42.589  2656 15872 E SQLiteDatabase: 	at android.database.sqlite.SQLiteDatabase.insert(SQLiteDatabase.java:1468)
12-06 15:58:42.589  2656 15872 E SQLiteDatabase: 	at aqui.a(:com.google.android.gms@202414022@20.24.14 (040700-319035315):175)
12-06 15:58:42.589  2656 15872 E SQLiteDatabase: 	at aqtk.a(:com.google.android.gms@202414022@20.24.14 (040700-319035315):182)
12-06 15:58:42.589  2656 15872 E SQLiteDatabase: 	at aqtk.a(:com.google.android.gms@202414022@20.24.14 (040700-319035315):23)
12-06 15:58:42.589  2656 15872 E SQLiteDatabase: 	at aqtk.a(:com.google.android.gms@202414022@20.24.14 (040700-319035315):177)
12-06 15:58:42.589  2656 15872 E SQLiteDatabase: 	at aqpu.run(:com.google.android.gms@202414022@20.24.14 (040700-319035315):9)
12-06 15:58:42.589  2656 15872 E SQLiteDatabase: 	at soy.b(:com.google.android.gms@202414022@20.24.14 (040700-319035315):12)
12-06 15:58:42.589  2656 15872 E SQLiteDatabase: 	at soy.run(:com.google.android.gms@202414022@20.24.14 (040700-319035315):7)
12-06 15:58:42.589  2656 15872 E SQLiteDatabase: 	at java.util.concurrent.ThreadPoolExecutor.runWorker(ThreadPoolExecutor.java:1167)
12-06 15:58:42.589  2656 15872 E SQLiteDatabase: 	at java.util.concurrent.ThreadPoolExecutor$Worker.run(ThreadPoolExecutor.java:641)
12-06 15:58:42.589  2656 15872 E SQLiteDatabase: 	at sux.run(:com.google.android.gms@202414022@20.24.14 (040700-319035315):0)
12-06 15:58:42.589  2656 15872 E SQLiteDatabase: 	at java.lang.Thread.run(Thread.java:919)
12-06 15:58:42.642  2018  2058 I ActivityTaskManager: Displayed ru.iteco.fmhandroid/.ui.AppActivity: +1s583ms
12-06 15:58:42.663 16003 16003 W teco.fmhandroi: Accessing hidden method Landroid/view/WindowManagerGlobal;->getInstance()Landroid/view/WindowManagerGlobal; (greylist, reflection, allowed)
12-06 15:58:42.664 16003 16003 W teco.fmhandroi: Accessing hidden field Landroid/view/WindowManagerGlobal;->mViews:Ljava/util/ArrayList; (greylist, reflection, allowed)
12-06 15:58:42.664 16003 16003 W teco.fmhandroi: Accessing hidden field Landroid/view/WindowManagerGlobal;->mParams:Ljava/util/ArrayList; (greylist, reflection, allowed)
12-06 15:58:42.677 16003 16003 I ViewInteraction: Performing 'wait for a specific view with <(an instance of android.widget.TextView and view.getText() with or without transformation to match: is "Authorization" and view.getParent() view.getParent() view.getId() is <2131231186>)> during 10000 millis.' action on view view.getRootView() to equal view
12-06 15:58:42.679  2170  2566 D EGL_emulation: eglMakeCurrent: 0xe594e040: ver 2 0 (tinfo 0xc52450c0)
12-06 15:58:44.322  1905  1905 E wifi_forwarder: RemoteConnection failed to initialize: RemoteConnection failed to open pipe
12-06 15:58:45.350 16003 16003 W teco.fmhandroi: Accessing hidden field Lsun/misc/Unsafe;->theUnsafe:Lsun/misc/Unsafe; (greylist, reflection, allowed)
12-06 15:58:45.350 16003 16003 W teco.fmhandroi: Accessing hidden method Lsun/misc/Unsafe;->allocateInstance(Ljava/lang/Class;)Ljava/lang/Object; (greylist, reflection, allowed)
12-06 15:58:45.367 16003 16103 I okhttp.OkHttpClient: --> GET http://www.981757-ca08998.tmweb.ru:8080/fmh/authentication/userInfo
12-06 15:58:45.367 16003 16103 I okhttp.OkHttpClient: --> END GET
12-06 15:58:46.751  2656 15926 I LogUtils: [Places]: ?: Couldn't find platform key file. [CONTEXT service_id=253 ]
12-06 15:58:46.756  2656 15872 I LogUtils: [Places]: ?: Couldn't find platform key file. [CONTEXT service_id=253 ]
12-06 15:58:46.774  2656 15927 I LogUtils: [Places]: ?: PlacesBleScanner stop() [CONTEXT service_id=253 ]
12-06 15:58:46.775  2656  2656 I BeaconBle: Scan : No clients left, canceling alarm. [CONTEXT service_id=111 ]
12-06 15:58:46.777  2656  2656 I BeaconBle: Scan canceled successfully. [CONTEXT service_id=111 ]
12-06 15:58:46.782  2656 15927 I PlacesLogger: [PlaceInferenceEngine]: [anon] Changed inference mode: 0 [CONTEXT service_id=253 ]
12-06 15:58:46.800  2656 16108 I LogUtils: [Places]: ?: Couldn't find platform key file. [CONTEXT service_id=253 ]
12-06 15:58:46.801  2656 15697 I LogUtils: [Places]: ?: Couldn't find platform key file. [CONTEXT service_id=253 ]
12-06 15:58:46.807  2656  3542 W GCoreFlp: No location to return for getLastLocation()
12-06 15:58:46.846  2656  2656 I GeofencerStateMachine: removeGeofences: removeRequest=RemoveGeofencingRequest[REMOVE_BY_PENDING_INTENT pendingIntent=PendingIntent[creatorPackage=com.google.android.gms], packageName=com.google.android.gms]
12-06 15:58:46.980  2018  3061 E memtrack: Couldn't load memtrack module
12-06 15:58:46.980  2018  3061 W android.os.Debug: failed to get memory consumption info: -1
12-06 15:58:47.325  2656 15045 E WakeLock: GCM_HB_ALARM release without a matched acquire!
12-06 15:58:47.517 16003 16040 V FA      : Inactivity, disconnecting from the service
12-06 15:58:50.777  1744 16104 E ResolverController: No valid NAT64 prefix (100, <unspecified>/0)
12-06 15:58:51.095 16003 16103 I okhttp.OkHttpClient: <-- 200 http://www.981757-ca08998.tmweb.ru:8080/fmh/authentication/userInfo (5727ms)
12-06 15:58:51.095 16003 16103 I okhttp.OkHttpClient: Vary: Origin
12-06 15:58:51.095 16003 16103 I okhttp.OkHttpClient: Vary: Access-Control-Request-Method
12-06 15:58:51.095 16003 16103 I okhttp.OkHttpClient: Vary: Access-Control-Request-Headers
12-06 15:58:51.095 16003 16103 I okhttp.OkHttpClient: X-Content-Type-Options: nosniff
12-06 15:58:51.095 16003 16103 I okhttp.OkHttpClient: X-XSS-Protection: 1; mode=block
12-06 15:58:51.095 16003 16103 I okhttp.OkHttpClient: Cache-Control: no-cache, no-store, max-age=0, must-revalidate
12-06 15:58:51.096 16003 16103 I okhttp.OkHttpClient: Pragma: no-cache
12-06 15:58:51.096 16003 16103 I okhttp.OkHttpClient: Expires: 0
12-06 15:58:51.096 16003 16103 I okhttp.OkHttpClient: X-Frame-Options: DENY
12-06 15:58:51.096 16003 16103 I okhttp.OkHttpClient: Content-Type: application/json
12-06 15:58:51.096 16003 16103 I okhttp.OkHttpClient: Transfer-Encoding: chunked
12-06 15:58:51.096 16003 16103 I okhttp.OkHttpClient: Date: Tue, 06 Dec 2022 15:58:52 GMT
12-06 15:58:51.097 16003 16103 I okhttp.OkHttpClient: Keep-Alive: timeout=60
12-06 15:58:51.097 16003 16103 I okhttp.OkHttpClient: Connection: keep-alive
12-06 15:58:51.099 16003 16103 I okhttp.OkHttpClient: {"id":2,"firstName":"Данил","lastName":"Иванов","middleName":"Данилович","admin":true}
12-06 15:58:51.100 16003 16103 I okhttp.OkHttpClient: <-- END HTTP (106-byte body)
12-06 15:58:51.141 16003 16111 I okhttp.OkHttpClient: --> GET http://www.981757-ca08998.tmweb.ru:8080/fmh/claims
12-06 15:58:51.141 16003 16111 I okhttp.OkHttpClient: --> END GET
12-06 15:58:51.607  2018  2058 E memtrack: Couldn't load memtrack module
12-06 15:58:51.607  2018  2058 W android.os.Debug: failed to get memory consumption info: -1
12-06 15:58:51.638  2962  3348 I WorkerManager: dispose()
12-06 15:58:51.639  2962  3348 W ThreadPoolDumper: Queue length for executor EventBus is now 11. Perhaps some tasks are too long, or the pool is too small.
12-06 15:58:51.785  2656  2656 I BeaconBle: Scan : No clients left, canceling alarm. [CONTEXT service_id=111 ]
12-06 15:58:52.415 16003 16003 I Choreographer: Skipped 77 frames!  The application may be doing too much work on its main thread.
12-06 15:58:52.787 16003 16094 I OpenGLRenderer: Davey! duration=1668ms; Flags=1, IntendedVsync=17151434428315, Vsync=17152717761597, OldestInputEvent=9223372036854775807, NewestInputEvent=0, HandleInputStart=17152731114080, AnimationStart=17152731163580, PerformTraversalsStart=17152731421580, DrawStart=17152794700080, SyncQueued=17152798687280, SyncStart=17152799301480, IssueDrawCommandsStart=17152799380880, SwapBuffers=17153092310480, FrameCompleted=17153103124280, DequeueBufferDuration=324000, QueueBufferDuration=551000, 
12-06 15:58:53.238 16003 16003 D takeScreenshot: Found 1 global views to redraw
12-06 15:58:53.279  1776  1776 D gralloc_ranchu: gralloc_alloc: Creating ashmem region of size 10108928
12-06 15:58:53.289  1648  1648 I hwservicemanager: getTransport: Cannot find entry android.hardware.graphics.mapper@3.0::IMapper/default in either framework or device manifest.
12-06 15:58:53.289 15988 16002 W Gralloc3: mapper 3.x is not supported
12-06 15:58:53.325 15988 16002 D HostConnection: createUnique: call
12-06 15:58:53.329 15988 16002 D HostConnection: HostConnection::get() New Host Connection established 0xf5b564e0, tid 16002
12-06 15:58:53.330 15988 16002 D HostConnection: HostComposition ext ANDROID_EMU_CHECKSUM_HELPER_v1 ANDROID_EMU_dma_v1 ANDROID_EMU_direct_mem ANDROID_EMU_host_composition_v1 ANDROID_EMU_host_composition_v2 ANDROID_EMU_vulkan ANDROID_EMU_deferred_vulkan_commands ANDROID_EMU_vulkan_null_optional_strings ANDROID_EMU_vulkan_create_resources_with_requirements ANDROID_EMU_YUV_Cache ANDROID_EMU_vulkan_ignored_handles ANDROID_EMU_vulkan_free_memory_sync ANDROID_EMU_vulkan_shader_float16_int8 ANDROID_EMU_vulkan_async_queue_submit ANDROID_EMU_sync_buffer_data GL_OES_vertex_array_object GL_KHR_texture_compression_astc_ldr ANDROID_EMU_host_side_tracing ANDROID_EMU_gles_max_version_2 
12-06 15:58:53.330 15988 16002 D eglCodecCommon: allocate: Ask for block of size 0x1000
12-06 15:58:53.330 15988 16002 D eglCodecCommon: allocate: ioctl allocate returned offset 0x3ffff6000 size 0x2000
12-06 15:58:53.337  1793  2640 E SurfaceFlinger: ro.sf.lcd_density must be defined as a build property
12-06 15:58:53.338  1793  2640 E SurfaceFlinger: ro.sf.lcd_density must be defined as a build property
12-06 15:58:53.342 15988 16118 D libEGL  : Emulator has host GPU support, qemu.gles is set to 1.
12-06 15:58:53.349 15988 16118 W libc    : Unable to set property "qemu.gles" to "1": error code: 0x18
12-06 15:58:53.349 15988 16118 D libEGL  : loaded /vendor/lib/egl/libEGL_emulation.so
12-06 15:58:53.350 15988 16118 D libEGL  : loaded /vendor/lib/egl/libGLESv1_CM_emulation.so
12-06 15:58:53.351 15988 16118 D libEGL  : loaded /vendor/lib/egl/libGLESv2_emulation.so
12-06 15:58:53.362 15988 16118 D HostConnection: HostConnection::get() New Host Connection established 0xf5b563f0, tid 16118
12-06 15:58:53.363 15988 16118 D HostConnection: HostComposition ext ANDROID_EMU_CHECKSUM_HELPER_v1 ANDROID_EMU_dma_v1 ANDROID_EMU_direct_mem ANDROID_EMU_host_composition_v1 ANDROID_EMU_host_composition_v2 ANDROID_EMU_vulkan ANDROID_EMU_deferred_vulkan_commands ANDROID_EMU_vulkan_null_optional_strings ANDROID_EMU_vulkan_create_resources_with_requirements ANDROID_EMU_YUV_Cache ANDROID_EMU_vulkan_ignored_handles ANDROID_EMU_vulkan_free_memory_sync ANDROID_EMU_vulkan_shader_float16_int8 ANDROID_EMU_vulkan_async_queue_submit ANDROID_EMU_sync_buffer_data GL_OES_vertex_array_object GL_KHR_texture_compression_astc_ldr ANDROID_EMU_host_side_tracing ANDROID_EMU_gles_max_version_2 
12-06 15:58:53.366 15988 16118 W OpenGLRenderer: Failed to choose config with EGL_SWAP_BEHAVIOR_PRESERVED, retrying without...
12-06 15:58:53.405 15988 16118 D EGL_emulation: eglCreateContext: 0xe09283c0: maj 2 min 0 rcv 2
12-06 15:58:53.406 15988 16118 D EGL_emulation: eglMakeCurrent: 0xe09283c0: ver 2 0 (tinfo 0xe090f370)
12-06 15:58:53.445 16003 16047 W DefaultFailureHandler: Failed to take screenshot
12-06 15:58:53.445 16003 16047 W DefaultFailureHandler: java.io.FileNotFoundException: view-op-error-1.png: open failed: EROFS (Read-only file system)
12-06 15:58:53.445 16003 16047 W DefaultFailureHandler: 	at libcore.io.IoBridge.open(IoBridge.java:496)
12-06 15:58:53.445 16003 16047 W DefaultFailureHandler: 	at java.io.FileOutputStream.<init>(FileOutputStream.java:235)
12-06 15:58:53.445 16003 16047 W DefaultFailureHandler: 	at java.io.FileOutputStream.<init>(FileOutputStream.java:125)
12-06 15:58:53.445 16003 16047 W DefaultFailureHandler: 	at androidx.test.platform.io.FileTestStorage.openOutputFile(FileTestStorage.java:60)
12-06 15:58:53.445 16003 16047 W DefaultFailureHandler: 	at androidx.test.core.graphics.BitmapStorage.writeToTestStorage(BitmapStorageExt.kt:49)
12-06 15:58:53.445 16003 16047 W DefaultFailureHandler: 	at androidx.test.espresso.base.DefaultFailureHandler.takeScreenshot(DefaultFailureHandler.java:4)
12-06 15:58:53.445 16003 16047 W DefaultFailureHandler: 	at androidx.test.espresso.base.DefaultFailureHandler.handle(DefaultFailureHandler.java:3)
12-06 15:58:53.445 16003 16047 W DefaultFailureHandler: 	at androidx.test.espresso.ViewInteraction.waitForAndHandleInteractionResults(ViewInteraction.java:8)
12-06 15:58:53.445 16003 16047 W DefaultFailureHandler: 	at androidx.test.espresso.ViewInteraction.desugaredPerform(ViewInteraction.java:11)
12-06 15:58:53.445 16003 16047 W DefaultFailureHandler: 	at androidx.test.espresso.ViewInteraction.perform(ViewInteraction.java:8)
12-06 15:58:53.445 16003 16047 W DefaultFailureHandler: 	at ru.iteco.fmhandroid.ui.data.TestUtils.waitView(TestUtils.java:61)
12-06 15:58:53.445 16003 16047 W DefaultFailureHandler: 	at ru.iteco.fmhandroid.ui.steps.AuthSteps.isAuthScreen(AuthSteps.java:56)
12-06 15:58:53.445 16003 16047 W DefaultFailureHandler: 	at ru.iteco.fmhandroid.ui.ClaimEditTest.logoutCheck(ClaimEditTest.java:53)
12-06 15:58:53.445 16003 16047 W DefaultFailureHandler: 	at java.lang.reflect.Method.invoke(Native Method)
12-06 15:58:53.445 16003 16047 W DefaultFailureHandler: 	at org.junit.runners.model.FrameworkMethod$1.runReflectiveCall(FrameworkMethod.java:59)
12-06 15:58:53.445 16003 16047 W DefaultFailureHandler: 	at org.junit.internal.runners.model.ReflectiveCallable.run(ReflectiveCallable.java:12)
12-06 15:58:53.445 16003 16047 W DefaultFailureHandler: 	at org.junit.runners.model.FrameworkMethod.invokeExplosively(FrameworkMethod.java:56)
12-06 15:58:53.445 16003 16047 W DefaultFailureHandler: 	at androidx.test.internal.runner.junit4.statement.RunBefores.evaluate(RunBefores.java:76)
12-06 15:58:53.445 16003 16047 W DefaultFailureHandler: 	at io.qameta.allure.android.rules.ScreenshotRule$apply$1.evaluate(ScreenshotRule.kt:22)
12-06 15:58:53.445 16003 16047 W DefaultFailureHandler: 	at org.junit.rules.ExternalResource$1.evaluate(ExternalResource.java:54)
12-06 15:58:53.445 16003 16047 W DefaultFailureHandler: 	at io.qameta.allure.android.rules.LogcatRule$apply$1.evaluate(LogcatRule.kt:23)
12-06 15:58:53.445 16003 16047 W DefaultFailureHandler: 	at org.junit.rules.RunRules.evaluate(RunRules.java:20)
12-06 15:58:53.445 16003 16047 W DefaultFailureHandler: 	at org.junit.runners.ParentRunner$3.evaluate(ParentRunner.java:306)
12-06 15:58:53.445 16003 16047 W DefaultFailureHandler: 	at org.junit.runners.BlockJUnit4ClassRunner$1.evaluate(BlockJUnit4ClassRunner.java:100)
12-06 15:58:53.445 16003 16047 W DefaultFailureHandler: 	at org.junit.runners.ParentRunner.runLeaf(ParentRunner.java:366)
12-06 15:58:53.445 16003 16047 W DefaultFailureHandler: 	at org.junit.runners.BlockJUnit4ClassRunner.runChild(BlockJUnit4ClassRunner.java:103)
12-06 15:58:53.445 16003 16047 W DefaultFailureHandler: 	at org.junit.runners.BlockJUnit4ClassRunner.runChild(BlockJUnit4ClassRunner.java:63)
12-06 15:58:53.445 16003 16047 W DefaultFailureHandler: 	at org.junit.runners.ParentRunner$4.run(ParentRunner.java:331)
12-06 15:58:53.445 16003 16047 W DefaultFailureHandler: 	at org.junit.runners.ParentRunner$1.schedule(ParentRunner.java:79)
12-06 15:58:53.445 16003 16047 W DefaultFailureHandler: 	at org.junit.runners.ParentRunner.runChildren(ParentRunner.java:329)
12-06 15:58:53.445 16003 16047 W DefaultFailureHandler: 	at org.junit.runners.ParentRunner.access$100(ParentRunner.java:66)
12-06 15:58:53.445 16003 16047 W DefaultFailureHandler: 	at org.junit.runners.ParentRunner$2.evaluate(ParentRunner.java:293)
12-06 15:58:53.445 16003 16047 W DefaultFailureHandler: 	at org.junit.runners.ParentRunner$3.evaluate(ParentRunner.java:306)
12-06 15:58:53.445 16003 16047 W DefaultFailureHandler: 	at org.junit.runners.ParentRunner.run(ParentRunner.java:413)
12-06 15:58:53.445 16003 16047 W DefaultFailureHandler: 	at androidx.test.ext.junit.runners.AndroidJUnit4.run(AndroidJUnit4.java:162)
12-06 15:58:53.445 16003 16047 W DefaultFailureHandler: 	at io.qameta.allure.android.runners.AllureAndroidJUnit4.run(AllureAndroidJUnitRunners.kt:29)
12-06 15:58:53.445 16003 16047 W DefaultFailureHandler: 	at org.junit.runners.Suite.runChild(Suite.java:128)
12-06 15:58:53.445 16003 16047 W DefaultFailureHandler: 	at org.junit.runners.Suite.runChild(Suite.java:27)
12-06 15:58:53.445 16003 16047 W DefaultFailureHandler: 	at org.junit.runners.ParentRunner$4.run(ParentRunner.java:331)
12-06 15:58:53.445 16003 16047 W DefaultFailureHandler: 	at org.junit.runners.ParentRunner$1.schedule(ParentRunner.java:79)
12-06 15:58:53.445 16003 16047 W DefaultFailureHandler: 	at org.junit.runners.ParentRunner.runChildren(ParentRunner.java:329)
12-06 15:58:53.445 16003 16047 W DefaultFailureHandler: 	at org.junit.runners.ParentRunner.access$100(ParentRunner.java:66)
12-06 15:58:53.445 16003 16047 W DefaultFailureHandler: 	at org.junit.runners.ParentRunner$2.evaluate(ParentRunner.java:293)
12-06 15:58:53.445 16003 16047 W DefaultFailureHandler: 	at org.junit.runners.ParentRunner$3.evaluate(ParentRunner.java:306)
12-06 15:58:53.445 16003 16047 W DefaultFailureHandler: 	at org.junit.runners.ParentRunner.run(ParentRunner.java:413)
12-06 15:58:53.445 16003 16047 W DefaultFailureHandler: 	at org.junit.runner.JUnitCore.run(JUnitCore.java:137)
12-06 15:58:53.445 16003 16047 W DefaultFailureHandler: 	at org.junit.runner.JUnitCore.run(JUnitCore.java:115)
12-06 15:58:53.445 16003 16047 W DefaultFailureHandler: 	at androidx.test.internal.runner.TestExecutor.execute(TestExecutor.java:67)
12-06 15:58:53.445 16003 16047 W DefaultFailureHandler: 	at androidx.test.internal.runner.TestExecutor.execute(TestExecutor.java:58)
12-06 15:58:53.445 16003 16047 W DefaultFailureHandler: 	at androidx.test.runner.AndroidJUnitRunner.onStart(AndroidJUnitRunner.java:438)
12-06 15:58:53.445 16003 16047 W DefaultFailureHandler: 	at android.app.Instrumentation$InstrumentationThread.run(Instrumentation.java:2189)
12-06 15:58:53.445 16003 16047 W DefaultFailureHandler: Caused by: android.system.ErrnoException: open failed: EROFS (Read-only file system)
12-06 15:58:53.446 16003 16047 W DefaultFailureHandler: 	at libcore.io.Linux.open(Native Method)
12-06 15:58:53.446 16003 16047 W DefaultFailureHandler: 	at libcore.io.ForwardingOs.open(ForwardingOs.java:167)
12-06 15:58:53.446 16003 16047 W DefaultFailureHandler: 	at libcore.io.BlockGuardOs.open(BlockGuardOs.java:252)
12-06 15:58:53.446 16003 16047 W DefaultFailureHandler: 	at libcore.io.ForwardingOs.open(ForwardingOs.java:167)
12-06 15:58:53.446 16003 16047 W DefaultFailureHandler: 	at android.app.ActivityThread$AndroidOs.open(ActivityThread.java:7255)
12-06 15:58:53.446 16003 16047 W DefaultFailureHandler: 	at libcore.io.IoBridge.open(IoBridge.java:482)
12-06 15:58:53.446 16003 16047 W DefaultFailureHandler: 	... 50 more
12-06 15:58:53.449 16003 16047 W teco.fmhandroi: Accessing hidden method Lsun/misc/Unsafe;->compareAndSwapObject(Ljava/lang/Object;JLjava/lang/Object;Ljava/lang/Object;)Z (greylist, linking, allowed)
12-06 15:58:53.452 16003 16003 I ViewInteraction: Performing 'wait for a specific view with <view.getId() is <2131230870>> during 10000 millis.' action on view view.getRootView() to equal view
12-06 15:58:53.456 16003 16047 W teco.fmhandroi: Accessing hidden method Lsun/misc/Unsafe;->compareAndSwapObject(Ljava/lang/Object;JLjava/lang/Object;Ljava/lang/Object;)Z (greylist, linking, allowed)
12-06 15:58:53.457 16003 16119 W teco.fmhandroi: Accessing hidden method Lsun/misc/Unsafe;->compareAndSwapObject(Ljava/lang/Object;JLjava/lang/Object;Ljava/lang/Object;)Z (greylist, linking, allowed)
12-06 15:58:53.460 16003 16003 I ViewInteraction: Checking 'MatchesViewAssertion{viewMatcher=(view has effective visibility <VISIBLE> and view.getGlobalVisibleRect() to return non-empty rectangle)}' assertion on view view.getId() is <2131230870/ru.iteco.fmhandroid:id/authorization_image_button>
12-06 15:58:53.466 16003 16047 W teco.fmhandroi: Accessing hidden method Landroid/view/ViewConfiguration;->getDoubleTapMinTime()I (greylist, reflection, allowed)
12-06 15:58:53.471 16003 16047 W teco.fmhandroi: Accessing hidden method Lsun/misc/Unsafe;->compareAndSwapObject(Ljava/lang/Object;JLjava/lang/Object;Ljava/lang/Object;)Z (greylist, linking, allowed)
12-06 15:58:53.476 16003 16003 I ViewInteraction: Performing 'single click' action on view view.getId() is <2131230870/ru.iteco.fmhandroid:id/authorization_image_button>
12-06 15:58:53.534  1764  6994 W audio_hw_generic: Not supplying enough data to HAL, expected position 22361653 , only wrote 22361630
12-06 15:58:53.583  1776  1776 D gralloc_ranchu: gralloc_alloc: Creating ashmem region of size 884736
12-06 15:58:53.586  1776  1776 I chatty  : uid=1000(system) allocator@2.0-s identical 1 line
12-06 15:58:53.589  1776  1776 D gralloc_ranchu: gralloc_alloc: Creating ashmem region of size 884736
12-06 15:58:53.601 16003 16094 D EGL_emulation: eglMakeCurrent: 0xf0c7eb00: ver 2 0 (tinfo 0xf0c89460)
12-06 15:58:53.631 16003 16094 I chatty  : uid=10146(ru.iteco.fmhandroid) RenderThread identical 2 lines
12-06 15:58:53.658 16003 16094 D EGL_emulation: eglMakeCurrent: 0xf0c7eb00: ver 2 0 (tinfo 0xf0c89460)
12-06 15:58:53.894 16003 16047 W teco.fmhandroi: Accessing hidden method Lsun/misc/Unsafe;->compareAndSwapObject(Ljava/lang/Object;JLjava/lang/Object;Ljava/lang/Object;)Z (greylist, linking, allowed)
12-06 15:58:53.895 16003 16003 I ViewInteraction: Performing 'wait for a specific view with <an instance of android.widget.TextView and view.getText() with or without transformation to match: is "Log out"> during 10000 millis.' action on view view.getRootView() to equal view
12-06 15:58:53.900 16003 16003 I ViewInteraction: Checking 'MatchesViewAssertion{viewMatcher=(view has effective visibility <VISIBLE> and view.getGlobalVisibleRect() to return non-empty rectangle)}' assertion on view an instance of android.widget.TextView and view.getText() with or without transformation to match: is "Log out"
12-06 15:58:53.903 16003 16003 I ViewInteraction: Performing 'single click' action on view an instance of android.widget.TextView and view.getText() with or without transformation to match: is "Log out"
12-06 15:58:53.957 16003 16094 D EGL_emulation: eglMakeCurrent: 0xf0c7eb00: ver 2 0 (tinfo 0xf0c89460)
12-06 15:58:54.182 16003 16094 I chatty  : uid=10146(ru.iteco.fmhandroid) RenderThread identical 1 line
12-06 15:58:54.236 16003 16094 D EGL_emulation: eglMakeCurrent: 0xf0c7eb00: ver 2 0 (tinfo 0xf0c89460)
12-06 15:58:54.335 16003 16003 I ViewInteraction: Performing 'wait for a specific view with <(an instance of android.widget.TextView and view.getText() with or without transformation to match: is "Authorization" and view.getParent() view.getParent() view.getId() is <2131231186>)> during 10000 millis.' action on view view.getRootView() to equal view
12-06 15:58:54.336 16003 16047 W teco.fmhandroi: Accessing hidden method Lsun/misc/Unsafe;->compareAndSwapObject(Ljava/lang/Object;JLjava/lang/Object;Ljava/lang/Object;)Z (greylist, linking, allowed)
12-06 15:58:54.337 16003 16119 W teco.fmhandroi: Accessing hidden method Lsun/misc/Unsafe;->compareAndSwapObject(Ljava/lang/Object;JLjava/lang/Object;Ljava/lang/Object;)Z (greylist, linking, allowed)
12-06 15:58:54.340 16003 16003 I ViewInteraction: Checking 'MatchesViewAssertion{viewMatcher=(view has effective visibility <VISIBLE> and view.getGlobalVisibleRect() to return non-empty rectangle)}' assertion on view (an instance of android.widget.TextView and view.getText() with or without transformation to match: is "Authorization" and view.getParent() view.getParent() view.getId() is <2131231186/ru.iteco.fmhandroid:id/nav_host_fragment>)
12-06 15:58:54.342 16003 16047 W teco.fmhandroi: Accessing hidden method Lsun/misc/Unsafe;->compareAndSwapObject(Ljava/lang/Object;JLjava/lang/Object;Ljava/lang/Object;)Z (greylist, linking, allowed)
