12-06 15:58:54.344 16003 16003 I ViewInteraction: Performing 'wait for a specific view with <(an instance of android.widget.TextView and view.getHint() matching: is "Login" and view.getParent() view.getParent() view.getId() is <2131231121>)> during 10000 millis.' action on view view.getRootView() to equal view
12-06 15:58:54.347 16003 16047 W teco.fmhandroi: Accessing hidden method Lsun/misc/Unsafe;->compareAndSwapObject(Ljava/lang/Object;JLjava/lang/Object;Ljava/lang/Object;)Z (greylist, linking, allowed)
12-06 15:58:54.351 16003 16003 I ViewInteraction: Checking 'MatchesViewAssertion{viewMatcher=(view has effective visibility <VISIBLE> and view.getGlobalVisibleRect() to return non-empty rectangle)}' assertion on view (an instance of android.widget.TextView and view.getHint() matching: is "Login" and view.getParent() view.getParent() view.getId() is <2131231121/ru.iteco.fmhandroid:id/login_text_input_layout>)
12-06 15:58:54.353 16003 16047 W teco.fmhandroi: Accessing hidden method Lsun/misc/Unsafe;->compareAndSwapObject(Ljava/lang/Object;JLjava/lang/Object;Ljava/lang/Object;)Z (greylist, linking, allowed)
12-06 15:58:54.355 16003 16003 I ViewInteraction: Performing 'wait for a specific view with <(an instance of android.widget.TextView and view.getHint() matching: is "Password" and view.getParent() view.getParent() view.getId() is <2131231264>)> during 10000 millis.' action on view view.getRootView() to equal view
12-06 15:58:54.357 16003 16047 W teco.fmhandroi: Accessing hidden method Lsun/misc/Unsafe;->compareAndSwapObject(Ljava/lang/Object;JLjava/lang/Object;Ljava/lang/Object;)Z (greylist, linking, allowed)
12-06 15:58:54.358 16003 16119 W teco.fmhandroi: Accessing hidden method Lsun/misc/Unsafe;->compareAndSwapObject(Ljava/lang/Object;JLjava/lang/Object;Ljava/lang/Object;)Z (greylist, linking, allowed)
12-06 15:58:54.361 16003 16003 I ViewInteraction: Checking 'MatchesViewAssertion{viewMatcher=(view has effective visibility <VISIBLE> and view.getGlobalVisibleRect() to return non-empty rectangle)}' assertion on view (an instance of android.widget.TextView and view.getHint() matching: is "Password" and view.getParent() view.getParent() view.getId() is <2131231264/ru.iteco.fmhandroid:id/password_text_input_layout>)
12-06 15:58:54.362 16003 16047 W teco.fmhandroi: Accessing hidden method Lsun/misc/Unsafe;->compareAndSwapObject(Ljava/lang/Object;JLjava/lang/Object;Ljava/lang/Object;)Z (greylist, linking, allowed)
12-06 15:58:54.366 16003 16003 I ViewInteraction: Performing 'wait for a specific view with <(view.getId() is <2131231039> and an instance of android.widget.TextView and view.getText() with or without transformation to match: is "SIGN IN" and view.getContentDescription() is "Save" and view.getParent() view.getParent() an instance of android.widget.RelativeLayout)> during 10000 millis.' action on view view.getRootView() to equal view
12-06 15:58:54.369 16003 16047 W teco.fmhandroi: Accessing hidden method Lsun/misc/Unsafe;->compareAndSwapObject(Ljava/lang/Object;JLjava/lang/Object;Ljava/lang/Object;)Z (greylist, linking, allowed)
12-06 15:58:54.371 16003 16003 I ViewInteraction: Checking 'MatchesViewAssertion{viewMatcher=(view has effective visibility <VISIBLE> and view.getGlobalVisibleRect() to return non-empty rectangle)}' assertion on view (view.getId() is <2131231039/ru.iteco.fmhandroid:id/enter_button> and an instance of android.widget.TextView and view.getText() with or without transformation to match: is "SIGN IN" and view.getContentDescription() is "Save" and view.getParent() view.getParent() an instance of android.widget.RelativeLayout)
12-06 15:58:54.373 16003 16119 W teco.fmhandroi: Accessing hidden method Lsun/misc/Unsafe;->compareAndSwapObject(Ljava/lang/Object;JLjava/lang/Object;Ljava/lang/Object;)Z (greylist, linking, allowed)
12-06 15:58:54.375 16003 16003 I ViewInteraction: Performing 'wait for a specific view with <(an instance of android.widget.TextView and view.getText() with or without transformation to match: is "Authorization" and view.getParent() view.getParent() view.getId() is <2131231186>)> during 10000 millis.' action on view view.getRootView() to equal view
12-06 15:58:54.377 16003 16047 W teco.fmhandroi: Accessing hidden method Lsun/misc/Unsafe;->compareAndSwapObject(Ljava/lang/Object;JLjava/lang/Object;Ljava/lang/Object;)Z (greylist, linking, allowed)
12-06 15:58:54.377 16003 16119 W teco.fmhandroi: Accessing hidden method Lsun/misc/Unsafe;->compareAndSwapObject(Ljava/lang/Object;JLjava/lang/Object;Ljava/lang/Object;)Z (greylist, linking, allowed)
12-06 15:58:54.379 16003 16003 I ViewInteraction: Checking 'MatchesViewAssertion{viewMatcher=(view has effective visibility <VISIBLE> and view.getGlobalVisibleRect() to return non-empty rectangle)}' assertion on view (an instance of android.widget.TextView and view.getText() with or without transformation to match: is "Authorization" and view.getParent() view.getParent() view.getId() is <2131231186/ru.iteco.fmhandroid:id/nav_host_fragment>)
12-06 15:58:54.381 16003 16047 W teco.fmhandroi: Accessing hidden method Lsun/misc/Unsafe;->compareAndSwapObject(Ljava/lang/Object;JLjava/lang/Object;Ljava/lang/Object;)Z (greylist, linking, allowed)
12-06 15:58:54.381 16003 16119 W teco.fmhandroi: Accessing hidden method Lsun/misc/Unsafe;->compareAndSwapObject(Ljava/lang/Object;JLjava/lang/Object;Ljava/lang/Object;)Z (greylist, linking, allowed)
12-06 15:58:54.384 16003 16003 I ViewInteraction: Performing 'wait for a specific view with <(an instance of android.widget.TextView and view.getHint() matching: is "Login" and view.getParent() view.getParent() view.getId() is <2131231121/ru.iteco.fmhandroid:id/login_text_input_layout>)> during 10000 millis.' action on view view.getRootView() to equal view
12-06 15:58:54.386 16003 16047 W teco.fmhandroi: Accessing hidden method Lsun/misc/Unsafe;->compareAndSwapObject(Ljava/lang/Object;JLjava/lang/Object;Ljava/lang/Object;)Z (greylist, linking, allowed)
12-06 15:58:54.386 16003 16119 W teco.fmhandroi: Accessing hidden method Lsun/misc/Unsafe;->compareAndSwapObject(Ljava/lang/Object;JLjava/lang/Object;Ljava/lang/Object;)Z (greylist, linking, allowed)
12-06 15:58:54.389 16003 16003 I ViewInteraction: Checking 'MatchesViewAssertion{viewMatcher=(view has effective visibility <VISIBLE> and view.getGlobalVisibleRect() to return non-empty rectangle)}' assertion on view (an instance of android.widget.TextView and view.getHint() matching: is "Login" and view.getParent() view.getParent() view.getId() is <2131231121/ru.iteco.fmhandroid:id/login_text_input_layout>)
12-06 15:58:54.391 16003 16047 W teco.fmhandroi: Accessing hidden method Lsun/misc/Unsafe;->compareAndSwapObject(Ljava/lang/Object;JLjava/lang/Object;Ljava/lang/Object;)Z (greylist, linking, allowed)
12-06 15:58:54.394 16003 16003 I ViewInteraction: Performing 'wait for a specific view with <(an instance of android.widget.TextView and view.getHint() matching: is "Password" and view.getParent() view.getParent() view.getId() is <2131231264/ru.iteco.fmhandroid:id/password_text_input_layout>)> during 10000 millis.' action on view view.getRootView() to equal view
12-06 15:58:54.397 16003 16047 W teco.fmhandroi: Accessing hidden method Lsun/misc/Unsafe;->compareAndSwapObject(Ljava/lang/Object;JLjava/lang/Object;Ljava/lang/Object;)Z (greylist, linking, allowed)
12-06 15:58:54.399 16003 16003 I ViewInteraction: Checking 'MatchesViewAssertion{viewMatcher=(view has effective visibility <VISIBLE> and view.getGlobalVisibleRect() to return non-empty rectangle)}' assertion on view (an instance of android.widget.TextView and view.getHint() matching: is "Password" and view.getParent() view.getParent() view.getId() is <2131231264/ru.iteco.fmhandroid:id/password_text_input_layout>)
12-06 15:58:54.401 16003 16047 W teco.fmhandroi: Accessing hidden method Lsun/misc/Unsafe;->compareAndSwapObject(Ljava/lang/Object;JLjava/lang/Object;Ljava/lang/Object;)Z (greylist, linking, allowed)
12-06 15:58:54.404 16003 16003 I ViewInteraction: Performing 'wait for a specific view with <(view.getId() is <2131231039/ru.iteco.fmhandroid:id/enter_button> and an instance of android.widget.TextView and view.getText() with or without transformation to match: is "SIGN IN" and view.getContentDescription() is "Save" and view.getParent() view.getParent() an instance of android.widget.RelativeLayout)> during 10000 millis.' action on view view.getRootView() to equal view
12-06 15:58:54.407 16003 16047 W teco.fmhandroi: Accessing hidden method Lsun/misc/Unsafe;->compareAndSwapObject(Ljava/lang/Object;JLjava/lang/Object;Ljava/lang/Object;)Z (greylist, linking, allowed)
12-06 15:58:54.411 16003 16003 I ViewInteraction: Checking 'MatchesViewAssertion{viewMatcher=(view has effective visibility <VISIBLE> and view.getGlobalVisibleRect() to return non-empty rectangle)}' assertion on view (view.getId() is <2131231039/ru.iteco.fmhandroid:id/enter_button> and an instance of android.widget.TextView and view.getText() with or without transformation to match: is "SIGN IN" and view.getContentDescription() is "Save" and view.getParent() view.getParent() an instance of android.widget.RelativeLayout)
12-06 15:58:54.412 16003 16047 W teco.fmhandroi: Accessing hidden method Lsun/misc/Unsafe;->compareAndSwapObject(Ljava/lang/Object;JLjava/lang/Object;Ljava/lang/Object;)Z (greylist, linking, allowed)
12-06 15:58:54.414 16003 16003 I ViewInteraction: Performing 'wait for a specific view with <(an instance of android.widget.TextView and view.getHint() matching: is "Login" and view.getParent() view.getParent() view.getId() is <2131231121/ru.iteco.fmhandroid:id/login_text_input_layout>)> during 10000 millis.' action on view view.getRootView() to equal view
12-06 15:58:54.416 16003 16047 W teco.fmhandroi: Accessing hidden method Lsun/misc/Unsafe;->compareAndSwapObject(Ljava/lang/Object;JLjava/lang/Object;Ljava/lang/Object;)Z (greylist, linking, allowed)
12-06 15:58:54.418 16003 16003 I ViewInteraction: Performing 'replace text(login2)' action on view (an instance of android.widget.TextView and view.getHint() matching: is "Login" and view.getParent() view.getParent() view.getId() is <2131231121/ru.iteco.fmhandroid:id/login_text_input_layout>)
12-06 15:58:54.433 16003 16047 W teco.fmhandroi: Accessing hidden method Lsun/misc/Unsafe;->compareAndSwapObject(Ljava/lang/Object;JLjava/lang/Object;Ljava/lang/Object;)Z (greylist, linking, allowed)
12-06 15:58:54.447 16003 16003 I ViewInteraction: Performing 'wait for a specific view with <(an instance of android.widget.TextView and view.getHint() matching: is "Password" and view.getParent() view.getParent() view.getId() is <2131231264/ru.iteco.fmhandroid:id/password_text_input_layout>)> during 10000 millis.' action on view view.getRootView() to equal view
12-06 15:58:54.451 16003 16047 W teco.fmhandroi: Accessing hidden method Lsun/misc/Unsafe;->compareAndSwapObject(Ljava/lang/Object;JLjava/lang/Object;Ljava/lang/Object;)Z (greylist, linking, allowed)
12-06 15:58:54.451 16003 16119 W teco.fmhandroi: Accessing hidden method Lsun/misc/Unsafe;->compareAndSwapObject(Ljava/lang/Object;JLjava/lang/Object;Ljava/lang/Object;)Z (greylist, linking, allowed)
12-06 15:58:54.456 16003 16003 I ViewInteraction: Performing 'replace text(password2)' action on view (an instance of android.widget.TextView and view.getHint() matching: is "Password" and view.getParent() view.getParent() view.getId() is <2131231264/ru.iteco.fmhandroid:id/password_text_input_layout>)
12-06 15:58:54.458 16003 16111 I okhttp.OkHttpClient: <-- 200 http://www.981757-ca08998.tmweb.ru:8080/fmh/claims (3316ms)
12-06 15:58:54.458 16003 16111 I okhttp.OkHttpClient: Vary: Origin
12-06 15:58:54.458 16003 16111 I okhttp.OkHttpClient: Vary: Access-Control-Request-Method
12-06 15:58:54.458 16003 16111 I okhttp.OkHttpClient: Vary: Access-Control-Request-Headers
12-06 15:58:54.458 16003 16111 I okhttp.OkHttpClient: X-Content-Type-Options: nosniff
12-06 15:58:54.458 16003 16111 I okhttp.OkHttpClient: X-XSS-Protection: 1; mode=block
12-06 15:58:54.458 16003 16111 I okhttp.OkHttpClient: Cache-Control: no-cache, no-store, max-age=0, must-revalidate
12-06 15:58:54.458 16003 16111 I okhttp.OkHttpClient: Pragma: no-cache
12-06 15:58:54.458 16003 16111 I okhttp.OkHttpClient: Expires: 0
12-06 15:58:54.458 16003 16111 I okhttp.OkHttpClient: X-Frame-Options: DENY
12-06 15:58:54.458 16003 16111 I okhttp.OkHttpClient: Content-Type: application/json
12-06 15:58:54.459 16003 16111 I okhttp.OkHttpClient: Transfer-Encoding: chunked
12-06 15:58:54.459 16003 16111 I okhttp.OkHttpClient: Date: Tue, 06 Dec 2022 15:58:55 GMT
12-06 15:58:54.459 16003 16111 I okhttp.OkHttpClient: Keep-Alive: timeout=60
12-06 15:58:54.459 16003 16111 I okhttp.OkHttpClient: Connection: keep-alive
12-06 15:58:54.460 16003 16047 W teco.fmhandroi: Accessing hidden method Lsun/misc/Unsafe;->compareAndSwapObject(Ljava/lang/Object;JLjava/lang/Object;Ljava/lang/Object;)Z (greylist, linking, allowed)
12-06 15:58:54.472 16003 16003 I ViewInteraction: Performing 'wait for a specific view with <(view.getId() is <2131231039/ru.iteco.fmhandroid:id/enter_button> and an instance of android.widget.TextView and view.getText() with or without transformation to match: is "SIGN IN" and view.getContentDescription() is "Save" and view.getParent() view.getParent() an instance of android.widget.RelativeLayout)> during 10000 millis.' action on view view.getRootView() to equal view
12-06 15:58:54.477 16003 16047 W teco.fmhandroi: Accessing hidden method Lsun/misc/Unsafe;->compareAndSwapObject(Ljava/lang/Object;JLjava/lang/Object;Ljava/lang/Object;)Z (greylist, linking, allowed)
12-06 15:58:54.482 16003 16003 I ViewInteraction: Checking 'MatchesViewAssertion{viewMatcher=view.isClickable() is <true>}' assertion on view (view.getId() is <2131231039/ru.iteco.fmhandroid:id/enter_button> and an instance of android.widget.TextView and view.getText() with or without transformation to match: is "SIGN IN" and view.getContentDescription() is "Save" and view.getParent() view.getParent() an instance of android.widget.RelativeLayout)
12-06 15:58:54.485 16003 16047 W teco.fmhandroi: Accessing hidden method Lsun/misc/Unsafe;->compareAndSwapObject(Ljava/lang/Object;JLjava/lang/Object;Ljava/lang/Object;)Z (greylist, linking, allowed)
12-06 15:58:54.491 16003 16003 I ViewInteraction: Performing 'wait for a specific view with <(view.getId() is <2131231039/ru.iteco.fmhandroid:id/enter_button> and an instance of android.widget.TextView and view.getText() with or without transformation to match: is "SIGN IN" and view.getContentDescription() is "Save" and view.getParent() view.getParent() an instance of android.widget.RelativeLayout)> during 10000 millis.' action on view view.getRootView() to equal view
12-06 15:58:54.494 16003 16047 W teco.fmhandroi: Accessing hidden method Lsun/misc/Unsafe;->compareAndSwapObject(Ljava/lang/Object;JLjava/lang/Object;Ljava/lang/Object;)Z (greylist, linking, allowed)
12-06 15:58:54.496 16003 16003 I ViewInteraction: Checking 'MatchesViewAssertion{viewMatcher=view.isClickable() is <true>}' assertion on view (view.getId() is <2131231039/ru.iteco.fmhandroid:id/enter_button> and an instance of android.widget.TextView and view.getText() with or without transformation to match: is "SIGN IN" and view.getContentDescription() is "Save" and view.getParent() view.getParent() an instance of android.widget.RelativeLayout)
12-06 15:58:54.498 16003 16047 W teco.fmhandroi: Accessing hidden method Lsun/misc/Unsafe;->compareAndSwapObject(Ljava/lang/Object;JLjava/lang/Object;Ljava/lang/Object;)Z (greylist, linking, allowed)
12-06 15:58:54.501 16003 16003 I ViewInteraction: Performing 'wait for a specific view with <(view.getId() is <2131231039/ru.iteco.fmhandroid:id/enter_button> and an instance of android.widget.TextView and view.getText() with or without transformation to match: is "SIGN IN" and view.getContentDescription() is "Save" and view.getParent() view.getParent() an instance of android.widget.RelativeLayout)> during 10000 millis.' action on view view.getRootView() to equal view
12-06 15:58:54.507 16003 16047 W teco.fmhandroi: Accessing hidden method Lsun/misc/Unsafe;->compareAndSwapObject(Ljava/lang/Object;JLjava/lang/Object;Ljava/lang/Object;)Z (greylist, linking, allowed)
12-06 15:58:54.510 16003 16003 I ViewInteraction: Performing 'single click' action on view (view.getId() is <2131231039/ru.iteco.fmhandroid:id/enter_button> and an instance of android.widget.TextView and view.getText() with or without transformation to match: is "SIGN IN" and view.getContentDescription() is "Save" and view.getParent() view.getParent() an instance of android.widget.RelativeLayout)
12-06 15:58:54.573 16003 16123 I okhttp.OkHttpClient: --> POST http://www.981757-ca08998.tmweb.ru:8080/fmh/authentication/login
12-06 15:58:54.573 16003 16123 I okhttp.OkHttpClient: Content-Type: application/json; charset=UTF-8
12-06 15:58:54.573 16003 16123 I okhttp.OkHttpClient: Content-Length: 41
12-06 15:58:54.573 16003 16123 I okhttp.OkHttpClient: {"login":"login2","password":"password2"}
12-06 15:58:54.573 16003 16123 I okhttp.OkHttpClient: --> END POST (41-byte body)
12-06 15:58:54.578  1744 16124 E ResolverController: No valid NAT64 prefix (100, <unspecified>/0)
12-06 15:58:54.807 16003 16047 W teco.fmhandroi: Accessing hidden method Lsun/misc/Unsafe;->compareAndSwapObject(Ljava/lang/Object;JLjava/lang/Object;Ljava/lang/Object;)Z (greylist, linking, allowed)
12-06 15:58:54.809 16003 16003 I ViewInteraction: Performing 'wait for a specific view with <an instance of android.widget.TextView and view.getText() with or without transformation to match: is "News"> during 10000 millis.' action on view view.getRootView() to equal view
12-06 15:58:54.957 16003 16123 I okhttp.OkHttpClient: <-- 200 http://www.981757-ca08998.tmweb.ru:8080/fmh/authentication/login (383ms)
12-06 15:58:54.957 16003 16123 I okhttp.OkHttpClient: Vary: Origin
12-06 15:58:54.957 16003 16123 I okhttp.OkHttpClient: Vary: Access-Control-Request-Method
12-06 15:58:54.957 16003 16123 I okhttp.OkHttpClient: Vary: Access-Control-Request-Headers
12-06 15:58:54.957 16003 16123 I okhttp.OkHttpClient: X-Content-Type-Options: nosniff
12-06 15:58:54.957 16003 16123 I okhttp.OkHttpClient: X-XSS-Protection: 1; mode=block
12-06 15:58:54.957 16003 16123 I okhttp.OkHttpClient: Cache-Control: no-cache, no-store, max-age=0, must-revalidate
12-06 15:58:54.957 16003 16123 I okhttp.OkHttpClient: Pragma: no-cache
12-06 15:58:54.958 16003 16123 I okhttp.OkHttpClient: Expires: 0
12-06 15:58:54.958 16003 16123 I okhttp.OkHttpClient: X-Frame-Options: DENY
12-06 15:58:54.958 16003 16123 I okhttp.OkHttpClient: Content-Type: application/json
12-06 15:58:54.958 16003 16123 I okhttp.OkHttpClient: Transfer-Encoding: chunked
12-06 15:58:54.958 16003 16123 I okhttp.OkHttpClient: Date: Tue, 06 Dec 2022 15:58:55 GMT
12-06 15:58:54.958 16003 16123 I okhttp.OkHttpClient: Keep-Alive: timeout=60
12-06 15:58:54.958 16003 16123 I okhttp.OkHttpClient: Connection: keep-alive
12-06 15:58:54.959 16003 16123 I okhttp.OkHttpClient: {"accessToken":"eyJhbGciOiJIUzUxMiJ9.eyJzdWIiOiJsb2dpbjIiLCJqdGkiOiIyIiwiZXhwIjoxNjcwNDI4NzM2fQ.PeKQjUsetkkkPLf-F36GARYZloH5VxlStStUqWJ-5a4FJ2J1SJMmspUSD3CHj2ngtCzEGun1q4NmyEIhpQPOkg","refreshToken":"eyJhbGciOiJIUzUxMiJ9.eyJzdWIiOiJsb2dpbjIiLCJqdGkiOiIyIiwiZXhwIjoxNjcyOTM0MzM2fQ.xFl52_kuj-hX0LfG_fswVm1U71tqiQghk4Wo8RGv027rG5dICE7PTRLk2kUxy_rMFHbuLG7hAHExcrS6b-ywGQ"}
12-06 15:58:54.959 16003 16123 I okhttp.OkHttpClient: <-- END HTTP (368-byte body)
12-06 15:58:54.961 16003 16103 I okhttp.OkHttpClient: --> GET http://www.981757-ca08998.tmweb.ru:8080/fmh/authentication/userInfo
12-06 15:58:54.961 16003 16103 I okhttp.OkHttpClient: --> END GET
12-06 15:58:55.111 16003 16103 I okhttp.OkHttpClient: <-- 200 http://www.981757-ca08998.tmweb.ru:8080/fmh/authentication/userInfo (149ms)
12-06 15:58:55.112 16003 16103 I okhttp.OkHttpClient: Vary: Origin
12-06 15:58:55.112 16003 16103 I okhttp.OkHttpClient: Vary: Access-Control-Request-Method
12-06 15:58:55.112 16003 16103 I okhttp.OkHttpClient: Vary: Access-Control-Request-Headers
12-06 15:58:55.112 16003 16103 I okhttp.OkHttpClient: X-Content-Type-Options: nosniff
12-06 15:58:55.112 16003 16103 I okhttp.OkHttpClient: X-XSS-Protection: 1; mode=block
12-06 15:58:55.112 16003 16103 I okhttp.OkHttpClient: Cache-Control: no-cache, no-store, max-age=0, must-revalidate
12-06 15:58:55.112 16003 16103 I okhttp.OkHttpClient: Pragma: no-cache
12-06 15:58:55.112 16003 16103 I okhttp.OkHttpClient: Expires: 0
12-06 15:58:55.112 16003 16103 I okhttp.OkHttpClient: X-Frame-Options: DENY
12-06 15:58:55.112 16003 16103 I okhttp.OkHttpClient: Content-Type: application/json
12-06 15:58:55.113 16003 16103 I okhttp.OkHttpClient: Transfer-Encoding: chunked
12-06 15:58:55.113 16003 16103 I okhttp.OkHttpClient: Date: Tue, 06 Dec 2022 15:58:55 GMT
12-06 15:58:55.113 16003 16103 I okhttp.OkHttpClient: Keep-Alive: timeout=60
12-06 15:58:55.114 16003 16103 I okhttp.OkHttpClient: Connection: keep-alive
12-06 15:58:55.115 16003 16103 I okhttp.OkHttpClient: {"id":2,"firstName":"Данил","lastName":"Иванов","middleName":"Данилович","admin":true}
12-06 15:58:55.115 16003 16103 I okhttp.OkHttpClient: <-- END HTTP (106-byte body)
12-06 15:58:55.126 16003 16128 I okhttp.OkHttpClient: --> GET http://www.981757-ca08998.tmweb.ru:8080/fmh/claims
12-06 15:58:55.126 16003 16128 I okhttp.OkHttpClient: --> END GET
12-06 15:58:55.249 16003 16003 I ViewInteraction: Checking 'MatchesViewAssertion{viewMatcher=(view has effective visibility <VISIBLE> and view.getGlobalVisibleRect() to return non-empty rectangle)}' assertion on view an instance of android.widget.TextView and view.getText() with or without transformation to match: is "News"
12-06 15:58:55.250 16003 16119 W teco.fmhandroi: Accessing hidden method Lsun/misc/Unsafe;->compareAndSwapObject(Ljava/lang/Object;JLjava/lang/Object;Ljava/lang/Object;)Z (greylist, linking, allowed)
12-06 15:58:55.252 16003 16003 I ViewInteraction: Performing 'wait for a specific view with <view.getId() is <2131230951>> during 10000 millis.' action on view view.getRootView() to equal view
12-06 15:58:55.259 16003 16047 W teco.fmhandroi: Accessing hidden method Lsun/misc/Unsafe;->compareAndSwapObject(Ljava/lang/Object;JLjava/lang/Object;Ljava/lang/Object;)Z (greylist, linking, allowed)
12-06 15:58:55.262 16003 16003 I ViewInteraction: Checking 'MatchesViewAssertion{viewMatcher=(view has effective visibility <VISIBLE> and view.getGlobalVisibleRect() to return non-empty rectangle)}' assertion on view view.getId() is <2131230951/ru.iteco.fmhandroid:id/container_list_news_include_on_fragment_main>
12-06 15:58:55.263 16003 16047 W teco.fmhandroi: Accessing hidden method Lsun/misc/Unsafe;->compareAndSwapObject(Ljava/lang/Object;JLjava/lang/Object;Ljava/lang/Object;)Z (greylist, linking, allowed)
12-06 15:58:55.268 16003 16003 I ViewInteraction: Performing 'wait for a specific view with <view.getId() is <2131230949>> during 10000 millis.' action on view view.getRootView() to equal view
12-06 15:58:55.271 16003 16047 W teco.fmhandroi: Accessing hidden method Lsun/misc/Unsafe;->compareAndSwapObject(Ljava/lang/Object;JLjava/lang/Object;Ljava/lang/Object;)Z (greylist, linking, allowed)
12-06 15:58:55.289 16003 16003 I ViewInteraction: Checking 'MatchesViewAssertion{viewMatcher=(view has effective visibility <VISIBLE> and view.getGlobalVisibleRect() to return non-empty rectangle)}' assertion on view view.getId() is <2131230949/ru.iteco.fmhandroid:id/container_list_claim_include_on_fragment_main>
12-06 15:58:55.291 16003 16047 W teco.fmhandroi: Accessing hidden method Lsun/misc/Unsafe;->compareAndSwapObject(Ljava/lang/Object;JLjava/lang/Object;Ljava/lang/Object;)Z (greylist, linking, allowed)
12-06 15:58:55.293 16003 16003 I ViewInteraction: Performing 'wait for a specific view with <an instance of android.widget.TextView and view.getText() with or without transformation to match: is "Claims"> during 10000 millis.' action on view view.getRootView() to equal view
12-06 15:58:55.299 16003 16003 I ViewInteraction: Checking 'MatchesViewAssertion{viewMatcher=(view has effective visibility <VISIBLE> and view.getGlobalVisibleRect() to return non-empty rectangle)}' assertion on view an instance of android.widget.TextView and view.getText() with or without transformation to match: is "Claims"
12-06 15:58:55.304 16003 16119 W teco.fmhandroi: Accessing hidden method Lsun/misc/Unsafe;->compareAndSwapObject(Ljava/lang/Object;JLjava/lang/Object;Ljava/lang/Object;)Z (greylist, linking, allowed)
12-06 15:58:55.307 16003 16003 I ViewInteraction: Performing 'wait for a specific view with <view.getId() is <2131231123>> during 10000 millis.' action on view view.getRootView() to equal view
12-06 15:58:55.310 16003 16047 W teco.fmhandroi: Accessing hidden method Lsun/misc/Unsafe;->compareAndSwapObject(Ljava/lang/Object;JLjava/lang/Object;Ljava/lang/Object;)Z (greylist, linking, allowed)
12-06 15:58:55.313 16003 16003 I ViewInteraction: Performing 'single click' action on view view.getId() is <2131231123/ru.iteco.fmhandroid:id/main_menu_image_button>
12-06 15:58:55.447 16003 16016 I teco.fmhandroi: Background young concurrent copying GC freed 69839(3575KB) AllocSpace objects, 6(240KB) LOS objects, 26% free, 8407KB/11MB, paused 1.115ms total 103.042ms
12-06 15:58:55.684  1776  1776 D gralloc_ranchu: gralloc_alloc: Creating ashmem region of size 2015232
12-06 15:58:55.687  1776  1776 I chatty  : uid=1000(system) allocator@2.0-s identical 1 line
12-06 15:58:55.691  1776  1776 D gralloc_ranchu: gralloc_alloc: Creating ashmem region of size 2015232
12-06 15:58:55.720 16003 16094 D EGL_emulation: eglMakeCurrent: 0xf0c7eb00: ver 2 0 (tinfo 0xf0c89460)
12-06 15:58:55.781 16003 16094 I chatty  : uid=10146(ru.iteco.fmhandroid) RenderThread identical 3 lines
12-06 15:58:55.794 16003 16094 D EGL_emulation: eglMakeCurrent: 0xf0c7eb00: ver 2 0 (tinfo 0xf0c89460)
12-06 15:58:56.004 16003 16047 W teco.fmhandroi: Accessing hidden method Lsun/misc/Unsafe;->compareAndSwapObject(Ljava/lang/Object;JLjava/lang/Object;Ljava/lang/Object;)Z (greylist, linking, allowed)
12-06 15:58:56.006 16003 16003 I ViewInteraction: Performing 'wait for a specific view with <an instance of android.widget.TextView and view.getText() with or without transformation to match: is "Claims"> during 10000 millis.' action on view view.getRootView() to equal view
12-06 15:58:56.011 16003 16003 I ViewInteraction: Performing 'single click' action on view an instance of android.widget.TextView and view.getText() with or without transformation to match: is "Claims"
12-06 15:58:56.162 16003 16129 I okhttp.OkHttpClient: --> GET http://www.981757-ca08998.tmweb.ru:8080/fmh/claims
12-06 15:58:56.162 16003 16129 I okhttp.OkHttpClient: --> END GET
12-06 15:58:56.218 16003 16094 D EGL_emulation: eglMakeCurrent: 0xf0c7eb00: ver 2 0 (tinfo 0xf0c89460)
12-06 15:58:56.233 16003 16094 D EGL_emulation: eglMakeCurrent: 0xf0c7eb00: ver 2 0 (tinfo 0xf0c89460)
12-06 15:58:56.432 16003 16047 W teco.fmhandroi: Accessing hidden method Lsun/misc/Unsafe;->compareAndSwapObject(Ljava/lang/Object;JLjava/lang/Object;Ljava/lang/Object;)Z (greylist, linking, allowed)
12-06 15:58:56.435 16003 16003 I ViewInteraction: Performing 'wait for a specific view with <view.getId() is <2131230849>> during 10000 millis.' action on view view.getRootView() to equal view
12-06 15:58:56.437 16003 16047 W teco.fmhandroi: Accessing hidden method Lsun/misc/Unsafe;->compareAndSwapObject(Ljava/lang/Object;JLjava/lang/Object;Ljava/lang/Object;)Z (greylist, linking, allowed)
12-06 15:58:56.440 16003 16003 I ViewInteraction: Performing 'single click' action on view view.getId() is <2131230849/ru.iteco.fmhandroid:id/add_new_claim_material_button>
12-06 15:58:56.510 16003 16103 I okhttp.OkHttpClient: --> GET http://www.981757-ca08998.tmweb.ru:8080/fmh/users
12-06 15:58:56.510 16003 16103 I okhttp.OkHttpClient: --> END GET
12-06 15:58:56.674 16003 16103 I okhttp.OkHttpClient: <-- 200 http://www.981757-ca08998.tmweb.ru:8080/fmh/users (163ms)
12-06 15:58:56.674 16003 16103 I okhttp.OkHttpClient: Vary: Origin
12-06 15:58:56.674 16003 16103 I okhttp.OkHttpClient: Vary: Access-Control-Request-Method
12-06 15:58:56.674 16003 16103 I okhttp.OkHttpClient: Vary: Access-Control-Request-Headers
12-06 15:58:56.674 16003 16103 I okhttp.OkHttpClient: X-Content-Type-Options: nosniff
12-06 15:58:56.674 16003 16103 I okhttp.OkHttpClient: X-XSS-Protection: 1; mode=block
12-06 15:58:56.674 16003 16103 I okhttp.OkHttpClient: Cache-Control: no-cache, no-store, max-age=0, must-revalidate
12-06 15:58:56.674 16003 16103 I okhttp.OkHttpClient: Pragma: no-cache
12-06 15:58:56.675 16003 16103 I okhttp.OkHttpClient: Expires: 0
12-06 15:58:56.675 16003 16103 I okhttp.OkHttpClient: X-Frame-Options: DENY
12-06 15:58:56.675 16003 16103 I okhttp.OkHttpClient: Content-Type: application/json
12-06 15:58:56.675 16003 16103 I okhttp.OkHttpClient: Transfer-Encoding: chunked
12-06 15:58:56.675 16003 16103 I okhttp.OkHttpClient: Date: Tue, 06 Dec 2022 15:58:58 GMT
12-06 15:58:56.676 16003 16103 I okhttp.OkHttpClient: Keep-Alive: timeout=60
12-06 15:58:56.676 16003 16103 I okhttp.OkHttpClient: Connection: keep-alive
12-06 15:58:56.677 16003 16103 I okhttp.OkHttpClient: [{"id":1,"firstName":"Петр","lastName":"Смирнов","middleName":"Петрович","admin":true},{"id":2,"firstName":"Данил","lastName":"Иванов","middleName":"Данилович","admin":true},{"id":3,"firstName":"Егор","lastName":"Петров","middleName":"Егорович","admin":false},{"id":4,"firstName":"Дмитрий","lastName":"Сидоров","middleName":"Дмитриевич","admin":false},{"id":5,"firstName":"Тест","lastName":"Тестов","middleName":"Тестович","admin":true},{"id":6,"firstName":"Diplom","lastName":"Netology","middleName":"QAMID","admin":true}]
12-06 15:58:56.677 16003 16103 I okhttp.OkHttpClient: <-- END HTTP (622-byte body)
12-06 15:58:56.915 16003 16047 W teco.fmhandroi: Accessing hidden method Lsun/misc/Unsafe;->compareAndSwapObject(Ljava/lang/Object;JLjava/lang/Object;Ljava/lang/Object;)Z (greylist, linking, allowed)
12-06 15:58:56.918 16003 16003 I ViewInteraction: Performing 'wait for a specific view with <view.getId() is <2131231041>> during 10000 millis.' action on view view.getRootView() to equal view
12-06 15:58:56.920 16003 16047 W teco.fmhandroi: Accessing hidden method Lsun/misc/Unsafe;->compareAndSwapObject(Ljava/lang/Object;JLjava/lang/Object;Ljava/lang/Object;)Z (greylist, linking, allowed)
12-06 15:58:56.928 16003 16003 I ViewInteraction: Performing 'single click' action on view view.getId() is <2131231041/ru.iteco.fmhandroid:id/executor_drop_menu_auto_complete_text_view>
12-06 15:58:56.987  2018  2195 I AutofillManagerServiceImpl: Prune session 1945404905 (Token{9212093 null})
12-06 15:58:56.988  2018  2051 D AutofillUI: destroySaveUiUiThread(): already destroyed
12-06 15:58:57.044  1776  1776 D gralloc_ranchu: gralloc_alloc: Creating ashmem region of size 4116480
12-06 15:58:57.046  1776  1776 I chatty  : uid=1000(system) allocator@2.0-s identical 1 line
12-06 15:58:57.048  1776  1776 D gralloc_ranchu: gralloc_alloc: Creating ashmem region of size 4116480
12-06 15:58:57.063 16003 16094 D EGL_emulation: eglMakeCurrent: 0xf0c7eb00: ver 2 0 (tinfo 0xf0c89460)
12-06 15:58:57.099 16003 16003 I AssistStructure: Flattened final assist data: 6984 bytes, containing 2 windows, 53 views
12-06 15:58:57.107  2018  5907 D AutofillSession: Starting partition or augmented request for view id 1073741827@1172080067: STARTED_SESSION
12-06 15:58:57.112  2018  2018 D AutofillSession: cancelCurrentRequest(): id = 54
12-06 15:58:57.119 16003 16094 D EGL_emulation: eglMakeCurrent: 0xf0c7eb00: ver 2 0 (tinfo 0xf0c89460)
12-06 15:58:57.134 16003 16003 I AssistStructure: Flattened final assist data: 6984 bytes, containing 2 windows, 53 views
12-06 15:58:57.155 16003 16094 D EGL_emulation: eglMakeCurrent: 0xf0c7eb00: ver 2 0 (tinfo 0xf0c89460)
12-06 15:58:57.157  2656  2656 W ktk     : Pending fill request while another request in the same session was triggered. [CONTEXT service_id=177 ]
12-06 15:58:57.171  2537  2537 I KeyboardViewUtil: systemKeyboardHeightRatio:1.000000; userKeyboardHeightRatio:1.000000.
12-06 15:58:57.181  2537  2537 I AndroidIME: LatinIme.onActivate() : EditorInfo = Package = ru.iteco.fmhandroid : Type = Text : Learning = Disable : Suggestion = Show : AutoCorrection = Disable : Microphone = Show : NoPersonalizedLearning = Disable
12-06 15:58:57.273  2018  2051 D AutofillUI: destroySaveUiUiThread(): already destroyed
12-06 15:58:57.306  2537  2537 I Conv2QueryExtension: Current locale: en_US, config allows these locales: de,en,es,fr,it,ms,pt,ta
12-06 15:58:57.306  2537  2537 I Conv2QueryExtension: Conv2Query not enabled due to current app [ru.iteco.fmhandroid] not in whitelist
12-06 15:58:57.306  2537  2537 I Conv2QueryExtension: onActivate() : Disabled by unsupported host app
12-06 15:58:57.328  2170  2566 D EGL_emulation: eglMakeCurrent: 0xe594e040: ver 2 0 (tinfo 0xc52450c0)
12-06 15:58:57.376 16003 16047 W teco.fmhandroi: Accessing hidden method Lsun/misc/Unsafe;->compareAndSwapObject(Ljava/lang/Object;JLjava/lang/Object;Ljava/lang/Object;)Z (greylist, linking, allowed)
12-06 15:58:57.379 16003 16003 I ViewInteraction: Performing 'close keyboard' action on view view.getRootView() to equal view
12-06 15:58:57.413  1776  1776 D gralloc_ranchu: gralloc_alloc: Creating ashmem region of size 9826304
12-06 15:58:57.432  1776  1776 I chatty  : uid=1000(system) allocator@2.0-s identical 1 line
12-06 15:58:57.433  1776  1776 D gralloc_ranchu: gralloc_alloc: Creating ashmem region of size 9826304
12-06 15:58:57.484  2537  8546 D EGL_emulation: eglMakeCurrent: 0xc286ce00: ver 2 0 (tinfo 0xc335ede0)
12-06 15:58:57.501 16003 16094 D EGL_emulation: eglMakeCurrent: 0xf0c7eb00: ver 2 0 (tinfo 0xf0c89460)
12-06 15:58:57.570  1776  1776 D gralloc_ranchu: gralloc_alloc: Creating ashmem region of size 3072000
12-06 15:58:57.590 16003 16094 D EGL_emulation: eglMakeCurrent: 0xf0c7eb00: ver 2 0 (tinfo 0xf0c89460)
12-06 15:58:57.610  1776  1776 D gralloc_ranchu: gralloc_alloc: Creating ashmem region of size 3072000
12-06 15:58:57.618  2537  2537 I PhenotypeExpConfig: refreshConfiguration() : Force = false : UpdateAvailable = false : Age = 172 minutes : MaxAge = 720 minutes
12-06 15:58:57.620  2537  2537 I AndroidIME: LatinIme.onDeactivate()
12-06 15:58:57.633 16003 16094 D EGL_emulation: eglMakeCurrent: 0xf0c7eb00: ver 2 0 (tinfo 0xf0c89460)
12-06 15:58:57.650  2537  8546 D EGL_emulation: eglMakeCurrent: 0xc286ce00: ver 2 0 (tinfo 0xc335ede0)
12-06 15:58:57.652 16003 16094 D EGL_emulation: eglMakeCurrent: 0xf0c7eb00: ver 2 0 (tinfo 0xf0c89460)
12-06 15:58:57.665  1776  1776 D gralloc_ranchu: gralloc_alloc: Creating ashmem region of size 3072000
12-06 15:58:57.719 16003 16094 D EGL_emulation: eglMakeCurrent: 0xf0c7eb00: ver 2 0 (tinfo 0xf0c89460)
12-06 15:58:57.744  1776  1776 D gralloc_ranchu: gralloc_alloc: Creating ashmem region of size 4116480
12-06 15:58:57.751 16003 16094 D EGL_emulation: eglMakeCurrent: 0xf0c7eb00: ver 2 0 (tinfo 0xf0c89460)
12-06 15:58:57.767  1776  1776 D gralloc_ranchu: gralloc_alloc: Creating ashmem region of size 4116480
12-06 15:58:57.770 16003 16094 D EGL_emulation: eglMakeCurrent: 0xf0c7eb00: ver 2 0 (tinfo 0xf0c89460)
12-06 15:58:57.783 16003 16094 D EGL_emulation: eglMakeCurrent: 0xf0c7eb00: ver 2 0 (tinfo 0xf0c89460)
12-06 15:58:57.794  1776  1776 D gralloc_ranchu: gralloc_alloc: Creating ashmem region of size 4116480
12-06 15:58:58.022 16003 16094 D EGL_emulation: eglMakeCurrent: 0xf0c7eb00: ver 2 0 (tinfo 0xf0c89460)
12-06 15:58:58.539 16003 16128 I okhttp.OkHttpClient: <-- 200 http://www.981757-ca08998.tmweb.ru:8080/fmh/claims (3412ms)
12-06 15:58:58.539 16003 16128 I okhttp.OkHttpClient: Vary: Origin
12-06 15:58:58.539 16003 16128 I okhttp.OkHttpClient: Vary: Access-Control-Request-Method
12-06 15:58:58.539 16003 16128 I okhttp.OkHttpClient: Vary: Access-Control-Request-Headers
12-06 15:58:58.539 16003 16128 I okhttp.OkHttpClient: X-Content-Type-Options: nosniff
12-06 15:58:58.539 16003 16128 I okhttp.OkHttpClient: X-XSS-Protection: 1; mode=block
12-06 15:58:58.539 16003 16128 I okhttp.OkHttpClient: Cache-Control: no-cache, no-store, max-age=0, must-revalidate
12-06 15:58:58.539 16003 16128 I okhttp.OkHttpClient: Pragma: no-cache
12-06 15:58:58.540 16003 16128 I okhttp.OkHttpClient: Expires: 0
12-06 15:58:58.540 16003 16128 I okhttp.OkHttpClient: X-Frame-Options: DENY
12-06 15:58:58.540 16003 16128 I okhttp.OkHttpClient: Content-Type: application/json
12-06 15:58:58.541 16003 16128 I okhttp.OkHttpClient: Transfer-Encoding: chunked
12-06 15:58:58.541 16003 16128 I okhttp.OkHttpClient: Date: Tue, 06 Dec 2022 15:58:59 GMT
12-06 15:58:58.542 16003 16128 I okhttp.OkHttpClient: Keep-Alive: timeout=60
12-06 15:58:58.542 16003 16128 I okhttp.OkHttpClient: Connection: keep-alive
12-06 15:58:59.339 16003 16094 D EGL_emulation: eglMakeCurrent: 0xf0c7eb00: ver 2 0 (tinfo 0xf0c89460)
12-06 15:58:59.545 16003 16094 I chatty  : uid=10146(ru.iteco.fmhandroid) RenderThread identical 1 line
12-06 15:58:59.563 16003 16094 D EGL_emulation: eglMakeCurrent: 0xf0c7eb00: ver 2 0 (tinfo 0xf0c89460)
12-06 15:58:59.566 16003 16129 I okhttp.OkHttpClient: <-- 200 http://www.981757-ca08998.tmweb.ru:8080/fmh/claims (3403ms)
12-06 15:58:59.566 16003 16129 I okhttp.OkHttpClient: Vary: Origin
12-06 15:58:59.566 16003 16129 I okhttp.OkHttpClient: Vary: Access-Control-Request-Method
12-06 15:58:59.566 16003 16129 I okhttp.OkHttpClient: Vary: Access-Control-Request-Headers
12-06 15:58:59.566 16003 16129 I okhttp.OkHttpClient: X-Content-Type-Options: nosniff
12-06 15:58:59.566 16003 16129 I okhttp.OkHttpClient: X-XSS-Protection: 1; mode=block
12-06 15:58:59.566 16003 16129 I okhttp.OkHttpClient: Cache-Control: no-cache, no-store, max-age=0, must-revalidate
12-06 15:58:59.566 16003 16129 I okhttp.OkHttpClient: Pragma: no-cache
12-06 15:58:59.567 16003 16129 I okhttp.OkHttpClient: Expires: 0
12-06 15:58:59.567 16003 16129 I okhttp.OkHttpClient: X-Frame-Options: DENY
12-06 15:58:59.567 16003 16129 I okhttp.OkHttpClient: Content-Type: application/json
12-06 15:58:59.567 16003 16129 I okhttp.OkHttpClient: Transfer-Encoding: chunked
12-06 15:58:59.567 16003 16129 I okhttp.OkHttpClient: Date: Tue, 06 Dec 2022 15:59:01 GMT
12-06 15:58:59.567 16003 16129 I okhttp.OkHttpClient: Keep-Alive: timeout=60
12-06 15:58:59.567 16003 16129 I okhttp.OkHttpClient: Connection: keep-alive
12-06 15:59:00.004  2170  2170 D KeyguardClockSwitch: Updating clock: 359
12-06 15:59:00.024  2170  2566 D EGL_emulation: eglMakeCurrent: 0xe594e040: ver 2 0 (tinfo 0xc52450c0)
12-06 15:59:00.044 16003 16094 D EGL_emulation: eglMakeCurrent: 0xf0c7eb00: ver 2 0 (tinfo 0xf0c89460)
12-06 15:59:00.251  1764  1891 W audio_hw_generic: Not supplying enough data to HAL, expected position 22952128 , only wrote 22657758
12-06 15:59:00.964 16003 16003 I ViewInteraction: Checking 'MatchesViewAssertion{viewMatcher=(view has effective visibility <VISIBLE> and view.getGlobalVisibleRect() to return non-empty rectangle)}' assertion on view an instance of android.widget.TextView and view.getText() with or without transformation to match: is "Иванов Данил Данилович"
12-06 15:59:00.966 16003 16003 I ViewInteraction: Performing 'single click' action on view an instance of android.widget.TextView and view.getText() with or without transformation to match: is "Иванов Данил Данилович"
12-06 15:59:01.023 16003 16094 D EGL_emulation: eglMakeCurrent: 0xf0c7eb00: ver 2 0 (tinfo 0xf0c89460)
12-06 15:59:01.042 16003 16094 D EGL_emulation: eglMakeCurrent: 0xf0c7eb00: ver 2 0 (tinfo 0xf0c89460)
12-06 15:59:01.084  1764  6994 W audio_hw_generic: Not supplying enough data to HAL, expected position 22657769 , only wrote 22657758
12-06 15:59:01.102  2018  3061 E InputDispatcher: Window handle Window{7d515b6 u0 PopupWindow:c24855} has no registered input channel
12-06 15:59:01.121  2018  2130 E InputDispatcher: Window handle Window{7d515b6 u0 PopupWindow:c24855} has no registered input channel
12-06 15:59:01.268 16003 16003 I ViewInteraction: Performing 'wait for a specific view with <view.getId() is <2131231041/ru.iteco.fmhandroid:id/executor_drop_menu_auto_complete_text_view>> during 10000 millis.' action on view view.getRootView() to equal view
12-06 15:59:01.270 16003 16047 W teco.fmhandroi: Accessing hidden method Lsun/misc/Unsafe;->compareAndSwapObject(Ljava/lang/Object;JLjava/lang/Object;Ljava/lang/Object;)Z (greylist, linking, allowed)
12-06 15:59:01.272 16003 16003 I ViewInteraction: Performing 'single click' action on view view.getId() is <2131231041/ru.iteco.fmhandroid:id/executor_drop_menu_auto_complete_text_view>
12-06 15:59:01.354  1776  1776 D gralloc_ranchu: gralloc_alloc: Creating ashmem region of size 4116480
12-06 15:59:01.358  1776  1776 I chatty  : uid=1000(system) allocator@2.0-s identical 1 line
12-06 15:59:01.359  1776  1776 D gralloc_ranchu: gralloc_alloc: Creating ashmem region of size 4116480
12-06 15:59:01.367 16003 16094 D EGL_emulation: eglMakeCurrent: 0xf0c7eb00: ver 2 0 (tinfo 0xf0c89460)
12-06 15:59:01.397 16003 16094 D EGL_emulation: eglMakeCurrent: 0xf0c7eb00: ver 2 0 (tinfo 0xf0c89460)
12-06 15:59:01.425  1776  1776 D gralloc_ranchu: gralloc_alloc: Creating ashmem region of size 49152
12-06 15:59:01.427  1776  1776 I chatty  : uid=1000(system) allocator@2.0-s identical 1 line
12-06 15:59:01.428  1776  1776 D gralloc_ranchu: gralloc_alloc: Creating ashmem region of size 49152
12-06 15:59:01.430 16003 16094 D EGL_emulation: eglMakeCurrent: 0xf0c7eb00: ver 2 0 (tinfo 0xf0c89460)
12-06 15:59:01.449 16003 16094 I chatty  : uid=10146(ru.iteco.fmhandroid) RenderThread identical 2 lines
12-06 15:59:01.475 16003 16094 D EGL_emulation: eglMakeCurrent: 0xf0c7eb00: ver 2 0 (tinfo 0xf0c89460)
12-06 15:59:01.481  2537  2537 I KeyboardViewUtil: systemKeyboardHeightRatio:1.000000; userKeyboardHeightRatio:1.000000.
12-06 15:59:01.482  2537  2537 I AndroidIME: LatinIme.onActivate() : EditorInfo = Package = ru.iteco.fmhandroid : Type = Text : Learning = Disable : Suggestion = Show : AutoCorrection = Disable : Microphone = Show : NoPersonalizedLearning = Disable
12-06 15:59:01.489 16003 16094 D EGL_emulation: eglMakeCurrent: 0xf0c7eb00: ver 2 0 (tinfo 0xf0c89460)
12-06 15:59:01.500  2537  2537 I Conv2QueryExtension: Current locale: en_US, config allows these locales: de,en,es,fr,it,ms,pt,ta
12-06 15:59:01.500  2537  2537 I Conv2QueryExtension: Conv2Query not enabled due to current app [ru.iteco.fmhandroid] not in whitelist
12-06 15:59:01.500  2537  2537 I Conv2QueryExtension: onActivate() : Disabled by unsupported host app
12-06 15:59:01.517  2170  2566 D EGL_emulation: eglMakeCurrent: 0xe594e040: ver 2 0 (tinfo 0xc52450c0)
12-06 15:59:01.517 16003 16094 D EGL_emulation: eglMakeCurrent: 0xf0c7eb00: ver 2 0 (tinfo 0xf0c89460)
12-06 15:59:01.520  1776  1776 D gralloc_ranchu: gralloc_alloc: Creating ashmem region of size 9826304
12-06 15:59:01.529  1776  1776 I chatty  : uid=1000(system) allocator@2.0-s identical 1 line
12-06 15:59:01.536  1776  1776 D gralloc_ranchu: gralloc_alloc: Creating ashmem region of size 9826304
12-06 15:59:01.539  2537  8546 D EGL_emulation: eglMakeCurrent: 0xc286ce00: ver 2 0 (tinfo 0xc335ede0)
12-06 15:59:01.616  1776  1776 D gralloc_ranchu: gralloc_alloc: Creating ashmem region of size 3072000
12-06 15:59:01.622 16003 16094 D EGL_emulation: eglMakeCurrent: 0xf0c7eb00: ver 2 0 (tinfo 0xf0c89460)
12-06 15:59:01.628  1776  1776 D gralloc_ranchu: gralloc_alloc: Creating ashmem region of size 3072000
12-06 15:59:01.632 16003 16094 D EGL_emulation: eglMakeCurrent: 0xf0c7eb00: ver 2 0 (tinfo 0xf0c89460)
12-06 15:59:01.648 16003 16094 D EGL_emulation: eglMakeCurrent: 0xf0c7eb00: ver 2 0 (tinfo 0xf0c89460)
12-06 15:59:01.656  1776  1776 D gralloc_ranchu: gralloc_alloc: Creating ashmem region of size 3072000
12-06 15:59:01.740  2018  2058 E memtrack: Couldn't load memtrack module
12-06 15:59:01.740  2018  2058 W android.os.Debug: failed to get memory consumption info: -1
12-06 15:59:01.744  2018  2058 E memtrack: Couldn't load memtrack module
12-06 15:59:01.744  2018  2058 W android.os.Debug: failed to get memory consumption info: -1
12-06 15:59:01.857 16003 16094 D EGL_emulation: eglMakeCurrent: 0xf0c7eb00: ver 2 0 (tinfo 0xf0c89460)
12-06 15:59:01.864 16003 16094 D EGL_emulation: eglMakeCurrent: 0xf0c7eb00: ver 2 0 (tinfo 0xf0c89460)
12-06 15:59:01.877 16003 16047 W teco.fmhandroi: Accessing hidden method Lsun/misc/Unsafe;->compareAndSwapObject(Ljava/lang/Object;JLjava/lang/Object;Ljava/lang/Object;)Z (greylist, linking, allowed)
12-06 15:59:01.879 16003 16003 I ViewInteraction: Performing 'close keyboard' action on view view.getRootView() to equal view
12-06 15:59:01.909  2537  2537 I PhenotypeExpConfig: refreshConfiguration() : Force = false : UpdateAvailable = false : Age = 172 minutes : MaxAge = 720 minutes
12-06 15:59:01.914  2537  2537 I AndroidIME: LatinIme.onDeactivate()
12-06 15:59:01.922 16003 16094 D EGL_emulation: eglMakeCurrent: 0xf0c7eb00: ver 2 0 (tinfo 0xf0c89460)
12-06 15:59:01.927  2537  8546 D EGL_emulation: eglMakeCurrent: 0xc286ce00: ver 2 0 (tinfo 0xc335ede0)
12-06 15:59:01.928 16003 16094 D EGL_emulation: eglMakeCurrent: 0xf0c7eb00: ver 2 0 (tinfo 0xf0c89460)
12-06 15:59:01.982  1776  1776 D gralloc_ranchu: gralloc_alloc: Creating ashmem region of size 4116480
12-06 15:59:01.989 16003 16094 D EGL_emulation: eglMakeCurrent: 0xf0c7eb00: ver 2 0 (tinfo 0xf0c89460)
12-06 15:59:02.008  1776  1776 D gralloc_ranchu: gralloc_alloc: Creating ashmem region of size 4116480
12-06 15:59:02.010 16003 16094 D EGL_emulation: eglMakeCurrent: 0xf0c7eb00: ver 2 0 (tinfo 0xf0c89460)
12-06 15:59:02.023 16003 16094 D EGL_emulation: eglMakeCurrent: 0xf0c7eb00: ver 2 0 (tinfo 0xf0c89460)
12-06 15:59:02.033  1776  1776 D gralloc_ranchu: gralloc_alloc: Creating ashmem region of size 4116480
12-06 15:59:02.425 16003 16094 D EGL_emulation: eglMakeCurrent: 0xf0c7eb00: ver 2 0 (tinfo 0xf0c89460)
12-06 15:59:03.573 16003 16094 I chatty  : uid=10146(ru.iteco.fmhandroid) RenderThread identical 1 line
12-06 15:59:03.922 16003 16094 D EGL_emulation: eglMakeCurrent: 0xf0c7eb00: ver 2 0 (tinfo 0xf0c89460)
12-06 15:59:04.533  1764  1891 W audio_hw_generic: Not supplying enough data to HAL, expected position 22960053 , only wrote 22809788
12-06 15:59:05.244 16003 16003 I ViewInteraction: Checking 'MatchesViewAssertion{viewMatcher=(view has effective visibility <VISIBLE> and view.getGlobalVisibleRect() to return non-empty rectangle)}' assertion on view an instance of android.widget.TextView and view.getText() with or without transformation to match: is "Смирнов Петр Петрович"
12-06 15:59:05.245 16003 16003 D takeScreenshot: Found 3 global views to redraw
12-06 15:59:05.261 16003 16094 D EGL_emulation: eglMakeCurrent: 0xf0c7eb00: ver 2 0 (tinfo 0xf0c89460)
12-06 15:59:05.270 16003 16094 D EGL_emulation: eglMakeCurrent: 0xf0c7eb00: ver 2 0 (tinfo 0xf0c89460)
12-06 15:59:05.292  1776  1776 D gralloc_ranchu: gralloc_alloc: Creating ashmem region of size 10108928
12-06 15:59:05.326 16003 16047 W DefaultFailureHandler: Failed to take screenshot
12-06 15:59:05.326 16003 16047 W DefaultFailureHandler: java.io.FileNotFoundException: view-op-error-2.png: open failed: EROFS (Read-only file system)
12-06 15:59:05.326 16003 16047 W DefaultFailureHandler: 	at libcore.io.IoBridge.open(IoBridge.java:496)
12-06 15:59:05.326 16003 16047 W DefaultFailureHandler: 	at java.io.FileOutputStream.<init>(FileOutputStream.java:235)
12-06 15:59:05.326 16003 16047 W DefaultFailureHandler: 	at java.io.FileOutputStream.<init>(FileOutputStream.java:125)
12-06 15:59:05.326 16003 16047 W DefaultFailureHandler: 	at androidx.test.platform.io.FileTestStorage.openOutputFile(FileTestStorage.java:60)
12-06 15:59:05.326 16003 16047 W DefaultFailureHandler: 	at androidx.test.core.graphics.BitmapStorage.writeToTestStorage(BitmapStorageExt.kt:49)
12-06 15:59:05.326 16003 16047 W DefaultFailureHandler: 	at androidx.test.espresso.base.DefaultFailureHandler.takeScreenshot(DefaultFailureHandler.java:4)
12-06 15:59:05.326 16003 16047 W DefaultFailureHandler: 	at androidx.test.espresso.base.DefaultFailureHandler.handle(DefaultFailureHandler.java:3)
12-06 15:59:05.326 16003 16047 W DefaultFailureHandler: 	at androidx.test.espresso.ViewInteraction.waitForAndHandleInteractionResults(ViewInteraction.java:8)
12-06 15:59:05.326 16003 16047 W DefaultFailureHandler: 	at androidx.test.espresso.ViewInteraction.check(ViewInteraction.java:12)
12-06 15:59:05.326 16003 16047 W DefaultFailureHandler: 	at ru.iteco.fmhandroid.ui.data.DataHelper$EspressoBaseTest.clickButton(DataHelper.java:85)
12-06 15:59:05.326 16003 16047 W DefaultFailureHandler: 	at ru.iteco.fmhandroid.ui.steps.CreatingClaimsSteps.selectAClaimExecutorFromTheList(CreatingClaimsSteps.java:44)
12-06 15:59:05.326 16003 16047 W DefaultFailureHandler: 	at ru.iteco.fmhandroid.ui.steps.CreatingClaimsSteps.createClaim(CreatingClaimsSteps.java:140)
12-06 15:59:05.326 16003 16047 W DefaultFailureHandler: 	at ru.iteco.fmhandroid.ui.ClaimEditTest.shouldChangeTheStatusOfTheClaimToInToExecute(ClaimEditTest.java:106)
12-06 15:59:05.326 16003 16047 W DefaultFailureHandler: 	at java.lang.reflect.Method.invoke(Native Method)
12-06 15:59:05.326 16003 16047 W DefaultFailureHandler: 	at org.junit.runners.model.FrameworkMethod$1.runReflectiveCall(FrameworkMethod.java:59)
12-06 15:59:05.326 16003 16047 W DefaultFailureHandler: 	at org.junit.internal.runners.model.ReflectiveCallable.run(ReflectiveCallable.java:12)
12-06 15:59:05.326 16003 16047 W DefaultFailureHandler: 	at org.junit.runners.model.FrameworkMethod.invokeExplosively(FrameworkMethod.java:56)
12-06 15:59:05.326 16003 16047 W DefaultFailureHandler: 	at org.junit.internal.runners.statements.InvokeMethod.evaluate(InvokeMethod.java:17)
