12-02 23:13:34.193  1864  2061 I okhttp.OkHttpClient: X-XSS-Protection: 1; mode=block
12-02 23:13:34.193  1864  2061 I okhttp.OkHttpClient: Cache-Control: no-cache, no-store, max-age=0, must-revalidate
12-02 23:13:34.193  1864  2061 I okhttp.OkHttpClient: Pragma: no-cache
12-02 23:13:34.193  1864  2061 I okhttp.OkHttpClient: Expires: 0
12-02 23:13:34.193  1864  2061 I okhttp.OkHttpClient: X-Frame-Options: DENY
12-02 23:13:34.193  1864  2061 I okhttp.OkHttpClient: Content-Type: application/json
12-02 23:13:34.193  1864  2061 I okhttp.OkHttpClient: Transfer-Encoding: chunked
12-02 23:13:34.193  1864  2061 I okhttp.OkHttpClient: Date: Fri, 02 Dec 2022 20:13:35 GMT
12-02 23:13:34.193  1864  2061 I okhttp.OkHttpClient: Keep-Alive: timeout=60
12-02 23:13:34.193  1864  2061 I okhttp.OkHttpClient: Connection: keep-alive
12-02 23:13:34.193  1864  2093 I okhttp.OkHttpClient: <-- 200 http://www.981757-ca08998.tmweb.ru:8080/fmh/claims (319ms)
12-02 23:13:34.193  1864  2093 I okhttp.OkHttpClient: Vary: Origin
12-02 23:13:34.193  1864  2093 I okhttp.OkHttpClient: Vary: Access-Control-Request-Method
12-02 23:13:34.193  1864  2093 I okhttp.OkHttpClient: Vary: Access-Control-Request-Headers
12-02 23:13:34.193  1864  2093 I okhttp.OkHttpClient: X-Content-Type-Options: nosniff
12-02 23:13:34.193  1864  2093 I okhttp.OkHttpClient: X-XSS-Protection: 1; mode=block
12-02 23:13:34.193  1864  2093 I okhttp.OkHttpClient: Cache-Control: no-cache, no-store, max-age=0, must-revalidate
12-02 23:13:34.194  1864  2093 I okhttp.OkHttpClient: Pragma: no-cache
12-02 23:13:34.195  1864  2093 I okhttp.OkHttpClient: Expires: 0
12-02 23:13:34.195  1864  2093 I okhttp.OkHttpClient: X-Frame-Options: DENY
12-02 23:13:34.195  1864  2093 I okhttp.OkHttpClient: Content-Type: application/json
12-02 23:13:34.195  1864  2093 I okhttp.OkHttpClient: Transfer-Encoding: chunked
12-02 23:13:34.195  1864  2093 I okhttp.OkHttpClient: Date: Fri, 02 Dec 2022 20:13:35 GMT
12-02 23:13:34.195  1864  2093 I okhttp.OkHttpClient: Keep-Alive: timeout=60
12-02 23:13:34.196  1864  2093 I okhttp.OkHttpClient: Connection: keep-alive
12-02 23:13:34.197  1864  2093 I okhttp.OkHttpClient: {"id":2553,"title":"Открытая 69bae10f-eeca-4c2c-87a6-3378b69aea03","description":"Открытая 69bae10f-eeca-4c2c-87a6-3378b69aea03","creatorId":2,"executorId":null,"createDate":1670012013,"planExecuteDate":1675282380,"factExecuteDate":null,"status":"OPEN","creatorName":"Иванов Данил Данилович","executorName":null}
12-02 23:13:34.197  1864  2093 I okhttp.OkHttpClient: <-- END HTTP (348-byte body)
12-02 23:13:34.835  1864  2082 I okhttp.OkHttpClient: <-- 200 http://www.981757-ca08998.tmweb.ru:8080/fmh/claims (3630ms)
12-02 23:13:34.836  1864  2082 I okhttp.OkHttpClient: Vary: Origin
12-02 23:13:34.836  1864  2082 I okhttp.OkHttpClient: Vary: Access-Control-Request-Method
12-02 23:13:34.836  1864  2082 I okhttp.OkHttpClient: Vary: Access-Control-Request-Headers
12-02 23:13:34.836  1864  2082 I okhttp.OkHttpClient: X-Content-Type-Options: nosniff
12-02 23:13:34.836  1864  2082 I okhttp.OkHttpClient: X-XSS-Protection: 1; mode=block
12-02 23:13:34.836  1864  2082 I okhttp.OkHttpClient: Cache-Control: no-cache, no-store, max-age=0, must-revalidate
12-02 23:13:34.836  1864  2082 I okhttp.OkHttpClient: Pragma: no-cache
12-02 23:13:34.836  1864  2082 I okhttp.OkHttpClient: Expires: 0
12-02 23:13:34.836  1864  2082 I okhttp.OkHttpClient: X-Frame-Options: DENY
12-02 23:13:34.836  1864  2082 I okhttp.OkHttpClient: Content-Type: application/json
12-02 23:13:34.836  1864  2082 I okhttp.OkHttpClient: Transfer-Encoding: chunked
12-02 23:13:34.836  1864  2082 I okhttp.OkHttpClient: Date: Fri, 02 Dec 2022 20:13:35 GMT
12-02 23:13:34.836  1864  2082 I okhttp.OkHttpClient: Keep-Alive: timeout=60
12-02 23:13:34.836  1864  2082 I okhttp.OkHttpClient: Connection: keep-alive
12-02 23:13:36.999  1750  1750 W audio_hw_generic: Not supplying enough data to HAL, expected position 452489125 , only wrote 452155067
12-02 23:13:37.098  1864  1864 I ViewInteraction: Performing 'wait for a specific view with <view.getId() is <2131230849/ru.iteco.fmhandroid:id/add_new_claim_material_button>> during 10000 millis.' action on view view.getRootView() to equal view
12-02 23:13:37.100  1864  1864 I ViewInteraction: Performing 'single click' action on view view.getId() is <2131230849/ru.iteco.fmhandroid:id/add_new_claim_material_button>
12-02 23:13:37.150  1864  2052 I okhttp.OkHttpClient: --> GET http://www.981757-ca08998.tmweb.ru:8080/fmh/users
12-02 23:13:37.150  1864  2052 I okhttp.OkHttpClient: --> END GET
12-02 23:13:37.160  1750  3111 W audio_hw_generic: Not supplying enough data to HAL, expected position 452155083 , only wrote 452155067
12-02 23:13:37.285  1864  2052 I okhttp.OkHttpClient: <-- 200 http://www.981757-ca08998.tmweb.ru:8080/fmh/users (135ms)
12-02 23:13:37.286  1864  2052 I okhttp.OkHttpClient: Vary: Origin
12-02 23:13:37.286  1864  2052 I okhttp.OkHttpClient: Vary: Access-Control-Request-Method
12-02 23:13:37.286  1864  2052 I okhttp.OkHttpClient: Vary: Access-Control-Request-Headers
12-02 23:13:37.286  1864  2052 I okhttp.OkHttpClient: X-Content-Type-Options: nosniff
12-02 23:13:37.286  1864  2052 I okhttp.OkHttpClient: X-XSS-Protection: 1; mode=block
12-02 23:13:37.286  1864  2052 I okhttp.OkHttpClient: Cache-Control: no-cache, no-store, max-age=0, must-revalidate
12-02 23:13:37.286  1864  2052 I okhttp.OkHttpClient: Pragma: no-cache
12-02 23:13:37.286  1864  2052 I okhttp.OkHttpClient: Expires: 0
12-02 23:13:37.286  1864  2052 I okhttp.OkHttpClient: X-Frame-Options: DENY
12-02 23:13:37.286  1864  2052 I okhttp.OkHttpClient: Content-Type: application/json
12-02 23:13:37.286  1864  2052 I okhttp.OkHttpClient: Transfer-Encoding: chunked
12-02 23:13:37.286  1864  2052 I okhttp.OkHttpClient: Date: Fri, 02 Dec 2022 20:13:38 GMT
12-02 23:13:37.286  1864  2052 I okhttp.OkHttpClient: Keep-Alive: timeout=60
12-02 23:13:37.286  1864  2052 I okhttp.OkHttpClient: Connection: keep-alive
12-02 23:13:37.287  1864  2052 I okhttp.OkHttpClient: [{"id":1,"firstName":"Петр","lastName":"Смирн��в","middleName":"Петрович","admin":true},{"id":2,"firstName":"Данил","lastName":"Иванов","middleName":"Данилович","admin":true},{"id":3,"firstName":"Егор","lastName":"Петров","middleName":"Егорович","admin":false},{"id":4,"firstName":"Дмитрий","lastName":"Сидоров","middleName":"Дмитриевич","admin":false},{"id":5,"firstName":"Тест","lastName":"Тестов","middleName":"Тестович","admin":true},{"id":6,"firstName":"Diplom","lastName":"Netology","middleName":"QAMID","admin":true}]
12-02 23:13:37.287  1864  2052 I okhttp.OkHttpClient: <-- END HTTP (622-byte body)
12-02 23:13:37.440  1864  1864 I ViewInteraction: Performing 'wait for a specific view with <view.getId() is <2131231041/ru.iteco.fmhandroid:id/executor_drop_menu_auto_complete_text_view>> during 10000 millis.' action on view view.getRootView() to equal view
12-02 23:13:37.443  1864  1864 I ViewInteraction: Performing 'single click' action on view view.getId() is <2131231041/ru.iteco.fmhandroid:id/executor_drop_menu_auto_complete_text_view>
12-02 23:13:37.511  1743  1743 I netd    : firewallSetUidRule(2, 10145, 1) <0.03ms>
12-02 23:13:37.542  1772  1873 D gralloc_ranchu: gralloc_alloc: Creating ashmem region of size 7032832
12-02 23:13:37.546  1772  1873 I chatty  : uid=1000(system) HwBinder:1772_1 identical 1 line
12-02 23:13:37.549  1772  1873 D gralloc_ranchu: gralloc_alloc: Creating ashmem region of size 7032832
12-02 23:13:37.551  1864  2003 D EGL_emulation: eglMakeCurrent: 0xdb91b3e0: ver 2 0 (tinfo 0xdb98eb00)
12-02 23:13:37.576  1864  1864 I AssistStructure: Flattened final assist data: 6984 bytes, containing 2 windows, 53 views
12-02 23:13:37.587  2010  7377 D AutofillSession: Starting partition or augmented request for view id 1073741845@2127035298: STARTED_SESSION
12-02 23:13:37.588  2584  2584 W ktk     : Pending fill request while another request in the same session was triggered. [CONTEXT service_id=177 ]
12-02 23:13:37.600  1864  2003 D EGL_emulation: eglMakeCurrent: 0xdb91b3e0: ver 2 0 (tinfo 0xdb98eb00)
12-02 23:13:37.607  1864  1864 I AssistStructure: Flattened final assist data: 6984 bytes, containing 2 windows, 53 views
12-02 23:13:37.624  1864  2003 D EGL_emulation: eglMakeCurrent: 0xdb91b3e0: ver 2 0 (tinfo 0xdb98eb00)
12-02 23:13:37.626  2486  2486 I KeyboardViewUtil: systemKeyboardHeightRatio:1.000000; userKeyboardHeightRatio:1.000000.
12-02 23:13:37.626  2486  2486 I AndroidIME: LatinIme.onActivate() : EditorInfo = Package = ru.iteco.fmhandroid : Type = Text : Learning = Disable : Suggestion = Show : AutoCorrection = Disable : Microphone = Show : NoPersonalizedLearning = Disable
12-02 23:13:37.640  2486  2486 I Conv2QueryExtension: Current locale: en_US, config allows these locales: de,en,es,fr,it,ms,pt,ta
12-02 23:13:37.640  2486  2486 I Conv2QueryExtension: Conv2Query not enabled due to current app [ru.iteco.fmhandroid] not in whitelist
12-02 23:13:37.640  2486  2486 I Conv2QueryExtension: onActivate() : Disabled by unsupported host app
12-02 23:13:37.649  2169  2501 D EGL_emulation: eglMakeCurrent: 0xdb91a600: ver 2 0 (tinfo 0xdb90f8d0)
12-02 23:13:37.656  1772  1873 D gralloc_ranchu: gralloc_alloc: Creating ashmem region of size 14262272
12-02 23:13:37.660  1772  1873 I chatty  : uid=1000(system) HwBinder:1772_1 identical 1 line
12-02 23:13:37.661  1772  1873 D gralloc_ranchu: gralloc_alloc: Creating ashmem region of size 14262272
12-02 23:13:37.667  2486  6704 D EGL_emulation: eglMakeCurrent: 0xdb91b920: ver 2 0 (tinfo 0xdb90fce0)
12-02 23:13:37.695  2584  2599 I .gms.persisten: Background young concurrent copying GC freed 50456(2849KB) AllocSpace objects, 34(2296KB) LOS objects, 22% free, 11MB/14MB, paused 6.583ms total 80.230ms
12-02 23:13:37.703  1864  2003 D EGL_emulation: eglMakeCurrent: 0xdb91b3e0: ver 2 0 (tinfo 0xdb98eb00)
12-02 23:13:37.725  2010  2034 D AutofillUI: destroySaveUiUiThread(): already destroyed
12-02 23:13:37.729  1772  1873 D gralloc_ranchu: gralloc_alloc: Creating ashmem region of size 4997120
12-02 23:13:37.738  1864  2003 D EGL_emulation: eglMakeCurrent: 0xdb91b3e0: ver 2 0 (tinfo 0xdb98eb00)
12-02 23:13:37.753  1772  1873 D gralloc_ranchu: gralloc_alloc: Creating ashmem region of size 4997120
12-02 23:13:37.756  1864  2003 D EGL_emulation: eglMakeCurrent: 0xdb91b3e0: ver 2 0 (tinfo 0xdb98eb00)
12-02 23:13:37.774  1864  2003 D EGL_emulation: eglMakeCurrent: 0xdb91b3e0: ver 2 0 (tinfo 0xdb98eb00)
12-02 23:13:37.781  2584  2584 W ktk     : Pending fill request while another request in the same session was triggered. [CONTEXT service_id=177 ]
12-02 23:13:37.786  1772  1873 D gralloc_ranchu: gralloc_alloc: Creating ashmem region of size 4997120
12-02 23:13:37.849  1864  1864 I ViewInteraction: Performing 'close keyboard' action on view view.getRootView() to equal view
12-02 23:13:37.854  2486  2486 I PhenotypeExpConfig: refreshConfiguration() : Force = false : UpdateAvailable = false : Age = 431 minutes : MaxAge = 720 minutes
12-02 23:13:37.855  2486  2486 I AndroidIME: LatinIme.onDeactivate()
12-02 23:13:37.856  1743  1743 I netd    : firewallSetUidRule(2, 10145, 2) <0.09ms>
12-02 23:13:37.866  2486  6704 D EGL_emulation: eglMakeCurrent: 0xdb91b920: ver 2 0 (tinfo 0xdb90fce0)
12-02 23:13:37.895  1864  2003 D EGL_emulation: eglMakeCurrent: 0xdb91b3e0: ver 2 0 (tinfo 0xdb98eb00)
12-02 23:13:37.922  1772  1873 D gralloc_ranchu: gralloc_alloc: Creating ashmem region of size 7032832
12-02 23:13:37.929  1864  2003 D EGL_emulation: eglMakeCurrent: 0xdb91b3e0: ver 2 0 (tinfo 0xdb98eb00)
12-02 23:13:37.955  1772  1873 D gralloc_ranchu: gralloc_alloc: Creating ashmem region of size 7032832
12-02 23:13:37.958  1864  2003 D EGL_emulation: eglMakeCurrent: 0xdb91b3e0: ver 2 0 (tinfo 0xdb98eb00)
12-02 23:13:37.973  1864  2003 D EGL_emulation: eglMakeCurrent: 0xdb91b3e0: ver 2 0 (tinfo 0xdb98eb00)
12-02 23:13:37.982  1772  1873 D gralloc_ranchu: gralloc_alloc: Creating ashmem region of size 7032832
12-02 23:13:38.000  1864  2003 D EGL_emulation: eglMakeCurrent: 0xdb91b3e0: ver 2 0 (tinfo 0xdb98eb00)
12-02 23:13:39.557  1864  2003 I chatty  : uid=10159(ru.iteco.fmhandroid) RenderThread identical 3 lines
12-02 23:13:40.035  1864  2003 D EGL_emulation: eglMakeCurrent: 0xdb91b3e0: ver 2 0 (tinfo 0xdb98eb00)
12-02 23:13:40.713  1750  1750 W audio_hw_generic: Not supplying enough data to HAL, expected position 452466710 , only wrote 452311724
12-02 23:13:41.166  1864  1864 I ViewInteraction: Checking 'MatchesViewAssertion{viewMatcher=(view has effective visibility <VISIBLE> and view.getGlobalVisibleRect() to return non-empty rectangle)}' assertion on view an instance of android.widget.TextView and view.getText() with or without transformation to match: is "Иванов Данил Данилович"
12-02 23:13:41.168  1864  1864 I ViewInteraction: Performing 'single click' action on view an instance of android.widget.TextView and view.getText() with or without transformation to match: is "Иванов Данил Данилович"
12-02 23:13:41.215  1864  2003 D EGL_emulation: eglMakeCurrent: 0xdb91b3e0: ver 2 0 (tinfo 0xdb98eb00)
12-02 23:13:41.284  1750  3111 W audio_hw_generic: Not supplying enough data to HAL, expected position 452311747 , only wrote 452311724
12-02 23:13:41.297  1864  2003 D EGL_emulation: eglMakeCurrent: 0xdb91b3e0: ver 2 0 (tinfo 0xdb98eb00)
12-02 23:13:41.309  1864  2003 D EGL_emulation: eglMakeCurrent: 0xdb91b3e0: ver 2 0 (tinfo 0xdb98eb00)
12-02 23:13:41.313  2010  7377 E InputDispatcher: Window handle Window{8b9bbbe u0 PopupWindow:8d225f5} has no registered input channel
12-02 23:13:41.437  1864  1864 I ViewInteraction: Performing 'wait for a specific view with <(view.getId() is <2131231402/ru.iteco.fmhandroid:id/title_edit_text> and view.getParent() view.getParent() view.getId() is <2131231406/ru.iteco.fmhandroid:id/title_text_input_layout>)> during 10000 millis.' action on view view.getRootView() to equal view
12-02 23:13:41.439  1864  1864 I ViewInteraction: Performing 'replace text(Выполнено f0cf5908-f6a9-4a81-a4c7-fa05973d3f17)' action on view (view.getId() is <2131231402/ru.iteco.fmhandroid:id/title_edit_text> and view.getParent() view.getParent() view.getId() is <2131231406/ru.iteco.fmhandroid:id/title_text_input_layout>)
12-02 23:13:41.495  1864  1864 I ViewInteraction: Performing 'wait for a specific view with <view.getId() is <2131230975/ru.iteco.fmhandroid:id/date_in_plan_text_input_edit_text>> during 10000 millis.' action on view view.getRootView() to equal view
12-02 23:13:41.497  1864  1864 I ViewInteraction: Performing 'single click' action on view view.getId() is <2131230975/ru.iteco.fmhandroid:id/date_in_plan_text_input_edit_text>
12-02 23:13:41.595  1772  1873 D gralloc_ranchu: gralloc_alloc: Creating ashmem region of size 10964992
12-02 23:13:41.601  1772  1873 I chatty  : uid=1000(system) HwBinder:1772_1 identical 1 line
12-02 23:13:41.603  1772  1873 D gralloc_ranchu: gralloc_alloc: Creating ashmem region of size 10964992
12-02 23:13:41.605  1864  2003 D EGL_emulation: eglMakeCurrent: 0xdb91b3e0: ver 2 0 (tinfo 0xdb98eb00)
12-02 23:13:41.670  1864  2003 I chatty  : uid=10159(ru.iteco.fmhandroid) RenderThread identical 1 line
12-02 23:13:41.693  1864  2003 D EGL_emulation: eglMakeCurrent: 0xdb91b3e0: ver 2 0 (tinfo 0xdb98eb00)
12-02 23:13:42.103  1864  1864 I ViewInteraction: Performing 'wait for a specific view with <is assignable from class <class android.widget.DatePicker>> during 10000 millis.' action on view view.getRootView() to equal view
12-02 23:13:42.105  1864  1864 I ViewInteraction: Checking 'MatchesViewAssertion{viewMatcher=(view has effective visibility <VISIBLE> and view.getGlobalVisibleRect() to return non-empty rectangle)}' assertion on view is assignable from class <class android.widget.DatePicker>
12-02 23:13:42.108  1864  1864 I ViewInteraction: Performing 'wait for a specific view with <is assignable from class <class android.widget.DatePicker>> during 10000 millis.' action on view view.getRootView() to equal view
12-02 23:13:42.110  1864  1864 I ViewInteraction: Performing 'set date' action on view is assignable from class <class android.widget.DatePicker>
12-02 23:13:42.135  1864  1864 I ViewInteraction: Performing 'wait for a specific view with <view.getId() is <16908313/android:id/button1>> during 10000 millis.' action on view view.getRootView() to equal view
12-02 23:13:42.138  1864  1864 I ViewInteraction: Performing 'single click' action on view view.getId() is <16908313/android:id/button1>
12-02 23:13:42.210  1864  2003 D EGL_emulation: eglMakeCurrent: 0xdb91b3e0: ver 2 0 (tinfo 0xdb98eb00)
12-02 23:13:42.216  2010  2346 E InputDispatcher: Window handle Window{122e683 u0 ru.iteco.fmhandroid/ru.iteco.fmhandroid.ui.AppActivity} has no registered input channel
12-02 23:13:42.224  1864  2003 D EGL_emulation: eglMakeCurrent: 0xdb91b3e0: ver 2 0 (tinfo 0xdb98eb00)
12-02 23:13:42.469  1864  1864 I ViewInteraction: Performing 'wait for a specific view with <(an instance of android.widget.TextView and view.getHint() matching: is "Time" and view.getParent() view.getParent() view.getId() is <2131231399/ru.iteco.fmhandroid:id/time_in_plan_text_input_layout>)> during 10000 millis.' action on view view.getRootView() to equal view
12-02 23:13:42.471  1864  1864 I ViewInteraction: Performing 'single click' action on view (an instance of android.widget.TextView and view.getHint() matching: is "Time" and view.getParent() view.getParent() view.getId() is <2131231399/ru.iteco.fmhandroid:id/time_in_plan_text_input_layout>)
12-02 23:13:42.592  1772  1873 D gralloc_ranchu: gralloc_alloc: Creating ashmem region of size 9261056
12-02 23:13:42.596  1772  1873 I chatty  : uid=1000(system) HwBinder:1772_1 identical 1 line
12-02 23:13:42.600  1772  1873 D gralloc_ranchu: gralloc_alloc: Creating ashmem region of size 9261056
12-02 23:13:42.603  1864  2003 D EGL_emulation: eglMakeCurrent: 0xdb91b3e0: ver 2 0 (tinfo 0xdb98eb00)
12-02 23:13:42.644  1864  2003 D EGL_emulation: eglMakeCurrent: 0xdb91b3e0: ver 2 0 (tinfo 0xdb98eb00)
12-02 23:13:42.884  1864  1864 I ViewInteraction: Performing 'wait for a specific view with <is assignable from class <class android.widget.TimePicker>> during 10000 millis.' action on view view.getRootView() to equal view
12-02 23:13:42.886  1864  1864 I ViewInteraction: Checking 'MatchesViewAssertion{viewMatcher=(view has effective visibility <VISIBLE> and view.getGlobalVisibleRect() to return non-empty rectangle)}' assertion on view is assignable from class <class android.widget.TimePicker>
12-02 23:13:42.888  1864  1864 I ViewInteraction: Performing 'wait for a specific view with <is assignable from class <class android.widget.TimePicker>> during 10000 millis.' action on view view.getRootView() to equal view
12-02 23:13:42.891  1864  1864 I ViewInteraction: Performing 'set time' action on view is assignable from class <class android.widget.TimePicker>
12-02 23:13:42.893  1864  1864 I ViewInteraction: Performing 'wait for a specific view with <view.getId() is <16908313/android:id/button1>> during 10000 millis.' action on view view.getRootView() to equal view
12-02 23:13:42.895  1864  1864 I ViewInteraction: Performing 'single click' action on view view.getId() is <16908313/android:id/button1>
12-02 23:13:42.949  1864  2003 D EGL_emulation: eglMakeCurrent: 0xdb91b3e0: ver 2 0 (tinfo 0xdb98eb00)
12-02 23:13:42.967  1864  2003 D EGL_emulation: eglMakeCurrent: 0xdb91b3e0: ver 2 0 (tinfo 0xdb98eb00)
12-02 23:13:42.981  2010  2088 E InputDispatcher: Window handle Window{41d5b2e u0 ru.iteco.fmhandroid/ru.iteco.fmhandroid.ui.AppActivity} has no registered input channel
12-02 23:13:42.986  1864  2003 D EGL_emulation: eglMakeCurrent: 0xdb91b3e0: ver 2 0 (tinfo 0xdb98eb00)
12-02 23:13:43.227  1864  1864 I ViewInteraction: Performing 'wait for a specific view with <(an instance of android.widget.TextView and view.getHint() matching: is "Description" and view.getParent() view.getParent() view.getId() is <2131230988/ru.iteco.fmhandroid:id/description_text_input_layout>)> during 10000 millis.' action on view view.getRootView() to equal view
12-02 23:13:43.230  1864  1864 I ViewInteraction: Performing 'replace text(Выполнено f0cf5908-f6a9-4a81-a4c7-fa05973d3f17)' action on view (an instance of android.widget.TextView and view.getHint() matching: is "Description" and view.getParent() view.getParent() view.getId() is <2131230988/ru.iteco.fmhandroid:id/description_text_input_layout>)
12-02 23:13:43.269  1864  1864 I ViewInteraction: Performing 'wait for a specific view with <view.getId() is <2131231291/ru.iteco.fmhandroid:id/save_button>> during 10000 millis.' action on view view.getRootView() to equal view
12-02 23:13:43.272  1864  1864 I ViewInteraction: Performing 'single click' action on view view.getId() is <2131231291/ru.iteco.fmhandroid:id/save_button>
12-02 23:13:43.337  1864  2093 I okhttp.OkHttpClient: --> POST http://www.981757-ca08998.tmweb.ru:8080/fmh/claims
12-02 23:13:43.337  1864  2093 I okhttp.OkHttpClient: Content-Type: application/json; charset=UTF-8
12-02 23:13:43.337  1864  2093 I okhttp.OkHttpClient: Content-Length: 296
12-02 23:13:43.337  1864  2093 I okhttp.OkHttpClient: {"createDate":1670012023,"creatorId":2,"creatorName":"Иванов Данил Данилович","description":"Выполне��о f0cf5908-f6a9-4a81-a4c7-fa05973d3f17","executorId":2,"planExecuteDate":1702152780,"status":"OPEN","title":"Выполнено f0cf5908-f6a9-4a81-a4c7-fa05973d3f17"}
12-02 23:13:43.337  1864  2093 I okhttp.OkHttpClient: --> END POST (296-byte body)
12-02 23:13:43.478  1864  2093 I okhttp.OkHttpClient: <-- 200 http://www.981757-ca08998.tmweb.ru:8080/fmh/claims (140ms)
12-02 23:13:43.478  1864  2093 I okhttp.OkHttpClient: Vary: Origin
12-02 23:13:43.478  1864  2093 I okhttp.OkHttpClient: Vary: Access-Control-Request-Method
12-02 23:13:43.478  1864  2093 I okhttp.OkHttpClient: Vary: Access-Control-Request-Headers
12-02 23:13:43.478  1864  2093 I okhttp.OkHttpClient: X-Content-Type-Options: nosniff
12-02 23:13:43.478  1864  2093 I okhttp.OkHttpClient: X-XSS-Protection: 1; mode=block
12-02 23:13:43.478  1864  2093 I okhttp.OkHttpClient: Cache-Control: no-cache, no-store, max-age=0, must-revalidate
12-02 23:13:43.478  1864  2093 I okhttp.OkHttpClient: Pragma: no-cache
12-02 23:13:43.478  1864  2093 I okhttp.OkHttpClient: Expires: 0
12-02 23:13:43.478  1864  2093 I okhttp.OkHttpClient: X-Frame-Options: DENY
12-02 23:13:43.478  1864  2093 I okhttp.OkHttpClient: Content-Type: application/json
12-02 23:13:43.478  1864  2093 I okhttp.OkHttpClient: Transfer-Encoding: chunked
12-02 23:13:43.478  1864  2093 I okhttp.OkHttpClient: Date: Fri, 02 Dec 2022 20:13:44 GMT
12-02 23:13:43.478  1864  2093 I okhttp.OkHttpClient: Keep-Alive: timeout=60
12-02 23:13:43.479  1864  2093 I okhttp.OkHttpClient: Connection: keep-alive
12-02 23:13:43.480  1864  2093 I okhttp.OkHttpClient: {"id":2554,"title":"Выполнено f0cf5908-f6a9-4a81-a4c7-fa05973d3f17","description":"Выполнено f0cf5908-f6a9-4a81-a4c7-fa05973d3f17","creatorId":2,"executorId":2,"createDate":1670012023,"planExecuteDate":1702152780,"factExecuteDate":null,"status":"IN_PROGRESS","creatorName":"Иванов Данил Данилович","executorName":"Иванов Данил Данилов��ч"}
12-02 23:13:43.480  1864  2093 I okhttp.OkHttpClient: <-- END HTTP (396-byte body)
12-02 23:13:43.625  1864  1864 I ViewInteraction: Performing 'wait for a specific view with <view.getId() is <2131230849/ru.iteco.fmhandroid:id/add_new_claim_material_button>> during 10000 millis.' action on view view.getRootView() to equal view
12-02 23:13:43.627  1864  1864 I ViewInteraction: Performing 'single click' action on view view.getId() is <2131230849/ru.iteco.fmhandroid:id/add_new_claim_material_button>
12-02 23:13:43.685  1864  2052 I okhttp.OkHttpClient: --> GET http://www.981757-ca08998.tmweb.ru:8080/fmh/users
12-02 23:13:43.686  1864  2052 I okhttp.OkHttpClient: --> END GET
12-02 23:13:43.839  1864  2052 I okhttp.OkHttpClient: <-- 200 http://www.981757-ca08998.tmweb.ru:8080/fmh/users (152ms)
12-02 23:13:43.839  1864  2052 I okhttp.OkHttpClient: Vary: Origin
12-02 23:13:43.839  1864  2052 I okhttp.OkHttpClient: Vary: Access-Control-Request-Method
12-02 23:13:43.839  1864  2052 I okhttp.OkHttpClient: Vary: Access-Control-Request-Headers
12-02 23:13:43.839  1864  2052 I okhttp.OkHttpClient: X-Content-Type-Options: nosniff
12-02 23:13:43.839  1864  2052 I okhttp.OkHttpClient: X-XSS-Protection: 1; mode=block
12-02 23:13:43.839  1864  2052 I okhttp.OkHttpClient: Cache-Control: no-cache, no-store, max-age=0, must-revalidate
12-02 23:13:43.839  1864  2052 I okhttp.OkHttpClient: Pragma: no-cache
12-02 23:13:43.839  1864  2052 I okhttp.OkHttpClient: Expires: 0
12-02 23:13:43.840  1864  2052 I okhttp.OkHttpClient: X-Frame-Options: DENY
12-02 23:13:43.840  1864  2052 I okhttp.OkHttpClient: Content-Type: application/json
12-02 23:13:43.840  1864  2052 I okhttp.OkHttpClient: Transfer-Encoding: chunked
12-02 23:13:43.840  1864  2052 I okhttp.OkHttpClient: Date: Fri, 02 Dec 2022 20:13:44 GMT
12-02 23:13:43.840  1864  2052 I okhttp.OkHttpClient: Keep-Alive: timeout=60
12-02 23:13:43.840  1864  2052 I okhttp.OkHttpClient: Connection: keep-alive
12-02 23:13:43.906  1864  1864 I ViewInteraction: Performing 'wait for a specific view with <(view.getId() is <2131231402/ru.iteco.fmhandroid:id/title_edit_text> and view.getParent() view.getParent() view.getId() is <2131231406/ru.iteco.fmhandroid:id/title_text_input_layout>)> during 10000 millis.' action on view view.getRootView() to equal view
12-02 23:13:44.361  1864  2052 I okhttp.OkHttpClient: [{"id":1,"firstName":"Петр","lastName":"Смирнов","middleName":"Петрович","admin":true},{"id":2,"firstName":"Данил","lastName":"Иванов","middleName":"Данилов��ч","admin":true},{"id":3,"firstName":"Егор","lastName":"Петров","middleName":"Егорович","admin":false},{"id":4,"firstName":"Дмитрий","lastName":"Сидоров","middleName":"Дмитриевич","admin":false},{"id":5,"firstName":"Тест","lastName":"Тестов","middleName":"Тестович","admin":true},{"id":6,"firstName":"Diplom","lastName":"Netology","middleName":"QAMID","admin":true}]
12-02 23:13:44.361  1864  2052 I okhttp.OkHttpClient: <-- END HTTP (622-byte body)
12-02 23:13:44.441  1864  1864 I ViewInteraction: Performing 'replace text(В работе abb1031f-6312-4033-b02d-887d0ab98e57)' action on view (view.getId() is <2131231402/ru.iteco.fmhandroid:id/title_edit_text> and view.getParent() view.getParent() view.getId() is <2131231406/ru.iteco.fmhandroid:id/title_text_input_layout>)
12-02 23:13:44.473  1864  1864 I ViewInteraction: Performing 'wait for a specific view with <view.getId() is <2131230975/ru.iteco.fmhandroid:id/date_in_plan_text_input_edit_text>> during 10000 millis.' action on view view.getRootView() to equal view
12-02 23:13:44.476  1864  1864 I ViewInteraction: Performing 'single click' action on view view.getId() is <2131230975/ru.iteco.fmhandroid:id/date_in_plan_text_input_edit_text>
12-02 23:13:44.596  1772  1873 D gralloc_ranchu: gralloc_alloc: Creating ashmem region of size 10964992
12-02 23:13:44.603  1772  1873 I chatty  : uid=1000(system) HwBinder:1772_1 identical 1 line
12-02 23:13:44.604  1772  1873 D gralloc_ranchu: gralloc_alloc: Creating ashmem region of size 10964992
12-02 23:13:44.607  1864  2003 D EGL_emulation: eglMakeCurrent: 0xdb91b3e0: ver 2 0 (tinfo 0xdb98eb00)
12-02 23:13:44.687  1864  2003 I chatty  : uid=10159(ru.iteco.fmhandroid) RenderThread identical 3 lines
12-02 23:13:44.707  1864  2003 D EGL_emulation: eglMakeCurrent: 0xdb91b3e0: ver 2 0 (tinfo 0xdb98eb00)
12-02 23:13:45.104  1864  1864 I ViewInteraction: Performing 'wait for a specific view with <is assignable from class <class android.widget.DatePicker>> during 10000 millis.' action on view view.getRootView() to equal view
12-02 23:13:45.106  1864  1864 I ViewInteraction: Checking 'MatchesViewAssertion{viewMatcher=(view has effective visibility <VISIBLE> and view.getGlobalVisibleRect() to return non-empty rectangle)}' assertion on view is assignable from class <class android.widget.DatePicker>
12-02 23:13:45.109  1864  1864 I ViewInteraction: Performing 'wait for a specific view with <is assignable from class <class android.widget.DatePicker>> during 10000 millis.' action on view view.getRootView() to equal view
12-02 23:13:45.111  1864  1864 I ViewInteraction: Performing 'set date' action on view is assignable from class <class android.widget.DatePicker>
12-02 23:13:45.153  1864  1864 I ViewInteraction: Performing 'wait for a specific view with <view.getId() is <16908313/android:id/button1>> during 10000 millis.' action on view view.getRootView() to equal view
12-02 23:13:45.156  1864  1864 I ViewInteraction: Performing 'single click' action on view view.getId() is <16908313/android:id/button1>
12-02 23:13:45.246  1864  2003 D EGL_emulation: eglMakeCurrent: 0xdb91b3e0: ver 2 0 (tinfo 0xdb98eb00)
12-02 23:13:45.260  1864  2003 D EGL_emulation: eglMakeCurrent: 0xdb91b3e0: ver 2 0 (tinfo 0xdb98eb00)
12-02 23:13:45.264  2010  2346 E InputDispatcher: Window handle Window{e756089 u0 ru.iteco.fmhandroid/ru.iteco.fmhandroid.ui.AppActivity} has no registered input channel
12-02 23:13:45.516  1864  1864 I ViewInteraction: Performing 'wait for a specific view with <(an instance of android.widget.TextView and view.getHint() matching: is "Time" and view.getParent() view.getParent() view.getId() is <2131231399/ru.iteco.fmhandroid:id/time_in_plan_text_input_layout>)> during 10000 millis.' action on view view.getRootView() to equal view
12-02 23:13:45.519  1864  1864 I ViewInteraction: Performing 'single click' action on view (an instance of android.widget.TextView and view.getHint() matching: is "Time" and view.getParent() view.getParent() view.getId() is <2131231399/ru.iteco.fmhandroid:id/time_in_plan_text_input_layout>)
12-02 23:13:45.648  1772  1873 D gralloc_ranchu: gralloc_alloc: Creating ashmem region of size 9261056
12-02 23:13:45.653  1772  1873 I chatty  : uid=1000(system) HwBinder:1772_1 identical 1 line
12-02 23:13:45.654  1772  1873 D gralloc_ranchu: gralloc_alloc: Creating ashmem region of size 9261056
12-02 23:13:45.660  1864  2003 D EGL_emulation: eglMakeCurrent: 0xdb91b3e0: ver 2 0 (tinfo 0xdb98eb00)
12-02 23:13:45.692  1864  2003 D EGL_emulation: eglMakeCurrent: 0xdb91b3e0: ver 2 0 (tinfo 0xdb98eb00)
12-02 23:13:45.697  1864  1909 I teco.fmhandroi: Background concurrent copying GC freed 89011(3837KB) AllocSpace objects, 1(16KB) LOS objects, 29% free, 14MB/20MB, paused 400us total 100.453ms
12-02 23:13:45.711  1864  2003 D EGL_emulation: eglMakeCurrent: 0xdb91b3e0: ver 2 0 (tinfo 0xdb98eb00)
12-02 23:13:45.736  1864  2003 D EGL_emulation: eglMakeCurrent: 0xdb91b3e0: ver 2 0 (tinfo 0xdb98eb00)
12-02 23:13:45.974  1864  1864 I ViewInteraction: Performing 'wait for a specific view with <is assignable from class <class android.widget.TimePicker>> during 10000 millis.' action on view view.getRootView() to equal view
12-02 23:13:45.977  1864  1864 I ViewInteraction: Checking 'MatchesViewAssertion{viewMatcher=(view has effective visibility <VISIBLE> and view.getGlobalVisibleRect() to return non-empty rectangle)}' assertion on view is assignable from class <class android.widget.TimePicker>
12-02 23:13:45.979  1864  1864 I ViewInteraction: Performing 'wait for a specific view with <is assignable from class <class android.widget.TimePicker>> during 10000 millis.' action on view view.getRootView() to equal view
12-02 23:13:45.981  1864  1864 I ViewInteraction: Performing 'set time' action on view is assignable from class <class android.widget.TimePicker>
12-02 23:13:45.983  1864  1864 I ViewInteraction: Performing 'wait for a specific view with <view.getId() is <16908313/android:id/button1>> during 10000 millis.' action on view view.getRootView() to equal view
12-02 23:13:45.986  1864  1864 I ViewInteraction: Performing 'single click' action on view view.getId() is <16908313/android:id/button1>
12-02 23:13:46.123  1864  2003 D EGL_emulation: eglMakeCurrent: 0xdb91b3e0: ver 2 0 (tinfo 0xdb98eb00)
12-02 23:13:46.138  1864  2003 D EGL_emulation: eglMakeCurrent: 0xdb91b3e0: ver 2 0 (tinfo 0xdb98eb00)
12-02 23:13:46.332  2010  2346 E InputDispatcher: Window handle Window{d5c00b5 u0 ru.iteco.fmhandroid/ru.iteco.fmhandroid.ui.AppActivity} has no registered input channel
12-02 23:13:46.564  1864  1864 I ViewInteraction: Performing 'wait for a specific view with <(an instance of android.widget.TextView and view.getHint() matching: is "Description" and view.getParent() view.getParent() view.getId() is <2131230988/ru.iteco.fmhandroid:id/description_text_input_layout>)> during 10000 millis.' action on view view.getRootView() to equal view
12-02 23:13:46.566  1864  1864 I ViewInteraction: Performing 'replace text(В работе abb1031f-6312-4033-b02d-887d0ab98e57)' action on view (an instance of android.widget.TextView and view.getHint() matching: is "Description" and view.getParent() view.getParent() view.getId() is <2131230988/ru.iteco.fmhandroid:id/description_text_input_layout>)
12-02 23:13:46.604  1864  1864 I ViewInteraction: Performing 'wait for a specific view with <view.getId() is <2131231291/ru.iteco.fmhandroid:id/save_button>> during 10000 millis.' action on view view.getRootView() to equal view
12-02 23:13:46.607  1864  1864 I ViewInteraction: Performing 'single click' action on view view.getId() is <2131231291/ru.iteco.fmhandroid:id/save_button>
12-02 23:13:46.668  1864  2093 I okhttp.OkHttpClient: --> POST http://www.981757-ca08998.tmweb.ru:8080/fmh/claims
12-02 23:13:46.668  1864  2093 I okhttp.OkHttpClient: Content-Type: application/json; charset=UTF-8
12-02 23:13:46.669  1864  2093 I okhttp.OkHttpClient: Content-Length: 275
12-02 23:13:46.669  1864  2093 I okhttp.OkHttpClient: {"createDate":1670012026,"creatorId":2,"creatorName":"Иванов Данил Данилович","description":"В работе abb1031f-6312-4033-b02d-887d0ab98e57","planExecuteDate":1699819980,"status":"OPEN","title":"В работе abb1031f-6312-4033-b02d-887d0ab98e57"}
12-02 23:13:46.669  1864  2093 I okhttp.OkHttpClient: --> END POST (275-byte body)
12-02 23:13:46.818  1864  2093 I okhttp.OkHttpClient: <-- 200 http://www.981757-ca08998.tmweb.ru:8080/fmh/claims (148ms)
12-02 23:13:46.818  1864  2093 I okhttp.OkHttpClient: Vary: Origin
12-02 23:13:46.818  1864  2093 I okhttp.OkHttpClient: Vary: Access-Control-Request-Method
12-02 23:13:46.818  1864  2093 I okhttp.OkHttpClient: Vary: Access-Control-Request-Headers
12-02 23:13:46.818  1864  2093 I okhttp.OkHttpClient: X-Content-Type-Options: nosniff
12-02 23:13:46.818  1864  2093 I okhttp.OkHttpClient: X-XSS-Protection: 1; mode=block
12-02 23:13:46.818  1864  2093 I okhttp.OkHttpClient: Cache-Control: no-cache, no-store, max-age=0, must-revalidate
12-02 23:13:46.818  1864  2093 I okhttp.OkHttpClient: Pragma: no-cache
12-02 23:13:46.818  1864  2093 I okhttp.OkHttpClient: Expires: 0
12-02 23:13:46.818  1864  2093 I okhttp.OkHttpClient: X-Frame-Options: DENY
12-02 23:13:46.820  1864  2093 I okhttp.OkHttpClient: Content-Type: application/json
12-02 23:13:46.820  1864  2093 I okhttp.OkHttpClient: Transfer-Encoding: chunked
12-02 23:13:46.820  1864  2093 I okhttp.OkHttpClient: Date: Fri, 02 Dec 2022 20:13:47 GMT
12-02 23:13:46.820  1864  2093 I okhttp.OkHttpClient: Keep-Alive: timeout=60
12-02 23:13:46.820  1864  2093 I okhttp.OkHttpClient: Connection: keep-alive
12-02 23:13:46.821  1864  2093 I okhttp.OkHttpClient: {"id":2555,"title":"В работе abb1031f-6312-4033-b02d-887d0ab98e57","description":"В работе abb1031f-6312-4033-b02d-887d0ab98e57","creatorId":2,"executorId":null,"createDate":1670012026,"planExecuteDate":1699819980,"factExecuteDate":null,"status":"OPEN","creatorName":"Иванов Данил Данилович","executorName":null}
12-02 23:13:46.821  1864  2093 I okhttp.OkHttpClient: <-- END HTTP (346-byte body)
12-02 23:13:49.813  1750  1750 W audio_hw_generic: Not supplying enough data to HAL, expected position 453062124 , only wrote 452687833
12-02 23:13:49.888  1864  1864 I ViewInteraction: Performing 'wait for a specific view with <view.getId() is <2131230916/ru.iteco.fmhandroid:id/claim_list_recycler_view>> during 10000 millis.' action on view view.getRootView() to equal view
12-02 23:13:49.891  1864  1864 I ViewInteraction: Checking 'MatchesViewAssertion{viewMatcher=(view has effective visibility <VISIBLE> and view.getGlobalVisibleRect() to return non-empty rectangle)}' assertion on view view.getId() is <2131230916/ru.iteco.fmhandroid:id/claim_list_recycler_view>
12-02 23:13:49.893  1864  1864 I ViewInteraction: Performing 'scroll RecyclerView to: holder with view: (view is an instance of android.view.ViewGroup and has descendant matching an instance of android.widget.TextView and view.getText() with or without transformation to match: is "Выполнено f0cf5908-f6a9-4a81-a4c7-fa05973d3f17")' action on view view.getId() is <2131230916/ru.iteco.fmhandroid:id/claim_list_recycler_view>
12-02 23:13:50.038  1864  1864 I ViewInteraction: Performing 'wait for a specific view with <((Child at position 11 in parent Child at position 0 in parent view.getId() is <2131230914/ru.iteco.fmhandroid:id/claim_list_card>) and (view.getParent() is an instance of android.view.ViewGroup and has a sibling matching an instance of android.widget.TextView and view.getText() with or without transformation to match: is "Выполнено f0cf5908-f6a9-4a81-a4c7-fa05973d3f17"))> during 10000 millis.' action on view view.getRootView() to equal view
12-02 23:13:50.041  1864  1864 I ViewInteraction: Performing 'single click' action on view ((Child at position 11 in parent Child at position 0 in parent view.getId() is <2131230914/ru.iteco.fmhandroid:id/claim_list_card>) and (view.getParent() is an instance of android.view.ViewGroup and has a sibling matching an instance of android.widget.TextView and view.getText() with or without transformation to match: is "Выполнено f0cf5908-f6a9-4a81-a4c7-fa05973d3f17"))
12-02 23:13:50.118  1864  2093 I okhttp.OkHttpClient: --> GET http://www.981757-ca08998.tmweb.ru:8080/fmh/claims/2554/comments
12-02 23:13:50.119  1864  2093 I okhttp.OkHttpClient: --> END GET
12-02 23:13:50.126  1750  3111 W audio_hw_generic: Not supplying enough data to HAL, expected position 452688003 , only wrote 452687833
12-02 23:13:50.342  1864  1864 I ViewInteraction: Performing 'wait for a specific view with <view.getId() is <2131231355/ru.iteco.fmhandroid:id/status_processing_image_button>> during 10000 millis.' action on view view.getRootView() to equal view
12-02 23:13:50.459  1864  2093 I okhttp.OkHttpClient: <-- 200 http://www.981757-ca08998.tmweb.ru:8080/fmh/claims/2554/comments (340ms)
12-02 23:13:50.459  1864  2093 I okhttp.OkHttpClient: Vary: Origin
12-02 23:13:50.459  1864  2093 I okhttp.OkHttpClient: Vary: Access-Control-Request-Method
12-02 23:13:50.459  1864  2093 I okhttp.OkHttpClient: Vary: Access-Control-Request-Headers
12-02 23:13:50.459  1864  2093 I okhttp.OkHttpClient: X-Content-Type-Options: nosniff
12-02 23:13:50.459  1864  2093 I okhttp.OkHttpClient: X-XSS-Protection: 1; mode=block
12-02 23:13:50.459  1864  2093 I okhttp.OkHttpClient: Cache-Control: no-cache, no-store, max-age=0, must-revalidate
12-02 23:13:50.459  1864  2093 I okhttp.OkHttpClient: Pragma: no-cache
12-02 23:13:50.460  1864  2093 I okhttp.OkHttpClient: Expires: 0
12-02 23:13:50.460  1864  2093 I okhttp.OkHttpClient: X-Frame-Options: DENY
12-02 23:13:50.460  1864  2093 I okhttp.OkHttpClient: Content-Type: application/json
12-02 23:13:50.460  1864  2093 I okhttp.OkHttpClient: Transfer-Encoding: chunked
12-02 23:13:50.460  1864  2093 I okhttp.OkHttpClient: Date: Fri, 02 Dec 2022 20:13:51 GMT
12-02 23:13:50.460  1864  2093 I okhttp.OkHttpClient: Keep-Alive: timeout=60
12-02 23:13:50.460  1864  2093 I okhttp.OkHttpClient: Connection: keep-alive
12-02 23:13:50.460  1864  2093 I okhttp.OkHttpClient: []
12-02 23:13:50.460  1864  2093 I okhttp.OkHttpClient: <-- END HTTP (2-byte body)
12-02 23:13:50.525  1864  1864 I ViewInteraction: Performing 'single click' action on view view.getId() is <2131231355/ru.iteco.fmhandroid:id/status_processing_image_button>
12-02 23:13:50.607  4248  4279 I gle.android.im: Waiting for a blocking GC ProfileSaver
12-02 23:13:50.609  1772  1873 D gralloc_ranchu: gralloc_alloc: Creating ashmem region of size 2039808
12-02 23:13:50.615  1772  1873 I chatty  : uid=1000(system) HwBinder:1772_1 identical 1 line
12-02 23:13:50.618  1772  1873 D gralloc_ranchu: gralloc_alloc: Creating ashmem region of size 2039808
12-02 23:13:50.619  1864  2003 D EGL_emulation: eglMakeCurrent: 0xdb91b3e0: ver 2 0 (tinfo 0xdb98eb00)
12-02 23:13:50.654  4248  4261 W gle.android.im: Reducing the number of considered missed Gc histogram windows from 647 to 100
12-02 23:13:50.656  4248  4279 I gle.android.im: WaitForGcToComplete blocked ProfileSaver on HeapTrim for 49.276ms
12-02 23:13:50.874  1864  1864 I ViewInteraction: Performing 'wait for a specific view with <an instance of android.widget.TextView and view.getText() with or without transformation to match: is "To execute"> during 10000 millis.' action on view view.getRootView() to equal view
12-02 23:13:50.879  1864  1864 I ViewInteraction: Performing 'single click' action on view an instance of android.widget.TextView and view.getText() with or without transformation to match: is "To execute"
12-02 23:13:51.059  1772  1873 D gralloc_ranchu: gralloc_alloc: Creating ashmem region of size 5107712
12-02 23:13:51.064  1772  1873 I chatty  : uid=1000(system) HwBinder:1772_1 identical 1 line
12-02 23:13:51.067  1772  1873 D gralloc_ranchu: gralloc_alloc: Creating ashmem region of size 5107712
12-02 23:13:51.069  1864  2003 D EGL_emulation: eglMakeCurrent: 0xdb91b3e0: ver 2 0 (tinfo 0xdb98eb00)
12-02 23:13:51.184  1864  1864 I ViewInteraction: Performing 'wait for a specific view with <(an instance of android.widget.TextView and view.getHint() matching: is "Comment" and view.getId() is <2131231022/ru.iteco.fmhandroid:id/editText>)> during 10000 millis.' action on view view.getRootView() to equal view
12-02 23:13:51.186  1864  1864 I ViewInteraction: Checking 'MatchesViewAssertion{viewMatcher=(view has effective visibility <VISIBLE> and view.getGlobalVisibleRect() to return non-empty rectangle)}' assertion on view (an instance of android.widget.TextView and view.getHint() matching: is "Comment" and view.getId() is <2131231022/ru.iteco.fmhandroid:id/editText>)
12-02 23:13:51.189  1864  1864 I ViewInteraction: Performing 'wait for a specific view with <view.getId() is <16908313/android:id/button1>> during 10000 millis.' action on view view.getRootView() to equal view
12-02 23:13:51.190  1864  1864 I ViewInteraction: Checking 'MatchesViewAssertion{viewMatcher=(view has effective visibility <VISIBLE> and view.getGlobalVisibleRect() to return non-empty rectangle)}' assertion on view view.getId() is <16908313/android:id/button1>
12-02 23:13:51.192  1864  1864 I ViewInteraction: Performing 'wait for a specific view with <view.getId() is <16908314/android:id/button2>> during 10000 millis.' action on view view.getRootView() to equal view
12-02 23:13:51.194  1864  1864 I ViewInteraction: Checking 'MatchesViewAssertion{viewMatcher=(view has effective visibility <VISIBLE> and view.getGlobalVisibleRect() to return non-empty rectangle)}' assertion on view view.getId() is <16908314/android:id/button2>
12-02 23:13:51.196  1864  1864 I ViewInteraction: Performing 'wait for a specific view with <(an instance of android.widget.TextView and view.getHint() matching: is "Comment" and view.getId() is <2131231022/ru.iteco.fmhandroid:id/editText>)> during 10000 millis.' action on view view.getRootView() to equal view
12-02 23:13:51.199  1864  1864 I ViewInteraction: Performing 'replace text(Комментарий 89c3fcf9-ef11-4ab2-bd58-bd54c215573c)' action on view (an instance of android.widget.TextView and view.getHint() matching: is "Comment" and view.getId() is <2131231022/ru.iteco.fmhandroid:id/editText>)
12-02 23:13:51.219  1864  1864 I ViewInteraction: Performing 'wait for a specific view with <view.getId() is <16908313/android:id/button1>> during 10000 millis.' action on view view.getRootView() to equal view
12-02 23:13:51.222  1864  1864 I ViewInteraction: Performing 'single click' action on view view.getId() is <16908313/android:id/button1>
12-02 23:13:51.285  1864  2093 I okhttp.OkHttpClient: --> PUT http://www.981757-ca08998.tmweb.ru:8080/fmh/claims/2554/status?status=EXECUTED&executorId=2
12-02 23:13:51.285  1864  2093 I okhttp.OkHttpClient: Content-Type: application/json; charset=UTF-8
12-02 23:13:51.286  1864  2093 I okhttp.OkHttpClient: Content-Length: 189
12-02 23:13:51.286  1864  2093 I okhttp.OkHttpClient: {"claimId":2554,"createDate":1670012031,"creatorId":2,"creatorName":"Иванов Данил Данилович","description":"Комментарий 89c3fcf9-ef11-4ab2-bd58-bd54c215573c"}
12-02 23:13:51.287  1864  2093 I okhttp.OkHttpClient: --> END PUT (189-byte body)
12-02 23:13:51.289  1864  2003 D EGL_emulation: eglMakeCurrent: 0xdb91b3e0: ver 2 0 (tinfo 0xdb98eb00)
12-02 23:13:51.297  2010  2088 E InputDispatcher: Window handle Window{98bde11 u0 ru.iteco.fmhandroid/ru.iteco.fmhandroid.ui.AppActivity} has no registered input channel
12-02 23:13:51.456  1864  2093 I okhttp.OkHttpClient: <-- 200 http://www.981757-ca08998.tmweb.ru:8080/fmh/claims/2554/status?status=EXECUTED&executorId=2 (169ms)
12-02 23:13:51.457  1864  2093 I okhttp.OkHttpClient: Vary: Origin
12-02 23:13:51.457  1864  2093 I okhttp.OkHttpClient: Vary: Access-Control-Request-Method
12-02 23:13:51.457  1864  2093 I okhttp.OkHttpClient: Vary: Access-Control-Request-Headers
12-02 23:13:51.457  1864  2093 I okhttp.OkHttpClient: X-Content-Type-Options: nosniff
12-02 23:13:51.457  1864  2093 I okhttp.OkHttpClient: X-XSS-Protection: 1; mode=block
12-02 23:13:51.457  1864  2093 I okhttp.OkHttpClient: Cache-Control: no-cache, no-store, max-age=0, must-revalidate
12-02 23:13:51.457  1864  2093 I okhttp.OkHttpClient: Pragma: no-cache
12-02 23:13:51.457  1864  2093 I okhttp.OkHttpClient: Expires: 0
12-02 23:13:51.457  1864  2093 I okhttp.OkHttpClient: X-Frame-Options: DENY
12-02 23:13:51.457  1864  2093 I okhttp.OkHttpClient: Content-Type: application/json
12-02 23:13:51.457  1864  2093 I okhttp.OkHttpClient: Transfer-Encoding: chunked
12-02 23:13:51.457  1864  2093 I okhttp.OkHttpClient: Date: Fri, 02 Dec 2022 20:13:52 GMT
12-02 23:13:51.457  1864  2093 I okhttp.OkHttpClient: Keep-Alive: timeout=60
12-02 23:13:51.457  1864  2093 I okhttp.OkHttpClient: Connection: keep-alive
12-02 23:13:51.457  1864  2093 I okhttp.OkHttpClient: {"id":2554,"title":"Выполнено f0cf5908-f6a9-4a81-a4c7-fa05973d3f17","description":"Выполнено f0cf5908-f6a9-4a81-a4c7-fa05973d3f17","creatorId":2,"executorId":2,"createDate":1670012023,"planExecuteDate":1702152780,"factExecuteDate":1670012032510,"status":"EXECUTED","creatorName":"Иванов Данил Данилович","executorName":"Иванов Данил Данилович"}
12-02 23:13:51.457  1864  2093 I okhttp.OkHttpClient: <-- END HTTP (402-byte body)
12-02 23:13:51.461  1864  2093 I okhttp.OkHttpClient: --> GET http://www.981757-ca08998.tmweb.ru:8080/fmh/claims/2554/comments
12-02 23:13:51.462  1864  2093 I okhttp.OkHttpClient: --> END GET
12-02 23:13:51.522  1864  2003 D EGL_emulation: eglMakeCurrent: 0xdb91b3e0: ver 2 0 (tinfo 0xdb98eb00)
12-02 23:13:51.526  1864  1864 I ViewInteraction: Performing 'wait for a specific view with <view.getId() is <2131230925/ru.iteco.fmhandroid:id/close_image_button>> during 10000 millis.' action on view view.getRootView() to equal view
12-02 23:13:51.529  1864  1864 I ViewInteraction: Performing 'single click' action on view view.getId() is <2131230925/ru.iteco.fmhandroid:id/close_image_button>
12-02 23:13:51.591  1864  2093 I okhttp.OkHttpClient: <-- HTTP FAILED: java.io.IOException: Canceled
12-02 23:13:51.593  1864  1864 W System.err: ru.iteco.fmhandroid.exceptions.UnknownException
12-02 23:13:51.593  1864  1864 W System.err: 	at ru.iteco.fmhandroid.utils.Utils.makeRequest(Utils.kt:123)
12-02 23:13:51.593  1864  1864 W System.err: 	at ru.iteco.fmhandroid.utils.Utils$makeRequest$1.invokeSuspend(Unknown Source:15)
12-02 23:13:51.593  1864  1864 W System.err: 	at kotlin.coroutines.jvm.internal.BaseContinuationImpl.resumeWith(ContinuationImpl.kt:33)
12-02 23:13:51.593  1864  1864 W System.err: 	at kotlinx.coroutines.DispatchedTaskKt.resume(DispatchedTask.kt:234)
12-02 23:13:51.593  1864  1864 W System.err: 	at kotlinx.coroutines.DispatchedTaskKt.resumeUnconfined(DispatchedTask.kt:190)
12-02 23:13:51.593  1864  1864 W System.err: 	at kotlinx.coroutines.DispatchedTaskKt.dispatch(DispatchedTask.kt:161)
12-02 23:13:51.594  1864  1864 W System.err: 	at kotlinx.coroutines.CancellableContinuationImpl.dispatchResume(CancellableContinuationImpl.kt:397)
12-02 23:13:51.594  1864  1864 W System.err: 	at kotlinx.coroutines.CancellableContinuationImpl.cancel(CancellableContinuationImpl.kt:183)
12-02 23:13:51.594  1864  1864 W System.err: 	at kotlinx.coroutines.CancellableContinuationImpl.parentCancelled$kotlinx_coroutines_core(CancellableContinuationImpl.kt:190)
12-02 23:13:51.594  1864  1864 W System.err: 	at kotlinx.coroutines.ChildContinuation.invoke(JobSupport.kt:1474)
12-02 23:13:51.594  1864  1864 W System.err: 	at kotlinx.coroutines.JobSupport.notifyCancelling(JobSupport.kt:1499)
12-02 23:13:51.594  1864  1864 W System.err: 	at kotlinx.coroutines.JobSupport.tryMakeCancelling(JobSupport.kt:795)
12-02 23:13:51.594  1864  1864 W System.err: 	at kotlinx.coroutines.JobSupport.makeCancelling(JobSupport.kt:755)
12-02 23:13:51.594  1864  1864 W System.err: 	at kotlinx.coroutines.JobSupport.cancelImpl$kotlinx_coroutines_core(JobSupport.kt:671)
12-02 23:13:51.594  1864  1864 W System.err: 	at kotlinx.coroutines.JobSupport.parentCancelled(JobSupport.kt:637)
12-02 23:13:51.594  1864  1864 W System.err: 	at kotlinx.coroutines.ChildHandleNode.invoke(JobSupport.kt:1465)
12-02 23:13:51.594  1864  1864 W System.err: 	at kotlinx.coroutines.JobSupport.notifyCancelling(JobSupport.kt:1499)
