--------- beginning of main
12-02 23:13:16.540  1750  1750 W audio_hw_generic: Not supplying enough data to HAL, expected position 452062776 , only wrote 451819279
12-02 23:13:16.723  1864  1864 I ViewInteraction: Performing 'wait for a specific view with <view.getId() is <2131230916/ru.iteco.fmhandroid:id/claim_list_recycler_view>> during 10000 millis.' action on view view.getRootView() to equal view
12-02 23:13:16.725  1864  1864 I ViewInteraction: Checking 'MatchesViewAssertion{viewMatcher=(view has effective visibility <VISIBLE> and view.getGlobalVisibleRect() to return non-empty rectangle)}' assertion on view view.getId() is <2131230916/ru.iteco.fmhandroid:id/claim_list_recycler_view>
12-02 23:13:16.727  1864  1864 I ViewInteraction: Performing 'scroll RecyclerView to: holder with view: (view is an instance of android.view.ViewGroup and has descendant matching an instance of android.widget.TextView and view.getText() with or without transformation to match: is "Выполнено bf4e3671-6c9c-4f5a-9580-9a3d39580f4e")' action on view view.getId() is <2131230916/ru.iteco.fmhandroid:id/claim_list_recycler_view>
12-02 23:13:16.793  1864  1864 D takeScreenshot: Found 1 global views to redraw
12-02 23:13:16.818  1772  1772 D gralloc_ranchu: gralloc_alloc: Creating ashmem region of size 14749696
12-02 23:13:16.857  1864  1989 W DefaultFailureHandler: Failed to take screenshot
12-02 23:13:16.857  1864  1989 W DefaultFailureHandler: java.io.FileNotFoundException: view-op-error-17.png: open failed: EROFS (Read-only file system)
12-02 23:13:16.857  1864  1989 W DefaultFailureHandler: 	at libcore.io.IoBridge.open(IoBridge.java:496)
12-02 23:13:16.857  1864  1989 W DefaultFailureHandler: 	at java.io.FileOutputStream.<init>(FileOutputStream.java:235)
12-02 23:13:16.857  1864  1989 W DefaultFailureHandler: 	at java.io.FileOutputStream.<init>(FileOutputStream.java:125)
12-02 23:13:16.857  1864  1989 W DefaultFailureHandler: 	at androidx.test.platform.io.FileTestStorage.openOutputFile(FileTestStorage.java:60)
12-02 23:13:16.857  1864  1989 W DefaultFailureHandler: 	at androidx.test.core.graphics.BitmapStorage.writeToTestStorage(BitmapStorageExt.kt:49)
12-02 23:13:16.857  1864  1989 W DefaultFailureHandler: 	at androidx.test.espresso.base.DefaultFailureHandler.takeScreenshot(DefaultFailureHandler.java:4)
12-02 23:13:16.857  1864  1989 W DefaultFailureHandler: 	at androidx.test.espresso.base.DefaultFailureHandler.handle(DefaultFailureHandler.java:3)
12-02 23:13:16.857  1864  1989 W DefaultFailureHandler: 	at androidx.test.espresso.ViewInteraction.waitForAndHandleInteractionResults(ViewInteraction.java:8)
12-02 23:13:16.857  1864  1989 W DefaultFailureHandler: 	at androidx.test.espresso.ViewInteraction.desugaredPerform(ViewInteraction.java:11)
12-02 23:13:16.857  1864  1989 W DefaultFailureHandler: 	at androidx.test.espresso.ViewInteraction.perform(ViewInteraction.java:8)
12-02 23:13:16.857  1864  1989 W DefaultFailureHandler: 	at ru.iteco.fmhandroid.ui.steps.ClaimsPageSteps.scrollToElementInRecyclerList(ClaimsPageSteps.java:128)
12-02 23:13:16.857  1864  1989 W DefaultFailureHandler: 	at ru.iteco.fmhandroid.ui.steps.ClaimsPageSteps.openClaimCard(ClaimsPageSteps.java:151)
12-02 23:13:16.857  1864  1989 W DefaultFailureHandler: 	at ru.iteco.fmhandroid.ui.FilterClaimsPageTest.shouldFilterClaimsWithStatusCanceledOpenAndExecuted(FilterClaimsPageTest.java:568)
12-02 23:13:16.857  1864  1989 W DefaultFailureHandler: 	at java.lang.reflect.Method.invoke(Native Method)
12-02 23:13:16.857  1864  1989 W DefaultFailureHandler: 	at org.junit.runners.model.FrameworkMethod$1.runReflectiveCall(FrameworkMethod.java:59)
12-02 23:13:16.857  1864  1989 W DefaultFailureHandler: 	at org.junit.internal.runners.model.ReflectiveCallable.run(ReflectiveCallable.java:12)
12-02 23:13:16.857  1864  1989 W DefaultFailureHandler: 	at org.junit.runners.model.FrameworkMethod.invokeExplosively(FrameworkMethod.java:56)
12-02 23:13:16.857  1864  1989 W DefaultFailureHandler: 	at org.junit.internal.runners.statements.InvokeMethod.evaluate(InvokeMethod.java:17)
12-02 23:13:16.857  1864  1989 W DefaultFailureHandler: 	at androidx.test.internal.runner.junit4.statement.RunBefores.evaluate(RunBefores.java:80)
12-02 23:13:16.857  1864  1989 W DefaultFailureHandler: 	at androidx.test.rule.ActivityTestRule$ActivityStatement.evaluate(ActivityTestRule.java:543)
12-02 23:13:16.857  1864  1989 W DefaultFailureHandler: 	at io.qameta.allure.android.rules.LogcatRule$apply$1.evaluate(LogcatRule.kt:23)
12-02 23:13:16.857  1864  1989 W DefaultFailureHandler: 	at io.qameta.allure.android.rules.ScreenshotRule$apply$1.evaluate(ScreenshotRule.kt:22)
12-02 23:13:16.857  1864  1989 W DefaultFailureHandler: 	at io.qameta.allure.android.rules.ScreenshotRule$apply$1.evaluate(ScreenshotRule.kt:22)
12-02 23:13:16.857  1864  1989 W DefaultFailureHandler: 	at org.junit.rules.RunRules.evaluate(RunRules.java:20)
12-02 23:13:16.857  1864  1989 W DefaultFailureHandler: 	at org.junit.runners.ParentRunner$3.evaluate(ParentRunner.java:306)
12-02 23:13:16.857  1864  1989 W DefaultFailureHandler: 	at org.junit.runners.BlockJUnit4ClassRunner$1.evaluate(BlockJUnit4ClassRunner.java:100)
12-02 23:13:16.857  1864  1989 W DefaultFailureHandler: 	at org.junit.runners.ParentRunner.runLeaf(ParentRunner.java:366)
12-02 23:13:16.857  1864  1989 W DefaultFailureHandler: 	at org.junit.runners.BlockJUnit4ClassRunner.runChild(BlockJUnit4ClassRunner.java:103)
12-02 23:13:16.857  1864  1989 W DefaultFailureHandler: 	at org.junit.runners.BlockJUnit4ClassRunner.runChild(BlockJUnit4ClassRunner.java:63)
12-02 23:13:16.857  1864  1989 W DefaultFailureHandler: 	at org.junit.runners.ParentRunner$4.run(ParentRunner.java:331)
12-02 23:13:16.857  1864  1989 W DefaultFailureHandler: 	at org.junit.runners.ParentRunner$1.schedule(ParentRunner.java:79)
12-02 23:13:16.857  1864  1989 W DefaultFailureHandler: 	at org.junit.runners.ParentRunner.runChildren(ParentRunner.java:329)
12-02 23:13:16.857  1864  1989 W DefaultFailureHandler: 	at org.junit.runners.ParentRunner.access$100(ParentRunner.java:66)
12-02 23:13:16.857  1864  1989 W DefaultFailureHandler: 	at org.junit.runners.ParentRunner$2.evaluate(ParentRunner.java:293)
12-02 23:13:16.857  1864  1989 W DefaultFailureHandler: 	at org.junit.runners.ParentRunner$3.evaluate(ParentRunner.java:306)
12-02 23:13:16.857  1864  1989 W DefaultFailureHandler: 	at org.junit.runners.ParentRunner.run(ParentRunner.java:413)
12-02 23:13:16.857  1864  1989 W DefaultFailureHandler: 	at androidx.test.ext.junit.runners.AndroidJUnit4.run(AndroidJUnit4.java:162)
12-02 23:13:16.857  1864  1989 W DefaultFailureHandler: 	at io.qameta.allure.android.runners.AllureAndroidJUnit4.run(AllureAndroidJUnitRunners.kt:29)
12-02 23:13:16.857  1864  1989 W DefaultFailureHandler: 	at org.junit.runners.Suite.runChild(Suite.java:128)
12-02 23:13:16.857  1864  1989 W DefaultFailureHandler: 	at org.junit.runners.Suite.runChild(Suite.java:27)
12-02 23:13:16.857  1864  1989 W DefaultFailureHandler: 	at org.junit.runners.ParentRunner$4.run(ParentRunner.java:331)
12-02 23:13:16.857  1864  1989 W DefaultFailureHandler: 	at org.junit.runners.ParentRunner$1.schedule(ParentRunner.java:79)
12-02 23:13:16.857  1864  1989 W DefaultFailureHandler: 	at org.junit.runners.ParentRunner.runChildren(ParentRunner.java:329)
12-02 23:13:16.857  1864  1989 W DefaultFailureHandler: 	at org.junit.runners.ParentRunner.access$100(ParentRunner.java:66)
12-02 23:13:16.857  1864  1989 W DefaultFailureHandler: 	at org.junit.runners.ParentRunner$2.evaluate(ParentRunner.java:293)
12-02 23:13:16.857  1864  1989 W DefaultFailureHandler: 	at org.junit.runners.ParentRunner$3.evaluate(ParentRunner.java:306)
12-02 23:13:16.857  1864  1989 W DefaultFailureHandler: 	at org.junit.runners.ParentRunner.run(ParentRunner.java:413)
12-02 23:13:16.857  1864  1989 W DefaultFailureHandler: 	at org.junit.runner.JUnitCore.run(JUnitCore.java:137)
12-02 23:13:16.857  1864  1989 W DefaultFailureHandler: 	at org.junit.runner.JUnitCore.run(JUnitCore.java:115)
12-02 23:13:16.857  1864  1989 W DefaultFailureHandler: 	at androidx.test.internal.runner.TestExecutor.execute(TestExecutor.java:67)
12-02 23:13:16.857  1864  1989 W DefaultFailureHandler: 	at androidx.test.internal.runner.TestExecutor.execute(TestExecutor.java:58)
12-02 23:13:16.857  1864  1989 W DefaultFailureHandler: 	at androidx.test.runner.AndroidJUnitRunner.onStart(AndroidJUnitRunner.java:438)
12-02 23:13:16.857  1864  1989 W DefaultFailureHandler: 	at android.app.Instrumentation$InstrumentationThread.run(Instrumentation.java:2189)
12-02 23:13:16.857  1864  1989 W DefaultFailureHandler: Caused by: android.system.ErrnoException: open failed: EROFS (Read-only file system)
12-02 23:13:16.857  1864  1989 W DefaultFailureHandler: 	at libcore.io.Linux.open(Native Method)
12-02 23:13:16.857  1864  1989 W DefaultFailureHandler: 	at libcore.io.ForwardingOs.open(ForwardingOs.java:167)
12-02 23:13:16.857  1864  1989 W DefaultFailureHandler: 	at libcore.io.BlockGuardOs.open(BlockGuardOs.java:252)
12-02 23:13:16.857  1864  1989 W DefaultFailureHandler: 	at libcore.io.ForwardingOs.open(ForwardingOs.java:167)
12-02 23:13:16.857  1864  1989 W DefaultFailureHandler: 	at android.app.ActivityThread$AndroidOs.open(ActivityThread.java:7255)
12-02 23:13:16.857  1864  1989 W DefaultFailureHandler: 	at libcore.io.IoBridge.open(IoBridge.java:482)
12-02 23:13:16.857  1864  1989 W DefaultFailureHandler: 	... 52 more
12-02 23:13:16.860  2010  5522 W InputReader: Device has associated, but no associated display id.
12-02 23:13:16.860  2010  5522 I chatty  : uid=1000(system) Binder:2010_14 identical 8 lines
12-02 23:13:16.860  2010  5522 W InputReader: Device has associated, but no associated display id.
12-02 23:13:16.864  1864  1864 D LifecycleMonitor: Lifecycle status change: ru.iteco.fmhandroid.ui.AppActivity@b8e9d0f in: PAUSED
12-02 23:13:16.867  2010  2030 W InputReader: Device has associated, but no associated display id.
12-02 23:13:16.867  2010  2030 I chatty  : uid=1000(system) Binder:2010_2 identical 8 lines
12-02 23:13:16.867  2010  2030 W InputReader: Device has associated, but no associated display id.
12-02 23:13:16.884  2169  2501 D EGL_emulation: eglMakeCurrent: 0xdb91a600: ver 2 0 (tinfo 0xdb90f8d0)
--------- beginning of system
12-02 23:13:16.901  2010  2010 W ActivityManager: Unable to start service Intent { act=android.service.appprediction.AppPredictionService cmp=com.google.android.as/com.google.android.apps.miphone.aiai.app.AiAiPredictionService } U=0: not found
12-02 23:13:16.902  2010  2010 W RemoteAppPredictionService: could not bind to Intent { act=android.service.appprediction.AppPredictionService cmp=com.google.android.as/com.google.android.apps.miphone.aiai.app.AiAiPredictionService } using flags 67108865
12-02 23:13:16.902  1772  1772 D gralloc_ranchu: gralloc_alloc: Creating ashmem region of size 14749696
12-02 23:13:16.906  2010  2346 D WindowManager: relayoutVisibleWindow: Window{8e1e922 u0 com.google.android.apps.nexuslauncher/com.google.android.apps.nexuslauncher.NexusLauncherActivity EXITING} mAnimatingExit=true, mRemoveOnExit=false, mDestroying=false
12-02 23:13:16.906  1864  2648 V FA      : Recording user engagement, ms: 38055
12-02 23:13:16.907  1772  1772 D gralloc_ranchu: gralloc_alloc: Creating ashmem region of size 14749696
12-02 23:13:16.908  1772  1772 D gralloc_ranchu: gralloc_alloc: Creating ashmem region of size 14749696
12-02 23:13:16.912  3139  3664 D EGL_emulation: eglMakeCurrent: 0xdb91c460: ver 2 0 (tinfo 0xbe64a3f0)
12-02 23:13:16.914  1772  1772 D gralloc_ranchu: gralloc_alloc: Creating ashmem region of size 14749696
12-02 23:13:16.929  1772  1772 D gralloc_ranchu: gralloc_alloc: Creating ashmem region of size 14749696
12-02 23:13:16.932  1772  1873 D gralloc_ranchu: gralloc_alloc: Creating ashmem region of size 14749696
12-02 23:13:16.933  2448  3326 D EGL_emulation: eglMakeCurrent: 0xe3a07ba0: ver 2 0 (tinfo 0xe3a93b30)
12-02 23:13:16.934  2010  2037 W InputReader: Device has associated, but no associated display id.
12-02 23:13:16.935  2010  2037 I chatty  : uid=1000(system) android.anim identical 8 lines
12-02 23:13:16.935  2010  2037 W InputReader: Device has associated, but no associated display id.
12-02 23:13:16.940  1772  1873 D gralloc_ranchu: gralloc_alloc: Creating ashmem region of size 9441280
12-02 23:13:16.973  3139  3139 W ThreadPoolDumper: Queue length for executor EventBus is now 11. Perhaps some tasks are too long, or the pool is too small.
12-02 23:13:16.989  3139  3568 W SessionLifecycleManager: Handover failed. Creating new session controller.
12-02 23:13:16.996  1864  2003 D EGL_emulation: eglMakeCurrent: 0xdb91b3e0: ver 2 0 (tinfo 0xdb98eb00)
12-02 23:13:16.999  2010  6726 D HostConnection: HostConnection::get() New Host Connection established 0xb4601c80, tid 6726
12-02 23:13:17.000  2010  6726 D HostConnection: HostComposition ext ANDROID_EMU_CHECKSUM_HELPER_v1 ANDROID_EMU_dma_v1 ANDROID_EMU_direct_mem ANDROID_EMU_host_composition_v1 ANDROID_EMU_host_composition_v2 ANDROID_EMU_vulkan ANDROID_EMU_deferred_vulkan_commands ANDROID_EMU_vulkan_null_optional_strings ANDROID_EMU_vulkan_create_resources_with_requirements ANDROID_EMU_YUV_Cache ANDROID_EMU_vulkan_ignored_handles ANDROID_EMU_vulkan_free_memory_sync ANDROID_EMU_vulkan_shader_float16_int8 ANDROID_EMU_vulkan_async_queue_submit ANDROID_EMU_sync_buffer_data GL_OES_vertex_array_object GL_KHR_texture_compression_astc_ldr ANDROID_EMU_host_side_tracing ANDROID_EMU_gles_max_version_2 
12-02 23:13:17.000  2010  6726 W OpenGLRenderer: Failed to choose config with EGL_SWAP_BEHAVIOR_PRESERVED, retrying without...
12-02 23:13:17.015  1788  1788 E Layer   : [Surface(name=AppWindowToken{346be9b token=Token{5c22aa ActivityRecord{d7d6195 u0 ru.iteco.fmhandroid/.ui.AppActivity t3258}}})/@0x5c00ab2 - animation-leash#0] No local sync point found
12-02 23:13:17.015  1788  1788 E Layer   : [Surface(name=AppWindowToken{e44e437 token=Token{8e32d36 ActivityRecord{89f0ed1 u0 com.google.android.apps.nexuslauncher/.NexusLauncherActivity t2562}}})/@0xb44cf46 - animation-leash#0] No local sync point found
12-02 23:13:17.024  1864  2648 V FA      : Connecting to remote service
12-02 23:13:17.030  1864  2648 V FA      : Connection attempt already in progress
12-02 23:13:17.030  1864  2648 V FA      : Activity paused, time: 95627893
12-02 23:13:17.045  2010  6726 D EGL_emulation: eglCreateContext: 0xd856c500: maj 2 min 0 rcv 2
12-02 23:13:17.063  2010  6726 D EGL_emulation: eglMakeCurrent: 0xd856c500: ver 2 0 (tinfo 0xbf01f330)
12-02 23:13:17.089  2448  2466 I s.nexuslaunche: NativeAlloc concurrent copying GC freed 2404(225KB) AllocSpace objects, 0(0B) LOS objects, 49% free, 2754KB/5509KB, paused 2.075ms total 104.581ms
12-02 23:13:17.089  1864  1864 D AutofillManager: onActivityFinishing(): calling cancelLocked()
12-02 23:13:17.090  1864  1864 D LifecycleMonitor: Lifecycle status change: ru.iteco.fmhandroid.ui.AppActivity@b8e9d0f in: STOPPED
12-02 23:13:17.090  2448  2468 W System  : A resource failed to call release. 
12-02 23:13:17.090  2448  2468 W System  : A resource failed to call release. 
12-02 23:13:17.116  1864  1864 W System.err: ru.iteco.fmhandroid.exceptions.UnknownException
12-02 23:13:17.116  1864  1864 W System.err: 	at ru.iteco.fmhandroid.utils.Utils.makeRequest(Utils.kt:123)
12-02 23:13:17.116  1864  1864 W System.err: 	at ru.iteco.fmhandroid.utils.Utils$makeRequest$1.invokeSuspend(Unknown Source:15)
12-02 23:13:17.116  1864  1864 W System.err: 	at kotlin.coroutines.jvm.internal.BaseContinuationImpl.resumeWith(ContinuationImpl.kt:33)
12-02 23:13:17.116  1864  1864 W System.err: 	at kotlinx.coroutines.DispatchedTaskKt.resume(DispatchedTask.kt:234)
12-02 23:13:17.116  1864  1864 W System.err: 	at kotlinx.coroutines.DispatchedTaskKt.resumeUnconfined(DispatchedTask.kt:190)
12-02 23:13:17.116  1864  1864 W System.err: 	at kotlinx.coroutines.DispatchedTaskKt.dispatch(DispatchedTask.kt:161)
12-02 23:13:17.117  1864  1864 W System.err: 	at kotlinx.coroutines.CancellableContinuationImpl.dispatchResume(CancellableContinuationImpl.kt:397)
12-02 23:13:17.117  1864  1864 W System.err: 	at kotlinx.coroutines.CancellableContinuationImpl.cancel(CancellableContinuationImpl.kt:183)
12-02 23:13:17.117  1864  1864 W System.err: 	at kotlinx.coroutines.CancellableContinuationImpl.parentCancelled$kotlinx_coroutines_core(CancellableContinuationImpl.kt:190)
12-02 23:13:17.117  1864  1864 W System.err: 	at kotlinx.coroutines.ChildContinuation.invoke(JobSupport.kt:1474)
12-02 23:13:17.117  1864  1864 W System.err: 	at kotlinx.coroutines.JobSupport.notifyCancelling(JobSupport.kt:1499)
12-02 23:13:17.117  1864  1864 W System.err: 	at kotlinx.coroutines.JobSupport.tryMakeCancelling(JobSupport.kt:795)
12-02 23:13:17.117  1864  1864 W System.err: 	at kotlinx.coroutines.JobSupport.makeCancelling(JobSupport.kt:755)
12-02 23:13:17.117  1864  1864 W System.err: 	at kotlinx.coroutines.JobSupport.cancelImpl$kotlinx_coroutines_core(JobSupport.kt:671)
12-02 23:13:17.117  1864  1864 W System.err: 	at kotlinx.coroutines.JobSupport.parentCancelled(JobSupport.kt:637)
12-02 23:13:17.117  1864  1864 W System.err: 	at kotlinx.coroutines.ChildHandleNode.invoke(JobSupport.kt:1465)
12-02 23:13:17.117  1864  1864 W System.err: 	at kotlinx.coroutines.JobSupport.notifyCancelling(JobSupport.kt:1499)
12-02 23:13:17.117  1864  1864 W System.err: 	at kotlinx.coroutines.JobSupport.tryMakeCompletingSlowPath(JobSupport.kt:900)
12-02 23:13:17.117  1864  1864 W System.err: 	at kotlinx.coroutines.JobSupport.tryMakeCompleting(JobSupport.kt:863)
12-02 23:13:17.117  1864  1864 W System.err: 	at kotlinx.coroutines.JobSupport.cancelMakeCompleting(JobSupport.kt:696)
12-02 23:13:17.117  1864  1864 W System.err: 	at kotlinx.coroutines.JobSupport.cancelImpl$kotlinx_coroutines_core(JobSupport.kt:667)
12-02 23:13:17.117  1864  1864 W System.err: 	at kotlinx.coroutines.JobSupport.cancelInternal(JobSupport.kt:632)
12-02 23:13:17.117  1864  1864 W System.err: 	at kotlinx.coroutines.JobSupport.cancel(JobSupport.kt:617)
12-02 23:13:17.117  1864  1864 W System.err: 	at kotlinx.coroutines.JobKt__JobKt.cancel(Job.kt:561)
12-02 23:13:17.117  1864  1864 W System.err: 	at kotlinx.coroutines.JobKt.cancel(Unknown Source:1)
12-02 23:13:17.117  1864  1864 W System.err: 	at kotlinx.coroutines.JobKt__JobKt.cancel$default(Job.kt:560)
12-02 23:13:17.117  1864  1864 W System.err: 	at kotlinx.coroutines.JobKt.cancel$default(Unknown Source:1)
12-02 23:13:17.118  1864  1864 W System.err: 	at androidx.lifecycle.CloseableCoroutineScope.close(ViewModel.kt:51)
12-02 23:13:17.118  1864  1864 W System.err: 	at androidx.lifecycle.ViewModel.closeWithRuntimeException(ViewModel.java:188)
12-02 23:13:17.118  1864  1864 W System.err: 	at androidx.lifecycle.ViewModel.clear(ViewModel.java:134)
12-02 23:13:17.118  1864  1864 W System.err: 	at androidx.lifecycle.ViewModelStore.clear(ViewModelStore.java:62)
12-02 23:13:17.118  1864  1864 W System.err: 	at androidx.fragment.app.FragmentManagerViewModel.clearNonConfigStateInternal(FragmentManagerViewModel.java:210)
12-02 23:13:17.118  1864  1864 W System.err: 	at androidx.fragment.app.FragmentManagerViewModel.clearNonConfigState(FragmentManagerViewModel.java:190)
12-02 23:13:17.118  1864  1864 W System.err: 	at androidx.fragment.app.FragmentStateManager.destroy(FragmentStateManager.java:778)
12-02 23:13:17.118  1864  1864 W System.err: 	at androidx.fragment.app.FragmentStateManager.moveToExpectedState(FragmentStateManager.java:335)
12-02 23:13:17.118  1864  1864 W System.err: 	at androidx.fragment.app.FragmentStore.moveToExpectedState(FragmentStore.java:113)
12-02 23:13:17.118  1864  1864 W System.err: 	at androidx.fragment.app.FragmentManager.moveToState(FragmentManager.java:1374)
12-02 23:13:17.118  1864  1864 W System.err: 	at androidx.fragment.app.FragmentManager.dispatchStateChange(FragmentManager.java:2841)
12-02 23:13:17.118  1864  1864 W System.err: 	at androidx.fragment.app.FragmentManager.dispatchDestroy(FragmentManager.java:2820)
12-02 23:13:17.118  1864  1864 W System.err: 	at androidx.fragment.app.Fragment.performDestroy(Fragment.java:3246)
12-02 23:13:17.118  1864  1864 W System.err: 	at androidx.fragment.app.FragmentStateManager.destroy(FragmentStateManager.java:780)
12-02 23:13:17.118  1864  1864 W System.err: 	at androidx.fragment.app.FragmentStateManager.moveToExpectedState(FragmentStateManager.java:335)
12-02 23:13:17.118  1864  1864 W System.err: 	at androidx.fragment.app.SpecialEffectsController$FragmentStateManagerOperation.complete(SpecialEffectsController.java:771)
12-02 23:13:17.118  1864  1864 W System.err: 	at androidx.fragment.app.SpecialEffectsController$Operation.cancel(SpecialEffectsController.java:615)
12-02 23:13:17.118  1864  1864 W System.err: 	at androidx.fragment.app.SpecialEffectsController.forceCompleteAllOperations(SpecialEffectsController.java:350)
12-02 23:13:17.118  1864  1864 W System.err: 	at androidx.fragment.app.FragmentManager.dispatchStateChange(FragmentManager.java:2844)
12-02 23:13:17.118  1864  1864 W System.err: 	at androidx.fragment.app.FragmentManager.dispatchDestroy(FragmentManager.java:2820)
12-02 23:13:17.118  1864  1864 W System.err: 	at androidx.fragment.app.FragmentController.dispatchDestroy(FragmentController.java:345)
12-02 23:13:17.118  1864  1864 W System.err: 	at androidx.fragment.app.FragmentActivity.onDestroy(FragmentActivity.java:306)
12-02 23:13:17.118  1864  1864 W System.err: 	at androidx.appcompat.app.AppCompatActivity.onDestroy(AppCompatActivity.java:278)
12-02 23:13:17.118  1864  1864 W System.err: 	at android.app.Activity.performDestroy(Activity.java:8048)
12-02 23:13:17.118  1864  1864 W System.err: 	at android.app.Instrumentation.callActivityOnDestroy(Instrumentation.java:1334)
12-02 23:13:17.118  1864  1864 W System.err: 	at androidx.test.runner.MonitoringInstrumentation.callActivityOnDestroy(MonitoringInstrumentation.java:766)
12-02 23:13:17.118  1864  1864 W System.err: 	at android.app.ActivityThread.performDestroyActivity(ActivityThread.java:4926)
12-02 23:13:17.118  1864  1864 W System.err: 	at android.app.ActivityThread.handleDestroyActivity(ActivityThread.java:4970)
12-02 23:13:17.119  1864  1864 W System.err: 	at android.app.servertransaction.DestroyActivityItem.execute(DestroyActivityItem.java:44)
12-02 23:13:17.119  1864  1864 W System.err: 	at android.app.servertransaction.TransactionExecutor.executeLifecycleState(TransactionExecutor.java:176)
12-02 23:13:17.119  1864  1864 W System.err: 	at android.app.servertransaction.TransactionExecutor.execute(TransactionExecutor.java:97)
12-02 23:13:17.119  1864  1864 W System.err: 	at android.app.ActivityThread$H.handleMessage(ActivityThread.java:2016)
12-02 23:13:17.119  1864  1864 W System.err: 	at android.os.Handler.dispatchMessage(Handler.java:107)
12-02 23:13:17.119  1864  1864 W System.err: 	at android.os.Looper.loop(Looper.java:214)
12-02 23:13:17.119  1864  1864 W System.err: 	at android.app.ActivityThread.main(ActivityThread.java:7356)
12-02 23:13:17.119  1864  1864 W System.err: 	at java.lang.reflect.Method.invoke(Native Method)
12-02 23:13:17.119  1864  1864 W System.err: 	at com.android.internal.os.RuntimeInit$MethodAndArgsCaller.run(RuntimeInit.java:492)
12-02 23:13:17.119  1864  1864 W System.err: 	at com.android.internal.os.ZygoteInit.main(ZygoteInit.java:930)
12-02 23:13:17.140  1864  1864 W System.err: kotlinx.coroutines.JobCancellationException: Job was cancelled; job=SupervisorJobImpl{Cancelling}@4600c17
12-02 23:13:17.145  3139  2174 W LocationOracle: No location history returned by ContextManager
12-02 23:13:17.149  1772  1873 D gralloc_ranchu: gralloc_alloc: Creating ashmem region of size 14749696
12-02 23:13:17.169  1864  1864 W System.err: ru.iteco.fmhandroid.exceptions.UnknownException
12-02 23:13:17.169  1864  1864 W System.err: 	at ru.iteco.fmhandroid.utils.Utils.makeRequest(Utils.kt:123)
12-02 23:13:17.169  1864  1864 W System.err: 	at ru.iteco.fmhandroid.utils.Utils$makeRequest$1.invokeSuspend(Unknown Source:15)
12-02 23:13:17.169  1864  1864 W System.err: 	at kotlin.coroutines.jvm.internal.BaseContinuationImpl.resumeWith(ContinuationImpl.kt:33)
12-02 23:13:17.169  1864  1864 W System.err: 	at kotlinx.coroutines.DispatchedTaskKt.resume(DispatchedTask.kt:234)
12-02 23:13:17.169  1864  1864 W System.err: 	at kotlinx.coroutines.DispatchedTaskKt.resumeUnconfined(DispatchedTask.kt:190)
12-02 23:13:17.170  1864  1864 W System.err: 	at kotlinx.coroutines.DispatchedTaskKt.dispatch(DispatchedTask.kt:161)
12-02 23:13:17.170  1864  1864 W System.err: 	at kotlinx.coroutines.CancellableContinuationImpl.dispatchResume(CancellableContinuationImpl.kt:397)
12-02 23:13:17.170  1864  1864 W System.err: 	at kotlinx.coroutines.CancellableContinuationImpl.cancel(CancellableContinuationImpl.kt:183)
12-02 23:13:17.170  1864  1864 W System.err: 	at kotlinx.coroutines.CancellableContinuationImpl.parentCancelled$kotlinx_coroutines_core(CancellableContinuationImpl.kt:190)
12-02 23:13:17.170  1864  1864 W System.err: 	at kotlinx.coroutines.ChildContinuation.invoke(JobSupport.kt:1474)
12-02 23:13:17.170  1864  1864 W System.err: 	at kotlinx.coroutines.JobSupport.notifyCancelling(JobSupport.kt:1499)
12-02 23:13:17.170  1864  1864 W System.err: 	at kotlinx.coroutines.JobSupport.tryMakeCancelling(JobSupport.kt:795)
12-02 23:13:17.170  1864  1864 W System.err: 	at kotlinx.coroutines.JobSupport.makeCancelling(JobSupport.kt:755)
12-02 23:13:17.170  1864  1864 W System.err: 	at kotlinx.coroutines.JobSupport.cancelImpl$kotlinx_coroutines_core(JobSupport.kt:671)
12-02 23:13:17.170  1864  1864 W System.err: 	at kotlinx.coroutines.JobSupport.parentCancelled(JobSupport.kt:637)
12-02 23:13:17.170  1864  1864 W System.err: 	at kotlinx.coroutines.ChildHandleNode.invoke(JobSupport.kt:1465)
12-02 23:13:17.170  1864  1864 W System.err: 	at kotlinx.coroutines.JobSupport.notifyCancelling(JobSupport.kt:1499)
12-02 23:13:17.170  1864  1864 W System.err: 	at kotlinx.coroutines.JobSupport.tryMakeCompletingSlowPath(JobSupport.kt:900)
12-02 23:13:17.170  1864  1864 W System.err: 	at kotlinx.coroutines.JobSupport.tryMakeCompleting(JobSupport.kt:863)
12-02 23:13:17.170  1864  1864 W System.err: 	at kotlinx.coroutines.JobSupport.cancelMakeCompleting(JobSupport.kt:696)
12-02 23:13:17.170  1864  1864 W System.err: 	at kotlinx.coroutines.JobSupport.cancelImpl$kotlinx_coroutines_core(JobSupport.kt:667)
12-02 23:13:17.170  1864  1864 W System.err: 	at kotlinx.coroutines.JobSupport.cancelInternal(JobSupport.kt:632)
12-02 23:13:17.170  1864  1864 W System.err: 	at kotlinx.coroutines.JobSupport.cancel(JobSupport.kt:617)
12-02 23:13:17.170  1864  1864 W System.err: 	at kotlinx.coroutines.JobKt__JobKt.cancel(Job.kt:561)
12-02 23:13:17.171  1864  1864 W System.err: 	at kotlinx.coroutines.JobKt.cancel(Unknown Source:1)
12-02 23:13:17.171  1864  1864 W System.err: 	at kotlinx.coroutines.JobKt__JobKt.cancel$default(Job.kt:560)
12-02 23:13:17.171  1864  1864 W System.err: 	at kotlinx.coroutines.JobKt.cancel$default(Unknown Source:1)
12-02 23:13:17.171  1864  1864 W System.err: 	at androidx.lifecycle.CloseableCoroutineScope.close(ViewModel.kt:51)
12-02 23:13:17.171  1864  1864 W System.err: 	at androidx.lifecycle.ViewModel.closeWithRuntimeException(ViewModel.java:188)
12-02 23:13:17.171  1864  1864 W System.err: 	at androidx.lifecycle.ViewModel.clear(ViewModel.java:134)
12-02 23:13:17.171  1864  1864 W System.err: 	at androidx.lifecycle.ViewModelStore.clear(ViewModelStore.java:62)
12-02 23:13:17.171  1864  1864 W System.err: 	at androidx.fragment.app.FragmentManagerViewModel.clearNonConfigStateInternal(FragmentManagerViewModel.java:210)
12-02 23:13:17.171  1864  1864 W System.err: 	at androidx.fragment.app.FragmentManagerViewModel.clearNonConfigState(FragmentManagerViewModel.java:190)
12-02 23:13:17.171  1864  1864 W System.err: 	at androidx.fragment.app.FragmentStateManager.destroy(FragmentStateManager.java:778)
12-02 23:13:17.171  1864  1864 W System.err: 	at androidx.fragment.app.FragmentStateManager.moveToExpectedState(FragmentStateManager.java:335)
12-02 23:13:17.171  1864  1864 W System.err: 	at androidx.fragment.app.FragmentStore.moveToExpectedState(FragmentStore.java:113)
12-02 23:13:17.171  1864  1864 W System.err: 	at androidx.fragment.app.FragmentManager.moveToState(FragmentManager.java:1374)
12-02 23:13:17.171  1864  1864 W System.err: 	at androidx.fragment.app.FragmentManager.dispatchStateChange(FragmentManager.java:2841)
12-02 23:13:17.171  1864  1864 W System.err: 	at androidx.fragment.app.FragmentManager.dispatchDestroy(FragmentManager.java:2820)
12-02 23:13:17.171  1864  1864 W System.err: 	at androidx.fragment.app.Fragment.performDestroy(Fragment.java:3246)
12-02 23:13:17.172  1864  1864 W System.err: 	at androidx.fragment.app.FragmentStateManager.destroy(FragmentStateManager.java:780)
12-02 23:13:17.172  1864  1864 W System.err: 	at androidx.fragment.app.FragmentStateManager.moveToExpectedState(FragmentStateManager.java:335)
12-02 23:13:17.172  1864  1864 W System.err: 	at androidx.fragment.app.SpecialEffectsController$FragmentStateManagerOperation.complete(SpecialEffectsController.java:771)
12-02 23:13:17.172  1864  1864 W System.err: 	at androidx.fragment.app.SpecialEffectsController$Operation.cancel(SpecialEffectsController.java:615)
12-02 23:13:17.172  1864  1864 W System.err: 	at androidx.fragment.app.SpecialEffectsController.forceCompleteAllOperations(SpecialEffectsController.java:350)
12-02 23:13:17.172  1864  1864 W System.err: 	at androidx.fragment.app.FragmentManager.dispatchStateChange(FragmentManager.java:2844)
12-02 23:13:17.172  1864  1864 W System.err: 	at androidx.fragment.app.FragmentManager.dispatchDestroy(FragmentManager.java:2820)
12-02 23:13:17.172  1864  1864 W System.err: 	at androidx.fragment.app.FragmentController.dispatchDestroy(FragmentController.java:345)
12-02 23:13:17.172  1864  1864 W System.err: 	at androidx.fragment.app.FragmentActivity.onDestroy(FragmentActivity.java:306)
12-02 23:13:17.172  1864  1864 W System.err: 	at androidx.appcompat.app.AppCompatActivity.onDestroy(AppCompatActivity.java:278)
12-02 23:13:17.172  1864  1864 W System.err: 	at android.app.Activity.performDestroy(Activity.java:8048)
12-02 23:13:17.172  1864  1864 W System.err: 	at android.app.Instrumentation.callActivityOnDestroy(Instrumentation.java:1334)
12-02 23:13:17.172  1864  1864 W System.err: 	at androidx.test.runner.MonitoringInstrumentation.callActivityOnDestroy(MonitoringInstrumentation.java:766)
12-02 23:13:17.172  1864  1864 W System.err: 	at android.app.ActivityThread.performDestroyActivity(ActivityThread.java:4926)
12-02 23:13:17.172  1864  1864 W System.err: 	at android.app.ActivityThread.handleDestroyActivity(ActivityThread.java:4970)
12-02 23:13:17.172  1864  1864 W System.err: 	at android.app.servertransaction.DestroyActivityItem.execute(DestroyActivityItem.java:44)
12-02 23:13:17.172  1864  1864 W System.err: 	at android.app.servertransaction.TransactionExecutor.executeLifecycleState(TransactionExecutor.java:176)
12-02 23:13:17.173  1864  1864 W System.err: 	at android.app.servertransaction.TransactionExecutor.execute(TransactionExecutor.java:97)
12-02 23:13:17.173  1864  1864 W System.err: 	at android.app.ActivityThread$H.handleMessage(ActivityThread.java:2016)
12-02 23:13:17.173  1864  1864 W System.err: 	at android.os.Handler.dispatchMessage(Handler.java:107)
12-02 23:13:17.173  1864  1864 W System.err: 	at android.os.Looper.loop(Looper.java:214)
12-02 23:13:17.173  1864  1864 W System.err: 	at android.app.ActivityThread.main(ActivityThread.java:7356)
12-02 23:13:17.173  1864  1864 W System.err: 	at java.lang.reflect.Method.invoke(Native Method)
12-02 23:13:17.173  1864  1864 W System.err: 	at com.android.internal.os.RuntimeInit$MethodAndArgsCaller.run(RuntimeInit.java:492)
12-02 23:13:17.173  1864  1864 W System.err: 	at com.android.internal.os.ZygoteInit.main(ZygoteInit.java:930)
12-02 23:13:17.180  1864  1909 I teco.fmhandroi: Background young concurrent copying GC freed 34612(1876KB) AllocSpace objects, 10(676KB) LOS objects, 0% free, 30MB/30MB, paused 579us total 115.898ms
12-02 23:13:17.200  3139  3568 I MicroDetectionWorker: #startMicroDetector [speakerMode: 0]
12-02 23:13:17.206  3139  3568 W ErrorReporter: reportError [type: 211, code: 393244, bug: 0]: errorCode: 393244, engine: 0
12-02 23:13:17.206  3139  3568 I MicroDetector: Keeping mic open: false
12-02 23:13:17.206  3139  3568 I MicroDetectionWorker: #onError(false)
12-02 23:13:17.207  1864  1864 D LifecycleMonitor: Lifecycle status change: ru.iteco.fmhandroid.ui.AppActivity@b8e9d0f in: DESTROYED
12-02 23:13:17.234  2584  3808 W GCoreFlp: No location to return for getLastLocation()
12-02 23:13:17.240  1864  2648 D FA      : Connected to remote service
12-02 23:13:17.241  1864  2648 V FA      : Processing queued up service tasks: 2
12-02 23:13:17.283  2010  2025 I system_server: NativeAlloc concurrent copying GC freed 60769(2542KB) AllocSpace objects, 4(144KB) LOS objects, 21% free, 21MB/27MB, paused 387us total 127.736ms
12-02 23:13:17.302  1864  1909 I teco.fmhandroi: Background concurrent copying GC freed 205839(13MB) AllocSpace objects, 9(8352KB) LOS objects, 41% free, 8489KB/14MB, paused 405us total 100.382ms
12-02 23:13:17.329  2584  2428 W ctxmgr  : [AclManager] No 3 for (accnt=account#-517948760#, com.google.android.gms(10114):UserVelocityProducer, vrsn=202414022, 0, 3pPkg = null ,  3pMdlId = null ,  pid = 2584). Was: 3 for 1, account#-517948760# [CONTEXT service_id=47 ]
12-02 23:13:17.329  2881  2652 V FA-SVC  : Logging event: origin=auto,name=user_engagement(_e),params=Bundle[{ga_event_origin(_o)=auto, engagement_time_msec(_et)=38055, ga_screen_class(_sc)=AppActivity, ga_screen_id(_si)=4083891225062200023}]
12-02 23:13:17.348  2881  2652 V FA-SVC  : Upload scheduled in approximately ms: 912137
12-02 23:13:17.348  2881  2652 V FA-SVC  : Unscheduling upload
12-02 23:13:17.352  2881  2652 V FA-SVC  : Scheduling upload, millis: 912137
12-02 23:13:17.354  2881  2652 V FA-SVC  : Background event processing time, ms: 25
12-02 23:13:17.374  2584  3808 W GCoreFlp: No location to return for getLastLocation()
12-02 23:13:17.387  2584  2595 I LogUtils: [Places]: ?: Couldn't find platform key file. [CONTEXT service_id=253 ]
12-02 23:13:17.395  2584  2428 I ctxmgr  : [ProducerStatusImpl] updateStateForNewContextData: inactive, contextName=7 [CONTEXT service_id=47 ]
12-02 23:13:17.413  2584  2595 E SQLiteDatabase: Error inserting flex_time=912000 job_id=-1 period=1825000 source=16 requires_charging=0 preferred_network_type=1 target_class=com.google.android.gms.measurement.PackageMeasurementTaskService user_id=0 target_package=com.google.android.gms tag=Measurement.PackageMeasurementTaskService.UPLOAD_TASK_TAG task_type=0 required_idleness_state=0 service_kind=0 source_version=202414000 persistence_level=1 preferred_charging_state=1 required_network_type=0 runtime=1670011997396 retry_strategy={"maximum_backoff_seconds":{"3600":0},"initial_backoff_seconds":{"30":0},"retry_policy":{"0":0}} last_runtime=0
12-02 23:13:17.413  2584  2595 E SQLiteDatabase: android.database.sqlite.SQLiteConstraintException: UNIQUE constraint failed: pending_ops.tag, pending_ops.target_class, pending_ops.target_package, pending_ops.user_id (code 2067 SQLITE_CONSTRAINT_UNIQUE)
12-02 23:13:17.413  2584  2595 E SQLiteDatabase: 	at android.database.sqlite.SQLiteConnection.nativeExecuteForLastInsertedRowId(Native Method)
12-02 23:13:17.413  2584  2595 E SQLiteDatabase: 	at android.database.sqlite.SQLiteConnection.executeForLastInsertedRowId(SQLiteConnection.java:879)
12-02 23:13:17.413  2584  2595 E SQLiteDatabase: 	at android.database.sqlite.SQLiteSession.executeForLastInsertedRowId(SQLiteSession.java:790)
12-02 23:13:17.413  2584  2595 E SQLiteDatabase: 	at android.database.sqlite.SQLiteStatement.executeInsert(SQLiteStatement.java:88)
12-02 23:13:17.413  2584  2595 E SQLiteDatabase: 	at android.database.sqlite.SQLiteDatabase.insertWithOnConflict(SQLiteDatabase.java:1599)
12-02 23:13:17.413  2584  2595 E SQLiteDatabase: 	at android.database.sqlite.SQLiteDatabase.insert(SQLiteDatabase.java:1468)
12-02 23:13:17.413  2584  2595 E SQLiteDatabase: 	at aqui.a(:com.google.android.gms@202414022@20.24.14 (040700-319035315):175)
12-02 23:13:17.413  2584  2595 E SQLiteDatabase: 	at aqtk.a(:com.google.android.gms@202414022@20.24.14 (040700-319035315):182)
12-02 23:13:17.413  2584  2595 E SQLiteDatabase: 	at aqtk.a(:com.google.android.gms@202414022@20.24.14 (040700-319035315):23)
12-02 23:13:17.413  2584  2595 E SQLiteDatabase: 	at aqtk.a(:com.google.android.gms@202414022@20.24.14 (040700-319035315):177)
12-02 23:13:17.413  2584  2595 E SQLiteDatabase: 	at aqpu.run(:com.google.android.gms@202414022@20.24.14 (040700-319035315):9)
12-02 23:13:17.413  2584  2595 E SQLiteDatabase: 	at soy.b(:com.google.android.gms@202414022@20.24.14 (040700-319035315):12)
12-02 23:13:17.413  2584  2595 E SQLiteDatabase: 	at soy.run(:com.google.android.gms@202414022@20.24.14 (040700-319035315):7)
12-02 23:13:17.413  2584  2595 E SQLiteDatabase: 	at java.util.concurrent.ThreadPoolExecutor.runWorker(ThreadPoolExecutor.java:1167)
12-02 23:13:17.413  2584  2595 E SQLiteDatabase: 	at java.util.concurrent.ThreadPoolExecutor$Worker.run(ThreadPoolExecutor.java:641)
12-02 23:13:17.413  2584  2595 E SQLiteDatabase: 	at sux.run(:com.google.android.gms@202414022@20.24.14 (040700-319035315):0)
12-02 23:13:17.413  2584  2595 E SQLiteDatabase: 	at java.lang.Thread.run(Thread.java:919)
12-02 23:13:17.420  2584  3808 W GCoreFlp: No location to return for getLastLocation()
12-02 23:13:17.442  2584  2595 I LogUtils: [Places]: ?: Couldn't find platform key file. [CONTEXT service_id=253 ]
12-02 23:13:17.456  2584  2584 I GeofencerStateMachine: removeGeofences: removeRequest=RemoveGeofencingRequest[REMOVE_BY_PENDING_INTENT pendingIntent=PendingIntent[creatorPackage=com.google.android.gms], packageName=com.google.android.gms]
12-02 23:13:17.459  2584  2584 I GeofencerStateMachine: removeGeofences: removeRequest=RemoveGeofencingRequest[REMOVE_BY_PENDING_INTENT pendingIntent=PendingIntent[creatorPackage=com.google.android.gms], packageName=com.google.android.gms]
12-02 23:13:17.461  2584  2656 I PlacesLogger: [PlaceInferenceEngine]: [anon] Changed inference mode: 0 [CONTEXT service_id=253 ]
12-02 23:13:17.462  2584  2654 I LogUtils: [Places]: ?: Couldn't find platform key file. [CONTEXT service_id=253 ]
12-02 23:13:17.465  2584  2428 I LogUtils: [Places]: ?: Couldn't find platform key file. [CONTEXT service_id=253 ]
12-02 23:13:17.472  2584  3808 W GCoreFlp: No location to return for getLastLocation()
12-02 23:13:17.485  2584  2656 I LogUtils: [Places]: ?: PlacesBleScanner start() with priority 2 [CONTEXT service_id=253 ]
12-02 23:13:17.486  2584  2656 I PlacesLogger: [PlaceInferenceEngine]: [anon] Changed inference mode: 1 [CONTEXT service_id=253 ]
12-02 23:13:17.498  2584  2584 E BeaconBle: Missing BluetoothAdapter [CONTEXT service_id=111 ]
12-02 23:13:17.499  2584  2584 I BeaconBle: BLE 'KK+' software access layer enabled [CONTEXT service_id=111 ]
12-02 23:13:17.505  2584  2654 I LogUtils: [Places]: ?: Couldn't find platform key file. [CONTEXT service_id=253 ]
12-02 23:13:17.515  2584  2654 I LogUtils: [Places]: ?: Couldn't find platform key file. [CONTEXT service_id=253 ]
12-02 23:13:17.517  2584  2584 I BeaconBle: Client requested scan, settings=BleSettings [scanMode=ZERO_POWER, callbackType=ALL_MATCHES, reportDelayMillis=0, 1 filters, 0 clients, callingClientName=Places] [CONTEXT service_id=111 ]
12-02 23:13:17.517  2584  2584 I BeaconBle: Scan : No clients left, canceling alarm. [CONTEXT service_id=111 ]
12-02 23:13:17.517  2584  2584 E BeaconBle: Scan couldn't start for Places [CONTEXT service_id=111 ]
12-02 23:13:17.517  2584  2584 W Places  : BLE failure while scanning - code 5
12-02 23:13:17.528  2584  3808 W GCoreFlp: No location to return for getLastLocation()
12-02 23:13:17.764  1772  1873 D gralloc_ranchu: gralloc_alloc: Creating ashmem region of size 14749696
12-02 23:13:18.201  2010  2346 D WificondControl: Scan result ready event
12-02 23:13:18.244  1864  1989 E TestRunner: failed: shouldFilterClaimsWithStatusCanceledOpenAndExecuted(ru.iteco.fmhandroid.ui.FilterClaimsPageTest)
12-02 23:13:18.244  1864  1989 E TestRunner: ----- begin exception -----
12-02 23:13:18.244  1864  1989 E TestRunner: androidx.test.espresso.PerformException: Error performing 'scroll RecyclerView to: holder with view: (view is an instance of android.view.ViewGroup and has descendant matching an instance of android.widget.TextView and view.getText() with or without transformation to match: is "Выполнено bf4e3671-6c9c-4f5a-9580-9a3d39580f4e")' on view 'view.getId() is <2131230916/ru.iteco.fmhandroid:id/claim_list_recycler_view>'.
12-02 23:13:18.244  1864  1989 E TestRunner: 	at androidx.test.espresso.PerformException$Builder.build(PerformException.java:1)
12-02 23:13:18.244  1864  1989 E TestRunner: 	at androidx.test.espresso.base.PerformExceptionHandler.handleSafely(PerformExceptionHandler.java:8)
12-02 23:13:18.244  1864  1989 E TestRunner: 	at androidx.test.espresso.base.PerformExceptionHandler.handleSafely(PerformExceptionHandler.java:9)
12-02 23:13:18.244  1864  1989 E TestRunner: 	at androidx.test.espresso.base.DefaultFailureHandler$TypedFailureHandler.handle(DefaultFailureHandler.java:4)
12-02 23:13:18.244  1864  1989 E TestRunner: 	at androidx.test.espresso.base.DefaultFailureHandler.handle(DefaultFailureHandler.java:5)
12-02 23:13:18.244  1864  1989 E TestRunner: 	at androidx.test.espresso.ViewInteraction.waitForAndHandleInteractionResults(ViewInteraction.java:8)
12-02 23:13:18.244  1864  1989 E TestRunner: 	at androidx.test.espresso.ViewInteraction.desugaredPerform(ViewInteraction.java:11)
12-02 23:13:18.244  1864  1989 E TestRunner: 	at androidx.test.espresso.ViewInteraction.perform(ViewInteraction.java:8)
12-02 23:13:18.244  1864  1989 E TestRunner: 	at ru.iteco.fmhandroid.ui.steps.ClaimsPageSteps.scrollToElementInRecyclerList(ClaimsPageSteps.java:128)
12-02 23:13:18.244  1864  1989 E TestRunner: 	at ru.iteco.fmhandroid.ui.steps.ClaimsPageSteps.openClaimCard(ClaimsPageSteps.java:151)
12-02 23:13:18.244  1864  1989 E TestRunner: 	at ru.iteco.fmhandroid.ui.FilterClaimsPageTest.shouldFilterClaimsWithStatusCanceledOpenAndExecuted(FilterClaimsPageTest.java:568)
12-02 23:13:18.244  1864  1989 E TestRunner: 	at java.lang.reflect.Method.invoke(Native Method)
12-02 23:13:18.244  1864  1989 E TestRunner: 	at org.junit.runners.model.FrameworkMethod$1.runReflectiveCall(FrameworkMethod.java:59)
12-02 23:13:18.244  1864  1989 E TestRunner: 	at org.junit.internal.runners.model.ReflectiveCallable.run(ReflectiveCallable.java:12)
12-02 23:13:18.244  1864  1989 E TestRunner: 	at org.junit.runners.model.FrameworkMethod.invokeExplosively(FrameworkMethod.java:56)
12-02 23:13:18.244  1864  1989 E TestRunner: 	at org.junit.internal.runners.statements.InvokeMethod.evaluate(InvokeMethod.java:17)
12-02 23:13:18.244  1864  1989 E TestRunner: 	at androidx.test.internal.runner.junit4.statement.RunBefores.evaluate(RunBefores.java:80)
12-02 23:13:18.244  1864  1989 E TestRunner: 	at androidx.test.rule.ActivityTestRule$ActivityStatement.evaluate(ActivityTestRule.java:543)
12-02 23:13:18.244  1864  1989 E TestRunner: 	at io.qameta.allure.android.rules.LogcatRule$apply$1.evaluate(LogcatRule.kt:23)
12-02 23:13:18.244  1864  1989 E TestRunner: 	at io.qameta.allure.android.rules.ScreenshotRule$apply$1.evaluate(ScreenshotRule.kt:22)
12-02 23:13:18.244  1864  1989 E TestRunner: 	at io.qameta.allure.android.rules.ScreenshotRule$apply$1.evaluate(ScreenshotRule.kt:22)
12-02 23:13:18.244  1864  1989 E TestRunner: 	at org.junit.rules.RunRules.evaluate(RunRules.java:20)
12-02 23:13:18.244  1864  1989 E TestRunner: 	at org.junit.runners.ParentRunner$3.evaluate(ParentRunner.java:306)
12-02 23:13:18.244  1864  1989 E TestRunner: 	at org.junit.runners.BlockJUnit4ClassRunner$1.evaluate(BlockJUnit4ClassRunner.java:100)
12-02 23:13:18.244  1864  1989 E TestRunner: 	at org.junit.runners.ParentRunner.runLeaf(ParentRunner.java:366)
12-02 23:13:18.244  1864  1989 E TestRunner: 	at org.junit.runners.BlockJUnit4ClassRunner.runChild(BlockJUnit4ClassRunner.java:103)
12-02 23:13:18.244  1864  1989 E TestRunner: 	at org.junit.runners.BlockJUnit4ClassRunner.runChild(BlockJUnit4ClassRunner.java:63)
12-02 23:13:18.244  1864  1989 E TestRunner: 	at org.junit.runners.ParentRunner$4.run(ParentRunner.java:331)
12-02 23:13:18.244  1864  1989 E TestRunner: 	at org.junit.runners.ParentRunner$1.schedule(ParentRunner.java:79)
12-02 23:13:18.244  1864  1989 E TestRunner: 	at org.junit.runners.ParentRunner.runChildren(ParentRunner.java:329)
12-02 23:13:18.244  1864  1989 E TestRunner: 	at org.junit.runners.ParentRunner.access$100(ParentRunner.java:66)
12-02 23:13:18.244  1864  1989 E TestRunner: 	at org.junit.runners.ParentRunner$2.evaluate(ParentRunner.java:293)
12-02 23:13:18.244  1864  1989 E TestRunner: 	at org.junit.runners.ParentRunner$3.evaluate(ParentRunner.java:306)
12-02 23:13:18.244  1864  1989 E TestRunner: 	at org.junit.runners.ParentRunner.run(ParentRunner.java:413)
12-02 23:13:18.244  1864  1989 E TestRunner: 	at androidx.test.ext.junit.runners.AndroidJUnit4.run(AndroidJUnit4.java:162)
12-02 23:13:18.244  1864  1989 E TestRunner: 	at io.qameta.allure.android.runners.AllureAndroidJUnit4.run(AllureAndroidJUnitRunners.kt:29)
12-02 23:13:18.244  1864  1989 E TestRunner: 	at org.junit.runners.Suite.runChild(Suite.java:128)
12-02 23:13:18.244  1864  1989 E TestRunner: 	at org.junit.runners.Suite.runChild(Suite.java:27)
12-02 23:13:18.244  1864  1989 E TestRunner: 	at org.junit.runners.ParentRunner$4.run(ParentRunner.java:331)
12-02 23:13:18.244  1864  1989 E TestRunner: 	at org.junit.runners.ParentRunner$1.schedule(ParentRunner.java:79)
12-02 23:13:18.244  1864  1989 E TestRunner: 	at org.junit.runners.ParentRunner.runChildren(ParentRunner.java:329)
12-02 23:13:18.244  1864  1989 E TestRunner: 	at org.junit.runners.ParentRunner.access$100(ParentRunner.java:66)
12-02 23:13:18.244  1864  1989 E TestRunner: 	at org.junit.runners.ParentRunner$2.evaluate(ParentRunner.java:293)
12-02 23:13:18.244  1864  1989 E TestRunner: 	at org.junit.runners.ParentRunner$3.evaluate(ParentRunner.java:306)
12-02 23:13:18.244  1864  1989 E TestRunner: 	at org.junit.runners.ParentRunner.run(ParentRunner.java:413)
12-02 23:13:18.244  1864  1989 E TestRunner: 	at org.junit.runner.JUnitCore.run(JUnit
12-02 23:13:18.245  1864  1989 E TestRunner: ----- end exception -----
12-02 23:13:18.246  1864  1989 I TestRunner: finished: shouldFilterClaimsWithStatusCanceledOpenAndExecuted(ru.iteco.fmhandroid.ui.FilterClaimsPageTest)
12-02 23:13:18.389  1864  1989 I TestRunner: started: shouldFilterClaimsWithStatusInProgressAndExecuted(ru.iteco.fmhandroid.ui.FilterClaimsPageTest)
12-02 23:13:18.410  1864  1989 W ActivityTestRule: getActivityIntent() returned null using default: Intent(Intent.ACTION_MAIN)
12-02 23:13:18.414  2010  2346 I ActivityTaskManager: START u0 {act=android.intent.action.MAIN flg=0x10000000 cmp=ru.iteco.fmhandroid/.ui.AppActivity} from uid 10159
12-02 23:13:18.430  2010  2037 E system_server: Invalid ID 0x00000000.
12-02 23:13:18.436  2010  2346 W InputReader: Device has associated, but no associated display id.
12-02 23:13:18.440  2010  2346 I chatty  : uid=1000(system) Binder:2010_7 identical 38 lines
12-02 23:13:18.440  2010  2346 W InputReader: Device has associated, but no associated display id.
12-02 23:13:18.442  1864  1864 W ActivityThread: handleWindowVisibility: no activity for token android.os.BinderProxy@ffafe15
12-02 23:13:18.466  1864  1864 D LifecycleMonitor: Lifecycle status change: ru.iteco.fmhandroid.ui.AppActivity@49a6691 in: PRE_ON_CREATE
12-02 23:13:18.469  1772  1873 D gralloc_ranchu: gralloc_alloc: Creating ashmem region of size 14749696
12-02 23:13:18.469  1864  2496 V FA      : onActivityCreated
12-02 23:13:18.497  1864  1864 D LifecycleMonitor: Lifecycle status change: ru.iteco.fmhandroid.ui.AppActivity@49a6691 in: CREATED
12-02 23:13:18.528  1864  1864 D LifecycleMonitor: Lifecycle status change: ru.iteco.fmhandroid.ui.AppActivity@49a6691 in: STARTED
12-02 23:13:18.529  1864  1864 D LifecycleMonitor: Lifecycle status change: ru.iteco.fmhandroid.ui.AppActivity@49a6691 in: RESUMED
12-02 23:13:18.529  1864  2648 V FA      : Activity resumed, time: 95629528
12-02 23:13:18.538  2010  2037 W InputReader: Device has associated, but no associated display id.
12-02 23:13:18.539  2010  2037 I chatty  : uid=1000(system) android.anim identical 8 lines
12-02 23:13:18.539  2010  2037 W InputReader: Device has associated, but no associated display id.
12-02 23:13:18.570  3139  3664 D EGL_emulation: eglMakeCurrent: 0xdb91c460: ver 2 0 (tinfo 0xbe64a3f0)
12-02 23:13:18.570  2448  3326 D EGL_emulation: eglMakeCurrent: 0xe3a07ba0: ver 2 0 (tinfo 0xe3a93b30)
12-02 23:13:18.587  1772  1873 D gralloc_ranchu: gralloc_alloc: Creating ashmem region of size 14749696
12-02 23:13:18.590  1772  1873 I chatty  : uid=1000(system) HwBinder:1772_1 identical 1 line
12-02 23:13:18.591  1772  1873 D gralloc_ranchu: gralloc_alloc: Creating ashmem region of size 14749696
12-02 23:13:18.604  1864  2003 D EGL_emulation: eglMakeCurrent: 0xdb91b3e0: ver 2 0 (tinfo 0xdb98eb00)
12-02 23:13:18.610  2169  2501 D EGL_emulation: eglMakeCurrent: 0xdb91a600: ver 2 0 (tinfo 0xdb90f8d0)
12-02 23:13:18.655  2881  2652 V FA-SVC  : Logging event: origin=auto,name=screen_view(_vs),params=Bundle[{ga_event_origin(_o)=auto, ga_previous_class(_pc)=AppActivity, ga_previous_id(_pi)=4083891225062200023, ga_screen_class(_sc)=AppActivity, ga_screen_id(_si)=4083891225062200024}]
12-02 23:13:18.656  2010  2041 I ActivityTaskManager: Displayed ru.iteco.fmhandroid/.ui.AppActivity: +237ms
12-02 23:13:18.657  1772  1873 D gralloc_ranchu: gralloc_alloc: Creating ashmem region of size 14749696
