12-08 10:14:23.875  2656  8302 E SQLiteDatabase: 	at sux.run(:com.google.android.gms@202414022@20.24.14 (040700-319035315):0)
12-08 10:14:23.875  2656  8302 E SQLiteDatabase: 	at java.lang.Thread.run(Thread.java:919)
12-08 10:14:23.877  8437  8470 D EGL_emulation: eglMakeCurrent: 0xf0c7f9a0: ver 2 0 (tinfo 0xf0cc0670)
12-08 10:14:23.936  8437  8470 E chromium: [ERROR:gl_surface_egl.cc(342)] eglChooseConfig failed with error EGL_SUCCESS
12-08 10:14:23.937  1776  1927 D gralloc_ranchu: gralloc_alloc: Creating ashmem region of size 9256960
12-08 10:14:23.962  8437  8470 D EGL_emulation: eglCreateContext: 0xe593dba0: maj 2 min 0 rcv 2
12-08 10:14:23.964  8437  8470 D EGL_emulation: eglMakeCurrent: 0xe593dba0: ver 2 0 (tinfo 0xf0cc0670)
12-08 10:14:23.993  1776  1927 D gralloc_ranchu: gralloc_alloc: Creating ashmem region of size 10108928
12-08 10:14:24.039  8437  8470 D EGL_emulation: eglMakeCurrent: 0xe59eb0c0: ver 2 0 (tinfo 0xf0cc0670)
12-08 10:14:24.060  8437  8470 D EGL_emulation: eglMakeCurrent: 0xe593dba0: ver 2 0 (tinfo 0xf0cc0670)
12-08 10:14:24.102  9674  9718 E TestRunner: failed: shouldFilterClaimsWithStatusInProgressAndExecuted(ru.iteco.fmhandroid.ui.FilterClaimsPageTest)
12-08 10:14:24.102  9674  9718 E TestRunner: ----- begin exception -----
12-08 10:14:24.103  9674  9718 E TestRunner: androidx.test.espresso.PerformException: Error performing 'scroll RecyclerView to: holder with view: (view is an instance of android.view.ViewGroup and has descendant matching an instance of android.widget.TextView and view.getText() with or without transformation to match: is "Заголовок 20064bdc-4bcd-4ae8-ae70-9fe4ad49dbe6")' on view 'view.getId() is <2131230916/ru.iteco.fmhandroid:id/claim_list_recycler_view>'.
12-08 10:14:24.103  9674  9718 E TestRunner: 	at androidx.test.espresso.PerformException$Builder.build(PerformException.java:1)
12-08 10:14:24.103  9674  9718 E TestRunner: 	at androidx.test.espresso.base.PerformExceptionHandler.handleSafely(PerformExceptionHandler.java:8)
12-08 10:14:24.103  9674  9718 E TestRunner: 	at androidx.test.espresso.base.PerformExceptionHandler.handleSafely(PerformExceptionHandler.java:9)
12-08 10:14:24.103  9674  9718 E TestRunner: 	at androidx.test.espresso.base.DefaultFailureHandler$TypedFailureHandler.handle(DefaultFailureHandler.java:4)
12-08 10:14:24.103  9674  9718 E TestRunner: 	at androidx.test.espresso.base.DefaultFailureHandler.handle(DefaultFailureHandler.java:5)
12-08 10:14:24.103  9674  9718 E TestRunner: 	at androidx.test.espresso.ViewInteraction.waitForAndHandleInteractionResults(ViewInteraction.java:8)
12-08 10:14:24.103  9674  9718 E TestRunner: 	at androidx.test.espresso.ViewInteraction.desugaredPerform(ViewInteraction.java:11)
12-08 10:14:24.103  9674  9718 E TestRunner: 	at androidx.test.espresso.ViewInteraction.perform(ViewInteraction.java:8)
12-08 10:14:24.103  9674  9718 E TestRunner: 	at ru.iteco.fmhandroid.ui.steps.ClaimsPageSteps.scrollToElementInRecyclerList(ClaimsPageSteps.java:127)
12-08 10:14:24.103  9674  9718 E TestRunner: 	at ru.iteco.fmhandroid.ui.steps.ClaimsPageSteps.openClaimCard(ClaimsPageSteps.java:150)
12-08 10:14:24.103  9674  9718 E TestRunner: 	at ru.iteco.fmhandroid.ui.steps.CreatingClaimsSteps.createClaim(CreatingClaimsSteps.java:109)
12-08 10:14:24.103  9674  9718 E TestRunner: 	at ru.iteco.fmhandroid.ui.steps.CreatingClaimsSteps.createClaims(CreatingClaimsSteps.java:131)
12-08 10:14:24.103  9674  9718 E TestRunner: 	at ru.iteco.fmhandroid.ui.FilterClaimsPageTest.shouldFilterClaimsWithStatusInProgressAndExecuted(FilterClaimsPageTest.java:323)
12-08 10:14:24.103  9674  9718 E TestRunner: 	at java.lang.reflect.Method.invoke(Native Method)
12-08 10:14:24.103  9674  9718 E TestRunner: 	at org.junit.runners.model.FrameworkMethod$1.runReflectiveCall(FrameworkMethod.java:59)
12-08 10:14:24.103  9674  9718 E TestRunner: 	at org.junit.internal.runners.model.ReflectiveCallable.run(ReflectiveCallable.java:12)
12-08 10:14:24.103  9674  9718 E TestRunner: 	at org.junit.runners.model.FrameworkMethod.invokeExplosively(FrameworkMethod.java:56)
12-08 10:14:24.103  9674  9718 E TestRunner: 	at org.junit.internal.runners.statements.InvokeMethod.evaluate(InvokeMethod.java:17)
12-08 10:14:24.103  9674  9718 E TestRunner: 	at androidx.test.internal.runner.junit4.statement.RunBefores.evaluate(RunBefores.java:80)
12-08 10:14:24.103  9674  9718 E TestRunner: 	at io.qameta.allure.android.rules.ScreenshotRule$apply$1.evaluate(ScreenshotRule.kt:22)
12-08 10:14:24.103  9674  9718 E TestRunner: 	at org.junit.rules.ExternalResource$1.evaluate(ExternalResource.java:54)
12-08 10:14:24.103  9674  9718 E TestRunner: 	at io.qameta.allure.android.rules.LogcatRule$apply$1.evaluate(LogcatRule.kt:23)
12-08 10:14:24.103  9674  9718 E TestRunner: 	at org.junit.rules.RunRules.evaluate(RunRules.java:20)
12-08 10:14:24.103  9674  9718 E TestRunner: 	at org.junit.runners.ParentRunner$3.evaluate(ParentRunner.java:306)
12-08 10:14:24.103  9674  9718 E TestRunner: 	at org.junit.runners.BlockJUnit4ClassRunner$1.evaluate(BlockJUnit4ClassRunner.java:100)
12-08 10:14:24.103  9674  9718 E TestRunner: 	at org.junit.runners.ParentRunner.runLeaf(ParentRunner.java:366)
12-08 10:14:24.103  9674  9718 E TestRunner: 	at org.junit.runners.BlockJUnit4ClassRunner.runChild(BlockJUnit4ClassRunner.java:103)
12-08 10:14:24.103  9674  9718 E TestRunner: 	at org.junit.runners.BlockJUnit4ClassRunner.runChild(BlockJUnit4ClassRunner.java:63)
12-08 10:14:24.103  9674  9718 E TestRunner: 	at org.junit.runners.ParentRunner$4.run(ParentRunner.java:331)
12-08 10:14:24.103  9674  9718 E TestRunner: 	at org.junit.runners.ParentRunner$1.schedule(ParentRunner.java:79)
12-08 10:14:24.103  9674  9718 E TestRunner: 	at org.junit.runners.ParentRunner.runChildren(ParentRunner.java:329)
12-08 10:14:24.103  9674  9718 E TestRunner: 	at org.junit.runners.ParentRunner.access$100(ParentRunner.java:66)
12-08 10:14:24.103  9674  9718 E TestRunner: 	at org.junit.runners.ParentRunner$2.evaluate(ParentRunner.java:293)
12-08 10:14:24.103  9674  9718 E TestRunner: 	at org.junit.runners.ParentRunner$3.evaluate(ParentRunner.java:306)
12-08 10:14:24.103  9674  9718 E TestRunner: 	at org.junit.runners.ParentRunner.run(ParentRunner.java:413)
12-08 10:14:24.103  9674  9718 E TestRunner: 	at androidx.test.ext.junit.runners.AndroidJUnit4.run(AndroidJUnit4.java:162)
12-08 10:14:24.103  9674  9718 E TestRunner: 	at io.qameta.allure.android.runners.AllureAndroidJUnit4.run(AllureAndroidJUnitRunners.kt:29)
12-08 10:14:24.103  9674  9718 E TestRunner: 	at org.junit.runners.Suite.runChild(Suite.java:128)
12-08 10:14:24.103  9674  9718 E TestRunner: 	at org.junit.runners.Suite.runChild(Suite.java:27)
12-08 10:14:24.103  9674  9718 E TestRunner: 	at org.junit.runners.ParentRunner$4.run(ParentRunner.java:331)
12-08 10:14:24.103  9674  9718 E TestRunner: 	at org.junit.runners.ParentRunner$1.schedule(ParentRunner.java:79)
12-08 10:14:24.103  9674  9718 E TestRunner: 	at org.junit.runners.ParentRunner.runChildren(ParentRunner.java:329)
12-08 10:14:24.103  9674  9718 E TestRunner: 	at org.junit.runners.ParentRunner.access$100(ParentRunner.java:66)
12-08 10:14:24.103  9674  9718 E TestRunner: 	at org.junit.runners.ParentRunner$2.evaluate(ParentRunner.java:293)
12-08 10:14:24.103  9674  9718 E TestRunner: 	at org.junit.runners.ParentRunner$3.evaluate(ParentRunner.java:306)
12-08 10:14:24.103  9674  9718 E TestRunner: 	at org.junit.runners.
12-08 10:14:24.103  9674  9718 E TestRunner: ----- end exception -----
12-08 10:14:24.105  9674  9718 I TestRunner: finished: shouldFilterClaimsWithStatusInProgressAndExecuted(ru.iteco.fmhandroid.ui.FilterClaimsPageTest)
12-08 10:14:24.136  1776  1927 D gralloc_ranchu: gralloc_alloc: Creating ashmem region of size 9256960
12-08 10:14:24.141  8437  8470 D EGL_emulation: eglMakeCurrent: 0xe59eb0c0: ver 2 0 (tinfo 0xf0cc0670)
12-08 10:14:24.147  2018  2054 W InputReader: Device has associated, but no associated display id.
12-08 10:14:24.153  2018  2054 I chatty  : uid=1000(system) android.anim identical 18 lines
12-08 10:14:24.153  2018  2054 W InputReader: Device has associated, but no associated display id.
12-08 10:14:24.160  8437  8470 D EGL_emulation: eglMakeCurrent: 0xe593dba0: ver 2 0 (tinfo 0xf0cc0670)
12-08 10:14:24.162  1776  1927 D gralloc_ranchu: gralloc_alloc: Creating ashmem region of size 6471680
12-08 10:14:24.163  8437  8470 D EGL_emulation: eglMakeCurrent: 0xe59eb0c0: ver 2 0 (tinfo 0xf0cc0670)
12-08 10:14:24.179  9730  9767 D EGL_emulation: eglMakeCurrent: 0xdd81a2a0: ver 2 0 (tinfo 0xdd80f0b0)
12-08 10:14:24.194  2170  2566 D EGL_emulation: eglMakeCurrent: 0xe594e040: ver 2 0 (tinfo 0xc52450c0)
12-08 10:14:24.212  2018  7392 D HostConnection: HostConnection::get() New Host Connection established 0xb22b1870, tid 7392
12-08 10:14:24.215  2018  7392 D HostConnection: HostComposition ext ANDROID_EMU_CHECKSUM_HELPER_v1 ANDROID_EMU_dma_v1 ANDROID_EMU_direct_mem ANDROID_EMU_host_composition_v1 ANDROID_EMU_host_composition_v2 ANDROID_EMU_vulkan ANDROID_EMU_deferred_vulkan_commands ANDROID_EMU_vulkan_null_optional_strings ANDROID_EMU_vulkan_create_resources_with_requirements ANDROID_EMU_YUV_Cache ANDROID_EMU_vulkan_ignored_handles ANDROID_EMU_vulkan_free_memory_sync ANDROID_EMU_vulkan_shader_float16_int8 ANDROID_EMU_vulkan_async_queue_submit ANDROID_EMU_sync_buffer_data GL_OES_vertex_array_object GL_KHR_texture_compression_astc_ldr ANDROID_EMU_host_side_tracing ANDROID_EMU_gles_max_version_2 
12-08 10:14:24.218  2018  7392 W OpenGLRenderer: Failed to choose config with EGL_SWAP_BEHAVIOR_PRESERVED, retrying without...
12-08 10:14:24.259  2018  7392 D EGL_emulation: eglCreateContext: 0xb2357640: maj 2 min 0 rcv 2
12-08 10:14:24.267  2018  7392 D EGL_emulation: eglMakeCurrent: 0xb2357640: ver 2 0 (tinfo 0xc0d1c860)
12-08 10:14:24.277  8437  8470 D EGL_emulation: eglMakeCurrent: 0xe593dba0: ver 2 0 (tinfo 0xf0cc0670)
12-08 10:14:24.280  2170  2566 D EGL_emulation: eglMakeCurrent: 0xe594e040: ver 2 0 (tinfo 0xc52450c0)
12-08 10:14:24.296  1776  1927 D gralloc_ranchu: gralloc_alloc: Creating ashmem region of size 9256960
12-08 10:14:24.380  2170  2186 I ndroid.systemu: NativeAlloc concurrent copying GC freed 5859(395KB) AllocSpace objects, 0(0B) LOS objects, 49% free, 5497KB/10MB, paused 25.833ms total 85.597ms
12-08 10:14:24.385  9674  9718 I TestRunner: started: shouldFilterClaimsWithStatusExecutedAndCanceled(ru.iteco.fmhandroid.ui.FilterClaimsPageTest)
12-08 10:14:24.415  9674  9718 W Settings: Setting always_finish_activities has moved from android.provider.Settings.System to android.provider.Settings.Global, returning read-only value.
12-08 10:14:24.423  2018  3051 I ActivityTaskManager: START u0 {act=android.intent.action.MAIN cat=[android.intent.category.LAUNCHER] flg=0x10008000 cmp=ru.iteco.fmhandroid.test/androidx.test.core.app.InstrumentationActivityInvoker$BootstrapActivity (has extras)} from uid 10146
12-08 10:14:24.486  2018  2139 D ConnectivityService: releasing NetworkRequest [ TRACK_DEFAULT id=82, [ Capabilities: INTERNET&NOT_RESTRICTED&TRUSTED Uid: 10129] ] (release request)
12-08 10:14:24.491  2018  4653 W InputReader: Device has associated, but no associated display id.
12-08 10:14:24.495  2018  4653 I chatty  : uid=1000(system) Binder:2018_12 identical 38 lines
12-08 10:14:24.495  2018  4653 W InputReader: Device has associated, but no associated display id.
12-08 10:14:24.497  9730  9730 W ActivityThread: handleWindowVisibility: no activity for token android.os.BinderProxy@1e3ed1b
12-08 10:14:24.498  1776  1927 D gralloc_ranchu: gralloc_alloc: Creating ashmem region of size 10108928
12-08 10:14:24.512  2018  4653 W InputReader: Device has associated, but no associated display id.
12-08 10:14:24.560  2018  4653 I ActivityTaskManager: START u0 {act=android.intent.action.MAIN cat=[android.intent.category.LAUNCHER] cmp=ru.iteco.fmhandroid/.ui.AppActivity} from uid 10146
12-08 10:14:24.513  2018  4653 I chatty  : uid=1000(system) Binder:2018_12 identical 8 lines
12-08 10:14:24.513  2018  4653 W InputReader: Device has associated, but no associated display id.
12-08 10:14:24.573  1776  1927 D gralloc_ranchu: gralloc_alloc: Creating ashmem region of size 10108928
12-08 10:14:24.576  2018  3005 W InputReader: Device has associated, but no associated display id.
12-08 10:14:24.588  2018  3005 I chatty  : uid=1000(system) Binder:2018_A identical 48 lines
12-08 10:14:24.588  2018  3005 W InputReader: Device has associated, but no associated display id.
12-08 10:14:24.591  9674  9674 W ActivityThread: handleWindowVisibility: no activity for token android.os.BinderProxy@af0a21d
12-08 10:14:24.593  2018  3005 W InputReader: Device has associated, but no associated display id.
12-08 10:14:24.599  2018  3005 I chatty  : uid=1000(system) Binder:2018_A identical 18 lines
12-08 10:14:24.599  2018  3005 W InputReader: Device has associated, but no associated display id.
12-08 10:14:24.603  1776  1927 D gralloc_ranchu: gralloc_alloc: Creating ashmem region of size 6471680
12-08 10:14:24.614  8437  8470 D EGL_emulation: eglMakeCurrent: 0xe59eb0c0: ver 2 0 (tinfo 0xf0cc0670)
12-08 10:14:24.624  8437  8470 D EGL_emulation: eglMakeCurrent: 0xe593dba0: ver 2 0 (tinfo 0xf0cc0670)
12-08 10:14:24.639  8437  8470 D EGL_emulation: eglMakeCurrent: 0xe59eb0c0: ver 2 0 (tinfo 0xf0cc0670)
12-08 10:14:24.642  9674  9674 D LifecycleMonitor: Lifecycle status change: ru.iteco.fmhandroid.ui.AppActivity@37a4319 in: PRE_ON_CREATE
12-08 10:14:24.643  9674  9674 V ActivityScenario: Activity lifecycle changed event received but ignored because the reported transition was not ON_CREATE while the last known transition was PRE_ON_CREATE
12-08 10:14:24.644  2170  2566 D EGL_emulation: eglMakeCurrent: 0xe594e040: ver 2 0 (tinfo 0xc52450c0)
12-08 10:14:24.651  9674  9706 V FA      : onActivityCreated
12-08 10:14:24.665  2018  2031 I system_server: NativeAlloc concurrent copying GC freed 41912(1976KB) AllocSpace objects, 8(400KB) LOS objects, 26% free, 16MB/22MB, paused 1.019ms total 314.508ms
12-08 10:14:24.667  8437  8470 D EGL_emulation: eglMakeCurrent: 0xe593dba0: ver 2 0 (tinfo 0xf0cc0670)
12-08 10:14:24.673  8437  8470 D EGL_emulation: eglMakeCurrent: 0xe59eb0c0: ver 2 0 (tinfo 0xf0cc0670)
12-08 10:14:24.678  8437  8470 D EGL_emulation: eglMakeCurrent: 0xe593dba0: ver 2 0 (tinfo 0xf0cc0670)
12-08 10:14:24.684  2170  2566 D EGL_emulation: eglMakeCurrent: 0xe594e040: ver 2 0 (tinfo 0xc52450c0)
12-08 10:14:24.690  8437  8470 D EGL_emulation: eglMakeCurrent: 0xe59eb0c0: ver 2 0 (tinfo 0xf0cc0670)
12-08 10:14:24.697  8437  8470 D EGL_emulation: eglMakeCurrent: 0xe593dba0: ver 2 0 (tinfo 0xf0cc0670)
12-08 10:14:24.725  9674  9674 D LifecycleMonitor: Lifecycle status change: ru.iteco.fmhandroid.ui.AppActivity@37a4319 in: CREATED
12-08 10:14:24.725  9674  9674 V ActivityScenario: Update currentActivityStage to CREATED, currentActivity=ru.iteco.fmhandroid.ui.AppActivity@37a4319
12-08 10:14:24.739  8437  8470 D EGL_emulation: eglMakeCurrent: 0xe59eb0c0: ver 2 0 (tinfo 0xf0cc0670)
12-08 10:14:24.749  8437  8470 D EGL_emulation: eglMakeCurrent: 0xf0c7f9a0: ver 2 0 (tinfo 0xf0cc0670)
12-08 10:14:24.755  8437  8470 D EGL_emulation: eglMakeCurrent: 0xe59eb0c0: ver 2 0 (tinfo 0xf0cc0670)
12-08 10:14:24.759  8437  8470 D EGL_emulation: eglMakeCurrent: 0xf0c7f9a0: ver 2 0 (tinfo 0xf0cc0670)
12-08 10:14:24.761 12448 12466 I s.nexuslaunche: NativeAlloc concurrent copying GC freed 389(48KB) AllocSpace objects, 0(0B) LOS objects, 49% free, 2648KB/5297KB, paused 1.106ms total 120.205ms
12-08 10:14:24.762  8437  8470 D EGL_emulation: eglMakeCurrent: 0xe59eb0c0: ver 2 0 (tinfo 0xf0cc0670)
12-08 10:14:24.772  8437  8470 D EGL_emulation: eglMakeCurrent: 0xf0c7f9a0: ver 2 0 (tinfo 0xf0cc0670)
12-08 10:14:24.790  9674  9674 D LifecycleMonitor: Lifecycle status change: ru.iteco.fmhandroid.ui.AppActivity@37a4319 in: STARTED
12-08 10:14:24.790  9674  9674 V ActivityScenario: Update currentActivityStage to STARTED, currentActivity=ru.iteco.fmhandroid.ui.AppActivity@37a4319
12-08 10:14:24.796  9674  9878 V FA      : Activity resumed, time: 57411832
12-08 10:14:24.800  8437  8470 D EGL_emulation: eglMakeCurrent: 0xe59eb0c0: ver 2 0 (tinfo 0xf0cc0670)
12-08 10:14:24.803  9674  9674 D LifecycleMonitor: Lifecycle status change: ru.iteco.fmhandroid.ui.AppActivity@37a4319 in: RESUMED
12-08 10:14:24.803  9674  9674 V ActivityScenario: Update currentActivityStage to RESUMED, currentActivity=ru.iteco.fmhandroid.ui.AppActivity@37a4319
12-08 10:14:24.804  8344  8376 D EGL_emulation: eglMakeCurrent: 0xe59ed1c0: ver 2 0 (tinfo 0xe59d9f10)
12-08 10:14:24.822  8344  8393 I cr_BindingManager: onTrimMemory: level=20, size=0
12-08 10:14:24.854  1776  1927 D gralloc_ranchu: gralloc_alloc: Creating ashmem region of size 10108928
12-08 10:14:24.872  1776  1927 I chatty  : uid=1000(system) HwBinder:1776_3 identical 1 line
12-08 10:14:24.876  1776  1927 D gralloc_ranchu: gralloc_alloc: Creating ashmem region of size 10108928
12-08 10:14:24.890  9674  9770 D EGL_emulation: eglMakeCurrent: 0xdd81b860: ver 2 0 (tinfo 0xc3288080)
12-08 10:14:24.922  2170  2566 D EGL_emulation: eglMakeCurrent: 0xe594e040: ver 2 0 (tinfo 0xc52450c0)
12-08 10:14:24.985  2018  2058 I ActivityTaskManager: Displayed ru.iteco.fmhandroid/.ui.AppActivity: +523ms
12-08 10:14:25.013  9674  9687 I teco.fmhandroi: NativeAlloc concurrent copying GC freed 116816(7618KB) AllocSpace objects, 21(2520KB) LOS objects, 39% free, 9400KB/15MB, paused 1.164ms total 224.234ms
12-08 10:14:25.031  1776  1927 D gralloc_ranchu: gralloc_alloc: Creating ashmem region of size 10108928
12-08 10:14:25.064  2873 10049 V FA-SVC  : Logging event: origin=auto,name=screen_view(_vs),params=Bundle[{ga_event_origin(_o)=auto, ga_previous_class(_pc)=AppActivity, ga_previous_id(_pi)=2194426279771477315, ga_screen_class(_sc)=AppActivity, ga_screen_id(_si)=2194426279771477316}]
12-08 10:14:25.114  2873 10049 V FA-SVC  : Upload scheduled in approximately ms: 3319401
12-08 10:14:25.115  2873 10049 V FA-SVC  : Unscheduling upload
12-08 10:14:25.121  2873 10049 V FA-SVC  : Scheduling upload, millis: 3319401
12-08 10:14:25.133  2873 10049 V FA-SVC  : Background event processing time, ms: 69
12-08 10:14:25.194  2656  8337 E SQLiteDatabase: Error inserting flex_time=3319000 job_id=-1 period=6639000 source=16 requires_charging=0 preferred_network_type=1 target_class=com.google.android.gms.measurement.PackageMeasurementTaskService user_id=0 target_package=com.google.android.gms tag=Measurement.PackageMeasurementTaskService.UPLOAD_TASK_TAG task_type=0 required_idleness_state=0 service_kind=0 source_version=202414000 persistence_level=1 preferred_charging_state=1 required_network_type=0 runtime=1670494465161 retry_strategy={"maximum_backoff_seconds":{"3600":0},"initial_backoff_seconds":{"30":0},"retry_policy":{"0":0}} last_runtime=0
12-08 10:14:25.194  2656  8337 E SQLiteDatabase: android.database.sqlite.SQLiteConstraintException: UNIQUE constraint failed: pending_ops.tag, pending_ops.target_class, pending_ops.target_package, pending_ops.user_id (code 2067 SQLITE_CONSTRAINT_UNIQUE)
12-08 10:14:25.194  2656  8337 E SQLiteDatabase: 	at android.database.sqlite.SQLiteConnection.nativeExecuteForLastInsertedRowId(Native Method)
12-08 10:14:25.194  2656  8337 E SQLiteDatabase: 	at android.database.sqlite.SQLiteConnection.executeForLastInsertedRowId(SQLiteConnection.java:879)
12-08 10:14:25.194  2656  8337 E SQLiteDatabase: 	at android.database.sqlite.SQLiteSession.executeForLastInsertedRowId(SQLiteSession.java:790)
12-08 10:14:25.194  2656  8337 E SQLiteDatabase: 	at android.database.sqlite.SQLiteStatement.executeInsert(SQLiteStatement.java:88)
12-08 10:14:25.194  2656  8337 E SQLiteDatabase: 	at android.database.sqlite.SQLiteDatabase.insertWithOnConflict(SQLiteDatabase.java:1599)
12-08 10:14:25.194  2656  8337 E SQLiteDatabase: 	at android.database.sqlite.SQLiteDatabase.insert(SQLiteDatabase.java:1468)
12-08 10:14:25.194  2656  8337 E SQLiteDatabase: 	at aqui.a(:com.google.android.gms@202414022@20.24.14 (040700-319035315):175)
12-08 10:14:25.194  2656  8337 E SQLiteDatabase: 	at aqtk.a(:com.google.android.gms@202414022@20.24.14 (040700-319035315):182)
12-08 10:14:25.194  2656  8337 E SQLiteDatabase: 	at aqtk.a(:com.google.android.gms@202414022@20.24.14 (040700-319035315):23)
12-08 10:14:25.194  2656  8337 E SQLiteDatabase: 	at aqtk.a(:com.google.android.gms@202414022@20.24.14 (040700-319035315):177)
12-08 10:14:25.194  2656  8337 E SQLiteDatabase: 	at aqpu.run(:com.google.android.gms@202414022@20.24.14 (040700-319035315):9)
12-08 10:14:25.194  2656  8337 E SQLiteDatabase: 	at soy.b(:com.google.android.gms@202414022@20.24.14 (040700-319035315):12)
12-08 10:14:25.194  2656  8337 E SQLiteDatabase: 	at soy.run(:com.google.android.gms@202414022@20.24.14 (040700-319035315):7)
12-08 10:14:25.194  2656  8337 E SQLiteDatabase: 	at java.util.concurrent.ThreadPoolExecutor.runWorker(ThreadPoolExecutor.java:1167)
12-08 10:14:25.194  2656  8337 E SQLiteDatabase: 	at java.util.concurrent.ThreadPoolExecutor$Worker.run(ThreadPoolExecutor.java:641)
12-08 10:14:25.194  2656  8337 E SQLiteDatabase: 	at sux.run(:com.google.android.gms@202414022@20.24.14 (040700-319035315):0)
12-08 10:14:25.194  2656  8337 E SQLiteDatabase: 	at java.lang.Thread.run(Thread.java:919)
12-08 10:14:25.247  1764  1764 W audio_hw_generic: Not supplying enough data to HAL, expected position 144949007 , only wrote 144316791
12-08 10:14:25.268  2018  3005 E memtrack: Couldn't load memtrack module
12-08 10:14:25.268  2018  3005 W android.os.Debug: failed to get memory consumption info: -1
12-08 10:14:25.531  9674  9674 I ViewInteraction: Performing 'wait for a specific view with <(an instance of android.widget.TextView and view.getText() with or without transformation to match: is "Authorization" and view.getParent() view.getParent() view.getId() is <2131231186>)> during 10000 millis.' action on view view.getRootView() to equal view
12-08 10:14:27.792  9674  9783 I okhttp.OkHttpClient: --> GET http://www.981757-ca08998.tmweb.ru:8080/fmh/authentication/userInfo
12-08 10:14:27.793  9674  9783 I okhttp.OkHttpClient: --> END GET
12-08 10:14:28.014  9674  9783 I okhttp.OkHttpClient: <-- 200 http://www.981757-ca08998.tmweb.ru:8080/fmh/authentication/userInfo (220ms)
12-08 10:14:28.014  9674  9783 I okhttp.OkHttpClient: Vary: Origin
12-08 10:14:28.014  9674  9783 I okhttp.OkHttpClient: Vary: Access-Control-Request-Method
12-08 10:14:28.014  9674  9783 I okhttp.OkHttpClient: Vary: Access-Control-Request-Headers
12-08 10:14:28.014  9674  9783 I okhttp.OkHttpClient: X-Content-Type-Options: nosniff
12-08 10:14:28.014  9674  9783 I okhttp.OkHttpClient: X-XSS-Protection: 1; mode=block
12-08 10:14:28.014  9674  9783 I okhttp.OkHttpClient: Cache-Control: no-cache, no-store, max-age=0, must-revalidate
12-08 10:14:28.015  9674  9783 I okhttp.OkHttpClient: Pragma: no-cache
12-08 10:14:28.015  9674  9783 I okhttp.OkHttpClient: Expires: 0
12-08 10:14:28.015  9674  9783 I okhttp.OkHttpClient: X-Frame-Options: DENY
12-08 10:14:28.015  9674  9783 I okhttp.OkHttpClient: Content-Type: application/json
12-08 10:14:28.015  9674  9783 I okhttp.OkHttpClient: Transfer-Encoding: chunked
12-08 10:14:28.015  9674  9783 I okhttp.OkHttpClient: Date: Thu, 08 Dec 2022 10:15:13 GMT
12-08 10:14:28.016  9674  9783 I okhttp.OkHttpClient: Keep-Alive: timeout=60
12-08 10:14:28.016  9674  9783 I okhttp.OkHttpClient: Connection: keep-alive
12-08 10:14:28.016  9674  9783 I okhttp.OkHttpClient: {"id":2,"firstName":"Данил","lastName":"Иванов","middleName":"Данилович","admin":true}
12-08 10:14:28.016  9674  9783 I okhttp.OkHttpClient: <-- END HTTP (106-byte body)
12-08 10:14:28.027  9674  9805 I okhttp.OkHttpClient: --> GET http://www.981757-ca08998.tmweb.ru:8080/fmh/claims
12-08 10:14:28.028  9674  9805 I okhttp.OkHttpClient: --> END GET
12-08 10:14:30.064  9674  9878 V FA      : Inactivity, disconnecting from the service
12-08 10:14:30.572  9674  9805 I okhttp.OkHttpClient: <-- 200 http://www.981757-ca08998.tmweb.ru:8080/fmh/claims (2544ms)
12-08 10:14:30.573  9674  9805 I okhttp.OkHttpClient: Vary: Origin
12-08 10:14:30.573  9674  9805 I okhttp.OkHttpClient: Vary: Access-Control-Request-Method
12-08 10:14:30.573  9674  9805 I okhttp.OkHttpClient: Vary: Access-Control-Request-Headers
12-08 10:14:30.573  9674  9805 I okhttp.OkHttpClient: X-Content-Type-Options: nosniff
12-08 10:14:30.573  9674  9805 I okhttp.OkHttpClient: X-XSS-Protection: 1; mode=block
12-08 10:14:30.573  9674  9805 I okhttp.OkHttpClient: Cache-Control: no-cache, no-store, max-age=0, must-revalidate
12-08 10:14:30.574  9674  9805 I okhttp.OkHttpClient: Pragma: no-cache
12-08 10:14:30.574  9674  9805 I okhttp.OkHttpClient: Expires: 0
12-08 10:14:30.574  9674  9805 I okhttp.OkHttpClient: X-Frame-Options: DENY
12-08 10:14:30.574  9674  9805 I okhttp.OkHttpClient: Content-Type: application/json
12-08 10:14:30.574  9674  9805 I okhttp.OkHttpClient: Transfer-Encoding: chunked
12-08 10:14:30.574  9674  9805 I okhttp.OkHttpClient: Date: Thu, 08 Dec 2022 10:15:15 GMT
12-08 10:14:30.575  9674  9805 I okhttp.OkHttpClient: Keep-Alive: timeout=60
12-08 10:14:30.576  9674  9805 I okhttp.OkHttpClient: Connection: keep-alive
12-08 10:14:35.556  9674  9674 D takeScreenshot: Found 1 global views to redraw
12-08 10:14:35.603  1776  1927 D gralloc_ranchu: gralloc_alloc: Creating ashmem region of size 10108928
12-08 10:14:35.656  9674  9718 W DefaultFailureHandler: Failed to take screenshot
12-08 10:14:35.656  9674  9718 W DefaultFailureHandler: java.io.FileNotFoundException: view-op-error-20.png: open failed: EROFS (Read-only file system)
12-08 10:14:35.656  9674  9718 W DefaultFailureHandler: 	at libcore.io.IoBridge.open(IoBridge.java:496)
12-08 10:14:35.656  9674  9718 W DefaultFailureHandler: 	at java.io.FileOutputStream.<init>(FileOutputStream.java:235)
12-08 10:14:35.656  9674  9718 W DefaultFailureHandler: 	at java.io.FileOutputStream.<init>(FileOutputStream.java:125)
12-08 10:14:35.656  9674  9718 W DefaultFailureHandler: 	at androidx.test.platform.io.FileTestStorage.openOutputFile(FileTestStorage.java:60)
12-08 10:14:35.656  9674  9718 W DefaultFailureHandler: 	at androidx.test.core.graphics.BitmapStorage.writeToTestStorage(BitmapStorageExt.kt:49)
12-08 10:14:35.656  9674  9718 W DefaultFailureHandler: 	at androidx.test.espresso.base.DefaultFailureHandler.takeScreenshot(DefaultFailureHandler.java:4)
12-08 10:14:35.656  9674  9718 W DefaultFailureHandler: 	at androidx.test.espresso.base.DefaultFailureHandler.handle(DefaultFailureHandler.java:3)
12-08 10:14:35.656  9674  9718 W DefaultFailureHandler: 	at androidx.test.espresso.ViewInteraction.waitForAndHandleInteractionResults(ViewInteraction.java:8)
12-08 10:14:35.656  9674  9718 W DefaultFailureHandler: 	at androidx.test.espresso.ViewInteraction.desugaredPerform(ViewInteraction.java:11)
12-08 10:14:35.656  9674  9718 W DefaultFailureHandler: 	at androidx.test.espresso.ViewInteraction.perform(ViewInteraction.java:8)
12-08 10:14:35.656  9674  9718 W DefaultFailureHandler: 	at ru.iteco.fmhandroid.ui.data.TestUtils.waitView(TestUtils.java:61)
12-08 10:14:35.656  9674  9718 W DefaultFailureHandler: 	at ru.iteco.fmhandroid.ui.steps.AuthSteps.isAuthScreen(AuthSteps.java:56)
12-08 10:14:35.656  9674  9718 W DefaultFailureHandler: 	at ru.iteco.fmhandroid.ui.FilterClaimsPageTest.logoutCheck(FilterClaimsPageTest.java:47)
12-08 10:14:35.656  9674  9718 W DefaultFailureHandler: 	at java.lang.reflect.Method.invoke(Native Method)
12-08 10:14:35.656  9674  9718 W DefaultFailureHandler: 	at org.junit.runners.model.FrameworkMethod$1.runReflectiveCall(FrameworkMethod.java:59)
12-08 10:14:35.656  9674  9718 W DefaultFailureHandler: 	at org.junit.internal.runners.model.ReflectiveCallable.run(ReflectiveCallable.java:12)
12-08 10:14:35.656  9674  9718 W DefaultFailureHandler: 	at org.junit.runners.model.FrameworkMethod.invokeExplosively(FrameworkMethod.java:56)
12-08 10:14:35.656  9674  9718 W DefaultFailureHandler: 	at androidx.test.internal.runner.junit4.statement.RunBefores.evaluate(RunBefores.java:76)
12-08 10:14:35.656  9674  9718 W DefaultFailureHandler: 	at io.qameta.allure.android.rules.ScreenshotRule$apply$1.evaluate(ScreenshotRule.kt:22)
12-08 10:14:35.656  9674  9718 W DefaultFailureHandler: 	at org.junit.rules.ExternalResource$1.evaluate(ExternalResource.java:54)
12-08 10:14:35.656  9674  9718 W DefaultFailureHandler: 	at io.qameta.allure.android.rules.LogcatRule$apply$1.evaluate(LogcatRule.kt:23)
12-08 10:14:35.656  9674  9718 W DefaultFailureHandler: 	at org.junit.rules.RunRules.evaluate(RunRules.java:20)
12-08 10:14:35.656  9674  9718 W DefaultFailureHandler: 	at org.junit.runners.ParentRunner$3.evaluate(ParentRunner.java:306)
12-08 10:14:35.656  9674  9718 W DefaultFailureHandler: 	at org.junit.runners.BlockJUnit4ClassRunner$1.evaluate(BlockJUnit4ClassRunner.java:100)
12-08 10:14:35.656  9674  9718 W DefaultFailureHandler: 	at org.junit.runners.ParentRunner.runLeaf(ParentRunner.java:366)
12-08 10:14:35.656  9674  9718 W DefaultFailureHandler: 	at org.junit.runners.BlockJUnit4ClassRunner.runChild(BlockJUnit4ClassRunner.java:103)
12-08 10:14:35.656  9674  9718 W DefaultFailureHandler: 	at org.junit.runners.BlockJUnit4ClassRunner.runChild(BlockJUnit4ClassRunner.java:63)
12-08 10:14:35.656  9674  9718 W DefaultFailureHandler: 	at org.junit.runners.ParentRunner$4.run(ParentRunner.java:331)
12-08 10:14:35.656  9674  9718 W DefaultFailureHandler: 	at org.junit.runners.ParentRunner$1.schedule(ParentRunner.java:79)
12-08 10:14:35.656  9674  9718 W DefaultFailureHandler: 	at org.junit.runners.ParentRunner.runChildren(ParentRunner.java:329)
12-08 10:14:35.656  9674  9718 W DefaultFailureHandler: 	at org.junit.runners.ParentRunner.access$100(ParentRunner.java:66)
12-08 10:14:35.656  9674  9718 W DefaultFailureHandler: 	at org.junit.runners.ParentRunner$2.evaluate(ParentRunner.java:293)
12-08 10:14:35.656  9674  9718 W DefaultFailureHandler: 	at org.junit.runners.ParentRunner$3.evaluate(ParentRunner.java:306)
12-08 10:14:35.656  9674  9718 W DefaultFailureHandler: 	at org.junit.runners.ParentRunner.run(ParentRunner.java:413)
12-08 10:14:35.656  9674  9718 W DefaultFailureHandler: 	at androidx.test.ext.junit.runners.AndroidJUnit4.run(AndroidJUnit4.java:162)
12-08 10:14:35.656  9674  9718 W DefaultFailureHandler: 	at io.qameta.allure.android.runners.AllureAndroidJUnit4.run(AllureAndroidJUnitRunners.kt:29)
12-08 10:14:35.656  9674  9718 W DefaultFailureHandler: 	at org.junit.runners.Suite.runChild(Suite.java:128)
12-08 10:14:35.656  9674  9718 W DefaultFailureHandler: 	at org.junit.runners.Suite.runChild(Suite.java:27)
12-08 10:14:35.656  9674  9718 W DefaultFailureHandler: 	at org.junit.runners.ParentRunner$4.run(ParentRunner.java:331)
12-08 10:14:35.656  9674  9718 W DefaultFailureHandler: 	at org.junit.runners.ParentRunner$1.schedule(ParentRunner.java:79)
12-08 10:14:35.656  9674  9718 W DefaultFailureHandler: 	at org.junit.runners.ParentRunner.runChildren(ParentRunner.java:329)
12-08 10:14:35.656  9674  9718 W DefaultFailureHandler: 	at org.junit.runners.ParentRunner.access$100(ParentRunner.java:66)
12-08 10:14:35.656  9674  9718 W DefaultFailureHandler: 	at org.junit.runners.ParentRunner$2.evaluate(ParentRunner.java:293)
12-08 10:14:35.656  9674  9718 W DefaultFailureHandler: 	at org.junit.runners.ParentRunner$3.evaluate(ParentRunner.java:306)
12-08 10:14:35.656  9674  9718 W DefaultFailureHandler: 	at org.junit.runners.ParentRunner.run(ParentRunner.java:413)
12-08 10:14:35.656  9674  9718 W DefaultFailureHandler: 	at org.junit.runner.JUnitCore.run(JUnitCore.java:137)
12-08 10:14:35.656  9674  9718 W DefaultFailureHandler: 	at org.junit.runner.JUnitCore.run(JUnitCore.java:115)
12-08 10:14:35.656  9674  9718 W DefaultFailureHandler: 	at androidx.test.internal.runner.TestExecutor.execute(TestExecutor.java:67)
12-08 10:14:35.656  9674  9718 W DefaultFailureHandler: 	at androidx.test.internal.runner.TestExecutor.execute(TestExecutor.java:58)
12-08 10:14:35.656  9674  9718 W DefaultFailureHandler: 	at androidx.test.runner.AndroidJUnitRunner.onStart(AndroidJUnitRunner.java:438)
12-08 10:14:35.656  9674  9718 W DefaultFailureHandler: 	at android.app.Instrumentation$InstrumentationThread.run(Instrumentation.java:2189)
12-08 10:14:35.656  9674  9718 W DefaultFailureHandler: Caused by: android.system.ErrnoException: open failed: EROFS (Read-only file system)
12-08 10:14:35.656  9674  9718 W DefaultFailureHandler: 	at libcore.io.Linux.open(Native Method)
12-08 10:14:35.656  9674  9718 W DefaultFailureHandler: 	at libcore.io.ForwardingOs.open(ForwardingOs.java:167)
12-08 10:14:35.656  9674  9718 W DefaultFailureHandler: 	at libcore.io.BlockGuardOs.open(BlockGuardOs.java:252)
12-08 10:14:35.656  9674  9718 W DefaultFailureHandler: 	at libcore.io.ForwardingOs.open(ForwardingOs.java:167)
12-08 10:14:35.656  9674  9718 W DefaultFailureHandler: 	at android.app.ActivityThread$AndroidOs.open(ActivityThread.java:7255)
12-08 10:14:35.656  9674  9718 W DefaultFailureHandler: 	at libcore.io.IoBridge.open(IoBridge.java:482)
12-08 10:14:35.656  9674  9718 W DefaultFailureHandler: 	... 50 more
12-08 10:14:35.661  9674  9674 I ViewInteraction: Performing 'wait for a specific view with <view.getId() is <2131230870/ru.iteco.fmhandroid:id/authorization_image_button>> during 10000 millis.' action on view view.getRootView() to equal view
12-08 10:14:35.666  9674  9674 I ViewInteraction: Checking 'MatchesViewAssertion{viewMatcher=(view has effective visibility <VISIBLE> and view.getGlobalVisibleRect() to return non-empty rectangle)}' assertion on view view.getId() is <2131230870/ru.iteco.fmhandroid:id/authorization_image_button>
12-08 10:14:35.670  9674  9674 I ViewInteraction: Performing 'single click' action on view view.getId() is <2131230870/ru.iteco.fmhandroid:id/authorization_image_button>
12-08 10:14:35.725  1764  6994 W audio_hw_generic: Not supplying enough data to HAL, expected position 144316843 , only wrote 144316791
12-08 10:14:35.777  1776  1927 D gralloc_ranchu: gralloc_alloc: Creating ashmem region of size 884736
12-08 10:14:35.790  1776  1927 I chatty  : uid=1000(system) HwBinder:1776_3 identical 1 line
12-08 10:14:35.795  1776  1927 D gralloc_ranchu: gralloc_alloc: Creating ashmem region of size 884736
12-08 10:14:35.800  9674  9770 D EGL_emulation: eglMakeCurrent: 0xdd81b860: ver 2 0 (tinfo 0xc3288080)
12-08 10:14:35.874  9674  9770 I chatty  : uid=10146(ru.iteco.fmhandroid) RenderThread identical 3 lines
12-08 10:14:35.894  9674  9770 D EGL_emulation: eglMakeCurrent: 0xdd81b860: ver 2 0 (tinfo 0xc3288080)
12-08 10:14:36.116  9674  9674 I ViewInteraction: Performing 'wait for a specific view with <an instance of android.widget.TextView and view.getText() with or without transformation to match: is "Log out"> during 10000 millis.' action on view view.getRootView() to equal view
12-08 10:14:36.122  9674  9674 I ViewInteraction: Checking 'MatchesViewAssertion{viewMatcher=(view has effective visibility <VISIBLE> and view.getGlobalVisibleRect() to return non-empty rectangle)}' assertion on view an instance of android.widget.TextView and view.getText() with or without transformation to match: is "Log out"
12-08 10:14:36.126  9674  9674 I ViewInteraction: Performing 'single click' action on view an instance of android.widget.TextView and view.getText() with or without transformation to match: is "Log out"
12-08 10:14:36.324  9674  9770 D EGL_emulation: eglMakeCurrent: 0xdd81b860: ver 2 0 (tinfo 0xc3288080)
12-08 10:14:36.358  9674  9770 D EGL_emulation: eglMakeCurrent: 0xdd81b860: ver 2 0 (tinfo 0xc3288080)
12-08 10:14:36.453  9674  9674 I ViewInteraction: Performing 'wait for a specific view with <(an instance of android.widget.TextView and view.getText() with or without transformation to match: is "Authorization" and view.getParent() view.getParent() view.getId() is <2131231186>)> during 10000 millis.' action on view view.getRootView() to equal view
12-08 10:14:36.458  9674  9674 I ViewInteraction: Checking 'MatchesViewAssertion{viewMatcher=(view has effective visibility <VISIBLE> and view.getGlobalVisibleRect() to return non-empty rectangle)}' assertion on view (an instance of android.widget.TextView and view.getText() with or without transformation to match: is "Authorization" and view.getParent() view.getParent() view.getId() is <2131231186/ru.iteco.fmhandroid:id/nav_host_fragment>)
12-08 10:14:36.465  9674  9674 I ViewInteraction: Performing 'wait for a specific view with <(an instance of android.widget.TextView and view.getHint() matching: is "Login" and view.getParent() view.getParent() view.getId() is <2131231121/ru.iteco.fmhandroid:id/login_text_input_layout>)> during 10000 millis.' action on view view.getRootView() to equal view
12-08 10:14:36.470  9674  9674 I ViewInteraction: Checking 'MatchesViewAssertion{viewMatcher=(view has effective visibility <VISIBLE> and view.getGlobalVisibleRect() to return non-empty rectangle)}' assertion on view (an instance of android.widget.TextView and view.getHint() matching: is "Login" and view.getParent() view.getParent() view.getId() is <2131231121/ru.iteco.fmhandroid:id/login_text_input_layout>)
12-08 10:14:36.475  9674  9674 I ViewInteraction: Performing 'wait for a specific view with <(an instance of android.widget.TextView and view.getHint() matching: is "Password" and view.getParent() view.getParent() view.getId() is <2131231264/ru.iteco.fmhandroid:id/password_text_input_layout>)> during 10000 millis.' action on view view.getRootView() to equal view
12-08 10:14:36.482  9674  9674 I ViewInteraction: Checking 'MatchesViewAssertion{viewMatcher=(view has effective visibility <VISIBLE> and view.getGlobalVisibleRect() to return non-empty rectangle)}' assertion on view (an instance of android.widget.TextView and view.getHint() matching: is "Password" and view.getParent() view.getParent() view.getId() is <2131231264/ru.iteco.fmhandroid:id/password_text_input_layout>)
12-08 10:14:36.486  9674  9674 I ViewInteraction: Performing 'wait for a specific view with <(view.getId() is <2131231039/ru.iteco.fmhandroid:id/enter_button> and an instance of android.widget.TextView and view.getText() with or without transformation to match: is "SIGN IN" and view.getContentDescription() is "Save" and view.getParent() view.getParent() an instance of android.widget.RelativeLayout)> during 10000 millis.' action on view view.getRootView() to equal view
12-08 10:14:36.492  9674  9674 I ViewInteraction: Checking 'MatchesViewAssertion{viewMatcher=(view has effective visibility <VISIBLE> and view.getGlobalVisibleRect() to return non-empty rectangle)}' assertion on view (view.getId() is <2131231039/ru.iteco.fmhandroid:id/enter_button> and an instance of android.widget.TextView and view.getText() with or without transformation to match: is "SIGN IN" and view.getContentDescription() is "Save" and view.getParent() view.getParent() an instance of android.widget.RelativeLayout)
12-08 10:14:36.498  9674  9674 I ViewInteraction: Performing 'wait for a specific view with <(an instance of android.widget.TextView and view.getText() with or without transformation to match: is "Authorization" and view.getParent() view.getParent() view.getId() is <2131231186>)> during 10000 millis.' action on view view.getRootView() to equal view
12-08 10:14:36.503  9674  9674 I ViewInteraction: Checking 'MatchesViewAssertion{viewMatcher=(view has effective visibility <VISIBLE> and view.getGlobalVisibleRect() to return non-empty rectangle)}' assertion on view (an instance of android.widget.TextView and view.getText() with or without transformation to match: is "Authorization" and view.getParent() view.getParent() view.getId() is <2131231186/ru.iteco.fmhandroid:id/nav_host_fragment>)
12-08 10:14:36.511  9674  9674 I ViewInteraction: Performing 'wait for a specific view with <(an instance of android.widget.TextView and view.getHint() matching: is "Login" and view.getParent() view.getParent() view.getId() is <2131231121/ru.iteco.fmhandroid:id/login_text_input_layout>)> during 10000 millis.' action on view view.getRootView() to equal view
12-08 10:14:36.516  9674  9674 I ViewInteraction: Checking 'MatchesViewAssertion{viewMatcher=(view has effective visibility <VISIBLE> and view.getGlobalVisibleRect() to return non-empty rectangle)}' assertion on view (an instance of android.widget.TextView and view.getHint() matching: is "Login" and view.getParent() view.getParent() view.getId() is <2131231121/ru.iteco.fmhandroid:id/login_text_input_layout>)
12-08 10:14:36.520  9674  9674 I ViewInteraction: Performing 'wait for a specific view with <(an instance of android.widget.TextView and view.getHint() matching: is "Password" and view.getParent() view.getParent() view.getId() is <2131231264/ru.iteco.fmhandroid:id/password_text_input_layout>)> during 10000 millis.' action on view view.getRootView() to equal view
12-08 10:14:36.526  9674  9674 I ViewInteraction: Checking 'MatchesViewAssertion{viewMatcher=(view has effective visibility <VISIBLE> and view.getGlobalVisibleRect() to return non-empty rectangle)}' assertion on view (an instance of android.widget.TextView and view.getHint() matching: is "Password" and view.getParent() view.getParent() view.getId() is <2131231264/ru.iteco.fmhandroid:id/password_text_input_layout>)
12-08 10:14:36.533  9674  9674 I ViewInteraction: Performing 'wait for a specific view with <(view.getId() is <2131231039/ru.iteco.fmhandroid:id/enter_button> and an instance of android.widget.TextView and view.getText() with or without transformation to match: is "SIGN IN" and view.getContentDescription() is "Save" and view.getParent() view.getParent() an instance of android.widget.RelativeLayout)> during 10000 millis.' action on view view.getRootView() to equal view
12-08 10:14:36.540  9674  9674 I ViewInteraction: Checking 'MatchesViewAssertion{viewMatcher=(view has effective visibility <VISIBLE> and view.getGlobalVisibleRect() to return non-empty rectangle)}' assertion on view (view.getId() is <2131231039/ru.iteco.fmhandroid:id/enter_button> and an instance of android.widget.TextView and view.getText() with or without transformation to match: is "SIGN IN" and view.getContentDescription() is "Save" and view.getParent() view.getParent() an instance of android.widget.RelativeLayout)
12-08 10:14:36.545  9674  9674 I ViewInteraction: Performing 'wait for a specific view with <(an instance of android.widget.TextView and view.getHint() matching: is "Login" and view.getParent() view.getParent() view.getId() is <2131231121/ru.iteco.fmhandroid:id/login_text_input_layout>)> during 10000 millis.' action on view view.getRootView() to equal view
12-08 10:14:36.555  9674  9674 I ViewInteraction: Performing 'replace text(login2)' action on view (an instance of android.widget.TextView and view.getHint() matching: is "Login" and view.getParent() view.getParent() view.getId() is <2131231121/ru.iteco.fmhandroid:id/login_text_input_layout>)
12-08 10:14:36.563  9674  9687 I teco.fmhandroi: NativeAlloc concurrent copying GC freed 86978(4073KB) AllocSpace objects, 3(120KB) LOS objects, 43% free, 7917KB/13MB, paused 2.132ms total 106.629ms
12-08 10:14:36.572  2018  2058 E memtrack: Couldn't load memtrack module
12-08 10:14:36.572  2018  2058 W android.os.Debug: failed to get memory consumption info: -1
12-08 10:14:36.603  9674  9674 I ViewInteraction: Performing 'wait for a specific view with <(an instance of android.widget.TextView and view.getHint() matching: is "Password" and view.getParent() view.getParent() view.getId() is <2131231264/ru.iteco.fmhandroid:id/password_text_input_layout>)> during 10000 millis.' action on view view.getRootView() to equal view
12-08 10:14:36.608  9674  9674 I ViewInteraction: Performing 'replace text(password2)' action on view (an instance of android.widget.TextView and view.getHint() matching: is "Password" and view.getParent() view.getParent() view.getId() is <2131231264/ru.iteco.fmhandroid:id/password_text_input_layout>)
12-08 10:14:36.628  9674  9674 I ViewInteraction: Performing 'wait for a specific view with <(view.getId() is <2131231039/ru.iteco.fmhandroid:id/enter_button> and an instance of android.widget.TextView and view.getText() with or without transformation to match: is "SIGN IN" and view.getContentDescription() is "Save" and view.getParent() view.getParent() an instance of android.widget.RelativeLayout)> during 10000 millis.' action on view view.getRootView() to equal view
12-08 10:14:36.640  9674  9674 I ViewInteraction: Checking 'MatchesViewAssertion{viewMatcher=view.isClickable() is <true>}' assertion on view (view.getId() is <2131231039/ru.iteco.fmhandroid:id/enter_button> and an instance of android.widget.TextView and view.getText() with or without transformation to match: is "SIGN IN" and view.getContentDescription() is "Save" and view.getParent() view.getParent() an instance of android.widget.RelativeLayout)
12-08 10:14:36.645  9674  9674 I ViewInteraction: Performing 'wait for a specific view with <(view.getId() is <2131231039/ru.iteco.fmhandroid:id/enter_button> and an instance of android.widget.TextView and view.getText() with or without transformation to match: is "SIGN IN" and view.getContentDescription() is "Save" and view.getParent() view.getParent() an instance of android.widget.RelativeLayout)> during 10000 millis.' action on view view.getRootView() to equal view
12-08 10:14:36.671  9674  9674 I ViewInteraction: Checking 'MatchesViewAssertion{viewMatcher=view.isClickable() is <true>}' assertion on view (view.getId() is <2131231039/ru.iteco.fmhandroid:id/enter_button> and an instance of android.widget.TextView and view.getText() with or without transformation to match: is "SIGN IN" and view.getContentDescription() is "Save" and view.getParent() view.getParent() an instance of android.widget.RelativeLayout)
12-08 10:14:36.675  9674  9674 I ViewInteraction: Performing 'wait for a specific view with <(view.getId() is <2131231039/ru.iteco.fmhandroid:id/enter_button> and an instance of android.widget.TextView and view.getText() with or without transformation to match: is "SIGN IN" and view.getContentDescription() is "Save" and view.getParent() view.getParent() an instance of android.widget.RelativeLayout)> during 10000 millis.' action on view view.getRootView() to equal view
12-08 10:14:36.679  9674  9674 I ViewInteraction: Performing 'single click' action on view (view.getId() is <2131231039/ru.iteco.fmhandroid:id/enter_button> and an instance of android.widget.TextView and view.getText() with or without transformation to match: is "SIGN IN" and view.getContentDescription() is "Save" and view.getParent() view.getParent() an instance of android.widget.RelativeLayout)
12-08 10:14:36.731  9674  9802 I okhttp.OkHttpClient: --> POST http://www.981757-ca08998.tmweb.ru:8080/fmh/authentication/login
12-08 10:14:36.732  9674  9802 I okhttp.OkHttpClient: Content-Type: application/json; charset=UTF-8
12-08 10:14:36.733  9674  9802 I okhttp.OkHttpClient: Content-Length: 41
12-08 10:14:36.733  9674  9802 I okhttp.OkHttpClient: {"login":"login2","password":"password2"}
12-08 10:14:36.733  9674  9802 I okhttp.OkHttpClient: --> END POST (41-byte body)
12-08 10:14:36.969  9674  9674 I ViewInteraction: Performing 'wait for a specific view with <an instance of android.widget.TextView and view.getText() with or without transformation to match: is "News"> during 10000 millis.' action on view view.getRootView() to equal view
12-08 10:14:37.023  9674  9802 I okhttp.OkHttpClient: <-- 200 http://www.981757-ca08998.tmweb.ru:8080/fmh/authentication/login (289ms)
12-08 10:14:37.023  9674  9802 I okhttp.OkHttpClient: Vary: Origin
12-08 10:14:37.023  9674  9802 I okhttp.OkHttpClient: Vary: Access-Control-Request-Method
12-08 10:14:37.023  9674  9802 I okhttp.OkHttpClient: Vary: Access-Control-Request-Headers
12-08 10:14:37.023  9674  9802 I okhttp.OkHttpClient: X-Content-Type-Options: nosniff
12-08 10:14:37.023  9674  9802 I okhttp.OkHttpClient: X-XSS-Protection: 1; mode=block
12-08 10:14:37.023  9674  9802 I okhttp.OkHttpClient: Cache-Control: no-cache, no-store, max-age=0, must-revalidate
12-08 10:14:37.023  9674  9802 I okhttp.OkHttpClient: Pragma: no-cache
12-08 10:14:37.023  9674  9802 I okhttp.OkHttpClient: Expires: 0
12-08 10:14:37.023  9674  9802 I okhttp.OkHttpClient: X-Frame-Options: DENY
12-08 10:14:37.024  9674  9802 I okhttp.OkHttpClient: Content-Type: application/json
12-08 10:14:37.024  9674  9802 I okhttp.OkHttpClient: Transfer-Encoding: chunked
12-08 10:14:37.024  9674  9802 I okhttp.OkHttpClient: Date: Thu, 08 Dec 2022 10:15:22 GMT
12-08 10:14:37.024  9674  9802 I okhttp.OkHttpClient: Keep-Alive: timeout=60
12-08 10:14:37.024  9674  9802 I okhttp.OkHttpClient: Connection: keep-alive
12-08 10:14:37.025  9674  9802 I okhttp.OkHttpClient: {"accessToken":"eyJhbGciOiJIUzUxMiJ9.eyJzdWIiOiJsb2dpbjIiLCJqdGkiOiIyIiwiZXhwIjoxNjcwNTgwOTIyfQ.mCD2ADqZuyLD_gBfXMsM6Geq7-jlpAxAF10n35BZcntNBpLKkj2YqrmF55lZOLEr6pPDLfSqdB1RPh2ZIUBNLQ","refreshToken":"eyJhbGciOiJIUzUxMiJ9.eyJzdWIiOiJsb2dpbjIiLCJqdGkiOiIyIiwiZXhwIjoxNjczMDg2NTIyfQ.J2G0OVW00byPWrRGI3OVaQMeVID_81WiqGhoNYYpOSgbZmwXERAtnfqDIqHIu_bKhJYiKIJWWO6A5z9tNw_hOA"}
12-08 10:14:37.025  9674  9802 I okhttp.OkHttpClient: <-- END HTTP (368-byte body)
12-08 10:14:37.035  9674  9783 I okhttp.OkHttpClient: --> GET http://www.981757-ca08998.tmweb.ru:8080/fmh/authentication/userInfo
12-08 10:14:37.035  9674  9783 I okhttp.OkHttpClient: --> END GET
12-08 10:14:37.229  9674  9783 I okhttp.OkHttpClient: <-- 200 http://www.981757-ca08998.tmweb.ru:8080/fmh/authentication/userInfo (193ms)
12-08 10:14:37.229  9674  9783 I okhttp.OkHttpClient: Vary: Origin
12-08 10:14:37.229  9674  9783 I okhttp.OkHttpClient: Vary: Access-Control-Request-Method
12-08 10:14:37.229  9674  9783 I okhttp.OkHttpClient: Vary: Access-Control-Request-Headers
12-08 10:14:37.229  9674  9783 I okhttp.OkHttpClient: X-Content-Type-Options: nosniff
