11-21 18:51:50.333  1761  8136 D gralloc_ranchu: gralloc_alloc: Creating ashmem region of size 14749696
11-21 18:51:50.335  1322  1388 D EGL_emulation: eglMakeCurrent: 0xdde1c1c0: ver 2 0 (tinfo 0xcd7b4040)
11-21 18:51:50.391  7825  7875 D EGL_emulation: eglMakeCurrent: 0xe5ffa5c0: ver 2 0 (tinfo 0xda8dd010)
11-21 18:51:50.394  2006  2036 I ActivityTaskManager: Displayed ru.iteco.fmhandroid/.ui.AppActivity: +345ms
11-21 18:51:50.416  2006  4428 W InputReader: Device has associated, but no associated display id.
11-21 18:51:50.416  2006  4428 I chatty  : uid=1000(system) Binder:2006_10 identical 8 lines
11-21 18:51:50.416  2006  4428 W InputReader: Device has associated, but no associated display id.
11-21 18:51:50.450  1322  1322 D LifecycleMonitor: Lifecycle status change: ru.iteco.fmhandroid.ui.AppActivity@1d06524 in: PAUSED
11-21 18:51:50.459  2006 22382 W InputReader: Device has associated, but no associated display id.
11-21 18:51:50.459  2006 22382 I chatty  : uid=1000(system) Binder:2006_1E identical 8 lines
11-21 18:51:50.460  2006 22382 W InputReader: Device has associated, but no associated display id.
11-21 18:51:50.514  2757  1377 V FA-SVC  : Logging event: origin=auto,name=screen_view(_vs),params=Bundle[{ga_event_origin(_o)=auto, ga_previous_class(_pc)=AppActivity, ga_previous_id(_pi)=-3797736664109286959, ga_screen_class(_sc)=AppActivity, ga_screen_id(_si)=-3797736664109286958}]
11-21 18:51:50.518  1322  1363 V FA      : Screen exposed for less than 1000 ms. Event not sent. time: 207
11-21 18:51:50.524  1322  1363 V FA      : Activity paused, time: 841944665
11-21 18:51:50.527  2876   797 I PBSessionCacheImpl: Deleted sessionId[360287841333] from persistence.
11-21 18:51:50.533  1761  8136 D gralloc_ranchu: gralloc_alloc: Creating ashmem region of size 14749696
11-21 18:51:50.564  2006  2006 W ActivityManager: Unable to start service Intent { act=android.service.appprediction.AppPredictionService cmp=com.google.android.as/com.google.android.apps.miphone.aiai.app.AiAiPredictionService } U=0: not found
11-21 18:51:50.564  2006  2006 W RemoteAppPredictionService: could not bind to Intent { act=android.service.appprediction.AppPredictionService cmp=com.google.android.as/com.google.android.apps.miphone.aiai.app.AiAiPredictionService } using flags 67108865
11-21 18:51:50.553  1761  8136 I chatty  : uid=1000(system) HwBinder:1761_3 identical 1 line
11-21 18:51:50.556  1761  8136 D gralloc_ranchu: gralloc_alloc: Creating ashmem region of size 14749696
11-21 18:51:50.567  2876  3288 D EGL_emulation: eglMakeCurrent: 0xdde1bb00: ver 2 0 (tinfo 0xdde0ff90)
11-21 18:51:50.568  2876  3118 W SearchServiceCore: Abort, client detached.
11-21 18:51:50.574  2757  1377 V FA-SVC  : Upload scheduled in approximately ms: 3564095
11-21 18:51:50.574  2757  1377 V FA-SVC  : Unscheduling upload
11-21 18:51:50.583  1761  8136 D gralloc_ranchu: gralloc_alloc: Creating ashmem region of size 14749696
11-21 18:51:50.607  1761  8136 I chatty  : uid=1000(system) HwBinder:1761_3 identical 1 line
11-21 18:51:50.608  1761  8136 D gralloc_ranchu: gralloc_alloc: Creating ashmem region of size 14749696
11-21 18:51:50.611  2757  1377 V FA-SVC  : Scheduling upload, millis: 3564095
11-21 18:51:50.622  2441  2951 D EGL_emulation: eglMakeCurrent: 0xdde1a480: ver 2 0 (tinfo 0xdde0f530)
11-21 18:51:50.638  2876  2876 W ThreadPoolDumper: Queue length for executor EventBus is now 11. Perhaps some tasks are too long, or the pool is too small.
11-21 18:51:50.643  2876  3118 W SessionLifecycleManager: Handover failed. Creating new session controller.
11-21 18:51:50.665  2757  1377 V FA-SVC  : Background event processing time, ms: 150
11-21 18:51:50.666  2006  2032 W InputReader: Device has associated, but no associated display id.
11-21 18:51:50.667  2006  2032 I chatty  : uid=1000(system) android.anim identical 8 lines
11-21 18:51:50.667  2006  2032 W InputReader: Device has associated, but no associated display id.
11-21 18:51:50.674  7825  7875 D EGL_emulation: eglMakeCurrent: 0xe5ffa5c0: ver 2 0 (tinfo 0xda8dd010)
11-21 18:51:50.678  1761  8136 D gralloc_ranchu: gralloc_alloc: Creating ashmem region of size 9441280
11-21 18:51:50.708  7825  7875 D EGL_emulation: eglMakeCurrent: 0xe5ffa5c0: ver 2 0 (tinfo 0xda8dd010)
11-21 18:51:50.738  1775  1775 E Layer   : [Surface(name=AppWindowToken{1077164 token=Token{2c22ef7 ActivityRecord{6afeaf6 u0 ru.iteco.fmhandroid/.ui.AppActivity t2517}}})/@0x32e48df - animation-leash#0] No local sync point found
11-21 18:51:50.738  1775  1775 E Layer   : [Surface(name=AppWindowToken{cf95f47 token=Token{19f6a86 ActivityRecord{5fbaf61 u0 com.google.android.apps.nexuslauncher/.NexusLauncherActivity t1123}}})/@0xb8f158b - animation-leash#0] No local sync point found
11-21 18:51:50.745  1322  1388 D EGL_emulation: eglMakeCurrent: 0xdde1c1c0: ver 2 0 (tinfo 0xcd7b4040)
11-21 18:51:50.756  7825  7875 D EGL_emulation: eglMakeCurrent: 0xe5ffa5c0: ver 2 0 (tinfo 0xda8dd010)
11-21 18:51:50.783  1322  1322 D LifecycleMonitor: Lifecycle status change: ru.iteco.fmhandroid.ui.AppActivity@1d06524 in: STOPPED
11-21 18:51:50.799  2441  2461 W System  : A resource failed to call release. 
11-21 18:51:50.800  2441  2461 W System  : A resource failed to call release. 
11-21 18:51:50.810  1322  1322 D LifecycleMonitor: Lifecycle status change: ru.iteco.fmhandroid.ui.AppActivity@1d06524 in: DESTROYED
11-21 18:51:50.816  2580   837 E SQLiteDatabase: Error inserting flex_time=3564000 job_id=-1 period=7129000 source=16 requires_charging=0 preferred_network_type=1 target_class=com.google.android.gms.measurement.PackageMeasurementTaskService user_id=0 target_package=com.google.android.gms tag=Measurement.PackageMeasurementTaskService.UPLOAD_TASK_TAG task_type=0 required_idleness_state=0 service_kind=0 source_version=202414000 persistence_level=1 preferred_charging_state=1 required_network_type=0 runtime=1669045910680 retry_strategy={"maximum_backoff_seconds":{"3600":0},"initial_backoff_seconds":{"30":0},"retry_policy":{"0":0}} last_runtime=0
11-21 18:51:50.816  2580   837 E SQLiteDatabase: android.database.sqlite.SQLiteConstraintException: UNIQUE constraint failed: pending_ops.tag, pending_ops.target_class, pending_ops.target_package, pending_ops.user_id (code 2067 SQLITE_CONSTRAINT_UNIQUE)
11-21 18:51:50.816  2580   837 E SQLiteDatabase: 	at android.database.sqlite.SQLiteConnection.nativeExecuteForLastInsertedRowId(Native Method)
11-21 18:51:50.816  2580   837 E SQLiteDatabase: 	at android.database.sqlite.SQLiteConnection.executeForLastInsertedRowId(SQLiteConnection.java:879)
11-21 18:51:50.816  2580   837 E SQLiteDatabase: 	at android.database.sqlite.SQLiteSession.executeForLastInsertedRowId(SQLiteSession.java:790)
11-21 18:51:50.816  2580   837 E SQLiteDatabase: 	at android.database.sqlite.SQLiteStatement.executeInsert(SQLiteStatement.java:88)
11-21 18:51:50.816  2580   837 E SQLiteDatabase: 	at android.database.sqlite.SQLiteDatabase.insertWithOnConflict(SQLiteDatabase.java:1599)
11-21 18:51:50.816  2580   837 E SQLiteDatabase: 	at android.database.sqlite.SQLiteDatabase.insert(SQLiteDatabase.java:1468)
11-21 18:51:50.816  2580   837 E SQLiteDatabase: 	at aqui.a(:com.google.android.gms@202414022@20.24.14 (040700-319035315):175)
11-21 18:51:50.816  2580   837 E SQLiteDatabase: 	at aqtk.a(:com.google.android.gms@202414022@20.24.14 (040700-319035315):182)
11-21 18:51:50.816  2580   837 E SQLiteDatabase: 	at aqtk.a(:com.google.android.gms@202414022@20.24.14 (040700-319035315):23)
11-21 18:51:50.816  2580   837 E SQLiteDatabase: 	at aqtk.a(:com.google.android.gms@202414022@20.24.14 (040700-319035315):177)
11-21 18:51:50.816  2580   837 E SQLiteDatabase: 	at aqpu.run(:com.google.android.gms@202414022@20.24.14 (040700-319035315):9)
11-21 18:51:50.816  2580   837 E SQLiteDatabase: 	at soy.b(:com.google.android.gms@202414022@20.24.14 (040700-319035315):12)
11-21 18:51:50.816  2580   837 E SQLiteDatabase: 	at soy.run(:com.google.android.gms@202414022@20.24.14 (040700-319035315):7)
11-21 18:51:50.816  2580   837 E SQLiteDatabase: 	at java.util.concurrent.ThreadPoolExecutor.runWorker(ThreadPoolExecutor.java:1167)
11-21 18:51:50.816  2580   837 E SQLiteDatabase: 	at java.util.concurrent.ThreadPoolExecutor$Worker.run(ThreadPoolExecutor.java:641)
11-21 18:51:50.816  2580   837 E SQLiteDatabase: 	at sux.run(:com.google.android.gms@202414022@20.24.14 (040700-319035315):0)
11-21 18:51:50.816  2580   837 E SQLiteDatabase: 	at java.lang.Thread.run(Thread.java:919)
11-21 18:51:50.829  2006  6581 D HostConnection: HostConnection::get() New Host Connection established 0xdde553f0, tid 6581
11-21 18:51:50.829  2006  6581 D HostConnection: HostComposition ext ANDROID_EMU_CHECKSUM_HELPER_v1 ANDROID_EMU_dma_v1 ANDROID_EMU_direct_mem ANDROID_EMU_host_composition_v1 ANDROID_EMU_host_composition_v2 ANDROID_EMU_vulkan ANDROID_EMU_deferred_vulkan_commands ANDROID_EMU_vulkan_null_optional_strings ANDROID_EMU_vulkan_create_resources_with_requirements ANDROID_EMU_YUV_Cache ANDROID_EMU_vulkan_ignored_handles ANDROID_EMU_vulkan_free_memory_sync ANDROID_EMU_vulkan_shader_float16_int8 ANDROID_EMU_vulkan_async_queue_submit ANDROID_EMU_sync_buffer_data GL_OES_vertex_array_object GL_KHR_texture_compression_astc_ldr ANDROID_EMU_host_side_tracing ANDROID_EMU_gles_max_version_2 
11-21 18:51:50.839  2006  6581 W OpenGLRenderer: Failed to choose config with EGL_SWAP_BEHAVIOR_PRESERVED, retrying without...
