12-08 10:12:26.185  9674  9802 I okhttp.OkHttpClient: --> POST http://www.981757-ca08998.tmweb.ru:8080/fmh/authentication/login
12-08 10:12:26.186  9674  9802 I okhttp.OkHttpClient: Content-Type: application/json; charset=UTF-8
12-08 10:12:26.186  9674  9802 I okhttp.OkHttpClient: Content-Length: 41
12-08 10:12:26.186  9674  9802 I okhttp.OkHttpClient: {"login":"login2","password":"password2"}
12-08 10:12:26.186  9674  9802 I okhttp.OkHttpClient: --> END POST (41-byte body)
12-08 10:12:26.421  9674  9674 I ViewInteraction: Performing 'wait for a specific view with <an instance of android.widget.TextView and view.getText() with or without transformation to match: is "News"> during 10000 millis.' action on view view.getRootView() to equal view
12-08 10:12:26.510  9674  9802 I okhttp.OkHttpClient: <-- 200 http://www.981757-ca08998.tmweb.ru:8080/fmh/authentication/login (323ms)
12-08 10:12:26.510  9674  9802 I okhttp.OkHttpClient: Vary: Origin
12-08 10:12:26.510  9674  9802 I okhttp.OkHttpClient: Vary: Access-Control-Request-Method
12-08 10:12:26.510  9674  9802 I okhttp.OkHttpClient: Vary: Access-Control-Request-Headers
12-08 10:12:26.511  9674  9802 I okhttp.OkHttpClient: X-Content-Type-Options: nosniff
12-08 10:12:26.511  9674  9802 I okhttp.OkHttpClient: X-XSS-Protection: 1; mode=block
12-08 10:12:26.511  9674  9802 I okhttp.OkHttpClient: Cache-Control: no-cache, no-store, max-age=0, must-revalidate
12-08 10:12:26.511  9674  9802 I okhttp.OkHttpClient: Pragma: no-cache
12-08 10:12:26.512  9674  9802 I okhttp.OkHttpClient: Expires: 0
12-08 10:12:26.512  9674  9802 I okhttp.OkHttpClient: X-Frame-Options: DENY
12-08 10:12:26.512  9674  9802 I okhttp.OkHttpClient: Content-Type: application/json
12-08 10:12:26.512  9674  9802 I okhttp.OkHttpClient: Transfer-Encoding: chunked
12-08 10:12:26.513  9674  9802 I okhttp.OkHttpClient: Date: Thu, 08 Dec 2022 10:12:28 GMT
12-08 10:12:26.514  9674  9802 I okhttp.OkHttpClient: Keep-Alive: timeout=60
12-08 10:12:26.514  9674  9802 I okhttp.OkHttpClient: Connection: keep-alive
12-08 10:12:26.515  9674  9802 I okhttp.OkHttpClient: {"accessToken":"eyJhbGciOiJIUzUxMiJ9.eyJzdWIiOiJsb2dpbjIiLCJqdGkiOiIyIiwiZXhwIjoxNjcwNTgwNzQ4fQ.us6hkB9LZm6QpEdCgysnXXOzojGn09YpG3HqnLIntgSxWa2giEZehc3J_T_Ml-P_ltfy9zskP4zseTTrok1hzg","refreshToken":"eyJhbGciOiJIUzUxMiJ9.eyJzdWIiOiJsb2dpbjIiLCJqdGkiOiIyIiwiZXhwIjoxNjczMDg2MzQ4fQ.3H1KHOUR4M8P4eZ0FxB-3AeQxE2bqu6w6pohEMwXuY_nTcfC2_mOG6xiwV69EoLubGHF-IlovS0WiYET1EdHMQ"}
12-08 10:12:26.515  9674  9802 I okhttp.OkHttpClient: <-- END HTTP (368-byte body)
12-08 10:12:26.519  9674  9783 I okhttp.OkHttpClient: --> GET http://www.981757-ca08998.tmweb.ru:8080/fmh/authentication/userInfo
12-08 10:12:26.519  9674  9783 I okhttp.OkHttpClient: --> END GET
12-08 10:12:26.715  9674  9783 I okhttp.OkHttpClient: <-- 200 http://www.981757-ca08998.tmweb.ru:8080/fmh/authentication/userInfo (195ms)
12-08 10:12:26.715  9674  9783 I okhttp.OkHttpClient: Vary: Origin
12-08 10:12:26.715  9674  9783 I okhttp.OkHttpClient: Vary: Access-Control-Request-Method
12-08 10:12:26.716  9674  9783 I okhttp.OkHttpClient: Vary: Access-Control-Request-Headers
12-08 10:12:26.716  9674  9783 I okhttp.OkHttpClient: X-Content-Type-Options: nosniff
12-08 10:12:26.716  9674  9783 I okhttp.OkHttpClient: X-XSS-Protection: 1; mode=block
12-08 10:12:26.716  9674  9783 I okhttp.OkHttpClient: Cache-Control: no-cache, no-store, max-age=0, must-revalidate
12-08 10:12:26.717  9674  9783 I okhttp.OkHttpClient: Pragma: no-cache
12-08 10:12:26.717  9674  9783 I okhttp.OkHttpClient: Expires: 0
12-08 10:12:26.717  9674  9783 I okhttp.OkHttpClient: X-Frame-Options: DENY
12-08 10:12:26.717  9674  9783 I okhttp.OkHttpClient: Content-Type: application/json
12-08 10:12:26.717  9674  9783 I okhttp.OkHttpClient: Transfer-Encoding: chunked
12-08 10:12:26.717  9674  9783 I okhttp.OkHttpClient: Date: Thu, 08 Dec 2022 10:12:28 GMT
12-08 10:12:26.718  9674  9783 I okhttp.OkHttpClient: Keep-Alive: timeout=60
12-08 10:12:26.718  9674  9783 I okhttp.OkHttpClient: Connection: keep-alive
12-08 10:12:26.719  9674  9783 I okhttp.OkHttpClient: {"id":2,"firstName":"Данил","lastName":"Иванов","middleName":"Данилович","admin":true}
12-08 10:12:26.719  9674  9783 I okhttp.OkHttpClient: <-- END HTTP (106-byte body)
12-08 10:12:26.730  9674  9787 I okhttp.OkHttpClient: --> GET http://www.981757-ca08998.tmweb.ru:8080/fmh/claims
12-08 10:12:26.731  9674  9787 I okhttp.OkHttpClient: --> END GET
12-08 10:12:26.750  1744  9950 E ResolverController: No valid NAT64 prefix (106, <unspecified>/0)
12-08 10:12:27.071  9674  9674 I ViewInteraction: Checking 'MatchesViewAssertion{viewMatcher=(view has effective visibility <VISIBLE> and view.getGlobalVisibleRect() to return non-empty rectangle)}' assertion on view an instance of android.widget.TextView and view.getText() with or without transformation to match: is "News"
12-08 10:12:27.092  9674  9674 I ViewInteraction: Performing 'wait for a specific view with <view.getId() is <2131230951>> during 10000 millis.' action on view view.getRootView() to equal view
12-08 10:12:27.099  9674  9674 I ViewInteraction: Checking 'MatchesViewAssertion{viewMatcher=(view has effective visibility <VISIBLE> and view.getGlobalVisibleRect() to return non-empty rectangle)}' assertion on view view.getId() is <2131230951/ru.iteco.fmhandroid:id/container_list_news_include_on_fragment_main>
12-08 10:12:27.104  9674  9674 I ViewInteraction: Performing 'wait for a specific view with <view.getId() is <2131230949>> during 10000 millis.' action on view view.getRootView() to equal view
12-08 10:12:27.126  9674  9674 I ViewInteraction: Checking 'MatchesViewAssertion{viewMatcher=(view has effective visibility <VISIBLE> and view.getGlobalVisibleRect() to return non-empty rectangle)}' assertion on view view.getId() is <2131230949/ru.iteco.fmhandroid:id/container_list_claim_include_on_fragment_main>
12-08 10:12:27.130  9674  9674 I ViewInteraction: Performing 'wait for a specific view with <an instance of android.widget.TextView and view.getText() with or without transformation to match: is "Claims"> during 10000 millis.' action on view view.getRootView() to equal view
12-08 10:12:27.136  9674  9674 I ViewInteraction: Checking 'MatchesViewAssertion{viewMatcher=(view has effective visibility <VISIBLE> and view.getGlobalVisibleRect() to return non-empty rectangle)}' assertion on view an instance of android.widget.TextView and view.getText() with or without transformation to match: is "Claims"
12-08 10:12:27.141  9674  9674 I ViewInteraction: Performing 'wait for a specific view with <view.getId() is <2131231123/ru.iteco.fmhandroid:id/main_menu_image_button>> during 10000 millis.' action on view view.getRootView() to equal view
12-08 10:12:27.146  9674  9674 I ViewInteraction: Performing 'single click' action on view view.getId() is <2131231123/ru.iteco.fmhandroid:id/main_menu_image_button>
12-08 10:12:27.248  1776  1927 D gralloc_ranchu: gralloc_alloc: Creating ashmem region of size 2015232
12-08 10:12:27.258  1776  1927 I chatty  : uid=1000(system) HwBinder:1776_3 identical 1 line
12-08 10:12:27.260  1776  1927 D gralloc_ranchu: gralloc_alloc: Creating ashmem region of size 2015232
12-08 10:12:27.285  9674  9770 D EGL_emulation: eglMakeCurrent: 0xdd81b860: ver 2 0 (tinfo 0xc3288080)
12-08 10:12:27.377  9674  9770 I chatty  : uid=10146(ru.iteco.fmhandroid) RenderThread identical 3 lines
12-08 10:12:27.398  9674  9770 D EGL_emulation: eglMakeCurrent: 0xdd81b860: ver 2 0 (tinfo 0xc3288080)
12-08 10:12:27.625  9674  9674 I ViewInteraction: Performing 'wait for a specific view with <an instance of android.widget.TextView and view.getText() with or without transformation to match: is "Claims"> during 10000 millis.' action on view view.getRootView() to equal view
12-08 10:12:27.628  9674  9674 I ViewInteraction: Performing 'single click' action on view an instance of android.widget.TextView and view.getText() with or without transformation to match: is "Claims"
12-08 10:12:27.769  9674  9804 I okhttp.OkHttpClient: --> GET http://www.981757-ca08998.tmweb.ru:8080/fmh/claims
12-08 10:12:27.770  9674  9804 I okhttp.OkHttpClient: --> END GET
12-08 10:12:27.818  9674  9770 D EGL_emulation: eglMakeCurrent: 0xdd81b860: ver 2 0 (tinfo 0xc3288080)
12-08 10:12:27.835  9674  9770 D EGL_emulation: eglMakeCurrent: 0xdd81b860: ver 2 0 (tinfo 0xc3288080)
12-08 10:12:27.975  9674  9674 I ViewInteraction: Performing 'wait for a specific view with <view.getId() is <2131230849/ru.iteco.fmhandroid:id/add_new_claim_material_button>> during 10000 millis.' action on view view.getRootView() to equal view
12-08 10:12:27.980  9674  9674 I ViewInteraction: Performing 'single click' action on view view.getId() is <2131230849/ru.iteco.fmhandroid:id/add_new_claim_material_button>
12-08 10:12:28.051  9674  9783 I okhttp.OkHttpClient: --> GET http://www.981757-ca08998.tmweb.ru:8080/fmh/users
12-08 10:12:28.051  9674  9783 I okhttp.OkHttpClient: --> END GET
12-08 10:12:28.274  9674  9674 I ViewInteraction: Performing 'wait for a specific view with <(view.getId() is <2131231402/ru.iteco.fmhandroid:id/title_edit_text> and view.getParent() view.getParent() view.getId() is <2131231406/ru.iteco.fmhandroid:id/title_text_input_layout>)> during 10000 millis.' action on view view.getRootView() to equal view
12-08 10:12:28.365  9674  9783 I okhttp.OkHttpClient: <-- 200 http://www.981757-ca08998.tmweb.ru:8080/fmh/users (313ms)
12-08 10:12:28.365  9674  9783 I okhttp.OkHttpClient: Vary: Origin
12-08 10:12:28.365  9674  9783 I okhttp.OkHttpClient: Vary: Access-Control-Request-Method
12-08 10:12:28.365  9674  9783 I okhttp.OkHttpClient: Vary: Access-Control-Request-Headers
12-08 10:12:28.366  9674  9783 I okhttp.OkHttpClient: X-Content-Type-Options: nosniff
12-08 10:12:28.366  9674  9783 I okhttp.OkHttpClient: X-XSS-Protection: 1; mode=block
12-08 10:12:28.367  9674  9783 I okhttp.OkHttpClient: Cache-Control: no-cache, no-store, max-age=0, must-revalidate
12-08 10:12:28.367  9674  9783 I okhttp.OkHttpClient: Pragma: no-cache
12-08 10:12:28.368  9674  9783 I okhttp.OkHttpClient: Expires: 0
12-08 10:12:28.368  9674  9783 I okhttp.OkHttpClient: X-Frame-Options: DENY
12-08 10:12:28.368  9674  9783 I okhttp.OkHttpClient: Content-Type: application/json
12-08 10:12:28.369  9674  9783 I okhttp.OkHttpClient: Transfer-Encoding: chunked
12-08 10:12:28.370  9674  9783 I okhttp.OkHttpClient: Date: Thu, 08 Dec 2022 10:12:30 GMT
12-08 10:12:28.370  9674  9783 I okhttp.OkHttpClient: Keep-Alive: timeout=60
12-08 10:12:28.371  9674  9783 I okhttp.OkHttpClient: Connection: keep-alive
12-08 10:12:28.373  9674  9783 I okhttp.OkHttpClient: [{"id":1,"firstName":"Петр","lastName":"Смирнов","middleName":"Петрович","admin":true},{"id":2,"firstName":"Данил","lastName":"Иванов","middleName":"Данилович","admin":true},{"id":3,"firstName":"Егор","lastName":"Петров","middleName":"Егорович","admin":false},{"id":4,"firstName":"Дмитрий","lastName":"Сидоров","middleName":"Дмитриевич","admin":false},{"id":5,"firstName":"Тест","lastName":"Тестов","middleName":"Тестович","admin":true},{"id":6,"firstName":"Diplom","lastName":"Netology","middleName":"QAMID","admin":true}]
12-08 10:12:28.373  9674  9783 I okhttp.OkHttpClient: <-- END HTTP (622-byte body)
12-08 10:12:28.542  9674  9674 I ViewInteraction: Performing 'replace text(Заголовок fea4a794-a802-447c-af66-701c70c70141)' action on view (view.getId() is <2131231402/ru.iteco.fmhandroid:id/title_edit_text> and view.getParent() view.getParent() view.getId() is <2131231406/ru.iteco.fmhandroid:id/title_text_input_layout>)
12-08 10:12:28.586  9674  9674 I ViewInteraction: Performing 'wait for a specific view with <view.getId() is <2131230975/ru.iteco.fmhandroid:id/date_in_plan_text_input_edit_text>> during 10000 millis.' action on view view.getRootView() to equal view
12-08 10:12:28.591  9674  9674 I ViewInteraction: Performing 'single click' action on view view.getId() is <2131230975/ru.iteco.fmhandroid:id/date_in_plan_text_input_edit_text>
12-08 10:12:28.747  1776  1927 D gralloc_ranchu: gralloc_alloc: Creating ashmem region of size 6778880
12-08 10:12:28.757  1776  1927 I chatty  : uid=1000(system) HwBinder:1776_3 identical 1 line
12-08 10:12:28.760  1776  1927 D gralloc_ranchu: gralloc_alloc: Creating ashmem region of size 6778880
12-08 10:12:28.771  9674  9770 D EGL_emulation: eglMakeCurrent: 0xdd81b860: ver 2 0 (tinfo 0xc3288080)
12-08 10:12:28.886  9674  9770 I chatty  : uid=10146(ru.iteco.fmhandroid) RenderThread identical 3 lines
12-08 10:12:28.903  9674  9770 D EGL_emulation: eglMakeCurrent: 0xdd81b860: ver 2 0 (tinfo 0xc3288080)
12-08 10:12:29.224  9674  9674 I ViewInteraction: Performing 'wait for a specific view with <is assignable from class <class android.widget.DatePicker>> during 10000 millis.' action on view view.getRootView() to equal view
12-08 10:12:29.229  9674  9674 I ViewInteraction: Checking 'MatchesViewAssertion{viewMatcher=(view has effective visibility <VISIBLE> and view.getGlobalVisibleRect() to return non-empty rectangle)}' assertion on view is assignable from class <class android.widget.DatePicker>
12-08 10:12:29.233  9674  9674 I ViewInteraction: Performing 'wait for a specific view with <is assignable from class <class android.widget.DatePicker>> during 10000 millis.' action on view view.getRootView() to equal view
12-08 10:12:29.236  9674  9674 I ViewInteraction: Performing 'set date' action on view is assignable from class <class android.widget.DatePicker>
12-08 10:12:29.280  9674  9674 I ViewInteraction: Performing 'wait for a specific view with <view.getId() is <16908313/android:id/button1>> during 10000 millis.' action on view view.getRootView() to equal view
12-08 10:12:29.287  9674  9674 I ViewInteraction: Performing 'single click' action on view view.getId() is <16908313/android:id/button1>
12-08 10:12:29.395  9674  9770 D EGL_emulation: eglMakeCurrent: 0xdd81b860: ver 2 0 (tinfo 0xc3288080)
12-08 10:12:29.415  9674  9770 D EGL_emulation: eglMakeCurrent: 0xdd81b860: ver 2 0 (tinfo 0xc3288080)
12-08 10:12:29.434  2018  5644 E InputDispatcher: Window handle Window{57a1bfd u0 ru.iteco.fmhandroid/ru.iteco.fmhandroid.ui.AppActivity} has no registered input channel
12-08 10:12:29.547  9674  9787 I okhttp.OkHttpClient: <-- 200 http://www.981757-ca08998.tmweb.ru:8080/fmh/claims (2816ms)
12-08 10:12:29.547  9674  9787 I okhttp.OkHttpClient: Vary: Origin
12-08 10:12:29.547  9674  9787 I okhttp.OkHttpClient: Vary: Access-Control-Request-Method
12-08 10:12:29.547  9674  9787 I okhttp.OkHttpClient: Vary: Access-Control-Request-Headers
12-08 10:12:29.547  9674  9787 I okhttp.OkHttpClient: X-Content-Type-Options: nosniff
12-08 10:12:29.547  9674  9787 I okhttp.OkHttpClient: X-XSS-Protection: 1; mode=block
12-08 10:12:29.548  9674  9787 I okhttp.OkHttpClient: Cache-Control: no-cache, no-store, max-age=0, must-revalidate
12-08 10:12:29.548  9674  9787 I okhttp.OkHttpClient: Pragma: no-cache
12-08 10:12:29.548  9674  9787 I okhttp.OkHttpClient: Expires: 0
12-08 10:12:29.549  9674  9787 I okhttp.OkHttpClient: X-Frame-Options: DENY
12-08 10:12:29.549  9674  9787 I okhttp.OkHttpClient: Content-Type: application/json
12-08 10:12:29.550  9674  9787 I okhttp.OkHttpClient: Transfer-Encoding: chunked
12-08 10:12:29.550  9674  9787 I okhttp.OkHttpClient: Date: Thu, 08 Dec 2022 10:12:31 GMT
12-08 10:12:29.551  9674  9787 I okhttp.OkHttpClient: Keep-Alive: timeout=60
12-08 10:12:29.553  9674  9787 I okhttp.OkHttpClient: Connection: keep-alive
12-08 10:12:29.678  9674  9674 I ViewInteraction: Performing 'wait for a specific view with <(an instance of android.widget.TextView and view.getHint() matching: is "Time" and view.getParent() view.getParent() view.getId() is <2131231399/ru.iteco.fmhandroid:id/time_in_plan_text_input_layout>)> during 10000 millis.' action on view view.getRootView() to equal view
12-08 10:12:29.683  9674  9674 I ViewInteraction: Performing 'single click' action on view (an instance of android.widget.TextView and view.getHint() matching: is "Time" and view.getParent() view.getParent() view.getId() is <2131231399/ru.iteco.fmhandroid:id/time_in_plan_text_input_layout>)
12-08 10:12:29.819  1776  1927 D gralloc_ranchu: gralloc_alloc: Creating ashmem region of size 5718016
12-08 10:12:29.828  1776  1927 I chatty  : uid=1000(system) HwBinder:1776_3 identical 1 line
12-08 10:12:29.830  1776  1927 D gralloc_ranchu: gralloc_alloc: Creating ashmem region of size 5718016
12-08 10:12:29.842  9674  9770 D EGL_emulation: eglMakeCurrent: 0xdd81b860: ver 2 0 (tinfo 0xc3288080)
12-08 10:12:29.899  9674  9770 D EGL_emulation: eglMakeCurrent: 0xdd81b860: ver 2 0 (tinfo 0xc3288080)
12-08 10:12:30.438  9674  9674 I ViewInteraction: Performing 'wait for a specific view with <is assignable from class <class android.widget.TimePicker>> during 10000 millis.' action on view view.getRootView() to equal view
12-08 10:12:30.442  9674  9674 I ViewInteraction: Checking 'MatchesViewAssertion{viewMatcher=(view has effective visibility <VISIBLE> and view.getGlobalVisibleRect() to return non-empty rectangle)}' assertion on view is assignable from class <class android.widget.TimePicker>
12-08 10:12:30.446  9674  9674 I ViewInteraction: Performing 'wait for a specific view with <is assignable from class <class android.widget.TimePicker>> during 10000 millis.' action on view view.getRootView() to equal view
12-08 10:12:30.449  9674  9674 I ViewInteraction: Performing 'set time' action on view is assignable from class <class android.widget.TimePicker>
12-08 10:12:30.452  9674  9674 I ViewInteraction: Performing 'wait for a specific view with <view.getId() is <16908313/android:id/button1>> during 10000 millis.' action on view view.getRootView() to equal view
12-08 10:12:30.456  9674  9674 I ViewInteraction: Performing 'single click' action on view view.getId() is <16908313/android:id/button1>
12-08 10:12:30.517  9674  9770 D EGL_emulation: eglMakeCurrent: 0xdd81b860: ver 2 0 (tinfo 0xc3288080)
12-08 10:12:30.534  9674  9770 D EGL_emulation: eglMakeCurrent: 0xdd81b860: ver 2 0 (tinfo 0xc3288080)
12-08 10:12:30.548  2018  3061 E InputDispatcher: Window handle Window{a0f16f0 u0 ru.iteco.fmhandroid/ru.iteco.fmhandroid.ui.AppActivity} has no registered input channel
12-08 10:12:30.562  9674  9770 D EGL_emulation: eglMakeCurrent: 0xdd81b860: ver 2 0 (tinfo 0xc3288080)
12-08 10:12:30.816  9674  9674 I ViewInteraction: Performing 'wait for a specific view with <(an instance of android.widget.TextView and view.getHint() matching: is "Description" and view.getParent() view.getParent() view.getId() is <2131230988/ru.iteco.fmhandroid:id/description_text_input_layout>)> during 10000 millis.' action on view view.getRootView() to equal view
12-08 10:12:30.821  9674  9674 I ViewInteraction: Performing 'replace text(Описание 8083b3a9-504a-49e6-9a01-ba9e64c379e2)' action on view (an instance of android.widget.TextView and view.getHint() matching: is "Description" and view.getParent() view.getParent() view.getId() is <2131230988/ru.iteco.fmhandroid:id/description_text_input_layout>)
12-08 10:12:30.869  9674  9674 I ViewInteraction: Performing 'wait for a specific view with <view.getId() is <2131231291/ru.iteco.fmhandroid:id/save_button>> during 10000 millis.' action on view view.getRootView() to equal view
12-08 10:12:30.874  9674  9674 I ViewInteraction: Performing 'single click' action on view view.getId() is <2131231291/ru.iteco.fmhandroid:id/save_button>
12-08 10:12:30.958  9674  9809 I okhttp.OkHttpClient: --> POST http://www.981757-ca08998.tmweb.ru:8080/fmh/claims
12-08 10:12:30.958  9674  9809 I okhttp.OkHttpClient: Content-Type: application/json; charset=UTF-8
12-08 10:12:30.958  9674  9809 I okhttp.OkHttpClient: Content-Length: 279
12-08 10:12:30.959  9674  9809 I okhttp.OkHttpClient: {"createDate":1670494350,"creatorId":2,"creatorName":"Иванов Данил Данилович","description":"Описание 8083b3a9-504a-49e6-9a01-ba9e64c379e2","planExecuteDate":1683367920,"status":"OPEN","title":"Заголовок fea4a794-a802-447c-af66-701c70c70141"}
12-08 10:12:30.960  9674  9809 I okhttp.OkHttpClient: --> END POST (279-byte body)
12-08 10:12:30.964  1744  9952 E ResolverController: No valid NAT64 prefix (106, <unspecified>/0)
12-08 10:12:31.182  9674  9674 I ViewInteraction: Performing 'wait for a specific view with <view.getId() is <2131230849/ru.iteco.fmhandroid:id/add_new_claim_material_button>> during 10000 millis.' action on view view.getRootView() to equal view
12-08 10:12:31.321  9674  9809 I okhttp.OkHttpClient: <-- 200 http://www.981757-ca08998.tmweb.ru:8080/fmh/claims (360ms)
12-08 10:12:31.321  9674  9809 I okhttp.OkHttpClient: Vary: Origin
12-08 10:12:31.321  9674  9809 I okhttp.OkHttpClient: Vary: Access-Control-Request-Method
12-08 10:12:31.322  9674  9809 I okhttp.OkHttpClient: Vary: Access-Control-Request-Headers
12-08 10:12:31.322  9674  9809 I okhttp.OkHttpClient: X-Content-Type-Options: nosniff
12-08 10:12:31.322  9674  9809 I okhttp.OkHttpClient: X-XSS-Protection: 1; mode=block
12-08 10:12:31.322  9674  9809 I okhttp.OkHttpClient: Cache-Control: no-cache, no-store, max-age=0, must-revalidate
12-08 10:12:31.322  9674  9809 I okhttp.OkHttpClient: Pragma: no-cache
12-08 10:12:31.322  9674  9809 I okhttp.OkHttpClient: Expires: 0
12-08 10:12:31.322  9674  9809 I okhttp.OkHttpClient: X-Frame-Options: DENY
12-08 10:12:31.322  9674  9809 I okhttp.OkHttpClient: Content-Type: application/json
12-08 10:12:31.322  9674  9809 I okhttp.OkHttpClient: Transfer-Encoding: chunked
12-08 10:12:31.322  9674  9809 I okhttp.OkHttpClient: Date: Thu, 08 Dec 2022 10:12:33 GMT
12-08 10:12:31.322  9674  9809 I okhttp.OkHttpClient: Keep-Alive: timeout=60
12-08 10:12:31.322  9674  9809 I okhttp.OkHttpClient: Connection: keep-alive
12-08 10:12:31.323  9674  9809 I okhttp.OkHttpClient: {"id":2698,"title":"Заголовок fea4a794-a802-447c-af66-701c70c70141","description":"Описание 8083b3a9-504a-49e6-9a01-ba9e64c379e2","creatorId":2,"executorId":null,"createDate":1670494350,"planExecuteDate":1683367920,"factExecuteDate":null,"status":"OPEN","creatorName":"Иванов Да��ил Данилович","executorName":null}
12-08 10:12:31.323  9674  9809 I okhttp.OkHttpClient: <-- END HTTP (350-byte body)
12-08 10:12:31.399  9674  9804 I okhttp.OkHttpClient: <-- 200 http://www.981757-ca08998.tmweb.ru:8080/fmh/claims (3629ms)
12-08 10:12:31.399  9674  9804 I okhttp.OkHttpClient: Vary: Origin
12-08 10:12:31.399  9674  9804 I okhttp.OkHttpClient: Vary: Access-Control-Request-Method
12-08 10:12:31.399  9674  9804 I okhttp.OkHttpClient: Vary: Access-Control-Request-Headers
12-08 10:12:31.399  9674  9804 I okhttp.OkHttpClient: X-Content-Type-Options: nosniff
12-08 10:12:31.399  9674  9804 I okhttp.OkHttpClient: X-XSS-Protection: 1; mode=block
12-08 10:12:31.399  9674  9804 I okhttp.OkHttpClient: Cache-Control: no-cache, no-store, max-age=0, must-revalidate
12-08 10:12:31.399  9674  9804 I okhttp.OkHttpClient: Pragma: no-cache
12-08 10:12:31.400  9674  9804 I okhttp.OkHttpClient: Expires: 0
12-08 10:12:31.400  9674  9804 I okhttp.OkHttpClient: X-Frame-Options: DENY
12-08 10:12:31.400  9674  9804 I okhttp.OkHttpClient: Content-Type: application/json
12-08 10:12:31.400  9674  9804 I okhttp.OkHttpClient: Transfer-Encoding: chunked
12-08 10:12:31.400  9674  9804 I okhttp.OkHttpClient: Date: Thu, 08 Dec 2022 10:12:33 GMT
12-08 10:12:31.402  9674  9804 I okhttp.OkHttpClient: Keep-Alive: timeout=60
12-08 10:12:31.402  9674  9804 I okhttp.OkHttpClient: Connection: keep-alive
12-08 10:12:31.421  9674  9674 I ViewInteraction: Performing 'single click' action on view view.getId() is <2131230849/ru.iteco.fmhandroid:id/add_new_claim_material_button>
12-08 10:12:31.491  9674  9783 I okhttp.OkHttpClient: --> GET http://www.981757-ca08998.tmweb.ru:8080/fmh/users
12-08 10:12:31.491  9674  9783 I okhttp.OkHttpClient: --> END GET
12-08 10:12:31.706  9674  9674 I ViewInteraction: Performing 'wait for a specific view with <view.getId() is <2131231041/ru.iteco.fmhandroid:id/executor_drop_menu_auto_complete_text_view>> during 10000 millis.' action on view view.getRootView() to equal view
12-08 10:12:31.734  9674  9783 I okhttp.OkHttpClient: <-- 200 http://www.981757-ca08998.tmweb.ru:8080/fmh/users (242ms)
12-08 10:12:31.734  9674  9783 I okhttp.OkHttpClient: Vary: Origin
12-08 10:12:31.734  9674  9783 I okhttp.OkHttpClient: Vary: Access-Control-Request-Method
12-08 10:12:31.734  9674  9783 I okhttp.OkHttpClient: Vary: Access-Control-Request-Headers
12-08 10:12:31.734  9674  9783 I okhttp.OkHttpClient: X-Content-Type-Options: nosniff
12-08 10:12:31.734  9674  9783 I okhttp.OkHttpClient: X-XSS-Protection: 1; mode=block
12-08 10:12:31.734  9674  9783 I okhttp.OkHttpClient: Cache-Control: no-cache, no-store, max-age=0, must-revalidate
12-08 10:12:31.734  9674  9783 I okhttp.OkHttpClient: Pragma: no-cache
12-08 10:12:31.735  9674  9783 I okhttp.OkHttpClient: Expires: 0
12-08 10:12:31.735  9674  9783 I okhttp.OkHttpClient: X-Frame-Options: DENY
12-08 10:12:31.735  9674  9783 I okhttp.OkHttpClient: Content-Type: application/json
12-08 10:12:31.735  9674  9783 I okhttp.OkHttpClient: Transfer-Encoding: chunked
12-08 10:12:31.735  9674  9783 I okhttp.OkHttpClient: Date: Thu, 08 Dec 2022 10:12:33 GMT
12-08 10:12:31.735  9674  9783 I okhttp.OkHttpClient: Keep-Alive: timeout=60
12-08 10:12:31.735  9674  9783 I okhttp.OkHttpClient: Connection: keep-alive
12-08 10:12:31.736  9674  9783 I okhttp.OkHttpClient: [{"id":1,"firstName":"Петр","lastName":"Смирнов","middleName":"Петрович","admin":true},{"id":2,"firstName":"Данил","lastName":"Иванов","middleName":"Данилович","admin":true},{"id":3,"firstName":"Егор","lastName":"Петров","middleName":"Егорович","admin":false},{"id":4,"firstName":"Дмитрий","lastName":"Сидоров","middleName":"Дмитриевич","admin":false},{"id":5,"firstName":"Т��ст","lastName":"Тестов","middleName":"Тестович","admin":true},{"id":6,"firstName":"Diplom","lastName":"Netology","middleName":"QAMID","admin":true}]
12-08 10:12:31.736  9674  9783 I okhttp.OkHttpClient: <-- END HTTP (622-byte body)
12-08 10:12:31.868  9674  9674 I ViewInteraction: Performing 'single click' action on view view.getId() is <2131231041/ru.iteco.fmhandroid:id/executor_drop_menu_auto_complete_text_view>
12-08 10:12:32.009  1776  1927 D gralloc_ranchu: gralloc_alloc: Creating ashmem region of size 4116480
12-08 10:12:32.012  1776  1927 I chatty  : uid=1000(system) HwBinder:1776_3 identical 1 line
12-08 10:12:32.017  1776  1927 D gralloc_ranchu: gralloc_alloc: Creating ashmem region of size 4116480
12-08 10:12:32.028  9674  9770 D EGL_emulation: eglMakeCurrent: 0xdd81b860: ver 2 0 (tinfo 0xc3288080)
12-08 10:12:32.072  9674  9674 I AssistStructure: Flattened final assist data: 6984 bytes, containing 2 windows, 53 views
12-08 10:12:32.081  2018  5644 D AutofillSession: Starting partition or augmented request for view id 1073741845@2008905599: STARTED_SESSION
12-08 10:12:32.090  2537  2537 W GInputConnectionWrapper: IPC IC_GET_TEXT_BEFORE_CURSOR_AND_FIX_SELECTION_INDICES took 112 ms
12-08 10:12:32.094  2656  2656 W ktk     : Pending fill request while another request in the same session was triggered. [CONTEXT service_id=177 ]
12-08 10:12:32.115  9674  9770 D EGL_emulation: eglMakeCurrent: 0xdd81b860: ver 2 0 (tinfo 0xc3288080)
12-08 10:12:32.129  9674  9674 I AssistStructure: Flattened final assist data: 6984 bytes, containing 2 windows, 53 views
12-08 10:12:32.154  9674  9770 D EGL_emulation: eglMakeCurrent: 0xdd81b860: ver 2 0 (tinfo 0xc3288080)
12-08 10:12:32.162  2537  2537 I KeyboardViewUtil: systemKeyboardHeightRatio:1.000000; userKeyboardHeightRatio:1.000000.
12-08 10:12:32.162  2537  2537 I AndroidIME: LatinIme.onActivate() : EditorInfo = Package = ru.iteco.fmhandroid : Type = Text : Learning = Disable : Suggestion = Show : AutoCorrection = Disable : Microphone = Show : NoPersonalizedLearning = Disable
12-08 10:12:32.179  2537  2537 I Conv2QueryExtension: Current locale: en_US, config allows these locales: de,en,es,fr,it,ms,pt,ta
12-08 10:12:32.179  2537  2537 I Conv2QueryExtension: Conv2Query not enabled due to current app [ru.iteco.fmhandroid] not in whitelist
12-08 10:12:32.179  2537  2537 I Conv2QueryExtension: onActivate() : Disabled by unsupported host app
12-08 10:12:32.196  2018  2051 D AutofillUI: destroySaveUiUiThread(): already destroyed
12-08 10:12:32.201  2170  2566 D EGL_emulation: eglMakeCurrent: 0xe594e040: ver 2 0 (tinfo 0xc52450c0)
12-08 10:12:32.203  1776  1927 D gralloc_ranchu: gralloc_alloc: Creating ashmem region of size 9826304
12-08 10:12:32.209  1776  1927 I chatty  : uid=1000(system) HwBinder:1776_3 identical 1 line
12-08 10:12:32.210  1776  1927 D gralloc_ranchu: gralloc_alloc: Creating ashmem region of size 9826304
12-08 10:12:32.214  2656  2656 W ktk     : Pending fill request while another request in the same session was triggered. [CONTEXT service_id=177 ]
12-08 10:12:32.223  2537  8546 D EGL_emulation: eglMakeCurrent: 0xc286ce00: ver 2 0 (tinfo 0xc335ede0)
12-08 10:12:32.278  9674  9770 D EGL_emulation: eglMakeCurrent: 0xdd81b860: ver 2 0 (tinfo 0xc3288080)
12-08 10:12:32.317  1776  1927 D gralloc_ranchu: gralloc_alloc: Creating ashmem region of size 3072000
12-08 10:12:32.324  9674  9770 D EGL_emulation: eglMakeCurrent: 0xdd81b860: ver 2 0 (tinfo 0xc3288080)
12-08 10:12:32.339  1776  1927 D gralloc_ranchu: gralloc_alloc: Creating ashmem region of size 3072000
12-08 10:12:32.344  9674  9770 D EGL_emulation: eglMakeCurrent: 0xdd81b860: ver 2 0 (tinfo 0xc3288080)
12-08 10:12:32.366  9674  9770 D EGL_emulation: eglMakeCurrent: 0xdd81b860: ver 2 0 (tinfo 0xc3288080)
12-08 10:12:32.376  1776  1927 D gralloc_ranchu: gralloc_alloc: Creating ashmem region of size 3072000
12-08 10:12:32.449  9674  9770 D EGL_emulation: eglMakeCurrent: 0xdd81b860: ver 2 0 (tinfo 0xc3288080)
12-08 10:12:32.454  9674  9674 I ViewInteraction: Performing 'close keyboard' action on view view.getRootView() to equal view
12-08 10:12:32.461  2537  2537 I PhenotypeExpConfig: refreshConfiguration() : Force = false : UpdateAvailable = false : Age = 60 minutes : MaxAge = 720 minutes
12-08 10:12:32.463  2537  2537 I AndroidIME: LatinIme.onDeactivate()
12-08 10:12:32.483  2537  8546 D EGL_emulation: eglMakeCurrent: 0xc286ce00: ver 2 0 (tinfo 0xc335ede0)
12-08 10:12:32.566  1776  1927 D gralloc_ranchu: gralloc_alloc: Creating ashmem region of size 4116480
12-08 10:12:32.582  9674  9770 D EGL_emulation: eglMakeCurrent: 0xdd81b860: ver 2 0 (tinfo 0xc3288080)
12-08 10:12:32.600  1776  1927 D gralloc_ranchu: gralloc_alloc: Creating ashmem region of size 4116480
12-08 10:12:32.605  9674  9770 D EGL_emulation: eglMakeCurrent: 0xdd81b860: ver 2 0 (tinfo 0xc3288080)
12-08 10:12:32.620  9674  9770 D EGL_emulation: eglMakeCurrent: 0xdd81b860: ver 2 0 (tinfo 0xc3288080)
12-08 10:12:32.632  1776  1927 D gralloc_ranchu: gralloc_alloc: Creating ashmem region of size 4116480
12-08 10:12:32.772  9674  9674 I ViewInteraction: Performing 'single click' action on view an instance of android.widget.TextView and view.getText() with or without transformation to match: is "Иванов Данил Данилович"
12-08 10:12:32.906  9674  9770 D EGL_emulation: eglMakeCurrent: 0xdd81b860: ver 2 0 (tinfo 0xc3288080)
12-08 10:12:32.915  2018  4164 E InputDispatcher: Window handle Window{d9c4a77 u0 PopupWindow:d09dd2b} has no registered input channel
12-08 10:12:32.933  9674  9770 D EGL_emulation: eglMakeCurrent: 0xdd81b860: ver 2 0 (tinfo 0xc3288080)
12-08 10:12:33.057  9674  9674 I ViewInteraction: Performing 'wait for a specific view with <(view.getId() is <2131231402/ru.iteco.fmhandroid:id/title_edit_text> and view.getParent() view.getParent() view.getId() is <2131231406/ru.iteco.fmhandroid:id/title_text_input_layout>)> during 10000 millis.' action on view view.getRootView() to equal view
12-08 10:12:33.061  9674  9674 I ViewInteraction: Performing 'replace text(Заголовок 37fe1c15-0416-4566-afd0-57c2caf4e208)' action on view (view.getId() is <2131231402/ru.iteco.fmhandroid:id/title_edit_text> and view.getParent() view.getParent() view.getId() is <2131231406/ru.iteco.fmhandroid:id/title_text_input_layout>)
12-08 10:12:33.108  9674  9674 I ViewInteraction: Performing 'wait for a specific view with <view.getId() is <2131230975/ru.iteco.fmhandroid:id/date_in_plan_text_input_edit_text>> during 10000 millis.' action on view view.getRootView() to equal view
12-08 10:12:33.112  9674  9674 I ViewInteraction: Performing 'single click' action on view view.getId() is <2131230975/ru.iteco.fmhandroid:id/date_in_plan_text_input_edit_text>
12-08 10:12:33.254  1776  1927 D gralloc_ranchu: gralloc_alloc: Creating ashmem region of size 6778880
12-08 10:12:33.260  1776  1927 I chatty  : uid=1000(system) HwBinder:1776_3 identical 1 line
12-08 10:12:33.261  1776  1927 D gralloc_ranchu: gralloc_alloc: Creating ashmem region of size 6778880
12-08 10:12:33.273  9674  9770 D EGL_emulation: eglMakeCurrent: 0xdd81b860: ver 2 0 (tinfo 0xc3288080)
12-08 10:12:33.562  9674  9770 I chatty  : uid=10146(ru.iteco.fmhandroid) RenderThread identical 10 lines
12-08 10:12:33.579  9674  9770 D EGL_emulation: eglMakeCurrent: 0xdd81b860: ver 2 0 (tinfo 0xc3288080)
12-08 10:12:33.959  9674  9674 I ViewInteraction: Performing 'wait for a specific view with <is assignable from class <class android.widget.DatePicker>> during 10000 millis.' action on view view.getRootView() to equal view
12-08 10:12:33.963  9674  9674 I ViewInteraction: Checking 'MatchesViewAssertion{viewMatcher=(view has effective visibility <VISIBLE> and view.getGlobalVisibleRect() to return non-empty rectangle)}' assertion on view is assignable from class <class android.widget.DatePicker>
12-08 10:12:33.966  9674  9674 I ViewInteraction: Performing 'wait for a specific view with <is assignable from class <class android.widget.DatePicker>> during 10000 millis.' action on view view.getRootView() to equal view
12-08 10:12:33.972  9674  9674 I ViewInteraction: Performing 'set date' action on view is assignable from class <class android.widget.DatePicker>
12-08 10:12:33.994  9674  9770 D EGL_emulation: eglMakeCurrent: 0xdd81b860: ver 2 0 (tinfo 0xc3288080)
12-08 10:12:34.012  9674  9674 I ViewInteraction: Performing 'wait for a specific view with <view.getId() is <16908313/android:id/button1>> during 10000 millis.' action on view view.getRootView() to equal view
12-08 10:12:34.018  9674  9674 I ViewInteraction: Performing 'single click' action on view view.getId() is <16908313/android:id/button1>
12-08 10:12:34.125  9674  9770 D EGL_emulation: eglMakeCurrent: 0xdd81b860: ver 2 0 (tinfo 0xc3288080)
12-08 10:12:34.150  2018  2340 E InputDispatcher: Window handle Window{5a5ae9d u0 ru.iteco.fmhandroid/ru.iteco.fmhandroid.ui.AppActivity} has no registered input channel
12-08 10:12:34.156  9674  9770 D EGL_emulation: eglMakeCurrent: 0xdd81b860: ver 2 0 (tinfo 0xc3288080)
12-08 10:12:34.423  9674  9674 I ViewInteraction: Performing 'wait for a specific view with <(an instance of android.widget.TextView and view.getHint() matching: is "Time" and view.getParent() view.getParent() view.getId() is <2131231399/ru.iteco.fmhandroid:id/time_in_plan_text_input_layout>)> during 10000 millis.' action on view view.getRootView() to equal view
12-08 10:12:34.428  9674  9674 I ViewInteraction: Performing 'single click' action on view (an instance of android.widget.TextView and view.getHint() matching: is "Time" and view.getParent() view.getParent() view.getId() is <2131231399/ru.iteco.fmhandroid:id/time_in_plan_text_input_layout>)
12-08 10:12:34.581  1776  1927 D gralloc_ranchu: gralloc_alloc: Creating ashmem region of size 5718016
12-08 10:12:34.590  1776  1927 I chatty  : uid=1000(system) HwBinder:1776_3 identical 1 line
12-08 10:12:34.591  1776  1927 D gralloc_ranchu: gralloc_alloc: Creating ashmem region of size 5718016
12-08 10:12:34.597  9674  9770 D EGL_emulation: eglMakeCurrent: 0xdd81b860: ver 2 0 (tinfo 0xc3288080)
12-08 10:12:34.656  9674  9770 I chatty  : uid=10146(ru.iteco.fmhandroid) RenderThread identical 2 lines
12-08 10:12:34.686  9674  9770 D EGL_emulation: eglMakeCurrent: 0xdd81b860: ver 2 0 (tinfo 0xc3288080)
12-08 10:12:34.915  9674  9674 I ViewInteraction: Performing 'wait for a specific view with <is assignable from class <class android.widget.TimePicker>> during 10000 millis.' action on view view.getRootView() to equal view
12-08 10:12:34.919  9674  9674 I ViewInteraction: Checking 'MatchesViewAssertion{viewMatcher=(view has effective visibility <VISIBLE> and view.getGlobalVisibleRect() to return non-empty rectangle)}' assertion on view is assignable from class <class android.widget.TimePicker>
12-08 10:12:34.922  9674  9674 I ViewInteraction: Performing 'wait for a specific view with <is assignable from class <class android.widget.TimePicker>> during 10000 millis.' action on view view.getRootView() to equal view
12-08 10:12:34.926  9674  9674 I ViewInteraction: Performing 'set time' action on view is assignable from class <class android.widget.TimePicker>
12-08 10:12:34.929  9674  9674 I ViewInteraction: Performing 'wait for a specific view with <view.getId() is <16908313/android:id/button1>> during 10000 millis.' action on view view.getRootView() to equal view
12-08 10:12:34.933  9674  9674 I ViewInteraction: Performing 'single click' action on view view.getId() is <16908313/android:id/button1>
12-08 10:12:35.002  9674  9770 D EGL_emulation: eglMakeCurrent: 0xdd81b860: ver 2 0 (tinfo 0xc3288080)
12-08 10:12:35.021  9674  9770 D EGL_emulation: eglMakeCurrent: 0xdd81b860: ver 2 0 (tinfo 0xc3288080)
12-08 10:12:35.033  2018  4164 E InputDispatcher: Window handle Window{224170e u0 ru.iteco.fmhandroid/ru.iteco.fmhandroid.ui.AppActivity} has no registered input channel
12-08 10:12:35.047  9674  9770 D EGL_emulation: eglMakeCurrent: 0xdd81b860: ver 2 0 (tinfo 0xc3288080)
12-08 10:12:35.319  9674  9674 I ViewInteraction: Performing 'wait for a specific view with <(an instance of android.widget.TextView and view.getHint() matching: is "Description" and view.getParent() view.getParent() view.getId() is <2131230988/ru.iteco.fmhandroid:id/description_text_input_layout>)> during 10000 millis.' action on view view.getRootView() to equal view
12-08 10:12:35.323  9674  9674 I ViewInteraction: Performing 'replace text(Описание 5e63295e-fe22-4d56-ac81-f0be9fba4984)' action on view (an instance of android.widget.TextView and view.getHint() matching: is "Description" and view.getParent() view.getParent() view.getId() is <2131230988/ru.iteco.fmhandroid:id/description_text_input_layout>)
12-08 10:12:35.358  9674  9674 I ViewInteraction: Performing 'wait for a specific view with <view.getId() is <2131231291/ru.iteco.fmhandroid:id/save_button>> during 10000 millis.' action on view view.getRootView() to equal view
12-08 10:12:35.361  9674  9674 I ViewInteraction: Performing 'single click' action on view view.getId() is <2131231291/ru.iteco.fmhandroid:id/save_button>
12-08 10:12:35.424  9674  9809 I okhttp.OkHttpClient: --> POST http://www.981757-ca08998.tmweb.ru:8080/fmh/claims
12-08 10:12:35.424  9674  9809 I okhttp.OkHttpClient: Content-Type: application/json; charset=UTF-8
12-08 10:12:35.424  9674  9809 I okhttp.OkHttpClient: Content-Length: 294
12-08 10:12:35.424  9674  9809 I okhttp.OkHttpClient: {"createDate":1670494355,"creatorId":2,"creatorName":"Иванов Данил Данилович","description":"Описание 5e63295e-fe22-4d56-ac81-f0be9fba4984","executorId":2,"planExecuteDate":1687255920,"status":"OPEN","title":"Заголовок 37fe1c15-0416-4566-afd0-57c2caf4e208"}
12-08 10:12:35.425  9674  9809 I okhttp.OkHttpClient: --> END POST (294-byte body)
12-08 10:12:35.626  9674  9809 I okhttp.OkHttpClient: <-- 200 http://www.981757-ca08998.tmweb.ru:8080/fmh/claims (200ms)
12-08 10:12:35.626  9674  9809 I okhttp.OkHttpClient: Vary: Origin
12-08 10:12:35.626  9674  9809 I okhttp.OkHttpClient: Vary: Access-Control-Request-Method
12-08 10:12:35.626  9674  9809 I okhttp.OkHttpClient: Vary: Access-Control-Request-Headers
12-08 10:12:35.626  9674  9809 I okhttp.OkHttpClient: X-Content-Type-Options: nosniff
12-08 10:12:35.626  9674  9809 I okhttp.OkHttpClient: X-XSS-Protection: 1; mode=block
12-08 10:12:35.626  9674  9809 I okhttp.OkHttpClient: Cache-Control: no-cache, no-store, max-age=0, must-revalidate
12-08 10:12:35.626  9674  9809 I okhttp.OkHttpClient: Pragma: no-cache
12-08 10:12:35.627  9674  9809 I okhttp.OkHttpClient: Expires: 0
12-08 10:12:35.627  9674  9809 I okhttp.OkHttpClient: X-Frame-Options: DENY
12-08 10:12:35.627  9674  9809 I okhttp.OkHttpClient: Content-Type: application/json
12-08 10:12:35.627  9674  9809 I okhttp.OkHttpClient: Transfer-Encoding: chunked
12-08 10:12:35.627  9674  9809 I okhttp.OkHttpClient: Date: Thu, 08 Dec 2022 10:12:37 GMT
12-08 10:12:35.627  9674  9809 I okhttp.OkHttpClient: Keep-Alive: timeout=60
12-08 10:12:35.627  9674  9809 I okhttp.OkHttpClient: Connection: keep-alive
12-08 10:12:35.629  9674  9809 I okhttp.OkHttpClient: {"id":2699,"title":"Заголовок 37fe1c15-0416-4566-afd0-57c2caf4e208","description":"Описание 5e63295e-fe22-4d56-ac81-f0be9fba4984","creatorId":2,"executorId":2,"createDate":1670494355,"planExecuteDate":1687255920,"factExecuteDate":null,"status":"IN_PROGRESS","creatorName":"Иванов Данил Данилович","executorName":"Иванов Данил Данилович"}
12-08 10:12:35.629  9674  9809 I okhttp.OkHttpClient: <-- END HTTP (394-byte body)
12-08 10:12:35.693  9674  9674 I ViewInteraction: Performing 'wait for a specific view with <view.getId() is <2131230916/ru.iteco.fmhandroid:id/claim_list_recycler_view>> during 10000 millis.' action on view view.getRootView() to equal view
12-08 10:12:35.697  9674  9674 I ViewInteraction: Checking 'MatchesViewAssertion{viewMatcher=(view has effective visibility <VISIBLE> and view.getGlobalVisibleRect() to return non-empty rectangle)}' assertion on view view.getId() is <2131230916/ru.iteco.fmhandroid:id/claim_list_recycler_view>
12-08 10:12:35.705  9674  9674 I ViewInteraction: Performing 'scroll RecyclerView to: holder with view: (view is an instance of android.view.ViewGroup and has descendant matching an instance of android.widget.TextView and view.getText() with or without transformation to match: is "Заголовок 37fe1c15-0416-4566-afd0-57c2caf4e208")' action on view view.getId() is <2131230916/ru.iteco.fmhandroid:id/claim_list_recycler_view>
12-08 10:12:35.708  9674  9674 D takeScreenshot: Found 1 global views to redraw
12-08 10:12:35.740  1776  1927 D gralloc_ranchu: gralloc_alloc: Creating ashmem region of size 10108928
12-08 10:12:35.783  9674  9718 W DefaultFailureHandler: Failed to take screenshot
12-08 10:12:35.783  9674  9718 W DefaultFailureHandler: java.io.FileNotFoundException: view-op-error-11.png: open failed: EROFS (Read-only file system)
12-08 10:12:35.783  9674  9718 W DefaultFailureHandler: 	at libcore.io.IoBridge.open(IoBridge.java:496)
12-08 10:12:35.783  9674  9718 W DefaultFailureHandler: 	at java.io.FileOutputStream.<init>(FileOutputStream.java:235)
12-08 10:12:35.783  9674  9718 W DefaultFailureHandler: 	at java.io.FileOutputStream.<init>(FileOutputStream.java:125)
12-08 10:12:35.783  9674  9718 W DefaultFailureHandler: 	at androidx.test.platform.io.FileTestStorage.openOutputFile(FileTestStorage.java:60)
12-08 10:12:35.783  9674  9718 W DefaultFailureHandler: 	at androidx.test.core.graphics.BitmapStorage.writeToTestStorage(BitmapStorageExt.kt:49)
12-08 10:12:35.783  9674  9718 W DefaultFailureHandler: 	at androidx.test.espresso.base.DefaultFailureHandler.takeScreenshot(DefaultFailureHandler.java:4)
12-08 10:12:35.783  9674  9718 W DefaultFailureHandler: 	at androidx.test.espresso.base.DefaultFailureHandler.handle(DefaultFailureHandler.java:3)
12-08 10:12:35.783  9674  9718 W DefaultFailureHandler: 	at androidx.test.espresso.ViewInteraction.waitForAndHandleInteractionResults(ViewInteraction.java:8)
12-08 10:12:35.783  9674  9718 W DefaultFailureHandler: 	at androidx.test.espresso.ViewInteraction.desugaredPerform(ViewInteraction.java:11)
12-08 10:12:35.783  9674  9718 W DefaultFailureHandler: 	at androidx.test.espresso.ViewInteraction.perform(ViewInteraction.java:8)
12-08 10:12:35.783  9674  9718 W DefaultFailureHandler: 	at ru.iteco.fmhandroid.ui.steps.ClaimsPageSteps.scrollToElementInRecyclerList(ClaimsPageSteps.java:127)
12-08 10:12:35.783  9674  9718 W DefaultFailureHandler: 	at ru.iteco.fmhandroid.ui.steps.ClaimsPageSteps.openClaimCard(ClaimsPageSteps.java:150)
12-08 10:12:35.783  9674  9718 W DefaultFailureHandler: 	at ru.iteco.fmhandroid.ui.steps.CreatingClaimsSteps.createClaim(CreatingClaimsSteps.java:118)
12-08 10:12:35.783  9674  9718 W DefaultFailureHandler: 	at ru.iteco.fmhandroid.ui.steps.CreatingClaimsSteps.createClaims(CreatingClaimsSteps.java:131)
12-08 10:12:35.783  9674  9718 W DefaultFailureHandler: 	at ru.iteco.fmhandroid.ui.FilterClaimsPageTest.shouldFilterClaimsWithStatusOpenAndInProgressAndCanceled(FilterClaimsPageTest.java:250)
12-08 10:12:35.783  9674  9718 W DefaultFailureHandler: 	at java.lang.reflect.Method.invoke(Native Method)
12-08 10:12:35.783  9674  9718 W DefaultFailureHandler: 	at org.junit.runners.model.FrameworkMethod$1.runReflectiveCall(FrameworkMethod.java:59)
12-08 10:12:35.783  9674  9718 W DefaultFailureHandler: 	at org.junit.internal.runners.model.ReflectiveCallable.run(ReflectiveCallable.java:12)
12-08 10:12:35.783  9674  9718 W DefaultFailureHandler: 	at org.junit.runners.model.FrameworkMethod.invokeExplosively(FrameworkMethod.java:56)
12-08 10:12:35.783  9674  9718 W DefaultFailureHandler: 	at org.junit.internal.runners.statements.InvokeMethod.evaluate(InvokeMethod.java:17)
12-08 10:12:35.783  9674  9718 W DefaultFailureHandler: 	at androidx.test.internal.runner.junit4.statement.RunBefores.evaluate(RunBefores.java:80)
12-08 10:12:35.783  9674  9718 W DefaultFailureHandler: 	at io.qameta.allure.android.rules.ScreenshotRule$apply$1.evaluate(ScreenshotRule.kt:22)
12-08 10:12:35.783  9674  9718 W DefaultFailureHandler: 	at org.junit.rules.ExternalResource$1.evaluate(ExternalResource.java:54)
12-08 10:12:35.783  9674  9718 W DefaultFailureHandler: 	at io.qameta.allure.android.rules.LogcatRule$apply$1.evaluate(LogcatRule.kt:23)
12-08 10:12:35.783  9674  9718 W DefaultFailureHandler: 	at org.junit.rules.RunRules.evaluate(RunRules.java:20)
12-08 10:12:35.783  9674  9718 W DefaultFailureHandler: 	at org.junit.runners.ParentRunner$3.evaluate(ParentRunner.java:306)
12-08 10:12:35.783  9674  9718 W DefaultFailureHandler: 	at org.junit.runners.BlockJUnit4ClassRunner$1.evaluate(BlockJUnit4ClassRunner.java:100)
12-08 10:12:35.783  9674  9718 W DefaultFailureHandler: 	at org.junit.runners.ParentRunner.runLeaf(ParentRunner.java:366)
12-08 10:12:35.783  9674  9718 W DefaultFailureHandler: 	at org.junit.runners.BlockJUnit4ClassRunner.runChild(BlockJUnit4ClassRunner.java:103)
12-08 10:12:35.783  9674  9718 W DefaultFailureHandler: 	at org.junit.runners.BlockJUnit4ClassRunner.runChild(BlockJUnit4ClassRunner.java:63)
12-08 10:12:35.783  9674  9718 W DefaultFailureHandler: 	at org.junit.runners.ParentRunner$4.run(ParentRunner.java:331)
12-08 10:12:35.783  9674  9718 W DefaultFailureHandler: 	at org.junit.runners.ParentRunner$1.schedule(ParentRunner.java:79)
12-08 10:12:35.783  9674  9718 W DefaultFailureHandler: 	at org.junit.runners.ParentRunner.runChildren(ParentRunner.java:329)
12-08 10:12:35.783  9674  9718 W DefaultFailureHandler: 	at org.junit.runners.ParentRunner.access$100(ParentRunner.java:66)
12-08 10:12:35.783  9674  9718 W DefaultFailureHandler: 	at org.junit.runners.ParentRunner$2.evaluate(ParentRunner.java:293)
12-08 10:12:35.783  9674  9718 W DefaultFailureHandler: 	at org.junit.runners.ParentRunner$3.evaluate(ParentRunner.java:306)
12-08 10:12:35.783  9674  9718 W DefaultFailureHandler: 	at org.junit.runners.ParentRunner.run(ParentRunner.java:413)
12-08 10:12:35.783  9674  9718 W DefaultFailureHandler: 	at androidx.test.ext.junit.runners.AndroidJUnit4.run(AndroidJUnit4.java:162)
12-08 10:12:35.783  9674  9718 W DefaultFailureHandler: 	at io.qameta.allure.android.runners.AllureAndroidJUnit4.run(AllureAndroidJUnitRunners.kt:29)
12-08 10:12:35.783  9674  9718 W DefaultFailureHandler: 	at org.junit.runners.Suite.runChild(Suite.java:128)
12-08 10:12:35.783  9674  9718 W DefaultFailureHandler: 	at org.junit.runners.Suite.runChild(Suite.java:27)
12-08 10:12:35.783  9674  9718 W DefaultFailureHandler: 	at org.junit.runners.ParentRunner$4.run(ParentRunner.java:331)
12-08 10:12:35.783  9674  9718 W DefaultFailureHandler: 	at org.junit.runners.ParentRunner$1.schedule(ParentRunner.java:79)
12-08 10:12:35.783  9674  9718 W DefaultFailureHandler: 	at org.junit.runners.ParentRunner.runChildren(ParentRunner.java:329)
12-08 10:12:35.783  9674  9718 W DefaultFailureHandler: 	at org.junit.runners.ParentRunner.access$100(ParentRunner.java:66)
12-08 10:12:35.783  9674  9718 W DefaultFailureHandler: 	at org.junit.runners.ParentRunner$2.evaluate(ParentRunner.java:293)
12-08 10:12:35.783  9674  9718 W DefaultFailureHandler: 	at org.junit.runners.ParentRunner$3.evaluate(ParentRunner.java:306)
12-08 10:12:35.783  9674  9718 W DefaultFailureHandler: 	at org.junit.runners.ParentRunner.run(ParentRunner.java:413)
12-08 10:12:35.783  9674  9718 W DefaultFailureHandler: 	at org.junit.runner.JUnitCore.run(JUnitCore.java:137)
12-08 10:12:35.783  9674  9718 W DefaultFailureHandler: 	at org.junit.runner.JUnitCore.run(JUnitCore.java:115)
12-08 10:12:35.783  9674  9718 W DefaultFailureHandler: 	at androidx.test.internal.runner.TestExecutor.execute(TestExecutor.java:67)
12-08 10:12:35.783  9674  9718 W DefaultFailureHandler: 	at androidx.test.internal.runner.TestExecutor.execute(TestExecutor.java:58)
12-08 10:12:35.783  9674  9718 W DefaultFailureHandler: 	at androidx.test.runner.AndroidJUnitRunner.onStart(AndroidJUnitRunner.java:438)
12-08 10:12:35.783  9674  9718 W DefaultFailureHandler: 	at android.app.Instrumentation$InstrumentationThread.run(Instrumentation.java:2189)
12-08 10:12:35.783  9674  9718 W DefaultFailureHandler: Caused by: android.system.ErrnoException: open failed: EROFS (Read-only file system)
