--------- beginning of main
11-21 18:51:26.345  1322  1335 I teco.fmhandroi: NativeAlloc concurrent copying GC freed 10851(783KB) AllocSpace objects, 4(68KB) LOS objects, 49% free, 3256KB/6512KB, paused 380us total 141.198ms
11-21 18:51:26.368  2006  2032 W InputReader: Device has associated, but no associated display id.
11-21 18:51:26.369  2006  2032 I chatty  : uid=1000(system) android.anim identical 8 lines
11-21 18:51:26.369  2006  2032 W InputReader: Device has associated, but no associated display id.
11-21 18:51:26.393  7825  7875 D EGL_emulation: eglMakeCurrent: 0xe5ffa5c0: ver 2 0 (tinfo 0xda8dd010)
11-21 18:51:26.400  7825  7875 D EGL_emulation: eglMakeCurrent: 0xe5ffa5c0: ver 2 0 (tinfo 0xda8dd010)
11-21 18:51:26.408  2441  2951 D EGL_emulation: eglMakeCurrent: 0xdde1a480: ver 2 0 (tinfo 0xdde0f530)
11-21 18:51:26.411  2876  3288 D EGL_emulation: eglMakeCurrent: 0xdde1bb00: ver 2 0 (tinfo 0xdde0ff90)
11-21 18:51:26.429  1322  1322 D LifecycleMonitor: Lifecycle status change: ru.iteco.fmhandroid.ui.AppActivity@b42c81d in: STARTED
11-21 18:51:26.431  1322  1322 D LifecycleMonitor: Lifecycle status change: ru.iteco.fmhandroid.ui.AppActivity@b42c81d in: RESUMED
11-21 18:51:26.431  1322  1363 V FA      : Activity resumed, time: 841920638
11-21 18:51:26.511  1761  1761 D gralloc_ranchu: gralloc_alloc: Creating ashmem region of size 14749696
11-21 18:51:26.518  1761  1761 I chatty  : uid=1000(system) allocator@2.0-s identical 1 line
11-21 18:51:26.521  1761  1761 D gralloc_ranchu: gralloc_alloc: Creating ashmem region of size 14749696
11-21 18:51:26.538  1322  1388 D EGL_emulation: eglMakeCurrent: 0xdde1c1c0: ver 2 0 (tinfo 0xcd7b4040)
11-21 18:51:26.599  2006  2036 I ActivityTaskManager: Displayed ru.iteco.fmhandroid/.ui.AppActivity: +476ms
11-21 18:51:26.630  7825  7875 D EGL_emulation: eglMakeCurrent: 0xe5ffa5c0: ver 2 0 (tinfo 0xda8dd010)
11-21 18:51:26.648  2757  1377 V FA-SVC  : Logging event: origin=auto,name=screen_view(_vs),params=Bundle[{ga_event_origin(_o)=auto, ga_previous_class(_pc)=AppActivity, ga_previous_id(_pi)=-3797736664109286975, ga_screen_class(_sc)=AppActivity, ga_screen_id(_si)=-3797736664109286974}]
11-21 18:51:26.709  2006  2899 W InputReader: Device has associated, but no associated display id.
11-21 18:51:26.709  2006  2899 I chatty  : uid=1000(system) Binder:2006_9 identical 8 lines
11-21 18:51:26.709  2006  2899 W InputReader: Device has associated, but no associated display id.
11-21 18:51:26.720  2757  1377 V FA-SVC  : Upload scheduled in approximately ms: 3587949
11-21 18:51:26.720  2757  1377 V FA-SVC  : Unscheduling upload
11-21 18:51:26.720  1322  1322 D LifecycleMonitor: Lifecycle status change: ru.iteco.fmhandroid.ui.AppActivity@b42c81d in: PAUSED
11-21 18:51:26.723  2006  2277 W InputReader: Device has associated, but no associated display id.
--------- beginning of system
11-21 18:51:26.730  2006  2899 I ActivityTaskManager: Activity reported stop, but no longer stopping: ActivityRecord{5fbaf61 u0 com.google.android.apps.nexuslauncher/.NexusLauncherActivity t1123}
11-21 18:51:26.723  2006  2277 I chatty  : uid=1000(system) Binder:2006_5 identical 8 lines
11-21 18:51:26.723  2006  2277 W InputReader: Device has associated, but no associated display id.
11-21 18:51:26.741  7825  7875 D EGL_emulation: eglMakeCurrent: 0xe5ffa5c0: ver 2 0 (tinfo 0xda8dd010)
11-21 18:51:26.745  1322  1363 V FA      : Screen exposed for less than 1000 ms. Event not sent. time: 290
11-21 18:51:26.746  2876  1431 I PBSessionCacheImpl: Deleted sessionId[360287841318] from persistence.
11-21 18:51:26.765  1322  1363 V FA      : Activity paused, time: 841920929
11-21 18:51:26.767  2876  3118 W SearchServiceCore: Abort, client detached.
11-21 18:51:26.775  1761  1761 D gralloc_ranchu: gralloc_alloc: Creating ashmem region of size 14749696
11-21 18:51:26.786  2757  1377 V FA-SVC  : Scheduling upload, millis: 3587949
11-21 18:51:26.787  2006  2926 W InputReader: Device has associated, but no associated display id.
11-21 18:51:26.788  2006  2926 I chatty  : uid=1000(system) Binder:2006_B identical 8 lines
11-21 18:51:26.788  2006  2926 W InputReader: Device has associated, but no associated display id.
11-21 18:51:26.790  2876  3288 D EGL_emulation: eglMakeCurrent: 0xdde1bb00: ver 2 0 (tinfo 0xdde0ff90)
11-21 18:51:26.791  1761  2617 D gralloc_ranchu: gralloc_alloc: Creating ashmem region of size 9441280
11-21 18:51:26.793  1761  1761 D gralloc_ranchu: gralloc_alloc: Creating ashmem region of size 14749696
11-21 18:51:26.803  1761  1761 I chatty  : uid=1000(system) allocator@2.0-s identical 1 line
11-21 18:51:26.835  1761  1761 D gralloc_ranchu: gralloc_alloc: Creating ashmem region of size 14749696
11-21 18:51:26.841  1761  2617 D gralloc_ranchu: gralloc_alloc: Creating ashmem region of size 14749696
11-21 18:51:26.843  1761  2617 D gralloc_ranchu: gralloc_alloc: Creating ashmem region of size 14749696
11-21 18:51:26.846  2441  2951 D EGL_emulation: eglMakeCurrent: 0xdde1a480: ver 2 0 (tinfo 0xdde0f530)
11-21 18:51:26.847  7825  7875 D EGL_emulation: eglMakeCurrent: 0xe5ffa5c0: ver 2 0 (tinfo 0xda8dd010)
11-21 18:51:26.880  1761  1761 D gralloc_ranchu: gralloc_alloc: Creating ashmem region of size 14749696
11-21 18:51:26.882  7825  7875 D EGL_emulation: eglMakeCurrent: 0xe5ffa5c0: ver 2 0 (tinfo 0xda8dd010)
11-21 18:51:26.892  2006  6581 D HostConnection: HostConnection::get() New Host Connection established 0xdde553f0, tid 6581
11-21 18:51:26.893  2006  6581 D HostConnection: HostComposition ext ANDROID_EMU_CHECKSUM_HELPER_v1 ANDROID_EMU_dma_v1 ANDROID_EMU_direct_mem ANDROID_EMU_host_composition_v1 ANDROID_EMU_host_composition_v2 ANDROID_EMU_vulkan ANDROID_EMU_deferred_vulkan_commands ANDROID_EMU_vulkan_null_optional_strings ANDROID_EMU_vulkan_create_resources_with_requirements ANDROID_EMU_YUV_Cache ANDROID_EMU_vulkan_ignored_handles ANDROID_EMU_vulkan_free_memory_sync ANDROID_EMU_vulkan_shader_float16_int8 ANDROID_EMU_vulkan_async_queue_submit ANDROID_EMU_sync_buffer_data GL_OES_vertex_array_object GL_KHR_texture_compression_astc_ldr ANDROID_EMU_host_side_tracing ANDROID_EMU_gles_max_version_2 
11-21 18:51:26.904  2006  6581 W OpenGLRenderer: Failed to choose config with EGL_SWAP_BEHAVIOR_PRESERVED, retrying without...
11-21 18:51:26.965  2006  6581 D EGL_emulation: eglCreateContext: 0xdde1c3a0: maj 2 min 0 rcv 2
11-21 18:51:26.970  1775  1775 E Layer   : [Surface(name=AppWindowToken{cf95f47 token=Token{19f6a86 ActivityRecord{5fbaf61 u0 com.google.android.apps.nexuslauncher/.NexusLauncherActivity t1123}}})/@0xb8f158b - animation-leash#0] No local sync point found
11-21 18:51:26.970  1775  1775 E Layer   : [Surface(name=AppWindowToken{2e87f47 token=Token{b570a86 ActivityRecord{b4dcf61 u0 ru.iteco.fmhandroid/.ui.AppActivity t2501}}})/@0x28b210e - animation-leash#0] No local sync point found
11-21 18:51:26.971  2006  6581 D EGL_emulation: eglMakeCurrent: 0xdde1c3a0: ver 2 0 (tinfo 0xb180ad60)
11-21 18:51:27.002  2757  1377 V FA-SVC  : Background event processing time, ms: 355
11-21 18:51:27.014  2006  2006 W system_server: Long monitor contention with owner Binder:2006_6 (2322) at void com.android.server.am.ActivityManagerService.finishReceiver(android.os.IBinder, int, java.lang.String, android.os.Bundle, boolean, int)(ActivityManagerService.java:15663) waiters=5 in int com.android.server.am.ActivityManagerService.bindIsolatedService(android.app.IApplicationThread, android.os.IBinder, android.content.Intent, java.lang.String, android.app.IServiceConnection, int, java.lang.String, java.lang.String, int) for 124ms
11-21 18:51:27.032  1322  1388 D EGL_emulation: eglMakeCurrent: 0xdde1c1c0: ver 2 0 (tinfo 0xcd7b4040)
11-21 18:51:27.035  2006  2006 W ActivityManager: Unable to start service Intent { act=android.service.appprediction.AppPredictionService cmp=com.google.android.as/com.google.android.apps.miphone.aiai.app.AiAiPredictionService } U=0: not found
11-21 18:51:27.035  2006  2006 W RemoteAppPredictionService: could not bind to Intent { act=android.service.appprediction.AppPredictionService cmp=com.google.android.as/com.google.android.apps.miphone.aiai.app.AiAiPredictionService } using flags 67108865
11-21 18:51:27.035  2006  2006 W Looper  : Slow dispatch took 146ms main h=android.os.Handler c=<recycled PooledLambda@6c1d023> m=0
11-21 18:51:27.041  1322  1322 D LifecycleMonitor: Lifecycle status change: ru.iteco.fmhandroid.ui.AppActivity@b42c81d in: STOPPED
11-21 18:51:27.042  2876  3118 W SessionLifecycleManager: Handover failed. Creating new session controller.
11-21 18:51:27.077  1322  1322 D LifecycleMonitor: Lifecycle status change: ru.iteco.fmhandroid.ui.AppActivity@b42c81d in: DESTROYED
11-21 18:51:27.118  1322  1335 I teco.fmhandroi: NativeAlloc concurrent copying GC freed 7528(634KB) AllocSpace objects, 11(624KB) LOS objects, 49% free, 3294KB/6588KB, paused 1.190ms total 125.128ms
11-21 18:51:27.126  2441  2461 W System  : A resource failed to call release. 
11-21 18:51:27.126  2441  2461 W System  : A resource failed to call release. 
11-21 18:51:27.139  7825  7838 I ndroid.systemu: NativeAlloc concurrent copying GC freed 1776(149KB) AllocSpace objects, 0(0B) LOS objects, 49% free, 5610KB/10MB, paused 1.186ms total 122.486ms
11-21 18:51:27.162  2876  3118 I MicroDetectionWorker: #startMicroDetector [speakerMode: 0]
11-21 18:51:27.164  2876  3118 W ErrorReporter: reportError [type: 211, code: 393244, bug: 0]: errorCode: 393244, engine: 0
11-21 18:51:27.165  2876  3118 I MicroDetector: Keeping mic open: false
11-21 18:51:27.165  2876  3118 I MicroDetectionWorker: #onError(false)
11-21 18:51:27.185  2580   837 E SQLiteDatabase: Error inserting flex_time=3587000 job_id=-1 period=7176000 source=16 requires_charging=0 preferred_network_type=1 target_class=com.google.android.gms.measurement.PackageMeasurementTaskService user_id=0 target_package=com.google.android.gms tag=Measurement.PackageMeasurementTaskService.UPLOAD_TASK_TAG task_type=0 required_idleness_state=0 service_kind=0 source_version=202414000 persistence_level=1 preferred_charging_state=1 required_network_type=0 runtime=1669045887098 retry_strategy={"maximum_backoff_seconds":{"3600":0},"initial_backoff_seconds":{"30":0},"retry_policy":{"0":0}} last_runtime=0
11-21 18:51:27.185  2580   837 E SQLiteDatabase: android.database.sqlite.SQLiteConstraintException: UNIQUE constraint failed: pending_ops.tag, pending_ops.target_class, pending_ops.target_package, pending_ops.user_id (code 2067 SQLITE_CONSTRAINT_UNIQUE)
11-21 18:51:27.185  2580   837 E SQLiteDatabase: 	at android.database.sqlite.SQLiteConnection.nativeExecuteForLastInsertedRowId(Native Method)
11-21 18:51:27.185  2580   837 E SQLiteDatabase: 	at android.database.sqlite.SQLiteConnection.executeForLastInsertedRowId(SQLiteConnection.java:879)
11-21 18:51:27.185  2580   837 E SQLiteDatabase: 	at android.database.sqlite.SQLiteSession.executeForLastInsertedRowId(SQLiteSession.java:790)
11-21 18:51:27.185  2580   837 E SQLiteDatabase: 	at android.database.sqlite.SQLiteStatement.executeInsert(SQLiteStatement.java:88)
11-21 18:51:27.185  2580   837 E SQLiteDatabase: 	at android.database.sqlite.SQLiteDatabase.insertWithOnConflict(SQLiteDatabase.java:1599)
11-21 18:51:27.185  2580   837 E SQLiteDatabase: 	at android.database.sqlite.SQLiteDatabase.insert(SQLiteDatabase.java:1468)
11-21 18:51:27.185  2580   837 E SQLiteDatabase: 	at aqui.a(:com.google.android.gms@202414022@20.24.14 (040700-319035315):175)
11-21 18:51:27.185  2580   837 E SQLiteDatabase: 	at aqtk.a(:com.google.android.gms@202414022@20.24.14 (040700-319035315):182)
11-21 18:51:27.185  2580   837 E SQLiteDatabase: 	at aqtk.a(:com.google.android.gms@202414022@20.24.14 (040700-319035315):23)
11-21 18:51:27.185  2580   837 E SQLiteDatabase: 	at aqtk.a(:com.google.android.gms@202414022@20.24.14 (040700-319035315):177)
11-21 18:51:27.185  2580   837 E SQLiteDatabase: 	at aqpu.run(:com.google.android.gms@202414022@20.24.14 (040700-319035315):9)
11-21 18:51:27.185  2580   837 E SQLiteDatabase: 	at soy.b(:com.google.android.gms@202414022@20.24.14 (040700-319035315):12)
11-21 18:51:27.185  2580   837 E SQLiteDatabase: 	at soy.run(:com.google.android.gms@202414022@20.24.14 (040700-319035315):7)
11-21 18:51:27.185  2580   837 E SQLiteDatabase: 	at java.util.concurrent.ThreadPoolExecutor.runWorker(ThreadPoolExecutor.java:1167)
11-21 18:51:27.185  2580   837 E SQLiteDatabase: 	at java.util.concurrent.ThreadPoolExecutor$Worker.run(ThreadPoolExecutor.java:641)
11-21 18:51:27.185  2580   837 E SQLiteDatabase: 	at sux.run(:com.google.android.gms@202414022@20.24.14 (040700-319035315):0)
11-21 18:51:27.185  2580   837 E SQLiteDatabase: 	at java.lang.Thread.run(Thread.java:919)
11-21 18:51:27.621  1761  1761 D gralloc_ranchu: gralloc_alloc: Creating ashmem region of size 14749696
11-21 18:51:27.980  1322  1374 E TestRunner: failed: shouldNotCreateNews(ru.iteco.fmhandroid.ui.NewsCreationFormTest)
11-21 18:51:27.980  1322  1374 E TestRunner: ----- begin exception -----
11-21 18:51:27.980  1322  1374 E TestRunner: java.lang.RuntimeException: java.io.IOException: Cannot run program "adb": error=13, Permission denied
11-21 18:51:27.980  1322  1374 E TestRunner: 	at ru.iteco.fmhandroid.ui.data.DeviceHelper.executeBash(DeviceHelper.java:20)
11-21 18:51:27.980  1322  1374 E TestRunner: 	at ru.iteco.fmhandroid.ui.BaseTest.disableAnimationOnEmulator(BaseTest.java:43)
11-21 18:51:27.980  1322  1374 E TestRunner: 	at ru.iteco.fmhandroid.ui.BaseTest.beforeEachTest(BaseTest.java:50)
11-21 18:51:27.980  1322  1374 E TestRunner: 	at java.lang.reflect.Method.invoke(Native Method)
11-21 18:51:27.980  1322  1374 E TestRunner: 	at org.junit.runners.model.FrameworkMethod$1.runReflectiveCall(FrameworkMethod.java:59)
11-21 18:51:27.980  1322  1374 E TestRunner: 	at org.junit.internal.runners.model.ReflectiveCallable.run(ReflectiveCallable.java:12)
11-21 18:51:27.980  1322  1374 E TestRunner: 	at org.junit.runners.model.FrameworkMethod.invokeExplosively(FrameworkMethod.java:56)
11-21 18:51:27.980  1322  1374 E TestRunner: 	at androidx.test.internal.runner.junit4.statement.RunBefores.evaluate(RunBefores.java:76)
11-21 18:51:27.980  1322  1374 E TestRunner: 	at androidx.test.rule.ActivityTestRule$ActivityStatement.evaluate(ActivityTestRule.java:543)
11-21 18:51:27.980  1322  1374 E TestRunner: 	at io.qameta.allure.android.rules.LogcatRule$apply$1.evaluate(LogcatRule.kt:23)
11-21 18:51:27.980  1322  1374 E TestRunner: 	at io.qameta.allure.android.rules.ScreenshotRule$apply$1.evaluate(ScreenshotRule.kt:22)
11-21 18:51:27.980  1322  1374 E TestRunner: 	at io.qameta.allure.android.rules.ScreenshotRule$apply$1.evaluate(ScreenshotRule.kt:22)
11-21 18:51:27.980  1322  1374 E TestRunner: 	at org.junit.rules.RunRules.evaluate(RunRules.java:20)
11-21 18:51:27.980  1322  1374 E TestRunner: 	at org.junit.runners.ParentRunner$3.evaluate(ParentRunner.java:306)
11-21 18:51:27.980  1322  1374 E TestRunner: 	at org.junit.runners.BlockJUnit4ClassRunner$1.evaluate(BlockJUnit4ClassRunner.java:100)
11-21 18:51:27.980  1322  1374 E TestRunner: 	at org.junit.runners.ParentRunner.runLeaf(ParentRunner.java:366)
11-21 18:51:27.980  1322  1374 E TestRunner: 	at org.junit.runners.BlockJUnit4ClassRunner.runChild(BlockJUnit4ClassRunner.java:103)
11-21 18:51:27.980  1322  1374 E TestRunner: 	at org.junit.runners.BlockJUnit4ClassRunner.runChild(BlockJUnit4ClassRunner.java:63)
11-21 18:51:27.980  1322  1374 E TestRunner: 	at org.junit.runners.ParentRunner$4.run(ParentRunner.java:331)
11-21 18:51:27.980  1322  1374 E TestRunner: 	at org.junit.runners.ParentRunner$1.schedule(ParentRunner.java:79)
11-21 18:51:27.980  1322  1374 E TestRunner: 	at org.junit.runners.ParentRunner.runChildren(ParentRunner.java:329)
11-21 18:51:27.980  1322  1374 E TestRunner: 	at org.junit.runners.ParentRunner.access$100(ParentRunner.java:66)
11-21 18:51:27.980  1322  1374 E TestRunner: 	at org.junit.runners.ParentRunner$2.evaluate(ParentRunner.java:293)
11-21 18:51:27.980  1322  1374 E TestRunner: 	at org.junit.runners.ParentRunner$3.evaluate(ParentRunner.java:306)
11-21 18:51:27.980  1322  1374 E TestRunner: 	at org.junit.runners.ParentRunner.run(ParentRunner.java:413)
11-21 18:51:27.980  1322  1374 E TestRunner: 	at androidx.test.ext.junit.runners.AndroidJUnit4.run(AndroidJUnit4.java:162)
11-21 18:51:27.980  1322  1374 E TestRunner: 	at io.qameta.allure.android.runners.AllureAndroidJUnit4.run(AllureAndroidJUnitRunners.kt:29)
11-21 18:51:27.980  1322  1374 E TestRunner: 	at org.junit.runners.Suite.runChild(Suite.java:128)
11-21 18:51:27.980  1322  1374 E TestRunner: 	at org.junit.runners.Suite.runChild(Suite.java:27)
11-21 18:51:27.980  1322  1374 E TestRunner: 	at org.junit.runners.ParentRunner$4.run(ParentRunner.java:331)
11-21 18:51:27.980  1322  1374 E TestRunner: 	at org.junit.runners.ParentRunner$1.schedule(ParentRunner.java:79)
11-21 18:51:27.980  1322  1374 E TestRunner: 	at org.junit.runners.ParentRunner.runChildren(ParentRunner.java:329)
11-21 18:51:27.980  1322  1374 E TestRunner: 	at org.junit.runners.ParentRunner.access$100(ParentRunner.java:66)
11-21 18:51:27.980  1322  1374 E TestRunner: 	at org.junit.runners.ParentRunner$2.evaluate(ParentRunner.java:293)
11-21 18:51:27.980  1322  1374 E TestRunner: 	at org.junit.runners.ParentRunner$3.evaluate(ParentRunner.java:306)
11-21 18:51:27.980  1322  1374 E TestRunner: 	at org.junit.runners.ParentRunner.run(ParentRunner.java:413)
11-21 18:51:27.980  1322  1374 E TestRunner: 	at org.junit.runner.JUnitCore.run(JUnitCore.java:137)
11-21 18:51:27.980  1322  1374 E TestRunner: 	at org.junit.runner.JUnitCore.run(JUnitCore.java:115)
11-21 18:51:27.980  1322  1374 E TestRunner: 	at androidx.test.internal.runner.TestExecutor.execute(TestExecutor.java:67)
11-21 18:51:27.980  1322  1374 E TestRunner: 	at androidx.test.internal.runner.TestExecutor.execute(TestExecutor.java:58)
11-21 18:51:27.980  1322  1374 E TestRunner: 	at androidx.test.runner.AndroidJUnitRunner.onStart(AndroidJUnitRunner.java:438)
11-21 18:51:27.980  1322  1374 E TestRunner: 	at android.app.Instrumentation$InstrumentationThread.run(Instrumentation.java:2189)
11-21 18:51:27.980  1322  1374 E TestRunner: Caused by: java.io.IOException: Cannot run program "adb": error=13, Permission denied
11-21 18:51:27.980  1322  1374 E TestRunner: 	at java.lang.ProcessBuilder.start(ProcessBuilder.java:1050)
11-21 18:51:27.980  1322  1374 E TestRunner: 	at java.lang.Runtime.exec(Runtime.java:698)
11-21 18:51:27.980  1322  1374 E TestRunner: 	at java.lang.Runtime.exec(Runtime.java:528)
11-21 18:51:27.980  1322  1374 E TestRunner: 	at java.lang.Runtime.exec(Runtime.java:425)
11-21 18:51:27.980  1322  1374 E TestRunner: 	at ru.iteco.fmhandroid.ui.data.DeviceHelper.executeBash(DeviceHelper.java:18)
11-21 18:51:27.980  1322  1374 E TestRunner: 	... 41 more
11-21 18:51:27.980  1322  1374 E TestRunner: Caused by: java.io.IOException: error=13, Permission denied
11-21 18:51:27.980  1322  1374 E TestRunner: 	at java.lang.UNIXProcess.forkAndExec(Native Method)
11-21 18:51:27.980  1322  1374 E TestRunner: 	at java.lang.UNIXProcess.<init>(UNIXProcess.java:133)
11-21 18:51:27.980  1322  1374 E TestRunner: 	at java.lang.ProcessImpl.start(ProcessImpl.java:141)
11-21 18:51:27.980  1322  1374 E TestRunner: 	at java.lang.ProcessBuilder.start(ProcessBuilder.java:1029)
11-21 18:51:27.980  1322  1374 E TestRunner: 	... 45 more
11-21 18:51:27.980  1322  1374 E TestRunner: ----- end exception -----
11-21 18:51:27.983  1322  1374 I TestRunner: finished: shouldNotCreateNews(ru.iteco.fmhandroid.ui.NewsCreationFormTest)
11-21 18:51:27.999  1322  1374 I TestRunner: started: shouldShowWarningMessageNewsDescriptionFieldIsIncorrect(ru.iteco.fmhandroid.ui.NewsCreationFormTest)
11-21 18:51:28.025  1322  1374 W ActivityTestRule: getActivityIntent() returned null using default: Intent(Intent.ACTION_MAIN)
11-21 18:51:28.028  2006  2925 I ActivityTaskManager: START u0 {act=android.intent.action.MAIN flg=0x10000000 cmp=ru.iteco.fmhandroid/.ui.AppActivity} from uid 10153
11-21 18:51:28.039  2006  2106 W InputReader: Device has associated, but no associated display id.
11-21 18:51:28.040  2006  2106 I chatty  : uid=1000(system) Binder:2006_3 identical 28 lines
11-21 18:51:28.040  2006  2106 W InputReader: Device has associated, but no associated display id.
11-21 18:51:28.041  1322  1322 W ActivityThread: handleWindowVisibility: no activity for token android.os.BinderProxy@dde0d41
11-21 18:51:28.041  2006  2106 W InputReader: Device has associated, but no associated display id.
11-21 18:51:28.042  2006  2106 I chatty  : uid=1000(system) Binder:2006_3 identical 8 lines
11-21 18:51:28.042  2006  2106 W InputReader: Device has associated, but no associated display id.
11-21 18:51:28.066  1322  1322 D LifecycleMonitor: Lifecycle status change: ru.iteco.fmhandroid.ui.AppActivity@83d3c7d in: PRE_ON_CREATE
11-21 18:51:28.071  1322  1356 V FA      : onActivityCreated
11-21 18:51:28.077  1761  1761 D gralloc_ranchu: gralloc_alloc: Creating ashmem region of size 14749696
11-21 18:51:28.105  1322  1322 D LifecycleMonitor: Lifecycle status change: ru.iteco.fmhandroid.ui.AppActivity@83d3c7d in: CREATED
11-21 18:51:28.144  1322  1322 D LifecycleMonitor: Lifecycle status change: ru.iteco.fmhandroid.ui.AppActivity@83d3c7d in: STARTED
11-21 18:51:28.145  1322  1322 D LifecycleMonitor: Lifecycle status change: ru.iteco.fmhandroid.ui.AppActivity@83d3c7d in: RESUMED
11-21 18:51:28.146  2006  2032 W InputReader: Device has associated, but no associated display id.
11-21 18:51:28.146  2006  2032 I chatty  : uid=1000(system) android.anim identical 8 lines
11-21 18:51:28.146  2006  2032 W InputReader: Device has associated, but no associated display id.
11-21 18:51:28.147  1322  1363 V FA      : Activity resumed, time: 841922354
11-21 18:51:28.157  7825  7875 D EGL_emulation: eglMakeCurrent: 0xe5ffa5c0: ver 2 0 (tinfo 0xda8dd010)
11-21 18:51:28.167  7825  7875 D EGL_emulation: eglMakeCurrent: 0xe5ffa5c0: ver 2 0 (tinfo 0xda8dd010)
11-21 18:51:28.185  2876  3288 D EGL_emulation: eglMakeCurrent: 0xdde1bb00: ver 2 0 (tinfo 0xdde0ff90)
11-21 18:51:28.189  2441  2951 D EGL_emulation: eglMakeCurrent: 0xdde1a480: ver 2 0 (tinfo 0xdde0f530)
11-21 18:51:28.202  1761  1761 D gralloc_ranchu: gralloc_alloc: Creating ashmem region of size 14749696
11-21 18:51:28.213  1761  1761 D gralloc_ranchu: gralloc_alloc: Creating ashmem region of size 14749696
11-21 18:51:28.215  1761  2617 D gralloc_ranchu: gralloc_alloc: Creating ashmem region of size 14749696
11-21 18:51:28.229  1322  1388 D EGL_emulation: eglMakeCurrent: 0xdde1c1c0: ver 2 0 (tinfo 0xcd7b4040)
11-21 18:51:28.245  7825  7875 D EGL_emulation: eglMakeCurrent: 0xe5ffa5c0: ver 2 0 (tinfo 0xda8dd010)
11-21 18:51:28.265  1761  2617 D gralloc_ranchu: gralloc_alloc: Creating ashmem region of size 14749696
11-21 18:51:28.301  2006  2036 I ActivityTaskManager: Displayed ru.iteco.fmhandroid/.ui.AppActivity: +268ms
11-21 18:51:28.315  2757  1377 V FA-SVC  : Logging event: origin=auto,name=screen_view(_vs),params=Bundle[{ga_event_origin(_o)=auto, ga_previous_class(_pc)=AppActivity, ga_previous_id(_pi)=-3797736664109286974, ga_screen_class(_sc)=AppActivity, ga_screen_id(_si)=-3797736664109286973}]
11-21 18:51:28.337  2757  1377 V FA-SVC  : Upload scheduled in approximately ms: 3586332
11-21 18:51:28.337  2757  1377 V FA-SVC  : Unscheduling upload
11-21 18:51:28.342  2006  2106 W InputReader: Device has associated, but no associated display id.
11-21 18:51:28.342  2006  2106 I chatty  : uid=1000(system) Binder:2006_3 identical 8 lines
11-21 18:51:28.342  2006  2106 W InputReader: Device has associated, but no associated display id.
11-21 18:51:28.356  1322  1322 D LifecycleMonitor: Lifecycle status change: ru.iteco.fmhandroid.ui.AppActivity@83d3c7d in: PAUSED
11-21 18:51:28.361  2006  2925 W InputReader: Device has associated, but no associated display id.
11-21 18:51:28.362  2006  2925 I chatty  : uid=1000(system) Binder:2006_A identical 8 lines
11-21 18:51:28.362  2006  2925 W InputReader: Device has associated, but no associated display id.
11-21 18:51:28.366  1322  1363 V FA      : Screen exposed for less than 1000 ms. Event not sent. time: 208
11-21 18:51:28.376  1322  1363 V FA      : Activity paused, time: 841922569
11-21 18:51:28.392  2876  1431 I PBSessionCacheImpl: Deleted sessionId[360287841319] from persistence.
11-21 18:51:28.401  1761  2617 D gralloc_ranchu: gralloc_alloc: Creating ashmem region of size 14749696
11-21 18:51:28.414  1761  2617 D gralloc_ranchu: gralloc_alloc: Creating ashmem region of size 14749696
11-21 18:51:28.429  2876  3288 D EGL_emulation: eglMakeCurrent: 0xdde1bb00: ver 2 0 (tinfo 0xdde0ff90)
11-21 18:51:28.435  1761  1761 D gralloc_ranchu: gralloc_alloc: Creating ashmem region of size 14749696
11-21 18:51:28.438  2006  2006 W ActivityManager: Unable to start service Intent { act=android.service.appprediction.AppPredictionService cmp=com.google.android.as/com.google.android.apps.miphone.aiai.app.AiAiPredictionService } U=0: not found
11-21 18:51:28.438  2006  2006 W RemoteAppPredictionService: could not bind to Intent { act=android.service.appprediction.AppPredictionService cmp=com.google.android.as/com.google.android.apps.miphone.aiai.app.AiAiPredictionService } using flags 67108865
11-21 18:51:28.458  1761  1761 D gralloc_ranchu: gralloc_alloc: Creating ashmem region of size 14749696
11-21 18:51:28.467  2441  2951 D EGL_emulation: eglMakeCurrent: 0xdde1a480: ver 2 0 (tinfo 0xdde0f530)
11-21 18:51:28.481  1761  1761 D gralloc_ranchu: gralloc_alloc: Creating ashmem region of size 14749696
11-21 18:51:28.486  2876  3118 W SearchServiceCore: Abort, client detached.
11-21 18:51:28.502  1761  1761 D gralloc_ranchu: gralloc_alloc: Creating ashmem region of size 14749696
11-21 18:51:28.507  2757  1377 V FA-SVC  : Scheduling upload, millis: 3586332
11-21 18:51:28.516  2006  2032 W InputReader: Device has associated, but no associated display id.
11-21 18:51:28.516  2006  2032 I chatty  : uid=1000(system) android.anim identical 8 lines
11-21 18:51:28.517  2006  2032 W InputReader: Device has associated, but no associated display id.
11-21 18:51:28.526  1761  1761 D gralloc_ranchu: gralloc_alloc: Creating ashmem region of size 9441280
11-21 18:51:28.534  7825  7875 D EGL_emulation: eglMakeCurrent: 0xe5ffa5c0: ver 2 0 (tinfo 0xda8dd010)
11-21 18:51:28.559  1322  1388 D EGL_emulation: eglMakeCurrent: 0xdde1c1c0: ver 2 0 (tinfo 0xcd7b4040)
11-21 18:51:28.560  7825  7875 D EGL_emulation: eglMakeCurrent: 0xe5ffa5c0: ver 2 0 (tinfo 0xda8dd010)
11-21 18:51:28.563  2757  1377 V FA-SVC  : Background event processing time, ms: 247
11-21 18:51:28.586  2006  6581 D HostConnection: HostConnection::get() New Host Connection established 0xdde553f0, tid 6581
11-21 18:51:28.587  7825  7875 D EGL_emulation: eglMakeCurrent: 0xe5ffa5c0: ver 2 0 (tinfo 0xda8dd010)
11-21 18:51:28.588  2006  6581 D HostConnection: HostComposition ext ANDROID_EMU_CHECKSUM_HELPER_v1 ANDROID_EMU_dma_v1 ANDROID_EMU_direct_mem ANDROID_EMU_host_composition_v1 ANDROID_EMU_host_composition_v2 ANDROID_EMU_vulkan ANDROID_EMU_deferred_vulkan_commands ANDROID_EMU_vulkan_null_optional_strings ANDROID_EMU_vulkan_create_resources_with_requirements ANDROID_EMU_YUV_Cache ANDROID_EMU_vulkan_ignored_handles ANDROID_EMU_vulkan_free_memory_sync ANDROID_EMU_vulkan_shader_float16_int8 ANDROID_EMU_vulkan_async_queue_submit ANDROID_EMU_sync_buffer_data GL_OES_vertex_array_object GL_KHR_texture_compression_astc_ldr ANDROID_EMU_host_side_tracing ANDROID_EMU_gles_max_version_2 
11-21 18:51:28.590  2006  6581 W OpenGLRenderer: Failed to choose config with EGL_SWAP_BEHAVIOR_PRESERVED, retrying without...
11-21 18:51:28.595  1761  1761 D gralloc_ranchu: gralloc_alloc: Creating ashmem region of size 14749696
11-21 18:51:28.598  2580   837 E SQLiteDatabase: Error inserting flex_time=3586000 job_id=-1 period=7173000 source=16 requires_charging=0 preferred_network_type=1 target_class=com.google.android.gms.measurement.PackageMeasurementTaskService user_id=0 target_package=com.google.android.gms tag=Measurement.PackageMeasurementTaskService.UPLOAD_TASK_TAG task_type=0 required_idleness_state=0 service_kind=0 source_version=202414000 persistence_level=1 preferred_charging_state=1 required_network_type=0 runtime=1669045888597 retry_strategy={"maximum_backoff_seconds":{"3600":0},"initial_backoff_seconds":{"30":0},"retry_policy":{"0":0}} last_runtime=0
11-21 18:51:28.598  2580   837 E SQLiteDatabase: android.database.sqlite.SQLiteConstraintException: UNIQUE constraint failed: pending_ops.tag, pending_ops.target_class, pending_ops.target_package, pending_ops.user_id (code 2067 SQLITE_CONSTRAINT_UNIQUE)
11-21 18:51:28.598  2580   837 E SQLiteDatabase: 	at android.database.sqlite.SQLiteConnection.nativeExecuteForLastInsertedRowId(Native Method)
11-21 18:51:28.598  2580   837 E SQLiteDatabase: 	at android.database.sqlite.SQLiteConnection.executeForLastInsertedRowId(SQLiteConnection.java:879)
11-21 18:51:28.598  2580   837 E SQLiteDatabase: 	at android.database.sqlite.SQLiteSession.executeForLastInsertedRowId(SQLiteSession.java:790)
11-21 18:51:28.598  2580   837 E SQLiteDatabase: 	at android.database.sqlite.SQLiteStatement.executeInsert(SQLiteStatement.java:88)
11-21 18:51:28.598  2580   837 E SQLiteDatabase: 	at android.database.sqlite.SQLiteDatabase.insertWithOnConflict(SQLiteDatabase.java:1599)
11-21 18:51:28.598  2580   837 E SQLiteDatabase: 	at android.database.sqlite.SQLiteDatabase.insert(SQLiteDatabase.java:1468)
11-21 18:51:28.598  2580   837 E SQLiteDatabase: 	at aqui.a(:com.google.android.gms@202414022@20.24.14 (040700-319035315):175)
11-21 18:51:28.598  2580   837 E SQLiteDatabase: 	at aqtk.a(:com.google.android.gms@202414022@20.24.14 (040700-319035315):182)
11-21 18:51:28.598  2580   837 E SQLiteDatabase: 	at aqtk.a(:com.google.android.gms@202414022@20.24.14 (040700-319035315):23)
11-21 18:51:28.598  2580   837 E SQLiteDatabase: 	at aqtk.a(:com.google.android.gms@202414022@20.24.14 (040700-319035315):177)
11-21 18:51:28.598  2580   837 E SQLiteDatabase: 	at aqpu.run(:com.google.android.gms@202414022@20.24.14 (040700-319035315):9)
11-21 18:51:28.598  2580   837 E SQLiteDatabase: 	at soy.b(:com.google.android.gms@202414022@20.24.14 (040700-319035315):12)
11-21 18:51:28.598  2580   837 E SQLiteDatabase: 	at soy.run(:com.google.android.gms@202414022@20.24.14 (040700-319035315):7)
11-21 18:51:28.598  2580   837 E SQLiteDatabase: 	at java.util.concurrent.ThreadPoolExecutor.runWorker(ThreadPoolExecutor.java:1167)
11-21 18:51:28.598  2580   837 E SQLiteDatabase: 	at java.util.concurrent.ThreadPoolExecutor$Worker.run(ThreadPoolExecutor.java:641)
11-21 18:51:28.598  2580   837 E SQLiteDatabase: 	at sux.run(:com.google.android.gms@202414022@20.24.14 (040700-319035315):0)
11-21 18:51:28.598  2580   837 E SQLiteDatabase: 	at java.lang.Thread.run(Thread.java:919)
11-21 18:51:28.599  2876  3118 W SessionLifecycleManager: Handover failed. Creating new session controller.
11-21 18:51:28.605  2876   799 W ThreadPoolDumper: Queue length for executor EventBus is now 11. Perhaps some tasks are too long, or the pool is too small.
11-21 18:51:28.606  1322  1322 D LifecycleMonitor: Lifecycle status change: ru.iteco.fmhandroid.ui.AppActivity@83d3c7d in: STOPPED
11-21 18:51:28.615  1322  1322 D LifecycleMonitor: Lifecycle status change: ru.iteco.fmhandroid.ui.AppActivity@83d3c7d in: DESTROYED
11-21 18:51:28.622  1775  1775 E Layer   : [Surface(name=AppWindowToken{ee600d0 token=Token{644e893 ActivityRecord{3615982 u0 ru.iteco.fmhandroid/.ui.AppActivity t2502}}})/@0xa7798fb - animation-leash#0] No local sync point found
11-21 18:51:28.622  2006  6581 D EGL_emulation: eglCreateContext: 0xdde1af60: maj 2 min 0 rcv 2
11-21 18:51:28.623  1775  1775 E Layer   : [Surface(name=AppWindowToken{cf95f47 token=Token{19f6a86 ActivityRecord{5fbaf61 u0 com.google.android.apps.nexuslauncher/.NexusLauncherActivity t1123}}})/@0xb8f158b - animation-leash#0] No local sync point found
11-21 18:51:28.639  2006  6581 D EGL_emulation: eglMakeCurrent: 0xdde1af60: ver 2 0 (tinfo 0xb180ad60)
11-21 18:51:28.666  1306  1316 I app_process: NativeAlloc concurrent copying GC freed 470(256KB) AllocSpace objects, 6(168KB) LOS objects, 91% free, 150KB/1686KB, paused 8.294ms total 20.098ms
11-21 18:51:28.674  2876  3118 I MicroDetectionWorker: #startMicroDetector [speakerMode: 0]
11-21 18:51:28.684  2876  3118 W ErrorReporter: reportError [type: 211, code: 393244, bug: 0]: errorCode: 393244, engine: 0
11-21 18:51:28.684  2876  3118 I MicroDetector: Keeping mic open: false
11-21 18:51:28.684  2876  3118 I MicroDetectionWorker: #onError(false)
11-21 18:51:28.995  1761  1761 D gralloc_ranchu: gralloc_alloc: Creating ashmem region of size 14749696
11-21 18:51:29.071  2006  2019 I system_server: NativeAlloc concurrent copying GC freed 39373(2210KB) AllocSpace objects, 12(448KB) LOS objects, 6% free, 83MB/89MB, paused 575us total 340.322ms
11-21 18:51:29.245  1322  1374 E TestRunner: failed: shouldShowWarningMessageNewsDescriptionFieldIsIncorrect(ru.iteco.fmhandroid.ui.NewsCreationFormTest)
11-21 18:51:29.245  1322  1374 E TestRunner: ----- begin exception -----
11-21 18:51:29.245  1322  1374 E TestRunner: java.lang.RuntimeException: java.io.IOException: Cannot run program "adb": error=13, Permission denied
11-21 18:51:29.245  1322  1374 E TestRunner: 	at ru.iteco.fmhandroid.ui.data.DeviceHelper.executeBash(DeviceHelper.java:20)
11-21 18:51:29.245  1322  1374 E TestRunner: 	at ru.iteco.fmhandroid.ui.BaseTest.disableAnimationOnEmulator(BaseTest.java:43)
11-21 18:51:29.245  1322  1374 E TestRunner: 	at ru.iteco.fmhandroid.ui.BaseTest.beforeEachTest(BaseTest.java:50)
11-21 18:51:29.245  1322  1374 E TestRunner: 	at java.lang.reflect.Method.invoke(Native Method)
11-21 18:51:29.245  1322  1374 E TestRunner: 	at org.junit.runners.model.FrameworkMethod$1.runReflectiveCall(FrameworkMethod.java:59)
11-21 18:51:29.245  1322  1374 E TestRunner: 	at org.junit.internal.runners.model.ReflectiveCallable.run(ReflectiveCallable.java:12)
11-21 18:51:29.245  1322  1374 E TestRunner: 	at org.junit.runners.model.FrameworkMethod.invokeExplosively(FrameworkMethod.java:56)
11-21 18:51:29.245  1322  1374 E TestRunner: 	at androidx.test.internal.runner.junit4.statement.RunBefores.evaluate(RunBefores.java:76)
11-21 18:51:29.245  1322  1374 E TestRunner: 	at androidx.test.rule.ActivityTestRule$ActivityStatement.evaluate(ActivityTestRule.java:543)
11-21 18:51:29.245  1322  1374 E TestRunner: 	at io.qameta.allure.android.rules.LogcatRule$apply$1.evaluate(LogcatRule.kt:23)
11-21 18:51:29.245  1322  1374 E TestRunner: 	at io.qameta.allure.android.rules.ScreenshotRule$apply$1.evaluate(ScreenshotRule.kt:22)
11-21 18:51:29.245  1322  1374 E TestRunner: 	at io.qameta.allure.android.rules.ScreenshotRule$apply$1.evaluate(ScreenshotRule.kt:22)
11-21 18:51:29.245  1322  1374 E TestRunner: 	at org.junit.rules.RunRules.evaluate(RunRules.java:20)
11-21 18:51:29.245  1322  1374 E TestRunner: 	at org.junit.runners.ParentRunner$3.evaluate(ParentRunner.java:306)
11-21 18:51:29.245  1322  1374 E TestRunner: 	at org.junit.runners.BlockJUnit4ClassRunner$1.evaluate(BlockJUnit4ClassRunner.java:100)
11-21 18:51:29.245  1322  1374 E TestRunner: 	at org.junit.runners.ParentRunner.runLeaf(ParentRunner.java:366)
11-21 18:51:29.245  1322  1374 E TestRunner: 	at org.junit.runners.BlockJUnit4ClassRunner.runChild(BlockJUnit4ClassRunner.java:103)
11-21 18:51:29.245  1322  1374 E TestRunner: 	at org.junit.runners.BlockJUnit4ClassRunner.runChild(BlockJUnit4ClassRunner.java:63)
11-21 18:51:29.245  1322  1374 E TestRunner: 	at org.junit.runners.ParentRunner$4.run(ParentRunner.java:331)
11-21 18:51:29.245  1322  1374 E TestRunner: 	at org.junit.runners.ParentRunner$1.schedule(ParentRunner.java:79)
11-21 18:51:29.245  1322  1374 E TestRunner: 	at org.junit.runners.ParentRunner.runChildren(ParentRunner.java:329)
11-21 18:51:29.245  1322  1374 E TestRunner: 	at org.junit.runners.ParentRunner.access$100(ParentRunner.java:66)
11-21 18:51:29.245  1322  1374 E TestRunner: 	at org.junit.runners.ParentRunner$2.evaluate(ParentRunner.java:293)
11-21 18:51:29.245  1322  1374 E TestRunner: 	at org.junit.runners.ParentRunner$3.evaluate(ParentRunner.java:306)
11-21 18:51:29.245  1322  1374 E TestRunner: 	at org.junit.runners.ParentRunner.run(ParentRunner.java:413)
11-21 18:51:29.245  1322  1374 E TestRunner: 	at androidx.test.ext.junit.runners.AndroidJUnit4.run(AndroidJUnit4.java:162)
11-21 18:51:29.245  1322  1374 E TestRunner: 	at io.qameta.allure.android.runners.AllureAndroidJUnit4.run(AllureAndroidJUnitRunners.kt:29)
11-21 18:51:29.245  1322  1374 E TestRunner: 	at org.junit.runners.Suite.runChild(Suite.java:128)
11-21 18:51:29.245  1322  1374 E TestRunner: 	at org.junit.runners.Suite.runChild(Suite.java:27)
11-21 18:51:29.245  1322  1374 E TestRunner: 	at org.junit.runners.ParentRunner$4.run(ParentRunner.java:331)
11-21 18:51:29.245  1322  1374 E TestRunner: 	at org.junit.runners.ParentRunner$1.schedule(ParentRunner.java:79)
11-21 18:51:29.245  1322  1374 E TestRunner: 	at org.junit.runners.ParentRunner.runChildren(ParentRunner.java:329)
11-21 18:51:29.245  1322  1374 E TestRunner: 	at org.junit.runners.ParentRunner.access$100(ParentRunner.java:66)
11-21 18:51:29.245  1322  1374 E TestRunner: 	at org.junit.runners.ParentRunner$2.evaluate(ParentRunner.java:293)
11-21 18:51:29.245  1322  1374 E TestRunner: 	at org.junit.runners.ParentRunner$3.evaluate(ParentRunner.java:306)
11-21 18:51:29.245  1322  1374 E TestRunner: 	at org.junit.runners.ParentRunner.run(ParentRunner.java:413)
11-21 18:51:29.245  1322  1374 E TestRunner: 	at org.junit.runner.JUnitCore.run(JUnitCore.java:137)
11-21 18:51:29.245  1322  1374 E TestRunner: 	at org.junit.runner.JUnitCore.run(JUnitCore.java:115)
11-21 18:51:29.245  1322  1374 E TestRunner: 	at androidx.test.internal.runner.TestExecutor.execute(TestExecutor.java:67)
11-21 18:51:29.245  1322  1374 E TestRunner: 	at androidx.test.internal.runner.TestExecutor.execute(TestExecutor.java:58)
11-21 18:51:29.245  1322  1374 E TestRunner: 	at androidx.test.runner.AndroidJUnitRunner.onStart(AndroidJUnitRunner.java:438)
11-21 18:51:29.245  1322  1374 E TestRunner: 	at android.app.Instrumentation$InstrumentationThread.run(Instrumentation.java:2189)
11-21 18:51:29.245  1322  1374 E TestRunner: Caused by: java.io.IOException: Cannot run program "adb": error=13, Permission denied
11-21 18:51:29.245  1322  1374 E TestRunner: 	at java.lang.ProcessBuilder.start(ProcessBuilder.java:1050)
11-21 18:51:29.245  1322  1374 E TestRunner: 	at java.lang.Runtime.exec(Runtime.java:698)
11-21 18:51:29.245  1322  1374 E TestRunner: 	at java.lang.Runtime.exec(Runtime.java:528)
11-21 18:51:29.245  1322  1374 E TestRunner: 	at java.lang.Runtime.exec(Runtime.java:425)
11-21 18:51:29.245  1322  1374 E TestRunner: 	at ru.iteco.fmhandroid.ui.data.DeviceHelper.executeBash(DeviceHelper.java:18)
11-21 18:51:29.245  1322  1374 E TestRunner: 	... 41 more
11-21 18:51:29.245  1322  1374 E TestRunner: Caused by: java.io.IOException: error=13, Permission denied
11-21 18:51:29.245  1322  1374 E TestRunner: 	at java.lang.UNIXProcess.forkAndExec(Native Method)
11-21 18:51:29.245  1322  1374 E TestRunner: 	at java.lang.UNIXProcess.<init>(UNIXProcess.java:133)
11-21 18:51:29.245  1322  1374 E TestRunner: 	at java.lang.ProcessImpl.start(ProcessImpl.java:141)
11-21 18:51:29.245  1322  1374 E TestRunner: 	at java.lang.ProcessBuilder.start(ProcessBuilder.java:1029)
11-21 18:51:29.245  1322  1374 E TestRunner: 	... 45 more
11-21 18:51:29.245  1322  1374 E TestRunner: ----- end exception -----
11-21 18:51:29.248  1322  1374 I TestRunner: finished: shouldShowWarningMessageNewsDescriptionFieldIsIncorrect(ru.iteco.fmhandroid.ui.NewsCreationFormTest)
11-21 18:51:29.265  1322  1374 I TestRunner: ignored: shouldNotCreateANewsItemWithPublicationDateYesterday(ru.iteco.fmhandroid.ui.NewsCreationFormTest)
11-21 18:51:29.282  1322  1374 I TestRunner: started: shouldNotSetDate(ru.iteco.fmhandroid.ui.NewsCreationFormTest)
11-21 18:51:29.297  1322  1374 W ActivityTestRule: getActivityIntent() returned null using default: Intent(Intent.ACTION_MAIN)
11-21 18:51:29.300  2006  6495 I ActivityTaskManager: START u0 {act=android.intent.action.MAIN flg=0x10000000 cmp=ru.iteco.fmhandroid/.ui.AppActivity} from uid 10153
11-21 18:51:29.317  2006  6495 W InputReader: Device has associated, but no associated display id.
11-21 18:51:29.318  2006  6495 I chatty  : uid=1000(system) Binder:2006_1A identical 18 lines
11-21 18:51:29.319  2006  6495 W InputReader: Device has associated, but no associated display id.
11-21 18:51:29.320  1322  1322 W ActivityThread: handleWindowVisibility: no activity for token android.os.BinderProxy@2e411c6
11-21 18:51:29.321  2006  6495 W InputReader: Device has associated, but no associated display id.
11-21 18:51:29.326  2006  6495 I chatty  : uid=1000(system) Binder:2006_1A identical 18 lines
11-21 18:51:29.326  2006  6495 W InputReader: Device has associated, but no associated display id.
11-21 18:51:29.328  2006  2032 E system_server: Invalid ID 0x00000000.
11-21 18:51:29.341  1322  1322 D LifecycleMonitor: Lifecycle status change: ru.iteco.fmhandroid.ui.AppActivity@aff8452 in: PRE_ON_CREATE
11-21 18:51:29.345  1322  1356 V FA      : onActivityCreated
11-21 18:51:29.361  1322  1322 D LifecycleMonitor: Lifecycle status change: ru.iteco.fmhandroid.ui.AppActivity@aff8452 in: CREATED
11-21 18:51:29.361  1761  1761 D gralloc_ranchu: gralloc_alloc: Creating ashmem region of size 14749696
11-21 18:51:29.397  1322  1322 D LifecycleMonitor: Lifecycle status change: ru.iteco.fmhandroid.ui.AppActivity@aff8452 in: STARTED
11-21 18:51:29.399  1322  1322 D LifecycleMonitor: Lifecycle status change: ru.iteco.fmhandroid.ui.AppActivity@aff8452 in: RESUMED
11-21 18:51:29.403  1322  1363 V FA      : Activity resumed, time: 841923608
11-21 18:51:29.431  2006  2032 W InputReader: Device has associated, but no associated display id.
11-21 18:51:29.431  2006  2032 I chatty  : uid=1000(system) android.anim identical 8 lines
11-21 18:51:29.431  2006  2032 W InputReader: Device has associated, but no associated display id.
11-21 18:51:29.441  7825  7875 D EGL_emulation: eglMakeCurrent: 0xe5ffa5c0: ver 2 0 (tinfo 0xda8dd010)
11-21 18:51:29.448  7825  7875 D EGL_emulation: eglMakeCurrent: 0xe5ffa5c0: ver 2 0 (tinfo 0xda8dd010)
11-21 18:51:29.466  1761  1761 D gralloc_ranchu: gralloc_alloc: Creating ashmem region of size 14749696
11-21 18:51:29.473  1761  1761 I chatty  : uid=1000(system) allocator@2.0-s identical 1 line
11-21 18:51:29.476  1761  1761 D gralloc_ranchu: gralloc_alloc: Creating ashmem region of size 14749696
11-21 18:51:29.483  2876  3288 D EGL_emulation: eglMakeCurrent: 0xdde1bb00: ver 2 0 (tinfo 0xdde0ff90)
11-21 18:51:29.485  2441  2951 D EGL_emulation: eglMakeCurrent: 0xdde1a480: ver 2 0 (tinfo 0xdde0f530)
11-21 18:51:29.487  1322  1388 D EGL_emulation: eglMakeCurrent: 0xdde1c1c0: ver 2 0 (tinfo 0xcd7b4040)
11-21 18:51:29.492  7825  7875 D EGL_emulation: eglMakeCurrent: 0xe5ffa5c0: ver 2 0 (tinfo 0xda8dd010)
11-21 18:51:29.511  1322  1335 I teco.fmhandroi: NativeAlloc concurrent copying GC freed 15174(959KB) AllocSpace objects, 4(68KB) LOS objects, 49% free, 3471KB/6942KB, paused 489us total 111.911ms
11-21 18:51:29.542  1761  1761 D gralloc_ranchu: gralloc_alloc: Creating ashmem region of size 14749696
11-21 18:51:29.543  2006  2036 I ActivityTaskManager: Displayed ru.iteco.fmhandroid/.ui.AppActivity: +238ms
11-21 18:51:29.574  2757  1377 V FA-SVC  : Logging event: origin=auto,name=screen_view(_vs),params=Bundle[{ga_event_origin(_o)=auto, ga_previous_class(_pc)=AppActivity, ga_previous_id(_pi)=-3797736664109286973, ga_screen_class(_sc)=AppActivity, ga_screen_id(_si)=-3797736664109286972}]
11-21 18:51:29.592  2757  1377 V FA-SVC  : Upload scheduled in approximately ms: 3585077
11-21 18:51:29.592  2757  1377 V FA-SVC  : Unscheduling upload
11-21 18:51:29.600  2006  8134 W InputReader: Device has associated, but no associated display id.
11-21 18:51:29.600  2006  8134 I chatty  : uid=1000(system) Binder:2006_1B identical 8 lines
11-21 18:51:29.600  2006  8134 W InputReader: Device has associated, but no associated display id.
11-21 18:51:29.608  1322  1322 D LifecycleMonitor: Lifecycle status change: ru.iteco.fmhandroid.ui.AppActivity@aff8452 in: PAUSED
11-21 18:51:29.613  2006  2023 W InputReader: Device has associated, but no associated display id.
11-21 18:51:29.613  2006  2023 I chatty  : uid=1000(system) Binder:2006_1 identical 8 lines
11-21 18:51:29.613  2006  2023 W InputReader: Device has associated, but no associated display id.
11-21 18:51:29.620  1322  1363 V FA      : Screen exposed for less than 1000 ms. Event not sent. time: 209
11-21 18:51:29.621  1322  1363 V FA      : Activity paused, time: 841923818
11-21 18:51:29.625  2876  1431 I PBSessionCacheImpl: Deleted sessionId[360287841320] from persistence.
11-21 18:51:29.628  2876  3118 W SearchServiceCore: Abort, client detached.
11-21 18:51:29.632  2757  1377 V FA-SVC  : Scheduling upload, millis: 3585077
11-21 18:51:29.644  2757  1377 V FA-SVC  : Background event processing time, ms: 70
11-21 18:51:29.649  2006  2006 W ActivityManager: Unable to start service Intent { act=android.service.appprediction.AppPredictionService cmp=com.google.android.as/com.google.android.apps.miphone.aiai.app.AiAiPredictionService } U=0: not found
11-21 18:51:29.649  2006  2006 W RemoteAppPredictionService: could not bind to Intent { act=android.service.appprediction.AppPredictionService cmp=com.google.android.as/com.google.android.apps.miphone.aiai.app.AiAiPredictionService } using flags 67108865
11-21 18:51:29.662  1761  1761 D gralloc_ranchu: gralloc_alloc: Creating ashmem region of size 14749696
11-21 18:51:29.669  1761  1761 I chatty  : uid=1000(system) allocator@2.0-s identical 2 lines
11-21 18:51:29.676  1761  1761 D gralloc_ranchu: gralloc_alloc: Creating ashmem region of size 14749696
11-21 18:51:29.678  2876  3288 D EGL_emulation: eglMakeCurrent: 0xdde1bb00: ver 2 0 (tinfo 0xdde0ff90)
11-21 18:51:29.701  1761  1761 D gralloc_ranchu: gralloc_alloc: Creating ashmem region of size 14749696
11-21 18:51:29.714  2876  3118 W SessionLifecycleManager: Handover failed. Creating new session controller.
11-21 18:51:29.729  2580   837 E SQLiteDatabase: Error inserting flex_time=3585000 job_id=-1 period=7171000 source=16 requires_charging=0 preferred_network_type=1 target_class=com.google.android.gms.measurement.PackageMeasurementTaskService user_id=0 target_package=com.google.android.gms tag=Measurement.PackageMeasurementTaskService.UPLOAD_TASK_TAG task_type=0 required_idleness_state=0 service_kind=0 source_version=202414000 persistence_level=1 preferred_charging_state=1 required_network_type=0 runtime=1669045889652 retry_strategy={"maximum_backoff_seconds":{"3600":0},"initial_backoff_seconds":{"30":0},"retry_policy":{"0":0}} last_runtime=0
11-21 18:51:29.729  2580   837 E SQLiteDatabase: android.database.sqlite.SQLiteConstraintException: UNIQUE constraint failed: pending_ops.tag, pending_ops.target_class, pending_ops.target_package, pending_ops.user_id (code 2067 SQLITE_CONSTRAINT_UNIQUE)
11-21 18:51:29.729  2580   837 E SQLiteDatabase: 	at android.database.sqlite.SQLiteConnection.nativeExecuteForLastInsertedRowId(Native Method)
11-21 18:51:29.729  2580   837 E SQLiteDatabase: 	at android.database.sqlite.SQLiteConnection.executeForLastInsertedRowId(SQLiteConnection.java:879)
11-21 18:51:29.729  2580   837 E SQLiteDatabase: 	at android.database.sqlite.SQLiteSession.executeForLastInsertedRowId(SQLiteSession.java:790)
11-21 18:51:29.729  2580   837 E SQLiteDatabase: 	at android.database.sqlite.SQLiteStatement.executeInsert(SQLiteStatement.java:88)
11-21 18:51:29.729  2580   837 E SQLiteDatabase: 	at android.database.sqlite.SQLiteDatabase.insertWithOnConflict(SQLiteDatabase.java:1599)
11-21 18:51:29.729  2580   837 E SQLiteDatabase: 	at android.database.sqlite.SQLiteDatabase.insert(SQLiteDatabase.java:1468)
11-21 18:51:29.729  2580   837 E SQLiteDatabase: 	at aqui.a(:com.google.android.gms@202414022@20.24.14 (040700-319035315):175)
11-21 18:51:29.729  2580   837 E SQLiteDatabase: 	at aqtk.a(:com.google.android.gms@202414022@20.24.14 (040700-319035315):182)
11-21 18:51:29.729  2580   837 E SQLiteDatabase: 	at aqtk.a(:com.google.android.gms@202414022@20.24.14 (040700-319035315):23)
11-21 18:51:29.729  2580   837 E SQLiteDatabase: 	at aqtk.a(:com.google.android.gms@202414022@20.24.14 (040700-319035315):177)
11-21 18:51:29.729  2580   837 E SQLiteDatabase: 	at aqpu.run(:com.google.android.gms@202414022@20.24.14 (040700-319035315):9)
11-21 18:51:29.729  2580   837 E SQLiteDatabase: 	at soy.b(:com.google.android.gms@202414022@20.24.14 (040700-319035315):12)
11-21 18:51:29.729  2580   837 E SQLiteDatabase: 	at soy.run(:com.google.android.gms@202414022@20.24.14 (040700-319035315):7)
11-21 18:51:29.729  2580   837 E SQLiteDatabase: 	at java.util.concurrent.ThreadPoolExecutor.runWorker(ThreadPoolExecutor.java:1167)
11-21 18:51:29.729  2580   837 E SQLiteDatabase: 	at java.util.concurrent.ThreadPoolExecutor$Worker.run(ThreadPoolExecutor.java:641)
11-21 18:51:29.729  2580   837 E SQLiteDatabase: 	at sux.run(:com.google.android.gms@202414022@20.24.14 (040700-319035315):0)
11-21 18:51:29.729  2580   837 E SQLiteDatabase: 	at java.lang.Thread.run(Thread.java:919)
11-21 18:51:29.738  2441  2951 D EGL_emulation: eglMakeCurrent: 0xdde1a480: ver 2 0 (tinfo 0xdde0f530)
11-21 18:51:29.744  1761  2617 D gralloc_ranchu: gralloc_alloc: Creating ashmem region of size 14749696
