--------- beginning of main
12-02 23:11:41.014  1864  1864 D takeScreenshot: Found 1 global views to redraw
12-02 23:11:41.081  1772  1772 D gralloc_ranchu: gralloc_alloc: Creating ashmem region of size 14749696
12-02 23:11:41.190  1864  1989 W DefaultFailureHandler: Failed to take screenshot
12-02 23:11:41.190  1864  1989 W DefaultFailureHandler: java.io.FileNotFoundException: view-op-error-13.png: open failed: EROFS (Read-only file system)
12-02 23:11:41.190  1864  1989 W DefaultFailureHandler: 	at libcore.io.IoBridge.open(IoBridge.java:496)
12-02 23:11:41.190  1864  1989 W DefaultFailureHandler: 	at java.io.FileOutputStream.<init>(FileOutputStream.java:235)
12-02 23:11:41.190  1864  1989 W DefaultFailureHandler: 	at java.io.FileOutputStream.<init>(FileOutputStream.java:125)
12-02 23:11:41.190  1864  1989 W DefaultFailureHandler: 	at androidx.test.platform.io.FileTestStorage.openOutputFile(FileTestStorage.java:60)
12-02 23:11:41.190  1864  1989 W DefaultFailureHandler: 	at androidx.test.core.graphics.BitmapStorage.writeToTestStorage(BitmapStorageExt.kt:49)
12-02 23:11:41.190  1864  1989 W DefaultFailureHandler: 	at androidx.test.espresso.base.DefaultFailureHandler.takeScreenshot(DefaultFailureHandler.java:4)
12-02 23:11:41.190  1864  1989 W DefaultFailureHandler: 	at androidx.test.espresso.base.DefaultFailureHandler.handle(DefaultFailureHandler.java:3)
12-02 23:11:41.190  1864  1989 W DefaultFailureHandler: 	at androidx.test.espresso.ViewInteraction.waitForAndHandleInteractionResults(ViewInteraction.java:5)
12-02 23:11:41.190  1864  1989 W DefaultFailureHandler: 	at androidx.test.espresso.ViewInteraction.check(ViewInteraction.java:12)
12-02 23:11:41.190  1864  1989 W DefaultFailureHandler: 	at ru.iteco.fmhandroid.ui.steps.FilterClaimsPageSteps.checkClaimIsExist(FilterClaimsPageSteps.java:26)
12-02 23:11:41.190  1864  1989 W DefaultFailureHandler: 	at ru.iteco.fmhandroid.ui.FilterClaimsPageTest.shouldFilterClaimsWithStatusInProgressExecutedAndCanceled(FilterClaimsPageTest.java:637)
12-02 23:11:41.190  1864  1989 W DefaultFailureHandler: 	at java.lang.reflect.Method.invoke(Native Method)
12-02 23:11:41.190  1864  1989 W DefaultFailureHandler: 	at org.junit.runners.model.FrameworkMethod$1.runReflectiveCall(FrameworkMethod.java:59)
12-02 23:11:41.190  1864  1989 W DefaultFailureHandler: 	at org.junit.internal.runners.model.ReflectiveCallable.run(ReflectiveCallable.java:12)
12-02 23:11:41.190  1864  1989 W DefaultFailureHandler: 	at org.junit.runners.model.FrameworkMethod.invokeExplosively(FrameworkMethod.java:56)
12-02 23:11:41.190  1864  1989 W DefaultFailureHandler: 	at org.junit.internal.runners.statements.InvokeMethod.evaluate(InvokeMethod.java:17)
12-02 23:11:41.190  1864  1989 W DefaultFailureHandler: 	at androidx.test.internal.runner.junit4.statement.RunBefores.evaluate(RunBefores.java:80)
12-02 23:11:41.190  1864  1989 W DefaultFailureHandler: 	at androidx.test.rule.ActivityTestRule$ActivityStatement.evaluate(ActivityTestRule.java:543)
12-02 23:11:41.190  1864  1989 W DefaultFailureHandler: 	at io.qameta.allure.android.rules.LogcatRule$apply$1.evaluate(LogcatRule.kt:23)
12-02 23:11:41.190  1864  1989 W DefaultFailureHandler: 	at io.qameta.allure.android.rules.ScreenshotRule$apply$1.evaluate(ScreenshotRule.kt:22)
12-02 23:11:41.190  1864  1989 W DefaultFailureHandler: 	at io.qameta.allure.android.rules.ScreenshotRule$apply$1.evaluate(ScreenshotRule.kt:22)
12-02 23:11:41.190  1864  1989 W DefaultFailureHandler: 	at org.junit.rules.RunRules.evaluate(RunRules.java:20)
12-02 23:11:41.190  1864  1989 W DefaultFailureHandler: 	at org.junit.runners.ParentRunner$3.evaluate(ParentRunner.java:306)
12-02 23:11:41.190  1864  1989 W DefaultFailureHandler: 	at org.junit.runners.BlockJUnit4ClassRunner$1.evaluate(BlockJUnit4ClassRunner.java:100)
12-02 23:11:41.190  1864  1989 W DefaultFailureHandler: 	at org.junit.runners.ParentRunner.runLeaf(ParentRunner.java:366)
12-02 23:11:41.190  1864  1989 W DefaultFailureHandler: 	at org.junit.runners.BlockJUnit4ClassRunner.runChild(BlockJUnit4ClassRunner.java:103)
12-02 23:11:41.190  1864  1989 W DefaultFailureHandler: 	at org.junit.runners.BlockJUnit4ClassRunner.runChild(BlockJUnit4ClassRunner.java:63)
12-02 23:11:41.190  1864  1989 W DefaultFailureHandler: 	at org.junit.runners.ParentRunner$4.run(ParentRunner.java:331)
12-02 23:11:41.190  1864  1989 W DefaultFailureHandler: 	at org.junit.runners.ParentRunner$1.schedule(ParentRunner.java:79)
12-02 23:11:41.190  1864  1989 W DefaultFailureHandler: 	at org.junit.runners.ParentRunner.runChildren(ParentRunner.java:329)
12-02 23:11:41.190  1864  1989 W DefaultFailureHandler: 	at org.junit.runners.ParentRunner.access$100(ParentRunner.java:66)
12-02 23:11:41.190  1864  1989 W DefaultFailureHandler: 	at org.junit.runners.ParentRunner$2.evaluate(ParentRunner.java:293)
12-02 23:11:41.190  1864  1989 W DefaultFailureHandler: 	at org.junit.runners.ParentRunner$3.evaluate(ParentRunner.java:306)
12-02 23:11:41.190  1864  1989 W DefaultFailureHandler: 	at org.junit.runners.ParentRunner.run(ParentRunner.java:413)
12-02 23:11:41.190  1864  1989 W DefaultFailureHandler: 	at androidx.test.ext.junit.runners.AndroidJUnit4.run(AndroidJUnit4.java:162)
12-02 23:11:41.190  1864  1989 W DefaultFailureHandler: 	at io.qameta.allure.android.runners.AllureAndroidJUnit4.run(AllureAndroidJUnitRunners.kt:29)
12-02 23:11:41.190  1864  1989 W DefaultFailureHandler: 	at org.junit.runners.Suite.runChild(Suite.java:128)
12-02 23:11:41.190  1864  1989 W DefaultFailureHandler: 	at org.junit.runners.Suite.runChild(Suite.java:27)
12-02 23:11:41.190  1864  1989 W DefaultFailureHandler: 	at org.junit.runners.ParentRunner$4.run(ParentRunner.java:331)
12-02 23:11:41.190  1864  1989 W DefaultFailureHandler: 	at org.junit.runners.ParentRunner$1.schedule(ParentRunner.java:79)
12-02 23:11:41.190  1864  1989 W DefaultFailureHandler: 	at org.junit.runners.ParentRunner.runChildren(ParentRunner.java:329)
12-02 23:11:41.190  1864  1989 W DefaultFailureHandler: 	at org.junit.runners.ParentRunner.access$100(ParentRunner.java:66)
12-02 23:11:41.190  1864  1989 W DefaultFailureHandler: 	at org.junit.runners.ParentRunner$2.evaluate(ParentRunner.java:293)
12-02 23:11:41.190  1864  1989 W DefaultFailureHandler: 	at org.junit.runners.ParentRunner$3.evaluate(ParentRunner.java:306)
12-02 23:11:41.190  1864  1989 W DefaultFailureHandler: 	at org.junit.runners.ParentRunner.run(ParentRunner.java:413)
12-02 23:11:41.190  1864  1989 W DefaultFailureHandler: 	at org.junit.runner.JUnitCore.run(JUnitCore.java:137)
12-02 23:11:41.190  1864  1989 W DefaultFailureHandler: 	at org.junit.runner.JUnitCore.run(JUnitCore.java:115)
12-02 23:11:41.190  1864  1989 W DefaultFailureHandler: 	at androidx.test.internal.runner.TestExecutor.execute(TestExecutor.java:67)
12-02 23:11:41.190  1864  1989 W DefaultFailureHandler: 	at androidx.test.internal.runner.TestExecutor.execute(TestExecutor.java:58)
12-02 23:11:41.190  1864  1989 W DefaultFailureHandler: 	at androidx.test.runner.AndroidJUnitRunner.onStart(AndroidJUnitRunner.java:438)
12-02 23:11:41.191  1864  1989 W DefaultFailureHandler: 	at android.app.Instrumentation$InstrumentationThread.run(Instrumentation.java:2189)
12-02 23:11:41.191  1864  1989 W DefaultFailureHandler: Caused by: android.system.ErrnoException: open failed: EROFS (Read-only file system)
12-02 23:11:41.191  1864  1989 W DefaultFailureHandler: 	at libcore.io.Linux.open(Native Method)
12-02 23:11:41.191  1864  1989 W DefaultFailureHandler: 	at libcore.io.ForwardingOs.open(ForwardingOs.java:167)
12-02 23:11:41.191  1864  1989 W DefaultFailureHandler: 	at libcore.io.BlockGuardOs.open(BlockGuardOs.java:252)
12-02 23:11:41.191  1864  1989 W DefaultFailureHandler: 	at libcore.io.ForwardingOs.open(ForwardingOs.java:167)
12-02 23:11:41.191  1864  1989 W DefaultFailureHandler: 	at android.app.ActivityThread$AndroidOs.open(ActivityThread.java:7255)
12-02 23:11:41.191  1864  1989 W DefaultFailureHandler: 	at libcore.io.IoBridge.open(IoBridge.java:482)
12-02 23:11:41.191  1864  1989 W DefaultFailureHandler: 	... 50 more
12-02 23:11:41.193  2010  3244 W InputReader: Device has associated, but no associated display id.
12-02 23:11:41.194  2010  3244 I chatty  : uid=1000(system) Binder:2010_A identical 8 lines
12-02 23:11:41.194  2010  3244 W InputReader: Device has associated, but no associated display id.
12-02 23:11:41.199  1864  1864 D LifecycleMonitor: Lifecycle status change: ru.iteco.fmhandroid.ui.AppActivity@3a2f3c1 in: PAUSED
12-02 23:11:41.201  2010 12538 W InputReader: Device has associated, but no associated display id.
12-02 23:11:41.201  2010 12538 I chatty  : uid=1000(system) Binder:2010_1C identical 8 lines
12-02 23:11:41.201  2010 12538 W InputReader: Device has associated, but no associated display id.
12-02 23:11:41.208  1864  2497 V FA      : Recording user engagement, ms: 64213
12-02 23:11:41.228  1772  1772 D gralloc_ranchu: gralloc_alloc: Creating ashmem region of size 14749696
--------- beginning of system
12-02 23:11:41.241  2010  2010 W ActivityManager: Unable to start service Intent { act=android.service.appprediction.AppPredictionService cmp=com.google.android.as/com.google.android.apps.miphone.aiai.app.AiAiPredictionService } U=0: not found
12-02 23:11:41.242  2010  2010 W RemoteAppPredictionService: could not bind to Intent { act=android.service.appprediction.AppPredictionService cmp=com.google.android.as/com.google.android.apps.miphone.aiai.app.AiAiPredictionService } using flags 67108865
12-02 23:11:41.245  3139  3664 D EGL_emulation: eglMakeCurrent: 0xdb91c460: ver 2 0 (tinfo 0xbe64a3f0)
12-02 23:11:41.245  1772  1875 D gralloc_ranchu: gralloc_alloc: Creating ashmem region of size 14749696
12-02 23:11:41.248  1772  1772 D gralloc_ranchu: gralloc_alloc: Creating ashmem region of size 14749696
12-02 23:11:41.258  1772  6832 D gralloc_ranchu: gralloc_alloc: Creating ashmem region of size 14749696
12-02 23:11:41.268  1772  1873 D gralloc_ranchu: gralloc_alloc: Creating ashmem region of size 14749696
12-02 23:11:41.272  2448  3326 D EGL_emulation: eglMakeCurrent: 0xe3a07ba0: ver 2 0 (tinfo 0xe3a93b30)
12-02 23:11:41.299  1772  1873 D gralloc_ranchu: gralloc_alloc: Creating ashmem region of size 14749696
12-02 23:11:41.310  2010  2037 W InputReader: Device has associated, but no associated display id.
12-02 23:11:41.310  2010  2037 I chatty  : uid=1000(system) android.anim identical 8 lines
12-02 23:11:41.310  2010  2037 W InputReader: Device has associated, but no associated display id.
12-02 23:11:41.320  1772  1873 D gralloc_ranchu: gralloc_alloc: Creating ashmem region of size 9441280
12-02 23:11:41.335  2169  2501 D EGL_emulation: eglMakeCurrent: 0xdb91a600: ver 2 0 (tinfo 0xdb90f8d0)
12-02 23:11:41.351  3139  3139 W ThreadPoolDumper: Queue length for executor EventBus is now 11. Perhaps some tasks are too long, or the pool is too small.
12-02 23:11:41.369  1864  2003 D EGL_emulation: eglMakeCurrent: 0xdb91b3e0: ver 2 0 (tinfo 0xdb98eb00)
12-02 23:11:41.392  1788  1788 E Layer   : [Surface(name=AppWindowToken{39aa6bc token=Token{56602af ActivityRecord{4a45a8e u0 ru.iteco.fmhandroid/.ui.AppActivity t3256}}})/@0xa57f997 - animation-leash#0] No local sync point found
12-02 23:11:41.392  1788  1788 E Layer   : [Surface(name=AppWindowToken{e44e437 token=Token{8e32d36 ActivityRecord{89f0ed1 u0 com.google.android.apps.nexuslauncher/.NexusLauncherActivity t2562}}})/@0xb44cf46 - animation-leash#0] No local sync point found
12-02 23:11:41.401  1864  1864 D AutofillManager: onActivityFinishing(): calling cancelLocked()
12-02 23:11:41.401  1864  1864 D LifecycleMonitor: Lifecycle status change: ru.iteco.fmhandroid.ui.AppActivity@3a2f3c1 in: STOPPED
12-02 23:11:41.411  3139  3568 W SessionLifecycleManager: Handover failed. Creating new session controller.
12-02 23:11:41.416  2010  6726 D HostConnection: HostConnection::get() New Host Connection established 0xb4601c80, tid 6726
12-02 23:11:41.496  2448  2466 I s.nexuslaunche: NativeAlloc concurrent copying GC freed 2602(210KB) AllocSpace objects, 0(0B) LOS objects, 49% free, 2738KB/5476KB, paused 431us total 141.222ms
12-02 23:11:41.497  2448  2468 W System  : A resource failed to call release. 
12-02 23:11:41.497  2448  2468 W System  : A resource failed to call release. 
12-02 23:11:41.497  1864  1864 W System.err: kotlinx.coroutines.JobCancellationException: Job was cancelled; job=SupervisorJobImpl{Cancelling}@16c0937
12-02 23:11:41.505  2169  2187 I ndroid.systemu: NativeAlloc concurrent copying GC freed 9584(600KB) AllocSpace objects, 0(0B) LOS objects, 49% free, 5943KB/11MB, paused 412us total 157.223ms
12-02 23:11:41.516  2010  6726 D HostConnection: HostComposition ext ANDROID_EMU_CHECKSUM_HELPER_v1 ANDROID_EMU_dma_v1 ANDROID_EMU_direct_mem ANDROID_EMU_host_composition_v1 ANDROID_EMU_host_composition_v2 ANDROID_EMU_vulkan ANDROID_EMU_deferred_vulkan_commands ANDROID_EMU_vulkan_null_optional_strings ANDROID_EMU_vulkan_create_resources_with_requirements ANDROID_EMU_YUV_Cache ANDROID_EMU_vulkan_ignored_handles ANDROID_EMU_vulkan_free_memory_sync ANDROID_EMU_vulkan_shader_float16_int8 ANDROID_EMU_vulkan_async_queue_submit ANDROID_EMU_sync_buffer_data GL_OES_vertex_array_object GL_KHR_texture_compression_astc_ldr ANDROID_EMU_host_side_tracing ANDROID_EMU_gles_max_version_2 
12-02 23:11:41.516  2010  6726 W OpenGLRenderer: Failed to choose config with EGL_SWAP_BEHAVIOR_PRESERVED, retrying without...
12-02 23:11:41.523  1864  2497 V FA      : Connecting to remote service
12-02 23:11:41.539  1864  1864 D LifecycleMonitor: Lifecycle status change: ru.iteco.fmhandroid.ui.AppActivity@3a2f3c1 in: DESTROYED
12-02 23:11:41.545  2010  6726 D EGL_emulation: eglCreateContext: 0xd856c500: maj 2 min 0 rcv 2
12-02 23:11:41.549  2010  6726 D EGL_emulation: eglMakeCurrent: 0xd856c500: ver 2 0 (tinfo 0xbf01f330)
12-02 23:11:41.569  3139  2073 W LocationOracle: No location history returned by ContextManager
12-02 23:11:41.574  1864  2497 V FA      : Connection attempt already in progress
12-02 23:11:41.574  1864  2497 V FA      : Activity paused, time: 95532201
12-02 23:11:41.601  1864  2497 D FA      : Connected to remote service
12-02 23:11:41.601  1864  2497 V FA      : Processing queued up service tasks: 2
12-02 23:11:41.779  3139  3568 I MicroDetectionWorker: #startMicroDetector [speakerMode: 0]
12-02 23:11:41.781  3139  3568 W ErrorReporter: reportError [type: 211, code: 393244, bug: 0]: errorCode: 393244, engine: 0
12-02 23:11:41.781  3139  3568 I MicroDetector: Keeping mic open: false
12-02 23:11:41.781  3139  3568 I MicroDetectionWorker: #onError(false)
12-02 23:11:41.803  1864  1909 I teco.fmhandroi: ThreadFlipBegin blocked for 21.040ms
12-02 23:11:41.806  1864  2497 I teco.fmhandroi: IncrementDisableThreadFlip blocked for 23.469ms
12-02 23:11:41.851  2584  3808 W GCoreFlp: No location to return for getLastLocation()
12-02 23:11:41.897  2881  2533 V FA-SVC  : Logging event: origin=auto,name=user_engagement(_e),params=Bundle[{ga_event_origin(_o)=auto, engagement_time_msec(_et)=64213, ga_screen_class(_sc)=AppActivity, ga_screen_id(_si)=4083891225062200021}]
12-02 23:11:41.911  1864  1864 W System.err: ru.iteco.fmhandroid.exceptions.UnknownException
12-02 23:11:41.911  1864  1864 W System.err: 	at ru.iteco.fmhandroid.utils.Utils.makeRequest(Utils.kt:123)
12-02 23:11:41.912  1864  1864 W System.err: 	at ru.iteco.fmhandroid.utils.Utils$makeRequest$1.invokeSuspend(Unknown Source:15)
12-02 23:11:41.912  1864  1864 W System.err: 	at kotlin.coroutines.jvm.internal.BaseContinuationImpl.resumeWith(ContinuationImpl.kt:33)
12-02 23:11:41.912  1864  1864 W System.err: 	at kotlinx.coroutines.DispatchedTaskKt.resume(DispatchedTask.kt:234)
12-02 23:11:41.912  1864  1864 W System.err: 	at kotlinx.coroutines.DispatchedTaskKt.resumeUnconfined(DispatchedTask.kt:190)
12-02 23:11:41.912  1864  1864 W System.err: 	at kotlinx.coroutines.DispatchedTaskKt.dispatch(DispatchedTask.kt:161)
12-02 23:11:41.912  1864  1864 W System.err: 	at kotlinx.coroutines.CancellableContinuationImpl.dispatchResume(CancellableContinuationImpl.kt:397)
12-02 23:11:41.913  1864  1864 W System.err: 	at kotlinx.coroutines.CancellableContinuationImpl.cancel(CancellableContinuationImpl.kt:183)
12-02 23:11:41.913  1864  1864 W System.err: 	at kotlinx.coroutines.CancellableContinuationImpl.parentCancelled$kotlinx_coroutines_core(CancellableContinuationImpl.kt:190)
12-02 23:11:41.913  1864  1864 W System.err: 	at kotlinx.coroutines.ChildContinuation.invoke(JobSupport.kt:1474)
12-02 23:11:41.913  1864  1864 W System.err: 	at kotlinx.coroutines.JobSupport.notifyCancelling(JobSupport.kt:1499)
12-02 23:11:41.918  1864  1864 W System.err: 	at kotlinx.coroutines.JobSupport.tryMakeCancelling(JobSupport.kt:795)
12-02 23:11:41.918  1864  1864 W System.err: 	at kotlinx.coroutines.JobSupport.makeCancelling(JobSupport.kt:755)
12-02 23:11:41.918  1864  1864 W System.err: 	at kotlinx.coroutines.JobSupport.cancelImpl$kotlinx_coroutines_core(JobSupport.kt:671)
12-02 23:11:41.918  1864  1864 W System.err: 	at kotlinx.coroutines.JobSupport.parentCancelled(JobSupport.kt:637)
12-02 23:11:41.918  1864  1864 W System.err: 	at kotlinx.coroutines.ChildHandleNode.invoke(JobSupport.kt:1465)
12-02 23:11:41.918  1864  1864 W System.err: 	at kotlinx.coroutines.JobSupport.notifyCancelling(JobSupport.kt:1499)
12-02 23:11:41.918  1864  1864 W System.err: 	at kotlinx.coroutines.JobSupport.tryMakeCompletingSlowPath(JobSupport.kt:900)
12-02 23:11:41.918  1864  1864 W System.err: 	at kotlinx.coroutines.JobSupport.tryMakeCompleting(JobSupport.kt:863)
12-02 23:11:41.918  1864  1864 W System.err: 	at kotlinx.coroutines.JobSupport.cancelMakeCompleting(JobSupport.kt:696)
12-02 23:11:41.918  1864  1864 W System.err: 	at kotlinx.coroutines.JobSupport.cancelImpl$kotlinx_coroutines_core(JobSupport.kt:667)
12-02 23:11:41.918  1864  1864 W System.err: 	at kotlinx.coroutines.JobSupport.cancelInternal(JobSupport.kt:632)
12-02 23:11:41.918  1864  1864 W System.err: 	at kotlinx.coroutines.JobSupport.cancel(JobSupport.kt:617)
12-02 23:11:41.919  1864  1864 W System.err: 	at kotlinx.coroutines.JobKt__JobKt.cancel(Job.kt:561)
12-02 23:11:41.919  1864  1864 W System.err: 	at kotlinx.coroutines.JobKt.cancel(Unknown Source:1)
12-02 23:11:41.919  1864  1864 W System.err: 	at kotlinx.coroutines.JobKt__JobKt.cancel$default(Job.kt:560)
12-02 23:11:41.919  1864  1864 W System.err: 	at kotlinx.coroutines.JobKt.cancel$default(Unknown Source:1)
12-02 23:11:41.919  1864  1864 W System.err: 	at androidx.lifecycle.CloseableCoroutineScope.close(ViewModel.kt:51)
12-02 23:11:41.919  1864  1864 W System.err: 	at androidx.lifecycle.ViewModel.closeWithRuntimeException(ViewModel.java:188)
12-02 23:11:41.919  1864  1864 W System.err: 	at androidx.lifecycle.ViewModel.clear(ViewModel.java:134)
12-02 23:11:41.919  1864  1864 W System.err: 	at androidx.lifecycle.ViewModelStore.clear(ViewModelStore.java:62)
12-02 23:11:41.919  1864  1864 W System.err: 	at androidx.fragment.app.FragmentManagerViewModel.clearNonConfigStateInternal(FragmentManagerViewModel.java:210)
12-02 23:11:41.920  1864  1864 W System.err: 	at androidx.fragment.app.FragmentManagerViewModel.clearNonConfigState(FragmentManagerViewModel.java:190)
12-02 23:11:41.920  1864  1864 W System.err: 	at androidx.fragment.app.FragmentStateManager.destroy(FragmentStateManager.java:778)
12-02 23:11:41.920  1864  1864 W System.err: 	at androidx.fragment.app.FragmentStateManager.moveToExpectedState(FragmentStateManager.java:335)
12-02 23:11:41.920  1864  1864 W System.err: 	at androidx.fragment.app.FragmentStore.moveToExpectedState(FragmentStore.java:113)
12-02 23:11:41.920  1864  1864 W System.err: 	at androidx.fragment.app.FragmentManager.moveToState(FragmentManager.java:1374)
12-02 23:11:41.920  1864  1864 W System.err: 	at androidx.fragment.app.FragmentManager.dispatchStateChange(FragmentManager.java:2841)
12-02 23:11:41.920  1864  1864 W System.err: 	at androidx.fragment.app.FragmentManager.dispatchDestroy(FragmentManager.java:2820)
12-02 23:11:41.920  1864  1864 W System.err: 	at androidx.fragment.app.Fragment.performDestroy(Fragment.java:3246)
12-02 23:11:41.920  1864  1864 W System.err: 	at androidx.fragment.app.FragmentStateManager.destroy(FragmentStateManager.java:780)
12-02 23:11:41.920  1864  1864 W System.err: 	at androidx.fragment.app.FragmentStateManager.moveToExpectedState(FragmentStateManager.java:335)
12-02 23:11:41.920  1864  1864 W System.err: 	at androidx.fragment.app.SpecialEffectsController$FragmentStateManagerOperation.complete(SpecialEffectsController.java:771)
12-02 23:11:41.921  1864  1864 W System.err: 	at androidx.fragment.app.SpecialEffectsController$Operation.cancel(SpecialEffectsController.java:615)
12-02 23:11:41.921  1864  1864 W System.err: 	at androidx.fragment.app.SpecialEffectsController.forceCompleteAllOperations(SpecialEffectsController.java:350)
12-02 23:11:41.921  1864  1864 W System.err: 	at androidx.fragment.app.FragmentManager.dispatchStateChange(FragmentManager.java:2844)
12-02 23:11:41.922  1864  1864 W System.err: 	at androidx.fragment.app.FragmentManager.dispatchDestroy(FragmentManager.java:2820)
12-02 23:11:41.923  1864  1864 W System.err: 	at androidx.fragment.app.FragmentController.dispatchDestroy(FragmentController.java:345)
12-02 23:11:41.923  1864  1864 W System.err: 	at androidx.fragment.app.FragmentActivity.onDestroy(FragmentActivity.java:306)
12-02 23:11:41.923  1864  1864 W System.err: 	at androidx.appcompat.app.AppCompatActivity.onDestroy(AppCompatActivity.java:278)
12-02 23:11:41.925  1864  1864 W System.err: 	at android.app.Activity.performDestroy(Activity.java:8048)
12-02 23:11:41.925  1864  1864 W System.err: 	at android.app.Instrumentation.callActivityOnDestroy(Instrumentation.java:1334)
12-02 23:11:41.925  1864  1864 W System.err: 	at androidx.test.runner.MonitoringInstrumentation.callActivityOnDestroy(MonitoringInstrumentation.java:766)
12-02 23:11:41.925  1864  1864 W System.err: 	at android.app.ActivityThread.performDestroyActivity(ActivityThread.java:4926)
12-02 23:11:41.925  1864  1864 W System.err: 	at android.app.ActivityThread.handleDestroyActivity(ActivityThread.java:4970)
12-02 23:11:41.925  1864  1864 W System.err: 	at android.app.servertransaction.DestroyActivityItem.execute(DestroyActivityItem.java:44)
12-02 23:11:41.925  1864  1864 W System.err: 	at android.app.servertransaction.TransactionExecutor.executeLifecycleState(TransactionExecutor.java:176)
12-02 23:11:41.925  1864  1864 W System.err: 	at android.app.servertransaction.TransactionExecutor.execute(TransactionExecutor.java:97)
12-02 23:11:41.925  1864  1864 W System.err: 	at android.app.ActivityThread$H.handleMessage(ActivityThread.java:2016)
12-02 23:11:41.925  1864  1864 W System.err: 	at android.os.Handler.dispatchMessage(Handler.java:107)
12-02 23:11:41.925  1864  1864 W System.err: 	at android.os.Looper.loop(Looper.java:214)
12-02 23:11:41.925  1864  1864 W System.err: 	at android.app.ActivityThread.main(ActivityThread.java:7356)
12-02 23:11:41.925  1864  1864 W System.err: 	at java.lang.reflect.Method.invoke(Native Method)
12-02 23:11:41.925  1864  1864 W System.err: 	at com.android.internal.os.RuntimeInit$MethodAndArgsCaller.run(RuntimeInit.java:492)
12-02 23:11:41.925  1864  1864 W System.err: 	at com.android.internal.os.ZygoteInit.main(ZygoteInit.java:930)
12-02 23:11:41.926  1864  1864 W System.err: ru.iteco.fmhandroid.exceptions.UnknownException
12-02 23:11:41.926  1864  1864 W System.err: 	at ru.iteco.fmhandroid.utils.Utils.makeRequest(Utils.kt:123)
12-02 23:11:41.926  1864  1864 W System.err: 	at ru.iteco.fmhandroid.utils.Utils$makeRequest$1.invokeSuspend(Unknown Source:15)
12-02 23:11:41.926  1864  1864 W System.err: 	at kotlin.coroutines.jvm.internal.BaseContinuationImpl.resumeWith(ContinuationImpl.kt:33)
12-02 23:11:41.926  1864  1864 W System.err: 	at kotlinx.coroutines.DispatchedTaskKt.resume(DispatchedTask.kt:234)
12-02 23:11:41.926  1864  1864 W System.err: 	at kotlinx.coroutines.DispatchedTaskKt.resumeUnconfined(DispatchedTask.kt:190)
12-02 23:11:41.926  1864  1864 W System.err: 	at kotlinx.coroutines.DispatchedTaskKt.dispatch(DispatchedTask.kt:161)
12-02 23:11:41.926  1864  1864 W System.err: 	at kotlinx.coroutines.CancellableContinuationImpl.dispatchResume(CancellableContinuationImpl.kt:397)
12-02 23:11:41.926  1864  1864 W System.err: 	at kotlinx.coroutines.CancellableContinuationImpl.cancel(CancellableContinuationImpl.kt:183)
12-02 23:11:41.926  1864  1864 W System.err: 	at kotlinx.coroutines.CancellableContinuationImpl.parentCancelled$kotlinx_coroutines_core(CancellableContinuationImpl.kt:190)
12-02 23:11:41.926  1864  1864 W System.err: 	at kotlinx.coroutines.ChildContinuation.invoke(JobSupport.kt:1474)
12-02 23:11:41.926  1864  1864 W System.err: 	at kotlinx.coroutines.JobSupport.notifyCancelling(JobSupport.kt:1499)
12-02 23:11:41.926  1864  1864 W System.err: 	at kotlinx.coroutines.JobSupport.tryMakeCancelling(JobSupport.kt:795)
12-02 23:11:41.926  1864  1864 W System.err: 	at kotlinx.coroutines.JobSupport.makeCancelling(JobSupport.kt:755)
12-02 23:11:41.926  1864  1864 W System.err: 	at kotlinx.coroutines.JobSupport.cancelImpl$kotlinx_coroutines_core(JobSupport.kt:671)
12-02 23:11:41.926  1864  1864 W System.err: 	at kotlinx.coroutines.JobSupport.parentCancelled(JobSupport.kt:637)
12-02 23:11:41.926  1864  1864 W System.err: 	at kotlinx.coroutines.ChildHandleNode.invoke(JobSupport.kt:1465)
12-02 23:11:41.926  1864  1864 W System.err: 	at kotlinx.coroutines.JobSupport.notifyCancelling(JobSupport.kt:1499)
12-02 23:11:41.926  1864  1864 W System.err: 	at kotlinx.coroutines.JobSupport.tryMakeCompletingSlowPath(JobSupport.kt:900)
12-02 23:11:41.926  1864  1864 W System.err: 	at kotlinx.coroutines.JobSupport.tryMakeCompleting(JobSupport.kt:863)
12-02 23:11:41.926  1864  1864 W System.err: 	at kotlinx.coroutines.JobSupport.cancelMakeCompleting(JobSupport.kt:696)
12-02 23:11:41.926  1864  1864 W System.err: 	at kotlinx.coroutines.JobSupport.cancelImpl$kotlinx_coroutines_core(JobSupport.kt:667)
12-02 23:11:41.926  1864  1864 W System.err: 	at kotlinx.coroutines.JobSupport.cancelInternal(JobSupport.kt:632)
12-02 23:11:41.926  1864  1864 W System.err: 	at kotlinx.coroutines.JobSupport.cancel(JobSupport.kt:617)
12-02 23:11:41.926  1864  1864 W System.err: 	at kotlinx.coroutines.JobKt__JobKt.cancel(Job.kt:561)
12-02 23:11:41.926  1864  1864 W System.err: 	at kotlinx.coroutines.JobKt.cancel(Unknown Source:1)
12-02 23:11:41.926  1864  1864 W System.err: 	at kotlinx.coroutines.JobKt__JobKt.cancel$default(Job.kt:560)
12-02 23:11:41.926  1864  1864 W System.err: 	at kotlinx.coroutines.JobKt.cancel$default(Unknown Source:1)
12-02 23:11:41.926  1864  1864 W System.err: 	at androidx.lifecycle.CloseableCoroutineScope.close(ViewModel.kt:51)
12-02 23:11:41.926  1864  1864 W System.err: 	at androidx.lifecycle.ViewModel.closeWithRuntimeException(ViewModel.java:188)
12-02 23:11:41.926  1864  1864 W System.err: 	at androidx.lifecycle.ViewModel.clear(ViewModel.java:134)
12-02 23:11:41.927  1864  1864 W System.err: 	at androidx.lifecycle.ViewModelStore.clear(ViewModelStore.java:62)
12-02 23:11:41.927  1864  1864 W System.err: 	at androidx.fragment.app.FragmentManagerViewModel.clearNonConfigStateInternal(FragmentManagerViewModel.java:210)
12-02 23:11:41.927  1864  1864 W System.err: 	at androidx.fragment.app.FragmentManagerViewModel.clearNonConfigState(FragmentManagerViewModel.java:190)
12-02 23:11:41.927  1864  1864 W System.err: 	at androidx.fragment.app.FragmentStateManager.destroy(FragmentStateManager.java:778)
12-02 23:11:41.927  1864  1864 W System.err: 	at androidx.fragment.app.FragmentStateManager.moveToExpectedState(FragmentStateManager.java:335)
12-02 23:11:41.927  1864  1864 W System.err: 	at androidx.fragment.app.FragmentStore.moveToExpectedState(FragmentStore.java:113)
12-02 23:11:41.927  1864  1864 W System.err: 	at androidx.fragment.app.FragmentManager.moveToState(FragmentManager.java:1374)
12-02 23:11:41.927  1864  1864 W System.err: 	at androidx.fragment.app.FragmentManager.dispatchStateChange(FragmentManager.java:2841)
12-02 23:11:41.927  1864  1864 W System.err: 	at androidx.fragment.app.FragmentManager.dispatchDestroy(FragmentManager.java:2820)
12-02 23:11:41.927  1864  1864 W System.err: 	at androidx.fragment.app.Fragment.performDestroy(Fragment.java:3246)
12-02 23:11:41.927  1864  1864 W System.err: 	at androidx.fragment.app.FragmentStateManager.destroy(FragmentStateManager.java:780)
12-02 23:11:41.927  1864  1864 W System.err: 	at androidx.fragment.app.FragmentStateManager.moveToExpectedState(FragmentStateManager.java:335)
12-02 23:11:41.927  1864  1864 W System.err: 	at androidx.fragment.app.SpecialEffectsController$FragmentStateManagerOperation.complete(SpecialEffectsController.java:771)
12-02 23:11:41.927  1864  1864 W System.err: 	at androidx.fragment.app.SpecialEffectsController$Operation.cancel(SpecialEffectsController.java:615)
12-02 23:11:41.927  1864  1864 W System.err: 	at androidx.fragment.app.SpecialEffectsController.forceCompleteAllOperations(SpecialEffectsController.java:350)
12-02 23:11:41.927  1864  1864 W System.err: 	at androidx.fragment.app.FragmentManager.dispatchStateChange(FragmentManager.java:2844)
12-02 23:11:41.927  1864  1864 W System.err: 	at androidx.fragment.app.FragmentManager.dispatchDestroy(FragmentManager.java:2820)
12-02 23:11:41.928  1864  1864 W System.err: 	at androidx.fragment.app.FragmentController.dispatchDestroy(FragmentController.java:345)
12-02 23:11:41.928  1864  1864 W System.err: 	at androidx.fragment.app.FragmentActivity.onDestroy(FragmentActivity.java:306)
12-02 23:11:41.928  1864  1864 W System.err: 	at androidx.appcompat.app.AppCompatActivity.onDestroy(AppCompatActivity.java:278)
12-02 23:11:41.928  1864  1864 W System.err: 	at android.app.Activity.performDestroy(Activity.java:8048)
12-02 23:11:41.928  1864  1864 W System.err: 	at android.app.Instrumentation.callActivityOnDestroy(Instrumentation.java:1334)
12-02 23:11:41.928  1864  1864 W System.err: 	at androidx.test.runner.MonitoringInstrumentation.callActivityOnDestroy(MonitoringInstrumentation.java:766)
12-02 23:11:41.928  1864  1864 W System.err: 	at android.app.ActivityThread.performDestroyActivity(ActivityThread.java:4926)
12-02 23:11:41.928  1864  1864 W System.err: 	at android.app.ActivityThread.handleDestroyActivity(ActivityThread.java:4970)
12-02 23:11:41.928  1864  1864 W System.err: 	at android.app.servertransaction.DestroyActivityItem.execute(DestroyActivityItem.java:44)
12-02 23:11:41.928  1864  1864 W System.err: 	at android.app.servertransaction.TransactionExecutor.executeLifecycleState(TransactionExecutor.java:176)
12-02 23:11:41.928  1864  1864 W System.err: 	at android.app.servertransaction.TransactionExecutor.execute(TransactionExecutor.java:97)
12-02 23:11:41.928  1864  1864 W System.err: 	at android.app.ActivityThread$H.handleMessage(ActivityThread.java:2016)
12-02 23:11:41.928  1864  1864 W System.err: 	at android.os.Handler.dispatchMessage(Handler.java:107)
12-02 23:11:41.929  1864  1864 W System.err: 	at android.os.Looper.loop(Looper.java:214)
12-02 23:11:41.929  1864  1864 W System.err: 	at android.app.ActivityThread.main(ActivityThread.java:7356)
12-02 23:11:41.929  1864  1864 W System.err: 	at java.lang.reflect.Method.invoke(Native Method)
12-02 23:11:41.929  1864  1864 W System.err: 	at com.android.internal.os.RuntimeInit$MethodAndArgsCaller.run(RuntimeInit.java:492)
12-02 23:11:41.929  1864  1864 W System.err: 	at com.android.internal.os.ZygoteInit.main(ZygoteInit.java:930)
12-02 23:11:41.998  2881  2533 V FA-SVC  : Upload scheduled in approximately ms: 1007487
12-02 23:11:41.998  2881  2533 V FA-SVC  : Unscheduling upload
12-02 23:11:42.012  2881  2533 V FA-SVC  : Scheduling upload, millis: 1007487
12-02 23:11:42.014  2881  2533 V FA-SVC  : Background event processing time, ms: 118
12-02 23:11:42.019  2584  2428 W ctxmgr  : [AclManager] No 3 for (accnt=account#-517948760#, com.google.android.gms(10114):UserVelocityProducer, vrsn=202414022, 0, 3pPkg = null ,  3pMdlId = null ,  pid = 2584). Was: 3 for 1, account#-517948760# [CONTEXT service_id=47 ]
12-02 23:11:42.086  2010  2025 I system_server: NativeAlloc concurrent copying GC freed 71621(2830KB) AllocSpace objects, 4(144KB) LOS objects, 21% free, 21MB/27MB, paused 432us total 475.080ms
12-02 23:11:42.102  2584  3808 W GCoreFlp: No location to return for getLastLocation()
12-02 23:11:42.117  1864  1909 I teco.fmhandroi: Background young concurrent copying GC freed 82795(5530KB) AllocSpace objects, 19(1352KB) LOS objects, 0% free, 141MB/141MB, paused 1.935ms total 386.556ms
12-02 23:11:42.124  2584  2379 I LogUtils: [Places]: ?: Couldn't find platform key file. [CONTEXT service_id=253 ]
12-02 23:11:42.153  2584  2427 E SQLiteDatabase: Error inserting flex_time=1007000 job_id=-1 period=2015000 source=16 requires_charging=0 preferred_network_type=1 target_class=com.google.android.gms.measurement.PackageMeasurementTaskService user_id=0 target_package=com.google.android.gms tag=Measurement.PackageMeasurementTaskService.UPLOAD_TASK_TAG task_type=0 required_idleness_state=0 service_kind=0 source_version=202414000 persistence_level=1 preferred_charging_state=1 required_network_type=0 runtime=1670011902102 retry_strategy={"maximum_backoff_seconds":{"3600":0},"initial_backoff_seconds":{"30":0},"retry_policy":{"0":0}} last_runtime=0
12-02 23:11:42.153  2584  2427 E SQLiteDatabase: android.database.sqlite.SQLiteConstraintException: UNIQUE constraint failed: pending_ops.tag, pending_ops.target_class, pending_ops.target_package, pending_ops.user_id (code 2067 SQLITE_CONSTRAINT_UNIQUE)
12-02 23:11:42.153  2584  2427 E SQLiteDatabase: 	at android.database.sqlite.SQLiteConnection.nativeExecuteForLastInsertedRowId(Native Method)
12-02 23:11:42.153  2584  2427 E SQLiteDatabase: 	at android.database.sqlite.SQLiteConnection.executeForLastInsertedRowId(SQLiteConnection.java:879)
12-02 23:11:42.153  2584  2427 E SQLiteDatabase: 	at android.database.sqlite.SQLiteSession.executeForLastInsertedRowId(SQLiteSession.java:790)
12-02 23:11:42.153  2584  2427 E SQLiteDatabase: 	at android.database.sqlite.SQLiteStatement.executeInsert(SQLiteStatement.java:88)
12-02 23:11:42.153  2584  2427 E SQLiteDatabase: 	at android.database.sqlite.SQLiteDatabase.insertWithOnConflict(SQLiteDatabase.java:1599)
12-02 23:11:42.153  2584  2427 E SQLiteDatabase: 	at android.database.sqlite.SQLiteDatabase.insert(SQLiteDatabase.java:1468)
12-02 23:11:42.153  2584  2427 E SQLiteDatabase: 	at aqui.a(:com.google.android.gms@202414022@20.24.14 (040700-319035315):175)
12-02 23:11:42.153  2584  2427 E SQLiteDatabase: 	at aqtk.a(:com.google.android.gms@202414022@20.24.14 (040700-319035315):182)
12-02 23:11:42.153  2584  2427 E SQLiteDatabase: 	at aqtk.a(:com.google.android.gms@202414022@20.24.14 (040700-319035315):23)
12-02 23:11:42.153  2584  2427 E SQLiteDatabase: 	at aqtk.a(:com.google.android.gms@202414022@20.24.14 (040700-319035315):177)
12-02 23:11:42.153  2584  2427 E SQLiteDatabase: 	at aqpu.run(:com.google.android.gms@202414022@20.24.14 (040700-319035315):9)
12-02 23:11:42.153  2584  2427 E SQLiteDatabase: 	at soy.b(:com.google.android.gms@202414022@20.24.14 (040700-319035315):12)
12-02 23:11:42.153  2584  2427 E SQLiteDatabase: 	at soy.run(:com.google.android.gms@202414022@20.24.14 (040700-319035315):7)
12-02 23:11:42.153  2584  2427 E SQLiteDatabase: 	at java.util.concurrent.ThreadPoolExecutor.runWorker(ThreadPoolExecutor.java:1167)
12-02 23:11:42.153  2584  2427 E SQLiteDatabase: 	at java.util.concurrent.ThreadPoolExecutor$Worker.run(ThreadPoolExecutor.java:641)
12-02 23:11:42.153  2584  2427 E SQLiteDatabase: 	at sux.run(:com.google.android.gms@202414022@20.24.14 (040700-319035315):0)
12-02 23:11:42.153  2584  2427 E SQLiteDatabase: 	at java.lang.Thread.run(Thread.java:919)
12-02 23:11:42.191  2584  2584 I GeofencerStateMachine: removeGeofences: removeRequest=RemoveGeofencingRequest[REMOVE_BY_PENDING_INTENT pendingIntent=PendingIntent[creatorPackage=com.google.android.gms], packageName=com.google.android.gms]
12-02 23:11:42.196  2584  2584 I GeofencerStateMachine: removeGeofences: removeRequest=RemoveGeofencingRequest[REMOVE_BY_PENDING_INTENT pendingIntent=PendingIntent[creatorPackage=com.google.android.gms], packageName=com.google.android.gms]
12-02 23:11:42.221  2584  2536 I PlacesLogger: [PlaceInferenceEngine]: [anon] Changed inference mode: 0 [CONTEXT service_id=253 ]
12-02 23:11:42.235  2584  3808 W GCoreFlp: No location to return for getLastLocation()
12-02 23:11:42.263  2584  2376 I LogUtils: [Places]: ?: Couldn't find platform key file. [CONTEXT service_id=253 ]
12-02 23:11:42.304  2584  2537 I LogUtils: [Places]: ?: Couldn't find platform key file. [CONTEXT service_id=253 ]
12-02 23:11:42.309  1772  1873 D gralloc_ranchu: gralloc_alloc: Creating ashmem region of size 14749696
12-02 23:11:42.326  3620  3641 I e.process.gapp: Background young concurrent copying GC freed 23284(1008KB) AllocSpace objects, 0(0B) LOS objects, 37% free, 1847KB/2936KB, paused 639us total 161.580ms
12-02 23:11:42.335  2584  2428 I ctxmgr  : [ProducerStatusImpl] updateStateForNewContextData: inactive, contextName=7 [CONTEXT service_id=47 ]
12-02 23:11:42.359  2584  2540 I LogUtils: [Places]: ?: Couldn't find platform key file. [CONTEXT service_id=253 ]
12-02 23:11:42.534  2584  2376 I LogUtils: [Places]: ?: Couldn't find platform key file. [CONTEXT service_id=253 ]
12-02 23:11:42.701  2584  3808 W GCoreFlp: No location to return for getLastLocation()
12-02 23:11:42.737  2584  2376 I LogUtils: [Places]: ?: Couldn't find platform key file. [CONTEXT service_id=253 ]
12-02 23:11:42.750  2584  2536 I LogUtils: [Places]: ?: PlacesBleScanner start() with priority 2 [CONTEXT service_id=253 ]
12-02 23:11:42.751  2584  2536 I PlacesLogger: [PlaceInferenceEngine]: [anon] Changed inference mode: 1 [CONTEXT service_id=253 ]
12-02 23:11:42.766  2584  2584 E BeaconBle: Missing BluetoothAdapter [CONTEXT service_id=111 ]
12-02 23:11:42.766  2584  2584 I BeaconBle: BLE 'KK+' software access layer enabled [CONTEXT service_id=111 ]
12-02 23:11:42.768  2584  3808 W GCoreFlp: No location to return for getLastLocation()
12-02 23:11:42.796  2584  2584 I BeaconBle: Client requested scan, settings=BleSettings [scanMode=ZERO_POWER, callbackType=ALL_MATCHES, reportDelayMillis=0, 1 filters, 0 clients, callingClientName=Places] [CONTEXT service_id=111 ]
12-02 23:11:42.797  2584  2584 I BeaconBle: Scan : No clients left, canceling alarm. [CONTEXT service_id=111 ]
12-02 23:11:42.798  2584  2584 E BeaconBle: Scan couldn't start for Places [CONTEXT service_id=111 ]
12-02 23:11:42.798  2584  2584 W Places  : BLE failure while scanning - code 5
12-02 23:11:42.877  1864  1909 I teco.fmhandroi: Background concurrent copying GC freed 1793097(115MB) AllocSpace objects, 6(12MB) LOS objects, 21% free, 21MB/27MB, paused 459us total 757.240ms
12-02 23:11:42.962  2010 19651 D WificondControl: Scan result ready event
12-02 23:11:43.334  1772  1873 D gralloc_ranchu: gralloc_alloc: Creating ashmem region of size 14749696
12-02 23:11:43.578  1864  2497 D FA      : Application going to the background
12-02 23:11:43.626  2881  2533 V FA-SVC  : Logging event: origin=auto,name=app_background(_ab),params=Bundle[{ga_event_origin(_o)=auto}]
12-02 23:11:43.636  2881  2533 V FA-SVC  : Upload scheduled in approximately ms: 1005849
12-02 23:11:43.636  2881  2533 V FA-SVC  : Unscheduling upload
12-02 23:11:43.639  2881  2533 V FA-SVC  : Scheduling upload, millis: 1005849
12-02 23:11:43.641  2881  2533 V FA-SVC  : Background event processing time, ms: 15
12-02 23:11:43.651  2584  2376 E SQLiteDatabase: Error inserting flex_time=1005000 job_id=-1 period=2012000 source=16 requires_charging=0 preferred_network_type=1 target_class=com.google.android.gms.measurement.PackageMeasurementTaskService user_id=0 target_package=com.google.android.gms tag=Measurement.PackageMeasurementTaskService.UPLOAD_TASK_TAG task_type=0 required_idleness_state=0 service_kind=0 source_version=202414000 persistence_level=1 preferred_charging_state=1 required_network_type=0 runtime=1670011903648 retry_strategy={"maximum_backoff_seconds":{"3600":0},"initial_backoff_seconds":{"30":0},"retry_policy":{"0":0}} last_runtime=0
12-02 23:11:43.651  2584  2376 E SQLiteDatabase: android.database.sqlite.SQLiteConstraintException: UNIQUE constraint failed: pending_ops.tag, pending_ops.target_class, pending_ops.target_package, pending_ops.user_id (code 2067 SQLITE_CONSTRAINT_UNIQUE)
12-02 23:11:43.651  2584  2376 E SQLiteDatabase: 	at android.database.sqlite.SQLiteConnection.nativeExecuteForLastInsertedRowId(Native Method)
12-02 23:11:43.651  2584  2376 E SQLiteDatabase: 	at android.database.sqlite.SQLiteConnection.executeForLastInsertedRowId(SQLiteConnection.java:879)
12-02 23:11:43.651  2584  2376 E SQLiteDatabase: 	at android.database.sqlite.SQLiteSession.executeForLastInsertedRowId(SQLiteSession.java:790)
12-02 23:11:43.651  2584  2376 E SQLiteDatabase: 	at android.database.sqlite.SQLiteStatement.executeInsert(SQLiteStatement.java:88)
12-02 23:11:43.651  2584  2376 E SQLiteDatabase: 	at android.database.sqlite.SQLiteDatabase.insertWithOnConflict(SQLiteDatabase.java:1599)
12-02 23:11:43.651  2584  2376 E SQLiteDatabase: 	at android.database.sqlite.SQLiteDatabase.insert(SQLiteDatabase.java:1468)
12-02 23:11:43.651  2584  2376 E SQLiteDatabase: 	at aqui.a(:com.google.android.gms@202414022@20.24.14 (040700-319035315):175)
12-02 23:11:43.651  2584  2376 E SQLiteDatabase: 	at aqtk.a(:com.google.android.gms@202414022@20.24.14 (040700-319035315):182)
12-02 23:11:43.651  2584  2376 E SQLiteDatabase: 	at aqtk.a(:com.google.android.gms@202414022@20.24.14 (040700-319035315):23)
12-02 23:11:43.651  2584  2376 E SQLiteDatabase: 	at aqtk.a(:com.google.android.gms@202414022@20.24.14 (040700-319035315):177)
12-02 23:11:43.651  2584  2376 E SQLiteDatabase: 	at aqpu.run(:com.google.android.gms@202414022@20.24.14 (040700-319035315):9)
12-02 23:11:43.651  2584  2376 E SQLiteDatabase: 	at soy.b(:com.google.android.gms@202414022@20.24.14 (040700-319035315):12)
12-02 23:11:43.651  2584  2376 E SQLiteDatabase: 	at soy.run(:com.google.android.gms@202414022@20.24.14 (040700-319035315):7)
12-02 23:11:43.651  2584  2376 E SQLiteDatabase: 	at java.util.concurrent.ThreadPoolExecutor.runWorker(ThreadPoolExecutor.java:1167)
12-02 23:11:43.651  2584  2376 E SQLiteDatabase: 	at java.util.concurrent.ThreadPoolExecutor$Worker.run(ThreadPoolExecutor.java:641)
12-02 23:11:43.651  2584  2376 E SQLiteDatabase: 	at sux.run(:com.google.android.gms@202414022@20.24.14 (040700-319035315):0)
12-02 23:11:43.651  2584  2376 E SQLiteDatabase: 	at java.lang.Thread.run(Thread.java:919)
12-02 23:11:43.805  1864  1989 E TestRunner: failed: shouldFilterClaimsWithStatusInProgressExecutedAndCanceled(ru.iteco.fmhandroid.ui.FilterClaimsPageTest)
12-02 23:11:43.805  1864  1989 E TestRunner: ----- begin exception -----
12-02 23:11:43.806  1864  1989 E TestRunner: androidx.test.espresso.base.AssertionErrorHandler$AssertionFailedWithCauseError: 'Have view id $targetViewId with matches $itemMatcher' doesn't match the selected view.
12-02 23:11:43.806  1864  1989 E TestRunner: Expected: Have view id $targetViewId with matches $itemMatcher
12-02 23:11:43.806  1864  1989 E TestRunner:      Got: androidx.recyclerview.widget.RecyclerView{371d30e VFED..... ........ 0,0-1440,1748 #7f0800c4 app:id/claim_list_recycler_view}
12-02 23:11:43.806  1864  1989 E TestRunner: View Details: RecyclerView{id=2131230916, res-name=claim_list_recycler_view, visibility=VISIBLE, width=1440, height=1748, has-focus=false, has-focusable=true, has-window-focus=true, is-clickable=false, is-enabled=true, is-focused=false, is-focusable=true, is-layout-requested=false, is-selected=false, layout-params=androidx.constraintlayout.widget.ConstraintLayout$LayoutParams@YYYYYY, tag=null, root-is-layout-requested=false, has-input-connection=false, x=0.0, y=0.0, child-count=4}
12-02 23:11:43.806  1864  1989 E TestRunner: 
12-02 23:11:43.806  1864  1989 E TestRunner: 	at dalvik.system.VMStack.getThreadStackTrace(Native Method)
12-02 23:11:43.806  1864  1989 E TestRunner: 	at java.lang.Thread.getStackTrace(Thread.java:1720)
12-02 23:11:43.806  1864  1989 E TestRunner: 	at androidx.test.espresso.base.AssertionErrorHandler.handleSafely(AssertionErrorHandler.java:3)
12-02 23:11:43.806  1864  1989 E TestRunner: 	at androidx.test.espresso.base.AssertionErrorHandler.handleSafely(AssertionErrorHandler.java:1)
12-02 23:11:43.806  1864  1989 E TestRunner: 	at androidx.test.espresso.base.DefaultFailureHandler$TypedFailureHandler.handle(DefaultFailureHandler.java:4)
12-02 23:11:43.806  1864  1989 E TestRunner: 	at androidx.test.espresso.base.DefaultFailureHandler.handle(DefaultFailureHandler.java:5)
12-02 23:11:43.806  1864  1989 E TestRunner: 	at androidx.test.espresso.ViewInteraction.waitForAndHandleInteractionResults(ViewInteraction.java:5)
12-02 23:11:43.806  1864  1989 E TestRunner: 	at androidx.test.espresso.ViewInteraction.check(ViewInteraction.java:12)
12-02 23:11:43.806  1864  1989 E TestRunner: 	at ru.iteco.fmhandroid.ui.steps.FilterClaimsPageSteps.checkClaimIsExist(FilterClaimsPageSteps.java:26)
12-02 23:11:43.806  1864  1989 E TestRunner: 	at ru.iteco.fmhandroid.ui.FilterClaimsPageTest.shouldFilterClaimsWithStatusInProgressExecutedAndCanceled(FilterClaimsPageTest.java:637)
12-02 23:11:43.806  1864  1989 E TestRunner: 	at java.lang.reflect.Method.invoke(Native Method)
12-02 23:11:43.806  1864  1989 E TestRunner: 	at org.junit.runners.model.FrameworkMethod$1.runReflectiveCall(FrameworkMethod.java:59)
12-02 23:11:43.806  1864  1989 E TestRunner: 	at org.junit.internal.runners.model.ReflectiveCallable.run(ReflectiveCallable.java:12)
12-02 23:11:43.806  1864  1989 E TestRunner: 	at org.junit.runners.model.FrameworkMethod.invokeExplosively(FrameworkMethod.java:56)
12-02 23:11:43.806  1864  1989 E TestRunner: 	at org.junit.internal.runners.statements.InvokeMethod.evaluate(InvokeMethod.java:17)
12-02 23:11:43.806  1864  1989 E TestRunner: 	at androidx.test.internal.runner.junit4.statement.RunBefores.evaluate(RunBefores.java:80)
12-02 23:11:43.806  1864  1989 E TestRunner: 	at androidx.test.rule.ActivityTestRule$ActivityStatement.evaluate(ActivityTestRule.java:543)
12-02 23:11:43.806  1864  1989 E TestRunner: 	at io.qameta.allure.android.rules.LogcatRule$apply$1.evaluate(LogcatRule.kt:23)
12-02 23:11:43.806  1864  1989 E TestRunner: 	at io.qameta.allure.android.rules.ScreenshotRule$apply$1.evaluate(ScreenshotRule.kt:22)
12-02 23:11:43.806  1864  1989 E TestRunner: 	at io.qameta.allure.android.rules.ScreenshotRule$apply$1.evaluate(ScreenshotRule.kt:22)
12-02 23:11:43.806  1864  1989 E TestRunner: 	at org.junit.rules.RunRules.evaluate(RunRules.java:20)
12-02 23:11:43.806  1864  1989 E TestRunner: 	at org.junit.runners.ParentRunner$3.evaluate(ParentRunner.java:306)
12-02 23:11:43.806  1864  1989 E TestRunner: 	at org.junit.runners.BlockJUnit4ClassRunner$1.evaluate(BlockJUnit4ClassRunner.java:100)
12-02 23:11:43.806  1864  1989 E TestRunner: 	at org.junit.runners.ParentRunner.runLeaf(ParentRunner.java:366)
12-02 23:11:43.806  1864  1989 E TestRunner: 	at org.junit.runners.BlockJUnit4ClassRunner.runChild(BlockJUnit4ClassRunner.java:103)
12-02 23:11:43.806  1864  1989 E TestRunner: 	at org.junit.runners.BlockJUnit4ClassRunner.runChild(BlockJUnit4ClassRunner.java:63)
12-02 23:11:43.806  1864  1989 E TestRunner: 	at org.junit.runners.ParentRunner$4.run(ParentRunner.java:331)
12-02 23:11:43.806  1864  1989 E TestRunner: 	at org.junit.runners.ParentRunner$1.schedule(ParentRunner.java:79)
12-02 23:11:43.806  1864  1989 E TestRunner: 	at org.junit.runners.ParentRunner.runChildren(ParentRunner.java:329)
12-02 23:11:43.806  1864  1989 E TestRunner: 	at org.junit.runners.ParentRunner.access$100(ParentRunner.java:66)
12-02 23:11:43.806  1864  1989 E TestRunner: 	at org.junit.runners.ParentRunner$2.evaluate(ParentRunner.java:293)
12-02 23:11:43.806  1864  1989 E TestRunner: 	at org.junit.runners.ParentRunner$3.evaluate(ParentRunner.java:306)
12-02 23:11:43.806  1864  1989 E TestRunner: 	at org.junit.runners.ParentRunner.run(ParentRunner.java:413)
12-02 23:11:43.806  1864  1989 E TestRunner: 	at androidx.test.ext.junit.runners.AndroidJUnit4.run(AndroidJUnit4.java:162)
12-02 23:11:43.806  1864  1989 E TestRunner: 	at io.qameta.allure.android.runners.AllureAndroidJUnit4.run(AllureAndroidJUnitRunners.kt:29)
12-02 23:11:43.806  1864  1989 E TestRunner: 	at org.junit.runners.Suite.runChild(Suite.java:128)
12-02 23:11:43.806  1864  1989 E TestRunner: 	at org.junit.runners.Suite.runChild(Suite.java:27)
12-02 23:11:43.806  1864  1989 E TestRunner: 	at org.junit.runners.ParentRunner$4.run(ParentRunner.java:331)
12-02 23:11:43.806  1864  1989 E TestRunner: 	at org.junit.runners.ParentRunner$1.schedule(ParentRunner.java:79)
12-02 23:11:43.806  1864  1989 E TestRunner: 	at org.junit.runners.ParentRunner.runChildren(ParentRunner.java:329)
12-02 23:11:43.806  1864  1989 E TestRunner: 	at org.junit.runners.Pare
12-02 23:11:43.806  1864  1989 E TestRunner: ----- end exception -----
12-02 23:11:43.810  1864  1989 I TestRunner: finished: shouldFilterClaimsWithStatusInProgressExecutedAndCanceled(ru.iteco.fmhandroid.ui.FilterClaimsPageTest)
12-02 23:11:44.005  1864  1989 I TestRunner: started: shouldFilterClaimsWithStatusCanceled(ru.iteco.fmhandroid.ui.FilterClaimsPageTest)
12-02 23:11:44.024  1864  1989 W ActivityTestRule: getActivityIntent() returned null using default: Intent(Intent.ACTION_MAIN)
12-02 23:11:44.026  2010  3304 I ActivityTaskManager: START u0 {act=android.intent.action.MAIN flg=0x10000000 cmp=ru.iteco.fmhandroid/.ui.AppActivity} from uid 10159
12-02 23:11:44.043  2010  3304 W InputReader: Device has associated, but no associated display id.
12-02 23:11:44.044  2010  3304 I chatty  : uid=1000(system) Binder:2010_D identical 18 lines
