12-02 23:11:44.044  2010  3304 W InputReader: Device has associated, but no associated display id.
12-02 23:11:44.046  1864  1864 W ActivityThread: handleWindowVisibility: no activity for token android.os.BinderProxy@34a5ca5
12-02 23:11:44.046  2010  3304 W InputReader: Device has associated, but no associated display id.
12-02 23:11:44.054  2010  3304 I chatty  : uid=1000(system) Binder:2010_D identical 18 lines
12-02 23:11:44.054  2010  3304 W InputReader: Device has associated, but no associated display id.
12-02 23:11:44.055  2010  2037 E system_server: Invalid ID 0x00000000.
12-02 23:11:44.072  1772  1873 D gralloc_ranchu: gralloc_alloc: Creating ashmem region of size 14749696
12-02 23:11:44.076  1864  1864 D LifecycleMonitor: Lifecycle status change: ru.iteco.fmhandroid.ui.AppActivity@4291e21 in: PRE_ON_CREATE
12-02 23:11:44.079  1864  2496 V FA      : onActivityCreated
12-02 23:11:44.107  1864  1864 D LifecycleMonitor: Lifecycle status change: ru.iteco.fmhandroid.ui.AppActivity@4291e21 in: CREATED
12-02 23:11:44.122  2010  2037 W InputReader: Device has associated, but no associated display id.
12-02 23:11:44.122  2010  2037 I chatty  : uid=1000(system) android.anim identical 8 lines
12-02 23:11:44.122  2010  2037 W InputReader: Device has associated, but no associated display id.
12-02 23:11:44.149  3139  3664 D EGL_emulation: eglMakeCurrent: 0xdb91c460: ver 2 0 (tinfo 0xbe64a3f0)
12-02 23:11:44.156  2448  3326 D EGL_emulation: eglMakeCurrent: 0xe3a07ba0: ver 2 0 (tinfo 0xe3a93b30)
12-02 23:11:44.201  1864  1864 D LifecycleMonitor: Lifecycle status change: ru.iteco.fmhandroid.ui.AppActivity@4291e21 in: STARTED
12-02 23:11:44.203  1864  1864 D LifecycleMonitor: Lifecycle status change: ru.iteco.fmhandroid.ui.AppActivity@4291e21 in: RESUMED
12-02 23:11:44.204  1864  2497 V FA      : Activity resumed, time: 95535203
12-02 23:11:44.326  2881  2533 V FA-SVC  : Logging event: origin=auto,name=screen_view(_vs),params=Bundle[{ga_event_origin(_o)=auto, ga_previous_class(_pc)=AppActivity, ga_previous_id(_pi)=4083891225062200021, ga_screen_class(_sc)=AppActivity, ga_screen_id(_si)=4083891225062200022}]
12-02 23:11:44.339  1772  1873 D gralloc_ranchu: gralloc_alloc: Creating ashmem region of size 14749696
12-02 23:11:44.339  1864  1909 I teco.fmhandroi: NativeAlloc concurrent copying GC freed 318172(10MB) AllocSpace objects, 16(3620KB) LOS objects, 39% free, 9415KB/15MB, paused 787us total 140.955ms
12-02 23:11:44.343  1772  1873 D gralloc_ranchu: gralloc_alloc: Creating ashmem region of size 14749696
12-02 23:11:44.345  1772  1873 D gralloc_ranchu: gralloc_alloc: Creating ashmem region of size 14749696
12-02 23:11:44.349  1864  2003 D EGL_emulation: eglMakeCurrent: 0xdb91b3e0: ver 2 0 (tinfo 0xdb98eb00)
12-02 23:11:44.385  2881  2533 V FA-SVC  : Upload scheduled in approximately ms: 1005100
12-02 23:11:44.385  2881  2533 V FA-SVC  : Unscheduling upload
12-02 23:11:44.386  2010  2041 I ActivityTaskManager: Displayed ru.iteco.fmhandroid/.ui.AppActivity: +358ms
12-02 23:11:44.394  2881  2533 V FA-SVC  : Scheduling upload, millis: 1005100
12-02 23:11:44.415  2881  2533 V FA-SVC  : Background event processing time, ms: 71
12-02 23:11:44.421  2169  2501 D EGL_emulation: eglMakeCurrent: 0xdb91a600: ver 2 0 (tinfo 0xdb90f8d0)
12-02 23:11:44.429  2584  2428 E SQLiteDatabase: Error inserting flex_time=1005000 job_id=-1 period=2011000 source=16 requires_charging=0 preferred_network_type=1 target_class=com.google.android.gms.measurement.PackageMeasurementTaskService user_id=0 target_package=com.google.android.gms tag=Measurement.PackageMeasurementTaskService.UPLOAD_TASK_TAG task_type=0 required_idleness_state=0 service_kind=0 source_version=202414000 persistence_level=1 preferred_charging_state=1 required_network_type=0 runtime=1670011904426 retry_strategy={"maximum_backoff_seconds":{"3600":0},"initial_backoff_seconds":{"30":0},"retry_policy":{"0":0}} last_runtime=0
12-02 23:11:44.429  2584  2428 E SQLiteDatabase: android.database.sqlite.SQLiteConstraintException: UNIQUE constraint failed: pending_ops.tag, pending_ops.target_class, pending_ops.target_package, pending_ops.user_id (code 2067 SQLITE_CONSTRAINT_UNIQUE)
12-02 23:11:44.429  2584  2428 E SQLiteDatabase: 	at android.database.sqlite.SQLiteConnection.nativeExecuteForLastInsertedRowId(Native Method)
12-02 23:11:44.429  2584  2428 E SQLiteDatabase: 	at android.database.sqlite.SQLiteConnection.executeForLastInsertedRowId(SQLiteConnection.java:879)
12-02 23:11:44.429  2584  2428 E SQLiteDatabase: 	at android.database.sqlite.SQLiteSession.executeForLastInsertedRowId(SQLiteSession.java:790)
12-02 23:11:44.429  2584  2428 E SQLiteDatabase: 	at android.database.sqlite.SQLiteStatement.executeInsert(SQLiteStatement.java:88)
12-02 23:11:44.429  2584  2428 E SQLiteDatabase: 	at android.database.sqlite.SQLiteDatabase.insertWithOnConflict(SQLiteDatabase.java:1599)
12-02 23:11:44.429  2584  2428 E SQLiteDatabase: 	at android.database.sqlite.SQLiteDatabase.insert(SQLiteDatabase.java:1468)
12-02 23:11:44.429  2584  2428 E SQLiteDatabase: 	at aqui.a(:com.google.android.gms@202414022@20.24.14 (040700-319035315):175)
12-02 23:11:44.429  2584  2428 E SQLiteDatabase: 	at aqtk.a(:com.google.android.gms@202414022@20.24.14 (040700-319035315):182)
12-02 23:11:44.429  2584  2428 E SQLiteDatabase: 	at aqtk.a(:com.google.android.gms@202414022@20.24.14 (040700-319035315):23)
12-02 23:11:44.429  2584  2428 E SQLiteDatabase: 	at aqtk.a(:com.google.android.gms@202414022@20.24.14 (040700-319035315):177)
12-02 23:11:44.429  2584  2428 E SQLiteDatabase: 	at aqpu.run(:com.google.android.gms@202414022@20.24.14 (040700-319035315):9)
12-02 23:11:44.429  2584  2428 E SQLiteDatabase: 	at soy.b(:com.google.android.gms@202414022@20.24.14 (040700-319035315):12)
12-02 23:11:44.429  2584  2428 E SQLiteDatabase: 	at soy.run(:com.google.android.gms@202414022@20.24.14 (040700-319035315):7)
12-02 23:11:44.429  2584  2428 E SQLiteDatabase: 	at java.util.concurrent.ThreadPoolExecutor.runWorker(ThreadPoolExecutor.java:1167)
12-02 23:11:44.429  2584  2428 E SQLiteDatabase: 	at java.util.concurrent.ThreadPoolExecutor$Worker.run(ThreadPoolExecutor.java:641)
12-02 23:11:44.429  2584  2428 E SQLiteDatabase: 	at sux.run(:com.google.android.gms@202414022@20.24.14 (040700-319035315):0)
12-02 23:11:44.429  2584  2428 E SQLiteDatabase: 	at java.lang.Thread.run(Thread.java:919)
12-02 23:11:44.455  3139  2171 I PBSessionCacheImpl: Deleted sessionId[429016979430] from persistence.
12-02 23:11:44.458  3139  3568 W SearchServiceCore: Abort, client detached.
12-02 23:11:44.988  1864  1864 I ViewInteraction: Performing 'wait for a specific view with <(an instance of android.widget.TextView and view.getText() with or without transformation to match: is "Authorization" and view.getParent() view.getParent() view.getId() is <2131231186>)> during 10000 millis.' action on view view.getRootView() to equal view
12-02 23:11:47.203  1864  2052 I okhttp.OkHttpClient: --> GET http://www.981757-ca08998.tmweb.ru:8080/fmh/authentication/userInfo
12-02 23:11:47.203  1864  2052 I okhttp.OkHttpClient: --> END GET
12-02 23:11:47.376  1864  2052 I okhttp.OkHttpClient: <-- 200 http://www.981757-ca08998.tmweb.ru:8080/fmh/authentication/userInfo (172ms)
12-02 23:11:47.376  1864  2052 I okhttp.OkHttpClient: Vary: Origin
12-02 23:11:47.376  1864  2052 I okhttp.OkHttpClient: Vary: Access-Control-Request-Method
12-02 23:11:47.376  1864  2052 I okhttp.OkHttpClient: Vary: Access-Control-Request-Headers
12-02 23:11:47.376  1864  2052 I okhttp.OkHttpClient: X-Content-Type-Options: nosniff
12-02 23:11:47.376  1864  2052 I okhttp.OkHttpClient: X-XSS-Protection: 1; mode=block
12-02 23:11:47.376  1864  2052 I okhttp.OkHttpClient: Cache-Control: no-cache, no-store, max-age=0, must-revalidate
12-02 23:11:47.376  1864  2052 I okhttp.OkHttpClient: Pragma: no-cache
12-02 23:11:47.376  1864  2052 I okhttp.OkHttpClient: Expires: 0
12-02 23:11:47.376  1864  2052 I okhttp.OkHttpClient: X-Frame-Options: DENY
12-02 23:11:47.376  1864  2052 I okhttp.OkHttpClient: Content-Type: application/json
12-02 23:11:47.376  1864  2052 I okhttp.OkHttpClient: Transfer-Encoding: chunked
12-02 23:11:47.376  1864  2052 I okhttp.OkHttpClient: Date: Fri, 02 Dec 2022 20:11:48 GMT
12-02 23:11:47.376  1864  2052 I okhttp.OkHttpClient: Keep-Alive: timeout=60
12-02 23:11:47.376  1864  2052 I okhttp.OkHttpClient: Connection: keep-alive
12-02 23:11:47.378  1864  2052 I okhttp.OkHttpClient: {"id":2,"firstName":"","lastName":"","middleName":"","admin":true}
12-02 23:11:47.378  1864  2052 I okhttp.OkHttpClient: <-- END HTTP (106-byte body)
12-02 23:11:47.384  1864  2061 I okhttp.OkHttpClient: --> GET http://www.981757-ca08998.tmweb.ru:8080/fmh/claims
12-02 23:11:47.384  1864  2061 I okhttp.OkHttpClient: --> END GET
12-02 23:11:48.866  1864  1864 I Choreographer: Skipped 88 frames!  The application may be doing too much work on its main thread.
12-02 23:11:49.157  1864  2003 I OpenGLRenderer: Davey! duration=1760ms; Flags=1, IntendedVsync=95538394874572, Vsync=95539861541180, OldestInputEvent=9223372036854775807, NewestInputEvent=0, HandleInputStart=95539866072580, AnimationStart=95539866115980, PerformTraversalsStart=95539867655480, DrawStart=95539889409080, SyncQueued=95539892081980, SyncStart=95539892905180, IssueDrawCommandsStart=95539893126580, SwapBuffers=95540150708980, FrameCompleted=95540156566380, DequeueBufferDuration=112000, QueueBufferDuration=286000, 
12-02 23:11:49.327  1864  2497 V FA      : Inactivity, disconnecting from the service
12-02 23:11:49.427  1864  2061 I okhttp.OkHttpClient: <-- 200 http://www.981757-ca08998.tmweb.ru:8080/fmh/claims (2042ms)
12-02 23:11:49.427  1864  2061 I okhttp.OkHttpClient: Vary: Origin
12-02 23:11:49.427  1864  2061 I okhttp.OkHttpClient: Vary: Access-Control-Request-Method
12-02 23:11:49.428  1864  2061 I okhttp.OkHttpClient: Vary: Access-Control-Request-Headers
12-02 23:11:49.428  1864  2061 I okhttp.OkHttpClient: X-Content-Type-Options: nosniff
12-02 23:11:49.428  1864  2061 I okhttp.OkHttpClient: X-XSS-Protection: 1; mode=block
12-02 23:11:49.428  1864  2061 I okhttp.OkHttpClient: Cache-Control: no-cache, no-store, max-age=0, must-revalidate
12-02 23:11:49.428  1864  2061 I okhttp.OkHttpClient: Pragma: no-cache
12-02 23:11:49.428  1864  2061 I okhttp.OkHttpClient: Expires: 0
12-02 23:11:49.428  1864  2061 I okhttp.OkHttpClient: X-Frame-Options: DENY
12-02 23:11:49.428  1864  2061 I okhttp.OkHttpClient: Content-Type: application/json
12-02 23:11:49.428  1864  2061 I okhttp.OkHttpClient: Transfer-Encoding: chunked
12-02 23:11:49.428  1864  2061 I okhttp.OkHttpClient: Date: Fri, 02 Dec 2022 20:11:50 GMT
12-02 23:11:49.428  1864  2061 I okhttp.OkHttpClient: Keep-Alive: timeout=60
12-02 23:11:49.428  1864  2061 I okhttp.OkHttpClient: Connection: keep-alive
12-02 23:11:49.543  2584  2379 I LogUtils: [Places]: ?: Couldn't find platform key file. [CONTEXT service_id=253 ]
12-02 23:11:49.546  2584  2537 I LogUtils: [Places]: ?: Couldn't find platform key file. [CONTEXT service_id=253 ]
12-02 23:11:49.566  2584  2536 I LogUtils: [Places]: ?: PlacesBleScanner stop() [CONTEXT service_id=253 ]
12-02 23:11:49.567  2584  2584 I BeaconBle: Scan : No clients left, canceling alarm. [CONTEXT service_id=111 ]
12-02 23:11:49.568  2584  2584 I BeaconBle: Scan canceled successfully. [CONTEXT service_id=111 ]
12-02 23:11:49.575  2584  2536 I PlacesLogger: [PlaceInferenceEngine]: [anon] Changed inference mode: 0 [CONTEXT service_id=253 ]
12-02 23:11:49.596  2584  2428 I LogUtils: [Places]: ?: Couldn't find platform key file. [CONTEXT service_id=253 ]
12-02 23:11:49.597  2584  2379 I LogUtils: [Places]: ?: Couldn't find platform key file. [CONTEXT service_id=253 ]
12-02 23:11:49.615  2584  3808 W GCoreFlp: No location to return for getLastLocation()
12-02 23:11:49.641  2584  2584 I GeofencerStateMachine: removeGeofences: removeRequest=RemoveGeofencingRequest[REMOVE_BY_PENDING_INTENT pendingIntent=PendingIntent[creatorPackage=com.google.android.gms], packageName=com.google.android.gms]
12-02 23:11:50.196  2010 19651 E memtrack: Couldn't load memtrack module
12-02 23:11:50.196  2010 19651 W android.os.Debug: failed to get memory consumption info: -1
12-02 23:11:54.335  2010  2041 E memtrack: Couldn't load memtrack module
12-02 23:11:54.335  2010  2041 W android.os.Debug: failed to get memory consumption info: -1
12-02 23:11:54.466  3139  3568 I WorkerManager: dispose()
12-02 23:11:54.467  3139  3568 W ThreadPoolDumper: Queue length for executor EventBus is now 11. Perhaps some tasks are too long, or the pool is too small.
12-02 23:11:54.579  2584  2584 I BeaconBle: Scan : No clients left, canceling alarm. [CONTEXT service_id=111 ]
12-02 23:11:55.010  1864  1864 D takeScreenshot: Found 1 global views to redraw
12-02 23:11:55.034  1772  1873 D gralloc_ranchu: gralloc_alloc: Creating ashmem region of size 14749696
12-02 23:11:55.069  1864  1989 W DefaultFailureHandler: Failed to take screenshot
12-02 23:11:55.069  1864  1989 W DefaultFailureHandler: java.io.FileNotFoundException: view-op-error-14.png: open failed: EROFS (Read-only file system)
12-02 23:11:55.069  1864  1989 W DefaultFailureHandler: 	at libcore.io.IoBridge.open(IoBridge.java:496)
12-02 23:11:55.069  1864  1989 W DefaultFailureHandler: 	at java.io.FileOutputStream.<init>(FileOutputStream.java:235)
12-02 23:11:55.069  1864  1989 W DefaultFailureHandler: 	at java.io.FileOutputStream.<init>(FileOutputStream.java:125)
12-02 23:11:55.069  1864  1989 W DefaultFailureHandler: 	at androidx.test.platform.io.FileTestStorage.openOutputFile(FileTestStorage.java:60)
12-02 23:11:55.069  1864  1989 W DefaultFailureHandler: 	at androidx.test.core.graphics.BitmapStorage.writeToTestStorage(BitmapStorageExt.kt:49)
12-02 23:11:55.069  1864  1989 W DefaultFailureHandler: 	at androidx.test.espresso.base.DefaultFailureHandler.takeScreenshot(DefaultFailureHandler.java:4)
12-02 23:11:55.069  1864  1989 W DefaultFailureHandler: 	at androidx.test.espresso.base.DefaultFailureHandler.handle(DefaultFailureHandler.java:3)
12-02 23:11:55.069  1864  1989 W DefaultFailureHandler: 	at androidx.test.espresso.ViewInteraction.waitForAndHandleInteractionResults(ViewInteraction.java:8)
12-02 23:11:55.069  1864  1989 W DefaultFailureHandler: 	at androidx.test.espresso.ViewInteraction.desugaredPerform(ViewInteraction.java:11)
12-02 23:11:55.069  1864  1989 W DefaultFailureHandler: 	at androidx.test.espresso.ViewInteraction.perform(ViewInteraction.java:8)
12-02 23:11:55.069  1864  1989 W DefaultFailureHandler: 	at ru.iteco.fmhandroid.ui.data.TestUtils.waitView(TestUtils.java:61)
12-02 23:11:55.069  1864  1989 W DefaultFailureHandler: 	at ru.iteco.fmhandroid.ui.steps.AuthSteps.isAuthScreen(AuthSteps.java:56)
12-02 23:11:55.069  1864  1989 W DefaultFailureHandler: 	at ru.iteco.fmhandroid.ui.FilterClaimsPageTest.logoutCheck(FilterClaimsPageTest.java:45)
12-02 23:11:55.069  1864  1989 W DefaultFailureHandler: 	at java.lang.reflect.Method.invoke(Native Method)
12-02 23:11:55.069  1864  1989 W DefaultFailureHandler: 	at org.junit.runners.model.FrameworkMethod$1.runReflectiveCall(FrameworkMethod.java:59)
12-02 23:11:55.069  1864  1989 W DefaultFailureHandler: 	at org.junit.internal.runners.model.ReflectiveCallable.run(ReflectiveCallable.java:12)
12-02 23:11:55.069  1864  1989 W DefaultFailureHandler: 	at org.junit.runners.model.FrameworkMethod.invokeExplosively(FrameworkMethod.java:56)
12-02 23:11:55.069  1864  1989 W DefaultFailureHandler: 	at androidx.test.internal.runner.junit4.statement.RunBefores.evaluate(RunBefores.java:76)
12-02 23:11:55.069  1864  1989 W DefaultFailureHandler: 	at androidx.test.rule.ActivityTestRule$ActivityStatement.evaluate(ActivityTestRule.java:543)
12-02 23:11:55.069  1864  1989 W DefaultFailureHandler: 	at io.qameta.allure.android.rules.LogcatRule$apply$1.evaluate(LogcatRule.kt:23)
12-02 23:11:55.069  1864  1989 W DefaultFailureHandler: 	at io.qameta.allure.android.rules.ScreenshotRule$apply$1.evaluate(ScreenshotRule.kt:22)
12-02 23:11:55.069  1864  1989 W DefaultFailureHandler: 	at io.qameta.allure.android.rules.ScreenshotRule$apply$1.evaluate(ScreenshotRule.kt:22)
12-02 23:11:55.069  1864  1989 W DefaultFailureHandler: 	at org.junit.rules.RunRules.evaluate(RunRules.java:20)
12-02 23:11:55.069  1864  1989 W DefaultFailureHandler: 	at org.junit.runners.ParentRunner$3.evaluate(ParentRunner.java:306)
12-02 23:11:55.069  1864  1989 W DefaultFailureHandler: 	at org.junit.runners.BlockJUnit4ClassRunner$1.evaluate(BlockJUnit4ClassRunner.java:100)
12-02 23:11:55.069  1864  1989 W DefaultFailureHandler: 	at org.junit.runners.ParentRunner.runLeaf(ParentRunner.java:366)
12-02 23:11:55.069  1864  1989 W DefaultFailureHandler: 	at org.junit.runners.BlockJUnit4ClassRunner.runChild(BlockJUnit4ClassRunner.java:103)
12-02 23:11:55.069  1864  1989 W DefaultFailureHandler: 	at org.junit.runners.BlockJUnit4ClassRunner.runChild(BlockJUnit4ClassRunner.java:63)
12-02 23:11:55.069  1864  1989 W DefaultFailureHandler: 	at org.junit.runners.ParentRunner$4.run(ParentRunner.java:331)
12-02 23:11:55.069  1864  1989 W DefaultFailureHandler: 	at org.junit.runners.ParentRunner$1.schedule(ParentRunner.java:79)
12-02 23:11:55.069  1864  1989 W DefaultFailureHandler: 	at org.junit.runners.ParentRunner.runChildren(ParentRunner.java:329)
12-02 23:11:55.069  1864  1989 W DefaultFailureHandler: 	at org.junit.runners.ParentRunner.access$100(ParentRunner.java:66)
12-02 23:11:55.069  1864  1989 W DefaultFailureHandler: 	at org.junit.runners.ParentRunner$2.evaluate(ParentRunner.java:293)
12-02 23:11:55.069  1864  1989 W DefaultFailureHandler: 	at org.junit.runners.ParentRunner$3.evaluate(ParentRunner.java:306)
12-02 23:11:55.069  1864  1989 W DefaultFailureHandler: 	at org.junit.runners.ParentRunner.run(ParentRunner.java:413)
12-02 23:11:55.069  1864  1989 W DefaultFailureHandler: 	at androidx.test.ext.junit.runners.AndroidJUnit4.run(AndroidJUnit4.java:162)
12-02 23:11:55.069  1864  1989 W DefaultFailureHandler: 	at io.qameta.allure.android.runners.AllureAndroidJUnit4.run(AllureAndroidJUnitRunners.kt:29)
12-02 23:11:55.069  1864  1989 W DefaultFailureHandler: 	at org.junit.runners.Suite.runChild(Suite.java:128)
12-02 23:11:55.069  1864  1989 W DefaultFailureHandler: 	at org.junit.runners.Suite.runChild(Suite.java:27)
12-02 23:11:55.069  1864  1989 W DefaultFailureHandler: 	at org.junit.runners.ParentRunner$4.run(ParentRunner.java:331)
12-02 23:11:55.069  1864  1989 W DefaultFailureHandler: 	at org.junit.runners.ParentRunner$1.schedule(ParentRunner.java:79)
12-02 23:11:55.069  1864  1989 W DefaultFailureHandler: 	at org.junit.runners.ParentRunner.runChildren(ParentRunner.java:329)
12-02 23:11:55.069  1864  1989 W DefaultFailureHandler: 	at org.junit.runners.ParentRunner.access$100(ParentRunner.java:66)
12-02 23:11:55.069  1864  1989 W DefaultFailureHandler: 	at org.junit.runners.ParentRunner$2.evaluate(ParentRunner.java:293)
12-02 23:11:55.069  1864  1989 W DefaultFailureHandler: 	at org.junit.runners.ParentRunner$3.evaluate(ParentRunner.java:306)
12-02 23:11:55.069  1864  1989 W DefaultFailureHandler: 	at org.junit.runners.ParentRunner.run(ParentRunner.java:413)
12-02 23:11:55.069  1864  1989 W DefaultFailureHandler: 	at org.junit.runner.JUnitCore.run(JUnitCore.java:137)
12-02 23:11:55.069  1864  1989 W DefaultFailureHandler: 	at org.junit.runner.JUnitCore.run(JUnitCore.java:115)
12-02 23:11:55.069  1864  1989 W DefaultFailureHandler: 	at androidx.test.internal.runner.TestExecutor.execute(TestExecutor.java:67)
12-02 23:11:55.069  1864  1989 W DefaultFailureHandler: 	at androidx.test.internal.runner.TestExecutor.execute(TestExecutor.java:58)
12-02 23:11:55.069  1864  1989 W DefaultFailureHandler: 	at androidx.test.runner.AndroidJUnitRunner.onStart(AndroidJUnitRunner.java:438)
12-02 23:11:55.070  1864  1989 W DefaultFailureHandler: 	at android.app.Instrumentation$InstrumentationThread.run(Instrumentation.java:2189)
12-02 23:11:55.070  1864  1989 W DefaultFailureHandler: Caused by: android.system.ErrnoException: open failed: EROFS (Read-only file system)
12-02 23:11:55.070  1864  1989 W DefaultFailureHandler: 	at libcore.io.Linux.open(Native Method)
12-02 23:11:55.070  1864  1989 W DefaultFailureHandler: 	at libcore.io.ForwardingOs.open(ForwardingOs.java:167)
12-02 23:11:55.070  1864  1989 W DefaultFailureHandler: 	at libcore.io.BlockGuardOs.open(BlockGuardOs.java:252)
12-02 23:11:55.070  1864  1989 W DefaultFailureHandler: 	at libcore.io.ForwardingOs.open(ForwardingOs.java:167)
12-02 23:11:55.070  1864  1989 W DefaultFailureHandler: 	at android.app.ActivityThread$AndroidOs.open(ActivityThread.java:7255)
12-02 23:11:55.070  1864  1989 W DefaultFailureHandler: 	at libcore.io.IoBridge.open(IoBridge.java:482)
12-02 23:11:55.070  1864  1989 W DefaultFailureHandler: 	... 51 more
12-02 23:11:55.072  1864  1864 I ViewInteraction: Performing 'wait for a specific view with <view.getId() is <2131230870/ru.iteco.fmhandroid:id/authorization_image_button>> during 10000 millis.' action on view view.getRootView() to equal view
12-02 23:11:55.076  1864  1864 I ViewInteraction: Checking 'MatchesViewAssertion{viewMatcher=(view has effective visibility <VISIBLE> and view.getGlobalVisibleRect() to return non-empty rectangle)}' assertion on view view.getId() is <2131230870/ru.iteco.fmhandroid:id/authorization_image_button>
12-02 23:11:55.078  1864  1864 I ViewInteraction: Performing 'single click' action on view view.getId() is <2131230870/ru.iteco.fmhandroid:id/authorization_image_button>
12-02 23:11:55.125  1750  3111 W audio_hw_generic: Not supplying enough data to HAL, expected position 448814394 , only wrote 448814373
12-02 23:11:55.153  1772  1873 D gralloc_ranchu: gralloc_alloc: Creating ashmem region of size 1429504
12-02 23:11:55.156  1772  1873 I chatty  : uid=1000(system) HwBinder:1772_1 identical 1 line
12-02 23:11:55.157  1772  1873 D gralloc_ranchu: gralloc_alloc: Creating ashmem region of size 1429504
12-02 23:11:55.162  1864  2003 D EGL_emulation: eglMakeCurrent: 0xdb91b3e0: ver 2 0 (tinfo 0xdb98eb00)
12-02 23:11:55.189  1864  2003 I chatty  : uid=10159(ru.iteco.fmhandroid) RenderThread identical 2 lines
12-02 23:11:55.204  1864  2003 D EGL_emulation: eglMakeCurrent: 0xdb91b3e0: ver 2 0 (tinfo 0xdb98eb00)
12-02 23:11:55.426  1864  1864 I ViewInteraction: Performing 'wait for a specific view with <an instance of android.widget.TextView and view.getText() with or without transformation to match: is "Log out"> during 10000 millis.' action on view view.getRootView() to equal view
12-02 23:11:55.429  1864  1864 I ViewInteraction: Checking 'MatchesViewAssertion{viewMatcher=(view has effective visibility <VISIBLE> and view.getGlobalVisibleRect() to return non-empty rectangle)}' assertion on view an instance of android.widget.TextView and view.getText() with or without transformation to match: is "Log out"
12-02 23:11:55.431  1864  1864 I ViewInteraction: Performing 'single click' action on view an instance of android.widget.TextView and view.getText() with or without transformation to match: is "Log out"
12-02 23:11:55.482  1864  2003 D EGL_emulation: eglMakeCurrent: 0xdb91b3e0: ver 2 0 (tinfo 0xdb98eb00)
12-02 23:11:55.603  1864  2003 I chatty  : uid=10159(ru.iteco.fmhandroid) RenderThread identical 1 line
12-02 23:11:55.620  1864  2003 D EGL_emulation: eglMakeCurrent: 0xdb91b3e0: ver 2 0 (tinfo 0xdb98eb00)
12-02 23:11:55.719  1864  1864 I ViewInteraction: Performing 'wait for a specific view with <(an instance of android.widget.TextView and view.getText() with or without transformation to match: is "Authorization" and view.getParent() view.getParent() view.getId() is <2131231186>)> during 10000 millis.' action on view view.getRootView() to equal view
12-02 23:11:55.723  1864  1864 I ViewInteraction: Checking 'MatchesViewAssertion{viewMatcher=(view has effective visibility <VISIBLE> and view.getGlobalVisibleRect() to return non-empty rectangle)}' assertion on view (an instance of android.widget.TextView and view.getText() with or without transformation to match: is "Authorization" and view.getParent() view.getParent() view.getId() is <2131231186/ru.iteco.fmhandroid:id/nav_host_fragment>)
12-02 23:11:55.725  1864  1864 I ViewInteraction: Performing 'wait for a specific view with <(an instance of android.widget.TextView and view.getHint() matching: is "Login" and view.getParent() view.getParent() view.getId() is <2131231121/ru.iteco.fmhandroid:id/login_text_input_layout>)> during 10000 millis.' action on view view.getRootView() to equal view
12-02 23:11:55.728  1864  1864 I ViewInteraction: Checking 'MatchesViewAssertion{viewMatcher=(view has effective visibility <VISIBLE> and view.getGlobalVisibleRect() to return non-empty rectangle)}' assertion on view (an instance of android.widget.TextView and view.getHint() matching: is "Login" and view.getParent() view.getParent() view.getId() is <2131231121/ru.iteco.fmhandroid:id/login_text_input_layout>)
12-02 23:11:55.731  1864  1864 I ViewInteraction: Performing 'wait for a specific view with <(an instance of android.widget.TextView and view.getHint() matching: is "Password" and view.getParent() view.getParent() view.getId() is <2131231264/ru.iteco.fmhandroid:id/password_text_input_layout>)> during 10000 millis.' action on view view.getRootView() to equal view
12-02 23:11:55.734  1864  1864 I ViewInteraction: Checking 'MatchesViewAssertion{viewMatcher=(view has effective visibility <VISIBLE> and view.getGlobalVisibleRect() to return non-empty rectangle)}' assertion on view (an instance of android.widget.TextView and view.getHint() matching: is "Password" and view.getParent() view.getParent() view.getId() is <2131231264/ru.iteco.fmhandroid:id/password_text_input_layout>)
12-02 23:11:55.736  1864  1864 I ViewInteraction: Performing 'wait for a specific view with <(view.getId() is <2131231039/ru.iteco.fmhandroid:id/enter_button> and an instance of android.widget.TextView and view.getText() with or without transformation to match: is "SIGN IN" and view.getContentDescription() is "Save" and view.getParent() view.getParent() an instance of android.widget.RelativeLayout)> during 10000 millis.' action on view view.getRootView() to equal view
12-02 23:11:55.738  1864  1864 I ViewInteraction: Checking 'MatchesViewAssertion{viewMatcher=(view has effective visibility <VISIBLE> and view.getGlobalVisibleRect() to return non-empty rectangle)}' assertion on view (view.getId() is <2131231039/ru.iteco.fmhandroid:id/enter_button> and an instance of android.widget.TextView and view.getText() with or without transformation to match: is "SIGN IN" and view.getContentDescription() is "Save" and view.getParent() view.getParent() an instance of android.widget.RelativeLayout)
12-02 23:11:55.741  1864  1864 I ViewInteraction: Performing 'wait for a specific view with <(an instance of android.widget.TextView and view.getText() with or without transformation to match: is "Authorization" and view.getParent() view.getParent() view.getId() is <2131231186>)> during 10000 millis.' action on view view.getRootView() to equal view
12-02 23:11:55.744  1864  1864 I ViewInteraction: Checking 'MatchesViewAssertion{viewMatcher=(view has effective visibility <VISIBLE> and view.getGlobalVisibleRect() to return non-empty rectangle)}' assertion on view (an instance of android.widget.TextView and view.getText() with or without transformation to match: is "Authorization" and view.getParent() view.getParent() view.getId() is <2131231186/ru.iteco.fmhandroid:id/nav_host_fragment>)
12-02 23:11:55.746  1864  1864 I ViewInteraction: Performing 'wait for a specific view with <(an instance of android.widget.TextView and view.getHint() matching: is "Login" and view.getParent() view.getParent() view.getId() is <2131231121/ru.iteco.fmhandroid:id/login_text_input_layout>)> during 10000 millis.' action on view view.getRootView() to equal view
12-02 23:11:55.749  1864  1864 I ViewInteraction: Checking 'MatchesViewAssertion{viewMatcher=(view has effective visibility <VISIBLE> and view.getGlobalVisibleRect() to return non-empty rectangle)}' assertion on view (an instance of android.widget.TextView and view.getHint() matching: is "Login" and view.getParent() view.getParent() view.getId() is <2131231121/ru.iteco.fmhandroid:id/login_text_input_layout>)
12-02 23:11:55.751  1864  1864 I ViewInteraction: Performing 'wait for a specific view with <(an instance of android.widget.TextView and view.getHint() matching: is "Password" and view.getParent() view.getParent() view.getId() is <2131231264/ru.iteco.fmhandroid:id/password_text_input_layout>)> during 10000 millis.' action on view view.getRootView() to equal view
12-02 23:11:55.754  1864  1864 I ViewInteraction: Checking 'MatchesViewAssertion{viewMatcher=(view has effective visibility <VISIBLE> and view.getGlobalVisibleRect() to return non-empty rectangle)}' assertion on view (an instance of android.widget.TextView and view.getHint() matching: is "Password" and view.getParent() view.getParent() view.getId() is <2131231264/ru.iteco.fmhandroid:id/password_text_input_layout>)
12-02 23:11:55.756  1864  1864 I ViewInteraction: Performing 'wait for a specific view with <(view.getId() is <2131231039/ru.iteco.fmhandroid:id/enter_button> and an instance of android.widget.TextView and view.getText() with or without transformation to match: is "SIGN IN" and view.getContentDescription() is "Save" and view.getParent() view.getParent() an instance of android.widget.RelativeLayout)> during 10000 millis.' action on view view.getRootView() to equal view
12-02 23:11:55.758  1864  1864 I ViewInteraction: Checking 'MatchesViewAssertion{viewMatcher=(view has effective visibility <VISIBLE> and view.getGlobalVisibleRect() to return non-empty rectangle)}' assertion on view (view.getId() is <2131231039/ru.iteco.fmhandroid:id/enter_button> and an instance of android.widget.TextView and view.getText() with or without transformation to match: is "SIGN IN" and view.getContentDescription() is "Save" and view.getParent() view.getParent() an instance of android.widget.RelativeLayout)
12-02 23:11:55.760  1864  1864 I ViewInteraction: Performing 'wait for a specific view with <(an instance of android.widget.TextView and view.getHint() matching: is "Login" and view.getParent() view.getParent() view.getId() is <2131231121/ru.iteco.fmhandroid:id/login_text_input_layout>)> during 10000 millis.' action on view view.getRootView() to equal view
12-02 23:11:55.764  1864  1864 I ViewInteraction: Performing 'replace text(login2)' action on view (an instance of android.widget.TextView and view.getHint() matching: is "Login" and view.getParent() view.getParent() view.getId() is <2131231121/ru.iteco.fmhandroid:id/login_text_input_layout>)
12-02 23:11:55.788  1864  1864 I ViewInteraction: Performing 'wait for a specific view with <(an instance of android.widget.TextView and view.getHint() matching: is "Password" and view.getParent() view.getParent() view.getId() is <2131231264/ru.iteco.fmhandroid:id/password_text_input_layout>)> during 10000 millis.' action on view view.getRootView() to equal view
12-02 23:11:55.791  1864  1864 I ViewInteraction: Performing 'replace text(password2)' action on view (an instance of android.widget.TextView and view.getHint() matching: is "Password" and view.getParent() view.getParent() view.getId() is <2131231264/ru.iteco.fmhandroid:id/password_text_input_layout>)
12-02 23:11:55.804  1864  1864 I ViewInteraction: Performing 'wait for a specific view with <(view.getId() is <2131231039/ru.iteco.fmhandroid:id/enter_button> and an instance of android.widget.TextView and view.getText() with or without transformation to match: is "SIGN IN" and view.getContentDescription() is "Save" and view.getParent() view.getParent() an instance of android.widget.RelativeLayout)> during 10000 millis.' action on view view.getRootView() to equal view
12-02 23:11:55.807  1864  1864 I ViewInteraction: Checking 'MatchesViewAssertion{viewMatcher=view.isClickable() is <true>}' assertion on view (view.getId() is <2131231039/ru.iteco.fmhandroid:id/enter_button> and an instance of android.widget.TextView and view.getText() with or without transformation to match: is "SIGN IN" and view.getContentDescription() is "Save" and view.getParent() view.getParent() an instance of android.widget.RelativeLayout)
12-02 23:11:55.810  1864  1864 I ViewInteraction: Performing 'wait for a specific view with <(view.getId() is <2131231039/ru.iteco.fmhandroid:id/enter_button> and an instance of android.widget.TextView and view.getText() with or without transformation to match: is "SIGN IN" and view.getContentDescription() is "Save" and view.getParent() view.getParent() an instance of android.widget.RelativeLayout)> during 10000 millis.' action on view view.getRootView() to equal view
12-02 23:11:55.814  1864  1864 I ViewInteraction: Checking 'MatchesViewAssertion{viewMatcher=view.isClickable() is <true>}' assertion on view (view.getId() is <2131231039/ru.iteco.fmhandroid:id/enter_button> and an instance of android.widget.TextView and view.getText() with or without transformation to match: is "SIGN IN" and view.getContentDescription() is "Save" and view.getParent() view.getParent() an instance of android.widget.RelativeLayout)
12-02 23:11:55.819  1864  1864 I ViewInteraction: Performing 'wait for a specific view with <(view.getId() is <2131231039/ru.iteco.fmhandroid:id/enter_button> and an instance of android.widget.TextView and view.getText() with or without transformation to match: is "SIGN IN" and view.getContentDescription() is "Save" and view.getParent() view.getParent() an instance of android.widget.RelativeLayout)> during 10000 millis.' action on view view.getRootView() to equal view
12-02 23:11:55.823  1864  1864 I ViewInteraction: Performing 'single click' action on view (view.getId() is <2131231039/ru.iteco.fmhandroid:id/enter_button> and an instance of android.widget.TextView and view.getText() with or without transformation to match: is "SIGN IN" and view.getContentDescription() is "Save" and view.getParent() view.getParent() an instance of android.widget.RelativeLayout)
12-02 23:11:55.870  1881  1881 E netmgr  : Failed to open QEMU pipe 'qemud:network': Invalid argument
12-02 23:11:55.875  1864  2564 I okhttp.OkHttpClient: --> POST http://www.981757-ca08998.tmweb.ru:8080/fmh/authentication/login
12-02 23:11:55.875  1864  2564 I okhttp.OkHttpClient: Content-Type: application/json; charset=UTF-8
12-02 23:11:55.875  1864  2564 I okhttp.OkHttpClient: Content-Length: 41
12-02 23:11:55.876  1864  2564 I okhttp.OkHttpClient: {"login":"login2","password":"password2"}
12-02 23:11:55.876  1864  2564 I okhttp.OkHttpClient: --> END POST (41-byte body)
12-02 23:11:56.032  1743  2565 E ResolverController: No valid NAT64 prefix (128, <unspecified>/0)
12-02 23:11:56.103  1864  1864 I ViewInteraction: Performing 'wait for a specific view with <an instance of android.widget.TextView and view.getText() with or without transformation to match: is "News"> during 10000 millis.' action on view view.getRootView() to equal view
12-02 23:11:56.398  1864  2564 I okhttp.OkHttpClient: <-- 200 http://www.981757-ca08998.tmweb.ru:8080/fmh/authentication/login (522ms)
12-02 23:11:56.399  1864  2564 I okhttp.OkHttpClient: Vary: Origin
12-02 23:11:56.399  1864  2564 I okhttp.OkHttpClient: Vary: Access-Control-Request-Method
12-02 23:11:56.399  1864  2564 I okhttp.OkHttpClient: Vary: Access-Control-Request-Headers
12-02 23:11:56.399  1864  2564 I okhttp.OkHttpClient: X-Content-Type-Options: nosniff
12-02 23:11:56.399  1864  2564 I okhttp.OkHttpClient: X-XSS-Protection: 1; mode=block
12-02 23:11:56.399  1864  2564 I okhttp.OkHttpClient: Cache-Control: no-cache, no-store, max-age=0, must-revalidate
12-02 23:11:56.399  1864  2564 I okhttp.OkHttpClient: Pragma: no-cache
12-02 23:11:56.399  1864  2564 I okhttp.OkHttpClient: Expires: 0
12-02 23:11:56.399  1864  2564 I okhttp.OkHttpClient: X-Frame-Options: DENY
12-02 23:11:56.399  1864  2564 I okhttp.OkHttpClient: Content-Type: application/json
12-02 23:11:56.399  1864  2564 I okhttp.OkHttpClient: Transfer-Encoding: chunked
12-02 23:11:56.399  1864  2564 I okhttp.OkHttpClient: Date: Fri, 02 Dec 2022 20:11:57 GMT
12-02 23:11:56.399  1864  2564 I okhttp.OkHttpClient: Keep-Alive: timeout=60
12-02 23:11:56.399  1864  2564 I okhttp.OkHttpClient: Connection: keep-alive
12-02 23:11:56.400  1864  2564 I okhttp.OkHttpClient: {"accessToken":"eyJhbGciOiJIUzUxMiJ9.eyJzdWIiOiJsb2dpbjIiLCJqdGkiOiIyIiwiZXhwIjoxNjcwMDk4MzE3fQ.v5md48bjQk54hBM-uJJFRPiUH-bZ4E1-gFaz9ELtDWorl-Eo71pvz6_MSVFMaIgtfDzBFGALfoRsK3vulY3-tQ","refreshToken":"eyJhbGciOiJIUzUxMiJ9.eyJzdWIiOiJsb2dpbjIiLCJqdGkiOiIyIiwiZXhwIjoxNjcyNjAzOTE3fQ.4TAD3sMHmrQfjmxSmY7ny3-86fJYHEO1LBMtQz8M5_UizqwPli5R0YU5Wpabqf--D_enKpmc4se_gHORbCoTow"}
12-02 23:11:56.400  1864  2564 I okhttp.OkHttpClient: <-- END HTTP (368-byte body)
12-02 23:11:56.403  1864  2052 I okhttp.OkHttpClient: --> GET http://www.981757-ca08998.tmweb.ru:8080/fmh/authentication/userInfo
12-02 23:11:56.403  1864  2052 I okhttp.OkHttpClient: --> END GET
12-02 23:11:56.554  1864  2052 I okhttp.OkHttpClient: <-- 200 http://www.981757-ca08998.tmweb.ru:8080/fmh/authentication/userInfo (150ms)
12-02 23:11:56.554  1864  2052 I okhttp.OkHttpClient: Vary: Origin
12-02 23:11:56.554  1864  2052 I okhttp.OkHttpClient: Vary: Access-Control-Request-Method
12-02 23:11:56.554  1864  2052 I okhttp.OkHttpClient: Vary: Access-Control-Request-Headers
12-02 23:11:56.554  1864  2052 I okhttp.OkHttpClient: X-Content-Type-Options: nosniff
12-02 23:11:56.554  1864  2052 I okhttp.OkHttpClient: X-XSS-Protection: 1; mode=block
12-02 23:11:56.554  1864  2052 I okhttp.OkHttpClient: Cache-Control: no-cache, no-store, max-age=0, must-revalidate
12-02 23:11:56.554  1864  2052 I okhttp.OkHttpClient: Pragma: no-cache
12-02 23:11:56.554  1864  2052 I okhttp.OkHttpClient: Expires: 0
12-02 23:11:56.554  1864  2052 I okhttp.OkHttpClient: X-Frame-Options: DENY
12-02 23:11:56.555  1864  2052 I okhttp.OkHttpClient: Content-Type: application/json
12-02 23:11:56.555  1864  2052 I okhttp.OkHttpClient: Transfer-Encoding: chunked
12-02 23:11:56.555  1864  2052 I okhttp.OkHttpClient: Date: Fri, 02 Dec 2022 20:11:57 GMT
12-02 23:11:56.555  1864  2052 I okhttp.OkHttpClient: Keep-Alive: timeout=60
12-02 23:11:56.555  1864  2052 I okhttp.OkHttpClient: Connection: keep-alive
12-02 23:11:56.555  1864  2052 I okhttp.OkHttpClient: {"id":2,"firstName":"","lastName":"","middleName":"","admin":true}
12-02 23:11:56.555  1864  2052 I okhttp.OkHttpClient: <-- END HTTP (106-byte body)
12-02 23:11:56.561  1864  2082 I okhttp.OkHttpClient: --> GET http://www.981757-ca08998.tmweb.ru:8080/fmh/claims
12-02 23:11:56.561  1864  2082 I okhttp.OkHttpClient: --> END GET
12-02 23:11:56.619  1864  1864 I ViewInteraction: Checking 'MatchesViewAssertion{viewMatcher=(view has effective visibility <VISIBLE> and view.getGlobalVisibleRect() to return non-empty rectangle)}' assertion on view an instance of android.widget.TextView and view.getText() with or without transformation to match: is "News"
12-02 23:11:56.621  1864  1864 I ViewInteraction: Performing 'wait for a specific view with <view.getId() is <2131230951>> during 10000 millis.' action on view view.getRootView() to equal view
12-02 23:11:56.624  1864  1864 I ViewInteraction: Checking 'MatchesViewAssertion{viewMatcher=(view has effective visibility <VISIBLE> and view.getGlobalVisibleRect() to return non-empty rectangle)}' assertion on view view.getId() is <2131230951/ru.iteco.fmhandroid:id/container_list_news_include_on_fragment_main>
12-02 23:11:56.628  1864  1864 I ViewInteraction: Performing 'wait for a specific view with <view.getId() is <2131230949>> during 10000 millis.' action on view view.getRootView() to equal view
12-02 23:11:56.632  1864  1864 I ViewInteraction: Checking 'MatchesViewAssertion{viewMatcher=(view has effective visibility <VISIBLE> and view.getGlobalVisibleRect() to return non-empty rectangle)}' assertion on view view.getId() is <2131230949/ru.iteco.fmhandroid:id/container_list_claim_include_on_fragment_main>
12-02 23:11:56.636  1864  1864 I ViewInteraction: Performing 'wait for a specific view with <an instance of android.widget.TextView and view.getText() with or without transformation to match: is "Claims"> during 10000 millis.' action on view view.getRootView() to equal view
12-02 23:11:56.745  1864  1864 I ViewInteraction: Checking 'MatchesViewAssertion{viewMatcher=(view has effective visibility <VISIBLE> and view.getGlobalVisibleRect() to return non-empty rectangle)}' assertion on view an instance of android.widget.TextView and view.getText() with or without transformation to match: is "Claims"
12-02 23:11:56.748  1864  1864 I ViewInteraction: Performing 'wait for a specific view with <view.getId() is <2131231123/ru.iteco.fmhandroid:id/main_menu_image_button>> during 10000 millis.' action on view view.getRootView() to equal view
12-02 23:11:56.755  1864  1864 I ViewInteraction: Performing 'single click' action on view view.getId() is <2131231123/ru.iteco.fmhandroid:id/main_menu_image_button>
12-02 23:11:56.851  1772  1873 D gralloc_ranchu: gralloc_alloc: Creating ashmem region of size 3264512
12-02 23:11:56.856  1772  1873 I chatty  : uid=1000(system) HwBinder:1772_1 identical 1 line
12-02 23:11:56.857  1772  1873 D gralloc_ranchu: gralloc_alloc: Creating ashmem region of size 3264512
12-02 23:11:56.864  1864  2003 D EGL_emulation: eglMakeCurrent: 0xdb91b3e0: ver 2 0 (tinfo 0xdb98eb00)
12-02 23:11:56.916  1864  2003 I chatty  : uid=10159(ru.iteco.fmhandroid) RenderThread identical 3 lines
12-02 23:11:56.927  1864  2003 D EGL_emulation: eglMakeCurrent: 0xdb91b3e0: ver 2 0 (tinfo 0xdb98eb00)
12-02 23:11:57.162  1864  1864 I ViewInteraction: Performing 'wait for a specific view with <an instance of android.widget.TextView and view.getText() with or without transformation to match: is "Claims"> during 10000 millis.' action on view view.getRootView() to equal view
12-02 23:11:57.163  1864  1864 I ViewInteraction: Performing 'single click' action on view an instance of android.widget.TextView and view.getText() with or without transformation to match: is "Claims"
12-02 23:11:57.310  1864  2083 I okhttp.OkHttpClient: --> GET http://www.981757-ca08998.tmweb.ru:8080/fmh/claims
12-02 23:11:57.310  1864  2083 I okhttp.OkHttpClient: --> END GET
12-02 23:11:57.342  1864  2003 D EGL_emulation: eglMakeCurrent: 0xdb91b3e0: ver 2 0 (tinfo 0xdb98eb00)
12-02 23:11:57.354  1864  2003 D EGL_emulation: eglMakeCurrent: 0xdb91b3e0: ver 2 0 (tinfo 0xdb98eb00)
12-02 23:11:57.474  1864  1864 I ViewInteraction: Performing 'wait for a specific view with <view.getId() is <2131230849/ru.iteco.fmhandroid:id/add_new_claim_material_button>> during 10000 millis.' action on view view.getRootView() to equal view
12-02 23:11:57.477  1864  1864 I ViewInteraction: Performing 'single click' action on view view.getId() is <2131230849/ru.iteco.fmhandroid:id/add_new_claim_material_button>
12-02 23:11:57.535  1864  2052 I okhttp.OkHttpClient: --> GET http://www.981757-ca08998.tmweb.ru:8080/fmh/users
12-02 23:11:57.535  1864  2052 I okhttp.OkHttpClient: --> END GET
12-02 23:11:57.678  1864  2052 I okhttp.OkHttpClient: <-- 200 http://www.981757-ca08998.tmweb.ru:8080/fmh/users (143ms)
12-02 23:11:57.679  1864  2052 I okhttp.OkHttpClient: Vary: Origin
12-02 23:11:57.679  1864  2052 I okhttp.OkHttpClient: Vary: Access-Control-Request-Method
12-02 23:11:57.679  1864  2052 I okhttp.OkHttpClient: Vary: Access-Control-Request-Headers
12-02 23:11:57.679  1864  2052 I okhttp.OkHttpClient: X-Content-Type-Options: nosniff
12-02 23:11:57.679  1864  2052 I okhttp.OkHttpClient: X-XSS-Protection: 1; mode=block
12-02 23:11:57.679  1864  2052 I okhttp.OkHttpClient: Cache-Control: no-cache, no-store, max-age=0, must-revalidate
12-02 23:11:57.679  1864  2052 I okhttp.OkHttpClient: Pragma: no-cache
12-02 23:11:57.679  1864  2052 I okhttp.OkHttpClient: Expires: 0
12-02 23:11:57.681  1864  2052 I okhttp.OkHttpClient: X-Frame-Options: DENY
12-02 23:11:57.681  1864  2052 I okhttp.OkHttpClient: Content-Type: application/json
12-02 23:11:57.681  1864  2052 I okhttp.OkHttpClient: Transfer-Encoding: chunked
12-02 23:11:57.681  1864  2052 I okhttp.OkHttpClient: Date: Fri, 02 Dec 2022 20:11:58 GMT
12-02 23:11:57.682  1864  2052 I okhttp.OkHttpClient: Keep-Alive: timeout=60
12-02 23:11:57.682  1864  2052 I okhttp.OkHttpClient: Connection: keep-alive
12-02 23:11:57.757  1864  1864 I ViewInteraction: Performing 'wait for a specific view with <(view.getId() is <2131231402/ru.iteco.fmhandroid:id/title_edit_text> and view.getParent() view.getParent() view.getId() is <2131231406/ru.iteco.fmhandroid:id/title_text_input_layout>)> during 10000 millis.' action on view view.getRootView() to equal view
12-02 23:11:58.232  1864  2052 I okhttp.OkHttpClient: [{"id":1,"firstName":"","lastName":"","middleName":"","admin":true},{"id":2,"firstName":"","lastName":"","middleName":"","admin":true},{"id":3,"firstName":"","lastName":"","middleName":"","admin":false},{"id":4,"firstName":"","lastName":"","middleName":"","admin":false},{"id":5,"firstName":"","lastName":"","middleName":"","admin":true},{"id":6,"firstName":"Diplom","lastName":"Netology","middleName":"QAMID","admin":true}]
12-02 23:11:58.232  1864  2052 I okhttp.OkHttpClient: <-- END HTTP (622-byte body)
12-02 23:11:58.356  1864  1864 I ViewInteraction: Performing 'replace text( d5396b76-c775-4bd3-acfa-1cd6f7c59e1f)' action on view (view.getId() is <2131231402/ru.iteco.fmhandroid:id/title_edit_text> and view.getParent() view.getParent() view.getId() is <2131231406/ru.iteco.fmhandroid:id/title_text_input_layout>)
12-02 23:11:58.392  1864  1864 I ViewInteraction: Performing 'wait for a specific view with <view.getId() is <2131230975/ru.iteco.fmhandroid:id/date_in_plan_text_input_edit_text>> during 10000 millis.' action on view view.getRootView() to equal view
12-02 23:11:58.395  1864  1864 I ViewInteraction: Performing 'single click' action on view view.getId() is <2131230975/ru.iteco.fmhandroid:id/date_in_plan_text_input_edit_text>
12-02 23:11:58.495  1772  1873 D gralloc_ranchu: gralloc_alloc: Creating ashmem region of size 10964992
12-02 23:11:58.501  1772  1873 I chatty  : uid=1000(system) HwBinder:1772_1 identical 1 line
12-02 23:11:58.501  1772  1873 D gralloc_ranchu: gralloc_alloc: Creating ashmem region of size 10964992
12-02 23:11:58.505  1864  2003 D EGL_emulation: eglMakeCurrent: 0xdb91b3e0: ver 2 0 (tinfo 0xdb98eb00)
12-02 23:11:58.606  1864  2003 I chatty  : uid=10159(ru.iteco.fmhandroid) RenderThread identical 3 lines
12-02 23:11:58.629  1864  2003 D EGL_emulation: eglMakeCurrent: 0xdb91b3e0: ver 2 0 (tinfo 0xdb98eb00)
12-02 23:11:58.988  1864  1864 I ViewInteraction: Performing 'wait for a specific view with <is assignable from class <class android.widget.DatePicker>> during 10000 millis.' action on view view.getRootView() to equal view
12-02 23:11:58.992  1864  1864 I ViewInteraction: Checking 'MatchesViewAssertion{viewMatcher=(view has effective visibility <VISIBLE> and view.getGlobalVisibleRect() to return non-empty rectangle)}' assertion on view is assignable from class <class android.widget.DatePicker>
12-02 23:11:58.995  1864  1864 I ViewInteraction: Performing 'wait for a specific view with <is assignable from class <class android.widget.DatePicker>> during 10000 millis.' action on view view.getRootView() to equal view
12-02 23:11:58.998  1864  1864 I ViewInteraction: Performing 'set date' action on view is assignable from class <class android.widget.DatePicker>
12-02 23:11:59.034  1864  1864 I ViewInteraction: Performing 'wait for a specific view with <view.getId() is <16908313/android:id/button1>> during 10000 millis.' action on view view.getRootView() to equal view
12-02 23:11:59.038  1864  1864 I ViewInteraction: Performing 'single click' action on view view.getId() is <16908313/android:id/button1>
12-02 23:11:59.114  1864  2003 D EGL_emulation: eglMakeCurrent: 0xdb91b3e0: ver 2 0 (tinfo 0xdb98eb00)
12-02 23:11:59.131  2010 19651 E InputDispatcher: Window handle Window{71c39be u0 ru.iteco.fmhandroid/ru.iteco.fmhandroid.ui.AppActivity} has no registered input channel
12-02 23:11:59.131  1864  2003 D EGL_emulation: eglMakeCurrent: 0xdb91b3e0: ver 2 0 (tinfo 0xdb98eb00)
12-02 23:11:59.375  1864  1864 I ViewInteraction: Performing 'wait for a specific view with <(an instance of android.widget.TextView and view.getHint() matching: is "Time" and view.getParent() view.getParent() view.getId() is <2131231399/ru.iteco.fmhandroid:id/time_in_plan_text_input_layout>)> during 10000 millis.' action on view view.getRootView() to equal view
12-02 23:11:59.377  1864  1864 I ViewInteraction: Performing 'single click' action on view (an instance of android.widget.TextView and view.getHint() matching: is "Time" and view.getParent() view.getParent() view.getId() is <2131231399/ru.iteco.fmhandroid:id/time_in_plan_text_input_layout>)
12-02 23:11:59.490  1772  1873 D gralloc_ranchu: gralloc_alloc: Creating ashmem region of size 9261056
12-02 23:11:59.493  1772  1873 I chatty  : uid=1000(system) HwBinder:1772_1 identical 1 line
12-02 23:11:59.494  1772  1873 D gralloc_ranchu: gralloc_alloc: Creating ashmem region of size 9261056
12-02 23:11:59.502  1864  2003 D EGL_emulation: eglMakeCurrent: 0xdb91b3e0: ver 2 0 (tinfo 0xdb98eb00)
12-02 23:11:59.546  1864  2003 D EGL_emulation: eglMakeCurrent: 0xdb91b3e0: ver 2 0 (tinfo 0xdb98eb00)
12-02 23:11:59.791  1864  1864 I ViewInteraction: Performing 'wait for a specific view with <is assignable from class <class android.widget.TimePicker>> during 10000 millis.' action on view view.getRootView() to equal view
12-02 23:11:59.793  1864  1864 I ViewInteraction: Checking 'MatchesViewAssertion{viewMatcher=(view has effective visibility <VISIBLE> and view.getGlobalVisibleRect() to return non-empty rectangle)}' assertion on view is assignable from class <class android.widget.TimePicker>
