12-02 23:15:35.535  1864  1864 W System.err: 	at androidx.fragment.app.FragmentManagerViewModel.clearNonConfigStateInternal(FragmentManagerViewModel.java:210)
12-02 23:15:35.535  1864  1864 W System.err: 	at androidx.fragment.app.FragmentManagerViewModel.clearNonConfigState(FragmentManagerViewModel.java:190)
12-02 23:15:35.535  1864  1864 W System.err: 	at androidx.fragment.app.FragmentStateManager.destroy(FragmentStateManager.java:778)
12-02 23:15:35.535  1864  1864 W System.err: 	at androidx.fragment.app.FragmentStateManager.moveToExpectedState(FragmentStateManager.java:335)
12-02 23:15:35.535  1864  1864 W System.err: 	at androidx.fragment.app.FragmentStore.moveToExpectedState(FragmentStore.java:113)
12-02 23:15:35.535  1864  1864 W System.err: 	at androidx.fragment.app.FragmentManager.moveToState(FragmentManager.java:1374)
12-02 23:15:35.535  1864  1864 W System.err: 	at androidx.fragment.app.FragmentManager.dispatchStateChange(FragmentManager.java:2841)
12-02 23:15:35.535  1864  1864 W System.err: 	at androidx.fragment.app.FragmentManager.dispatchDestroy(FragmentManager.java:2820)
12-02 23:15:35.535  1864  1864 W System.err: 	at androidx.fragment.app.Fragment.performDestroy(Fragment.java:3246)
12-02 23:15:35.535  1864  1864 W System.err: 	at androidx.fragment.app.FragmentStateManager.destroy(FragmentStateManager.java:780)
12-02 23:15:35.535  1864  1864 W System.err: 	at androidx.fragment.app.FragmentStateManager.moveToExpectedState(FragmentStateManager.java:335)
12-02 23:15:35.535  1864  1864 W System.err: 	at androidx.fragment.app.SpecialEffectsController$FragmentStateManagerOperation.complete(SpecialEffectsController.java:771)
12-02 23:15:35.535  1864  1864 W System.err: 	at androidx.fragment.app.SpecialEffectsController$Operation.cancel(SpecialEffectsController.java:615)
12-02 23:15:35.535  1864  1864 W System.err: 	at androidx.fragment.app.SpecialEffectsController.forceCompleteAllOperations(SpecialEffectsController.java:350)
12-02 23:15:35.535  1864  1864 W System.err: 	at androidx.fragment.app.FragmentManager.dispatchStateChange(FragmentManager.java:2844)
12-02 23:15:35.535  1864  1864 W System.err: 	at androidx.fragment.app.FragmentManager.dispatchDestroy(FragmentManager.java:2820)
12-02 23:15:35.535  1864  1864 W System.err: 	at androidx.fragment.app.FragmentController.dispatchDestroy(FragmentController.java:345)
12-02 23:15:35.535  1864  1864 W System.err: 	at androidx.fragment.app.FragmentActivity.onDestroy(FragmentActivity.java:306)
12-02 23:15:35.535  1864  1864 W System.err: 	at androidx.appcompat.app.AppCompatActivity.onDestroy(AppCompatActivity.java:278)
12-02 23:15:35.535  1864  1864 W System.err: 	at android.app.Activity.performDestroy(Activity.java:8048)
12-02 23:15:35.535  1864  1864 W System.err: 	at android.app.Instrumentation.callActivityOnDestroy(Instrumentation.java:1334)
12-02 23:15:35.535  1864  1864 W System.err: 	at androidx.test.runner.MonitoringInstrumentation.callActivityOnDestroy(MonitoringInstrumentation.java:766)
12-02 23:15:35.535  1864  1864 W System.err: 	at android.app.ActivityThread.performDestroyActivity(ActivityThread.java:4926)
12-02 23:15:35.535  1864  1864 W System.err: 	at android.app.ActivityThread.handleDestroyActivity(ActivityThread.java:4970)
12-02 23:15:35.535  1864  1864 W System.err: 	at android.app.servertransaction.DestroyActivityItem.execute(DestroyActivityItem.java:44)
12-02 23:15:35.535  1864  1864 W System.err: 	at android.app.servertransaction.TransactionExecutor.executeLifecycleState(TransactionExecutor.java:176)
12-02 23:15:35.535  1864  1864 W System.err: 	at android.app.servertransaction.TransactionExecutor.execute(TransactionExecutor.java:97)
12-02 23:15:35.535  1864  1864 W System.err: 	at android.app.ActivityThread$H.handleMessage(ActivityThread.java:2016)
12-02 23:15:35.535  1864  1864 W System.err: 	at android.os.Handler.dispatchMessage(Handler.java:107)
12-02 23:15:35.535  1864  1864 W System.err: 	at android.os.Looper.loop(Looper.java:214)
12-02 23:15:35.535  1864  1864 W System.err: 	at android.app.ActivityThread.main(ActivityThread.java:7356)
12-02 23:15:35.535  1864  1864 W System.err: 	at java.lang.reflect.Method.invoke(Native Method)
12-02 23:15:35.535  1864  1864 W System.err: 	at com.android.internal.os.RuntimeInit$MethodAndArgsCaller.run(RuntimeInit.java:492)
12-02 23:15:35.535  1864  1864 W System.err: 	at com.android.internal.os.ZygoteInit.main(ZygoteInit.java:930)
12-02 23:15:35.536  1864  2093 I okhttp.OkHttpClient: <-- HTTP FAILED: java.io.IOException: Canceled
12-02 23:15:35.794  1864  1864 I ViewInteraction: Performing 'wait for a specific view with <view.getId() is <2131230916/ru.iteco.fmhandroid:id/claim_list_recycler_view>> during 10000 millis.' action on view view.getRootView() to equal view
12-02 23:15:35.797  1864  1864 I ViewInteraction: Checking 'MatchesViewAssertion{viewMatcher=(view has effective visibility <VISIBLE> and view.getGlobalVisibleRect() to return non-empty rectangle)}' assertion on view view.getId() is <2131230916/ru.iteco.fmhandroid:id/claim_list_recycler_view>
12-02 23:15:35.800  1864  1864 I ViewInteraction: Performing 'scroll RecyclerView to: holder with view: (view is an instance of android.view.ViewGroup and has descendant matching an instance of android.widget.TextView and view.getText() with or without transformation to match: is "Закрыта 81542cf3-039f-4d08-bfb3-3060b79b41e9")' action on view view.getId() is <2131230916/ru.iteco.fmhandroid:id/claim_list_recycler_view>
12-02 23:15:35.918  1864  1864 I ViewInteraction: Performing 'wait for a specific view with <((Child at position 11 in parent Child at position 0 in parent view.getId() is <2131230914/ru.iteco.fmhandroid:id/claim_list_card>) and (view.getParent() is an instance of android.view.ViewGroup and has a sibling matching an instance of android.widget.TextView and view.getText() with or without transformation to match: is "Закрыта 81542cf3-039f-4d08-bfb3-3060b79b41e9"))> during 10000 millis.' action on view view.getRootView() to equal view
12-02 23:15:35.921  1864  1864 I ViewInteraction: Performing 'single click' action on view ((Child at position 11 in parent Child at position 0 in parent view.getId() is <2131230914/ru.iteco.fmhandroid:id/claim_list_card>) and (view.getParent() is an instance of android.view.ViewGroup and has a sibling matching an instance of android.widget.TextView and view.getText() with or without transformation to match: is "Закрыта 81542cf3-039f-4d08-bfb3-3060b79b41e9"))
12-02 23:15:35.985  1864  2093 I okhttp.OkHttpClient: --> GET http://www.981757-ca08998.tmweb.ru:8080/fmh/claims/2561/comments
12-02 23:15:35.985  1864  2093 I okhttp.OkHttpClient: --> END GET
12-02 23:15:35.992  1743  2759 E ResolverController: No valid NAT64 prefix (128, <unspecified>/0)
12-02 23:15:36.222  1864  1864 I ViewInteraction: Performing 'wait for a specific view with <view.getId() is <2131231355/ru.iteco.fmhandroid:id/status_processing_image_button>> during 10000 millis.' action on view view.getRootView() to equal view
12-02 23:15:37.049  1864  2093 I okhttp.OkHttpClient: <-- 200 http://www.981757-ca08998.tmweb.ru:8080/fmh/claims/2561/comments (1063ms)
12-02 23:15:37.049  1864  2093 I okhttp.OkHttpClient: Vary: Origin
12-02 23:15:37.049  1864  2093 I okhttp.OkHttpClient: Vary: Access-Control-Request-Method
12-02 23:15:37.049  1864  2093 I okhttp.OkHttpClient: Vary: Access-Control-Request-Headers
12-02 23:15:37.049  1864  2093 I okhttp.OkHttpClient: X-Content-Type-Options: nosniff
12-02 23:15:37.049  1864  2093 I okhttp.OkHttpClient: X-XSS-Protection: 1; mode=block
12-02 23:15:37.049  1864  2093 I okhttp.OkHttpClient: Cache-Control: no-cache, no-store, max-age=0, must-revalidate
12-02 23:15:37.049  1864  2093 I okhttp.OkHttpClient: Pragma: no-cache
12-02 23:15:37.049  1864  2093 I okhttp.OkHttpClient: Expires: 0
12-02 23:15:37.049  1864  2093 I okhttp.OkHttpClient: X-Frame-Options: DENY
12-02 23:15:37.049  1864  2093 I okhttp.OkHttpClient: Content-Type: application/json
12-02 23:15:37.049  1864  2093 I okhttp.OkHttpClient: Transfer-Encoding: chunked
12-02 23:15:37.049  1864  2093 I okhttp.OkHttpClient: Date: Fri, 02 Dec 2022 20:15:36 GMT
12-02 23:15:37.049  1864  2093 I okhttp.OkHttpClient: Keep-Alive: timeout=60
12-02 23:15:37.049  1864  2093 I okhttp.OkHttpClient: Connection: keep-alive
12-02 23:15:37.049  1864  2093 I okhttp.OkHttpClient: []
12-02 23:15:37.049  1864  2093 I okhttp.OkHttpClient: <-- END HTTP (2-byte body)
12-02 23:15:37.120  1864  1864 I ViewInteraction: Performing 'single click' action on view view.getId() is <2131231355/ru.iteco.fmhandroid:id/status_processing_image_button>
12-02 23:15:37.195  1772  1873 D gralloc_ranchu: gralloc_alloc: Creating ashmem region of size 2039808
12-02 23:15:37.202  1772  1873 I chatty  : uid=1000(system) HwBinder:1772_1 identical 1 line
12-02 23:15:37.203  1772  1873 D gralloc_ranchu: gralloc_alloc: Creating ashmem region of size 2039808
12-02 23:15:37.208  1864  2003 D EGL_emulation: eglMakeCurrent: 0xdb91b3e0: ver 2 0 (tinfo 0xdb98eb00)
12-02 23:15:37.470  1864  1864 I ViewInteraction: Performing 'wait for a specific view with <an instance of android.widget.TextView and view.getText() with or without transformation to match: is "Cancel"> during 10000 millis.' action on view view.getRootView() to equal view
12-02 23:15:37.473  1864  1864 I ViewInteraction: Performing 'single click' action on view an instance of android.widget.TextView and view.getText() with or without transformation to match: is "Cancel"
12-02 23:15:37.586  1864  2093 I okhttp.OkHttpClient: --> PUT http://www.981757-ca08998.tmweb.ru:8080/fmh/claims/2561/status?status=CANCELLED
12-02 23:15:37.586  1864  2093 I okhttp.OkHttpClient: Content-Type: application/json; charset=UTF-8
12-02 23:15:37.586  1864  2093 I okhttp.OkHttpClient: Content-Length: 83
12-02 23:15:37.587  1864  2093 I okhttp.OkHttpClient: {"claimId":0,"createDate":0,"creatorId":0,"creatorName":"","description":"","id":0}
12-02 23:15:37.587  1864  2093 I okhttp.OkHttpClient: --> END PUT (83-byte body)
12-02 23:15:37.616  1864  2003 D EGL_emulation: eglMakeCurrent: 0xdb91b3e0: ver 2 0 (tinfo 0xdb98eb00)
12-02 23:15:37.740  1864  2093 I okhttp.OkHttpClient: <-- 200 http://www.981757-ca08998.tmweb.ru:8080/fmh/claims/2561/status?status=CANCELLED (152ms)
12-02 23:15:37.740  1864  2093 I okhttp.OkHttpClient: Vary: Origin
12-02 23:15:37.740  1864  2093 I okhttp.OkHttpClient: Vary: Access-Control-Request-Method
12-02 23:15:37.740  1864  2093 I okhttp.OkHttpClient: Vary: Access-Control-Request-Headers
12-02 23:15:37.740  1864  2093 I okhttp.OkHttpClient: X-Content-Type-Options: nosniff
12-02 23:15:37.740  1864  2093 I okhttp.OkHttpClient: X-XSS-Protection: 1; mode=block
12-02 23:15:37.740  1864  2093 I okhttp.OkHttpClient: Cache-Control: no-cache, no-store, max-age=0, must-revalidate
12-02 23:15:37.740  1864  2093 I okhttp.OkHttpClient: Pragma: no-cache
12-02 23:15:37.740  1864  2093 I okhttp.OkHttpClient: Expires: 0
12-02 23:15:37.741  1864  2093 I okhttp.OkHttpClient: X-Frame-Options: DENY
12-02 23:15:37.741  1864  2093 I okhttp.OkHttpClient: Content-Type: application/json
12-02 23:15:37.741  1864  2093 I okhttp.OkHttpClient: Transfer-Encoding: chunked
12-02 23:15:37.741  1864  2093 I okhttp.OkHttpClient: Date: Fri, 02 Dec 2022 20:15:38 GMT
12-02 23:15:37.741  1864  2093 I okhttp.OkHttpClient: Keep-Alive: timeout=60
12-02 23:15:37.741  1864  2093 I okhttp.OkHttpClient: Connection: keep-alive
12-02 23:15:37.752  1864  1864 I ViewInteraction: Performing 'wait for a specific view with <view.getId() is <2131230925/ru.iteco.fmhandroid:id/close_image_button>> during 10000 millis.' action on view view.getRootView() to equal view
12-02 23:15:37.755  1864  1864 I ViewInteraction: Performing 'single click' action on view view.getId() is <2131230925/ru.iteco.fmhandroid:id/close_image_button>
12-02 23:15:37.817  1864  1864 W System.err: ru.iteco.fmhandroid.exceptions.UnknownException
12-02 23:15:37.817  1864  1864 W System.err: 	at ru.iteco.fmhandroid.utils.Utils.makeRequest(Utils.kt:123)
12-02 23:15:37.817  1864  1864 W System.err: 	at ru.iteco.fmhandroid.utils.Utils$makeRequest$1.invokeSuspend(Unknown Source:15)
12-02 23:15:37.817  1864  1864 W System.err: 	at kotlin.coroutines.jvm.internal.BaseContinuationImpl.resumeWith(ContinuationImpl.kt:33)
12-02 23:15:37.817  1864  1864 W System.err: 	at kotlinx.coroutines.DispatchedTaskKt.resume(DispatchedTask.kt:234)
12-02 23:15:37.817  1864  1864 W System.err: 	at kotlinx.coroutines.DispatchedTaskKt.resumeUnconfined(DispatchedTask.kt:190)
12-02 23:15:37.817  1864  1864 W System.err: 	at kotlinx.coroutines.DispatchedTaskKt.dispatch(DispatchedTask.kt:161)
12-02 23:15:37.817  1864  1864 W System.err: 	at kotlinx.coroutines.CancellableContinuationImpl.dispatchResume(CancellableContinuationImpl.kt:397)
12-02 23:15:37.817  1864  1864 W System.err: 	at kotlinx.coroutines.CancellableContinuationImpl.cancel(CancellableContinuationImpl.kt:183)
12-02 23:15:37.817  1864  1864 W System.err: 	at kotlinx.coroutines.CancellableContinuationImpl.parentCancelled$kotlinx_coroutines_core(CancellableContinuationImpl.kt:190)
12-02 23:15:37.817  1864  1864 W System.err: 	at kotlinx.coroutines.ChildContinuation.invoke(JobSupport.kt:1474)
12-02 23:15:37.817  1864  1864 W System.err: 	at kotlinx.coroutines.JobSupport.notifyCancelling(JobSupport.kt:1499)
12-02 23:15:37.817  1864  1864 W System.err: 	at kotlinx.coroutines.JobSupport.tryMakeCancelling(JobSupport.kt:795)
12-02 23:15:37.817  1864  1864 W System.err: 	at kotlinx.coroutines.JobSupport.makeCancelling(JobSupport.kt:755)
12-02 23:15:37.817  1864  1864 W System.err: 	at kotlinx.coroutines.JobSupport.cancelImpl$kotlinx_coroutines_core(JobSupport.kt:671)
12-02 23:15:37.817  1864  1864 W System.err: 	at kotlinx.coroutines.JobSupport.parentCancelled(JobSupport.kt:637)
12-02 23:15:37.817  1864  1864 W System.err: 	at kotlinx.coroutines.ChildHandleNode.invoke(JobSupport.kt:1465)
12-02 23:15:37.817  1864  1864 W System.err: 	at kotlinx.coroutines.JobSupport.notifyCancelling(JobSupport.kt:1499)
12-02 23:15:37.817  1864  1864 W System.err: 	at kotlinx.coroutines.JobSupport.tryMakeCompletingSlowPath(JobSupport.kt:900)
12-02 23:15:37.817  1864  1864 W System.err: 	at kotlinx.coroutines.JobSupport.tryMakeCompleting(JobSupport.kt:863)
12-02 23:15:37.817  1864  1864 W System.err: 	at kotlinx.coroutines.JobSupport.cancelMakeCompleting(JobSupport.kt:696)
12-02 23:15:37.817  1864  1864 W System.err: 	at kotlinx.coroutines.JobSupport.cancelImpl$kotlinx_coroutines_core(JobSupport.kt:667)
12-02 23:15:37.817  1864  1864 W System.err: 	at kotlinx.coroutines.JobSupport.cancelInternal(JobSupport.kt:632)
12-02 23:15:37.817  1864  1864 W System.err: 	at kotlinx.coroutines.JobSupport.cancel(JobSupport.kt:617)
12-02 23:15:37.817  1864  1864 W System.err: 	at kotlinx.coroutines.JobKt__JobKt.cancel(Job.kt:561)
12-02 23:15:37.817  1864  1864 W System.err: 	at kotlinx.coroutines.JobKt.cancel(Unknown Source:1)
12-02 23:15:37.817  1864  1864 W System.err: 	at kotlinx.coroutines.JobKt__JobKt.cancel$default(Job.kt:560)
12-02 23:15:37.817  1864  1864 W System.err: 	at kotlinx.coroutines.JobKt.cancel$default(Unknown Source:1)
12-02 23:15:37.817  1864  1864 W System.err: 	at androidx.lifecycle.CloseableCoroutineScope.close(ViewModel.kt:51)
12-02 23:15:37.817  1864  1864 W System.err: 	at androidx.lifecycle.ViewModel.closeWithRuntimeException(ViewModel.java:188)
12-02 23:15:37.817  1864  1864 W System.err: 	at androidx.lifecycle.ViewModel.clear(ViewModel.java:134)
12-02 23:15:37.817  1864  1864 W System.err: 	at androidx.lifecycle.ViewModelStore.clear(ViewModelStore.java:62)
12-02 23:15:37.817  1864  1864 W System.err: 	at androidx.fragment.app.FragmentManagerViewModel.clearNonConfigStateInternal(FragmentManagerViewModel.java:210)
12-02 23:15:37.817  1864  1864 W System.err: 	at androidx.fragment.app.FragmentManagerViewModel.clearNonConfigState(FragmentManagerViewModel.java:190)
12-02 23:15:37.817  1864  1864 W System.err: 	at androidx.fragment.app.FragmentStateManager.destroy(FragmentStateManager.java:778)
12-02 23:15:37.817  1864  1864 W System.err: 	at androidx.fragment.app.FragmentStateManager.moveToExpectedState(FragmentStateManager.java:335)
12-02 23:15:37.817  1864  1864 W System.err: 	at androidx.fragment.app.FragmentStore.moveToExpectedState(FragmentStore.java:113)
12-02 23:15:37.817  1864  1864 W System.err: 	at androidx.fragment.app.FragmentManager.moveToState(FragmentManager.java:1374)
12-02 23:15:37.817  1864  1864 W System.err: 	at androidx.fragment.app.FragmentManager.dispatchStateChange(FragmentManager.java:2841)
12-02 23:15:37.817  1864  1864 W System.err: 	at androidx.fragment.app.FragmentManager.dispatchDestroy(FragmentManager.java:2820)
12-02 23:15:37.817  1864  1864 W System.err: 	at androidx.fragment.app.Fragment.performDestroy(Fragment.java:3246)
12-02 23:15:37.817  1864  1864 W System.err: 	at androidx.fragment.app.FragmentStateManager.destroy(FragmentStateManager.java:780)
12-02 23:15:37.817  1864  1864 W System.err: 	at androidx.fragment.app.FragmentStateManager.moveToExpectedState(FragmentStateManager.java:335)
12-02 23:15:37.817  1864  1864 W System.err: 	at androidx.fragment.app.SpecialEffectsController$FragmentStateManagerOperation.complete(SpecialEffectsController.java:771)
12-02 23:15:37.817  1864  1864 W System.err: 	at androidx.fragment.app.SpecialEffectsController$Operation.cancel(SpecialEffectsController.java:615)
12-02 23:15:37.817  1864  1864 W System.err: 	at androidx.fragment.app.SpecialEffectsController.forceCompleteAllOperations(SpecialEffectsController.java:350)
12-02 23:15:37.817  1864  1864 W System.err: 	at androidx.fragment.app.FragmentManager.dispatchStateChange(FragmentManager.java:2844)
12-02 23:15:37.817  1864  1864 W System.err: 	at androidx.fragment.app.FragmentManager.dispatchDestroy(FragmentManager.java:2820)
12-02 23:15:37.817  1864  1864 W System.err: 	at androidx.fragment.app.FragmentController.dispatchDestroy(FragmentController.java:345)
12-02 23:15:37.817  1864  1864 W System.err: 	at androidx.fragment.app.FragmentActivity.onDestroy(FragmentActivity.java:306)
12-02 23:15:37.818  1864  1864 W System.err: 	at androidx.appcompat.app.AppCompatActivity.onDestroy(AppCompatActivity.java:278)
12-02 23:15:37.818  1864  1864 W System.err: 	at android.app.Activity.performDestroy(Activity.java:8048)
12-02 23:15:37.818  1864  1864 W System.err: 	at android.app.Instrumentation.callActivityOnDestroy(Instrumentation.java:1334)
12-02 23:15:37.818  1864  1864 W System.err: 	at androidx.test.runner.MonitoringInstrumentation.callActivityOnDestroy(MonitoringInstrumentation.java:766)
12-02 23:15:37.818  1864  1864 W System.err: 	at android.app.ActivityThread.performDestroyActivity(ActivityThread.java:4926)
12-02 23:15:37.818  1864  1864 W System.err: 	at android.app.ActivityThread.handleDestroyActivity(ActivityThread.java:4970)
12-02 23:15:37.818  1864  1864 W System.err: 	at android.app.servertransaction.DestroyActivityItem.execute(DestroyActivityItem.java:44)
12-02 23:15:37.818  1864  1864 W System.err: 	at android.app.servertransaction.TransactionExecutor.executeLifecycleState(TransactionExecutor.java:176)
12-02 23:15:37.818  1864  1864 W System.err: 	at android.app.servertransaction.TransactionExecutor.execute(TransactionExecutor.java:97)
12-02 23:15:37.818  1864  1864 W System.err: 	at android.app.ActivityThread$H.handleMessage(ActivityThread.java:2016)
12-02 23:15:37.818  1864  1864 W System.err: 	at android.os.Handler.dispatchMessage(Handler.java:107)
12-02 23:15:37.818  1864  1864 W System.err: 	at android.os.Looper.loop(Looper.java:214)
12-02 23:15:37.818  1864  1864 W System.err: 	at android.app.ActivityThread.main(ActivityThread.java:7356)
12-02 23:15:37.818  1864  1864 W System.err: 	at java.lang.reflect.Method.invoke(Native Method)
12-02 23:15:37.818  1864  1864 W System.err: 	at com.android.internal.os.RuntimeInit$MethodAndArgsCaller.run(RuntimeInit.java:492)
12-02 23:15:37.818  1864  1864 W System.err: 	at com.android.internal.os.ZygoteInit.main(ZygoteInit.java:930)
12-02 23:15:37.830  1864  2003 D EGL_emulation: eglMakeCurrent: 0xdb91b3e0: ver 2 0 (tinfo 0xdb98eb00)
12-02 23:15:38.111  1864  1864 I ViewInteraction: Performing 'wait for a specific view with <view.getId() is <2131231062/ru.iteco.fmhandroid:id/filters_material_button>> during 10000 millis.' action on view view.getRootView() to equal view
12-02 23:15:38.114  1864  1864 I ViewInteraction: Performing 'single click' action on view view.getId() is <2131231062/ru.iteco.fmhandroid:id/filters_material_button>
12-02 23:15:38.215  1772  1873 D gralloc_ranchu: gralloc_alloc: Creating ashmem region of size 11284480
12-02 23:15:38.220  1772  1873 I chatty  : uid=1000(system) HwBinder:1772_1 identical 1 line
12-02 23:15:38.221  1772  1873 D gralloc_ranchu: gralloc_alloc: Creating ashmem region of size 11284480
12-02 23:15:38.226  1864  2003 D EGL_emulation: eglMakeCurrent: 0xdb91b3e0: ver 2 0 (tinfo 0xdb98eb00)
12-02 23:15:38.288  1864  2003 D EGL_emulation: eglMakeCurrent: 0xdb91b3e0: ver 2 0 (tinfo 0xdb98eb00)
12-02 23:15:38.510  1864  1864 I ViewInteraction: Performing 'wait for a specific view with <view.getId() is <2131231106/ru.iteco.fmhandroid:id/item_filter_open>> during 10000 millis.' action on view view.getRootView() to equal view
12-02 23:15:38.511  1864  1864 I ViewInteraction: Performing 'null' action on view view.getId() is <2131231106/ru.iteco.fmhandroid:id/item_filter_open>
12-02 23:15:38.513  1864  1864 I ViewInteraction: Performing 'wait for a specific view with <view.getId() is <2131231105/ru.iteco.fmhandroid:id/item_filter_in_progress>> during 10000 millis.' action on view view.getRootView() to equal view
12-02 23:15:38.514  1864  1864 I ViewInteraction: Performing 'null' action on view view.getId() is <2131231105/ru.iteco.fmhandroid:id/item_filter_in_progress>
12-02 23:15:38.532  1864  2003 D EGL_emulation: eglMakeCurrent: 0xdb91b3e0: ver 2 0 (tinfo 0xdb98eb00)
12-02 23:15:38.569  1864  1864 I ViewInteraction: Performing 'wait for a specific view with <view.getId() is <2131231104/ru.iteco.fmhandroid:id/item_filter_executed>> during 10000 millis.' action on view view.getRootView() to equal view
12-02 23:15:38.571  1864  1864 I ViewInteraction: Performing 'null' action on view view.getId() is <2131231104/ru.iteco.fmhandroid:id/item_filter_executed>
12-02 23:15:38.622  1864  1864 I ViewInteraction: Performing 'wait for a specific view with <view.getId() is <2131231103/ru.iteco.fmhandroid:id/item_filter_cancelled>> during 10000 millis.' action on view view.getRootView() to equal view
12-02 23:15:38.624  1864  1864 I ViewInteraction: Performing 'null' action on view view.getId() is <2131231103/ru.iteco.fmhandroid:id/item_filter_cancelled>
12-02 23:15:38.625  1864  1864 I ViewInteraction: Performing 'wait for a specific view with <view.getId() is <2131230915/ru.iteco.fmhandroid:id/claim_list_filter_ok_material_button>> during 10000 millis.' action on view view.getRootView() to equal view
12-02 23:15:38.626  1864  1864 I ViewInteraction: Performing 'single click' action on view view.getId() is <2131230915/ru.iteco.fmhandroid:id/claim_list_filter_ok_material_button>
12-02 23:15:38.691  1864  2003 D EGL_emulation: eglMakeCurrent: 0xdb91b3e0: ver 2 0 (tinfo 0xdb98eb00)
12-02 23:15:38.699  2010  2346 E InputDispatcher: Window handle Window{986519c u0 ru.iteco.fmhandroid/ru.iteco.fmhandroid.ui.AppActivity} has no registered input channel
12-02 23:15:38.713  1785  1976 D AudioFlinger: mixer(0xf0ef6c80) throttle end: throttle time(8)
12-02 23:15:38.719  1864  2003 D EGL_emulation: eglMakeCurrent: 0xdb91b3e0: ver 2 0 (tinfo 0xdb98eb00)
12-02 23:15:38.947  1864  1864 I ViewInteraction: Performing 'wait for a specific view with <view.getId() is <2131230916/ru.iteco.fmhandroid:id/claim_list_recycler_view>> during 10000 millis.' action on view view.getRootView() to equal view
12-02 23:15:38.996  1864  1864 I ViewInteraction: Checking 'MatchesViewAssertion{viewMatcher=Have view id $targetViewId with matches $itemMatcher}' assertion on view view.getId() is <2131230916/ru.iteco.fmhandroid:id/claim_list_recycler_view>
12-02 23:15:41.728  1864  1909 I teco.fmhandroi: Background concurrent copying GC freed 8905(302KB) AllocSpace objects, 0(0B) LOS objects, 12% free, 43MB/49MB, paused 377us total 113.517ms
12-02 23:15:41.821  1750  1750 W audio_hw_generic: Not supplying enough data to HAL, expected position 455718027 , only wrote 455384052
12-02 23:15:42.312  1864  1909 I teco.fmhandroi: Background concurrent copying GC freed 9068(318KB) AllocSpace objects, 0(0B) LOS objects, 10% free, 50MB/56MB, paused 526us total 123.791ms
12-02 23:15:42.904  1864  1909 I teco.fmhandroi: Background concurrent copying GC freed 9752(339KB) AllocSpace objects, 0(0B) LOS objects, 9% free, 57MB/63MB, paused 360us total 144.489ms
12-02 23:15:43.515  1864  1909 I teco.fmhandroi: Background concurrent copying GC freed 9955(337KB) AllocSpace objects, 0(0B) LOS objects, 8% free, 64MB/70MB, paused 729us total 151.605ms
12-02 23:15:44.140  1864  1909 I teco.fmhandroi: Background concurrent copying GC freed 10314(359KB) AllocSpace objects, 0(0B) LOS objects, 7% free, 71MB/77MB, paused 380us total 165.350ms
12-02 23:15:44.326  1864  1864 I Choreographer: Skipped 319 frames!  The application may be doing too much work on its main thread.
12-02 23:15:44.374  1864  2003 I OpenGLRenderer: Davey! duration=5377ms; Flags=0, IntendedVsync=95769994820800, Vsync=95775311487254, OldestInputEvent=9223372036854775807, NewestInputEvent=0, HandleInputStart=95775325903180, AnimationStart=95775325927080, PerformTraversalsStart=95775362428280, DrawStart=95775362911180, SyncQueued=95775364968580, SyncStart=95775365803080, IssueDrawCommandsStart=95775365994280, SwapBuffers=95775367613380, FrameCompleted=95775373513480, DequeueBufferDuration=670000, QueueBufferDuration=652000, 
12-02 23:15:44.519  1864  1864 I ViewInteraction: Performing 'wait for a specific view with <view.getId() is <2131230916/ru.iteco.fmhandroid:id/claim_list_recycler_view>> during 10000 millis.' action on view view.getRootView() to equal view
12-02 23:15:44.522  1864  1864 I ViewInteraction: Checking 'MatchesViewAssertion{viewMatcher=Have view id $targetViewId with matches $itemMatcher}' assertion on view view.getId() is <2131230916/ru.iteco.fmhandroid:id/claim_list_recycler_view>
12-02 23:15:45.055  1864  1909 I teco.fmhandroi: Background concurrent copying GC freed 877670(54MB) AllocSpace objects, 0(0B) LOS objects, 20% free, 23MB/29MB, paused 598us total 111.266ms
12-02 23:15:45.398  2010  2041 E memtrack: Couldn't load memtrack module
12-02 23:15:45.398  2010  2041 W android.os.Debug: failed to get memory consumption info: -1
12-02 23:15:47.276  1864  1909 I teco.fmhandroi: Background concurrent copying GC freed 8533(290KB) AllocSpace objects, 0(0B) LOS objects, 11% free, 44MB/50MB, paused 370us total 106.805ms
12-02 23:15:47.849  1864  1909 I teco.fmhandroi: Background concurrent copying GC freed 8435(290KB) AllocSpace objects, 0(0B) LOS objects, 10% free, 50MB/56MB, paused 448us total 122.242ms
12-02 23:15:48.437  1864  1909 I teco.fmhandroi: Background concurrent copying GC freed 8770(294KB) AllocSpace objects, 0(0B) LOS objects, 9% free, 57MB/63MB, paused 370us total 135.023ms
12-02 23:15:49.041  1864  1909 I teco.fmhandroi: Background concurrent copying GC freed 9545(327KB) AllocSpace objects, 0(0B) LOS objects, 8% free, 64MB/70MB, paused 361us total 146.270ms
12-02 23:15:49.326  1864  1864 I Choreographer: Skipped 287 frames!  The application may be doing too much work on its main thread.
12-02 23:15:49.362  1864  2003 I OpenGLRenderer: Davey! duration=4831ms; Flags=0, IntendedVsync=95775528144572, Vsync=95780311477714, OldestInputEvent=9223372036854775807, NewestInputEvent=0, HandleInputStart=95780325341180, AnimationStart=95780325364480, PerformTraversalsStart=95780346272180, DrawStart=95780346726480, SyncQueued=95780348865180, SyncStart=95780350190880, IssueDrawCommandsStart=95780350365780, SwapBuffers=95780351754080, FrameCompleted=95780361439080, DequeueBufferDuration=423000, QueueBufferDuration=592000, 
12-02 23:15:49.459  1864  1864 I ViewInteraction: Performing 'wait for a specific view with <view.getId() is <2131230916/ru.iteco.fmhandroid:id/claim_list_recycler_view>> during 10000 millis.' action on view view.getRootView() to equal view
12-02 23:15:49.462  1864  1864 I ViewInteraction: Checking 'MatchesViewAssertion{viewMatcher=Does not have view id $targetViewId with matches $itemMatcher}' assertion on view view.getId() is <2131230916/ru.iteco.fmhandroid:id/claim_list_recycler_view>
12-02 23:15:49.975  1864  1909 I teco.fmhandroi: Background concurrent copying GC freed 779919(47MB) AllocSpace objects, 0(0B) LOS objects, 20% free, 23MB/29MB, paused 370us total 110.739ms
12-02 23:15:52.170  1864  1909 I teco.fmhandroi: Background concurrent copying GC freed 8637(301KB) AllocSpace objects, 0(0B) LOS objects, 11% free, 44MB/50MB, paused 446us total 112.741ms
12-02 23:15:52.757  1864  1909 I teco.fmhandroi: Background concurrent copying GC freed 9046(313KB) AllocSpace objects, 0(0B) LOS objects, 10% free, 50MB/56MB, paused 383us total 120.473ms
12-02 23:15:53.357  1864  1909 I teco.fmhandroi: Background concurrent copying GC freed 9204(318KB) AllocSpace objects, 0(0B) LOS objects, 9% free, 57MB/63MB, paused 441us total 137.349ms
12-02 23:15:53.969  1864  1909 I teco.fmhandroi: Background concurrent copying GC freed 9536(317KB) AllocSpace objects, 0(0B) LOS objects, 8% free, 64MB/70MB, paused 444us total 149.823ms
12-02 23:15:54.605  1864  1909 I teco.fmhandroi: Background concurrent copying GC freed 10209(354KB) AllocSpace objects, 0(0B) LOS objects, 7% free, 71MB/77MB, paused 370us total 163.284ms
12-02 23:15:54.715  1864  1864 I Choreographer: Skipped 315 frames!  The application may be doing too much work on its main thread.
12-02 23:15:54.751  1864  2003 I OpenGLRenderer: Davey! duration=5288ms; Flags=0, IntendedVsync=95780461447195, Vsync=95785711446985, OldestInputEvent=9223372036854775807, NewestInputEvent=0, HandleInputStart=95785714858080, AnimationStart=95785714880980, PerformTraversalsStart=95785738725780, DrawStart=95785739112480, SyncQueued=95785741881880, SyncStart=95785742606980, IssueDrawCommandsStart=95785742801080, SwapBuffers=95785743996280, FrameCompleted=95785750823680, DequeueBufferDuration=197000, QueueBufferDuration=575000, 
12-02 23:15:54.848  1864  1864 D takeScreenshot: Found 1 global views to redraw
12-02 23:15:54.884  1772  1873 D gralloc_ranchu: gralloc_alloc: Creating ashmem region of size 14749696
12-02 23:15:54.927  1864  1989 W DefaultFailureHandler: Failed to take screenshot
12-02 23:15:54.927  1864  1989 W DefaultFailureHandler: java.io.FileNotFoundException: view-op-error-23.png: open failed: EROFS (Read-only file system)
12-02 23:15:54.927  1864  1989 W DefaultFailureHandler: 	at libcore.io.IoBridge.open(IoBridge.java:496)
12-02 23:15:54.927  1864  1989 W DefaultFailureHandler: 	at java.io.FileOutputStream.<init>(FileOutputStream.java:235)
12-02 23:15:54.927  1864  1989 W DefaultFailureHandler: 	at java.io.FileOutputStream.<init>(FileOutputStream.java:125)
12-02 23:15:54.927  1864  1989 W DefaultFailureHandler: 	at androidx.test.platform.io.FileTestStorage.openOutputFile(FileTestStorage.java:60)
12-02 23:15:54.927  1864  1989 W DefaultFailureHandler: 	at androidx.test.core.graphics.BitmapStorage.writeToTestStorage(BitmapStorageExt.kt:49)
12-02 23:15:54.927  1864  1989 W DefaultFailureHandler: 	at androidx.test.espresso.base.DefaultFailureHandler.takeScreenshot(DefaultFailureHandler.java:4)
12-02 23:15:54.927  1864  1989 W DefaultFailureHandler: 	at androidx.test.espresso.base.DefaultFailureHandler.handle(DefaultFailureHandler.java:3)
12-02 23:15:54.927  1864  1989 W DefaultFailureHandler: 	at androidx.test.espresso.ViewInteraction.waitForAndHandleInteractionResults(ViewInteraction.java:5)
12-02 23:15:54.927  1864  1989 W DefaultFailureHandler: 	at androidx.test.espresso.ViewInteraction.check(ViewInteraction.java:12)
12-02 23:15:54.927  1864  1989 W DefaultFailureHandler: 	at ru.iteco.fmhandroid.ui.steps.FilterClaimsPageSteps.checkClaimIsNotExist(FilterClaimsPageSteps.java:31)
12-02 23:15:54.927  1864  1989 W DefaultFailureHandler: 	at ru.iteco.fmhandroid.ui.FilterClaimsPageTest.shouldFilterClaimsWithStatusOpenAndExecuted(FilterClaimsPageTest.java:456)
12-02 23:15:54.927  1864  1989 W DefaultFailureHandler: 	at java.lang.reflect.Method.invoke(Native Method)
12-02 23:15:54.927  1864  1989 W DefaultFailureHandler: 	at org.junit.runners.model.FrameworkMethod$1.runReflectiveCall(FrameworkMethod.java:59)
12-02 23:15:54.927  1864  1989 W DefaultFailureHandler: 	at org.junit.internal.runners.model.ReflectiveCallable.run(ReflectiveCallable.java:12)
12-02 23:15:54.927  1864  1989 W DefaultFailureHandler: 	at org.junit.runners.model.FrameworkMethod.invokeExplosively(FrameworkMethod.java:56)
12-02 23:15:54.927  1864  1989 W DefaultFailureHandler: 	at org.junit.internal.runners.statements.InvokeMethod.evaluate(InvokeMethod.java:17)
12-02 23:15:54.927  1864  1989 W DefaultFailureHandler: 	at androidx.test.internal.runner.junit4.statement.RunBefores.evaluate(RunBefores.java:80)
12-02 23:15:54.927  1864  1989 W DefaultFailureHandler: 	at androidx.test.rule.ActivityTestRule$ActivityStatement.evaluate(ActivityTestRule.java:543)
12-02 23:15:54.927  1864  1989 W DefaultFailureHandler: 	at io.qameta.allure.android.rules.LogcatRule$apply$1.evaluate(LogcatRule.kt:23)
12-02 23:15:54.927  1864  1989 W DefaultFailureHandler: 	at io.qameta.allure.android.rules.ScreenshotRule$apply$1.evaluate(ScreenshotRule.kt:22)
12-02 23:15:54.927  1864  1989 W DefaultFailureHandler: 	at io.qameta.allure.android.rules.ScreenshotRule$apply$1.evaluate(ScreenshotRule.kt:22)
12-02 23:15:54.927  1864  1989 W DefaultFailureHandler: 	at org.junit.rules.RunRules.evaluate(RunRules.java:20)
12-02 23:15:54.927  1864  1989 W DefaultFailureHandler: 	at org.junit.runners.ParentRunner$3.evaluate(ParentRunner.java:306)
12-02 23:15:54.927  1864  1989 W DefaultFailureHandler: 	at org.junit.runners.BlockJUnit4ClassRunner$1.evaluate(BlockJUnit4ClassRunner.java:100)
12-02 23:15:54.927  1864  1989 W DefaultFailureHandler: 	at org.junit.runners.ParentRunner.runLeaf(ParentRunner.java:366)
12-02 23:15:54.927  1864  1989 W DefaultFailureHandler: 	at org.junit.runners.BlockJUnit4ClassRunner.runChild(BlockJUnit4ClassRunner.java:103)
12-02 23:15:54.927  1864  1989 W DefaultFailureHandler: 	at org.junit.runners.BlockJUnit4ClassRunner.runChild(BlockJUnit4ClassRunner.java:63)
12-02 23:15:54.927  1864  1989 W DefaultFailureHandler: 	at org.junit.runners.ParentRunner$4.run(ParentRunner.java:331)
12-02 23:15:54.927  1864  1989 W DefaultFailureHandler: 	at org.junit.runners.ParentRunner$1.schedule(ParentRunner.java:79)
12-02 23:15:54.927  1864  1989 W DefaultFailureHandler: 	at org.junit.runners.ParentRunner.runChildren(ParentRunner.java:329)
12-02 23:15:54.927  1864  1989 W DefaultFailureHandler: 	at org.junit.runners.ParentRunner.access$100(ParentRunner.java:66)
12-02 23:15:54.927  1864  1989 W DefaultFailureHandler: 	at org.junit.runners.ParentRunner$2.evaluate(ParentRunner.java:293)
12-02 23:15:54.927  1864  1989 W DefaultFailureHandler: 	at org.junit.runners.ParentRunner$3.evaluate(ParentRunner.java:306)
12-02 23:15:54.927  1864  1989 W DefaultFailureHandler: 	at org.junit.runners.ParentRunner.run(ParentRunner.java:413)
12-02 23:15:54.927  1864  1989 W DefaultFailureHandler: 	at androidx.test.ext.junit.runners.AndroidJUnit4.run(AndroidJUnit4.java:162)
12-02 23:15:54.927  1864  1989 W DefaultFailureHandler: 	at io.qameta.allure.android.runners.AllureAndroidJUnit4.run(AllureAndroidJUnitRunners.kt:29)
12-02 23:15:54.927  1864  1989 W DefaultFailureHandler: 	at org.junit.runners.Suite.runChild(Suite.java:128)
12-02 23:15:54.927  1864  1989 W DefaultFailureHandler: 	at org.junit.runners.Suite.runChild(Suite.java:27)
12-02 23:15:54.927  1864  1989 W DefaultFailureHandler: 	at org.junit.runners.ParentRunner$4.run(ParentRunner.java:331)
12-02 23:15:54.927  1864  1989 W DefaultFailureHandler: 	at org.junit.runners.ParentRunner$1.schedule(ParentRunner.java:79)
12-02 23:15:54.927  1864  1989 W DefaultFailureHandler: 	at org.junit.runners.ParentRunner.runChildren(ParentRunner.java:329)
12-02 23:15:54.927  1864  1989 W DefaultFailureHandler: 	at org.junit.runners.ParentRunner.access$100(ParentRunner.java:66)
12-02 23:15:54.927  1864  1989 W DefaultFailureHandler: 	at org.junit.runners.ParentRunner$2.evaluate(ParentRunner.java:293)
12-02 23:15:54.927  1864  1989 W DefaultFailureHandler: 	at org.junit.runners.ParentRunner$3.evaluate(ParentRunner.java:306)
12-02 23:15:54.927  1864  1989 W DefaultFailureHandler: 	at org.junit.runners.ParentRunner.run(ParentRunner.java:413)
12-02 23:15:54.927  1864  1989 W DefaultFailureHandler: 	at org.junit.runner.JUnitCore.run(JUnitCore.java:137)
12-02 23:15:54.927  1864  1989 W DefaultFailureHandler: 	at org.junit.runner.JUnitCore.run(JUnitCore.java:115)
12-02 23:15:54.927  1864  1989 W DefaultFailureHandler: 	at androidx.test.internal.runner.TestExecutor.execute(TestExecutor.java:67)
12-02 23:15:54.927  1864  1989 W DefaultFailureHandler: 	at androidx.test.internal.runner.TestExecutor.execute(TestExecutor.java:58)
12-02 23:15:54.927  1864  1989 W DefaultFailureHandler: 	at androidx.test.runner.AndroidJUnitRunner.onStart(AndroidJUnitRunner.java:438)
12-02 23:15:54.927  1864  1989 W DefaultFailureHandler: 	at android.app.Instrumentation$InstrumentationThread.run(Instrumentation.java:2189)
12-02 23:15:54.927  1864  1989 W DefaultFailureHandler: Caused by: android.system.ErrnoException: open failed: EROFS (Read-only file system)
12-02 23:15:54.927  1864  1989 W DefaultFailureHandler: 	at libcore.io.Linux.open(Native Method)
12-02 23:15:54.927  1864  1989 W DefaultFailureHandler: 	at libcore.io.ForwardingOs.open(ForwardingOs.java:167)
12-02 23:15:54.927  1864  1989 W DefaultFailureHandler: 	at libcore.io.BlockGuardOs.open(BlockGuardOs.java:252)
12-02 23:15:54.927  1864  1989 W DefaultFailureHandler: 	at libcore.io.ForwardingOs.open(ForwardingOs.java:167)
12-02 23:15:54.927  1864  1989 W DefaultFailureHandler: 	at android.app.ActivityThread$AndroidOs.open(ActivityThread.java:7255)
12-02 23:15:54.927  1864  1989 W DefaultFailureHandler: 	at libcore.io.IoBridge.open(IoBridge.java:482)
12-02 23:15:54.927  1864  1989 W DefaultFailureHandler: 	... 50 more
12-02 23:15:54.930  2010  3605 W InputReader: Device has associated, but no associated display id.
12-02 23:15:54.930  2010  3605 I chatty  : uid=1000(system) Binder:2010_E identical 8 lines
12-02 23:15:54.930  2010  3605 W InputReader: Device has associated, but no associated display id.
12-02 23:15:54.937  1864  1864 D LifecycleMonitor: Lifecycle status change: ru.iteco.fmhandroid.ui.AppActivity@e66249 in: PAUSED
12-02 23:15:54.939  2010  2346 W InputReader: Device has associated, but no associated display id.
12-02 23:15:54.940  2010  2346 I chatty  : uid=1000(system) Binder:2010_7 identical 8 lines
12-02 23:15:54.940  2010  2346 W InputReader: Device has associated, but no associated display id.
12-02 23:15:54.944  1864  2762 V FA      : Recording user engagement, ms: 53488
12-02 23:15:54.946  2010  2041 E memtrack: Couldn't load memtrack module
12-02 23:15:54.946  2010  2041 W android.os.Debug: failed to get memory consumption info: -1
12-02 23:15:54.956  1772  1873 D gralloc_ranchu: gralloc_alloc: Creating ashmem region of size 14749696
12-02 23:15:54.962  1772  1873 D gralloc_ranchu: gralloc_alloc: Creating ashmem region of size 14749696
12-02 23:15:54.968  1772  1772 D gralloc_ranchu: gralloc_alloc: Creating ashmem region of size 14749696
12-02 23:15:54.970  3139  3664 D EGL_emulation: eglMakeCurrent: 0xdb91c460: ver 2 0 (tinfo 0xbe64a3f0)
12-02 23:15:54.992  1772  1772 D gralloc_ranchu: gralloc_alloc: Creating ashmem region of size 14749696
12-02 23:15:55.002  1772  1772 I chatty  : uid=1000(system) allocator@2.0-s identical 1 line
12-02 23:15:55.005  1772  1772 D gralloc_ranchu: gralloc_alloc: Creating ashmem region of size 14749696
12-02 23:15:55.006  2448  3326 D EGL_emulation: eglMakeCurrent: 0xe3a07ba0: ver 2 0 (tinfo 0xe3a93b30)
12-02 23:15:55.024  3139  3139 W ThreadPoolDumper: Queue length for executor EventBus is now 11. Perhaps some tasks are too long, or the pool is too small.
12-02 23:15:55.044  3139  3568 W SessionLifecycleManager: Handover failed. Creating new session controller.
12-02 23:15:55.052  1864  2762 V FA      : Connecting to remote service
12-02 23:15:55.059  2010  2037 W InputReader: Device has associated, but no associated display id.
12-02 23:15:55.059  2010  2037 I chatty  : uid=1000(system) android.anim identical 8 lines
12-02 23:15:55.059  2010  2037 W InputReader: Device has associated, but no associated display id.
12-02 23:15:55.077  1772  1772 D gralloc_ranchu: gralloc_alloc: Creating ashmem region of size 9441280
12-02 23:15:55.108  2010  2010 W ActivityManager: Unable to start service Intent { act=android.service.appprediction.AppPredictionService cmp=com.google.android.as/com.google.android.apps.miphone.aiai.app.AiAiPredictionService } U=0: not found
12-02 23:15:55.108  2010  2010 W RemoteAppPredictionService: could not bind to Intent { act=android.service.appprediction.AppPredictionService cmp=com.google.android.as/com.google.android.apps.miphone.aiai.app.AiAiPredictionService } using flags 67108865
