12-02 23:15:17.819  1864  2083 I okhttp.OkHttpClient: Cache-Control: no-cache, no-store, max-age=0, must-revalidate
12-02 23:15:17.819  1864  2083 I okhttp.OkHttpClient: Pragma: no-cache
12-02 23:15:17.819  1864  2083 I okhttp.OkHttpClient: Expires: 0
12-02 23:15:17.820  1864  2083 I okhttp.OkHttpClient: X-Frame-Options: DENY
12-02 23:15:17.820  1864  2083 I okhttp.OkHttpClient: Content-Type: application/json
12-02 23:15:17.820  1864  2083 I okhttp.OkHttpClient: Transfer-Encoding: chunked
12-02 23:15:17.820  1864  2083 I okhttp.OkHttpClient: Date: Fri, 02 Dec 2022 20:15:18 GMT
12-02 23:15:17.820  1864  2083 I okhttp.OkHttpClient: Keep-Alive: timeout=60
12-02 23:15:17.820  1864  2083 I okhttp.OkHttpClient: Connection: keep-alive
12-02 23:15:17.939  1864  2093 I okhttp.OkHttpClient: <-- 200 http://www.981757-ca08998.tmweb.ru:8080/fmh/claims (283ms)
12-02 23:15:17.939  1864  2093 I okhttp.OkHttpClient: Vary: Origin
12-02 23:15:17.939  1864  2093 I okhttp.OkHttpClient: Vary: Access-Control-Request-Method
12-02 23:15:17.939  1864  2093 I okhttp.OkHttpClient: Vary: Access-Control-Request-Headers
12-02 23:15:17.939  1864  2093 I okhttp.OkHttpClient: X-Content-Type-Options: nosniff
12-02 23:15:17.939  1864  2093 I okhttp.OkHttpClient: X-XSS-Protection: 1; mode=block
12-02 23:15:17.939  1864  2093 I okhttp.OkHttpClient: Cache-Control: no-cache, no-store, max-age=0, must-revalidate
12-02 23:15:17.939  1864  2093 I okhttp.OkHttpClient: Pragma: no-cache
12-02 23:15:17.939  1864  2093 I okhttp.OkHttpClient: Expires: 0
12-02 23:15:17.939  1864  2093 I okhttp.OkHttpClient: X-Frame-Options: DENY
12-02 23:15:17.939  1864  2093 I okhttp.OkHttpClient: Content-Type: application/json
12-02 23:15:17.939  1864  2093 I okhttp.OkHttpClient: Transfer-Encoding: chunked
12-02 23:15:17.939  1864  2093 I okhttp.OkHttpClient: Date: Fri, 02 Dec 2022 20:15:18 GMT
12-02 23:15:17.939  1864  2093 I okhttp.OkHttpClient: Keep-Alive: timeout=60
12-02 23:15:17.939  1864  2093 I okhttp.OkHttpClient: Connection: keep-alive
12-02 23:15:17.940  1864  2093 I okhttp.OkHttpClient: {"id":2559,"title":"Открытая aece7eaf-cfb0-481a-b468-bca0142bd331","description":"Открытая aece7eaf-cfb0-481a-b468-bca0142bd331","creatorId":2,"executorId":null,"createDate":1670012117,"planExecuteDate":1700338500,"factExecuteDate":null,"status":"OPEN","creatorName":"Иванов Данил Данилович","executorName":null}
12-02 23:15:17.940  1864  2093 I okhttp.OkHttpClient: <-- END HTTP (348-byte body)
12-02 23:15:17.965  2010  2041 E memtrack: Couldn't load memtrack module
12-02 23:15:17.965  2010  2041 W android.os.Debug: failed to get memory consumption info: -1
12-02 23:15:19.493  2010  5522 D WificondControl: Scan result ready event
12-02 23:15:20.786  1750  1750 W audio_hw_generic: Not supplying enough data to HAL, expected position 454869358 , only wrote 454504922
12-02 23:15:20.877  1864  1864 I ViewInteraction: Performing 'wait for a specific view with <view.getId() is <2131230849/ru.iteco.fmhandroid:id/add_new_claim_material_button>> during 10000 millis.' action on view view.getRootView() to equal view
12-02 23:15:20.879  1864  1864 I ViewInteraction: Performing 'single click' action on view view.getId() is <2131230849/ru.iteco.fmhandroid:id/add_new_claim_material_button>
12-02 23:15:20.943  1864  2052 I okhttp.OkHttpClient: --> GET http://www.981757-ca08998.tmweb.ru:8080/fmh/users
12-02 23:15:20.943  1864  2052 I okhttp.OkHttpClient: --> END GET
12-02 23:15:20.953  1750  3111 W audio_hw_generic: Not supplying enough data to HAL, expected position 454504935 , only wrote 454504922
12-02 23:15:21.092  1864  2052 I okhttp.OkHttpClient: <-- 200 http://www.981757-ca08998.tmweb.ru:8080/fmh/users (149ms)
12-02 23:15:21.092  1864  2052 I okhttp.OkHttpClient: Vary: Origin
12-02 23:15:21.092  1864  2052 I okhttp.OkHttpClient: Vary: Access-Control-Request-Method
12-02 23:15:21.092  1864  2052 I okhttp.OkHttpClient: Vary: Access-Control-Request-Headers
12-02 23:15:21.092  1864  2052 I okhttp.OkHttpClient: X-Content-Type-Options: nosniff
12-02 23:15:21.092  1864  2052 I okhttp.OkHttpClient: X-XSS-Protection: 1; mode=block
12-02 23:15:21.093  1864  2052 I okhttp.OkHttpClient: Cache-Control: no-cache, no-store, max-age=0, must-revalidate
12-02 23:15:21.093  1864  2052 I okhttp.OkHttpClient: Pragma: no-cache
12-02 23:15:21.093  1864  2052 I okhttp.OkHttpClient: Expires: 0
12-02 23:15:21.093  1864  2052 I okhttp.OkHttpClient: X-Frame-Options: DENY
12-02 23:15:21.093  1864  2052 I okhttp.OkHttpClient: Content-Type: application/json
12-02 23:15:21.093  1864  2052 I okhttp.OkHttpClient: Transfer-Encoding: chunked
12-02 23:15:21.093  1864  2052 I okhttp.OkHttpClient: Date: Fri, 02 Dec 2022 20:15:22 GMT
12-02 23:15:21.093  1864  2052 I okhttp.OkHttpClient: Keep-Alive: timeout=60
12-02 23:15:21.093  1864  2052 I okhttp.OkHttpClient: Connection: keep-alive
12-02 23:15:21.093  1864  2052 I okhttp.OkHttpClient: [{"id":1,"firstName":"Петр","lastName":"Смирнов","middleName":"Петрович","admin":true},{"id":2,"firstName":"Данил","lastName":"Иванов","middleName":"Данилович","admin":true},{"id":3,"firstName":"Егор","lastName":"Петров","middleName":"Егорович","admin":false},{"id":4,"firstName":"Дмитрий","lastName":"Сидоров","middleName":"Дмитриевич","admin":false},{"id":5,"firstName":"Тест","lastName":"Тестов","middleName":"Тестович","admin":true},{"id":6,"firstName":"Diplom","lastName":"Netology","middleName":"QAMID","admin":true}]
12-02 23:15:21.093  1864  2052 I okhttp.OkHttpClient: <-- END HTTP (622-byte body)
12-02 23:15:21.173  1864  1864 I ViewInteraction: Performing 'wait for a specific view with <view.getId() is <2131231041/ru.iteco.fmhandroid:id/executor_drop_menu_auto_complete_text_view>> during 10000 millis.' action on view view.getRootView() to equal view
12-02 23:15:21.176  1864  1864 I ViewInteraction: Performing 'single click' action on view view.getId() is <2131231041/ru.iteco.fmhandroid:id/executor_drop_menu_auto_complete_text_view>
12-02 23:15:21.247  1743  1743 I netd    : firewallSetUidRule(2, 10145, 1) <0.03ms>
12-02 23:15:21.269  1772  1772 D gralloc_ranchu: gralloc_alloc: Creating ashmem region of size 7032832
12-02 23:15:21.274  1772  1772 D gralloc_ranchu: gralloc_alloc: Creating ashmem region of size 7032832
12-02 23:15:21.276  1864  2003 D EGL_emulation: eglMakeCurrent: 0xdb91b3e0: ver 2 0 (tinfo 0xdb98eb00)
12-02 23:15:21.282  1772  1772 D gralloc_ranchu: gralloc_alloc: Creating ashmem region of size 7032832
12-02 23:15:21.306  1864  1864 I AssistStructure: Flattened final assist data: 6984 bytes, containing 2 windows, 53 views
12-02 23:15:21.311  2010  3295 D AutofillSession: Starting partition or augmented request for view id 1073741845@686737226: STARTED_SESSION
12-02 23:15:21.317  2010  2010 D AutofillSession: cancelCurrentRequest(): id = 1330
12-02 23:15:21.324  1864  2003 D EGL_emulation: eglMakeCurrent: 0xdb91b3e0: ver 2 0 (tinfo 0xdb98eb00)
12-02 23:15:21.339  1864  2003 I chatty  : uid=10159(ru.iteco.fmhandroid) RenderThread identical 1 line
12-02 23:15:21.351  1864  2003 D EGL_emulation: eglMakeCurrent: 0xdb91b3e0: ver 2 0 (tinfo 0xdb98eb00)
12-02 23:15:21.356  1864  1864 I AssistStructure: Flattened final assist data: 6984 bytes, containing 2 windows, 53 views
12-02 23:15:21.362  2584  2584 W ktk     : Pending fill request while another request in the same session was triggered. [CONTEXT service_id=177 ]
12-02 23:15:21.368  2486  2486 I KeyboardViewUtil: systemKeyboardHeightRatio:1.000000; userKeyboardHeightRatio:1.000000.
12-02 23:15:21.368  2486  2486 I AndroidIME: LatinIme.onActivate() : EditorInfo = Package = ru.iteco.fmhandroid : Type = Text : Learning = Disable : Suggestion = Show : AutoCorrection = Disable : Microphone = Show : NoPersonalizedLearning = Disable
12-02 23:15:21.376  2486  2486 I Conv2QueryExtension: Current locale: en_US, config allows these locales: de,en,es,fr,it,ms,pt,ta
12-02 23:15:21.376  2486  2486 I Conv2QueryExtension: Conv2Query not enabled due to current app [ru.iteco.fmhandroid] not in whitelist
12-02 23:15:21.376  2486  2486 I Conv2QueryExtension: onActivate() : Disabled by unsupported host app
12-02 23:15:21.391  1772  1772 D gralloc_ranchu: gralloc_alloc: Creating ashmem region of size 14262272
12-02 23:15:21.394  1772  1772 D gralloc_ranchu: gralloc_alloc: Creating ashmem region of size 14262272
12-02 23:15:21.399  2169  2501 D EGL_emulation: eglMakeCurrent: 0xdb91a600: ver 2 0 (tinfo 0xdb90f8d0)
12-02 23:15:21.404  2486  6704 D EGL_emulation: eglMakeCurrent: 0xdb91b920: ver 2 0 (tinfo 0xdb90fce0)
12-02 23:15:21.412  1772  1873 D gralloc_ranchu: gralloc_alloc: Creating ashmem region of size 14262272
12-02 23:15:21.425  2010  2034 D AutofillUI: destroySaveUiUiThread(): already destroyed
12-02 23:15:21.471  1772  1873 D gralloc_ranchu: gralloc_alloc: Creating ashmem region of size 4997120
12-02 23:15:21.479  1864  2003 D EGL_emulation: eglMakeCurrent: 0xdb91b3e0: ver 2 0 (tinfo 0xdb98eb00)
12-02 23:15:21.509  1772  1873 D gralloc_ranchu: gralloc_alloc: Creating ashmem region of size 4997120
12-02 23:15:21.512  1864  2003 D EGL_emulation: eglMakeCurrent: 0xdb91b3e0: ver 2 0 (tinfo 0xdb98eb00)
12-02 23:15:21.528  1864  2003 D EGL_emulation: eglMakeCurrent: 0xdb91b3e0: ver 2 0 (tinfo 0xdb98eb00)
12-02 23:15:21.542  1772  1873 D gralloc_ranchu: gralloc_alloc: Creating ashmem region of size 4997120
12-02 23:15:21.598  1864  1864 I ViewInteraction: Performing 'close keyboard' action on view view.getRootView() to equal view
12-02 23:15:21.604  2486  2486 I PhenotypeExpConfig: refreshConfiguration() : Force = false : UpdateAvailable = false : Age = 433 minutes : MaxAge = 720 minutes
12-02 23:15:21.605  1743  1743 I netd    : firewallSetUidRule(2, 10145, 2) <0.03ms>
12-02 23:15:21.606  2486  2486 I AndroidIME: LatinIme.onDeactivate()
12-02 23:15:21.617  2486  6704 D EGL_emulation: eglMakeCurrent: 0xdb91b920: ver 2 0 (tinfo 0xdb90fce0)
12-02 23:15:21.644  1864  2003 D EGL_emulation: eglMakeCurrent: 0xdb91b3e0: ver 2 0 (tinfo 0xdb98eb00)
12-02 23:15:21.674  1772  1873 D gralloc_ranchu: gralloc_alloc: Creating ashmem region of size 7032832
12-02 23:15:21.680  1864  2003 D EGL_emulation: eglMakeCurrent: 0xdb91b3e0: ver 2 0 (tinfo 0xdb98eb00)
12-02 23:15:21.700  1772  1873 D gralloc_ranchu: gralloc_alloc: Creating ashmem region of size 7032832
12-02 23:15:21.705  1864  2003 D EGL_emulation: eglMakeCurrent: 0xdb91b3e0: ver 2 0 (tinfo 0xdb98eb00)
12-02 23:15:21.720  1864  2003 D EGL_emulation: eglMakeCurrent: 0xdb91b3e0: ver 2 0 (tinfo 0xdb98eb00)
12-02 23:15:21.733  1772  1873 D gralloc_ranchu: gralloc_alloc: Creating ashmem region of size 7032832
12-02 23:15:21.753  1864  2003 D EGL_emulation: eglMakeCurrent: 0xdb91b3e0: ver 2 0 (tinfo 0xdb98eb00)
12-02 23:15:22.379  2584  2750 E memtrack: Couldn't load memtrack module
12-02 23:15:22.379  2584  2750 W android.os.Debug: failed to get memory consumption info: -1
12-02 23:15:23.268  1864  2003 D EGL_emulation: eglMakeCurrent: 0xdb91b3e0: ver 2 0 (tinfo 0xdb98eb00)
12-02 23:15:23.750  1864  2003 D EGL_emulation: eglMakeCurrent: 0xdb91b3e0: ver 2 0 (tinfo 0xdb98eb00)
12-02 23:15:24.446  1750  1750 W audio_hw_generic: Not supplying enough data to HAL, expected position 454811332 , only wrote 454658935
12-02 23:15:24.916  1864  1864 I ViewInteraction: Checking 'MatchesViewAssertion{viewMatcher=(view has effective visibility <VISIBLE> and view.getGlobalVisibleRect() to return non-empty rectangle)}' assertion on view an instance of android.widget.TextView and view.getText() with or without transformation to match: is "Иванов Данил Данилович"
12-02 23:15:24.917  1864  1864 I ViewInteraction: Performing 'single click' action on view an instance of android.widget.TextView and view.getText() with or without transformation to match: is "Иванов Данил Данилович"
12-02 23:15:24.982  1864  2003 D EGL_emulation: eglMakeCurrent: 0xdb91b3e0: ver 2 0 (tinfo 0xdb98eb00)
12-02 23:15:25.038  1750  3111 W audio_hw_generic: Not supplying enough data to HAL, expected position 454658957 , only wrote 454658935
12-02 23:15:25.050  1864  2003 D EGL_emulation: eglMakeCurrent: 0xdb91b3e0: ver 2 0 (tinfo 0xdb98eb00)
12-02 23:15:25.064  2010  6092 E InputDispatcher: Window handle Window{b9ed3c4 u0 PopupWindow:64727c6} has no registered input channel
12-02 23:15:25.072  1864  2003 D EGL_emulation: eglMakeCurrent: 0xdb91b3e0: ver 2 0 (tinfo 0xdb98eb00)
12-02 23:15:25.215  1864  1864 I ViewInteraction: Performing 'wait for a specific view with <(view.getId() is <2131231402/ru.iteco.fmhandroid:id/title_edit_text> and view.getParent() view.getParent() view.getId() is <2131231406/ru.iteco.fmhandroid:id/title_text_input_layout>)> during 10000 millis.' action on view view.getRootView() to equal view
12-02 23:15:25.216  1864  1864 I ViewInteraction: Performing 'replace text(Выполнено e5061f11-a57b-4a4a-b47d-761bae57500c)' action on view (view.getId() is <2131231402/ru.iteco.fmhandroid:id/title_edit_text> and view.getParent() view.getParent() view.getId() is <2131231406/ru.iteco.fmhandroid:id/title_text_input_layout>)
12-02 23:15:25.258  1864  1864 I ViewInteraction: Performing 'wait for a specific view with <view.getId() is <2131230975/ru.iteco.fmhandroid:id/date_in_plan_text_input_edit_text>> during 10000 millis.' action on view view.getRootView() to equal view
12-02 23:15:25.260  1864  1864 I ViewInteraction: Performing 'single click' action on view view.getId() is <2131230975/ru.iteco.fmhandroid:id/date_in_plan_text_input_edit_text>
12-02 23:15:25.358  1772  1873 D gralloc_ranchu: gralloc_alloc: Creating ashmem region of size 10964992
12-02 23:15:25.363  1772  1873 I chatty  : uid=1000(system) HwBinder:1772_1 identical 1 line
12-02 23:15:25.367  1772  1873 D gralloc_ranchu: gralloc_alloc: Creating ashmem region of size 10964992
12-02 23:15:25.372  1864  2003 D EGL_emulation: eglMakeCurrent: 0xdb91b3e0: ver 2 0 (tinfo 0xdb98eb00)
12-02 23:15:25.485  1864  2003 I chatty  : uid=10159(ru.iteco.fmhandroid) RenderThread identical 3 lines
12-02 23:15:25.509  1864  2003 D EGL_emulation: eglMakeCurrent: 0xdb91b3e0: ver 2 0 (tinfo 0xdb98eb00)
12-02 23:15:25.868  1864  1864 I ViewInteraction: Performing 'wait for a specific view with <is assignable from class <class android.widget.DatePicker>> during 10000 millis.' action on view view.getRootView() to equal view
12-02 23:15:25.871  1864  1864 I ViewInteraction: Checking 'MatchesViewAssertion{viewMatcher=(view has effective visibility <VISIBLE> and view.getGlobalVisibleRect() to return non-empty rectangle)}' assertion on view is assignable from class <class android.widget.DatePicker>
12-02 23:15:25.873  1864  1864 I ViewInteraction: Performing 'wait for a specific view with <is assignable from class <class android.widget.DatePicker>> during 10000 millis.' action on view view.getRootView() to equal view
12-02 23:15:25.876  1864  1864 I ViewInteraction: Performing 'set date' action on view is assignable from class <class android.widget.DatePicker>
12-02 23:15:25.918  1864  1864 I ViewInteraction: Performing 'wait for a specific view with <view.getId() is <16908313/android:id/button1>> during 10000 millis.' action on view view.getRootView() to equal view
12-02 23:15:25.920  1864  1864 I ViewInteraction: Performing 'single click' action on view view.getId() is <16908313/android:id/button1>
12-02 23:15:26.000  1864  2003 D EGL_emulation: eglMakeCurrent: 0xdb91b3e0: ver 2 0 (tinfo 0xdb98eb00)
12-02 23:15:26.013  2010 19651 E InputDispatcher: Window handle Window{8d0e631 u0 ru.iteco.fmhandroid/ru.iteco.fmhandroid.ui.AppActivity} has no registered input channel
12-02 23:15:26.022  1864  2003 D EGL_emulation: eglMakeCurrent: 0xdb91b3e0: ver 2 0 (tinfo 0xdb98eb00)
12-02 23:15:26.283  1864  1864 I ViewInteraction: Performing 'wait for a specific view with <(an instance of android.widget.TextView and view.getHint() matching: is "Time" and view.getParent() view.getParent() view.getId() is <2131231399/ru.iteco.fmhandroid:id/time_in_plan_text_input_layout>)> during 10000 millis.' action on view view.getRootView() to equal view
12-02 23:15:26.285  1864  1864 I ViewInteraction: Performing 'single click' action on view (an instance of android.widget.TextView and view.getHint() matching: is "Time" and view.getParent() view.getParent() view.getId() is <2131231399/ru.iteco.fmhandroid:id/time_in_plan_text_input_layout>)
12-02 23:15:26.419  1772  1873 D gralloc_ranchu: gralloc_alloc: Creating ashmem region of size 9261056
12-02 23:15:26.426  1772  1873 I chatty  : uid=1000(system) HwBinder:1772_1 identical 1 line
12-02 23:15:26.427  1772  1873 D gralloc_ranchu: gralloc_alloc: Creating ashmem region of size 9261056
12-02 23:15:26.438  1864  2003 D EGL_emulation: eglMakeCurrent: 0xdb91b3e0: ver 2 0 (tinfo 0xdb98eb00)
12-02 23:15:26.511  1864  2003 D EGL_emulation: eglMakeCurrent: 0xdb91b3e0: ver 2 0 (tinfo 0xdb98eb00)
12-02 23:15:26.767  1864  1864 I ViewInteraction: Performing 'wait for a specific view with <is assignable from class <class android.widget.TimePicker>> during 10000 millis.' action on view view.getRootView() to equal view
12-02 23:15:26.770  1864  1864 I ViewInteraction: Checking 'MatchesViewAssertion{viewMatcher=(view has effective visibility <VISIBLE> and view.getGlobalVisibleRect() to return non-empty rectangle)}' assertion on view is assignable from class <class android.widget.TimePicker>
12-02 23:15:26.771  1864  1864 I ViewInteraction: Performing 'wait for a specific view with <is assignable from class <class android.widget.TimePicker>> during 10000 millis.' action on view view.getRootView() to equal view
12-02 23:15:26.773  1864  1864 I ViewInteraction: Performing 'set time' action on view is assignable from class <class android.widget.TimePicker>
12-02 23:15:26.775  1864  1864 I ViewInteraction: Performing 'wait for a specific view with <view.getId() is <16908313/android:id/button1>> during 10000 millis.' action on view view.getRootView() to equal view
12-02 23:15:26.776  1864  1864 I ViewInteraction: Performing 'single click' action on view view.getId() is <16908313/android:id/button1>
12-02 23:15:26.832  1864  2003 D EGL_emulation: eglMakeCurrent: 0xdb91b3e0: ver 2 0 (tinfo 0xdb98eb00)
12-02 23:15:26.853  1864  2003 D EGL_emulation: eglMakeCurrent: 0xdb91b3e0: ver 2 0 (tinfo 0xdb98eb00)
12-02 23:15:26.863  2010  3605 E InputDispatcher: Window handle Window{c9776b4 u0 ru.iteco.fmhandroid/ru.iteco.fmhandroid.ui.AppActivity} has no registered input channel
12-02 23:15:26.866  1864  2003 D EGL_emulation: eglMakeCurrent: 0xdb91b3e0: ver 2 0 (tinfo 0xdb98eb00)
12-02 23:15:27.124  1864  1864 I ViewInteraction: Performing 'wait for a specific view with <(an instance of android.widget.TextView and view.getHint() matching: is "Description" and view.getParent() view.getParent() view.getId() is <2131230988/ru.iteco.fmhandroid:id/description_text_input_layout>)> during 10000 millis.' action on view view.getRootView() to equal view
12-02 23:15:27.125  1864  1864 I ViewInteraction: Performing 'replace text(Выполнено e5061f11-a57b-4a4a-b47d-761bae57500c)' action on view (an instance of android.widget.TextView and view.getHint() matching: is "Description" and view.getParent() view.getParent() view.getId() is <2131230988/ru.iteco.fmhandroid:id/description_text_input_layout>)
12-02 23:15:27.154  1864  1864 I ViewInteraction: Performing 'wait for a specific view with <view.getId() is <2131231291/ru.iteco.fmhandroid:id/save_button>> during 10000 millis.' action on view view.getRootView() to equal view
12-02 23:15:27.156  1864  1864 I ViewInteraction: Performing 'single click' action on view view.getId() is <2131231291/ru.iteco.fmhandroid:id/save_button>
12-02 23:15:27.223  1864  2093 I okhttp.OkHttpClient: --> POST http://www.981757-ca08998.tmweb.ru:8080/fmh/claims
12-02 23:15:27.223  1864  2093 I okhttp.OkHttpClient: Content-Type: application/json; charset=UTF-8
12-02 23:15:27.223  1864  2093 I okhttp.OkHttpClient: Content-Length: 296
12-02 23:15:27.224  1864  2093 I okhttp.OkHttpClient: {"createDate":1670012127,"creatorId":2,"creatorName":"Иванов Данил Данилович","description":"Выполнено e5061f11-a57b-4a4a-b47d-761bae57500c","executorId":2,"planExecuteDate":1680898500,"status":"OPEN","title":"Выполнено e5061f11-a57b-4a4a-b47d-761bae57500c"}
12-02 23:15:27.224  1864  2093 I okhttp.OkHttpClient: --> END POST (296-byte body)
12-02 23:15:27.453  1864  1864 I ViewInteraction: Performing 'wait for a specific view with <view.getId() is <2131230849/ru.iteco.fmhandroid:id/add_new_claim_material_button>> during 10000 millis.' action on view view.getRootView() to equal view
12-02 23:15:27.629  1897  1897 E wifi_forwarder: RemoteConnection failed to initialize: RemoteConnection failed to open pipe
12-02 23:15:28.049  1864  2093 I okhttp.OkHttpClient: <-- 200 http://www.981757-ca08998.tmweb.ru:8080/fmh/claims (824ms)
12-02 23:15:28.049  1864  2093 I okhttp.OkHttpClient: Vary: Origin
12-02 23:15:28.049  1864  2093 I okhttp.OkHttpClient: Vary: Access-Control-Request-Method
12-02 23:15:28.049  1864  2093 I okhttp.OkHttpClient: Vary: Access-Control-Request-Headers
12-02 23:15:28.049  1864  2093 I okhttp.OkHttpClient: X-Content-Type-Options: nosniff
12-02 23:15:28.049  1864  2093 I okhttp.OkHttpClient: X-XSS-Protection: 1; mode=block
12-02 23:15:28.049  1864  2093 I okhttp.OkHttpClient: Cache-Control: no-cache, no-store, max-age=0, must-revalidate
12-02 23:15:28.049  1864  2093 I okhttp.OkHttpClient: Pragma: no-cache
12-02 23:15:28.049  1864  2093 I okhttp.OkHttpClient: Expires: 0
12-02 23:15:28.049  1864  2093 I okhttp.OkHttpClient: X-Frame-Options: DENY
12-02 23:15:28.049  1864  2093 I okhttp.OkHttpClient: Content-Type: application/json
12-02 23:15:28.049  1864  2093 I okhttp.OkHttpClient: Transfer-Encoding: chunked
12-02 23:15:28.049  1864  2093 I okhttp.OkHttpClient: Date: Fri, 02 Dec 2022 20:15:29 GMT
12-02 23:15:28.049  1864  2093 I okhttp.OkHttpClient: Keep-Alive: timeout=60
12-02 23:15:28.049  1864  2093 I okhttp.OkHttpClient: Connection: keep-alive
12-02 23:15:28.050  1864  2093 I okhttp.OkHttpClient: {"id":2560,"title":"Выполнено e5061f11-a57b-4a4a-b47d-761bae57500c","description":"Выполнено e5061f11-a57b-4a4a-b47d-761bae57500c","creatorId":2,"executorId":2,"createDate":1670012127,"planExecuteDate":1680898500,"factExecuteDate":null,"status":"IN_PROGRESS","creatorName":"Иванов Данил Данилович","executorName":"Иванов Данил Данилович"}
12-02 23:15:28.050  1864  2093 I okhttp.OkHttpClient: <-- END HTTP (396-byte body)
12-02 23:15:28.120  1864  1864 I ViewInteraction: Performing 'single click' action on view view.getId() is <2131230849/ru.iteco.fmhandroid:id/add_new_claim_material_button>
12-02 23:15:28.203  1864  2052 I okhttp.OkHttpClient: --> GET http://www.981757-ca08998.tmweb.ru:8080/fmh/users
12-02 23:15:28.203  1864  2052 I okhttp.OkHttpClient: --> END GET
12-02 23:15:28.355  1864  2052 I okhttp.OkHttpClient: <-- 200 http://www.981757-ca08998.tmweb.ru:8080/fmh/users (152ms)
12-02 23:15:28.356  1864  2052 I okhttp.OkHttpClient: Vary: Origin
12-02 23:15:28.356  1864  2052 I okhttp.OkHttpClient: Vary: Access-Control-Request-Method
12-02 23:15:28.356  1864  2052 I okhttp.OkHttpClient: Vary: Access-Control-Request-Headers
12-02 23:15:28.356  1864  2052 I okhttp.OkHttpClient: X-Content-Type-Options: nosniff
12-02 23:15:28.356  1864  2052 I okhttp.OkHttpClient: X-XSS-Protection: 1; mode=block
12-02 23:15:28.356  1864  2052 I okhttp.OkHttpClient: Cache-Control: no-cache, no-store, max-age=0, must-revalidate
12-02 23:15:28.356  1864  2052 I okhttp.OkHttpClient: Pragma: no-cache
12-02 23:15:28.356  1864  2052 I okhttp.OkHttpClient: Expires: 0
12-02 23:15:28.356  1864  2052 I okhttp.OkHttpClient: X-Frame-Options: DENY
12-02 23:15:28.356  1864  2052 I okhttp.OkHttpClient: Content-Type: application/json
12-02 23:15:28.356  1864  2052 I okhttp.OkHttpClient: Transfer-Encoding: chunked
12-02 23:15:28.356  1864  2052 I okhttp.OkHttpClient: Date: Fri, 02 Dec 2022 20:15:29 GMT
12-02 23:15:28.356  1864  2052 I okhttp.OkHttpClient: Keep-Alive: timeout=60
12-02 23:15:28.356  1864  2052 I okhttp.OkHttpClient: Connection: keep-alive
12-02 23:15:28.424  1864  1864 I ViewInteraction: Performing 'wait for a specific view with <(view.getId() is <2131231402/ru.iteco.fmhandroid:id/title_edit_text> and view.getParent() view.getParent() view.getId() is <2131231406/ru.iteco.fmhandroid:id/title_text_input_layout>)> during 10000 millis.' action on view view.getRootView() to equal view
12-02 23:15:28.619  1864  2052 I okhttp.OkHttpClient: [{"id":1,"firstName":"Петр","lastName":"Смирнов","middleName":"Петрович","admin":true},{"id":2,"firstName":"Данил","lastName":"Иванов","middleName":"Данилович","admin":true},{"id":3,"firstName":"Егор","lastName":"Петров","middleName":"Егорович","admin":false},{"id":4,"firstName":"Дмитрий","lastName":"Сидоров","middleName":"Дмитриевич","admin":false},{"id":5,"firstName":"Тест","lastName":"Тестов","middleName":"Тестович","admin":true},{"id":6,"firstName":"Diplom","lastName":"Netology","middleName":"QAMID","admin":true}]
12-02 23:15:28.619  1864  2052 I okhttp.OkHttpClient: <-- END HTTP (622-byte body)
12-02 23:15:28.702  1864  1864 I ViewInteraction: Performing 'replace text(Закрыта 81542cf3-039f-4d08-bfb3-3060b79b41e9)' action on view (view.getId() is <2131231402/ru.iteco.fmhandroid:id/title_edit_text> and view.getParent() view.getParent() view.getId() is <2131231406/ru.iteco.fmhandroid:id/title_text_input_layout>)
12-02 23:15:28.736  1864  1864 I ViewInteraction: Performing 'wait for a specific view with <view.getId() is <2131230975/ru.iteco.fmhandroid:id/date_in_plan_text_input_edit_text>> during 10000 millis.' action on view view.getRootView() to equal view
12-02 23:15:28.738  1864  1864 I ViewInteraction: Performing 'single click' action on view view.getId() is <2131230975/ru.iteco.fmhandroid:id/date_in_plan_text_input_edit_text>
12-02 23:15:28.846  1772  1873 D gralloc_ranchu: gralloc_alloc: Creating ashmem region of size 10964992
12-02 23:15:28.853  1772  1873 I chatty  : uid=1000(system) HwBinder:1772_1 identical 1 line
12-02 23:15:28.854  1772  1873 D gralloc_ranchu: gralloc_alloc: Creating ashmem region of size 10964992
12-02 23:15:28.858  1864  2003 D EGL_emulation: eglMakeCurrent: 0xdb91b3e0: ver 2 0 (tinfo 0xdb98eb00)
12-02 23:15:28.888  2881  2755 E memtrack: Couldn't load memtrack module
12-02 23:15:28.888  2881  2755 W android.os.Debug: failed to get memory consumption info: -1
12-02 23:15:28.930  1864  2003 D EGL_emulation: eglMakeCurrent: 0xdb91b3e0: ver 2 0 (tinfo 0xdb98eb00)
12-02 23:15:28.957  1864  2003 D EGL_emulation: eglMakeCurrent: 0xdb91b3e0: ver 2 0 (tinfo 0xdb98eb00)
12-02 23:15:29.354  1864  1864 I ViewInteraction: Performing 'wait for a specific view with <is assignable from class <class android.widget.DatePicker>> during 10000 millis.' action on view view.getRootView() to equal view
12-02 23:15:29.356  1864  1864 I ViewInteraction: Checking 'MatchesViewAssertion{viewMatcher=(view has effective visibility <VISIBLE> and view.getGlobalVisibleRect() to return non-empty rectangle)}' assertion on view is assignable from class <class android.widget.DatePicker>
12-02 23:15:29.357  1864  1864 I ViewInteraction: Performing 'wait for a specific view with <is assignable from class <class android.widget.DatePicker>> during 10000 millis.' action on view view.getRootView() to equal view
12-02 23:15:29.358  1864  1864 I ViewInteraction: Performing 'set date' action on view is assignable from class <class android.widget.DatePicker>
12-02 23:15:29.385  1864  1864 I ViewInteraction: Performing 'wait for a specific view with <view.getId() is <16908313/android:id/button1>> during 10000 millis.' action on view view.getRootView() to equal view
12-02 23:15:29.388  1864  1864 I ViewInteraction: Performing 'single click' action on view view.getId() is <16908313/android:id/button1>
12-02 23:15:29.462  1864  2003 D EGL_emulation: eglMakeCurrent: 0xdb91b3e0: ver 2 0 (tinfo 0xdb98eb00)
12-02 23:15:29.478  1864  2003 D EGL_emulation: eglMakeCurrent: 0xdb91b3e0: ver 2 0 (tinfo 0xdb98eb00)
12-02 23:15:29.480  2010  3605 E InputDispatcher: Window handle Window{a648567 u0 ru.iteco.fmhandroid/ru.iteco.fmhandroid.ui.AppActivity} has no registered input channel
12-02 23:15:29.726  1864  1864 I ViewInteraction: Performing 'wait for a specific view with <(an instance of android.widget.TextView and view.getHint() matching: is "Time" and view.getParent() view.getParent() view.getId() is <2131231399/ru.iteco.fmhandroid:id/time_in_plan_text_input_layout>)> during 10000 millis.' action on view view.getRootView() to equal view
12-02 23:15:29.728  1864  1864 I ViewInteraction: Performing 'single click' action on view (an instance of android.widget.TextView and view.getHint() matching: is "Time" and view.getParent() view.getParent() view.getId() is <2131231399/ru.iteco.fmhandroid:id/time_in_plan_text_input_layout>)
12-02 23:15:29.827  1772  1873 D gralloc_ranchu: gralloc_alloc: Creating ashmem region of size 9261056
12-02 23:15:29.833  1772  1873 I chatty  : uid=1000(system) HwBinder:1772_1 identical 1 line
12-02 23:15:29.834  1772  1873 D gralloc_ranchu: gralloc_alloc: Creating ashmem region of size 9261056
12-02 23:15:29.841  1864  2003 D EGL_emulation: eglMakeCurrent: 0xdb91b3e0: ver 2 0 (tinfo 0xdb98eb00)
12-02 23:15:29.893  1864  2003 D EGL_emulation: eglMakeCurrent: 0xdb91b3e0: ver 2 0 (tinfo 0xdb98eb00)
12-02 23:15:30.120  1864  1864 I ViewInteraction: Performing 'wait for a specific view with <is assignable from class <class android.widget.TimePicker>> during 10000 millis.' action on view view.getRootView() to equal view
12-02 23:15:30.122  1864  1864 I ViewInteraction: Checking 'MatchesViewAssertion{viewMatcher=(view has effective visibility <VISIBLE> and view.getGlobalVisibleRect() to return non-empty rectangle)}' assertion on view is assignable from class <class android.widget.TimePicker>
12-02 23:15:30.124  1864  1864 I ViewInteraction: Performing 'wait for a specific view with <is assignable from class <class android.widget.TimePicker>> during 10000 millis.' action on view view.getRootView() to equal view
12-02 23:15:30.126  1864  1864 I ViewInteraction: Performing 'set time' action on view is assignable from class <class android.widget.TimePicker>
12-02 23:15:30.127  1864  1864 I ViewInteraction: Performing 'wait for a specific view with <view.getId() is <16908313/android:id/button1>> during 10000 millis.' action on view view.getRootView() to equal view
12-02 23:15:30.129  1864  1864 I ViewInteraction: Performing 'single click' action on view view.getId() is <16908313/android:id/button1>
12-02 23:15:30.182  1864  2003 D EGL_emulation: eglMakeCurrent: 0xdb91b3e0: ver 2 0 (tinfo 0xdb98eb00)
12-02 23:15:30.202  1864  2003 I chatty  : uid=10159(ru.iteco.fmhandroid) RenderThread identical 1 line
12-02 23:15:30.215  1864  2003 D EGL_emulation: eglMakeCurrent: 0xdb91b3e0: ver 2 0 (tinfo 0xdb98eb00)
12-02 23:15:30.215  2010  3605 E InputDispatcher: Window handle Window{64140f3 u0 ru.iteco.fmhandroid/ru.iteco.fmhandroid.ui.AppActivity} has no registered input channel
12-02 23:15:30.616  1864  1864 I ViewInteraction: Performing 'wait for a specific view with <(an instance of android.widget.TextView and view.getHint() matching: is "Description" and view.getParent() view.getParent() view.getId() is <2131230988/ru.iteco.fmhandroid:id/description_text_input_layout>)> during 10000 millis.' action on view view.getRootView() to equal view
12-02 23:15:30.619  1864  1864 I ViewInteraction: Performing 'replace text(Закрыта 81542cf3-039f-4d08-bfb3-3060b79b41e9)' action on view (an instance of android.widget.TextView and view.getHint() matching: is "Description" and view.getParent() view.getParent() view.getId() is <2131230988/ru.iteco.fmhandroid:id/description_text_input_layout>)
12-02 23:15:30.652  1864  1864 I ViewInteraction: Performing 'wait for a specific view with <view.getId() is <2131231291/ru.iteco.fmhandroid:id/save_button>> during 10000 millis.' action on view view.getRootView() to equal view
12-02 23:15:30.654  1864  1864 I ViewInteraction: Performing 'single click' action on view view.getId() is <2131231291/ru.iteco.fmhandroid:id/save_button>
12-02 23:15:30.720  1864  2093 I okhttp.OkHttpClient: --> POST http://www.981757-ca08998.tmweb.ru:8080/fmh/claims
12-02 23:15:30.721  1864  2093 I okhttp.OkHttpClient: Content-Type: application/json; charset=UTF-8
12-02 23:15:30.721  1864  2093 I okhttp.OkHttpClient: Content-Length: 273
12-02 23:15:30.721  1864  2093 I okhttp.OkHttpClient: {"createDate":1670012130,"creatorId":2,"creatorName":"Иванов Данил Данилович","description":"Закрыта 81542cf3-039f-4d08-bfb3-3060b79b41e9","planExecuteDate":1696623300,"status":"OPEN","title":"Закрыта 81542cf3-039f-4d08-bfb3-3060b79b41e9"}
12-02 23:15:30.721  1864  2093 I okhttp.OkHttpClient: --> END POST (273-byte body)
12-02 23:15:30.851  1864  2093 I okhttp.OkHttpClient: <-- 200 http://www.981757-ca08998.tmweb.ru:8080/fmh/claims (129ms)
12-02 23:15:30.851  1864  2093 I okhttp.OkHttpClient: Vary: Origin
12-02 23:15:30.851  1864  2093 I okhttp.OkHttpClient: Vary: Access-Control-Request-Method
12-02 23:15:30.851  1864  2093 I okhttp.OkHttpClient: Vary: Access-Control-Request-Headers
12-02 23:15:30.851  1864  2093 I okhttp.OkHttpClient: X-Content-Type-Options: nosniff
12-02 23:15:30.851  1864  2093 I okhttp.OkHttpClient: X-XSS-Protection: 1; mode=block
12-02 23:15:30.851  1864  2093 I okhttp.OkHttpClient: Cache-Control: no-cache, no-store, max-age=0, must-revalidate
12-02 23:15:30.851  1864  2093 I okhttp.OkHttpClient: Pragma: no-cache
12-02 23:15:30.851  1864  2093 I okhttp.OkHttpClient: Expires: 0
12-02 23:15:30.851  1864  2093 I okhttp.OkHttpClient: X-Frame-Options: DENY
12-02 23:15:30.851  1864  2093 I okhttp.OkHttpClient: Content-Type: application/json
12-02 23:15:30.851  1864  2093 I okhttp.OkHttpClient: Transfer-Encoding: chunked
12-02 23:15:30.851  1864  2093 I okhttp.OkHttpClient: Date: Fri, 02 Dec 2022 20:15:31 GMT
12-02 23:15:30.851  1864  2093 I okhttp.OkHttpClient: Keep-Alive: timeout=60
12-02 23:15:30.851  1864  2093 I okhttp.OkHttpClient: Connection: keep-alive
12-02 23:15:30.853  1864  2093 I okhttp.OkHttpClient: {"id":2561,"title":"Закрыта 81542cf3-039f-4d08-bfb3-3060b79b41e9","description":"Закрыта 81542cf3-039f-4d08-bfb3-3060b79b41e9","creatorId":2,"executorId":null,"createDate":1670012130,"planExecuteDate":1696623300,"factExecuteDate":null,"status":"OPEN","creatorName":"Иванов Данил Данилович","executorName":null}
12-02 23:15:30.853  1864  2093 I okhttp.OkHttpClient: <-- END HTTP (344-byte body)
12-02 23:15:33.868  1750  1750 W audio_hw_generic: Not supplying enough data to HAL, expected position 455435924 , only wrote 455048264
12-02 23:15:33.991  1864  1864 I ViewInteraction: Performing 'wait for a specific view with <view.getId() is <2131230916/ru.iteco.fmhandroid:id/claim_list_recycler_view>> during 10000 millis.' action on view view.getRootView() to equal view
12-02 23:15:33.993  1864  1864 I ViewInteraction: Checking 'MatchesViewAssertion{viewMatcher=(view has effective visibility <VISIBLE> and view.getGlobalVisibleRect() to return non-empty rectangle)}' assertion on view view.getId() is <2131230916/ru.iteco.fmhandroid:id/claim_list_recycler_view>
12-02 23:15:33.995  1864  1864 I ViewInteraction: Performing 'scroll RecyclerView to: holder with view: (view is an instance of android.view.ViewGroup and has descendant matching an instance of android.widget.TextView and view.getText() with or without transformation to match: is "Выполнено e5061f11-a57b-4a4a-b47d-761bae57500c")' action on view view.getId() is <2131230916/ru.iteco.fmhandroid:id/claim_list_recycler_view>
12-02 23:15:34.141  1864  1864 I ViewInteraction: Performing 'wait for a specific view with <((Child at position 11 in parent Child at position 0 in parent view.getId() is <2131230914/ru.iteco.fmhandroid:id/claim_list_card>) and (view.getParent() is an instance of android.view.ViewGroup and has a sibling matching an instance of android.widget.TextView and view.getText() with or without transformation to match: is "Выполнено e5061f11-a57b-4a4a-b47d-761bae57500c"))> during 10000 millis.' action on view view.getRootView() to equal view
12-02 23:15:34.144  1864  1864 I ViewInteraction: Performing 'single click' action on view ((Child at position 11 in parent Child at position 0 in parent view.getId() is <2131230914/ru.iteco.fmhandroid:id/claim_list_card>) and (view.getParent() is an instance of android.view.ViewGroup and has a sibling matching an instance of android.widget.TextView and view.getText() with or without transformation to match: is "Выполнено e5061f11-a57b-4a4a-b47d-761bae57500c"))
12-02 23:15:34.200  1864  2093 I okhttp.OkHttpClient: --> GET http://www.981757-ca08998.tmweb.ru:8080/fmh/claims/2560/comments
12-02 23:15:34.200  1864  2093 I okhttp.OkHttpClient: --> END GET
12-02 23:15:34.206  1750  3111 W audio_hw_generic: Not supplying enough data to HAL, expected position 455048286 , only wrote 455048264
12-02 23:15:34.349  1864  2093 I okhttp.OkHttpClient: <-- 200 http://www.981757-ca08998.tmweb.ru:8080/fmh/claims/2560/comments (148ms)
12-02 23:15:34.349  1864  2093 I okhttp.OkHttpClient: Vary: Origin
12-02 23:15:34.349  1864  2093 I okhttp.OkHttpClient: Vary: Access-Control-Request-Method
12-02 23:15:34.349  1864  2093 I okhttp.OkHttpClient: Vary: Access-Control-Request-Headers
12-02 23:15:34.349  1864  2093 I okhttp.OkHttpClient: X-Content-Type-Options: nosniff
12-02 23:15:34.349  1864  2093 I okhttp.OkHttpClient: X-XSS-Protection: 1; mode=block
12-02 23:15:34.349  1864  2093 I okhttp.OkHttpClient: Cache-Control: no-cache, no-store, max-age=0, must-revalidate
12-02 23:15:34.349  1864  2093 I okhttp.OkHttpClient: Pragma: no-cache
12-02 23:15:34.349  1864  2093 I okhttp.OkHttpClient: Expires: 0
12-02 23:15:34.349  1864  2093 I okhttp.OkHttpClient: X-Frame-Options: DENY
12-02 23:15:34.349  1864  2093 I okhttp.OkHttpClient: Content-Type: application/json
12-02 23:15:34.349  1864  2093 I okhttp.OkHttpClient: Transfer-Encoding: chunked
12-02 23:15:34.349  1864  2093 I okhttp.OkHttpClient: Date: Fri, 02 Dec 2022 20:15:35 GMT
12-02 23:15:34.349  1864  2093 I okhttp.OkHttpClient: Keep-Alive: timeout=60
12-02 23:15:34.350  1864  2093 I okhttp.OkHttpClient: Connection: keep-alive
12-02 23:15:34.350  1864  2093 I okhttp.OkHttpClient: []
12-02 23:15:34.350  1864  2093 I okhttp.OkHttpClient: <-- END HTTP (2-byte body)
12-02 23:15:34.485  1864  1864 I ViewInteraction: Performing 'wait for a specific view with <view.getId() is <2131231355/ru.iteco.fmhandroid:id/status_processing_image_button>> during 10000 millis.' action on view view.getRootView() to equal view
12-02 23:15:34.488  1864  1864 I ViewInteraction: Performing 'single click' action on view view.getId() is <2131231355/ru.iteco.fmhandroid:id/status_processing_image_button>
12-02 23:15:34.578  1772  1873 D gralloc_ranchu: gralloc_alloc: Creating ashmem region of size 2039808
12-02 23:15:34.586  1772  1873 I chatty  : uid=1000(system) HwBinder:1772_1 identical 1 line
12-02 23:15:34.587  1772  1873 D gralloc_ranchu: gralloc_alloc: Creating ashmem region of size 2039808
12-02 23:15:34.590  1864  2003 D EGL_emulation: eglMakeCurrent: 0xdb91b3e0: ver 2 0 (tinfo 0xdb98eb00)
12-02 23:15:34.836  1864  1864 I ViewInteraction: Performing 'wait for a specific view with <an instance of android.widget.TextView and view.getText() with or without transformation to match: is "To execute"> during 10000 millis.' action on view view.getRootView() to equal view
12-02 23:15:34.839  1864  1864 I ViewInteraction: Performing 'single click' action on view an instance of android.widget.TextView and view.getText() with or without transformation to match: is "To execute"
12-02 23:15:34.994  1772  1873 D gralloc_ranchu: gralloc_alloc: Creating ashmem region of size 5107712
12-02 23:15:34.997  1772  1873 I chatty  : uid=1000(system) HwBinder:1772_1 identical 1 line
12-02 23:15:35.001  1772  1873 D gralloc_ranchu: gralloc_alloc: Creating ashmem region of size 5107712
12-02 23:15:35.007  1864  2003 D EGL_emulation: eglMakeCurrent: 0xdb91b3e0: ver 2 0 (tinfo 0xdb98eb00)
12-02 23:15:35.124  1864  1864 I ViewInteraction: Performing 'wait for a specific view with <(an instance of android.widget.TextView and view.getHint() matching: is "Comment" and view.getId() is <2131231022/ru.iteco.fmhandroid:id/editText>)> during 10000 millis.' action on view view.getRootView() to equal view
12-02 23:15:35.125  1864  1864 I ViewInteraction: Checking 'MatchesViewAssertion{viewMatcher=(view has effective visibility <VISIBLE> and view.getGlobalVisibleRect() to return non-empty rectangle)}' assertion on view (an instance of android.widget.TextView and view.getHint() matching: is "Comment" and view.getId() is <2131231022/ru.iteco.fmhandroid:id/editText>)
12-02 23:15:35.127  1864  1864 I ViewInteraction: Performing 'wait for a specific view with <view.getId() is <16908313/android:id/button1>> during 10000 millis.' action on view view.getRootView() to equal view
12-02 23:15:35.129  1864  1864 I ViewInteraction: Checking 'MatchesViewAssertion{viewMatcher=(view has effective visibility <VISIBLE> and view.getGlobalVisibleRect() to return non-empty rectangle)}' assertion on view view.getId() is <16908313/android:id/button1>
12-02 23:15:35.131  1864  1864 I ViewInteraction: Performing 'wait for a specific view with <view.getId() is <16908314/android:id/button2>> during 10000 millis.' action on view view.getRootView() to equal view
12-02 23:15:35.134  1864  1864 I ViewInteraction: Checking 'MatchesViewAssertion{viewMatcher=(view has effective visibility <VISIBLE> and view.getGlobalVisibleRect() to return non-empty rectangle)}' assertion on view view.getId() is <16908314/android:id/button2>
12-02 23:15:35.135  1864  1864 I ViewInteraction: Performing 'wait for a specific view with <(an instance of android.widget.TextView and view.getHint() matching: is "Comment" and view.getId() is <2131231022/ru.iteco.fmhandroid:id/editText>)> during 10000 millis.' action on view view.getRootView() to equal view
12-02 23:15:35.138  1864  1864 I ViewInteraction: Performing 'replace text(Комментарий 4893cf1f-3e58-4e60-a933-aed81fa2ee00)' action on view (an instance of android.widget.TextView and view.getHint() matching: is "Comment" and view.getId() is <2131231022/ru.iteco.fmhandroid:id/editText>)
12-02 23:15:35.152  1864  1864 I ViewInteraction: Performing 'wait for a specific view with <view.getId() is <16908313/android:id/button1>> during 10000 millis.' action on view view.getRootView() to equal view
12-02 23:15:35.154  1864  1864 I ViewInteraction: Performing 'single click' action on view view.getId() is <16908313/android:id/button1>
12-02 23:15:35.219  1864  2093 I okhttp.OkHttpClient: --> PUT http://www.981757-ca08998.tmweb.ru:8080/fmh/claims/2560/status?status=EXECUTED&executorId=2
12-02 23:15:35.219  1864  2093 I okhttp.OkHttpClient: Content-Type: application/json; charset=UTF-8
12-02 23:15:35.219  1864  2093 I okhttp.OkHttpClient: Content-Length: 189
12-02 23:15:35.220  1864  2093 I okhttp.OkHttpClient: {"claimId":2560,"createDate":1670012135,"creatorId":2,"creatorName":"Иванов Данил Данилович","description":"Комментарий 4893cf1f-3e58-4e60-a933-aed81fa2ee00"}
12-02 23:15:35.220  1864  2093 I okhttp.OkHttpClient: --> END PUT (189-byte body)
12-02 23:15:35.226  1864  2003 D EGL_emulation: eglMakeCurrent: 0xdb91b3e0: ver 2 0 (tinfo 0xdb98eb00)
12-02 23:15:35.232  2010  2346 E InputDispatcher: Window handle Window{af94b2f u0 ru.iteco.fmhandroid/ru.iteco.fmhandroid.ui.AppActivity} has no registered input channel
12-02 23:15:35.398  1864  2093 I okhttp.OkHttpClient: <-- 200 http://www.981757-ca08998.tmweb.ru:8080/fmh/claims/2560/status?status=EXECUTED&executorId=2 (178ms)
12-02 23:15:35.398  1864  2093 I okhttp.OkHttpClient: Vary: Origin
12-02 23:15:35.398  1864  2093 I okhttp.OkHttpClient: Vary: Access-Control-Request-Method
12-02 23:15:35.399  1864  2093 I okhttp.OkHttpClient: Vary: Access-Control-Request-Headers
12-02 23:15:35.399  1864  2093 I okhttp.OkHttpClient: X-Content-Type-Options: nosniff
12-02 23:15:35.399  1864  2093 I okhttp.OkHttpClient: X-XSS-Protection: 1; mode=block
12-02 23:15:35.399  1864  2093 I okhttp.OkHttpClient: Cache-Control: no-cache, no-store, max-age=0, must-revalidate
12-02 23:15:35.399  1864  2093 I okhttp.OkHttpClient: Pragma: no-cache
12-02 23:15:35.399  1864  2093 I okhttp.OkHttpClient: Expires: 0
12-02 23:15:35.399  1864  2093 I okhttp.OkHttpClient: X-Frame-Options: DENY
12-02 23:15:35.399  1864  2093 I okhttp.OkHttpClient: Content-Type: application/json
12-02 23:15:35.399  1864  2093 I okhttp.OkHttpClient: Transfer-Encoding: chunked
12-02 23:15:35.399  1864  2093 I okhttp.OkHttpClient: Date: Fri, 02 Dec 2022 20:15:36 GMT
12-02 23:15:35.399  1864  2093 I okhttp.OkHttpClient: Keep-Alive: timeout=60
12-02 23:15:35.399  1864  2093 I okhttp.OkHttpClient: Connection: keep-alive
12-02 23:15:35.400  1864  2093 I okhttp.OkHttpClient: {"id":2560,"title":"Выполнено e5061f11-a57b-4a4a-b47d-761bae57500c","description":"Выполнено e5061f11-a57b-4a4a-b47d-761bae57500c","creatorId":2,"executorId":2,"createDate":1670012127,"planExecuteDate":1680898500,"factExecuteDate":1670012136467,"status":"EXECUTED","creatorName":"Иванов Данил Данилович","executorName":"Иванов Данил Данилович"}
12-02 23:15:35.400  1864  2093 I okhttp.OkHttpClient: <-- END HTTP (402-byte body)
12-02 23:15:35.405  1864  2093 I okhttp.OkHttpClient: --> GET http://www.981757-ca08998.tmweb.ru:8080/fmh/claims/2560/comments
12-02 23:15:35.405  1864  2093 I okhttp.OkHttpClient: --> END GET
12-02 23:15:35.460  1864  2003 D EGL_emulation: eglMakeCurrent: 0xdb91b3e0: ver 2 0 (tinfo 0xdb98eb00)
12-02 23:15:35.464  1864  1864 I ViewInteraction: Performing 'wait for a specific view with <view.getId() is <2131230925/ru.iteco.fmhandroid:id/close_image_button>> during 10000 millis.' action on view view.getRootView() to equal view
12-02 23:15:35.466  1864  1864 I ViewInteraction: Performing 'single click' action on view view.getId() is <2131230925/ru.iteco.fmhandroid:id/close_image_button>
12-02 23:15:35.534  1864  1864 W System.err: ru.iteco.fmhandroid.exceptions.UnknownException
12-02 23:15:35.534  1864  1864 W System.err: 	at ru.iteco.fmhandroid.utils.Utils.makeRequest(Utils.kt:123)
12-02 23:15:35.534  1864  1864 W System.err: 	at ru.iteco.fmhandroid.utils.Utils$makeRequest$1.invokeSuspend(Unknown Source:15)
12-02 23:15:35.534  1864  1864 W System.err: 	at kotlin.coroutines.jvm.internal.BaseContinuationImpl.resumeWith(ContinuationImpl.kt:33)
12-02 23:15:35.534  1864  1864 W System.err: 	at kotlinx.coroutines.DispatchedTaskKt.resume(DispatchedTask.kt:234)
12-02 23:15:35.534  1864  1864 W System.err: 	at kotlinx.coroutines.DispatchedTaskKt.resumeUnconfined(DispatchedTask.kt:190)
12-02 23:15:35.534  1864  1864 W System.err: 	at kotlinx.coroutines.DispatchedTaskKt.dispatch(DispatchedTask.kt:161)
12-02 23:15:35.534  1864  1864 W System.err: 	at kotlinx.coroutines.CancellableContinuationImpl.dispatchResume(CancellableContinuationImpl.kt:397)
12-02 23:15:35.534  1864  1864 W System.err: 	at kotlinx.coroutines.CancellableContinuationImpl.cancel(CancellableContinuationImpl.kt:183)
12-02 23:15:35.534  1864  1864 W System.err: 	at kotlinx.coroutines.CancellableContinuationImpl.parentCancelled$kotlinx_coroutines_core(CancellableContinuationImpl.kt:190)
12-02 23:15:35.534  1864  1864 W System.err: 	at kotlinx.coroutines.ChildContinuation.invoke(JobSupport.kt:1474)
12-02 23:15:35.534  1864  1864 W System.err: 	at kotlinx.coroutines.JobSupport.notifyCancelling(JobSupport.kt:1499)
12-02 23:15:35.534  1864  1864 W System.err: 	at kotlinx.coroutines.JobSupport.tryMakeCancelling(JobSupport.kt:795)
12-02 23:15:35.534  1864  1864 W System.err: 	at kotlinx.coroutines.JobSupport.makeCancelling(JobSupport.kt:755)
12-02 23:15:35.534  1864  1864 W System.err: 	at kotlinx.coroutines.JobSupport.cancelImpl$kotlinx_coroutines_core(JobSupport.kt:671)
12-02 23:15:35.534  1864  1864 W System.err: 	at kotlinx.coroutines.JobSupport.parentCancelled(JobSupport.kt:637)
12-02 23:15:35.534  1864  1864 W System.err: 	at kotlinx.coroutines.ChildHandleNode.invoke(JobSupport.kt:1465)
12-02 23:15:35.534  1864  1864 W System.err: 	at kotlinx.coroutines.JobSupport.notifyCancelling(JobSupport.kt:1499)
12-02 23:15:35.534  1864  1864 W System.err: 	at kotlinx.coroutines.JobSupport.tryMakeCompletingSlowPath(JobSupport.kt:900)
12-02 23:15:35.534  1864  1864 W System.err: 	at kotlinx.coroutines.JobSupport.tryMakeCompleting(JobSupport.kt:863)
12-02 23:15:35.534  1864  1864 W System.err: 	at kotlinx.coroutines.JobSupport.cancelMakeCompleting(JobSupport.kt:696)
12-02 23:15:35.534  1864  1864 W System.err: 	at kotlinx.coroutines.JobSupport.cancelImpl$kotlinx_coroutines_core(JobSupport.kt:667)
12-02 23:15:35.534  1864  1864 W System.err: 	at kotlinx.coroutines.JobSupport.cancelInternal(JobSupport.kt:632)
12-02 23:15:35.535  1864  1864 W System.err: 	at kotlinx.coroutines.JobSupport.cancel(JobSupport.kt:617)
12-02 23:15:35.535  1864  1864 W System.err: 	at kotlinx.coroutines.JobKt__JobKt.cancel(Job.kt:561)
12-02 23:15:35.535  1864  1864 W System.err: 	at kotlinx.coroutines.JobKt.cancel(Unknown Source:1)
12-02 23:15:35.535  1864  1864 W System.err: 	at kotlinx.coroutines.JobKt__JobKt.cancel$default(Job.kt:560)
12-02 23:15:35.535  1864  1864 W System.err: 	at kotlinx.coroutines.JobKt.cancel$default(Unknown Source:1)
12-02 23:15:35.535  1864  1864 W System.err: 	at androidx.lifecycle.CloseableCoroutineScope.close(ViewModel.kt:51)
12-02 23:15:35.535  1864  1864 W System.err: 	at androidx.lifecycle.ViewModel.closeWithRuntimeException(ViewModel.java:188)
12-02 23:15:35.535  1864  1864 W System.err: 	at androidx.lifecycle.ViewModel.clear(ViewModel.java:134)
12-02 23:15:35.535  1864  1864 W System.err: 	at androidx.lifecycle.ViewModelStore.clear(ViewModelStore.java:62)
