12-02 19:09:56.233 29571 29615 E TestRunner: androidx.test.espresso.PerformException: Error performing 'scroll RecyclerView to: holder with view: (view is an instance of android.view.ViewGroup and has descendant matching an instance of android.widget.TextView and view.getText() with or without transformation to match: is "В работе ec7636cd-1e4b-4997-9c18-5c3d77e88437")' on view 'view.getId() is <2131230916/ru.iteco.fmhandroid:id/claim_list_recycler_view>'.
12-02 19:09:56.233 29571 29615 E TestRunner: 	at androidx.test.espresso.PerformException$Builder.build(PerformException.java:1)
12-02 19:09:56.233 29571 29615 E TestRunner: 	at androidx.test.espresso.base.PerformExceptionHandler.handleSafely(PerformExceptionHandler.java:8)
12-02 19:09:56.233 29571 29615 E TestRunner: 	at androidx.test.espresso.base.PerformExceptionHandler.handleSafely(PerformExceptionHandler.java:9)
12-02 19:09:56.233 29571 29615 E TestRunner: 	at androidx.test.espresso.base.DefaultFailureHandler$TypedFailureHandler.handle(DefaultFailureHandler.java:4)
12-02 19:09:56.233 29571 29615 E TestRunner: 	at androidx.test.espresso.base.DefaultFailureHandler.handle(DefaultFailureHandler.java:5)
12-02 19:09:56.233 29571 29615 E TestRunner: 	at androidx.test.espresso.ViewInteraction.waitForAndHandleInteractionResults(ViewInteraction.java:8)
12-02 19:09:56.233 29571 29615 E TestRunner: 	at androidx.test.espresso.ViewInteraction.desugaredPerform(ViewInteraction.java:11)
12-02 19:09:56.233 29571 29615 E TestRunner: 	at androidx.test.espresso.ViewInteraction.perform(ViewInteraction.java:8)
12-02 19:09:56.233 29571 29615 E TestRunner: 	at ru.iteco.fmhandroid.ui.steps.ClaimsPageSteps.scrollToElementInRecyclerList(ClaimsPageSteps.java:128)
12-02 19:09:56.233 29571 29615 E TestRunner: 	at ru.iteco.fmhandroid.ui.steps.ClaimsPageSteps.openClaimCard(ClaimsPageSteps.java:151)
12-02 19:09:56.233 29571 29615 E TestRunner: 	at ru.iteco.fmhandroid.ui.ClaimsPageTest.shouldShowMessageFieldCannotBeEmpty(ClaimsPageTest.java:116)
12-02 19:09:56.233 29571 29615 E TestRunner: 	at java.lang.reflect.Method.invoke(Native Method)
12-02 19:09:56.233 29571 29615 E TestRunner: 	at org.junit.runners.model.FrameworkMethod$1.runReflectiveCall(FrameworkMethod.java:59)
12-02 19:09:56.233 29571 29615 E TestRunner: 	at org.junit.internal.runners.model.ReflectiveCallable.run(ReflectiveCallable.java:12)
12-02 19:09:56.233 29571 29615 E TestRunner: 	at org.junit.runners.model.FrameworkMethod.invokeExplosively(FrameworkMethod.java:56)
12-02 19:09:56.233 29571 29615 E TestRunner: 	at org.junit.internal.runners.statements.InvokeMethod.evaluate(InvokeMethod.java:17)
12-02 19:09:56.233 29571 29615 E TestRunner: 	at androidx.test.internal.runner.junit4.statement.RunBefores.evaluate(RunBefores.java:80)
12-02 19:09:56.233 29571 29615 E TestRunner: 	at androidx.test.rule.ActivityTestRule$ActivityStatement.evaluate(ActivityTestRule.java:543)
12-02 19:09:56.233 29571 29615 E TestRunner: 	at io.qameta.allure.android.rules.LogcatRule$apply$1.evaluate(LogcatRule.kt:23)
12-02 19:09:56.233 29571 29615 E TestRunner: 	at io.qameta.allure.android.rules.ScreenshotRule$apply$1.evaluate(ScreenshotRule.kt:22)
12-02 19:09:56.233 29571 29615 E TestRunner: 	at io.qameta.allure.android.rules.ScreenshotRule$apply$1.evaluate(ScreenshotRule.kt:22)
12-02 19:09:56.233 29571 29615 E TestRunner: 	at org.junit.rules.RunRules.evaluate(RunRules.java:20)
12-02 19:09:56.233 29571 29615 E TestRunner: 	at org.junit.runners.ParentRunner$3.evaluate(ParentRunner.java:306)
12-02 19:09:56.233 29571 29615 E TestRunner: 	at org.junit.runners.BlockJUnit4ClassRunner$1.evaluate(BlockJUnit4ClassRunner.java:100)
12-02 19:09:56.233 29571 29615 E TestRunner: 	at org.junit.runners.ParentRunner.runLeaf(ParentRunner.java:366)
12-02 19:09:56.233 29571 29615 E TestRunner: 	at org.junit.runners.BlockJUnit4ClassRunner.runChild(BlockJUnit4ClassRunner.java:103)
12-02 19:09:56.233 29571 29615 E TestRunner: 	at org.junit.runners.BlockJUnit4ClassRunner.runChild(BlockJUnit4ClassRunner.java:63)
12-02 19:09:56.233 29571 29615 E TestRunner: 	at org.junit.runners.ParentRunner$4.run(ParentRunner.java:331)
12-02 19:09:56.233 29571 29615 E TestRunner: 	at org.junit.runners.ParentRunner$1.schedule(ParentRunner.java:79)
12-02 19:09:56.233 29571 29615 E TestRunner: 	at org.junit.runners.ParentRunner.runChildren(ParentRunner.java:329)
12-02 19:09:56.233 29571 29615 E TestRunner: 	at org.junit.runners.ParentRunner.access$100(ParentRunner.java:66)
12-02 19:09:56.233 29571 29615 E TestRunner: 	at org.junit.runners.ParentRunner$2.evaluate(ParentRunner.java:293)
12-02 19:09:56.233 29571 29615 E TestRunner: 	at org.junit.runners.ParentRunner$3.evaluate(ParentRunner.java:306)
12-02 19:09:56.233 29571 29615 E TestRunner: 	at org.junit.runners.ParentRunner.run(ParentRunner.java:413)
12-02 19:09:56.233 29571 29615 E TestRunner: 	at androidx.test.ext.junit.runners.AndroidJUnit4.run(AndroidJUnit4.java:162)
12-02 19:09:56.233 29571 29615 E TestRunner: 	at io.qameta.allure.android.runners.AllureAndroidJUnit4.run(AllureAndroidJUnitRunners.kt:29)
12-02 19:09:56.233 29571 29615 E TestRunner: 	at org.junit.runners.Suite.runChild(Suite.java:128)
12-02 19:09:56.233 29571 29615 E TestRunner: 	at org.junit.runners.Suite.runChild(Suite.java:27)
12-02 19:09:56.233 29571 29615 E TestRunner: 	at org.junit.runners.ParentRunner$4.run(ParentRunner.java:331)
12-02 19:09:56.233 29571 29615 E TestRunner: 	at org.junit.runners.ParentRunner$1.schedule(ParentRunner.java:79)
12-02 19:09:56.233 29571 29615 E TestRunner: 	at org.junit.runners.ParentRunner.runChildren(ParentRunner.java:329)
12-02 19:09:56.233 29571 29615 E TestRunner: 	at org.junit.runners.ParentRunner.access$100(ParentRunner.java:66)
12-02 19:09:56.233 29571 29615 E TestRunner: 	at org.junit.runners.ParentRunner$2.evaluate(ParentRunner.java:293)
12-02 19:09:56.233 29571 29615 E TestRunner: 	at org.junit.runners.ParentRunner$3.evaluate(ParentRunner.java:306)
12-02 19:09:56.233 29571 29615 E TestRunner: 	at org.junit.runners.ParentRunner.run(ParentRunner.java:413)
12-02 19:09:56.233 29571 29615 E TestRunner: 	at org.junit.runner.JUnitCore.run(JUnitCore.java:137)
12-02 19:09:56.233 29571 29615 E TestRunner: 	at org.junit.ru
12-02 19:09:56.234 29571 29615 E TestRunner: ----- end exception -----
12-02 19:09:56.241 29571 29615 I TestRunner: finished: shouldShowMessageFieldCannotBeEmpty(ru.iteco.fmhandroid.ui.ClaimsPageTest)
12-02 19:09:56.338 29571 29615 I TestRunner: started: shouldShowWarningMessageClaimCommentFieldIsIncorrect(ru.iteco.fmhandroid.ui.ClaimsPageTest)
12-02 19:09:56.372 29571 29615 W ActivityTestRule: getActivityIntent() returned null using default: Intent(Intent.ACTION_MAIN)
12-02 19:09:56.381  2010 19651 I ActivityTaskManager: START u0 {act=android.intent.action.MAIN flg=0x10000000 cmp=ru.iteco.fmhandroid/.ui.AppActivity} from uid 10159
12-02 19:09:56.425  2010  9089 W InputReader: Device has associated, but no associated display id.
12-02 19:09:56.430  2010  9089 I chatty  : uid=1000(system) Binder:2010_1A identical 28 lines
12-02 19:09:56.430  2010  9089 W InputReader: Device has associated, but no associated display id.
12-02 19:09:56.433 29571 29571 W ActivityThread: handleWindowVisibility: no activity for token android.os.BinderProxy@75d4aec
12-02 19:09:56.434  2010  9089 W InputReader: Device has associated, but no associated display id.
12-02 19:09:56.435  2010  9089 I chatty  : uid=1000(system) Binder:2010_1A identical 8 lines
12-02 19:09:56.435  2010  9089 W InputReader: Device has associated, but no associated display id.
12-02 19:09:56.456  2010  2037 E system_server: Invalid ID 0x00000000.
12-02 19:09:56.478 29571 29571 D LifecycleMonitor: Lifecycle status change: ru.iteco.fmhandroid.ui.AppActivity@54a29d8 in: PRE_ON_CREATE
12-02 19:09:56.488  1772  1772 D gralloc_ranchu: gralloc_alloc: Creating ashmem region of size 14749696
12-02 19:09:56.489 29571 29605 V FA      : onActivityCreated
12-02 19:09:56.552 29571 29571 D LifecycleMonitor: Lifecycle status change: ru.iteco.fmhandroid.ui.AppActivity@54a29d8 in: CREATED
12-02 19:09:56.601  2010  2037 W InputReader: Device has associated, but no associated display id.
12-02 19:09:56.601  2010  2037 I chatty  : uid=1000(system) android.anim identical 8 lines
12-02 19:09:56.601  2010  2037 W InputReader: Device has associated, but no associated display id.
12-02 19:09:56.628 29571 29571 D LifecycleMonitor: Lifecycle status change: ru.iteco.fmhandroid.ui.AppActivity@54a29d8 in: STARTED
12-02 19:09:56.631  2448  3326 D EGL_emulation: eglMakeCurrent: 0xe3a07ba0: ver 2 0 (tinfo 0xe3a93b30)
12-02 19:09:56.634 29571 29613 V FA      : Activity resumed, time: 89833036
12-02 19:09:56.637 29571 29571 D LifecycleMonitor: Lifecycle status change: ru.iteco.fmhandroid.ui.AppActivity@54a29d8 in: RESUMED
12-02 19:09:56.638  3139  3664 D EGL_emulation: eglMakeCurrent: 0xdb91c460: ver 2 0 (tinfo 0xbe64a3f0)
12-02 19:09:56.704 29571 29584 I teco.fmhandroi: NativeAlloc concurrent copying GC freed 101593(6479KB) AllocSpace objects, 21(2352KB) LOS objects, 43% free, 7902KB/13MB, paused 5.930ms total 203.147ms
12-02 19:09:56.720  1772  1772 D gralloc_ranchu: gralloc_alloc: Creating ashmem region of size 14749696
12-02 19:09:56.733  1772  1772 I chatty  : uid=1000(system) allocator@2.0-s identical 1 line
12-02 19:09:56.736  1772  1772 D gralloc_ranchu: gralloc_alloc: Creating ashmem region of size 14749696
12-02 19:09:56.775 29571 29628 D EGL_emulation: eglMakeCurrent: 0xdb91b440: ver 2 0 (tinfo 0xc077f470)
12-02 19:09:56.872  2881 29619 V FA-SVC  : Logging event: origin=auto,name=screen_view(_vs),params=Bundle[{ga_event_origin(_o)=auto, ga_previous_class(_pc)=AppActivity, ga_previous_id(_pi)=-6691874523389436950, ga_screen_class(_sc)=AppActivity, ga_screen_id(_si)=-6691874523389436949}]
12-02 19:09:56.892  2169  2501 D EGL_emulation: eglMakeCurrent: 0xdb91a600: ver 2 0 (tinfo 0xdb90f8d0)
12-02 19:09:56.951  2010  2041 I ActivityTaskManager: Displayed ru.iteco.fmhandroid/.ui.AppActivity: +499ms
12-02 19:09:56.961  2881 29619 V FA-SVC  : Upload scheduled in approximately ms: 525351
12-02 19:09:56.961  2881 29619 V FA-SVC  : Unscheduling upload
12-02 19:09:56.979  2881 29619 V FA-SVC  : Scheduling upload, millis: 525351
12-02 19:09:56.983  2881 29619 V FA-SVC  : Background event processing time, ms: 111
12-02 19:09:57.063  3139  3568 W SearchServiceCore: Abort, client detached.
12-02 19:09:57.071  3139 29683 I PBSessionCacheImpl: Deleted sessionId[429016834357] from persistence.
12-02 19:09:57.083  2584 29482 E SQLiteDatabase: Error inserting flex_time=525000 job_id=-1 period=1051000 source=16 requires_charging=0 preferred_network_type=1 target_class=com.google.android.gms.measurement.PackageMeasurementTaskService user_id=0 target_package=com.google.android.gms tag=Measurement.PackageMeasurementTaskService.UPLOAD_TASK_TAG task_type=0 required_idleness_state=0 service_kind=0 source_version=202414000 persistence_level=1 preferred_charging_state=1 required_network_type=0 runtime=1669997397058 retry_strategy={"maximum_backoff_seconds":{"3600":0},"initial_backoff_seconds":{"30":0},"retry_policy":{"0":0}} last_runtime=0
12-02 19:09:57.083  2584 29482 E SQLiteDatabase: android.database.sqlite.SQLiteConstraintException: UNIQUE constraint failed: pending_ops.tag, pending_ops.target_class, pending_ops.target_package, pending_ops.user_id (code 2067 SQLITE_CONSTRAINT_UNIQUE)
12-02 19:09:57.083  2584 29482 E SQLiteDatabase: 	at android.database.sqlite.SQLiteConnection.nativeExecuteForLastInsertedRowId(Native Method)
12-02 19:09:57.083  2584 29482 E SQLiteDatabase: 	at android.database.sqlite.SQLiteConnection.executeForLastInsertedRowId(SQLiteConnection.java:879)
12-02 19:09:57.083  2584 29482 E SQLiteDatabase: 	at android.database.sqlite.SQLiteSession.executeForLastInsertedRowId(SQLiteSession.java:790)
12-02 19:09:57.083  2584 29482 E SQLiteDatabase: 	at android.database.sqlite.SQLiteStatement.executeInsert(SQLiteStatement.java:88)
12-02 19:09:57.083  2584 29482 E SQLiteDatabase: 	at android.database.sqlite.SQLiteDatabase.insertWithOnConflict(SQLiteDatabase.java:1599)
12-02 19:09:57.083  2584 29482 E SQLiteDatabase: 	at android.database.sqlite.SQLiteDatabase.insert(SQLiteDatabase.java:1468)
12-02 19:09:57.083  2584 29482 E SQLiteDatabase: 	at aqui.a(:com.google.android.gms@202414022@20.24.14 (040700-319035315):175)
12-02 19:09:57.083  2584 29482 E SQLiteDatabase: 	at aqtk.a(:com.google.android.gms@202414022@20.24.14 (040700-319035315):182)
12-02 19:09:57.083  2584 29482 E SQLiteDatabase: 	at aqtk.a(:com.google.android.gms@202414022@20.24.14 (040700-319035315):23)
12-02 19:09:57.083  2584 29482 E SQLiteDatabase: 	at aqtk.a(:com.google.android.gms@202414022@20.24.14 (040700-319035315):177)
12-02 19:09:57.083  2584 29482 E SQLiteDatabase: 	at aqpu.run(:com.google.android.gms@202414022@20.24.14 (040700-319035315):9)
12-02 19:09:57.083  2584 29482 E SQLiteDatabase: 	at soy.b(:com.google.android.gms@202414022@20.24.14 (040700-319035315):12)
12-02 19:09:57.083  2584 29482 E SQLiteDatabase: 	at soy.run(:com.google.android.gms@202414022@20.24.14 (040700-319035315):7)
12-02 19:09:57.083  2584 29482 E SQLiteDatabase: 	at java.util.concurrent.ThreadPoolExecutor.runWorker(ThreadPoolExecutor.java:1167)
12-02 19:09:57.083  2584 29482 E SQLiteDatabase: 	at java.util.concurrent.ThreadPoolExecutor$Worker.run(ThreadPoolExecutor.java:641)
12-02 19:09:57.083  2584 29482 E SQLiteDatabase: 	at sux.run(:com.google.android.gms@202414022@20.24.14 (040700-319035315):0)
12-02 19:09:57.083  2584 29482 E SQLiteDatabase: 	at java.lang.Thread.run(Thread.java:919)
12-02 19:09:57.254  2010  5522 E memtrack: Couldn't load memtrack module
12-02 19:09:57.254  2010  5522 W android.os.Debug: failed to get memory consumption info: -1
12-02 19:09:57.603 29571 29571 I ViewInteraction: Performing 'wait for a specific view with <(an instance of android.widget.TextView and view.getText() with or without transformation to match: is "Authorization" and view.getParent() view.getParent() view.getId() is <2131231186>)> during 10000 millis.' action on view view.getRootView() to equal view
12-02 19:09:59.628 29571 29642 I okhttp.OkHttpClient: --> GET http://www.981757-ca08998.tmweb.ru:8080/fmh/authentication/userInfo
12-02 19:09:59.628 29571 29642 I okhttp.OkHttpClient: --> END GET
12-02 19:09:59.799 29571 29642 I okhttp.OkHttpClient: <-- 200 http://www.981757-ca08998.tmweb.ru:8080/fmh/authentication/userInfo (171ms)
12-02 19:09:59.799 29571 29642 I okhttp.OkHttpClient: Vary: Origin
12-02 19:09:59.799 29571 29642 I okhttp.OkHttpClient: Vary: Access-Control-Request-Method
12-02 19:09:59.800 29571 29642 I okhttp.OkHttpClient: Vary: Access-Control-Request-Headers
12-02 19:09:59.800 29571 29642 I okhttp.OkHttpClient: X-Content-Type-Options: nosniff
12-02 19:09:59.800 29571 29642 I okhttp.OkHttpClient: X-XSS-Protection: 1; mode=block
12-02 19:09:59.800 29571 29642 I okhttp.OkHttpClient: Cache-Control: no-cache, no-store, max-age=0, must-revalidate
12-02 19:09:59.801 29571 29642 I okhttp.OkHttpClient: Pragma: no-cache
12-02 19:09:59.801 29571 29642 I okhttp.OkHttpClient: Expires: 0
12-02 19:09:59.801 29571 29642 I okhttp.OkHttpClient: X-Frame-Options: DENY
12-02 19:09:59.801 29571 29642 I okhttp.OkHttpClient: Content-Type: application/json
12-02 19:09:59.801 29571 29642 I okhttp.OkHttpClient: Transfer-Encoding: chunked
12-02 19:09:59.801 29571 29642 I okhttp.OkHttpClient: Date: Fri, 02 Dec 2022 16:10:01 GMT
12-02 19:09:59.801 29571 29642 I okhttp.OkHttpClient: Keep-Alive: timeout=60
12-02 19:09:59.802 29571 29642 I okhttp.OkHttpClient: Connection: keep-alive
12-02 19:10:00.010  2169  2169 D KeyguardClockSwitch: Updating clock: 710
12-02 19:10:00.347 29571 29642 I okhttp.OkHttpClient: {"id":2,"firstName":"Данил","lastName":"Ивано��","middleName":"Данилович","admin":true}
12-02 19:10:00.347 29571 29642 I okhttp.OkHttpClient: <-- END HTTP (106-byte body)
12-02 19:10:00.354 29571 29667 I okhttp.OkHttpClient: --> GET http://www.981757-ca08998.tmweb.ru:8080/fmh/claims
12-02 19:10:00.354 29571 29667 I okhttp.OkHttpClient: --> END GET
12-02 19:10:01.869 29571 29613 V FA      : Inactivity, disconnecting from the service
12-02 19:10:02.097  2584 29827 I LogUtils: [Places]: ?: Couldn't find platform key file. [CONTEXT service_id=253 ]
12-02 19:10:02.099  2584 29827 I LogUtils: [Places]: ?: Couldn't find platform key file. [CONTEXT service_id=253 ]
12-02 19:10:02.121  2584 29828 I LogUtils: [Places]: ?: PlacesBleScanner stop() [CONTEXT service_id=253 ]
12-02 19:10:02.121  2584  2584 I BeaconBle: Scan : No clients left, canceling alarm. [CONTEXT service_id=111 ]
12-02 19:10:02.121  2584  2584 I BeaconBle: Scan canceled successfully. [CONTEXT service_id=111 ]
12-02 19:10:02.127  2584 29828 I PlacesLogger: [PlaceInferenceEngine]: [anon] Changed inference mode: 0 [CONTEXT service_id=253 ]
12-02 19:10:02.145  2584  3808 W GCoreFlp: No location to return for getLastLocation()
12-02 19:10:02.160  2584 29815 I LogUtils: [Places]: ?: Couldn't find platform key file. [CONTEXT service_id=253 ]
12-02 19:10:02.165  2584 29805 I LogUtils: [Places]: ?: Couldn't find platform key file. [CONTEXT service_id=253 ]
12-02 19:10:02.167  2010  2041 E memtrack: Couldn't load memtrack module
12-02 19:10:02.167  2010  2041 W android.os.Debug: failed to get memory consumption info: -1
12-02 19:10:02.207  2584  2584 I GeofencerStateMachine: removeGeofences: removeRequest=RemoveGeofencingRequest[REMOVE_BY_PENDING_INTENT pendingIntent=PendingIntent[creatorPackage=com.google.android.gms], packageName=com.google.android.gms]
12-02 19:10:02.440 29571 29667 I okhttp.OkHttpClient: <-- 200 http://www.981757-ca08998.tmweb.ru:8080/fmh/claims (2086ms)
12-02 19:10:02.441 29571 29667 I okhttp.OkHttpClient: Vary: Origin
12-02 19:10:02.441 29571 29667 I okhttp.OkHttpClient: Vary: Access-Control-Request-Method
12-02 19:10:02.441 29571 29667 I okhttp.OkHttpClient: Vary: Access-Control-Request-Headers
12-02 19:10:02.441 29571 29667 I okhttp.OkHttpClient: X-Content-Type-Options: nosniff
12-02 19:10:02.441 29571 29667 I okhttp.OkHttpClient: X-XSS-Protection: 1; mode=block
12-02 19:10:02.442 29571 29667 I okhttp.OkHttpClient: Cache-Control: no-cache, no-store, max-age=0, must-revalidate
12-02 19:10:02.442 29571 29667 I okhttp.OkHttpClient: Pragma: no-cache
12-02 19:10:02.443 29571 29667 I okhttp.OkHttpClient: Expires: 0
12-02 19:10:02.443 29571 29667 I okhttp.OkHttpClient: X-Frame-Options: DENY
12-02 19:10:02.443 29571 29667 I okhttp.OkHttpClient: Content-Type: application/json
12-02 19:10:02.443 29571 29667 I okhttp.OkHttpClient: Transfer-Encoding: chunked
12-02 19:10:02.443 29571 29667 I okhttp.OkHttpClient: Date: Fri, 02 Dec 2022 16:10:04 GMT
12-02 19:10:02.443 29571 29667 I okhttp.OkHttpClient: Keep-Alive: timeout=60
12-02 19:10:02.444 29571 29667 I okhttp.OkHttpClient: Connection: keep-alive
12-02 19:10:06.256  1881  1881 E netmgr  : Failed to open QEMU pipe 'qemud:network': Invalid argument
12-02 19:10:07.057  3139  3568 I WorkerManager: dispose()
12-02 19:10:07.058  3139  3568 W ThreadPoolDumper: Queue length for executor EventBus is now 11. Perhaps some tasks are too long, or the pool is too small.
12-02 19:10:07.131  2584  2584 I BeaconBle: Scan : No clients left, canceling alarm. [CONTEXT service_id=111 ]
12-02 19:10:07.612 29571 29571 D takeScreenshot: Found 1 global views to redraw
12-02 19:10:07.659  1772  1772 D gralloc_ranchu: gralloc_alloc: Creating ashmem region of size 14749696
12-02 19:10:07.697 29571 29615 W DefaultFailureHandler: Failed to take screenshot
12-02 19:10:07.697 29571 29615 W DefaultFailureHandler: java.io.FileNotFoundException: view-op-error-13.png: open failed: EROFS (Read-only file system)
12-02 19:10:07.697 29571 29615 W DefaultFailureHandler: 	at libcore.io.IoBridge.open(IoBridge.java:496)
12-02 19:10:07.697 29571 29615 W DefaultFailureHandler: 	at java.io.FileOutputStream.<init>(FileOutputStream.java:235)
12-02 19:10:07.697 29571 29615 W DefaultFailureHandler: 	at java.io.FileOutputStream.<init>(FileOutputStream.java:125)
12-02 19:10:07.697 29571 29615 W DefaultFailureHandler: 	at androidx.test.platform.io.FileTestStorage.openOutputFile(FileTestStorage.java:60)
12-02 19:10:07.697 29571 29615 W DefaultFailureHandler: 	at androidx.test.core.graphics.BitmapStorage.writeToTestStorage(BitmapStorageExt.kt:49)
12-02 19:10:07.697 29571 29615 W DefaultFailureHandler: 	at androidx.test.espresso.base.DefaultFailureHandler.takeScreenshot(DefaultFailureHandler.java:4)
12-02 19:10:07.697 29571 29615 W DefaultFailureHandler: 	at androidx.test.espresso.base.DefaultFailureHandler.handle(DefaultFailureHandler.java:3)
12-02 19:10:07.697 29571 29615 W DefaultFailureHandler: 	at androidx.test.espresso.ViewInteraction.waitForAndHandleInteractionResults(ViewInteraction.java:8)
12-02 19:10:07.697 29571 29615 W DefaultFailureHandler: 	at androidx.test.espresso.ViewInteraction.desugaredPerform(ViewInteraction.java:11)
12-02 19:10:07.697 29571 29615 W DefaultFailureHandler: 	at androidx.test.espresso.ViewInteraction.perform(ViewInteraction.java:8)
12-02 19:10:07.697 29571 29615 W DefaultFailureHandler: 	at ru.iteco.fmhandroid.ui.data.TestUtils.waitView(TestUtils.java:61)
12-02 19:10:07.697 29571 29615 W DefaultFailureHandler: 	at ru.iteco.fmhandroid.ui.steps.AuthSteps.isAuthScreen(AuthSteps.java:56)
12-02 19:10:07.697 29571 29615 W DefaultFailureHandler: 	at ru.iteco.fmhandroid.ui.ClaimsPageTest.logoutCheck(ClaimsPageTest.java:50)
12-02 19:10:07.697 29571 29615 W DefaultFailureHandler: 	at java.lang.reflect.Method.invoke(Native Method)
12-02 19:10:07.697 29571 29615 W DefaultFailureHandler: 	at org.junit.runners.model.FrameworkMethod$1.runReflectiveCall(FrameworkMethod.java:59)
12-02 19:10:07.697 29571 29615 W DefaultFailureHandler: 	at org.junit.internal.runners.model.ReflectiveCallable.run(ReflectiveCallable.java:12)
12-02 19:10:07.697 29571 29615 W DefaultFailureHandler: 	at org.junit.runners.model.FrameworkMethod.invokeExplosively(FrameworkMethod.java:56)
12-02 19:10:07.697 29571 29615 W DefaultFailureHandler: 	at androidx.test.internal.runner.junit4.statement.RunBefores.evaluate(RunBefores.java:76)
12-02 19:10:07.697 29571 29615 W DefaultFailureHandler: 	at androidx.test.rule.ActivityTestRule$ActivityStatement.evaluate(ActivityTestRule.java:543)
12-02 19:10:07.697 29571 29615 W DefaultFailureHandler: 	at io.qameta.allure.android.rules.LogcatRule$apply$1.evaluate(LogcatRule.kt:23)
12-02 19:10:07.697 29571 29615 W DefaultFailureHandler: 	at io.qameta.allure.android.rules.ScreenshotRule$apply$1.evaluate(ScreenshotRule.kt:22)
12-02 19:10:07.697 29571 29615 W DefaultFailureHandler: 	at io.qameta.allure.android.rules.ScreenshotRule$apply$1.evaluate(ScreenshotRule.kt:22)
12-02 19:10:07.697 29571 29615 W DefaultFailureHandler: 	at org.junit.rules.RunRules.evaluate(RunRules.java:20)
12-02 19:10:07.697 29571 29615 W DefaultFailureHandler: 	at org.junit.runners.ParentRunner$3.evaluate(ParentRunner.java:306)
12-02 19:10:07.697 29571 29615 W DefaultFailureHandler: 	at org.junit.runners.BlockJUnit4ClassRunner$1.evaluate(BlockJUnit4ClassRunner.java:100)
12-02 19:10:07.697 29571 29615 W DefaultFailureHandler: 	at org.junit.runners.ParentRunner.runLeaf(ParentRunner.java:366)
12-02 19:10:07.697 29571 29615 W DefaultFailureHandler: 	at org.junit.runners.BlockJUnit4ClassRunner.runChild(BlockJUnit4ClassRunner.java:103)
12-02 19:10:07.697 29571 29615 W DefaultFailureHandler: 	at org.junit.runners.BlockJUnit4ClassRunner.runChild(BlockJUnit4ClassRunner.java:63)
12-02 19:10:07.697 29571 29615 W DefaultFailureHandler: 	at org.junit.runners.ParentRunner$4.run(ParentRunner.java:331)
12-02 19:10:07.697 29571 29615 W DefaultFailureHandler: 	at org.junit.runners.ParentRunner$1.schedule(ParentRunner.java:79)
12-02 19:10:07.697 29571 29615 W DefaultFailureHandler: 	at org.junit.runners.ParentRunner.runChildren(ParentRunner.java:329)
12-02 19:10:07.697 29571 29615 W DefaultFailureHandler: 	at org.junit.runners.ParentRunner.access$100(ParentRunner.java:66)
12-02 19:10:07.697 29571 29615 W DefaultFailureHandler: 	at org.junit.runners.ParentRunner$2.evaluate(ParentRunner.java:293)
12-02 19:10:07.697 29571 29615 W DefaultFailureHandler: 	at org.junit.runners.ParentRunner$3.evaluate(ParentRunner.java:306)
12-02 19:10:07.697 29571 29615 W DefaultFailureHandler: 	at org.junit.runners.ParentRunner.run(ParentRunner.java:413)
12-02 19:10:07.697 29571 29615 W DefaultFailureHandler: 	at androidx.test.ext.junit.runners.AndroidJUnit4.run(AndroidJUnit4.java:162)
12-02 19:10:07.697 29571 29615 W DefaultFailureHandler: 	at io.qameta.allure.android.runners.AllureAndroidJUnit4.run(AllureAndroidJUnitRunners.kt:29)
12-02 19:10:07.697 29571 29615 W DefaultFailureHandler: 	at org.junit.runners.Suite.runChild(Suite.java:128)
12-02 19:10:07.697 29571 29615 W DefaultFailureHandler: 	at org.junit.runners.Suite.runChild(Suite.java:27)
12-02 19:10:07.697 29571 29615 W DefaultFailureHandler: 	at org.junit.runners.ParentRunner$4.run(ParentRunner.java:331)
12-02 19:10:07.697 29571 29615 W DefaultFailureHandler: 	at org.junit.runners.ParentRunner$1.schedule(ParentRunner.java:79)
12-02 19:10:07.697 29571 29615 W DefaultFailureHandler: 	at org.junit.runners.ParentRunner.runChildren(ParentRunner.java:329)
12-02 19:10:07.697 29571 29615 W DefaultFailureHandler: 	at org.junit.runners.ParentRunner.access$100(ParentRunner.java:66)
12-02 19:10:07.697 29571 29615 W DefaultFailureHandler: 	at org.junit.runners.ParentRunner$2.evaluate(ParentRunner.java:293)
12-02 19:10:07.697 29571 29615 W DefaultFailureHandler: 	at org.junit.runners.ParentRunner$3.evaluate(ParentRunner.java:306)
12-02 19:10:07.697 29571 29615 W DefaultFailureHandler: 	at org.junit.runners.ParentRunner.run(ParentRunner.java:413)
12-02 19:10:07.697 29571 29615 W DefaultFailureHandler: 	at org.junit.runner.JUnitCore.run(JUnitCore.java:137)
12-02 19:10:07.697 29571 29615 W DefaultFailureHandler: 	at org.junit.runner.JUnitCore.run(JUnitCore.java:115)
12-02 19:10:07.697 29571 29615 W DefaultFailureHandler: 	at androidx.test.internal.runner.TestExecutor.execute(TestExecutor.java:67)
12-02 19:10:07.697 29571 29615 W DefaultFailureHandler: 	at androidx.test.internal.runner.TestExecutor.execute(TestExecutor.java:58)
12-02 19:10:07.697 29571 29615 W DefaultFailureHandler: 	at androidx.test.runner.AndroidJUnitRunner.onStart(AndroidJUnitRunner.java:438)
12-02 19:10:07.697 29571 29615 W DefaultFailureHandler: 	at android.app.Instrumentation$InstrumentationThread.run(Instrumentation.java:2189)
12-02 19:10:07.697 29571 29615 W DefaultFailureHandler: Caused by: android.system.ErrnoException: open failed: EROFS (Read-only file system)
12-02 19:10:07.697 29571 29615 W DefaultFailureHandler: 	at libcore.io.Linux.open(Native Method)
12-02 19:10:07.697 29571 29615 W DefaultFailureHandler: 	at libcore.io.ForwardingOs.open(ForwardingOs.java:167)
12-02 19:10:07.697 29571 29615 W DefaultFailureHandler: 	at libcore.io.BlockGuardOs.open(BlockGuardOs.java:252)
12-02 19:10:07.697 29571 29615 W DefaultFailureHandler: 	at libcore.io.ForwardingOs.open(ForwardingOs.java:167)
12-02 19:10:07.697 29571 29615 W DefaultFailureHandler: 	at android.app.ActivityThread$AndroidOs.open(ActivityThread.java:7255)
12-02 19:10:07.697 29571 29615 W DefaultFailureHandler: 	at libcore.io.IoBridge.open(IoBridge.java:482)
12-02 19:10:07.697 29571 29615 W DefaultFailureHandler: 	... 51 more
12-02 19:10:07.702 29571 29571 I ViewInteraction: Performing 'wait for a specific view with <view.getId() is <2131230870/ru.iteco.fmhandroid:id/authorization_image_button>> during 10000 millis.' action on view view.getRootView() to equal view
12-02 19:10:07.706 29571 29571 I ViewInteraction: Checking 'MatchesViewAssertion{viewMatcher=(view has effective visibility <VISIBLE> and view.getGlobalVisibleRect() to return non-empty rectangle)}' assertion on view view.getId() is <2131230870/ru.iteco.fmhandroid:id/authorization_image_button>
12-02 19:10:07.720 29571 29571 I ViewInteraction: Performing 'single click' action on view view.getId() is <2131230870/ru.iteco.fmhandroid:id/authorization_image_button>
12-02 19:10:07.774  1750  3111 W audio_hw_generic: Not supplying enough data to HAL, expected position 400491989 , only wrote 400491968
12-02 19:10:07.800  1772  1772 D gralloc_ranchu: gralloc_alloc: Creating ashmem region of size 1429504
12-02 19:10:07.805  1772  1772 I chatty  : uid=1000(system) allocator@2.0-s identical 1 line
12-02 19:10:07.807  1772  1772 D gralloc_ranchu: gralloc_alloc: Creating ashmem region of size 1429504
12-02 19:10:07.811 29571 29628 D EGL_emulation: eglMakeCurrent: 0xdb91b440: ver 2 0 (tinfo 0xc077f470)
12-02 19:10:07.836 29571 29628 I chatty  : uid=10159(ru.iteco.fmhandroid) RenderThread identical 2 lines
12-02 19:10:07.860 29571 29628 D EGL_emulation: eglMakeCurrent: 0xdb91b440: ver 2 0 (tinfo 0xc077f470)
12-02 19:10:08.080 29571 29571 I ViewInteraction: Performing 'wait for a specific view with <an instance of android.widget.TextView and view.getText() with or without transformation to match: is "Log out"> during 10000 millis.' action on view view.getRootView() to equal view
12-02 19:10:08.082 29571 29571 I ViewInteraction: Checking 'MatchesViewAssertion{viewMatcher=(view has effective visibility <VISIBLE> and view.getGlobalVisibleRect() to return non-empty rectangle)}' assertion on view an instance of android.widget.TextView and view.getText() with or without transformation to match: is "Log out"
12-02 19:10:08.084 29571 29571 I ViewInteraction: Performing 'single click' action on view an instance of android.widget.TextView and view.getText() with or without transformation to match: is "Log out"
12-02 19:10:08.140 29571 29628 D EGL_emulation: eglMakeCurrent: 0xdb91b440: ver 2 0 (tinfo 0xc077f470)
12-02 19:10:08.260 29571 29628 I chatty  : uid=10159(ru.iteco.fmhandroid) RenderThread identical 1 line
12-02 19:10:08.283 29571 29628 D EGL_emulation: eglMakeCurrent: 0xdb91b440: ver 2 0 (tinfo 0xc077f470)
12-02 19:10:08.381 29571 29571 I ViewInteraction: Performing 'wait for a specific view with <(an instance of android.widget.TextView and view.getText() with or without transformation to match: is "Authorization" and view.getParent() view.getParent() view.getId() is <2131231186>)> during 10000 millis.' action on view view.getRootView() to equal view
12-02 19:10:08.385 29571 29571 I ViewInteraction: Checking 'MatchesViewAssertion{viewMatcher=(view has effective visibility <VISIBLE> and view.getGlobalVisibleRect() to return non-empty rectangle)}' assertion on view (an instance of android.widget.TextView and view.getText() with or without transformation to match: is "Authorization" and view.getParent() view.getParent() view.getId() is <2131231186/ru.iteco.fmhandroid:id/nav_host_fragment>)
12-02 19:10:08.389 29571 29571 I ViewInteraction: Performing 'wait for a specific view with <(an instance of android.widget.TextView and view.getHint() matching: is "Login" and view.getParent() view.getParent() view.getId() is <2131231121/ru.iteco.fmhandroid:id/login_text_input_layout>)> during 10000 millis.' action on view view.getRootView() to equal view
12-02 19:10:08.392 29571 29571 I ViewInteraction: Checking 'MatchesViewAssertion{viewMatcher=(view has effective visibility <VISIBLE> and view.getGlobalVisibleRect() to return non-empty rectangle)}' assertion on view (an instance of android.widget.TextView and view.getHint() matching: is "Login" and view.getParent() view.getParent() view.getId() is <2131231121/ru.iteco.fmhandroid:id/login_text_input_layout>)
12-02 19:10:08.395 29571 29571 I ViewInteraction: Performing 'wait for a specific view with <(an instance of android.widget.TextView and view.getHint() matching: is "Password" and view.getParent() view.getParent() view.getId() is <2131231264/ru.iteco.fmhandroid:id/password_text_input_layout>)> during 10000 millis.' action on view view.getRootView() to equal view
12-02 19:10:08.398 29571 29571 I ViewInteraction: Checking 'MatchesViewAssertion{viewMatcher=(view has effective visibility <VISIBLE> and view.getGlobalVisibleRect() to return non-empty rectangle)}' assertion on view (an instance of android.widget.TextView and view.getHint() matching: is "Password" and view.getParent() view.getParent() view.getId() is <2131231264/ru.iteco.fmhandroid:id/password_text_input_layout>)
12-02 19:10:08.402 29571 29571 I ViewInteraction: Performing 'wait for a specific view with <(view.getId() is <2131231039/ru.iteco.fmhandroid:id/enter_button> and an instance of android.widget.TextView and view.getText() with or without transformation to match: is "SIGN IN" and view.getContentDescription() is "Save" and view.getParent() view.getParent() an instance of android.widget.RelativeLayout)> during 10000 millis.' action on view view.getRootView() to equal view
12-02 19:10:08.406 29571 29571 I ViewInteraction: Checking 'MatchesViewAssertion{viewMatcher=(view has effective visibility <VISIBLE> and view.getGlobalVisibleRect() to return non-empty rectangle)}' assertion on view (view.getId() is <2131231039/ru.iteco.fmhandroid:id/enter_button> and an instance of android.widget.TextView and view.getText() with or without transformation to match: is "SIGN IN" and view.getContentDescription() is "Save" and view.getParent() view.getParent() an instance of android.widget.RelativeLayout)
12-02 19:10:08.408 29571 29571 I ViewInteraction: Performing 'wait for a specific view with <(an instance of android.widget.TextView and view.getText() with or without transformation to match: is "Authorization" and view.getParent() view.getParent() view.getId() is <2131231186>)> during 10000 millis.' action on view view.getRootView() to equal view
12-02 19:10:08.412 29571 29571 I ViewInteraction: Checking 'MatchesViewAssertion{viewMatcher=(view has effective visibility <VISIBLE> and view.getGlobalVisibleRect() to return non-empty rectangle)}' assertion on view (an instance of android.widget.TextView and view.getText() with or without transformation to match: is "Authorization" and view.getParent() view.getParent() view.getId() is <2131231186/ru.iteco.fmhandroid:id/nav_host_fragment>)
12-02 19:10:08.415 29571 29571 I ViewInteraction: Performing 'wait for a specific view with <(an instance of android.widget.TextView and view.getHint() matching: is "Login" and view.getParent() view.getParent() view.getId() is <2131231121/ru.iteco.fmhandroid:id/login_text_input_layout>)> during 10000 millis.' action on view view.getRootView() to equal view
12-02 19:10:08.419 29571 29571 I ViewInteraction: Checking 'MatchesViewAssertion{viewMatcher=(view has effective visibility <VISIBLE> and view.getGlobalVisibleRect() to return non-empty rectangle)}' assertion on view (an instance of android.widget.TextView and view.getHint() matching: is "Login" and view.getParent() view.getParent() view.getId() is <2131231121/ru.iteco.fmhandroid:id/login_text_input_layout>)
12-02 19:10:08.424 29571 29571 I ViewInteraction: Performing 'wait for a specific view with <(an instance of android.widget.TextView and view.getHint() matching: is "Password" and view.getParent() view.getParent() view.getId() is <2131231264/ru.iteco.fmhandroid:id/password_text_input_layout>)> during 10000 millis.' action on view view.getRootView() to equal view
12-02 19:10:08.429 29571 29571 I ViewInteraction: Checking 'MatchesViewAssertion{viewMatcher=(view has effective visibility <VISIBLE> and view.getGlobalVisibleRect() to return non-empty rectangle)}' assertion on view (an instance of android.widget.TextView and view.getHint() matching: is "Password" and view.getParent() view.getParent() view.getId() is <2131231264/ru.iteco.fmhandroid:id/password_text_input_layout>)
12-02 19:10:08.433 29571 29571 I ViewInteraction: Performing 'wait for a specific view with <(view.getId() is <2131231039/ru.iteco.fmhandroid:id/enter_button> and an instance of android.widget.TextView and view.getText() with or without transformation to match: is "SIGN IN" and view.getContentDescription() is "Save" and view.getParent() view.getParent() an instance of android.widget.RelativeLayout)> during 10000 millis.' action on view view.getRootView() to equal view
12-02 19:10:08.438 29571 29571 I ViewInteraction: Checking 'MatchesViewAssertion{viewMatcher=(view has effective visibility <VISIBLE> and view.getGlobalVisibleRect() to return non-empty rectangle)}' assertion on view (view.getId() is <2131231039/ru.iteco.fmhandroid:id/enter_button> and an instance of android.widget.TextView and view.getText() with or without transformation to match: is "SIGN IN" and view.getContentDescription() is "Save" and view.getParent() view.getParent() an instance of android.widget.RelativeLayout)
12-02 19:10:08.441 29571 29571 I ViewInteraction: Performing 'wait for a specific view with <(an instance of android.widget.TextView and view.getHint() matching: is "Login" and view.getParent() view.getParent() view.getId() is <2131231121/ru.iteco.fmhandroid:id/login_text_input_layout>)> during 10000 millis.' action on view view.getRootView() to equal view
12-02 19:10:08.446 29571 29571 I ViewInteraction: Performing 'replace text(login2)' action on view (an instance of android.widget.TextView and view.getHint() matching: is "Login" and view.getParent() view.getParent() view.getId() is <2131231121/ru.iteco.fmhandroid:id/login_text_input_layout>)
12-02 19:10:08.485 29571 29571 I ViewInteraction: Performing 'wait for a specific view with <(an instance of android.widget.TextView and view.getHint() matching: is "Password" and view.getParent() view.getParent() view.getId() is <2131231264/ru.iteco.fmhandroid:id/password_text_input_layout>)> during 10000 millis.' action on view view.getRootView() to equal view
12-02 19:10:08.496 29571 29571 I ViewInteraction: Performing 'replace text(password2)' action on view (an instance of android.widget.TextView and view.getHint() matching: is "Password" and view.getParent() view.getParent() view.getId() is <2131231264/ru.iteco.fmhandroid:id/password_text_input_layout>)
12-02 19:10:08.533 29571 29571 I ViewInteraction: Performing 'wait for a specific view with <(view.getId() is <2131231039/ru.iteco.fmhandroid:id/enter_button> and an instance of android.widget.TextView and view.getText() with or without transformation to match: is "SIGN IN" and view.getContentDescription() is "Save" and view.getParent() view.getParent() an instance of android.widget.RelativeLayout)> during 10000 millis.' action on view view.getRootView() to equal view
12-02 19:10:08.538 29571 29571 I ViewInteraction: Checking 'MatchesViewAssertion{viewMatcher=view.isClickable() is <true>}' assertion on view (view.getId() is <2131231039/ru.iteco.fmhandroid:id/enter_button> and an instance of android.widget.TextView and view.getText() with or without transformation to match: is "SIGN IN" and view.getContentDescription() is "Save" and view.getParent() view.getParent() an instance of android.widget.RelativeLayout)
12-02 19:10:08.546 29571 29571 I ViewInteraction: Performing 'wait for a specific view with <(view.getId() is <2131231039/ru.iteco.fmhandroid:id/enter_button> and an instance of android.widget.TextView and view.getText() with or without transformation to match: is "SIGN IN" and view.getContentDescription() is "Save" and view.getParent() view.getParent() an instance of android.widget.RelativeLayout)> during 10000 millis.' action on view view.getRootView() to equal view
12-02 19:10:08.551 29571 29571 I ViewInteraction: Checking 'MatchesViewAssertion{viewMatcher=view.isClickable() is <true>}' assertion on view (view.getId() is <2131231039/ru.iteco.fmhandroid:id/enter_button> and an instance of android.widget.TextView and view.getText() with or without transformation to match: is "SIGN IN" and view.getContentDescription() is "Save" and view.getParent() view.getParent() an instance of android.widget.RelativeLayout)
12-02 19:10:08.555 29571 29571 I ViewInteraction: Performing 'wait for a specific view with <(view.getId() is <2131231039/ru.iteco.fmhandroid:id/enter_button> and an instance of android.widget.TextView and view.getText() with or without transformation to match: is "SIGN IN" and view.getContentDescription() is "Save" and view.getParent() view.getParent() an instance of android.widget.RelativeLayout)> during 10000 millis.' action on view view.getRootView() to equal view
12-02 19:10:08.565 29571 29571 I ViewInteraction: Performing 'single click' action on view (view.getId() is <2131231039/ru.iteco.fmhandroid:id/enter_button> and an instance of android.widget.TextView and view.getText() with or without transformation to match: is "SIGN IN" and view.getContentDescription() is "Save" and view.getParent() view.getParent() an instance of android.widget.RelativeLayout)
12-02 19:10:08.613 29571 29664 I okhttp.OkHttpClient: --> POST http://www.981757-ca08998.tmweb.ru:8080/fmh/authentication/login
12-02 19:10:08.613 29571 29664 I okhttp.OkHttpClient: Content-Type: application/json; charset=UTF-8
12-02 19:10:08.614 29571 29664 I okhttp.OkHttpClient: Content-Length: 41
12-02 19:10:08.615 29571 29664 I okhttp.OkHttpClient: {"login":"login2","password":"password2"}
12-02 19:10:08.615 29571 29664 I okhttp.OkHttpClient: --> END POST (41-byte body)
12-02 19:10:08.844 29571 29571 I ViewInteraction: Performing 'wait for a specific view with <an instance of android.widget.TextView and view.getText() with or without transformation to match: is "News"> during 10000 millis.' action on view view.getRootView() to equal view
12-02 19:10:08.865 29571 29664 I okhttp.OkHttpClient: <-- 200 http://www.981757-ca08998.tmweb.ru:8080/fmh/authentication/login (249ms)
12-02 19:10:08.865 29571 29664 I okhttp.OkHttpClient: Vary: Origin
12-02 19:10:08.865 29571 29664 I okhttp.OkHttpClient: Vary: Access-Control-Request-Method
12-02 19:10:08.865 29571 29664 I okhttp.OkHttpClient: Vary: Access-Control-Request-Headers
12-02 19:10:08.865 29571 29664 I okhttp.OkHttpClient: X-Content-Type-Options: nosniff
12-02 19:10:08.865 29571 29664 I okhttp.OkHttpClient: X-XSS-Protection: 1; mode=block
12-02 19:10:08.865 29571 29664 I okhttp.OkHttpClient: Cache-Control: no-cache, no-store, max-age=0, must-revalidate
12-02 19:10:08.865 29571 29664 I okhttp.OkHttpClient: Pragma: no-cache
12-02 19:10:08.865 29571 29664 I okhttp.OkHttpClient: Expires: 0
12-02 19:10:08.866 29571 29664 I okhttp.OkHttpClient: X-Frame-Options: DENY
12-02 19:10:08.866 29571 29664 I okhttp.OkHttpClient: Content-Type: application/json
12-02 19:10:08.866 29571 29664 I okhttp.OkHttpClient: Transfer-Encoding: chunked
12-02 19:10:08.866 29571 29664 I okhttp.OkHttpClient: Date: Fri, 02 Dec 2022 16:10:10 GMT
12-02 19:10:08.866 29571 29664 I okhttp.OkHttpClient: Keep-Alive: timeout=60
12-02 19:10:08.866 29571 29664 I okhttp.OkHttpClient: Connection: keep-alive
12-02 19:10:08.867 29571 29664 I okhttp.OkHttpClient: {"accessToken":"eyJhbGciOiJIUzUxMiJ9.eyJzdWIiOiJsb2dpbjIiLCJqdGkiOiIyIiwiZXhwIjoxNjcwMDgzODEwfQ.zlt8zI4RhoC8tCpudtwca3g4l0ooRlurpU1CP8FPKD7vTf9NFMU1NUZ0j3-Ce4gMys-o-FFqeeIU12-S3SFuYg","refreshToken":"eyJhbGciOiJIUzUxMiJ9.eyJzdWIiOiJsb2dpbjIiLCJqdGkiOiIyIiwiZXhwIjoxNjcyNTg5NDEwfQ.HE8V26yobruNMA50JL2U-38nuaiLSV_HMLpbMWjLLS3IURCHgy4MKnoS_cWJb52ddM3wPdOLpMaNvLJOM6rhog"}
12-02 19:10:08.867 29571 29664 I okhttp.OkHttpClient: <-- END HTTP (368-byte body)
12-02 19:10:08.870 29571 29642 I okhttp.OkHttpClient: --> GET http://www.981757-ca08998.tmweb.ru:8080/fmh/authentication/userInfo
12-02 19:10:08.870 29571 29642 I okhttp.OkHttpClient: --> END GET
12-02 19:10:09.024 29571 29642 I okhttp.OkHttpClient: <-- 200 http://www.981757-ca08998.tmweb.ru:8080/fmh/authentication/userInfo (153ms)
12-02 19:10:09.024 29571 29642 I okhttp.OkHttpClient: Vary: Origin
12-02 19:10:09.024 29571 29642 I okhttp.OkHttpClient: Vary: Access-Control-Request-Method
12-02 19:10:09.024 29571 29642 I okhttp.OkHttpClient: Vary: Access-Control-Request-Headers
12-02 19:10:09.024 29571 29642 I okhttp.OkHttpClient: X-Content-Type-Options: nosniff
12-02 19:10:09.024 29571 29642 I okhttp.OkHttpClient: X-XSS-Protection: 1; mode=block
12-02 19:10:09.024 29571 29642 I okhttp.OkHttpClient: Cache-Control: no-cache, no-store, max-age=0, must-revalidate
12-02 19:10:09.024 29571 29642 I okhttp.OkHttpClient: Pragma: no-cache
12-02 19:10:09.025 29571 29642 I okhttp.OkHttpClient: Expires: 0
12-02 19:10:09.025 29571 29642 I okhttp.OkHttpClient: X-Frame-Options: DENY
12-02 19:10:09.025 29571 29642 I okhttp.OkHttpClient: Content-Type: application/json
12-02 19:10:09.025 29571 29642 I okhttp.OkHttpClient: Transfer-Encoding: chunked
12-02 19:10:09.025 29571 29642 I okhttp.OkHttpClient: Date: Fri, 02 Dec 2022 16:10:10 GMT
12-02 19:10:09.025 29571 29642 I okhttp.OkHttpClient: Keep-Alive: timeout=60
12-02 19:10:09.025 29571 29642 I okhttp.OkHttpClient: Connection: keep-alive
12-02 19:10:09.026 29571 29642 I okhttp.OkHttpClient: {"id":2,"firstName":"Данил","lastName":"Иванов","middleName":"Данилович","admin":true}
12-02 19:10:09.026 29571 29642 I okhttp.OkHttpClient: <-- END HTTP (106-byte body)
12-02 19:10:09.033 29571 29646 I okhttp.OkHttpClient: --> GET http://www.981757-ca08998.tmweb.ru:8080/fmh/claims
12-02 19:10:09.033 29571 29646 I okhttp.OkHttpClient: --> END GET
12-02 19:10:09.040  1743 29841 E ResolverController: No valid NAT64 prefix (127, <unspecified>/0)
12-02 19:10:09.201 29571 29571 I ViewInteraction: Checking 'MatchesViewAssertion{viewMatcher=(view has effective visibility <VISIBLE> and view.getGlobalVisibleRect() to return non-empty rectangle)}' assertion on view an instance of android.widget.TextView and view.getText() with or without transformation to match: is "News"
12-02 19:10:09.205 29571 29571 I ViewInteraction: Performing 'wait for a specific view with <view.getId() is <2131230951>> during 10000 millis.' action on view view.getRootView() to equal view
12-02 19:10:09.208 29571 29571 I ViewInteraction: Checking 'MatchesViewAssertion{viewMatcher=(view has effective visibility <VISIBLE> and view.getGlobalVisibleRect() to return non-empty rectangle)}' assertion on view view.getId() is <2131230951/ru.iteco.fmhandroid:id/container_list_news_include_on_fragment_main>
12-02 19:10:09.212 29571 29571 I ViewInteraction: Performing 'wait for a specific view with <view.getId() is <2131230949>> during 10000 millis.' action on view view.getRootView() to equal view
12-02 19:10:09.215 29571 29571 I ViewInteraction: Checking 'MatchesViewAssertion{viewMatcher=(view has effective visibility <VISIBLE> and view.getGlobalVisibleRect() to return non-empty rectangle)}' assertion on view view.getId() is <2131230949/ru.iteco.fmhandroid:id/container_list_claim_include_on_fragment_main>
12-02 19:10:09.217 29571 29571 I ViewInteraction: Performing 'wait for a specific view with <an instance of android.widget.TextView and view.getText() with or without transformation to match: is "Claims"> during 10000 millis.' action on view view.getRootView() to equal view
12-02 19:10:09.221 29571 29571 I ViewInteraction: Checking 'MatchesViewAssertion{viewMatcher=(view has effective visibility <VISIBLE> and view.getGlobalVisibleRect() to return non-empty rectangle)}' assertion on view an instance of android.widget.TextView and view.getText() with or without transformation to match: is "Claims"
12-02 19:10:09.224 29571 29571 I ViewInteraction: Performing 'wait for a specific view with <view.getId() is <2131231123/ru.iteco.fmhandroid:id/main_menu_image_button>> during 10000 millis.' action on view view.getRootView() to equal view
12-02 19:10:09.228 29571 29571 I ViewInteraction: Performing 'single click' action on view view.getId() is <2131231123/ru.iteco.fmhandroid:id/main_menu_image_button>
12-02 19:10:09.318  1772  1772 D gralloc_ranchu: gralloc_alloc: Creating ashmem region of size 3264512
12-02 19:10:09.323  1772  1772 I chatty  : uid=1000(system) allocator@2.0-s identical 1 line
12-02 19:10:09.324  1772  1772 D gralloc_ranchu: gralloc_alloc: Creating ashmem region of size 3264512
12-02 19:10:09.338 29571 29628 D EGL_emulation: eglMakeCurrent: 0xdb91b440: ver 2 0 (tinfo 0xc077f470)
12-02 19:10:09.378 29571 29628 I chatty  : uid=10159(ru.iteco.fmhandroid) RenderThread identical 2 lines
12-02 19:10:09.399 29571 29628 D EGL_emulation: eglMakeCurrent: 0xdb91b440: ver 2 0 (tinfo 0xc077f470)
12-02 19:10:09.632 29571 29571 I ViewInteraction: Performing 'wait for a specific view with <an instance of android.widget.TextView and view.getText() with or without transformation to match: is "Claims"> during 10000 millis.' action on view view.getRootView() to equal view
12-02 19:10:09.635 29571 29571 I ViewInteraction: Performing 'single click' action on view an instance of android.widget.TextView and view.getText() with or without transformation to match: is "Claims"
12-02 19:10:09.692 29571 29628 D EGL_emulation: eglMakeCurrent: 0xdb91b440: ver 2 0 (tinfo 0xc077f470)
12-02 19:10:09.766 29571 29666 I okhttp.OkHttpClient: --> GET http://www.981757-ca08998.tmweb.ru:8080/fmh/claims
12-02 19:10:09.766 29571 29666 I okhttp.OkHttpClient: --> END GET
12-02 19:10:09.809 29571 29628 D EGL_emulation: eglMakeCurrent: 0xdb91b440: ver 2 0 (tinfo 0xc077f470)
12-02 19:10:09.821 29571 29628 D EGL_emulation: eglMakeCurrent: 0xdb91b440: ver 2 0 (tinfo 0xc077f470)
12-02 19:10:10.016 29571 29571 I ViewInteraction: Performing 'wait for a specific view with <view.getId() is <2131230849/ru.iteco.fmhandroid:id/add_new_claim_material_button>> during 10000 millis.' action on view view.getRootView() to equal view
12-02 19:10:10.019 29571 29571 I ViewInteraction: Performing 'single click' action on view view.getId() is <2131230849/ru.iteco.fmhandroid:id/add_new_claim_material_button>
12-02 19:10:10.078 29571 29642 I okhttp.OkHttpClient: --> GET http://www.981757-ca08998.tmweb.ru:8080/fmh/users
12-02 19:10:10.078 29571 29642 I okhttp.OkHttpClient: --> END GET
12-02 19:10:10.299 29571 29571 I ViewInteraction: Performing 'wait for a specific view with <view.getId() is <2131231041/ru.iteco.fmhandroid:id/executor_drop_menu_auto_complete_text_view>> during 10000 millis.' action on view view.getRootView() to equal view
