12-02 19:10:10.749 29571 29642 I okhttp.OkHttpClient: <-- 200 http://www.981757-ca08998.tmweb.ru:8080/fmh/users (670ms)
12-02 19:10:10.749 29571 29642 I okhttp.OkHttpClient: Vary: Origin
12-02 19:10:10.749 29571 29642 I okhttp.OkHttpClient: Vary: Access-Control-Request-Method
12-02 19:10:10.749 29571 29642 I okhttp.OkHttpClient: Vary: Access-Control-Request-Headers
12-02 19:10:10.749 29571 29642 I okhttp.OkHttpClient: X-Content-Type-Options: nosniff
12-02 19:10:10.749 29571 29642 I okhttp.OkHttpClient: X-XSS-Protection: 1; mode=block
12-02 19:10:10.749 29571 29642 I okhttp.OkHttpClient: Cache-Control: no-cache, no-store, max-age=0, must-revalidate
12-02 19:10:10.749 29571 29642 I okhttp.OkHttpClient: Pragma: no-cache
12-02 19:10:10.749 29571 29642 I okhttp.OkHttpClient: Expires: 0
12-02 19:10:10.750 29571 29642 I okhttp.OkHttpClient: X-Frame-Options: DENY
12-02 19:10:10.750 29571 29642 I okhttp.OkHttpClient: Content-Type: application/json
12-02 19:10:10.750 29571 29642 I okhttp.OkHttpClient: Transfer-Encoding: chunked
12-02 19:10:10.750 29571 29642 I okhttp.OkHttpClient: Date: Fri, 02 Dec 2022 16:10:11 GMT
12-02 19:10:10.750 29571 29642 I okhttp.OkHttpClient: Keep-Alive: timeout=60
12-02 19:10:10.750 29571 29642 I okhttp.OkHttpClient: Connection: keep-alive
12-02 19:10:10.751 29571 29642 I okhttp.OkHttpClient: [{"id":1,"firstName":"Петр","lastName":"Смирнов","middleName":"Петрович","admin":true},{"id":2,"firstName":"Данил","lastName":"Иванов","middleName":"Данилович","admin":true},{"id":3,"firstName":"Егор","lastName":"Петров","middleName":"Егорович","admin":false},{"id":4,"firstName":"Дмитрий","lastName":"Сидоров","middleName":"Дмитриевич","admin":false},{"id":5,"firstName":"Тест","lastName":"Тестов","middleName":"Тестович","admin":true},{"id":6,"firstName":"Diplom","lastName":"Netology","middleName":"QAMID","admin":true}]
12-02 19:10:10.751 29571 29642 I okhttp.OkHttpClient: <-- END HTTP (622-byte body)
12-02 19:10:10.884 29571 29571 I ViewInteraction: Performing 'single click' action on view view.getId() is <2131231041/ru.iteco.fmhandroid:id/executor_drop_menu_auto_complete_text_view>
12-02 19:10:10.970  1743  2204 I netd    : firewallSetUidRule(2, 10145, 1) <0.03ms>
12-02 19:10:11.002  1772  1772 D gralloc_ranchu: gralloc_alloc: Creating ashmem region of size 7032832
12-02 19:10:11.013  1772  1772 I chatty  : uid=1000(system) allocator@2.0-s identical 1 line
12-02 19:10:11.016  1772  1772 D gralloc_ranchu: gralloc_alloc: Creating ashmem region of size 7032832
12-02 19:10:11.019 29571 29628 D EGL_emulation: eglMakeCurrent: 0xdb91b440: ver 2 0 (tinfo 0xc077f470)
12-02 19:10:11.080 29571 29571 I AssistStructure: Flattened final assist data: 6984 bytes, containing 2 windows, 53 views
12-02 19:10:11.095  2010  9089 D AutofillSession: Starting partition or augmented request for view id 1073741827@1611551783: STARTED_SESSION
12-02 19:10:11.098  2486  2486 W GInputConnectionWrapper: IPC IC_GET_TEXT_BEFORE_CURSOR_AND_FIX_SELECTION_INDICES took 133 ms
12-02 19:10:11.108  2584  2584 W ktk     : Pending fill request while another request in the same session was triggered. [CONTEXT service_id=177 ]
12-02 19:10:11.119 29571 29628 D EGL_emulation: eglMakeCurrent: 0xdb91b440: ver 2 0 (tinfo 0xc077f470)
12-02 19:10:11.128 29571 29571 I AssistStructure: Flattened final assist data: 6984 bytes, containing 2 windows, 53 views
12-02 19:10:11.138  2010  2034 D AutofillUI: destroySaveUiUiThread(): already destroyed
12-02 19:10:11.145  2584  2584 W ktk     : Pending fill request while another request in the same session was triggered. [CONTEXT service_id=177 ]
12-02 19:10:11.164 29571 29628 D EGL_emulation: eglMakeCurrent: 0xdb91b440: ver 2 0 (tinfo 0xc077f470)
12-02 19:10:11.166  2486  2486 I KeyboardViewUtil: systemKeyboardHeightRatio:1.000000; userKeyboardHeightRatio:1.000000.
12-02 19:10:11.166  2486  2486 I AndroidIME: LatinIme.onActivate() : EditorInfo = Package = ru.iteco.fmhandroid : Type = Text : Learning = Disable : Suggestion = Show : AutoCorrection = Disable : Microphone = Show : NoPersonalizedLearning = Disable
12-02 19:10:11.178  2486  2486 I Conv2QueryExtension: Current locale: en_US, config allows these locales: de,en,es,fr,it,ms,pt,ta
12-02 19:10:11.178  2486  2486 I Conv2QueryExtension: Conv2Query not enabled due to current app [ru.iteco.fmhandroid] not in whitelist
12-02 19:10:11.179  2486  2486 I Conv2QueryExtension: onActivate() : Disabled by unsupported host app
12-02 19:10:11.193  2169  2501 D EGL_emulation: eglMakeCurrent: 0xdb91a600: ver 2 0 (tinfo 0xdb90f8d0)
12-02 19:10:11.204  1772  1772 D gralloc_ranchu: gralloc_alloc: Creating ashmem region of size 14262272
12-02 19:10:11.212  1772  1772 D gralloc_ranchu: gralloc_alloc: Creating ashmem region of size 14262272
12-02 19:10:11.214  2486  6704 D EGL_emulation: eglMakeCurrent: 0xdb91b920: ver 2 0 (tinfo 0xdb90fce0)
12-02 19:10:11.238  1772  1772 D gralloc_ranchu: gralloc_alloc: Creating ashmem region of size 14262272
12-02 19:10:11.262 29571 29628 D EGL_emulation: eglMakeCurrent: 0xdb91b440: ver 2 0 (tinfo 0xc077f470)
12-02 19:10:11.296  1772  1772 D gralloc_ranchu: gralloc_alloc: Creating ashmem region of size 4997120
12-02 19:10:11.315 29571 29628 D EGL_emulation: eglMakeCurrent: 0xdb91b440: ver 2 0 (tinfo 0xc077f470)
12-02 19:10:11.333  1772  1772 D gralloc_ranchu: gralloc_alloc: Creating ashmem region of size 4997120
12-02 19:10:11.337 29571 29628 D EGL_emulation: eglMakeCurrent: 0xdb91b440: ver 2 0 (tinfo 0xc077f470)
12-02 19:10:11.350 29571 29628 D EGL_emulation: eglMakeCurrent: 0xdb91b440: ver 2 0 (tinfo 0xc077f470)
12-02 19:10:11.363  1772  1772 D gralloc_ranchu: gralloc_alloc: Creating ashmem region of size 4997120
12-02 19:10:11.443 29571 29628 D EGL_emulation: eglMakeCurrent: 0xdb91b440: ver 2 0 (tinfo 0xc077f470)
12-02 19:10:11.455 29571 29571 I ViewInteraction: Performing 'close keyboard' action on view view.getRootView() to equal view
12-02 19:10:11.463  2486  2486 I PhenotypeExpConfig: refreshConfiguration() : Force = false : UpdateAvailable = false : Age = 187 minutes : MaxAge = 720 minutes
12-02 19:10:11.463  1743  2204 I netd    : firewallSetUidRule(2, 10145, 2) <0.02ms>
12-02 19:10:11.465  2486  2486 I AndroidIME: LatinIme.onDeactivate()
12-02 19:10:11.473  2486  6704 D EGL_emulation: eglMakeCurrent: 0xdb91b920: ver 2 0 (tinfo 0xdb90fce0)
12-02 19:10:11.531  1772  1772 D gralloc_ranchu: gralloc_alloc: Creating ashmem region of size 7032832
12-02 19:10:11.537 29571 29628 D EGL_emulation: eglMakeCurrent: 0xdb91b440: ver 2 0 (tinfo 0xc077f470)
12-02 19:10:11.552  1772  1772 D gralloc_ranchu: gralloc_alloc: Creating ashmem region of size 7032832
12-02 19:10:11.554 29571 29628 D EGL_emulation: eglMakeCurrent: 0xdb91b440: ver 2 0 (tinfo 0xc077f470)
12-02 19:10:11.568 29571 29628 D EGL_emulation: eglMakeCurrent: 0xdb91b440: ver 2 0 (tinfo 0xc077f470)
12-02 19:10:11.579  1772  1772 D gralloc_ranchu: gralloc_alloc: Creating ashmem region of size 7032832
12-02 19:10:11.942 29571 29628 D EGL_emulation: eglMakeCurrent: 0xdb91b440: ver 2 0 (tinfo 0xc077f470)
12-02 19:10:13.125 29571 29628 I chatty  : uid=10159(ru.iteco.fmhandroid) RenderThread identical 1 line
12-02 19:10:13.458 29571 29628 D EGL_emulation: eglMakeCurrent: 0xdb91b440: ver 2 0 (tinfo 0xc077f470)
12-02 19:10:13.746 29571 29666 I okhttp.OkHttpClient: <-- 200 http://www.981757-ca08998.tmweb.ru:8080/fmh/claims (3979ms)
12-02 19:10:13.746 29571 29666 I okhttp.OkHttpClient: Vary: Origin
12-02 19:10:13.746 29571 29666 I okhttp.OkHttpClient: Vary: Access-Control-Request-Method
12-02 19:10:13.746 29571 29666 I okhttp.OkHttpClient: Vary: Access-Control-Request-Headers
12-02 19:10:13.746 29571 29666 I okhttp.OkHttpClient: X-Content-Type-Options: nosniff
12-02 19:10:13.746 29571 29666 I okhttp.OkHttpClient: X-XSS-Protection: 1; mode=block
12-02 19:10:13.746 29571 29666 I okhttp.OkHttpClient: Cache-Control: no-cache, no-store, max-age=0, must-revalidate
12-02 19:10:13.746 29571 29666 I okhttp.OkHttpClient: Pragma: no-cache
12-02 19:10:13.746 29571 29666 I okhttp.OkHttpClient: Expires: 0
12-02 19:10:13.746 29571 29666 I okhttp.OkHttpClient: X-Frame-Options: DENY
12-02 19:10:13.746 29571 29666 I okhttp.OkHttpClient: Content-Type: application/json
12-02 19:10:13.746 29571 29666 I okhttp.OkHttpClient: Transfer-Encoding: chunked
12-02 19:10:13.746 29571 29666 I okhttp.OkHttpClient: Date: Fri, 02 Dec 2022 16:10:15 GMT
12-02 19:10:13.746 29571 29666 I okhttp.OkHttpClient: Keep-Alive: timeout=60
12-02 19:10:13.746 29571 29666 I okhttp.OkHttpClient: Connection: keep-alive
12-02 19:10:14.026 29571 29646 I okhttp.OkHttpClient: <-- 200 http://www.981757-ca08998.tmweb.ru:8080/fmh/claims (4993ms)
12-02 19:10:14.026 29571 29646 I okhttp.OkHttpClient: Vary: Origin
12-02 19:10:14.026 29571 29646 I okhttp.OkHttpClient: Vary: Access-Control-Request-Method
12-02 19:10:14.026 29571 29646 I okhttp.OkHttpClient: Vary: Access-Control-Request-Headers
12-02 19:10:14.026 29571 29646 I okhttp.OkHttpClient: X-Content-Type-Options: nosniff
12-02 19:10:14.026 29571 29646 I okhttp.OkHttpClient: X-XSS-Protection: 1; mode=block
12-02 19:10:14.026 29571 29646 I okhttp.OkHttpClient: Cache-Control: no-cache, no-store, max-age=0, must-revalidate
12-02 19:10:14.027 29571 29646 I okhttp.OkHttpClient: Pragma: no-cache
12-02 19:10:14.027 29571 29646 I okhttp.OkHttpClient: Expires: 0
12-02 19:10:14.027 29571 29646 I okhttp.OkHttpClient: X-Frame-Options: DENY
12-02 19:10:14.027 29571 29646 I okhttp.OkHttpClient: Content-Type: application/json
12-02 19:10:14.027 29571 29646 I okhttp.OkHttpClient: Transfer-Encoding: chunked
12-02 19:10:14.027 29571 29646 I okhttp.OkHttpClient: Date: Fri, 02 Dec 2022 16:10:15 GMT
12-02 19:10:14.027 29571 29646 I okhttp.OkHttpClient: Keep-Alive: timeout=60
12-02 19:10:14.027 29571 29646 I okhttp.OkHttpClient: Connection: keep-alive
12-02 19:10:14.205  1750  1962 W audio_hw_generic: Not supplying enough data to HAL, expected position 401057357 , only wrote 400775537
12-02 19:10:14.775 29571 29571 I ViewInteraction: Checking 'MatchesViewAssertion{viewMatcher=(view has effective visibility <VISIBLE> and view.getGlobalVisibleRect() to return non-empty rectangle)}' assertion on view an instance of android.widget.TextView and view.getText() with or without transformation to match: is "Иванов Данил Данилович"
12-02 19:10:14.777 29571 29571 I ViewInteraction: Performing 'single click' action on view an instance of android.widget.TextView and view.getText() with or without transformation to match: is "Иванов Данил Данилович"
12-02 19:10:14.828 29571 29628 D EGL_emulation: eglMakeCurrent: 0xdb91b440: ver 2 0 (tinfo 0xc077f470)
12-02 19:10:14.898  1750  3111 W audio_hw_generic: Not supplying enough data to HAL, expected position 400775560 , only wrote 400775537
12-02 19:10:14.906 29571 29628 D EGL_emulation: eglMakeCurrent: 0xdb91b440: ver 2 0 (tinfo 0xc077f470)
12-02 19:10:14.919 29571 29628 D EGL_emulation: eglMakeCurrent: 0xdb91b440: ver 2 0 (tinfo 0xc077f470)
12-02 19:10:14.930  2010  6092 E InputDispatcher: Window handle Window{a936abe u0 PopupWindow:cf767bb} has no registered input channel
12-02 19:10:15.049 29571 29571 I ViewInteraction: Performing 'wait for a specific view with <(view.getId() is <2131231402/ru.iteco.fmhandroid:id/title_edit_text> and view.getParent() view.getParent() view.getId() is <2131231406/ru.iteco.fmhandroid:id/title_text_input_layout>)> during 10000 millis.' action on view view.getRootView() to equal view
12-02 19:10:15.052 29571 29571 I ViewInteraction: Performing 'replace text(В работе 03c54a1f-4598-45d8-aef2-ec24a3bccb0e)' action on view (view.getId() is <2131231402/ru.iteco.fmhandroid:id/title_edit_text> and view.getParent() view.getParent() view.getId() is <2131231406/ru.iteco.fmhandroid:id/title_text_input_layout>)
12-02 19:10:15.088 29571 29571 I ViewInteraction: Performing 'wait for a specific view with <view.getId() is <2131230975/ru.iteco.fmhandroid:id/date_in_plan_text_input_edit_text>> during 10000 millis.' action on view view.getRootView() to equal view
12-02 19:10:15.091 29571 29571 I ViewInteraction: Performing 'single click' action on view view.getId() is <2131230975/ru.iteco.fmhandroid:id/date_in_plan_text_input_edit_text>
12-02 19:10:15.232  1772  1772 D gralloc_ranchu: gralloc_alloc: Creating ashmem region of size 10964992
12-02 19:10:15.238  1772  1772 I chatty  : uid=1000(system) allocator@2.0-s identical 1 line
12-02 19:10:15.239  1772  1772 D gralloc_ranchu: gralloc_alloc: Creating ashmem region of size 10964992
12-02 19:10:15.243 29571 29628 D EGL_emulation: eglMakeCurrent: 0xdb91b440: ver 2 0 (tinfo 0xc077f470)
12-02 19:10:15.337 29571 29628 I chatty  : uid=10159(ru.iteco.fmhandroid) RenderThread identical 3 lines
12-02 19:10:15.357 29571 29628 D EGL_emulation: eglMakeCurrent: 0xdb91b440: ver 2 0 (tinfo 0xc077f470)
12-02 19:10:15.715 29571 29571 I ViewInteraction: Performing 'wait for a specific view with <is assignable from class <class android.widget.DatePicker>> during 10000 millis.' action on view view.getRootView() to equal view
12-02 19:10:15.718 29571 29571 I ViewInteraction: Checking 'MatchesViewAssertion{viewMatcher=(view has effective visibility <VISIBLE> and view.getGlobalVisibleRect() to return non-empty rectangle)}' assertion on view is assignable from class <class android.widget.DatePicker>
12-02 19:10:15.720 29571 29571 I ViewInteraction: Performing 'wait for a specific view with <is assignable from class <class android.widget.DatePicker>> during 10000 millis.' action on view view.getRootView() to equal view
12-02 19:10:15.723 29571 29571 I ViewInteraction: Performing 'set date' action on view is assignable from class <class android.widget.DatePicker>
12-02 19:10:15.758 29571 29571 I ViewInteraction: Performing 'wait for a specific view with <view.getId() is <16908313/android:id/button1>> during 10000 millis.' action on view view.getRootView() to equal view
12-02 19:10:15.762 29571 29571 I ViewInteraction: Performing 'single click' action on view view.getId() is <16908313/android:id/button1>
12-02 19:10:15.840 29571 29628 D EGL_emulation: eglMakeCurrent: 0xdb91b440: ver 2 0 (tinfo 0xc077f470)
12-02 19:10:15.852 29571 29628 D EGL_emulation: eglMakeCurrent: 0xdb91b440: ver 2 0 (tinfo 0xc077f470)
12-02 19:10:15.857  2010 19651 E InputDispatcher: Window handle Window{70d3983 u0 ru.iteco.fmhandroid/ru.iteco.fmhandroid.ui.AppActivity} has no registered input channel
12-02 19:10:16.103 29571 29571 I ViewInteraction: Performing 'wait for a specific view with <(an instance of android.widget.TextView and view.getHint() matching: is "Time" and view.getParent() view.getParent() view.getId() is <2131231399/ru.iteco.fmhandroid:id/time_in_plan_text_input_layout>)> during 10000 millis.' action on view view.getRootView() to equal view
12-02 19:10:16.107 29571 29571 I ViewInteraction: Performing 'single click' action on view (an instance of android.widget.TextView and view.getHint() matching: is "Time" and view.getParent() view.getParent() view.getId() is <2131231399/ru.iteco.fmhandroid:id/time_in_plan_text_input_layout>)
12-02 19:10:16.233  1772  1772 D gralloc_ranchu: gralloc_alloc: Creating ashmem region of size 9261056
12-02 19:10:16.236  1772  1772 I chatty  : uid=1000(system) allocator@2.0-s identical 1 line
12-02 19:10:16.237  1772  1772 D gralloc_ranchu: gralloc_alloc: Creating ashmem region of size 9261056
12-02 19:10:16.250 29571 29628 D EGL_emulation: eglMakeCurrent: 0xdb91b440: ver 2 0 (tinfo 0xc077f470)
12-02 19:10:16.295 29571 29628 D EGL_emulation: eglMakeCurrent: 0xdb91b440: ver 2 0 (tinfo 0xc077f470)
12-02 19:10:16.537 29571 29571 I ViewInteraction: Performing 'wait for a specific view with <is assignable from class <class android.widget.TimePicker>> during 10000 millis.' action on view view.getRootView() to equal view
12-02 19:10:16.540 29571 29571 I ViewInteraction: Checking 'MatchesViewAssertion{viewMatcher=(view has effective visibility <VISIBLE> and view.getGlobalVisibleRect() to return non-empty rectangle)}' assertion on view is assignable from class <class android.widget.TimePicker>
12-02 19:10:16.542 29571 29571 I ViewInteraction: Performing 'wait for a specific view with <is assignable from class <class android.widget.TimePicker>> during 10000 millis.' action on view view.getRootView() to equal view
12-02 19:10:16.544 29571 29571 I ViewInteraction: Performing 'set time' action on view is assignable from class <class android.widget.TimePicker>
12-02 19:10:16.559 29571 29628 D EGL_emulation: eglMakeCurrent: 0xdb91b440: ver 2 0 (tinfo 0xc077f470)
12-02 19:10:16.562 29571 29571 I ViewInteraction: Performing 'wait for a specific view with <view.getId() is <16908313/android:id/button1>> during 10000 millis.' action on view view.getRootView() to equal view
12-02 19:10:16.573 29571 29571 I ViewInteraction: Performing 'single click' action on view view.getId() is <16908313/android:id/button1>
12-02 19:10:16.635 29571 29628 D EGL_emulation: eglMakeCurrent: 0xdb91b440: ver 2 0 (tinfo 0xc077f470)
12-02 19:10:16.641  2010  6092 E InputDispatcher: Window handle Window{bc7ca2e u0 ru.iteco.fmhandroid/ru.iteco.fmhandroid.ui.AppActivity} has no registered input channel
12-02 19:10:16.651 29571 29628 D EGL_emulation: eglMakeCurrent: 0xdb91b440: ver 2 0 (tinfo 0xc077f470)
12-02 19:10:16.902 29571 29571 I ViewInteraction: Performing 'wait for a specific view with <(an instance of android.widget.TextView and view.getHint() matching: is "Description" and view.getParent() view.getParent() view.getId() is <2131230988/ru.iteco.fmhandroid:id/description_text_input_layout>)> during 10000 millis.' action on view view.getRootView() to equal view
12-02 19:10:16.905 29571 29571 I ViewInteraction: Performing 'replace text(В работе 03c54a1f-4598-45d8-aef2-ec24a3bccb0e)' action on view (an instance of android.widget.TextView and view.getHint() matching: is "Description" and view.getParent() view.getParent() view.getId() is <2131230988/ru.iteco.fmhandroid:id/description_text_input_layout>)
12-02 19:10:16.947 29571 29571 I ViewInteraction: Performing 'wait for a specific view with <view.getId() is <2131231291/ru.iteco.fmhandroid:id/save_button>> during 10000 millis.' action on view view.getRootView() to equal view
12-02 19:10:16.951 29571 29571 I ViewInteraction: Performing 'single click' action on view view.getId() is <2131231291/ru.iteco.fmhandroid:id/save_button>
12-02 19:10:17.037 29571 29670 I okhttp.OkHttpClient: --> POST http://www.981757-ca08998.tmweb.ru:8080/fmh/claims
12-02 19:10:17.037 29571 29670 I okhttp.OkHttpClient: Content-Type: application/json; charset=UTF-8
12-02 19:10:17.038 29571 29670 I okhttp.OkHttpClient: Content-Length: 290
12-02 19:10:17.038 29571 29670 I okhttp.OkHttpClient: {"createDate":1669997417,"creatorId":2,"creatorName":"Иванов Данил Данилович","description":"В работе 03c54a1f-4598-45d8-aef2-ec24a3bccb0e","executorId":2,"planExecuteDate":1669997340,"status":"OPEN","title":"В работе 03c54a1f-4598-45d8-aef2-ec24a3bccb0e"}
12-02 19:10:17.038 29571 29670 I okhttp.OkHttpClient: --> END POST (290-byte body)
12-02 19:10:17.046  1743 29843 E ResolverController: No valid NAT64 prefix (127, <unspecified>/0)
12-02 19:10:17.254 29571 29571 I ViewInteraction: Performing 'wait for a specific view with <view.getId() is <2131230916/ru.iteco.fmhandroid:id/claim_list_recycler_view>> during 10000 millis.' action on view view.getRootView() to equal view
12-02 19:10:17.527 29571 29670 I okhttp.OkHttpClient: <-- 200 http://www.981757-ca08998.tmweb.ru:8080/fmh/claims (488ms)
12-02 19:10:17.527 29571 29670 I okhttp.OkHttpClient: Vary: Origin
12-02 19:10:17.527 29571 29670 I okhttp.OkHttpClient: Vary: Access-Control-Request-Method
12-02 19:10:17.527 29571 29670 I okhttp.OkHttpClient: Vary: Access-Control-Request-Headers
12-02 19:10:17.527 29571 29670 I okhttp.OkHttpClient: X-Content-Type-Options: nosniff
12-02 19:10:17.527 29571 29670 I okhttp.OkHttpClient: X-XSS-Protection: 1; mode=block
12-02 19:10:17.527 29571 29670 I okhttp.OkHttpClient: Cache-Control: no-cache, no-store, max-age=0, must-revalidate
12-02 19:10:17.527 29571 29670 I okhttp.OkHttpClient: Pragma: no-cache
12-02 19:10:17.527 29571 29670 I okhttp.OkHttpClient: Expires: 0
12-02 19:10:17.528 29571 29670 I okhttp.OkHttpClient: X-Frame-Options: DENY
12-02 19:10:17.528 29571 29670 I okhttp.OkHttpClient: Content-Type: application/json
12-02 19:10:17.528 29571 29670 I okhttp.OkHttpClient: Transfer-Encoding: chunked
12-02 19:10:17.528 29571 29670 I okhttp.OkHttpClient: Date: Fri, 02 Dec 2022 16:10:18 GMT
12-02 19:10:17.528 29571 29670 I okhttp.OkHttpClient: Keep-Alive: timeout=60
12-02 19:10:17.528 29571 29670 I okhttp.OkHttpClient: Connection: keep-alive
12-02 19:10:17.529 29571 29670 I okhttp.OkHttpClient: {"id":2517,"title":"В работе 03c54a1f-4598-45d8-aef2-ec24a3bccb0e","description":"В работе 03c54a1f-4598-45d8-aef2-ec24a3bccb0e","creatorId":2,"executorId":2,"createDate":1669997417,"planExecuteDate":1669997340,"factExecuteDate":null,"status":"IN_PROGRESS","creatorName":"Иванов Да��ил Данилович","executorName":"Иванов Данил Данилович"}
12-02 19:10:17.529 29571 29670 I okhttp.OkHttpClient: <-- END HTTP (390-byte body)
12-02 19:10:17.598 29571 29571 I ViewInteraction: Checking 'MatchesViewAssertion{viewMatcher=(view has effective visibility <VISIBLE> and view.getGlobalVisibleRect() to return non-empty rectangle)}' assertion on view view.getId() is <2131230916/ru.iteco.fmhandroid:id/claim_list_recycler_view>
12-02 19:10:17.602 29571 29571 I ViewInteraction: Performing 'scroll RecyclerView to: holder with view: (view is an instance of android.view.ViewGroup and has descendant matching an instance of android.widget.TextView and view.getText() with or without transformation to match: is "В работе 03c54a1f-4598-45d8-aef2-ec24a3bccb0e")' action on view view.getId() is <2131230916/ru.iteco.fmhandroid:id/claim_list_recycler_view>
12-02 19:10:17.605 29571 29571 D takeScreenshot: Found 1 global views to redraw
12-02 19:10:17.644  1772  1772 D gralloc_ranchu: gralloc_alloc: Creating ashmem region of size 14749696
12-02 19:10:17.687 29571 29615 W DefaultFailureHandler: Failed to take screenshot
12-02 19:10:17.687 29571 29615 W DefaultFailureHandler: java.io.FileNotFoundException: view-op-error-14.png: open failed: EROFS (Read-only file system)
12-02 19:10:17.687 29571 29615 W DefaultFailureHandler: 	at libcore.io.IoBridge.open(IoBridge.java:496)
12-02 19:10:17.687 29571 29615 W DefaultFailureHandler: 	at java.io.FileOutputStream.<init>(FileOutputStream.java:235)
12-02 19:10:17.687 29571 29615 W DefaultFailureHandler: 	at java.io.FileOutputStream.<init>(FileOutputStream.java:125)
12-02 19:10:17.687 29571 29615 W DefaultFailureHandler: 	at androidx.test.platform.io.FileTestStorage.openOutputFile(FileTestStorage.java:60)
12-02 19:10:17.687 29571 29615 W DefaultFailureHandler: 	at androidx.test.core.graphics.BitmapStorage.writeToTestStorage(BitmapStorageExt.kt:49)
12-02 19:10:17.687 29571 29615 W DefaultFailureHandler: 	at androidx.test.espresso.base.DefaultFailureHandler.takeScreenshot(DefaultFailureHandler.java:4)
12-02 19:10:17.687 29571 29615 W DefaultFailureHandler: 	at androidx.test.espresso.base.DefaultFailureHandler.handle(DefaultFailureHandler.java:3)
12-02 19:10:17.687 29571 29615 W DefaultFailureHandler: 	at androidx.test.espresso.ViewInteraction.waitForAndHandleInteractionResults(ViewInteraction.java:8)
12-02 19:10:17.687 29571 29615 W DefaultFailureHandler: 	at androidx.test.espresso.ViewInteraction.desugaredPerform(ViewInteraction.java:11)
12-02 19:10:17.687 29571 29615 W DefaultFailureHandler: 	at androidx.test.espresso.ViewInteraction.perform(ViewInteraction.java:8)
12-02 19:10:17.687 29571 29615 W DefaultFailureHandler: 	at ru.iteco.fmhandroid.ui.steps.ClaimsPageSteps.scrollToElementInRecyclerList(ClaimsPageSteps.java:128)
12-02 19:10:17.687 29571 29615 W DefaultFailureHandler: 	at ru.iteco.fmhandroid.ui.steps.ClaimsPageSteps.openClaimCard(ClaimsPageSteps.java:151)
12-02 19:10:17.687 29571 29615 W DefaultFailureHandler: 	at ru.iteco.fmhandroid.ui.ClaimsPageTest.shouldShowWarningMessageClaimCommentFieldIsIncorrect(ClaimsPageTest.java:180)
12-02 19:10:17.687 29571 29615 W DefaultFailureHandler: 	at java.lang.reflect.Method.invoke(Native Method)
12-02 19:10:17.687 29571 29615 W DefaultFailureHandler: 	at org.junit.runners.model.FrameworkMethod$1.runReflectiveCall(FrameworkMethod.java:59)
12-02 19:10:17.687 29571 29615 W DefaultFailureHandler: 	at org.junit.internal.runners.model.ReflectiveCallable.run(ReflectiveCallable.java:12)
12-02 19:10:17.687 29571 29615 W DefaultFailureHandler: 	at org.junit.runners.model.FrameworkMethod.invokeExplosively(FrameworkMethod.java:56)
12-02 19:10:17.687 29571 29615 W DefaultFailureHandler: 	at org.junit.internal.runners.statements.InvokeMethod.evaluate(InvokeMethod.java:17)
12-02 19:10:17.687 29571 29615 W DefaultFailureHandler: 	at androidx.test.internal.runner.junit4.statement.RunBefores.evaluate(RunBefores.java:80)
12-02 19:10:17.687 29571 29615 W DefaultFailureHandler: 	at androidx.test.rule.ActivityTestRule$ActivityStatement.evaluate(ActivityTestRule.java:543)
12-02 19:10:17.687 29571 29615 W DefaultFailureHandler: 	at io.qameta.allure.android.rules.LogcatRule$apply$1.evaluate(LogcatRule.kt:23)
12-02 19:10:17.687 29571 29615 W DefaultFailureHandler: 	at io.qameta.allure.android.rules.ScreenshotRule$apply$1.evaluate(ScreenshotRule.kt:22)
12-02 19:10:17.687 29571 29615 W DefaultFailureHandler: 	at io.qameta.allure.android.rules.ScreenshotRule$apply$1.evaluate(ScreenshotRule.kt:22)
12-02 19:10:17.687 29571 29615 W DefaultFailureHandler: 	at org.junit.rules.RunRules.evaluate(RunRules.java:20)
12-02 19:10:17.687 29571 29615 W DefaultFailureHandler: 	at org.junit.runners.ParentRunner$3.evaluate(ParentRunner.java:306)
12-02 19:10:17.687 29571 29615 W DefaultFailureHandler: 	at org.junit.runners.BlockJUnit4ClassRunner$1.evaluate(BlockJUnit4ClassRunner.java:100)
12-02 19:10:17.687 29571 29615 W DefaultFailureHandler: 	at org.junit.runners.ParentRunner.runLeaf(ParentRunner.java:366)
12-02 19:10:17.687 29571 29615 W DefaultFailureHandler: 	at org.junit.runners.BlockJUnit4ClassRunner.runChild(BlockJUnit4ClassRunner.java:103)
12-02 19:10:17.687 29571 29615 W DefaultFailureHandler: 	at org.junit.runners.BlockJUnit4ClassRunner.runChild(BlockJUnit4ClassRunner.java:63)
12-02 19:10:17.687 29571 29615 W DefaultFailureHandler: 	at org.junit.runners.ParentRunner$4.run(ParentRunner.java:331)
12-02 19:10:17.687 29571 29615 W DefaultFailureHandler: 	at org.junit.runners.ParentRunner$1.schedule(ParentRunner.java:79)
12-02 19:10:17.687 29571 29615 W DefaultFailureHandler: 	at org.junit.runners.ParentRunner.runChildren(ParentRunner.java:329)
12-02 19:10:17.687 29571 29615 W DefaultFailureHandler: 	at org.junit.runners.ParentRunner.access$100(ParentRunner.java:66)
12-02 19:10:17.687 29571 29615 W DefaultFailureHandler: 	at org.junit.runners.ParentRunner$2.evaluate(ParentRunner.java:293)
12-02 19:10:17.687 29571 29615 W DefaultFailureHandler: 	at org.junit.runners.ParentRunner$3.evaluate(ParentRunner.java:306)
12-02 19:10:17.687 29571 29615 W DefaultFailureHandler: 	at org.junit.runners.ParentRunner.run(ParentRunner.java:413)
12-02 19:10:17.687 29571 29615 W DefaultFailureHandler: 	at androidx.test.ext.junit.runners.AndroidJUnit4.run(AndroidJUnit4.java:162)
12-02 19:10:17.687 29571 29615 W DefaultFailureHandler: 	at io.qameta.allure.android.runners.AllureAndroidJUnit4.run(AllureAndroidJUnitRunners.kt:29)
12-02 19:10:17.687 29571 29615 W DefaultFailureHandler: 	at org.junit.runners.Suite.runChild(Suite.java:128)
12-02 19:10:17.687 29571 29615 W DefaultFailureHandler: 	at org.junit.runners.Suite.runChild(Suite.java:27)
12-02 19:10:17.687 29571 29615 W DefaultFailureHandler: 	at org.junit.runners.ParentRunner$4.run(ParentRunner.java:331)
12-02 19:10:17.687 29571 29615 W DefaultFailureHandler: 	at org.junit.runners.ParentRunner$1.schedule(ParentRunner.java:79)
12-02 19:10:17.687 29571 29615 W DefaultFailureHandler: 	at org.junit.runners.ParentRunner.runChildren(ParentRunner.java:329)
12-02 19:10:17.687 29571 29615 W DefaultFailureHandler: 	at org.junit.runners.ParentRunner.access$100(ParentRunner.java:66)
12-02 19:10:17.687 29571 29615 W DefaultFailureHandler: 	at org.junit.runners.ParentRunner$2.evaluate(ParentRunner.java:293)
12-02 19:10:17.687 29571 29615 W DefaultFailureHandler: 	at org.junit.runners.ParentRunner$3.evaluate(ParentRunner.java:306)
12-02 19:10:17.687 29571 29615 W DefaultFailureHandler: 	at org.junit.runners.ParentRunner.run(ParentRunner.java:413)
12-02 19:10:17.687 29571 29615 W DefaultFailureHandler: 	at org.junit.runner.JUnitCore.run(JUnitCore.java:137)
12-02 19:10:17.687 29571 29615 W DefaultFailureHandler: 	at org.junit.runner.JUnitCore.run(JUnitCore.java:115)
12-02 19:10:17.687 29571 29615 W DefaultFailureHandler: 	at androidx.test.internal.runner.TestExecutor.execute(TestExecutor.java:67)
12-02 19:10:17.688 29571 29615 W DefaultFailureHandler: 	at androidx.test.internal.runner.TestExecutor.execute(TestExecutor.java:58)
12-02 19:10:17.688 29571 29615 W DefaultFailureHandler: 	at androidx.test.runner.AndroidJUnitRunner.onStart(AndroidJUnitRunner.java:438)
12-02 19:10:17.688 29571 29615 W DefaultFailureHandler: 	at android.app.Instrumentation$InstrumentationThread.run(Instrumentation.java:2189)
12-02 19:10:17.688 29571 29615 W DefaultFailureHandler: Caused by: android.system.ErrnoException: open failed: EROFS (Read-only file system)
12-02 19:10:17.688 29571 29615 W DefaultFailureHandler: 	at libcore.io.Linux.open(Native Method)
12-02 19:10:17.688 29571 29615 W DefaultFailureHandler: 	at libcore.io.ForwardingOs.open(ForwardingOs.java:167)
12-02 19:10:17.688 29571 29615 W DefaultFailureHandler: 	at libcore.io.BlockGuardOs.open(BlockGuardOs.java:252)
12-02 19:10:17.688 29571 29615 W DefaultFailureHandler: 	at libcore.io.ForwardingOs.open(ForwardingOs.java:167)
12-02 19:10:17.688 29571 29615 W DefaultFailureHandler: 	at android.app.ActivityThread$AndroidOs.open(ActivityThread.java:7255)
12-02 19:10:17.688 29571 29615 W DefaultFailureHandler: 	at libcore.io.IoBridge.open(IoBridge.java:482)
12-02 19:10:17.688 29571 29615 W DefaultFailureHandler: 	... 52 more
12-02 19:10:17.742  2010  6092 W InputReader: Device has associated, but no associated display id.
12-02 19:10:17.742  2010  6092 I chatty  : uid=1000(system) Binder:2010_16 identical 8 lines
12-02 19:10:17.742  2010  6092 W InputReader: Device has associated, but no associated display id.
12-02 19:10:17.754 29571 29571 D LifecycleMonitor: Lifecycle status change: ru.iteco.fmhandroid.ui.AppActivity@54a29d8 in: PAUSED
12-02 19:10:17.760  2010  3292 W InputReader: Device has associated, but no associated display id.
12-02 19:10:17.760  2010  3292 I chatty  : uid=1000(system) Binder:2010_B identical 8 lines
12-02 19:10:17.760  2010  3292 W InputReader: Device has associated, but no associated display id.
12-02 19:10:17.775 29571 29613 V FA      : Recording user engagement, ms: 21124
12-02 19:10:17.800  1772  1772 D gralloc_ranchu: gralloc_alloc: Creating ashmem region of size 14749696
12-02 19:10:17.815  1772  1772 D gralloc_ranchu: gralloc_alloc: Creating ashmem region of size 14749696
12-02 19:10:17.818  1772  6832 D gralloc_ranchu: gralloc_alloc: Creating ashmem region of size 14749696
12-02 19:10:17.820  3139  3664 D EGL_emulation: eglMakeCurrent: 0xdb91c460: ver 2 0 (tinfo 0xbe64a3f0)
12-02 19:10:17.864  1772  6832 D gralloc_ranchu: gralloc_alloc: Creating ashmem region of size 14749696
12-02 19:10:17.869  1772  6832 D gralloc_ranchu: gralloc_alloc: Creating ashmem region of size 14749696
12-02 19:10:17.873  3139  3139 W ThreadPoolDumper: Queue length for executor EventBus is now 11. Perhaps some tasks are too long, or the pool is too small.
12-02 19:10:17.889  2448  3326 D EGL_emulation: eglMakeCurrent: 0xe3a07ba0: ver 2 0 (tinfo 0xe3a93b30)
12-02 19:10:17.891 29571 29613 V FA      : Connecting to remote service
12-02 19:10:17.893  1772  6832 D gralloc_ranchu: gralloc_alloc: Creating ashmem region of size 14749696
