--------- beginning of main
12-02 19:09:53.386 29571 29670 I okhttp.OkHttpClient: <-- 200 http://www.981757-ca08998.tmweb.ru:8080/fmh/claims (1315ms)
12-02 19:09:53.386 29571 29670 I okhttp.OkHttpClient: Vary: Origin
12-02 19:09:53.386 29571 29670 I okhttp.OkHttpClient: Vary: Access-Control-Request-Method
12-02 19:09:53.386 29571 29670 I okhttp.OkHttpClient: Vary: Access-Control-Request-Headers
12-02 19:09:53.386 29571 29670 I okhttp.OkHttpClient: X-Content-Type-Options: nosniff
12-02 19:09:53.386 29571 29670 I okhttp.OkHttpClient: X-XSS-Protection: 1; mode=block
12-02 19:09:53.386 29571 29670 I okhttp.OkHttpClient: Cache-Control: no-cache, no-store, max-age=0, must-revalidate
12-02 19:09:53.387 29571 29670 I okhttp.OkHttpClient: Pragma: no-cache
12-02 19:09:53.387 29571 29670 I okhttp.OkHttpClient: Expires: 0
12-02 19:09:53.387 29571 29670 I okhttp.OkHttpClient: X-Frame-Options: DENY
12-02 19:09:53.387 29571 29670 I okhttp.OkHttpClient: Content-Type: application/json
12-02 19:09:53.387 29571 29670 I okhttp.OkHttpClient: Transfer-Encoding: chunked
12-02 19:09:53.387 29571 29670 I okhttp.OkHttpClient: Date: Fri, 02 Dec 2022 16:09:54 GMT
12-02 19:09:53.387 29571 29670 I okhttp.OkHttpClient: Keep-Alive: timeout=60
12-02 19:09:53.387 29571 29670 I okhttp.OkHttpClient: Connection: keep-alive
12-02 19:09:53.387 29571 29670 I okhttp.OkHttpClient: {"id":2516,"title":"В работе ec7636cd-1e4b-4997-9c18-5c3d77e88437","description":"В работе ec7636cd-1e4b-4997-9c18-5c3d77e88437","creatorId":2,"executorId":2,"createDate":1669997392,"planExecuteDate":1669997340,"factExecuteDate":null,"status":"IN_PROGRESS","creatorName":"Иванов Данил Данилович","executorName":"Иванов Данил Данилович"}
12-02 19:09:53.388 29571 29670 I okhttp.OkHttpClient: <-- END HTTP (390-byte body)
12-02 19:09:53.469 29571 29571 I ViewInteraction: Checking 'MatchesViewAssertion{viewMatcher=(view has effective visibility <VISIBLE> and view.getGlobalVisibleRect() to return non-empty rectangle)}' assertion on view view.getId() is <2131230916/ru.iteco.fmhandroid:id/claim_list_recycler_view>
12-02 19:09:53.473 29571 29571 I ViewInteraction: Performing 'scroll RecyclerView to: holder with view: (view is an instance of android.view.ViewGroup and has descendant matching an instance of android.widget.TextView and view.getText() with or without transformation to match: is "В работе ec7636cd-1e4b-4997-9c18-5c3d77e88437")' action on view view.getId() is <2131230916/ru.iteco.fmhandroid:id/claim_list_recycler_view>
12-02 19:09:53.479 29571 29571 D takeScreenshot: Found 1 global views to redraw
12-02 19:09:53.531  1772  6832 D gralloc_ranchu: gralloc_alloc: Creating ashmem region of size 14749696
12-02 19:09:53.596 29571 29615 W DefaultFailureHandler: Failed to take screenshot
12-02 19:09:53.596 29571 29615 W DefaultFailureHandler: java.io.FileNotFoundException: view-op-error-12.png: open failed: EROFS (Read-only file system)
12-02 19:09:53.596 29571 29615 W DefaultFailureHandler: 	at libcore.io.IoBridge.open(IoBridge.java:496)
12-02 19:09:53.596 29571 29615 W DefaultFailureHandler: 	at java.io.FileOutputStream.<init>(FileOutputStream.java:235)
12-02 19:09:53.596 29571 29615 W DefaultFailureHandler: 	at java.io.FileOutputStream.<init>(FileOutputStream.java:125)
12-02 19:09:53.596 29571 29615 W DefaultFailureHandler: 	at androidx.test.platform.io.FileTestStorage.openOutputFile(FileTestStorage.java:60)
12-02 19:09:53.596 29571 29615 W DefaultFailureHandler: 	at androidx.test.core.graphics.BitmapStorage.writeToTestStorage(BitmapStorageExt.kt:49)
12-02 19:09:53.596 29571 29615 W DefaultFailureHandler: 	at androidx.test.espresso.base.DefaultFailureHandler.takeScreenshot(DefaultFailureHandler.java:4)
12-02 19:09:53.596 29571 29615 W DefaultFailureHandler: 	at androidx.test.espresso.base.DefaultFailureHandler.handle(DefaultFailureHandler.java:3)
12-02 19:09:53.596 29571 29615 W DefaultFailureHandler: 	at androidx.test.espresso.ViewInteraction.waitForAndHandleInteractionResults(ViewInteraction.java:8)
12-02 19:09:53.596 29571 29615 W DefaultFailureHandler: 	at androidx.test.espresso.ViewInteraction.desugaredPerform(ViewInteraction.java:11)
12-02 19:09:53.596 29571 29615 W DefaultFailureHandler: 	at androidx.test.espresso.ViewInteraction.perform(ViewInteraction.java:8)
12-02 19:09:53.596 29571 29615 W DefaultFailureHandler: 	at ru.iteco.fmhandroid.ui.steps.ClaimsPageSteps.scrollToElementInRecyclerList(ClaimsPageSteps.java:128)
12-02 19:09:53.596 29571 29615 W DefaultFailureHandler: 	at ru.iteco.fmhandroid.ui.steps.ClaimsPageSteps.openClaimCard(ClaimsPageSteps.java:151)
12-02 19:09:53.596 29571 29615 W DefaultFailureHandler: 	at ru.iteco.fmhandroid.ui.ClaimsPageTest.shouldShowMessageFieldCannotBeEmpty(ClaimsPageTest.java:116)
12-02 19:09:53.596 29571 29615 W DefaultFailureHandler: 	at java.lang.reflect.Method.invoke(Native Method)
12-02 19:09:53.596 29571 29615 W DefaultFailureHandler: 	at org.junit.runners.model.FrameworkMethod$1.runReflectiveCall(FrameworkMethod.java:59)
12-02 19:09:53.596 29571 29615 W DefaultFailureHandler: 	at org.junit.internal.runners.model.ReflectiveCallable.run(ReflectiveCallable.java:12)
12-02 19:09:53.596 29571 29615 W DefaultFailureHandler: 	at org.junit.runners.model.FrameworkMethod.invokeExplosively(FrameworkMethod.java:56)
12-02 19:09:53.596 29571 29615 W DefaultFailureHandler: 	at org.junit.internal.runners.statements.InvokeMethod.evaluate(InvokeMethod.java:17)
12-02 19:09:53.596 29571 29615 W DefaultFailureHandler: 	at androidx.test.internal.runner.junit4.statement.RunBefores.evaluate(RunBefores.java:80)
12-02 19:09:53.596 29571 29615 W DefaultFailureHandler: 	at androidx.test.rule.ActivityTestRule$ActivityStatement.evaluate(ActivityTestRule.java:543)
12-02 19:09:53.596 29571 29615 W DefaultFailureHandler: 	at io.qameta.allure.android.rules.LogcatRule$apply$1.evaluate(LogcatRule.kt:23)
12-02 19:09:53.596 29571 29615 W DefaultFailureHandler: 	at io.qameta.allure.android.rules.ScreenshotRule$apply$1.evaluate(ScreenshotRule.kt:22)
12-02 19:09:53.596 29571 29615 W DefaultFailureHandler: 	at io.qameta.allure.android.rules.ScreenshotRule$apply$1.evaluate(ScreenshotRule.kt:22)
12-02 19:09:53.596 29571 29615 W DefaultFailureHandler: 	at org.junit.rules.RunRules.evaluate(RunRules.java:20)
12-02 19:09:53.596 29571 29615 W DefaultFailureHandler: 	at org.junit.runners.ParentRunner$3.evaluate(ParentRunner.java:306)
12-02 19:09:53.596 29571 29615 W DefaultFailureHandler: 	at org.junit.runners.BlockJUnit4ClassRunner$1.evaluate(BlockJUnit4ClassRunner.java:100)
12-02 19:09:53.596 29571 29615 W DefaultFailureHandler: 	at org.junit.runners.ParentRunner.runLeaf(ParentRunner.java:366)
12-02 19:09:53.596 29571 29615 W DefaultFailureHandler: 	at org.junit.runners.BlockJUnit4ClassRunner.runChild(BlockJUnit4ClassRunner.java:103)
12-02 19:09:53.596 29571 29615 W DefaultFailureHandler: 	at org.junit.runners.BlockJUnit4ClassRunner.runChild(BlockJUnit4ClassRunner.java:63)
12-02 19:09:53.596 29571 29615 W DefaultFailureHandler: 	at org.junit.runners.ParentRunner$4.run(ParentRunner.java:331)
12-02 19:09:53.596 29571 29615 W DefaultFailureHandler: 	at org.junit.runners.ParentRunner$1.schedule(ParentRunner.java:79)
12-02 19:09:53.596 29571 29615 W DefaultFailureHandler: 	at org.junit.runners.ParentRunner.runChildren(ParentRunner.java:329)
12-02 19:09:53.596 29571 29615 W DefaultFailureHandler: 	at org.junit.runners.ParentRunner.access$100(ParentRunner.java:66)
12-02 19:09:53.596 29571 29615 W DefaultFailureHandler: 	at org.junit.runners.ParentRunner$2.evaluate(ParentRunner.java:293)
12-02 19:09:53.596 29571 29615 W DefaultFailureHandler: 	at org.junit.runners.ParentRunner$3.evaluate(ParentRunner.java:306)
12-02 19:09:53.596 29571 29615 W DefaultFailureHandler: 	at org.junit.runners.ParentRunner.run(ParentRunner.java:413)
12-02 19:09:53.596 29571 29615 W DefaultFailureHandler: 	at androidx.test.ext.junit.runners.AndroidJUnit4.run(AndroidJUnit4.java:162)
12-02 19:09:53.596 29571 29615 W DefaultFailureHandler: 	at io.qameta.allure.android.runners.AllureAndroidJUnit4.run(AllureAndroidJUnitRunners.kt:29)
12-02 19:09:53.596 29571 29615 W DefaultFailureHandler: 	at org.junit.runners.Suite.runChild(Suite.java:128)
12-02 19:09:53.596 29571 29615 W DefaultFailureHandler: 	at org.junit.runners.Suite.runChild(Suite.java:27)
12-02 19:09:53.596 29571 29615 W DefaultFailureHandler: 	at org.junit.runners.ParentRunner$4.run(ParentRunner.java:331)
12-02 19:09:53.596 29571 29615 W DefaultFailureHandler: 	at org.junit.runners.ParentRunner$1.schedule(ParentRunner.java:79)
12-02 19:09:53.596 29571 29615 W DefaultFailureHandler: 	at org.junit.runners.ParentRunner.runChildren(ParentRunner.java:329)
12-02 19:09:53.596 29571 29615 W DefaultFailureHandler: 	at org.junit.runners.ParentRunner.access$100(ParentRunner.java:66)
12-02 19:09:53.596 29571 29615 W DefaultFailureHandler: 	at org.junit.runners.ParentRunner$2.evaluate(ParentRunner.java:293)
12-02 19:09:53.596 29571 29615 W DefaultFailureHandler: 	at org.junit.runners.ParentRunner$3.evaluate(ParentRunner.java:306)
12-02 19:09:53.596 29571 29615 W DefaultFailureHandler: 	at org.junit.runners.ParentRunner.run(ParentRunner.java:413)
12-02 19:09:53.596 29571 29615 W DefaultFailureHandler: 	at org.junit.runner.JUnitCore.run(JUnitCore.java:137)
12-02 19:09:53.596 29571 29615 W DefaultFailureHandler: 	at org.junit.runner.JUnitCore.run(JUnitCore.java:115)
12-02 19:09:53.596 29571 29615 W DefaultFailureHandler: 	at androidx.test.internal.runner.TestExecutor.execute(TestExecutor.java:67)
12-02 19:09:53.596 29571 29615 W DefaultFailureHandler: 	at androidx.test.internal.runner.TestExecutor.execute(TestExecutor.java:58)
12-02 19:09:53.597 29571 29615 W DefaultFailureHandler: 	at androidx.test.runner.AndroidJUnitRunner.onStart(AndroidJUnitRunner.java:438)
12-02 19:09:53.597 29571 29615 W DefaultFailureHandler: 	at android.app.Instrumentation$InstrumentationThread.run(Instrumentation.java:2189)
12-02 19:09:53.597 29571 29615 W DefaultFailureHandler: Caused by: android.system.ErrnoException: open failed: EROFS (Read-only file system)
12-02 19:09:53.597 29571 29615 W DefaultFailureHandler: 	at libcore.io.Linux.open(Native Method)
12-02 19:09:53.597 29571 29615 W DefaultFailureHandler: 	at libcore.io.ForwardingOs.open(ForwardingOs.java:167)
12-02 19:09:53.597 29571 29615 W DefaultFailureHandler: 	at libcore.io.BlockGuardOs.open(BlockGuardOs.java:252)
12-02 19:09:53.597 29571 29615 W DefaultFailureHandler: 	at libcore.io.ForwardingOs.open(ForwardingOs.java:167)
12-02 19:09:53.597 29571 29615 W DefaultFailureHandler: 	at android.app.ActivityThread$AndroidOs.open(ActivityThread.java:7255)
12-02 19:09:53.597 29571 29615 W DefaultFailureHandler: 	at libcore.io.IoBridge.open(IoBridge.java:482)
12-02 19:09:53.597 29571 29615 W DefaultFailureHandler: 	... 52 more
12-02 19:09:53.788 29571 29584 I teco.fmhandroi: NativeAlloc concurrent copying GC freed 85098(4060KB) AllocSpace objects, 4(64KB) LOS objects, 33% free, 11MB/17MB, paused 913us total 195.012ms
12-02 19:09:53.825  2010  2341 W InputReader: Device has associated, but no associated display id.
12-02 19:09:53.829  2010  2341 I chatty  : uid=1000(system) Binder:2010_5 identical 8 lines
12-02 19:09:53.829  2010  2341 W InputReader: Device has associated, but no associated display id.
12-02 19:09:53.854 29571 29571 D LifecycleMonitor: Lifecycle status change: ru.iteco.fmhandroid.ui.AppActivity@87e2117 in: PAUSED
12-02 19:09:53.864  2010  2341 W InputReader: Device has associated, but no associated display id.
12-02 19:09:53.865  2010  2341 I chatty  : uid=1000(system) Binder:2010_5 identical 8 lines
12-02 19:09:53.865  2010  2341 W InputReader: Device has associated, but no associated display id.
12-02 19:09:53.868 29571 29613 V FA      : Recording user engagement, ms: 21299
12-02 19:09:53.907  1772  6832 D gralloc_ranchu: gralloc_alloc: Creating ashmem region of size 14749696
12-02 19:09:53.917  1772  6832 I chatty  : uid=1000(system) HwBinder:1772_3 identical 1 line
12-02 19:09:53.919  1772  6832 D gralloc_ranchu: gralloc_alloc: Creating ashmem region of size 14749696
12-02 19:09:53.960  3139  3664 D EGL_emulation: eglMakeCurrent: 0xdb91c460: ver 2 0 (tinfo 0xbe64a3f0)
12-02 19:09:54.017  1772  6832 D gralloc_ranchu: gralloc_alloc: Creating ashmem region of size 14749696
12-02 19:09:54.045  1772  6832 D gralloc_ranchu: gralloc_alloc: Creating ashmem region of size 14749696
12-02 19:09:54.057  2448  3326 D EGL_emulation: eglMakeCurrent: 0xe3a07ba0: ver 2 0 (tinfo 0xe3a93b30)
12-02 19:09:54.065  1772  1772 D gralloc_ranchu: gralloc_alloc: Creating ashmem region of size 14749696
12-02 19:09:54.106  3139  3139 W ThreadPoolDumper: Queue length for executor EventBus is now 11. Perhaps some tasks are too long, or the pool is too small.
12-02 19:09:54.124  2010  2037 W InputReader: Device has associated, but no associated display id.
12-02 19:09:54.125  2010  2037 I chatty  : uid=1000(system) android.anim identical 8 lines
12-02 19:09:54.125  2010  2037 W InputReader: Device has associated, but no associated display id.
12-02 19:09:54.138  1772  1772 D gralloc_ranchu: gralloc_alloc: Creating ashmem region of size 9441280
12-02 19:09:54.193  2010  6726 D HostConnection: HostConnection::get() New Host Connection established 0xb4601c80, tid 6726
--------- beginning of system
12-02 19:09:54.196  2010  2010 W ActivityManager: Unable to start service Intent { act=android.service.appprediction.AppPredictionService cmp=com.google.android.as/com.google.android.apps.miphone.aiai.app.AiAiPredictionService } U=0: not found
12-02 19:09:54.197  2010  6726 D HostConnection: HostComposition ext ANDROID_EMU_CHECKSUM_HELPER_v1 ANDROID_EMU_dma_v1 ANDROID_EMU_direct_mem ANDROID_EMU_host_composition_v1 ANDROID_EMU_host_composition_v2 ANDROID_EMU_vulkan ANDROID_EMU_deferred_vulkan_commands ANDROID_EMU_vulkan_null_optional_strings ANDROID_EMU_vulkan_create_resources_with_requirements ANDROID_EMU_YUV_Cache ANDROID_EMU_vulkan_ignored_handles ANDROID_EMU_vulkan_free_memory_sync ANDROID_EMU_vulkan_shader_float16_int8 ANDROID_EMU_vulkan_async_queue_submit ANDROID_EMU_sync_buffer_data GL_OES_vertex_array_object GL_KHR_texture_compression_astc_ldr ANDROID_EMU_host_side_tracing ANDROID_EMU_gles_max_version_2 
12-02 19:09:54.198  2010  6726 W OpenGLRenderer: Failed to choose config with EGL_SWAP_BEHAVIOR_PRESERVED, retrying without...
12-02 19:09:54.237  2010  2010 W RemoteAppPredictionService: could not bind to Intent { act=android.service.appprediction.AppPredictionService cmp=com.google.android.as/com.google.android.apps.miphone.aiai.app.AiAiPredictionService } using flags 67108865
12-02 19:09:54.259  2010  6726 D EGL_emulation: eglCreateContext: 0xd856c500: maj 2 min 0 rcv 2
12-02 19:09:54.259 29571 29613 V FA      : Connecting to remote service
12-02 19:09:54.273  2010  6726 D EGL_emulation: eglMakeCurrent: 0xd856c500: ver 2 0 (tinfo 0xbf01f330)
12-02 19:09:54.273  1788  1788 E Layer   : [Surface(name=AppWindowToken{e44e437 token=Token{8e32d36 ActivityRecord{89f0ed1 u0 com.google.android.apps.nexuslauncher/.NexusLauncherActivity t2562}}})/@0xb44cf46 - animation-leash#0] No local sync point found
12-02 19:09:54.274  1788  1788 E Layer   : [Surface(name=AppWindowToken{adc11d8 token=Token{ec3f8bb ActivityRecord{e3f714a u0 ru.iteco.fmhandroid/.ui.AppActivity t3192}}})/@0xc2952d9 - animation-leash#0] No local sync point found
12-02 19:09:54.276  3139  3568 W SessionLifecycleManager: Handover failed. Creating new session controller.
12-02 19:09:54.283 29571 29628 D EGL_emulation: eglMakeCurrent: 0xdb91b440: ver 2 0 (tinfo 0xc077f470)
12-02 19:09:54.321  1772  1772 D gralloc_ranchu: gralloc_alloc: Creating ashmem region of size 14749696
12-02 19:09:54.352 29571 29571 D AutofillManager: onActivityFinishing(): calling cancelLocked()
12-02 19:09:54.354 29571 29571 D LifecycleMonitor: Lifecycle status change: ru.iteco.fmhandroid.ui.AppActivity@87e2117 in: STOPPED
12-02 19:09:54.372 29571 29571 W System.err: ru.iteco.fmhandroid.exceptions.UnknownException
12-02 19:09:54.372 29571 29571 W System.err: 	at ru.iteco.fmhandroid.utils.Utils.makeRequest(Utils.kt:123)
12-02 19:09:54.372 29571 29571 W System.err: 	at ru.iteco.fmhandroid.utils.Utils$makeRequest$1.invokeSuspend(Unknown Source:15)
12-02 19:09:54.372 29571 29571 W System.err: 	at kotlin.coroutines.jvm.internal.BaseContinuationImpl.resumeWith(ContinuationImpl.kt:33)
12-02 19:09:54.372 29571 29571 W System.err: 	at kotlinx.coroutines.DispatchedTaskKt.resume(DispatchedTask.kt:234)
12-02 19:09:54.372 29571 29571 W System.err: 	at kotlinx.coroutines.DispatchedTaskKt.resumeUnconfined(DispatchedTask.kt:190)
12-02 19:09:54.372 29571 29571 W System.err: 	at kotlinx.coroutines.DispatchedTaskKt.dispatch(DispatchedTask.kt:161)
12-02 19:09:54.373 29571 29571 W System.err: 	at kotlinx.coroutines.CancellableContinuationImpl.dispatchResume(CancellableContinuationImpl.kt:397)
12-02 19:09:54.373 29571 29571 W System.err: 	at kotlinx.coroutines.CancellableContinuationImpl.cancel(CancellableContinuationImpl.kt:183)
12-02 19:09:54.373 29571 29571 W System.err: 	at kotlinx.coroutines.CancellableContinuationImpl.parentCancelled$kotlinx_coroutines_core(CancellableContinuationImpl.kt:190)
12-02 19:09:54.373 29571 29571 W System.err: 	at kotlinx.coroutines.ChildContinuation.invoke(JobSupport.kt:1474)
12-02 19:09:54.373 29571 29571 W System.err: 	at kotlinx.coroutines.JobSupport.notifyCancelling(JobSupport.kt:1499)
12-02 19:09:54.373 29571 29571 W System.err: 	at kotlinx.coroutines.JobSupport.tryMakeCancelling(JobSupport.kt:795)
12-02 19:09:54.373 29571 29571 W System.err: 	at kotlinx.coroutines.JobSupport.makeCancelling(JobSupport.kt:755)
12-02 19:09:54.395 29571 29571 W System.err: 	at kotlinx.coroutines.JobSupport.cancelImpl$kotlinx_coroutines_core(JobSupport.kt:671)
12-02 19:09:54.396 29571 29571 W System.err: 	at kotlinx.coroutines.JobSupport.parentCancelled(JobSupport.kt:637)
12-02 19:09:54.396 29571 29571 W System.err: 	at kotlinx.coroutines.ChildHandleNode.invoke(JobSupport.kt:1465)
12-02 19:09:54.396 29571 29571 W System.err: 	at kotlinx.coroutines.JobSupport.notifyCancelling(JobSupport.kt:1499)
12-02 19:09:54.396 29571 29571 W System.err: 	at kotlinx.coroutines.JobSupport.tryMakeCompletingSlowPath(JobSupport.kt:900)
12-02 19:09:54.396 29571 29571 W System.err: 	at kotlinx.coroutines.JobSupport.tryMakeCompleting(JobSupport.kt:863)
12-02 19:09:54.396 29571 29571 W System.err: 	at kotlinx.coroutines.JobSupport.cancelMakeCompleting(JobSupport.kt:696)
12-02 19:09:54.396 29571 29571 W System.err: 	at kotlinx.coroutines.JobSupport.cancelImpl$kotlinx_coroutines_core(JobSupport.kt:667)
12-02 19:09:54.396 29571 29571 W System.err: 	at kotlinx.coroutines.JobSupport.cancelInternal(JobSupport.kt:632)
12-02 19:09:54.396 29571 29571 W System.err: 	at kotlinx.coroutines.JobSupport.cancel(JobSupport.kt:617)
12-02 19:09:54.396 29571 29571 W System.err: 	at kotlinx.coroutines.JobKt__JobKt.cancel(Job.kt:561)
12-02 19:09:54.396 29571 29571 W System.err: 	at kotlinx.coroutines.JobKt.cancel(Unknown Source:1)
12-02 19:09:54.396 29571 29571 W System.err: 	at kotlinx.coroutines.JobKt__JobKt.cancel$default(Job.kt:560)
12-02 19:09:54.396 29571 29571 W System.err: 	at kotlinx.coroutines.JobKt.cancel$default(Unknown Source:1)
12-02 19:09:54.396 29571 29571 W System.err: 	at androidx.lifecycle.CloseableCoroutineScope.close(ViewModel.kt:51)
12-02 19:09:54.396 29571 29571 W System.err: 	at androidx.lifecycle.ViewModel.closeWithRuntimeException(ViewModel.java:188)
12-02 19:09:54.396 29571 29571 W System.err: 	at androidx.lifecycle.ViewModel.clear(ViewModel.java:134)
12-02 19:09:54.396 29571 29571 W System.err: 	at androidx.lifecycle.ViewModelStore.clear(ViewModelStore.java:62)
12-02 19:09:54.396 29571 29571 W System.err: 	at androidx.fragment.app.FragmentManagerViewModel.clearNonConfigStateInternal(FragmentManagerViewModel.java:210)
12-02 19:09:54.396 29571 29571 W System.err: 	at androidx.fragment.app.FragmentManagerViewModel.clearNonConfigState(FragmentManagerViewModel.java:190)
12-02 19:09:54.396 29571 29571 W System.err: 	at androidx.fragment.app.FragmentStateManager.destroy(FragmentStateManager.java:778)
12-02 19:09:54.396 29571 29571 W System.err: 	at androidx.fragment.app.FragmentStateManager.moveToExpectedState(FragmentStateManager.java:335)
12-02 19:09:54.396 29571 29571 W System.err: 	at androidx.fragment.app.FragmentStore.moveToExpectedState(FragmentStore.java:121)
12-02 19:09:54.396 29571 29571 W System.err: 	at androidx.fragment.app.FragmentManager.moveToState(FragmentManager.java:1374)
12-02 19:09:54.396 29571 29571 W System.err: 	at androidx.fragment.app.FragmentManager.dispatchStateChange(FragmentManager.java:2841)
12-02 19:09:54.396 29571 29571 W System.err: 	at androidx.fragment.app.FragmentManager.dispatchDestroy(FragmentManager.java:2820)
12-02 19:09:54.396 29571 29571 W System.err: 	at androidx.fragment.app.Fragment.performDestroy(Fragment.java:3246)
12-02 19:09:54.396 29571 29571 W System.err: 	at androidx.fragment.app.FragmentStateManager.destroy(FragmentStateManager.java:780)
12-02 19:09:54.396 29571 29571 W System.err: 	at androidx.fragment.app.FragmentStateManager.moveToExpectedState(FragmentStateManager.java:335)
12-02 19:09:54.396 29571 29571 W System.err: 	at androidx.fragment.app.SpecialEffectsController$FragmentStateManagerOperation.complete(SpecialEffectsController.java:771)
12-02 19:09:54.397 29571 29571 W System.err: 	at androidx.fragment.app.SpecialEffectsController$Operation.cancel(SpecialEffectsController.java:615)
12-02 19:09:54.397 29571 29571 W System.err: 	at androidx.fragment.app.SpecialEffectsController.forceCompleteAllOperations(SpecialEffectsController.java:350)
12-02 19:09:54.397 29571 29571 W System.err: 	at androidx.fragment.app.FragmentManager.dispatchStateChange(FragmentManager.java:2844)
12-02 19:09:54.397 29571 29571 W System.err: 	at androidx.fragment.app.FragmentManager.dispatchDestroy(FragmentManager.java:2820)
12-02 19:09:54.397 29571 29571 W System.err: 	at androidx.fragment.app.FragmentController.dispatchDestroy(FragmentController.java:345)
12-02 19:09:54.397 29571 29571 W System.err: 	at androidx.fragment.app.FragmentActivity.onDestroy(FragmentActivity.java:306)
12-02 19:09:54.397 29571 29571 W System.err: 	at androidx.appcompat.app.AppCompatActivity.onDestroy(AppCompatActivity.java:278)
12-02 19:09:54.397 29571 29571 W System.err: 	at android.app.Activity.performDestroy(Activity.java:8048)
12-02 19:09:54.397 29571 29571 W System.err: 	at android.app.Instrumentation.callActivityOnDestroy(Instrumentation.java:1334)
12-02 19:09:54.397 29571 29571 W System.err: 	at androidx.test.runner.MonitoringInstrumentation.callActivityOnDestroy(MonitoringInstrumentation.java:766)
12-02 19:09:54.397 29571 29571 W System.err: 	at android.app.ActivityThread.performDestroyActivity(ActivityThread.java:4926)
12-02 19:09:54.397 29571 29571 W System.err: 	at android.app.ActivityThread.handleDestroyActivity(ActivityThread.java:4970)
12-02 19:09:54.397 29571 29571 W System.err: 	at android.app.servertransaction.DestroyActivityItem.execute(DestroyActivityItem.java:44)
12-02 19:09:54.397 29571 29571 W System.err: 	at android.app.servertransaction.TransactionExecutor.executeLifecycleState(TransactionExecutor.java:176)
12-02 19:09:54.397 29571 29571 W System.err: 	at android.app.servertransaction.TransactionExecutor.execute(TransactionExecutor.java:97)
12-02 19:09:54.397 29571 29571 W System.err: 	at android.app.ActivityThread$H.handleMessage(ActivityThread.java:2016)
12-02 19:09:54.397 29571 29571 W System.err: 	at android.os.Handler.dispatchMessage(Handler.java:107)
12-02 19:09:54.397 29571 29571 W System.err: 	at android.os.Looper.loop(Looper.java:214)
12-02 19:09:54.397 29571 29571 W System.err: 	at android.app.ActivityThread.main(ActivityThread.java:7356)
12-02 19:09:54.398 29571 29571 W System.err: 	at java.lang.reflect.Method.invoke(Native Method)
12-02 19:09:54.398 29571 29571 W System.err: 	at com.android.internal.os.RuntimeInit$MethodAndArgsCaller.run(RuntimeInit.java:492)
12-02 19:09:54.398 29571 29571 W System.err: 	at com.android.internal.os.ZygoteInit.main(ZygoteInit.java:930)
12-02 19:09:54.407  2448  2468 W System  : A resource failed to call release. 
12-02 19:09:54.407  2448  2468 W System  : A resource failed to call release. 
12-02 19:09:54.439 29571 29571 W System.err: ru.iteco.fmhandroid.exceptions.UnknownException
12-02 19:09:54.441 29571 29571 W System.err: 	at ru.iteco.fmhandroid.utils.Utils.makeRequest(Utils.kt:123)
12-02 19:09:54.441 29571 29571 W System.err: 	at ru.iteco.fmhandroid.utils.Utils$makeRequest$1.invokeSuspend(Unknown Source:15)
12-02 19:09:54.441 29571 29571 W System.err: 	at kotlin.coroutines.jvm.internal.BaseContinuationImpl.resumeWith(ContinuationImpl.kt:33)
12-02 19:09:54.441 29571 29571 W System.err: 	at kotlinx.coroutines.DispatchedTaskKt.resume(DispatchedTask.kt:234)
12-02 19:09:54.441 29571 29571 W System.err: 	at kotlinx.coroutines.DispatchedTaskKt.resumeUnconfined(DispatchedTask.kt:190)
12-02 19:09:54.442 29571 29571 W System.err: 	at kotlinx.coroutines.DispatchedTaskKt.dispatch(DispatchedTask.kt:161)
12-02 19:09:54.442 29571 29571 W System.err: 	at kotlinx.coroutines.CancellableContinuationImpl.dispatchResume(CancellableContinuationImpl.kt:397)
12-02 19:09:54.442 29571 29571 W System.err: 	at kotlinx.coroutines.CancellableContinuationImpl.cancel(CancellableContinuationImpl.kt:183)
12-02 19:09:54.442 29571 29571 W System.err: 	at kotlinx.coroutines.CancellableContinuationImpl.parentCancelled$kotlinx_coroutines_core(CancellableContinuationImpl.kt:190)
12-02 19:09:54.442 29571 29571 W System.err: 	at kotlinx.coroutines.ChildContinuation.invoke(JobSupport.kt:1474)
12-02 19:09:54.442 29571 29571 W System.err: 	at kotlinx.coroutines.JobSupport.notifyCancelling(JobSupport.kt:1499)
12-02 19:09:54.442 29571 29571 W System.err: 	at kotlinx.coroutines.JobSupport.tryMakeCancelling(JobSupport.kt:795)
12-02 19:09:54.442 29571 29571 W System.err: 	at kotlinx.coroutines.JobSupport.makeCancelling(JobSupport.kt:755)
12-02 19:09:54.442 29571 29571 W System.err: 	at kotlinx.coroutines.JobSupport.cancelImpl$kotlinx_coroutines_core(JobSupport.kt:671)
12-02 19:09:54.442 29571 29571 W System.err: 	at kotlinx.coroutines.JobSupport.parentCancelled(JobSupport.kt:637)
12-02 19:09:54.442 29571 29571 W System.err: 	at kotlinx.coroutines.ChildHandleNode.invoke(JobSupport.kt:1465)
12-02 19:09:54.442 29571 29571 W System.err: 	at kotlinx.coroutines.JobSupport.notifyCancelling(JobSupport.kt:1499)
12-02 19:09:54.442 29571 29571 W System.err: 	at kotlinx.coroutines.JobSupport.tryMakeCompletingSlowPath(JobSupport.kt:900)
12-02 19:09:54.442 29571 29571 W System.err: 	at kotlinx.coroutines.JobSupport.tryMakeCompleting(JobSupport.kt:863)
12-02 19:09:54.442 29571 29571 W System.err: 	at kotlinx.coroutines.JobSupport.cancelMakeCompleting(JobSupport.kt:696)
12-02 19:09:54.442 29571 29571 W System.err: 	at kotlinx.coroutines.JobSupport.cancelImpl$kotlinx_coroutines_core(JobSupport.kt:667)
12-02 19:09:54.443 29571 29571 W System.err: 	at kotlinx.coroutines.JobSupport.cancelInternal(JobSupport.kt:632)
12-02 19:09:54.443 29571 29571 W System.err: 	at kotlinx.coroutines.JobSupport.cancel(JobSupport.kt:617)
12-02 19:09:54.443 29571 29571 W System.err: 	at kotlinx.coroutines.JobKt__JobKt.cancel(Job.kt:561)
12-02 19:09:54.443 29571 29571 W System.err: 	at kotlinx.coroutines.JobKt.cancel(Unknown Source:1)
12-02 19:09:54.443 29571 29571 W System.err: 	at kotlinx.coroutines.JobKt__JobKt.cancel$default(Job.kt:560)
12-02 19:09:54.443 29571 29571 W System.err: 	at kotlinx.coroutines.JobKt.cancel$default(Unknown Source:1)
12-02 19:09:54.443 29571 29571 W System.err: 	at androidx.lifecycle.CloseableCoroutineScope.close(ViewModel.kt:51)
12-02 19:09:54.443 29571 29571 W System.err: 	at androidx.lifecycle.ViewModel.closeWithRuntimeException(ViewModel.java:188)
12-02 19:09:54.443 29571 29571 W System.err: 	at androidx.lifecycle.ViewModel.clear(ViewModel.java:134)
12-02 19:09:54.443 29571 29571 W System.err: 	at androidx.lifecycle.ViewModelStore.clear(ViewModelStore.java:62)
12-02 19:09:54.443 29571 29571 W System.err: 	at androidx.fragment.app.FragmentManagerViewModel.clearNonConfigStateInternal(FragmentManagerViewModel.java:210)
12-02 19:09:54.443 29571 29571 W System.err: 	at androidx.fragment.app.FragmentManagerViewModel.clearNonConfigState(FragmentManagerViewModel.java:190)
12-02 19:09:54.443 29571 29571 W System.err: 	at androidx.fragment.app.FragmentStateManager.destroy(FragmentStateManager.java:778)
12-02 19:09:54.443 29571 29571 W System.err: 	at androidx.fragment.app.FragmentStateManager.moveToExpectedState(FragmentStateManager.java:335)
12-02 19:09:54.443 29571 29571 W System.err: 	at androidx.fragment.app.FragmentStore.moveToExpectedState(FragmentStore.java:121)
12-02 19:09:54.443 29571 29571 W System.err: 	at androidx.fragment.app.FragmentManager.moveToState(FragmentManager.java:1374)
12-02 19:09:54.443 29571 29571 W System.err: 	at androidx.fragment.app.FragmentManager.dispatchStateChange(FragmentManager.java:2841)
12-02 19:09:54.444 29571 29571 W System.err: 	at androidx.fragment.app.FragmentManager.dispatchDestroy(FragmentManager.java:2820)
12-02 19:09:54.444 29571 29571 W System.err: 	at androidx.fragment.app.Fragment.performDestroy(Fragment.java:3246)
12-02 19:09:54.444 29571 29571 W System.err: 	at androidx.fragment.app.FragmentStateManager.destroy(FragmentStateManager.java:780)
12-02 19:09:54.444 29571 29571 W System.err: 	at androidx.fragment.app.FragmentStateManager.moveToExpectedState(FragmentStateManager.java:335)
12-02 19:09:54.444 29571 29571 W System.err: 	at androidx.fragment.app.SpecialEffectsController$FragmentStateManagerOperation.complete(SpecialEffectsController.java:771)
12-02 19:09:54.444 29571 29571 W System.err: 	at androidx.fragment.app.SpecialEffectsController$Operation.cancel(SpecialEffectsController.java:615)
12-02 19:09:54.444 29571 29571 W System.err: 	at androidx.fragment.app.SpecialEffectsController.forceCompleteAllOperations(SpecialEffectsController.java:350)
12-02 19:09:54.444 29571 29571 W System.err: 	at androidx.fragment.app.FragmentManager.dispatchStateChange(FragmentManager.java:2844)
12-02 19:09:54.444 29571 29571 W System.err: 	at androidx.fragment.app.FragmentManager.dispatchDestroy(FragmentManager.java:2820)
12-02 19:09:54.444 29571 29571 W System.err: 	at androidx.fragment.app.FragmentController.dispatchDestroy(FragmentController.java:345)
12-02 19:09:54.444 29571 29571 W System.err: 	at androidx.fragment.app.FragmentActivity.onDestroy(FragmentActivity.java:306)
12-02 19:09:54.444 29571 29571 W System.err: 	at androidx.appcompat.app.AppCompatActivity.onDestroy(AppCompatActivity.java:278)
12-02 19:09:54.444 29571 29571 W System.err: 	at android.app.Activity.performDestroy(Activity.java:8048)
12-02 19:09:54.463 29571 29613 V FA      : Connection attempt already in progress
12-02 19:09:54.463 29571 29613 V FA      : Activity paused, time: 89830259
12-02 19:09:54.480  2169  2187 I ndroid.systemu: NativeAlloc concurrent copying GC freed 4254(309KB) AllocSpace objects, 0(0B) LOS objects, 49% free, 5999KB/11MB, paused 587us total 210.933ms
12-02 19:09:54.515 29571 29571 W System.err: 	at android.app.Instrumentation.callActivityOnDestroy(Instrumentation.java:1334)
12-02 19:09:54.515 29571 29571 W System.err: 	at androidx.test.runner.MonitoringInstrumentation.callActivityOnDestroy(MonitoringInstrumentation.java:766)
12-02 19:09:54.515 29571 29571 W System.err: 	at android.app.ActivityThread.performDestroyActivity(ActivityThread.java:4926)
12-02 19:09:54.515 29571 29571 W System.err: 	at android.app.ActivityThread.handleDestroyActivity(ActivityThread.java:4970)
12-02 19:09:54.515 29571 29571 W System.err: 	at android.app.servertransaction.DestroyActivityItem.execute(DestroyActivityItem.java:44)
12-02 19:09:54.515 29571 29571 W System.err: 	at android.app.servertransaction.TransactionExecutor.executeLifecycleState(TransactionExecutor.java:176)
12-02 19:09:54.516 29571 29571 W System.err: 	at android.app.servertransaction.TransactionExecutor.execute(TransactionExecutor.java:97)
12-02 19:09:54.516 29571 29571 W System.err: 	at android.app.ActivityThread$H.handleMessage(ActivityThread.java:2016)
12-02 19:09:54.516 29571 29571 W System.err: 	at android.os.Handler.dispatchMessage(Handler.java:107)
12-02 19:09:54.516 29571 29571 W System.err: 	at android.os.Looper.loop(Looper.java:214)
12-02 19:09:54.516 29571 29571 W System.err: 	at android.app.ActivityThread.main(ActivityThread.java:7356)
12-02 19:09:54.516 29571 29571 W System.err: 	at java.lang.reflect.Method.invoke(Native Method)
12-02 19:09:54.516 29571 29571 W System.err: 	at com.android.internal.os.RuntimeInit$MethodAndArgsCaller.run(RuntimeInit.java:492)
12-02 19:09:54.516 29571 29571 W System.err: 	at com.android.internal.os.ZygoteInit.main(ZygoteInit.java:930)
12-02 19:09:54.571 29571 29571 W System.err: ru.iteco.fmhandroid.exceptions.UnknownException
12-02 19:09:54.571 29571 29571 W System.err: 	at ru.iteco.fmhandroid.utils.Utils.makeRequest(Utils.kt:123)
12-02 19:09:54.573 29571 29571 W System.err: 	at ru.iteco.fmhandroid.utils.Utils$makeRequest$1.invokeSuspend(Unknown Source:15)
12-02 19:09:54.573 29571 29571 W System.err: 	at kotlin.coroutines.jvm.internal.BaseContinuationImpl.resumeWith(ContinuationImpl.kt:33)
12-02 19:09:54.573 29571 29571 W System.err: 	at kotlinx.coroutines.DispatchedTaskKt.resume(DispatchedTask.kt:234)
12-02 19:09:54.573 29571 29571 W System.err: 	at kotlinx.coroutines.DispatchedTaskKt.resumeUnconfined(DispatchedTask.kt:190)
12-02 19:09:54.573 29571 29571 W System.err: 	at kotlinx.coroutines.DispatchedTaskKt.dispatch(DispatchedTask.kt:161)
12-02 19:09:54.573 29571 29571 W System.err: 	at kotlinx.coroutines.CancellableContinuationImpl.dispatchResume(CancellableContinuationImpl.kt:397)
12-02 19:09:54.573 29571 29571 W System.err: 	at kotlinx.coroutines.CancellableContinuationImpl.cancel(CancellableContinuationImpl.kt:183)
12-02 19:09:54.573 29571 29571 W System.err: 	at kotlinx.coroutines.CancellableContinuationImpl.parentCancelled$kotlinx_coroutines_core(CancellableContinuationImpl.kt:190)
12-02 19:09:54.573 29571 29571 W System.err: 	at kotlinx.coroutines.ChildContinuation.invoke(JobSupport.kt:1474)
12-02 19:09:54.574 29571 29571 W System.err: 	at kotlinx.coroutines.JobSupport.notifyCancelling(JobSupport.kt:1499)
12-02 19:09:54.574 29571 29571 W System.err: 	at kotlinx.coroutines.JobSupport.tryMakeCancelling(JobSupport.kt:795)
12-02 19:09:54.574 29571 29571 W System.err: 	at kotlinx.coroutines.JobSupport.makeCancelling(JobSupport.kt:755)
12-02 19:09:54.574 29571 29571 W System.err: 	at kotlinx.coroutines.JobSupport.cancelImpl$kotlinx_coroutines_core(JobSupport.kt:671)
12-02 19:09:54.574 29571 29571 W System.err: 	at kotlinx.coroutines.JobSupport.parentCancelled(JobSupport.kt:637)
12-02 19:09:54.574 29571 29571 W System.err: 	at kotlinx.coroutines.ChildHandleNode.invoke(JobSupport.kt:1465)
12-02 19:09:54.574 29571 29571 W System.err: 	at kotlinx.coroutines.JobSupport.notifyCancelling(JobSupport.kt:1499)
12-02 19:09:54.575 29571 29571 W System.err: 	at kotlinx.coroutines.JobSupport.tryMakeCompletingSlowPath(JobSupport.kt:900)
12-02 19:09:54.575 29571 29571 W System.err: 	at kotlinx.coroutines.JobSupport.tryMakeCompleting(JobSupport.kt:863)
12-02 19:09:54.575 29571 29571 W System.err: 	at kotlinx.coroutines.JobSupport.cancelMakeCompleting(JobSupport.kt:696)
12-02 19:09:54.575 29571 29571 W System.err: 	at kotlinx.coroutines.JobSupport.cancelImpl$kotlinx_coroutines_core(JobSupport.kt:667)
12-02 19:09:54.575 29571 29571 W System.err: 	at kotlinx.coroutines.JobSupport.cancelInternal(JobSupport.kt:632)
12-02 19:09:54.575 29571 29571 W System.err: 	at kotlinx.coroutines.JobSupport.cancel(JobSupport.kt:617)
12-02 19:09:54.575 29571 29571 W System.err: 	at kotlinx.coroutines.JobKt__JobKt.cancel(Job.kt:561)
12-02 19:09:54.575 29571 29571 W System.err: 	at kotlinx.coroutines.JobKt.cancel(Unknown Source:1)
12-02 19:09:54.575 29571 29571 W System.err: 	at kotlinx.coroutines.JobKt__JobKt.cancel$default(Job.kt:560)
12-02 19:09:54.575 29571 29571 W System.err: 	at kotlinx.coroutines.JobKt.cancel$default(Unknown Source:1)
12-02 19:09:54.575 29571 29571 W System.err: 	at androidx.lifecycle.CloseableCoroutineScope.close(ViewModel.kt:51)
12-02 19:09:54.575 29571 29571 W System.err: 	at androidx.lifecycle.ViewModel.closeWithRuntimeException(ViewModel.java:188)
12-02 19:09:54.576 29571 29571 W System.err: 	at androidx.lifecycle.ViewModel.clear(ViewModel.java:134)
12-02 19:09:54.576 29571 29571 W System.err: 	at androidx.lifecycle.ViewModelStore.clear(ViewModelStore.java:62)
12-02 19:09:54.576 29571 29571 W System.err: 	at androidx.fragment.app.FragmentManagerViewModel.clearNonConfigStateInternal(FragmentManagerViewModel.java:210)
12-02 19:09:54.576 29571 29571 W System.err: 	at androidx.fragment.app.FragmentManagerViewModel.clearNonConfigState(FragmentManagerViewModel.java:190)
12-02 19:09:54.576 29571 29571 W System.err: 	at androidx.fragment.app.FragmentStateManager.destroy(FragmentStateManager.java:778)
12-02 19:09:54.576 29571 29571 W System.err: 	at androidx.fragment.app.FragmentStateManager.moveToExpectedState(FragmentStateManager.java:335)
12-02 19:09:54.576 29571 29571 W System.err: 	at androidx.fragment.app.FragmentStore.moveToExpectedState(FragmentStore.java:121)
12-02 19:09:54.576 29571 29571 W System.err: 	at androidx.fragment.app.FragmentManager.moveToState(FragmentManager.java:1374)
12-02 19:09:54.576 29571 29571 W System.err: 	at androidx.fragment.app.FragmentManager.dispatchStateChange(FragmentManager.java:2841)
12-02 19:09:54.576 29571 29571 W System.err: 	at androidx.fragment.app.FragmentManager.dispatchDestroy(FragmentManager.java:2820)
12-02 19:09:54.576 29571 29571 W System.err: 	at androidx.fragment.app.Fragment.performDestroy(Fragment.java:3246)
12-02 19:09:54.576 29571 29571 W System.err: 	at androidx.fragment.app.FragmentStateManager.destroy(FragmentStateManager.java:780)
12-02 19:09:54.576 29571 29571 W System.err: 	at androidx.fragment.app.FragmentStateManager.moveToExpectedState(FragmentStateManager.java:335)
12-02 19:09:54.576 29571 29571 W System.err: 	at androidx.fragment.app.SpecialEffectsController$FragmentStateManagerOperation.complete(SpecialEffectsController.java:771)
12-02 19:09:54.576 29571 29571 W System.err: 	at androidx.fragment.app.SpecialEffectsController$Operation.cancel(SpecialEffectsController.java:615)
12-02 19:09:54.576 29571 29571 W System.err: 	at androidx.fragment.app.SpecialEffectsController.forceCompleteAllOperations(SpecialEffectsController.java:350)
12-02 19:09:54.576 29571 29571 W System.err: 	at androidx.fragment.app.FragmentManager.dispatchStateChange(FragmentManager.java:2844)
12-02 19:09:54.576 29571 29571 W System.err: 	at androidx.fragment.app.FragmentManager.dispatchDestroy(FragmentManager.java:2820)
12-02 19:09:54.577 29571 29571 W System.err: 	at androidx.fragment.app.FragmentController.dispatchDestroy(FragmentController.java:345)
12-02 19:09:54.577 29571 29571 W System.err: 	at androidx.fragment.app.FragmentActivity.onDestroy(FragmentActivity.java:306)
12-02 19:09:54.578 29571 29571 W System.err: 	at androidx.appcompat.app.AppCompatActivity.onDestroy(AppCompatActivity.java:278)
12-02 19:09:54.578 29571 29571 W System.err: 	at android.app.Activity.performDestroy(Activity.java:8048)
12-02 19:09:54.578 29571 29571 W System.err: 	at android.app.Instrumentation.callActivityOnDestroy(Instrumentation.java:1334)
12-02 19:09:54.578 29571 29571 W System.err: 	at androidx.test.runner.MonitoringInstrumentation.callActivityOnDestroy(MonitoringInstrumentation.java:766)
12-02 19:09:54.578 29571 29571 W System.err: 	at android.app.ActivityThread.performDestroyActivity(ActivityThread.java:4926)
12-02 19:09:54.579 29571 29571 W System.err: 	at android.app.ActivityThread.handleDestroyActivity(ActivityThread.java:4970)
12-02 19:09:54.579 29571 29571 W System.err: 	at android.app.servertransaction.DestroyActivityItem.execute(DestroyActivityItem.java:44)
12-02 19:09:54.579 29571 29571 W System.err: 	at android.app.servertransaction.TransactionExecutor.executeLifecycleState(TransactionExecutor.java:176)
12-02 19:09:54.579 29571 29571 W System.err: 	at android.app.servertransaction.TransactionExecutor.execute(TransactionExecutor.java:97)
12-02 19:09:54.579 29571 29571 W System.err: 	at android.app.ActivityThread$H.handleMessage(ActivityThread.java:2016)
12-02 19:09:54.579 29571 29571 W System.err: 	at android.os.Handler.dispatchMessage(Handler.java:107)
12-02 19:09:54.579 29571 29571 W System.err: 	at android.os.Looper.loop(Looper.java:214)
12-02 19:09:54.579 29571 29571 W System.err: 	at android.app.ActivityThread.main(ActivityThread.java:7356)
12-02 19:09:54.579 29571 29571 W System.err: 	at java.lang.reflect.Method.invoke(Native Method)
12-02 19:09:54.579 29571 29571 W System.err: 	at com.android.internal.os.RuntimeInit$MethodAndArgsCaller.run(RuntimeInit.java:492)
12-02 19:09:54.579 29571 29571 W System.err: 	at com.android.internal.os.ZygoteInit.main(ZygoteInit.java:930)
12-02 19:09:54.632 29571 29571 D LifecycleMonitor: Lifecycle status change: ru.iteco.fmhandroid.ui.AppActivity@87e2117 in: DESTROYED
12-02 19:09:54.731  1750  3111 W audio_hw_generic: Not supplying enough data to HAL, expected position 400476226 , only wrote 400471477
12-02 19:09:54.732  1750  3111 W audio_hw_generic: Not supplying enough data to HAL, expected position 400471522 , only wrote 400471477
12-02 19:09:54.768  3139 29689 W LocationOracle: No location history returned by ContextManager
12-02 19:09:54.831  3139  3568 I MicroDetectionWorker: #startMicroDetector [speakerMode: 0]
12-02 19:09:54.836  3139  3568 W ErrorReporter: reportError [type: 211, code: 393244, bug: 0]: errorCode: 393244, engine: 0
12-02 19:09:54.837  3139  3568 I MicroDetector: Keeping mic open: false
12-02 19:09:54.838  3139  3568 I MicroDetectionWorker: #onError(false)
12-02 19:09:54.847 29571 29613 D FA      : Connected to remote service
12-02 19:09:54.850 29571 29613 V FA      : Processing queued up service tasks: 2
12-02 19:09:54.903  2584  3808 W GCoreFlp: No location to return for getLastLocation()
12-02 19:09:54.915  2881 29619 V FA-SVC  : Logging event: origin=auto,name=user_engagement(_e),params=Bundle[{ga_event_origin(_o)=auto, engagement_time_msec(_et)=21299, ga_screen_class(_sc)=AppActivity, ga_screen_id(_si)=-6691874523389436950}]
12-02 19:09:54.922  2010  2025 I system_server: NativeAlloc concurrent copying GC freed 50824(2082KB) AllocSpace objects, 4(144KB) LOS objects, 22% free, 20MB/26MB, paused 843us total 581.447ms
12-02 19:09:55.018  2881 29619 V FA-SVC  : Upload scheduled in approximately ms: 527294
12-02 19:09:55.018  2881 29619 V FA-SVC  : Unscheduling upload
12-02 19:09:55.034  2881 29619 V FA-SVC  : Scheduling upload, millis: 527294
12-02 19:09:55.041  2881 29619 V FA-SVC  : Background event processing time, ms: 127
12-02 19:09:55.100  2584 29482 W ctxmgr  : [AclManager] No 3 for (accnt=account#-517948760#, com.google.android.gms(10114):UserVelocityProducer, vrsn=202414022, 0, 3pPkg = null ,  3pMdlId = null ,  pid = 2584). Was: 3 for 1, account#-517948760# [CONTEXT service_id=47 ]
12-02 19:09:55.150  2584 29765 E SQLiteDatabase: Error inserting flex_time=527000 job_id=-1 period=1055000 source=16 requires_charging=0 preferred_network_type=1 target_class=com.google.android.gms.measurement.PackageMeasurementTaskService user_id=0 target_package=com.google.android.gms tag=Measurement.PackageMeasurementTaskService.UPLOAD_TASK_TAG task_type=0 required_idleness_state=0 service_kind=0 source_version=202414000 persistence_level=1 preferred_charging_state=1 required_network_type=0 runtime=1669997395140 retry_strategy={"maximum_backoff_seconds":{"3600":0},"initial_backoff_seconds":{"30":0},"retry_policy":{"0":0}} last_runtime=0
12-02 19:09:55.150  2584 29765 E SQLiteDatabase: android.database.sqlite.SQLiteConstraintException: UNIQUE constraint failed: pending_ops.tag, pending_ops.target_class, pending_ops.target_package, pending_ops.user_id (code 2067 SQLITE_CONSTRAINT_UNIQUE)
12-02 19:09:55.150  2584 29765 E SQLiteDatabase: 	at android.database.sqlite.SQLiteConnection.nativeExecuteForLastInsertedRowId(Native Method)
12-02 19:09:55.150  2584 29765 E SQLiteDatabase: 	at android.database.sqlite.SQLiteConnection.executeForLastInsertedRowId(SQLiteConnection.java:879)
12-02 19:09:55.150  2584 29765 E SQLiteDatabase: 	at android.database.sqlite.SQLiteSession.executeForLastInsertedRowId(SQLiteSession.java:790)
12-02 19:09:55.150  2584 29765 E SQLiteDatabase: 	at android.database.sqlite.SQLiteStatement.executeInsert(SQLiteStatement.java:88)
12-02 19:09:55.150  2584 29765 E SQLiteDatabase: 	at android.database.sqlite.SQLiteDatabase.insertWithOnConflict(SQLiteDatabase.java:1599)
12-02 19:09:55.150  2584 29765 E SQLiteDatabase: 	at android.database.sqlite.SQLiteDatabase.insert(SQLiteDatabase.java:1468)
12-02 19:09:55.150  2584 29765 E SQLiteDatabase: 	at aqui.a(:com.google.android.gms@202414022@20.24.14 (040700-319035315):175)
12-02 19:09:55.150  2584 29765 E SQLiteDatabase: 	at aqtk.a(:com.google.android.gms@202414022@20.24.14 (040700-319035315):182)
12-02 19:09:55.150  2584 29765 E SQLiteDatabase: 	at aqtk.a(:com.google.android.gms@202414022@20.24.14 (040700-319035315):23)
12-02 19:09:55.150  2584 29765 E SQLiteDatabase: 	at aqtk.a(:com.google.android.gms@202414022@20.24.14 (040700-319035315):177)
12-02 19:09:55.150  2584 29765 E SQLiteDatabase: 	at aqpu.run(:com.google.android.gms@202414022@20.24.14 (040700-319035315):9)
12-02 19:09:55.150  2584 29765 E SQLiteDatabase: 	at soy.b(:com.google.android.gms@202414022@20.24.14 (040700-319035315):12)
12-02 19:09:55.150  2584 29765 E SQLiteDatabase: 	at soy.run(:com.google.android.gms@202414022@20.24.14 (040700-319035315):7)
12-02 19:09:55.150  2584 29765 E SQLiteDatabase: 	at java.util.concurrent.ThreadPoolExecutor.runWorker(ThreadPoolExecutor.java:1167)
12-02 19:09:55.150  2584 29765 E SQLiteDatabase: 	at java.util.concurrent.ThreadPoolExecutor$Worker.run(ThreadPoolExecutor.java:641)
12-02 19:09:55.150  2584 29765 E SQLiteDatabase: 	at sux.run(:com.google.android.gms@202414022@20.24.14 (040700-319035315):0)
12-02 19:09:55.150  2584 29765 E SQLiteDatabase: 	at java.lang.Thread.run(Thread.java:919)
12-02 19:09:55.152  2584  3808 W GCoreFlp: No location to return for getLastLocation()
12-02 19:09:55.198  1750  1962 W audio_hw_generic: Not supplying enough data to HAL, expected position 400511466 , only wrote 400491968
12-02 19:09:55.208  2584 29815 I LogUtils: [Places]: ?: Couldn't find platform key file. [CONTEXT service_id=253 ]
12-02 19:09:55.250  2584 29482 I ctxmgr  : [ProducerStatusImpl] updateStateForNewContextData: inactive, contextName=7 [CONTEXT service_id=47 ]
12-02 19:09:55.337  2584  2584 I GeofencerStateMachine: removeGeofences: removeRequest=RemoveGeofencingRequest[REMOVE_BY_PENDING_INTENT pendingIntent=PendingIntent[creatorPackage=com.google.android.gms], packageName=com.google.android.gms]
12-02 19:09:55.347  2584 29815 I LogUtils: [Places]: ?: Couldn't find platform key file. [CONTEXT service_id=253 ]
12-02 19:09:55.348  2584 29828 I PlacesLogger: [PlaceInferenceEngine]: [anon] Changed inference mode: 0 [CONTEXT service_id=253 ]
12-02 19:09:55.349  2584  2584 I GeofencerStateMachine: removeGeofences: removeRequest=RemoveGeofencingRequest[REMOVE_BY_PENDING_INTENT pendingIntent=PendingIntent[creatorPackage=com.google.android.gms], packageName=com.google.android.gms]
12-02 19:09:55.352  2584 29805 I LogUtils: [Places]: ?: Couldn't find platform key file. [CONTEXT service_id=253 ]
12-02 19:09:55.374  2584 29765 I LogUtils: [Places]: ?: Couldn't find platform key file. [CONTEXT service_id=253 ]
12-02 19:09:55.387  2584  3808 W GCoreFlp: No location to return for getLastLocation()
12-02 19:09:55.413  2584 29765 I LogUtils: [Places]: ?: Couldn't find platform key file. [CONTEXT service_id=253 ]
12-02 19:09:55.431  2584 29765 I LogUtils: [Places]: ?: Couldn't find platform key file. [CONTEXT service_id=253 ]
12-02 19:09:55.453  2584  3808 W GCoreFlp: No location to return for getLastLocation()
12-02 19:09:55.503  2584 29828 I LogUtils: [Places]: ?: PlacesBleScanner start() with priority 2 [CONTEXT service_id=253 ]
12-02 19:09:55.510  2584 29828 I PlacesLogger: [PlaceInferenceEngine]: [anon] Changed inference mode: 1 [CONTEXT service_id=253 ]
12-02 19:09:55.521  2584  2584 E BeaconBle: Missing BluetoothAdapter [CONTEXT service_id=111 ]
12-02 19:09:55.522  2584  2584 I BeaconBle: BLE 'KK+' software access layer enabled [CONTEXT service_id=111 ]
12-02 19:09:55.555  2584  3808 W GCoreFlp: No location to return for getLastLocation()
12-02 19:09:55.563  1772  1772 D gralloc_ranchu: gralloc_alloc: Creating ashmem region of size 14749696
12-02 19:09:55.564  2584  2584 I BeaconBle: Client requested scan, settings=BleSettings [scanMode=ZERO_POWER, callbackType=ALL_MATCHES, reportDelayMillis=0, 1 filters, 0 clients, callingClientName=Places] [CONTEXT service_id=111 ]
12-02 19:09:55.564  2584  2584 I BeaconBle: Scan : No clients left, canceling alarm. [CONTEXT service_id=111 ]
12-02 19:09:55.565  2584  2584 E BeaconBle: Scan couldn't start for Places [CONTEXT service_id=111 ]
12-02 19:09:55.567  2584  2584 W Places  : BLE failure while scanning - code 5
12-02 19:09:56.035  2010 19651 D WificondControl: Scan result ready event
12-02 19:09:56.230 29571 29615 E TestRunner: failed: shouldShowMessageFieldCannotBeEmpty(ru.iteco.fmhandroid.ui.ClaimsPageTest)
12-02 19:09:56.230 29571 29615 E TestRunner: ----- begin exception -----
