12-07 07:04:13.448 22064 22064 I ViewInteraction: Performing 'wait for a specific view with <an instance of android.widget.TextView and view.getText() with or without transformation to match: is "News"> during 10000 millis.' action on view view.getRootView() to equal view
12-07 07:04:13.556 22064 22195 I okhttp.OkHttpClient: <-- 200 http://www.981757-ca08998.tmweb.ru:8080/fmh/authentication/login (340ms)
12-07 07:04:13.556 22064 22195 I okhttp.OkHttpClient: Vary: Origin
12-07 07:04:13.556 22064 22195 I okhttp.OkHttpClient: Vary: Access-Control-Request-Method
12-07 07:04:13.557 22064 22195 I okhttp.OkHttpClient: Vary: Access-Control-Request-Headers
12-07 07:04:13.557 22064 22195 I okhttp.OkHttpClient: X-Content-Type-Options: nosniff
12-07 07:04:13.557 22064 22195 I okhttp.OkHttpClient: X-XSS-Protection: 1; mode=block
12-07 07:04:13.557 22064 22195 I okhttp.OkHttpClient: Cache-Control: no-cache, no-store, max-age=0, must-revalidate
12-07 07:04:13.557 22064 22195 I okhttp.OkHttpClient: Pragma: no-cache
12-07 07:04:13.557 22064 22195 I okhttp.OkHttpClient: Expires: 0
12-07 07:04:13.557 22064 22195 I okhttp.OkHttpClient: X-Frame-Options: DENY
12-07 07:04:13.557 22064 22195 I okhttp.OkHttpClient: Content-Type: application/json
12-07 07:04:13.558 22064 22195 I okhttp.OkHttpClient: Transfer-Encoding: chunked
12-07 07:04:13.558 22064 22195 I okhttp.OkHttpClient: Date: Wed, 07 Dec 2022 07:04:15 GMT
12-07 07:04:13.558 22064 22195 I okhttp.OkHttpClient: Keep-Alive: timeout=60
12-07 07:04:13.558 22064 22195 I okhttp.OkHttpClient: Connection: keep-alive
12-07 07:04:13.561 22064 22195 I okhttp.OkHttpClient: {"accessToken":"eyJhbGciOiJIUzUxMiJ9.eyJzdWIiOiJsb2dpbjIiLCJqdGkiOiIyIiwiZXhwIjoxNjcwNDgzMDU1fQ._AmsTdVMCLkz6P16WqQf_bJ3ugwkMg5MfJ4YOPbEeE5lTFI3xzWVU6nVVGRzFBs4XqgE5BlzAxvpWXaXj6_FMw","refreshToken":"eyJhbGciOiJIUzUxMiJ9.eyJzdWIiOiJsb2dpbjIiLCJqdGkiOiIyIiwiZXhwIjoxNjcyOTg4NjU1fQ.hxWLq1ddiOoYMdU_r7qTK3z3flovepLWNGjnUCVUFhn7up07ByJyrNhoa_1xWn58ls7wrUyUvPh1h-GwfiOUpQ"}
12-07 07:04:13.561 22064 22195 I okhttp.OkHttpClient: <-- END HTTP (368-byte body)
12-07 07:04:13.564 22064 22174 I okhttp.OkHttpClient: --> GET http://www.981757-ca08998.tmweb.ru:8080/fmh/authentication/userInfo
12-07 07:04:13.564 22064 22174 I okhttp.OkHttpClient: --> END GET
12-07 07:04:13.696 22064 22174 I okhttp.OkHttpClient: <-- 200 http://www.981757-ca08998.tmweb.ru:8080/fmh/authentication/userInfo (131ms)
12-07 07:04:13.696 22064 22174 I okhttp.OkHttpClient: Vary: Origin
12-07 07:04:13.696 22064 22174 I okhttp.OkHttpClient: Vary: Access-Control-Request-Method
12-07 07:04:13.696 22064 22174 I okhttp.OkHttpClient: Vary: Access-Control-Request-Headers
12-07 07:04:13.696 22064 22174 I okhttp.OkHttpClient: X-Content-Type-Options: nosniff
12-07 07:04:13.696 22064 22174 I okhttp.OkHttpClient: X-XSS-Protection: 1; mode=block
12-07 07:04:13.696 22064 22174 I okhttp.OkHttpClient: Cache-Control: no-cache, no-store, max-age=0, must-revalidate
12-07 07:04:13.696 22064 22174 I okhttp.OkHttpClient: Pragma: no-cache
12-07 07:04:13.696 22064 22174 I okhttp.OkHttpClient: Expires: 0
12-07 07:04:13.696 22064 22174 I okhttp.OkHttpClient: X-Frame-Options: DENY
12-07 07:04:13.696 22064 22174 I okhttp.OkHttpClient: Content-Type: application/json
12-07 07:04:13.696 22064 22174 I okhttp.OkHttpClient: Transfer-Encoding: chunked
12-07 07:04:13.696 22064 22174 I okhttp.OkHttpClient: Date: Wed, 07 Dec 2022 07:04:15 GMT
12-07 07:04:13.696 22064 22174 I okhttp.OkHttpClient: Keep-Alive: timeout=60
12-07 07:04:13.696 22064 22174 I okhttp.OkHttpClient: Connection: keep-alive
12-07 07:04:13.697 22064 22174 I okhttp.OkHttpClient: {"id":2,"firstName":"Данил","lastName":"Иванов","middleName":"Данилович","admin":true}
12-07 07:04:13.697 22064 22174 I okhttp.OkHttpClient: <-- END HTTP (106-byte body)
12-07 07:04:13.701 22064 22180 I okhttp.OkHttpClient: --> GET http://www.981757-ca08998.tmweb.ru:8080/fmh/claims
12-07 07:04:13.701 22064 22180 I okhttp.OkHttpClient: --> END GET
12-07 07:04:13.706  1744 22418 E ResolverController: No valid NAT64 prefix (100, <unspecified>/0)
12-07 07:04:13.766 22064 22064 I ViewInteraction: Checking 'MatchesViewAssertion{viewMatcher=(view has effective visibility <VISIBLE> and view.getGlobalVisibleRect() to return non-empty rectangle)}' assertion on view an instance of android.widget.TextView and view.getText() with or without transformation to match: is "News"
12-07 07:04:13.769 22064 22064 I ViewInteraction: Performing 'wait for a specific view with <view.getId() is <2131230951>> during 10000 millis.' action on view view.getRootView() to equal view
12-07 07:04:13.772 22064 22064 I ViewInteraction: Checking 'MatchesViewAssertion{viewMatcher=(view has effective visibility <VISIBLE> and view.getGlobalVisibleRect() to return non-empty rectangle)}' assertion on view view.getId() is <2131230951/ru.iteco.fmhandroid:id/container_list_news_include_on_fragment_main>
12-07 07:04:13.781 22064 22064 I ViewInteraction: Performing 'wait for a specific view with <view.getId() is <2131230949>> during 10000 millis.' action on view view.getRootView() to equal view
12-07 07:04:13.783 22064 22064 I ViewInteraction: Checking 'MatchesViewAssertion{viewMatcher=(view has effective visibility <VISIBLE> and view.getGlobalVisibleRect() to return non-empty rectangle)}' assertion on view view.getId() is <2131230949/ru.iteco.fmhandroid:id/container_list_claim_include_on_fragment_main>
12-07 07:04:13.785 22064 22064 I ViewInteraction: Performing 'wait for a specific view with <an instance of android.widget.TextView and view.getText() with or without transformation to match: is "Claims"> during 10000 millis.' action on view view.getRootView() to equal view
12-07 07:04:13.787 22064 22064 I ViewInteraction: Checking 'MatchesViewAssertion{viewMatcher=(view has effective visibility <VISIBLE> and view.getGlobalVisibleRect() to return non-empty rectangle)}' assertion on view an instance of android.widget.TextView and view.getText() with or without transformation to match: is "Claims"
12-07 07:04:13.789 22064 22064 I ViewInteraction: Performing 'wait for a specific view with <view.getId() is <2131231123/ru.iteco.fmhandroid:id/main_menu_image_button>> during 10000 millis.' action on view view.getRootView() to equal view
12-07 07:04:13.791 22064 22064 I ViewInteraction: Performing 'single click' action on view view.getId() is <2131231123/ru.iteco.fmhandroid:id/main_menu_image_button>
12-07 07:04:13.967  1776  1825 D gralloc_ranchu: gralloc_alloc: Creating ashmem region of size 2015232
12-07 07:04:13.971  1776  1825 I chatty  : uid=1000(system) HwBinder:1776_1 identical 1 line
12-07 07:04:13.972  1776  1825 D gralloc_ranchu: gralloc_alloc: Creating ashmem region of size 2015232
12-07 07:04:13.983 22064 22155 D EGL_emulation: eglMakeCurrent: 0xe593dde0: ver 2 0 (tinfo 0xf0c9e670)
12-07 07:04:14.008 22064 22155 I chatty  : uid=10146(ru.iteco.fmhandroid) RenderThread identical 2 lines
12-07 07:04:14.030 22064 22155 D EGL_emulation: eglMakeCurrent: 0xe593dde0: ver 2 0 (tinfo 0xf0c9e670)
12-07 07:04:14.249 22064 22064 I ViewInteraction: Performing 'wait for a specific view with <an instance of android.widget.TextView and view.getText() with or without transformation to match: is "News"> during 10000 millis.' action on view view.getRootView() to equal view
12-07 07:04:14.252 22064 22064 I ViewInteraction: Performing 'single click' action on view an instance of android.widget.TextView and view.getText() with or without transformation to match: is "News"
12-07 07:04:14.309 22064 22155 D EGL_emulation: eglMakeCurrent: 0xe593dde0: ver 2 0 (tinfo 0xf0c9e670)
12-07 07:04:14.385 22064 22205 I okhttp.OkHttpClient: --> GET http://www.981757-ca08998.tmweb.ru:8080/fmh/news
12-07 07:04:14.385 22064 22205 I okhttp.OkHttpClient: --> END GET
12-07 07:04:14.408 22064 22155 D EGL_emulation: eglMakeCurrent: 0xe593dde0: ver 2 0 (tinfo 0xf0c9e670)
12-07 07:04:14.419 22064 22155 D EGL_emulation: eglMakeCurrent: 0xe593dde0: ver 2 0 (tinfo 0xf0c9e670)
12-07 07:04:14.614 22064 22064 I ViewInteraction: Performing 'wait for a specific view with <view.getId() is <2131231060/ru.iteco.fmhandroid:id/filter_news_material_button>> during 10000 millis.' action on view view.getRootView() to equal view
12-07 07:04:14.617 22064 22064 I ViewInteraction: Performing 'single click' action on view view.getId() is <2131231060/ru.iteco.fmhandroid:id/filter_news_material_button>
12-07 07:04:14.982 22064 22064 I ViewInteraction: Performing 'wait for a specific view with <view.getId() is <2131231061/ru.iteco.fmhandroid:id/filter_news_title_text_view>> during 10000 millis.' action on view view.getRootView() to equal view
12-07 07:04:14.984 22064 22064 I ViewInteraction: Checking 'MatchesViewAssertion{viewMatcher=(view has effective visibility <VISIBLE> and view.getGlobalVisibleRect() to return non-empty rectangle)}' assertion on view view.getId() is <2131231061/ru.iteco.fmhandroid:id/filter_news_title_text_view>
12-07 07:04:14.987 22064 22064 I ViewInteraction: Performing 'wait for a specific view with <view.getId() is <2131231204/ru.iteco.fmhandroid:id/news_item_category_text_auto_complete_text_view>> during 10000 millis.' action on view view.getRootView() to equal view
12-07 07:04:14.989 22064 22064 I ViewInteraction: Checking 'MatchesViewAssertion{viewMatcher=(view has effective visibility <VISIBLE> and view.getGlobalVisibleRect() to return non-empty rectangle)}' assertion on view view.getId() is <2131231204/ru.iteco.fmhandroid:id/news_item_category_text_auto_complete_text_view>
12-07 07:04:14.992 22064 22064 I ViewInteraction: Performing 'wait for a specific view with <view.getId() is <2131231220/ru.iteco.fmhandroid:id/news_item_publish_date_start_text_input_edit_text>> during 10000 millis.' action on view view.getRootView() to equal view
12-07 07:04:14.994 22064 22064 I ViewInteraction: Checking 'MatchesViewAssertion{viewMatcher=(view has effective visibility <VISIBLE> and view.getGlobalVisibleRect() to return non-empty rectangle)}' assertion on view view.getId() is <2131231220/ru.iteco.fmhandroid:id/news_item_publish_date_start_text_input_edit_text>
12-07 07:04:14.997 22064 22064 I ViewInteraction: Performing 'wait for a specific view with <view.getId() is <2131231218/ru.iteco.fmhandroid:id/news_item_publish_date_end_text_input_edit_text>> during 10000 millis.' action on view view.getRootView() to equal view
12-07 07:04:15.000 22064 22064 I ViewInteraction: Checking 'MatchesViewAssertion{viewMatcher=(view has effective visibility <VISIBLE> and view.getGlobalVisibleRect() to return non-empty rectangle)}' assertion on view view.getId() is <2131231218/ru.iteco.fmhandroid:id/news_item_publish_date_end_text_input_edit_text>
12-07 07:04:15.002 22064 22064 I ViewInteraction: Performing 'wait for a specific view with <view.getId() is <2131231057/ru.iteco.fmhandroid:id/filter_button>> during 10000 millis.' action on view view.getRootView() to equal view
12-07 07:04:15.005 22064 22064 I ViewInteraction: Checking 'MatchesViewAssertion{viewMatcher=(view has effective visibility <VISIBLE> and view.getGlobalVisibleRect() to return non-empty rectangle)}' assertion on view view.getId() is <2131231057/ru.iteco.fmhandroid:id/filter_button>
12-07 07:04:15.007 22064 22064 I ViewInteraction: Performing 'wait for a specific view with <view.getId() is <2131230890/ru.iteco.fmhandroid:id/cancel_button>> during 10000 millis.' action on view view.getRootView() to equal view
12-07 07:04:15.010 22064 22064 I ViewInteraction: Checking 'MatchesViewAssertion{viewMatcher=(view has effective visibility <VISIBLE> and view.getGlobalVisibleRect() to return non-empty rectangle)}' assertion on view view.getId() is <2131230890/ru.iteco.fmhandroid:id/cancel_button>
12-07 07:04:15.011 22064 22064 I ViewInteraction: Performing 'wait for a specific view with <view.getId() is <2131231204/ru.iteco.fmhandroid:id/news_item_category_text_auto_complete_text_view>> during 10000 millis.' action on view view.getRootView() to equal view
12-07 07:04:15.013 22064 22064 I ViewInteraction: Performing 'replace text(Моя категория)' action on view view.getId() is <2131231204/ru.iteco.fmhandroid:id/news_item_category_text_auto_complete_text_view>
12-07 07:04:15.035 22064 22064 I ViewInteraction: Performing 'wait for a specific view with <view.getId() is <2131231220/ru.iteco.fmhandroid:id/news_item_publish_date_start_text_input_edit_text>> during 10000 millis.' action on view view.getRootView() to equal view
12-07 07:04:15.037 22064 22064 I ViewInteraction: Performing 'single click' action on view view.getId() is <2131231220/ru.iteco.fmhandroid:id/news_item_publish_date_start_text_input_edit_text>
12-07 07:04:15.123  1776  1825 D gralloc_ranchu: gralloc_alloc: Creating ashmem region of size 6778880
12-07 07:04:15.130  1776  1825 I chatty  : uid=1000(system) HwBinder:1776_1 identical 1 line
12-07 07:04:15.131  1776  1825 D gralloc_ranchu: gralloc_alloc: Creating ashmem region of size 6778880
12-07 07:04:15.135 22064 22155 D EGL_emulation: eglMakeCurrent: 0xe593dde0: ver 2 0 (tinfo 0xf0c9e670)
12-07 07:04:15.216 22064 22155 I chatty  : uid=10146(ru.iteco.fmhandroid) RenderThread identical 3 lines
12-07 07:04:15.231 22064 22155 D EGL_emulation: eglMakeCurrent: 0xe593dde0: ver 2 0 (tinfo 0xf0c9e670)
12-07 07:04:15.418 22064 22205 I okhttp.OkHttpClient: <-- 200 http://www.981757-ca08998.tmweb.ru:8080/fmh/news (1032ms)
12-07 07:04:15.418 22064 22205 I okhttp.OkHttpClient: Vary: Origin
12-07 07:04:15.418 22064 22205 I okhttp.OkHttpClient: Vary: Access-Control-Request-Method
12-07 07:04:15.418 22064 22205 I okhttp.OkHttpClient: Vary: Access-Control-Request-Headers
12-07 07:04:15.418 22064 22205 I okhttp.OkHttpClient: X-Content-Type-Options: nosniff
12-07 07:04:15.418 22064 22205 I okhttp.OkHttpClient: X-XSS-Protection: 1; mode=block
12-07 07:04:15.418 22064 22205 I okhttp.OkHttpClient: Cache-Control: no-cache, no-store, max-age=0, must-revalidate
12-07 07:04:15.418 22064 22205 I okhttp.OkHttpClient: Pragma: no-cache
12-07 07:04:15.418 22064 22205 I okhttp.OkHttpClient: Expires: 0
12-07 07:04:15.418 22064 22205 I okhttp.OkHttpClient: X-Frame-Options: DENY
12-07 07:04:15.418 22064 22205 I okhttp.OkHttpClient: Content-Type: application/json
12-07 07:04:15.418 22064 22205 I okhttp.OkHttpClient: Transfer-Encoding: chunked
12-07 07:04:15.418 22064 22205 I okhttp.OkHttpClient: Date: Wed, 07 Dec 2022 07:04:17 GMT
12-07 07:04:15.418 22064 22205 I okhttp.OkHttpClient: Keep-Alive: timeout=60
12-07 07:04:15.418 22064 22205 I okhttp.OkHttpClient: Connection: keep-alive
12-07 07:04:15.615 22064 22064 I ViewInteraction: Performing 'wait for a specific view with <is assignable from class <class android.widget.DatePicker>> during 10000 millis.' action on view view.getRootView() to equal view
12-07 07:04:15.617 22064 22064 I ViewInteraction: Checking 'MatchesViewAssertion{viewMatcher=(view has effective visibility <VISIBLE> and view.getGlobalVisibleRect() to return non-empty rectangle)}' assertion on view is assignable from class <class android.widget.DatePicker>
12-07 07:04:15.619 22064 22064 I ViewInteraction: Performing 'wait for a specific view with <is assignable from class <class android.widget.DatePicker>> during 10000 millis.' action on view view.getRootView() to equal view
12-07 07:04:15.621 22064 22064 I ViewInteraction: Performing 'set date' action on view is assignable from class <class android.widget.DatePicker>
12-07 07:04:15.642 22064 22064 I ViewInteraction: Performing 'wait for a specific view with <view.getId() is <16908313/android:id/button1>> during 10000 millis.' action on view view.getRootView() to equal view
12-07 07:04:15.648 22064 22064 I ViewInteraction: Performing 'single click' action on view view.getId() is <16908313/android:id/button1>
12-07 07:04:15.723 22064 22155 D EGL_emulation: eglMakeCurrent: 0xe593dde0: ver 2 0 (tinfo 0xf0c9e670)
12-07 07:04:15.736 22064 22155 D EGL_emulation: eglMakeCurrent: 0xe593dde0: ver 2 0 (tinfo 0xf0c9e670)
12-07 07:04:15.743  2018  3061 E InputDispatcher: Window handle Window{53c155c u0 ru.iteco.fmhandroid/ru.iteco.fmhandroid.ui.AppActivity} has no registered input channel
12-07 07:04:15.974 22064 22064 I ViewInteraction: Performing 'wait for a specific view with <view.getId() is <2131231218/ru.iteco.fmhandroid:id/news_item_publish_date_end_text_input_edit_text>> during 10000 millis.' action on view view.getRootView() to equal view
12-07 07:04:15.978 22064 22064 I ViewInteraction: Performing 'single click' action on view view.getId() is <2131231218/ru.iteco.fmhandroid:id/news_item_publish_date_end_text_input_edit_text>
12-07 07:04:16.065  1776  1825 D gralloc_ranchu: gralloc_alloc: Creating ashmem region of size 6778880
12-07 07:04:16.068  1776  1825 I chatty  : uid=1000(system) HwBinder:1776_1 identical 1 line
12-07 07:04:16.069  1776  1825 D gralloc_ranchu: gralloc_alloc: Creating ashmem region of size 6778880
12-07 07:04:16.073 22064 22155 D EGL_emulation: eglMakeCurrent: 0xe593dde0: ver 2 0 (tinfo 0xf0c9e670)
12-07 07:04:16.145 22064 22155 I chatty  : uid=10146(ru.iteco.fmhandroid) RenderThread identical 3 lines
12-07 07:04:16.157 22064 22155 D EGL_emulation: eglMakeCurrent: 0xe593dde0: ver 2 0 (tinfo 0xf0c9e670)
12-07 07:04:16.551 22064 22064 I ViewInteraction: Performing 'wait for a specific view with <is assignable from class <class android.widget.DatePicker>> during 10000 millis.' action on view view.getRootView() to equal view
12-07 07:04:16.554 22064 22064 I ViewInteraction: Checking 'MatchesViewAssertion{viewMatcher=(view has effective visibility <VISIBLE> and view.getGlobalVisibleRect() to return non-empty rectangle)}' assertion on view is assignable from class <class android.widget.DatePicker>
12-07 07:04:16.556 22064 22064 I ViewInteraction: Performing 'wait for a specific view with <is assignable from class <class android.widget.DatePicker>> during 10000 millis.' action on view view.getRootView() to equal view
12-07 07:04:16.559 22064 22064 I ViewInteraction: Performing 'set date' action on view is assignable from class <class android.widget.DatePicker>
12-07 07:04:16.591 22064 22180 I okhttp.OkHttpClient: <-- 200 http://www.981757-ca08998.tmweb.ru:8080/fmh/claims (2889ms)
12-07 07:04:16.591 22064 22180 I okhttp.OkHttpClient: Vary: Origin
12-07 07:04:16.591 22064 22180 I okhttp.OkHttpClient: Vary: Access-Control-Request-Method
12-07 07:04:16.591 22064 22180 I okhttp.OkHttpClient: Vary: Access-Control-Request-Headers
12-07 07:04:16.592 22064 22180 I okhttp.OkHttpClient: X-Content-Type-Options: nosniff
12-07 07:04:16.592 22064 22180 I okhttp.OkHttpClient: X-XSS-Protection: 1; mode=block
12-07 07:04:16.592 22064 22180 I okhttp.OkHttpClient: Cache-Control: no-cache, no-store, max-age=0, must-revalidate
12-07 07:04:16.592 22064 22180 I okhttp.OkHttpClient: Pragma: no-cache
12-07 07:04:16.592 22064 22180 I okhttp.OkHttpClient: Expires: 0
12-07 07:04:16.592 22064 22180 I okhttp.OkHttpClient: X-Frame-Options: DENY
12-07 07:04:16.592 22064 22180 I okhttp.OkHttpClient: Content-Type: application/json
12-07 07:04:16.592 22064 22180 I okhttp.OkHttpClient: Transfer-Encoding: chunked
12-07 07:04:16.592 22064 22180 I okhttp.OkHttpClient: Date: Wed, 07 Dec 2022 07:04:18 GMT
12-07 07:04:16.592 22064 22180 I okhttp.OkHttpClient: Keep-Alive: timeout=60
12-07 07:04:16.592 22064 22180 I okhttp.OkHttpClient: Connection: keep-alive
12-07 07:04:16.595 22064 22064 I ViewInteraction: Performing 'wait for a specific view with <view.getId() is <16908313/android:id/button1>> during 10000 millis.' action on view view.getRootView() to equal view
12-07 07:04:16.598 22064 22064 I ViewInteraction: Performing 'single click' action on view view.getId() is <16908313/android:id/button1>
12-07 07:04:16.668 22064 22155 D EGL_emulation: eglMakeCurrent: 0xe593dde0: ver 2 0 (tinfo 0xf0c9e670)
12-07 07:04:16.674  2018  7051 E InputDispatcher: Window handle Window{5f80bdb u0 ru.iteco.fmhandroid/ru.iteco.fmhandroid.ui.AppActivity} has no registered input channel
12-07 07:04:16.682 22064 22155 D EGL_emulation: eglMakeCurrent: 0xe593dde0: ver 2 0 (tinfo 0xf0c9e670)
12-07 07:04:16.927 22064 22064 I ViewInteraction: Performing 'wait for a specific view with <view.getId() is <2131231057/ru.iteco.fmhandroid:id/filter_button>> during 10000 millis.' action on view view.getRootView() to equal view
12-07 07:04:16.930 22064 22064 I ViewInteraction: Performing 'single click' action on view view.getId() is <2131231057/ru.iteco.fmhandroid:id/filter_button>
12-07 07:04:17.344 22064 22064 D RootViewPicker: No matching root available - waiting: 10ms for one to appear.
12-07 07:04:17.355 22064 22064 D RootViewPicker: No matching root available - waiting: 20ms for one to appear.
12-07 07:04:17.378 22064 22064 D RootViewPicker: No matching root available - waiting: 200ms for one to appear.
12-07 07:04:17.581 22064 22064 D RootViewPicker: No matching root available - waiting: 400ms for one to appear.
12-07 07:04:17.983 22064 22064 D RootViewPicker: No matching root available - waiting: 1000ms for one to appear.
12-07 07:04:18.985 22064 22064 D RootViewPicker: No matching root available - waiting: 2000ms for one to appear.
12-07 07:04:20.104  1764  1764 W audio_hw_generic: Not supplying enough data to HAL, expected position 56159076 , only wrote 55822772
12-07 07:04:20.990 22064 22064 D RootViewPicker: No matching root available - waiting: 2000ms for one to appear.
12-07 07:04:24.997 22064 22064 I chatty  : uid=10146(ru.iteco.fmhandroid) identical 2 lines
12-07 07:04:27.001 22064 22064 D RootViewPicker: No matching root available - waiting: 2000ms for one to appear.
12-07 07:04:27.562 22064 22064 W System.err: ru.iteco.fmhandroid.exceptions.ServerException
12-07 07:04:27.563 22064 22064 W System.err: 	at ru.iteco.fmhandroid.utils.Utils.makeRequest(Utils.kt:119)
12-07 07:04:27.563 22064 22064 W System.err: 	at ru.iteco.fmhandroid.utils.Utils$makeRequest$1.invokeSuspend(Unknown Source:15)
12-07 07:04:27.563 22064 22064 W System.err: 	at kotlin.coroutines.jvm.internal.BaseContinuationImpl.resumeWith(ContinuationImpl.kt:33)
12-07 07:04:27.563 22064 22064 W System.err: 	at kotlinx.coroutines.DispatchedTask.run(DispatchedTask.kt:104)
12-07 07:04:27.563 22064 22064 W System.err: 	at android.os.Handler.handleCallback(Handler.java:883)
12-07 07:04:27.564 22064 22064 W System.err: 	at android.os.Handler.dispatchMessage(Handler.java:100)
12-07 07:04:27.564 22064 22064 W System.err: 	at androidx.test.espresso.base.Interrogator.loopAndInterrogate(Interrogator.java:14)
12-07 07:04:27.564 22064 22064 W System.err: 	at androidx.test.espresso.base.UiControllerImpl.loopUntil(UiControllerImpl.java:8)
12-07 07:04:27.564 22064 22064 W System.err: 	at androidx.test.espresso.base.UiControllerImpl.loopUntil(UiControllerImpl.java:1)
12-07 07:04:27.564 22064 22064 W System.err: 	at androidx.test.espresso.base.UiControllerImpl.loopMainThreadForAtLeast(UiControllerImpl.java:7)
12-07 07:04:27.564 22064 22064 W System.err: 	at androidx.test.espresso.base.RootViewPicker.pickARoot(RootViewPicker.java:7)
12-07 07:04:27.564 22064 22064 W System.err: 	at androidx.test.espresso.base.RootViewPicker.pickRootView(RootViewPicker.java:1)
12-07 07:04:27.564 22064 22064 W System.err: 	at androidx.test.espresso.base.RootViewPicker.get(RootViewPicker.java:4)
12-07 07:04:27.564 22064 22064 W System.err: 	at androidx.test.espresso.ViewInteractionModule.provideRootView(ViewInteractionModule.java:1)
12-07 07:04:27.564 22064 22064 W System.err: 	at androidx.test.espresso.ViewInteractionModule_ProvideRootViewFactory.provideRootView(ViewInteractionModule_ProvideRootViewFactory.java:1)
12-07 07:04:27.564 22064 22064 W System.err: 	at androidx.test.espresso.ViewInteractionModule_ProvideRootViewFactory.get(ViewInteractionModule_ProvideRootViewFactory.java:1)
12-07 07:04:27.564 22064 22064 W System.err: 	at androidx.test.espresso.ViewInteractionModule_ProvideRootViewFactory.get(ViewInteractionModule_ProvideRootViewFactory.java:2)
12-07 07:04:27.564 22064 22064 W System.err: 	at androidx.test.espresso.base.ViewFinderImpl.getView(ViewFinderImpl.java:4)
12-07 07:04:27.564 22064 22064 W System.err: 	at androidx.test.espresso.ViewInteraction$2.call(ViewInteraction.java:9)
12-07 07:04:27.564 22064 22064 W System.err: 	at androidx.test.espresso.ViewInteraction$2.call(ViewInteraction.java:1)
12-07 07:04:27.564 22064 22064 W System.err: 	at java.util.concurrent.FutureTask.run(FutureTask.java:266)
12-07 07:04:27.564 22064 22064 W System.err: 	at android.os.Handler.handleCallback(Handler.java:883)
12-07 07:04:27.564 22064 22064 W System.err: 	at android.os.Handler.dispatchMessage(Handler.java:100)
12-07 07:04:27.564 22064 22064 W System.err: 	at android.os.Looper.loop(Looper.java:214)
12-07 07:04:27.564 22064 22064 W System.err: 	at android.app.ActivityThread.main(ActivityThread.java:7356)
12-07 07:04:27.564 22064 22064 W System.err: 	at java.lang.reflect.Method.invoke(Native Method)
12-07 07:04:27.564 22064 22064 W System.err: 	at com.android.internal.os.RuntimeInit$MethodAndArgsCaller.run(RuntimeInit.java:492)
12-07 07:04:27.564 22064 22064 W System.err: 	at com.android.internal.os.ZygoteInit.main(ZygoteInit.java:930)
12-07 07:04:29.004 22064 22064 D RootViewPicker: No matching root available - waiting: 2000ms for one to appear.
12-07 07:04:39.023 22064 22064 I chatty  : uid=10146(ru.iteco.fmhandroid) identical 5 lines
12-07 07:04:41.026 22064 22064 D RootViewPicker: No matching root available - waiting: 2000ms for one to appear.
12-07 07:04:41.891 22064 22064 W System.err: ru.iteco.fmhandroid.exceptions.ServerException
12-07 07:04:41.891 22064 22064 W System.err: 	at ru.iteco.fmhandroid.utils.Utils.makeRequest(Utils.kt:119)
12-07 07:04:41.891 22064 22064 W System.err: 	at ru.iteco.fmhandroid.utils.Utils$makeRequest$1.invokeSuspend(Unknown Source:15)
12-07 07:04:41.891 22064 22064 W System.err: 	at kotlin.coroutines.jvm.internal.BaseContinuationImpl.resumeWith(ContinuationImpl.kt:33)
12-07 07:04:41.891 22064 22064 W System.err: 	at kotlinx.coroutines.DispatchedTask.run(DispatchedTask.kt:104)
12-07 07:04:41.891 22064 22064 W System.err: 	at android.os.Handler.handleCallback(Handler.java:883)
12-07 07:04:41.891 22064 22064 W System.err: 	at android.os.Handler.dispatchMessage(Handler.java:100)
12-07 07:04:41.891 22064 22064 W System.err: 	at androidx.test.espresso.base.Interrogator.loopAndInterrogate(Interrogator.java:14)
12-07 07:04:41.891 22064 22064 W System.err: 	at androidx.test.espresso.base.UiControllerImpl.loopUntil(UiControllerImpl.java:8)
12-07 07:04:41.891 22064 22064 W System.err: 	at androidx.test.espresso.base.UiControllerImpl.loopUntil(UiControllerImpl.java:1)
12-07 07:04:41.891 22064 22064 W System.err: 	at androidx.test.espresso.base.UiControllerImpl.loopMainThreadForAtLeast(UiControllerImpl.java:7)
12-07 07:04:41.891 22064 22064 W System.err: 	at androidx.test.espresso.base.RootViewPicker.pickARoot(RootViewPicker.java:7)
12-07 07:04:41.891 22064 22064 W System.err: 	at androidx.test.espresso.base.RootViewPicker.pickRootView(RootViewPicker.java:1)
12-07 07:04:41.891 22064 22064 W System.err: 	at androidx.test.espresso.base.RootViewPicker.get(RootViewPicker.java:4)
12-07 07:04:41.891 22064 22064 W System.err: 	at androidx.test.espresso.ViewInteractionModule.provideRootView(ViewInteractionModule.java:1)
12-07 07:04:41.891 22064 22064 W System.err: 	at androidx.test.espresso.ViewInteractionModule_ProvideRootViewFactory.provideRootView(ViewInteractionModule_ProvideRootViewFactory.java:1)
12-07 07:04:41.891 22064 22064 W System.err: 	at androidx.test.espresso.ViewInteractionModule_ProvideRootViewFactory.get(ViewInteractionModule_ProvideRootViewFactory.java:1)
12-07 07:04:41.891 22064 22064 W System.err: 	at androidx.test.espresso.ViewInteractionModule_ProvideRootViewFactory.get(ViewInteractionModule_ProvideRootViewFactory.java:2)
12-07 07:04:41.891 22064 22064 W System.err: 	at androidx.test.espresso.base.ViewFinderImpl.getView(ViewFinderImpl.java:4)
12-07 07:04:41.891 22064 22064 W System.err: 	at androidx.test.espresso.ViewInteraction$2.call(ViewInteraction.java:9)
12-07 07:04:41.892 22064 22064 W System.err: 	at androidx.test.espresso.ViewInteraction$2.call(ViewInteraction.java:1)
12-07 07:04:41.892 22064 22064 W System.err: 	at java.util.concurrent.FutureTask.run(FutureTask.java:266)
12-07 07:04:41.892 22064 22064 W System.err: 	at android.os.Handler.handleCallback(Handler.java:883)
12-07 07:04:41.892 22064 22064 W System.err: 	at android.os.Handler.dispatchMessage(Handler.java:100)
12-07 07:04:41.892 22064 22064 W System.err: 	at android.os.Looper.loop(Looper.java:214)
12-07 07:04:41.892 22064 22064 W System.err: 	at android.app.ActivityThread.main(ActivityThread.java:7356)
12-07 07:04:41.892 22064 22064 W System.err: 	at java.lang.reflect.Method.invoke(Native Method)
12-07 07:04:41.892 22064 22064 W System.err: 	at com.android.internal.os.RuntimeInit$MethodAndArgsCaller.run(RuntimeInit.java:492)
12-07 07:04:41.892 22064 22064 W System.err: 	at com.android.internal.os.ZygoteInit.main(ZygoteInit.java:930)
12-07 07:04:41.938  1776  1825 D gralloc_ranchu: gralloc_alloc: Creating ashmem region of size 2641920
12-07 07:04:42.032  1776  1825 I chatty  : uid=1000(system) HwBinder:1776_1 identical 1 line
12-07 07:04:42.033  1776  1825 D gralloc_ranchu: gralloc_alloc: Creating ashmem region of size 2641920
12-07 07:04:42.105 22064 22155 D EGL_emulation: eglMakeCurrent: 0xe593dde0: ver 2 0 (tinfo 0xf0c9e670)
12-07 07:04:42.182 22064 22155 D EGL_emulation: eglMakeCurrent: 0xe593dde0: ver 2 0 (tinfo 0xf0c9e670)
12-07 07:04:43.030 22064 22064 D RootViewPicker: No matching root available - waiting: 2000ms for one to appear.
12-07 07:04:43.544 22064 22155 D EGL_emulation: eglMakeCurrent: 0xe593dde0: ver 2 0 (tinfo 0xf0c9e670)
12-07 07:04:45.032 22064 22064 D RootViewPicker: No matching root available - waiting: 2000ms for one to appear.
12-07 07:04:46.668  2018  2058 E memtrack: Couldn't load memtrack module
12-07 07:04:46.668  2018  2058 W android.os.Debug: failed to get memory consumption info: -1
12-07 07:04:47.035 22064 22064 D RootViewPicker: No matching root available - waiting: 2000ms for one to appear.
12-07 07:04:57.055 22064 22064 I chatty  : uid=10146(ru.iteco.fmhandroid) identical 5 lines
12-07 07:04:59.059 22064 22064 D RootViewPicker: No matching root available - waiting: 2000ms for one to appear.
12-07 07:05:00.004  2170  2170 D KeyguardClockSwitch: Updating clock: 705
12-07 07:05:01.061 22064 22064 D RootViewPicker: No matching root available - waiting: 2000ms for one to appear.
12-07 07:05:02.899  1764  6994 W audio_hw_generic: Not supplying enough data to HAL, expected position 55822933 , only wrote 55822772
12-07 07:05:02.969 22064 22155 D EGL_emulation: eglMakeCurrent: 0xe593dde0: ver 2 0 (tinfo 0xf0c9e670)
12-07 07:05:02.974  2018  2037 E InputDispatcher: Window handle Window{2ec72e4 u0 ru.iteco.fmhandroid/ru.iteco.fmhandroid.ui.AppActivity} has no registered input channel
12-07 07:05:03.005 22064 22155 D EGL_emulation: eglMakeCurrent: 0xe593dde0: ver 2 0 (tinfo 0xf0c9e670)
12-07 07:05:03.061 22064 22064 D RootViewPicker: No matching root available - waiting: 2000ms for one to appear.
12-07 07:05:05.065 22064 22064 D RootViewPicker: No matching root available - waiting: 2000ms for one to appear.
12-07 07:05:05.655  1893  1893 E netmgr  : Failed to open QEMU pipe 'qemud:network': Invalid argument
12-07 07:05:06.049  1764  1764 W audio_hw_generic: Not supplying enough data to HAL, expected position 56098815 , only wrote 55961582
12-07 07:05:07.068 22064 22064 D RootViewPicker: No matching root available - waiting: 2000ms for one to appear.
12-07 07:05:09.073 22064 22064 D RootViewPicker: No matching root available - waiting: 2000ms for one to appear.
12-07 07:05:09.873  1905  1905 E wifi_forwarder: RemoteConnection failed to initialize: RemoteConnection failed to open pipe
12-07 07:05:10.173 22064 22064 W System.err: ru.iteco.fmhandroid.exceptions.ServerException
12-07 07:05:10.173 22064 22064 W System.err: 	at ru.iteco.fmhandroid.utils.Utils.makeRequest(Utils.kt:119)
12-07 07:05:10.173 22064 22064 W System.err: 	at ru.iteco.fmhandroid.utils.Utils$makeRequest$1.invokeSuspend(Unknown Source:15)
12-07 07:05:10.173 22064 22064 W System.err: 	at kotlin.coroutines.jvm.internal.BaseContinuationImpl.resumeWith(ContinuationImpl.kt:33)
12-07 07:05:10.173 22064 22064 W System.err: 	at kotlinx.coroutines.DispatchedTask.run(DispatchedTask.kt:104)
12-07 07:05:10.173 22064 22064 W System.err: 	at android.os.Handler.handleCallback(Handler.java:883)
12-07 07:05:10.173 22064 22064 W System.err: 	at android.os.Handler.dispatchMessage(Handler.java:100)
12-07 07:05:10.173 22064 22064 W System.err: 	at androidx.test.espresso.base.Interrogator.loopAndInterrogate(Interrogator.java:14)
12-07 07:05:10.174 22064 22064 W System.err: 	at androidx.test.espresso.base.UiControllerImpl.loopUntil(UiControllerImpl.java:8)
12-07 07:05:10.174 22064 22064 W System.err: 	at androidx.test.espresso.base.UiControllerImpl.loopUntil(UiControllerImpl.java:1)
12-07 07:05:10.174 22064 22064 W System.err: 	at androidx.test.espresso.base.UiControllerImpl.loopMainThreadForAtLeast(UiControllerImpl.java:7)
12-07 07:05:10.174 22064 22064 W System.err: 	at androidx.test.espresso.base.RootViewPicker.pickARoot(RootViewPicker.java:7)
12-07 07:05:10.174 22064 22064 W System.err: 	at androidx.test.espresso.base.RootViewPicker.pickRootView(RootViewPicker.java:1)
12-07 07:05:10.174 22064 22064 W System.err: 	at androidx.test.espresso.base.RootViewPicker.get(RootViewPicker.java:4)
12-07 07:05:10.174 22064 22064 W System.err: 	at androidx.test.espresso.ViewInteractionModule.provideRootView(ViewInteractionModule.java:1)
12-07 07:05:10.174 22064 22064 W System.err: 	at androidx.test.espresso.ViewInteractionModule_ProvideRootViewFactory.provideRootView(ViewInteractionModule_ProvideRootViewFactory.java:1)
12-07 07:05:10.174 22064 22064 W System.err: 	at androidx.test.espresso.ViewInteractionModule_ProvideRootViewFactory.get(ViewInteractionModule_ProvideRootViewFactory.java:1)
12-07 07:05:10.174 22064 22064 W System.err: 	at androidx.test.espresso.ViewInteractionModule_ProvideRootViewFactory.get(ViewInteractionModule_ProvideRootViewFactory.java:2)
12-07 07:05:10.174 22064 22064 W System.err: 	at androidx.test.espresso.base.ViewFinderImpl.getView(ViewFinderImpl.java:4)
12-07 07:05:10.174 22064 22064 W System.err: 	at androidx.test.espresso.ViewInteraction$2.call(ViewInteraction.java:9)
12-07 07:05:10.174 22064 22064 W System.err: 	at androidx.test.espresso.ViewInteraction$2.call(ViewInteraction.java:1)
12-07 07:05:10.174 22064 22064 W System.err: 	at java.util.concurrent.FutureTask.run(FutureTask.java:266)
12-07 07:05:10.174 22064 22064 W System.err: 	at android.os.Handler.handleCallback(Handler.java:883)
12-07 07:05:10.174 22064 22064 W System.err: 	at android.os.Handler.dispatchMessage(Handler.java:100)
12-07 07:05:10.174 22064 22064 W System.err: 	at android.os.Looper.loop(Looper.java:214)
12-07 07:05:10.174 22064 22064 W System.err: 	at android.app.ActivityThread.main(ActivityThread.java:7356)
12-07 07:05:10.174 22064 22064 W System.err: 	at java.lang.reflect.Method.invoke(Native Method)
12-07 07:05:10.174 22064 22064 W System.err: 	at com.android.internal.os.RuntimeInit$MethodAndArgsCaller.run(RuntimeInit.java:492)
12-07 07:05:10.174 22064 22064 W System.err: 	at com.android.internal.os.ZygoteInit.main(ZygoteInit.java:930)
12-07 07:05:11.074 22064 22064 D RootViewPicker: No matching root available - waiting: 2000ms for one to appear.
12-07 07:05:13.079 22064 22064 I chatty  : uid=10146(ru.iteco.fmhandroid) identical 1 line
12-07 07:05:15.082 22064 22064 D RootViewPicker: No matching root available - waiting: 2000ms for one to appear.
12-07 07:05:16.653  2656 20861 E WakeLock: GCM_HB_ALARM release without a matched acquire!
12-07 07:05:16.787  2656 22411 I NetworkScheduler.Stats: Task com.google.android.gms/com.google.android.gms.checkin.EventLogService started execution. cause:2 exec_start_elapsed_seconds: 30781 [CONTEXT service_id=218 ]
12-07 07:05:16.816  2873 21518 I Checkin : [EventLogChimeraService] Opted in for usage reporting: false
12-07 07:05:16.816  2873 21518 I Checkin : [EventLogChimeraService] Aggregate from 1670395006274 (log), 1670395006274 (data)
12-07 07:05:17.086 22064 22064 D RootViewPicker: No matching root available - waiting: 2000ms for one to appear.
12-07 07:05:17.252  2018  3061 I DropBoxManagerService: add tag=event_data isTagEnabled=true flags=0x2
12-07 07:05:17.262  2018  2059 W BroadcastQueue: Background execution not allowed: receiving Intent { act=android.intent.action.DROPBOX_ENTRY_ADDED flg=0x10 (has extras) } to com.google.android.gms/.stats.service.DropBoxEntryAddedReceiver
12-07 07:05:17.263  2018  2059 W BroadcastQueue: Background execution not allowed: receiving Intent { act=android.intent.action.DROPBOX_ENTRY_ADDED flg=0x10 (has extras) } to com.google.android.gms/.chimera.GmsIntentOperationService$PersistentTrustedReceiver
12-07 07:05:17.305  2656 22412 I NetworkScheduler.Stats: Task com.google.android.gms/com.google.android.gms.checkin.EventLogService finished executing. cause:2 result: 1 elapsed_millis: 569 uptime_millis: 569 exec_start_elapsed_seconds: 30781 [CONTEXT service_id=218 ]
12-07 07:05:19.098 22064 22064 D takeScreenshot: Found 1 global views to redraw
12-07 07:05:19.130  1776  1825 D gralloc_ranchu: gralloc_alloc: Creating ashmem region of size 10108928
12-07 07:05:19.176 22064 22108 W DefaultFailureHandler: Failed to take screenshot
12-07 07:05:19.176 22064 22108 W DefaultFailureHandler: java.io.FileNotFoundException: view-op-error-10.png: open failed: EROFS (Read-only file system)
12-07 07:05:19.176 22064 22108 W DefaultFailureHandler: 	at libcore.io.IoBridge.open(IoBridge.java:496)
12-07 07:05:19.176 22064 22108 W DefaultFailureHandler: 	at java.io.FileOutputStream.<init>(FileOutputStream.java:235)
12-07 07:05:19.176 22064 22108 W DefaultFailureHandler: 	at java.io.FileOutputStream.<init>(FileOutputStream.java:125)
12-07 07:05:19.176 22064 22108 W DefaultFailureHandler: 	at androidx.test.platform.io.FileTestStorage.openOutputFile(FileTestStorage.java:60)
12-07 07:05:19.176 22064 22108 W DefaultFailureHandler: 	at androidx.test.core.graphics.BitmapStorage.writeToTestStorage(BitmapStorageExt.kt:49)
12-07 07:05:19.176 22064 22108 W DefaultFailureHandler: 	at androidx.test.espresso.base.DefaultFailureHandler.takeScreenshot(DefaultFailureHandler.java:4)
12-07 07:05:19.176 22064 22108 W DefaultFailureHandler: 	at androidx.test.espresso.base.DefaultFailureHandler.handle(DefaultFailureHandler.java:3)
12-07 07:05:19.176 22064 22108 W DefaultFailureHandler: 	at androidx.test.espresso.ViewInteraction.waitForAndHandleInteractionResults(ViewInteraction.java:8)
12-07 07:05:19.176 22064 22108 W DefaultFailureHandler: 	at androidx.test.espresso.ViewInteraction.check(ViewInteraction.java:12)
12-07 07:05:19.176 22064 22108 W DefaultFailureHandler: 	at ru.iteco.fmhandroid.ui.steps.ControlPanelSteps.checkToast(ControlPanelSteps.java:219)
12-07 07:05:19.176 22064 22108 W DefaultFailureHandler: 	at ru.iteco.fmhandroid.ui.FilterNewsPageTest.shouldShowAMessageSelectACategoryFromTheList(FilterNewsPageTest.java:580)
12-07 07:05:19.176 22064 22108 W DefaultFailureHandler: 	at java.lang.reflect.Method.invoke(Native Method)
12-07 07:05:19.176 22064 22108 W DefaultFailureHandler: 	at org.junit.runners.model.FrameworkMethod$1.runReflectiveCall(FrameworkMethod.java:59)
12-07 07:05:19.176 22064 22108 W DefaultFailureHandler: 	at org.junit.internal.runners.model.ReflectiveCallable.run(ReflectiveCallable.java:12)
12-07 07:05:19.176 22064 22108 W DefaultFailureHandler: 	at org.junit.runners.model.FrameworkMethod.invokeExplosively(FrameworkMethod.java:56)
12-07 07:05:19.176 22064 22108 W DefaultFailureHandler: 	at org.junit.internal.runners.statements.InvokeMethod.evaluate(InvokeMethod.java:17)
12-07 07:05:19.176 22064 22108 W DefaultFailureHandler: 	at androidx.test.internal.runner.junit4.statement.RunBefores.evaluate(RunBefores.java:80)
12-07 07:05:19.176 22064 22108 W DefaultFailureHandler: 	at io.qameta.allure.android.rules.ScreenshotRule$apply$1.evaluate(ScreenshotRule.kt:22)
12-07 07:05:19.176 22064 22108 W DefaultFailureHandler: 	at org.junit.rules.ExternalResource$1.evaluate(ExternalResource.java:54)
12-07 07:05:19.176 22064 22108 W DefaultFailureHandler: 	at io.qameta.allure.android.rules.LogcatRule$apply$1.evaluate(LogcatRule.kt:23)
12-07 07:05:19.176 22064 22108 W DefaultFailureHandler: 	at org.junit.rules.RunRules.evaluate(RunRules.java:20)
12-07 07:05:19.176 22064 22108 W DefaultFailureHandler: 	at org.junit.runners.ParentRunner$3.evaluate(ParentRunner.java:306)
12-07 07:05:19.176 22064 22108 W DefaultFailureHandler: 	at org.junit.runners.BlockJUnit4ClassRunner$1.evaluate(BlockJUnit4ClassRunner.java:100)
12-07 07:05:19.176 22064 22108 W DefaultFailureHandler: 	at org.junit.runners.ParentRunner.runLeaf(ParentRunner.java:366)
12-07 07:05:19.176 22064 22108 W DefaultFailureHandler: 	at org.junit.runners.BlockJUnit4ClassRunner.runChild(BlockJUnit4ClassRunner.java:103)
12-07 07:05:19.176 22064 22108 W DefaultFailureHandler: 	at org.junit.runners.BlockJUnit4ClassRunner.runChild(BlockJUnit4ClassRunner.java:63)
12-07 07:05:19.176 22064 22108 W DefaultFailureHandler: 	at org.junit.runners.ParentRunner$4.run(ParentRunner.java:331)
12-07 07:05:19.176 22064 22108 W DefaultFailureHandler: 	at org.junit.runners.ParentRunner$1.schedule(ParentRunner.java:79)
12-07 07:05:19.176 22064 22108 W DefaultFailureHandler: 	at org.junit.runners.ParentRunner.runChildren(ParentRunner.java:329)
12-07 07:05:19.176 22064 22108 W DefaultFailureHandler: 	at org.junit.runners.ParentRunner.access$100(ParentRunner.java:66)
12-07 07:05:19.176 22064 22108 W DefaultFailureHandler: 	at org.junit.runners.ParentRunner$2.evaluate(ParentRunner.java:293)
12-07 07:05:19.176 22064 22108 W DefaultFailureHandler: 	at org.junit.runners.ParentRunner$3.evaluate(ParentRunner.java:306)
12-07 07:05:19.176 22064 22108 W DefaultFailureHandler: 	at org.junit.runners.ParentRunner.run(ParentRunner.java:413)
12-07 07:05:19.176 22064 22108 W DefaultFailureHandler: 	at androidx.test.ext.junit.runners.AndroidJUnit4.run(AndroidJUnit4.java:162)
12-07 07:05:19.176 22064 22108 W DefaultFailureHandler: 	at io.qameta.allure.android.runners.AllureAndroidJUnit4.run(AllureAndroidJUnitRunners.kt:29)
12-07 07:05:19.176 22064 22108 W DefaultFailureHandler: 	at org.junit.runners.Suite.runChild(Suite.java:128)
12-07 07:05:19.176 22064 22108 W DefaultFailureHandler: 	at org.junit.runners.Suite.runChild(Suite.java:27)
12-07 07:05:19.176 22064 22108 W DefaultFailureHandler: 	at org.junit.runners.ParentRunner$4.run(ParentRunner.java:331)
12-07 07:05:19.176 22064 22108 W DefaultFailureHandler: 	at org.junit.runners.ParentRunner$1.schedule(ParentRunner.java:79)
12-07 07:05:19.176 22064 22108 W DefaultFailureHandler: 	at org.junit.runners.ParentRunner.runChildren(ParentRunner.java:329)
12-07 07:05:19.176 22064 22108 W DefaultFailureHandler: 	at org.junit.runners.ParentRunner.access$100(ParentRunner.java:66)
12-07 07:05:19.176 22064 22108 W DefaultFailureHandler: 	at org.junit.runners.ParentRunner$2.evaluate(ParentRunner.java:293)
12-07 07:05:19.176 22064 22108 W DefaultFailureHandler: 	at org.junit.runners.ParentRunner$3.evaluate(ParentRunner.java:306)
12-07 07:05:19.176 22064 22108 W DefaultFailureHandler: 	at org.junit.runners.ParentRunner.run(ParentRunner.java:413)
12-07 07:05:19.176 22064 22108 W DefaultFailureHandler: 	at org.junit.runner.JUnitCore.run(JUnitCore.java:137)
12-07 07:05:19.176 22064 22108 W DefaultFailureHandler: 	at org.junit.runner.JUnitCore.run(JUnitCore.java:115)
12-07 07:05:19.176 22064 22108 W DefaultFailureHandler: 	at androidx.test.internal.runner.TestExecutor.execute(TestExecutor.java:67)
12-07 07:05:19.176 22064 22108 W DefaultFailureHandler: 	at androidx.test.internal.runner.TestExecutor.execute(TestExecutor.java:58)
12-07 07:05:19.176 22064 22108 W DefaultFailureHandler: 	at androidx.test.runner.AndroidJUnitRunner.onStart(AndroidJUnitRunner.java:438)
12-07 07:05:19.176 22064 22108 W DefaultFailureHandler: 	at android.app.Instrumentation$InstrumentationThread.run(Instrumentation.java:2189)
12-07 07:05:19.176 22064 22108 W DefaultFailureHandler: Caused by: android.system.ErrnoException: open failed: EROFS (Read-only file system)
12-07 07:05:19.176 22064 22108 W DefaultFailureHandler: 	at libcore.io.Linux.open(Native Method)
12-07 07:05:19.176 22064 22108 W DefaultFailureHandler: 	at libcore.io.ForwardingOs.open(ForwardingOs.java:167)
12-07 07:05:19.176 22064 22108 W DefaultFailureHandler: 	at libcore.io.BlockGuardOs.open(BlockGuardOs.java:252)
12-07 07:05:19.176 22064 22108 W DefaultFailureHandler: 	at libcore.io.ForwardingOs.open(ForwardingOs.java:167)
12-07 07:05:19.176 22064 22108 W DefaultFailureHandler: 	at android.app.ActivityThread$AndroidOs.open(ActivityThread.java:7255)
12-07 07:05:19.176 22064 22108 W DefaultFailureHandler: 	at libcore.io.IoBridge.open(IoBridge.java:482)
12-07 07:05:19.176 22064 22108 W DefaultFailureHandler: 	... 49 more
12-07 07:05:19.183  1776  1825 D gralloc_ranchu: gralloc_alloc: Creating ashmem region of size 10108928
12-07 07:05:19.356  2018  3061 I ActivityTaskManager: START u0 {act=android.intent.action.MAIN cat=[android.intent.category.LAUNCHER] flg=0x10000000 cmp=ru.iteco.fmhandroid.test/androidx.test.core.app.InstrumentationActivityInvoker$EmptyActivity} from uid 10146
12-07 07:05:19.364 22064 22064 D LifecycleMonitor: Lifecycle status change: ru.iteco.fmhandroid.ui.AppActivity@8f697d0 in: PAUSED
12-07 07:05:19.364 22064 22064 V ActivityScenario: Update currentActivityStage to PAUSED, currentActivity=ru.iteco.fmhandroid.ui.AppActivity@8f697d0
12-07 07:05:19.364  2018  3061 W InputReader: Device has associated, but no associated display id.
12-07 07:05:19.368  2018  3061 I chatty  : uid=1000(system) Binder:2018_10 identical 48 lines
12-07 07:05:19.368  2018  3061 W InputReader: Device has associated, but no associated display id.
12-07 07:05:19.368 22120 22120 W ActivityThread: handleWindowVisibility: no activity for token android.os.BinderProxy@15c83ab
12-07 07:05:19.373 22064 22427 V FA      : Recording user engagement, ms: 77780
12-07 07:05:19.403  2018  2037 I ActivityTaskManager: START u0 {act=android.intent.action.MAIN cat=[android.intent.category.LAUNCHER] flg=0x10000000 cmp=ru.iteco.fmhandroid.test/androidx.test.core.app.InstrumentationActivityInvoker$EmptyActivity} from uid 10146
12-07 07:05:19.415 22064 22427 V FA      : Connecting to remote service
12-07 07:05:19.422  1776  1825 D gralloc_ranchu: gralloc_alloc: Creating ashmem region of size 10108928
12-07 07:05:19.427  1776  1825 D gralloc_ranchu: gralloc_alloc: Creating ashmem region of size 10108928
12-07 07:05:19.429 22064 22427 V FA      : Connection attempt already in progress
12-07 07:05:19.429 22064 22427 V FA      : Activity paused, time: 30784460
12-07 07:05:19.430  1776  1825 D gralloc_ranchu: gralloc_alloc: Creating ashmem region of size 10108928
12-07 07:05:19.431 22120 22152 D EGL_emulation: eglMakeCurrent: 0xe593d600: ver 2 0 (tinfo 0xf0c89dd0)
12-07 07:05:19.437 22064 22427 D FA      : Connected to remote service
12-07 07:05:19.438 22064 22427 V FA      : Processing queued up service tasks: 2
12-07 07:05:19.456  2018  7051 W InputReader: Device has associated, but no associated display id.
12-07 07:05:19.460  2018  7051 I chatty  : uid=1000(system) Binder:2018_19 identical 48 lines
12-07 07:05:19.460  2018  7051 W InputReader: Device has associated, but no associated display id.
12-07 07:05:19.464  2873 22432 V FA-SVC  : Logging event: origin=auto,name=user_engagement(_e),params=Bundle[{ga_event_origin(_o)=auto, engagement_time_msec(_et)=77780, ga_screen_class(_sc)=AppActivity, ga_screen_id(_si)=6131447236127349155}]
12-07 07:05:19.469 22120 22120 W ActivityThread: handleWindowVisibility: no activity for token android.os.BinderProxy@8096daa
12-07 07:05:19.492  2018  2036 W ActivityTaskManager: Duplicate finish request for ActivityRecord{f8cb68a u0 ru.iteco.fmhandroid/.ui.AppActivity t146 f}
12-07 07:05:19.499  2873 22432 V FA-SVC  : Upload scheduled in approximately ms: 2045778
12-07 07:05:19.499  2873 22432 V FA-SVC  : Unscheduling upload
12-07 07:05:19.502  2873 22432 V FA-SVC  : Scheduling upload, millis: 2045778
12-07 07:05:19.506  2873 22432 V FA-SVC  : Background event processing time, ms: 42
12-07 07:05:19.512  1776  1825 D gralloc_ranchu: gralloc_alloc: Creating ashmem region of size 10108928
12-07 07:05:19.515  1776  1825 I chatty  : uid=1000(system) HwBinder:1776_1 identical 1 line
12-07 07:05:19.517  1776  1825 D gralloc_ranchu: gralloc_alloc: Creating ashmem region of size 10108928
12-07 07:05:19.520 22120 22152 D EGL_emulation: eglMakeCurrent: 0xe593d600: ver 2 0 (tinfo 0xf0c89dd0)
12-07 07:05:19.542  2018  2054 W InputReader: Device has associated, but no associated display id.
12-07 07:05:19.543  2018  2054 I chatty  : uid=1000(system) android.anim identical 18 lines
12-07 07:05:19.543  2018  2054 W InputReader: Device has associated, but no associated display id.
12-07 07:05:19.560 22064 22155 D EGL_emulation: eglMakeCurrent: 0xe593dde0: ver 2 0 (tinfo 0xf0c9e670)
12-07 07:05:19.565  2018  2058 I ActivityTaskManager: Displayed ru.iteco.fmhandroid.test/androidx.test.core.app.InstrumentationActivityInvoker$EmptyActivity: +95ms
12-07 07:05:19.569  2018  7051 W InputReader: Device has associated, but no associated display id.
12-07 07:05:19.570  2018  7051 I chatty  : uid=1000(system) Binder:2018_19 identical 8 lines
12-07 07:05:19.570  2018  7051 W InputReader: Device has associated, but no associated display id.
