12-07 07:04:01.215  2018  7392 W OpenGLRenderer: Failed to choose config with EGL_SWAP_BEHAVIOR_PRESERVED, retrying without...
12-07 07:04:01.217  2962  2962 W ThreadPoolDumper: Queue length for executor EventBus is now 11. Perhaps some tasks are too long, or the pool is too small.
12-07 07:04:01.224  1793  1793 E Layer   : [Surface(name=AppWindowToken{8dcd2e token=Token{a00d3a9 ActivityRecord{4384b30 u0 com.google.android.apps.nexuslauncher/.NexusLauncherActivity t105}}})/@0x3848044 - animation-leash#0] No local sync point found
12-07 07:04:01.224  1793  1793 E Layer   : [Surface(name=AppWindowToken{6fcef74 token=Token{e59b47 ActivityRecord{4e71686 u0 ru.iteco.fmhandroid.test/androidx.test.core.app.InstrumentationActivityInvoker$EmptyActivity t145}}})/@0x397ad6c - animation-leash#0] No local sync point found
12-07 07:04:01.250  2018  7392 D EGL_emulation: eglCreateContext: 0xb2357640: maj 2 min 0 rcv 2
12-07 07:04:01.263  2018  7392 D EGL_emulation: eglMakeCurrent: 0xb2357640: ver 2 0 (tinfo 0xc0d1c860)
12-07 07:04:01.274  2962  3348 W SessionLifecycleManager: Handover failed. Creating new session controller.
12-07 07:04:01.284  2170  2566 D EGL_emulation: eglMakeCurrent: 0xe594e040: ver 2 0 (tinfo 0xc52450c0)
12-07 07:04:01.301 22120 22152 D EGL_emulation: eglMakeCurrent: 0xe593d600: ver 2 0 (tinfo 0xf0c89dd0)
12-07 07:04:01.301 22064 22064 E WindowManager: 
12-07 07:04:01.301 22064 22064 E WindowManager: android.view.WindowLeaked: Activity ru.iteco.fmhandroid.ui.AppActivity has leaked window DecorView@e042b37[AppActivity] that was originally added here
12-07 07:04:01.301 22064 22064 E WindowManager: 	at android.view.ViewRootImpl.<init>(ViewRootImpl.java:597)
12-07 07:04:01.301 22064 22064 E WindowManager: 	at android.view.WindowManagerGlobal.addView(WindowManagerGlobal.java:377)
12-07 07:04:01.301 22064 22064 E WindowManager: 	at android.view.WindowManagerImpl.addView(WindowManagerImpl.java:95)
12-07 07:04:01.301 22064 22064 E WindowManager: 	at android.app.Dialog.show(Dialog.java:342)
12-07 07:04:01.301 22064 22064 E WindowManager: 	at ru.iteco.fmhandroid.ui.FilterNewsListFragment.onViewCreated$lambda-6(FilterNewsListFragment.kt:168)
12-07 07:04:01.301 22064 22064 E WindowManager: 	at ru.iteco.fmhandroid.ui.FilterNewsListFragment.$r8$lambda$2iZBpxgog5xK71q0jkTfx8e6j1c(Unknown Source:0)
12-07 07:04:01.301 22064 22064 E WindowManager: 	at ru.iteco.fmhandroid.ui.FilterNewsListFragment$$ExternalSyntheticLambda3.onClick(Unknown Source:8)
12-07 07:04:01.301 22064 22064 E WindowManager: 	at android.view.View.performClick(View.java:7125)
12-07 07:04:01.301 22064 22064 E WindowManager: 	at com.google.android.material.button.MaterialButton.performClick(MaterialButton.java:1131)
12-07 07:04:01.301 22064 22064 E WindowManager: 	at android.view.View.performClickInternal(View.java:7102)
12-07 07:04:01.301 22064 22064 E WindowManager: 	at android.view.View.access$3500(View.java:801)
12-07 07:04:01.301 22064 22064 E WindowManager: 	at android.view.View$PerformClick.run(View.java:27336)
12-07 07:04:01.301 22064 22064 E WindowManager: 	at android.os.Handler.handleCallback(Handler.java:883)
12-07 07:04:01.301 22064 22064 E WindowManager: 	at android.os.Handler.dispatchMessage(Handler.java:100)
12-07 07:04:01.301 22064 22064 E WindowManager: 	at androidx.test.espresso.base.Interrogator.loopAndInterrogate(Interrogator.java:14)
12-07 07:04:01.301 22064 22064 E WindowManager: 	at androidx.test.espresso.base.UiControllerImpl.loopUntil(UiControllerImpl.java:8)
12-07 07:04:01.301 22064 22064 E WindowManager: 	at androidx.test.espresso.base.UiControllerImpl.loopUntil(UiControllerImpl.java:1)
12-07 07:04:01.301 22064 22064 E WindowManager: 	at androidx.test.espresso.base.UiControllerImpl.injectMotionEvent(UiControllerImpl.java:5)
12-07 07:04:01.301 22064 22064 E WindowManager: 	at androidx.test.espresso.action.MotionEvents.sendUp(MotionEvents.java:7)
12-07 07:04:01.301 22064 22064 E WindowManager: 	at androidx.test.espresso.action.MotionEvents.sendUp(MotionEvents.java:1)
12-07 07:04:01.301 22064 22064 E WindowManager: 	at androidx.test.espresso.action.Tap.sendSingleTap(Tap.java:5)
12-07 07:04:01.301 22064 22064 E WindowManager: 	at androidx.test.espresso.action.Tap.-$$Nest$smsendSingleTap(Unknown Source:0)
12-07 07:04:01.301 22064 22064 E WindowManager: 	at androidx.test.espresso.action.Tap$1.sendTap(Tap.java:3)
12-07 07:04:01.301 22064 22064 E WindowManager: 	at androidx.test.espresso.action.GeneralClickAction.perform(GeneralClickAction.java:6)
12-07 07:04:01.301 22064 22064 E WindowManager: 	at androidx.test.espresso.ViewInteraction$SingleExecutionViewAction.perform(ViewInteraction.java:2)
12-07 07:04:01.301 22064 22064 E WindowManager: 	at androidx.test.espresso.ViewInteraction.doPerform(ViewInteraction.java:25)
12-07 07:04:01.301 22064 22064 E WindowManager: 	at androidx.test.espresso.ViewInteraction.-$$Nest$mdoPerform(Unknown Source:0)
12-07 07:04:01.301 22064 22064 E WindowManager: 	at androidx.test.espresso.ViewInteraction$1.call(ViewInteraction.java:7)
12-07 07:04:01.301 22064 22064 E WindowManager: 	at androidx.test.espresso.ViewInteraction$1.call(ViewInteraction.java:1)
12-07 07:04:01.301 22064 22064 E WindowManager: 	at java.util.concurrent.FutureTask.run(FutureTask.java:266)
12-07 07:04:01.301 22064 22064 E WindowManager: 	at android.os.Handler.handleCallback(Handler.java:883)
12-07 07:04:01.301 22064 22064 E WindowManager: 	at android.os.Handler.dispatchMessage(Handler.java:100)
12-07 07:04:01.301 22064 22064 E WindowManager: 	at android.os.Looper.loop(Looper.java:214)
12-07 07:04:01.301 22064 22064 E WindowManager: 	at android.app.ActivityThread.main(ActivityThread.java:7356)
12-07 07:04:01.301 22064 22064 E WindowManager: 	at java.lang.reflect.Method.invoke(Native Method)
12-07 07:04:01.301 22064 22064 E WindowManager: 	at com.android.internal.os.RuntimeInit$MethodAndArgsCaller.run(RuntimeInit.java:492)
12-07 07:04:01.301 22064 22064 E WindowManager: 	at com.android.internal.os.ZygoteInit.main(ZygoteInit.java:930)
12-07 07:04:01.301  2170  2566 D EGL_emulation: eglMakeCurrent: 0xe594e040: ver 2 0 (tinfo 0xc52450c0)
12-07 07:04:01.316  2170  2186 I ndroid.systemu: NativeAlloc concurrent copying GC freed 5972(385KB) AllocSpace objects, 0(0B) LOS objects, 49% free, 5258KB/10MB, paused 17.716ms total 49.698ms
12-07 07:04:01.317 12448 12468 W System  : A resource failed to call release. 
12-07 07:04:01.318 12448 12468 I chatty  : uid=10108(com.google.android.apps.nexuslauncher) FinalizerDaemon identical 2 lines
12-07 07:04:01.318 12448 12468 W System  : A resource failed to call release. 
12-07 07:04:01.358  2656 22386 E SQLiteDatabase: Error inserting flex_time=2124000 job_id=-1 period=4249000 source=16 requires_charging=0 preferred_network_type=1 target_class=com.google.android.gms.measurement.PackageMeasurementTaskService user_id=0 target_package=com.google.android.gms tag=Measurement.PackageMeasurementTaskService.UPLOAD_TASK_TAG task_type=0 required_idleness_state=0 service_kind=0 source_version=202414000 persistence_level=1 preferred_charging_state=1 required_network_type=0 runtime=1670396641213 retry_strategy={"maximum_backoff_seconds":{"3600":0},"initial_backoff_seconds":{"30":0},"retry_policy":{"0":0}} last_runtime=0
12-07 07:04:01.358  2656 22386 E SQLiteDatabase: android.database.sqlite.SQLiteConstraintException: UNIQUE constraint failed: pending_ops.tag, pending_ops.target_class, pending_ops.target_package, pending_ops.user_id (code 2067 SQLITE_CONSTRAINT_UNIQUE)
12-07 07:04:01.358  2656 22386 E SQLiteDatabase: 	at android.database.sqlite.SQLiteConnection.nativeExecuteForLastInsertedRowId(Native Method)
12-07 07:04:01.358  2656 22386 E SQLiteDatabase: 	at android.database.sqlite.SQLiteConnection.executeForLastInsertedRowId(SQLiteConnection.java:879)
12-07 07:04:01.358  2656 22386 E SQLiteDatabase: 	at android.database.sqlite.SQLiteSession.executeForLastInsertedRowId(SQLiteSession.java:790)
12-07 07:04:01.358  2656 22386 E SQLiteDatabase: 	at android.database.sqlite.SQLiteStatement.executeInsert(SQLiteStatement.java:88)
12-07 07:04:01.358  2656 22386 E SQLiteDatabase: 	at android.database.sqlite.SQLiteDatabase.insertWithOnConflict(SQLiteDatabase.java:1599)
12-07 07:04:01.358  2656 22386 E SQLiteDatabase: 	at android.database.sqlite.SQLiteDatabase.insert(SQLiteDatabase.java:1468)
12-07 07:04:01.358  2656 22386 E SQLiteDatabase: 	at aqui.a(:com.google.android.gms@202414022@20.24.14 (040700-319035315):175)
12-07 07:04:01.358  2656 22386 E SQLiteDatabase: 	at aqtk.a(:com.google.android.gms@202414022@20.24.14 (040700-319035315):182)
12-07 07:04:01.358  2656 22386 E SQLiteDatabase: 	at aqtk.a(:com.google.android.gms@202414022@20.24.14 (040700-319035315):23)
12-07 07:04:01.358  2656 22386 E SQLiteDatabase: 	at aqtk.a(:com.google.android.gms@202414022@20.24.14 (040700-319035315):177)
12-07 07:04:01.358  2656 22386 E SQLiteDatabase: 	at aqpu.run(:com.google.android.gms@202414022@20.24.14 (040700-319035315):9)
12-07 07:04:01.358  2656 22386 E SQLiteDatabase: 	at soy.b(:com.google.android.gms@202414022@20.24.14 (040700-319035315):12)
12-07 07:04:01.358  2656 22386 E SQLiteDatabase: 	at soy.run(:com.google.android.gms@202414022@20.24.14 (040700-319035315):7)
12-07 07:04:01.358  2656 22386 E SQLiteDatabase: 	at java.util.concurrent.ThreadPoolExecutor.runWorker(ThreadPoolExecutor.java:1167)
12-07 07:04:01.358  2656 22386 E SQLiteDatabase: 	at java.util.concurrent.ThreadPoolExecutor$Worker.run(ThreadPoolExecutor.java:641)
12-07 07:04:01.358  2656 22386 E SQLiteDatabase: 	at sux.run(:com.google.android.gms@202414022@20.24.14 (040700-319035315):0)
12-07 07:04:01.358  2656 22386 E SQLiteDatabase: 	at java.lang.Thread.run(Thread.java:919)
12-07 07:04:01.373 22064 22108 I TestRunner: started: shouldShowAMessageSelectACategoryFromTheList(ru.iteco.fmhandroid.ui.FilterNewsPageTest)
12-07 07:04:01.389  2962 22234 W LocationOracle: No location history returned by ContextManager
12-07 07:04:01.406  2962  3348 I MicroDetectionWorker: #startMicroDetector [speakerMode: 0]
12-07 07:04:01.408  2962  3348 W ErrorReporter: reportError [type: 211, code: 393244, bug: 0]: errorCode: 393244, engine: 0
12-07 07:04:01.412  2962  3348 I MicroDetector: Keeping mic open: false
12-07 07:04:01.412  2962  3348 I MicroDetectionWorker: #onError(false)
12-07 07:04:01.413 22064 22108 W Settings: Setting always_finish_activities has moved from android.provider.Settings.System to android.provider.Settings.Global, returning read-only value.
12-07 07:04:01.418  2018  3061 I ActivityTaskManager: START u0 {act=android.intent.action.MAIN cat=[android.intent.category.LAUNCHER] flg=0x10008000 cmp=ru.iteco.fmhandroid.test/androidx.test.core.app.InstrumentationActivityInvoker$BootstrapActivity (has extras)} from uid 10146
12-07 07:04:01.430  2018  3061 W InputReader: Device has associated, but no associated display id.
12-07 07:04:01.431  2018  3061 I chatty  : uid=1000(system) Binder:2018_10 identical 28 lines
12-07 07:04:01.431  2018  3061 W InputReader: Device has associated, but no associated display id.
12-07 07:04:01.434 22120 22120 W ActivityThread: handleWindowVisibility: no activity for token android.os.BinderProxy@482133
12-07 07:04:01.434  2018  3061 W InputReader: Device has associated, but no associated display id.
12-07 07:04:01.434  2018  3061 I chatty  : uid=1000(system) Binder:2018_10 identical 8 lines
12-07 07:04:01.434  2018  3061 W InputReader: Device has associated, but no associated display id.
12-07 07:04:01.435  2656  3542 W GCoreFlp: No location to return for getLastLocation()
12-07 07:04:01.450  1776  1825 D gralloc_ranchu: gralloc_alloc: Creating ashmem region of size 10108928
12-07 07:04:01.477  2018  2358 I ActivityTaskManager: START u0 {act=android.intent.action.MAIN cat=[android.intent.category.LAUNCHER] cmp=ru.iteco.fmhandroid/.ui.AppActivity} from uid 10146
12-07 07:04:01.489  2018  3038 W InputReader: Device has associated, but no associated display id.
12-07 07:04:01.492  2018  3038 I chatty  : uid=1000(system) Binder:2018_C identical 38 lines
12-07 07:04:01.492  2018  3038 W InputReader: Device has associated, but no associated display id.
12-07 07:04:01.493 22064 22064 W ActivityThread: handleWindowVisibility: no activity for token android.os.BinderProxy@90c4964
12-07 07:04:01.495  2018  3038 W InputReader: Device has associated, but no associated display id.
12-07 07:04:01.495  2018  3038 I chatty  : uid=1000(system) Binder:2018_C identical 8 lines
12-07 07:04:01.495  2018  3038 W InputReader: Device has associated, but no associated display id.
12-07 07:04:01.496  2018  2031 I system_server: NativeAlloc concurrent copying GC freed 54697(2347KB) AllocSpace objects, 5(164KB) LOS objects, 28% free, 15MB/21MB, paused 655us total 138.127ms
12-07 07:04:01.499  2018  3038 W InputReader: Device has associated, but no associated display id.
12-07 07:04:01.499  2018  3038 I chatty  : uid=1000(system) Binder:2018_C identical 8 lines
12-07 07:04:01.499  2018  3038 W InputReader: Device has associated, but no associated display id.
12-07 07:04:01.512  2962  3510 D EGL_emulation: eglMakeCurrent: 0xe597d120: ver 2 0 (tinfo 0xbffb2540)
12-07 07:04:01.515 22064 22064 D LifecycleMonitor: Lifecycle status change: ru.iteco.fmhandroid.ui.AppActivity@8f697d0 in: PRE_ON_CREATE
12-07 07:04:01.515 22064 22064 V ActivityScenario: Activity lifecycle changed event received but ignored because the reported transition was not ON_CREATE while the last known transition was PRE_ON_CREATE
12-07 07:04:01.518  2170  2566 D EGL_emulation: eglMakeCurrent: 0xe594e040: ver 2 0 (tinfo 0xc52450c0)
12-07 07:04:01.527 12448 12488 D EGL_emulation: eglMakeCurrent: 0xe594d140: ver 2 0 (tinfo 0xc539bd10)
12-07 07:04:01.535 22064 22096 V FA      : onActivityCreated
12-07 07:04:01.552 22064 22064 D LifecycleMonitor: Lifecycle status change: ru.iteco.fmhandroid.ui.AppActivity@8f697d0 in: CREATED
12-07 07:04:01.552 22064 22064 V ActivityScenario: Update currentActivityStage to CREATED, currentActivity=ru.iteco.fmhandroid.ui.AppActivity@8f697d0
12-07 07:04:01.566  2656 22389 W ctxmgr  : [AclManager] No 3 for (accnt=account#-517948760#, com.google.android.gms(10112):UserVelocityProducer, vrsn=202414022, 0, 3pPkg = null ,  3pMdlId = null ,  pid = 2656). Was: 3 for 1, account#-517948760# [CONTEXT service_id=47 ]
12-07 07:04:01.566  2962 22231 I PBSessionCacheImpl: Deleted sessionId[635179257037] from persistence.
12-07 07:04:01.573  2962  3348 W SearchServiceCore: Abort, client detached.
12-07 07:04:01.580 22064 22064 D LifecycleMonitor: Lifecycle status change: ru.iteco.fmhandroid.ui.AppActivity@8f697d0 in: STARTED
12-07 07:04:01.581 22064 22064 V ActivityScenario: Update currentActivityStage to STARTED, currentActivity=ru.iteco.fmhandroid.ui.AppActivity@8f697d0
12-07 07:04:01.581 22064 22064 D LifecycleMonitor: Lifecycle status change: ru.iteco.fmhandroid.ui.AppActivity@8f697d0 in: RESUMED
12-07 07:04:01.582 22064 22064 V ActivityScenario: Update currentActivityStage to RESUMED, currentActivity=ru.iteco.fmhandroid.ui.AppActivity@8f697d0
12-07 07:04:01.583 22064 22368 V FA      : Activity resumed, time: 30706677
12-07 07:04:01.604  2656 22281 I LogUtils: [Places]: ?: Couldn't find platform key file. [CONTEXT service_id=253 ]
12-07 07:04:01.607  1776  1825 D gralloc_ranchu: gralloc_alloc: Creating ashmem region of size 10108928
12-07 07:04:01.612  1776  1825 I chatty  : uid=1000(system) HwBinder:1776_1 identical 1 line
12-07 07:04:01.613  1776  1825 D gralloc_ranchu: gralloc_alloc: Creating ashmem region of size 10108928
12-07 07:04:01.616 22064 22155 D EGL_emulation: eglMakeCurrent: 0xe593dde0: ver 2 0 (tinfo 0xf0c9e670)
12-07 07:04:01.617  2656  3542 W GCoreFlp: No location to return for getLastLocation()
12-07 07:04:01.675  2018  2058 I ActivityTaskManager: Displayed ru.iteco.fmhandroid/.ui.AppActivity: +234ms
12-07 07:04:01.731  2873 22373 V FA-SVC  : Logging event: origin=auto,name=screen_view(_vs),params=Bundle[{ga_event_origin(_o)=auto, ga_previous_class(_pc)=AppActivity, ga_previous_id(_pi)=6131447236127349154, ga_screen_class(_sc)=AppActivity, ga_screen_id(_si)=6131447236127349155}]
12-07 07:04:01.741  2873 22373 V FA-SVC  : Upload scheduled in approximately ms: 2123536
12-07 07:04:01.741  2873 22373 V FA-SVC  : Unscheduling upload
12-07 07:04:01.750  2873 22373 V FA-SVC  : Scheduling upload, millis: 2123536
12-07 07:04:01.754  2873 22373 V FA-SVC  : Background event processing time, ms: 23
12-07 07:04:01.758  2656  2656 I GeofencerStateMachine: removeGeofences: removeRequest=RemoveGeofencingRequest[REMOVE_BY_PENDING_INTENT pendingIntent=PendingIntent[creatorPackage=com.google.android.gms], packageName=com.google.android.gms]
12-07 07:04:01.761  2656  2656 I GeofencerStateMachine: removeGeofences: removeRequest=RemoveGeofencingRequest[REMOVE_BY_PENDING_INTENT pendingIntent=PendingIntent[creatorPackage=com.google.android.gms], packageName=com.google.android.gms]
12-07 07:04:01.774  2656 22281 I LogUtils: [Places]: ?: Couldn't find platform key file. [CONTEXT service_id=253 ]
12-07 07:04:01.777  2656 22409 I PlacesLogger: [PlaceInferenceEngine]: [anon] Changed inference mode: 0 [CONTEXT service_id=253 ]
12-07 07:04:01.788  2656 22412 I LogUtils: [Places]: ?: Couldn't find platform key file. [CONTEXT service_id=253 ]
12-07 07:04:01.790  2656 22389 I ctxmgr  : [ProducerStatusImpl] updateStateForNewContextData: inactive, contextName=7 [CONTEXT service_id=47 ]
12-07 07:04:01.797  2656  3542 W GCoreFlp: No location to return for getLastLocation()
12-07 07:04:01.808  2656 22386 E SQLiteDatabase: Error inserting flex_time=2123000 job_id=-1 period=4248000 source=16 requires_charging=0 preferred_network_type=1 target_class=com.google.android.gms.measurement.PackageMeasurementTaskService user_id=0 target_package=com.google.android.gms tag=Measurement.PackageMeasurementTaskService.UPLOAD_TASK_TAG task_type=0 required_idleness_state=0 service_kind=0 source_version=202414000 persistence_level=1 preferred_charging_state=1 required_network_type=0 runtime=1670396641768 retry_strategy={"maximum_backoff_seconds":{"3600":0},"initial_backoff_seconds":{"30":0},"retry_policy":{"0":0}} last_runtime=0
12-07 07:04:01.808  2656 22386 E SQLiteDatabase: android.database.sqlite.SQLiteConstraintException: UNIQUE constraint failed: pending_ops.tag, pending_ops.target_class, pending_ops.target_package, pending_ops.user_id (code 2067 SQLITE_CONSTRAINT_UNIQUE)
12-07 07:04:01.808  2656 22386 E SQLiteDatabase: 	at android.database.sqlite.SQLiteConnection.nativeExecuteForLastInsertedRowId(Native Method)
12-07 07:04:01.808  2656 22386 E SQLiteDatabase: 	at android.database.sqlite.SQLiteConnection.executeForLastInsertedRowId(SQLiteConnection.java:879)
12-07 07:04:01.808  2656 22386 E SQLiteDatabase: 	at android.database.sqlite.SQLiteSession.executeForLastInsertedRowId(SQLiteSession.java:790)
12-07 07:04:01.808  2656 22386 E SQLiteDatabase: 	at android.database.sqlite.SQLiteStatement.executeInsert(SQLiteStatement.java:88)
12-07 07:04:01.808  2656 22386 E SQLiteDatabase: 	at android.database.sqlite.SQLiteDatabase.insertWithOnConflict(SQLiteDatabase.java:1599)
12-07 07:04:01.808  2656 22386 E SQLiteDatabase: 	at android.database.sqlite.SQLiteDatabase.insert(SQLiteDatabase.java:1468)
12-07 07:04:01.808  2656 22386 E SQLiteDatabase: 	at aqui.a(:com.google.android.gms@202414022@20.24.14 (040700-319035315):175)
12-07 07:04:01.808  2656 22386 E SQLiteDatabase: 	at aqtk.a(:com.google.android.gms@202414022@20.24.14 (040700-319035315):182)
12-07 07:04:01.808  2656 22386 E SQLiteDatabase: 	at aqtk.a(:com.google.android.gms@202414022@20.24.14 (040700-319035315):23)
12-07 07:04:01.808  2656 22386 E SQLiteDatabase: 	at aqtk.a(:com.google.android.gms@202414022@20.24.14 (040700-319035315):177)
12-07 07:04:01.808  2656 22386 E SQLiteDatabase: 	at aqpu.run(:com.google.android.gms@202414022@20.24.14 (040700-319035315):9)
12-07 07:04:01.808  2656 22386 E SQLiteDatabase: 	at soy.b(:com.google.android.gms@202414022@20.24.14 (040700-319035315):12)
12-07 07:04:01.808  2656 22386 E SQLiteDatabase: 	at soy.run(:com.google.android.gms@202414022@20.24.14 (040700-319035315):7)
12-07 07:04:01.808  2656 22386 E SQLiteDatabase: 	at java.util.concurrent.ThreadPoolExecutor.runWorker(ThreadPoolExecutor.java:1167)
12-07 07:04:01.808  2656 22386 E SQLiteDatabase: 	at java.util.concurrent.ThreadPoolExecutor$Worker.run(ThreadPoolExecutor.java:641)
12-07 07:04:01.808  2656 22386 E SQLiteDatabase: 	at sux.run(:com.google.android.gms@202414022@20.24.14 (040700-319035315):0)
12-07 07:04:01.808  2656 22386 E SQLiteDatabase: 	at java.lang.Thread.run(Thread.java:919)
12-07 07:04:01.815  2656 22386 I LogUtils: [Places]: ?: Couldn't find platform key file. [CONTEXT service_id=253 ]
12-07 07:04:01.826  2656 22386 I LogUtils: [Places]: ?: Couldn't find platform key file. [CONTEXT service_id=253 ]
12-07 07:04:01.828  2656  3542 W GCoreFlp: No location to return for getLastLocation()
12-07 07:04:01.852  2656 22386 I LogUtils: [Places]: ?: Couldn't find platform key file. [CONTEXT service_id=253 ]
12-07 07:04:01.869  2656 22409 I LogUtils: [Places]: ?: PlacesBleScanner start() with priority 2 [CONTEXT service_id=253 ]
12-07 07:04:01.870  2656 22409 I PlacesLogger: [PlaceInferenceEngine]: [anon] Changed inference mode: 1 [CONTEXT service_id=253 ]
12-07 07:04:01.880  2656  2656 E BeaconBle: Missing BluetoothAdapter [CONTEXT service_id=111 ]
12-07 07:04:01.881  2656  2656 I BeaconBle: BLE 'KK+' software access layer enabled [CONTEXT service_id=111 ]
12-07 07:04:01.892  2656  3542 W GCoreFlp: No location to return for getLastLocation()
12-07 07:04:01.895  2656  2656 I BeaconBle: Client requested scan, settings=BleSettings [scanMode=ZERO_POWER, callbackType=ALL_MATCHES, reportDelayMillis=0, 1 filters, 0 clients, callingClientName=Places] [CONTEXT service_id=111 ]
12-07 07:04:01.895  2656  2656 I BeaconBle: Scan : No clients left, canceling alarm. [CONTEXT service_id=111 ]
12-07 07:04:01.897  2656  2656 E BeaconBle: Scan couldn't start for Places [CONTEXT service_id=111 ]
12-07 07:04:01.897  2656  2656 W Places  : BLE failure while scanning - code 5
12-07 07:04:01.952  2873  2889 I gle.android.gm: Background young concurrent copying GC freed 31119(1783KB) AllocSpace objects, 0(0B) LOS objects, 20% free, 7298KB/9175KB, paused 5.107ms total 215.735ms
12-07 07:04:02.319 22064 22064 I ViewInteraction: Performing 'wait for a specific view with <(an instance of android.widget.TextView and view.getText() with or without transformation to match: is "Authorization" and view.getParent() view.getParent() view.getId() is <2131231186>)> during 10000 millis.' action on view view.getRootView() to equal view
12-07 07:04:03.646  1764  1764 W audio_hw_generic: Not supplying enough data to HAL, expected position 55822446 , only wrote 55485662
12-07 07:04:04.583 22064 22174 I okhttp.OkHttpClient: --> GET http://www.981757-ca08998.tmweb.ru:8080/fmh/authentication/userInfo
12-07 07:04:04.583 22064 22174 I okhttp.OkHttpClient: --> END GET
12-07 07:04:04.708 22064 22174 I okhttp.OkHttpClient: <-- 200 http://www.981757-ca08998.tmweb.ru:8080/fmh/authentication/userInfo (124ms)
12-07 07:04:04.708 22064 22174 I okhttp.OkHttpClient: Vary: Origin
12-07 07:04:04.708 22064 22174 I okhttp.OkHttpClient: Vary: Access-Control-Request-Method
12-07 07:04:04.708 22064 22174 I okhttp.OkHttpClient: Vary: Access-Control-Request-Headers
12-07 07:04:04.708 22064 22174 I okhttp.OkHttpClient: X-Content-Type-Options: nosniff
12-07 07:04:04.708 22064 22174 I okhttp.OkHttpClient: X-XSS-Protection: 1; mode=block
12-07 07:04:04.708 22064 22174 I okhttp.OkHttpClient: Cache-Control: no-cache, no-store, max-age=0, must-revalidate
12-07 07:04:04.709 22064 22174 I okhttp.OkHttpClient: Pragma: no-cache
12-07 07:04:04.709 22064 22174 I okhttp.OkHttpClient: Expires: 0
12-07 07:04:04.709 22064 22174 I okhttp.OkHttpClient: X-Frame-Options: DENY
12-07 07:04:04.709 22064 22174 I okhttp.OkHttpClient: Content-Type: application/json
12-07 07:04:04.709 22064 22174 I okhttp.OkHttpClient: Transfer-Encoding: chunked
12-07 07:04:04.709 22064 22174 I okhttp.OkHttpClient: Date: Wed, 07 Dec 2022 07:04:06 GMT
12-07 07:04:04.709 22064 22174 I okhttp.OkHttpClient: Keep-Alive: timeout=60
12-07 07:04:04.709 22064 22174 I okhttp.OkHttpClient: Connection: keep-alive
12-07 07:04:04.709 22064 22174 I okhttp.OkHttpClient: {"id":2,"firstName":"Данил","lastName":"Иванов","middleName":"Данилович","admin":true}
12-07 07:04:04.709 22064 22174 I okhttp.OkHttpClient: <-- END HTTP (106-byte body)
12-07 07:04:04.718 22064 22197 I okhttp.OkHttpClient: --> GET http://www.981757-ca08998.tmweb.ru:8080/fmh/claims
12-07 07:04:04.718 22064 22197 I okhttp.OkHttpClient: --> END GET
12-07 07:04:04.721  1744 22414 E ResolverController: No valid NAT64 prefix (100, <unspecified>/0)
12-07 07:04:04.833 22064 22077 I teco.fmhandroi: NativeAlloc concurrent copying GC freed 128097(6452KB) AllocSpace objects, 8(288KB) LOS objects, 35% free, 10MB/16MB, paused 529us total 119.120ms
12-07 07:04:05.602  1893  1893 E netmgr  : Failed to open QEMU pipe 'qemud:network': Invalid argument
12-07 07:04:06.661  2656 22386 I LogUtils: [Places]: ?: Couldn't find platform key file. [CONTEXT service_id=253 ]
12-07 07:04:06.664  2656 22413 I LogUtils: [Places]: ?: Couldn't find platform key file. [CONTEXT service_id=253 ]
12-07 07:04:06.677  2656 22409 I LogUtils: [Places]: ?: PlacesBleScanner stop() [CONTEXT service_id=253 ]
12-07 07:04:06.677  2656  2656 I BeaconBle: Scan : No clients left, canceling alarm. [CONTEXT service_id=111 ]
12-07 07:04:06.678  2656  2656 I BeaconBle: Scan canceled successfully. [CONTEXT service_id=111 ]
12-07 07:04:06.683  2656 22409 I PlacesLogger: [PlaceInferenceEngine]: [anon] Changed inference mode: 0 [CONTEXT service_id=253 ]
12-07 07:04:06.694  2656 22412 I LogUtils: [Places]: ?: Couldn't find platform key file. [CONTEXT service_id=253 ]
12-07 07:04:06.696  2656 22411 I LogUtils: [Places]: ?: Couldn't find platform key file. [CONTEXT service_id=253 ]
12-07 07:04:06.711  2656  3542 W GCoreFlp: No location to return for getLastLocation()
12-07 07:04:06.729  2656  2656 I GeofencerStateMachine: removeGeofences: removeRequest=RemoveGeofencingRequest[REMOVE_BY_PENDING_INTENT pendingIntent=PendingIntent[creatorPackage=com.google.android.gms], packageName=com.google.android.gms]
12-07 07:04:06.731 22064 22368 V FA      : Inactivity, disconnecting from the service
12-07 07:04:07.303 22064 22197 I okhttp.OkHttpClient: <-- 200 http://www.981757-ca08998.tmweb.ru:8080/fmh/claims (2585ms)
12-07 07:04:07.303 22064 22197 I okhttp.OkHttpClient: Vary: Origin
12-07 07:04:07.303 22064 22197 I okhttp.OkHttpClient: Vary: Access-Control-Request-Method
12-07 07:04:07.303 22064 22197 I okhttp.OkHttpClient: Vary: Access-Control-Request-Headers
12-07 07:04:07.303 22064 22197 I okhttp.OkHttpClient: X-Content-Type-Options: nosniff
12-07 07:04:07.303 22064 22197 I okhttp.OkHttpClient: X-XSS-Protection: 1; mode=block
12-07 07:04:07.303 22064 22197 I okhttp.OkHttpClient: Cache-Control: no-cache, no-store, max-age=0, must-revalidate
12-07 07:04:07.304 22064 22197 I okhttp.OkHttpClient: Pragma: no-cache
12-07 07:04:07.304 22064 22197 I okhttp.OkHttpClient: Expires: 0
12-07 07:04:07.304 22064 22197 I okhttp.OkHttpClient: X-Frame-Options: DENY
12-07 07:04:07.304 22064 22197 I okhttp.OkHttpClient: Content-Type: application/json
12-07 07:04:07.304 22064 22197 I okhttp.OkHttpClient: Transfer-Encoding: chunked
12-07 07:04:07.304 22064 22197 I okhttp.OkHttpClient: Date: Wed, 07 Dec 2022 07:04:09 GMT
12-07 07:04:07.304 22064 22197 I okhttp.OkHttpClient: Keep-Alive: timeout=60
12-07 07:04:07.304 22064 22197 I okhttp.OkHttpClient: Connection: keep-alive
12-07 07:04:09.815  1905  1905 E wifi_forwarder: RemoteConnection failed to initialize: RemoteConnection failed to open pipe
12-07 07:04:11.581  2962  3348 I WorkerManager: dispose()
12-07 07:04:11.581  2962  3348 W ThreadPoolDumper: Queue length for executor EventBus is now 11. Perhaps some tasks are too long, or the pool is too small.
12-07 07:04:11.684  2656  2656 I BeaconBle: Scan : No clients left, canceling alarm. [CONTEXT service_id=111 ]
12-07 07:04:12.335 22064 22064 D takeScreenshot: Found 1 global views to redraw
12-07 07:04:12.362  1776  1825 D gralloc_ranchu: gralloc_alloc: Creating ashmem region of size 10108928
12-07 07:04:12.392 22064 22108 W DefaultFailureHandler: Failed to take screenshot
12-07 07:04:12.392 22064 22108 W DefaultFailureHandler: java.io.FileNotFoundException: view-op-error-9.png: open failed: EROFS (Read-only file system)
12-07 07:04:12.392 22064 22108 W DefaultFailureHandler: 	at libcore.io.IoBridge.open(IoBridge.java:496)
12-07 07:04:12.392 22064 22108 W DefaultFailureHandler: 	at java.io.FileOutputStream.<init>(FileOutputStream.java:235)
12-07 07:04:12.392 22064 22108 W DefaultFailureHandler: 	at java.io.FileOutputStream.<init>(FileOutputStream.java:125)
12-07 07:04:12.392 22064 22108 W DefaultFailureHandler: 	at androidx.test.platform.io.FileTestStorage.openOutputFile(FileTestStorage.java:60)
12-07 07:04:12.392 22064 22108 W DefaultFailureHandler: 	at androidx.test.core.graphics.BitmapStorage.writeToTestStorage(BitmapStorageExt.kt:49)
12-07 07:04:12.392 22064 22108 W DefaultFailureHandler: 	at androidx.test.espresso.base.DefaultFailureHandler.takeScreenshot(DefaultFailureHandler.java:4)
12-07 07:04:12.392 22064 22108 W DefaultFailureHandler: 	at androidx.test.espresso.base.DefaultFailureHandler.handle(DefaultFailureHandler.java:3)
12-07 07:04:12.392 22064 22108 W DefaultFailureHandler: 	at androidx.test.espresso.ViewInteraction.waitForAndHandleInteractionResults(ViewInteraction.java:8)
12-07 07:04:12.392 22064 22108 W DefaultFailureHandler: 	at androidx.test.espresso.ViewInteraction.desugaredPerform(ViewInteraction.java:11)
12-07 07:04:12.392 22064 22108 W DefaultFailureHandler: 	at androidx.test.espresso.ViewInteraction.perform(ViewInteraction.java:8)
12-07 07:04:12.392 22064 22108 W DefaultFailureHandler: 	at ru.iteco.fmhandroid.ui.data.TestUtils.waitView(TestUtils.java:61)
12-07 07:04:12.392 22064 22108 W DefaultFailureHandler: 	at ru.iteco.fmhandroid.ui.steps.AuthSteps.isAuthScreen(AuthSteps.java:56)
12-07 07:04:12.392 22064 22108 W DefaultFailureHandler: 	at ru.iteco.fmhandroid.ui.FilterNewsPageTest.logoutCheck(FilterNewsPageTest.java:53)
12-07 07:04:12.392 22064 22108 W DefaultFailureHandler: 	at java.lang.reflect.Method.invoke(Native Method)
12-07 07:04:12.392 22064 22108 W DefaultFailureHandler: 	at org.junit.runners.model.FrameworkMethod$1.runReflectiveCall(FrameworkMethod.java:59)
12-07 07:04:12.392 22064 22108 W DefaultFailureHandler: 	at org.junit.internal.runners.model.ReflectiveCallable.run(ReflectiveCallable.java:12)
12-07 07:04:12.392 22064 22108 W DefaultFailureHandler: 	at org.junit.runners.model.FrameworkMethod.invokeExplosively(FrameworkMethod.java:56)
12-07 07:04:12.392 22064 22108 W DefaultFailureHandler: 	at androidx.test.internal.runner.junit4.statement.RunBefores.evaluate(RunBefores.java:76)
12-07 07:04:12.392 22064 22108 W DefaultFailureHandler: 	at io.qameta.allure.android.rules.ScreenshotRule$apply$1.evaluate(ScreenshotRule.kt:22)
12-07 07:04:12.392 22064 22108 W DefaultFailureHandler: 	at org.junit.rules.ExternalResource$1.evaluate(ExternalResource.java:54)
12-07 07:04:12.392 22064 22108 W DefaultFailureHandler: 	at io.qameta.allure.android.rules.LogcatRule$apply$1.evaluate(LogcatRule.kt:23)
12-07 07:04:12.392 22064 22108 W DefaultFailureHandler: 	at org.junit.rules.RunRules.evaluate(RunRules.java:20)
12-07 07:04:12.392 22064 22108 W DefaultFailureHandler: 	at org.junit.runners.ParentRunner$3.evaluate(ParentRunner.java:306)
12-07 07:04:12.392 22064 22108 W DefaultFailureHandler: 	at org.junit.runners.BlockJUnit4ClassRunner$1.evaluate(BlockJUnit4ClassRunner.java:100)
12-07 07:04:12.392 22064 22108 W DefaultFailureHandler: 	at org.junit.runners.ParentRunner.runLeaf(ParentRunner.java:366)
12-07 07:04:12.392 22064 22108 W DefaultFailureHandler: 	at org.junit.runners.BlockJUnit4ClassRunner.runChild(BlockJUnit4ClassRunner.java:103)
12-07 07:04:12.392 22064 22108 W DefaultFailureHandler: 	at org.junit.runners.BlockJUnit4ClassRunner.runChild(BlockJUnit4ClassRunner.java:63)
12-07 07:04:12.392 22064 22108 W DefaultFailureHandler: 	at org.junit.runners.ParentRunner$4.run(ParentRunner.java:331)
12-07 07:04:12.392 22064 22108 W DefaultFailureHandler: 	at org.junit.runners.ParentRunner$1.schedule(ParentRunner.java:79)
12-07 07:04:12.392 22064 22108 W DefaultFailureHandler: 	at org.junit.runners.ParentRunner.runChildren(ParentRunner.java:329)
12-07 07:04:12.392 22064 22108 W DefaultFailureHandler: 	at org.junit.runners.ParentRunner.access$100(ParentRunner.java:66)
12-07 07:04:12.392 22064 22108 W DefaultFailureHandler: 	at org.junit.runners.ParentRunner$2.evaluate(ParentRunner.java:293)
12-07 07:04:12.392 22064 22108 W DefaultFailureHandler: 	at org.junit.runners.ParentRunner$3.evaluate(ParentRunner.java:306)
12-07 07:04:12.392 22064 22108 W DefaultFailureHandler: 	at org.junit.runners.ParentRunner.run(ParentRunner.java:413)
12-07 07:04:12.392 22064 22108 W DefaultFailureHandler: 	at androidx.test.ext.junit.runners.AndroidJUnit4.run(AndroidJUnit4.java:162)
12-07 07:04:12.392 22064 22108 W DefaultFailureHandler: 	at io.qameta.allure.android.runners.AllureAndroidJUnit4.run(AllureAndroidJUnitRunners.kt:29)
12-07 07:04:12.392 22064 22108 W DefaultFailureHandler: 	at org.junit.runners.Suite.runChild(Suite.java:128)
12-07 07:04:12.392 22064 22108 W DefaultFailureHandler: 	at org.junit.runners.Suite.runChild(Suite.java:27)
12-07 07:04:12.392 22064 22108 W DefaultFailureHandler: 	at org.junit.runners.ParentRunner$4.run(ParentRunner.java:331)
12-07 07:04:12.392 22064 22108 W DefaultFailureHandler: 	at org.junit.runners.ParentRunner$1.schedule(ParentRunner.java:79)
12-07 07:04:12.392 22064 22108 W DefaultFailureHandler: 	at org.junit.runners.ParentRunner.runChildren(ParentRunner.java:329)
12-07 07:04:12.392 22064 22108 W DefaultFailureHandler: 	at org.junit.runners.ParentRunner.access$100(ParentRunner.java:66)
12-07 07:04:12.392 22064 22108 W DefaultFailureHandler: 	at org.junit.runners.ParentRunner$2.evaluate(ParentRunner.java:293)
12-07 07:04:12.392 22064 22108 W DefaultFailureHandler: 	at org.junit.runners.ParentRunner$3.evaluate(ParentRunner.java:306)
12-07 07:04:12.392 22064 22108 W DefaultFailureHandler: 	at org.junit.runners.ParentRunner.run(ParentRunner.java:413)
12-07 07:04:12.392 22064 22108 W DefaultFailureHandler: 	at org.junit.runner.JUnitCore.run(JUnitCore.java:137)
12-07 07:04:12.392 22064 22108 W DefaultFailureHandler: 	at org.junit.runner.JUnitCore.run(JUnitCore.java:115)
12-07 07:04:12.392 22064 22108 W DefaultFailureHandler: 	at androidx.test.internal.runner.TestExecutor.execute(TestExecutor.java:67)
12-07 07:04:12.392 22064 22108 W DefaultFailureHandler: 	at androidx.test.internal.runner.TestExecutor.execute(TestExecutor.java:58)
12-07 07:04:12.392 22064 22108 W DefaultFailureHandler: 	at androidx.test.runner.AndroidJUnitRunner.onStart(AndroidJUnitRunner.java:438)
12-07 07:04:12.392 22064 22108 W DefaultFailureHandler: 	at android.app.Instrumentation$InstrumentationThread.run(Instrumentation.java:2189)
12-07 07:04:12.392 22064 22108 W DefaultFailureHandler: Caused by: android.system.ErrnoException: open failed: EROFS (Read-only file system)
12-07 07:04:12.393 22064 22108 W DefaultFailureHandler: 	at libcore.io.Linux.open(Native Method)
12-07 07:04:12.393 22064 22108 W DefaultFailureHandler: 	at libcore.io.ForwardingOs.open(ForwardingOs.java:167)
12-07 07:04:12.393 22064 22108 W DefaultFailureHandler: 	at libcore.io.BlockGuardOs.open(BlockGuardOs.java:252)
12-07 07:04:12.393 22064 22108 W DefaultFailureHandler: 	at libcore.io.ForwardingOs.open(ForwardingOs.java:167)
12-07 07:04:12.393 22064 22108 W DefaultFailureHandler: 	at android.app.ActivityThread$AndroidOs.open(ActivityThread.java:7255)
12-07 07:04:12.393 22064 22108 W DefaultFailureHandler: 	at libcore.io.IoBridge.open(IoBridge.java:482)
12-07 07:04:12.393 22064 22108 W DefaultFailureHandler: 	... 50 more
12-07 07:04:12.395 22064 22064 I ViewInteraction: Performing 'wait for a specific view with <view.getId() is <2131230870/ru.iteco.fmhandroid:id/authorization_image_button>> during 10000 millis.' action on view view.getRootView() to equal view
12-07 07:04:12.398 22064 22064 I ViewInteraction: Checking 'MatchesViewAssertion{viewMatcher=(view has effective visibility <VISIBLE> and view.getGlobalVisibleRect() to return non-empty rectangle)}' assertion on view view.getId() is <2131230870/ru.iteco.fmhandroid:id/authorization_image_button>
12-07 07:04:12.402 22064 22064 I ViewInteraction: Performing 'single click' action on view view.getId() is <2131230870/ru.iteco.fmhandroid:id/authorization_image_button>
12-07 07:04:12.459  1764  6994 W audio_hw_generic: Not supplying enough data to HAL, expected position 55485775 , only wrote 55485662
12-07 07:04:12.488  1776  1825 D gralloc_ranchu: gralloc_alloc: Creating ashmem region of size 884736
12-07 07:04:12.494  1776  1825 I chatty  : uid=1000(system) HwBinder:1776_1 identical 1 line
12-07 07:04:12.496  1776  1825 D gralloc_ranchu: gralloc_alloc: Creating ashmem region of size 884736
12-07 07:04:12.497 22064 22155 D EGL_emulation: eglMakeCurrent: 0xe593dde0: ver 2 0 (tinfo 0xf0c9e670)
12-07 07:04:12.518 22064 22155 I chatty  : uid=10146(ru.iteco.fmhandroid) RenderThread identical 2 lines
12-07 07:04:12.547 22064 22155 D EGL_emulation: eglMakeCurrent: 0xe593dde0: ver 2 0 (tinfo 0xf0c9e670)
12-07 07:04:12.769 22064 22064 I ViewInteraction: Performing 'wait for a specific view with <an instance of android.widget.TextView and view.getText() with or without transformation to match: is "Log out"> during 10000 millis.' action on view view.getRootView() to equal view
12-07 07:04:12.771 22064 22064 I ViewInteraction: Checking 'MatchesViewAssertion{viewMatcher=(view has effective visibility <VISIBLE> and view.getGlobalVisibleRect() to return non-empty rectangle)}' assertion on view an instance of android.widget.TextView and view.getText() with or without transformation to match: is "Log out"
12-07 07:04:12.773 22064 22064 I ViewInteraction: Performing 'single click' action on view an instance of android.widget.TextView and view.getText() with or without transformation to match: is "Log out"
12-07 07:04:12.827 22064 22155 D EGL_emulation: eglMakeCurrent: 0xe593dde0: ver 2 0 (tinfo 0xf0c9e670)
12-07 07:04:12.954 22064 22155 I chatty  : uid=10146(ru.iteco.fmhandroid) RenderThread identical 1 line
12-07 07:04:12.973 22064 22155 D EGL_emulation: eglMakeCurrent: 0xe593dde0: ver 2 0 (tinfo 0xf0c9e670)
12-07 07:04:13.071 22064 22064 I ViewInteraction: Performing 'wait for a specific view with <(an instance of android.widget.TextView and view.getText() with or without transformation to match: is "Authorization" and view.getParent() view.getParent() view.getId() is <2131231186>)> during 10000 millis.' action on view view.getRootView() to equal view
12-07 07:04:13.074 22064 22064 I ViewInteraction: Checking 'MatchesViewAssertion{viewMatcher=(view has effective visibility <VISIBLE> and view.getGlobalVisibleRect() to return non-empty rectangle)}' assertion on view (an instance of android.widget.TextView and view.getText() with or without transformation to match: is "Authorization" and view.getParent() view.getParent() view.getId() is <2131231186/ru.iteco.fmhandroid:id/nav_host_fragment>)
12-07 07:04:13.077 22064 22064 I ViewInteraction: Performing 'wait for a specific view with <(an instance of android.widget.TextView and view.getHint() matching: is "Login" and view.getParent() view.getParent() view.getId() is <2131231121/ru.iteco.fmhandroid:id/login_text_input_layout>)> during 10000 millis.' action on view view.getRootView() to equal view
12-07 07:04:13.079 22064 22064 I ViewInteraction: Checking 'MatchesViewAssertion{viewMatcher=(view has effective visibility <VISIBLE> and view.getGlobalVisibleRect() to return non-empty rectangle)}' assertion on view (an instance of android.widget.TextView and view.getHint() matching: is "Login" and view.getParent() view.getParent() view.getId() is <2131231121/ru.iteco.fmhandroid:id/login_text_input_layout>)
12-07 07:04:13.081 22064 22064 I ViewInteraction: Performing 'wait for a specific view with <(an instance of android.widget.TextView and view.getHint() matching: is "Password" and view.getParent() view.getParent() view.getId() is <2131231264/ru.iteco.fmhandroid:id/password_text_input_layout>)> during 10000 millis.' action on view view.getRootView() to equal view
12-07 07:04:13.084 22064 22064 I ViewInteraction: Checking 'MatchesViewAssertion{viewMatcher=(view has effective visibility <VISIBLE> and view.getGlobalVisibleRect() to return non-empty rectangle)}' assertion on view (an instance of android.widget.TextView and view.getHint() matching: is "Password" and view.getParent() view.getParent() view.getId() is <2131231264/ru.iteco.fmhandroid:id/password_text_input_layout>)
12-07 07:04:13.086 22064 22064 I ViewInteraction: Performing 'wait for a specific view with <(view.getId() is <2131231039/ru.iteco.fmhandroid:id/enter_button> and an instance of android.widget.TextView and view.getText() with or without transformation to match: is "SIGN IN" and view.getContentDescription() is "Save" and view.getParent() view.getParent() an instance of android.widget.RelativeLayout)> during 10000 millis.' action on view view.getRootView() to equal view
12-07 07:04:13.089 22064 22064 I ViewInteraction: Checking 'MatchesViewAssertion{viewMatcher=(view has effective visibility <VISIBLE> and view.getGlobalVisibleRect() to return non-empty rectangle)}' assertion on view (view.getId() is <2131231039/ru.iteco.fmhandroid:id/enter_button> and an instance of android.widget.TextView and view.getText() with or without transformation to match: is "SIGN IN" and view.getContentDescription() is "Save" and view.getParent() view.getParent() an instance of android.widget.RelativeLayout)
12-07 07:04:13.092 22064 22064 I ViewInteraction: Performing 'wait for a specific view with <(an instance of android.widget.TextView and view.getText() with or without transformation to match: is "Authorization" and view.getParent() view.getParent() view.getId() is <2131231186>)> during 10000 millis.' action on view view.getRootView() to equal view
12-07 07:04:13.094 22064 22064 I ViewInteraction: Checking 'MatchesViewAssertion{viewMatcher=(view has effective visibility <VISIBLE> and view.getGlobalVisibleRect() to return non-empty rectangle)}' assertion on view (an instance of android.widget.TextView and view.getText() with or without transformation to match: is "Authorization" and view.getParent() view.getParent() view.getId() is <2131231186/ru.iteco.fmhandroid:id/nav_host_fragment>)
12-07 07:04:13.096 22064 22064 I ViewInteraction: Performing 'wait for a specific view with <(an instance of android.widget.TextView and view.getHint() matching: is "Login" and view.getParent() view.getParent() view.getId() is <2131231121/ru.iteco.fmhandroid:id/login_text_input_layout>)> during 10000 millis.' action on view view.getRootView() to equal view
12-07 07:04:13.099 22064 22064 I ViewInteraction: Checking 'MatchesViewAssertion{viewMatcher=(view has effective visibility <VISIBLE> and view.getGlobalVisibleRect() to return non-empty rectangle)}' assertion on view (an instance of android.widget.TextView and view.getHint() matching: is "Login" and view.getParent() view.getParent() view.getId() is <2131231121/ru.iteco.fmhandroid:id/login_text_input_layout>)
12-07 07:04:13.101 22064 22064 I ViewInteraction: Performing 'wait for a specific view with <(an instance of android.widget.TextView and view.getHint() matching: is "Password" and view.getParent() view.getParent() view.getId() is <2131231264/ru.iteco.fmhandroid:id/password_text_input_layout>)> during 10000 millis.' action on view view.getRootView() to equal view
12-07 07:04:13.105 22064 22064 I ViewInteraction: Checking 'MatchesViewAssertion{viewMatcher=(view has effective visibility <VISIBLE> and view.getGlobalVisibleRect() to return non-empty rectangle)}' assertion on view (an instance of android.widget.TextView and view.getHint() matching: is "Password" and view.getParent() view.getParent() view.getId() is <2131231264/ru.iteco.fmhandroid:id/password_text_input_layout>)
12-07 07:04:13.108 22064 22064 I ViewInteraction: Performing 'wait for a specific view with <(view.getId() is <2131231039/ru.iteco.fmhandroid:id/enter_button> and an instance of android.widget.TextView and view.getText() with or without transformation to match: is "SIGN IN" and view.getContentDescription() is "Save" and view.getParent() view.getParent() an instance of android.widget.RelativeLayout)> during 10000 millis.' action on view view.getRootView() to equal view
12-07 07:04:13.111 22064 22064 I ViewInteraction: Checking 'MatchesViewAssertion{viewMatcher=(view has effective visibility <VISIBLE> and view.getGlobalVisibleRect() to return non-empty rectangle)}' assertion on view (view.getId() is <2131231039/ru.iteco.fmhandroid:id/enter_button> and an instance of android.widget.TextView and view.getText() with or without transformation to match: is "SIGN IN" and view.getContentDescription() is "Save" and view.getParent() view.getParent() an instance of android.widget.RelativeLayout)
12-07 07:04:13.113 22064 22064 I ViewInteraction: Performing 'wait for a specific view with <(an instance of android.widget.TextView and view.getHint() matching: is "Login" and view.getParent() view.getParent() view.getId() is <2131231121/ru.iteco.fmhandroid:id/login_text_input_layout>)> during 10000 millis.' action on view view.getRootView() to equal view
12-07 07:04:13.115 22064 22064 I ViewInteraction: Performing 'replace text(login2)' action on view (an instance of android.widget.TextView and view.getHint() matching: is "Login" and view.getParent() view.getParent() view.getId() is <2131231121/ru.iteco.fmhandroid:id/login_text_input_layout>)
12-07 07:04:13.138 22064 22064 I ViewInteraction: Performing 'wait for a specific view with <(an instance of android.widget.TextView and view.getHint() matching: is "Password" and view.getParent() view.getParent() view.getId() is <2131231264/ru.iteco.fmhandroid:id/password_text_input_layout>)> during 10000 millis.' action on view view.getRootView() to equal view
12-07 07:04:13.142 22064 22064 I ViewInteraction: Performing 'replace text(password2)' action on view (an instance of android.widget.TextView and view.getHint() matching: is "Password" and view.getParent() view.getParent() view.getId() is <2131231264/ru.iteco.fmhandroid:id/password_text_input_layout>)
12-07 07:04:13.150 22064 22064 I ViewInteraction: Performing 'wait for a specific view with <(view.getId() is <2131231039/ru.iteco.fmhandroid:id/enter_button> and an instance of android.widget.TextView and view.getText() with or without transformation to match: is "SIGN IN" and view.getContentDescription() is "Save" and view.getParent() view.getParent() an instance of android.widget.RelativeLayout)> during 10000 millis.' action on view view.getRootView() to equal view
12-07 07:04:13.154 22064 22064 I ViewInteraction: Checking 'MatchesViewAssertion{viewMatcher=view.isClickable() is <true>}' assertion on view (view.getId() is <2131231039/ru.iteco.fmhandroid:id/enter_button> and an instance of android.widget.TextView and view.getText() with or without transformation to match: is "SIGN IN" and view.getContentDescription() is "Save" and view.getParent() view.getParent() an instance of android.widget.RelativeLayout)
12-07 07:04:13.157 22064 22064 I ViewInteraction: Performing 'wait for a specific view with <(view.getId() is <2131231039/ru.iteco.fmhandroid:id/enter_button> and an instance of android.widget.TextView and view.getText() with or without transformation to match: is "SIGN IN" and view.getContentDescription() is "Save" and view.getParent() view.getParent() an instance of android.widget.RelativeLayout)> during 10000 millis.' action on view view.getRootView() to equal view
12-07 07:04:13.164 22064 22064 I ViewInteraction: Checking 'MatchesViewAssertion{viewMatcher=view.isClickable() is <true>}' assertion on view (view.getId() is <2131231039/ru.iteco.fmhandroid:id/enter_button> and an instance of android.widget.TextView and view.getText() with or without transformation to match: is "SIGN IN" and view.getContentDescription() is "Save" and view.getParent() view.getParent() an instance of android.widget.RelativeLayout)
12-07 07:04:13.168 22064 22064 I ViewInteraction: Performing 'wait for a specific view with <(view.getId() is <2131231039/ru.iteco.fmhandroid:id/enter_button> and an instance of android.widget.TextView and view.getText() with or without transformation to match: is "SIGN IN" and view.getContentDescription() is "Save" and view.getParent() view.getParent() an instance of android.widget.RelativeLayout)> during 10000 millis.' action on view view.getRootView() to equal view
12-07 07:04:13.171 22064 22064 I ViewInteraction: Performing 'single click' action on view (view.getId() is <2131231039/ru.iteco.fmhandroid:id/enter_button> and an instance of android.widget.TextView and view.getText() with or without transformation to match: is "SIGN IN" and view.getContentDescription() is "Save" and view.getParent() view.getParent() an instance of android.widget.RelativeLayout)
12-07 07:04:13.215 22064 22195 I okhttp.OkHttpClient: --> POST http://www.981757-ca08998.tmweb.ru:8080/fmh/authentication/login
12-07 07:04:13.215 22064 22195 I okhttp.OkHttpClient: Content-Type: application/json; charset=UTF-8
12-07 07:04:13.215 22064 22195 I okhttp.OkHttpClient: Content-Length: 41
12-07 07:04:13.215 22064 22195 I okhttp.OkHttpClient: {"login":"login2","password":"password2"}
12-07 07:04:13.215 22064 22195 I okhttp.OkHttpClient: --> END POST (41-byte body)
