12-06 13:31:31.952 13059 13103 W DefaultFailureHandler: 	at androidx.test.ext.junit.runners.AndroidJUnit4.run(AndroidJUnit4.java:162)
12-06 13:31:31.952 13059 13103 W DefaultFailureHandler: 	at io.qameta.allure.android.runners.AllureAndroidJUnit4.run(AllureAndroidJUnitRunners.kt:29)
12-06 13:31:31.952 13059 13103 W DefaultFailureHandler: 	at org.junit.runners.Suite.runChild(Suite.java:128)
12-06 13:31:31.952 13059 13103 W DefaultFailureHandler: 	at org.junit.runners.Suite.runChild(Suite.java:27)
12-06 13:31:31.952 13059 13103 W DefaultFailureHandler: 	at org.junit.runners.ParentRunner$4.run(ParentRunner.java:331)
12-06 13:31:31.952 13059 13103 W DefaultFailureHandler: 	at org.junit.runners.ParentRunner$1.schedule(ParentRunner.java:79)
12-06 13:31:31.952 13059 13103 W DefaultFailureHandler: 	at org.junit.runners.ParentRunner.runChildren(ParentRunner.java:329)
12-06 13:31:31.952 13059 13103 W DefaultFailureHandler: 	at org.junit.runners.ParentRunner.access$100(ParentRunner.java:66)
12-06 13:31:31.952 13059 13103 W DefaultFailureHandler: 	at org.junit.runners.ParentRunner$2.evaluate(ParentRunner.java:293)
12-06 13:31:31.952 13059 13103 W DefaultFailureHandler: 	at org.junit.runners.ParentRunner$3.evaluate(ParentRunner.java:306)
12-06 13:31:31.952 13059 13103 W DefaultFailureHandler: 	at org.junit.runners.ParentRunner.run(ParentRunner.java:413)
12-06 13:31:31.952 13059 13103 W DefaultFailureHandler: 	at org.junit.runner.JUnitCore.run(JUnitCore.java:137)
12-06 13:31:31.952 13059 13103 W DefaultFailureHandler: 	at org.junit.runner.JUnitCore.run(JUnitCore.java:115)
12-06 13:31:31.952 13059 13103 W DefaultFailureHandler: 	at androidx.test.internal.runner.TestExecutor.execute(TestExecutor.java:67)
12-06 13:31:31.952 13059 13103 W DefaultFailureHandler: 	at androidx.test.internal.runner.TestExecutor.execute(TestExecutor.java:58)
12-06 13:31:31.952 13059 13103 W DefaultFailureHandler: 	at androidx.test.runner.AndroidJUnitRunner.onStart(AndroidJUnitRunner.java:438)
12-06 13:31:31.952 13059 13103 W DefaultFailureHandler: 	at android.app.Instrumentation$InstrumentationThread.run(Instrumentation.java:2189)
12-06 13:31:31.952 13059 13103 W DefaultFailureHandler: Caused by: android.system.ErrnoException: open failed: EROFS (Read-only file system)
12-06 13:31:31.953 13059 13103 W DefaultFailureHandler: 	at libcore.io.Linux.open(Native Method)
12-06 13:31:31.953 13059 13103 W DefaultFailureHandler: 	at libcore.io.ForwardingOs.open(ForwardingOs.java:167)
12-06 13:31:31.953 13059 13103 W DefaultFailureHandler: 	at libcore.io.BlockGuardOs.open(BlockGuardOs.java:252)
12-06 13:31:31.953 13059 13103 W DefaultFailureHandler: 	at libcore.io.ForwardingOs.open(ForwardingOs.java:167)
12-06 13:31:31.953 13059 13103 W DefaultFailureHandler: 	at android.app.ActivityThread$AndroidOs.open(ActivityThread.java:7255)
12-06 13:31:31.953 13059 13103 W DefaultFailureHandler: 	at libcore.io.IoBridge.open(IoBridge.java:482)
12-06 13:31:31.953 13059 13103 W DefaultFailureHandler: 	... 50 more
12-06 13:31:31.971  1776  1927 D gralloc_ranchu: gralloc_alloc: Creating ashmem region of size 10108928
12-06 13:31:32.236  2018  5645 I ActivityTaskManager: START u0 {act=android.intent.action.MAIN cat=[android.intent.category.LAUNCHER] flg=0x10000000 cmp=ru.iteco.fmhandroid.test/androidx.test.core.app.InstrumentationActivityInvoker$EmptyActivity} from uid 10146
12-06 13:31:32.254 13059 13059 D LifecycleMonitor: Lifecycle status change: ru.iteco.fmhandroid.ui.AppActivity@4d99d8f in: PAUSED
12-06 13:31:32.255 13059 13059 V ActivityScenario: Update currentActivityStage to PAUSED, currentActivity=ru.iteco.fmhandroid.ui.AppActivity@4d99d8f
12-06 13:31:32.256  2018  7051 W InputReader: Device has associated, but no associated display id.
12-06 13:31:32.261  2018  7051 I chatty  : uid=1000(system) Binder:2018_19 identical 38 lines
12-06 13:31:32.261  2018  7051 W InputReader: Device has associated, but no associated display id.
12-06 13:31:32.261 13115 13115 W ActivityThread: handleWindowVisibility: no activity for token android.os.BinderProxy@8831977
12-06 13:31:32.266  2018  7051 W InputReader: Device has associated, but no associated display id.
12-06 13:31:32.266  2018  7051 I chatty  : uid=1000(system) Binder:2018_19 identical 8 lines
12-06 13:31:32.266  2018  7051 W InputReader: Device has associated, but no associated display id.
12-06 13:31:32.279 13059 13096 V FA      : Recording user engagement, ms: 21858
12-06 13:31:32.305  2018  2036 I ActivityTaskManager: START u0 {act=android.intent.action.MAIN cat=[android.intent.category.LAUNCHER] flg=0x10000000 cmp=ru.iteco.fmhandroid.test/androidx.test.core.app.InstrumentationActivityInvoker$EmptyActivity} from uid 10146
12-06 13:31:32.334 13059 13096 V FA      : Connecting to remote service
12-06 13:31:32.335 13115 13147 D HostConnection: HostConnection::get() New Host Connection established 0xda28efa0, tid 13147
12-06 13:31:32.337 13115 13147 D HostConnection: HostComposition ext ANDROID_EMU_CHECKSUM_HELPER_v1 ANDROID_EMU_dma_v1 ANDROID_EMU_direct_mem ANDROID_EMU_host_composition_v1 ANDROID_EMU_host_composition_v2 ANDROID_EMU_vulkan ANDROID_EMU_deferred_vulkan_commands ANDROID_EMU_vulkan_null_optional_strings ANDROID_EMU_vulkan_create_resources_with_requirements ANDROID_EMU_YUV_Cache ANDROID_EMU_vulkan_ignored_handles ANDROID_EMU_vulkan_free_memory_sync ANDROID_EMU_vulkan_shader_float16_int8 ANDROID_EMU_vulkan_async_queue_submit ANDROID_EMU_sync_buffer_data GL_OES_vertex_array_object GL_KHR_texture_compression_astc_ldr ANDROID_EMU_host_side_tracing ANDROID_EMU_gles_max_version_2 
12-06 13:31:32.342 13115 13147 W OpenGLRenderer: Failed to choose config with EGL_SWAP_BEHAVIOR_PRESERVED, retrying without...
12-06 13:31:32.399 13115 13147 D EGL_emulation: eglCreateContext: 0xe594d2c0: maj 2 min 0 rcv 2
12-06 13:31:32.406 13115 13147 D EGL_emulation: eglMakeCurrent: 0xe594d2c0: ver 2 0 (tinfo 0xf0c89520)
12-06 13:31:32.418  1776  1927 D gralloc_ranchu: gralloc_alloc: Creating ashmem region of size 10108928
12-06 13:31:32.421  1648  1648 I hwservicemanager: getTransport: Cannot find entry android.hardware.graphics.mapper@3.0::IMapper/default in either framework or device manifest.
12-06 13:31:32.422 13115 13147 W Gralloc3: mapper 3.x is not supported
12-06 13:31:32.423 13115 13147 D HostConnection: createUnique: call
12-06 13:31:32.425 13115 13147 D HostConnection: HostConnection::get() New Host Connection established 0xda2908f0, tid 13147
12-06 13:31:32.428 13115 13147 D HostConnection: HostComposition ext ANDROID_EMU_CHECKSUM_HELPER_v1 ANDROID_EMU_dma_v1 ANDROID_EMU_direct_mem ANDROID_EMU_host_composition_v1 ANDROID_EMU_host_composition_v2 ANDROID_EMU_vulkan ANDROID_EMU_deferred_vulkan_commands ANDROID_EMU_vulkan_null_optional_strings ANDROID_EMU_vulkan_create_resources_with_requirements ANDROID_EMU_YUV_Cache ANDROID_EMU_vulkan_ignored_handles ANDROID_EMU_vulkan_free_memory_sync ANDROID_EMU_vulkan_shader_float16_int8 ANDROID_EMU_vulkan_async_queue_submit ANDROID_EMU_sync_buffer_data GL_OES_vertex_array_object GL_KHR_texture_compression_astc_ldr ANDROID_EMU_host_side_tracing ANDROID_EMU_gles_max_version_2 
12-06 13:31:32.431 13115 13147 D eglCodecCommon: allocate: Ask for block of size 0x1000
12-06 13:31:32.432 13115 13147 D eglCodecCommon: allocate: ioctl allocate returned offset 0x3ff647000 size 0x2000
12-06 13:31:32.434 13059 13096 V FA      : Connection attempt already in progress
12-06 13:31:32.434 13059 13096 V FA      : Activity paused, time: 9042329
12-06 13:31:32.436  1776  1927 D gralloc_ranchu: gralloc_alloc: Creating ashmem region of size 10108928
12-06 13:31:32.438  1776  1927 D gralloc_ranchu: gralloc_alloc: Creating ashmem region of size 10108928
12-06 13:31:32.439 13115 13147 D EGL_emulation: eglMakeCurrent: 0xe594d2c0: ver 2 0 (tinfo 0xf0c89520)
12-06 13:31:32.453 13059 13096 D FA      : Connected to remote service
12-06 13:31:32.455 13059 13096 V FA      : Processing queued up service tasks: 2
12-06 13:31:32.489  2873 13106 V FA-SVC  : Logging event: origin=auto,name=user_engagement(_e),params=Bundle[{ga_event_origin(_o)=auto, engagement_time_msec(_et)=21858, ga_screen_class(_sc)=AppActivity, ga_screen_id(_si)=-1195419216629724770}]
12-06 13:31:32.508  2873 13106 V FA-SVC  : Upload scheduled in approximately ms: 2066557
12-06 13:31:32.508  2873 13106 V FA-SVC  : Unscheduling upload
12-06 13:31:32.515  2873 13106 V FA-SVC  : Scheduling upload, millis: 2066557
12-06 13:31:32.518  2873 13106 V FA-SVC  : Background event processing time, ms: 29
12-06 13:31:32.539  2018  7051 W InputReader: Device has associated, but no associated display id.
12-06 13:31:32.549  2018  7051 I chatty  : uid=1000(system) Binder:2018_19 identical 48 lines
12-06 13:31:32.549  2018  7051 W InputReader: Device has associated, but no associated display id.
12-06 13:31:32.556 13115 13115 W ActivityThread: handleWindowVisibility: no activity for token android.os.BinderProxy@4374e67
12-06 13:31:32.569  2656 13177 E SQLiteDatabase: Error inserting flex_time=2066000 job_id=-1 period=4134000 source=16 requires_charging=0 preferred_network_type=1 target_class=com.google.android.gms.measurement.PackageMeasurementTaskService user_id=0 target_package=com.google.android.gms tag=Measurement.PackageMeasurementTaskService.UPLOAD_TASK_TAG task_type=0 required_idleness_state=0 service_kind=0 source_version=202414000 persistence_level=1 preferred_charging_state=1 required_network_type=0 runtime=1670333492526 retry_strategy={"maximum_backoff_seconds":{"3600":0},"initial_backoff_seconds":{"30":0},"retry_policy":{"0":0}} last_runtime=0
12-06 13:31:32.569  2656 13177 E SQLiteDatabase: android.database.sqlite.SQLiteConstraintException: UNIQUE constraint failed: pending_ops.tag, pending_ops.target_class, pending_ops.target_package, pending_ops.user_id (code 2067 SQLITE_CONSTRAINT_UNIQUE)
12-06 13:31:32.569  2656 13177 E SQLiteDatabase: 	at android.database.sqlite.SQLiteConnection.nativeExecuteForLastInsertedRowId(Native Method)
12-06 13:31:32.569  2656 13177 E SQLiteDatabase: 	at android.database.sqlite.SQLiteConnection.executeForLastInsertedRowId(SQLiteConnection.java:879)
12-06 13:31:32.569  2656 13177 E SQLiteDatabase: 	at android.database.sqlite.SQLiteSession.executeForLastInsertedRowId(SQLiteSession.java:790)
12-06 13:31:32.569  2656 13177 E SQLiteDatabase: 	at android.database.sqlite.SQLiteStatement.executeInsert(SQLiteStatement.java:88)
12-06 13:31:32.569  2656 13177 E SQLiteDatabase: 	at android.database.sqlite.SQLiteDatabase.insertWithOnConflict(SQLiteDatabase.java:1599)
12-06 13:31:32.569  2656 13177 E SQLiteDatabase: 	at android.database.sqlite.SQLiteDatabase.insert(SQLiteDatabase.java:1468)
12-06 13:31:32.569  2656 13177 E SQLiteDatabase: 	at aqui.a(:com.google.android.gms@202414022@20.24.14 (040700-319035315):175)
12-06 13:31:32.569  2656 13177 E SQLiteDatabase: 	at aqtk.a(:com.google.android.gms@202414022@20.24.14 (040700-319035315):182)
12-06 13:31:32.569  2656 13177 E SQLiteDatabase: 	at aqtk.a(:com.google.android.gms@202414022@20.24.14 (040700-319035315):23)
12-06 13:31:32.569  2656 13177 E SQLiteDatabase: 	at aqtk.a(:com.google.android.gms@202414022@20.24.14 (040700-319035315):177)
12-06 13:31:32.569  2656 13177 E SQLiteDatabase: 	at aqpu.run(:com.google.android.gms@202414022@20.24.14 (040700-319035315):9)
12-06 13:31:32.569  2656 13177 E SQLiteDatabase: 	at soy.b(:com.google.android.gms@202414022@20.24.14 (040700-319035315):12)
12-06 13:31:32.569  2656 13177 E SQLiteDatabase: 	at soy.run(:com.google.android.gms@202414022@20.24.14 (040700-319035315):7)
12-06 13:31:32.569  2656 13177 E SQLiteDatabase: 	at java.util.concurrent.ThreadPoolExecutor.runWorker(ThreadPoolExecutor.java:1167)
12-06 13:31:32.569  2656 13177 E SQLiteDatabase: 	at java.util.concurrent.ThreadPoolExecutor$Worker.run(ThreadPoolExecutor.java:641)
12-06 13:31:32.569  2656 13177 E SQLiteDatabase: 	at sux.run(:com.google.android.gms@202414022@20.24.14 (040700-319035315):0)
12-06 13:31:32.569  2656 13177 E SQLiteDatabase: 	at java.lang.Thread.run(Thread.java:919)
12-06 13:31:32.579  2018  2036 W ActivityTaskManager: Duplicate finish request for ActivityRecord{34a4c4d u0 ru.iteco.fmhandroid/.ui.AppActivity t107 f}
12-06 13:31:32.627  1776  1927 D gralloc_ranchu: gralloc_alloc: Creating ashmem region of size 10108928
12-06 13:31:32.634  1776  1927 I chatty  : uid=1000(system) HwBinder:1776_3 identical 1 line
12-06 13:31:32.635  1776  1927 D gralloc_ranchu: gralloc_alloc: Creating ashmem region of size 10108928
12-06 13:31:32.640 13115 13147 D EGL_emulation: eglMakeCurrent: 0xe594d2c0: ver 2 0 (tinfo 0xf0c89520)
12-06 13:31:32.667  2018  2054 W InputReader: Device has associated, but no associated display id.
12-06 13:31:32.668  2018  2054 I chatty  : uid=1000(system) android.anim identical 18 lines
12-06 13:31:32.668  2018  2054 W InputReader: Device has associated, but no associated display id.
12-06 13:31:32.676  2018  2058 I ActivityTaskManager: Displayed ru.iteco.fmhandroid.test/androidx.test.core.app.InstrumentationActivityInvoker$EmptyActivity: +301ms
12-06 13:31:32.683 13059 13150 D EGL_emulation: eglMakeCurrent: 0xe593d900: ver 2 0 (tinfo 0xf0c99e30)
12-06 13:31:32.688  2018  2693 W InputReader: Device has associated, but no associated display id.
12-06 13:31:32.688  2018  2693 I chatty  : uid=1000(system) Binder:2018_9 identical 8 lines
12-06 13:31:32.688  2018  2693 W InputReader: Device has associated, but no associated display id.
12-06 13:31:32.694 13115 13147 D EGL_emulation: eglMakeCurrent: 0xe594d2c0: ver 2 0 (tinfo 0xf0c89520)
12-06 13:31:32.706 13115 13147 D EGL_emulation: eglMakeCurrent: 0xe594d2c0: ver 2 0 (tinfo 0xf0c89520)
12-06 13:31:32.722  2018  2036 W InputReader: Device has associated, but no associated display id.
12-06 13:31:32.723  2018  2036 I chatty  : uid=1000(system) Binder:2018_1 identical 8 lines
12-06 13:31:32.723  2018  2036 W InputReader: Device has associated, but no associated display id.
12-06 13:31:32.756  1776  1927 D gralloc_ranchu: gralloc_alloc: Creating ashmem region of size 10108928
12-06 13:31:32.757 12448 12497 D ProtoStore: deleting smartspace_weather
12-06 13:31:32.761 12448 12497 D ProtoStore: no cached data
12-06 13:31:32.764 12448 12497 D ProtoStore: no cached data
12-06 13:31:32.774  1776  1927 D gralloc_ranchu: gralloc_alloc: Creating ashmem region of size 10108928
12-06 13:31:32.777 13059 13059 D LifecycleMonitor: Lifecycle status change: ru.iteco.fmhandroid.ui.AppActivity@4d99d8f in: STOPPED
12-06 13:31:32.777  1776  1927 D gralloc_ranchu: gralloc_alloc: Creating ashmem region of size 10108928
12-06 13:31:32.778 13059 13059 V ActivityScenario: Update currentActivityStage to STOPPED, currentActivity=ru.iteco.fmhandroid.ui.AppActivity@4d99d8f
12-06 13:31:32.785  1776  1825 D gralloc_ranchu: gralloc_alloc: Creating ashmem region of size 10108928
12-06 13:31:32.798  2962  3510 D EGL_emulation: eglMakeCurrent: 0xe597d120: ver 2 0 (tinfo 0xbffb2540)
12-06 13:31:32.810  1776  1825 D gralloc_ranchu: gralloc_alloc: Creating ashmem region of size 10108928
12-06 13:31:32.874 12448 12488 D EGL_emulation: eglMakeCurrent: 0xe594d140: ver 2 0 (tinfo 0xc539bd10)
12-06 13:31:32.876  1776  1927 D gralloc_ranchu: gralloc_alloc: Creating ashmem region of size 10108928
12-06 13:31:32.926 13059 13059 D LifecycleMonitor: Lifecycle status change: ru.iteco.fmhandroid.ui.AppActivity@4d99d8f in: DESTROYED
12-06 13:31:32.926 13059 13059 V ActivityScenario: Update currentActivityStage to DESTROYED, currentActivity=null
12-06 13:31:33.005  2018  2054 W InputReader: Device has associated, but no associated display id.
12-06 13:31:33.006  2018  2054 I chatty  : uid=1000(system) android.anim identical 8 lines
12-06 13:31:33.006  2018  2054 W InputReader: Device has associated, but no associated display id.
12-06 13:31:33.017  1776  1927 D gralloc_ranchu: gralloc_alloc: Creating ashmem region of size 6471680
