12-08 10:13:14.263  9674  9674 I ViewInteraction: Checking 'MatchesViewAssertion{viewMatcher=(view has effective visibility <VISIBLE> and view.getGlobalVisibleRect() to return non-empty rectangle)}' assertion on view an instance of android.widget.TextView and view.getText() with or without transformation to match: is "News"
12-08 10:13:14.496  9674  9674 I ViewInteraction: Performing 'wait for a specific view with <view.getId() is <2131230951>> during 10000 millis.' action on view view.getRootView() to equal view
12-08 10:13:14.530  9674  9674 I ViewInteraction: Checking 'MatchesViewAssertion{viewMatcher=(view has effective visibility <VISIBLE> and view.getGlobalVisibleRect() to return non-empty rectangle)}' assertion on view view.getId() is <2131230951/ru.iteco.fmhandroid:id/container_list_news_include_on_fragment_main>
12-08 10:13:14.537  9674  9674 I ViewInteraction: Performing 'wait for a specific view with <view.getId() is <2131230949>> during 10000 millis.' action on view view.getRootView() to equal view
12-08 10:13:14.542  9674  9674 I ViewInteraction: Checking 'MatchesViewAssertion{viewMatcher=(view has effective visibility <VISIBLE> and view.getGlobalVisibleRect() to return non-empty rectangle)}' assertion on view view.getId() is <2131230949/ru.iteco.fmhandroid:id/container_list_claim_include_on_fragment_main>
12-08 10:13:14.546  9674  9674 I ViewInteraction: Performing 'wait for a specific view with <an instance of android.widget.TextView and view.getText() with or without transformation to match: is "Claims"> during 10000 millis.' action on view view.getRootView() to equal view
12-08 10:13:14.551  9674  9674 I ViewInteraction: Checking 'MatchesViewAssertion{viewMatcher=(view has effective visibility <VISIBLE> and view.getGlobalVisibleRect() to return non-empty rectangle)}' assertion on view an instance of android.widget.TextView and view.getText() with or without transformation to match: is "Claims"
12-08 10:13:14.556  9674  9674 I ViewInteraction: Performing 'wait for a specific view with <view.getId() is <2131231123/ru.iteco.fmhandroid:id/main_menu_image_button>> during 10000 millis.' action on view view.getRootView() to equal view
12-08 10:13:14.560  9674  9674 I ViewInteraction: Performing 'single click' action on view view.getId() is <2131231123/ru.iteco.fmhandroid:id/main_menu_image_button>
12-08 10:13:14.687  1776  1825 D gralloc_ranchu: gralloc_alloc: Creating ashmem region of size 2015232
12-08 10:13:14.695  1776  1825 I chatty  : uid=1000(system) HwBinder:1776_1 identical 1 line
12-08 10:13:14.698  1776  1825 D gralloc_ranchu: gralloc_alloc: Creating ashmem region of size 2015232
12-08 10:13:14.727  9674  9770 D EGL_emulation: eglMakeCurrent: 0xdd81b860: ver 2 0 (tinfo 0xc3288080)
12-08 10:13:14.812  9674  9770 I chatty  : uid=10146(ru.iteco.fmhandroid) RenderThread identical 3 lines
12-08 10:13:14.835  9674  9770 D EGL_emulation: eglMakeCurrent: 0xdd81b860: ver 2 0 (tinfo 0xc3288080)
12-08 10:13:15.061  9674  9674 I ViewInteraction: Performing 'wait for a specific view with <an instance of android.widget.TextView and view.getText() with or without transformation to match: is "Claims"> during 10000 millis.' action on view view.getRootView() to equal view
12-08 10:13:15.068  9674  9674 I ViewInteraction: Performing 'single click' action on view an instance of android.widget.TextView and view.getText() with or without transformation to match: is "Claims"
12-08 10:13:15.213  9674  9804 I okhttp.OkHttpClient: --> GET http://www.981757-ca08998.tmweb.ru:8080/fmh/claims
12-08 10:13:15.213  9674  9804 I okhttp.OkHttpClient: --> END GET
12-08 10:13:15.270  9674  9770 D EGL_emulation: eglMakeCurrent: 0xdd81b860: ver 2 0 (tinfo 0xc3288080)
12-08 10:13:15.272  1788  1978 D AF::Track: interceptBuffer: took 391us to intercept 0 tracks
12-08 10:13:15.293  9674  9770 D EGL_emulation: eglMakeCurrent: 0xdd81b860: ver 2 0 (tinfo 0xc3288080)
12-08 10:13:15.512  9674  9674 I ViewInteraction: Performing 'wait for a specific view with <view.getId() is <2131230849/ru.iteco.fmhandroid:id/add_new_claim_material_button>> during 10000 millis.' action on view view.getRootView() to equal view
12-08 10:13:15.517  9674  9674 I ViewInteraction: Performing 'single click' action on view view.getId() is <2131230849/ru.iteco.fmhandroid:id/add_new_claim_material_button>
12-08 10:13:15.589  9674  9783 I okhttp.OkHttpClient: --> GET http://www.981757-ca08998.tmweb.ru:8080/fmh/users
12-08 10:13:15.590  9674  9783 I okhttp.OkHttpClient: --> END GET
12-08 10:13:15.817  9674  9674 I ViewInteraction: Performing 'wait for a specific view with <view.getId() is <2131231041/ru.iteco.fmhandroid:id/executor_drop_menu_auto_complete_text_view>> during 10000 millis.' action on view view.getRootView() to equal view
12-08 10:13:15.859  9674  9783 I okhttp.OkHttpClient: <-- 200 http://www.981757-ca08998.tmweb.ru:8080/fmh/users (269ms)
12-08 10:13:15.859  9674  9783 I okhttp.OkHttpClient: Vary: Origin
12-08 10:13:15.859  9674  9783 I okhttp.OkHttpClient: Vary: Access-Control-Request-Method
12-08 10:13:15.859  9674  9783 I okhttp.OkHttpClient: Vary: Access-Control-Request-Headers
12-08 10:13:15.859  9674  9783 I okhttp.OkHttpClient: X-Content-Type-Options: nosniff
12-08 10:13:15.859  9674  9783 I okhttp.OkHttpClient: X-XSS-Protection: 1; mode=block
12-08 10:13:15.859  9674  9783 I okhttp.OkHttpClient: Cache-Control: no-cache, no-store, max-age=0, must-revalidate
12-08 10:13:15.859  9674  9783 I okhttp.OkHttpClient: Pragma: no-cache
12-08 10:13:15.860  9674  9783 I okhttp.OkHttpClient: Expires: 0
12-08 10:13:15.860  9674  9783 I okhttp.OkHttpClient: X-Frame-Options: DENY
12-08 10:13:15.860  9674  9783 I okhttp.OkHttpClient: Content-Type: application/json
12-08 10:13:15.860  9674  9783 I okhttp.OkHttpClient: Transfer-Encoding: chunked
12-08 10:13:15.860  9674  9783 I okhttp.OkHttpClient: Date: Thu, 08 Dec 2022 10:13:18 GMT
12-08 10:13:15.860  9674  9783 I okhttp.OkHttpClient: Keep-Alive: timeout=60
12-08 10:13:15.860  9674  9783 I okhttp.OkHttpClient: Connection: keep-alive
12-08 10:13:15.860  9674  9783 I okhttp.OkHttpClient: [{"id":1,"firstName":"Петр","lastName":"Смирнов","middleName":"Петрович","admin":true},{"id":2,"firstName":"Данил","lastName":"Иванов","middleName":"Данилович","admin":true},{"id":3,"firstName":"Егор","lastName":"Петров","middleName":"Егорович","admin":false},{"id":4,"firstName":"Дмитрий","lastName":"Сидоров","middleName":"Дмитриевич","admin":false},{"id":5,"firstName":"Тест","lastName":"Тестов","middleName":"Тестович","admin":true},{"id":6,"firstName":"Diplom","lastName":"Netology","middleName":"QAMID","admin":true}]
12-08 10:13:15.860  9674  9783 I okhttp.OkHttpClient: <-- END HTTP (622-byte body)
12-08 10:13:16.011  9674  9674 I ViewInteraction: Performing 'single click' action on view view.getId() is <2131231041/ru.iteco.fmhandroid:id/executor_drop_menu_auto_complete_text_view>
12-08 10:13:16.143  1776  1825 D gralloc_ranchu: gralloc_alloc: Creating ashmem region of size 4116480
12-08 10:13:16.153  1776  1825 I chatty  : uid=1000(system) HwBinder:1776_1 identical 1 line
12-08 10:13:16.155  1776  1825 D gralloc_ranchu: gralloc_alloc: Creating ashmem region of size 4116480
12-08 10:13:16.160  9674  9770 D EGL_emulation: eglMakeCurrent: 0xdd81b860: ver 2 0 (tinfo 0xc3288080)
12-08 10:13:16.206  9674  9674 I AssistStructure: Flattened final assist data: 6984 bytes, containing 2 windows, 53 views
12-08 10:13:16.211  2537  2537 W GInputConnectionWrapper: IPC IC_GET_TEXT_BEFORE_CURSOR_AND_FIX_SELECTION_INDICES took 111 ms
12-08 10:13:16.212  2018  2693 D AutofillSession: Starting partition or augmented request for view id 1073741827@312890567: STARTED_SESSION
12-08 10:13:16.213  2018  2693 D AutofillSession: cancelCurrentRequest(): id = 524
12-08 10:13:16.242  9674  9770 D EGL_emulation: eglMakeCurrent: 0xdd81b860: ver 2 0 (tinfo 0xc3288080)
12-08 10:13:16.269  9674  9770 D EGL_emulation: eglMakeCurrent: 0xdd81b860: ver 2 0 (tinfo 0xc3288080)
12-08 10:13:16.279  9674  9674 I AssistStructure: Flattened final assist data: 6984 bytes, containing 2 windows, 53 views
12-08 10:13:16.287  2537  2537 I KeyboardViewUtil: systemKeyboardHeightRatio:1.000000; userKeyboardHeightRatio:1.000000.
12-08 10:13:16.287  2537  2537 I AndroidIME: LatinIme.onActivate() : EditorInfo = Package = ru.iteco.fmhandroid : Type = Text : Learning = Disable : Suggestion = Show : AutoCorrection = Disable : Microphone = Show : NoPersonalizedLearning = Disable
12-08 10:13:16.300  2537  2537 I Conv2QueryExtension: Current locale: en_US, config allows these locales: de,en,es,fr,it,ms,pt,ta
12-08 10:13:16.300  2537  2537 I Conv2QueryExtension: Conv2Query not enabled due to current app [ru.iteco.fmhandroid] not in whitelist
12-08 10:13:16.301  2537  2537 I Conv2QueryExtension: onActivate() : Disabled by unsupported host app
12-08 10:13:16.325  2170  2566 D EGL_emulation: eglMakeCurrent: 0xe594e040: ver 2 0 (tinfo 0xc52450c0)
12-08 10:13:16.326  2656  2656 W ktk     : Pending fill request while another request in the same session was triggered. [CONTEXT service_id=177 ]
12-08 10:13:16.327  1776  1825 D gralloc_ranchu: gralloc_alloc: Creating ashmem region of size 9826304
12-08 10:13:16.348  2018  2051 D AutofillUI: destroySaveUiUiThread(): already destroyed
12-08 10:13:16.335  1776  1825 I chatty  : uid=1000(system) HwBinder:1776_1 identical 1 line
12-08 10:13:16.337  1776  1825 D gralloc_ranchu: gralloc_alloc: Creating ashmem region of size 9826304
12-08 10:13:16.351  2537  8546 D EGL_emulation: eglMakeCurrent: 0xc286ce00: ver 2 0 (tinfo 0xc335ede0)
12-08 10:13:16.417  2873  2889 I gle.android.gm: CollectorTransition concurrent copying GC freed 4476(319KB) AllocSpace objects, 0(0B) LOS objects, 43% free, 7931KB/13MB, paused 796us total 102.626ms
12-08 10:13:16.451  9674  9770 D EGL_emulation: eglMakeCurrent: 0xdd81b860: ver 2 0 (tinfo 0xc3288080)
12-08 10:13:16.485  1776  1825 D gralloc_ranchu: gralloc_alloc: Creating ashmem region of size 3072000
12-08 10:13:16.494  9674  9770 D EGL_emulation: eglMakeCurrent: 0xdd81b860: ver 2 0 (tinfo 0xc3288080)
12-08 10:13:16.517  1776  1825 D gralloc_ranchu: gralloc_alloc: Creating ashmem region of size 3072000
12-08 10:13:16.522  9674  9770 D EGL_emulation: eglMakeCurrent: 0xdd81b860: ver 2 0 (tinfo 0xc3288080)
12-08 10:13:16.541  9674  9770 D EGL_emulation: eglMakeCurrent: 0xdd81b860: ver 2 0 (tinfo 0xc3288080)
12-08 10:13:16.553  1776  1825 D gralloc_ranchu: gralloc_alloc: Creating ashmem region of size 3072000
12-08 10:13:16.584  9674  9770 D EGL_emulation: eglMakeCurrent: 0xdd81b860: ver 2 0 (tinfo 0xc3288080)
12-08 10:13:16.619  9674  9674 I ViewInteraction: Performing 'close keyboard' action on view view.getRootView() to equal view
12-08 10:13:16.627  2537  2537 I PhenotypeExpConfig: refreshConfiguration() : Force = false : UpdateAvailable = false : Age = 61 minutes : MaxAge = 720 minutes
12-08 10:13:16.629  2537  2537 I AndroidIME: LatinIme.onDeactivate()
12-08 10:13:16.652  2537  8546 D EGL_emulation: eglMakeCurrent: 0xc286ce00: ver 2 0 (tinfo 0xc335ede0)
12-08 10:13:16.728  1776  1825 D gralloc_ranchu: gralloc_alloc: Creating ashmem region of size 4116480
12-08 10:13:16.739  9674  9770 D EGL_emulation: eglMakeCurrent: 0xdd81b860: ver 2 0 (tinfo 0xc3288080)
12-08 10:13:16.759  1776  1825 D gralloc_ranchu: gralloc_alloc: Creating ashmem region of size 4116480
12-08 10:13:16.761  9674  9770 D EGL_emulation: eglMakeCurrent: 0xdd81b860: ver 2 0 (tinfo 0xc3288080)
12-08 10:13:16.781  9674  9770 D EGL_emulation: eglMakeCurrent: 0xdd81b860: ver 2 0 (tinfo 0xc3288080)
12-08 10:13:16.795  1776  1825 D gralloc_ranchu: gralloc_alloc: Creating ashmem region of size 4116480
12-08 10:13:16.941  9674  9674 I ViewInteraction: Performing 'single click' action on view an instance of android.widget.TextView and view.getText() with or without transformation to match: is "Иванов Данил Данилович"
12-08 10:13:17.076  9674  9770 D EGL_emulation: eglMakeCurrent: 0xdd81b860: ver 2 0 (tinfo 0xc3288080)
12-08 10:13:17.101  9674  9770 D EGL_emulation: eglMakeCurrent: 0xdd81b860: ver 2 0 (tinfo 0xc3288080)
12-08 10:13:17.115  2018  4164 E InputDispatcher: Window handle Window{3f66d6c u0 PopupWindow:1d84331} has no registered input channel
12-08 10:13:17.220  9674  9674 I ViewInteraction: Performing 'wait for a specific view with <(view.getId() is <2131231402/ru.iteco.fmhandroid:id/title_edit_text> and view.getParent() view.getParent() view.getId() is <2131231406/ru.iteco.fmhandroid:id/title_text_input_layout>)> during 10000 millis.' action on view view.getRootView() to equal view
12-08 10:13:17.225  9674  9674 I ViewInteraction: Performing 'replace text(Заголовок 0e157d92-721b-463f-a1e5-42103b94092f)' action on view (view.getId() is <2131231402/ru.iteco.fmhandroid:id/title_edit_text> and view.getParent() view.getParent() view.getId() is <2131231406/ru.iteco.fmhandroid:id/title_text_input_layout>)
12-08 10:13:17.275  9674  9674 I ViewInteraction: Performing 'wait for a specific view with <view.getId() is <2131230975/ru.iteco.fmhandroid:id/date_in_plan_text_input_edit_text>> during 10000 millis.' action on view view.getRootView() to equal view
12-08 10:13:17.280  9674  9674 I ViewInteraction: Performing 'single click' action on view view.getId() is <2131230975/ru.iteco.fmhandroid:id/date_in_plan_text_input_edit_text>
12-08 10:13:17.380  1788  1978 D AF::Track: interceptBuffer: took 1052us to intercept 0 tracks
12-08 10:13:17.424  1776  1825 D gralloc_ranchu: gralloc_alloc: Creating ashmem region of size 6778880
12-08 10:13:17.433  1776  1825 I chatty  : uid=1000(system) HwBinder:1776_1 identical 1 line
12-08 10:13:17.436  1776  1825 D gralloc_ranchu: gralloc_alloc: Creating ashmem region of size 6778880
12-08 10:13:17.440  9674  9770 D EGL_emulation: eglMakeCurrent: 0xdd81b860: ver 2 0 (tinfo 0xc3288080)
12-08 10:13:17.747  9674  9770 I chatty  : uid=10146(ru.iteco.fmhandroid) RenderThread identical 12 lines
12-08 10:13:17.763  9674  9770 D EGL_emulation: eglMakeCurrent: 0xdd81b860: ver 2 0 (tinfo 0xc3288080)
12-08 10:13:17.817  9674  9805 I okhttp.OkHttpClient: <-- 200 http://www.981757-ca08998.tmweb.ru:8080/fmh/claims (3678ms)
12-08 10:13:17.817  9674  9805 I okhttp.OkHttpClient: Vary: Origin
12-08 10:13:17.817  9674  9805 I okhttp.OkHttpClient: Vary: Access-Control-Request-Method
12-08 10:13:17.817  9674  9805 I okhttp.OkHttpClient: Vary: Access-Control-Request-Headers
12-08 10:13:17.817  9674  9805 I okhttp.OkHttpClient: X-Content-Type-Options: nosniff
12-08 10:13:17.817  9674  9805 I okhttp.OkHttpClient: X-XSS-Protection: 1; mode=block
12-08 10:13:17.817  9674  9805 I okhttp.OkHttpClient: Cache-Control: no-cache, no-store, max-age=0, must-revalidate
12-08 10:13:17.817  9674  9805 I okhttp.OkHttpClient: Pragma: no-cache
12-08 10:13:17.818  9674  9805 I okhttp.OkHttpClient: Expires: 0
12-08 10:13:17.818  9674  9805 I okhttp.OkHttpClient: X-Frame-Options: DENY
12-08 10:13:17.818  9674  9805 I okhttp.OkHttpClient: Content-Type: application/json
12-08 10:13:17.818  9674  9805 I okhttp.OkHttpClient: Transfer-Encoding: chunked
12-08 10:13:17.818  9674  9805 I okhttp.OkHttpClient: Date: Thu, 08 Dec 2022 10:13:20 GMT
12-08 10:13:17.818  9674  9805 I okhttp.OkHttpClient: Keep-Alive: timeout=60
12-08 10:13:17.818  9674  9805 I okhttp.OkHttpClient: Connection: keep-alive
12-08 10:13:18.113  9674  9674 I ViewInteraction: Performing 'wait for a specific view with <is assignable from class <class android.widget.DatePicker>> during 10000 millis.' action on view view.getRootView() to equal view
12-08 10:13:18.119  9674  9674 I ViewInteraction: Checking 'MatchesViewAssertion{viewMatcher=(view has effective visibility <VISIBLE> and view.getGlobalVisibleRect() to return non-empty rectangle)}' assertion on view is assignable from class <class android.widget.DatePicker>
12-08 10:13:18.121  9674  9674 I ViewInteraction: Performing 'wait for a specific view with <is assignable from class <class android.widget.DatePicker>> during 10000 millis.' action on view view.getRootView() to equal view
12-08 10:13:18.127  9674  9674 I ViewInteraction: Performing 'set date' action on view is assignable from class <class android.widget.DatePicker>
12-08 10:13:18.152  9674  9770 D EGL_emulation: eglMakeCurrent: 0xdd81b860: ver 2 0 (tinfo 0xc3288080)
12-08 10:13:18.171  9674  9674 I ViewInteraction: Performing 'wait for a specific view with <view.getId() is <16908313/android:id/button1>> during 10000 millis.' action on view view.getRootView() to equal view
12-08 10:13:18.176  9674  9674 I ViewInteraction: Performing 'single click' action on view view.getId() is <16908313/android:id/button1>
12-08 10:13:18.275  9674  9770 D EGL_emulation: eglMakeCurrent: 0xdd81b860: ver 2 0 (tinfo 0xc3288080)
12-08 10:13:18.281  2018  2693 E InputDispatcher: Window handle Window{f1b6401 u0 ru.iteco.fmhandroid/ru.iteco.fmhandroid.ui.AppActivity} has no registered input channel
12-08 10:13:18.299  2018 11055 E InputDispatcher: Window handle Window{f1b6401 u0 ru.iteco.fmhandroid/ru.iteco.fmhandroid.ui.AppActivity} has no registered input channel
12-08 10:13:18.299  9674  9770 D EGL_emulation: eglMakeCurrent: 0xdd81b860: ver 2 0 (tinfo 0xc3288080)
12-08 10:13:18.477  2873 10007 E memtrack: Couldn't load memtrack module
12-08 10:13:18.477  2873 10007 W android.os.Debug: failed to get memory consumption info: -1
12-08 10:13:18.631  9674  9674 I ViewInteraction: Performing 'wait for a specific view with <(an instance of android.widget.TextView and view.getHint() matching: is "Time" and view.getParent() view.getParent() view.getId() is <2131231399/ru.iteco.fmhandroid:id/time_in_plan_text_input_layout>)> during 10000 millis.' action on view view.getRootView() to equal view
12-08 10:13:18.636  9674  9674 I ViewInteraction: Performing 'single click' action on view (an instance of android.widget.TextView and view.getHint() matching: is "Time" and view.getParent() view.getParent() view.getId() is <2131231399/ru.iteco.fmhandroid:id/time_in_plan_text_input_layout>)
12-08 10:13:18.794  1776  1825 D gralloc_ranchu: gralloc_alloc: Creating ashmem region of size 5718016
12-08 10:13:18.803  1776  1825 I chatty  : uid=1000(system) HwBinder:1776_1 identical 1 line
12-08 10:13:18.805  1776  1825 D gralloc_ranchu: gralloc_alloc: Creating ashmem region of size 5718016
12-08 10:13:18.811  9674  9770 D EGL_emulation: eglMakeCurrent: 0xdd81b860: ver 2 0 (tinfo 0xc3288080)
12-08 10:13:18.842  9674  9770 D EGL_emulation: eglMakeCurrent: 0xdd81b860: ver 2 0 (tinfo 0xc3288080)
12-08 10:13:18.870  9674  9804 I okhttp.OkHttpClient: <-- 200 http://www.981757-ca08998.tmweb.ru:8080/fmh/claims (3656ms)
12-08 10:13:18.870  9674  9804 I okhttp.OkHttpClient: Vary: Origin
12-08 10:13:18.870  9674  9804 I okhttp.OkHttpClient: Vary: Access-Control-Request-Method
12-08 10:13:18.871  9674  9804 I okhttp.OkHttpClient: Vary: Access-Control-Request-Headers
12-08 10:13:18.871  9674  9804 I okhttp.OkHttpClient: X-Content-Type-Options: nosniff
12-08 10:13:18.871  9674  9804 I okhttp.OkHttpClient: X-XSS-Protection: 1; mode=block
12-08 10:13:18.872  9674  9804 I okhttp.OkHttpClient: Cache-Control: no-cache, no-store, max-age=0, must-revalidate
12-08 10:13:18.872  9674  9804 I okhttp.OkHttpClient: Pragma: no-cache
12-08 10:13:18.872  9674  9804 I okhttp.OkHttpClient: Expires: 0
12-08 10:13:18.872  9674  9804 I okhttp.OkHttpClient: X-Frame-Options: DENY
12-08 10:13:18.872  9674  9804 I okhttp.OkHttpClient: Content-Type: application/json
12-08 10:13:18.872  9674  9804 I okhttp.OkHttpClient: Transfer-Encoding: chunked
12-08 10:13:18.872  9674  9804 I okhttp.OkHttpClient: Date: Thu, 08 Dec 2022 10:13:21 GMT
12-08 10:13:18.873  9674  9804 I okhttp.OkHttpClient: Keep-Alive: timeout=60
12-08 10:13:18.873  9674  9804 I okhttp.OkHttpClient: Connection: keep-alive
12-08 10:13:18.888  9674  9770 D EGL_emulation: eglMakeCurrent: 0xdd81b860: ver 2 0 (tinfo 0xc3288080)
12-08 10:13:18.919  9674  9770 D EGL_emulation: eglMakeCurrent: 0xdd81b860: ver 2 0 (tinfo 0xc3288080)
12-08 10:13:19.150  9674  9674 I ViewInteraction: Performing 'wait for a specific view with <is assignable from class <class android.widget.TimePicker>> during 10000 millis.' action on view view.getRootView() to equal view
12-08 10:13:19.154  9674  9674 I ViewInteraction: Checking 'MatchesViewAssertion{viewMatcher=(view has effective visibility <VISIBLE> and view.getGlobalVisibleRect() to return non-empty rectangle)}' assertion on view is assignable from class <class android.widget.TimePicker>
12-08 10:13:19.157  9674  9674 I ViewInteraction: Performing 'wait for a specific view with <is assignable from class <class android.widget.TimePicker>> during 10000 millis.' action on view view.getRootView() to equal view
12-08 10:13:19.161  9674  9674 I ViewInteraction: Performing 'set time' action on view is assignable from class <class android.widget.TimePicker>
12-08 10:13:19.166  9674  9674 I ViewInteraction: Performing 'wait for a specific view with <view.getId() is <16908313/android:id/button1>> during 10000 millis.' action on view view.getRootView() to equal view
12-08 10:13:19.170  9674  9674 I ViewInteraction: Performing 'single click' action on view view.getId() is <16908313/android:id/button1>
12-08 10:13:19.235  9674  9770 D EGL_emulation: eglMakeCurrent: 0xdd81b860: ver 2 0 (tinfo 0xc3288080)
12-08 10:13:19.259  9674  9770 D EGL_emulation: eglMakeCurrent: 0xdd81b860: ver 2 0 (tinfo 0xc3288080)
12-08 10:13:19.264  2018  4164 E InputDispatcher: Window handle Window{ad44ec4 u0 ru.iteco.fmhandroid/ru.iteco.fmhandroid.ui.AppActivity} has no registered input channel
12-08 10:13:19.283  9674  9770 D EGL_emulation: eglMakeCurrent: 0xdd81b860: ver 2 0 (tinfo 0xc3288080)
12-08 10:13:19.283  2018 11055 E InputDispatcher: Window handle Window{ad44ec4 u0 ru.iteco.fmhandroid/ru.iteco.fmhandroid.ui.AppActivity} has no registered input channel
12-08 10:13:19.599  9674  9674 I ViewInteraction: Performing 'wait for a specific view with <(an instance of android.widget.TextView and view.getHint() matching: is "Description" and view.getParent() view.getParent() view.getId() is <2131230988/ru.iteco.fmhandroid:id/description_text_input_layout>)> during 10000 millis.' action on view view.getRootView() to equal view
12-08 10:13:19.605  9674  9674 I ViewInteraction: Performing 'replace text(Описание b5abeda4-f29c-4bb2-aae1-df0eb14730e9)' action on view (an instance of android.widget.TextView and view.getHint() matching: is "Description" and view.getParent() view.getParent() view.getId() is <2131230988/ru.iteco.fmhandroid:id/description_text_input_layout>)
12-08 10:13:19.645  9674  9674 I ViewInteraction: Performing 'wait for a specific view with <view.getId() is <2131231291/ru.iteco.fmhandroid:id/save_button>> during 10000 millis.' action on view view.getRootView() to equal view
12-08 10:13:19.666  9674  9674 I ViewInteraction: Performing 'single click' action on view view.getId() is <2131231291/ru.iteco.fmhandroid:id/save_button>
12-08 10:13:19.739  9674  9809 I okhttp.OkHttpClient: --> POST http://www.981757-ca08998.tmweb.ru:8080/fmh/claims
12-08 10:13:19.740  9674  9809 I okhttp.OkHttpClient: Content-Type: application/json; charset=UTF-8
12-08 10:13:19.740  9674  9809 I okhttp.OkHttpClient: Content-Length: 294
12-08 10:13:19.740  9674  9809 I okhttp.OkHttpClient: {"createDate":1670494399,"creatorId":2,"creatorName":"Иванов Данил Данилович","description":"Описание b5abeda4-f29c-4bb2-aae1-df0eb14730e9","executorId":2,"planExecuteDate":1697019180,"status":"OPEN","title":"Заголовок 0e157d92-721b-463f-a1e5-42103b94092f"}
12-08 10:13:19.740  9674  9809 I okhttp.OkHttpClient: --> END POST (294-byte body)
12-08 10:13:19.745  1744 10008 E ResolverController: No valid NAT64 prefix (106, <unspecified>/0)
12-08 10:13:19.965  9674  9674 I ViewInteraction: Performing 'wait for a specific view with <view.getId() is <2131230916/ru.iteco.fmhandroid:id/claim_list_recycler_view>> during 10000 millis.' action on view view.getRootView() to equal view
12-08 10:13:20.168  9674  9809 I okhttp.OkHttpClient: <-- 200 http://www.981757-ca08998.tmweb.ru:8080/fmh/claims (428ms)
12-08 10:13:20.169  9674  9809 I okhttp.OkHttpClient: Vary: Origin
12-08 10:13:20.169  9674  9809 I okhttp.OkHttpClient: Vary: Access-Control-Request-Method
12-08 10:13:20.169  9674  9809 I okhttp.OkHttpClient: Vary: Access-Control-Request-Headers
12-08 10:13:20.169  9674  9809 I okhttp.OkHttpClient: X-Content-Type-Options: nosniff
12-08 10:13:20.169  9674  9809 I okhttp.OkHttpClient: X-XSS-Protection: 1; mode=block
12-08 10:13:20.169  9674  9809 I okhttp.OkHttpClient: Cache-Control: no-cache, no-store, max-age=0, must-revalidate
12-08 10:13:20.169  9674  9809 I okhttp.OkHttpClient: Pragma: no-cache
12-08 10:13:20.169  9674  9809 I okhttp.OkHttpClient: Expires: 0
12-08 10:13:20.169  9674  9809 I okhttp.OkHttpClient: X-Frame-Options: DENY
12-08 10:13:20.170  9674  9809 I okhttp.OkHttpClient: Content-Type: application/json
12-08 10:13:20.170  9674  9809 I okhttp.OkHttpClient: Transfer-Encoding: chunked
12-08 10:13:20.170  9674  9809 I okhttp.OkHttpClient: Date: Thu, 08 Dec 2022 10:13:22 GMT
12-08 10:13:20.170  9674  9809 I okhttp.OkHttpClient: Keep-Alive: timeout=60
12-08 10:13:20.170  9674  9809 I okhttp.OkHttpClient: Connection: keep-alive
12-08 10:13:21.088  9674  9809 I okhttp.OkHttpClient: {"id":2702,"title":"Заголовок 0e157d92-721b-463f-a1e5-42103b94092f","description":"Описание b5abeda4-f29c-4bb2-aae1-df0eb14730e9","creatorId":2,"executorId":2,"createDate":1670494399,"planExecuteDate":1697019180,"factExecuteDate":null,"status":"IN_PROGRESS","creatorName":"Иванов Данил Данилович","executorName":"Иванов Данил Данилович"}
12-08 10:13:21.088  9674  9809 I okhttp.OkHttpClient: <-- END HTTP (394-byte body)
12-08 10:13:21.188  9674  9674 I ViewInteraction: Checking 'MatchesViewAssertion{viewMatcher=(view has effective visibility <VISIBLE> and view.getGlobalVisibleRect() to return non-empty rectangle)}' assertion on view view.getId() is <2131230916/ru.iteco.fmhandroid:id/claim_list_recycler_view>
12-08 10:13:21.190  9674  9674 I ViewInteraction: Performing 'scroll RecyclerView to: holder with view: (view is an instance of android.view.ViewGroup and has descendant matching an instance of android.widget.TextView and view.getText() with or without transformation to match: is "Заголовок 0e157d92-721b-463f-a1e5-42103b94092f")' action on view view.getId() is <2131230916/ru.iteco.fmhandroid:id/claim_list_recycler_view>
12-08 10:13:21.192  9674  9674 D takeScreenshot: Found 1 global views to redraw
12-08 10:13:21.222  1776  1825 D gralloc_ranchu: gralloc_alloc: Creating ashmem region of size 10108928
12-08 10:13:21.262  9674  9718 W DefaultFailureHandler: Failed to take screenshot
12-08 10:13:21.262  9674  9718 W DefaultFailureHandler: java.io.FileNotFoundException: view-op-error-15.png: open failed: EROFS (Read-only file system)
12-08 10:13:21.262  9674  9718 W DefaultFailureHandler: 	at libcore.io.IoBridge.open(IoBridge.java:496)
12-08 10:13:21.262  9674  9718 W DefaultFailureHandler: 	at java.io.FileOutputStream.<init>(FileOutputStream.java:235)
12-08 10:13:21.262  9674  9718 W DefaultFailureHandler: 	at java.io.FileOutputStream.<init>(FileOutputStream.java:125)
12-08 10:13:21.262  9674  9718 W DefaultFailureHandler: 	at androidx.test.platform.io.FileTestStorage.openOutputFile(FileTestStorage.java:60)
12-08 10:13:21.262  9674  9718 W DefaultFailureHandler: 	at androidx.test.core.graphics.BitmapStorage.writeToTestStorage(BitmapStorageExt.kt:49)
12-08 10:13:21.262  9674  9718 W DefaultFailureHandler: 	at androidx.test.espresso.base.DefaultFailureHandler.takeScreenshot(DefaultFailureHandler.java:4)
12-08 10:13:21.262  9674  9718 W DefaultFailureHandler: 	at androidx.test.espresso.base.DefaultFailureHandler.handle(DefaultFailureHandler.java:3)
12-08 10:13:21.262  9674  9718 W DefaultFailureHandler: 	at androidx.test.espresso.ViewInteraction.waitForAndHandleInteractionResults(ViewInteraction.java:8)
12-08 10:13:21.262  9674  9718 W DefaultFailureHandler: 	at androidx.test.espresso.ViewInteraction.desugaredPerform(ViewInteraction.java:11)
12-08 10:13:21.262  9674  9718 W DefaultFailureHandler: 	at androidx.test.espresso.ViewInteraction.perform(ViewInteraction.java:8)
12-08 10:13:21.262  9674  9718 W DefaultFailureHandler: 	at ru.iteco.fmhandroid.ui.steps.ClaimsPageSteps.scrollToElementInRecyclerList(ClaimsPageSteps.java:127)
12-08 10:13:21.262  9674  9718 W DefaultFailureHandler: 	at ru.iteco.fmhandroid.ui.steps.ClaimsPageSteps.openClaimCard(ClaimsPageSteps.java:150)
12-08 10:13:21.262  9674  9718 W DefaultFailureHandler: 	at ru.iteco.fmhandroid.ui.steps.CreatingClaimsSteps.createClaim(CreatingClaimsSteps.java:118)
12-08 10:13:21.262  9674  9718 W DefaultFailureHandler: 	at ru.iteco.fmhandroid.ui.steps.CreatingClaimsSteps.createClaims(CreatingClaimsSteps.java:131)
12-08 10:13:21.262  9674  9718 W DefaultFailureHandler: 	at ru.iteco.fmhandroid.ui.FilterClaimsPageTest.shouldFilterClaimsWithStatusCanceled(FilterClaimsPageTest.java:174)
12-08 10:13:21.262  9674  9718 W DefaultFailureHandler: 	at java.lang.reflect.Method.invoke(Native Method)
12-08 10:13:21.262  9674  9718 W DefaultFailureHandler: 	at org.junit.runners.model.FrameworkMethod$1.runReflectiveCall(FrameworkMethod.java:59)
12-08 10:13:21.262  9674  9718 W DefaultFailureHandler: 	at org.junit.internal.runners.model.ReflectiveCallable.run(ReflectiveCallable.java:12)
12-08 10:13:21.262  9674  9718 W DefaultFailureHandler: 	at org.junit.runners.model.FrameworkMethod.invokeExplosively(FrameworkMethod.java:56)
12-08 10:13:21.262  9674  9718 W DefaultFailureHandler: 	at org.junit.internal.runners.statements.InvokeMethod.evaluate(InvokeMethod.java:17)
12-08 10:13:21.262  9674  9718 W DefaultFailureHandler: 	at androidx.test.internal.runner.junit4.statement.RunBefores.evaluate(RunBefores.java:80)
12-08 10:13:21.262  9674  9718 W DefaultFailureHandler: 	at io.qameta.allure.android.rules.ScreenshotRule$apply$1.evaluate(ScreenshotRule.kt:22)
12-08 10:13:21.262  9674  9718 W DefaultFailureHandler: 	at org.junit.rules.ExternalResource$1.evaluate(ExternalResource.java:54)
12-08 10:13:21.262  9674  9718 W DefaultFailureHandler: 	at io.qameta.allure.android.rules.LogcatRule$apply$1.evaluate(LogcatRule.kt:23)
12-08 10:13:21.262  9674  9718 W DefaultFailureHandler: 	at org.junit.rules.RunRules.evaluate(RunRules.java:20)
12-08 10:13:21.262  9674  9718 W DefaultFailureHandler: 	at org.junit.runners.ParentRunner$3.evaluate(ParentRunner.java:306)
12-08 10:13:21.262  9674  9718 W DefaultFailureHandler: 	at org.junit.runners.BlockJUnit4ClassRunner$1.evaluate(BlockJUnit4ClassRunner.java:100)
12-08 10:13:21.262  9674  9718 W DefaultFailureHandler: 	at org.junit.runners.ParentRunner.runLeaf(ParentRunner.java:366)
12-08 10:13:21.262  9674  9718 W DefaultFailureHandler: 	at org.junit.runners.BlockJUnit4ClassRunner.runChild(BlockJUnit4ClassRunner.java:103)
12-08 10:13:21.262  9674  9718 W DefaultFailureHandler: 	at org.junit.runners.BlockJUnit4ClassRunner.runChild(BlockJUnit4ClassRunner.java:63)
12-08 10:13:21.262  9674  9718 W DefaultFailureHandler: 	at org.junit.runners.ParentRunner$4.run(ParentRunner.java:331)
12-08 10:13:21.262  9674  9718 W DefaultFailureHandler: 	at org.junit.runners.ParentRunner$1.schedule(ParentRunner.java:79)
12-08 10:13:21.262  9674  9718 W DefaultFailureHandler: 	at org.junit.runners.ParentRunner.runChildren(ParentRunner.java:329)
12-08 10:13:21.262  9674  9718 W DefaultFailureHandler: 	at org.junit.runners.ParentRunner.access$100(ParentRunner.java:66)
12-08 10:13:21.262  9674  9718 W DefaultFailureHandler: 	at org.junit.runners.ParentRunner$2.evaluate(ParentRunner.java:293)
12-08 10:13:21.262  9674  9718 W DefaultFailureHandler: 	at org.junit.runners.ParentRunner$3.evaluate(ParentRunner.java:306)
12-08 10:13:21.262  9674  9718 W DefaultFailureHandler: 	at org.junit.runners.ParentRunner.run(ParentRunner.java:413)
12-08 10:13:21.262  9674  9718 W DefaultFailureHandler: 	at androidx.test.ext.junit.runners.AndroidJUnit4.run(AndroidJUnit4.java:162)
12-08 10:13:21.262  9674  9718 W DefaultFailureHandler: 	at io.qameta.allure.android.runners.AllureAndroidJUnit4.run(AllureAndroidJUnitRunners.kt:29)
12-08 10:13:21.262  9674  9718 W DefaultFailureHandler: 	at org.junit.runners.Suite.runChild(Suite.java:128)
12-08 10:13:21.262  9674  9718 W DefaultFailureHandler: 	at org.junit.runners.Suite.runChild(Suite.java:27)
12-08 10:13:21.262  9674  9718 W DefaultFailureHandler: 	at org.junit.runners.ParentRunner$4.run(ParentRunner.java:331)
12-08 10:13:21.262  9674  9718 W DefaultFailureHandler: 	at org.junit.runners.ParentRunner$1.schedule(ParentRunner.java:79)
12-08 10:13:21.262  9674  9718 W DefaultFailureHandler: 	at org.junit.runners.ParentRunner.runChildren(ParentRunner.java:329)
12-08 10:13:21.262  9674  9718 W DefaultFailureHandler: 	at org.junit.runners.ParentRunner.access$100(ParentRunner.java:66)
12-08 10:13:21.262  9674  9718 W DefaultFailureHandler: 	at org.junit.runners.ParentRunner$2.evaluate(ParentRunner.java:293)
12-08 10:13:21.262  9674  9718 W DefaultFailureHandler: 	at org.junit.runners.ParentRunner$3.evaluate(ParentRunner.java:306)
12-08 10:13:21.262  9674  9718 W DefaultFailureHandler: 	at org.junit.runners.ParentRunner.run(ParentRunner.java:413)
12-08 10:13:21.262  9674  9718 W DefaultFailureHandler: 	at org.junit.runner.JUnitCore.run(JUnitCore.java:137)
12-08 10:13:21.262  9674  9718 W DefaultFailureHandler: 	at org.junit.runner.JUnitCore.run(JUnitCore.java:115)
12-08 10:13:21.262  9674  9718 W DefaultFailureHandler: 	at androidx.test.internal.runner.TestExecutor.execute(TestExecutor.java:67)
12-08 10:13:21.262  9674  9718 W DefaultFailureHandler: 	at androidx.test.internal.runner.TestExecutor.execute(TestExecutor.java:58)
12-08 10:13:21.262  9674  9718 W DefaultFailureHandler: 	at androidx.test.runner.AndroidJUnitRunner.onStart(AndroidJUnitRunner.java:438)
12-08 10:13:21.262  9674  9718 W DefaultFailureHandler: 	at android.app.Instrumentation$InstrumentationThread.run(Instrumentation.java:2189)
12-08 10:13:21.262  9674  9718 W DefaultFailureHandler: Caused by: android.system.ErrnoException: open failed: EROFS (Read-only file system)
12-08 10:13:21.262  9674  9718 W DefaultFailureHandler: 	at libcore.io.Linux.open(Native Method)
12-08 10:13:21.262  9674  9718 W DefaultFailureHandler: 	at libcore.io.ForwardingOs.open(ForwardingOs.java:167)
12-08 10:13:21.262  9674  9718 W DefaultFailureHandler: 	at libcore.io.BlockGuardOs.open(BlockGuardOs.java:252)
12-08 10:13:21.262  9674  9718 W DefaultFailureHandler: 	at libcore.io.ForwardingOs.open(ForwardingOs.java:167)
12-08 10:13:21.262  9674  9718 W DefaultFailureHandler: 	at android.app.ActivityThread$AndroidOs.open(ActivityThread.java:7255)
12-08 10:13:21.262  9674  9718 W DefaultFailureHandler: 	at libcore.io.IoBridge.open(IoBridge.java:482)
12-08 10:13:21.262  9674  9718 W DefaultFailureHandler: 	... 53 more
12-08 10:13:21.272  1776  1825 D gralloc_ranchu: gralloc_alloc: Creating ashmem region of size 10108928
12-08 10:13:21.443  9674  9687 I teco.fmhandroi: NativeAlloc concurrent copying GC freed 91486(4480KB) AllocSpace objects, 4(64KB) LOS objects, 30% free, 13MB/19MB, paused 800us total 133.852ms
12-08 10:13:21.526  2018  5907 I ActivityTaskManager: START u0 {act=android.intent.action.MAIN cat=[android.intent.category.LAUNCHER] flg=0x10000000 cmp=ru.iteco.fmhandroid.test/androidx.test.core.app.InstrumentationActivityInvoker$EmptyActivity} from uid 10146
12-08 10:13:21.538  9674  9674 D LifecycleMonitor: Lifecycle status change: ru.iteco.fmhandroid.ui.AppActivity@8617f7f in: PAUSED
12-08 10:13:21.539  9674  9674 V ActivityScenario: Update currentActivityStage to PAUSED, currentActivity=ru.iteco.fmhandroid.ui.AppActivity@8617f7f
12-08 10:13:21.540  2018  2693 W InputReader: Device has associated, but no associated display id.
12-08 10:13:21.544  2018  2693 I chatty  : uid=1000(system) Binder:2018_9 identical 37 lines
12-08 10:13:21.544  2018  2693 W InputReader: Device has associated, but no associated display id.
12-08 10:13:21.544  9730  9730 W ActivityThread: handleWindowVisibility: no activity for token android.os.BinderProxy@9ae7bbd
12-08 10:13:21.544  2018  2693 W InputReader: Device has associated, but no associated display id.
12-08 10:13:21.551  2018  2693 I chatty  : uid=1000(system) Binder:2018_9 identical 9 lines
12-08 10:13:21.551  2018  2693 W InputReader: Device has associated, but no associated display id.
12-08 10:13:21.556  9674  9878 V FA      : Recording user engagement, ms: 20518
12-08 10:13:21.615  2018  4164 I ActivityTaskManager: START u0 {act=android.intent.action.MAIN cat=[android.intent.category.LAUNCHER] flg=0x10000000 cmp=ru.iteco.fmhandroid.test/androidx.test.core.app.InstrumentationActivityInvoker$EmptyActivity} from uid 10146
12-08 10:13:21.627  1776  1825 D gralloc_ranchu: gralloc_alloc: Creating ashmem region of size 10108928
12-08 10:13:21.631  9674  9878 V FA      : Connecting to remote service
12-08 10:13:21.633  1776  1825 D gralloc_ranchu: gralloc_alloc: Creating ashmem region of size 10108928
12-08 10:13:21.636  1776  1825 D gralloc_ranchu: gralloc_alloc: Creating ashmem region of size 10108928
12-08 10:13:21.645  9730  9767 D EGL_emulation: eglMakeCurrent: 0xdd81a2a0: ver 2 0 (tinfo 0xdd80f0b0)
12-08 10:13:21.696  2018 11055 W InputReader: Device has associated, but no associated display id.
12-08 10:13:21.707  2018 11055 I chatty  : uid=1000(system) Binder:2018_1E identical 48 lines
12-08 10:13:21.708  2018 11055 W InputReader: Device has associated, but no associated display id.
12-08 10:13:21.728  9674  9878 V FA      : Connection attempt already in progress
12-08 10:13:21.730  9730  9730 W ActivityThread: handleWindowVisibility: no activity for token android.os.BinderProxy@f934d44
12-08 10:13:21.737  9674  9878 V FA      : Activity paused, time: 57348580
12-08 10:13:21.743  9674  9878 D FA      : Connected to remote service
12-08 10:13:21.749  9674  9878 V FA      : Processing queued up service tasks: 2
12-08 10:13:21.760  2018  5907 W ActivityTaskManager: Duplicate finish request for ActivityRecord{e58652 u0 ru.iteco.fmhandroid/.ui.AppActivity t300 f}
12-08 10:13:21.812  1776  1825 D gralloc_ranchu: gralloc_alloc: Creating ashmem region of size 10108928
12-08 10:13:21.821  1776  1825 I chatty  : uid=1000(system) HwBinder:1776_1 identical 1 line
12-08 10:13:21.822  1776  1825 D gralloc_ranchu: gralloc_alloc: Creating ashmem region of size 10108928
12-08 10:13:21.824  2873  9885 V FA-SVC  : Logging event: origin=auto,name=user_engagement(_e),params=Bundle[{ga_event_origin(_o)=auto, engagement_time_msec(_et)=20518, ga_screen_class(_sc)=AppActivity, ga_screen_id(_si)=2194426279771477313}]
12-08 10:13:21.825  9730  9767 D EGL_emulation: eglMakeCurrent: 0xdd81a2a0: ver 2 0 (tinfo 0xdd80f0b0)
12-08 10:13:21.856  2018  2054 W InputReader: Device has associated, but no associated display id.
12-08 10:13:21.858  2018  2054 I chatty  : uid=1000(system) android.anim identical 18 lines
12-08 10:13:21.858  2018  2054 W InputReader: Device has associated, but no associated display id.
12-08 10:13:21.860  2018  2058 I ActivityTaskManager: Displayed ru.iteco.fmhandroid.test/androidx.test.core.app.InstrumentationActivityInvoker$EmptyActivity: +147ms
12-08 10:13:21.870  9674  9770 D EGL_emulation: eglMakeCurrent: 0xdd81b860: ver 2 0 (tinfo 0xc3288080)
12-08 10:13:21.887  2018  4164 W InputReader: Device has associated, but no associated display id.
12-08 10:13:21.888  2018  4164 I chatty  : uid=1000(system) Binder:2018_11 identical 8 lines
12-08 10:13:21.888  2018  4164 W InputReader: Device has associated, but no associated display id.
12-08 10:13:21.895  2873  9885 V FA-SVC  : Upload scheduled in approximately ms: 3382620
12-08 10:13:21.895  2873  9885 V FA-SVC  : Unscheduling upload
12-08 10:13:21.913  2873  9885 V FA-SVC  : Scheduling upload, millis: 3382620
12-08 10:13:21.937  2018  4164 W InputReader: Device has associated, but no associated display id.
12-08 10:13:21.940  2018  4164 I chatty  : uid=1000(system) Binder:2018_11 identical 28 lines
12-08 10:13:21.940  2018  4164 W InputReader: Device has associated, but no associated display id.
12-08 10:13:21.950  2873  9885 V FA-SVC  : Background event processing time, ms: 128
12-08 10:13:21.961  9674  9674 D AutofillManager: onActivityFinishing(): calling cancelLocked()
12-08 10:13:21.975  9674  9674 D LifecycleMonitor: Lifecycle status change: ru.iteco.fmhandroid.ui.AppActivity@8617f7f in: STOPPED
12-08 10:13:21.976  9674  9674 V ActivityScenario: Update currentActivityStage to STOPPED, currentActivity=ru.iteco.fmhandroid.ui.AppActivity@8617f7f
12-08 10:13:21.978  2018 11055 D ConnectivityService: requestNetwork for uid/pid:10129/8344 NetworkRequest [ TRACK_DEFAULT id=78, [ Capabilities: INTERNET&NOT_RESTRICTED&TRUSTED Uid: 10129] ]
12-08 10:13:21.979  2018  2136 D UntrustedWifiNetworkFactory: got request NetworkRequest [ TRACK_DEFAULT id=78, [ Capabilities: INTERNET&NOT_RESTRICTED&TRUSTED Uid: 10129] ] with score 50 and serial 2
12-08 10:13:21.979  2018  2136 D WifiNetworkFactory: got request NetworkRequest [ TRACK_DEFAULT id=78, [ Capabilities: INTERNET&NOT_RESTRICTED&TRUSTED Uid: 10129] ] with score 50 and serial 2
12-08 10:13:21.980  2298  2298 D PhoneSwitcherNetworkRequstListener: got request NetworkRequest [ TRACK_DEFAULT id=78, [ Capabilities: INTERNET&NOT_RESTRICTED&TRUSTED Uid: 10129] ] with score 50 and serial 2
12-08 10:13:22.017  9674  9674 W System.err: ru.iteco.fmhandroid.exceptions.UnknownException
12-08 10:13:22.017  9674  9674 W System.err: 	at ru.iteco.fmhandroid.utils.Utils.makeRequest(Utils.kt:123)
12-08 10:13:22.017  9674  9674 W System.err: 	at ru.iteco.fmhandroid.utils.Utils$makeRequest$1.invokeSuspend(Unknown Source:15)
12-08 10:13:22.017  9674  9674 W System.err: 	at kotlin.coroutines.jvm.internal.BaseContinuationImpl.resumeWith(ContinuationImpl.kt:33)
12-08 10:13:22.017  9674  9674 W System.err: 	at kotlinx.coroutines.DispatchedTaskKt.resume(DispatchedTask.kt:234)
12-08 10:13:22.017  9674  9674 W System.err: 	at kotlinx.coroutines.DispatchedTaskKt.resumeUnconfined(DispatchedTask.kt:190)
12-08 10:13:22.017  9674  9674 W System.err: 	at kotlinx.coroutines.DispatchedTaskKt.dispatch(DispatchedTask.kt:161)
12-08 10:13:22.017  9674  9674 W System.err: 	at kotlinx.coroutines.CancellableContinuationImpl.dispatchResume(CancellableContinuationImpl.kt:397)
12-08 10:13:22.018  9674  9674 W System.err: 	at kotlinx.coroutines.CancellableContinuationImpl.cancel(CancellableContinuationImpl.kt:183)
12-08 10:13:22.018  9674  9674 W System.err: 	at kotlinx.coroutines.CancellableContinuationImpl.parentCancelled$kotlinx_coroutines_core(CancellableContinuationImpl.kt:190)
12-08 10:13:22.018  9674  9674 W System.err: 	at kotlinx.coroutines.ChildContinuation.invoke(JobSupport.kt:1474)
12-08 10:13:22.018  9674  9674 W System.err: 	at kotlinx.coroutines.JobSupport.notifyCancelling(JobSupport.kt:1499)
12-08 10:13:22.018  9674  9674 W System.err: 	at kotlinx.coroutines.JobSupport.tryMakeCancelling(JobSupport.kt:795)
12-08 10:13:22.018  9674  9674 W System.err: 	at kotlinx.coroutines.JobSupport.makeCancelling(JobSupport.kt:755)
12-08 10:13:22.018  9674  9674 W System.err: 	at kotlinx.coroutines.JobSupport.cancelImpl$kotlinx_coroutines_core(JobSupport.kt:671)
12-08 10:13:22.018  9674  9674 W System.err: 	at kotlinx.coroutines.JobSupport.parentCancelled(JobSupport.kt:637)
12-08 10:13:22.018  9674  9674 W System.err: 	at kotlinx.coroutines.ChildHandleNode.invoke(JobSupport.kt:1465)
12-08 10:13:22.018  9674  9674 W System.err: 	at kotlinx.coroutines.JobSupport.notifyCancelling(JobSupport.kt:1499)
12-08 10:13:22.018  9674  9674 W System.err: 	at kotlinx.coroutines.JobSupport.tryMakeCompletingSlowPath(JobSupport.kt:900)
12-08 10:13:22.018  9674  9674 W System.err: 	at kotlinx.coroutines.JobSupport.tryMakeCompleting(JobSupport.kt:863)
12-08 10:13:22.018  9674  9674 W System.err: 	at kotlinx.coroutines.JobSupport.cancelMakeCompleting(JobSupport.kt:696)
12-08 10:13:22.018  9674  9674 W System.err: 	at kotlinx.coroutines.JobSupport.cancelImpl$kotlinx_coroutines_core(JobSupport.kt:667)
12-08 10:13:22.018  9674  9674 W System.err: 	at kotlinx.coroutines.JobSupport.cancelInternal(JobSupport.kt:632)
12-08 10:13:22.018  9674  9674 W System.err: 	at kotlinx.coroutines.JobSupport.cancel(JobSupport.kt:617)
12-08 10:13:22.018  9674  9674 W System.err: 	at kotlinx.coroutines.JobKt__JobKt.cancel(Job.kt:561)
12-08 10:13:22.018  9674  9674 W System.err: 	at kotlinx.coroutines.JobKt.cancel(Unknown Source:1)
12-08 10:13:22.018  9674  9674 W System.err: 	at kotlinx.coroutines.JobKt__JobKt.cancel$default(Job.kt:560)
12-08 10:13:22.018  9674  9674 W System.err: 	at kotlinx.coroutines.JobKt.cancel$default(Unknown Source:1)
12-08 10:13:22.018  9674  9674 W System.err: 	at androidx.lifecycle.CloseableCoroutineScope.close(ViewModel.kt:51)
12-08 10:13:22.018  9674  9674 W System.err: 	at androidx.lifecycle.ViewModel.closeWithRuntimeException(ViewModel.java:188)
12-08 10:13:22.018  9674  9674 W System.err: 	at androidx.lifecycle.ViewModel.clear(ViewModel.java:134)
12-08 10:13:22.018  9674  9674 W System.err: 	at androidx.lifecycle.ViewModelStore.clear(ViewModelStore.java:62)
12-08 10:13:22.018  9674  9674 W System.err: 	at androidx.fragment.app.FragmentManagerViewModel.clearNonConfigStateInternal(FragmentManagerViewModel.java:210)
12-08 10:13:22.018  9674  9674 W System.err: 	at androidx.fragment.app.FragmentManagerViewModel.clearNonConfigState(FragmentManagerViewModel.java:190)
12-08 10:13:22.018  9674  9674 W System.err: 	at androidx.fragment.app.FragmentStateManager.destroy(FragmentStateManager.java:778)
12-08 10:13:22.018  9674  9674 W System.err: 	at androidx.fragment.app.FragmentStateManager.moveToExpectedState(FragmentStateManager.java:335)
12-08 10:13:22.018  9674  9674 W System.err: 	at androidx.fragment.app.FragmentStore.moveToExpectedState(FragmentStore.java:113)
12-08 10:13:22.018  9674  9674 W System.err: 	at androidx.fragment.app.FragmentManager.moveToState(FragmentManager.java:1374)
12-08 10:13:22.018  9674  9674 W System.err: 	at androidx.fragment.app.FragmentManager.dispatchStateChange(FragmentManager.java:2841)
12-08 10:13:22.018  9674  9674 W System.err: 	at androidx.fragment.app.FragmentManager.dispatchDestroy(FragmentManager.java:2820)
12-08 10:13:22.018  9674  9674 W System.err: 	at androidx.fragment.app.Fragment.performDestroy(Fragment.java:3246)
12-08 10:13:22.018  9674  9674 W System.err: 	at androidx.fragment.app.FragmentStateManager.destroy(FragmentStateManager.java:780)
12-08 10:13:22.018  9674  9674 W System.err: 	at androidx.fragment.app.FragmentStateManager.moveToExpectedState(FragmentStateManager.java:335)
12-08 10:13:22.019  9674  9674 W System.err: 	at androidx.fragment.app.SpecialEffectsController$FragmentStateManagerOperation.complete(SpecialEffectsController.java:771)
12-08 10:13:22.019  9674  9674 W System.err: 	at androidx.fragment.app.SpecialEffectsController$Operation.cancel(SpecialEffectsController.java:615)
12-08 10:13:22.019  9674  9674 W System.err: 	at androidx.fragment.app.SpecialEffectsController.forceCompleteAllOperations(SpecialEffectsController.java:350)
12-08 10:13:22.019  9674  9674 W System.err: 	at androidx.fragment.app.FragmentManager.dispatchStateChange(FragmentManager.java:2844)
12-08 10:13:22.019  9674  9674 W System.err: 	at androidx.fragment.app.FragmentManager.dispatchDestroy(FragmentManager.java:2820)
12-08 10:13:22.019  9674  9674 W System.err: 	at androidx.fragment.app.FragmentController.dispatchDestroy(FragmentController.java:345)
12-08 10:13:22.019  9674  9674 W System.err: 	at androidx.fragment.app.FragmentActivity.onDestroy(FragmentActivity.java:306)
12-08 10:13:22.019  9674  9674 W System.err: 	at androidx.appcompat.app.AppCompatActivity.onDestroy(AppCompatActivity.java:278)
12-08 10:13:22.019  9674  9674 W System.err: 	at android.app.Activity.performDestroy(Activity.java:8048)
12-08 10:13:22.019  9674  9674 W System.err: 	at android.app.Instrumentation.callActivityOnDestroy(Instrumentation.java:1334)
12-08 10:13:22.019  9674  9674 W System.err: 	at androidx.test.runner.MonitoringInstrumentation.callActivityOnDestroy(MonitoringInstrumentation.java:766)
12-08 10:13:22.019  9674  9674 W System.err: 	at android.app.ActivityThread.performDestroyActivity(ActivityThread.java:4926)
12-08 10:13:22.019  9674  9674 W System.err: 	at android.app.ActivityThread.handleDestroyActivity(ActivityThread.java:4970)
12-08 10:13:22.021  9674  9674 W System.err: 	at android.app.servertransaction.DestroyActivityItem.execute(DestroyActivityItem.java:44)
12-08 10:13:22.021  9674  9674 W System.err: 	at android.app.servertransaction.TransactionExecutor.executeLifecycleState(TransactionExecutor.java:176)
12-08 10:13:22.021  9674  9674 W System.err: 	at android.app.servertransaction.TransactionExecutor.execute(TransactionExecutor.java:97)
12-08 10:13:22.021  9674  9674 W System.err: 	at android.app.ActivityThread$H.handleMessage(ActivityThread.java:2016)
12-08 10:13:22.021  9674  9674 W System.err: 	at android.os.Handler.dispatchMessage(Handler.java:107)
12-08 10:13:22.021  9674  9674 W System.err: 	at android.os.Looper.loop(Looper.java:214)
12-08 10:13:22.021  9674  9674 W System.err: 	at android.app.ActivityThread.main(ActivityThread.java:7356)
12-08 10:13:22.021  9674  9674 W System.err: 	at java.lang.reflect.Method.invoke(Native Method)
12-08 10:13:22.021  9674  9674 W System.err: 	at com.android.internal.os.RuntimeInit$MethodAndArgsCaller.run(RuntimeInit.java:492)
12-08 10:13:22.021  9674  9674 W System.err: 	at com.android.internal.os.ZygoteInit.main(ZygoteInit.java:930)
12-08 10:13:22.027  1776  1825 D gralloc_ranchu: gralloc_alloc: Creating ashmem region of size 10108928
12-08 10:13:22.040  8344  8376 D EGL_emulation: eglMakeCurrent: 0xe59ed1c0: ver 2 0 (tinfo 0xe59d9f10)
12-08 10:13:22.044  9674  9674 W System.err: ru.iteco.fmhandroid.exceptions.UnknownException
