--------- beginning of main
12-07 21:12:30.891  1370  1370 I teco.fmhandroi: The ClassLoaderContext is a special shared library.
12-07 21:12:30.892  1370  1370 I teco.fmhandroi: The ClassLoaderContext is a special shared library.
12-07 21:12:31.408  1370  1370 W teco.fmhandroi: ClassLoaderContext classpath size mismatch. expected=0, found=7 (PCL[] | PCL[/system/framework/android.test.runner.jar*3312018701:/system/framework/android.test.mock.jar*3601177991:/data/app/ru.iteco.fmhandroid.test-64Dj4ohZtBbS04X3mI4bTA==/base.apk*125722370:/data/app/ru.iteco.fmhandroid.test-64Dj4ohZtBbS04X3mI4bTA==/base.apk!classes2.dex*2301094307:/data/app/ru.iteco.fmhandroid.test-64Dj4ohZtBbS04X3mI4bTA==/base.apk!classes3.dex*4138589913:/data/app/ru.iteco.fmhandroid.test-64Dj4ohZtBbS04X3mI4bTA==/base.apk!classes4.dex*2107875085:/data/app/ru.iteco.fmhandroid.test-64Dj4ohZtBbS04X3mI4bTA==/base.apk!classes5.dex*3024307245];PCL[/system/framework/android.test.runner.jar*3312018701:/system/framework/android.test.mock.jar*3601177991:/data/app/ru.iteco.fmhandroid.test-64Dj4ohZtBbS04X3mI4bTA==/base.apk*125722370:/data/app/ru.iteco.fmhandroid.test-64Dj4ohZtBbS04X3mI4bTA==/base.apk!classes2.dex*2301094307:/data/app/ru.iteco.fmhandroid.test-64Dj4ohZtBbS04X3mI4bTA==/base.apk!classes3.dex*4138589913:/data/app/ru.itec
12-07 21:12:31.411  1370  1370 W teco.fmhandroi: Found duplicate classes, falling back to extracting from APK : /data/app/ru.iteco.fmhandroid-R0QVQlEGwG1IVzN-H3bqog==/base.apk
12-07 21:12:31.411  1370  1370 W teco.fmhandroi: NOTE: This wastes RAM and hurts startup performance.
12-07 21:12:31.411  1370  1370 W teco.fmhandroi: Found duplicated class when checking oat files: 'Landroid/support/v4/app/INotificationSideChannel$Default;' in /data/app/ru.iteco.fmhandroid-R0QVQlEGwG1IVzN-H3bqog==/base.apk and /data/app/ru.iteco.fmhandroid-R0QVQlEGwG1IVzN-H3bqog==/base.apk
12-07 21:12:31.411  1370  1370 W teco.fmhandroi: 
12-07 21:12:32.267  1370  1370 W teco.fmhandroi: Accessing hidden method Landroid/app/Instrumentation;->execStartActivity(Landroid/content/Context;Landroid/os/IBinder;Landroid/os/IBinder;Landroid/app/Activity;Landroid/content/Intent;ILandroid/os/Bundle;)Landroid/app/Instrumentation$ActivityResult; (greylist, linking, allowed)
12-07 21:12:32.267  1370  1370 W teco.fmhandroi: Accessing hidden method Landroid/app/Instrumentation;->execStartActivity(Landroid/content/Context;Landroid/os/IBinder;Landroid/os/IBinder;Ljava/lang/String;Landroid/content/Intent;ILandroid/os/Bundle;)Landroid/app/Instrumentation$ActivityResult; (greylist, linking, allowed)
12-07 21:12:32.286  1370  1370 I MonitoringInstr: newApplication called!
12-07 21:12:32.357  1370  1370 I FirebaseApp: Device unlocked: initializing all Firebase APIs for app [DEFAULT]
12-07 21:12:32.405  1370  1370 I FirebaseCrashlytics: Initializing Firebase Crashlytics 18.2.6 for ru.iteco.fmhandroid
12-07 21:12:32.427  1370  1402 I DynamiteModule: Considering local module com.google.android.gms.measurement.dynamite:55 and remote module com.google.android.gms.measurement.dynamite:15
12-07 21:12:32.427  1370  1402 I DynamiteModule: Selected local version of com.google.android.gms.measurement.dynamite
12-07 21:12:32.447  1370  1370 W FA      : Failed to register event listener on calling thread. Trying again on the dynamite thread.
12-07 21:12:32.647  1370  1370 I FirebaseInitProvider: FirebaseApp initialization successful
12-07 21:12:32.698  1370  1370 I MonitoringInstr: Instrumentation started!
12-07 21:12:32.710  1370  1408 V FA      : App measurement collection enabled
12-07 21:12:32.712  1370  1370 D ClassesArgTokenizer: input: ru.iteco.fmhandroid.ui.ClaimsCreationFormTest#shouldCreateAClaimWithoutAnExecutor
12-07 21:12:32.715  1370  1370 D ClassesArgTokenizer: result: [ru.iteco.fmhandroid.ui.ClaimsCreationFormTest#shouldCreateAClaimWithoutAnExecutor]
12-07 21:12:32.715  1370  1370 D ClassesArgTokenizer: input: null
12-07 21:12:32.715  1370  1370 D ClassesArgTokenizer: result: []
12-07 21:12:32.724  1370  1370 V TestEventClient: No service name argument was given (testDiscoveryService, testRunEventService or orchestratorService)
12-07 21:12:32.724  1370  1408 V FA      : App measurement enabled for app package, google app id: ru.iteco.fmhandroid, 1:729587742060:android:e7d6f87c783f52b9a42f49
12-07 21:12:32.731  1370  1408 I FA      : App measurement initialized, version: 46000
12-07 21:12:32.731  1370  1408 I FA      : To enable debug logging run: adb shell setprop log.tag.FA VERBOSE
12-07 21:12:32.731  1370  1408 I FA      : To enable faster debug mode event logging run:
12-07 21:12:32.731  1370  1408 I FA      :   adb shell setprop debug.firebase.analytics.app ru.iteco.fmhandroid
12-07 21:12:32.731  1370  1408 D FA      : Debug-level message logging enabled
12-07 21:12:32.758  1370  1414 D AndroidJUnitRunner: onStart is called.
12-07 21:12:32.789  1370  1370 I MonitoringInstr: No JSBridge.
12-07 21:12:32.832  1370  1414 D TestRequestBuilder: Skipping class path scanning and directly running [ru.iteco.fmhandroid.ui.ClaimsCreationFormTest]
12-07 21:12:32.855  1370  1414 D ClassesArgTokenizer: input: ru.iteco.fmhandroid.ui.ClaimsCreationFormTest#shouldCreateAClaimWithoutAnExecutor
12-07 21:12:32.855  1370  1414 D ClassesArgTokenizer: result: [ru.iteco.fmhandroid.ui.ClaimsCreationFormTest#shouldCreateAClaimWithoutAnExecutor]
12-07 21:12:32.855  1370  1414 D ClassesArgTokenizer: input: null
12-07 21:12:32.855  1370  1414 D ClassesArgTokenizer: result: []
12-07 21:12:32.867  1370  1408 V FA      : Connecting to remote service
12-07 21:12:32.915  1370  1408 V FA      : Connection attempt already in progress
12-07 21:12:32.920  1370  1414 D AndroidJUnitRunner: Use the raw file system for managing file I/O.
12-07 21:12:32.935  1370  1408 V FA      : Connection attempt already in progress
12-07 21:12:32.936  1370  1408 D FA      : Connected to remote service
12-07 21:12:32.936  1370  1408 V FA      : Processing queued up service tasks: 3
12-07 21:12:32.938  1370  1414 D TestExecutor: Adding listener androidx.test.internal.runner.listener.LogRunListener
12-07 21:12:32.939  1370  1414 D TestExecutor: Adding listener androidx.test.internal.runner.listener.InstrumentationResultPrinter
12-07 21:12:32.940  1370  1414 D TestExecutor: Adding listener androidx.test.internal.runner.listener.ActivityFinisherRunListener
12-07 21:12:32.940  1370  1414 D TestExecutor: Adding listener androidx.test.internal.runner.listener.TraceRunListener
12-07 21:12:32.977  1370  1414 I TestRunner: run started: 1 tests
12-07 21:12:33.013  2873  1417 V FA-SVC  : Saving default event parameters, appId, data size: ru.iteco.fmhandroid, 2
12-07 21:12:33.098  1370  1414 I TestRunner: started: shouldCreateAClaimWithoutAnExecutor(ru.iteco.fmhandroid.ui.ClaimsCreationFormTest)
12-07 21:12:33.352  1744  1418 E ResolverController: No valid NAT64 prefix (102, <unspecified>/0)
12-07 21:12:33.508  1370  1414 W FileTestStorage: Output properties is not supported.
12-07 21:12:33.512  1370  1414 I Tracing : Tracer added: class androidx.test.platform.tracing.AndroidXTracer
12-07 21:12:33.541  1370  1414 D EventInjectionStrategy: Creating injection strategy with input manager.
12-07 21:12:33.543  1370  1414 W teco.fmhandroi: Accessing hidden method Landroid/hardware/input/InputManager;->getInstance()Landroid/hardware/input/InputManager; (greylist, reflection, allowed)
12-07 21:12:33.546  1370  1414 W teco.fmhandroi: Accessing hidden method Landroid/hardware/input/InputManager;->injectInputEvent(Landroid/view/InputEvent;I)Z (greylist, reflection, allowed)
12-07 21:12:33.547  1370  1414 W teco.fmhandroi: Accessing hidden field Landroid/hardware/input/InputManager;->INJECT_INPUT_EVENT_MODE_WAIT_FOR_FINISH:I (greylist, reflection, allowed)
--------- beginning of system
12-07 21:12:33.718  2018  2018 V SettingsProvider: Notifying for 0: content://settings/secure/accessibility_enabled
12-07 21:12:34.062  1370  1414 W Settings: Setting always_finish_activities has moved from android.provider.Settings.System to android.provider.Settings.Global, returning read-only value.
12-07 21:12:34.083  2018  5994 I ActivityTaskManager: START u0 {act=android.intent.action.MAIN cat=[android.intent.category.LAUNCHER] flg=0x10008000 cmp=ru.iteco.fmhandroid.test/androidx.test.core.app.InstrumentationActivityInvoker$BootstrapActivity (has extras)} from uid 10146
12-07 21:12:34.157  2018  5994 W InputReader: Device has associated, but no associated display id.
12-07 21:12:34.158  2018  5994 I chatty  : uid=1000(system) Binder:2018_18 identical 8 lines
12-07 21:12:34.158  2018  5994 W InputReader: Device has associated, but no associated display id.
12-07 21:12:34.233  1776  1776 D gralloc_ranchu: gralloc_alloc: Creating ashmem region of size 10108928
12-07 21:12:34.235  1745  1745 D Zygote  : Forked child process 1426
12-07 21:12:34.245  1426  1426 I fmhandroid.tes: Late-enabling -Xcheck:jni
12-07 21:12:34.289  2018  2060 W ActivityManager: Slow operation: 124ms so far, now at startProcess: returned from zygote!
12-07 21:12:34.289  2018  2060 W ActivityManager: Slow operation: 125ms so far, now at startProcess: done updating battery stats
12-07 21:12:34.290  2018  2060 W ActivityManager: Slow operation: 125ms so far, now at startProcess: building log message
12-07 21:12:34.290  2018  2060 I ActivityManager: Start proc 1426:ru.iteco.fmhandroid.test/u0a147 for activity {ru.iteco.fmhandroid.test/androidx.test.core.app.InstrumentationActivityInvoker$BootstrapActivity}
12-07 21:12:34.290  2018  2060 W ActivityManager: Slow operation: 125ms so far, now at startProcess: starting to update pids map
12-07 21:12:34.296  2018  2060 W ActivityManager: Slow operation: 131ms so far, now at startProcess: done updating pids map
12-07 21:12:34.382  1776  1776 D gralloc_ranchu: gralloc_alloc: Creating ashmem region of size 1617920
12-07 21:12:34.418  1426  1426 E fmhandroid.tes: Unknown bits set in runtime_flags: 0x8000
12-07 21:12:34.419  1426  1426 W fmhandroid.tes: Unexpected CPU variant for X86 using defaults: x86
12-07 21:12:34.443  2018  6939 D HostConnection: HostConnection::get() New Host Connection established 0xb2678040, tid 6939
12-07 21:12:34.484  2018  6939 D HostConnection: HostComposition ext ANDROID_EMU_CHECKSUM_HELPER_v1 ANDROID_EMU_dma_v1 ANDROID_EMU_direct_mem ANDROID_EMU_host_composition_v1 ANDROID_EMU_host_composition_v2 ANDROID_EMU_vulkan ANDROID_EMU_deferred_vulkan_commands ANDROID_EMU_vulkan_null_optional_strings ANDROID_EMU_vulkan_create_resources_with_requirements ANDROID_EMU_YUV_Cache ANDROID_EMU_vulkan_ignored_handles ANDROID_EMU_vulkan_free_memory_sync ANDROID_EMU_vulkan_shader_float16_int8 ANDROID_EMU_vulkan_async_queue_submit ANDROID_EMU_sync_buffer_data GL_OES_vertex_array_object GL_KHR_texture_compression_astc_ldr ANDROID_EMU_host_side_tracing ANDROID_EMU_gles_max_version_2 
12-07 21:12:34.493  2018  6939 W OpenGLRenderer: Failed to choose config with EGL_SWAP_BEHAVIOR_PRESERVED, retrying without...
12-07 21:12:34.590  2018  5994 W InputReader: Device has associated, but no associated display id.
12-07 21:12:34.673  2018  5994 W ActivityManager: Slow operation: 87ms so far, now at attachApplicationLocked: after mServices.attachApplicationLocked
12-07 21:12:34.652  2018  5994 I chatty  : uid=1000(system) Binder:2018_18 identical 28 lines
12-07 21:12:34.652  2018  5994 W InputReader: Device has associated, but no associated display id.
12-07 21:12:34.752  2018  6939 D EGL_emulation: eglCreateContext: 0xb23556c0: maj 2 min 0 rcv 2
12-07 21:12:34.766  2018  6939 D EGL_emulation: eglMakeCurrent: 0xb23556c0: ver 2 0 (tinfo 0xc1799d10)
12-07 21:12:34.836  1426  1426 I fmhandroid.tes: The ClassLoaderContext is a special shared library.
12-07 21:12:34.845  1426  1426 I fmhandroid.tes: The ClassLoaderContext is a special shared library.
12-07 21:12:35.212  2018  2054 I Choreographer: Skipped 60 frames!  The application may be doing too much work on its main thread.
12-07 21:12:35.215  2018  2054 I Choreographer: Skipped 59 frames!  The application may be doing too much work on its main thread.
12-07 21:12:35.223  2018  2054 W InputReader: Device has associated, but no associated display id.
12-07 21:12:35.224  2018  2054 I chatty  : uid=1000(system) android.anim identical 8 lines
12-07 21:12:35.224  2018  2054 W InputReader: Device has associated, but no associated display id.
12-07 21:12:35.237  1776  1776 D gralloc_ranchu: gralloc_alloc: Creating ashmem region of size 10108928
12-07 21:12:35.342 12448 12488 D EGL_emulation: eglMakeCurrent: 0xe594d140: ver 2 0 (tinfo 0xc539bd10)
12-07 21:12:35.370  2962  3510 D EGL_emulation: eglMakeCurrent: 0xe597d120: ver 2 0 (tinfo 0xbffb2540)
12-07 21:12:35.452  2170  2566 D EGL_emulation: eglMakeCurrent: 0xe594e040: ver 2 0 (tinfo 0xc52450c0)
12-07 21:12:35.468  1793  1896 E SurfaceFlinger: ro.sf.lcd_density must be defined as a build property
12-07 21:12:35.473  1793  1999 E SurfaceFlinger: ro.sf.lcd_density must be defined as a build property
12-07 21:12:35.482  1426  1460 D libEGL  : Emulator has host GPU support, qemu.gles is set to 1.
12-07 21:12:35.482  1426  1460 W libc    : Unable to set property "qemu.gles" to "1": connection failed; errno=13 (Permission denied)
12-07 21:12:35.480  1426  1426 W RenderThread: type=1400 audit(0.0:459): avc: denied { write } for name="property_service" dev="tmpfs" ino=7388 scontext=u:r:untrusted_app:s0:c147,c256,c512,c768 tcontext=u:object_r:property_socket:s0 tclass=sock_file permissive=0 app=ru.iteco.fmhandroid.test
12-07 21:12:35.604  1426  1460 D libEGL  : loaded /vendor/lib/egl/libEGL_emulation.so
12-07 21:12:35.614  1426  1460 D libEGL  : loaded /vendor/lib/egl/libGLESv1_CM_emulation.so
12-07 21:12:35.633  1426  1460 D libEGL  : loaded /vendor/lib/egl/libGLESv2_emulation.so
12-07 21:12:35.640  2018  3061 I ActivityTaskManager: START u0 {act=android.intent.action.MAIN cat=[android.intent.category.LAUNCHER] cmp=ru.iteco.fmhandroid/.ui.AppActivity} from uid 10146
12-07 21:12:35.663  2018  5994 W InputReader: Device has associated, but no associated display id.
12-07 21:12:35.669  2018  5994 I chatty  : uid=1000(system) Binder:2018_18 identical 48 lines
12-07 21:12:35.669  2018  5994 W InputReader: Device has associated, but no associated display id.
12-07 21:12:35.672  1370  1370 W ActivityThread: handleWindowVisibility: no activity for token android.os.BinderProxy@db06269
12-07 21:12:35.674  2018  5994 W InputReader: Device has associated, but no associated display id.
12-07 21:12:35.674  2018  5994 I chatty  : uid=1000(system) Binder:2018_18 identical 8 lines
12-07 21:12:35.674  2018  5994 W InputReader: Device has associated, but no associated display id.
12-07 21:12:35.692  1793  1999 E SurfaceFlinger: ro.sf.lcd_density must be defined as a build property
12-07 21:12:35.693  1793  1999 E SurfaceFlinger: ro.sf.lcd_density must be defined as a build property
12-07 21:12:35.697  1370  1463 D libEGL  : Emulator has host GPU support, qemu.gles is set to 1.
12-07 21:12:35.698  1370  1463 W libc    : Unable to set property "qemu.gles" to "1": connection failed; errno=13 (Permission denied)
12-07 21:12:35.680  1370  1370 W RenderThread: type=1400 audit(0.0:460): avc: denied { write } for name="property_service" dev="tmpfs" ino=7388 scontext=u:r:untrusted_app:s0:c146,c256,c512,c768 tcontext=u:object_r:property_socket:s0 tclass=sock_file permissive=0 app=ru.iteco.fmhandroid
12-07 21:12:35.753  1370  1463 D libEGL  : loaded /vendor/lib/egl/libEGL_emulation.so
12-07 21:12:35.757  1370  1463 D libEGL  : loaded /vendor/lib/egl/libGLESv1_CM_emulation.so
12-07 21:12:35.777  1370  1463 D libEGL  : loaded /vendor/lib/egl/libGLESv2_emulation.so
12-07 21:12:35.851  1370  1370 D LifecycleMonitor: Lifecycle status change: ru.iteco.fmhandroid.ui.AppActivity@36891fa in: PRE_ON_CREATE
12-07 21:12:35.852  1370  1370 V ActivityScenario: Activity lifecycle changed event received but ignored because the reported transition was not ON_CREATE while the last known transition was PRE_ON_CREATE
12-07 21:12:35.885  1370  1402 V FA      : onActivityCreated
12-07 21:12:35.894  1370  1370 E teco.fmhandroi: Invalid ID 0x00000000.
12-07 21:12:35.938  2962  1286 I PBSessionCacheImpl: Deleted sessionId[635179766012] from persistence.
12-07 21:12:35.943  1370  1370 W teco.fmhandroi: Accessing hidden method Landroid/view/View;->computeFitSystemWindows(Landroid/graphics/Rect;Landroid/graphics/Rect;)Z (greylist, reflection, allowed)
12-07 21:12:35.945  1370  1370 W teco.fmhandroi: Accessing hidden method Landroid/view/ViewGroup;->makeOptionalFitsSystemWindows()V (greylist, reflection, allowed)
12-07 21:12:36.048  2962  3348 W SearchServiceCore: Abort, client detached.
12-07 21:12:36.209  1370  1370 D NetworkSecurityConfig: No Network Security Config specified, using platform default
12-07 21:12:36.240  1370  1370 W teco.fmhandroi: Accessing hidden method Ljava/lang/invoke/MethodHandles$Lookup;-><init>(Ljava/lang/Class;I)V (greylist, reflection, allowed)
12-07 21:12:36.488  1370  1370 D LifecycleMonitor: Lifecycle status change: ru.iteco.fmhandroid.ui.AppActivity@36891fa in: CREATED
12-07 21:12:36.488  1370  1370 V ActivityScenario: Update currentActivityStage to CREATED, currentActivity=ru.iteco.fmhandroid.ui.AppActivity@36891fa
12-07 21:12:36.518  1370  1466 W teco.fmhandroi: JNI critical lock held for 27.633ms on Thread[3,tid=1466,Runnable,Thread*=0xf0c34e00,peer=0x135b9d60,"arch_disk_io_0"]
12-07 21:12:37.096  1370  1370 D LifecycleMonitor: Lifecycle status change: ru.iteco.fmhandroid.ui.AppActivity@36891fa in: STARTED
12-07 21:12:37.096  1370  1370 V ActivityScenario: Update currentActivityStage to STARTED, currentActivity=ru.iteco.fmhandroid.ui.AppActivity@36891fa
12-07 21:12:37.100  1370  1370 D LifecycleMonitor: Lifecycle status change: ru.iteco.fmhandroid.ui.AppActivity@36891fa in: RESUMED
12-07 21:12:37.100  1370  1370 V ActivityScenario: Update currentActivityStage to RESUMED, currentActivity=ru.iteco.fmhandroid.ui.AppActivity@36891fa
12-07 21:12:37.100  1370  1408 V FA      : Activity resumed, time: 47907210
12-07 21:12:37.102  1370  1414 W FileTestStorage: Test input args is not supported.
12-07 21:12:37.122  1370  1414 W teco.fmhandroi: Accessing hidden method Lsun/misc/Unsafe;->getUnsafe()Lsun/misc/Unsafe; (greylist,core-platform-api, linking, allowed)
12-07 21:12:37.122  1370  1414 W teco.fmhandroi: Accessing hidden method Lsun/misc/Unsafe;->objectFieldOffset(Ljava/lang/reflect/Field;)J (greylist,core-platform-api, linking, allowed)
12-07 21:12:37.123  1370  1414 W teco.fmhandroi: Accessing hidden method Lsun/misc/Unsafe;->putObject(Ljava/lang/Object;JLjava/lang/Object;)V (greylist, linking, allowed)
12-07 21:12:37.137  1370  1414 W teco.fmhandroi: Accessing hidden method Lsun/misc/Unsafe;->compareAndSwapObject(Ljava/lang/Object;JLjava/lang/Object;Ljava/lang/Object;)Z (greylist, linking, allowed)
12-07 21:12:37.138  1370  1414 W teco.fmhandroi: Accessing hidden method Lsun/misc/Unsafe;->getObject(Ljava/lang/Object;J)Ljava/lang/Object; (greylist, linking, allowed)
12-07 21:12:37.147  1370  1408 I FA      : Tag Manager is not found and thus will not be used
12-07 21:12:37.190  1370  1370 W teco.fmhandroi: Accessing hidden method Landroid/os/MessageQueue;->next()Landroid/os/Message; (greylist, reflection, allowed)
12-07 21:12:37.190  1370  1370 W teco.fmhandroi: Accessing hidden field Landroid/os/MessageQueue;->mMessages:Landroid/os/Message; (greylist, reflection, allowed)
12-07 21:12:37.192  1370  1370 W teco.fmhandroi: Accessing hidden method Landroid/os/Message;->recycleUnchecked()V (greylist, reflection, allowed)
12-07 21:12:37.254  1370  1383 I teco.fmhandroi: NativeAlloc concurrent copying GC freed 42113(3468KB) AllocSpace objects, 14(280KB) LOS objects, 49% free, 3273KB/6546KB, paused 739us total 183.611ms
12-07 21:12:37.308  2873  1417 V FA-SVC  : Logging event: origin=auto,name=screen_view(_vs),params=Bundle[{ga_event_origin(_o)=auto, ga_screen_class(_sc)=AppActivity, ga_screen_id(_si)=5524929552261113981}]
12-07 21:12:37.313  1370  1461 D HostConnection: HostConnection::get() New Host Connection established 0xda28f9a0, tid 1461
12-07 21:12:37.315  1370  1461 D HostConnection: HostComposition ext ANDROID_EMU_CHECKSUM_HELPER_v1 ANDROID_EMU_dma_v1 ANDROID_EMU_direct_mem ANDROID_EMU_host_composition_v1 ANDROID_EMU_host_composition_v2 ANDROID_EMU_vulkan ANDROID_EMU_deferred_vulkan_commands ANDROID_EMU_vulkan_null_optional_strings ANDROID_EMU_vulkan_create_resources_with_requirements ANDROID_EMU_YUV_Cache ANDROID_EMU_vulkan_ignored_handles ANDROID_EMU_vulkan_free_memory_sync ANDROID_EMU_vulkan_shader_float16_int8 ANDROID_EMU_vulkan_async_queue_submit ANDROID_EMU_sync_buffer_data GL_OES_vertex_array_object GL_KHR_texture_compression_astc_ldr ANDROID_EMU_host_side_tracing ANDROID_EMU_gles_max_version_2 
12-07 21:12:37.361  1370  1461 W OpenGLRenderer: Failed to choose config with EGL_SWAP_BEHAVIOR_PRESERVED, retrying without...
12-07 21:12:37.383  2873  1417 V FA-SVC  : Upload scheduled in approximately ms: 2789968
12-07 21:12:37.384  2873  1417 V FA-SVC  : Unscheduling upload
12-07 21:12:37.421  2873  1417 V FA-SVC  : Scheduling upload, millis: 2789968
12-07 21:12:37.441  2873  1417 V FA-SVC  : Background event processing time, ms: 141
12-07 21:12:37.455  1370  1461 D EGL_emulation: eglCreateContext: 0xe593dea0: maj 2 min 0 rcv 2
12-07 21:12:37.468  1370  1461 D EGL_emulation: eglMakeCurrent: 0xe593dea0: ver 2 0 (tinfo 0xf0c99da0)
12-07 21:12:37.483  1776  1776 D gralloc_ranchu: gralloc_alloc: Creating ashmem region of size 10108928
12-07 21:12:37.491  1648  1648 I hwservicemanager: getTransport: Cannot find entry android.hardware.graphics.mapper@3.0::IMapper/default in either framework or device manifest.
12-07 21:12:37.491  1370  1461 W Gralloc3: mapper 3.x is not supported
12-07 21:12:37.502  1370  1461 D HostConnection: createUnique: call
12-07 21:12:37.532  1370  1461 D HostConnection: HostConnection::get() New Host Connection established 0xda291d40, tid 1461
12-07 21:12:37.532  1370  1461 D HostConnection: HostComposition ext ANDROID_EMU_CHECKSUM_HELPER_v1 ANDROID_EMU_dma_v1 ANDROID_EMU_direct_mem ANDROID_EMU_host_composition_v1 ANDROID_EMU_host_composition_v2 ANDROID_EMU_vulkan ANDROID_EMU_deferred_vulkan_commands ANDROID_EMU_vulkan_null_optional_strings ANDROID_EMU_vulkan_create_resources_with_requirements ANDROID_EMU_YUV_Cache ANDROID_EMU_vulkan_ignored_handles ANDROID_EMU_vulkan_free_memory_sync ANDROID_EMU_vulkan_shader_float16_int8 ANDROID_EMU_vulkan_async_queue_submit ANDROID_EMU_sync_buffer_data GL_OES_vertex_array_object GL_KHR_texture_compression_astc_ldr ANDROID_EMU_host_side_tracing ANDROID_EMU_gles_max_version_2 
12-07 21:12:37.535  1370  1461 D eglCodecCommon: allocate: Ask for block of size 0x1000
12-07 21:12:37.536  1370  1461 D eglCodecCommon: allocate: ioctl allocate returned offset 0x3ffff8000 size 0x2000
12-07 21:12:37.540  1776  1776 D gralloc_ranchu: gralloc_alloc: Creating ashmem region of size 10108928
12-07 21:12:37.541  1776  1776 D gralloc_ranchu: gralloc_alloc: Creating ashmem region of size 10108928
12-07 21:12:37.548  1370  1461 D EGL_emulation: eglMakeCurrent: 0xe593dea0: ver 2 0 (tinfo 0xf0c99da0)
12-07 21:12:37.562  2656  1086 E SQLiteDatabase: Error inserting flex_time=2789000 job_id=-1 period=5580000 source=16 requires_charging=0 preferred_network_type=1 target_class=com.google.android.gms.measurement.PackageMeasurementTaskService user_id=0 target_package=com.google.android.gms tag=Measurement.PackageMeasurementTaskService.UPLOAD_TASK_TAG task_type=0 required_idleness_state=0 service_kind=0 source_version=202414000 persistence_level=1 preferred_charging_state=1 required_network_type=0 runtime=1670447557453 retry_strategy={"maximum_backoff_seconds":{"3600":0},"initial_backoff_seconds":{"30":0},"retry_policy":{"0":0}} last_runtime=0
12-07 21:12:37.562  2656  1086 E SQLiteDatabase: android.database.sqlite.SQLiteConstraintException: UNIQUE constraint failed: pending_ops.tag, pending_ops.target_class, pending_ops.target_package, pending_ops.user_id (code 2067 SQLITE_CONSTRAINT_UNIQUE)
12-07 21:12:37.562  2656  1086 E SQLiteDatabase: 	at android.database.sqlite.SQLiteConnection.nativeExecuteForLastInsertedRowId(Native Method)
12-07 21:12:37.562  2656  1086 E SQLiteDatabase: 	at android.database.sqlite.SQLiteConnection.executeForLastInsertedRowId(SQLiteConnection.java:879)
12-07 21:12:37.562  2656  1086 E SQLiteDatabase: 	at android.database.sqlite.SQLiteSession.executeForLastInsertedRowId(SQLiteSession.java:790)
12-07 21:12:37.562  2656  1086 E SQLiteDatabase: 	at android.database.sqlite.SQLiteStatement.executeInsert(SQLiteStatement.java:88)
12-07 21:12:37.562  2656  1086 E SQLiteDatabase: 	at android.database.sqlite.SQLiteDatabase.insertWithOnConflict(SQLiteDatabase.java:1599)
12-07 21:12:37.562  2656  1086 E SQLiteDatabase: 	at android.database.sqlite.SQLiteDatabase.insert(SQLiteDatabase.java:1468)
12-07 21:12:37.562  2656  1086 E SQLiteDatabase: 	at aqui.a(:com.google.android.gms@202414022@20.24.14 (040700-319035315):175)
12-07 21:12:37.562  2656  1086 E SQLiteDatabase: 	at aqtk.a(:com.google.android.gms@202414022@20.24.14 (040700-319035315):182)
12-07 21:12:37.562  2656  1086 E SQLiteDatabase: 	at aqtk.a(:com.google.android.gms@202414022@20.24.14 (040700-319035315):23)
12-07 21:12:37.562  2656  1086 E SQLiteDatabase: 	at aqtk.a(:com.google.android.gms@202414022@20.24.14 (040700-319035315):177)
12-07 21:12:37.562  2656  1086 E SQLiteDatabase: 	at aqpu.run(:com.google.android.gms@202414022@20.24.14 (040700-319035315):9)
12-07 21:12:37.562  2656  1086 E SQLiteDatabase: 	at soy.b(:com.google.android.gms@202414022@20.24.14 (040700-319035315):12)
12-07 21:12:37.562  2656  1086 E SQLiteDatabase: 	at soy.run(:com.google.android.gms@202414022@20.24.14 (040700-319035315):8)
12-07 21:12:37.562  2656  1086 E SQLiteDatabase: 	at java.util.concurrent.ThreadPoolExecutor.runWorker(ThreadPoolExecutor.java:1167)
12-07 21:12:37.562  2656  1086 E SQLiteDatabase: 	at java.util.concurrent.ThreadPoolExecutor$Worker.run(ThreadPoolExecutor.java:641)
12-07 21:12:37.562  2656  1086 E SQLiteDatabase: 	at sux.run(:com.google.android.gms@202414022@20.24.14 (040700-319035315):0)
12-07 21:12:37.562  2656  1086 E SQLiteDatabase: 	at java.lang.Thread.run(Thread.java:919)
12-07 21:12:37.814  1370  1370 I Choreographer: Skipped 36 frames!  The application may be doing too much work on its main thread.
12-07 21:12:37.876  2018  2058 I ActivityTaskManager: Displayed ru.iteco.fmhandroid/.ui.AppActivity: +3s749ms
12-07 21:12:37.897  1370  1370 W teco.fmhandroi: Accessing hidden method Landroid/view/WindowManagerGlobal;->getInstance()Landroid/view/WindowManagerGlobal; (greylist, reflection, allowed)
12-07 21:12:37.897  1370  1370 W teco.fmhandroi: Accessing hidden field Landroid/view/WindowManagerGlobal;->mViews:Ljava/util/ArrayList; (greylist, reflection, allowed)
12-07 21:12:37.897  1370  1370 W teco.fmhandroi: Accessing hidden field Landroid/view/WindowManagerGlobal;->mParams:Ljava/util/ArrayList; (greylist, reflection, allowed)
12-07 21:12:37.913  1370  1370 I ViewInteraction: Performing 'wait for a specific view with <(an instance of android.widget.TextView and view.getText() with or without transformation to match: is "Authorization" and view.getParent() view.getParent() view.getId() is <2131231186>)> during 10000 millis.' action on view view.getRootView() to equal view
12-07 21:12:39.496  2018  2058 E memtrack: Couldn't load memtrack module
12-07 21:12:39.497  2018  2058 W android.os.Debug: failed to get memory consumption info: -1
12-07 21:12:40.098  1370  1370 W teco.fmhandroi: Accessing hidden field Lsun/misc/Unsafe;->theUnsafe:Lsun/misc/Unsafe; (greylist, reflection, allowed)
12-07 21:12:40.099  1370  1370 W teco.fmhandroi: Accessing hidden method Lsun/misc/Unsafe;->allocateInstance(Ljava/lang/Class;)Ljava/lang/Object; (greylist, reflection, allowed)
12-07 21:12:40.140  1370  1471 I okhttp.OkHttpClient: --> GET http://www.981757-ca08998.tmweb.ru:8080/fmh/authentication/userInfo
12-07 21:12:40.141  1370  1471 I okhttp.OkHttpClient: --> END GET
12-07 21:12:40.517  1744  1472 E ResolverController: No valid NAT64 prefix (102, <unspecified>/0)
12-07 21:12:40.921  1370  1471 I okhttp.OkHttpClient: <-- 200 http://www.981757-ca08998.tmweb.ru:8080/fmh/authentication/userInfo (780ms)
12-07 21:12:40.922  1370  1471 I okhttp.OkHttpClient: Vary: Origin
12-07 21:12:40.922  1370  1471 I okhttp.OkHttpClient: Vary: Access-Control-Request-Method
12-07 21:12:40.922  1370  1471 I okhttp.OkHttpClient: Vary: Access-Control-Request-Headers
12-07 21:12:40.922  1370  1471 I okhttp.OkHttpClient: X-Content-Type-Options: nosniff
12-07 21:12:40.922  1370  1471 I okhttp.OkHttpClient: X-XSS-Protection: 1; mode=block
12-07 21:12:40.922  1370  1471 I okhttp.OkHttpClient: Cache-Control: no-cache, no-store, max-age=0, must-revalidate
12-07 21:12:40.922  1370  1471 I okhttp.OkHttpClient: Pragma: no-cache
12-07 21:12:40.922  1370  1471 I okhttp.OkHttpClient: Expires: 0
12-07 21:12:40.922  1370  1471 I okhttp.OkHttpClient: X-Frame-Options: DENY
12-07 21:12:40.922  1370  1471 I okhttp.OkHttpClient: Content-Type: application/json
12-07 21:12:40.923  1370  1471 I okhttp.OkHttpClient: Transfer-Encoding: chunked
12-07 21:12:40.923  1370  1471 I okhttp.OkHttpClient: Date: Wed, 07 Dec 2022 21:13:27 GMT
12-07 21:12:40.923  1370  1471 I okhttp.OkHttpClient: Keep-Alive: timeout=60
12-07 21:12:40.923  1370  1471 I okhttp.OkHttpClient: Connection: keep-alive
12-07 21:12:40.926  1370  1471 I okhttp.OkHttpClient: {"id":2,"firstName":"Данил","lastName":"Иванов","middleName":"Данилович","admin":true}
12-07 21:12:40.927  1370  1471 I okhttp.OkHttpClient: <-- END HTTP (106-byte body)
12-07 21:12:40.985  1370  1476 I okhttp.OkHttpClient: --> GET http://www.981757-ca08998.tmweb.ru:8080/fmh/claims
12-07 21:12:40.985  1370  1476 I okhttp.OkHttpClient: --> END GET
12-07 21:12:41.412  2656  1086 I LogUtils: [Places]: ?: Couldn't find platform key file. [CONTEXT service_id=253 ]
12-07 21:12:41.414  2656  1086 I LogUtils: [Places]: ?: Couldn't find platform key file. [CONTEXT service_id=253 ]
12-07 21:12:41.449  2656  1311 I LogUtils: [Places]: ?: PlacesBleScanner stop() [CONTEXT service_id=253 ]
12-07 21:12:41.461  2656  2656 I BeaconBle: Scan : No clients left, canceling alarm. [CONTEXT service_id=111 ]
12-07 21:12:41.463  2656  2656 I BeaconBle: Scan canceled successfully. [CONTEXT service_id=111 ]
12-07 21:12:41.476  2656  1311 I PlacesLogger: [PlaceInferenceEngine]: [anon] Changed inference mode: 0 [CONTEXT service_id=253 ]
12-07 21:12:41.502  2656  3542 W GCoreFlp: No location to return for getLastLocation()
12-07 21:12:41.583  2656  1313 I LogUtils: [Places]: ?: Couldn't find platform key file. [CONTEXT service_id=253 ]
12-07 21:12:41.592  2656  1314 I LogUtils: [Places]: ?: Couldn't find platform key file. [CONTEXT service_id=253 ]
12-07 21:12:41.775  3300  3342 I e.process.gapp: Background concurrent copying GC freed 42135(1445KB) AllocSpace objects, 0(0B) LOS objects, 51% free, 1423KB/2959KB, paused 1.941ms total 269.079ms
12-07 21:12:41.814  2656  2656 I GeofencerStateMachine: removeGeofences: removeRequest=RemoveGeofencingRequest[REMOVE_BY_PENDING_INTENT pendingIntent=PendingIntent[creatorPackage=com.google.android.gms], packageName=com.google.android.gms]
12-07 21:12:43.554 12448 12508 E ActivityThread: Failed to find provider info for com.google.android.apps.wellbeing.api
12-07 21:12:43.624  1370  1476 I okhttp.OkHttpClient: <-- 200 http://www.981757-ca08998.tmweb.ru:8080/fmh/claims (2638ms)
12-07 21:12:43.624  1370  1476 I okhttp.OkHttpClient: Vary: Origin
12-07 21:12:43.624  1370  1476 I okhttp.OkHttpClient: Vary: Access-Control-Request-Method
12-07 21:12:43.624  1370  1476 I okhttp.OkHttpClient: Vary: Access-Control-Request-Headers
12-07 21:12:43.624  1370  1476 I okhttp.OkHttpClient: X-Content-Type-Options: nosniff
12-07 21:12:43.624  1370  1476 I okhttp.OkHttpClient: X-XSS-Protection: 1; mode=block
12-07 21:12:43.624  1370  1476 I okhttp.OkHttpClient: Cache-Control: no-cache, no-store, max-age=0, must-revalidate
12-07 21:12:43.625  1370  1476 I okhttp.OkHttpClient: Pragma: no-cache
12-07 21:12:43.625  1370  1476 I okhttp.OkHttpClient: Expires: 0
12-07 21:12:43.625  1370  1476 I okhttp.OkHttpClient: X-Frame-Options: DENY
12-07 21:12:43.625  1370  1476 I okhttp.OkHttpClient: Content-Type: application/json
12-07 21:12:43.625  1370  1476 I okhttp.OkHttpClient: Transfer-Encoding: chunked
12-07 21:12:43.625  1370  1476 I okhttp.OkHttpClient: Date: Wed, 07 Dec 2022 21:13:29 GMT
12-07 21:12:43.635  1370  1476 I okhttp.OkHttpClient: Keep-Alive: timeout=60
12-07 21:12:43.635  1370  1476 I okhttp.OkHttpClient: Connection: keep-alive
12-07 21:12:45.746  1370  1370 I Choreographer: Skipped 287 frames!  The application may be doing too much work on its main thread.
12-07 21:12:45.908  2962  3348 I WorkerManager: dispose()
12-07 21:12:45.911  2962  3348 W ThreadPoolDumper: Queue length for executor EventBus is now 11. Perhaps some tasks are too long, or the pool is too small.
12-07 21:12:45.971  1370  1408 V FA      : Inactivity, disconnecting from the service
12-07 21:12:46.336  1370  1461 I OpenGLRenderer: Davey! duration=5380ms; Flags=1, IntendedVsync=47911066241882, Vsync=47915849575024, OldestInputEvent=9223372036854775807, NewestInputEvent=0, HandleInputStart=47915856600580, AnimationStart=47915856664580, PerformTraversalsStart=47915857031180, DrawStart=47915981868080, SyncQueued=47915989335280, SyncStart=47915989521780, IssueDrawCommandsStart=47915989774480, SwapBuffers=47916436669880, FrameCompleted=47916447135580, DequeueBufferDuration=106000, QueueBufferDuration=299000, 
12-07 21:12:46.480  2656  2656 I BeaconBle: Scan : No clients left, canceling alarm. [CONTEXT service_id=111 ]
12-07 21:12:46.932  1370  1383 I teco.fmhandroi: Background young concurrent copying GC freed 15942(925KB) AllocSpace objects, 1(16KB) LOS objects, 10% free, 5770KB/6460KB, paused 1.314ms total 177.983ms
12-07 21:12:47.005  1370  1376 I teco.fmhandroi: JIT allocated 70KB for compiled code of void android.view.View.<init>(android.content.Context, android.util.AttributeSet, int, int)
12-07 21:12:47.149  1370  1383 I teco.fmhandroi: Background concurrent copying GC freed 6603(263KB) AllocSpace objects, 0(0B) LOS objects, 49% free, 6006KB/11MB, paused 1.016ms total 147.882ms
12-07 21:12:47.353  1370  1370 I Choreographer: Skipped 49 frames!  The application may be doing too much work on its main thread.
12-07 21:12:48.776  1370  1461 I OpenGLRenderer: Davey! duration=2419ms; Flags=0, IntendedVsync=47916466217254, Vsync=47916466217254, OldestInputEvent=9223372036854775807, NewestInputEvent=0, HandleInputStart=47916475669380, AnimationStart=47916475759780, PerformTraversalsStart=47916475840480, DrawStart=47917192139580, SyncQueued=47917458906880, SyncStart=47917459977880, IssueDrawCommandsStart=47917460200880, SwapBuffers=47918568367580, FrameCompleted=47918886443380, DequeueBufferDuration=382000, QueueBufferDuration=93789000, 
12-07 21:12:48.802  1370  1370 I Choreographer: Skipped 85 frames!  The application may be doing too much work on its main thread.
12-07 21:12:49.074  1370  1461 I OpenGLRenderer: Davey! duration=1150ms; Flags=0, IntendedVsync=47916632931374, Vsync=47917449598008, OldestInputEvent=9223372036854775807, NewestInputEvent=0, HandleInputStart=47917463725180, AnimationStart=47917463827080, PerformTraversalsStart=47917480512080, DrawStart=47917481702280, SyncQueued=47917487771480, SyncStart=47918888514080, IssueDrawCommandsStart=47918889086180, SwapBuffers=47918890144380, FrameCompleted=47919184562480, DequeueBufferDuration=681000, QueueBufferDuration=1613000, 
12-07 21:12:49.163  1370  1461 I OpenGLRenderer: Davey! duration=1788ms; Flags=0, IntendedVsync=47917482934988, Vsync=47918899601598, OldestInputEvent=9223372036854775807, NewestInputEvent=0, HandleInputStart=47918913381780, AnimationStart=47918913426680, PerformTraversalsStart=47919207035780, DrawStart=47919210024580, SyncQueued=47919210338380, SyncStart=47919212890080, IssueDrawCommandsStart=47919213196080, SwapBuffers=47919264903480, FrameCompleted=47919273955080, DequeueBufferDuration=757000, QueueBufferDuration=1186000, 
12-07 21:12:49.176  1370  1370 D takeScreenshot: Found 1 global views to redraw
12-07 21:12:49.228  1776  1776 D gralloc_ranchu: gralloc_alloc: Creating ashmem region of size 10108928
12-07 21:12:49.313  1648  1648 I hwservicemanager: getTransport: Cannot find entry android.hardware.graphics.mapper@3.0::IMapper/default in either framework or device manifest.
12-07 21:12:49.314  1336  1421 W Gralloc3: mapper 3.x is not supported
12-07 21:12:49.416  1336  1421 D HostConnection: createUnique: call
12-07 21:12:49.421  1336  1421 D HostConnection: HostConnection::get() New Host Connection established 0xd6a700a0, tid 1421
12-07 21:12:49.455  1336  1421 D HostConnection: HostComposition ext ANDROID_EMU_CHECKSUM_HELPER_v1 ANDROID_EMU_dma_v1 ANDROID_EMU_direct_mem ANDROID_EMU_host_composition_v1 ANDROID_EMU_host_composition_v2 ANDROID_EMU_vulkan ANDROID_EMU_deferred_vulkan_commands ANDROID_EMU_vulkan_null_optional_strings ANDROID_EMU_vulkan_create_resources_with_requirements ANDROID_EMU_YUV_Cache ANDROID_EMU_vulkan_ignored_handles ANDROID_EMU_vulkan_free_memory_sync ANDROID_EMU_vulkan_shader_float16_int8 ANDROID_EMU_vulkan_async_queue_submit ANDROID_EMU_sync_buffer_data GL_OES_vertex_array_object GL_KHR_texture_compression_astc_ldr ANDROID_EMU_host_side_tracing ANDROID_EMU_gles_max_version_2 
12-07 21:12:49.458  1336  1421 D eglCodecCommon: allocate: Ask for block of size 0x1000
12-07 21:12:49.459  1336  1421 D eglCodecCommon: allocate: ioctl allocate returned offset 0x3ffff6000 size 0x2000
12-07 21:12:49.487  1793  2129 E SurfaceFlinger: ro.sf.lcd_density must be defined as a build property
12-07 21:12:49.489  1793  2129 E SurfaceFlinger: ro.sf.lcd_density must be defined as a build property
12-07 21:12:49.495  1336  1484 D libEGL  : Emulator has host GPU support, qemu.gles is set to 1.
12-07 21:12:49.521  1336  1484 W libc    : Unable to set property "qemu.gles" to "1": error code: 0x18
12-07 21:12:49.522  1336  1484 D libEGL  : loaded /vendor/lib/egl/libEGL_emulation.so
12-07 21:12:49.523  1336  1484 D libEGL  : loaded /vendor/lib/egl/libGLESv1_CM_emulation.so
12-07 21:12:49.525  1336  1484 D libEGL  : loaded /vendor/lib/egl/libGLESv2_emulation.so
12-07 21:12:49.542  1336  1484 D HostConnection: HostConnection::get() New Host Connection established 0xebe913f0, tid 1484
12-07 21:12:49.544  1336  1484 D HostConnection: HostComposition ext ANDROID_EMU_CHECKSUM_HELPER_v1 ANDROID_EMU_dma_v1 ANDROID_EMU_direct_mem ANDROID_EMU_host_composition_v1 ANDROID_EMU_host_composition_v2 ANDROID_EMU_vulkan ANDROID_EMU_deferred_vulkan_commands ANDROID_EMU_vulkan_null_optional_strings ANDROID_EMU_vulkan_create_resources_with_requirements ANDROID_EMU_YUV_Cache ANDROID_EMU_vulkan_ignored_handles ANDROID_EMU_vulkan_free_memory_sync ANDROID_EMU_vulkan_shader_float16_int8 ANDROID_EMU_vulkan_async_queue_submit ANDROID_EMU_sync_buffer_data GL_OES_vertex_array_object GL_KHR_texture_compression_astc_ldr ANDROID_EMU_host_side_tracing ANDROID_EMU_gles_max_version_2 
12-07 21:12:49.549  1336  1484 W OpenGLRenderer: Failed to choose config with EGL_SWAP_BEHAVIOR_PRESERVED, retrying without...
12-07 21:12:49.627  1336  1484 D EGL_emulation: eglCreateContext: 0xd6a28960: maj 2 min 0 rcv 2
12-07 21:12:49.635  1336  1484 D EGL_emulation: eglMakeCurrent: 0xd6a28960: ver 2 0 (tinfo 0xd6a0f620)
12-07 21:12:49.812  1370  1414 W DefaultFailureHandler: Failed to take screenshot
12-07 21:12:49.812  1370  1414 W DefaultFailureHandler: java.io.FileNotFoundException: view-op-error-1.png: open failed: EROFS (Read-only file system)
12-07 21:12:49.812  1370  1414 W DefaultFailureHandler: 	at libcore.io.IoBridge.open(IoBridge.java:496)
12-07 21:12:49.812  1370  1414 W DefaultFailureHandler: 	at java.io.FileOutputStream.<init>(FileOutputStream.java:235)
12-07 21:12:49.812  1370  1414 W DefaultFailureHandler: 	at java.io.FileOutputStream.<init>(FileOutputStream.java:125)
12-07 21:12:49.812  1370  1414 W DefaultFailureHandler: 	at androidx.test.platform.io.FileTestStorage.openOutputFile(FileTestStorage.java:60)
12-07 21:12:49.812  1370  1414 W DefaultFailureHandler: 	at androidx.test.core.graphics.BitmapStorage.writeToTestStorage(BitmapStorageExt.kt:49)
12-07 21:12:49.812  1370  1414 W DefaultFailureHandler: 	at androidx.test.espresso.base.DefaultFailureHandler.takeScreenshot(DefaultFailureHandler.java:4)
12-07 21:12:49.812  1370  1414 W DefaultFailureHandler: 	at androidx.test.espresso.base.DefaultFailureHandler.handle(DefaultFailureHandler.java:3)
12-07 21:12:49.812  1370  1414 W DefaultFailureHandler: 	at androidx.test.espresso.ViewInteraction.waitForAndHandleInteractionResults(ViewInteraction.java:8)
12-07 21:12:49.812  1370  1414 W DefaultFailureHandler: 	at androidx.test.espresso.ViewInteraction.desugaredPerform(ViewInteraction.java:11)
12-07 21:12:49.812  1370  1414 W DefaultFailureHandler: 	at androidx.test.espresso.ViewInteraction.perform(ViewInteraction.java:8)
12-07 21:12:49.812  1370  1414 W DefaultFailureHandler: 	at ru.iteco.fmhandroid.ui.data.TestUtils.waitView(TestUtils.java:61)
12-07 21:12:49.812  1370  1414 W DefaultFailureHandler: 	at ru.iteco.fmhandroid.ui.steps.AuthSteps.isAuthScreen(AuthSteps.java:56)
12-07 21:12:49.812  1370  1414 W DefaultFailureHandler: 	at ru.iteco.fmhandroid.ui.ClaimsCreationFormTest.logoutCheck(ClaimsCreationFormTest.java:58)
12-07 21:12:49.812  1370  1414 W DefaultFailureHandler: 	at java.lang.reflect.Method.invoke(Native Method)
12-07 21:12:49.812  1370  1414 W DefaultFailureHandler: 	at org.junit.runners.model.FrameworkMethod$1.runReflectiveCall(FrameworkMethod.java:59)
12-07 21:12:49.812  1370  1414 W DefaultFailureHandler: 	at org.junit.internal.runners.model.ReflectiveCallable.run(ReflectiveCallable.java:12)
12-07 21:12:49.812  1370  1414 W DefaultFailureHandler: 	at org.junit.runners.model.FrameworkMethod.invokeExplosively(FrameworkMethod.java:56)
12-07 21:12:49.812  1370  1414 W DefaultFailureHandler: 	at androidx.test.internal.runner.junit4.statement.RunBefores.evaluate(RunBefores.java:76)
12-07 21:12:49.812  1370  1414 W DefaultFailureHandler: 	at androidx.test.internal.runner.junit4.statement.RunAfters.evaluate(RunAfters.java:61)
12-07 21:12:49.812  1370  1414 W DefaultFailureHandler: 	at io.qameta.allure.android.rules.ScreenshotRule$apply$1.evaluate(ScreenshotRule.kt:22)
12-07 21:12:49.812  1370  1414 W DefaultFailureHandler: 	at org.junit.rules.ExternalResource$1.evaluate(ExternalResource.java:54)
12-07 21:12:49.812  1370  1414 W DefaultFailureHandler: 	at io.qameta.allure.android.rules.LogcatRule$apply$1.evaluate(LogcatRule.kt:23)
12-07 21:12:49.812  1370  1414 W DefaultFailureHandler: 	at org.junit.rules.RunRules.evaluate(RunRules.java:20)
12-07 21:12:49.812  1370  1414 W DefaultFailureHandler: 	at org.junit.runners.ParentRunner$3.evaluate(ParentRunner.java:306)
12-07 21:12:49.812  1370  1414 W DefaultFailureHandler: 	at org.junit.runners.BlockJUnit4ClassRunner$1.evaluate(BlockJUnit4ClassRunner.java:100)
12-07 21:12:49.812  1370  1414 W DefaultFailureHandler: 	at org.junit.runners.ParentRunner.runLeaf(ParentRunner.java:366)
12-07 21:12:49.812  1370  1414 W DefaultFailureHandler: 	at org.junit.runners.BlockJUnit4ClassRunner.runChild(BlockJUnit4ClassRunner.java:103)
12-07 21:12:49.812  1370  1414 W DefaultFailureHandler: 	at org.junit.runners.BlockJUnit4ClassRunner.runChild(BlockJUnit4ClassRunner.java:63)
12-07 21:12:49.812  1370  1414 W DefaultFailureHandler: 	at org.junit.runners.ParentRunner$4.run(ParentRunner.java:331)
12-07 21:12:49.812  1370  1414 W DefaultFailureHandler: 	at org.junit.runners.ParentRunner$1.schedule(ParentRunner.java:79)
12-07 21:12:49.812  1370  1414 W DefaultFailureHandler: 	at org.junit.runners.ParentRunner.runChildren(ParentRunner.java:329)
12-07 21:12:49.812  1370  1414 W DefaultFailureHandler: 	at org.junit.runners.ParentRunner.access$100(ParentRunner.java:66)
12-07 21:12:49.812  1370  1414 W DefaultFailureHandler: 	at org.junit.runners.ParentRunner$2.evaluate(ParentRunner.java:293)
12-07 21:12:49.812  1370  1414 W DefaultFailureHandler: 	at org.junit.runners.ParentRunner$3.evaluate(ParentRunner.java:306)
12-07 21:12:49.812  1370  1414 W DefaultFailureHandler: 	at org.junit.runners.ParentRunner.run(ParentRunner.java:413)
12-07 21:12:49.812  1370  1414 W DefaultFailureHandler: 	at androidx.test.ext.junit.runners.AndroidJUnit4.run(AndroidJUnit4.java:162)
12-07 21:12:49.812  1370  1414 W DefaultFailureHandler: 	at io.qameta.allure.android.runners.AllureAndroidJUnit4.run(AllureAndroidJUnitRunners.kt:29)
12-07 21:12:49.812  1370  1414 W DefaultFailureHandler: 	at org.junit.runners.Suite.runChild(Suite.java:128)
12-07 21:12:49.812  1370  1414 W DefaultFailureHandler: 	at org.junit.runners.Suite.runChild(Suite.java:27)
12-07 21:12:49.812  1370  1414 W DefaultFailureHandler: 	at org.junit.runners.ParentRunner$4.run(ParentRunner.java:331)
12-07 21:12:49.812  1370  1414 W DefaultFailureHandler: 	at org.junit.runners.ParentRunner$1.schedule(ParentRunner.java:79)
12-07 21:12:49.812  1370  1414 W DefaultFailureHandler: 	at org.junit.runners.ParentRunner.runChildren(ParentRunner.java:329)
12-07 21:12:49.812  1370  1414 W DefaultFailureHandler: 	at org.junit.runners.ParentRunner.access$100(ParentRunner.java:66)
12-07 21:12:49.812  1370  1414 W DefaultFailureHandler: 	at org.junit.runners.ParentRunner$2.evaluate(ParentRunner.java:293)
12-07 21:12:49.812  1370  1414 W DefaultFailureHandler: 	at org.junit.runners.ParentRunner$3.evaluate(ParentRunner.java:306)
12-07 21:12:49.812  1370  1414 W DefaultFailureHandler: 	at org.junit.runners.ParentRunner.run(ParentRunner.java:413)
12-07 21:12:49.812  1370  1414 W DefaultFailureHandler: 	at org.junit.runner.JUnitCore.run(JUnitCore.java:137)
12-07 21:12:49.812  1370  1414 W DefaultFailureHandler: 	at org.junit.runner.JUnitCore.run(JUnitCore.java:115)
12-07 21:12:49.812  1370  1414 W DefaultFailureHandler: 	at androidx.test.internal.runner.TestExecutor.execute(TestExecutor.java:67)
12-07 21:12:49.812  1370  1414 W DefaultFailureHandler: 	at androidx.test.internal.runner.TestExecutor.execute(TestExecutor.java:58)
12-07 21:12:49.812  1370  1414 W DefaultFailureHandler: 	at androidx.test.runner.AndroidJUnitRunner.onStart(AndroidJUnitRunner.java:438)
12-07 21:12:49.812  1370  1414 W DefaultFailureHandler: 	at android.app.Instrumentation$InstrumentationThread.run(Instrumentation.java:2189)
12-07 21:12:49.812  1370  1414 W DefaultFailureHandler: Caused by: android.system.ErrnoException: open failed: EROFS (Read-only file system)
12-07 21:12:49.812  1370  1414 W DefaultFailureHandler: 	at libcore.io.Linux.open(Native Method)
12-07 21:12:49.812  1370  1414 W DefaultFailureHandler: 	at libcore.io.ForwardingOs.open(ForwardingOs.java:167)
12-07 21:12:49.812  1370  1414 W DefaultFailureHandler: 	at libcore.io.BlockGuardOs.open(BlockGuardOs.java:252)
12-07 21:12:49.812  1370  1414 W DefaultFailureHandler: 	at libcore.io.ForwardingOs.open(ForwardingOs.java:167)
12-07 21:12:49.812  1370  1414 W DefaultFailureHandler: 	at android.app.ActivityThread$AndroidOs.open(ActivityThread.java:7255)
12-07 21:12:49.812  1370  1414 W DefaultFailureHandler: 	at libcore.io.IoBridge.open(IoBridge.java:482)
12-07 21:12:49.812  1370  1414 W DefaultFailureHandler: 	... 51 more
12-07 21:12:49.823  1370  1414 W teco.fmhandroi: Accessing hidden method Lsun/misc/Unsafe;->compareAndSwapObject(Ljava/lang/Object;JLjava/lang/Object;Ljava/lang/Object;)Z (greylist, linking, allowed)
12-07 21:12:49.828  1370  1370 I ViewInteraction: Performing 'wait for a specific view with <view.getId() is <2131230870>> during 10000 millis.' action on view view.getRootView() to equal view
12-07 21:12:49.836  1370  1414 W teco.fmhandroi: Accessing hidden method Lsun/misc/Unsafe;->compareAndSwapObject(Ljava/lang/Object;JLjava/lang/Object;Ljava/lang/Object;)Z (greylist, linking, allowed)
12-07 21:12:49.845  1370  1370 I ViewInteraction: Checking 'MatchesViewAssertion{viewMatcher=(view has effective visibility <VISIBLE> and view.getGlobalVisibleRect() to return non-empty rectangle)}' assertion on view view.getId() is <2131230870/ru.iteco.fmhandroid:id/authorization_image_button>
12-07 21:12:49.852  1370  1414 W teco.fmhandroi: Accessing hidden method Landroid/view/ViewConfiguration;->getDoubleTapMinTime()I (greylist, reflection, allowed)
12-07 21:12:49.859  1370  1414 W teco.fmhandroi: Accessing hidden method Lsun/misc/Unsafe;->compareAndSwapObject(Ljava/lang/Object;JLjava/lang/Object;Ljava/lang/Object;)Z (greylist, linking, allowed)
12-07 21:12:49.860  1370  1485 W teco.fmhandroi: Accessing hidden method Lsun/misc/Unsafe;->compareAndSwapObject(Ljava/lang/Object;JLjava/lang/Object;Ljava/lang/Object;)Z (greylist, linking, allowed)
12-07 21:12:49.869  1370  1370 I ViewInteraction: Performing 'single click' action on view view.getId() is <2131230870/ru.iteco.fmhandroid:id/authorization_image_button>
12-07 21:12:50.083  1776  1776 D gralloc_ranchu: gralloc_alloc: Creating ashmem region of size 884736
12-07 21:12:50.097  1776  1776 I chatty  : uid=1000(system) allocator@2.0-s identical 1 line
12-07 21:12:50.099  1776  1776 D gralloc_ranchu: gralloc_alloc: Creating ashmem region of size 884736
12-07 21:12:50.106  1764  6994 W audio_hw_generic: Not supplying enough data to HAL, expected position 104065395 , only wrote 104065196
12-07 21:12:50.135  1370  1461 D EGL_emulation: eglMakeCurrent: 0xe593dea0: ver 2 0 (tinfo 0xf0c99da0)
12-07 21:12:50.248  1370  1461 I chatty  : uid=10146(ru.iteco.fmhandroid) RenderThread identical 3 lines
12-07 21:12:50.272  1370  1461 D EGL_emulation: eglMakeCurrent: 0xe593dea0: ver 2 0 (tinfo 0xf0c99da0)
