12-07 21:12:50.505  1370  1414 W teco.fmhandroi: Accessing hidden method Lsun/misc/Unsafe;->compareAndSwapObject(Ljava/lang/Object;JLjava/lang/Object;Ljava/lang/Object;)Z (greylist, linking, allowed)
12-07 21:12:50.507  1370  1370 I ViewInteraction: Performing 'wait for a specific view with <an instance of android.widget.TextView and view.getText() with or without transformation to match: is "Log out"> during 10000 millis.' action on view view.getRootView() to equal view
12-07 21:12:50.512  1370  1370 I ViewInteraction: Checking 'MatchesViewAssertion{viewMatcher=(view has effective visibility <VISIBLE> and view.getGlobalVisibleRect() to return non-empty rectangle)}' assertion on view an instance of android.widget.TextView and view.getText() with or without transformation to match: is "Log out"
12-07 21:12:50.516  1370  1370 I ViewInteraction: Performing 'single click' action on view an instance of android.widget.TextView and view.getText() with or without transformation to match: is "Log out"
12-07 21:12:50.926  1370  1461 D EGL_emulation: eglMakeCurrent: 0xe593dea0: ver 2 0 (tinfo 0xf0c99da0)
12-07 21:12:51.005  1370  1461 D EGL_emulation: eglMakeCurrent: 0xe593dea0: ver 2 0 (tinfo 0xf0c99da0)
12-07 21:12:51.037  2018  2058 E memtrack: Couldn't load memtrack module
12-07 21:12:51.037  2018  2058 W android.os.Debug: failed to get memory consumption info: -1
12-07 21:12:51.119  1370  1485 W teco.fmhandroi: Accessing hidden method Lsun/misc/Unsafe;->compareAndSwapObject(Ljava/lang/Object;JLjava/lang/Object;Ljava/lang/Object;)Z (greylist, linking, allowed)
12-07 21:12:51.123  1370  1370 I ViewInteraction: Performing 'wait for a specific view with <(an instance of android.widget.TextView and view.getText() with or without transformation to match: is "Authorization" and view.getParent() view.getParent() view.getId() is <2131231186>)> during 10000 millis.' action on view view.getRootView() to equal view
12-07 21:12:51.127  1370  1414 W teco.fmhandroi: Accessing hidden method Lsun/misc/Unsafe;->compareAndSwapObject(Ljava/lang/Object;JLjava/lang/Object;Ljava/lang/Object;)Z (greylist, linking, allowed)
12-07 21:12:51.133  1370  1370 I ViewInteraction: Checking 'MatchesViewAssertion{viewMatcher=(view has effective visibility <VISIBLE> and view.getGlobalVisibleRect() to return non-empty rectangle)}' assertion on view (an instance of android.widget.TextView and view.getText() with or without transformation to match: is "Authorization" and view.getParent() view.getParent() view.getId() is <2131231186/ru.iteco.fmhandroid:id/nav_host_fragment>)
12-07 21:12:51.136  1370  1414 W teco.fmhandroi: Accessing hidden method Lsun/misc/Unsafe;->compareAndSwapObject(Ljava/lang/Object;JLjava/lang/Object;Ljava/lang/Object;)Z (greylist, linking, allowed)
12-07 21:12:51.136  1370  1485 W teco.fmhandroi: Accessing hidden method Lsun/misc/Unsafe;->compareAndSwapObject(Ljava/lang/Object;JLjava/lang/Object;Ljava/lang/Object;)Z (greylist, linking, allowed)
12-07 21:12:51.141  1370  1370 I ViewInteraction: Performing 'wait for a specific view with <(an instance of android.widget.TextView and view.getHint() matching: is "Login" and view.getParent() view.getParent() view.getId() is <2131231121>)> during 10000 millis.' action on view view.getRootView() to equal view
12-07 21:12:51.152  1370  1414 W teco.fmhandroi: Accessing hidden method Lsun/misc/Unsafe;->compareAndSwapObject(Ljava/lang/Object;JLjava/lang/Object;Ljava/lang/Object;)Z (greylist, linking, allowed)
12-07 21:12:51.153  1370  1485 W teco.fmhandroi: Accessing hidden method Lsun/misc/Unsafe;->compareAndSwapObject(Ljava/lang/Object;JLjava/lang/Object;Ljava/lang/Object;)Z (greylist, linking, allowed)
12-07 21:12:51.156  1370  1370 I ViewInteraction: Checking 'MatchesViewAssertion{viewMatcher=(view has effective visibility <VISIBLE> and view.getGlobalVisibleRect() to return non-empty rectangle)}' assertion on view (an instance of android.widget.TextView and view.getHint() matching: is "Login" and view.getParent() view.getParent() view.getId() is <2131231121/ru.iteco.fmhandroid:id/login_text_input_layout>)
12-07 21:12:51.159  1370  1414 W teco.fmhandroi: Accessing hidden method Lsun/misc/Unsafe;->compareAndSwapObject(Ljava/lang/Object;JLjava/lang/Object;Ljava/lang/Object;)Z (greylist, linking, allowed)
12-07 21:12:51.165  1370  1370 I ViewInteraction: Performing 'wait for a specific view with <(an instance of android.widget.TextView and view.getHint() matching: is "Password" and view.getParent() view.getParent() view.getId() is <2131231264>)> during 10000 millis.' action on view view.getRootView() to equal view
12-07 21:12:51.169  1370  1414 W teco.fmhandroi: Accessing hidden method Lsun/misc/Unsafe;->compareAndSwapObject(Ljava/lang/Object;JLjava/lang/Object;Ljava/lang/Object;)Z (greylist, linking, allowed)
12-07 21:12:51.170  1370  1485 W teco.fmhandroi: Accessing hidden method Lsun/misc/Unsafe;->compareAndSwapObject(Ljava/lang/Object;JLjava/lang/Object;Ljava/lang/Object;)Z (greylist, linking, allowed)
12-07 21:12:51.174  1370  1370 I ViewInteraction: Checking 'MatchesViewAssertion{viewMatcher=(view has effective visibility <VISIBLE> and view.getGlobalVisibleRect() to return non-empty rectangle)}' assertion on view (an instance of android.widget.TextView and view.getHint() matching: is "Password" and view.getParent() view.getParent() view.getId() is <2131231264/ru.iteco.fmhandroid:id/password_text_input_layout>)
12-07 21:12:51.176  1370  1414 W teco.fmhandroi: Accessing hidden method Lsun/misc/Unsafe;->compareAndSwapObject(Ljava/lang/Object;JLjava/lang/Object;Ljava/lang/Object;)Z (greylist, linking, allowed)
12-07 21:12:51.176  1370  1485 W teco.fmhandroi: Accessing hidden method Lsun/misc/Unsafe;->compareAndSwapObject(Ljava/lang/Object;JLjava/lang/Object;Ljava/lang/Object;)Z (greylist, linking, allowed)
12-07 21:12:51.180  1370  1370 I ViewInteraction: Performing 'wait for a specific view with <(view.getId() is <2131231039> and an instance of android.widget.TextView and view.getText() with or without transformation to match: is "SIGN IN" and view.getContentDescription() is "Save" and view.getParent() view.getParent() an instance of android.widget.RelativeLayout)> during 10000 millis.' action on view view.getRootView() to equal view
12-07 21:12:51.183  1370  1414 W teco.fmhandroi: Accessing hidden method Lsun/misc/Unsafe;->compareAndSwapObject(Ljava/lang/Object;JLjava/lang/Object;Ljava/lang/Object;)Z (greylist, linking, allowed)
12-07 21:12:51.190  1370  1370 I ViewInteraction: Checking 'MatchesViewAssertion{viewMatcher=(view has effective visibility <VISIBLE> and view.getGlobalVisibleRect() to return non-empty rectangle)}' assertion on view (view.getId() is <2131231039/ru.iteco.fmhandroid:id/enter_button> and an instance of android.widget.TextView and view.getText() with or without transformation to match: is "SIGN IN" and view.getContentDescription() is "Save" and view.getParent() view.getParent() an instance of android.widget.RelativeLayout)
12-07 21:12:51.194  1370  1414 W teco.fmhandroi: Accessing hidden method Lsun/misc/Unsafe;->compareAndSwapObject(Ljava/lang/Object;JLjava/lang/Object;Ljava/lang/Object;)Z (greylist, linking, allowed)
12-07 21:12:51.199  1370  1370 I ViewInteraction: Performing 'wait for a specific view with <(an instance of android.widget.TextView and view.getText() with or without transformation to match: is "Authorization" and view.getParent() view.getParent() view.getId() is <2131231186>)> during 10000 millis.' action on view view.getRootView() to equal view
12-07 21:12:51.204  1370  1414 W teco.fmhandroi: Accessing hidden method Lsun/misc/Unsafe;->compareAndSwapObject(Ljava/lang/Object;JLjava/lang/Object;Ljava/lang/Object;)Z (greylist, linking, allowed)
12-07 21:12:51.204  1370  1485 W teco.fmhandroi: Accessing hidden method Lsun/misc/Unsafe;->compareAndSwapObject(Ljava/lang/Object;JLjava/lang/Object;Ljava/lang/Object;)Z (greylist, linking, allowed)
12-07 21:12:51.209  1370  1370 I ViewInteraction: Checking 'MatchesViewAssertion{viewMatcher=(view has effective visibility <VISIBLE> and view.getGlobalVisibleRect() to return non-empty rectangle)}' assertion on view (an instance of android.widget.TextView and view.getText() with or without transformation to match: is "Authorization" and view.getParent() view.getParent() view.getId() is <2131231186/ru.iteco.fmhandroid:id/nav_host_fragment>)
12-07 21:12:51.212  1370  1414 W teco.fmhandroi: Accessing hidden method Lsun/misc/Unsafe;->compareAndSwapObject(Ljava/lang/Object;JLjava/lang/Object;Ljava/lang/Object;)Z (greylist, linking, allowed)
12-07 21:12:51.216  1370  1370 I ViewInteraction: Performing 'wait for a specific view with <(an instance of android.widget.TextView and view.getHint() matching: is "Login" and view.getParent() view.getParent() view.getId() is <2131231121/ru.iteco.fmhandroid:id/login_text_input_layout>)> during 10000 millis.' action on view view.getRootView() to equal view
12-07 21:12:51.223  1370  1414 W teco.fmhandroi: Accessing hidden method Lsun/misc/Unsafe;->compareAndSwapObject(Ljava/lang/Object;JLjava/lang/Object;Ljava/lang/Object;)Z (greylist, linking, allowed)
12-07 21:12:51.227  1370  1370 I ViewInteraction: Checking 'MatchesViewAssertion{viewMatcher=(view has effective visibility <VISIBLE> and view.getGlobalVisibleRect() to return non-empty rectangle)}' assertion on view (an instance of android.widget.TextView and view.getHint() matching: is "Login" and view.getParent() view.getParent() view.getId() is <2131231121/ru.iteco.fmhandroid:id/login_text_input_layout>)
12-07 21:12:51.230  1370  1485 W teco.fmhandroi: Accessing hidden method Lsun/misc/Unsafe;->compareAndSwapObject(Ljava/lang/Object;JLjava/lang/Object;Ljava/lang/Object;)Z (greylist, linking, allowed)
12-07 21:12:51.234  1370  1370 I ViewInteraction: Performing 'wait for a specific view with <(an instance of android.widget.TextView and view.getHint() matching: is "Password" and view.getParent() view.getParent() view.getId() is <2131231264/ru.iteco.fmhandroid:id/password_text_input_layout>)> during 10000 millis.' action on view view.getRootView() to equal view
12-07 21:12:51.242  1370  1414 W teco.fmhandroi: Accessing hidden method Lsun/misc/Unsafe;->compareAndSwapObject(Ljava/lang/Object;JLjava/lang/Object;Ljava/lang/Object;)Z (greylist, linking, allowed)
12-07 21:12:51.242  1370  1485 W teco.fmhandroi: Accessing hidden method Lsun/misc/Unsafe;->compareAndSwapObject(Ljava/lang/Object;JLjava/lang/Object;Ljava/lang/Object;)Z (greylist, linking, allowed)
12-07 21:12:51.248  1370  1370 I ViewInteraction: Checking 'MatchesViewAssertion{viewMatcher=(view has effective visibility <VISIBLE> and view.getGlobalVisibleRect() to return non-empty rectangle)}' assertion on view (an instance of android.widget.TextView and view.getHint() matching: is "Password" and view.getParent() view.getParent() view.getId() is <2131231264/ru.iteco.fmhandroid:id/password_text_input_layout>)
12-07 21:12:51.249  1370  1414 W teco.fmhandroi: Accessing hidden method Lsun/misc/Unsafe;->compareAndSwapObject(Ljava/lang/Object;JLjava/lang/Object;Ljava/lang/Object;)Z (greylist, linking, allowed)
12-07 21:12:51.255  1370  1485 W teco.fmhandroi: Accessing hidden method Lsun/misc/Unsafe;->compareAndSwapObject(Ljava/lang/Object;JLjava/lang/Object;Ljava/lang/Object;)Z (greylist, linking, allowed)
12-07 21:12:51.257  1370  1370 I ViewInteraction: Performing 'wait for a specific view with <(view.getId() is <2131231039/ru.iteco.fmhandroid:id/enter_button> and an instance of android.widget.TextView and view.getText() with or without transformation to match: is "SIGN IN" and view.getContentDescription() is "Save" and view.getParent() view.getParent() an instance of android.widget.RelativeLayout)> during 10000 millis.' action on view view.getRootView() to equal view
12-07 21:12:51.264  1370  1414 W teco.fmhandroi: Accessing hidden method Lsun/misc/Unsafe;->compareAndSwapObject(Ljava/lang/Object;JLjava/lang/Object;Ljava/lang/Object;)Z (greylist, linking, allowed)
12-07 21:12:51.269  1370  1370 I ViewInteraction: Checking 'MatchesViewAssertion{viewMatcher=(view has effective visibility <VISIBLE> and view.getGlobalVisibleRect() to return non-empty rectangle)}' assertion on view (view.getId() is <2131231039/ru.iteco.fmhandroid:id/enter_button> and an instance of android.widget.TextView and view.getText() with or without transformation to match: is "SIGN IN" and view.getContentDescription() is "Save" and view.getParent() view.getParent() an instance of android.widget.RelativeLayout)
12-07 21:12:51.273  1370  1414 W teco.fmhandroi: Accessing hidden method Lsun/misc/Unsafe;->compareAndSwapObject(Ljava/lang/Object;JLjava/lang/Object;Ljava/lang/Object;)Z (greylist, linking, allowed)
12-07 21:12:51.277  1370  1370 I ViewInteraction: Performing 'wait for a specific view with <(an instance of android.widget.TextView and view.getHint() matching: is "Login" and view.getParent() view.getParent() view.getId() is <2131231121/ru.iteco.fmhandroid:id/login_text_input_layout>)> during 10000 millis.' action on view view.getRootView() to equal view
12-07 21:12:51.284  1370  1414 W teco.fmhandroi: Accessing hidden method Lsun/misc/Unsafe;->compareAndSwapObject(Ljava/lang/Object;JLjava/lang/Object;Ljava/lang/Object;)Z (greylist, linking, allowed)
12-07 21:12:51.288  1370  1370 I ViewInteraction: Performing 'replace text(login2)' action on view (an instance of android.widget.TextView and view.getHint() matching: is "Login" and view.getParent() view.getParent() view.getId() is <2131231121/ru.iteco.fmhandroid:id/login_text_input_layout>)
12-07 21:12:51.333  1370  1414 W teco.fmhandroi: Accessing hidden method Lsun/misc/Unsafe;->compareAndSwapObject(Ljava/lang/Object;JLjava/lang/Object;Ljava/lang/Object;)Z (greylist, linking, allowed)
12-07 21:12:51.387  1370  1370 I ViewInteraction: Performing 'wait for a specific view with <(an instance of android.widget.TextView and view.getHint() matching: is "Password" and view.getParent() view.getParent() view.getId() is <2131231264/ru.iteco.fmhandroid:id/password_text_input_layout>)> during 10000 millis.' action on view view.getRootView() to equal view
12-07 21:12:51.392  1370  1414 W teco.fmhandroi: Accessing hidden method Lsun/misc/Unsafe;->compareAndSwapObject(Ljava/lang/Object;JLjava/lang/Object;Ljava/lang/Object;)Z (greylist, linking, allowed)
12-07 21:12:51.395  1370  1485 W teco.fmhandroi: Accessing hidden method Lsun/misc/Unsafe;->compareAndSwapObject(Ljava/lang/Object;JLjava/lang/Object;Ljava/lang/Object;)Z (greylist, linking, allowed)
12-07 21:12:51.398  1370  1370 I ViewInteraction: Performing 'replace text(password2)' action on view (an instance of android.widget.TextView and view.getHint() matching: is "Password" and view.getParent() view.getParent() view.getId() is <2131231264/ru.iteco.fmhandroid:id/password_text_input_layout>)
12-07 21:12:51.412  1370  1485 W teco.fmhandroi: Accessing hidden method Lsun/misc/Unsafe;->compareAndSwapObject(Ljava/lang/Object;JLjava/lang/Object;Ljava/lang/Object;)Z (greylist, linking, allowed)
12-07 21:12:51.458  1370  1370 I ViewInteraction: Performing 'wait for a specific view with <(view.getId() is <2131231039/ru.iteco.fmhandroid:id/enter_button> and an instance of android.widget.TextView and view.getText() with or without transformation to match: is "SIGN IN" and view.getContentDescription() is "Save" and view.getParent() view.getParent() an instance of android.widget.RelativeLayout)> during 10000 millis.' action on view view.getRootView() to equal view
12-07 21:12:51.483  1370  1414 W teco.fmhandroi: Accessing hidden method Lsun/misc/Unsafe;->compareAndSwapObject(Ljava/lang/Object;JLjava/lang/Object;Ljava/lang/Object;)Z (greylist, linking, allowed)
12-07 21:12:51.483  1370  1485 W teco.fmhandroi: Accessing hidden method Lsun/misc/Unsafe;->compareAndSwapObject(Ljava/lang/Object;JLjava/lang/Object;Ljava/lang/Object;)Z (greylist, linking, allowed)
12-07 21:12:51.504  1370  1370 I ViewInteraction: Checking 'MatchesViewAssertion{viewMatcher=view.isClickable() is <true>}' assertion on view (view.getId() is <2131231039/ru.iteco.fmhandroid:id/enter_button> and an instance of android.widget.TextView and view.getText() with or without transformation to match: is "SIGN IN" and view.getContentDescription() is "Save" and view.getParent() view.getParent() an instance of android.widget.RelativeLayout)
12-07 21:12:51.506  1370  1485 W teco.fmhandroi: Accessing hidden method Lsun/misc/Unsafe;->compareAndSwapObject(Ljava/lang/Object;JLjava/lang/Object;Ljava/lang/Object;)Z (greylist, linking, allowed)
12-07 21:12:51.508  1370  1414 W teco.fmhandroi: Accessing hidden method Lsun/misc/Unsafe;->compareAndSwapObject(Ljava/lang/Object;JLjava/lang/Object;Ljava/lang/Object;)Z (greylist, linking, allowed)
12-07 21:12:51.508  1370  1414 W teco.fmhandroi: Accessing hidden method Lsun/misc/Unsafe;->getObject(Ljava/lang/Object;J)Ljava/lang/Object; (greylist, linking, allowed)
12-07 21:12:51.515  1370  1383 I teco.fmhandroi: NativeAlloc concurrent copying GC freed 43526(2321KB) AllocSpace objects, 3(120KB) LOS objects, 46% free, 6934KB/12MB, paused 1.064ms total 296.156ms
12-07 21:12:51.516  1370  1370 I ViewInteraction: Performing 'wait for a specific view with <(view.getId() is <2131231039/ru.iteco.fmhandroid:id/enter_button> and an instance of android.widget.TextView and view.getText() with or without transformation to match: is "SIGN IN" and view.getContentDescription() is "Save" and view.getParent() view.getParent() an instance of android.widget.RelativeLayout)> during 10000 millis.' action on view view.getRootView() to equal view
12-07 21:12:51.519  1370  1414 W teco.fmhandroi: Accessing hidden method Lsun/misc/Unsafe;->compareAndSwapObject(Ljava/lang/Object;JLjava/lang/Object;Ljava/lang/Object;)Z (greylist, linking, allowed)
12-07 21:12:51.525  1370  1370 I ViewInteraction: Checking 'MatchesViewAssertion{viewMatcher=view.isClickable() is <true>}' assertion on view (view.getId() is <2131231039/ru.iteco.fmhandroid:id/enter_button> and an instance of android.widget.TextView and view.getText() with or without transformation to match: is "SIGN IN" and view.getContentDescription() is "Save" and view.getParent() view.getParent() an instance of android.widget.RelativeLayout)
12-07 21:12:51.526  1370  1414 W teco.fmhandroi: Accessing hidden method Lsun/misc/Unsafe;->compareAndSwapObject(Ljava/lang/Object;JLjava/lang/Object;Ljava/lang/Object;)Z (greylist, linking, allowed)
12-07 21:12:51.531  1370  1370 I ViewInteraction: Performing 'wait for a specific view with <(view.getId() is <2131231039/ru.iteco.fmhandroid:id/enter_button> and an instance of android.widget.TextView and view.getText() with or without transformation to match: is "SIGN IN" and view.getContentDescription() is "Save" and view.getParent() view.getParent() an instance of android.widget.RelativeLayout)> during 10000 millis.' action on view view.getRootView() to equal view
12-07 21:12:51.535  1370  1414 W teco.fmhandroi: Accessing hidden method Lsun/misc/Unsafe;->compareAndSwapObject(Ljava/lang/Object;JLjava/lang/Object;Ljava/lang/Object;)Z (greylist, linking, allowed)
12-07 21:12:51.535  1370  1485 W teco.fmhandroi: Accessing hidden method Lsun/misc/Unsafe;->compareAndSwapObject(Ljava/lang/Object;JLjava/lang/Object;Ljava/lang/Object;)Z (greylist, linking, allowed)
12-07 21:12:51.540  1370  1370 I ViewInteraction: Performing 'single click' action on view (view.getId() is <2131231039/ru.iteco.fmhandroid:id/enter_button> and an instance of android.widget.TextView and view.getText() with or without transformation to match: is "SIGN IN" and view.getContentDescription() is "Save" and view.getParent() view.getParent() an instance of android.widget.RelativeLayout)
12-07 21:12:51.613  1370  1490 I okhttp.OkHttpClient: --> POST http://www.981757-ca08998.tmweb.ru:8080/fmh/authentication/login
12-07 21:12:51.613  1370  1490 I okhttp.OkHttpClient: Content-Type: application/json; charset=UTF-8
12-07 21:12:51.613  1370  1490 I okhttp.OkHttpClient: Content-Length: 41
12-07 21:12:51.614  1370  1490 I okhttp.OkHttpClient: {"login":"login2","password":"password2"}
12-07 21:12:51.614  1370  1490 I okhttp.OkHttpClient: --> END POST (41-byte body)
12-07 21:12:51.623  1744  1491 E ResolverController: No valid NAT64 prefix (102, <unspecified>/0)
12-07 21:12:51.848  1370  1414 W teco.fmhandroi: Accessing hidden method Lsun/misc/Unsafe;->compareAndSwapObject(Ljava/lang/Object;JLjava/lang/Object;Ljava/lang/Object;)Z (greylist, linking, allowed)
12-07 21:12:51.854  1370  1370 I ViewInteraction: Performing 'wait for a specific view with <an instance of android.widget.TextView and view.getText() with or without transformation to match: is "News"> during 10000 millis.' action on view view.getRootView() to equal view
12-07 21:12:52.069  1370  1490 I okhttp.OkHttpClient: <-- 200 http://www.981757-ca08998.tmweb.ru:8080/fmh/authentication/login (455ms)
12-07 21:12:52.069  1370  1490 I okhttp.OkHttpClient: Vary: Origin
12-07 21:12:52.070  1370  1490 I okhttp.OkHttpClient: Vary: Access-Control-Request-Method
12-07 21:12:52.070  1370  1490 I okhttp.OkHttpClient: Vary: Access-Control-Request-Headers
12-07 21:12:52.070  1370  1490 I okhttp.OkHttpClient: X-Content-Type-Options: nosniff
12-07 21:12:52.070  1370  1490 I okhttp.OkHttpClient: X-XSS-Protection: 1; mode=block
12-07 21:12:52.070  1370  1490 I okhttp.OkHttpClient: Cache-Control: no-cache, no-store, max-age=0, must-revalidate
12-07 21:12:52.070  1370  1490 I okhttp.OkHttpClient: Pragma: no-cache
12-07 21:12:52.070  1370  1490 I okhttp.OkHttpClient: Expires: 0
12-07 21:12:52.070  1370  1490 I okhttp.OkHttpClient: X-Frame-Options: DENY
12-07 21:12:52.071  1370  1490 I okhttp.OkHttpClient: Content-Type: application/json
12-07 21:12:52.071  1370  1490 I okhttp.OkHttpClient: Transfer-Encoding: chunked
12-07 21:12:52.071  1370  1490 I okhttp.OkHttpClient: Date: Wed, 07 Dec 2022 21:13:38 GMT
12-07 21:12:52.071  1370  1490 I okhttp.OkHttpClient: Keep-Alive: timeout=60
12-07 21:12:52.071  1370  1490 I okhttp.OkHttpClient: Connection: keep-alive
12-07 21:12:52.072  1370  1490 I okhttp.OkHttpClient: {"accessToken":"eyJhbGciOiJIUzUxMiJ9.eyJzdWIiOiJsb2dpbjIiLCJqdGkiOiIyIiwiZXhwIjoxNjcwNTM0MDE4fQ.CQaTYYacP2_jwNnzLZTQM86aLGVn4kxRlUlV23f7YcvCleAlHlpjeA4k8WdCq-ruoje-CDDlxMb7WK6ZDxoKFA","refreshToken":"eyJhbGciOiJIUzUxMiJ9.eyJzdWIiOiJsb2dpbjIiLCJqdGkiOiIyIiwiZXhwIjoxNjczMDM5NjE4fQ.XF0xSEdP51sS_7NCpbh1b0L15372JAGtgbrl8snI2fBmwhIm7aaYVAcSGVvCCxpWXcIjKLdNZAu5qK6dd5fsjA"}
12-07 21:12:52.072  1370  1490 I okhttp.OkHttpClient: <-- END HTTP (368-byte body)
12-07 21:12:52.077  1370  1471 I okhttp.OkHttpClient: --> GET http://www.981757-ca08998.tmweb.ru:8080/fmh/authentication/userInfo
12-07 21:12:52.077  1370  1471 I okhttp.OkHttpClient: --> END GET
12-07 21:12:52.194  1370  1471 I okhttp.OkHttpClient: <-- 200 http://www.981757-ca08998.tmweb.ru:8080/fmh/authentication/userInfo (116ms)
12-07 21:12:52.195  1370  1471 I okhttp.OkHttpClient: Vary: Origin
12-07 21:12:52.195  1370  1471 I okhttp.OkHttpClient: Vary: Access-Control-Request-Method
12-07 21:12:52.195  1370  1471 I okhttp.OkHttpClient: Vary: Access-Control-Request-Headers
12-07 21:12:52.195  1370  1471 I okhttp.OkHttpClient: X-Content-Type-Options: nosniff
12-07 21:12:52.195  1370  1471 I okhttp.OkHttpClient: X-XSS-Protection: 1; mode=block
12-07 21:12:52.195  1370  1471 I okhttp.OkHttpClient: Cache-Control: no-cache, no-store, max-age=0, must-revalidate
12-07 21:12:52.196  1370  1471 I okhttp.OkHttpClient: Pragma: no-cache
12-07 21:12:52.197  1370  1471 I okhttp.OkHttpClient: Expires: 0
12-07 21:12:52.199  1370  1471 I okhttp.OkHttpClient: X-Frame-Options: DENY
12-07 21:12:52.200  1370  1471 I okhttp.OkHttpClient: Content-Type: application/json
12-07 21:12:52.201  1370  1471 I okhttp.OkHttpClient: Transfer-Encoding: chunked
12-07 21:12:52.202  1370  1471 I okhttp.OkHttpClient: Date: Wed, 07 Dec 2022 21:13:38 GMT
12-07 21:12:52.202  1370  1471 I okhttp.OkHttpClient: Keep-Alive: timeout=60
12-07 21:12:52.202  1370  1471 I okhttp.OkHttpClient: Connection: keep-alive
12-07 21:12:52.205  1370  1471 I okhttp.OkHttpClient: {"id":2,"firstName":"Данил","lastName":"Иванов","middleName":"Данилович","admin":true}
12-07 21:12:52.206  1370  1471 I okhttp.OkHttpClient: <-- END HTTP (106-byte body)
12-07 21:12:52.233  1370  1492 I okhttp.OkHttpClient: --> GET http://www.981757-ca08998.tmweb.ru:8080/fmh/claims
12-07 21:12:52.233  1370  1492 I okhttp.OkHttpClient: --> END GET
12-07 21:12:52.458  1370  1370 I ViewInteraction: Checking 'MatchesViewAssertion{viewMatcher=(view has effective visibility <VISIBLE> and view.getGlobalVisibleRect() to return non-empty rectangle)}' assertion on view an instance of android.widget.TextView and view.getText() with or without transformation to match: is "News"
12-07 21:12:52.465  1370  1370 I ViewInteraction: Performing 'wait for a specific view with <view.getId() is <2131230951>> during 10000 millis.' action on view view.getRootView() to equal view
12-07 21:12:52.468  1370  1414 W teco.fmhandroi: Accessing hidden method Lsun/misc/Unsafe;->compareAndSwapObject(Ljava/lang/Object;JLjava/lang/Object;Ljava/lang/Object;)Z (greylist, linking, allowed)
12-07 21:12:52.471  1370  1370 I ViewInteraction: Checking 'MatchesViewAssertion{viewMatcher=(view has effective visibility <VISIBLE> and view.getGlobalVisibleRect() to return non-empty rectangle)}' assertion on view view.getId() is <2131230951/ru.iteco.fmhandroid:id/container_list_news_include_on_fragment_main>
12-07 21:12:52.475  1370  1414 W teco.fmhandroi: Accessing hidden method Lsun/misc/Unsafe;->compareAndSwapObject(Ljava/lang/Object;JLjava/lang/Object;Ljava/lang/Object;)Z (greylist, linking, allowed)
12-07 21:12:52.477  1370  1370 I ViewInteraction: Performing 'wait for a specific view with <view.getId() is <2131230949>> during 10000 millis.' action on view view.getRootView() to equal view
12-07 21:12:52.480  1370  1414 W teco.fmhandroi: Accessing hidden method Lsun/misc/Unsafe;->compareAndSwapObject(Ljava/lang/Object;JLjava/lang/Object;Ljava/lang/Object;)Z (greylist, linking, allowed)
12-07 21:12:52.482  1370  1370 I ViewInteraction: Checking 'MatchesViewAssertion{viewMatcher=(view has effective visibility <VISIBLE> and view.getGlobalVisibleRect() to return non-empty rectangle)}' assertion on view view.getId() is <2131230949/ru.iteco.fmhandroid:id/container_list_claim_include_on_fragment_main>
12-07 21:12:52.485  1370  1414 W teco.fmhandroi: Accessing hidden method Lsun/misc/Unsafe;->compareAndSwapObject(Ljava/lang/Object;JLjava/lang/Object;Ljava/lang/Object;)Z (greylist, linking, allowed)
12-07 21:12:52.488  1370  1370 I ViewInteraction: Performing 'wait for a specific view with <an instance of android.widget.TextView and view.getText() with or without transformation to match: is "Claims"> during 10000 millis.' action on view view.getRootView() to equal view
12-07 21:12:52.497  1370  1370 I ViewInteraction: Checking 'MatchesViewAssertion{viewMatcher=(view has effective visibility <VISIBLE> and view.getGlobalVisibleRect() to return non-empty rectangle)}' assertion on view an instance of android.widget.TextView and view.getText() with or without transformation to match: is "Claims"
12-07 21:12:52.501  1370  1414 W teco.fmhandroi: Accessing hidden method Lsun/misc/Unsafe;->compareAndSwapObject(Ljava/lang/Object;JLjava/lang/Object;Ljava/lang/Object;)Z (greylist, linking, allowed)
12-07 21:12:52.501  1370  1485 W teco.fmhandroi: Accessing hidden method Lsun/misc/Unsafe;->compareAndSwapObject(Ljava/lang/Object;JLjava/lang/Object;Ljava/lang/Object;)Z (greylist, linking, allowed)
12-07 21:12:52.502  1370  1370 I ViewInteraction: Performing 'wait for a specific view with <view.getId() is <2131231123>> during 10000 millis.' action on view view.getRootView() to equal view
12-07 21:12:52.504  1370  1414 W teco.fmhandroi: Accessing hidden method Lsun/misc/Unsafe;->compareAndSwapObject(Ljava/lang/Object;JLjava/lang/Object;Ljava/lang/Object;)Z (greylist, linking, allowed)
12-07 21:12:52.506  1370  1370 I ViewInteraction: Performing 'single click' action on view view.getId() is <2131231123/ru.iteco.fmhandroid:id/main_menu_image_button>
12-07 21:12:52.670  1776  1776 D gralloc_ranchu: gralloc_alloc: Creating ashmem region of size 2015232
12-07 21:12:52.683  1776  1776 I chatty  : uid=1000(system) allocator@2.0-s identical 1 line
12-07 21:12:52.685  1776  1776 D gralloc_ranchu: gralloc_alloc: Creating ashmem region of size 2015232
12-07 21:12:52.749  1370  1461 D EGL_emulation: eglMakeCurrent: 0xe593dea0: ver 2 0 (tinfo 0xf0c99da0)
12-07 21:12:53.357  1370  1461 I chatty  : uid=10146(ru.iteco.fmhandroid) RenderThread identical 6 lines
12-07 21:12:53.373  1370  1461 D EGL_emulation: eglMakeCurrent: 0xe593dea0: ver 2 0 (tinfo 0xf0c99da0)
12-07 21:12:53.615  1370  1414 W teco.fmhandroi: Accessing hidden method Lsun/misc/Unsafe;->compareAndSwapObject(Ljava/lang/Object;JLjava/lang/Object;Ljava/lang/Object;)Z (greylist, linking, allowed)
12-07 21:12:53.620  1370  1370 I ViewInteraction: Performing 'wait for a specific view with <an instance of android.widget.TextView and view.getText() with or without transformation to match: is "Claims"> during 10000 millis.' action on view view.getRootView() to equal view
12-07 21:12:53.625  1370  1370 I ViewInteraction: Performing 'single click' action on view an instance of android.widget.TextView and view.getText() with or without transformation to match: is "Claims"
12-07 21:12:53.677  1370  1461 D EGL_emulation: eglMakeCurrent: 0xe593dea0: ver 2 0 (tinfo 0xf0c99da0)
12-07 21:12:53.811  1370  1493 I okhttp.OkHttpClient: --> GET http://www.981757-ca08998.tmweb.ru:8080/fmh/claims
12-07 21:12:53.812  1370  1493 I okhttp.OkHttpClient: --> END GET
12-07 21:12:53.818  1744  1494 E ResolverController: No valid NAT64 prefix (102, <unspecified>/0)
12-07 21:12:53.914  1370  1461 D EGL_emulation: eglMakeCurrent: 0xe593dea0: ver 2 0 (tinfo 0xf0c99da0)
12-07 21:12:53.960  1370  1461 D EGL_emulation: eglMakeCurrent: 0xe593dea0: ver 2 0 (tinfo 0xf0c99da0)
12-07 21:12:54.070  1370  1414 W teco.fmhandroi: Accessing hidden method Lsun/misc/Unsafe;->compareAndSwapObject(Ljava/lang/Object;JLjava/lang/Object;Ljava/lang/Object;)Z (greylist, linking, allowed)
12-07 21:12:54.077  1370  1370 I ViewInteraction: Performing 'wait for a specific view with <view.getId() is <2131230849>> during 10000 millis.' action on view view.getRootView() to equal view
12-07 21:12:54.079  1370  1414 W teco.fmhandroi: Accessing hidden method Lsun/misc/Unsafe;->compareAndSwapObject(Ljava/lang/Object;JLjava/lang/Object;Ljava/lang/Object;)Z (greylist, linking, allowed)
12-07 21:12:54.083  1370  1370 I ViewInteraction: Performing 'single click' action on view view.getId() is <2131230849/ru.iteco.fmhandroid:id/add_new_claim_material_button>
12-07 21:12:54.176  1370  1383 I teco.fmhandroi: Background young concurrent copying GC freed 57810(2753KB) AllocSpace objects, 3(120KB) LOS objects, 15% free, 10MB/12MB, paused 4.395ms total 218.512ms
12-07 21:12:54.353  1370  1471 I okhttp.OkHttpClient: --> GET http://www.981757-ca08998.tmweb.ru:8080/fmh/users
12-07 21:12:54.354  1370  1471 I okhttp.OkHttpClient: --> END GET
12-07 21:12:54.603  1370  1414 W teco.fmhandroi: Accessing hidden method Lsun/misc/Unsafe;->compareAndSwapObject(Ljava/lang/Object;JLjava/lang/Object;Ljava/lang/Object;)Z (greylist, linking, allowed)
12-07 21:12:54.604  1370  1485 W teco.fmhandroi: Accessing hidden method Lsun/misc/Unsafe;->compareAndSwapObject(Ljava/lang/Object;JLjava/lang/Object;Ljava/lang/Object;)Z (greylist, linking, allowed)
12-07 21:12:54.606  1370  1370 I ViewInteraction: Performing 'wait for a specific view with <view.getId() is <2131230849>> during 10000 millis.' action on view view.getRootView() to equal view
12-07 21:12:54.610  1370  1414 W teco.fmhandroi: Accessing hidden method Lsun/misc/Unsafe;->compareAndSwapObject(Ljava/lang/Object;JLjava/lang/Object;Ljava/lang/Object;)Z (greylist, linking, allowed)
12-07 21:12:54.612  1370  1370 I ViewInteraction: Performing 'single click' action on view view.getId() is <2131230849/ru.iteco.fmhandroid:id/add_new_claim_material_button>
12-07 21:12:54.680  1370  1496 I okhttp.OkHttpClient: --> GET http://www.981757-ca08998.tmweb.ru:8080/fmh/users
12-07 21:12:54.680  1370  1496 I okhttp.OkHttpClient: --> END GET
12-07 21:12:54.702  1370  1471 I okhttp.OkHttpClient: <-- 200 http://www.981757-ca08998.tmweb.ru:8080/fmh/users (347ms)
12-07 21:12:54.702  1370  1471 I okhttp.OkHttpClient: Vary: Origin
12-07 21:12:54.702  1370  1471 I okhttp.OkHttpClient: Vary: Access-Control-Request-Method
12-07 21:12:54.703  1370  1471 I okhttp.OkHttpClient: Vary: Access-Control-Request-Headers
12-07 21:12:54.703  1370  1471 I okhttp.OkHttpClient: X-Content-Type-Options: nosniff
12-07 21:12:54.703  1370  1471 I okhttp.OkHttpClient: X-XSS-Protection: 1; mode=block
12-07 21:12:54.703  1370  1471 I okhttp.OkHttpClient: Cache-Control: no-cache, no-store, max-age=0, must-revalidate
12-07 21:12:54.703  1370  1471 I okhttp.OkHttpClient: Pragma: no-cache
12-07 21:12:54.703  1370  1471 I okhttp.OkHttpClient: Expires: 0
12-07 21:12:54.703  1370  1471 I okhttp.OkHttpClient: X-Frame-Options: DENY
12-07 21:12:54.703  1370  1471 I okhttp.OkHttpClient: Content-Type: application/json
12-07 21:12:54.703  1370  1471 I okhttp.OkHttpClient: Transfer-Encoding: chunked
12-07 21:12:54.704  1370  1471 I okhttp.OkHttpClient: Date: Wed, 07 Dec 2022 21:13:40 GMT
12-07 21:12:54.704  1370  1471 I okhttp.OkHttpClient: Keep-Alive: timeout=60
12-07 21:12:54.704  1370  1471 I okhttp.OkHttpClient: Connection: keep-alive
12-07 21:12:54.707  1370  1471 I okhttp.OkHttpClient: [{"id":1,"firstName":"Петр","lastName":"Смирнов","middleName":"Петрович","admin":true},{"id":2,"firstName":"Данил","lastName":"Иванов","middleName":"Данилович","admin":true},{"id":3,"firstName":"Егор","lastName":"Петров","middleName":"Егорович","admin":false},{"id":4,"firstName":"Дмитрий","lastName":"Сидоров","middleName":"Дмитриевич","admin":false},{"id":5,"firstName":"Тест","lastName":"Тестов","middleName":"Тестович","admin":true},{"id":6,"firstName":"Diplom","lastName":"Netology","middleName":"QAMID","admin":true}]
12-07 21:12:54.707  1370  1471 I okhttp.OkHttpClient: <-- END HTTP (622-byte body)
12-07 21:12:55.039  1370  1496 I okhttp.OkHttpClient: <-- HTTP FAILED: java.net.SocketException: Socket closed
12-07 21:12:55.040  1370  1370 W System.err: ru.iteco.fmhandroid.exceptions.UnknownException
12-07 21:12:55.045  1370  1370 W System.err: 	at ru.iteco.fmhandroid.utils.Utils.makeRequest(Utils.kt:123)
12-07 21:12:55.045  1370  1370 W System.err: 	at ru.iteco.fmhandroid.utils.Utils$makeRequest$1.invokeSuspend(Unknown Source:15)
12-07 21:12:55.045  1370  1370 W System.err: 	at kotlin.coroutines.jvm.internal.BaseContinuationImpl.resumeWith(ContinuationImpl.kt:33)
12-07 21:12:55.045  1370  1370 W System.err: 	at kotlinx.coroutines.DispatchedTaskKt.resume(DispatchedTask.kt:234)
12-07 21:12:55.046  1370  1370 W System.err: 	at kotlinx.coroutines.DispatchedTaskKt.resumeUnconfined(DispatchedTask.kt:190)
12-07 21:12:55.046  1370  1370 W System.err: 	at kotlinx.coroutines.DispatchedTaskKt.dispatch(DispatchedTask.kt:161)
12-07 21:12:55.046  1370  1370 W System.err: 	at kotlinx.coroutines.CancellableContinuationImpl.dispatchResume(CancellableContinuationImpl.kt:397)
12-07 21:12:55.047  1370  1370 W System.err: 	at kotlinx.coroutines.CancellableContinuationImpl.cancel(CancellableContinuationImpl.kt:183)
12-07 21:12:55.047  1370  1370 W System.err: 	at kotlinx.coroutines.CancellableContinuationImpl.parentCancelled$kotlinx_coroutines_core(CancellableContinuationImpl.kt:190)
12-07 21:12:55.047  1370  1370 W System.err: 	at kotlinx.coroutines.ChildContinuation.invoke(JobSupport.kt:1474)
12-07 21:12:55.048  1370  1370 W System.err: 	at kotlinx.coroutines.JobSupport.notifyCancelling(JobSupport.kt:1499)
12-07 21:12:55.048  1370  1370 W System.err: 	at kotlinx.coroutines.JobSupport.tryMakeCancelling(JobSupport.kt:795)
12-07 21:12:55.048  1370  1370 W System.err: 	at kotlinx.coroutines.JobSupport.makeCancelling(JobSupport.kt:755)
12-07 21:12:55.048  1370  1370 W System.err: 	at kotlinx.coroutines.JobSupport.cancelImpl$kotlinx_coroutines_core(JobSupport.kt:671)
12-07 21:12:55.048  1370  1370 W System.err: 	at kotlinx.coroutines.JobSupport.parentCancelled(JobSupport.kt:637)
12-07 21:12:55.048  1370  1370 W System.err: 	at kotlinx.coroutines.ChildHandleNode.invoke(JobSupport.kt:1465)
12-07 21:12:55.048  1370  1370 W System.err: 	at kotlinx.coroutines.JobSupport.notifyCancelling(JobSupport.kt:1499)
12-07 21:12:55.048  1370  1370 W System.err: 	at kotlinx.coroutines.JobSupport.tryMakeCompletingSlowPath(JobSupport.kt:900)
12-07 21:12:55.048  1370  1370 W System.err: 	at kotlinx.coroutines.JobSupport.tryMakeCompleting(JobSupport.kt:863)
12-07 21:12:55.049  1370  1370 W System.err: 	at kotlinx.coroutines.JobSupport.cancelMakeCompleting(JobSupport.kt:696)
12-07 21:12:55.049  1370  1370 W System.err: 	at kotlinx.coroutines.JobSupport.cancelImpl$kotlinx_coroutines_core(JobSupport.kt:667)
12-07 21:12:55.049  1370  1370 W System.err: 	at kotlinx.coroutines.JobSupport.cancelInternal(JobSupport.kt:632)
12-07 21:12:55.049  1370  1370 W System.err: 	at kotlinx.coroutines.JobSupport.cancel(JobSupport.kt:617)
12-07 21:12:55.049  1370  1370 W System.err: 	at kotlinx.coroutines.JobKt__JobKt.cancel(Job.kt:561)
12-07 21:12:55.049  1370  1370 W System.err: 	at kotlinx.coroutines.JobKt.cancel(Unknown Source:1)
12-07 21:12:55.050  1370  1370 W System.err: 	at kotlinx.coroutines.JobKt__JobKt.cancel$default(Job.kt:560)
12-07 21:12:55.050  1370  1370 W System.err: 	at kotlinx.coroutines.JobKt.cancel$default(Unknown Source:1)
12-07 21:12:55.050  1370  1370 W System.err: 	at androidx.lifecycle.LifecycleCoroutineScopeImpl.onStateChanged(Lifecycle.kt:144)
12-07 21:12:55.050  1370  1370 W System.err: 	at androidx.lifecycle.LifecycleRegistry$ObserverWithState.dispatchEvent(LifecycleRegistry.java:354)
12-07 21:12:55.051  1370  1370 W System.err: 	at androidx.lifecycle.LifecycleRegistry.backwardPass(LifecycleRegistry.java:284)
12-07 21:12:55.051  1370  1370 W System.err: 	at androidx.lifecycle.LifecycleRegistry.sync(LifecycleRegistry.java:302)
12-07 21:12:55.051  1370  1370 W System.err: 	at androidx.lifecycle.LifecycleRegistry.moveToState(LifecycleRegistry.java:148)
12-07 21:12:55.051  1370  1370 W System.err: 	at androidx.lifecycle.LifecycleRegistry.handleLifecycleEvent(LifecycleRegistry.java:134)
12-07 21:12:55.052  1370  1370 W System.err: 	at androidx.fragment.app.FragmentViewLifecycleOwner.handleLifecycleEvent(FragmentViewLifecycleOwner.java:88)
12-07 21:12:55.052  1370  1370 W System.err: 	at androidx.fragment.app.Fragment.performDestroyView(Fragment.java:3228)
12-07 21:12:55.052  1370  1370 W System.err: 	at androidx.fragment.app.FragmentStateManager.destroyFragmentView(FragmentStateManager.java:744)
12-07 21:12:55.052  1370  1370 W System.err: 	at androidx.fragment.app.FragmentStateManager.moveToExpectedState(FragmentStateManager.java:327)
12-07 21:12:55.052  1370  1370 W System.err: 	at androidx.fragment.app.SpecialEffectsController$FragmentStateManagerOperation.complete(SpecialEffectsController.java:771)
12-07 21:12:55.052  1370  1370 W System.err: 	at androidx.fragment.app.SpecialEffectsController$Operation.completeSpecialEffect(SpecialEffectsController.java:690)
12-07 21:12:55.053  1370  1370 W System.err: 	at androidx.fragment.app.DefaultSpecialEffectsController$SpecialEffectsInfo.completeSpecialEffect(DefaultSpecialEffectsController.java:855)
12-07 21:12:55.053  1370  1370 W System.err: 	at androidx.fragment.app.DefaultSpecialEffectsController.startAnimations(DefaultSpecialEffectsController.java:154)
12-07 21:12:55.053  1370  1370 W System.err: 	at androidx.fragment.app.DefaultSpecialEffectsController.executeOperations(DefaultSpecialEffectsController.java:123)
12-07 21:12:55.053  1370  1370 W System.err: 	at androidx.fragment.app.SpecialEffectsController.executePendingOperations(SpecialEffectsController.java:306)
12-07 21:12:55.053  1370  1370 W System.err: 	at androidx.fragment.app.FragmentManager.executeOpsTogether(FragmentManager.java:1853)
12-07 21:12:55.053  1370  1370 W System.err: 	at androidx.fragment.app.FragmentManager.removeRedundantOperationsAndExecute(FragmentManager.java:1764)
12-07 21:12:55.053  1370  1370 W System.err: 	at androidx.fragment.app.FragmentManager.execPendingActions(FragmentManager.java:1701)
12-07 21:12:55.054  1370  1370 W System.err: 	at androidx.fragment.app.FragmentManager$4.run(FragmentManager.java:488)
12-07 21:12:55.054  1370  1370 W System.err: 	at android.os.Handler.handleCallback(Handler.java:883)
12-07 21:12:55.054  1370  1370 W System.err: 	at android.os.Handler.dispatchMessage(Handler.java:100)
12-07 21:12:55.054  1370  1370 W System.err: 	at androidx.test.espresso.base.Interrogator.loopAndInterrogate(Interrogator.java:14)
12-07 21:12:55.054  1370  1370 W System.err: 	at androidx.test.espresso.base.UiControllerImpl.loopUntil(UiControllerImpl.java:8)
12-07 21:12:55.054  1370  1370 W System.err: 	at androidx.test.espresso.base.UiControllerImpl.loopUntil(UiControllerImpl.java:1)
12-07 21:12:55.055  1370  1370 W System.err: 	at androidx.test.espresso.base.UiControllerImpl.loopMainThreadForAtLeast(UiControllerImpl.java:7)
12-07 21:12:55.055  1370  1370 W System.err: 	at androidx.test.espresso.action.Tap$1.sendTap(Tap.java:6)
12-07 21:12:55.056  1370  1370 W System.err: 	at androidx.test.espresso.action.GeneralClickAction.perform(GeneralClickAction.java:6)
12-07 21:12:55.056  1370  1370 W System.err: 	at androidx.test.espresso.ViewInteraction$SingleExecutionViewAction.perform(ViewInteraction.java:2)
12-07 21:12:55.056  1370  1370 W System.err: 	at androidx.test.espresso.ViewInteraction.doPerform(ViewInteraction.java:25)
12-07 21:12:55.056  1370  1370 W System.err: 	at androidx.test.espresso.ViewInteraction.-$$Nest$mdoPerform(Unknown Source:0)
12-07 21:12:55.056  1370  1370 W System.err: 	at androidx.test.espresso.ViewInteraction$1.call(ViewInteraction.java:7)
12-07 21:12:55.056  1370  1370 W System.err: 	at androidx.test.espresso.ViewInteraction$1.call(ViewInteraction.java:1)
12-07 21:12:55.056  1370  1370 W System.err: 	at java.util.concurrent.FutureTask.run(FutureTask.java:266)
12-07 21:12:55.056  1370  1370 W System.err: 	at android.os.Handler.handleCallback(Handler.java:883)
12-07 21:12:55.057  1370  1370 W System.err: 	at android.os.Handler.dispatchMessage(Handler.java:100)
12-07 21:12:55.057  1370  1370 W System.err: 	at android.os.Looper.loop(Looper.java:214)
12-07 21:12:55.057  1370  1370 W System.err: 	at android.app.ActivityThread.main(ActivityThread.java:7356)
12-07 21:12:55.057  1370  1370 W System.err: 	at java.lang.reflect.Method.invoke(Native Method)
12-07 21:12:55.057  1370  1370 W System.err: 	at com.android.internal.os.RuntimeInit$MethodAndArgsCaller.run(RuntimeInit.java:492)
12-07 21:12:55.057  1370  1370 W System.err: 	at com.android.internal.os.ZygoteInit.main(ZygoteInit.java:930)
12-07 21:12:55.071  1370  1492 I okhttp.OkHttpClient: <-- 200 http://www.981757-ca08998.tmweb.ru:8080/fmh/claims (2835ms)
12-07 21:12:55.071  1370  1492 I okhttp.OkHttpClient: Vary: Origin
12-07 21:12:55.071  1370  1492 I okhttp.OkHttpClient: Vary: Access-Control-Request-Method
12-07 21:12:55.071  1370  1492 I okhttp.OkHttpClient: Vary: Access-Control-Request-Headers
12-07 21:12:55.072  1370  1492 I okhttp.OkHttpClient: X-Content-Type-Options: nosniff
12-07 21:12:55.072  1370  1492 I okhttp.OkHttpClient: X-XSS-Protection: 1; mode=block
12-07 21:12:55.072  1370  1492 I okhttp.OkHttpClient: Cache-Control: no-cache, no-store, max-age=0, must-revalidate
12-07 21:12:55.072  1370  1492 I okhttp.OkHttpClient: Pragma: no-cache
12-07 21:12:55.072  1370  1492 I okhttp.OkHttpClient: Expires: 0
12-07 21:12:55.072  1370  1492 I okhttp.OkHttpClient: X-Frame-Options: DENY
12-07 21:12:55.072  1370  1492 I okhttp.OkHttpClient: Content-Type: application/json
12-07 21:12:55.072  1370  1492 I okhttp.OkHttpClient: Transfer-Encoding: chunked
12-07 21:12:55.072  1370  1492 I okhttp.OkHttpClient: Date: Wed, 07 Dec 2022 21:13:40 GMT
12-07 21:12:55.074  1370  1492 I okhttp.OkHttpClient: Keep-Alive: timeout=60
12-07 21:12:55.074  1370  1492 I okhttp.OkHttpClient: Connection: keep-alive
12-07 21:12:55.215  1370  1383 I teco.fmhandroi: Background concurrent copying GC freed 28636(1524KB) AllocSpace objects, 1(16KB) LOS objects, 34% free, 11MB/17MB, paused 915us total 245.502ms
12-07 21:12:55.254  1370  1414 W teco.fmhandroi: Accessing hidden method Lsun/misc/Unsafe;->compareAndSwapObject(Ljava/lang/Object;JLjava/lang/Object;Ljava/lang/Object;)Z (greylist, linking, allowed)
12-07 21:12:55.257  1370  1485 W teco.fmhandroi: Accessing hidden method Lsun/misc/Unsafe;->compareAndSwapObject(Ljava/lang/Object;JLjava/lang/Object;Ljava/lang/Object;)Z (greylist, linking, allowed)
12-07 21:12:55.259  1370  1370 I ViewInteraction: Performing 'wait for a specific view with <view.getId() is <2131231041>> during 10000 millis.' action on view view.getRootView() to equal view
12-07 21:12:55.277  1370  1414 W teco.fmhandroi: Accessing hidden method Lsun/misc/Unsafe;->compareAndSwapObject(Ljava/lang/Object;JLjava/lang/Object;Ljava/lang/Object;)Z (greylist, linking, allowed)
12-07 21:12:55.277  1370  1485 W teco.fmhandroi: Accessing hidden method Lsun/misc/Unsafe;->compareAndSwapObject(Ljava/lang/Object;JLjava/lang/Object;Ljava/lang/Object;)Z (greylist, linking, allowed)
12-07 21:12:55.279  1370  1370 I ViewInteraction: Performing 'single click' action on view view.getId() is <2131231041/ru.iteco.fmhandroid:id/executor_drop_menu_auto_complete_text_view>
12-07 21:12:55.492  1776  1776 D gralloc_ranchu: gralloc_alloc: Creating ashmem region of size 4116480
12-07 21:12:55.502  1776  1776 I chatty  : uid=1000(system) allocator@2.0-s identical 1 line
12-07 21:12:55.507  1776  1776 D gralloc_ranchu: gralloc_alloc: Creating ashmem region of size 4116480
12-07 21:12:55.527  1370  1461 D EGL_emulation: eglMakeCurrent: 0xe593dea0: ver 2 0 (tinfo 0xf0c99da0)
12-07 21:12:55.597  1370  1370 I AssistStructure: Flattened final assist data: 6984 bytes, containing 2 windows, 53 views
12-07 21:12:55.618  2018  8097 D AutofillSession: Starting partition or augmented request for view id 1073741827@1635134896: STARTED_SESSION
12-07 21:12:55.629  2018  2018 D AutofillSession: cancelCurrentRequest(): id = 416
12-07 21:12:55.640  1370  1461 D EGL_emulation: eglMakeCurrent: 0xe593dea0: ver 2 0 (tinfo 0xf0c99da0)
12-07 21:12:55.682  1370  1461 D EGL_emulation: eglMakeCurrent: 0xe593dea0: ver 2 0 (tinfo 0xf0c99da0)
12-07 21:12:55.682  2537  2537 W GInputConnectionWrapper: IPC IC_GET_TEXT_BEFORE_CURSOR_AND_FIX_SELECTION_INDICES took 118 ms
12-07 21:12:55.702  1370  1370 I AssistStructure: Flattened final assist data: 6984 bytes, containing 2 windows, 53 views
12-07 21:12:55.726  2537  2537 I KeyboardViewUtil: systemKeyboardHeightRatio:1.000000; userKeyboardHeightRatio:1.000000.
12-07 21:12:55.737  2537  2537 I AndroidIME: LatinIme.onActivate() : EditorInfo = Package = ru.iteco.fmhandroid : Type = Text : Learning = Disable : Suggestion = Show : AutoCorrection = Disable : Microphone = Show : NoPersonalizedLearning = Disable
12-07 21:12:55.753  2656  2656 W ktk     : Pending fill request while another request in the same session was triggered. [CONTEXT service_id=177 ]
12-07 21:12:55.766  2018  2058 E memtrack: Couldn't load memtrack module
12-07 21:12:55.766  2018  2058 W android.os.Debug: failed to get memory consumption info: -1
12-07 21:12:55.847  1370  1461 D EGL_emulation: eglMakeCurrent: 0xe593dea0: ver 2 0 (tinfo 0xf0c99da0)
12-07 21:12:55.868  2018  2051 D AutofillUI: destroySaveUiUiThread(): already destroyed
12-07 21:12:55.936  1370  1414 W teco.fmhandroi: Accessing hidden method Lsun/misc/Unsafe;->compareAndSwapObject(Ljava/lang/Object;JLjava/lang/Object;Ljava/lang/Object;)Z (greylist, linking, allowed)
12-07 21:12:55.938  1370  1370 I ViewInteraction: Performing 'close keyboard' action on view view.getRootView() to equal view
12-07 21:12:56.063  2537  2537 I Conv2QueryExtension: Current locale: en_US, config allows these locales: de,en,es,fr,it,ms,pt,ta
12-07 21:12:56.065  2537  2537 I Conv2QueryExtension: Conv2Query not enabled due to current app [ru.iteco.fmhandroid] not in whitelist
12-07 21:12:56.065  2537  2537 I Conv2QueryExtension: onActivate() : Disabled by unsupported host app
12-07 21:12:56.099  2170  2566 D EGL_emulation: eglMakeCurrent: 0xe594e040: ver 2 0 (tinfo 0xc52450c0)
12-07 21:12:56.144  2537  2537 I Choreographer: Skipped 38 frames!  The application may be doing too much work on its main thread.
12-07 21:12:56.182  1776  1776 D gralloc_ranchu: gralloc_alloc: Creating ashmem region of size 9826304
12-07 21:12:56.212  1776  1776 I chatty  : uid=1000(system) allocator@2.0-s identical 1 line
12-07 21:12:56.215  1776  1776 D gralloc_ranchu: gralloc_alloc: Creating ashmem region of size 9826304
12-07 21:12:56.315  1776  1776 D gralloc_ranchu: gralloc_alloc: Creating ashmem region of size 3072000
12-07 21:12:56.335  1370  1461 D EGL_emulation: eglMakeCurrent: 0xe593dea0: ver 2 0 (tinfo 0xf0c99da0)
12-07 21:12:56.371  2537  8546 D EGL_emulation: eglMakeCurrent: 0xc286ce00: ver 2 0 (tinfo 0xc335ede0)
12-07 21:12:56.375  1776  1776 D gralloc_ranchu: gralloc_alloc: Creating ashmem region of size 3072000
12-07 21:12:56.383  1370  1461 D EGL_emulation: eglMakeCurrent: 0xe593dea0: ver 2 0 (tinfo 0xf0c99da0)
12-07 21:12:56.468  1370  1461 D EGL_emulation: eglMakeCurrent: 0xe593dea0: ver 2 0 (tinfo 0xf0c99da0)
12-07 21:12:56.495  1776  1776 D gralloc_ranchu: gralloc_alloc: Creating ashmem region of size 3072000
12-07 21:12:56.516  1370  1461 D EGL_emulation: eglMakeCurrent: 0xe593dea0: ver 2 0 (tinfo 0xf0c99da0)
