--------- beginning of main
12-07 07:31:34.421  1745  1745 D Zygote  : Forked child process 24444
12-07 07:31:34.440 24444 24444 W droid.deskcloc: Unexpected CPU variant for X86 using defaults: x86
--------- beginning of system
12-07 07:31:34.446  2018  2060 W ActivityManager: Slow operation: 71ms so far, now at startProcess: returned from zygote!
12-07 07:31:34.447  2018  2060 W ActivityManager: Slow operation: 72ms so far, now at startProcess: done updating battery stats
12-07 07:31:34.447  2018  2060 W ActivityManager: Slow operation: 72ms so far, now at startProcess: building log message
12-07 07:31:34.447  2018  2060 I ActivityManager: Start proc 24444:com.google.android.deskclock/u0a133 for broadcast {com.google.android.deskclock/com.android.deskclock.AlarmInitReceiver}
12-07 07:31:34.447  2018  2060 W ActivityManager: Slow operation: 72ms so far, now at startProcess: starting to update pids map
12-07 07:31:34.447  2018  2060 W ActivityManager: Slow operation: 72ms so far, now at startProcess: done updating pids map
12-07 07:31:34.517  1764  1764 W audio_hw_generic: Not supplying enough data to HAL, expected position 72822068 , only wrote 72111134
12-07 07:31:34.538 24444 24444 D ApplicationLoaders: Returning zygote-cached class loader: /system/framework/android.hidl.base-V1.0-java.jar
12-07 07:31:34.539 24444 24444 D ApplicationLoaders: Returning zygote-cached class loader: /system/framework/android.hidl.manager-V1.0-java.jar
12-07 07:31:34.539 24444 24444 D ApplicationLoaders: Returning zygote-cached class loader: /system/framework/android.hidl.base-V1.0-java.jar
12-07 07:31:34.568 24444 24444 I droid.deskcloc: The ClassLoaderContext is a special shared library.
12-07 07:31:34.679 23665 23665 W View    : couldn't find view with id 2131231392
12-07 07:31:34.680 23665 23665 I chatty  : uid=10146(ru.iteco.fmhandroid) identical 3 lines
12-07 07:31:34.683 23665 23665 W View    : couldn't find view with id 2131231392
12-07 07:31:34.688  2170  2170 D StatusBar: disable<e i a s b h r c s > disable2<q i n >
12-07 07:31:34.726  2170  2566 D EGL_emulation: eglMakeCurrent: 0xe594e040: ver 2 0 (tinfo 0xc52450c0)
12-07 07:31:34.735  1776  1776 D gralloc_ranchu: gralloc_alloc: Creating ashmem region of size 10108928
12-07 07:31:34.746  2170  2566 D EGL_emulation: eglMakeCurrent: 0xe594e040: ver 2 0 (tinfo 0xc52450c0)
12-07 07:31:34.784 24444 24444 W PrimesInit: Primes instant initialization
12-07 07:31:34.790  1776  1776 D gralloc_ranchu: gralloc_alloc: Creating ashmem region of size 10108928
12-07 07:31:34.791 24444 24476 W Primes  : background initialization
12-07 07:31:34.807  2170  2170 D StatusBar: disable<e i a s b h r c s > disable2<q i n >
12-07 07:31:34.814 24444 24444 I GAv4    : Google Analytics 11.0.11 is starting up. To enable debug logging on a device run:
12-07 07:31:34.814 24444 24444 I GAv4    :   adb shell setprop log.tag.GAv4 DEBUG
12-07 07:31:34.814 24444 24444 I GAv4    :   adb logcat -s GAv4
12-07 07:31:34.884  1776  1776 D gralloc_ranchu: gralloc_alloc: Creating ashmem region of size 10108928
12-07 07:31:34.901 24444 24480 W GAv4    : AnalyticsReceiver is not registered or is disabled. Register the receiver for reliable dispatching on non-Google Play devices. See http://goo.gl/8Rd3yj for instructions.
12-07 07:31:34.949 24444 24480 W GAv4    : CampaignTrackingReceiver is not registered, not exported or is disabled. Installation campaign tracking is not possible. See http://goo.gl/8Rd3yj for instructions.
12-07 07:31:34.975 24444 24476 I PrimesTesting: GserviceFlagsSupplier.get()
12-07 07:31:35.001 24444 24480 W GAv4    : AnalyticsService not registered in the app manifest. Hits might not be delivered reliably. See http://goo.gl/8Rd3yj for instructions.
12-07 07:31:35.111  2873  3372 I FontLog : Received query Google Sans:500, URI content://com.google.android.gms.fonts [CONTEXT service_id=132 ]
12-07 07:31:35.114  2873  3372 I FontLog : Query [Google Sans:500] resolved to {Google Sans, wdth 100.0, wght 500, ital 0.0, bestEffort false} [CONTEXT service_id=132 ]
12-07 07:31:35.180  2873  3372 I FontLog : Font PFD returned from cache for {Google Sans, wdth 100.0, wght 500, ital 0.0, bestEffort false} [CONTEXT service_id=132 ]
12-07 07:31:35.196  2873  3372 I FontLog : Fetch {Google Sans, wdth 100.0, wght 500, ital 0.0, bestEffort false} end status Status{statusCode=SUCCESS, resolution=null} [CONTEXT service_id=132 ]
12-07 07:31:35.214  2873  3372 I FontLog : Pulling font file for id = 10, cache size = 7 [CONTEXT service_id=132 ]
12-07 07:31:35.226 23665 23678 I teco.fmhandroi: NativeAlloc concurrent copying GC freed 80647(3254KB) AllocSpace objects, 3(60KB) LOS objects, 29% free, 14MB/20MB, paused 1.129ms total 371.006ms
12-07 07:31:35.280  2873  3372 I FontLog : Received query Google Sans, URI content://com.google.android.gms.fonts [CONTEXT service_id=132 ]
12-07 07:31:35.281  2873  3372 I FontLog : Query [Google Sans] resolved to {Google Sans, wdth 100.0, wght 400, ital 0.0, bestEffort false} [CONTEXT service_id=132 ]
12-07 07:31:35.286  2873  3372 I FontLog : Font PFD returned from cache for {Google Sans, wdth 100.0, wght 400, ital 0.0, bestEffort false} [CONTEXT service_id=132 ]
12-07 07:31:35.291  2873  3372 I FontLog : Fetch {Google Sans, wdth 100.0, wght 400, ital 0.0, bestEffort false} end status Status{statusCode=SUCCESS, resolution=null} [CONTEXT service_id=132 ]
12-07 07:31:35.298  2873  3372 I FontLog : Pulling font file for id = 11, cache size = 6 [CONTEXT service_id=132 ]
12-07 07:31:35.305 24444 24444 I AlarmClock: AlarmInitReceiver android.intent.action.TIMEZONE_CHANGED
12-07 07:31:35.328 24444 24483 I AlarmClock: Connected Dock: null
12-07 07:31:35.333 24444 24483 I AlarmClock: Removing AlarmClockInfo
12-07 07:31:35.338 24444 24444 I AlarmClock: DigitalAppWidgetProvider processing Intent { act=android.intent.action.TIMEZONE_CHANGED flg=0x21200010 cmp=com.google.android.deskclock/com.android.alarmclock.DigitalAppWidgetProvider (has extras) }
12-07 07:31:35.344 24444 24444 D AlarmClock: Timing: [Digital Widget] [Widget Data Fetch]: 6 ms
12-07 07:31:35.350  2018  4983 I ActivityManager: Killing 22821:com.google.android.apps.maps/u0a128 (adj 999): empty for 3325s
12-07 07:31:35.411  1745  1745 D Zygote  : Forked child process 24484
12-07 07:31:35.441 24484 24484 W com.ustwo.lwp: Unexpected CPU variant for X86 using defaults: x86
12-07 07:31:35.421 24484 24484 W main    : type=1400 audit(0.0:298): avc: granted { read } for name="u:object_r:net_dns_prop:s0" dev="tmpfs" ino=7341 scontext=u:r:untrusted_app_25:s0:c512,c768 tcontext=u:object_r:net_dns_prop:s0 tclass=file app=com.ustwo.lwp
12-07 07:31:35.456  2018  2060 W ActivityManager: Slow operation: 84ms so far, now at startProcess: returned from zygote!
12-07 07:31:35.456  2018  2060 W ActivityManager: Slow operation: 84ms so far, now at startProcess: done updating battery stats
12-07 07:31:35.456  2018  2060 W ActivityManager: Slow operation: 84ms so far, now at startProcess: building log message
12-07 07:31:35.456  2018  2060 I ActivityManager: Start proc 24484:com.ustwo.lwp/u0a97 for broadcast {com.ustwo.lwp/com.ustwo.lwp.TimezoneChangedReceiver}
12-07 07:31:35.456  2018  2060 W ActivityManager: Slow operation: 84ms so far, now at startProcess: starting to update pids map
12-07 07:31:35.457  2018  2060 W ActivityManager: Slow operation: 85ms so far, now at startProcess: done updating pids map
12-07 07:31:35.552  2018  2061 I libprocessgroup: Successfully killed process cgroup uid 10128 pid 22821 in 179ms
12-07 07:31:35.555  1745  1745 I Zygote  : Process 22821 exited due to signal 9 (Killed)
12-07 07:31:35.626 24484 24484 D ApplicationLoaders: Returning zygote-cached class loader: /system/framework/android.hidl.base-V1.0-java.jar
12-07 07:31:35.626 24484 24484 D ApplicationLoaders: Returning zygote-cached class loader: /system/framework/android.hidl.manager-V1.0-java.jar
12-07 07:31:35.626 24484 24484 D ApplicationLoaders: Returning zygote-cached class loader: /system/framework/android.hidl.base-V1.0-java.jar
12-07 07:31:35.640 24484 24484 I com.ustwo.lwp: The ClassLoaderContext is a special shared library.
12-07 07:31:35.681 24484 24484 I com.ustwo.lwp: The ClassLoaderContext is a special shared library.
12-07 07:31:35.738 23665 23709 I QueryController: Matched selector: UiSelector[DESCRIPTION=Airplane mode] <<==>> [android.view.accessibility.AccessibilityNodeInfo@6d60f; boundsInParent: Rect(0, 0 - 292, 292); boundsInScreen: Rect(736, 804 - 1028, 1096); packageName: com.android.systemui; className: android.widget.Switch; text: Off; error: null; maxTextLength: -1; contentDescription: Airplane mode; tooltipText: null; viewIdResName: null; checkable: true; checked: false; focusable: true; focused: false; selected: false; clickable: true; longClickable: true; contextClickable: false; enabled: true; password: false; scrollable: false; importantForAccessibility: true; visible: true; actions: [AccessibilityAction: ACTION_FOCUS - null, AccessibilityAction: ACTION_SELECT - null, AccessibilityAction: ACTION_CLEAR_SELECTION - null, AccessibilityAction: ACTION_CLICK - null, AccessibilityAction: ACTION_ACCESSIBILITY_FOCUS - null, AccessibilityAction: ACTION_NEXT_AT_MOVEMENT_GRANULARITY - null, AccessibilityAction: ACTION_PREVIOUS_AT_MOVEMENT_GRANULARITY - null, AccessibilityAction: ACTION_SET_SELECTION - null, AccessibilityAction: ACTION_SHOW_ON_SCREEN - null, AccessibilityAction: ACTION_LONG_CLICK - Open settings]]
12-07 07:31:35.752 24484 24484 D zz      : App.onCreate() 
12-07 07:31:35.752 24484 24484 D zz      : ----------------------------------------------------------------------------------
12-07 07:31:35.762 24484 24484 D zz      : FlavorTypeOverride.afterCreate() flavor: typeall
12-07 07:31:35.763  2018  2051 D AutofillManagerService: onBackKeyPressed()
12-07 07:31:35.767  2018  2127 I ActivityManager: Killing 22898:com.google.android.gms.unstable/u0a112 (adj 995): empty for 3257s
12-07 07:31:35.776  2018  2059 W BroadcastQueue: Background execution not allowed: receiving Intent { act=android.net.conn.NETWORK_CONDITIONS_MEASURED flg=0x10 (has extras) } to com.google.android.gms/.chimera.GmsIntentOperationService$PersistentTrustedReceiver
12-07 07:31:35.937  1745  1745 I Zygote  : Process 22898 exited due to signal 9 (Killed)
12-07 07:31:35.954 24382 24382 W GrowthKit: Failed to get phenotypeManager in PhenotypeBroadcastReceiver
12-07 07:31:35.954 24382 24382 W GrowthKit: java.lang.NullPointerException: Unable to get GrowthKit Component from host app.
12-07 07:31:35.954 24382 24382 W GrowthKit: 	at com.google.android.libraries.internal.growth.growthkit.inject.GrowthKit.get(GrowthKit.java:43)
12-07 07:31:35.954 24382 24382 W GrowthKit: 	at com.google.android.libraries.internal.growth.growthkit.internal.experiments.impl.PhenotypeBroadcastReceiver.onReceive(PhenotypeBroadcastReceiver.java:25)
12-07 07:31:35.954 24382 24382 W GrowthKit: 	at android.app.ActivityThread.handleReceiver(ActivityThread.java:3788)
12-07 07:31:35.954 24382 24382 W GrowthKit: 	at android.app.ActivityThread.access$1400(ActivityThread.java:219)
12-07 07:31:35.954 24382 24382 W GrowthKit: 	at android.app.ActivityThread$H.handleMessage(ActivityThread.java:1870)
12-07 07:31:35.954 24382 24382 W GrowthKit: 	at android.os.Handler.dispatchMessage(Handler.java:107)
12-07 07:31:35.954 24382 24382 W GrowthKit: 	at android.os.Looper.loop(Looper.java:214)
12-07 07:31:35.954 24382 24382 W GrowthKit: 	at android.app.ActivityThread.main(ActivityThread.java:7356)
12-07 07:31:35.954 24382 24382 W GrowthKit: 	at java.lang.reflect.Method.invoke(Native Method)
12-07 07:31:35.954 24382 24382 W GrowthKit: 	at com.android.internal.os.RuntimeInit$MethodAndArgsCaller.run(RuntimeInit.java:492)
12-07 07:31:35.954 24382 24382 W GrowthKit: 	at com.android.internal.os.ZygoteInit.main(ZygoteInit.java:930)
12-07 07:31:35.963  2018  2061 I libprocessgroup: Successfully killed process cgroup uid 10112 pid 22898 in 179ms
12-07 07:31:36.408  2018  2051 D AutofillManagerService: onBackKeyPressed()
12-07 07:31:36.409  2170  2170 V StatusBar: mStatusBarWindow: com.android.systemui.statusbar.phone.StatusBarWindowView{4752fa5 V.E...... ........ 0,0-1080,2340} canPanelBeCollapsed(): true
12-07 07:31:36.414  2170  2170 D StatusBar: disable<e i a s b h r c s > disable2<q i n >
12-07 07:31:36.480  2170  2170 D StatusBar: disable<e i a s b h r c s > disable2<q i n >
12-07 07:31:36.510  2170  2566 D EGL_emulation: eglMakeCurrent: 0xe594e040: ver 2 0 (tinfo 0xc52450c0)
12-07 07:31:36.516  1776  1776 D gralloc_ranchu: gralloc_alloc: Creating ashmem region of size 286720
12-07 07:31:36.539  2170  2566 D EGL_emulation: eglMakeCurrent: 0xe594e040: ver 2 0 (tinfo 0xc52450c0)
12-07 07:31:36.558  1776  1776 D gralloc_ranchu: gralloc_alloc: Creating ashmem region of size 286720
12-07 07:31:36.685  2018  5645 I ActivityTaskManager: START u0 {act=android.intent.action.MAIN cat=[android.intent.category.LAUNCHER] flg=0x10000000 cmp=ru.iteco.fmhandroid.test/androidx.test.core.app.InstrumentationActivityInvoker$EmptyActivity} from uid 10146
12-07 07:31:36.574  1776  1776 D gralloc_ranchu: gralloc_alloc: Creating ashmem region of size 286720
12-07 07:31:36.707 23665 23665 D LifecycleMonitor: Lifecycle status change: ru.iteco.fmhandroid.ui.AppActivity@eea8b7f in: PAUSED
12-07 07:31:36.708 23665 23665 V ActivityScenario: Update currentActivityStage to PAUSED, currentActivity=ru.iteco.fmhandroid.ui.AppActivity@eea8b7f
12-07 07:31:36.711  2018  5645 W InputReader: Device has associated, but no associated display id.
12-07 07:31:36.717  2018  5645 I chatty  : uid=1000(system) Binder:2018_15 identical 38 lines
12-07 07:31:36.717  2018  5645 W InputReader: Device has associated, but no associated display id.
12-07 07:31:36.718 23721 23721 W ActivityThread: handleWindowVisibility: no activity for token android.os.BinderProxy@f8d147b
12-07 07:31:36.721 23665 23999 V FA      : Recording user engagement, ms: 28670
12-07 07:31:36.724  2018  5645 W InputReader: Device has associated, but no associated display id.
12-07 07:31:36.724  2018  5645 I chatty  : uid=1000(system) Binder:2018_15 identical 8 lines
12-07 07:31:36.724  2018  5645 W InputReader: Device has associated, but no associated display id.
12-07 07:31:36.788 23665 23999 V FA      : Connecting to remote service
12-07 07:31:36.805  1776  1776 D gralloc_ranchu: gralloc_alloc: Creating ashmem region of size 10108928
12-07 07:31:36.814  1776  1776 I chatty  : uid=1000(system) allocator@2.0-s identical 1 line
12-07 07:31:36.818  1776  1776 D gralloc_ranchu: gralloc_alloc: Creating ashmem region of size 10108928
12-07 07:31:36.820 23721 23753 D EGL_emulation: eglMakeCurrent: 0xdd81a3c0: ver 2 0 (tinfo 0xdd80f820)
12-07 07:31:36.821 23665 23999 V FA      : Connection attempt already in progress
12-07 07:31:36.821 23665 23999 V FA      : Activity paused, time: 35759094
12-07 07:31:36.854  2018  2054 W InputReader: Device has associated, but no associated display id.
12-07 07:31:36.855  2018  2054 I chatty  : uid=1000(system) android.anim identical 18 lines
12-07 07:31:36.855  2018  2054 W InputReader: Device has associated, but no associated display id.
12-07 07:31:36.861  2018  2058 I ActivityTaskManager: Displayed ru.iteco.fmhandroid.test/androidx.test.core.app.InstrumentationActivityInvoker$EmptyActivity: +170ms
12-07 07:31:36.954 23665 23757 D EGL_emulation: eglMakeCurrent: 0xe593d600: ver 2 0 (tinfo 0xf0c9eb00)
12-07 07:31:36.958 23665 23665 D LifecycleMonitor: Lifecycle status change: ru.iteco.fmhandroid.ui.AppActivity@eea8b7f in: STOPPED
12-07 07:31:36.959 23665 23665 V ActivityScenario: Update currentActivityStage to STOPPED, currentActivity=ru.iteco.fmhandroid.ui.AppActivity@eea8b7f
12-07 07:31:36.998  2018  2359 I ActivityTaskManager: START u0 {act=android.intent.action.MAIN cat=[android.intent.category.LAUNCHER] flg=0x10000000 cmp=ru.iteco.fmhandroid.test/androidx.test.core.app.InstrumentationActivityInvoker$EmptyActivity} from uid 10146
12-07 07:31:37.024  2018 15480 W InputReader: Device has associated, but no associated display id.
12-07 07:31:37.033  2018 15480 I chatty  : uid=1000(system) Binder:2018_1F identical 48 lines
12-07 07:31:37.033  2018 15480 W InputReader: Device has associated, but no associated display id.
12-07 07:31:37.035 23721 23721 W ActivityThread: handleWindowVisibility: no activity for token android.os.BinderProxy@ee223ba
12-07 07:31:37.086  2018  5645 I ActivityTaskManager: Activity reported stop, but no longer stopping: ActivityRecord{908d218 u0 ru.iteco.fmhandroid/.ui.AppActivity t169 f}
12-07 07:31:37.099 23665 23665 W System.err: ru.iteco.fmhandroid.exceptions.UnknownException
12-07 07:31:37.099 23665 23665 W System.err: 	at ru.iteco.fmhandroid.utils.Utils.makeRequest(Utils.kt:123)
12-07 07:31:37.099 23665 23665 W System.err: 	at ru.iteco.fmhandroid.utils.Utils$makeRequest$1.invokeSuspend(Unknown Source:15)
12-07 07:31:37.099 23665 23665 W System.err: 	at kotlin.coroutines.jvm.internal.BaseContinuationImpl.resumeWith(ContinuationImpl.kt:33)
12-07 07:31:37.099 23665 23665 W System.err: 	at kotlinx.coroutines.DispatchedTaskKt.resume(DispatchedTask.kt:234)
12-07 07:31:37.099 23665 23665 W System.err: 	at kotlinx.coroutines.DispatchedTaskKt.resumeUnconfined(DispatchedTask.kt:190)
12-07 07:31:37.099 23665 23665 W System.err: 	at kotlinx.coroutines.DispatchedTaskKt.dispatch(DispatchedTask.kt:161)
12-07 07:31:37.099 23665 23665 W System.err: 	at kotlinx.coroutines.CancellableContinuationImpl.dispatchResume(CancellableContinuationImpl.kt:397)
12-07 07:31:37.099 23665 23665 W System.err: 	at kotlinx.coroutines.CancellableContinuationImpl.cancel(CancellableContinuationImpl.kt:183)
12-07 07:31:37.099 23665 23665 W System.err: 	at kotlinx.coroutines.CancellableContinuationImpl.parentCancelled$kotlinx_coroutines_core(CancellableContinuationImpl.kt:190)
12-07 07:31:37.099 23665 23665 W System.err: 	at kotlinx.coroutines.ChildContinuation.invoke(JobSupport.kt:1474)
12-07 07:31:37.099 23665 23665 W System.err: 	at kotlinx.coroutines.JobSupport.notifyCancelling(JobSupport.kt:1499)
12-07 07:31:37.100 23665 23665 W System.err: 	at kotlinx.coroutines.JobSupport.tryMakeCancelling(JobSupport.kt:795)
12-07 07:31:37.100 23665 23665 W System.err: 	at kotlinx.coroutines.JobSupport.makeCancelling(JobSupport.kt:755)
12-07 07:31:37.100 23665 23665 W System.err: 	at kotlinx.coroutines.JobSupport.cancelImpl$kotlinx_coroutines_core(JobSupport.kt:671)
12-07 07:31:37.100 23665 23665 W System.err: 	at kotlinx.coroutines.JobSupport.parentCancelled(JobSupport.kt:637)
12-07 07:31:37.100 23665 23665 W System.err: 	at kotlinx.coroutines.ChildHandleNode.invoke(JobSupport.kt:1465)
12-07 07:31:37.101 23665 23665 W System.err: 	at kotlinx.coroutines.JobSupport.notifyCancelling(JobSupport.kt:1499)
12-07 07:31:37.101 23665 23665 W System.err: 	at kotlinx.coroutines.JobSupport.tryMakeCompletingSlowPath(JobSupport.kt:900)
12-07 07:31:37.101 23665 23665 W System.err: 	at kotlinx.coroutines.JobSupport.tryMakeCompleting(JobSupport.kt:863)
12-07 07:31:37.101 23665 23665 W System.err: 	at kotlinx.coroutines.JobSupport.cancelMakeCompleting(JobSupport.kt:696)
12-07 07:31:37.103 23665 23665 W System.err: 	at kotlinx.coroutines.JobSupport.cancelImpl$kotlinx_coroutines_core(JobSupport.kt:667)
12-07 07:31:37.103 23665 23665 W System.err: 	at kotlinx.coroutines.JobSupport.cancelInternal(JobSupport.kt:632)
12-07 07:31:37.103 23665 23665 W System.err: 	at kotlinx.coroutines.JobSupport.cancel(JobSupport.kt:617)
12-07 07:31:37.103 23665 23665 W System.err: 	at kotlinx.coroutines.JobKt__JobKt.cancel(Job.kt:561)
12-07 07:31:37.103 23665 23665 W System.err: 	at kotlinx.coroutines.JobKt.cancel(Unknown Source:1)
12-07 07:31:37.103 23665 23665 W System.err: 	at kotlinx.coroutines.JobKt__JobKt.cancel$default(Job.kt:560)
12-07 07:31:37.104 23665 23665 W System.err: 	at kotlinx.coroutines.JobKt.cancel$default(Unknown Source:1)
12-07 07:31:37.104 23665 23665 W System.err: 	at androidx.lifecycle.CloseableCoroutineScope.close(ViewModel.kt:51)
12-07 07:31:37.104 23665 23665 W System.err: 	at androidx.lifecycle.ViewModel.closeWithRuntimeException(ViewModel.java:188)
12-07 07:31:37.104 23665 23665 W System.err: 	at androidx.lifecycle.ViewModel.clear(ViewModel.java:134)
12-07 07:31:37.104 23665 23665 W System.err: 	at androidx.lifecycle.ViewModelStore.clear(ViewModelStore.java:62)
12-07 07:31:37.104 23665 23665 W System.err: 	at androidx.fragment.app.FragmentManagerViewModel.clearNonConfigStateInternal(FragmentManagerViewModel.java:210)
12-07 07:31:37.104 23665 23665 W System.err: 	at androidx.fragment.app.FragmentManagerViewModel.clearNonConfigState(FragmentManagerViewModel.java:190)
12-07 07:31:37.105 23665 23665 W System.err: 	at androidx.fragment.app.FragmentStateManager.destroy(FragmentStateManager.java:778)
12-07 07:31:37.105 23665 23665 W System.err: 	at androidx.fragment.app.FragmentStateManager.moveToExpectedState(FragmentStateManager.java:335)
12-07 07:31:37.105 23665 23665 W System.err: 	at androidx.fragment.app.FragmentStore.moveToExpectedState(FragmentStore.java:121)
12-07 07:31:37.105 23665 23665 W System.err: 	at androidx.fragment.app.FragmentManager.moveToState(FragmentManager.java:1374)
12-07 07:31:37.105 23665 23665 W System.err: 	at androidx.fragment.app.FragmentManager.dispatchStateChange(FragmentManager.java:2841)
12-07 07:31:37.105 23665 23665 W System.err: 	at androidx.fragment.app.FragmentManager.dispatchDestroy(FragmentManager.java:2820)
12-07 07:31:37.105 23665 23665 W System.err: 	at androidx.fragment.app.Fragment.performDestroy(Fragment.java:3246)
12-07 07:31:37.105 23665 23665 W System.err: 	at androidx.fragment.app.FragmentStateManager.destroy(FragmentStateManager.java:780)
12-07 07:31:37.105 23665 23665 W System.err: 	at androidx.fragment.app.FragmentStateManager.moveToExpectedState(FragmentStateManager.java:335)
12-07 07:31:37.106 23665 23665 W System.err: 	at androidx.fragment.app.SpecialEffectsController$FragmentStateManagerOperation.complete(SpecialEffectsController.java:771)
12-07 07:31:37.106 23665 23665 W System.err: 	at androidx.fragment.app.SpecialEffectsController$Operation.cancel(SpecialEffectsController.java:615)
12-07 07:31:37.106 23665 23665 W System.err: 	at androidx.fragment.app.SpecialEffectsController.forceCompleteAllOperations(SpecialEffectsController.java:350)
12-07 07:31:37.106 23665 23665 W System.err: 	at androidx.fragment.app.FragmentManager.dispatchStateChange(FragmentManager.java:2844)
12-07 07:31:37.106 23665 23665 W System.err: 	at androidx.fragment.app.FragmentManager.dispatchDestroy(FragmentManager.java:2820)
12-07 07:31:37.106 23665 23665 W System.err: 	at androidx.fragment.app.FragmentController.dispatchDestroy(FragmentController.java:345)
12-07 07:31:37.106 23665 23665 W System.err: 	at androidx.fragment.app.FragmentActivity.onDestroy(FragmentActivity.java:306)
12-07 07:31:37.107 23665 23665 W System.err: 	at androidx.appcompat.app.AppCompatActivity.onDestroy(AppCompatActivity.java:278)
12-07 07:31:37.107 23665 23665 W System.err: 	at android.app.Activity.performDestroy(Activity.java:8048)
12-07 07:31:37.107 23665 23665 W System.err: 	at android.app.Instrumentation.callActivityOnDestroy(Instrumentation.java:1334)
12-07 07:31:37.107 23665 23665 W System.err: 	at androidx.test.runner.MonitoringInstrumentation.callActivityOnDestroy(MonitoringInstrumentation.java:766)
12-07 07:31:37.107 23665 23665 W System.err: 	at android.app.ActivityThread.performDestroyActivity(ActivityThread.java:4926)
12-07 07:31:37.108 23665 23665 W System.err: 	at android.app.ActivityThread.handleDestroyActivity(ActivityThread.java:4970)
12-07 07:31:37.108 23665 23665 W System.err: 	at android.app.servertransaction.DestroyActivityItem.execute(DestroyActivityItem.java:44)
12-07 07:31:37.108 23665 23665 W System.err: 	at android.app.servertransaction.TransactionExecutor.executeLifecycleState(TransactionExecutor.java:176)
12-07 07:31:37.108 23665 23665 W System.err: 	at android.app.servertransaction.TransactionExecutor.execute(TransactionExecutor.java:97)
12-07 07:31:37.108 23665 23665 W System.err: 	at android.app.ActivityThread$H.handleMessage(ActivityThread.java:2016)
12-07 07:31:37.108 23665 23665 W System.err: 	at android.os.Handler.dispatchMessage(Handler.java:107)
12-07 07:31:37.108 23665 23665 W System.err: 	at android.os.Looper.loop(Looper.java:214)
12-07 07:31:37.108 23665 23665 W System.err: 	at android.app.ActivityThread.main(ActivityThread.java:7356)
12-07 07:31:37.109 23665 23665 W System.err: 	at java.lang.reflect.Method.invoke(Native Method)
12-07 07:31:37.109 23665 23665 W System.err: 	at com.android.internal.os.RuntimeInit$MethodAndArgsCaller.run(RuntimeInit.java:492)
12-07 07:31:37.109 23665 23665 W System.err: 	at com.android.internal.os.ZygoteInit.main(ZygoteInit.java:930)
12-07 07:31:37.133  1776  1776 D gralloc_ranchu: gralloc_alloc: Creating ashmem region of size 10108928
12-07 07:31:37.142 23665 23665 W System.err: ru.iteco.fmhandroid.exceptions.UnknownException
12-07 07:31:37.143 23665 23665 W System.err: 	at ru.iteco.fmhandroid.utils.Utils.makeRequest(Utils.kt:123)
12-07 07:31:37.145 23665 23665 W System.err: 	at ru.iteco.fmhandroid.utils.Utils$makeRequest$1.invokeSuspend(Unknown Source:15)
12-07 07:31:37.145 23665 23665 W System.err: 	at kotlin.coroutines.jvm.internal.BaseContinuationImpl.resumeWith(ContinuationImpl.kt:33)
12-07 07:31:37.145 23665 23665 W System.err: 	at kotlinx.coroutines.DispatchedTaskKt.resume(DispatchedTask.kt:234)
12-07 07:31:37.146 23665 23665 W System.err: 	at kotlinx.coroutines.DispatchedTaskKt.resumeUnconfined(DispatchedTask.kt:190)
12-07 07:31:37.147 23665 23665 W System.err: 	at kotlinx.coroutines.DispatchedTaskKt.dispatch(DispatchedTask.kt:161)
12-07 07:31:37.147 23665 23665 W System.err: 	at kotlinx.coroutines.CancellableContinuationImpl.dispatchResume(CancellableContinuationImpl.kt:397)
12-07 07:31:37.147 23665 23665 W System.err: 	at kotlinx.coroutines.CancellableContinuationImpl.cancel(CancellableContinuationImpl.kt:183)
12-07 07:31:37.147 23665 23665 W System.err: 	at kotlinx.coroutines.CancellableContinuationImpl.parentCancelled$kotlinx_coroutines_core(CancellableContinuationImpl.kt:190)
12-07 07:31:37.147 23665 23665 W System.err: 	at kotlinx.coroutines.ChildContinuation.invoke(JobSupport.kt:1474)
12-07 07:31:37.147 23665 23665 W System.err: 	at kotlinx.coroutines.JobSupport.notifyCancelling(JobSupport.kt:1499)
12-07 07:31:37.147 23665 23665 W System.err: 	at kotlinx.coroutines.JobSupport.tryMakeCancelling(JobSupport.kt:795)
12-07 07:31:37.147 23665 23665 W System.err: 	at kotlinx.coroutines.JobSupport.makeCancelling(JobSupport.kt:755)
12-07 07:31:37.148 23665 23665 W System.err: 	at kotlinx.coroutines.JobSupport.cancelImpl$kotlinx_coroutines_core(JobSupport.kt:671)
12-07 07:31:37.148 23665 23665 W System.err: 	at kotlinx.coroutines.JobSupport.parentCancelled(JobSupport.kt:637)
12-07 07:31:37.148 23665 23665 W System.err: 	at kotlinx.coroutines.ChildHandleNode.invoke(JobSupport.kt:1465)
12-07 07:31:37.148 23665 23665 W System.err: 	at kotlinx.coroutines.JobSupport.notifyCancelling(JobSupport.kt:1499)
12-07 07:31:37.148 23665 23665 W System.err: 	at kotlinx.coroutines.JobSupport.tryMakeCompletingSlowPath(JobSupport.kt:900)
12-07 07:31:37.149 23665 23665 W System.err: 	at kotlinx.coroutines.JobSupport.tryMakeCompleting(JobSupport.kt:863)
12-07 07:31:37.149 23665 23665 W System.err: 	at kotlinx.coroutines.JobSupport.cancelMakeCompleting(JobSupport.kt:696)
12-07 07:31:37.150 23665 23665 W System.err: 	at kotlinx.coroutines.JobSupport.cancelImpl$kotlinx_coroutines_core(JobSupport.kt:667)
12-07 07:31:37.150 23665 23665 W System.err: 	at kotlinx.coroutines.JobSupport.cancelInternal(JobSupport.kt:632)
12-07 07:31:37.150 23665 23665 W System.err: 	at kotlinx.coroutines.JobSupport.cancel(JobSupport.kt:617)
12-07 07:31:37.150 23665 23665 W System.err: 	at kotlinx.coroutines.JobKt__JobKt.cancel(Job.kt:561)
12-07 07:31:37.150 23665 23665 W System.err: 	at kotlinx.coroutines.JobKt.cancel(Unknown Source:1)
12-07 07:31:37.151 23665 23665 W System.err: 	at kotlinx.coroutines.JobKt__JobKt.cancel$default(Job.kt:560)
12-07 07:31:37.151 23665 23665 W System.err: 	at kotlinx.coroutines.JobKt.cancel$default(Unknown Source:1)
12-07 07:31:37.151 23665 23665 W System.err: 	at androidx.lifecycle.CloseableCoroutineScope.close(ViewModel.kt:51)
12-07 07:31:37.151 23665 23665 W System.err: 	at androidx.lifecycle.ViewModel.closeWithRuntimeException(ViewModel.java:188)
12-07 07:31:37.151 23665 23665 W System.err: 	at androidx.lifecycle.ViewModel.clear(ViewModel.java:134)
12-07 07:31:37.152 23665 23665 W System.err: 	at androidx.lifecycle.ViewModelStore.clear(ViewModelStore.java:62)
12-07 07:31:37.152 23665 23665 W System.err: 	at androidx.fragment.app.FragmentManagerViewModel.clearNonConfigStateInternal(FragmentManagerViewModel.java:210)
12-07 07:31:37.153 23665 23665 W System.err: 	at androidx.fragment.app.FragmentManagerViewModel.clearNonConfigState(FragmentManagerViewModel.java:190)
12-07 07:31:37.153 23665 23665 W System.err: 	at androidx.fragment.app.FragmentStateManager.destroy(FragmentStateManager.java:778)
12-07 07:31:37.153 23665 23665 W System.err: 	at androidx.fragment.app.FragmentStateManager.moveToExpectedState(FragmentStateManager.java:335)
12-07 07:31:37.153 23665 23665 W System.err: 	at androidx.fragment.app.FragmentStore.moveToExpectedState(FragmentStore.java:121)
12-07 07:31:37.153 23665 23665 W System.err: 	at androidx.fragment.app.FragmentManager.moveToState(FragmentManager.java:1374)
12-07 07:31:37.153 23665 23665 W System.err: 	at androidx.fragment.app.FragmentManager.dispatchStateChange(FragmentManager.java:2841)
12-07 07:31:37.154 23665 23665 W System.err: 	at androidx.fragment.app.FragmentManager.dispatchDestroy(FragmentManager.java:2820)
12-07 07:31:37.154 23665 23665 W System.err: 	at androidx.fragment.app.Fragment.performDestroy(Fragment.java:3246)
12-07 07:31:37.154 23665 23665 W System.err: 	at androidx.fragment.app.FragmentStateManager.destroy(FragmentStateManager.java:780)
12-07 07:31:37.154 23665 23665 W System.err: 	at androidx.fragment.app.FragmentStateManager.moveToExpectedState(FragmentStateManager.java:335)
12-07 07:31:37.154 23665 23665 W System.err: 	at androidx.fragment.app.SpecialEffectsController$FragmentStateManagerOperation.complete(SpecialEffectsController.java:771)
12-07 07:31:37.154 23665 23665 W System.err: 	at androidx.fragment.app.SpecialEffectsController$Operation.cancel(SpecialEffectsController.java:615)
12-07 07:31:37.154 23665 23665 W System.err: 	at androidx.fragment.app.SpecialEffectsController.forceCompleteAllOperations(SpecialEffectsController.java:350)
12-07 07:31:37.154 23665 23665 W System.err: 	at androidx.fragment.app.FragmentManager.dispatchStateChange(FragmentManager.java:2844)
12-07 07:31:37.154 23665 23665 W System.err: 	at androidx.fragment.app.FragmentManager.dispatchDestroy(FragmentManager.java:2820)
12-07 07:31:37.155 23665 23665 W System.err: 	at androidx.fragment.app.FragmentController.dispatchDestroy(FragmentController.java:345)
12-07 07:31:37.155 23665 23665 W System.err: 	at androidx.fragment.app.FragmentActivity.onDestroy(FragmentActivity.java:306)
12-07 07:31:37.155 23665 23665 W System.err: 	at androidx.appcompat.app.AppCompatActivity.onDestroy(AppCompatActivity.java:278)
12-07 07:31:37.155 23665 23665 W System.err: 	at android.app.Activity.performDestroy(Activity.java:8048)
12-07 07:31:37.155  1776  1776 D gralloc_ranchu: gralloc_alloc: Creating ashmem region of size 10108928
12-07 07:31:37.155 23665 23665 W System.err: 	at android.app.Instrumentation.callActivityOnDestroy(Instrumentation.java:1334)
12-07 07:31:37.155 23665 23665 W System.err: 	at androidx.test.runner.MonitoringInstrumentation.callActivityOnDestroy(MonitoringInstrumentation.java:766)
12-07 07:31:37.156 23665 23665 W System.err: 	at android.app.ActivityThread.performDestroyActivity(ActivityThread.java:4926)
12-07 07:31:37.156 23665 23665 W System.err: 	at android.app.ActivityThread.handleDestroyActivity(ActivityThread.java:4970)
12-07 07:31:37.156 23665 23665 W System.err: 	at android.app.servertransaction.DestroyActivityItem.execute(DestroyActivityItem.java:44)
12-07 07:31:37.156 23665 23665 W System.err: 	at android.app.servertransaction.TransactionExecutor.executeLifecycleState(TransactionExecutor.java:176)
12-07 07:31:37.157 23665 23665 W System.err: 	at android.app.servertransaction.TransactionExecutor.execute(TransactionExecutor.java:97)
12-07 07:31:37.157  1776  1776 D gralloc_ranchu: gralloc_alloc: Creating ashmem region of size 10108928
12-07 07:31:37.157 23665 23665 W System.err: 	at android.app.ActivityThread$H.handleMessage(ActivityThread.java:2016)
12-07 07:31:37.157 23665 23665 W System.err: 	at android.os.Handler.dispatchMessage(Handler.java:107)
12-07 07:31:37.157 23665 23665 W System.err: 	at android.os.Looper.loop(Looper.java:214)
12-07 07:31:37.159 23665 23665 W System.err: 	at android.app.ActivityThread.main(ActivityThread.java:7356)
12-07 07:31:37.159 23665 23665 W System.err: 	at java.lang.reflect.Method.invoke(Native Method)
12-07 07:31:37.159 23665 23665 W System.err: 	at com.android.internal.os.RuntimeInit$MethodAndArgsCaller.run(RuntimeInit.java:492)
12-07 07:31:37.159 23665 23665 W System.err: 	at com.android.internal.os.ZygoteInit.main(ZygoteInit.java:930)
12-07 07:31:37.160 23721 23753 D EGL_emulation: eglMakeCurrent: 0xdd81a3c0: ver 2 0 (tinfo 0xdd80f820)
12-07 07:31:37.161 23665 23665 W System.err: ru.iteco.fmhandroid.exceptions.UnknownException
12-07 07:31:37.161 23665 23665 W System.err: 	at ru.iteco.fmhandroid.utils.Utils.makeRequest(Utils.kt:123)
12-07 07:31:37.162 23665 23665 W System.err: 	at ru.iteco.fmhandroid.utils.Utils$makeRequest$1.invokeSuspend(Unknown Source:15)
12-07 07:31:37.162 23665 23665 W System.err: 	at kotlin.coroutines.jvm.internal.BaseContinuationImpl.resumeWith(ContinuationImpl.kt:33)
12-07 07:31:37.162 23665 23665 W System.err: 	at kotlinx.coroutines.DispatchedTaskKt.resume(DispatchedTask.kt:234)
12-07 07:31:37.162 23665 23665 W System.err: 	at kotlinx.coroutines.DispatchedTaskKt.resumeUnconfined(DispatchedTask.kt:190)
12-07 07:31:37.162 23665 23665 W System.err: 	at kotlinx.coroutines.DispatchedTaskKt.dispatch(DispatchedTask.kt:161)
12-07 07:31:37.163 23665 23665 W System.err: 	at kotlinx.coroutines.CancellableContinuationImpl.dispatchResume(CancellableContinuationImpl.kt:397)
12-07 07:31:37.163 23665 23665 W System.err: 	at kotlinx.coroutines.CancellableContinuationImpl.cancel(CancellableContinuationImpl.kt:183)
12-07 07:31:37.163 23665 23665 W System.err: 	at kotlinx.coroutines.CancellableContinuationImpl.parentCancelled$kotlinx_coroutines_core(CancellableContinuationImpl.kt:190)
12-07 07:31:37.163 23665 23665 W System.err: 	at kotlinx.coroutines.ChildContinuation.invoke(JobSupport.kt:1474)
12-07 07:31:37.163 23665 23665 W System.err: 	at kotlinx.coroutines.JobSupport.notifyCancelling(JobSupport.kt:1499)
12-07 07:31:37.163 23665 23665 W System.err: 	at kotlinx.coroutines.JobSupport.tryMakeCancelling(JobSupport.kt:795)
12-07 07:31:37.163 23665 23665 W System.err: 	at kotlinx.coroutines.JobSupport.makeCancelling(JobSupport.kt:755)
12-07 07:31:37.164 23665 23665 W System.err: 	at kotlinx.coroutines.JobSupport.cancelImpl$kotlinx_coroutines_core(JobSupport.kt:671)
12-07 07:31:37.164 23665 23665 W System.err: 	at kotlinx.coroutines.JobSupport.parentCancelled(JobSupport.kt:637)
12-07 07:31:37.164 23665 23665 W System.err: 	at kotlinx.coroutines.ChildHandleNode.invoke(JobSupport.kt:1465)
12-07 07:31:37.164 23665 23665 W System.err: 	at kotlinx.coroutines.JobSupport.notifyCancelling(JobSupport.kt:1499)
12-07 07:31:37.164 23665 23665 W System.err: 	at kotlinx.coroutines.JobSupport.tryMakeCompletingSlowPath(JobSupport.kt:900)
12-07 07:31:37.164 23665 23665 W System.err: 	at kotlinx.coroutines.JobSupport.tryMakeCompleting(JobSupport.kt:863)
12-07 07:31:37.164 23665 23665 W System.err: 	at kotlinx.coroutines.JobSupport.cancelMakeCompleting(JobSupport.kt:696)
12-07 07:31:37.165 23665 23665 W System.err: 	at kotlinx.coroutines.JobSupport.cancelImpl$kotlinx_coroutines_core(JobSupport.kt:667)
12-07 07:31:37.165 23665 23665 W System.err: 	at kotlinx.coroutines.JobSupport.cancelInternal(JobSupport.kt:632)
12-07 07:31:37.165 23665 23665 W System.err: 	at kotlinx.coroutines.JobSupport.cancel(JobSupport.kt:617)
12-07 07:31:37.165 23665 23665 W System.err: 	at kotlinx.coroutines.JobKt__JobKt.cancel(Job.kt:561)
12-07 07:31:37.165 23665 23665 W System.err: 	at kotlinx.coroutines.JobKt.cancel(Unknown Source:1)
12-07 07:31:37.165 23665 23665 W System.err: 	at kotlinx.coroutines.JobKt__JobKt.cancel$default(Job.kt:560)
12-07 07:31:37.165 23665 23665 W System.err: 	at kotlinx.coroutines.JobKt.cancel$default(Unknown Source:1)
12-07 07:31:37.166 23665 23665 W System.err: 	at androidx.lifecycle.CloseableCoroutineScope.close(ViewModel.kt:51)
12-07 07:31:37.166 23665 23665 W System.err: 	at androidx.lifecycle.ViewModel.closeWithRuntimeException(ViewModel.java:188)
12-07 07:31:37.166 23665 23665 W System.err: 	at androidx.lifecycle.ViewModel.clear(ViewModel.java:134)
12-07 07:31:37.166 23665 23665 W System.err: 	at androidx.lifecycle.ViewModelStore.clear(ViewModelStore.java:62)
12-07 07:31:37.166 23665 23665 W System.err: 	at androidx.fragment.app.FragmentManagerViewModel.clearNonConfigStateInternal(FragmentManagerViewModel.java:210)
12-07 07:31:37.166 23665 23665 W System.err: 	at androidx.fragment.app.FragmentManagerViewModel.clearNonConfigState(FragmentManagerViewModel.java:190)
12-07 07:31:37.166 23665 23665 W System.err: 	at androidx.fragment.app.FragmentStateManager.destroy(FragmentStateManager.java:778)
12-07 07:31:37.167 23665 23665 W System.err: 	at androidx.fragment.app.FragmentStateManager.moveToExpectedState(FragmentStateManager.java:335)
12-07 07:31:37.167 23665 23665 W System.err: 	at androidx.fragment.app.FragmentStore.moveToExpectedState(FragmentStore.java:121)
12-07 07:31:37.167 23665 23665 W System.err: 	at androidx.fragment.app.FragmentManager.moveToState(FragmentManager.java:1374)
12-07 07:31:37.168 23665 23665 W System.err: 	at androidx.fragment.app.FragmentManager.dispatchStateChange(FragmentManager.java:2841)
12-07 07:31:37.168 23665 23665 W System.err: 	at androidx.fragment.app.FragmentManager.dispatchDestroy(FragmentManager.java:2820)
12-07 07:31:37.168 23665 23665 W System.err: 	at androidx.fragment.app.Fragment.performDestroy(Fragment.java:3246)
12-07 07:31:37.168 23665 23665 W System.err: 	at androidx.fragment.app.FragmentStateManager.destroy(FragmentStateManager.java:780)
12-07 07:31:37.168 23665 23665 W System.err: 	at androidx.fragment.app.FragmentStateManager.moveToExpectedState(FragmentStateManager.java:335)
12-07 07:31:37.168 23665 23665 W System.err: 	at androidx.fragment.app.SpecialEffectsController$FragmentStateManagerOperation.complete(SpecialEffectsController.java:771)
12-07 07:31:37.168 23665 23665 W System.err: 	at androidx.fragment.app.SpecialEffectsController$Operation.cancel(SpecialEffectsController.java:615)
12-07 07:31:37.169 23665 23665 W System.err: 	at androidx.fragment.app.SpecialEffectsController.forceCompleteAllOperations(SpecialEffectsController.java:350)
12-07 07:31:37.169 23665 23665 W System.err: 	at androidx.fragment.app.FragmentManager.dispatchStateChange(FragmentManager.java:2844)
12-07 07:31:37.169 23665 23665 W System.err: 	at androidx.fragment.app.FragmentManager.dispatchDestroy(FragmentManager.java:2820)
12-07 07:31:37.171 23665 23665 W System.err: 	at androidx.fragment.app.FragmentController.dispatchDestroy(FragmentController.java:345)
12-07 07:31:37.171 23665 23665 W System.err: 	at androidx.fragment.app.FragmentActivity.onDestroy(FragmentActivity.java:306)
12-07 07:31:37.171 23665 23665 W System.err: 	at androidx.appcompat.app.AppCompatActivity.onDestroy(AppCompatActivity.java:278)
12-07 07:31:37.171 23665 23665 W System.err: 	at android.app.Activity.performDestroy(Activity.java:8048)
12-07 07:31:37.171 23665 23665 W System.err: 	at android.app.Instrumentation.callActivityOnDestroy(Instrumentation.java:1334)
12-07 07:31:37.172 23665 23665 W System.err: 	at androidx.test.runner.MonitoringInstrumentation.callActivityOnDestroy(MonitoringInstrumentation.java:766)
12-07 07:31:37.173 23665 23665 W System.err: 	at android.app.ActivityThread.performDestroyActivity(ActivityThread.java:4926)
12-07 07:31:37.173 23665 23665 W System.err: 	at android.app.ActivityThread.handleDestroyActivity(ActivityThread.java:4970)
12-07 07:31:37.174 23665 23665 W System.err: 	at android.app.servertransaction.DestroyActivityItem.execute(DestroyActivityItem.java:44)
12-07 07:31:37.174 23665 23665 W System.err: 	at android.app.servertransaction.TransactionExecutor.executeLifecycleState(TransactionExecutor.java:176)
12-07 07:31:37.175 23665 23665 W System.err: 	at android.app.servertransaction.TransactionExecutor.execute(TransactionExecutor.java:97)
12-07 07:31:37.175 23665 23665 W System.err: 	at android.app.ActivityThread$H.handleMessage(ActivityThread.java:2016)
12-07 07:31:37.175 23665 23665 W System.err: 	at android.os.Handler.dispatchMessage(Handler.java:107)
12-07 07:31:37.175 23665 23665 W System.err: 	at android.os.Looper.loop(Looper.java:214)
12-07 07:31:37.175 23665 23665 W System.err: 	at android.app.ActivityThread.main(ActivityThread.java:7356)
12-07 07:31:37.175 23665 23665 W System.err: 	at java.lang.reflect.Method.invoke(Native Method)
12-07 07:31:37.175 23665 23665 W System.err: 	at com.android.internal.os.RuntimeInit$MethodAndArgsCaller.run(RuntimeInit.java:492)
12-07 07:31:37.176 23665 23665 W System.err: 	at com.android.internal.os.ZygoteInit.main(ZygoteInit.java:930)
12-07 07:31:37.185  2018  2054 W InputReader: Device has associated, but no associated display id.
12-07 07:31:37.186  2018  2054 I chatty  : uid=1000(system) android.anim identical 18 lines
12-07 07:31:37.186  2018  2054 W InputReader: Device has associated, but no associated display id.
12-07 07:31:37.189 23665 23665 W System.err: ru.iteco.fmhandroid.exceptions.UnknownException
12-07 07:31:37.189 23665 23665 W System.err: 	at ru.iteco.fmhandroid.utils.Utils.makeRequest(Utils.kt:123)
12-07 07:31:37.189 23665 23665 W System.err: 	at ru.iteco.fmhandroid.utils.Utils$makeRequest$1.invokeSuspend(Unknown Source:15)
12-07 07:31:37.192 23665 23665 W System.err: 	at kotlin.coroutines.jvm.internal.BaseContinuationImpl.resumeWith(ContinuationImpl.kt:33)
12-07 07:31:37.193 23665 23665 W System.err: 	at kotlinx.coroutines.DispatchedTaskKt.resume(DispatchedTask.kt:234)
12-07 07:31:37.193 23665 23665 W System.err: 	at kotlinx.coroutines.DispatchedTaskKt.resumeUnconfined(DispatchedTask.kt:190)
12-07 07:31:37.195 23665 23665 W System.err: 	at kotlinx.coroutines.DispatchedTaskKt.dispatch(DispatchedTask.kt:161)
12-07 07:31:37.196 23665 23665 W System.err: 	at kotlinx.coroutines.CancellableContinuationImpl.dispatchResume(CancellableContinuationImpl.kt:397)
12-07 07:31:37.196 23665 23665 W System.err: 	at kotlinx.coroutines.CancellableContinuationImpl.cancel(CancellableContinuationImpl.kt:183)
12-07 07:31:37.196 23665 23665 W System.err: 	at kotlinx.coroutines.CancellableContinuationImpl.parentCancelled$kotlinx_coroutines_core(CancellableContinuationImpl.kt:190)
12-07 07:31:37.196 23665 23665 W System.err: 	at kotlinx.coroutines.ChildContinuation.invoke(JobSupport.kt:1474)
12-07 07:31:37.196 23665 23665 W System.err: 	at kotlinx.coroutines.JobSupport.notifyCancelling(JobSupport.kt:1499)
12-07 07:31:37.196 23665 23665 W System.err: 	at kotlinx.coroutines.JobSupport.tryMakeCancelling(JobSupport.kt:795)
12-07 07:31:37.196 23665 23665 W System.err: 	at kotlinx.coroutines.JobSupport.makeCancelling(JobSupport.kt:755)
12-07 07:31:37.196 23665 23665 W System.err: 	at kotlinx.coroutines.JobSupport.cancelImpl$kotlinx_coroutines_core(JobSupport.kt:671)
12-07 07:31:37.196 23665 23665 W System.err: 	at kotlinx.coroutines.JobSupport.parentCancelled(JobSupport.kt:637)
12-07 07:31:37.196 23665 23665 W System.err: 	at kotlinx.coroutines.ChildHandleNode.invoke(JobSupport.kt:1465)
12-07 07:31:37.196 23665 23665 W System.err: 	at kotlinx.coroutines.JobSupport.notifyCancelling(JobSupport.kt:1499)
12-07 07:31:37.196 23665 23665 W System.err: 	at kotlinx.coroutines.JobSupport.tryMakeCompletingSlowPath(JobSupport.kt:900)
12-07 07:31:37.196 23665 23665 W System.err: 	at kotlinx.coroutines.JobSupport.tryMakeCompleting(JobSupport.kt:863)
12-07 07:31:37.196 23665 23665 W System.err: 	at kotlinx.coroutines.JobSupport.cancelMakeCompleting(JobSupport.kt:696)
12-07 07:31:37.196 23665 23665 W System.err: 	at kotlinx.coroutines.JobSupport.cancelImpl$kotlinx_coroutines_core(JobSupport.kt:667)
12-07 07:31:37.196 23665 23665 W System.err: 	at kotlinx.coroutines.JobSupport.cancelInternal(JobSupport.kt:632)
12-07 07:31:37.196 23665 23665 W System.err: 	at kotlinx.coroutines.JobSupport.cancel(JobSupport.kt:617)
12-07 07:31:37.196 23665 23665 W System.err: 	at kotlinx.coroutines.JobKt__JobKt.cancel(Job.kt:561)
12-07 07:31:37.196 23665 23665 W System.err: 	at kotlinx.coroutines.JobKt.cancel(Unknown Source:1)
12-07 07:31:37.196 23665 23665 W System.err: 	at kotlinx.coroutines.JobKt__JobKt.cancel$default(Job.kt:560)
12-07 07:31:37.196 23665 23665 W System.err: 	at kotlinx.coroutines.JobKt.cancel$default(Unknown Source:1)
12-07 07:31:37.196 23665 23665 W System.err: 	at androidx.lifecycle.CloseableCoroutineScope.close(ViewModel.kt:51)
12-07 07:31:37.196 23665 23665 W System.err: 	at androidx.lifecycle.ViewModel.closeWithRuntimeException(ViewModel.java:188)
12-07 07:31:37.196 23665 23665 W System.err: 	at androidx.lifecycle.ViewModel.clear(ViewModel.java:134)
12-07 07:31:37.196 23665 23665 W System.err: 	at androidx.lifecycle.ViewModelStore.clear(ViewModelStore.java:62)
12-07 07:31:37.196 23665 23665 W System.err: 	at androidx.fragment.app.FragmentManagerViewModel.clearNonConfigStateInternal(FragmentManagerViewModel.java:210)
12-07 07:31:37.197 23665 23665 W System.err: 	at androidx.fragment.app.FragmentManagerViewModel.clearNonConfigState(FragmentManagerViewModel.java:190)
12-07 07:31:37.197 23665 23665 W System.err: 	at androidx.fragment.app.FragmentStateManager.destroy(FragmentStateManager.java:778)
12-07 07:31:37.197 23665 23665 W System.err: 	at androidx.fragment.app.FragmentStateManager.moveToExpectedState(FragmentStateManager.java:335)
12-07 07:31:37.197 23665 23665 W System.err: 	at androidx.fragment.app.FragmentStore.moveToExpectedState(FragmentStore.java:121)
12-07 07:31:37.197 23665 23665 W System.err: 	at androidx.fragment.app.FragmentManager.moveToState(FragmentManager.java:1374)
12-07 07:31:37.197 23665 23665 W System.err: 	at androidx.fragment.app.FragmentManager.dispatchStateChange(FragmentManager.java:2841)
12-07 07:31:37.198 23665 23665 W System.err: 	at androidx.fragment.app.FragmentManager.dispatchDestroy(FragmentManager.java:2820)
12-07 07:31:37.198 23665 23665 W System.err: 	at androidx.fragment.app.Fragment.performDestroy(Fragment.java:3246)
12-07 07:31:37.198 23665 23665 W System.err: 	at androidx.fragment.app.FragmentStateManager.destroy(FragmentStateManager.java:780)
12-07 07:31:37.198 23665 23665 W System.err: 	at androidx.fragment.app.FragmentStateManager.moveToExpectedState(FragmentStateManager.java:335)
12-07 07:31:37.198 23665 23665 W System.err: 	at androidx.fragment.app.SpecialEffectsController$FragmentStateManagerOperation.complete(SpecialEffectsController.java:771)
12-07 07:31:37.198 23665 23665 W System.err: 	at androidx.fragment.app.SpecialEffectsController$Operation.cancel(SpecialEffectsController.java:615)
12-07 07:31:37.198 23665 23665 W System.err: 	at androidx.fragment.app.SpecialEffectsController.forceCompleteAllOperations(SpecialEffectsController.java:350)
12-07 07:31:37.204 23665 23665 W System.err: 	at androidx.fragment.app.FragmentManager.dispatchStateChange(FragmentManager.java:2844)
12-07 07:31:37.204 23665 23665 W System.err: 	at androidx.fragment.app.FragmentManager.dispatchDestroy(FragmentManager.java:2820)
12-07 07:31:37.204 23665 23665 W System.err: 	at androidx.fragment.app.FragmentController.dispatchDestroy(FragmentController.java:345)
12-07 07:31:37.204 23665 23665 W System.err: 	at androidx.fragment.app.FragmentActivity.onDestroy(FragmentActivity.java:306)
12-07 07:31:37.204 23665 23665 W System.err: 	at androidx.appcompat.app.AppCompatActivity.onDestroy(AppCompatActivity.java:278)
12-07 07:31:37.205 23665 23665 W System.err: 	at android.app.Activity.performDestroy(Activity.java:8048)
12-07 07:31:37.205 23665 23665 W System.err: 	at android.app.Instrumentation.callActivityOnDestroy(Instrumentation.java:1334)
12-07 07:31:37.206 23665 23665 W System.err: 	at androidx.test.runner.MonitoringInstrumentation.callActivityOnDestroy(MonitoringInstrumentation.java:766)
12-07 07:31:37.207 23665 23665 W System.err: 	at android.app.ActivityThread.performDestroyActivity(ActivityThread.java:4926)
12-07 07:31:37.207 23665 23665 W System.err: 	at android.app.ActivityThread.handleDestroyActivity(ActivityThread.java:4970)
12-07 07:31:37.207 23665 23665 W System.err: 	at android.app.servertransaction.DestroyActivityItem.execute(DestroyActivityItem.java:44)
12-07 07:31:37.207 23665 23665 W System.err: 	at android.app.servertransaction.TransactionExecutor.executeLifecycleState(TransactionExecutor.java:176)
12-07 07:31:37.207 23665 23665 W System.err: 	at android.app.servertransaction.TransactionExecutor.execute(TransactionExecutor.java:97)
12-07 07:31:37.207 23665 23665 W System.err: 	at android.app.ActivityThread$H.handleMessage(ActivityThread.java:2016)
12-07 07:31:37.208 23665 23665 W System.err: 	at android.os.Handler.dispatchMessage(Handler.java:107)
12-07 07:31:37.208 23665 23665 W System.err: 	at android.os.Looper.loop(Looper.java:214)
12-07 07:31:37.208 23665 23665 W System.err: 	at android.app.ActivityThread.main(ActivityThread.java:7356)
12-07 07:31:37.208 23665 23665 W System.err: 	at java.lang.reflect.Method.invoke(Native Method)
