12-12 11:54:48.297  9681  9726 W DefaultFailureHandler: 	at libcore.io.BlockGuardOs.open(BlockGuardOs.java:252)
12-12 11:54:48.297  9681  9726 W DefaultFailureHandler: 	at libcore.io.ForwardingOs.open(ForwardingOs.java:167)
12-12 11:54:48.297  9681  9726 W DefaultFailureHandler: 	at android.app.ActivityThread$AndroidOs.open(ActivityThread.java:7255)
12-12 11:54:48.297  9681  9726 W DefaultFailureHandler: 	at libcore.io.IoBridge.open(IoBridge.java:482)
12-12 11:54:48.297  9681  9726 W DefaultFailureHandler: 	... 51 more
12-12 11:54:48.304  9681  9726 W teco.fmhandroi: Accessing hidden method Lsun/misc/Unsafe;->compareAndSwapObject(Ljava/lang/Object;JLjava/lang/Object;Ljava/lang/Object;)Z (greylist, linking, allowed)
12-12 11:54:48.307  9681  9681 I ViewInteraction: Performing 'wait for a specific view with <view.getId() is <2131230870>> during 10000 millis.' action on view view.getRootView() to equal view
12-12 11:54:48.313  9681  9726 W teco.fmhandroi: Accessing hidden method Lsun/misc/Unsafe;->compareAndSwapObject(Ljava/lang/Object;JLjava/lang/Object;Ljava/lang/Object;)Z (greylist, linking, allowed)
12-12 11:54:48.313  9681  9800 W teco.fmhandroi: Accessing hidden method Lsun/misc/Unsafe;->compareAndSwapObject(Ljava/lang/Object;JLjava/lang/Object;Ljava/lang/Object;)Z (greylist, linking, allowed)
12-12 11:54:48.316  9681  9681 I ViewInteraction: Checking 'MatchesViewAssertion{viewMatcher=(view has effective visibility <VISIBLE> and view.getGlobalVisibleRect() to return non-empty rectangle)}' assertion on view view.getId() is <2131230870/ru.iteco.fmhandroid:id/authorization_image_button>
12-12 11:54:48.323  9681  9726 W teco.fmhandroi: Accessing hidden method Landroid/view/ViewConfiguration;->getDoubleTapMinTime()I (greylist, reflection, allowed)
12-12 11:54:48.329  9681  9726 W teco.fmhandroi: Accessing hidden method Lsun/misc/Unsafe;->compareAndSwapObject(Ljava/lang/Object;JLjava/lang/Object;Ljava/lang/Object;)Z (greylist, linking, allowed)
12-12 11:54:48.333  9681  9681 I ViewInteraction: Performing 'single click' action on view view.getId() is <2131230870/ru.iteco.fmhandroid:id/authorization_image_button>
12-12 11:54:48.400  1765  3741 W audio_hw_generic: Not supplying enough data to HAL, expected position 3301058 , only wrote 3301034
12-12 11:54:48.484  1776  1828 D gralloc_ranchu: gralloc_alloc: Creating ashmem region of size 884736
12-12 11:54:48.491  1776  1828 I chatty  : uid=1000(system) HwBinder:1776_1 identical 1 line
12-12 11:54:48.492  1776  1828 D gralloc_ranchu: gralloc_alloc: Creating ashmem region of size 884736
12-12 11:54:48.512  9681  9773 D EGL_emulation: eglMakeCurrent: 0xe7a7e980: ver 2 0 (tinfo 0xe7ac0d30)
12-12 11:54:48.586  9681  9773 I chatty  : uid=10146(ru.iteco.fmhandroid) RenderThread identical 3 lines
12-12 11:54:48.601  9681  9773 D EGL_emulation: eglMakeCurrent: 0xe7a7e980: ver 2 0 (tinfo 0xe7ac0d30)
12-12 11:54:48.827  9681  9726 W teco.fmhandroi: Accessing hidden method Lsun/misc/Unsafe;->compareAndSwapObject(Ljava/lang/Object;JLjava/lang/Object;Ljava/lang/Object;)Z (greylist, linking, allowed)
12-12 11:54:48.830  9681  9681 I ViewInteraction: Performing 'wait for a specific view with <an instance of android.widget.TextView and view.getText() with or without transformation to match: is "Log out"> during 10000 millis.' action on view view.getRootView() to equal view
12-12 11:54:48.836  9681  9681 I ViewInteraction: Checking 'MatchesViewAssertion{viewMatcher=(view has effective visibility <VISIBLE> and view.getGlobalVisibleRect() to return non-empty rectangle)}' assertion on view an instance of android.widget.TextView and view.getText() with or without transformation to match: is "Log out"
12-12 11:54:48.841  9681  9681 I ViewInteraction: Performing 'single click' action on view an instance of android.widget.TextView and view.getText() with or without transformation to match: is "Log out"
12-12 11:54:49.225  9681  9773 D EGL_emulation: eglMakeCurrent: 0xe7a7e980: ver 2 0 (tinfo 0xe7ac0d30)
12-12 11:54:49.303  9681  9773 D EGL_emulation: eglMakeCurrent: 0xe7a7e980: ver 2 0 (tinfo 0xe7ac0d30)
12-12 11:54:49.391  9681  9800 W teco.fmhandroi: Accessing hidden method Lsun/misc/Unsafe;->compareAndSwapObject(Ljava/lang/Object;JLjava/lang/Object;Ljava/lang/Object;)Z (greylist, linking, allowed)
12-12 11:54:49.394  9681  9681 I ViewInteraction: Performing 'wait for a specific view with <(an instance of android.widget.TextView and view.getText() with or without transformation to match: is "Authorization" and view.getParent() view.getParent() view.getId() is <2131231186>)> during 10000 millis.' action on view view.getRootView() to equal view
12-12 11:54:49.396  9681  9726 W teco.fmhandroi: Accessing hidden method Lsun/misc/Unsafe;->compareAndSwapObject(Ljava/lang/Object;JLjava/lang/Object;Ljava/lang/Object;)Z (greylist, linking, allowed)
12-12 11:54:49.397  9681  9800 W teco.fmhandroi: Accessing hidden method Lsun/misc/Unsafe;->compareAndSwapObject(Ljava/lang/Object;JLjava/lang/Object;Ljava/lang/Object;)Z (greylist, linking, allowed)
12-12 11:54:49.399  9681  9681 I ViewInteraction: Checking 'MatchesViewAssertion{viewMatcher=(view has effective visibility <VISIBLE> and view.getGlobalVisibleRect() to return non-empty rectangle)}' assertion on view (an instance of android.widget.TextView and view.getText() with or without transformation to match: is "Authorization" and view.getParent() view.getParent() view.getId() is <2131231186/ru.iteco.fmhandroid:id/nav_host_fragment>)
12-12 11:54:49.401  9681  9726 W teco.fmhandroi: Accessing hidden method Lsun/misc/Unsafe;->compareAndSwapObject(Ljava/lang/Object;JLjava/lang/Object;Ljava/lang/Object;)Z (greylist, linking, allowed)
12-12 11:54:49.402  9681  9800 W teco.fmhandroi: Accessing hidden method Lsun/misc/Unsafe;->compareAndSwapObject(Ljava/lang/Object;JLjava/lang/Object;Ljava/lang/Object;)Z (greylist, linking, allowed)
12-12 11:54:49.405  9681  9681 I ViewInteraction: Performing 'wait for a specific view with <(an instance of android.widget.TextView and view.getHint() matching: is "Login" and view.getParent() view.getParent() view.getId() is <2131231121>)> during 10000 millis.' action on view view.getRootView() to equal view
12-12 11:54:49.408  9681  9726 W teco.fmhandroi: Accessing hidden method Lsun/misc/Unsafe;->compareAndSwapObject(Ljava/lang/Object;JLjava/lang/Object;Ljava/lang/Object;)Z (greylist, linking, allowed)
12-12 11:54:49.408  9681  9800 W teco.fmhandroi: Accessing hidden method Lsun/misc/Unsafe;->compareAndSwapObject(Ljava/lang/Object;JLjava/lang/Object;Ljava/lang/Object;)Z (greylist, linking, allowed)
12-12 11:54:49.411  9681  9681 I ViewInteraction: Checking 'MatchesViewAssertion{viewMatcher=(view has effective visibility <VISIBLE> and view.getGlobalVisibleRect() to return non-empty rectangle)}' assertion on view (an instance of android.widget.TextView and view.getHint() matching: is "Login" and view.getParent() view.getParent() view.getId() is <2131231121/ru.iteco.fmhandroid:id/login_text_input_layout>)
12-12 11:54:49.415  9681  9726 W teco.fmhandroi: Accessing hidden method Lsun/misc/Unsafe;->compareAndSwapObject(Ljava/lang/Object;JLjava/lang/Object;Ljava/lang/Object;)Z (greylist, linking, allowed)
12-12 11:54:49.418  9681  9681 I ViewInteraction: Performing 'wait for a specific view with <(an instance of android.widget.TextView and view.getHint() matching: is "Password" and view.getParent() view.getParent() view.getId() is <2131231264>)> during 10000 millis.' action on view view.getRootView() to equal view
12-12 11:54:49.420  9681  9726 W teco.fmhandroi: Accessing hidden method Lsun/misc/Unsafe;->compareAndSwapObject(Ljava/lang/Object;JLjava/lang/Object;Ljava/lang/Object;)Z (greylist, linking, allowed)
12-12 11:54:49.424  9681  9681 I ViewInteraction: Checking 'MatchesViewAssertion{viewMatcher=(view has effective visibility <VISIBLE> and view.getGlobalVisibleRect() to return non-empty rectangle)}' assertion on view (an instance of android.widget.TextView and view.getHint() matching: is "Password" and view.getParent() view.getParent() view.getId() is <2131231264/ru.iteco.fmhandroid:id/password_text_input_layout>)
12-12 11:54:49.426  9681  9726 W teco.fmhandroi: Accessing hidden method Lsun/misc/Unsafe;->compareAndSwapObject(Ljava/lang/Object;JLjava/lang/Object;Ljava/lang/Object;)Z (greylist, linking, allowed)
12-12 11:54:49.427  9681  9800 W teco.fmhandroi: Accessing hidden method Lsun/misc/Unsafe;->compareAndSwapObject(Ljava/lang/Object;JLjava/lang/Object;Ljava/lang/Object;)Z (greylist, linking, allowed)
12-12 11:54:49.431  9681  9681 I ViewInteraction: Performing 'wait for a specific view with <(view.getId() is <2131231039> and an instance of android.widget.TextView and view.getText() with or without transformation to match: is "SIGN IN" and view.getContentDescription() is "Save" and view.getParent() view.getParent() an instance of android.widget.RelativeLayout)> during 10000 millis.' action on view view.getRootView() to equal view
12-12 11:54:49.434  9681  9726 W teco.fmhandroi: Accessing hidden method Lsun/misc/Unsafe;->compareAndSwapObject(Ljava/lang/Object;JLjava/lang/Object;Ljava/lang/Object;)Z (greylist, linking, allowed)
12-12 11:54:49.435  9681  9800 W teco.fmhandroi: Accessing hidden method Lsun/misc/Unsafe;->compareAndSwapObject(Ljava/lang/Object;JLjava/lang/Object;Ljava/lang/Object;)Z (greylist, linking, allowed)
12-12 11:54:49.438  9681  9681 I ViewInteraction: Checking 'MatchesViewAssertion{viewMatcher=(view has effective visibility <VISIBLE> and view.getGlobalVisibleRect() to return non-empty rectangle)}' assertion on view (view.getId() is <2131231039/ru.iteco.fmhandroid:id/enter_button> and an instance of android.widget.TextView and view.getText() with or without transformation to match: is "SIGN IN" and view.getContentDescription() is "Save" and view.getParent() view.getParent() an instance of android.widget.RelativeLayout)
12-12 11:54:49.439  9681  9726 W teco.fmhandroi: Accessing hidden method Lsun/misc/Unsafe;->compareAndSwapObject(Ljava/lang/Object;JLjava/lang/Object;Ljava/lang/Object;)Z (greylist, linking, allowed)
12-12 11:54:49.443  9681  9681 I ViewInteraction: Performing 'wait for a specific view with <(an instance of android.widget.TextView and view.getText() with or without transformation to match: is "Authorization" and view.getParent() view.getParent() view.getId() is <2131231186>)> during 10000 millis.' action on view view.getRootView() to equal view
12-12 11:54:49.445  9681  9726 W teco.fmhandroi: Accessing hidden method Lsun/misc/Unsafe;->compareAndSwapObject(Ljava/lang/Object;JLjava/lang/Object;Ljava/lang/Object;)Z (greylist, linking, allowed)
12-12 11:54:49.450  9681  9681 I ViewInteraction: Checking 'MatchesViewAssertion{viewMatcher=(view has effective visibility <VISIBLE> and view.getGlobalVisibleRect() to return non-empty rectangle)}' assertion on view (an instance of android.widget.TextView and view.getText() with or without transformation to match: is "Authorization" and view.getParent() view.getParent() view.getId() is <2131231186/ru.iteco.fmhandroid:id/nav_host_fragment>)
12-12 11:54:49.452  9681  9726 W teco.fmhandroi: Accessing hidden method Lsun/misc/Unsafe;->compareAndSwapObject(Ljava/lang/Object;JLjava/lang/Object;Ljava/lang/Object;)Z (greylist, linking, allowed)
12-12 11:54:49.458  9681  9681 I ViewInteraction: Performing 'wait for a specific view with <(an instance of android.widget.TextView and view.getHint() matching: is "Login" and view.getParent() view.getParent() view.getId() is <2131231121/ru.iteco.fmhandroid:id/login_text_input_layout>)> during 10000 millis.' action on view view.getRootView() to equal view
12-12 11:54:49.461  9681  9726 W teco.fmhandroi: Accessing hidden method Lsun/misc/Unsafe;->compareAndSwapObject(Ljava/lang/Object;JLjava/lang/Object;Ljava/lang/Object;)Z (greylist, linking, allowed)
12-12 11:54:49.479  9681  9800 W teco.fmhandroi: Accessing hidden method Lsun/misc/Unsafe;->compareAndSwapObject(Ljava/lang/Object;JLjava/lang/Object;Ljava/lang/Object;)Z (greylist, linking, allowed)
12-12 11:54:49.480  9681  9681 I ViewInteraction: Checking 'MatchesViewAssertion{viewMatcher=(view has effective visibility <VISIBLE> and view.getGlobalVisibleRect() to return non-empty rectangle)}' assertion on view (an instance of android.widget.TextView and view.getHint() matching: is "Login" and view.getParent() view.getParent() view.getId() is <2131231121/ru.iteco.fmhandroid:id/login_text_input_layout>)
12-12 11:54:49.481  9681  9726 W teco.fmhandroi: Accessing hidden method Lsun/misc/Unsafe;->compareAndSwapObject(Ljava/lang/Object;JLjava/lang/Object;Ljava/lang/Object;)Z (greylist, linking, allowed)
12-12 11:54:49.481  9681  9800 W teco.fmhandroi: Accessing hidden method Lsun/misc/Unsafe;->compareAndSwapObject(Ljava/lang/Object;JLjava/lang/Object;Ljava/lang/Object;)Z (greylist, linking, allowed)
12-12 11:54:49.487  9681  9681 I ViewInteraction: Performing 'wait for a specific view with <(an instance of android.widget.TextView and view.getHint() matching: is "Password" and view.getParent() view.getParent() view.getId() is <2131231264/ru.iteco.fmhandroid:id/password_text_input_layout>)> during 10000 millis.' action on view view.getRootView() to equal view
12-12 11:54:49.491  9681  9726 W teco.fmhandroi: Accessing hidden method Lsun/misc/Unsafe;->compareAndSwapObject(Ljava/lang/Object;JLjava/lang/Object;Ljava/lang/Object;)Z (greylist, linking, allowed)
12-12 11:54:49.491  9681  9800 W teco.fmhandroi: Accessing hidden method Lsun/misc/Unsafe;->compareAndSwapObject(Ljava/lang/Object;JLjava/lang/Object;Ljava/lang/Object;)Z (greylist, linking, allowed)
12-12 11:54:49.494  9681  9681 I ViewInteraction: Checking 'MatchesViewAssertion{viewMatcher=(view has effective visibility <VISIBLE> and view.getGlobalVisibleRect() to return non-empty rectangle)}' assertion on view (an instance of android.widget.TextView and view.getHint() matching: is "Password" and view.getParent() view.getParent() view.getId() is <2131231264/ru.iteco.fmhandroid:id/password_text_input_layout>)
12-12 11:54:49.496  9681  9726 W teco.fmhandroi: Accessing hidden method Lsun/misc/Unsafe;->compareAndSwapObject(Ljava/lang/Object;JLjava/lang/Object;Ljava/lang/Object;)Z (greylist, linking, allowed)
12-12 11:54:49.497  9681  9800 W teco.fmhandroi: Accessing hidden method Lsun/misc/Unsafe;->compareAndSwapObject(Ljava/lang/Object;JLjava/lang/Object;Ljava/lang/Object;)Z (greylist, linking, allowed)
12-12 11:54:49.501  9681  9681 I ViewInteraction: Performing 'wait for a specific view with <(view.getId() is <2131231039/ru.iteco.fmhandroid:id/enter_button> and an instance of android.widget.TextView and view.getText() with or without transformation to match: is "SIGN IN" and view.getContentDescription() is "Save" and view.getParent() view.getParent() an instance of android.widget.RelativeLayout)> during 10000 millis.' action on view view.getRootView() to equal view
12-12 11:54:49.505  9681  9726 W teco.fmhandroi: Accessing hidden method Lsun/misc/Unsafe;->compareAndSwapObject(Ljava/lang/Object;JLjava/lang/Object;Ljava/lang/Object;)Z (greylist, linking, allowed)
12-12 11:54:49.512  9681  9681 I ViewInteraction: Checking 'MatchesViewAssertion{viewMatcher=(view has effective visibility <VISIBLE> and view.getGlobalVisibleRect() to return non-empty rectangle)}' assertion on view (view.getId() is <2131231039/ru.iteco.fmhandroid:id/enter_button> and an instance of android.widget.TextView and view.getText() with or without transformation to match: is "SIGN IN" and view.getContentDescription() is "Save" and view.getParent() view.getParent() an instance of android.widget.RelativeLayout)
12-12 11:54:49.514  9681  9726 W teco.fmhandroi: Accessing hidden method Lsun/misc/Unsafe;->compareAndSwapObject(Ljava/lang/Object;JLjava/lang/Object;Ljava/lang/Object;)Z (greylist, linking, allowed)
12-12 11:54:49.519  9681  9681 I ViewInteraction: Performing 'wait for a specific view with <(an instance of android.widget.TextView and view.getHint() matching: is "Login" and view.getParent() view.getParent() view.getId() is <2131231121/ru.iteco.fmhandroid:id/login_text_input_layout>)> during 10000 millis.' action on view view.getRootView() to equal view
12-12 11:54:49.523  9681  9726 W teco.fmhandroi: Accessing hidden method Lsun/misc/Unsafe;->compareAndSwapObject(Ljava/lang/Object;JLjava/lang/Object;Ljava/lang/Object;)Z (greylist, linking, allowed)
12-12 11:54:49.528  9681  9681 I ViewInteraction: Performing 'replace text(login2)' action on view (an instance of android.widget.TextView and view.getHint() matching: is "Login" and view.getParent() view.getParent() view.getId() is <2131231121/ru.iteco.fmhandroid:id/login_text_input_layout>)
12-12 11:54:49.554  9681  9726 W teco.fmhandroi: Accessing hidden method Lsun/misc/Unsafe;->compareAndSwapObject(Ljava/lang/Object;JLjava/lang/Object;Ljava/lang/Object;)Z (greylist, linking, allowed)
12-12 11:54:49.585  9681  9681 I ViewInteraction: Performing 'wait for a specific view with <(an instance of android.widget.TextView and view.getHint() matching: is "Password" and view.getParent() view.getParent() view.getId() is <2131231264/ru.iteco.fmhandroid:id/password_text_input_layout>)> during 10000 millis.' action on view view.getRootView() to equal view
12-12 11:54:49.588  9681  9726 W teco.fmhandroi: Accessing hidden method Lsun/misc/Unsafe;->compareAndSwapObject(Ljava/lang/Object;JLjava/lang/Object;Ljava/lang/Object;)Z (greylist, linking, allowed)
12-12 11:54:49.588  9681  9800 W teco.fmhandroi: Accessing hidden method Lsun/misc/Unsafe;->compareAndSwapObject(Ljava/lang/Object;JLjava/lang/Object;Ljava/lang/Object;)Z (greylist, linking, allowed)
12-12 11:54:49.595  9681  9681 I ViewInteraction: Performing 'replace text(password2)' action on view (an instance of android.widget.TextView and view.getHint() matching: is "Password" and view.getParent() view.getParent() view.getId() is <2131231264/ru.iteco.fmhandroid:id/password_text_input_layout>)
12-12 11:54:49.603  9681  9726 W teco.fmhandroi: Accessing hidden method Lsun/misc/Unsafe;->compareAndSwapObject(Ljava/lang/Object;JLjava/lang/Object;Ljava/lang/Object;)Z (greylist, linking, allowed)
12-12 11:54:49.645  9681  9681 I ViewInteraction: Performing 'wait for a specific view with <(view.getId() is <2131231039/ru.iteco.fmhandroid:id/enter_button> and an instance of android.widget.TextView and view.getText() with or without transformation to match: is "SIGN IN" and view.getContentDescription() is "Save" and view.getParent() view.getParent() an instance of android.widget.RelativeLayout)> during 10000 millis.' action on view view.getRootView() to equal view
12-12 11:54:49.649  9681  9726 W teco.fmhandroi: Accessing hidden method Lsun/misc/Unsafe;->compareAndSwapObject(Ljava/lang/Object;JLjava/lang/Object;Ljava/lang/Object;)Z (greylist, linking, allowed)
12-12 11:54:49.654  9681  9681 I ViewInteraction: Checking 'MatchesViewAssertion{viewMatcher=view.isClickable() is <true>}' assertion on view (view.getId() is <2131231039/ru.iteco.fmhandroid:id/enter_button> and an instance of android.widget.TextView and view.getText() with or without transformation to match: is "SIGN IN" and view.getContentDescription() is "Save" and view.getParent() view.getParent() an instance of android.widget.RelativeLayout)
12-12 11:54:49.656  9681  9726 W teco.fmhandroi: Accessing hidden method Lsun/misc/Unsafe;->compareAndSwapObject(Ljava/lang/Object;JLjava/lang/Object;Ljava/lang/Object;)Z (greylist, linking, allowed)
12-12 11:54:49.659  9681  9681 I ViewInteraction: Performing 'wait for a specific view with <(view.getId() is <2131231039/ru.iteco.fmhandroid:id/enter_button> and an instance of android.widget.TextView and view.getText() with or without transformation to match: is "SIGN IN" and view.getContentDescription() is "Save" and view.getParent() view.getParent() an instance of android.widget.RelativeLayout)> during 10000 millis.' action on view view.getRootView() to equal view
12-12 11:54:49.662  9681  9726 W teco.fmhandroi: Accessing hidden method Lsun/misc/Unsafe;->compareAndSwapObject(Ljava/lang/Object;JLjava/lang/Object;Ljava/lang/Object;)Z (greylist, linking, allowed)
12-12 11:54:49.664  9681  9800 W teco.fmhandroi: Accessing hidden method Lsun/misc/Unsafe;->compareAndSwapObject(Ljava/lang/Object;JLjava/lang/Object;Ljava/lang/Object;)Z (greylist, linking, allowed)
12-12 11:54:49.669  9681  9681 I ViewInteraction: Checking 'MatchesViewAssertion{viewMatcher=view.isClickable() is <true>}' assertion on view (view.getId() is <2131231039/ru.iteco.fmhandroid:id/enter_button> and an instance of android.widget.TextView and view.getText() with or without transformation to match: is "SIGN IN" and view.getContentDescription() is "Save" and view.getParent() view.getParent() an instance of android.widget.RelativeLayout)
12-12 11:54:49.672  9681  9726 W teco.fmhandroi: Accessing hidden method Lsun/misc/Unsafe;->compareAndSwapObject(Ljava/lang/Object;JLjava/lang/Object;Ljava/lang/Object;)Z (greylist, linking, allowed)
12-12 11:54:49.676  9681  9681 I ViewInteraction: Performing 'wait for a specific view with <(view.getId() is <2131231039/ru.iteco.fmhandroid:id/enter_button> and an instance of android.widget.TextView and view.getText() with or without transformation to match: is "SIGN IN" and view.getContentDescription() is "Save" and view.getParent() view.getParent() an instance of android.widget.RelativeLayout)> during 10000 millis.' action on view view.getRootView() to equal view
12-12 11:54:49.679  9681  9726 W teco.fmhandroi: Accessing hidden method Lsun/misc/Unsafe;->compareAndSwapObject(Ljava/lang/Object;JLjava/lang/Object;Ljava/lang/Object;)Z (greylist, linking, allowed)
12-12 11:54:49.680  9681  9800 W teco.fmhandroi: Accessing hidden method Lsun/misc/Unsafe;->compareAndSwapObject(Ljava/lang/Object;JLjava/lang/Object;Ljava/lang/Object;)Z (greylist, linking, allowed)
12-12 11:54:49.684  9681  9681 I ViewInteraction: Performing 'single click' action on view (view.getId() is <2131231039/ru.iteco.fmhandroid:id/enter_button> and an instance of android.widget.TextView and view.getText() with or without transformation to match: is "SIGN IN" and view.getContentDescription() is "Save" and view.getParent() view.getParent() an instance of android.widget.RelativeLayout)
12-12 11:54:49.758  9681  9804 I okhttp.OkHttpClient: --> POST http://www.981757-ca08998.tmweb.ru:8080/fmh/authentication/login
12-12 11:54:49.758  9681  9804 I okhttp.OkHttpClient: Content-Type: application/json; charset=UTF-8
12-12 11:54:49.759  9681  9804 I okhttp.OkHttpClient: Content-Length: 41
12-12 11:54:49.759  9681  9804 I okhttp.OkHttpClient: {"login":"login2","password":"password2"}
12-12 11:54:49.759  9681  9804 I okhttp.OkHttpClient: --> END POST (41-byte body)
12-12 11:54:49.794  1745  9805 E ResolverController: No valid NAT64 prefix (100, <unspecified>/0)
12-12 11:54:49.815  1787  1977 D AudioFlinger: mixer(0xf479fbc0) throttle end: throttle time(7)
12-12 11:54:50.008  9681  9726 W teco.fmhandroi: Accessing hidden method Lsun/misc/Unsafe;->compareAndSwapObject(Ljava/lang/Object;JLjava/lang/Object;Ljava/lang/Object;)Z (greylist, linking, allowed)
12-12 11:54:50.010  9681  9681 I ViewInteraction: Performing 'wait for a specific view with <an instance of android.widget.TextView and view.getText() with or without transformation to match: is "News"> during 10000 millis.' action on view view.getRootView() to equal view
12-12 11:54:50.245  9681  9804 I okhttp.OkHttpClient: <-- 200 http://www.981757-ca08998.tmweb.ru:8080/fmh/authentication/login (485ms)
12-12 11:54:50.245  9681  9804 I okhttp.OkHttpClient: Vary: Origin
12-12 11:54:50.246  9681  9804 I okhttp.OkHttpClient: Vary: Access-Control-Request-Method
12-12 11:54:50.246  9681  9804 I okhttp.OkHttpClient: Vary: Access-Control-Request-Headers
12-12 11:54:50.246  9681  9804 I okhttp.OkHttpClient: X-Content-Type-Options: nosniff
12-12 11:54:50.246  9681  9804 I okhttp.OkHttpClient: X-XSS-Protection: 1; mode=block
12-12 11:54:50.247  9681  9804 I okhttp.OkHttpClient: Cache-Control: no-cache, no-store, max-age=0, must-revalidate
12-12 11:54:50.247  9681  9804 I okhttp.OkHttpClient: Pragma: no-cache
12-12 11:54:50.247  9681  9804 I okhttp.OkHttpClient: Expires: 0
12-12 11:54:50.247  9681  9804 I okhttp.OkHttpClient: X-Frame-Options: DENY
12-12 11:54:50.248  9681  9804 I okhttp.OkHttpClient: Content-Type: application/json
12-12 11:54:50.248  9681  9804 I okhttp.OkHttpClient: Transfer-Encoding: chunked
12-12 11:54:50.249  9681  9804 I okhttp.OkHttpClient: Date: Mon, 12 Dec 2022 11:54:51 GMT
12-12 11:54:50.249  9681  9804 I okhttp.OkHttpClient: Keep-Alive: timeout=60
12-12 11:54:50.249  9681  9804 I okhttp.OkHttpClient: Connection: keep-alive
12-12 11:54:50.250  9681  9804 I okhttp.OkHttpClient: {"accessToken":"eyJhbGciOiJIUzUxMiJ9.eyJzdWIiOiJsb2dpbjIiLCJqdGkiOiIxIiwiZXhwIjoxNjcwOTMyNDkxfQ.FFPxW0koDWX1VLUd_ji5_wxDMeBO17KvVT5SitHQ-2Zgb08lDVCMn0o8S_SeaRRusvpWgOxU7f4VxYE4-UR8Ug","refreshToken":"eyJhbGciOiJIUzUxMiJ9.eyJzdWIiOiJsb2dpbjIiLCJqdGkiOiIxIiwiZXhwIjoxNjczNDM4MDkxfQ.iqrfSBQbuDEbHrjO9UBV6yn_1A_C-7Gc4RZurV0l1xdAf-LyK6dn_eNyHF3ATQhen9t-zar04nMElgQiwZZw2g"}
12-12 11:54:50.250  9681  9804 I okhttp.OkHttpClient: <-- END HTTP (368-byte body)
12-12 11:54:50.255  9681  9783 I okhttp.OkHttpClient: --> GET http://www.981757-ca08998.tmweb.ru:8080/fmh/authentication/userInfo
12-12 11:54:50.255  9681  9783 I okhttp.OkHttpClient: --> END GET
12-12 11:54:50.860  9681  9783 I okhttp.OkHttpClient: <-- 200 http://www.981757-ca08998.tmweb.ru:8080/fmh/authentication/userInfo (604ms)
12-12 11:54:50.860  9681  9783 I okhttp.OkHttpClient: Vary: Origin
12-12 11:54:50.860  9681  9783 I okhttp.OkHttpClient: Vary: Access-Control-Request-Method
12-12 11:54:50.860  9681  9783 I okhttp.OkHttpClient: Vary: Access-Control-Request-Headers
12-12 11:54:50.860  9681  9783 I okhttp.OkHttpClient: X-Content-Type-Options: nosniff
12-12 11:54:50.860  9681  9783 I okhttp.OkHttpClient: X-XSS-Protection: 1; mode=block
12-12 11:54:50.860  9681  9783 I okhttp.OkHttpClient: Cache-Control: no-cache, no-store, max-age=0, must-revalidate
12-12 11:54:50.860  9681  9783 I okhttp.OkHttpClient: Pragma: no-cache
12-12 11:54:50.861  9681  9783 I okhttp.OkHttpClient: Expires: 0
12-12 11:54:50.861  9681  9783 I okhttp.OkHttpClient: X-Frame-Options: DENY
12-12 11:54:50.862  9681  9783 I okhttp.OkHttpClient: Content-Type: application/json
12-12 11:54:50.863  9681  9783 I okhttp.OkHttpClient: Transfer-Encoding: chunked
12-12 11:54:50.863  9681  9783 I okhttp.OkHttpClient: Date: Mon, 12 Dec 2022 11:54:51 GMT
12-12 11:54:50.864  9681  9783 I okhttp.OkHttpClient: Keep-Alive: timeout=60
12-12 11:54:50.864  9681  9783 I okhttp.OkHttpClient: Connection: keep-alive
12-12 11:54:50.867  9681  9783 I okhttp.OkHttpClient: {"id":1,"firstName":"Ivan","lastName":"Ivanov","middleName":"Ivanovich","admin":true}
12-12 11:54:50.867  9681  9783 I okhttp.OkHttpClient: <-- END HTTP (85-byte body)
12-12 11:54:50.881  9681  9792 I okhttp.OkHttpClient: --> GET http://www.981757-ca08998.tmweb.ru:8080/fmh/claims
12-12 11:54:50.882  9681  9792 I okhttp.OkHttpClient: --> END GET
12-12 11:54:51.068  9681  9792 I okhttp.OkHttpClient: <-- 200 http://www.981757-ca08998.tmweb.ru:8080/fmh/claims (186ms)
12-12 11:54:51.068  9681  9792 I okhttp.OkHttpClient: Vary: Origin
12-12 11:54:51.069  9681  9792 I okhttp.OkHttpClient: Vary: Access-Control-Request-Method
12-12 11:54:51.069  9681  9792 I okhttp.OkHttpClient: Vary: Access-Control-Request-Headers
12-12 11:54:51.069  9681  9792 I okhttp.OkHttpClient: X-Content-Type-Options: nosniff
12-12 11:54:51.069  9681  9792 I okhttp.OkHttpClient: X-XSS-Protection: 1; mode=block
12-12 11:54:51.069  9681  9792 I okhttp.OkHttpClient: Cache-Control: no-cache, no-store, max-age=0, must-revalidate
12-12 11:54:51.069  9681  9792 I okhttp.OkHttpClient: Pragma: no-cache
12-12 11:54:51.069  9681  9792 I okhttp.OkHttpClient: Expires: 0
12-12 11:54:51.069  9681  9792 I okhttp.OkHttpClient: X-Frame-Options: DENY
12-12 11:54:51.069  9681  9792 I okhttp.OkHttpClient: Content-Type: application/json
12-12 11:54:51.070  9681  9792 I okhttp.OkHttpClient: Transfer-Encoding: chunked
12-12 11:54:51.071  9681  9792 I okhttp.OkHttpClient: Date: Mon, 12 Dec 2022 11:54:51 GMT
12-12 11:54:51.071  9681  9792 I okhttp.OkHttpClient: Keep-Alive: timeout=60
12-12 11:54:51.071  9681  9792 I okhttp.OkHttpClient: Connection: keep-alive
12-12 11:54:51.075  9681  9792 I okhttp.OkHttpClient: [{"id":1,"title":"Claim 123","description":"123","creatorId":1,"executorId":1,"createDate":1670755198,"planExecuteDate":1670755140,"factExecuteDate":null,"status":"IN_PROGRESS","creatorName":"Ivanov Ivan Ivanovich","executorName":"Ivanov Ivan Ivanovich"},{"id":2,"title":"Заголовок 2c46380b-5d43-44f2-a02c-41b8c09710c2","description":"Описание 588c11cc-6a11-4eec-ae49-0f630caace41","creatorId":1,"executorId":null,"createDate":1670845808,"planExecuteDate":1670845740,"factExecuteDate":null,"status":"OPEN","creatorName":"Ivanov Ivan Ivanovich","executorName":null},{"id":3,"title":"Заголовок 0eb4b025-6e34-4957-a1e2-a64912e9444b","description":"Описание 8c51d595-ebb4-430e-9bca-70b11c41cac1","creatorId":1,"executorId":null,"createDate":1670845969,"planExecuteDate":1670845920,"factExecuteDate":null,"status":"OPEN","creatorName":"Ivanov Ivan Ivanovich","executorName":null}]
12-12 11:54:51.077  9681  9792 I okhttp.OkHttpClient: <-- END HTTP (909-byte body)
12-12 11:54:51.105  9681  9681 I ViewInteraction: Checking 'MatchesViewAssertion{viewMatcher=(view has effective visibility <VISIBLE> and view.getGlobalVisibleRect() to return non-empty rectangle)}' assertion on view an instance of android.widget.TextView and view.getText() with or without transformation to match: is "News"
12-12 11:54:51.108  9681  9726 W teco.fmhandroi: Accessing hidden method Lsun/misc/Unsafe;->compareAndSwapObject(Ljava/lang/Object;JLjava/lang/Object;Ljava/lang/Object;)Z (greylist, linking, allowed)
12-12 11:54:51.108  9681  9800 W teco.fmhandroi: Accessing hidden method Lsun/misc/Unsafe;->compareAndSwapObject(Ljava/lang/Object;JLjava/lang/Object;Ljava/lang/Object;)Z (greylist, linking, allowed)
12-12 11:54:51.112  9681  9681 I ViewInteraction: Performing 'wait for a specific view with <view.getId() is <2131230951>> during 10000 millis.' action on view view.getRootView() to equal view
12-12 11:54:51.117  9681  9726 W teco.fmhandroi: Accessing hidden method Lsun/misc/Unsafe;->compareAndSwapObject(Ljava/lang/Object;JLjava/lang/Object;Ljava/lang/Object;)Z (greylist, linking, allowed)
12-12 11:54:51.118  9681  9681 I ViewInteraction: Checking 'MatchesViewAssertion{viewMatcher=(view has effective visibility <VISIBLE> and view.getGlobalVisibleRect() to return non-empty rectangle)}' assertion on view view.getId() is <2131230951/ru.iteco.fmhandroid:id/container_list_news_include_on_fragment_main>
12-12 11:54:51.122  9681  9726 W teco.fmhandroi: Accessing hidden method Lsun/misc/Unsafe;->compareAndSwapObject(Ljava/lang/Object;JLjava/lang/Object;Ljava/lang/Object;)Z (greylist, linking, allowed)
12-12 11:54:51.126  9681  9681 I ViewInteraction: Performing 'wait for a specific view with <view.getId() is <2131230949>> during 10000 millis.' action on view view.getRootView() to equal view
12-12 11:54:51.128  9681  9726 W teco.fmhandroi: Accessing hidden method Lsun/misc/Unsafe;->compareAndSwapObject(Ljava/lang/Object;JLjava/lang/Object;Ljava/lang/Object;)Z (greylist, linking, allowed)
12-12 11:54:51.132  9681  9681 I ViewInteraction: Checking 'MatchesViewAssertion{viewMatcher=(view has effective visibility <VISIBLE> and view.getGlobalVisibleRect() to return non-empty rectangle)}' assertion on view view.getId() is <2131230949/ru.iteco.fmhandroid:id/container_list_claim_include_on_fragment_main>
12-12 11:54:51.134  9681  9726 W teco.fmhandroi: Accessing hidden method Lsun/misc/Unsafe;->compareAndSwapObject(Ljava/lang/Object;JLjava/lang/Object;Ljava/lang/Object;)Z (greylist, linking, allowed)
12-12 11:54:51.141  9681  9681 I ViewInteraction: Performing 'wait for a specific view with <an instance of android.widget.TextView and view.getText() with or without transformation to match: is "Claims"> during 10000 millis.' action on view view.getRootView() to equal view
12-12 11:54:51.147  9681  9681 I ViewInteraction: Checking 'MatchesViewAssertion{viewMatcher=(view has effective visibility <VISIBLE> and view.getGlobalVisibleRect() to return non-empty rectangle)}' assertion on view an instance of android.widget.TextView and view.getText() with or without transformation to match: is "Claims"
12-12 11:54:51.152  9681  9681 I ViewInteraction: Performing 'wait for a specific view with <view.getId() is <2131231123>> during 10000 millis.' action on view view.getRootView() to equal view
12-12 11:54:51.156  9681  9726 W teco.fmhandroi: Accessing hidden method Lsun/misc/Unsafe;->compareAndSwapObject(Ljava/lang/Object;JLjava/lang/Object;Ljava/lang/Object;)Z (greylist, linking, allowed)
12-12 11:54:51.164  9681  9681 I ViewInteraction: Performing 'single click' action on view view.getId() is <2131231123/ru.iteco.fmhandroid:id/main_menu_image_button>
12-12 11:54:51.195  9681  9694 I teco.fmhandroi: Background young concurrent copying GC freed 57168(3052KB) AllocSpace objects, 4(208KB) LOS objects, 22% free, 9079KB/11MB, paused 1.209ms total 109.008ms
12-12 11:54:51.325  1776  1828 D gralloc_ranchu: gralloc_alloc: Creating ashmem region of size 2015232
12-12 11:54:51.330  1776  1828 D gralloc_ranchu: gralloc_alloc: Creating ashmem region of size 2015232
12-12 11:54:51.333  1776  1920 D gralloc_ranchu: gralloc_alloc: Creating ashmem region of size 2015232
12-12 11:54:51.380  9681  9773 D EGL_emulation: eglMakeCurrent: 0xe7a7e980: ver 2 0 (tinfo 0xe7ac0d30)
12-12 11:54:51.632  9681  9694 I teco.fmhandroi: Background concurrent copying GC freed 48240(2385KB) AllocSpace objects, 3(64KB) LOS objects, 39% free, 9430KB/15MB, paused 1.390ms total 167.075ms
12-12 11:54:51.780  9681  9773 D EGL_emulation: eglMakeCurrent: 0xe7a7e980: ver 2 0 (tinfo 0xe7ac0d30)
12-12 11:54:51.827  9681  9773 I chatty  : uid=10146(ru.iteco.fmhandroid) RenderThread identical 1 line
12-12 11:54:51.840  9681  9773 D EGL_emulation: eglMakeCurrent: 0xe7a7e980: ver 2 0 (tinfo 0xe7ac0d30)
12-12 11:54:51.873  9681  9779 E SQLiteLog: (1) too many SQL variables
12-12 11:54:51.889  9681  9773 D EGL_emulation: eglMakeCurrent: 0xe7a7e980: ver 2 0 (tinfo 0xe7ac0d30)
12-12 11:54:52.052  9681  9773 D EGL_emulation: eglMakeCurrent: 0xe7a7e980: ver 2 0 (tinfo 0xe7ac0d30)
12-12 11:54:52.063  9681  9681 W System.err: ru.iteco.fmhandroid.exceptions.UnknownException
12-12 11:54:52.064  9681  9681 W System.err: 	at ru.iteco.fmhandroid.utils.Utils.makeRequest(Utils.kt:123)
12-12 11:54:52.064  9681  9681 W System.err: 	at ru.iteco.fmhandroid.utils.Utils$makeRequest$1.invokeSuspend(Unknown Source:15)
12-12 11:54:52.064  9681  9681 W System.err: 	at kotlin.coroutines.jvm.internal.BaseContinuationImpl.resumeWith(ContinuationImpl.kt:33)
12-12 11:54:52.064  9681  9681 W System.err: 	at kotlinx.coroutines.DispatchedTask.run(DispatchedTask.kt:104)
12-12 11:54:52.064  9681  9681 W System.err: 	at android.os.Handler.handleCallback(Handler.java:883)
12-12 11:54:52.064  9681  9681 W System.err: 	at android.os.Handler.dispatchMessage(Handler.java:100)
12-12 11:54:52.064  9681  9681 W System.err: 	at androidx.test.espresso.base.Interrogator.loopAndInterrogate(Interrogator.java:14)
12-12 11:54:52.064  9681  9681 W System.err: 	at androidx.test.espresso.base.UiControllerImpl.loopUntil(UiControllerImpl.java:8)
12-12 11:54:52.064  9681  9681 W System.err: 	at androidx.test.espresso.base.UiControllerImpl.loopUntil(UiControllerImpl.java:1)
12-12 11:54:52.064  9681  9681 W System.err: 	at androidx.test.espresso.base.UiControllerImpl.loopMainThreadForAtLeast(UiControllerImpl.java:7)
12-12 11:54:52.064  9681  9681 W System.err: 	at ru.iteco.fmhandroid.ui.data.ViewActions$1.perform(ViewActions.java:48)
12-12 11:54:52.064  9681  9681 W System.err: 	at androidx.test.espresso.ViewInteraction$SingleExecutionViewAction.perform(ViewInteraction.java:2)
12-12 11:54:52.064  9681  9681 W System.err: 	at androidx.test.espresso.ViewInteraction.doPerform(ViewInteraction.java:25)
12-12 11:54:52.065  9681  9681 W System.err: 	at androidx.test.espresso.ViewInteraction.-$$Nest$mdoPerform(Unknown Source:0)
12-12 11:54:52.065  9681  9681 W System.err: 	at androidx.test.espresso.ViewInteraction$1.call(ViewInteraction.java:7)
12-12 11:54:52.065  9681  9681 W System.err: 	at androidx.test.espresso.ViewInteraction$1.call(ViewInteraction.java:1)
12-12 11:54:52.065  9681  9681 W System.err: 	at java.util.concurrent.FutureTask.run(FutureTask.java:266)
12-12 11:54:52.065  9681  9681 W System.err: 	at android.os.Handler.handleCallback(Handler.java:883)
12-12 11:54:52.065  9681  9681 W System.err: 	at android.os.Handler.dispatchMessage(Handler.java:100)
12-12 11:54:52.065  9681  9681 W System.err: 	at android.os.Looper.loop(Looper.java:214)
12-12 11:54:52.065  9681  9681 W System.err: 	at android.app.ActivityThread.main(ActivityThread.java:7356)
12-12 11:54:52.065  9681  9681 W System.err: 	at java.lang.reflect.Method.invoke(Native Method)
12-12 11:54:52.065  9681  9681 W System.err: 	at com.android.internal.os.RuntimeInit$MethodAndArgsCaller.run(RuntimeInit.java:492)
12-12 11:54:52.065  9681  9681 W System.err: 	at com.android.internal.os.ZygoteInit.main(ZygoteInit.java:930)
12-12 11:54:52.098  9681  9773 D EGL_emulation: eglMakeCurrent: 0xe7a7e980: ver 2 0 (tinfo 0xe7ac0d30)
12-12 11:54:52.107  9681  9773 D EGL_emulation: eglMakeCurrent: 0xe7a7e980: ver 2 0 (tinfo 0xe7ac0d30)
12-12 11:54:52.145  1776  1828 D gralloc_ranchu: gralloc_alloc: Creating ashmem region of size 438272
12-12 11:54:52.149  1776  1828 D gralloc_ranchu: gralloc_alloc: Creating ashmem region of size 438272
12-12 11:54:52.152  9681  9773 D EGL_emulation: eglMakeCurrent: 0xe7a7e980: ver 2 0 (tinfo 0xe7ac0d30)
12-12 11:54:52.154  1776  1828 D gralloc_ranchu: gralloc_alloc: Creating ashmem region of size 438272
12-12 11:54:52.166  9681  9773 D EGL_emulation: eglMakeCurrent: 0xe7a7e980: ver 2 0 (tinfo 0xe7ac0d30)
12-12 11:54:52.422  9681  9726 W teco.fmhandroi: Accessing hidden method Lsun/misc/Unsafe;->compareAndSwapObject(Ljava/lang/Object;JLjava/lang/Object;Ljava/lang/Object;)Z (greylist, linking, allowed)
12-12 11:54:52.427  9681  9681 I ViewInteraction: Performing 'wait for a specific view with <an instance of android.widget.TextView and view.getText() with or without transformation to match: is "Claims"> during 10000 millis.' action on view view.getRootView() to equal view
12-12 11:54:52.434  9681  9681 I ViewInteraction: Performing 'single click' action on view an instance of android.widget.TextView and view.getText() with or without transformation to match: is "Claims"
12-12 11:54:52.500  9681  9773 D EGL_emulation: eglMakeCurrent: 0xe7a7e980: ver 2 0 (tinfo 0xe7ac0d30)
12-12 11:54:52.603  9681  9792 I okhttp.OkHttpClient: --> GET http://www.981757-ca08998.tmweb.ru:8080/fmh/claims
12-12 11:54:52.603  9681  9792 I okhttp.OkHttpClient: --> END GET
12-12 11:54:52.699  9681  9773 D EGL_emulation: eglMakeCurrent: 0xe7a7e980: ver 2 0 (tinfo 0xe7ac0d30)
12-12 11:54:52.717  9681  9792 I okhttp.OkHttpClient: <-- 200 http://www.981757-ca08998.tmweb.ru:8080/fmh/claims (112ms)
12-12 11:54:52.717  9681  9792 I okhttp.OkHttpClient: Vary: Origin
12-12 11:54:52.717  9681  9792 I okhttp.OkHttpClient: Vary: Access-Control-Request-Method
12-12 11:54:52.717  9681  9792 I okhttp.OkHttpClient: Vary: Access-Control-Request-Headers
12-12 11:54:52.717  9681  9792 I okhttp.OkHttpClient: X-Content-Type-Options: nosniff
12-12 11:54:52.717  9681  9792 I okhttp.OkHttpClient: X-XSS-Protection: 1; mode=block
12-12 11:54:52.717  9681  9792 I okhttp.OkHttpClient: Cache-Control: no-cache, no-store, max-age=0, must-revalidate
12-12 11:54:52.717  9681  9792 I okhttp.OkHttpClient: Pragma: no-cache
12-12 11:54:52.717  9681  9792 I okhttp.OkHttpClient: Expires: 0
12-12 11:54:52.717  9681  9792 I okhttp.OkHttpClient: X-Frame-Options: DENY
12-12 11:54:52.717  9681  9792 I okhttp.OkHttpClient: Content-Type: application/json
12-12 11:54:52.717  9681  9792 I okhttp.OkHttpClient: Transfer-Encoding: chunked
12-12 11:54:52.718  9681  9792 I okhttp.OkHttpClient: Date: Mon, 12 Dec 2022 11:54:54 GMT
12-12 11:54:52.718  9681  9792 I okhttp.OkHttpClient: Keep-Alive: timeout=60
12-12 11:54:52.718  9681  9792 I okhttp.OkHttpClient: Connection: keep-alive
12-12 11:54:52.718  9681  9792 I okhttp.OkHttpClient: [{"id":1,"title":"Claim 123","description":"123","creatorId":1,"executorId":1,"createDate":1670755198,"planExecuteDate":1670755140,"factExecuteDate":null,"status":"IN_PROGRESS","creatorName":"Ivanov Ivan Ivanovich","executorName":"Ivanov Ivan Ivanovich"},{"id":2,"title":"Заголовок 2c46380b-5d43-44f2-a02c-41b8c09710c2","description":"Описание 588c11cc-6a11-4eec-ae49-0f630caace41","creatorId":1,"executorId":null,"createDate":1670845808,"planExecuteDate":1670845740,"factExecuteDate":null,"status":"OPEN","creatorName":"Ivanov Ivan Ivanovich","executorName":null},{"id":3,"title":"Заголовок 0eb4b025-6e34-4957-a1e2-a64912e9444b","description":"Описание 8c51d595-ebb4-430e-9bca-70b11c41cac1","creatorId":1,"executorId":null,"createDate":1670845969,"planExecuteDate":1670845920,"factExecuteDate":null,"status":"OPEN","creatorName":"Ivanov Ivan Ivanovich","executorName":null}]
12-12 11:54:52.718  9681  9792 I okhttp.OkHttpClient: <-- END HTTP (909-byte body)
12-12 11:54:52.734  9681  9773 D EGL_emulation: eglMakeCurrent: 0xe7a7e980: ver 2 0 (tinfo 0xe7ac0d30)
12-12 11:54:52.989  9681  9796 E SQLiteLog: (1) too many SQL variables
12-12 11:54:53.003  9681  9681 W System.err: ru.iteco.fmhandroid.exceptions.UnknownException
12-12 11:54:53.003  9681  9681 W System.err: 	at ru.iteco.fmhandroid.utils.Utils.makeRequest(Utils.kt:123)
12-12 11:54:53.003  9681  9681 W System.err: 	at ru.iteco.fmhandroid.utils.Utils$makeRequest$1.invokeSuspend(Unknown Source:15)
12-12 11:54:53.003  9681  9681 W System.err: 	at kotlin.coroutines.jvm.internal.BaseContinuationImpl.resumeWith(ContinuationImpl.kt:33)
12-12 11:54:53.003  9681  9681 W System.err: 	at kotlinx.coroutines.DispatchedTask.run(DispatchedTask.kt:104)
12-12 11:54:53.004  9681  9681 W System.err: 	at android.os.Handler.handleCallback(Handler.java:883)
12-12 11:54:53.004  9681  9681 W System.err: 	at android.os.Handler.dispatchMessage(Handler.java:100)
12-12 11:54:53.004  9681  9681 W System.err: 	at androidx.test.espresso.base.Interrogator.loopAndInterrogate(Interrogator.java:14)
12-12 11:54:53.004  9681  9681 W System.err: 	at androidx.test.espresso.base.UiControllerImpl.loopUntil(UiControllerImpl.java:8)
12-12 11:54:53.004  9681  9681 W System.err: 	at androidx.test.espresso.base.UiControllerImpl.loopUntil(UiControllerImpl.java:1)
12-12 11:54:53.004  9681  9681 W System.err: 	at androidx.test.espresso.base.UiControllerImpl.loopMainThreadForAtLeast(UiControllerImpl.java:7)
12-12 11:54:53.004  9681  9681 W System.err: 	at ru.iteco.fmhandroid.ui.data.ViewActions$1.perform(ViewActions.java:48)
12-12 11:54:53.004  9681  9681 W System.err: 	at androidx.test.espresso.ViewInteraction$SingleExecutionViewAction.perform(ViewInteraction.java:2)
12-12 11:54:53.004  9681  9681 W System.err: 	at androidx.test.espresso.ViewInteraction.doPerform(ViewInteraction.java:25)
12-12 11:54:53.004  9681  9681 W System.err: 	at androidx.test.espresso.ViewInteraction.-$$Nest$mdoPerform(Unknown Source:0)
12-12 11:54:53.004  9681  9681 W System.err: 	at androidx.test.espresso.ViewInteraction$1.call(ViewInteraction.java:7)
12-12 11:54:53.004  9681  9681 W System.err: 	at androidx.test.espresso.ViewInteraction$1.call(ViewInteraction.java:1)
12-12 11:54:53.004  9681  9681 W System.err: 	at java.util.concurrent.FutureTask.run(FutureTask.java:266)
12-12 11:54:53.004  9681  9681 W System.err: 	at android.os.Handler.handleCallback(Handler.java:883)
12-12 11:54:53.004  9681  9681 W System.err: 	at android.os.Handler.dispatchMessage(Handler.java:100)
12-12 11:54:53.004  9681  9681 W System.err: 	at android.os.Looper.loop(Looper.java:214)
12-12 11:54:53.005  9681  9681 W System.err: 	at android.app.ActivityThread.main(ActivityThread.java:7356)
12-12 11:54:53.005  9681  9681 W System.err: 	at java.lang.reflect.Method.invoke(Native Method)
12-12 11:54:53.005  9681  9681 W System.err: 	at com.android.internal.os.RuntimeInit$MethodAndArgsCaller.run(RuntimeInit.java:492)
12-12 11:54:53.005  9681  9681 W System.err: 	at com.android.internal.os.ZygoteInit.main(ZygoteInit.java:930)
12-12 11:54:53.025  9681  9726 W teco.fmhandroi: Accessing hidden method Lsun/misc/Unsafe;->compareAndSwapObject(Ljava/lang/Object;JLjava/lang/Object;Ljava/lang/Object;)Z (greylist, linking, allowed)
12-12 11:54:53.028  9681  9681 I ViewInteraction: Performing 'wait for a specific view with <view.getId() is <2131230849>> during 10000 millis.' action on view view.getRootView() to equal view
12-12 11:54:53.045  9681  9726 W teco.fmhandroi: Accessing hidden method Lsun/misc/Unsafe;->compareAndSwapObject(Ljava/lang/Object;JLjava/lang/Object;Ljava/lang/Object;)Z (greylist, linking, allowed)
12-12 11:54:53.045  9681  9800 W teco.fmhandroi: Accessing hidden method Lsun/misc/Unsafe;->compareAndSwapObject(Ljava/lang/Object;JLjava/lang/Object;Ljava/lang/Object;)Z (greylist, linking, allowed)
12-12 11:54:53.047  9681  9681 I ViewInteraction: Performing 'single click' action on view view.getId() is <2131230849/ru.iteco.fmhandroid:id/add_new_claim_material_button>
12-12 11:54:53.109  9681  9783 I okhttp.OkHttpClient: --> GET http://www.981757-ca08998.tmweb.ru:8080/fmh/users
12-12 11:54:53.109  9681  9783 I okhttp.OkHttpClient: --> END GET
12-12 11:54:53.254  9681  9783 I okhttp.OkHttpClient: <-- 200 http://www.981757-ca08998.tmweb.ru:8080/fmh/users (144ms)
12-12 11:54:53.254  9681  9783 I okhttp.OkHttpClient: Vary: Origin
12-12 11:54:53.254  9681  9783 I okhttp.OkHttpClient: Vary: Access-Control-Request-Method
12-12 11:54:53.254  9681  9783 I okhttp.OkHttpClient: Vary: Access-Control-Request-Headers
12-12 11:54:53.254  9681  9783 I okhttp.OkHttpClient: X-Content-Type-Options: nosniff
12-12 11:54:53.255  9681  9783 I okhttp.OkHttpClient: X-XSS-Protection: 1; mode=block
12-12 11:54:53.255  9681  9783 I okhttp.OkHttpClient: Cache-Control: no-cache, no-store, max-age=0, must-revalidate
12-12 11:54:53.255  9681  9783 I okhttp.OkHttpClient: Pragma: no-cache
12-12 11:54:53.255  9681  9783 I okhttp.OkHttpClient: Expires: 0
12-12 11:54:53.255  9681  9783 I okhttp.OkHttpClient: X-Frame-Options: DENY
12-12 11:54:53.255  9681  9783 I okhttp.OkHttpClient: Content-Type: application/json
12-12 11:54:53.255  9681  9783 I okhttp.OkHttpClient: Transfer-Encoding: chunked
12-12 11:54:53.255  9681  9783 I okhttp.OkHttpClient: Date: Mon, 12 Dec 2022 11:54:54 GMT
12-12 11:54:53.255  9681  9783 I okhttp.OkHttpClient: Keep-Alive: timeout=60
12-12 11:54:53.255  9681  9783 I okhttp.OkHttpClient: Connection: keep-alive
12-12 11:54:53.262  9681  9783 I okhttp.OkHttpClient: [{"id":1,"firstName":"Ivan","lastName":"Ivanov","middleName":"Ivanovich","admin":true}]
12-12 11:54:53.262  9681  9783 I okhttp.OkHttpClient: <-- END HTTP (87-byte body)
12-12 11:54:53.805  9681  9726 W teco.fmhandroi: Accessing hidden method Lsun/misc/Unsafe;->compareAndSwapObject(Ljava/lang/Object;JLjava/lang/Object;Ljava/lang/Object;)Z (greylist, linking, allowed)
12-12 11:54:53.810  9681  9681 I ViewInteraction: Performing 'wait for a specific view with <view.getId() is <2131231041>> during 10000 millis.' action on view view.getRootView() to equal view
12-12 11:54:53.814  9681  9726 W teco.fmhandroi: Accessing hidden method Lsun/misc/Unsafe;->compareAndSwapObject(Ljava/lang/Object;JLjava/lang/Object;Ljava/lang/Object;)Z (greylist, linking, allowed)
12-12 11:54:53.817  9681  9681 I ViewInteraction: Checking 'MatchesViewAssertion{viewMatcher=(view has effective visibility <VISIBLE> and view.getGlobalVisibleRect() to return non-empty rectangle)}' assertion on view view.getId() is <2131231041/ru.iteco.fmhandroid:id/executor_drop_menu_auto_complete_text_view>
12-12 11:54:53.819  9681  9726 W teco.fmhandroi: Accessing hidden method Lsun/misc/Unsafe;->compareAndSwapObject(Ljava/lang/Object;JLjava/lang/Object;Ljava/lang/Object;)Z (greylist, linking, allowed)
12-12 11:54:53.821  9681  9681 I ViewInteraction: Performing 'single click' action on view view.getId() is <2131231041/ru.iteco.fmhandroid:id/executor_drop_menu_auto_complete_text_view>
12-12 11:54:53.946  2009  2047 E memtrack: Couldn't load memtrack module
12-12 11:54:53.946  2009  2047 W android.os.Debug: failed to get memory consumption info: -1
12-12 11:54:53.993  1776  1828 D gralloc_ranchu: gralloc_alloc: Creating ashmem region of size 1134592
12-12 11:54:54.004  1776  1828 I chatty  : uid=1000(system) HwBinder:1776_1 identical 1 line
12-12 11:54:54.006  1776  1828 D gralloc_ranchu: gralloc_alloc: Creating ashmem region of size 1134592
12-12 11:54:54.008  9681  9773 D EGL_emulation: eglMakeCurrent: 0xe7a7e980: ver 2 0 (tinfo 0xe7ac0d30)
12-12 11:54:54.055  9681  9681 I AssistStructure: Flattened final assist data: 6348 bytes, containing 2 windows, 48 views
12-12 11:54:54.086  9681  9773 D EGL_emulation: eglMakeCurrent: 0xe7a7e980: ver 2 0 (tinfo 0xe7ac0d30)
12-12 11:54:54.133  2009  4191 D AutofillSession: Starting partition or augmented request for view id 1073741827@452147263: STARTED_SESSION
12-12 11:54:54.139  2009  4191 D AutofillSession: cancelCurrentRequest(): id = 1
12-12 11:54:54.121  9681  9773 D EGL_emulation: eglMakeCurrent: 0xe7a7e980: ver 2 0 (tinfo 0xe7ac0d30)
12-12 11:54:54.151  9681  9681 I AssistStructure: Flattened final assist data: 6348 bytes, containing 2 windows, 48 views
12-12 11:54:54.170  2511  2511 I KeyboardViewUtil: systemKeyboardHeightRatio:1.000000; userKeyboardHeightRatio:1.000000.
12-12 11:54:54.195  2511  2511 I LatinIme: initialize() : Language = en-US
