12-12 11:54:54.220  2511  2511 I Delight5Facilitator: initializeForIme() : Locale = [en_US]
12-12 11:54:54.254  2511  2511 I AndroidIME: LatinIme.onActivate() : EditorInfo = Package = ru.iteco.fmhandroid : Type = Text : Learning = Disable : Suggestion = Show : AutoCorrection = Disable : Microphone = Show : NoPersonalizedLearning = Disable
12-12 11:54:54.275  8263  8263 W ktk     : Pending fill request while another request in the same session was triggered. [CONTEXT service_id=177 ]
12-12 11:54:54.345  9681  9726 W teco.fmhandroi: Accessing hidden method Lsun/misc/Unsafe;->compareAndSwapObject(Ljava/lang/Object;JLjava/lang/Object;Ljava/lang/Object;)Z (greylist, linking, allowed)
12-12 11:54:54.349  9681  9681 I ViewInteraction: Performing 'replace text(Козлов Константин Анатольевич)' action on view view.getId() is <2131231041/ru.iteco.fmhandroid:id/executor_drop_menu_auto_complete_text_view>
12-12 11:54:54.384  9681  9726 W teco.fmhandroi: Accessing hidden method Lsun/misc/Unsafe;->compareAndSwapObject(Ljava/lang/Object;JLjava/lang/Object;Ljava/lang/Object;)Z (greylist, linking, allowed)
12-12 11:54:54.398  9681  9773 D EGL_emulation: eglMakeCurrent: 0xe7a7e980: ver 2 0 (tinfo 0xe7ac0d30)
12-12 11:54:54.433  2009  7639 E InputDispatcher: Window handle Window{7f2491 u0 PopupWindow:bbf861c} has no registered input channel
12-12 11:54:54.448  9681  9681 I ViewInteraction: Performing 'close keyboard' action on view view.getRootView() to equal view
12-12 11:54:54.632  2511  2511 I KeyboardViewHelper: Get view with height ratio:1.000000; experiment height ratio:1.000000.
12-12 11:54:54.760  2511  2511 I EmojiSearchExtension: Created (instance count = 2)
12-12 11:54:54.794  2511  9814 I KeyboardGroupDefParser: parseKeyboardGroupDef() 2131296524 -> extension_emoji_search_keyboards : WaitTime = 11 ms : RunTime = 18 ms
12-12 11:54:54.802  2511  2511 I Conv2QueryExtension: Current locale: en_US, config allows these locales: de,en,es,fr,it,ms,pt,ta
12-12 11:54:54.802  2511  2511 I Conv2QueryExtension: Conv2Query not enabled due to current app [ru.iteco.fmhandroid] not in whitelist
12-12 11:54:54.802  2511  2511 I Conv2QueryExtension: onActivate() : Disabled by unsupported host app
12-12 11:54:54.834  2161  2570 D EGL_emulation: eglMakeCurrent: 0xe7a7fbe0: ver 2 0 (tinfo 0xd11aea40)
12-12 11:54:54.843  2511  9813 I KeyboardGroupDefParser: parseKeyboardGroupDef() 2131296522 -> extension_emoji_search_extension_view : WaitTime = 19 ms : RunTime = 47 ms
12-12 11:54:54.861  2009  2040 D AutofillUI: destroySaveUiUiThread(): already destroyed
12-12 11:54:54.935  2511  2511 I Choreographer: Skipped 58 frames!  The application may be doing too much work on its main thread.
12-12 11:54:54.944  2511  2532 W putmethod.lati: Reducing the number of considered missed Gc histogram windows from 329 to 100
12-12 11:54:54.962  1776  1828 D gralloc_ranchu: gralloc_alloc: Creating ashmem region of size 9826304
12-12 11:54:54.989  1776  1828 I chatty  : uid=1000(system) HwBinder:1776_1 identical 1 line
12-12 11:54:54.990  1776  1828 D gralloc_ranchu: gralloc_alloc: Creating ashmem region of size 9826304
12-12 11:54:55.040  2511  5395 D EGL_emulation: eglMakeCurrent: 0xd471ba40: ver 2 0 (tinfo 0xb9ce07a0)
12-12 11:54:55.276  2511  5395 I OpenGLRenderer: Davey! duration=1293ms; Flags=1, IntendedVsync=3519640343317, Vsync=3520607009945, OldestInputEvent=9223372036854775807, NewestInputEvent=0, HandleInputStart=3520613384040, AnimationStart=3520614087440, PerformTraversalsStart=3520614171540, DrawStart=3520666960040, SyncQueued=3520703446340, SyncStart=3520721512640, IssueDrawCommandsStart=3520723222040, SwapBuffers=3520887209440, FrameCompleted=3520951961540, DequeueBufferDuration=71000, QueueBufferDuration=187000, 
12-12 11:54:55.389  2511  2511 I KeyboardViewUtil: systemKeyboardHeightRatio:1.000000; userKeyboardHeightRatio:1.000000.
12-12 11:54:55.394  2511  2511 I AndroidIME: LatinIme.onDeactivate()
12-12 11:54:55.395  2511  2511 I AndroidIME: LatinIme.onActivate() : EditorInfo = Package = ru.iteco.fmhandroid : Type = Text : Learning = Disable : Suggestion = Show : AutoCorrection = Disable : Microphone = Show : NoPersonalizedLearning = Disable
12-12 11:54:55.442  2511  2511 I Conv2QueryExtension: Current locale: en_US, config allows these locales: de,en,es,fr,it,ms,pt,ta
12-12 11:54:55.443  2511  2511 I Conv2QueryExtension: Conv2Query not enabled due to current app [ru.iteco.fmhandroid] not in whitelist
12-12 11:54:55.443  2511  2511 I Conv2QueryExtension: onActivate() : Disabled by unsupported host app
12-12 11:54:55.455  2511  2511 I PhenotypeExpConfig: refreshConfiguration() : Force = false : UpdateAvailable = false : Age = 2270 minutes : MaxAge = 720 minutes
12-12 11:54:55.464  2511  2511 I AndroidIME: LatinIme.onDeactivate()
12-12 11:54:55.470  2511  3595 W native  : neural_spatial_model.cc:382 Output symbol table doesn't contain symbol: @
12-12 11:54:55.470  2511  3595 W native  : neural_spatial_model.cc:382 Output symbol table doesn't contain symbol: &
12-12 11:54:55.548  2511  5395 D EGL_emulation: eglMakeCurrent: 0xd471ba40: ver 2 0 (tinfo 0xb9ce07a0)
12-12 11:54:55.654  2511  2511 I KeyboardViewHelper: Get view with height ratio:1.000000; experiment height ratio:1.000000.
12-12 11:54:55.688  2009  8277 W NotificationService: Toast already killed. pkg=ru.iteco.fmhandroid callback=android.app.ITransientNotification$Stub$Proxy@eea25d5
12-12 11:54:55.720  1776  1828 D gralloc_ranchu: gralloc_alloc: Creating ashmem region of size 438272
12-12 11:54:55.728  1776  1828 I chatty  : uid=1000(system) HwBinder:1776_1 identical 1 line
12-12 11:54:55.730  1776  1828 D gralloc_ranchu: gralloc_alloc: Creating ashmem region of size 438272
12-12 11:54:55.733  9681  9773 D EGL_emulation: eglMakeCurrent: 0xe7a7e980: ver 2 0 (tinfo 0xe7ac0d30)
12-12 11:54:55.752  9681  9773 D EGL_emulation: eglMakeCurrent: 0xe7a7e980: ver 2 0 (tinfo 0xe7ac0d30)
12-12 11:54:55.827  9681  9681 I ViewInteraction: Performing 'wait for a specific view with <(view.getId() is <2131231402> and view.getParent() view.getParent() view.getId() is <2131231406>)> during 10000 millis.' action on view view.getRootView() to equal view
12-12 11:54:55.829  9681  9726 W teco.fmhandroi: Accessing hidden method Lsun/misc/Unsafe;->compareAndSwapObject(Ljava/lang/Object;JLjava/lang/Object;Ljava/lang/Object;)Z (greylist, linking, allowed)
12-12 11:54:55.830  9681  9800 W teco.fmhandroi: Accessing hidden method Lsun/misc/Unsafe;->compareAndSwapObject(Ljava/lang/Object;JLjava/lang/Object;Ljava/lang/Object;)Z (greylist, linking, allowed)
12-12 11:54:55.831  9681  9681 I ViewInteraction: Performing 'replace text(Заголовок 92efc5ce-93d1-4a0a-ad62-c3016d1e4395)' action on view (view.getId() is <2131231402/ru.iteco.fmhandroid:id/title_edit_text> and view.getParent() view.getParent() view.getId() is <2131231406/ru.iteco.fmhandroid:id/title_text_input_layout>)
12-12 11:54:55.848  9681  9726 W teco.fmhandroi: Accessing hidden method Lsun/misc/Unsafe;->compareAndSwapObject(Ljava/lang/Object;JLjava/lang/Object;Ljava/lang/Object;)Z (greylist, linking, allowed)
12-12 11:54:55.902  9681  9681 I ViewInteraction: Performing 'wait for a specific view with <view.getId() is <2131230975>> during 10000 millis.' action on view view.getRootView() to equal view
12-12 11:54:55.906  9681  9726 W teco.fmhandroi: Accessing hidden method Lsun/misc/Unsafe;->compareAndSwapObject(Ljava/lang/Object;JLjava/lang/Object;Ljava/lang/Object;)Z (greylist, linking, allowed)
12-12 11:54:55.911  9681  9681 I ViewInteraction: Performing 'single click' action on view view.getId() is <2131230975/ru.iteco.fmhandroid:id/date_in_plan_text_input_edit_text>
12-12 11:54:56.195  2511  3595 I native  : input-context-store.cc:172 Ignoring stale client request for FetchSuggestions
12-12 11:54:56.270  1776  1828 D gralloc_ranchu: gralloc_alloc: Creating ashmem region of size 6778880
12-12 11:54:56.277  1776  1828 I chatty  : uid=1000(system) HwBinder:1776_1 identical 1 line
12-12 11:54:56.278  1776  1828 D gralloc_ranchu: gralloc_alloc: Creating ashmem region of size 6778880
12-12 11:54:56.317  9681  9694 I teco.fmhandroi: NativeAlloc concurrent copying GC freed 71501(3156KB) AllocSpace objects, 1(32KB) LOS objects, 33% free, 11MB/17MB, paused 1.651ms total 183.687ms
12-12 11:54:56.320  9681  9773 D EGL_emulation: eglMakeCurrent: 0xe7a7e980: ver 2 0 (tinfo 0xe7ac0d30)
12-12 11:54:56.525  9681  9773 I chatty  : uid=10146(ru.iteco.fmhandroid) RenderThread identical 3 lines
12-12 11:54:56.549  9681  9773 D EGL_emulation: eglMakeCurrent: 0xe7a7e980: ver 2 0 (tinfo 0xe7ac0d30)
12-12 11:54:56.691  2009  2047 E memtrack: Couldn't load memtrack module
12-12 11:54:56.691  2009  2047 W android.os.Debug: failed to get memory consumption info: -1
12-12 11:54:56.787  9681  9726 W teco.fmhandroi: Accessing hidden method Lsun/misc/Unsafe;->compareAndSwapObject(Ljava/lang/Object;JLjava/lang/Object;Ljava/lang/Object;)Z (greylist, linking, allowed)
12-12 11:54:56.787  9681  9800 W teco.fmhandroi: Accessing hidden method Lsun/misc/Unsafe;->compareAndSwapObject(Ljava/lang/Object;JLjava/lang/Object;Ljava/lang/Object;)Z (greylist, linking, allowed)
12-12 11:54:56.789  9681  9681 I ViewInteraction: Performing 'wait for a specific view with <is assignable from class <class android.widget.DatePicker>> during 10000 millis.' action on view view.getRootView() to equal view
12-12 11:54:56.793  9681  9681 I ViewInteraction: Checking 'MatchesViewAssertion{viewMatcher=(view has effective visibility <VISIBLE> and view.getGlobalVisibleRect() to return non-empty rectangle)}' assertion on view is assignable from class <class android.widget.DatePicker>
12-12 11:54:56.798  9681  9681 I ViewInteraction: Performing 'wait for a specific view with <is assignable from class <class android.widget.DatePicker>> during 10000 millis.' action on view view.getRootView() to equal view
12-12 11:54:56.802  9681  9681 I ViewInteraction: Performing 'set date' action on view is assignable from class <class android.widget.DatePicker>
12-12 11:54:56.836  9681  9681 I ViewInteraction: Performing 'wait for a specific view with <view.getId() is <16908313>> during 10000 millis.' action on view view.getRootView() to equal view
12-12 11:54:56.839  9681  9726 W teco.fmhandroi: Accessing hidden method Lsun/misc/Unsafe;->compareAndSwapObject(Ljava/lang/Object;JLjava/lang/Object;Ljava/lang/Object;)Z (greylist, linking, allowed)
12-12 11:54:56.842  9681  9681 I ViewInteraction: Performing 'single click' action on view view.getId() is <16908313/android:id/button1>
12-12 11:54:56.927  9681  9773 D EGL_emulation: eglMakeCurrent: 0xe7a7e980: ver 2 0 (tinfo 0xe7ac0d30)
12-12 11:54:56.948  9681  9773 D EGL_emulation: eglMakeCurrent: 0xe7a7e980: ver 2 0 (tinfo 0xe7ac0d30)
12-12 11:54:56.968  2009  2346 E InputDispatcher: Window handle Window{bf7328e u0 ru.iteco.fmhandroid/ru.iteco.fmhandroid.ui.AppActivity} has no registered input channel
12-12 11:54:57.291  9681  9726 W teco.fmhandroi: Accessing hidden method Lsun/misc/Unsafe;->compareAndSwapObject(Ljava/lang/Object;JLjava/lang/Object;Ljava/lang/Object;)Z (greylist, linking, allowed)
12-12 11:54:57.291  9681  9800 W teco.fmhandroi: Accessing hidden method Lsun/misc/Unsafe;->compareAndSwapObject(Ljava/lang/Object;JLjava/lang/Object;Ljava/lang/Object;)Z (greylist, linking, allowed)
12-12 11:54:57.294  9681  9681 I ViewInteraction: Performing 'wait for a specific view with <(an instance of android.widget.TextView and view.getHint() matching: is "Time" and view.getParent() view.getParent() view.getId() is <2131231399>)> during 10000 millis.' action on view view.getRootView() to equal view
12-12 11:54:57.297  9681  9726 W teco.fmhandroi: Accessing hidden method Lsun/misc/Unsafe;->compareAndSwapObject(Ljava/lang/Object;JLjava/lang/Object;Ljava/lang/Object;)Z (greylist, linking, allowed)
12-12 11:54:57.298  9681  9800 W teco.fmhandroi: Accessing hidden method Lsun/misc/Unsafe;->compareAndSwapObject(Ljava/lang/Object;JLjava/lang/Object;Ljava/lang/Object;)Z (greylist, linking, allowed)
12-12 11:54:57.302  9681  9681 I ViewInteraction: Performing 'single click' action on view (an instance of android.widget.TextView and view.getHint() matching: is "Time" and view.getParent() view.getParent() view.getId() is <2131231399/ru.iteco.fmhandroid:id/time_in_plan_text_input_layout>)
12-12 11:54:57.569  1776  1828 D gralloc_ranchu: gralloc_alloc: Creating ashmem region of size 5718016
12-12 11:54:57.580  1776  1828 I chatty  : uid=1000(system) HwBinder:1776_1 identical 1 line
12-12 11:54:57.582  1776  1828 D gralloc_ranchu: gralloc_alloc: Creating ashmem region of size 5718016
12-12 11:54:57.598  9681  9773 D EGL_emulation: eglMakeCurrent: 0xe7a7e980: ver 2 0 (tinfo 0xe7ac0d30)
12-12 11:54:57.675  9681  9773 I chatty  : uid=10146(ru.iteco.fmhandroid) RenderThread identical 2 lines
12-12 11:54:57.785  9681  9773 D EGL_emulation: eglMakeCurrent: 0xe7a7e980: ver 2 0 (tinfo 0xe7ac0d30)
12-12 11:54:58.013  9681  9726 W teco.fmhandroi: Accessing hidden method Lsun/misc/Unsafe;->compareAndSwapObject(Ljava/lang/Object;JLjava/lang/Object;Ljava/lang/Object;)Z (greylist, linking, allowed)
12-12 11:54:58.015  9681  9681 I ViewInteraction: Performing 'wait for a specific view with <is assignable from class <class android.widget.TimePicker>> during 10000 millis.' action on view view.getRootView() to equal view
12-12 11:54:58.021  9681  9681 I ViewInteraction: Checking 'MatchesViewAssertion{viewMatcher=(view has effective visibility <VISIBLE> and view.getGlobalVisibleRect() to return non-empty rectangle)}' assertion on view is assignable from class <class android.widget.TimePicker>
12-12 11:54:58.027  9681  9681 I ViewInteraction: Performing 'wait for a specific view with <is assignable from class <class android.widget.TimePicker>> during 10000 millis.' action on view view.getRootView() to equal view
12-12 11:54:58.032  9681  9681 I ViewInteraction: Performing 'set time' action on view is assignable from class <class android.widget.TimePicker>
12-12 11:54:58.034  9681  9800 W teco.fmhandroi: Accessing hidden method Lsun/misc/Unsafe;->compareAndSwapObject(Ljava/lang/Object;JLjava/lang/Object;Ljava/lang/Object;)Z (greylist, linking, allowed)
12-12 11:54:58.036  9681  9681 I ViewInteraction: Performing 'wait for a specific view with <view.getId() is <16908313/android:id/button1>> during 10000 millis.' action on view view.getRootView() to equal view
12-12 11:54:58.038  9681  9726 W teco.fmhandroi: Accessing hidden method Lsun/misc/Unsafe;->compareAndSwapObject(Ljava/lang/Object;JLjava/lang/Object;Ljava/lang/Object;)Z (greylist, linking, allowed)
12-12 11:54:58.038  9681  9800 W teco.fmhandroi: Accessing hidden method Lsun/misc/Unsafe;->compareAndSwapObject(Ljava/lang/Object;JLjava/lang/Object;Ljava/lang/Object;)Z (greylist, linking, allowed)
12-12 11:54:58.041  9681  9681 I ViewInteraction: Performing 'single click' action on view view.getId() is <16908313/android:id/button1>
12-12 11:54:58.101  9681  9773 D EGL_emulation: eglMakeCurrent: 0xe7a7e980: ver 2 0 (tinfo 0xe7ac0d30)
12-12 11:54:58.132  9681  9773 D EGL_emulation: eglMakeCurrent: 0xe7a7e980: ver 2 0 (tinfo 0xe7ac0d30)
12-12 11:54:58.147  2009  8277 E InputDispatcher: Window handle Window{66332b5 u0 ru.iteco.fmhandroid/ru.iteco.fmhandroid.ui.AppActivity} has no registered input channel
12-12 11:54:58.159  9681  9773 D EGL_emulation: eglMakeCurrent: 0xe7a7e980: ver 2 0 (tinfo 0xe7ac0d30)
12-12 11:54:58.311  2009  2009 W WindowManager: removeWindowToken: Attempted to remove non-existing token: android.os.Binder@755255
12-12 11:54:58.507  9681  9726 W teco.fmhandroi: Accessing hidden method Lsun/misc/Unsafe;->compareAndSwapObject(Ljava/lang/Object;JLjava/lang/Object;Ljava/lang/Object;)Z (greylist, linking, allowed)
12-12 11:54:58.510  9681  9681 I ViewInteraction: Performing 'wait for a specific view with <(an instance of android.widget.TextView and view.getHint() matching: is "Description" and view.getParent() view.getParent() view.getId() is <2131230988>)> during 10000 millis.' action on view view.getRootView() to equal view
12-12 11:54:58.514  9681  9726 W teco.fmhandroi: Accessing hidden method Lsun/misc/Unsafe;->compareAndSwapObject(Ljava/lang/Object;JLjava/lang/Object;Ljava/lang/Object;)Z (greylist, linking, allowed)
12-12 11:54:58.514  9681  9800 W teco.fmhandroi: Accessing hidden method Lsun/misc/Unsafe;->compareAndSwapObject(Ljava/lang/Object;JLjava/lang/Object;Ljava/lang/Object;)Z (greylist, linking, allowed)
12-12 11:54:58.517  9681  9681 I ViewInteraction: Performing 'replace text(Описание a314ca90-1453-45ca-a603-7e092ce6027d)' action on view (an instance of android.widget.TextView and view.getHint() matching: is "Description" and view.getParent() view.getParent() view.getId() is <2131230988/ru.iteco.fmhandroid:id/description_text_input_layout>)
12-12 11:54:58.534  9681  9726 W teco.fmhandroi: Accessing hidden method Lsun/misc/Unsafe;->compareAndSwapObject(Ljava/lang/Object;JLjava/lang/Object;Ljava/lang/Object;)Z (greylist, linking, allowed)
12-12 11:54:58.535  9681  9800 W teco.fmhandroi: Accessing hidden method Lsun/misc/Unsafe;->compareAndSwapObject(Ljava/lang/Object;JLjava/lang/Object;Ljava/lang/Object;)Z (greylist, linking, allowed)
12-12 11:54:58.577  9681  9681 I ViewInteraction: Performing 'wait for a specific view with <view.getId() is <2131231291>> during 10000 millis.' action on view view.getRootView() to equal view
12-12 11:54:58.580  9681  9726 W teco.fmhandroi: Accessing hidden method Lsun/misc/Unsafe;->compareAndSwapObject(Ljava/lang/Object;JLjava/lang/Object;Ljava/lang/Object;)Z (greylist, linking, allowed)
12-12 11:54:58.583  9681  9681 I ViewInteraction: Performing 'single click' action on view view.getId() is <2131231291/ru.iteco.fmhandroid:id/save_button>
12-12 11:54:58.666  9681  9792 I okhttp.OkHttpClient: --> POST http://www.981757-ca08998.tmweb.ru:8080/fmh/claims
12-12 11:54:58.666  9681  9792 I okhttp.OkHttpClient: Content-Type: application/json; charset=UTF-8
12-12 11:54:58.666  9681  9792 I okhttp.OkHttpClient: Content-Length: 258
12-12 11:54:58.667  9681  9792 I okhttp.OkHttpClient: {"createDate":1670846098,"creatorId":1,"creatorName":"Ivanov Ivan Ivanovich","description":"Описание a314ca90-1453-45ca-a603-7e092ce6027d","planExecuteDate":1670846040,"status":"OPEN","title":"Заголовок 92efc5ce-93d1-4a0a-ad62-c3016d1e4395"}
12-12 11:54:58.667  9681  9792 I okhttp.OkHttpClient: --> END POST (258-byte body)
12-12 11:54:58.731  1787  1977 D AF::Track: interceptBuffer: took 578us to intercept 0 tracks
12-12 11:54:58.938  9681  9726 W teco.fmhandroi: Accessing hidden method Lsun/misc/Unsafe;->compareAndSwapObject(Ljava/lang/Object;JLjava/lang/Object;Ljava/lang/Object;)Z (greylist, linking, allowed)
12-12 11:54:58.942  9681  9681 I ViewInteraction: Performing 'wait for a specific view with <view.getId() is <2131230916>> during 10000 millis.' action on view view.getRootView() to equal view
12-12 11:54:58.948  9681  9792 I okhttp.OkHttpClient: <-- 200 http://www.981757-ca08998.tmweb.ru:8080/fmh/claims (281ms)
12-12 11:54:58.948  9681  9792 I okhttp.OkHttpClient: Vary: Origin
12-12 11:54:58.948  9681  9792 I okhttp.OkHttpClient: Vary: Access-Control-Request-Method
12-12 11:54:58.949  9681  9792 I okhttp.OkHttpClient: Vary: Access-Control-Request-Headers
12-12 11:54:58.949  9681  9792 I okhttp.OkHttpClient: X-Content-Type-Options: nosniff
12-12 11:54:58.949  9681  9792 I okhttp.OkHttpClient: X-XSS-Protection: 1; mode=block
12-12 11:54:58.949  9681  9792 I okhttp.OkHttpClient: Cache-Control: no-cache, no-store, max-age=0, must-revalidate
12-12 11:54:58.949  9681  9792 I okhttp.OkHttpClient: Pragma: no-cache
12-12 11:54:58.949  9681  9792 I okhttp.OkHttpClient: Expires: 0
12-12 11:54:58.949  9681  9792 I okhttp.OkHttpClient: X-Frame-Options: DENY
12-12 11:54:58.949  9681  9792 I okhttp.OkHttpClient: Content-Type: application/json
12-12 11:54:58.949  9681  9792 I okhttp.OkHttpClient: Transfer-Encoding: chunked
12-12 11:54:58.949  9681  9792 I okhttp.OkHttpClient: Date: Mon, 12 Dec 2022 11:55:00 GMT
12-12 11:54:58.949  9681  9792 I okhttp.OkHttpClient: Keep-Alive: timeout=60
12-12 11:54:58.949  9681  9792 I okhttp.OkHttpClient: Connection: keep-alive
12-12 11:54:58.950  9681  9792 I okhttp.OkHttpClient: {"id":4,"title":"Заголовок 92efc5ce-93d1-4a0a-ad62-c3016d1e4395","description":"Описание a314ca90-1453-45ca-a603-7e092ce6027d","creatorId":1,"executorId":null,"createDate":1670846098,"planExecuteDate":1670846040,"factExecuteDate":null,"status":"OPEN","creatorName":"Ivanov Ivan Ivanovich","executorName":null}
12-12 11:54:58.950  9681  9792 I okhttp.OkHttpClient: <-- END HTTP (326-byte body)
12-12 11:54:59.088  9681  9726 W teco.fmhandroi: Accessing hidden method Lsun/misc/Unsafe;->compareAndSwapObject(Ljava/lang/Object;JLjava/lang/Object;Ljava/lang/Object;)Z (greylist, linking, allowed)
12-12 11:54:59.098  9681  9681 I ViewInteraction: Checking 'MatchesViewAssertion{viewMatcher=(view has effective visibility <VISIBLE> and view.getGlobalVisibleRect() to return non-empty rectangle)}' assertion on view view.getId() is <2131230916/ru.iteco.fmhandroid:id/claim_list_recycler_view>
12-12 11:54:59.106  9681  9726 W teco.fmhandroi: Accessing hidden method Lsun/misc/Unsafe;->compareAndSwapObject(Ljava/lang/Object;JLjava/lang/Object;Ljava/lang/Object;)Z (greylist, linking, allowed)
12-12 11:54:59.131  2009  8277 W NotificationService: Toast already killed. pkg=ru.iteco.fmhandroid callback=android.app.ITransientNotification$Stub$Proxy@a1ae520
12-12 11:54:59.140  9681  9681 I ViewInteraction: Performing 'scroll RecyclerView to: holder with view: (view is an instance of android.view.ViewGroup and has descendant matching an instance of android.widget.TextView and view.getText() with or without transformation to match: is "Заголовок 92efc5ce-93d1-4a0a-ad62-c3016d1e4395")' action on view view.getId() is <2131230916/ru.iteco.fmhandroid:id/claim_list_recycler_view>
12-12 11:54:59.143  9681  9681 D takeScreenshot: Found 1 global views to redraw
12-12 11:54:59.191  1776  1828 D gralloc_ranchu: gralloc_alloc: Creating ashmem region of size 10108928
12-12 11:54:59.197  2009  2042 W WindowManager: Unable to start animation, surface is null or no children.
12-12 11:54:59.246  9681  9694 I teco.fmhandroi: Background young concurrent copying GC freed 75481(3307KB) AllocSpace objects, 5(92KB) LOS objects, 14% free, 15MB/17MB, paused 1.027ms total 141.815ms
12-12 11:54:59.282  9681  9726 W DefaultFailureHandler: Failed to take screenshot
12-12 11:54:59.282  9681  9726 W DefaultFailureHandler: java.io.FileNotFoundException: view-op-error-2.png: open failed: EROFS (Read-only file system)
12-12 11:54:59.282  9681  9726 W DefaultFailureHandler: 	at libcore.io.IoBridge.open(IoBridge.java:496)
12-12 11:54:59.282  9681  9726 W DefaultFailureHandler: 	at java.io.FileOutputStream.<init>(FileOutputStream.java:235)
12-12 11:54:59.282  9681  9726 W DefaultFailureHandler: 	at java.io.FileOutputStream.<init>(FileOutputStream.java:125)
12-12 11:54:59.282  9681  9726 W DefaultFailureHandler: 	at androidx.test.platform.io.FileTestStorage.openOutputFile(FileTestStorage.java:60)
12-12 11:54:59.282  9681  9726 W DefaultFailureHandler: 	at androidx.test.core.graphics.BitmapStorage.writeToTestStorage(BitmapStorageExt.kt:49)
12-12 11:54:59.282  9681  9726 W DefaultFailureHandler: 	at androidx.test.espresso.base.DefaultFailureHandler.takeScreenshot(DefaultFailureHandler.java:4)
12-12 11:54:59.282  9681  9726 W DefaultFailureHandler: 	at androidx.test.espresso.base.DefaultFailureHandler.handle(DefaultFailureHandler.java:3)
12-12 11:54:59.282  9681  9726 W DefaultFailureHandler: 	at androidx.test.espresso.ViewInteraction.waitForAndHandleInteractionResults(ViewInteraction.java:8)
12-12 11:54:59.282  9681  9726 W DefaultFailureHandler: 	at androidx.test.espresso.ViewInteraction.desugaredPerform(ViewInteraction.java:11)
12-12 11:54:59.282  9681  9726 W DefaultFailureHandler: 	at androidx.test.espresso.ViewInteraction.perform(ViewInteraction.java:8)
12-12 11:54:59.282  9681  9726 W DefaultFailureHandler: 	at ru.iteco.fmhandroid.ui.steps.ClaimsPageSteps.scrollToElementInRecyclerList(ClaimsPageSteps.java:127)
12-12 11:54:59.282  9681  9726 W DefaultFailureHandler: 	at ru.iteco.fmhandroid.ui.steps.ClaimsPageSteps.openClaimCard(ClaimsPageSteps.java:158)
12-12 11:54:59.282  9681  9726 W DefaultFailureHandler: 	at ru.iteco.fmhandroid.ui.ClaimsCreationFormTest.shouldCreateAClaimWithoutAnExecutor(ClaimsCreationFormTest.java:295)
12-12 11:54:59.282  9681  9726 W DefaultFailureHandler: 	at java.lang.reflect.Method.invoke(Native Method)
12-12 11:54:59.282  9681  9726 W DefaultFailureHandler: 	at org.junit.runners.model.FrameworkMethod$1.runReflectiveCall(FrameworkMethod.java:59)
12-12 11:54:59.282  9681  9726 W DefaultFailureHandler: 	at org.junit.internal.runners.model.ReflectiveCallable.run(ReflectiveCallable.java:12)
12-12 11:54:59.282  9681  9726 W DefaultFailureHandler: 	at org.junit.runners.model.FrameworkMethod.invokeExplosively(FrameworkMethod.java:56)
12-12 11:54:59.282  9681  9726 W DefaultFailureHandler: 	at org.junit.internal.runners.statements.InvokeMethod.evaluate(InvokeMethod.java:17)
12-12 11:54:59.282  9681  9726 W DefaultFailureHandler: 	at androidx.test.internal.runner.junit4.statement.RunBefores.evaluate(RunBefores.java:80)
12-12 11:54:59.282  9681  9726 W DefaultFailureHandler: 	at androidx.test.internal.runner.junit4.statement.RunAfters.evaluate(RunAfters.java:61)
12-12 11:54:59.282  9681  9726 W DefaultFailureHandler: 	at io.qameta.allure.android.rules.ScreenshotRule$apply$1.evaluate(ScreenshotRule.kt:22)
12-12 11:54:59.282  9681  9726 W DefaultFailureHandler: 	at org.junit.rules.ExternalResource$1.evaluate(ExternalResource.java:54)
12-12 11:54:59.282  9681  9726 W DefaultFailureHandler: 	at io.qameta.allure.android.rules.LogcatRule$apply$1.evaluate(LogcatRule.kt:23)
12-12 11:54:59.282  9681  9726 W DefaultFailureHandler: 	at org.junit.rules.RunRules.evaluate(RunRules.java:20)
12-12 11:54:59.282  9681  9726 W DefaultFailureHandler: 	at org.junit.runners.ParentRunner$3.evaluate(ParentRunner.java:306)
12-12 11:54:59.282  9681  9726 W DefaultFailureHandler: 	at org.junit.runners.BlockJUnit4ClassRunner$1.evaluate(BlockJUnit4ClassRunner.java:100)
12-12 11:54:59.282  9681  9726 W DefaultFailureHandler: 	at org.junit.runners.ParentRunner.runLeaf(ParentRunner.java:366)
12-12 11:54:59.282  9681  9726 W DefaultFailureHandler: 	at org.junit.runners.BlockJUnit4ClassRunner.runChild(BlockJUnit4ClassRunner.java:103)
12-12 11:54:59.282  9681  9726 W DefaultFailureHandler: 	at org.junit.runners.BlockJUnit4ClassRunner.runChild(BlockJUnit4ClassRunner.java:63)
12-12 11:54:59.282  9681  9726 W DefaultFailureHandler: 	at org.junit.runners.ParentRunner$4.run(ParentRunner.java:331)
12-12 11:54:59.282  9681  9726 W DefaultFailureHandler: 	at org.junit.runners.ParentRunner$1.schedule(ParentRunner.java:79)
12-12 11:54:59.282  9681  9726 W DefaultFailureHandler: 	at org.junit.runners.ParentRunner.runChildren(ParentRunner.java:329)
12-12 11:54:59.282  9681  9726 W DefaultFailureHandler: 	at org.junit.runners.ParentRunner.access$100(ParentRunner.java:66)
12-12 11:54:59.282  9681  9726 W DefaultFailureHandler: 	at org.junit.runners.ParentRunner$2.evaluate(ParentRunner.java:293)
12-12 11:54:59.282  9681  9726 W DefaultFailureHandler: 	at org.junit.runners.ParentRunner$3.evaluate(ParentRunner.java:306)
12-12 11:54:59.282  9681  9726 W DefaultFailureHandler: 	at org.junit.runners.ParentRunner.run(ParentRunner.java:413)
12-12 11:54:59.282  9681  9726 W DefaultFailureHandler: 	at androidx.test.ext.junit.runners.AndroidJUnit4.run(AndroidJUnit4.java:162)
12-12 11:54:59.282  9681  9726 W DefaultFailureHandler: 	at io.qameta.allure.android.runners.AllureAndroidJUnit4.run(AllureAndroidJUnitRunners.kt:29)
12-12 11:54:59.282  9681  9726 W DefaultFailureHandler: 	at org.junit.runners.Suite.runChild(Suite.java:128)
12-12 11:54:59.282  9681  9726 W DefaultFailureHandler: 	at org.junit.runners.Suite.runChild(Suite.java:27)
12-12 11:54:59.282  9681  9726 W DefaultFailureHandler: 	at org.junit.runners.ParentRunner$4.run(ParentRunner.java:331)
12-12 11:54:59.282  9681  9726 W DefaultFailureHandler: 	at org.junit.runners.ParentRunner$1.schedule(ParentRunner.java:79)
12-12 11:54:59.282  9681  9726 W DefaultFailureHandler: 	at org.junit.runners.ParentRunner.runChildren(ParentRunner.java:329)
12-12 11:54:59.282  9681  9726 W DefaultFailureHandler: 	at org.junit.runners.ParentRunner.access$100(ParentRunner.java:66)
12-12 11:54:59.282  9681  9726 W DefaultFailureHandler: 	at org.junit.runners.ParentRunner$2.evaluate(ParentRunner.java:293)
12-12 11:54:59.282  9681  9726 W DefaultFailureHandler: 	at org.junit.runners.ParentRunner$3.evaluate(ParentRunner.java:306)
12-12 11:54:59.282  9681  9726 W DefaultFailureHandler: 	at org.junit.runners.ParentRunner.run(ParentRunner.java:413)
12-12 11:54:59.282  9681  9726 W DefaultFailureHandler: 	at org.junit.runner.JUnitCore.run(JUnitCore.java:137)
12-12 11:54:59.282  9681  9726 W DefaultFailureHandler: 	at org.junit.runner.JUnitCore.run(JUnitCore.java:115)
12-12 11:54:59.282  9681  9726 W DefaultFailureHandler: 	at androidx.test.internal.runner.TestExecutor.execute(TestExecutor.java:67)
12-12 11:54:59.282  9681  9726 W DefaultFailureHandler: 	at androidx.test.internal.runner.TestExecutor.execute(TestExecutor.java:58)
12-12 11:54:59.284  9681  9726 W DefaultFailureHandler: 	at androidx.test.runner.AndroidJUnitRunner.onStart(AndroidJUnitRunner.java:438)
12-12 11:54:59.284  9681  9726 W DefaultFailureHandler: 	at android.app.Instrumentation$InstrumentationThread.run(Instrumentation.java:2189)
12-12 11:54:59.284  9681  9726 W DefaultFailureHandler: Caused by: android.system.ErrnoException: open failed: EROFS (Read-only file system)
12-12 11:54:59.284  9681  9726 W DefaultFailureHandler: 	at libcore.io.Linux.open(Native Method)
12-12 11:54:59.284  9681  9726 W DefaultFailureHandler: 	at libcore.io.ForwardingOs.open(ForwardingOs.java:167)
12-12 11:54:59.284  9681  9726 W DefaultFailureHandler: 	at libcore.io.BlockGuardOs.open(BlockGuardOs.java:252)
12-12 11:54:59.284  9681  9726 W DefaultFailureHandler: 	at libcore.io.ForwardingOs.open(ForwardingOs.java:167)
12-12 11:54:59.284  9681  9726 W DefaultFailureHandler: 	at android.app.ActivityThread$AndroidOs.open(ActivityThread.java:7255)
12-12 11:54:59.284  9681  9726 W DefaultFailureHandler: 	at libcore.io.IoBridge.open(IoBridge.java:482)
12-12 11:54:59.284  9681  9726 W DefaultFailureHandler: 	... 52 more
12-12 11:55:00.005  2161  2161 D KeyguardClockSwitch: Updating clock: 1155
12-12 11:55:00.016  2161  2570 D EGL_emulation: eglMakeCurrent: 0xe7a7fbe0: ver 2 0 (tinfo 0xd11aea40)
12-12 11:55:00.079  2161  2161 D StatusBar: disable<e i a s b h r c s > disable2<q i n >
12-12 11:55:00.126  2161  2570 D EGL_emulation: eglMakeCurrent: 0xe7a7fbe0: ver 2 0 (tinfo 0xd11aea40)
12-12 11:55:00.149  1776  1828 D gralloc_ranchu: gralloc_alloc: Creating ashmem region of size 10108928
12-12 11:55:00.159  2161  2570 D EGL_emulation: eglMakeCurrent: 0xe7a7fbe0: ver 2 0 (tinfo 0xd11aea40)
12-12 11:55:00.204  1776  1828 D gralloc_ranchu: gralloc_alloc: Creating ashmem region of size 10108928
12-12 11:55:00.216  2161  2161 D StatusBar: disable<e i a s b h r c s > disable2<q i n >
12-12 11:55:00.257  1776  1828 D gralloc_ranchu: gralloc_alloc: Creating ashmem region of size 10108928
12-12 11:55:00.496  2511  3211 I PhenotypeIme: FetchConfigurationTask.fetchConfiguration() : com.google.android.inputmethod.latin
12-12 11:55:00.726  2511  3211 I PhenotypeIme: FetchConfigurationTask.fetchConfiguration() : ConfigurationsResult = Persisted
12-12 11:55:00.759  2511  3211 I PhenotypeIme: FetchConfigurationTask.fetchConfiguration() : Success after 264 ms
12-12 11:55:01.338  9681  9726 I QueryController: Matched selector: UiSelector[DESCRIPTION=Airplane mode] <<==>> [android.view.accessibility.AccessibilityNodeInfo@74dd3; boundsInParent: Rect(0, 0 - 292, 292); boundsInScreen: Rect(736, 804 - 1028, 1096); packageName: com.android.systemui; className: android.widget.Switch; text: Off; error: null; maxTextLength: -1; contentDescription: Airplane mode; tooltipText: null; viewIdResName: null; checkable: true; checked: false; focusable: true; focused: false; selected: false; clickable: true; longClickable: true; contextClickable: false; enabled: true; password: false; scrollable: false; importantForAccessibility: true; visible: true; actions: [AccessibilityAction: ACTION_FOCUS - null, AccessibilityAction: ACTION_SELECT - null, AccessibilityAction: ACTION_CLEAR_SELECTION - null, AccessibilityAction: ACTION_CLICK - null, AccessibilityAction: ACTION_ACCESSIBILITY_FOCUS - null, AccessibilityAction: ACTION_NEXT_AT_MOVEMENT_GRANULARITY - null, AccessibilityAction: ACTION_PREVIOUS_AT_MOVEMENT_GRANULARITY - null, AccessibilityAction: ACTION_SET_SELECTION - null, AccessibilityAction: ACTION_SHOW_ON_SCREEN - null, AccessibilityAction: ACTION_LONG_CLICK - Open settings]]
12-12 11:55:01.355  2009  2040 D AutofillManagerService: onBackKeyPressed()
12-12 11:55:01.756  1765  1916 W audio_hw_generic: Not supplying enough data to HAL, expected position 4478431 , only wrote 3889985
12-12 11:55:02.008  2161  2161 V StatusBar: mStatusBarWindow: com.android.systemui.statusbar.phone.StatusBarWindowView{f80b54d V.E...... ........ 0,0-1080,2340} canPanelBeCollapsed(): true
12-12 11:55:02.015  2161  2161 D StatusBar: disable<e i a s b h r c s > disable2<q i n >
12-12 11:55:02.041  1776  1828 D gralloc_ranchu: gralloc_alloc: Creating ashmem region of size 10108928
12-12 11:55:02.086  2161  2161 D StatusBar: disable<e i a s b h r c s > disable2<q i n >
12-12 11:55:02.153  2161  2570 D EGL_emulation: eglMakeCurrent: 0xe7a7fbe0: ver 2 0 (tinfo 0xd11aea40)
12-12 11:55:02.157  1776  1828 D gralloc_ranchu: gralloc_alloc: Creating ashmem region of size 286720
12-12 11:55:02.177  2161  2570 D EGL_emulation: eglMakeCurrent: 0xe7a7fbe0: ver 2 0 (tinfo 0xd11aea40)
12-12 11:55:02.197  1776  1828 D gralloc_ranchu: gralloc_alloc: Creating ashmem region of size 286720
12-12 11:55:02.209  1776  1828 D gralloc_ranchu: gralloc_alloc: Creating ashmem region of size 286720
12-12 11:55:02.407  9681  9694 I teco.fmhandroi: NativeAlloc concurrent copying GC freed 69004(3421KB) AllocSpace objects, 2(32KB) LOS objects, 31% free, 12MB/18MB, paused 598us total 132.359ms
12-12 11:55:02.007  2009  2040 D AutofillManagerService: onBackKeyPressed()
12-12 11:55:02.492  2009  3772 I ActivityTaskManager: START u0 {act=android.intent.action.MAIN cat=[android.intent.category.LAUNCHER] flg=0x10000000 cmp=ru.iteco.fmhandroid.test/androidx.test.core.app.InstrumentationActivityInvoker$EmptyActivity} from uid 10146
12-12 11:55:02.507  9681  9681 D LifecycleMonitor: Lifecycle status change: ru.iteco.fmhandroid.ui.AppActivity@bb51593 in: PAUSED
12-12 11:55:02.508  9681  9681 V ActivityScenario: Update currentActivityStage to PAUSED, currentActivity=ru.iteco.fmhandroid.ui.AppActivity@bb51593
12-12 11:55:02.509  2009  6341 W InputReader: Device has associated, but no associated display id.
12-12 11:55:02.514  2009  6341 I chatty  : uid=1000(system) Binder:2009_19 identical 38 lines
12-12 11:55:02.514  2009  6341 W InputReader: Device has associated, but no associated display id.
12-12 11:55:02.515  9738  9738 W ActivityThread: handleWindowVisibility: no activity for token android.os.BinderProxy@9533af5
12-12 11:55:02.519  9681  9720 V FA      : Recording user engagement, ms: 25036
12-12 11:55:02.524  2009  6341 W InputReader: Device has associated, but no associated display id.
12-12 11:55:02.524  2009  6341 I chatty  : uid=1000(system) Binder:2009_19 identical 8 lines
12-12 11:55:02.524  2009  6341 W InputReader: Device has associated, but no associated display id.
12-12 11:55:02.595  9681  9720 V FA      : Connecting to remote service
12-12 11:55:02.604  2009  6341 W InputReader: Device has associated, but no associated display id.
12-12 11:55:02.610  2009  6341 I chatty  : uid=1000(system) Binder:2009_19 identical 48 lines
12-12 11:55:02.610  2009  6341 W InputReader: Device has associated, but no associated display id.
12-12 11:55:02.638  9738  9770 D HostConnection: HostConnection::get() New Host Connection established 0xd4757190, tid 9770
12-12 11:55:02.645  9738  9770 D HostConnection: HostComposition ext ANDROID_EMU_CHECKSUM_HELPER_v1 ANDROID_EMU_dma_v1 ANDROID_EMU_direct_mem ANDROID_EMU_host_composition_v1 ANDROID_EMU_host_composition_v2 ANDROID_EMU_vulkan ANDROID_EMU_deferred_vulkan_commands ANDROID_EMU_vulkan_null_optional_strings ANDROID_EMU_vulkan_create_resources_with_requirements ANDROID_EMU_YUV_Cache ANDROID_EMU_vulkan_ignored_handles ANDROID_EMU_vulkan_free_memory_sync ANDROID_EMU_vulkan_shader_float16_int8 ANDROID_EMU_vulkan_async_queue_submit ANDROID_EMU_sync_buffer_data GL_OES_vertex_array_object GL_KHR_texture_compression_astc_ldr ANDROID_EMU_host_side_tracing ANDROID_EMU_gles_max_version_2 
12-12 11:55:02.650  9738  9770 W OpenGLRenderer: Failed to choose config with EGL_SWAP_BEHAVIOR_PRESERVED, retrying without...
12-12 11:55:02.675  9681  9720 V FA      : Connection attempt already in progress
12-12 11:55:02.675  9681  9720 V FA      : Activity paused, time: 3528184
12-12 11:55:02.682  9738  9770 D EGL_emulation: eglCreateContext: 0xd471a3c0: maj 2 min 0 rcv 2
12-12 11:55:02.688  9738  9770 D EGL_emulation: eglMakeCurrent: 0xd471a3c0: ver 2 0 (tinfo 0xd470f0e0)
12-12 11:55:02.697  1776  1828 D gralloc_ranchu: gralloc_alloc: Creating ashmem region of size 10108928
12-12 11:55:02.697  9681  9720 D FA      : Connected to remote service
12-12 11:55:02.698  9681  9720 V FA      : Processing queued up service tasks: 2
12-12 11:55:02.699  1650  1650 I hwservicemanager: getTransport: Cannot find entry android.hardware.graphics.mapper@3.0::IMapper/default in either framework or device manifest.
12-12 11:55:02.700  9738  9770 W Gralloc3: mapper 3.x is not supported
12-12 11:55:02.703  9738  9770 D HostConnection: createUnique: call
12-12 11:55:02.704  9738  9770 D HostConnection: HostConnection::get() New Host Connection established 0xd47575f0, tid 9770
12-12 11:55:02.707  9738  9770 D HostConnection: HostComposition ext ANDROID_EMU_CHECKSUM_HELPER_v1 ANDROID_EMU_dma_v1 ANDROID_EMU_direct_mem ANDROID_EMU_host_composition_v1 ANDROID_EMU_host_composition_v2 ANDROID_EMU_vulkan ANDROID_EMU_deferred_vulkan_commands ANDROID_EMU_vulkan_null_optional_strings ANDROID_EMU_vulkan_create_resources_with_requirements ANDROID_EMU_YUV_Cache ANDROID_EMU_vulkan_ignored_handles ANDROID_EMU_vulkan_free_memory_sync ANDROID_EMU_vulkan_shader_float16_int8 ANDROID_EMU_vulkan_async_queue_submit ANDROID_EMU_sync_buffer_data GL_OES_vertex_array_object GL_KHR_texture_compression_astc_ldr ANDROID_EMU_host_side_tracing ANDROID_EMU_gles_max_version_2 
12-12 11:55:02.708  9738  9770 D eglCodecCommon: allocate: Ask for block of size 0x1000
12-12 11:55:02.708  9738  9770 D eglCodecCommon: allocate: ioctl allocate returned offset 0x3ff647000 size 0x2000
12-12 11:55:02.710  1776  1828 D gralloc_ranchu: gralloc_alloc: Creating ashmem region of size 10108928
12-12 11:55:02.711  1776  1828 D gralloc_ranchu: gralloc_alloc: Creating ashmem region of size 10108928
12-12 11:55:02.717  9738  9770 D EGL_emulation: eglMakeCurrent: 0xd471a3c0: ver 2 0 (tinfo 0xd470f0e0)
12-12 11:55:02.738  2861  9729 V FA-SVC  : Logging event: origin=auto,name=user_engagement(_e),params=Bundle[{ga_event_origin(_o)=auto, engagement_time_msec(_et)=25036, ga_screen_class(_sc)=AppActivity, ga_screen_id(_si)=7965191461496739243}]
12-12 11:55:02.768  2861  9729 V FA-SVC  : Upload scheduled in approximately ms: 3191818
12-12 11:55:02.769  2861  9729 V FA-SVC  : Unscheduling upload
12-12 11:55:02.772  2861  9729 V FA-SVC  : Scheduling upload, millis: 3191818
12-12 11:55:02.774  2861  9729 V FA-SVC  : Background event processing time, ms: 37
12-12 11:55:02.818  9738  9738 W ActivityThread: handleWindowVisibility: no activity for token android.os.BinderProxy@7e2903a
12-12 11:55:02.819  8263  8281 W System  : A resource failed to call close. 
12-12 11:55:02.576  2009  3772 I ActivityTaskManager: START u0 {act=android.intent.action.MAIN cat=[android.intent.category.LAUNCHER] flg=0x10000000 cmp=ru.iteco.fmhandroid.test/androidx.test.core.app.InstrumentationActivityInvoker$EmptyActivity} from uid 10146
12-12 11:55:02.844  2009  4963 W ActivityTaskManager: Duplicate finish request for ActivityRecord{fbd3ddb u0 ru.iteco.fmhandroid/.ui.AppActivity t413 f}
12-12 11:55:02.820  8263  8281 W System  : A resource failed to call close. 
12-12 11:55:02.874  1776  1828 D gralloc_ranchu: gralloc_alloc: Creating ashmem region of size 10108928
12-12 11:55:02.880  1776  1828 I chatty  : uid=1000(system) HwBinder:1776_1 identical 1 line
12-12 11:55:02.881  1776  1828 D gralloc_ranchu: gralloc_alloc: Creating ashmem region of size 10108928
12-12 11:55:02.890  9738  9770 D EGL_emulation: eglMakeCurrent: 0xd471a3c0: ver 2 0 (tinfo 0xd470f0e0)
12-12 11:55:02.953  2009  2043 W InputReader: Device has associated, but no associated display id.
12-12 11:55:02.955  2009  2043 I chatty  : uid=1000(system) android.anim identical 18 lines
12-12 11:55:02.955  2009  2043 W InputReader: Device has associated, but no associated display id.
12-12 11:55:02.963  2009  2047 I ActivityTaskManager: Displayed ru.iteco.fmhandroid.test/androidx.test.core.app.InstrumentationActivityInvoker$EmptyActivity: +325ms
12-12 11:55:02.968  9681  9773 D EGL_emulation: eglMakeCurrent: 0xe7a7e980: ver 2 0 (tinfo 0xe7ac0d30)
12-12 11:55:02.971  2009  3772 W InputReader: Device has associated, but no associated display id.
12-12 11:55:02.972  2009  3772 I chatty  : uid=1000(system) Binder:2009_E identical 8 lines
12-12 11:55:02.972  2009  3772 W InputReader: Device has associated, but no associated display id.
12-12 11:55:03.002  2009  4963 W InputReader: Device has associated, but no associated display id.
12-12 11:55:03.002  2009  4963 I chatty  : uid=1000(system) Binder:2009_11 identical 8 lines
12-12 11:55:03.002  2009  4963 W InputReader: Device has associated, but no associated display id.
12-12 11:55:03.026  9681  9681 D AutofillManager: onActivityFinishing(): calling cancelLocked()
12-12 11:55:03.027  9681  9681 D LifecycleMonitor: Lifecycle status change: ru.iteco.fmhandroid.ui.AppActivity@bb51593 in: STOPPED
12-12 11:55:03.027  9681  9681 V ActivityScenario: Update currentActivityStage to STOPPED, currentActivity=ru.iteco.fmhandroid.ui.AppActivity@bb51593
12-12 11:55:03.042  1776  1828 D gralloc_ranchu: gralloc_alloc: Creating ashmem region of size 10108928
12-12 11:55:03.054  1776  1828 D gralloc_ranchu: gralloc_alloc: Creating ashmem region of size 10108928
12-12 11:55:03.058  2934  3550 D EGL_emulation: eglMakeCurrent: 0xb4f69600: ver 2 0 (tinfo 0xb7b06800)
12-12 11:55:03.060  1776  1828 D gralloc_ranchu: gralloc_alloc: Creating ashmem region of size 10108928
12-12 11:55:03.082  2009  2009 W ActivityManager: Unable to start service Intent { act=android.service.appprediction.AppPredictionService cmp=com.google.android.as/com.google.android.apps.miphone.aiai.app.AiAiPredictionService } U=0: not found
12-12 11:55:03.082  2009  2009 W RemoteAppPredictionService: could not bind to Intent { act=android.service.appprediction.AppPredictionService cmp=com.google.android.as/com.google.android.apps.miphone.aiai.app.AiAiPredictionService } using flags 67108865
12-12 11:55:03.088  9681  9681 D LifecycleMonitor: Lifecycle status change: ru.iteco.fmhandroid.ui.AppActivity@bb51593 in: DESTROYED
12-12 11:55:03.088  9681  9681 V ActivityScenario: Update currentActivityStage to DESTROYED, currentActivity=null
12-12 11:55:03.108  1776  1828 D gralloc_ranchu: gralloc_alloc: Creating ashmem region of size 10108928
12-12 11:55:03.121  1776  1828 I chatty  : uid=1000(system) HwBinder:1776_1 identical 1 line
12-12 11:55:03.125  1776  1828 D gralloc_ranchu: gralloc_alloc: Creating ashmem region of size 10108928
12-12 11:55:03.127  2484  3096 D EGL_emulation: eglMakeCurrent: 0xe7a7f6a0: ver 2 0 (tinfo 0xdc8104f0)
12-12 11:55:03.143  2934  2934 W ThreadPoolDumper: Queue length for executor EventBus is now 11. Perhaps some tasks are too long, or the pool is too small.
12-12 11:55:03.171  2009  2043 W InputReader: Device has associated, but no associated display id.
12-12 11:55:03.172  2009  2043 I chatty  : uid=1000(system) android.anim identical 8 lines
12-12 11:55:03.172  2009  2043 W InputReader: Device has associated, but no associated display id.
12-12 11:55:03.177  1776  1828 D gralloc_ranchu: gralloc_alloc: Creating ashmem region of size 6471680
12-12 11:55:03.188  2161  2570 D EGL_emulation: eglMakeCurrent: 0xe7a7fbe0: ver 2 0 (tinfo 0xd11aea40)
12-12 11:55:03.210  2934  3332 W SessionLifecycleManager: Handover failed. Creating new session controller.
12-12 11:55:03.244  9738  9770 D EGL_emulation: eglMakeCurrent: 0xd471a3c0: ver 2 0 (tinfo 0xd470f0e0)
12-12 11:55:03.248  1792  1792 E Layer   : [Surface(name=AppWindowToken{751d5d1 token=Token{110dcf8 ActivityRecord{22e7c5b u0 ru.iteco.fmhandroid.test/androidx.test.core.app.InstrumentationActivityInvoker$EmptyActivity t413}}})/@0x41a2688 - animation-leash#0] No local sync point found
12-12 11:55:03.248  1792  1792 E Layer   : [Surface(name=AppWindowToken{837d646 token=Token{8c77221 ActivityRecord{c4f888 u0 com.google.android.apps.nexuslauncher/.NexusLauncherActivity t401}}})/@0x179ae30 - animation-leash#0] No local sync point found
12-12 11:55:03.293  2009  6383 D HostConnection: HostConnection::get() New Host Connection established 0xa91e0ad0, tid 6383
12-12 11:55:03.315  2009  6383 D HostConnection: HostComposition ext ANDROID_EMU_CHECKSUM_HELPER_v1 ANDROID_EMU_dma_v1 ANDROID_EMU_direct_mem ANDROID_EMU_host_composition_v1 ANDROID_EMU_host_composition_v2 ANDROID_EMU_vulkan ANDROID_EMU_deferred_vulkan_commands ANDROID_EMU_vulkan_null_optional_strings ANDROID_EMU_vulkan_create_resources_with_requirements ANDROID_EMU_YUV_Cache ANDROID_EMU_vulkan_ignored_handles ANDROID_EMU_vulkan_free_memory_sync ANDROID_EMU_vulkan_shader_float16_int8 ANDROID_EMU_vulkan_async_queue_submit ANDROID_EMU_sync_buffer_data GL_OES_vertex_array_object GL_KHR_texture_compression_astc_ldr ANDROID_EMU_host_side_tracing ANDROID_EMU_gles_max_version_2 
12-12 11:55:03.317  2009  6383 W OpenGLRenderer: Failed to choose config with EGL_SWAP_BEHAVIOR_PRESERVED, retrying without...
