12-08 06:39:32.819  2018  2037 W InputReader: Device has associated, but no associated display id.
12-08 06:39:32.819  2018  2037 I chatty  : uid=1000(system) Binder:2018_2 identical 8 lines
12-08 06:39:32.819  2018  2037 W InputReader: Device has associated, but no associated display id.
12-08 06:39:32.835  2656 14352 I ctxmgr  : [ProducerStatusImpl] updateStateForNewContextData: inactive, contextName=7 [CONTEXT service_id=47 ]
12-08 06:39:32.840  2018  2054 W InputReader: Device has associated, but no associated display id.
12-08 06:39:32.841  2018  2054 I chatty  : uid=1000(system) android.anim identical 8 lines
12-08 06:39:32.841  2018  2054 W InputReader: Device has associated, but no associated display id.
12-08 06:39:32.851 13607 13607 D LifecycleMonitor: Lifecycle status change: ru.iteco.fmhandroid.ui.AppActivity@1d2c3e5 in: PRE_ON_CREATE
12-08 06:39:32.851 13607 13607 V ActivityScenario: Activity lifecycle changed event received but ignored because the reported transition was not ON_CREATE while the last known transition was PRE_ON_CREATE
12-08 06:39:32.864 13607 13639 V FA      : onActivityCreated
12-08 06:39:32.871 12448 12488 D EGL_emulation: eglMakeCurrent: 0xe594d140: ver 2 0 (tinfo 0xc539bd10)
12-08 06:39:32.875  2962  3510 D EGL_emulation: eglMakeCurrent: 0xe597e200: ver 2 0 (tinfo 0xbffb2540)
12-08 06:39:32.900 13607 13607 D LifecycleMonitor: Lifecycle status change: ru.iteco.fmhandroid.ui.AppActivity@1d2c3e5 in: CREATED
12-08 06:39:32.901 13607 13607 V ActivityScenario: Update currentActivityStage to CREATED, currentActivity=ru.iteco.fmhandroid.ui.AppActivity@1d2c3e5
12-08 06:39:32.945 13607 13607 D LifecycleMonitor: Lifecycle status change: ru.iteco.fmhandroid.ui.AppActivity@1d2c3e5 in: STARTED
12-08 06:39:32.945 13607 13607 V ActivityScenario: Update currentActivityStage to STARTED, currentActivity=ru.iteco.fmhandroid.ui.AppActivity@1d2c3e5
12-08 06:39:32.946 13607 13607 D LifecycleMonitor: Lifecycle status change: ru.iteco.fmhandroid.ui.AppActivity@1d2c3e5 in: RESUMED
12-08 06:39:32.947 13607 13607 V ActivityScenario: Update currentActivityStage to RESUMED, currentActivity=ru.iteco.fmhandroid.ui.AppActivity@1d2c3e5
12-08 06:39:32.948 13607 13644 V FA      : Activity resumed, time: 62348691
12-08 06:39:32.959  2962 13705 I PBSessionCacheImpl: Deleted sessionId[635180286348] from persistence.
12-08 06:39:32.968  2962  3348 W SearchServiceCore: Abort, client detached.
12-08 06:39:32.994  1776  1776 D gralloc_ranchu: gralloc_alloc: Creating ashmem region of size 10108928
12-08 06:39:33.002  1776  1776 D gralloc_ranchu: gralloc_alloc: Creating ashmem region of size 10108928
12-08 06:39:33.005  1776  1927 D gralloc_ranchu: gralloc_alloc: Creating ashmem region of size 10108928
12-08 06:39:33.008 13607 13699 D EGL_emulation: eglMakeCurrent: 0xe593e8c0: ver 2 0 (tinfo 0xf0c99e70)
12-08 06:39:33.049  2656  3542 W GCoreFlp: No location to return for getLastLocation()
12-08 06:39:33.080  2170  2566 D EGL_emulation: eglMakeCurrent: 0xe594e040: ver 2 0 (tinfo 0xc52450c0)
12-08 06:39:33.141  2018  2058 I ActivityTaskManager: Displayed ru.iteco.fmhandroid/.ui.AppActivity: +338ms
12-08 06:39:33.148 13607 13607 I ViewInteraction: Performing 'wait for a specific view with <(an instance of android.widget.TextView and view.getText() with or without transformation to match: is "Authorization" and view.getParent() view.getParent() view.getId() is <2131231186>)> during 10000 millis.' action on view view.getRootView() to equal view
12-08 06:39:33.178  2656 14322 I LogUtils: [Places]: ?: Couldn't find platform key file. [CONTEXT service_id=253 ]
12-08 06:39:33.183  2656 14327 I LogUtils: [Places]: ?: Couldn't find platform key file. [CONTEXT service_id=253 ]
12-08 06:39:33.183  2656  2671 I .gms.persisten: Background concurrent copying GC freed 84974(3918KB) AllocSpace objects, 47(3984KB) LOS objects, 37% free, 10MB/16MB, paused 896us total 243.971ms
12-08 06:39:33.196  2656  3542 W GCoreFlp: No location to return for getLastLocation()
12-08 06:39:33.197  2873 13654 V FA-SVC  : Logging event: origin=auto,name=screen_view(_vs),params=Bundle[{ga_event_origin(_o)=auto, ga_previous_class(_pc)=AppActivity, ga_previous_id(_pi)=-527999674539728461, ga_screen_class(_sc)=AppActivity, ga_screen_id(_si)=-527999674539728460}]
12-08 06:39:33.212  2873 13654 V FA-SVC  : Upload scheduled in approximately ms: 3124417
12-08 06:39:33.212  2873 13654 V FA-SVC  : Unscheduling upload
12-08 06:39:33.219  2873 13654 V FA-SVC  : Scheduling upload, millis: 3124417
12-08 06:39:33.225  2873 13654 V FA-SVC  : Background event processing time, ms: 28
12-08 06:39:33.251  2656  2656 I GeofencerStateMachine: removeGeofences: removeRequest=RemoveGeofencingRequest[REMOVE_BY_PENDING_INTENT pendingIntent=PendingIntent[creatorPackage=com.google.android.gms], packageName=com.google.android.gms]
12-08 06:39:33.256  2656  2656 I GeofencerStateMachine: removeGeofences: removeRequest=RemoveGeofencingRequest[REMOVE_BY_PENDING_INTENT pendingIntent=PendingIntent[creatorPackage=com.google.android.gms], packageName=com.google.android.gms]
12-08 06:39:33.268  2656 14327 I LogUtils: [Places]: ?: Couldn't find platform key file. [CONTEXT service_id=253 ]
12-08 06:39:33.270  2656 14381 I PlacesLogger: [PlaceInferenceEngine]: [anon] Changed inference mode: 0 [CONTEXT service_id=253 ]
12-08 06:39:33.273  2656 14382 I LogUtils: [Places]: ?: Couldn't find platform key file. [CONTEXT service_id=253 ]
12-08 06:39:33.290  2656  3542 W GCoreFlp: No location to return for getLastLocation()
12-08 06:39:33.305  2656 14384 I LogUtils: [Places]: ?: Couldn't find platform key file. [CONTEXT service_id=253 ]
12-08 06:39:33.319  2656 14327 I LogUtils: [Places]: ?: Couldn't find platform key file. [CONTEXT service_id=253 ]
12-08 06:39:33.323  2656 14381 I LogUtils: [Places]: ?: PlacesBleScanner start() with priority 2 [CONTEXT service_id=253 ]
12-08 06:39:33.323  2656 14381 I PlacesLogger: [PlaceInferenceEngine]: [anon] Changed inference mode: 1 [CONTEXT service_id=253 ]
12-08 06:39:33.331  2656 14352 E SQLiteDatabase: Error inserting flex_time=3124000 job_id=-1 period=6249000 source=16 requires_charging=0 preferred_network_type=1 target_class=com.google.android.gms.measurement.PackageMeasurementTaskService user_id=0 target_package=com.google.android.gms tag=Measurement.PackageMeasurementTaskService.UPLOAD_TASK_TAG task_type=0 required_idleness_state=0 service_kind=0 source_version=202414000 persistence_level=1 preferred_charging_state=1 required_network_type=0 runtime=1670499573257 retry_strategy={"maximum_backoff_seconds":{"3600":0},"initial_backoff_seconds":{"30":0},"retry_policy":{"0":0}} last_runtime=0
12-08 06:39:33.331  2656 14352 E SQLiteDatabase: android.database.sqlite.SQLiteConstraintException: UNIQUE constraint failed: pending_ops.tag, pending_ops.target_class, pending_ops.target_package, pending_ops.user_id (code 2067 SQLITE_CONSTRAINT_UNIQUE)
12-08 06:39:33.331  2656 14352 E SQLiteDatabase: 	at android.database.sqlite.SQLiteConnection.nativeExecuteForLastInsertedRowId(Native Method)
12-08 06:39:33.331  2656 14352 E SQLiteDatabase: 	at android.database.sqlite.SQLiteConnection.executeForLastInsertedRowId(SQLiteConnection.java:879)
12-08 06:39:33.331  2656 14352 E SQLiteDatabase: 	at android.database.sqlite.SQLiteSession.executeForLastInsertedRowId(SQLiteSession.java:790)
12-08 06:39:33.331  2656 14352 E SQLiteDatabase: 	at android.database.sqlite.SQLiteStatement.executeInsert(SQLiteStatement.java:88)
12-08 06:39:33.331  2656 14352 E SQLiteDatabase: 	at android.database.sqlite.SQLiteDatabase.insertWithOnConflict(SQLiteDatabase.java:1599)
12-08 06:39:33.331  2656 14352 E SQLiteDatabase: 	at android.database.sqlite.SQLiteDatabase.insert(SQLiteDatabase.java:1468)
12-08 06:39:33.331  2656 14352 E SQLiteDatabase: 	at aqui.a(:com.google.android.gms@202414022@20.24.14 (040700-319035315):175)
12-08 06:39:33.331  2656 14352 E SQLiteDatabase: 	at aqtk.a(:com.google.android.gms@202414022@20.24.14 (040700-319035315):182)
12-08 06:39:33.331  2656 14352 E SQLiteDatabase: 	at aqtk.a(:com.google.android.gms@202414022@20.24.14 (040700-319035315):23)
12-08 06:39:33.331  2656 14352 E SQLiteDatabase: 	at aqtk.a(:com.google.android.gms@202414022@20.24.14 (040700-319035315):177)
12-08 06:39:33.331  2656 14352 E SQLiteDatabase: 	at aqpu.run(:com.google.android.gms@202414022@20.24.14 (040700-319035315):9)
12-08 06:39:33.331  2656 14352 E SQLiteDatabase: 	at soy.b(:com.google.android.gms@202414022@20.24.14 (040700-319035315):12)
12-08 06:39:33.331  2656 14352 E SQLiteDatabase: 	at soy.run(:com.google.android.gms@202414022@20.24.14 (040700-319035315):7)
12-08 06:39:33.331  2656 14352 E SQLiteDatabase: 	at java.util.concurrent.ThreadPoolExecutor.runWorker(ThreadPoolExecutor.java:1167)
12-08 06:39:33.331  2656 14352 E SQLiteDatabase: 	at java.util.concurrent.ThreadPoolExecutor$Worker.run(ThreadPoolExecutor.java:641)
12-08 06:39:33.331  2656 14352 E SQLiteDatabase: 	at sux.run(:com.google.android.gms@202414022@20.24.14 (040700-319035315):0)
12-08 06:39:33.331  2656 14352 E SQLiteDatabase: 	at java.lang.Thread.run(Thread.java:919)
12-08 06:39:33.339  2656  2656 E BeaconBle: Missing BluetoothAdapter [CONTEXT service_id=111 ]
12-08 06:39:33.339  2656  2656 I BeaconBle: BLE 'KK+' software access layer enabled [CONTEXT service_id=111 ]
12-08 06:39:33.365  2656  2656 I BeaconBle: Client requested scan, settings=BleSettings [scanMode=ZERO_POWER, callbackType=ALL_MATCHES, reportDelayMillis=0, 1 filters, 0 clients, callingClientName=Places] [CONTEXT service_id=111 ]
12-08 06:39:33.366  2656  2656 I BeaconBle: Scan : No clients left, canceling alarm. [CONTEXT service_id=111 ]
12-08 06:39:33.368  2656  2656 E BeaconBle: Scan couldn't start for Places [CONTEXT service_id=111 ]
12-08 06:39:33.368  2656  2656 W Places  : BLE failure while scanning - code 5
12-08 06:39:33.379  2656  3542 W GCoreFlp: No location to return for getLastLocation()
12-08 06:39:33.768  2018  3031 D WificondControl: Scan result ready event
12-08 06:39:35.948 13607 13717 I okhttp.OkHttpClient: --> GET http://www.981757-ca08998.tmweb.ru:8080/fmh/authentication/userInfo
12-08 06:39:35.948 13607 13717 I okhttp.OkHttpClient: --> END GET
12-08 06:39:36.581 13607 13717 I okhttp.OkHttpClient: <-- 200 http://www.981757-ca08998.tmweb.ru:8080/fmh/authentication/userInfo (633ms)
12-08 06:39:36.581 13607 13717 I okhttp.OkHttpClient: Vary: Origin
12-08 06:39:36.582 13607 13717 I okhttp.OkHttpClient: Vary: Access-Control-Request-Method
12-08 06:39:36.582 13607 13717 I okhttp.OkHttpClient: Vary: Access-Control-Request-Headers
12-08 06:39:36.582 13607 13717 I okhttp.OkHttpClient: X-Content-Type-Options: nosniff
12-08 06:39:36.583 13607 13717 I okhttp.OkHttpClient: X-XSS-Protection: 1; mode=block
12-08 06:39:36.583 13607 13717 I okhttp.OkHttpClient: Cache-Control: no-cache, no-store, max-age=0, must-revalidate
12-08 06:39:36.583 13607 13717 I okhttp.OkHttpClient: Pragma: no-cache
12-08 06:39:36.583 13607 13717 I okhttp.OkHttpClient: Expires: 0
12-08 06:39:36.585 13607 13717 I okhttp.OkHttpClient: X-Frame-Options: DENY
12-08 06:39:36.585 13607 13717 I okhttp.OkHttpClient: Content-Type: application/json
12-08 06:39:36.586 13607 13717 I okhttp.OkHttpClient: Transfer-Encoding: chunked
12-08 06:39:36.586 13607 13717 I okhttp.OkHttpClient: Date: Thu, 08 Dec 2022 11:39:38 GMT
12-08 06:39:36.587 13607 13717 I okhttp.OkHttpClient: Keep-Alive: timeout=60
12-08 06:39:36.587 13607 13717 I okhttp.OkHttpClient: Connection: keep-alive
12-08 06:39:36.589 13607 13717 I okhttp.OkHttpClient: {"id":2,"firstName":"","lastName":"","middleName":"","admin":true}
12-08 06:39:36.589 13607 13717 I okhttp.OkHttpClient: <-- END HTTP (106-byte body)
12-08 06:39:36.599 13607 14185 I okhttp.OkHttpClient: --> GET http://www.981757-ca08998.tmweb.ru:8080/fmh/claims
12-08 06:39:36.599 13607 14185 I okhttp.OkHttpClient: --> END GET
12-08 06:39:38.063  2656 14322 I LogUtils: [Places]: ?: Couldn't find platform key file. [CONTEXT service_id=253 ]
12-08 06:39:38.073  2656 14322 I LogUtils: [Places]: ?: Couldn't find platform key file. [CONTEXT service_id=253 ]
12-08 06:39:38.099  2656 14381 I LogUtils: [Places]: ?: PlacesBleScanner stop() [CONTEXT service_id=253 ]
12-08 06:39:38.100  2656  2656 I BeaconBle: Scan : No clients left, canceling alarm. [CONTEXT service_id=111 ]
12-08 06:39:38.101  2656  2656 I BeaconBle: Scan canceled successfully. [CONTEXT service_id=111 ]
12-08 06:39:38.111  2656 14381 I PlacesLogger: [PlaceInferenceEngine]: [anon] Changed inference mode: 0 [CONTEXT service_id=253 ]
12-08 06:39:38.132  2656 14352 I LogUtils: [Places]: ?: Couldn't find platform key file. [CONTEXT service_id=253 ]
12-08 06:39:38.132  2656  3542 W GCoreFlp: No location to return for getLastLocation()
12-08 06:39:38.133  2656 14384 I LogUtils: [Places]: ?: Couldn't find platform key file. [CONTEXT service_id=253 ]
12-08 06:39:38.145  2656  2656 I GeofencerStateMachine: removeGeofences: removeRequest=RemoveGeofencingRequest[REMOVE_BY_PENDING_INTENT pendingIntent=PendingIntent[creatorPackage=com.google.android.gms], packageName=com.google.android.gms]
12-08 06:39:38.197 13607 13644 V FA      : Inactivity, disconnecting from the service
12-08 06:39:38.327  1893  1893 E netmgr  : Failed to open QEMU pipe 'qemud:network': Invalid argument
12-08 06:39:38.823 13607 14185 I okhttp.OkHttpClient: <-- 200 http://www.981757-ca08998.tmweb.ru:8080/fmh/claims (2223ms)
12-08 06:39:38.823 13607 14185 I okhttp.OkHttpClient: Vary: Origin
12-08 06:39:38.823 13607 14185 I okhttp.OkHttpClient: Vary: Access-Control-Request-Method
12-08 06:39:38.823 13607 14185 I okhttp.OkHttpClient: Vary: Access-Control-Request-Headers
12-08 06:39:38.823 13607 14185 I okhttp.OkHttpClient: X-Content-Type-Options: nosniff
12-08 06:39:38.823 13607 14185 I okhttp.OkHttpClient: X-XSS-Protection: 1; mode=block
12-08 06:39:38.823 13607 14185 I okhttp.OkHttpClient: Cache-Control: no-cache, no-store, max-age=0, must-revalidate
12-08 06:39:38.824 13607 14185 I okhttp.OkHttpClient: Pragma: no-cache
12-08 06:39:38.824 13607 14185 I okhttp.OkHttpClient: Expires: 0
12-08 06:39:38.826 13607 14185 I okhttp.OkHttpClient: X-Frame-Options: DENY
12-08 06:39:38.827 13607 14185 I okhttp.OkHttpClient: Content-Type: application/json
12-08 06:39:38.827 13607 14185 I okhttp.OkHttpClient: Transfer-Encoding: chunked
12-08 06:39:38.827 13607 14185 I okhttp.OkHttpClient: Date: Thu, 08 Dec 2022 11:39:41 GMT
12-08 06:39:38.827 13607 14185 I okhttp.OkHttpClient: Keep-Alive: timeout=60
12-08 06:39:38.827 13607 14185 I okhttp.OkHttpClient: Connection: keep-alive
12-08 06:39:42.949  2962  3348 I WorkerManager: dispose()
12-08 06:39:42.950  2962  3348 W ThreadPoolDumper: Queue length for executor EventBus is now 11. Perhaps some tasks are too long, or the pool is too small.
12-08 06:39:43.117  2656  2656 I BeaconBle: Scan : No clients left, canceling alarm. [CONTEXT service_id=111 ]
12-08 06:39:43.168 13607 13607 D takeScreenshot: Found 1 global views to redraw
12-08 06:39:43.212  1776  1927 D gralloc_ranchu: gralloc_alloc: Creating ashmem region of size 10108928
12-08 06:39:43.257 13607 13651 W DefaultFailureHandler: Failed to take screenshot
12-08 06:39:43.257 13607 13651 W DefaultFailureHandler: java.io.FileNotFoundException: view-op-error-24.png: open failed: EROFS (Read-only file system)
12-08 06:39:43.257 13607 13651 W DefaultFailureHandler: 	at libcore.io.IoBridge.open(IoBridge.java:496)
12-08 06:39:43.257 13607 13651 W DefaultFailureHandler: 	at java.io.FileOutputStream.<init>(FileOutputStream.java:235)
12-08 06:39:43.257 13607 13651 W DefaultFailureHandler: 	at java.io.FileOutputStream.<init>(FileOutputStream.java:125)
12-08 06:39:43.257 13607 13651 W DefaultFailureHandler: 	at androidx.test.platform.io.FileTestStorage.openOutputFile(FileTestStorage.java:60)
12-08 06:39:43.257 13607 13651 W DefaultFailureHandler: 	at androidx.test.core.graphics.BitmapStorage.writeToTestStorage(BitmapStorageExt.kt:49)
12-08 06:39:43.257 13607 13651 W DefaultFailureHandler: 	at androidx.test.espresso.base.DefaultFailureHandler.takeScreenshot(DefaultFailureHandler.java:4)
12-08 06:39:43.257 13607 13651 W DefaultFailureHandler: 	at androidx.test.espresso.base.DefaultFailureHandler.handle(DefaultFailureHandler.java:3)
12-08 06:39:43.257 13607 13651 W DefaultFailureHandler: 	at androidx.test.espresso.ViewInteraction.waitForAndHandleInteractionResults(ViewInteraction.java:8)
12-08 06:39:43.257 13607 13651 W DefaultFailureHandler: 	at androidx.test.espresso.ViewInteraction.desugaredPerform(ViewInteraction.java:11)
12-08 06:39:43.257 13607 13651 W DefaultFailureHandler: 	at androidx.test.espresso.ViewInteraction.perform(ViewInteraction.java:8)
12-08 06:39:43.257 13607 13651 W DefaultFailureHandler: 	at ru.iteco.fmhandroid.ui.data.TestUtils.waitView(TestUtils.java:61)
12-08 06:39:43.257 13607 13651 W DefaultFailureHandler: 	at ru.iteco.fmhandroid.ui.steps.AuthSteps.isAuthScreen(AuthSteps.java:56)
12-08 06:39:43.257 13607 13651 W DefaultFailureHandler: 	at ru.iteco.fmhandroid.ui.ClaimsCreationFormTest.logoutCheck(ClaimsCreationFormTest.java:59)
12-08 06:39:43.257 13607 13651 W DefaultFailureHandler: 	at java.lang.reflect.Method.invoke(Native Method)
12-08 06:39:43.257 13607 13651 W DefaultFailureHandler: 	at org.junit.runners.model.FrameworkMethod$1.runReflectiveCall(FrameworkMethod.java:59)
12-08 06:39:43.257 13607 13651 W DefaultFailureHandler: 	at org.junit.internal.runners.model.ReflectiveCallable.run(ReflectiveCallable.java:12)
12-08 06:39:43.257 13607 13651 W DefaultFailureHandler: 	at org.junit.runners.model.FrameworkMethod.invokeExplosively(FrameworkMethod.java:56)
12-08 06:39:43.257 13607 13651 W DefaultFailureHandler: 	at androidx.test.internal.runner.junit4.statement.RunBefores.evaluate(RunBefores.java:76)
12-08 06:39:43.257 13607 13651 W DefaultFailureHandler: 	at androidx.test.internal.runner.junit4.statement.RunAfters.evaluate(RunAfters.java:61)
12-08 06:39:43.257 13607 13651 W DefaultFailureHandler: 	at io.qameta.allure.android.rules.ScreenshotRule$apply$1.evaluate(ScreenshotRule.kt:22)
12-08 06:39:43.257 13607 13651 W DefaultFailureHandler: 	at org.junit.rules.ExternalResource$1.evaluate(ExternalResource.java:54)
12-08 06:39:43.257 13607 13651 W DefaultFailureHandler: 	at io.qameta.allure.android.rules.LogcatRule$apply$1.evaluate(LogcatRule.kt:23)
12-08 06:39:43.257 13607 13651 W DefaultFailureHandler: 	at org.junit.rules.RunRules.evaluate(RunRules.java:20)
12-08 06:39:43.257 13607 13651 W DefaultFailureHandler: 	at org.junit.runners.ParentRunner$3.evaluate(ParentRunner.java:306)
12-08 06:39:43.257 13607 13651 W DefaultFailureHandler: 	at org.junit.runners.BlockJUnit4ClassRunner$1.evaluate(BlockJUnit4ClassRunner.java:100)
12-08 06:39:43.257 13607 13651 W DefaultFailureHandler: 	at org.junit.runners.ParentRunner.runLeaf(ParentRunner.java:366)
12-08 06:39:43.257 13607 13651 W DefaultFailureHandler: 	at org.junit.runners.BlockJUnit4ClassRunner.runChild(BlockJUnit4ClassRunner.java:103)
12-08 06:39:43.257 13607 13651 W DefaultFailureHandler: 	at org.junit.runners.BlockJUnit4ClassRunner.runChild(BlockJUnit4ClassRunner.java:63)
12-08 06:39:43.257 13607 13651 W DefaultFailureHandler: 	at org.junit.runners.ParentRunner$4.run(ParentRunner.java:331)
12-08 06:39:43.257 13607 13651 W DefaultFailureHandler: 	at org.junit.runners.ParentRunner$1.schedule(ParentRunner.java:79)
12-08 06:39:43.257 13607 13651 W DefaultFailureHandler: 	at org.junit.runners.ParentRunner.runChildren(ParentRunner.java:329)
12-08 06:39:43.257 13607 13651 W DefaultFailureHandler: 	at org.junit.runners.ParentRunner.access$100(ParentRunner.java:66)
12-08 06:39:43.257 13607 13651 W DefaultFailureHandler: 	at org.junit.runners.ParentRunner$2.evaluate(ParentRunner.java:293)
12-08 06:39:43.257 13607 13651 W DefaultFailureHandler: 	at org.junit.runners.ParentRunner$3.evaluate(ParentRunner.java:306)
12-08 06:39:43.257 13607 13651 W DefaultFailureHandler: 	at org.junit.runners.ParentRunner.run(ParentRunner.java:413)
12-08 06:39:43.257 13607 13651 W DefaultFailureHandler: 	at androidx.test.ext.junit.runners.AndroidJUnit4.run(AndroidJUnit4.java:162)
12-08 06:39:43.257 13607 13651 W DefaultFailureHandler: 	at io.qameta.allure.android.runners.AllureAndroidJUnit4.run(AllureAndroidJUnitRunners.kt:29)
12-08 06:39:43.257 13607 13651 W DefaultFailureHandler: 	at org.junit.runners.Suite.runChild(Suite.java:128)
12-08 06:39:43.257 13607 13651 W DefaultFailureHandler: 	at org.junit.runners.Suite.runChild(Suite.java:27)
12-08 06:39:43.257 13607 13651 W DefaultFailureHandler: 	at org.junit.runners.ParentRunner$4.run(ParentRunner.java:331)
12-08 06:39:43.257 13607 13651 W DefaultFailureHandler: 	at org.junit.runners.ParentRunner$1.schedule(ParentRunner.java:79)
12-08 06:39:43.257 13607 13651 W DefaultFailureHandler: 	at org.junit.runners.ParentRunner.runChildren(ParentRunner.java:329)
12-08 06:39:43.257 13607 13651 W DefaultFailureHandler: 	at org.junit.runners.ParentRunner.access$100(ParentRunner.java:66)
12-08 06:39:43.257 13607 13651 W DefaultFailureHandler: 	at org.junit.runners.ParentRunner$2.evaluate(ParentRunner.java:293)
12-08 06:39:43.257 13607 13651 W DefaultFailureHandler: 	at org.junit.runners.ParentRunner$3.evaluate(ParentRunner.java:306)
12-08 06:39:43.257 13607 13651 W DefaultFailureHandler: 	at org.junit.runners.ParentRunner.run(ParentRunner.java:413)
12-08 06:39:43.257 13607 13651 W DefaultFailureHandler: 	at org.junit.runner.JUnitCore.run(JUnitCore.java:137)
12-08 06:39:43.257 13607 13651 W DefaultFailureHandler: 	at org.junit.runner.JUnitCore.run(JUnitCore.java:115)
12-08 06:39:43.257 13607 13651 W DefaultFailureHandler: 	at androidx.test.internal.runner.TestExecutor.execute(TestExecutor.java:67)
12-08 06:39:43.257 13607 13651 W DefaultFailureHandler: 	at androidx.test.internal.runner.TestExecutor.execute(TestExecutor.java:58)
12-08 06:39:43.257 13607 13651 W DefaultFailureHandler: 	at androidx.test.runner.AndroidJUnitRunner.onStart(AndroidJUnitRunner.java:438)
12-08 06:39:43.257 13607 13651 W DefaultFailureHandler: 	at android.app.Instrumentation$InstrumentationThread.run(Instrumentation.java:2189)
12-08 06:39:43.257 13607 13651 W DefaultFailureHandler: Caused by: android.system.ErrnoException: open failed: EROFS (Read-only file system)
12-08 06:39:43.257 13607 13651 W DefaultFailureHandler: 	at libcore.io.Linux.open(Native Method)
12-08 06:39:43.257 13607 13651 W DefaultFailureHandler: 	at libcore.io.ForwardingOs.open(ForwardingOs.java:167)
12-08 06:39:43.257 13607 13651 W DefaultFailureHandler: 	at libcore.io.BlockGuardOs.open(BlockGuardOs.java:252)
12-08 06:39:43.257 13607 13651 W DefaultFailureHandler: 	at libcore.io.ForwardingOs.open(ForwardingOs.java:167)
12-08 06:39:43.257 13607 13651 W DefaultFailureHandler: 	at android.app.ActivityThread$AndroidOs.open(ActivityThread.java:7255)
12-08 06:39:43.257 13607 13651 W DefaultFailureHandler: 	at libcore.io.IoBridge.open(IoBridge.java:482)
12-08 06:39:43.257 13607 13651 W DefaultFailureHandler: 	... 51 more
12-08 06:39:43.260 13607 13607 I ViewInteraction: Performing 'wait for a specific view with <view.getId() is <2131230870/ru.iteco.fmhandroid:id/authorization_image_button>> during 10000 millis.' action on view view.getRootView() to equal view
12-08 06:39:43.268 13607 13607 I ViewInteraction: Checking 'MatchesViewAssertion{viewMatcher=(view has effective visibility <VISIBLE> and view.getGlobalVisibleRect() to return non-empty rectangle)}' assertion on view view.getId() is <2131230870/ru.iteco.fmhandroid:id/authorization_image_button>
12-08 06:39:43.271 13607 13607 I ViewInteraction: Performing 'single click' action on view view.getId() is <2131230870/ru.iteco.fmhandroid:id/authorization_image_button>
12-08 06:39:43.332  1764  6994 W audio_hw_generic: Not supplying enough data to HAL, expected position 185320726 , only wrote 185320604
12-08 06:39:43.383  1776  1927 D gralloc_ranchu: gralloc_alloc: Creating ashmem region of size 884736
12-08 06:39:43.385  1776  1927 I chatty  : uid=1000(system) HwBinder:1776_3 identical 1 line
12-08 06:39:43.388  1776  1927 D gralloc_ranchu: gralloc_alloc: Creating ashmem region of size 884736
12-08 06:39:43.404 13607 13699 D EGL_emulation: eglMakeCurrent: 0xe593e8c0: ver 2 0 (tinfo 0xf0c99e70)
12-08 06:39:43.474 13607 13699 I chatty  : uid=10146(ru.iteco.fmhandroid) RenderThread identical 3 lines
12-08 06:39:43.495 13607 13699 D EGL_emulation: eglMakeCurrent: 0xe593e8c0: ver 2 0 (tinfo 0xf0c99e70)
12-08 06:39:43.719 13607 13607 I ViewInteraction: Performing 'wait for a specific view with <an instance of android.widget.TextView and view.getText() with or without transformation to match: is "Log out"> during 10000 millis.' action on view view.getRootView() to equal view
12-08 06:39:43.723 13607 13607 I ViewInteraction: Checking 'MatchesViewAssertion{viewMatcher=(view has effective visibility <VISIBLE> and view.getGlobalVisibleRect() to return non-empty rectangle)}' assertion on view an instance of android.widget.TextView and view.getText() with or without transformation to match: is "Log out"
12-08 06:39:43.727 13607 13607 I ViewInteraction: Performing 'single click' action on view an instance of android.widget.TextView and view.getText() with or without transformation to match: is "Log out"
12-08 06:39:43.935 13607 13699 D EGL_emulation: eglMakeCurrent: 0xe593e8c0: ver 2 0 (tinfo 0xf0c99e70)
12-08 06:39:43.972 13607 13699 D EGL_emulation: eglMakeCurrent: 0xe593e8c0: ver 2 0 (tinfo 0xf0c99e70)
12-08 06:39:44.070 13607 13607 I ViewInteraction: Performing 'wait for a specific view with <(an instance of android.widget.TextView and view.getText() with or without transformation to match: is "Authorization" and view.getParent() view.getParent() view.getId() is <2131231186>)> during 10000 millis.' action on view view.getRootView() to equal view
12-08 06:39:44.075 13607 13607 I ViewInteraction: Checking 'MatchesViewAssertion{viewMatcher=(view has effective visibility <VISIBLE> and view.getGlobalVisibleRect() to return non-empty rectangle)}' assertion on view (an instance of android.widget.TextView and view.getText() with or without transformation to match: is "Authorization" and view.getParent() view.getParent() view.getId() is <2131231186/ru.iteco.fmhandroid:id/nav_host_fragment>)
12-08 06:39:44.079 13607 13607 I ViewInteraction: Performing 'wait for a specific view with <(an instance of android.widget.TextView and view.getHint() matching: is "Login" and view.getParent() view.getParent() view.getId() is <2131231121/ru.iteco.fmhandroid:id/login_text_input_layout>)> during 10000 millis.' action on view view.getRootView() to equal view
12-08 06:39:44.084 13607 13607 I ViewInteraction: Checking 'MatchesViewAssertion{viewMatcher=(view has effective visibility <VISIBLE> and view.getGlobalVisibleRect() to return non-empty rectangle)}' assertion on view (an instance of android.widget.TextView and view.getHint() matching: is "Login" and view.getParent() view.getParent() view.getId() is <2131231121/ru.iteco.fmhandroid:id/login_text_input_layout>)
12-08 06:39:44.088 13607 13607 I ViewInteraction: Performing 'wait for a specific view with <(an instance of android.widget.TextView and view.getHint() matching: is "Password" and view.getParent() view.getParent() view.getId() is <2131231264/ru.iteco.fmhandroid:id/password_text_input_layout>)> during 10000 millis.' action on view view.getRootView() to equal view
12-08 06:39:44.094 13607 13607 I ViewInteraction: Checking 'MatchesViewAssertion{viewMatcher=(view has effective visibility <VISIBLE> and view.getGlobalVisibleRect() to return non-empty rectangle)}' assertion on view (an instance of android.widget.TextView and view.getHint() matching: is "Password" and view.getParent() view.getParent() view.getId() is <2131231264/ru.iteco.fmhandroid:id/password_text_input_layout>)
12-08 06:39:44.100 13607 13607 I ViewInteraction: Performing 'wait for a specific view with <(view.getId() is <2131231039/ru.iteco.fmhandroid:id/enter_button> and an instance of android.widget.TextView and view.getText() with or without transformation to match: is "SIGN IN" and view.getContentDescription() is "Save" and view.getParent() view.getParent() an instance of android.widget.RelativeLayout)> during 10000 millis.' action on view view.getRootView() to equal view
12-08 06:39:44.104 13607 13607 I ViewInteraction: Checking 'MatchesViewAssertion{viewMatcher=(view has effective visibility <VISIBLE> and view.getGlobalVisibleRect() to return non-empty rectangle)}' assertion on view (view.getId() is <2131231039/ru.iteco.fmhandroid:id/enter_button> and an instance of android.widget.TextView and view.getText() with or without transformation to match: is "SIGN IN" and view.getContentDescription() is "Save" and view.getParent() view.getParent() an instance of android.widget.RelativeLayout)
12-08 06:39:44.108 13607 13607 I ViewInteraction: Performing 'wait for a specific view with <(an instance of android.widget.TextView and view.getText() with or without transformation to match: is "Authorization" and view.getParent() view.getParent() view.getId() is <2131231186>)> during 10000 millis.' action on view view.getRootView() to equal view
12-08 06:39:44.112 13607 13607 I ViewInteraction: Checking 'MatchesViewAssertion{viewMatcher=(view has effective visibility <VISIBLE> and view.getGlobalVisibleRect() to return non-empty rectangle)}' assertion on view (an instance of android.widget.TextView and view.getText() with or without transformation to match: is "Authorization" and view.getParent() view.getParent() view.getId() is <2131231186/ru.iteco.fmhandroid:id/nav_host_fragment>)
12-08 06:39:44.118 13607 13607 I ViewInteraction: Performing 'wait for a specific view with <(an instance of android.widget.TextView and view.getHint() matching: is "Login" and view.getParent() view.getParent() view.getId() is <2131231121/ru.iteco.fmhandroid:id/login_text_input_layout>)> during 10000 millis.' action on view view.getRootView() to equal view
12-08 06:39:44.125 13607 13607 I ViewInteraction: Checking 'MatchesViewAssertion{viewMatcher=(view has effective visibility <VISIBLE> and view.getGlobalVisibleRect() to return non-empty rectangle)}' assertion on view (an instance of android.widget.TextView and view.getHint() matching: is "Login" and view.getParent() view.getParent() view.getId() is <2131231121/ru.iteco.fmhandroid:id/login_text_input_layout>)
12-08 06:39:44.129 13607 13607 I ViewInteraction: Performing 'wait for a specific view with <(an instance of android.widget.TextView and view.getHint() matching: is "Password" and view.getParent() view.getParent() view.getId() is <2131231264/ru.iteco.fmhandroid:id/password_text_input_layout>)> during 10000 millis.' action on view view.getRootView() to equal view
12-08 06:39:44.134 13607 13607 I ViewInteraction: Checking 'MatchesViewAssertion{viewMatcher=(view has effective visibility <VISIBLE> and view.getGlobalVisibleRect() to return non-empty rectangle)}' assertion on view (an instance of android.widget.TextView and view.getHint() matching: is "Password" and view.getParent() view.getParent() view.getId() is <2131231264/ru.iteco.fmhandroid:id/password_text_input_layout>)
12-08 06:39:44.138 13607 13607 I ViewInteraction: Performing 'wait for a specific view with <(view.getId() is <2131231039/ru.iteco.fmhandroid:id/enter_button> and an instance of android.widget.TextView and view.getText() with or without transformation to match: is "SIGN IN" and view.getContentDescription() is "Save" and view.getParent() view.getParent() an instance of android.widget.RelativeLayout)> during 10000 millis.' action on view view.getRootView() to equal view
12-08 06:39:44.142 13607 13607 I ViewInteraction: Checking 'MatchesViewAssertion{viewMatcher=(view has effective visibility <VISIBLE> and view.getGlobalVisibleRect() to return non-empty rectangle)}' assertion on view (view.getId() is <2131231039/ru.iteco.fmhandroid:id/enter_button> and an instance of android.widget.TextView and view.getText() with or without transformation to match: is "SIGN IN" and view.getContentDescription() is "Save" and view.getParent() view.getParent() an instance of android.widget.RelativeLayout)
12-08 06:39:44.147 13607 13607 I ViewInteraction: Performing 'wait for a specific view with <(an instance of android.widget.TextView and view.getHint() matching: is "Login" and view.getParent() view.getParent() view.getId() is <2131231121/ru.iteco.fmhandroid:id/login_text_input_layout>)> during 10000 millis.' action on view view.getRootView() to equal view
12-08 06:39:44.150 13607 13607 I ViewInteraction: Performing 'replace text(login2)' action on view (an instance of android.widget.TextView and view.getHint() matching: is "Login" and view.getParent() view.getParent() view.getId() is <2131231121/ru.iteco.fmhandroid:id/login_text_input_layout>)
12-08 06:39:44.176 13607 13607 I ViewInteraction: Performing 'wait for a specific view with <(an instance of android.widget.TextView and view.getHint() matching: is "Password" and view.getParent() view.getParent() view.getId() is <2131231264/ru.iteco.fmhandroid:id/password_text_input_layout>)> during 10000 millis.' action on view view.getRootView() to equal view
12-08 06:39:44.202 13607 13607 I ViewInteraction: Performing 'replace text(password2)' action on view (an instance of android.widget.TextView and view.getHint() matching: is "Password" and view.getParent() view.getParent() view.getId() is <2131231264/ru.iteco.fmhandroid:id/password_text_input_layout>)
12-08 06:39:44.221 13607 13607 I ViewInteraction: Performing 'wait for a specific view with <(view.getId() is <2131231039/ru.iteco.fmhandroid:id/enter_button> and an instance of android.widget.TextView and view.getText() with or without transformation to match: is "SIGN IN" and view.getContentDescription() is "Save" and view.getParent() view.getParent() an instance of android.widget.RelativeLayout)> during 10000 millis.' action on view view.getRootView() to equal view
12-08 06:39:44.234 13607 13607 I ViewInteraction: Checking 'MatchesViewAssertion{viewMatcher=view.isClickable() is <true>}' assertion on view (view.getId() is <2131231039/ru.iteco.fmhandroid:id/enter_button> and an instance of android.widget.TextView and view.getText() with or without transformation to match: is "SIGN IN" and view.getContentDescription() is "Save" and view.getParent() view.getParent() an instance of android.widget.RelativeLayout)
12-08 06:39:44.238 13607 13607 I ViewInteraction: Performing 'wait for a specific view with <(view.getId() is <2131231039/ru.iteco.fmhandroid:id/enter_button> and an instance of android.widget.TextView and view.getText() with or without transformation to match: is "SIGN IN" and view.getContentDescription() is "Save" and view.getParent() view.getParent() an instance of android.widget.RelativeLayout)> during 10000 millis.' action on view view.getRootView() to equal view
12-08 06:39:44.245 13607 13607 I ViewInteraction: Checking 'MatchesViewAssertion{viewMatcher=view.isClickable() is <true>}' assertion on view (view.getId() is <2131231039/ru.iteco.fmhandroid:id/enter_button> and an instance of android.widget.TextView and view.getText() with or without transformation to match: is "SIGN IN" and view.getContentDescription() is "Save" and view.getParent() view.getParent() an instance of android.widget.RelativeLayout)
12-08 06:39:44.265 13607 13607 I ViewInteraction: Performing 'wait for a specific view with <(view.getId() is <2131231039/ru.iteco.fmhandroid:id/enter_button> and an instance of android.widget.TextView and view.getText() with or without transformation to match: is "SIGN IN" and view.getContentDescription() is "Save" and view.getParent() view.getParent() an instance of android.widget.RelativeLayout)> during 10000 millis.' action on view view.getRootView() to equal view
12-08 06:39:44.270 13607 13607 I ViewInteraction: Performing 'single click' action on view (view.getId() is <2131231039/ru.iteco.fmhandroid:id/enter_button> and an instance of android.widget.TextView and view.getText() with or without transformation to match: is "SIGN IN" and view.getContentDescription() is "Save" and view.getParent() view.getParent() an instance of android.widget.RelativeLayout)
12-08 06:39:44.321 13607 13742 I okhttp.OkHttpClient: --> POST http://www.981757-ca08998.tmweb.ru:8080/fmh/authentication/login
12-08 06:39:44.321 13607 13742 I okhttp.OkHttpClient: Content-Type: application/json; charset=UTF-8
12-08 06:39:44.321 13607 13742 I okhttp.OkHttpClient: Content-Length: 41
12-08 06:39:44.322 13607 13742 I okhttp.OkHttpClient: {"login":"login2","password":"password2"}
12-08 06:39:44.322 13607 13742 I okhttp.OkHttpClient: --> END POST (41-byte body)
12-08 06:39:44.551 13607 13607 I ViewInteraction: Performing 'wait for a specific view with <an instance of android.widget.TextView and view.getText() with or without transformation to match: is "News"> during 10000 millis.' action on view view.getRootView() to equal view
12-08 06:39:44.552 13607 13742 I okhttp.OkHttpClient: <-- 200 http://www.981757-ca08998.tmweb.ru:8080/fmh/authentication/login (229ms)
12-08 06:39:44.552 13607 13742 I okhttp.OkHttpClient: Vary: Origin
12-08 06:39:44.552 13607 13742 I okhttp.OkHttpClient: Vary: Access-Control-Request-Method
12-08 06:39:44.552 13607 13742 I okhttp.OkHttpClient: Vary: Access-Control-Request-Headers
12-08 06:39:44.552 13607 13742 I okhttp.OkHttpClient: X-Content-Type-Options: nosniff
12-08 06:39:44.552 13607 13742 I okhttp.OkHttpClient: X-XSS-Protection: 1; mode=block
12-08 06:39:44.552 13607 13742 I okhttp.OkHttpClient: Cache-Control: no-cache, no-store, max-age=0, must-revalidate
12-08 06:39:44.552 13607 13742 I okhttp.OkHttpClient: Pragma: no-cache
12-08 06:39:44.552 13607 13742 I okhttp.OkHttpClient: Expires: 0
12-08 06:39:44.552 13607 13742 I okhttp.OkHttpClient: X-Frame-Options: DENY
12-08 06:39:44.552 13607 13742 I okhttp.OkHttpClient: Content-Type: application/json
12-08 06:39:44.553 13607 13742 I okhttp.OkHttpClient: Transfer-Encoding: chunked
12-08 06:39:44.553 13607 13742 I okhttp.OkHttpClient: Date: Thu, 08 Dec 2022 11:39:47 GMT
12-08 06:39:44.553 13607 13742 I okhttp.OkHttpClient: Keep-Alive: timeout=60
12-08 06:39:44.553 13607 13742 I okhttp.OkHttpClient: Connection: keep-alive
12-08 06:39:44.553 13607 13742 I okhttp.OkHttpClient: {"accessToken":"eyJhbGciOiJIUzUxMiJ9.eyJzdWIiOiJsb2dpbjIiLCJqdGkiOiIyIiwiZXhwIjoxNjcwNTg1OTg3fQ.1Wno8StTQsB-PzbHze6PxHdflZdDuUmxY8MDSiyZ5o1URMLMaHDjYCwT_cB1-Ix5kjhYLCYEg2cA1DxxiRNQyg","refreshToken":"eyJhbGciOiJIUzUxMiJ9.eyJzdWIiOiJsb2dpbjIiLCJqdGkiOiIyIiwiZXhwIjoxNjczMDkxNTg3fQ.PLEyMGYFRg7J9ND1JvF1QExMQizGq8iz83T_Z0TPbywYsBMjjRPGTTjNcX2AWc0h4SKgPZLiNV2JeTnSqajq8g"}
12-08 06:39:44.554 13607 13742 I okhttp.OkHttpClient: <-- END HTTP (368-byte body)
12-08 06:39:44.558 13607 13717 I okhttp.OkHttpClient: --> GET http://www.981757-ca08998.tmweb.ru:8080/fmh/authentication/userInfo
12-08 06:39:44.558 13607 13717 I okhttp.OkHttpClient: --> END GET
12-08 06:39:44.744 13607 13717 I okhttp.OkHttpClient: <-- 200 http://www.981757-ca08998.tmweb.ru:8080/fmh/authentication/userInfo (185ms)
12-08 06:39:44.744 13607 13717 I okhttp.OkHttpClient: Vary: Origin
12-08 06:39:44.744 13607 13717 I okhttp.OkHttpClient: Vary: Access-Control-Request-Method
12-08 06:39:44.744 13607 13717 I okhttp.OkHttpClient: Vary: Access-Control-Request-Headers
12-08 06:39:44.744 13607 13717 I okhttp.OkHttpClient: X-Content-Type-Options: nosniff
12-08 06:39:44.744 13607 13717 I okhttp.OkHttpClient: X-XSS-Protection: 1; mode=block
12-08 06:39:44.745 13607 13717 I okhttp.OkHttpClient: Cache-Control: no-cache, no-store, max-age=0, must-revalidate
12-08 06:39:44.745 13607 13717 I okhttp.OkHttpClient: Pragma: no-cache
12-08 06:39:44.745 13607 13717 I okhttp.OkHttpClient: Expires: 0
12-08 06:39:44.745 13607 13717 I okhttp.OkHttpClient: X-Frame-Options: DENY
12-08 06:39:44.745 13607 13717 I okhttp.OkHttpClient: Content-Type: application/json
12-08 06:39:44.745 13607 13717 I okhttp.OkHttpClient: Transfer-Encoding: chunked
12-08 06:39:44.745 13607 13717 I okhttp.OkHttpClient: Date: Thu, 08 Dec 2022 11:39:47 GMT
12-08 06:39:44.745 13607 13717 I okhttp.OkHttpClient: Keep-Alive: timeout=60
12-08 06:39:44.745 13607 13717 I okhttp.OkHttpClient: Connection: keep-alive
12-08 06:39:44.745 13607 13717 I okhttp.OkHttpClient: {"id":2,"firstName":"","lastName":"","middleName":"","admin":true}
12-08 06:39:44.745 13607 13717 I okhttp.OkHttpClient: <-- END HTTP (106-byte body)
12-08 06:39:44.761 13607 13726 I okhttp.OkHttpClient: --> GET http://www.981757-ca08998.tmweb.ru:8080/fmh/claims
12-08 06:39:44.761 13607 13726 I okhttp.OkHttpClient: --> END GET
12-08 06:39:44.769  1744 14388 E ResolverController: No valid NAT64 prefix (108, <unspecified>/0)
12-08 06:39:44.884 13607 13607 I ViewInteraction: Checking 'MatchesViewAssertion{viewMatcher=(view has effective visibility <VISIBLE> and view.getGlobalVisibleRect() to return non-empty rectangle)}' assertion on view an instance of android.widget.TextView and view.getText() with or without transformation to match: is "News"
12-08 06:39:44.889 13607 13607 I ViewInteraction: Performing 'wait for a specific view with <view.getId() is <2131230951>> during 10000 millis.' action on view view.getRootView() to equal view
12-08 06:39:44.900 13607 13607 I ViewInteraction: Checking 'MatchesViewAssertion{viewMatcher=(view has effective visibility <VISIBLE> and view.getGlobalVisibleRect() to return non-empty rectangle)}' assertion on view view.getId() is <2131230951/ru.iteco.fmhandroid:id/container_list_news_include_on_fragment_main>
12-08 06:39:45.092 13607 13620 I teco.fmhandroi: Background concurrent copying GC freed 116522(6579KB) AllocSpace objects, 1(16KB) LOS objects, 29% free, 14MB/20MB, paused 644us total 137.859ms
12-08 06:39:45.197 13607 13607 I ViewInteraction: Performing 'wait for a specific view with <view.getId() is <2131230949>> during 10000 millis.' action on view view.getRootView() to equal view
12-08 06:39:45.203 13607 13607 I ViewInteraction: Checking 'MatchesViewAssertion{viewMatcher=(view has effective visibility <VISIBLE> and view.getGlobalVisibleRect() to return non-empty rectangle)}' assertion on view view.getId() is <2131230949/ru.iteco.fmhandroid:id/container_list_claim_include_on_fragment_main>
12-08 06:39:45.207 13607 13607 I ViewInteraction: Performing 'wait for a specific view with <an instance of android.widget.TextView and view.getText() with or without transformation to match: is "Claims"> during 10000 millis.' action on view view.getRootView() to equal view
12-08 06:39:45.230 13607 13607 I ViewInteraction: Checking 'MatchesViewAssertion{viewMatcher=(view has effective visibility <VISIBLE> and view.getGlobalVisibleRect() to return non-empty rectangle)}' assertion on view an instance of android.widget.TextView and view.getText() with or without transformation to match: is "Claims"
12-08 06:39:45.235 13607 13607 I ViewInteraction: Performing 'wait for a specific view with <view.getId() is <2131231123/ru.iteco.fmhandroid:id/main_menu_image_button>> during 10000 millis.' action on view view.getRootView() to equal view
12-08 06:39:45.240 13607 13607 I ViewInteraction: Performing 'single click' action on view view.getId() is <2131231123/ru.iteco.fmhandroid:id/main_menu_image_button>
12-08 06:39:45.359  1776  1927 D gralloc_ranchu: gralloc_alloc: Creating ashmem region of size 2015232
12-08 06:39:45.374  1776  1927 I chatty  : uid=1000(system) HwBinder:1776_3 identical 1 line
12-08 06:39:45.377  1776  1927 D gralloc_ranchu: gralloc_alloc: Creating ashmem region of size 2015232
12-08 06:39:45.409 13607 13699 D EGL_emulation: eglMakeCurrent: 0xe593e8c0: ver 2 0 (tinfo 0xf0c99e70)
12-08 06:39:45.487 13607 13699 I chatty  : uid=10146(ru.iteco.fmhandroid) RenderThread identical 3 lines
12-08 06:39:45.515 13607 13699 D EGL_emulation: eglMakeCurrent: 0xe593e8c0: ver 2 0 (tinfo 0xf0c99e70)
12-08 06:39:45.588  2298  2315 I m.android.phon: Background young concurrent copying GC freed 12604(1450KB) AllocSpace objects, 0(0B) LOS objects, 45% free, 1954KB/3589KB, paused 1.004ms total 235.578ms
12-08 06:39:45.738 13607 13607 I ViewInteraction: Performing 'wait for a specific view with <an instance of android.widget.TextView and view.getText() with or without transformation to match: is "Claims"> during 10000 millis.' action on view view.getRootView() to equal view
12-08 06:39:45.741 13607 13607 I ViewInteraction: Performing 'single click' action on view an instance of android.widget.TextView and view.getText() with or without transformation to match: is "Claims"
12-08 06:39:45.877 13607 13745 I okhttp.OkHttpClient: --> GET http://www.981757-ca08998.tmweb.ru:8080/fmh/claims
12-08 06:39:45.878 13607 13745 I okhttp.OkHttpClient: --> END GET
12-08 06:39:45.919 13607 13699 D EGL_emulation: eglMakeCurrent: 0xe593e8c0: ver 2 0 (tinfo 0xf0c99e70)
12-08 06:39:45.940 13607 13699 D EGL_emulation: eglMakeCurrent: 0xe593e8c0: ver 2 0 (tinfo 0xf0c99e70)
12-08 06:39:46.086 13607 13607 I ViewInteraction: Performing 'wait for a specific view with <view.getId() is <2131230849/ru.iteco.fmhandroid:id/add_new_claim_material_button>> during 10000 millis.' action on view view.getRootView() to equal view
12-08 06:39:46.092 13607 13607 I ViewInteraction: Performing 'single click' action on view view.getId() is <2131230849/ru.iteco.fmhandroid:id/add_new_claim_material_button>
12-08 06:39:46.163 13607 13717 I okhttp.OkHttpClient: --> GET http://www.981757-ca08998.tmweb.ru:8080/fmh/users
12-08 06:39:46.163 13607 13717 I okhttp.OkHttpClient: --> END GET
12-08 06:39:46.376 13607 13717 I okhttp.OkHttpClient: <-- 200 http://www.981757-ca08998.tmweb.ru:8080/fmh/users (212ms)
12-08 06:39:46.377 13607 13717 I okhttp.OkHttpClient: Vary: Origin
12-08 06:39:46.377 13607 13717 I okhttp.OkHttpClient: Vary: Access-Control-Request-Method
12-08 06:39:46.377 13607 13717 I okhttp.OkHttpClient: Vary: Access-Control-Request-Headers
12-08 06:39:46.377 13607 13717 I okhttp.OkHttpClient: X-Content-Type-Options: nosniff
12-08 06:39:46.378 13607 13717 I okhttp.OkHttpClient: X-XSS-Protection: 1; mode=block
12-08 06:39:46.379 13607 13717 I okhttp.OkHttpClient: Cache-Control: no-cache, no-store, max-age=0, must-revalidate
12-08 06:39:46.379 13607 13717 I okhttp.OkHttpClient: Pragma: no-cache
12-08 06:39:46.379 13607 13717 I okhttp.OkHttpClient: Expires: 0
12-08 06:39:46.379 13607 13717 I okhttp.OkHttpClient: X-Frame-Options: DENY
12-08 06:39:46.380 13607 13717 I okhttp.OkHttpClient: Content-Type: application/json
12-08 06:39:46.380 13607 13717 I okhttp.OkHttpClient: Transfer-Encoding: chunked
12-08 06:39:46.381 13607 13717 I okhttp.OkHttpClient: Date: Thu, 08 Dec 2022 11:39:49 GMT
12-08 06:39:46.382 13607 13717 I okhttp.OkHttpClient: Keep-Alive: timeout=60
12-08 06:39:46.382 13607 13717 I okhttp.OkHttpClient: Connection: keep-alive
12-08 06:39:46.384 13607 13717 I okhttp.OkHttpClient: [{"id":1,"firstName":"","lastName":"","middleName":"","admin":true},{"id":2,"firstName":"","lastName":"","middleName":"","admin":true},{"id":3,"firstName":"","lastName":"","middleName":"","admin":false},{"id":4,"firstName":"","lastName":"","middleName":"","admin":false},{"id":5,"firstName":"","lastName":"","middleName":"","admin":true},{"id":6,"firstName":"Diplom","lastName":"Netology","middleName":"QAMID","admin":true}]
12-08 06:39:46.384 13607 13717 I okhttp.OkHttpClient: <-- END HTTP (622-byte body)
12-08 06:39:46.553 13607 13607 I ViewInteraction: Performing 'wait for a specific view with <(view.getId() is <2131231402/ru.iteco.fmhandroid:id/title_edit_text> and view.getParent() view.getParent() view.getId() is <2131231406/ru.iteco.fmhandroid:id/title_text_input_layout>)> during 10000 millis.' action on view view.getRootView() to equal view
12-08 06:39:46.566 13607 13607 I ViewInteraction: Performing 'replace text( 9a2b1d54-161f-456e-b153-6f7aec1a6bb5)' action on view (view.getId() is <2131231402/ru.iteco.fmhandroid:id/title_edit_text> and view.getParent() view.getParent() view.getId() is <2131231406/ru.iteco.fmhandroid:id/title_text_input_layout>)
12-08 06:39:46.606 13607 13607 I ViewInteraction: Performing 'wait for a specific view with <view.getId() is <2131230975/ru.iteco.fmhandroid:id/date_in_plan_text_input_edit_text>> during 10000 millis.' action on view view.getRootView() to equal view
12-08 06:39:46.614 13607 13607 I ViewInteraction: Performing 'single click' action on view view.getId() is <2131230975/ru.iteco.fmhandroid:id/date_in_plan_text_input_edit_text>
12-08 06:39:46.771  1776  1927 D gralloc_ranchu: gralloc_alloc: Creating ashmem region of size 6778880
12-08 06:39:46.778  1776  1927 I chatty  : uid=1000(system) HwBinder:1776_3 identical 1 line
12-08 06:39:46.779  1776  1927 D gralloc_ranchu: gralloc_alloc: Creating ashmem region of size 6778880
12-08 06:39:46.789 13607 13699 D EGL_emulation: eglMakeCurrent: 0xe593e8c0: ver 2 0 (tinfo 0xf0c99e70)
12-08 06:39:46.896 13607 13699 I chatty  : uid=10146(ru.iteco.fmhandroid) RenderThread identical 3 lines
12-08 06:39:46.916 13607 13699 D EGL_emulation: eglMakeCurrent: 0xe593e8c0: ver 2 0 (tinfo 0xf0c99e70)
12-08 06:39:47.266 13607 13607 I ViewInteraction: Performing 'wait for a specific view with <is assignable from class <class android.widget.DatePicker>> during 10000 millis.' action on view view.getRootView() to equal view
12-08 06:39:47.269 13607 13607 I ViewInteraction: Checking 'MatchesViewAssertion{viewMatcher=(view has effective visibility <VISIBLE> and view.getGlobalVisibleRect() to return non-empty rectangle)}' assertion on view is assignable from class <class android.widget.DatePicker>
12-08 06:39:47.274 13607 13607 I ViewInteraction: Performing 'wait for a specific view with <is assignable from class <class android.widget.DatePicker>> during 10000 millis.' action on view view.getRootView() to equal view
12-08 06:39:47.281 13607 13607 I ViewInteraction: Performing 'set date' action on view is assignable from class <class android.widget.DatePicker>
