12-05 21:06:14.444 11267 11299 D HostConnection: HostComposition ext ANDROID_EMU_CHECKSUM_HELPER_v1 ANDROID_EMU_dma_v1 ANDROID_EMU_direct_mem ANDROID_EMU_host_composition_v1 ANDROID_EMU_host_composition_v2 ANDROID_EMU_vulkan ANDROID_EMU_deferred_vulkan_commands ANDROID_EMU_vulkan_null_optional_strings ANDROID_EMU_vulkan_create_resources_with_requirements ANDROID_EMU_YUV_Cache ANDROID_EMU_vulkan_ignored_handles ANDROID_EMU_vulkan_free_memory_sync ANDROID_EMU_vulkan_shader_float16_int8 ANDROID_EMU_vulkan_async_queue_submit ANDROID_EMU_sync_buffer_data GL_OES_vertex_array_object GL_KHR_texture_compression_astc_ldr ANDROID_EMU_host_side_tracing ANDROID_EMU_gles_max_version_2 
12-05 21:06:14.444 11267 11299 D eglCodecCommon: allocate: Ask for block of size 0x1000
12-05 21:06:14.445 11267 11299 D eglCodecCommon: allocate: ioctl allocate returned offset 0x3ff647000 size 0x2000
12-05 21:06:14.451  1776  1867 D gralloc_ranchu: gralloc_alloc: Creating ashmem region of size 10108928
12-05 21:06:14.455  1776  1867 D gralloc_ranchu: gralloc_alloc: Creating ashmem region of size 10108928
12-05 21:06:14.455 11267 11299 D EGL_emulation: eglMakeCurrent: 0xd6f34620: ver 2 0 (tinfo 0xed89ee10)
12-05 21:06:14.482  2926 11259 V FA-SVC  : Logging event: origin=auto,name=user_engagement(_e),params=Bundle[{ga_event_origin(_o)=auto, engagement_time_msec(_et)=22769, ga_screen_class(_sc)=AppActivity, ga_screen_id(_si)=-7554965888066238694}]
12-05 21:06:14.517  2926 11259 V FA-SVC  : Upload scheduled in approximately ms: 14653
12-05 21:06:14.517  2926 11259 V FA-SVC  : Unscheduling upload
12-05 21:06:14.524  2926 11259 V FA-SVC  : Scheduling upload, millis: 14653
12-05 21:06:14.529  2926 11259 V FA-SVC  : Background event processing time, ms: 47
12-05 21:06:14.181  2026  2046 I ActivityTaskManager: START u0 {act=android.intent.action.MAIN cat=[android.intent.category.LAUNCHER] flg=0x10000000 cmp=ru.iteco.fmhandroid.test/androidx.test.core.app.InstrumentationActivityInvoker$EmptyActivity} from uid 10146
12-05 21:06:15.198  2026  2062 W ActivityTaskManager: Activity top resumed state loss timeout for ActivityRecord{8ea37ce u0 ru.iteco.fmhandroid.test/androidx.test.core.app.InstrumentationActivityInvoker$EmptyActivity t69}
12-05 21:06:15.235  2026  2062 W ActivityTaskManager: Activity pause timeout for ActivityRecord{8ea37ce u0 ru.iteco.fmhandroid.test/androidx.test.core.app.InstrumentationActivityInvoker$EmptyActivity t69}
12-05 21:06:15.238  2026  2062 W InputReader: Device has associated, but no associated display id.
12-05 21:06:15.248  2026  2062 I chatty  : uid=1000(system) android.display identical 48 lines
12-05 21:06:15.248  2026  2062 W InputReader: Device has associated, but no associated display id.
12-05 21:06:15.255  2724  9959 W .gms.persisten: Long monitor contention with owner netscheduler-queue-handler (3505) at int aqtk.a(aqte, aauy)(:com.google.android.gms@202414022@20.24.14 (040700-319035315):88) waiters=0 in int aqtk.c(aqqo) for 711ms
12-05 21:06:15.264 11267 11299 I OpenGLRenderer: Davey! duration=1049ms; Flags=1, IntendedVsync=4638996416618, Vsync=4639013083284, OldestInputEvent=9223372036854775807, NewestInputEvent=0, HandleInputStart=4639017055000, AnimationStart=4639017177300, PerformTraversalsStart=4639017241400, DrawStart=4639247840500, SyncQueued=4639249132300, SyncStart=4639265488300, IssueDrawCommandsStart=4639265704000, SwapBuffers=4639291533100, FrameCompleted=4640062039700, DequeueBufferDuration=116000, QueueBufferDuration=1154000, 
12-05 21:06:15.293 11267 11267 I Choreographer: Skipped 63 frames!  The application may be doing too much work on its main thread.
12-05 21:06:15.294 11267 11267 W ActivityThread: handleWindowVisibility: no activity for token android.os.BinderProxy@c557696
12-05 21:06:15.336  2026  9934 W ActivityTaskManager: Duplicate finish request for ActivityRecord{ca0fc84 u0 ru.iteco.fmhandroid/.ui.AppActivity t69 f}
12-05 21:06:15.394  1776  1867 D gralloc_ranchu: gralloc_alloc: Creating ashmem region of size 10108928
12-05 21:06:15.409  1776  1867 D gralloc_ranchu: gralloc_alloc: Creating ashmem region of size 10108928
12-05 21:06:15.414 11267 11299 D EGL_emulation: eglMakeCurrent: 0xd6f34620: ver 2 0 (tinfo 0xed89ee10)
12-05 21:06:15.416  1776  1871 D gralloc_ranchu: gralloc_alloc: Creating ashmem region of size 10108928
12-05 21:06:15.456  2026  2063 W InputReader: Device has associated, but no associated display id.
12-05 21:06:15.457  2026  2063 I chatty  : uid=1000(system) android.anim identical 18 lines
12-05 21:06:15.457  2026  2063 W InputReader: Device has associated, but no associated display id.
12-05 21:06:15.463  2026  2067 I ActivityTaskManager: Displayed ru.iteco.fmhandroid.test/androidx.test.core.app.InstrumentationActivityInvoker$EmptyActivity: +1s183ms
12-05 21:06:15.481  2026  2578 W InputReader: Device has associated, but no associated display id.
12-05 21:06:15.481  2026  2578 I chatty  : uid=1000(system) Binder:2026_A identical 8 lines
12-05 21:06:15.481  2026  2578 W InputReader: Device has associated, but no associated display id.
12-05 21:06:15.493 11267 11299 D EGL_emulation: eglMakeCurrent: 0xd6f34620: ver 2 0 (tinfo 0xed89ee10)
12-05 21:06:15.513 11208 11302 D EGL_emulation: eglMakeCurrent: 0xbef430c0: ver 2 0 (tinfo 0xbef402b0)
12-05 21:06:15.513 11267 11299 D EGL_emulation: eglMakeCurrent: 0xd6f34620: ver 2 0 (tinfo 0xed89ee10)
12-05 21:06:15.532  2026  2578 W InputReader: Device has associated, but no associated display id.
12-05 21:06:15.533  2026  2578 I chatty  : uid=1000(system) Binder:2026_A identical 8 lines
12-05 21:06:15.534  2026  2578 W InputReader: Device has associated, but no associated display id.
12-05 21:06:15.569  1776  1871 D gralloc_ranchu: gralloc_alloc: Creating ashmem region of size 10108928
12-05 21:06:15.594  1776  1871 D gralloc_ranchu: gralloc_alloc: Creating ashmem region of size 10108928
12-05 21:06:15.594 11208 11208 D LifecycleMonitor: Lifecycle status change: ru.iteco.fmhandroid.ui.AppActivity@475d33f in: STOPPED
12-05 21:06:15.597  1776  1871 D gralloc_ranchu: gralloc_alloc: Creating ashmem region of size 10108928
12-05 21:06:15.598 11208 11208 V ActivityScenario: Update currentActivityStage to STOPPED, currentActivity=ru.iteco.fmhandroid.ui.AppActivity@475d33f
12-05 21:06:15.644  1776  1871 D gralloc_ranchu: gralloc_alloc: Creating ashmem region of size 10108928
12-05 21:06:15.656  1776  1871 I chatty  : uid=1000(system) HwBinder:1776_3 identical 1 line
12-05 21:06:15.657  1776  1871 D gralloc_ranchu: gralloc_alloc: Creating ashmem region of size 10108928
12-05 21:06:15.679  3278  3675 D EGL_emulation: eglMakeCurrent: 0xda51b9e0: ver 2 0 (tinfo 0xda50fd80)
12-05 21:06:15.693  2528  3266 D EGL_emulation: eglMakeCurrent: 0xe25f6ae0: ver 2 0 (tinfo 0xe2682c10)
12-05 21:06:15.740 11208 11208 D LifecycleMonitor: Lifecycle status change: ru.iteco.fmhandroid.ui.AppActivity@475d33f in: DESTROYED
12-05 21:06:15.744 11208 11208 V ActivityScenario: Update currentActivityStage to DESTROYED, currentActivity=null
