--------- beginning of main
12-07 08:30:07.373 27762 27762 D takeScreenshot: Found 1 global views to redraw
12-07 08:30:07.403  1776  1776 D gralloc_ranchu: gralloc_alloc: Creating ashmem region of size 10108928
12-07 08:30:07.454 27762 27806 W DefaultFailureHandler: Failed to take screenshot
12-07 08:30:07.454 27762 27806 W DefaultFailureHandler: java.io.FileNotFoundException: view-op-error-10.png: open failed: EROFS (Read-only file system)
12-07 08:30:07.454 27762 27806 W DefaultFailureHandler: 	at libcore.io.IoBridge.open(IoBridge.java:496)
12-07 08:30:07.454 27762 27806 W DefaultFailureHandler: 	at java.io.FileOutputStream.<init>(FileOutputStream.java:235)
12-07 08:30:07.454 27762 27806 W DefaultFailureHandler: 	at java.io.FileOutputStream.<init>(FileOutputStream.java:125)
12-07 08:30:07.454 27762 27806 W DefaultFailureHandler: 	at androidx.test.platform.io.FileTestStorage.openOutputFile(FileTestStorage.java:60)
12-07 08:30:07.454 27762 27806 W DefaultFailureHandler: 	at androidx.test.core.graphics.BitmapStorage.writeToTestStorage(BitmapStorageExt.kt:49)
12-07 08:30:07.454 27762 27806 W DefaultFailureHandler: 	at androidx.test.espresso.base.DefaultFailureHandler.takeScreenshot(DefaultFailureHandler.java:4)
12-07 08:30:07.454 27762 27806 W DefaultFailureHandler: 	at androidx.test.espresso.base.DefaultFailureHandler.handle(DefaultFailureHandler.java:3)
12-07 08:30:07.454 27762 27806 W DefaultFailureHandler: 	at androidx.test.espresso.ViewInteraction.waitForAndHandleInteractionResults(ViewInteraction.java:8)
12-07 08:30:07.454 27762 27806 W DefaultFailureHandler: 	at androidx.test.espresso.ViewInteraction.desugaredPerform(ViewInteraction.java:11)
12-07 08:30:07.454 27762 27806 W DefaultFailureHandler: 	at androidx.test.espresso.ViewInteraction.perform(ViewInteraction.java:8)
12-07 08:30:07.454 27762 27806 W DefaultFailureHandler: 	at ru.iteco.fmhandroid.ui.data.TestUtils.waitView(TestUtils.java:61)
12-07 08:30:07.454 27762 27806 W DefaultFailureHandler: 	at ru.iteco.fmhandroid.ui.steps.MainPageSteps.clickLogOutBut(MainPageSteps.java:55)
12-07 08:30:07.454 27762 27806 W DefaultFailureHandler: 	at ru.iteco.fmhandroid.ui.ControlPanelTest.logoutCheckAndOpenControlPanelPage(ControlPanelTest.java:62)
12-07 08:30:07.454 27762 27806 W DefaultFailureHandler: 	at java.lang.reflect.Method.invoke(Native Method)
12-07 08:30:07.454 27762 27806 W DefaultFailureHandler: 	at org.junit.runners.model.FrameworkMethod$1.runReflectiveCall(FrameworkMethod.java:59)
12-07 08:30:07.454 27762 27806 W DefaultFailureHandler: 	at org.junit.internal.runners.model.ReflectiveCallable.run(ReflectiveCallable.java:12)
12-07 08:30:07.454 27762 27806 W DefaultFailureHandler: 	at org.junit.runners.model.FrameworkMethod.invokeExplosively(FrameworkMethod.java:56)
12-07 08:30:07.454 27762 27806 W DefaultFailureHandler: 	at androidx.test.internal.runner.junit4.statement.RunBefores.evaluate(RunBefores.java:76)
12-07 08:30:07.454 27762 27806 W DefaultFailureHandler: 	at androidx.test.internal.runner.junit4.statement.RunAfters.evaluate(RunAfters.java:61)
12-07 08:30:07.454 27762 27806 W DefaultFailureHandler: 	at io.qameta.allure.android.rules.ScreenshotRule$apply$1.evaluate(ScreenshotRule.kt:22)
12-07 08:30:07.454 27762 27806 W DefaultFailureHandler: 	at org.junit.rules.ExternalResource$1.evaluate(ExternalResource.java:54)
12-07 08:30:07.454 27762 27806 W DefaultFailureHandler: 	at io.qameta.allure.android.rules.LogcatRule$apply$1.evaluate(LogcatRule.kt:23)
12-07 08:30:07.454 27762 27806 W DefaultFailureHandler: 	at org.junit.rules.RunRules.evaluate(RunRules.java:20)
12-07 08:30:07.454 27762 27806 W DefaultFailureHandler: 	at org.junit.runners.ParentRunner$3.evaluate(ParentRunner.java:306)
12-07 08:30:07.454 27762 27806 W DefaultFailureHandler: 	at org.junit.runners.BlockJUnit4ClassRunner$1.evaluate(BlockJUnit4ClassRunner.java:100)
12-07 08:30:07.454 27762 27806 W DefaultFailureHandler: 	at org.junit.runners.ParentRunner.runLeaf(ParentRunner.java:366)
12-07 08:30:07.454 27762 27806 W DefaultFailureHandler: 	at org.junit.runners.BlockJUnit4ClassRunner.runChild(BlockJUnit4ClassRunner.java:103)
12-07 08:30:07.454 27762 27806 W DefaultFailureHandler: 	at org.junit.runners.BlockJUnit4ClassRunner.runChild(BlockJUnit4ClassRunner.java:63)
12-07 08:30:07.454 27762 27806 W DefaultFailureHandler: 	at org.junit.runners.ParentRunner$4.run(ParentRunner.java:331)
12-07 08:30:07.454 27762 27806 W DefaultFailureHandler: 	at org.junit.runners.ParentRunner$1.schedule(ParentRunner.java:79)
12-07 08:30:07.454 27762 27806 W DefaultFailureHandler: 	at org.junit.runners.ParentRunner.runChildren(ParentRunner.java:329)
12-07 08:30:07.454 27762 27806 W DefaultFailureHandler: 	at org.junit.runners.ParentRunner.access$100(ParentRunner.java:66)
12-07 08:30:07.454 27762 27806 W DefaultFailureHandler: 	at org.junit.runners.ParentRunner$2.evaluate(ParentRunner.java:293)
12-07 08:30:07.454 27762 27806 W DefaultFailureHandler: 	at org.junit.runners.ParentRunner$3.evaluate(ParentRunner.java:306)
12-07 08:30:07.454 27762 27806 W DefaultFailureHandler: 	at org.junit.runners.ParentRunner.run(ParentRunner.java:413)
12-07 08:30:07.454 27762 27806 W DefaultFailureHandler: 	at androidx.test.ext.junit.runners.AndroidJUnit4.run(AndroidJUnit4.java:162)
12-07 08:30:07.454 27762 27806 W DefaultFailureHandler: 	at io.qameta.allure.android.runners.AllureAndroidJUnit4.run(AllureAndroidJUnitRunners.kt:29)
12-07 08:30:07.454 27762 27806 W DefaultFailureHandler: 	at org.junit.runners.Suite.runChild(Suite.java:128)
12-07 08:30:07.454 27762 27806 W DefaultFailureHandler: 	at org.junit.runners.Suite.runChild(Suite.java:27)
12-07 08:30:07.454 27762 27806 W DefaultFailureHandler: 	at org.junit.runners.ParentRunner$4.run(ParentRunner.java:331)
12-07 08:30:07.454 27762 27806 W DefaultFailureHandler: 	at org.junit.runners.ParentRunner$1.schedule(ParentRunner.java:79)
12-07 08:30:07.454 27762 27806 W DefaultFailureHandler: 	at org.junit.runners.ParentRunner.runChildren(ParentRunner.java:329)
12-07 08:30:07.454 27762 27806 W DefaultFailureHandler: 	at org.junit.runners.ParentRunner.access$100(ParentRunner.java:66)
12-07 08:30:07.454 27762 27806 W DefaultFailureHandler: 	at org.junit.runners.ParentRunner$2.evaluate(ParentRunner.java:293)
12-07 08:30:07.454 27762 27806 W DefaultFailureHandler: 	at org.junit.runners.ParentRunner$3.evaluate(ParentRunner.java:306)
12-07 08:30:07.454 27762 27806 W DefaultFailureHandler: 	at org.junit.runners.ParentRunner.run(ParentRunner.java:413)
12-07 08:30:07.454 27762 27806 W DefaultFailureHandler: 	at org.junit.runner.JUnitCore.run(JUnitCore.java:137)
12-07 08:30:07.454 27762 27806 W DefaultFailureHandler: 	at org.junit.runner.JUnitCore.run(JUnitCore.java:115)
12-07 08:30:07.454 27762 27806 W DefaultFailureHandler: 	at androidx.test.internal.runner.TestExecutor.execute(TestExecutor.java:67)
12-07 08:30:07.454 27762 27806 W DefaultFailureHandler: 	at androidx.test.internal.runner.TestExecutor.execute(TestExecutor.java:58)
12-07 08:30:07.454 27762 27806 W DefaultFailureHandler: 	at androidx.test.runner.AndroidJUnitRunner.onStart(AndroidJUnitRunner.java:438)
12-07 08:30:07.455 27762 27806 W DefaultFailureHandler: 	at android.app.Instrumentation$InstrumentationThread.run(Instrumentation.java:2189)
12-07 08:30:07.455 27762 27806 W DefaultFailureHandler: Caused by: android.system.ErrnoException: open failed: EROFS (Read-only file system)
12-07 08:30:07.455 27762 27806 W DefaultFailureHandler: 	at libcore.io.Linux.open(Native Method)
12-07 08:30:07.455 27762 27806 W DefaultFailureHandler: 	at libcore.io.ForwardingOs.open(ForwardingOs.java:167)
12-07 08:30:07.455 27762 27806 W DefaultFailureHandler: 	at libcore.io.BlockGuardOs.open(BlockGuardOs.java:252)
12-07 08:30:07.455 27762 27806 W DefaultFailureHandler: 	at libcore.io.ForwardingOs.open(ForwardingOs.java:167)
12-07 08:30:07.455 27762 27806 W DefaultFailureHandler: 	at android.app.ActivityThread$AndroidOs.open(ActivityThread.java:7255)
12-07 08:30:07.455 27762 27806 W DefaultFailureHandler: 	at libcore.io.IoBridge.open(IoBridge.java:482)
12-07 08:30:07.455 27762 27806 W DefaultFailureHandler: 	... 51 more
12-07 08:30:07.468  2170  2170 D StatusBar: disable<e i a s b h r c s > disable2<q i n >
12-07 08:30:07.502  2170  2566 D EGL_emulation: eglMakeCurrent: 0xe594e040: ver 2 0 (tinfo 0xc52450c0)
12-07 08:30:07.514  1776  1776 D gralloc_ranchu: gralloc_alloc: Creating ashmem region of size 10108928
12-07 08:30:07.528  2170  2566 D EGL_emulation: eglMakeCurrent: 0xe594e040: ver 2 0 (tinfo 0xc52450c0)
12-07 08:30:07.572  1776  1776 D gralloc_ranchu: gralloc_alloc: Creating ashmem region of size 10108928
12-07 08:30:07.599  2170  2170 D StatusBar: disable<e i a s b h r c s > disable2<q i n >
12-07 08:30:07.641  1776  1776 D gralloc_ranchu: gralloc_alloc: Creating ashmem region of size 10108928
12-07 08:30:08.495 27762 27806 I QueryController: Matched selector: UiSelector[DESCRIPTION=Airplane mode] <<==>> [android.view.accessibility.AccessibilityNodeInfo@6d7a0; boundsInParent: Rect(0, 0 - 292, 292); boundsInScreen: Rect(736, 804 - 1028, 1096); packageName: com.android.systemui; className: android.widget.Switch; text: Off; error: null; maxTextLength: -1; contentDescription: Airplane mode; tooltipText: null; viewIdResName: null; checkable: true; checked: false; focusable: true; focused: false; selected: false; clickable: true; longClickable: true; contextClickable: false; enabled: true; password: false; scrollable: false; importantForAccessibility: true; visible: true; actions: [AccessibilityAction: ACTION_FOCUS - null, AccessibilityAction: ACTION_SELECT - null, AccessibilityAction: ACTION_CLEAR_SELECTION - null, AccessibilityAction: ACTION_CLICK - null, AccessibilityAction: ACTION_ACCESSIBILITY_FOCUS - null, AccessibilityAction: ACTION_NEXT_AT_MOVEMENT_GRANULARITY - null, AccessibilityAction: ACTION_PREVIOUS_AT_MOVEMENT_GRANULARITY - null, AccessibilityAction: ACTION_SET_SELECTION - null, AccessibilityAction: ACTION_SHOW_ON_SCREEN - null, AccessibilityAction: ACTION_LONG_CLICK - Open settings]]
--------- beginning of system
12-07 08:30:08.520  2018  2051 D AutofillManagerService: onBackKeyPressed()
12-07 08:30:09.221  2170  2170 V StatusBar: mStatusBarWindow: com.android.systemui.statusbar.phone.StatusBarWindowView{4752fa5 V.E...... ........ 0,0-1080,2340} canPanelBeCollapsed(): true
12-07 08:30:09.229  2170  2170 D StatusBar: disable<e i a s b h r c s > disable2<q i n >
12-07 08:30:09.242  1776  1776 D gralloc_ranchu: gralloc_alloc: Creating ashmem region of size 10108928
12-07 08:30:09.325  2170  2170 D StatusBar: disable<e i a s b h r c s > disable2<q i n >
12-07 08:30:09.376  2170  2566 D EGL_emulation: eglMakeCurrent: 0xe594e040: ver 2 0 (tinfo 0xc52450c0)
12-07 08:30:09.385  1776  1776 D gralloc_ranchu: gralloc_alloc: Creating ashmem region of size 286720
12-07 08:30:09.405  2170  2566 D EGL_emulation: eglMakeCurrent: 0xe594e040: ver 2 0 (tinfo 0xc52450c0)
12-07 08:30:09.433  1776  1776 D gralloc_ranchu: gralloc_alloc: Creating ashmem region of size 286720
12-07 08:30:09.219  2018  2051 D AutofillManagerService: onBackKeyPressed()
12-07 08:30:09.542  2018  5907 I ActivityTaskManager: START u0 {act=android.intent.action.MAIN cat=[android.intent.category.LAUNCHER] flg=0x10000000 cmp=ru.iteco.fmhandroid.test/androidx.test.core.app.InstrumentationActivityInvoker$EmptyActivity} from uid 10146
12-07 08:30:09.460  1776  1776 D gralloc_ranchu: gralloc_alloc: Creating ashmem region of size 286720
12-07 08:30:09.554 27762 27762 D LifecycleMonitor: Lifecycle status change: ru.iteco.fmhandroid.ui.AppActivity@769797a in: PAUSED
12-07 08:30:09.555 27762 27762 V ActivityScenario: Update currentActivityStage to PAUSED, currentActivity=ru.iteco.fmhandroid.ui.AppActivity@769797a
12-07 08:30:09.556  2018  8910 W InputReader: Device has associated, but no associated display id.
12-07 08:30:09.558  2018  8910 I chatty  : uid=1000(system) Binder:2018_1C identical 38 lines
12-07 08:30:09.558  2018  8910 W InputReader: Device has associated, but no associated display id.
12-07 08:30:09.558 27818 27818 W ActivityThread: handleWindowVisibility: no activity for token android.os.BinderProxy@e4a6b89
12-07 08:30:09.560  2018  8910 W InputReader: Device has associated, but no associated display id.
12-07 08:30:09.560  2018  8910 I chatty  : uid=1000(system) Binder:2018_1C identical 8 lines
12-07 08:30:09.560  2018  8910 W InputReader: Device has associated, but no associated display id.
12-07 08:30:09.585 27762 27799 V FA      : Recording user engagement, ms: 22495
12-07 08:30:09.619  2018  3051 I ActivityTaskManager: START u0 {act=android.intent.action.MAIN cat=[android.intent.category.LAUNCHER] flg=0x10000000 cmp=ru.iteco.fmhandroid.test/androidx.test.core.app.InstrumentationActivityInvoker$EmptyActivity} from uid 10146
12-07 08:30:09.638 27762 27799 V FA      : Connecting to remote service
12-07 08:30:09.646  1776  1776 D gralloc_ranchu: gralloc_alloc: Creating ashmem region of size 10108928
12-07 08:30:09.655  1776  1776 D gralloc_ranchu: gralloc_alloc: Creating ashmem region of size 10108928
12-07 08:30:09.660 27818 27849 D EGL_emulation: eglMakeCurrent: 0xe597eb60: ver 2 0 (tinfo 0xf0c893b0)
12-07 08:30:09.669  1776  1776 D gralloc_ranchu: gralloc_alloc: Creating ashmem region of size 10108928
12-07 08:30:09.696 27762 27799 V FA      : Connection attempt already in progress
12-07 08:30:09.696 27762 27799 V FA      : Activity paused, time: 39271957
12-07 08:30:09.704 27762 27799 D FA      : Connected to remote service
12-07 08:30:09.704 27762 27799 V FA      : Processing queued up service tasks: 2
12-07 08:30:09.709  2018  5907 W InputReader: Device has associated, but no associated display id.
12-07 08:30:09.722  2018  5907 I chatty  : uid=1000(system) Binder:2018_17 identical 48 lines
12-07 08:30:09.722  2018  5907 W InputReader: Device has associated, but no associated display id.
12-07 08:30:09.739 27818 27818 W ActivityThread: handleWindowVisibility: no activity for token android.os.BinderProxy@b5c6143
12-07 08:30:09.751  2873 28123 V FA-SVC  : Logging event: origin=auto,name=user_engagement(_e),params=Bundle[{ga_event_origin(_o)=auto, engagement_time_msec(_et)=22495, ga_screen_class(_sc)=AppActivity, ga_screen_id(_si)=8894325159233167662}]
12-07 08:30:09.753  2018  2058 E memtrack: Couldn't load memtrack module
12-07 08:30:09.753  2018  2058 W android.os.Debug: failed to get memory consumption info: -1
12-07 08:30:09.780  2018  3051 W ActivityTaskManager: Duplicate finish request for ActivityRecord{791764d u0 ru.iteco.fmhandroid/.ui.AppActivity t196 f}
12-07 08:30:09.810  2873 28123 V FA-SVC  : Upload scheduled in approximately ms: 506770
12-07 08:30:09.810  2873 28123 V FA-SVC  : Unscheduling upload
12-07 08:30:09.826  2873 28123 V FA-SVC  : Scheduling upload, millis: 506770
12-07 08:30:09.841  1776  1776 D gralloc_ranchu: gralloc_alloc: Creating ashmem region of size 10108928
12-07 08:30:09.840  2873 28123 V FA-SVC  : Background event processing time, ms: 89
12-07 08:30:09.843  1744  1957 I netd    : trafficSwapActiveStatsMap() <40.37ms>
12-07 08:30:09.850  1744  1957 I netd    : tetherGetStats() <5.20ms>
12-07 08:30:09.856  1776  1776 D gralloc_ranchu: gralloc_alloc: Creating ashmem region of size 10108928
12-07 08:30:09.860 27818 27849 D EGL_emulation: eglMakeCurrent: 0xe597eb60: ver 2 0 (tinfo 0xf0c893b0)
12-07 08:30:09.865  1776  1776 D gralloc_ranchu: gralloc_alloc: Creating ashmem region of size 10108928
12-07 08:30:09.886  2018  2054 W InputReader: Device has associated, but no associated display id.
12-07 08:30:09.888  2018  2054 I chatty  : uid=1000(system) android.anim identical 18 lines
12-07 08:30:09.888  2018  2054 W InputReader: Device has associated, but no associated display id.
12-07 08:30:09.894  2018  2058 I ActivityTaskManager: Displayed ru.iteco.fmhandroid.test/androidx.test.core.app.InstrumentationActivityInvoker$EmptyActivity: +151ms
12-07 08:30:09.915 27762 27852 D EGL_emulation: eglMakeCurrent: 0xe593ea40: ver 2 0 (tinfo 0xf0cc0130)
12-07 08:30:09.923  2018  8097 W InputReader: Device has associated, but no associated display id.
12-07 08:30:09.923  2018  8097 I chatty  : uid=1000(system) Binder:2018_1B identical 8 lines
12-07 08:30:09.923  2018  8097 W InputReader: Device has associated, but no associated display id.
12-07 08:30:09.938 27818 27849 D EGL_emulation: eglMakeCurrent: 0xe597eb60: ver 2 0 (tinfo 0xf0c893b0)
12-07 08:30:09.950 27818 27849 D EGL_emulation: eglMakeCurrent: 0xe597eb60: ver 2 0 (tinfo 0xf0c893b0)
12-07 08:30:09.954  2656 28136 E SQLiteDatabase: Error inserting flex_time=506000 job_id=-1 period=1014000 source=16 requires_charging=0 preferred_network_type=1 target_class=com.google.android.gms.measurement.PackageMeasurementTaskService user_id=0 target_package=com.google.android.gms tag=Measurement.PackageMeasurementTaskService.UPLOAD_TASK_TAG task_type=0 required_idleness_state=0 service_kind=0 source_version=202414000 persistence_level=1 preferred_charging_state=1 required_network_type=0 runtime=1670419809866 retry_strategy={"maximum_backoff_seconds":{"3600":0},"initial_backoff_seconds":{"30":0},"retry_policy":{"0":0}} last_runtime=0
12-07 08:30:09.954  2656 28136 E SQLiteDatabase: android.database.sqlite.SQLiteConstraintException: UNIQUE constraint failed: pending_ops.tag, pending_ops.target_class, pending_ops.target_package, pending_ops.user_id (code 2067 SQLITE_CONSTRAINT_UNIQUE)
12-07 08:30:09.954  2656 28136 E SQLiteDatabase: 	at android.database.sqlite.SQLiteConnection.nativeExecuteForLastInsertedRowId(Native Method)
12-07 08:30:09.954  2656 28136 E SQLiteDatabase: 	at android.database.sqlite.SQLiteConnection.executeForLastInsertedRowId(SQLiteConnection.java:879)
12-07 08:30:09.954  2656 28136 E SQLiteDatabase: 	at android.database.sqlite.SQLiteSession.executeForLastInsertedRowId(SQLiteSession.java:790)
12-07 08:30:09.954  2656 28136 E SQLiteDatabase: 	at android.database.sqlite.SQLiteStatement.executeInsert(SQLiteStatement.java:88)
12-07 08:30:09.954  2656 28136 E SQLiteDatabase: 	at android.database.sqlite.SQLiteDatabase.insertWithOnConflict(SQLiteDatabase.java:1599)
12-07 08:30:09.954  2656 28136 E SQLiteDatabase: 	at android.database.sqlite.SQLiteDatabase.insert(SQLiteDatabase.java:1468)
12-07 08:30:09.954  2656 28136 E SQLiteDatabase: 	at aqui.a(:com.google.android.gms@202414022@20.24.14 (040700-319035315):175)
12-07 08:30:09.954  2656 28136 E SQLiteDatabase: 	at aqtk.a(:com.google.android.gms@202414022@20.24.14 (040700-319035315):182)
12-07 08:30:09.954  2656 28136 E SQLiteDatabase: 	at aqtk.a(:com.google.android.gms@202414022@20.24.14 (040700-319035315):23)
12-07 08:30:09.954  2656 28136 E SQLiteDatabase: 	at aqtk.a(:com.google.android.gms@202414022@20.24.14 (040700-319035315):177)
12-07 08:30:09.954  2656 28136 E SQLiteDatabase: 	at aqpu.run(:com.google.android.gms@202414022@20.24.14 (040700-319035315):9)
12-07 08:30:09.954  2656 28136 E SQLiteDatabase: 	at soy.b(:com.google.android.gms@202414022@20.24.14 (040700-319035315):12)
12-07 08:30:09.954  2656 28136 E SQLiteDatabase: 	at soy.run(:com.google.android.gms@202414022@20.24.14 (040700-319035315):7)
12-07 08:30:09.954  2656 28136 E SQLiteDatabase: 	at java.util.concurrent.ThreadPoolExecutor.runWorker(ThreadPoolExecutor.java:1167)
12-07 08:30:09.954  2656 28136 E SQLiteDatabase: 	at java.util.concurrent.ThreadPoolExecutor$Worker.run(ThreadPoolExecutor.java:641)
12-07 08:30:09.954  2656 28136 E SQLiteDatabase: 	at sux.run(:com.google.android.gms@202414022@20.24.14 (040700-319035315):0)
12-07 08:30:09.954  2656 28136 E SQLiteDatabase: 	at java.lang.Thread.run(Thread.java:919)
12-07 08:30:09.974  2018  3061 W InputReader: Device has associated, but no associated display id.
12-07 08:30:09.974  2018  3061 I chatty  : uid=1000(system) Binder:2018_10 identical 8 lines
12-07 08:30:09.974  2018  3061 W InputReader: Device has associated, but no associated display id.
12-07 08:30:09.983 27762 27762 D LifecycleMonitor: Lifecycle status change: ru.iteco.fmhandroid.ui.AppActivity@769797a in: STOPPED
12-07 08:30:09.983 27762 27762 V ActivityScenario: Update currentActivityStage to STOPPED, currentActivity=ru.iteco.fmhandroid.ui.AppActivity@769797a
12-07 08:30:10.000  1776  1776 D gralloc_ranchu: gralloc_alloc: Creating ashmem region of size 10108928
12-07 08:30:10.008  1776  1776 I chatty  : uid=1000(system) allocator@2.0-s identical 1 line
12-07 08:30:10.009  1776  1776 D gralloc_ranchu: gralloc_alloc: Creating ashmem region of size 10108928
12-07 08:30:10.018 27762 27762 D LifecycleMonitor: Lifecycle status change: ru.iteco.fmhandroid.ui.AppActivity@769797a in: DESTROYED
12-07 08:30:10.018 27762 27762 V ActivityScenario: Update currentActivityStage to DESTROYED, currentActivity=null
12-07 08:30:10.019  2962  3510 D EGL_emulation: eglMakeCurrent: 0xe597d120: ver 2 0 (tinfo 0xbffb2540)
12-07 08:30:10.030  1776  1776 D gralloc_ranchu: gralloc_alloc: Creating ashmem region of size 10108928
12-07 08:30:10.056  1776  1776 I chatty  : uid=1000(system) allocator@2.0-s identical 1 line
12-07 08:30:10.061  1776  1776 D gralloc_ranchu: gralloc_alloc: Creating ashmem region of size 10108928
12-07 08:30:10.062 12448 12488 D EGL_emulation: eglMakeCurrent: 0xe594d140: ver 2 0 (tinfo 0xc539bd10)
12-07 08:30:10.096  2962  2962 W ThreadPoolDumper: Queue length for executor EventBus is now 11. Perhaps some tasks are too long, or the pool is too small.
12-07 08:30:10.109  2018  2054 W InputReader: Device has associated, but no associated display id.
12-07 08:30:10.109  2018  2054 I chatty  : uid=1000(system) android.anim identical 8 lines
12-07 08:30:10.109  2018  2054 W InputReader: Device has associated, but no associated display id.
12-07 08:30:10.115  1776  1776 D gralloc_ranchu: gralloc_alloc: Creating ashmem region of size 6471680
12-07 08:30:10.117  2170  2566 D EGL_emulation: eglMakeCurrent: 0xe594e040: ver 2 0 (tinfo 0xc52450c0)
12-07 08:30:10.130 27762 27806 E TestRunner: failed: shouldOpenTheNewsForEditing(ru.iteco.fmhandroid.ui.ControlPanelTest)
12-07 08:30:10.131 27762 27806 E TestRunner: ----- begin exception -----
12-07 08:30:10.132 27762 27806 E TestRunner: androidx.test.espresso.PerformException: Error performing 'wait for a specific view with <view.getId() is <2131230870/ru.iteco.fmhandroid:id/authorization_image_button>> during 10000 millis.' on view 'view.getRootView() to equal view'.
12-07 08:30:10.132 27762 27806 E TestRunner: 	at androidx.test.espresso.PerformException$Builder.build(PerformException.java:1)
12-07 08:30:10.132 27762 27806 E TestRunner: 	at androidx.test.espresso.base.PerformExceptionHandler.handleSafely(PerformExceptionHandler.java:8)
12-07 08:30:10.132 27762 27806 E TestRunner: 	at androidx.test.espresso.base.PerformExceptionHandler.handleSafely(PerformExceptionHandler.java:9)
12-07 08:30:10.132 27762 27806 E TestRunner: 	at androidx.test.espresso.base.DefaultFailureHandler$TypedFailureHandler.handle(DefaultFailureHandler.java:4)
12-07 08:30:10.132 27762 27806 E TestRunner: 	at androidx.test.espresso.base.DefaultFailureHandler.handle(DefaultFailureHandler.java:5)
12-07 08:30:10.132 27762 27806 E TestRunner: 	at androidx.test.espresso.ViewInteraction.waitForAndHandleInteractionResults(ViewInteraction.java:8)
12-07 08:30:10.132 27762 27806 E TestRunner: 	at androidx.test.espresso.ViewInteraction.desugaredPerform(ViewInteraction.java:11)
12-07 08:30:10.132 27762 27806 E TestRunner: 	at androidx.test.espresso.ViewInteraction.perform(ViewInteraction.java:8)
12-07 08:30:10.132 27762 27806 E TestRunner: 	at ru.iteco.fmhandroid.ui.data.TestUtils.waitView(TestUtils.java:61)
12-07 08:30:10.132 27762 27806 E TestRunner: 	at ru.iteco.fmhandroid.ui.steps.MainPageSteps.clickLogOutBut(MainPageSteps.java:55)
12-07 08:30:10.132 27762 27806 E TestRunner: 	at ru.iteco.fmhandroid.ui.ControlPanelTest.logoutCheckAndOpenControlPanelPage(ControlPanelTest.java:62)
12-07 08:30:10.132 27762 27806 E TestRunner: 	at java.lang.reflect.Method.invoke(Native Method)
12-07 08:30:10.132 27762 27806 E TestRunner: 	at org.junit.runners.model.FrameworkMethod$1.runReflectiveCall(FrameworkMethod.java:59)
12-07 08:30:10.132 27762 27806 E TestRunner: 	at org.junit.internal.runners.model.ReflectiveCallable.run(ReflectiveCallable.java:12)
12-07 08:30:10.132 27762 27806 E TestRunner: 	at org.junit.runners.model.FrameworkMethod.invokeExplosively(FrameworkMethod.java:56)
12-07 08:30:10.132 27762 27806 E TestRunner: 	at androidx.test.internal.runner.junit4.statement.RunBefores.evaluate(RunBefores.java:76)
12-07 08:30:10.132 27762 27806 E TestRunner: 	at androidx.test.internal.runner.junit4.statement.RunAfters.evaluate(RunAfters.java:61)
12-07 08:30:10.132 27762 27806 E TestRunner: 	at io.qameta.allure.android.rules.ScreenshotRule$apply$1.evaluate(ScreenshotRule.kt:22)
12-07 08:30:10.132 27762 27806 E TestRunner: 	at org.junit.rules.ExternalResource$1.evaluate(ExternalResource.java:54)
12-07 08:30:10.132 27762 27806 E TestRunner: 	at io.qameta.allure.android.rules.LogcatRule$apply$1.evaluate(LogcatRule.kt:23)
12-07 08:30:10.132 27762 27806 E TestRunner: 	at org.junit.rules.RunRules.evaluate(RunRules.java:20)
12-07 08:30:10.132 27762 27806 E TestRunner: 	at org.junit.runners.ParentRunner$3.evaluate(ParentRunner.java:306)
12-07 08:30:10.132 27762 27806 E TestRunner: 	at org.junit.runners.BlockJUnit4ClassRunner$1.evaluate(BlockJUnit4ClassRunner.java:100)
12-07 08:30:10.132 27762 27806 E TestRunner: 	at org.junit.runners.ParentRunner.runLeaf(ParentRunner.java:366)
12-07 08:30:10.132 27762 27806 E TestRunner: 	at org.junit.runners.BlockJUnit4ClassRunner.runChild(BlockJUnit4ClassRunner.java:103)
12-07 08:30:10.132 27762 27806 E TestRunner: 	at org.junit.runners.BlockJUnit4ClassRunner.runChild(BlockJUnit4ClassRunner.java:63)
12-07 08:30:10.132 27762 27806 E TestRunner: 	at org.junit.runners.ParentRunner$4.run(ParentRunner.java:331)
12-07 08:30:10.132 27762 27806 E TestRunner: 	at org.junit.runners.ParentRunner$1.schedule(ParentRunner.java:79)
12-07 08:30:10.132 27762 27806 E TestRunner: 	at org.junit.runners.ParentRunner.runChildren(ParentRunner.java:329)
12-07 08:30:10.132 27762 27806 E TestRunner: 	at org.junit.runners.ParentRunner.access$100(ParentRunner.java:66)
12-07 08:30:10.132 27762 27806 E TestRunner: 	at org.junit.runners.ParentRunner$2.evaluate(ParentRunner.java:293)
12-07 08:30:10.132 27762 27806 E TestRunner: 	at org.junit.runners.ParentRunner$3.evaluate(ParentRunner.java:306)
12-07 08:30:10.132 27762 27806 E TestRunner: 	at org.junit.runners.ParentRunner.run(ParentRunner.java:413)
12-07 08:30:10.132 27762 27806 E TestRunner: 	at androidx.test.ext.junit.runners.AndroidJUnit4.run(AndroidJUnit4.java:162)
12-07 08:30:10.132 27762 27806 E TestRunner: 	at io.qameta.allure.android.runners.AllureAndroidJUnit4.run(AllureAndroidJUnitRunners.kt:29)
12-07 08:30:10.132 27762 27806 E TestRunner: 	at org.junit.runners.Suite.runChild(Suite.java:128)
12-07 08:30:10.132 27762 27806 E TestRunner: 	at org.junit.runners.Suite.runChild(Suite.java:27)
12-07 08:30:10.132 27762 27806 E TestRunner: 	at org.junit.runners.ParentRunner$4.run(ParentRunner.java:331)
12-07 08:30:10.132 27762 27806 E TestRunner: 	at org.junit.runners.ParentRunner$1.schedule(ParentRunner.java:79)
12-07 08:30:10.132 27762 27806 E TestRunner: 	at org.junit.runners.ParentRunner.runChildren(ParentRunner.java:329)
12-07 08:30:10.132 27762 27806 E TestRunner: 	at org.junit.runners.ParentRunner.access$100(ParentRunner.java:66)
12-07 08:30:10.132 27762 27806 E TestRunner: 	at org.junit.runners.ParentRunner$2.evaluate(ParentRunner.java:293)
12-07 08:30:10.132 27762 27806 E TestRunner: 	at org.junit.runners.ParentRunner$3.evaluate(ParentRunner.java:306)
12-07 08:30:10.132 27762 27806 E TestRunner: 	at org.junit.runners.ParentRunner.run(ParentRunner.java:413)
12-07 08:30:10.132 27762 27806 E TestRunner: 	at org.junit.runner.JUnitCore.run(JUnitCore.java:137)
12-07 08:30:10.132 27762 27806 E TestRunner: 	at org.junit.runner.JUnitCore.run(JUnitCore.java:115)
12-07 08:30:10.132 27762 27806 E TestRunner: 	at androidx.test.internal.runner.TestExecutor.execute(TestExecutor.java:67)
12-07 08:30:10.132 27762 27806 E TestRunner: 	at androidx.test.internal.runner.TestExecutor.execute(TestExecutor.java:58)
12-07 08:30:10.132 27762 27806 E TestRunner: 	at androidx.test.runner.AndroidJUnitRunner.onStart(AndroidJUnitRunner.java:438)
12-07 08:30:10.132 27762 27806 E TestRunner: 	at android.app.Instrumentation$InstrumentationThread.ru
12-07 08:30:10.132 27762 27806 E TestRunner: ----- end exception -----
12-07 08:30:10.135 27762 27806 I TestRunner: finished: shouldOpenTheNewsForEditing(ru.iteco.fmhandroid.ui.ControlPanelTest)
12-07 08:30:10.149  2018  2018 W ActivityManager: Unable to start service Intent { act=android.service.appprediction.AppPredictionService cmp=com.google.android.as/com.google.android.apps.miphone.aiai.app.AiAiPredictionService } U=0: not found
12-07 08:30:10.149  2018  2018 W RemoteAppPredictionService: could not bind to Intent { act=android.service.appprediction.AppPredictionService cmp=com.google.android.as/com.google.android.apps.miphone.aiai.app.AiAiPredictionService } using flags 67108865
12-07 08:30:10.149  2962  3348 W SessionLifecycleManager: Handover failed. Creating new session controller.
12-07 08:30:10.162  1793  1793 E Layer   : [Surface(name=AppWindowToken{30244e4 token=Token{25e2077 ActivityRecord{b66b276 u0 ru.iteco.fmhandroid.test/androidx.test.core.app.InstrumentationActivityInvoker$EmptyActivity t196}}})/@0x7bb4774 - animation-leash#0] No local sync point found
12-07 08:30:10.162  1793  1793 E Layer   : [Surface(name=AppWindowToken{8dcd2e token=Token{a00d3a9 ActivityRecord{4384b30 u0 com.google.android.apps.nexuslauncher/.NexusLauncherActivity t105}}})/@0x3848044 - animation-leash#0] No local sync point found
12-07 08:30:10.175  2170  2566 D EGL_emulation: eglMakeCurrent: 0xe594e040: ver 2 0 (tinfo 0xc52450c0)
12-07 08:30:10.197  2018  7392 D HostConnection: HostConnection::get() New Host Connection established 0xb22b1870, tid 7392
12-07 08:30:10.198  2018  7392 D HostConnection: HostComposition ext ANDROID_EMU_CHECKSUM_HELPER_v1 ANDROID_EMU_dma_v1 ANDROID_EMU_direct_mem ANDROID_EMU_host_composition_v1 ANDROID_EMU_host_composition_v2 ANDROID_EMU_vulkan ANDROID_EMU_deferred_vulkan_commands ANDROID_EMU_vulkan_null_optional_strings ANDROID_EMU_vulkan_create_resources_with_requirements ANDROID_EMU_YUV_Cache ANDROID_EMU_vulkan_ignored_handles ANDROID_EMU_vulkan_free_memory_sync ANDROID_EMU_vulkan_shader_float16_int8 ANDROID_EMU_vulkan_async_queue_submit ANDROID_EMU_sync_buffer_data GL_OES_vertex_array_object GL_KHR_texture_compression_astc_ldr ANDROID_EMU_host_side_tracing ANDROID_EMU_gles_max_version_2 
12-07 08:30:10.199  2018  7392 W OpenGLRenderer: Failed to choose config with EGL_SWAP_BEHAVIOR_PRESERVED, retrying without...
12-07 08:30:10.200  2170  2566 D EGL_emulation: eglMakeCurrent: 0xe594e040: ver 2 0 (tinfo 0xc52450c0)
12-07 08:30:10.251  2018  7392 D EGL_emulation: eglCreateContext: 0xb2357760: maj 2 min 0 rcv 2
12-07 08:30:10.268  2018  7392 D EGL_emulation: eglMakeCurrent: 0xb2357760: ver 2 0 (tinfo 0xc0d1c860)
12-07 08:30:10.310 12448 12466 I s.nexuslaunche: NativeAlloc concurrent copying GC freed 4609(288KB) AllocSpace objects, 0(0B) LOS objects, 49% free, 2649KB/5298KB, paused 6.159ms total 166.852ms
12-07 08:30:10.316 27762 27806 I TestRunner: started: shouldChangeTheDescription(ru.iteco.fmhandroid.ui.ControlPanelTest)
12-07 08:30:10.321 12448 12468 W System  : A resource failed to call release. 
12-07 08:30:10.321 12448 12468 W System  : A resource failed to call release. 
12-07 08:30:10.339  2170  2186 I ndroid.systemu: NativeAlloc concurrent copying GC freed 21795(932KB) AllocSpace objects, 0(0B) LOS objects, 49% free, 5519KB/10MB, paused 18.140ms total 72.674ms
12-07 08:30:10.339 12448 12468 W System  : A resource failed to call release. 
12-07 08:30:10.339 12448 12468 W System  : A resource failed to call release. 
12-07 08:30:10.355  2962 27442 W LocationOracle: No location history returned by ContextManager
12-07 08:30:10.368 27762 27806 W Settings: Setting always_finish_activities has moved from android.provider.Settings.System to android.provider.Settings.Global, returning read-only value.
12-07 08:30:10.386  2018  8097 I ActivityTaskManager: START u0 {act=android.intent.action.MAIN cat=[android.intent.category.LAUNCHER] flg=0x10008000 cmp=ru.iteco.fmhandroid.test/androidx.test.core.app.InstrumentationActivityInvoker$BootstrapActivity (has extras)} from uid 10146
12-07 08:30:10.404  2018  3051 W InputReader: Device has associated, but no associated display id.
12-07 08:30:10.406  2018  3051 I chatty  : uid=1000(system) Binder:2018_E identical 28 lines
12-07 08:30:10.406  2018  3051 W InputReader: Device has associated, but no associated display id.
12-07 08:30:10.406 27818 27818 W ActivityThread: handleWindowVisibility: no activity for token android.os.BinderProxy@945dcf0
12-07 08:30:10.414  2018  3051 W InputReader: Device has associated, but no associated display id.
12-07 08:30:10.414  2018  3051 I chatty  : uid=1000(system) Binder:2018_E identical 8 lines
12-07 08:30:10.414  2018  3051 W InputReader: Device has associated, but no associated display id.
12-07 08:30:10.439  2962  3348 I MicroDetectionWorker: #startMicroDetector [speakerMode: 0]
12-07 08:30:10.441  2962  3348 W ErrorReporter: reportError [type: 211, code: 393244, bug: 0]: errorCode: 393244, engine: 0
12-07 08:30:10.442  2656  3542 W GCoreFlp: No location to return for getLastLocation()
12-07 08:30:10.443  2962  3348 I MicroDetector: Keeping mic open: false
12-07 08:30:10.443  2962  3348 I MicroDetectionWorker: #onError(false)
12-07 08:30:10.456  1776  1776 D gralloc_ranchu: gralloc_alloc: Creating ashmem region of size 10108928
12-07 08:30:10.467  2018  5907 I ActivityTaskManager: START u0 {act=android.intent.action.MAIN cat=[android.intent.category.LAUNCHER] cmp=ru.iteco.fmhandroid/.ui.AppActivity} from uid 10146
12-07 08:30:10.483  2018  8097 W InputReader: Device has associated, but no associated display id.
12-07 08:30:10.489  2018  8097 I chatty  : uid=1000(system) Binder:2018_1B identical 48 lines
12-07 08:30:10.489  2018  8097 W InputReader: Device has associated, but no associated display id.
12-07 08:30:10.492 27762 27762 W ActivityThread: handleWindowVisibility: no activity for token android.os.BinderProxy@319bffe
12-07 08:30:10.515  2018  2054 W InputReader: Device has associated, but no associated display id.
12-07 08:30:10.516  2018  2054 I chatty  : uid=1000(system) android.anim identical 8 lines
12-07 08:30:10.516  2018  2054 W InputReader: Device has associated, but no associated display id.
12-07 08:30:10.525 27762 27762 D LifecycleMonitor: Lifecycle status change: ru.iteco.fmhandroid.ui.AppActivity@54dde0a in: PRE_ON_CREATE
12-07 08:30:10.526 27762 27762 V ActivityScenario: Activity lifecycle changed event received but ignored because the reported transition was not ON_CREATE while the last known transition was PRE_ON_CREATE
12-07 08:30:10.534  2962  3510 D EGL_emulation: eglMakeCurrent: 0xe597d120: ver 2 0 (tinfo 0xbffb2540)
12-07 08:30:10.538 12448 12488 D EGL_emulation: eglMakeCurrent: 0xe594d140: ver 2 0 (tinfo 0xc539bd10)
12-07 08:30:10.546 27762 27794 V FA      : onActivityCreated
12-07 08:30:10.561  2170  2566 D EGL_emulation: eglMakeCurrent: 0xe594e040: ver 2 0 (tinfo 0xc52450c0)
12-07 08:30:10.574 27762 27762 D LifecycleMonitor: Lifecycle status change: ru.iteco.fmhandroid.ui.AppActivity@54dde0a in: CREATED
12-07 08:30:10.574 27762 27762 V ActivityScenario: Update currentActivityStage to CREATED, currentActivity=ru.iteco.fmhandroid.ui.AppActivity@54dde0a
12-07 08:30:10.628  2656 28019 W ctxmgr  : [AclManager] No 3 for (accnt=account#-517948760#, com.google.android.gms(10112):UserVelocityProducer, vrsn=202414022, 0, 3pPkg = null ,  3pMdlId = null ,  pid = 2656). Was: 3 for 1, account#-517948760# [CONTEXT service_id=47 ]
12-07 08:30:10.673 27762 27762 D LifecycleMonitor: Lifecycle status change: ru.iteco.fmhandroid.ui.AppActivity@54dde0a in: STARTED
12-07 08:30:10.673 27762 27762 V ActivityScenario: Update currentActivityStage to STARTED, currentActivity=ru.iteco.fmhandroid.ui.AppActivity@54dde0a
12-07 08:30:10.678 27762 27762 D LifecycleMonitor: Lifecycle status change: ru.iteco.fmhandroid.ui.AppActivity@54dde0a in: RESUMED
12-07 08:30:10.678 27762 27762 V ActivityScenario: Update currentActivityStage to RESUMED, currentActivity=ru.iteco.fmhandroid.ui.AppActivity@54dde0a
12-07 08:30:10.680 27762 27799 V FA      : Activity resumed, time: 39273068
12-07 08:30:10.711  2656 28136 I LogUtils: [Places]: ?: Couldn't find platform key file. [CONTEXT service_id=253 ]
12-07 08:30:10.745  1776  1776 D gralloc_ranchu: gralloc_alloc: Creating ashmem region of size 10108928
12-07 08:30:10.755  2656  3542 W GCoreFlp: No location to return for getLastLocation()
12-07 08:30:10.758  1776  1776 D gralloc_ranchu: gralloc_alloc: Creating ashmem region of size 10108928
12-07 08:30:10.765  1776  1776 D gralloc_ranchu: gralloc_alloc: Creating ashmem region of size 10108928
12-07 08:30:10.768 27762 27852 D EGL_emulation: eglMakeCurrent: 0xe593ea40: ver 2 0 (tinfo 0xf0cc0130)
12-07 08:30:10.887  2018  2058 I ActivityTaskManager: Displayed ru.iteco.fmhandroid/.ui.AppActivity: +482ms
12-07 08:30:10.904 27762 27762 I ViewInteraction: Performing 'wait for a specific view with <(an instance of android.widget.TextView and view.getText() with or without transformation to match: is "Authorization" and view.getParent() view.getParent() view.getId() is <2131231186>)> during 10000 millis.' action on view view.getRootView() to equal view
12-07 08:30:10.919 27762 27775 I teco.fmhandroi: NativeAlloc concurrent copying GC freed 64385(3064KB) AllocSpace objects, 23(1552KB) LOS objects, 34% free, 11MB/17MB, paused 721us total 249.402ms
12-07 08:30:10.957  2656  2671 I .gms.persisten: Background concurrent copying GC freed 71029(3709KB) AllocSpace objects, 34(2296KB) LOS objects, 40% free, 9149KB/14MB, paused 8.804ms total 284.469ms
12-07 08:30:11.000  2656  2656 I GeofencerStateMachine: removeGeofences: removeRequest=RemoveGeofencingRequest[REMOVE_BY_PENDING_INTENT pendingIntent=PendingIntent[creatorPackage=com.google.android.gms], packageName=com.google.android.gms]
12-07 08:30:11.006  2656  2656 I GeofencerStateMachine: removeGeofences: removeRequest=RemoveGeofencingRequest[REMOVE_BY_PENDING_INTENT pendingIntent=PendingIntent[creatorPackage=com.google.android.gms], packageName=com.google.android.gms]
12-07 08:30:11.021  2962 27442 W earchbox:searc: Long monitor contention with owner NonUserFacing101 (27443) at boolean com.google.android.apps.gsa.staticplugins.ad.aw.d()(SourceFile:-1) waiters=0 in void com.google.android.apps.gsa.staticplugins.ad.aw.a(com.google.android.libraries.gcoreclient.f.h) for 114ms
12-07 08:30:11.025  2962 27912 I PBSessionCacheImpl: Deleted sessionId[635179488725] from persistence.
12-07 08:30:11.038  2656 28019 I ctxmgr  : [ProducerStatusImpl] updateStateForNewContextData: inactive, contextName=7 [CONTEXT service_id=47 ]
12-07 08:30:11.041  2656 28018 I LogUtils: [Places]: ?: Couldn't find platform key file. [CONTEXT service_id=253 ]
12-07 08:30:11.041  2656 28164 I PlacesLogger: [PlaceInferenceEngine]: [anon] Changed inference mode: 0 [CONTEXT service_id=253 ]
12-07 08:30:11.041  2656 28018 I LogUtils: [Places]: ?: Couldn't find platform key file. [CONTEXT service_id=253 ]
12-07 08:30:11.042  2962  3348 W SearchServiceCore: Abort, client detached.
12-07 08:30:11.061  2656  3542 W GCoreFlp: No location to return for getLastLocation()
12-07 08:30:11.097  2656 27951 I LogUtils: [Places]: ?: Couldn't find platform key file. [CONTEXT service_id=253 ]
12-07 08:30:11.111  2656 27951 I LogUtils: [Places]: ?: Couldn't find platform key file. [CONTEXT service_id=253 ]
12-07 08:30:11.117  2873 28123 V FA-SVC  : Logging event: origin=auto,name=screen_view(_vs),params=Bundle[{ga_event_origin(_o)=auto, ga_previous_class(_pc)=AppActivity, ga_previous_id(_pi)=8894325159233167662, ga_screen_class(_sc)=AppActivity, ga_screen_id(_si)=8894325159233167663}]
12-07 08:30:11.120  2656 27951 I LogUtils: [Places]: ?: Couldn't find platform key file. [CONTEXT service_id=253 ]
12-07 08:30:11.129  2656  3542 W GCoreFlp: No location to return for getLastLocation()
12-07 08:30:11.136  2873 28123 V FA-SVC  : Upload scheduled in approximately ms: 505444
12-07 08:30:11.136  2873 28123 V FA-SVC  : Unscheduling upload
12-07 08:30:11.142  2873 28123 V FA-SVC  : Scheduling upload, millis: 505444
12-07 08:30:11.149  2873 28123 V FA-SVC  : Background event processing time, ms: 32
12-07 08:30:11.178  2656 28164 I LogUtils: [Places]: ?: PlacesBleScanner start() with priority 2 [CONTEXT service_id=253 ]
12-07 08:30:11.178  2656 28164 I PlacesLogger: [PlaceInferenceEngine]: [anon] Changed inference mode: 1 [CONTEXT service_id=253 ]
12-07 08:30:11.193  2656  2656 E BeaconBle: Missing BluetoothAdapter [CONTEXT service_id=111 ]
12-07 08:30:11.193  2656  2656 I BeaconBle: BLE 'KK+' software access layer enabled [CONTEXT service_id=111 ]
12-07 08:30:11.207  2656  3542 W GCoreFlp: No location to return for getLastLocation()
12-07 08:30:11.219  2656  2656 I BeaconBle: Client requested scan, settings=BleSettings [scanMode=ZERO_POWER, callbackType=ALL_MATCHES, reportDelayMillis=0, 1 filters, 0 clients, callingClientName=Places] [CONTEXT service_id=111 ]
12-07 08:30:11.219  2656  2656 I BeaconBle: Scan : No clients left, canceling alarm. [CONTEXT service_id=111 ]
12-07 08:30:11.219  2656 28019 E SQLiteDatabase: Error inserting flex_time=505000 job_id=-1 period=1011000 source=16 requires_charging=0 preferred_network_type=1 target_class=com.google.android.gms.measurement.PackageMeasurementTaskService user_id=0 target_package=com.google.android.gms tag=Measurement.PackageMeasurementTaskService.UPLOAD_TASK_TAG task_type=0 required_idleness_state=0 service_kind=0 source_version=202414000 persistence_level=1 preferred_charging_state=1 required_network_type=0 runtime=1670419811160 retry_strategy={"maximum_backoff_seconds":{"3600":0},"initial_backoff_seconds":{"30":0},"retry_policy":{"0":0}} last_runtime=0
12-07 08:30:11.219  2656 28019 E SQLiteDatabase: android.database.sqlite.SQLiteConstraintException: UNIQUE constraint failed: pending_ops.tag, pending_ops.target_class, pending_ops.target_package, pending_ops.user_id (code 2067 SQLITE_CONSTRAINT_UNIQUE)
12-07 08:30:11.219  2656 28019 E SQLiteDatabase: 	at android.database.sqlite.SQLiteConnection.nativeExecuteForLastInsertedRowId(Native Method)
12-07 08:30:11.219  2656 28019 E SQLiteDatabase: 	at android.database.sqlite.SQLiteConnection.executeForLastInsertedRowId(SQLiteConnection.java:879)
12-07 08:30:11.219  2656 28019 E SQLiteDatabase: 	at android.database.sqlite.SQLiteSession.executeForLastInsertedRowId(SQLiteSession.java:790)
12-07 08:30:11.219  2656 28019 E SQLiteDatabase: 	at android.database.sqlite.SQLiteStatement.executeInsert(SQLiteStatement.java:88)
12-07 08:30:11.219  2656 28019 E SQLiteDatabase: 	at android.database.sqlite.SQLiteDatabase.insertWithOnConflict(SQLiteDatabase.java:1599)
12-07 08:30:11.219  2656 28019 E SQLiteDatabase: 	at android.database.sqlite.SQLiteDatabase.insert(SQLiteDatabase.java:1468)
12-07 08:30:11.219  2656 28019 E SQLiteDatabase: 	at aqui.a(:com.google.android.gms@202414022@20.24.14 (040700-319035315):175)
12-07 08:30:11.219  2656 28019 E SQLiteDatabase: 	at aqtk.a(:com.google.android.gms@202414022@20.24.14 (040700-319035315):182)
12-07 08:30:11.219  2656 28019 E SQLiteDatabase: 	at aqtk.a(:com.google.android.gms@202414022@20.24.14 (040700-319035315):23)
12-07 08:30:11.219  2656 28019 E SQLiteDatabase: 	at aqtk.a(:com.google.android.gms@202414022@20.24.14 (040700-319035315):177)
12-07 08:30:11.219  2656 28019 E SQLiteDatabase: 	at aqpu.run(:com.google.android.gms@202414022@20.24.14 (040700-319035315):9)
12-07 08:30:11.219  2656 28019 E SQLiteDatabase: 	at soy.b(:com.google.android.gms@202414022@20.24.14 (040700-319035315):12)
12-07 08:30:11.219  2656 28019 E SQLiteDatabase: 	at soy.run(:com.google.android.gms@202414022@20.24.14 (040700-319035315):7)
12-07 08:30:11.219  2656 28019 E SQLiteDatabase: 	at java.util.concurrent.ThreadPoolExecutor.runWorker(ThreadPoolExecutor.java:1167)
12-07 08:30:11.219  2656 28019 E SQLiteDatabase: 	at java.util.concurrent.ThreadPoolExecutor$Worker.run(ThreadPoolExecutor.java:641)
12-07 08:30:11.219  2656 28019 E SQLiteDatabase: 	at sux.run(:com.google.android.gms@202414022@20.24.14 (040700-319035315):0)
12-07 08:30:11.219  2656 28019 E SQLiteDatabase: 	at java.lang.Thread.run(Thread.java:919)
12-07 08:30:11.220  2656  2656 E BeaconBle: Scan couldn't start for Places [CONTEXT service_id=111 ]
12-07 08:30:11.220  2656  2656 W Places  : BLE failure while scanning - code 5
12-07 08:30:11.417  2018  2058 E memtrack: Couldn't load memtrack module
12-07 08:30:11.417  2018  2058 W android.os.Debug: failed to get memory consumption info: -1
12-07 08:30:11.514  2018  5837 D WificondControl: Scan result ready event
12-07 08:30:13.675 27762 27861 I okhttp.OkHttpClient: --> GET http://www.981757-ca08998.tmweb.ru:8080/fmh/authentication/userInfo
12-07 08:30:13.675 27762 27861 I okhttp.OkHttpClient: --> END GET
12-07 08:30:13.847  1744 28167 E ResolverController: No valid NAT64 prefix (102, <unspecified>/0)
12-07 08:30:14.246 27762 27861 I okhttp.OkHttpClient: <-- 200 http://www.981757-ca08998.tmweb.ru:8080/fmh/authentication/userInfo (570ms)
12-07 08:30:14.246 27762 27861 I okhttp.OkHttpClient: Vary: Origin
12-07 08:30:14.248 27762 27861 I okhttp.OkHttpClient: Vary: Access-Control-Request-Method
12-07 08:30:14.249 27762 27861 I okhttp.OkHttpClient: Vary: Access-Control-Request-Headers
12-07 08:30:14.250 27762 27861 I okhttp.OkHttpClient: X-Content-Type-Options: nosniff
12-07 08:30:14.250 27762 27861 I okhttp.OkHttpClient: X-XSS-Protection: 1; mode=block
12-07 08:30:14.250 27762 27861 I okhttp.OkHttpClient: Cache-Control: no-cache, no-store, max-age=0, must-revalidate
12-07 08:30:14.250 27762 27861 I okhttp.OkHttpClient: Pragma: no-cache
12-07 08:30:14.250 27762 27861 I okhttp.OkHttpClient: Expires: 0
12-07 08:30:14.251 27762 27861 I okhttp.OkHttpClient: X-Frame-Options: DENY
12-07 08:30:14.251 27762 27861 I okhttp.OkHttpClient: Content-Type: application/json
12-07 08:30:14.251 27762 27861 I okhttp.OkHttpClient: Transfer-Encoding: chunked
12-07 08:30:14.251 27762 27861 I okhttp.OkHttpClient: Date: Wed, 07 Dec 2022 13:30:16 GMT
12-07 08:30:14.252 27762 27861 I okhttp.OkHttpClient: Keep-Alive: timeout=60
12-07 08:30:14.252 27762 27861 I okhttp.OkHttpClient: Connection: keep-alive
12-07 08:30:14.256 27762 27861 I okhttp.OkHttpClient: {"id":2,"firstName":"Данил","lastName":"Иванов","middleName":"Данилович","admin":true}
12-07 08:30:14.256 27762 27861 I okhttp.OkHttpClient: <-- END HTTP (106-byte body)
12-07 08:30:14.263 27762 27866 I okhttp.OkHttpClient: --> GET http://www.981757-ca08998.tmweb.ru:8080/fmh/claims
12-07 08:30:14.264 27762 27866 I okhttp.OkHttpClient: --> END GET
12-07 08:30:14.904  2018  2018 W Looper  : Slow dispatch took 159ms main h=com.android.server.accessibility.AbstractAccessibilityServiceConnection$1 c=null m=4194304
12-07 08:30:15.986  2018  2067 W system_server: Long monitor contention with owner HwBinder:2018_1 (2068) at void com.android.server.power.PowerManagerService.acquireWakeLockInternal(android.os.IBinder, int, java.lang.String, java.lang.String, android.os.WorkSource, java.lang.String, int, int)(PowerManagerService.java:1044) waiters=0 in void com.android.server.power.PowerManagerService.handleSandman() for 278ms
12-07 08:30:16.441  2018 27408 W ActivityManager: Slow operation: 88ms so far, now at getContentProviderImpl: before checkContentProviderPermission
12-07 08:30:16.441  2018 27408 W ActivityManager: Slow operation: 89ms so far, now at getContentProviderImpl: after checkContentProviderPermission
12-07 08:30:16.441  2018 27408 W ActivityManager: Slow operation: 89ms so far, now at getContentProviderImpl: incProviderCountLocked
12-07 08:30:16.441  2018 27408 W ActivityManager: Slow operation: 89ms so far, now at getContentProviderImpl: before updateLruProcess
12-07 08:30:16.444  2018 27408 W ActivityManager: Slow operation: 92ms so far, now at getContentProviderImpl: after updateLruProcess
12-07 08:30:16.444  2018 27408 W ActivityManager: Slow operation: 92ms so far, now at getContentProviderImpl: before updateOomAdj
12-07 08:30:16.451  2018 27408 W ActivityManager: Slow operation: 98ms so far, now at getContentProviderImpl: after updateOomAdj
12-07 08:30:16.451  2018 27408 W ActivityManager: Slow operation: 99ms so far, now at getContentProviderImpl: done!
12-07 08:30:16.604  2656 28019 I LogUtils: [Places]: ?: Couldn't find platform key file. [CONTEXT service_id=253 ]
12-07 08:30:16.613  2656 28018 I LogUtils: [Places]: ?: Couldn't find platform key file. [CONTEXT service_id=253 ]
12-07 08:30:16.672  2656 28164 I LogUtils: [Places]: ?: PlacesBleScanner stop() [CONTEXT service_id=253 ]
12-07 08:30:16.673  2656  2656 I BeaconBle: Scan : No clients left, canceling alarm. [CONTEXT service_id=111 ]
12-07 08:30:16.676  2656  2656 I BeaconBle: Scan canceled successfully. [CONTEXT service_id=111 ]
12-07 08:30:16.698  2656 28164 I PlacesLogger: [PlaceInferenceEngine]: [anon] Changed inference mode: 0 [CONTEXT service_id=253 ]
12-07 08:30:16.764  2656 28018 I LogUtils: [Places]: ?: Couldn't find platform key file. [CONTEXT service_id=253 ]
12-07 08:30:16.770  2656 28019 I LogUtils: [Places]: ?: Couldn't find platform key file. [CONTEXT service_id=253 ]
12-07 08:30:16.780  2656  3542 W GCoreFlp: No location to return for getLastLocation()
12-07 08:30:16.941  2656  2656 I GeofencerStateMachine: removeGeofences: removeRequest=RemoveGeofencingRequest[REMOVE_BY_PENDING_INTENT pendingIntent=PendingIntent[creatorPackage=com.google.android.gms], packageName=com.google.android.gms]
