12-07 08:30:16.978 27762 27852 I OpenGLRenderer: Davey! duration=2700ms; Flags=1, IntendedVsync=39276666689807, Vsync=39276733356471, OldestInputEvent=9223372036854775807, NewestInputEvent=0, HandleInputStart=39276743476840, AnimationStart=39276743529840, PerformTraversalsStart=39276743795540, DrawStart=39276777086640, SyncQueued=39276778511340, SyncStart=39276778960340, IssueDrawCommandsStart=39276779177540, SwapBuffers=39279359668040, FrameCompleted=39279367371540, DequeueBufferDuration=486000, QueueBufferDuration=1741000, 
12-07 08:30:16.980 27762 27762 I Choreographer: Skipped 139 frames!  The application may be doing too much work on its main thread.
12-07 08:30:17.007 27762 27799 V FA      : Inactivity, disconnecting from the service
12-07 08:30:18.288 27762 27866 I okhttp.OkHttpClient: <-- 200 http://www.981757-ca08998.tmweb.ru:8080/fmh/claims (4024ms)
12-07 08:30:18.288 27762 27866 I okhttp.OkHttpClient: Vary: Origin
12-07 08:30:18.288 27762 27866 I okhttp.OkHttpClient: Vary: Access-Control-Request-Method
12-07 08:30:18.288 27762 27866 I okhttp.OkHttpClient: Vary: Access-Control-Request-Headers
12-07 08:30:18.288 27762 27866 I okhttp.OkHttpClient: X-Content-Type-Options: nosniff
12-07 08:30:18.288 27762 27866 I okhttp.OkHttpClient: X-XSS-Protection: 1; mode=block
12-07 08:30:18.289 27762 27866 I okhttp.OkHttpClient: Cache-Control: no-cache, no-store, max-age=0, must-revalidate
12-07 08:30:18.289 27762 27866 I okhttp.OkHttpClient: Pragma: no-cache
12-07 08:30:18.289 27762 27866 I okhttp.OkHttpClient: Expires: 0
12-07 08:30:18.289 27762 27866 I okhttp.OkHttpClient: X-Frame-Options: DENY
12-07 08:30:18.289 27762 27866 I okhttp.OkHttpClient: Content-Type: application/json
12-07 08:30:18.289 27762 27866 I okhttp.OkHttpClient: Transfer-Encoding: chunked
12-07 08:30:18.289 27762 27866 I okhttp.OkHttpClient: Date: Wed, 07 Dec 2022 13:30:20 GMT
12-07 08:30:18.289 27762 27866 I okhttp.OkHttpClient: Keep-Alive: timeout=60
12-07 08:30:18.289 27762 27866 I okhttp.OkHttpClient: Connection: keep-alive
12-07 08:30:20.938 27762 27762 D takeScreenshot: Found 1 global views to redraw
12-07 08:30:20.969  1776  1776 D gralloc_ranchu: gralloc_alloc: Creating ashmem region of size 10108928
12-07 08:30:21.062 27762 27806 W DefaultFailureHandler: Failed to take screenshot
12-07 08:30:21.062 27762 27806 W DefaultFailureHandler: java.io.FileNotFoundException: view-op-error-11.png: open failed: EROFS (Read-only file system)
12-07 08:30:21.062 27762 27806 W DefaultFailureHandler: 	at libcore.io.IoBridge.open(IoBridge.java:496)
12-07 08:30:21.062 27762 27806 W DefaultFailureHandler: 	at java.io.FileOutputStream.<init>(FileOutputStream.java:235)
12-07 08:30:21.062 27762 27806 W DefaultFailureHandler: 	at java.io.FileOutputStream.<init>(FileOutputStream.java:125)
12-07 08:30:21.062 27762 27806 W DefaultFailureHandler: 	at androidx.test.platform.io.FileTestStorage.openOutputFile(FileTestStorage.java:60)
12-07 08:30:21.062 27762 27806 W DefaultFailureHandler: 	at androidx.test.core.graphics.BitmapStorage.writeToTestStorage(BitmapStorageExt.kt:49)
12-07 08:30:21.062 27762 27806 W DefaultFailureHandler: 	at androidx.test.espresso.base.DefaultFailureHandler.takeScreenshot(DefaultFailureHandler.java:4)
12-07 08:30:21.062 27762 27806 W DefaultFailureHandler: 	at androidx.test.espresso.base.DefaultFailureHandler.handle(DefaultFailureHandler.java:3)
12-07 08:30:21.062 27762 27806 W DefaultFailureHandler: 	at androidx.test.espresso.ViewInteraction.waitForAndHandleInteractionResults(ViewInteraction.java:8)
12-07 08:30:21.062 27762 27806 W DefaultFailureHandler: 	at androidx.test.espresso.ViewInteraction.desugaredPerform(ViewInteraction.java:11)
12-07 08:30:21.062 27762 27806 W DefaultFailureHandler: 	at androidx.test.espresso.ViewInteraction.perform(ViewInteraction.java:8)
12-07 08:30:21.062 27762 27806 W DefaultFailureHandler: 	at ru.iteco.fmhandroid.ui.data.TestUtils.waitView(TestUtils.java:61)
12-07 08:30:21.062 27762 27806 W DefaultFailureHandler: 	at ru.iteco.fmhandroid.ui.steps.AuthSteps.isAuthScreen(AuthSteps.java:56)
12-07 08:30:21.062 27762 27806 W DefaultFailureHandler: 	at ru.iteco.fmhandroid.ui.ControlPanelTest.logoutCheckAndOpenControlPanelPage(ControlPanelTest.java:60)
12-07 08:30:21.062 27762 27806 W DefaultFailureHandler: 	at java.lang.reflect.Method.invoke(Native Method)
12-07 08:30:21.062 27762 27806 W DefaultFailureHandler: 	at org.junit.runners.model.FrameworkMethod$1.runReflectiveCall(FrameworkMethod.java:59)
12-07 08:30:21.062 27762 27806 W DefaultFailureHandler: 	at org.junit.internal.runners.model.ReflectiveCallable.run(ReflectiveCallable.java:12)
12-07 08:30:21.062 27762 27806 W DefaultFailureHandler: 	at org.junit.runners.model.FrameworkMethod.invokeExplosively(FrameworkMethod.java:56)
12-07 08:30:21.062 27762 27806 W DefaultFailureHandler: 	at androidx.test.internal.runner.junit4.statement.RunBefores.evaluate(RunBefores.java:76)
12-07 08:30:21.062 27762 27806 W DefaultFailureHandler: 	at androidx.test.internal.runner.junit4.statement.RunAfters.evaluate(RunAfters.java:61)
12-07 08:30:21.062 27762 27806 W DefaultFailureHandler: 	at io.qameta.allure.android.rules.ScreenshotRule$apply$1.evaluate(ScreenshotRule.kt:22)
12-07 08:30:21.062 27762 27806 W DefaultFailureHandler: 	at org.junit.rules.ExternalResource$1.evaluate(ExternalResource.java:54)
12-07 08:30:21.062 27762 27806 W DefaultFailureHandler: 	at io.qameta.allure.android.rules.LogcatRule$apply$1.evaluate(LogcatRule.kt:23)
12-07 08:30:21.062 27762 27806 W DefaultFailureHandler: 	at org.junit.rules.RunRules.evaluate(RunRules.java:20)
12-07 08:30:21.062 27762 27806 W DefaultFailureHandler: 	at org.junit.runners.ParentRunner$3.evaluate(ParentRunner.java:306)
12-07 08:30:21.062 27762 27806 W DefaultFailureHandler: 	at org.junit.runners.BlockJUnit4ClassRunner$1.evaluate(BlockJUnit4ClassRunner.java:100)
12-07 08:30:21.062 27762 27806 W DefaultFailureHandler: 	at org.junit.runners.ParentRunner.runLeaf(ParentRunner.java:366)
12-07 08:30:21.062 27762 27806 W DefaultFailureHandler: 	at org.junit.runners.BlockJUnit4ClassRunner.runChild(BlockJUnit4ClassRunner.java:103)
12-07 08:30:21.062 27762 27806 W DefaultFailureHandler: 	at org.junit.runners.BlockJUnit4ClassRunner.runChild(BlockJUnit4ClassRunner.java:63)
12-07 08:30:21.062 27762 27806 W DefaultFailureHandler: 	at org.junit.runners.ParentRunner$4.run(ParentRunner.java:331)
12-07 08:30:21.062 27762 27806 W DefaultFailureHandler: 	at org.junit.runners.ParentRunner$1.schedule(ParentRunner.java:79)
12-07 08:30:21.062 27762 27806 W DefaultFailureHandler: 	at org.junit.runners.ParentRunner.runChildren(ParentRunner.java:329)
12-07 08:30:21.062 27762 27806 W DefaultFailureHandler: 	at org.junit.runners.ParentRunner.access$100(ParentRunner.java:66)
12-07 08:30:21.062 27762 27806 W DefaultFailureHandler: 	at org.junit.runners.ParentRunner$2.evaluate(ParentRunner.java:293)
12-07 08:30:21.062 27762 27806 W DefaultFailureHandler: 	at org.junit.runners.ParentRunner$3.evaluate(ParentRunner.java:306)
12-07 08:30:21.062 27762 27806 W DefaultFailureHandler: 	at org.junit.runners.ParentRunner.run(ParentRunner.java:413)
12-07 08:30:21.062 27762 27806 W DefaultFailureHandler: 	at androidx.test.ext.junit.runners.AndroidJUnit4.run(AndroidJUnit4.java:162)
12-07 08:30:21.062 27762 27806 W DefaultFailureHandler: 	at io.qameta.allure.android.runners.AllureAndroidJUnit4.run(AllureAndroidJUnitRunners.kt:29)
12-07 08:30:21.062 27762 27806 W DefaultFailureHandler: 	at org.junit.runners.Suite.runChild(Suite.java:128)
12-07 08:30:21.062 27762 27806 W DefaultFailureHandler: 	at org.junit.runners.Suite.runChild(Suite.java:27)
12-07 08:30:21.062 27762 27806 W DefaultFailureHandler: 	at org.junit.runners.ParentRunner$4.run(ParentRunner.java:331)
12-07 08:30:21.062 27762 27806 W DefaultFailureHandler: 	at org.junit.runners.ParentRunner$1.schedule(ParentRunner.java:79)
12-07 08:30:21.062 27762 27806 W DefaultFailureHandler: 	at org.junit.runners.ParentRunner.runChildren(ParentRunner.java:329)
12-07 08:30:21.062 27762 27806 W DefaultFailureHandler: 	at org.junit.runners.ParentRunner.access$100(ParentRunner.java:66)
12-07 08:30:21.062 27762 27806 W DefaultFailureHandler: 	at org.junit.runners.ParentRunner$2.evaluate(ParentRunner.java:293)
12-07 08:30:21.062 27762 27806 W DefaultFailureHandler: 	at org.junit.runners.ParentRunner$3.evaluate(ParentRunner.java:306)
12-07 08:30:21.062 27762 27806 W DefaultFailureHandler: 	at org.junit.runners.ParentRunner.run(ParentRunner.java:413)
12-07 08:30:21.062 27762 27806 W DefaultFailureHandler: 	at org.junit.runner.JUnitCore.run(JUnitCore.java:137)
12-07 08:30:21.062 27762 27806 W DefaultFailureHandler: 	at org.junit.runner.JUnitCore.run(JUnitCore.java:115)
12-07 08:30:21.062 27762 27806 W DefaultFailureHandler: 	at androidx.test.internal.runner.TestExecutor.execute(TestExecutor.java:67)
12-07 08:30:21.062 27762 27806 W DefaultFailureHandler: 	at androidx.test.internal.runner.TestExecutor.execute(TestExecutor.java:58)
12-07 08:30:21.062 27762 27806 W DefaultFailureHandler: 	at androidx.test.runner.AndroidJUnitRunner.onStart(AndroidJUnitRunner.java:438)
12-07 08:30:21.062 27762 27806 W DefaultFailureHandler: 	at android.app.Instrumentation$InstrumentationThread.run(Instrumentation.java:2189)
12-07 08:30:21.063 27762 27806 W DefaultFailureHandler: Caused by: android.system.ErrnoException: open failed: EROFS (Read-only file system)
12-07 08:30:21.063 27762 27806 W DefaultFailureHandler: 	at libcore.io.Linux.open(Native Method)
12-07 08:30:21.063 27762 27806 W DefaultFailureHandler: 	at libcore.io.ForwardingOs.open(ForwardingOs.java:167)
12-07 08:30:21.063 27762 27806 W DefaultFailureHandler: 	at libcore.io.BlockGuardOs.open(BlockGuardOs.java:252)
12-07 08:30:21.063 27762 27806 W DefaultFailureHandler: 	at libcore.io.ForwardingOs.open(ForwardingOs.java:167)
12-07 08:30:21.063 27762 27806 W DefaultFailureHandler: 	at android.app.ActivityThread$AndroidOs.open(ActivityThread.java:7255)
12-07 08:30:21.063 27762 27806 W DefaultFailureHandler: 	at libcore.io.IoBridge.open(IoBridge.java:482)
12-07 08:30:21.063 27762 27806 W DefaultFailureHandler: 	... 51 more
12-07 08:30:21.066 27762 27762 I ViewInteraction: Performing 'wait for a specific view with <view.getId() is <2131230870/ru.iteco.fmhandroid:id/authorization_image_button>> during 10000 millis.' action on view view.getRootView() to equal view
12-07 08:30:21.070  2962  3348 I WorkerManager: dispose()
12-07 08:30:21.072  2962  3348 W ThreadPoolDumper: Queue length for executor EventBus is now 11. Perhaps some tasks are too long, or the pool is too small.
12-07 08:30:21.073 27762 27762 I ViewInteraction: Checking 'MatchesViewAssertion{viewMatcher=(view has effective visibility <VISIBLE> and view.getGlobalVisibleRect() to return non-empty rectangle)}' assertion on view view.getId() is <2131230870/ru.iteco.fmhandroid:id/authorization_image_button>
12-07 08:30:21.076 27762 27762 I ViewInteraction: Performing 'single click' action on view view.getId() is <2131230870/ru.iteco.fmhandroid:id/authorization_image_button>
12-07 08:30:21.207  1776  1776 D gralloc_ranchu: gralloc_alloc: Creating ashmem region of size 884736
12-07 08:30:21.219  1776  1776 I chatty  : uid=1000(system) allocator@2.0-s identical 1 line
12-07 08:30:21.222  1776  1776 D gralloc_ranchu: gralloc_alloc: Creating ashmem region of size 884736
12-07 08:30:21.229 27762 27852 D EGL_emulation: eglMakeCurrent: 0xe593ea40: ver 2 0 (tinfo 0xf0cc0130)
12-07 08:30:21.233  1764  6994 W audio_hw_generic: Not supplying enough data to HAL, expected position 87072487 , only wrote 87072208
12-07 08:30:21.253 27762 27852 D EGL_emulation: eglMakeCurrent: 0xe593ea40: ver 2 0 (tinfo 0xf0cc0130)
12-07 08:30:21.335 27762 27852 I chatty  : uid=10146(ru.iteco.fmhandroid) RenderThread identical 2 lines
12-07 08:30:21.352 27762 27852 D EGL_emulation: eglMakeCurrent: 0xe593ea40: ver 2 0 (tinfo 0xf0cc0130)
12-07 08:30:21.583 27762 27762 I ViewInteraction: Performing 'wait for a specific view with <an instance of android.widget.TextView and view.getText() with or without transformation to match: is "Log out"> during 10000 millis.' action on view view.getRootView() to equal view
12-07 08:30:21.586 27762 27762 I ViewInteraction: Checking 'MatchesViewAssertion{viewMatcher=(view has effective visibility <VISIBLE> and view.getGlobalVisibleRect() to return non-empty rectangle)}' assertion on view an instance of android.widget.TextView and view.getText() with or without transformation to match: is "Log out"
12-07 08:30:21.589 27762 27762 I ViewInteraction: Performing 'single click' action on view an instance of android.widget.TextView and view.getText() with or without transformation to match: is "Log out"
12-07 08:30:21.695  2656  2656 I BeaconBle: Scan : No clients left, canceling alarm. [CONTEXT service_id=111 ]
12-07 08:30:21.873 27762 27852 D EGL_emulation: eglMakeCurrent: 0xe593ea40: ver 2 0 (tinfo 0xf0cc0130)
12-07 08:30:21.920 27762 27852 D EGL_emulation: eglMakeCurrent: 0xe593ea40: ver 2 0 (tinfo 0xf0cc0130)
12-07 08:30:22.021 27762 27762 I ViewInteraction: Performing 'wait for a specific view with <(an instance of android.widget.TextView and view.getText() with or without transformation to match: is "Authorization" and view.getParent() view.getParent() view.getId() is <2131231186>)> during 10000 millis.' action on view view.getRootView() to equal view
12-07 08:30:22.025 27762 27762 I ViewInteraction: Checking 'MatchesViewAssertion{viewMatcher=(view has effective visibility <VISIBLE> and view.getGlobalVisibleRect() to return non-empty rectangle)}' assertion on view (an instance of android.widget.TextView and view.getText() with or without transformation to match: is "Authorization" and view.getParent() view.getParent() view.getId() is <2131231186/ru.iteco.fmhandroid:id/nav_host_fragment>)
12-07 08:30:22.030 27762 27762 I ViewInteraction: Performing 'wait for a specific view with <(an instance of android.widget.TextView and view.getHint() matching: is "Login" and view.getParent() view.getParent() view.getId() is <2131231121/ru.iteco.fmhandroid:id/login_text_input_layout>)> during 10000 millis.' action on view view.getRootView() to equal view
12-07 08:30:22.034 27762 27762 I ViewInteraction: Checking 'MatchesViewAssertion{viewMatcher=(view has effective visibility <VISIBLE> and view.getGlobalVisibleRect() to return non-empty rectangle)}' assertion on view (an instance of android.widget.TextView and view.getHint() matching: is "Login" and view.getParent() view.getParent() view.getId() is <2131231121/ru.iteco.fmhandroid:id/login_text_input_layout>)
12-07 08:30:22.037 27762 27762 I ViewInteraction: Performing 'wait for a specific view with <(an instance of android.widget.TextView and view.getHint() matching: is "Password" and view.getParent() view.getParent() view.getId() is <2131231264/ru.iteco.fmhandroid:id/password_text_input_layout>)> during 10000 millis.' action on view view.getRootView() to equal view
12-07 08:30:22.042 27762 27762 I ViewInteraction: Checking 'MatchesViewAssertion{viewMatcher=(view has effective visibility <VISIBLE> and view.getGlobalVisibleRect() to return non-empty rectangle)}' assertion on view (an instance of android.widget.TextView and view.getHint() matching: is "Password" and view.getParent() view.getParent() view.getId() is <2131231264/ru.iteco.fmhandroid:id/password_text_input_layout>)
12-07 08:30:22.047 27762 27762 I ViewInteraction: Performing 'wait for a specific view with <(view.getId() is <2131231039/ru.iteco.fmhandroid:id/enter_button> and an instance of android.widget.TextView and view.getText() with or without transformation to match: is "SIGN IN" and view.getContentDescription() is "Save" and view.getParent() view.getParent() an instance of android.widget.RelativeLayout)> during 10000 millis.' action on view view.getRootView() to equal view
12-07 08:30:22.051 27762 27762 I ViewInteraction: Checking 'MatchesViewAssertion{viewMatcher=(view has effective visibility <VISIBLE> and view.getGlobalVisibleRect() to return non-empty rectangle)}' assertion on view (view.getId() is <2131231039/ru.iteco.fmhandroid:id/enter_button> and an instance of android.widget.TextView and view.getText() with or without transformation to match: is "SIGN IN" and view.getContentDescription() is "Save" and view.getParent() view.getParent() an instance of android.widget.RelativeLayout)
12-07 08:30:22.054 27762 27762 I ViewInteraction: Performing 'wait for a specific view with <(an instance of android.widget.TextView and view.getText() with or without transformation to match: is "Authorization" and view.getParent() view.getParent() view.getId() is <2131231186>)> during 10000 millis.' action on view view.getRootView() to equal view
12-07 08:30:22.057 27762 27762 I ViewInteraction: Checking 'MatchesViewAssertion{viewMatcher=(view has effective visibility <VISIBLE> and view.getGlobalVisibleRect() to return non-empty rectangle)}' assertion on view (an instance of android.widget.TextView and view.getText() with or without transformation to match: is "Authorization" and view.getParent() view.getParent() view.getId() is <2131231186/ru.iteco.fmhandroid:id/nav_host_fragment>)
12-07 08:30:22.060 27762 27762 I ViewInteraction: Performing 'wait for a specific view with <(an instance of android.widget.TextView and view.getHint() matching: is "Login" and view.getParent() view.getParent() view.getId() is <2131231121/ru.iteco.fmhandroid:id/login_text_input_layout>)> during 10000 millis.' action on view view.getRootView() to equal view
12-07 08:30:22.065 27762 27762 I ViewInteraction: Checking 'MatchesViewAssertion{viewMatcher=(view has effective visibility <VISIBLE> and view.getGlobalVisibleRect() to return non-empty rectangle)}' assertion on view (an instance of android.widget.TextView and view.getHint() matching: is "Login" and view.getParent() view.getParent() view.getId() is <2131231121/ru.iteco.fmhandroid:id/login_text_input_layout>)
12-07 08:30:22.068 27762 27762 I ViewInteraction: Performing 'wait for a specific view with <(an instance of android.widget.TextView and view.getHint() matching: is "Password" and view.getParent() view.getParent() view.getId() is <2131231264/ru.iteco.fmhandroid:id/password_text_input_layout>)> during 10000 millis.' action on view view.getRootView() to equal view
12-07 08:30:22.071 27762 27762 I ViewInteraction: Checking 'MatchesViewAssertion{viewMatcher=(view has effective visibility <VISIBLE> and view.getGlobalVisibleRect() to return non-empty rectangle)}' assertion on view (an instance of android.widget.TextView and view.getHint() matching: is "Password" and view.getParent() view.getParent() view.getId() is <2131231264/ru.iteco.fmhandroid:id/password_text_input_layout>)
12-07 08:30:22.075 27762 27762 I ViewInteraction: Performing 'wait for a specific view with <(view.getId() is <2131231039/ru.iteco.fmhandroid:id/enter_button> and an instance of android.widget.TextView and view.getText() with or without transformation to match: is "SIGN IN" and view.getContentDescription() is "Save" and view.getParent() view.getParent() an instance of android.widget.RelativeLayout)> during 10000 millis.' action on view view.getRootView() to equal view
12-07 08:30:22.080 27762 27762 I ViewInteraction: Checking 'MatchesViewAssertion{viewMatcher=(view has effective visibility <VISIBLE> and view.getGlobalVisibleRect() to return non-empty rectangle)}' assertion on view (view.getId() is <2131231039/ru.iteco.fmhandroid:id/enter_button> and an instance of android.widget.TextView and view.getText() with or without transformation to match: is "SIGN IN" and view.getContentDescription() is "Save" and view.getParent() view.getParent() an instance of android.widget.RelativeLayout)
12-07 08:30:22.084 27762 27762 I ViewInteraction: Performing 'wait for a specific view with <(an instance of android.widget.TextView and view.getHint() matching: is "Login" and view.getParent() view.getParent() view.getId() is <2131231121/ru.iteco.fmhandroid:id/login_text_input_layout>)> during 10000 millis.' action on view view.getRootView() to equal view
12-07 08:30:22.089 27762 27762 I ViewInteraction: Performing 'replace text(login2)' action on view (an instance of android.widget.TextView and view.getHint() matching: is "Login" and view.getParent() view.getParent() view.getId() is <2131231121/ru.iteco.fmhandroid:id/login_text_input_layout>)
12-07 08:30:22.114 27762 27762 I ViewInteraction: Performing 'wait for a specific view with <(an instance of android.widget.TextView and view.getHint() matching: is "Password" and view.getParent() view.getParent() view.getId() is <2131231264/ru.iteco.fmhandroid:id/password_text_input_layout>)> during 10000 millis.' action on view view.getRootView() to equal view
12-07 08:30:22.128 27762 27762 I ViewInteraction: Performing 'replace text(password2)' action on view (an instance of android.widget.TextView and view.getHint() matching: is "Password" and view.getParent() view.getParent() view.getId() is <2131231264/ru.iteco.fmhandroid:id/password_text_input_layout>)
12-07 08:30:22.143 27762 27762 I ViewInteraction: Performing 'wait for a specific view with <(view.getId() is <2131231039/ru.iteco.fmhandroid:id/enter_button> and an instance of android.widget.TextView and view.getText() with or without transformation to match: is "SIGN IN" and view.getContentDescription() is "Save" and view.getParent() view.getParent() an instance of android.widget.RelativeLayout)> during 10000 millis.' action on view view.getRootView() to equal view
12-07 08:30:22.155 27762 27762 I ViewInteraction: Checking 'MatchesViewAssertion{viewMatcher=view.isClickable() is <true>}' assertion on view (view.getId() is <2131231039/ru.iteco.fmhandroid:id/enter_button> and an instance of android.widget.TextView and view.getText() with or without transformation to match: is "SIGN IN" and view.getContentDescription() is "Save" and view.getParent() view.getParent() an instance of android.widget.RelativeLayout)
12-07 08:30:22.160 27762 27762 I ViewInteraction: Performing 'wait for a specific view with <(view.getId() is <2131231039/ru.iteco.fmhandroid:id/enter_button> and an instance of android.widget.TextView and view.getText() with or without transformation to match: is "SIGN IN" and view.getContentDescription() is "Save" and view.getParent() view.getParent() an instance of android.widget.RelativeLayout)> during 10000 millis.' action on view view.getRootView() to equal view
12-07 08:30:22.167 27762 27762 I ViewInteraction: Checking 'MatchesViewAssertion{viewMatcher=view.isClickable() is <true>}' assertion on view (view.getId() is <2131231039/ru.iteco.fmhandroid:id/enter_button> and an instance of android.widget.TextView and view.getText() with or without transformation to match: is "SIGN IN" and view.getContentDescription() is "Save" and view.getParent() view.getParent() an instance of android.widget.RelativeLayout)
12-07 08:30:22.170 27762 27762 I ViewInteraction: Performing 'wait for a specific view with <(view.getId() is <2131231039/ru.iteco.fmhandroid:id/enter_button> and an instance of android.widget.TextView and view.getText() with or without transformation to match: is "SIGN IN" and view.getContentDescription() is "Save" and view.getParent() view.getParent() an instance of android.widget.RelativeLayout)> during 10000 millis.' action on view view.getRootView() to equal view
12-07 08:30:22.175 27762 27762 I ViewInteraction: Performing 'single click' action on view (view.getId() is <2131231039/ru.iteco.fmhandroid:id/enter_button> and an instance of android.widget.TextView and view.getText() with or without transformation to match: is "SIGN IN" and view.getContentDescription() is "Save" and view.getParent() view.getParent() an instance of android.widget.RelativeLayout)
12-07 08:30:22.230 27762 27883 I okhttp.OkHttpClient: --> POST http://www.981757-ca08998.tmweb.ru:8080/fmh/authentication/login
12-07 08:30:22.230 27762 27883 I okhttp.OkHttpClient: Content-Type: application/json; charset=UTF-8
12-07 08:30:22.230 27762 27883 I okhttp.OkHttpClient: Content-Length: 41
12-07 08:30:22.231 27762 27883 I okhttp.OkHttpClient: {"login":"login2","password":"password2"}
12-07 08:30:22.231 27762 27883 I okhttp.OkHttpClient: --> END POST (41-byte body)
12-07 08:30:22.470 27762 27762 I ViewInteraction: Performing 'wait for a specific view with <an instance of android.widget.TextView and view.getText() with or without transformation to match: is "News"> during 10000 millis.' action on view view.getRootView() to equal view
12-07 08:30:24.547  1744 28172 E ResolverController: No valid NAT64 prefix (102, <unspecified>/0)
12-07 08:30:24.998 27762 27883 I okhttp.OkHttpClient: <-- 200 http://www.981757-ca08998.tmweb.ru:8080/fmh/authentication/login (2766ms)
12-07 08:30:24.998 27762 27883 I okhttp.OkHttpClient: Vary: Origin
12-07 08:30:24.998 27762 27883 I okhttp.OkHttpClient: Vary: Access-Control-Request-Method
12-07 08:30:24.999 27762 27883 I okhttp.OkHttpClient: Vary: Access-Control-Request-Headers
12-07 08:30:25.001 27762 27883 I okhttp.OkHttpClient: X-Content-Type-Options: nosniff
12-07 08:30:25.002 27762 27883 I okhttp.OkHttpClient: X-XSS-Protection: 1; mode=block
12-07 08:30:25.002 27762 27883 I okhttp.OkHttpClient: Cache-Control: no-cache, no-store, max-age=0, must-revalidate
12-07 08:30:25.002 27762 27883 I okhttp.OkHttpClient: Pragma: no-cache
12-07 08:30:25.003 27762 27883 I okhttp.OkHttpClient: Expires: 0
12-07 08:30:25.003 27762 27883 I okhttp.OkHttpClient: X-Frame-Options: DENY
12-07 08:30:25.004 27762 27883 I okhttp.OkHttpClient: Content-Type: application/json
12-07 08:30:25.004 27762 27883 I okhttp.OkHttpClient: Transfer-Encoding: chunked
12-07 08:30:25.004 27762 27883 I okhttp.OkHttpClient: Date: Wed, 07 Dec 2022 13:30:27 GMT
12-07 08:30:25.004 27762 27883 I okhttp.OkHttpClient: Keep-Alive: timeout=60
12-07 08:30:25.004 27762 27883 I okhttp.OkHttpClient: Connection: keep-alive
12-07 08:30:25.007 27762 27883 I okhttp.OkHttpClient: {"accessToken":"eyJhbGciOiJIUzUxMiJ9.eyJzdWIiOiJsb2dpbjIiLCJqdGkiOiIyIiwiZXhwIjoxNjcwNTA2MjI3fQ.630fItygS7B5Kcy5CkhRqGhIY4jJl83Icd-RRcPTJtiLtUkdNJv7PChJwHukCcOlFr5S6J2d9yhPAvA_--9Uxw","refreshToken":"eyJhbGciOiJIUzUxMiJ9.eyJzdWIiOiJsb2dpbjIiLCJqdGkiOiIyIiwiZXhwIjoxNjczMDExODI3fQ.Ki1q0nmnSTZFkyJAEyhnTN-f3HdImjO6f-9HsNi9UqLa8LspCEVAAMtops95k82g9DXgc3brH94UYGAF0k5Z4w"}
12-07 08:30:25.007 27762 27883 I okhttp.OkHttpClient: <-- END HTTP (368-byte body)
12-07 08:30:25.015 27762 27861 I okhttp.OkHttpClient: --> GET http://www.981757-ca08998.tmweb.ru:8080/fmh/authentication/userInfo
12-07 08:30:25.016 27762 27861 I okhttp.OkHttpClient: --> END GET
12-07 08:30:25.203 27762 27861 I okhttp.OkHttpClient: <-- 200 http://www.981757-ca08998.tmweb.ru:8080/fmh/authentication/userInfo (186ms)
12-07 08:30:25.203 27762 27861 I okhttp.OkHttpClient: Vary: Origin
12-07 08:30:25.203 27762 27861 I okhttp.OkHttpClient: Vary: Access-Control-Request-Method
12-07 08:30:25.203 27762 27861 I okhttp.OkHttpClient: Vary: Access-Control-Request-Headers
12-07 08:30:25.203 27762 27861 I okhttp.OkHttpClient: X-Content-Type-Options: nosniff
12-07 08:30:25.203 27762 27861 I okhttp.OkHttpClient: X-XSS-Protection: 1; mode=block
12-07 08:30:25.203 27762 27861 I okhttp.OkHttpClient: Cache-Control: no-cache, no-store, max-age=0, must-revalidate
12-07 08:30:25.203 27762 27861 I okhttp.OkHttpClient: Pragma: no-cache
12-07 08:30:25.203 27762 27861 I okhttp.OkHttpClient: Expires: 0
12-07 08:30:25.204 27762 27861 I okhttp.OkHttpClient: X-Frame-Options: DENY
12-07 08:30:25.204 27762 27861 I okhttp.OkHttpClient: Content-Type: application/json
12-07 08:30:25.204 27762 27861 I okhttp.OkHttpClient: Transfer-Encoding: chunked
12-07 08:30:25.204 27762 27861 I okhttp.OkHttpClient: Date: Wed, 07 Dec 2022 13:30:27 GMT
12-07 08:30:25.204 27762 27861 I okhttp.OkHttpClient: Keep-Alive: timeout=60
12-07 08:30:25.204 27762 27861 I okhttp.OkHttpClient: Connection: keep-alive
12-07 08:30:25.205 27762 27861 I okhttp.OkHttpClient: {"id":2,"firstName":"Данил","lastName":"Иванов","middleName":"Данилович","admin":true}
12-07 08:30:25.205 27762 27861 I okhttp.OkHttpClient: <-- END HTTP (106-byte body)
12-07 08:30:25.212 27762 27885 I okhttp.OkHttpClient: --> GET http://www.981757-ca08998.tmweb.ru:8080/fmh/claims
12-07 08:30:25.212 27762 27885 I okhttp.OkHttpClient: --> END GET
12-07 08:30:25.285  1764  6994 W audio_hw_generic: Not supplying enough data to HAL, expected position 87250927 , only wrote 87250678
12-07 08:30:25.286  1764  6994 W audio_hw_generic: Not supplying enough data to HAL, expected position 87250724 , only wrote 87250678
12-07 08:30:25.302  1764  6994 W audio_hw_generic: Not supplying enough data to HAL, expected position 87251376 , only wrote 87251339
12-07 08:30:25.334  1764  1891 W audio_hw_generic: Not supplying enough data to HAL, expected position 87253814 , only wrote 87252661
12-07 08:30:25.632 27762 27762 I ViewInteraction: Checking 'MatchesViewAssertion{viewMatcher=(view has effective visibility <VISIBLE> and view.getGlobalVisibleRect() to return non-empty rectangle)}' assertion on view an instance of android.widget.TextView and view.getText() with or without transformation to match: is "News"
12-07 08:30:25.637 27762 27762 I ViewInteraction: Performing 'wait for a specific view with <view.getId() is <2131230951>> during 10000 millis.' action on view view.getRootView() to equal view
12-07 08:30:25.640 27762 27762 I ViewInteraction: Checking 'MatchesViewAssertion{viewMatcher=(view has effective visibility <VISIBLE> and view.getGlobalVisibleRect() to return non-empty rectangle)}' assertion on view view.getId() is <2131230951/ru.iteco.fmhandroid:id/container_list_news_include_on_fragment_main>
12-07 08:30:25.644 27762 27762 I ViewInteraction: Performing 'wait for a specific view with <view.getId() is <2131230949>> during 10000 millis.' action on view view.getRootView() to equal view
12-07 08:30:25.646 27762 27762 I ViewInteraction: Checking 'MatchesViewAssertion{viewMatcher=(view has effective visibility <VISIBLE> and view.getGlobalVisibleRect() to return non-empty rectangle)}' assertion on view view.getId() is <2131230949/ru.iteco.fmhandroid:id/container_list_claim_include_on_fragment_main>
12-07 08:30:25.651 27762 27762 I ViewInteraction: Performing 'wait for a specific view with <an instance of android.widget.TextView and view.getText() with or without transformation to match: is "Claims"> during 10000 millis.' action on view view.getRootView() to equal view
12-07 08:30:25.657 27762 27762 I ViewInteraction: Checking 'MatchesViewAssertion{viewMatcher=(view has effective visibility <VISIBLE> and view.getGlobalVisibleRect() to return non-empty rectangle)}' assertion on view an instance of android.widget.TextView and view.getText() with or without transformation to match: is "Claims"
12-07 08:30:25.659 27762 27762 I ViewInteraction: Performing 'wait for a specific view with <view.getId() is <2131231123/ru.iteco.fmhandroid:id/main_menu_image_button>> during 10000 millis.' action on view view.getRootView() to equal view
12-07 08:30:25.663 27762 27762 I ViewInteraction: Performing 'single click' action on view view.getId() is <2131231123/ru.iteco.fmhandroid:id/main_menu_image_button>
12-07 08:30:25.718  1764  6994 W audio_hw_generic: Not supplying enough data to HAL, expected position 87252757 , only wrote 87252661
12-07 08:30:25.766  1776  1776 D gralloc_ranchu: gralloc_alloc: Creating ashmem region of size 2015232
12-07 08:30:25.784  1776  1776 D gralloc_ranchu: gralloc_alloc: Creating ashmem region of size 2015232
12-07 08:30:25.786  1776  1825 D gralloc_ranchu: gralloc_alloc: Creating ashmem region of size 2015232
12-07 08:30:25.795 27762 27852 D EGL_emulation: eglMakeCurrent: 0xe593ea40: ver 2 0 (tinfo 0xf0cc0130)
12-07 08:30:25.874 27762 27852 I chatty  : uid=10146(ru.iteco.fmhandroid) RenderThread identical 3 lines
12-07 08:30:25.893 27762 27852 D EGL_emulation: eglMakeCurrent: 0xe593ea40: ver 2 0 (tinfo 0xf0cc0130)
12-07 08:30:26.116 27762 27762 I ViewInteraction: Performing 'wait for a specific view with <an instance of android.widget.TextView and view.getText() with or without transformation to match: is "News"> during 10000 millis.' action on view view.getRootView() to equal view
12-07 08:30:26.121 27762 27762 I ViewInteraction: Performing 'single click' action on view an instance of android.widget.TextView and view.getText() with or without transformation to match: is "News"
12-07 08:30:26.266 27762 27895 I okhttp.OkHttpClient: --> GET http://www.981757-ca08998.tmweb.ru:8080/fmh/news
12-07 08:30:26.266 27762 27895 I okhttp.OkHttpClient: --> END GET
12-07 08:30:26.320 27762 27852 D EGL_emulation: eglMakeCurrent: 0xe593ea40: ver 2 0 (tinfo 0xf0cc0130)
12-07 08:30:26.338 27762 27852 D EGL_emulation: eglMakeCurrent: 0xe593ea40: ver 2 0 (tinfo 0xf0cc0130)
12-07 08:30:26.602 27762 27762 I ViewInteraction: Performing 'wait for a specific view with <view.getId() is <2131231025/ru.iteco.fmhandroid:id/edit_news_material_button>> during 10000 millis.' action on view view.getRootView() to equal view
12-07 08:30:26.605 27762 27762 I ViewInteraction: Performing 'single click' action on view view.getId() is <2131231025/ru.iteco.fmhandroid:id/edit_news_material_button>
12-07 08:30:26.700 27762 27888 I okhttp.OkHttpClient: --> GET http://www.981757-ca08998.tmweb.ru:8080/fmh/news
12-07 08:30:26.700 27762 27888 I okhttp.OkHttpClient: --> END GET
12-07 08:30:26.709  1744 28173 E ResolverController: No valid NAT64 prefix (102, <unspecified>/0)
12-07 08:30:26.963 27762 27775 I teco.fmhandroi: Background concurrent copying GC freed 24755(1124KB) AllocSpace objects, 0(0B) LOS objects, 23% free, 19MB/25MB, paused 608us total 172.699ms
12-07 08:30:27.167 27762 27762 I ViewInteraction: Performing 'wait for a specific view with <view.getId() is <2131230850/ru.iteco.fmhandroid:id/add_news_image_view>> during 10000 millis.' action on view view.getRootView() to equal view
12-07 08:30:27.172 27762 27762 I ViewInteraction: Performing 'single click' action on view view.getId() is <2131230850/ru.iteco.fmhandroid:id/add_news_image_view>
12-07 08:30:27.646 27762 27762 I ViewInteraction: Performing 'wait for a specific view with <view.getId() is <2131231204/ru.iteco.fmhandroid:id/news_item_category_text_auto_complete_text_view>> during 10000 millis.' action on view view.getRootView() to equal view
12-07 08:30:27.651 27762 27762 I ViewInteraction: Performing 'single click' action on view view.getId() is <2131231204/ru.iteco.fmhandroid:id/news_item_category_text_auto_complete_text_view>
12-07 08:30:27.776  2018  2058 E memtrack: Couldn't load memtrack module
12-07 08:30:27.776  2018  2058 W android.os.Debug: failed to get memory consumption info: -1
12-07 08:30:27.822  1776  1825 D gralloc_ranchu: gralloc_alloc: Creating ashmem region of size 5308416
12-07 08:30:27.834  1776  1825 D gralloc_ranchu: gralloc_alloc: Creating ashmem region of size 5308416
12-07 08:30:27.842  1776  1776 D gralloc_ranchu: gralloc_alloc: Creating ashmem region of size 5308416
12-07 08:30:27.847 27762 27852 D EGL_emulation: eglMakeCurrent: 0xe593ea40: ver 2 0 (tinfo 0xf0cc0130)
12-07 08:30:27.907 27762 27762 I AssistStructure: Flattened final assist data: 7432 bytes, containing 2 windows, 55 views
12-07 08:30:27.923  2018  5907 D AutofillSession: Starting partition or augmented request for view id 1073741826@1918794090: STARTED_SESSION
12-07 08:30:27.938 27762 27852 D EGL_emulation: eglMakeCurrent: 0xe593ea40: ver 2 0 (tinfo 0xf0cc0130)
12-07 08:30:27.945  2018  2018 D AutofillSession: cancelCurrentRequest(): id = 369
12-07 08:30:27.971 27762 27895 I okhttp.OkHttpClient: <-- 200 http://www.981757-ca08998.tmweb.ru:8080/fmh/news (1702ms)
12-07 08:30:27.971 27762 27895 I okhttp.OkHttpClient: Vary: Origin
12-07 08:30:27.971 27762 27895 I okhttp.OkHttpClient: Vary: Access-Control-Request-Method
12-07 08:30:27.971 27762 27895 I okhttp.OkHttpClient: Vary: Access-Control-Request-Headers
12-07 08:30:27.971 27762 27895 I okhttp.OkHttpClient: X-Content-Type-Options: nosniff
12-07 08:30:27.971 27762 27895 I okhttp.OkHttpClient: X-XSS-Protection: 1; mode=block
12-07 08:30:27.971 27762 27895 I okhttp.OkHttpClient: Cache-Control: no-cache, no-store, max-age=0, must-revalidate
12-07 08:30:27.971 27762 27895 I okhttp.OkHttpClient: Pragma: no-cache
12-07 08:30:27.971 27762 27895 I okhttp.OkHttpClient: Expires: 0
12-07 08:30:27.971 27762 27895 I okhttp.OkHttpClient: X-Frame-Options: DENY
12-07 08:30:27.972 27762 27895 I okhttp.OkHttpClient: Content-Type: application/json
12-07 08:30:27.973 27762 27895 I okhttp.OkHttpClient: Transfer-Encoding: chunked
12-07 08:30:27.974 27762 27895 I okhttp.OkHttpClient: Date: Wed, 07 Dec 2022 13:30:30 GMT
12-07 08:30:27.974 27762 27895 I okhttp.OkHttpClient: Keep-Alive: timeout=60
12-07 08:30:27.975 27762 27895 I okhttp.OkHttpClient: Connection: keep-alive
12-07 08:30:27.975 27762 27852 D EGL_emulation: eglMakeCurrent: 0xe593ea40: ver 2 0 (tinfo 0xf0cc0130)
12-07 08:30:28.001 27762 27762 I AssistStructure: Flattened final assist data: 7432 bytes, containing 2 windows, 55 views
12-07 08:30:28.016  2656  2656 W ktk     : Pending fill request while another request in the same session was triggered. [CONTEXT service_id=177 ]
12-07 08:30:28.036  2537  2537 I KeyboardViewUtil: systemKeyboardHeightRatio:1.000000; userKeyboardHeightRatio:1.000000.
12-07 08:30:28.048  2537  2537 I AndroidIME: LatinIme.onActivate() : EditorInfo = Package = ru.iteco.fmhandroid : Type = Text : Learning = Disable : Suggestion = Show : AutoCorrection = Disable : Microphone = Show : NoPersonalizedLearning = Disable
12-07 08:30:28.114  2018  2051 D AutofillUI: destroySaveUiUiThread(): already destroyed
12-07 08:30:28.216 27762 27852 D EGL_emulation: eglMakeCurrent: 0xe593ea40: ver 2 0 (tinfo 0xf0cc0130)
12-07 08:30:28.242 27762 27762 I ViewInteraction: Performing 'close keyboard' action on view view.getRootView() to equal view
12-07 08:30:28.276  2537  2537 I Conv2QueryExtension: Current locale: en_US, config allows these locales: de,en,es,fr,it,ms,pt,ta
12-07 08:30:28.277  2537  2537 I Conv2QueryExtension: Conv2Query not enabled due to current app [ru.iteco.fmhandroid] not in whitelist
12-07 08:30:28.277  2537  2537 I Conv2QueryExtension: onActivate() : Disabled by unsupported host app
12-07 08:30:28.301  2170  2566 D EGL_emulation: eglMakeCurrent: 0xe594e040: ver 2 0 (tinfo 0xc52450c0)
12-07 08:30:28.351 27762 27888 I okhttp.OkHttpClient: <-- 200 http://www.981757-ca08998.tmweb.ru:8080/fmh/news (1650ms)
12-07 08:30:28.352 27762 27888 I okhttp.OkHttpClient: Vary: Origin
12-07 08:30:28.352 27762 27888 I okhttp.OkHttpClient: Vary: Access-Control-Request-Method
12-07 08:30:28.352 27762 27888 I okhttp.OkHttpClient: Vary: Access-Control-Request-Headers
12-07 08:30:28.352 27762 27888 I okhttp.OkHttpClient: X-Content-Type-Options: nosniff
12-07 08:30:28.352 27762 27888 I okhttp.OkHttpClient: X-XSS-Protection: 1; mode=block
12-07 08:30:28.353 27762 27888 I okhttp.OkHttpClient: Cache-Control: no-cache, no-store, max-age=0, must-revalidate
12-07 08:30:28.353 27762 27888 I okhttp.OkHttpClient: Pragma: no-cache
12-07 08:30:28.353 27762 27888 I okhttp.OkHttpClient: Expires: 0
12-07 08:30:28.355 27762 27888 I okhttp.OkHttpClient: X-Frame-Options: DENY
12-07 08:30:28.355 27762 27888 I okhttp.OkHttpClient: Content-Type: application/json
12-07 08:30:28.357 27762 27888 I okhttp.OkHttpClient: Transfer-Encoding: chunked
12-07 08:30:28.357 27762 27888 I okhttp.OkHttpClient: Date: Wed, 07 Dec 2022 13:30:30 GMT
12-07 08:30:28.358 27762 27888 I okhttp.OkHttpClient: Keep-Alive: timeout=60
12-07 08:30:28.359 27762 27888 I okhttp.OkHttpClient: Connection: keep-alive
12-07 08:30:28.406  2537  2537 I Choreographer: Skipped 34 frames!  The application may be doing too much work on its main thread.
12-07 08:30:28.443  1776  1776 D gralloc_ranchu: gralloc_alloc: Creating ashmem region of size 9826304
12-07 08:30:28.457  1776  1776 I chatty  : uid=1000(system) allocator@2.0-s identical 1 line
12-07 08:30:28.461  1776  1776 D gralloc_ranchu: gralloc_alloc: Creating ashmem region of size 9826304
12-07 08:30:28.524  1776  1776 D gralloc_ranchu: gralloc_alloc: Creating ashmem region of size 4198400
12-07 08:30:28.539 27762 27852 D EGL_emulation: eglMakeCurrent: 0xe593ea40: ver 2 0 (tinfo 0xf0cc0130)
12-07 08:30:28.563  1776  1776 D gralloc_ranchu: gralloc_alloc: Creating ashmem region of size 4198400
12-07 08:30:28.568 27762 27852 D EGL_emulation: eglMakeCurrent: 0xe593ea40: ver 2 0 (tinfo 0xf0cc0130)
12-07 08:30:28.590 27762 27852 D EGL_emulation: eglMakeCurrent: 0xe593ea40: ver 2 0 (tinfo 0xf0cc0130)
12-07 08:30:28.608  1776  1776 D gralloc_ranchu: gralloc_alloc: Creating ashmem region of size 4198400
12-07 08:30:28.614  2537  8546 D EGL_emulation: eglMakeCurrent: 0xc286ce00: ver 2 0 (tinfo 0xc335ede0)
12-07 08:30:28.697  2537  8546 I OpenGLRenderer: Davey! duration=829ms; Flags=1, IntendedVsync=39290216666284, Vsync=39290783332928, OldestInputEvent=9223372036854775807, NewestInputEvent=0, HandleInputStart=39290795816240, AnimationStart=39290796266240, PerformTraversalsStart=39290796355540, DrawStart=39290858716540, SyncQueued=39290979727040, SyncStart=39291017742540, IssueDrawCommandsStart=39291020923140, SwapBuffers=39291059365140, FrameCompleted=39291083902840, DequeueBufferDuration=634000, QueueBufferDuration=1023000, 
12-07 08:30:28.722 27762 27852 D EGL_emulation: eglMakeCurrent: 0xe593ea40: ver 2 0 (tinfo 0xf0cc0130)
12-07 08:30:28.728  2537  2537 I PhenotypeExpConfig: refreshConfiguration() : Force = false : UpdateAvailable = false : Age = 501 minutes : MaxAge = 720 minutes
12-07 08:30:28.754  2537  2537 I AndroidIME: LatinIme.onDeactivate()
12-07 08:30:28.797  2537  8546 D EGL_emulation: eglMakeCurrent: 0xc286ce00: ver 2 0 (tinfo 0xc335ede0)
12-07 08:30:28.888 27762 27885 I okhttp.OkHttpClient: <-- 200 http://www.981757-ca08998.tmweb.ru:8080/fmh/claims (3675ms)
12-07 08:30:28.888 27762 27885 I okhttp.OkHttpClient: Vary: Origin
12-07 08:30:28.888 27762 27885 I okhttp.OkHttpClient: Vary: Access-Control-Request-Method
12-07 08:30:28.889 27762 27885 I okhttp.OkHttpClient: Vary: Access-Control-Request-Headers
12-07 08:30:28.889 27762 27885 I okhttp.OkHttpClient: X-Content-Type-Options: nosniff
12-07 08:30:28.892 27762 27885 I okhttp.OkHttpClient: X-XSS-Protection: 1; mode=block
12-07 08:30:28.892 27762 27885 I okhttp.OkHttpClient: Cache-Control: no-cache, no-store, max-age=0, must-revalidate
12-07 08:30:28.892 27762 27885 I okhttp.OkHttpClient: Pragma: no-cache
12-07 08:30:28.893 27762 27885 I okhttp.OkHttpClient: Expires: 0
12-07 08:30:28.893 27762 27885 I okhttp.OkHttpClient: X-Frame-Options: DENY
12-07 08:30:28.893 27762 27885 I okhttp.OkHttpClient: Content-Type: application/json
12-07 08:30:28.893 27762 27885 I okhttp.OkHttpClient: Transfer-Encoding: chunked
12-07 08:30:28.893 27762 27885 I okhttp.OkHttpClient: Date: Wed, 07 Dec 2022 13:30:30 GMT
12-07 08:30:28.894 27762 27885 I okhttp.OkHttpClient: Keep-Alive: timeout=60
12-07 08:30:28.894 27762 27885 I okhttp.OkHttpClient: Connection: keep-alive
12-07 08:30:28.907  1776  1776 D gralloc_ranchu: gralloc_alloc: Creating ashmem region of size 5308416
12-07 08:30:28.915 27762 27852 D EGL_emulation: eglMakeCurrent: 0xe593ea40: ver 2 0 (tinfo 0xf0cc0130)
12-07 08:30:28.941  1776  1776 D gralloc_ranchu: gralloc_alloc: Creating ashmem region of size 5308416
12-07 08:30:28.951 27762 27852 D EGL_emulation: eglMakeCurrent: 0xe593ea40: ver 2 0 (tinfo 0xf0cc0130)
12-07 08:30:28.972 27762 27852 D EGL_emulation: eglMakeCurrent: 0xe593ea40: ver 2 0 (tinfo 0xf0cc0130)
12-07 08:30:28.992  1776  1776 D gralloc_ranchu: gralloc_alloc: Creating ashmem region of size 5308416
12-07 08:30:29.001 27762 27852 D EGL_emulation: eglMakeCurrent: 0xe593ea40: ver 2 0 (tinfo 0xf0cc0130)
12-07 08:30:29.260 27762 27762 I ViewInteraction: Checking 'MatchesViewAssertion{viewMatcher=(view has effective visibility <VISIBLE> and view.getGlobalVisibleRect() to return non-empty rectangle)}' assertion on view an instance of android.widget.TextView and view.getText() with or without transformation to match: is "Объявление"
12-07 08:30:29.265 27762 27762 I ViewInteraction: Performing 'single click' action on view an instance of android.widget.TextView and view.getText() with or without transformation to match: is "Объявление"
12-07 08:30:29.316 27762 27852 D EGL_emulation: eglMakeCurrent: 0xe593ea40: ver 2 0 (tinfo 0xf0cc0130)
12-07 08:30:29.427 27762 27852 D EGL_emulation: eglMakeCurrent: 0xe593ea40: ver 2 0 (tinfo 0xf0cc0130)
12-07 08:30:29.448  2018  5907 E InputDispatcher: Window handle Window{699b882 u0 PopupWindow:1fa9d74} has no registered input channel
12-07 08:30:29.468 27762 27852 D EGL_emulation: eglMakeCurrent: 0xe593ea40: ver 2 0 (tinfo 0xf0cc0130)
12-07 08:30:29.584 27762 27762 I ViewInteraction: Performing 'wait for a specific view with <view.getId() is <2131231227/ru.iteco.fmhandroid:id/news_item_title_text_input_edit_text>> during 10000 millis.' action on view view.getRootView() to equal view
12-07 08:30:29.586 27762 27762 I ViewInteraction: Performing 'replace text(Заголовок 1239ae2b-8ca4-4967-b7f9-caed90e29fee)' action on view view.getId() is <2131231227/ru.iteco.fmhandroid:id/news_item_title_text_input_edit_text>
12-07 08:30:29.622 27762 27762 I ViewInteraction: Performing 'wait for a specific view with <view.getId() is <2131231222/ru.iteco.fmhandroid:id/news_item_publish_date_text_input_edit_text>> during 10000 millis.' action on view view.getRootView() to equal view
12-07 08:30:29.627 27762 27762 I ViewInteraction: Performing 'single click' action on view view.getId() is <2131231222/ru.iteco.fmhandroid:id/news_item_publish_date_text_input_edit_text>
12-07 08:30:29.869  1776  1776 D gralloc_ranchu: gralloc_alloc: Creating ashmem region of size 6778880
12-07 08:30:29.878  1776  1776 I chatty  : uid=1000(system) allocator@2.0-s identical 1 line
12-07 08:30:29.879  1776  1776 D gralloc_ranchu: gralloc_alloc: Creating ashmem region of size 6778880
12-07 08:30:29.903 27762 27852 D EGL_emulation: eglMakeCurrent: 0xe593ea40: ver 2 0 (tinfo 0xf0cc0130)
12-07 08:30:30.075 27762 27852 I chatty  : uid=10146(ru.iteco.fmhandroid) RenderThread identical 5 lines
12-07 08:30:30.098 27762 27852 D EGL_emulation: eglMakeCurrent: 0xe593ea40: ver 2 0 (tinfo 0xf0cc0130)
12-07 08:30:30.343 27762 27762 I ViewInteraction: Performing 'wait for a specific view with <is assignable from class <class android.widget.DatePicker>> during 10000 millis.' action on view view.getRootView() to equal view
12-07 08:30:30.349 27762 27762 I ViewInteraction: Checking 'MatchesViewAssertion{viewMatcher=(view has effective visibility <VISIBLE> and view.getGlobalVisibleRect() to return non-empty rectangle)}' assertion on view is assignable from class <class android.widget.DatePicker>
12-07 08:30:30.353 27762 27762 I ViewInteraction: Performing 'wait for a specific view with <is assignable from class <class android.widget.DatePicker>> during 10000 millis.' action on view view.getRootView() to equal view
12-07 08:30:30.358 27762 27762 I ViewInteraction: Performing 'set date' action on view is assignable from class <class android.widget.DatePicker>
12-07 08:30:30.384 27762 27762 I ViewInteraction: Performing 'wait for a specific view with <view.getId() is <16908313/android:id/button1>> during 10000 millis.' action on view view.getRootView() to equal view
12-07 08:30:30.387 27762 27762 I ViewInteraction: Performing 'single click' action on view view.getId() is <16908313/android:id/button1>
12-07 08:30:30.467 27762 27852 D EGL_emulation: eglMakeCurrent: 0xe593ea40: ver 2 0 (tinfo 0xf0cc0130)
12-07 08:30:30.496  2018  3031 E InputDispatcher: Window handle Window{75df360 u0 ru.iteco.fmhandroid/ru.iteco.fmhandroid.ui.AppActivity} has no registered input channel
12-07 08:30:30.515  2018  5907 E InputDispatcher: Window handle Window{75df360 u0 ru.iteco.fmhandroid/ru.iteco.fmhandroid.ui.AppActivity} has no registered input channel
12-07 08:30:30.543  1788  1978 D AF::Track: interceptBuffer: took 1692us to intercept 0 tracks
12-07 08:30:30.818 27762 27762 I ViewInteraction: Performing 'wait for a specific view with <view.getId() is <2131231223/ru.iteco.fmhandroid:id/news_item_publish_time_text_input_edit_text>> during 10000 millis.' action on view view.getRootView() to equal view
12-07 08:30:30.823 27762 27762 I ViewInteraction: Performing 'single click' action on view view.getId() is <2131231223/ru.iteco.fmhandroid:id/news_item_publish_time_text_input_edit_text>
12-07 08:30:31.026  1776  1776 D gralloc_ranchu: gralloc_alloc: Creating ashmem region of size 5718016
12-07 08:30:31.037  1776  1776 I chatty  : uid=1000(system) allocator@2.0-s identical 1 line
12-07 08:30:31.039  1776  1776 D gralloc_ranchu: gralloc_alloc: Creating ashmem region of size 5718016
12-07 08:30:31.047 27762 27852 D EGL_emulation: eglMakeCurrent: 0xe593ea40: ver 2 0 (tinfo 0xf0cc0130)
12-07 08:30:31.124 27762 27852 I chatty  : uid=10146(ru.iteco.fmhandroid) RenderThread identical 2 lines
12-07 08:30:31.164 27762 27852 D EGL_emulation: eglMakeCurrent: 0xe593ea40: ver 2 0 (tinfo 0xf0cc0130)
12-07 08:30:31.397 27762 27762 I ViewInteraction: Performing 'wait for a specific view with <is assignable from class <class android.widget.TimePicker>> during 10000 millis.' action on view view.getRootView() to equal view
12-07 08:30:31.421 27762 27762 I ViewInteraction: Checking 'MatchesViewAssertion{viewMatcher=(view has effective visibility <VISIBLE> and view.getGlobalVisibleRect() to return non-empty rectangle)}' assertion on view is assignable from class <class android.widget.TimePicker>
12-07 08:30:31.429 27762 27762 I ViewInteraction: Performing 'wait for a specific view with <is assignable from class <class android.widget.TimePicker>> during 10000 millis.' action on view view.getRootView() to equal view
12-07 08:30:31.440 27762 27762 I ViewInteraction: Performing 'set time' action on view is assignable from class <class android.widget.TimePicker>
