12-08 10:41:30.573  2018  5907 W InputReader: Device has associated, but no associated display id.
12-08 10:41:30.608  1776  1927 D gralloc_ranchu: gralloc_alloc: Creating ashmem region of size 10108928
12-08 10:41:30.652  2018  2693 I ActivityTaskManager: START u0 {act=android.intent.action.MAIN cat=[android.intent.category.LAUNCHER] cmp=ru.iteco.fmhandroid/.ui.AppActivity} from uid 10146
12-08 10:41:30.675  2018  5907 W InputReader: Device has associated, but no associated display id.
12-08 10:41:30.678  2018  5907 I chatty  : uid=1000(system) Binder:2018_17 identical 38 lines
12-08 10:41:30.678  2018  5907 W InputReader: Device has associated, but no associated display id.
12-08 10:41:30.678  2018  2031 I system_server: NativeAlloc concurrent copying GC freed 26846(1341KB) AllocSpace objects, 5(228KB) LOS objects, 25% free, 17MB/23MB, paused 735us total 200.740ms
12-08 10:41:30.681  2018  5907 W InputReader: Device has associated, but no associated display id.
12-08 10:41:30.681  2018  5907 I chatty  : uid=1000(system) Binder:2018_17 identical 8 lines
12-08 10:41:30.681  2018  5907 W InputReader: Device has associated, but no associated display id.
12-08 10:41:30.686 11839 11839 W ActivityThread: handleWindowVisibility: no activity for token android.os.BinderProxy@69e2a34
12-08 10:41:30.689  2018  5907 W InputReader: Device has associated, but no associated display id.
12-08 10:41:30.691  2018  5907 I chatty  : uid=1000(system) Binder:2018_17 identical 18 lines
12-08 10:41:30.691  2018  5907 W InputReader: Device has associated, but no associated display id.
12-08 10:41:30.694  1776  1927 D gralloc_ranchu: gralloc_alloc: Creating ashmem region of size 6471680
12-08 10:41:30.738  8437  8470 D EGL_emulation: eglMakeCurrent: 0xe59eb0c0: ver 2 0 (tinfo 0xf0cc0670)
12-08 10:41:30.742  8437  8470 D EGL_emulation: eglMakeCurrent: 0xf0c7fa60: ver 2 0 (tinfo 0xf0cc0670)
12-08 10:41:30.746  8437  8470 D EGL_emulation: eglMakeCurrent: 0xe59eb0c0: ver 2 0 (tinfo 0xf0cc0670)
12-08 10:41:30.755 11839 11839 D LifecycleMonitor: Lifecycle status change: ru.iteco.fmhandroid.ui.AppActivity@30db5a0 in: PRE_ON_CREATE
12-08 10:41:30.755  8437  8470 D EGL_emulation: eglMakeCurrent: 0xf0c7fa60: ver 2 0 (tinfo 0xf0cc0670)
12-08 10:41:30.755 11839 11839 V ActivityScenario: Activity lifecycle changed event received but ignored because the reported transition was not ON_CREATE while the last known transition was PRE_ON_CREATE
12-08 10:41:30.765 11839 11872 V FA      : onActivityCreated
12-08 10:41:30.808  8437  8470 D EGL_emulation: eglMakeCurrent: 0xe59eb0c0: ver 2 0 (tinfo 0xf0cc0670)
12-08 10:41:30.811  8437  8470 D EGL_emulation: eglMakeCurrent: 0xf0c7ef80: ver 2 0 (tinfo 0xf0cc0670)
12-08 10:41:30.813  8437  8470 D EGL_emulation: eglMakeCurrent: 0xe59eb0c0: ver 2 0 (tinfo 0xf0cc0670)
12-08 10:41:30.817  8437  8470 D EGL_emulation: eglMakeCurrent: 0xf0c7ef80: ver 2 0 (tinfo 0xf0cc0670)
12-08 10:41:30.820  8437  8470 D EGL_emulation: eglMakeCurrent: 0xe59eb0c0: ver 2 0 (tinfo 0xf0cc0670)
12-08 10:41:30.826 11839 11839 D LifecycleMonitor: Lifecycle status change: ru.iteco.fmhandroid.ui.AppActivity@30db5a0 in: CREATED
12-08 10:41:30.826 11839 11839 V ActivityScenario: Update currentActivityStage to CREATED, currentActivity=ru.iteco.fmhandroid.ui.AppActivity@30db5a0
12-08 10:41:30.828  2170  2566 D EGL_emulation: eglMakeCurrent: 0xe594e040: ver 2 0 (tinfo 0xc52450c0)
12-08 10:41:30.829  8437  8470 D EGL_emulation: eglMakeCurrent: 0xf0c7ef80: ver 2 0 (tinfo 0xf0cc0670)
12-08 10:41:30.864  8344  8376 D EGL_emulation: eglMakeCurrent: 0xe59ed1c0: ver 2 0 (tinfo 0xe59d9f10)
12-08 10:41:30.867  8437  8470 D EGL_emulation: eglMakeCurrent: 0xe59eb0c0: ver 2 0 (tinfo 0xf0cc0670)
12-08 10:41:30.877  8344  8393 I cr_BindingManager: onTrimMemory: level=20, size=0
12-08 10:41:30.883 11839 11839 D LifecycleMonitor: Lifecycle status change: ru.iteco.fmhandroid.ui.AppActivity@30db5a0 in: STARTED
12-08 10:41:30.884 11839 11839 V ActivityScenario: Update currentActivityStage to STARTED, currentActivity=ru.iteco.fmhandroid.ui.AppActivity@30db5a0
12-08 10:41:30.886 11839 11839 D LifecycleMonitor: Lifecycle status change: ru.iteco.fmhandroid.ui.AppActivity@30db5a0 in: RESUMED
12-08 10:41:30.886 11839 11839 V ActivityScenario: Update currentActivityStage to RESUMED, currentActivity=ru.iteco.fmhandroid.ui.AppActivity@30db5a0
12-08 10:41:30.890 11839 11878 V FA      : Activity resumed, time: 59037926
12-08 10:41:30.911  2170  2566 D EGL_emulation: eglMakeCurrent: 0xe594e040: ver 2 0 (tinfo 0xc52450c0)
12-08 10:41:30.934  1776  1927 D gralloc_ranchu: gralloc_alloc: Creating ashmem region of size 10108928
12-08 10:41:30.947  1776  1927 I chatty  : uid=1000(system) HwBinder:1776_3 identical 1 line
12-08 10:41:30.950  1776  1927 D gralloc_ranchu: gralloc_alloc: Creating ashmem region of size 10108928
12-08 10:41:30.956 11839 11936 D EGL_emulation: eglMakeCurrent: 0xdd81b020: ver 2 0 (tinfo 0xdd891860)
12-08 10:41:31.040  2170  2566 D EGL_emulation: eglMakeCurrent: 0xe594e040: ver 2 0 (tinfo 0xc52450c0)
12-08 10:41:31.081 11839 11839 I ViewInteraction: Performing 'wait for a specific view with <(an instance of android.widget.TextView and view.getText() with or without transformation to match: is "Authorization" and view.getParent() view.getParent() view.getId() is <2131231186>)> during 10000 millis.' action on view view.getRootView() to equal view
12-08 10:41:31.138  2018  2058 I ActivityTaskManager: Displayed ru.iteco.fmhandroid/.ui.AppActivity: +538ms
12-08 10:41:31.175 11839 11852 I teco.fmhandroi: NativeAlloc concurrent copying GC freed 164828(12MB) AllocSpace objects, 20(2016KB) LOS objects, 39% free, 9586KB/15MB, paused 1.038ms total 302.298ms
12-08 10:41:31.228  2873 11887 V FA-SVC  : Logging event: origin=auto,name=screen_view(_vs),params=Bundle[{ga_event_origin(_o)=auto, ga_previous_class(_pc)=AppActivity, ga_previous_id(_pi)=-1196254479738161398, ga_screen_class(_sc)=AppActivity, ga_screen_id(_si)=-1196254479738161397}]
12-08 10:41:31.243  2873 11887 V FA-SVC  : Upload scheduled in approximately ms: 1693272
12-08 10:41:31.244  2873 11887 V FA-SVC  : Unscheduling upload
12-08 10:41:31.251  2873 11887 V FA-SVC  : Scheduling upload, millis: 1693272
12-08 10:41:31.258  2873 11887 V FA-SVC  : Background event processing time, ms: 29
12-08 10:41:31.297  2656 11624 E SQLiteDatabase: Error inserting flex_time=1693000 job_id=-1 period=3387000 source=16 requires_charging=0 preferred_network_type=1 target_class=com.google.android.gms.measurement.PackageMeasurementTaskService user_id=0 target_package=com.google.android.gms tag=Measurement.PackageMeasurementTaskService.UPLOAD_TASK_TAG task_type=0 required_idleness_state=0 service_kind=0 source_version=202414000 persistence_level=1 preferred_charging_state=1 required_network_type=0 runtime=1670496091274 retry_strategy={"maximum_backoff_seconds":{"3600":0},"initial_backoff_seconds":{"30":0},"retry_policy":{"0":0}} last_runtime=0
12-08 10:41:31.297  2656 11624 E SQLiteDatabase: android.database.sqlite.SQLiteConstraintException: UNIQUE constraint failed: pending_ops.tag, pending_ops.target_class, pending_ops.target_package, pending_ops.user_id (code 2067 SQLITE_CONSTRAINT_UNIQUE)
12-08 10:41:31.297  2656 11624 E SQLiteDatabase: 	at android.database.sqlite.SQLiteConnection.nativeExecuteForLastInsertedRowId(Native Method)
12-08 10:41:31.297  2656 11624 E SQLiteDatabase: 	at android.database.sqlite.SQLiteConnection.executeForLastInsertedRowId(SQLiteConnection.java:879)
12-08 10:41:31.297  2656 11624 E SQLiteDatabase: 	at android.database.sqlite.SQLiteSession.executeForLastInsertedRowId(SQLiteSession.java:790)
12-08 10:41:31.297  2656 11624 E SQLiteDatabase: 	at android.database.sqlite.SQLiteStatement.executeInsert(SQLiteStatement.java:88)
12-08 10:41:31.297  2656 11624 E SQLiteDatabase: 	at android.database.sqlite.SQLiteDatabase.insertWithOnConflict(SQLiteDatabase.java:1599)
12-08 10:41:31.297  2656 11624 E SQLiteDatabase: 	at android.database.sqlite.SQLiteDatabase.insert(SQLiteDatabase.java:1468)
12-08 10:41:31.297  2656 11624 E SQLiteDatabase: 	at aqui.a(:com.google.android.gms@202414022@20.24.14 (040700-319035315):175)
12-08 10:41:31.297  2656 11624 E SQLiteDatabase: 	at aqtk.a(:com.google.android.gms@202414022@20.24.14 (040700-319035315):182)
12-08 10:41:31.297  2656 11624 E SQLiteDatabase: 	at aqtk.a(:com.google.android.gms@202414022@20.24.14 (040700-319035315):23)
12-08 10:41:31.297  2656 11624 E SQLiteDatabase: 	at aqtk.a(:com.google.android.gms@202414022@20.24.14 (040700-319035315):177)
12-08 10:41:31.297  2656 11624 E SQLiteDatabase: 	at aqpu.run(:com.google.android.gms@202414022@20.24.14 (040700-319035315):9)
12-08 10:41:31.297  2656 11624 E SQLiteDatabase: 	at soy.b(:com.google.android.gms@202414022@20.24.14 (040700-319035315):12)
12-08 10:41:31.297  2656 11624 E SQLiteDatabase: 	at soy.run(:com.google.android.gms@202414022@20.24.14 (040700-319035315):7)
12-08 10:41:31.297  2656 11624 E SQLiteDatabase: 	at java.util.concurrent.ThreadPoolExecutor.runWorker(ThreadPoolExecutor.java:1167)
12-08 10:41:31.297  2656 11624 E SQLiteDatabase: 	at java.util.concurrent.ThreadPoolExecutor$Worker.run(ThreadPoolExecutor.java:641)
12-08 10:41:31.297  2656 11624 E SQLiteDatabase: 	at sux.run(:com.google.android.gms@202414022@20.24.14 (040700-319035315):0)
12-08 10:41:31.297  2656 11624 E SQLiteDatabase: 	at java.lang.Thread.run(Thread.java:919)
12-08 10:41:33.885 11839 11949 I okhttp.OkHttpClient: --> GET http://www.981757-ca08998.tmweb.ru:8080/fmh/authentication/userInfo
12-08 10:41:33.885 11839 11949 I okhttp.OkHttpClient: --> END GET
12-08 10:41:34.110 11839 11949 I okhttp.OkHttpClient: <-- 200 http://www.981757-ca08998.tmweb.ru:8080/fmh/authentication/userInfo (223ms)
12-08 10:41:34.110 11839 11949 I okhttp.OkHttpClient: Vary: Origin
12-08 10:41:34.110 11839 11949 I okhttp.OkHttpClient: Vary: Access-Control-Request-Method
12-08 10:41:34.111 11839 11949 I okhttp.OkHttpClient: Vary: Access-Control-Request-Headers
12-08 10:41:34.111 11839 11949 I okhttp.OkHttpClient: X-Content-Type-Options: nosniff
12-08 10:41:34.111 11839 11949 I okhttp.OkHttpClient: X-XSS-Protection: 1; mode=block
12-08 10:41:34.111 11839 11949 I okhttp.OkHttpClient: Cache-Control: no-cache, no-store, max-age=0, must-revalidate
12-08 10:41:34.111 11839 11949 I okhttp.OkHttpClient: Pragma: no-cache
12-08 10:41:34.111 11839 11949 I okhttp.OkHttpClient: Expires: 0
12-08 10:41:34.111 11839 11949 I okhttp.OkHttpClient: X-Frame-Options: DENY
12-08 10:41:34.111 11839 11949 I okhttp.OkHttpClient: Content-Type: application/json
12-08 10:41:34.112 11839 11949 I okhttp.OkHttpClient: Transfer-Encoding: chunked
12-08 10:41:34.112 11839 11949 I okhttp.OkHttpClient: Date: Thu, 08 Dec 2022 10:42:19 GMT
12-08 10:41:34.112 11839 11949 I okhttp.OkHttpClient: Keep-Alive: timeout=60
12-08 10:41:34.112 11839 11949 I okhttp.OkHttpClient: Connection: keep-alive
12-08 10:41:34.113 11839 11949 I okhttp.OkHttpClient: {"id":2,"firstName":"","lastName":"","middleName":"","admin":true}
12-08 10:41:34.113 11839 11949 I okhttp.OkHttpClient: <-- END HTTP (106-byte body)
12-08 10:41:34.134 11839 11954 I okhttp.OkHttpClient: --> GET http://www.981757-ca08998.tmweb.ru:8080/fmh/claims
12-08 10:41:34.135 11839 11954 I okhttp.OkHttpClient: --> END GET
12-08 10:41:35.342  2018  2058 E memtrack: Couldn't load memtrack module
12-08 10:41:35.342  2018  2058 W android.os.Debug: failed to get memory consumption info: -1
12-08 10:41:36.228 11839 11878 V FA      : Inactivity, disconnecting from the service
12-08 10:41:39.338  1744 12036 E ResolverController: No valid NAT64 prefix (106, <unspecified>/0)
12-08 10:41:41.126 11839 11839 D takeScreenshot: Found 1 global views to redraw
12-08 10:41:41.184  1776  1927 D gralloc_ranchu: gralloc_alloc: Creating ashmem region of size 10108928
12-08 10:41:41.224 11839 11884 W DefaultFailureHandler: Failed to take screenshot
12-08 10:41:41.224 11839 11884 W DefaultFailureHandler: java.io.FileNotFoundException: view-op-error-5.png: open failed: EROFS (Read-only file system)
12-08 10:41:41.224 11839 11884 W DefaultFailureHandler: 	at libcore.io.IoBridge.open(IoBridge.java:496)
12-08 10:41:41.224 11839 11884 W DefaultFailureHandler: 	at java.io.FileOutputStream.<init>(FileOutputStream.java:235)
12-08 10:41:41.224 11839 11884 W DefaultFailureHandler: 	at java.io.FileOutputStream.<init>(FileOutputStream.java:125)
12-08 10:41:41.224 11839 11884 W DefaultFailureHandler: 	at androidx.test.platform.io.FileTestStorage.openOutputFile(FileTestStorage.java:60)
12-08 10:41:41.224 11839 11884 W DefaultFailureHandler: 	at androidx.test.core.graphics.BitmapStorage.writeToTestStorage(BitmapStorageExt.kt:49)
12-08 10:41:41.224 11839 11884 W DefaultFailureHandler: 	at androidx.test.espresso.base.DefaultFailureHandler.takeScreenshot(DefaultFailureHandler.java:4)
12-08 10:41:41.224 11839 11884 W DefaultFailureHandler: 	at androidx.test.espresso.base.DefaultFailureHandler.handle(DefaultFailureHandler.java:3)
12-08 10:41:41.224 11839 11884 W DefaultFailureHandler: 	at androidx.test.espresso.ViewInteraction.waitForAndHandleInteractionResults(ViewInteraction.java:8)
12-08 10:41:41.224 11839 11884 W DefaultFailureHandler: 	at androidx.test.espresso.ViewInteraction.desugaredPerform(ViewInteraction.java:11)
12-08 10:41:41.224 11839 11884 W DefaultFailureHandler: 	at androidx.test.espresso.ViewInteraction.perform(ViewInteraction.java:8)
12-08 10:41:41.224 11839 11884 W DefaultFailureHandler: 	at ru.iteco.fmhandroid.ui.data.TestUtils.waitView(TestUtils.java:61)
12-08 10:41:41.224 11839 11884 W DefaultFailureHandler: 	at ru.iteco.fmhandroid.ui.steps.AuthSteps.isAuthScreen(AuthSteps.java:56)
12-08 10:41:41.224 11839 11884 W DefaultFailureHandler: 	at ru.iteco.fmhandroid.ui.ClaimsCreationFormTest.logoutCheck(ClaimsCreationFormTest.java:58)
12-08 10:41:41.224 11839 11884 W DefaultFailureHandler: 	at java.lang.reflect.Method.invoke(Native Method)
12-08 10:41:41.224 11839 11884 W DefaultFailureHandler: 	at org.junit.runners.model.FrameworkMethod$1.runReflectiveCall(FrameworkMethod.java:59)
12-08 10:41:41.224 11839 11884 W DefaultFailureHandler: 	at org.junit.internal.runners.model.ReflectiveCallable.run(ReflectiveCallable.java:12)
12-08 10:41:41.224 11839 11884 W DefaultFailureHandler: 	at org.junit.runners.model.FrameworkMethod.invokeExplosively(FrameworkMethod.java:56)
12-08 10:41:41.224 11839 11884 W DefaultFailureHandler: 	at androidx.test.internal.runner.junit4.statement.RunBefores.evaluate(RunBefores.java:76)
12-08 10:41:41.224 11839 11884 W DefaultFailureHandler: 	at androidx.test.internal.runner.junit4.statement.RunAfters.evaluate(RunAfters.java:61)
12-08 10:41:41.224 11839 11884 W DefaultFailureHandler: 	at io.qameta.allure.android.rules.ScreenshotRule$apply$1.evaluate(ScreenshotRule.kt:22)
12-08 10:41:41.224 11839 11884 W DefaultFailureHandler: 	at org.junit.rules.ExternalResource$1.evaluate(ExternalResource.java:54)
12-08 10:41:41.224 11839 11884 W DefaultFailureHandler: 	at io.qameta.allure.android.rules.LogcatRule$apply$1.evaluate(LogcatRule.kt:23)
12-08 10:41:41.224 11839 11884 W DefaultFailureHandler: 	at org.junit.rules.RunRules.evaluate(RunRules.java:20)
12-08 10:41:41.224 11839 11884 W DefaultFailureHandler: 	at org.junit.runners.ParentRunner$3.evaluate(ParentRunner.java:306)
12-08 10:41:41.224 11839 11884 W DefaultFailureHandler: 	at org.junit.runners.BlockJUnit4ClassRunner$1.evaluate(BlockJUnit4ClassRunner.java:100)
12-08 10:41:41.224 11839 11884 W DefaultFailureHandler: 	at org.junit.runners.ParentRunner.runLeaf(ParentRunner.java:366)
12-08 10:41:41.224 11839 11884 W DefaultFailureHandler: 	at org.junit.runners.BlockJUnit4ClassRunner.runChild(BlockJUnit4ClassRunner.java:103)
12-08 10:41:41.224 11839 11884 W DefaultFailureHandler: 	at org.junit.runners.BlockJUnit4ClassRunner.runChild(BlockJUnit4ClassRunner.java:63)
12-08 10:41:41.224 11839 11884 W DefaultFailureHandler: 	at org.junit.runners.ParentRunner$4.run(ParentRunner.java:331)
12-08 10:41:41.224 11839 11884 W DefaultFailureHandler: 	at org.junit.runners.ParentRunner$1.schedule(ParentRunner.java:79)
12-08 10:41:41.224 11839 11884 W DefaultFailureHandler: 	at org.junit.runners.ParentRunner.runChildren(ParentRunner.java:329)
12-08 10:41:41.224 11839 11884 W DefaultFailureHandler: 	at org.junit.runners.ParentRunner.access$100(ParentRunner.java:66)
12-08 10:41:41.224 11839 11884 W DefaultFailureHandler: 	at org.junit.runners.ParentRunner$2.evaluate(ParentRunner.java:293)
12-08 10:41:41.224 11839 11884 W DefaultFailureHandler: 	at org.junit.runners.ParentRunner$3.evaluate(ParentRunner.java:306)
12-08 10:41:41.224 11839 11884 W DefaultFailureHandler: 	at org.junit.runners.ParentRunner.run(ParentRunner.java:413)
12-08 10:41:41.224 11839 11884 W DefaultFailureHandler: 	at androidx.test.ext.junit.runners.AndroidJUnit4.run(AndroidJUnit4.java:162)
12-08 10:41:41.224 11839 11884 W DefaultFailureHandler: 	at io.qameta.allure.android.runners.AllureAndroidJUnit4.run(AllureAndroidJUnitRunners.kt:29)
12-08 10:41:41.224 11839 11884 W DefaultFailureHandler: 	at org.junit.runners.Suite.runChild(Suite.java:128)
12-08 10:41:41.224 11839 11884 W DefaultFailureHandler: 	at org.junit.runners.Suite.runChild(Suite.java:27)
12-08 10:41:41.224 11839 11884 W DefaultFailureHandler: 	at org.junit.runners.ParentRunner$4.run(ParentRunner.java:331)
12-08 10:41:41.224 11839 11884 W DefaultFailureHandler: 	at org.junit.runners.ParentRunner$1.schedule(ParentRunner.java:79)
12-08 10:41:41.224 11839 11884 W DefaultFailureHandler: 	at org.junit.runners.ParentRunner.runChildren(ParentRunner.java:329)
12-08 10:41:41.224 11839 11884 W DefaultFailureHandler: 	at org.junit.runners.ParentRunner.access$100(ParentRunner.java:66)
12-08 10:41:41.224 11839 11884 W DefaultFailureHandler: 	at org.junit.runners.ParentRunner$2.evaluate(ParentRunner.java:293)
12-08 10:41:41.224 11839 11884 W DefaultFailureHandler: 	at org.junit.runners.ParentRunner$3.evaluate(ParentRunner.java:306)
12-08 10:41:41.224 11839 11884 W DefaultFailureHandler: 	at org.junit.runners.ParentRunner.run(ParentRunner.java:413)
12-08 10:41:41.224 11839 11884 W DefaultFailureHandler: 	at org.junit.runner.JUnitCore.run(JUnitCore.java:137)
12-08 10:41:41.224 11839 11884 W DefaultFailureHandler: 	at org.junit.runner.JUnitCore.run(JUnitCore.java:115)
12-08 10:41:41.224 11839 11884 W DefaultFailureHandler: 	at androidx.test.internal.runner.TestExecutor.execute(TestExecutor.java:67)
12-08 10:41:41.224 11839 11884 W DefaultFailureHandler: 	at androidx.test.internal.runner.TestExecutor.execute(TestExecutor.java:58)
12-08 10:41:41.224 11839 11884 W DefaultFailureHandler: 	at androidx.test.runner.AndroidJUnitRunner.onStart(AndroidJUnitRunner.java:438)
12-08 10:41:41.224 11839 11884 W DefaultFailureHandler: 	at android.app.Instrumentation$InstrumentationThread.run(Instrumentation.java:2189)
12-08 10:41:41.224 11839 11884 W DefaultFailureHandler: Caused by: android.system.ErrnoException: open failed: EROFS (Read-only file system)
12-08 10:41:41.224 11839 11884 W DefaultFailureHandler: 	at libcore.io.Linux.open(Native Method)
12-08 10:41:41.224 11839 11884 W DefaultFailureHandler: 	at libcore.io.ForwardingOs.open(ForwardingOs.java:167)
12-08 10:41:41.224 11839 11884 W DefaultFailureHandler: 	at libcore.io.BlockGuardOs.open(BlockGuardOs.java:252)
12-08 10:41:41.224 11839 11884 W DefaultFailureHandler: 	at libcore.io.ForwardingOs.open(ForwardingOs.java:167)
12-08 10:41:41.224 11839 11884 W DefaultFailureHandler: 	at android.app.ActivityThread$AndroidOs.open(ActivityThread.java:7255)
12-08 10:41:41.224 11839 11884 W DefaultFailureHandler: 	at libcore.io.IoBridge.open(IoBridge.java:482)
12-08 10:41:41.224 11839 11884 W DefaultFailureHandler: 	... 51 more
12-08 10:41:41.236 11839 11839 I ViewInteraction: Performing 'wait for a specific view with <view.getId() is <2131230870/ru.iteco.fmhandroid:id/authorization_image_button>> during 10000 millis.' action on view view.getRootView() to equal view
12-08 10:41:41.241 11839 11839 I ViewInteraction: Checking 'MatchesViewAssertion{viewMatcher=(view has effective visibility <VISIBLE> and view.getGlobalVisibleRect() to return non-empty rectangle)}' assertion on view view.getId() is <2131230870/ru.iteco.fmhandroid:id/authorization_image_button>
12-08 10:41:41.245 11839 11839 I ViewInteraction: Performing 'single click' action on view view.getId() is <2131230870/ru.iteco.fmhandroid:id/authorization_image_button>
12-08 10:41:41.300  1764  6994 W audio_hw_generic: Not supplying enough data to HAL, expected position 172480063 , only wrote 172480018
12-08 10:41:41.357  1776  1927 D gralloc_ranchu: gralloc_alloc: Creating ashmem region of size 884736
12-08 10:41:41.364  1776  1927 I chatty  : uid=1000(system) HwBinder:1776_3 identical 1 line
12-08 10:41:41.370  1776  1927 D gralloc_ranchu: gralloc_alloc: Creating ashmem region of size 884736
12-08 10:41:41.370  1788  1978 D AF::Track: interceptBuffer: took 416us to intercept 0 tracks
12-08 10:41:41.377 11839 11936 D EGL_emulation: eglMakeCurrent: 0xdd81b020: ver 2 0 (tinfo 0xdd891860)
12-08 10:41:41.437 11839 11936 I chatty  : uid=10146(ru.iteco.fmhandroid) RenderThread identical 3 lines
12-08 10:41:41.449 11839 11936 D EGL_emulation: eglMakeCurrent: 0xdd81b020: ver 2 0 (tinfo 0xdd891860)
12-08 10:41:41.679 11839 11839 I ViewInteraction: Performing 'wait for a specific view with <an instance of android.widget.TextView and view.getText() with or without transformation to match: is "Log out"> during 10000 millis.' action on view view.getRootView() to equal view
12-08 10:41:41.683 11839 11839 I ViewInteraction: Checking 'MatchesViewAssertion{viewMatcher=(view has effective visibility <VISIBLE> and view.getGlobalVisibleRect() to return non-empty rectangle)}' assertion on view an instance of android.widget.TextView and view.getText() with or without transformation to match: is "Log out"
12-08 10:41:41.686 11839 11839 I ViewInteraction: Performing 'single click' action on view an instance of android.widget.TextView and view.getText() with or without transformation to match: is "Log out"
12-08 10:41:41.913 11839 11936 D EGL_emulation: eglMakeCurrent: 0xdd81b020: ver 2 0 (tinfo 0xdd891860)
12-08 10:41:41.955 11839 11936 D EGL_emulation: eglMakeCurrent: 0xdd81b020: ver 2 0 (tinfo 0xdd891860)
12-08 10:41:42.046 11839 11839 I ViewInteraction: Performing 'wait for a specific view with <(an instance of android.widget.TextView and view.getText() with or without transformation to match: is "Authorization" and view.getParent() view.getParent() view.getId() is <2131231186>)> during 10000 millis.' action on view view.getRootView() to equal view
12-08 10:41:42.050 11839 11839 I ViewInteraction: Checking 'MatchesViewAssertion{viewMatcher=(view has effective visibility <VISIBLE> and view.getGlobalVisibleRect() to return non-empty rectangle)}' assertion on view (an instance of android.widget.TextView and view.getText() with or without transformation to match: is "Authorization" and view.getParent() view.getParent() view.getId() is <2131231186/ru.iteco.fmhandroid:id/nav_host_fragment>)
12-08 10:41:42.054 11839 11839 I ViewInteraction: Performing 'wait for a specific view with <(an instance of android.widget.TextView and view.getHint() matching: is "Login" and view.getParent() view.getParent() view.getId() is <2131231121/ru.iteco.fmhandroid:id/login_text_input_layout>)> during 10000 millis.' action on view view.getRootView() to equal view
12-08 10:41:42.059 11839 11839 I ViewInteraction: Checking 'MatchesViewAssertion{viewMatcher=(view has effective visibility <VISIBLE> and view.getGlobalVisibleRect() to return non-empty rectangle)}' assertion on view (an instance of android.widget.TextView and view.getHint() matching: is "Login" and view.getParent() view.getParent() view.getId() is <2131231121/ru.iteco.fmhandroid:id/login_text_input_layout>)
12-08 10:41:42.062 11839 11839 I ViewInteraction: Performing 'wait for a specific view with <(an instance of android.widget.TextView and view.getHint() matching: is "Password" and view.getParent() view.getParent() view.getId() is <2131231264/ru.iteco.fmhandroid:id/password_text_input_layout>)> during 10000 millis.' action on view view.getRootView() to equal view
12-08 10:41:42.067 11839 11839 I ViewInteraction: Checking 'MatchesViewAssertion{viewMatcher=(view has effective visibility <VISIBLE> and view.getGlobalVisibleRect() to return non-empty rectangle)}' assertion on view (an instance of android.widget.TextView and view.getHint() matching: is "Password" and view.getParent() view.getParent() view.getId() is <2131231264/ru.iteco.fmhandroid:id/password_text_input_layout>)
12-08 10:41:42.071 11839 11839 I ViewInteraction: Performing 'wait for a specific view with <(view.getId() is <2131231039/ru.iteco.fmhandroid:id/enter_button> and an instance of android.widget.TextView and view.getText() with or without transformation to match: is "SIGN IN" and view.getContentDescription() is "Save" and view.getParent() view.getParent() an instance of android.widget.RelativeLayout)> during 10000 millis.' action on view view.getRootView() to equal view
12-08 10:41:42.079 11839 11839 I ViewInteraction: Checking 'MatchesViewAssertion{viewMatcher=(view has effective visibility <VISIBLE> and view.getGlobalVisibleRect() to return non-empty rectangle)}' assertion on view (view.getId() is <2131231039/ru.iteco.fmhandroid:id/enter_button> and an instance of android.widget.TextView and view.getText() with or without transformation to match: is "SIGN IN" and view.getContentDescription() is "Save" and view.getParent() view.getParent() an instance of android.widget.RelativeLayout)
12-08 10:41:42.084 11839 11839 I ViewInteraction: Performing 'wait for a specific view with <(an instance of android.widget.TextView and view.getText() with or without transformation to match: is "Authorization" and view.getParent() view.getParent() view.getId() is <2131231186>)> during 10000 millis.' action on view view.getRootView() to equal view
12-08 10:41:42.090 11839 11839 I ViewInteraction: Checking 'MatchesViewAssertion{viewMatcher=(view has effective visibility <VISIBLE> and view.getGlobalVisibleRect() to return non-empty rectangle)}' assertion on view (an instance of android.widget.TextView and view.getText() with or without transformation to match: is "Authorization" and view.getParent() view.getParent() view.getId() is <2131231186/ru.iteco.fmhandroid:id/nav_host_fragment>)
12-08 10:41:42.094 11839 11839 I ViewInteraction: Performing 'wait for a specific view with <(an instance of android.widget.TextView and view.getHint() matching: is "Login" and view.getParent() view.getParent() view.getId() is <2131231121/ru.iteco.fmhandroid:id/login_text_input_layout>)> during 10000 millis.' action on view view.getRootView() to equal view
12-08 10:41:42.100 11839 11839 I ViewInteraction: Checking 'MatchesViewAssertion{viewMatcher=(view has effective visibility <VISIBLE> and view.getGlobalVisibleRect() to return non-empty rectangle)}' assertion on view (an instance of android.widget.TextView and view.getHint() matching: is "Login" and view.getParent() view.getParent() view.getId() is <2131231121/ru.iteco.fmhandroid:id/login_text_input_layout>)
12-08 10:41:42.106 11839 11839 I ViewInteraction: Performing 'wait for a specific view with <(an instance of android.widget.TextView and view.getHint() matching: is "Password" and view.getParent() view.getParent() view.getId() is <2131231264/ru.iteco.fmhandroid:id/password_text_input_layout>)> during 10000 millis.' action on view view.getRootView() to equal view
12-08 10:41:42.115 11839 11839 I ViewInteraction: Checking 'MatchesViewAssertion{viewMatcher=(view has effective visibility <VISIBLE> and view.getGlobalVisibleRect() to return non-empty rectangle)}' assertion on view (an instance of android.widget.TextView and view.getHint() matching: is "Password" and view.getParent() view.getParent() view.getId() is <2131231264/ru.iteco.fmhandroid:id/password_text_input_layout>)
12-08 10:41:42.120 11839 11839 I ViewInteraction: Performing 'wait for a specific view with <(view.getId() is <2131231039/ru.iteco.fmhandroid:id/enter_button> and an instance of android.widget.TextView and view.getText() with or without transformation to match: is "SIGN IN" and view.getContentDescription() is "Save" and view.getParent() view.getParent() an instance of android.widget.RelativeLayout)> during 10000 millis.' action on view view.getRootView() to equal view
12-08 10:41:42.127 11839 11839 I ViewInteraction: Checking 'MatchesViewAssertion{viewMatcher=(view has effective visibility <VISIBLE> and view.getGlobalVisibleRect() to return non-empty rectangle)}' assertion on view (view.getId() is <2131231039/ru.iteco.fmhandroid:id/enter_button> and an instance of android.widget.TextView and view.getText() with or without transformation to match: is "SIGN IN" and view.getContentDescription() is "Save" and view.getParent() view.getParent() an instance of android.widget.RelativeLayout)
12-08 10:41:42.130 11839 11839 I ViewInteraction: Performing 'wait for a specific view with <(an instance of android.widget.TextView and view.getHint() matching: is "Login" and view.getParent() view.getParent() view.getId() is <2131231121/ru.iteco.fmhandroid:id/login_text_input_layout>)> during 10000 millis.' action on view view.getRootView() to equal view
12-08 10:41:42.136 11839 11839 I ViewInteraction: Performing 'replace text(login2)' action on view (an instance of android.widget.TextView and view.getHint() matching: is "Login" and view.getParent() view.getParent() view.getId() is <2131231121/ru.iteco.fmhandroid:id/login_text_input_layout>)
12-08 10:41:42.161 11839 11839 I ViewInteraction: Performing 'wait for a specific view with <(an instance of android.widget.TextView and view.getHint() matching: is "Password" and view.getParent() view.getParent() view.getId() is <2131231264/ru.iteco.fmhandroid:id/password_text_input_layout>)> during 10000 millis.' action on view view.getRootView() to equal view
12-08 10:41:42.177 11839 11839 I ViewInteraction: Performing 'replace text(password2)' action on view (an instance of android.widget.TextView and view.getHint() matching: is "Password" and view.getParent() view.getParent() view.getId() is <2131231264/ru.iteco.fmhandroid:id/password_text_input_layout>)
12-08 10:41:42.215 11839 11839 I ViewInteraction: Performing 'wait for a specific view with <(view.getId() is <2131231039/ru.iteco.fmhandroid:id/enter_button> and an instance of android.widget.TextView and view.getText() with or without transformation to match: is "SIGN IN" and view.getContentDescription() is "Save" and view.getParent() view.getParent() an instance of android.widget.RelativeLayout)> during 10000 millis.' action on view view.getRootView() to equal view
12-08 10:41:42.223 11839 11839 I ViewInteraction: Checking 'MatchesViewAssertion{viewMatcher=view.isClickable() is <true>}' assertion on view (view.getId() is <2131231039/ru.iteco.fmhandroid:id/enter_button> and an instance of android.widget.TextView and view.getText() with or without transformation to match: is "SIGN IN" and view.getContentDescription() is "Save" and view.getParent() view.getParent() an instance of android.widget.RelativeLayout)
12-08 10:41:42.229 11839 11839 I ViewInteraction: Performing 'wait for a specific view with <(view.getId() is <2131231039/ru.iteco.fmhandroid:id/enter_button> and an instance of android.widget.TextView and view.getText() with or without transformation to match: is "SIGN IN" and view.getContentDescription() is "Save" and view.getParent() view.getParent() an instance of android.widget.RelativeLayout)> during 10000 millis.' action on view view.getRootView() to equal view
12-08 10:41:42.254 11839 11839 I ViewInteraction: Checking 'MatchesViewAssertion{viewMatcher=view.isClickable() is <true>}' assertion on view (view.getId() is <2131231039/ru.iteco.fmhandroid:id/enter_button> and an instance of android.widget.TextView and view.getText() with or without transformation to match: is "SIGN IN" and view.getContentDescription() is "Save" and view.getParent() view.getParent() an instance of android.widget.RelativeLayout)
12-08 10:41:42.262 11839 11839 I ViewInteraction: Performing 'wait for a specific view with <(view.getId() is <2131231039/ru.iteco.fmhandroid:id/enter_button> and an instance of android.widget.TextView and view.getText() with or without transformation to match: is "SIGN IN" and view.getContentDescription() is "Save" and view.getParent() view.getParent() an instance of android.widget.RelativeLayout)> during 10000 millis.' action on view view.getRootView() to equal view
12-08 10:41:42.266 11839 11839 I ViewInteraction: Performing 'single click' action on view (view.getId() is <2131231039/ru.iteco.fmhandroid:id/enter_button> and an instance of android.widget.TextView and view.getText() with or without transformation to match: is "SIGN IN" and view.getContentDescription() is "Save" and view.getParent() view.getParent() an instance of android.widget.RelativeLayout)
12-08 10:41:42.292 11839 11852 I teco.fmhandroi: NativeAlloc concurrent copying GC freed 58430(2697KB) AllocSpace objects, 3(120KB) LOS objects, 33% free, 12MB/18MB, paused 835us total 220.438ms
12-08 10:41:42.317 11839 11967 I okhttp.OkHttpClient: --> POST http://www.981757-ca08998.tmweb.ru:8080/fmh/authentication/login
12-08 10:41:42.317 11839 11967 I okhttp.OkHttpClient: Content-Type: application/json; charset=UTF-8
12-08 10:41:42.317 11839 11967 I okhttp.OkHttpClient: Content-Length: 41
12-08 10:41:42.318 11839 11967 I okhttp.OkHttpClient: {"login":"login2","password":"password2"}
12-08 10:41:42.318 11839 11967 I okhttp.OkHttpClient: --> END POST (41-byte body)
12-08 10:41:42.555 11839 11839 I ViewInteraction: Performing 'wait for a specific view with <an instance of android.widget.TextView and view.getText() with or without transformation to match: is "News"> during 10000 millis.' action on view view.getRootView() to equal view
12-08 10:41:42.815 11839 11967 I okhttp.OkHttpClient: <-- 200 http://www.981757-ca08998.tmweb.ru:8080/fmh/authentication/login (496ms)
12-08 10:41:42.815 11839 11967 I okhttp.OkHttpClient: Vary: Origin
12-08 10:41:42.815 11839 11967 I okhttp.OkHttpClient: Vary: Access-Control-Request-Method
12-08 10:41:42.815 11839 11967 I okhttp.OkHttpClient: Vary: Access-Control-Request-Headers
12-08 10:41:42.816 11839 11967 I okhttp.OkHttpClient: X-Content-Type-Options: nosniff
12-08 10:41:42.816 11839 11967 I okhttp.OkHttpClient: X-XSS-Protection: 1; mode=block
12-08 10:41:42.816 11839 11967 I okhttp.OkHttpClient: Cache-Control: no-cache, no-store, max-age=0, must-revalidate
12-08 10:41:42.819 11839 11967 I okhttp.OkHttpClient: Pragma: no-cache
12-08 10:41:42.819 11839 11967 I okhttp.OkHttpClient: Expires: 0
12-08 10:41:42.819 11839 11967 I okhttp.OkHttpClient: X-Frame-Options: DENY
12-08 10:41:42.819 11839 11967 I okhttp.OkHttpClient: Content-Type: application/json
12-08 10:41:42.819 11839 11967 I okhttp.OkHttpClient: Transfer-Encoding: chunked
12-08 10:41:42.819 11839 11967 I okhttp.OkHttpClient: Date: Thu, 08 Dec 2022 10:42:28 GMT
12-08 10:41:42.820 11839 11967 I okhttp.OkHttpClient: Keep-Alive: timeout=60
12-08 10:41:42.820 11839 11967 I okhttp.OkHttpClient: Connection: keep-alive
12-08 10:41:42.820 11839 11967 I okhttp.OkHttpClient: {"accessToken":"eyJhbGciOiJIUzUxMiJ9.eyJzdWIiOiJsb2dpbjIiLCJqdGkiOiIyIiwiZXhwIjoxNjcwNTgyNTQ4fQ.21R_cbEul0SBUIffQST3LEjh6GtHx8qwvx_kZceEQmNAZSSe_sGgDYNbqfRFHCIpsm0eebErLXihjlkbwK0Dwg","refreshToken":"eyJhbGciOiJIUzUxMiJ9.eyJzdWIiOiJsb2dpbjIiLCJqdGkiOiIyIiwiZXhwIjoxNjczMDg4MTQ4fQ.wfZnYVsPcJyUNuoC3lUX1evv3ALzfXWx8KjuuD8GuAwCRCCx67oDFW4L5QlRi09DI3roUKN71BUL_vXauULBLw"}
12-08 10:41:42.820 11839 11967 I okhttp.OkHttpClient: <-- END HTTP (368-byte body)
12-08 10:41:42.825 11839 11949 I okhttp.OkHttpClient: --> GET http://www.981757-ca08998.tmweb.ru:8080/fmh/authentication/userInfo
12-08 10:41:42.825 11839 11949 I okhttp.OkHttpClient: --> END GET
12-08 10:41:42.886 11839 11954 I okhttp.OkHttpClient: <-- 200 http://www.981757-ca08998.tmweb.ru:8080/fmh/claims (8750ms)
12-08 10:41:42.886 11839 11954 I okhttp.OkHttpClient: Vary: Origin
12-08 10:41:42.887 11839 11954 I okhttp.OkHttpClient: Vary: Access-Control-Request-Method
12-08 10:41:42.887 11839 11954 I okhttp.OkHttpClient: Vary: Access-Control-Request-Headers
12-08 10:41:42.887 11839 11954 I okhttp.OkHttpClient: X-Content-Type-Options: nosniff
12-08 10:41:42.887 11839 11954 I okhttp.OkHttpClient: X-XSS-Protection: 1; mode=block
12-08 10:41:42.888 11839 11954 I okhttp.OkHttpClient: Cache-Control: no-cache, no-store, max-age=0, must-revalidate
12-08 10:41:42.888 11839 11954 I okhttp.OkHttpClient: Pragma: no-cache
12-08 10:41:42.888 11839 11954 I okhttp.OkHttpClient: Expires: 0
12-08 10:41:42.888 11839 11954 I okhttp.OkHttpClient: X-Frame-Options: DENY
12-08 10:41:42.888 11839 11954 I okhttp.OkHttpClient: Content-Type: application/json
12-08 10:41:42.888 11839 11954 I okhttp.OkHttpClient: Transfer-Encoding: chunked
12-08 10:41:42.888 11839 11954 I okhttp.OkHttpClient: Date: Thu, 08 Dec 2022 10:42:28 GMT
12-08 10:41:42.889 11839 11954 I okhttp.OkHttpClient: Keep-Alive: timeout=60
12-08 10:41:42.889 11839 11954 I okhttp.OkHttpClient: Connection: keep-alive
12-08 10:41:43.017 11839 11949 I okhttp.OkHttpClient: <-- 200 http://www.981757-ca08998.tmweb.ru:8080/fmh/authentication/userInfo (191ms)
12-08 10:41:43.017 11839 11949 I okhttp.OkHttpClient: Vary: Origin
12-08 10:41:43.017 11839 11949 I okhttp.OkHttpClient: Vary: Access-Control-Request-Method
12-08 10:41:43.017 11839 11949 I okhttp.OkHttpClient: Vary: Access-Control-Request-Headers
12-08 10:41:43.017 11839 11949 I okhttp.OkHttpClient: X-Content-Type-Options: nosniff
12-08 10:41:43.018 11839 11949 I okhttp.OkHttpClient: X-XSS-Protection: 1; mode=block
12-08 10:41:43.018 11839 11949 I okhttp.OkHttpClient: Cache-Control: no-cache, no-store, max-age=0, must-revalidate
12-08 10:41:43.018 11839 11949 I okhttp.OkHttpClient: Pragma: no-cache
12-08 10:41:43.018 11839 11949 I okhttp.OkHttpClient: Expires: 0
12-08 10:41:43.018 11839 11949 I okhttp.OkHttpClient: X-Frame-Options: DENY
12-08 10:41:43.018 11839 11949 I okhttp.OkHttpClient: Content-Type: application/json
12-08 10:41:43.018 11839 11949 I okhttp.OkHttpClient: Transfer-Encoding: chunked
12-08 10:41:43.019 11839 11949 I okhttp.OkHttpClient: Date: Thu, 08 Dec 2022 10:42:28 GMT
12-08 10:41:43.019 11839 11949 I okhttp.OkHttpClient: Keep-Alive: timeout=60
12-08 10:41:43.019 11839 11949 I okhttp.OkHttpClient: Connection: keep-alive
12-08 10:41:43.020 11839 11949 I okhttp.OkHttpClient: {"id":2,"firstName":"","lastName":"","middleName":"","admin":true}
12-08 10:41:43.020 11839 11949 I okhttp.OkHttpClient: <-- END HTTP (106-byte body)
12-08 10:41:43.030 11839 11970 I okhttp.OkHttpClient: --> GET http://www.981757-ca08998.tmweb.ru:8080/fmh/claims
12-08 10:41:43.030 11839 11970 I okhttp.OkHttpClient: --> END GET
12-08 10:41:43.036  1744 12039 E ResolverController: No valid NAT64 prefix (106, <unspecified>/0)
12-08 10:41:43.150 11839 11839 I ViewInteraction: Checking 'MatchesViewAssertion{viewMatcher=(view has effective visibility <VISIBLE> and view.getGlobalVisibleRect() to return non-empty rectangle)}' assertion on view an instance of android.widget.TextView and view.getText() with or without transformation to match: is "News"
12-08 10:41:43.156 11839 11839 I ViewInteraction: Performing 'wait for a specific view with <view.getId() is <2131230951>> during 10000 millis.' action on view view.getRootView() to equal view
12-08 10:41:43.161 11839 11839 I ViewInteraction: Checking 'MatchesViewAssertion{viewMatcher=(view has effective visibility <VISIBLE> and view.getGlobalVisibleRect() to return non-empty rectangle)}' assertion on view view.getId() is <2131230951/ru.iteco.fmhandroid:id/container_list_news_include_on_fragment_main>
12-08 10:41:43.166 11839 11839 I ViewInteraction: Performing 'wait for a specific view with <view.getId() is <2131230949>> during 10000 millis.' action on view view.getRootView() to equal view
12-08 10:41:43.172 11839 11839 I ViewInteraction: Checking 'MatchesViewAssertion{viewMatcher=(view has effective visibility <VISIBLE> and view.getGlobalVisibleRect() to return non-empty rectangle)}' assertion on view view.getId() is <2131230949/ru.iteco.fmhandroid:id/container_list_claim_include_on_fragment_main>
12-08 10:41:43.177 11839 11839 I ViewInteraction: Performing 'wait for a specific view with <an instance of android.widget.TextView and view.getText() with or without transformation to match: is "Claims"> during 10000 millis.' action on view view.getRootView() to equal view
12-08 10:41:43.446 11839 11839 I ViewInteraction: Checking 'MatchesViewAssertion{viewMatcher=(view has effective visibility <VISIBLE> and view.getGlobalVisibleRect() to return non-empty rectangle)}' assertion on view an instance of android.widget.TextView and view.getText() with or without transformation to match: is "Claims"
12-08 10:41:43.456 11839 11839 I ViewInteraction: Performing 'wait for a specific view with <view.getId() is <2131231123/ru.iteco.fmhandroid:id/main_menu_image_button>> during 10000 millis.' action on view view.getRootView() to equal view
12-08 10:41:43.463 11839 11839 I ViewInteraction: Performing 'single click' action on view view.getId() is <2131231123/ru.iteco.fmhandroid:id/main_menu_image_button>
12-08 10:41:43.572  1776  1927 D gralloc_ranchu: gralloc_alloc: Creating ashmem region of size 2015232
12-08 10:41:43.579  1776  1927 I chatty  : uid=1000(system) HwBinder:1776_3 identical 1 line
12-08 10:41:43.582  1776  1927 D gralloc_ranchu: gralloc_alloc: Creating ashmem region of size 2015232
12-08 10:41:43.605 11839 11936 D EGL_emulation: eglMakeCurrent: 0xdd81b020: ver 2 0 (tinfo 0xdd891860)
12-08 10:41:43.676 11839 11936 I chatty  : uid=10146(ru.iteco.fmhandroid) RenderThread identical 3 lines
12-08 10:41:43.693 11839 11936 D EGL_emulation: eglMakeCurrent: 0xdd81b020: ver 2 0 (tinfo 0xdd891860)
12-08 10:41:43.918 11839 11839 I ViewInteraction: Performing 'wait for a specific view with <an instance of android.widget.TextView and view.getText() with or without transformation to match: is "Claims"> during 10000 millis.' action on view view.getRootView() to equal view
12-08 10:41:43.925 11839 11839 I ViewInteraction: Performing 'single click' action on view an instance of android.widget.TextView and view.getText() with or without transformation to match: is "Claims"
12-08 10:41:44.077 11839 11969 I okhttp.OkHttpClient: --> GET http://www.981757-ca08998.tmweb.ru:8080/fmh/claims
12-08 10:41:44.077 11839 11969 I okhttp.OkHttpClient: --> END GET
12-08 10:41:44.129 11839 11936 D EGL_emulation: eglMakeCurrent: 0xdd81b020: ver 2 0 (tinfo 0xdd891860)
12-08 10:41:44.169 11839 11936 D EGL_emulation: eglMakeCurrent: 0xdd81b020: ver 2 0 (tinfo 0xdd891860)
12-08 10:41:44.248 11839 11852 I teco.fmhandroi: Background young concurrent copying GC freed 57410(2770KB) AllocSpace objects, 3(120KB) LOS objects, 12% free, 15MB/18MB, paused 949us total 105.868ms
12-08 10:41:44.408 11839 11839 I ViewInteraction: Performing 'wait for a specific view with <view.getId() is <2131230849/ru.iteco.fmhandroid:id/add_new_claim_material_button>> during 10000 millis.' action on view view.getRootView() to equal view
12-08 10:41:44.415 11839 11839 I ViewInteraction: Performing 'single click' action on view view.getId() is <2131230849/ru.iteco.fmhandroid:id/add_new_claim_material_button>
12-08 10:41:44.477 11839 11949 I okhttp.OkHttpClient: --> GET http://www.981757-ca08998.tmweb.ru:8080/fmh/users
12-08 10:41:44.477 11839 11949 I okhttp.OkHttpClient: --> END GET
12-08 10:41:44.586  1893  1893 E netmgr  : Failed to open QEMU pipe 'qemud:network': Invalid argument
12-08 10:41:44.708 11839 11839 I ViewInteraction: Performing 'wait for a specific view with <view.getId() is <2131230849/ru.iteco.fmhandroid:id/add_new_claim_material_button>> during 10000 millis.' action on view view.getRootView() to equal view
12-08 10:41:44.713 11839 11839 I ViewInteraction: Performing 'single click' action on view view.getId() is <2131230849/ru.iteco.fmhandroid:id/add_new_claim_material_button>
12-08 10:41:44.778 11839 12041 I okhttp.OkHttpClient: --> GET http://www.981757-ca08998.tmweb.ru:8080/fmh/users
12-08 10:41:44.778 11839 12041 I okhttp.OkHttpClient: --> END GET
12-08 10:41:44.946 11839 11949 I okhttp.OkHttpClient: <-- 200 http://www.981757-ca08998.tmweb.ru:8080/fmh/users (469ms)
12-08 10:41:44.947 11839 11949 I okhttp.OkHttpClient: Vary: Origin
12-08 10:41:44.947 11839 11949 I okhttp.OkHttpClient: Vary: Access-Control-Request-Method
12-08 10:41:44.947 11839 11949 I okhttp.OkHttpClient: Vary: Access-Control-Request-Headers
12-08 10:41:44.947 11839 11949 I okhttp.OkHttpClient: X-Content-Type-Options: nosniff
12-08 10:41:44.947 11839 11949 I okhttp.OkHttpClient: X-XSS-Protection: 1; mode=block
12-08 10:41:44.948 11839 11949 I okhttp.OkHttpClient: Cache-Control: no-cache, no-store, max-age=0, must-revalidate
12-08 10:41:44.948 11839 11949 I okhttp.OkHttpClient: Pragma: no-cache
12-08 10:41:44.948 11839 11949 I okhttp.OkHttpClient: Expires: 0
12-08 10:41:44.948 11839 11949 I okhttp.OkHttpClient: X-Frame-Options: DENY
12-08 10:41:44.948 11839 11949 I okhttp.OkHttpClient: Content-Type: application/json
12-08 10:41:44.948 11839 11949 I okhttp.OkHttpClient: Transfer-Encoding: chunked
12-08 10:41:44.948 11839 11949 I okhttp.OkHttpClient: Date: Thu, 08 Dec 2022 10:42:29 GMT
12-08 10:41:44.949 11839 11949 I okhttp.OkHttpClient: Keep-Alive: timeout=60
12-08 10:41:44.950 11839 11949 I okhttp.OkHttpClient: Connection: keep-alive
12-08 10:41:44.951 11839 11949 I okhttp.OkHttpClient: [{"id":1,"firstName":"","lastName":"","middleName":"","admin":true},{"id":2,"firstName":"","lastName":"","middleName":"","admin":true},{"id":3,"firstName":"","lastName":"","middleName":"","admin":false},{"id":4,"firstName":"","lastName":"","middleName":"","admin":false},{"id":5,"firstName":"","lastName":"","middleName":"","admin":true},{"id":6,"firstName":"Diplom","lastName":"Netology","middleName":"QAMID","admin":true}]
12-08 10:41:44.951 11839 11949 I okhttp.OkHttpClient: <-- END HTTP (622-byte body)
12-08 10:41:45.110 11839 11839 W System.err: ru.iteco.fmhandroid.exceptions.UnknownException
12-08 10:41:45.112 11839 12041 I okhttp.OkHttpClient: <-- HTTP FAILED: java.net.SocketException: Socket closed
12-08 10:41:45.116 11839 11839 W System.err: 	at ru.iteco.fmhandroid.utils.Utils.makeRequest(Utils.kt:123)
12-08 10:41:45.116 11839 11839 W System.err: 	at ru.iteco.fmhandroid.utils.Utils$makeRequest$1.invokeSuspend(Unknown Source:15)
12-08 10:41:45.116 11839 11839 W System.err: 	at kotlin.coroutines.jvm.internal.BaseContinuationImpl.resumeWith(ContinuationImpl.kt:33)
12-08 10:41:45.116 11839 11839 W System.err: 	at kotlinx.coroutines.DispatchedTaskKt.resume(DispatchedTask.kt:234)
12-08 10:41:45.116 11839 11839 W System.err: 	at kotlinx.coroutines.DispatchedTaskKt.resumeUnconfined(DispatchedTask.kt:190)
12-08 10:41:45.116 11839 11839 W System.err: 	at kotlinx.coroutines.DispatchedTaskKt.dispatch(DispatchedTask.kt:161)
12-08 10:41:45.116 11839 11839 W System.err: 	at kotlinx.coroutines.CancellableContinuationImpl.dispatchResume(CancellableContinuationImpl.kt:397)
12-08 10:41:45.116 11839 11839 W System.err: 	at kotlinx.coroutines.CancellableContinuationImpl.cancel(CancellableContinuationImpl.kt:183)
12-08 10:41:45.116 11839 11839 W System.err: 	at kotlinx.coroutines.CancellableContinuationImpl.parentCancelled$kotlinx_coroutines_core(CancellableContinuationImpl.kt:190)
12-08 10:41:45.116 11839 11839 W System.err: 	at kotlinx.coroutines.ChildContinuation.invoke(JobSupport.kt:1474)
12-08 10:41:45.116 11839 11839 W System.err: 	at kotlinx.coroutines.JobSupport.notifyCancelling(JobSupport.kt:1499)
12-08 10:41:45.116 11839 11839 W System.err: 	at kotlinx.coroutines.JobSupport.tryMakeCancelling(JobSupport.kt:795)
12-08 10:41:45.116 11839 11839 W System.err: 	at kotlinx.coroutines.JobSupport.makeCancelling(JobSupport.kt:755)
12-08 10:41:45.116 11839 11839 W System.err: 	at kotlinx.coroutines.JobSupport.cancelImpl$kotlinx_coroutines_core(JobSupport.kt:671)
12-08 10:41:45.116 11839 11839 W System.err: 	at kotlinx.coroutines.JobSupport.parentCancelled(JobSupport.kt:637)
12-08 10:41:45.116 11839 11839 W System.err: 	at kotlinx.coroutines.ChildHandleNode.invoke(JobSupport.kt:1465)
12-08 10:41:45.116 11839 11839 W System.err: 	at kotlinx.coroutines.JobSupport.notifyCancelling(JobSupport.kt:1499)
12-08 10:41:45.117 11839 11839 W System.err: 	at kotlinx.coroutines.JobSupport.tryMakeCompletingSlowPath(JobSupport.kt:900)
12-08 10:41:45.118 11839 11839 W System.err: 	at kotlinx.coroutines.JobSupport.tryMakeCompleting(JobSupport.kt:863)
12-08 10:41:45.118 11839 11839 W System.err: 	at kotlinx.coroutines.JobSupport.cancelMakeCompleting(JobSupport.kt:696)
12-08 10:41:45.118 11839 11839 W System.err: 	at kotlinx.coroutines.JobSupport.cancelImpl$kotlinx_coroutines_core(JobSupport.kt:667)
12-08 10:41:45.118 11839 11839 W System.err: 	at kotlinx.coroutines.JobSupport.cancelInternal(JobSupport.kt:632)
12-08 10:41:45.118 11839 11839 W System.err: 	at kotlinx.coroutines.JobSupport.cancel(JobSupport.kt:617)
12-08 10:41:45.119 11839 11839 W System.err: 	at kotlinx.coroutines.JobKt__JobKt.cancel(Job.kt:561)
12-08 10:41:45.119 11839 11839 W System.err: 	at kotlinx.coroutines.JobKt.cancel(Unknown Source:1)
12-08 10:41:45.119 11839 11839 W System.err: 	at kotlinx.coroutines.JobKt__JobKt.cancel$default(Job.kt:560)
12-08 10:41:45.119 11839 11839 W System.err: 	at kotlinx.coroutines.JobKt.cancel$default(Unknown Source:1)
12-08 10:41:45.120 11839 11839 W System.err: 	at androidx.lifecycle.CloseableCoroutineScope.close(ViewModel.kt:51)
12-08 10:41:45.120 11839 11839 W System.err: 	at androidx.lifecycle.ViewModel.closeWithRuntimeException(ViewModel.java:188)
12-08 10:41:45.120 11839 11839 W System.err: 	at androidx.lifecycle.ViewModel.clear(ViewModel.java:134)
