12-02 19:09:01.088 29571 29642 I okhttp.OkHttpClient: Vary: Access-Control-Request-Method
12-02 19:09:01.088 29571 29642 I okhttp.OkHttpClient: Vary: Access-Control-Request-Headers
12-02 19:09:01.089 29571 29642 I okhttp.OkHttpClient: X-Content-Type-Options: nosniff
12-02 19:09:01.089 29571 29642 I okhttp.OkHttpClient: X-XSS-Protection: 1; mode=block
12-02 19:09:01.089 29571 29642 I okhttp.OkHttpClient: Cache-Control: no-cache, no-store, max-age=0, must-revalidate
12-02 19:09:01.089 29571 29642 I okhttp.OkHttpClient: Pragma: no-cache
12-02 19:09:01.089 29571 29642 I okhttp.OkHttpClient: Expires: 0
12-02 19:09:01.089 29571 29642 I okhttp.OkHttpClient: X-Frame-Options: DENY
12-02 19:09:01.089 29571 29642 I okhttp.OkHttpClient: Content-Type: application/json
12-02 19:09:01.089 29571 29642 I okhttp.OkHttpClient: Transfer-Encoding: chunked
12-02 19:09:01.089 29571 29642 I okhttp.OkHttpClient: Date: Fri, 02 Dec 2022 16:09:02 GMT
12-02 19:09:01.090 29571 29642 I okhttp.OkHttpClient: Keep-Alive: timeout=60
12-02 19:09:01.090 29571 29642 I okhttp.OkHttpClient: Connection: keep-alive
12-02 19:09:01.090 29571 29642 I okhttp.OkHttpClient: {"id":2,"firstName":"Данил","lastName":"Иванов","middleName":"Данилович","admin":true}
12-02 19:09:01.090 29571 29642 I okhttp.OkHttpClient: <-- END HTTP (106-byte body)
12-02 19:09:01.102 29571 29667 I okhttp.OkHttpClient: --> GET http://www.981757-ca08998.tmweb.ru:8080/fmh/claims
12-02 19:09:01.102 29571 29667 I okhttp.OkHttpClient: --> END GET
12-02 19:09:01.109  1743 29771 E ResolverController: No valid NAT64 prefix (127, <unspecified>/0)
12-02 19:09:01.288 29571 29571 I ViewInteraction: Checking 'MatchesViewAssertion{viewMatcher=(view has effective visibility <VISIBLE> and view.getGlobalVisibleRect() to return non-empty rectangle)}' assertion on view an instance of android.widget.TextView and view.getText() with or without transformation to match: is "News"
12-02 19:09:01.294 29571 29571 I ViewInteraction: Performing 'wait for a specific view with <view.getId() is <2131230951>> during 10000 millis.' action on view view.getRootView() to equal view
12-02 19:09:01.297 29571 29571 I ViewInteraction: Checking 'MatchesViewAssertion{viewMatcher=(view has effective visibility <VISIBLE> and view.getGlobalVisibleRect() to return non-empty rectangle)}' assertion on view view.getId() is <2131230951/ru.iteco.fmhandroid:id/container_list_news_include_on_fragment_main>
12-02 19:09:01.299 29571 29571 I ViewInteraction: Performing 'wait for a specific view with <view.getId() is <2131230949>> during 10000 millis.' action on view view.getRootView() to equal view
12-02 19:09:01.301 29571 29571 I ViewInteraction: Checking 'MatchesViewAssertion{viewMatcher=(view has effective visibility <VISIBLE> and view.getGlobalVisibleRect() to return non-empty rectangle)}' assertion on view view.getId() is <2131230949/ru.iteco.fmhandroid:id/container_list_claim_include_on_fragment_main>
12-02 19:09:01.304 29571 29571 I ViewInteraction: Performing 'wait for a specific view with <an instance of android.widget.TextView and view.getText() with or without transformation to match: is "Claims"> during 10000 millis.' action on view view.getRootView() to equal view
12-02 19:09:01.307 29571 29571 I ViewInteraction: Checking 'MatchesViewAssertion{viewMatcher=(view has effective visibility <VISIBLE> and view.getGlobalVisibleRect() to return non-empty rectangle)}' assertion on view an instance of android.widget.TextView and view.getText() with or without transformation to match: is "Claims"
12-02 19:09:01.309 29571 29571 I ViewInteraction: Performing 'wait for a specific view with <view.getId() is <2131231123/ru.iteco.fmhandroid:id/main_menu_image_button>> during 10000 millis.' action on view view.getRootView() to equal view
12-02 19:09:01.312 29571 29571 I ViewInteraction: Performing 'single click' action on view view.getId() is <2131231123/ru.iteco.fmhandroid:id/main_menu_image_button>
12-02 19:09:01.399  1772  6832 D gralloc_ranchu: gralloc_alloc: Creating ashmem region of size 3264512
12-02 19:09:01.403  1772  6832 I chatty  : uid=1000(system) HwBinder:1772_3 identical 1 line
12-02 19:09:01.404  1772  6832 D gralloc_ranchu: gralloc_alloc: Creating ashmem region of size 3264512
12-02 19:09:01.420 29571 29628 D EGL_emulation: eglMakeCurrent: 0xdb91b440: ver 2 0 (tinfo 0xc077f470)
12-02 19:09:01.451 29571 29628 I chatty  : uid=10159(ru.iteco.fmhandroid) RenderThread identical 2 lines
12-02 19:09:01.477 29571 29628 D EGL_emulation: eglMakeCurrent: 0xdb91b440: ver 2 0 (tinfo 0xc077f470)
12-02 19:09:01.715 29571 29571 I ViewInteraction: Performing 'wait for a specific view with <an instance of android.widget.TextView and view.getText() with or without transformation to match: is "Claims"> during 10000 millis.' action on view view.getRootView() to equal view
12-02 19:09:01.718 29571 29571 I ViewInteraction: Performing 'single click' action on view an instance of android.widget.TextView and view.getText() with or without transformation to match: is "Claims"
12-02 19:09:01.774 29571 29628 D EGL_emulation: eglMakeCurrent: 0xdb91b440: ver 2 0 (tinfo 0xc077f470)
12-02 19:09:01.850 29571 29666 I okhttp.OkHttpClient: --> GET http://www.981757-ca08998.tmweb.ru:8080/fmh/claims
12-02 19:09:01.850 29571 29666 I okhttp.OkHttpClient: --> END GET
12-02 19:09:01.891 29571 29628 D EGL_emulation: eglMakeCurrent: 0xdb91b440: ver 2 0 (tinfo 0xc077f470)
12-02 19:09:01.903 29571 29628 D EGL_emulation: eglMakeCurrent: 0xdb91b440: ver 2 0 (tinfo 0xc077f470)
12-02 19:09:02.006 29571 29571 I ViewInteraction: Performing 'wait for a specific view with <view.getId() is <2131230849/ru.iteco.fmhandroid:id/add_new_claim_material_button>> during 10000 millis.' action on view view.getRootView() to equal view
12-02 19:09:02.009 29571 29571 I ViewInteraction: Performing 'single click' action on view view.getId() is <2131230849/ru.iteco.fmhandroid:id/add_new_claim_material_button>
12-02 19:09:02.062 29571 29642 I okhttp.OkHttpClient: --> GET http://www.981757-ca08998.tmweb.ru:8080/fmh/users
12-02 19:09:02.062 29571 29642 I okhttp.OkHttpClient: --> END GET
12-02 19:09:02.212 29571 29642 I okhttp.OkHttpClient: <-- 200 http://www.981757-ca08998.tmweb.ru:8080/fmh/users (150ms)
12-02 19:09:02.212 29571 29642 I okhttp.OkHttpClient: Vary: Origin
12-02 19:09:02.212 29571 29642 I okhttp.OkHttpClient: Vary: Access-Control-Request-Method
12-02 19:09:02.212 29571 29642 I okhttp.OkHttpClient: Vary: Access-Control-Request-Headers
12-02 19:09:02.212 29571 29642 I okhttp.OkHttpClient: X-Content-Type-Options: nosniff
12-02 19:09:02.212 29571 29642 I okhttp.OkHttpClient: X-XSS-Protection: 1; mode=block
12-02 19:09:02.212 29571 29642 I okhttp.OkHttpClient: Cache-Control: no-cache, no-store, max-age=0, must-revalidate
12-02 19:09:02.212 29571 29642 I okhttp.OkHttpClient: Pragma: no-cache
12-02 19:09:02.212 29571 29642 I okhttp.OkHttpClient: Expires: 0
12-02 19:09:02.213 29571 29642 I okhttp.OkHttpClient: X-Frame-Options: DENY
12-02 19:09:02.213 29571 29642 I okhttp.OkHttpClient: Content-Type: application/json
12-02 19:09:02.213 29571 29642 I okhttp.OkHttpClient: Transfer-Encoding: chunked
12-02 19:09:02.213 29571 29642 I okhttp.OkHttpClient: Date: Fri, 02 Dec 2022 16:09:03 GMT
12-02 19:09:02.213 29571 29642 I okhttp.OkHttpClient: Keep-Alive: timeout=60
12-02 19:09:02.213 29571 29642 I okhttp.OkHttpClient: Connection: keep-alive
12-02 19:09:02.214 29571 29642 I okhttp.OkHttpClient: [{"id":1,"firstName":"Петр","lastName":"Смирнов","middleName":"Петрович","admin":true},{"id":2,"firstName":"Данил","lastName":"Иванов","middleName":"Данилович","admin":true},{"id":3,"firstName":"Егор","lastName":"Петров","middleName":"Егорович","admin":false},{"id":4,"firstName":"Дмитрий","lastName":"Сидоров","middleName":"Дмитриевич","admin":false},{"id":5,"firstName":"Тест","lastName":"Тестов","middleName":"Тестович","admin":true},{"id":6,"firstName":"Diplom","lastName":"Netology","middleName":"QAMID","admin":true}]
12-02 19:09:02.214 29571 29642 I okhttp.OkHttpClient: <-- END HTTP (622-byte body)
12-02 19:09:02.396 29571 29571 I ViewInteraction: Performing 'wait for a specific view with <view.getId() is <2131231041/ru.iteco.fmhandroid:id/executor_drop_menu_auto_complete_text_view>> during 10000 millis.' action on view view.getRootView() to equal view
12-02 19:09:02.398 29571 29571 I ViewInteraction: Performing 'single click' action on view view.getId() is <2131231041/ru.iteco.fmhandroid:id/executor_drop_menu_auto_complete_text_view>
12-02 19:09:02.467  1743  2204 I netd    : firewallSetUidRule(2, 10145, 1) <0.03ms>
12-02 19:09:02.493  1772  6832 D gralloc_ranchu: gralloc_alloc: Creating ashmem region of size 7032832
12-02 19:09:02.498  1772  6832 I chatty  : uid=1000(system) HwBinder:1772_3 identical 1 line
12-02 19:09:02.499  1772  6832 D gralloc_ranchu: gralloc_alloc: Creating ashmem region of size 7032832
12-02 19:09:02.507 29571 29628 D EGL_emulation: eglMakeCurrent: 0xdb91b440: ver 2 0 (tinfo 0xc077f470)
12-02 19:09:02.541 29571 29571 I AssistStructure: Flattened final assist data: 6984 bytes, containing 2 windows, 53 views
12-02 19:09:02.545  2010 19651 D AutofillSession: Starting partition or augmented request for view id 1073741827@1880179353: STARTED_SESSION
12-02 19:09:02.551  2010  2010 D AutofillSession: cancelCurrentRequest(): id = 1119
12-02 19:09:02.556 29571 29628 D EGL_emulation: eglMakeCurrent: 0xdb91b440: ver 2 0 (tinfo 0xc077f470)
12-02 19:09:02.562 29571 29571 I AssistStructure: Flattened final assist data: 6984 bytes, containing 2 windows, 53 views
12-02 19:09:02.570  2584  2584 W ktk     : Pending fill request while another request in the same session was triggered. [CONTEXT service_id=177 ]
12-02 19:09:02.595  2010  2034 D AutofillUI: destroySaveUiUiThread(): already destroyed
12-02 19:09:02.610 29571 29628 D EGL_emulation: eglMakeCurrent: 0xdb91b440: ver 2 0 (tinfo 0xc077f470)
12-02 19:09:02.612  2486  2486 I KeyboardViewUtil: systemKeyboardHeightRatio:1.000000; userKeyboardHeightRatio:1.000000.
12-02 19:09:02.612  2486  2486 I AndroidIME: LatinIme.onActivate() : EditorInfo = Package = ru.iteco.fmhandroid : Type = Text : Learning = Disable : Suggestion = Show : AutoCorrection = Disable : Microphone = Show : NoPersonalizedLearning = Disable
12-02 19:09:02.620  2486  2486 I Conv2QueryExtension: Current locale: en_US, config allows these locales: de,en,es,fr,it,ms,pt,ta
12-02 19:09:02.620  2486  2486 I Conv2QueryExtension: Conv2Query not enabled due to current app [ru.iteco.fmhandroid] not in whitelist
12-02 19:09:02.620  2486  2486 I Conv2QueryExtension: onActivate() : Disabled by unsupported host app
12-02 19:09:02.629  2169  2501 D EGL_emulation: eglMakeCurrent: 0xdb91a600: ver 2 0 (tinfo 0xdb90f8d0)
12-02 19:09:02.637  1772  6832 D gralloc_ranchu: gralloc_alloc: Creating ashmem region of size 14262272
12-02 19:09:02.641  1772  6832 I chatty  : uid=1000(system) HwBinder:1772_3 identical 1 line
12-02 19:09:02.646  1772  6832 D gralloc_ranchu: gralloc_alloc: Creating ashmem region of size 14262272
12-02 19:09:02.647  2486  6704 D EGL_emulation: eglMakeCurrent: 0xdb91b920: ver 2 0 (tinfo 0xdb90fce0)
12-02 19:09:02.686 29571 29628 D EGL_emulation: eglMakeCurrent: 0xdb91b440: ver 2 0 (tinfo 0xc077f470)
12-02 19:09:02.719  1772  6832 D gralloc_ranchu: gralloc_alloc: Creating ashmem region of size 4997120
12-02 19:09:02.727 29571 29628 D EGL_emulation: eglMakeCurrent: 0xdb91b440: ver 2 0 (tinfo 0xc077f470)
12-02 19:09:02.746  1772  6832 D gralloc_ranchu: gralloc_alloc: Creating ashmem region of size 4997120
12-02 19:09:02.749 29571 29628 D EGL_emulation: eglMakeCurrent: 0xdb91b440: ver 2 0 (tinfo 0xc077f470)
12-02 19:09:02.769 29571 29628 D EGL_emulation: eglMakeCurrent: 0xdb91b440: ver 2 0 (tinfo 0xc077f470)
12-02 19:09:02.777  1772  6832 D gralloc_ranchu: gralloc_alloc: Creating ashmem region of size 4997120
12-02 19:09:02.842 29571 29571 I ViewInteraction: Performing 'close keyboard' action on view view.getRootView() to equal view
12-02 19:09:02.847  1743  2204 I netd    : firewallSetUidRule(2, 10145, 2) <0.02ms>
12-02 19:09:02.848  2486  2486 I PhenotypeExpConfig: refreshConfiguration() : Force = false : UpdateAvailable = false : Age = 186 minutes : MaxAge = 720 minutes
12-02 19:09:02.896  2486  2486 I AndroidIME: LatinIme.onDeactivate()
12-02 19:09:02.908  2486  6704 D EGL_emulation: eglMakeCurrent: 0xdb91b920: ver 2 0 (tinfo 0xdb90fce0)
12-02 19:09:02.945 29571 29628 D EGL_emulation: eglMakeCurrent: 0xdb91b440: ver 2 0 (tinfo 0xc077f470)
12-02 19:09:02.968  1772  6832 D gralloc_ranchu: gralloc_alloc: Creating ashmem region of size 7032832
12-02 19:09:02.975 29571 29628 D EGL_emulation: eglMakeCurrent: 0xdb91b440: ver 2 0 (tinfo 0xc077f470)
12-02 19:09:02.998  1772  6832 D gralloc_ranchu: gralloc_alloc: Creating ashmem region of size 7032832
12-02 19:09:03.001 29571 29628 D EGL_emulation: eglMakeCurrent: 0xdb91b440: ver 2 0 (tinfo 0xc077f470)
12-02 19:09:03.015 29571 29628 D EGL_emulation: eglMakeCurrent: 0xdb91b440: ver 2 0 (tinfo 0xc077f470)
12-02 19:09:03.027  1772  6832 D gralloc_ranchu: gralloc_alloc: Creating ashmem region of size 7032832
12-02 19:09:03.030 29571 29628 D EGL_emulation: eglMakeCurrent: 0xdb91b440: ver 2 0 (tinfo 0xc077f470)
12-02 19:09:04.557 29571 29628 D EGL_emulation: eglMakeCurrent: 0xdb91b440: ver 2 0 (tinfo 0xc077f470)
12-02 19:09:04.567 29571 29667 I okhttp.OkHttpClient: <-- 200 http://www.981757-ca08998.tmweb.ru:8080/fmh/claims (3464ms)
12-02 19:09:04.567 29571 29667 I okhttp.OkHttpClient: Vary: Origin
12-02 19:09:04.567 29571 29667 I okhttp.OkHttpClient: Vary: Access-Control-Request-Method
12-02 19:09:04.567 29571 29667 I okhttp.OkHttpClient: Vary: Access-Control-Request-Headers
12-02 19:09:04.567 29571 29667 I okhttp.OkHttpClient: X-Content-Type-Options: nosniff
12-02 19:09:04.567 29571 29667 I okhttp.OkHttpClient: X-XSS-Protection: 1; mode=block
12-02 19:09:04.567 29571 29667 I okhttp.OkHttpClient: Cache-Control: no-cache, no-store, max-age=0, must-revalidate
12-02 19:09:04.567 29571 29667 I okhttp.OkHttpClient: Pragma: no-cache
12-02 19:09:04.569 29571 29667 I okhttp.OkHttpClient: Expires: 0
12-02 19:09:04.569 29571 29667 I okhttp.OkHttpClient: X-Frame-Options: DENY
12-02 19:09:04.569 29571 29667 I okhttp.OkHttpClient: Content-Type: application/json
12-02 19:09:04.569 29571 29667 I okhttp.OkHttpClient: Transfer-Encoding: chunked
12-02 19:09:04.570 29571 29667 I okhttp.OkHttpClient: Date: Fri, 02 Dec 2022 16:09:06 GMT
12-02 19:09:04.571 29571 29667 I okhttp.OkHttpClient: Keep-Alive: timeout=60
12-02 19:09:04.571 29571 29667 I okhttp.OkHttpClient: Connection: keep-alive
12-02 19:09:05.026 29571 29628 D EGL_emulation: eglMakeCurrent: 0xdb91b440: ver 2 0 (tinfo 0xc077f470)
12-02 19:09:05.281 29571 29666 I okhttp.OkHttpClient: <-- 200 http://www.981757-ca08998.tmweb.ru:8080/fmh/claims (3430ms)
12-02 19:09:05.281 29571 29666 I okhttp.OkHttpClient: Vary: Origin
12-02 19:09:05.281 29571 29666 I okhttp.OkHttpClient: Vary: Access-Control-Request-Method
12-02 19:09:05.281 29571 29666 I okhttp.OkHttpClient: Vary: Access-Control-Request-Headers
12-02 19:09:05.281 29571 29666 I okhttp.OkHttpClient: X-Content-Type-Options: nosniff
12-02 19:09:05.281 29571 29666 I okhttp.OkHttpClient: X-XSS-Protection: 1; mode=block
12-02 19:09:05.281 29571 29666 I okhttp.OkHttpClient: Cache-Control: no-cache, no-store, max-age=0, must-revalidate
12-02 19:09:05.281 29571 29666 I okhttp.OkHttpClient: Pragma: no-cache
12-02 19:09:05.281 29571 29666 I okhttp.OkHttpClient: Expires: 0
12-02 19:09:05.281 29571 29666 I okhttp.OkHttpClient: X-Frame-Options: DENY
12-02 19:09:05.281 29571 29666 I okhttp.OkHttpClient: Content-Type: application/json
12-02 19:09:05.281 29571 29666 I okhttp.OkHttpClient: Transfer-Encoding: chunked
12-02 19:09:05.281 29571 29666 I okhttp.OkHttpClient: Date: Fri, 02 Dec 2022 16:09:06 GMT
12-02 19:09:05.281 29571 29666 I okhttp.OkHttpClient: Keep-Alive: timeout=60
12-02 19:09:05.281 29571 29666 I okhttp.OkHttpClient: Connection: keep-alive
12-02 19:09:05.700  1750  1962 W audio_hw_generic: Not supplying enough data to HAL, expected position 399541676 , only wrote 399288287
12-02 19:09:06.191  1881  1881 E netmgr  : Failed to open QEMU pipe 'qemud:network': Invalid argument
12-02 19:09:06.209 29571 29571 I ViewInteraction: Checking 'MatchesViewAssertion{viewMatcher=(view has effective visibility <VISIBLE> and view.getGlobalVisibleRect() to return non-empty rectangle)}' assertion on view an instance of android.widget.TextView and view.getText() with or without transformation to match: is "Иванов Данил Данилович"
12-02 19:09:06.211 29571 29571 I ViewInteraction: Performing 'single click' action on view an instance of android.widget.TextView and view.getText() with or without transformation to match: is "Иванов Данил Данилович"
12-02 19:09:06.259 29571 29628 D EGL_emulation: eglMakeCurrent: 0xdb91b440: ver 2 0 (tinfo 0xc077f470)
12-02 19:09:06.333  1750  3111 W audio_hw_generic: Not supplying enough data to HAL, expected position 399288393 , only wrote 399288287
12-02 19:09:06.349 29571 29628 D EGL_emulation: eglMakeCurrent: 0xdb91b440: ver 2 0 (tinfo 0xc077f470)
12-02 19:09:06.358  2010  5522 E InputDispatcher: Window handle Window{a1c2733 u0 PopupWindow:a62603f} has no registered input channel
12-02 19:09:06.363 29571 29628 D EGL_emulation: eglMakeCurrent: 0xdb91b440: ver 2 0 (tinfo 0xc077f470)
12-02 19:09:06.485 29571 29571 I ViewInteraction: Performing 'wait for a specific view with <(view.getId() is <2131231402/ru.iteco.fmhandroid:id/title_edit_text> and view.getParent() view.getParent() view.getId() is <2131231406/ru.iteco.fmhandroid:id/title_text_input_layout>)> during 10000 millis.' action on view view.getRootView() to equal view
12-02 19:09:06.488 29571 29571 I ViewInteraction: Performing 'replace text(В работе 898a76ba-ea47-4ed9-9da7-4544d6c739c7)' action on view (view.getId() is <2131231402/ru.iteco.fmhandroid:id/title_edit_text> and view.getParent() view.getParent() view.getId() is <2131231406/ru.iteco.fmhandroid:id/title_text_input_layout>)
12-02 19:09:06.516 29571 29571 I ViewInteraction: Performing 'wait for a specific view with <view.getId() is <2131230975/ru.iteco.fmhandroid:id/date_in_plan_text_input_edit_text>> during 10000 millis.' action on view view.getRootView() to equal view
12-02 19:09:06.521 29571 29571 I ViewInteraction: Performing 'single click' action on view view.getId() is <2131230975/ru.iteco.fmhandroid:id/date_in_plan_text_input_edit_text>
12-02 19:09:06.643  1772  6832 D gralloc_ranchu: gralloc_alloc: Creating ashmem region of size 10964992
12-02 19:09:06.647  1772  6832 I chatty  : uid=1000(system) HwBinder:1772_3 identical 1 line
12-02 19:09:06.648  1772  6832 D gralloc_ranchu: gralloc_alloc: Creating ashmem region of size 10964992
12-02 19:09:06.659 29571 29628 D EGL_emulation: eglMakeCurrent: 0xdb91b440: ver 2 0 (tinfo 0xc077f470)
12-02 19:09:06.753 29571 29628 I chatty  : uid=10159(ru.iteco.fmhandroid) RenderThread identical 3 lines
12-02 19:09:06.774 29571 29628 D EGL_emulation: eglMakeCurrent: 0xdb91b440: ver 2 0 (tinfo 0xc077f470)
12-02 19:09:07.131 29571 29571 I ViewInteraction: Performing 'wait for a specific view with <is assignable from class <class android.widget.DatePicker>> during 10000 millis.' action on view view.getRootView() to equal view
12-02 19:09:07.135 29571 29571 I ViewInteraction: Checking 'MatchesViewAssertion{viewMatcher=(view has effective visibility <VISIBLE> and view.getGlobalVisibleRect() to return non-empty rectangle)}' assertion on view is assignable from class <class android.widget.DatePicker>
12-02 19:09:07.137 29571 29571 I ViewInteraction: Performing 'wait for a specific view with <is assignable from class <class android.widget.DatePicker>> during 10000 millis.' action on view view.getRootView() to equal view
12-02 19:09:07.140 29571 29571 I ViewInteraction: Performing 'set date' action on view is assignable from class <class android.widget.DatePicker>
12-02 19:09:07.176 29571 29571 I ViewInteraction: Performing 'wait for a specific view with <view.getId() is <16908313/android:id/button1>> during 10000 millis.' action on view view.getRootView() to equal view
12-02 19:09:07.179 29571 29571 I ViewInteraction: Performing 'single click' action on view view.getId() is <16908313/android:id/button1>
12-02 19:09:07.242 29571 29628 D EGL_emulation: eglMakeCurrent: 0xdb91b440: ver 2 0 (tinfo 0xc077f470)
12-02 19:09:07.258 29571 29628 D EGL_emulation: eglMakeCurrent: 0xdb91b440: ver 2 0 (tinfo 0xc077f470)
12-02 19:09:07.259  2010  5522 E InputDispatcher: Window handle Window{cdefb44 u0 ru.iteco.fmhandroid/ru.iteco.fmhandroid.ui.AppActivity} has no registered input channel
12-02 19:09:07.506 29571 29571 I ViewInteraction: Performing 'wait for a specific view with <(an instance of android.widget.TextView and view.getHint() matching: is "Time" and view.getParent() view.getParent() view.getId() is <2131231399/ru.iteco.fmhandroid:id/time_in_plan_text_input_layout>)> during 10000 millis.' action on view view.getRootView() to equal view
12-02 19:09:07.509 29571 29571 I ViewInteraction: Performing 'single click' action on view (an instance of android.widget.TextView and view.getHint() matching: is "Time" and view.getParent() view.getParent() view.getId() is <2131231399/ru.iteco.fmhandroid:id/time_in_plan_text_input_layout>)
12-02 19:09:07.616  1772  6832 D gralloc_ranchu: gralloc_alloc: Creating ashmem region of size 9261056
12-02 19:09:07.620  1772  6832 I chatty  : uid=1000(system) HwBinder:1772_3 identical 1 line
12-02 19:09:07.621  1772  6832 D gralloc_ranchu: gralloc_alloc: Creating ashmem region of size 9261056
12-02 19:09:07.635 29571 29628 D EGL_emulation: eglMakeCurrent: 0xdb91b440: ver 2 0 (tinfo 0xc077f470)
12-02 19:09:07.678 29571 29628 D EGL_emulation: eglMakeCurrent: 0xdb91b440: ver 2 0 (tinfo 0xc077f470)
12-02 19:09:07.924 29571 29571 I ViewInteraction: Performing 'wait for a specific view with <is assignable from class <class android.widget.TimePicker>> during 10000 millis.' action on view view.getRootView() to equal view
12-02 19:09:07.926 29571 29571 I ViewInteraction: Checking 'MatchesViewAssertion{viewMatcher=(view has effective visibility <VISIBLE> and view.getGlobalVisibleRect() to return non-empty rectangle)}' assertion on view is assignable from class <class android.widget.TimePicker>
12-02 19:09:07.929 29571 29571 I ViewInteraction: Performing 'wait for a specific view with <is assignable from class <class android.widget.TimePicker>> during 10000 millis.' action on view view.getRootView() to equal view
12-02 19:09:07.930 29571 29571 I ViewInteraction: Performing 'set time' action on view is assignable from class <class android.widget.TimePicker>
12-02 19:09:07.942 29571 29628 D EGL_emulation: eglMakeCurrent: 0xdb91b440: ver 2 0 (tinfo 0xc077f470)
12-02 19:09:07.943 29571 29571 I ViewInteraction: Performing 'wait for a specific view with <view.getId() is <16908313/android:id/button1>> during 10000 millis.' action on view view.getRootView() to equal view
12-02 19:09:07.946 29571 29571 I ViewInteraction: Performing 'single click' action on view view.getId() is <16908313/android:id/button1>
12-02 19:09:08.021 29571 29628 D EGL_emulation: eglMakeCurrent: 0xdb91b440: ver 2 0 (tinfo 0xc077f470)
12-02 19:09:08.036 29571 29628 D EGL_emulation: eglMakeCurrent: 0xdb91b440: ver 2 0 (tinfo 0xc077f470)
12-02 19:09:08.040  2010  9089 E InputDispatcher: Window handle Window{dfc4ae3 u0 ru.iteco.fmhandroid/ru.iteco.fmhandroid.ui.AppActivity} has no registered input channel
12-02 19:09:08.291 29571 29571 I ViewInteraction: Performing 'wait for a specific view with <(an instance of android.widget.TextView and view.getHint() matching: is "Description" and view.getParent() view.getParent() view.getId() is <2131230988/ru.iteco.fmhandroid:id/description_text_input_layout>)> during 10000 millis.' action on view view.getRootView() to equal view
12-02 19:09:08.294 29571 29571 I ViewInteraction: Performing 'replace text(В работе 898a76ba-ea47-4ed9-9da7-4544d6c739c7)' action on view (an instance of android.widget.TextView and view.getHint() matching: is "Description" and view.getParent() view.getParent() view.getId() is <2131230988/ru.iteco.fmhandroid:id/description_text_input_layout>)
12-02 19:09:08.345 29571 29571 I ViewInteraction: Performing 'wait for a specific view with <view.getId() is <2131231291/ru.iteco.fmhandroid:id/save_button>> during 10000 millis.' action on view view.getRootView() to equal view
12-02 19:09:08.348 29571 29571 I ViewInteraction: Performing 'single click' action on view view.getId() is <2131231291/ru.iteco.fmhandroid:id/save_button>
12-02 19:09:08.417 29571 29670 I okhttp.OkHttpClient: --> POST http://www.981757-ca08998.tmweb.ru:8080/fmh/claims
12-02 19:09:08.417 29571 29670 I okhttp.OkHttpClient: Content-Type: application/json; charset=UTF-8
12-02 19:09:08.417 29571 29670 I okhttp.OkHttpClient: Content-Length: 290
12-02 19:09:08.417 29571 29670 I okhttp.OkHttpClient: {"createDate":1669997348,"creatorId":2,"creatorName":"Иванов Данил Данилович","description":"В работе 898a76ba-ea47-4ed9-9da7-4544d6c739c7","executorId":2,"planExecuteDate":1669997280,"status":"OPEN","title":"В работе 898a76ba-ea47-4ed9-9da7-4544d6c739c7"}
12-02 19:09:08.417 29571 29670 I okhttp.OkHttpClient: --> END POST (290-byte body)
12-02 19:09:08.421  1743 29773 E ResolverController: No valid NAT64 prefix (127, <unspecified>/0)
12-02 19:09:08.463  1785  1976 D AF::Track: interceptBuffer: took 218us to intercept 0 tracks
12-02 19:09:08.637 29571 29571 I ViewInteraction: Performing 'wait for a specific view with <view.getId() is <2131230916/ru.iteco.fmhandroid:id/claim_list_recycler_view>> during 10000 millis.' action on view view.getRootView() to equal view
12-02 19:09:08.713 29571 29670 I okhttp.OkHttpClient: <-- 200 http://www.981757-ca08998.tmweb.ru:8080/fmh/claims (295ms)
12-02 19:09:08.713 29571 29670 I okhttp.OkHttpClient: Vary: Origin
12-02 19:09:08.713 29571 29670 I okhttp.OkHttpClient: Vary: Access-Control-Request-Method
12-02 19:09:08.713 29571 29670 I okhttp.OkHttpClient: Vary: Access-Control-Request-Headers
12-02 19:09:08.713 29571 29670 I okhttp.OkHttpClient: X-Content-Type-Options: nosniff
12-02 19:09:08.713 29571 29670 I okhttp.OkHttpClient: X-XSS-Protection: 1; mode=block
12-02 19:09:08.713 29571 29670 I okhttp.OkHttpClient: Cache-Control: no-cache, no-store, max-age=0, must-revalidate
12-02 19:09:08.714 29571 29670 I okhttp.OkHttpClient: Pragma: no-cache
12-02 19:09:08.714 29571 29670 I okhttp.OkHttpClient: Expires: 0
12-02 19:09:08.714 29571 29670 I okhttp.OkHttpClient: X-Frame-Options: DENY
12-02 19:09:08.714 29571 29670 I okhttp.OkHttpClient: Content-Type: application/json
12-02 19:09:08.714 29571 29670 I okhttp.OkHttpClient: Transfer-Encoding: chunked
12-02 19:09:08.714 29571 29670 I okhttp.OkHttpClient: Date: Fri, 02 Dec 2022 16:09:10 GMT
12-02 19:09:08.714 29571 29670 I okhttp.OkHttpClient: Keep-Alive: timeout=60
12-02 19:09:08.714 29571 29670 I okhttp.OkHttpClient: Connection: keep-alive
12-02 19:09:08.714 29571 29670 I okhttp.OkHttpClient: {"id":2514,"title":"В работе 898a76ba-ea47-4ed9-9da7-4544d6c739c7","description":"В работе 898a76ba-ea47-4ed9-9da7-4544d6c739c7","creatorId":2,"executorId":2,"createDate":1669997348,"planExecuteDate":1669997280,"factExecuteDate":null,"status":"IN_PROGRESS","creatorName":"Иванов Данил Данилович","executorName":"Иванов Данил Данилович"}
12-02 19:09:08.714 29571 29670 I okhttp.OkHttpClient: <-- END HTTP (390-byte body)
12-02 19:09:08.761 29571 29571 I ViewInteraction: Checking 'MatchesViewAssertion{viewMatcher=(view has effective visibility <VISIBLE> and view.getGlobalVisibleRect() to return non-empty rectangle)}' assertion on view view.getId() is <2131230916/ru.iteco.fmhandroid:id/claim_list_recycler_view>
12-02 19:09:08.765 29571 29571 I ViewInteraction: Performing 'scroll RecyclerView to: holder with view: (view is an instance of android.view.ViewGroup and has descendant matching an instance of android.widget.TextView and view.getText() with or without transformation to match: is "В работе 898a76ba-ea47-4ed9-9da7-4544d6c739c7")' action on view view.getId() is <2131230916/ru.iteco.fmhandroid:id/claim_list_recycler_view>
12-02 19:09:08.766 29571 29571 D takeScreenshot: Found 1 global views to redraw
12-02 19:09:08.812  1772  6832 D gralloc_ranchu: gralloc_alloc: Creating ashmem region of size 14749696
12-02 19:09:08.865 29571 29615 W DefaultFailureHandler: Failed to take screenshot
12-02 19:09:08.865 29571 29615 W DefaultFailureHandler: java.io.FileNotFoundException: view-op-error-8.png: open failed: EROFS (Read-only file system)
12-02 19:09:08.865 29571 29615 W DefaultFailureHandler: 	at libcore.io.IoBridge.open(IoBridge.java:496)
12-02 19:09:08.865 29571 29615 W DefaultFailureHandler: 	at java.io.FileOutputStream.<init>(FileOutputStream.java:235)
12-02 19:09:08.865 29571 29615 W DefaultFailureHandler: 	at java.io.FileOutputStream.<init>(FileOutputStream.java:125)
12-02 19:09:08.865 29571 29615 W DefaultFailureHandler: 	at androidx.test.platform.io.FileTestStorage.openOutputFile(FileTestStorage.java:60)
12-02 19:09:08.865 29571 29615 W DefaultFailureHandler: 	at androidx.test.core.graphics.BitmapStorage.writeToTestStorage(BitmapStorageExt.kt:49)
12-02 19:09:08.865 29571 29615 W DefaultFailureHandler: 	at androidx.test.espresso.base.DefaultFailureHandler.takeScreenshot(DefaultFailureHandler.java:4)
12-02 19:09:08.865 29571 29615 W DefaultFailureHandler: 	at androidx.test.espresso.base.DefaultFailureHandler.handle(DefaultFailureHandler.java:3)
12-02 19:09:08.865 29571 29615 W DefaultFailureHandler: 	at androidx.test.espresso.ViewInteraction.waitForAndHandleInteractionResults(ViewInteraction.java:8)
12-02 19:09:08.865 29571 29615 W DefaultFailureHandler: 	at androidx.test.espresso.ViewInteraction.desugaredPerform(ViewInteraction.java:11)
12-02 19:09:08.865 29571 29615 W DefaultFailureHandler: 	at androidx.test.espresso.ViewInteraction.perform(ViewInteraction.java:8)
12-02 19:09:08.865 29571 29615 W DefaultFailureHandler: 	at ru.iteco.fmhandroid.ui.steps.ClaimsPageSteps.scrollToElementInRecyclerList(ClaimsPageSteps.java:128)
12-02 19:09:08.865 29571 29615 W DefaultFailureHandler: 	at ru.iteco.fmhandroid.ui.steps.ClaimsPageSteps.openClaimCard(ClaimsPageSteps.java:151)
12-02 19:09:08.865 29571 29615 W DefaultFailureHandler: 	at ru.iteco.fmhandroid.ui.ClaimsPageTest.shouldOpenTheClaimCard(ClaimsPageTest.java:84)
12-02 19:09:08.865 29571 29615 W DefaultFailureHandler: 	at java.lang.reflect.Method.invoke(Native Method)
12-02 19:09:08.865 29571 29615 W DefaultFailureHandler: 	at org.junit.runners.model.FrameworkMethod$1.runReflectiveCall(FrameworkMethod.java:59)
12-02 19:09:08.865 29571 29615 W DefaultFailureHandler: 	at org.junit.internal.runners.model.ReflectiveCallable.run(ReflectiveCallable.java:12)
12-02 19:09:08.865 29571 29615 W DefaultFailureHandler: 	at org.junit.runners.model.FrameworkMethod.invokeExplosively(FrameworkMethod.java:56)
12-02 19:09:08.865 29571 29615 W DefaultFailureHandler: 	at org.junit.internal.runners.statements.InvokeMethod.evaluate(InvokeMethod.java:17)
12-02 19:09:08.865 29571 29615 W DefaultFailureHandler: 	at androidx.test.internal.runner.junit4.statement.RunBefores.evaluate(RunBefores.java:80)
12-02 19:09:08.865 29571 29615 W DefaultFailureHandler: 	at androidx.test.rule.ActivityTestRule$ActivityStatement.evaluate(ActivityTestRule.java:543)
12-02 19:09:08.865 29571 29615 W DefaultFailureHandler: 	at io.qameta.allure.android.rules.LogcatRule$apply$1.evaluate(LogcatRule.kt:23)
12-02 19:09:08.865 29571 29615 W DefaultFailureHandler: 	at io.qameta.allure.android.rules.ScreenshotRule$apply$1.evaluate(ScreenshotRule.kt:22)
12-02 19:09:08.865 29571 29615 W DefaultFailureHandler: 	at io.qameta.allure.android.rules.ScreenshotRule$apply$1.evaluate(ScreenshotRule.kt:22)
12-02 19:09:08.865 29571 29615 W DefaultFailureHandler: 	at org.junit.rules.RunRules.evaluate(RunRules.java:20)
12-02 19:09:08.865 29571 29615 W DefaultFailureHandler: 	at org.junit.runners.ParentRunner$3.evaluate(ParentRunner.java:306)
12-02 19:09:08.865 29571 29615 W DefaultFailureHandler: 	at org.junit.runners.BlockJUnit4ClassRunner$1.evaluate(BlockJUnit4ClassRunner.java:100)
12-02 19:09:08.865 29571 29615 W DefaultFailureHandler: 	at org.junit.runners.ParentRunner.runLeaf(ParentRunner.java:366)
12-02 19:09:08.865 29571 29615 W DefaultFailureHandler: 	at org.junit.runners.BlockJUnit4ClassRunner.runChild(BlockJUnit4ClassRunner.java:103)
12-02 19:09:08.865 29571 29615 W DefaultFailureHandler: 	at org.junit.runners.BlockJUnit4ClassRunner.runChild(BlockJUnit4ClassRunner.java:63)
12-02 19:09:08.865 29571 29615 W DefaultFailureHandler: 	at org.junit.runners.ParentRunner$4.run(ParentRunner.java:331)
12-02 19:09:08.865 29571 29615 W DefaultFailureHandler: 	at org.junit.runners.ParentRunner$1.schedule(ParentRunner.java:79)
12-02 19:09:08.865 29571 29615 W DefaultFailureHandler: 	at org.junit.runners.ParentRunner.runChildren(ParentRunner.java:329)
12-02 19:09:08.865 29571 29615 W DefaultFailureHandler: 	at org.junit.runners.ParentRunner.access$100(ParentRunner.java:66)
12-02 19:09:08.865 29571 29615 W DefaultFailureHandler: 	at org.junit.runners.ParentRunner$2.evaluate(ParentRunner.java:293)
12-02 19:09:08.865 29571 29615 W DefaultFailureHandler: 	at org.junit.runners.ParentRunner$3.evaluate(ParentRunner.java:306)
12-02 19:09:08.865 29571 29615 W DefaultFailureHandler: 	at org.junit.runners.ParentRunner.run(ParentRunner.java:413)
12-02 19:09:08.865 29571 29615 W DefaultFailureHandler: 	at androidx.test.ext.junit.runners.AndroidJUnit4.run(AndroidJUnit4.java:162)
12-02 19:09:08.865 29571 29615 W DefaultFailureHandler: 	at io.qameta.allure.android.runners.AllureAndroidJUnit4.run(AllureAndroidJUnitRunners.kt:29)
12-02 19:09:08.865 29571 29615 W DefaultFailureHandler: 	at org.junit.runners.Suite.runChild(Suite.java:128)
12-02 19:09:08.865 29571 29615 W DefaultFailureHandler: 	at org.junit.runners.Suite.runChild(Suite.java:27)
12-02 19:09:08.865 29571 29615 W DefaultFailureHandler: 	at org.junit.runners.ParentRunner$4.run(ParentRunner.java:331)
12-02 19:09:08.865 29571 29615 W DefaultFailureHandler: 	at org.junit.runners.ParentRunner$1.schedule(ParentRunner.java:79)
12-02 19:09:08.865 29571 29615 W DefaultFailureHandler: 	at org.junit.runners.ParentRunner.runChildren(ParentRunner.java:329)
12-02 19:09:08.865 29571 29615 W DefaultFailureHandler: 	at org.junit.runners.ParentRunner.access$100(ParentRunner.java:66)
12-02 19:09:08.865 29571 29615 W DefaultFailureHandler: 	at org.junit.runners.ParentRunner$2.evaluate(ParentRunner.java:293)
12-02 19:09:08.865 29571 29615 W DefaultFailureHandler: 	at org.junit.runners.ParentRunner$3.evaluate(ParentRunner.java:306)
12-02 19:09:08.865 29571 29615 W DefaultFailureHandler: 	at org.junit.runners.ParentRunner.run(ParentRunner.java:413)
12-02 19:09:08.865 29571 29615 W DefaultFailureHandler: 	at org.junit.runner.JUnitCore.run(JUnitCore.java:137)
12-02 19:09:08.865 29571 29615 W DefaultFailureHandler: 	at org.junit.runner.JUnitCore.run(JUnitCore.java:115)
12-02 19:09:08.865 29571 29615 W DefaultFailureHandler: 	at androidx.test.internal.runner.TestExecutor.execute(TestExecutor.java:67)
12-02 19:09:08.865 29571 29615 W DefaultFailureHandler: 	at androidx.test.internal.runner.TestExecutor.execute(TestExecutor.java:58)
12-02 19:09:08.866 29571 29615 W DefaultFailureHandler: 	at androidx.test.runner.AndroidJUnitRunner.onStart(AndroidJUnitRunner.java:438)
12-02 19:09:08.866 29571 29615 W DefaultFailureHandler: 	at android.app.Instrumentation$InstrumentationThread.run(Instrumentation.java:2189)
12-02 19:09:08.866 29571 29615 W DefaultFailureHandler: Caused by: android.system.ErrnoException: open failed: EROFS (Read-only file system)
12-02 19:09:08.866 29571 29615 W DefaultFailureHandler: 	at libcore.io.Linux.open(Native Method)
12-02 19:09:08.866 29571 29615 W DefaultFailureHandler: 	at libcore.io.ForwardingOs.open(ForwardingOs.java:167)
12-02 19:09:08.866 29571 29615 W DefaultFailureHandler: 	at libcore.io.BlockGuardOs.open(BlockGuardOs.java:252)
12-02 19:09:08.866 29571 29615 W DefaultFailureHandler: 	at libcore.io.ForwardingOs.open(ForwardingOs.java:167)
12-02 19:09:08.866 29571 29615 W DefaultFailureHandler: 	at android.app.ActivityThread$AndroidOs.open(ActivityThread.java:7255)
12-02 19:09:08.866 29571 29615 W DefaultFailureHandler: 	at libcore.io.IoBridge.open(IoBridge.java:482)
12-02 19:09:08.866 29571 29615 W DefaultFailureHandler: 	... 52 more
12-02 19:09:08.917  2010  5522 W InputReader: Device has associated, but no associated display id.
12-02 19:09:08.918  2010  5522 I chatty  : uid=1000(system) Binder:2010_14 identical 8 lines
12-02 19:09:08.918  2010  5522 W InputReader: Device has associated, but no associated display id.
12-02 19:09:08.947 29571 29571 D LifecycleMonitor: Lifecycle status change: ru.iteco.fmhandroid.ui.AppActivity@36ac4a5 in: PAUSED
12-02 19:09:08.949  2010  9089 W InputReader: Device has associated, but no associated display id.
12-02 19:09:08.950  2010  9089 I chatty  : uid=1000(system) Binder:2010_1A identical 8 lines
12-02 19:09:08.950  2010  9089 W InputReader: Device has associated, but no associated display id.
12-02 19:09:08.972  1772  6832 D gralloc_ranchu: gralloc_alloc: Creating ashmem region of size 14749696
12-02 19:09:08.978 29571 29613 V FA      : Recording user engagement, ms: 20002
12-02 19:09:08.986  2010  2010 W ActivityManager: Unable to start service Intent { act=android.service.appprediction.AppPredictionService cmp=com.google.android.as/com.google.android.apps.miphone.aiai.app.AiAiPredictionService } U=0: not found
12-02 19:09:08.986  2010  2010 W RemoteAppPredictionService: could not bind to Intent { act=android.service.appprediction.AppPredictionService cmp=com.google.android.as/com.google.android.apps.miphone.aiai.app.AiAiPredictionService } using flags 67108865
12-02 19:09:08.990  1772  1772 D gralloc_ranchu: gralloc_alloc: Creating ashmem region of size 14749696
12-02 19:09:09.002  1772  6832 D gralloc_ranchu: gralloc_alloc: Creating ashmem region of size 14749696
12-02 19:09:09.004  2448  3326 D EGL_emulation: eglMakeCurrent: 0xe3a07ba0: ver 2 0 (tinfo 0xe3a93b30)
12-02 19:09:09.005  1772  1772 D gralloc_ranchu: gralloc_alloc: Creating ashmem region of size 14749696
12-02 19:09:09.008  3139  3664 D EGL_emulation: eglMakeCurrent: 0xdb91c460: ver 2 0 (tinfo 0xbe64a3f0)
12-02 19:09:09.011  1772  1772 D gralloc_ranchu: gralloc_alloc: Creating ashmem region of size 14749696
12-02 19:09:09.028  1772  6832 D gralloc_ranchu: gralloc_alloc: Creating ashmem region of size 14749696
12-02 19:09:09.076  2010  2037 W InputReader: Device has associated, but no associated display id.
12-02 19:09:09.076  2010  2037 I chatty  : uid=1000(system) android.anim identical 8 lines
12-02 19:09:09.076  2010  2037 W InputReader: Device has associated, but no associated display id.
12-02 19:09:09.079  3139  3139 W ThreadPoolDumper: Queue length for executor EventBus is now 11. Perhaps some tasks are too long, or the pool is too small.
12-02 19:09:09.088 29571 29613 V FA      : Connecting to remote service
12-02 19:09:09.091  1772  1772 D gralloc_ranchu: gralloc_alloc: Creating ashmem region of size 9441280
