12-02 19:01:46.323   543   578 D EGL_emulation: eglMakeCurrent: 0xeec7f2e0: ver 2 0 (tinfo 0xe39facd0)
12-02 19:01:46.344   543   595 I cr_BindingManager: onTrimMemory: level=20, size=1
12-02 19:01:46.377  2584 27520 E SQLiteDatabase: Error inserting flex_time=1016000 job_id=-1 period=2033000 source=16 requires_charging=0 preferred_network_type=1 target_class=com.google.android.gms.measurement.PackageMeasurementTaskService user_id=0 target_package=com.google.android.gms tag=Measurement.PackageMeasurementTaskService.UPLOAD_TASK_TAG task_type=0 required_idleness_state=0 service_kind=0 source_version=202414000 persistence_level=1 preferred_charging_state=1 required_network_type=0 runtime=1669996906361 retry_strategy={"maximum_backoff_seconds":{"3600":0},"initial_backoff_seconds":{"30":0},"retry_policy":{"0":0}} last_runtime=0
12-02 19:01:46.377  2584 27520 E SQLiteDatabase: android.database.sqlite.SQLiteConstraintException: UNIQUE constraint failed: pending_ops.tag, pending_ops.target_class, pending_ops.target_package, pending_ops.user_id (code 2067 SQLITE_CONSTRAINT_UNIQUE)
12-02 19:01:46.377  2584 27520 E SQLiteDatabase: 	at android.database.sqlite.SQLiteConnection.nativeExecuteForLastInsertedRowId(Native Method)
12-02 19:01:46.377  2584 27520 E SQLiteDatabase: 	at android.database.sqlite.SQLiteConnection.executeForLastInsertedRowId(SQLiteConnection.java:879)
12-02 19:01:46.377  2584 27520 E SQLiteDatabase: 	at android.database.sqlite.SQLiteSession.executeForLastInsertedRowId(SQLiteSession.java:790)
12-02 19:01:46.377  2584 27520 E SQLiteDatabase: 	at android.database.sqlite.SQLiteStatement.executeInsert(SQLiteStatement.java:88)
12-02 19:01:46.377  2584 27520 E SQLiteDatabase: 	at android.database.sqlite.SQLiteDatabase.insertWithOnConflict(SQLiteDatabase.java:1599)
12-02 19:01:46.377  2584 27520 E SQLiteDatabase: 	at android.database.sqlite.SQLiteDatabase.insert(SQLiteDatabase.java:1468)
12-02 19:01:46.377  2584 27520 E SQLiteDatabase: 	at aqui.a(:com.google.android.gms@202414022@20.24.14 (040700-319035315):175)
12-02 19:01:46.377  2584 27520 E SQLiteDatabase: 	at aqtk.a(:com.google.android.gms@202414022@20.24.14 (040700-319035315):182)
12-02 19:01:46.377  2584 27520 E SQLiteDatabase: 	at aqtk.a(:com.google.android.gms@202414022@20.24.14 (040700-319035315):23)
12-02 19:01:46.377  2584 27520 E SQLiteDatabase: 	at aqtk.a(:com.google.android.gms@202414022@20.24.14 (040700-319035315):177)
12-02 19:01:46.377  2584 27520 E SQLiteDatabase: 	at aqpu.run(:com.google.android.gms@202414022@20.24.14 (040700-319035315):9)
12-02 19:01:46.377  2584 27520 E SQLiteDatabase: 	at soy.b(:com.google.android.gms@202414022@20.24.14 (040700-319035315):12)
12-02 19:01:46.377  2584 27520 E SQLiteDatabase: 	at soy.run(:com.google.android.gms@202414022@20.24.14 (040700-319035315):7)
12-02 19:01:46.377  2584 27520 E SQLiteDatabase: 	at java.util.concurrent.ThreadPoolExecutor.runWorker(ThreadPoolExecutor.java:1167)
12-02 19:01:46.377  2584 27520 E SQLiteDatabase: 	at java.util.concurrent.ThreadPoolExecutor$Worker.run(ThreadPoolExecutor.java:641)
12-02 19:01:46.377  2584 27520 E SQLiteDatabase: 	at sux.run(:com.google.android.gms@202414022@20.24.14 (040700-319035315):0)
12-02 19:01:46.377  2584 27520 E SQLiteDatabase: 	at java.lang.Thread.run(Thread.java:919)
12-02 19:01:46.428  2010  2025 I system_server: NativeAlloc concurrent copying GC freed 5676(526KB) AllocSpace objects, 0(0B) LOS objects, 22% free, 20MB/26MB, paused 1.179ms total 174.064ms
12-02 19:01:48.918 28895 28969 I okhttp.OkHttpClient: --> GET http://www.981757-ca08998.tmweb.ru:8080/fmh/authentication/userInfo
12-02 19:01:48.918 28895 28969 I okhttp.OkHttpClient: --> END GET
12-02 19:01:49.635 28895 28969 I okhttp.OkHttpClient: <-- 200 http://www.981757-ca08998.tmweb.ru:8080/fmh/authentication/userInfo (716ms)
12-02 19:01:49.635 28895 28969 I okhttp.OkHttpClient: Vary: Origin
12-02 19:01:49.635 28895 28969 I okhttp.OkHttpClient: Vary: Access-Control-Request-Method
12-02 19:01:49.636 28895 28969 I okhttp.OkHttpClient: Vary: Access-Control-Request-Headers
12-02 19:01:49.636 28895 28969 I okhttp.OkHttpClient: X-Content-Type-Options: nosniff
12-02 19:01:49.636 28895 28969 I okhttp.OkHttpClient: X-XSS-Protection: 1; mode=block
12-02 19:01:49.636 28895 28969 I okhttp.OkHttpClient: Cache-Control: no-cache, no-store, max-age=0, must-revalidate
12-02 19:01:49.636 28895 28969 I okhttp.OkHttpClient: Pragma: no-cache
12-02 19:01:49.636 28895 28969 I okhttp.OkHttpClient: Expires: 0
12-02 19:01:49.636 28895 28969 I okhttp.OkHttpClient: X-Frame-Options: DENY
12-02 19:01:49.636 28895 28969 I okhttp.OkHttpClient: Content-Type: application/json
12-02 19:01:49.636 28895 28969 I okhttp.OkHttpClient: Transfer-Encoding: chunked
12-02 19:01:49.636 28895 28969 I okhttp.OkHttpClient: Date: Fri, 02 Dec 2022 16:01:50 GMT
12-02 19:01:49.636 28895 28969 I okhttp.OkHttpClient: Keep-Alive: timeout=60
12-02 19:01:49.636 28895 28969 I okhttp.OkHttpClient: Connection: keep-alive
12-02 19:01:49.637 28895 28969 I okhttp.OkHttpClient: {"id":2,"firstName":"","lastName":"","middleName":"","admin":true}
12-02 19:01:49.637 28895 28969 I okhttp.OkHttpClient: <-- END HTTP (106-byte body)
12-02 19:01:49.648 28895 29207 I okhttp.OkHttpClient: --> GET http://www.981757-ca08998.tmweb.ru:8080/fmh/claims
12-02 19:01:49.648 28895 29207 I okhttp.OkHttpClient: --> END GET
12-02 19:01:49.661  1743 29258 E ResolverController: No valid NAT64 prefix (127, <unspecified>/0)
12-02 19:01:50.581 28895 28955 I OpenGLRenderer: Davey! duration=923ms; Flags=1, IntendedVsync=89346061548688, Vsync=89346544882002, OldestInputEvent=9223372036854775807, NewestInputEvent=0, HandleInputStart=89346550161480, AnimationStart=89346550247180, PerformTraversalsStart=89346550659280, DrawStart=89346609513380, SyncQueued=89346611858880, SyncStart=89346614828880, IssueDrawCommandsStart=89346615054680, SwapBuffers=89346980547780, FrameCompleted=89346988057580, DequeueBufferDuration=528000, QueueBufferDuration=1097000, 
12-02 19:01:51.228 28895 28934 V FA      : Inactivity, disconnecting from the service
12-02 19:01:53.015 28895 29207 I okhttp.OkHttpClient: <-- 200 http://www.981757-ca08998.tmweb.ru:8080/fmh/claims (3366ms)
12-02 19:01:53.015 28895 29207 I okhttp.OkHttpClient: Vary: Origin
12-02 19:01:53.015 28895 29207 I okhttp.OkHttpClient: Vary: Access-Control-Request-Method
12-02 19:01:53.015 28895 29207 I okhttp.OkHttpClient: Vary: Access-Control-Request-Headers
12-02 19:01:53.015 28895 29207 I okhttp.OkHttpClient: X-Content-Type-Options: nosniff
12-02 19:01:53.015 28895 29207 I okhttp.OkHttpClient: X-XSS-Protection: 1; mode=block
12-02 19:01:53.016 28895 29207 I okhttp.OkHttpClient: Cache-Control: no-cache, no-store, max-age=0, must-revalidate
12-02 19:01:53.016 28895 29207 I okhttp.OkHttpClient: Pragma: no-cache
12-02 19:01:53.016 28895 29207 I okhttp.OkHttpClient: Expires: 0
12-02 19:01:53.016 28895 29207 I okhttp.OkHttpClient: X-Frame-Options: DENY
12-02 19:01:53.016 28895 29207 I okhttp.OkHttpClient: Content-Type: application/json
12-02 19:01:53.016 28895 29207 I okhttp.OkHttpClient: Transfer-Encoding: chunked
12-02 19:01:53.016 28895 29207 I okhttp.OkHttpClient: Date: Fri, 02 Dec 2022 16:01:54 GMT
12-02 19:01:53.016 28895 29207 I okhttp.OkHttpClient: Keep-Alive: timeout=60
12-02 19:01:53.016 28895 29207 I okhttp.OkHttpClient: Connection: keep-alive
12-02 19:01:56.165 28895 28895 D takeScreenshot: Found 1 global views to redraw
12-02 19:01:56.211  1772  1873 D gralloc_ranchu: gralloc_alloc: Creating ashmem region of size 14749696
12-02 19:01:56.302 28895 28939 W DefaultFailureHandler: Failed to take screenshot
12-02 19:01:56.302 28895 28939 W DefaultFailureHandler: java.io.FileNotFoundException: view-op-error-18.png: open failed: EROFS (Read-only file system)
12-02 19:01:56.302 28895 28939 W DefaultFailureHandler: 	at libcore.io.IoBridge.open(IoBridge.java:496)
12-02 19:01:56.302 28895 28939 W DefaultFailureHandler: 	at java.io.FileOutputStream.<init>(FileOutputStream.java:235)
12-02 19:01:56.302 28895 28939 W DefaultFailureHandler: 	at java.io.FileOutputStream.<init>(FileOutputStream.java:125)
12-02 19:01:56.302 28895 28939 W DefaultFailureHandler: 	at androidx.test.platform.io.FileTestStorage.openOutputFile(FileTestStorage.java:60)
12-02 19:01:56.302 28895 28939 W DefaultFailureHandler: 	at androidx.test.core.graphics.BitmapStorage.writeToTestStorage(BitmapStorageExt.kt:49)
12-02 19:01:56.302 28895 28939 W DefaultFailureHandler: 	at androidx.test.espresso.base.DefaultFailureHandler.takeScreenshot(DefaultFailureHandler.java:4)
12-02 19:01:56.302 28895 28939 W DefaultFailureHandler: 	at androidx.test.espresso.base.DefaultFailureHandler.handle(DefaultFailureHandler.java:3)
12-02 19:01:56.302 28895 28939 W DefaultFailureHandler: 	at androidx.test.espresso.ViewInteraction.waitForAndHandleInteractionResults(ViewInteraction.java:8)
12-02 19:01:56.302 28895 28939 W DefaultFailureHandler: 	at androidx.test.espresso.ViewInteraction.desugaredPerform(ViewInteraction.java:11)
12-02 19:01:56.302 28895 28939 W DefaultFailureHandler: 	at androidx.test.espresso.ViewInteraction.perform(ViewInteraction.java:8)
12-02 19:01:56.302 28895 28939 W DefaultFailureHandler: 	at ru.iteco.fmhandroid.ui.data.TestUtils.waitView(TestUtils.java:61)
12-02 19:01:56.302 28895 28939 W DefaultFailureHandler: 	at ru.iteco.fmhandroid.ui.steps.AuthSteps.isAuthScreen(AuthSteps.java:56)
12-02 19:01:56.302 28895 28939 W DefaultFailureHandler: 	at ru.iteco.fmhandroid.ui.ClaimsCreationFormTest.logoutCheck(ClaimsCreationFormTest.java:56)
12-02 19:01:56.302 28895 28939 W DefaultFailureHandler: 	at java.lang.reflect.Method.invoke(Native Method)
12-02 19:01:56.302 28895 28939 W DefaultFailureHandler: 	at org.junit.runners.model.FrameworkMethod$1.runReflectiveCall(FrameworkMethod.java:59)
12-02 19:01:56.302 28895 28939 W DefaultFailureHandler: 	at org.junit.internal.runners.model.ReflectiveCallable.run(ReflectiveCallable.java:12)
12-02 19:01:56.302 28895 28939 W DefaultFailureHandler: 	at org.junit.runners.model.FrameworkMethod.invokeExplosively(FrameworkMethod.java:56)
12-02 19:01:56.302 28895 28939 W DefaultFailureHandler: 	at androidx.test.internal.runner.junit4.statement.RunBefores.evaluate(RunBefores.java:76)
12-02 19:01:56.302 28895 28939 W DefaultFailureHandler: 	at androidx.test.internal.runner.junit4.statement.RunAfters.evaluate(RunAfters.java:61)
12-02 19:01:56.302 28895 28939 W DefaultFailureHandler: 	at androidx.test.rule.ActivityTestRule$ActivityStatement.evaluate(ActivityTestRule.java:543)
12-02 19:01:56.302 28895 28939 W DefaultFailureHandler: 	at io.qameta.allure.android.rules.LogcatRule$apply$1.evaluate(LogcatRule.kt:23)
12-02 19:01:56.302 28895 28939 W DefaultFailureHandler: 	at io.qameta.allure.android.rules.ScreenshotRule$apply$1.evaluate(ScreenshotRule.kt:22)
12-02 19:01:56.302 28895 28939 W DefaultFailureHandler: 	at io.qameta.allure.android.rules.ScreenshotRule$apply$1.evaluate(ScreenshotRule.kt:22)
12-02 19:01:56.302 28895 28939 W DefaultFailureHandler: 	at org.junit.rules.RunRules.evaluate(RunRules.java:20)
12-02 19:01:56.302 28895 28939 W DefaultFailureHandler: 	at org.junit.runners.ParentRunner$3.evaluate(ParentRunner.java:306)
12-02 19:01:56.302 28895 28939 W DefaultFailureHandler: 	at org.junit.runners.BlockJUnit4ClassRunner$1.evaluate(BlockJUnit4ClassRunner.java:100)
12-02 19:01:56.302 28895 28939 W DefaultFailureHandler: 	at org.junit.runners.ParentRunner.runLeaf(ParentRunner.java:366)
12-02 19:01:56.302 28895 28939 W DefaultFailureHandler: 	at org.junit.runners.BlockJUnit4ClassRunner.runChild(BlockJUnit4ClassRunner.java:103)
12-02 19:01:56.302 28895 28939 W DefaultFailureHandler: 	at org.junit.runners.BlockJUnit4ClassRunner.runChild(BlockJUnit4ClassRunner.java:63)
12-02 19:01:56.302 28895 28939 W DefaultFailureHandler: 	at org.junit.runners.ParentRunner$4.run(ParentRunner.java:331)
12-02 19:01:56.302 28895 28939 W DefaultFailureHandler: 	at org.junit.runners.ParentRunner$1.schedule(ParentRunner.java:79)
12-02 19:01:56.302 28895 28939 W DefaultFailureHandler: 	at org.junit.runners.ParentRunner.runChildren(ParentRunner.java:329)
12-02 19:01:56.302 28895 28939 W DefaultFailureHandler: 	at org.junit.runners.ParentRunner.access$100(ParentRunner.java:66)
12-02 19:01:56.302 28895 28939 W DefaultFailureHandler: 	at org.junit.runners.ParentRunner$2.evaluate(ParentRunner.java:293)
12-02 19:01:56.302 28895 28939 W DefaultFailureHandler: 	at org.junit.runners.ParentRunner$3.evaluate(ParentRunner.java:306)
12-02 19:01:56.302 28895 28939 W DefaultFailureHandler: 	at org.junit.runners.ParentRunner.run(ParentRunner.java:413)
12-02 19:01:56.302 28895 28939 W DefaultFailureHandler: 	at androidx.test.ext.junit.runners.AndroidJUnit4.run(AndroidJUnit4.java:162)
12-02 19:01:56.302 28895 28939 W DefaultFailureHandler: 	at io.qameta.allure.android.runners.AllureAndroidJUnit4.run(AllureAndroidJUnitRunners.kt:29)
12-02 19:01:56.302 28895 28939 W DefaultFailureHandler: 	at org.junit.runners.Suite.runChild(Suite.java:128)
12-02 19:01:56.302 28895 28939 W DefaultFailureHandler: 	at org.junit.runners.Suite.runChild(Suite.java:27)
12-02 19:01:56.302 28895 28939 W DefaultFailureHandler: 	at org.junit.runners.ParentRunner$4.run(ParentRunner.java:331)
12-02 19:01:56.302 28895 28939 W DefaultFailureHandler: 	at org.junit.runners.ParentRunner$1.schedule(ParentRunner.java:79)
12-02 19:01:56.302 28895 28939 W DefaultFailureHandler: 	at org.junit.runners.ParentRunner.runChildren(ParentRunner.java:329)
12-02 19:01:56.302 28895 28939 W DefaultFailureHandler: 	at org.junit.runners.ParentRunner.access$100(ParentRunner.java:66)
12-02 19:01:56.302 28895 28939 W DefaultFailureHandler: 	at org.junit.runners.ParentRunner$2.evaluate(ParentRunner.java:293)
12-02 19:01:56.302 28895 28939 W DefaultFailureHandler: 	at org.junit.runners.ParentRunner$3.evaluate(ParentRunner.java:306)
12-02 19:01:56.302 28895 28939 W DefaultFailureHandler: 	at org.junit.runners.ParentRunner.run(ParentRunner.java:413)
12-02 19:01:56.302 28895 28939 W DefaultFailureHandler: 	at org.junit.runner.JUnitCore.run(JUnitCore.java:137)
12-02 19:01:56.302 28895 28939 W DefaultFailureHandler: 	at org.junit.runner.JUnitCore.run(JUnitCore.java:115)
12-02 19:01:56.302 28895 28939 W DefaultFailureHandler: 	at androidx.test.internal.runner.TestExecutor.execute(TestExecutor.java:67)
12-02 19:01:56.302 28895 28939 W DefaultFailureHandler: 	at androidx.test.internal.runner.TestExecutor.execute(TestExecutor.java:58)
12-02 19:01:56.303 28895 28939 W DefaultFailureHandler: 	at androidx.test.runner.AndroidJUnitRunner.onStart(AndroidJUnitRunner.java:438)
12-02 19:01:56.303 28895 28939 W DefaultFailureHandler: 	at android.app.Instrumentation$InstrumentationThread.run(Instrumentation.java:2189)
12-02 19:01:56.303 28895 28939 W DefaultFailureHandler: Caused by: android.system.ErrnoException: open failed: EROFS (Read-only file system)
12-02 19:01:56.303 28895 28939 W DefaultFailureHandler: 	at libcore.io.Linux.open(Native Method)
12-02 19:01:56.303 28895 28939 W DefaultFailureHandler: 	at libcore.io.ForwardingOs.open(ForwardingOs.java:167)
12-02 19:01:56.303 28895 28939 W DefaultFailureHandler: 	at libcore.io.BlockGuardOs.open(BlockGuardOs.java:252)
12-02 19:01:56.303 28895 28939 W DefaultFailureHandler: 	at libcore.io.ForwardingOs.open(ForwardingOs.java:167)
12-02 19:01:56.303 28895 28939 W DefaultFailureHandler: 	at android.app.ActivityThread$AndroidOs.open(ActivityThread.java:7255)
12-02 19:01:56.303 28895 28939 W DefaultFailureHandler: 	at libcore.io.IoBridge.open(IoBridge.java:482)
12-02 19:01:56.303 28895 28939 W DefaultFailureHandler: 	... 52 more
12-02 19:01:56.325 28895 28895 I ViewInteraction: Performing 'wait for a specific view with <view.getId() is <2131230870/ru.iteco.fmhandroid:id/authorization_image_button>> during 10000 millis.' action on view view.getRootView() to equal view
12-02 19:01:56.329 28895 28895 I ViewInteraction: Checking 'MatchesViewAssertion{viewMatcher=(view has effective visibility <VISIBLE> and view.getGlobalVisibleRect() to return non-empty rectangle)}' assertion on view view.getId() is <2131230870/ru.iteco.fmhandroid:id/authorization_image_button>
12-02 19:01:56.331 28895 28895 I ViewInteraction: Performing 'single click' action on view view.getId() is <2131230870/ru.iteco.fmhandroid:id/authorization_image_button>
12-02 19:01:56.368   543   595 I cr_BindingManager: Release moderate connections: 1
12-02 19:01:56.390  1750  3111 W audio_hw_generic: Not supplying enough data to HAL, expected position 393905898 , only wrote 393905764
12-02 19:01:56.437  1772  1873 D gralloc_ranchu: gralloc_alloc: Creating ashmem region of size 1429504
12-02 19:01:56.449  1772  1873 D gralloc_ranchu: gralloc_alloc: Creating ashmem region of size 1429504
12-02 19:01:56.453 28895 28955 D EGL_emulation: eglMakeCurrent: 0xe3a07540: ver 2 0 (tinfo 0xe3a93cb0)
12-02 19:01:56.476  1772  1873 D gralloc_ranchu: gralloc_alloc: Creating ashmem region of size 1429504
12-02 19:01:56.483 28895 28955 D EGL_emulation: eglMakeCurrent: 0xe3a07540: ver 2 0 (tinfo 0xe3a93cb0)
12-02 19:01:56.541 28895 28955 I chatty  : uid=10159(ru.iteco.fmhandroid) RenderThread identical 2 lines
12-02 19:01:56.566 28895 28955 D EGL_emulation: eglMakeCurrent: 0xe3a07540: ver 2 0 (tinfo 0xe3a93cb0)
12-02 19:01:56.787 28895 28895 I ViewInteraction: Performing 'wait for a specific view with <an instance of android.widget.TextView and view.getText() with or without transformation to match: is "Log out"> during 10000 millis.' action on view view.getRootView() to equal view
12-02 19:01:56.792 28895 28895 I ViewInteraction: Checking 'MatchesViewAssertion{viewMatcher=(view has effective visibility <VISIBLE> and view.getGlobalVisibleRect() to return non-empty rectangle)}' assertion on view an instance of android.widget.TextView and view.getText() with or without transformation to match: is "Log out"
12-02 19:01:56.795 28895 28895 I ViewInteraction: Performing 'single click' action on view an instance of android.widget.TextView and view.getText() with or without transformation to match: is "Log out"
12-02 19:01:57.032 28895 28955 D EGL_emulation: eglMakeCurrent: 0xe3a07540: ver 2 0 (tinfo 0xe3a93cb0)
12-02 19:01:57.073 28895 28955 D EGL_emulation: eglMakeCurrent: 0xe3a07540: ver 2 0 (tinfo 0xe3a93cb0)
12-02 19:01:57.170 28895 28895 I ViewInteraction: Performing 'wait for a specific view with <(an instance of android.widget.TextView and view.getText() with or without transformation to match: is "Authorization" and view.getParent() view.getParent() view.getId() is <2131231186>)> during 10000 millis.' action on view view.getRootView() to equal view
12-02 19:01:57.176 28895 28895 I ViewInteraction: Checking 'MatchesViewAssertion{viewMatcher=(view has effective visibility <VISIBLE> and view.getGlobalVisibleRect() to return non-empty rectangle)}' assertion on view (an instance of android.widget.TextView and view.getText() with or without transformation to match: is "Authorization" and view.getParent() view.getParent() view.getId() is <2131231186/ru.iteco.fmhandroid:id/nav_host_fragment>)
12-02 19:01:57.180 28895 28895 I ViewInteraction: Performing 'wait for a specific view with <(an instance of android.widget.TextView and view.getHint() matching: is "Login" and view.getParent() view.getParent() view.getId() is <2131231121/ru.iteco.fmhandroid:id/login_text_input_layout>)> during 10000 millis.' action on view view.getRootView() to equal view
12-02 19:01:57.185 28895 28895 I ViewInteraction: Checking 'MatchesViewAssertion{viewMatcher=(view has effective visibility <VISIBLE> and view.getGlobalVisibleRect() to return non-empty rectangle)}' assertion on view (an instance of android.widget.TextView and view.getHint() matching: is "Login" and view.getParent() view.getParent() view.getId() is <2131231121/ru.iteco.fmhandroid:id/login_text_input_layout>)
12-02 19:01:57.189 28895 28895 I ViewInteraction: Performing 'wait for a specific view with <(an instance of android.widget.TextView and view.getHint() matching: is "Password" and view.getParent() view.getParent() view.getId() is <2131231264/ru.iteco.fmhandroid:id/password_text_input_layout>)> during 10000 millis.' action on view view.getRootView() to equal view
12-02 19:01:57.195 28895 28895 I ViewInteraction: Checking 'MatchesViewAssertion{viewMatcher=(view has effective visibility <VISIBLE> and view.getGlobalVisibleRect() to return non-empty rectangle)}' assertion on view (an instance of android.widget.TextView and view.getHint() matching: is "Password" and view.getParent() view.getParent() view.getId() is <2131231264/ru.iteco.fmhandroid:id/password_text_input_layout>)
12-02 19:01:57.199 28895 28895 I ViewInteraction: Performing 'wait for a specific view with <(view.getId() is <2131231039/ru.iteco.fmhandroid:id/enter_button> and an instance of android.widget.TextView and view.getText() with or without transformation to match: is "SIGN IN" and view.getContentDescription() is "Save" and view.getParent() view.getParent() an instance of android.widget.RelativeLayout)> during 10000 millis.' action on view view.getRootView() to equal view
12-02 19:01:57.208 28895 28895 I ViewInteraction: Checking 'MatchesViewAssertion{viewMatcher=(view has effective visibility <VISIBLE> and view.getGlobalVisibleRect() to return non-empty rectangle)}' assertion on view (view.getId() is <2131231039/ru.iteco.fmhandroid:id/enter_button> and an instance of android.widget.TextView and view.getText() with or without transformation to match: is "SIGN IN" and view.getContentDescription() is "Save" and view.getParent() view.getParent() an instance of android.widget.RelativeLayout)
12-02 19:01:57.214 28895 28895 I ViewInteraction: Performing 'wait for a specific view with <(an instance of android.widget.TextView and view.getText() with or without transformation to match: is "Authorization" and view.getParent() view.getParent() view.getId() is <2131231186>)> during 10000 millis.' action on view view.getRootView() to equal view
12-02 19:01:57.219 28895 28895 I ViewInteraction: Checking 'MatchesViewAssertion{viewMatcher=(view has effective visibility <VISIBLE> and view.getGlobalVisibleRect() to return non-empty rectangle)}' assertion on view (an instance of android.widget.TextView and view.getText() with or without transformation to match: is "Authorization" and view.getParent() view.getParent() view.getId() is <2131231186/ru.iteco.fmhandroid:id/nav_host_fragment>)
12-02 19:01:57.225 28895 28895 I ViewInteraction: Performing 'wait for a specific view with <(an instance of android.widget.TextView and view.getHint() matching: is "Login" and view.getParent() view.getParent() view.getId() is <2131231121/ru.iteco.fmhandroid:id/login_text_input_layout>)> during 10000 millis.' action on view view.getRootView() to equal view
12-02 19:01:57.231 28895 28895 I ViewInteraction: Checking 'MatchesViewAssertion{viewMatcher=(view has effective visibility <VISIBLE> and view.getGlobalVisibleRect() to return non-empty rectangle)}' assertion on view (an instance of android.widget.TextView and view.getHint() matching: is "Login" and view.getParent() view.getParent() view.getId() is <2131231121/ru.iteco.fmhandroid:id/login_text_input_layout>)
12-02 19:01:57.237 28895 28895 I ViewInteraction: Performing 'wait for a specific view with <(an instance of android.widget.TextView and view.getHint() matching: is "Password" and view.getParent() view.getParent() view.getId() is <2131231264/ru.iteco.fmhandroid:id/password_text_input_layout>)> during 10000 millis.' action on view view.getRootView() to equal view
12-02 19:01:57.242 28895 28895 I ViewInteraction: Checking 'MatchesViewAssertion{viewMatcher=(view has effective visibility <VISIBLE> and view.getGlobalVisibleRect() to return non-empty rectangle)}' assertion on view (an instance of android.widget.TextView and view.getHint() matching: is "Password" and view.getParent() view.getParent() view.getId() is <2131231264/ru.iteco.fmhandroid:id/password_text_input_layout>)
12-02 19:01:57.246 28895 28895 I ViewInteraction: Performing 'wait for a specific view with <(view.getId() is <2131231039/ru.iteco.fmhandroid:id/enter_button> and an instance of android.widget.TextView and view.getText() with or without transformation to match: is "SIGN IN" and view.getContentDescription() is "Save" and view.getParent() view.getParent() an instance of android.widget.RelativeLayout)> during 10000 millis.' action on view view.getRootView() to equal view
12-02 19:01:57.249 28895 28895 I ViewInteraction: Checking 'MatchesViewAssertion{viewMatcher=(view has effective visibility <VISIBLE> and view.getGlobalVisibleRect() to return non-empty rectangle)}' assertion on view (view.getId() is <2131231039/ru.iteco.fmhandroid:id/enter_button> and an instance of android.widget.TextView and view.getText() with or without transformation to match: is "SIGN IN" and view.getContentDescription() is "Save" and view.getParent() view.getParent() an instance of android.widget.RelativeLayout)
12-02 19:01:57.253 28895 28895 I ViewInteraction: Performing 'wait for a specific view with <(an instance of android.widget.TextView and view.getHint() matching: is "Login" and view.getParent() view.getParent() view.getId() is <2131231121/ru.iteco.fmhandroid:id/login_text_input_layout>)> during 10000 millis.' action on view view.getRootView() to equal view
12-02 19:01:57.259 28895 28895 I ViewInteraction: Performing 'replace text(login2)' action on view (an instance of android.widget.TextView and view.getHint() matching: is "Login" and view.getParent() view.getParent() view.getId() is <2131231121/ru.iteco.fmhandroid:id/login_text_input_layout>)
12-02 19:01:57.283 28895 28895 I ViewInteraction: Performing 'wait for a specific view with <(an instance of android.widget.TextView and view.getHint() matching: is "Password" and view.getParent() view.getParent() view.getId() is <2131231264/ru.iteco.fmhandroid:id/password_text_input_layout>)> during 10000 millis.' action on view view.getRootView() to equal view
12-02 19:01:57.289 28895 28895 I ViewInteraction: Performing 'replace text(password2)' action on view (an instance of android.widget.TextView and view.getHint() matching: is "Password" and view.getParent() view.getParent() view.getId() is <2131231264/ru.iteco.fmhandroid:id/password_text_input_layout>)
12-02 19:01:57.304 28895 28895 I ViewInteraction: Performing 'wait for a specific view with <(view.getId() is <2131231039/ru.iteco.fmhandroid:id/enter_button> and an instance of android.widget.TextView and view.getText() with or without transformation to match: is "SIGN IN" and view.getContentDescription() is "Save" and view.getParent() view.getParent() an instance of android.widget.RelativeLayout)> during 10000 millis.' action on view view.getRootView() to equal view
12-02 19:01:57.326 28895 28895 I ViewInteraction: Checking 'MatchesViewAssertion{viewMatcher=view.isClickable() is <true>}' assertion on view (view.getId() is <2131231039/ru.iteco.fmhandroid:id/enter_button> and an instance of android.widget.TextView and view.getText() with or without transformation to match: is "SIGN IN" and view.getContentDescription() is "Save" and view.getParent() view.getParent() an instance of android.widget.RelativeLayout)
12-02 19:01:57.330 28895 28895 I ViewInteraction: Performing 'wait for a specific view with <(view.getId() is <2131231039/ru.iteco.fmhandroid:id/enter_button> and an instance of android.widget.TextView and view.getText() with or without transformation to match: is "SIGN IN" and view.getContentDescription() is "Save" and view.getParent() view.getParent() an instance of android.widget.RelativeLayout)> during 10000 millis.' action on view view.getRootView() to equal view
12-02 19:01:57.338 28895 28895 I ViewInteraction: Checking 'MatchesViewAssertion{viewMatcher=view.isClickable() is <true>}' assertion on view (view.getId() is <2131231039/ru.iteco.fmhandroid:id/enter_button> and an instance of android.widget.TextView and view.getText() with or without transformation to match: is "SIGN IN" and view.getContentDescription() is "Save" and view.getParent() view.getParent() an instance of android.widget.RelativeLayout)
12-02 19:01:57.342 28895 28895 I ViewInteraction: Performing 'wait for a specific view with <(view.getId() is <2131231039/ru.iteco.fmhandroid:id/enter_button> and an instance of android.widget.TextView and view.getText() with or without transformation to match: is "SIGN IN" and view.getContentDescription() is "Save" and view.getParent() view.getParent() an instance of android.widget.RelativeLayout)> during 10000 millis.' action on view view.getRootView() to equal view
12-02 19:01:57.348 28895 28895 I ViewInteraction: Performing 'single click' action on view (view.getId() is <2131231039/ru.iteco.fmhandroid:id/enter_button> and an instance of android.widget.TextView and view.getText() with or without transformation to match: is "SIGN IN" and view.getContentDescription() is "Save" and view.getParent() view.getParent() an instance of android.widget.RelativeLayout)
12-02 19:01:57.400 28895 28988 I okhttp.OkHttpClient: --> POST http://www.981757-ca08998.tmweb.ru:8080/fmh/authentication/login
12-02 19:01:57.400 28895 28988 I okhttp.OkHttpClient: Content-Type: application/json; charset=UTF-8
12-02 19:01:57.400 28895 28988 I okhttp.OkHttpClient: Content-Length: 41
12-02 19:01:57.401 28895 28988 I okhttp.OkHttpClient: {"login":"login2","password":"password2"}
12-02 19:01:57.401 28895 28988 I okhttp.OkHttpClient: --> END POST (41-byte body)
12-02 19:01:57.631 28895 28988 I okhttp.OkHttpClient: <-- 200 http://www.981757-ca08998.tmweb.ru:8080/fmh/authentication/login (229ms)
12-02 19:01:57.631 28895 28988 I okhttp.OkHttpClient: Vary: Origin
12-02 19:01:57.631 28895 28988 I okhttp.OkHttpClient: Vary: Access-Control-Request-Method
12-02 19:01:57.631 28895 28988 I okhttp.OkHttpClient: Vary: Access-Control-Request-Headers
12-02 19:01:57.631 28895 28988 I okhttp.OkHttpClient: X-Content-Type-Options: nosniff
12-02 19:01:57.632 28895 28988 I okhttp.OkHttpClient: X-XSS-Protection: 1; mode=block
12-02 19:01:57.632 28895 28988 I okhttp.OkHttpClient: Cache-Control: no-cache, no-store, max-age=0, must-revalidate
12-02 19:01:57.632 28895 28988 I okhttp.OkHttpClient: Pragma: no-cache
12-02 19:01:57.632 28895 28988 I okhttp.OkHttpClient: Expires: 0
12-02 19:01:57.632 28895 28988 I okhttp.OkHttpClient: X-Frame-Options: DENY
12-02 19:01:57.632 28895 28988 I okhttp.OkHttpClient: Content-Type: application/json
12-02 19:01:57.632 28895 28988 I okhttp.OkHttpClient: Transfer-Encoding: chunked
12-02 19:01:57.632 28895 28988 I okhttp.OkHttpClient: Date: Fri, 02 Dec 2022 16:01:59 GMT
12-02 19:01:57.633 28895 28988 I okhttp.OkHttpClient: Keep-Alive: timeout=60
12-02 19:01:57.633 28895 28988 I okhttp.OkHttpClient: Connection: keep-alive
12-02 19:01:57.635 28895 28988 I okhttp.OkHttpClient: {"accessToken":"eyJhbGciOiJIUzUxMiJ9.eyJzdWIiOiJsb2dpbjIiLCJqdGkiOiIyIiwiZXhwIjoxNjcwMDgzMzE5fQ.dIoZcsGar-NCdAnkoLvL58iXY2K5w1zhaI5XBT1tiGJn6HXcrqWJ9frBPHLV7ABnpJGb_tphLTMUKtYRc7879g","refreshToken":"eyJhbGciOiJIUzUxMiJ9.eyJzdWIiOiJsb2dpbjIiLCJqdGkiOiIyIiwiZXhwIjoxNjcyNTg4OTE5fQ.Oye3-tt_ReN28NMRijBFJqD4LcVjaJ1ig8Lnl9EJcU3d77WG_aal6q3dO5gNriKkgu-RVsxW1k85i060Wz_t9A"}
12-02 19:01:57.635 28895 28988 I okhttp.OkHttpClient: <-- END HTTP (368-byte body)
12-02 19:01:57.636 28895 28895 I ViewInteraction: Performing 'wait for a specific view with <an instance of android.widget.TextView and view.getText() with or without transformation to match: is "News"> during 10000 millis.' action on view view.getRootView() to equal view
12-02 19:01:57.641 28895 28969 I okhttp.OkHttpClient: --> GET http://www.981757-ca08998.tmweb.ru:8080/fmh/authentication/userInfo
12-02 19:01:57.641 28895 28969 I okhttp.OkHttpClient: --> END GET
12-02 19:01:57.829 28895 28969 I okhttp.OkHttpClient: <-- 200 http://www.981757-ca08998.tmweb.ru:8080/fmh/authentication/userInfo (187ms)
12-02 19:01:57.829 28895 28969 I okhttp.OkHttpClient: Vary: Origin
12-02 19:01:57.829 28895 28969 I okhttp.OkHttpClient: Vary: Access-Control-Request-Method
12-02 19:01:57.829 28895 28969 I okhttp.OkHttpClient: Vary: Access-Control-Request-Headers
12-02 19:01:57.829 28895 28969 I okhttp.OkHttpClient: X-Content-Type-Options: nosniff
12-02 19:01:57.829 28895 28969 I okhttp.OkHttpClient: X-XSS-Protection: 1; mode=block
12-02 19:01:57.830 28895 28969 I okhttp.OkHttpClient: Cache-Control: no-cache, no-store, max-age=0, must-revalidate
12-02 19:01:57.830 28895 28969 I okhttp.OkHttpClient: Pragma: no-cache
12-02 19:01:57.830 28895 28969 I okhttp.OkHttpClient: Expires: 0
12-02 19:01:57.830 28895 28969 I okhttp.OkHttpClient: X-Frame-Options: DENY
12-02 19:01:57.831 28895 28969 I okhttp.OkHttpClient: Content-Type: application/json
12-02 19:01:57.831 28895 28969 I okhttp.OkHttpClient: Transfer-Encoding: chunked
12-02 19:01:57.832 28895 28969 I okhttp.OkHttpClient: Date: Fri, 02 Dec 2022 16:01:59 GMT
12-02 19:01:57.832 28895 28969 I okhttp.OkHttpClient: Keep-Alive: timeout=60
12-02 19:01:57.833 28895 28969 I okhttp.OkHttpClient: Connection: keep-alive
12-02 19:01:57.835 28895 28969 I okhttp.OkHttpClient: {"id":2,"firstName":"","lastName":"","middleName":"","admin":true}
12-02 19:01:57.835 28895 28969 I okhttp.OkHttpClient: <-- END HTTP (106-byte body)
12-02 19:01:57.845 28895 28990 I okhttp.OkHttpClient: --> GET http://www.981757-ca08998.tmweb.ru:8080/fmh/claims
12-02 19:01:57.846 28895 28990 I okhttp.OkHttpClient: --> END GET
12-02 19:01:57.865  1743 29261 E ResolverController: No valid NAT64 prefix (127, <unspecified>/0)
12-02 19:01:58.134 28895 28895 I ViewInteraction: Checking 'MatchesViewAssertion{viewMatcher=(view has effective visibility <VISIBLE> and view.getGlobalVisibleRect() to return non-empty rectangle)}' assertion on view an instance of android.widget.TextView and view.getText() with or without transformation to match: is "News"
12-02 19:01:58.142 28895 28895 I ViewInteraction: Performing 'wait for a specific view with <view.getId() is <2131230951>> during 10000 millis.' action on view view.getRootView() to equal view
12-02 19:01:58.152 28895 28895 I ViewInteraction: Checking 'MatchesViewAssertion{viewMatcher=(view has effective visibility <VISIBLE> and view.getGlobalVisibleRect() to return non-empty rectangle)}' assertion on view view.getId() is <2131230951/ru.iteco.fmhandroid:id/container_list_news_include_on_fragment_main>
12-02 19:01:58.159 28895 28895 I ViewInteraction: Performing 'wait for a specific view with <view.getId() is <2131230949>> during 10000 millis.' action on view view.getRootView() to equal view
12-02 19:01:58.166 28895 28895 I ViewInteraction: Checking 'MatchesViewAssertion{viewMatcher=(view has effective visibility <VISIBLE> and view.getGlobalVisibleRect() to return non-empty rectangle)}' assertion on view view.getId() is <2131230949/ru.iteco.fmhandroid:id/container_list_claim_include_on_fragment_main>
12-02 19:01:58.186 28895 28895 I ViewInteraction: Performing 'wait for a specific view with <an instance of android.widget.TextView and view.getText() with or without transformation to match: is "Claims"> during 10000 millis.' action on view view.getRootView() to equal view
12-02 19:01:58.192 28895 28895 I ViewInteraction: Checking 'MatchesViewAssertion{viewMatcher=(view has effective visibility <VISIBLE> and view.getGlobalVisibleRect() to return non-empty rectangle)}' assertion on view an instance of android.widget.TextView and view.getText() with or without transformation to match: is "Claims"
12-02 19:01:58.196 28895 28895 I ViewInteraction: Performing 'wait for a specific view with <view.getId() is <2131231123/ru.iteco.fmhandroid:id/main_menu_image_button>> during 10000 millis.' action on view view.getRootView() to equal view
12-02 19:01:58.198 28895 28895 I ViewInteraction: Performing 'single click' action on view view.getId() is <2131231123/ru.iteco.fmhandroid:id/main_menu_image_button>
12-02 19:01:58.287  1772  1873 D gralloc_ranchu: gralloc_alloc: Creating ashmem region of size 3264512
12-02 19:01:58.290  1785  1976 D AF::Track: interceptBuffer: took 285us to intercept 0 tracks
12-02 19:01:58.299  1772  1873 D gralloc_ranchu: gralloc_alloc: Creating ashmem region of size 3264512
12-02 19:01:58.300  1772  1873 D gralloc_ranchu: gralloc_alloc: Creating ashmem region of size 3264512
12-02 19:01:58.324 28895 28955 D EGL_emulation: eglMakeCurrent: 0xe3a07540: ver 2 0 (tinfo 0xe3a93cb0)
12-02 19:01:58.397 28895 28955 I chatty  : uid=10159(ru.iteco.fmhandroid) RenderThread identical 3 lines
12-02 19:01:58.412 28895 28955 D EGL_emulation: eglMakeCurrent: 0xe3a07540: ver 2 0 (tinfo 0xe3a93cb0)
12-02 19:01:58.636 28895 28895 I ViewInteraction: Performing 'wait for a specific view with <an instance of android.widget.TextView and view.getText() with or without transformation to match: is "Claims"> during 10000 millis.' action on view view.getRootView() to equal view
12-02 19:01:58.647 28895 28895 I ViewInteraction: Performing 'single click' action on view an instance of android.widget.TextView and view.getText() with or without transformation to match: is "Claims"
12-02 19:01:58.788 28895 28974 I okhttp.OkHttpClient: --> GET http://www.981757-ca08998.tmweb.ru:8080/fmh/claims
12-02 19:01:58.788 28895 28974 I okhttp.OkHttpClient: --> END GET
12-02 19:01:58.837 28895 28955 D EGL_emulation: eglMakeCurrent: 0xe3a07540: ver 2 0 (tinfo 0xe3a93cb0)
12-02 19:01:58.859 28895 28955 D EGL_emulation: eglMakeCurrent: 0xe3a07540: ver 2 0 (tinfo 0xe3a93cb0)
12-02 19:01:59.065 28895 28895 I ViewInteraction: Performing 'wait for a specific view with <view.getId() is <2131230849/ru.iteco.fmhandroid:id/add_new_claim_material_button>> during 10000 millis.' action on view view.getRootView() to equal view
12-02 19:01:59.068 28895 28895 I ViewInteraction: Performing 'single click' action on view view.getId() is <2131230849/ru.iteco.fmhandroid:id/add_new_claim_material_button>
12-02 19:01:59.130 28895 28969 I okhttp.OkHttpClient: --> GET http://www.981757-ca08998.tmweb.ru:8080/fmh/users
12-02 19:01:59.131 28895 28969 I okhttp.OkHttpClient: --> END GET
12-02 19:01:59.281 28895 28969 I okhttp.OkHttpClient: <-- 200 http://www.981757-ca08998.tmweb.ru:8080/fmh/users (149ms)
12-02 19:01:59.281 28895 28969 I okhttp.OkHttpClient: Vary: Origin
12-02 19:01:59.281 28895 28969 I okhttp.OkHttpClient: Vary: Access-Control-Request-Method
12-02 19:01:59.281 28895 28969 I okhttp.OkHttpClient: Vary: Access-Control-Request-Headers
12-02 19:01:59.281 28895 28969 I okhttp.OkHttpClient: X-Content-Type-Options: nosniff
12-02 19:01:59.281 28895 28969 I okhttp.OkHttpClient: X-XSS-Protection: 1; mode=block
12-02 19:01:59.281 28895 28969 I okhttp.OkHttpClient: Cache-Control: no-cache, no-store, max-age=0, must-revalidate
12-02 19:01:59.281 28895 28969 I okhttp.OkHttpClient: Pragma: no-cache
12-02 19:01:59.281 28895 28969 I okhttp.OkHttpClient: Expires: 0
12-02 19:01:59.282 28895 28969 I okhttp.OkHttpClient: X-Frame-Options: DENY
12-02 19:01:59.282 28895 28969 I okhttp.OkHttpClient: Content-Type: application/json
12-02 19:01:59.282 28895 28969 I okhttp.OkHttpClient: Transfer-Encoding: chunked
12-02 19:01:59.282 28895 28969 I okhttp.OkHttpClient: Date: Fri, 02 Dec 2022 16:02:00 GMT
12-02 19:01:59.282 28895 28969 I okhttp.OkHttpClient: Keep-Alive: timeout=60
12-02 19:01:59.282 28895 28969 I okhttp.OkHttpClient: Connection: keep-alive
12-02 19:01:59.282 28895 28969 I okhttp.OkHttpClient: [{"id":1,"firstName":"","lastName":"","middleName":"","admin":true},{"id":2,"firstName":"","lastName":"","middleName":"","admin":true},{"id":3,"firstName":"","lastName":"","middleName":"","admin":false},{"id":4,"firstName":"","lastName":"","middleName":"","admin":false},{"id":5,"firstName":"","lastName":"","middleName":"","admin":true},{"id":6,"firstName":"Diplom","lastName":"Netology","middleName":"QAMID","admin":true}]
12-02 19:01:59.283 28895 28969 I okhttp.OkHttpClient: <-- END HTTP (622-byte body)
12-02 19:01:59.447 28895 28895 I ViewInteraction: Performing 'wait for a specific view with <(view.getId() is <2131231402/ru.iteco.fmhandroid:id/title_edit_text> and view.getParent() view.getParent() view.getId() is <2131231406/ru.iteco.fmhandroid:id/title_text_input_layout>)> during 10000 millis.' action on view view.getRootView() to equal view
12-02 19:01:59.451 28895 28895 I ViewInteraction: Performing 'replace text( beb31f6a-534b-4e73-963c-47d046c08708)' action on view (view.getId() is <2131231402/ru.iteco.fmhandroid:id/title_edit_text> and view.getParent() view.getParent() view.getId() is <2131231406/ru.iteco.fmhandroid:id/title_text_input_layout>)
12-02 19:02:00.006  2169  2169 D KeyguardClockSwitch: Updating clock: 702
12-02 19:02:00.092  2010  2033 D AutofillManagerService: Close system dialogs
12-02 19:02:00.097  2169  2169 V StatusBar: mStatusBarWindow: com.android.systemui.statusbar.phone.StatusBarWindowView{7aeee74 V.E...... ........ 0,0-1440,84} canPanelBeCollapsed(): false
12-02 19:02:00.100  2010  2034 I ActivityTaskManager: START u0 {act=android.intent.action.MAIN cat=[android.intent.category.HOME] flg=0x10000100 cmp=com.google.android.apps.nexuslauncher/.NexusLauncherActivity (has extras)} from uid 0
12-02 19:02:00.143  2010  2034 W InputReader: Device has associated, but no associated display id.
12-02 19:02:00.144  2010  2034 I chatty  : uid=1000(system) android.ui identical 18 lines
12-02 19:02:00.144  2010  2034 W InputReader: Device has associated, but no associated display id.
12-02 19:02:00.164 28895 28895 D LifecycleMonitor: Lifecycle status change: ru.iteco.fmhandroid.ui.AppActivity@5594b9b in: PAUSED
12-02 19:02:00.190 28895 28934 V FA      : Recording user engagement, ms: 14245
12-02 19:02:00.289  1772  1873 D gralloc_ranchu: gralloc_alloc: Creating ashmem region of size 14749696
12-02 19:02:00.326  1772  1873 I chatty  : uid=1000(system) HwBinder:1772_1 identical 1 line
12-02 19:02:00.332  1772  1873 D gralloc_ranchu: gralloc_alloc: Creating ashmem region of size 14749696
12-02 19:02:00.333 28895 28934 V FA      : Connecting to remote service
12-02 19:02:00.353 28895 28934 V FA      : Connection attempt already in progress
12-02 19:02:00.353 28895 28934 V FA      : Activity paused, time: 89356573
12-02 19:02:00.359  1772  1873 D gralloc_ranchu: gralloc_alloc: Creating ashmem region of size 14749696
12-02 19:02:00.389 28895 28934 D FA      : Connected to remote service
12-02 19:02:00.390 28895 28934 V FA      : Processing queued up service tasks: 2
12-02 19:02:00.409  2448  3326 D EGL_emulation: eglMakeCurrent: 0xe3a07ba0: ver 2 0 (tinfo 0xe3a93b30)
12-02 19:02:00.423  1772  1873 D gralloc_ranchu: gralloc_alloc: Creating ashmem region of size 14749696
12-02 19:02:00.426  1772  1873 D gralloc_ranchu: gralloc_alloc: Creating ashmem region of size 14749696
12-02 19:02:00.464  2881 28946 V FA-SVC  : Logging event: origin=auto,name=user_engagement(_e),params=Bundle[{ga_event_origin(_o)=auto, engagement_time_msec(_et)=14245, ga_screen_class(_sc)=AppActivity, ga_screen_id(_si)=-2112231893253735563}]
12-02 19:02:00.499  2881 28946 V FA-SVC  : Upload scheduled in approximately ms: 1001813
12-02 19:02:00.499  2881 28946 V FA-SVC  : Unscheduling upload
12-02 19:02:00.506  2881 28946 V FA-SVC  : Scheduling upload, millis: 1001813
12-02 19:02:00.513  2881 28946 V FA-SVC  : Background event processing time, ms: 49
12-02 19:02:00.579  3139  3664 D EGL_emulation: eglMakeCurrent: 0xdb91c460: ver 2 0 (tinfo 0xbe64a3f0)
12-02 19:02:00.609  2010  2010 W ActivityManager: Unable to start service Intent { act=android.service.appprediction.AppPredictionService cmp=com.google.android.as/com.google.android.apps.miphone.aiai.app.AiAiPredictionService } U=0: not found
12-02 19:02:00.609  2010  2010 W RemoteAppPredictionService: could not bind to Intent { act=android.service.appprediction.AppPredictionService cmp=com.google.android.as/com.google.android.apps.miphone.aiai.app.AiAiPredictionService } using flags 67108865
12-02 19:02:00.616  2169  2501 D EGL_emulation: eglMakeCurrent: 0xdb91a600: ver 2 0 (tinfo 0xdb90f8d0)
12-02 19:02:00.629  2448  3326 D EGL_emulation: eglMakeCurrent: 0xe3a07ba0: ver 2 0 (tinfo 0xe3a93b30)
12-02 19:02:00.634  1772  1873 D gralloc_ranchu: gralloc_alloc: Creating ashmem region of size 14749696
12-02 19:02:00.647  2448  3326 D EGL_emulation: eglMakeCurrent: 0xe3a07ba0: ver 2 0 (tinfo 0xe3a93b30)
12-02 19:02:00.673  2584  2599 I .gms.persisten: Background young concurrent copying GC freed 98776(5696KB) AllocSpace objects, 1(152KB) LOS objects, 41% free, 8481KB/14MB, paused 2.060ms total 430.313ms
12-02 19:02:00.692  2584 25495 E SQLiteDatabase: Error inserting flex_time=1001000 job_id=-1 period=2004000 source=16 requires_charging=0 preferred_network_type=1 target_class=com.google.android.gms.measurement.PackageMeasurementTaskService user_id=0 target_package=com.google.android.gms tag=Measurement.PackageMeasurementTaskService.UPLOAD_TASK_TAG task_type=0 required_idleness_state=0 service_kind=0 source_version=202414000 persistence_level=1 preferred_charging_state=1 required_network_type=0 runtime=1669996920624 retry_strategy={"maximum_backoff_seconds":{"3600":0},"initial_backoff_seconds":{"30":0},"retry_policy":{"0":0}} last_runtime=0
12-02 19:02:00.692  2584 25495 E SQLiteDatabase: android.database.sqlite.SQLiteConstraintException: UNIQUE constraint failed: pending_ops.tag, pending_ops.target_class, pending_ops.target_package, pending_ops.user_id (code 2067 SQLITE_CONSTRAINT_UNIQUE)
12-02 19:02:00.692  2584 25495 E SQLiteDatabase: 	at android.database.sqlite.SQLiteConnection.nativeExecuteForLastInsertedRowId(Native Method)
12-02 19:02:00.692  2584 25495 E SQLiteDatabase: 	at android.database.sqlite.SQLiteConnection.executeForLastInsertedRowId(SQLiteConnection.java:879)
12-02 19:02:00.692  2584 25495 E SQLiteDatabase: 	at android.database.sqlite.SQLiteSession.executeForLastInsertedRowId(SQLiteSession.java:790)
12-02 19:02:00.692  2584 25495 E SQLiteDatabase: 	at android.database.sqlite.SQLiteStatement.executeInsert(SQLiteStatement.java:88)
12-02 19:02:00.692  2584 25495 E SQLiteDatabase: 	at android.database.sqlite.SQLiteDatabase.insertWithOnConflict(SQLiteDatabase.java:1599)
12-02 19:02:00.692  2584 25495 E SQLiteDatabase: 	at android.database.sqlite.SQLiteDatabase.insert(SQLiteDatabase.java:1468)
12-02 19:02:00.692  2584 25495 E SQLiteDatabase: 	at aqui.a(:com.google.android.gms@202414022@20.24.14 (040700-319035315):175)
12-02 19:02:00.692  2584 25495 E SQLiteDatabase: 	at aqtk.a(:com.google.android.gms@202414022@20.24.14 (040700-319035315):182)
12-02 19:02:00.692  2584 25495 E SQLiteDatabase: 	at aqtk.a(:com.google.android.gms@202414022@20.24.14 (040700-319035315):23)
12-02 19:02:00.692  2584 25495 E SQLiteDatabase: 	at aqtk.a(:com.google.android.gms@202414022@20.24.14 (040700-319035315):177)
12-02 19:02:00.692  2584 25495 E SQLiteDatabase: 	at aqpu.run(:com.google.android.gms@202414022@20.24.14 (040700-319035315):9)
12-02 19:02:00.692  2584 25495 E SQLiteDatabase: 	at soy.b(:com.google.android.gms@202414022@20.24.14 (040700-319035315):12)
12-02 19:02:00.692  2584 25495 E SQLiteDatabase: 	at soy.run(:com.google.android.gms@202414022@20.24.14 (040700-319035315):8)
12-02 19:02:00.692  2584 25495 E SQLiteDatabase: 	at java.util.concurrent.ThreadPoolExecutor.runWorker(ThreadPoolExecutor.java:1167)
12-02 19:02:00.692  2584 25495 E SQLiteDatabase: 	at java.util.concurrent.ThreadPoolExecutor$Worker.run(ThreadPoolExecutor.java:641)
12-02 19:02:00.692  2584 25495 E SQLiteDatabase: 	at sux.run(:com.google.android.gms@202414022@20.24.14 (040700-319035315):0)
12-02 19:02:00.692  2584 25495 E SQLiteDatabase: 	at java.lang.Thread.run(Thread.java:919)
12-02 19:02:00.792  1772  1873 D gralloc_ranchu: gralloc_alloc: Creating ashmem region of size 14749696
12-02 19:02:00.808  2010  2037 W InputReader: Device has associated, but no associated display id.
12-02 19:02:00.808  2010  2037 I chatty  : uid=1000(system) android.anim identical 8 lines
12-02 19:02:00.808  2010  2037 W InputReader: Device has associated, but no associated display id.
12-02 19:02:00.814  1772  1873 D gralloc_ranchu: gralloc_alloc: Creating ashmem region of size 9441280
12-02 19:02:00.848 28895 28955 D EGL_emulation: eglMakeCurrent: 0xe3a07540: ver 2 0 (tinfo 0xe3a93cb0)
12-02 19:02:00.876  2010  6726 D HostConnection: HostConnection::get() New Host Connection established 0xb4601c80, tid 6726
12-02 19:02:00.879 28895 28895 D LifecycleMonitor: Lifecycle status change: ru.iteco.fmhandroid.ui.AppActivity@5594b9b in: STOPPED
12-02 19:02:00.879  2010  6726 D HostConnection: HostComposition ext ANDROID_EMU_CHECKSUM_HELPER_v1 ANDROID_EMU_dma_v1 ANDROID_EMU_direct_mem ANDROID_EMU_host_composition_v1 ANDROID_EMU_host_composition_v2 ANDROID_EMU_vulkan ANDROID_EMU_deferred_vulkan_commands ANDROID_EMU_vulkan_null_optional_strings ANDROID_EMU_vulkan_create_resources_with_requirements ANDROID_EMU_YUV_Cache ANDROID_EMU_vulkan_ignored_handles ANDROID_EMU_vulkan_free_memory_sync ANDROID_EMU_vulkan_shader_float16_int8 ANDROID_EMU_vulkan_async_queue_submit ANDROID_EMU_sync_buffer_data GL_OES_vertex_array_object GL_KHR_texture_compression_astc_ldr ANDROID_EMU_host_side_tracing ANDROID_EMU_gles_max_version_2 
12-02 19:02:00.879  2010  6726 W OpenGLRenderer: Failed to choose config with EGL_SWAP_BEHAVIOR_PRESERVED, retrying without...
12-02 19:02:00.893  1788  1788 E Layer   : [Surface(name=AppWindowToken{e44e437 token=Token{8e32d36 ActivityRecord{89f0ed1 u0 com.google.android.apps.nexuslauncher/.NexusLauncherActivity t2562}}})/@0xb44cf46 - animation-leash#0] No local sync point found
12-02 19:02:00.895  1788  1788 E Layer   : [Surface(name=AppWindowToken{9c20cd3 token=Token{64766c2 ActivityRecord{29470d u0 ru.iteco.fmhandroid/.ui.AppActivity t3177}}})/@0x7f4c9b1 - animation-leash#0] No local sync point found
12-02 19:02:00.909  2010  6726 D EGL_emulation: eglCreateContext: 0xd856c380: maj 2 min 0 rcv 2
12-02 19:02:00.923  1772  1873 D gralloc_ranchu: gralloc_alloc: Creating ashmem region of size 14749696
