12-02 19:02:00.925  2010  6726 D EGL_emulation: eglMakeCurrent: 0xd856c380: ver 2 0 (tinfo 0xbf01f330)
12-02 19:02:00.974  2448  2466 I s.nexuslaunche: NativeAlloc concurrent copying GC freed 2726(233KB) AllocSpace objects, 0(0B) LOS objects, 49% free, 2756KB/5512KB, paused 817us total 109.424ms
12-02 19:02:00.978  2448  2468 W System  : A resource failed to call release. 
12-02 19:02:00.978  2448  2468 W System  : A resource failed to call release. 
12-02 19:02:01.082  3139  3139 I Choreographer: Skipped 34 frames!  The application may be doing too much work on its main thread.
12-02 19:02:01.237  2010  2025 I system_server: NativeAlloc concurrent copying GC freed 16510(981KB) AllocSpace objects, 4(208KB) LOS objects, 23% free, 20MB/26MB, paused 616us total 169.206ms
12-02 19:02:01.290  3139  3139 W ThreadPoolDumper: Queue length for executor EventBus is now 11. Perhaps some tasks are too long, or the pool is too small.
12-02 19:02:01.304  3139  3664 D EGL_emulation: eglMakeCurrent: 0xdb91c460: ver 2 0 (tinfo 0xbe64a3f0)
12-02 19:02:01.313  1772  1873 D gralloc_ranchu: gralloc_alloc: Creating ashmem region of size 14749696
12-02 19:02:01.332  3139  3664 D EGL_emulation: eglMakeCurrent: 0xdb91c460: ver 2 0 (tinfo 0xbe64a3f0)
12-02 19:02:01.351  1772  1873 D gralloc_ranchu: gralloc_alloc: Creating ashmem region of size 14749696
12-02 19:02:01.510  3139  3568 W SessionLifecycleManager: Handover failed. Creating new session controller.
12-02 19:02:02.033  1772  1873 D gralloc_ranchu: gralloc_alloc: Creating ashmem region of size 14749696
12-02 19:02:02.042  3139 29269 W LocationOracle: No location history returned by ContextManager
12-02 19:02:02.095  3139  3568 I MicroDetectionWorker: #startMicroDetector [speakerMode: 0]
12-02 19:02:02.106  3139  3568 W ErrorReporter: reportError [type: 211, code: 393244, bug: 0]: errorCode: 393244, engine: 0
12-02 19:02:02.113  3139  3568 I MicroDetector: Keeping mic open: false
12-02 19:02:02.113  3139 29271 I DeviceStateChecker: DeviceStateChecker cancelled
12-02 19:02:02.113  3139  3568 I MicroDetectionWorker: #onError(false)
12-02 19:02:02.186  2584  3808 W GCoreFlp: No location to return for getLastLocation()
12-02 19:02:02.234  2584 27521 W ctxmgr  : [AclManager] No 3 for (accnt=account#-517948760#, com.google.android.gms(10114):UserVelocityProducer, vrsn=202414022, 0, 3pPkg = null ,  3pMdlId = null ,  pid = 2584). Was: 3 for 1, account#-517948760# [CONTEXT service_id=47 ]
12-02 19:02:02.268  2584  3808 W GCoreFlp: No location to return for getLastLocation()
12-02 19:02:02.283  1750  1962 W audio_hw_generic: Not supplying enough data to HAL, expected position 394424121 , only wrote 394165537
12-02 19:02:02.344  2584 26895 I LogUtils: [Places]: ?: Couldn't find platform key file. [CONTEXT service_id=253 ]
12-02 19:02:02.357 28895 28934 D FA      : Application going to the background
12-02 19:02:02.436 28895 28990 I okhttp.OkHttpClient: <-- 200 http://www.981757-ca08998.tmweb.ru:8080/fmh/claims (4590ms)
12-02 19:02:02.436 28895 28990 I okhttp.OkHttpClient: Vary: Origin
12-02 19:02:02.436 28895 28990 I okhttp.OkHttpClient: Vary: Access-Control-Request-Method
12-02 19:02:02.436 28895 28990 I okhttp.OkHttpClient: Vary: Access-Control-Request-Headers
12-02 19:02:02.436 28895 28990 I okhttp.OkHttpClient: X-Content-Type-Options: nosniff
12-02 19:02:02.436 28895 28990 I okhttp.OkHttpClient: X-XSS-Protection: 1; mode=block
12-02 19:02:02.437 28895 28990 I okhttp.OkHttpClient: Cache-Control: no-cache, no-store, max-age=0, must-revalidate
12-02 19:02:02.437 28895 28990 I okhttp.OkHttpClient: Pragma: no-cache
12-02 19:02:02.437 28895 28990 I okhttp.OkHttpClient: Expires: 0
12-02 19:02:02.437 28895 28990 I okhttp.OkHttpClient: X-Frame-Options: DENY
12-02 19:02:02.438 28895 28990 I okhttp.OkHttpClient: Content-Type: application/json
12-02 19:02:02.438 28895 28990 I okhttp.OkHttpClient: Transfer-Encoding: chunked
12-02 19:02:02.438 28895 28990 I okhttp.OkHttpClient: Date: Fri, 02 Dec 2022 16:02:03 GMT
12-02 19:02:02.438 28895 28990 I okhttp.OkHttpClient: Keep-Alive: timeout=60
12-02 19:02:02.438 28895 28990 I okhttp.OkHttpClient: Connection: keep-alive
12-02 19:02:02.469  2881 28946 V FA-SVC  : Logging event: origin=auto,name=app_background(_ab),params=Bundle[{ga_event_origin(_o)=auto}]
12-02 19:02:02.495  2881 28946 V FA-SVC  : Upload scheduled in approximately ms: 999817
12-02 19:02:02.495  2881 28946 V FA-SVC  : Unscheduling upload
12-02 19:02:02.504  2881 28946 V FA-SVC  : Scheduling upload, millis: 999817
12-02 19:02:02.510  2881 28946 V FA-SVC  : Background event processing time, ms: 42
12-02 19:02:02.514  2584 27521 I ctxmgr  : [ProducerStatusImpl] updateStateForNewContextData: inactive, contextName=7 [CONTEXT service_id=47 ]
12-02 19:02:02.529  2584 25495 E SQLiteDatabase: Error inserting flex_time=999000 job_id=-1 period=2000000 source=16 requires_charging=0 preferred_network_type=1 target_class=com.google.android.gms.measurement.PackageMeasurementTaskService user_id=0 target_package=com.google.android.gms tag=Measurement.PackageMeasurementTaskService.UPLOAD_TASK_TAG task_type=0 required_idleness_state=0 service_kind=0 source_version=202414000 persistence_level=1 preferred_charging_state=1 required_network_type=0 runtime=1669996922515 retry_strategy={"maximum_backoff_seconds":{"3600":0},"initial_backoff_seconds":{"30":0},"retry_policy":{"0":0}} last_runtime=0
12-02 19:02:02.529  2584 25495 E SQLiteDatabase: android.database.sqlite.SQLiteConstraintException: UNIQUE constraint failed: pending_ops.tag, pending_ops.target_class, pending_ops.target_package, pending_ops.user_id (code 2067 SQLITE_CONSTRAINT_UNIQUE)
12-02 19:02:02.529  2584 25495 E SQLiteDatabase: 	at android.database.sqlite.SQLiteConnection.nativeExecuteForLastInsertedRowId(Native Method)
12-02 19:02:02.529  2584 25495 E SQLiteDatabase: 	at android.database.sqlite.SQLiteConnection.executeForLastInsertedRowId(SQLiteConnection.java:879)
12-02 19:02:02.529  2584 25495 E SQLiteDatabase: 	at android.database.sqlite.SQLiteSession.executeForLastInsertedRowId(SQLiteSession.java:790)
12-02 19:02:02.529  2584 25495 E SQLiteDatabase: 	at android.database.sqlite.SQLiteStatement.executeInsert(SQLiteStatement.java:88)
12-02 19:02:02.529  2584 25495 E SQLiteDatabase: 	at android.database.sqlite.SQLiteDatabase.insertWithOnConflict(SQLiteDatabase.java:1599)
12-02 19:02:02.529  2584 25495 E SQLiteDatabase: 	at android.database.sqlite.SQLiteDatabase.insert(SQLiteDatabase.java:1468)
12-02 19:02:02.529  2584 25495 E SQLiteDatabase: 	at aqui.a(:com.google.android.gms@202414022@20.24.14 (040700-319035315):175)
12-02 19:02:02.529  2584 25495 E SQLiteDatabase: 	at aqtk.a(:com.google.android.gms@202414022@20.24.14 (040700-319035315):182)
12-02 19:02:02.529  2584 25495 E SQLiteDatabase: 	at aqtk.a(:com.google.android.gms@202414022@20.24.14 (040700-319035315):23)
12-02 19:02:02.529  2584 25495 E SQLiteDatabase: 	at aqtk.a(:com.google.android.gms@202414022@20.24.14 (040700-319035315):177)
12-02 19:02:02.529  2584 25495 E SQLiteDatabase: 	at aqpu.run(:com.google.android.gms@202414022@20.24.14 (040700-319035315):9)
12-02 19:02:02.529  2584 25495 E SQLiteDatabase: 	at soy.b(:com.google.android.gms@202414022@20.24.14 (040700-319035315):12)
12-02 19:02:02.529  2584 25495 E SQLiteDatabase: 	at soy.run(:com.google.android.gms@202414022@20.24.14 (040700-319035315):7)
12-02 19:02:02.529  2584 25495 E SQLiteDatabase: 	at java.util.concurrent.ThreadPoolExecutor.runWorker(ThreadPoolExecutor.java:1167)
12-02 19:02:02.529  2584 25495 E SQLiteDatabase: 	at java.util.concurrent.ThreadPoolExecutor$Worker.run(ThreadPoolExecutor.java:641)
12-02 19:02:02.529  2584 25495 E SQLiteDatabase: 	at sux.run(:com.google.android.gms@202414022@20.24.14 (040700-319035315):0)
12-02 19:02:02.529  2584 25495 E SQLiteDatabase: 	at java.lang.Thread.run(Thread.java:919)
12-02 19:02:02.562  2584  2584 I GeofencerStateMachine: removeGeofences: removeRequest=RemoveGeofencingRequest[REMOVE_BY_PENDING_INTENT pendingIntent=PendingIntent[creatorPackage=com.google.android.gms], packageName=com.google.android.gms]
12-02 19:02:02.567  2584  3808 W GCoreFlp: No location to return for getLastLocation()
12-02 19:02:02.573  2584  2584 I GeofencerStateMachine: removeGeofences: removeRequest=RemoveGeofencingRequest[REMOVE_BY_PENDING_INTENT pendingIntent=PendingIntent[creatorPackage=com.google.android.gms], packageName=com.google.android.gms]
12-02 19:02:02.588  2584 26895 I LogUtils: [Places]: ?: Couldn't find platform key file. [CONTEXT service_id=253 ]
12-02 19:02:02.592  2584 29276 I PlacesLogger: [PlaceInferenceEngine]: [anon] Changed inference mode: 0 [CONTEXT service_id=253 ]
12-02 19:02:02.593  2584 25495 I LogUtils: [Places]: ?: Couldn't find platform key file. [CONTEXT service_id=253 ]
12-02 19:02:02.607  2584  3808 W GCoreFlp: No location to return for getLastLocation()
12-02 19:02:02.620  2584 29275 I LogUtils: [Places]: ?: Couldn't find platform key file. [CONTEXT service_id=253 ]
12-02 19:02:02.651  2584 29276 I LogUtils: [Places]: ?: PlacesBleScanner start() with priority 2 [CONTEXT service_id=253 ]
12-02 19:02:02.651  2584 29276 I PlacesLogger: [PlaceInferenceEngine]: [anon] Changed inference mode: 1 [CONTEXT service_id=253 ]
12-02 19:02:02.677  2584  2584 E BeaconBle: Missing BluetoothAdapter [CONTEXT service_id=111 ]
12-02 19:02:02.679  2584  2584 I BeaconBle: BLE 'KK+' software access layer enabled [CONTEXT service_id=111 ]
12-02 19:02:02.692  2584 25495 I LogUtils: [Places]: ?: Couldn't find platform key file. [CONTEXT service_id=253 ]
12-02 19:02:02.702  2584  3808 W GCoreFlp: No location to return for getLastLocation()
12-02 19:02:02.709  2584  2584 I BeaconBle: Client requested scan, settings=BleSettings [scanMode=ZERO_POWER, callbackType=ALL_MATCHES, reportDelayMillis=0, 1 filters, 0 clients, callingClientName=Places] [CONTEXT service_id=111 ]
12-02 19:02:02.709  2584  2584 I BeaconBle: Scan : No clients left, canceling alarm. [CONTEXT service_id=111 ]
12-02 19:02:02.710  2584  2584 E BeaconBle: Scan couldn't start for Places [CONTEXT service_id=111 ]
12-02 19:02:02.710  2584  2584 W Places  : BLE failure while scanning - code 5
12-02 19:02:02.768  2584 25495 I LogUtils: [Places]: ?: Couldn't find platform key file. [CONTEXT service_id=253 ]
12-02 19:02:03.297  2010  7377 D WificondControl: Scan result ready event
12-02 19:02:03.359 28895 28974 I okhttp.OkHttpClient: <-- 200 http://www.981757-ca08998.tmweb.ru:8080/fmh/claims (4570ms)
12-02 19:02:03.359 28895 28974 I okhttp.OkHttpClient: Vary: Origin
12-02 19:02:03.359 28895 28974 I okhttp.OkHttpClient: Vary: Access-Control-Request-Method
12-02 19:02:03.359 28895 28974 I okhttp.OkHttpClient: Vary: Access-Control-Request-Headers
12-02 19:02:03.359 28895 28974 I okhttp.OkHttpClient: X-Content-Type-Options: nosniff
12-02 19:02:03.359 28895 28974 I okhttp.OkHttpClient: X-XSS-Protection: 1; mode=block
12-02 19:02:03.360 28895 28974 I okhttp.OkHttpClient: Cache-Control: no-cache, no-store, max-age=0, must-revalidate
12-02 19:02:03.360 28895 28974 I okhttp.OkHttpClient: Pragma: no-cache
12-02 19:02:03.360 28895 28974 I okhttp.OkHttpClient: Expires: 0
12-02 19:02:03.360 28895 28974 I okhttp.OkHttpClient: X-Frame-Options: DENY
12-02 19:02:03.360 28895 28974 I okhttp.OkHttpClient: Content-Type: application/json
12-02 19:02:03.361 28895 28974 I okhttp.OkHttpClient: Transfer-Encoding: chunked
12-02 19:02:03.361 28895 28974 I okhttp.OkHttpClient: Date: Fri, 02 Dec 2022 16:02:03 GMT
12-02 19:02:03.361 28895 28974 I okhttp.OkHttpClient: Keep-Alive: timeout=60
12-02 19:02:03.362 28895 28974 I okhttp.OkHttpClient: Connection: keep-alive
12-02 19:02:05.937  1881  1881 E netmgr  : Failed to open QEMU pipe 'qemud:network': Invalid argument
12-02 19:02:07.117  3139  3568 I MicroDetectionWorker: #startMicroDetector [speakerMode: 0]
12-02 19:02:07.118  3139  3568 W ErrorReporter: reportError [type: 211, code: 393244, bug: 0]: errorCode: 393244, engine: 0
12-02 19:02:07.123  3139  3568 I MicroDetector: Keeping mic open: false
12-02 19:02:07.123  3139  3568 I MicroDetectionWorker: #onError(false)
12-02 19:02:07.255  2010  7377 D WificondControl: Scan result ready event
12-02 19:02:07.474 28895 28934 V FA      : Inactivity, disconnecting from the service
12-02 19:02:12.064  2010  7377 I ActivityTaskManager: START u0 {act=android.intent.action.MAIN cat=[android.intent.category.LAUNCHER] flg=0x10000000 pkg=ru.iteco.fmhandroid cmp=ru.iteco.fmhandroid/.ui.AppActivity} from uid 10159
12-02 19:02:12.089  2010  9089 W InputReader: Device has associated, but no associated display id.
12-02 19:02:12.096  2010  9089 I chatty  : uid=1000(system) Binder:2010_1A identical 38 lines
12-02 19:02:12.096  2010  9089 W InputReader: Device has associated, but no associated display id.
12-02 19:02:12.099 28895 28895 W ActivityThread: handleWindowVisibility: no activity for token android.os.BinderProxy@237efc2
12-02 19:02:12.108  2010  2037 W WindowManager: TaskSnapshotSurface.create: Failed to find main window for token=AppWindowToken{e7b7b7e token=Token{f9a0939 ActivityRecord{2e59d00 u0 ru.iteco.fmhandroid/.ui.AppActivity t3177}}}
12-02 19:02:12.127  3139  3568 I MicroDetectionWorker: #startMicroDetector [speakerMode: 0]
12-02 19:02:12.129  3139  3568 W ErrorReporter: reportError [type: 211, code: 393244, bug: 0]: errorCode: 393244, engine: 0
12-02 19:02:12.130  3139  3568 I MicroDetector: Keeping mic open: false
12-02 19:02:12.130  3139  3568 I MicroDetectionWorker: #onError(false)
12-02 19:02:12.141 28895 28895 D LifecycleMonitor: Lifecycle status change: ru.iteco.fmhandroid.ui.AppActivity@f6f482f in: PRE_ON_CREATE
12-02 19:02:12.156 28895 28929 V FA      : onActivityCreated
12-02 19:02:12.182 28895 28895 D LifecycleMonitor: Lifecycle status change: ru.iteco.fmhandroid.ui.AppActivity@f6f482f in: CREATED
12-02 19:02:12.243 28895 28895 D LifecycleMonitor: Lifecycle status change: ru.iteco.fmhandroid.ui.AppActivity@f6f482f in: STARTED
12-02 19:02:12.247 28895 28895 D LifecycleMonitor: Lifecycle status change: ru.iteco.fmhandroid.ui.AppActivity@f6f482f in: RESUMED
12-02 19:02:12.247 28895 28934 V FA      : Activity resumed, time: 89368653
12-02 19:02:12.297  1772  1873 D gralloc_ranchu: gralloc_alloc: Creating ashmem region of size 14749696
12-02 19:02:12.311  1772  1873 I chatty  : uid=1000(system) HwBinder:1772_1 identical 1 line
12-02 19:02:12.315  1772  1873 D gralloc_ranchu: gralloc_alloc: Creating ashmem region of size 14749696
12-02 19:02:12.325 28895 28955 D EGL_emulation: eglMakeCurrent: 0xe3a07540: ver 2 0 (tinfo 0xe3a93cb0)
12-02 19:02:12.342 28895 28934 V FA      : Connecting to remote service
12-02 19:02:12.348 28895 28934 V FA      : Connection attempt already in progress
12-02 19:02:12.387  2010  2037 W InputReader: Device has associated, but no associated display id.
12-02 19:02:12.387  2010  2037 I chatty  : uid=1000(system) android.anim identical 8 lines
12-02 19:02:12.387  2010  2037 W InputReader: Device has associated, but no associated display id.
12-02 19:02:12.398  2010  2041 I ActivityTaskManager: Displayed ru.iteco.fmhandroid/.ui.AppActivity: +324ms
12-02 19:02:12.412  3139  3664 D EGL_emulation: eglMakeCurrent: 0xdb91c460: ver 2 0 (tinfo 0xbe64a3f0)
12-02 19:02:12.415  2169  2501 D EGL_emulation: eglMakeCurrent: 0xdb91a600: ver 2 0 (tinfo 0xdb90f8d0)
12-02 19:02:12.422 28895 28934 D FA      : Connected to remote service
12-02 19:02:12.438 28895 28934 V FA      : Processing queued up service tasks: 2
12-02 19:02:12.447  2448  3326 D EGL_emulation: eglMakeCurrent: 0xe3a07ba0: ver 2 0 (tinfo 0xe3a93b30)
12-02 19:02:12.501  2169  2501 D EGL_emulation: eglMakeCurrent: 0xdb91a600: ver 2 0 (tinfo 0xdb90f8d0)
12-02 19:02:12.528  2881 28946 V FA-SVC  : Logging event: origin=auto,name=screen_view(_vs),params=Bundle[{ga_event_origin(_o)=auto, ga_previous_class(_pc)=AppActivity, ga_previous_id(_pi)=-2112231893253735563, ga_screen_class(_sc)=AppActivity, ga_screen_id(_si)=-2112231893253735562}]
12-02 19:02:12.554  3139 29084 I PBSessionCacheImpl: Deleted sessionId[429016829629] from persistence.
12-02 19:02:12.568  2881 28946 V FA-SVC  : Upload scheduled in approximately ms: 989744
12-02 19:02:12.568  2881 28946 V FA-SVC  : Unscheduling upload
12-02 19:02:12.577  2881 28946 V FA-SVC  : Scheduling upload, millis: 989744
12-02 19:02:12.579  2881 28946 V FA-SVC  : Background event processing time, ms: 51
12-02 19:02:12.594  3139  3568 W SearchServiceCore: Abort, client detached.
12-02 19:02:12.606  2584 26895 E SQLiteDatabase: Error inserting flex_time=989000 job_id=-1 period=1980000 source=16 requires_charging=0 preferred_network_type=1 target_class=com.google.android.gms.measurement.PackageMeasurementTaskService user_id=0 target_package=com.google.android.gms tag=Measurement.PackageMeasurementTaskService.UPLOAD_TASK_TAG task_type=0 required_idleness_state=0 service_kind=0 source_version=202414000 persistence_level=1 preferred_charging_state=1 required_network_type=0 runtime=1669996932595 retry_strategy={"maximum_backoff_seconds":{"3600":0},"initial_backoff_seconds":{"30":0},"retry_policy":{"0":0}} last_runtime=0
12-02 19:02:12.606  2584 26895 E SQLiteDatabase: android.database.sqlite.SQLiteConstraintException: UNIQUE constraint failed: pending_ops.tag, pending_ops.target_class, pending_ops.target_package, pending_ops.user_id (code 2067 SQLITE_CONSTRAINT_UNIQUE)
12-02 19:02:12.606  2584 26895 E SQLiteDatabase: 	at android.database.sqlite.SQLiteConnection.nativeExecuteForLastInsertedRowId(Native Method)
12-02 19:02:12.606  2584 26895 E SQLiteDatabase: 	at android.database.sqlite.SQLiteConnection.executeForLastInsertedRowId(SQLiteConnection.java:879)
12-02 19:02:12.606  2584 26895 E SQLiteDatabase: 	at android.database.sqlite.SQLiteSession.executeForLastInsertedRowId(SQLiteSession.java:790)
12-02 19:02:12.606  2584 26895 E SQLiteDatabase: 	at android.database.sqlite.SQLiteStatement.executeInsert(SQLiteStatement.java:88)
12-02 19:02:12.606  2584 26895 E SQLiteDatabase: 	at android.database.sqlite.SQLiteDatabase.insertWithOnConflict(SQLiteDatabase.java:1599)
12-02 19:02:12.606  2584 26895 E SQLiteDatabase: 	at android.database.sqlite.SQLiteDatabase.insert(SQLiteDatabase.java:1468)
12-02 19:02:12.606  2584 26895 E SQLiteDatabase: 	at aqui.a(:com.google.android.gms@202414022@20.24.14 (040700-319035315):175)
12-02 19:02:12.606  2584 26895 E SQLiteDatabase: 	at aqtk.a(:com.google.android.gms@202414022@20.24.14 (040700-319035315):182)
12-02 19:02:12.606  2584 26895 E SQLiteDatabase: 	at aqtk.a(:com.google.android.gms@202414022@20.24.14 (040700-319035315):23)
12-02 19:02:12.606  2584 26895 E SQLiteDatabase: 	at aqtk.a(:com.google.android.gms@202414022@20.24.14 (040700-319035315):177)
12-02 19:02:12.606  2584 26895 E SQLiteDatabase: 	at aqpu.run(:com.google.android.gms@202414022@20.24.14 (040700-319035315):9)
12-02 19:02:12.606  2584 26895 E SQLiteDatabase: 	at soy.b(:com.google.android.gms@202414022@20.24.14 (040700-319035315):12)
12-02 19:02:12.606  2584 26895 E SQLiteDatabase: 	at soy.run(:com.google.android.gms@202414022@20.24.14 (040700-319035315):7)
12-02 19:02:12.606  2584 26895 E SQLiteDatabase: 	at java.util.concurrent.ThreadPoolExecutor.runWorker(ThreadPoolExecutor.java:1167)
12-02 19:02:12.606  2584 26895 E SQLiteDatabase: 	at java.util.concurrent.ThreadPoolExecutor$Worker.run(ThreadPoolExecutor.java:641)
12-02 19:02:12.606  2584 26895 E SQLiteDatabase: 	at sux.run(:com.google.android.gms@202414022@20.24.14 (040700-319035315):0)
12-02 19:02:12.606  2584 26895 E SQLiteDatabase: 	at java.lang.Thread.run(Thread.java:919)
12-02 19:02:13.182 28895 28895 I ViewInteraction: Performing 'wait for a specific view with <(view.getId() is <2131231402/ru.iteco.fmhandroid:id/title_edit_text> and view.getParent() view.getParent() view.getId() is <2131231406/ru.iteco.fmhandroid:id/title_text_input_layout>)> during 10000 millis.' action on view view.getRootView() to equal view
12-02 19:02:15.248 28895 28969 I okhttp.OkHttpClient: --> GET http://www.981757-ca08998.tmweb.ru:8080/fmh/authentication/userInfo
12-02 19:02:15.248 28895 28969 I okhttp.OkHttpClient: --> END GET
12-02 19:02:15.438 28895 28969 I okhttp.OkHttpClient: <-- 200 http://www.981757-ca08998.tmweb.ru:8080/fmh/authentication/userInfo (190ms)
12-02 19:02:15.439 28895 28969 I okhttp.OkHttpClient: Vary: Origin
12-02 19:02:15.439 28895 28969 I okhttp.OkHttpClient: Vary: Access-Control-Request-Method
12-02 19:02:15.439 28895 28969 I okhttp.OkHttpClient: Vary: Access-Control-Request-Headers
12-02 19:02:15.439 28895 28969 I okhttp.OkHttpClient: X-Content-Type-Options: nosniff
12-02 19:02:15.439 28895 28969 I okhttp.OkHttpClient: X-XSS-Protection: 1; mode=block
12-02 19:02:15.439 28895 28969 I okhttp.OkHttpClient: Cache-Control: no-cache, no-store, max-age=0, must-revalidate
12-02 19:02:15.439 28895 28969 I okhttp.OkHttpClient: Pragma: no-cache
12-02 19:02:15.439 28895 28969 I okhttp.OkHttpClient: Expires: 0
12-02 19:02:15.440 28895 28969 I okhttp.OkHttpClient: X-Frame-Options: DENY
12-02 19:02:15.440 28895 28969 I okhttp.OkHttpClient: Content-Type: application/json
12-02 19:02:15.440 28895 28969 I okhttp.OkHttpClient: Transfer-Encoding: chunked
12-02 19:02:15.440 28895 28969 I okhttp.OkHttpClient: Date: Fri, 02 Dec 2022 16:02:17 GMT
12-02 19:02:15.441 28895 28969 I okhttp.OkHttpClient: Keep-Alive: timeout=60
12-02 19:02:15.441 28895 28969 I okhttp.OkHttpClient: Connection: keep-alive
12-02 19:02:15.441 28895 28969 I okhttp.OkHttpClient: {"id":2,"firstName":"","lastName":"","middleName":"","admin":true}
12-02 19:02:15.442 28895 28969 I okhttp.OkHttpClient: <-- END HTTP (106-byte body)
12-02 19:02:15.448 28895 29028 I okhttp.OkHttpClient: --> GET http://www.981757-ca08998.tmweb.ru:8080/fmh/claims
12-02 19:02:15.449 28895 29028 I okhttp.OkHttpClient: --> END GET
12-02 19:02:15.461  1743 29281 E ResolverController: No valid NAT64 prefix (127, <unspecified>/0)
12-02 19:02:17.502 28895 28934 V FA      : Inactivity, disconnecting from the service
12-02 19:02:17.696  2584 27520 I LogUtils: [Places]: ?: Couldn't find platform key file. [CONTEXT service_id=253 ]
12-02 19:02:17.704  2584 29284 I LogUtils: [Places]: ?: Couldn't find platform key file. [CONTEXT service_id=253 ]
12-02 19:02:17.725  2584 29276 I LogUtils: [Places]: ?: PlacesBleScanner stop() [CONTEXT service_id=253 ]
12-02 19:02:17.726  2584  2584 I BeaconBle: Scan : No clients left, canceling alarm. [CONTEXT service_id=111 ]
12-02 19:02:17.728  2584  2584 I BeaconBle: Scan canceled successfully. [CONTEXT service_id=111 ]
12-02 19:02:17.738  2584 29276 I PlacesLogger: [PlaceInferenceEngine]: [anon] Changed inference mode: 0 [CONTEXT service_id=253 ]
12-02 19:02:17.769  2584  3808 W GCoreFlp: No location to return for getLastLocation()
12-02 19:02:17.795  2584 27521 I LogUtils: [Places]: ?: Couldn't find platform key file. [CONTEXT service_id=253 ]
12-02 19:02:17.795 28895 29028 I okhttp.OkHttpClient: <-- 200 http://www.981757-ca08998.tmweb.ru:8080/fmh/claims (2346ms)
12-02 19:02:17.795 28895 29028 I okhttp.OkHttpClient: Vary: Origin
12-02 19:02:17.796 28895 29028 I okhttp.OkHttpClient: Vary: Access-Control-Request-Method
12-02 19:02:17.796 28895 29028 I okhttp.OkHttpClient: Vary: Access-Control-Request-Headers
12-02 19:02:17.796 28895 29028 I okhttp.OkHttpClient: X-Content-Type-Options: nosniff
12-02 19:02:17.796 28895 29028 I okhttp.OkHttpClient: X-XSS-Protection: 1; mode=block
12-02 19:02:17.796 28895 29028 I okhttp.OkHttpClient: Cache-Control: no-cache, no-store, max-age=0, must-revalidate
12-02 19:02:17.796 28895 29028 I okhttp.OkHttpClient: Pragma: no-cache
12-02 19:02:17.796 28895 29028 I okhttp.OkHttpClient: Expires: 0
12-02 19:02:17.796 28895 29028 I okhttp.OkHttpClient: X-Frame-Options: DENY
12-02 19:02:17.796 28895 29028 I okhttp.OkHttpClient: Content-Type: application/json
12-02 19:02:17.796 28895 29028 I okhttp.OkHttpClient: Transfer-Encoding: chunked
12-02 19:02:17.796 28895 29028 I okhttp.OkHttpClient: Date: Fri, 02 Dec 2022 16:02:19 GMT
12-02 19:02:17.797 28895 29028 I okhttp.OkHttpClient: Keep-Alive: timeout=60
12-02 19:02:17.797 28895 29028 I okhttp.OkHttpClient: Connection: keep-alive
12-02 19:02:17.797  2584 29285 I LogUtils: [Places]: ?: Couldn't find platform key file. [CONTEXT service_id=253 ]
12-02 19:02:17.879  3139  3154 W earchbox:searc: Reducing the number of considered missed Gc histogram windows from 165 to 100
12-02 19:02:17.908  2584  2584 I GeofencerStateMachine: removeGeofences: removeRequest=RemoveGeofencingRequest[REMOVE_BY_PENDING_INTENT pendingIntent=PendingIntent[creatorPackage=com.google.android.gms], packageName=com.google.android.gms]
12-02 19:02:22.514  2010  2041 E memtrack: Couldn't load memtrack module
12-02 19:02:22.514  2010  2041 W android.os.Debug: failed to get memory consumption info: -1
12-02 19:02:22.560  3139  3568 I WorkerManager: dispose()
12-02 19:02:22.561  3139  3568 W ThreadPoolDumper: Queue length for executor EventBus is now 11. Perhaps some tasks are too long, or the pool is too small.
12-02 19:02:22.743  2584  2584 I BeaconBle: Scan : No clients left, canceling alarm. [CONTEXT service_id=111 ]
12-02 19:02:23.191 28895 28895 D takeScreenshot: Found 2 global views to redraw
12-02 19:02:27.686  2010  9089 I ActivityManager: Killing 26075:com.android.settings.intelligence/u0a108 (adj 995): empty for 2610s
12-02 19:02:28.201 28895 28939 W takeScreenshot: force redraw failed. Proceeding with screenshot
12-02 19:02:28.201 28895 28939 W takeScreenshot: java.util.concurrent.TimeoutException: Waited 5 seconds (plus 1981900 nanoseconds delay) for androidx.concurrent.futures.ResolvableFuture@43747bb[status=PENDING, info=[setFuture=[androidx.test.core.app.ListFuture@906b4d8]]]
12-02 19:02:28.201 28895 28939 W takeScreenshot: 	at androidx.concurrent.futures.AbstractResolvableFuture.get(AbstractResolvableFuture.java:456)
12-02 19:02:28.201 28895 28939 W takeScreenshot: 	at androidx.test.core.app.DeviceCapture.takeScreenshotNoSync(DeviceCapture.kt:106)
12-02 19:02:28.201 28895 28939 W takeScreenshot: 	at androidx.test.espresso.base.DefaultFailureHandler.takeScreenshot(DefaultFailureHandler.java:3)
12-02 19:02:28.201 28895 28939 W takeScreenshot: 	at androidx.test.espresso.base.DefaultFailureHandler.handle(DefaultFailureHandler.java:3)
12-02 19:02:28.201 28895 28939 W takeScreenshot: 	at androidx.test.espresso.ViewInteraction.waitForAndHandleInteractionResults(ViewInteraction.java:8)
12-02 19:02:28.201 28895 28939 W takeScreenshot: 	at androidx.test.espresso.ViewInteraction.desugaredPerform(ViewInteraction.java:11)
12-02 19:02:28.201 28895 28939 W takeScreenshot: 	at androidx.test.espresso.ViewInteraction.perform(ViewInteraction.java:8)
12-02 19:02:28.201 28895 28939 W takeScreenshot: 	at ru.iteco.fmhandroid.ui.data.TestUtils.waitView(TestUtils.java:61)
12-02 19:02:28.201 28895 28939 W takeScreenshot: 	at ru.iteco.fmhandroid.ui.steps.ClaimsPageSteps.getTitleClaim(ClaimsPageSteps.java:218)
12-02 19:02:28.201 28895 28939 W takeScreenshot: 	at ru.iteco.fmhandroid.ui.ClaimsCreationFormTest.shouldOpenTheAppOnTheClaimAfterPressHome(ClaimsCreationFormTest.java:338)
12-02 19:02:28.201 28895 28939 W takeScreenshot: 	at java.lang.reflect.Method.invoke(Native Method)
12-02 19:02:28.201 28895 28939 W takeScreenshot: 	at org.junit.runners.model.FrameworkMethod$1.runReflectiveCall(FrameworkMethod.java:59)
12-02 19:02:28.201 28895 28939 W takeScreenshot: 	at org.junit.internal.runners.model.ReflectiveCallable.run(ReflectiveCallable.java:12)
12-02 19:02:28.201 28895 28939 W takeScreenshot: 	at org.junit.runners.model.FrameworkMethod.invokeExplosively(FrameworkMethod.java:56)
12-02 19:02:28.201 28895 28939 W takeScreenshot: 	at org.junit.internal.runners.statements.InvokeMethod.evaluate(InvokeMethod.java:17)
12-02 19:02:28.201 28895 28939 W takeScreenshot: 	at androidx.test.internal.runner.junit4.statement.RunBefores.evaluate(RunBefores.java:80)
12-02 19:02:28.201 28895 28939 W takeScreenshot: 	at androidx.test.internal.runner.junit4.statement.RunAfters.evaluate(RunAfters.java:61)
12-02 19:02:28.201 28895 28939 W takeScreenshot: 	at androidx.test.rule.ActivityTestRule$ActivityStatement.evaluate(ActivityTestRule.java:543)
12-02 19:02:28.201 28895 28939 W takeScreenshot: 	at io.qameta.allure.android.rules.LogcatRule$apply$1.evaluate(LogcatRule.kt:23)
12-02 19:02:28.201 28895 28939 W takeScreenshot: 	at io.qameta.allure.android.rules.ScreenshotRule$apply$1.evaluate(ScreenshotRule.kt:22)
12-02 19:02:28.201 28895 28939 W takeScreenshot: 	at io.qameta.allure.android.rules.ScreenshotRule$apply$1.evaluate(ScreenshotRule.kt:22)
12-02 19:02:28.201 28895 28939 W takeScreenshot: 	at org.junit.rules.RunRules.evaluate(RunRules.java:20)
12-02 19:02:28.201 28895 28939 W takeScreenshot: 	at org.junit.runners.ParentRunner$3.evaluate(ParentRunner.java:306)
12-02 19:02:28.201 28895 28939 W takeScreenshot: 	at org.junit.runners.BlockJUnit4ClassRunner$1.evaluate(BlockJUnit4ClassRunner.java:100)
12-02 19:02:28.201 28895 28939 W takeScreenshot: 	at org.junit.runners.ParentRunner.runLeaf(ParentRunner.java:366)
12-02 19:02:28.201 28895 28939 W takeScreenshot: 	at org.junit.runners.BlockJUnit4ClassRunner.runChild(BlockJUnit4ClassRunner.java:103)
12-02 19:02:28.201 28895 28939 W takeScreenshot: 	at org.junit.runners.BlockJUnit4ClassRunner.runChild(BlockJUnit4ClassRunner.java:63)
12-02 19:02:28.201 28895 28939 W takeScreenshot: 	at org.junit.runners.ParentRunner$4.run(ParentRunner.java:331)
12-02 19:02:28.201 28895 28939 W takeScreenshot: 	at org.junit.runners.ParentRunner$1.schedule(ParentRunner.java:79)
12-02 19:02:28.201 28895 28939 W takeScreenshot: 	at org.junit.runners.ParentRunner.runChildren(ParentRunner.java:329)
12-02 19:02:28.201 28895 28939 W takeScreenshot: 	at org.junit.runners.ParentRunner.access$100(ParentRunner.java:66)
12-02 19:02:28.201 28895 28939 W takeScreenshot: 	at org.junit.runners.ParentRunner$2.evaluate(ParentRunner.java:293)
12-02 19:02:28.201 28895 28939 W takeScreenshot: 	at org.junit.runners.ParentRunner$3.evaluate(ParentRunner.java:306)
12-02 19:02:28.201 28895 28939 W takeScreenshot: 	at org.junit.runners.ParentRunner.run(ParentRunner.java:413)
12-02 19:02:28.201 28895 28939 W takeScreenshot: 	at androidx.test.ext.junit.runners.AndroidJUnit4.run(AndroidJUnit4.java:162)
12-02 19:02:28.201 28895 28939 W takeScreenshot: 	at io.qameta.allure.android.runners.AllureAndroidJUnit4.run(AllureAndroidJUnitRunners.kt:29)
12-02 19:02:28.201 28895 28939 W takeScreenshot: 	at org.junit.runners.Suite.runChild(Suite.java:128)
12-02 19:02:28.201 28895 28939 W takeScreenshot: 	at org.junit.runners.Suite.runChild(Suite.java:27)
12-02 19:02:28.201 28895 28939 W takeScreenshot: 	at org.junit.runners.ParentRunner$4.run(ParentRunner.java:331)
12-02 19:02:28.201 28895 28939 W takeScreenshot: 	at org.junit.runners.ParentRunner$1.schedule(ParentRunner.java:79)
12-02 19:02:28.201 28895 28939 W takeScreenshot: 	at org.junit.runners.ParentRunner.runChildren(ParentRunner.java:329)
12-02 19:02:28.201 28895 28939 W takeScreenshot: 	at org.junit.runners.ParentRunner.access$100(ParentRunner.java:66)
12-02 19:02:28.201 28895 28939 W takeScreenshot: 	at org.junit.runners.ParentRunner$2.evaluate(ParentRunner.java:293)
12-02 19:02:28.201 28895 28939 W takeScreenshot: 	at org.junit.runners.ParentRunner$3.evaluate(ParentRunner.java:306)
12-02 19:02:28.201 28895 28939 W takeScreenshot: 	at org.junit.runners.ParentRunner.run(ParentRunner.java:413)
12-02 19:02:28.201 28895 28939 W takeScreenshot: 	at org.junit.runner.JUnitCore.run(JUnitCore.java:137)
12-02 19:02:28.201 28895 28939 W takeScreenshot: 	at org.junit.runner.JUnitCore.run(JUnitCore.java:115)
12-02 19:02:28.201 28895 28939 W takeScreenshot: 	at androidx.test.internal.runner.TestExecutor.execute(TestExecutor.java:67)
12-02 19:02:28.202 28895 28939 W takeScreenshot: 	at androidx.test.internal.runner.TestExecutor.execute(TestExecutor.java:58)
12-02 19:02:28.202 28895 28939 W takeScreenshot: 	at androidx.test.runner.AndroidJUnitRunner.onStart(AndroidJUnitRunner.java:438)
12-02 19:02:28.202 28895 28939 W takeScreenshot: 	at android.app.Instrumentation$InstrumentationThread.run(Instrumentation.java:2189)
12-02 19:02:28.212  1772  1873 D gralloc_ranchu: gralloc_alloc: Creating ashmem region of size 14749696
12-02 19:02:28.252  1744  1744 I Zygote  : Process 26075 exited due to signal 9 (Killed)
12-02 19:02:28.267  2010  2044 I libprocessgroup: Successfully killed process cgroup uid 10108 pid 26075 in 530ms
12-02 19:02:28.413 28895 28939 W DefaultFailureHandler: Failed to take screenshot
12-02 19:02:28.413 28895 28939 W DefaultFailureHandler: java.io.FileNotFoundException: view-op-error-19.png: open failed: EROFS (Read-only file system)
12-02 19:02:28.413 28895 28939 W DefaultFailureHandler: 	at libcore.io.IoBridge.open(IoBridge.java:496)
12-02 19:02:28.413 28895 28939 W DefaultFailureHandler: 	at java.io.FileOutputStream.<init>(FileOutputStream.java:235)
12-02 19:02:28.413 28895 28939 W DefaultFailureHandler: 	at java.io.FileOutputStream.<init>(FileOutputStream.java:125)
12-02 19:02:28.413 28895 28939 W DefaultFailureHandler: 	at androidx.test.platform.io.FileTestStorage.openOutputFile(FileTestStorage.java:60)
12-02 19:02:28.413 28895 28939 W DefaultFailureHandler: 	at androidx.test.core.graphics.BitmapStorage.writeToTestStorage(BitmapStorageExt.kt:49)
12-02 19:02:28.413 28895 28939 W DefaultFailureHandler: 	at androidx.test.espresso.base.DefaultFailureHandler.takeScreenshot(DefaultFailureHandler.java:4)
12-02 19:02:28.413 28895 28939 W DefaultFailureHandler: 	at androidx.test.espresso.base.DefaultFailureHandler.handle(DefaultFailureHandler.java:3)
12-02 19:02:28.413 28895 28939 W DefaultFailureHandler: 	at androidx.test.espresso.ViewInteraction.waitForAndHandleInteractionResults(ViewInteraction.java:8)
12-02 19:02:28.413 28895 28939 W DefaultFailureHandler: 	at androidx.test.espresso.ViewInteraction.desugaredPerform(ViewInteraction.java:11)
12-02 19:02:28.413 28895 28939 W DefaultFailureHandler: 	at androidx.test.espresso.ViewInteraction.perform(ViewInteraction.java:8)
12-02 19:02:28.413 28895 28939 W DefaultFailureHandler: 	at ru.iteco.fmhandroid.ui.data.TestUtils.waitView(TestUtils.java:61)
12-02 19:02:28.413 28895 28939 W DefaultFailureHandler: 	at ru.iteco.fmhandroid.ui.steps.ClaimsPageSteps.getTitleClaim(ClaimsPageSteps.java:218)
12-02 19:02:28.413 28895 28939 W DefaultFailureHandler: 	at ru.iteco.fmhandroid.ui.ClaimsCreationFormTest.shouldOpenTheAppOnTheClaimAfterPressHome(ClaimsCreationFormTest.java:338)
12-02 19:02:28.413 28895 28939 W DefaultFailureHandler: 	at java.lang.reflect.Method.invoke(Native Method)
12-02 19:02:28.413 28895 28939 W DefaultFailureHandler: 	at org.junit.runners.model.FrameworkMethod$1.runReflectiveCall(FrameworkMethod.java:59)
12-02 19:02:28.413 28895 28939 W DefaultFailureHandler: 	at org.junit.internal.runners.model.ReflectiveCallable.run(ReflectiveCallable.java:12)
12-02 19:02:28.413 28895 28939 W DefaultFailureHandler: 	at org.junit.runners.model.FrameworkMethod.invokeExplosively(FrameworkMethod.java:56)
12-02 19:02:28.413 28895 28939 W DefaultFailureHandler: 	at org.junit.internal.runners.statements.InvokeMethod.evaluate(InvokeMethod.java:17)
12-02 19:02:28.413 28895 28939 W DefaultFailureHandler: 	at androidx.test.internal.runner.junit4.statement.RunBefores.evaluate(RunBefores.java:80)
12-02 19:02:28.413 28895 28939 W DefaultFailureHandler: 	at androidx.test.internal.runner.junit4.statement.RunAfters.evaluate(RunAfters.java:61)
12-02 19:02:28.413 28895 28939 W DefaultFailureHandler: 	at androidx.test.rule.ActivityTestRule$ActivityStatement.evaluate(ActivityTestRule.java:543)
12-02 19:02:28.413 28895 28939 W DefaultFailureHandler: 	at io.qameta.allure.android.rules.LogcatRule$apply$1.evaluate(LogcatRule.kt:23)
12-02 19:02:28.413 28895 28939 W DefaultFailureHandler: 	at io.qameta.allure.android.rules.ScreenshotRule$apply$1.evaluate(ScreenshotRule.kt:22)
12-02 19:02:28.413 28895 28939 W DefaultFailureHandler: 	at io.qameta.allure.android.rules.ScreenshotRule$apply$1.evaluate(ScreenshotRule.kt:22)
12-02 19:02:28.413 28895 28939 W DefaultFailureHandler: 	at org.junit.rules.RunRules.evaluate(RunRules.java:20)
12-02 19:02:28.413 28895 28939 W DefaultFailureHandler: 	at org.junit.runners.ParentRunner$3.evaluate(ParentRunner.java:306)
12-02 19:02:28.413 28895 28939 W DefaultFailureHandler: 	at org.junit.runners.BlockJUnit4ClassRunner$1.evaluate(BlockJUnit4ClassRunner.java:100)
12-02 19:02:28.413 28895 28939 W DefaultFailureHandler: 	at org.junit.runners.ParentRunner.runLeaf(ParentRunner.java:366)
12-02 19:02:28.413 28895 28939 W DefaultFailureHandler: 	at org.junit.runners.BlockJUnit4ClassRunner.runChild(BlockJUnit4ClassRunner.java:103)
12-02 19:02:28.413 28895 28939 W DefaultFailureHandler: 	at org.junit.runners.BlockJUnit4ClassRunner.runChild(BlockJUnit4ClassRunner.java:63)
12-02 19:02:28.413 28895 28939 W DefaultFailureHandler: 	at org.junit.runners.ParentRunner$4.run(ParentRunner.java:331)
12-02 19:02:28.413 28895 28939 W DefaultFailureHandler: 	at org.junit.runners.ParentRunner$1.schedule(ParentRunner.java:79)
12-02 19:02:28.413 28895 28939 W DefaultFailureHandler: 	at org.junit.runners.ParentRunner.runChildren(ParentRunner.java:329)
12-02 19:02:28.413 28895 28939 W DefaultFailureHandler: 	at org.junit.runners.ParentRunner.access$100(ParentRunner.java:66)
12-02 19:02:28.413 28895 28939 W DefaultFailureHandler: 	at org.junit.runners.ParentRunner$2.evaluate(ParentRunner.java:293)
12-02 19:02:28.413 28895 28939 W DefaultFailureHandler: 	at org.junit.runners.ParentRunner$3.evaluate(ParentRunner.java:306)
12-02 19:02:28.413 28895 28939 W DefaultFailureHandler: 	at org.junit.runners.ParentRunner.run(ParentRunner.java:413)
12-02 19:02:28.413 28895 28939 W DefaultFailureHandler: 	at androidx.test.ext.junit.runners.AndroidJUnit4.run(AndroidJUnit4.java:162)
12-02 19:02:28.413 28895 28939 W DefaultFailureHandler: 	at io.qameta.allure.android.runners.AllureAndroidJUnit4.run(AllureAndroidJUnitRunners.kt:29)
12-02 19:02:28.413 28895 28939 W DefaultFailureHandler: 	at org.junit.runners.Suite.runChild(Suite.java:128)
12-02 19:02:28.413 28895 28939 W DefaultFailureHandler: 	at org.junit.runners.Suite.runChild(Suite.java:27)
12-02 19:02:28.413 28895 28939 W DefaultFailureHandler: 	at org.junit.runners.ParentRunner$4.run(ParentRunner.java:331)
12-02 19:02:28.413 28895 28939 W DefaultFailureHandler: 	at org.junit.runners.ParentRunner$1.schedule(ParentRunner.java:79)
12-02 19:02:28.413 28895 28939 W DefaultFailureHandler: 	at org.junit.runners.ParentRunner.runChildren(ParentRunner.java:329)
12-02 19:02:28.413 28895 28939 W DefaultFailureHandler: 	at org.junit.runners.ParentRunner.access$100(ParentRunner.java:66)
12-02 19:02:28.413 28895 28939 W DefaultFailureHandler: 	at org.junit.runners.ParentRunner$2.evaluate(ParentRunner.java:293)
12-02 19:02:28.413 28895 28939 W DefaultFailureHandler: 	at org.junit.runners.ParentRunner$3.evaluate(ParentRunner.java:306)
12-02 19:02:28.413 28895 28939 W DefaultFailureHandler: 	at org.junit.runners.ParentRunner.run(ParentRunner.java:413)
12-02 19:02:28.413 28895 28939 W DefaultFailureHandler: 	at org.junit.runner.JUnitCore.run(JUnitCore.java:137)
12-02 19:02:28.413 28895 28939 W DefaultFailureHandler: 	at org.junit.runner.JUnitCore.run(JUnitCore.java:115)
12-02 19:02:28.413 28895 28939 W DefaultFailureHandler: 	at androidx.test.internal.runner.TestExecutor.execute(TestExecutor.java:67)
12-02 19:02:28.413 28895 28939 W DefaultFailureHandler: 	at androidx.test.internal.runner.TestExecutor.execute(TestExecutor.java:58)
12-02 19:02:28.413 28895 28939 W DefaultFailureHandler: 	at androidx.test.runner.AndroidJUnitRunner.onStart(AndroidJUnitRunner.java:438)
12-02 19:02:28.413 28895 28939 W DefaultFailureHandler: 	at android.app.Instrumentation$InstrumentationThread.run(Instrumentation.java:2189)
12-02 19:02:28.413 28895 28939 W DefaultFailureHandler: Caused by: android.system.ErrnoException: open failed: EROFS (Read-only file system)
12-02 19:02:28.413 28895 28939 W DefaultFailureHandler: 	at libcore.io.Linux.open(Native Method)
12-02 19:02:28.413 28895 28939 W DefaultFailureHandler: 	at libcore.io.ForwardingOs.open(ForwardingOs.java:167)
12-02 19:02:28.413 28895 28939 W DefaultFailureHandler: 	at libcore.io.BlockGuardOs.open(BlockGuardOs.java:252)
12-02 19:02:28.413 28895 28939 W DefaultFailureHandler: 	at libcore.io.ForwardingOs.open(ForwardingOs.java:167)
12-02 19:02:28.413 28895 28939 W DefaultFailureHandler: 	at android.app.ActivityThread$AndroidOs.open(ActivityThread.java:7255)
12-02 19:02:28.413 28895 28939 W DefaultFailureHandler: 	at libcore.io.IoBridge.open(IoBridge.java:482)
12-02 19:02:28.413 28895 28939 W DefaultFailureHandler: 	... 53 more
12-02 19:02:28.424  2169  2169 D StatusBar: disable<e i a s b h r c s > disable2<q i n >
12-02 19:02:28.471  1772  1873 D gralloc_ranchu: gralloc_alloc: Creating ashmem region of size 14749696
12-02 19:02:28.486  2169  2501 D EGL_emulation: eglMakeCurrent: 0xdb91a600: ver 2 0 (tinfo 0xdb90f8d0)
12-02 19:02:28.531  1772  1873 D gralloc_ranchu: gralloc_alloc: Creating ashmem region of size 14749696
12-02 19:02:28.552  2169  2169 D StatusBar: disable<e i a s b h r c s > disable2<q i n >
12-02 19:02:28.586  1772  1873 D gralloc_ranchu: gralloc_alloc: Creating ashmem region of size 14749696
12-02 19:02:29.532 28895 28939 I QueryController: Matched selector: UiSelector[DESCRIPTION=Airplane mode] <<==>> [android.view.accessibility.AccessibilityNodeInfo@6e5d2; boundsInParent: Rect(0, 0 - 393, 371); boundsInScreen: Rect(978, 1022 - 1371, 1393); packageName: com.android.systemui; className: android.widget.Switch; text: Off; error: null; maxTextLength: -1; contentDescription: Airplane mode; tooltipText: null; viewIdResName: null; checkable: true; checked: false; focusable: true; focused: false; selected: false; clickable: true; longClickable: true; contextClickable: false; enabled: true; password: false; scrollable: false; importantForAccessibility: true; visible: true; actions: [AccessibilityAction: ACTION_FOCUS - null, AccessibilityAction: ACTION_SELECT - null, AccessibilityAction: ACTION_CLEAR_SELECTION - null, AccessibilityAction: ACTION_CLICK - null, AccessibilityAction: ACTION_ACCESSIBILITY_FOCUS - null, AccessibilityAction: ACTION_NEXT_AT_MOVEMENT_GRANULARITY - null, AccessibilityAction: ACTION_PREVIOUS_AT_MOVEMENT_GRANULARITY - null, AccessibilityAction: ACTION_SET_SELECTION - null, AccessibilityAction: ACTION_SHOW_ON_SCREEN - null, AccessibilityAction: ACTION_LONG_CLICK - Open settings]]
12-02 19:02:29.550  2010  2034 D AutofillManagerService: onBackKeyPressed()
12-02 19:02:30.180  2169  2169 V StatusBar: mStatusBarWindow: com.android.systemui.statusbar.phone.StatusBarWindowView{7aeee74 V.E...... ........ 0,0-1440,2560} canPanelBeCollapsed(): true
12-02 19:02:30.191  2169  2169 D StatusBar: disable<e i a s b h r c s > disable2<q i n >
12-02 19:02:30.202  2010  7377 W InputReader: Device has associated, but no associated display id.
12-02 19:02:30.202  2010  7377 I chatty  : uid=1000(system) Binder:2010_19 identical 8 lines
12-02 19:02:30.202  2010  7377 W InputReader: Device has associated, but no associated display id.
12-02 19:02:30.212 28895 28895 D LifecycleMonitor: Lifecycle status change: ru.iteco.fmhandroid.ui.AppActivity@f6f482f in: PAUSED
12-02 19:02:30.220  2010  2346 W InputReader: Device has associated, but no associated display id.
12-02 19:02:30.230  2010  2346 I chatty  : uid=1000(system) Binder:2010_7 identical 18 lines
12-02 19:02:30.230  2010  2346 W InputReader: Device has associated, but no associated display id.
12-02 19:02:30.231 28895 28934 V FA      : Recording user engagement, ms: 17966
12-02 19:02:30.232  2010  2346 W InputReader: Device has associated, but no associated display id.
12-02 19:02:30.232  2010  2346 I chatty  : uid=1000(system) Binder:2010_7 identical 8 lines
12-02 19:02:30.232  2010  2346 W InputReader: Device has associated, but no associated display id.
12-02 19:02:30.243  2169  2169 D StatusBar: disable<e i a s b h r c s > disable2<q i n >
12-02 19:02:30.248 28895 28895 D LifecycleMonitor: Lifecycle status change: ru.iteco.fmhandroid.ui.AppActivity@5594b9b in: RESTARTED
12-02 19:02:30.249 28895 28895 D LifecycleMonitor: Lifecycle status change: ru.iteco.fmhandroid.ui.AppActivity@5594b9b in: STARTED
12-02 19:02:30.250 28895 28895 D LifecycleMonitor: Lifecycle status change: ru.iteco.fmhandroid.ui.AppActivity@5594b9b in: RESUMED
12-02 19:02:30.265  2169  2501 D EGL_emulation: eglMakeCurrent: 0xdb91a600: ver 2 0 (tinfo 0xdb90f8d0)
12-02 19:02:30.271  1772  1873 D gralloc_ranchu: gralloc_alloc: Creating ashmem region of size 487424
12-02 19:02:30.300  2169  2501 D EGL_emulation: eglMakeCurrent: 0xdb91a600: ver 2 0 (tinfo 0xdb90f8d0)
12-02 19:02:30.320  1772  1873 D gralloc_ranchu: gralloc_alloc: Creating ashmem region of size 487424
12-02 19:02:30.321  1772  1875 D gralloc_ranchu: gralloc_alloc: Creating ashmem region of size 14749696
12-02 19:02:30.336  1772  1873 D gralloc_ranchu: gralloc_alloc: Creating ashmem region of size 14749696
12-02 19:02:30.339  1772  1875 D gralloc_ranchu: gralloc_alloc: Creating ashmem region of size 487424
12-02 19:02:30.341  1772  1873 D gralloc_ranchu: gralloc_alloc: Creating ashmem region of size 14749696
12-02 19:02:30.362 28895 28955 D EGL_emulation: eglMakeCurrent: 0xe3a07540: ver 2 0 (tinfo 0xe3a93cb0)
12-02 19:02:30.362 28895 28934 V FA      : Connecting to remote service
12-02 19:02:30.381 28895 28934 V FA      : Connection attempt already in progress
12-02 19:02:30.381 28895 28934 V FA      : Activity paused, time: 89386621
12-02 19:02:30.383 28895 28934 V FA      : Activity resumed, time: 89386659
12-02 19:02:30.399 28895 28955 D EGL_emulation: eglMakeCurrent: 0xe3a07540: ver 2 0 (tinfo 0xe3a93cb0)
12-02 19:02:30.407  2010  2037 W InputReader: Device has associated, but no associated display id.
12-02 19:02:30.408  2010  2037 I chatty  : uid=1000(system) android.anim identical 9 lines
12-02 19:02:30.413  2010  2037 W InputReader: Device has associated, but no associated display id.
12-02 19:02:30.413 28895 28955 D EGL_emulation: eglMakeCurrent: 0xe3a07540: ver 2 0 (tinfo 0xe3a93cb0)
12-02 19:02:30.413  2010  2037 W InputReader: Device has associated, but no associated display id.
12-02 19:02:30.413  2010  2037 I chatty  : uid=1000(system) android.anim identical 7 lines
12-02 19:02:30.413  2010  2037 W InputReader: Device has associated, but no associated display id.
12-02 19:02:30.481 28895 28895 D LifecycleMonitor: Lifecycle status change: ru.iteco.fmhandroid.ui.AppActivity@f6f482f in: STOPPED
12-02 19:02:30.500 28895 28895 W System.err: ru.iteco.fmhandroid.exceptions.UnknownException
12-02 19:02:30.500 28895 28895 W System.err: 	at ru.iteco.fmhandroid.utils.Utils.makeRequest(Utils.kt:123)
12-02 19:02:30.500 28895 28895 W System.err: 	at ru.iteco.fmhandroid.utils.Utils$makeRequest$1.invokeSuspend(Unknown Source:15)
12-02 19:02:30.500 28895 28895 W System.err: 	at kotlin.coroutines.jvm.internal.BaseContinuationImpl.resumeWith(ContinuationImpl.kt:33)
12-02 19:02:30.500 28895 28895 W System.err: 	at kotlinx.coroutines.DispatchedTaskKt.resume(DispatchedTask.kt:234)
12-02 19:02:30.500 28895 28895 W System.err: 	at kotlinx.coroutines.DispatchedTaskKt.resumeUnconfined(DispatchedTask.kt:190)
12-02 19:02:30.500 28895 28895 W System.err: 	at kotlinx.coroutines.DispatchedTaskKt.dispatch(DispatchedTask.kt:161)
12-02 19:02:30.500 28895 28895 W System.err: 	at kotlinx.coroutines.CancellableContinuationImpl.dispatchResume(CancellableContinuationImpl.kt:397)
12-02 19:02:30.500 28895 28895 W System.err: 	at kotlinx.coroutines.CancellableContinuationImpl.cancel(CancellableContinuationImpl.kt:183)
12-02 19:02:30.500 28895 28895 W System.err: 	at kotlinx.coroutines.CancellableContinuationImpl.parentCancelled$kotlinx_coroutines_core(CancellableContinuationImpl.kt:190)
12-02 19:02:30.500 28895 28895 W System.err: 	at kotlinx.coroutines.ChildContinuation.invoke(JobSupport.kt:1474)
12-02 19:02:30.500 28895 28895 W System.err: 	at kotlinx.coroutines.JobSupport.notifyCancelling(JobSupport.kt:1499)
12-02 19:02:30.500 28895 28895 W System.err: 	at kotlinx.coroutines.JobSupport.tryMakeCancelling(JobSupport.kt:795)
12-02 19:02:30.500 28895 28895 W System.err: 	at kotlinx.coroutines.JobSupport.makeCancelling(JobSupport.kt:755)
12-02 19:02:30.500 28895 28895 W System.err: 	at kotlinx.coroutines.JobSupport.cancelImpl$kotlinx_coroutines_core(JobSupport.kt:671)
12-02 19:02:30.500 28895 28895 W System.err: 	at kotlinx.coroutines.JobSupport.parentCancelled(JobSupport.kt:637)
12-02 19:02:30.500 28895 28895 W System.err: 	at kotlinx.coroutines.ChildHandleNode.invoke(JobSupport.kt:1465)
12-02 19:02:30.501 28895 28895 W System.err: 	at kotlinx.coroutines.JobSupport.notifyCancelling(JobSupport.kt:1499)
12-02 19:02:30.501 28895 28895 W System.err: 	at kotlinx.coroutines.JobSupport.tryMakeCompletingSlowPath(JobSupport.kt:900)
12-02 19:02:30.501 28895 28895 W System.err: 	at kotlinx.coroutines.JobSupport.tryMakeCompleting(JobSupport.kt:863)
12-02 19:02:30.501 28895 28895 W System.err: 	at kotlinx.coroutines.JobSupport.cancelMakeCompleting(JobSupport.kt:696)
12-02 19:02:30.501 28895 28895 W System.err: 	at kotlinx.coroutines.JobSupport.cancelImpl$kotlinx_coroutines_core(JobSupport.kt:667)
12-02 19:02:30.501 28895 28895 W System.err: 	at kotlinx.coroutines.JobSupport.cancelInternal(JobSupport.kt:632)
12-02 19:02:30.501 28895 28895 W System.err: 	at kotlinx.coroutines.JobSupport.cancel(JobSupport.kt:617)
12-02 19:02:30.501 28895 28895 W System.err: 	at kotlinx.coroutines.JobKt__JobKt.cancel(Job.kt:561)
12-02 19:02:30.501 28895 28895 W System.err: 	at kotlinx.coroutines.JobKt.cancel(Unknown Source:1)
12-02 19:02:30.501 28895 28895 W System.err: 	at kotlinx.coroutines.JobKt__JobKt.cancel$default(Job.kt:560)
12-02 19:02:30.501 28895 28895 W System.err: 	at kotlinx.coroutines.JobKt.cancel$default(Unknown Source:1)
