12-08 10:09:54.550  9674  9802 I okhttp.OkHttpClient: X-Content-Type-Options: nosniff
12-08 10:09:54.552  9674  9802 I okhttp.OkHttpClient: X-XSS-Protection: 1; mode=block
12-08 10:09:54.552  9674  9802 I okhttp.OkHttpClient: Cache-Control: no-cache, no-store, max-age=0, must-revalidate
12-08 10:09:54.552  9674  9802 I okhttp.OkHttpClient: Pragma: no-cache
12-08 10:09:54.552  9674  9802 I okhttp.OkHttpClient: Expires: 0
12-08 10:09:54.552  9674  9802 I okhttp.OkHttpClient: X-Frame-Options: DENY
12-08 10:09:54.552  9674  9802 I okhttp.OkHttpClient: Content-Type: application/json
12-08 10:09:54.552  9674  9802 I okhttp.OkHttpClient: Transfer-Encoding: chunked
12-08 10:09:54.552  9674  9802 I okhttp.OkHttpClient: Date: Thu, 08 Dec 2022 10:09:56 GMT
12-08 10:09:54.552  9674  9802 I okhttp.OkHttpClient: Keep-Alive: timeout=60
12-08 10:09:54.554  9674  9802 I okhttp.OkHttpClient: Connection: keep-alive
12-08 10:09:54.555  9674  9802 I okhttp.OkHttpClient: {"accessToken":"eyJhbGciOiJIUzUxMiJ9.eyJzdWIiOiJsb2dpbjIiLCJqdGkiOiIyIiwiZXhwIjoxNjcwNTgwNTk2fQ.pd5SY22AXDIylQ3ozota7EPrve28F1_kb5AHK3nggIoxhiKHg_p_rPEgpawf5DMZv4QMrJBf8-tYaak-5FiBYQ","refreshToken":"eyJhbGciOiJIUzUxMiJ9.eyJzdWIiOiJsb2dpbjIiLCJqdGkiOiIyIiwiZXhwIjoxNjczMDg2MTk2fQ.Kn5VHvTUlU93u3TlXLRYiWz9RX_F3v0ibVUVyGBSaJIQTg2dSJOOOyHCOoPf6C9KQL3YW66uJSdKPwTLfqAwFA"}
12-08 10:09:54.555  9674  9802 I okhttp.OkHttpClient: <-- END HTTP (368-byte body)
12-08 10:09:54.560  9674  9783 I okhttp.OkHttpClient: --> GET http://www.981757-ca08998.tmweb.ru:8080/fmh/authentication/userInfo
12-08 10:09:54.560  9674  9783 I okhttp.OkHttpClient: --> END GET
12-08 10:09:54.676  9674  9783 I okhttp.OkHttpClient: <-- 200 http://www.981757-ca08998.tmweb.ru:8080/fmh/authentication/userInfo (115ms)
12-08 10:09:54.676  9674  9783 I okhttp.OkHttpClient: Vary: Origin
12-08 10:09:54.676  9674  9783 I okhttp.OkHttpClient: Vary: Access-Control-Request-Method
12-08 10:09:54.676  9674  9783 I okhttp.OkHttpClient: Vary: Access-Control-Request-Headers
12-08 10:09:54.676  9674  9783 I okhttp.OkHttpClient: X-Content-Type-Options: nosniff
12-08 10:09:54.676  9674  9783 I okhttp.OkHttpClient: X-XSS-Protection: 1; mode=block
12-08 10:09:54.676  9674  9783 I okhttp.OkHttpClient: Cache-Control: no-cache, no-store, max-age=0, must-revalidate
12-08 10:09:54.676  9674  9783 I okhttp.OkHttpClient: Pragma: no-cache
12-08 10:09:54.676  9674  9783 I okhttp.OkHttpClient: Expires: 0
12-08 10:09:54.677  9674  9783 I okhttp.OkHttpClient: X-Frame-Options: DENY
12-08 10:09:54.677  9674  9783 I okhttp.OkHttpClient: Content-Type: application/json
12-08 10:09:54.677  9674  9783 I okhttp.OkHttpClient: Transfer-Encoding: chunked
12-08 10:09:54.677  9674  9783 I okhttp.OkHttpClient: Date: Thu, 08 Dec 2022 10:09:56 GMT
12-08 10:09:54.677  9674  9783 I okhttp.OkHttpClient: Keep-Alive: timeout=60
12-08 10:09:54.678  9674  9783 I okhttp.OkHttpClient: Connection: keep-alive
12-08 10:09:54.678  9674  9783 I okhttp.OkHttpClient: {"id":2,"firstName":"Данил","lastName":"Иванов","middleName":"Данилович","admin":true}
12-08 10:09:54.678  9674  9783 I okhttp.OkHttpClient: <-- END HTTP (106-byte body)
12-08 10:09:54.693  9674  9804 I okhttp.OkHttpClient: --> GET http://www.981757-ca08998.tmweb.ru:8080/fmh/claims
12-08 10:09:54.693  9674  9804 I okhttp.OkHttpClient: --> END GET
12-08 10:09:54.889  9674  9674 I ViewInteraction: Checking 'MatchesViewAssertion{viewMatcher=(view has effective visibility <VISIBLE> and view.getGlobalVisibleRect() to return non-empty rectangle)}' assertion on view an instance of android.widget.TextView and view.getText() with or without transformation to match: is "News"
12-08 10:09:54.896  9674  9674 I ViewInteraction: Performing 'wait for a specific view with <view.getId() is <2131230951>> during 10000 millis.' action on view view.getRootView() to equal view
12-08 10:09:54.899  9674  9718 W teco.fmhandroi: Accessing hidden method Lsun/misc/Unsafe;->compareAndSwapObject(Ljava/lang/Object;JLjava/lang/Object;Ljava/lang/Object;)Z (greylist, linking, allowed)
12-08 10:09:54.900  9674  9795 W teco.fmhandroi: Accessing hidden method Lsun/misc/Unsafe;->compareAndSwapObject(Ljava/lang/Object;JLjava/lang/Object;Ljava/lang/Object;)Z (greylist, linking, allowed)
12-08 10:09:54.907  9674  9674 I ViewInteraction: Checking 'MatchesViewAssertion{viewMatcher=(view has effective visibility <VISIBLE> and view.getGlobalVisibleRect() to return non-empty rectangle)}' assertion on view view.getId() is <2131230951/ru.iteco.fmhandroid:id/container_list_news_include_on_fragment_main>
12-08 10:09:54.910  9674  9718 W teco.fmhandroi: Accessing hidden method Lsun/misc/Unsafe;->compareAndSwapObject(Ljava/lang/Object;JLjava/lang/Object;Ljava/lang/Object;)Z (greylist, linking, allowed)
12-08 10:09:54.919  9674  9674 I ViewInteraction: Performing 'wait for a specific view with <view.getId() is <2131230949>> during 10000 millis.' action on view view.getRootView() to equal view
12-08 10:09:54.922  9674  9718 W teco.fmhandroi: Accessing hidden method Lsun/misc/Unsafe;->compareAndSwapObject(Ljava/lang/Object;JLjava/lang/Object;Ljava/lang/Object;)Z (greylist, linking, allowed)
12-08 10:09:54.924  9674  9795 W teco.fmhandroi: Accessing hidden method Lsun/misc/Unsafe;->compareAndSwapObject(Ljava/lang/Object;JLjava/lang/Object;Ljava/lang/Object;)Z (greylist, linking, allowed)
12-08 10:09:54.928  9674  9674 I ViewInteraction: Checking 'MatchesViewAssertion{viewMatcher=(view has effective visibility <VISIBLE> and view.getGlobalVisibleRect() to return non-empty rectangle)}' assertion on view view.getId() is <2131230949/ru.iteco.fmhandroid:id/container_list_claim_include_on_fragment_main>
12-08 10:09:54.931  9674  9718 W teco.fmhandroi: Accessing hidden method Lsun/misc/Unsafe;->compareAndSwapObject(Ljava/lang/Object;JLjava/lang/Object;Ljava/lang/Object;)Z (greylist, linking, allowed)
12-08 10:09:54.936  9674  9674 I ViewInteraction: Performing 'wait for a specific view with <an instance of android.widget.TextView and view.getText() with or without transformation to match: is "Claims"> during 10000 millis.' action on view view.getRootView() to equal view
12-08 10:09:54.943  9674  9674 I ViewInteraction: Checking 'MatchesViewAssertion{viewMatcher=(view has effective visibility <VISIBLE> and view.getGlobalVisibleRect() to return non-empty rectangle)}' assertion on view an instance of android.widget.TextView and view.getText() with or without transformation to match: is "Claims"
12-08 10:09:54.946  9674  9718 W teco.fmhandroi: Accessing hidden method Lsun/misc/Unsafe;->compareAndSwapObject(Ljava/lang/Object;JLjava/lang/Object;Ljava/lang/Object;)Z (greylist, linking, allowed)
12-08 10:09:54.950  9674  9674 I ViewInteraction: Performing 'wait for a specific view with <view.getId() is <2131231123>> during 10000 millis.' action on view view.getRootView() to equal view
12-08 10:09:54.954  9674  9718 W teco.fmhandroi: Accessing hidden method Lsun/misc/Unsafe;->compareAndSwapObject(Ljava/lang/Object;JLjava/lang/Object;Ljava/lang/Object;)Z (greylist, linking, allowed)
12-08 10:09:54.958  9674  9674 I ViewInteraction: Performing 'single click' action on view view.getId() is <2131231123/ru.iteco.fmhandroid:id/main_menu_image_button>
12-08 10:09:55.104  1776  1927 D gralloc_ranchu: gralloc_alloc: Creating ashmem region of size 2015232
12-08 10:09:55.114  1776  1927 I chatty  : uid=1000(system) HwBinder:1776_3 identical 1 line
12-08 10:09:55.119  1776  1927 D gralloc_ranchu: gralloc_alloc: Creating ashmem region of size 2015232
12-08 10:09:55.164  9674  9770 D EGL_emulation: eglMakeCurrent: 0xdd81b860: ver 2 0 (tinfo 0xc3288080)
12-08 10:09:55.588  9674  9770 D EGL_emulation: eglMakeCurrent: 0xdd81b860: ver 2 0 (tinfo 0xc3288080)
12-08 10:09:55.608  9674  9674 I Choreographer: Skipped 30 frames!  The application may be doing too much work on its main thread.
12-08 10:09:55.636  9674  9770 D EGL_emulation: eglMakeCurrent: 0xdd81b860: ver 2 0 (tinfo 0xc3288080)
12-08 10:09:55.709  9674  9770 I chatty  : uid=10146(ru.iteco.fmhandroid) RenderThread identical 3 lines
12-08 10:09:55.727  9674  9770 D EGL_emulation: eglMakeCurrent: 0xdd81b860: ver 2 0 (tinfo 0xc3288080)
12-08 10:09:55.789  1905  1905 E wifi_forwarder: RemoteConnection failed to initialize: RemoteConnection failed to open pipe
12-08 10:09:55.951  9674  9718 W teco.fmhandroi: Accessing hidden method Lsun/misc/Unsafe;->compareAndSwapObject(Ljava/lang/Object;JLjava/lang/Object;Ljava/lang/Object;)Z (greylist, linking, allowed)
12-08 10:09:55.953  9674  9674 I ViewInteraction: Performing 'wait for a specific view with <an instance of android.widget.TextView and view.getText() with or without transformation to match: is "Claims"> during 10000 millis.' action on view view.getRootView() to equal view
12-08 10:09:55.955  9674  9795 W teco.fmhandroi: Accessing hidden method Lsun/misc/Unsafe;->getObject(Ljava/lang/Object;J)Ljava/lang/Object; (greylist, linking, allowed)
12-08 10:09:55.959  9674  9674 I ViewInteraction: Performing 'single click' action on view an instance of android.widget.TextView and view.getText() with or without transformation to match: is "Claims"
12-08 10:09:56.132  9674  9805 I okhttp.OkHttpClient: --> GET http://www.981757-ca08998.tmweb.ru:8080/fmh/claims
12-08 10:09:56.132  9674  9805 I okhttp.OkHttpClient: --> END GET
12-08 10:09:56.138  1744  9806 E ResolverController: No valid NAT64 prefix (106, <unspecified>/0)
12-08 10:09:56.255  9674  9770 D EGL_emulation: eglMakeCurrent: 0xdd81b860: ver 2 0 (tinfo 0xc3288080)
12-08 10:09:56.313  9674  9770 D EGL_emulation: eglMakeCurrent: 0xdd81b860: ver 2 0 (tinfo 0xc3288080)
12-08 10:09:56.612  9674  9795 W teco.fmhandroi: Accessing hidden method Lsun/misc/Unsafe;->compareAndSwapObject(Ljava/lang/Object;JLjava/lang/Object;Ljava/lang/Object;)Z (greylist, linking, allowed)
12-08 10:09:56.618  9674  9674 I ViewInteraction: Performing 'wait for a specific view with <view.getId() is <2131230849>> during 10000 millis.' action on view view.getRootView() to equal view
12-08 10:09:56.621  9674  9718 W teco.fmhandroi: Accessing hidden method Lsun/misc/Unsafe;->compareAndSwapObject(Ljava/lang/Object;JLjava/lang/Object;Ljava/lang/Object;)Z (greylist, linking, allowed)
12-08 10:09:56.641  9674  9674 I ViewInteraction: Performing 'single click' action on view view.getId() is <2131230849/ru.iteco.fmhandroid:id/add_new_claim_material_button>
12-08 10:09:56.709  9674  9783 I okhttp.OkHttpClient: --> GET http://www.981757-ca08998.tmweb.ru:8080/fmh/users
12-08 10:09:56.710  9674  9783 I okhttp.OkHttpClient: --> END GET
12-08 10:09:56.906  9674  9783 I okhttp.OkHttpClient: <-- 200 http://www.981757-ca08998.tmweb.ru:8080/fmh/users (195ms)
12-08 10:09:56.906  9674  9783 I okhttp.OkHttpClient: Vary: Origin
12-08 10:09:56.906  9674  9783 I okhttp.OkHttpClient: Vary: Access-Control-Request-Method
12-08 10:09:56.906  9674  9783 I okhttp.OkHttpClient: Vary: Access-Control-Request-Headers
12-08 10:09:56.907  9674  9783 I okhttp.OkHttpClient: X-Content-Type-Options: nosniff
12-08 10:09:56.908  9674  9783 I okhttp.OkHttpClient: X-XSS-Protection: 1; mode=block
12-08 10:09:56.908  9674  9783 I okhttp.OkHttpClient: Cache-Control: no-cache, no-store, max-age=0, must-revalidate
12-08 10:09:56.908  9674  9783 I okhttp.OkHttpClient: Pragma: no-cache
12-08 10:09:56.909  9674  9783 I okhttp.OkHttpClient: Expires: 0
12-08 10:09:56.909  9674  9783 I okhttp.OkHttpClient: X-Frame-Options: DENY
12-08 10:09:56.909  9674  9783 I okhttp.OkHttpClient: Content-Type: application/json
12-08 10:09:56.910  9674  9783 I okhttp.OkHttpClient: Transfer-Encoding: chunked
12-08 10:09:56.910  9674  9783 I okhttp.OkHttpClient: Date: Thu, 08 Dec 2022 10:09:59 GMT
12-08 10:09:56.910  9674  9783 I okhttp.OkHttpClient: Keep-Alive: timeout=60
12-08 10:09:56.911  9674  9783 I okhttp.OkHttpClient: Connection: keep-alive
12-08 10:09:56.915  9674  9783 I okhttp.OkHttpClient: [{"id":1,"firstName":"Петр","lastName":"Смирнов","middleName":"Петрович","admin":true},{"id":2,"firstName":"Данил","lastName":"Иванов","middleName":"Данилович","admin":true},{"id":3,"firstName":"Егор","lastName":"Петров","middleName":"Егорович","admin":false},{"id":4,"firstName":"Дмитрий","lastName":"Сидоров","middleName":"Дмитриевич","admin":false},{"id":5,"firstName":"Тест","lastName":"Тестов","middleName":"Тестович","admin":true},{"id":6,"firstName":"Diplom","lastName":"Netology","middleName":"QAMID","admin":true}]
12-08 10:09:56.915  9674  9783 I okhttp.OkHttpClient: <-- END HTTP (622-byte body)
12-08 10:09:57.432  9674  9718 W teco.fmhandroi: Accessing hidden method Lsun/misc/Unsafe;->compareAndSwapObject(Ljava/lang/Object;JLjava/lang/Object;Ljava/lang/Object;)Z (greylist, linking, allowed)
12-08 10:09:57.438  9674  9674 I ViewInteraction: Performing 'wait for a specific view with <(view.getId() is <2131231402> and view.getParent() view.getParent() view.getId() is <2131231406>)> during 10000 millis.' action on view view.getRootView() to equal view
12-08 10:09:57.444  9674  9718 W teco.fmhandroi: Accessing hidden method Lsun/misc/Unsafe;->compareAndSwapObject(Ljava/lang/Object;JLjava/lang/Object;Ljava/lang/Object;)Z (greylist, linking, allowed)
12-08 10:09:57.452  9674  9674 I ViewInteraction: Performing 'replace text(Заголовок 1318f0b5-2b3b-4451-8453-14d2cf32dfb1)' action on view (view.getId() is <2131231402/ru.iteco.fmhandroid:id/title_edit_text> and view.getParent() view.getParent() view.getId() is <2131231406/ru.iteco.fmhandroid:id/title_text_input_layout>)
12-08 10:09:57.476  9674  9718 W teco.fmhandroi: Accessing hidden method Lsun/misc/Unsafe;->compareAndSwapObject(Ljava/lang/Object;JLjava/lang/Object;Ljava/lang/Object;)Z (greylist, linking, allowed)
12-08 10:09:57.481  2018  2058 E memtrack: Couldn't load memtrack module
12-08 10:09:57.481  2018  2058 W android.os.Debug: failed to get memory consumption info: -1
12-08 10:09:57.488  2018  2058 E memtrack: Couldn't load memtrack module
12-08 10:09:57.488  2018  2058 W android.os.Debug: failed to get memory consumption info: -1
12-08 10:09:57.542  9674  9674 I ViewInteraction: Performing 'wait for a specific view with <view.getId() is <2131230975>> during 10000 millis.' action on view view.getRootView() to equal view
12-08 10:09:57.545  9674  9795 W teco.fmhandroi: Accessing hidden method Lsun/misc/Unsafe;->compareAndSwapObject(Ljava/lang/Object;JLjava/lang/Object;Ljava/lang/Object;)Z (greylist, linking, allowed)
12-08 10:09:57.545  9674  9718 W teco.fmhandroi: Accessing hidden method Lsun/misc/Unsafe;->compareAndSwapObject(Ljava/lang/Object;JLjava/lang/Object;Ljava/lang/Object;)Z (greylist, linking, allowed)
12-08 10:09:57.545  9674  9718 W teco.fmhandroi: Accessing hidden method Lsun/misc/Unsafe;->getObject(Ljava/lang/Object;J)Ljava/lang/Object; (greylist, linking, allowed)
12-08 10:09:57.551  9674  9674 I ViewInteraction: Performing 'single click' action on view view.getId() is <2131230975/ru.iteco.fmhandroid:id/date_in_plan_text_input_edit_text>
12-08 10:09:57.630  9674  9687 I teco.fmhandroi: Background concurrent copying GC freed 18784(841KB) AllocSpace objects, 0(0B) LOS objects, 34% free, 11MB/17MB, paused 1.865ms total 120.979ms
12-08 10:09:57.724  9674  9804 I okhttp.OkHttpClient: <-- 200 http://www.981757-ca08998.tmweb.ru:8080/fmh/claims (3030ms)
12-08 10:09:57.724  9674  9804 I okhttp.OkHttpClient: Vary: Origin
12-08 10:09:57.724  9674  9804 I okhttp.OkHttpClient: Vary: Access-Control-Request-Method
12-08 10:09:57.724  9674  9804 I okhttp.OkHttpClient: Vary: Access-Control-Request-Headers
12-08 10:09:57.724  9674  9804 I okhttp.OkHttpClient: X-Content-Type-Options: nosniff
12-08 10:09:57.725  9674  9804 I okhttp.OkHttpClient: X-XSS-Protection: 1; mode=block
12-08 10:09:57.725  9674  9804 I okhttp.OkHttpClient: Cache-Control: no-cache, no-store, max-age=0, must-revalidate
12-08 10:09:57.725  9674  9804 I okhttp.OkHttpClient: Pragma: no-cache
12-08 10:09:57.725  9674  9804 I okhttp.OkHttpClient: Expires: 0
12-08 10:09:57.725  9674  9804 I okhttp.OkHttpClient: X-Frame-Options: DENY
12-08 10:09:57.725  9674  9804 I okhttp.OkHttpClient: Content-Type: application/json
12-08 10:09:57.725  9674  9804 I okhttp.OkHttpClient: Transfer-Encoding: chunked
12-08 10:09:57.725  9674  9804 I okhttp.OkHttpClient: Date: Thu, 08 Dec 2022 10:09:59 GMT
12-08 10:09:57.725  9674  9804 I okhttp.OkHttpClient: Keep-Alive: timeout=60
12-08 10:09:57.725  9674  9804 I okhttp.OkHttpClient: Connection: keep-alive
12-08 10:09:57.963  1776  1927 D gralloc_ranchu: gralloc_alloc: Creating ashmem region of size 6778880
12-08 10:09:57.973  1776  1927 I chatty  : uid=1000(system) HwBinder:1776_3 identical 1 line
12-08 10:09:57.974  1776  1927 D gralloc_ranchu: gralloc_alloc: Creating ashmem region of size 6778880
12-08 10:09:58.015  9674  9770 D EGL_emulation: eglMakeCurrent: 0xdd81b860: ver 2 0 (tinfo 0xc3288080)
12-08 10:09:58.220  9674  9770 I chatty  : uid=10146(ru.iteco.fmhandroid) RenderThread identical 3 lines
12-08 10:09:58.245  9674  9770 D EGL_emulation: eglMakeCurrent: 0xdd81b860: ver 2 0 (tinfo 0xc3288080)
12-08 10:09:58.467  9674  9718 W teco.fmhandroi: Accessing hidden method Lsun/misc/Unsafe;->compareAndSwapObject(Ljava/lang/Object;JLjava/lang/Object;Ljava/lang/Object;)Z (greylist, linking, allowed)
12-08 10:09:58.470  9674  9674 I ViewInteraction: Performing 'wait for a specific view with <is assignable from class <class android.widget.DatePicker>> during 10000 millis.' action on view view.getRootView() to equal view
12-08 10:09:58.475  9674  9674 I ViewInteraction: Checking 'MatchesViewAssertion{viewMatcher=(view has effective visibility <VISIBLE> and view.getGlobalVisibleRect() to return non-empty rectangle)}' assertion on view is assignable from class <class android.widget.DatePicker>
12-08 10:09:58.479  9674  9674 I ViewInteraction: Performing 'wait for a specific view with <is assignable from class <class android.widget.DatePicker>> during 10000 millis.' action on view view.getRootView() to equal view
12-08 10:09:58.488  9674  9674 I ViewInteraction: Performing 'set date' action on view is assignable from class <class android.widget.DatePicker>
12-08 10:09:58.549  9674  9674 I ViewInteraction: Performing 'wait for a specific view with <view.getId() is <16908313>> during 10000 millis.' action on view view.getRootView() to equal view
12-08 10:09:58.556  9674  9674 I ViewInteraction: Performing 'single click' action on view view.getId() is <16908313/android:id/button1>
12-08 10:09:58.664  9674  9770 D EGL_emulation: eglMakeCurrent: 0xdd81b860: ver 2 0 (tinfo 0xc3288080)
12-08 10:09:58.682  2018  3031 E InputDispatcher: Window handle Window{e73dcc7 u0 ru.iteco.fmhandroid/ru.iteco.fmhandroid.ui.AppActivity} has no registered input channel
12-08 10:09:58.693  9674  9770 D EGL_emulation: eglMakeCurrent: 0xdd81b860: ver 2 0 (tinfo 0xc3288080)
12-08 10:09:59.241  9674  9674 I ViewInteraction: Performing 'wait for a specific view with <(an instance of android.widget.TextView and view.getHint() matching: is "Time" and view.getParent() view.getParent() view.getId() is <2131231399>)> during 10000 millis.' action on view view.getRootView() to equal view
12-08 10:09:59.250  9674  9674 I ViewInteraction: Performing 'single click' action on view (an instance of android.widget.TextView and view.getHint() matching: is "Time" and view.getParent() view.getParent() view.getId() is <2131231399/ru.iteco.fmhandroid:id/time_in_plan_text_input_layout>)
12-08 10:09:59.469  9674  9805 I okhttp.OkHttpClient: <-- 200 http://www.981757-ca08998.tmweb.ru:8080/fmh/claims (3336ms)
12-08 10:09:59.469  9674  9805 I okhttp.OkHttpClient: Vary: Origin
12-08 10:09:59.470  9674  9805 I okhttp.OkHttpClient: Vary: Access-Control-Request-Method
12-08 10:09:59.470  9674  9805 I okhttp.OkHttpClient: Vary: Access-Control-Request-Headers
12-08 10:09:59.470  9674  9805 I okhttp.OkHttpClient: X-Content-Type-Options: nosniff
12-08 10:09:59.474  9674  9805 I okhttp.OkHttpClient: X-XSS-Protection: 1; mode=block
12-08 10:09:59.477  9674  9805 I okhttp.OkHttpClient: Cache-Control: no-cache, no-store, max-age=0, must-revalidate
12-08 10:09:59.477  9674  9805 I okhttp.OkHttpClient: Pragma: no-cache
12-08 10:09:59.477  9674  9805 I okhttp.OkHttpClient: Expires: 0
12-08 10:09:59.477  9674  9805 I okhttp.OkHttpClient: X-Frame-Options: DENY
12-08 10:09:59.478  9674  9805 I okhttp.OkHttpClient: Content-Type: application/json
12-08 10:09:59.478  9674  9805 I okhttp.OkHttpClient: Transfer-Encoding: chunked
12-08 10:09:59.486  9674  9805 I okhttp.OkHttpClient: Date: Thu, 08 Dec 2022 10:10:01 GMT
12-08 10:09:59.487  9674  9805 I okhttp.OkHttpClient: Keep-Alive: timeout=60
12-08 10:09:59.487  9674  9805 I okhttp.OkHttpClient: Connection: keep-alive
12-08 10:09:59.504  1776  1927 D gralloc_ranchu: gralloc_alloc: Creating ashmem region of size 5718016
12-08 10:09:59.510  1776  1927 I chatty  : uid=1000(system) HwBinder:1776_3 identical 1 line
12-08 10:09:59.512  1776  1927 D gralloc_ranchu: gralloc_alloc: Creating ashmem region of size 5718016
12-08 10:09:59.534  9674  9770 D EGL_emulation: eglMakeCurrent: 0xdd81b860: ver 2 0 (tinfo 0xc3288080)
12-08 10:09:59.605  9674  9770 I chatty  : uid=10146(ru.iteco.fmhandroid) RenderThread identical 2 lines
12-08 10:09:59.685  9674  9770 D EGL_emulation: eglMakeCurrent: 0xdd81b860: ver 2 0 (tinfo 0xc3288080)
12-08 10:09:59.914  9674  9674 I ViewInteraction: Performing 'wait for a specific view with <is assignable from class <class android.widget.TimePicker>> during 10000 millis.' action on view view.getRootView() to equal view
12-08 10:09:59.918  9674  9674 I ViewInteraction: Checking 'MatchesViewAssertion{viewMatcher=(view has effective visibility <VISIBLE> and view.getGlobalVisibleRect() to return non-empty rectangle)}' assertion on view is assignable from class <class android.widget.TimePicker>
12-08 10:09:59.922  9674  9674 I ViewInteraction: Performing 'wait for a specific view with <is assignable from class <class android.widget.TimePicker>> during 10000 millis.' action on view view.getRootView() to equal view
12-08 10:09:59.927  9674  9674 I ViewInteraction: Performing 'set time' action on view is assignable from class <class android.widget.TimePicker>
12-08 10:09:59.933  9674  9674 I ViewInteraction: Performing 'wait for a specific view with <view.getId() is <16908313/android:id/button1>> during 10000 millis.' action on view view.getRootView() to equal view
12-08 10:09:59.938  9674  9674 I ViewInteraction: Performing 'single click' action on view view.getId() is <16908313/android:id/button1>
12-08 10:09:59.999  9674  9770 D EGL_emulation: eglMakeCurrent: 0xdd81b860: ver 2 0 (tinfo 0xc3288080)
12-08 10:10:00.009  2170  2170 D KeyguardClockSwitch: Updating clock: 1010
12-08 10:10:00.025  9674  9770 D EGL_emulation: eglMakeCurrent: 0xdd81b860: ver 2 0 (tinfo 0xc3288080)
12-08 10:10:00.032  2018  3061 E InputDispatcher: Window handle Window{4e7eb90 u0 ru.iteco.fmhandroid/ru.iteco.fmhandroid.ui.AppActivity} has no registered input channel
12-08 10:10:00.048  2018  3031 E InputDispatcher: Window handle Window{4e7eb90 u0 ru.iteco.fmhandroid/ru.iteco.fmhandroid.ui.AppActivity} has no registered input channel
12-08 10:10:00.059  9674  9770 D EGL_emulation: eglMakeCurrent: 0xdd81b860: ver 2 0 (tinfo 0xc3288080)
12-08 10:10:00.389  9674  9674 I ViewInteraction: Performing 'wait for a specific view with <(an instance of android.widget.TextView and view.getHint() matching: is "Description" and view.getParent() view.getParent() view.getId() is <2131230988>)> during 10000 millis.' action on view view.getRootView() to equal view
12-08 10:10:00.396  9674  9674 I ViewInteraction: Performing 'replace text(Описание 1d7a665f-e505-4712-9ba8-6ea3b64fa474)' action on view (an instance of android.widget.TextView and view.getHint() matching: is "Description" and view.getParent() view.getParent() view.getId() is <2131230988/ru.iteco.fmhandroid:id/description_text_input_layout>)
12-08 10:10:00.452  9674  9674 I ViewInteraction: Performing 'wait for a specific view with <view.getId() is <2131231291>> during 10000 millis.' action on view view.getRootView() to equal view
12-08 10:10:00.459  9674  9674 I ViewInteraction: Performing 'single click' action on view view.getId() is <2131231291/ru.iteco.fmhandroid:id/save_button>
12-08 10:10:00.540  9674  9809 I okhttp.OkHttpClient: --> POST http://www.981757-ca08998.tmweb.ru:8080/fmh/claims
12-08 10:10:00.540  9674  9809 I okhttp.OkHttpClient: Content-Type: application/json; charset=UTF-8
12-08 10:10:00.540  9674  9809 I okhttp.OkHttpClient: Content-Length: 279
12-08 10:10:00.540  9674  9809 I okhttp.OkHttpClient: {"createDate":1670494200,"creatorId":2,"creatorName":"Иванов Данил Данилович","description":"Описание 1d7a665f-e505-4712-9ba8-6ea3b64fa474","planExecuteDate":1688897340,"status":"OPEN","title":"Заголовок 1318f0b5-2b3b-4451-8453-14d2cf32dfb1"}
12-08 10:10:00.541  9674  9809 I okhttp.OkHttpClient: --> END POST (279-byte body)
12-08 10:10:00.545  1744  9810 E ResolverController: No valid NAT64 prefix (106, <unspecified>/0)
12-08 10:10:00.768  9674  9674 I ViewInteraction: Performing 'wait for a specific view with <view.getId() is <2131230849/ru.iteco.fmhandroid:id/add_new_claim_material_button>> during 10000 millis.' action on view view.getRootView() to equal view
12-08 10:10:00.901  9674  9809 I okhttp.OkHttpClient: <-- 200 http://www.981757-ca08998.tmweb.ru:8080/fmh/claims (359ms)
12-08 10:10:00.901  9674  9809 I okhttp.OkHttpClient: Vary: Origin
12-08 10:10:00.901  9674  9809 I okhttp.OkHttpClient: Vary: Access-Control-Request-Method
12-08 10:10:00.901  9674  9809 I okhttp.OkHttpClient: Vary: Access-Control-Request-Headers
12-08 10:10:00.901  9674  9809 I okhttp.OkHttpClient: X-Content-Type-Options: nosniff
12-08 10:10:00.901  9674  9809 I okhttp.OkHttpClient: X-XSS-Protection: 1; mode=block
12-08 10:10:00.901  9674  9809 I okhttp.OkHttpClient: Cache-Control: no-cache, no-store, max-age=0, must-revalidate
12-08 10:10:00.901  9674  9809 I okhttp.OkHttpClient: Pragma: no-cache
12-08 10:10:00.901  9674  9809 I okhttp.OkHttpClient: Expires: 0
12-08 10:10:00.902  9674  9809 I okhttp.OkHttpClient: X-Frame-Options: DENY
12-08 10:10:00.902  9674  9809 I okhttp.OkHttpClient: Content-Type: application/json
12-08 10:10:00.902  9674  9809 I okhttp.OkHttpClient: Transfer-Encoding: chunked
12-08 10:10:00.902  9674  9809 I okhttp.OkHttpClient: Date: Thu, 08 Dec 2022 10:10:03 GMT
12-08 10:10:00.902  9674  9809 I okhttp.OkHttpClient: Keep-Alive: timeout=60
12-08 10:10:00.902  9674  9809 I okhttp.OkHttpClient: Connection: keep-alive
12-08 10:10:00.902  9674  9809 I okhttp.OkHttpClient: {"id":2686,"title":"Заголовок 1318f0b5-2b3b-4451-8453-14d2cf32dfb1","description":"Описание 1d7a665f-e505-4712-9ba8-6ea3b64fa474","creatorId":2,"executorId":null,"createDate":1670494200,"planExecuteDate":1688897340,"factExecuteDate":null,"status":"OPEN","creatorName":"Иванов Данил Данилович","executorName":null}
12-08 10:10:00.902  9674  9809 I okhttp.OkHttpClient: <-- END HTTP (350-byte body)
12-08 10:10:01.040  9674  9674 I ViewInteraction: Performing 'single click' action on view view.getId() is <2131230849/ru.iteco.fmhandroid:id/add_new_claim_material_button>
12-08 10:10:01.094  9674  9687 I teco.fmhandroi: Background young concurrent copying GC freed 82800(3648KB) AllocSpace objects, 4(76KB) LOS objects, 9% free, 15MB/17MB, paused 1.794ms total 108.130ms
12-08 10:10:01.230  9674  9783 I okhttp.OkHttpClient: --> GET http://www.981757-ca08998.tmweb.ru:8080/fmh/users
12-08 10:10:01.230  9674  9783 I okhttp.OkHttpClient: --> END GET
12-08 10:10:01.400  9674  9783 I okhttp.OkHttpClient: <-- 200 http://www.981757-ca08998.tmweb.ru:8080/fmh/users (170ms)
12-08 10:10:01.400  9674  9783 I okhttp.OkHttpClient: Vary: Origin
12-08 10:10:01.400  9674  9783 I okhttp.OkHttpClient: Vary: Access-Control-Request-Method
12-08 10:10:01.400  9674  9783 I okhttp.OkHttpClient: Vary: Access-Control-Request-Headers
12-08 10:10:01.400  9674  9783 I okhttp.OkHttpClient: X-Content-Type-Options: nosniff
12-08 10:10:01.401  9674  9783 I okhttp.OkHttpClient: X-XSS-Protection: 1; mode=block
12-08 10:10:01.401  9674  9783 I okhttp.OkHttpClient: Cache-Control: no-cache, no-store, max-age=0, must-revalidate
12-08 10:10:01.401  9674  9783 I okhttp.OkHttpClient: Pragma: no-cache
12-08 10:10:01.401  9674  9783 I okhttp.OkHttpClient: Expires: 0
12-08 10:10:01.401  9674  9783 I okhttp.OkHttpClient: X-Frame-Options: DENY
12-08 10:10:01.401  9674  9783 I okhttp.OkHttpClient: Content-Type: application/json
12-08 10:10:01.401  9674  9783 I okhttp.OkHttpClient: Transfer-Encoding: chunked
12-08 10:10:01.401  9674  9783 I okhttp.OkHttpClient: Date: Thu, 08 Dec 2022 10:10:03 GMT
12-08 10:10:01.401  9674  9783 I okhttp.OkHttpClient: Keep-Alive: timeout=60
12-08 10:10:01.401  9674  9783 I okhttp.OkHttpClient: Connection: keep-alive
12-08 10:10:01.402  9674  9783 I okhttp.OkHttpClient: [{"id":1,"firstName":"Петр","lastName":"Смирнов","middleName":"Петрович","admin":true},{"id":2,"firstName":"Данил","lastName":"Иванов","middleName":"Данилович","admin":true},{"id":3,"firstName":"Егор","lastName":"Петров","middleName":"Егорович","admin":false},{"id":4,"firstName":"Дмитрий","lastName":"Сидоров","middleName":"Дмитриевич","admin":false},{"id":5,"firstName":"Тест","lastName":"Тестов","middleName":"Тестович","admin":true},{"id":6,"firstName":"Diplom","lastName":"Netology","middleName":"QAMID","admin":true}]
12-08 10:10:01.403  9674  9783 I okhttp.OkHttpClient: <-- END HTTP (622-byte body)
12-08 10:10:01.768  9674  9674 I ViewInteraction: Performing 'wait for a specific view with <view.getId() is <2131231041>> during 10000 millis.' action on view view.getRootView() to equal view
12-08 10:10:01.772  9674  9674 I ViewInteraction: Performing 'single click' action on view view.getId() is <2131231041/ru.iteco.fmhandroid:id/executor_drop_menu_auto_complete_text_view>
12-08 10:10:01.959  1776  1927 D gralloc_ranchu: gralloc_alloc: Creating ashmem region of size 4116480
12-08 10:10:01.968  1776  1927 I chatty  : uid=1000(system) HwBinder:1776_3 identical 1 line
12-08 10:10:01.971  1776  1927 D gralloc_ranchu: gralloc_alloc: Creating ashmem region of size 4116480
12-08 10:10:01.990  9674  9770 D EGL_emulation: eglMakeCurrent: 0xdd81b860: ver 2 0 (tinfo 0xc3288080)
12-08 10:10:02.056  9674  9674 I AssistStructure: Flattened final assist data: 6984 bytes, containing 2 windows, 53 views
12-08 10:10:02.089  2018  2127 D AutofillSession: Starting partition or augmented request for view id 1073741845@1358474202: STARTED_SESSION
12-08 10:10:02.104  9674  9770 D EGL_emulation: eglMakeCurrent: 0xdd81b860: ver 2 0 (tinfo 0xc3288080)
12-08 10:10:02.141  2656  2656 W ktk     : Pending fill request while another request in the same session was triggered. [CONTEXT service_id=177 ]
12-08 10:10:02.142  2537  2537 W GInputConnectionWrapper: IPC IC_GET_TEXT_BEFORE_CURSOR_AND_FIX_SELECTION_INDICES took 111 ms
12-08 10:10:02.165  9674  9674 I AssistStructure: Flattened final assist data: 6984 bytes, containing 2 windows, 53 views
12-08 10:10:02.188  9674  9770 D EGL_emulation: eglMakeCurrent: 0xdd81b860: ver 2 0 (tinfo 0xc3288080)
12-08 10:10:02.211  2537  2537 I KeyboardViewUtil: systemKeyboardHeightRatio:1.000000; userKeyboardHeightRatio:1.000000.
12-08 10:10:02.230  2537  2537 I AndroidIME: LatinIme.onActivate() : EditorInfo = Package = ru.iteco.fmhandroid : Type = Text : Learning = Disable : Suggestion = Show : AutoCorrection = Disable : Microphone = Show : NoPersonalizedLearning = Disable
12-08 10:10:02.243  9674  9687 I teco.fmhandroi: Background young concurrent copying GC freed 13923(769KB) AllocSpace objects, 0(0B) LOS objects, 4% free, 16MB/17MB, paused 1.108ms total 122.811ms
12-08 10:10:02.261  2018  2051 D AutofillUI: destroySaveUiUiThread(): already destroyed
12-08 10:10:02.264  2656  2656 W ktk     : Pending fill request while another request in the same session was triggered. [CONTEXT service_id=177 ]
12-08 10:10:02.337  9674  9770 D EGL_emulation: eglMakeCurrent: 0xdd81b860: ver 2 0 (tinfo 0xc3288080)
12-08 10:10:02.420  9674  9674 I ViewInteraction: Performing 'close keyboard' action on view view.getRootView() to equal view
12-08 10:10:02.489  2537  2537 I Conv2QueryExtension: Current locale: en_US, config allows these locales: de,en,es,fr,it,ms,pt,ta
12-08 10:10:02.490  2537  2537 I Conv2QueryExtension: Conv2Query not enabled due to current app [ru.iteco.fmhandroid] not in whitelist
12-08 10:10:02.490  2537  2537 I Conv2QueryExtension: onActivate() : Disabled by unsupported host app
12-08 10:10:02.505  2170  2566 D EGL_emulation: eglMakeCurrent: 0xe594e040: ver 2 0 (tinfo 0xc52450c0)
12-08 10:10:02.599  2537  2537 I Choreographer: Skipped 38 frames!  The application may be doing too much work on its main thread.
12-08 10:10:02.653  1776  1927 D gralloc_ranchu: gralloc_alloc: Creating ashmem region of size 9826304
12-08 10:10:02.678  1776  1927 D gralloc_ranchu: gralloc_alloc: Creating ashmem region of size 9826304
12-08 10:10:02.683  1776  1825 D gralloc_ranchu: gralloc_alloc: Creating ashmem region of size 9826304
12-08 10:10:02.755  1776  1927 D gralloc_ranchu: gralloc_alloc: Creating ashmem region of size 3072000
12-08 10:10:02.765  9674  9770 D EGL_emulation: eglMakeCurrent: 0xdd81b860: ver 2 0 (tinfo 0xc3288080)
12-08 10:10:02.772  2537  8546 D EGL_emulation: eglMakeCurrent: 0xc286ce00: ver 2 0 (tinfo 0xc335ede0)
12-08 10:10:02.787  1776  1927 D gralloc_ranchu: gralloc_alloc: Creating ashmem region of size 3072000
12-08 10:10:02.790  9674  9770 D EGL_emulation: eglMakeCurrent: 0xdd81b860: ver 2 0 (tinfo 0xc3288080)
12-08 10:10:02.804  9674  9770 D EGL_emulation: eglMakeCurrent: 0xdd81b860: ver 2 0 (tinfo 0xc3288080)
12-08 10:10:02.814  1776  1927 D gralloc_ranchu: gralloc_alloc: Creating ashmem region of size 3072000
12-08 10:10:02.835  9674  9770 D EGL_emulation: eglMakeCurrent: 0xdd81b860: ver 2 0 (tinfo 0xc3288080)
12-08 10:10:02.885  2537  8546 I OpenGLRenderer: Davey! duration=892ms; Flags=1, IntendedVsync=57148999265391, Vsync=57149632598699, OldestInputEvent=9223372036854775807, NewestInputEvent=0, HandleInputStart=57149637543040, AnimationStart=57149637884340, PerformTraversalsStart=57149637969940, DrawStart=57149718409940, SyncQueued=57149796886940, SyncStart=57149826394440, IssueDrawCommandsStart=57149828741040, SwapBuffers=57149880798740, FrameCompleted=57149921580640, DequeueBufferDuration=584000, QueueBufferDuration=940000, 
12-08 10:10:02.906  2537  2537 I PhenotypeExpConfig: refreshConfiguration() : Force = false : UpdateAvailable = false : Age = 57 minutes : MaxAge = 720 minutes
12-08 10:10:02.926  2537  2537 I AndroidIME: LatinIme.onDeactivate()
12-08 10:10:02.960  2537  8546 D EGL_emulation: eglMakeCurrent: 0xc286ce00: ver 2 0 (tinfo 0xc335ede0)
12-08 10:10:03.063  1776  1927 D gralloc_ranchu: gralloc_alloc: Creating ashmem region of size 4116480
12-08 10:10:03.076  9674  9770 D EGL_emulation: eglMakeCurrent: 0xdd81b860: ver 2 0 (tinfo 0xc3288080)
12-08 10:10:03.105  1776  1927 D gralloc_ranchu: gralloc_alloc: Creating ashmem region of size 4116480
12-08 10:10:03.113  9674  9770 D EGL_emulation: eglMakeCurrent: 0xdd81b860: ver 2 0 (tinfo 0xc3288080)
12-08 10:10:03.133  9674  9770 D EGL_emulation: eglMakeCurrent: 0xdd81b860: ver 2 0 (tinfo 0xc3288080)
12-08 10:10:03.146  1776  1927 D gralloc_ranchu: gralloc_alloc: Creating ashmem region of size 4116480
12-08 10:10:03.216  9674  9770 D EGL_emulation: eglMakeCurrent: 0xdd81b860: ver 2 0 (tinfo 0xc3288080)
12-08 10:10:03.470  2018  3061 I ActivityManager: Killing 5929:com.google.android.partnersetup/u0a115 (adj 955): empty for 1800s
12-08 10:10:03.495  9674  9674 I ViewInteraction: Performing 'single click' action on view an instance of android.widget.TextView and view.getText() with or without transformation to match: is "Иванов Данил Данилович"
12-08 10:10:03.553  9674  9770 D EGL_emulation: eglMakeCurrent: 0xdd81b860: ver 2 0 (tinfo 0xc3288080)
12-08 10:10:03.641  9674  9770 D EGL_emulation: eglMakeCurrent: 0xdd81b860: ver 2 0 (tinfo 0xc3288080)
12-08 10:10:03.664  2018  3061 E InputDispatcher: Window handle Window{766c184 u0 PopupWindow:60c077b} has no registered input channel
12-08 10:10:03.664  1788  1978 D AF::Track: interceptBuffer: took 820us to intercept 0 tracks
12-08 10:10:03.720  1745  1745 I Zygote  : Process 5929 exited due to signal 9 (Killed)
12-08 10:10:03.739  9674  9770 D EGL_emulation: eglMakeCurrent: 0xdd81b860: ver 2 0 (tinfo 0xc3288080)
12-08 10:10:03.754  2018  2061 I libprocessgroup: Successfully killed process cgroup uid 10115 pid 5929 in 269ms
12-08 10:10:03.843  9674  9674 I ViewInteraction: Performing 'wait for a specific view with <(view.getId() is <2131231402/ru.iteco.fmhandroid:id/title_edit_text> and view.getParent() view.getParent() view.getId() is <2131231406/ru.iteco.fmhandroid:id/title_text_input_layout>)> during 10000 millis.' action on view view.getRootView() to equal view
12-08 10:10:03.856  9674  9674 I ViewInteraction: Performing 'replace text(Заголовок 4d7a3107-b5a1-4d8a-968b-4ae999e4058a)' action on view (view.getId() is <2131231402/ru.iteco.fmhandroid:id/title_edit_text> and view.getParent() view.getParent() view.getId() is <2131231406/ru.iteco.fmhandroid:id/title_text_input_layout>)
12-08 10:10:04.001  9674  9687 I teco.fmhandroi: Background concurrent copying GC freed 60448(2990KB) AllocSpace objects, 1(16KB) LOS objects, 29% free, 14MB/20MB, paused 2.874ms total 371.441ms
12-08 10:10:04.011  9674  9674 I ViewInteraction: Performing 'wait for a specific view with <view.getId() is <2131230975/ru.iteco.fmhandroid:id/date_in_plan_text_input_edit_text>> during 10000 millis.' action on view view.getRootView() to equal view
12-08 10:10:04.029  9674  9674 I ViewInteraction: Performing 'single click' action on view view.getId() is <2131230975/ru.iteco.fmhandroid:id/date_in_plan_text_input_edit_text>
12-08 10:10:04.225  1776  1927 D gralloc_ranchu: gralloc_alloc: Creating ashmem region of size 6778880
12-08 10:10:04.236  1776  1927 I chatty  : uid=1000(system) HwBinder:1776_3 identical 1 line
12-08 10:10:04.242  1776  1927 D gralloc_ranchu: gralloc_alloc: Creating ashmem region of size 6778880
12-08 10:10:04.255  9674  9770 D EGL_emulation: eglMakeCurrent: 0xdd81b860: ver 2 0 (tinfo 0xc3288080)
12-08 10:10:04.434  9674  9770 I chatty  : uid=10146(ru.iteco.fmhandroid) RenderThread identical 3 lines
12-08 10:10:04.454  9674  9770 D EGL_emulation: eglMakeCurrent: 0xdd81b860: ver 2 0 (tinfo 0xc3288080)
12-08 10:10:04.709  9674  9674 I ViewInteraction: Performing 'wait for a specific view with <is assignable from class <class android.widget.DatePicker>> during 10000 millis.' action on view view.getRootView() to equal view
12-08 10:10:04.713  9674  9674 I ViewInteraction: Checking 'MatchesViewAssertion{viewMatcher=(view has effective visibility <VISIBLE> and view.getGlobalVisibleRect() to return non-empty rectangle)}' assertion on view is assignable from class <class android.widget.DatePicker>
12-08 10:10:04.718  9674  9674 I ViewInteraction: Performing 'wait for a specific view with <is assignable from class <class android.widget.DatePicker>> during 10000 millis.' action on view view.getRootView() to equal view
12-08 10:10:04.723  9674  9674 I ViewInteraction: Performing 'set date' action on view is assignable from class <class android.widget.DatePicker>
12-08 10:10:04.779  9674  9674 I ViewInteraction: Performing 'wait for a specific view with <view.getId() is <16908313/android:id/button1>> during 10000 millis.' action on view view.getRootView() to equal view
12-08 10:10:04.787  9674  9674 I ViewInteraction: Performing 'single click' action on view view.getId() is <16908313/android:id/button1>
12-08 10:10:04.900  9674  9770 D EGL_emulation: eglMakeCurrent: 0xdd81b860: ver 2 0 (tinfo 0xc3288080)
12-08 10:10:04.914  2018  3031 E InputDispatcher: Window handle Window{ad2a675 u0 ru.iteco.fmhandroid/ru.iteco.fmhandroid.ui.AppActivity} has no registered input channel
12-08 10:10:04.922  9674  9770 D EGL_emulation: eglMakeCurrent: 0xdd81b860: ver 2 0 (tinfo 0xc3288080)
12-08 10:10:05.228  9674  9674 I ViewInteraction: Performing 'wait for a specific view with <(an instance of android.widget.TextView and view.getHint() matching: is "Time" and view.getParent() view.getParent() view.getId() is <2131231399/ru.iteco.fmhandroid:id/time_in_plan_text_input_layout>)> during 10000 millis.' action on view view.getRootView() to equal view
12-08 10:10:05.233  9674  9674 I ViewInteraction: Performing 'single click' action on view (an instance of android.widget.TextView and view.getHint() matching: is "Time" and view.getParent() view.getParent() view.getId() is <2131231399/ru.iteco.fmhandroid:id/time_in_plan_text_input_layout>)
12-08 10:10:05.470  1776  1927 D gralloc_ranchu: gralloc_alloc: Creating ashmem region of size 5718016
12-08 10:10:05.478  1776  1927 I chatty  : uid=1000(system) HwBinder:1776_3 identical 1 line
12-08 10:10:05.481  1776  1927 D gralloc_ranchu: gralloc_alloc: Creating ashmem region of size 5718016
12-08 10:10:05.491  9674  9770 D EGL_emulation: eglMakeCurrent: 0xdd81b860: ver 2 0 (tinfo 0xc3288080)
12-08 10:10:05.545  9674  9770 I chatty  : uid=10146(ru.iteco.fmhandroid) RenderThread identical 2 lines
12-08 10:10:05.586  9674  9770 D EGL_emulation: eglMakeCurrent: 0xdd81b860: ver 2 0 (tinfo 0xc3288080)
12-08 10:10:05.817  9674  9674 I ViewInteraction: Performing 'wait for a specific view with <is assignable from class <class android.widget.TimePicker>> during 10000 millis.' action on view view.getRootView() to equal view
12-08 10:10:05.822  9674  9674 I ViewInteraction: Checking 'MatchesViewAssertion{viewMatcher=(view has effective visibility <VISIBLE> and view.getGlobalVisibleRect() to return non-empty rectangle)}' assertion on view is assignable from class <class android.widget.TimePicker>
12-08 10:10:05.828  9674  9674 I ViewInteraction: Performing 'wait for a specific view with <is assignable from class <class android.widget.TimePicker>> during 10000 millis.' action on view view.getRootView() to equal view
12-08 10:10:05.832  9674  9674 I ViewInteraction: Performing 'set time' action on view is assignable from class <class android.widget.TimePicker>
12-08 10:10:05.854  9674  9770 D EGL_emulation: eglMakeCurrent: 0xdd81b860: ver 2 0 (tinfo 0xc3288080)
12-08 10:10:05.862  9674  9674 I ViewInteraction: Performing 'wait for a specific view with <view.getId() is <16908313/android:id/button1>> during 10000 millis.' action on view view.getRootView() to equal view
12-08 10:10:05.869  9674  9674 I ViewInteraction: Performing 'single click' action on view view.getId() is <16908313/android:id/button1>
12-08 10:10:05.956  9674  9770 D EGL_emulation: eglMakeCurrent: 0xdd81b860: ver 2 0 (tinfo 0xc3288080)
12-08 10:10:05.981  2018  3061 E InputDispatcher: Window handle Window{5cc83c8 u0 ru.iteco.fmhandroid/ru.iteco.fmhandroid.ui.AppActivity} has no registered input channel
12-08 10:10:05.989  9674  9770 D EGL_emulation: eglMakeCurrent: 0xdd81b860: ver 2 0 (tinfo 0xc3288080)
12-08 10:10:06.279  9674  9674 I ViewInteraction: Performing 'wait for a specific view with <(an instance of android.widget.TextView and view.getHint() matching: is "Description" and view.getParent() view.getParent() view.getId() is <2131230988/ru.iteco.fmhandroid:id/description_text_input_layout>)> during 10000 millis.' action on view view.getRootView() to equal view
12-08 10:10:06.286  9674  9674 I ViewInteraction: Performing 'replace text(Описание 623bb916-e913-4cec-8be2-663efd2d3648)' action on view (an instance of android.widget.TextView and view.getHint() matching: is "Description" and view.getParent() view.getParent() view.getId() is <2131230988/ru.iteco.fmhandroid:id/description_text_input_layout>)
12-08 10:10:06.401  9674  9674 I ViewInteraction: Performing 'wait for a specific view with <view.getId() is <2131231291/ru.iteco.fmhandroid:id/save_button>> during 10000 millis.' action on view view.getRootView() to equal view
12-08 10:10:06.410  9674  9674 I ViewInteraction: Performing 'single click' action on view view.getId() is <2131231291/ru.iteco.fmhandroid:id/save_button>
12-08 10:10:06.488  9674  9809 I okhttp.OkHttpClient: --> POST http://www.981757-ca08998.tmweb.ru:8080/fmh/claims
12-08 10:10:06.488  9674  9809 I okhttp.OkHttpClient: Content-Type: application/json; charset=UTF-8
12-08 10:10:06.488  9674  9809 I okhttp.OkHttpClient: Content-Length: 294
12-08 10:10:06.489  9674  9809 I okhttp.OkHttpClient: {"createDate":1670494206,"creatorId":2,"creatorName":"Иванов Данил Данилович","description":"Описание 623bb916-e913-4cec-8be2-663efd2d3648","executorId":2,"planExecuteDate":1681553340,"status":"OPEN","title":"Заголовок 4d7a3107-b5a1-4d8a-968b-4ae999e4058a"}
12-08 10:10:06.489  9674  9809 I okhttp.OkHttpClient: --> END POST (294-byte body)
12-08 10:10:06.716  9674  9674 I ViewInteraction: Performing 'wait for a specific view with <view.getId() is <2131230916>> during 10000 millis.' action on view view.getRootView() to equal view
12-08 10:10:06.942  9674  9809 I okhttp.OkHttpClient: <-- 200 http://www.981757-ca08998.tmweb.ru:8080/fmh/claims (452ms)
12-08 10:10:06.942  9674  9809 I okhttp.OkHttpClient: Vary: Origin
12-08 10:10:06.942  9674  9809 I okhttp.OkHttpClient: Vary: Access-Control-Request-Method
12-08 10:10:06.942  9674  9809 I okhttp.OkHttpClient: Vary: Access-Control-Request-Headers
12-08 10:10:06.942  9674  9809 I okhttp.OkHttpClient: X-Content-Type-Options: nosniff
12-08 10:10:06.942  9674  9809 I okhttp.OkHttpClient: X-XSS-Protection: 1; mode=block
12-08 10:10:06.942  9674  9809 I okhttp.OkHttpClient: Cache-Control: no-cache, no-store, max-age=0, must-revalidate
12-08 10:10:06.942  9674  9809 I okhttp.OkHttpClient: Pragma: no-cache
12-08 10:10:06.942  9674  9809 I okhttp.OkHttpClient: Expires: 0
12-08 10:10:06.942  9674  9809 I okhttp.OkHttpClient: X-Frame-Options: DENY
12-08 10:10:06.942  9674  9809 I okhttp.OkHttpClient: Content-Type: application/json
12-08 10:10:06.942  9674  9809 I okhttp.OkHttpClient: Transfer-Encoding: chunked
12-08 10:10:06.942  9674  9809 I okhttp.OkHttpClient: Date: Thu, 08 Dec 2022 10:10:08 GMT
12-08 10:10:06.942  9674  9809 I okhttp.OkHttpClient: Keep-Alive: timeout=60
12-08 10:10:06.942  9674  9809 I okhttp.OkHttpClient: Connection: keep-alive
12-08 10:10:06.944  9674  9809 I okhttp.OkHttpClient: {"id":2687,"title":"Заголовок 4d7a3107-b5a1-4d8a-968b-4ae999e4058a","description":"Описание 623bb916-e913-4cec-8be2-663efd2d3648","creatorId":2,"executorId":2,"createDate":1670494206,"planExecuteDate":1681553340,"factExecuteDate":null,"status":"IN_PROGRESS","creatorName":"Иванов Данил Данилович","executorName":"Иванов Данил Данилович"}
12-08 10:10:06.944  9674  9809 I okhttp.OkHttpClient: <-- END HTTP (394-byte body)
12-08 10:10:07.137  9674  9674 I ViewInteraction: Checking 'MatchesViewAssertion{viewMatcher=(view has effective visibility <VISIBLE> and view.getGlobalVisibleRect() to return non-empty rectangle)}' assertion on view view.getId() is <2131230916/ru.iteco.fmhandroid:id/claim_list_recycler_view>
12-08 10:10:07.150  9674  9674 I ViewInteraction: Performing 'scroll RecyclerView to: holder with view: (view is an instance of android.view.ViewGroup and has descendant matching an instance of android.widget.TextView and view.getText() with or without transformation to match: is "Заголовок 4d7a3107-b5a1-4d8a-968b-4ae999e4058a")' action on view view.getId() is <2131230916/ru.iteco.fmhandroid:id/claim_list_recycler_view>
12-08 10:10:07.156  9674  9674 D takeScreenshot: Found 1 global views to redraw
12-08 10:10:07.188  1776  1927 D gralloc_ranchu: gralloc_alloc: Creating ashmem region of size 10108928
12-08 10:10:07.386  9674  9687 I teco.fmhandroi: Background young concurrent copying GC freed 86297(3781KB) AllocSpace objects, 4(76KB) LOS objects, 14% free, 17MB/20MB, paused 624us total 157.650ms
12-08 10:10:07.407  9674  9718 W DefaultFailureHandler: Failed to take screenshot
12-08 10:10:07.407  9674  9718 W DefaultFailureHandler: java.io.FileNotFoundException: view-op-error-2.png: open failed: EROFS (Read-only file system)
12-08 10:10:07.407  9674  9718 W DefaultFailureHandler: 	at libcore.io.IoBridge.open(IoBridge.java:496)
12-08 10:10:07.407  9674  9718 W DefaultFailureHandler: 	at java.io.FileOutputStream.<init>(FileOutputStream.java:235)
12-08 10:10:07.407  9674  9718 W DefaultFailureHandler: 	at java.io.FileOutputStream.<init>(FileOutputStream.java:125)
12-08 10:10:07.407  9674  9718 W DefaultFailureHandler: 	at androidx.test.platform.io.FileTestStorage.openOutputFile(FileTestStorage.java:60)
12-08 10:10:07.407  9674  9718 W DefaultFailureHandler: 	at androidx.test.core.graphics.BitmapStorage.writeToTestStorage(BitmapStorageExt.kt:49)
12-08 10:10:07.407  9674  9718 W DefaultFailureHandler: 	at androidx.test.espresso.base.DefaultFailureHandler.takeScreenshot(DefaultFailureHandler.java:4)
12-08 10:10:07.407  9674  9718 W DefaultFailureHandler: 	at androidx.test.espresso.base.DefaultFailureHandler.handle(DefaultFailureHandler.java:3)
12-08 10:10:07.407  9674  9718 W DefaultFailureHandler: 	at androidx.test.espresso.ViewInteraction.waitForAndHandleInteractionResults(ViewInteraction.java:8)
12-08 10:10:07.407  9674  9718 W DefaultFailureHandler: 	at androidx.test.espresso.ViewInteraction.desugaredPerform(ViewInteraction.java:11)
12-08 10:10:07.407  9674  9718 W DefaultFailureHandler: 	at androidx.test.espresso.ViewInteraction.perform(ViewInteraction.java:8)
12-08 10:10:07.407  9674  9718 W DefaultFailureHandler: 	at ru.iteco.fmhandroid.ui.steps.ClaimsPageSteps.scrollToElementInRecyclerList(ClaimsPageSteps.java:127)
12-08 10:10:07.407  9674  9718 W DefaultFailureHandler: 	at ru.iteco.fmhandroid.ui.steps.ClaimsPageSteps.openClaimCard(ClaimsPageSteps.java:150)
12-08 10:10:07.407  9674  9718 W DefaultFailureHandler: 	at ru.iteco.fmhandroid.ui.steps.CreatingClaimsSteps.createClaim(CreatingClaimsSteps.java:118)
