12-07 20:44:35.402 32356 32400 W teco.fmhandroi: Accessing hidden method Lsun/misc/Unsafe;->compareAndSwapObject(Ljava/lang/Object;JLjava/lang/Object;Ljava/lang/Object;)Z (greylist, linking, allowed)
12-07 20:44:35.407 32356 32356 I ViewInteraction: Performing 'wait for a specific view with <(an instance of android.widget.TextView and view.getHint() matching: is "Login" and view.getParent() view.getParent() view.getId() is <2131231121>)> during 10000 millis.' action on view view.getRootView() to equal view
12-07 20:44:35.412 32356 32400 W teco.fmhandroi: Accessing hidden method Lsun/misc/Unsafe;->compareAndSwapObject(Ljava/lang/Object;JLjava/lang/Object;Ljava/lang/Object;)Z (greylist, linking, allowed)
12-07 20:44:35.417 32356 32356 I ViewInteraction: Checking 'MatchesViewAssertion{viewMatcher=(view has effective visibility <VISIBLE> and view.getGlobalVisibleRect() to return non-empty rectangle)}' assertion on view (an instance of android.widget.TextView and view.getHint() matching: is "Login" and view.getParent() view.getParent() view.getId() is <2131231121/ru.iteco.fmhandroid:id/login_text_input_layout>)
12-07 20:44:35.419 32356 32400 W teco.fmhandroi: Accessing hidden method Lsun/misc/Unsafe;->compareAndSwapObject(Ljava/lang/Object;JLjava/lang/Object;Ljava/lang/Object;)Z (greylist, linking, allowed)
12-07 20:44:35.425 32356 32356 I ViewInteraction: Performing 'wait for a specific view with <(an instance of android.widget.TextView and view.getHint() matching: is "Password" and view.getParent() view.getParent() view.getId() is <2131231264>)> during 10000 millis.' action on view view.getRootView() to equal view
12-07 20:44:35.435 32356 32400 W teco.fmhandroi: Accessing hidden method Lsun/misc/Unsafe;->compareAndSwapObject(Ljava/lang/Object;JLjava/lang/Object;Ljava/lang/Object;)Z (greylist, linking, allowed)
12-07 20:44:35.440 32356 32356 I ViewInteraction: Checking 'MatchesViewAssertion{viewMatcher=(view has effective visibility <VISIBLE> and view.getGlobalVisibleRect() to return non-empty rectangle)}' assertion on view (an instance of android.widget.TextView and view.getHint() matching: is "Password" and view.getParent() view.getParent() view.getId() is <2131231264/ru.iteco.fmhandroid:id/password_text_input_layout>)
12-07 20:44:35.444 32356 32400 W teco.fmhandroi: Accessing hidden method Lsun/misc/Unsafe;->compareAndSwapObject(Ljava/lang/Object;JLjava/lang/Object;Ljava/lang/Object;)Z (greylist, linking, allowed)
12-07 20:44:35.450 32356 32356 I ViewInteraction: Performing 'wait for a specific view with <(view.getId() is <2131231039> and an instance of android.widget.TextView and view.getText() with or without transformation to match: is "SIGN IN" and view.getContentDescription() is "Save" and view.getParent() view.getParent() an instance of android.widget.RelativeLayout)> during 10000 millis.' action on view view.getRootView() to equal view
12-07 20:44:35.453 32356 32400 W teco.fmhandroi: Accessing hidden method Lsun/misc/Unsafe;->compareAndSwapObject(Ljava/lang/Object;JLjava/lang/Object;Ljava/lang/Object;)Z (greylist, linking, allowed)
12-07 20:44:35.461 32356 32356 I ViewInteraction: Checking 'MatchesViewAssertion{viewMatcher=(view has effective visibility <VISIBLE> and view.getGlobalVisibleRect() to return non-empty rectangle)}' assertion on view (view.getId() is <2131231039/ru.iteco.fmhandroid:id/enter_button> and an instance of android.widget.TextView and view.getText() with or without transformation to match: is "SIGN IN" and view.getContentDescription() is "Save" and view.getParent() view.getParent() an instance of android.widget.RelativeLayout)
12-07 20:44:35.466 32356 32400 W teco.fmhandroi: Accessing hidden method Lsun/misc/Unsafe;->compareAndSwapObject(Ljava/lang/Object;JLjava/lang/Object;Ljava/lang/Object;)Z (greylist, linking, allowed)
12-07 20:44:35.467 32356 32472 W teco.fmhandroi: Accessing hidden method Lsun/misc/Unsafe;->compareAndSwapObject(Ljava/lang/Object;JLjava/lang/Object;Ljava/lang/Object;)Z (greylist, linking, allowed)
12-07 20:44:35.477 32356 32356 I ViewInteraction: Performing 'wait for a specific view with <(an instance of android.widget.TextView and view.getText() with or without transformation to match: is "Authorization" and view.getParent() view.getParent() view.getId() is <2131231186>)> during 10000 millis.' action on view view.getRootView() to equal view
12-07 20:44:35.481 32356 32400 W teco.fmhandroi: Accessing hidden method Lsun/misc/Unsafe;->compareAndSwapObject(Ljava/lang/Object;JLjava/lang/Object;Ljava/lang/Object;)Z (greylist, linking, allowed)
12-07 20:44:35.486 32356 32356 I ViewInteraction: Checking 'MatchesViewAssertion{viewMatcher=(view has effective visibility <VISIBLE> and view.getGlobalVisibleRect() to return non-empty rectangle)}' assertion on view (an instance of android.widget.TextView and view.getText() with or without transformation to match: is "Authorization" and view.getParent() view.getParent() view.getId() is <2131231186/ru.iteco.fmhandroid:id/nav_host_fragment>)
12-07 20:44:35.487 32356 32400 W teco.fmhandroi: Accessing hidden method Lsun/misc/Unsafe;->compareAndSwapObject(Ljava/lang/Object;JLjava/lang/Object;Ljava/lang/Object;)Z (greylist, linking, allowed)
12-07 20:44:35.491 32356 32356 I ViewInteraction: Performing 'wait for a specific view with <(an instance of android.widget.TextView and view.getHint() matching: is "Login" and view.getParent() view.getParent() view.getId() is <2131231121/ru.iteco.fmhandroid:id/login_text_input_layout>)> during 10000 millis.' action on view view.getRootView() to equal view
12-07 20:44:35.494 32356 32400 W teco.fmhandroi: Accessing hidden method Lsun/misc/Unsafe;->compareAndSwapObject(Ljava/lang/Object;JLjava/lang/Object;Ljava/lang/Object;)Z (greylist, linking, allowed)
12-07 20:44:35.499 32356 32356 I ViewInteraction: Checking 'MatchesViewAssertion{viewMatcher=(view has effective visibility <VISIBLE> and view.getGlobalVisibleRect() to return non-empty rectangle)}' assertion on view (an instance of android.widget.TextView and view.getHint() matching: is "Login" and view.getParent() view.getParent() view.getId() is <2131231121/ru.iteco.fmhandroid:id/login_text_input_layout>)
12-07 20:44:35.501 32356 32400 W teco.fmhandroi: Accessing hidden method Lsun/misc/Unsafe;->compareAndSwapObject(Ljava/lang/Object;JLjava/lang/Object;Ljava/lang/Object;)Z (greylist, linking, allowed)
12-07 20:44:35.507 32356 32356 I ViewInteraction: Performing 'wait for a specific view with <(an instance of android.widget.TextView and view.getHint() matching: is "Password" and view.getParent() view.getParent() view.getId() is <2131231264/ru.iteco.fmhandroid:id/password_text_input_layout>)> during 10000 millis.' action on view view.getRootView() to equal view
12-07 20:44:35.513 32356 32400 W teco.fmhandroi: Accessing hidden method Lsun/misc/Unsafe;->compareAndSwapObject(Ljava/lang/Object;JLjava/lang/Object;Ljava/lang/Object;)Z (greylist, linking, allowed)
12-07 20:44:35.517 32356 32356 I ViewInteraction: Checking 'MatchesViewAssertion{viewMatcher=(view has effective visibility <VISIBLE> and view.getGlobalVisibleRect() to return non-empty rectangle)}' assertion on view (an instance of android.widget.TextView and view.getHint() matching: is "Password" and view.getParent() view.getParent() view.getId() is <2131231264/ru.iteco.fmhandroid:id/password_text_input_layout>)
12-07 20:44:35.519 32356 32400 W teco.fmhandroi: Accessing hidden method Lsun/misc/Unsafe;->compareAndSwapObject(Ljava/lang/Object;JLjava/lang/Object;Ljava/lang/Object;)Z (greylist, linking, allowed)
12-07 20:44:35.523 32356 32356 I ViewInteraction: Performing 'wait for a specific view with <(view.getId() is <2131231039/ru.iteco.fmhandroid:id/enter_button> and an instance of android.widget.TextView and view.getText() with or without transformation to match: is "SIGN IN" and view.getContentDescription() is "Save" and view.getParent() view.getParent() an instance of android.widget.RelativeLayout)> during 10000 millis.' action on view view.getRootView() to equal view
12-07 20:44:35.529 32356 32400 W teco.fmhandroi: Accessing hidden method Lsun/misc/Unsafe;->compareAndSwapObject(Ljava/lang/Object;JLjava/lang/Object;Ljava/lang/Object;)Z (greylist, linking, allowed)
12-07 20:44:35.535 32356 32356 I ViewInteraction: Checking 'MatchesViewAssertion{viewMatcher=(view has effective visibility <VISIBLE> and view.getGlobalVisibleRect() to return non-empty rectangle)}' assertion on view (view.getId() is <2131231039/ru.iteco.fmhandroid:id/enter_button> and an instance of android.widget.TextView and view.getText() with or without transformation to match: is "SIGN IN" and view.getContentDescription() is "Save" and view.getParent() view.getParent() an instance of android.widget.RelativeLayout)
12-07 20:44:35.540 32356 32400 W teco.fmhandroi: Accessing hidden method Lsun/misc/Unsafe;->compareAndSwapObject(Ljava/lang/Object;JLjava/lang/Object;Ljava/lang/Object;)Z (greylist, linking, allowed)
12-07 20:44:35.545 32356 32356 I ViewInteraction: Performing 'wait for a specific view with <(an instance of android.widget.TextView and view.getHint() matching: is "Login" and view.getParent() view.getParent() view.getId() is <2131231121/ru.iteco.fmhandroid:id/login_text_input_layout>)> during 10000 millis.' action on view view.getRootView() to equal view
12-07 20:44:35.550 32356 32400 W teco.fmhandroi: Accessing hidden method Lsun/misc/Unsafe;->compareAndSwapObject(Ljava/lang/Object;JLjava/lang/Object;Ljava/lang/Object;)Z (greylist, linking, allowed)
12-07 20:44:35.555 32356 32356 I ViewInteraction: Performing 'replace text(login2)' action on view (an instance of android.widget.TextView and view.getHint() matching: is "Login" and view.getParent() view.getParent() view.getId() is <2131231121/ru.iteco.fmhandroid:id/login_text_input_layout>)
12-07 20:44:35.600 32356 32400 W teco.fmhandroi: Accessing hidden method Lsun/misc/Unsafe;->compareAndSwapObject(Ljava/lang/Object;JLjava/lang/Object;Ljava/lang/Object;)Z (greylist, linking, allowed)
12-07 20:44:35.636 32356 32356 I ViewInteraction: Performing 'wait for a specific view with <(an instance of android.widget.TextView and view.getHint() matching: is "Password" and view.getParent() view.getParent() view.getId() is <2131231264/ru.iteco.fmhandroid:id/password_text_input_layout>)> during 10000 millis.' action on view view.getRootView() to equal view
12-07 20:44:35.639 32356 32400 W teco.fmhandroi: Accessing hidden method Lsun/misc/Unsafe;->compareAndSwapObject(Ljava/lang/Object;JLjava/lang/Object;Ljava/lang/Object;)Z (greylist, linking, allowed)
12-07 20:44:35.649 32356 32356 I ViewInteraction: Performing 'replace text(password2)' action on view (an instance of android.widget.TextView and view.getHint() matching: is "Password" and view.getParent() view.getParent() view.getId() is <2131231264/ru.iteco.fmhandroid:id/password_text_input_layout>)
12-07 20:44:35.666 32356 32400 W teco.fmhandroi: Accessing hidden method Lsun/misc/Unsafe;->compareAndSwapObject(Ljava/lang/Object;JLjava/lang/Object;Ljava/lang/Object;)Z (greylist, linking, allowed)
12-07 20:44:35.696 32356 32356 I ViewInteraction: Performing 'wait for a specific view with <(view.getId() is <2131231039/ru.iteco.fmhandroid:id/enter_button> and an instance of android.widget.TextView and view.getText() with or without transformation to match: is "SIGN IN" and view.getContentDescription() is "Save" and view.getParent() view.getParent() an instance of android.widget.RelativeLayout)> during 10000 millis.' action on view view.getRootView() to equal view
12-07 20:44:35.702 32356 32400 W teco.fmhandroi: Accessing hidden method Lsun/misc/Unsafe;->compareAndSwapObject(Ljava/lang/Object;JLjava/lang/Object;Ljava/lang/Object;)Z (greylist, linking, allowed)
12-07 20:44:35.705 32356 32356 I ViewInteraction: Checking 'MatchesViewAssertion{viewMatcher=view.isClickable() is <true>}' assertion on view (view.getId() is <2131231039/ru.iteco.fmhandroid:id/enter_button> and an instance of android.widget.TextView and view.getText() with or without transformation to match: is "SIGN IN" and view.getContentDescription() is "Save" and view.getParent() view.getParent() an instance of android.widget.RelativeLayout)
12-07 20:44:35.713 32356 32472 W teco.fmhandroi: Accessing hidden method Lsun/misc/Unsafe;->compareAndSwapObject(Ljava/lang/Object;JLjava/lang/Object;Ljava/lang/Object;)Z (greylist, linking, allowed)
12-07 20:44:35.713 32356 32400 W teco.fmhandroi: Accessing hidden method Lsun/misc/Unsafe;->compareAndSwapObject(Ljava/lang/Object;JLjava/lang/Object;Ljava/lang/Object;)Z (greylist, linking, allowed)
12-07 20:44:35.714 32356 32400 W teco.fmhandroi: Accessing hidden method Lsun/misc/Unsafe;->getObject(Ljava/lang/Object;J)Ljava/lang/Object; (greylist, linking, allowed)
12-07 20:44:35.719 32356 32356 I ViewInteraction: Performing 'wait for a specific view with <(view.getId() is <2131231039/ru.iteco.fmhandroid:id/enter_button> and an instance of android.widget.TextView and view.getText() with or without transformation to match: is "SIGN IN" and view.getContentDescription() is "Save" and view.getParent() view.getParent() an instance of android.widget.RelativeLayout)> during 10000 millis.' action on view view.getRootView() to equal view
12-07 20:44:35.739 32356 32400 W teco.fmhandroi: Accessing hidden method Lsun/misc/Unsafe;->compareAndSwapObject(Ljava/lang/Object;JLjava/lang/Object;Ljava/lang/Object;)Z (greylist, linking, allowed)
12-07 20:44:35.745 32356 32356 I ViewInteraction: Checking 'MatchesViewAssertion{viewMatcher=view.isClickable() is <true>}' assertion on view (view.getId() is <2131231039/ru.iteco.fmhandroid:id/enter_button> and an instance of android.widget.TextView and view.getText() with or without transformation to match: is "SIGN IN" and view.getContentDescription() is "Save" and view.getParent() view.getParent() an instance of android.widget.RelativeLayout)
12-07 20:44:35.751 32356 32472 W teco.fmhandroi: Accessing hidden method Lsun/misc/Unsafe;->compareAndSwapObject(Ljava/lang/Object;JLjava/lang/Object;Ljava/lang/Object;)Z (greylist, linking, allowed)
12-07 20:44:35.757 32356 32356 I ViewInteraction: Performing 'wait for a specific view with <(view.getId() is <2131231039/ru.iteco.fmhandroid:id/enter_button> and an instance of android.widget.TextView and view.getText() with or without transformation to match: is "SIGN IN" and view.getContentDescription() is "Save" and view.getParent() view.getParent() an instance of android.widget.RelativeLayout)> during 10000 millis.' action on view view.getRootView() to equal view
12-07 20:44:35.760 32356 32400 W teco.fmhandroi: Accessing hidden method Lsun/misc/Unsafe;->compareAndSwapObject(Ljava/lang/Object;JLjava/lang/Object;Ljava/lang/Object;)Z (greylist, linking, allowed)
12-07 20:44:35.764 32356 32356 I ViewInteraction: Performing 'single click' action on view (view.getId() is <2131231039/ru.iteco.fmhandroid:id/enter_button> and an instance of android.widget.TextView and view.getText() with or without transformation to match: is "SIGN IN" and view.getContentDescription() is "Save" and view.getParent() view.getParent() an instance of android.widget.RelativeLayout)
12-07 20:44:35.842 32356 32477 I okhttp.OkHttpClient: --> POST http://www.981757-ca08998.tmweb.ru:8080/fmh/authentication/login
12-07 20:44:35.842 32356 32477 I okhttp.OkHttpClient: Content-Type: application/json; charset=UTF-8
12-07 20:44:35.842 32356 32477 I okhttp.OkHttpClient: Content-Length: 41
12-07 20:44:35.843 32356 32477 I okhttp.OkHttpClient: {"login":"login2","password":"password2"}
12-07 20:44:35.853 32356 32477 I okhttp.OkHttpClient: --> END POST (41-byte body)
12-07 20:44:35.861  1744 32478 E ResolverController: No valid NAT64 prefix (102, <unspecified>/0)
12-07 20:44:36.069 32356 32400 W teco.fmhandroi: Accessing hidden method Lsun/misc/Unsafe;->compareAndSwapObject(Ljava/lang/Object;JLjava/lang/Object;Ljava/lang/Object;)Z (greylist, linking, allowed)
12-07 20:44:36.083 32356 32356 I ViewInteraction: Performing 'wait for a specific view with <an instance of android.widget.TextView and view.getText() with or without transformation to match: is "News"> during 10000 millis.' action on view view.getRootView() to equal view
12-07 20:44:36.258 32356 32477 I okhttp.OkHttpClient: <-- 200 http://www.981757-ca08998.tmweb.ru:8080/fmh/authentication/login (404ms)
12-07 20:44:36.258 32356 32477 I okhttp.OkHttpClient: Vary: Origin
12-07 20:44:36.258 32356 32477 I okhttp.OkHttpClient: Vary: Access-Control-Request-Method
12-07 20:44:36.258 32356 32477 I okhttp.OkHttpClient: Vary: Access-Control-Request-Headers
12-07 20:44:36.259 32356 32477 I okhttp.OkHttpClient: X-Content-Type-Options: nosniff
12-07 20:44:36.259 32356 32477 I okhttp.OkHttpClient: X-XSS-Protection: 1; mode=block
12-07 20:44:36.259 32356 32477 I okhttp.OkHttpClient: Cache-Control: no-cache, no-store, max-age=0, must-revalidate
12-07 20:44:36.261 32356 32477 I okhttp.OkHttpClient: Pragma: no-cache
12-07 20:44:36.261 32356 32477 I okhttp.OkHttpClient: Expires: 0
12-07 20:44:36.261 32356 32477 I okhttp.OkHttpClient: X-Frame-Options: DENY
12-07 20:44:36.261 32356 32477 I okhttp.OkHttpClient: Content-Type: application/json
12-07 20:44:36.261 32356 32477 I okhttp.OkHttpClient: Transfer-Encoding: chunked
12-07 20:44:36.262 32356 32477 I okhttp.OkHttpClient: Date: Wed, 07 Dec 2022 20:45:22 GMT
12-07 20:44:36.262 32356 32477 I okhttp.OkHttpClient: Keep-Alive: timeout=60
12-07 20:44:36.263 32356 32477 I okhttp.OkHttpClient: Connection: keep-alive
12-07 20:44:36.872 32356 32477 I okhttp.OkHttpClient: {"accessToken":"eyJhbGciOiJIUzUxMiJ9.eyJzdWIiOiJsb2dpbjIiLCJqdGkiOiIyIiwiZXhwIjoxNjcwNTMyMzIyfQ.Pbdtf7fVjZxrt6K7z_Lw91cD6D67l1bdlG0Wn4_d_JaGQPh3w53cIPNV8l676cd4x4DwfXB3rkDxL521K-daWw","refreshToken":"eyJhbGciOiJIUzUxMiJ9.eyJzdWIiOiJsb2dpbjIiLCJqdGkiOiIyIiwiZXhwIjoxNjczMDM3OTIyfQ.qFEG10CAZpZo-X7fmh8fAK7R17yY5NV70mJWHGvR5gV8RrIxauIhQn80wub2r174GQ2a0tHLNp0yuwKIULK_Ww"}
12-07 20:44:36.872 32356 32477 I okhttp.OkHttpClient: <-- END HTTP (368-byte body)
12-07 20:44:36.877 32356 32455 I okhttp.OkHttpClient: --> GET http://www.981757-ca08998.tmweb.ru:8080/fmh/authentication/userInfo
12-07 20:44:36.878 32356 32455 I okhttp.OkHttpClient: --> END GET
12-07 20:44:37.062 32356 32455 I okhttp.OkHttpClient: <-- 200 http://www.981757-ca08998.tmweb.ru:8080/fmh/authentication/userInfo (184ms)
12-07 20:44:37.062 32356 32455 I okhttp.OkHttpClient: Vary: Origin
12-07 20:44:37.062 32356 32455 I okhttp.OkHttpClient: Vary: Access-Control-Request-Method
12-07 20:44:37.063 32356 32455 I okhttp.OkHttpClient: Vary: Access-Control-Request-Headers
12-07 20:44:37.063 32356 32455 I okhttp.OkHttpClient: X-Content-Type-Options: nosniff
12-07 20:44:37.063 32356 32455 I okhttp.OkHttpClient: X-XSS-Protection: 1; mode=block
12-07 20:44:37.063 32356 32455 I okhttp.OkHttpClient: Cache-Control: no-cache, no-store, max-age=0, must-revalidate
12-07 20:44:37.063 32356 32455 I okhttp.OkHttpClient: Pragma: no-cache
12-07 20:44:37.065 32356 32455 I okhttp.OkHttpClient: Expires: 0
12-07 20:44:37.065 32356 32455 I okhttp.OkHttpClient: X-Frame-Options: DENY
12-07 20:44:37.065 32356 32455 I okhttp.OkHttpClient: Content-Type: application/json
12-07 20:44:37.065 32356 32455 I okhttp.OkHttpClient: Transfer-Encoding: chunked
12-07 20:44:37.066 32356 32455 I okhttp.OkHttpClient: Date: Wed, 07 Dec 2022 20:45:22 GMT
12-07 20:44:37.067 32356 32455 I okhttp.OkHttpClient: Keep-Alive: timeout=60
12-07 20:44:37.071 32356 32455 I okhttp.OkHttpClient: Connection: keep-alive
12-07 20:44:37.082 32356 32455 I okhttp.OkHttpClient: {"id":2,"firstName":"Данил","lastName":"Иванов","middleName":"Данилович","admin":true}
12-07 20:44:37.095 32356 32455 I okhttp.OkHttpClient: <-- END HTTP (106-byte body)
12-07 20:44:37.145 32356 32479 I okhttp.OkHttpClient: --> GET http://www.981757-ca08998.tmweb.ru:8080/fmh/claims
12-07 20:44:37.145 32356 32479 I okhttp.OkHttpClient: --> END GET
12-07 20:44:37.271  2018  2058 E memtrack: Couldn't load memtrack module
12-07 20:44:37.272  2018  2058 W android.os.Debug: failed to get memory consumption info: -1
12-07 20:44:37.348 32356 32356 I ViewInteraction: Checking 'MatchesViewAssertion{viewMatcher=(view has effective visibility <VISIBLE> and view.getGlobalVisibleRect() to return non-empty rectangle)}' assertion on view an instance of android.widget.TextView and view.getText() with or without transformation to match: is "News"
12-07 20:44:37.353 32356 32356 I ViewInteraction: Performing 'wait for a specific view with <view.getId() is <2131230951>> during 10000 millis.' action on view view.getRootView() to equal view
12-07 20:44:37.356 32356 32400 W teco.fmhandroi: Accessing hidden method Lsun/misc/Unsafe;->compareAndSwapObject(Ljava/lang/Object;JLjava/lang/Object;Ljava/lang/Object;)Z (greylist, linking, allowed)
12-07 20:44:37.360 32356 32356 I ViewInteraction: Checking 'MatchesViewAssertion{viewMatcher=(view has effective visibility <VISIBLE> and view.getGlobalVisibleRect() to return non-empty rectangle)}' assertion on view view.getId() is <2131230951/ru.iteco.fmhandroid:id/container_list_news_include_on_fragment_main>
12-07 20:44:37.361 32356 32400 W teco.fmhandroi: Accessing hidden method Lsun/misc/Unsafe;->compareAndSwapObject(Ljava/lang/Object;JLjava/lang/Object;Ljava/lang/Object;)Z (greylist, linking, allowed)
12-07 20:44:37.364 32356 32356 I ViewInteraction: Performing 'wait for a specific view with <view.getId() is <2131230949>> during 10000 millis.' action on view view.getRootView() to equal view
12-07 20:44:37.366 32356 32400 W teco.fmhandroi: Accessing hidden method Lsun/misc/Unsafe;->compareAndSwapObject(Ljava/lang/Object;JLjava/lang/Object;Ljava/lang/Object;)Z (greylist, linking, allowed)
12-07 20:44:37.367 32356 32472 W teco.fmhandroi: Accessing hidden method Lsun/misc/Unsafe;->compareAndSwapObject(Ljava/lang/Object;JLjava/lang/Object;Ljava/lang/Object;)Z (greylist, linking, allowed)
12-07 20:44:37.370 32356 32400 W teco.fmhandroi: Accessing hidden method Lsun/misc/Unsafe;->getObject(Ljava/lang/Object;J)Ljava/lang/Object; (greylist, linking, allowed)
12-07 20:44:37.371 32356 32356 I ViewInteraction: Checking 'MatchesViewAssertion{viewMatcher=(view has effective visibility <VISIBLE> and view.getGlobalVisibleRect() to return non-empty rectangle)}' assertion on view view.getId() is <2131230949/ru.iteco.fmhandroid:id/container_list_claim_include_on_fragment_main>
12-07 20:44:37.373 32356 32400 W teco.fmhandroi: Accessing hidden method Lsun/misc/Unsafe;->compareAndSwapObject(Ljava/lang/Object;JLjava/lang/Object;Ljava/lang/Object;)Z (greylist, linking, allowed)
12-07 20:44:37.376 32356 32356 I ViewInteraction: Performing 'wait for a specific view with <an instance of android.widget.TextView and view.getText() with or without transformation to match: is "Claims"> during 10000 millis.' action on view view.getRootView() to equal view
12-07 20:44:37.383 32356 32356 I ViewInteraction: Checking 'MatchesViewAssertion{viewMatcher=(view has effective visibility <VISIBLE> and view.getGlobalVisibleRect() to return non-empty rectangle)}' assertion on view an instance of android.widget.TextView and view.getText() with or without transformation to match: is "Claims"
12-07 20:44:37.386 32356 32472 W teco.fmhandroi: Accessing hidden method Lsun/misc/Unsafe;->compareAndSwapObject(Ljava/lang/Object;JLjava/lang/Object;Ljava/lang/Object;)Z (greylist, linking, allowed)
12-07 20:44:37.388 32356 32356 I ViewInteraction: Performing 'wait for a specific view with <view.getId() is <2131231123>> during 10000 millis.' action on view view.getRootView() to equal view
12-07 20:44:37.391 32356 32400 W teco.fmhandroi: Accessing hidden method Lsun/misc/Unsafe;->compareAndSwapObject(Ljava/lang/Object;JLjava/lang/Object;Ljava/lang/Object;)Z (greylist, linking, allowed)
12-07 20:44:37.392 32356 32472 W teco.fmhandroi: Accessing hidden method Lsun/misc/Unsafe;->compareAndSwapObject(Ljava/lang/Object;JLjava/lang/Object;Ljava/lang/Object;)Z (greylist, linking, allowed)
12-07 20:44:37.393 32356 32356 I ViewInteraction: Performing 'single click' action on view view.getId() is <2131231123/ru.iteco.fmhandroid:id/main_menu_image_button>
12-07 20:44:37.975 32356 32356 W MotionEvents: Overslept and turned a tap into a long press
12-07 20:44:38.097  1776  1776 D gralloc_ranchu: gralloc_alloc: Creating ashmem region of size 2015232
12-07 20:44:38.113  1776  1776 I chatty  : uid=1000(system) allocator@2.0-s identical 1 line
12-07 20:44:38.119  1776  1776 D gralloc_ranchu: gralloc_alloc: Creating ashmem region of size 2015232
12-07 20:44:38.153 32356 32446 D EGL_emulation: eglMakeCurrent: 0xe593dd20: ver 2 0 (tinfo 0xf0c9eb00)
12-07 20:44:38.279 32356 32446 I chatty  : uid=10146(ru.iteco.fmhandroid) RenderThread identical 3 lines
12-07 20:44:38.299 32356 32446 D EGL_emulation: eglMakeCurrent: 0xe593dd20: ver 2 0 (tinfo 0xf0c9eb00)
12-07 20:44:38.375 32356 32400 W teco.fmhandroi: Accessing hidden method Lsun/misc/Unsafe;->compareAndSwapObject(Ljava/lang/Object;JLjava/lang/Object;Ljava/lang/Object;)Z (greylist, linking, allowed)
12-07 20:44:38.380 32356 32356 I ViewInteraction: Performing 'wait for a specific view with <an instance of android.widget.TextView and view.getText() with or without transformation to match: is "Claims"> during 10000 millis.' action on view view.getRootView() to equal view
12-07 20:44:38.384 32356 32356 I ViewInteraction: Performing 'single click' action on view an instance of android.widget.TextView and view.getText() with or without transformation to match: is "Claims"
12-07 20:44:38.559 32356 32480 I okhttp.OkHttpClient: --> GET http://www.981757-ca08998.tmweb.ru:8080/fmh/claims
12-07 20:44:38.559 32356 32480 I okhttp.OkHttpClient: --> END GET
12-07 20:44:38.581  1744 32481 E ResolverController: No valid NAT64 prefix (102, <unspecified>/0)
12-07 20:44:38.661 32356 32446 D EGL_emulation: eglMakeCurrent: 0xe593dd20: ver 2 0 (tinfo 0xf0c9eb00)
12-07 20:44:38.704 32356 32446 D EGL_emulation: eglMakeCurrent: 0xe593dd20: ver 2 0 (tinfo 0xf0c9eb00)
12-07 20:44:39.022 32356 32472 W teco.fmhandroi: Accessing hidden method Lsun/misc/Unsafe;->compareAndSwapObject(Ljava/lang/Object;JLjava/lang/Object;Ljava/lang/Object;)Z (greylist, linking, allowed)
12-07 20:44:39.026 32356 32356 I ViewInteraction: Performing 'wait for a specific view with <view.getId() is <2131230849>> during 10000 millis.' action on view view.getRootView() to equal view
12-07 20:44:39.029 32356 32400 W teco.fmhandroi: Accessing hidden method Lsun/misc/Unsafe;->compareAndSwapObject(Ljava/lang/Object;JLjava/lang/Object;Ljava/lang/Object;)Z (greylist, linking, allowed)
12-07 20:44:39.046 32356 32356 I ViewInteraction: Performing 'single click' action on view view.getId() is <2131230849/ru.iteco.fmhandroid:id/add_new_claim_material_button>
12-07 20:44:39.119 32356 32455 I okhttp.OkHttpClient: --> GET http://www.981757-ca08998.tmweb.ru:8080/fmh/users
12-07 20:44:39.119 32356 32455 I okhttp.OkHttpClient: --> END GET
12-07 20:44:39.314 32356 32455 I okhttp.OkHttpClient: <-- 200 http://www.981757-ca08998.tmweb.ru:8080/fmh/users (194ms)
12-07 20:44:39.314 32356 32455 I okhttp.OkHttpClient: Vary: Origin
12-07 20:44:39.314 32356 32455 I okhttp.OkHttpClient: Vary: Access-Control-Request-Method
12-07 20:44:39.314 32356 32455 I okhttp.OkHttpClient: Vary: Access-Control-Request-Headers
12-07 20:44:39.314 32356 32455 I okhttp.OkHttpClient: X-Content-Type-Options: nosniff
12-07 20:44:39.314 32356 32455 I okhttp.OkHttpClient: X-XSS-Protection: 1; mode=block
12-07 20:44:39.315 32356 32455 I okhttp.OkHttpClient: Cache-Control: no-cache, no-store, max-age=0, must-revalidate
12-07 20:44:39.315 32356 32455 I okhttp.OkHttpClient: Pragma: no-cache
12-07 20:44:39.315 32356 32455 I okhttp.OkHttpClient: Expires: 0
12-07 20:44:39.315 32356 32455 I okhttp.OkHttpClient: X-Frame-Options: DENY
12-07 20:44:39.315 32356 32455 I okhttp.OkHttpClient: Content-Type: application/json
12-07 20:44:39.315 32356 32455 I okhttp.OkHttpClient: Transfer-Encoding: chunked
12-07 20:44:39.315 32356 32455 I okhttp.OkHttpClient: Date: Wed, 07 Dec 2022 20:45:25 GMT
12-07 20:44:39.315 32356 32455 I okhttp.OkHttpClient: Keep-Alive: timeout=60
12-07 20:44:39.315 32356 32455 I okhttp.OkHttpClient: Connection: keep-alive
12-07 20:44:39.316 32356 32455 I okhttp.OkHttpClient: [{"id":1,"firstName":"Петр","lastName":"Смирнов","middleName":"Петрович","admin":true},{"id":2,"firstName":"Данил","lastName":"Иванов","middleName":"Данилович","admin":true},{"id":3,"firstName":"Егор","lastName":"Петров","middleName":"Егорович","admin":false},{"id":4,"firstName":"Дмитрий","lastName":"Сидоров","middleName":"Дмитриевич","admin":false},{"id":5,"firstName":"Тест","lastName":"Тестов","middleName":"Тестович","admin":true},{"id":6,"firstName":"Diplom","lastName":"Netology","middleName":"QAMID","admin":true}]
12-07 20:44:39.316 32356 32455 I okhttp.OkHttpClient: <-- END HTTP (622-byte body)
12-07 20:44:39.634 32356 32369 I teco.fmhandroi: Background concurrent copying GC freed 15964(803KB) AllocSpace objects, 0(0B) LOS objects, 35% free, 10MB/16MB, paused 1.216ms total 185.260ms
12-07 20:44:39.861 32356 32400 W teco.fmhandroi: Accessing hidden method Lsun/misc/Unsafe;->compareAndSwapObject(Ljava/lang/Object;JLjava/lang/Object;Ljava/lang/Object;)Z (greylist, linking, allowed)
12-07 20:44:39.866 32356 32356 I ViewInteraction: Performing 'wait for a specific view with <view.getId() is <2131231041>> during 10000 millis.' action on view view.getRootView() to equal view
12-07 20:44:39.869 32356 32400 W teco.fmhandroi: Accessing hidden method Lsun/misc/Unsafe;->compareAndSwapObject(Ljava/lang/Object;JLjava/lang/Object;Ljava/lang/Object;)Z (greylist, linking, allowed)
12-07 20:44:39.872 32356 32356 I ViewInteraction: Performing 'single click' action on view view.getId() is <2131231041/ru.iteco.fmhandroid:id/executor_drop_menu_auto_complete_text_view>
12-07 20:44:40.080  1776  1776 D gralloc_ranchu: gralloc_alloc: Creating ashmem region of size 4116480
12-07 20:44:40.085  1776  1776 I chatty  : uid=1000(system) allocator@2.0-s identical 1 line
12-07 20:44:40.087  1776  1776 D gralloc_ranchu: gralloc_alloc: Creating ashmem region of size 4116480
12-07 20:44:40.116 32356 32446 D EGL_emulation: eglMakeCurrent: 0xe593dd20: ver 2 0 (tinfo 0xf0c9eb00)
12-07 20:44:40.197 32356 32356 I AssistStructure: Flattened final assist data: 6984 bytes, containing 2 windows, 53 views
12-07 20:44:40.216  2018  3005 D AutofillSession: Starting partition or augmented request for view id 1073741827@406064087: STARTED_SESSION
12-07 20:44:40.226  1788  1978 D AF::Track: interceptBuffer: took 297us to intercept 0 tracks
12-07 20:44:40.242 32356 32446 D EGL_emulation: eglMakeCurrent: 0xe593dd20: ver 2 0 (tinfo 0xf0c9eb00)
12-07 20:44:40.259  2018  2018 D AutofillSession: cancelCurrentRequest(): id = 409
12-07 20:44:40.285 32356 32446 D EGL_emulation: eglMakeCurrent: 0xe593dd20: ver 2 0 (tinfo 0xf0c9eb00)
12-07 20:44:40.288  2537  2537 W GInputConnectionWrapper: IPC IC_GET_TEXT_BEFORE_CURSOR_AND_FIX_SELECTION_INDICES took 160 ms
12-07 20:44:40.298 32356 32356 I AssistStructure: Flattened final assist data: 6984 bytes, containing 2 windows, 53 views
12-07 20:44:40.330  2537  2537 I KeyboardViewUtil: systemKeyboardHeightRatio:1.000000; userKeyboardHeightRatio:1.000000.
12-07 20:44:40.346  2537  2537 I AndroidIME: LatinIme.onActivate() : EditorInfo = Package = ru.iteco.fmhandroid : Type = Text : Learning = Disable : Suggestion = Show : AutoCorrection = Disable : Microphone = Show : NoPersonalizedLearning = Disable
12-07 20:44:40.351  2656  2656 W ktk     : Pending fill request while another request in the same session was triggered. [CONTEXT service_id=177 ]
12-07 20:44:40.446 32356 32446 D EGL_emulation: eglMakeCurrent: 0xe593dd20: ver 2 0 (tinfo 0xf0c9eb00)
12-07 20:44:40.497  2018  2051 D AutofillUI: destroySaveUiUiThread(): already destroyed
12-07 20:44:40.536 32356 32400 W teco.fmhandroi: Accessing hidden method Lsun/misc/Unsafe;->compareAndSwapObject(Ljava/lang/Object;JLjava/lang/Object;Ljava/lang/Object;)Z (greylist, linking, allowed)
12-07 20:44:40.540 32356 32356 I ViewInteraction: Performing 'close keyboard' action on view view.getRootView() to equal view
12-07 20:44:40.627  2537  2537 I Conv2QueryExtension: Current locale: en_US, config allows these locales: de,en,es,fr,it,ms,pt,ta
12-07 20:44:40.629  2537  2537 I Conv2QueryExtension: Conv2Query not enabled due to current app [ru.iteco.fmhandroid] not in whitelist
12-07 20:44:40.629  2537  2537 I Conv2QueryExtension: onActivate() : Disabled by unsupported host app
12-07 20:44:40.696  2170  2566 D EGL_emulation: eglMakeCurrent: 0xe594e040: ver 2 0 (tinfo 0xc52450c0)
12-07 20:44:40.996  2537  2537 I Choreographer: Skipped 55 frames!  The application may be doing too much work on its main thread.
12-07 20:44:41.059  1776  1776 D gralloc_ranchu: gralloc_alloc: Creating ashmem region of size 9826304
12-07 20:44:41.093  1776  1776 I chatty  : uid=1000(system) allocator@2.0-s identical 1 line
12-07 20:44:41.100  1776  1776 D gralloc_ranchu: gralloc_alloc: Creating ashmem region of size 9826304
12-07 20:44:41.208  2537  8546 D EGL_emulation: eglMakeCurrent: 0xc286ce00: ver 2 0 (tinfo 0xc335ede0)
12-07 20:44:41.212  2018  2058 E memtrack: Couldn't load memtrack module
12-07 20:44:41.212  2018  2058 W android.os.Debug: failed to get memory consumption info: -1
12-07 20:44:41.302  2537  8546 I OpenGLRenderer: Davey! duration=1214ms; Flags=1, IntendedVsync=46230183060513, Vsync=46231099727143, OldestInputEvent=9223372036854775807, NewestInputEvent=0, HandleInputStart=46231107616280, AnimationStart=46231109071980, PerformTraversalsStart=46231109174080, DrawStart=46231201024480, SyncQueued=46231310062980, SyncStart=46231322674780, IssueDrawCommandsStart=46231324889880, SwapBuffers=46231392587180, FrameCompleted=46231409782480, DequeueBufferDuration=96000, QueueBufferDuration=1177000, 
12-07 20:44:41.304  1776  1776 D gralloc_ranchu: gralloc_alloc: Creating ashmem region of size 3072000
12-07 20:44:41.318 32356 32446 D EGL_emulation: eglMakeCurrent: 0xe593dd20: ver 2 0 (tinfo 0xf0c9eb00)
12-07 20:44:41.341  1776  1776 D gralloc_ranchu: gralloc_alloc: Creating ashmem region of size 3072000
12-07 20:44:41.346  2537  2537 I PhenotypeExpConfig: refreshConfiguration() : Force = false : UpdateAvailable = false : Age = 4 minutes : MaxAge = 720 minutes
12-07 20:44:41.358 32356 32446 D EGL_emulation: eglMakeCurrent: 0xe593dd20: ver 2 0 (tinfo 0xf0c9eb00)
12-07 20:44:41.383 32356 32446 D EGL_emulation: eglMakeCurrent: 0xe593dd20: ver 2 0 (tinfo 0xf0c9eb00)
12-07 20:44:41.390  2537  2537 I AndroidIME: LatinIme.onDeactivate()
12-07 20:44:41.404  1776  1776 D gralloc_ranchu: gralloc_alloc: Creating ashmem region of size 3072000
12-07 20:44:41.411 32356 32446 D EGL_emulation: eglMakeCurrent: 0xe593dd20: ver 2 0 (tinfo 0xf0c9eb00)
12-07 20:44:41.455  2537  8546 D EGL_emulation: eglMakeCurrent: 0xc286ce00: ver 2 0 (tinfo 0xc335ede0)
12-07 20:44:41.597  1776  1776 D gralloc_ranchu: gralloc_alloc: Creating ashmem region of size 4116480
12-07 20:44:41.605 32356 32446 D EGL_emulation: eglMakeCurrent: 0xe593dd20: ver 2 0 (tinfo 0xf0c9eb00)
12-07 20:44:41.627  1776  1776 D gralloc_ranchu: gralloc_alloc: Creating ashmem region of size 4116480
12-07 20:44:41.632 32356 32446 D EGL_emulation: eglMakeCurrent: 0xe593dd20: ver 2 0 (tinfo 0xf0c9eb00)
12-07 20:44:41.644 32356 32446 D EGL_emulation: eglMakeCurrent: 0xe593dd20: ver 2 0 (tinfo 0xf0c9eb00)
12-07 20:44:41.659  1776  1776 D gralloc_ranchu: gralloc_alloc: Creating ashmem region of size 4116480
12-07 20:44:41.662 32356 32446 D EGL_emulation: eglMakeCurrent: 0xe593dd20: ver 2 0 (tinfo 0xf0c9eb00)
12-07 20:44:41.761 32356 32356 I ViewInteraction: Performing 'single click' action on view an instance of android.widget.TextView and view.getText() with or without transformation to match: is "Иванов Данил Данилович"
12-07 20:44:41.829 32356 32446 D EGL_emulation: eglMakeCurrent: 0xe593dd20: ver 2 0 (tinfo 0xf0c9eb00)
12-07 20:44:41.919 32356 32446 D EGL_emulation: eglMakeCurrent: 0xe593dd20: ver 2 0 (tinfo 0xf0c9eb00)
12-07 20:44:41.944  2018  3061 E InputDispatcher: Window handle Window{cb69d61 u0 PopupWindow:60e0f28} has no registered input channel
12-07 20:44:41.949 32356 32446 D EGL_emulation: eglMakeCurrent: 0xe593dd20: ver 2 0 (tinfo 0xf0c9eb00)
12-07 20:44:42.054 32356 32356 I ViewInteraction: Performing 'wait for a specific view with <(view.getId() is <2131231402> and view.getParent() view.getParent() view.getId() is <2131231406>)> during 10000 millis.' action on view view.getRootView() to equal view
12-07 20:44:42.062 32356 32356 I ViewInteraction: Performing 'replace text(Заголовок af5dc717-69cb-4e70-a1a4-fd9df2fb3d0c)' action on view (view.getId() is <2131231402/ru.iteco.fmhandroid:id/title_edit_text> and view.getParent() view.getParent() view.getId() is <2131231406/ru.iteco.fmhandroid:id/title_text_input_layout>)
12-07 20:44:42.100 32356 32479 I okhttp.OkHttpClient: <-- 200 http://www.981757-ca08998.tmweb.ru:8080/fmh/claims (4955ms)
12-07 20:44:42.101 32356 32479 I okhttp.OkHttpClient: Vary: Origin
12-07 20:44:42.101 32356 32479 I okhttp.OkHttpClient: Vary: Access-Control-Request-Method
12-07 20:44:42.101 32356 32479 I okhttp.OkHttpClient: Vary: Access-Control-Request-Headers
12-07 20:44:42.101 32356 32479 I okhttp.OkHttpClient: X-Content-Type-Options: nosniff
12-07 20:44:42.101 32356 32479 I okhttp.OkHttpClient: X-XSS-Protection: 1; mode=block
12-07 20:44:42.101 32356 32479 I okhttp.OkHttpClient: Cache-Control: no-cache, no-store, max-age=0, must-revalidate
12-07 20:44:42.101 32356 32479 I okhttp.OkHttpClient: Pragma: no-cache
12-07 20:44:42.101 32356 32479 I okhttp.OkHttpClient: Expires: 0
12-07 20:44:42.101 32356 32479 I okhttp.OkHttpClient: X-Frame-Options: DENY
12-07 20:44:42.101 32356 32479 I okhttp.OkHttpClient: Content-Type: application/json
12-07 20:44:42.101 32356 32479 I okhttp.OkHttpClient: Transfer-Encoding: chunked
12-07 20:44:42.101 32356 32479 I okhttp.OkHttpClient: Date: Wed, 07 Dec 2022 20:45:28 GMT
12-07 20:44:42.101 32356 32479 I okhttp.OkHttpClient: Keep-Alive: timeout=60
12-07 20:44:42.102 32356 32479 I okhttp.OkHttpClient: Connection: keep-alive
12-07 20:44:42.133 32356 32356 I ViewInteraction: Performing 'wait for a specific view with <view.getId() is <2131230975>> during 10000 millis.' action on view view.getRootView() to equal view
12-07 20:44:42.141 32356 32356 I ViewInteraction: Performing 'single click' action on view view.getId() is <2131230975/ru.iteco.fmhandroid:id/date_in_plan_text_input_edit_text>
12-07 20:44:42.526  1776  1776 D gralloc_ranchu: gralloc_alloc: Creating ashmem region of size 6778880
12-07 20:44:42.538  1776  1776 I chatty  : uid=1000(system) allocator@2.0-s identical 1 line
12-07 20:44:42.539  1776  1776 D gralloc_ranchu: gralloc_alloc: Creating ashmem region of size 6778880
12-07 20:44:42.576 32356 32446 D EGL_emulation: eglMakeCurrent: 0xe593dd20: ver 2 0 (tinfo 0xf0c9eb00)
12-07 20:44:42.582 32356 32480 I okhttp.OkHttpClient: <-- 200 http://www.981757-ca08998.tmweb.ru:8080/fmh/claims (4022ms)
12-07 20:44:42.582 32356 32480 I okhttp.OkHttpClient: Vary: Origin
12-07 20:44:42.582 32356 32480 I okhttp.OkHttpClient: Vary: Access-Control-Request-Method
12-07 20:44:42.582 32356 32480 I okhttp.OkHttpClient: Vary: Access-Control-Request-Headers
12-07 20:44:42.582 32356 32480 I okhttp.OkHttpClient: X-Content-Type-Options: nosniff
12-07 20:44:42.583 32356 32480 I okhttp.OkHttpClient: X-XSS-Protection: 1; mode=block
12-07 20:44:42.583 32356 32480 I okhttp.OkHttpClient: Cache-Control: no-cache, no-store, max-age=0, must-revalidate
12-07 20:44:42.583 32356 32480 I okhttp.OkHttpClient: Pragma: no-cache
12-07 20:44:42.583 32356 32480 I okhttp.OkHttpClient: Expires: 0
12-07 20:44:42.583 32356 32480 I okhttp.OkHttpClient: X-Frame-Options: DENY
12-07 20:44:42.583 32356 32480 I okhttp.OkHttpClient: Content-Type: application/json
12-07 20:44:42.584 32356 32480 I okhttp.OkHttpClient: Transfer-Encoding: chunked
12-07 20:44:42.587 32356 32480 I okhttp.OkHttpClient: Date: Wed, 07 Dec 2022 20:45:28 GMT
12-07 20:44:42.587 32356 32480 I okhttp.OkHttpClient: Keep-Alive: timeout=60
12-07 20:44:42.587 32356 32480 I okhttp.OkHttpClient: Connection: keep-alive
12-07 20:44:42.634 32356 32446 D EGL_emulation: eglMakeCurrent: 0xe593dd20: ver 2 0 (tinfo 0xf0c9eb00)
12-07 20:44:42.829 32356 32446 I chatty  : uid=10146(ru.iteco.fmhandroid) RenderThread identical 2 lines
12-07 20:44:42.848 32356 32446 D EGL_emulation: eglMakeCurrent: 0xe593dd20: ver 2 0 (tinfo 0xf0c9eb00)
12-07 20:44:43.091 32356 32356 I ViewInteraction: Performing 'wait for a specific view with <is assignable from class <class android.widget.DatePicker>> during 10000 millis.' action on view view.getRootView() to equal view
12-07 20:44:43.101 32356 32356 I ViewInteraction: Checking 'MatchesViewAssertion{viewMatcher=(view has effective visibility <VISIBLE> and view.getGlobalVisibleRect() to return non-empty rectangle)}' assertion on view is assignable from class <class android.widget.DatePicker>
12-07 20:44:43.106 32356 32356 I ViewInteraction: Performing 'wait for a specific view with <is assignable from class <class android.widget.DatePicker>> during 10000 millis.' action on view view.getRootView() to equal view
12-07 20:44:43.115 32356 32356 I ViewInteraction: Performing 'set date' action on view is assignable from class <class android.widget.DatePicker>
12-07 20:44:43.139 32356 32356 I ViewInteraction: Performing 'wait for a specific view with <view.getId() is <16908313>> during 10000 millis.' action on view view.getRootView() to equal view
12-07 20:44:43.148 32356 32356 I ViewInteraction: Performing 'single click' action on view view.getId() is <16908313/android:id/button1>
12-07 20:44:43.236 32356 32446 D EGL_emulation: eglMakeCurrent: 0xe593dd20: ver 2 0 (tinfo 0xf0c9eb00)
12-07 20:44:43.263  2018  3005 E InputDispatcher: Window handle Window{2081ed u0 ru.iteco.fmhandroid/ru.iteco.fmhandroid.ui.AppActivity} has no registered input channel
12-07 20:44:43.278 32356 32446 D EGL_emulation: eglMakeCurrent: 0xe593dd20: ver 2 0 (tinfo 0xf0c9eb00)
12-07 20:44:43.724 32356 32356 I ViewInteraction: Performing 'wait for a specific view with <(an instance of android.widget.TextView and view.getHint() matching: is "Time" and view.getParent() view.getParent() view.getId() is <2131231399>)> during 10000 millis.' action on view view.getRootView() to equal view
12-07 20:44:43.735 32356 32356 I ViewInteraction: Performing 'single click' action on view (an instance of android.widget.TextView and view.getHint() matching: is "Time" and view.getParent() view.getParent() view.getId() is <2131231399/ru.iteco.fmhandroid:id/time_in_plan_text_input_layout>)
12-07 20:44:44.121  1776  1776 D gralloc_ranchu: gralloc_alloc: Creating ashmem region of size 5718016
12-07 20:44:44.133  1776  1776 I chatty  : uid=1000(system) allocator@2.0-s identical 1 line
12-07 20:44:44.134  1776  1776 D gralloc_ranchu: gralloc_alloc: Creating ashmem region of size 5718016
12-07 20:44:44.154 32356 32369 I teco.fmhandroi: NativeAlloc concurrent copying GC freed 77868(3292KB) AllocSpace objects, 3(60KB) LOS objects, 32% free, 12MB/18MB, paused 902us total 359.934ms
12-07 20:44:44.174 32356 32446 D EGL_emulation: eglMakeCurrent: 0xe593dd20: ver 2 0 (tinfo 0xf0c9eb00)
12-07 20:44:44.285 32356 32446 I chatty  : uid=10146(ru.iteco.fmhandroid) RenderThread identical 2 lines
12-07 20:44:44.391 32356 32446 D EGL_emulation: eglMakeCurrent: 0xe593dd20: ver 2 0 (tinfo 0xf0c9eb00)
12-07 20:44:44.621 32356 32356 I ViewInteraction: Performing 'wait for a specific view with <is assignable from class <class android.widget.TimePicker>> during 10000 millis.' action on view view.getRootView() to equal view
12-07 20:44:44.627 32356 32356 I ViewInteraction: Checking 'MatchesViewAssertion{viewMatcher=(view has effective visibility <VISIBLE> and view.getGlobalVisibleRect() to return non-empty rectangle)}' assertion on view is assignable from class <class android.widget.TimePicker>
12-07 20:44:44.633 32356 32356 I ViewInteraction: Performing 'wait for a specific view with <is assignable from class <class android.widget.TimePicker>> during 10000 millis.' action on view view.getRootView() to equal view
12-07 20:44:44.637 32356 32356 I ViewInteraction: Performing 'set time' action on view is assignable from class <class android.widget.TimePicker>
12-07 20:44:44.643 32356 32356 I ViewInteraction: Performing 'wait for a specific view with <view.getId() is <16908313/android:id/button1>> during 10000 millis.' action on view view.getRootView() to equal view
12-07 20:44:44.649 32356 32356 I ViewInteraction: Performing 'single click' action on view view.getId() is <16908313/android:id/button1>
12-07 20:44:44.716 32356 32446 D EGL_emulation: eglMakeCurrent: 0xe593dd20: ver 2 0 (tinfo 0xf0c9eb00)
12-07 20:44:44.773  1788  1978 D AF::Track: interceptBuffer: took 332us to intercept 0 tracks
12-07 20:44:44.782 32356 32446 D EGL_emulation: eglMakeCurrent: 0xe593dd20: ver 2 0 (tinfo 0xf0c9eb00)
12-07 20:44:44.819  1764  6994 W audio_hw_generic: Not supplying enough data to HAL, expected position 101572912 , only wrote 101572565
12-07 20:44:44.820  1764  6994 W audio_hw_generic: Not supplying enough data to HAL, expected position 101572599 , only wrote 101572565
12-07 20:44:44.821  2018  3061 E InputDispatcher: Window handle Window{4d9951e u0 ru.iteco.fmhandroid/ru.iteco.fmhandroid.ui.AppActivity} has no registered input channel
12-07 20:44:44.836  1764  6994 W audio_hw_generic: Not supplying enough data to HAL, expected position 101573254 , only wrote 101573226
12-07 20:44:44.860 32356 32446 D EGL_emulation: eglMakeCurrent: 0xe593dd20: ver 2 0 (tinfo 0xf0c9eb00)
12-07 20:44:45.173 32356 32356 I ViewInteraction: Performing 'wait for a specific view with <(an instance of android.widget.TextView and view.getHint() matching: is "Description" and view.getParent() view.getParent() view.getId() is <2131230988>)> during 10000 millis.' action on view view.getRootView() to equal view
12-07 20:44:45.179 32356 32356 I ViewInteraction: Performing 'replace text(Описание 75962744-919a-4ceb-ae27-7ddfef1067a1)' action on view (an instance of android.widget.TextView and view.getHint() matching: is "Description" and view.getParent() view.getParent() view.getId() is <2131230988/ru.iteco.fmhandroid:id/description_text_input_layout>)
12-07 20:44:45.232 32356 32356 I ViewInteraction: Performing 'wait for a specific view with <view.getId() is <2131231291>> during 10000 millis.' action on view view.getRootView() to equal view
12-07 20:44:45.237 32356 32356 I ViewInteraction: Performing 'single click' action on view view.getId() is <2131231291/ru.iteco.fmhandroid:id/save_button>
12-07 20:44:45.334 32356 32484 I okhttp.OkHttpClient: --> POST http://www.981757-ca08998.tmweb.ru:8080/fmh/claims
12-07 20:44:45.334 32356 32484 I okhttp.OkHttpClient: Content-Type: application/json; charset=UTF-8
12-07 20:44:45.334 32356 32484 I okhttp.OkHttpClient: Content-Length: 295
12-07 20:44:45.334 32356 32484 I okhttp.OkHttpClient: {"createDate":1670445885,"creatorId":2,"creatorName":"Иванов Данил Данилович","description":"Описание 75962744-919a-4ceb-ae27-7ddfef1067a1","executorId":2,"planExecuteDate":-1958699760,"status":"OPEN","title":"Заголовок af5dc717-69cb-4e70-a1a4-fd9df2fb3d0c"}
12-07 20:44:45.334 32356 32484 I okhttp.OkHttpClient: --> END POST (295-byte body)
12-07 20:44:45.341  1744 32485 E ResolverController: No valid NAT64 prefix (102, <unspecified>/0)
12-07 20:44:45.563 32356 32356 I ViewInteraction: Performing 'wait for a specific view with <view.getId() is <2131230916>> during 10000 millis.' action on view view.getRootView() to equal view
12-07 20:44:45.663 32356 32484 I okhttp.OkHttpClient: <-- 200 http://www.981757-ca08998.tmweb.ru:8080/fmh/claims (328ms)
12-07 20:44:45.663 32356 32484 I okhttp.OkHttpClient: Vary: Origin
12-07 20:44:45.664 32356 32484 I okhttp.OkHttpClient: Vary: Access-Control-Request-Method
12-07 20:44:45.664 32356 32484 I okhttp.OkHttpClient: Vary: Access-Control-Request-Headers
12-07 20:44:45.664 32356 32484 I okhttp.OkHttpClient: X-Content-Type-Options: nosniff
12-07 20:44:45.664 32356 32484 I okhttp.OkHttpClient: X-XSS-Protection: 1; mode=block
12-07 20:44:45.664 32356 32484 I okhttp.OkHttpClient: Cache-Control: no-cache, no-store, max-age=0, must-revalidate
12-07 20:44:45.664 32356 32484 I okhttp.OkHttpClient: Pragma: no-cache
12-07 20:44:45.664 32356 32484 I okhttp.OkHttpClient: Expires: 0
12-07 20:44:45.664 32356 32484 I okhttp.OkHttpClient: X-Frame-Options: DENY
12-07 20:44:45.664 32356 32484 I okhttp.OkHttpClient: Content-Type: application/json
12-07 20:44:45.664 32356 32484 I okhttp.OkHttpClient: Transfer-Encoding: chunked
12-07 20:44:45.665 32356 32484 I okhttp.OkHttpClient: Date: Wed, 07 Dec 2022 20:45:31 GMT
12-07 20:44:45.665 32356 32484 I okhttp.OkHttpClient: Keep-Alive: timeout=60
12-07 20:44:45.665 32356 32484 I okhttp.OkHttpClient: Connection: keep-alive
12-07 20:44:45.665 32356 32484 I okhttp.OkHttpClient: {"id":2667,"title":"Заголовок af5dc717-69cb-4e70-a1a4-fd9df2fb3d0c","description":"Описание 75962744-919a-4ceb-ae27-7ddfef1067a1","creatorId":2,"executorId":2,"createDate":1670445885,"planExecuteDate":-1958699760,"factExecuteDate":null,"status":"IN_PROGRESS","creatorName":"Иванов Данил Данилович","executorName":"Иванов Данил Данилович"}
12-07 20:44:45.665 32356 32484 I okhttp.OkHttpClient: <-- END HTTP (395-byte body)
12-07 20:44:45.811 32356 32356 I ViewInteraction: Checking 'MatchesViewAssertion{viewMatcher=(view has effective visibility <VISIBLE> and view.getGlobalVisibleRect() to return non-empty rectangle)}' assertion on view view.getId() is <2131230916/ru.iteco.fmhandroid:id/claim_list_recycler_view>
