--------- beginning of main
12-07 20:44:17.604 32356 32356 I teco.fmhandroi: The ClassLoaderContext is a special shared library.
12-07 20:44:17.604 32356 32356 I teco.fmhandroi: The ClassLoaderContext is a special shared library.
12-07 20:44:17.931 32356 32356 W teco.fmhandroi: ClassLoaderContext classpath size mismatch. expected=0, found=7 (PCL[] | PCL[/system/framework/android.test.runner.jar*3312018701:/system/framework/android.test.mock.jar*3601177991:/data/app/ru.iteco.fmhandroid.test-95Z_c38C2a20UKwx70Yl2Q==/base.apk*125722370:/data/app/ru.iteco.fmhandroid.test-95Z_c38C2a20UKwx70Yl2Q==/base.apk!classes2.dex*2301094307:/data/app/ru.iteco.fmhandroid.test-95Z_c38C2a20UKwx70Yl2Q==/base.apk!classes3.dex*3463628834:/data/app/ru.iteco.fmhandroid.test-95Z_c38C2a20UKwx70Yl2Q==/base.apk!classes4.dex*1857193763:/data/app/ru.iteco.fmhandroid.test-95Z_c38C2a20UKwx70Yl2Q==/base.apk!classes5.dex*3024307245];PCL[/system/framework/android.test.runner.jar*3312018701:/system/framework/android.test.mock.jar*3601177991:/data/app/ru.iteco.fmhandroid.test-95Z_c38C2a20UKwx70Yl2Q==/base.apk*125722370:/data/app/ru.iteco.fmhandroid.test-95Z_c38C2a20UKwx70Yl2Q==/base.apk!classes2.dex*2301094307:/data/app/ru.iteco.fmhandroid.test-95Z_c38C2a20UKwx70Yl2Q==/base.apk!classes3.dex*3463628834:/data/app/ru.itec
12-07 20:44:17.932 32356 32356 W teco.fmhandroi: Found duplicate classes, falling back to extracting from APK : /data/app/ru.iteco.fmhandroid-R0QVQlEGwG1IVzN-H3bqog==/base.apk
12-07 20:44:17.932 32356 32356 W teco.fmhandroi: NOTE: This wastes RAM and hurts startup performance.
12-07 20:44:17.932 32356 32356 W teco.fmhandroi: Found duplicated class when checking oat files: 'Landroid/support/v4/app/INotificationSideChannel$Default;' in /data/app/ru.iteco.fmhandroid-R0QVQlEGwG1IVzN-H3bqog==/base.apk and /data/app/ru.iteco.fmhandroid-R0QVQlEGwG1IVzN-H3bqog==/base.apk
12-07 20:44:17.932 32356 32356 W teco.fmhandroi: 
12-07 20:44:18.214  2962  3348 I MicroDetectionWorker: #startMicroDetector [speakerMode: 0]
12-07 20:44:18.215  2962  3348 W ErrorReporter: reportError [type: 211, code: 393244, bug: 0]: errorCode: 393244, engine: 0
12-07 20:44:18.215  2962  3348 I MicroDetector: Keeping mic open: false
12-07 20:44:18.216  2962  3348 I MicroDetectionWorker: #onError(false)
12-07 20:44:18.670 32356 32356 W teco.fmhandroi: Accessing hidden method Landroid/app/Instrumentation;->execStartActivity(Landroid/content/Context;Landroid/os/IBinder;Landroid/os/IBinder;Landroid/app/Activity;Landroid/content/Intent;ILandroid/os/Bundle;)Landroid/app/Instrumentation$ActivityResult; (greylist, linking, allowed)
12-07 20:44:18.671 32356 32356 W teco.fmhandroi: Accessing hidden method Landroid/app/Instrumentation;->execStartActivity(Landroid/content/Context;Landroid/os/IBinder;Landroid/os/IBinder;Ljava/lang/String;Landroid/content/Intent;ILandroid/os/Bundle;)Landroid/app/Instrumentation$ActivityResult; (greylist, linking, allowed)
12-07 20:44:18.689 32356 32356 I MonitoringInstr: newApplication called!
12-07 20:44:18.756 32356 32356 I FirebaseApp: Device unlocked: initializing all Firebase APIs for app [DEFAULT]
12-07 20:44:18.818 32356 32356 I FirebaseCrashlytics: Initializing Firebase Crashlytics 18.2.6 for ru.iteco.fmhandroid
12-07 20:44:18.827 32356 32388 I DynamiteModule: Considering local module com.google.android.gms.measurement.dynamite:55 and remote module com.google.android.gms.measurement.dynamite:15
12-07 20:44:18.828 32356 32388 I DynamiteModule: Selected local version of com.google.android.gms.measurement.dynamite
12-07 20:44:18.853 32356 32356 W FA      : Failed to register event listener on calling thread. Trying again on the dynamite thread.
12-07 20:44:19.005 32356 32356 I FirebaseInitProvider: FirebaseApp initialization successful
12-07 20:44:19.060 32356 32356 I MonitoringInstr: Instrumentation started!
12-07 20:44:19.072 32356 32356 D ClassesArgTokenizer: input: ru.iteco.fmhandroid.ui.ClaimsPageTest#shouldOpenTheClaimCard
12-07 20:44:19.073 32356 32356 D ClassesArgTokenizer: result: [ru.iteco.fmhandroid.ui.ClaimsPageTest#shouldOpenTheClaimCard]
12-07 20:44:19.073 32356 32356 D ClassesArgTokenizer: input: null
12-07 20:44:19.073 32356 32356 D ClassesArgTokenizer: result: []
12-07 20:44:19.083 32356 32356 V TestEventClient: No service name argument was given (testDiscoveryService, testRunEventService or orchestratorService)
12-07 20:44:19.105 32356 32393 V FA      : App measurement collection enabled
12-07 20:44:19.109 32356 32393 V FA      : App measurement enabled for app package, google app id: ru.iteco.fmhandroid, 1:729587742060:android:e7d6f87c783f52b9a42f49
12-07 20:44:19.111 32356 32400 D AndroidJUnitRunner: onStart is called.
12-07 20:44:19.112 32356 32393 I FA      : App measurement initialized, version: 46000
12-07 20:44:19.112 32356 32393 I FA      : To enable debug logging run: adb shell setprop log.tag.FA VERBOSE
12-07 20:44:19.112 32356 32393 I FA      : To enable faster debug mode event logging run:
12-07 20:44:19.112 32356 32393 I FA      :   adb shell setprop debug.firebase.analytics.app ru.iteco.fmhandroid
12-07 20:44:19.112 32356 32393 D FA      : Debug-level message logging enabled
12-07 20:44:19.120 32356 32356 I MonitoringInstr: No JSBridge.
12-07 20:44:19.154 32356 32400 D TestRequestBuilder: Skipping class path scanning and directly running [ru.iteco.fmhandroid.ui.ClaimsPageTest]
12-07 20:44:19.167 32356 32400 D ClassesArgTokenizer: input: ru.iteco.fmhandroid.ui.ClaimsPageTest#shouldOpenTheClaimCard
12-07 20:44:19.167 32356 32400 D ClassesArgTokenizer: result: [ru.iteco.fmhandroid.ui.ClaimsPageTest#shouldOpenTheClaimCard]
12-07 20:44:19.167 32356 32400 D ClassesArgTokenizer: input: null
12-07 20:44:19.167 32356 32400 D ClassesArgTokenizer: result: []
12-07 20:44:19.197 32356 32400 D AndroidJUnitRunner: Use the raw file system for managing file I/O.
12-07 20:44:19.202 32356 32393 V FA      : Connecting to remote service
12-07 20:44:19.206 32356 32400 D TestExecutor: Adding listener androidx.test.internal.runner.listener.LogRunListener
12-07 20:44:19.207 32356 32400 D TestExecutor: Adding listener androidx.test.internal.runner.listener.InstrumentationResultPrinter
12-07 20:44:19.208 32356 32400 D TestExecutor: Adding listener androidx.test.internal.runner.listener.ActivityFinisherRunListener
12-07 20:44:19.208 32356 32400 D TestExecutor: Adding listener androidx.test.internal.runner.listener.TraceRunListener
12-07 20:44:19.216 32356 32400 I TestRunner: run started: 1 tests
12-07 20:44:19.245 32356 32393 V FA      : Connection attempt already in progress
12-07 20:44:19.255 32356 32393 V FA      : Connection attempt already in progress
12-07 20:44:19.255 32356 32393 D FA      : Connected to remote service
12-07 20:44:19.256 32356 32393 V FA      : Processing queued up service tasks: 3
12-07 20:44:19.313  2873 32403 V FA-SVC  : Saving default event parameters, appId, data size: ru.iteco.fmhandroid, 2
12-07 20:44:19.318 32356 32400 I TestRunner: started: shouldOpenTheClaimCard(ru.iteco.fmhandroid.ui.ClaimsPageTest)
12-07 20:44:19.510  1744 32404 E ResolverController: No valid NAT64 prefix (102, <unspecified>/0)
12-07 20:44:19.599 32356 32400 W FileTestStorage: Output properties is not supported.
12-07 20:44:19.601 32356 32400 I Tracing : Tracer added: class androidx.test.platform.tracing.AndroidXTracer
12-07 20:44:19.624 32356 32400 D EventInjectionStrategy: Creating injection strategy with input manager.
12-07 20:44:19.625 32356 32400 W teco.fmhandroi: Accessing hidden method Landroid/hardware/input/InputManager;->getInstance()Landroid/hardware/input/InputManager; (greylist, reflection, allowed)
12-07 20:44:19.626 32356 32400 W teco.fmhandroi: Accessing hidden method Landroid/hardware/input/InputManager;->injectInputEvent(Landroid/view/InputEvent;I)Z (greylist, reflection, allowed)
12-07 20:44:19.626 32356 32400 W teco.fmhandroi: Accessing hidden field Landroid/hardware/input/InputManager;->INJECT_INPUT_EVENT_MODE_WAIT_FOR_FINISH:I (greylist, reflection, allowed)
--------- beginning of system
12-07 20:44:19.744  2018  2018 V SettingsProvider: Notifying for 0: content://settings/secure/accessibility_enabled
12-07 20:44:19.861 32356 32400 W Settings: Setting always_finish_activities has moved from android.provider.Settings.System to android.provider.Settings.Global, returning read-only value.
12-07 20:44:19.874  2018  5907 I ActivityTaskManager: START u0 {act=android.intent.action.MAIN cat=[android.intent.category.LAUNCHER] flg=0x10008000 cmp=ru.iteco.fmhandroid.test/androidx.test.core.app.InstrumentationActivityInvoker$BootstrapActivity (has extras)} from uid 10146
12-07 20:44:19.909  2018  3005 W InputReader: Device has associated, but no associated display id.
12-07 20:44:19.909  2018  3005 I chatty  : uid=1000(system) Binder:2018_A identical 8 lines
12-07 20:44:19.909  2018  3005 W InputReader: Device has associated, but no associated display id.
12-07 20:44:19.938  1745  1745 D Zygote  : Forked child process 32412
12-07 20:44:19.967  1776  1776 D gralloc_ranchu: gralloc_alloc: Creating ashmem region of size 10108928
12-07 20:44:19.968  2018  2060 W ActivityManager: Slow operation: 54ms so far, now at startProcess: returned from zygote!
12-07 20:44:19.968  2018  2060 W ActivityManager: Slow operation: 54ms so far, now at startProcess: done updating battery stats
12-07 20:44:19.968  2018  2060 W ActivityManager: Slow operation: 55ms so far, now at startProcess: building log message
12-07 20:44:19.969  2018  2060 I ActivityManager: Start proc 32412:ru.iteco.fmhandroid.test/u0a147 for activity {ru.iteco.fmhandroid.test/androidx.test.core.app.InstrumentationActivityInvoker$BootstrapActivity}
12-07 20:44:19.969  2018  2060 W ActivityManager: Slow operation: 55ms so far, now at startProcess: starting to update pids map
12-07 20:44:19.969  2018  2060 W ActivityManager: Slow operation: 55ms so far, now at startProcess: done updating pids map
12-07 20:44:19.976 32412 32412 I fmhandroid.tes: Late-enabling -Xcheck:jni
12-07 20:44:20.100 32412 32412 E fmhandroid.tes: Unknown bits set in runtime_flags: 0x8000
12-07 20:44:20.104 32412 32412 W fmhandroid.tes: Unexpected CPU variant for X86 using defaults: x86
12-07 20:44:20.179  2018  5907 W InputReader: Device has associated, but no associated display id.
12-07 20:44:20.188  2018  5907 I chatty  : uid=1000(system) Binder:2018_17 identical 28 lines
12-07 20:44:20.188  2018  5907 W InputReader: Device has associated, but no associated display id.
12-07 20:44:20.218 32412 32412 I fmhandroid.tes: The ClassLoaderContext is a special shared library.
12-07 20:44:20.221 32412 32412 I fmhandroid.tes: The ClassLoaderContext is a special shared library.
12-07 20:44:20.245  2018  2054 W InputReader: Device has associated, but no associated display id.
12-07 20:44:20.247  2018  2054 I chatty  : uid=1000(system) android.anim identical 8 lines
12-07 20:44:20.247  2018  2054 W InputReader: Device has associated, but no associated display id.
12-07 20:44:20.261  1776  1776 D gralloc_ranchu: gralloc_alloc: Creating ashmem region of size 10108928
12-07 20:44:20.284 12448 12488 D EGL_emulation: eglMakeCurrent: 0xe594d140: ver 2 0 (tinfo 0xc539bd10)
12-07 20:44:20.287  2962  3510 D EGL_emulation: eglMakeCurrent: 0xe597d120: ver 2 0 (tinfo 0xbffb2540)
12-07 20:44:20.288  2170  2566 D EGL_emulation: eglMakeCurrent: 0xe594e040: ver 2 0 (tinfo 0xc52450c0)
12-07 20:44:20.302  2170  2566 D EGL_emulation: eglMakeCurrent: 0xe594e040: ver 2 0 (tinfo 0xc52450c0)
12-07 20:44:20.652  1793  1896 E SurfaceFlinger: ro.sf.lcd_density must be defined as a build property
12-07 20:44:20.656  1793  1896 E SurfaceFlinger: ro.sf.lcd_density must be defined as a build property
12-07 20:44:20.663 32412 32445 D libEGL  : Emulator has host GPU support, qemu.gles is set to 1.
12-07 20:44:20.664 32412 32445 W libc    : Unable to set property "qemu.gles" to "1": connection failed; errno=13 (Permission denied)
12-07 20:44:20.660 32412 32412 W RenderThread: type=1400 audit(0.0:434): avc: denied { write } for name="property_service" dev="tmpfs" ino=7388 scontext=u:r:untrusted_app:s0:c147,c256,c512,c768 tcontext=u:object_r:property_socket:s0 tclass=sock_file permissive=0 app=ru.iteco.fmhandroid.test
12-07 20:44:20.765 32412 32445 D libEGL  : loaded /vendor/lib/egl/libEGL_emulation.so
12-07 20:44:20.774 32412 32445 D libEGL  : loaded /vendor/lib/egl/libGLESv1_CM_emulation.so
12-07 20:44:20.790 32412 32445 D libEGL  : loaded /vendor/lib/egl/libGLESv2_emulation.so
12-07 20:44:20.799  2018  3005 I ActivityTaskManager: START u0 {act=android.intent.action.MAIN cat=[android.intent.category.LAUNCHER] cmp=ru.iteco.fmhandroid/.ui.AppActivity} from uid 10146
12-07 20:44:20.824  2018  3005 W InputReader: Device has associated, but no associated display id.
12-07 20:44:20.832  2018  3005 I chatty  : uid=1000(system) Binder:2018_A identical 38 lines
12-07 20:44:20.832  2018  3005 W InputReader: Device has associated, but no associated display id.
12-07 20:44:20.834 32356 32356 W ActivityThread: handleWindowVisibility: no activity for token android.os.BinderProxy@74190a2
12-07 20:44:20.836  2018  3005 W InputReader: Device has associated, but no associated display id.
12-07 20:44:20.843  2018  3005 I chatty  : uid=1000(system) Binder:2018_A identical 18 lines
12-07 20:44:20.843  2018  3005 W InputReader: Device has associated, but no associated display id.
12-07 20:44:20.879  1793  2640 E SurfaceFlinger: ro.sf.lcd_density must be defined as a build property
12-07 20:44:20.881  1793  2640 E SurfaceFlinger: ro.sf.lcd_density must be defined as a build property
12-07 20:44:20.887 32356 32449 D libEGL  : Emulator has host GPU support, qemu.gles is set to 1.
12-07 20:44:20.888 32356 32449 W libc    : Unable to set property "qemu.gles" to "1": connection failed; errno=13 (Permission denied)
12-07 20:44:20.880 32356 32356 W RenderThread: type=1400 audit(0.0:435): avc: denied { write } for name="property_service" dev="tmpfs" ino=7388 scontext=u:r:untrusted_app:s0:c146,c256,c512,c768 tcontext=u:object_r:property_socket:s0 tclass=sock_file permissive=0 app=ru.iteco.fmhandroid
12-07 20:44:20.925  2962 31671 I PBSessionCacheImpl: Deleted sessionId[635179748650] from persistence.
12-07 20:44:20.941 32356 32449 D libEGL  : loaded /vendor/lib/egl/libEGL_emulation.so
12-07 20:44:20.944 32356 32449 D libEGL  : loaded /vendor/lib/egl/libGLESv1_CM_emulation.so
12-07 20:44:20.951 32356 32449 D libEGL  : loaded /vendor/lib/egl/libGLESv2_emulation.so
12-07 20:44:20.977  2962  3348 W SearchServiceCore: Abort, client detached.
12-07 20:44:21.038 32356 32356 D LifecycleMonitor: Lifecycle status change: ru.iteco.fmhandroid.ui.AppActivity@4d99d8f in: PRE_ON_CREATE
12-07 20:44:21.039 32356 32356 V ActivityScenario: Activity lifecycle changed event received but ignored because the reported transition was not ON_CREATE while the last known transition was PRE_ON_CREATE
12-07 20:44:21.075 32356 32388 V FA      : onActivityCreated
12-07 20:44:21.084 32356 32356 E teco.fmhandroi: Invalid ID 0x00000000.
12-07 20:44:21.129 32356 32356 W teco.fmhandroi: Accessing hidden method Landroid/view/View;->computeFitSystemWindows(Landroid/graphics/Rect;Landroid/graphics/Rect;)Z (greylist, reflection, allowed)
12-07 20:44:21.131 32356 32356 W teco.fmhandroi: Accessing hidden method Landroid/view/ViewGroup;->makeOptionalFitsSystemWindows()V (greylist, reflection, allowed)
12-07 20:44:21.405 32356 32356 D NetworkSecurityConfig: No Network Security Config specified, using platform default
12-07 20:44:21.433 32356 32356 W teco.fmhandroi: Accessing hidden method Ljava/lang/invoke/MethodHandles$Lookup;-><init>(Ljava/lang/Class;I)V (greylist, reflection, allowed)
12-07 20:44:21.695 32356 32356 D LifecycleMonitor: Lifecycle status change: ru.iteco.fmhandroid.ui.AppActivity@4d99d8f in: CREATED
12-07 20:44:21.696 32356 32356 V ActivityScenario: Update currentActivityStage to CREATED, currentActivity=ru.iteco.fmhandroid.ui.AppActivity@4d99d8f
12-07 20:44:22.068 32356 32356 D LifecycleMonitor: Lifecycle status change: ru.iteco.fmhandroid.ui.AppActivity@4d99d8f in: STARTED
12-07 20:44:22.068 32356 32356 V ActivityScenario: Update currentActivityStage to STARTED, currentActivity=ru.iteco.fmhandroid.ui.AppActivity@4d99d8f
12-07 20:44:22.073 32356 32356 D LifecycleMonitor: Lifecycle status change: ru.iteco.fmhandroid.ui.AppActivity@4d99d8f in: RESUMED
12-07 20:44:22.074 32356 32393 V FA      : Activity resumed, time: 46212184
12-07 20:44:22.077 32356 32356 V ActivityScenario: Update currentActivityStage to RESUMED, currentActivity=ru.iteco.fmhandroid.ui.AppActivity@4d99d8f
12-07 20:44:22.091 32356 32400 W FileTestStorage: Test input args is not supported.
12-07 20:44:22.105 32356 32393 I FA      : Tag Manager is not found and thus will not be used
12-07 20:44:22.119 32356 32400 W teco.fmhandroi: Accessing hidden method Lsun/misc/Unsafe;->getUnsafe()Lsun/misc/Unsafe; (greylist,core-platform-api, linking, allowed)
12-07 20:44:22.120 32356 32400 W teco.fmhandroi: Accessing hidden method Lsun/misc/Unsafe;->objectFieldOffset(Ljava/lang/reflect/Field;)J (greylist,core-platform-api, linking, allowed)
12-07 20:44:22.121 32356 32400 W teco.fmhandroi: Accessing hidden method Lsun/misc/Unsafe;->putObject(Ljava/lang/Object;JLjava/lang/Object;)V (greylist, linking, allowed)
12-07 20:44:22.132 32356 32400 W teco.fmhandroi: Accessing hidden method Lsun/misc/Unsafe;->compareAndSwapObject(Ljava/lang/Object;JLjava/lang/Object;Ljava/lang/Object;)Z (greylist, linking, allowed)
12-07 20:44:22.132 32356 32400 W teco.fmhandroi: Accessing hidden method Lsun/misc/Unsafe;->getObject(Ljava/lang/Object;J)Ljava/lang/Object; (greylist, linking, allowed)
12-07 20:44:22.133 32356 32453 W teco.fmhandroi: Accessing hidden method Lsun/misc/Unsafe;->compareAndSwapObject(Ljava/lang/Object;JLjava/lang/Object;Ljava/lang/Object;)Z (greylist, linking, allowed)
12-07 20:44:22.160 32356 32356 W teco.fmhandroi: Accessing hidden method Landroid/os/MessageQueue;->next()Landroid/os/Message; (greylist, reflection, allowed)
12-07 20:44:22.160 32356 32356 W teco.fmhandroi: Accessing hidden field Landroid/os/MessageQueue;->mMessages:Landroid/os/Message; (greylist, reflection, allowed)
12-07 20:44:22.161 32356 32356 W teco.fmhandroi: Accessing hidden method Landroid/os/Message;->recycleUnchecked()V (greylist, reflection, allowed)
12-07 20:44:22.209 32356 32369 I teco.fmhandroi: NativeAlloc concurrent copying GC freed 39191(3329KB) AllocSpace objects, 14(280KB) LOS objects, 49% free, 3273KB/6546KB, paused 1.102ms total 183.418ms
12-07 20:44:22.270 32356 32446 D HostConnection: HostConnection::get() New Host Connection established 0xda28fa90, tid 32446
12-07 20:44:22.294 32356 32446 D HostConnection: HostComposition ext ANDROID_EMU_CHECKSUM_HELPER_v1 ANDROID_EMU_dma_v1 ANDROID_EMU_direct_mem ANDROID_EMU_host_composition_v1 ANDROID_EMU_host_composition_v2 ANDROID_EMU_vulkan ANDROID_EMU_deferred_vulkan_commands ANDROID_EMU_vulkan_null_optional_strings ANDROID_EMU_vulkan_create_resources_with_requirements ANDROID_EMU_YUV_Cache ANDROID_EMU_vulkan_ignored_handles ANDROID_EMU_vulkan_free_memory_sync ANDROID_EMU_vulkan_shader_float16_int8 ANDROID_EMU_vulkan_async_queue_submit ANDROID_EMU_sync_buffer_data GL_OES_vertex_array_object GL_KHR_texture_compression_astc_ldr ANDROID_EMU_host_side_tracing ANDROID_EMU_gles_max_version_2 
12-07 20:44:22.301 32356 32446 W OpenGLRenderer: Failed to choose config with EGL_SWAP_BEHAVIOR_PRESERVED, retrying without...
12-07 20:44:22.302  2873 32403 V FA-SVC  : Logging event: origin=auto,name=screen_view(_vs),params=Bundle[{ga_event_origin(_o)=auto, ga_screen_class(_sc)=AppActivity, ga_screen_id(_si)=6281116280750971661}]
12-07 20:44:22.329  2873 32403 V FA-SVC  : Upload scheduled in approximately ms: 854314
12-07 20:44:22.330  2873 32403 V FA-SVC  : Unscheduling upload
12-07 20:44:22.344  2873 32403 V FA-SVC  : Scheduling upload, millis: 854314
12-07 20:44:22.356  2873 32403 V FA-SVC  : Background event processing time, ms: 54
12-07 20:44:22.399 32356 32446 D EGL_emulation: eglCreateContext: 0xe593dd20: maj 2 min 0 rcv 2
12-07 20:44:22.406 32356 32446 D EGL_emulation: eglMakeCurrent: 0xe593dd20: ver 2 0 (tinfo 0xf0c9eb00)
12-07 20:44:22.420  1776  1776 D gralloc_ranchu: gralloc_alloc: Creating ashmem region of size 10108928
12-07 20:44:22.423  1648  1648 I hwservicemanager: getTransport: Cannot find entry android.hardware.graphics.mapper@3.0::IMapper/default in either framework or device manifest.
12-07 20:44:22.424 32356 32446 W Gralloc3: mapper 3.x is not supported
12-07 20:44:22.427 32356 32446 D HostConnection: createUnique: call
12-07 20:44:22.428 32356 32446 D HostConnection: HostConnection::get() New Host Connection established 0xda291bb0, tid 32446
12-07 20:44:22.428 32356 32446 D HostConnection: HostComposition ext ANDROID_EMU_CHECKSUM_HELPER_v1 ANDROID_EMU_dma_v1 ANDROID_EMU_direct_mem ANDROID_EMU_host_composition_v1 ANDROID_EMU_host_composition_v2 ANDROID_EMU_vulkan ANDROID_EMU_deferred_vulkan_commands ANDROID_EMU_vulkan_null_optional_strings ANDROID_EMU_vulkan_create_resources_with_requirements ANDROID_EMU_YUV_Cache ANDROID_EMU_vulkan_ignored_handles ANDROID_EMU_vulkan_free_memory_sync ANDROID_EMU_vulkan_shader_float16_int8 ANDROID_EMU_vulkan_async_queue_submit ANDROID_EMU_sync_buffer_data GL_OES_vertex_array_object GL_KHR_texture_compression_astc_ldr ANDROID_EMU_host_side_tracing ANDROID_EMU_gles_max_version_2 
12-07 20:44:22.430 32356 32446 D eglCodecCommon: allocate: Ask for block of size 0x1000
12-07 20:44:22.431 32356 32446 D eglCodecCommon: allocate: ioctl allocate returned offset 0x3ffff8000 size 0x2000
12-07 20:44:22.431  2656 30548 E SQLiteDatabase: Error inserting flex_time=854000 job_id=-1 period=1709000 source=16 requires_charging=0 preferred_network_type=1 target_class=com.google.android.gms.measurement.PackageMeasurementTaskService user_id=0 target_package=com.google.android.gms tag=Measurement.PackageMeasurementTaskService.UPLOAD_TASK_TAG task_type=0 required_idleness_state=0 service_kind=0 source_version=202414000 persistence_level=1 preferred_charging_state=1 required_network_type=0 runtime=1670445862375 retry_strategy={"maximum_backoff_seconds":{"3600":0},"initial_backoff_seconds":{"30":0},"retry_policy":{"0":0}} last_runtime=0
12-07 20:44:22.431  2656 30548 E SQLiteDatabase: android.database.sqlite.SQLiteConstraintException: UNIQUE constraint failed: pending_ops.tag, pending_ops.target_class, pending_ops.target_package, pending_ops.user_id (code 2067 SQLITE_CONSTRAINT_UNIQUE)
12-07 20:44:22.431  2656 30548 E SQLiteDatabase: 	at android.database.sqlite.SQLiteConnection.nativeExecuteForLastInsertedRowId(Native Method)
12-07 20:44:22.431  2656 30548 E SQLiteDatabase: 	at android.database.sqlite.SQLiteConnection.executeForLastInsertedRowId(SQLiteConnection.java:879)
12-07 20:44:22.431  2656 30548 E SQLiteDatabase: 	at android.database.sqlite.SQLiteSession.executeForLastInsertedRowId(SQLiteSession.java:790)
12-07 20:44:22.431  2656 30548 E SQLiteDatabase: 	at android.database.sqlite.SQLiteStatement.executeInsert(SQLiteStatement.java:88)
12-07 20:44:22.431  2656 30548 E SQLiteDatabase: 	at android.database.sqlite.SQLiteDatabase.insertWithOnConflict(SQLiteDatabase.java:1599)
12-07 20:44:22.431  2656 30548 E SQLiteDatabase: 	at android.database.sqlite.SQLiteDatabase.insert(SQLiteDatabase.java:1468)
12-07 20:44:22.431  2656 30548 E SQLiteDatabase: 	at aqui.a(:com.google.android.gms@202414022@20.24.14 (040700-319035315):175)
12-07 20:44:22.431  2656 30548 E SQLiteDatabase: 	at aqtk.a(:com.google.android.gms@202414022@20.24.14 (040700-319035315):182)
12-07 20:44:22.431  2656 30548 E SQLiteDatabase: 	at aqtk.a(:com.google.android.gms@202414022@20.24.14 (040700-319035315):23)
12-07 20:44:22.431  2656 30548 E SQLiteDatabase: 	at aqtk.a(:com.google.android.gms@202414022@20.24.14 (040700-319035315):177)
12-07 20:44:22.431  2656 30548 E SQLiteDatabase: 	at aqpu.run(:com.google.android.gms@202414022@20.24.14 (040700-319035315):9)
12-07 20:44:22.431  2656 30548 E SQLiteDatabase: 	at soy.b(:com.google.android.gms@202414022@20.24.14 (040700-319035315):12)
12-07 20:44:22.431  2656 30548 E SQLiteDatabase: 	at soy.run(:com.google.android.gms@202414022@20.24.14 (040700-319035315):7)
12-07 20:44:22.431  2656 30548 E SQLiteDatabase: 	at java.util.concurrent.ThreadPoolExecutor.runWorker(ThreadPoolExecutor.java:1167)
12-07 20:44:22.431  2656 30548 E SQLiteDatabase: 	at java.util.concurrent.ThreadPoolExecutor$Worker.run(ThreadPoolExecutor.java:641)
12-07 20:44:22.431  2656 30548 E SQLiteDatabase: 	at sux.run(:com.google.android.gms@202414022@20.24.14 (040700-319035315):0)
12-07 20:44:22.431  2656 30548 E SQLiteDatabase: 	at java.lang.Thread.run(Thread.java:919)
12-07 20:44:22.432  1776  1776 D gralloc_ranchu: gralloc_alloc: Creating ashmem region of size 10108928
12-07 20:44:22.439  1776  1776 D gralloc_ranchu: gralloc_alloc: Creating ashmem region of size 10108928
12-07 20:44:22.439 32356 32446 D EGL_emulation: eglMakeCurrent: 0xe593dd20: ver 2 0 (tinfo 0xf0c9eb00)
12-07 20:44:22.772 32356 32356 I Choreographer: Skipped 35 frames!  The application may be doing too much work on its main thread.
12-07 20:44:22.903 32356 32356 W teco.fmhandroi: Accessing hidden method Landroid/view/WindowManagerGlobal;->getInstance()Landroid/view/WindowManagerGlobal; (greylist, reflection, allowed)
12-07 20:44:22.903 32356 32356 W teco.fmhandroi: Accessing hidden field Landroid/view/WindowManagerGlobal;->mViews:Ljava/util/ArrayList; (greylist, reflection, allowed)
12-07 20:44:22.903 32356 32356 W teco.fmhandroi: Accessing hidden field Landroid/view/WindowManagerGlobal;->mParams:Ljava/util/ArrayList; (greylist, reflection, allowed)
12-07 20:44:22.924 32356 32356 I ViewInteraction: Performing 'wait for a specific view with <(an instance of android.widget.TextView and view.getText() with or without transformation to match: is "Authorization" and view.getParent() view.getParent() view.getId() is <2131231186>)> during 10000 millis.' action on view view.getRootView() to equal view
12-07 20:44:22.988  2018  2058 I ActivityTaskManager: Displayed ru.iteco.fmhandroid/.ui.AppActivity: +2s925ms
12-07 20:44:24.564  1905  1905 E wifi_forwarder: RemoteConnection failed to initialize: RemoteConnection failed to open pipe
12-07 20:44:25.058 32356 32356 W teco.fmhandroi: Accessing hidden field Lsun/misc/Unsafe;->theUnsafe:Lsun/misc/Unsafe; (greylist, reflection, allowed)
12-07 20:44:25.058 32356 32356 W teco.fmhandroi: Accessing hidden method Lsun/misc/Unsafe;->allocateInstance(Ljava/lang/Class;)Ljava/lang/Object; (greylist, reflection, allowed)
12-07 20:44:25.092 32356 32455 I okhttp.OkHttpClient: --> GET http://www.981757-ca08998.tmweb.ru:8080/fmh/authentication/userInfo
12-07 20:44:25.093 32356 32455 I okhttp.OkHttpClient: --> END GET
12-07 20:44:25.117  1744 32456 E ResolverController: No valid NAT64 prefix (102, <unspecified>/0)
12-07 20:44:25.615 32356 32455 I okhttp.OkHttpClient: <-- 200 http://www.981757-ca08998.tmweb.ru:8080/fmh/authentication/userInfo (521ms)
12-07 20:44:25.616 32356 32455 I okhttp.OkHttpClient: Vary: Origin
12-07 20:44:25.616 32356 32455 I okhttp.OkHttpClient: Vary: Access-Control-Request-Method
12-07 20:44:25.616 32356 32455 I okhttp.OkHttpClient: Vary: Access-Control-Request-Headers
12-07 20:44:25.616 32356 32455 I okhttp.OkHttpClient: X-Content-Type-Options: nosniff
12-07 20:44:25.616 32356 32455 I okhttp.OkHttpClient: X-XSS-Protection: 1; mode=block
12-07 20:44:25.616 32356 32455 I okhttp.OkHttpClient: Cache-Control: no-cache, no-store, max-age=0, must-revalidate
12-07 20:44:25.616 32356 32455 I okhttp.OkHttpClient: Pragma: no-cache
12-07 20:44:25.617 32356 32455 I okhttp.OkHttpClient: Expires: 0
12-07 20:44:25.617 32356 32455 I okhttp.OkHttpClient: X-Frame-Options: DENY
12-07 20:44:25.617 32356 32455 I okhttp.OkHttpClient: Content-Type: application/json
12-07 20:44:25.617 32356 32455 I okhttp.OkHttpClient: Transfer-Encoding: chunked
12-07 20:44:25.617 32356 32455 I okhttp.OkHttpClient: Date: Wed, 07 Dec 2022 20:45:11 GMT
12-07 20:44:25.617 32356 32455 I okhttp.OkHttpClient: Keep-Alive: timeout=60
12-07 20:44:25.617 32356 32455 I okhttp.OkHttpClient: Connection: keep-alive
12-07 20:44:25.625 32356 32455 I okhttp.OkHttpClient: {"id":2,"firstName":"Данил","lastName":"Иванов","middleName":"Данилович","admin":true}
12-07 20:44:25.625 32356 32455 I okhttp.OkHttpClient: <-- END HTTP (106-byte body)
12-07 20:44:25.708 32356 32460 I okhttp.OkHttpClient: --> GET http://www.981757-ca08998.tmweb.ru:8080/fmh/claims
12-07 20:44:25.709 32356 32460 I okhttp.OkHttpClient: --> END GET
12-07 20:44:26.026  2018  2058 E memtrack: Couldn't load memtrack module
12-07 20:44:26.027  2018  2058 W android.os.Debug: failed to get memory consumption info: -1
12-07 20:44:26.244  2656 30548 I LogUtils: [Places]: ?: Couldn't find platform key file. [CONTEXT service_id=253 ]
12-07 20:44:26.247  2656 32213 I LogUtils: [Places]: ?: Couldn't find platform key file. [CONTEXT service_id=253 ]
12-07 20:44:26.283  2656 32250 I LogUtils: [Places]: ?: PlacesBleScanner stop() [CONTEXT service_id=253 ]
12-07 20:44:26.291  2656  2656 I BeaconBle: Scan : No clients left, canceling alarm. [CONTEXT service_id=111 ]
12-07 20:44:26.294  2656  2656 I BeaconBle: Scan canceled successfully. [CONTEXT service_id=111 ]
12-07 20:44:26.295  2656 32250 I PlacesLogger: [PlaceInferenceEngine]: [anon] Changed inference mode: 0 [CONTEXT service_id=253 ]
12-07 20:44:26.336  2656  3542 W GCoreFlp: No location to return for getLastLocation()
12-07 20:44:26.343  2656 30548 I LogUtils: [Places]: ?: Couldn't find platform key file. [CONTEXT service_id=253 ]
12-07 20:44:26.355  2656 31965 I LogUtils: [Places]: ?: Couldn't find platform key file. [CONTEXT service_id=253 ]
12-07 20:44:26.528  2656  2656 I GeofencerStateMachine: removeGeofences: removeRequest=RemoveGeofencingRequest[REMOVE_BY_PENDING_INTENT pendingIntent=PendingIntent[creatorPackage=com.google.android.gms], packageName=com.google.android.gms]
12-07 20:44:28.161 32356 32460 I okhttp.OkHttpClient: <-- 200 http://www.981757-ca08998.tmweb.ru:8080/fmh/claims (2451ms)
12-07 20:44:28.161 32356 32460 I okhttp.OkHttpClient: Vary: Origin
12-07 20:44:28.161 32356 32460 I okhttp.OkHttpClient: Vary: Access-Control-Request-Method
12-07 20:44:28.161 32356 32460 I okhttp.OkHttpClient: Vary: Access-Control-Request-Headers
12-07 20:44:28.161 32356 32460 I okhttp.OkHttpClient: X-Content-Type-Options: nosniff
12-07 20:44:28.161 32356 32460 I okhttp.OkHttpClient: X-XSS-Protection: 1; mode=block
12-07 20:44:28.161 32356 32460 I okhttp.OkHttpClient: Cache-Control: no-cache, no-store, max-age=0, must-revalidate
12-07 20:44:28.162 32356 32460 I okhttp.OkHttpClient: Pragma: no-cache
12-07 20:44:28.162 32356 32460 I okhttp.OkHttpClient: Expires: 0
12-07 20:44:28.162 32356 32460 I okhttp.OkHttpClient: X-Frame-Options: DENY
12-07 20:44:28.162 32356 32460 I okhttp.OkHttpClient: Content-Type: application/json
12-07 20:44:28.162 32356 32460 I okhttp.OkHttpClient: Transfer-Encoding: chunked
12-07 20:44:28.162 32356 32460 I okhttp.OkHttpClient: Date: Wed, 07 Dec 2022 20:45:14 GMT
12-07 20:44:28.162 32356 32460 I okhttp.OkHttpClient: Keep-Alive: timeout=60
12-07 20:44:28.162 32356 32460 I okhttp.OkHttpClient: Connection: keep-alive
12-07 20:44:28.844 32356 32356 I Choreographer: Skipped 190 frames!  The application may be doing too much work on its main thread.
12-07 20:44:28.986 32356 32393 V FA      : Inactivity, disconnecting from the service
12-07 20:44:29.958 32356 32446 I OpenGLRenderer: Davey! duration=4283ms; Flags=1, IntendedVsync=46215783040409, Vsync=46218949706949, OldestInputEvent=9223372036854775807, NewestInputEvent=0, HandleInputStart=46218955174780, AnimationStart=46218955367780, PerformTraversalsStart=46218955761880, DrawStart=46219076785480, SyncQueued=46219084463980, SyncStart=46219086256980, IssueDrawCommandsStart=46219089689580, SwapBuffers=46220061179180, FrameCompleted=46220068533680, DequeueBufferDuration=140000, QueueBufferDuration=1840000, 
12-07 20:44:29.962 32356 32356 I Choreographer: Skipped 58 frames!  The application may be doing too much work on its main thread.
12-07 20:44:30.697 32356 32356 I Choreographer: Skipped 30 frames!  The application may be doing too much work on its main thread.
12-07 20:44:30.727 32356 32446 I OpenGLRenderer: Davey! duration=754ms; Flags=0, IntendedVsync=46220082916526, Vsync=46220099583192, OldestInputEvent=9223372036854775807, NewestInputEvent=0, HandleInputStart=46220103736980, AnimationStart=46220103912980, PerformTraversalsStart=46220104001680, DrawStart=46220732090580, SyncQueued=46220804968280, SyncStart=46220805473080, IssueDrawCommandsStart=46220805749280, SwapBuffers=46220830414380, FrameCompleted=46220837666780, DequeueBufferDuration=116000, QueueBufferDuration=702000, 
12-07 20:44:30.777 32356 32369 I teco.fmhandroi: Background concurrent copying GC freed 8756(330KB) AllocSpace objects, 0(0B) LOS objects, 49% free, 6024KB/11MB, paused 1.583ms total 133.131ms
12-07 20:44:30.951  2962  3348 I WorkerManager: dispose()
12-07 20:44:30.952  2962  3348 W ThreadPoolDumper: Queue length for executor EventBus is now 11. Perhaps some tasks are too long, or the pool is too small.
12-07 20:44:31.316  2656  2656 I BeaconBle: Scan : No clients left, canceling alarm. [CONTEXT service_id=111 ]
12-07 20:44:31.772 12448 12508 E ActivityThread: Failed to find provider info for com.google.android.apps.wellbeing.api
12-07 20:44:33.034 32356 32356 D takeScreenshot: Found 1 global views to redraw
12-07 20:44:33.079  1776  1776 D gralloc_ranchu: gralloc_alloc: Creating ashmem region of size 10108928
12-07 20:44:33.153  1648  1648 I hwservicemanager: getTransport: Cannot find entry android.hardware.graphics.mapper@3.0::IMapper/default in either framework or device manifest.
12-07 20:44:33.154 32338 32355 W Gralloc3: mapper 3.x is not supported
12-07 20:44:33.309 32338 32355 D HostConnection: createUnique: call
12-07 20:44:33.314 32338 32355 D HostConnection: HostConnection::get() New Host Connection established 0xef456620, tid 32355
12-07 20:44:33.380 32338 32355 D HostConnection: HostComposition ext ANDROID_EMU_CHECKSUM_HELPER_v1 ANDROID_EMU_dma_v1 ANDROID_EMU_direct_mem ANDROID_EMU_host_composition_v1 ANDROID_EMU_host_composition_v2 ANDROID_EMU_vulkan ANDROID_EMU_deferred_vulkan_commands ANDROID_EMU_vulkan_null_optional_strings ANDROID_EMU_vulkan_create_resources_with_requirements ANDROID_EMU_YUV_Cache ANDROID_EMU_vulkan_ignored_handles ANDROID_EMU_vulkan_free_memory_sync ANDROID_EMU_vulkan_shader_float16_int8 ANDROID_EMU_vulkan_async_queue_submit ANDROID_EMU_sync_buffer_data GL_OES_vertex_array_object GL_KHR_texture_compression_astc_ldr ANDROID_EMU_host_side_tracing ANDROID_EMU_gles_max_version_2 
12-07 20:44:33.386 32338 32355 D eglCodecCommon: allocate: Ask for block of size 0x1000
12-07 20:44:33.387 32338 32355 D eglCodecCommon: allocate: ioctl allocate returned offset 0x3ffff6000 size 0x2000
12-07 20:44:33.421  1793  1898 E SurfaceFlinger: ro.sf.lcd_density must be defined as a build property
12-07 20:44:33.422  1793  1898 E SurfaceFlinger: ro.sf.lcd_density must be defined as a build property
12-07 20:44:33.429 32338 32471 D libEGL  : Emulator has host GPU support, qemu.gles is set to 1.
12-07 20:44:33.454 32338 32471 W libc    : Unable to set property "qemu.gles" to "1": error code: 0x18
12-07 20:44:33.462 32338 32471 D libEGL  : loaded /vendor/lib/egl/libEGL_emulation.so
12-07 20:44:33.467 32338 32471 D libEGL  : loaded /vendor/lib/egl/libGLESv1_CM_emulation.so
12-07 20:44:33.479 32338 32471 D libEGL  : loaded /vendor/lib/egl/libGLESv2_emulation.so
12-07 20:44:33.501 32338 32471 D HostConnection: HostConnection::get() New Host Connection established 0xef456440, tid 32471
12-07 20:44:33.503 32338 32471 D HostConnection: HostComposition ext ANDROID_EMU_CHECKSUM_HELPER_v1 ANDROID_EMU_dma_v1 ANDROID_EMU_direct_mem ANDROID_EMU_host_composition_v1 ANDROID_EMU_host_composition_v2 ANDROID_EMU_vulkan ANDROID_EMU_deferred_vulkan_commands ANDROID_EMU_vulkan_null_optional_strings ANDROID_EMU_vulkan_create_resources_with_requirements ANDROID_EMU_YUV_Cache ANDROID_EMU_vulkan_ignored_handles ANDROID_EMU_vulkan_free_memory_sync ANDROID_EMU_vulkan_shader_float16_int8 ANDROID_EMU_vulkan_async_queue_submit ANDROID_EMU_sync_buffer_data GL_OES_vertex_array_object GL_KHR_texture_compression_astc_ldr ANDROID_EMU_host_side_tracing ANDROID_EMU_gles_max_version_2 
12-07 20:44:33.527 32338 32471 W OpenGLRenderer: Failed to choose config with EGL_SWAP_BEHAVIOR_PRESERVED, retrying without...
12-07 20:44:33.640 32338 32471 D EGL_emulation: eglCreateContext: 0xda028360: maj 2 min 0 rcv 2
12-07 20:44:33.648 32338 32471 D EGL_emulation: eglMakeCurrent: 0xda028360: ver 2 0 (tinfo 0xda00f370)
12-07 20:44:33.830 32356 32400 W DefaultFailureHandler: Failed to take screenshot
12-07 20:44:33.830 32356 32400 W DefaultFailureHandler: java.io.FileNotFoundException: view-op-error-1.png: open failed: EROFS (Read-only file system)
12-07 20:44:33.830 32356 32400 W DefaultFailureHandler: 	at libcore.io.IoBridge.open(IoBridge.java:496)
12-07 20:44:33.830 32356 32400 W DefaultFailureHandler: 	at java.io.FileOutputStream.<init>(FileOutputStream.java:235)
12-07 20:44:33.830 32356 32400 W DefaultFailureHandler: 	at java.io.FileOutputStream.<init>(FileOutputStream.java:125)
12-07 20:44:33.830 32356 32400 W DefaultFailureHandler: 	at androidx.test.platform.io.FileTestStorage.openOutputFile(FileTestStorage.java:60)
12-07 20:44:33.830 32356 32400 W DefaultFailureHandler: 	at androidx.test.core.graphics.BitmapStorage.writeToTestStorage(BitmapStorageExt.kt:49)
12-07 20:44:33.830 32356 32400 W DefaultFailureHandler: 	at androidx.test.espresso.base.DefaultFailureHandler.takeScreenshot(DefaultFailureHandler.java:4)
12-07 20:44:33.830 32356 32400 W DefaultFailureHandler: 	at androidx.test.espresso.base.DefaultFailureHandler.handle(DefaultFailureHandler.java:3)
12-07 20:44:33.830 32356 32400 W DefaultFailureHandler: 	at androidx.test.espresso.ViewInteraction.waitForAndHandleInteractionResults(ViewInteraction.java:8)
12-07 20:44:33.830 32356 32400 W DefaultFailureHandler: 	at androidx.test.espresso.ViewInteraction.desugaredPerform(ViewInteraction.java:11)
12-07 20:44:33.830 32356 32400 W DefaultFailureHandler: 	at androidx.test.espresso.ViewInteraction.perform(ViewInteraction.java:8)
12-07 20:44:33.830 32356 32400 W DefaultFailureHandler: 	at ru.iteco.fmhandroid.ui.data.TestUtils.waitView(TestUtils.java:61)
12-07 20:44:33.830 32356 32400 W DefaultFailureHandler: 	at ru.iteco.fmhandroid.ui.steps.AuthSteps.isAuthScreen(AuthSteps.java:56)
12-07 20:44:33.830 32356 32400 W DefaultFailureHandler: 	at ru.iteco.fmhandroid.ui.ClaimsPageTest.logoutCheck(ClaimsPageTest.java:51)
12-07 20:44:33.830 32356 32400 W DefaultFailureHandler: 	at java.lang.reflect.Method.invoke(Native Method)
12-07 20:44:33.830 32356 32400 W DefaultFailureHandler: 	at org.junit.runners.model.FrameworkMethod$1.runReflectiveCall(FrameworkMethod.java:59)
12-07 20:44:33.830 32356 32400 W DefaultFailureHandler: 	at org.junit.internal.runners.model.ReflectiveCallable.run(ReflectiveCallable.java:12)
12-07 20:44:33.830 32356 32400 W DefaultFailureHandler: 	at org.junit.runners.model.FrameworkMethod.invokeExplosively(FrameworkMethod.java:56)
12-07 20:44:33.830 32356 32400 W DefaultFailureHandler: 	at androidx.test.internal.runner.junit4.statement.RunBefores.evaluate(RunBefores.java:76)
12-07 20:44:33.830 32356 32400 W DefaultFailureHandler: 	at io.qameta.allure.android.rules.ScreenshotRule$apply$1.evaluate(ScreenshotRule.kt:22)
12-07 20:44:33.830 32356 32400 W DefaultFailureHandler: 	at org.junit.rules.ExternalResource$1.evaluate(ExternalResource.java:54)
12-07 20:44:33.830 32356 32400 W DefaultFailureHandler: 	at io.qameta.allure.android.rules.LogcatRule$apply$1.evaluate(LogcatRule.kt:23)
12-07 20:44:33.830 32356 32400 W DefaultFailureHandler: 	at org.junit.rules.RunRules.evaluate(RunRules.java:20)
12-07 20:44:33.830 32356 32400 W DefaultFailureHandler: 	at org.junit.runners.ParentRunner$3.evaluate(ParentRunner.java:306)
12-07 20:44:33.830 32356 32400 W DefaultFailureHandler: 	at org.junit.runners.BlockJUnit4ClassRunner$1.evaluate(BlockJUnit4ClassRunner.java:100)
12-07 20:44:33.830 32356 32400 W DefaultFailureHandler: 	at org.junit.runners.ParentRunner.runLeaf(ParentRunner.java:366)
12-07 20:44:33.830 32356 32400 W DefaultFailureHandler: 	at org.junit.runners.BlockJUnit4ClassRunner.runChild(BlockJUnit4ClassRunner.java:103)
12-07 20:44:33.830 32356 32400 W DefaultFailureHandler: 	at org.junit.runners.BlockJUnit4ClassRunner.runChild(BlockJUnit4ClassRunner.java:63)
12-07 20:44:33.830 32356 32400 W DefaultFailureHandler: 	at org.junit.runners.ParentRunner$4.run(ParentRunner.java:331)
12-07 20:44:33.830 32356 32400 W DefaultFailureHandler: 	at org.junit.runners.ParentRunner$1.schedule(ParentRunner.java:79)
12-07 20:44:33.830 32356 32400 W DefaultFailureHandler: 	at org.junit.runners.ParentRunner.runChildren(ParentRunner.java:329)
12-07 20:44:33.830 32356 32400 W DefaultFailureHandler: 	at org.junit.runners.ParentRunner.access$100(ParentRunner.java:66)
12-07 20:44:33.830 32356 32400 W DefaultFailureHandler: 	at org.junit.runners.ParentRunner$2.evaluate(ParentRunner.java:293)
12-07 20:44:33.830 32356 32400 W DefaultFailureHandler: 	at org.junit.runners.ParentRunner$3.evaluate(ParentRunner.java:306)
12-07 20:44:33.830 32356 32400 W DefaultFailureHandler: 	at org.junit.runners.ParentRunner.run(ParentRunner.java:413)
12-07 20:44:33.830 32356 32400 W DefaultFailureHandler: 	at androidx.test.ext.junit.runners.AndroidJUnit4.run(AndroidJUnit4.java:162)
12-07 20:44:33.830 32356 32400 W DefaultFailureHandler: 	at io.qameta.allure.android.runners.AllureAndroidJUnit4.run(AllureAndroidJUnitRunners.kt:29)
12-07 20:44:33.830 32356 32400 W DefaultFailureHandler: 	at org.junit.runners.Suite.runChild(Suite.java:128)
12-07 20:44:33.830 32356 32400 W DefaultFailureHandler: 	at org.junit.runners.Suite.runChild(Suite.java:27)
12-07 20:44:33.830 32356 32400 W DefaultFailureHandler: 	at org.junit.runners.ParentRunner$4.run(ParentRunner.java:331)
12-07 20:44:33.830 32356 32400 W DefaultFailureHandler: 	at org.junit.runners.ParentRunner$1.schedule(ParentRunner.java:79)
12-07 20:44:33.830 32356 32400 W DefaultFailureHandler: 	at org.junit.runners.ParentRunner.runChildren(ParentRunner.java:329)
12-07 20:44:33.830 32356 32400 W DefaultFailureHandler: 	at org.junit.runners.ParentRunner.access$100(ParentRunner.java:66)
12-07 20:44:33.830 32356 32400 W DefaultFailureHandler: 	at org.junit.runners.ParentRunner$2.evaluate(ParentRunner.java:293)
12-07 20:44:33.830 32356 32400 W DefaultFailureHandler: 	at org.junit.runners.ParentRunner$3.evaluate(ParentRunner.java:306)
12-07 20:44:33.830 32356 32400 W DefaultFailureHandler: 	at org.junit.runners.ParentRunner.run(ParentRunner.java:413)
12-07 20:44:33.830 32356 32400 W DefaultFailureHandler: 	at org.junit.runner.JUnitCore.run(JUnitCore.java:137)
12-07 20:44:33.830 32356 32400 W DefaultFailureHandler: 	at org.junit.runner.JUnitCore.run(JUnitCore.java:115)
12-07 20:44:33.830 32356 32400 W DefaultFailureHandler: 	at androidx.test.internal.runner.TestExecutor.execute(TestExecutor.java:67)
12-07 20:44:33.830 32356 32400 W DefaultFailureHandler: 	at androidx.test.internal.runner.TestExecutor.execute(TestExecutor.java:58)
12-07 20:44:33.830 32356 32400 W DefaultFailureHandler: 	at androidx.test.runner.AndroidJUnitRunner.onStart(AndroidJUnitRunner.java:438)
12-07 20:44:33.830 32356 32400 W DefaultFailureHandler: 	at android.app.Instrumentation$InstrumentationThread.run(Instrumentation.java:2189)
12-07 20:44:33.830 32356 32400 W DefaultFailureHandler: Caused by: android.system.ErrnoException: open failed: EROFS (Read-only file system)
12-07 20:44:33.831 32356 32400 W DefaultFailureHandler: 	at libcore.io.Linux.open(Native Method)
12-07 20:44:33.831 32356 32400 W DefaultFailureHandler: 	at libcore.io.ForwardingOs.open(ForwardingOs.java:167)
12-07 20:44:33.831 32356 32400 W DefaultFailureHandler: 	at libcore.io.BlockGuardOs.open(BlockGuardOs.java:252)
12-07 20:44:33.831 32356 32400 W DefaultFailureHandler: 	at libcore.io.ForwardingOs.open(ForwardingOs.java:167)
12-07 20:44:33.831 32356 32400 W DefaultFailureHandler: 	at android.app.ActivityThread$AndroidOs.open(ActivityThread.java:7255)
12-07 20:44:33.831 32356 32400 W DefaultFailureHandler: 	at libcore.io.IoBridge.open(IoBridge.java:482)
12-07 20:44:33.831 32356 32400 W DefaultFailureHandler: 	... 50 more
12-07 20:44:33.836 32356 32400 W teco.fmhandroi: Accessing hidden method Lsun/misc/Unsafe;->compareAndSwapObject(Ljava/lang/Object;JLjava/lang/Object;Ljava/lang/Object;)Z (greylist, linking, allowed)
12-07 20:44:33.841 32356 32356 I ViewInteraction: Performing 'wait for a specific view with <view.getId() is <2131230870>> during 10000 millis.' action on view view.getRootView() to equal view
12-07 20:44:33.844 32356 32472 W teco.fmhandroi: Accessing hidden method Lsun/misc/Unsafe;->compareAndSwapObject(Ljava/lang/Object;JLjava/lang/Object;Ljava/lang/Object;)Z (greylist, linking, allowed)
12-07 20:44:33.845 32356 32472 W teco.fmhandroi: Accessing hidden method Lsun/misc/Unsafe;->getObject(Ljava/lang/Object;J)Ljava/lang/Object; (greylist, linking, allowed)
12-07 20:44:33.851 32356 32400 W teco.fmhandroi: Accessing hidden method Lsun/misc/Unsafe;->compareAndSwapObject(Ljava/lang/Object;JLjava/lang/Object;Ljava/lang/Object;)Z (greylist, linking, allowed)
12-07 20:44:33.852 32356 32472 W teco.fmhandroi: Accessing hidden method Lsun/misc/Unsafe;->compareAndSwapObject(Ljava/lang/Object;JLjava/lang/Object;Ljava/lang/Object;)Z (greylist, linking, allowed)
12-07 20:44:33.857 32356 32356 I ViewInteraction: Checking 'MatchesViewAssertion{viewMatcher=(view has effective visibility <VISIBLE> and view.getGlobalVisibleRect() to return non-empty rectangle)}' assertion on view view.getId() is <2131230870/ru.iteco.fmhandroid:id/authorization_image_button>
12-07 20:44:33.865 32356 32400 W teco.fmhandroi: Accessing hidden method Landroid/view/ViewConfiguration;->getDoubleTapMinTime()I (greylist, reflection, allowed)
12-07 20:44:33.869 32356 32400 W teco.fmhandroi: Accessing hidden method Lsun/misc/Unsafe;->compareAndSwapObject(Ljava/lang/Object;JLjava/lang/Object;Ljava/lang/Object;)Z (greylist, linking, allowed)
12-07 20:44:33.871 32356 32472 W teco.fmhandroi: Accessing hidden method Lsun/misc/Unsafe;->compareAndSwapObject(Ljava/lang/Object;JLjava/lang/Object;Ljava/lang/Object;)Z (greylist, linking, allowed)
12-07 20:44:33.876 32356 32356 I ViewInteraction: Performing 'single click' action on view view.getId() is <2131230870/ru.iteco.fmhandroid:id/authorization_image_button>
12-07 20:44:34.100  1764  6994 W audio_hw_generic: Not supplying enough data to HAL, expected position 101100785 , only wrote 101100611
12-07 20:44:34.186  1776  1776 D gralloc_ranchu: gralloc_alloc: Creating ashmem region of size 884736
12-07 20:44:34.193  1776  1776 I chatty  : uid=1000(system) allocator@2.0-s identical 1 line
12-07 20:44:34.198  1776  1776 D gralloc_ranchu: gralloc_alloc: Creating ashmem region of size 884736
12-07 20:44:34.229 32356 32446 D EGL_emulation: eglMakeCurrent: 0xe593dd20: ver 2 0 (tinfo 0xf0c9eb00)
12-07 20:44:34.307 32356 32446 I chatty  : uid=10146(ru.iteco.fmhandroid) RenderThread identical 3 lines
12-07 20:44:34.329 32356 32446 D EGL_emulation: eglMakeCurrent: 0xe593dd20: ver 2 0 (tinfo 0xf0c9eb00)
12-07 20:44:34.551 32356 32400 W teco.fmhandroi: Accessing hidden method Lsun/misc/Unsafe;->compareAndSwapObject(Ljava/lang/Object;JLjava/lang/Object;Ljava/lang/Object;)Z (greylist, linking, allowed)
12-07 20:44:34.566 32356 32356 I ViewInteraction: Performing 'wait for a specific view with <an instance of android.widget.TextView and view.getText() with or without transformation to match: is "Log out"> during 10000 millis.' action on view view.getRootView() to equal view
12-07 20:44:34.590 32356 32356 I ViewInteraction: Checking 'MatchesViewAssertion{viewMatcher=(view has effective visibility <VISIBLE> and view.getGlobalVisibleRect() to return non-empty rectangle)}' assertion on view an instance of android.widget.TextView and view.getText() with or without transformation to match: is "Log out"
12-07 20:44:34.607 32356 32356 I ViewInteraction: Performing 'single click' action on view an instance of android.widget.TextView and view.getText() with or without transformation to match: is "Log out"
12-07 20:44:35.155 32356 32446 D EGL_emulation: eglMakeCurrent: 0xe593dd20: ver 2 0 (tinfo 0xf0c9eb00)
12-07 20:44:35.203  1764  6994 W audio_hw_generic: Not supplying enough data to HAL, expected position 101149322 , only wrote 101148864
12-07 20:44:35.204  1764  6994 W audio_hw_generic: Not supplying enough data to HAL, expected position 101148895 , only wrote 101148864
12-07 20:44:35.285 32356 32446 D EGL_emulation: eglMakeCurrent: 0xe593dd20: ver 2 0 (tinfo 0xf0c9eb00)
12-07 20:44:35.384 32356 32356 I ViewInteraction: Performing 'wait for a specific view with <(an instance of android.widget.TextView and view.getText() with or without transformation to match: is "Authorization" and view.getParent() view.getParent() view.getId() is <2131231186>)> during 10000 millis.' action on view view.getRootView() to equal view
12-07 20:44:35.389 32356 32400 W teco.fmhandroi: Accessing hidden method Lsun/misc/Unsafe;->compareAndSwapObject(Ljava/lang/Object;JLjava/lang/Object;Ljava/lang/Object;)Z (greylist, linking, allowed)
12-07 20:44:35.400 32356 32356 I ViewInteraction: Checking 'MatchesViewAssertion{viewMatcher=(view has effective visibility <VISIBLE> and view.getGlobalVisibleRect() to return non-empty rectangle)}' assertion on view (an instance of android.widget.TextView and view.getText() with or without transformation to match: is "Authorization" and view.getParent() view.getParent() view.getId() is <2131231186/ru.iteco.fmhandroid:id/nav_host_fragment>)
