12-08 10:33:42.850 11395 11395 I ViewInteraction: Performing 'wait for a specific view with <(an instance of android.widget.TextView and view.getHint() matching: is "Password" and view.getParent() view.getParent() view.getId() is <2131231264>)> during 10000 millis.' action on view view.getRootView() to equal view
12-08 10:33:42.855 11395 11440 W teco.fmhandroi: Accessing hidden method Lsun/misc/Unsafe;->compareAndSwapObject(Ljava/lang/Object;JLjava/lang/Object;Ljava/lang/Object;)Z (greylist, linking, allowed)
12-08 10:33:42.861 11395 11395 I ViewInteraction: Checking 'MatchesViewAssertion{viewMatcher=(view has effective visibility <VISIBLE> and view.getGlobalVisibleRect() to return non-empty rectangle)}' assertion on view (an instance of android.widget.TextView and view.getHint() matching: is "Password" and view.getParent() view.getParent() view.getId() is <2131231264/ru.iteco.fmhandroid:id/password_text_input_layout>)
12-08 10:33:42.865 11395 11440 W teco.fmhandroi: Accessing hidden method Lsun/misc/Unsafe;->compareAndSwapObject(Ljava/lang/Object;JLjava/lang/Object;Ljava/lang/Object;)Z (greylist, linking, allowed)
12-08 10:33:42.872 11395 11395 I ViewInteraction: Performing 'wait for a specific view with <(view.getId() is <2131231039> and an instance of android.widget.TextView and view.getText() with or without transformation to match: is "SIGN IN" and view.getContentDescription() is "Save" and view.getParent() view.getParent() an instance of android.widget.RelativeLayout)> during 10000 millis.' action on view view.getRootView() to equal view
12-08 10:33:42.878 11395 11440 W teco.fmhandroi: Accessing hidden method Lsun/misc/Unsafe;->compareAndSwapObject(Ljava/lang/Object;JLjava/lang/Object;Ljava/lang/Object;)Z (greylist, linking, allowed)
12-08 10:33:42.883 11395 11395 I ViewInteraction: Checking 'MatchesViewAssertion{viewMatcher=(view has effective visibility <VISIBLE> and view.getGlobalVisibleRect() to return non-empty rectangle)}' assertion on view (view.getId() is <2131231039/ru.iteco.fmhandroid:id/enter_button> and an instance of android.widget.TextView and view.getText() with or without transformation to match: is "SIGN IN" and view.getContentDescription() is "Save" and view.getParent() view.getParent() an instance of android.widget.RelativeLayout)
12-08 10:33:42.886 11395 11440 W teco.fmhandroi: Accessing hidden method Lsun/misc/Unsafe;->compareAndSwapObject(Ljava/lang/Object;JLjava/lang/Object;Ljava/lang/Object;)Z (greylist, linking, allowed)
12-08 10:33:42.886 11395 11515 W teco.fmhandroi: Accessing hidden method Lsun/misc/Unsafe;->compareAndSwapObject(Ljava/lang/Object;JLjava/lang/Object;Ljava/lang/Object;)Z (greylist, linking, allowed)
12-08 10:33:42.891 11395 11395 I ViewInteraction: Performing 'wait for a specific view with <(an instance of android.widget.TextView and view.getText() with or without transformation to match: is "Authorization" and view.getParent() view.getParent() view.getId() is <2131231186>)> during 10000 millis.' action on view view.getRootView() to equal view
12-08 10:33:42.897 11395 11440 W teco.fmhandroi: Accessing hidden method Lsun/misc/Unsafe;->compareAndSwapObject(Ljava/lang/Object;JLjava/lang/Object;Ljava/lang/Object;)Z (greylist, linking, allowed)
12-08 10:33:42.900 11395 11395 I ViewInteraction: Checking 'MatchesViewAssertion{viewMatcher=(view has effective visibility <VISIBLE> and view.getGlobalVisibleRect() to return non-empty rectangle)}' assertion on view (an instance of android.widget.TextView and view.getText() with or without transformation to match: is "Authorization" and view.getParent() view.getParent() view.getId() is <2131231186/ru.iteco.fmhandroid:id/nav_host_fragment>)
12-08 10:33:42.904 11395 11440 W teco.fmhandroi: Accessing hidden method Lsun/misc/Unsafe;->compareAndSwapObject(Ljava/lang/Object;JLjava/lang/Object;Ljava/lang/Object;)Z (greylist, linking, allowed)
12-08 10:33:42.909 11395 11395 I ViewInteraction: Performing 'wait for a specific view with <(an instance of android.widget.TextView and view.getHint() matching: is "Login" and view.getParent() view.getParent() view.getId() is <2131231121/ru.iteco.fmhandroid:id/login_text_input_layout>)> during 10000 millis.' action on view view.getRootView() to equal view
12-08 10:33:42.912 11395 11440 W teco.fmhandroi: Accessing hidden method Lsun/misc/Unsafe;->compareAndSwapObject(Ljava/lang/Object;JLjava/lang/Object;Ljava/lang/Object;)Z (greylist, linking, allowed)
12-08 10:33:42.917 11395 11395 I ViewInteraction: Checking 'MatchesViewAssertion{viewMatcher=(view has effective visibility <VISIBLE> and view.getGlobalVisibleRect() to return non-empty rectangle)}' assertion on view (an instance of android.widget.TextView and view.getHint() matching: is "Login" and view.getParent() view.getParent() view.getId() is <2131231121/ru.iteco.fmhandroid:id/login_text_input_layout>)
12-08 10:33:42.920 11395 11440 W teco.fmhandroi: Accessing hidden method Lsun/misc/Unsafe;->compareAndSwapObject(Ljava/lang/Object;JLjava/lang/Object;Ljava/lang/Object;)Z (greylist, linking, allowed)
12-08 10:33:42.924 11395 11395 I ViewInteraction: Performing 'wait for a specific view with <(an instance of android.widget.TextView and view.getHint() matching: is "Password" and view.getParent() view.getParent() view.getId() is <2131231264/ru.iteco.fmhandroid:id/password_text_input_layout>)> during 10000 millis.' action on view view.getRootView() to equal view
12-08 10:33:42.928 11395 11440 W teco.fmhandroi: Accessing hidden method Lsun/misc/Unsafe;->compareAndSwapObject(Ljava/lang/Object;JLjava/lang/Object;Ljava/lang/Object;)Z (greylist, linking, allowed)
12-08 10:33:42.932 11395 11395 I ViewInteraction: Checking 'MatchesViewAssertion{viewMatcher=(view has effective visibility <VISIBLE> and view.getGlobalVisibleRect() to return non-empty rectangle)}' assertion on view (an instance of android.widget.TextView and view.getHint() matching: is "Password" and view.getParent() view.getParent() view.getId() is <2131231264/ru.iteco.fmhandroid:id/password_text_input_layout>)
12-08 10:33:42.934 11395 11440 W teco.fmhandroi: Accessing hidden method Lsun/misc/Unsafe;->compareAndSwapObject(Ljava/lang/Object;JLjava/lang/Object;Ljava/lang/Object;)Z (greylist, linking, allowed)
12-08 10:33:42.939 11395 11395 I ViewInteraction: Performing 'wait for a specific view with <(view.getId() is <2131231039/ru.iteco.fmhandroid:id/enter_button> and an instance of android.widget.TextView and view.getText() with or without transformation to match: is "SIGN IN" and view.getContentDescription() is "Save" and view.getParent() view.getParent() an instance of android.widget.RelativeLayout)> during 10000 millis.' action on view view.getRootView() to equal view
12-08 10:33:42.941 11395 11440 W teco.fmhandroi: Accessing hidden method Lsun/misc/Unsafe;->compareAndSwapObject(Ljava/lang/Object;JLjava/lang/Object;Ljava/lang/Object;)Z (greylist, linking, allowed)
12-08 10:33:42.946 11395 11395 I ViewInteraction: Checking 'MatchesViewAssertion{viewMatcher=(view has effective visibility <VISIBLE> and view.getGlobalVisibleRect() to return non-empty rectangle)}' assertion on view (view.getId() is <2131231039/ru.iteco.fmhandroid:id/enter_button> and an instance of android.widget.TextView and view.getText() with or without transformation to match: is "SIGN IN" and view.getContentDescription() is "Save" and view.getParent() view.getParent() an instance of android.widget.RelativeLayout)
12-08 10:33:42.950 11395 11440 W teco.fmhandroi: Accessing hidden method Lsun/misc/Unsafe;->compareAndSwapObject(Ljava/lang/Object;JLjava/lang/Object;Ljava/lang/Object;)Z (greylist, linking, allowed)
12-08 10:33:42.954 11395 11395 I ViewInteraction: Performing 'wait for a specific view with <(an instance of android.widget.TextView and view.getHint() matching: is "Login" and view.getParent() view.getParent() view.getId() is <2131231121/ru.iteco.fmhandroid:id/login_text_input_layout>)> during 10000 millis.' action on view view.getRootView() to equal view
12-08 10:33:42.959 11395 11440 W teco.fmhandroi: Accessing hidden method Lsun/misc/Unsafe;->compareAndSwapObject(Ljava/lang/Object;JLjava/lang/Object;Ljava/lang/Object;)Z (greylist, linking, allowed)
12-08 10:33:42.959 11395 11515 W teco.fmhandroi: Accessing hidden method Lsun/misc/Unsafe;->compareAndSwapObject(Ljava/lang/Object;JLjava/lang/Object;Ljava/lang/Object;)Z (greylist, linking, allowed)
12-08 10:33:42.964 11395 11395 I ViewInteraction: Performing 'replace text(login2)' action on view (an instance of android.widget.TextView and view.getHint() matching: is "Login" and view.getParent() view.getParent() view.getId() is <2131231121/ru.iteco.fmhandroid:id/login_text_input_layout>)
12-08 10:33:42.995 11395 11440 W teco.fmhandroi: Accessing hidden method Lsun/misc/Unsafe;->compareAndSwapObject(Ljava/lang/Object;JLjava/lang/Object;Ljava/lang/Object;)Z (greylist, linking, allowed)
12-08 10:33:43.017  2018  2358 I ActivityManager: Killing 4402:com.android.carrierdefaultapp/u0a75 (adj 995): empty for 1849s
12-08 10:33:43.096 11395 11395 I ViewInteraction: Performing 'wait for a specific view with <(an instance of android.widget.TextView and view.getHint() matching: is "Password" and view.getParent() view.getParent() view.getId() is <2131231264/ru.iteco.fmhandroid:id/password_text_input_layout>)> during 10000 millis.' action on view view.getRootView() to equal view
12-08 10:33:43.100 11395 11440 W teco.fmhandroi: Accessing hidden method Lsun/misc/Unsafe;->compareAndSwapObject(Ljava/lang/Object;JLjava/lang/Object;Ljava/lang/Object;)Z (greylist, linking, allowed)
12-08 10:33:43.103 11395 11395 I ViewInteraction: Performing 'replace text(password2)' action on view (an instance of android.widget.TextView and view.getHint() matching: is "Password" and view.getParent() view.getParent() view.getId() is <2131231264/ru.iteco.fmhandroid:id/password_text_input_layout>)
12-08 10:33:43.112 11395 11440 W teco.fmhandroi: Accessing hidden method Lsun/misc/Unsafe;->compareAndSwapObject(Ljava/lang/Object;JLjava/lang/Object;Ljava/lang/Object;)Z (greylist, linking, allowed)
12-08 10:33:43.166 11395 11395 I ViewInteraction: Performing 'wait for a specific view with <(view.getId() is <2131231039/ru.iteco.fmhandroid:id/enter_button> and an instance of android.widget.TextView and view.getText() with or without transformation to match: is "SIGN IN" and view.getContentDescription() is "Save" and view.getParent() view.getParent() an instance of android.widget.RelativeLayout)> during 10000 millis.' action on view view.getRootView() to equal view
12-08 10:33:43.177 11395 11440 W teco.fmhandroi: Accessing hidden method Lsun/misc/Unsafe;->compareAndSwapObject(Ljava/lang/Object;JLjava/lang/Object;Ljava/lang/Object;)Z (greylist, linking, allowed)
12-08 10:33:43.189 11395 11395 I ViewInteraction: Checking 'MatchesViewAssertion{viewMatcher=view.isClickable() is <true>}' assertion on view (view.getId() is <2131231039/ru.iteco.fmhandroid:id/enter_button> and an instance of android.widget.TextView and view.getText() with or without transformation to match: is "SIGN IN" and view.getContentDescription() is "Save" and view.getParent() view.getParent() an instance of android.widget.RelativeLayout)
12-08 10:33:43.191 11395 11440 W teco.fmhandroi: Accessing hidden method Lsun/misc/Unsafe;->compareAndSwapObject(Ljava/lang/Object;JLjava/lang/Object;Ljava/lang/Object;)Z (greylist, linking, allowed)
12-08 10:33:43.201 11395 11395 I ViewInteraction: Performing 'wait for a specific view with <(view.getId() is <2131231039/ru.iteco.fmhandroid:id/enter_button> and an instance of android.widget.TextView and view.getText() with or without transformation to match: is "SIGN IN" and view.getContentDescription() is "Save" and view.getParent() view.getParent() an instance of android.widget.RelativeLayout)> during 10000 millis.' action on view view.getRootView() to equal view
12-08 10:33:43.208 11395 11515 W teco.fmhandroi: Accessing hidden method Lsun/misc/Unsafe;->compareAndSwapObject(Ljava/lang/Object;JLjava/lang/Object;Ljava/lang/Object;)Z (greylist, linking, allowed)
12-08 10:33:43.216 11395 11395 I ViewInteraction: Checking 'MatchesViewAssertion{viewMatcher=view.isClickable() is <true>}' assertion on view (view.getId() is <2131231039/ru.iteco.fmhandroid:id/enter_button> and an instance of android.widget.TextView and view.getText() with or without transformation to match: is "SIGN IN" and view.getContentDescription() is "Save" and view.getParent() view.getParent() an instance of android.widget.RelativeLayout)
12-08 10:33:43.218 11395 11440 W teco.fmhandroi: Accessing hidden method Lsun/misc/Unsafe;->compareAndSwapObject(Ljava/lang/Object;JLjava/lang/Object;Ljava/lang/Object;)Z (greylist, linking, allowed)
12-08 10:33:43.229 11395 11395 I ViewInteraction: Performing 'wait for a specific view with <(view.getId() is <2131231039/ru.iteco.fmhandroid:id/enter_button> and an instance of android.widget.TextView and view.getText() with or without transformation to match: is "SIGN IN" and view.getContentDescription() is "Save" and view.getParent() view.getParent() an instance of android.widget.RelativeLayout)> during 10000 millis.' action on view view.getRootView() to equal view
12-08 10:33:43.235 11395 11440 W teco.fmhandroi: Accessing hidden method Lsun/misc/Unsafe;->compareAndSwapObject(Ljava/lang/Object;JLjava/lang/Object;Ljava/lang/Object;)Z (greylist, linking, allowed)
12-08 10:33:43.235 11395 11515 W teco.fmhandroi: Accessing hidden method Lsun/misc/Unsafe;->compareAndSwapObject(Ljava/lang/Object;JLjava/lang/Object;Ljava/lang/Object;)Z (greylist, linking, allowed)
12-08 10:33:43.242 11395 11395 I ViewInteraction: Performing 'single click' action on view (view.getId() is <2131231039/ru.iteco.fmhandroid:id/enter_button> and an instance of android.widget.TextView and view.getText() with or without transformation to match: is "SIGN IN" and view.getContentDescription() is "Save" and view.getParent() view.getParent() an instance of android.widget.RelativeLayout)
12-08 10:33:43.330  1745  1745 I Zygote  : Process 4402 exited due to signal 9 (Killed)
12-08 10:33:43.341  2018  2061 I libprocessgroup: Successfully killed process cgroup uid 10075 pid 4402 in 311ms
12-08 10:33:43.356 11395 11519 I okhttp.OkHttpClient: --> POST http://www.981757-ca08998.tmweb.ru:8080/fmh/authentication/login
12-08 10:33:43.357 11395 11519 I okhttp.OkHttpClient: Content-Type: application/json; charset=UTF-8
12-08 10:33:43.357 11395 11519 I okhttp.OkHttpClient: Content-Length: 41
12-08 10:33:43.359 11395 11519 I okhttp.OkHttpClient: {"login":"login2","password":"password2"}
12-08 10:33:43.360 11395 11519 I okhttp.OkHttpClient: --> END POST (41-byte body)
12-08 10:33:43.374  1744 11520 E ResolverController: No valid NAT64 prefix (106, <unspecified>/0)
12-08 10:33:43.590 11395 11440 W teco.fmhandroi: Accessing hidden method Lsun/misc/Unsafe;->compareAndSwapObject(Ljava/lang/Object;JLjava/lang/Object;Ljava/lang/Object;)Z (greylist, linking, allowed)
12-08 10:33:43.593 11395 11395 I ViewInteraction: Performing 'wait for a specific view with <an instance of android.widget.TextView and view.getText() with or without transformation to match: is "News"> during 10000 millis.' action on view view.getRootView() to equal view
12-08 10:33:43.812 11395 11519 I okhttp.OkHttpClient: <-- 200 http://www.981757-ca08998.tmweb.ru:8080/fmh/authentication/login (452ms)
12-08 10:33:43.812 11395 11519 I okhttp.OkHttpClient: Vary: Origin
12-08 10:33:43.812 11395 11519 I okhttp.OkHttpClient: Vary: Access-Control-Request-Method
12-08 10:33:43.812 11395 11519 I okhttp.OkHttpClient: Vary: Access-Control-Request-Headers
12-08 10:33:43.813 11395 11519 I okhttp.OkHttpClient: X-Content-Type-Options: nosniff
12-08 10:33:43.813 11395 11519 I okhttp.OkHttpClient: X-XSS-Protection: 1; mode=block
12-08 10:33:43.813 11395 11519 I okhttp.OkHttpClient: Cache-Control: no-cache, no-store, max-age=0, must-revalidate
12-08 10:33:43.814 11395 11519 I okhttp.OkHttpClient: Pragma: no-cache
12-08 10:33:43.814 11395 11519 I okhttp.OkHttpClient: Expires: 0
12-08 10:33:43.815 11395 11519 I okhttp.OkHttpClient: X-Frame-Options: DENY
12-08 10:33:43.815 11395 11519 I okhttp.OkHttpClient: Content-Type: application/json
12-08 10:33:43.815 11395 11519 I okhttp.OkHttpClient: Transfer-Encoding: chunked
12-08 10:33:43.815 11395 11519 I okhttp.OkHttpClient: Date: Thu, 08 Dec 2022 10:34:29 GMT
12-08 10:33:43.815 11395 11519 I okhttp.OkHttpClient: Keep-Alive: timeout=60
12-08 10:33:43.815 11395 11519 I okhttp.OkHttpClient: Connection: keep-alive
12-08 10:33:43.816 11395 11519 I okhttp.OkHttpClient: {"accessToken":"eyJhbGciOiJIUzUxMiJ9.eyJzdWIiOiJsb2dpbjIiLCJqdGkiOiIyIiwiZXhwIjoxNjcwNTgyMDY5fQ.799Cnn4tYkWAY42E9NNEtGw-1UYZuWw3Oh0ck9WK9dmWYk8lrz0FId9xurC7RA10S-QvCCW7zYeeDjWSPHbmMA","refreshToken":"eyJhbGciOiJIUzUxMiJ9.eyJzdWIiOiJsb2dpbjIiLCJqdGkiOiIyIiwiZXhwIjoxNjczMDg3NjY5fQ.SIzS61sxPSYeyU-OKXO932Ww7LwBmVzGW1FApHPy-w-sfo9z1gd6K8rqwdSihQTENZQVHC1EVRouKXzrvyycUQ"}
12-08 10:33:43.816 11395 11519 I okhttp.OkHttpClient: <-- END HTTP (368-byte body)
12-08 10:33:43.826 11395 11501 I okhttp.OkHttpClient: --> GET http://www.981757-ca08998.tmweb.ru:8080/fmh/authentication/userInfo
12-08 10:33:43.826 11395 11501 I okhttp.OkHttpClient: --> END GET
12-08 10:33:43.996 11395 11501 I okhttp.OkHttpClient: <-- 200 http://www.981757-ca08998.tmweb.ru:8080/fmh/authentication/userInfo (169ms)
12-08 10:33:43.996 11395 11501 I okhttp.OkHttpClient: Vary: Origin
12-08 10:33:43.996 11395 11501 I okhttp.OkHttpClient: Vary: Access-Control-Request-Method
12-08 10:33:43.996 11395 11501 I okhttp.OkHttpClient: Vary: Access-Control-Request-Headers
12-08 10:33:43.996 11395 11501 I okhttp.OkHttpClient: X-Content-Type-Options: nosniff
12-08 10:33:43.996 11395 11501 I okhttp.OkHttpClient: X-XSS-Protection: 1; mode=block
12-08 10:33:43.996 11395 11501 I okhttp.OkHttpClient: Cache-Control: no-cache, no-store, max-age=0, must-revalidate
12-08 10:33:43.996 11395 11501 I okhttp.OkHttpClient: Pragma: no-cache
12-08 10:33:43.996 11395 11501 I okhttp.OkHttpClient: Expires: 0
12-08 10:33:43.996 11395 11501 I okhttp.OkHttpClient: X-Frame-Options: DENY
12-08 10:33:43.996 11395 11501 I okhttp.OkHttpClient: Content-Type: application/json
12-08 10:33:43.996 11395 11501 I okhttp.OkHttpClient: Transfer-Encoding: chunked
12-08 10:33:43.997 11395 11501 I okhttp.OkHttpClient: Date: Thu, 08 Dec 2022 10:34:29 GMT
12-08 10:33:43.997 11395 11501 I okhttp.OkHttpClient: Keep-Alive: timeout=60
12-08 10:33:43.997 11395 11501 I okhttp.OkHttpClient: Connection: keep-alive
12-08 10:33:43.997 11395 11501 I okhttp.OkHttpClient: {"id":2,"firstName":"Данил","lastName":"Иванов","middleName":"Данилович","admin":true}
12-08 10:33:43.997 11395 11501 I okhttp.OkHttpClient: <-- END HTTP (106-byte body)
12-08 10:33:44.025 11395 11521 I okhttp.OkHttpClient: --> GET http://www.981757-ca08998.tmweb.ru:8080/fmh/claims
12-08 10:33:44.026 11395 11521 I okhttp.OkHttpClient: --> END GET
12-08 10:33:44.241  2018  2058 E memtrack: Couldn't load memtrack module
12-08 10:33:44.241  2018  2058 W android.os.Debug: failed to get memory consumption info: -1
12-08 10:33:44.308  1893  1893 E netmgr  : Failed to open QEMU pipe 'qemud:network': Invalid argument
12-08 10:33:44.354 11395 11395 I ViewInteraction: Checking 'MatchesViewAssertion{viewMatcher=(view has effective visibility <VISIBLE> and view.getGlobalVisibleRect() to return non-empty rectangle)}' assertion on view an instance of android.widget.TextView and view.getText() with or without transformation to match: is "News"
12-08 10:33:44.358 11395 11515 W teco.fmhandroi: Accessing hidden method Lsun/misc/Unsafe;->compareAndSwapObject(Ljava/lang/Object;JLjava/lang/Object;Ljava/lang/Object;)Z (greylist, linking, allowed)
12-08 10:33:44.361 11395 11395 I ViewInteraction: Performing 'wait for a specific view with <view.getId() is <2131230951>> during 10000 millis.' action on view view.getRootView() to equal view
12-08 10:33:44.372 11395 11440 W teco.fmhandroi: Accessing hidden method Lsun/misc/Unsafe;->compareAndSwapObject(Ljava/lang/Object;JLjava/lang/Object;Ljava/lang/Object;)Z (greylist, linking, allowed)
12-08 10:33:44.377 11395 11395 I ViewInteraction: Checking 'MatchesViewAssertion{viewMatcher=(view has effective visibility <VISIBLE> and view.getGlobalVisibleRect() to return non-empty rectangle)}' assertion on view view.getId() is <2131230951/ru.iteco.fmhandroid:id/container_list_news_include_on_fragment_main>
12-08 10:33:44.384 11395 11440 W teco.fmhandroi: Accessing hidden method Lsun/misc/Unsafe;->compareAndSwapObject(Ljava/lang/Object;JLjava/lang/Object;Ljava/lang/Object;)Z (greylist, linking, allowed)
12-08 10:33:44.388 11395 11395 I ViewInteraction: Performing 'wait for a specific view with <view.getId() is <2131230949>> during 10000 millis.' action on view view.getRootView() to equal view
12-08 10:33:44.395 11395 11440 W teco.fmhandroi: Accessing hidden method Lsun/misc/Unsafe;->compareAndSwapObject(Ljava/lang/Object;JLjava/lang/Object;Ljava/lang/Object;)Z (greylist, linking, allowed)
12-08 10:33:44.395 11395 11515 W teco.fmhandroi: Accessing hidden method Lsun/misc/Unsafe;->compareAndSwapObject(Ljava/lang/Object;JLjava/lang/Object;Ljava/lang/Object;)Z (greylist, linking, allowed)
12-08 10:33:44.401 11395 11395 I ViewInteraction: Checking 'MatchesViewAssertion{viewMatcher=(view has effective visibility <VISIBLE> and view.getGlobalVisibleRect() to return non-empty rectangle)}' assertion on view view.getId() is <2131230949/ru.iteco.fmhandroid:id/container_list_claim_include_on_fragment_main>
12-08 10:33:44.404 11395 11440 W teco.fmhandroi: Accessing hidden method Lsun/misc/Unsafe;->compareAndSwapObject(Ljava/lang/Object;JLjava/lang/Object;Ljava/lang/Object;)Z (greylist, linking, allowed)
12-08 10:33:44.408 11395 11395 I ViewInteraction: Performing 'wait for a specific view with <an instance of android.widget.TextView and view.getText() with or without transformation to match: is "Claims"> during 10000 millis.' action on view view.getRootView() to equal view
12-08 10:33:44.419 11395 11395 I ViewInteraction: Checking 'MatchesViewAssertion{viewMatcher=(view has effective visibility <VISIBLE> and view.getGlobalVisibleRect() to return non-empty rectangle)}' assertion on view an instance of android.widget.TextView and view.getText() with or without transformation to match: is "Claims"
12-08 10:33:44.426 11395 11395 I ViewInteraction: Performing 'wait for a specific view with <view.getId() is <2131231123>> during 10000 millis.' action on view view.getRootView() to equal view
12-08 10:33:44.428 11395 11440 W teco.fmhandroi: Accessing hidden method Lsun/misc/Unsafe;->compareAndSwapObject(Ljava/lang/Object;JLjava/lang/Object;Ljava/lang/Object;)Z (greylist, linking, allowed)
12-08 10:33:44.429 11395 11515 W teco.fmhandroi: Accessing hidden method Lsun/misc/Unsafe;->compareAndSwapObject(Ljava/lang/Object;JLjava/lang/Object;Ljava/lang/Object;)Z (greylist, linking, allowed)
12-08 10:33:44.432 11395 11395 I ViewInteraction: Performing 'single click' action on view view.getId() is <2131231123/ru.iteco.fmhandroid:id/main_menu_image_button>
12-08 10:33:44.597  1776  1927 D gralloc_ranchu: gralloc_alloc: Creating ashmem region of size 2015232
12-08 10:33:44.608  1776  1927 I chatty  : uid=1000(system) HwBinder:1776_3 identical 1 line
12-08 10:33:44.610  1776  1927 D gralloc_ranchu: gralloc_alloc: Creating ashmem region of size 2015232
12-08 10:33:44.685 11395 11489 D EGL_emulation: eglMakeCurrent: 0xdd81af60: ver 2 0 (tinfo 0xc30989a0)
12-08 10:33:44.708 11395 11489 I chatty  : uid=10146(ru.iteco.fmhandroid) RenderThread identical 1 line
12-08 10:33:44.729 11395 11489 D EGL_emulation: eglMakeCurrent: 0xdd81af60: ver 2 0 (tinfo 0xc30989a0)
12-08 10:33:44.731 11395 11408 I teco.fmhandroi: Background young concurrent copying GC freed 77218(3926KB) AllocSpace objects, 5(224KB) LOS objects, 30% free, 8543KB/11MB, paused 1.301ms total 134.787ms
12-08 10:33:45.166 11395 11489 D EGL_emulation: eglMakeCurrent: 0xdd81af60: ver 2 0 (tinfo 0xc30989a0)
12-08 10:33:45.210 11395 11489 I chatty  : uid=10146(ru.iteco.fmhandroid) RenderThread identical 1 line
12-08 10:33:45.237 11395 11489 D EGL_emulation: eglMakeCurrent: 0xdd81af60: ver 2 0 (tinfo 0xc30989a0)
12-08 10:33:45.499 11395 11440 W teco.fmhandroi: Accessing hidden method Lsun/misc/Unsafe;->compareAndSwapObject(Ljava/lang/Object;JLjava/lang/Object;Ljava/lang/Object;)Z (greylist, linking, allowed)
12-08 10:33:45.504 11395 11395 I ViewInteraction: Performing 'wait for a specific view with <an instance of android.widget.TextView and view.getText() with or without transformation to match: is "Claims"> during 10000 millis.' action on view view.getRootView() to equal view
12-08 10:33:45.511 11395 11395 I ViewInteraction: Performing 'single click' action on view an instance of android.widget.TextView and view.getText() with or without transformation to match: is "Claims"
12-08 10:33:45.569 11395 11489 D EGL_emulation: eglMakeCurrent: 0xdd81af60: ver 2 0 (tinfo 0xc30989a0)
12-08 10:33:45.687 11395 11523 I okhttp.OkHttpClient: --> GET http://www.981757-ca08998.tmweb.ru:8080/fmh/claims
12-08 10:33:45.688 11395 11523 I okhttp.OkHttpClient: --> END GET
12-08 10:33:45.703  1744 11524 E ResolverController: No valid NAT64 prefix (106, <unspecified>/0)
12-08 10:33:45.807 11395 11489 D EGL_emulation: eglMakeCurrent: 0xdd81af60: ver 2 0 (tinfo 0xc30989a0)
12-08 10:33:45.846 11395 11489 D EGL_emulation: eglMakeCurrent: 0xdd81af60: ver 2 0 (tinfo 0xc30989a0)
12-08 10:33:46.087 11395 11408 I teco.fmhandroi: Background concurrent copying GC freed 34647(1771KB) AllocSpace objects, 1(16KB) LOS objects, 36% free, 10MB/16MB, paused 1.360ms total 179.193ms
12-08 10:33:46.256 11395 11440 W teco.fmhandroi: Accessing hidden method Lsun/misc/Unsafe;->compareAndSwapObject(Ljava/lang/Object;JLjava/lang/Object;Ljava/lang/Object;)Z (greylist, linking, allowed)
12-08 10:33:46.261 11395 11395 I ViewInteraction: Performing 'wait for a specific view with <view.getId() is <2131230849>> during 10000 millis.' action on view view.getRootView() to equal view
12-08 10:33:46.263 11395 11440 W teco.fmhandroi: Accessing hidden method Lsun/misc/Unsafe;->compareAndSwapObject(Ljava/lang/Object;JLjava/lang/Object;Ljava/lang/Object;)Z (greylist, linking, allowed)
12-08 10:33:46.264 11395 11515 W teco.fmhandroi: Accessing hidden method Lsun/misc/Unsafe;->compareAndSwapObject(Ljava/lang/Object;JLjava/lang/Object;Ljava/lang/Object;)Z (greylist, linking, allowed)
12-08 10:33:46.268 11395 11395 I ViewInteraction: Performing 'single click' action on view view.getId() is <2131230849/ru.iteco.fmhandroid:id/add_new_claim_material_button>
12-08 10:33:46.342 11395 11501 I okhttp.OkHttpClient: --> GET http://www.981757-ca08998.tmweb.ru:8080/fmh/users
12-08 10:33:46.342 11395 11501 I okhttp.OkHttpClient: --> END GET
12-08 10:33:46.556 11395 11501 I okhttp.OkHttpClient: <-- 200 http://www.981757-ca08998.tmweb.ru:8080/fmh/users (213ms)
12-08 10:33:46.556 11395 11501 I okhttp.OkHttpClient: Vary: Origin
12-08 10:33:46.556 11395 11501 I okhttp.OkHttpClient: Vary: Access-Control-Request-Method
12-08 10:33:46.556 11395 11501 I okhttp.OkHttpClient: Vary: Access-Control-Request-Headers
12-08 10:33:46.557 11395 11501 I okhttp.OkHttpClient: X-Content-Type-Options: nosniff
12-08 10:33:46.557 11395 11501 I okhttp.OkHttpClient: X-XSS-Protection: 1; mode=block
12-08 10:33:46.557 11395 11501 I okhttp.OkHttpClient: Cache-Control: no-cache, no-store, max-age=0, must-revalidate
12-08 10:33:46.557 11395 11501 I okhttp.OkHttpClient: Pragma: no-cache
12-08 10:33:46.557 11395 11501 I okhttp.OkHttpClient: Expires: 0
12-08 10:33:46.557 11395 11501 I okhttp.OkHttpClient: X-Frame-Options: DENY
12-08 10:33:46.557 11395 11501 I okhttp.OkHttpClient: Content-Type: application/json
12-08 10:33:46.557 11395 11501 I okhttp.OkHttpClient: Transfer-Encoding: chunked
12-08 10:33:46.558 11395 11501 I okhttp.OkHttpClient: Date: Thu, 08 Dec 2022 10:34:31 GMT
12-08 10:33:46.558 11395 11501 I okhttp.OkHttpClient: Keep-Alive: timeout=60
12-08 10:33:46.558 11395 11501 I okhttp.OkHttpClient: Connection: keep-alive
12-08 10:33:46.559 11395 11501 I okhttp.OkHttpClient: [{"id":1,"firstName":"Петр","lastName":"Смирнов","middleName":"Петрович","admin":true},{"id":2,"firstName":"Данил","lastName":"Иванов","middleName":"Данилович","admin":true},{"id":3,"firstName":"Егор","lastName":"Петров","middleName":"Егорович","admin":false},{"id":4,"firstName":"Дмитрий","lastName":"Сидоров","middleName":"Дмитриевич","admin":false},{"id":5,"firstName":"Тест","lastName":"Тестов","middleName":"Тестович","admin":true},{"id":6,"firstName":"Diplom","lastName":"Netology","middleName":"QAMID","admin":true}]
12-08 10:33:46.559 11395 11501 I okhttp.OkHttpClient: <-- END HTTP (622-byte body)
12-08 10:33:47.040 11395 11440 W teco.fmhandroi: Accessing hidden method Lsun/misc/Unsafe;->compareAndSwapObject(Ljava/lang/Object;JLjava/lang/Object;Ljava/lang/Object;)Z (greylist, linking, allowed)
12-08 10:33:47.044 11395 11395 I ViewInteraction: Performing 'wait for a specific view with <view.getId() is <2131231041>> during 10000 millis.' action on view view.getRootView() to equal view
12-08 10:33:47.046 11395 11440 W teco.fmhandroi: Accessing hidden method Lsun/misc/Unsafe;->compareAndSwapObject(Ljava/lang/Object;JLjava/lang/Object;Ljava/lang/Object;)Z (greylist, linking, allowed)
12-08 10:33:47.055 11395 11395 I ViewInteraction: Performing 'single click' action on view view.getId() is <2131231041/ru.iteco.fmhandroid:id/executor_drop_menu_auto_complete_text_view>
12-08 10:33:47.235 11395 11521 I okhttp.OkHttpClient: <-- 200 http://www.981757-ca08998.tmweb.ru:8080/fmh/claims (3209ms)
12-08 10:33:47.235 11395 11521 I okhttp.OkHttpClient: Vary: Origin
12-08 10:33:47.235 11395 11521 I okhttp.OkHttpClient: Vary: Access-Control-Request-Method
12-08 10:33:47.236 11395 11521 I okhttp.OkHttpClient: Vary: Access-Control-Request-Headers
12-08 10:33:47.236 11395 11521 I okhttp.OkHttpClient: X-Content-Type-Options: nosniff
12-08 10:33:47.236 11395 11521 I okhttp.OkHttpClient: X-XSS-Protection: 1; mode=block
12-08 10:33:47.236 11395 11521 I okhttp.OkHttpClient: Cache-Control: no-cache, no-store, max-age=0, must-revalidate
12-08 10:33:47.236 11395 11521 I okhttp.OkHttpClient: Pragma: no-cache
12-08 10:33:47.236 11395 11521 I okhttp.OkHttpClient: Expires: 0
12-08 10:33:47.236 11395 11521 I okhttp.OkHttpClient: X-Frame-Options: DENY
12-08 10:33:47.236 11395 11521 I okhttp.OkHttpClient: Content-Type: application/json
12-08 10:33:47.236 11395 11521 I okhttp.OkHttpClient: Transfer-Encoding: chunked
12-08 10:33:47.237 11395 11521 I okhttp.OkHttpClient: Date: Thu, 08 Dec 2022 10:34:31 GMT
12-08 10:33:47.237 11395 11521 I okhttp.OkHttpClient: Keep-Alive: timeout=60
12-08 10:33:47.237 11395 11521 I okhttp.OkHttpClient: Connection: keep-alive
12-08 10:33:47.256  1776  1927 D gralloc_ranchu: gralloc_alloc: Creating ashmem region of size 4116480
12-08 10:33:47.264  1776  1927 I chatty  : uid=1000(system) HwBinder:1776_3 identical 1 line
12-08 10:33:47.269  1776  1927 D gralloc_ranchu: gralloc_alloc: Creating ashmem region of size 4116480
12-08 10:33:47.281 11395 11489 D EGL_emulation: eglMakeCurrent: 0xdd81af60: ver 2 0 (tinfo 0xc30989a0)
12-08 10:33:47.334 11395 11395 I AssistStructure: Flattened final assist data: 6984 bytes, containing 2 windows, 53 views
12-08 10:33:47.345  2018  3051 D AutofillSession: Starting partition or augmented request for view id 1073741827@75128789: STARTED_SESSION
12-08 10:33:47.355  2018  2018 D AutofillSession: cancelCurrentRequest(): id = 688
12-08 10:33:47.373 11395 11489 D EGL_emulation: eglMakeCurrent: 0xdd81af60: ver 2 0 (tinfo 0xc30989a0)
12-08 10:33:47.396 11395 11395 I AssistStructure: Flattened final assist data: 6984 bytes, containing 2 windows, 53 views
12-08 10:33:47.422 11395 11489 D EGL_emulation: eglMakeCurrent: 0xdd81af60: ver 2 0 (tinfo 0xc30989a0)
12-08 10:33:47.461  2537  2537 I KeyboardViewUtil: systemKeyboardHeightRatio:1.000000; userKeyboardHeightRatio:1.000000.
12-08 10:33:47.477  2537  2537 I AndroidIME: LatinIme.onActivate() : EditorInfo = Package = ru.iteco.fmhandroid : Type = Text : Learning = Disable : Suggestion = Show : AutoCorrection = Disable : Microphone = Show : NoPersonalizedLearning = Disable
12-08 10:33:47.500  2656  2656 W ktk     : Pending fill request while another request in the same session was triggered. [CONTEXT service_id=177 ]
12-08 10:33:47.576  2018  2051 D AutofillUI: destroySaveUiUiThread(): already destroyed
12-08 10:33:47.622 11395 11489 D EGL_emulation: eglMakeCurrent: 0xdd81af60: ver 2 0 (tinfo 0xc30989a0)
12-08 10:33:47.702 11395 11440 W teco.fmhandroi: Accessing hidden method Lsun/misc/Unsafe;->compareAndSwapObject(Ljava/lang/Object;JLjava/lang/Object;Ljava/lang/Object;)Z (greylist, linking, allowed)
12-08 10:33:47.707 11395 11395 I ViewInteraction: Performing 'close keyboard' action on view view.getRootView() to equal view
12-08 10:33:47.714  2018  2058 E memtrack: Couldn't load memtrack module
12-08 10:33:47.714  2018  2058 W android.os.Debug: failed to get memory consumption info: -1
12-08 10:33:47.791  2537  2537 I Conv2QueryExtension: Current locale: en_US, config allows these locales: de,en,es,fr,it,ms,pt,ta
12-08 10:33:47.792  2537  2537 I Conv2QueryExtension: Conv2Query not enabled due to current app [ru.iteco.fmhandroid] not in whitelist
12-08 10:33:47.792  2537  2537 I Conv2QueryExtension: onActivate() : Disabled by unsupported host app
12-08 10:33:47.842  2170  2566 D EGL_emulation: eglMakeCurrent: 0xe594e040: ver 2 0 (tinfo 0xc52450c0)
12-08 10:33:47.919  2537  2537 I Choreographer: Skipped 40 frames!  The application may be doing too much work on its main thread.
12-08 10:33:47.979  1776  1927 D gralloc_ranchu: gralloc_alloc: Creating ashmem region of size 9826304
12-08 10:33:48.025  1776  1927 I chatty  : uid=1000(system) HwBinder:1776_3 identical 1 line
12-08 10:33:48.028  1776  1927 D gralloc_ranchu: gralloc_alloc: Creating ashmem region of size 9826304
12-08 10:33:48.097  1776  1927 D gralloc_ranchu: gralloc_alloc: Creating ashmem region of size 3072000
12-08 10:33:48.116  2537  8546 D EGL_emulation: eglMakeCurrent: 0xc286ce00: ver 2 0 (tinfo 0xc335ede0)
12-08 10:33:48.119 11395 11489 D EGL_emulation: eglMakeCurrent: 0xdd81af60: ver 2 0 (tinfo 0xc30989a0)
12-08 10:33:48.138  1776  1927 D gralloc_ranchu: gralloc_alloc: Creating ashmem region of size 3072000
12-08 10:33:48.141 11395 11489 D EGL_emulation: eglMakeCurrent: 0xdd81af60: ver 2 0 (tinfo 0xc30989a0)
12-08 10:33:48.159 11395 11489 D EGL_emulation: eglMakeCurrent: 0xdd81af60: ver 2 0 (tinfo 0xc30989a0)
12-08 10:33:48.169  1776  1927 D gralloc_ranchu: gralloc_alloc: Creating ashmem region of size 3072000
12-08 10:33:48.174 11395 11489 D EGL_emulation: eglMakeCurrent: 0xdd81af60: ver 2 0 (tinfo 0xc30989a0)
12-08 10:33:48.278  2537  8546 I OpenGLRenderer: Davey! duration=995ms; Flags=1, IntendedVsync=58574282556289, Vsync=58574949222929, OldestInputEvent=9223372036854775807, NewestInputEvent=0, HandleInputStart=58574957273680, AnimationStart=58574958161580, PerformTraversalsStart=58574958260380, DrawStart=58575061921580, SyncQueued=58575139154480, SyncStart=58575175026280, IssueDrawCommandsStart=58575179854880, SwapBuffers=58575291332780, FrameCompleted=58575313958680, DequeueBufferDuration=500000, QueueBufferDuration=608000, 
12-08 10:33:48.309  2537  2537 I PhenotypeExpConfig: refreshConfiguration() : Force = false : UpdateAvailable = false : Age = 81 minutes : MaxAge = 720 minutes
12-08 10:33:48.337  2537  2537 I AndroidIME: LatinIme.onDeactivate()
12-08 10:33:48.377  2537  8546 D EGL_emulation: eglMakeCurrent: 0xc286ce00: ver 2 0 (tinfo 0xc335ede0)
12-08 10:33:48.487  1776  1927 D gralloc_ranchu: gralloc_alloc: Creating ashmem region of size 4116480
12-08 10:33:48.498 11395 11489 D EGL_emulation: eglMakeCurrent: 0xdd81af60: ver 2 0 (tinfo 0xc30989a0)
12-08 10:33:48.525  1776  1927 D gralloc_ranchu: gralloc_alloc: Creating ashmem region of size 4116480
12-08 10:33:48.531 11395 11489 D EGL_emulation: eglMakeCurrent: 0xdd81af60: ver 2 0 (tinfo 0xc30989a0)
12-08 10:33:48.551 11395 11489 D EGL_emulation: eglMakeCurrent: 0xdd81af60: ver 2 0 (tinfo 0xc30989a0)
12-08 10:33:48.562  1776  1927 D gralloc_ranchu: gralloc_alloc: Creating ashmem region of size 4116480
12-08 10:33:48.570 11395 11489 D EGL_emulation: eglMakeCurrent: 0xdd81af60: ver 2 0 (tinfo 0xc30989a0)
12-08 10:33:48.756 11395 11523 I okhttp.OkHttpClient: <-- 200 http://www.981757-ca08998.tmweb.ru:8080/fmh/claims (3068ms)
12-08 10:33:48.756 11395 11523 I okhttp.OkHttpClient: Vary: Origin
12-08 10:33:48.756 11395 11523 I okhttp.OkHttpClient: Vary: Access-Control-Request-Method
12-08 10:33:48.757 11395 11523 I okhttp.OkHttpClient: Vary: Access-Control-Request-Headers
12-08 10:33:48.757 11395 11523 I okhttp.OkHttpClient: X-Content-Type-Options: nosniff
12-08 10:33:48.757 11395 11523 I okhttp.OkHttpClient: X-XSS-Protection: 1; mode=block
12-08 10:33:48.757 11395 11523 I okhttp.OkHttpClient: Cache-Control: no-cache, no-store, max-age=0, must-revalidate
12-08 10:33:48.757 11395 11523 I okhttp.OkHttpClient: Pragma: no-cache
12-08 10:33:48.758 11395 11523 I okhttp.OkHttpClient: Expires: 0
12-08 10:33:48.758 11395 11523 I okhttp.OkHttpClient: X-Frame-Options: DENY
12-08 10:33:48.758 11395 11523 I okhttp.OkHttpClient: Content-Type: application/json
12-08 10:33:48.758 11395 11523 I okhttp.OkHttpClient: Transfer-Encoding: chunked
12-08 10:33:48.759 11395 11523 I okhttp.OkHttpClient: Date: Thu, 08 Dec 2022 10:34:33 GMT
12-08 10:33:48.759 11395 11523 I okhttp.OkHttpClient: Keep-Alive: timeout=60
12-08 10:33:48.759 11395 11523 I okhttp.OkHttpClient: Connection: keep-alive
12-08 10:33:48.844 11395 11395 I ViewInteraction: Performing 'single click' action on view an instance of android.widget.TextView and view.getText() with or without transformation to match: is "Иванов Данил Данилович"
12-08 10:33:48.900 11395 11489 D EGL_emulation: eglMakeCurrent: 0xdd81af60: ver 2 0 (tinfo 0xc30989a0)
12-08 10:33:48.984  2018  2058 E memtrack: Couldn't load memtrack module
12-08 10:33:48.985  2018  2058 W android.os.Debug: failed to get memory consumption info: -1
12-08 10:33:48.995 11395 11489 D EGL_emulation: eglMakeCurrent: 0xdd81af60: ver 2 0 (tinfo 0xc30989a0)
12-08 10:33:49.015  2018  2130 E InputDispatcher: Window handle Window{49cb2be u0 PopupWindow:db85a37} has no registered input channel
12-08 10:33:49.040 11395 11489 D EGL_emulation: eglMakeCurrent: 0xdd81af60: ver 2 0 (tinfo 0xc30989a0)
12-08 10:33:49.141 11395 11395 I ViewInteraction: Performing 'wait for a specific view with <(view.getId() is <2131231402> and view.getParent() view.getParent() view.getId() is <2131231406>)> during 10000 millis.' action on view view.getRootView() to equal view
12-08 10:33:49.144 11395 11440 W teco.fmhandroi: Accessing hidden method Lsun/misc/Unsafe;->compareAndSwapObject(Ljava/lang/Object;JLjava/lang/Object;Ljava/lang/Object;)Z (greylist, linking, allowed)
12-08 10:33:49.147 11395 11395 I ViewInteraction: Performing 'replace text(Заголовок 198d2359-cff4-4057-8789-cebd0ab47c66)' action on view (view.getId() is <2131231402/ru.iteco.fmhandroid:id/title_edit_text> and view.getParent() view.getParent() view.getId() is <2131231406/ru.iteco.fmhandroid:id/title_text_input_layout>)
12-08 10:33:49.166 11395 11440 W teco.fmhandroi: Accessing hidden method Lsun/misc/Unsafe;->compareAndSwapObject(Ljava/lang/Object;JLjava/lang/Object;Ljava/lang/Object;)Z (greylist, linking, allowed)
12-08 10:33:49.201 11395 11395 I ViewInteraction: Performing 'wait for a specific view with <view.getId() is <2131230975>> during 10000 millis.' action on view view.getRootView() to equal view
12-08 10:33:49.211 11395 11395 I ViewInteraction: Performing 'single click' action on view view.getId() is <2131230975/ru.iteco.fmhandroid:id/date_in_plan_text_input_edit_text>
12-08 10:33:49.585 11395 11408 I teco.fmhandroi: NativeAlloc concurrent copying GC freed 55575(2448KB) AllocSpace objects, 1(16KB) LOS objects, 33% free, 11MB/17MB, paused 680us total 167.408ms
12-08 10:33:49.610  1776  1927 D gralloc_ranchu: gralloc_alloc: Creating ashmem region of size 6778880
12-08 10:33:49.619  1776  1927 I chatty  : uid=1000(system) HwBinder:1776_3 identical 1 line
12-08 10:33:49.621  1776  1927 D gralloc_ranchu: gralloc_alloc: Creating ashmem region of size 6778880
12-08 10:33:49.651 11395 11489 D EGL_emulation: eglMakeCurrent: 0xdd81af60: ver 2 0 (tinfo 0xc30989a0)
12-08 10:33:49.856 11395 11489 I chatty  : uid=10146(ru.iteco.fmhandroid) RenderThread identical 3 lines
12-08 10:33:49.875 11395 11489 D EGL_emulation: eglMakeCurrent: 0xdd81af60: ver 2 0 (tinfo 0xc30989a0)
12-08 10:33:50.113 11395 11395 I ViewInteraction: Performing 'wait for a specific view with <is assignable from class <class android.widget.DatePicker>> during 10000 millis.' action on view view.getRootView() to equal view
12-08 10:33:50.118 11395 11395 I ViewInteraction: Checking 'MatchesViewAssertion{viewMatcher=(view has effective visibility <VISIBLE> and view.getGlobalVisibleRect() to return non-empty rectangle)}' assertion on view is assignable from class <class android.widget.DatePicker>
12-08 10:33:50.122 11395 11395 I ViewInteraction: Performing 'wait for a specific view with <is assignable from class <class android.widget.DatePicker>> during 10000 millis.' action on view view.getRootView() to equal view
12-08 10:33:50.127 11395 11395 I ViewInteraction: Performing 'set date' action on view is assignable from class <class android.widget.DatePicker>
12-08 10:33:50.154 11395 11395 I ViewInteraction: Performing 'wait for a specific view with <view.getId() is <16908313>> during 10000 millis.' action on view view.getRootView() to equal view
12-08 10:33:50.158 11395 11395 I ViewInteraction: Performing 'single click' action on view view.getId() is <16908313/android:id/button1>
12-08 10:33:50.246 11395 11489 D EGL_emulation: eglMakeCurrent: 0xdd81af60: ver 2 0 (tinfo 0xc30989a0)
12-08 10:33:50.265 11395 11489 D EGL_emulation: eglMakeCurrent: 0xdd81af60: ver 2 0 (tinfo 0xc30989a0)
12-08 10:33:50.265  1788  1978 D AF::Track: interceptBuffer: took 547us to intercept 0 tracks
12-08 10:33:50.301  2018  2130 E InputDispatcher: Window handle Window{c7dafda u0 ru.iteco.fmhandroid/ru.iteco.fmhandroid.ui.AppActivity} has no registered input channel
12-08 10:33:50.613 11395 11395 I ViewInteraction: Performing 'wait for a specific view with <(an instance of android.widget.TextView and view.getHint() matching: is "Time" and view.getParent() view.getParent() view.getId() is <2131231399>)> during 10000 millis.' action on view view.getRootView() to equal view
12-08 10:33:50.619 11395 11395 I ViewInteraction: Performing 'single click' action on view (an instance of android.widget.TextView and view.getHint() matching: is "Time" and view.getParent() view.getParent() view.getId() is <2131231399/ru.iteco.fmhandroid:id/time_in_plan_text_input_layout>)
12-08 10:33:50.891  1776  1927 D gralloc_ranchu: gralloc_alloc: Creating ashmem region of size 5718016
12-08 10:33:50.904  1776  1927 I chatty  : uid=1000(system) HwBinder:1776_3 identical 1 line
12-08 10:33:50.906  1776  1927 D gralloc_ranchu: gralloc_alloc: Creating ashmem region of size 5718016
12-08 10:33:50.936 11395 11489 D EGL_emulation: eglMakeCurrent: 0xdd81af60: ver 2 0 (tinfo 0xc30989a0)
12-08 10:33:51.043  2018  2160 E ClipboardService: Denying clipboard access to com.android.chrome, application is not in focus neither is a system service for user 0
12-08 10:33:51.042 11395 11489 I chatty  : uid=10146(ru.iteco.fmhandroid) RenderThread identical 2 lines
12-08 10:33:51.120 11395 11489 D EGL_emulation: eglMakeCurrent: 0xdd81af60: ver 2 0 (tinfo 0xc30989a0)
12-08 10:33:51.351 11395 11395 I ViewInteraction: Performing 'wait for a specific view with <is assignable from class <class android.widget.TimePicker>> during 10000 millis.' action on view view.getRootView() to equal view
12-08 10:33:51.356 11395 11395 I ViewInteraction: Checking 'MatchesViewAssertion{viewMatcher=(view has effective visibility <VISIBLE> and view.getGlobalVisibleRect() to return non-empty rectangle)}' assertion on view is assignable from class <class android.widget.TimePicker>
12-08 10:33:51.362 11395 11395 I ViewInteraction: Performing 'wait for a specific view with <is assignable from class <class android.widget.TimePicker>> during 10000 millis.' action on view view.getRootView() to equal view
12-08 10:33:51.367 11395 11395 I ViewInteraction: Performing 'set time' action on view is assignable from class <class android.widget.TimePicker>
12-08 10:33:51.373 11395 11395 I ViewInteraction: Performing 'wait for a specific view with <view.getId() is <16908313/android:id/button1>> during 10000 millis.' action on view view.getRootView() to equal view
12-08 10:33:51.378 11395 11395 I ViewInteraction: Performing 'single click' action on view view.getId() is <16908313/android:id/button1>
12-08 10:33:51.433 11395 11489 D EGL_emulation: eglMakeCurrent: 0xdd81af60: ver 2 0 (tinfo 0xc30989a0)
12-08 10:33:51.461 11395 11489 D EGL_emulation: eglMakeCurrent: 0xdd81af60: ver 2 0 (tinfo 0xc30989a0)
12-08 10:33:51.485  2018  2130 E InputDispatcher: Window handle Window{68ec071 u0 ru.iteco.fmhandroid/ru.iteco.fmhandroid.ui.AppActivity} has no registered input channel
12-08 10:33:51.493 11395 11489 D EGL_emulation: eglMakeCurrent: 0xdd81af60: ver 2 0 (tinfo 0xc30989a0)
12-08 10:33:51.846 11395 11395 I ViewInteraction: Performing 'wait for a specific view with <(an instance of android.widget.TextView and view.getHint() matching: is "Description" and view.getParent() view.getParent() view.getId() is <2131230988>)> during 10000 millis.' action on view view.getRootView() to equal view
12-08 10:33:51.860 11395 11395 I ViewInteraction: Performing 'replace text(Описание 4e683d38-d3b3-48be-bd2a-dc91d035dd35)' action on view (an instance of android.widget.TextView and view.getHint() matching: is "Description" and view.getParent() view.getParent() view.getId() is <2131230988/ru.iteco.fmhandroid:id/description_text_input_layout>)
12-08 10:33:51.929 11395 11395 I ViewInteraction: Performing 'wait for a specific view with <view.getId() is <2131231291>> during 10000 millis.' action on view view.getRootView() to equal view
12-08 10:33:51.935 11395 11395 I ViewInteraction: Performing 'single click' action on view view.getId() is <2131231291/ru.iteco.fmhandroid:id/save_button>
12-08 10:33:52.026 11395 11528 I okhttp.OkHttpClient: --> POST http://www.981757-ca08998.tmweb.ru:8080/fmh/claims
12-08 10:33:52.026 11395 11528 I okhttp.OkHttpClient: Content-Type: application/json; charset=UTF-8
12-08 10:33:52.026 11395 11528 I okhttp.OkHttpClient: Content-Length: 294
12-08 10:33:52.027 11395 11528 I okhttp.OkHttpClient: {"createDate":1670495632,"creatorId":2,"creatorName":"Иванов Данил Данилович","description":"Описание 4e683d38-d3b3-48be-bd2a-dc91d035dd35","executorId":2,"planExecuteDate":1670495580,"status":"OPEN","title":"Заголовок 198d2359-cff4-4057-8789-cebd0ab47c66"}
12-08 10:33:52.027 11395 11528 I okhttp.OkHttpClient: --> END POST (294-byte body)
12-08 10:33:52.035  1744 11529 E ResolverController: No valid NAT64 prefix (106, <unspecified>/0)
12-08 10:33:52.038  1788  1978 D AF::Track: interceptBuffer: took 557us to intercept 0 tracks
12-08 10:33:52.301 11395 11395 I ViewInteraction: Performing 'wait for a specific view with <view.getId() is <2131230916>> during 10000 millis.' action on view view.getRootView() to equal view
12-08 10:33:52.393 11395 11528 I okhttp.OkHttpClient: <-- 200 http://www.981757-ca08998.tmweb.ru:8080/fmh/claims (366ms)
12-08 10:33:52.393 11395 11528 I okhttp.OkHttpClient: Vary: Origin
12-08 10:33:52.393 11395 11528 I okhttp.OkHttpClient: Vary: Access-Control-Request-Method
12-08 10:33:52.393 11395 11528 I okhttp.OkHttpClient: Vary: Access-Control-Request-Headers
12-08 10:33:52.393 11395 11528 I okhttp.OkHttpClient: X-Content-Type-Options: nosniff
12-08 10:33:52.394 11395 11528 I okhttp.OkHttpClient: X-XSS-Protection: 1; mode=block
12-08 10:33:52.394 11395 11528 I okhttp.OkHttpClient: Cache-Control: no-cache, no-store, max-age=0, must-revalidate
12-08 10:33:52.394 11395 11528 I okhttp.OkHttpClient: Pragma: no-cache
12-08 10:33:52.394 11395 11528 I okhttp.OkHttpClient: Expires: 0
12-08 10:33:52.394 11395 11528 I okhttp.OkHttpClient: X-Frame-Options: DENY
12-08 10:33:52.394 11395 11528 I okhttp.OkHttpClient: Content-Type: application/json
12-08 10:33:52.394 11395 11528 I okhttp.OkHttpClient: Transfer-Encoding: chunked
12-08 10:33:52.394 11395 11528 I okhttp.OkHttpClient: Date: Thu, 08 Dec 2022 10:34:37 GMT
12-08 10:33:52.395 11395 11528 I okhttp.OkHttpClient: Keep-Alive: timeout=60
12-08 10:33:52.395 11395 11528 I okhttp.OkHttpClient: Connection: keep-alive
12-08 10:33:52.395 11395 11528 I okhttp.OkHttpClient: {"id":2725,"title":"Заголовок 198d2359-cff4-4057-8789-cebd0ab47c66","description":"Описание 4e683d38-d3b3-48be-bd2a-dc91d035dd35","creatorId":2,"executorId":2,"createDate":1670495632,"planExecuteDate":1670495580,"factExecuteDate":null,"status":"IN_PROGRESS","creatorName":"Иванов Данил Данилович","executorName":"Иванов Данил Данилович"}
12-08 10:33:52.396 11395 11528 I okhttp.OkHttpClient: <-- END HTTP (394-byte body)
12-08 10:33:52.535 11395 11395 I ViewInteraction: Checking 'MatchesViewAssertion{viewMatcher=(view has effective visibility <VISIBLE> and view.getGlobalVisibleRect() to return non-empty rectangle)}' assertion on view view.getId() is <2131230916/ru.iteco.fmhandroid:id/claim_list_recycler_view>
12-08 10:33:52.546 11395 11395 I ViewInteraction: Performing 'scroll RecyclerView to: holder with view: (view is an instance of android.view.ViewGroup and has descendant matching an instance of android.widget.TextView and view.getText() with or without transformation to match: is "Заголовок 198d2359-cff4-4057-8789-cebd0ab47c66")' action on view view.getId() is <2131230916/ru.iteco.fmhandroid:id/claim_list_recycler_view>
