--------- beginning of main
12-02 18:52:02.552 28567 28580 I teco.fmhandroi: Background concurrent copying GC freed 227807(7901KB) AllocSpace objects, 0(0B) LOS objects, 29% free, 14MB/20MB, paused 907us total 100.838ms
12-02 18:52:02.635 28567 28567 I ViewInteraction: Performing 'wait for a specific view with <((Child at position 11 in parent Child at position 0 in parent view.getId() is <2131230914/ru.iteco.fmhandroid:id/claim_list_card>) and (view.getParent() is an instance of android.view.ViewGroup and has a sibling matching an instance of android.widget.TextView and view.getText() with or without transformation to match: is "Открытая cceb381e-94bb-473b-ad1f-30c9d2cfda5a"))> during 10000 millis.' action on view view.getRootView() to equal view
12-02 18:52:02.648 28567 28567 I ViewInteraction: Performing 'single click' action on view ((Child at position 11 in parent Child at position 0 in parent view.getId() is <2131230914/ru.iteco.fmhandroid:id/claim_list_card>) and (view.getParent() is an instance of android.view.ViewGroup and has a sibling matching an instance of android.widget.TextView and view.getText() with or without transformation to match: is "Открытая cceb381e-94bb-473b-ad1f-30c9d2cfda5a"))
12-02 18:52:02.733 28567 28665 I okhttp.OkHttpClient: --> GET http://www.981757-ca08998.tmweb.ru:8080/fmh/claims/2500/comments
12-02 18:52:02.734 28567 28665 I okhttp.OkHttpClient: --> END GET
12-02 18:52:02.736  1750  3111 W audio_hw_generic: Not supplying enough data to HAL, expected position 386878032 , only wrote 386878012
12-02 18:52:02.890 28567 28665 I okhttp.OkHttpClient: <-- 200 http://www.981757-ca08998.tmweb.ru:8080/fmh/claims/2500/comments (155ms)
12-02 18:52:02.890 28567 28665 I okhttp.OkHttpClient: Vary: Origin
12-02 18:52:02.890 28567 28665 I okhttp.OkHttpClient: Vary: Access-Control-Request-Method
12-02 18:52:02.890 28567 28665 I okhttp.OkHttpClient: Vary: Access-Control-Request-Headers
12-02 18:52:02.890 28567 28665 I okhttp.OkHttpClient: X-Content-Type-Options: nosniff
12-02 18:52:02.891 28567 28665 I okhttp.OkHttpClient: X-XSS-Protection: 1; mode=block
12-02 18:52:02.891 28567 28665 I okhttp.OkHttpClient: Cache-Control: no-cache, no-store, max-age=0, must-revalidate
12-02 18:52:02.891 28567 28665 I okhttp.OkHttpClient: Pragma: no-cache
12-02 18:52:02.891 28567 28665 I okhttp.OkHttpClient: Expires: 0
12-02 18:52:02.891 28567 28665 I okhttp.OkHttpClient: X-Frame-Options: DENY
12-02 18:52:02.891 28567 28665 I okhttp.OkHttpClient: Content-Type: application/json
12-02 18:52:02.891 28567 28665 I okhttp.OkHttpClient: Transfer-Encoding: chunked
12-02 18:52:02.892 28567 28665 I okhttp.OkHttpClient: Date: Fri, 02 Dec 2022 15:52:04 GMT
12-02 18:52:02.892 28567 28665 I okhttp.OkHttpClient: Keep-Alive: timeout=60
12-02 18:52:02.892 28567 28665 I okhttp.OkHttpClient: Connection: keep-alive
12-02 18:52:02.894 28567 28665 I okhttp.OkHttpClient: []
12-02 18:52:02.894 28567 28665 I okhttp.OkHttpClient: <-- END HTTP (2-byte body)
12-02 18:52:03.054 28567 28567 I ViewInteraction: Performing 'wait for a specific view with <view.getId() is <2131231355/ru.iteco.fmhandroid:id/status_processing_image_button>> during 10000 millis.' action on view view.getRootView() to equal view
12-02 18:52:03.060 28567 28567 I ViewInteraction: Performing 'single click' action on view view.getId() is <2131231355/ru.iteco.fmhandroid:id/status_processing_image_button>
12-02 18:52:03.222  1772  1873 D gralloc_ranchu: gralloc_alloc: Creating ashmem region of size 2039808
12-02 18:52:03.238  1772  1873 I chatty  : uid=1000(system) HwBinder:1772_1 identical 1 line
12-02 18:52:03.239  1772  1873 D gralloc_ranchu: gralloc_alloc: Creating ashmem region of size 2039808
12-02 18:52:03.258 28567 28625 D EGL_emulation: eglMakeCurrent: 0xdb91b8c0: ver 2 0 (tinfo 0xc09d6ab0)
12-02 18:52:03.523 28567 28567 I ViewInteraction: Performing 'wait for a specific view with <an instance of android.widget.TextView and view.getText() with or without transformation to match: is "Cancel"> during 10000 millis.' action on view view.getRootView() to equal view
12-02 18:52:03.527 28567 28567 I ViewInteraction: Performing 'single click' action on view an instance of android.widget.TextView and view.getText() with or without transformation to match: is "Cancel"
12-02 18:52:03.645 28567 28665 I okhttp.OkHttpClient: --> PUT http://www.981757-ca08998.tmweb.ru:8080/fmh/claims/2500/status?status=CANCELLED
12-02 18:52:03.647 28567 28665 I okhttp.OkHttpClient: Content-Type: application/json; charset=UTF-8
12-02 18:52:03.647 28567 28665 I okhttp.OkHttpClient: Content-Length: 83
12-02 18:52:03.647 28567 28665 I okhttp.OkHttpClient: {"claimId":0,"createDate":0,"creatorId":0,"creatorName":"","description":"","id":0}
12-02 18:52:03.648 28567 28665 I okhttp.OkHttpClient: --> END PUT (83-byte body)
12-02 18:52:03.676 28567 28625 D EGL_emulation: eglMakeCurrent: 0xdb91b8c0: ver 2 0 (tinfo 0xc09d6ab0)
12-02 18:52:03.798 28567 28567 I ViewInteraction: Performing 'wait for a specific view with <view.getId() is <2131231354/ru.iteco.fmhandroid:id/status_label_text_view>> during 10000 millis.' action on view view.getRootView() to equal view
12-02 18:52:03.801 28567 28567 I ViewInteraction: Checking 'MatchesViewAssertion{viewMatcher=an instance of android.widget.TextView and view.getText() with or without transformation to match: is "Canceled"}' assertion on view view.getId() is <2131231354/ru.iteco.fmhandroid:id/status_label_text_view>
12-02 18:52:03.803 28567 28567 D takeScreenshot: Found 1 global views to redraw
12-02 18:52:03.812 28567 28625 D EGL_emulation: eglMakeCurrent: 0xdb91b8c0: ver 2 0 (tinfo 0xc09d6ab0)
12-02 18:52:03.821 28567 28665 I okhttp.OkHttpClient: <-- 200 http://www.981757-ca08998.tmweb.ru:8080/fmh/claims/2500/status?status=CANCELLED (173ms)
12-02 18:52:03.822 28567 28665 I okhttp.OkHttpClient: Vary: Origin
12-02 18:52:03.822 28567 28665 I okhttp.OkHttpClient: Vary: Access-Control-Request-Method
12-02 18:52:03.823 28567 28665 I okhttp.OkHttpClient: Vary: Access-Control-Request-Headers
12-02 18:52:03.823 28567 28665 I okhttp.OkHttpClient: X-Content-Type-Options: nosniff
12-02 18:52:03.823 28567 28665 I okhttp.OkHttpClient: X-XSS-Protection: 1; mode=block
12-02 18:52:03.823 28567 28665 I okhttp.OkHttpClient: Cache-Control: no-cache, no-store, max-age=0, must-revalidate
12-02 18:52:03.823 28567 28665 I okhttp.OkHttpClient: Pragma: no-cache
12-02 18:52:03.823 28567 28665 I okhttp.OkHttpClient: Expires: 0
12-02 18:52:03.823 28567 28665 I okhttp.OkHttpClient: X-Frame-Options: DENY
12-02 18:52:03.824 28567 28665 I okhttp.OkHttpClient: Content-Type: application/json
12-02 18:52:03.824 28567 28665 I okhttp.OkHttpClient: Transfer-Encoding: chunked
12-02 18:52:03.824 28567 28665 I okhttp.OkHttpClient: Date: Fri, 02 Dec 2022 15:52:04 GMT
12-02 18:52:03.824 28567 28665 I okhttp.OkHttpClient: Keep-Alive: timeout=60
12-02 18:52:03.826 28567 28665 I okhttp.OkHttpClient: Connection: keep-alive
12-02 18:52:03.828 28567 28665 I okhttp.OkHttpClient: {"id":2500,"title":"Открытая cceb381e-94bb-473b-ad1f-30c9d2cfda5a","description":"Открытая cceb381e-94bb-473b-ad1f-30c9d2cfda5a","creatorId":2,"executorId":null,"createDate":1669996319,"planExecuteDate":1669996260,"factExecuteDate":null,"status":"CANCELLED","creatorName":"Иванов Данил Данилович","executorName":null}
12-02 18:52:03.828 28567 28665 I okhttp.OkHttpClient: <-- END HTTP (353-byte body)
12-02 18:52:03.834 28567 28665 I okhttp.OkHttpClient: --> GET http://www.981757-ca08998.tmweb.ru:8080/fmh/claims/2500/comments
12-02 18:52:03.834 28567 28665 I okhttp.OkHttpClient: --> END GET
12-02 18:52:03.850  1772  1873 D gralloc_ranchu: gralloc_alloc: Creating ashmem region of size 14749696
12-02 18:52:03.939 28567 28612 W DefaultFailureHandler: Failed to take screenshot
12-02 18:52:03.939 28567 28612 W DefaultFailureHandler: java.io.FileNotFoundException: view-op-error-9.png: open failed: EROFS (Read-only file system)
12-02 18:52:03.939 28567 28612 W DefaultFailureHandler: 	at libcore.io.IoBridge.open(IoBridge.java:496)
12-02 18:52:03.939 28567 28612 W DefaultFailureHandler: 	at java.io.FileOutputStream.<init>(FileOutputStream.java:235)
12-02 18:52:03.939 28567 28612 W DefaultFailureHandler: 	at java.io.FileOutputStream.<init>(FileOutputStream.java:125)
12-02 18:52:03.939 28567 28612 W DefaultFailureHandler: 	at androidx.test.platform.io.FileTestStorage.openOutputFile(FileTestStorage.java:60)
12-02 18:52:03.939 28567 28612 W DefaultFailureHandler: 	at androidx.test.core.graphics.BitmapStorage.writeToTestStorage(BitmapStorageExt.kt:49)
12-02 18:52:03.939 28567 28612 W DefaultFailureHandler: 	at androidx.test.espresso.base.DefaultFailureHandler.takeScreenshot(DefaultFailureHandler.java:4)
12-02 18:52:03.939 28567 28612 W DefaultFailureHandler: 	at androidx.test.espresso.base.DefaultFailureHandler.handle(DefaultFailureHandler.java:3)
12-02 18:52:03.939 28567 28612 W DefaultFailureHandler: 	at androidx.test.espresso.ViewInteraction.waitForAndHandleInteractionResults(ViewInteraction.java:5)
12-02 18:52:03.939 28567 28612 W DefaultFailureHandler: 	at androidx.test.espresso.ViewInteraction.check(ViewInteraction.java:12)
12-02 18:52:03.939 28567 28612 W DefaultFailureHandler: 	at ru.iteco.fmhandroid.ui.ClaimEditTest.shouldChangeTheStatusOfTheClaimToCanceled(ClaimEditTest.java:153)
12-02 18:52:03.939 28567 28612 W DefaultFailureHandler: 	at java.lang.reflect.Method.invoke(Native Method)
12-02 18:52:03.939 28567 28612 W DefaultFailureHandler: 	at org.junit.runners.model.FrameworkMethod$1.runReflectiveCall(FrameworkMethod.java:59)
12-02 18:52:03.939 28567 28612 W DefaultFailureHandler: 	at org.junit.internal.runners.model.ReflectiveCallable.run(ReflectiveCallable.java:12)
12-02 18:52:03.939 28567 28612 W DefaultFailureHandler: 	at org.junit.runners.model.FrameworkMethod.invokeExplosively(FrameworkMethod.java:56)
12-02 18:52:03.939 28567 28612 W DefaultFailureHandler: 	at org.junit.internal.runners.statements.InvokeMethod.evaluate(InvokeMethod.java:17)
12-02 18:52:03.939 28567 28612 W DefaultFailureHandler: 	at androidx.test.internal.runner.junit4.statement.RunBefores.evaluate(RunBefores.java:80)
12-02 18:52:03.939 28567 28612 W DefaultFailureHandler: 	at androidx.test.rule.ActivityTestRule$ActivityStatement.evaluate(ActivityTestRule.java:543)
12-02 18:52:03.939 28567 28612 W DefaultFailureHandler: 	at io.qameta.allure.android.rules.LogcatRule$apply$1.evaluate(LogcatRule.kt:23)
12-02 18:52:03.939 28567 28612 W DefaultFailureHandler: 	at io.qameta.allure.android.rules.ScreenshotRule$apply$1.evaluate(ScreenshotRule.kt:22)
12-02 18:52:03.939 28567 28612 W DefaultFailureHandler: 	at io.qameta.allure.android.rules.ScreenshotRule$apply$1.evaluate(ScreenshotRule.kt:22)
12-02 18:52:03.939 28567 28612 W DefaultFailureHandler: 	at org.junit.rules.RunRules.evaluate(RunRules.java:20)
12-02 18:52:03.939 28567 28612 W DefaultFailureHandler: 	at org.junit.runners.ParentRunner$3.evaluate(ParentRunner.java:306)
12-02 18:52:03.939 28567 28612 W DefaultFailureHandler: 	at org.junit.runners.BlockJUnit4ClassRunner$1.evaluate(BlockJUnit4ClassRunner.java:100)
12-02 18:52:03.939 28567 28612 W DefaultFailureHandler: 	at org.junit.runners.ParentRunner.runLeaf(ParentRunner.java:366)
12-02 18:52:03.939 28567 28612 W DefaultFailureHandler: 	at org.junit.runners.BlockJUnit4ClassRunner.runChild(BlockJUnit4ClassRunner.java:103)
12-02 18:52:03.939 28567 28612 W DefaultFailureHandler: 	at org.junit.runners.BlockJUnit4ClassRunner.runChild(BlockJUnit4ClassRunner.java:63)
12-02 18:52:03.939 28567 28612 W DefaultFailureHandler: 	at org.junit.runners.ParentRunner$4.run(ParentRunner.java:331)
12-02 18:52:03.939 28567 28612 W DefaultFailureHandler: 	at org.junit.runners.ParentRunner$1.schedule(ParentRunner.java:79)
12-02 18:52:03.939 28567 28612 W DefaultFailureHandler: 	at org.junit.runners.ParentRunner.runChildren(ParentRunner.java:329)
12-02 18:52:03.939 28567 28612 W DefaultFailureHandler: 	at org.junit.runners.ParentRunner.access$100(ParentRunner.java:66)
12-02 18:52:03.939 28567 28612 W DefaultFailureHandler: 	at org.junit.runners.ParentRunner$2.evaluate(ParentRunner.java:293)
12-02 18:52:03.939 28567 28612 W DefaultFailureHandler: 	at org.junit.runners.ParentRunner$3.evaluate(ParentRunner.java:306)
12-02 18:52:03.939 28567 28612 W DefaultFailureHandler: 	at org.junit.runners.ParentRunner.run(ParentRunner.java:413)
12-02 18:52:03.939 28567 28612 W DefaultFailureHandler: 	at androidx.test.ext.junit.runners.AndroidJUnit4.run(AndroidJUnit4.java:162)
12-02 18:52:03.939 28567 28612 W DefaultFailureHandler: 	at io.qameta.allure.android.runners.AllureAndroidJUnit4.run(AllureAndroidJUnitRunners.kt:29)
12-02 18:52:03.939 28567 28612 W DefaultFailureHandler: 	at org.junit.runners.Suite.runChild(Suite.java:128)
12-02 18:52:03.939 28567 28612 W DefaultFailureHandler: 	at org.junit.runners.Suite.runChild(Suite.java:27)
12-02 18:52:03.939 28567 28612 W DefaultFailureHandler: 	at org.junit.runners.ParentRunner$4.run(ParentRunner.java:331)
12-02 18:52:03.939 28567 28612 W DefaultFailureHandler: 	at org.junit.runners.ParentRunner$1.schedule(ParentRunner.java:79)
12-02 18:52:03.939 28567 28612 W DefaultFailureHandler: 	at org.junit.runners.ParentRunner.runChildren(ParentRunner.java:329)
12-02 18:52:03.939 28567 28612 W DefaultFailureHandler: 	at org.junit.runners.ParentRunner.access$100(ParentRunner.java:66)
12-02 18:52:03.939 28567 28612 W DefaultFailureHandler: 	at org.junit.runners.ParentRunner$2.evaluate(ParentRunner.java:293)
12-02 18:52:03.939 28567 28612 W DefaultFailureHandler: 	at org.junit.runners.ParentRunner$3.evaluate(ParentRunner.java:306)
12-02 18:52:03.939 28567 28612 W DefaultFailureHandler: 	at org.junit.runners.ParentRunner.run(ParentRunner.java:413)
12-02 18:52:03.939 28567 28612 W DefaultFailureHandler: 	at org.junit.runner.JUnitCore.run(JUnitCore.java:137)
12-02 18:52:03.939 28567 28612 W DefaultFailureHandler: 	at org.junit.runner.JUnitCore.run(JUnitCore.java:115)
12-02 18:52:03.939 28567 28612 W DefaultFailureHandler: 	at androidx.test.internal.runner.TestExecutor.execute(TestExecutor.java:67)
12-02 18:52:03.939 28567 28612 W DefaultFailureHandler: 	at androidx.test.internal.runner.TestExecutor.execute(TestExecutor.java:58)
12-02 18:52:03.939 28567 28612 W DefaultFailureHandler: 	at androidx.test.runner.AndroidJUnitRunner.onStart(AndroidJUnitRunner.java:438)
12-02 18:52:03.939 28567 28612 W DefaultFailureHandler: 	at android.app.Instrumentation$InstrumentationThread.run(Instrumentation.java:2189)
12-02 18:52:03.939 28567 28612 W DefaultFailureHandler: Caused by: android.system.ErrnoException: open failed: EROFS (Read-only file system)
12-02 18:52:03.940 28567 28612 W DefaultFailureHandler: 	at libcore.io.Linux.open(Native Method)
12-02 18:52:03.940 28567 28612 W DefaultFailureHandler: 	at libcore.io.ForwardingOs.open(ForwardingOs.java:167)
12-02 18:52:03.940 28567 28612 W DefaultFailureHandler: 	at libcore.io.BlockGuardOs.open(BlockGuardOs.java:252)
12-02 18:52:03.940 28567 28612 W DefaultFailureHandler: 	at libcore.io.ForwardingOs.open(ForwardingOs.java:167)
12-02 18:52:03.940 28567 28612 W DefaultFailureHandler: 	at android.app.ActivityThread$AndroidOs.open(ActivityThread.java:7255)
12-02 18:52:03.940 28567 28612 W DefaultFailureHandler: 	at libcore.io.IoBridge.open(IoBridge.java:482)
12-02 18:52:03.940 28567 28612 W DefaultFailureHandler: 	... 49 more
12-02 18:52:03.943  2010  5522 W InputReader: Device has associated, but no associated display id.
12-02 18:52:03.944  2010  5522 I chatty  : uid=1000(system) Binder:2010_14 identical 8 lines
12-02 18:52:03.944  2010  5522 W InputReader: Device has associated, but no associated display id.
12-02 18:52:03.951 28567 28567 D LifecycleMonitor: Lifecycle status change: ru.iteco.fmhandroid.ui.AppActivity@a84d4f0 in: PAUSED
12-02 18:52:03.955  2010  5522 W InputReader: Device has associated, but no associated display id.
12-02 18:52:03.958  2010  5522 I chatty  : uid=1000(system) Binder:2010_14 identical 28 lines
12-02 18:52:03.958  2010  5522 W InputReader: Device has associated, but no associated display id.
12-02 18:52:03.970 28567 28607 V FA      : Recording user engagement, ms: 22000
12-02 18:52:04.016 28567 28665 I okhttp.OkHttpClient: <-- 200 http://www.981757-ca08998.tmweb.ru:8080/fmh/claims/2500/comments (181ms)
12-02 18:52:04.016 28567 28665 I okhttp.OkHttpClient: Vary: Origin
12-02 18:52:04.016 28567 28665 I okhttp.OkHttpClient: Vary: Access-Control-Request-Method
12-02 18:52:04.016 28567 28665 I okhttp.OkHttpClient: Vary: Access-Control-Request-Headers
12-02 18:52:04.017 28567 28665 I okhttp.OkHttpClient: X-Content-Type-Options: nosniff
12-02 18:52:04.017 28567 28665 I okhttp.OkHttpClient: X-XSS-Protection: 1; mode=block
12-02 18:52:04.017 28567 28665 I okhttp.OkHttpClient: Cache-Control: no-cache, no-store, max-age=0, must-revalidate
12-02 18:52:04.017 28567 28665 I okhttp.OkHttpClient: Pragma: no-cache
12-02 18:52:04.017 28567 28665 I okhttp.OkHttpClient: Expires: 0
12-02 18:52:04.018 28567 28665 I okhttp.OkHttpClient: X-Frame-Options: DENY
12-02 18:52:04.018 28567 28665 I okhttp.OkHttpClient: Content-Type: application/json
12-02 18:52:04.019 28567 28665 I okhttp.OkHttpClient: Transfer-Encoding: chunked
12-02 18:52:04.019 28567 28665 I okhttp.OkHttpClient: Date: Fri, 02 Dec 2022 15:52:05 GMT
12-02 18:52:04.020 28567 28665 I okhttp.OkHttpClient: Keep-Alive: timeout=60
12-02 18:52:04.020 28567 28665 I okhttp.OkHttpClient: Connection: keep-alive
12-02 18:52:04.021 28567 28665 I okhttp.OkHttpClient: []
12-02 18:52:04.021 28567 28665 I okhttp.OkHttpClient: <-- END HTTP (2-byte body)
--------- beginning of system
12-02 18:52:04.048  2010  2346 D ConnectivityService: requestNetwork for uid/pid:10127/543 NetworkRequest [ TRACK_DEFAULT id=213, [ Capabilities: INTERNET&NOT_RESTRICTED&TRUSTED Uid: 10127] ]
12-02 18:52:04.049  2010  2126 D UntrustedWifiNetworkFactory: got request NetworkRequest [ TRACK_DEFAULT id=213, [ Capabilities: INTERNET&NOT_RESTRICTED&TRUSTED Uid: 10127] ] with score 50 and serial 2
12-02 18:52:04.049  2010  2126 D WifiNetworkFactory: got request NetworkRequest [ TRACK_DEFAULT id=213, [ Capabilities: INTERNET&NOT_RESTRICTED&TRUSTED Uid: 10127] ] with score 50 and serial 2
12-02 18:52:04.055  2352  2352 D PhoneSwitcherNetworkRequstListener: got request NetworkRequest [ TRACK_DEFAULT id=213, [ Capabilities: INTERNET&NOT_RESTRICTED&TRUSTED Uid: 10127] ] with score 50 and serial 2
12-02 18:52:04.140  1772  1873 D gralloc_ranchu: gralloc_alloc: Creating ashmem region of size 14749696
12-02 18:52:04.230   543   578 D EGL_emulation: eglMakeCurrent: 0xeec7f2e0: ver 2 0 (tinfo 0xe39facd0)
12-02 18:52:04.260  1772  1873 D gralloc_ranchu: gralloc_alloc: Creating ashmem region of size 14749696
12-02 18:52:04.287 28567 28607 V FA      : Connecting to remote service
12-02 18:52:04.312 28567 28607 V FA      : Connection attempt already in progress
12-02 18:52:04.313 28567 28607 V FA      : Activity paused, time: 88760366
12-02 18:52:04.347 28567 28580 I teco.fmhandroi: NativeAlloc concurrent copying GC freed 179924(8022KB) AllocSpace objects, 9(216KB) LOS objects, 31% free, 12MB/18MB, paused 1.866ms total 345.589ms
12-02 18:52:04.376   642   672 D EGL_emulation: eglCreateContext: 0xdb91b920: maj 2 min 0 rcv 2
12-02 18:52:04.377   642   672 D EGL_emulation: eglMakeCurrent: 0xdb91b920: ver 2 0 (tinfo 0xeec89de0)
12-02 18:52:04.378  1772  1873 D gralloc_ranchu: gralloc_alloc: Creating ashmem region of size 14749696
12-02 18:52:04.388 28567 28607 D FA      : Connected to remote service
12-02 18:52:04.390 28567 28607 V FA      : Processing queued up service tasks: 2
12-02 18:52:04.482   642   672 E chromium: [ERROR:gl_surface_egl.cc(342)] eglChooseConfig failed with error EGL_SUCCESS
12-02 18:52:04.486  1772  1873 D gralloc_ranchu: gralloc_alloc: Creating ashmem region of size 13778944
12-02 18:52:04.553   642   672 D EGL_emulation: eglCreateContext: 0xeec7e8c0: maj 2 min 0 rcv 2
12-02 18:52:04.573   642   672 D EGL_emulation: eglMakeCurrent: 0xeec7e8c0: ver 2 0 (tinfo 0xeec89de0)
12-02 18:52:04.582  1772  1873 D gralloc_ranchu: gralloc_alloc: Creating ashmem region of size 14749696
12-02 18:52:04.612  2881 28615 V FA-SVC  : Logging event: origin=auto,name=user_engagement(_e),params=Bundle[{ga_event_origin(_o)=auto, engagement_time_msec(_et)=22000, ga_screen_class(_sc)=AppActivity, ga_screen_id(_si)=7972326853347590805}]
12-02 18:52:04.634   642   672 D EGL_emulation: eglMakeCurrent: 0xdb91b920: ver 2 0 (tinfo 0xeec89de0)
12-02 18:52:04.640   642   672 D EGL_emulation: eglMakeCurrent: 0xeec7e8c0: ver 2 0 (tinfo 0xeec89de0)
12-02 18:52:04.682   642   672 D EGL_emulation: eglMakeCurrent: 0xeec7fbe0: ver 2 0 (tinfo 0xeec89de0)
12-02 18:52:04.703   642   672 D EGL_emulation: eglMakeCurrent: 0xeec7e8c0: ver 2 0 (tinfo 0xeec89de0)
12-02 18:52:04.747  1772  1873 D gralloc_ranchu: gralloc_alloc: Creating ashmem region of size 14749696
12-02 18:52:04.808  1772  1873 D gralloc_ranchu: gralloc_alloc: Creating ashmem region of size 13778944
12-02 18:52:04.828   642   672 D EGL_emulation: eglMakeCurrent: 0xeec7fbe0: ver 2 0 (tinfo 0xeec89de0)
12-02 18:52:04.858   642   672 D EGL_emulation: eglMakeCurrent: 0xeec7e8c0: ver 2 0 (tinfo 0xeec89de0)
12-02 18:52:04.877  2010  2037 W InputReader: Device has associated, but no associated display id.
12-02 18:52:04.889  2010  2037 I chatty  : uid=1000(system) android.anim identical 11 lines
12-02 18:52:04.889  2010  2037 W InputReader: Device has associated, but no associated display id.
12-02 18:52:04.889  1772  1873 D gralloc_ranchu: gralloc_alloc: Creating ashmem region of size 13778944
12-02 18:52:04.890  2010  2037 W InputReader: Device has associated, but no associated display id.
12-02 18:52:04.890  2010  2037 I chatty  : uid=1000(system) android.anim identical 5 lines
12-02 18:52:04.890  2010  2037 W InputReader: Device has associated, but no associated display id.
12-02 18:52:04.902   642   672 D EGL_emulation: eglMakeCurrent: 0xeec7fbe0: ver 2 0 (tinfo 0xeec89de0)
12-02 18:52:04.902  1772  1873 D gralloc_ranchu: gralloc_alloc: Creating ashmem region of size 9441280
12-02 18:52:04.920   642   672 D EGL_emulation: eglMakeCurrent: 0xeec7e8c0: ver 2 0 (tinfo 0xeec89de0)
12-02 18:52:04.922   642   672 D EGL_emulation: eglMakeCurrent: 0xeec7fbe0: ver 2 0 (tinfo 0xeec89de0)
12-02 18:52:04.962 28567 28625 D EGL_emulation: eglMakeCurrent: 0xdb91b8c0: ver 2 0 (tinfo 0xc09d6ab0)
12-02 18:52:05.000  2169  2501 D EGL_emulation: eglMakeCurrent: 0xdb91a600: ver 2 0 (tinfo 0xdb90f8d0)
12-02 18:52:05.015 28567 28567 D LifecycleMonitor: Lifecycle status change: ru.iteco.fmhandroid.ui.AppActivity@a84d4f0 in: STOPPED
12-02 18:52:05.029   642   672 D EGL_emulation: eglMakeCurrent: 0xeec7e8c0: ver 2 0 (tinfo 0xeec89de0)
12-02 18:52:05.032  2169  2501 D EGL_emulation: eglMakeCurrent: 0xdb91a600: ver 2 0 (tinfo 0xdb90f8d0)
12-02 18:52:05.050 28567 28567 W System.err: ru.iteco.fmhandroid.exceptions.UnknownException
12-02 18:52:05.050 28567 28567 W System.err: 	at ru.iteco.fmhandroid.utils.Utils.makeRequest(Utils.kt:123)
12-02 18:52:05.050 28567 28567 W System.err: 	at ru.iteco.fmhandroid.utils.Utils$makeRequest$1.invokeSuspend(Unknown Source:15)
12-02 18:52:05.050 28567 28567 W System.err: 	at kotlin.coroutines.jvm.internal.BaseContinuationImpl.resumeWith(ContinuationImpl.kt:33)
12-02 18:52:05.050 28567 28567 W System.err: 	at kotlinx.coroutines.DispatchedTaskKt.resume(DispatchedTask.kt:234)
12-02 18:52:05.050 28567 28567 W System.err: 	at kotlinx.coroutines.DispatchedTaskKt.resumeUnconfined(DispatchedTask.kt:190)
12-02 18:52:05.050 28567 28567 W System.err: 	at kotlinx.coroutines.DispatchedTaskKt.dispatch(DispatchedTask.kt:161)
12-02 18:52:05.050 28567 28567 W System.err: 	at kotlinx.coroutines.CancellableContinuationImpl.dispatchResume(CancellableContinuationImpl.kt:397)
12-02 18:52:05.050 28567 28567 W System.err: 	at kotlinx.coroutines.CancellableContinuationImpl.cancel(CancellableContinuationImpl.kt:183)
12-02 18:52:05.050 28567 28567 W System.err: 	at kotlinx.coroutines.CancellableContinuationImpl.parentCancelled$kotlinx_coroutines_core(CancellableContinuationImpl.kt:190)
12-02 18:52:05.050 28567 28567 W System.err: 	at kotlinx.coroutines.ChildContinuation.invoke(JobSupport.kt:1474)
12-02 18:52:05.050 28567 28567 W System.err: 	at kotlinx.coroutines.JobSupport.notifyCancelling(JobSupport.kt:1499)
12-02 18:52:05.050 28567 28567 W System.err: 	at kotlinx.coroutines.JobSupport.tryMakeCancelling(JobSupport.kt:795)
12-02 18:52:05.050 28567 28567 W System.err: 	at kotlinx.coroutines.JobSupport.makeCancelling(JobSupport.kt:755)
12-02 18:52:05.050 28567 28567 W System.err: 	at kotlinx.coroutines.JobSupport.cancelImpl$kotlinx_coroutines_core(JobSupport.kt:671)
12-02 18:52:05.050 28567 28567 W System.err: 	at kotlinx.coroutines.JobSupport.parentCancelled(JobSupport.kt:637)
12-02 18:52:05.050 28567 28567 W System.err: 	at kotlinx.coroutines.ChildHandleNode.invoke(JobSupport.kt:1465)
12-02 18:52:05.050 28567 28567 W System.err: 	at kotlinx.coroutines.JobSupport.notifyCancelling(JobSupport.kt:1499)
12-02 18:52:05.050 28567 28567 W System.err: 	at kotlinx.coroutines.JobSupport.tryMakeCompletingSlowPath(JobSupport.kt:900)
12-02 18:52:05.051 28567 28567 W System.err: 	at kotlinx.coroutines.JobSupport.tryMakeCompleting(JobSupport.kt:863)
12-02 18:52:05.051 28567 28567 W System.err: 	at kotlinx.coroutines.JobSupport.cancelMakeCompleting(JobSupport.kt:696)
12-02 18:52:05.051 28567 28567 W System.err: 	at kotlinx.coroutines.JobSupport.cancelImpl$kotlinx_coroutines_core(JobSupport.kt:667)
12-02 18:52:05.051 28567 28567 W System.err: 	at kotlinx.coroutines.JobSupport.cancelInternal(JobSupport.kt:632)
12-02 18:52:05.051 28567 28567 W System.err: 	at kotlinx.coroutines.JobSupport.cancel(JobSupport.kt:617)
12-02 18:52:05.051 28567 28567 W System.err: 	at kotlinx.coroutines.JobKt__JobKt.cancel(Job.kt:561)
12-02 18:52:05.051 28567 28567 W System.err: 	at kotlinx.coroutines.JobKt.cancel(Unknown Source:1)
12-02 18:52:05.051 28567 28567 W System.err: 	at kotlinx.coroutines.JobKt__JobKt.cancel$default(Job.kt:560)
12-02 18:52:05.051 28567 28567 W System.err: 	at kotlinx.coroutines.JobKt.cancel$default(Unknown Source:1)
12-02 18:52:05.051 28567 28567 W System.err: 	at androidx.lifecycle.CloseableCoroutineScope.close(ViewModel.kt:51)
12-02 18:52:05.051 28567 28567 W System.err: 	at androidx.lifecycle.ViewModel.closeWithRuntimeException(ViewModel.java:188)
12-02 18:52:05.051 28567 28567 W System.err: 	at androidx.lifecycle.ViewModel.clear(ViewModel.java:134)
12-02 18:52:05.051 28567 28567 W System.err: 	at androidx.lifecycle.ViewModelStore.clear(ViewModelStore.java:62)
12-02 18:52:05.051 28567 28567 W System.err: 	at androidx.fragment.app.FragmentManagerViewModel.clearNonConfigStateInternal(FragmentManagerViewModel.java:210)
12-02 18:52:05.051 28567 28567 W System.err: 	at androidx.fragment.app.FragmentManagerViewModel.clearNonConfigState(FragmentManagerViewModel.java:190)
12-02 18:52:05.051 28567 28567 W System.err: 	at androidx.fragment.app.FragmentStateManager.destroy(FragmentStateManager.java:778)
12-02 18:52:05.051 28567 28567 W System.err: 	at androidx.fragment.app.FragmentStateManager.moveToExpectedState(FragmentStateManager.java:335)
12-02 18:52:05.051 28567 28567 W System.err: 	at androidx.fragment.app.FragmentStore.moveToExpectedState(FragmentStore.java:121)
12-02 18:52:05.051 28567 28567 W System.err: 	at androidx.fragment.app.FragmentManager.moveToState(FragmentManager.java:1374)
12-02 18:52:05.051 28567 28567 W System.err: 	at androidx.fragment.app.FragmentManager.dispatchStateChange(FragmentManager.java:2841)
12-02 18:52:05.051 28567 28567 W System.err: 	at androidx.fragment.app.FragmentManager.dispatchDestroy(FragmentManager.java:2820)
12-02 18:52:05.051 28567 28567 W System.err: 	at androidx.fragment.app.Fragment.performDestroy(Fragment.java:3246)
12-02 18:52:05.051 28567 28567 W System.err: 	at androidx.fragment.app.FragmentStateManager.destroy(FragmentStateManager.java:780)
12-02 18:52:05.051 28567 28567 W System.err: 	at androidx.fragment.app.FragmentStateManager.moveToExpectedState(FragmentStateManager.java:335)
12-02 18:52:05.051 28567 28567 W System.err: 	at androidx.fragment.app.SpecialEffectsController$FragmentStateManagerOperation.complete(SpecialEffectsController.java:771)
12-02 18:52:05.051 28567 28567 W System.err: 	at androidx.fragment.app.SpecialEffectsController$Operation.cancel(SpecialEffectsController.java:615)
12-02 18:52:05.051 28567 28567 W System.err: 	at androidx.fragment.app.SpecialEffectsController.forceCompleteAllOperations(SpecialEffectsController.java:350)
12-02 18:52:05.051 28567 28567 W System.err: 	at androidx.fragment.app.FragmentManager.dispatchStateChange(FragmentManager.java:2844)
12-02 18:52:05.051 28567 28567 W System.err: 	at androidx.fragment.app.FragmentManager.dispatchDestroy(FragmentManager.java:2820)
12-02 18:52:05.051 28567 28567 W System.err: 	at androidx.fragment.app.FragmentController.dispatchDestroy(FragmentController.java:345)
12-02 18:52:05.051 28567 28567 W System.err: 	at androidx.fragment.app.FragmentActivity.onDestroy(FragmentActivity.java:306)
12-02 18:52:05.052 28567 28567 W System.err: 	at androidx.appcompat.app.AppCompatActivity.onDestroy(AppCompatActivity.java:278)
12-02 18:52:05.052 28567 28567 W System.err: 	at android.app.Activity.performDestroy(Activity.java:8048)
12-02 18:52:05.052 28567 28567 W System.err: 	at android.app.Instrumentation.callActivityOnDestroy(Instrumentation.java:1334)
12-02 18:52:05.052 28567 28567 W System.err: 	at androidx.test.runner.MonitoringInstrumentation.callActivityOnDestroy(MonitoringInstrumentation.java:766)
12-02 18:52:05.052 28567 28567 W System.err: 	at android.app.ActivityThread.performDestroyActivity(ActivityThread.java:4926)
12-02 18:52:05.052 28567 28567 W System.err: 	at android.app.ActivityThread.handleDestroyActivity(ActivityThread.java:4970)
12-02 18:52:05.052 28567 28567 W System.err: 	at android.app.servertransaction.DestroyActivityItem.execute(DestroyActivityItem.java:44)
12-02 18:52:05.052 28567 28567 W System.err: 	at android.app.servertransaction.TransactionExecutor.executeLifecycleState(TransactionExecutor.java:176)
12-02 18:52:05.052 28567 28567 W System.err: 	at android.app.servertransaction.TransactionExecutor.execute(TransactionExecutor.java:97)
12-02 18:52:05.052 28567 28567 W System.err: 	at android.app.ActivityThread$H.handleMessage(ActivityThread.java:2016)
12-02 18:52:05.052 28567 28567 W System.err: 	at android.os.Handler.dispatchMessage(Handler.java:107)
12-02 18:52:05.052 28567 28567 W System.err: 	at android.os.Looper.loop(Looper.java:214)
12-02 18:52:05.052 28567 28567 W System.err: 	at android.app.ActivityThread.main(ActivityThread.java:7356)
12-02 18:52:05.052 28567 28567 W System.err: 	at java.lang.reflect.Method.invoke(Native Method)
12-02 18:52:05.052 28567 28567 W System.err: 	at com.android.internal.os.RuntimeInit$MethodAndArgsCaller.run(RuntimeInit.java:492)
12-02 18:52:05.052 28567 28567 W System.err: 	at com.android.internal.os.ZygoteInit.main(ZygoteInit.java:930)
12-02 18:52:05.072  2010  6726 D HostConnection: HostConnection::get() New Host Connection established 0xb4601c80, tid 6726
12-02 18:52:05.081  2010  6726 D HostConnection: HostComposition ext ANDROID_EMU_CHECKSUM_HELPER_v1 ANDROID_EMU_dma_v1 ANDROID_EMU_direct_mem ANDROID_EMU_host_composition_v1 ANDROID_EMU_host_composition_v2 ANDROID_EMU_vulkan ANDROID_EMU_deferred_vulkan_commands ANDROID_EMU_vulkan_null_optional_strings ANDROID_EMU_vulkan_create_resources_with_requirements ANDROID_EMU_YUV_Cache ANDROID_EMU_vulkan_ignored_handles ANDROID_EMU_vulkan_free_memory_sync ANDROID_EMU_vulkan_shader_float16_int8 ANDROID_EMU_vulkan_async_queue_submit ANDROID_EMU_sync_buffer_data GL_OES_vertex_array_object GL_KHR_texture_compression_astc_ldr ANDROID_EMU_host_side_tracing ANDROID_EMU_gles_max_version_2 
12-02 18:52:05.081  2010  6726 W OpenGLRenderer: Failed to choose config with EGL_SWAP_BEHAVIOR_PRESERVED, retrying without...
12-02 18:52:05.081  2881 28615 V FA-SVC  : Upload scheduled in approximately ms: 1597231
12-02 18:52:05.081  2881 28615 V FA-SVC  : Unscheduling upload
12-02 18:52:05.086  2881 28615 V FA-SVC  : Scheduling upload, millis: 1597231
12-02 18:52:05.096 28567 28567 W System.err: ru.iteco.fmhandroid.exceptions.UnknownException
12-02 18:52:05.096 28567 28567 W System.err: 	at ru.iteco.fmhandroid.utils.Utils.makeRequest(Utils.kt:123)
12-02 18:52:05.096 28567 28567 W System.err: 	at ru.iteco.fmhandroid.utils.Utils$makeRequest$1.invokeSuspend(Unknown Source:15)
12-02 18:52:05.096 28567 28567 W System.err: 	at kotlin.coroutines.jvm.internal.BaseContinuationImpl.resumeWith(ContinuationImpl.kt:33)
12-02 18:52:05.096 28567 28567 W System.err: 	at kotlinx.coroutines.DispatchedTaskKt.resume(DispatchedTask.kt:234)
12-02 18:52:05.096 28567 28567 W System.err: 	at kotlinx.coroutines.DispatchedTaskKt.resumeUnconfined(DispatchedTask.kt:190)
12-02 18:52:05.096 28567 28567 W System.err: 	at kotlinx.coroutines.DispatchedTaskKt.dispatch(DispatchedTask.kt:161)
12-02 18:52:05.096 28567 28567 W System.err: 	at kotlinx.coroutines.CancellableContinuationImpl.dispatchResume(CancellableContinuationImpl.kt:397)
12-02 18:52:05.096 28567 28567 W System.err: 	at kotlinx.coroutines.CancellableContinuationImpl.cancel(CancellableContinuationImpl.kt:183)
12-02 18:52:05.096 28567 28567 W System.err: 	at kotlinx.coroutines.CancellableContinuationImpl.parentCancelled$kotlinx_coroutines_core(CancellableContinuationImpl.kt:190)
12-02 18:52:05.096 28567 28567 W System.err: 	at kotlinx.coroutines.ChildContinuation.invoke(JobSupport.kt:1474)
12-02 18:52:05.096 28567 28567 W System.err: 	at kotlinx.coroutines.JobSupport.notifyCancelling(JobSupport.kt:1499)
12-02 18:52:05.096 28567 28567 W System.err: 	at kotlinx.coroutines.JobSupport.tryMakeCancelling(JobSupport.kt:795)
12-02 18:52:05.096 28567 28567 W System.err: 	at kotlinx.coroutines.JobSupport.makeCancelling(JobSupport.kt:755)
12-02 18:52:05.096 28567 28567 W System.err: 	at kotlinx.coroutines.JobSupport.cancelImpl$kotlinx_coroutines_core(JobSupport.kt:671)
12-02 18:52:05.096 28567 28567 W System.err: 	at kotlinx.coroutines.JobSupport.parentCancelled(JobSupport.kt:637)
12-02 18:52:05.096 28567 28567 W System.err: 	at kotlinx.coroutines.ChildHandleNode.invoke(JobSupport.kt:1465)
12-02 18:52:05.096 28567 28567 W System.err: 	at kotlinx.coroutines.JobSupport.notifyCancelling(JobSupport.kt:1499)
12-02 18:52:05.097 28567 28567 W System.err: 	at kotlinx.coroutines.JobSupport.tryMakeCompletingSlowPath(JobSupport.kt:900)
12-02 18:52:05.097 28567 28567 W System.err: 	at kotlinx.coroutines.JobSupport.tryMakeCompleting(JobSupport.kt:863)
12-02 18:52:05.097 28567 28567 W System.err: 	at kotlinx.coroutines.JobSupport.cancelMakeCompleting(JobSupport.kt:696)
12-02 18:52:05.097 28567 28567 W System.err: 	at kotlinx.coroutines.JobSupport.cancelImpl$kotlinx_coroutines_core(JobSupport.kt:667)
12-02 18:52:05.097 28567 28567 W System.err: 	at kotlinx.coroutines.JobSupport.cancelInternal(JobSupport.kt:632)
12-02 18:52:05.097 28567 28567 W System.err: 	at kotlinx.coroutines.JobSupport.cancel(JobSupport.kt:617)
12-02 18:52:05.097 28567 28567 W System.err: 	at kotlinx.coroutines.JobKt__JobKt.cancel(Job.kt:561)
12-02 18:52:05.097 28567 28567 W System.err: 	at kotlinx.coroutines.JobKt.cancel(Unknown Source:1)
12-02 18:52:05.097 28567 28567 W System.err: 	at kotlinx.coroutines.JobKt__JobKt.cancel$default(Job.kt:560)
12-02 18:52:05.097 28567 28567 W System.err: 	at kotlinx.coroutines.JobKt.cancel$default(Unknown Source:1)
12-02 18:52:05.097 28567 28567 W System.err: 	at androidx.lifecycle.CloseableCoroutineScope.close(ViewModel.kt:51)
12-02 18:52:05.097 28567 28567 W System.err: 	at androidx.lifecycle.ViewModel.closeWithRuntimeException(ViewModel.java:188)
12-02 18:52:05.098 28567 28567 W System.err: 	at androidx.lifecycle.ViewModel.clear(ViewModel.java:134)
12-02 18:52:05.098 28567 28567 W System.err: 	at androidx.lifecycle.ViewModelStore.clear(ViewModelStore.java:62)
12-02 18:52:05.098 28567 28567 W System.err: 	at androidx.fragment.app.FragmentManagerViewModel.clearNonConfigStateInternal(FragmentManagerViewModel.java:210)
12-02 18:52:05.098 28567 28567 W System.err: 	at androidx.fragment.app.FragmentManagerViewModel.clearNonConfigState(FragmentManagerViewModel.java:190)
12-02 18:52:05.098 28567 28567 W System.err: 	at androidx.fragment.app.FragmentStateManager.destroy(FragmentStateManager.java:778)
12-02 18:52:05.098 28567 28567 W System.err: 	at androidx.fragment.app.FragmentStateManager.moveToExpectedState(FragmentStateManager.java:335)
12-02 18:52:05.098 28567 28567 W System.err: 	at androidx.fragment.app.FragmentStore.moveToExpectedState(FragmentStore.java:121)
12-02 18:52:05.098 28567 28567 W System.err: 	at androidx.fragment.app.FragmentManager.moveToState(FragmentManager.java:1374)
12-02 18:52:05.100 28567 28567 W System.err: 	at androidx.fragment.app.FragmentManager.dispatchStateChange(FragmentManager.java:2841)
12-02 18:52:05.100 28567 28567 W System.err: 	at androidx.fragment.app.FragmentManager.dispatchDestroy(FragmentManager.java:2820)
12-02 18:52:05.100 28567 28567 W System.err: 	at androidx.fragment.app.Fragment.performDestroy(Fragment.java:3246)
12-02 18:52:05.100 28567 28567 W System.err: 	at androidx.fragment.app.FragmentStateManager.destroy(FragmentStateManager.java:780)
12-02 18:52:05.100 28567 28567 W System.err: 	at androidx.fragment.app.FragmentStateManager.moveToExpectedState(FragmentStateManager.java:335)
12-02 18:52:05.100 28567 28567 W System.err: 	at androidx.fragment.app.SpecialEffectsController$FragmentStateManagerOperation.complete(SpecialEffectsController.java:771)
12-02 18:52:05.100 28567 28567 W System.err: 	at androidx.fragment.app.SpecialEffectsController$Operation.cancel(SpecialEffectsController.java:615)
12-02 18:52:05.100 28567 28567 W System.err: 	at androidx.fragment.app.SpecialEffectsController.forceCompleteAllOperations(SpecialEffectsController.java:350)
12-02 18:52:05.100 28567 28567 W System.err: 	at androidx.fragment.app.FragmentManager.dispatchStateChange(FragmentManager.java:2844)
12-02 18:52:05.100 28567 28567 W System.err: 	at androidx.fragment.app.FragmentManager.dispatchDestroy(FragmentManager.java:2820)
12-02 18:52:05.101 28567 28567 W System.err: 	at androidx.fragment.app.FragmentController.dispatchDestroy(FragmentController.java:345)
12-02 18:52:05.101 28567 28567 W System.err: 	at androidx.fragment.app.FragmentActivity.onDestroy(FragmentActivity.java:306)
12-02 18:52:05.101 28567 28567 W System.err: 	at androidx.appcompat.app.AppCompatActivity.onDestroy(AppCompatActivity.java:278)
12-02 18:52:05.101 28567 28567 W System.err: 	at android.app.Activity.performDestroy(Activity.java:8048)
12-02 18:52:05.101 28567 28567 W System.err: 	at android.app.Instrumentation.callActivityOnDestroy(Instrumentation.java:1334)
12-02 18:52:05.101 28567 28567 W System.err: 	at androidx.test.runner.MonitoringInstrumentation.callActivityOnDestroy(MonitoringInstrumentation.java:766)
12-02 18:52:05.101 28567 28567 W System.err: 	at android.app.ActivityThread.performDestroyActivity(ActivityThread.java:4926)
12-02 18:52:05.101 28567 28567 W System.err: 	at android.app.ActivityThread.handleDestroyActivity(ActivityThread.java:4970)
12-02 18:52:05.101 28567 28567 W System.err: 	at android.app.servertransaction.DestroyActivityItem.execute(DestroyActivityItem.java:44)
12-02 18:52:05.101 28567 28567 W System.err: 	at android.app.servertransaction.TransactionExecutor.executeLifecycleState(TransactionExecutor.java:176)
12-02 18:52:05.101 28567 28567 W System.err: 	at android.app.servertransaction.TransactionExecutor.execute(TransactionExecutor.java:97)
12-02 18:52:05.101 28567 28567 W System.err: 	at android.app.ActivityThread$H.handleMessage(ActivityThread.java:2016)
12-02 18:52:05.101 28567 28567 W System.err: 	at android.os.Handler.dispatchMessage(Handler.java:107)
12-02 18:52:05.101 28567 28567 W System.err: 	at android.os.Looper.loop(Looper.java:214)
12-02 18:52:05.101 28567 28567 W System.err: 	at android.app.ActivityThread.main(ActivityThread.java:7356)
12-02 18:52:05.101 28567 28567 W System.err: 	at java.lang.reflect.Method.invoke(Native Method)
12-02 18:52:05.101 28567 28567 W System.err: 	at com.android.internal.os.RuntimeInit$MethodAndArgsCaller.run(RuntimeInit.java:492)
12-02 18:52:05.101 28567 28567 W System.err: 	at com.android.internal.os.ZygoteInit.main(ZygoteInit.java:930)
12-02 18:52:05.115  2010  6726 D EGL_emulation: eglCreateContext: 0xd856c500: maj 2 min 0 rcv 2
12-02 18:52:05.118  2010  6726 D EGL_emulation: eglMakeCurrent: 0xd856c500: ver 2 0 (tinfo 0xbf01f330)
12-02 18:52:05.119 28567 28567 W System.err: ru.iteco.fmhandroid.exceptions.UnknownException
12-02 18:52:05.119 28567 28567 W System.err: 	at ru.iteco.fmhandroid.utils.Utils.makeRequest(Utils.kt:123)
12-02 18:52:05.119 28567 28567 W System.err: 	at ru.iteco.fmhandroid.utils.Utils$makeRequest$1.invokeSuspend(Unknown Source:15)
12-02 18:52:05.119 28567 28567 W System.err: 	at kotlin.coroutines.jvm.internal.BaseContinuationImpl.resumeWith(ContinuationImpl.kt:33)
12-02 18:52:05.119 28567 28567 W System.err: 	at kotlinx.coroutines.DispatchedTaskKt.resume(DispatchedTask.kt:234)
12-02 18:52:05.119 28567 28567 W System.err: 	at kotlinx.coroutines.DispatchedTaskKt.resumeUnconfined(DispatchedTask.kt:190)
12-02 18:52:05.120 28567 28567 W System.err: 	at kotlinx.coroutines.DispatchedTaskKt.dispatch(DispatchedTask.kt:161)
12-02 18:52:05.120 28567 28567 W System.err: 	at kotlinx.coroutines.CancellableContinuationImpl.dispatchResume(CancellableContinuationImpl.kt:397)
12-02 18:52:05.120 28567 28567 W System.err: 	at kotlinx.coroutines.CancellableContinuationImpl.cancel(CancellableContinuationImpl.kt:183)
12-02 18:52:05.121 28567 28567 W System.err: 	at kotlinx.coroutines.CancellableContinuationImpl.parentCancelled$kotlinx_coroutines_core(CancellableContinuationImpl.kt:190)
12-02 18:52:05.121 28567 28567 W System.err: 	at kotlinx.coroutines.ChildContinuation.invoke(JobSupport.kt:1474)
12-02 18:52:05.122 28567 28567 W System.err: 	at kotlinx.coroutines.JobSupport.notifyCancelling(JobSupport.kt:1499)
12-02 18:52:05.122 28567 28567 W System.err: 	at kotlinx.coroutines.JobSupport.tryMakeCancelling(JobSupport.kt:795)
12-02 18:52:05.122 28567 28567 W System.err: 	at kotlinx.coroutines.JobSupport.makeCancelling(JobSupport.kt:755)
12-02 18:52:05.122 28567 28567 W System.err: 	at kotlinx.coroutines.JobSupport.cancelImpl$kotlinx_coroutines_core(JobSupport.kt:671)
12-02 18:52:05.122 28567 28567 W System.err: 	at kotlinx.coroutines.JobSupport.parentCancelled(JobSupport.kt:637)
12-02 18:52:05.122 28567 28567 W System.err: 	at kotlinx.coroutines.ChildHandleNode.invoke(JobSupport.kt:1465)
12-02 18:52:05.122 28567 28567 W System.err: 	at kotlinx.coroutines.JobSupport.notifyCancelling(JobSupport.kt:1499)
12-02 18:52:05.122 28567 28567 W System.err: 	at kotlinx.coroutines.JobSupport.tryMakeCompletingSlowPath(JobSupport.kt:900)
12-02 18:52:05.122 28567 28567 W System.err: 	at kotlinx.coroutines.JobSupport.tryMakeCompleting(JobSupport.kt:863)
12-02 18:52:05.122 28567 28567 W System.err: 	at kotlinx.coroutines.JobSupport.cancelMakeCompleting(JobSupport.kt:696)
12-02 18:52:05.122 28567 28567 W System.err: 	at kotlinx.coroutines.JobSupport.cancelImpl$kotlinx_coroutines_core(JobSupport.kt:667)
12-02 18:52:05.122 28567 28567 W System.err: 	at kotlinx.coroutines.JobSupport.cancelInternal(JobSupport.kt:632)
12-02 18:52:05.122 28567 28567 W System.err: 	at kotlinx.coroutines.JobSupport.cancel(JobSupport.kt:617)
12-02 18:52:05.122 28567 28567 W System.err: 	at kotlinx.coroutines.JobKt__JobKt.cancel(Job.kt:561)
12-02 18:52:05.122 28567 28567 W System.err: 	at kotlinx.coroutines.JobKt.cancel(Unknown Source:1)
12-02 18:52:05.122 28567 28567 W System.err: 	at kotlinx.coroutines.JobKt__JobKt.cancel$default(Job.kt:560)
12-02 18:52:05.122 28567 28567 W System.err: 	at kotlinx.coroutines.JobKt.cancel$default(Unknown Source:1)
12-02 18:52:05.122 28567 28567 W System.err: 	at androidx.lifecycle.CloseableCoroutineScope.close(ViewModel.kt:51)
12-02 18:52:05.123 28567 28567 W System.err: 	at androidx.lifecycle.ViewModel.closeWithRuntimeException(ViewModel.java:188)
12-02 18:52:05.123 28567 28567 W System.err: 	at androidx.lifecycle.ViewModel.clear(ViewModel.java:134)
12-02 18:52:05.123 28567 28567 W System.err: 	at androidx.lifecycle.ViewModelStore.clear(ViewModelStore.java:62)
12-02 18:52:05.123 28567 28567 W System.err: 	at androidx.fragment.app.FragmentManagerViewModel.clearNonConfigStateInternal(FragmentManagerViewModel.java:210)
12-02 18:52:05.123 28567 28567 W System.err: 	at androidx.fragment.app.FragmentManagerViewModel.clearNonConfigState(FragmentManagerViewModel.java:190)
12-02 18:52:05.123 28567 28567 W System.err: 	at androidx.fragment.app.FragmentStateManager.destroy(FragmentStateManager.java:778)
12-02 18:52:05.123 28567 28567 W System.err: 	at androidx.fragment.app.FragmentStateManager.moveToExpectedState(FragmentStateManager.java:335)
12-02 18:52:05.123 28567 28567 W System.err: 	at androidx.fragment.app.FragmentStore.moveToExpectedState(FragmentStore.java:121)
12-02 18:52:05.123 28567 28567 W System.err: 	at androidx.fragment.app.FragmentManager.moveToState(FragmentManager.java:1374)
12-02 18:52:05.123 28567 28567 W System.err: 	at androidx.fragment.app.FragmentManager.dispatchStateChange(FragmentManager.java:2841)
12-02 18:52:05.123 28567 28567 W System.err: 	at androidx.fragment.app.FragmentManager.dispatchDestroy(FragmentManager.java:2820)
12-02 18:52:05.123 28567 28567 W System.err: 	at androidx.fragment.app.Fragment.performDestroy(Fragment.java:3246)
12-02 18:52:05.123 28567 28567 W System.err: 	at androidx.fragment.app.FragmentStateManager.destroy(FragmentStateManager.java:780)
12-02 18:52:05.123 28567 28567 W System.err: 	at androidx.fragment.app.FragmentStateManager.moveToExpectedState(FragmentStateManager.java:335)
12-02 18:52:05.123 28567 28567 W System.err: 	at androidx.fragment.app.SpecialEffectsController$FragmentStateManagerOperation.complete(SpecialEffectsController.java:771)
12-02 18:52:05.123 28567 28567 W System.err: 	at androidx.fragment.app.SpecialEffectsController$Operation.cancel(SpecialEffectsController.java:615)
12-02 18:52:05.123 28567 28567 W System.err: 	at androidx.fragment.app.SpecialEffectsController.forceCompleteAllOperations(SpecialEffectsController.java:350)
12-02 18:52:05.123 28567 28567 W System.err: 	at androidx.fragment.app.FragmentManager.dispatchStateChange(FragmentManager.java:2844)
12-02 18:52:05.124 28567 28567 W System.err: 	at androidx.fragment.app.FragmentManager.dispatchDestroy(FragmentManager.java:2820)
12-02 18:52:05.124 28567 28567 W System.err: 	at androidx.fragment.app.FragmentController.dispatchDestroy(FragmentController.java:345)
12-02 18:52:05.126 28567 28567 W System.err: 	at androidx.fragment.app.FragmentActivity.onDestroy(FragmentActivity.java:306)
12-02 18:52:05.126 28567 28567 W System.err: 	at androidx.appcompat.app.AppCompatActivity.onDestroy(AppCompatActivity.java:278)
12-02 18:52:05.126 28567 28567 W System.err: 	at android.app.Activity.performDestroy(Activity.java:8048)
12-02 18:52:05.126 28567 28567 W System.err: 	at android.app.Instrumentation.callActivityOnDestroy(Instrumentation.java:1334)
12-02 18:52:05.126 28567 28567 W System.err: 	at androidx.test.runner.MonitoringInstrumentation.callActivityOnDestroy(MonitoringInstrumentation.java:766)
12-02 18:52:05.126 28567 28567 W System.err: 	at android.app.ActivityThread.performDestroyActivity(ActivityThread.java:4926)
12-02 18:52:05.126 28567 28567 W System.err: 	at android.app.ActivityThread.handleDestroyActivity(ActivityThread.java:4970)
12-02 18:52:05.126 28567 28567 W System.err: 	at android.app.servertransaction.DestroyActivityItem.execute(DestroyActivityItem.java:44)
12-02 18:52:05.126 28567 28567 W System.err: 	at android.app.servertransaction.TransactionExecutor.executeLifecycleState(TransactionExecutor.java:176)
12-02 18:52:05.126 28567 28567 W System.err: 	at android.app.servertransaction.TransactionExecutor.execute(TransactionExecutor.java:97)
12-02 18:52:05.126 28567 28567 W System.err: 	at android.app.ActivityThread$H.handleMessage(ActivityThread.java:2016)
12-02 18:52:05.126 28567 28567 W System.err: 	at android.os.Handler.dispatchMessage(Handler.java:107)
12-02 18:52:05.126 28567 28567 W System.err: 	at android.os.Looper.loop(Looper.java:214)
12-02 18:52:05.127 28567 28567 W System.err: 	at android.app.ActivityThread.main(ActivityThread.java:7356)
12-02 18:52:05.127 28567 28567 W System.err: 	at java.lang.reflect.Method.invoke(Native Method)
12-02 18:52:05.127 28567 28567 W System.err: 	at com.android.internal.os.RuntimeInit$MethodAndArgsCaller.run(RuntimeInit.java:492)
12-02 18:52:05.127 28567 28567 W System.err: 	at com.android.internal.os.ZygoteInit.main(ZygoteInit.java:930)
12-02 18:52:05.134 28567 28567 D LifecycleMonitor: Lifecycle status change: ru.iteco.fmhandroid.ui.AppActivity@a84d4f0 in: DESTROYED
12-02 18:52:05.134  2881 28615 V FA-SVC  : Background event processing time, ms: 522
12-02 18:52:05.171  2584 26895 E SQLiteDatabase: Error inserting flex_time=1597000 job_id=-1 period=3195000 source=16 requires_charging=0 preferred_network_type=1 target_class=com.google.android.gms.measurement.PackageMeasurementTaskService user_id=0 target_package=com.google.android.gms tag=Measurement.PackageMeasurementTaskService.UPLOAD_TASK_TAG task_type=0 required_idleness_state=0 service_kind=0 source_version=202414000 persistence_level=1 preferred_charging_state=1 required_network_type=0 runtime=1669996325165 retry_strategy={"maximum_backoff_seconds":{"3600":0},"initial_backoff_seconds":{"30":0},"retry_policy":{"0":0}} last_runtime=0
12-02 18:52:05.171  2584 26895 E SQLiteDatabase: android.database.sqlite.SQLiteConstraintException: UNIQUE constraint failed: pending_ops.tag, pending_ops.target_class, pending_ops.target_package, pending_ops.user_id (code 2067 SQLITE_CONSTRAINT_UNIQUE)
