12-02 18:52:18.932 28567 28567 I ViewInteraction: Performing 'wait for a specific view with <view.getId() is <2131230949>> during 10000 millis.' action on view view.getRootView() to equal view
12-02 18:52:18.936 28567 28567 I ViewInteraction: Checking 'MatchesViewAssertion{viewMatcher=(view has effective visibility <VISIBLE> and view.getGlobalVisibleRect() to return non-empty rectangle)}' assertion on view view.getId() is <2131230949/ru.iteco.fmhandroid:id/container_list_claim_include_on_fragment_main>
12-02 18:52:18.939 28567 28567 I ViewInteraction: Performing 'wait for a specific view with <an instance of android.widget.TextView and view.getText() with or without transformation to match: is "Claims"> during 10000 millis.' action on view view.getRootView() to equal view
12-02 18:52:18.947 28567 28567 I ViewInteraction: Checking 'MatchesViewAssertion{viewMatcher=(view has effective visibility <VISIBLE> and view.getGlobalVisibleRect() to return non-empty rectangle)}' assertion on view an instance of android.widget.TextView and view.getText() with or without transformation to match: is "Claims"
12-02 18:52:18.951 28567 28567 I ViewInteraction: Performing 'wait for a specific view with <view.getId() is <2131231123/ru.iteco.fmhandroid:id/main_menu_image_button>> during 10000 millis.' action on view view.getRootView() to equal view
12-02 18:52:18.956 28567 28567 I ViewInteraction: Performing 'single click' action on view view.getId() is <2131231123/ru.iteco.fmhandroid:id/main_menu_image_button>
12-02 18:52:19.060  1772  1873 D gralloc_ranchu: gralloc_alloc: Creating ashmem region of size 3264512
12-02 18:52:19.067  1772  1873 I chatty  : uid=1000(system) HwBinder:1772_1 identical 1 line
12-02 18:52:19.069  1772  1873 D gralloc_ranchu: gralloc_alloc: Creating ashmem region of size 3264512
12-02 18:52:19.089 28567 28625 D EGL_emulation: eglMakeCurrent: 0xdb91b8c0: ver 2 0 (tinfo 0xc09d6ab0)
12-02 18:52:19.180 28567 28625 I chatty  : uid=10159(ru.iteco.fmhandroid) RenderThread identical 3 lines
12-02 18:52:19.199 28567 28625 D EGL_emulation: eglMakeCurrent: 0xdb91b8c0: ver 2 0 (tinfo 0xc09d6ab0)
12-02 18:52:19.423 28567 28567 I ViewInteraction: Performing 'wait for a specific view with <an instance of android.widget.TextView and view.getText() with or without transformation to match: is "Claims"> during 10000 millis.' action on view view.getRootView() to equal view
12-02 18:52:19.429 28567 28567 I ViewInteraction: Performing 'single click' action on view an instance of android.widget.TextView and view.getText() with or without transformation to match: is "Claims"
12-02 18:52:19.587 28567 28659 I okhttp.OkHttpClient: --> GET http://www.981757-ca08998.tmweb.ru:8080/fmh/claims
12-02 18:52:19.587 28567 28659 I okhttp.OkHttpClient: --> END GET
12-02 18:52:19.637 28567 28625 D EGL_emulation: eglMakeCurrent: 0xdb91b8c0: ver 2 0 (tinfo 0xc09d6ab0)
12-02 18:52:19.657 28567 28625 D EGL_emulation: eglMakeCurrent: 0xdb91b8c0: ver 2 0 (tinfo 0xc09d6ab0)
12-02 18:52:19.793 28567 28567 I ViewInteraction: Performing 'wait for a specific view with <view.getId() is <2131230849/ru.iteco.fmhandroid:id/add_new_claim_material_button>> during 10000 millis.' action on view view.getRootView() to equal view
12-02 18:52:19.800 28567 28567 I ViewInteraction: Performing 'single click' action on view view.getId() is <2131230849/ru.iteco.fmhandroid:id/add_new_claim_material_button>
12-02 18:52:19.879 28567 28638 I okhttp.OkHttpClient: --> GET http://www.981757-ca08998.tmweb.ru:8080/fmh/users
12-02 18:52:19.879 28567 28638 I okhttp.OkHttpClient: --> END GET
12-02 18:52:20.095 28567 28638 I okhttp.OkHttpClient: <-- 200 http://www.981757-ca08998.tmweb.ru:8080/fmh/users (215ms)
12-02 18:52:20.095 28567 28638 I okhttp.OkHttpClient: Vary: Origin
12-02 18:52:20.095 28567 28638 I okhttp.OkHttpClient: Vary: Access-Control-Request-Method
12-02 18:52:20.095 28567 28638 I okhttp.OkHttpClient: Vary: Access-Control-Request-Headers
12-02 18:52:20.095 28567 28638 I okhttp.OkHttpClient: X-Content-Type-Options: nosniff
12-02 18:52:20.096 28567 28638 I okhttp.OkHttpClient: X-XSS-Protection: 1; mode=block
12-02 18:52:20.096 28567 28638 I okhttp.OkHttpClient: Cache-Control: no-cache, no-store, max-age=0, must-revalidate
12-02 18:52:20.096 28567 28638 I okhttp.OkHttpClient: Pragma: no-cache
12-02 18:52:20.096 28567 28638 I okhttp.OkHttpClient: Expires: 0
12-02 18:52:20.096 28567 28638 I okhttp.OkHttpClient: X-Frame-Options: DENY
12-02 18:52:20.096 28567 28638 I okhttp.OkHttpClient: Content-Type: application/json
12-02 18:52:20.096 28567 28638 I okhttp.OkHttpClient: Transfer-Encoding: chunked
12-02 18:52:20.096 28567 28638 I okhttp.OkHttpClient: Date: Fri, 02 Dec 2022 15:52:21 GMT
12-02 18:52:20.096 28567 28638 I okhttp.OkHttpClient: Keep-Alive: timeout=60
12-02 18:52:20.096 28567 28638 I okhttp.OkHttpClient: Connection: keep-alive
12-02 18:52:20.101 28567 28638 I okhttp.OkHttpClient: [{"id":1,"firstName":"Петр","lastName":"Смирнов","middleName":"Петрович","admin":true},{"id":2,"firstName":"Данил","lastName":"Иванов","middleName":"Данилович","admin":true},{"id":3,"firstName":"Егор","lastName":"Петров","middleName":"Егорович","admin":false},{"id":4,"firstName":"Дмитрий","lastName":"Сидоров","middleName":"Дмитриевич","admin":false},{"id":5,"firstName":"Тест","lastName":"Тестов","middleName":"Тестович","admin":true},{"id":6,"firstName":"Diplom","lastName":"Netology","middleName":"QAMID","admin":true}]
12-02 18:52:20.101 28567 28638 I okhttp.OkHttpClient: <-- END HTTP (622-byte body)
12-02 18:52:20.306 28567 28567 I ViewInteraction: Performing 'wait for a specific view with <view.getId() is <2131231041/ru.iteco.fmhandroid:id/executor_drop_menu_auto_complete_text_view>> during 10000 millis.' action on view view.getRootView() to equal view
12-02 18:52:20.311 28567 28567 I ViewInteraction: Performing 'single click' action on view view.getId() is <2131231041/ru.iteco.fmhandroid:id/executor_drop_menu_auto_complete_text_view>
12-02 18:52:20.399  1743  1944 I netd    : firewallSetUidRule(2, 10145, 1) <0.02ms>
12-02 18:52:20.439  1772  1873 D gralloc_ranchu: gralloc_alloc: Creating ashmem region of size 7032832
12-02 18:52:20.449  1772  1873 D gralloc_ranchu: gralloc_alloc: Creating ashmem region of size 7032832
12-02 18:52:20.452 28567 28625 D EGL_emulation: eglMakeCurrent: 0xdb91b8c0: ver 2 0 (tinfo 0xc09d6ab0)
12-02 18:52:20.453  1772  1873 D gralloc_ranchu: gralloc_alloc: Creating ashmem region of size 7032832
12-02 18:52:20.499 28567 28567 I AssistStructure: Flattened final assist data: 6984 bytes, containing 2 windows, 53 views
12-02 18:52:20.505  2010  4313 D AutofillSession: Starting partition or augmented request for view id 1073741827@797817953: STARTED_SESSION
12-02 18:52:20.507  2486  2486 W GInputConnectionWrapper: IPC IC_GET_TEXT_BEFORE_CURSOR_AND_FIX_SELECTION_INDICES took 107 ms
12-02 18:52:20.515  2010  2010 D AutofillSession: cancelCurrentRequest(): id = 1089
12-02 18:52:20.531 28567 28625 D EGL_emulation: eglMakeCurrent: 0xdb91b8c0: ver 2 0 (tinfo 0xc09d6ab0)
12-02 18:52:20.550 28567 28567 I AssistStructure: Flattened final assist data: 6984 bytes, containing 2 windows, 53 views
12-02 18:52:20.567  2584  2584 W ktk     : Pending fill request while another request in the same session was triggered. [CONTEXT service_id=177 ]
12-02 18:52:20.570 28567 28625 D EGL_emulation: eglMakeCurrent: 0xdb91b8c0: ver 2 0 (tinfo 0xc09d6ab0)
12-02 18:52:20.576  2486  2486 I KeyboardViewUtil: systemKeyboardHeightRatio:1.000000; userKeyboardHeightRatio:1.000000.
12-02 18:52:20.576  2486  2486 I AndroidIME: LatinIme.onActivate() : EditorInfo = Package = ru.iteco.fmhandroid : Type = Text : Learning = Disable : Suggestion = Show : AutoCorrection = Disable : Microphone = Show : NoPersonalizedLearning = Disable
12-02 18:52:20.598  2486  2486 I Conv2QueryExtension: Current locale: en_US, config allows these locales: de,en,es,fr,it,ms,pt,ta
12-02 18:52:20.598  2486  2486 I Conv2QueryExtension: Conv2Query not enabled due to current app [ru.iteco.fmhandroid] not in whitelist
12-02 18:52:20.598  2486  2486 I Conv2QueryExtension: onActivate() : Disabled by unsupported host app
12-02 18:52:20.609  2169  2501 D EGL_emulation: eglMakeCurrent: 0xdb91a600: ver 2 0 (tinfo 0xdb90f8d0)
12-02 18:52:20.619  1772  1873 D gralloc_ranchu: gralloc_alloc: Creating ashmem region of size 14262272
12-02 18:52:20.630  1772  1873 D gralloc_ranchu: gralloc_alloc: Creating ashmem region of size 14262272
12-02 18:52:20.635  2486  6704 D EGL_emulation: eglMakeCurrent: 0xdb91b920: ver 2 0 (tinfo 0xdb90fce0)
12-02 18:52:20.638  1772  1873 D gralloc_ranchu: gralloc_alloc: Creating ashmem region of size 14262272
12-02 18:52:20.684 28567 28625 D EGL_emulation: eglMakeCurrent: 0xdb91b8c0: ver 2 0 (tinfo 0xc09d6ab0)
12-02 18:52:20.697  2010  2034 D AutofillUI: destroySaveUiUiThread(): already destroyed
12-02 18:52:20.737  1772  1873 D gralloc_ranchu: gralloc_alloc: Creating ashmem region of size 4997120
12-02 18:52:20.769 28567 28625 D EGL_emulation: eglMakeCurrent: 0xdb91b8c0: ver 2 0 (tinfo 0xc09d6ab0)
12-02 18:52:20.792  1772  1873 D gralloc_ranchu: gralloc_alloc: Creating ashmem region of size 4997120
12-02 18:52:20.796 28567 28625 D EGL_emulation: eglMakeCurrent: 0xdb91b8c0: ver 2 0 (tinfo 0xc09d6ab0)
12-02 18:52:20.804 28567 28580 I teco.fmhandroi: Background concurrent copying GC freed 40028(1980KB) AllocSpace objects, 1(16KB) LOS objects, 37% free, 10MB/16MB, paused 3.613ms total 129.742ms
12-02 18:52:20.815 28567 28625 D EGL_emulation: eglMakeCurrent: 0xdb91b8c0: ver 2 0 (tinfo 0xc09d6ab0)
12-02 18:52:20.835  1772  1873 D gralloc_ranchu: gralloc_alloc: Creating ashmem region of size 4997120
12-02 18:52:20.879 28567 28625 D EGL_emulation: eglMakeCurrent: 0xdb91b8c0: ver 2 0 (tinfo 0xc09d6ab0)
12-02 18:52:20.902 28567 28567 I ViewInteraction: Performing 'close keyboard' action on view view.getRootView() to equal view
12-02 18:52:20.910  2486  2486 I PhenotypeExpConfig: refreshConfiguration() : Force = false : UpdateAvailable = false : Age = 170 minutes : MaxAge = 720 minutes
12-02 18:52:20.913  1743  1944 I netd    : firewallSetUidRule(2, 10145, 2) <0.04ms>
12-02 18:52:20.913  2486  2486 I AndroidIME: LatinIme.onDeactivate()
12-02 18:52:20.931  2486  6704 D EGL_emulation: eglMakeCurrent: 0xdb91b920: ver 2 0 (tinfo 0xdb90fce0)
12-02 18:52:20.999  1772  1873 D gralloc_ranchu: gralloc_alloc: Creating ashmem region of size 7032832
12-02 18:52:21.006 28567 28625 D EGL_emulation: eglMakeCurrent: 0xdb91b8c0: ver 2 0 (tinfo 0xc09d6ab0)
12-02 18:52:21.037  1772  1873 D gralloc_ranchu: gralloc_alloc: Creating ashmem region of size 7032832
12-02 18:52:21.040 28567 28625 D EGL_emulation: eglMakeCurrent: 0xdb91b8c0: ver 2 0 (tinfo 0xc09d6ab0)
12-02 18:52:21.062 28567 28625 D EGL_emulation: eglMakeCurrent: 0xdb91b8c0: ver 2 0 (tinfo 0xc09d6ab0)
12-02 18:52:21.075  1772  1873 D gralloc_ranchu: gralloc_alloc: Creating ashmem region of size 7032832
12-02 18:52:21.379 28567 28625 D EGL_emulation: eglMakeCurrent: 0xdb91b8c0: ver 2 0 (tinfo 0xc09d6ab0)
12-02 18:52:21.794 28567 28643 I okhttp.OkHttpClient: <-- 200 http://www.981757-ca08998.tmweb.ru:8080/fmh/claims (3116ms)
12-02 18:52:21.795 28567 28643 I okhttp.OkHttpClient: Vary: Origin
12-02 18:52:21.795 28567 28643 I okhttp.OkHttpClient: Vary: Access-Control-Request-Method
12-02 18:52:21.795 28567 28643 I okhttp.OkHttpClient: Vary: Access-Control-Request-Headers
12-02 18:52:21.795 28567 28643 I okhttp.OkHttpClient: X-Content-Type-Options: nosniff
12-02 18:52:21.795 28567 28643 I okhttp.OkHttpClient: X-XSS-Protection: 1; mode=block
12-02 18:52:21.795 28567 28643 I okhttp.OkHttpClient: Cache-Control: no-cache, no-store, max-age=0, must-revalidate
12-02 18:52:21.795 28567 28643 I okhttp.OkHttpClient: Pragma: no-cache
12-02 18:52:21.795 28567 28643 I okhttp.OkHttpClient: Expires: 0
12-02 18:52:21.795 28567 28643 I okhttp.OkHttpClient: X-Frame-Options: DENY
12-02 18:52:21.795 28567 28643 I okhttp.OkHttpClient: Content-Type: application/json
12-02 18:52:21.796 28567 28643 I okhttp.OkHttpClient: Transfer-Encoding: chunked
12-02 18:52:21.796 28567 28643 I okhttp.OkHttpClient: Date: Fri, 02 Dec 2022 15:52:23 GMT
12-02 18:52:21.796 28567 28643 I okhttp.OkHttpClient: Keep-Alive: timeout=60
12-02 18:52:21.796 28567 28643 I okhttp.OkHttpClient: Connection: keep-alive
12-02 18:52:22.591 28567 28625 D EGL_emulation: eglMakeCurrent: 0xdb91b8c0: ver 2 0 (tinfo 0xc09d6ab0)
12-02 18:52:22.752 28567 28659 I okhttp.OkHttpClient: <-- 200 http://www.981757-ca08998.tmweb.ru:8080/fmh/claims (3164ms)
12-02 18:52:22.752 28567 28659 I okhttp.OkHttpClient: Vary: Origin
12-02 18:52:22.753 28567 28659 I okhttp.OkHttpClient: Vary: Access-Control-Request-Method
12-02 18:52:22.753 28567 28659 I okhttp.OkHttpClient: Vary: Access-Control-Request-Headers
12-02 18:52:22.753 28567 28659 I okhttp.OkHttpClient: X-Content-Type-Options: nosniff
12-02 18:52:22.753 28567 28659 I okhttp.OkHttpClient: X-XSS-Protection: 1; mode=block
12-02 18:52:22.753 28567 28659 I okhttp.OkHttpClient: Cache-Control: no-cache, no-store, max-age=0, must-revalidate
12-02 18:52:22.753 28567 28659 I okhttp.OkHttpClient: Pragma: no-cache
12-02 18:52:22.753 28567 28659 I okhttp.OkHttpClient: Expires: 0
12-02 18:52:22.753 28567 28659 I okhttp.OkHttpClient: X-Frame-Options: DENY
12-02 18:52:22.753 28567 28659 I okhttp.OkHttpClient: Content-Type: application/json
12-02 18:52:22.753 28567 28659 I okhttp.OkHttpClient: Transfer-Encoding: chunked
12-02 18:52:22.753 28567 28659 I okhttp.OkHttpClient: Date: Fri, 02 Dec 2022 15:52:23 GMT
12-02 18:52:22.753 28567 28659 I okhttp.OkHttpClient: Keep-Alive: timeout=60
12-02 18:52:22.753 28567 28659 I okhttp.OkHttpClient: Connection: keep-alive
12-02 18:52:22.895 28567 28625 D EGL_emulation: eglMakeCurrent: 0xdb91b8c0: ver 2 0 (tinfo 0xc09d6ab0)
12-02 18:52:23.646  1750  1750 W audio_hw_generic: Not supplying enough data to HAL, expected position 387640630 , only wrote 387348644
12-02 18:52:24.233 28567 28567 I ViewInteraction: Checking 'MatchesViewAssertion{viewMatcher=(view has effective visibility <VISIBLE> and view.getGlobalVisibleRect() to return non-empty rectangle)}' assertion on view an instance of android.widget.TextView and view.getText() with or without transformation to match: is "Иванов Данил Данилович"
12-02 18:52:24.236 28567 28567 I ViewInteraction: Performing 'single click' action on view an instance of android.widget.TextView and view.getText() with or without transformation to match: is "Иванов Данил Данилович"
12-02 18:52:24.294 28567 28625 D EGL_emulation: eglMakeCurrent: 0xdb91b8c0: ver 2 0 (tinfo 0xc09d6ab0)
12-02 18:52:24.358  1750  3111 W audio_hw_generic: Not supplying enough data to HAL, expected position 387348670 , only wrote 387348644
12-02 18:52:24.369 28567 28625 D EGL_emulation: eglMakeCurrent: 0xdb91b8c0: ver 2 0 (tinfo 0xc09d6ab0)
12-02 18:52:24.391 28567 28625 D EGL_emulation: eglMakeCurrent: 0xdb91b8c0: ver 2 0 (tinfo 0xc09d6ab0)
12-02 18:52:24.395  2010  7132 E InputDispatcher: Window handle Window{387fe42 u0 PopupWindow:6cd7408} has no registered input channel
12-02 18:52:24.535 28567 28567 I ViewInteraction: Performing 'wait for a specific view with <(view.getId() is <2131231402/ru.iteco.fmhandroid:id/title_edit_text> and view.getParent() view.getParent() view.getId() is <2131231406/ru.iteco.fmhandroid:id/title_text_input_layout>)> during 10000 millis.' action on view view.getRootView() to equal view
12-02 18:52:24.539 28567 28567 I ViewInteraction: Performing 'replace text(В работе 95437a51-8a31-4096-829b-4822d0738fb7)' action on view (view.getId() is <2131231402/ru.iteco.fmhandroid:id/title_edit_text> and view.getParent() view.getParent() view.getId() is <2131231406/ru.iteco.fmhandroid:id/title_text_input_layout>)
12-02 18:52:24.583 28567 28567 I ViewInteraction: Performing 'wait for a specific view with <view.getId() is <2131230975/ru.iteco.fmhandroid:id/date_in_plan_text_input_edit_text>> during 10000 millis.' action on view view.getRootView() to equal view
12-02 18:52:24.589 28567 28567 I ViewInteraction: Performing 'single click' action on view view.getId() is <2131230975/ru.iteco.fmhandroid:id/date_in_plan_text_input_edit_text>
12-02 18:52:24.738  1772  1873 D gralloc_ranchu: gralloc_alloc: Creating ashmem region of size 10964992
12-02 18:52:24.742  1772  1873 I chatty  : uid=1000(system) HwBinder:1772_1 identical 1 line
12-02 18:52:24.744  1772  1873 D gralloc_ranchu: gralloc_alloc: Creating ashmem region of size 10964992
12-02 18:52:24.773 28567 28625 D EGL_emulation: eglMakeCurrent: 0xdb91b8c0: ver 2 0 (tinfo 0xc09d6ab0)
12-02 18:52:24.915 28567 28625 I chatty  : uid=10159(ru.iteco.fmhandroid) RenderThread identical 3 lines
12-02 18:52:24.939 28567 28625 D EGL_emulation: eglMakeCurrent: 0xdb91b8c0: ver 2 0 (tinfo 0xc09d6ab0)
12-02 18:52:25.233 28567 28567 I ViewInteraction: Performing 'wait for a specific view with <is assignable from class <class android.widget.DatePicker>> during 10000 millis.' action on view view.getRootView() to equal view
12-02 18:52:25.237 28567 28567 I ViewInteraction: Checking 'MatchesViewAssertion{viewMatcher=(view has effective visibility <VISIBLE> and view.getGlobalVisibleRect() to return non-empty rectangle)}' assertion on view is assignable from class <class android.widget.DatePicker>
12-02 18:52:25.240 28567 28567 I ViewInteraction: Performing 'wait for a specific view with <is assignable from class <class android.widget.DatePicker>> during 10000 millis.' action on view view.getRootView() to equal view
12-02 18:52:25.242 28567 28567 I ViewInteraction: Performing 'set date' action on view is assignable from class <class android.widget.DatePicker>
12-02 18:52:25.276 28567 28567 I ViewInteraction: Performing 'wait for a specific view with <view.getId() is <16908313/android:id/button1>> during 10000 millis.' action on view view.getRootView() to equal view
12-02 18:52:25.279 28567 28567 I ViewInteraction: Performing 'single click' action on view view.getId() is <16908313/android:id/button1>
12-02 18:52:25.365 28567 28625 D EGL_emulation: eglMakeCurrent: 0xdb91b8c0: ver 2 0 (tinfo 0xc09d6ab0)
12-02 18:52:25.375  2010  7132 E InputDispatcher: Window handle Window{1130e4d u0 ru.iteco.fmhandroid/ru.iteco.fmhandroid.ui.AppActivity} has no registered input channel
12-02 18:52:25.388 28567 28625 D EGL_emulation: eglMakeCurrent: 0xdb91b8c0: ver 2 0 (tinfo 0xc09d6ab0)
12-02 18:52:25.401  1785  1976 D AudioFlinger: mixer(0xf0ef6c80) throttle end: throttle time(11)
12-02 18:52:25.654 28567 28567 I ViewInteraction: Performing 'wait for a specific view with <(an instance of android.widget.TextView and view.getHint() matching: is "Time" and view.getParent() view.getParent() view.getId() is <2131231399/ru.iteco.fmhandroid:id/time_in_plan_text_input_layout>)> during 10000 millis.' action on view view.getRootView() to equal view
12-02 18:52:25.659 28567 28567 I ViewInteraction: Performing 'single click' action on view (an instance of android.widget.TextView and view.getHint() matching: is "Time" and view.getParent() view.getParent() view.getId() is <2131231399/ru.iteco.fmhandroid:id/time_in_plan_text_input_layout>)
12-02 18:52:25.811  1772  1873 D gralloc_ranchu: gralloc_alloc: Creating ashmem region of size 9261056
12-02 18:52:25.816  1772  1873 I chatty  : uid=1000(system) HwBinder:1772_1 identical 1 line
12-02 18:52:25.818  1772  1873 D gralloc_ranchu: gralloc_alloc: Creating ashmem region of size 9261056
12-02 18:52:25.824 28567 28625 D EGL_emulation: eglMakeCurrent: 0xdb91b8c0: ver 2 0 (tinfo 0xc09d6ab0)
12-02 18:52:25.881 28567 28625 I chatty  : uid=10159(ru.iteco.fmhandroid) RenderThread identical 2 lines
12-02 18:52:25.939 28567 28625 D EGL_emulation: eglMakeCurrent: 0xdb91b8c0: ver 2 0 (tinfo 0xc09d6ab0)
12-02 18:52:25.994 28567 28580 I teco.fmhandroi: NativeAlloc concurrent copying GC freed 62684(2478KB) AllocSpace objects, 3(60KB) LOS objects, 35% free, 10MB/16MB, paused 1.039ms total 100.550ms
12-02 18:52:26.171 28567 28567 I ViewInteraction: Performing 'wait for a specific view with <is assignable from class <class android.widget.TimePicker>> during 10000 millis.' action on view view.getRootView() to equal view
12-02 18:52:26.175 28567 28567 I ViewInteraction: Checking 'MatchesViewAssertion{viewMatcher=(view has effective visibility <VISIBLE> and view.getGlobalVisibleRect() to return non-empty rectangle)}' assertion on view is assignable from class <class android.widget.TimePicker>
12-02 18:52:26.180 28567 28567 I ViewInteraction: Performing 'wait for a specific view with <is assignable from class <class android.widget.TimePicker>> during 10000 millis.' action on view view.getRootView() to equal view
12-02 18:52:26.183 28567 28567 I ViewInteraction: Performing 'set time' action on view is assignable from class <class android.widget.TimePicker>
12-02 18:52:26.187 28567 28567 I ViewInteraction: Performing 'wait for a specific view with <view.getId() is <16908313/android:id/button1>> during 10000 millis.' action on view view.getRootView() to equal view
12-02 18:52:26.190 28567 28567 I ViewInteraction: Performing 'single click' action on view view.getId() is <16908313/android:id/button1>
12-02 18:52:26.244 28567 28625 D EGL_emulation: eglMakeCurrent: 0xdb91b8c0: ver 2 0 (tinfo 0xc09d6ab0)
12-02 18:52:26.268 28567 28625 D EGL_emulation: eglMakeCurrent: 0xdb91b8c0: ver 2 0 (tinfo 0xc09d6ab0)
12-02 18:52:26.277  2010  7377 E InputDispatcher: Window handle Window{866ed80 u0 ru.iteco.fmhandroid/ru.iteco.fmhandroid.ui.AppActivity} has no registered input channel
12-02 18:52:26.285 28567 28625 D EGL_emulation: eglMakeCurrent: 0xdb91b8c0: ver 2 0 (tinfo 0xc09d6ab0)
12-02 18:52:26.291  2010  7377 E InputDispatcher: Window handle Window{866ed80 u0 ru.iteco.fmhandroid/ru.iteco.fmhandroid.ui.AppActivity} has no registered input channel
12-02 18:52:26.554 28567 28567 I ViewInteraction: Performing 'wait for a specific view with <(an instance of android.widget.TextView and view.getHint() matching: is "Description" and view.getParent() view.getParent() view.getId() is <2131230988/ru.iteco.fmhandroid:id/description_text_input_layout>)> during 10000 millis.' action on view view.getRootView() to equal view
12-02 18:52:26.559 28567 28567 I ViewInteraction: Performing 'replace text(В работе 95437a51-8a31-4096-829b-4822d0738fb7)' action on view (an instance of android.widget.TextView and view.getHint() matching: is "Description" and view.getParent() view.getParent() view.getId() is <2131230988/ru.iteco.fmhandroid:id/description_text_input_layout>)
12-02 18:52:26.599 28567 28567 I ViewInteraction: Performing 'wait for a specific view with <view.getId() is <2131231291/ru.iteco.fmhandroid:id/save_button>> during 10000 millis.' action on view view.getRootView() to equal view
12-02 18:52:26.603 28567 28567 I ViewInteraction: Performing 'single click' action on view view.getId() is <2131231291/ru.iteco.fmhandroid:id/save_button>
12-02 18:52:26.676 28567 28665 I okhttp.OkHttpClient: --> POST http://www.981757-ca08998.tmweb.ru:8080/fmh/claims
12-02 18:52:26.676 28567 28665 I okhttp.OkHttpClient: Content-Type: application/json; charset=UTF-8
12-02 18:52:26.676 28567 28665 I okhttp.OkHttpClient: Content-Length: 290
12-02 18:52:26.676 28567 28665 I okhttp.OkHttpClient: {"createDate":1669996346,"creatorId":2,"creatorName":"Иванов Данил Данилович","description":"В работе 95437a51-8a31-4096-829b-4822d0738fb7","executorId":2,"planExecuteDate":1669996320,"status":"OPEN","title":"В работе 95437a51-8a31-4096-829b-4822d0738fb7"}
12-02 18:52:26.676 28567 28665 I okhttp.OkHttpClient: --> END POST (290-byte body)
12-02 18:52:26.682  1743 28767 E ResolverController: No valid NAT64 prefix (126, <unspecified>/0)
12-02 18:52:26.898 28567 28567 I ViewInteraction: Performing 'wait for a specific view with <view.getId() is <2131230916/ru.iteco.fmhandroid:id/claim_list_recycler_view>> during 10000 millis.' action on view view.getRootView() to equal view
12-02 18:52:27.007 28567 28665 I okhttp.OkHttpClient: <-- 200 http://www.981757-ca08998.tmweb.ru:8080/fmh/claims (330ms)
12-02 18:52:27.007 28567 28665 I okhttp.OkHttpClient: Vary: Origin
12-02 18:52:27.007 28567 28665 I okhttp.OkHttpClient: Vary: Access-Control-Request-Method
12-02 18:52:27.007 28567 28665 I okhttp.OkHttpClient: Vary: Access-Control-Request-Headers
12-02 18:52:27.007 28567 28665 I okhttp.OkHttpClient: X-Content-Type-Options: nosniff
12-02 18:52:27.007 28567 28665 I okhttp.OkHttpClient: X-XSS-Protection: 1; mode=block
12-02 18:52:27.007 28567 28665 I okhttp.OkHttpClient: Cache-Control: no-cache, no-store, max-age=0, must-revalidate
12-02 18:52:27.007 28567 28665 I okhttp.OkHttpClient: Pragma: no-cache
12-02 18:52:27.007 28567 28665 I okhttp.OkHttpClient: Expires: 0
12-02 18:52:27.007 28567 28665 I okhttp.OkHttpClient: X-Frame-Options: DENY
12-02 18:52:27.007 28567 28665 I okhttp.OkHttpClient: Content-Type: application/json
12-02 18:52:27.007 28567 28665 I okhttp.OkHttpClient: Transfer-Encoding: chunked
12-02 18:52:27.008 28567 28665 I okhttp.OkHttpClient: Date: Fri, 02 Dec 2022 15:52:28 GMT
12-02 18:52:27.008 28567 28665 I okhttp.OkHttpClient: Keep-Alive: timeout=60
12-02 18:52:27.008 28567 28665 I okhttp.OkHttpClient: Connection: keep-alive
12-02 18:52:27.008 28567 28665 I okhttp.OkHttpClient: {"id":2501,"title":"В работе 95437a51-8a31-4096-829b-4822d0738fb7","description":"В работе 95437a51-8a31-4096-829b-4822d0738fb7","creatorId":2,"executorId":2,"createDate":1669996346,"planExecuteDate":1669996320,"factExecuteDate":null,"status":"IN_PROGRESS","creatorName":"Иванов Данил Данилович","executorName":"Иванов Данил Данилович"}
12-02 18:52:27.008 28567 28665 I okhttp.OkHttpClient: <-- END HTTP (390-byte body)
12-02 18:52:27.072  2010  2041 E memtrack: Couldn't load memtrack module
12-02 18:52:27.072  2010  2041 W android.os.Debug: failed to get memory consumption info: -1
12-02 18:52:27.106 28567 28567 I ViewInteraction: Checking 'MatchesViewAssertion{viewMatcher=(view has effective visibility <VISIBLE> and view.getGlobalVisibleRect() to return non-empty rectangle)}' assertion on view view.getId() is <2131230916/ru.iteco.fmhandroid:id/claim_list_recycler_view>
12-02 18:52:27.108 28567 28567 I ViewInteraction: Performing 'scroll RecyclerView to: holder with view: (view is an instance of android.view.ViewGroup and has descendant matching an instance of android.widget.TextView and view.getText() with or without transformation to match: is "В работе 95437a51-8a31-4096-829b-4822d0738fb7")' action on view view.getId() is <2131230916/ru.iteco.fmhandroid:id/claim_list_recycler_view>
12-02 18:52:27.110 28567 28567 D takeScreenshot: Found 1 global views to redraw
12-02 18:52:27.145  1772  1873 D gralloc_ranchu: gralloc_alloc: Creating ashmem region of size 14749696
12-02 18:52:27.222 28567 28612 W DefaultFailureHandler: Failed to take screenshot
12-02 18:52:27.222 28567 28612 W DefaultFailureHandler: java.io.FileNotFoundException: view-op-error-11.png: open failed: EROFS (Read-only file system)
12-02 18:52:27.222 28567 28612 W DefaultFailureHandler: 	at libcore.io.IoBridge.open(IoBridge.java:496)
12-02 18:52:27.222 28567 28612 W DefaultFailureHandler: 	at java.io.FileOutputStream.<init>(FileOutputStream.java:235)
12-02 18:52:27.222 28567 28612 W DefaultFailureHandler: 	at java.io.FileOutputStream.<init>(FileOutputStream.java:125)
12-02 18:52:27.222 28567 28612 W DefaultFailureHandler: 	at androidx.test.platform.io.FileTestStorage.openOutputFile(FileTestStorage.java:60)
12-02 18:52:27.222 28567 28612 W DefaultFailureHandler: 	at androidx.test.core.graphics.BitmapStorage.writeToTestStorage(BitmapStorageExt.kt:49)
12-02 18:52:27.222 28567 28612 W DefaultFailureHandler: 	at androidx.test.espresso.base.DefaultFailureHandler.takeScreenshot(DefaultFailureHandler.java:4)
12-02 18:52:27.222 28567 28612 W DefaultFailureHandler: 	at androidx.test.espresso.base.DefaultFailureHandler.handle(DefaultFailureHandler.java:3)
12-02 18:52:27.222 28567 28612 W DefaultFailureHandler: 	at androidx.test.espresso.ViewInteraction.waitForAndHandleInteractionResults(ViewInteraction.java:8)
12-02 18:52:27.222 28567 28612 W DefaultFailureHandler: 	at androidx.test.espresso.ViewInteraction.desugaredPerform(ViewInteraction.java:11)
12-02 18:52:27.222 28567 28612 W DefaultFailureHandler: 	at androidx.test.espresso.ViewInteraction.perform(ViewInteraction.java:8)
12-02 18:52:27.222 28567 28612 W DefaultFailureHandler: 	at ru.iteco.fmhandroid.ui.steps.ClaimsPageSteps.scrollToElementInRecyclerList(ClaimsPageSteps.java:128)
12-02 18:52:27.222 28567 28612 W DefaultFailureHandler: 	at ru.iteco.fmhandroid.ui.steps.ClaimsPageSteps.openClaimCard(ClaimsPageSteps.java:151)
12-02 18:52:27.222 28567 28612 W DefaultFailureHandler: 	at ru.iteco.fmhandroid.ui.ClaimEditTest.shouldChangeTheStatusOfTheClaimToInToExecute(ClaimEditTest.java:106)
12-02 18:52:27.222 28567 28612 W DefaultFailureHandler: 	at java.lang.reflect.Method.invoke(Native Method)
12-02 18:52:27.222 28567 28612 W DefaultFailureHandler: 	at org.junit.runners.model.FrameworkMethod$1.runReflectiveCall(FrameworkMethod.java:59)
12-02 18:52:27.222 28567 28612 W DefaultFailureHandler: 	at org.junit.internal.runners.model.ReflectiveCallable.run(ReflectiveCallable.java:12)
12-02 18:52:27.222 28567 28612 W DefaultFailureHandler: 	at org.junit.runners.model.FrameworkMethod.invokeExplosively(FrameworkMethod.java:56)
12-02 18:52:27.222 28567 28612 W DefaultFailureHandler: 	at org.junit.internal.runners.statements.InvokeMethod.evaluate(InvokeMethod.java:17)
12-02 18:52:27.222 28567 28612 W DefaultFailureHandler: 	at androidx.test.internal.runner.junit4.statement.RunBefores.evaluate(RunBefores.java:80)
12-02 18:52:27.222 28567 28612 W DefaultFailureHandler: 	at androidx.test.rule.ActivityTestRule$ActivityStatement.evaluate(ActivityTestRule.java:543)
12-02 18:52:27.222 28567 28612 W DefaultFailureHandler: 	at io.qameta.allure.android.rules.LogcatRule$apply$1.evaluate(LogcatRule.kt:23)
12-02 18:52:27.222 28567 28612 W DefaultFailureHandler: 	at io.qameta.allure.android.rules.ScreenshotRule$apply$1.evaluate(ScreenshotRule.kt:22)
12-02 18:52:27.222 28567 28612 W DefaultFailureHandler: 	at io.qameta.allure.android.rules.ScreenshotRule$apply$1.evaluate(ScreenshotRule.kt:22)
12-02 18:52:27.222 28567 28612 W DefaultFailureHandler: 	at org.junit.rules.RunRules.evaluate(RunRules.java:20)
12-02 18:52:27.222 28567 28612 W DefaultFailureHandler: 	at org.junit.runners.ParentRunner$3.evaluate(ParentRunner.java:306)
12-02 18:52:27.222 28567 28612 W DefaultFailureHandler: 	at org.junit.runners.BlockJUnit4ClassRunner$1.evaluate(BlockJUnit4ClassRunner.java:100)
12-02 18:52:27.222 28567 28612 W DefaultFailureHandler: 	at org.junit.runners.ParentRunner.runLeaf(ParentRunner.java:366)
12-02 18:52:27.222 28567 28612 W DefaultFailureHandler: 	at org.junit.runners.BlockJUnit4ClassRunner.runChild(BlockJUnit4ClassRunner.java:103)
12-02 18:52:27.222 28567 28612 W DefaultFailureHandler: 	at org.junit.runners.BlockJUnit4ClassRunner.runChild(BlockJUnit4ClassRunner.java:63)
12-02 18:52:27.222 28567 28612 W DefaultFailureHandler: 	at org.junit.runners.ParentRunner$4.run(ParentRunner.java:331)
12-02 18:52:27.222 28567 28612 W DefaultFailureHandler: 	at org.junit.runners.ParentRunner$1.schedule(ParentRunner.java:79)
12-02 18:52:27.222 28567 28612 W DefaultFailureHandler: 	at org.junit.runners.ParentRunner.runChildren(ParentRunner.java:329)
12-02 18:52:27.222 28567 28612 W DefaultFailureHandler: 	at org.junit.runners.ParentRunner.access$100(ParentRunner.java:66)
12-02 18:52:27.222 28567 28612 W DefaultFailureHandler: 	at org.junit.runners.ParentRunner$2.evaluate(ParentRunner.java:293)
12-02 18:52:27.222 28567 28612 W DefaultFailureHandler: 	at org.junit.runners.ParentRunner$3.evaluate(ParentRunner.java:306)
12-02 18:52:27.222 28567 28612 W DefaultFailureHandler: 	at org.junit.runners.ParentRunner.run(ParentRunner.java:413)
12-02 18:52:27.222 28567 28612 W DefaultFailureHandler: 	at androidx.test.ext.junit.runners.AndroidJUnit4.run(AndroidJUnit4.java:162)
12-02 18:52:27.222 28567 28612 W DefaultFailureHandler: 	at io.qameta.allure.android.runners.AllureAndroidJUnit4.run(AllureAndroidJUnitRunners.kt:29)
12-02 18:52:27.222 28567 28612 W DefaultFailureHandler: 	at org.junit.runners.Suite.runChild(Suite.java:128)
12-02 18:52:27.222 28567 28612 W DefaultFailureHandler: 	at org.junit.runners.Suite.runChild(Suite.java:27)
12-02 18:52:27.222 28567 28612 W DefaultFailureHandler: 	at org.junit.runners.ParentRunner$4.run(ParentRunner.java:331)
12-02 18:52:27.222 28567 28612 W DefaultFailureHandler: 	at org.junit.runners.ParentRunner$1.schedule(ParentRunner.java:79)
12-02 18:52:27.222 28567 28612 W DefaultFailureHandler: 	at org.junit.runners.ParentRunner.runChildren(ParentRunner.java:329)
12-02 18:52:27.222 28567 28612 W DefaultFailureHandler: 	at org.junit.runners.ParentRunner.access$100(ParentRunner.java:66)
12-02 18:52:27.222 28567 28612 W DefaultFailureHandler: 	at org.junit.runners.ParentRunner$2.evaluate(ParentRunner.java:293)
12-02 18:52:27.222 28567 28612 W DefaultFailureHandler: 	at org.junit.runners.ParentRunner$3.evaluate(ParentRunner.java:306)
12-02 18:52:27.222 28567 28612 W DefaultFailureHandler: 	at org.junit.runners.ParentRunner.run(ParentRunner.java:413)
12-02 18:52:27.222 28567 28612 W DefaultFailureHandler: 	at org.junit.runner.JUnitCore.run(JUnitCore.java:137)
12-02 18:52:27.222 28567 28612 W DefaultFailureHandler: 	at org.junit.runner.JUnitCore.run(JUnitCore.java:115)
12-02 18:52:27.222 28567 28612 W DefaultFailureHandler: 	at androidx.test.internal.runner.TestExecutor.execute(TestExecutor.java:67)
12-02 18:52:27.222 28567 28612 W DefaultFailureHandler: 	at androidx.test.internal.runner.TestExecutor.execute(TestExecutor.java:58)
12-02 18:52:27.225 28567 28612 W DefaultFailureHandler: 	at androidx.test.runner.AndroidJUnitRunner.onStart(AndroidJUnitRunner.java:438)
12-02 18:52:27.225 28567 28612 W DefaultFailureHandler: 	at android.app.Instrumentation$InstrumentationThread.run(Instrumentation.java:2189)
12-02 18:52:27.225 28567 28612 W DefaultFailureHandler: Caused by: android.system.ErrnoException: open failed: EROFS (Read-only file system)
12-02 18:52:27.225 28567 28612 W DefaultFailureHandler: 	at libcore.io.Linux.open(Native Method)
12-02 18:52:27.225 28567 28612 W DefaultFailureHandler: 	at libcore.io.ForwardingOs.open(ForwardingOs.java:167)
12-02 18:52:27.225 28567 28612 W DefaultFailureHandler: 	at libcore.io.BlockGuardOs.open(BlockGuardOs.java:252)
12-02 18:52:27.225 28567 28612 W DefaultFailureHandler: 	at libcore.io.ForwardingOs.open(ForwardingOs.java:167)
12-02 18:52:27.225 28567 28612 W DefaultFailureHandler: 	at android.app.ActivityThread$AndroidOs.open(ActivityThread.java:7255)
12-02 18:52:27.225 28567 28612 W DefaultFailureHandler: 	at libcore.io.IoBridge.open(IoBridge.java:482)
12-02 18:52:27.225 28567 28612 W DefaultFailureHandler: 	... 52 more
12-02 18:52:27.324  2010  7377 W InputReader: Device has associated, but no associated display id.
12-02 18:52:27.325  2010  7377 I chatty  : uid=1000(system) Binder:2010_19 identical 8 lines
12-02 18:52:27.325  2010  7377 W InputReader: Device has associated, but no associated display id.
12-02 18:52:27.350 28567 28567 D LifecycleMonitor: Lifecycle status change: ru.iteco.fmhandroid.ui.AppActivity@b6a0eab in: PAUSED
12-02 18:52:27.352 28567 28580 I teco.fmhandroi: NativeAlloc concurrent copying GC freed 75566(3769KB) AllocSpace objects, 4(64KB) LOS objects, 32% free, 12MB/18MB, paused 604us total 133.509ms
12-02 18:52:27.354  2010  7377 W InputReader: Device has associated, but no associated display id.
12-02 18:52:27.363  2010  7377 I chatty  : uid=1000(system) Binder:2010_19 identical 28 lines
12-02 18:52:27.363  2010  7377 W InputReader: Device has associated, but no associated display id.
12-02 18:52:27.363 28567 28607 V FA      : Recording user engagement, ms: 21521
12-02 18:52:27.407  2010  5522 D ConnectivityService: requestNetwork for uid/pid:10127/543 NetworkRequest [ TRACK_DEFAULT id=215, [ Capabilities: INTERNET&NOT_RESTRICTED&TRUSTED Uid: 10127] ]
12-02 18:52:27.411  2010  2126 D UntrustedWifiNetworkFactory: got request NetworkRequest [ TRACK_DEFAULT id=215, [ Capabilities: INTERNET&NOT_RESTRICTED&TRUSTED Uid: 10127] ] with score 50 and serial 2
12-02 18:52:27.412  2010  2126 D WifiNetworkFactory: got request NetworkRequest [ TRACK_DEFAULT id=215, [ Capabilities: INTERNET&NOT_RESTRICTED&TRUSTED Uid: 10127] ] with score 50 and serial 2
12-02 18:52:27.412  2352  2352 D PhoneSwitcherNetworkRequstListener: got request NetworkRequest [ TRACK_DEFAULT id=215, [ Capabilities: INTERNET&NOT_RESTRICTED&TRUSTED Uid: 10127] ] with score 50 and serial 2
12-02 18:52:27.453 28567 28607 V FA      : Connecting to remote service
12-02 18:52:27.460  1772  1873 D gralloc_ranchu: gralloc_alloc: Creating ashmem region of size 14749696
12-02 18:52:27.484   543   578 D EGL_emulation: eglMakeCurrent: 0xeec7f2e0: ver 2 0 (tinfo 0xe39facd0)
12-02 18:52:27.498 28567 28607 V FA      : Connection attempt already in progress
12-02 18:52:27.499 28567 28607 V FA      : Activity paused, time: 88783756
12-02 18:52:27.508 28567 28607 D FA      : Connected to remote service
12-02 18:52:27.509 28567 28607 V FA      : Processing queued up service tasks: 2
12-02 18:52:27.528  1772  1873 D gralloc_ranchu: gralloc_alloc: Creating ashmem region of size 14749696
12-02 18:52:27.560   642   672 D EGL_emulation: eglCreateContext: 0xdb91b7a0: maj 2 min 0 rcv 2
12-02 18:52:27.563   642   672 D EGL_emulation: eglMakeCurrent: 0xdb91b7a0: ver 2 0 (tinfo 0xeec89de0)
