12-02 18:51:18.693  2010  2041 I ActivityTaskManager: Displayed ru.iteco.fmhandroid/.ui.AppActivity: +384ms
12-02 18:51:18.711   642   672 D EGL_emulation: eglMakeCurrent: 0xeec7fbe0: ver 2 0 (tinfo 0xeec89de0)
12-02 18:51:18.734   642   672 D EGL_emulation: eglMakeCurrent: 0xdb91b020: ver 2 0 (tinfo 0xeec89de0)
12-02 18:51:18.736  2169  2187 I ndroid.systemu: NativeAlloc concurrent copying GC freed 829(163KB) AllocSpace objects, 0(0B) LOS objects, 49% free, 6026KB/11MB, paused 18.558ms total 203.295ms
12-02 18:51:18.740   642   672 D EGL_emulation: eglMakeCurrent: 0xeec7fbe0: ver 2 0 (tinfo 0xeec89de0)
12-02 18:51:18.748   642   672 D EGL_emulation: eglMakeCurrent: 0xdb91b020: ver 2 0 (tinfo 0xeec89de0)
12-02 18:51:18.756   642   672 D EGL_emulation: eglMakeCurrent: 0xeec7fbe0: ver 2 0 (tinfo 0xeec89de0)
12-02 18:51:18.798   642   672 D EGL_emulation: eglMakeCurrent: 0xdb91b020: ver 2 0 (tinfo 0xeec89de0)
12-02 18:51:18.820  2881 28615 V FA-SVC  : Logging event: origin=auto,name=screen_view(_vs),params=Bundle[{ga_event_origin(_o)=auto, ga_previous_class(_pc)=AppActivity, ga_previous_id(_pi)=7972326853347590803, ga_screen_class(_sc)=AppActivity, ga_screen_id(_si)=7972326853347590804}]
12-02 18:51:18.821  2010  6726 D HostConnection: HostConnection::get() New Host Connection established 0xb4601c80, tid 6726
12-02 18:51:18.822  2010  6726 D HostConnection: HostComposition ext ANDROID_EMU_CHECKSUM_HELPER_v1 ANDROID_EMU_dma_v1 ANDROID_EMU_direct_mem ANDROID_EMU_host_composition_v1 ANDROID_EMU_host_composition_v2 ANDROID_EMU_vulkan ANDROID_EMU_deferred_vulkan_commands ANDROID_EMU_vulkan_null_optional_strings ANDROID_EMU_vulkan_create_resources_with_requirements ANDROID_EMU_YUV_Cache ANDROID_EMU_vulkan_ignored_handles ANDROID_EMU_vulkan_free_memory_sync ANDROID_EMU_vulkan_shader_float16_int8 ANDROID_EMU_vulkan_async_queue_submit ANDROID_EMU_sync_buffer_data GL_OES_vertex_array_object GL_KHR_texture_compression_astc_ldr ANDROID_EMU_host_side_tracing ANDROID_EMU_gles_max_version_2 
12-02 18:51:18.824  2010  6726 W OpenGLRenderer: Failed to choose config with EGL_SWAP_BEHAVIOR_PRESERVED, retrying without...
12-02 18:51:18.852  2881 28615 V FA-SVC  : Upload scheduled in approximately ms: 1643460
12-02 18:51:18.852  2881 28615 V FA-SVC  : Unscheduling upload
12-02 18:51:18.855  2881 28615 V FA-SVC  : Scheduling upload, millis: 1643460
12-02 18:51:18.855  2010  6726 D EGL_emulation: eglCreateContext: 0xd856c380: maj 2 min 0 rcv 2
12-02 18:51:18.858  2881 28615 V FA-SVC  : Background event processing time, ms: 39
12-02 18:51:18.864  2010  6726 D EGL_emulation: eglMakeCurrent: 0xd856c380: ver 2 0 (tinfo 0xbf01f330)
12-02 18:51:18.870   543   578 D EGL_emulation: eglMakeCurrent: 0xeec7f2e0: ver 2 0 (tinfo 0xe39facd0)
12-02 18:51:18.888   642   672 D EGL_emulation: eglMakeCurrent: 0xeec7fbe0: ver 2 0 (tinfo 0xeec89de0)
12-02 18:51:18.898   543   595 I cr_BindingManager: onTrimMemory: level=20, size=1
12-02 18:51:18.930  2584 27521 E SQLiteDatabase: Error inserting flex_time=1643000 job_id=-1 period=3287000 source=16 requires_charging=0 preferred_network_type=1 target_class=com.google.android.gms.measurement.PackageMeasurementTaskService user_id=0 target_package=com.google.android.gms tag=Measurement.PackageMeasurementTaskService.UPLOAD_TASK_TAG task_type=0 required_idleness_state=0 service_kind=0 source_version=202414000 persistence_level=1 preferred_charging_state=1 required_network_type=0 runtime=1669996278897 retry_strategy={"maximum_backoff_seconds":{"3600":0},"initial_backoff_seconds":{"30":0},"retry_policy":{"0":0}} last_runtime=0
12-02 18:51:18.930  2584 27521 E SQLiteDatabase: android.database.sqlite.SQLiteConstraintException: UNIQUE constraint failed: pending_ops.tag, pending_ops.target_class, pending_ops.target_package, pending_ops.user_id (code 2067 SQLITE_CONSTRAINT_UNIQUE)
12-02 18:51:18.930  2584 27521 E SQLiteDatabase: 	at android.database.sqlite.SQLiteConnection.nativeExecuteForLastInsertedRowId(Native Method)
12-02 18:51:18.930  2584 27521 E SQLiteDatabase: 	at android.database.sqlite.SQLiteConnection.executeForLastInsertedRowId(SQLiteConnection.java:879)
12-02 18:51:18.930  2584 27521 E SQLiteDatabase: 	at android.database.sqlite.SQLiteSession.executeForLastInsertedRowId(SQLiteSession.java:790)
12-02 18:51:18.930  2584 27521 E SQLiteDatabase: 	at android.database.sqlite.SQLiteStatement.executeInsert(SQLiteStatement.java:88)
12-02 18:51:18.930  2584 27521 E SQLiteDatabase: 	at android.database.sqlite.SQLiteDatabase.insertWithOnConflict(SQLiteDatabase.java:1599)
12-02 18:51:18.930  2584 27521 E SQLiteDatabase: 	at android.database.sqlite.SQLiteDatabase.insert(SQLiteDatabase.java:1468)
12-02 18:51:18.930  2584 27521 E SQLiteDatabase: 	at aqui.a(:com.google.android.gms@202414022@20.24.14 (040700-319035315):175)
12-02 18:51:18.930  2584 27521 E SQLiteDatabase: 	at aqtk.a(:com.google.android.gms@202414022@20.24.14 (040700-319035315):182)
12-02 18:51:18.930  2584 27521 E SQLiteDatabase: 	at aqtk.a(:com.google.android.gms@202414022@20.24.14 (040700-319035315):23)
12-02 18:51:18.930  2584 27521 E SQLiteDatabase: 	at aqtk.a(:com.google.android.gms@202414022@20.24.14 (040700-319035315):177)
12-02 18:51:18.930  2584 27521 E SQLiteDatabase: 	at aqpu.run(:com.google.android.gms@202414022@20.24.14 (040700-319035315):9)
12-02 18:51:18.930  2584 27521 E SQLiteDatabase: 	at soy.b(:com.google.android.gms@202414022@20.24.14 (040700-319035315):12)
12-02 18:51:18.930  2584 27521 E SQLiteDatabase: 	at soy.run(:com.google.android.gms@202414022@20.24.14 (040700-319035315):7)
12-02 18:51:18.930  2584 27521 E SQLiteDatabase: 	at java.util.concurrent.ThreadPoolExecutor.runWorker(ThreadPoolExecutor.java:1167)
12-02 18:51:18.930  2584 27521 E SQLiteDatabase: 	at java.util.concurrent.ThreadPoolExecutor$Worker.run(ThreadPoolExecutor.java:641)
12-02 18:51:18.930  2584 27521 E SQLiteDatabase: 	at sux.run(:com.google.android.gms@202414022@20.24.14 (040700-319035315):0)
12-02 18:51:18.930  2584 27521 E SQLiteDatabase: 	at java.lang.Thread.run(Thread.java:919)
12-02 18:51:19.076  2010  2025 I system_server: NativeAlloc concurrent copying GC freed 5032(489KB) AllocSpace objects, 0(0B) LOS objects, 22% free, 20MB/26MB, paused 1.631ms total 127.349ms
12-02 18:51:19.371 28567 28567 I ViewInteraction: Performing 'wait for a specific view with <(an instance of android.widget.TextView and view.getText() with or without transformation to match: is "Authorization" and view.getParent() view.getParent() view.getId() is <2131231186>)> during 10000 millis.' action on view view.getRootView() to equal view
12-02 18:51:20.014  1750  1962 W audio_hw_generic: Not supplying enough data to HAL, expected position 386223571 , only wrote 385907664
12-02 18:51:21.486 28567 28638 I okhttp.OkHttpClient: --> GET http://www.981757-ca08998.tmweb.ru:8080/fmh/authentication/userInfo
12-02 18:51:21.486 28567 28638 I okhttp.OkHttpClient: --> END GET
12-02 18:51:21.627 28567 28638 I okhttp.OkHttpClient: <-- 200 http://www.981757-ca08998.tmweb.ru:8080/fmh/authentication/userInfo (140ms)
12-02 18:51:21.627 28567 28638 I okhttp.OkHttpClient: Vary: Origin
12-02 18:51:21.627 28567 28638 I okhttp.OkHttpClient: Vary: Access-Control-Request-Method
12-02 18:51:21.628 28567 28638 I okhttp.OkHttpClient: Vary: Access-Control-Request-Headers
12-02 18:51:21.628 28567 28638 I okhttp.OkHttpClient: X-Content-Type-Options: nosniff
12-02 18:51:21.628 28567 28638 I okhttp.OkHttpClient: X-XSS-Protection: 1; mode=block
12-02 18:51:21.628 28567 28638 I okhttp.OkHttpClient: Cache-Control: no-cache, no-store, max-age=0, must-revalidate
12-02 18:51:21.628 28567 28638 I okhttp.OkHttpClient: Pragma: no-cache
12-02 18:51:21.628 28567 28638 I okhttp.OkHttpClient: Expires: 0
12-02 18:51:21.628 28567 28638 I okhttp.OkHttpClient: X-Frame-Options: DENY
12-02 18:51:21.628 28567 28638 I okhttp.OkHttpClient: Content-Type: application/json
12-02 18:51:21.632 28567 28638 I okhttp.OkHttpClient: Transfer-Encoding: chunked
12-02 18:51:21.632 28567 28638 I okhttp.OkHttpClient: Date: Fri, 02 Dec 2022 15:51:23 GMT
12-02 18:51:21.633 28567 28638 I okhttp.OkHttpClient: Keep-Alive: timeout=60
12-02 18:51:21.633 28567 28638 I okhttp.OkHttpClient: Connection: keep-alive
12-02 18:51:21.637 28567 28638 I okhttp.OkHttpClient: {"id":2,"firstName":"Данил","lastName":"Иванов","middleName":"Данилович","admin":true}
12-02 18:51:21.637 28567 28638 I okhttp.OkHttpClient: <-- END HTTP (106-byte body)
12-02 18:51:21.648 28567 28661 I okhttp.OkHttpClient: --> GET http://www.981757-ca08998.tmweb.ru:8080/fmh/claims
12-02 18:51:21.649 28567 28661 I okhttp.OkHttpClient: --> END GET
12-02 18:51:21.932 28567 28580 I teco.fmhandroi: NativeAlloc concurrent copying GC freed 122814(6760KB) AllocSpace objects, 9(304KB) LOS objects, 37% free, 10170KB/15MB, paused 784us total 274.926ms
12-02 18:51:23.767 28567 28607 V FA      : Inactivity, disconnecting from the service
12-02 18:51:23.771 28567 28661 I okhttp.OkHttpClient: <-- 200 http://www.981757-ca08998.tmweb.ru:8080/fmh/claims (2122ms)
12-02 18:51:23.771 28567 28661 I okhttp.OkHttpClient: Vary: Origin
12-02 18:51:23.771 28567 28661 I okhttp.OkHttpClient: Vary: Access-Control-Request-Method
12-02 18:51:23.771 28567 28661 I okhttp.OkHttpClient: Vary: Access-Control-Request-Headers
12-02 18:51:23.771 28567 28661 I okhttp.OkHttpClient: X-Content-Type-Options: nosniff
12-02 18:51:23.771 28567 28661 I okhttp.OkHttpClient: X-XSS-Protection: 1; mode=block
12-02 18:51:23.771 28567 28661 I okhttp.OkHttpClient: Cache-Control: no-cache, no-store, max-age=0, must-revalidate
12-02 18:51:23.772 28567 28661 I okhttp.OkHttpClient: Pragma: no-cache
12-02 18:51:23.772 28567 28661 I okhttp.OkHttpClient: Expires: 0
12-02 18:51:23.772 28567 28661 I okhttp.OkHttpClient: X-Frame-Options: DENY
12-02 18:51:23.772 28567 28661 I okhttp.OkHttpClient: Content-Type: application/json
12-02 18:51:23.772 28567 28661 I okhttp.OkHttpClient: Transfer-Encoding: chunked
12-02 18:51:23.772 28567 28661 I okhttp.OkHttpClient: Date: Fri, 02 Dec 2022 15:51:25 GMT
12-02 18:51:23.772 28567 28661 I okhttp.OkHttpClient: Keep-Alive: timeout=60
12-02 18:51:23.772 28567 28661 I okhttp.OkHttpClient: Connection: keep-alive
12-02 18:51:28.956   543   595 I cr_BindingManager: Release moderate connections: 1
12-02 18:51:29.387 28567 28567 D takeScreenshot: Found 1 global views to redraw
12-02 18:51:29.413  1772  1875 D gralloc_ranchu: gralloc_alloc: Creating ashmem region of size 14749696
12-02 18:51:29.488 28567 28612 W DefaultFailureHandler: Failed to take screenshot
12-02 18:51:29.488 28567 28612 W DefaultFailureHandler: java.io.FileNotFoundException: view-op-error-6.png: open failed: EROFS (Read-only file system)
12-02 18:51:29.488 28567 28612 W DefaultFailureHandler: 	at libcore.io.IoBridge.open(IoBridge.java:496)
12-02 18:51:29.488 28567 28612 W DefaultFailureHandler: 	at java.io.FileOutputStream.<init>(FileOutputStream.java:235)
12-02 18:51:29.488 28567 28612 W DefaultFailureHandler: 	at java.io.FileOutputStream.<init>(FileOutputStream.java:125)
12-02 18:51:29.488 28567 28612 W DefaultFailureHandler: 	at androidx.test.platform.io.FileTestStorage.openOutputFile(FileTestStorage.java:60)
12-02 18:51:29.488 28567 28612 W DefaultFailureHandler: 	at androidx.test.core.graphics.BitmapStorage.writeToTestStorage(BitmapStorageExt.kt:49)
12-02 18:51:29.488 28567 28612 W DefaultFailureHandler: 	at androidx.test.espresso.base.DefaultFailureHandler.takeScreenshot(DefaultFailureHandler.java:4)
12-02 18:51:29.488 28567 28612 W DefaultFailureHandler: 	at androidx.test.espresso.base.DefaultFailureHandler.handle(DefaultFailureHandler.java:3)
12-02 18:51:29.488 28567 28612 W DefaultFailureHandler: 	at androidx.test.espresso.ViewInteraction.waitForAndHandleInteractionResults(ViewInteraction.java:8)
12-02 18:51:29.488 28567 28612 W DefaultFailureHandler: 	at androidx.test.espresso.ViewInteraction.desugaredPerform(ViewInteraction.java:11)
12-02 18:51:29.488 28567 28612 W DefaultFailureHandler: 	at androidx.test.espresso.ViewInteraction.perform(ViewInteraction.java:8)
12-02 18:51:29.488 28567 28612 W DefaultFailureHandler: 	at ru.iteco.fmhandroid.ui.data.TestUtils.waitView(TestUtils.java:61)
12-02 18:51:29.488 28567 28612 W DefaultFailureHandler: 	at ru.iteco.fmhandroid.ui.steps.AuthSteps.isAuthScreen(AuthSteps.java:56)
12-02 18:51:29.488 28567 28612 W DefaultFailureHandler: 	at ru.iteco.fmhandroid.ui.ClaimEditTest.logoutCheck(ClaimEditTest.java:51)
12-02 18:51:29.488 28567 28612 W DefaultFailureHandler: 	at java.lang.reflect.Method.invoke(Native Method)
12-02 18:51:29.488 28567 28612 W DefaultFailureHandler: 	at org.junit.runners.model.FrameworkMethod$1.runReflectiveCall(FrameworkMethod.java:59)
12-02 18:51:29.488 28567 28612 W DefaultFailureHandler: 	at org.junit.internal.runners.model.ReflectiveCallable.run(ReflectiveCallable.java:12)
12-02 18:51:29.488 28567 28612 W DefaultFailureHandler: 	at org.junit.runners.model.FrameworkMethod.invokeExplosively(FrameworkMethod.java:56)
12-02 18:51:29.488 28567 28612 W DefaultFailureHandler: 	at androidx.test.internal.runner.junit4.statement.RunBefores.evaluate(RunBefores.java:76)
12-02 18:51:29.488 28567 28612 W DefaultFailureHandler: 	at androidx.test.rule.ActivityTestRule$ActivityStatement.evaluate(ActivityTestRule.java:543)
12-02 18:51:29.488 28567 28612 W DefaultFailureHandler: 	at io.qameta.allure.android.rules.LogcatRule$apply$1.evaluate(LogcatRule.kt:23)
12-02 18:51:29.488 28567 28612 W DefaultFailureHandler: 	at io.qameta.allure.android.rules.ScreenshotRule$apply$1.evaluate(ScreenshotRule.kt:22)
12-02 18:51:29.488 28567 28612 W DefaultFailureHandler: 	at io.qameta.allure.android.rules.ScreenshotRule$apply$1.evaluate(ScreenshotRule.kt:22)
12-02 18:51:29.488 28567 28612 W DefaultFailureHandler: 	at org.junit.rules.RunRules.evaluate(RunRules.java:20)
12-02 18:51:29.488 28567 28612 W DefaultFailureHandler: 	at org.junit.runners.ParentRunner$3.evaluate(ParentRunner.java:306)
12-02 18:51:29.488 28567 28612 W DefaultFailureHandler: 	at org.junit.runners.BlockJUnit4ClassRunner$1.evaluate(BlockJUnit4ClassRunner.java:100)
12-02 18:51:29.488 28567 28612 W DefaultFailureHandler: 	at org.junit.runners.ParentRunner.runLeaf(ParentRunner.java:366)
12-02 18:51:29.488 28567 28612 W DefaultFailureHandler: 	at org.junit.runners.BlockJUnit4ClassRunner.runChild(BlockJUnit4ClassRunner.java:103)
12-02 18:51:29.488 28567 28612 W DefaultFailureHandler: 	at org.junit.runners.BlockJUnit4ClassRunner.runChild(BlockJUnit4ClassRunner.java:63)
12-02 18:51:29.488 28567 28612 W DefaultFailureHandler: 	at org.junit.runners.ParentRunner$4.run(ParentRunner.java:331)
12-02 18:51:29.488 28567 28612 W DefaultFailureHandler: 	at org.junit.runners.ParentRunner$1.schedule(ParentRunner.java:79)
12-02 18:51:29.488 28567 28612 W DefaultFailureHandler: 	at org.junit.runners.ParentRunner.runChildren(ParentRunner.java:329)
12-02 18:51:29.488 28567 28612 W DefaultFailureHandler: 	at org.junit.runners.ParentRunner.access$100(ParentRunner.java:66)
12-02 18:51:29.488 28567 28612 W DefaultFailureHandler: 	at org.junit.runners.ParentRunner$2.evaluate(ParentRunner.java:293)
12-02 18:51:29.488 28567 28612 W DefaultFailureHandler: 	at org.junit.runners.ParentRunner$3.evaluate(ParentRunner.java:306)
12-02 18:51:29.488 28567 28612 W DefaultFailureHandler: 	at org.junit.runners.ParentRunner.run(ParentRunner.java:413)
12-02 18:51:29.488 28567 28612 W DefaultFailureHandler: 	at androidx.test.ext.junit.runners.AndroidJUnit4.run(AndroidJUnit4.java:162)
12-02 18:51:29.488 28567 28612 W DefaultFailureHandler: 	at io.qameta.allure.android.runners.AllureAndroidJUnit4.run(AllureAndroidJUnitRunners.kt:29)
12-02 18:51:29.488 28567 28612 W DefaultFailureHandler: 	at org.junit.runners.Suite.runChild(Suite.java:128)
12-02 18:51:29.488 28567 28612 W DefaultFailureHandler: 	at org.junit.runners.Suite.runChild(Suite.java:27)
12-02 18:51:29.488 28567 28612 W DefaultFailureHandler: 	at org.junit.runners.ParentRunner$4.run(ParentRunner.java:331)
12-02 18:51:29.488 28567 28612 W DefaultFailureHandler: 	at org.junit.runners.ParentRunner$1.schedule(ParentRunner.java:79)
12-02 18:51:29.488 28567 28612 W DefaultFailureHandler: 	at org.junit.runners.ParentRunner.runChildren(ParentRunner.java:329)
12-02 18:51:29.488 28567 28612 W DefaultFailureHandler: 	at org.junit.runners.ParentRunner.access$100(ParentRunner.java:66)
12-02 18:51:29.488 28567 28612 W DefaultFailureHandler: 	at org.junit.runners.ParentRunner$2.evaluate(ParentRunner.java:293)
12-02 18:51:29.488 28567 28612 W DefaultFailureHandler: 	at org.junit.runners.ParentRunner$3.evaluate(ParentRunner.java:306)
12-02 18:51:29.488 28567 28612 W DefaultFailureHandler: 	at org.junit.runners.ParentRunner.run(ParentRunner.java:413)
12-02 18:51:29.488 28567 28612 W DefaultFailureHandler: 	at org.junit.runner.JUnitCore.run(JUnitCore.java:137)
12-02 18:51:29.488 28567 28612 W DefaultFailureHandler: 	at org.junit.runner.JUnitCore.run(JUnitCore.java:115)
12-02 18:51:29.488 28567 28612 W DefaultFailureHandler: 	at androidx.test.internal.runner.TestExecutor.execute(TestExecutor.java:67)
12-02 18:51:29.488 28567 28612 W DefaultFailureHandler: 	at androidx.test.internal.runner.TestExecutor.execute(TestExecutor.java:58)
12-02 18:51:29.488 28567 28612 W DefaultFailureHandler: 	at androidx.test.runner.AndroidJUnitRunner.onStart(AndroidJUnitRunner.java:438)
12-02 18:51:29.488 28567 28612 W DefaultFailureHandler: 	at android.app.Instrumentation$InstrumentationThread.run(Instrumentation.java:2189)
12-02 18:51:29.489 28567 28612 W DefaultFailureHandler: Caused by: android.system.ErrnoException: open failed: EROFS (Read-only file system)
12-02 18:51:29.489 28567 28612 W DefaultFailureHandler: 	at libcore.io.Linux.open(Native Method)
12-02 18:51:29.489 28567 28612 W DefaultFailureHandler: 	at libcore.io.ForwardingOs.open(ForwardingOs.java:167)
12-02 18:51:29.489 28567 28612 W DefaultFailureHandler: 	at libcore.io.BlockGuardOs.open(BlockGuardOs.java:252)
12-02 18:51:29.489 28567 28612 W DefaultFailureHandler: 	at libcore.io.ForwardingOs.open(ForwardingOs.java:167)
12-02 18:51:29.489 28567 28612 W DefaultFailureHandler: 	at android.app.ActivityThread$AndroidOs.open(ActivityThread.java:7255)
12-02 18:51:29.489 28567 28612 W DefaultFailureHandler: 	at libcore.io.IoBridge.open(IoBridge.java:482)
12-02 18:51:29.489 28567 28612 W DefaultFailureHandler: 	... 51 more
12-02 18:51:29.493 28567 28567 I ViewInteraction: Performing 'wait for a specific view with <view.getId() is <2131230870/ru.iteco.fmhandroid:id/authorization_image_button>> during 10000 millis.' action on view view.getRootView() to equal view
12-02 18:51:29.499 28567 28567 I ViewInteraction: Checking 'MatchesViewAssertion{viewMatcher=(view has effective visibility <VISIBLE> and view.getGlobalVisibleRect() to return non-empty rectangle)}' assertion on view view.getId() is <2131230870/ru.iteco.fmhandroid:id/authorization_image_button>
12-02 18:51:29.502 28567 28567 I ViewInteraction: Performing 'single click' action on view view.getId() is <2131230870/ru.iteco.fmhandroid:id/authorization_image_button>
12-02 18:51:29.557  1750  3111 W audio_hw_generic: Not supplying enough data to HAL, expected position 385907694 , only wrote 385907664
12-02 18:51:29.624  1772  1875 D gralloc_ranchu: gralloc_alloc: Creating ashmem region of size 1429504
12-02 18:51:29.636  1772  1875 I chatty  : uid=1000(system) HwBinder:1772_2 identical 1 line
12-02 18:51:29.638  1772  1875 D gralloc_ranchu: gralloc_alloc: Creating ashmem region of size 1429504
12-02 18:51:29.640 28567 28625 D EGL_emulation: eglMakeCurrent: 0xdb91b8c0: ver 2 0 (tinfo 0xc09d6ab0)
12-02 18:51:29.720 28567 28625 I chatty  : uid=10159(ru.iteco.fmhandroid) RenderThread identical 3 lines
12-02 18:51:29.746 28567 28625 D EGL_emulation: eglMakeCurrent: 0xdb91b8c0: ver 2 0 (tinfo 0xc09d6ab0)
12-02 18:51:29.946 28567 28567 I ViewInteraction: Performing 'wait for a specific view with <an instance of android.widget.TextView and view.getText() with or without transformation to match: is "Log out"> during 10000 millis.' action on view view.getRootView() to equal view
12-02 18:51:29.949 28567 28567 I ViewInteraction: Checking 'MatchesViewAssertion{viewMatcher=(view has effective visibility <VISIBLE> and view.getGlobalVisibleRect() to return non-empty rectangle)}' assertion on view an instance of android.widget.TextView and view.getText() with or without transformation to match: is "Log out"
12-02 18:51:29.957 28567 28567 I ViewInteraction: Performing 'single click' action on view an instance of android.widget.TextView and view.getText() with or without transformation to match: is "Log out"
12-02 18:51:30.213 28567 28625 D EGL_emulation: eglMakeCurrent: 0xdb91b8c0: ver 2 0 (tinfo 0xc09d6ab0)
12-02 18:51:30.253 28567 28625 D EGL_emulation: eglMakeCurrent: 0xdb91b8c0: ver 2 0 (tinfo 0xc09d6ab0)
12-02 18:51:30.351 28567 28567 I ViewInteraction: Performing 'wait for a specific view with <(an instance of android.widget.TextView and view.getText() with or without transformation to match: is "Authorization" and view.getParent() view.getParent() view.getId() is <2131231186>)> during 10000 millis.' action on view view.getRootView() to equal view
12-02 18:51:30.356 28567 28567 I ViewInteraction: Checking 'MatchesViewAssertion{viewMatcher=(view has effective visibility <VISIBLE> and view.getGlobalVisibleRect() to return non-empty rectangle)}' assertion on view (an instance of android.widget.TextView and view.getText() with or without transformation to match: is "Authorization" and view.getParent() view.getParent() view.getId() is <2131231186/ru.iteco.fmhandroid:id/nav_host_fragment>)
12-02 18:51:30.359 28567 28567 I ViewInteraction: Performing 'wait for a specific view with <(an instance of android.widget.TextView and view.getHint() matching: is "Login" and view.getParent() view.getParent() view.getId() is <2131231121/ru.iteco.fmhandroid:id/login_text_input_layout>)> during 10000 millis.' action on view view.getRootView() to equal view
12-02 18:51:30.367 28567 28567 I ViewInteraction: Checking 'MatchesViewAssertion{viewMatcher=(view has effective visibility <VISIBLE> and view.getGlobalVisibleRect() to return non-empty rectangle)}' assertion on view (an instance of android.widget.TextView and view.getHint() matching: is "Login" and view.getParent() view.getParent() view.getId() is <2131231121/ru.iteco.fmhandroid:id/login_text_input_layout>)
12-02 18:51:30.373 28567 28567 I ViewInteraction: Performing 'wait for a specific view with <(an instance of android.widget.TextView and view.getHint() matching: is "Password" and view.getParent() view.getParent() view.getId() is <2131231264/ru.iteco.fmhandroid:id/password_text_input_layout>)> during 10000 millis.' action on view view.getRootView() to equal view
12-02 18:51:30.377 28567 28567 I ViewInteraction: Checking 'MatchesViewAssertion{viewMatcher=(view has effective visibility <VISIBLE> and view.getGlobalVisibleRect() to return non-empty rectangle)}' assertion on view (an instance of android.widget.TextView and view.getHint() matching: is "Password" and view.getParent() view.getParent() view.getId() is <2131231264/ru.iteco.fmhandroid:id/password_text_input_layout>)
12-02 18:51:30.382 28567 28567 I ViewInteraction: Performing 'wait for a specific view with <(view.getId() is <2131231039/ru.iteco.fmhandroid:id/enter_button> and an instance of android.widget.TextView and view.getText() with or without transformation to match: is "SIGN IN" and view.getContentDescription() is "Save" and view.getParent() view.getParent() an instance of android.widget.RelativeLayout)> during 10000 millis.' action on view view.getRootView() to equal view
12-02 18:51:30.386 28567 28567 I ViewInteraction: Checking 'MatchesViewAssertion{viewMatcher=(view has effective visibility <VISIBLE> and view.getGlobalVisibleRect() to return non-empty rectangle)}' assertion on view (view.getId() is <2131231039/ru.iteco.fmhandroid:id/enter_button> and an instance of android.widget.TextView and view.getText() with or without transformation to match: is "SIGN IN" and view.getContentDescription() is "Save" and view.getParent() view.getParent() an instance of android.widget.RelativeLayout)
12-02 18:51:30.391 28567 28567 I ViewInteraction: Performing 'wait for a specific view with <(an instance of android.widget.TextView and view.getText() with or without transformation to match: is "Authorization" and view.getParent() view.getParent() view.getId() is <2131231186>)> during 10000 millis.' action on view view.getRootView() to equal view
12-02 18:51:30.396 28567 28567 I ViewInteraction: Checking 'MatchesViewAssertion{viewMatcher=(view has effective visibility <VISIBLE> and view.getGlobalVisibleRect() to return non-empty rectangle)}' assertion on view (an instance of android.widget.TextView and view.getText() with or without transformation to match: is "Authorization" and view.getParent() view.getParent() view.getId() is <2131231186/ru.iteco.fmhandroid:id/nav_host_fragment>)
12-02 18:51:30.400 28567 28567 I ViewInteraction: Performing 'wait for a specific view with <(an instance of android.widget.TextView and view.getHint() matching: is "Login" and view.getParent() view.getParent() view.getId() is <2131231121/ru.iteco.fmhandroid:id/login_text_input_layout>)> during 10000 millis.' action on view view.getRootView() to equal view
12-02 18:51:30.406 28567 28567 I ViewInteraction: Checking 'MatchesViewAssertion{viewMatcher=(view has effective visibility <VISIBLE> and view.getGlobalVisibleRect() to return non-empty rectangle)}' assertion on view (an instance of android.widget.TextView and view.getHint() matching: is "Login" and view.getParent() view.getParent() view.getId() is <2131231121/ru.iteco.fmhandroid:id/login_text_input_layout>)
12-02 18:51:30.411 28567 28567 I ViewInteraction: Performing 'wait for a specific view with <(an instance of android.widget.TextView and view.getHint() matching: is "Password" and view.getParent() view.getParent() view.getId() is <2131231264/ru.iteco.fmhandroid:id/password_text_input_layout>)> during 10000 millis.' action on view view.getRootView() to equal view
12-02 18:51:30.417 28567 28567 I ViewInteraction: Checking 'MatchesViewAssertion{viewMatcher=(view has effective visibility <VISIBLE> and view.getGlobalVisibleRect() to return non-empty rectangle)}' assertion on view (an instance of android.widget.TextView and view.getHint() matching: is "Password" and view.getParent() view.getParent() view.getId() is <2131231264/ru.iteco.fmhandroid:id/password_text_input_layout>)
12-02 18:51:30.422 28567 28567 I ViewInteraction: Performing 'wait for a specific view with <(view.getId() is <2131231039/ru.iteco.fmhandroid:id/enter_button> and an instance of android.widget.TextView and view.getText() with or without transformation to match: is "SIGN IN" and view.getContentDescription() is "Save" and view.getParent() view.getParent() an instance of android.widget.RelativeLayout)> during 10000 millis.' action on view view.getRootView() to equal view
12-02 18:51:30.428 28567 28567 I ViewInteraction: Checking 'MatchesViewAssertion{viewMatcher=(view has effective visibility <VISIBLE> and view.getGlobalVisibleRect() to return non-empty rectangle)}' assertion on view (view.getId() is <2131231039/ru.iteco.fmhandroid:id/enter_button> and an instance of android.widget.TextView and view.getText() with or without transformation to match: is "SIGN IN" and view.getContentDescription() is "Save" and view.getParent() view.getParent() an instance of android.widget.RelativeLayout)
12-02 18:51:30.433 28567 28567 I ViewInteraction: Performing 'wait for a specific view with <(an instance of android.widget.TextView and view.getHint() matching: is "Login" and view.getParent() view.getParent() view.getId() is <2131231121/ru.iteco.fmhandroid:id/login_text_input_layout>)> during 10000 millis.' action on view view.getRootView() to equal view
12-02 18:51:30.437 28567 28567 I ViewInteraction: Performing 'replace text(login2)' action on view (an instance of android.widget.TextView and view.getHint() matching: is "Login" and view.getParent() view.getParent() view.getId() is <2131231121/ru.iteco.fmhandroid:id/login_text_input_layout>)
12-02 18:51:30.485 28567 28567 I ViewInteraction: Performing 'wait for a specific view with <(an instance of android.widget.TextView and view.getHint() matching: is "Password" and view.getParent() view.getParent() view.getId() is <2131231264/ru.iteco.fmhandroid:id/password_text_input_layout>)> during 10000 millis.' action on view view.getRootView() to equal view
12-02 18:51:30.494 28567 28567 I ViewInteraction: Performing 'replace text(password2)' action on view (an instance of android.widget.TextView and view.getHint() matching: is "Password" and view.getParent() view.getParent() view.getId() is <2131231264/ru.iteco.fmhandroid:id/password_text_input_layout>)
12-02 18:51:30.523 28567 28567 I ViewInteraction: Performing 'wait for a specific view with <(view.getId() is <2131231039/ru.iteco.fmhandroid:id/enter_button> and an instance of android.widget.TextView and view.getText() with or without transformation to match: is "SIGN IN" and view.getContentDescription() is "Save" and view.getParent() view.getParent() an instance of android.widget.RelativeLayout)> during 10000 millis.' action on view view.getRootView() to equal view
12-02 18:51:30.536 28567 28567 I ViewInteraction: Checking 'MatchesViewAssertion{viewMatcher=view.isClickable() is <true>}' assertion on view (view.getId() is <2131231039/ru.iteco.fmhandroid:id/enter_button> and an instance of android.widget.TextView and view.getText() with or without transformation to match: is "SIGN IN" and view.getContentDescription() is "Save" and view.getParent() view.getParent() an instance of android.widget.RelativeLayout)
12-02 18:51:30.558 28567 28567 I ViewInteraction: Performing 'wait for a specific view with <(view.getId() is <2131231039/ru.iteco.fmhandroid:id/enter_button> and an instance of android.widget.TextView and view.getText() with or without transformation to match: is "SIGN IN" and view.getContentDescription() is "Save" and view.getParent() view.getParent() an instance of android.widget.RelativeLayout)> during 10000 millis.' action on view view.getRootView() to equal view
12-02 18:51:30.563 28567 28567 I ViewInteraction: Checking 'MatchesViewAssertion{viewMatcher=view.isClickable() is <true>}' assertion on view (view.getId() is <2131231039/ru.iteco.fmhandroid:id/enter_button> and an instance of android.widget.TextView and view.getText() with or without transformation to match: is "SIGN IN" and view.getContentDescription() is "Save" and view.getParent() view.getParent() an instance of android.widget.RelativeLayout)
12-02 18:51:30.566 28567 28567 I ViewInteraction: Performing 'wait for a specific view with <(view.getId() is <2131231039/ru.iteco.fmhandroid:id/enter_button> and an instance of android.widget.TextView and view.getText() with or without transformation to match: is "SIGN IN" and view.getContentDescription() is "Save" and view.getParent() view.getParent() an instance of android.widget.RelativeLayout)> during 10000 millis.' action on view view.getRootView() to equal view
12-02 18:51:30.571 28567 28567 I ViewInteraction: Performing 'single click' action on view (view.getId() is <2131231039/ru.iteco.fmhandroid:id/enter_button> and an instance of android.widget.TextView and view.getText() with or without transformation to match: is "SIGN IN" and view.getContentDescription() is "Save" and view.getParent() view.getParent() an instance of android.widget.RelativeLayout)
12-02 18:51:30.631 28567 28657 I okhttp.OkHttpClient: --> POST http://www.981757-ca08998.tmweb.ru:8080/fmh/authentication/login
12-02 18:51:30.631 28567 28657 I okhttp.OkHttpClient: Content-Type: application/json; charset=UTF-8
12-02 18:51:30.631 28567 28657 I okhttp.OkHttpClient: Content-Length: 41
12-02 18:51:30.632 28567 28657 I okhttp.OkHttpClient: {"login":"login2","password":"password2"}
12-02 18:51:30.632 28567 28657 I okhttp.OkHttpClient: --> END POST (41-byte body)
12-02 18:51:30.868 28567 28567 I ViewInteraction: Performing 'wait for a specific view with <an instance of android.widget.TextView and view.getText() with or without transformation to match: is "News"> during 10000 millis.' action on view view.getRootView() to equal view
12-02 18:51:30.939 28567 28657 I okhttp.OkHttpClient: <-- 200 http://www.981757-ca08998.tmweb.ru:8080/fmh/authentication/login (306ms)
12-02 18:51:30.939 28567 28657 I okhttp.OkHttpClient: Vary: Origin
12-02 18:51:30.939 28567 28657 I okhttp.OkHttpClient: Vary: Access-Control-Request-Method
12-02 18:51:30.939 28567 28657 I okhttp.OkHttpClient: Vary: Access-Control-Request-Headers
12-02 18:51:30.939 28567 28657 I okhttp.OkHttpClient: X-Content-Type-Options: nosniff
12-02 18:51:30.939 28567 28657 I okhttp.OkHttpClient: X-XSS-Protection: 1; mode=block
12-02 18:51:30.939 28567 28657 I okhttp.OkHttpClient: Cache-Control: no-cache, no-store, max-age=0, must-revalidate
12-02 18:51:30.939 28567 28657 I okhttp.OkHttpClient: Pragma: no-cache
12-02 18:51:30.939 28567 28657 I okhttp.OkHttpClient: Expires: 0
12-02 18:51:30.939 28567 28657 I okhttp.OkHttpClient: X-Frame-Options: DENY
12-02 18:51:30.939 28567 28657 I okhttp.OkHttpClient: Content-Type: application/json
12-02 18:51:30.940 28567 28657 I okhttp.OkHttpClient: Transfer-Encoding: chunked
12-02 18:51:30.940 28567 28657 I okhttp.OkHttpClient: Date: Fri, 02 Dec 2022 15:51:32 GMT
12-02 18:51:30.940 28567 28657 I okhttp.OkHttpClient: Keep-Alive: timeout=60
12-02 18:51:30.940 28567 28657 I okhttp.OkHttpClient: Connection: keep-alive
12-02 18:51:30.941 28567 28657 I okhttp.OkHttpClient: {"accessToken":"eyJhbGciOiJIUzUxMiJ9.eyJzdWIiOiJsb2dpbjIiLCJqdGkiOiIyIiwiZXhwIjoxNjcwMDgyNjkyfQ.w0LenOf1mipZSGYmiJZFWdCC9wBmCv1py0ULeQijhFQOeS-koXZpuWEmxP5HVoZ4uWh0UKDfY8sI6U2o58LJPg","refreshToken":"eyJhbGciOiJIUzUxMiJ9.eyJzdWIiOiJsb2dpbjIiLCJqdGkiOiIyIiwiZXhwIjoxNjcyNTg4MjkyfQ.dAw-YjGMu7pDLp46OcYrAZ97VYbW7-Iz1578dYFDJhHduNUIzXlkO5L5K61dLA1SmYk_AGravrGC9qY9e3T4nA"}
12-02 18:51:30.941 28567 28657 I okhttp.OkHttpClient: <-- END HTTP (368-byte body)
12-02 18:51:30.947 28567 28638 I okhttp.OkHttpClient: --> GET http://www.981757-ca08998.tmweb.ru:8080/fmh/authentication/userInfo
12-02 18:51:30.947 28567 28638 I okhttp.OkHttpClient: --> END GET
12-02 18:51:31.143 28567 28638 I okhttp.OkHttpClient: <-- 200 http://www.981757-ca08998.tmweb.ru:8080/fmh/authentication/userInfo (195ms)
12-02 18:51:31.144 28567 28638 I okhttp.OkHttpClient: Vary: Origin
12-02 18:51:31.144 28567 28638 I okhttp.OkHttpClient: Vary: Access-Control-Request-Method
12-02 18:51:31.144 28567 28638 I okhttp.OkHttpClient: Vary: Access-Control-Request-Headers
12-02 18:51:31.144 28567 28638 I okhttp.OkHttpClient: X-Content-Type-Options: nosniff
12-02 18:51:31.144 28567 28638 I okhttp.OkHttpClient: X-XSS-Protection: 1; mode=block
12-02 18:51:31.144 28567 28638 I okhttp.OkHttpClient: Cache-Control: no-cache, no-store, max-age=0, must-revalidate
12-02 18:51:31.144 28567 28638 I okhttp.OkHttpClient: Pragma: no-cache
12-02 18:51:31.144 28567 28638 I okhttp.OkHttpClient: Expires: 0
12-02 18:51:31.144 28567 28638 I okhttp.OkHttpClient: X-Frame-Options: DENY
12-02 18:51:31.144 28567 28638 I okhttp.OkHttpClient: Content-Type: application/json
12-02 18:51:31.144 28567 28638 I okhttp.OkHttpClient: Transfer-Encoding: chunked
12-02 18:51:31.144 28567 28638 I okhttp.OkHttpClient: Date: Fri, 02 Dec 2022 15:51:32 GMT
12-02 18:51:31.144 28567 28638 I okhttp.OkHttpClient: Keep-Alive: timeout=60
12-02 18:51:31.145 28567 28638 I okhttp.OkHttpClient: Connection: keep-alive
12-02 18:51:31.148 28567 28638 I okhttp.OkHttpClient: {"id":2,"firstName":"Данил","lastName":"Иванов","middleName":"Данилович","admin":true}
12-02 18:51:31.149 28567 28638 I okhttp.OkHttpClient: <-- END HTTP (106-byte body)
12-02 18:51:31.166 28567 28643 I okhttp.OkHttpClient: --> GET http://www.981757-ca08998.tmweb.ru:8080/fmh/claims
12-02 18:51:31.166 28567 28643 I okhttp.OkHttpClient: --> END GET
12-02 18:51:31.176  1743 28728 E ResolverController: No valid NAT64 prefix (126, <unspecified>/0)
12-02 18:51:31.358 28567 28567 I ViewInteraction: Checking 'MatchesViewAssertion{viewMatcher=(view has effective visibility <VISIBLE> and view.getGlobalVisibleRect() to return non-empty rectangle)}' assertion on view an instance of android.widget.TextView and view.getText() with or without transformation to match: is "News"
12-02 18:51:31.365 28567 28567 I ViewInteraction: Performing 'wait for a specific view with <view.getId() is <2131230951>> during 10000 millis.' action on view view.getRootView() to equal view
12-02 18:51:31.367 28567 28726 W teco.fmhandroi: Accessing hidden method Lsun/misc/Unsafe;->getObject(Ljava/lang/Object;J)Ljava/lang/Object; (greylist, linking, allowed)
12-02 18:51:31.372 28567 28567 I ViewInteraction: Checking 'MatchesViewAssertion{viewMatcher=(view has effective visibility <VISIBLE> and view.getGlobalVisibleRect() to return non-empty rectangle)}' assertion on view view.getId() is <2131230951/ru.iteco.fmhandroid:id/container_list_news_include_on_fragment_main>
12-02 18:51:31.381 28567 28567 I ViewInteraction: Performing 'wait for a specific view with <view.getId() is <2131230949>> during 10000 millis.' action on view view.getRootView() to equal view
12-02 18:51:31.390 28567 28567 I ViewInteraction: Checking 'MatchesViewAssertion{viewMatcher=(view has effective visibility <VISIBLE> and view.getGlobalVisibleRect() to return non-empty rectangle)}' assertion on view view.getId() is <2131230949/ru.iteco.fmhandroid:id/container_list_claim_include_on_fragment_main>
12-02 18:51:31.398 28567 28567 I ViewInteraction: Performing 'wait for a specific view with <an instance of android.widget.TextView and view.getText() with or without transformation to match: is "Claims"> during 10000 millis.' action on view view.getRootView() to equal view
12-02 18:51:31.432 28567 28580 I teco.fmhandroi: NativeAlloc concurrent copying GC freed 151686(7972KB) AllocSpace objects, 5(224KB) LOS objects, 41% free, 8652KB/14MB, paused 2.060ms total 210.802ms
12-02 18:51:31.609 28567 28567 I ViewInteraction: Checking 'MatchesViewAssertion{viewMatcher=(view has effective visibility <VISIBLE> and view.getGlobalVisibleRect() to return non-empty rectangle)}' assertion on view an instance of android.widget.TextView and view.getText() with or without transformation to match: is "Claims"
12-02 18:51:31.613 28567 28567 I ViewInteraction: Performing 'wait for a specific view with <view.getId() is <2131231123/ru.iteco.fmhandroid:id/main_menu_image_button>> during 10000 millis.' action on view view.getRootView() to equal view
12-02 18:51:31.617 28567 28567 I ViewInteraction: Performing 'single click' action on view view.getId() is <2131231123/ru.iteco.fmhandroid:id/main_menu_image_button>
12-02 18:51:31.716  1772  1875 D gralloc_ranchu: gralloc_alloc: Creating ashmem region of size 3264512
12-02 18:51:31.724  1772  1875 I chatty  : uid=1000(system) HwBinder:1772_2 identical 1 line
12-02 18:51:31.726  1772  1875 D gralloc_ranchu: gralloc_alloc: Creating ashmem region of size 3264512
12-02 18:51:31.743 28567 28625 D EGL_emulation: eglMakeCurrent: 0xdb91b8c0: ver 2 0 (tinfo 0xc09d6ab0)
12-02 18:51:31.816 28567 28625 I chatty  : uid=10159(ru.iteco.fmhandroid) RenderThread identical 3 lines
12-02 18:51:31.834 28567 28625 D EGL_emulation: eglMakeCurrent: 0xdb91b8c0: ver 2 0 (tinfo 0xc09d6ab0)
12-02 18:51:32.058 28567 28567 I ViewInteraction: Performing 'wait for a specific view with <an instance of android.widget.TextView and view.getText() with or without transformation to match: is "Claims"> during 10000 millis.' action on view view.getRootView() to equal view
12-02 18:51:32.061 28567 28567 I ViewInteraction: Performing 'single click' action on view an instance of android.widget.TextView and view.getText() with or without transformation to match: is "Claims"
12-02 18:51:32.211 28567 28659 I okhttp.OkHttpClient: --> GET http://www.981757-ca08998.tmweb.ru:8080/fmh/claims
12-02 18:51:32.212 28567 28659 I okhttp.OkHttpClient: --> END GET
12-02 18:51:32.301 28567 28625 D EGL_emulation: eglMakeCurrent: 0xdb91b8c0: ver 2 0 (tinfo 0xc09d6ab0)
12-02 18:51:32.320 28567 28625 D EGL_emulation: eglMakeCurrent: 0xdb91b8c0: ver 2 0 (tinfo 0xc09d6ab0)
12-02 18:51:32.518 28567 28567 I ViewInteraction: Performing 'wait for a specific view with <view.getId() is <2131230849/ru.iteco.fmhandroid:id/add_new_claim_material_button>> during 10000 millis.' action on view view.getRootView() to equal view
12-02 18:51:32.522 28567 28567 I ViewInteraction: Performing 'single click' action on view view.getId() is <2131230849/ru.iteco.fmhandroid:id/add_new_claim_material_button>
12-02 18:51:32.578 28567 28638 I okhttp.OkHttpClient: --> GET http://www.981757-ca08998.tmweb.ru:8080/fmh/users
12-02 18:51:32.578 28567 28638 I okhttp.OkHttpClient: --> END GET
12-02 18:51:32.784 28567 28638 I okhttp.OkHttpClient: <-- 200 http://www.981757-ca08998.tmweb.ru:8080/fmh/users (206ms)
12-02 18:51:32.785 28567 28638 I okhttp.OkHttpClient: Vary: Origin
12-02 18:51:32.785 28567 28638 I okhttp.OkHttpClient: Vary: Access-Control-Request-Method
12-02 18:51:32.785 28567 28638 I okhttp.OkHttpClient: Vary: Access-Control-Request-Headers
12-02 18:51:32.785 28567 28638 I okhttp.OkHttpClient: X-Content-Type-Options: nosniff
12-02 18:51:32.786 28567 28638 I okhttp.OkHttpClient: X-XSS-Protection: 1; mode=block
12-02 18:51:32.786 28567 28638 I okhttp.OkHttpClient: Cache-Control: no-cache, no-store, max-age=0, must-revalidate
12-02 18:51:32.786 28567 28638 I okhttp.OkHttpClient: Pragma: no-cache
12-02 18:51:32.786 28567 28638 I okhttp.OkHttpClient: Expires: 0
12-02 18:51:32.786 28567 28638 I okhttp.OkHttpClient: X-Frame-Options: DENY
12-02 18:51:32.786 28567 28638 I okhttp.OkHttpClient: Content-Type: application/json
12-02 18:51:32.787 28567 28638 I okhttp.OkHttpClient: Transfer-Encoding: chunked
12-02 18:51:32.787 28567 28638 I okhttp.OkHttpClient: Date: Fri, 02 Dec 2022 15:51:34 GMT
12-02 18:51:32.787 28567 28638 I okhttp.OkHttpClient: Keep-Alive: timeout=60
12-02 18:51:32.787 28567 28638 I okhttp.OkHttpClient: Connection: keep-alive
12-02 18:51:32.788 28567 28638 I okhttp.OkHttpClient: [{"id":1,"firstName":"Петр","lastName":"Смирнов","middleName":"Петрович","admin":true},{"id":2,"firstName":"Данил","lastName":"Иванов","middleName":"Данилович","admin":true},{"id":3,"firstName":"Егор","lastName":"Петров","middleName":"Егорович","admin":false},{"id":4,"firstName":"Дмитрий","lastName":"Сидоров","middleName":"Дмитриевич","admin":false},{"id":5,"firstName":"Тест","lastName":"Тестов","middleName":"Тестович","admin":true},{"id":6,"firstName":"Diplom","lastName":"Netology","middleName":"QAMID","admin":true}]
12-02 18:51:32.788 28567 28638 I okhttp.OkHttpClient: <-- END HTTP (622-byte body)
12-02 18:51:33.028 28567 28567 I ViewInteraction: Performing 'wait for a specific view with <view.getId() is <2131231041/ru.iteco.fmhandroid:id/executor_drop_menu_auto_complete_text_view>> during 10000 millis.' action on view view.getRootView() to equal view
12-02 18:51:33.037 28567 28567 I ViewInteraction: Performing 'single click' action on view view.getId() is <2131231041/ru.iteco.fmhandroid:id/executor_drop_menu_auto_complete_text_view>
12-02 18:51:33.145  1743  1944 I netd    : firewallSetUidRule(2, 10145, 1) <0.03ms>
12-02 18:51:33.187  1772  1875 D gralloc_ranchu: gralloc_alloc: Creating ashmem region of size 7032832
12-02 18:51:33.194  1772  1875 I chatty  : uid=1000(system) HwBinder:1772_2 identical 1 line
12-02 18:51:33.197  1772  1875 D gralloc_ranchu: gralloc_alloc: Creating ashmem region of size 7032832
12-02 18:51:33.215 28567 28625 D EGL_emulation: eglMakeCurrent: 0xdb91b8c0: ver 2 0 (tinfo 0xc09d6ab0)
12-02 18:51:33.266 28567 28567 I AssistStructure: Flattened final assist data: 6984 bytes, containing 2 windows, 53 views
12-02 18:51:33.284  2584  2584 W ktk     : Pending fill request while another request in the same session was triggered. [CONTEXT service_id=177 ]
12-02 18:51:33.288  2486  2486 W GInputConnectionWrapper: IPC IC_GET_TEXT_BEFORE_CURSOR_AND_FIX_SELECTION_INDICES took 137 ms
12-02 18:51:33.292  2010  2342 D AutofillSession: Starting partition or augmented request for view id 1073741827@1517563295: STARTED_SESSION
12-02 18:51:33.318 28567 28625 D EGL_emulation: eglMakeCurrent: 0xdb91b8c0: ver 2 0 (tinfo 0xc09d6ab0)
12-02 18:51:33.319  2010  2034 D AutofillUI: destroySaveUiUiThread(): already destroyed
12-02 18:51:33.344 28567 28567 I AssistStructure: Flattened final assist data: 6984 bytes, containing 2 windows, 53 views
12-02 18:51:33.368 28567 28625 D EGL_emulation: eglMakeCurrent: 0xdb91b8c0: ver 2 0 (tinfo 0xc09d6ab0)
12-02 18:51:33.375  2486  2486 I KeyboardViewUtil: systemKeyboardHeightRatio:1.000000; userKeyboardHeightRatio:1.000000.
12-02 18:51:33.376  2486  2486 I AndroidIME: LatinIme.onActivate() : EditorInfo = Package = ru.iteco.fmhandroid : Type = Text : Learning = Disable : Suggestion = Show : AutoCorrection = Disable : Microphone = Show : NoPersonalizedLearning = Disable
12-02 18:51:33.395  2486  2486 I Conv2QueryExtension: Current locale: en_US, config allows these locales: de,en,es,fr,it,ms,pt,ta
12-02 18:51:33.396  2486  2486 I Conv2QueryExtension: Conv2Query not enabled due to current app [ru.iteco.fmhandroid] not in whitelist
12-02 18:51:33.396  2486  2486 I Conv2QueryExtension: onActivate() : Disabled by unsupported host app
12-02 18:51:33.418  1772  1875 D gralloc_ranchu: gralloc_alloc: Creating ashmem region of size 14262272
12-02 18:51:33.424  1772  1875 I chatty  : uid=1000(system) HwBinder:1772_2 identical 1 line
12-02 18:51:33.429  1772  1875 D gralloc_ranchu: gralloc_alloc: Creating ashmem region of size 14262272
12-02 18:51:33.432  2169  2501 D EGL_emulation: eglMakeCurrent: 0xdb91a600: ver 2 0 (tinfo 0xdb90f8d0)
12-02 18:51:33.441  2486  6704 D EGL_emulation: eglMakeCurrent: 0xdb91b920: ver 2 0 (tinfo 0xdb90fce0)
12-02 18:51:33.519 28567 28625 D EGL_emulation: eglMakeCurrent: 0xdb91b8c0: ver 2 0 (tinfo 0xc09d6ab0)
12-02 18:51:33.553  1772  1875 D gralloc_ranchu: gralloc_alloc: Creating ashmem region of size 4997120
12-02 18:51:33.566 28567 28625 D EGL_emulation: eglMakeCurrent: 0xdb91b8c0: ver 2 0 (tinfo 0xc09d6ab0)
12-02 18:51:33.587  1772  1875 D gralloc_ranchu: gralloc_alloc: Creating ashmem region of size 4997120
12-02 18:51:33.594 28567 28625 D EGL_emulation: eglMakeCurrent: 0xdb91b8c0: ver 2 0 (tinfo 0xc09d6ab0)
12-02 18:51:33.610 28567 28625 D EGL_emulation: eglMakeCurrent: 0xdb91b8c0: ver 2 0 (tinfo 0xc09d6ab0)
12-02 18:51:33.621  1772  1875 D gralloc_ranchu: gralloc_alloc: Creating ashmem region of size 4997120
12-02 18:51:33.634 28567 28625 D EGL_emulation: eglMakeCurrent: 0xdb91b8c0: ver 2 0 (tinfo 0xc09d6ab0)
12-02 18:51:33.661 28567 28580 I teco.fmhandroi: NativeAlloc concurrent copying GC freed 67998(3085KB) AllocSpace objects, 2(32KB) LOS objects, 36% free, 10MB/16MB, paused 2.010ms total 110.651ms
12-02 18:51:33.720 28567 28567 I ViewInteraction: Performing 'close keyboard' action on view view.getRootView() to equal view
12-02 18:51:33.727  1743  1944 I netd    : firewallSetUidRule(2, 10145, 2) <0.06ms>
12-02 18:51:33.732  2486  2486 I PhenotypeExpConfig: refreshConfiguration() : Force = false : UpdateAvailable = false : Age = 169 minutes : MaxAge = 720 minutes
12-02 18:51:33.738  2486  2486 I AndroidIME: LatinIme.onDeactivate()
12-02 18:51:33.749  2486  6704 D EGL_emulation: eglMakeCurrent: 0xdb91b920: ver 2 0 (tinfo 0xdb90fce0)
12-02 18:51:33.848  1772  1875 D gralloc_ranchu: gralloc_alloc: Creating ashmem region of size 7032832
12-02 18:51:33.858 28567 28625 D EGL_emulation: eglMakeCurrent: 0xdb91b8c0: ver 2 0 (tinfo 0xc09d6ab0)
12-02 18:51:33.880  1772  1875 D gralloc_ranchu: gralloc_alloc: Creating ashmem region of size 7032832
12-02 18:51:33.885 28567 28625 D EGL_emulation: eglMakeCurrent: 0xdb91b8c0: ver 2 0 (tinfo 0xc09d6ab0)
12-02 18:51:33.902 28567 28625 D EGL_emulation: eglMakeCurrent: 0xdb91b8c0: ver 2 0 (tinfo 0xc09d6ab0)
12-02 18:51:33.923  1772  1875 D gralloc_ranchu: gralloc_alloc: Creating ashmem region of size 7032832
12-02 18:51:34.130 28567 28625 D EGL_emulation: eglMakeCurrent: 0xdb91b8c0: ver 2 0 (tinfo 0xc09d6ab0)
12-02 18:51:34.230 28567 28643 I okhttp.OkHttpClient: <-- 200 http://www.981757-ca08998.tmweb.ru:8080/fmh/claims (3063ms)
12-02 18:51:34.230 28567 28643 I okhttp.OkHttpClient: Vary: Origin
12-02 18:51:34.230 28567 28643 I okhttp.OkHttpClient: Vary: Access-Control-Request-Method
12-02 18:51:34.230 28567 28643 I okhttp.OkHttpClient: Vary: Access-Control-Request-Headers
12-02 18:51:34.231 28567 28643 I okhttp.OkHttpClient: X-Content-Type-Options: nosniff
12-02 18:51:34.231 28567 28643 I okhttp.OkHttpClient: X-XSS-Protection: 1; mode=block
12-02 18:51:34.231 28567 28643 I okhttp.OkHttpClient: Cache-Control: no-cache, no-store, max-age=0, must-revalidate
12-02 18:51:34.231 28567 28643 I okhttp.OkHttpClient: Pragma: no-cache
12-02 18:51:34.231 28567 28643 I okhttp.OkHttpClient: Expires: 0
12-02 18:51:34.231 28567 28643 I okhttp.OkHttpClient: X-Frame-Options: DENY
12-02 18:51:34.231 28567 28643 I okhttp.OkHttpClient: Content-Type: application/json
12-02 18:51:34.231 28567 28643 I okhttp.OkHttpClient: Transfer-Encoding: chunked
12-02 18:51:34.232 28567 28643 I okhttp.OkHttpClient: Date: Fri, 02 Dec 2022 15:51:35 GMT
12-02 18:51:34.232 28567 28643 I okhttp.OkHttpClient: Keep-Alive: timeout=60
12-02 18:51:34.232 28567 28643 I okhttp.OkHttpClient: Connection: keep-alive
12-02 18:51:35.414 28567 28659 I okhttp.OkHttpClient: <-- 200 http://www.981757-ca08998.tmweb.ru:8080/fmh/claims (3202ms)
12-02 18:51:35.415 28567 28659 I okhttp.OkHttpClient: Vary: Origin
12-02 18:51:35.415 28567 28659 I okhttp.OkHttpClient: Vary: Access-Control-Request-Method
12-02 18:51:35.415 28567 28659 I okhttp.OkHttpClient: Vary: Access-Control-Request-Headers
12-02 18:51:35.415 28567 28659 I okhttp.OkHttpClient: X-Content-Type-Options: nosniff
