12-08 06:37:06.510 13607 13607 W System.err: 	at androidx.fragment.app.FragmentStateManager.destroy(FragmentStateManager.java:778)
12-08 06:37:06.510 13607 13607 W System.err: 	at androidx.fragment.app.FragmentStateManager.moveToExpectedState(FragmentStateManager.java:335)
12-08 06:37:06.510 13607 13607 W System.err: 	at androidx.fragment.app.FragmentStore.moveToExpectedState(FragmentStore.java:121)
12-08 06:37:06.510 13607 13607 W System.err: 	at androidx.fragment.app.FragmentManager.moveToState(FragmentManager.java:1374)
12-08 06:37:06.510 13607 13607 W System.err: 	at androidx.fragment.app.FragmentManager.dispatchStateChange(FragmentManager.java:2841)
12-08 06:37:06.510 13607 13607 W System.err: 	at androidx.fragment.app.FragmentManager.dispatchDestroy(FragmentManager.java:2820)
12-08 06:37:06.510 13607 13607 W System.err: 	at androidx.fragment.app.Fragment.performDestroy(Fragment.java:3246)
12-08 06:37:06.510 13607 13607 W System.err: 	at androidx.fragment.app.FragmentStateManager.destroy(FragmentStateManager.java:780)
12-08 06:37:06.510 13607 13607 W System.err: 	at androidx.fragment.app.FragmentStateManager.moveToExpectedState(FragmentStateManager.java:335)
12-08 06:37:06.510 13607 13607 W System.err: 	at androidx.fragment.app.SpecialEffectsController$FragmentStateManagerOperation.complete(SpecialEffectsController.java:771)
12-08 06:37:06.511 13607 13607 W System.err: 	at androidx.fragment.app.SpecialEffectsController$Operation.cancel(SpecialEffectsController.java:615)
12-08 06:37:06.511 13607 13607 W System.err: 	at androidx.fragment.app.SpecialEffectsController.forceCompleteAllOperations(SpecialEffectsController.java:350)
12-08 06:37:06.511 13607 13607 W System.err: 	at androidx.fragment.app.FragmentManager.dispatchStateChange(FragmentManager.java:2844)
12-08 06:37:06.511 13607 13607 W System.err: 	at androidx.fragment.app.FragmentManager.dispatchDestroy(FragmentManager.java:2820)
12-08 06:37:06.511 13607 13607 W System.err: 	at androidx.fragment.app.FragmentController.dispatchDestroy(FragmentController.java:345)
12-08 06:37:06.511 13607 13607 W System.err: 	at androidx.fragment.app.FragmentActivity.onDestroy(FragmentActivity.java:306)
12-08 06:37:06.511 13607 13607 W System.err: 	at androidx.appcompat.app.AppCompatActivity.onDestroy(AppCompatActivity.java:278)
12-08 06:37:06.511 13607 13607 W System.err: 	at android.app.Activity.performDestroy(Activity.java:8048)
12-08 06:37:06.511 13607 13607 W System.err: 	at android.app.Instrumentation.callActivityOnDestroy(Instrumentation.java:1334)
12-08 06:37:06.511 13607 13607 W System.err: 	at androidx.test.runner.MonitoringInstrumentation.callActivityOnDestroy(MonitoringInstrumentation.java:766)
12-08 06:37:06.511 13607 13607 W System.err: 	at android.app.ActivityThread.performDestroyActivity(ActivityThread.java:4926)
12-08 06:37:06.511 13607 13607 W System.err: 	at android.app.ActivityThread.handleDestroyActivity(ActivityThread.java:4970)
12-08 06:37:06.511 13607 13607 W System.err: 	at android.app.servertransaction.DestroyActivityItem.execute(DestroyActivityItem.java:44)
12-08 06:37:06.511 13607 13607 W System.err: 	at android.app.servertransaction.TransactionExecutor.executeLifecycleState(TransactionExecutor.java:176)
12-08 06:37:06.512 13607 13607 W System.err: 	at android.app.servertransaction.TransactionExecutor.execute(TransactionExecutor.java:97)
12-08 06:37:06.512 13607 13607 W System.err: 	at android.app.ActivityThread$H.handleMessage(ActivityThread.java:2016)
12-08 06:37:06.512 13607 13808 I okhttp.OkHttpClient: --> GET http://www.981757-ca08998.tmweb.ru:8080/fmh/claims
12-08 06:37:06.512 13607 13607 W System.err: 	at android.os.Handler.dispatchMessage(Handler.java:107)
12-08 06:37:06.512 13607 13607 W System.err: 	at android.os.Looper.loop(Looper.java:214)
12-08 06:37:06.512 13607 13607 W System.err: 	at android.app.ActivityThread.main(ActivityThread.java:7356)
12-08 06:37:06.512 13607 13744 I okhttp.OkHttpClient: --> GET http://www.981757-ca08998.tmweb.ru:8080/fmh/claims
12-08 06:37:06.512 13607 13607 W System.err: 	at java.lang.reflect.Method.invoke(Native Method)
12-08 06:37:06.512 13607 13808 I okhttp.OkHttpClient: --> END GET
12-08 06:37:06.512 13607 13607 W System.err: 	at com.android.internal.os.RuntimeInit$MethodAndArgsCaller.run(RuntimeInit.java:492)
12-08 06:37:06.512 13607 13607 W System.err: 	at com.android.internal.os.ZygoteInit.main(ZygoteInit.java:930)
12-08 06:37:06.512 13607 13744 I okhttp.OkHttpClient: --> END GET
12-08 06:37:06.512 13607 13607 W System.err: ru.iteco.fmhandroid.exceptions.UnknownException
12-08 06:37:06.512 13607 13607 W System.err: 	at ru.iteco.fmhandroid.utils.Utils.makeRequest(Utils.kt:123)
12-08 06:37:06.512 13607 13607 W System.err: 	at ru.iteco.fmhandroid.utils.Utils$makeRequest$1.invokeSuspend(Unknown Source:15)
12-08 06:37:06.512 13607 13607 W System.err: 	at kotlin.coroutines.jvm.internal.BaseContinuationImpl.resumeWith(ContinuationImpl.kt:33)
12-08 06:37:06.512 13607 13607 W System.err: 	at kotlinx.coroutines.DispatchedTaskKt.resume(DispatchedTask.kt:234)
12-08 06:37:06.513 13607 13607 W System.err: 	at kotlinx.coroutines.DispatchedTaskKt.resumeUnconfined(DispatchedTask.kt:190)
12-08 06:37:06.513 13607 13808 I okhttp.OkHttpClient: <-- HTTP FAILED: java.io.IOException: Canceled
12-08 06:37:06.513 13607 13607 W System.err: 	at kotlinx.coroutines.DispatchedTaskKt.dispatch(DispatchedTask.kt:161)
12-08 06:37:06.513 13607 13607 W System.err: 	at kotlinx.coroutines.CancellableContinuationImpl.dispatchResume(CancellableContinuationImpl.kt:397)
12-08 06:37:06.513 13607 13607 W System.err: 	at kotlinx.coroutines.CancellableContinuationImpl.cancel(CancellableContinuationImpl.kt:183)
12-08 06:37:06.513 13607 13607 W System.err: 	at kotlinx.coroutines.CancellableContinuationImpl.parentCancelled$kotlinx_coroutines_core(CancellableContinuationImpl.kt:190)
12-08 06:37:06.513 13607 13607 W System.err: 	at kotlinx.coroutines.ChildContinuation.invoke(JobSupport.kt:1474)
12-08 06:37:06.513 13607 13607 W System.err: 	at kotlinx.coroutines.JobSupport.notifyCancelling(JobSupport.kt:1499)
12-08 06:37:06.513 13607 13607 W System.err: 	at kotlinx.coroutines.JobSupport.tryMakeCancelling(JobSupport.kt:795)
12-08 06:37:06.513 13607 13607 W System.err: 	at kotlinx.coroutines.JobSupport.makeCancelling(JobSupport.kt:755)
12-08 06:37:06.513 13607 13607 W System.err: 	at kotlinx.coroutines.JobSupport.cancelImpl$kotlinx_coroutines_core(JobSupport.kt:671)
12-08 06:37:06.513 13607 13607 W System.err: 	at kotlinx.coroutines.JobSupport.parentCancelled(JobSupport.kt:637)
12-08 06:37:06.513 13607 13607 W System.err: 	at kotlinx.coroutines.ChildHandleNode.invoke(JobSupport.kt:1465)
12-08 06:37:06.513 13607 13607 W System.err: 	at kotlinx.coroutines.JobSupport.notifyCancelling(JobSupport.kt:1499)
12-08 06:37:06.513 13607 13607 W System.err: 	at kotlinx.coroutines.JobSupport.tryMakeCompletingSlowPath(JobSupport.kt:900)
12-08 06:37:06.513 13607 13607 W System.err: 	at kotlinx.coroutines.JobSupport.tryMakeCompleting(JobSupport.kt:863)
12-08 06:37:06.513 13607 13607 W System.err: 	at kotlinx.coroutines.JobSupport.cancelMakeCompleting(JobSupport.kt:696)
12-08 06:37:06.513 13607 13607 W System.err: 	at kotlinx.coroutines.JobSupport.cancelImpl$kotlinx_coroutines_core(JobSupport.kt:667)
12-08 06:37:06.513 13607 13607 W System.err: 	at kotlinx.coroutines.JobSupport.cancelInternal(JobSupport.kt:632)
12-08 06:37:06.513 13607 13607 W System.err: 	at kotlinx.coroutines.JobSupport.cancel(JobSupport.kt:617)
12-08 06:37:06.514 13607 13607 W System.err: 	at kotlinx.coroutines.JobKt__JobKt.cancel(Job.kt:561)
12-08 06:37:06.514 13607 13607 W System.err: 	at kotlinx.coroutines.JobKt.cancel(Unknown Source:1)
12-08 06:37:06.514 13607 13607 W System.err: 	at kotlinx.coroutines.JobKt__JobKt.cancel$default(Job.kt:560)
12-08 06:37:06.514 13607 13607 W System.err: 	at kotlinx.coroutines.JobKt.cancel$default(Unknown Source:1)
12-08 06:37:06.514 13607 13607 W System.err: 	at androidx.lifecycle.CloseableCoroutineScope.close(ViewModel.kt:51)
12-08 06:37:06.514 13607 13607 W System.err: 	at androidx.lifecycle.ViewModel.closeWithRuntimeException(ViewModel.java:188)
12-08 06:37:06.514 13607 13607 W System.err: 	at androidx.lifecycle.ViewModel.clear(ViewModel.java:134)
12-08 06:37:06.514 13607 13607 W System.err: 	at androidx.lifecycle.ViewModelStore.clear(ViewModelStore.java:62)
12-08 06:37:06.514 13607 13607 W System.err: 	at androidx.fragment.app.FragmentManagerViewModel.clearNonConfigStateInternal(FragmentManagerViewModel.java:210)
12-08 06:37:06.514 13607 13607 W System.err: 	at androidx.fragment.app.FragmentManagerViewModel.clearNonConfigState(FragmentManagerViewModel.java:190)
12-08 06:37:06.514 13607 13607 W System.err: 	at androidx.fragment.app.FragmentStateManager.destroy(FragmentStateManager.java:778)
12-08 06:37:06.514 13607 13607 W System.err: 	at androidx.fragment.app.FragmentStateManager.moveToExpectedState(FragmentStateManager.java:335)
12-08 06:37:06.514 13607 13607 W System.err: 	at androidx.fragment.app.FragmentStore.moveToExpectedState(FragmentStore.java:121)
12-08 06:37:06.514 13607 13607 W System.err: 	at androidx.fragment.app.FragmentManager.moveToState(FragmentManager.java:1374)
12-08 06:37:06.514 13607 13607 W System.err: 	at androidx.fragment.app.FragmentManager.dispatchStateChange(FragmentManager.java:2841)
12-08 06:37:06.514 13607 13607 W System.err: 	at androidx.fragment.app.FragmentManager.dispatchDestroy(FragmentManager.java:2820)
12-08 06:37:06.514 13607 13745 I okhttp.OkHttpClient: <-- HTTP FAILED: java.io.IOException: Canceled
12-08 06:37:06.515 13607 13607 W System.err: 	at androidx.fragment.app.Fragment.performDestroy(Fragment.java:3246)
12-08 06:37:06.515 13607 13607 W System.err: 	at androidx.fragment.app.FragmentStateManager.destroy(FragmentStateManager.java:780)
12-08 06:37:06.515 13607 13607 W System.err: 	at androidx.fragment.app.FragmentStateManager.moveToExpectedState(FragmentStateManager.java:335)
12-08 06:37:06.515 13607 13607 W System.err: 	at androidx.fragment.app.SpecialEffectsController$FragmentStateManagerOperation.complete(SpecialEffectsController.java:771)
12-08 06:37:06.515 13607 13607 W System.err: 	at androidx.fragment.app.SpecialEffectsController$Operation.cancel(SpecialEffectsController.java:615)
12-08 06:37:06.515 13607 13607 W System.err: 	at androidx.fragment.app.SpecialEffectsController.forceCompleteAllOperations(SpecialEffectsController.java:350)
12-08 06:37:06.515 13607 13607 W System.err: 	at androidx.fragment.app.FragmentManager.dispatchStateChange(FragmentManager.java:2844)
12-08 06:37:06.515 13607 13607 W System.err: 	at androidx.fragment.app.FragmentManager.dispatchDestroy(FragmentManager.java:2820)
12-08 06:37:06.515 13607 13607 W System.err: 	at androidx.fragment.app.FragmentController.dispatchDestroy(FragmentController.java:345)
12-08 06:37:06.515 13607 13607 W System.err: 	at androidx.fragment.app.FragmentActivity.onDestroy(FragmentActivity.java:306)
12-08 06:37:06.515 13607 13607 W System.err: 	at androidx.appcompat.app.AppCompatActivity.onDestroy(AppCompatActivity.java:278)
12-08 06:37:06.515 13607 13607 W System.err: 	at android.app.Activity.performDestroy(Activity.java:8048)
12-08 06:37:06.515 13607 13607 W System.err: 	at android.app.Instrumentation.callActivityOnDestroy(Instrumentation.java:1334)
12-08 06:37:06.515 13607 13607 W System.err: 	at androidx.test.runner.MonitoringInstrumentation.callActivityOnDestroy(MonitoringInstrumentation.java:766)
12-08 06:37:06.515 13607 13607 W System.err: 	at android.app.ActivityThread.performDestroyActivity(ActivityThread.java:4926)
12-08 06:37:06.515 13607 13607 W System.err: 	at android.app.ActivityThread.handleDestroyActivity(ActivityThread.java:4970)
12-08 06:37:06.515 13607 13607 W System.err: 	at android.app.servertransaction.DestroyActivityItem.execute(DestroyActivityItem.java:44)
12-08 06:37:06.515 13607 13607 W System.err: 	at android.app.servertransaction.TransactionExecutor.executeLifecycleState(TransactionExecutor.java:176)
12-08 06:37:06.515 13607 13607 W System.err: 	at android.app.servertransaction.TransactionExecutor.execute(TransactionExecutor.java:97)
12-08 06:37:06.515 13607 13607 W System.err: 	at android.app.ActivityThread$H.handleMessage(ActivityThread.java:2016)
12-08 06:37:06.515 13607 13607 W System.err: 	at android.os.Handler.dispatchMessage(Handler.java:107)
12-08 06:37:06.515 13607 13607 W System.err: 	at android.os.Looper.loop(Looper.java:214)
12-08 06:37:06.515 13607 13607 W System.err: 	at android.app.ActivityThread.main(ActivityThread.java:7356)
12-08 06:37:06.515 13607 13607 W System.err: 	at java.lang.reflect.Method.invoke(Native Method)
12-08 06:37:06.515 13607 13607 W System.err: 	at com.android.internal.os.RuntimeInit$MethodAndArgsCaller.run(RuntimeInit.java:492)
12-08 06:37:06.515 13607 13607 W System.err: 	at com.android.internal.os.ZygoteInit.main(ZygoteInit.java:930)
12-08 06:37:06.524  2018  2054 W InputReader: Device has associated, but no associated display id.
12-08 06:37:06.525  2018  2054 I chatty  : uid=1000(system) android.anim identical 8 lines
12-08 06:37:06.525  2018  2054 W InputReader: Device has associated, but no associated display id.
12-08 06:37:06.528 13607 13607 W System.err: ru.iteco.fmhandroid.exceptions.UnknownException
12-08 06:37:06.528 13607 13607 W System.err: 	at ru.iteco.fmhandroid.utils.Utils.makeRequest(Utils.kt:123)
12-08 06:37:06.528 13607 13607 W System.err: 	at ru.iteco.fmhandroid.utils.Utils$makeRequest$1.invokeSuspend(Unknown Source:15)
12-08 06:37:06.528 13607 13607 W System.err: 	at kotlin.coroutines.jvm.internal.BaseContinuationImpl.resumeWith(ContinuationImpl.kt:33)
12-08 06:37:06.528 13607 13607 W System.err: 	at kotlinx.coroutines.DispatchedTaskKt.resume(DispatchedTask.kt:234)
12-08 06:37:06.528 13607 13607 W System.err: 	at kotlinx.coroutines.DispatchedTaskKt.resumeUnconfined(DispatchedTask.kt:190)
12-08 06:37:06.529 13607 13607 W System.err: 	at kotlinx.coroutines.DispatchedTaskKt.dispatch(DispatchedTask.kt:161)
12-08 06:37:06.529 13607 13607 W System.err: 	at kotlinx.coroutines.CancellableContinuationImpl.dispatchResume(CancellableContinuationImpl.kt:397)
12-08 06:37:06.529 13607 13607 W System.err: 	at kotlinx.coroutines.CancellableContinuationImpl.cancel(CancellableContinuationImpl.kt:183)
12-08 06:37:06.529 13607 13607 W System.err: 	at kotlinx.coroutines.CancellableContinuationImpl.parentCancelled$kotlinx_coroutines_core(CancellableContinuationImpl.kt:190)
12-08 06:37:06.529 13607 13607 W System.err: 	at kotlinx.coroutines.ChildContinuation.invoke(JobSupport.kt:1474)
12-08 06:37:06.529 13607 13607 W System.err: 	at kotlinx.coroutines.JobSupport.notifyCancelling(JobSupport.kt:1499)
12-08 06:37:06.529 13607 13607 W System.err: 	at kotlinx.coroutines.JobSupport.tryMakeCancelling(JobSupport.kt:795)
12-08 06:37:06.529 13607 13607 W System.err: 	at kotlinx.coroutines.JobSupport.makeCancelling(JobSupport.kt:755)
12-08 06:37:06.529 13607 13607 W System.err: 	at kotlinx.coroutines.JobSupport.cancelImpl$kotlinx_coroutines_core(JobSupport.kt:671)
12-08 06:37:06.529 13607 13607 W System.err: 	at kotlinx.coroutines.JobSupport.parentCancelled(JobSupport.kt:637)
12-08 06:37:06.529 13607 13607 W System.err: 	at kotlinx.coroutines.ChildHandleNode.invoke(JobSupport.kt:1465)
12-08 06:37:06.529 13607 13607 W System.err: 	at kotlinx.coroutines.JobSupport.notifyCancelling(JobSupport.kt:1499)
12-08 06:37:06.529 13607 13607 W System.err: 	at kotlinx.coroutines.JobSupport.tryMakeCompletingSlowPath(JobSupport.kt:900)
12-08 06:37:06.529 13607 13607 W System.err: 	at kotlinx.coroutines.JobSupport.tryMakeCompleting(JobSupport.kt:863)
12-08 06:37:06.529 13607 13607 W System.err: 	at kotlinx.coroutines.JobSupport.cancelMakeCompleting(JobSupport.kt:696)
12-08 06:37:06.529 13607 13607 W System.err: 	at kotlinx.coroutines.JobSupport.cancelImpl$kotlinx_coroutines_core(JobSupport.kt:667)
12-08 06:37:06.529 13607 13607 W System.err: 	at kotlinx.coroutines.JobSupport.cancelInternal(JobSupport.kt:632)
12-08 06:37:06.529 13607 13607 W System.err: 	at kotlinx.coroutines.JobSupport.cancel(JobSupport.kt:617)
12-08 06:37:06.529 13607 13607 W System.err: 	at kotlinx.coroutines.JobKt__JobKt.cancel(Job.kt:561)
12-08 06:37:06.534  2962  2962 W ThreadPoolDumper: Queue length for executor EventBus is now 11. Perhaps some tasks are too long, or the pool is too small.
12-08 06:37:06.539  1776  1927 D gralloc_ranchu: gralloc_alloc: Creating ashmem region of size 6471680
12-08 06:37:06.545 13607 13607 W System.err: 	at kotlinx.coroutines.JobKt.cancel(Unknown Source:1)
12-08 06:37:06.545 13607 13607 W System.err: 	at kotlinx.coroutines.JobKt__JobKt.cancel$default(Job.kt:560)
12-08 06:37:06.545 13607 13607 W System.err: 	at kotlinx.coroutines.JobKt.cancel$default(Unknown Source:1)
12-08 06:37:06.545 13607 13607 W System.err: 	at androidx.lifecycle.CloseableCoroutineScope.close(ViewModel.kt:51)
12-08 06:37:06.546 13607 13607 W System.err: 	at androidx.lifecycle.ViewModel.closeWithRuntimeException(ViewModel.java:188)
12-08 06:37:06.546 13607 13607 W System.err: 	at androidx.lifecycle.ViewModel.clear(ViewModel.java:134)
12-08 06:37:06.546 13607 13607 W System.err: 	at androidx.lifecycle.ViewModelStore.clear(ViewModelStore.java:62)
12-08 06:37:06.546 13607 13607 W System.err: 	at androidx.fragment.app.FragmentManagerViewModel.clearNonConfigStateInternal(FragmentManagerViewModel.java:210)
12-08 06:37:06.546 13607 13607 W System.err: 	at androidx.fragment.app.FragmentManagerViewModel.clearNonConfigState(FragmentManagerViewModel.java:190)
12-08 06:37:06.546 13607 13607 W System.err: 	at androidx.fragment.app.FragmentStateManager.destroy(FragmentStateManager.java:778)
12-08 06:37:06.546 13607 13607 W System.err: 	at androidx.fragment.app.FragmentStateManager.moveToExpectedState(FragmentStateManager.java:335)
12-08 06:37:06.546 13607 13607 W System.err: 	at androidx.fragment.app.FragmentStore.moveToExpectedState(FragmentStore.java:121)
12-08 06:37:06.546 13607 13607 W System.err: 	at androidx.fragment.app.FragmentManager.moveToState(FragmentManager.java:1374)
12-08 06:37:06.546 13607 13607 W System.err: 	at androidx.fragment.app.FragmentManager.dispatchStateChange(FragmentManager.java:2841)
12-08 06:37:06.546 13607 13607 W System.err: 	at androidx.fragment.app.FragmentManager.dispatchDestroy(FragmentManager.java:2820)
12-08 06:37:06.546 13607 13607 W System.err: 	at androidx.fragment.app.Fragment.performDestroy(Fragment.java:3246)
12-08 06:37:06.546 13607 13607 W System.err: 	at androidx.fragment.app.FragmentStateManager.destroy(FragmentStateManager.java:780)
12-08 06:37:06.547 13607 13607 W System.err: 	at androidx.fragment.app.FragmentStateManager.moveToExpectedState(FragmentStateManager.java:335)
12-08 06:37:06.548 13607 13607 W System.err: 	at androidx.fragment.app.SpecialEffectsController$FragmentStateManagerOperation.complete(SpecialEffectsController.java:771)
12-08 06:37:06.548 13607 13607 W System.err: 	at androidx.fragment.app.SpecialEffectsController$Operation.cancel(SpecialEffectsController.java:615)
12-08 06:37:06.548 13607 13607 W System.err: 	at androidx.fragment.app.SpecialEffectsController.forceCompleteAllOperations(SpecialEffectsController.java:350)
12-08 06:37:06.548 13607 13607 W System.err: 	at androidx.fragment.app.FragmentManager.dispatchStateChange(FragmentManager.java:2844)
12-08 06:37:06.548 13607 13607 W System.err: 	at androidx.fragment.app.FragmentManager.dispatchDestroy(FragmentManager.java:2820)
12-08 06:37:06.548 13607 13607 W System.err: 	at androidx.fragment.app.FragmentController.dispatchDestroy(FragmentController.java:345)
12-08 06:37:06.551 13607 13607 W System.err: 	at kotlinx.coroutines.DispatchedTaskKt.dispatch(DispatchedTask.kt:161)
12-08 06:37:06.551 13607 13607 W System.err: 	at kotlinx.coroutines.CancellableContinuationImpl.dispatchResume(CancellableContinuationImpl.kt:397)
12-08 06:37:06.551 13607 13607 W System.err: 	at kotlinx.coroutines.CancellableContinuationImpl.cancel(CancellableContinuationImpl.kt:183)
12-08 06:37:06.551 13607 13607 W System.err: 	at kotlinx.coroutines.CancellableContinuationImpl.parentCancelled$kotlinx_coroutines_core(CancellableContinuationImpl.kt:190)
12-08 06:37:06.551 13607 13607 W System.err: 	at kotlinx.coroutines.ChildContinuation.invoke(JobSupport.kt:1474)
12-08 06:37:06.551 13607 13607 W System.err: 	at kotlinx.coroutines.JobSupport.notifyCancelling(JobSupport.kt:1499)
12-08 06:37:06.551 13607 13607 W System.err: 	at kotlinx.coroutines.JobSupport.tryMakeCancelling(JobSupport.kt:795)
12-08 06:37:06.551 13607 13607 W System.err: 	at kotlinx.coroutines.JobSupport.makeCancelling(JobSupport.kt:755)
12-08 06:37:06.551 13607 14185 I okhttp.OkHttpClient: <-- HTTP FAILED: java.net.SocketException: Socket closed
12-08 06:37:06.551 13607 13607 W System.err: 	at kotlinx.coroutines.JobSupport.cancelImpl$kotlinx_coroutines_core(JobSupport.kt:671)
12-08 06:37:06.551 13607 13607 W System.err: 	at kotlinx.coroutines.JobSupport.parentCancelled(JobSupport.kt:637)
12-08 06:37:06.551 13607 13607 W System.err: 	at kotlinx.coroutines.ChildHandleNode.invoke(JobSupport.kt:1465)
12-08 06:37:06.551 13607 13607 W System.err: 	at kotlinx.coroutines.JobSupport.notifyCancelling(JobSupport.kt:1499)
12-08 06:37:06.551 13607 13607 W System.err: 	at kotlinx.coroutines.JobSupport.tryMakeCompletingSlowPath(JobSupport.kt:900)
12-08 06:37:06.551 13607 13607 W System.err: 	at kotlinx.coroutines.JobSupport.tryMakeCompleting(JobSupport.kt:863)
12-08 06:37:06.551 13607 13607 W System.err: 	at kotlinx.coroutines.JobSupport.cancelMakeCompleting(JobSupport.kt:696)
12-08 06:37:06.551 13607 13607 W System.err: 	at kotlinx.coroutines.JobSupport.cancelImpl$kotlinx_coroutines_core(JobSupport.kt:667)
12-08 06:37:06.551 13607 13607 W System.err: 	at kotlinx.coroutines.JobSupport.cancelInternal(JobSupport.kt:632)
12-08 06:37:06.551 13607 13607 W System.err: 	at kotlinx.coroutines.JobSupport.cancel(JobSupport.kt:617)
12-08 06:37:06.551 13607 13607 W System.err: 	at kotlinx.coroutines.JobKt__JobKt.cancel(Job.kt:561)
12-08 06:37:06.551 13607 13607 W System.err: 	at kotlinx.coroutines.JobKt.cancel(Unknown Source:1)
12-08 06:37:06.551 13607 13607 W System.err: 	at kotlinx.coroutines.JobKt__JobKt.cancel$default(Job.kt:560)
12-08 06:37:06.551 13607 13607 W System.err: 	at kotlinx.coroutines.JobKt.cancel$default(Unknown Source:1)
12-08 06:37:06.552 13607 13607 W System.err: 	at androidx.lifecycle.CloseableCoroutineScope.close(ViewModel.kt:51)
12-08 06:37:06.552 13607 13607 W System.err: 	at androidx.lifecycle.ViewModel.closeWithRuntimeException(ViewModel.java:188)
12-08 06:37:06.552 13607 13607 W System.err: 	at androidx.lifecycle.ViewModel.clear(ViewModel.java:134)
12-08 06:37:06.552 13607 13607 W System.err: 	at androidx.lifecycle.ViewModelStore.clear(ViewModelStore.java:62)
12-08 06:37:06.552 13607 13607 W System.err: 	at androidx.fragment.app.FragmentManagerViewModel.clearNonConfigStateInternal(FragmentManagerViewModel.java:210)
12-08 06:37:06.552 13607 13607 W System.err: 	at androidx.fragment.app.FragmentManagerViewModel.clearNonConfigState(FragmentManagerViewModel.java:190)
12-08 06:37:06.552 13607 13607 W System.err: 	at androidx.fragment.app.FragmentStateManager.destroy(FragmentStateManager.java:778)
12-08 06:37:06.555  2170  2566 D EGL_emulation: eglMakeCurrent: 0xe594e040: ver 2 0 (tinfo 0xc52450c0)
12-08 06:37:06.557 13607 13607 W System.err: 	at androidx.fragment.app.FragmentStateManager.moveToExpectedState(FragmentStateManager.java:335)
12-08 06:37:06.557 13607 13607 W System.err: 	at androidx.fragment.app.FragmentStore.moveToExpectedState(FragmentStore.java:121)
12-08 06:37:06.557 13607 13607 W System.err: 	at androidx.fragment.app.FragmentManager.moveToState(FragmentManager.java:1374)
12-08 06:37:06.557 13607 13607 W System.err: 	at androidx.fragment.app.FragmentManager.dispatchStateChange(FragmentManager.java:2841)
12-08 06:37:06.557 13607 13607 W System.err: 	at androidx.fragment.app.FragmentManager.dispatchDestroy(FragmentManager.java:2820)
12-08 06:37:06.558 13607 13607 W System.err: 	at androidx.fragment.app.Fragment.performDestroy(Fragment.java:3246)
12-08 06:37:06.558 13607 13607 W System.err: 	at androidx.fragment.app.FragmentStateManager.destroy(FragmentStateManager.java:780)
12-08 06:37:06.558 13607 13607 W System.err: 	at androidx.fragment.app.FragmentStateManager.moveToExpectedState(FragmentStateManager.java:335)
12-08 06:37:06.558 13607 13607 W System.err: 	at androidx.fragment.app.SpecialEffectsController$FragmentStateManagerOperation.complete(SpecialEffectsController.java:771)
12-08 06:37:06.558 13607 13607 W System.err: 	at androidx.fragment.app.SpecialEffectsController$Operation.cancel(SpecialEffectsController.java:615)
12-08 06:37:06.559 13607 13607 W System.err: 	at androidx.fragment.app.SpecialEffectsController.forceCompleteAllOperations(SpecialEffectsController.java:350)
12-08 06:37:06.559 13607 13607 W System.err: 	at androidx.fragment.app.FragmentManager.dispatchStateChange(FragmentManager.java:2844)
12-08 06:37:06.559 13607 13607 W System.err: 	at androidx.fragment.app.FragmentManager.dispatchDestroy(FragmentManager.java:2820)
12-08 06:37:06.559 13607 13607 W System.err: 	at androidx.fragment.app.FragmentController.dispatchDestroy(FragmentController.java:345)
12-08 06:37:06.561 13607 13607 W System.err: 	at androidx.fragment.app.FragmentActivity.onDestroy(FragmentActivity.java:306)
12-08 06:37:06.561 13607 13607 W System.err: 	at androidx.appcompat.app.AppCompatActivity.onDestroy(AppCompatActivity.java:278)
12-08 06:37:06.561 13607 13607 W System.err: 	at android.app.Activity.performDestroy(Activity.java:8048)
12-08 06:37:06.562 13607 13607 W System.err: 	at android.app.Instrumentation.callActivityOnDestroy(Instrumentation.java:1334)
12-08 06:37:06.562 13607 13607 W System.err: 	at androidx.test.runner.MonitoringInstrumentation.callActivityOnDestroy(MonitoringInstrumentation.java:766)
12-08 06:37:06.562 13607 13607 W System.err: 	at android.app.ActivityThread.performDestroyActivity(ActivityThread.java:4926)
12-08 06:37:06.562 13607 13607 W System.err: 	at android.app.ActivityThread.handleDestroyActivity(ActivityThread.java:4970)
12-08 06:37:06.566 13607 13607 W System.err: 	at android.app.servertransaction.DestroyActivityItem.execute(DestroyActivityItem.java:44)
12-08 06:37:06.566 13607 13607 W System.err: 	at android.app.servertransaction.TransactionExecutor.executeLifecycleState(TransactionExecutor.java:176)
12-08 06:37:06.566 13607 13607 W System.err: 	at android.app.servertransaction.TransactionExecutor.execute(TransactionExecutor.java:97)
12-08 06:37:06.566 13607 13607 W System.err: 	at android.app.ActivityThread$H.handleMessage(ActivityThread.java:2016)
12-08 06:37:06.567 13607 13607 W System.err: 	at android.os.Handler.dispatchMessage(Handler.java:107)
12-08 06:37:06.567 13607 13607 W System.err: 	at android.os.Looper.loop(Looper.java:214)
12-08 06:37:06.567 13607 13607 W System.err: 	at android.app.ActivityThread.main(ActivityThread.java:7356)
12-08 06:37:06.567 13607 13607 W System.err: 	at java.lang.reflect.Method.invoke(Native Method)
12-08 06:37:06.567 13607 13607 W System.err: 	at com.android.internal.os.RuntimeInit$MethodAndArgsCaller.run(RuntimeInit.java:492)
12-08 06:37:06.567 13607 13607 W System.err: 	at com.android.internal.os.ZygoteInit.main(ZygoteInit.java:930)
12-08 06:37:06.570 13607 13607 W System.err: ru.iteco.fmhandroid.exceptions.UnknownException
12-08 06:37:06.570 13607 13607 W System.err: 	at ru.iteco.fmhandroid.utils.Utils.makeRequest(Utils.kt:123)
12-08 06:37:06.570 13607 13607 W System.err: 	at ru.iteco.fmhandroid.utils.Utils$makeRequest$1.invokeSuspend(Unknown Source:15)
12-08 06:37:06.570 13607 13744 I okhttp.OkHttpClient: <-- HTTP FAILED: java.net.SocketException: Socket closed
12-08 06:37:06.571 13607 13607 W System.err: 	at kotlin.coroutines.jvm.internal.BaseContinuationImpl.resumeWith(ContinuationImpl.kt:33)
12-08 06:37:06.571 13607 13607 W System.err: 	at kotlinx.coroutines.DispatchedTaskKt.resume(DispatchedTask.kt:234)
12-08 06:37:06.571 13607 13607 W System.err: 	at kotlinx.coroutines.DispatchedTaskKt.resumeUnconfined(DispatchedTask.kt:190)
12-08 06:37:06.571 13607 13607 W System.err: 	at kotlinx.coroutines.DispatchedTaskKt.dispatch(DispatchedTask.kt:161)
12-08 06:37:06.572 13607 13607 W System.err: 	at kotlinx.coroutines.CancellableContinuationImpl.dispatchResume(CancellableContinuationImpl.kt:397)
12-08 06:37:06.572 13607 13607 W System.err: 	at kotlinx.coroutines.CancellableContinuationImpl.cancel(CancellableContinuationImpl.kt:183)
12-08 06:37:06.572 13607 13607 W System.err: 	at kotlinx.coroutines.CancellableContinuationImpl.parentCancelled$kotlinx_coroutines_core(CancellableContinuationImpl.kt:190)
12-08 06:37:06.572 13607 13607 W System.err: 	at kotlinx.coroutines.ChildContinuation.invoke(JobSupport.kt:1474)
12-08 06:37:06.572 13607 13607 W System.err: 	at kotlinx.coroutines.JobSupport.notifyCancelling(JobSupport.kt:1499)
12-08 06:37:06.572 13607 13607 W System.err: 	at kotlinx.coroutines.JobSupport.tryMakeCancelling(JobSupport.kt:795)
12-08 06:37:06.572 13607 13607 W System.err: 	at kotlinx.coroutines.JobSupport.makeCancelling(JobSupport.kt:755)
12-08 06:37:06.572 13607 13607 W System.err: 	at kotlinx.coroutines.JobSupport.cancelImpl$kotlinx_coroutines_core(JobSupport.kt:671)
12-08 06:37:06.572 13607 13607 W System.err: 	at kotlinx.coroutines.JobSupport.parentCancelled(JobSupport.kt:637)
12-08 06:37:06.572 13607 13607 W System.err: 	at kotlinx.coroutines.ChildHandleNode.invoke(JobSupport.kt:1465)
12-08 06:37:06.572 13607 13607 W System.err: 	at kotlinx.coroutines.JobSupport.notifyCancelling(JobSupport.kt:1499)
12-08 06:37:06.572 13607 13607 W System.err: 	at kotlinx.coroutines.JobSupport.tryMakeCompletingSlowPath(JobSupport.kt:900)
12-08 06:37:06.583 13607 13607 W System.err: 	at kotlinx.coroutines.JobSupport.tryMakeCompleting(JobSupport.kt:863)
12-08 06:37:06.583 13607 13607 W System.err: 	at kotlinx.coroutines.JobSupport.cancelMakeCompleting(JobSupport.kt:696)
12-08 06:37:06.593 13607 13607 W System.err: 	at kotlinx.coroutines.JobSupport.cancelImpl$kotlinx_coroutines_core(JobSupport.kt:667)
12-08 06:37:06.593 13607 13607 W System.err: 	at kotlinx.coroutines.JobSupport.cancelInternal(JobSupport.kt:632)
12-08 06:37:06.593 13607 13607 W System.err: 	at kotlinx.coroutines.JobSupport.cancel(JobSupport.kt:617)
12-08 06:37:06.593 13607 13607 W System.err: 	at kotlinx.coroutines.JobKt__JobKt.cancel(Job.kt:561)
12-08 06:37:06.593 13607 13607 W System.err: 	at kotlinx.coroutines.JobKt.cancel(Unknown Source:1)
12-08 06:37:06.593 13607 13607 W System.err: 	at kotlinx.coroutines.JobKt__JobKt.cancel$default(Job.kt:560)
12-08 06:37:06.593 13607 13607 W System.err: 	at kotlinx.coroutines.JobKt.cancel$default(Unknown Source:1)
12-08 06:37:06.593 13607 13607 W System.err: 	at androidx.lifecycle.CloseableCoroutineScope.close(ViewModel.kt:51)
12-08 06:37:06.593 13607 13607 W System.err: 	at androidx.lifecycle.ViewModel.closeWithRuntimeException(ViewModel.java:188)
12-08 06:37:06.593 13607 13607 W System.err: 	at androidx.lifecycle.ViewModel.clear(ViewModel.java:134)
12-08 06:37:06.594 13607 13607 W System.err: 	at androidx.lifecycle.ViewModelStore.clear(ViewModelStore.java:62)
12-08 06:37:06.594 13607 13607 W System.err: 	at androidx.fragment.app.FragmentManagerViewModel.clearNonConfigStateInternal(FragmentManagerViewModel.java:210)
12-08 06:37:06.598 13607 13607 W System.err: 	at androidx.fragment.app.FragmentManagerViewModel.clearNonConfigState(FragmentManagerViewModel.java:190)
12-08 06:37:06.599 13607 13607 W System.err: 	at androidx.fragment.app.FragmentStateManager.destroy(FragmentStateManager.java:778)
12-08 06:37:06.599 13607 13607 W System.err: 	at androidx.fragment.app.FragmentStateManager.moveToExpectedState(FragmentStateManager.java:335)
12-08 06:37:06.599 13607 13607 W System.err: 	at androidx.fragment.app.FragmentStore.moveToExpectedState(FragmentStore.java:121)
12-08 06:37:06.599 13607 13607 W System.err: 	at androidx.fragment.app.FragmentManager.moveToState(FragmentManager.java:1374)
12-08 06:37:06.599 13607 13607 W System.err: 	at androidx.fragment.app.FragmentManager.dispatchStateChange(FragmentManager.java:2841)
12-08 06:37:06.599 13607 13607 W System.err: 	at androidx.fragment.app.FragmentManager.dispatchDestroy(FragmentManager.java:2820)
12-08 06:37:06.599 13607 13607 W System.err: 	at androidx.fragment.app.Fragment.performDestroy(Fragment.java:3246)
12-08 06:37:06.599 13607 13607 W System.err: 	at androidx.fragment.app.FragmentStateManager.destroy(FragmentStateManager.java:780)
12-08 06:37:06.600 13607 13607 W System.err: 	at androidx.fragment.app.FragmentStateManager.moveToExpectedState(FragmentStateManager.java:335)
12-08 06:37:06.600 13607 13607 W System.err: 	at androidx.fragment.app.SpecialEffectsController$FragmentStateManagerOperation.complete(SpecialEffectsController.java:771)
12-08 06:37:06.600 13607 13607 W System.err: 	at androidx.fragment.app.SpecialEffectsController$Operation.cancel(SpecialEffectsController.java:615)
12-08 06:37:06.600 13607 13607 W System.err: 	at androidx.fragment.app.SpecialEffectsController.forceCompleteAllOperations(SpecialEffectsController.java:350)
12-08 06:37:06.600 13607 13607 W System.err: 	at androidx.fragment.app.FragmentManager.dispatchStateChange(FragmentManager.java:2844)
12-08 06:37:06.601 13607 13607 W System.err: 	at androidx.fragment.app.FragmentManager.dispatchDestroy(FragmentManager.java:2820)
12-08 06:37:06.601 13607 13607 W System.err: 	at androidx.fragment.app.FragmentController.dispatchDestroy(FragmentController.java:345)
12-08 06:37:06.601 13607 13607 W System.err: 	at androidx.fragment.app.FragmentActivity.onDestroy(FragmentActivity.java:306)
12-08 06:37:06.601 13607 13607 W System.err: 	at androidx.appcompat.app.AppCompatActivity.onDestroy(AppCompatActivity.java:278)
12-08 06:37:06.601 13607 13607 W System.err: 	at android.app.Activity.performDestroy(Activity.java:8048)
12-08 06:37:06.602 13607 13607 W System.err: 	at android.app.Instrumentation.callActivityOnDestroy(Instrumentation.java:1334)
12-08 06:37:06.602 13607 13607 W System.err: 	at androidx.test.runner.MonitoringInstrumentation.callActivityOnDestroy(MonitoringInstrumentation.java:766)
12-08 06:37:06.602 13607 13607 W System.err: 	at android.app.ActivityThread.performDestroyActivity(ActivityThread.java:4926)
12-08 06:37:06.602 13607 13607 W System.err: 	at android.app.ActivityThread.handleDestroyActivity(ActivityThread.java:4970)
12-08 06:37:06.602 13607 13607 W System.err: 	at android.app.servertransaction.DestroyActivityItem.execute(DestroyActivityItem.java:44)
12-08 06:37:06.602 13607 13607 W System.err: 	at android.app.servertransaction.TransactionExecutor.executeLifecycleState(TransactionExecutor.java:176)
12-08 06:37:06.602 13607 13607 W System.err: 	at android.app.servertransaction.TransactionExecutor.execute(TransactionExecutor.java:97)
12-08 06:37:06.602 13607 13607 W System.err: 	at android.app.ActivityThread$H.handleMessage(ActivityThread.java:2016)
12-08 06:37:06.602 13607 13607 W System.err: 	at android.os.Handler.dispatchMessage(Handler.java:107)
12-08 06:37:06.603 13607 13607 W System.err: 	at android.os.Looper.loop(Looper.java:214)
12-08 06:37:06.603 13607 13607 W System.err: 	at android.app.ActivityThread.main(ActivityThread.java:7356)
12-08 06:37:06.603 13607 13607 W System.err: 	at java.lang.reflect.Method.invoke(Native Method)
12-08 06:37:06.603 13607 13607 W System.err: 	at com.android.internal.os.RuntimeInit$MethodAndArgsCaller.run(RuntimeInit.java:492)
12-08 06:37:06.603 13607 13607 W System.err: 	at com.android.internal.os.ZygoteInit.main(ZygoteInit.java:930)
12-08 06:37:06.613 13665 13696 D EGL_emulation: eglMakeCurrent: 0xe593ea40: ver 2 0 (tinfo 0xf0c89d20)
12-08 06:37:06.616 13607 13607 D LifecycleMonitor: Lifecycle status change: ru.iteco.fmhandroid.ui.AppActivity@acdc730 in: DESTROYED
12-08 06:37:06.616 13607 13607 V ActivityScenario: Update currentActivityStage to DESTROYED, currentActivity=null
12-08 06:37:06.618 13607 13651 I TestRunner: finished: shouldSaveDataOnScreenRotation(ru.iteco.fmhandroid.ui.ClaimsCreationFormTest)
12-08 06:37:06.627  2018  2018 W ActivityManager: Unable to start service Intent { act=android.service.appprediction.AppPredictionService cmp=com.google.android.as/com.google.android.apps.miphone.aiai.app.AiAiPredictionService } U=0: not found
12-08 06:37:06.627  2962  3510 D EGL_emulation: eglMakeCurrent: 0xe597e200: ver 2 0 (tinfo 0xbffb2540)
12-08 06:37:06.627  2018  2018 W RemoteAppPredictionService: could not bind to Intent { act=android.service.appprediction.AppPredictionService cmp=com.google.android.as/com.google.android.apps.miphone.aiai.app.AiAiPredictionService } using flags 67108865
12-08 06:37:06.628  2962  3348 W SessionLifecycleManager: Handover failed. Creating new session controller.
12-08 06:37:06.633  1776  1776 D gralloc_ranchu: gralloc_alloc: Creating ashmem region of size 10108928
12-08 06:37:06.636 12448 12488 D EGL_emulation: eglMakeCurrent: 0xe594d140: ver 2 0 (tinfo 0xc539bd10)
12-08 06:37:06.645  1776  1776 D gralloc_ranchu: gralloc_alloc: Creating ashmem region of size 10108928
12-08 06:37:06.648  2018  7392 D HostConnection: HostConnection::get() New Host Connection established 0xb22b1870, tid 7392
12-08 06:37:06.653  2962  3510 D EGL_emulation: eglMakeCurrent: 0xe597e200: ver 2 0 (tinfo 0xbffb2540)
12-08 06:37:06.681 12448 12488 D EGL_emulation: eglMakeCurrent: 0xe594d140: ver 2 0 (tinfo 0xc539bd10)
12-08 06:37:06.689  1793  1793 E Layer   : [Surface(name=AppWindowToken{8dcd2e token=Token{a00d3a9 ActivityRecord{4384b30 u0 com.google.android.apps.nexuslauncher/.NexusLauncherActivity t105}}})/@0x3848044 - animation-leash#0] No local sync point found
12-08 06:37:06.690  1793  1793 E Layer   : [Surface(name=AppWindowToken{787937c token=Token{5f3aa6f ActivityRecord{f44c94e u0 ru.iteco.fmhandroid.test/androidx.test.core.app.InstrumentationActivityInvoker$EmptyActivity t362}}})/@0x4193d86 - animation-leash#0] No local sync point found
12-08 06:37:06.727  1776  1776 D gralloc_ranchu: gralloc_alloc: Creating ashmem region of size 10108928
12-08 06:37:06.673  2018  7392 D HostConnection: HostComposition ext ANDROID_EMU_CHECKSUM_HELPER_v1 ANDROID_EMU_dma_v1 ANDROID_EMU_direct_mem ANDROID_EMU_host_composition_v1 ANDROID_EMU_host_composition_v2 ANDROID_EMU_vulkan ANDROID_EMU_deferred_vulkan_commands ANDROID_EMU_vulkan_null_optional_strings ANDROID_EMU_vulkan_create_resources_with_requirements ANDROID_EMU_YUV_Cache ANDROID_EMU_vulkan_ignored_handles ANDROID_EMU_vulkan_free_memory_sync ANDROID_EMU_vulkan_shader_float16_int8 ANDROID_EMU_vulkan_async_queue_submit ANDROID_EMU_sync_buffer_data GL_OES_vertex_array_object GL_KHR_texture_compression_astc_ldr ANDROID_EMU_host_side_tracing ANDROID_EMU_gles_max_version_2 
12-08 06:37:06.732  2018  7392 W OpenGLRenderer: Failed to choose config with EGL_SWAP_BEHAVIOR_PRESERVED, retrying without...
12-08 06:37:06.738  1776  1776 D gralloc_ranchu: gralloc_alloc: Creating ashmem region of size 10108928
12-08 06:37:06.821 12448 12468 W System  : A resource failed to call release. 
12-08 06:37:06.821 12448 12468 I chatty  : uid=10108(com.google.android.apps.nexuslauncher) FinalizerDaemon identical 2 lines
12-08 06:37:06.821 12448 12468 W System  : A resource failed to call release. 
12-08 06:37:06.859  2018  7392 D EGL_emulation: eglCreateContext: 0xb2357640: maj 2 min 0 rcv 2
12-08 06:37:06.863  1776  1776 D gralloc_ranchu: gralloc_alloc: Creating ashmem region of size 10108928
12-08 06:37:06.867  2018  7392 D EGL_emulation: eglMakeCurrent: 0xb2357640: ver 2 0 (tinfo 0xc0d1c860)
12-08 06:37:06.869 13607 13651 I TestRunner: started: shouldCreateAClaimWithATitleWith51Characters(ru.iteco.fmhandroid.ui.ClaimsCreationFormTest)
12-08 06:37:06.915  2170  2186 I ndroid.systemu: NativeAlloc concurrent copying GC freed 32777(1401KB) AllocSpace objects, 0(0B) LOS objects, 49% free, 5706KB/11MB, paused 885us total 247.051ms
12-08 06:37:06.935  2962 13729 W LocationOracle: No location history returned by ContextManager
12-08 06:37:06.950  1776  1776 D gralloc_ranchu: gralloc_alloc: Creating ashmem region of size 10108928
12-08 06:37:06.994  2656  3542 W GCoreFlp: No location to return for getLastLocation()
12-08 06:37:07.002  2962  3348 I MicroDetectionWorker: #startMicroDetector [speakerMode: 0]
12-08 06:37:07.004  2962  3348 W ErrorReporter: reportError [type: 211, code: 393244, bug: 0]: errorCode: 393244, engine: 0
12-08 06:37:07.005  2962  3348 I MicroDetector: Keeping mic open: false
12-08 06:37:07.007  2962  3348 I MicroDetectionWorker: #onError(false)
12-08 06:37:07.023 13607 13651 W Settings: Setting always_finish_activities has moved from android.provider.Settings.System to android.provider.Settings.Global, returning read-only value.
12-08 06:37:07.034  2018  9359 I ActivityTaskManager: START u0 {act=android.intent.action.MAIN cat=[android.intent.category.LAUNCHER] flg=0x10008000 cmp=ru.iteco.fmhandroid.test/androidx.test.core.app.InstrumentationActivityInvoker$BootstrapActivity (has extras)} from uid 10146
12-08 06:37:07.059  2018  9359 W InputReader: Device has associated, but no associated display id.
12-08 06:37:07.067  2018  9359 I chatty  : uid=1000(system) Binder:2018_1D identical 38 lines
12-08 06:37:07.067  2018  9359 W InputReader: Device has associated, but no associated display id.
12-08 06:37:07.087 13665 13665 W ActivityThread: handleWindowVisibility: no activity for token android.os.BinderProxy@d5015be
12-08 06:37:07.135  1776  1776 D gralloc_ranchu: gralloc_alloc: Creating ashmem region of size 10108928
12-08 06:37:07.165  2018  3031 I ActivityTaskManager: START u0 {act=android.intent.action.MAIN cat=[android.intent.category.LAUNCHER] cmp=ru.iteco.fmhandroid/.ui.AppActivity} from uid 10146
12-08 06:37:07.182  2656 12713 W ctxmgr  : [AclManager] No 3 for (accnt=account#-517948760#, com.google.android.gms(10112):UserVelocityProducer, vrsn=202414022, 0, 3pPkg = null ,  3pMdlId = null ,  pid = 2656). Was: 3 for 1, account#-517948760# [CONTEXT service_id=47 ]
12-08 06:37:07.185  2018  2340 W InputReader: Device has associated, but no associated display id.
12-08 06:37:07.190  2018  2340 I chatty  : uid=1000(system) Binder:2018_5 identical 34 lines
12-08 06:37:07.190  2018  2340 W InputReader: Device has associated, but no associated display id.
12-08 06:37:07.194 13607 13607 W ActivityThread: handleWindowVisibility: no activity for token android.os.BinderProxy@91af6c9
12-08 06:37:07.190  2018  2340 W InputReader: Device has associated, but no associated display id.
12-08 06:37:07.199  2018  2340 I chatty  : uid=1000(system) Binder:2018_5 identical 12 lines
12-08 06:37:07.199  2018  2340 W InputReader: Device has associated, but no associated display id.
12-08 06:37:07.219 13607 13607 D LifecycleMonitor: Lifecycle status change: ru.iteco.fmhandroid.ui.AppActivity@8533685 in: PRE_ON_CREATE
12-08 06:37:07.220 13607 13607 V ActivityScenario: Activity lifecycle changed event received but ignored because the reported transition was not ON_CREATE while the last known transition was PRE_ON_CREATE
12-08 06:37:07.228 13607 13639 V FA      : onActivityCreated
12-08 06:37:07.254  2018  2054 W InputReader: Device has associated, but no associated display id.
12-08 06:37:07.254  2018  2054 I chatty  : uid=1000(system) android.anim identical 8 lines
12-08 06:37:07.254  2018  2054 W InputReader: Device has associated, but no associated display id.
12-08 06:37:07.261  2962  3510 D EGL_emulation: eglMakeCurrent: 0xe597e200: ver 2 0 (tinfo 0xbffb2540)
12-08 06:37:07.267 13607 13607 D LifecycleMonitor: Lifecycle status change: ru.iteco.fmhandroid.ui.AppActivity@8533685 in: CREATED
12-08 06:37:07.268 13607 13607 V ActivityScenario: Update currentActivityStage to CREATED, currentActivity=ru.iteco.fmhandroid.ui.AppActivity@8533685
12-08 06:37:07.283 12448 12488 D EGL_emulation: eglMakeCurrent: 0xe594d140: ver 2 0 (tinfo 0xc539bd10)
12-08 06:37:07.333 13607 13607 D LifecycleMonitor: Lifecycle status change: ru.iteco.fmhandroid.ui.AppActivity@8533685 in: STARTED
12-08 06:37:07.333 13607 13607 V ActivityScenario: Update currentActivityStage to STARTED, currentActivity=ru.iteco.fmhandroid.ui.AppActivity@8533685
12-08 06:37:07.337 13607 13607 D LifecycleMonitor: Lifecycle status change: ru.iteco.fmhandroid.ui.AppActivity@8533685 in: RESUMED
12-08 06:37:07.340 13607 13607 V ActivityScenario: Update currentActivityStage to RESUMED, currentActivity=ru.iteco.fmhandroid.ui.AppActivity@8533685
12-08 06:37:07.349 13607 13644 V FA      : Activity resumed, time: 62203081
12-08 06:37:07.395  1776  1776 D gralloc_ranchu: gralloc_alloc: Creating ashmem region of size 10108928
12-08 06:37:07.403  1776  1776 I chatty  : uid=1000(system) allocator@2.0-s identical 1 line
12-08 06:37:07.405  1776  1776 D gralloc_ranchu: gralloc_alloc: Creating ashmem region of size 10108928
12-08 06:37:07.408 13607 13699 D EGL_emulation: eglMakeCurrent: 0xe593e8c0: ver 2 0 (tinfo 0xf0c99e70)
12-08 06:37:07.526 13607 13607 I ViewInteraction: Performing 'wait for a specific view with <(an instance of android.widget.TextView and view.getText() with or without transformation to match: is "Authorization" and view.getParent() view.getParent() view.getId() is <2131231186>)> during 10000 millis.' action on view view.getRootView() to equal view
12-08 06:37:07.530  2170  2566 D EGL_emulation: eglMakeCurrent: 0xe594e040: ver 2 0 (tinfo 0xc52450c0)
12-08 06:37:07.624  2656 12713 I ctxmgr  : [ProducerStatusImpl] updateStateForNewContextData: inactive, contextName=7 [CONTEXT service_id=47 ]
12-08 06:37:07.635  2656 14159 I LogUtils: [Places]: ?: Couldn't find platform key file. [CONTEXT service_id=253 ]
12-08 06:37:07.657  2962 13706 I PBSessionCacheImpl: Deleted sessionId[635180284890] from persistence.
12-08 06:37:07.660  2018  2058 I ActivityTaskManager: Displayed ru.iteco.fmhandroid/.ui.AppActivity: +458ms
12-08 06:37:07.671  2962  3348 W SearchServiceCore: Abort, client detached.
12-08 06:37:07.672  2656  3542 W GCoreFlp: No location to return for getLastLocation()
12-08 06:37:07.676  2018  2031 I system_server: NativeAlloc concurrent copying GC freed 15187(933KB) AllocSpace objects, 0(0B) LOS objects, 25% free, 17MB/23MB, paused 1.480ms total 397.151ms
12-08 06:37:07.698 13607 13620 I teco.fmhandroi: NativeAlloc concurrent copying GC freed 106533(5780KB) AllocSpace objects, 12(496KB) LOS objects, 35% free, 10MB/16MB, paused 1.532ms total 367.269ms
12-08 06:37:07.709  2873 13654 V FA-SVC  : Logging event: origin=auto,name=screen_view(_vs),params=Bundle[{ga_event_origin(_o)=auto, ga_previous_class(_pc)=AppActivity, ga_previous_id(_pi)=-527999674539728468, ga_screen_class(_sc)=AppActivity, ga_screen_id(_si)=-527999674539728467}]
12-08 06:37:07.724  2873 13654 V FA-SVC  : Upload scheduled in approximately ms: 3269905
12-08 06:37:07.724  2873 13654 V FA-SVC  : Unscheduling upload
12-08 06:37:07.735  2873 13654 V FA-SVC  : Scheduling upload, millis: 3269905
12-08 06:37:07.754  2873 13654 V FA-SVC  : Background event processing time, ms: 45
12-08 06:37:07.762  2656 13834 I LogUtils: [Places]: ?: Couldn't find platform key file. [CONTEXT service_id=253 ]
12-08 06:37:07.767  2656  3542 W GCoreFlp: No location to return for getLastLocation()
12-08 06:37:07.795  2656  2656 I GeofencerStateMachine: removeGeofences: removeRequest=RemoveGeofencingRequest[REMOVE_BY_PENDING_INTENT pendingIntent=PendingIntent[creatorPackage=com.google.android.gms], packageName=com.google.android.gms]
12-08 06:37:07.800  2656  2656 I GeofencerStateMachine: removeGeofences: removeRequest=RemoveGeofencingRequest[REMOVE_BY_PENDING_INTENT pendingIntent=PendingIntent[creatorPackage=com.google.android.gms], packageName=com.google.android.gms]
12-08 06:37:07.813  2656 14198 I PlacesLogger: [PlaceInferenceEngine]: [anon] Changed inference mode: 0 [CONTEXT service_id=253 ]
12-08 06:37:07.814  2656 13834 I LogUtils: [Places]: ?: Couldn't find platform key file. [CONTEXT service_id=253 ]
12-08 06:37:07.818  2656 14199 I LogUtils: [Places]: ?: Couldn't find platform key file. [CONTEXT service_id=253 ]
12-08 06:37:07.824  2656  3542 W GCoreFlp: No location to return for getLastLocation()
12-08 06:37:07.858  2656 14198 I LogUtils: [Places]: ?: PlacesBleScanner start() with priority 2 [CONTEXT service_id=253 ]
12-08 06:37:07.858  2656 14198 I PlacesLogger: [PlaceInferenceEngine]: [anon] Changed inference mode: 1 [CONTEXT service_id=253 ]
12-08 06:37:07.867  2656 14137 I LogUtils: [Places]: ?: Couldn't find platform key file. [CONTEXT service_id=253 ]
12-08 06:37:07.869  2656 14200 E SQLiteDatabase: Error inserting flex_time=3269000 job_id=-1 period=6540000 source=16 requires_charging=0 preferred_network_type=1 target_class=com.google.android.gms.measurement.PackageMeasurementTaskService user_id=0 target_package=com.google.android.gms tag=Measurement.PackageMeasurementTaskService.UPLOAD_TASK_TAG task_type=0 required_idleness_state=0 service_kind=0 source_version=202414000 persistence_level=1 preferred_charging_state=1 required_network_type=0 runtime=1670499427808 retry_strategy={"maximum_backoff_seconds":{"3600":0},"initial_backoff_seconds":{"30":0},"retry_policy":{"0":0}} last_runtime=0
12-08 06:37:07.869  2656 14200 E SQLiteDatabase: android.database.sqlite.SQLiteConstraintException: UNIQUE constraint failed: pending_ops.tag, pending_ops.target_class, pending_ops.target_package, pending_ops.user_id (code 2067 SQLITE_CONSTRAINT_UNIQUE)
12-08 06:37:07.869  2656 14200 E SQLiteDatabase: 	at android.database.sqlite.SQLiteConnection.nativeExecuteForLastInsertedRowId(Native Method)
12-08 06:37:07.869  2656 14200 E SQLiteDatabase: 	at android.database.sqlite.SQLiteConnection.executeForLastInsertedRowId(SQLiteConnection.java:879)
12-08 06:37:07.869  2656 14200 E SQLiteDatabase: 	at android.database.sqlite.SQLiteSession.executeForLastInsertedRowId(SQLiteSession.java:790)
