--------- beginning of main
12-08 06:37:04.040  1764  1891 W audio_hw_generic: Not supplying enough data to HAL, expected position 183569240 , only wrote 183183591
12-08 06:37:04.223  2170  2170 D StatusBar: disable<e i a s b h r c s > disable2<q i n >
12-08 06:37:04.268  1776  1927 D gralloc_ranchu: gralloc_alloc: Creating ashmem region of size 10108928
12-08 06:37:04.275  2170  2566 D EGL_emulation: eglMakeCurrent: 0xe594e040: ver 2 0 (tinfo 0xc52450c0)
12-08 06:37:04.310  2170  2170 D StatusBar: disable<e i a s b h r c s > disable2<q i n >
12-08 06:37:04.314  1776  1927 D gralloc_ranchu: gralloc_alloc: Creating ashmem region of size 10108928
12-08 06:37:04.398  1776  1927 D gralloc_ranchu: gralloc_alloc: Creating ashmem region of size 10108928
12-08 06:37:05.257 13607 13651 I QueryController: Matched selector: UiSelector[DESCRIPTION=Airplane mode] <<==>> [android.view.accessibility.AccessibilityNodeInfo@6defb; boundsInParent: Rect(0, 0 - 292, 292); boundsInScreen: Rect(736, 804 - 1028, 1096); packageName: com.android.systemui; className: android.widget.Switch; text: Off; error: null; maxTextLength: -1; contentDescription: Airplane mode; tooltipText: null; viewIdResName: null; checkable: true; checked: false; focusable: true; focused: false; selected: false; clickable: true; longClickable: true; contextClickable: false; enabled: true; password: false; scrollable: false; importantForAccessibility: true; visible: true; actions: [AccessibilityAction: ACTION_FOCUS - null, AccessibilityAction: ACTION_SELECT - null, AccessibilityAction: ACTION_CLEAR_SELECTION - null, AccessibilityAction: ACTION_CLICK - null, AccessibilityAction: ACTION_ACCESSIBILITY_FOCUS - null, AccessibilityAction: ACTION_NEXT_AT_MOVEMENT_GRANULARITY - null, AccessibilityAction: ACTION_PREVIOUS_AT_MOVEMENT_GRANULARITY - null, AccessibilityAction: ACTION_SET_SELECTION - null, AccessibilityAction: ACTION_SHOW_ON_SCREEN - null, AccessibilityAction: ACTION_LONG_CLICK - Open settings]]
--------- beginning of system
12-08 06:37:05.282  2018  2051 D AutofillManagerService: onBackKeyPressed()
12-08 06:37:05.932  2170  2170 V StatusBar: mStatusBarWindow: com.android.systemui.statusbar.phone.StatusBarWindowView{4752fa5 V.E...... ........ 0,0-1080,2340} canPanelBeCollapsed(): true
12-08 06:37:05.941  2170  2170 D StatusBar: disable<e i a s b h r c s > disable2<q i n >
12-08 06:37:05.932  2018  2051 D AutofillManagerService: onBackKeyPressed()
12-08 06:37:05.955  2018 11055 I ActivityTaskManager: START u0 {act=android.intent.action.MAIN cat=[android.intent.category.LAUNCHER] flg=0x10000000 cmp=ru.iteco.fmhandroid.test/androidx.test.core.app.InstrumentationActivityInvoker$EmptyActivity} from uid 10146
12-08 06:37:05.972 13607 13607 D LifecycleMonitor: Lifecycle status change: ru.iteco.fmhandroid.ui.AppActivity@acdc730 in: PAUSED
12-08 06:37:05.972 13607 13607 V ActivityScenario: Update currentActivityStage to PAUSED, currentActivity=ru.iteco.fmhandroid.ui.AppActivity@acdc730
12-08 06:37:05.974  2170  2170 D StatusBar: disable<e i a s b h r c s > disable2<q i n >
12-08 06:37:05.985 13607 13644 V FA      : Recording user engagement, ms: 2345
12-08 06:37:05.989  2018  3031 W InputReader: Device has associated, but no associated display id.
12-08 06:37:05.994  2018  3031 I chatty  : uid=1000(system) Binder:2018_B identical 38 lines
12-08 06:37:05.994  2018  3031 W InputReader: Device has associated, but no associated display id.
12-08 06:37:05.995 13665 13665 W ActivityThread: handleWindowVisibility: no activity for token android.os.BinderProxy@d90590c
12-08 06:37:05.999  2170  2566 D EGL_emulation: eglMakeCurrent: 0xe594e040: ver 2 0 (tinfo 0xc52450c0)
12-08 06:37:05.999  2018  3031 W InputReader: Device has associated, but no associated display id.
12-08 06:37:05.999  2018  3031 I chatty  : uid=1000(system) Binder:2018_B identical 8 lines
12-08 06:37:05.999  2018  3031 W InputReader: Device has associated, but no associated display id.
12-08 06:37:06.005  1776  1927 D gralloc_ranchu: gralloc_alloc: Creating ashmem region of size 286720
12-08 06:37:06.021  2170  2566 D EGL_emulation: eglMakeCurrent: 0xe594e040: ver 2 0 (tinfo 0xc52450c0)
12-08 06:37:06.048  1776  1927 D gralloc_ranchu: gralloc_alloc: Creating ashmem region of size 286720
12-08 06:37:06.053  2018  5644 I ActivityTaskManager: START u0 {act=android.intent.action.MAIN cat=[android.intent.category.LAUNCHER] flg=0x10000000 cmp=ru.iteco.fmhandroid.test/androidx.test.core.app.InstrumentationActivityInvoker$EmptyActivity} from uid 10146
12-08 06:37:06.070  1776  1927 D gralloc_ranchu: gralloc_alloc: Creating ashmem region of size 286720
12-08 06:37:06.111  1776  1927 D gralloc_ranchu: gralloc_alloc: Creating ashmem region of size 10108928
12-08 06:37:06.119  1776  1927 D gralloc_ranchu: gralloc_alloc: Creating ashmem region of size 10108928
12-08 06:37:06.120 13665 13696 D EGL_emulation: eglMakeCurrent: 0xe593ea40: ver 2 0 (tinfo 0xf0c89d20)
12-08 06:37:06.125  1776  1927 D gralloc_ranchu: gralloc_alloc: Creating ashmem region of size 10108928
12-08 06:37:06.128  2018  2053 I system_server: Explicit concurrent copying GC freed 70826(3224KB) AllocSpace objects, 13(324KB) LOS objects, 26% free, 17MB/23MB, paused 784us total 249.008ms
12-08 06:37:06.135 13607 13644 V FA      : Activity paused, time: 62201719
12-08 06:37:06.151  2873 13654 V FA-SVC  : Logging event: origin=auto,name=user_engagement(_e),params=Bundle[{ga_event_origin(_o)=auto, engagement_time_msec(_et)=2345, ga_screen_class(_sc)=AppActivity, ga_screen_id(_si)=-527999674539728468}]
12-08 06:37:06.156  2018 11055 W InputReader: Device has associated, but no associated display id.
12-08 06:37:06.164  2018 11055 I chatty  : uid=1000(system) Binder:2018_1E identical 48 lines
12-08 06:37:06.164  2018 11055 W InputReader: Device has associated, but no associated display id.
12-08 06:37:06.174 13665 13665 W ActivityThread: handleWindowVisibility: no activity for token android.os.BinderProxy@15f432f
12-08 06:37:06.188  2873 13654 V FA-SVC  : Upload scheduled in approximately ms: 3271441
12-08 06:37:06.188  2873 13654 V FA-SVC  : Unscheduling upload
12-08 06:37:06.200  2873 13654 V FA-SVC  : Scheduling upload, millis: 3271441
12-08 06:37:06.215  2018  3031 W ActivityTaskManager: Duplicate finish request for ActivityRecord{aee1a28 u0 ru.iteco.fmhandroid/.ui.AppActivity t362 f}
12-08 06:37:06.241  2873 13654 V FA-SVC  : Background event processing time, ms: 90
12-08 06:37:06.279  1776  1927 D gralloc_ranchu: gralloc_alloc: Creating ashmem region of size 10108928
12-08 06:37:06.286  1776  1927 I chatty  : uid=1000(system) HwBinder:1776_3 identical 1 line
12-08 06:37:06.291  1776  1927 D gralloc_ranchu: gralloc_alloc: Creating ashmem region of size 10108928
12-08 06:37:06.298 13665 13696 D EGL_emulation: eglMakeCurrent: 0xe593ea40: ver 2 0 (tinfo 0xf0c89d20)
12-08 06:37:06.319  2656 12713 E SQLiteDatabase: Error inserting flex_time=3271000 job_id=-1 period=6543000 source=16 requires_charging=0 preferred_network_type=1 target_class=com.google.android.gms.measurement.PackageMeasurementTaskService user_id=0 target_package=com.google.android.gms tag=Measurement.PackageMeasurementTaskService.UPLOAD_TASK_TAG task_type=0 required_idleness_state=0 service_kind=0 source_version=202414000 persistence_level=1 preferred_charging_state=1 required_network_type=0 runtime=1670499426262 retry_strategy={"maximum_backoff_seconds":{"3600":0},"initial_backoff_seconds":{"30":0},"retry_policy":{"0":0}} last_runtime=0
12-08 06:37:06.319  2656 12713 E SQLiteDatabase: android.database.sqlite.SQLiteConstraintException: UNIQUE constraint failed: pending_ops.tag, pending_ops.target_class, pending_ops.target_package, pending_ops.user_id (code 2067 SQLITE_CONSTRAINT_UNIQUE)
12-08 06:37:06.319  2656 12713 E SQLiteDatabase: 	at android.database.sqlite.SQLiteConnection.nativeExecuteForLastInsertedRowId(Native Method)
12-08 06:37:06.319  2656 12713 E SQLiteDatabase: 	at android.database.sqlite.SQLiteConnection.executeForLastInsertedRowId(SQLiteConnection.java:879)
12-08 06:37:06.319  2656 12713 E SQLiteDatabase: 	at android.database.sqlite.SQLiteSession.executeForLastInsertedRowId(SQLiteSession.java:790)
12-08 06:37:06.319  2656 12713 E SQLiteDatabase: 	at android.database.sqlite.SQLiteStatement.executeInsert(SQLiteStatement.java:88)
12-08 06:37:06.319  2656 12713 E SQLiteDatabase: 	at android.database.sqlite.SQLiteDatabase.insertWithOnConflict(SQLiteDatabase.java:1599)
12-08 06:37:06.319  2656 12713 E SQLiteDatabase: 	at android.database.sqlite.SQLiteDatabase.insert(SQLiteDatabase.java:1468)
12-08 06:37:06.319  2656 12713 E SQLiteDatabase: 	at aqui.a(:com.google.android.gms@202414022@20.24.14 (040700-319035315):175)
12-08 06:37:06.319  2656 12713 E SQLiteDatabase: 	at aqtk.a(:com.google.android.gms@202414022@20.24.14 (040700-319035315):182)
12-08 06:37:06.319  2656 12713 E SQLiteDatabase: 	at aqtk.a(:com.google.android.gms@202414022@20.24.14 (040700-319035315):23)
12-08 06:37:06.319  2656 12713 E SQLiteDatabase: 	at aqtk.a(:com.google.android.gms@202414022@20.24.14 (040700-319035315):177)
12-08 06:37:06.319  2656 12713 E SQLiteDatabase: 	at aqpu.run(:com.google.android.gms@202414022@20.24.14 (040700-319035315):9)
12-08 06:37:06.319  2656 12713 E SQLiteDatabase: 	at soy.b(:com.google.android.gms@202414022@20.24.14 (040700-319035315):12)
12-08 06:37:06.319  2656 12713 E SQLiteDatabase: 	at soy.run(:com.google.android.gms@202414022@20.24.14 (040700-319035315):7)
12-08 06:37:06.319  2656 12713 E SQLiteDatabase: 	at java.util.concurrent.ThreadPoolExecutor.runWorker(ThreadPoolExecutor.java:1167)
12-08 06:37:06.319  2656 12713 E SQLiteDatabase: 	at java.util.concurrent.ThreadPoolExecutor$Worker.run(ThreadPoolExecutor.java:641)
12-08 06:37:06.319  2656 12713 E SQLiteDatabase: 	at sux.run(:com.google.android.gms@202414022@20.24.14 (040700-319035315):0)
12-08 06:37:06.319  2656 12713 E SQLiteDatabase: 	at java.lang.Thread.run(Thread.java:919)
12-08 06:37:06.322  2018  2054 W InputReader: Device has associated, but no associated display id.
12-08 06:37:06.323  2018  2054 I chatty  : uid=1000(system) android.anim identical 18 lines
12-08 06:37:06.323  2018  2054 W InputReader: Device has associated, but no associated display id.
12-08 06:37:06.332  2018  2058 I ActivityTaskManager: Displayed ru.iteco.fmhandroid.test/androidx.test.core.app.InstrumentationActivityInvoker$EmptyActivity: +199ms
12-08 06:37:06.341  2018  9359 W InputReader: Device has associated, but no associated display id.
12-08 06:37:06.342  2018  9359 I chatty  : uid=1000(system) Binder:2018_1D identical 8 lines
12-08 06:37:06.342  2018  9359 W InputReader: Device has associated, but no associated display id.
12-08 06:37:06.346 13607 13699 D EGL_emulation: eglMakeCurrent: 0xe593e8c0: ver 2 0 (tinfo 0xf0c99e70)
12-08 06:37:06.381  2018  3031 W InputReader: Device has associated, but no associated display id.
12-08 06:37:06.381  2018  3031 I chatty  : uid=1000(system) Binder:2018_B identical 8 lines
12-08 06:37:06.382  2018  3031 W InputReader: Device has associated, but no associated display id.
12-08 06:37:06.400 13607 13607 D LifecycleMonitor: Lifecycle status change: ru.iteco.fmhandroid.ui.AppActivity@acdc730 in: STOPPED
12-08 06:37:06.400 13607 13607 V ActivityScenario: Update currentActivityStage to STOPPED, currentActivity=ru.iteco.fmhandroid.ui.AppActivity@acdc730
12-08 06:37:06.409  1776  1927 D gralloc_ranchu: gralloc_alloc: Creating ashmem region of size 10108928
12-08 06:37:06.421  1776  1927 I chatty  : uid=1000(system) HwBinder:1776_3 identical 1 line
12-08 06:37:06.423  1776  1927 D gralloc_ranchu: gralloc_alloc: Creating ashmem region of size 10108928
12-08 06:37:06.425  2962  3510 D EGL_emulation: eglMakeCurrent: 0xe597e200: ver 2 0 (tinfo 0xbffb2540)
12-08 06:37:06.434 13607 13607 W System.err: ru.iteco.fmhandroid.exceptions.UnknownException
12-08 06:37:06.434 13607 13607 W System.err: 	at ru.iteco.fmhandroid.utils.Utils.makeRequest(Utils.kt:123)
12-08 06:37:06.435 13607 13607 W System.err: 	at ru.iteco.fmhandroid.utils.Utils$makeRequest$1.invokeSuspend(Unknown Source:15)
12-08 06:37:06.436 13607 13607 W System.err: 	at kotlin.coroutines.jvm.internal.BaseContinuationImpl.resumeWith(ContinuationImpl.kt:33)
12-08 06:37:06.436 13607 13607 W System.err: 	at kotlinx.coroutines.DispatchedTaskKt.resume(DispatchedTask.kt:234)
12-08 06:37:06.436 13607 13607 W System.err: 	at kotlinx.coroutines.DispatchedTaskKt.resumeUnconfined(DispatchedTask.kt:190)
12-08 06:37:06.436 13607 13607 W System.err: 	at kotlinx.coroutines.DispatchedTaskKt.dispatch(DispatchedTask.kt:161)
12-08 06:37:06.437 13607 13607 W System.err: 	at kotlinx.coroutines.CancellableContinuationImpl.dispatchResume(CancellableContinuationImpl.kt:397)
12-08 06:37:06.437 13607 13607 W System.err: 	at kotlinx.coroutines.CancellableContinuationImpl.cancel(CancellableContinuationImpl.kt:183)
12-08 06:37:06.437 13607 13607 W System.err: 	at kotlinx.coroutines.CancellableContinuationImpl.parentCancelled$kotlinx_coroutines_core(CancellableContinuationImpl.kt:190)
12-08 06:37:06.437 13607 13607 W System.err: 	at kotlinx.coroutines.ChildContinuation.invoke(JobSupport.kt:1474)
12-08 06:37:06.437 13607 13607 W System.err: 	at kotlinx.coroutines.JobSupport.notifyCancelling(JobSupport.kt:1499)
12-08 06:37:06.437 13607 13607 W System.err: 	at kotlinx.coroutines.JobSupport.tryMakeCancelling(JobSupport.kt:795)
12-08 06:37:06.437 13607 13607 W System.err: 	at kotlinx.coroutines.JobSupport.makeCancelling(JobSupport.kt:755)
12-08 06:37:06.437 13607 13607 W System.err: 	at kotlinx.coroutines.JobSupport.cancelImpl$kotlinx_coroutines_core(JobSupport.kt:671)
12-08 06:37:06.438 13607 13607 W System.err: 	at kotlinx.coroutines.JobSupport.parentCancelled(JobSupport.kt:637)
12-08 06:37:06.438 13607 13607 W System.err: 	at kotlinx.coroutines.ChildHandleNode.invoke(JobSupport.kt:1465)
12-08 06:37:06.438 13607 13607 W System.err: 	at kotlinx.coroutines.JobSupport.notifyCancelling(JobSupport.kt:1499)
12-08 06:37:06.438 13607 13607 W System.err: 	at kotlinx.coroutines.JobSupport.tryMakeCompletingSlowPath(JobSupport.kt:900)
12-08 06:37:06.450 13607 13607 W System.err: 	at kotlinx.coroutines.JobSupport.tryMakeCompleting(JobSupport.kt:863)
12-08 06:37:06.450 13607 13607 W System.err: 	at kotlinx.coroutines.JobSupport.cancelMakeCompleting(JobSupport.kt:696)
12-08 06:37:06.450 13607 13607 W System.err: 	at kotlinx.coroutines.JobSupport.cancelImpl$kotlinx_coroutines_core(JobSupport.kt:667)
12-08 06:37:06.450 13607 13607 W System.err: 	at kotlinx.coroutines.JobSupport.cancelInternal(JobSupport.kt:632)
12-08 06:37:06.451 13607 13607 W System.err: 	at kotlinx.coroutines.JobSupport.cancel(JobSupport.kt:617)
12-08 06:37:06.451 13607 13607 W System.err: 	at kotlinx.coroutines.JobKt__JobKt.cancel(Job.kt:561)
12-08 06:37:06.451 13607 13607 W System.err: 	at kotlinx.coroutines.JobKt.cancel(Unknown Source:1)
12-08 06:37:06.451 13607 13607 W System.err: 	at kotlinx.coroutines.JobKt__JobKt.cancel$default(Job.kt:560)
12-08 06:37:06.451 13607 13607 W System.err: 	at kotlinx.coroutines.JobKt.cancel$default(Unknown Source:1)
12-08 06:37:06.452 13607 13607 W System.err: 	at androidx.lifecycle.CloseableCoroutineScope.close(ViewModel.kt:51)
12-08 06:37:06.452 13607 13607 W System.err: 	at androidx.lifecycle.ViewModel.closeWithRuntimeException(ViewModel.java:188)
12-08 06:37:06.452 13607 13607 W System.err: 	at androidx.lifecycle.ViewModel.clear(ViewModel.java:134)
12-08 06:37:06.452 13607 13607 W System.err: 	at androidx.lifecycle.ViewModelStore.clear(ViewModelStore.java:62)
12-08 06:37:06.452 13607 13607 W System.err: 	at androidx.fragment.app.FragmentManagerViewModel.clearNonConfigStateInternal(FragmentManagerViewModel.java:210)
12-08 06:37:06.452 13607 13607 W System.err: 	at androidx.fragment.app.FragmentManagerViewModel.clearNonConfigState(FragmentManagerViewModel.java:190)
12-08 06:37:06.452 13607 13607 W System.err: 	at androidx.fragment.app.FragmentStateManager.destroy(FragmentStateManager.java:778)
12-08 06:37:06.452 13607 13607 W System.err: 	at androidx.fragment.app.FragmentStateManager.moveToExpectedState(FragmentStateManager.java:335)
12-08 06:37:06.452 13607 13607 W System.err: 	at androidx.fragment.app.FragmentStore.moveToExpectedState(FragmentStore.java:121)
12-08 06:37:06.452 13607 13607 W System.err: 	at androidx.fragment.app.FragmentManager.moveToState(FragmentManager.java:1374)
12-08 06:37:06.452 13607 13607 W System.err: 	at androidx.fragment.app.FragmentManager.dispatchStateChange(FragmentManager.java:2841)
12-08 06:37:06.452 13607 13607 W System.err: 	at androidx.fragment.app.FragmentManager.dispatchDestroy(FragmentManager.java:2820)
12-08 06:37:06.452 13607 13607 W System.err: 	at androidx.fragment.app.Fragment.performDestroy(Fragment.java:3246)
12-08 06:37:06.452 13607 13607 W System.err: 	at androidx.fragment.app.FragmentStateManager.destroy(FragmentStateManager.java:780)
12-08 06:37:06.452 13607 13607 W System.err: 	at androidx.fragment.app.FragmentStateManager.moveToExpectedState(FragmentStateManager.java:335)
12-08 06:37:06.453 13607 13607 W System.err: 	at androidx.fragment.app.SpecialEffectsController$FragmentStateManagerOperation.complete(SpecialEffectsController.java:771)
12-08 06:37:06.453 13607 13607 W System.err: 	at androidx.fragment.app.SpecialEffectsController$Operation.cancel(SpecialEffectsController.java:615)
12-08 06:37:06.453 13607 13607 W System.err: 	at androidx.fragment.app.SpecialEffectsController.forceCompleteAllOperations(SpecialEffectsController.java:350)
12-08 06:37:06.453 13607 13607 W System.err: 	at androidx.fragment.app.FragmentManager.dispatchStateChange(FragmentManager.java:2844)
12-08 06:37:06.453 13607 13607 W System.err: 	at androidx.fragment.app.FragmentManager.dispatchDestroy(FragmentManager.java:2820)
12-08 06:37:06.454 13607 13607 W System.err: 	at androidx.fragment.app.FragmentController.dispatchDestroy(FragmentController.java:345)
12-08 06:37:06.454 13607 13607 W System.err: 	at androidx.fragment.app.FragmentActivity.onDestroy(FragmentActivity.java:306)
12-08 06:37:06.454 13607 13607 W System.err: 	at androidx.appcompat.app.AppCompatActivity.onDestroy(AppCompatActivity.java:278)
12-08 06:37:06.454 13607 13607 W System.err: 	at android.app.Activity.performDestroy(Activity.java:8048)
12-08 06:37:06.454 13607 13607 W System.err: 	at android.app.Instrumentation.callActivityOnDestroy(Instrumentation.java:1334)
12-08 06:37:06.454 13607 13607 W System.err: 	at androidx.test.runner.MonitoringInstrumentation.callActivityOnDestroy(MonitoringInstrumentation.java:766)
12-08 06:37:06.454 13607 13607 W System.err: 	at android.app.ActivityThread.performDestroyActivity(ActivityThread.java:4926)
12-08 06:37:06.454 13607 13607 W System.err: 	at android.app.ActivityThread.handleDestroyActivity(ActivityThread.java:4970)
12-08 06:37:06.454 13607 13607 W System.err: 	at android.app.servertransaction.DestroyActivityItem.execute(DestroyActivityItem.java:44)
12-08 06:37:06.454 13607 13607 W System.err: 	at android.app.servertransaction.TransactionExecutor.executeLifecycleState(TransactionExecutor.java:176)
12-08 06:37:06.454 13607 13607 W System.err: 	at android.app.servertransaction.TransactionExecutor.execute(TransactionExecutor.java:97)
12-08 06:37:06.454 13607 13607 W System.err: 	at android.app.ActivityThread$H.handleMessage(ActivityThread.java:2016)
12-08 06:37:06.454 13607 13607 W System.err: 	at android.os.Handler.dispatchMessage(Handler.java:107)
12-08 06:37:06.454 13607 14185 I okhttp.OkHttpClient: --> GET http://www.981757-ca08998.tmweb.ru:8080/fmh/claims
12-08 06:37:06.454 13607 13607 W System.err: 	at android.os.Looper.loop(Looper.java:214)
12-08 06:37:06.454 13607 13607 W System.err: 	at android.app.ActivityThread.main(ActivityThread.java:7356)
12-08 06:37:06.454 13607 14185 I okhttp.OkHttpClient: --> END GET
12-08 06:37:06.454 13607 13607 W System.err: 	at java.lang.reflect.Method.invoke(Native Method)
12-08 06:37:06.454 13607 13607 W System.err: 	at com.android.internal.os.RuntimeInit$MethodAndArgsCaller.run(RuntimeInit.java:492)
12-08 06:37:06.454 13607 13607 W System.err: 	at com.android.internal.os.ZygoteInit.main(ZygoteInit.java:930)
12-08 06:37:06.456 13607 13607 W System.err: ru.iteco.fmhandroid.exceptions.UnknownException
12-08 06:37:06.456 13607 13607 W System.err: 	at ru.iteco.fmhandroid.utils.Utils.makeRequest(Utils.kt:123)
12-08 06:37:06.456 13607 13607 W System.err: 	at ru.iteco.fmhandroid.utils.Utils$makeRequest$1.invokeSuspend(Unknown Source:15)
12-08 06:37:06.456 13607 13808 I okhttp.OkHttpClient: <-- HTTP FAILED: java.net.SocketException: Socket closed
12-08 06:37:06.457 13607 13607 W System.err: 	at kotlin.coroutines.jvm.internal.BaseContinuationImpl.resumeWith(ContinuationImpl.kt:33)
12-08 06:37:06.457 13607 13607 W System.err: 	at kotlinx.coroutines.DispatchedTaskKt.resume(DispatchedTask.kt:234)
12-08 06:37:06.457 13607 13607 W System.err: 	at kotlinx.coroutines.DispatchedTaskKt.resumeUnconfined(DispatchedTask.kt:190)
12-08 06:37:06.457 13607 13607 W System.err: 	at kotlinx.coroutines.DispatchedTaskKt.dispatch(DispatchedTask.kt:161)
12-08 06:37:06.457 13607 13607 W System.err: 	at kotlinx.coroutines.CancellableContinuationImpl.dispatchResume(CancellableContinuationImpl.kt:397)
12-08 06:37:06.457 13607 13607 W System.err: 	at kotlinx.coroutines.CancellableContinuationImpl.cancel(CancellableContinuationImpl.kt:183)
12-08 06:37:06.457 13607 13607 W System.err: 	at kotlinx.coroutines.CancellableContinuationImpl.parentCancelled$kotlinx_coroutines_core(CancellableContinuationImpl.kt:190)
12-08 06:37:06.457 13607 13607 W System.err: 	at kotlinx.coroutines.ChildContinuation.invoke(JobSupport.kt:1474)
12-08 06:37:06.457 13607 13607 W System.err: 	at kotlinx.coroutines.JobSupport.notifyCancelling(JobSupport.kt:1499)
12-08 06:37:06.457 13607 13607 W System.err: 	at kotlinx.coroutines.JobSupport.tryMakeCancelling(JobSupport.kt:795)
12-08 06:37:06.457 13607 13607 W System.err: 	at kotlinx.coroutines.JobSupport.makeCancelling(JobSupport.kt:755)
12-08 06:37:06.457 13607 13607 W System.err: 	at kotlinx.coroutines.JobSupport.cancelImpl$kotlinx_coroutines_core(JobSupport.kt:671)
12-08 06:37:06.457 13607 13607 W System.err: 	at kotlinx.coroutines.JobSupport.parentCancelled(JobSupport.kt:637)
12-08 06:37:06.457 13607 13607 W System.err: 	at kotlinx.coroutines.ChildHandleNode.invoke(JobSupport.kt:1465)
12-08 06:37:06.457 13607 13607 W System.err: 	at kotlinx.coroutines.JobSupport.notifyCancelling(JobSupport.kt:1499)
12-08 06:37:06.457 13607 13607 W System.err: 	at kotlinx.coroutines.JobSupport.tryMakeCompletingSlowPath(JobSupport.kt:900)
12-08 06:37:06.457 13607 13607 W System.err: 	at kotlinx.coroutines.JobSupport.tryMakeCompleting(JobSupport.kt:863)
12-08 06:37:06.458 13607 13607 W System.err: 	at kotlinx.coroutines.JobSupport.cancelMakeCompleting(JobSupport.kt:696)
12-08 06:37:06.458 13607 13607 W System.err: 	at kotlinx.coroutines.JobSupport.cancelImpl$kotlinx_coroutines_core(JobSupport.kt:667)
12-08 06:37:06.458 13607 13607 W System.err: 	at kotlinx.coroutines.JobSupport.cancelInternal(JobSupport.kt:632)
12-08 06:37:06.458 13607 13607 W System.err: 	at kotlinx.coroutines.JobSupport.cancel(JobSupport.kt:617)
12-08 06:37:06.458 13607 13607 W System.err: 	at kotlinx.coroutines.JobKt__JobKt.cancel(Job.kt:561)
12-08 06:37:06.458 13607 13607 W System.err: 	at kotlinx.coroutines.JobKt.cancel(Unknown Source:1)
12-08 06:37:06.458 13607 13607 W System.err: 	at kotlinx.coroutines.JobKt__JobKt.cancel$default(Job.kt:560)
12-08 06:37:06.458 13607 13607 W System.err: 	at kotlinx.coroutines.JobKt.cancel$default(Unknown Source:1)
12-08 06:37:06.458 13607 13607 W System.err: 	at androidx.lifecycle.CloseableCoroutineScope.close(ViewModel.kt:51)
12-08 06:37:06.458 13607 13607 W System.err: 	at androidx.lifecycle.ViewModel.closeWithRuntimeException(ViewModel.java:188)
12-08 06:37:06.458 13607 13607 W System.err: 	at androidx.lifecycle.ViewModel.clear(ViewModel.java:134)
12-08 06:37:06.458 13607 13607 W System.err: 	at androidx.lifecycle.ViewModelStore.clear(ViewModelStore.java:62)
12-08 06:37:06.458 13607 13607 W System.err: 	at androidx.fragment.app.FragmentManagerViewModel.clearNonConfigStateInternal(FragmentManagerViewModel.java:210)
12-08 06:37:06.458 13607 13607 W System.err: 	at androidx.fragment.app.FragmentManagerViewModel.clearNonConfigState(FragmentManagerViewModel.java:190)
12-08 06:37:06.458 13607 13607 W System.err: 	at androidx.fragment.app.FragmentStateManager.destroy(FragmentStateManager.java:778)
12-08 06:37:06.458 13607 13607 W System.err: 	at androidx.fragment.app.FragmentStateManager.moveToExpectedState(FragmentStateManager.java:335)
12-08 06:37:06.458 13607 13607 W System.err: 	at androidx.fragment.app.FragmentStore.moveToExpectedState(FragmentStore.java:121)
12-08 06:37:06.458 13607 13607 W System.err: 	at androidx.fragment.app.FragmentManager.moveToState(FragmentManager.java:1374)
12-08 06:37:06.458 13607 13607 W System.err: 	at androidx.fragment.app.FragmentManager.dispatchStateChange(FragmentManager.java:2841)
12-08 06:37:06.458 13607 13607 W System.err: 	at androidx.fragment.app.FragmentManager.dispatchDestroy(FragmentManager.java:2820)
12-08 06:37:06.458 13607 13607 W System.err: 	at androidx.fragment.app.Fragment.performDestroy(Fragment.java:3246)
12-08 06:37:06.458 13607 13607 W System.err: 	at androidx.fragment.app.FragmentStateManager.destroy(FragmentStateManager.java:780)
12-08 06:37:06.458 13607 13607 W System.err: 	at androidx.fragment.app.FragmentStateManager.moveToExpectedState(FragmentStateManager.java:335)
12-08 06:37:06.459 13607 13607 W System.err: 	at androidx.fragment.app.SpecialEffectsController$FragmentStateManagerOperation.complete(SpecialEffectsController.java:771)
12-08 06:37:06.459 13607 13607 W System.err: 	at androidx.fragment.app.SpecialEffectsController$Operation.cancel(SpecialEffectsController.java:615)
12-08 06:37:06.459 13607 13607 W System.err: 	at androidx.fragment.app.SpecialEffectsController.forceCompleteAllOperations(SpecialEffectsController.java:350)
12-08 06:37:06.459 13607 13607 W System.err: 	at androidx.fragment.app.FragmentManager.dispatchStateChange(FragmentManager.java:2844)
12-08 06:37:06.459 13607 13607 W System.err: 	at androidx.fragment.app.FragmentManager.dispatchDestroy(FragmentManager.java:2820)
12-08 06:37:06.459 13607 13607 W System.err: 	at androidx.fragment.app.FragmentController.dispatchDestroy(FragmentController.java:345)
12-08 06:37:06.459 13607 13607 W System.err: 	at androidx.fragment.app.FragmentActivity.onDestroy(FragmentActivity.java:306)
12-08 06:37:06.459 13607 13607 W System.err: 	at androidx.appcompat.app.AppCompatActivity.onDestroy(AppCompatActivity.java:278)
12-08 06:37:06.459 13607 13607 W System.err: 	at android.app.Activity.performDestroy(Activity.java:8048)
12-08 06:37:06.459 13607 13607 W System.err: 	at android.app.Instrumentation.callActivityOnDestroy(Instrumentation.java:1334)
12-08 06:37:06.459 13607 13607 W System.err: 	at androidx.test.runner.MonitoringInstrumentation.callActivityOnDestroy(MonitoringInstrumentation.java:766)
12-08 06:37:06.459 13607 13607 W System.err: 	at android.app.ActivityThread.performDestroyActivity(ActivityThread.java:4926)
12-08 06:37:06.459 13607 13607 W System.err: 	at android.app.ActivityThread.handleDestroyActivity(ActivityThread.java:4970)
12-08 06:37:06.459 13607 13607 W System.err: 	at android.app.servertransaction.DestroyActivityItem.execute(DestroyActivityItem.java:44)
12-08 06:37:06.459 13607 13607 W System.err: 	at android.app.servertransaction.TransactionExecutor.executeLifecycleState(TransactionExecutor.java:176)
12-08 06:37:06.459 13607 13607 W System.err: 	at android.app.servertransaction.TransactionExecutor.execute(TransactionExecutor.java:97)
12-08 06:37:06.459 13607 13607 W System.err: 	at android.app.ActivityThread$H.handleMessage(ActivityThread.java:2016)
12-08 06:37:06.459 13607 13607 W System.err: 	at android.os.Handler.dispatchMessage(Handler.java:107)
12-08 06:37:06.461 13607 13745 I okhttp.OkHttpClient: --> GET http://www.981757-ca08998.tmweb.ru:8080/fmh/claims
12-08 06:37:06.461 13607 13745 I okhttp.OkHttpClient: --> END GET
12-08 06:37:06.462  1776  1927 D gralloc_ranchu: gralloc_alloc: Creating ashmem region of size 10108928
12-08 06:37:06.473 13607 13607 W System.err: 	at android.os.Looper.loop(Looper.java:214)
12-08 06:37:06.473 13607 13607 W System.err: 	at android.app.ActivityThread.main(ActivityThread.java:7356)
12-08 06:37:06.474 13607 13607 W System.err: 	at java.lang.reflect.Method.invoke(Native Method)
12-08 06:37:06.474 13607 13607 W System.err: 	at com.android.internal.os.RuntimeInit$MethodAndArgsCaller.run(RuntimeInit.java:492)
12-08 06:37:06.474 13607 13607 W System.err: 	at com.android.internal.os.ZygoteInit.main(ZygoteInit.java:930)
12-08 06:37:06.475  1776  1927 D gralloc_ranchu: gralloc_alloc: Creating ashmem region of size 10108928
12-08 06:37:06.478 13607 13607 W System.err: ru.iteco.fmhandroid.exceptions.UnknownException
12-08 06:37:06.478 13607 13607 W System.err: 	at ru.iteco.fmhandroid.utils.Utils.makeRequest(Utils.kt:123)
12-08 06:37:06.478 13607 13607 W System.err: 	at ru.iteco.fmhandroid.utils.Utils$makeRequest$1.invokeSuspend(Unknown Source:15)
12-08 06:37:06.479 13607 13607 W System.err: 	at kotlin.coroutines.jvm.internal.BaseContinuationImpl.resumeWith(ContinuationImpl.kt:33)
12-08 06:37:06.479 13607 13607 W System.err: 	at kotlinx.coroutines.DispatchedTaskKt.resume(DispatchedTask.kt:234)
12-08 06:37:06.479 13607 13607 W System.err: 	at kotlinx.coroutines.DispatchedTaskKt.resumeUnconfined(DispatchedTask.kt:190)
12-08 06:37:06.479 13607 13607 W System.err: 	at kotlinx.coroutines.DispatchedTaskKt.dispatch(DispatchedTask.kt:161)
12-08 06:37:06.479 13607 13607 W System.err: 	at kotlinx.coroutines.CancellableContinuationImpl.dispatchResume(CancellableContinuationImpl.kt:397)
12-08 06:37:06.479 13607 13607 W System.err: 	at kotlinx.coroutines.CancellableContinuationImpl.cancel(CancellableContinuationImpl.kt:183)
12-08 06:37:06.479 13607 13607 W System.err: 	at kotlinx.coroutines.CancellableContinuationImpl.parentCancelled$kotlinx_coroutines_core(CancellableContinuationImpl.kt:190)
12-08 06:37:06.479 13607 13607 W System.err: 	at kotlinx.coroutines.ChildContinuation.invoke(JobSupport.kt:1474)
12-08 06:37:06.480 13607 13607 W System.err: 	at kotlinx.coroutines.JobSupport.notifyCancelling(JobSupport.kt:1499)
12-08 06:37:06.480 13607 13607 W System.err: 	at kotlinx.coroutines.JobSupport.tryMakeCancelling(JobSupport.kt:795)
12-08 06:37:06.480 13607 13607 W System.err: 	at kotlinx.coroutines.JobSupport.makeCancelling(JobSupport.kt:755)
12-08 06:37:06.480 13607 13607 W System.err: 	at kotlinx.coroutines.JobSupport.cancelImpl$kotlinx_coroutines_core(JobSupport.kt:671)
12-08 06:37:06.480 13607 13607 W System.err: 	at kotlinx.coroutines.JobSupport.parentCancelled(JobSupport.kt:637)
12-08 06:37:06.480 13607 13607 W System.err: 	at kotlinx.coroutines.ChildHandleNode.invoke(JobSupport.kt:1465)
12-08 06:37:06.480 13607 13607 W System.err: 	at kotlinx.coroutines.JobSupport.notifyCancelling(JobSupport.kt:1499)
12-08 06:37:06.480 13607 13607 W System.err: 	at kotlinx.coroutines.JobSupport.tryMakeCompletingSlowPath(JobSupport.kt:900)
12-08 06:37:06.481 13607 13607 W System.err: 	at kotlinx.coroutines.JobSupport.tryMakeCompleting(JobSupport.kt:863)
12-08 06:37:06.481 13607 13607 W System.err: 	at kotlinx.coroutines.JobSupport.cancelMakeCompleting(JobSupport.kt:696)
12-08 06:37:06.481 13607 13607 W System.err: 	at kotlinx.coroutines.JobSupport.cancelImpl$kotlinx_coroutines_core(JobSupport.kt:667)
12-08 06:37:06.481 13607 13607 W System.err: 	at kotlinx.coroutines.JobSupport.cancelInternal(JobSupport.kt:632)
12-08 06:37:06.481 13607 13607 W System.err: 	at kotlinx.coroutines.JobSupport.cancel(JobSupport.kt:617)
12-08 06:37:06.481 13607 13607 W System.err: 	at kotlinx.coroutines.JobKt__JobKt.cancel(Job.kt:561)
12-08 06:37:06.481 13607 13607 W System.err: 	at kotlinx.coroutines.JobKt.cancel(Unknown Source:1)
12-08 06:37:06.481 13607 13607 W System.err: 	at kotlinx.coroutines.JobKt__JobKt.cancel$default(Job.kt:560)
12-08 06:37:06.481 13607 13607 W System.err: 	at kotlinx.coroutines.JobKt.cancel$default(Unknown Source:1)
12-08 06:37:06.481 13607 13607 W System.err: 	at androidx.lifecycle.CloseableCoroutineScope.close(ViewModel.kt:51)
12-08 06:37:06.481 13607 13607 W System.err: 	at androidx.lifecycle.ViewModel.closeWithRuntimeException(ViewModel.java:188)
12-08 06:37:06.481 13607 13607 W System.err: 	at androidx.lifecycle.ViewModel.clear(ViewModel.java:134)
12-08 06:37:06.482 13607 13607 W System.err: 	at androidx.lifecycle.ViewModelStore.clear(ViewModelStore.java:62)
12-08 06:37:06.482 13607 13607 W System.err: 	at androidx.fragment.app.FragmentManagerViewModel.clearNonConfigStateInternal(FragmentManagerViewModel.java:210)
12-08 06:37:06.482 12448 12488 D EGL_emulation: eglMakeCurrent: 0xe594d140: ver 2 0 (tinfo 0xc539bd10)
12-08 06:37:06.482 13607 13607 W System.err: 	at androidx.fragment.app.FragmentManagerViewModel.clearNonConfigState(FragmentManagerViewModel.java:190)
12-08 06:37:06.482 13607 13607 W System.err: 	at androidx.fragment.app.FragmentStateManager.destroy(FragmentStateManager.java:778)
12-08 06:37:06.482 13607 13607 W System.err: 	at androidx.fragment.app.FragmentStateManager.moveToExpectedState(FragmentStateManager.java:335)
12-08 06:37:06.482 13607 13607 W System.err: 	at androidx.fragment.app.FragmentStore.moveToExpectedState(FragmentStore.java:121)
12-08 06:37:06.482 13607 13607 W System.err: 	at androidx.fragment.app.FragmentManager.moveToState(FragmentManager.java:1374)
12-08 06:37:06.482 13607 13607 W System.err: 	at androidx.fragment.app.FragmentManager.dispatchStateChange(FragmentManager.java:2841)
12-08 06:37:06.483 13607 13607 W System.err: 	at androidx.fragment.app.FragmentManager.dispatchDestroy(FragmentManager.java:2820)
12-08 06:37:06.483 13607 13607 W System.err: 	at androidx.fragment.app.Fragment.performDestroy(Fragment.java:3246)
12-08 06:37:06.483 13607 13607 W System.err: 	at androidx.fragment.app.FragmentStateManager.destroy(FragmentStateManager.java:780)
12-08 06:37:06.483  1744 14187 E ResolverController: No valid NAT64 prefix (108, <unspecified>/0)
12-08 06:37:06.484 13607 13607 W System.err: 	at androidx.fragment.app.FragmentStateManager.moveToExpectedState(FragmentStateManager.java:335)
12-08 06:37:06.484 13607 13607 W System.err: 	at androidx.fragment.app.SpecialEffectsController$FragmentStateManagerOperation.complete(SpecialEffectsController.java:771)
12-08 06:37:06.484 13607 13607 W System.err: 	at androidx.fragment.app.SpecialEffectsController$Operation.cancel(SpecialEffectsController.java:615)
12-08 06:37:06.484 13607 13607 W System.err: 	at androidx.fragment.app.SpecialEffectsController.forceCompleteAllOperations(SpecialEffectsController.java:350)
12-08 06:37:06.484 13607 13607 W System.err: 	at androidx.fragment.app.FragmentManager.dispatchStateChange(FragmentManager.java:2844)
12-08 06:37:06.484 13607 13607 W System.err: 	at androidx.fragment.app.FragmentManager.dispatchDestroy(FragmentManager.java:2820)
12-08 06:37:06.484 13607 13607 W System.err: 	at androidx.fragment.app.FragmentController.dispatchDestroy(FragmentController.java:345)
12-08 06:37:06.485 13607 13607 W System.err: 	at androidx.fragment.app.FragmentActivity.onDestroy(FragmentActivity.java:306)
12-08 06:37:06.485 13607 13607 W System.err: 	at androidx.appcompat.app.AppCompatActivity.onDestroy(AppCompatActivity.java:278)
12-08 06:37:06.485 13607 13607 W System.err: 	at android.app.Activity.performDestroy(Activity.java:8048)
12-08 06:37:06.485 13607 13607 W System.err: 	at android.app.Instrumentation.callActivityOnDestroy(Instrumentation.java:1334)
12-08 06:37:06.485 13607 13607 W System.err: 	at androidx.test.runner.MonitoringInstrumentation.callActivityOnDestroy(MonitoringInstrumentation.java:766)
12-08 06:37:06.485 13607 13607 W System.err: 	at android.app.ActivityThread.performDestroyActivity(ActivityThread.java:4926)
12-08 06:37:06.485 13607 13607 W System.err: 	at android.app.ActivityThread.handleDestroyActivity(ActivityThread.java:4970)
12-08 06:37:06.485 13607 13607 W System.err: 	at android.app.servertransaction.DestroyActivityItem.execute(DestroyActivityItem.java:44)
12-08 06:37:06.485 13607 13607 W System.err: 	at android.app.servertransaction.TransactionExecutor.executeLifecycleState(TransactionExecutor.java:176)
12-08 06:37:06.485 13607 13607 W System.err: 	at android.app.servertransaction.TransactionExecutor.execute(TransactionExecutor.java:97)
12-08 06:37:06.485 13607 13607 W System.err: 	at android.app.ActivityThread$H.handleMessage(ActivityThread.java:2016)
12-08 06:37:06.486 13607 13607 W System.err: 	at android.os.Handler.dispatchMessage(Handler.java:107)
12-08 06:37:06.486 13607 13607 W System.err: 	at android.os.Looper.loop(Looper.java:214)
12-08 06:37:06.486 13607 13607 W System.err: 	at android.app.ActivityThread.main(ActivityThread.java:7356)
12-08 06:37:06.486 13607 13607 W System.err: 	at java.lang.reflect.Method.invoke(Native Method)
12-08 06:37:06.486 13607 13607 W System.err: 	at com.android.internal.os.RuntimeInit$MethodAndArgsCaller.run(RuntimeInit.java:492)
12-08 06:37:06.486 13607 13607 W System.err: 	at com.android.internal.os.ZygoteInit.main(ZygoteInit.java:930)
12-08 06:37:06.491 13607 13607 W System.err: ru.iteco.fmhandroid.exceptions.UnknownException
12-08 06:37:06.491 13607 13607 W System.err: 	at ru.iteco.fmhandroid.utils.Utils.makeRequest(Utils.kt:123)
12-08 06:37:06.492 13607 13607 W System.err: 	at ru.iteco.fmhandroid.utils.Utils$makeRequest$1.invokeSuspend(Unknown Source:15)
12-08 06:37:06.492 13607 13607 W System.err: 	at kotlin.coroutines.jvm.internal.BaseContinuationImpl.resumeWith(ContinuationImpl.kt:33)
12-08 06:37:06.492 13607 13607 W System.err: 	at kotlinx.coroutines.DispatchedTaskKt.resume(DispatchedTask.kt:234)
12-08 06:37:06.492 13607 13607 W System.err: 	at kotlinx.coroutines.DispatchedTaskKt.resumeUnconfined(DispatchedTask.kt:190)
12-08 06:37:06.492 13607 13607 W System.err: 	at kotlinx.coroutines.DispatchedTaskKt.dispatch(DispatchedTask.kt:161)
12-08 06:37:06.492 13607 13607 W System.err: 	at kotlinx.coroutines.CancellableContinuationImpl.dispatchResume(CancellableContinuationImpl.kt:397)
12-08 06:37:06.492 13607 13607 W System.err: 	at kotlinx.coroutines.CancellableContinuationImpl.cancel(CancellableContinuationImpl.kt:183)
12-08 06:37:06.492 13607 13607 W System.err: 	at kotlinx.coroutines.CancellableContinuationImpl.parentCancelled$kotlinx_coroutines_core(CancellableContinuationImpl.kt:190)
12-08 06:37:06.492 13607 13607 W System.err: 	at kotlinx.coroutines.ChildContinuation.invoke(JobSupport.kt:1474)
12-08 06:37:06.492 13607 13607 W System.err: 	at kotlinx.coroutines.JobSupport.notifyCancelling(JobSupport.kt:1499)
12-08 06:37:06.492 13607 13607 W System.err: 	at kotlinx.coroutines.JobSupport.tryMakeCancelling(JobSupport.kt:795)
12-08 06:37:06.492 13607 13607 W System.err: 	at kotlinx.coroutines.JobSupport.makeCancelling(JobSupport.kt:755)
12-08 06:37:06.492 13607 13607 W System.err: 	at kotlinx.coroutines.JobSupport.cancelImpl$kotlinx_coroutines_core(JobSupport.kt:671)
12-08 06:37:06.493 13607 13607 W System.err: 	at kotlinx.coroutines.JobSupport.parentCancelled(JobSupport.kt:637)
12-08 06:37:06.493 13607 13607 W System.err: 	at kotlinx.coroutines.ChildHandleNode.invoke(JobSupport.kt:1465)
12-08 06:37:06.493 13607 13607 W System.err: 	at kotlinx.coroutines.JobSupport.notifyCancelling(JobSupport.kt:1499)
12-08 06:37:06.493 13607 13607 W System.err: 	at kotlinx.coroutines.JobSupport.tryMakeCompletingSlowPath(JobSupport.kt:900)
12-08 06:37:06.493 13607 13607 W System.err: 	at kotlinx.coroutines.JobSupport.tryMakeCompleting(JobSupport.kt:863)
12-08 06:37:06.493 13607 13607 W System.err: 	at kotlinx.coroutines.JobSupport.cancelMakeCompleting(JobSupport.kt:696)
12-08 06:37:06.493 13607 13607 W System.err: 	at kotlinx.coroutines.JobSupport.cancelImpl$kotlinx_coroutines_core(JobSupport.kt:667)
12-08 06:37:06.493 13607 13607 W System.err: 	at kotlinx.coroutines.JobSupport.cancelInternal(JobSupport.kt:632)
12-08 06:37:06.493 13607 13607 W System.err: 	at kotlinx.coroutines.JobSupport.cancel(JobSupport.kt:617)
12-08 06:37:06.493 13607 13607 W System.err: 	at kotlinx.coroutines.JobKt__JobKt.cancel(Job.kt:561)
12-08 06:37:06.493 13607 13607 W System.err: 	at kotlinx.coroutines.JobKt.cancel(Unknown Source:1)
12-08 06:37:06.493 13607 13607 W System.err: 	at kotlinx.coroutines.JobKt__JobKt.cancel$default(Job.kt:560)
12-08 06:37:06.494 13607 13607 W System.err: 	at kotlinx.coroutines.JobKt.cancel$default(Unknown Source:1)
12-08 06:37:06.494 13607 13607 W System.err: 	at androidx.lifecycle.CloseableCoroutineScope.close(ViewModel.kt:51)
12-08 06:37:06.494 13607 13607 W System.err: 	at androidx.lifecycle.ViewModel.closeWithRuntimeException(ViewModel.java:188)
12-08 06:37:06.494 13607 13607 W System.err: 	at androidx.lifecycle.ViewModel.clear(ViewModel.java:134)
12-08 06:37:06.494 13607 13607 W System.err: 	at androidx.lifecycle.ViewModelStore.clear(ViewModelStore.java:62)
12-08 06:37:06.494 13607 13607 W System.err: 	at androidx.fragment.app.FragmentManagerViewModel.clearNonConfigStateInternal(FragmentManagerViewModel.java:210)
12-08 06:37:06.494 13607 13607 W System.err: 	at androidx.fragment.app.FragmentManagerViewModel.clearNonConfigState(FragmentManagerViewModel.java:190)
12-08 06:37:06.494 13607 13607 W System.err: 	at androidx.fragment.app.FragmentStateManager.destroy(FragmentStateManager.java:778)
12-08 06:37:06.494 13607 13607 W System.err: 	at androidx.fragment.app.FragmentStateManager.moveToExpectedState(FragmentStateManager.java:335)
12-08 06:37:06.496  1744 14186 E ResolverController: No valid NAT64 prefix (108, <unspecified>/0)
12-08 06:37:06.497 13607 13607 W System.err: 	at androidx.fragment.app.FragmentStore.moveToExpectedState(FragmentStore.java:121)
12-08 06:37:06.497 13607 13607 W System.err: 	at androidx.fragment.app.FragmentManager.moveToState(FragmentManager.java:1374)
12-08 06:37:06.497 13607 13607 W System.err: 	at androidx.fragment.app.FragmentManager.dispatchStateChange(FragmentManager.java:2841)
12-08 06:37:06.497 13607 13607 W System.err: 	at androidx.fragment.app.FragmentManager.dispatchDestroy(FragmentManager.java:2820)
12-08 06:37:06.497 13607 13607 W System.err: 	at androidx.fragment.app.Fragment.performDestroy(Fragment.java:3246)
12-08 06:37:06.497 13607 13607 W System.err: 	at androidx.fragment.app.FragmentStateManager.destroy(FragmentStateManager.java:780)
12-08 06:37:06.497 13607 13607 W System.err: 	at androidx.fragment.app.FragmentStateManager.moveToExpectedState(FragmentStateManager.java:335)
12-08 06:37:06.497 13607 13607 W System.err: 	at androidx.fragment.app.SpecialEffectsController$FragmentStateManagerOperation.complete(SpecialEffectsController.java:771)
12-08 06:37:06.497 13607 13607 W System.err: 	at androidx.fragment.app.SpecialEffectsController$Operation.cancel(SpecialEffectsController.java:615)
12-08 06:37:06.497 13607 13607 W System.err: 	at androidx.fragment.app.SpecialEffectsController.forceCompleteAllOperations(SpecialEffectsController.java:350)
12-08 06:37:06.498 13607 13607 W System.err: 	at androidx.fragment.app.FragmentManager.dispatchStateChange(FragmentManager.java:2844)
12-08 06:37:06.498 13607 13607 W System.err: 	at androidx.fragment.app.FragmentManager.dispatchDestroy(FragmentManager.java:2820)
12-08 06:37:06.498 13607 13607 W System.err: 	at androidx.fragment.app.FragmentController.dispatchDestroy(FragmentController.java:345)
12-08 06:37:06.498 13607 13607 W System.err: 	at androidx.fragment.app.FragmentActivity.onDestroy(FragmentActivity.java:306)
12-08 06:37:06.498 13607 13607 W System.err: 	at androidx.appcompat.app.AppCompatActivity.onDestroy(AppCompatActivity.java:278)
12-08 06:37:06.498 13607 13607 W System.err: 	at android.app.Activity.performDestroy(Activity.java:8048)
12-08 06:37:06.498 13607 13607 W System.err: 	at android.app.Instrumentation.callActivityOnDestroy(Instrumentation.java:1334)
12-08 06:37:06.498 13607 13607 W System.err: 	at androidx.test.runner.MonitoringInstrumentation.callActivityOnDestroy(MonitoringInstrumentation.java:766)
12-08 06:37:06.498 13607 13607 W System.err: 	at android.app.ActivityThread.performDestroyActivity(ActivityThread.java:4926)
12-08 06:37:06.498 13607 13607 W System.err: 	at android.app.ActivityThread.handleDestroyActivity(ActivityThread.java:4970)
12-08 06:37:06.498 13607 13607 W System.err: 	at android.app.servertransaction.DestroyActivityItem.execute(DestroyActivityItem.java:44)
12-08 06:37:06.498 13607 13607 W System.err: 	at android.app.servertransaction.TransactionExecutor.executeLifecycleState(TransactionExecutor.java:176)
12-08 06:37:06.498 13607 13607 W System.err: 	at android.app.servertransaction.TransactionExecutor.execute(TransactionExecutor.java:97)
12-08 06:37:06.498 13607 13607 W System.err: 	at android.app.ActivityThread$H.handleMessage(ActivityThread.java:2016)
12-08 06:37:06.498 13607 13607 W System.err: 	at android.os.Handler.dispatchMessage(Handler.java:107)
12-08 06:37:06.498 13607 13607 W System.err: 	at android.os.Looper.loop(Looper.java:214)
12-08 06:37:06.498 13607 13607 W System.err: 	at android.app.ActivityThread.main(ActivityThread.java:7356)
12-08 06:37:06.498 13607 13607 W System.err: 	at java.lang.reflect.Method.invoke(Native Method)
12-08 06:37:06.498 13607 13607 W System.err: 	at com.android.internal.os.RuntimeInit$MethodAndArgsCaller.run(RuntimeInit.java:492)
12-08 06:37:06.499 13607 13607 W System.err: 	at com.android.internal.os.ZygoteInit.main(ZygoteInit.java:930)
12-08 06:37:06.503 13607 13607 W System.err: ru.iteco.fmhandroid.exceptions.UnknownException
12-08 06:37:06.504 13607 13607 W System.err: 	at ru.iteco.fmhandroid.utils.Utils.makeRequest(Utils.kt:123)
12-08 06:37:06.504 13607 13607 W System.err: 	at ru.iteco.fmhandroid.utils.Utils$makeRequest$1.invokeSuspend(Unknown Source:15)
12-08 06:37:06.504 13607 13607 W System.err: 	at kotlin.coroutines.jvm.internal.BaseContinuationImpl.resumeWith(ContinuationImpl.kt:33)
12-08 06:37:06.504 13607 13607 W System.err: 	at kotlinx.coroutines.DispatchedTaskKt.resume(DispatchedTask.kt:234)
12-08 06:37:06.504 13607 13607 W System.err: 	at kotlinx.coroutines.DispatchedTaskKt.resumeUnconfined(DispatchedTask.kt:190)
12-08 06:37:06.504 13607 13607 W System.err: 	at kotlinx.coroutines.DispatchedTaskKt.dispatch(DispatchedTask.kt:161)
12-08 06:37:06.504 13607 13607 W System.err: 	at kotlinx.coroutines.CancellableContinuationImpl.dispatchResume(CancellableContinuationImpl.kt:397)
12-08 06:37:06.504 13607 13607 W System.err: 	at kotlinx.coroutines.CancellableContinuationImpl.cancel(CancellableContinuationImpl.kt:183)
12-08 06:37:06.504 13607 13607 W System.err: 	at kotlinx.coroutines.CancellableContinuationImpl.parentCancelled$kotlinx_coroutines_core(CancellableContinuationImpl.kt:190)
12-08 06:37:06.504 13607 13607 W System.err: 	at kotlinx.coroutines.ChildContinuation.invoke(JobSupport.kt:1474)
12-08 06:37:06.504 13607 13607 W System.err: 	at kotlinx.coroutines.JobSupport.notifyCancelling(JobSupport.kt:1499)
12-08 06:37:06.504 13607 13607 W System.err: 	at kotlinx.coroutines.JobSupport.tryMakeCancelling(JobSupport.kt:795)
12-08 06:37:06.505 13607 13607 W System.err: 	at kotlinx.coroutines.JobSupport.makeCancelling(JobSupport.kt:755)
12-08 06:37:06.505 13607 13607 W System.err: 	at kotlinx.coroutines.JobSupport.cancelImpl$kotlinx_coroutines_core(JobSupport.kt:671)
12-08 06:37:06.505 13607 13607 W System.err: 	at kotlinx.coroutines.JobSupport.parentCancelled(JobSupport.kt:637)
12-08 06:37:06.505 13607 13607 W System.err: 	at kotlinx.coroutines.ChildHandleNode.invoke(JobSupport.kt:1465)
12-08 06:37:06.505 13607 13607 W System.err: 	at kotlinx.coroutines.JobSupport.notifyCancelling(JobSupport.kt:1499)
12-08 06:37:06.505 13607 13607 W System.err: 	at kotlinx.coroutines.JobSupport.tryMakeCompletingSlowPath(JobSupport.kt:900)
12-08 06:37:06.505 13607 13607 W System.err: 	at kotlinx.coroutines.JobSupport.tryMakeCompleting(JobSupport.kt:863)
12-08 06:37:06.505 13607 13607 W System.err: 	at kotlinx.coroutines.JobSupport.cancelMakeCompleting(JobSupport.kt:696)
12-08 06:37:06.505 13607 13607 W System.err: 	at kotlinx.coroutines.JobSupport.cancelImpl$kotlinx_coroutines_core(JobSupport.kt:667)
12-08 06:37:06.505 13607 13607 W System.err: 	at kotlinx.coroutines.JobSupport.cancelInternal(JobSupport.kt:632)
12-08 06:37:06.505 13607 13607 W System.err: 	at kotlinx.coroutines.JobSupport.cancel(JobSupport.kt:617)
12-08 06:37:06.505 13607 13607 W System.err: 	at kotlinx.coroutines.JobKt__JobKt.cancel(Job.kt:561)
12-08 06:37:06.507  1776  1776 D gralloc_ranchu: gralloc_alloc: Creating ashmem region of size 10108928
12-08 06:37:06.507 13607 14172 I okhttp.OkHttpClient: <-- HTTP FAILED: java.net.SocketException: Socket closed
12-08 06:37:06.509 13607 13607 W System.err: 	at kotlinx.coroutines.JobKt.cancel(Unknown Source:1)
12-08 06:37:06.509 13607 13607 W System.err: 	at kotlinx.coroutines.JobKt__JobKt.cancel$default(Job.kt:560)
12-08 06:37:06.509 13607 13607 W System.err: 	at kotlinx.coroutines.JobKt.cancel$default(Unknown Source:1)
12-08 06:37:06.509 13607 13607 W System.err: 	at androidx.lifecycle.CloseableCoroutineScope.close(ViewModel.kt:51)
12-08 06:37:06.509 13607 13607 W System.err: 	at androidx.lifecycle.ViewModel.closeWithRuntimeException(ViewModel.java:188)
12-08 06:37:06.509 13607 13607 W System.err: 	at androidx.lifecycle.ViewModel.clear(ViewModel.java:134)
12-08 06:37:06.509 13607 13607 W System.err: 	at androidx.lifecycle.ViewModelStore.clear(ViewModelStore.java:62)
12-08 06:37:06.509 13607 13607 W System.err: 	at androidx.fragment.app.FragmentManagerViewModel.clearNonConfigStateInternal(FragmentManagerViewModel.java:210)
12-08 06:37:06.509 13607 13607 W System.err: 	at androidx.fragment.app.FragmentManagerViewModel.clearNonConfigState(FragmentManagerViewModel.java:190)
