12-08 06:37:07.869  2656 14200 E SQLiteDatabase: 	at android.database.sqlite.SQLiteStatement.executeInsert(SQLiteStatement.java:88)
12-08 06:37:07.869  2656 14200 E SQLiteDatabase: 	at android.database.sqlite.SQLiteDatabase.insertWithOnConflict(SQLiteDatabase.java:1599)
12-08 06:37:07.869  2656 14200 E SQLiteDatabase: 	at android.database.sqlite.SQLiteDatabase.insert(SQLiteDatabase.java:1468)
12-08 06:37:07.869  2656 14200 E SQLiteDatabase: 	at aqui.a(:com.google.android.gms@202414022@20.24.14 (040700-319035315):175)
12-08 06:37:07.869  2656 14200 E SQLiteDatabase: 	at aqtk.a(:com.google.android.gms@202414022@20.24.14 (040700-319035315):182)
12-08 06:37:07.869  2656 14200 E SQLiteDatabase: 	at aqtk.a(:com.google.android.gms@202414022@20.24.14 (040700-319035315):23)
12-08 06:37:07.869  2656 14200 E SQLiteDatabase: 	at aqtk.a(:com.google.android.gms@202414022@20.24.14 (040700-319035315):177)
12-08 06:37:07.869  2656 14200 E SQLiteDatabase: 	at aqpu.run(:com.google.android.gms@202414022@20.24.14 (040700-319035315):9)
12-08 06:37:07.869  2656 14200 E SQLiteDatabase: 	at soy.b(:com.google.android.gms@202414022@20.24.14 (040700-319035315):12)
12-08 06:37:07.869  2656 14200 E SQLiteDatabase: 	at soy.run(:com.google.android.gms@202414022@20.24.14 (040700-319035315):7)
12-08 06:37:07.869  2656 14200 E SQLiteDatabase: 	at java.util.concurrent.ThreadPoolExecutor.runWorker(ThreadPoolExecutor.java:1167)
12-08 06:37:07.869  2656 14200 E SQLiteDatabase: 	at java.util.concurrent.ThreadPoolExecutor$Worker.run(ThreadPoolExecutor.java:641)
12-08 06:37:07.869  2656 14200 E SQLiteDatabase: 	at sux.run(:com.google.android.gms@202414022@20.24.14 (040700-319035315):0)
12-08 06:37:07.869  2656 14200 E SQLiteDatabase: 	at java.lang.Thread.run(Thread.java:919)
12-08 06:37:07.882  2656  2656 E BeaconBle: Missing BluetoothAdapter [CONTEXT service_id=111 ]
12-08 06:37:07.882  2656  2656 I BeaconBle: BLE 'KK+' software access layer enabled [CONTEXT service_id=111 ]
12-08 06:37:07.885  2656 14200 I LogUtils: [Places]: ?: Couldn't find platform key file. [CONTEXT service_id=253 ]
12-08 06:37:07.918  2656  2656 I BeaconBle: Client requested scan, settings=BleSettings [scanMode=ZERO_POWER, callbackType=ALL_MATCHES, reportDelayMillis=0, 1 filters, 0 clients, callingClientName=Places] [CONTEXT service_id=111 ]
12-08 06:37:07.918  2656  2656 I BeaconBle: Scan : No clients left, canceling alarm. [CONTEXT service_id=111 ]
12-08 06:37:07.920  2656  2656 E BeaconBle: Scan couldn't start for Places [CONTEXT service_id=111 ]
12-08 06:37:07.922  2656  2656 W Places  : BLE failure while scanning - code 5
12-08 06:37:07.929  2656  3542 W GCoreFlp: No location to return for getLastLocation()
12-08 06:37:08.327  2018  3031 D WificondControl: Scan result ready event
12-08 06:37:10.336 13607 13717 I okhttp.OkHttpClient: --> GET http://www.981757-ca08998.tmweb.ru:8080/fmh/authentication/userInfo
12-08 06:37:10.337 13607 13717 I okhttp.OkHttpClient: --> END GET
12-08 06:37:10.628 13607 13717 I okhttp.OkHttpClient: <-- 200 http://www.981757-ca08998.tmweb.ru:8080/fmh/authentication/userInfo (289ms)
12-08 06:37:10.628 13607 13717 I okhttp.OkHttpClient: Vary: Origin
12-08 06:37:10.628 13607 13717 I okhttp.OkHttpClient: Vary: Access-Control-Request-Method
12-08 06:37:10.628 13607 13717 I okhttp.OkHttpClient: Vary: Access-Control-Request-Headers
12-08 06:37:10.628 13607 13717 I okhttp.OkHttpClient: X-Content-Type-Options: nosniff
12-08 06:37:10.628 13607 13717 I okhttp.OkHttpClient: X-XSS-Protection: 1; mode=block
12-08 06:37:10.628 13607 13717 I okhttp.OkHttpClient: Cache-Control: no-cache, no-store, max-age=0, must-revalidate
12-08 06:37:10.628 13607 13717 I okhttp.OkHttpClient: Pragma: no-cache
12-08 06:37:10.628 13607 13717 I okhttp.OkHttpClient: Expires: 0
12-08 06:37:10.629 13607 13717 I okhttp.OkHttpClient: X-Frame-Options: DENY
12-08 06:37:10.629 13607 13717 I okhttp.OkHttpClient: Content-Type: application/json
12-08 06:37:10.629 13607 13717 I okhttp.OkHttpClient: Transfer-Encoding: chunked
12-08 06:37:10.629 13607 13717 I okhttp.OkHttpClient: Date: Thu, 08 Dec 2022 11:37:13 GMT
12-08 06:37:10.629 13607 13717 I okhttp.OkHttpClient: Keep-Alive: timeout=60
12-08 06:37:10.629 13607 13717 I okhttp.OkHttpClient: Connection: keep-alive
12-08 06:37:10.630 13607 13717 I okhttp.OkHttpClient: {"id":2,"firstName":"","lastName":"","middleName":"","admin":true}
12-08 06:37:10.630 13607 13717 I okhttp.OkHttpClient: <-- END HTTP (106-byte body)
12-08 06:37:10.639 13607 13744 I okhttp.OkHttpClient: --> GET http://www.981757-ca08998.tmweb.ru:8080/fmh/claims
12-08 06:37:10.639 13607 13744 I okhttp.OkHttpClient: --> END GET
12-08 06:37:10.729  1744 14201 E ResolverController: No valid NAT64 prefix (108, <unspecified>/0)
12-08 06:37:11.436 13607 13607 I Choreographer: Skipped 47 frames!  The application may be doing too much work on its main thread.
12-08 06:37:12.280 13607 13699 I OpenGLRenderer: Davey! duration=1641ms; Flags=1, IntendedVsync=62206382454797, Vsync=62207165788099, OldestInputEvent=9223372036854775807, NewestInputEvent=0, HandleInputStart=62207181405600, AnimationStart=62207181562500, PerformTraversalsStart=62207183269000, DrawStart=62207234938400, SyncQueued=62207246678300, SyncStart=62207248085300, IssueDrawCommandsStart=62207248352900, SwapBuffers=62208016793200, FrameCompleted=62208025044000, DequeueBufferDuration=526000, QueueBufferDuration=1291000, 
12-08 06:37:12.283 13607 13607 I Choreographer: Skipped 38 frames!  The application may be doing too much work on its main thread.
12-08 06:37:12.714 13607 13644 V FA      : Inactivity, disconnecting from the service
12-08 06:37:12.797  2656 14159 I LogUtils: [Places]: ?: Couldn't find platform key file. [CONTEXT service_id=253 ]
12-08 06:37:12.805  2656 14200 I LogUtils: [Places]: ?: Couldn't find platform key file. [CONTEXT service_id=253 ]
12-08 06:37:12.825  2656 14198 I LogUtils: [Places]: ?: PlacesBleScanner stop() [CONTEXT service_id=253 ]
12-08 06:37:12.826  2656  2656 I BeaconBle: Scan : No clients left, canceling alarm. [CONTEXT service_id=111 ]
12-08 06:37:12.829  2656  2656 I BeaconBle: Scan canceled successfully. [CONTEXT service_id=111 ]
12-08 06:37:12.837  2656 14198 I PlacesLogger: [PlaceInferenceEngine]: [anon] Changed inference mode: 0 [CONTEXT service_id=253 ]
12-08 06:37:12.868  2656  3542 W GCoreFlp: No location to return for getLastLocation()
12-08 06:37:12.893  2656 14159 I LogUtils: [Places]: ?: Couldn't find platform key file. [CONTEXT service_id=253 ]
12-08 06:37:12.894  2656 14137 I LogUtils: [Places]: ?: Couldn't find platform key file. [CONTEXT service_id=253 ]
12-08 06:37:12.938  2656  2656 I GeofencerStateMachine: removeGeofences: removeRequest=RemoveGeofencingRequest[REMOVE_BY_PENDING_INTENT pendingIntent=PendingIntent[creatorPackage=com.google.android.gms], packageName=com.google.android.gms]
12-08 06:37:13.292 13607 13744 I okhttp.OkHttpClient: <-- 200 http://www.981757-ca08998.tmweb.ru:8080/fmh/claims (2653ms)
12-08 06:37:13.292 13607 13744 I okhttp.OkHttpClient: Vary: Origin
12-08 06:37:13.292 13607 13744 I okhttp.OkHttpClient: Vary: Access-Control-Request-Method
12-08 06:37:13.292 13607 13744 I okhttp.OkHttpClient: Vary: Access-Control-Request-Headers
12-08 06:37:13.292 13607 13744 I okhttp.OkHttpClient: X-Content-Type-Options: nosniff
12-08 06:37:13.292 13607 13744 I okhttp.OkHttpClient: X-XSS-Protection: 1; mode=block
12-08 06:37:13.293 13607 13744 I okhttp.OkHttpClient: Cache-Control: no-cache, no-store, max-age=0, must-revalidate
12-08 06:37:13.293 13607 13744 I okhttp.OkHttpClient: Pragma: no-cache
12-08 06:37:13.293 13607 13744 I okhttp.OkHttpClient: Expires: 0
12-08 06:37:13.293 13607 13744 I okhttp.OkHttpClient: X-Frame-Options: DENY
12-08 06:37:13.293 13607 13744 I okhttp.OkHttpClient: Content-Type: application/json
12-08 06:37:13.293 13607 13744 I okhttp.OkHttpClient: Transfer-Encoding: chunked
12-08 06:37:13.294 13607 13744 I okhttp.OkHttpClient: Date: Thu, 08 Dec 2022 11:37:16 GMT
12-08 06:37:13.294 13607 13744 I okhttp.OkHttpClient: Keep-Alive: timeout=60
12-08 06:37:13.294 13607 13744 I okhttp.OkHttpClient: Connection: keep-alive
12-08 06:37:17.539 13607 13607 D takeScreenshot: Found 1 global views to redraw
12-08 06:37:17.602  1776  1776 D gralloc_ranchu: gralloc_alloc: Creating ashmem region of size 10108928
12-08 06:37:17.680 13607 13651 W DefaultFailureHandler: Failed to take screenshot
12-08 06:37:17.680 13607 13651 W DefaultFailureHandler: java.io.FileNotFoundException: view-op-error-14.png: open failed: EROFS (Read-only file system)
12-08 06:37:17.680 13607 13651 W DefaultFailureHandler: 	at libcore.io.IoBridge.open(IoBridge.java:496)
12-08 06:37:17.680 13607 13651 W DefaultFailureHandler: 	at java.io.FileOutputStream.<init>(FileOutputStream.java:235)
12-08 06:37:17.680 13607 13651 W DefaultFailureHandler: 	at java.io.FileOutputStream.<init>(FileOutputStream.java:125)
12-08 06:37:17.680 13607 13651 W DefaultFailureHandler: 	at androidx.test.platform.io.FileTestStorage.openOutputFile(FileTestStorage.java:60)
12-08 06:37:17.680 13607 13651 W DefaultFailureHandler: 	at androidx.test.core.graphics.BitmapStorage.writeToTestStorage(BitmapStorageExt.kt:49)
12-08 06:37:17.680 13607 13651 W DefaultFailureHandler: 	at androidx.test.espresso.base.DefaultFailureHandler.takeScreenshot(DefaultFailureHandler.java:4)
12-08 06:37:17.680 13607 13651 W DefaultFailureHandler: 	at androidx.test.espresso.base.DefaultFailureHandler.handle(DefaultFailureHandler.java:3)
12-08 06:37:17.680 13607 13651 W DefaultFailureHandler: 	at androidx.test.espresso.ViewInteraction.waitForAndHandleInteractionResults(ViewInteraction.java:8)
12-08 06:37:17.680 13607 13651 W DefaultFailureHandler: 	at androidx.test.espresso.ViewInteraction.desugaredPerform(ViewInteraction.java:11)
12-08 06:37:17.680 13607 13651 W DefaultFailureHandler: 	at androidx.test.espresso.ViewInteraction.perform(ViewInteraction.java:8)
12-08 06:37:17.680 13607 13651 W DefaultFailureHandler: 	at ru.iteco.fmhandroid.ui.data.TestUtils.waitView(TestUtils.java:61)
12-08 06:37:17.680 13607 13651 W DefaultFailureHandler: 	at ru.iteco.fmhandroid.ui.steps.AuthSteps.isAuthScreen(AuthSteps.java:56)
12-08 06:37:17.680 13607 13651 W DefaultFailureHandler: 	at ru.iteco.fmhandroid.ui.ClaimsCreationFormTest.logoutCheck(ClaimsCreationFormTest.java:59)
12-08 06:37:17.680 13607 13651 W DefaultFailureHandler: 	at java.lang.reflect.Method.invoke(Native Method)
12-08 06:37:17.680 13607 13651 W DefaultFailureHandler: 	at org.junit.runners.model.FrameworkMethod$1.runReflectiveCall(FrameworkMethod.java:59)
12-08 06:37:17.680 13607 13651 W DefaultFailureHandler: 	at org.junit.internal.runners.model.ReflectiveCallable.run(ReflectiveCallable.java:12)
12-08 06:37:17.680 13607 13651 W DefaultFailureHandler: 	at org.junit.runners.model.FrameworkMethod.invokeExplosively(FrameworkMethod.java:56)
12-08 06:37:17.680 13607 13651 W DefaultFailureHandler: 	at androidx.test.internal.runner.junit4.statement.RunBefores.evaluate(RunBefores.java:76)
12-08 06:37:17.680 13607 13651 W DefaultFailureHandler: 	at androidx.test.internal.runner.junit4.statement.RunAfters.evaluate(RunAfters.java:61)
12-08 06:37:17.680 13607 13651 W DefaultFailureHandler: 	at io.qameta.allure.android.rules.ScreenshotRule$apply$1.evaluate(ScreenshotRule.kt:22)
12-08 06:37:17.680 13607 13651 W DefaultFailureHandler: 	at org.junit.rules.ExternalResource$1.evaluate(ExternalResource.java:54)
12-08 06:37:17.680 13607 13651 W DefaultFailureHandler: 	at io.qameta.allure.android.rules.LogcatRule$apply$1.evaluate(LogcatRule.kt:23)
12-08 06:37:17.680 13607 13651 W DefaultFailureHandler: 	at org.junit.rules.RunRules.evaluate(RunRules.java:20)
12-08 06:37:17.680 13607 13651 W DefaultFailureHandler: 	at org.junit.runners.ParentRunner$3.evaluate(ParentRunner.java:306)
12-08 06:37:17.680 13607 13651 W DefaultFailureHandler: 	at org.junit.runners.BlockJUnit4ClassRunner$1.evaluate(BlockJUnit4ClassRunner.java:100)
12-08 06:37:17.680 13607 13651 W DefaultFailureHandler: 	at org.junit.runners.ParentRunner.runLeaf(ParentRunner.java:366)
12-08 06:37:17.680 13607 13651 W DefaultFailureHandler: 	at org.junit.runners.BlockJUnit4ClassRunner.runChild(BlockJUnit4ClassRunner.java:103)
12-08 06:37:17.680 13607 13651 W DefaultFailureHandler: 	at org.junit.runners.BlockJUnit4ClassRunner.runChild(BlockJUnit4ClassRunner.java:63)
12-08 06:37:17.680 13607 13651 W DefaultFailureHandler: 	at org.junit.runners.ParentRunner$4.run(ParentRunner.java:331)
12-08 06:37:17.680 13607 13651 W DefaultFailureHandler: 	at org.junit.runners.ParentRunner$1.schedule(ParentRunner.java:79)
12-08 06:37:17.680 13607 13651 W DefaultFailureHandler: 	at org.junit.runners.ParentRunner.runChildren(ParentRunner.java:329)
12-08 06:37:17.680 13607 13651 W DefaultFailureHandler: 	at org.junit.runners.ParentRunner.access$100(ParentRunner.java:66)
12-08 06:37:17.680 13607 13651 W DefaultFailureHandler: 	at org.junit.runners.ParentRunner$2.evaluate(ParentRunner.java:293)
12-08 06:37:17.680 13607 13651 W DefaultFailureHandler: 	at org.junit.runners.ParentRunner$3.evaluate(ParentRunner.java:306)
12-08 06:37:17.680 13607 13651 W DefaultFailureHandler: 	at org.junit.runners.ParentRunner.run(ParentRunner.java:413)
12-08 06:37:17.680 13607 13651 W DefaultFailureHandler: 	at androidx.test.ext.junit.runners.AndroidJUnit4.run(AndroidJUnit4.java:162)
12-08 06:37:17.680 13607 13651 W DefaultFailureHandler: 	at io.qameta.allure.android.runners.AllureAndroidJUnit4.run(AllureAndroidJUnitRunners.kt:29)
12-08 06:37:17.680 13607 13651 W DefaultFailureHandler: 	at org.junit.runners.Suite.runChild(Suite.java:128)
12-08 06:37:17.680 13607 13651 W DefaultFailureHandler: 	at org.junit.runners.Suite.runChild(Suite.java:27)
12-08 06:37:17.680 13607 13651 W DefaultFailureHandler: 	at org.junit.runners.ParentRunner$4.run(ParentRunner.java:331)
12-08 06:37:17.680 13607 13651 W DefaultFailureHandler: 	at org.junit.runners.ParentRunner$1.schedule(ParentRunner.java:79)
12-08 06:37:17.680 13607 13651 W DefaultFailureHandler: 	at org.junit.runners.ParentRunner.runChildren(ParentRunner.java:329)
12-08 06:37:17.680 13607 13651 W DefaultFailureHandler: 	at org.junit.runners.ParentRunner.access$100(ParentRunner.java:66)
12-08 06:37:17.680 13607 13651 W DefaultFailureHandler: 	at org.junit.runners.ParentRunner$2.evaluate(ParentRunner.java:293)
12-08 06:37:17.680 13607 13651 W DefaultFailureHandler: 	at org.junit.runners.ParentRunner$3.evaluate(ParentRunner.java:306)
12-08 06:37:17.680 13607 13651 W DefaultFailureHandler: 	at org.junit.runners.ParentRunner.run(ParentRunner.java:413)
12-08 06:37:17.680 13607 13651 W DefaultFailureHandler: 	at org.junit.runner.JUnitCore.run(JUnitCore.java:137)
12-08 06:37:17.680 13607 13651 W DefaultFailureHandler: 	at org.junit.runner.JUnitCore.run(JUnitCore.java:115)
12-08 06:37:17.680 13607 13651 W DefaultFailureHandler: 	at androidx.test.internal.runner.TestExecutor.execute(TestExecutor.java:67)
12-08 06:37:17.680 13607 13651 W DefaultFailureHandler: 	at androidx.test.internal.runner.TestExecutor.execute(TestExecutor.java:58)
12-08 06:37:17.680 13607 13651 W DefaultFailureHandler: 	at androidx.test.runner.AndroidJUnitRunner.onStart(AndroidJUnitRunner.java:438)
12-08 06:37:17.680 13607 13651 W DefaultFailureHandler: 	at android.app.Instrumentation$InstrumentationThread.run(Instrumentation.java:2189)
12-08 06:37:17.680 13607 13651 W DefaultFailureHandler: Caused by: android.system.ErrnoException: open failed: EROFS (Read-only file system)
12-08 06:37:17.680 13607 13651 W DefaultFailureHandler: 	at libcore.io.Linux.open(Native Method)
12-08 06:37:17.680 13607 13651 W DefaultFailureHandler: 	at libcore.io.ForwardingOs.open(ForwardingOs.java:167)
12-08 06:37:17.680 13607 13651 W DefaultFailureHandler: 	at libcore.io.BlockGuardOs.open(BlockGuardOs.java:252)
12-08 06:37:17.680 13607 13651 W DefaultFailureHandler: 	at libcore.io.ForwardingOs.open(ForwardingOs.java:167)
12-08 06:37:17.680 13607 13651 W DefaultFailureHandler: 	at android.app.ActivityThread$AndroidOs.open(ActivityThread.java:7255)
12-08 06:37:17.680 13607 13651 W DefaultFailureHandler: 	at libcore.io.IoBridge.open(IoBridge.java:482)
12-08 06:37:17.680 13607 13651 W DefaultFailureHandler: 	... 51 more
12-08 06:37:17.686 13607 13607 I ViewInteraction: Performing 'wait for a specific view with <view.getId() is <2131230870/ru.iteco.fmhandroid:id/authorization_image_button>> during 10000 millis.' action on view view.getRootView() to equal view
12-08 06:37:17.693  2962  3348 I WorkerManager: dispose()
12-08 06:37:17.693 13607 13607 I ViewInteraction: Checking 'MatchesViewAssertion{viewMatcher=(view has effective visibility <VISIBLE> and view.getGlobalVisibleRect() to return non-empty rectangle)}' assertion on view view.getId() is <2131230870/ru.iteco.fmhandroid:id/authorization_image_button>
12-08 06:37:17.694  2962  3348 W ThreadPoolDumper: Queue length for executor EventBus is now 11. Perhaps some tasks are too long, or the pool is too small.
12-08 06:37:17.703 13607 13607 I ViewInteraction: Performing 'single click' action on view view.getId() is <2131230870/ru.iteco.fmhandroid:id/authorization_image_button>
12-08 06:37:17.825  1764  6994 W audio_hw_generic: Not supplying enough data to HAL, expected position 183183832 , only wrote 183183591
12-08 06:37:17.841  2656  2656 I BeaconBle: Scan : No clients left, canceling alarm. [CONTEXT service_id=111 ]
12-08 06:37:17.870  1776  1776 D gralloc_ranchu: gralloc_alloc: Creating ashmem region of size 884736
12-08 06:37:17.881  1776  1776 I chatty  : uid=1000(system) allocator@2.0-s identical 1 line
12-08 06:37:17.883  1776  1776 D gralloc_ranchu: gralloc_alloc: Creating ashmem region of size 884736
12-08 06:37:17.907 13607 13699 D EGL_emulation: eglMakeCurrent: 0xe593e8c0: ver 2 0 (tinfo 0xf0c99e70)
12-08 06:37:18.005 13607 13699 I chatty  : uid=10146(ru.iteco.fmhandroid) RenderThread identical 3 lines
12-08 06:37:18.031 13607 13699 D EGL_emulation: eglMakeCurrent: 0xe593e8c0: ver 2 0 (tinfo 0xf0c99e70)
12-08 06:37:18.274 13607 13607 I ViewInteraction: Performing 'wait for a specific view with <an instance of android.widget.TextView and view.getText() with or without transformation to match: is "Log out"> during 10000 millis.' action on view view.getRootView() to equal view
12-08 06:37:18.278 13607 13607 I ViewInteraction: Checking 'MatchesViewAssertion{viewMatcher=(view has effective visibility <VISIBLE> and view.getGlobalVisibleRect() to return non-empty rectangle)}' assertion on view an instance of android.widget.TextView and view.getText() with or without transformation to match: is "Log out"
12-08 06:37:18.283 13607 13607 I ViewInteraction: Performing 'single click' action on view an instance of android.widget.TextView and view.getText() with or without transformation to match: is "Log out"
12-08 06:37:18.565 13607 13699 D EGL_emulation: eglMakeCurrent: 0xe593e8c0: ver 2 0 (tinfo 0xf0c99e70)
12-08 06:37:18.622 13607 13699 D EGL_emulation: eglMakeCurrent: 0xe593e8c0: ver 2 0 (tinfo 0xf0c99e70)
12-08 06:37:18.719 13607 13607 I ViewInteraction: Performing 'wait for a specific view with <(an instance of android.widget.TextView and view.getText() with or without transformation to match: is "Authorization" and view.getParent() view.getParent() view.getId() is <2131231186>)> during 10000 millis.' action on view view.getRootView() to equal view
12-08 06:37:18.723 13607 13607 I ViewInteraction: Checking 'MatchesViewAssertion{viewMatcher=(view has effective visibility <VISIBLE> and view.getGlobalVisibleRect() to return non-empty rectangle)}' assertion on view (an instance of android.widget.TextView and view.getText() with or without transformation to match: is "Authorization" and view.getParent() view.getParent() view.getId() is <2131231186/ru.iteco.fmhandroid:id/nav_host_fragment>)
12-08 06:37:18.727 13607 13607 I ViewInteraction: Performing 'wait for a specific view with <(an instance of android.widget.TextView and view.getHint() matching: is "Login" and view.getParent() view.getParent() view.getId() is <2131231121/ru.iteco.fmhandroid:id/login_text_input_layout>)> during 10000 millis.' action on view view.getRootView() to equal view
12-08 06:37:18.733 13607 13607 I ViewInteraction: Checking 'MatchesViewAssertion{viewMatcher=(view has effective visibility <VISIBLE> and view.getGlobalVisibleRect() to return non-empty rectangle)}' assertion on view (an instance of android.widget.TextView and view.getHint() matching: is "Login" and view.getParent() view.getParent() view.getId() is <2131231121/ru.iteco.fmhandroid:id/login_text_input_layout>)
12-08 06:37:18.737 13607 13607 I ViewInteraction: Performing 'wait for a specific view with <(an instance of android.widget.TextView and view.getHint() matching: is "Password" and view.getParent() view.getParent() view.getId() is <2131231264/ru.iteco.fmhandroid:id/password_text_input_layout>)> during 10000 millis.' action on view view.getRootView() to equal view
12-08 06:37:18.742 13607 13607 I ViewInteraction: Checking 'MatchesViewAssertion{viewMatcher=(view has effective visibility <VISIBLE> and view.getGlobalVisibleRect() to return non-empty rectangle)}' assertion on view (an instance of android.widget.TextView and view.getHint() matching: is "Password" and view.getParent() view.getParent() view.getId() is <2131231264/ru.iteco.fmhandroid:id/password_text_input_layout>)
12-08 06:37:18.746 13607 13607 I ViewInteraction: Performing 'wait for a specific view with <(view.getId() is <2131231039/ru.iteco.fmhandroid:id/enter_button> and an instance of android.widget.TextView and view.getText() with or without transformation to match: is "SIGN IN" and view.getContentDescription() is "Save" and view.getParent() view.getParent() an instance of android.widget.RelativeLayout)> during 10000 millis.' action on view view.getRootView() to equal view
12-08 06:37:18.751 13607 13607 I ViewInteraction: Checking 'MatchesViewAssertion{viewMatcher=(view has effective visibility <VISIBLE> and view.getGlobalVisibleRect() to return non-empty rectangle)}' assertion on view (view.getId() is <2131231039/ru.iteco.fmhandroid:id/enter_button> and an instance of android.widget.TextView and view.getText() with or without transformation to match: is "SIGN IN" and view.getContentDescription() is "Save" and view.getParent() view.getParent() an instance of android.widget.RelativeLayout)
12-08 06:37:18.755 13607 13607 I ViewInteraction: Performing 'wait for a specific view with <(an instance of android.widget.TextView and view.getText() with or without transformation to match: is "Authorization" and view.getParent() view.getParent() view.getId() is <2131231186>)> during 10000 millis.' action on view view.getRootView() to equal view
12-08 06:37:18.761 13607 13607 I ViewInteraction: Checking 'MatchesViewAssertion{viewMatcher=(view has effective visibility <VISIBLE> and view.getGlobalVisibleRect() to return non-empty rectangle)}' assertion on view (an instance of android.widget.TextView and view.getText() with or without transformation to match: is "Authorization" and view.getParent() view.getParent() view.getId() is <2131231186/ru.iteco.fmhandroid:id/nav_host_fragment>)
12-08 06:37:18.766 13607 13607 I ViewInteraction: Performing 'wait for a specific view with <(an instance of android.widget.TextView and view.getHint() matching: is "Login" and view.getParent() view.getParent() view.getId() is <2131231121/ru.iteco.fmhandroid:id/login_text_input_layout>)> during 10000 millis.' action on view view.getRootView() to equal view
12-08 06:37:18.771 13607 13607 I ViewInteraction: Checking 'MatchesViewAssertion{viewMatcher=(view has effective visibility <VISIBLE> and view.getGlobalVisibleRect() to return non-empty rectangle)}' assertion on view (an instance of android.widget.TextView and view.getHint() matching: is "Login" and view.getParent() view.getParent() view.getId() is <2131231121/ru.iteco.fmhandroid:id/login_text_input_layout>)
12-08 06:37:18.777 13607 13607 I ViewInteraction: Performing 'wait for a specific view with <(an instance of android.widget.TextView and view.getHint() matching: is "Password" and view.getParent() view.getParent() view.getId() is <2131231264/ru.iteco.fmhandroid:id/password_text_input_layout>)> during 10000 millis.' action on view view.getRootView() to equal view
12-08 06:37:18.791 13607 13607 I ViewInteraction: Checking 'MatchesViewAssertion{viewMatcher=(view has effective visibility <VISIBLE> and view.getGlobalVisibleRect() to return non-empty rectangle)}' assertion on view (an instance of android.widget.TextView and view.getHint() matching: is "Password" and view.getParent() view.getParent() view.getId() is <2131231264/ru.iteco.fmhandroid:id/password_text_input_layout>)
12-08 06:37:18.799 13607 13607 I ViewInteraction: Performing 'wait for a specific view with <(view.getId() is <2131231039/ru.iteco.fmhandroid:id/enter_button> and an instance of android.widget.TextView and view.getText() with or without transformation to match: is "SIGN IN" and view.getContentDescription() is "Save" and view.getParent() view.getParent() an instance of android.widget.RelativeLayout)> during 10000 millis.' action on view view.getRootView() to equal view
12-08 06:37:18.806 13607 13607 I ViewInteraction: Checking 'MatchesViewAssertion{viewMatcher=(view has effective visibility <VISIBLE> and view.getGlobalVisibleRect() to return non-empty rectangle)}' assertion on view (view.getId() is <2131231039/ru.iteco.fmhandroid:id/enter_button> and an instance of android.widget.TextView and view.getText() with or without transformation to match: is "SIGN IN" and view.getContentDescription() is "Save" and view.getParent() view.getParent() an instance of android.widget.RelativeLayout)
12-08 06:37:18.811 13607 13607 I ViewInteraction: Performing 'wait for a specific view with <(an instance of android.widget.TextView and view.getHint() matching: is "Login" and view.getParent() view.getParent() view.getId() is <2131231121/ru.iteco.fmhandroid:id/login_text_input_layout>)> during 10000 millis.' action on view view.getRootView() to equal view
12-08 06:37:18.816 13607 13607 I ViewInteraction: Performing 'replace text(login2)' action on view (an instance of android.widget.TextView and view.getHint() matching: is "Login" and view.getParent() view.getParent() view.getId() is <2131231121/ru.iteco.fmhandroid:id/login_text_input_layout>)
12-08 06:37:18.880 13607 13607 I ViewInteraction: Performing 'wait for a specific view with <(an instance of android.widget.TextView and view.getHint() matching: is "Password" and view.getParent() view.getParent() view.getId() is <2131231264/ru.iteco.fmhandroid:id/password_text_input_layout>)> during 10000 millis.' action on view view.getRootView() to equal view
12-08 06:37:18.889 13607 13607 I ViewInteraction: Performing 'replace text(password2)' action on view (an instance of android.widget.TextView and view.getHint() matching: is "Password" and view.getParent() view.getParent() view.getId() is <2131231264/ru.iteco.fmhandroid:id/password_text_input_layout>)
12-08 06:37:18.934 13607 13607 I ViewInteraction: Performing 'wait for a specific view with <(view.getId() is <2131231039/ru.iteco.fmhandroid:id/enter_button> and an instance of android.widget.TextView and view.getText() with or without transformation to match: is "SIGN IN" and view.getContentDescription() is "Save" and view.getParent() view.getParent() an instance of android.widget.RelativeLayout)> during 10000 millis.' action on view view.getRootView() to equal view
12-08 06:37:18.939 13607 13607 I ViewInteraction: Checking 'MatchesViewAssertion{viewMatcher=view.isClickable() is <true>}' assertion on view (view.getId() is <2131231039/ru.iteco.fmhandroid:id/enter_button> and an instance of android.widget.TextView and view.getText() with or without transformation to match: is "SIGN IN" and view.getContentDescription() is "Save" and view.getParent() view.getParent() an instance of android.widget.RelativeLayout)
12-08 06:37:18.947 13607 13607 I ViewInteraction: Performing 'wait for a specific view with <(view.getId() is <2131231039/ru.iteco.fmhandroid:id/enter_button> and an instance of android.widget.TextView and view.getText() with or without transformation to match: is "SIGN IN" and view.getContentDescription() is "Save" and view.getParent() view.getParent() an instance of android.widget.RelativeLayout)> during 10000 millis.' action on view view.getRootView() to equal view
12-08 06:37:18.951 13607 13607 I ViewInteraction: Checking 'MatchesViewAssertion{viewMatcher=view.isClickable() is <true>}' assertion on view (view.getId() is <2131231039/ru.iteco.fmhandroid:id/enter_button> and an instance of android.widget.TextView and view.getText() with or without transformation to match: is "SIGN IN" and view.getContentDescription() is "Save" and view.getParent() view.getParent() an instance of android.widget.RelativeLayout)
12-08 06:37:18.954 13607 13607 I ViewInteraction: Performing 'wait for a specific view with <(view.getId() is <2131231039/ru.iteco.fmhandroid:id/enter_button> and an instance of android.widget.TextView and view.getText() with or without transformation to match: is "SIGN IN" and view.getContentDescription() is "Save" and view.getParent() view.getParent() an instance of android.widget.RelativeLayout)> during 10000 millis.' action on view view.getRootView() to equal view
12-08 06:37:18.964 13607 13607 I ViewInteraction: Performing 'single click' action on view (view.getId() is <2131231039/ru.iteco.fmhandroid:id/enter_button> and an instance of android.widget.TextView and view.getText() with or without transformation to match: is "SIGN IN" and view.getContentDescription() is "Save" and view.getParent() view.getParent() an instance of android.widget.RelativeLayout)
12-08 06:37:19.018 13607 13742 I okhttp.OkHttpClient: --> POST http://www.981757-ca08998.tmweb.ru:8080/fmh/authentication/login
12-08 06:37:19.018 13607 13742 I okhttp.OkHttpClient: Content-Type: application/json; charset=UTF-8
12-08 06:37:19.018 13607 13742 I okhttp.OkHttpClient: Content-Length: 41
12-08 06:37:19.019 13607 13742 I okhttp.OkHttpClient: {"login":"login2","password":"password2"}
12-08 06:37:19.019 13607 13742 I okhttp.OkHttpClient: --> END POST (41-byte body)
12-08 06:37:19.265 13607 13607 I ViewInteraction: Performing 'wait for a specific view with <an instance of android.widget.TextView and view.getText() with or without transformation to match: is "News"> during 10000 millis.' action on view view.getRootView() to equal view
12-08 06:37:19.333 13607 13742 I okhttp.OkHttpClient: <-- 200 http://www.981757-ca08998.tmweb.ru:8080/fmh/authentication/login (313ms)
12-08 06:37:19.333 13607 13742 I okhttp.OkHttpClient: Vary: Origin
12-08 06:37:19.333 13607 13742 I okhttp.OkHttpClient: Vary: Access-Control-Request-Method
12-08 06:37:19.333 13607 13742 I okhttp.OkHttpClient: Vary: Access-Control-Request-Headers
12-08 06:37:19.333 13607 13742 I okhttp.OkHttpClient: X-Content-Type-Options: nosniff
12-08 06:37:19.333 13607 13742 I okhttp.OkHttpClient: X-XSS-Protection: 1; mode=block
12-08 06:37:19.334 13607 13742 I okhttp.OkHttpClient: Cache-Control: no-cache, no-store, max-age=0, must-revalidate
12-08 06:37:19.334 13607 13742 I okhttp.OkHttpClient: Pragma: no-cache
12-08 06:37:19.334 13607 13742 I okhttp.OkHttpClient: Expires: 0
12-08 06:37:19.334 13607 13742 I okhttp.OkHttpClient: X-Frame-Options: DENY
12-08 06:37:19.334 13607 13742 I okhttp.OkHttpClient: Content-Type: application/json
12-08 06:37:19.334 13607 13742 I okhttp.OkHttpClient: Transfer-Encoding: chunked
12-08 06:37:19.334 13607 13742 I okhttp.OkHttpClient: Date: Thu, 08 Dec 2022 11:37:22 GMT
12-08 06:37:19.334 13607 13742 I okhttp.OkHttpClient: Keep-Alive: timeout=60
12-08 06:37:19.334 13607 13742 I okhttp.OkHttpClient: Connection: keep-alive
12-08 06:37:19.335 13607 13742 I okhttp.OkHttpClient: {"accessToken":"eyJhbGciOiJIUzUxMiJ9.eyJzdWIiOiJsb2dpbjIiLCJqdGkiOiIyIiwiZXhwIjoxNjcwNTg1ODQyfQ.CQfPHK4gyY-ZccPh37NkDCNUMa9AGhB84EhpkP-8qm8JIQccyxF0KVzgfuNTPq5UTzeK0es7J-PzaXLSlt-a3Q","refreshToken":"eyJhbGciOiJIUzUxMiJ9.eyJzdWIiOiJsb2dpbjIiLCJqdGkiOiIyIiwiZXhwIjoxNjczMDkxNDQyfQ.rzubI5E2qaQlkXnEX-jqUukOPrfGPqifkgXh_dgp6cvkV0R1siGKP93tUBzNMPrbO2OfIxtu570sIsZ8UUdPbA"}
12-08 06:37:19.335 13607 13742 I okhttp.OkHttpClient: <-- END HTTP (368-byte body)
12-08 06:37:19.339 13607 13717 I okhttp.OkHttpClient: --> GET http://www.981757-ca08998.tmweb.ru:8080/fmh/authentication/userInfo
12-08 06:37:19.339 13607 13717 I okhttp.OkHttpClient: --> END GET
12-08 06:37:19.414  1764  6994 W audio_hw_generic: Not supplying enough data to HAL, expected position 183253663 , only wrote 183252335
12-08 06:37:19.423  1764  6994 W audio_hw_generic: Not supplying enough data to HAL, expected position 183252706 , only wrote 183252335
12-08 06:37:19.460 13607 13717 I okhttp.OkHttpClient: <-- 200 http://www.981757-ca08998.tmweb.ru:8080/fmh/authentication/userInfo (120ms)
12-08 06:37:19.460 13607 13717 I okhttp.OkHttpClient: Vary: Origin
12-08 06:37:19.460 13607 13717 I okhttp.OkHttpClient: Vary: Access-Control-Request-Method
12-08 06:37:19.461 13607 13717 I okhttp.OkHttpClient: Vary: Access-Control-Request-Headers
12-08 06:37:19.461 13607 13717 I okhttp.OkHttpClient: X-Content-Type-Options: nosniff
12-08 06:37:19.461 13607 13717 I okhttp.OkHttpClient: X-XSS-Protection: 1; mode=block
12-08 06:37:19.461 13607 13717 I okhttp.OkHttpClient: Cache-Control: no-cache, no-store, max-age=0, must-revalidate
12-08 06:37:19.461 13607 13717 I okhttp.OkHttpClient: Pragma: no-cache
12-08 06:37:19.461 13607 13717 I okhttp.OkHttpClient: Expires: 0
12-08 06:37:19.462 13607 13717 I okhttp.OkHttpClient: X-Frame-Options: DENY
12-08 06:37:19.462 13607 13717 I okhttp.OkHttpClient: Content-Type: application/json
12-08 06:37:19.462 13607 13717 I okhttp.OkHttpClient: Transfer-Encoding: chunked
12-08 06:37:19.462 13607 13717 I okhttp.OkHttpClient: Date: Thu, 08 Dec 2022 11:37:22 GMT
12-08 06:37:19.463 13607 13717 I okhttp.OkHttpClient: Keep-Alive: timeout=60
12-08 06:37:19.463 13607 13717 I okhttp.OkHttpClient: Connection: keep-alive
12-08 06:37:19.463 13607 13717 I okhttp.OkHttpClient: {"id":2,"firstName":"","lastName":"","middleName":"","admin":true}
12-08 06:37:19.464 13607 13717 I okhttp.OkHttpClient: <-- END HTTP (106-byte body)
12-08 06:37:19.479 13607 14185 I okhttp.OkHttpClient: --> GET http://www.981757-ca08998.tmweb.ru:8080/fmh/claims
12-08 06:37:19.479 13607 14185 I okhttp.OkHttpClient: --> END GET
12-08 06:37:19.499  1744 14205 E ResolverController: No valid NAT64 prefix (108, <unspecified>/0)
12-08 06:37:19.617 13607 13607 I ViewInteraction: Checking 'MatchesViewAssertion{viewMatcher=(view has effective visibility <VISIBLE> and view.getGlobalVisibleRect() to return non-empty rectangle)}' assertion on view an instance of android.widget.TextView and view.getText() with or without transformation to match: is "News"
12-08 06:37:19.620 13607 13607 I ViewInteraction: Performing 'wait for a specific view with <view.getId() is <2131230951>> during 10000 millis.' action on view view.getRootView() to equal view
12-08 06:37:19.625 13607 13607 I ViewInteraction: Checking 'MatchesViewAssertion{viewMatcher=(view has effective visibility <VISIBLE> and view.getGlobalVisibleRect() to return non-empty rectangle)}' assertion on view view.getId() is <2131230951/ru.iteco.fmhandroid:id/container_list_news_include_on_fragment_main>
12-08 06:37:19.633 13607 13607 I ViewInteraction: Performing 'wait for a specific view with <view.getId() is <2131230949>> during 10000 millis.' action on view view.getRootView() to equal view
12-08 06:37:19.913 13607 13607 I ViewInteraction: Checking 'MatchesViewAssertion{viewMatcher=(view has effective visibility <VISIBLE> and view.getGlobalVisibleRect() to return non-empty rectangle)}' assertion on view view.getId() is <2131230949/ru.iteco.fmhandroid:id/container_list_claim_include_on_fragment_main>
12-08 06:37:19.937 13607 13607 I ViewInteraction: Performing 'wait for a specific view with <an instance of android.widget.TextView and view.getText() with or without transformation to match: is "Claims"> during 10000 millis.' action on view view.getRootView() to equal view
12-08 06:37:19.944 13607 13607 I ViewInteraction: Checking 'MatchesViewAssertion{viewMatcher=(view has effective visibility <VISIBLE> and view.getGlobalVisibleRect() to return non-empty rectangle)}' assertion on view an instance of android.widget.TextView and view.getText() with or without transformation to match: is "Claims"
12-08 06:37:19.948 13607 13607 I ViewInteraction: Performing 'wait for a specific view with <view.getId() is <2131231123/ru.iteco.fmhandroid:id/main_menu_image_button>> during 10000 millis.' action on view view.getRootView() to equal view
12-08 06:37:19.952 13607 13607 I ViewInteraction: Performing 'single click' action on view view.getId() is <2131231123/ru.iteco.fmhandroid:id/main_menu_image_button>
12-08 06:37:20.056  1776  1776 D gralloc_ranchu: gralloc_alloc: Creating ashmem region of size 2015232
12-08 06:37:20.068  1776  1776 I chatty  : uid=1000(system) allocator@2.0-s identical 1 line
12-08 06:37:20.071  1776  1776 D gralloc_ranchu: gralloc_alloc: Creating ashmem region of size 2015232
12-08 06:37:20.091 13607 13699 D EGL_emulation: eglMakeCurrent: 0xe593e8c0: ver 2 0 (tinfo 0xf0c99e70)
12-08 06:37:20.171 13607 13699 I chatty  : uid=10146(ru.iteco.fmhandroid) RenderThread identical 3 lines
12-08 06:37:20.194 13607 13699 D EGL_emulation: eglMakeCurrent: 0xe593e8c0: ver 2 0 (tinfo 0xf0c99e70)
12-08 06:37:20.417 13607 13607 I ViewInteraction: Performing 'wait for a specific view with <an instance of android.widget.TextView and view.getText() with or without transformation to match: is "Claims"> during 10000 millis.' action on view view.getRootView() to equal view
12-08 06:37:20.420 13607 13607 I ViewInteraction: Performing 'single click' action on view an instance of android.widget.TextView and view.getText() with or without transformation to match: is "Claims"
12-08 06:37:20.564 13607 13726 I okhttp.OkHttpClient: --> GET http://www.981757-ca08998.tmweb.ru:8080/fmh/claims
12-08 06:37:20.564 13607 13726 I okhttp.OkHttpClient: --> END GET
12-08 06:37:20.624 13607 13699 D EGL_emulation: eglMakeCurrent: 0xe593e8c0: ver 2 0 (tinfo 0xf0c99e70)
12-08 06:37:20.645 13607 13699 D EGL_emulation: eglMakeCurrent: 0xe593e8c0: ver 2 0 (tinfo 0xf0c99e70)
12-08 06:37:20.853 13607 13607 I ViewInteraction: Performing 'wait for a specific view with <view.getId() is <2131230849/ru.iteco.fmhandroid:id/add_new_claim_material_button>> during 10000 millis.' action on view view.getRootView() to equal view
12-08 06:37:20.868 13607 13607 I ViewInteraction: Performing 'single click' action on view view.getId() is <2131230849/ru.iteco.fmhandroid:id/add_new_claim_material_button>
12-08 06:37:20.872 13607 13620 I teco.fmhandroi: Background concurrent copying GC freed 35498(1760KB) AllocSpace objects, 1(16KB) LOS objects, 34% free, 11MB/17MB, paused 1.034ms total 112.095ms
12-08 06:37:20.928 13607 13717 I okhttp.OkHttpClient: --> GET http://www.981757-ca08998.tmweb.ru:8080/fmh/users
12-08 06:37:20.928 13607 13717 I okhttp.OkHttpClient: --> END GET
12-08 06:37:21.076 13607 13717 I okhttp.OkHttpClient: <-- 200 http://www.981757-ca08998.tmweb.ru:8080/fmh/users (147ms)
12-08 06:37:21.077 13607 13717 I okhttp.OkHttpClient: Vary: Origin
12-08 06:37:21.077 13607 13717 I okhttp.OkHttpClient: Vary: Access-Control-Request-Method
12-08 06:37:21.077 13607 13717 I okhttp.OkHttpClient: Vary: Access-Control-Request-Headers
12-08 06:37:21.081 13607 13717 I okhttp.OkHttpClient: X-Content-Type-Options: nosniff
12-08 06:37:21.082 13607 13717 I okhttp.OkHttpClient: X-XSS-Protection: 1; mode=block
12-08 06:37:21.082 13607 13717 I okhttp.OkHttpClient: Cache-Control: no-cache, no-store, max-age=0, must-revalidate
12-08 06:37:21.082 13607 13717 I okhttp.OkHttpClient: Pragma: no-cache
12-08 06:37:21.083 13607 13717 I okhttp.OkHttpClient: Expires: 0
12-08 06:37:21.083 13607 13717 I okhttp.OkHttpClient: X-Frame-Options: DENY
12-08 06:37:21.083 13607 13717 I okhttp.OkHttpClient: Content-Type: application/json
12-08 06:37:21.083 13607 13717 I okhttp.OkHttpClient: Transfer-Encoding: chunked
12-08 06:37:21.084 13607 13717 I okhttp.OkHttpClient: Date: Thu, 08 Dec 2022 11:37:23 GMT
12-08 06:37:21.084 13607 13717 I okhttp.OkHttpClient: Keep-Alive: timeout=60
12-08 06:37:21.084 13607 13717 I okhttp.OkHttpClient: Connection: keep-alive
12-08 06:37:21.086 13607 13717 I okhttp.OkHttpClient: [{"id":1,"firstName":"","lastName":"","middleName":"","admin":true},{"id":2,"firstName":"","lastName":"","middleName":"","admin":true},{"id":3,"firstName":"","lastName":"","middleName":"","admin":false},{"id":4,"firstName":"","lastName":"","middleName":"","admin":false},{"id":5,"firstName":"","lastName":"","middleName":"","admin":true},{"id":6,"firstName":"Diplom","lastName":"Netology","middleName":"QAMID","admin":true}]
12-08 06:37:21.087 13607 13717 I okhttp.OkHttpClient: <-- END HTTP (622-byte body)
12-08 06:37:21.309 13607 13607 I ViewInteraction: Performing 'wait for a specific view with <(view.getId() is <2131231402/ru.iteco.fmhandroid:id/title_edit_text> and view.getParent() view.getParent() view.getId() is <2131231406/ru.iteco.fmhandroid:id/title_text_input_layout>)> during 10000 millis.' action on view view.getRootView() to equal view
12-08 06:37:21.314 13607 13607 I ViewInteraction: Performing 'replace text( 1b380eb7-a57b-4f74-a8f0-3a01bd9ccaf0 51)' action on view (view.getId() is <2131231402/ru.iteco.fmhandroid:id/title_edit_text> and view.getParent() view.getParent() view.getId() is <2131231406/ru.iteco.fmhandroid:id/title_text_input_layout>)
12-08 06:37:21.365 13607 13607 I ViewInteraction: Performing 'wait for a specific view with <view.getId() is <2131230975/ru.iteco.fmhandroid:id/date_in_plan_text_input_edit_text>> during 10000 millis.' action on view view.getRootView() to equal view
12-08 06:37:21.369 13607 13607 I ViewInteraction: Performing 'single click' action on view view.getId() is <2131230975/ru.iteco.fmhandroid:id/date_in_plan_text_input_edit_text>
12-08 06:37:21.569  1776  1776 D gralloc_ranchu: gralloc_alloc: Creating ashmem region of size 6778880
12-08 06:37:21.583  1776  1776 I chatty  : uid=1000(system) allocator@2.0-s identical 1 line
12-08 06:37:21.599  1776  1776 D gralloc_ranchu: gralloc_alloc: Creating ashmem region of size 6778880
12-08 06:37:21.606 13607 13699 D EGL_emulation: eglMakeCurrent: 0xe593e8c0: ver 2 0 (tinfo 0xf0c99e70)
12-08 06:37:21.766 13607 13699 I chatty  : uid=10146(ru.iteco.fmhandroid) RenderThread identical 3 lines
12-08 06:37:21.786 13607 13699 D EGL_emulation: eglMakeCurrent: 0xe593e8c0: ver 2 0 (tinfo 0xf0c99e70)
12-08 06:37:22.034 13607 13607 I ViewInteraction: Performing 'wait for a specific view with <is assignable from class <class android.widget.DatePicker>> during 10000 millis.' action on view view.getRootView() to equal view
12-08 06:37:22.040 13607 13607 I ViewInteraction: Checking 'MatchesViewAssertion{viewMatcher=(view has effective visibility <VISIBLE> and view.getGlobalVisibleRect() to return non-empty rectangle)}' assertion on view is assignable from class <class android.widget.DatePicker>
12-08 06:37:22.044 13607 13607 I ViewInteraction: Performing 'wait for a specific view with <is assignable from class <class android.widget.DatePicker>> during 10000 millis.' action on view view.getRootView() to equal view
12-08 06:37:22.050 13607 13607 I ViewInteraction: Performing 'set date' action on view is assignable from class <class android.widget.DatePicker>
12-08 06:37:22.077 13607 13607 I ViewInteraction: Performing 'wait for a specific view with <view.getId() is <16908313/android:id/button1>> during 10000 millis.' action on view view.getRootView() to equal view
12-08 06:37:22.083 13607 13607 I ViewInteraction: Performing 'single click' action on view view.getId() is <16908313/android:id/button1>
12-08 06:37:22.168 13607 13699 D EGL_emulation: eglMakeCurrent: 0xe593e8c0: ver 2 0 (tinfo 0xf0c99e70)
12-08 06:37:22.175  2018  2358 E InputDispatcher: Window handle Window{11207fc u0 ru.iteco.fmhandroid/ru.iteco.fmhandroid.ui.AppActivity} has no registered input channel
12-08 06:37:22.190  2018  5644 E InputDispatcher: Window handle Window{11207fc u0 ru.iteco.fmhandroid/ru.iteco.fmhandroid.ui.AppActivity} has no registered input channel
12-08 06:37:22.192 13607 13699 D EGL_emulation: eglMakeCurrent: 0xe593e8c0: ver 2 0 (tinfo 0xf0c99e70)
12-08 06:37:22.240  1788  1978 D AF::Track: interceptBuffer: took 931us to intercept 0 tracks
12-08 06:37:22.314  2018  3031 E memtrack: Couldn't load memtrack module
12-08 06:37:22.314  2018  3031 W android.os.Debug: failed to get memory consumption info: -1
12-08 06:37:22.445 13607 13607 I ViewInteraction: Performing 'wait for a specific view with <(an instance of android.widget.TextView and view.getHint() matching: is "Time" and view.getParent() view.getParent() view.getId() is <2131231399/ru.iteco.fmhandroid:id/time_in_plan_text_input_layout>)> during 10000 millis.' action on view view.getRootView() to equal view
12-08 06:37:22.454 13607 13607 I ViewInteraction: Performing 'single click' action on view (an instance of android.widget.TextView and view.getHint() matching: is "Time" and view.getParent() view.getParent() view.getId() is <2131231399/ru.iteco.fmhandroid:id/time_in_plan_text_input_layout>)
12-08 06:37:22.653  1776  1776 D gralloc_ranchu: gralloc_alloc: Creating ashmem region of size 5718016
12-08 06:37:22.664  1776  1776 I chatty  : uid=1000(system) allocator@2.0-s identical 1 line
12-08 06:37:22.665  1776  1776 D gralloc_ranchu: gralloc_alloc: Creating ashmem region of size 5718016
12-08 06:37:22.677 13607 13699 D EGL_emulation: eglMakeCurrent: 0xe593e8c0: ver 2 0 (tinfo 0xf0c99e70)
12-08 06:37:22.745 13607 13699 I chatty  : uid=10146(ru.iteco.fmhandroid) RenderThread identical 2 lines
12-08 06:37:22.783 13607 13699 D EGL_emulation: eglMakeCurrent: 0xe593e8c0: ver 2 0 (tinfo 0xf0c99e70)
12-08 06:37:23.018 13607 14185 I okhttp.OkHttpClient: <-- 200 http://www.981757-ca08998.tmweb.ru:8080/fmh/claims (3538ms)
12-08 06:37:23.019 13607 14185 I okhttp.OkHttpClient: Vary: Origin
12-08 06:37:23.019 13607 14185 I okhttp.OkHttpClient: Vary: Access-Control-Request-Method
12-08 06:37:23.019 13607 14185 I okhttp.OkHttpClient: Vary: Access-Control-Request-Headers
12-08 06:37:23.020 13607 14185 I okhttp.OkHttpClient: X-Content-Type-Options: nosniff
12-08 06:37:23.020 13607 14185 I okhttp.OkHttpClient: X-XSS-Protection: 1; mode=block
12-08 06:37:23.021 13607 14185 I okhttp.OkHttpClient: Cache-Control: no-cache, no-store, max-age=0, must-revalidate
12-08 06:37:23.021 13607 14185 I okhttp.OkHttpClient: Pragma: no-cache
12-08 06:37:23.021 13607 14185 I okhttp.OkHttpClient: Expires: 0
12-08 06:37:23.022 13607 14185 I okhttp.OkHttpClient: X-Frame-Options: DENY
12-08 06:37:23.022 13607 14185 I okhttp.OkHttpClient: Content-Type: application/json
12-08 06:37:23.022 13607 14185 I okhttp.OkHttpClient: Transfer-Encoding: chunked
12-08 06:37:23.022 13607 14185 I okhttp.OkHttpClient: Date: Thu, 08 Dec 2022 11:37:25 GMT
12-08 06:37:23.022 13607 14185 I okhttp.OkHttpClient: Keep-Alive: timeout=60
12-08 06:37:23.022 13607 14185 I okhttp.OkHttpClient: Connection: keep-alive
12-08 06:37:23.198 13607 13607 I ViewInteraction: Performing 'wait for a specific view with <is assignable from class <class android.widget.TimePicker>> during 10000 millis.' action on view view.getRootView() to equal view
12-08 06:37:23.201 13607 13607 I ViewInteraction: Checking 'MatchesViewAssertion{viewMatcher=(view has effective visibility <VISIBLE> and view.getGlobalVisibleRect() to return non-empty rectangle)}' assertion on view is assignable from class <class android.widget.TimePicker>
12-08 06:37:23.204 13607 13607 I ViewInteraction: Performing 'wait for a specific view with <is assignable from class <class android.widget.TimePicker>> during 10000 millis.' action on view view.getRootView() to equal view
12-08 06:37:23.208 13607 13607 I ViewInteraction: Performing 'set time' action on view is assignable from class <class android.widget.TimePicker>
12-08 06:37:23.216 13607 13607 I ViewInteraction: Performing 'wait for a specific view with <view.getId() is <16908313/android:id/button1>> during 10000 millis.' action on view view.getRootView() to equal view
12-08 06:37:23.220 13607 13607 I ViewInteraction: Performing 'single click' action on view view.getId() is <16908313/android:id/button1>
12-08 06:37:23.278 13607 13699 D EGL_emulation: eglMakeCurrent: 0xe593e8c0: ver 2 0 (tinfo 0xf0c99e70)
12-08 06:37:23.303 13607 13699 I chatty  : uid=10146(ru.iteco.fmhandroid) RenderThread identical 1 line
12-08 06:37:23.336 13607 13699 D EGL_emulation: eglMakeCurrent: 0xe593e8c0: ver 2 0 (tinfo 0xf0c99e70)
12-08 06:37:23.367  2018  3031 E InputDispatcher: Window handle Window{5786356 u0 ru.iteco.fmhandroid/ru.iteco.fmhandroid.ui.AppActivity} has no registered input channel
12-08 06:37:23.610 13607 13607 I ViewInteraction: Performing 'wait for a specific view with <(an instance of android.widget.TextView and view.getHint() matching: is "Description" and view.getParent() view.getParent() view.getId() is <2131230988/ru.iteco.fmhandroid:id/description_text_input_layout>)> during 10000 millis.' action on view view.getRootView() to equal view
12-08 06:37:23.613 13607 13607 I ViewInteraction: Performing 'replace text( c1d27066-2da7-4b20-8cc8-89964066244d 51)' action on view (an instance of android.widget.TextView and view.getHint() matching: is "Description" and view.getParent() view.getParent() view.getId() is <2131230988/ru.iteco.fmhandroid:id/description_text_input_layout>)
