--------- beginning of main
12-08 11:04:51.615 13215 13215 I teco.fmhandroi: Waiting for a blocking GC ClassLinker
12-08 11:04:51.626 13215 13215 I teco.fmhandroi: WaitForGcToComplete blocked ClassLinker on HeapTrim for 11.341ms
12-08 11:04:51.656 13215 13215 I teco.fmhandroi: The ClassLoaderContext is a special shared library.
12-08 11:04:51.658 13215 13215 I teco.fmhandroi: The ClassLoaderContext is a special shared library.
12-08 11:04:52.132 13215 13215 W teco.fmhandroi: ClassLoaderContext classpath size mismatch. expected=0, found=7 (PCL[] | PCL[/system/framework/android.test.runner.jar*3312018701:/system/framework/android.test.mock.jar*3601177991:/data/app/ru.iteco.fmhandroid.test-IDKZpPhoXatp-DBEa4K-qg==/base.apk*125722370:/data/app/ru.iteco.fmhandroid.test-IDKZpPhoXatp-DBEa4K-qg==/base.apk!classes2.dex*2301094307:/data/app/ru.iteco.fmhandroid.test-IDKZpPhoXatp-DBEa4K-qg==/base.apk!classes3.dex*3064055324:/data/app/ru.iteco.fmhandroid.test-IDKZpPhoXatp-DBEa4K-qg==/base.apk!classes4.dex*3854624472:/data/app/ru.iteco.fmhandroid.test-IDKZpPhoXatp-DBEa4K-qg==/base.apk!classes5.dex*2123079308];PCL[/system/framework/android.test.runner.jar*3312018701:/system/framework/android.test.mock.jar*3601177991:/data/app/ru.iteco.fmhandroid.test-IDKZpPhoXatp-DBEa4K-qg==/base.apk*125722370:/data/app/ru.iteco.fmhandroid.test-IDKZpPhoXatp-DBEa4K-qg==/base.apk!classes2.dex*2301094307:/data/app/ru.iteco.fmhandroid.test-IDKZpPhoXatp-DBEa4K-qg==/base.apk!classes3.dex*3064055324:/data/app/ru.itec
12-08 11:04:52.134 13215 13215 W teco.fmhandroi: Found duplicate classes, falling back to extracting from APK : /data/app/ru.iteco.fmhandroid-R0QVQlEGwG1IVzN-H3bqog==/base.apk
12-08 11:04:52.134 13215 13215 W teco.fmhandroi: NOTE: This wastes RAM and hurts startup performance.
12-08 11:04:52.134 13215 13215 W teco.fmhandroi: Found duplicated class when checking oat files: 'Landroid/support/v4/app/INotificationSideChannel$Default;' in /data/app/ru.iteco.fmhandroid-R0QVQlEGwG1IVzN-H3bqog==/base.apk and /data/app/ru.iteco.fmhandroid-R0QVQlEGwG1IVzN-H3bqog==/base.apk
12-08 11:04:52.135 13215 13215 W teco.fmhandroi: 
12-08 11:04:52.746 13215 13215 W teco.fmhandroi: Accessing hidden method Landroid/app/Instrumentation;->execStartActivity(Landroid/content/Context;Landroid/os/IBinder;Landroid/os/IBinder;Landroid/app/Activity;Landroid/content/Intent;ILandroid/os/Bundle;)Landroid/app/Instrumentation$ActivityResult; (greylist, linking, allowed)
12-08 11:04:52.747 13215 13215 W teco.fmhandroi: Accessing hidden method Landroid/app/Instrumentation;->execStartActivity(Landroid/content/Context;Landroid/os/IBinder;Landroid/os/IBinder;Ljava/lang/String;Landroid/content/Intent;ILandroid/os/Bundle;)Landroid/app/Instrumentation$ActivityResult; (greylist, linking, allowed)
12-08 11:04:52.765 13215 13215 I MonitoringInstr: newApplication called!
12-08 11:04:52.788  2962  3348 I MicroDetectionWorker: #startMicroDetector [speakerMode: 0]
12-08 11:04:52.790  2962  3348 W ErrorReporter: reportError [type: 211, code: 393244, bug: 0]: errorCode: 393244, engine: 0
12-08 11:04:52.792  2962  3348 I MicroDetector: Keeping mic open: false
12-08 11:04:52.792  2962  3348 I MicroDetectionWorker: #onError(false)
12-08 11:04:52.793  2962 13057 I DeviceStateChecker: DeviceStateChecker cancelled
12-08 11:04:52.834 13215 13215 I FirebaseApp: Device unlocked: initializing all Firebase APIs for app [DEFAULT]
12-08 11:04:52.891 13215 13215 I FirebaseCrashlytics: Initializing Firebase Crashlytics 18.2.6 for ru.iteco.fmhandroid
12-08 11:04:52.908 13215 13247 I DynamiteModule: Considering local module com.google.android.gms.measurement.dynamite:55 and remote module com.google.android.gms.measurement.dynamite:15
12-08 11:04:52.908 13215 13247 I DynamiteModule: Selected local version of com.google.android.gms.measurement.dynamite
12-08 11:04:52.934 13215 13215 W FA      : Failed to register event listener on calling thread. Trying again on the dynamite thread.
12-08 11:04:53.110 13215 13215 I FirebaseInitProvider: FirebaseApp initialization successful
12-08 11:04:53.163 13215 13215 I MonitoringInstr: Instrumentation started!
12-08 11:04:53.175 13215 13215 D ClassesArgTokenizer: input: ru.iteco.fmhandroid.ui.ClaimsCreationFormTest#shouldCreateAClaimWithATitleWith51Characters
12-08 11:04:53.177 13215 13253 V FA      : App measurement collection enabled
12-08 11:04:53.178 13215 13215 D ClassesArgTokenizer: result: [ru.iteco.fmhandroid.ui.ClaimsCreationFormTest#shouldCreateAClaimWithATitleWith51Characters]
12-08 11:04:53.178 13215 13215 D ClassesArgTokenizer: input: null
12-08 11:04:53.178 13215 13215 D ClassesArgTokenizer: result: []
12-08 11:04:53.179 13215 13253 V FA      : App measurement enabled for app package, google app id: ru.iteco.fmhandroid, 1:729587742060:android:e7d6f87c783f52b9a42f49
12-08 11:04:53.181 13215 13253 I FA      : App measurement initialized, version: 46000
12-08 11:04:53.182 13215 13253 I FA      : To enable debug logging run: adb shell setprop log.tag.FA VERBOSE
12-08 11:04:53.183 13215 13253 I FA      : To enable faster debug mode event logging run:
12-08 11:04:53.183 13215 13253 I FA      :   adb shell setprop debug.firebase.analytics.app ru.iteco.fmhandroid
12-08 11:04:53.183 13215 13253 D FA      : Debug-level message logging enabled
12-08 11:04:53.189 13215 13215 V TestEventClient: No service name argument was given (testDiscoveryService, testRunEventService or orchestratorService)
12-08 11:04:53.221 13215 13260 D AndroidJUnitRunner: onStart is called.
12-08 11:04:53.237 13215 13215 I MonitoringInstr: No JSBridge.
12-08 11:04:53.271 13215 13260 D TestRequestBuilder: Skipping class path scanning and directly running [ru.iteco.fmhandroid.ui.ClaimsCreationFormTest]
12-08 11:04:53.289 13215 13260 D ClassesArgTokenizer: input: ru.iteco.fmhandroid.ui.ClaimsCreationFormTest#shouldCreateAClaimWithATitleWith51Characters
12-08 11:04:53.289 13215 13260 D ClassesArgTokenizer: result: [ru.iteco.fmhandroid.ui.ClaimsCreationFormTest#shouldCreateAClaimWithATitleWith51Characters]
12-08 11:04:53.289 13215 13260 D ClassesArgTokenizer: input: null
12-08 11:04:53.289 13215 13260 D ClassesArgTokenizer: result: []
12-08 11:04:53.320 13215 13253 V FA      : Connecting to remote service
12-08 11:04:53.344 13215 13260 D AndroidJUnitRunner: Use the raw file system for managing file I/O.
12-08 11:04:53.361 13215 13260 D TestExecutor: Adding listener androidx.test.internal.runner.listener.LogRunListener
12-08 11:04:53.361 13215 13260 D TestExecutor: Adding listener androidx.test.internal.runner.listener.InstrumentationResultPrinter
12-08 11:04:53.361 13215 13260 D TestExecutor: Adding listener androidx.test.internal.runner.listener.ActivityFinisherRunListener
12-08 11:04:53.361 13215 13260 D TestExecutor: Adding listener androidx.test.internal.runner.listener.TraceRunListener
12-08 11:04:53.367 13215 13253 V FA      : Connection attempt already in progress
12-08 11:04:53.386 13215 13260 I TestRunner: run started: 1 tests
12-08 11:04:53.388 13215 13253 V FA      : Connection attempt already in progress
12-08 11:04:53.389 13215 13253 D FA      : Connected to remote service
12-08 11:04:53.391 13215 13253 V FA      : Processing queued up service tasks: 3
12-08 11:04:53.449  2873 13262 V FA-SVC  : Saving default event parameters, appId, data size: ru.iteco.fmhandroid, 2
12-08 11:04:53.511 13215 13260 I TestRunner: started: shouldCreateAClaimWithATitleWith51Characters(ru.iteco.fmhandroid.ui.ClaimsCreationFormTest)
12-08 11:04:53.709  1744 13263 E ResolverController: No valid NAT64 prefix (107, <unspecified>/0)
12-08 11:04:53.837 13215 13260 W FileTestStorage: Output properties is not supported.
12-08 11:04:53.839 13215 13260 I Tracing : Tracer added: class androidx.test.platform.tracing.AndroidXTracer
12-08 11:04:53.869 13215 13260 D EventInjectionStrategy: Creating injection strategy with input manager.
12-08 11:04:53.871 13215 13260 W teco.fmhandroi: Accessing hidden method Landroid/hardware/input/InputManager;->getInstance()Landroid/hardware/input/InputManager; (greylist, reflection, allowed)
12-08 11:04:53.873 13215 13260 W teco.fmhandroi: Accessing hidden method Landroid/hardware/input/InputManager;->injectInputEvent(Landroid/view/InputEvent;I)Z (greylist, reflection, allowed)
12-08 11:04:53.874 13215 13260 W teco.fmhandroi: Accessing hidden field Landroid/hardware/input/InputManager;->INJECT_INPUT_EVENT_MODE_WAIT_FOR_FINISH:I (greylist, reflection, allowed)
--------- beginning of system
12-08 11:04:53.999  2018  2018 V SettingsProvider: Notifying for 0: content://settings/secure/accessibility_enabled
12-08 11:04:54.164 13215 13260 W Settings: Setting always_finish_activities has moved from android.provider.Settings.System to android.provider.Settings.Global, returning read-only value.
12-08 11:04:54.179  2018  2693 I ActivityTaskManager: START u0 {act=android.intent.action.MAIN cat=[android.intent.category.LAUNCHER] flg=0x10008000 cmp=ru.iteco.fmhandroid.test/androidx.test.core.app.InstrumentationActivityInvoker$BootstrapActivity (has extras)} from uid 10146
12-08 11:04:54.219  2018  3060 W InputReader: Device has associated, but no associated display id.
12-08 11:04:54.219  2018  3060 I chatty  : uid=1000(system) Binder:2018_F identical 8 lines
12-08 11:04:54.219  2018  3060 W InputReader: Device has associated, but no associated display id.
12-08 11:04:54.253  1745  1745 D Zygote  : Forked child process 13270
12-08 11:04:54.271  2018  2060 I ActivityManager: Start proc 13270:ru.iteco.fmhandroid.test/u0a147 for activity {ru.iteco.fmhandroid.test/androidx.test.core.app.InstrumentationActivityInvoker$BootstrapActivity}
12-08 11:04:54.276  2018  2060 W ActivityManager: Slow operation: 54ms so far, now at startProcess: done updating pids map
12-08 11:04:54.279 13270 13270 I fmhandroid.tes: Late-enabling -Xcheck:jni
12-08 11:04:54.310  1776  1927 D gralloc_ranchu: gralloc_alloc: Creating ashmem region of size 10108928
12-08 11:04:54.418 13270 13270 E fmhandroid.tes: Unknown bits set in runtime_flags: 0x8000
12-08 11:04:54.420 13270 13270 W fmhandroid.tes: Unexpected CPU variant for X86 using defaults: x86
12-08 11:04:54.523  2018  2693 W InputReader: Device has associated, but no associated display id.
12-08 11:04:54.539  2018  2693 I chatty  : uid=1000(system) Binder:2018_9 identical 28 lines
12-08 11:04:54.539  2018  2693 W InputReader: Device has associated, but no associated display id.
12-08 11:04:54.597 13270 13270 I fmhandroid.tes: The ClassLoaderContext is a special shared library.
12-08 11:04:54.599 13270 13270 I fmhandroid.tes: The ClassLoaderContext is a special shared library.
12-08 11:04:54.750  2018  2054 W InputReader: Device has associated, but no associated display id.
12-08 11:04:54.751  2018  2054 I chatty  : uid=1000(system) android.anim identical 8 lines
12-08 11:04:54.751  2018  2054 W InputReader: Device has associated, but no associated display id.
12-08 11:04:54.766  1776  1927 D gralloc_ranchu: gralloc_alloc: Creating ashmem region of size 10108928
12-08 11:04:54.813  2170  2566 D EGL_emulation: eglMakeCurrent: 0xe594e040: ver 2 0 (tinfo 0xc52450c0)
12-08 11:04:54.819 12448 12488 D EGL_emulation: eglMakeCurrent: 0xe594d140: ver 2 0 (tinfo 0xc539bd10)
12-08 11:04:55.042  2962  3510 D EGL_emulation: eglMakeCurrent: 0xe597e200: ver 2 0 (tinfo 0xbffb2540)
12-08 11:04:55.199  1793  1896 E SurfaceFlinger: ro.sf.lcd_density must be defined as a build property
12-08 11:04:55.201  1793  1999 E SurfaceFlinger: ro.sf.lcd_density must be defined as a build property
12-08 11:04:55.214 13270 13303 D libEGL  : Emulator has host GPU support, qemu.gles is set to 1.
12-08 11:04:55.215 13270 13303 W libc    : Unable to set property "qemu.gles" to "1": connection failed; errno=13 (Permission denied)
12-08 11:04:55.203 13270 13270 W RenderThread: type=1400 audit(0.0:630): avc: denied { write } for name="property_service" dev="tmpfs" ino=7388 scontext=u:r:untrusted_app:s0:c147,c256,c512,c768 tcontext=u:object_r:property_socket:s0 tclass=sock_file permissive=0 app=ru.iteco.fmhandroid.test
12-08 11:04:55.300 13270 13303 D libEGL  : loaded /vendor/lib/egl/libEGL_emulation.so
12-08 11:04:55.314 13270 13303 D libEGL  : loaded /vendor/lib/egl/libGLESv1_CM_emulation.so
12-08 11:04:55.328 13270 13303 D libEGL  : loaded /vendor/lib/egl/libGLESv2_emulation.so
12-08 11:04:55.340  2018  3060 I ActivityTaskManager: START u0 {act=android.intent.action.MAIN cat=[android.intent.category.LAUNCHER] cmp=ru.iteco.fmhandroid/.ui.AppActivity} from uid 10146
12-08 11:04:55.353  2018  3060 W InputReader: Device has associated, but no associated display id.
12-08 11:04:55.355  2018  3060 I chatty  : uid=1000(system) Binder:2018_F identical 38 lines
12-08 11:04:55.355  2018  3060 W InputReader: Device has associated, but no associated display id.
12-08 11:04:55.357 13215 13215 W ActivityThread: handleWindowVisibility: no activity for token android.os.BinderProxy@db06269
12-08 11:04:55.361  2018  3060 W InputReader: Device has associated, but no associated display id.
12-08 11:04:55.368  2018  3060 I chatty  : uid=1000(system) Binder:2018_F identical 18 lines
12-08 11:04:55.368  2018  3060 W InputReader: Device has associated, but no associated display id.
12-08 11:04:55.391  1793  2640 E SurfaceFlinger: ro.sf.lcd_density must be defined as a build property
12-08 11:04:55.393  1793  1999 E SurfaceFlinger: ro.sf.lcd_density must be defined as a build property
12-08 11:04:55.417 13215 13307 D libEGL  : Emulator has host GPU support, qemu.gles is set to 1.
12-08 11:04:55.419 13215 13307 W libc    : Unable to set property "qemu.gles" to "1": connection failed; errno=13 (Permission denied)
12-08 11:04:55.413 13215 13215 W RenderThread: type=1400 audit(0.0:631): avc: denied { write } for name="property_service" dev="tmpfs" ino=7388 scontext=u:r:untrusted_app:s0:c146,c256,c512,c768 tcontext=u:object_r:property_socket:s0 tclass=sock_file permissive=0 app=ru.iteco.fmhandroid
12-08 11:04:55.500  2962 13089 I PBSessionCacheImpl: Deleted sessionId[635180263288] from persistence.
12-08 11:04:55.529  2962  3348 W SearchServiceCore: Abort, client detached.
12-08 11:04:55.544 13215 13307 D libEGL  : loaded /vendor/lib/egl/libEGL_emulation.so
12-08 11:04:55.550 13215 13307 D libEGL  : loaded /vendor/lib/egl/libGLESv1_CM_emulation.so
12-08 11:04:55.557 13215 13307 D libEGL  : loaded /vendor/lib/egl/libGLESv2_emulation.so
12-08 11:04:55.590 13215 13215 D LifecycleMonitor: Lifecycle status change: ru.iteco.fmhandroid.ui.AppActivity@36891fa in: PRE_ON_CREATE
12-08 11:04:55.590 13215 13215 V ActivityScenario: Activity lifecycle changed event received but ignored because the reported transition was not ON_CREATE while the last known transition was PRE_ON_CREATE
12-08 11:04:55.621 13215 13247 V FA      : onActivityCreated
12-08 11:04:55.634 13215 13215 E teco.fmhandroi: Invalid ID 0x00000000.
12-08 11:04:55.693 13215 13215 W teco.fmhandroi: Accessing hidden method Landroid/view/View;->computeFitSystemWindows(Landroid/graphics/Rect;Landroid/graphics/Rect;)Z (greylist, reflection, allowed)
12-08 11:04:55.696 13215 13215 W teco.fmhandroi: Accessing hidden method Landroid/view/ViewGroup;->makeOptionalFitsSystemWindows()V (greylist, reflection, allowed)
12-08 11:04:56.002 13215 13215 D NetworkSecurityConfig: No Network Security Config specified, using platform default
12-08 11:04:56.035 13215 13215 W teco.fmhandroi: Accessing hidden method Ljava/lang/invoke/MethodHandles$Lookup;-><init>(Ljava/lang/Class;I)V (greylist, reflection, allowed)
12-08 11:04:56.556 13215 13215 W teco.fmhandroi: Verification of void ru.iteco.fmhandroid.dao.ClaimDao_Impl.__fetchRelationshipClaimCommentEntityAsruItecoFmhandroidDtoClaimComment(androidx.collection.LongSparseArray) took 268.648ms
12-08 11:04:57.151 13215 13215 D LifecycleMonitor: Lifecycle status change: ru.iteco.fmhandroid.ui.AppActivity@36891fa in: CREATED
12-08 11:04:57.151 13215 13215 V ActivityScenario: Update currentActivityStage to CREATED, currentActivity=ru.iteco.fmhandroid.ui.AppActivity@36891fa
12-08 11:04:57.586 13215 13215 D LifecycleMonitor: Lifecycle status change: ru.iteco.fmhandroid.ui.AppActivity@36891fa in: STARTED
12-08 11:04:57.586 13215 13215 V ActivityScenario: Update currentActivityStage to STARTED, currentActivity=ru.iteco.fmhandroid.ui.AppActivity@36891fa
12-08 11:04:57.590 13215 13215 D LifecycleMonitor: Lifecycle status change: ru.iteco.fmhandroid.ui.AppActivity@36891fa in: RESUMED
12-08 11:04:57.591 13215 13215 V ActivityScenario: Update currentActivityStage to RESUMED, currentActivity=ru.iteco.fmhandroid.ui.AppActivity@36891fa
12-08 11:04:57.601 13215 13260 W FileTestStorage: Test input args is not supported.
12-08 11:04:57.604 13215 13253 V FA      : Activity resumed, time: 60273341
12-08 11:04:57.649 13215 13260 W teco.fmhandroi: Accessing hidden method Lsun/misc/Unsafe;->getUnsafe()Lsun/misc/Unsafe; (greylist,core-platform-api, linking, allowed)
12-08 11:04:57.649 13215 13260 W teco.fmhandroi: Accessing hidden method Lsun/misc/Unsafe;->objectFieldOffset(Ljava/lang/reflect/Field;)J (greylist,core-platform-api, linking, allowed)
12-08 11:04:57.650 13215 13260 W teco.fmhandroi: Accessing hidden method Lsun/misc/Unsafe;->putObject(Ljava/lang/Object;JLjava/lang/Object;)V (greylist, linking, allowed)
12-08 11:04:57.664 13215 13260 W teco.fmhandroi: Accessing hidden method Lsun/misc/Unsafe;->compareAndSwapObject(Ljava/lang/Object;JLjava/lang/Object;Ljava/lang/Object;)Z (greylist, linking, allowed)
12-08 11:04:57.664 13215 13260 W teco.fmhandroi: Accessing hidden method Lsun/misc/Unsafe;->getObject(Ljava/lang/Object;J)Ljava/lang/Object; (greylist, linking, allowed)
12-08 11:04:57.668 13215 13253 I FA      : Tag Manager is not found and thus will not be used
12-08 11:04:57.672 13215 13215 W teco.fmhandroi: Accessing hidden method Landroid/os/MessageQueue;->next()Landroid/os/Message; (greylist, reflection, allowed)
12-08 11:04:57.673 13215 13215 W teco.fmhandroi: Accessing hidden field Landroid/os/MessageQueue;->mMessages:Landroid/os/Message; (greylist, reflection, allowed)
12-08 11:04:57.675 13215 13215 W teco.fmhandroi: Accessing hidden method Landroid/os/Message;->recycleUnchecked()V (greylist, reflection, allowed)
12-08 11:04:57.732 13215 13228 I teco.fmhandroi: NativeAlloc concurrent copying GC freed 41109(3407KB) AllocSpace objects, 14(280KB) LOS objects, 49% free, 3248KB/6496KB, paused 2.367ms total 164.963ms
12-08 11:04:57.800 13215 13305 D HostConnection: HostConnection::get() New Host Connection established 0xdd857960, tid 13305
12-08 11:04:57.824 13215 13305 D HostConnection: HostComposition ext ANDROID_EMU_CHECKSUM_HELPER_v1 ANDROID_EMU_dma_v1 ANDROID_EMU_direct_mem ANDROID_EMU_host_composition_v1 ANDROID_EMU_host_composition_v2 ANDROID_EMU_vulkan ANDROID_EMU_deferred_vulkan_commands ANDROID_EMU_vulkan_null_optional_strings ANDROID_EMU_vulkan_create_resources_with_requirements ANDROID_EMU_YUV_Cache ANDROID_EMU_vulkan_ignored_handles ANDROID_EMU_vulkan_free_memory_sync ANDROID_EMU_vulkan_shader_float16_int8 ANDROID_EMU_vulkan_async_queue_submit ANDROID_EMU_sync_buffer_data GL_OES_vertex_array_object GL_KHR_texture_compression_astc_ldr ANDROID_EMU_host_side_tracing ANDROID_EMU_gles_max_version_2 
12-08 11:04:57.842  2873 13262 V FA-SVC  : Logging event: origin=auto,name=screen_view(_vs),params=Bundle[{ga_event_origin(_o)=auto, ga_screen_class(_sc)=AppActivity, ga_screen_id(_si)=-593395436064939473}]
12-08 11:04:57.855 13215 13305 W OpenGLRenderer: Failed to choose config with EGL_SWAP_BEHAVIOR_PRESERVED, retrying without...
12-08 11:04:57.874  2873 13262 V FA-SVC  : Upload scheduled in approximately ms: 286641
12-08 11:04:57.874  2873 13262 V FA-SVC  : Unscheduling upload
12-08 11:04:57.882  2873 13262 V FA-SVC  : Scheduling upload, millis: 286641
12-08 11:04:57.890  2873 13262 V FA-SVC  : Background event processing time, ms: 48
12-08 11:04:57.965  2656 12719 E SQLiteDatabase: Error inserting flex_time=286000 job_id=-1 period=574000 source=16 requires_charging=0 preferred_network_type=1 target_class=com.google.android.gms.measurement.PackageMeasurementTaskService user_id=0 target_package=com.google.android.gms tag=Measurement.PackageMeasurementTaskService.UPLOAD_TASK_TAG task_type=0 required_idleness_state=0 service_kind=0 source_version=202414000 persistence_level=1 preferred_charging_state=1 required_network_type=0 runtime=1670497497912 retry_strategy={"maximum_backoff_seconds":{"3600":0},"initial_backoff_seconds":{"30":0},"retry_policy":{"0":0}} last_runtime=0
12-08 11:04:57.965  2656 12719 E SQLiteDatabase: android.database.sqlite.SQLiteConstraintException: UNIQUE constraint failed: pending_ops.tag, pending_ops.target_class, pending_ops.target_package, pending_ops.user_id (code 2067 SQLITE_CONSTRAINT_UNIQUE)
12-08 11:04:57.965  2656 12719 E SQLiteDatabase: 	at android.database.sqlite.SQLiteConnection.nativeExecuteForLastInsertedRowId(Native Method)
12-08 11:04:57.965  2656 12719 E SQLiteDatabase: 	at android.database.sqlite.SQLiteConnection.executeForLastInsertedRowId(SQLiteConnection.java:879)
12-08 11:04:57.965  2656 12719 E SQLiteDatabase: 	at android.database.sqlite.SQLiteSession.executeForLastInsertedRowId(SQLiteSession.java:790)
12-08 11:04:57.965  2656 12719 E SQLiteDatabase: 	at android.database.sqlite.SQLiteStatement.executeInsert(SQLiteStatement.java:88)
12-08 11:04:57.965  2656 12719 E SQLiteDatabase: 	at android.database.sqlite.SQLiteDatabase.insertWithOnConflict(SQLiteDatabase.java:1599)
12-08 11:04:57.965  2656 12719 E SQLiteDatabase: 	at android.database.sqlite.SQLiteDatabase.insert(SQLiteDatabase.java:1468)
12-08 11:04:57.965  2656 12719 E SQLiteDatabase: 	at aqui.a(:com.google.android.gms@202414022@20.24.14 (040700-319035315):175)
12-08 11:04:57.965  2656 12719 E SQLiteDatabase: 	at aqtk.a(:com.google.android.gms@202414022@20.24.14 (040700-319035315):182)
12-08 11:04:57.965  2656 12719 E SQLiteDatabase: 	at aqtk.a(:com.google.android.gms@202414022@20.24.14 (040700-319035315):23)
12-08 11:04:57.965  2656 12719 E SQLiteDatabase: 	at aqtk.a(:com.google.android.gms@202414022@20.24.14 (040700-319035315):177)
12-08 11:04:57.965  2656 12719 E SQLiteDatabase: 	at aqpu.run(:com.google.android.gms@202414022@20.24.14 (040700-319035315):9)
12-08 11:04:57.965  2656 12719 E SQLiteDatabase: 	at soy.b(:com.google.android.gms@202414022@20.24.14 (040700-319035315):12)
12-08 11:04:57.965  2656 12719 E SQLiteDatabase: 	at soy.run(:com.google.android.gms@202414022@20.24.14 (040700-319035315):7)
12-08 11:04:57.965  2656 12719 E SQLiteDatabase: 	at java.util.concurrent.ThreadPoolExecutor.runWorker(ThreadPoolExecutor.java:1167)
12-08 11:04:57.965  2656 12719 E SQLiteDatabase: 	at java.util.concurrent.ThreadPoolExecutor$Worker.run(ThreadPoolExecutor.java:641)
12-08 11:04:57.965  2656 12719 E SQLiteDatabase: 	at sux.run(:com.google.android.gms@202414022@20.24.14 (040700-319035315):0)
12-08 11:04:57.965  2656 12719 E SQLiteDatabase: 	at java.lang.Thread.run(Thread.java:919)
12-08 11:04:57.980 13215 13305 D EGL_emulation: eglCreateContext: 0xdd81afc0: maj 2 min 0 rcv 2
12-08 11:04:57.991 13215 13305 D EGL_emulation: eglMakeCurrent: 0xdd81afc0: ver 2 0 (tinfo 0xdd80fe30)
12-08 11:04:58.005  1776  1927 D gralloc_ranchu: gralloc_alloc: Creating ashmem region of size 10108928
12-08 11:04:58.010  1648  1648 I hwservicemanager: getTransport: Cannot find entry android.hardware.graphics.mapper@3.0::IMapper/default in either framework or device manifest.
12-08 11:04:58.011 13215 13305 W Gralloc3: mapper 3.x is not supported
12-08 11:04:58.017 13215 13305 D HostConnection: createUnique: call
12-08 11:04:58.018 13215 13305 D HostConnection: HostConnection::get() New Host Connection established 0xdd857c80, tid 13305
12-08 11:04:58.020 13215 13305 D HostConnection: HostComposition ext ANDROID_EMU_CHECKSUM_HELPER_v1 ANDROID_EMU_dma_v1 ANDROID_EMU_direct_mem ANDROID_EMU_host_composition_v1 ANDROID_EMU_host_composition_v2 ANDROID_EMU_vulkan ANDROID_EMU_deferred_vulkan_commands ANDROID_EMU_vulkan_null_optional_strings ANDROID_EMU_vulkan_create_resources_with_requirements ANDROID_EMU_YUV_Cache ANDROID_EMU_vulkan_ignored_handles ANDROID_EMU_vulkan_free_memory_sync ANDROID_EMU_vulkan_shader_float16_int8 ANDROID_EMU_vulkan_async_queue_submit ANDROID_EMU_sync_buffer_data GL_OES_vertex_array_object GL_KHR_texture_compression_astc_ldr ANDROID_EMU_host_side_tracing ANDROID_EMU_gles_max_version_2 
12-08 11:04:58.023 13215 13305 D eglCodecCommon: allocate: Ask for block of size 0x1000
12-08 11:04:58.024 13215 13305 D eglCodecCommon: allocate: ioctl allocate returned offset 0x3ff647000 size 0x2000
12-08 11:04:58.029  1776  1927 D gralloc_ranchu: gralloc_alloc: Creating ashmem region of size 10108928
12-08 11:04:58.030  1776  1927 D gralloc_ranchu: gralloc_alloc: Creating ashmem region of size 10108928
12-08 11:04:58.036 13215 13305 D EGL_emulation: eglMakeCurrent: 0xdd81afc0: ver 2 0 (tinfo 0xdd80fe30)
12-08 11:04:58.307 13215 13215 I Choreographer: Skipped 37 frames!  The application may be doing too much work on its main thread.
12-08 11:04:58.392  2018  2058 I ActivityTaskManager: Displayed ru.iteco.fmhandroid/.ui.AppActivity: +4s143ms
12-08 11:04:58.393 13215 13215 W teco.fmhandroi: Accessing hidden method Landroid/view/WindowManagerGlobal;->getInstance()Landroid/view/WindowManagerGlobal; (greylist, reflection, allowed)
12-08 11:04:58.393 13215 13215 W teco.fmhandroi: Accessing hidden field Landroid/view/WindowManagerGlobal;->mViews:Ljava/util/ArrayList; (greylist, reflection, allowed)
12-08 11:04:58.393 13215 13215 W teco.fmhandroi: Accessing hidden field Landroid/view/WindowManagerGlobal;->mParams:Ljava/util/ArrayList; (greylist, reflection, allowed)
12-08 11:04:58.418 13215 13215 I ViewInteraction: Performing 'wait for a specific view with <(an instance of android.widget.TextView and view.getText() with or without transformation to match: is "Authorization" and view.getParent() view.getParent() view.getId() is <2131231186>)> during 10000 millis.' action on view view.getRootView() to equal view
12-08 11:04:59.066  2170  2566 D EGL_emulation: eglMakeCurrent: 0xe594e040: ver 2 0 (tinfo 0xc52450c0)
12-08 11:05:00.038  2170  2170 D KeyguardClockSwitch: Updating clock: 1105
12-08 11:05:00.591  2018  2058 E memtrack: Couldn't load memtrack module
12-08 11:05:00.591  2018  2058 W android.os.Debug: failed to get memory consumption info: -1
12-08 11:05:00.600 13215 13215 W teco.fmhandroi: Accessing hidden field Lsun/misc/Unsafe;->theUnsafe:Lsun/misc/Unsafe; (greylist, reflection, allowed)
12-08 11:05:00.601 13215 13215 W teco.fmhandroi: Accessing hidden method Lsun/misc/Unsafe;->allocateInstance(Ljava/lang/Class;)Ljava/lang/Object; (greylist, reflection, allowed)
12-08 11:05:00.647 13215 13317 I okhttp.OkHttpClient: --> GET http://www.981757-ca08998.tmweb.ru:8080/fmh/authentication/userInfo
12-08 11:05:00.648 13215 13317 I okhttp.OkHttpClient: --> END GET
12-08 11:05:00.717  1744 13318 E ResolverController: No valid NAT64 prefix (107, <unspecified>/0)
12-08 11:05:00.856  2656 13059 I LogUtils: [Places]: ?: Couldn't find platform key file. [CONTEXT service_id=253 ]
12-08 11:05:00.861  2656 12719 I LogUtils: [Places]: ?: Couldn't find platform key file. [CONTEXT service_id=253 ]
12-08 11:05:00.891  2656 13100 I LogUtils: [Places]: ?: PlacesBleScanner stop() [CONTEXT service_id=253 ]
12-08 11:05:00.895  2656  2656 I BeaconBle: Scan : No clients left, canceling alarm. [CONTEXT service_id=111 ]
12-08 11:05:00.896  2656  2656 I BeaconBle: Scan canceled successfully. [CONTEXT service_id=111 ]
12-08 11:05:00.910  2656 13100 I PlacesLogger: [PlaceInferenceEngine]: [anon] Changed inference mode: 0 [CONTEXT service_id=253 ]
12-08 11:05:00.945  2656  3542 W GCoreFlp: No location to return for getLastLocation()
12-08 11:05:00.978  2656 12713 I LogUtils: [Places]: ?: Couldn't find platform key file. [CONTEXT service_id=253 ]
12-08 11:05:00.983  2656 13059 I LogUtils: [Places]: ?: Couldn't find platform key file. [CONTEXT service_id=253 ]
12-08 11:05:01.074  2656  2656 I GeofencerStateMachine: removeGeofences: removeRequest=RemoveGeofencingRequest[REMOVE_BY_PENDING_INTENT pendingIntent=PendingIntent[creatorPackage=com.google.android.gms], packageName=com.google.android.gms]
12-08 11:05:01.168 13215 13317 I okhttp.OkHttpClient: <-- 200 http://www.981757-ca08998.tmweb.ru:8080/fmh/authentication/userInfo (519ms)
12-08 11:05:01.168 13215 13317 I okhttp.OkHttpClient: Vary: Origin
12-08 11:05:01.168 13215 13317 I okhttp.OkHttpClient: Vary: Access-Control-Request-Method
12-08 11:05:01.168 13215 13317 I okhttp.OkHttpClient: Vary: Access-Control-Request-Headers
12-08 11:05:01.168 13215 13317 I okhttp.OkHttpClient: X-Content-Type-Options: nosniff
12-08 11:05:01.168 13215 13317 I okhttp.OkHttpClient: X-XSS-Protection: 1; mode=block
12-08 11:05:01.168 13215 13317 I okhttp.OkHttpClient: Cache-Control: no-cache, no-store, max-age=0, must-revalidate
12-08 11:05:01.168 13215 13317 I okhttp.OkHttpClient: Pragma: no-cache
12-08 11:05:01.168 13215 13317 I okhttp.OkHttpClient: Expires: 0
12-08 11:05:01.168 13215 13317 I okhttp.OkHttpClient: X-Frame-Options: DENY
12-08 11:05:01.168 13215 13317 I okhttp.OkHttpClient: Content-Type: application/json
12-08 11:05:01.169 13215 13317 I okhttp.OkHttpClient: Transfer-Encoding: chunked
12-08 11:05:01.169 13215 13317 I okhttp.OkHttpClient: Date: Thu, 08 Dec 2022 11:05:03 GMT
12-08 11:05:01.169 13215 13317 I okhttp.OkHttpClient: Keep-Alive: timeout=60
12-08 11:05:01.169 13215 13317 I okhttp.OkHttpClient: Connection: keep-alive
12-08 11:05:01.175 13215 13317 I okhttp.OkHttpClient: {"id":2,"firstName":"Данил","lastName":"Иванов","middleName":"Данилович","admin":true}
12-08 11:05:01.176 13215 13317 I okhttp.OkHttpClient: <-- END HTTP (106-byte body)
12-08 11:05:01.275 13215 13325 I okhttp.OkHttpClient: --> GET http://www.981757-ca08998.tmweb.ru:8080/fmh/claims
12-08 11:05:01.276 13215 13325 I okhttp.OkHttpClient: --> END GET
12-08 11:05:03.825 13215 13325 I okhttp.OkHttpClient: <-- 200 http://www.981757-ca08998.tmweb.ru:8080/fmh/claims (2542ms)
12-08 11:05:03.826 13215 13325 I okhttp.OkHttpClient: Vary: Origin
12-08 11:05:03.826 13215 13325 I okhttp.OkHttpClient: Vary: Access-Control-Request-Method
12-08 11:05:03.826 13215 13325 I okhttp.OkHttpClient: Vary: Access-Control-Request-Headers
12-08 11:05:03.831 13215 13325 I okhttp.OkHttpClient: X-Content-Type-Options: nosniff
12-08 11:05:03.831 13215 13325 I okhttp.OkHttpClient: X-XSS-Protection: 1; mode=block
12-08 11:05:03.831 13215 13325 I okhttp.OkHttpClient: Cache-Control: no-cache, no-store, max-age=0, must-revalidate
12-08 11:05:03.832 13215 13325 I okhttp.OkHttpClient: Pragma: no-cache
12-08 11:05:03.832 13215 13325 I okhttp.OkHttpClient: Expires: 0
12-08 11:05:03.833 13215 13325 I okhttp.OkHttpClient: X-Frame-Options: DENY
12-08 11:05:03.834 13215 13325 I okhttp.OkHttpClient: Content-Type: application/json
12-08 11:05:03.834 13215 13325 I okhttp.OkHttpClient: Transfer-Encoding: chunked
12-08 11:05:03.834 13215 13325 I okhttp.OkHttpClient: Date: Thu, 08 Dec 2022 11:05:06 GMT
12-08 11:05:03.834 13215 13325 I okhttp.OkHttpClient: Keep-Alive: timeout=60
12-08 11:05:03.834 13215 13325 I okhttp.OkHttpClient: Connection: keep-alive
12-08 11:05:05.480 12448 12508 E ActivityThread: Failed to find provider info for com.google.android.apps.wellbeing.api
12-08 11:05:05.525  2962  3348 I WorkerManager: dispose()
12-08 11:05:05.529  2962  3348 W ThreadPoolDumper: Queue length for executor EventBus is now 11. Perhaps some tasks are too long, or the pool is too small.
12-08 11:05:05.917  2656  2656 I BeaconBle: Scan : No clients left, canceling alarm. [CONTEXT service_id=111 ]
12-08 11:05:07.064 13215 13215 I Choreographer: Skipped 350 frames!  The application may be doing too much work on its main thread.
12-08 11:05:07.226 13215 13253 V FA      : Inactivity, disconnecting from the service
12-08 11:05:08.227 13215 13305 I OpenGLRenderer: Davey! duration=7004ms; Flags=1, IntendedVsync=60276965700892, Vsync=60282799033992, OldestInputEvent=9223372036854775807, NewestInputEvent=0, HandleInputStart=60282809058000, AnimationStart=60282809269000, PerformTraversalsStart=60282809653100, DrawStart=60282954366900, SyncQueued=60282958710100, SyncStart=60282959558700, IssueDrawCommandsStart=60282961291700, SwapBuffers=60283953147800, FrameCompleted=60283971039900, DequeueBufferDuration=3606000, QueueBufferDuration=4038000, 
12-08 11:05:08.235 13215 13215 I Choreographer: Skipped 59 frames!  The application may be doing too much work on its main thread.
12-08 11:05:09.028 13215 13305 I OpenGLRenderer: Davey! duration=788ms; Flags=0, IntendedVsync=60283982361793, Vsync=60283999028459, OldestInputEvent=9223372036854775807, NewestInputEvent=0, HandleInputStart=60284012323100, AnimationStart=60284012397800, PerformTraversalsStart=60284012458100, DrawStart=60284680767400, SyncQueued=60284746810600, SyncStart=60284748410500, IssueDrawCommandsStart=60284748857000, SwapBuffers=60284764363500, FrameCompleted=60284772620800, DequeueBufferDuration=621000, QueueBufferDuration=1160000, 
12-08 11:05:09.203 13215 13215 D takeScreenshot: Found 1 global views to redraw
12-08 11:05:09.261  1776  1927 D gralloc_ranchu: gralloc_alloc: Creating ashmem region of size 10108928
12-08 11:05:09.344  1648  1648 I hwservicemanager: getTransport: Cannot find entry android.hardware.graphics.mapper@3.0::IMapper/default in either framework or device manifest.
12-08 11:05:09.345 13196 13267 W Gralloc3: mapper 3.x is not supported
12-08 11:05:09.488 13196 13267 D HostConnection: createUnique: call
12-08 11:05:09.494 13196 13267 D HostConnection: HostConnection::get() New Host Connection established 0xeaa56620, tid 13267
12-08 11:05:09.525 13196 13267 D HostConnection: HostComposition ext ANDROID_EMU_CHECKSUM_HELPER_v1 ANDROID_EMU_dma_v1 ANDROID_EMU_direct_mem ANDROID_EMU_host_composition_v1 ANDROID_EMU_host_composition_v2 ANDROID_EMU_vulkan ANDROID_EMU_deferred_vulkan_commands ANDROID_EMU_vulkan_null_optional_strings ANDROID_EMU_vulkan_create_resources_with_requirements ANDROID_EMU_YUV_Cache ANDROID_EMU_vulkan_ignored_handles ANDROID_EMU_vulkan_free_memory_sync ANDROID_EMU_vulkan_shader_float16_int8 ANDROID_EMU_vulkan_async_queue_submit ANDROID_EMU_sync_buffer_data GL_OES_vertex_array_object GL_KHR_texture_compression_astc_ldr ANDROID_EMU_host_side_tracing ANDROID_EMU_gles_max_version_2 
12-08 11:05:09.531 13196 13267 D eglCodecCommon: allocate: Ask for block of size 0x1000
12-08 11:05:09.532 13196 13267 D eglCodecCommon: allocate: ioctl allocate returned offset 0x3ffff8000 size 0x2000
12-08 11:05:09.562  1793  1896 E SurfaceFlinger: ro.sf.lcd_density must be defined as a build property
12-08 11:05:09.563  1793  1999 E SurfaceFlinger: ro.sf.lcd_density must be defined as a build property
12-08 11:05:09.570 13196 13332 D libEGL  : Emulator has host GPU support, qemu.gles is set to 1.
12-08 11:05:09.599 13196 13332 W libc    : Unable to set property "qemu.gles" to "1": error code: 0x18
12-08 11:05:09.603 13196 13332 D libEGL  : loaded /vendor/lib/egl/libEGL_emulation.so
12-08 11:05:09.606 13196 13332 D libEGL  : loaded /vendor/lib/egl/libGLESv1_CM_emulation.so
12-08 11:05:09.610 13196 13332 D libEGL  : loaded /vendor/lib/egl/libGLESv2_emulation.so
12-08 11:05:09.624 13196 13332 D HostConnection: HostConnection::get() New Host Connection established 0xeaa563f0, tid 13332
12-08 11:05:09.625 13196 13332 D HostConnection: HostComposition ext ANDROID_EMU_CHECKSUM_HELPER_v1 ANDROID_EMU_dma_v1 ANDROID_EMU_direct_mem ANDROID_EMU_host_composition_v1 ANDROID_EMU_host_composition_v2 ANDROID_EMU_vulkan ANDROID_EMU_deferred_vulkan_commands ANDROID_EMU_vulkan_null_optional_strings ANDROID_EMU_vulkan_create_resources_with_requirements ANDROID_EMU_YUV_Cache ANDROID_EMU_vulkan_ignored_handles ANDROID_EMU_vulkan_free_memory_sync ANDROID_EMU_vulkan_shader_float16_int8 ANDROID_EMU_vulkan_async_queue_submit ANDROID_EMU_sync_buffer_data GL_OES_vertex_array_object GL_KHR_texture_compression_astc_ldr ANDROID_EMU_host_side_tracing ANDROID_EMU_gles_max_version_2 
12-08 11:05:09.643 13196 13332 W OpenGLRenderer: Failed to choose config with EGL_SWAP_BEHAVIOR_PRESERVED, retrying without...
12-08 11:05:09.729 13196 13332 D EGL_emulation: eglCreateContext: 0xd57284e0: maj 2 min 0 rcv 2
12-08 11:05:09.735 13196 13332 D EGL_emulation: eglMakeCurrent: 0xd57284e0: ver 2 0 (tinfo 0xd570f370)
12-08 11:05:09.872 13215 13260 W DefaultFailureHandler: Failed to take screenshot
12-08 11:05:09.872 13215 13260 W DefaultFailureHandler: java.io.FileNotFoundException: view-op-error-1.png: open failed: EROFS (Read-only file system)
12-08 11:05:09.872 13215 13260 W DefaultFailureHandler: 	at libcore.io.IoBridge.open(IoBridge.java:496)
12-08 11:05:09.872 13215 13260 W DefaultFailureHandler: 	at java.io.FileOutputStream.<init>(FileOutputStream.java:235)
12-08 11:05:09.872 13215 13260 W DefaultFailureHandler: 	at java.io.FileOutputStream.<init>(FileOutputStream.java:125)
12-08 11:05:09.872 13215 13260 W DefaultFailureHandler: 	at androidx.test.platform.io.FileTestStorage.openOutputFile(FileTestStorage.java:60)
12-08 11:05:09.872 13215 13260 W DefaultFailureHandler: 	at androidx.test.core.graphics.BitmapStorage.writeToTestStorage(BitmapStorageExt.kt:49)
12-08 11:05:09.872 13215 13260 W DefaultFailureHandler: 	at androidx.test.espresso.base.DefaultFailureHandler.takeScreenshot(DefaultFailureHandler.java:4)
12-08 11:05:09.872 13215 13260 W DefaultFailureHandler: 	at androidx.test.espresso.base.DefaultFailureHandler.handle(DefaultFailureHandler.java:3)
12-08 11:05:09.872 13215 13260 W DefaultFailureHandler: 	at androidx.test.espresso.ViewInteraction.waitForAndHandleInteractionResults(ViewInteraction.java:8)
12-08 11:05:09.872 13215 13260 W DefaultFailureHandler: 	at androidx.test.espresso.ViewInteraction.desugaredPerform(ViewInteraction.java:11)
12-08 11:05:09.872 13215 13260 W DefaultFailureHandler: 	at androidx.test.espresso.ViewInteraction.perform(ViewInteraction.java:8)
12-08 11:05:09.872 13215 13260 W DefaultFailureHandler: 	at ru.iteco.fmhandroid.ui.data.TestUtils.waitView(TestUtils.java:61)
12-08 11:05:09.872 13215 13260 W DefaultFailureHandler: 	at ru.iteco.fmhandroid.ui.steps.AuthSteps.isAuthScreen(AuthSteps.java:56)
12-08 11:05:09.872 13215 13260 W DefaultFailureHandler: 	at ru.iteco.fmhandroid.ui.ClaimsCreationFormTest.logoutCheck(ClaimsCreationFormTest.java:58)
12-08 11:05:09.872 13215 13260 W DefaultFailureHandler: 	at java.lang.reflect.Method.invoke(Native Method)
12-08 11:05:09.872 13215 13260 W DefaultFailureHandler: 	at org.junit.runners.model.FrameworkMethod$1.runReflectiveCall(FrameworkMethod.java:59)
12-08 11:05:09.872 13215 13260 W DefaultFailureHandler: 	at org.junit.internal.runners.model.ReflectiveCallable.run(ReflectiveCallable.java:12)
12-08 11:05:09.872 13215 13260 W DefaultFailureHandler: 	at org.junit.runners.model.FrameworkMethod.invokeExplosively(FrameworkMethod.java:56)
12-08 11:05:09.872 13215 13260 W DefaultFailureHandler: 	at androidx.test.internal.runner.junit4.statement.RunBefores.evaluate(RunBefores.java:76)
12-08 11:05:09.872 13215 13260 W DefaultFailureHandler: 	at androidx.test.internal.runner.junit4.statement.RunAfters.evaluate(RunAfters.java:61)
12-08 11:05:09.872 13215 13260 W DefaultFailureHandler: 	at io.qameta.allure.android.rules.ScreenshotRule$apply$1.evaluate(ScreenshotRule.kt:22)
12-08 11:05:09.872 13215 13260 W DefaultFailureHandler: 	at org.junit.rules.ExternalResource$1.evaluate(ExternalResource.java:54)
12-08 11:05:09.872 13215 13260 W DefaultFailureHandler: 	at io.qameta.allure.android.rules.LogcatRule$apply$1.evaluate(LogcatRule.kt:23)
12-08 11:05:09.872 13215 13260 W DefaultFailureHandler: 	at org.junit.rules.RunRules.evaluate(RunRules.java:20)
12-08 11:05:09.872 13215 13260 W DefaultFailureHandler: 	at org.junit.runners.ParentRunner$3.evaluate(ParentRunner.java:306)
12-08 11:05:09.872 13215 13260 W DefaultFailureHandler: 	at org.junit.runners.BlockJUnit4ClassRunner$1.evaluate(BlockJUnit4ClassRunner.java:100)
12-08 11:05:09.872 13215 13260 W DefaultFailureHandler: 	at org.junit.runners.ParentRunner.runLeaf(ParentRunner.java:366)
12-08 11:05:09.872 13215 13260 W DefaultFailureHandler: 	at org.junit.runners.BlockJUnit4ClassRunner.runChild(BlockJUnit4ClassRunner.java:103)
12-08 11:05:09.872 13215 13260 W DefaultFailureHandler: 	at org.junit.runners.BlockJUnit4ClassRunner.runChild(BlockJUnit4ClassRunner.java:63)
12-08 11:05:09.872 13215 13260 W DefaultFailureHandler: 	at org.junit.runners.ParentRunner$4.run(ParentRunner.java:331)
12-08 11:05:09.872 13215 13260 W DefaultFailureHandler: 	at org.junit.runners.ParentRunner$1.schedule(ParentRunner.java:79)
12-08 11:05:09.872 13215 13260 W DefaultFailureHandler: 	at org.junit.runners.ParentRunner.runChildren(ParentRunner.java:329)
12-08 11:05:09.872 13215 13260 W DefaultFailureHandler: 	at org.junit.runners.ParentRunner.access$100(ParentRunner.java:66)
12-08 11:05:09.872 13215 13260 W DefaultFailureHandler: 	at org.junit.runners.ParentRunner$2.evaluate(ParentRunner.java:293)
12-08 11:05:09.872 13215 13260 W DefaultFailureHandler: 	at org.junit.runners.ParentRunner$3.evaluate(ParentRunner.java:306)
12-08 11:05:09.872 13215 13260 W DefaultFailureHandler: 	at org.junit.runners.ParentRunner.run(ParentRunner.java:413)
12-08 11:05:09.872 13215 13260 W DefaultFailureHandler: 	at androidx.test.ext.junit.runners.AndroidJUnit4.run(AndroidJUnit4.java:162)
12-08 11:05:09.872 13215 13260 W DefaultFailureHandler: 	at io.qameta.allure.android.runners.AllureAndroidJUnit4.run(AllureAndroidJUnitRunners.kt:29)
12-08 11:05:09.872 13215 13260 W DefaultFailureHandler: 	at org.junit.runners.Suite.runChild(Suite.java:128)
12-08 11:05:09.872 13215 13260 W DefaultFailureHandler: 	at org.junit.runners.Suite.runChild(Suite.java:27)
12-08 11:05:09.872 13215 13260 W DefaultFailureHandler: 	at org.junit.runners.ParentRunner$4.run(ParentRunner.java:331)
12-08 11:05:09.872 13215 13260 W DefaultFailureHandler: 	at org.junit.runners.ParentRunner$1.schedule(ParentRunner.java:79)
12-08 11:05:09.872 13215 13260 W DefaultFailureHandler: 	at org.junit.runners.ParentRunner.runChildren(ParentRunner.java:329)
12-08 11:05:09.872 13215 13260 W DefaultFailureHandler: 	at org.junit.runners.ParentRunner.access$100(ParentRunner.java:66)
12-08 11:05:09.872 13215 13260 W DefaultFailureHandler: 	at org.junit.runners.ParentRunner$2.evaluate(ParentRunner.java:293)
12-08 11:05:09.872 13215 13260 W DefaultFailureHandler: 	at org.junit.runners.ParentRunner$3.evaluate(ParentRunner.java:306)
12-08 11:05:09.872 13215 13260 W DefaultFailureHandler: 	at org.junit.runners.ParentRunner.run(ParentRunner.java:413)
12-08 11:05:09.872 13215 13260 W DefaultFailureHandler: 	at org.junit.runner.JUnitCore.run(JUnitCore.java:137)
12-08 11:05:09.872 13215 13260 W DefaultFailureHandler: 	at org.junit.runner.JUnitCore.run(JUnitCore.java:115)
12-08 11:05:09.872 13215 13260 W DefaultFailureHandler: 	at androidx.test.internal.runner.TestExecutor.execute(TestExecutor.java:67)
12-08 11:05:09.872 13215 13260 W DefaultFailureHandler: 	at androidx.test.internal.runner.TestExecutor.execute(TestExecutor.java:58)
12-08 11:05:09.872 13215 13260 W DefaultFailureHandler: 	at androidx.test.runner.AndroidJUnitRunner.onStart(AndroidJUnitRunner.java:438)
12-08 11:05:09.872 13215 13260 W DefaultFailureHandler: 	at android.app.Instrumentation$InstrumentationThread.run(Instrumentation.java:2189)
12-08 11:05:09.872 13215 13260 W DefaultFailureHandler: Caused by: android.system.ErrnoException: open failed: EROFS (Read-only file system)
12-08 11:05:09.872 13215 13260 W DefaultFailureHandler: 	at libcore.io.Linux.open(Native Method)
12-08 11:05:09.872 13215 13260 W DefaultFailureHandler: 	at libcore.io.ForwardingOs.open(ForwardingOs.java:167)
12-08 11:05:09.872 13215 13260 W DefaultFailureHandler: 	at libcore.io.BlockGuardOs.open(BlockGuardOs.java:252)
12-08 11:05:09.872 13215 13260 W DefaultFailureHandler: 	at libcore.io.ForwardingOs.open(ForwardingOs.java:167)
12-08 11:05:09.872 13215 13260 W DefaultFailureHandler: 	at android.app.ActivityThread$AndroidOs.open(ActivityThread.java:7255)
12-08 11:05:09.872 13215 13260 W DefaultFailureHandler: 	at libcore.io.IoBridge.open(IoBridge.java:482)
12-08 11:05:09.872 13215 13260 W DefaultFailureHandler: 	... 51 more
12-08 11:05:09.884 13215 13260 W teco.fmhandroi: Accessing hidden method Lsun/misc/Unsafe;->compareAndSwapObject(Ljava/lang/Object;JLjava/lang/Object;Ljava/lang/Object;)Z (greylist, linking, allowed)
12-08 11:05:09.884 13215 13333 W teco.fmhandroi: Accessing hidden method Lsun/misc/Unsafe;->compareAndSwapObject(Ljava/lang/Object;JLjava/lang/Object;Ljava/lang/Object;)Z (greylist, linking, allowed)
12-08 11:05:09.889 13215 13215 I ViewInteraction: Performing 'wait for a specific view with <view.getId() is <2131230870>> during 10000 millis.' action on view view.getRootView() to equal view
12-08 11:05:09.895 13215 13260 W teco.fmhandroi: Accessing hidden method Lsun/misc/Unsafe;->compareAndSwapObject(Ljava/lang/Object;JLjava/lang/Object;Ljava/lang/Object;)Z (greylist, linking, allowed)
12-08 11:05:09.896 13215 13333 W teco.fmhandroi: Accessing hidden method Lsun/misc/Unsafe;->compareAndSwapObject(Ljava/lang/Object;JLjava/lang/Object;Ljava/lang/Object;)Z (greylist, linking, allowed)
12-08 11:05:09.900 13215 13215 I ViewInteraction: Checking 'MatchesViewAssertion{viewMatcher=(view has effective visibility <VISIBLE> and view.getGlobalVisibleRect() to return non-empty rectangle)}' assertion on view view.getId() is <2131230870/ru.iteco.fmhandroid:id/authorization_image_button>
12-08 11:05:09.910 13215 13260 W teco.fmhandroi: Accessing hidden method Landroid/view/ViewConfiguration;->getDoubleTapMinTime()I (greylist, reflection, allowed)
12-08 11:05:09.916 13215 13260 W teco.fmhandroi: Accessing hidden method Lsun/misc/Unsafe;->compareAndSwapObject(Ljava/lang/Object;JLjava/lang/Object;Ljava/lang/Object;)Z (greylist, linking, allowed)
12-08 11:05:09.921 13215 13215 I ViewInteraction: Performing 'single click' action on view view.getId() is <2131230870/ru.iteco.fmhandroid:id/authorization_image_button>
12-08 11:05:10.127  1764  6994 W audio_hw_generic: Not supplying enough data to HAL, expected position 179277254 , only wrote 179277081
12-08 11:05:10.178  1776  1927 D gralloc_ranchu: gralloc_alloc: Creating ashmem region of size 884736
12-08 11:05:10.188  1776  1927 I chatty  : uid=1000(system) HwBinder:1776_3 identical 1 line
12-08 11:05:10.190  1776  1927 D gralloc_ranchu: gralloc_alloc: Creating ashmem region of size 884736
12-08 11:05:10.209 13215 13305 D EGL_emulation: eglMakeCurrent: 0xdd81afc0: ver 2 0 (tinfo 0xdd80fe30)
12-08 11:05:10.279 13215 13305 I chatty  : uid=10146(ru.iteco.fmhandroid) RenderThread identical 3 lines
12-08 11:05:10.297 13215 13305 D EGL_emulation: eglMakeCurrent: 0xdd81afc0: ver 2 0 (tinfo 0xdd80fe30)
12-08 11:05:10.525 13215 13260 W teco.fmhandroi: Accessing hidden method Lsun/misc/Unsafe;->compareAndSwapObject(Ljava/lang/Object;JLjava/lang/Object;Ljava/lang/Object;)Z (greylist, linking, allowed)
12-08 11:05:10.531 13215 13215 I ViewInteraction: Performing 'wait for a specific view with <an instance of android.widget.TextView and view.getText() with or without transformation to match: is "Log out"> during 10000 millis.' action on view view.getRootView() to equal view
12-08 11:05:10.539 13215 13215 I ViewInteraction: Checking 'MatchesViewAssertion{viewMatcher=(view has effective visibility <VISIBLE> and view.getGlobalVisibleRect() to return non-empty rectangle)}' assertion on view an instance of android.widget.TextView and view.getText() with or without transformation to match: is "Log out"
12-08 11:05:10.546 13215 13215 I ViewInteraction: Performing 'single click' action on view an instance of android.widget.TextView and view.getText() with or without transformation to match: is "Log out"
12-08 11:05:11.021 13215 13305 D EGL_emulation: eglMakeCurrent: 0xdd81afc0: ver 2 0 (tinfo 0xdd80fe30)
12-08 11:05:11.141 13215 13305 D EGL_emulation: eglMakeCurrent: 0xdd81afc0: ver 2 0 (tinfo 0xdd80fe30)
12-08 11:05:11.238 13215 13215 I ViewInteraction: Performing 'wait for a specific view with <(an instance of android.widget.TextView and view.getText() with or without transformation to match: is "Authorization" and view.getParent() view.getParent() view.getId() is <2131231186>)> during 10000 millis.' action on view view.getRootView() to equal view
12-08 11:05:11.244 13215 13260 W teco.fmhandroi: Accessing hidden method Lsun/misc/Unsafe;->compareAndSwapObject(Ljava/lang/Object;JLjava/lang/Object;Ljava/lang/Object;)Z (greylist, linking, allowed)
12-08 11:05:11.245 13215 13333 W teco.fmhandroi: Accessing hidden method Lsun/misc/Unsafe;->compareAndSwapObject(Ljava/lang/Object;JLjava/lang/Object;Ljava/lang/Object;)Z (greylist, linking, allowed)
12-08 11:05:11.251 13215 13215 I ViewInteraction: Checking 'MatchesViewAssertion{viewMatcher=(view has effective visibility <VISIBLE> and view.getGlobalVisibleRect() to return non-empty rectangle)}' assertion on view (an instance of android.widget.TextView and view.getText() with or without transformation to match: is "Authorization" and view.getParent() view.getParent() view.getId() is <2131231186/ru.iteco.fmhandroid:id/nav_host_fragment>)
12-08 11:05:11.253 13215 13260 W teco.fmhandroi: Accessing hidden method Lsun/misc/Unsafe;->compareAndSwapObject(Ljava/lang/Object;JLjava/lang/Object;Ljava/lang/Object;)Z (greylist, linking, allowed)
12-08 11:05:11.258 13215 13215 I ViewInteraction: Performing 'wait for a specific view with <(an instance of android.widget.TextView and view.getHint() matching: is "Login" and view.getParent() view.getParent() view.getId() is <2131231121>)> during 10000 millis.' action on view view.getRootView() to equal view
12-08 11:05:11.266 13215 13260 W teco.fmhandroi: Accessing hidden method Lsun/misc/Unsafe;->compareAndSwapObject(Ljava/lang/Object;JLjava/lang/Object;Ljava/lang/Object;)Z (greylist, linking, allowed)
