--------- beginning of main
12-02 23:07:23.601  3139  3568 W SessionLifecycleManager: Handover failed. Creating new session controller.
12-02 23:07:23.619  2010  2037 W InputReader: Device has associated, but no associated display id.
12-02 23:07:23.619  2010  2037 I chatty  : uid=1000(system) android.anim identical 8 lines
12-02 23:07:23.619  2010  2037 W InputReader: Device has associated, but no associated display id.
12-02 23:07:23.638  1772  1772 D gralloc_ranchu: gralloc_alloc: Creating ashmem region of size 9441280
--------- beginning of system
12-02 23:07:23.684  2010  2010 W ActivityManager: Unable to start service Intent { act=android.service.appprediction.AppPredictionService cmp=com.google.android.as/com.google.android.apps.miphone.aiai.app.AiAiPredictionService } U=0: not found
12-02 23:07:23.684  2010  2010 W RemoteAppPredictionService: could not bind to Intent { act=android.service.appprediction.AppPredictionService cmp=com.google.android.as/com.google.android.apps.miphone.aiai.app.AiAiPredictionService } using flags 67108865
12-02 23:07:23.732  1788  1788 E Layer   : [Surface(name=AppWindowToken{e44e437 token=Token{8e32d36 ActivityRecord{89f0ed1 u0 com.google.android.apps.nexuslauncher/.NexusLauncherActivity t2562}}})/@0xb44cf46 - animation-leash#0] No local sync point found
12-02 23:07:23.732  1788  1788 E Layer   : [Surface(name=AppWindowToken{da34dca token=Token{947c535 ActivityRecord{11d1b6c u0 ru.iteco.fmhandroid/.ui.AppActivity t3250}}})/@0xe4ca9a0 - animation-leash#0] No local sync point found
12-02 23:07:23.751  3139  3568 W ThreadPoolDumper: Queue length for executor Lightweight is now 11. Perhaps some tasks are too long, or the pool is too small.
12-02 23:07:23.806  1864  2003 D EGL_emulation: eglMakeCurrent: 0xdb91b3e0: ver 2 0 (tinfo 0xdb98eb00)
12-02 23:07:23.930  2010  6726 D HostConnection: HostConnection::get() New Host Connection established 0xb4601c80, tid 6726
12-02 23:07:23.932  1864  1864 D AutofillManager: onActivityFinishing(): calling cancelLocked()
12-02 23:07:23.934  1864  1864 D LifecycleMonitor: Lifecycle status change: ru.iteco.fmhandroid.ui.AppActivity@b469448 in: STOPPED
12-02 23:07:23.937  1864  1981 V FA      : Connecting to remote service
12-02 23:07:23.950  1864  1864 W System.err: ru.iteco.fmhandroid.exceptions.UnknownException
12-02 23:07:23.957  2010  6726 D HostConnection: HostComposition ext ANDROID_EMU_CHECKSUM_HELPER_v1 ANDROID_EMU_dma_v1 ANDROID_EMU_direct_mem ANDROID_EMU_host_composition_v1 ANDROID_EMU_host_composition_v2 ANDROID_EMU_vulkan ANDROID_EMU_deferred_vulkan_commands ANDROID_EMU_vulkan_null_optional_strings ANDROID_EMU_vulkan_create_resources_with_requirements ANDROID_EMU_YUV_Cache ANDROID_EMU_vulkan_ignored_handles ANDROID_EMU_vulkan_free_memory_sync ANDROID_EMU_vulkan_shader_float16_int8 ANDROID_EMU_vulkan_async_queue_submit ANDROID_EMU_sync_buffer_data GL_OES_vertex_array_object GL_KHR_texture_compression_astc_ldr ANDROID_EMU_host_side_tracing ANDROID_EMU_gles_max_version_2 
12-02 23:07:23.959  1864  1864 W System.err: 	at ru.iteco.fmhandroid.utils.Utils.makeRequest(Utils.kt:123)
12-02 23:07:23.959  1864  1864 W System.err: 	at ru.iteco.fmhandroid.utils.Utils$makeRequest$1.invokeSuspend(Unknown Source:15)
12-02 23:07:23.960  2010  6726 W OpenGLRenderer: Failed to choose config with EGL_SWAP_BEHAVIOR_PRESERVED, retrying without...
12-02 23:07:23.961  1864  1864 W System.err: 	at kotlin.coroutines.jvm.internal.BaseContinuationImpl.resumeWith(ContinuationImpl.kt:33)
12-02 23:07:23.961  1864  1864 W System.err: 	at kotlinx.coroutines.DispatchedTaskKt.resume(DispatchedTask.kt:234)
12-02 23:07:23.961  1864  1864 W System.err: 	at kotlinx.coroutines.DispatchedTaskKt.resumeUnconfined(DispatchedTask.kt:190)
12-02 23:07:23.961  1864  1864 W System.err: 	at kotlinx.coroutines.DispatchedTaskKt.dispatch(DispatchedTask.kt:161)
12-02 23:07:23.962  1864  1864 W System.err: 	at kotlinx.coroutines.CancellableContinuationImpl.dispatchResume(CancellableContinuationImpl.kt:397)
12-02 23:07:23.962  1864  1864 W System.err: 	at kotlinx.coroutines.CancellableContinuationImpl.cancel(CancellableContinuationImpl.kt:183)
12-02 23:07:23.962  1864  1864 W System.err: 	at kotlinx.coroutines.CancellableContinuationImpl.parentCancelled$kotlinx_coroutines_core(CancellableContinuationImpl.kt:190)
12-02 23:07:23.962  1864  1864 W System.err: 	at kotlinx.coroutines.ChildContinuation.invoke(JobSupport.kt:1474)
12-02 23:07:23.962  1864  1864 W System.err: 	at kotlinx.coroutines.JobSupport.notifyCancelling(JobSupport.kt:1499)
12-02 23:07:23.962  1864  1864 W System.err: 	at kotlinx.coroutines.JobSupport.tryMakeCancelling(JobSupport.kt:795)
12-02 23:07:23.962  1864  1864 W System.err: 	at kotlinx.coroutines.JobSupport.makeCancelling(JobSupport.kt:755)
12-02 23:07:23.962  1864  1864 W System.err: 	at kotlinx.coroutines.JobSupport.cancelImpl$kotlinx_coroutines_core(JobSupport.kt:671)
12-02 23:07:23.963  1864  1864 W System.err: 	at kotlinx.coroutines.JobSupport.parentCancelled(JobSupport.kt:637)
12-02 23:07:23.963  1864  1864 W System.err: 	at kotlinx.coroutines.ChildHandleNode.invoke(JobSupport.kt:1465)
12-02 23:07:23.963  1864  1864 W System.err: 	at kotlinx.coroutines.JobSupport.notifyCancelling(JobSupport.kt:1499)
12-02 23:07:23.963  1864  1864 W System.err: 	at kotlinx.coroutines.JobSupport.tryMakeCompletingSlowPath(JobSupport.kt:900)
12-02 23:07:23.963  1864  1864 W System.err: 	at kotlinx.coroutines.JobSupport.tryMakeCompleting(JobSupport.kt:863)
12-02 23:07:23.963  1864  1864 W System.err: 	at kotlinx.coroutines.JobSupport.cancelMakeCompleting(JobSupport.kt:696)
12-02 23:07:23.963  1864  1864 W System.err: 	at kotlinx.coroutines.JobSupport.cancelImpl$kotlinx_coroutines_core(JobSupport.kt:667)
12-02 23:07:23.963  1864  1864 W System.err: 	at kotlinx.coroutines.JobSupport.cancelInternal(JobSupport.kt:632)
12-02 23:07:23.964  1864  1864 W System.err: 	at kotlinx.coroutines.JobSupport.cancel(JobSupport.kt:617)
12-02 23:07:23.966  1864  1864 W System.err: 	at kotlinx.coroutines.JobKt__JobKt.cancel(Job.kt:561)
12-02 23:07:23.967  1864  1864 W System.err: 	at kotlinx.coroutines.JobKt.cancel(Unknown Source:1)
12-02 23:07:23.967  1864  1864 W System.err: 	at kotlinx.coroutines.JobKt__JobKt.cancel$default(Job.kt:560)
12-02 23:07:23.967  1864  1864 W System.err: 	at kotlinx.coroutines.JobKt.cancel$default(Unknown Source:1)
12-02 23:07:23.967  1864  1864 W System.err: 	at androidx.lifecycle.CloseableCoroutineScope.close(ViewModel.kt:51)
12-02 23:07:23.967  1864  1864 W System.err: 	at androidx.lifecycle.ViewModel.closeWithRuntimeException(ViewModel.java:188)
12-02 23:07:23.967  1864  1864 W System.err: 	at androidx.lifecycle.ViewModel.clear(ViewModel.java:134)
12-02 23:07:23.967  1864  1864 W System.err: 	at androidx.lifecycle.ViewModelStore.clear(ViewModelStore.java:62)
12-02 23:07:23.972  1864  1864 W System.err: 	at androidx.fragment.app.FragmentManagerViewModel.clearNonConfigStateInternal(FragmentManagerViewModel.java:210)
12-02 23:07:23.972  1864  1864 W System.err: 	at androidx.fragment.app.FragmentManagerViewModel.clearNonConfigState(FragmentManagerViewModel.java:190)
12-02 23:07:23.973  1864  1864 W System.err: 	at androidx.fragment.app.FragmentStateManager.destroy(FragmentStateManager.java:778)
12-02 23:07:23.973  1864  1864 W System.err: 	at androidx.fragment.app.FragmentStateManager.moveToExpectedState(FragmentStateManager.java:335)
12-02 23:07:23.973  1864  1864 W System.err: 	at androidx.fragment.app.FragmentStore.moveToExpectedState(FragmentStore.java:113)
12-02 23:07:23.973  1864  1864 W System.err: 	at androidx.fragment.app.FragmentManager.moveToState(FragmentManager.java:1374)
12-02 23:07:23.973  1864  1864 W System.err: 	at androidx.fragment.app.FragmentManager.dispatchStateChange(FragmentManager.java:2841)
12-02 23:07:23.974  1864  1864 W System.err: 	at androidx.fragment.app.FragmentManager.dispatchDestroy(FragmentManager.java:2820)
12-02 23:07:23.974  1864  1864 W System.err: 	at androidx.fragment.app.Fragment.performDestroy(Fragment.java:3246)
12-02 23:07:23.974  1864  1864 W System.err: 	at androidx.fragment.app.FragmentStateManager.destroy(FragmentStateManager.java:780)
12-02 23:07:23.974  1864  1864 W System.err: 	at androidx.fragment.app.FragmentStateManager.moveToExpectedState(FragmentStateManager.java:335)
12-02 23:07:23.978  1864  1864 W System.err: 	at androidx.fragment.app.SpecialEffectsController$FragmentStateManagerOperation.complete(SpecialEffectsController.java:771)
12-02 23:07:23.978  1864  1864 W System.err: 	at androidx.fragment.app.SpecialEffectsController$Operation.cancel(SpecialEffectsController.java:615)
12-02 23:07:23.978  1864  1864 W System.err: 	at androidx.fragment.app.SpecialEffectsController.forceCompleteAllOperations(SpecialEffectsController.java:350)
12-02 23:07:23.981  1864  1864 W System.err: 	at androidx.fragment.app.FragmentManager.dispatchStateChange(FragmentManager.java:2844)
12-02 23:07:23.982  1864  1864 W System.err: 	at androidx.fragment.app.FragmentManager.dispatchDestroy(FragmentManager.java:2820)
12-02 23:07:23.982  1864  1864 W System.err: 	at androidx.fragment.app.FragmentController.dispatchDestroy(FragmentController.java:345)
12-02 23:07:23.982  1864  1864 W System.err: 	at androidx.fragment.app.FragmentActivity.onDestroy(FragmentActivity.java:306)
12-02 23:07:23.983  1864  1864 W System.err: 	at androidx.appcompat.app.AppCompatActivity.onDestroy(AppCompatActivity.java:278)
12-02 23:07:23.983  1864  1864 W System.err: 	at android.app.Activity.performDestroy(Activity.java:8048)
12-02 23:07:23.983  1864  1864 W System.err: 	at android.app.Instrumentation.callActivityOnDestroy(Instrumentation.java:1334)
12-02 23:07:23.983  1864  1864 W System.err: 	at androidx.test.runner.MonitoringInstrumentation.callActivityOnDestroy(MonitoringInstrumentation.java:766)
12-02 23:07:23.983  1864  1864 W System.err: 	at android.app.ActivityThread.performDestroyActivity(ActivityThread.java:4926)
12-02 23:07:23.983  1864  1864 W System.err: 	at android.app.ActivityThread.handleDestroyActivity(ActivityThread.java:4970)
12-02 23:07:23.983  1864  1864 W System.err: 	at android.app.servertransaction.DestroyActivityItem.execute(DestroyActivityItem.java:44)
12-02 23:07:23.983  1864  1864 W System.err: 	at android.app.servertransaction.TransactionExecutor.executeLifecycleState(TransactionExecutor.java:176)
12-02 23:07:23.983  1864  1864 W System.err: 	at android.app.servertransaction.TransactionExecutor.execute(TransactionExecutor.java:97)
12-02 23:07:23.983  1864  1864 W System.err: 	at android.app.ActivityThread$H.handleMessage(ActivityThread.java:2016)
12-02 23:07:23.984  1864  1864 W System.err: 	at android.os.Handler.dispatchMessage(Handler.java:107)
12-02 23:07:23.984  1864  1864 W System.err: 	at android.os.Looper.loop(Looper.java:214)
12-02 23:07:23.984  1864  1864 W System.err: 	at android.app.ActivityThread.main(ActivityThread.java:7356)
12-02 23:07:23.984  1864  1864 W System.err: 	at java.lang.reflect.Method.invoke(Native Method)
12-02 23:07:23.984  1864  1864 W System.err: 	at com.android.internal.os.RuntimeInit$MethodAndArgsCaller.run(RuntimeInit.java:492)
12-02 23:07:23.984  1864  1864 W System.err: 	at com.android.internal.os.ZygoteInit.main(ZygoteInit.java:930)
12-02 23:07:23.992  1864  1864 W System.err: ru.iteco.fmhandroid.exceptions.UnknownException
12-02 23:07:23.992  1864  1864 W System.err: 	at ru.iteco.fmhandroid.utils.Utils.makeRequest(Utils.kt:123)
12-02 23:07:23.993  1864  1864 W System.err: 	at ru.iteco.fmhandroid.utils.Utils$makeRequest$1.invokeSuspend(Unknown Source:15)
12-02 23:07:23.993  1864  1864 W System.err: 	at kotlin.coroutines.jvm.internal.BaseContinuationImpl.resumeWith(ContinuationImpl.kt:33)
12-02 23:07:23.993  1864  1864 W System.err: 	at kotlinx.coroutines.DispatchedTaskKt.resume(DispatchedTask.kt:234)
12-02 23:07:23.993  1864  1864 W System.err: 	at kotlinx.coroutines.DispatchedTaskKt.resumeUnconfined(DispatchedTask.kt:190)
12-02 23:07:23.993  1864  1864 W System.err: 	at kotlinx.coroutines.DispatchedTaskKt.dispatch(DispatchedTask.kt:161)
12-02 23:07:23.993  1864  1864 W System.err: 	at kotlinx.coroutines.CancellableContinuationImpl.dispatchResume(CancellableContinuationImpl.kt:397)
12-02 23:07:23.993  1864  1864 W System.err: 	at kotlinx.coroutines.CancellableContinuationImpl.cancel(CancellableContinuationImpl.kt:183)
12-02 23:07:23.993  1864  1864 W System.err: 	at kotlinx.coroutines.CancellableContinuationImpl.parentCancelled$kotlinx_coroutines_core(CancellableContinuationImpl.kt:190)
12-02 23:07:23.993  1864  1864 W System.err: 	at kotlinx.coroutines.ChildContinuation.invoke(JobSupport.kt:1474)
12-02 23:07:23.993  1864  1864 W System.err: 	at kotlinx.coroutines.JobSupport.notifyCancelling(JobSupport.kt:1499)
12-02 23:07:23.993  1864  1864 W System.err: 	at kotlinx.coroutines.JobSupport.tryMakeCancelling(JobSupport.kt:795)
12-02 23:07:23.993  1864  1864 W System.err: 	at kotlinx.coroutines.JobSupport.makeCancelling(JobSupport.kt:755)
12-02 23:07:23.993  1864  1864 W System.err: 	at kotlinx.coroutines.JobSupport.cancelImpl$kotlinx_coroutines_core(JobSupport.kt:671)
12-02 23:07:23.993  1864  1864 W System.err: 	at kotlinx.coroutines.JobSupport.parentCancelled(JobSupport.kt:637)
12-02 23:07:23.993  1864  1864 W System.err: 	at kotlinx.coroutines.ChildHandleNode.invoke(JobSupport.kt:1465)
12-02 23:07:23.993  1864  1864 W System.err: 	at kotlinx.coroutines.JobSupport.notifyCancelling(JobSupport.kt:1499)
12-02 23:07:23.993  1864  1864 W System.err: 	at kotlinx.coroutines.JobSupport.tryMakeCompletingSlowPath(JobSupport.kt:900)
12-02 23:07:23.993  1864  1864 W System.err: 	at kotlinx.coroutines.JobSupport.tryMakeCompleting(JobSupport.kt:863)
12-02 23:07:23.993  1864  1864 W System.err: 	at kotlinx.coroutines.JobSupport.cancelMakeCompleting(JobSupport.kt:696)
12-02 23:07:23.993  1864  1864 W System.err: 	at kotlinx.coroutines.JobSupport.cancelImpl$kotlinx_coroutines_core(JobSupport.kt:667)
12-02 23:07:23.993  1864  1864 W System.err: 	at kotlinx.coroutines.JobSupport.cancelInternal(JobSupport.kt:632)
12-02 23:07:23.993  1864  1864 W System.err: 	at kotlinx.coroutines.JobSupport.cancel(JobSupport.kt:617)
12-02 23:07:23.993  1864  1864 W System.err: 	at kotlinx.coroutines.JobKt__JobKt.cancel(Job.kt:561)
12-02 23:07:23.993  1864  1864 W System.err: 	at kotlinx.coroutines.JobKt.cancel(Unknown Source:1)
12-02 23:07:23.993  1864  1864 W System.err: 	at kotlinx.coroutines.JobKt__JobKt.cancel$default(Job.kt:560)
12-02 23:07:23.993  1864  1864 W System.err: 	at kotlinx.coroutines.JobKt.cancel$default(Unknown Source:1)
12-02 23:07:23.993  1864  1864 W System.err: 	at androidx.lifecycle.CloseableCoroutineScope.close(ViewModel.kt:51)
12-02 23:07:23.993  1864  1864 W System.err: 	at androidx.lifecycle.ViewModel.closeWithRuntimeException(ViewModel.java:188)
12-02 23:07:23.993  1864  1864 W System.err: 	at androidx.lifecycle.ViewModel.clear(ViewModel.java:134)
12-02 23:07:23.993  1864  1864 W System.err: 	at androidx.lifecycle.ViewModelStore.clear(ViewModelStore.java:62)
12-02 23:07:23.994  1864  1864 W System.err: 	at androidx.fragment.app.FragmentManagerViewModel.clearNonConfigStateInternal(FragmentManagerViewModel.java:210)
12-02 23:07:23.994  1864  1864 W System.err: 	at androidx.fragment.app.FragmentManagerViewModel.clearNonConfigState(FragmentManagerViewModel.java:190)
12-02 23:07:23.994  1864  1864 W System.err: 	at androidx.fragment.app.FragmentStateManager.destroy(FragmentStateManager.java:778)
12-02 23:07:23.994  1864  1864 W System.err: 	at androidx.fragment.app.FragmentStateManager.moveToExpectedState(FragmentStateManager.java:335)
12-02 23:07:23.994  1864  1864 W System.err: 	at androidx.fragment.app.FragmentStore.moveToExpectedState(FragmentStore.java:113)
12-02 23:07:23.994  1864  1864 W System.err: 	at androidx.fragment.app.FragmentManager.moveToState(FragmentManager.java:1374)
12-02 23:07:23.994  1864  1864 W System.err: 	at androidx.fragment.app.FragmentManager.dispatchStateChange(FragmentManager.java:2841)
12-02 23:07:23.994  1864  1864 W System.err: 	at androidx.fragment.app.FragmentManager.dispatchDestroy(FragmentManager.java:2820)
12-02 23:07:23.994  1864  1864 W System.err: 	at androidx.fragment.app.Fragment.performDestroy(Fragment.java:3246)
12-02 23:07:23.995  1864  1864 W System.err: 	at androidx.fragment.app.FragmentStateManager.destroy(FragmentStateManager.java:780)
12-02 23:07:23.995  1864  1864 W System.err: 	at androidx.fragment.app.FragmentStateManager.moveToExpectedState(FragmentStateManager.java:335)
12-02 23:07:23.995  1864  1864 W System.err: 	at androidx.fragment.app.SpecialEffectsController$FragmentStateManagerOperation.complete(SpecialEffectsController.java:771)
12-02 23:07:23.995  1864  1864 W System.err: 	at androidx.fragment.app.SpecialEffectsController$Operation.cancel(SpecialEffectsController.java:615)
12-02 23:07:24.013  1864  1864 W System.err: 	at androidx.fragment.app.SpecialEffectsController.forceCompleteAllOperations(SpecialEffectsController.java:350)
12-02 23:07:24.013  1864  1864 W System.err: 	at androidx.fragment.app.FragmentManager.dispatchStateChange(FragmentManager.java:2844)
12-02 23:07:24.013  1864  1864 W System.err: 	at androidx.fragment.app.FragmentManager.dispatchDestroy(FragmentManager.java:2820)
12-02 23:07:24.013  1864  1864 W System.err: 	at androidx.fragment.app.FragmentController.dispatchDestroy(FragmentController.java:345)
12-02 23:07:24.013  1864  1864 W System.err: 	at androidx.fragment.app.FragmentActivity.onDestroy(FragmentActivity.java:306)
12-02 23:07:24.013  1864  1864 W System.err: 	at androidx.appcompat.app.AppCompatActivity.onDestroy(AppCompatActivity.java:278)
12-02 23:07:24.013  1864  1864 W System.err: 	at android.app.Activity.performDestroy(Activity.java:8048)
12-02 23:07:24.013  1864  1864 W System.err: 	at android.app.Instrumentation.callActivityOnDestroy(Instrumentation.java:1334)
12-02 23:07:24.013  1864  1864 W System.err: 	at androidx.test.runner.MonitoringInstrumentation.callActivityOnDestroy(MonitoringInstrumentation.java:766)
12-02 23:07:24.013  1864  1864 W System.err: 	at android.app.ActivityThread.performDestroyActivity(ActivityThread.java:4926)
12-02 23:07:24.013  1864  1864 W System.err: 	at android.app.ActivityThread.handleDestroyActivity(ActivityThread.java:4970)
12-02 23:07:24.013  1864  1864 W System.err: 	at android.app.servertransaction.DestroyActivityItem.execute(DestroyActivityItem.java:44)
12-02 23:07:24.013  1864  1864 W System.err: 	at android.app.servertransaction.TransactionExecutor.executeLifecycleState(TransactionExecutor.java:176)
12-02 23:07:24.013  1864  1864 W System.err: 	at android.app.servertransaction.TransactionExecutor.execute(TransactionExecutor.java:97)
12-02 23:07:24.014  1864  1864 W System.err: 	at android.app.ActivityThread$H.handleMessage(ActivityThread.java:2016)
12-02 23:07:24.014  1864  1864 W System.err: 	at android.os.Handler.dispatchMessage(Handler.java:107)
12-02 23:07:24.014  1864  1864 W System.err: 	at android.os.Looper.loop(Looper.java:214)
12-02 23:07:24.014  1864  1864 W System.err: 	at android.app.ActivityThread.main(ActivityThread.java:7356)
12-02 23:07:24.014  1864  1864 W System.err: 	at java.lang.reflect.Method.invoke(Native Method)
12-02 23:07:24.014  1864  1864 W System.err: 	at com.android.internal.os.RuntimeInit$MethodAndArgsCaller.run(RuntimeInit.java:492)
12-02 23:07:24.014  1864  1864 W System.err: 	at com.android.internal.os.ZygoteInit.main(ZygoteInit.java:930)
12-02 23:07:24.030  1864  1981 V FA      : Connection attempt already in progress
12-02 23:07:24.030  1864  1981 V FA      : Activity paused, time: 95274276
12-02 23:07:24.036  1864  1941 I teco.fmhandroi: Waiting for a blocking GC ProfileSaver
12-02 23:07:24.039  1864  1864 W System.err: ru.iteco.fmhandroid.exceptions.UnknownException
12-02 23:07:24.039  1864  1864 W System.err: 	at ru.iteco.fmhandroid.utils.Utils.makeRequest(Utils.kt:123)
12-02 23:07:24.039  1864  1864 W System.err: 	at ru.iteco.fmhandroid.utils.Utils$makeRequest$1.invokeSuspend(Unknown Source:15)
12-02 23:07:24.039  1864  1864 W System.err: 	at kotlin.coroutines.jvm.internal.BaseContinuationImpl.resumeWith(ContinuationImpl.kt:33)
12-02 23:07:24.039  1864  1864 W System.err: 	at kotlinx.coroutines.DispatchedTaskKt.resume(DispatchedTask.kt:234)
12-02 23:07:24.039  1864  1864 W System.err: 	at kotlinx.coroutines.DispatchedTaskKt.resumeUnconfined(DispatchedTask.kt:190)
12-02 23:07:24.040  1864  1864 W System.err: 	at kotlinx.coroutines.DispatchedTaskKt.dispatch(DispatchedTask.kt:161)
12-02 23:07:24.040  1864  1864 W System.err: 	at kotlinx.coroutines.CancellableContinuationImpl.dispatchResume(CancellableContinuationImpl.kt:397)
12-02 23:07:24.040  1864  1864 W System.err: 	at kotlinx.coroutines.CancellableContinuationImpl.cancel(CancellableContinuationImpl.kt:183)
12-02 23:07:24.040  1864  1864 W System.err: 	at kotlinx.coroutines.CancellableContinuationImpl.parentCancelled$kotlinx_coroutines_core(CancellableContinuationImpl.kt:190)
12-02 23:07:24.040  1864  1864 W System.err: 	at kotlinx.coroutines.ChildContinuation.invoke(JobSupport.kt:1474)
12-02 23:07:24.040  1864  1864 W System.err: 	at kotlinx.coroutines.JobSupport.notifyCancelling(JobSupport.kt:1499)
12-02 23:07:24.040  1864  1864 W System.err: 	at kotlinx.coroutines.JobSupport.tryMakeCancelling(JobSupport.kt:795)
12-02 23:07:24.040  1864  1864 W System.err: 	at kotlinx.coroutines.JobSupport.makeCancelling(JobSupport.kt:755)
12-02 23:07:24.040  1864  1864 W System.err: 	at kotlinx.coroutines.JobSupport.cancelImpl$kotlinx_coroutines_core(JobSupport.kt:671)
12-02 23:07:24.040  1864  1864 W System.err: 	at kotlinx.coroutines.JobSupport.parentCancelled(JobSupport.kt:637)
12-02 23:07:24.040  1864  1864 W System.err: 	at kotlinx.coroutines.ChildHandleNode.invoke(JobSupport.kt:1465)
12-02 23:07:24.040  1864  1864 W System.err: 	at kotlinx.coroutines.JobSupport.notifyCancelling(JobSupport.kt:1499)
12-02 23:07:24.041  1864  1864 W System.err: 	at kotlinx.coroutines.JobSupport.tryMakeCompletingSlowPath(JobSupport.kt:900)
12-02 23:07:24.041  1864  1864 W System.err: 	at kotlinx.coroutines.JobSupport.tryMakeCompleting(JobSupport.kt:863)
12-02 23:07:24.041  1864  1864 W System.err: 	at kotlinx.coroutines.JobSupport.cancelMakeCompleting(JobSupport.kt:696)
12-02 23:07:24.041  1864  1864 W System.err: 	at kotlinx.coroutines.JobSupport.cancelImpl$kotlinx_coroutines_core(JobSupport.kt:667)
12-02 23:07:24.041  1864  1864 W System.err: 	at kotlinx.coroutines.JobSupport.cancelInternal(JobSupport.kt:632)
12-02 23:07:24.041  1864  1864 W System.err: 	at kotlinx.coroutines.JobSupport.cancel(JobSupport.kt:617)
12-02 23:07:24.041  1864  1864 W System.err: 	at kotlinx.coroutines.JobKt__JobKt.cancel(Job.kt:561)
12-02 23:07:24.041  1864  1864 W System.err: 	at kotlinx.coroutines.JobKt.cancel(Unknown Source:1)
12-02 23:07:24.041  1864  1864 W System.err: 	at kotlinx.coroutines.JobKt__JobKt.cancel$default(Job.kt:560)
12-02 23:07:24.042  1864  1864 W System.err: 	at kotlinx.coroutines.JobKt.cancel$default(Unknown Source:1)
12-02 23:07:24.042  1864  1864 W System.err: 	at androidx.lifecycle.CloseableCoroutineScope.close(ViewModel.kt:51)
12-02 23:07:24.042  1864  1864 W System.err: 	at androidx.lifecycle.ViewModel.closeWithRuntimeException(ViewModel.java:188)
12-02 23:07:24.042  1864  1864 W System.err: 	at androidx.lifecycle.ViewModel.clear(ViewModel.java:134)
12-02 23:07:24.042  1864  1864 W System.err: 	at androidx.lifecycle.ViewModelStore.clear(ViewModelStore.java:62)
12-02 23:07:24.055  1864  1864 W System.err: 	at androidx.fragment.app.FragmentManagerViewModel.clearNonConfigStateInternal(FragmentManagerViewModel.java:210)
12-02 23:07:24.055  1864  1864 W System.err: 	at androidx.fragment.app.FragmentManagerViewModel.clearNonConfigState(FragmentManagerViewModel.java:190)
12-02 23:07:24.055  1864  1864 W System.err: 	at androidx.fragment.app.FragmentStateManager.destroy(FragmentStateManager.java:778)
12-02 23:07:24.056  1864  1864 W System.err: 	at androidx.fragment.app.FragmentStateManager.moveToExpectedState(FragmentStateManager.java:335)
12-02 23:07:24.056  1864  1864 W System.err: 	at androidx.fragment.app.FragmentStore.moveToExpectedState(FragmentStore.java:113)
12-02 23:07:24.056  1864  1864 W System.err: 	at androidx.fragment.app.FragmentManager.moveToState(FragmentManager.java:1374)
12-02 23:07:24.057  1864  1864 W System.err: 	at androidx.fragment.app.FragmentManager.dispatchStateChange(FragmentManager.java:2841)
12-02 23:07:24.057  1864  1864 W System.err: 	at androidx.fragment.app.FragmentManager.dispatchDestroy(FragmentManager.java:2820)
12-02 23:07:24.057  1864  1864 W System.err: 	at androidx.fragment.app.Fragment.performDestroy(Fragment.java:3246)
12-02 23:07:24.057  1864  1864 W System.err: 	at androidx.fragment.app.FragmentStateManager.destroy(FragmentStateManager.java:780)
12-02 23:07:24.057  1864  1864 W System.err: 	at androidx.fragment.app.FragmentStateManager.moveToExpectedState(FragmentStateManager.java:335)
12-02 23:07:24.057  1864  1864 W System.err: 	at androidx.fragment.app.SpecialEffectsController$FragmentStateManagerOperation.complete(SpecialEffectsController.java:771)
12-02 23:07:24.057  1864  1864 W System.err: 	at androidx.fragment.app.SpecialEffectsController$Operation.cancel(SpecialEffectsController.java:615)
12-02 23:07:24.057  1864  1864 W System.err: 	at androidx.fragment.app.SpecialEffectsController.forceCompleteAllOperations(SpecialEffectsController.java:350)
12-02 23:07:24.057  1864  1864 W System.err: 	at androidx.fragment.app.FragmentManager.dispatchStateChange(FragmentManager.java:2844)
12-02 23:07:24.057  1864  1864 W System.err: 	at androidx.fragment.app.FragmentManager.dispatchDestroy(FragmentManager.java:2820)
12-02 23:07:24.057  1864  1864 W System.err: 	at androidx.fragment.app.FragmentController.dispatchDestroy(FragmentController.java:345)
12-02 23:07:24.057  1864  1864 W System.err: 	at androidx.fragment.app.FragmentActivity.onDestroy(FragmentActivity.java:306)
12-02 23:07:24.057  1864  1864 W System.err: 	at androidx.appcompat.app.AppCompatActivity.onDestroy(AppCompatActivity.java:278)
12-02 23:07:24.058  1864  1864 W System.err: 	at android.app.Activity.performDestroy(Activity.java:8048)
12-02 23:07:24.059  1864  1864 W System.err: 	at android.app.Instrumentation.callActivityOnDestroy(Instrumentation.java:1334)
12-02 23:07:24.059  1864  1864 W System.err: 	at androidx.test.runner.MonitoringInstrumentation.callActivityOnDestroy(MonitoringInstrumentation.java:766)
12-02 23:07:24.059  1864  1864 W System.err: 	at android.app.ActivityThread.performDestroyActivity(ActivityThread.java:4926)
12-02 23:07:24.061  1864  1864 W System.err: 	at android.app.ActivityThread.handleDestroyActivity(ActivityThread.java:4970)
12-02 23:07:24.061  1864  1864 W System.err: 	at android.app.servertransaction.DestroyActivityItem.execute(DestroyActivityItem.java:44)
12-02 23:07:24.061  1864  1864 W System.err: 	at android.app.servertransaction.TransactionExecutor.executeLifecycleState(TransactionExecutor.java:176)
12-02 23:07:24.061  1864  1864 W System.err: 	at android.app.servertransaction.TransactionExecutor.execute(TransactionExecutor.java:97)
12-02 23:07:24.061  1864  1864 W System.err: 	at android.app.ActivityThread$H.handleMessage(ActivityThread.java:2016)
12-02 23:07:24.061  1864  1864 W System.err: 	at android.os.Handler.dispatchMessage(Handler.java:107)
12-02 23:07:24.061  1864  1864 W System.err: 	at android.os.Looper.loop(Looper.java:214)
12-02 23:07:24.061  1864  1864 W System.err: 	at android.app.ActivityThread.main(ActivityThread.java:7356)
12-02 23:07:24.061  1864  1864 W System.err: 	at java.lang.reflect.Method.invoke(Native Method)
12-02 23:07:24.061  1864  1864 W System.err: 	at com.android.internal.os.RuntimeInit$MethodAndArgsCaller.run(RuntimeInit.java:492)
12-02 23:07:24.061  1864  1864 W System.err: 	at com.android.internal.os.ZygoteInit.main(ZygoteInit.java:930)
12-02 23:07:24.076  1864  1909 I teco.fmhandroi: Background concurrent copying GC freed 114178(5387KB) AllocSpace objects, 1(16KB) LOS objects, 24% free, 18MB/24MB, paused 522us total 954.399ms
12-02 23:07:24.077  1864  1941 I teco.fmhandroi: WaitForGcToComplete blocked ProfileSaver on HeapTrim for 41.201ms
12-02 23:07:24.087  1864  1864 D LifecycleMonitor: Lifecycle status change: ru.iteco.fmhandroid.ui.AppActivity@b469448 in: DESTROYED
12-02 23:07:24.089  3139  3568 I MicroDetectionWorker: #startMicroDetector [speakerMode: 0]
12-02 23:07:24.097  3139  3568 W ErrorReporter: reportError [type: 211, code: 393244, bug: 0]: errorCode: 393244, engine: 0
12-02 23:07:24.104  3139  3568 I MicroDetector: Keeping mic open: false
12-02 23:07:24.104  3139  3568 I MicroDetectionWorker: #onError(false)
12-02 23:07:24.107  3139 31474 W LocationOracle: No location history returned by ContextManager
12-02 23:07:24.110  2010  6726 D EGL_emulation: eglCreateContext: 0xd856c500: maj 2 min 0 rcv 2
12-02 23:07:24.131  1864  1981 D FA      : Connected to remote service
12-02 23:07:24.131  1864  1981 V FA      : Processing queued up service tasks: 2
12-02 23:07:24.143  2010  6726 D EGL_emulation: eglMakeCurrent: 0xd856c500: ver 2 0 (tinfo 0xbf01f330)
12-02 23:07:24.189  2448  2466 I s.nexuslaunche: NativeAlloc concurrent copying GC freed 2869(210KB) AllocSpace objects, 0(0B) LOS objects, 49% free, 2770KB/5540KB, paused 434us total 473.260ms
12-02 23:07:24.192  2448  2468 W System  : A resource failed to call release. 
12-02 23:07:24.193  2448  2468 W System  : A resource failed to call release. 
12-02 23:07:24.293  2584  3588 E WakeLock: GCM_CONN_ALARM ** IS FORCE-RELEASED ON TIMEOUT **
12-02 23:07:24.340  2881  2190 V FA-SVC  : Logging event: origin=auto,name=user_engagement(_e),params=Bundle[{ga_event_origin(_o)=auto, engagement_time_msec(_et)=36307, ga_screen_class(_sc)=AppActivity, ga_screen_id(_si)=4083891225062200015}]
12-02 23:07:24.402  2881  2190 V FA-SVC  : Upload scheduled in approximately ms: 1265083
12-02 23:07:24.402  2881  2190 V FA-SVC  : Unscheduling upload
12-02 23:07:24.429  2169  2187 I ndroid.systemu: NativeAlloc concurrent copying GC freed 59502(3322KB) AllocSpace objects, 0(0B) LOS objects, 49% free, 5948KB/11MB, paused 709us total 704.356ms
12-02 23:07:24.433  2881  2190 V FA-SVC  : Scheduling upload, millis: 1265083
12-02 23:07:24.436  2881  2190 V FA-SVC  : Background event processing time, ms: 101
12-02 23:07:24.493  2584  1592 E SQLiteDatabase: Error inserting flex_time=1265000 job_id=-1 period=2531000 source=16 requires_charging=0 preferred_network_type=1 target_class=com.google.android.gms.measurement.PackageMeasurementTaskService user_id=0 target_package=com.google.android.gms tag=Measurement.PackageMeasurementTaskService.UPLOAD_TASK_TAG task_type=0 required_idleness_state=0 service_kind=0 source_version=202414000 persistence_level=1 preferred_charging_state=1 required_network_type=0 runtime=1670011644460 retry_strategy={"maximum_backoff_seconds":{"3600":0},"initial_backoff_seconds":{"30":0},"retry_policy":{"0":0}} last_runtime=0
12-02 23:07:24.493  2584  1592 E SQLiteDatabase: android.database.sqlite.SQLiteConstraintException: UNIQUE constraint failed: pending_ops.tag, pending_ops.target_class, pending_ops.target_package, pending_ops.user_id (code 2067 SQLITE_CONSTRAINT_UNIQUE)
12-02 23:07:24.493  2584  1592 E SQLiteDatabase: 	at android.database.sqlite.SQLiteConnection.nativeExecuteForLastInsertedRowId(Native Method)
12-02 23:07:24.493  2584  1592 E SQLiteDatabase: 	at android.database.sqlite.SQLiteConnection.executeForLastInsertedRowId(SQLiteConnection.java:879)
12-02 23:07:24.493  2584  1592 E SQLiteDatabase: 	at android.database.sqlite.SQLiteSession.executeForLastInsertedRowId(SQLiteSession.java:790)
12-02 23:07:24.493  2584  1592 E SQLiteDatabase: 	at android.database.sqlite.SQLiteStatement.executeInsert(SQLiteStatement.java:88)
12-02 23:07:24.493  2584  1592 E SQLiteDatabase: 	at android.database.sqlite.SQLiteDatabase.insertWithOnConflict(SQLiteDatabase.java:1599)
12-02 23:07:24.493  2584  1592 E SQLiteDatabase: 	at android.database.sqlite.SQLiteDatabase.insert(SQLiteDatabase.java:1468)
12-02 23:07:24.493  2584  1592 E SQLiteDatabase: 	at aqui.a(:com.google.android.gms@202414022@20.24.14 (040700-319035315):175)
12-02 23:07:24.493  2584  1592 E SQLiteDatabase: 	at aqtk.a(:com.google.android.gms@202414022@20.24.14 (040700-319035315):182)
12-02 23:07:24.493  2584  1592 E SQLiteDatabase: 	at aqtk.a(:com.google.android.gms@202414022@20.24.14 (040700-319035315):23)
12-02 23:07:24.493  2584  1592 E SQLiteDatabase: 	at aqtk.a(:com.google.android.gms@202414022@20.24.14 (040700-319035315):177)
12-02 23:07:24.493  2584  1592 E SQLiteDatabase: 	at aqpu.run(:com.google.android.gms@202414022@20.24.14 (040700-319035315):9)
12-02 23:07:24.493  2584  1592 E SQLiteDatabase: 	at soy.b(:com.google.android.gms@202414022@20.24.14 (040700-319035315):12)
12-02 23:07:24.493  2584  1592 E SQLiteDatabase: 	at soy.run(:com.google.android.gms@202414022@20.24.14 (040700-319035315):7)
12-02 23:07:24.493  2584  1592 E SQLiteDatabase: 	at java.util.concurrent.ThreadPoolExecutor.runWorker(ThreadPoolExecutor.java:1167)
12-02 23:07:24.493  2584  1592 E SQLiteDatabase: 	at java.util.concurrent.ThreadPoolExecutor$Worker.run(ThreadPoolExecutor.java:641)
12-02 23:07:24.493  2584  1592 E SQLiteDatabase: 	at sux.run(:com.google.android.gms@202414022@20.24.14 (040700-319035315):0)
12-02 23:07:24.493  2584  1592 E SQLiteDatabase: 	at java.lang.Thread.run(Thread.java:919)
12-02 23:07:24.607  2584  2114 I NetworkManagementSocketTagger: tagSocketFd(-1, 536871943, -1) failed with errno-9
12-02 23:07:24.630  2584  3808 W GCoreFlp: No location to return for getLastLocation()
12-02 23:07:24.693  1772  1772 D gralloc_ranchu: gralloc_alloc: Creating ashmem region of size 14749696
12-02 23:07:24.706  2584  1592 W ctxmgr  : [AclManager] No 3 for (accnt=account#-517948760#, com.google.android.gms(10114):UserVelocityProducer, vrsn=202414022, 0, 3pPkg = null ,  3pMdlId = null ,  pid = 2584). Was: 3 for 1, account#-517948760# [CONTEXT service_id=47 ]
12-02 23:07:24.738  2584  3808 W GCoreFlp: No location to return for getLastLocation()
12-02 23:07:24.806  2584  2066 I LogUtils: [Places]: ?: Couldn't find platform key file. [CONTEXT service_id=253 ]
12-02 23:07:24.896  2584  2584 I GeofencerStateMachine: removeGeofences: removeRequest=RemoveGeofencingRequest[REMOVE_BY_PENDING_INTENT pendingIntent=PendingIntent[creatorPackage=com.google.android.gms], packageName=com.google.android.gms]
12-02 23:07:24.900  2584  2584 I GeofencerStateMachine: removeGeofences: removeRequest=RemoveGeofencingRequest[REMOVE_BY_PENDING_INTENT pendingIntent=PendingIntent[creatorPackage=com.google.android.gms], packageName=com.google.android.gms]
12-02 23:07:24.912  2584  2192 I PlacesLogger: [PlaceInferenceEngine]: [anon] Changed inference mode: 0 [CONTEXT service_id=253 ]
12-02 23:07:24.914  2584  2067 I LogUtils: [Places]: ?: Couldn't find platform key file. [CONTEXT service_id=253 ]
12-02 23:07:24.917  2584  2193 I LogUtils: [Places]: ?: Couldn't find platform key file. [CONTEXT service_id=253 ]
12-02 23:07:24.931  2584  3808 W GCoreFlp: No location to return for getLastLocation()
12-02 23:07:25.031  2584  2066 I LogUtils: [Places]: ?: Couldn't find platform key file. [CONTEXT service_id=253 ]
12-02 23:07:25.104  2584  1592 I ctxmgr  : [ProducerStatusImpl] updateStateForNewContextData: inactive, contextName=7 [CONTEXT service_id=47 ]
12-02 23:07:25.164  2584  3808 W GCoreFlp: No location to return for getLastLocation()
12-02 23:07:25.216  2584  1592 I LogUtils: [Places]: ?: Couldn't find platform key file. [CONTEXT service_id=253 ]
12-02 23:07:25.252  2584  2066 I LogUtils: [Places]: ?: Couldn't find platform key file. [CONTEXT service_id=253 ]
12-02 23:07:25.290  2584  2192 I LogUtils: [Places]: ?: PlacesBleScanner start() with priority 2 [CONTEXT service_id=253 ]
12-02 23:07:25.290  2584  2192 I PlacesLogger: [PlaceInferenceEngine]: [anon] Changed inference mode: 1 [CONTEXT service_id=253 ]
12-02 23:07:25.314  2584  2584 E BeaconBle: Missing BluetoothAdapter [CONTEXT service_id=111 ]
12-02 23:07:25.316  2584  2584 I BeaconBle: BLE 'KK+' software access layer enabled [CONTEXT service_id=111 ]
12-02 23:07:25.317  2584  3808 W GCoreFlp: No location to return for getLastLocation()
12-02 23:07:25.340  2584  2584 I BeaconBle: Client requested scan, settings=BleSettings [scanMode=ZERO_POWER, callbackType=ALL_MATCHES, reportDelayMillis=0, 1 filters, 0 clients, callingClientName=Places] [CONTEXT service_id=111 ]
12-02 23:07:25.341  2584  2584 I BeaconBle: Scan : No clients left, canceling alarm. [CONTEXT service_id=111 ]
12-02 23:07:25.343  2584  2584 E BeaconBle: Scan couldn't start for Places [CONTEXT service_id=111 ]
12-02 23:07:25.343  2584  2584 W Places  : BLE failure while scanning - code 5
12-02 23:07:25.479  2584  2195 E WakeLock: GCM_CONN_ALARM release without a matched acquire!
12-02 23:07:25.479  2584  2195 W WakeLock: GCM_CONN_ALARM counter does not exist
12-02 23:07:25.671  2010  9089 D WificondControl: Scan result ready event
12-02 23:07:25.748  1772  1772 D gralloc_ranchu: gralloc_alloc: Creating ashmem region of size 14749696
12-02 23:07:26.008  1750  1750 W audio_hw_generic: Not supplying enough data to HAL, expected position 441993085 , only wrote 441756876
12-02 23:07:26.032  1864  1981 D FA      : Application going to the background
12-02 23:07:26.043  2010  2025 I system_server: NativeAlloc concurrent copying GC freed 94104(3787KB) AllocSpace objects, 21(628KB) LOS objects, 21% free, 21MB/27MB, paused 402us total 2.067s
12-02 23:07:26.091  2881  2190 V FA-SVC  : Logging event: origin=auto,name=app_background(_ab),params=Bundle[{ga_event_origin(_o)=auto}]
12-02 23:07:26.100  2881  2190 V FA-SVC  : Upload scheduled in approximately ms: 1263385
12-02 23:07:26.100  2881  2190 V FA-SVC  : Unscheduling upload
12-02 23:07:26.103  2881  2190 V FA-SVC  : Scheduling upload, millis: 1263385
12-02 23:07:26.104  2881  2190 V FA-SVC  : Background event processing time, ms: 14
12-02 23:07:26.119  2584  2066 E SQLiteDatabase: Error inserting flex_time=1263000 job_id=-1 period=2527000 source=16 requires_charging=0 preferred_network_type=1 target_class=com.google.android.gms.measurement.PackageMeasurementTaskService user_id=0 target_package=com.google.android.gms tag=Measurement.PackageMeasurementTaskService.UPLOAD_TASK_TAG task_type=0 required_idleness_state=0 service_kind=0 source_version=202414000 persistence_level=1 preferred_charging_state=1 required_network_type=0 runtime=1670011646117 retry_strategy={"maximum_backoff_seconds":{"3600":0},"initial_backoff_seconds":{"30":0},"retry_policy":{"0":0}} last_runtime=0
12-02 23:07:26.119  2584  2066 E SQLiteDatabase: android.database.sqlite.SQLiteConstraintException: UNIQUE constraint failed: pending_ops.tag, pending_ops.target_class, pending_ops.target_package, pending_ops.user_id (code 2067 SQLITE_CONSTRAINT_UNIQUE)
12-02 23:07:26.119  2584  2066 E SQLiteDatabase: 	at android.database.sqlite.SQLiteConnection.nativeExecuteForLastInsertedRowId(Native Method)
12-02 23:07:26.119  2584  2066 E SQLiteDatabase: 	at android.database.sqlite.SQLiteConnection.executeForLastInsertedRowId(SQLiteConnection.java:879)
12-02 23:07:26.119  2584  2066 E SQLiteDatabase: 	at android.database.sqlite.SQLiteSession.executeForLastInsertedRowId(SQLiteSession.java:790)
12-02 23:07:26.119  2584  2066 E SQLiteDatabase: 	at android.database.sqlite.SQLiteStatement.executeInsert(SQLiteStatement.java:88)
12-02 23:07:26.119  2584  2066 E SQLiteDatabase: 	at android.database.sqlite.SQLiteDatabase.insertWithOnConflict(SQLiteDatabase.java:1599)
12-02 23:07:26.119  2584  2066 E SQLiteDatabase: 	at android.database.sqlite.SQLiteDatabase.insert(SQLiteDatabase.java:1468)
12-02 23:07:26.119  2584  2066 E SQLiteDatabase: 	at aqui.a(:com.google.android.gms@202414022@20.24.14 (040700-319035315):175)
12-02 23:07:26.119  2584  2066 E SQLiteDatabase: 	at aqtk.a(:com.google.android.gms@202414022@20.24.14 (040700-319035315):182)
12-02 23:07:26.119  2584  2066 E SQLiteDatabase: 	at aqtk.a(:com.google.android.gms@202414022@20.24.14 (040700-319035315):23)
12-02 23:07:26.119  2584  2066 E SQLiteDatabase: 	at aqtk.a(:com.google.android.gms@202414022@20.24.14 (040700-319035315):177)
12-02 23:07:26.119  2584  2066 E SQLiteDatabase: 	at aqpu.run(:com.google.android.gms@202414022@20.24.14 (040700-319035315):9)
12-02 23:07:26.119  2584  2066 E SQLiteDatabase: 	at soy.b(:com.google.android.gms@202414022@20.24.14 (040700-319035315):12)
12-02 23:07:26.119  2584  2066 E SQLiteDatabase: 	at soy.run(:com.google.android.gms@202414022@20.24.14 (040700-319035315):7)
12-02 23:07:26.119  2584  2066 E SQLiteDatabase: 	at java.util.concurrent.ThreadPoolExecutor.runWorker(ThreadPoolExecutor.java:1167)
12-02 23:07:26.119  2584  2066 E SQLiteDatabase: 	at java.util.concurrent.ThreadPoolExecutor$Worker.run(ThreadPoolExecutor.java:641)
12-02 23:07:26.119  2584  2066 E SQLiteDatabase: 	at sux.run(:com.google.android.gms@202414022@20.24.14 (040700-319035315):0)
12-02 23:07:26.119  2584  2066 E SQLiteDatabase: 	at java.lang.Thread.run(Thread.java:919)
12-02 23:07:26.282  1864  1989 E TestRunner: failed: shouldFilterClaimsWithStatusOpenAndOpenAndCanceled(ru.iteco.fmhandroid.ui.FilterClaimsPageTest)
12-02 23:07:26.282  1864  1989 E TestRunner: ----- begin exception -----
12-02 23:07:26.285  1864  1989 E TestRunner: androidx.test.espresso.PerformException: Error performing 'scroll RecyclerView to: holder with view: (view is an instance of android.view.ViewGroup and has descendant matching an instance of android.widget.TextView and view.getText() with or without transformation to match: is "Закрыта 027be1cd-ab75-4d92-97ab-77d69258bb8f")' on view 'view.getId() is <2131230916/ru.iteco.fmhandroid:id/claim_list_recycler_view>'.
12-02 23:07:26.285  1864  1989 E TestRunner: 	at androidx.test.espresso.PerformException$Builder.build(PerformException.java:1)
12-02 23:07:26.285  1864  1989 E TestRunner: 	at androidx.test.espresso.base.PerformExceptionHandler.handleSafely(PerformExceptionHandler.java:8)
12-02 23:07:26.285  1864  1989 E TestRunner: 	at androidx.test.espresso.base.PerformExceptionHandler.handleSafely(PerformExceptionHandler.java:9)
12-02 23:07:26.285  1864  1989 E TestRunner: 	at androidx.test.espresso.base.DefaultFailureHandler$TypedFailureHandler.handle(DefaultFailureHandler.java:4)
12-02 23:07:26.285  1864  1989 E TestRunner: 	at androidx.test.espresso.base.DefaultFailureHandler.handle(DefaultFailureHandler.java:5)
12-02 23:07:26.285  1864  1989 E TestRunner: 	at androidx.test.espresso.ViewInteraction.waitForAndHandleInteractionResults(ViewInteraction.java:8)
12-02 23:07:26.285  1864  1989 E TestRunner: 	at androidx.test.espresso.ViewInteraction.desugaredPerform(ViewInteraction.java:11)
12-02 23:07:26.285  1864  1989 E TestRunner: 	at androidx.test.espresso.ViewInteraction.perform(ViewInteraction.java:8)
12-02 23:07:26.285  1864  1989 E TestRunner: 	at ru.iteco.fmhandroid.ui.steps.ClaimsPageSteps.scrollToElementInRecyclerList(ClaimsPageSteps.java:128)
12-02 23:07:26.285  1864  1989 E TestRunner: 	at ru.iteco.fmhandroid.ui.steps.ClaimsPageSteps.openClaimCard(ClaimsPageSteps.java:151)
12-02 23:07:26.285  1864  1989 E TestRunner: 	at ru.iteco.fmhandroid.ui.FilterClaimsPageTest.shouldFilterClaimsWithStatusOpenAndOpenAndCanceled(FilterClaimsPageTest.java:398)
12-02 23:07:26.285  1864  1989 E TestRunner: 	at java.lang.reflect.Method.invoke(Native Method)
12-02 23:07:26.285  1864  1989 E TestRunner: 	at org.junit.runners.model.FrameworkMethod$1.runReflectiveCall(FrameworkMethod.java:59)
12-02 23:07:26.285  1864  1989 E TestRunner: 	at org.junit.internal.runners.model.ReflectiveCallable.run(ReflectiveCallable.java:12)
12-02 23:07:26.285  1864  1989 E TestRunner: 	at org.junit.runners.model.FrameworkMethod.invokeExplosively(FrameworkMethod.java:56)
12-02 23:07:26.285  1864  1989 E TestRunner: 	at org.junit.internal.runners.statements.InvokeMethod.evaluate(InvokeMethod.java:17)
12-02 23:07:26.285  1864  1989 E TestRunner: 	at androidx.test.internal.runner.junit4.statement.RunBefores.evaluate(RunBefores.java:80)
12-02 23:07:26.285  1864  1989 E TestRunner: 	at androidx.test.rule.ActivityTestRule$ActivityStatement.evaluate(ActivityTestRule.java:543)
12-02 23:07:26.285  1864  1989 E TestRunner: 	at io.qameta.allure.android.rules.LogcatRule$apply$1.evaluate(LogcatRule.kt:23)
12-02 23:07:26.285  1864  1989 E TestRunner: 	at io.qameta.allure.android.rules.ScreenshotRule$apply$1.evaluate(ScreenshotRule.kt:22)
12-02 23:07:26.285  1864  1989 E TestRunner: 	at io.qameta.allure.android.rules.ScreenshotRule$apply$1.evaluate(ScreenshotRule.kt:22)
12-02 23:07:26.285  1864  1989 E TestRunner: 	at org.junit.rules.RunRules.evaluate(RunRules.java:20)
12-02 23:07:26.285  1864  1989 E TestRunner: 	at org.junit.runners.ParentRunner$3.evaluate(ParentRunner.java:306)
12-02 23:07:26.285  1864  1989 E TestRunner: 	at org.junit.runners.BlockJUnit4ClassRunner$1.evaluate(BlockJUnit4ClassRunner.java:100)
12-02 23:07:26.285  1864  1989 E TestRunner: 	at org.junit.runners.ParentRunner.runLeaf(ParentRunner.java:366)
12-02 23:07:26.285  1864  1989 E TestRunner: 	at org.junit.runners.BlockJUnit4ClassRunner.runChild(BlockJUnit4ClassRunner.java:103)
12-02 23:07:26.285  1864  1989 E TestRunner: 	at org.junit.runners.BlockJUnit4ClassRunner.runChild(BlockJUnit4ClassRunner.java:63)
12-02 23:07:26.285  1864  1989 E TestRunner: 	at org.junit.runners.ParentRunner$4.run(ParentRunner.java:331)
12-02 23:07:26.285  1864  1989 E TestRunner: 	at org.junit.runners.ParentRunner$1.schedule(ParentRunner.java:79)
12-02 23:07:26.285  1864  1989 E TestRunner: 	at org.junit.runners.ParentRunner.runChildren(ParentRunner.java:329)
12-02 23:07:26.285  1864  1989 E TestRunner: 	at org.junit.runners.ParentRunner.access$100(ParentRunner.java:66)
12-02 23:07:26.285  1864  1989 E TestRunner: 	at org.junit.runners.ParentRunner$2.evaluate(ParentRunner.java:293)
12-02 23:07:26.285  1864  1989 E TestRunner: 	at org.junit.runners.ParentRunner$3.evaluate(ParentRunner.java:306)
12-02 23:07:26.285  1864  1989 E TestRunner: 	at org.junit.runners.ParentRunner.run(ParentRunner.java:413)
12-02 23:07:26.285  1864  1989 E TestRunner: 	at androidx.test.ext.junit.runners.AndroidJUnit4.run(AndroidJUnit4.java:162)
12-02 23:07:26.285  1864  1989 E TestRunner: 	at io.qameta.allure.android.runners.AllureAndroidJUnit4.run(AllureAndroidJUnitRunners.kt:29)
12-02 23:07:26.285  1864  1989 E TestRunner: 	at org.junit.runners.Suite.runChild(Suite.java:128)
12-02 23:07:26.285  1864  1989 E TestRunner: 	at org.junit.runners.Suite.runChild(Suite.java:27)
12-02 23:07:26.285  1864  1989 E TestRunner: 	at org.junit.runners.ParentRunner$4.run(ParentRunner.java:331)
12-02 23:07:26.285  1864  1989 E TestRunner: 	at org.junit.runners.ParentRunner$1.schedule(ParentRunner.java:79)
12-02 23:07:26.285  1864  1989 E TestRunner: 	at org.junit.runners.ParentRunner.runChildren(ParentRunner.java:329)
12-02 23:07:26.285  1864  1989 E TestRunner: 	at org.junit.runners.ParentRunner.access$100(ParentRunner.java:66)
12-02 23:07:26.285  1864  1989 E TestRunner: 	at org.junit.runners.ParentRunner$2.evaluate(ParentRunner.java:293)
12-02 23:07:26.285  1864  1989 E TestRunner: 	at org.junit.runners.ParentRunner$3.evaluate(ParentRunner.java:306)
12-02 23:07:26.285  1864  1989 E TestRunner: 	at org.junit.runners.ParentRunner.run(ParentRunner.java:413)
12-02 23:07:26.285  1864  1989 E TestRunner: 	at org.junit.runner.JUnitCore.run(JUnitCore.
12-02 23:07:26.286  1864  1989 E TestRunner: ----- end exception -----
12-02 23:07:26.294  1864  1989 I TestRunner: finished: shouldFilterClaimsWithStatusOpenAndOpenAndCanceled(ru.iteco.fmhandroid.ui.FilterClaimsPageTest)
12-02 23:07:26.571  1864  1989 I TestRunner: started: shouldFilterClaimsWithStatusOpenAndInProgress(ru.iteco.fmhandroid.ui.FilterClaimsPageTest)
12-02 23:07:26.616  1864  1989 W ActivityTestRule: getActivityIntent() returned null using default: Intent(Intent.ACTION_MAIN)
12-02 23:07:26.622  2010  9089 I ActivityTaskManager: START u0 {act=android.intent.action.MAIN flg=0x10000000 cmp=ru.iteco.fmhandroid/.ui.AppActivity} from uid 10159
12-02 23:07:26.660  2010  6092 W InputReader: Device has associated, but no associated display id.
12-02 23:07:26.666  2010  6092 I chatty  : uid=1000(system) Binder:2010_16 identical 38 lines
12-02 23:07:26.666  2010  6092 W InputReader: Device has associated, but no associated display id.
12-02 23:07:26.666  1864  1864 W ActivityThread: handleWindowVisibility: no activity for token android.os.BinderProxy@8a8062d
12-02 23:07:26.691  1864  1864 D LifecycleMonitor: Lifecycle status change: ru.iteco.fmhandroid.ui.AppActivity@fabd829 in: PRE_ON_CREATE
12-02 23:07:26.696  1864  1971 V FA      : onActivityCreated
12-02 23:07:26.709  2010  2037 E system_server: Invalid ID 0x00000000.
12-02 23:07:26.713  1864  1864 D LifecycleMonitor: Lifecycle status change: ru.iteco.fmhandroid.ui.AppActivity@fabd829 in: CREATED
12-02 23:07:26.739  1772  1772 D gralloc_ranchu: gralloc_alloc: Creating ashmem region of size 14749696
12-02 23:07:26.743  1864  1864 D LifecycleMonitor: Lifecycle status change: ru.iteco.fmhandroid.ui.AppActivity@fabd829 in: STARTED
12-02 23:07:26.745  1864  1864 D LifecycleMonitor: Lifecycle status change: ru.iteco.fmhandroid.ui.AppActivity@fabd829 in: RESUMED
12-02 23:07:26.748  1864  1981 V FA      : Activity resumed, time: 95277744
12-02 23:07:26.812  1772  1772 D gralloc_ranchu: gralloc_alloc: Creating ashmem region of size 14749696
12-02 23:07:26.820  1772  1772 I chatty  : uid=1000(system) allocator@2.0-s identical 1 line
12-02 23:07:26.822  1772  1772 D gralloc_ranchu: gralloc_alloc: Creating ashmem region of size 14749696
12-02 23:07:26.824  1864  2003 D EGL_emulation: eglMakeCurrent: 0xdb91b3e0: ver 2 0 (tinfo 0xdb98eb00)
