12-06 15:52:23.297 15549 15549 I ViewInteraction: Performing 'wait for a specific view with <an instance of android.widget.TextView and view.getText() with or without transformation to match: is "Log out"> during 10000 millis.' action on view view.getRootView() to equal view
12-06 15:52:23.300 15549 15549 I ViewInteraction: Checking 'MatchesViewAssertion{viewMatcher=(view has effective visibility <VISIBLE> and view.getGlobalVisibleRect() to return non-empty rectangle)}' assertion on view an instance of android.widget.TextView and view.getText() with or without transformation to match: is "Log out"
12-06 15:52:23.303 15549 15549 I ViewInteraction: Performing 'single click' action on view an instance of android.widget.TextView and view.getText() with or without transformation to match: is "Log out"
12-06 15:52:23.606 15549 15640 D EGL_emulation: eglMakeCurrent: 0xdd81b260: ver 2 0 (tinfo 0xc31f3b10)
12-06 15:52:23.652 15549 15640 D EGL_emulation: eglMakeCurrent: 0xdd81b260: ver 2 0 (tinfo 0xc31f3b10)
12-06 15:52:23.746 15549 15666 W teco.fmhandroi: Accessing hidden method Lsun/misc/Unsafe;->compareAndSwapObject(Ljava/lang/Object;JLjava/lang/Object;Ljava/lang/Object;)Z (greylist, linking, allowed)
12-06 15:52:23.749 15549 15549 I ViewInteraction: Performing 'wait for a specific view with <(an instance of android.widget.TextView and view.getText() with or without transformation to match: is "Authorization" and view.getParent() view.getParent() view.getId() is <2131231186>)> during 10000 millis.' action on view view.getRootView() to equal view
12-06 15:52:23.751 15549 15593 W teco.fmhandroi: Accessing hidden method Lsun/misc/Unsafe;->compareAndSwapObject(Ljava/lang/Object;JLjava/lang/Object;Ljava/lang/Object;)Z (greylist, linking, allowed)
12-06 15:52:23.754 15549 15549 I ViewInteraction: Checking 'MatchesViewAssertion{viewMatcher=(view has effective visibility <VISIBLE> and view.getGlobalVisibleRect() to return non-empty rectangle)}' assertion on view (an instance of android.widget.TextView and view.getText() with or without transformation to match: is "Authorization" and view.getParent() view.getParent() view.getId() is <2131231186/ru.iteco.fmhandroid:id/nav_host_fragment>)
12-06 15:52:23.756 15549 15593 W teco.fmhandroi: Accessing hidden method Lsun/misc/Unsafe;->compareAndSwapObject(Ljava/lang/Object;JLjava/lang/Object;Ljava/lang/Object;)Z (greylist, linking, allowed)
12-06 15:52:23.759 15549 15549 I ViewInteraction: Performing 'wait for a specific view with <(an instance of android.widget.TextView and view.getHint() matching: is "Login" and view.getParent() view.getParent() view.getId() is <2131231121>)> during 10000 millis.' action on view view.getRootView() to equal view
12-06 15:52:23.761 15549 15593 W teco.fmhandroi: Accessing hidden method Lsun/misc/Unsafe;->compareAndSwapObject(Ljava/lang/Object;JLjava/lang/Object;Ljava/lang/Object;)Z (greylist, linking, allowed)
12-06 15:52:23.761 15549 15666 W teco.fmhandroi: Accessing hidden method Lsun/misc/Unsafe;->compareAndSwapObject(Ljava/lang/Object;JLjava/lang/Object;Ljava/lang/Object;)Z (greylist, linking, allowed)
12-06 15:52:23.763 15549 15549 I ViewInteraction: Checking 'MatchesViewAssertion{viewMatcher=(view has effective visibility <VISIBLE> and view.getGlobalVisibleRect() to return non-empty rectangle)}' assertion on view (an instance of android.widget.TextView and view.getHint() matching: is "Login" and view.getParent() view.getParent() view.getId() is <2131231121/ru.iteco.fmhandroid:id/login_text_input_layout>)
12-06 15:52:23.780 15549 15593 W teco.fmhandroi: Accessing hidden method Lsun/misc/Unsafe;->compareAndSwapObject(Ljava/lang/Object;JLjava/lang/Object;Ljava/lang/Object;)Z (greylist, linking, allowed)
12-06 15:52:23.783 15549 15549 I ViewInteraction: Performing 'wait for a specific view with <(an instance of android.widget.TextView and view.getHint() matching: is "Password" and view.getParent() view.getParent() view.getId() is <2131231264>)> during 10000 millis.' action on view view.getRootView() to equal view
12-06 15:52:23.786 15549 15593 W teco.fmhandroi: Accessing hidden method Lsun/misc/Unsafe;->compareAndSwapObject(Ljava/lang/Object;JLjava/lang/Object;Ljava/lang/Object;)Z (greylist, linking, allowed)
12-06 15:52:23.786 15549 15666 W teco.fmhandroi: Accessing hidden method Lsun/misc/Unsafe;->compareAndSwapObject(Ljava/lang/Object;JLjava/lang/Object;Ljava/lang/Object;)Z (greylist, linking, allowed)
12-06 15:52:23.789 15549 15549 I ViewInteraction: Checking 'MatchesViewAssertion{viewMatcher=(view has effective visibility <VISIBLE> and view.getGlobalVisibleRect() to return non-empty rectangle)}' assertion on view (an instance of android.widget.TextView and view.getHint() matching: is "Password" and view.getParent() view.getParent() view.getId() is <2131231264/ru.iteco.fmhandroid:id/password_text_input_layout>)
12-06 15:52:23.790 15549 15593 W teco.fmhandroi: Accessing hidden method Lsun/misc/Unsafe;->compareAndSwapObject(Ljava/lang/Object;JLjava/lang/Object;Ljava/lang/Object;)Z (greylist, linking, allowed)
12-06 15:52:23.792 15549 15549 I ViewInteraction: Performing 'wait for a specific view with <(view.getId() is <2131231039> and an instance of android.widget.TextView and view.getText() with or without transformation to match: is "SIGN IN" and view.getContentDescription() is "Save" and view.getParent() view.getParent() an instance of android.widget.RelativeLayout)> during 10000 millis.' action on view view.getRootView() to equal view
12-06 15:52:23.794 15549 15593 W teco.fmhandroi: Accessing hidden method Lsun/misc/Unsafe;->compareAndSwapObject(Ljava/lang/Object;JLjava/lang/Object;Ljava/lang/Object;)Z (greylist, linking, allowed)
12-06 15:52:23.796 15549 15549 I ViewInteraction: Checking 'MatchesViewAssertion{viewMatcher=(view has effective visibility <VISIBLE> and view.getGlobalVisibleRect() to return non-empty rectangle)}' assertion on view (view.getId() is <2131231039/ru.iteco.fmhandroid:id/enter_button> and an instance of android.widget.TextView and view.getText() with or without transformation to match: is "SIGN IN" and view.getContentDescription() is "Save" and view.getParent() view.getParent() an instance of android.widget.RelativeLayout)
12-06 15:52:23.797 15549 15593 W teco.fmhandroi: Accessing hidden method Lsun/misc/Unsafe;->compareAndSwapObject(Ljava/lang/Object;JLjava/lang/Object;Ljava/lang/Object;)Z (greylist, linking, allowed)
12-06 15:52:23.800 15549 15549 I ViewInteraction: Performing 'wait for a specific view with <(an instance of android.widget.TextView and view.getText() with or without transformation to match: is "Authorization" and view.getParent() view.getParent() view.getId() is <2131231186>)> during 10000 millis.' action on view view.getRootView() to equal view
12-06 15:52:23.802 15549 15593 W teco.fmhandroi: Accessing hidden method Lsun/misc/Unsafe;->compareAndSwapObject(Ljava/lang/Object;JLjava/lang/Object;Ljava/lang/Object;)Z (greylist, linking, allowed)
12-06 15:52:23.804 15549 15549 I ViewInteraction: Checking 'MatchesViewAssertion{viewMatcher=(view has effective visibility <VISIBLE> and view.getGlobalVisibleRect() to return non-empty rectangle)}' assertion on view (an instance of android.widget.TextView and view.getText() with or without transformation to match: is "Authorization" and view.getParent() view.getParent() view.getId() is <2131231186/ru.iteco.fmhandroid:id/nav_host_fragment>)
12-06 15:52:23.805 15549 15593 W teco.fmhandroi: Accessing hidden method Lsun/misc/Unsafe;->compareAndSwapObject(Ljava/lang/Object;JLjava/lang/Object;Ljava/lang/Object;)Z (greylist, linking, allowed)
12-06 15:52:23.807 15549 15549 I ViewInteraction: Performing 'wait for a specific view with <(an instance of android.widget.TextView and view.getHint() matching: is "Login" and view.getParent() view.getParent() view.getId() is <2131231121/ru.iteco.fmhandroid:id/login_text_input_layout>)> during 10000 millis.' action on view view.getRootView() to equal view
12-06 15:52:23.809 15549 15593 W teco.fmhandroi: Accessing hidden method Lsun/misc/Unsafe;->compareAndSwapObject(Ljava/lang/Object;JLjava/lang/Object;Ljava/lang/Object;)Z (greylist, linking, allowed)
12-06 15:52:23.812 15549 15549 I ViewInteraction: Checking 'MatchesViewAssertion{viewMatcher=(view has effective visibility <VISIBLE> and view.getGlobalVisibleRect() to return non-empty rectangle)}' assertion on view (an instance of android.widget.TextView and view.getHint() matching: is "Login" and view.getParent() view.getParent() view.getId() is <2131231121/ru.iteco.fmhandroid:id/login_text_input_layout>)
12-06 15:52:23.814 15549 15593 W teco.fmhandroi: Accessing hidden method Lsun/misc/Unsafe;->compareAndSwapObject(Ljava/lang/Object;JLjava/lang/Object;Ljava/lang/Object;)Z (greylist, linking, allowed)
12-06 15:52:23.817 15549 15549 I ViewInteraction: Performing 'wait for a specific view with <(an instance of android.widget.TextView and view.getHint() matching: is "Password" and view.getParent() view.getParent() view.getId() is <2131231264/ru.iteco.fmhandroid:id/password_text_input_layout>)> during 10000 millis.' action on view view.getRootView() to equal view
12-06 15:52:23.819 15549 15593 W teco.fmhandroi: Accessing hidden method Lsun/misc/Unsafe;->compareAndSwapObject(Ljava/lang/Object;JLjava/lang/Object;Ljava/lang/Object;)Z (greylist, linking, allowed)
12-06 15:52:23.824 15549 15549 I ViewInteraction: Checking 'MatchesViewAssertion{viewMatcher=(view has effective visibility <VISIBLE> and view.getGlobalVisibleRect() to return non-empty rectangle)}' assertion on view (an instance of android.widget.TextView and view.getHint() matching: is "Password" and view.getParent() view.getParent() view.getId() is <2131231264/ru.iteco.fmhandroid:id/password_text_input_layout>)
12-06 15:52:23.825 15549 15593 W teco.fmhandroi: Accessing hidden method Lsun/misc/Unsafe;->compareAndSwapObject(Ljava/lang/Object;JLjava/lang/Object;Ljava/lang/Object;)Z (greylist, linking, allowed)
12-06 15:52:23.825 15549 15666 W teco.fmhandroi: Accessing hidden method Lsun/misc/Unsafe;->compareAndSwapObject(Ljava/lang/Object;JLjava/lang/Object;Ljava/lang/Object;)Z (greylist, linking, allowed)
12-06 15:52:23.827 15549 15549 I ViewInteraction: Performing 'wait for a specific view with <(view.getId() is <2131231039/ru.iteco.fmhandroid:id/enter_button> and an instance of android.widget.TextView and view.getText() with or without transformation to match: is "SIGN IN" and view.getContentDescription() is "Save" and view.getParent() view.getParent() an instance of android.widget.RelativeLayout)> during 10000 millis.' action on view view.getRootView() to equal view
12-06 15:52:23.829 15549 15593 W teco.fmhandroi: Accessing hidden method Lsun/misc/Unsafe;->compareAndSwapObject(Ljava/lang/Object;JLjava/lang/Object;Ljava/lang/Object;)Z (greylist, linking, allowed)
12-06 15:52:23.829 15549 15666 W teco.fmhandroi: Accessing hidden method Lsun/misc/Unsafe;->compareAndSwapObject(Ljava/lang/Object;JLjava/lang/Object;Ljava/lang/Object;)Z (greylist, linking, allowed)
12-06 15:52:23.831 15549 15549 I ViewInteraction: Checking 'MatchesViewAssertion{viewMatcher=(view has effective visibility <VISIBLE> and view.getGlobalVisibleRect() to return non-empty rectangle)}' assertion on view (view.getId() is <2131231039/ru.iteco.fmhandroid:id/enter_button> and an instance of android.widget.TextView and view.getText() with or without transformation to match: is "SIGN IN" and view.getContentDescription() is "Save" and view.getParent() view.getParent() an instance of android.widget.RelativeLayout)
12-06 15:52:23.832 15549 15593 W teco.fmhandroi: Accessing hidden method Lsun/misc/Unsafe;->compareAndSwapObject(Ljava/lang/Object;JLjava/lang/Object;Ljava/lang/Object;)Z (greylist, linking, allowed)
12-06 15:52:23.833 15549 15549 I ViewInteraction: Performing 'wait for a specific view with <(an instance of android.widget.TextView and view.getHint() matching: is "Login" and view.getParent() view.getParent() view.getId() is <2131231121/ru.iteco.fmhandroid:id/login_text_input_layout>)> during 10000 millis.' action on view view.getRootView() to equal view
12-06 15:52:23.836 15549 15593 W teco.fmhandroi: Accessing hidden method Lsun/misc/Unsafe;->compareAndSwapObject(Ljava/lang/Object;JLjava/lang/Object;Ljava/lang/Object;)Z (greylist, linking, allowed)
12-06 15:52:23.836 15549 15666 W teco.fmhandroi: Accessing hidden method Lsun/misc/Unsafe;->compareAndSwapObject(Ljava/lang/Object;JLjava/lang/Object;Ljava/lang/Object;)Z (greylist, linking, allowed)
12-06 15:52:23.838 15549 15549 I ViewInteraction: Performing 'replace text(login2)' action on view (an instance of android.widget.TextView and view.getHint() matching: is "Login" and view.getParent() view.getParent() view.getId() is <2131231121/ru.iteco.fmhandroid:id/login_text_input_layout>)
12-06 15:52:23.855 15549 15593 W teco.fmhandroi: Accessing hidden method Lsun/misc/Unsafe;->compareAndSwapObject(Ljava/lang/Object;JLjava/lang/Object;Ljava/lang/Object;)Z (greylist, linking, allowed)
12-06 15:52:23.872 15549 15549 I ViewInteraction: Performing 'wait for a specific view with <(an instance of android.widget.TextView and view.getHint() matching: is "Password" and view.getParent() view.getParent() view.getId() is <2131231264/ru.iteco.fmhandroid:id/password_text_input_layout>)> during 10000 millis.' action on view view.getRootView() to equal view
12-06 15:52:23.875 15549 15593 W teco.fmhandroi: Accessing hidden method Lsun/misc/Unsafe;->compareAndSwapObject(Ljava/lang/Object;JLjava/lang/Object;Ljava/lang/Object;)Z (greylist, linking, allowed)
12-06 15:52:23.881 15549 15549 I ViewInteraction: Performing 'replace text(password2)' action on view (an instance of android.widget.TextView and view.getHint() matching: is "Password" and view.getParent() view.getParent() view.getId() is <2131231264/ru.iteco.fmhandroid:id/password_text_input_layout>)
12-06 15:52:23.891 15549 15593 W teco.fmhandroi: Accessing hidden method Lsun/misc/Unsafe;->compareAndSwapObject(Ljava/lang/Object;JLjava/lang/Object;Ljava/lang/Object;)Z (greylist, linking, allowed)
12-06 15:52:23.899 15549 15549 I ViewInteraction: Performing 'wait for a specific view with <(view.getId() is <2131231039/ru.iteco.fmhandroid:id/enter_button> and an instance of android.widget.TextView and view.getText() with or without transformation to match: is "SIGN IN" and view.getContentDescription() is "Save" and view.getParent() view.getParent() an instance of android.widget.RelativeLayout)> during 10000 millis.' action on view view.getRootView() to equal view
12-06 15:52:23.902 15549 15593 W teco.fmhandroi: Accessing hidden method Lsun/misc/Unsafe;->compareAndSwapObject(Ljava/lang/Object;JLjava/lang/Object;Ljava/lang/Object;)Z (greylist, linking, allowed)
12-06 15:52:23.904 15549 15549 I ViewInteraction: Checking 'MatchesViewAssertion{viewMatcher=view.isClickable() is <true>}' assertion on view (view.getId() is <2131231039/ru.iteco.fmhandroid:id/enter_button> and an instance of android.widget.TextView and view.getText() with or without transformation to match: is "SIGN IN" and view.getContentDescription() is "Save" and view.getParent() view.getParent() an instance of android.widget.RelativeLayout)
12-06 15:52:23.905 15549 15593 W teco.fmhandroi: Accessing hidden method Lsun/misc/Unsafe;->compareAndSwapObject(Ljava/lang/Object;JLjava/lang/Object;Ljava/lang/Object;)Z (greylist, linking, allowed)
12-06 15:52:23.910 15549 15549 I ViewInteraction: Performing 'wait for a specific view with <(view.getId() is <2131231039/ru.iteco.fmhandroid:id/enter_button> and an instance of android.widget.TextView and view.getText() with or without transformation to match: is "SIGN IN" and view.getContentDescription() is "Save" and view.getParent() view.getParent() an instance of android.widget.RelativeLayout)> during 10000 millis.' action on view view.getRootView() to equal view
12-06 15:52:23.913 15549 15593 W teco.fmhandroi: Accessing hidden method Lsun/misc/Unsafe;->compareAndSwapObject(Ljava/lang/Object;JLjava/lang/Object;Ljava/lang/Object;)Z (greylist, linking, allowed)
12-06 15:52:23.914 15549 15549 I ViewInteraction: Checking 'MatchesViewAssertion{viewMatcher=view.isClickable() is <true>}' assertion on view (view.getId() is <2131231039/ru.iteco.fmhandroid:id/enter_button> and an instance of android.widget.TextView and view.getText() with or without transformation to match: is "SIGN IN" and view.getContentDescription() is "Save" and view.getParent() view.getParent() an instance of android.widget.RelativeLayout)
12-06 15:52:23.917 15549 15666 W teco.fmhandroi: Accessing hidden method Lsun/misc/Unsafe;->compareAndSwapObject(Ljava/lang/Object;JLjava/lang/Object;Ljava/lang/Object;)Z (greylist, linking, allowed)
12-06 15:52:23.920 15549 15549 I ViewInteraction: Performing 'wait for a specific view with <(view.getId() is <2131231039/ru.iteco.fmhandroid:id/enter_button> and an instance of android.widget.TextView and view.getText() with or without transformation to match: is "SIGN IN" and view.getContentDescription() is "Save" and view.getParent() view.getParent() an instance of android.widget.RelativeLayout)> during 10000 millis.' action on view view.getRootView() to equal view
12-06 15:52:23.921 15549 15593 W teco.fmhandroi: Accessing hidden method Lsun/misc/Unsafe;->compareAndSwapObject(Ljava/lang/Object;JLjava/lang/Object;Ljava/lang/Object;)Z (greylist, linking, allowed)
12-06 15:52:23.924 15549 15549 I ViewInteraction: Performing 'single click' action on view (view.getId() is <2131231039/ru.iteco.fmhandroid:id/enter_button> and an instance of android.widget.TextView and view.getText() with or without transformation to match: is "SIGN IN" and view.getContentDescription() is "Save" and view.getParent() view.getParent() an instance of android.widget.RelativeLayout)
12-06 15:52:23.986 15549 15671 I okhttp.OkHttpClient: --> POST http://www.981757-ca08998.tmweb.ru:8080/fmh/authentication/login
12-06 15:52:23.986 15549 15671 I okhttp.OkHttpClient: Content-Type: application/json; charset=UTF-8
12-06 15:52:23.986 15549 15671 I okhttp.OkHttpClient: Content-Length: 41
12-06 15:52:23.987 15549 15671 I okhttp.OkHttpClient: {"login":"login2","password":"password2"}
12-06 15:52:23.987 15549 15671 I okhttp.OkHttpClient: --> END POST (41-byte body)
12-06 15:52:23.997  1744 15672 E ResolverController: No valid NAT64 prefix (100, <unspecified>/0)
12-06 15:52:24.215 15549 15593 W teco.fmhandroi: Accessing hidden method Lsun/misc/Unsafe;->compareAndSwapObject(Ljava/lang/Object;JLjava/lang/Object;Ljava/lang/Object;)Z (greylist, linking, allowed)
12-06 15:52:24.217 15549 15549 I ViewInteraction: Performing 'wait for a specific view with <an instance of android.widget.TextView and view.getText() with or without transformation to match: is "News"> during 10000 millis.' action on view view.getRootView() to equal view
12-06 15:52:25.383 15549 15671 I okhttp.OkHttpClient: <-- 200 http://www.981757-ca08998.tmweb.ru:8080/fmh/authentication/login (1396ms)
12-06 15:52:25.383 15549 15671 I okhttp.OkHttpClient: Vary: Origin
12-06 15:52:25.383 15549 15671 I okhttp.OkHttpClient: Vary: Access-Control-Request-Method
12-06 15:52:25.383 15549 15671 I okhttp.OkHttpClient: Vary: Access-Control-Request-Headers
12-06 15:52:25.383 15549 15671 I okhttp.OkHttpClient: X-Content-Type-Options: nosniff
12-06 15:52:25.384 15549 15671 I okhttp.OkHttpClient: X-XSS-Protection: 1; mode=block
12-06 15:52:25.384 15549 15671 I okhttp.OkHttpClient: Cache-Control: no-cache, no-store, max-age=0, must-revalidate
12-06 15:52:25.384 15549 15671 I okhttp.OkHttpClient: Pragma: no-cache
12-06 15:52:25.384 15549 15671 I okhttp.OkHttpClient: Expires: 0
12-06 15:52:25.384 15549 15671 I okhttp.OkHttpClient: X-Frame-Options: DENY
12-06 15:52:25.384 15549 15671 I okhttp.OkHttpClient: Content-Type: application/json
12-06 15:52:25.384 15549 15671 I okhttp.OkHttpClient: Transfer-Encoding: chunked
12-06 15:52:25.384 15549 15671 I okhttp.OkHttpClient: Date: Tue, 06 Dec 2022 15:52:26 GMT
12-06 15:52:25.384 15549 15671 I okhttp.OkHttpClient: Keep-Alive: timeout=60
12-06 15:52:25.384 15549 15671 I okhttp.OkHttpClient: Connection: keep-alive
12-06 15:52:25.389 15549 15671 I okhttp.OkHttpClient: {"accessToken":"eyJhbGciOiJIUzUxMiJ9.eyJzdWIiOiJsb2dpbjIiLCJqdGkiOiIyIiwiZXhwIjoxNjcwNDI4MzQ2fQ.Y6JHSld3YM88NtJMQecTNtgHw6iQVuHBV-5f-lQXwjbpRLtPTgImvGZRr-7R1JiAabPt13RXnWEr2ye313_Bhg","refreshToken":"eyJhbGciOiJIUzUxMiJ9.eyJzdWIiOiJsb2dpbjIiLCJqdGkiOiIyIiwiZXhwIjoxNjcyOTMzOTQ2fQ.Wv3z42-CsSx2thdEYlAWy3wteKirBByz_WaOYA5uyROnvQZcmGpGtffdomTy7PwZBIjnbjcDxrjvN0S2tsVFRw"}
12-06 15:52:25.389 15549 15671 I okhttp.OkHttpClient: <-- END HTTP (368-byte body)
12-06 15:52:25.391 15549 15649 I okhttp.OkHttpClient: --> GET http://www.981757-ca08998.tmweb.ru:8080/fmh/authentication/userInfo
12-06 15:52:25.391 15549 15649 I okhttp.OkHttpClient: --> END GET
12-06 15:52:25.696 15549 15649 I okhttp.OkHttpClient: <-- 200 http://www.981757-ca08998.tmweb.ru:8080/fmh/authentication/userInfo (305ms)
12-06 15:52:25.696 15549 15649 I okhttp.OkHttpClient: Vary: Origin
12-06 15:52:25.697 15549 15649 I okhttp.OkHttpClient: Vary: Access-Control-Request-Method
12-06 15:52:25.697 15549 15649 I okhttp.OkHttpClient: Vary: Access-Control-Request-Headers
12-06 15:52:25.697 15549 15649 I okhttp.OkHttpClient: X-Content-Type-Options: nosniff
12-06 15:52:25.697 15549 15649 I okhttp.OkHttpClient: X-XSS-Protection: 1; mode=block
12-06 15:52:25.697 15549 15649 I okhttp.OkHttpClient: Cache-Control: no-cache, no-store, max-age=0, must-revalidate
12-06 15:52:25.698 15549 15649 I okhttp.OkHttpClient: Pragma: no-cache
12-06 15:52:25.698 15549 15649 I okhttp.OkHttpClient: Expires: 0
12-06 15:52:25.698 15549 15649 I okhttp.OkHttpClient: X-Frame-Options: DENY
12-06 15:52:25.698 15549 15649 I okhttp.OkHttpClient: Content-Type: application/json
12-06 15:52:25.698 15549 15649 I okhttp.OkHttpClient: Transfer-Encoding: chunked
12-06 15:52:25.698 15549 15649 I okhttp.OkHttpClient: Date: Tue, 06 Dec 2022 15:52:26 GMT
12-06 15:52:25.698 15549 15649 I okhttp.OkHttpClient: Keep-Alive: timeout=60
12-06 15:52:25.698 15549 15649 I okhttp.OkHttpClient: Connection: keep-alive
12-06 15:52:25.699 15549 15649 I okhttp.OkHttpClient: {"id":2,"firstName":"Данил","lastName":"Иванов","middleName":"Данилович","admin":true}
12-06 15:52:25.699 15549 15649 I okhttp.OkHttpClient: <-- END HTTP (106-byte body)
12-06 15:52:25.709 15549 15673 I okhttp.OkHttpClient: --> GET http://www.981757-ca08998.tmweb.ru:8080/fmh/claims
12-06 15:52:25.709 15549 15673 I okhttp.OkHttpClient: --> END GET
12-06 15:52:25.819 15549 15549 I ViewInteraction: Checking 'MatchesViewAssertion{viewMatcher=(view has effective visibility <VISIBLE> and view.getGlobalVisibleRect() to return non-empty rectangle)}' assertion on view an instance of android.widget.TextView and view.getText() with or without transformation to match: is "News"
12-06 15:52:25.820 15549 15593 W teco.fmhandroi: Accessing hidden method Lsun/misc/Unsafe;->compareAndSwapObject(Ljava/lang/Object;JLjava/lang/Object;Ljava/lang/Object;)Z (greylist, linking, allowed)
12-06 15:52:25.826 15549 15549 I ViewInteraction: Performing 'wait for a specific view with <view.getId() is <2131230951>> during 10000 millis.' action on view view.getRootView() to equal view
12-06 15:52:25.827 15549 15666 W teco.fmhandroi: Accessing hidden method Lsun/misc/Unsafe;->compareAndSwapObject(Ljava/lang/Object;JLjava/lang/Object;Ljava/lang/Object;)Z (greylist, linking, allowed)
12-06 15:52:25.829 15549 15593 W teco.fmhandroi: Accessing hidden method Lsun/misc/Unsafe;->compareAndSwapObject(Ljava/lang/Object;JLjava/lang/Object;Ljava/lang/Object;)Z (greylist, linking, allowed)
12-06 15:52:25.829 15549 15593 W teco.fmhandroi: Accessing hidden method Lsun/misc/Unsafe;->getObject(Ljava/lang/Object;J)Ljava/lang/Object; (greylist, linking, allowed)
12-06 15:52:25.832 15549 15549 I ViewInteraction: Checking 'MatchesViewAssertion{viewMatcher=(view has effective visibility <VISIBLE> and view.getGlobalVisibleRect() to return non-empty rectangle)}' assertion on view view.getId() is <2131230951/ru.iteco.fmhandroid:id/container_list_news_include_on_fragment_main>
12-06 15:52:25.833 15549 15593 W teco.fmhandroi: Accessing hidden method Lsun/misc/Unsafe;->compareAndSwapObject(Ljava/lang/Object;JLjava/lang/Object;Ljava/lang/Object;)Z (greylist, linking, allowed)
12-06 15:52:25.836 15549 15549 I ViewInteraction: Performing 'wait for a specific view with <view.getId() is <2131230949>> during 10000 millis.' action on view view.getRootView() to equal view
12-06 15:52:25.840 15549 15593 W teco.fmhandroi: Accessing hidden method Lsun/misc/Unsafe;->compareAndSwapObject(Ljava/lang/Object;JLjava/lang/Object;Ljava/lang/Object;)Z (greylist, linking, allowed)
12-06 15:52:25.843 15549 15549 I ViewInteraction: Checking 'MatchesViewAssertion{viewMatcher=(view has effective visibility <VISIBLE> and view.getGlobalVisibleRect() to return non-empty rectangle)}' assertion on view view.getId() is <2131230949/ru.iteco.fmhandroid:id/container_list_claim_include_on_fragment_main>
12-06 15:52:25.845 15549 15593 W teco.fmhandroi: Accessing hidden method Lsun/misc/Unsafe;->compareAndSwapObject(Ljava/lang/Object;JLjava/lang/Object;Ljava/lang/Object;)Z (greylist, linking, allowed)
12-06 15:52:25.860 15549 15549 I ViewInteraction: Performing 'wait for a specific view with <an instance of android.widget.TextView and view.getText() with or without transformation to match: is "Claims"> during 10000 millis.' action on view view.getRootView() to equal view
12-06 15:52:25.865 15549 15549 I ViewInteraction: Checking 'MatchesViewAssertion{viewMatcher=(view has effective visibility <VISIBLE> and view.getGlobalVisibleRect() to return non-empty rectangle)}' assertion on view an instance of android.widget.TextView and view.getText() with or without transformation to match: is "Claims"
12-06 15:52:25.866 15549 15593 W teco.fmhandroi: Accessing hidden method Lsun/misc/Unsafe;->compareAndSwapObject(Ljava/lang/Object;JLjava/lang/Object;Ljava/lang/Object;)Z (greylist, linking, allowed)
12-06 15:52:25.867 15549 15666 W teco.fmhandroi: Accessing hidden method Lsun/misc/Unsafe;->compareAndSwapObject(Ljava/lang/Object;JLjava/lang/Object;Ljava/lang/Object;)Z (greylist, linking, allowed)
12-06 15:52:25.869 15549 15549 I ViewInteraction: Performing 'wait for a specific view with <view.getId() is <2131231123>> during 10000 millis.' action on view view.getRootView() to equal view
12-06 15:52:25.871 15549 15593 W teco.fmhandroi: Accessing hidden method Lsun/misc/Unsafe;->compareAndSwapObject(Ljava/lang/Object;JLjava/lang/Object;Ljava/lang/Object;)Z (greylist, linking, allowed)
12-06 15:52:25.875 15549 15549 I ViewInteraction: Performing 'single click' action on view view.getId() is <2131231123/ru.iteco.fmhandroid:id/main_menu_image_button>
12-06 15:52:26.235  1776  1825 D gralloc_ranchu: gralloc_alloc: Creating ashmem region of size 2015232
12-06 15:52:26.241  1776  1825 I chatty  : uid=1000(system) HwBinder:1776_1 identical 1 line
12-06 15:52:26.242  1776  1825 D gralloc_ranchu: gralloc_alloc: Creating ashmem region of size 2015232
12-06 15:52:26.266 15549 15640 D EGL_emulation: eglMakeCurrent: 0xdd81b260: ver 2 0 (tinfo 0xc31f3b10)
12-06 15:52:26.327 15549 15640 I chatty  : uid=10146(ru.iteco.fmhandroid) RenderThread identical 3 lines
12-06 15:52:26.341 15549 15640 D EGL_emulation: eglMakeCurrent: 0xdd81b260: ver 2 0 (tinfo 0xc31f3b10)
12-06 15:52:26.564 15549 15593 W teco.fmhandroi: Accessing hidden method Lsun/misc/Unsafe;->compareAndSwapObject(Ljava/lang/Object;JLjava/lang/Object;Ljava/lang/Object;)Z (greylist, linking, allowed)
12-06 15:52:26.564 15549 15666 W teco.fmhandroi: Accessing hidden method Lsun/misc/Unsafe;->compareAndSwapObject(Ljava/lang/Object;JLjava/lang/Object;Ljava/lang/Object;)Z (greylist, linking, allowed)
12-06 15:52:26.566 15549 15549 I ViewInteraction: Performing 'wait for a specific view with <an instance of android.widget.TextView and view.getText() with or without transformation to match: is "Claims"> during 10000 millis.' action on view view.getRootView() to equal view
12-06 15:52:26.571 15549 15549 I ViewInteraction: Performing 'single click' action on view an instance of android.widget.TextView and view.getText() with or without transformation to match: is "Claims"
12-06 15:52:26.712 15549 15674 I okhttp.OkHttpClient: --> GET http://www.981757-ca08998.tmweb.ru:8080/fmh/claims
12-06 15:52:26.712 15549 15674 I okhttp.OkHttpClient: --> END GET
12-06 15:52:26.715  1744 15675 E ResolverController: No valid NAT64 prefix (100, <unspecified>/0)
12-06 15:52:26.769 15549 15640 D EGL_emulation: eglMakeCurrent: 0xdd81b260: ver 2 0 (tinfo 0xc31f3b10)
12-06 15:52:26.796 15549 15640 D EGL_emulation: eglMakeCurrent: 0xdd81b260: ver 2 0 (tinfo 0xc31f3b10)
12-06 15:52:27.007 15549 15666 W teco.fmhandroi: Accessing hidden method Lsun/misc/Unsafe;->compareAndSwapObject(Ljava/lang/Object;JLjava/lang/Object;Ljava/lang/Object;)Z (greylist, linking, allowed)
12-06 15:52:27.011 15549 15549 I ViewInteraction: Performing 'wait for a specific view with <view.getId() is <2131230849>> during 10000 millis.' action on view view.getRootView() to equal view
12-06 15:52:27.012 15549 15593 W teco.fmhandroi: Accessing hidden method Lsun/misc/Unsafe;->compareAndSwapObject(Ljava/lang/Object;JLjava/lang/Object;Ljava/lang/Object;)Z (greylist, linking, allowed)
12-06 15:52:27.012 15549 15666 W teco.fmhandroi: Accessing hidden method Lsun/misc/Unsafe;->compareAndSwapObject(Ljava/lang/Object;JLjava/lang/Object;Ljava/lang/Object;)Z (greylist, linking, allowed)
12-06 15:52:27.016 15549 15549 I ViewInteraction: Performing 'single click' action on view view.getId() is <2131230849/ru.iteco.fmhandroid:id/add_new_claim_material_button>
12-06 15:52:27.079 15549 15649 I okhttp.OkHttpClient: --> GET http://www.981757-ca08998.tmweb.ru:8080/fmh/users
12-06 15:52:27.079 15549 15649 I okhttp.OkHttpClient: --> END GET
12-06 15:52:27.216 15549 15649 I okhttp.OkHttpClient: <-- 200 http://www.981757-ca08998.tmweb.ru:8080/fmh/users (136ms)
12-06 15:52:27.216 15549 15649 I okhttp.OkHttpClient: Vary: Origin
12-06 15:52:27.216 15549 15649 I okhttp.OkHttpClient: Vary: Access-Control-Request-Method
12-06 15:52:27.216 15549 15649 I okhttp.OkHttpClient: Vary: Access-Control-Request-Headers
12-06 15:52:27.216 15549 15649 I okhttp.OkHttpClient: X-Content-Type-Options: nosniff
12-06 15:52:27.216 15549 15649 I okhttp.OkHttpClient: X-XSS-Protection: 1; mode=block
12-06 15:52:27.216 15549 15649 I okhttp.OkHttpClient: Cache-Control: no-cache, no-store, max-age=0, must-revalidate
12-06 15:52:27.216 15549 15649 I okhttp.OkHttpClient: Pragma: no-cache
12-06 15:52:27.216 15549 15649 I okhttp.OkHttpClient: Expires: 0
12-06 15:52:27.216 15549 15649 I okhttp.OkHttpClient: X-Frame-Options: DENY
12-06 15:52:27.216 15549 15649 I okhttp.OkHttpClient: Content-Type: application/json
12-06 15:52:27.216 15549 15649 I okhttp.OkHttpClient: Transfer-Encoding: chunked
12-06 15:52:27.216 15549 15649 I okhttp.OkHttpClient: Date: Tue, 06 Dec 2022 15:52:28 GMT
12-06 15:52:27.217 15549 15649 I okhttp.OkHttpClient: Keep-Alive: timeout=60
12-06 15:52:27.217 15549 15649 I okhttp.OkHttpClient: Connection: keep-alive
12-06 15:52:27.217 15549 15649 I okhttp.OkHttpClient: [{"id":1,"firstName":"Петр","lastName":"Смирнов","middleName":"Петрович","admin":true},{"id":2,"firstName":"Данил","lastName":"Иванов","middleName":"Данилович","admin":true},{"id":3,"firstName":"Егор","lastName":"Петров","middleName":"Егорович","admin":false},{"id":4,"firstName":"Дмитрий","lastName":"Сидоров","middleName":"Дмитриевич","admin":false},{"id":5,"firstName":"Тест","lastName":"Тестов","middleName":"Тестович","admin":true},{"id":6,"firstName":"Diplom","lastName":"Netology","middleName":"QAMID","admin":true}]
12-06 15:52:27.217 15549 15649 I okhttp.OkHttpClient: <-- END HTTP (622-byte body)
12-06 15:52:27.559 15549 15593 W teco.fmhandroi: Accessing hidden method Lsun/misc/Unsafe;->compareAndSwapObject(Ljava/lang/Object;JLjava/lang/Object;Ljava/lang/Object;)Z (greylist, linking, allowed)
12-06 15:52:27.562 15549 15549 I ViewInteraction: Performing 'wait for a specific view with <view.getId() is <2131231041>> during 10000 millis.' action on view view.getRootView() to equal view
12-06 15:52:27.563 15549 15593 W teco.fmhandroi: Accessing hidden method Lsun/misc/Unsafe;->compareAndSwapObject(Ljava/lang/Object;JLjava/lang/Object;Ljava/lang/Object;)Z (greylist, linking, allowed)
12-06 15:52:27.563 15549 15666 W teco.fmhandroi: Accessing hidden method Lsun/misc/Unsafe;->compareAndSwapObject(Ljava/lang/Object;JLjava/lang/Object;Ljava/lang/Object;)Z (greylist, linking, allowed)
12-06 15:52:27.566 15549 15549 I ViewInteraction: Performing 'single click' action on view view.getId() is <2131231041/ru.iteco.fmhandroid:id/executor_drop_menu_auto_complete_text_view>
12-06 15:52:27.683  1776  1825 D gralloc_ranchu: gralloc_alloc: Creating ashmem region of size 4116480
12-06 15:52:27.689  1776  1825 I chatty  : uid=1000(system) HwBinder:1776_1 identical 1 line
12-06 15:52:27.691  1776  1825 D gralloc_ranchu: gralloc_alloc: Creating ashmem region of size 4116480
12-06 15:52:27.695 15549 15640 D EGL_emulation: eglMakeCurrent: 0xdd81b260: ver 2 0 (tinfo 0xc31f3b10)
12-06 15:52:27.727 15549 15549 I AssistStructure: Flattened final assist data: 6984 bytes, containing 2 windows, 53 views
12-06 15:52:27.731  2018  7051 D AutofillSession: Starting partition or augmented request for view id 1073741827@1671449363: STARTED_SESSION
12-06 15:52:27.732  2018  2018 D AutofillSession: cancelCurrentRequest(): id = 51
12-06 15:52:27.742 15549 15640 D EGL_emulation: eglMakeCurrent: 0xdd81b260: ver 2 0 (tinfo 0xc31f3b10)
12-06 15:52:27.756 15549 15549 I AssistStructure: Flattened final assist data: 6984 bytes, containing 2 windows, 53 views
12-06 15:52:27.762  2656  2656 W ktk     : Pending fill request while another request in the same session was triggered. [CONTEXT service_id=177 ]
12-06 15:52:27.779 15549 15640 D EGL_emulation: eglMakeCurrent: 0xdd81b260: ver 2 0 (tinfo 0xc31f3b10)
12-06 15:52:27.784  2537  2537 I KeyboardViewUtil: systemKeyboardHeightRatio:1.000000; userKeyboardHeightRatio:1.000000.
12-06 15:52:27.785  2537  2537 I AndroidIME: LatinIme.onActivate() : EditorInfo = Package = ru.iteco.fmhandroid : Type = Text : Learning = Disable : Suggestion = Show : AutoCorrection = Disable : Microphone = Show : NoPersonalizedLearning = Disable
12-06 15:52:27.796  2873  2889 I gle.android.gm: CollectorTransition concurrent copying GC freed 31961(1969KB) AllocSpace objects, 6(248KB) LOS objects, 46% free, 7179KB/13MB, paused 678us total 308.446ms
12-06 15:52:27.800  2537  2537 I Conv2QueryExtension: Current locale: en_US, config allows these locales: de,en,es,fr,it,ms,pt,ta
12-06 15:52:27.800  2537  2537 I Conv2QueryExtension: Conv2Query not enabled due to current app [ru.iteco.fmhandroid] not in whitelist
12-06 15:52:27.801  2537  2537 I Conv2QueryExtension: onActivate() : Disabled by unsupported host app
12-06 15:52:27.816  2018  2051 D AutofillUI: destroySaveUiUiThread(): already destroyed
12-06 15:52:27.821  2170  2566 D EGL_emulation: eglMakeCurrent: 0xe594e040: ver 2 0 (tinfo 0xc52450c0)
12-06 15:52:27.835  1776  1825 D gralloc_ranchu: gralloc_alloc: Creating ashmem region of size 9826304
12-06 15:52:27.843  1776  1825 I chatty  : uid=1000(system) HwBinder:1776_1 identical 1 line
12-06 15:52:27.845  1776  1825 D gralloc_ranchu: gralloc_alloc: Creating ashmem region of size 9826304
12-06 15:52:27.851  2537  8546 D EGL_emulation: eglMakeCurrent: 0xc286ce00: ver 2 0 (tinfo 0xc335ede0)
12-06 15:52:27.898 15549 15640 D EGL_emulation: eglMakeCurrent: 0xdd81b260: ver 2 0 (tinfo 0xc31f3b10)
12-06 15:52:27.926  1776  1825 D gralloc_ranchu: gralloc_alloc: Creating ashmem region of size 3072000
12-06 15:52:27.933 15549 15640 D EGL_emulation: eglMakeCurrent: 0xdd81b260: ver 2 0 (tinfo 0xc31f3b10)
12-06 15:52:27.954  1776  1825 D gralloc_ranchu: gralloc_alloc: Creating ashmem region of size 3072000
12-06 15:52:27.958 15549 15640 D EGL_emulation: eglMakeCurrent: 0xdd81b260: ver 2 0 (tinfo 0xc31f3b10)
12-06 15:52:27.969 15549 15640 D EGL_emulation: eglMakeCurrent: 0xdd81b260: ver 2 0 (tinfo 0xc31f3b10)
12-06 15:52:27.989  1776  1825 D gralloc_ranchu: gralloc_alloc: Creating ashmem region of size 3072000
12-06 15:52:28.078 15549 15593 W teco.fmhandroi: Accessing hidden method Lsun/misc/Unsafe;->compareAndSwapObject(Ljava/lang/Object;JLjava/lang/Object;Ljava/lang/Object;)Z (greylist, linking, allowed)
12-06 15:52:28.080 15549 15549 I ViewInteraction: Performing 'close keyboard' action on view view.getRootView() to equal view
12-06 15:52:28.085  2537  2537 I PhenotypeExpConfig: refreshConfiguration() : Force = false : UpdateAvailable = false : Age = 166 minutes : MaxAge = 720 minutes
12-06 15:52:28.086  2537  2537 I AndroidIME: LatinIme.onDeactivate()
12-06 15:52:28.108  2537  8546 D EGL_emulation: eglMakeCurrent: 0xc286ce00: ver 2 0 (tinfo 0xc335ede0)
12-06 15:52:28.169 15549 15640 D EGL_emulation: eglMakeCurrent: 0xdd81b260: ver 2 0 (tinfo 0xc31f3b10)
12-06 15:52:28.194  1776  1825 D gralloc_ranchu: gralloc_alloc: Creating ashmem region of size 4116480
12-06 15:52:28.200 15549 15640 D EGL_emulation: eglMakeCurrent: 0xdd81b260: ver 2 0 (tinfo 0xc31f3b10)
12-06 15:52:28.211  1776  1825 D gralloc_ranchu: gralloc_alloc: Creating ashmem region of size 4116480
12-06 15:52:28.215 15549 15640 D EGL_emulation: eglMakeCurrent: 0xdd81b260: ver 2 0 (tinfo 0xc31f3b10)
12-06 15:52:28.227 15549 15640 D EGL_emulation: eglMakeCurrent: 0xdd81b260: ver 2 0 (tinfo 0xc31f3b10)
12-06 15:52:28.237  1776  1825 D gralloc_ranchu: gralloc_alloc: Creating ashmem region of size 4116480
12-06 15:52:28.624 15549 15640 D EGL_emulation: eglMakeCurrent: 0xdd81b260: ver 2 0 (tinfo 0xc31f3b10)
12-06 15:52:29.105 15549 15673 I okhttp.OkHttpClient: <-- 200 http://www.981757-ca08998.tmweb.ru:8080/fmh/claims (3395ms)
12-06 15:52:29.105 15549 15673 I okhttp.OkHttpClient: Vary: Origin
12-06 15:52:29.105 15549 15673 I okhttp.OkHttpClient: Vary: Access-Control-Request-Method
12-06 15:52:29.106 15549 15673 I okhttp.OkHttpClient: Vary: Access-Control-Request-Headers
12-06 15:52:29.106 15549 15673 I okhttp.OkHttpClient: X-Content-Type-Options: nosniff
12-06 15:52:29.106 15549 15673 I okhttp.OkHttpClient: X-XSS-Protection: 1; mode=block
12-06 15:52:29.106 15549 15673 I okhttp.OkHttpClient: Cache-Control: no-cache, no-store, max-age=0, must-revalidate
12-06 15:52:29.106 15549 15673 I okhttp.OkHttpClient: Pragma: no-cache
12-06 15:52:29.106 15549 15673 I okhttp.OkHttpClient: Expires: 0
12-06 15:52:29.106 15549 15673 I okhttp.OkHttpClient: X-Frame-Options: DENY
12-06 15:52:29.106 15549 15673 I okhttp.OkHttpClient: Content-Type: application/json
12-06 15:52:29.106 15549 15673 I okhttp.OkHttpClient: Transfer-Encoding: chunked
12-06 15:52:29.106 15549 15673 I okhttp.OkHttpClient: Date: Tue, 06 Dec 2022 15:52:30 GMT
12-06 15:52:29.106 15549 15673 I okhttp.OkHttpClient: Keep-Alive: timeout=60
12-06 15:52:29.106 15549 15673 I okhttp.OkHttpClient: Connection: keep-alive
12-06 15:52:29.790 15549 15640 D EGL_emulation: eglMakeCurrent: 0xdd81b260: ver 2 0 (tinfo 0xc31f3b10)
12-06 15:52:30.091 15549 15674 I okhttp.OkHttpClient: <-- 200 http://www.981757-ca08998.tmweb.ru:8080/fmh/claims (3378ms)
12-06 15:52:30.091 15549 15674 I okhttp.OkHttpClient: Vary: Origin
12-06 15:52:30.091 15549 15674 I okhttp.OkHttpClient: Vary: Access-Control-Request-Method
12-06 15:52:30.091 15549 15674 I okhttp.OkHttpClient: Vary: Access-Control-Request-Headers
12-06 15:52:30.091 15549 15674 I okhttp.OkHttpClient: X-Content-Type-Options: nosniff
12-06 15:52:30.091 15549 15674 I okhttp.OkHttpClient: X-XSS-Protection: 1; mode=block
12-06 15:52:30.091 15549 15674 I okhttp.OkHttpClient: Cache-Control: no-cache, no-store, max-age=0, must-revalidate
12-06 15:52:30.091 15549 15674 I okhttp.OkHttpClient: Pragma: no-cache
12-06 15:52:30.091 15549 15674 I okhttp.OkHttpClient: Expires: 0
12-06 15:52:30.091 15549 15674 I okhttp.OkHttpClient: X-Frame-Options: DENY
12-06 15:52:30.091 15549 15674 I okhttp.OkHttpClient: Content-Type: application/json
12-06 15:52:30.091 15549 15674 I okhttp.OkHttpClient: Transfer-Encoding: chunked
12-06 15:52:30.091 15549 15674 I okhttp.OkHttpClient: Date: Tue, 06 Dec 2022 15:52:30 GMT
12-06 15:52:30.091 15549 15674 I okhttp.OkHttpClient: Keep-Alive: timeout=60
12-06 15:52:30.091 15549 15674 I okhttp.OkHttpClient: Connection: keep-alive
12-06 15:52:30.139 15549 15640 D EGL_emulation: eglMakeCurrent: 0xdd81b260: ver 2 0 (tinfo 0xc31f3b10)
12-06 15:52:30.878  1764  1764 W audio_hw_generic: Not supplying enough data to HAL, expected position 21728051 , only wrote 21378062
12-06 15:52:31.409 15549 15549 I ViewInteraction: Checking 'MatchesViewAssertion{viewMatcher=(view has effective visibility <VISIBLE> and view.getGlobalVisibleRect() to return non-empty rectangle)}' assertion on view an instance of android.widget.TextView and view.getText() with or without transformation to match: is "Иванов Данил Данилович"
12-06 15:52:31.410 15549 15549 I ViewInteraction: Performing 'single click' action on view an instance of android.widget.TextView and view.getText() with or without transformation to match: is "Иванов Данил Данилович"
12-06 15:52:31.472 15549 15640 D EGL_emulation: eglMakeCurrent: 0xdd81b260: ver 2 0 (tinfo 0xc31f3b10)
12-06 15:52:31.527  1764  6994 W audio_hw_generic: Not supplying enough data to HAL, expected position 21378085 , only wrote 21378062
12-06 15:52:31.539 15549 15640 D EGL_emulation: eglMakeCurrent: 0xdd81b260: ver 2 0 (tinfo 0xc31f3b10)
12-06 15:52:31.554  2018  7051 E InputDispatcher: Window handle Window{31fa507 u0 PopupWindow:1b67b3c} has no registered input channel
12-06 15:52:31.555 15549 15640 D EGL_emulation: eglMakeCurrent: 0xdd81b260: ver 2 0 (tinfo 0xc31f3b10)
12-06 15:52:31.709 15549 15549 I ViewInteraction: Performing 'wait for a specific view with <view.getId() is <2131231041/ru.iteco.fmhandroid:id/executor_drop_menu_auto_complete_text_view>> during 10000 millis.' action on view view.getRootView() to equal view
12-06 15:52:31.710 15549 15593 W teco.fmhandroi: Accessing hidden method Lsun/misc/Unsafe;->compareAndSwapObject(Ljava/lang/Object;JLjava/lang/Object;Ljava/lang/Object;)Z (greylist, linking, allowed)
12-06 15:52:31.711 15549 15549 I ViewInteraction: Performing 'single click' action on view view.getId() is <2131231041/ru.iteco.fmhandroid:id/executor_drop_menu_auto_complete_text_view>
12-06 15:52:31.784  2018  2058 E memtrack: Couldn't load memtrack module
12-06 15:52:31.784  2018  2058 W android.os.Debug: failed to get memory consumption info: -1
12-06 15:52:31.790  2018  2058 E memtrack: Couldn't load memtrack module
12-06 15:52:31.790  2018  2058 W android.os.Debug: failed to get memory consumption info: -1
12-06 15:52:31.811  1776  1825 D gralloc_ranchu: gralloc_alloc: Creating ashmem region of size 4116480
12-06 15:52:31.815  1776  1825 I chatty  : uid=1000(system) HwBinder:1776_1 identical 1 line
12-06 15:52:31.817  1776  1825 D gralloc_ranchu: gralloc_alloc: Creating ashmem region of size 4116480
12-06 15:52:31.820 15549 15640 D EGL_emulation: eglMakeCurrent: 0xdd81b260: ver 2 0 (tinfo 0xc31f3b10)
12-06 15:52:31.849 15549 15640 D EGL_emulation: eglMakeCurrent: 0xdd81b260: ver 2 0 (tinfo 0xc31f3b10)
12-06 15:52:31.883  1776  1825 D gralloc_ranchu: gralloc_alloc: Creating ashmem region of size 49152
12-06 15:52:31.887  1776  1825 I chatty  : uid=1000(system) HwBinder:1776_1 identical 1 line
12-06 15:52:31.890  1776  1825 D gralloc_ranchu: gralloc_alloc: Creating ashmem region of size 49152
12-06 15:52:31.892 15549 15640 D EGL_emulation: eglMakeCurrent: 0xdd81b260: ver 2 0 (tinfo 0xc31f3b10)
12-06 15:52:31.912 15549 15640 I chatty  : uid=10146(ru.iteco.fmhandroid) RenderThread identical 2 lines
12-06 15:52:31.943 15549 15640 D EGL_emulation: eglMakeCurrent: 0xdd81b260: ver 2 0 (tinfo 0xc31f3b10)
12-06 15:52:31.949  2537  2537 I KeyboardViewUtil: systemKeyboardHeightRatio:1.000000; userKeyboardHeightRatio:1.000000.
12-06 15:52:31.949  2537  2537 I AndroidIME: LatinIme.onActivate() : EditorInfo = Package = ru.iteco.fmhandroid : Type = Text : Learning = Disable : Suggestion = Show : AutoCorrection = Disable : Microphone = Show : NoPersonalizedLearning = Disable
12-06 15:52:31.976 15549 15640 D EGL_emulation: eglMakeCurrent: 0xdd81b260: ver 2 0 (tinfo 0xc31f3b10)
12-06 15:52:31.984  2537  2537 I Conv2QueryExtension: Current locale: en_US, config allows these locales: de,en,es,fr,it,ms,pt,ta
12-06 15:52:31.985  2537  2537 I Conv2QueryExtension: Conv2Query not enabled due to current app [ru.iteco.fmhandroid] not in whitelist
12-06 15:52:31.985  2537  2537 I Conv2QueryExtension: onActivate() : Disabled by unsupported host app
12-06 15:52:32.001  2537  3581 W native  : neural_spatial_model.cc:382 Output symbol table doesn't contain symbol: @
12-06 15:52:32.001  2537  3581 W native  : neural_spatial_model.cc:382 Output symbol table doesn't contain symbol: &
12-06 15:52:32.015 15549 15640 D EGL_emulation: eglMakeCurrent: 0xdd81b260: ver 2 0 (tinfo 0xc31f3b10)
12-06 15:52:32.049  1776  1825 D gralloc_ranchu: gralloc_alloc: Creating ashmem region of size 9826304
12-06 15:52:32.054  1776  1825 I chatty  : uid=1000(system) HwBinder:1776_1 identical 1 line
12-06 15:52:32.057  1776  1825 D gralloc_ranchu: gralloc_alloc: Creating ashmem region of size 9826304
12-06 15:52:32.060  2537  8546 D EGL_emulation: eglMakeCurrent: 0xc286ce00: ver 2 0 (tinfo 0xc335ede0)
12-06 15:52:32.164  1776  1825 D gralloc_ranchu: gralloc_alloc: Creating ashmem region of size 3072000
12-06 15:52:32.171 15549 15640 D EGL_emulation: eglMakeCurrent: 0xdd81b260: ver 2 0 (tinfo 0xc31f3b10)
12-06 15:52:32.183  1776  1825 D gralloc_ranchu: gralloc_alloc: Creating ashmem region of size 3072000
12-06 15:52:32.184 15549 15640 D EGL_emulation: eglMakeCurrent: 0xdd81b260: ver 2 0 (tinfo 0xc31f3b10)
12-06 15:52:32.199 15549 15640 D EGL_emulation: eglMakeCurrent: 0xdd81b260: ver 2 0 (tinfo 0xc31f3b10)
12-06 15:52:32.207  1776  1825 D gralloc_ranchu: gralloc_alloc: Creating ashmem region of size 3072000
12-06 15:52:32.254 15549 15640 D EGL_emulation: eglMakeCurrent: 0xdd81b260: ver 2 0 (tinfo 0xc31f3b10)
12-06 15:52:32.260 15549 15640 D EGL_emulation: eglMakeCurrent: 0xdd81b260: ver 2 0 (tinfo 0xc31f3b10)
12-06 15:52:32.276 15549 15593 W teco.fmhandroi: Accessing hidden method Lsun/misc/Unsafe;->compareAndSwapObject(Ljava/lang/Object;JLjava/lang/Object;Ljava/lang/Object;)Z (greylist, linking, allowed)
12-06 15:52:32.277 15549 15549 I ViewInteraction: Performing 'close keyboard' action on view view.getRootView() to equal view
12-06 15:52:32.281  2537  2537 I PhenotypeExpConfig: refreshConfiguration() : Force = false : UpdateAvailable = false : Age = 166 minutes : MaxAge = 720 minutes
12-06 15:52:32.284  2537  2537 I AndroidIME: LatinIme.onDeactivate()
12-06 15:52:32.288 15549 15640 D EGL_emulation: eglMakeCurrent: 0xdd81b260: ver 2 0 (tinfo 0xc31f3b10)
12-06 15:52:32.299 15549 15640 D EGL_emulation: eglMakeCurrent: 0xdd81b260: ver 2 0 (tinfo 0xc31f3b10)
12-06 15:52:32.306  2537  8546 D EGL_emulation: eglMakeCurrent: 0xc286ce00: ver 2 0 (tinfo 0xc335ede0)
12-06 15:52:32.364  1776  1825 D gralloc_ranchu: gralloc_alloc: Creating ashmem region of size 4116480
12-06 15:52:32.371 15549 15640 D EGL_emulation: eglMakeCurrent: 0xdd81b260: ver 2 0 (tinfo 0xc31f3b10)
12-06 15:52:32.391  1776  1825 D gralloc_ranchu: gralloc_alloc: Creating ashmem region of size 4116480
12-06 15:52:32.393 15549 15640 D EGL_emulation: eglMakeCurrent: 0xdd81b260: ver 2 0 (tinfo 0xc31f3b10)
12-06 15:52:32.406 15549 15640 D EGL_emulation: eglMakeCurrent: 0xdd81b260: ver 2 0 (tinfo 0xc31f3b10)
12-06 15:52:32.415  1776  1825 D gralloc_ranchu: gralloc_alloc: Creating ashmem region of size 4116480
12-06 15:52:32.553  2537  3581 I native  : input-context-store.cc:172 Ignoring stale client request for FetchSuggestions
12-06 15:52:32.556  2537  3581 I native  : input-context-store.cc:123 Ignoring stale client request for FetchSuggestions
12-06 15:52:32.805 15549 15640 D EGL_emulation: eglMakeCurrent: 0xdd81b260: ver 2 0 (tinfo 0xc31f3b10)
12-06 15:52:33.973 15549 15640 I chatty  : uid=10146(ru.iteco.fmhandroid) RenderThread identical 1 line
12-06 15:52:34.308 15549 15640 D EGL_emulation: eglMakeCurrent: 0xdd81b260: ver 2 0 (tinfo 0xc31f3b10)
12-06 15:52:34.991  1764  1764 W audio_hw_generic: Not supplying enough data to HAL, expected position 21681731 , only wrote 21530753
12-06 15:52:35.615 15549 15549 I ViewInteraction: Checking 'MatchesViewAssertion{viewMatcher=(view has effective visibility <VISIBLE> and view.getGlobalVisibleRect() to return non-empty rectangle)}' assertion on view an instance of android.widget.TextView and view.getText() with or without transformation to match: is "Смирнов Петр Петрович"
12-06 15:52:35.617 15549 15549 D takeScreenshot: Found 3 global views to redraw
12-06 15:52:35.628 15549 15640 D EGL_emulation: eglMakeCurrent: 0xdd81b260: ver 2 0 (tinfo 0xc31f3b10)
12-06 15:52:35.634 15549 15640 D EGL_emulation: eglMakeCurrent: 0xdd81b260: ver 2 0 (tinfo 0xc31f3b10)
12-06 15:52:35.658  1776  1825 D gralloc_ranchu: gralloc_alloc: Creating ashmem region of size 10108928
12-06 15:52:35.692 15549 15593 W DefaultFailureHandler: Failed to take screenshot
12-06 15:52:35.692 15549 15593 W DefaultFailureHandler: java.io.FileNotFoundException: view-op-error-2.png: open failed: EROFS (Read-only file system)
12-06 15:52:35.692 15549 15593 W DefaultFailureHandler: 	at libcore.io.IoBridge.open(IoBridge.java:496)
12-06 15:52:35.692 15549 15593 W DefaultFailureHandler: 	at java.io.FileOutputStream.<init>(FileOutputStream.java:235)
12-06 15:52:35.692 15549 15593 W DefaultFailureHandler: 	at java.io.FileOutputStream.<init>(FileOutputStream.java:125)
12-06 15:52:35.692 15549 15593 W DefaultFailureHandler: 	at androidx.test.platform.io.FileTestStorage.openOutputFile(FileTestStorage.java:60)
