--------- beginning of main
12-07 12:26:20.998  2170  2170 D StatusBar: disable<e i a s b h r c s > disable2<q i n >
12-07 12:26:21.045  1776  1825 D gralloc_ranchu: gralloc_alloc: Creating ashmem region of size 10108928
12-07 12:26:21.056  2170  2566 D EGL_emulation: eglMakeCurrent: 0xe594e040: ver 2 0 (tinfo 0xc52450c0)
12-07 12:26:21.110  1776  1825 D gralloc_ranchu: gralloc_alloc: Creating ashmem region of size 10108928
12-07 12:26:21.127  2170  2170 D StatusBar: disable<e i a s b h r c s > disable2<q i n >
12-07 12:26:21.164  1776  1825 D gralloc_ranchu: gralloc_alloc: Creating ashmem region of size 10108928
12-07 12:26:22.050 23665 23709 I QueryController: Matched selector: UiSelector[DESCRIPTION=Airplane mode] <<==>> [android.view.accessibility.AccessibilityNodeInfo@6d60f; boundsInParent: Rect(0, 0 - 292, 292); boundsInScreen: Rect(736, 804 - 1028, 1096); packageName: com.android.systemui; className: android.widget.Switch; text: Off; error: null; maxTextLength: -1; contentDescription: Airplane mode; tooltipText: null; viewIdResName: null; checkable: true; checked: false; focusable: true; focused: false; selected: false; clickable: true; longClickable: true; contextClickable: false; enabled: true; password: false; scrollable: false; importantForAccessibility: true; visible: true; actions: [AccessibilityAction: ACTION_FOCUS - null, AccessibilityAction: ACTION_SELECT - null, AccessibilityAction: ACTION_CLEAR_SELECTION - null, AccessibilityAction: ACTION_CLICK - null, AccessibilityAction: ACTION_ACCESSIBILITY_FOCUS - null, AccessibilityAction: ACTION_NEXT_AT_MOVEMENT_GRANULARITY - null, AccessibilityAction: ACTION_PREVIOUS_AT_MOVEMENT_GRANULARITY - null, AccessibilityAction: ACTION_SET_SELECTION - null, AccessibilityAction: ACTION_SHOW_ON_SCREEN - null, AccessibilityAction: ACTION_LONG_CLICK - Open settings]]
--------- beginning of system
12-07 12:26:22.070  2018  2051 D AutofillManagerService: onBackKeyPressed()
12-07 12:26:22.142 23665 23678 I teco.fmhandroi: Background concurrent copying GC freed 53786(2322KB) AllocSpace objects, 0(0B) LOS objects, 30% free, 13MB/19MB, paused 606us total 115.915ms
12-07 12:26:22.706  2170  2170 V StatusBar: mStatusBarWindow: com.android.systemui.statusbar.phone.StatusBarWindowView{4752fa5 V.E...... ........ 0,0-1080,2340} canPanelBeCollapsed(): true
12-07 12:26:22.714  2170  2170 D StatusBar: disable<e i a s b h r c s > disable2<q i n >
12-07 12:26:22.704  2018  2051 D AutofillManagerService: onBackKeyPressed()
12-07 12:26:22.728  2018  3061 I ActivityTaskManager: START u0 {act=android.intent.action.MAIN cat=[android.intent.category.LAUNCHER] flg=0x10000000 cmp=ru.iteco.fmhandroid.test/androidx.test.core.app.InstrumentationActivityInvoker$EmptyActivity} from uid 10146
12-07 12:26:22.759  2170  2170 D StatusBar: disable<e i a s b h r c s > disable2<q i n >
12-07 12:26:22.783 23665 23665 D LifecycleMonitor: Lifecycle status change: ru.iteco.fmhandroid.ui.AppActivity@27bd410 in: PAUSED
12-07 12:26:22.784 23665 23665 V ActivityScenario: Update currentActivityStage to PAUSED, currentActivity=ru.iteco.fmhandroid.ui.AppActivity@27bd410
12-07 12:26:22.787  2018  4983 W InputReader: Device has associated, but no associated display id.
12-07 12:26:22.792  2018  4983 I chatty  : uid=1000(system) Binder:2018_13 identical 38 lines
12-07 12:26:22.792  2018  4983 W InputReader: Device has associated, but no associated display id.
12-07 12:26:22.794 23721 23721 W ActivityThread: handleWindowVisibility: no activity for token android.os.BinderProxy@89ea515
12-07 12:26:22.799  2018  4983 W InputReader: Device has associated, but no associated display id.
12-07 12:26:22.799  2018  4983 I chatty  : uid=1000(system) Binder:2018_13 identical 8 lines
12-07 12:26:22.799  2018  4983 W InputReader: Device has associated, but no associated display id.
12-07 12:26:22.800 23665 23844 V FA      : Recording user engagement, ms: 17778
12-07 12:26:22.822  2170  2566 D EGL_emulation: eglMakeCurrent: 0xe594e040: ver 2 0 (tinfo 0xc52450c0)
12-07 12:26:22.842  1776  1825 D gralloc_ranchu: gralloc_alloc: Creating ashmem region of size 286720
12-07 12:26:22.854  2170  2566 D EGL_emulation: eglMakeCurrent: 0xe594e040: ver 2 0 (tinfo 0xc52450c0)
12-07 12:26:22.886  2018  8910 I ActivityTaskManager: START u0 {act=android.intent.action.MAIN cat=[android.intent.category.LAUNCHER] flg=0x10000000 cmp=ru.iteco.fmhandroid.test/androidx.test.core.app.InstrumentationActivityInvoker$EmptyActivity} from uid 10146
12-07 12:26:22.893  1776  1825 D gralloc_ranchu: gralloc_alloc: Creating ashmem region of size 286720
12-07 12:26:22.915  1776  1825 D gralloc_ranchu: gralloc_alloc: Creating ashmem region of size 286720
12-07 12:26:22.926  1776  1825 D gralloc_ranchu: gralloc_alloc: Creating ashmem region of size 10108928
12-07 12:26:22.936  1776  1825 I chatty  : uid=1000(system) HwBinder:1776_1 identical 1 line
12-07 12:26:22.938  1776  1825 D gralloc_ranchu: gralloc_alloc: Creating ashmem region of size 10108928
12-07 12:26:22.938 23721 23753 D EGL_emulation: eglMakeCurrent: 0xdd81a3c0: ver 2 0 (tinfo 0xdd80f820)
12-07 12:26:22.944 23665 23844 V FA      : Connecting to remote service
12-07 12:26:22.959 23665 23844 V FA      : Connection attempt already in progress
12-07 12:26:22.959 23665 23844 V FA      : Activity paused, time: 35445176
12-07 12:26:22.970 23665 23844 D FA      : Connected to remote service
12-07 12:26:22.973 23665 23844 V FA      : Processing queued up service tasks: 2
12-07 12:26:22.980  2018  8910 W InputReader: Device has associated, but no associated display id.
12-07 12:26:22.990  2018  8910 I chatty  : uid=1000(system) Binder:2018_1C identical 48 lines
12-07 12:26:22.991  2018  8910 W InputReader: Device has associated, but no associated display id.
12-07 12:26:23.007 23721 23721 W ActivityThread: handleWindowVisibility: no activity for token android.os.BinderProxy@950c2fc
12-07 12:26:23.017  2873 23851 V FA-SVC  : Logging event: origin=auto,name=user_engagement(_e),params=Bundle[{ga_event_origin(_o)=auto, engagement_time_msec(_et)=17778, ga_screen_class(_sc)=AppActivity, ga_screen_id(_si)=4506157587016048421}]
12-07 12:26:23.040  2018  3061 W ActivityTaskManager: Duplicate finish request for ActivityRecord{7a7d89a u0 ru.iteco.fmhandroid/.ui.AppActivity t158 f}
12-07 12:26:23.067  1776  1825 D gralloc_ranchu: gralloc_alloc: Creating ashmem region of size 10108928
12-07 12:26:23.069  2873 23851 V FA-SVC  : Upload scheduled in approximately ms: 732085
12-07 12:26:23.069  2873 23851 V FA-SVC  : Unscheduling upload
12-07 12:26:23.071  1776  1825 D gralloc_ranchu: gralloc_alloc: Creating ashmem region of size 10108928
12-07 12:26:23.073  1776  1825 D gralloc_ranchu: gralloc_alloc: Creating ashmem region of size 10108928
12-07 12:26:23.074 23721 23753 D EGL_emulation: eglMakeCurrent: 0xdd81a3c0: ver 2 0 (tinfo 0xdd80f820)
12-07 12:26:23.089  2873 23851 V FA-SVC  : Scheduling upload, millis: 732085
12-07 12:26:23.099  2018  2054 W InputReader: Device has associated, but no associated display id.
12-07 12:26:23.101  2018  2054 I chatty  : uid=1000(system) android.anim identical 18 lines
12-07 12:26:23.101  2018  2054 W InputReader: Device has associated, but no associated display id.
12-07 12:26:23.105  2018  2058 I ActivityTaskManager: Displayed ru.iteco.fmhandroid.test/androidx.test.core.app.InstrumentationActivityInvoker$EmptyActivity: +244ms
12-07 12:26:23.116  2018  3005 W InputReader: Device has associated, but no associated display id.
12-07 12:26:23.117  2018  3005 I chatty  : uid=1000(system) Binder:2018_A identical 8 lines
12-07 12:26:23.117  2018  3005 W InputReader: Device has associated, but no associated display id.
12-07 12:26:23.118  2873 23851 V FA-SVC  : Background event processing time, ms: 97
12-07 12:26:23.145 23665 23757 D EGL_emulation: eglMakeCurrent: 0xe593d600: ver 2 0 (tinfo 0xf0c9eb00)
12-07 12:26:23.171  2018  3005 W InputReader: Device has associated, but no associated display id.
12-07 12:26:23.171  2018  3005 I chatty  : uid=1000(system) Binder:2018_A identical 8 lines
12-07 12:26:23.171  2018  3005 W InputReader: Device has associated, but no associated display id.
12-07 12:26:23.186 23665 23665 D AutofillManager: onActivityFinishing(): calling cancelLocked()
12-07 12:26:23.187 23665 23665 D LifecycleMonitor: Lifecycle status change: ru.iteco.fmhandroid.ui.AppActivity@27bd410 in: STOPPED
12-07 12:26:23.187 23665 23665 V ActivityScenario: Update currentActivityStage to STOPPED, currentActivity=ru.iteco.fmhandroid.ui.AppActivity@27bd410
12-07 12:26:23.206  1776  1825 D gralloc_ranchu: gralloc_alloc: Creating ashmem region of size 10108928
12-07 12:26:23.215  1776  1825 D gralloc_ranchu: gralloc_alloc: Creating ashmem region of size 10108928
12-07 12:26:23.217 23665 23665 W System.err: ru.iteco.fmhandroid.exceptions.UnknownException
12-07 12:26:23.218 23665 23665 W System.err: 	at ru.iteco.fmhandroid.utils.Utils.makeRequest(Utils.kt:123)
12-07 12:26:23.218 23665 23665 W System.err: 	at ru.iteco.fmhandroid.utils.Utils$makeRequest$1.invokeSuspend(Unknown Source:15)
12-07 12:26:23.218 23665 23665 W System.err: 	at kotlin.coroutines.jvm.internal.BaseContinuationImpl.resumeWith(ContinuationImpl.kt:33)
12-07 12:26:23.218 23665 23665 W System.err: 	at kotlinx.coroutines.DispatchedTaskKt.resume(DispatchedTask.kt:234)
12-07 12:26:23.218 23665 23665 W System.err: 	at kotlinx.coroutines.DispatchedTaskKt.resumeUnconfined(DispatchedTask.kt:190)
12-07 12:26:23.218 23665 23665 W System.err: 	at kotlinx.coroutines.DispatchedTaskKt.dispatch(DispatchedTask.kt:161)
12-07 12:26:23.218 23665 23665 W System.err: 	at kotlinx.coroutines.CancellableContinuationImpl.dispatchResume(CancellableContinuationImpl.kt:397)
12-07 12:26:23.218 23665 23665 W System.err: 	at kotlinx.coroutines.CancellableContinuationImpl.cancel(CancellableContinuationImpl.kt:183)
12-07 12:26:23.218 23665 23665 W System.err: 	at kotlinx.coroutines.CancellableContinuationImpl.parentCancelled$kotlinx_coroutines_core(CancellableContinuationImpl.kt:190)
12-07 12:26:23.218 23665 23665 W System.err: 	at kotlinx.coroutines.ChildContinuation.invoke(JobSupport.kt:1474)
12-07 12:26:23.219 23665 23665 W System.err: 	at kotlinx.coroutines.JobSupport.notifyCancelling(JobSupport.kt:1499)
12-07 12:26:23.219 23665 23665 W System.err: 	at kotlinx.coroutines.JobSupport.tryMakeCancelling(JobSupport.kt:795)
12-07 12:26:23.219 23665 23665 W System.err: 	at kotlinx.coroutines.JobSupport.makeCancelling(JobSupport.kt:755)
12-07 12:26:23.219 23665 23665 W System.err: 	at kotlinx.coroutines.JobSupport.cancelImpl$kotlinx_coroutines_core(JobSupport.kt:671)
12-07 12:26:23.220 23665 23665 W System.err: 	at kotlinx.coroutines.JobSupport.parentCancelled(JobSupport.kt:637)
12-07 12:26:23.220 23665 23665 W System.err: 	at kotlinx.coroutines.ChildHandleNode.invoke(JobSupport.kt:1465)
12-07 12:26:23.220 23665 23665 W System.err: 	at kotlinx.coroutines.JobSupport.notifyCancelling(JobSupport.kt:1499)
12-07 12:26:23.220 23665 23665 W System.err: 	at kotlinx.coroutines.JobSupport.tryMakeCompletingSlowPath(JobSupport.kt:900)
12-07 12:26:23.220 23665 23665 W System.err: 	at kotlinx.coroutines.JobSupport.tryMakeCompleting(JobSupport.kt:863)
12-07 12:26:23.220 23665 23665 W System.err: 	at kotlinx.coroutines.JobSupport.cancelMakeCompleting(JobSupport.kt:696)
12-07 12:26:23.220 23665 23665 W System.err: 	at kotlinx.coroutines.JobSupport.cancelImpl$kotlinx_coroutines_core(JobSupport.kt:667)
12-07 12:26:23.220 23665 23665 W System.err: 	at kotlinx.coroutines.JobSupport.cancelInternal(JobSupport.kt:632)
12-07 12:26:23.220 23665 23665 W System.err: 	at kotlinx.coroutines.JobSupport.cancel(JobSupport.kt:617)
12-07 12:26:23.220 23665 23665 W System.err: 	at kotlinx.coroutines.JobKt__JobKt.cancel(Job.kt:561)
12-07 12:26:23.220 23665 23665 W System.err: 	at kotlinx.coroutines.JobKt.cancel(Unknown Source:1)
12-07 12:26:23.220 23665 23665 W System.err: 	at kotlinx.coroutines.JobKt__JobKt.cancel$default(Job.kt:560)
12-07 12:26:23.220 23665 23665 W System.err: 	at kotlinx.coroutines.JobKt.cancel$default(Unknown Source:1)
12-07 12:26:23.220 23665 23665 W System.err: 	at androidx.lifecycle.CloseableCoroutineScope.close(ViewModel.kt:51)
12-07 12:26:23.220 23665 23665 W System.err: 	at androidx.lifecycle.ViewModel.closeWithRuntimeException(ViewModel.java:188)
12-07 12:26:23.220 23665 23665 W System.err: 	at androidx.lifecycle.ViewModel.clear(ViewModel.java:134)
12-07 12:26:23.220 23665 23665 W System.err: 	at androidx.lifecycle.ViewModelStore.clear(ViewModelStore.java:62)
12-07 12:26:23.220 23665 23665 W System.err: 	at androidx.fragment.app.FragmentManagerViewModel.clearNonConfigStateInternal(FragmentManagerViewModel.java:210)
12-07 12:26:23.220 23665 23665 W System.err: 	at androidx.fragment.app.FragmentManagerViewModel.clearNonConfigState(FragmentManagerViewModel.java:190)
12-07 12:26:23.220 23665 23665 W System.err: 	at androidx.fragment.app.FragmentStateManager.destroy(FragmentStateManager.java:778)
12-07 12:26:23.220 23665 23665 W System.err: 	at androidx.fragment.app.FragmentStateManager.moveToExpectedState(FragmentStateManager.java:335)
12-07 12:26:23.221 23665 23665 W System.err: 	at androidx.fragment.app.FragmentStore.moveToExpectedState(FragmentStore.java:121)
12-07 12:26:23.221 23665 23665 W System.err: 	at androidx.fragment.app.FragmentManager.moveToState(FragmentManager.java:1374)
12-07 12:26:23.221 23665 23665 W System.err: 	at androidx.fragment.app.FragmentManager.dispatchStateChange(FragmentManager.java:2841)
12-07 12:26:23.221 23665 23665 W System.err: 	at androidx.fragment.app.FragmentManager.dispatchDestroy(FragmentManager.java:2820)
12-07 12:26:23.221 23665 23665 W System.err: 	at androidx.fragment.app.Fragment.performDestroy(Fragment.java:3246)
12-07 12:26:23.221 23665 23665 W System.err: 	at androidx.fragment.app.FragmentStateManager.destroy(FragmentStateManager.java:780)
12-07 12:26:23.221 23665 23665 W System.err: 	at androidx.fragment.app.FragmentStateManager.moveToExpectedState(FragmentStateManager.java:335)
12-07 12:26:23.221 23665 23665 W System.err: 	at androidx.fragment.app.SpecialEffectsController$FragmentStateManagerOperation.complete(SpecialEffectsController.java:771)
12-07 12:26:23.222 23665 23665 W System.err: 	at androidx.fragment.app.SpecialEffectsController$Operation.cancel(SpecialEffectsController.java:615)
12-07 12:26:23.222 23665 23665 W System.err: 	at androidx.fragment.app.SpecialEffectsController.forceCompleteAllOperations(SpecialEffectsController.java:350)
12-07 12:26:23.222 23665 23665 W System.err: 	at androidx.fragment.app.FragmentManager.dispatchStateChange(FragmentManager.java:2844)
12-07 12:26:23.223 23665 23665 W System.err: 	at androidx.fragment.app.FragmentManager.dispatchDestroy(FragmentManager.java:2820)
12-07 12:26:23.223 23665 23665 W System.err: 	at androidx.fragment.app.FragmentController.dispatchDestroy(FragmentController.java:345)
12-07 12:26:23.223 23665 23665 W System.err: 	at androidx.fragment.app.FragmentActivity.onDestroy(FragmentActivity.java:306)
12-07 12:26:23.223 23665 23665 W System.err: 	at androidx.appcompat.app.AppCompatActivity.onDestroy(AppCompatActivity.java:278)
12-07 12:26:23.224 23665 23665 W System.err: 	at android.app.Activity.performDestroy(Activity.java:8048)
12-07 12:26:23.224 23665 23665 W System.err: 	at android.app.Instrumentation.callActivityOnDestroy(Instrumentation.java:1334)
12-07 12:26:23.224 23665 23665 W System.err: 	at androidx.test.runner.MonitoringInstrumentation.callActivityOnDestroy(MonitoringInstrumentation.java:766)
12-07 12:26:23.224 23665 23665 W System.err: 	at android.app.ActivityThread.performDestroyActivity(ActivityThread.java:4926)
12-07 12:26:23.224 23665 23665 W System.err: 	at android.app.ActivityThread.handleDestroyActivity(ActivityThread.java:4970)
12-07 12:26:23.224 23665 23665 W System.err: 	at android.app.servertransaction.DestroyActivityItem.execute(DestroyActivityItem.java:44)
12-07 12:26:23.224 23665 23665 W System.err: 	at android.app.servertransaction.TransactionExecutor.executeLifecycleState(TransactionExecutor.java:176)
12-07 12:26:23.224 23665 23665 W System.err: 	at android.app.servertransaction.TransactionExecutor.execute(TransactionExecutor.java:97)
12-07 12:26:23.224 23665 23665 W System.err: 	at android.app.ActivityThread$H.handleMessage(ActivityThread.java:2016)
12-07 12:26:23.225 23665 23665 W System.err: 	at android.os.Handler.dispatchMessage(Handler.java:107)
12-07 12:26:23.225 23665 23665 W System.err: 	at android.os.Looper.loop(Looper.java:214)
12-07 12:26:23.225 23665 23665 W System.err: 	at android.app.ActivityThread.main(ActivityThread.java:7356)
12-07 12:26:23.225 23665 23665 W System.err: 	at java.lang.reflect.Method.invoke(Native Method)
12-07 12:26:23.225 23665 23665 W System.err: 	at com.android.internal.os.RuntimeInit$MethodAndArgsCaller.run(RuntimeInit.java:492)
12-07 12:26:23.225 23665 23665 W System.err: 	at com.android.internal.os.ZygoteInit.main(ZygoteInit.java:930)
12-07 12:26:23.227  1776  1825 D gralloc_ranchu: gralloc_alloc: Creating ashmem region of size 10108928
12-07 12:26:23.232  2962  3510 D EGL_emulation: eglMakeCurrent: 0xe597d120: ver 2 0 (tinfo 0xbffb2540)
12-07 12:26:23.258  1776  1825 D gralloc_ranchu: gralloc_alloc: Creating ashmem region of size 10108928
12-07 12:26:23.266 23665 23665 W System.err: ru.iteco.fmhandroid.exceptions.UnknownException
12-07 12:26:23.266 23665 23665 W System.err: 	at ru.iteco.fmhandroid.utils.Utils.makeRequest(Utils.kt:123)
12-07 12:26:23.266  2656 23785 E SQLiteDatabase: Error inserting flex_time=732000 job_id=-1 period=1465000 source=16 requires_charging=0 preferred_network_type=1 target_class=com.google.android.gms.measurement.PackageMeasurementTaskService user_id=0 target_package=com.google.android.gms tag=Measurement.PackageMeasurementTaskService.UPLOAD_TASK_TAG task_type=0 required_idleness_state=0 service_kind=0 source_version=202414000 persistence_level=1 preferred_charging_state=1 required_network_type=0 runtime=1670415983158 retry_strategy={"maximum_backoff_seconds":{"3600":0},"initial_backoff_seconds":{"30":0},"retry_policy":{"0":0}} last_runtime=0
12-07 12:26:23.266  2656 23785 E SQLiteDatabase: android.database.sqlite.SQLiteConstraintException: UNIQUE constraint failed: pending_ops.tag, pending_ops.target_class, pending_ops.target_package, pending_ops.user_id (code 2067 SQLITE_CONSTRAINT_UNIQUE)
12-07 12:26:23.266  2656 23785 E SQLiteDatabase: 	at android.database.sqlite.SQLiteConnection.nativeExecuteForLastInsertedRowId(Native Method)
12-07 12:26:23.266  2656 23785 E SQLiteDatabase: 	at android.database.sqlite.SQLiteConnection.executeForLastInsertedRowId(SQLiteConnection.java:879)
12-07 12:26:23.266  2656 23785 E SQLiteDatabase: 	at android.database.sqlite.SQLiteSession.executeForLastInsertedRowId(SQLiteSession.java:790)
12-07 12:26:23.266  2656 23785 E SQLiteDatabase: 	at android.database.sqlite.SQLiteStatement.executeInsert(SQLiteStatement.java:88)
12-07 12:26:23.266  2656 23785 E SQLiteDatabase: 	at android.database.sqlite.SQLiteDatabase.insertWithOnConflict(SQLiteDatabase.java:1599)
12-07 12:26:23.266  2656 23785 E SQLiteDatabase: 	at android.database.sqlite.SQLiteDatabase.insert(SQLiteDatabase.java:1468)
12-07 12:26:23.266  2656 23785 E SQLiteDatabase: 	at aqui.a(:com.google.android.gms@202414022@20.24.14 (040700-319035315):175)
12-07 12:26:23.266  2656 23785 E SQLiteDatabase: 	at aqtk.a(:com.google.android.gms@202414022@20.24.14 (040700-319035315):182)
12-07 12:26:23.266  2656 23785 E SQLiteDatabase: 	at aqtk.a(:com.google.android.gms@202414022@20.24.14 (040700-319035315):23)
12-07 12:26:23.266  2656 23785 E SQLiteDatabase: 	at aqtk.a(:com.google.android.gms@202414022@20.24.14 (040700-319035315):177)
12-07 12:26:23.266  2656 23785 E SQLiteDatabase: 	at aqpu.run(:com.google.android.gms@202414022@20.24.14 (040700-319035315):9)
12-07 12:26:23.266  2656 23785 E SQLiteDatabase: 	at soy.b(:com.google.android.gms@202414022@20.24.14 (040700-319035315):12)
12-07 12:26:23.266  2656 23785 E SQLiteDatabase: 	at soy.run(:com.google.android.gms@202414022@20.24.14 (040700-319035315):7)
12-07 12:26:23.266  2656 23785 E SQLiteDatabase: 	at java.util.concurrent.ThreadPoolExecutor.runWorker(ThreadPoolExecutor.java:1167)
12-07 12:26:23.266  2656 23785 E SQLiteDatabase: 	at java.util.concurrent.ThreadPoolExecutor$Worker.run(ThreadPoolExecutor.java:641)
12-07 12:26:23.266  2656 23785 E SQLiteDatabase: 	at sux.run(:com.google.android.gms@202414022@20.24.14 (040700-319035315):0)
12-07 12:26:23.266  2656 23785 E SQLiteDatabase: 	at java.lang.Thread.run(Thread.java:919)
12-07 12:26:23.267 23665 23665 W System.err: 	at ru.iteco.fmhandroid.utils.Utils$makeRequest$1.invokeSuspend(Unknown Source:15)
12-07 12:26:23.267 23665 23665 W System.err: 	at kotlin.coroutines.jvm.internal.BaseContinuationImpl.resumeWith(ContinuationImpl.kt:33)
12-07 12:26:23.267 23665 23665 W System.err: 	at kotlinx.coroutines.DispatchedTaskKt.resume(DispatchedTask.kt:234)
12-07 12:26:23.267 23665 23665 W System.err: 	at kotlinx.coroutines.DispatchedTaskKt.resumeUnconfined(DispatchedTask.kt:190)
12-07 12:26:23.268  1776  1825 D gralloc_ranchu: gralloc_alloc: Creating ashmem region of size 10108928
12-07 12:26:23.269  1776  1825 D gralloc_ranchu: gralloc_alloc: Creating ashmem region of size 10108928
12-07 12:26:23.269 23665 23665 W System.err: 	at kotlinx.coroutines.DispatchedTaskKt.dispatch(DispatchedTask.kt:161)
12-07 12:26:23.269 23665 23665 W System.err: 	at kotlinx.coroutines.CancellableContinuationImpl.dispatchResume(CancellableContinuationImpl.kt:397)
12-07 12:26:23.271 23665 23665 W System.err: 	at kotlinx.coroutines.CancellableContinuationImpl.cancel(CancellableContinuationImpl.kt:183)
12-07 12:26:23.273 12448 12488 D EGL_emulation: eglMakeCurrent: 0xe594d140: ver 2 0 (tinfo 0xc539bd10)
12-07 12:26:23.273 23665 23665 W System.err: 	at kotlinx.coroutines.CancellableContinuationImpl.parentCancelled$kotlinx_coroutines_core(CancellableContinuationImpl.kt:190)
12-07 12:26:23.273 23665 23665 W System.err: 	at kotlinx.coroutines.ChildContinuation.invoke(JobSupport.kt:1474)
12-07 12:26:23.273 23665 23665 W System.err: 	at kotlinx.coroutines.JobSupport.notifyCancelling(JobSupport.kt:1499)
12-07 12:26:23.273 23665 23665 W System.err: 	at kotlinx.coroutines.JobSupport.tryMakeCancelling(JobSupport.kt:795)
12-07 12:26:23.273 23665 23665 W System.err: 	at kotlinx.coroutines.JobSupport.makeCancelling(JobSupport.kt:755)
12-07 12:26:23.274 23665 23665 W System.err: 	at kotlinx.coroutines.JobSupport.cancelImpl$kotlinx_coroutines_core(JobSupport.kt:671)
12-07 12:26:23.274 23665 23665 W System.err: 	at kotlinx.coroutines.JobSupport.parentCancelled(JobSupport.kt:637)
12-07 12:26:23.274 23665 23665 W System.err: 	at kotlinx.coroutines.ChildHandleNode.invoke(JobSupport.kt:1465)
12-07 12:26:23.274 23665 23665 W System.err: 	at kotlinx.coroutines.JobSupport.notifyCancelling(JobSupport.kt:1499)
12-07 12:26:23.275 23665 23665 W System.err: 	at kotlinx.coroutines.JobSupport.tryMakeCompletingSlowPath(JobSupport.kt:900)
12-07 12:26:23.275 23665 23665 W System.err: 	at kotlinx.coroutines.JobSupport.tryMakeCompleting(JobSupport.kt:863)
12-07 12:26:23.275 23665 23665 W System.err: 	at kotlinx.coroutines.JobSupport.cancelMakeCompleting(JobSupport.kt:696)
12-07 12:26:23.275 23665 23665 W System.err: 	at kotlinx.coroutines.JobSupport.cancelImpl$kotlinx_coroutines_core(JobSupport.kt:667)
12-07 12:26:23.275 23665 23665 W System.err: 	at kotlinx.coroutines.JobSupport.cancelInternal(JobSupport.kt:632)
12-07 12:26:23.276 23665 23665 W System.err: 	at kotlinx.coroutines.JobSupport.cancel(JobSupport.kt:617)
12-07 12:26:23.276 23665 23665 W System.err: 	at kotlinx.coroutines.JobKt__JobKt.cancel(Job.kt:561)
12-07 12:26:23.276 23665 23665 W System.err: 	at kotlinx.coroutines.JobKt.cancel(Unknown Source:1)
12-07 12:26:23.276 23665 23665 W System.err: 	at kotlinx.coroutines.JobKt__JobKt.cancel$default(Job.kt:560)
12-07 12:26:23.276 23665 23665 W System.err: 	at kotlinx.coroutines.JobKt.cancel$default(Unknown Source:1)
12-07 12:26:23.276 23665 23665 W System.err: 	at androidx.lifecycle.CloseableCoroutineScope.close(ViewModel.kt:51)
12-07 12:26:23.276 23665 23665 W System.err: 	at androidx.lifecycle.ViewModel.closeWithRuntimeException(ViewModel.java:188)
12-07 12:26:23.277 23665 23665 W System.err: 	at androidx.lifecycle.ViewModel.clear(ViewModel.java:134)
12-07 12:26:23.277 23665 23665 W System.err: 	at androidx.lifecycle.ViewModelStore.clear(ViewModelStore.java:62)
12-07 12:26:23.277 23665 23665 W System.err: 	at androidx.fragment.app.FragmentManagerViewModel.clearNonConfigStateInternal(FragmentManagerViewModel.java:210)
12-07 12:26:23.278 23665 23665 W System.err: 	at androidx.fragment.app.FragmentManagerViewModel.clearNonConfigState(FragmentManagerViewModel.java:190)
12-07 12:26:23.278 23665 23665 W System.err: 	at androidx.fragment.app.FragmentStateManager.destroy(FragmentStateManager.java:778)
12-07 12:26:23.278 23665 23665 W System.err: 	at androidx.fragment.app.FragmentStateManager.moveToExpectedState(FragmentStateManager.java:335)
12-07 12:26:23.278 23665 23665 W System.err: 	at androidx.fragment.app.FragmentStore.moveToExpectedState(FragmentStore.java:121)
12-07 12:26:23.278 23665 23665 W System.err: 	at androidx.fragment.app.FragmentManager.moveToState(FragmentManager.java:1374)
12-07 12:26:23.279 23665 23665 W System.err: 	at androidx.fragment.app.FragmentManager.dispatchStateChange(FragmentManager.java:2841)
12-07 12:26:23.279 23665 23665 W System.err: 	at androidx.fragment.app.FragmentManager.dispatchDestroy(FragmentManager.java:2820)
12-07 12:26:23.283 23665 23665 W System.err: 	at androidx.fragment.app.Fragment.performDestroy(Fragment.java:3246)
12-07 12:26:23.283 23665 23665 W System.err: 	at androidx.fragment.app.FragmentStateManager.destroy(FragmentStateManager.java:780)
12-07 12:26:23.284 23665 23665 W System.err: 	at androidx.fragment.app.FragmentStateManager.moveToExpectedState(FragmentStateManager.java:335)
12-07 12:26:23.284 23665 23665 W System.err: 	at androidx.fragment.app.SpecialEffectsController$FragmentStateManagerOperation.complete(SpecialEffectsController.java:771)
12-07 12:26:23.285 23665 23665 W System.err: 	at androidx.fragment.app.SpecialEffectsController$Operation.cancel(SpecialEffectsController.java:615)
12-07 12:26:23.286 23665 23665 W System.err: 	at androidx.fragment.app.SpecialEffectsController.forceCompleteAllOperations(SpecialEffectsController.java:350)
12-07 12:26:23.286 23665 23665 W System.err: 	at androidx.fragment.app.FragmentManager.dispatchStateChange(FragmentManager.java:2844)
12-07 12:26:23.286 23665 23665 W System.err: 	at androidx.fragment.app.FragmentManager.dispatchDestroy(FragmentManager.java:2820)
12-07 12:26:23.286 23665 23665 W System.err: 	at androidx.fragment.app.FragmentController.dispatchDestroy(FragmentController.java:345)
12-07 12:26:23.287 23665 23665 W System.err: 	at androidx.fragment.app.FragmentActivity.onDestroy(FragmentActivity.java:306)
12-07 12:26:23.287 23665 23665 W System.err: 	at androidx.appcompat.app.AppCompatActivity.onDestroy(AppCompatActivity.java:278)
12-07 12:26:23.287 23665 23665 W System.err: 	at android.app.Activity.performDestroy(Activity.java:8048)
12-07 12:26:23.287 23665 23665 W System.err: 	at android.app.Instrumentation.callActivityOnDestroy(Instrumentation.java:1334)
12-07 12:26:23.287 23665 23665 W System.err: 	at androidx.test.runner.MonitoringInstrumentation.callActivityOnDestroy(MonitoringInstrumentation.java:766)
12-07 12:26:23.287 23665 23665 W System.err: 	at android.app.ActivityThread.performDestroyActivity(ActivityThread.java:4926)
12-07 12:26:23.287 23665 23665 W System.err: 	at android.app.ActivityThread.handleDestroyActivity(ActivityThread.java:4970)
12-07 12:26:23.287 23665 23665 W System.err: 	at android.app.servertransaction.DestroyActivityItem.execute(DestroyActivityItem.java:44)
12-07 12:26:23.287 23665 23665 W System.err: 	at android.app.servertransaction.TransactionExecutor.executeLifecycleState(TransactionExecutor.java:176)
12-07 12:26:23.287 23665 23665 W System.err: 	at android.app.servertransaction.TransactionExecutor.execute(TransactionExecutor.java:97)
12-07 12:26:23.287 23665 23665 W System.err: 	at android.app.ActivityThread$H.handleMessage(ActivityThread.java:2016)
12-07 12:26:23.287 23665 23665 W System.err: 	at android.os.Handler.dispatchMessage(Handler.java:107)
12-07 12:26:23.287 23665 23665 W System.err: 	at android.os.Looper.loop(Looper.java:214)
12-07 12:26:23.287 23665 23665 W System.err: 	at android.app.ActivityThread.main(ActivityThread.java:7356)
12-07 12:26:23.287 23665 23665 W System.err: 	at java.lang.reflect.Method.invoke(Native Method)
12-07 12:26:23.288 23665 23665 W System.err: 	at com.android.internal.os.RuntimeInit$MethodAndArgsCaller.run(RuntimeInit.java:492)
12-07 12:26:23.288 23665 23665 W System.err: 	at com.android.internal.os.ZygoteInit.main(ZygoteInit.java:930)
12-07 12:26:23.289  2962  2962 W ThreadPoolDumper: Queue length for executor EventBus is now 11. Perhaps some tasks are too long, or the pool is too small.
12-07 12:26:23.296 23665 23665 W System.err: ru.iteco.fmhandroid.exceptions.UnknownException
12-07 12:26:23.296 23665 23665 W System.err: 	at ru.iteco.fmhandroid.utils.Utils.makeRequest(Utils.kt:123)
12-07 12:26:23.296 23665 23665 W System.err: 	at ru.iteco.fmhandroid.utils.Utils$makeRequest$1.invokeSuspend(Unknown Source:15)
12-07 12:26:23.296 23665 23665 W System.err: 	at kotlin.coroutines.jvm.internal.BaseContinuationImpl.resumeWith(ContinuationImpl.kt:33)
12-07 12:26:23.296 23665 23665 W System.err: 	at kotlinx.coroutines.DispatchedTaskKt.resume(DispatchedTask.kt:234)
12-07 12:26:23.297 23665 23665 W System.err: 	at kotlinx.coroutines.DispatchedTaskKt.resumeUnconfined(DispatchedTask.kt:190)
12-07 12:26:23.297 23665 23665 W System.err: 	at kotlinx.coroutines.DispatchedTaskKt.dispatch(DispatchedTask.kt:161)
12-07 12:26:23.297 23665 23665 W System.err: 	at kotlinx.coroutines.CancellableContinuationImpl.dispatchResume(CancellableContinuationImpl.kt:397)
12-07 12:26:23.297 23665 23665 W System.err: 	at kotlinx.coroutines.CancellableContinuationImpl.cancel(CancellableContinuationImpl.kt:183)
12-07 12:26:23.297 23665 23665 W System.err: 	at kotlinx.coroutines.CancellableContinuationImpl.parentCancelled$kotlinx_coroutines_core(CancellableContinuationImpl.kt:190)
12-07 12:26:23.297 23665 23665 W System.err: 	at kotlinx.coroutines.ChildContinuation.invoke(JobSupport.kt:1474)
12-07 12:26:23.297 23665 23665 W System.err: 	at kotlinx.coroutines.JobSupport.notifyCancelling(JobSupport.kt:1499)
12-07 12:26:23.297 23665 23665 W System.err: 	at kotlinx.coroutines.JobSupport.tryMakeCancelling(JobSupport.kt:795)
12-07 12:26:23.297 23665 23665 W System.err: 	at kotlinx.coroutines.JobSupport.makeCancelling(JobSupport.kt:755)
12-07 12:26:23.297 23665 23665 W System.err: 	at kotlinx.coroutines.JobSupport.cancelImpl$kotlinx_coroutines_core(JobSupport.kt:671)
12-07 12:26:23.297 23665 23665 W System.err: 	at kotlinx.coroutines.JobSupport.parentCancelled(JobSupport.kt:637)
12-07 12:26:23.297 23665 23665 W System.err: 	at kotlinx.coroutines.ChildHandleNode.invoke(JobSupport.kt:1465)
12-07 12:26:23.297 23665 23665 W System.err: 	at kotlinx.coroutines.JobSupport.notifyCancelling(JobSupport.kt:1499)
12-07 12:26:23.297 23665 23665 W System.err: 	at kotlinx.coroutines.JobSupport.tryMakeCompletingSlowPath(JobSupport.kt:900)
12-07 12:26:23.297 23665 23665 W System.err: 	at kotlinx.coroutines.JobSupport.tryMakeCompleting(JobSupport.kt:863)
12-07 12:26:23.297 23665 23665 W System.err: 	at kotlinx.coroutines.JobSupport.cancelMakeCompleting(JobSupport.kt:696)
12-07 12:26:23.298 23665 23665 W System.err: 	at kotlinx.coroutines.JobSupport.cancelImpl$kotlinx_coroutines_core(JobSupport.kt:667)
12-07 12:26:23.298 23665 23665 W System.err: 	at kotlinx.coroutines.JobSupport.cancelInternal(JobSupport.kt:632)
12-07 12:26:23.298 23665 23665 W System.err: 	at kotlinx.coroutines.JobSupport.cancel(JobSupport.kt:617)
12-07 12:26:23.298 23665 23665 W System.err: 	at kotlinx.coroutines.JobKt__JobKt.cancel(Job.kt:561)
12-07 12:26:23.298 23665 23665 W System.err: 	at kotlinx.coroutines.JobKt.cancel(Unknown Source:1)
12-07 12:26:23.298 23665 23665 W System.err: 	at kotlinx.coroutines.JobKt__JobKt.cancel$default(Job.kt:560)
12-07 12:26:23.298 23665 23665 W System.err: 	at kotlinx.coroutines.JobKt.cancel$default(Unknown Source:1)
12-07 12:26:23.298 23665 23665 W System.err: 	at androidx.lifecycle.CloseableCoroutineScope.close(ViewModel.kt:51)
12-07 12:26:23.298 23665 23665 W System.err: 	at androidx.lifecycle.ViewModel.closeWithRuntimeException(ViewModel.java:188)
12-07 12:26:23.298 23665 23665 W System.err: 	at androidx.lifecycle.ViewModel.clear(ViewModel.java:134)
12-07 12:26:23.298 23665 23665 W System.err: 	at androidx.lifecycle.ViewModelStore.clear(ViewModelStore.java:62)
12-07 12:26:23.298 23665 23665 W System.err: 	at androidx.fragment.app.FragmentManagerViewModel.clearNonConfigStateInternal(FragmentManagerViewModel.java:210)
12-07 12:26:23.298 23665 23665 W System.err: 	at androidx.fragment.app.FragmentManagerViewModel.clearNonConfigState(FragmentManagerViewModel.java:190)
12-07 12:26:23.298 23665 23665 W System.err: 	at androidx.fragment.app.FragmentStateManager.destroy(FragmentStateManager.java:778)
12-07 12:26:23.299 23665 23665 W System.err: 	at androidx.fragment.app.FragmentStateManager.moveToExpectedState(FragmentStateManager.java:335)
12-07 12:26:23.305 23665 23665 W System.err: 	at androidx.fragment.app.FragmentStore.moveToExpectedState(FragmentStore.java:121)
12-07 12:26:23.305 23665 23665 W System.err: 	at androidx.fragment.app.FragmentManager.moveToState(FragmentManager.java:1374)
12-07 12:26:23.305 23665 23665 W System.err: 	at androidx.fragment.app.FragmentManager.dispatchStateChange(FragmentManager.java:2841)
12-07 12:26:23.305 23665 23665 W System.err: 	at androidx.fragment.app.FragmentManager.dispatchDestroy(FragmentManager.java:2820)
12-07 12:26:23.305 23665 23665 W System.err: 	at androidx.fragment.app.Fragment.performDestroy(Fragment.java:3246)
12-07 12:26:23.305 23665 23665 W System.err: 	at androidx.fragment.app.FragmentStateManager.destroy(FragmentStateManager.java:780)
12-07 12:26:23.305 23665 23665 W System.err: 	at androidx.fragment.app.FragmentStateManager.moveToExpectedState(FragmentStateManager.java:335)
12-07 12:26:23.305 23665 23665 W System.err: 	at androidx.fragment.app.SpecialEffectsController$FragmentStateManagerOperation.complete(SpecialEffectsController.java:771)
12-07 12:26:23.305 23665 23665 W System.err: 	at androidx.fragment.app.SpecialEffectsController$Operation.cancel(SpecialEffectsController.java:615)
12-07 12:26:23.305 23665 23665 W System.err: 	at androidx.fragment.app.SpecialEffectsController.forceCompleteAllOperations(SpecialEffectsController.java:350)
12-07 12:26:23.305 23665 23665 W System.err: 	at androidx.fragment.app.FragmentManager.dispatchStateChange(FragmentManager.java:2844)
12-07 12:26:23.305 23665 23665 W System.err: 	at androidx.fragment.app.FragmentManager.dispatchDestroy(FragmentManager.java:2820)
12-07 12:26:23.305 23665 23665 W System.err: 	at androidx.fragment.app.FragmentController.dispatchDestroy(FragmentController.java:345)
12-07 12:26:23.305 23665 23665 W System.err: 	at androidx.fragment.app.FragmentActivity.onDestroy(FragmentActivity.java:306)
12-07 12:26:23.305 23665 23665 W System.err: 	at androidx.appcompat.app.AppCompatActivity.onDestroy(AppCompatActivity.java:278)
12-07 12:26:23.305 23665 23665 W System.err: 	at android.app.Activity.performDestroy(Activity.java:8048)
12-07 12:26:23.305 23665 23665 W System.err: 	at android.app.Instrumentation.callActivityOnDestroy(Instrumentation.java:1334)
12-07 12:26:23.306 23665 23665 W System.err: 	at androidx.test.runner.MonitoringInstrumentation.callActivityOnDestroy(MonitoringInstrumentation.java:766)
12-07 12:26:23.306 23665 23665 W System.err: 	at android.app.ActivityThread.performDestroyActivity(ActivityThread.java:4926)
12-07 12:26:23.306 23665 23665 W System.err: 	at android.app.ActivityThread.handleDestroyActivity(ActivityThread.java:4970)
12-07 12:26:23.306 23665 23665 W System.err: 	at android.app.servertransaction.DestroyActivityItem.execute(DestroyActivityItem.java:44)
12-07 12:26:23.306 23665 23665 W System.err: 	at android.app.servertransaction.TransactionExecutor.executeLifecycleState(TransactionExecutor.java:176)
12-07 12:26:23.306 23665 23665 W System.err: 	at android.app.servertransaction.TransactionExecutor.execute(TransactionExecutor.java:97)
12-07 12:26:23.306 23665 23665 W System.err: 	at android.app.ActivityThread$H.handleMessage(ActivityThread.java:2016)
12-07 12:26:23.306 23665 23665 W System.err: 	at android.os.Handler.dispatchMessage(Handler.java:107)
12-07 12:26:23.307 23665 23665 W System.err: 	at android.os.Looper.loop(Looper.java:214)
12-07 12:26:23.307 23665 23665 W System.err: 	at android.app.ActivityThread.main(ActivityThread.java:7356)
12-07 12:26:23.307 23665 23665 W System.err: 	at java.lang.reflect.Method.invoke(Native Method)
12-07 12:26:23.307 23665 23665 W System.err: 	at com.android.internal.os.RuntimeInit$MethodAndArgsCaller.run(RuntimeInit.java:492)
12-07 12:26:23.307 23665 23665 W System.err: 	at com.android.internal.os.ZygoteInit.main(ZygoteInit.java:930)
12-07 12:26:23.317  2018  2054 W InputReader: Device has associated, but no associated display id.
12-07 12:26:23.317  2018  2054 I chatty  : uid=1000(system) android.anim identical 8 lines
12-07 12:26:23.317  2018  2054 W InputReader: Device has associated, but no associated display id.
12-07 12:26:23.322  1776  1825 D gralloc_ranchu: gralloc_alloc: Creating ashmem region of size 6471680
12-07 12:26:23.323 23665 23665 W System.err: ru.iteco.fmhandroid.exceptions.UnknownException
12-07 12:26:23.323 23665 23665 W System.err: 	at ru.iteco.fmhandroid.utils.Utils.makeRequest(Utils.kt:123)
12-07 12:26:23.323 23665 23665 W System.err: 	at ru.iteco.fmhandroid.utils.Utils$makeRequest$1.invokeSuspend(Unknown Source:15)
12-07 12:26:23.323 23665 23665 W System.err: 	at kotlin.coroutines.jvm.internal.BaseContinuationImpl.resumeWith(ContinuationImpl.kt:33)
12-07 12:26:23.323 23665 23665 W System.err: 	at kotlinx.coroutines.DispatchedTaskKt.resume(DispatchedTask.kt:234)
12-07 12:26:23.323 23665 23665 W System.err: 	at kotlinx.coroutines.DispatchedTaskKt.resumeUnconfined(DispatchedTask.kt:190)
12-07 12:26:23.323 23665 23665 W System.err: 	at kotlinx.coroutines.DispatchedTaskKt.dispatch(DispatchedTask.kt:161)
12-07 12:26:23.323 23665 23665 W System.err: 	at kotlinx.coroutines.CancellableContinuationImpl.dispatchResume(CancellableContinuationImpl.kt:397)
12-07 12:26:23.323 23665 23665 W System.err: 	at kotlinx.coroutines.CancellableContinuationImpl.cancel(CancellableContinuationImpl.kt:183)
12-07 12:26:23.323 23665 23665 W System.err: 	at kotlinx.coroutines.CancellableContinuationImpl.parentCancelled$kotlinx_coroutines_core(CancellableContinuationImpl.kt:190)
12-07 12:26:23.323 23665 23665 W System.err: 	at kotlinx.coroutines.ChildContinuation.invoke(JobSupport.kt:1474)
12-07 12:26:23.323 23665 23665 W System.err: 	at kotlinx.coroutines.JobSupport.notifyCancelling(JobSupport.kt:1499)
12-07 12:26:23.323 23665 23665 W System.err: 	at kotlinx.coroutines.JobSupport.tryMakeCancelling(JobSupport.kt:795)
12-07 12:26:23.323 23665 23665 W System.err: 	at kotlinx.coroutines.JobSupport.makeCancelling(JobSupport.kt:755)
12-07 12:26:23.323 23665 23665 W System.err: 	at kotlinx.coroutines.JobSupport.cancelImpl$kotlinx_coroutines_core(JobSupport.kt:671)
12-07 12:26:23.323 23665 23665 W System.err: 	at kotlinx.coroutines.JobSupport.parentCancelled(JobSupport.kt:637)
12-07 12:26:23.324 23665 23665 W System.err: 	at kotlinx.coroutines.ChildHandleNode.invoke(JobSupport.kt:1465)
12-07 12:26:23.324 23665 23665 W System.err: 	at kotlinx.coroutines.JobSupport.notifyCancelling(JobSupport.kt:1499)
12-07 12:26:23.324 23665 23665 W System.err: 	at kotlinx.coroutines.JobSupport.tryMakeCompletingSlowPath(JobSupport.kt:900)
12-07 12:26:23.324 23665 23665 W System.err: 	at kotlinx.coroutines.JobSupport.tryMakeCompleting(JobSupport.kt:863)
12-07 12:26:23.325 23665 23665 W System.err: 	at kotlinx.coroutines.JobSupport.cancelMakeCompleting(JobSupport.kt:696)
12-07 12:26:23.325 23665 23665 W System.err: 	at kotlinx.coroutines.JobSupport.cancelImpl$kotlinx_coroutines_core(JobSupport.kt:667)
12-07 12:26:23.325 23665 23665 W System.err: 	at kotlinx.coroutines.JobSupport.cancelInternal(JobSupport.kt:632)
12-07 12:26:23.325 23665 23665 W System.err: 	at kotlinx.coroutines.JobSupport.cancel(JobSupport.kt:617)
12-07 12:26:23.325 23665 23665 W System.err: 	at kotlinx.coroutines.JobKt__JobKt.cancel(Job.kt:561)
12-07 12:26:23.325 23665 23665 W System.err: 	at kotlinx.coroutines.JobKt.cancel(Unknown Source:1)
12-07 12:26:23.325 23665 23665 W System.err: 	at kotlinx.coroutines.JobKt__JobKt.cancel$default(Job.kt:560)
12-07 12:26:23.325 23665 23665 W System.err: 	at kotlinx.coroutines.JobKt.cancel$default(Unknown Source:1)
12-07 12:26:23.325 23665 23665 W System.err: 	at androidx.lifecycle.CloseableCoroutineScope.close(ViewModel.kt:51)
12-07 12:26:23.325 23665 23665 W System.err: 	at androidx.lifecycle.ViewModel.closeWithRuntimeException(ViewModel.java:188)
12-07 12:26:23.325 23665 23665 W System.err: 	at androidx.lifecycle.ViewModel.clear(ViewModel.java:134)
12-07 12:26:23.325 23665 23665 W System.err: 	at androidx.lifecycle.ViewModelStore.clear(ViewModelStore.java:62)
12-07 12:26:23.325 23665 23665 W System.err: 	at androidx.fragment.app.FragmentManagerViewModel.clearNonConfigStateInternal(FragmentManagerViewModel.java:210)
12-07 12:26:23.325 23665 23665 W System.err: 	at androidx.fragment.app.FragmentManagerViewModel.clearNonConfigState(FragmentManagerViewModel.java:190)
12-07 12:26:23.325 23665 23665 W System.err: 	at androidx.fragment.app.FragmentStateManager.destroy(FragmentStateManager.java:778)
12-07 12:26:23.325 23665 23665 W System.err: 	at androidx.fragment.app.FragmentStateManager.moveToExpectedState(FragmentStateManager.java:335)
12-07 12:26:23.325 23665 23665 W System.err: 	at androidx.fragment.app.FragmentStore.moveToExpectedState(FragmentStore.java:121)
12-07 12:26:23.325 23665 23665 W System.err: 	at androidx.fragment.app.FragmentManager.moveToState(FragmentManager.java:1374)
12-07 12:26:23.326 23665 23665 W System.err: 	at androidx.fragment.app.FragmentManager.dispatchStateChange(FragmentManager.java:2841)
12-07 12:26:23.326 23665 23665 W System.err: 	at androidx.fragment.app.FragmentManager.dispatchDestroy(FragmentManager.java:2820)
12-07 12:26:23.326 23665 23665 W System.err: 	at androidx.fragment.app.Fragment.performDestroy(Fragment.java:3246)
12-07 12:26:23.326 23665 23665 W System.err: 	at androidx.fragment.app.FragmentStateManager.destroy(FragmentStateManager.java:780)
12-07 12:26:23.326 23665 23665 W System.err: 	at androidx.fragment.app.FragmentStateManager.moveToExpectedState(FragmentStateManager.java:335)
12-07 12:26:23.326 23665 23665 W System.err: 	at androidx.fragment.app.SpecialEffectsController$FragmentStateManagerOperation.complete(SpecialEffectsController.java:771)
12-07 12:26:23.326 23665 23665 W System.err: 	at androidx.fragment.app.SpecialEffectsController$Operation.cancel(SpecialEffectsController.java:615)
12-07 12:26:23.326 23665 23665 W System.err: 	at androidx.fragment.app.SpecialEffectsController.forceCompleteAllOperations(SpecialEffectsController.java:350)
12-07 12:26:23.326 23665 23665 W System.err: 	at androidx.fragment.app.FragmentManager.dispatchStateChange(FragmentManager.java:2844)
12-07 12:26:23.326 23665 23665 W System.err: 	at androidx.fragment.app.FragmentManager.dispatchDestroy(FragmentManager.java:2820)
12-07 12:26:23.326 23665 23665 W System.err: 	at androidx.fragment.app.FragmentController.dispatchDestroy(FragmentController.java:345)
12-07 12:26:23.326 23665 23665 W System.err: 	at androidx.fragment.app.FragmentActivity.onDestroy(FragmentActivity.java:306)
12-07 12:26:23.326 23665 23665 W System.err: 	at androidx.appcompat.app.AppCompatActivity.onDestroy(AppCompatActivity.java:278)
12-07 12:26:23.326 23665 23665 W System.err: 	at android.app.Activity.performDestroy(Activity.java:8048)
12-07 12:26:23.326 23665 23665 W System.err: 	at android.app.Instrumentation.callActivityOnDestroy(Instrumentation.java:1334)
12-07 12:26:23.326 23665 23665 W System.err: 	at androidx.test.runner.MonitoringInstrumentation.callActivityOnDestroy(MonitoringInstrumentation.java:766)
12-07 12:26:23.326 23665 23665 W System.err: 	at android.app.ActivityThread.performDestroyActivity(ActivityThread.java:4926)
12-07 12:26:23.326 23665 23665 W System.err: 	at android.app.ActivityThread.handleDestroyActivity(ActivityThread.java:4970)
12-07 12:26:23.326 23665 23665 W System.err: 	at android.app.servertransaction.DestroyActivityItem.execute(DestroyActivityItem.java:44)
12-07 12:26:23.327 23665 23665 W System.err: 	at android.app.servertransaction.TransactionExecutor.executeLifecycleState(TransactionExecutor.java:176)
12-07 12:26:23.327 23665 23665 W System.err: 	at android.app.servertransaction.TransactionExecutor.execute(TransactionExecutor.java:97)
12-07 12:26:23.327 23665 23665 W System.err: 	at android.app.ActivityThread$H.handleMessage(ActivityThread.java:2016)
12-07 12:26:23.327 23665 23665 W System.err: 	at android.os.Handler.dispatchMessage(Handler.java:107)
12-07 12:26:23.327 23665 23665 W System.err: 	at android.os.Looper.loop(Looper.java:214)
12-07 12:26:23.327 23665 23665 W System.err: 	at android.app.ActivityThread.main(ActivityThread.java:7356)
12-07 12:26:23.327 23665 23665 W System.err: 	at java.lang.reflect.Method.invoke(Native Method)
12-07 12:26:23.327 23665 23665 W System.err: 	at com.android.internal.os.RuntimeInit$MethodAndArgsCaller.run(RuntimeInit.java:492)
12-07 12:26:23.327 23665 23665 W System.err: 	at com.android.internal.os.ZygoteInit.main(ZygoteInit.java:930)
12-07 12:26:23.338 23665 23665 D LifecycleMonitor: Lifecycle status change: ru.iteco.fmhandroid.ui.AppActivity@27bd410 in: DESTROYED
12-07 12:26:23.338 23665 23665 V ActivityScenario: Update currentActivityStage to DESTROYED, currentActivity=null
12-07 12:26:23.342 23665 23709 I TestRunner: finished: shouldSubstituteInTheTitleFieldTheValueOfTheCategoryField(ru.iteco.fmhandroid.ui.NewsCreationFormTest)
12-07 12:26:23.348  2170  2566 D EGL_emulation: eglMakeCurrent: 0xe594e040: ver 2 0 (tinfo 0xc52450c0)
12-07 12:26:23.370 23721 23753 D EGL_emulation: eglMakeCurrent: 0xdd81a3c0: ver 2 0 (tinfo 0xdd80f820)
12-07 12:26:23.370  2170  2566 D EGL_emulation: eglMakeCurrent: 0xe594e040: ver 2 0 (tinfo 0xc52450c0)
12-07 12:26:23.392  2018  7392 D HostConnection: HostConnection::get() New Host Connection established 0xb22b1870, tid 7392
12-07 12:26:23.393  2018  7392 D HostConnection: HostComposition ext ANDROID_EMU_CHECKSUM_HELPER_v1 ANDROID_EMU_dma_v1 ANDROID_EMU_direct_mem ANDROID_EMU_host_composition_v1 ANDROID_EMU_host_composition_v2 ANDROID_EMU_vulkan ANDROID_EMU_deferred_vulkan_commands ANDROID_EMU_vulkan_null_optional_strings ANDROID_EMU_vulkan_create_resources_with_requirements ANDROID_EMU_YUV_Cache ANDROID_EMU_vulkan_ignored_handles ANDROID_EMU_vulkan_free_memory_sync ANDROID_EMU_vulkan_shader_float16_int8 ANDROID_EMU_vulkan_async_queue_submit ANDROID_EMU_sync_buffer_data GL_OES_vertex_array_object GL_KHR_texture_compression_astc_ldr ANDROID_EMU_host_side_tracing ANDROID_EMU_gles_max_version_2 
12-07 12:26:23.393  2962  3348 W SessionLifecycleManager: Handover failed. Creating new session controller.
12-07 12:26:23.396  1793  1793 E Layer   : [Surface(name=AppWindowToken{8dcd2e token=Token{a00d3a9 ActivityRecord{4384b30 u0 com.google.android.apps.nexuslauncher/.NexusLauncherActivity t105}}})/@0x3848044 - animation-leash#0] No local sync point found
12-07 12:26:23.396  1793  1793 E Layer   : [Surface(name=AppWindowToken{d762ddc token=Token{42cb24f ActivityRecord{6df84ae u0 ru.iteco.fmhandroid.test/androidx.test.core.app.InstrumentationActivityInvoker$EmptyActivity t158}}})/@0x715b972 - animation-leash#0] No local sync point found
12-07 12:26:23.398  2018  2018 W ActivityManager: Unable to start service Intent { act=android.service.appprediction.AppPredictionService cmp=com.google.android.as/com.google.android.apps.miphone.aiai.app.AiAiPredictionService } U=0: not found
12-07 12:26:23.398  2018  2018 W RemoteAppPredictionService: could not bind to Intent { act=android.service.appprediction.AppPredictionService cmp=com.google.android.as/com.google.android.apps.miphone.aiai.app.AiAiPredictionService } using flags 67108865
12-07 12:26:23.398  2018  7392 W OpenGLRenderer: Failed to choose config with EGL_SWAP_BEHAVIOR_PRESERVED, retrying without...
12-07 12:26:23.463  2170  2566 D EGL_emulation: eglMakeCurrent: 0xe594e040: ver 2 0 (tinfo 0xc52450c0)
12-07 12:26:23.473  1764  1891 W audio_hw_generic: Not supplying enough data to HAL, expected position 67526989 , only wrote 67173464
12-07 12:26:23.473  2018  7392 D EGL_emulation: eglCreateContext: 0xb2357760: maj 2 min 0 rcv 2
12-07 12:26:23.479  2018  7392 D EGL_emulation: eglMakeCurrent: 0xb2357760: ver 2 0 (tinfo 0xc0d1c860)
12-07 12:26:23.532 12448 12466 I s.nexuslaunche: NativeAlloc concurrent copying GC freed 2616(208KB) AllocSpace objects, 0(0B) LOS objects, 49% free, 2671KB/5343KB, paused 946us total 108.266ms
12-07 12:26:23.533 12448 12468 W System  : A resource failed to call release. 
12-07 12:26:23.533 12448 12468 I chatty  : uid=10108(com.google.android.apps.nexuslauncher) FinalizerDaemon identical 2 lines
12-07 12:26:23.534 12448 12468 W System  : A resource failed to call release. 
12-07 12:26:23.568 23665 23709 I TestRunner: ignored: shouldNotCreateANewsItemWithPublicationDateOneYearAgo(ru.iteco.fmhandroid.ui.NewsCreationFormTest)
12-07 12:26:23.604 23665 23709 I TestRunner: started: shouldCreateANewsItemWithCategoryHoliday(ru.iteco.fmhandroid.ui.NewsCreationFormTest)
12-07 12:26:23.623  2962 23787 W LocationOracle: No location history returned by ContextManager
