12-10 22:09:16.838  6935  6935 I ViewInteraction: Performing 'wait for a specific view with <(view.getId() is <2131231039/ru.iteco.fmhandroid:id/enter_button> and an instance of android.widget.TextView and view.getText() with or without transformation to match: is "SIGN IN" and view.getContentDescription() is "Save" and view.getParent() view.getParent() an instance of android.widget.RelativeLayout)> during 10000 millis.' action on view view.getRootView() to equal view
12-10 22:09:16.842  6935  7033 W teco.fmhandroi: Accessing hidden method Lsun/misc/Unsafe;->compareAndSwapObject(Ljava/lang/Object;JLjava/lang/Object;Ljava/lang/Object;)Z (greylist, linking, allowed)
12-10 22:09:16.846  6935  6935 I ViewInteraction: Checking 'MatchesViewAssertion{viewMatcher=view.isClickable() is <true>}' assertion on view (view.getId() is <2131231039/ru.iteco.fmhandroid:id/enter_button> and an instance of android.widget.TextView and view.getText() with or without transformation to match: is "SIGN IN" and view.getContentDescription() is "Save" and view.getParent() view.getParent() an instance of android.widget.RelativeLayout)
12-10 22:09:16.847  6935  6980 W teco.fmhandroi: Accessing hidden method Lsun/misc/Unsafe;->compareAndSwapObject(Ljava/lang/Object;JLjava/lang/Object;Ljava/lang/Object;)Z (greylist, linking, allowed)
12-10 22:09:16.849  6935  6935 I ViewInteraction: Performing 'wait for a specific view with <(view.getId() is <2131231039/ru.iteco.fmhandroid:id/enter_button> and an instance of android.widget.TextView and view.getText() with or without transformation to match: is "SIGN IN" and view.getContentDescription() is "Save" and view.getParent() view.getParent() an instance of android.widget.RelativeLayout)> during 10000 millis.' action on view view.getRootView() to equal view
12-10 22:09:16.853  6935  6980 W teco.fmhandroi: Accessing hidden method Landroid/view/ViewConfiguration;->getDoubleTapMinTime()I (greylist, reflection, allowed)
12-10 22:09:16.861  6935  6980 W teco.fmhandroi: Accessing hidden method Lsun/misc/Unsafe;->compareAndSwapObject(Ljava/lang/Object;JLjava/lang/Object;Ljava/lang/Object;)Z (greylist, linking, allowed)
12-10 22:09:16.861  6935  7033 W teco.fmhandroi: Accessing hidden method Lsun/misc/Unsafe;->compareAndSwapObject(Ljava/lang/Object;JLjava/lang/Object;Ljava/lang/Object;)Z (greylist, linking, allowed)
12-10 22:09:16.872  6935  6935 I ViewInteraction: Performing 'single click' action on view (view.getId() is <2131231039/ru.iteco.fmhandroid:id/enter_button> and an instance of android.widget.TextView and view.getText() with or without transformation to match: is "SIGN IN" and view.getContentDescription() is "Save" and view.getParent() view.getParent() an instance of android.widget.RelativeLayout)
12-10 22:09:16.940  6935  6935 W teco.fmhandroi: Accessing hidden field Lsun/misc/Unsafe;->theUnsafe:Lsun/misc/Unsafe; (greylist, reflection, allowed)
12-10 22:09:16.940  6935  6935 W teco.fmhandroi: Accessing hidden method Lsun/misc/Unsafe;->allocateInstance(Ljava/lang/Class;)Ljava/lang/Object; (greylist, reflection, allowed)
12-10 22:09:16.979  6935  7039 I okhttp.OkHttpClient: --> POST http://www.981757-ca08998.tmweb.ru:8080/fmh/authentication/login
12-10 22:09:16.979  6935  7039 I okhttp.OkHttpClient: Content-Type: application/json; charset=UTF-8
12-10 22:09:16.979  6935  7039 I okhttp.OkHttpClient: Content-Length: 41
12-10 22:09:16.979  6935  7039 I okhttp.OkHttpClient: {"login":"login2","password":"password2"}
12-10 22:09:16.980  6935  7039 I okhttp.OkHttpClient: --> END POST (41-byte body)
12-10 22:09:16.986  1765  3741 W audio_hw_generic: Not supplying enough data to HAL, expected position 980307 , only wrote 980263
12-10 22:09:17.148  1745  7040 E ResolverController: No valid NAT64 prefix (100, <unspecified>/0)
12-10 22:09:17.214  6935  6980 W teco.fmhandroi: Accessing hidden method Lsun/misc/Unsafe;->compareAndSwapObject(Ljava/lang/Object;JLjava/lang/Object;Ljava/lang/Object;)Z (greylist, linking, allowed)
12-10 22:09:17.218  6935  6935 I ViewInteraction: Performing 'wait for a specific view with <an instance of android.widget.TextView and view.getText() with or without transformation to match: is "News"> during 10000 millis.' action on view view.getRootView() to equal view
12-10 22:09:17.247  2638  6355 I LogUtils: [Places]: ?: Couldn't find platform key file. [CONTEXT service_id=253 ]
12-10 22:09:17.248  2638  6355 I LogUtils: [Places]: ?: Couldn't find platform key file. [CONTEXT service_id=253 ]
12-10 22:09:17.263  2638  6828 I LogUtils: [Places]: ?: PlacesBleScanner stop() [CONTEXT service_id=253 ]
12-10 22:09:17.264  2638  2638 I BeaconBle: Scan : No clients left, canceling alarm. [CONTEXT service_id=111 ]
12-10 22:09:17.265  2638  2638 I BeaconBle: Scan canceled successfully. [CONTEXT service_id=111 ]
12-10 22:09:17.272  2638  6828 I PlacesLogger: [PlaceInferenceEngine]: [anon] Changed inference mode: 0 [CONTEXT service_id=253 ]
12-10 22:09:17.295  2638  3626 W GCoreFlp: No location to return for getLastLocation()
12-10 22:09:17.317  2638  6355 I LogUtils: [Places]: ?: Couldn't find platform key file. [CONTEXT service_id=253 ]
12-10 22:09:17.318  2638  6619 I LogUtils: [Places]: ?: Couldn't find platform key file. [CONTEXT service_id=253 ]
12-10 22:09:17.359  2638  2638 I GeofencerStateMachine: removeGeofences: removeRequest=RemoveGeofencingRequest[REMOVE_BY_PENDING_INTENT pendingIntent=PendingIntent[creatorPackage=com.google.android.gms], packageName=com.google.android.gms]
12-10 22:09:17.554  6935  7039 I okhttp.OkHttpClient: <-- 200 http://www.981757-ca08998.tmweb.ru:8080/fmh/authentication/login (574ms)
12-10 22:09:17.554  6935  7039 I okhttp.OkHttpClient: Vary: Origin
12-10 22:09:17.554  6935  7039 I okhttp.OkHttpClient: Vary: Access-Control-Request-Method
12-10 22:09:17.554  6935  7039 I okhttp.OkHttpClient: Vary: Access-Control-Request-Headers
12-10 22:09:17.554  6935  7039 I okhttp.OkHttpClient: X-Content-Type-Options: nosniff
12-10 22:09:17.554  6935  7039 I okhttp.OkHttpClient: X-XSS-Protection: 1; mode=block
12-10 22:09:17.554  6935  7039 I okhttp.OkHttpClient: Cache-Control: no-cache, no-store, max-age=0, must-revalidate
12-10 22:09:17.555  6935  7039 I okhttp.OkHttpClient: Pragma: no-cache
12-10 22:09:17.556  6935  7039 I okhttp.OkHttpClient: Expires: 0
12-10 22:09:17.556  6935  7039 I okhttp.OkHttpClient: X-Frame-Options: DENY
12-10 22:09:17.557  6935  7039 I okhttp.OkHttpClient: Content-Type: application/json
12-10 22:09:17.557  6935  7039 I okhttp.OkHttpClient: Transfer-Encoding: chunked
12-10 22:09:17.557  6935  7039 I okhttp.OkHttpClient: Date: Sat, 10 Dec 2022 22:09:20 GMT
12-10 22:09:17.558  6935  7039 I okhttp.OkHttpClient: Keep-Alive: timeout=60
12-10 22:09:17.558  6935  7039 I okhttp.OkHttpClient: Connection: keep-alive
12-10 22:09:17.559  6935  7039 I okhttp.OkHttpClient: {"accessToken":"eyJhbGciOiJIUzUxMiJ9.eyJzdWIiOiJsb2dpbjIiLCJqdGkiOiIxIiwiZXhwIjoxNjcwNzk2NTYwfQ.uFw9ytj3C47ZTZ5YrthevInb87Q3oQ_v1W_GEKKxPIP1izOsfKJUHa002MaOPSCTAb-QLxMjXaADoRaVJwDGjA","refreshToken":"eyJhbGciOiJIUzUxMiJ9.eyJzdWIiOiJsb2dpbjIiLCJqdGkiOiIxIiwiZXhwIjoxNjczMzAyMTYwfQ.GMcomLEMhL0lDBwck7_4ZxouxZ9-zwK16rkAmXhJUN1ALXhqngIN97KqT1cXQLySRg20FAvo2BKFiIqm-rAKTA"}
12-10 22:09:17.560  6935  7039 I okhttp.OkHttpClient: <-- END HTTP (368-byte body)
12-10 22:09:17.572  6935  7047 I okhttp.OkHttpClient: --> GET http://www.981757-ca08998.tmweb.ru:8080/fmh/authentication/userInfo
12-10 22:09:17.572  6935  7047 I okhttp.OkHttpClient: --> END GET
12-10 22:09:17.784  6935  6974 V FA      : Inactivity, disconnecting from the service
12-10 22:09:17.845  6935  7047 I okhttp.OkHttpClient: <-- 200 http://www.981757-ca08998.tmweb.ru:8080/fmh/authentication/userInfo (272ms)
12-10 22:09:17.845  6935  7047 I okhttp.OkHttpClient: Vary: Origin
12-10 22:09:17.845  6935  7047 I okhttp.OkHttpClient: Vary: Access-Control-Request-Method
12-10 22:09:17.845  6935  7047 I okhttp.OkHttpClient: Vary: Access-Control-Request-Headers
12-10 22:09:17.845  6935  7047 I okhttp.OkHttpClient: X-Content-Type-Options: nosniff
12-10 22:09:17.845  6935  7047 I okhttp.OkHttpClient: X-XSS-Protection: 1; mode=block
12-10 22:09:17.845  6935  7047 I okhttp.OkHttpClient: Cache-Control: no-cache, no-store, max-age=0, must-revalidate
12-10 22:09:17.845  6935  7047 I okhttp.OkHttpClient: Pragma: no-cache
12-10 22:09:17.845  6935  7047 I okhttp.OkHttpClient: Expires: 0
12-10 22:09:17.845  6935  7047 I okhttp.OkHttpClient: X-Frame-Options: DENY
12-10 22:09:17.845  6935  7047 I okhttp.OkHttpClient: Content-Type: application/json
12-10 22:09:17.845  6935  7047 I okhttp.OkHttpClient: Transfer-Encoding: chunked
12-10 22:09:17.845  6935  7047 I okhttp.OkHttpClient: Date: Sat, 10 Dec 2022 22:09:20 GMT
12-10 22:09:17.845  6935  7047 I okhttp.OkHttpClient: Keep-Alive: timeout=60
12-10 22:09:17.845  6935  7047 I okhttp.OkHttpClient: Connection: keep-alive
12-10 22:09:17.846  6935  7047 I okhttp.OkHttpClient: {"id":1,"firstName":"Ivan","lastName":"Ivanov","middleName":"Ivanovich","admin":true}
12-10 22:09:17.846  6935  7047 I okhttp.OkHttpClient: <-- END HTTP (85-byte body)
12-10 22:09:17.878  6935  7049 I okhttp.OkHttpClient: --> GET http://www.981757-ca08998.tmweb.ru:8080/fmh/claims
12-10 22:09:17.878  6935  7049 I okhttp.OkHttpClient: --> END GET
12-10 22:09:18.146  6935  6935 I ViewInteraction: Checking 'MatchesViewAssertion{viewMatcher=(view has effective visibility <VISIBLE> and view.getGlobalVisibleRect() to return non-empty rectangle)}' assertion on view an instance of android.widget.TextView and view.getText() with or without transformation to match: is "News"
12-10 22:09:18.148  6935  6980 W teco.fmhandroi: Accessing hidden method Lsun/misc/Unsafe;->compareAndSwapObject(Ljava/lang/Object;JLjava/lang/Object;Ljava/lang/Object;)Z (greylist, linking, allowed)
12-10 22:09:18.150  6935  6935 I ViewInteraction: Performing 'wait for a specific view with <view.getId() is <2131230951>> during 10000 millis.' action on view view.getRootView() to equal view
12-10 22:09:18.153  6935  6980 W teco.fmhandroi: Accessing hidden method Lsun/misc/Unsafe;->compareAndSwapObject(Ljava/lang/Object;JLjava/lang/Object;Ljava/lang/Object;)Z (greylist, linking, allowed)
12-10 22:09:18.153  6935  7033 W teco.fmhandroi: Accessing hidden method Lsun/misc/Unsafe;->compareAndSwapObject(Ljava/lang/Object;JLjava/lang/Object;Ljava/lang/Object;)Z (greylist, linking, allowed)
12-10 22:09:18.154  6935  6935 I ViewInteraction: Checking 'MatchesViewAssertion{viewMatcher=(view has effective visibility <VISIBLE> and view.getGlobalVisibleRect() to return non-empty rectangle)}' assertion on view view.getId() is <2131230951/ru.iteco.fmhandroid:id/container_list_news_include_on_fragment_main>
12-10 22:09:18.156  6935  7033 W teco.fmhandroi: Accessing hidden method Lsun/misc/Unsafe;->compareAndSwapObject(Ljava/lang/Object;JLjava/lang/Object;Ljava/lang/Object;)Z (greylist, linking, allowed)
12-10 22:09:18.160  6935  6935 I ViewInteraction: Performing 'wait for a specific view with <view.getId() is <2131230949>> during 10000 millis.' action on view view.getRootView() to equal view
12-10 22:09:18.164  6935  6980 W teco.fmhandroi: Accessing hidden method Lsun/misc/Unsafe;->compareAndSwapObject(Ljava/lang/Object;JLjava/lang/Object;Ljava/lang/Object;)Z (greylist, linking, allowed)
12-10 22:09:18.164  6935  7033 W teco.fmhandroi: Accessing hidden method Lsun/misc/Unsafe;->compareAndSwapObject(Ljava/lang/Object;JLjava/lang/Object;Ljava/lang/Object;)Z (greylist, linking, allowed)
12-10 22:09:18.166  6935  6935 I ViewInteraction: Checking 'MatchesViewAssertion{viewMatcher=(view has effective visibility <VISIBLE> and view.getGlobalVisibleRect() to return non-empty rectangle)}' assertion on view view.getId() is <2131230949/ru.iteco.fmhandroid:id/container_list_claim_include_on_fragment_main>
12-10 22:09:18.167  6935  6980 W teco.fmhandroi: Accessing hidden method Lsun/misc/Unsafe;->compareAndSwapObject(Ljava/lang/Object;JLjava/lang/Object;Ljava/lang/Object;)Z (greylist, linking, allowed)
12-10 22:09:18.167  6935  7033 W teco.fmhandroi: Accessing hidden method Lsun/misc/Unsafe;->compareAndSwapObject(Ljava/lang/Object;JLjava/lang/Object;Ljava/lang/Object;)Z (greylist, linking, allowed)
12-10 22:09:18.170  6935  6935 I ViewInteraction: Performing 'wait for a specific view with <an instance of android.widget.TextView and view.getText() with or without transformation to match: is "Claims"> during 10000 millis.' action on view view.getRootView() to equal view
12-10 22:09:18.174  6935  6935 I ViewInteraction: Checking 'MatchesViewAssertion{viewMatcher=(view has effective visibility <VISIBLE> and view.getGlobalVisibleRect() to return non-empty rectangle)}' assertion on view an instance of android.widget.TextView and view.getText() with or without transformation to match: is "Claims"
12-10 22:09:18.175  6935  7033 W teco.fmhandroi: Accessing hidden method Lsun/misc/Unsafe;->compareAndSwapObject(Ljava/lang/Object;JLjava/lang/Object;Ljava/lang/Object;)Z (greylist, linking, allowed)
12-10 22:09:18.209  6935  6935 I ViewInteraction: Performing 'wait for a specific view with <view.getId() is <2131231123>> during 10000 millis.' action on view view.getRootView() to equal view
12-10 22:09:18.211  6935  6980 W teco.fmhandroi: Accessing hidden method Lsun/misc/Unsafe;->compareAndSwapObject(Ljava/lang/Object;JLjava/lang/Object;Ljava/lang/Object;)Z (greylist, linking, allowed)
12-10 22:09:18.214  6935  6935 I ViewInteraction: Performing 'single click' action on view view.getId() is <2131231123/ru.iteco.fmhandroid:id/main_menu_image_button>
12-10 22:09:18.252  6935  6948 I teco.fmhandroi: Background young concurrent copying GC freed 23410(1357KB) AllocSpace objects, 2(104KB) LOS objects, 16% free, 5150KB/6181KB, paused 19.727ms total 79.352ms
12-10 22:09:18.371  1776  1828 D gralloc_ranchu: gralloc_alloc: Creating ashmem region of size 2015232
12-10 22:09:18.376  1776  1828 I chatty  : uid=1000(system) HwBinder:1776_1 identical 1 line
12-10 22:09:18.377  1776  1828 D gralloc_ranchu: gralloc_alloc: Creating ashmem region of size 2015232
12-10 22:09:18.419  6935  7026 D EGL_emulation: eglMakeCurrent: 0xd1149c00: ver 2 0 (tinfo 0xdc8201e0)
12-10 22:09:18.796  6935  7026 I chatty  : uid=10146(ru.iteco.fmhandroid) RenderThread identical 4 lines
12-10 22:09:18.804  6935  7026 D EGL_emulation: eglMakeCurrent: 0xd1149c00: ver 2 0 (tinfo 0xdc8201e0)
12-10 22:09:18.947  6935  7049 I okhttp.OkHttpClient: <-- 200 http://www.981757-ca08998.tmweb.ru:8080/fmh/claims (1068ms)
12-10 22:09:18.947  6935  7049 I okhttp.OkHttpClient: Vary: Origin
12-10 22:09:18.947  6935  7049 I okhttp.OkHttpClient: Vary: Access-Control-Request-Method
12-10 22:09:18.947  6935  7049 I okhttp.OkHttpClient: Vary: Access-Control-Request-Headers
12-10 22:09:18.947  6935  7049 I okhttp.OkHttpClient: X-Content-Type-Options: nosniff
12-10 22:09:18.947  6935  7049 I okhttp.OkHttpClient: X-XSS-Protection: 1; mode=block
12-10 22:09:18.947  6935  7049 I okhttp.OkHttpClient: Cache-Control: no-cache, no-store, max-age=0, must-revalidate
12-10 22:09:18.947  6935  7049 I okhttp.OkHttpClient: Pragma: no-cache
12-10 22:09:18.947  6935  7049 I okhttp.OkHttpClient: Expires: 0
12-10 22:09:18.947  6935  7049 I okhttp.OkHttpClient: X-Frame-Options: DENY
12-10 22:09:18.947  6935  7049 I okhttp.OkHttpClient: Content-Type: application/json
12-10 22:09:18.948  6935  7049 I okhttp.OkHttpClient: Transfer-Encoding: chunked
12-10 22:09:18.948  6935  7049 I okhttp.OkHttpClient: Date: Sat, 10 Dec 2022 22:09:20 GMT
12-10 22:09:18.948  6935  7049 I okhttp.OkHttpClient: Keep-Alive: timeout=60
12-10 22:09:18.948  6935  7049 I okhttp.OkHttpClient: Connection: keep-alive
12-10 22:09:18.948  6935  7049 I okhttp.OkHttpClient: []
12-10 22:09:18.948  6935  7049 I okhttp.OkHttpClient: <-- END HTTP (2-byte body)
12-10 22:09:19.011  6935  7031 E SQLiteLog: (1) too many SQL variables
12-10 22:09:19.013  6935  6935 W System.err: ru.iteco.fmhandroid.exceptions.UnknownException
12-10 22:09:19.013  6935  6935 W System.err: 	at ru.iteco.fmhandroid.utils.Utils.makeRequest(Utils.kt:123)
12-10 22:09:19.013  6935  6935 W System.err: 	at ru.iteco.fmhandroid.utils.Utils$makeRequest$1.invokeSuspend(Unknown Source:15)
12-10 22:09:19.013  6935  6935 W System.err: 	at kotlin.coroutines.jvm.internal.BaseContinuationImpl.resumeWith(ContinuationImpl.kt:33)
12-10 22:09:19.013  6935  6935 W System.err: 	at kotlinx.coroutines.DispatchedTask.run(DispatchedTask.kt:104)
12-10 22:09:19.013  6935  6935 W System.err: 	at android.os.Handler.handleCallback(Handler.java:883)
12-10 22:09:19.013  6935  6935 W System.err: 	at android.os.Handler.dispatchMessage(Handler.java:100)
12-10 22:09:19.014  6935  6935 W System.err: 	at androidx.test.espresso.base.Interrogator.loopAndInterrogate(Interrogator.java:14)
12-10 22:09:19.014  6935  6935 W System.err: 	at androidx.test.espresso.base.UiControllerImpl.loopUntil(UiControllerImpl.java:8)
12-10 22:09:19.014  6935  6935 W System.err: 	at androidx.test.espresso.base.UiControllerImpl.loopUntil(UiControllerImpl.java:1)
12-10 22:09:19.014  6935  6935 W System.err: 	at androidx.test.espresso.base.UiControllerImpl.loopMainThreadForAtLeast(UiControllerImpl.java:7)
12-10 22:09:19.014  6935  6935 W System.err: 	at androidx.test.espresso.action.GeneralClickAction.perform(GeneralClickAction.java:18)
12-10 22:09:19.014  6935  6935 W System.err: 	at androidx.test.espresso.ViewInteraction$SingleExecutionViewAction.perform(ViewInteraction.java:2)
12-10 22:09:19.014  6935  6935 W System.err: 	at androidx.test.espresso.ViewInteraction.doPerform(ViewInteraction.java:25)
12-10 22:09:19.014  6935  6935 W System.err: 	at androidx.test.espresso.ViewInteraction.-$$Nest$mdoPerform(Unknown Source:0)
12-10 22:09:19.014  6935  6935 W System.err: 	at androidx.test.espresso.ViewInteraction$1.call(ViewInteraction.java:7)
12-10 22:09:19.014  6935  6935 W System.err: 	at androidx.test.espresso.ViewInteraction$1.call(ViewInteraction.java:1)
12-10 22:09:19.014  6935  6935 W System.err: 	at java.util.concurrent.FutureTask.run(FutureTask.java:266)
12-10 22:09:19.014  6935  6935 W System.err: 	at android.os.Handler.handleCallback(Handler.java:883)
12-10 22:09:19.014  6935  6935 W System.err: 	at android.os.Handler.dispatchMessage(Handler.java:100)
12-10 22:09:19.015  6935  6935 W System.err: 	at android.os.Looper.loop(Looper.java:214)
12-10 22:09:19.015  6935  6935 W System.err: 	at android.app.ActivityThread.main(ActivityThread.java:7356)
12-10 22:09:19.015  6935  6935 W System.err: 	at java.lang.reflect.Method.invoke(Native Method)
12-10 22:09:19.015  6935  6935 W System.err: 	at com.android.internal.os.RuntimeInit$MethodAndArgsCaller.run(RuntimeInit.java:492)
12-10 22:09:19.015  6935  6935 W System.err: 	at com.android.internal.os.ZygoteInit.main(ZygoteInit.java:930)
12-10 22:09:19.050  1776  1828 D gralloc_ranchu: gralloc_alloc: Creating ashmem region of size 438272
12-10 22:09:19.053  1776  1828 I chatty  : uid=1000(system) HwBinder:1776_1 identical 1 line
12-10 22:09:19.054  1776  1828 D gralloc_ranchu: gralloc_alloc: Creating ashmem region of size 438272
12-10 22:09:19.057  6935  7026 D EGL_emulation: eglMakeCurrent: 0xd1149c00: ver 2 0 (tinfo 0xdc8201e0)
12-10 22:09:19.068  6935  6980 W teco.fmhandroi: Accessing hidden method Lsun/misc/Unsafe;->compareAndSwapObject(Ljava/lang/Object;JLjava/lang/Object;Ljava/lang/Object;)Z (greylist, linking, allowed)
12-10 22:09:19.072  6935  6935 I ViewInteraction: Performing 'wait for a specific view with <an instance of android.widget.TextView and view.getText() with or without transformation to match: is "Claims"> during 10000 millis.' action on view view.getRootView() to equal view
12-10 22:09:19.080  6935  6935 I ViewInteraction: Performing 'single click' action on view an instance of android.widget.TextView and view.getText() with or without transformation to match: is "Claims"
12-10 22:09:19.144  6935  7026 D EGL_emulation: eglMakeCurrent: 0xd1149c00: ver 2 0 (tinfo 0xdc8201e0)
12-10 22:09:19.230  6935  7049 I okhttp.OkHttpClient: --> GET http://www.981757-ca08998.tmweb.ru:8080/fmh/claims
12-10 22:09:19.230  6935  7049 I okhttp.OkHttpClient: --> END GET
12-10 22:09:19.281  6935  7026 D EGL_emulation: eglMakeCurrent: 0xd1149c00: ver 2 0 (tinfo 0xdc8201e0)
12-10 22:09:19.301  6935  7026 D EGL_emulation: eglMakeCurrent: 0xd1149c00: ver 2 0 (tinfo 0xdc8201e0)
12-10 22:09:19.377  6935  7049 I okhttp.OkHttpClient: <-- 200 http://www.981757-ca08998.tmweb.ru:8080/fmh/claims (146ms)
12-10 22:09:19.377  6935  7049 I okhttp.OkHttpClient: Vary: Origin
12-10 22:09:19.377  6935  7049 I okhttp.OkHttpClient: Vary: Access-Control-Request-Method
12-10 22:09:19.377  6935  7049 I okhttp.OkHttpClient: Vary: Access-Control-Request-Headers
12-10 22:09:19.377  6935  7049 I okhttp.OkHttpClient: X-Content-Type-Options: nosniff
12-10 22:09:19.377  6935  7049 I okhttp.OkHttpClient: X-XSS-Protection: 1; mode=block
12-10 22:09:19.377  6935  7049 I okhttp.OkHttpClient: Cache-Control: no-cache, no-store, max-age=0, must-revalidate
12-10 22:09:19.377  6935  7049 I okhttp.OkHttpClient: Pragma: no-cache
12-10 22:09:19.377  6935  7049 I okhttp.OkHttpClient: Expires: 0
12-10 22:09:19.378  6935  7049 I okhttp.OkHttpClient: X-Frame-Options: DENY
12-10 22:09:19.379  6935  7049 I okhttp.OkHttpClient: Content-Type: application/json
12-10 22:09:19.379  6935  7049 I okhttp.OkHttpClient: Transfer-Encoding: chunked
12-10 22:09:19.379  6935  7049 I okhttp.OkHttpClient: Date: Sat, 10 Dec 2022 22:09:22 GMT
12-10 22:09:19.379  6935  7049 I okhttp.OkHttpClient: Keep-Alive: timeout=60
12-10 22:09:19.379  6935  7049 I okhttp.OkHttpClient: Connection: keep-alive
12-10 22:09:19.379  6935  7049 I okhttp.OkHttpClient: []
12-10 22:09:19.379  6935  7049 I okhttp.OkHttpClient: <-- END HTTP (2-byte body)
12-10 22:09:19.467  6935  6980 W teco.fmhandroi: Accessing hidden method Lsun/misc/Unsafe;->compareAndSwapObject(Ljava/lang/Object;JLjava/lang/Object;Ljava/lang/Object;)Z (greylist, linking, allowed)
12-10 22:09:19.471  6935  6935 I ViewInteraction: Performing 'wait for a specific view with <view.getId() is <2131230849>> during 10000 millis.' action on view view.getRootView() to equal view
12-10 22:09:19.474  6935  6980 W teco.fmhandroi: Accessing hidden method Lsun/misc/Unsafe;->compareAndSwapObject(Ljava/lang/Object;JLjava/lang/Object;Ljava/lang/Object;)Z (greylist, linking, allowed)
12-10 22:09:19.476  6935  6935 I ViewInteraction: Performing 'single click' action on view view.getId() is <2131230849/ru.iteco.fmhandroid:id/add_new_claim_material_button>
12-10 22:09:19.514  6935  7053 E SQLiteLog: (1) too many SQL variables
12-10 22:09:19.515  6935  6935 W System.err: ru.iteco.fmhandroid.exceptions.UnknownException
12-10 22:09:19.515  6935  6935 W System.err: 	at ru.iteco.fmhandroid.utils.Utils.makeRequest(Utils.kt:123)
12-10 22:09:19.515  6935  6935 W System.err: 	at ru.iteco.fmhandroid.utils.Utils$makeRequest$1.invokeSuspend(Unknown Source:15)
12-10 22:09:19.515  6935  6935 W System.err: 	at kotlin.coroutines.jvm.internal.BaseContinuationImpl.resumeWith(ContinuationImpl.kt:33)
12-10 22:09:19.515  6935  6935 W System.err: 	at kotlinx.coroutines.DispatchedTask.run(DispatchedTask.kt:104)
12-10 22:09:19.515  6935  6935 W System.err: 	at android.os.Handler.handleCallback(Handler.java:883)
12-10 22:09:19.515  6935  6935 W System.err: 	at android.os.Handler.dispatchMessage(Handler.java:100)
12-10 22:09:19.515  6935  6935 W System.err: 	at androidx.test.espresso.base.Interrogator.loopAndInterrogate(Interrogator.java:14)
12-10 22:09:19.515  6935  6935 W System.err: 	at androidx.test.espresso.base.UiControllerImpl.loopUntil(UiControllerImpl.java:8)
12-10 22:09:19.515  6935  6935 W System.err: 	at androidx.test.espresso.base.UiControllerImpl.loopUntil(UiControllerImpl.java:1)
12-10 22:09:19.515  6935  6935 W System.err: 	at androidx.test.espresso.base.UiControllerImpl.loopMainThreadForAtLeast(UiControllerImpl.java:7)
12-10 22:09:19.515  6935  6935 W System.err: 	at androidx.test.espresso.action.GeneralClickAction.perform(GeneralClickAction.java:18)
12-10 22:09:19.515  6935  6935 W System.err: 	at androidx.test.espresso.ViewInteraction$SingleExecutionViewAction.perform(ViewInteraction.java:2)
12-10 22:09:19.515  6935  6935 W System.err: 	at androidx.test.espresso.ViewInteraction.doPerform(ViewInteraction.java:25)
12-10 22:09:19.515  6935  6935 W System.err: 	at androidx.test.espresso.ViewInteraction.-$$Nest$mdoPerform(Unknown Source:0)
12-10 22:09:19.515  6935  6935 W System.err: 	at androidx.test.espresso.ViewInteraction$1.call(ViewInteraction.java:7)
12-10 22:09:19.515  6935  6935 W System.err: 	at androidx.test.espresso.ViewInteraction$1.call(ViewInteraction.java:1)
12-10 22:09:19.515  6935  6935 W System.err: 	at java.util.concurrent.FutureTask.run(FutureTask.java:266)
12-10 22:09:19.515  6935  6935 W System.err: 	at android.os.Handler.handleCallback(Handler.java:883)
12-10 22:09:19.515  6935  6935 W System.err: 	at android.os.Handler.dispatchMessage(Handler.java:100)
12-10 22:09:19.515  6935  6935 W System.err: 	at android.os.Looper.loop(Looper.java:214)
12-10 22:09:19.515  6935  6935 W System.err: 	at android.app.ActivityThread.main(ActivityThread.java:7356)
12-10 22:09:19.516  6935  6935 W System.err: 	at java.lang.reflect.Method.invoke(Native Method)
12-10 22:09:19.516  6935  6935 W System.err: 	at com.android.internal.os.RuntimeInit$MethodAndArgsCaller.run(RuntimeInit.java:492)
12-10 22:09:19.516  6935  6935 W System.err: 	at com.android.internal.os.ZygoteInit.main(ZygoteInit.java:930)
12-10 22:09:19.549  6935  7047 I okhttp.OkHttpClient: --> GET http://www.981757-ca08998.tmweb.ru:8080/fmh/users
12-10 22:09:19.549  6935  7047 I okhttp.OkHttpClient: --> END GET
12-10 22:09:19.704  6935  7047 I okhttp.OkHttpClient: <-- 200 http://www.981757-ca08998.tmweb.ru:8080/fmh/users (155ms)
12-10 22:09:19.704  6935  7047 I okhttp.OkHttpClient: Vary: Origin
12-10 22:09:19.704  6935  7047 I okhttp.OkHttpClient: Vary: Access-Control-Request-Method
12-10 22:09:19.704  6935  7047 I okhttp.OkHttpClient: Vary: Access-Control-Request-Headers
12-10 22:09:19.704  6935  7047 I okhttp.OkHttpClient: X-Content-Type-Options: nosniff
12-10 22:09:19.704  6935  7047 I okhttp.OkHttpClient: X-XSS-Protection: 1; mode=block
12-10 22:09:19.705  6935  7047 I okhttp.OkHttpClient: Cache-Control: no-cache, no-store, max-age=0, must-revalidate
12-10 22:09:19.705  6935  7047 I okhttp.OkHttpClient: Pragma: no-cache
12-10 22:09:19.705  6935  7047 I okhttp.OkHttpClient: Expires: 0
12-10 22:09:19.705  6935  7047 I okhttp.OkHttpClient: X-Frame-Options: DENY
12-10 22:09:19.705  6935  7047 I okhttp.OkHttpClient: Content-Type: application/json
12-10 22:09:19.705  6935  7047 I okhttp.OkHttpClient: Transfer-Encoding: chunked
12-10 22:09:19.705  6935  7047 I okhttp.OkHttpClient: Date: Sat, 10 Dec 2022 22:09:22 GMT
12-10 22:09:19.705  6935  7047 I okhttp.OkHttpClient: Keep-Alive: timeout=60
12-10 22:09:19.705  6935  7047 I okhttp.OkHttpClient: Connection: keep-alive
12-10 22:09:19.706  6935  7047 I okhttp.OkHttpClient: [{"id":1,"firstName":"Ivan","lastName":"Ivanov","middleName":"Ivanovich","admin":true}]
12-10 22:09:19.706  6935  7047 I okhttp.OkHttpClient: <-- END HTTP (87-byte body)
12-10 22:09:19.794  2861  7056 I Vision  : Requesting optional module download of ocr.
12-10 22:09:19.794  2861  7056 I Vision  : Checking for download completion for 355228 -- ocr
12-10 22:09:20.019  6935  6980 W teco.fmhandroi: Accessing hidden method Lsun/misc/Unsafe;->compareAndSwapObject(Ljava/lang/Object;JLjava/lang/Object;Ljava/lang/Object;)Z (greylist, linking, allowed)
12-10 22:09:20.023  6935  6935 I ViewInteraction: Performing 'wait for a specific view with <(view.getId() is <2131231402> and view.getParent() view.getParent() view.getId() is <2131231406>)> during 10000 millis.' action on view view.getRootView() to equal view
12-10 22:09:20.025  6935  6980 W teco.fmhandroi: Accessing hidden method Lsun/misc/Unsafe;->compareAndSwapObject(Ljava/lang/Object;JLjava/lang/Object;Ljava/lang/Object;)Z (greylist, linking, allowed)
12-10 22:09:20.026  6935  7033 W teco.fmhandroi: Accessing hidden method Lsun/misc/Unsafe;->compareAndSwapObject(Ljava/lang/Object;JLjava/lang/Object;Ljava/lang/Object;)Z (greylist, linking, allowed)
12-10 22:09:20.032  6935  6935 I ViewInteraction: Performing 'replace text( 69d8761b-311c-4b2f-9272-8befa433c733)' action on view (view.getId() is <2131231402/ru.iteco.fmhandroid:id/title_edit_text> and view.getParent() view.getParent() view.getId() is <2131231406/ru.iteco.fmhandroid:id/title_text_input_layout>)
12-10 22:09:20.289  1745  7059 E ResolverController: No valid NAT64 prefix (100, <unspecified>/0)
12-10 22:09:20.660  2161  2161 V StatusBar: mStatusBarWindow: com.android.systemui.statusbar.phone.StatusBarWindowView{f80b54d V.E...... ........ 0,0-1080,66} canPanelBeCollapsed(): false
12-10 22:09:20.662  2009  2039 D AutofillManagerService: Close system dialogs
12-10 22:09:20.681  2009  2040 I ActivityTaskManager: START u0 {act=android.intent.action.MAIN cat=[android.intent.category.HOME] flg=0x10000100 cmp=com.google.android.apps.nexuslauncher/.NexusLauncherActivity (has extras)} from uid 0
12-10 22:09:20.704  2009  2040 W InputReader: Device has associated, but no associated display id.
12-10 22:09:20.705  2009  2040 I chatty  : uid=1000(system) android.ui identical 18 lines
12-10 22:09:20.705  2009  2040 W InputReader: Device has associated, but no associated display id.
12-10 22:09:20.712  6935  6935 D LifecycleMonitor: Lifecycle status change: ru.iteco.fmhandroid.ui.AppActivity@bb51593 in: PAUSED
12-10 22:09:20.715  6935  6935 V ActivityScenario: Update currentActivityStage to PAUSED, currentActivity=ru.iteco.fmhandroid.ui.AppActivity@bb51593
12-10 22:09:20.720  6935  6974 V FA      : Recording user engagement, ms: 8025
12-10 22:09:20.724  1776  1828 D gralloc_ranchu: gralloc_alloc: Creating ashmem region of size 10108928
12-10 22:09:20.731  1776  1828 I chatty  : uid=1000(system) HwBinder:1776_1 identical 1 line
12-10 22:09:20.732  1776  1828 D gralloc_ranchu: gralloc_alloc: Creating ashmem region of size 10108928
12-10 22:09:20.736  2934  3550 D EGL_emulation: eglMakeCurrent: 0xb4f69600: ver 2 0 (tinfo 0xb7b06800)
12-10 22:09:20.737  2009  2047 E memtrack: Couldn't load memtrack module
12-10 22:09:20.737  2009  2047 W android.os.Debug: failed to get memory consumption info: -1
12-10 22:09:20.770  2934  2934 W ThreadPoolDumper: Queue length for executor EventBus is now 11. Perhaps some tasks are too long, or the pool is too small.
12-10 22:09:20.771  2934  3332 W SessionLifecycleManager: Handover failed. Creating new session controller.
12-10 22:09:20.788  6935  6974 V FA      : Connecting to remote service
12-10 22:09:20.797  6935  6974 V FA      : Connection attempt already in progress
12-10 22:09:20.797  6935  6974 V FA      : Activity paused, time: 346148
12-10 22:09:20.797  1776  1828 D gralloc_ranchu: gralloc_alloc: Creating ashmem region of size 10108928
12-10 22:09:20.803  1776  1828 I chatty  : uid=1000(system) HwBinder:1776_1 identical 1 line
12-10 22:09:20.804  1776  1828 D gralloc_ranchu: gralloc_alloc: Creating ashmem region of size 10108928
12-10 22:09:20.807  2484  3096 D EGL_emulation: eglMakeCurrent: 0xe7a7f6a0: ver 2 0 (tinfo 0xdc8104f0)
12-10 22:09:20.840  2009  2043 W InputReader: Device has associated, but no associated display id.
12-10 22:09:20.842  2009  2043 I chatty  : uid=1000(system) android.anim identical 8 lines
12-10 22:09:20.842  2009  2043 W InputReader: Device has associated, but no associated display id.
12-10 22:09:20.843  2934  3522 W LocationOracle: No location history returned by ContextManager
12-10 22:09:20.848  1776  1828 D gralloc_ranchu: gralloc_alloc: Creating ashmem region of size 6471680
12-10 22:09:20.861  2161  2570 D EGL_emulation: eglMakeCurrent: 0xe7a7fbe0: ver 2 0 (tinfo 0xd11aea40)
12-10 22:09:20.868  6935  6974 D FA      : Connected to remote service
12-10 22:09:20.869  6935  6974 V FA      : Processing queued up service tasks: 2
12-10 22:09:20.871  2009  2009 W ActivityManager: Unable to start service Intent { act=android.service.appprediction.AppPredictionService cmp=com.google.android.as/com.google.android.apps.miphone.aiai.app.AiAiPredictionService } U=0: not found
12-10 22:09:20.871  2009  2009 W RemoteAppPredictionService: could not bind to Intent { act=android.service.appprediction.AppPredictionService cmp=com.google.android.as/com.google.android.apps.miphone.aiai.app.AiAiPredictionService } using flags 67108865
12-10 22:09:20.881  2161  2235 I ndroid.systemu: Waiting for a blocking GC ProfileSaver
12-10 22:09:20.888  2009  6383 D HostConnection: HostConnection::get() New Host Connection established 0xa91e0ad0, tid 6383
12-10 22:09:20.889  2009  6383 D HostConnection: HostComposition ext ANDROID_EMU_CHECKSUM_HELPER_v1 ANDROID_EMU_dma_v1 ANDROID_EMU_direct_mem ANDROID_EMU_host_composition_v1 ANDROID_EMU_host_composition_v2 ANDROID_EMU_vulkan ANDROID_EMU_deferred_vulkan_commands ANDROID_EMU_vulkan_null_optional_strings ANDROID_EMU_vulkan_create_resources_with_requirements ANDROID_EMU_YUV_Cache ANDROID_EMU_vulkan_ignored_handles ANDROID_EMU_vulkan_free_memory_sync ANDROID_EMU_vulkan_shader_float16_int8 ANDROID_EMU_vulkan_async_queue_submit ANDROID_EMU_sync_buffer_data GL_OES_vertex_array_object GL_KHR_texture_compression_astc_ldr ANDROID_EMU_host_side_tracing ANDROID_EMU_gles_max_version_2 
12-10 22:09:20.890  2009  6383 W OpenGLRenderer: Failed to choose config with EGL_SWAP_BEHAVIOR_PRESERVED, retrying without...
12-10 22:09:20.891  1792  1792 E Layer   : [Surface(name=AppWindowToken{837d646 token=Token{8c77221 ActivityRecord{c4f888 u0 com.google.android.apps.nexuslauncher/.NexusLauncherActivity t401}}})/@0x179ae30 - animation-leash#0] No local sync point found
12-10 22:09:20.891  1792  1792 E Layer   : [Surface(name=AppWindowToken{73052e8 token=Token{84b540b ActivityRecord{e48e7da u0 ru.iteco.fmhandroid/.ui.AppActivity t406}}})/@0x7742d5b - animation-leash#0] No local sync point found
12-10 22:09:20.909  2484  2502 W System  : A resource failed to call release. 
12-10 22:09:20.910  2484  2502 I chatty  : uid=10108(com.google.android.apps.nexuslauncher) FinalizerDaemon identical 2 lines
12-10 22:09:20.910  2484  2502 W System  : A resource failed to call release. 
12-10 22:09:20.910  2009  6383 D EGL_emulation: eglCreateContext: 0xd11493c0: maj 2 min 0 rcv 2
12-10 22:09:20.913  6935  7026 D EGL_emulation: eglMakeCurrent: 0xd1149c00: ver 2 0 (tinfo 0xdc8201e0)
12-10 22:09:20.915  2009  6383 D EGL_emulation: eglMakeCurrent: 0xd11493c0: ver 2 0 (tinfo 0xb8779bb0)
12-10 22:09:20.934  2161  2235 I ndroid.systemu: WaitForGcToComplete blocked ProfileSaver on ProfileSaver for 53.519ms
12-10 22:09:20.944  6935  6935 D LifecycleMonitor: Lifecycle status change: ru.iteco.fmhandroid.ui.AppActivity@bb51593 in: STOPPED
12-10 22:09:20.945  6935  6935 V ActivityScenario: Update currentActivityStage to STOPPED, currentActivity=ru.iteco.fmhandroid.ui.AppActivity@bb51593
12-10 22:09:20.951  2638  3626 W GCoreFlp: No location to return for getLastLocation()
12-10 22:09:20.952  2934  3332 I MicroDetectionWorker: #startMicroDetector [speakerMode: 0]
12-10 22:09:20.954  2934  3332 W ErrorReporter: reportError [type: 211, code: 393244, bug: 0]: errorCode: 393244, engine: 0
12-10 22:09:20.954  2934  3332 I MicroDetector: Keeping mic open: false
12-10 22:09:20.954  2934  3332 I MicroDetectionWorker: #onError(false)
12-10 22:09:20.981  2861  6983 V FA-SVC  : Logging event: origin=auto,name=user_engagement(_e),params=Bundle[{ga_event_origin(_o)=auto, engagement_time_msec(_et)=8025, ga_screen_class(_sc)=AppActivity, ga_screen_id(_si)=3904082495355736080}]
12-10 22:09:21.012  2861  6983 V FA-SVC  : Upload scheduled in approximately ms: 3481157
12-10 22:09:21.013  2861  6983 V FA-SVC  : Unscheduling upload
12-10 22:09:21.021  2638  6355 W ctxmgr  : [AclManager] No 3 for (accnt=account#-517948760#, com.google.android.gms(10112):UserVelocityProducer, vrsn=202414022, 0, 3pPkg = null ,  3pMdlId = null ,  pid = 2638). Was: 3 for 1, account#-517948760# [CONTEXT service_id=47 ]
12-10 22:09:21.038  2861  6983 V FA-SVC  : Scheduling upload, millis: 3481157
12-10 22:09:21.052  2861  6983 V FA-SVC  : Background event processing time, ms: 72
12-10 22:09:21.072  2638  3626 W GCoreFlp: No location to return for getLastLocation()
12-10 22:09:21.092  2638  7063 I LogUtils: [Places]: ?: Couldn't find platform key file. [CONTEXT service_id=253 ]
12-10 22:09:21.138  2638  2638 I GeofencerStateMachine: removeGeofences: removeRequest=RemoveGeofencingRequest[REMOVE_BY_PENDING_INTENT pendingIntent=PendingIntent[creatorPackage=com.google.android.gms], packageName=com.google.android.gms]
12-10 22:09:21.141  2638  2638 I GeofencerStateMachine: removeGeofences: removeRequest=RemoveGeofencingRequest[REMOVE_BY_PENDING_INTENT pendingIntent=PendingIntent[creatorPackage=com.google.android.gms], packageName=com.google.android.gms]
12-10 22:09:21.155  2638  7064 I LogUtils: [Places]: ?: Couldn't find platform key file. [CONTEXT service_id=253 ]
12-10 22:09:21.158  2638  7065 I PlacesLogger: [PlaceInferenceEngine]: [anon] Changed inference mode: 0 [CONTEXT service_id=253 ]
12-10 22:09:21.159  2638  6619 I LogUtils: [Places]: ?: Couldn't find platform key file. [CONTEXT service_id=253 ]
12-10 22:09:21.167  2638  3626 W GCoreFlp: No location to return for getLastLocation()
12-10 22:09:21.171  2638  6355 I ctxmgr  : [ProducerStatusImpl] updateStateForNewContextData: inactive, contextName=7 [CONTEXT service_id=47 ]
12-10 22:09:21.184  2638  6833 I LogUtils: [Places]: ?: Couldn't find platform key file. [CONTEXT service_id=253 ]
12-10 22:09:21.189  2638  6833 I LogUtils: [Places]: ?: Couldn't find platform key file. [CONTEXT service_id=253 ]
12-10 22:09:21.203  2638  3626 W GCoreFlp: No location to return for getLastLocation()
12-10 22:09:21.237  2638  7064 I LogUtils: [Places]: ?: Couldn't find platform key file. [CONTEXT service_id=253 ]
12-10 22:09:21.259  2638  7065 I LogUtils: [Places]: ?: PlacesBleScanner start() with priority 2 [CONTEXT service_id=253 ]
12-10 22:09:21.260  2638  7065 I PlacesLogger: [PlaceInferenceEngine]: [anon] Changed inference mode: 1 [CONTEXT service_id=253 ]
12-10 22:09:21.280  2638  2638 I BeaconBle: Client requested scan, settings=BleSettings [scanMode=ZERO_POWER, callbackType=ALL_MATCHES, reportDelayMillis=0, 1 filters, 0 clients, callingClientName=Places] [CONTEXT service_id=111 ]
12-10 22:09:21.280  2638  2638 I BeaconBle: Scan : No clients left, canceling alarm. [CONTEXT service_id=111 ]
12-10 22:09:21.280  2638  2638 E BeaconBle: Scan couldn't start for Places [CONTEXT service_id=111 ]
12-10 22:09:21.280  2638  2638 W Places  : BLE failure while scanning - code 5
12-10 22:09:21.286  2638  3626 W GCoreFlp: No location to return for getLastLocation()
12-10 22:09:21.522  5093  5152 D NetworkSecurityConfig: No Network Security Config specified, using platform default
12-10 22:09:21.927  2009  5692 D WificondControl: Scan result ready event
12-10 22:09:21.978  5093  5152 W PlayCommon: [324] PlayEventLogger.getAuthToken: No account for auth token provided
12-10 22:09:22.536  2009  5766 W NotificationService: Toast already killed. pkg=ru.iteco.fmhandroid callback=android.app.ITransientNotification$Stub$Proxy@78d2aaf
12-10 22:09:22.566  1776  1828 D gralloc_ranchu: gralloc_alloc: Creating ashmem region of size 438272
12-10 22:09:22.576  1776  1828 I chatty  : uid=1000(system) HwBinder:1776_1 identical 1 line
12-10 22:09:22.577  1776  1828 D gralloc_ranchu: gralloc_alloc: Creating ashmem region of size 438272
12-10 22:09:22.580  6935  7026 D EGL_emulation: eglMakeCurrent: 0xd1149c00: ver 2 0 (tinfo 0xdc8201e0)
12-10 22:09:22.684  1765  1916 W audio_hw_generic: Not supplying enough data to HAL, expected position 1481511 , only wrote 1231443
12-10 22:09:22.802  6935  6974 D FA      : Application going to the background
12-10 22:09:22.846  2861  6983 V FA-SVC  : Logging event: origin=auto,name=app_background(_ab),params=Bundle[{ga_event_origin(_o)=auto}]
12-10 22:09:22.859  2861  6983 V FA-SVC  : Upload scheduled in approximately ms: 3479310
12-10 22:09:22.860  2861  6983 V FA-SVC  : Unscheduling upload
12-10 22:09:22.863  2861  6983 V FA-SVC  : Scheduling upload, millis: 3479310
12-10 22:09:22.865  2861  6983 V FA-SVC  : Background event processing time, ms: 20
12-10 22:09:23.640  1650  1650 E SELinux : avc:  denied  { find } for interface=android.hardware.memtrack::IMemtrack sid=u:r:priv_app:s0:c512,c768 pid=5266 scontext=u:r:priv_app:s0:c512,c768 tcontext=u:object_r:hal_memtrack_hwservice:s0 tclass=hwservice_manager permissive=0
12-10 22:09:23.641  5266  7071 E memtrack: Couldn't load memtrack module
12-10 22:09:23.641  5266  7071 W android.os.Debug: failed to get memory consumption info: -1
12-10 22:09:24.368  4675  4943 E GoogleConversionReporter: Error sending ping
12-10 22:09:24.368  4675  4943 E GoogleConversionReporter: bcdq: Exception in CronetUrlRequest: net::ERR_QUIC_PROTOCOL_ERROR, ErrorCode=10, InternalErrorCode=-356, Retryable=false, QuicDetailedErrorCode=25
12-10 22:09:24.368  4675  4943 E GoogleConversionReporter: 	at org.chromium.net.impl.CronetUrlRequest.onError(SourceFile:173)
12-10 22:09:25.959  2934  3332 I MicroDetectionWorker: #startMicroDetector [speakerMode: 0]
12-10 22:09:25.959  2934  3332 W ErrorReporter: reportError [type: 211, code: 393244, bug: 0]: errorCode: 393244, engine: 0
12-10 22:09:25.960  2934  3332 I MicroDetector: Keeping mic open: false
12-10 22:09:25.960  2934  3332 I MicroDetectionWorker: #onError(false)
12-10 22:09:26.042  6935  7026 D EGL_emulation: eglMakeCurrent: 0xd1149c00: ver 2 0 (tinfo 0xdc8201e0)
12-10 22:09:26.050  2009  5766 W NotificationService: Toast already killed. pkg=ru.iteco.fmhandroid callback=android.app.ITransientNotification$Stub$Proxy@d595dd8
12-10 22:09:27.845  6935  6974 V FA      : Inactivity, disconnecting from the service
12-10 22:09:29.805  2861  7074 I Vision  : Requesting optional module download of ocr.
12-10 22:09:29.805  2861  7074 I Vision  : Checking for download completion for 365239 -- ocr
12-10 22:09:30.964  2934  3332 I MicroDetectionWorker: #startMicroDetector [speakerMode: 0]
12-10 22:09:30.965  2934  3332 W ErrorReporter: reportError [type: 211, code: 393244, bug: 0]: errorCode: 393244, engine: 0
12-10 22:09:30.966  2934  3332 I MicroDetector: Keeping mic open: false
12-10 22:09:30.966  2934  3332 I MicroDetectionWorker: #onError(false)
12-10 22:09:31.755  2009  5766 I ActivityTaskManager: START u0 {act=android.intent.action.MAIN cat=[android.intent.category.LAUNCHER] flg=0x10000000 pkg=ru.iteco.fmhandroid cmp=ru.iteco.fmhandroid/.ui.AppActivity} from uid 10146
12-10 22:09:31.781  2009  5766 W InputReader: Device has associated, but no associated display id.
12-10 22:09:31.783  2009  5766 I chatty  : uid=1000(system) Binder:2009_15 identical 38 lines
12-10 22:09:31.783  2009  5766 W InputReader: Device has associated, but no associated display id.
12-10 22:09:31.786  6935  6935 W ActivityThread: handleWindowVisibility: no activity for token android.os.BinderProxy@20af61b
12-10 22:09:31.806  1776  1828 D gralloc_ranchu: gralloc_alloc: Creating ashmem region of size 10108928
12-10 22:09:31.810  6935  6935 D LifecycleMonitor: Lifecycle status change: ru.iteco.fmhandroid.ui.AppActivity@f79d364 in: PRE_ON_CREATE
12-10 22:09:31.810  6935  6935 V ActivityScenario: Activity lifecycle changed event received but ignored because the activity instance does not match. currentActivity=ru.iteco.fmhandroid.ui.AppActivity@bb51593, receivedActivity=ru.iteco.fmhandroid.ui.AppActivity@f79d364
12-10 22:09:31.813  6935  6970 V FA      : onActivityCreated
12-10 22:09:31.838  6935  6935 D LifecycleMonitor: Lifecycle status change: ru.iteco.fmhandroid.ui.AppActivity@f79d364 in: CREATED
12-10 22:09:31.838  6935  6935 V ActivityScenario: Activity lifecycle changed event received but ignored because the activity instance does not match. currentActivity=ru.iteco.fmhandroid.ui.AppActivity@bb51593, receivedActivity=ru.iteco.fmhandroid.ui.AppActivity@f79d364
12-10 22:09:31.903  1776  1828 D gralloc_ranchu: gralloc_alloc: Creating ashmem region of size 1617920
12-10 22:09:31.906  2009  6315 D HostConnection: HostConnection::get() New Host Connection established 0xb75316c0, tid 6315
12-10 22:09:31.908  2009  6315 D HostConnection: HostComposition ext ANDROID_EMU_CHECKSUM_HELPER_v1 ANDROID_EMU_dma_v1 ANDROID_EMU_direct_mem ANDROID_EMU_host_composition_v1 ANDROID_EMU_host_composition_v2 ANDROID_EMU_vulkan ANDROID_EMU_deferred_vulkan_commands ANDROID_EMU_vulkan_null_optional_strings ANDROID_EMU_vulkan_create_resources_with_requirements ANDROID_EMU_YUV_Cache ANDROID_EMU_vulkan_ignored_handles ANDROID_EMU_vulkan_free_memory_sync ANDROID_EMU_vulkan_shader_float16_int8 ANDROID_EMU_vulkan_async_queue_submit ANDROID_EMU_sync_buffer_data GL_OES_vertex_array_object GL_KHR_texture_compression_astc_ldr ANDROID_EMU_host_side_tracing ANDROID_EMU_gles_max_version_2 
12-10 22:09:31.908  2009  6315 W OpenGLRenderer: Failed to choose config with EGL_SWAP_BEHAVIOR_PRESERVED, retrying without...
12-10 22:09:31.934  2009  6315 D EGL_emulation: eglCreateContext: 0xd114a980: maj 2 min 0 rcv 2
12-10 22:09:31.943  2009  6315 D EGL_emulation: eglMakeCurrent: 0xd114a980: ver 2 0 (tinfo 0xb8699400)
12-10 22:09:31.947  6935  6935 D LifecycleMonitor: Lifecycle status change: ru.iteco.fmhandroid.ui.AppActivity@f79d364 in: STARTED
12-10 22:09:31.947  6935  6935 V ActivityScenario: Activity lifecycle changed event received but ignored because the activity instance does not match. currentActivity=ru.iteco.fmhandroid.ui.AppActivity@bb51593, receivedActivity=ru.iteco.fmhandroid.ui.AppActivity@f79d364
12-10 22:09:31.947  2009  2327 D HostConnection: HostConnection::get() New Host Connection established 0xd11440f0, tid 2327
12-10 22:09:31.947  2009  2327 D HostConnection: HostComposition ext ANDROID_EMU_CHECKSUM_HELPER_v1 ANDROID_EMU_dma_v1 ANDROID_EMU_direct_mem ANDROID_EMU_host_composition_v1 ANDROID_EMU_host_composition_v2 ANDROID_EMU_vulkan ANDROID_EMU_deferred_vulkan_commands ANDROID_EMU_vulkan_null_optional_strings ANDROID_EMU_vulkan_create_resources_with_requirements ANDROID_EMU_YUV_Cache ANDROID_EMU_vulkan_ignored_handles ANDROID_EMU_vulkan_free_memory_sync ANDROID_EMU_vulkan_shader_float16_int8 ANDROID_EMU_vulkan_async_queue_submit ANDROID_EMU_sync_buffer_data GL_OES_vertex_array_object GL_KHR_texture_compression_astc_ldr ANDROID_EMU_host_side_tracing ANDROID_EMU_gles_max_version_2 
12-10 22:09:31.949  6935  6935 D LifecycleMonitor: Lifecycle status change: ru.iteco.fmhandroid.ui.AppActivity@f79d364 in: RESUMED
12-10 22:09:31.950  2009  2043 W InputReader: Device has associated, but no associated display id.
12-10 22:09:31.950  2009  2043 I chatty  : uid=1000(system) android.anim identical 8 lines
12-10 22:09:31.950  2009  2043 W InputReader: Device has associated, but no associated display id.
12-10 22:09:31.950  6935  6935 V ActivityScenario: Activity lifecycle changed event received but ignored because the activity instance does not match. currentActivity=ru.iteco.fmhandroid.ui.AppActivity@bb51593, receivedActivity=ru.iteco.fmhandroid.ui.AppActivity@f79d364
12-10 22:09:31.951  6935  6974 V FA      : Activity resumed, time: 357383
12-10 22:09:31.975  2934  3550 D EGL_emulation: eglMakeCurrent: 0xb4f69600: ver 2 0 (tinfo 0xb7b06800)
12-10 22:09:31.979  2484  3096 D EGL_emulation: eglMakeCurrent: 0xe7a7f6a0: ver 2 0 (tinfo 0xdc8104f0)
12-10 22:09:32.016  1776  1828 D gralloc_ranchu: gralloc_alloc: Creating ashmem region of size 10108928
12-10 22:09:32.021  1776  1828 I chatty  : uid=1000(system) HwBinder:1776_1 identical 1 line
12-10 22:09:32.023  1776  1828 D gralloc_ranchu: gralloc_alloc: Creating ashmem region of size 10108928
12-10 22:09:32.029  6935  7026 D EGL_emulation: eglMakeCurrent: 0xd1149c00: ver 2 0 (tinfo 0xdc8201e0)
12-10 22:09:32.085  6935  6974 V FA      : Connecting to remote service
12-10 22:09:32.095  6935  6974 V FA      : Connection attempt already in progress
12-10 22:09:32.096  2009  2047 I ActivityTaskManager: Displayed ru.iteco.fmhandroid/.ui.AppActivity: +326ms
12-10 22:09:32.106  6935  6948 I teco.fmhandroi: NativeAlloc concurrent copying GC freed 24990(1215KB) AllocSpace objects, 1(16KB) LOS objects, 39% free, 9341KB/15MB, paused 428us total 165.976ms
12-10 22:09:32.111  6935  6974 D FA      : Connected to remote service
12-10 22:09:32.111  6935  6974 V FA      : Processing queued up service tasks: 2
12-10 22:09:32.123  2009  2047 E memtrack: Couldn't load memtrack module
12-10 22:09:32.123  2009  2047 W android.os.Debug: failed to get memory consumption info: -1
12-10 22:09:32.131  2161  2570 D EGL_emulation: eglMakeCurrent: 0xe7a7fbe0: ver 2 0 (tinfo 0xd11aea40)
12-10 22:09:32.148  2934  3815 I PBSessionCacheImpl: Deleted sessionId[703901867879] from persistence.
12-10 22:09:32.169  2934  3332 W SearchServiceCore: Abort, client detached.
12-10 22:09:32.186  2861  6983 V FA-SVC  : Logging event: origin=auto,name=screen_view(_vs),params=Bundle[{ga_event_origin(_o)=auto, ga_previous_class(_pc)=AppActivity, ga_previous_id(_pi)=3904082495355736080, ga_screen_class(_sc)=AppActivity, ga_screen_id(_si)=3904082495355736081}]
12-10 22:09:32.194  2861  6983 V FA-SVC  : Upload scheduled in approximately ms: 3469975
12-10 22:09:32.194  2861  6983 V FA-SVC  : Unscheduling upload
12-10 22:09:32.197  2861  6983 V FA-SVC  : Scheduling upload, millis: 3469975
12-10 22:09:32.200  2861  6983 V FA-SVC  : Background event processing time, ms: 14
12-10 22:09:32.893  6935  6980 W teco.fmhandroi: Accessing hidden method Lsun/misc/Unsafe;->compareAndSwapObject(Ljava/lang/Object;JLjava/lang/Object;Ljava/lang/Object;)Z (greylist, linking, allowed)
