12-10 22:09:32.893  6935  6935 I ViewInteraction: Performing 'wait for a specific view with <(view.getId() is <2131231402> and view.getParent() view.getParent() view.getId() is <2131231406>)> during 10000 millis.' action on view view.getRootView() to equal view
12-10 22:09:33.535  2009  2009 W WindowManager: removeWindowToken: Attempted to remove non-existing token: android.os.Binder@f9cbbbd
12-10 22:09:34.947  6935  7047 I okhttp.OkHttpClient: --> GET http://www.981757-ca08998.tmweb.ru:8080/fmh/authentication/userInfo
12-10 22:09:34.947  6935  7047 I okhttp.OkHttpClient: --> END GET
12-10 22:09:35.102  6935  7047 I okhttp.OkHttpClient: <-- 200 http://www.981757-ca08998.tmweb.ru:8080/fmh/authentication/userInfo (154ms)
12-10 22:09:35.102  6935  7047 I okhttp.OkHttpClient: Vary: Origin
12-10 22:09:35.102  6935  7047 I okhttp.OkHttpClient: Vary: Access-Control-Request-Method
12-10 22:09:35.102  6935  7047 I okhttp.OkHttpClient: Vary: Access-Control-Request-Headers
12-10 22:09:35.102  6935  7047 I okhttp.OkHttpClient: X-Content-Type-Options: nosniff
12-10 22:09:35.102  6935  7047 I okhttp.OkHttpClient: X-XSS-Protection: 1; mode=block
12-10 22:09:35.103  6935  7047 I okhttp.OkHttpClient: Cache-Control: no-cache, no-store, max-age=0, must-revalidate
12-10 22:09:35.103  6935  7047 I okhttp.OkHttpClient: Pragma: no-cache
12-10 22:09:35.103  6935  7047 I okhttp.OkHttpClient: Expires: 0
12-10 22:09:35.103  6935  7047 I okhttp.OkHttpClient: X-Frame-Options: DENY
12-10 22:09:35.103  6935  7047 I okhttp.OkHttpClient: Content-Type: application/json
12-10 22:09:35.103  6935  7047 I okhttp.OkHttpClient: Transfer-Encoding: chunked
12-10 22:09:35.103  6935  7047 I okhttp.OkHttpClient: Date: Sat, 10 Dec 2022 22:09:37 GMT
12-10 22:09:35.103  6935  7047 I okhttp.OkHttpClient: Keep-Alive: timeout=60
12-10 22:09:35.103  6935  7047 I okhttp.OkHttpClient: Connection: keep-alive
12-10 22:09:35.104  6935  7047 I okhttp.OkHttpClient: {"id":1,"firstName":"Ivan","lastName":"Ivanov","middleName":"Ivanovich","admin":true}
12-10 22:09:35.105  6935  7047 I okhttp.OkHttpClient: <-- END HTTP (85-byte body)
12-10 22:09:35.113  6935  7049 I okhttp.OkHttpClient: --> GET http://www.981757-ca08998.tmweb.ru:8080/fmh/claims
12-10 22:09:35.113  6935  7049 I okhttp.OkHttpClient: --> END GET
12-10 22:09:35.248  6935  7049 I okhttp.OkHttpClient: <-- 200 http://www.981757-ca08998.tmweb.ru:8080/fmh/claims (134ms)
12-10 22:09:35.248  6935  7049 I okhttp.OkHttpClient: Vary: Origin
12-10 22:09:35.248  6935  7049 I okhttp.OkHttpClient: Vary: Access-Control-Request-Method
12-10 22:09:35.248  6935  7049 I okhttp.OkHttpClient: Vary: Access-Control-Request-Headers
12-10 22:09:35.249  6935  7049 I okhttp.OkHttpClient: X-Content-Type-Options: nosniff
12-10 22:09:35.249  6935  7049 I okhttp.OkHttpClient: X-XSS-Protection: 1; mode=block
12-10 22:09:35.249  6935  7049 I okhttp.OkHttpClient: Cache-Control: no-cache, no-store, max-age=0, must-revalidate
12-10 22:09:35.249  6935  7049 I okhttp.OkHttpClient: Pragma: no-cache
12-10 22:09:35.249  6935  7049 I okhttp.OkHttpClient: Expires: 0
12-10 22:09:35.249  6935  7049 I okhttp.OkHttpClient: X-Frame-Options: DENY
12-10 22:09:35.249  6935  7049 I okhttp.OkHttpClient: Content-Type: application/json
12-10 22:09:35.249  6935  7049 I okhttp.OkHttpClient: Transfer-Encoding: chunked
12-10 22:09:35.249  6935  7049 I okhttp.OkHttpClient: Date: Sat, 10 Dec 2022 22:09:37 GMT
12-10 22:09:35.249  6935  7049 I okhttp.OkHttpClient: Keep-Alive: timeout=60
12-10 22:09:35.250  6935  7049 I okhttp.OkHttpClient: Connection: keep-alive
12-10 22:09:35.251  6935  7049 I okhttp.OkHttpClient: []
12-10 22:09:35.251  6935  7049 I okhttp.OkHttpClient: <-- END HTTP (2-byte body)
12-10 22:09:35.447  6935  7031 E SQLiteLog: (1) too many SQL variables
12-10 22:09:35.513  6935  6935 W System.err: ru.iteco.fmhandroid.exceptions.UnknownException
12-10 22:09:35.513  6935  6935 W System.err: 	at ru.iteco.fmhandroid.utils.Utils.makeRequest(Utils.kt:123)
12-10 22:09:35.513  6935  6935 W System.err: 	at ru.iteco.fmhandroid.utils.Utils$makeRequest$1.invokeSuspend(Unknown Source:15)
12-10 22:09:35.513  6935  6935 W System.err: 	at kotlin.coroutines.jvm.internal.BaseContinuationImpl.resumeWith(ContinuationImpl.kt:33)
12-10 22:09:35.513  6935  6935 W System.err: 	at kotlinx.coroutines.DispatchedTask.run(DispatchedTask.kt:104)
12-10 22:09:35.513  6935  6935 W System.err: 	at android.os.Handler.handleCallback(Handler.java:883)
12-10 22:09:35.513  6935  6935 W System.err: 	at android.os.Handler.dispatchMessage(Handler.java:100)
12-10 22:09:35.513  6935  6935 W System.err: 	at androidx.test.espresso.base.Interrogator.loopAndInterrogate(Interrogator.java:14)
12-10 22:09:35.513  6935  6935 W System.err: 	at androidx.test.espresso.base.UiControllerImpl.loopUntil(UiControllerImpl.java:8)
12-10 22:09:35.513  6935  6935 W System.err: 	at androidx.test.espresso.base.UiControllerImpl.loopUntil(UiControllerImpl.java:1)
12-10 22:09:35.514  6935  6935 W System.err: 	at androidx.test.espresso.base.UiControllerImpl.loopMainThreadForAtLeast(UiControllerImpl.java:7)
12-10 22:09:35.515  6935  6935 W System.err: 	at androidx.test.espresso.action.GeneralClickAction.perform(GeneralClickAction.java:18)
12-10 22:09:35.516  6935  6935 W System.err: 	at androidx.test.espresso.ViewInteraction$SingleExecutionViewAction.perform(ViewInteraction.java:2)
12-10 22:09:35.516  6935  6935 W System.err: 	at androidx.test.espresso.ViewInteraction.doPerform(ViewInteraction.java:25)
12-10 22:09:35.517  6935  6935 W System.err: 	at androidx.test.espresso.ViewInteraction.-$$Nest$mdoPerform(Unknown Source:0)
12-10 22:09:35.517  6935  6935 W System.err: 	at androidx.test.espresso.ViewInteraction$1.call(ViewInteraction.java:7)
12-10 22:09:35.517  6935  6935 W System.err: 	at androidx.test.espresso.ViewInteraction$1.call(ViewInteraction.java:1)
12-10 22:09:35.517  6935  6935 W System.err: 	at java.util.concurrent.FutureTask.run(FutureTask.java:266)
12-10 22:09:35.517  6935  6935 W System.err: 	at android.os.Handler.handleCallback(Handler.java:883)
12-10 22:09:35.518  6935  6935 W System.err: 	at android.os.Handler.dispatchMessage(Handler.java:100)
12-10 22:09:35.518  6935  6935 W System.err: 	at android.os.Looper.loop(Looper.java:214)
12-10 22:09:35.518  6935  6935 W System.err: 	at android.app.ActivityThread.main(ActivityThread.java:7356)
12-10 22:09:35.518  6935  6935 W System.err: 	at java.lang.reflect.Method.invoke(Native Method)
12-10 22:09:35.518  6935  6935 W System.err: 	at com.android.internal.os.RuntimeInit$MethodAndArgsCaller.run(RuntimeInit.java:492)
12-10 22:09:35.518  6935  6935 W System.err: 	at com.android.internal.os.ZygoteInit.main(ZygoteInit.java:930)
12-10 22:09:35.568  1776  1828 D gralloc_ranchu: gralloc_alloc: Creating ashmem region of size 438272
12-10 22:09:35.572  1776  1828 I chatty  : uid=1000(system) HwBinder:1776_1 identical 1 line
12-10 22:09:35.573  1776  1828 D gralloc_ranchu: gralloc_alloc: Creating ashmem region of size 438272
12-10 22:09:35.578  6935  7026 D EGL_emulation: eglMakeCurrent: 0xd1149c00: ver 2 0 (tinfo 0xdc8201e0)
12-10 22:09:35.587  6935  7026 D EGL_emulation: eglMakeCurrent: 0xd1149c00: ver 2 0 (tinfo 0xdc8201e0)
12-10 22:09:36.523  1650  1650 E SELinux : avc:  denied  { find } for interface=android.hardware.memtrack::IMemtrack sid=u:r:priv_app:s0:c512,c768 pid=5789 scontext=u:r:priv_app:s0:c512,c768 tcontext=u:object_r:hal_memtrack_hwservice:s0 tclass=hwservice_manager permissive=0
12-10 22:09:36.524  5789  7083 E memtrack: Couldn't load memtrack module
12-10 22:09:36.524  5789  7083 W android.os.Debug: failed to get memory consumption info: -1
12-10 22:09:37.049  2009  2009 W WindowManager: removeWindowToken: Attempted to remove non-existing token: android.os.Binder@88723f1
12-10 22:09:37.189  6935  6974 V FA      : Inactivity, disconnecting from the service
12-10 22:09:37.239  2638  6355 I LogUtils: [Places]: ?: Couldn't find platform key file. [CONTEXT service_id=253 ]
12-10 22:09:37.240  2638  6355 I LogUtils: [Places]: ?: Couldn't find platform key file. [CONTEXT service_id=253 ]
12-10 22:09:37.256  2638  7065 I LogUtils: [Places]: ?: PlacesBleScanner stop() [CONTEXT service_id=253 ]
12-10 22:09:37.257  2638  2638 I BeaconBle: Scan : No clients left, canceling alarm. [CONTEXT service_id=111 ]
12-10 22:09:37.258  2638  2638 I BeaconBle: Scan canceled successfully. [CONTEXT service_id=111 ]
12-10 22:09:37.265  2638  7065 I PlacesLogger: [PlaceInferenceEngine]: [anon] Changed inference mode: 0 [CONTEXT service_id=253 ]
12-10 22:09:37.285  2638  7064 I LogUtils: [Places]: ?: Couldn't find platform key file. [CONTEXT service_id=253 ]
12-10 22:09:37.285  2638  6833 I LogUtils: [Places]: ?: Couldn't find platform key file. [CONTEXT service_id=253 ]
12-10 22:09:37.289  2638  3626 W GCoreFlp: No location to return for getLastLocation()
12-10 22:09:37.321  2638  2638 I GeofencerStateMachine: removeGeofences: removeRequest=RemoveGeofencingRequest[REMOVE_BY_PENDING_INTENT pendingIntent=PendingIntent[creatorPackage=com.google.android.gms], packageName=com.google.android.gms]
12-10 22:09:39.035  2009  6599 W NotificationService: Toast already killed. pkg=ru.iteco.fmhandroid callback=android.app.ITransientNotification$Stub$Proxy@d5d0b85
12-10 22:09:39.818  2861  7086 I Vision  : Requesting optional module download of ocr.
12-10 22:09:42.186  2934  3332 I WorkerManager: dispose()
12-10 22:09:42.187  2934  3332 W ThreadPoolDumper: Queue length for executor EventBus is now 11. Perhaps some tasks are too long, or the pool is too small.
12-10 22:09:42.268  2638  2638 I BeaconBle: Scan : No clients left, canceling alarm. [CONTEXT service_id=111 ]
12-10 22:09:42.967  6935  6935 D takeScreenshot: Found 2 global views to redraw
12-10 22:09:45.236  1870  1870 E netmgr  : Failed to open QEMU pipe 'qemud:network': Invalid argument
12-10 22:09:45.461  1878  1878 E wifi_forwarder: RemoteConnection failed to initialize: RemoteConnection failed to open pipe
12-10 22:09:46.829  2009  6599 I ActivityManager: Killing 5613:com.ustwo.lwp/u0a97 (adj 985): empty #17
12-10 22:09:46.951  1746  1746 I Zygote  : Process 5613 exited due to signal 9 (Killed)
12-10 22:09:46.968  2009  2050 I libprocessgroup: Successfully killed process cgroup uid 10097 pid 5613 in 119ms
12-10 22:09:47.967  6935  6980 W takeScreenshot: force redraw failed. Proceeding with screenshot
12-10 22:09:47.967  6935  6980 W takeScreenshot: java.util.concurrent.TimeoutException: Waited 5 seconds (plus 1642200 nanoseconds delay) for androidx.concurrent.futures.ResolvableFuture@7807ae7[status=PENDING, info=[setFuture=[androidx.test.core.app.ListFuture@cd0e694]]]
12-10 22:09:47.967  6935  6980 W takeScreenshot: 	at androidx.concurrent.futures.AbstractResolvableFuture.get(AbstractResolvableFuture.java:456)
12-10 22:09:47.967  6935  6980 W takeScreenshot: 	at androidx.test.core.app.DeviceCapture.takeScreenshotNoSync(DeviceCapture.kt:106)
12-10 22:09:47.967  6935  6980 W takeScreenshot: 	at androidx.test.espresso.base.DefaultFailureHandler.takeScreenshot(DefaultFailureHandler.java:3)
12-10 22:09:47.967  6935  6980 W takeScreenshot: 	at androidx.test.espresso.base.DefaultFailureHandler.handle(DefaultFailureHandler.java:3)
12-10 22:09:47.967  6935  6980 W takeScreenshot: 	at androidx.test.espresso.ViewInteraction.waitForAndHandleInteractionResults(ViewInteraction.java:8)
12-10 22:09:47.967  6935  6980 W takeScreenshot: 	at androidx.test.espresso.ViewInteraction.desugaredPerform(ViewInteraction.java:11)
12-10 22:09:47.967  6935  6980 W takeScreenshot: 	at androidx.test.espresso.ViewInteraction.perform(ViewInteraction.java:8)
12-10 22:09:47.967  6935  6980 W takeScreenshot: 	at ru.iteco.fmhandroid.ui.data.TestUtils.waitView(TestUtils.java:61)
12-10 22:09:47.967  6935  6980 W takeScreenshot: 	at ru.iteco.fmhandroid.ui.steps.ClaimsPageSteps.getTitleClaim(ClaimsPageSteps.java:231)
12-10 22:09:47.967  6935  6980 W takeScreenshot: 	at ru.iteco.fmhandroid.ui.ClaimsCreationFormTest.shouldOpenTheAppOnTheClaimAfterPressHome(ClaimsCreationFormTest.java:344)
12-10 22:09:47.967  6935  6980 W takeScreenshot: 	at java.lang.reflect.Method.invoke(Native Method)
12-10 22:09:47.967  6935  6980 W takeScreenshot: 	at org.junit.runners.model.FrameworkMethod$1.runReflectiveCall(FrameworkMethod.java:59)
12-10 22:09:47.967  6935  6980 W takeScreenshot: 	at org.junit.internal.runners.model.ReflectiveCallable.run(ReflectiveCallable.java:12)
12-10 22:09:47.967  6935  6980 W takeScreenshot: 	at org.junit.runners.model.FrameworkMethod.invokeExplosively(FrameworkMethod.java:56)
12-10 22:09:47.967  6935  6980 W takeScreenshot: 	at org.junit.internal.runners.statements.InvokeMethod.evaluate(InvokeMethod.java:17)
12-10 22:09:47.967  6935  6980 W takeScreenshot: 	at androidx.test.internal.runner.junit4.statement.RunBefores.evaluate(RunBefores.java:80)
12-10 22:09:47.967  6935  6980 W takeScreenshot: 	at androidx.test.internal.runner.junit4.statement.RunAfters.evaluate(RunAfters.java:61)
12-10 22:09:47.967  6935  6980 W takeScreenshot: 	at io.qameta.allure.android.rules.ScreenshotRule$apply$1.evaluate(ScreenshotRule.kt:22)
12-10 22:09:47.967  6935  6980 W takeScreenshot: 	at org.junit.rules.ExternalResource$1.evaluate(ExternalResource.java:54)
12-10 22:09:47.967  6935  6980 W takeScreenshot: 	at io.qameta.allure.android.rules.LogcatRule$apply$1.evaluate(LogcatRule.kt:23)
12-10 22:09:47.967  6935  6980 W takeScreenshot: 	at org.junit.rules.RunRules.evaluate(RunRules.java:20)
12-10 22:09:47.967  6935  6980 W takeScreenshot: 	at org.junit.runners.ParentRunner$3.evaluate(ParentRunner.java:306)
12-10 22:09:47.967  6935  6980 W takeScreenshot: 	at org.junit.runners.BlockJUnit4ClassRunner$1.evaluate(BlockJUnit4ClassRunner.java:100)
12-10 22:09:47.967  6935  6980 W takeScreenshot: 	at org.junit.runners.ParentRunner.runLeaf(ParentRunner.java:366)
12-10 22:09:47.967  6935  6980 W takeScreenshot: 	at org.junit.runners.BlockJUnit4ClassRunner.runChild(BlockJUnit4ClassRunner.java:103)
12-10 22:09:47.967  6935  6980 W takeScreenshot: 	at org.junit.runners.BlockJUnit4ClassRunner.runChild(BlockJUnit4ClassRunner.java:63)
12-10 22:09:47.967  6935  6980 W takeScreenshot: 	at org.junit.runners.ParentRunner$4.run(ParentRunner.java:331)
12-10 22:09:47.967  6935  6980 W takeScreenshot: 	at org.junit.runners.ParentRunner$1.schedule(ParentRunner.java:79)
12-10 22:09:47.967  6935  6980 W takeScreenshot: 	at org.junit.runners.ParentRunner.runChildren(ParentRunner.java:329)
12-10 22:09:47.967  6935  6980 W takeScreenshot: 	at org.junit.runners.ParentRunner.access$100(ParentRunner.java:66)
12-10 22:09:47.967  6935  6980 W takeScreenshot: 	at org.junit.runners.ParentRunner$2.evaluate(ParentRunner.java:293)
12-10 22:09:47.967  6935  6980 W takeScreenshot: 	at org.junit.runners.ParentRunner$3.evaluate(ParentRunner.java:306)
12-10 22:09:47.967  6935  6980 W takeScreenshot: 	at org.junit.runners.ParentRunner.run(ParentRunner.java:413)
12-10 22:09:47.967  6935  6980 W takeScreenshot: 	at androidx.test.ext.junit.runners.AndroidJUnit4.run(AndroidJUnit4.java:162)
12-10 22:09:47.967  6935  6980 W takeScreenshot: 	at io.qameta.allure.android.runners.AllureAndroidJUnit4.run(AllureAndroidJUnitRunners.kt:29)
12-10 22:09:47.967  6935  6980 W takeScreenshot: 	at org.junit.runners.Suite.runChild(Suite.java:128)
12-10 22:09:47.967  6935  6980 W takeScreenshot: 	at org.junit.runners.Suite.runChild(Suite.java:27)
12-10 22:09:47.967  6935  6980 W takeScreenshot: 	at org.junit.runners.ParentRunner$4.run(ParentRunner.java:331)
12-10 22:09:47.967  6935  6980 W takeScreenshot: 	at org.junit.runners.ParentRunner$1.schedule(ParentRunner.java:79)
12-10 22:09:47.967  6935  6980 W takeScreenshot: 	at org.junit.runners.ParentRunner.runChildren(ParentRunner.java:329)
12-10 22:09:47.967  6935  6980 W takeScreenshot: 	at org.junit.runners.ParentRunner.access$100(ParentRunner.java:66)
12-10 22:09:47.967  6935  6980 W takeScreenshot: 	at org.junit.runners.ParentRunner$2.evaluate(ParentRunner.java:293)
12-10 22:09:47.967  6935  6980 W takeScreenshot: 	at org.junit.runners.ParentRunner$3.evaluate(ParentRunner.java:306)
12-10 22:09:47.967  6935  6980 W takeScreenshot: 	at org.junit.runners.ParentRunner.run(ParentRunner.java:413)
12-10 22:09:47.967  6935  6980 W takeScreenshot: 	at org.junit.runner.JUnitCore.run(JUnitCore.java:137)
12-10 22:09:47.967  6935  6980 W takeScreenshot: 	at org.junit.runner.JUnitCore.run(JUnitCore.java:115)
12-10 22:09:47.967  6935  6980 W takeScreenshot: 	at androidx.test.internal.runner.TestExecutor.execute(TestExecutor.java:67)
12-10 22:09:47.967  6935  6980 W takeScreenshot: 	at androidx.test.internal.runner.TestExecutor.execute(TestExecutor.java:58)
12-10 22:09:47.967  6935  6980 W takeScreenshot: 	at androidx.test.runner.AndroidJUnitRunner.onStart(AndroidJUnitRunner.java:438)
12-10 22:09:47.967  6935  6980 W takeScreenshot: 	at android.app.Instrumentation$InstrumentationThread.run(Instrumentation.java:2189)
12-10 22:09:47.979  1776  1828 D gralloc_ranchu: gralloc_alloc: Creating ashmem region of size 10108928
12-10 22:09:47.988  1650  1650 I hwservicemanager: getTransport: Cannot find entry android.hardware.graphics.mapper@3.0::IMapper/default in either framework or device manifest.
12-10 22:09:47.988  6919  6933 W Gralloc3: mapper 3.x is not supported
12-10 22:09:47.993  6919  6933 D HostConnection: createUnique: call
12-10 22:09:47.994  6919  6933 D HostConnection: HostConnection::get() New Host Connection established 0xedc564e0, tid 6933
12-10 22:09:48.028  6919  6933 D HostConnection: HostComposition ext ANDROID_EMU_CHECKSUM_HELPER_v1 ANDROID_EMU_dma_v1 ANDROID_EMU_direct_mem ANDROID_EMU_host_composition_v1 ANDROID_EMU_host_composition_v2 ANDROID_EMU_vulkan ANDROID_EMU_deferred_vulkan_commands ANDROID_EMU_vulkan_null_optional_strings ANDROID_EMU_vulkan_create_resources_with_requirements ANDROID_EMU_YUV_Cache ANDROID_EMU_vulkan_ignored_handles ANDROID_EMU_vulkan_free_memory_sync ANDROID_EMU_vulkan_shader_float16_int8 ANDROID_EMU_vulkan_async_queue_submit ANDROID_EMU_sync_buffer_data GL_OES_vertex_array_object GL_KHR_texture_compression_astc_ldr ANDROID_EMU_host_side_tracing ANDROID_EMU_gles_max_version_2 
12-10 22:09:48.029  6919  6933 D eglCodecCommon: allocate: Ask for block of size 0x1000
12-10 22:09:48.029  6919  6933 D eglCodecCommon: allocate: ioctl allocate returned offset 0x3ff649000 size 0x2000
12-10 22:09:48.034  1792  2669 E SurfaceFlinger: ro.sf.lcd_density must be defined as a build property
12-10 22:09:48.035  1792  2669 E SurfaceFlinger: ro.sf.lcd_density must be defined as a build property
12-10 22:09:48.038  6919  7087 D libEGL  : Emulator has host GPU support, qemu.gles is set to 1.
12-10 22:09:48.043  6919  7087 W libc    : Unable to set property "qemu.gles" to "1": error code: 0x18
12-10 22:09:48.044  6919  7087 D libEGL  : loaded /vendor/lib/egl/libEGL_emulation.so
12-10 22:09:48.045  6919  7087 D libEGL  : loaded /vendor/lib/egl/libGLESv1_CM_emulation.so
12-10 22:09:48.046  6919  7087 D libEGL  : loaded /vendor/lib/egl/libGLESv2_emulation.so
12-10 22:09:48.054  6919  7087 D HostConnection: HostConnection::get() New Host Connection established 0xedc563f0, tid 7087
12-10 22:09:48.055  6919  7087 D HostConnection: HostComposition ext ANDROID_EMU_CHECKSUM_HELPER_v1 ANDROID_EMU_dma_v1 ANDROID_EMU_direct_mem ANDROID_EMU_host_composition_v1 ANDROID_EMU_host_composition_v2 ANDROID_EMU_vulkan ANDROID_EMU_deferred_vulkan_commands ANDROID_EMU_vulkan_null_optional_strings ANDROID_EMU_vulkan_create_resources_with_requirements ANDROID_EMU_YUV_Cache ANDROID_EMU_vulkan_ignored_handles ANDROID_EMU_vulkan_free_memory_sync ANDROID_EMU_vulkan_shader_float16_int8 ANDROID_EMU_vulkan_async_queue_submit ANDROID_EMU_sync_buffer_data GL_OES_vertex_array_object GL_KHR_texture_compression_astc_ldr ANDROID_EMU_host_side_tracing ANDROID_EMU_gles_max_version_2 
12-10 22:09:48.058  6919  7087 W OpenGLRenderer: Failed to choose config with EGL_SWAP_BEHAVIOR_PRESERVED, retrying without...
12-10 22:09:48.076  6919  7087 D EGL_emulation: eglCreateContext: 0xd89286c0: maj 2 min 0 rcv 2
12-10 22:09:48.078  6919  7087 D EGL_emulation: eglMakeCurrent: 0xd89286c0: ver 2 0 (tinfo 0xd890f340)
12-10 22:09:48.116  6935  6980 W DefaultFailureHandler: Failed to take screenshot
12-10 22:09:48.116  6935  6980 W DefaultFailureHandler: java.io.FileNotFoundException: view-op-error-1.png: open failed: EROFS (Read-only file system)
12-10 22:09:48.116  6935  6980 W DefaultFailureHandler: 	at libcore.io.IoBridge.open(IoBridge.java:496)
12-10 22:09:48.116  6935  6980 W DefaultFailureHandler: 	at java.io.FileOutputStream.<init>(FileOutputStream.java:235)
12-10 22:09:48.116  6935  6980 W DefaultFailureHandler: 	at java.io.FileOutputStream.<init>(FileOutputStream.java:125)
12-10 22:09:48.116  6935  6980 W DefaultFailureHandler: 	at androidx.test.platform.io.FileTestStorage.openOutputFile(FileTestStorage.java:60)
12-10 22:09:48.116  6935  6980 W DefaultFailureHandler: 	at androidx.test.core.graphics.BitmapStorage.writeToTestStorage(BitmapStorageExt.kt:49)
12-10 22:09:48.116  6935  6980 W DefaultFailureHandler: 	at androidx.test.espresso.base.DefaultFailureHandler.takeScreenshot(DefaultFailureHandler.java:4)
12-10 22:09:48.116  6935  6980 W DefaultFailureHandler: 	at androidx.test.espresso.base.DefaultFailureHandler.handle(DefaultFailureHandler.java:3)
12-10 22:09:48.116  6935  6980 W DefaultFailureHandler: 	at androidx.test.espresso.ViewInteraction.waitForAndHandleInteractionResults(ViewInteraction.java:8)
12-10 22:09:48.116  6935  6980 W DefaultFailureHandler: 	at androidx.test.espresso.ViewInteraction.desugaredPerform(ViewInteraction.java:11)
12-10 22:09:48.116  6935  6980 W DefaultFailureHandler: 	at androidx.test.espresso.ViewInteraction.perform(ViewInteraction.java:8)
12-10 22:09:48.116  6935  6980 W DefaultFailureHandler: 	at ru.iteco.fmhandroid.ui.data.TestUtils.waitView(TestUtils.java:61)
12-10 22:09:48.116  6935  6980 W DefaultFailureHandler: 	at ru.iteco.fmhandroid.ui.steps.ClaimsPageSteps.getTitleClaim(ClaimsPageSteps.java:231)
12-10 22:09:48.116  6935  6980 W DefaultFailureHandler: 	at ru.iteco.fmhandroid.ui.ClaimsCreationFormTest.shouldOpenTheAppOnTheClaimAfterPressHome(ClaimsCreationFormTest.java:344)
12-10 22:09:48.116  6935  6980 W DefaultFailureHandler: 	at java.lang.reflect.Method.invoke(Native Method)
12-10 22:09:48.116  6935  6980 W DefaultFailureHandler: 	at org.junit.runners.model.FrameworkMethod$1.runReflectiveCall(FrameworkMethod.java:59)
12-10 22:09:48.116  6935  6980 W DefaultFailureHandler: 	at org.junit.internal.runners.model.ReflectiveCallable.run(ReflectiveCallable.java:12)
12-10 22:09:48.116  6935  6980 W DefaultFailureHandler: 	at org.junit.runners.model.FrameworkMethod.invokeExplosively(FrameworkMethod.java:56)
12-10 22:09:48.116  6935  6980 W DefaultFailureHandler: 	at org.junit.internal.runners.statements.InvokeMethod.evaluate(InvokeMethod.java:17)
12-10 22:09:48.116  6935  6980 W DefaultFailureHandler: 	at androidx.test.internal.runner.junit4.statement.RunBefores.evaluate(RunBefores.java:80)
12-10 22:09:48.116  6935  6980 W DefaultFailureHandler: 	at androidx.test.internal.runner.junit4.statement.RunAfters.evaluate(RunAfters.java:61)
12-10 22:09:48.116  6935  6980 W DefaultFailureHandler: 	at io.qameta.allure.android.rules.ScreenshotRule$apply$1.evaluate(ScreenshotRule.kt:22)
12-10 22:09:48.116  6935  6980 W DefaultFailureHandler: 	at org.junit.rules.ExternalResource$1.evaluate(ExternalResource.java:54)
12-10 22:09:48.116  6935  6980 W DefaultFailureHandler: 	at io.qameta.allure.android.rules.LogcatRule$apply$1.evaluate(LogcatRule.kt:23)
12-10 22:09:48.116  6935  6980 W DefaultFailureHandler: 	at org.junit.rules.RunRules.evaluate(RunRules.java:20)
12-10 22:09:48.116  6935  6980 W DefaultFailureHandler: 	at org.junit.runners.ParentRunner$3.evaluate(ParentRunner.java:306)
12-10 22:09:48.116  6935  6980 W DefaultFailureHandler: 	at org.junit.runners.BlockJUnit4ClassRunner$1.evaluate(BlockJUnit4ClassRunner.java:100)
12-10 22:09:48.116  6935  6980 W DefaultFailureHandler: 	at org.junit.runners.ParentRunner.runLeaf(ParentRunner.java:366)
12-10 22:09:48.116  6935  6980 W DefaultFailureHandler: 	at org.junit.runners.BlockJUnit4ClassRunner.runChild(BlockJUnit4ClassRunner.java:103)
12-10 22:09:48.116  6935  6980 W DefaultFailureHandler: 	at org.junit.runners.BlockJUnit4ClassRunner.runChild(BlockJUnit4ClassRunner.java:63)
12-10 22:09:48.116  6935  6980 W DefaultFailureHandler: 	at org.junit.runners.ParentRunner$4.run(ParentRunner.java:331)
12-10 22:09:48.116  6935  6980 W DefaultFailureHandler: 	at org.junit.runners.ParentRunner$1.schedule(ParentRunner.java:79)
12-10 22:09:48.116  6935  6980 W DefaultFailureHandler: 	at org.junit.runners.ParentRunner.runChildren(ParentRunner.java:329)
12-10 22:09:48.116  6935  6980 W DefaultFailureHandler: 	at org.junit.runners.ParentRunner.access$100(ParentRunner.java:66)
12-10 22:09:48.116  6935  6980 W DefaultFailureHandler: 	at org.junit.runners.ParentRunner$2.evaluate(ParentRunner.java:293)
12-10 22:09:48.116  6935  6980 W DefaultFailureHandler: 	at org.junit.runners.ParentRunner$3.evaluate(ParentRunner.java:306)
12-10 22:09:48.116  6935  6980 W DefaultFailureHandler: 	at org.junit.runners.ParentRunner.run(ParentRunner.java:413)
12-10 22:09:48.116  6935  6980 W DefaultFailureHandler: 	at androidx.test.ext.junit.runners.AndroidJUnit4.run(AndroidJUnit4.java:162)
12-10 22:09:48.116  6935  6980 W DefaultFailureHandler: 	at io.qameta.allure.android.runners.AllureAndroidJUnit4.run(AllureAndroidJUnitRunners.kt:29)
12-10 22:09:48.116  6935  6980 W DefaultFailureHandler: 	at org.junit.runners.Suite.runChild(Suite.java:128)
12-10 22:09:48.116  6935  6980 W DefaultFailureHandler: 	at org.junit.runners.Suite.runChild(Suite.java:27)
12-10 22:09:48.116  6935  6980 W DefaultFailureHandler: 	at org.junit.runners.ParentRunner$4.run(ParentRunner.java:331)
12-10 22:09:48.116  6935  6980 W DefaultFailureHandler: 	at org.junit.runners.ParentRunner$1.schedule(ParentRunner.java:79)
12-10 22:09:48.116  6935  6980 W DefaultFailureHandler: 	at org.junit.runners.ParentRunner.runChildren(ParentRunner.java:329)
12-10 22:09:48.116  6935  6980 W DefaultFailureHandler: 	at org.junit.runners.ParentRunner.access$100(ParentRunner.java:66)
12-10 22:09:48.116  6935  6980 W DefaultFailureHandler: 	at org.junit.runners.ParentRunner$2.evaluate(ParentRunner.java:293)
12-10 22:09:48.116  6935  6980 W DefaultFailureHandler: 	at org.junit.runners.ParentRunner$3.evaluate(ParentRunner.java:306)
12-10 22:09:48.116  6935  6980 W DefaultFailureHandler: 	at org.junit.runners.ParentRunner.run(ParentRunner.java:413)
12-10 22:09:48.116  6935  6980 W DefaultFailureHandler: 	at org.junit.runner.JUnitCore.run(JUnitCore.java:137)
12-10 22:09:48.116  6935  6980 W DefaultFailureHandler: 	at org.junit.runner.JUnitCore.run(JUnitCore.java:115)
12-10 22:09:48.116  6935  6980 W DefaultFailureHandler: 	at androidx.test.internal.runner.TestExecutor.execute(TestExecutor.java:67)
12-10 22:09:48.116  6935  6980 W DefaultFailureHandler: 	at androidx.test.internal.runner.TestExecutor.execute(TestExecutor.java:58)
12-10 22:09:48.116  6935  6980 W DefaultFailureHandler: 	at androidx.test.runner.AndroidJUnitRunner.onStart(AndroidJUnitRunner.java:438)
12-10 22:09:48.116  6935  6980 W DefaultFailureHandler: 	at android.app.Instrumentation$InstrumentationThread.run(Instrumentation.java:2189)
12-10 22:09:48.116  6935  6980 W DefaultFailureHandler: Caused by: android.system.ErrnoException: open failed: EROFS (Read-only file system)
12-10 22:09:48.116  6935  6980 W DefaultFailureHandler: 	at libcore.io.Linux.open(Native Method)
12-10 22:09:48.116  6935  6980 W DefaultFailureHandler: 	at libcore.io.ForwardingOs.open(ForwardingOs.java:167)
12-10 22:09:48.116  6935  6980 W DefaultFailureHandler: 	at libcore.io.BlockGuardOs.open(BlockGuardOs.java:252)
12-10 22:09:48.116  6935  6980 W DefaultFailureHandler: 	at libcore.io.ForwardingOs.open(ForwardingOs.java:167)
12-10 22:09:48.116  6935  6980 W DefaultFailureHandler: 	at android.app.ActivityThread$AndroidOs.open(ActivityThread.java:7255)
12-10 22:09:48.116  6935  6980 W DefaultFailureHandler: 	at libcore.io.IoBridge.open(IoBridge.java:482)
12-10 22:09:48.116  6935  6980 W DefaultFailureHandler: 	... 52 more
12-10 22:09:48.134  2161  2161 D StatusBar: disable<e i a s b h r c s > disable2<q i n >
12-10 22:09:48.155  2161  2570 D EGL_emulation: eglMakeCurrent: 0xe7a7fbe0: ver 2 0 (tinfo 0xd11aea40)
12-10 22:09:48.158  1776  1828 D gralloc_ranchu: gralloc_alloc: Creating ashmem region of size 10108928
12-10 22:09:48.169  2161  2570 D EGL_emulation: eglMakeCurrent: 0xe7a7fbe0: ver 2 0 (tinfo 0xd11aea40)
12-10 22:09:48.194  1776  1828 D gralloc_ranchu: gralloc_alloc: Creating ashmem region of size 10108928
12-10 22:09:48.216  2161  2161 D StatusBar: disable<e i a s b h r c s > disable2<q i n >
12-10 22:09:48.243  1776  1828 D gralloc_ranchu: gralloc_alloc: Creating ashmem region of size 10108928
12-10 22:09:48.896  6935  6980 I QueryController: Matched selector: UiSelector[DESCRIPTION=Airplane mode] <<==>> [android.view.accessibility.AccessibilityNodeInfo@74d7f; boundsInParent: Rect(0, 0 - 292, 292); boundsInScreen: Rect(736, 804 - 1028, 1096); packageName: com.android.systemui; className: android.widget.Switch; text: Off; error: null; maxTextLength: -1; contentDescription: Airplane mode; tooltipText: null; viewIdResName: null; checkable: true; checked: false; focusable: true; focused: false; selected: false; clickable: true; longClickable: true; contextClickable: false; enabled: true; password: false; scrollable: false; importantForAccessibility: true; visible: true; actions: [AccessibilityAction: ACTION_FOCUS - null, AccessibilityAction: ACTION_SELECT - null, AccessibilityAction: ACTION_CLEAR_SELECTION - null, AccessibilityAction: ACTION_CLICK - null, AccessibilityAction: ACTION_ACCESSIBILITY_FOCUS - null, AccessibilityAction: ACTION_NEXT_AT_MOVEMENT_GRANULARITY - null, AccessibilityAction: ACTION_PREVIOUS_AT_MOVEMENT_GRANULARITY - null, AccessibilityAction: ACTION_SET_SELECTION - null, AccessibilityAction: ACTION_SHOW_ON_SCREEN - null, AccessibilityAction: ACTION_LONG_CLICK - Open settings]]
12-10 22:09:48.913  2009  2040 D AutofillManagerService: onBackKeyPressed()
12-10 22:09:49.546  2161  2161 V StatusBar: mStatusBarWindow: com.android.systemui.statusbar.phone.StatusBarWindowView{f80b54d V.E...... ........ 0,0-1080,2340} canPanelBeCollapsed(): true
12-10 22:09:49.560  2161  2161 D StatusBar: disable<e i a s b h r c s > disable2<q i n >
12-10 22:09:49.573  2161  2161 D StatusBar: disable<e i a s b h r c s > disable2<q i n >
12-10 22:09:49.578  1776  1828 D gralloc_ranchu: gralloc_alloc: Creating ashmem region of size 10108928
12-10 22:09:49.610  2161  2570 D EGL_emulation: eglMakeCurrent: 0xe7a7fbe0: ver 2 0 (tinfo 0xd11aea40)
12-10 22:09:49.611  1776  1828 D gralloc_ranchu: gralloc_alloc: Creating ashmem region of size 286720
12-10 22:09:49.615  2161  2570 D EGL_emulation: eglMakeCurrent: 0xe7a7fbe0: ver 2 0 (tinfo 0xd11aea40)
12-10 22:09:49.626  1776  1828 D gralloc_ranchu: gralloc_alloc: Creating ashmem region of size 286720
12-10 22:09:49.546  2009  2040 D AutofillManagerService: onBackKeyPressed()
12-10 22:09:49.739  2009  2288 I ActivityTaskManager: START u0 {act=android.intent.action.MAIN cat=[android.intent.category.LAUNCHER] flg=0x10000000 cmp=ru.iteco.fmhandroid.test/androidx.test.core.app.InstrumentationActivityInvoker$EmptyActivity} from uid 10146
12-10 22:09:49.632  1776  1828 D gralloc_ranchu: gralloc_alloc: Creating ashmem region of size 286720
12-10 22:09:49.748  6935  6935 D LifecycleMonitor: Lifecycle status change: ru.iteco.fmhandroid.ui.AppActivity@f79d364 in: PAUSED
12-10 22:09:49.748  6935  6935 V ActivityScenario: Activity lifecycle changed event received but ignored because the activity instance does not match. currentActivity=ru.iteco.fmhandroid.ui.AppActivity@bb51593, receivedActivity=ru.iteco.fmhandroid.ui.AppActivity@f79d364
12-10 22:09:49.750  2009  5692 W InputReader: Device has associated, but no associated display id.
12-10 22:09:49.751  2009  5692 I chatty  : uid=1000(system) Binder:2009_14 identical 38 lines
12-10 22:09:49.751  2009  5692 W InputReader: Device has associated, but no associated display id.
12-10 22:09:49.752  6990  6990 W ActivityThread: handleWindowVisibility: no activity for token android.os.BinderProxy@9533af5
12-10 22:09:49.753  2009  5692 W InputReader: Device has associated, but no associated display id.
12-10 22:09:49.753  2009  5692 I chatty  : uid=1000(system) Binder:2009_14 identical 8 lines
12-10 22:09:49.753  2009  5692 W InputReader: Device has associated, but no associated display id.
12-10 22:09:49.758  6935  6974 V FA      : Recording user engagement, ms: 17799
12-10 22:09:49.770  2009  2043 W WindowManager: TaskSnapshotSurface.create: Failed to find main window for token=AppWindowToken{7a6df43 token=Token{1ab3cf2 ActivityRecord{cdad7fd u0 ru.iteco.fmhandroid.test/androidx.test.core.app.InstrumentationActivityInvoker$EmptyActivity t406}}}
12-10 22:09:49.790  2009  5938 I ActivityTaskManager: START u0 {act=android.intent.action.MAIN cat=[android.intent.category.LAUNCHER] flg=0x10000000 cmp=ru.iteco.fmhandroid.test/androidx.test.core.app.InstrumentationActivityInvoker$EmptyActivity} from uid 10146
12-10 22:09:49.797  6935  6974 V FA      : Connecting to remote service
12-10 22:09:49.797  2009  2043 W WindowManager: TaskSnapshotSurface.create: Failed to find main window for token=AppWindowToken{b64284 token=Token{cd31097 ActivityRecord{b16cf16 u0 ru.iteco.fmhandroid.test/androidx.test.core.app.InstrumentationActivityInvoker$EmptyActivity t406}}}
12-10 22:09:49.805  6935  6974 V FA      : Connection attempt already in progress
12-10 22:09:49.808  6935  6974 V FA      : Activity paused, time: 375185
12-10 22:09:49.822  6990  7023 D HostConnection: HostConnection::get() New Host Connection established 0xd4756190, tid 7023
12-10 22:09:49.825  6990  7023 D HostConnection: HostComposition ext ANDROID_EMU_CHECKSUM_HELPER_v1 ANDROID_EMU_dma_v1 ANDROID_EMU_direct_mem ANDROID_EMU_host_composition_v1 ANDROID_EMU_host_composition_v2 ANDROID_EMU_vulkan ANDROID_EMU_deferred_vulkan_commands ANDROID_EMU_vulkan_null_optional_strings ANDROID_EMU_vulkan_create_resources_with_requirements ANDROID_EMU_YUV_Cache ANDROID_EMU_vulkan_ignored_handles ANDROID_EMU_vulkan_free_memory_sync ANDROID_EMU_vulkan_shader_float16_int8 ANDROID_EMU_vulkan_async_queue_submit ANDROID_EMU_sync_buffer_data GL_OES_vertex_array_object GL_KHR_texture_compression_astc_ldr ANDROID_EMU_host_side_tracing ANDROID_EMU_gles_max_version_2 
12-10 22:09:49.830  6990  7023 W OpenGLRenderer: Failed to choose config with EGL_SWAP_BEHAVIOR_PRESERVED, retrying without...
12-10 22:09:49.847  6990  7023 D EGL_emulation: eglCreateContext: 0xd471a3c0: maj 2 min 0 rcv 2
12-10 22:09:49.850  6990  7023 D EGL_emulation: eglMakeCurrent: 0xd471a3c0: ver 2 0 (tinfo 0xd470f0d0)
12-10 22:09:49.855  1776  1828 D gralloc_ranchu: gralloc_alloc: Creating ashmem region of size 10108928
12-10 22:09:49.858  1650  1650 I hwservicemanager: getTransport: Cannot find entry android.hardware.graphics.mapper@3.0::IMapper/default in either framework or device manifest.
12-10 22:09:49.859  6990  7023 W Gralloc3: mapper 3.x is not supported
12-10 22:09:49.862  6990  7023 D HostConnection: createUnique: call
12-10 22:09:49.862  6990  7023 D HostConnection: HostConnection::get() New Host Connection established 0xd47565f0, tid 7023
12-10 22:09:49.863  6990  7023 D HostConnection: HostComposition ext ANDROID_EMU_CHECKSUM_HELPER_v1 ANDROID_EMU_dma_v1 ANDROID_EMU_direct_mem ANDROID_EMU_host_composition_v1 ANDROID_EMU_host_composition_v2 ANDROID_EMU_vulkan ANDROID_EMU_deferred_vulkan_commands ANDROID_EMU_vulkan_null_optional_strings ANDROID_EMU_vulkan_create_resources_with_requirements ANDROID_EMU_YUV_Cache ANDROID_EMU_vulkan_ignored_handles ANDROID_EMU_vulkan_free_memory_sync ANDROID_EMU_vulkan_shader_float16_int8 ANDROID_EMU_vulkan_async_queue_submit ANDROID_EMU_sync_buffer_data GL_OES_vertex_array_object GL_KHR_texture_compression_astc_ldr ANDROID_EMU_host_side_tracing ANDROID_EMU_gles_max_version_2 
12-10 22:09:49.863  6990  7023 D eglCodecCommon: allocate: Ask for block of size 0x1000
12-10 22:09:49.864  6990  7023 D eglCodecCommon: allocate: ioctl allocate returned offset 0x3ff647000 size 0x2000
12-10 22:09:49.867  6935  6935 D LifecycleMonitor: Lifecycle status change: ru.iteco.fmhandroid.ui.AppActivity@bb51593 in: DESTROYED
12-10 22:09:49.867  6935  6935 V ActivityScenario: Update currentActivityStage to DESTROYED, currentActivity=null
12-10 22:09:49.867  1776  1828 D gralloc_ranchu: gralloc_alloc: Creating ashmem region of size 10108928
12-10 22:09:49.868  1776  1828 D gralloc_ranchu: gralloc_alloc: Creating ashmem region of size 10108928
12-10 22:09:49.869  6990  7023 D EGL_emulation: eglMakeCurrent: 0xd471a3c0: ver 2 0 (tinfo 0xd470f0d0)
12-10 22:09:49.902  6935  6974 D FA      : Connected to remote service
12-10 22:09:49.903  6935  6974 V FA      : Processing queued up service tasks: 2
12-10 22:09:49.920  2861  6983 V FA-SVC  : Logging event: origin=auto,name=user_engagement(_e),params=Bundle[{ga_event_origin(_o)=auto, engagement_time_msec(_et)=17799, ga_screen_class(_sc)=AppActivity, ga_screen_id(_si)=3904082495355736081}]
12-10 22:09:49.943  2861  6983 V FA-SVC  : Upload scheduled in approximately ms: 3452226
12-10 22:09:49.943  2861  6983 V FA-SVC  : Unscheduling upload
12-10 22:09:49.946  2861  6983 V FA-SVC  : Scheduling upload, millis: 3452226
12-10 22:09:49.948  2861  6983 V FA-SVC  : Background event processing time, ms: 28
12-10 22:09:49.953  2009  2028 W InputReader: Device has associated, but no associated display id.
12-10 22:09:49.956  2009  2028 I chatty  : uid=1000(system) Binder:2009_1 identical 48 lines
12-10 22:09:49.956  2009  2028 W InputReader: Device has associated, but no associated display id.
12-10 22:09:49.968  6990  6990 W ActivityThread: handleWindowVisibility: no activity for token android.os.BinderProxy@7e2903a
12-10 22:09:50.025  1776  1828 D gralloc_ranchu: gralloc_alloc: Creating ashmem region of size 10108928
12-10 22:09:50.030  1776  1828 I chatty  : uid=1000(system) HwBinder:1776_1 identical 1 line
12-10 22:09:50.032  1776  1828 D gralloc_ranchu: gralloc_alloc: Creating ashmem region of size 10108928
12-10 22:09:50.034  6990  7023 D EGL_emulation: eglMakeCurrent: 0xd471a3c0: ver 2 0 (tinfo 0xd470f0d0)
12-10 22:09:50.041  2009  2009 W WindowManager: removeWindowToken: Attempted to remove non-existing token: android.os.Binder@355dc99
12-10 22:09:50.061  2009  2043 W InputReader: Device has associated, but no associated display id.
12-10 22:09:50.062  2009  2043 I chatty  : uid=1000(system) android.anim identical 18 lines
12-10 22:09:50.062  2009  2043 W InputReader: Device has associated, but no associated display id.
12-10 22:09:50.063  1776  1828 D gralloc_ranchu: gralloc_alloc: Creating ashmem region of size 6471680
12-10 22:09:50.070  2009  2047 I ActivityTaskManager: Displayed ru.iteco.fmhandroid.test/androidx.test.core.app.InstrumentationActivityInvoker$EmptyActivity: +212ms
12-10 22:09:50.080  6935  7026 D EGL_emulation: eglMakeCurrent: 0xd1149c00: ver 2 0 (tinfo 0xdc8201e0)
