12-02 23:12:53.211  1864  1864 I ViewInteraction: Performing 'set date' action on view is assignable from class <class android.widget.DatePicker>
12-02 23:12:53.251  1864  1864 I ViewInteraction: Performing 'wait for a specific view with <view.getId() is <16908313/android:id/button1>> during 10000 millis.' action on view view.getRootView() to equal view
12-02 23:12:53.253  1864  1864 I ViewInteraction: Performing 'single click' action on view view.getId() is <16908313/android:id/button1>
12-02 23:12:53.342  1864  2003 D EGL_emulation: eglMakeCurrent: 0xdb91b3e0: ver 2 0 (tinfo 0xdb98eb00)
12-02 23:12:53.348  2010 20213 E InputDispatcher: Window handle Window{bd5a2e u0 ru.iteco.fmhandroid/ru.iteco.fmhandroid.ui.AppActivity} has no registered input channel
12-02 23:12:53.354  1864  2003 D EGL_emulation: eglMakeCurrent: 0xdb91b3e0: ver 2 0 (tinfo 0xdb98eb00)
12-02 23:12:53.598  1864  1864 I ViewInteraction: Performing 'wait for a specific view with <(an instance of android.widget.TextView and view.getHint() matching: is "Time" and view.getParent() view.getParent() view.getId() is <2131231399/ru.iteco.fmhandroid:id/time_in_plan_text_input_layout>)> during 10000 millis.' action on view view.getRootView() to equal view
12-02 23:12:53.601  1864  1864 I ViewInteraction: Performing 'single click' action on view (an instance of android.widget.TextView and view.getHint() matching: is "Time" and view.getParent() view.getParent() view.getId() is <2131231399/ru.iteco.fmhandroid:id/time_in_plan_text_input_layout>)
12-02 23:12:53.710  1772  1772 D gralloc_ranchu: gralloc_alloc: Creating ashmem region of size 9261056
12-02 23:12:53.715  1772  1772 I chatty  : uid=1000(system) allocator@2.0-s identical 1 line
12-02 23:12:53.716  1772  1772 D gralloc_ranchu: gralloc_alloc: Creating ashmem region of size 9261056
12-02 23:12:53.720  1864  2003 D EGL_emulation: eglMakeCurrent: 0xdb91b3e0: ver 2 0 (tinfo 0xdb98eb00)
12-02 23:12:53.761  1864  2003 D EGL_emulation: eglMakeCurrent: 0xdb91b3e0: ver 2 0 (tinfo 0xdb98eb00)
12-02 23:12:53.903  1864  2083 I okhttp.OkHttpClient: <-- 200 http://www.981757-ca08998.tmweb.ru:8080/fmh/claims (3150ms)
12-02 23:12:53.903  1864  2083 I okhttp.OkHttpClient: Vary: Origin
12-02 23:12:53.903  1864  2083 I okhttp.OkHttpClient: Vary: Access-Control-Request-Method
12-02 23:12:53.903  1864  2083 I okhttp.OkHttpClient: Vary: Access-Control-Request-Headers
12-02 23:12:53.903  1864  2083 I okhttp.OkHttpClient: X-Content-Type-Options: nosniff
12-02 23:12:53.903  1864  2083 I okhttp.OkHttpClient: X-XSS-Protection: 1; mode=block
12-02 23:12:53.903  1864  2083 I okhttp.OkHttpClient: Cache-Control: no-cache, no-store, max-age=0, must-revalidate
12-02 23:12:53.903  1864  2083 I okhttp.OkHttpClient: Pragma: no-cache
12-02 23:12:53.903  1864  2083 I okhttp.OkHttpClient: Expires: 0
12-02 23:12:53.903  1864  2083 I okhttp.OkHttpClient: X-Frame-Options: DENY
12-02 23:12:53.903  1864  2083 I okhttp.OkHttpClient: Content-Type: application/json
12-02 23:12:53.904  1864  2083 I okhttp.OkHttpClient: Transfer-Encoding: chunked
12-02 23:12:53.904  1864  2083 I okhttp.OkHttpClient: Date: Fri, 02 Dec 2022 20:12:54 GMT
12-02 23:12:53.904  1864  2083 I okhttp.OkHttpClient: Keep-Alive: timeout=60
12-02 23:12:53.904  1864  2083 I okhttp.OkHttpClient: Connection: keep-alive
12-02 23:12:54.005  1864  1864 I ViewInteraction: Performing 'wait for a specific view with <is assignable from class <class android.widget.TimePicker>> during 10000 millis.' action on view view.getRootView() to equal view
12-02 23:12:54.007  1864  1864 I ViewInteraction: Checking 'MatchesViewAssertion{viewMatcher=(view has effective visibility <VISIBLE> and view.getGlobalVisibleRect() to return non-empty rectangle)}' assertion on view is assignable from class <class android.widget.TimePicker>
12-02 23:12:54.012  1864  1864 I ViewInteraction: Performing 'wait for a specific view with <is assignable from class <class android.widget.TimePicker>> during 10000 millis.' action on view view.getRootView() to equal view
12-02 23:12:54.014  1864  1864 I ViewInteraction: Performing 'set time' action on view is assignable from class <class android.widget.TimePicker>
12-02 23:12:54.016  1864  1864 I ViewInteraction: Performing 'wait for a specific view with <view.getId() is <16908313/android:id/button1>> during 10000 millis.' action on view view.getRootView() to equal view
12-02 23:12:54.019  1864  1864 I ViewInteraction: Performing 'single click' action on view view.getId() is <16908313/android:id/button1>
12-02 23:12:54.084  1864  2003 D EGL_emulation: eglMakeCurrent: 0xdb91b3e0: ver 2 0 (tinfo 0xdb98eb00)
12-02 23:12:54.097  1864  2003 I chatty  : uid=10159(ru.iteco.fmhandroid) RenderThread identical 1 line
12-02 23:12:54.110  1864  2003 D EGL_emulation: eglMakeCurrent: 0xdb91b3e0: ver 2 0 (tinfo 0xdb98eb00)
12-02 23:12:54.114  2010  9089 E InputDispatcher: Window handle Window{12ffed5 u0 ru.iteco.fmhandroid/ru.iteco.fmhandroid.ui.AppActivity} has no registered input channel
12-02 23:12:54.639  1864  1864 I ViewInteraction: Performing 'wait for a specific view with <(an instance of android.widget.TextView and view.getHint() matching: is "Description" and view.getParent() view.getParent() view.getId() is <2131230988/ru.iteco.fmhandroid:id/description_text_input_layout>)> during 10000 millis.' action on view view.getRootView() to equal view
12-02 23:12:54.643  1864  1864 I ViewInteraction: Performing 'replace text(Открытая efbffe0c-1fb7-490e-b2b4-ed0e04edd5e2)' action on view (an instance of android.widget.TextView and view.getHint() matching: is "Description" and view.getParent() view.getParent() view.getId() is <2131230988/ru.iteco.fmhandroid:id/description_text_input_layout>)
12-02 23:12:54.670  1864  1864 I ViewInteraction: Performing 'wait for a specific view with <view.getId() is <2131231291/ru.iteco.fmhandroid:id/save_button>> during 10000 millis.' action on view view.getRootView() to equal view
12-02 23:12:54.674  1864  1864 I ViewInteraction: Performing 'single click' action on view view.getId() is <2131231291/ru.iteco.fmhandroid:id/save_button>
12-02 23:12:54.739  1864  2061 I okhttp.OkHttpClient: <-- 200 http://www.981757-ca08998.tmweb.ru:8080/fmh/claims (3251ms)
12-02 23:12:54.739  1864  2061 I okhttp.OkHttpClient: Vary: Origin
12-02 23:12:54.739  1864  2061 I okhttp.OkHttpClient: Vary: Access-Control-Request-Method
12-02 23:12:54.739  1864  2061 I okhttp.OkHttpClient: Vary: Access-Control-Request-Headers
12-02 23:12:54.739  1864  2061 I okhttp.OkHttpClient: X-Content-Type-Options: nosniff
12-02 23:12:54.739  1864  2061 I okhttp.OkHttpClient: X-XSS-Protection: 1; mode=block
12-02 23:12:54.739  1864  2061 I okhttp.OkHttpClient: Cache-Control: no-cache, no-store, max-age=0, must-revalidate
12-02 23:12:54.740  1864  2061 I okhttp.OkHttpClient: Pragma: no-cache
12-02 23:12:54.740  1864  2061 I okhttp.OkHttpClient: Expires: 0
12-02 23:12:54.740  1864  2061 I okhttp.OkHttpClient: X-Frame-Options: DENY
12-02 23:12:54.740  1864  2061 I okhttp.OkHttpClient: Content-Type: application/json
12-02 23:12:54.740  1864  2061 I okhttp.OkHttpClient: Transfer-Encoding: chunked
12-02 23:12:54.740  1864  2061 I okhttp.OkHttpClient: Date: Fri, 02 Dec 2022 20:12:54 GMT
12-02 23:12:54.740  1864  2061 I okhttp.OkHttpClient: Keep-Alive: timeout=60
12-02 23:12:54.740  1864  2061 I okhttp.OkHttpClient: Connection: keep-alive
12-02 23:12:54.740  1864  2093 I okhttp.OkHttpClient: --> POST http://www.981757-ca08998.tmweb.ru:8080/fmh/claims
12-02 23:12:54.740  1864  2093 I okhttp.OkHttpClient: Content-Type: application/json; charset=UTF-8
12-02 23:12:54.740  1864  2093 I okhttp.OkHttpClient: Content-Length: 277
12-02 23:12:54.740  1864  2093 I okhttp.OkHttpClient: {"createDate":1670011974,"creatorId":2,"creatorName":"Иванов Данил Данилович","description":"Открытая efbffe0c-1fb7-490e-b2b4-ed0e04edd5e2","planExecuteDate":1673813520,"status":"OPEN","title":"Открытая efbffe0c-1fb7-490e-b2b4-ed0e04edd5e2"}
12-02 23:12:54.740  1864  2093 I okhttp.OkHttpClient: --> END POST (277-byte body)
12-02 23:12:54.744  1743  2630 E ResolverController: No valid NAT64 prefix (128, <unspecified>/0)
12-02 23:12:55.042  1864  2093 I okhttp.OkHttpClient: <-- 200 http://www.981757-ca08998.tmweb.ru:8080/fmh/claims (301ms)
12-02 23:12:55.042  1864  2093 I okhttp.OkHttpClient: Vary: Origin
12-02 23:12:55.042  1864  2093 I okhttp.OkHttpClient: Vary: Access-Control-Request-Method
12-02 23:12:55.042  1864  2093 I okhttp.OkHttpClient: Vary: Access-Control-Request-Headers
12-02 23:12:55.042  1864  2093 I okhttp.OkHttpClient: X-Content-Type-Options: nosniff
12-02 23:12:55.042  1864  2093 I okhttp.OkHttpClient: X-XSS-Protection: 1; mode=block
12-02 23:12:55.042  1864  2093 I okhttp.OkHttpClient: Cache-Control: no-cache, no-store, max-age=0, must-revalidate
12-02 23:12:55.042  1864  2093 I okhttp.OkHttpClient: Pragma: no-cache
12-02 23:12:55.042  1864  2093 I okhttp.OkHttpClient: Expires: 0
12-02 23:12:55.042  1864  2093 I okhttp.OkHttpClient: X-Frame-Options: DENY
12-02 23:12:55.043  1864  2093 I okhttp.OkHttpClient: Content-Type: application/json
12-02 23:12:55.043  1864  2093 I okhttp.OkHttpClient: Transfer-Encoding: chunked
12-02 23:12:55.043  1864  2093 I okhttp.OkHttpClient: Date: Fri, 02 Dec 2022 20:12:56 GMT
12-02 23:12:55.043  1864  2093 I okhttp.OkHttpClient: Keep-Alive: timeout=60
12-02 23:12:55.043  1864  2093 I okhttp.OkHttpClient: Connection: keep-alive
12-02 23:12:55.044  1864  2093 I okhttp.OkHttpClient: {"id":2549,"title":"Открытая efbffe0c-1fb7-490e-b2b4-ed0e04edd5e2","description":"Открытая efbffe0c-1fb7-490e-b2b4-ed0e04edd5e2","creatorId":2,"executorId":null,"createDate":1670011974,"planExecuteDate":1673813520,"factExecuteDate":null,"status":"OPEN","creatorName":"Иванов Данил Данилович","executorName":null}
12-02 23:12:55.044  1864  2093 I okhttp.OkHttpClient: <-- END HTTP (348-byte body)
12-02 23:12:55.932  1881  1881 E netmgr  : Failed to open QEMU pipe 'qemud:network': Invalid argument
12-02 23:12:57.888  1750  1750 W audio_hw_generic: Not supplying enough data to HAL, expected position 451402457 , only wrote 451038638
12-02 23:12:57.963  1864  1864 I ViewInteraction: Performing 'wait for a specific view with <view.getId() is <2131230849/ru.iteco.fmhandroid:id/add_new_claim_material_button>> during 10000 millis.' action on view view.getRootView() to equal view
12-02 23:12:57.967  1864  1864 I ViewInteraction: Performing 'single click' action on view view.getId() is <2131230849/ru.iteco.fmhandroid:id/add_new_claim_material_button>
12-02 23:12:58.016  1864  2052 I okhttp.OkHttpClient: --> GET http://www.981757-ca08998.tmweb.ru:8080/fmh/users
12-02 23:12:58.016  1864  2052 I okhttp.OkHttpClient: --> END GET
12-02 23:12:58.027  1750  3111 W audio_hw_generic: Not supplying enough data to HAL, expected position 451038757 , only wrote 451038638
12-02 23:12:58.172  1864  2052 I okhttp.OkHttpClient: <-- 200 http://www.981757-ca08998.tmweb.ru:8080/fmh/users (156ms)
12-02 23:12:58.173  1864  2052 I okhttp.OkHttpClient: Vary: Origin
12-02 23:12:58.173  1864  2052 I okhttp.OkHttpClient: Vary: Access-Control-Request-Method
12-02 23:12:58.173  1864  2052 I okhttp.OkHttpClient: Vary: Access-Control-Request-Headers
12-02 23:12:58.173  1864  2052 I okhttp.OkHttpClient: X-Content-Type-Options: nosniff
12-02 23:12:58.173  1864  2052 I okhttp.OkHttpClient: X-XSS-Protection: 1; mode=block
12-02 23:12:58.173  1864  2052 I okhttp.OkHttpClient: Cache-Control: no-cache, no-store, max-age=0, must-revalidate
12-02 23:12:58.173  1864  2052 I okhttp.OkHttpClient: Pragma: no-cache
12-02 23:12:58.173  1864  2052 I okhttp.OkHttpClient: Expires: 0
12-02 23:12:58.173  1864  2052 I okhttp.OkHttpClient: X-Frame-Options: DENY
12-02 23:12:58.173  1864  2052 I okhttp.OkHttpClient: Content-Type: application/json
12-02 23:12:58.173  1864  2052 I okhttp.OkHttpClient: Transfer-Encoding: chunked
12-02 23:12:58.173  1864  2052 I okhttp.OkHttpClient: Date: Fri, 02 Dec 2022 20:12:59 GMT
12-02 23:12:58.173  1864  2052 I okhttp.OkHttpClient: Keep-Alive: timeout=60
12-02 23:12:58.173  1864  2052 I okhttp.OkHttpClient: Connection: keep-alive
12-02 23:12:58.176  1864  2052 I okhttp.OkHttpClient: [{"id":1,"firstName":"Петр","lastName":"Смирнов","middleName":"Петрович","admin":true},{"id":2,"firstName":"Данил","lastName":"Иванов","middleName":"Данилович","admin":true},{"id":3,"firstName":"Егор","lastName":"Петров","middleName":"Егорович","admin":false},{"id":4,"firstName":"Дмитрий","lastName":"Сидоров","middleName":"Дмитриевич","admin":false},{"id":5,"firstName":"Тест","lastName":"Тестов","middleName":"Тестович","admin":true},{"id":6,"firstName":"Diplom","lastName":"Netology","middleName":"QAMID","admin":true}]
12-02 23:12:58.176  1864  2052 I okhttp.OkHttpClient: <-- END HTTP (622-byte body)
12-02 23:12:58.252  1864  1864 I ViewInteraction: Performing 'wait for a specific view with <view.getId() is <2131231041/ru.iteco.fmhandroid:id/executor_drop_menu_auto_complete_text_view>> during 10000 millis.' action on view view.getRootView() to equal view
12-02 23:12:58.256  1864  1864 I ViewInteraction: Performing 'single click' action on view view.getId() is <2131231041/ru.iteco.fmhandroid:id/executor_drop_menu_auto_complete_text_view>
12-02 23:12:58.322  1743  1743 I netd    : firewallSetUidRule(2, 10145, 1) <0.02ms>
12-02 23:12:58.349  1772  1772 D gralloc_ranchu: gralloc_alloc: Creating ashmem region of size 7032832
12-02 23:12:58.352  1772  1772 I chatty  : uid=1000(system) allocator@2.0-s identical 1 line
12-02 23:12:58.353  1772  1772 D gralloc_ranchu: gralloc_alloc: Creating ashmem region of size 7032832
12-02 23:12:58.358  1864  2003 D EGL_emulation: eglMakeCurrent: 0xdb91b3e0: ver 2 0 (tinfo 0xdb98eb00)
12-02 23:12:58.386  1864  1864 I AssistStructure: Flattened final assist data: 6984 bytes, containing 2 windows, 53 views
12-02 23:12:58.395  2010  4313 D AutofillSession: Starting partition or augmented request for view id 1073741845@1234903234: STARTED_SESSION
12-02 23:12:58.402  2584  2584 W ktk     : Pending fill request while another request in the same session was triggered. [CONTEXT service_id=177 ]
12-02 23:12:58.404  1864  2003 D EGL_emulation: eglMakeCurrent: 0xdb91b3e0: ver 2 0 (tinfo 0xdb98eb00)
12-02 23:12:58.418  1864  2003 I chatty  : uid=10159(ru.iteco.fmhandroid) RenderThread identical 1 line
12-02 23:12:58.433  1864  2003 D EGL_emulation: eglMakeCurrent: 0xdb91b3e0: ver 2 0 (tinfo 0xdb98eb00)
12-02 23:12:58.439  1864  1864 I AssistStructure: Flattened final assist data: 6984 bytes, containing 2 windows, 53 views
12-02 23:12:58.443  2486  2486 I KeyboardViewUtil: systemKeyboardHeightRatio:1.000000; userKeyboardHeightRatio:1.000000.
12-02 23:12:58.443  2486  2486 I AndroidIME: LatinIme.onActivate() : EditorInfo = Package = ru.iteco.fmhandroid : Type = Text : Learning = Disable : Suggestion = Show : AutoCorrection = Disable : Microphone = Show : NoPersonalizedLearning = Disable
12-02 23:12:58.444  2010  2034 D AutofillUI: destroySaveUiUiThread(): already destroyed
12-02 23:12:58.454  2584  2584 W ktk     : Pending fill request while another request in the same session was triggered. [CONTEXT service_id=177 ]
12-02 23:12:58.454  2486  2486 I Conv2QueryExtension: Current locale: en_US, config allows these locales: de,en,es,fr,it,ms,pt,ta
12-02 23:12:58.454  2486  2486 I Conv2QueryExtension: Conv2Query not enabled due to current app [ru.iteco.fmhandroid] not in whitelist
12-02 23:12:58.454  2486  2486 I Conv2QueryExtension: onActivate() : Disabled by unsupported host app
12-02 23:12:58.468  2169  2501 D EGL_emulation: eglMakeCurrent: 0xdb91a600: ver 2 0 (tinfo 0xdb90f8d0)
12-02 23:12:58.470  1772  1772 D gralloc_ranchu: gralloc_alloc: Creating ashmem region of size 14262272
12-02 23:12:58.473  1772  1772 I chatty  : uid=1000(system) allocator@2.0-s identical 1 line
12-02 23:12:58.474  1772  1772 D gralloc_ranchu: gralloc_alloc: Creating ashmem region of size 14262272
12-02 23:12:58.479  2486  6704 D EGL_emulation: eglMakeCurrent: 0xdb91b920: ver 2 0 (tinfo 0xdb90fce0)
12-02 23:12:58.535  1772  1772 D gralloc_ranchu: gralloc_alloc: Creating ashmem region of size 4997120
12-02 23:12:58.542  1864  2003 D EGL_emulation: eglMakeCurrent: 0xdb91b3e0: ver 2 0 (tinfo 0xdb98eb00)
12-02 23:12:58.561  1772  1772 D gralloc_ranchu: gralloc_alloc: Creating ashmem region of size 4997120
12-02 23:12:58.567  1864  2003 D EGL_emulation: eglMakeCurrent: 0xdb91b3e0: ver 2 0 (tinfo 0xdb98eb00)
12-02 23:12:58.586  1864  2003 D EGL_emulation: eglMakeCurrent: 0xdb91b3e0: ver 2 0 (tinfo 0xdb98eb00)
12-02 23:12:58.595  2584  2599 I .gms.persisten: Background concurrent copying GC freed 102844(5816KB) AllocSpace objects, 11(1048KB) LOS objects, 40% free, 8932KB/14MB, paused 424us total 186.146ms
12-02 23:12:58.597  1772  1772 D gralloc_ranchu: gralloc_alloc: Creating ashmem region of size 4997120
12-02 23:12:58.665  1864  1864 I ViewInteraction: Performing 'close keyboard' action on view view.getRootView() to equal view
12-02 23:12:58.670  1743  1743 I netd    : firewallSetUidRule(2, 10145, 2) <0.03ms>
12-02 23:12:58.672  2486  2486 I PhenotypeExpConfig: refreshConfiguration() : Force = false : UpdateAvailable = false : Age = 430 minutes : MaxAge = 720 minutes
12-02 23:12:58.673  2486  2486 I AndroidIME: LatinIme.onDeactivate()
12-02 23:12:58.682  2486  6704 D EGL_emulation: eglMakeCurrent: 0xdb91b920: ver 2 0 (tinfo 0xdb90fce0)
12-02 23:12:58.716  1864  2003 D EGL_emulation: eglMakeCurrent: 0xdb91b3e0: ver 2 0 (tinfo 0xdb98eb00)
12-02 23:12:58.739  1772  1772 D gralloc_ranchu: gralloc_alloc: Creating ashmem region of size 7032832
12-02 23:12:58.747  1864  2003 D EGL_emulation: eglMakeCurrent: 0xdb91b3e0: ver 2 0 (tinfo 0xdb98eb00)
12-02 23:12:58.776  1772  1772 D gralloc_ranchu: gralloc_alloc: Creating ashmem region of size 7032832
12-02 23:12:58.781  1864  2003 D EGL_emulation: eglMakeCurrent: 0xdb91b3e0: ver 2 0 (tinfo 0xdb98eb00)
12-02 23:12:58.799  1864  2003 D EGL_emulation: eglMakeCurrent: 0xdb91b3e0: ver 2 0 (tinfo 0xdb98eb00)
12-02 23:12:58.811  1772  1772 D gralloc_ranchu: gralloc_alloc: Creating ashmem region of size 7032832
12-02 23:12:58.832  1864  2003 D EGL_emulation: eglMakeCurrent: 0xdb91b3e0: ver 2 0 (tinfo 0xdb98eb00)
12-02 23:13:00.003  2169  2169 D KeyguardClockSwitch: Updating clock: 1113
12-02 23:13:00.015  2169  2501 D EGL_emulation: eglMakeCurrent: 0xdb91a600: ver 2 0 (tinfo 0xdb90f8d0)
12-02 23:13:00.315  1864  2003 D EGL_emulation: eglMakeCurrent: 0xdb91b3e0: ver 2 0 (tinfo 0xdb98eb00)
12-02 23:13:00.369  1864  2003 I chatty  : uid=10159(ru.iteco.fmhandroid) RenderThread identical 2 lines
12-02 23:13:00.849  1864  2003 D EGL_emulation: eglMakeCurrent: 0xdb91b3e0: ver 2 0 (tinfo 0xdb98eb00)
12-02 23:13:01.521  1750  1750 W audio_hw_generic: Not supplying enough data to HAL, expected position 451345001 , only wrote 451192651
12-02 23:13:01.983  1864  1864 I ViewInteraction: Checking 'MatchesViewAssertion{viewMatcher=(view has effective visibility <VISIBLE> and view.getGlobalVisibleRect() to return non-empty rectangle)}' assertion on view an instance of android.widget.TextView and view.getText() with or without transformation to match: is "Иванов Данил Данилович"
12-02 23:13:01.985  1864  1864 I ViewInteraction: Performing 'single click' action on view an instance of android.widget.TextView and view.getText() with or without transformation to match: is "Иванов Данил Данилович"
12-02 23:13:02.051  1864  2003 D EGL_emulation: eglMakeCurrent: 0xdb91b3e0: ver 2 0 (tinfo 0xdb98eb00)
12-02 23:13:02.104  1750  3111 W audio_hw_generic: Not supplying enough data to HAL, expected position 451192658 , only wrote 451192651
12-02 23:13:02.110  1864  2003 D EGL_emulation: eglMakeCurrent: 0xdb91b3e0: ver 2 0 (tinfo 0xdb98eb00)
12-02 23:13:02.113  2010  4313 E InputDispatcher: Window handle Window{c1fd24a u0 PopupWindow:12fa7c9} has no registered input channel
12-02 23:13:02.122  1864  2003 D EGL_emulation: eglMakeCurrent: 0xdb91b3e0: ver 2 0 (tinfo 0xdb98eb00)
12-02 23:13:02.132  2010  5483 E InputDispatcher: Window handle Window{c1fd24a u0 PopupWindow:12fa7c9} has no registered input channel
12-02 23:13:02.277  1864  1864 I ViewInteraction: Performing 'wait for a specific view with <(view.getId() is <2131231402/ru.iteco.fmhandroid:id/title_edit_text> and view.getParent() view.getParent() view.getId() is <2131231406/ru.iteco.fmhandroid:id/title_text_input_layout>)> during 10000 millis.' action on view view.getRootView() to equal view
12-02 23:13:02.279  1864  1864 I ViewInteraction: Performing 'replace text(Выполнено bf4e3671-6c9c-4f5a-9580-9a3d39580f4e)' action on view (view.getId() is <2131231402/ru.iteco.fmhandroid:id/title_edit_text> and view.getParent() view.getParent() view.getId() is <2131231406/ru.iteco.fmhandroid:id/title_text_input_layout>)
12-02 23:13:02.322  1864  1864 I ViewInteraction: Performing 'wait for a specific view with <view.getId() is <2131230975/ru.iteco.fmhandroid:id/date_in_plan_text_input_edit_text>> during 10000 millis.' action on view view.getRootView() to equal view
12-02 23:13:02.326  1864  1864 I ViewInteraction: Performing 'single click' action on view view.getId() is <2131230975/ru.iteco.fmhandroid:id/date_in_plan_text_input_edit_text>
12-02 23:13:02.432  1772  1772 D gralloc_ranchu: gralloc_alloc: Creating ashmem region of size 10964992
12-02 23:13:02.436  1772  1772 I chatty  : uid=1000(system) allocator@2.0-s identical 1 line
12-02 23:13:02.438  1772  1772 D gralloc_ranchu: gralloc_alloc: Creating ashmem region of size 10964992
12-02 23:13:02.442  1864  2003 D EGL_emulation: eglMakeCurrent: 0xdb91b3e0: ver 2 0 (tinfo 0xdb98eb00)
12-02 23:13:02.541  1864  2003 I chatty  : uid=10159(ru.iteco.fmhandroid) RenderThread identical 3 lines
12-02 23:13:02.563  1864  2003 D EGL_emulation: eglMakeCurrent: 0xdb91b3e0: ver 2 0 (tinfo 0xdb98eb00)
12-02 23:13:02.921  1864  1864 I ViewInteraction: Performing 'wait for a specific view with <is assignable from class <class android.widget.DatePicker>> during 10000 millis.' action on view view.getRootView() to equal view
12-02 23:13:02.923  1864  1864 I ViewInteraction: Checking 'MatchesViewAssertion{viewMatcher=(view has effective visibility <VISIBLE> and view.getGlobalVisibleRect() to return non-empty rectangle)}' assertion on view is assignable from class <class android.widget.DatePicker>
12-02 23:13:02.926  1864  1864 I ViewInteraction: Performing 'wait for a specific view with <is assignable from class <class android.widget.DatePicker>> during 10000 millis.' action on view view.getRootView() to equal view
12-02 23:13:02.928  1864  1864 I ViewInteraction: Performing 'set date' action on view is assignable from class <class android.widget.DatePicker>
12-02 23:13:02.952  1864  1864 I ViewInteraction: Performing 'wait for a specific view with <view.getId() is <16908313/android:id/button1>> during 10000 millis.' action on view view.getRootView() to equal view
12-02 23:13:02.953  1864  1864 I ViewInteraction: Performing 'single click' action on view view.getId() is <16908313/android:id/button1>
12-02 23:13:03.026  1864  2003 D EGL_emulation: eglMakeCurrent: 0xdb91b3e0: ver 2 0 (tinfo 0xdb98eb00)
12-02 23:13:03.039  1864  2003 D EGL_emulation: eglMakeCurrent: 0xdb91b3e0: ver 2 0 (tinfo 0xdb98eb00)
12-02 23:13:03.049  2010 19651 E InputDispatcher: Window handle Window{e95d90a u0 ru.iteco.fmhandroid/ru.iteco.fmhandroid.ui.AppActivity} has no registered input channel
12-02 23:13:03.279  1864  1864 I ViewInteraction: Performing 'wait for a specific view with <(an instance of android.widget.TextView and view.getHint() matching: is "Time" and view.getParent() view.getParent() view.getId() is <2131231399/ru.iteco.fmhandroid:id/time_in_plan_text_input_layout>)> during 10000 millis.' action on view view.getRootView() to equal view
12-02 23:13:03.282  1864  1864 I ViewInteraction: Performing 'single click' action on view (an instance of android.widget.TextView and view.getHint() matching: is "Time" and view.getParent() view.getParent() view.getId() is <2131231399/ru.iteco.fmhandroid:id/time_in_plan_text_input_layout>)
12-02 23:13:03.376  1772  1772 D gralloc_ranchu: gralloc_alloc: Creating ashmem region of size 9261056
12-02 23:13:03.384  1772  1772 I chatty  : uid=1000(system) allocator@2.0-s identical 1 line
12-02 23:13:03.385  1772  1772 D gralloc_ranchu: gralloc_alloc: Creating ashmem region of size 9261056
12-02 23:13:03.388  1864  2003 D EGL_emulation: eglMakeCurrent: 0xdb91b3e0: ver 2 0 (tinfo 0xdb98eb00)
12-02 23:13:03.437  1864  2003 D EGL_emulation: eglMakeCurrent: 0xdb91b3e0: ver 2 0 (tinfo 0xdb98eb00)
12-02 23:13:03.659  1864  1864 I ViewInteraction: Performing 'wait for a specific view with <is assignable from class <class android.widget.TimePicker>> during 10000 millis.' action on view view.getRootView() to equal view
12-02 23:13:03.662  1864  1864 I ViewInteraction: Checking 'MatchesViewAssertion{viewMatcher=(view has effective visibility <VISIBLE> and view.getGlobalVisibleRect() to return non-empty rectangle)}' assertion on view is assignable from class <class android.widget.TimePicker>
12-02 23:13:03.664  1864  1864 I ViewInteraction: Performing 'wait for a specific view with <is assignable from class <class android.widget.TimePicker>> during 10000 millis.' action on view view.getRootView() to equal view
12-02 23:13:03.666  1864  1864 I ViewInteraction: Performing 'set time' action on view is assignable from class <class android.widget.TimePicker>
12-02 23:13:03.668  1864  1864 I ViewInteraction: Performing 'wait for a specific view with <view.getId() is <16908313/android:id/button1>> during 10000 millis.' action on view view.getRootView() to equal view
12-02 23:13:03.670  1864  1864 I ViewInteraction: Performing 'single click' action on view view.getId() is <16908313/android:id/button1>
12-02 23:13:03.733  1864  2003 D EGL_emulation: eglMakeCurrent: 0xdb91b3e0: ver 2 0 (tinfo 0xdb98eb00)
12-02 23:13:03.748  1864  2003 I chatty  : uid=10159(ru.iteco.fmhandroid) RenderThread identical 1 line
12-02 23:13:03.759  1864  2003 D EGL_emulation: eglMakeCurrent: 0xdb91b3e0: ver 2 0 (tinfo 0xdb98eb00)
12-02 23:13:03.765  2010  5522 E InputDispatcher: Window handle Window{a60bb61 u0 ru.iteco.fmhandroid/ru.iteco.fmhandroid.ui.AppActivity} has no registered input channel
12-02 23:13:04.015  1864  1864 I ViewInteraction: Performing 'wait for a specific view with <(an instance of android.widget.TextView and view.getHint() matching: is "Description" and view.getParent() view.getParent() view.getId() is <2131230988/ru.iteco.fmhandroid:id/description_text_input_layout>)> during 10000 millis.' action on view view.getRootView() to equal view
12-02 23:13:04.017  1864  1864 I ViewInteraction: Performing 'replace text(Выполнено bf4e3671-6c9c-4f5a-9580-9a3d39580f4e)' action on view (an instance of android.widget.TextView and view.getHint() matching: is "Description" and view.getParent() view.getParent() view.getId() is <2131230988/ru.iteco.fmhandroid:id/description_text_input_layout>)
12-02 23:13:04.062  1864  1864 I ViewInteraction: Performing 'wait for a specific view with <view.getId() is <2131231291/ru.iteco.fmhandroid:id/save_button>> during 10000 millis.' action on view view.getRootView() to equal view
12-02 23:13:04.066  1864  1864 I ViewInteraction: Performing 'single click' action on view view.getId() is <2131231291/ru.iteco.fmhandroid:id/save_button>
12-02 23:13:04.135  1864  2093 I okhttp.OkHttpClient: --> POST http://www.981757-ca08998.tmweb.ru:8080/fmh/claims
12-02 23:13:04.135  1864  2093 I okhttp.OkHttpClient: Content-Type: application/json; charset=UTF-8
12-02 23:13:04.135  1864  2093 I okhttp.OkHttpClient: Content-Length: 296
12-02 23:13:04.135  1864  2093 I okhttp.OkHttpClient: {"createDate":1670011984,"creatorId":2,"creatorName":"Иванов Данил Данилович","description":"Выполнено bf4e3671-6c9c-4f5a-9580-9a3d39580f4e","executorId":2,"planExecuteDate":1685218320,"status":"OPEN","title":"Выполнено bf4e3671-6c9c-4f5a-9580-9a3d39580f4e"}
12-02 23:13:04.135  1864  2093 I okhttp.OkHttpClient: --> END POST (296-byte body)
12-02 23:13:04.267  1864  2093 I okhttp.OkHttpClient: <-- 200 http://www.981757-ca08998.tmweb.ru:8080/fmh/claims (131ms)
12-02 23:13:04.267  1864  2093 I okhttp.OkHttpClient: Vary: Origin
12-02 23:13:04.267  1864  2093 I okhttp.OkHttpClient: Vary: Access-Control-Request-Method
12-02 23:13:04.267  1864  2093 I okhttp.OkHttpClient: Vary: Access-Control-Request-Headers
12-02 23:13:04.267  1864  2093 I okhttp.OkHttpClient: X-Content-Type-Options: nosniff
12-02 23:13:04.267  1864  2093 I okhttp.OkHttpClient: X-XSS-Protection: 1; mode=block
12-02 23:13:04.267  1864  2093 I okhttp.OkHttpClient: Cache-Control: no-cache, no-store, max-age=0, must-revalidate
12-02 23:13:04.267  1864  2093 I okhttp.OkHttpClient: Pragma: no-cache
12-02 23:13:04.267  1864  2093 I okhttp.OkHttpClient: Expires: 0
12-02 23:13:04.267  1864  2093 I okhttp.OkHttpClient: X-Frame-Options: DENY
12-02 23:13:04.267  1864  2093 I okhttp.OkHttpClient: Content-Type: application/json
12-02 23:13:04.267  1864  2093 I okhttp.OkHttpClient: Transfer-Encoding: chunked
12-02 23:13:04.268  1864  2093 I okhttp.OkHttpClient: Date: Fri, 02 Dec 2022 20:13:05 GMT
12-02 23:13:04.268  1864  2093 I okhttp.OkHttpClient: Keep-Alive: timeout=60
12-02 23:13:04.268  1864  2093 I okhttp.OkHttpClient: Connection: keep-alive
12-02 23:13:04.268  1864  2093 I okhttp.OkHttpClient: {"id":2550,"title":"Выполнено bf4e3671-6c9c-4f5a-9580-9a3d39580f4e","description":"Выполнено bf4e3671-6c9c-4f5a-9580-9a3d39580f4e","creatorId":2,"executorId":2,"createDate":1670011984,"planExecuteDate":1685218320,"factExecuteDate":null,"status":"IN_PROGRESS","creatorName":"Иванов Данил Данилович","executorName":"Иванов Данил Данилович"}
12-02 23:13:04.268  1864  2093 I okhttp.OkHttpClient: <-- END HTTP (396-byte body)
12-02 23:13:04.421  1864  1864 I ViewInteraction: Performing 'wait for a specific view with <view.getId() is <2131230849/ru.iteco.fmhandroid:id/add_new_claim_material_button>> during 10000 millis.' action on view view.getRootView() to equal view
12-02 23:13:04.424  1864  1864 I ViewInteraction: Performing 'single click' action on view view.getId() is <2131230849/ru.iteco.fmhandroid:id/add_new_claim_material_button>
12-02 23:13:04.483  1864  2052 I okhttp.OkHttpClient: --> GET http://www.981757-ca08998.tmweb.ru:8080/fmh/users
12-02 23:13:04.483  1864  2052 I okhttp.OkHttpClient: --> END GET
12-02 23:13:04.715  1864  1864 I ViewInteraction: Performing 'wait for a specific view with <(view.getId() is <2131231402/ru.iteco.fmhandroid:id/title_edit_text> and view.getParent() view.getParent() view.getId() is <2131231406/ru.iteco.fmhandroid:id/title_text_input_layout>)> during 10000 millis.' action on view view.getRootView() to equal view
12-02 23:13:05.389  1864  2052 I okhttp.OkHttpClient: <-- 200 http://www.981757-ca08998.tmweb.ru:8080/fmh/users (906ms)
12-02 23:13:05.389  1864  2052 I okhttp.OkHttpClient: Vary: Origin
12-02 23:13:05.389  1864  2052 I okhttp.OkHttpClient: Vary: Access-Control-Request-Method
12-02 23:13:05.390  1864  2052 I okhttp.OkHttpClient: Vary: Access-Control-Request-Headers
12-02 23:13:05.390  1864  2052 I okhttp.OkHttpClient: X-Content-Type-Options: nosniff
12-02 23:13:05.390  1864  2052 I okhttp.OkHttpClient: X-XSS-Protection: 1; mode=block
12-02 23:13:05.390  1864  2052 I okhttp.OkHttpClient: Cache-Control: no-cache, no-store, max-age=0, must-revalidate
12-02 23:13:05.390  1864  2052 I okhttp.OkHttpClient: Pragma: no-cache
12-02 23:13:05.390  1864  2052 I okhttp.OkHttpClient: Expires: 0
12-02 23:13:05.390  1864  2052 I okhttp.OkHttpClient: X-Frame-Options: DENY
12-02 23:13:05.390  1864  2052 I okhttp.OkHttpClient: Content-Type: application/json
12-02 23:13:05.390  1864  2052 I okhttp.OkHttpClient: Transfer-Encoding: chunked
12-02 23:13:05.390  1864  2052 I okhttp.OkHttpClient: Date: Fri, 02 Dec 2022 20:13:05 GMT
12-02 23:13:05.390  1864  2052 I okhttp.OkHttpClient: Keep-Alive: timeout=60
12-02 23:13:05.390  1864  2052 I okhttp.OkHttpClient: Connection: keep-alive
12-02 23:13:05.390  1864  2052 I okhttp.OkHttpClient: [{"id":1,"firstName":"Петр","lastName":"Смирнов","middleName":"Петрович","admin":true},{"id":2,"firstName":"Данил","lastName":"Иванов","middleName":"Данилович","admin":true},{"id":3,"firstName":"Егор","lastName":"Петров","middleName":"Егорович","admin":false},{"id":4,"firstName":"Дмитрий","lastName":"Сидоров","middleName":"Дмитриевич","admin":false},{"id":5,"firstName":"Тест","lastName":"Тестов","middleName":"Тестович","admin":true},{"id":6,"firstName":"Diplom","lastName":"Netology","middleName":"QAMID","admin":true}]
12-02 23:13:05.391  1864  2052 I okhttp.OkHttpClient: <-- END HTTP (622-byte body)
12-02 23:13:05.461  1864  1864 I ViewInteraction: Performing 'replace text(В работе 333be5e8-8b1c-4019-8efc-5d79b628365d)' action on view (view.getId() is <2131231402/ru.iteco.fmhandroid:id/title_edit_text> and view.getParent() view.getParent() view.getId() is <2131231406/ru.iteco.fmhandroid:id/title_text_input_layout>)
12-02 23:13:05.494  1864  1864 I ViewInteraction: Performing 'wait for a specific view with <view.getId() is <2131230975/ru.iteco.fmhandroid:id/date_in_plan_text_input_edit_text>> during 10000 millis.' action on view view.getRootView() to equal view
12-02 23:13:05.498  1864  1864 I ViewInteraction: Performing 'single click' action on view view.getId() is <2131230975/ru.iteco.fmhandroid:id/date_in_plan_text_input_edit_text>
12-02 23:13:05.596  1772  1772 D gralloc_ranchu: gralloc_alloc: Creating ashmem region of size 10964992
12-02 23:13:05.604  1772  1772 I chatty  : uid=1000(system) allocator@2.0-s identical 1 line
12-02 23:13:05.605  1772  1772 D gralloc_ranchu: gralloc_alloc: Creating ashmem region of size 10964992
12-02 23:13:05.612  1864  2003 D EGL_emulation: eglMakeCurrent: 0xdb91b3e0: ver 2 0 (tinfo 0xdb98eb00)
12-02 23:13:05.703  1864  2003 I chatty  : uid=10159(ru.iteco.fmhandroid) RenderThread identical 3 lines
12-02 23:13:05.724  1864  2003 D EGL_emulation: eglMakeCurrent: 0xdb91b3e0: ver 2 0 (tinfo 0xdb98eb00)
12-02 23:13:06.106  1864  1864 I ViewInteraction: Performing 'wait for a specific view with <is assignable from class <class android.widget.DatePicker>> during 10000 millis.' action on view view.getRootView() to equal view
12-02 23:13:06.107  1864  1864 I ViewInteraction: Checking 'MatchesViewAssertion{viewMatcher=(view has effective visibility <VISIBLE> and view.getGlobalVisibleRect() to return non-empty rectangle)}' assertion on view is assignable from class <class android.widget.DatePicker>
12-02 23:13:06.110  1864  1864 I ViewInteraction: Performing 'wait for a specific view with <is assignable from class <class android.widget.DatePicker>> during 10000 millis.' action on view view.getRootView() to equal view
12-02 23:13:06.112  1864  1864 I ViewInteraction: Performing 'set date' action on view is assignable from class <class android.widget.DatePicker>
12-02 23:13:06.152  1864  1864 I ViewInteraction: Performing 'wait for a specific view with <view.getId() is <16908313/android:id/button1>> during 10000 millis.' action on view view.getRootView() to equal view
12-02 23:13:06.154  1864  1864 I ViewInteraction: Performing 'single click' action on view view.getId() is <16908313/android:id/button1>
12-02 23:13:06.246  1864  2003 D EGL_emulation: eglMakeCurrent: 0xdb91b3e0: ver 2 0 (tinfo 0xdb98eb00)
12-02 23:13:06.258  1864  2003 D EGL_emulation: eglMakeCurrent: 0xdb91b3e0: ver 2 0 (tinfo 0xdb98eb00)
12-02 23:13:06.265  2010  7377 E InputDispatcher: Window handle Window{68f2128 u0 ru.iteco.fmhandroid/ru.iteco.fmhandroid.ui.AppActivity} has no registered input channel
12-02 23:13:06.502  1864  1864 I ViewInteraction: Performing 'wait for a specific view with <(an instance of android.widget.TextView and view.getHint() matching: is "Time" and view.getParent() view.getParent() view.getId() is <2131231399/ru.iteco.fmhandroid:id/time_in_plan_text_input_layout>)> during 10000 millis.' action on view view.getRootView() to equal view
12-02 23:13:06.505  1864  1864 I ViewInteraction: Performing 'single click' action on view (an instance of android.widget.TextView and view.getHint() matching: is "Time" and view.getParent() view.getParent() view.getId() is <2131231399/ru.iteco.fmhandroid:id/time_in_plan_text_input_layout>)
12-02 23:13:06.623  1772  1772 D gralloc_ranchu: gralloc_alloc: Creating ashmem region of size 9261056
12-02 23:13:06.628  1772  1772 I chatty  : uid=1000(system) allocator@2.0-s identical 1 line
12-02 23:13:06.630  1772  1772 D gralloc_ranchu: gralloc_alloc: Creating ashmem region of size 9261056
12-02 23:13:06.634  1864  2003 D EGL_emulation: eglMakeCurrent: 0xdb91b3e0: ver 2 0 (tinfo 0xdb98eb00)
12-02 23:13:06.676  1864  2003 D EGL_emulation: eglMakeCurrent: 0xdb91b3e0: ver 2 0 (tinfo 0xdb98eb00)
12-02 23:13:06.913  1864  1864 I ViewInteraction: Performing 'wait for a specific view with <is assignable from class <class android.widget.TimePicker>> during 10000 millis.' action on view view.getRootView() to equal view
12-02 23:13:06.915  1864  1864 I ViewInteraction: Checking 'MatchesViewAssertion{viewMatcher=(view has effective visibility <VISIBLE> and view.getGlobalVisibleRect() to return non-empty rectangle)}' assertion on view is assignable from class <class android.widget.TimePicker>
12-02 23:13:06.917  1864  1864 I ViewInteraction: Performing 'wait for a specific view with <is assignable from class <class android.widget.TimePicker>> during 10000 millis.' action on view view.getRootView() to equal view
12-02 23:13:06.920  1864  1864 I ViewInteraction: Performing 'set time' action on view is assignable from class <class android.widget.TimePicker>
12-02 23:13:06.922  1864  1864 I ViewInteraction: Performing 'wait for a specific view with <view.getId() is <16908313/android:id/button1>> during 10000 millis.' action on view view.getRootView() to equal view
12-02 23:13:06.924  1864  1864 I ViewInteraction: Performing 'single click' action on view view.getId() is <16908313/android:id/button1>
12-02 23:13:06.981  1864  2003 D EGL_emulation: eglMakeCurrent: 0xdb91b3e0: ver 2 0 (tinfo 0xdb98eb00)
12-02 23:13:07.000  1864  2003 I chatty  : uid=10159(ru.iteco.fmhandroid) RenderThread identical 1 line
12-02 23:13:07.011  1864  2003 D EGL_emulation: eglMakeCurrent: 0xdb91b3e0: ver 2 0 (tinfo 0xdb98eb00)
12-02 23:13:07.032  2010  7377 E InputDispatcher: Window handle Window{3f02e04 u0 ru.iteco.fmhandroid/ru.iteco.fmhandroid.ui.AppActivity} has no registered input channel
12-02 23:13:07.555  1864  1864 I ViewInteraction: Performing 'wait for a specific view with <(an instance of android.widget.TextView and view.getHint() matching: is "Description" and view.getParent() view.getParent() view.getId() is <2131230988/ru.iteco.fmhandroid:id/description_text_input_layout>)> during 10000 millis.' action on view view.getRootView() to equal view
12-02 23:13:07.557  1864  1864 I ViewInteraction: Performing 'replace text(В работе 333be5e8-8b1c-4019-8efc-5d79b628365d)' action on view (an instance of android.widget.TextView and view.getHint() matching: is "Description" and view.getParent() view.getParent() view.getId() is <2131230988/ru.iteco.fmhandroid:id/description_text_input_layout>)
12-02 23:13:07.587  1864  1864 I ViewInteraction: Performing 'wait for a specific view with <view.getId() is <2131231291/ru.iteco.fmhandroid:id/save_button>> during 10000 millis.' action on view view.getRootView() to equal view
12-02 23:13:07.590  1864  1864 I ViewInteraction: Performing 'single click' action on view view.getId() is <2131231291/ru.iteco.fmhandroid:id/save_button>
12-02 23:13:07.653  1864  2093 I okhttp.OkHttpClient: --> POST http://www.981757-ca08998.tmweb.ru:8080/fmh/claims
12-02 23:13:07.653  1864  2093 I okhttp.OkHttpClient: Content-Type: application/json; charset=UTF-8
12-02 23:13:07.653  1864  2093 I okhttp.OkHttpClient: Content-Length: 275
12-02 23:13:07.653  1864  2093 I okhttp.OkHttpClient: {"createDate":1670011987,"creatorId":2,"creatorName":"Иванов Данил Данилович","description":"В работе 333be5e8-8b1c-4019-8efc-5d79b628365d","planExecuteDate":1685218380,"status":"OPEN","title":"В работе 333be5e8-8b1c-4019-8efc-5d79b628365d"}
12-02 23:13:07.653  1864  2093 I okhttp.OkHttpClient: --> END POST (275-byte body)
12-02 23:13:07.793  1864  2093 I okhttp.OkHttpClient: <-- 200 http://www.981757-ca08998.tmweb.ru:8080/fmh/claims (139ms)
12-02 23:13:07.793  1864  2093 I okhttp.OkHttpClient: Vary: Origin
12-02 23:13:07.793  1864  2093 I okhttp.OkHttpClient: Vary: Access-Control-Request-Method
12-02 23:13:07.793  1864  2093 I okhttp.OkHttpClient: Vary: Access-Control-Request-Headers
12-02 23:13:07.793  1864  2093 I okhttp.OkHttpClient: X-Content-Type-Options: nosniff
12-02 23:13:07.793  1864  2093 I okhttp.OkHttpClient: X-XSS-Protection: 1; mode=block
12-02 23:13:07.793  1864  2093 I okhttp.OkHttpClient: Cache-Control: no-cache, no-store, max-age=0, must-revalidate
12-02 23:13:07.793  1864  2093 I okhttp.OkHttpClient: Pragma: no-cache
12-02 23:13:07.793  1864  2093 I okhttp.OkHttpClient: Expires: 0
12-02 23:13:07.793  1864  2093 I okhttp.OkHttpClient: X-Frame-Options: DENY
12-02 23:13:07.793  1864  2093 I okhttp.OkHttpClient: Content-Type: application/json
12-02 23:13:07.793  1864  2093 I okhttp.OkHttpClient: Transfer-Encoding: chunked
12-02 23:13:07.793  1864  2093 I okhttp.OkHttpClient: Date: Fri, 02 Dec 2022 20:13:08 GMT
12-02 23:13:07.793  1864  2093 I okhttp.OkHttpClient: Keep-Alive: timeout=60
12-02 23:13:07.793  1864  2093 I okhttp.OkHttpClient: Connection: keep-alive
12-02 23:13:07.794  1864  2093 I okhttp.OkHttpClient: {"id":2551,"title":"В работе 333be5e8-8b1c-4019-8efc-5d79b628365d","description":"В работе 333be5e8-8b1c-4019-8efc-5d79b628365d","creatorId":2,"executorId":null,"createDate":1670011987,"planExecuteDate":1685218380,"factExecuteDate":null,"status":"OPEN","creatorName":"Иванов Данил Данилович","executorName":null}
12-02 23:13:07.794  1864  2093 I okhttp.OkHttpClient: <-- END HTTP (346-byte body)
12-02 23:13:10.783  1750  1750 W audio_hw_generic: Not supplying enough data to HAL, expected position 451956398 , only wrote 451575370
12-02 23:13:10.938  1864  1864 I ViewInteraction: Performing 'wait for a specific view with <view.getId() is <2131230849/ru.iteco.fmhandroid:id/add_new_claim_material_button>> during 10000 millis.' action on view view.getRootView() to equal view
12-02 23:13:10.940  1864  1864 I ViewInteraction: Performing 'single click' action on view view.getId() is <2131230849/ru.iteco.fmhandroid:id/add_new_claim_material_button>
12-02 23:13:10.999  1864  2052 I okhttp.OkHttpClient: --> GET http://www.981757-ca08998.tmweb.ru:8080/fmh/users
12-02 23:13:10.999  1864  2052 I okhttp.OkHttpClient: --> END GET
12-02 23:13:11.007  1750  3111 W audio_hw_generic: Not supplying enough data to HAL, expected position 451575384 , only wrote 451575370
12-02 23:13:11.129  1864  2052 I okhttp.OkHttpClient: <-- 200 http://www.981757-ca08998.tmweb.ru:8080/fmh/users (130ms)
12-02 23:13:11.130  1864  2052 I okhttp.OkHttpClient: Vary: Origin
12-02 23:13:11.130  1864  2052 I okhttp.OkHttpClient: Vary: Access-Control-Request-Method
12-02 23:13:11.130  1864  2052 I okhttp.OkHttpClient: Vary: Access-Control-Request-Headers
12-02 23:13:11.130  1864  2052 I okhttp.OkHttpClient: X-Content-Type-Options: nosniff
12-02 23:13:11.130  1864  2052 I okhttp.OkHttpClient: X-XSS-Protection: 1; mode=block
12-02 23:13:11.130  1864  2052 I okhttp.OkHttpClient: Cache-Control: no-cache, no-store, max-age=0, must-revalidate
12-02 23:13:11.130  1864  2052 I okhttp.OkHttpClient: Pragma: no-cache
12-02 23:13:11.130  1864  2052 I okhttp.OkHttpClient: Expires: 0
12-02 23:13:11.130  1864  2052 I okhttp.OkHttpClient: X-Frame-Options: DENY
12-02 23:13:11.130  1864  2052 I okhttp.OkHttpClient: Content-Type: application/json
12-02 23:13:11.130  1864  2052 I okhttp.OkHttpClient: Transfer-Encoding: chunked
12-02 23:13:11.130  1864  2052 I okhttp.OkHttpClient: Date: Fri, 02 Dec 2022 20:13:12 GMT
12-02 23:13:11.130  1864  2052 I okhttp.OkHttpClient: Keep-Alive: timeout=60
12-02 23:13:11.130  1864  2052 I okhttp.OkHttpClient: Connection: keep-alive
12-02 23:13:11.131  1864  2052 I okhttp.OkHttpClient: [{"id":1,"firstName":"Петр","lastName":"Смирнов","middleName":"Петрович","admin":true},{"id":2,"firstName":"Данил","lastName":"Иванов","middleName":"Данилович","admin":true},{"id":3,"firstName":"Егор","lastName":"Петров","middleName":"Егорович","admin":false},{"id":4,"firstName":"Дмитрий","lastName":"Сидоров","middleName":"Дмитриевич","admin":false},{"id":5,"firstName":"Тест","lastName":"Тестов","middleName":"Тестович","admin":true},{"id":6,"firstName":"Diplom","lastName":"Netology","middleName":"QAMID","admin":true}]
12-02 23:13:11.131  1864  2052 I okhttp.OkHttpClient: <-- END HTTP (622-byte body)
12-02 23:13:11.281  1864  1864 I ViewInteraction: Performing 'wait for a specific view with <(view.getId() is <2131231402/ru.iteco.fmhandroid:id/title_edit_text> and view.getParent() view.getParent() view.getId() is <2131231406/ru.iteco.fmhandroid:id/title_text_input_layout>)> during 10000 millis.' action on view view.getRootView() to equal view
12-02 23:13:11.284  1864  1864 I ViewInteraction: Performing 'replace text(Закрыта c85ab01e-e8af-4773-ad9f-ea560d61613e)' action on view (view.getId() is <2131231402/ru.iteco.fmhandroid:id/title_edit_text> and view.getParent() view.getParent() view.getId() is <2131231406/ru.iteco.fmhandroid:id/title_text_input_layout>)
12-02 23:13:11.319  1864  1864 I ViewInteraction: Performing 'wait for a specific view with <view.getId() is <2131230975/ru.iteco.fmhandroid:id/date_in_plan_text_input_edit_text>> during 10000 millis.' action on view view.getRootView() to equal view
12-02 23:13:11.325  1864  1864 I ViewInteraction: Performing 'single click' action on view view.getId() is <2131230975/ru.iteco.fmhandroid:id/date_in_plan_text_input_edit_text>
12-02 23:13:11.444  1772  1772 D gralloc_ranchu: gralloc_alloc: Creating ashmem region of size 10964992
12-02 23:13:11.451  1772  1772 I chatty  : uid=1000(system) allocator@2.0-s identical 1 line
12-02 23:13:11.452  1772  1772 D gralloc_ranchu: gralloc_alloc: Creating ashmem region of size 10964992
12-02 23:13:11.456  1864  2003 D EGL_emulation: eglMakeCurrent: 0xdb91b3e0: ver 2 0 (tinfo 0xdb98eb00)
12-02 23:13:11.546  1864  2003 I chatty  : uid=10159(ru.iteco.fmhandroid) RenderThread identical 3 lines
12-02 23:13:11.570  1864  2003 D EGL_emulation: eglMakeCurrent: 0xdb91b3e0: ver 2 0 (tinfo 0xdb98eb00)
12-02 23:13:11.937  1864  1864 I ViewInteraction: Performing 'wait for a specific view with <is assignable from class <class android.widget.DatePicker>> during 10000 millis.' action on view view.getRootView() to equal view
12-02 23:13:11.940  1864  1864 I ViewInteraction: Checking 'MatchesViewAssertion{viewMatcher=(view has effective visibility <VISIBLE> and view.getGlobalVisibleRect() to return non-empty rectangle)}' assertion on view is assignable from class <class android.widget.DatePicker>
12-02 23:13:11.942  1864  1864 I ViewInteraction: Performing 'wait for a specific view with <is assignable from class <class android.widget.DatePicker>> during 10000 millis.' action on view view.getRootView() to equal view
12-02 23:13:11.944  1864  1864 I ViewInteraction: Performing 'set date' action on view is assignable from class <class android.widget.DatePicker>
12-02 23:13:11.969  1864  1864 I ViewInteraction: Performing 'wait for a specific view with <view.getId() is <16908313/android:id/button1>> during 10000 millis.' action on view view.getRootView() to equal view
12-02 23:13:11.971  1864  1864 I ViewInteraction: Performing 'single click' action on view view.getId() is <16908313/android:id/button1>
12-02 23:13:12.046  1864  2003 D EGL_emulation: eglMakeCurrent: 0xdb91b3e0: ver 2 0 (tinfo 0xdb98eb00)
12-02 23:13:12.059  1864  2003 D EGL_emulation: eglMakeCurrent: 0xdb91b3e0: ver 2 0 (tinfo 0xdb98eb00)
12-02 23:13:12.065  2010  5522 E InputDispatcher: Window handle Window{15154c9 u0 ru.iteco.fmhandroid/ru.iteco.fmhandroid.ui.AppActivity} has no registered input channel
12-02 23:13:12.307  1864  1864 I ViewInteraction: Performing 'wait for a specific view with <(an instance of android.widget.TextView and view.getHint() matching: is "Time" and view.getParent() view.getParent() view.getId() is <2131231399/ru.iteco.fmhandroid:id/time_in_plan_text_input_layout>)> during 10000 millis.' action on view view.getRootView() to equal view
12-02 23:13:12.308  1864  1864 I ViewInteraction: Performing 'single click' action on view (an instance of android.widget.TextView and view.getHint() matching: is "Time" and view.getParent() view.getParent() view.getId() is <2131231399/ru.iteco.fmhandroid:id/time_in_plan_text_input_layout>)
12-02 23:13:12.425  1772  1772 D gralloc_ranchu: gralloc_alloc: Creating ashmem region of size 9261056
12-02 23:13:12.431  1772  1772 I chatty  : uid=1000(system) allocator@2.0-s identical 1 line
12-02 23:13:12.434  1772  1772 D gralloc_ranchu: gralloc_alloc: Creating ashmem region of size 9261056
12-02 23:13:12.437  1864  2003 D EGL_emulation: eglMakeCurrent: 0xdb91b3e0: ver 2 0 (tinfo 0xdb98eb00)
12-02 23:13:12.478  1864  2003 D EGL_emulation: eglMakeCurrent: 0xdb91b3e0: ver 2 0 (tinfo 0xdb98eb00)
12-02 23:13:12.723  1864  1864 I ViewInteraction: Performing 'wait for a specific view with <is assignable from class <class android.widget.TimePicker>> during 10000 millis.' action on view view.getRootView() to equal view
12-02 23:13:12.725  1864  1864 I ViewInteraction: Checking 'MatchesViewAssertion{viewMatcher=(view has effective visibility <VISIBLE> and view.getGlobalVisibleRect() to return non-empty rectangle)}' assertion on view is assignable from class <class android.widget.TimePicker>
