12-02 23:12:38.527  1864  1989 E TestRunner: 	at io.qameta.allure.android.runners.AllureAndroidJUnit4.run(AllureAndroidJUnitRunners.kt:29)
12-02 23:12:38.527  1864  1989 E TestRunner: 	at org.junit.runners.Suite.runChild(Suite.java:128)
12-02 23:12:38.527  1864  1989 E TestRunner: 	at org.junit.runners.Suite.runChild(Suite.java:27)
12-02 23:12:38.527  1864  1989 E TestRunner: 	at org.junit.runners.ParentRunner$4.run(ParentRunner.java:331)
12-02 23:12:38.527  1864  1989 E TestRunner: 	at org.junit.runners.ParentRunner$1.schedule(ParentRunner.java:79)
12-02 23:12:38.527  1864  1989 E TestRunner: 	at org.junit.runners.ParentRunner.runChildren(ParentRunner.java:329)
12-02 23:12:38.527  1864  1989 E TestRunner: 	at org.junit.runners.ParentRunner.access$100(ParentRunner.java:66)
12-02 23:12:38.527  1864  1989 E TestRunner: 	at org.junit.runners.ParentRunner$2.evaluate(ParentRunner.java:293)
12-02 23:12:38.527  1864  1989 E TestRunner: 	at org.junit.runners.ParentRunner$3.evaluate(ParentRunner.java:306)
12-02 23:12:38.527  1864  1989 E TestRunner: 	at org.junit.runners.ParentRunner.run(ParentRunner.java:413)
12-02 23:12:38.527  1864  1989 E TestRunner: 	at org.junit.runner.JUnitCore.run(JUnitCore.java:137)
12-02 23:12:38.527  1864  1989 E TestRunner: 	at 
12-02 23:12:38.527  1864  1989 E TestRunner: ----- end exception -----
12-02 23:12:38.528  1864  1989 I TestRunner: finished: shouldFilterClaimsWithStatusCanceled(ru.iteco.fmhandroid.ui.FilterClaimsPageTest)
12-02 23:12:38.666  1864  1989 I TestRunner: started: shouldFilterClaimsWithStatusCanceledOpenAndExecuted(ru.iteco.fmhandroid.ui.FilterClaimsPageTest)
12-02 23:12:38.683  1864  1989 W ActivityTestRule: getActivityIntent() returned null using default: Intent(Intent.ACTION_MAIN)
12-02 23:12:38.687  2010 19651 I ActivityTaskManager: START u0 {act=android.intent.action.MAIN flg=0x10000000 cmp=ru.iteco.fmhandroid/.ui.AppActivity} from uid 10159
12-02 23:12:38.699  2010  4313 W InputReader: Device has associated, but no associated display id.
12-02 23:12:38.704  2010  4313 I chatty  : uid=1000(system) Binder:2010_F identical 28 lines
12-02 23:12:38.704  2010  4313 W InputReader: Device has associated, but no associated display id.
12-02 23:12:38.704  1864  1864 W ActivityThread: handleWindowVisibility: no activity for token android.os.BinderProxy@e8428b3
12-02 23:12:38.705  2010  4313 W InputReader: Device has associated, but no associated display id.
12-02 23:12:38.705  2010  4313 I chatty  : uid=1000(system) Binder:2010_F identical 8 lines
12-02 23:12:38.705  2010  4313 W InputReader: Device has associated, but no associated display id.
12-02 23:12:38.724  2010  2037 E system_server: Invalid ID 0x00000000.
12-02 23:12:38.733  1864  1864 D LifecycleMonitor: Lifecycle status change: ru.iteco.fmhandroid.ui.AppActivity@b8e9d0f in: PRE_ON_CREATE
12-02 23:12:38.739  1772  1772 D gralloc_ranchu: gralloc_alloc: Creating ashmem region of size 14749696
12-02 23:12:38.750  1864  2496 V FA      : onActivityCreated
12-02 23:12:38.770  1864  1864 D LifecycleMonitor: Lifecycle status change: ru.iteco.fmhandroid.ui.AppActivity@b8e9d0f in: CREATED
12-02 23:12:38.794  2010  2037 W InputReader: Device has associated, but no associated display id.
12-02 23:12:38.794  2010  2037 I chatty  : uid=1000(system) android.anim identical 8 lines
12-02 23:12:38.794  2010  2037 W InputReader: Device has associated, but no associated display id.
12-02 23:12:38.806  1864  1864 D LifecycleMonitor: Lifecycle status change: ru.iteco.fmhandroid.ui.AppActivity@b8e9d0f in: STARTED
12-02 23:12:38.806  1864  1864 D LifecycleMonitor: Lifecycle status change: ru.iteco.fmhandroid.ui.AppActivity@b8e9d0f in: RESUMED
12-02 23:12:38.809  1864  2583 V FA      : Activity resumed, time: 95589808
12-02 23:12:38.818  2448  3326 D EGL_emulation: eglMakeCurrent: 0xe3a07ba0: ver 2 0 (tinfo 0xe3a93b30)
12-02 23:12:38.819  3139  3664 D EGL_emulation: eglMakeCurrent: 0xdb91c460: ver 2 0 (tinfo 0xbe64a3f0)
12-02 23:12:38.839  1772  1772 D gralloc_ranchu: gralloc_alloc: Creating ashmem region of size 14749696
12-02 23:12:38.846  1772  1772 I chatty  : uid=1000(system) allocator@2.0-s identical 1 line
12-02 23:12:38.848  1772  1772 D gralloc_ranchu: gralloc_alloc: Creating ashmem region of size 14749696
12-02 23:12:38.857  1864  2003 D EGL_emulation: eglMakeCurrent: 0xdb91b3e0: ver 2 0 (tinfo 0xdb98eb00)
12-02 23:12:38.860  2169  2501 D EGL_emulation: eglMakeCurrent: 0xdb91a600: ver 2 0 (tinfo 0xdb90f8d0)
12-02 23:12:38.900  2010  2041 I ActivityTaskManager: Displayed ru.iteco.fmhandroid/.ui.AppActivity: +211ms
12-02 23:12:38.902  1772  1772 D gralloc_ranchu: gralloc_alloc: Creating ashmem region of size 14749696
12-02 23:12:38.962  1864  1909 I teco.fmhandroi: NativeAlloc concurrent copying GC freed 109854(7080KB) AllocSpace objects, 6(108KB) LOS objects, 40% free, 8906KB/14MB, paused 470us total 154.342ms
12-02 23:12:38.974  3139  2048 I PBSessionCacheImpl: Deleted sessionId[429016979989] from persistence.
12-02 23:12:38.979  3139  3568 W SearchServiceCore: Abort, client detached.
12-02 23:12:38.979  2881  2592 V FA-SVC  : Logging event: origin=auto,name=screen_view(_vs),params=Bundle[{ga_event_origin(_o)=auto, ga_previous_class(_pc)=AppActivity, ga_previous_id(_pi)=4083891225062200022, ga_screen_class(_sc)=AppActivity, ga_screen_id(_si)=4083891225062200023}]
12-02 23:12:38.992  1772  1772 D gralloc_ranchu: gralloc_alloc: Creating ashmem region of size 14749696
12-02 23:12:39.012  2881  2592 V FA-SVC  : Upload scheduled in approximately ms: 950473
12-02 23:12:39.012  2881  2592 V FA-SVC  : Unscheduling upload
12-02 23:12:39.015  2881  2592 V FA-SVC  : Scheduling upload, millis: 950473
12-02 23:12:39.019  2881  2592 V FA-SVC  : Background event processing time, ms: 40
12-02 23:12:39.029  2584  2595 E SQLiteDatabase: Error inserting flex_time=950000 job_id=-1 period=1901000 source=16 requires_charging=0 preferred_network_type=1 target_class=com.google.android.gms.measurement.PackageMeasurementTaskService user_id=0 target_package=com.google.android.gms tag=Measurement.PackageMeasurementTaskService.UPLOAD_TASK_TAG task_type=0 required_idleness_state=0 service_kind=0 source_version=202414000 persistence_level=1 preferred_charging_state=1 required_network_type=0 runtime=1670011959024 retry_strategy={"maximum_backoff_seconds":{"3600":0},"initial_backoff_seconds":{"30":0},"retry_policy":{"0":0}} last_runtime=0
12-02 23:12:39.029  2584  2595 E SQLiteDatabase: android.database.sqlite.SQLiteConstraintException: UNIQUE constraint failed: pending_ops.tag, pending_ops.target_class, pending_ops.target_package, pending_ops.user_id (code 2067 SQLITE_CONSTRAINT_UNIQUE)
12-02 23:12:39.029  2584  2595 E SQLiteDatabase: 	at android.database.sqlite.SQLiteConnection.nativeExecuteForLastInsertedRowId(Native Method)
12-02 23:12:39.029  2584  2595 E SQLiteDatabase: 	at android.database.sqlite.SQLiteConnection.executeForLastInsertedRowId(SQLiteConnection.java:879)
12-02 23:12:39.029  2584  2595 E SQLiteDatabase: 	at android.database.sqlite.SQLiteSession.executeForLastInsertedRowId(SQLiteSession.java:790)
12-02 23:12:39.029  2584  2595 E SQLiteDatabase: 	at android.database.sqlite.SQLiteStatement.executeInsert(SQLiteStatement.java:88)
12-02 23:12:39.029  2584  2595 E SQLiteDatabase: 	at android.database.sqlite.SQLiteDatabase.insertWithOnConflict(SQLiteDatabase.java:1599)
12-02 23:12:39.029  2584  2595 E SQLiteDatabase: 	at android.database.sqlite.SQLiteDatabase.insert(SQLiteDatabase.java:1468)
12-02 23:12:39.029  2584  2595 E SQLiteDatabase: 	at aqui.a(:com.google.android.gms@202414022@20.24.14 (040700-319035315):175)
12-02 23:12:39.029  2584  2595 E SQLiteDatabase: 	at aqtk.a(:com.google.android.gms@202414022@20.24.14 (040700-319035315):182)
12-02 23:12:39.029  2584  2595 E SQLiteDatabase: 	at aqtk.a(:com.google.android.gms@202414022@20.24.14 (040700-319035315):23)
12-02 23:12:39.029  2584  2595 E SQLiteDatabase: 	at aqtk.a(:com.google.android.gms@202414022@20.24.14 (040700-319035315):177)
12-02 23:12:39.029  2584  2595 E SQLiteDatabase: 	at aqpu.run(:com.google.android.gms@202414022@20.24.14 (040700-319035315):9)
12-02 23:12:39.029  2584  2595 E SQLiteDatabase: 	at soy.b(:com.google.android.gms@202414022@20.24.14 (040700-319035315):12)
12-02 23:12:39.029  2584  2595 E SQLiteDatabase: 	at soy.run(:com.google.android.gms@202414022@20.24.14 (040700-319035315):7)
12-02 23:12:39.029  2584  2595 E SQLiteDatabase: 	at java.util.concurrent.ThreadPoolExecutor.runWorker(ThreadPoolExecutor.java:1167)
12-02 23:12:39.029  2584  2595 E SQLiteDatabase: 	at java.util.concurrent.ThreadPoolExecutor$Worker.run(ThreadPoolExecutor.java:641)
12-02 23:12:39.029  2584  2595 E SQLiteDatabase: 	at sux.run(:com.google.android.gms@202414022@20.24.14 (040700-319035315):0)
12-02 23:12:39.029  2584  2595 E SQLiteDatabase: 	at java.lang.Thread.run(Thread.java:919)
12-02 23:12:39.430  1750  1750 W audio_hw_generic: Not supplying enough data to HAL, expected position 450906033 , only wrote 450673105
12-02 23:12:39.447  1864  1864 I ViewInteraction: Performing 'wait for a specific view with <(an instance of android.widget.TextView and view.getText() with or without transformation to match: is "Authorization" and view.getParent() view.getParent() view.getId() is <2131231186>)> during 10000 millis.' action on view view.getRootView() to equal view
12-02 23:12:39.464  2010  4313 D WificondControl: Scan result ready event
12-02 23:12:41.807  1864  2052 I okhttp.OkHttpClient: --> GET http://www.981757-ca08998.tmweb.ru:8080/fmh/authentication/userInfo
12-02 23:12:41.808  1864  2052 I okhttp.OkHttpClient: --> END GET
12-02 23:12:41.954  1864  2052 I okhttp.OkHttpClient: <-- 200 http://www.981757-ca08998.tmweb.ru:8080/fmh/authentication/userInfo (146ms)
12-02 23:12:41.954  1864  2052 I okhttp.OkHttpClient: Vary: Origin
12-02 23:12:41.954  1864  2052 I okhttp.OkHttpClient: Vary: Access-Control-Request-Method
12-02 23:12:41.954  1864  2052 I okhttp.OkHttpClient: Vary: Access-Control-Request-Headers
12-02 23:12:41.954  1864  2052 I okhttp.OkHttpClient: X-Content-Type-Options: nosniff
12-02 23:12:41.955  1864  2052 I okhttp.OkHttpClient: X-XSS-Protection: 1; mode=block
12-02 23:12:41.955  1864  2052 I okhttp.OkHttpClient: Cache-Control: no-cache, no-store, max-age=0, must-revalidate
12-02 23:12:41.955  1864  2052 I okhttp.OkHttpClient: Pragma: no-cache
12-02 23:12:41.955  1864  2052 I okhttp.OkHttpClient: Expires: 0
12-02 23:12:41.955  1864  2052 I okhttp.OkHttpClient: X-Frame-Options: DENY
12-02 23:12:41.955  1864  2052 I okhttp.OkHttpClient: Content-Type: application/json
12-02 23:12:41.955  1864  2052 I okhttp.OkHttpClient: Transfer-Encoding: chunked
12-02 23:12:41.955  1864  2052 I okhttp.OkHttpClient: Date: Fri, 02 Dec 2022 20:12:43 GMT
12-02 23:12:41.955  1864  2052 I okhttp.OkHttpClient: Keep-Alive: timeout=60
12-02 23:12:41.955  1864  2052 I okhttp.OkHttpClient: Connection: keep-alive
12-02 23:12:41.957  1864  2052 I okhttp.OkHttpClient: {"id":2,"firstName":"Данил","lastName":"Иванов","middleName":"Данилович","admin":true}
12-02 23:12:41.957  1864  2052 I okhttp.OkHttpClient: <-- END HTTP (106-byte body)
12-02 23:12:41.963  1864  2082 I okhttp.OkHttpClient: --> GET http://www.981757-ca08998.tmweb.ru:8080/fmh/claims
12-02 23:12:41.963  1864  2082 I okhttp.OkHttpClient: --> END GET
12-02 23:12:43.014  1864  1864 I Choreographer: Skipped 63 frames!  The application may be doing too much work on its main thread.
12-02 23:12:43.487  2010  2010 W Looper  : Slow delivery took 353ms main h=com.android.server.accessibility.AccessibilityManagerService$MainHandler c=<recycled PooledLambda@26ed236> m=0
12-02 23:12:43.487  2010  2010 W Looper  : Drained
12-02 23:12:43.496  1864  2003 I OpenGLRenderer: Davey! duration=1534ms; Flags=1, IntendedVsync=95592961592690, Vsync=95594011592648, OldestInputEvent=9223372036854775807, NewestInputEvent=0, HandleInputStart=95594014296080, AnimationStart=95594014401280, PerformTraversalsStart=95594014671580, DrawStart=95594039310680, SyncQueued=95594041701580, SyncStart=95594041941680, IssueDrawCommandsStart=95594042073680, SwapBuffers=95594484287980, FrameCompleted=95594495979180, DequeueBufferDuration=610000, QueueBufferDuration=852000, 
12-02 23:12:43.973  1864  2583 V FA      : Inactivity, disconnecting from the service
12-02 23:12:44.044  2584  2594 I LogUtils: [Places]: ?: Couldn't find platform key file. [CONTEXT service_id=253 ]
12-02 23:12:44.054  2584  2428 I LogUtils: [Places]: ?: Couldn't find platform key file. [CONTEXT service_id=253 ]
12-02 23:12:44.067  2584  2593 I LogUtils: [Places]: ?: PlacesBleScanner stop() [CONTEXT service_id=253 ]
12-02 23:12:44.068  2584  2584 I BeaconBle: Scan : No clients left, canceling alarm. [CONTEXT service_id=111 ]
12-02 23:12:44.069  2584  2584 I BeaconBle: Scan canceled successfully. [CONTEXT service_id=111 ]
12-02 23:12:44.076  2584  2593 I PlacesLogger: [PlaceInferenceEngine]: [anon] Changed inference mode: 0 [CONTEXT service_id=253 ]
12-02 23:12:44.098  2584  3808 W GCoreFlp: No location to return for getLastLocation()
12-02 23:12:44.118  2584  2595 I LogUtils: [Places]: ?: Couldn't find platform key file. [CONTEXT service_id=253 ]
12-02 23:12:44.125  2584  2379 I LogUtils: [Places]: ?: Couldn't find platform key file. [CONTEXT service_id=253 ]
12-02 23:12:44.128  2584  2584 I GeofencerStateMachine: removeGeofences: removeRequest=RemoveGeofencingRequest[REMOVE_BY_PENDING_INTENT pendingIntent=PendingIntent[creatorPackage=com.google.android.gms], packageName=com.google.android.gms]
12-02 23:12:44.304  1864  2082 I okhttp.OkHttpClient: <-- 200 http://www.981757-ca08998.tmweb.ru:8080/fmh/claims (2340ms)
12-02 23:12:44.304  1864  2082 I okhttp.OkHttpClient: Vary: Origin
12-02 23:12:44.304  1864  2082 I okhttp.OkHttpClient: Vary: Access-Control-Request-Method
12-02 23:12:44.304  1864  2082 I okhttp.OkHttpClient: Vary: Access-Control-Request-Headers
12-02 23:12:44.304  1864  2082 I okhttp.OkHttpClient: X-Content-Type-Options: nosniff
12-02 23:12:44.304  1864  2082 I okhttp.OkHttpClient: X-XSS-Protection: 1; mode=block
12-02 23:12:44.304  1864  2082 I okhttp.OkHttpClient: Cache-Control: no-cache, no-store, max-age=0, must-revalidate
12-02 23:12:44.304  1864  2082 I okhttp.OkHttpClient: Pragma: no-cache
12-02 23:12:44.304  1864  2082 I okhttp.OkHttpClient: Expires: 0
12-02 23:12:44.304  1864  2082 I okhttp.OkHttpClient: X-Frame-Options: DENY
12-02 23:12:44.304  1864  2082 I okhttp.OkHttpClient: Content-Type: application/json
12-02 23:12:44.304  1864  2082 I okhttp.OkHttpClient: Transfer-Encoding: chunked
12-02 23:12:44.304  1864  2082 I okhttp.OkHttpClient: Date: Fri, 02 Dec 2022 20:12:45 GMT
12-02 23:12:44.305  1864  2082 I okhttp.OkHttpClient: Keep-Alive: timeout=60
12-02 23:12:44.305  1864  2082 I okhttp.OkHttpClient: Connection: keep-alive
12-02 23:12:48.961  3139  3568 I WorkerManager: dispose()
12-02 23:12:48.962  3139  3568 W ThreadPoolDumper: Queue length for executor EventBus is now 11. Perhaps some tasks are too long, or the pool is too small.
12-02 23:12:49.080  2584  2584 I BeaconBle: Scan : No clients left, canceling alarm. [CONTEXT service_id=111 ]
12-02 23:12:49.450  1864  1864 D takeScreenshot: Found 1 global views to redraw
12-02 23:12:49.485  1772  1772 D gralloc_ranchu: gralloc_alloc: Creating ashmem region of size 14749696
12-02 23:12:49.533  1864  1989 W DefaultFailureHandler: Failed to take screenshot
12-02 23:12:49.533  1864  1989 W DefaultFailureHandler: java.io.FileNotFoundException: view-op-error-16.png: open failed: EROFS (Read-only file system)
12-02 23:12:49.533  1864  1989 W DefaultFailureHandler: 	at libcore.io.IoBridge.open(IoBridge.java:496)
12-02 23:12:49.533  1864  1989 W DefaultFailureHandler: 	at java.io.FileOutputStream.<init>(FileOutputStream.java:235)
12-02 23:12:49.533  1864  1989 W DefaultFailureHandler: 	at java.io.FileOutputStream.<init>(FileOutputStream.java:125)
12-02 23:12:49.533  1864  1989 W DefaultFailureHandler: 	at androidx.test.platform.io.FileTestStorage.openOutputFile(FileTestStorage.java:60)
12-02 23:12:49.533  1864  1989 W DefaultFailureHandler: 	at androidx.test.core.graphics.BitmapStorage.writeToTestStorage(BitmapStorageExt.kt:49)
12-02 23:12:49.533  1864  1989 W DefaultFailureHandler: 	at androidx.test.espresso.base.DefaultFailureHandler.takeScreenshot(DefaultFailureHandler.java:4)
12-02 23:12:49.533  1864  1989 W DefaultFailureHandler: 	at androidx.test.espresso.base.DefaultFailureHandler.handle(DefaultFailureHandler.java:3)
12-02 23:12:49.533  1864  1989 W DefaultFailureHandler: 	at androidx.test.espresso.ViewInteraction.waitForAndHandleInteractionResults(ViewInteraction.java:8)
12-02 23:12:49.533  1864  1989 W DefaultFailureHandler: 	at androidx.test.espresso.ViewInteraction.desugaredPerform(ViewInteraction.java:11)
12-02 23:12:49.533  1864  1989 W DefaultFailureHandler: 	at androidx.test.espresso.ViewInteraction.perform(ViewInteraction.java:8)
12-02 23:12:49.533  1864  1989 W DefaultFailureHandler: 	at ru.iteco.fmhandroid.ui.data.TestUtils.waitView(TestUtils.java:61)
12-02 23:12:49.533  1864  1989 W DefaultFailureHandler: 	at ru.iteco.fmhandroid.ui.steps.AuthSteps.isAuthScreen(AuthSteps.java:56)
12-02 23:12:49.533  1864  1989 W DefaultFailureHandler: 	at ru.iteco.fmhandroid.ui.FilterClaimsPageTest.logoutCheck(FilterClaimsPageTest.java:45)
12-02 23:12:49.533  1864  1989 W DefaultFailureHandler: 	at java.lang.reflect.Method.invoke(Native Method)
12-02 23:12:49.533  1864  1989 W DefaultFailureHandler: 	at org.junit.runners.model.FrameworkMethod$1.runReflectiveCall(FrameworkMethod.java:59)
12-02 23:12:49.533  1864  1989 W DefaultFailureHandler: 	at org.junit.internal.runners.model.ReflectiveCallable.run(ReflectiveCallable.java:12)
12-02 23:12:49.533  1864  1989 W DefaultFailureHandler: 	at org.junit.runners.model.FrameworkMethod.invokeExplosively(FrameworkMethod.java:56)
12-02 23:12:49.533  1864  1989 W DefaultFailureHandler: 	at androidx.test.internal.runner.junit4.statement.RunBefores.evaluate(RunBefores.java:76)
12-02 23:12:49.533  1864  1989 W DefaultFailureHandler: 	at androidx.test.rule.ActivityTestRule$ActivityStatement.evaluate(ActivityTestRule.java:543)
12-02 23:12:49.533  1864  1989 W DefaultFailureHandler: 	at io.qameta.allure.android.rules.LogcatRule$apply$1.evaluate(LogcatRule.kt:23)
12-02 23:12:49.533  1864  1989 W DefaultFailureHandler: 	at io.qameta.allure.android.rules.ScreenshotRule$apply$1.evaluate(ScreenshotRule.kt:22)
12-02 23:12:49.533  1864  1989 W DefaultFailureHandler: 	at io.qameta.allure.android.rules.ScreenshotRule$apply$1.evaluate(ScreenshotRule.kt:22)
12-02 23:12:49.533  1864  1989 W DefaultFailureHandler: 	at org.junit.rules.RunRules.evaluate(RunRules.java:20)
12-02 23:12:49.533  1864  1989 W DefaultFailureHandler: 	at org.junit.runners.ParentRunner$3.evaluate(ParentRunner.java:306)
12-02 23:12:49.533  1864  1989 W DefaultFailureHandler: 	at org.junit.runners.BlockJUnit4ClassRunner$1.evaluate(BlockJUnit4ClassRunner.java:100)
12-02 23:12:49.533  1864  1989 W DefaultFailureHandler: 	at org.junit.runners.ParentRunner.runLeaf(ParentRunner.java:366)
12-02 23:12:49.533  1864  1989 W DefaultFailureHandler: 	at org.junit.runners.BlockJUnit4ClassRunner.runChild(BlockJUnit4ClassRunner.java:103)
12-02 23:12:49.533  1864  1989 W DefaultFailureHandler: 	at org.junit.runners.BlockJUnit4ClassRunner.runChild(BlockJUnit4ClassRunner.java:63)
12-02 23:12:49.533  1864  1989 W DefaultFailureHandler: 	at org.junit.runners.ParentRunner$4.run(ParentRunner.java:331)
12-02 23:12:49.533  1864  1989 W DefaultFailureHandler: 	at org.junit.runners.ParentRunner$1.schedule(ParentRunner.java:79)
12-02 23:12:49.533  1864  1989 W DefaultFailureHandler: 	at org.junit.runners.ParentRunner.runChildren(ParentRunner.java:329)
12-02 23:12:49.533  1864  1989 W DefaultFailureHandler: 	at org.junit.runners.ParentRunner.access$100(ParentRunner.java:66)
12-02 23:12:49.533  1864  1989 W DefaultFailureHandler: 	at org.junit.runners.ParentRunner$2.evaluate(ParentRunner.java:293)
12-02 23:12:49.533  1864  1989 W DefaultFailureHandler: 	at org.junit.runners.ParentRunner$3.evaluate(ParentRunner.java:306)
12-02 23:12:49.533  1864  1989 W DefaultFailureHandler: 	at org.junit.runners.ParentRunner.run(ParentRunner.java:413)
12-02 23:12:49.533  1864  1989 W DefaultFailureHandler: 	at androidx.test.ext.junit.runners.AndroidJUnit4.run(AndroidJUnit4.java:162)
12-02 23:12:49.533  1864  1989 W DefaultFailureHandler: 	at io.qameta.allure.android.runners.AllureAndroidJUnit4.run(AllureAndroidJUnitRunners.kt:29)
12-02 23:12:49.533  1864  1989 W DefaultFailureHandler: 	at org.junit.runners.Suite.runChild(Suite.java:128)
12-02 23:12:49.533  1864  1989 W DefaultFailureHandler: 	at org.junit.runners.Suite.runChild(Suite.java:27)
12-02 23:12:49.533  1864  1989 W DefaultFailureHandler: 	at org.junit.runners.ParentRunner$4.run(ParentRunner.java:331)
12-02 23:12:49.533  1864  1989 W DefaultFailureHandler: 	at org.junit.runners.ParentRunner$1.schedule(ParentRunner.java:79)
12-02 23:12:49.533  1864  1989 W DefaultFailureHandler: 	at org.junit.runners.ParentRunner.runChildren(ParentRunner.java:329)
12-02 23:12:49.533  1864  1989 W DefaultFailureHandler: 	at org.junit.runners.ParentRunner.access$100(ParentRunner.java:66)
12-02 23:12:49.533  1864  1989 W DefaultFailureHandler: 	at org.junit.runners.ParentRunner$2.evaluate(ParentRunner.java:293)
12-02 23:12:49.533  1864  1989 W DefaultFailureHandler: 	at org.junit.runners.ParentRunner$3.evaluate(ParentRunner.java:306)
12-02 23:12:49.533  1864  1989 W DefaultFailureHandler: 	at org.junit.runners.ParentRunner.run(ParentRunner.java:413)
12-02 23:12:49.533  1864  1989 W DefaultFailureHandler: 	at org.junit.runner.JUnitCore.run(JUnitCore.java:137)
12-02 23:12:49.533  1864  1989 W DefaultFailureHandler: 	at org.junit.runner.JUnitCore.run(JUnitCore.java:115)
12-02 23:12:49.533  1864  1989 W DefaultFailureHandler: 	at androidx.test.internal.runner.TestExecutor.execute(TestExecutor.java:67)
12-02 23:12:49.533  1864  1989 W DefaultFailureHandler: 	at androidx.test.internal.runner.TestExecutor.execute(TestExecutor.java:58)
12-02 23:12:49.533  1864  1989 W DefaultFailureHandler: 	at androidx.test.runner.AndroidJUnitRunner.onStart(AndroidJUnitRunner.java:438)
12-02 23:12:49.534  1864  1989 W DefaultFailureHandler: 	at android.app.Instrumentation$InstrumentationThread.run(Instrumentation.java:2189)
12-02 23:12:49.534  1864  1989 W DefaultFailureHandler: Caused by: android.system.ErrnoException: open failed: EROFS (Read-only file system)
12-02 23:12:49.534  1864  1989 W DefaultFailureHandler: 	at libcore.io.Linux.open(Native Method)
12-02 23:12:49.534  1864  1989 W DefaultFailureHandler: 	at libcore.io.ForwardingOs.open(ForwardingOs.java:167)
12-02 23:12:49.534  1864  1989 W DefaultFailureHandler: 	at libcore.io.BlockGuardOs.open(BlockGuardOs.java:252)
12-02 23:12:49.534  1864  1989 W DefaultFailureHandler: 	at libcore.io.ForwardingOs.open(ForwardingOs.java:167)
12-02 23:12:49.534  1864  1989 W DefaultFailureHandler: 	at android.app.ActivityThread$AndroidOs.open(ActivityThread.java:7255)
12-02 23:12:49.534  1864  1989 W DefaultFailureHandler: 	at libcore.io.IoBridge.open(IoBridge.java:482)
12-02 23:12:49.534  1864  1989 W DefaultFailureHandler: 	... 51 more
12-02 23:12:49.540  1864  1864 I ViewInteraction: Performing 'wait for a specific view with <view.getId() is <2131230870/ru.iteco.fmhandroid:id/authorization_image_button>> during 10000 millis.' action on view view.getRootView() to equal view
12-02 23:12:49.543  1864  1864 I ViewInteraction: Checking 'MatchesViewAssertion{viewMatcher=(view has effective visibility <VISIBLE> and view.getGlobalVisibleRect() to return non-empty rectangle)}' assertion on view view.getId() is <2131230870/ru.iteco.fmhandroid:id/authorization_image_button>
12-02 23:12:49.545  1864  1864 I ViewInteraction: Performing 'single click' action on view view.getId() is <2131230870/ru.iteco.fmhandroid:id/authorization_image_button>
12-02 23:12:49.598  1750  3111 W audio_hw_generic: Not supplying enough data to HAL, expected position 450673204 , only wrote 450673105
12-02 23:12:49.623  1772  1772 D gralloc_ranchu: gralloc_alloc: Creating ashmem region of size 1429504
12-02 23:12:49.625  1772  1772 I chatty  : uid=1000(system) allocator@2.0-s identical 1 line
12-02 23:12:49.627  1772  1772 D gralloc_ranchu: gralloc_alloc: Creating ashmem region of size 1429504
12-02 23:12:49.633  1864  2003 D EGL_emulation: eglMakeCurrent: 0xdb91b3e0: ver 2 0 (tinfo 0xdb98eb00)
12-02 23:12:49.668  1864  2003 I chatty  : uid=10159(ru.iteco.fmhandroid) RenderThread identical 2 lines
12-02 23:12:49.685  1864  2003 D EGL_emulation: eglMakeCurrent: 0xdb91b3e0: ver 2 0 (tinfo 0xdb98eb00)
12-02 23:12:49.904  1864  1864 I ViewInteraction: Performing 'wait for a specific view with <an instance of android.widget.TextView and view.getText() with or without transformation to match: is "Log out"> during 10000 millis.' action on view view.getRootView() to equal view
12-02 23:12:49.906  1864  1864 I ViewInteraction: Checking 'MatchesViewAssertion{viewMatcher=(view has effective visibility <VISIBLE> and view.getGlobalVisibleRect() to return non-empty rectangle)}' assertion on view an instance of android.widget.TextView and view.getText() with or without transformation to match: is "Log out"
12-02 23:12:49.908  1864  1864 I ViewInteraction: Performing 'single click' action on view an instance of android.widget.TextView and view.getText() with or without transformation to match: is "Log out"
12-02 23:12:49.966  1864  2003 D EGL_emulation: eglMakeCurrent: 0xdb91b3e0: ver 2 0 (tinfo 0xdb98eb00)
12-02 23:12:50.071  1864  2003 I chatty  : uid=10159(ru.iteco.fmhandroid) RenderThread identical 1 line
12-02 23:12:50.091  1864  2003 D EGL_emulation: eglMakeCurrent: 0xdb91b3e0: ver 2 0 (tinfo 0xdb98eb00)
12-02 23:12:50.189  1864  1864 I ViewInteraction: Performing 'wait for a specific view with <(an instance of android.widget.TextView and view.getText() with or without transformation to match: is "Authorization" and view.getParent() view.getParent() view.getId() is <2131231186>)> during 10000 millis.' action on view view.getRootView() to equal view
12-02 23:12:50.192  1864  1864 I ViewInteraction: Checking 'MatchesViewAssertion{viewMatcher=(view has effective visibility <VISIBLE> and view.getGlobalVisibleRect() to return non-empty rectangle)}' assertion on view (an instance of android.widget.TextView and view.getText() with or without transformation to match: is "Authorization" and view.getParent() view.getParent() view.getId() is <2131231186/ru.iteco.fmhandroid:id/nav_host_fragment>)
12-02 23:12:50.195  1864  1864 I ViewInteraction: Performing 'wait for a specific view with <(an instance of android.widget.TextView and view.getHint() matching: is "Login" and view.getParent() view.getParent() view.getId() is <2131231121/ru.iteco.fmhandroid:id/login_text_input_layout>)> during 10000 millis.' action on view view.getRootView() to equal view
12-02 23:12:50.198  1864  1864 I ViewInteraction: Checking 'MatchesViewAssertion{viewMatcher=(view has effective visibility <VISIBLE> and view.getGlobalVisibleRect() to return non-empty rectangle)}' assertion on view (an instance of android.widget.TextView and view.getHint() matching: is "Login" and view.getParent() view.getParent() view.getId() is <2131231121/ru.iteco.fmhandroid:id/login_text_input_layout>)
12-02 23:12:50.202  1864  1864 I ViewInteraction: Performing 'wait for a specific view with <(an instance of android.widget.TextView and view.getHint() matching: is "Password" and view.getParent() view.getParent() view.getId() is <2131231264/ru.iteco.fmhandroid:id/password_text_input_layout>)> during 10000 millis.' action on view view.getRootView() to equal view
12-02 23:12:50.204  1864  1864 I ViewInteraction: Checking 'MatchesViewAssertion{viewMatcher=(view has effective visibility <VISIBLE> and view.getGlobalVisibleRect() to return non-empty rectangle)}' assertion on view (an instance of android.widget.TextView and view.getHint() matching: is "Password" and view.getParent() view.getParent() view.getId() is <2131231264/ru.iteco.fmhandroid:id/password_text_input_layout>)
12-02 23:12:50.207  1864  1864 I ViewInteraction: Performing 'wait for a specific view with <(view.getId() is <2131231039/ru.iteco.fmhandroid:id/enter_button> and an instance of android.widget.TextView and view.getText() with or without transformation to match: is "SIGN IN" and view.getContentDescription() is "Save" and view.getParent() view.getParent() an instance of android.widget.RelativeLayout)> during 10000 millis.' action on view view.getRootView() to equal view
12-02 23:12:50.210  1864  1864 I ViewInteraction: Checking 'MatchesViewAssertion{viewMatcher=(view has effective visibility <VISIBLE> and view.getGlobalVisibleRect() to return non-empty rectangle)}' assertion on view (view.getId() is <2131231039/ru.iteco.fmhandroid:id/enter_button> and an instance of android.widget.TextView and view.getText() with or without transformation to match: is "SIGN IN" and view.getContentDescription() is "Save" and view.getParent() view.getParent() an instance of android.widget.RelativeLayout)
12-02 23:12:50.212  1864  1864 I ViewInteraction: Performing 'wait for a specific view with <(an instance of android.widget.TextView and view.getText() with or without transformation to match: is "Authorization" and view.getParent() view.getParent() view.getId() is <2131231186>)> during 10000 millis.' action on view view.getRootView() to equal view
12-02 23:12:50.214  1864  1864 I ViewInteraction: Checking 'MatchesViewAssertion{viewMatcher=(view has effective visibility <VISIBLE> and view.getGlobalVisibleRect() to return non-empty rectangle)}' assertion on view (an instance of android.widget.TextView and view.getText() with or without transformation to match: is "Authorization" and view.getParent() view.getParent() view.getId() is <2131231186/ru.iteco.fmhandroid:id/nav_host_fragment>)
12-02 23:12:50.216  1864  1864 I ViewInteraction: Performing 'wait for a specific view with <(an instance of android.widget.TextView and view.getHint() matching: is "Login" and view.getParent() view.getParent() view.getId() is <2131231121/ru.iteco.fmhandroid:id/login_text_input_layout>)> during 10000 millis.' action on view view.getRootView() to equal view
12-02 23:12:50.219  1864  1864 I ViewInteraction: Checking 'MatchesViewAssertion{viewMatcher=(view has effective visibility <VISIBLE> and view.getGlobalVisibleRect() to return non-empty rectangle)}' assertion on view (an instance of android.widget.TextView and view.getHint() matching: is "Login" and view.getParent() view.getParent() view.getId() is <2131231121/ru.iteco.fmhandroid:id/login_text_input_layout>)
12-02 23:12:50.221  1864  1864 I ViewInteraction: Performing 'wait for a specific view with <(an instance of android.widget.TextView and view.getHint() matching: is "Password" and view.getParent() view.getParent() view.getId() is <2131231264/ru.iteco.fmhandroid:id/password_text_input_layout>)> during 10000 millis.' action on view view.getRootView() to equal view
12-02 23:12:50.223  1864  1864 I ViewInteraction: Checking 'MatchesViewAssertion{viewMatcher=(view has effective visibility <VISIBLE> and view.getGlobalVisibleRect() to return non-empty rectangle)}' assertion on view (an instance of android.widget.TextView and view.getHint() matching: is "Password" and view.getParent() view.getParent() view.getId() is <2131231264/ru.iteco.fmhandroid:id/password_text_input_layout>)
12-02 23:12:50.224  1864  1864 I ViewInteraction: Performing 'wait for a specific view with <(view.getId() is <2131231039/ru.iteco.fmhandroid:id/enter_button> and an instance of android.widget.TextView and view.getText() with or without transformation to match: is "SIGN IN" and view.getContentDescription() is "Save" and view.getParent() view.getParent() an instance of android.widget.RelativeLayout)> during 10000 millis.' action on view view.getRootView() to equal view
12-02 23:12:50.226  1864  1864 I ViewInteraction: Checking 'MatchesViewAssertion{viewMatcher=(view has effective visibility <VISIBLE> and view.getGlobalVisibleRect() to return non-empty rectangle)}' assertion on view (view.getId() is <2131231039/ru.iteco.fmhandroid:id/enter_button> and an instance of android.widget.TextView and view.getText() with or without transformation to match: is "SIGN IN" and view.getContentDescription() is "Save" and view.getParent() view.getParent() an instance of android.widget.RelativeLayout)
12-02 23:12:50.227  1864  1864 I ViewInteraction: Performing 'wait for a specific view with <(an instance of android.widget.TextView and view.getHint() matching: is "Login" and view.getParent() view.getParent() view.getId() is <2131231121/ru.iteco.fmhandroid:id/login_text_input_layout>)> during 10000 millis.' action on view view.getRootView() to equal view
12-02 23:12:50.230  1864  1864 I ViewInteraction: Performing 'replace text(login2)' action on view (an instance of android.widget.TextView and view.getHint() matching: is "Login" and view.getParent() view.getParent() view.getId() is <2131231121/ru.iteco.fmhandroid:id/login_text_input_layout>)
12-02 23:12:50.253  1864  1864 I ViewInteraction: Performing 'wait for a specific view with <(an instance of android.widget.TextView and view.getHint() matching: is "Password" and view.getParent() view.getParent() view.getId() is <2131231264/ru.iteco.fmhandroid:id/password_text_input_layout>)> during 10000 millis.' action on view view.getRootView() to equal view
12-02 23:12:50.256  1864  1864 I ViewInteraction: Performing 'replace text(password2)' action on view (an instance of android.widget.TextView and view.getHint() matching: is "Password" and view.getParent() view.getParent() view.getId() is <2131231264/ru.iteco.fmhandroid:id/password_text_input_layout>)
12-02 23:12:50.277  1864  1864 I ViewInteraction: Performing 'wait for a specific view with <(view.getId() is <2131231039/ru.iteco.fmhandroid:id/enter_button> and an instance of android.widget.TextView and view.getText() with or without transformation to match: is "SIGN IN" and view.getContentDescription() is "Save" and view.getParent() view.getParent() an instance of android.widget.RelativeLayout)> during 10000 millis.' action on view view.getRootView() to equal view
12-02 23:12:50.278  1864  1864 I ViewInteraction: Checking 'MatchesViewAssertion{viewMatcher=view.isClickable() is <true>}' assertion on view (view.getId() is <2131231039/ru.iteco.fmhandroid:id/enter_button> and an instance of android.widget.TextView and view.getText() with or without transformation to match: is "SIGN IN" and view.getContentDescription() is "Save" and view.getParent() view.getParent() an instance of android.widget.RelativeLayout)
12-02 23:12:50.288  1864  1864 I ViewInteraction: Performing 'wait for a specific view with <(view.getId() is <2131231039/ru.iteco.fmhandroid:id/enter_button> and an instance of android.widget.TextView and view.getText() with or without transformation to match: is "SIGN IN" and view.getContentDescription() is "Save" and view.getParent() view.getParent() an instance of android.widget.RelativeLayout)> during 10000 millis.' action on view view.getRootView() to equal view
12-02 23:12:50.291  1864  1864 I ViewInteraction: Checking 'MatchesViewAssertion{viewMatcher=view.isClickable() is <true>}' assertion on view (view.getId() is <2131231039/ru.iteco.fmhandroid:id/enter_button> and an instance of android.widget.TextView and view.getText() with or without transformation to match: is "SIGN IN" and view.getContentDescription() is "Save" and view.getParent() view.getParent() an instance of android.widget.RelativeLayout)
12-02 23:12:50.294  1864  1864 I ViewInteraction: Performing 'wait for a specific view with <(view.getId() is <2131231039/ru.iteco.fmhandroid:id/enter_button> and an instance of android.widget.TextView and view.getText() with or without transformation to match: is "SIGN IN" and view.getContentDescription() is "Save" and view.getParent() view.getParent() an instance of android.widget.RelativeLayout)> during 10000 millis.' action on view view.getRootView() to equal view
12-02 23:12:50.296  1864  1864 I ViewInteraction: Performing 'single click' action on view (view.getId() is <2131231039/ru.iteco.fmhandroid:id/enter_button> and an instance of android.widget.TextView and view.getText() with or without transformation to match: is "SIGN IN" and view.getContentDescription() is "Save" and view.getParent() view.getParent() an instance of android.widget.RelativeLayout)
12-02 23:12:50.342  1864  2564 I okhttp.OkHttpClient: --> POST http://www.981757-ca08998.tmweb.ru:8080/fmh/authentication/login
12-02 23:12:50.342  1864  2564 I okhttp.OkHttpClient: Content-Type: application/json; charset=UTF-8
12-02 23:12:50.342  1864  2564 I okhttp.OkHttpClient: Content-Length: 41
12-02 23:12:50.342  1864  2564 I okhttp.OkHttpClient: {"login":"login2","password":"password2"}
12-02 23:12:50.342  1864  2564 I okhttp.OkHttpClient: --> END POST (41-byte body)
12-02 23:12:50.566  1864  1864 I ViewInteraction: Performing 'wait for a specific view with <an instance of android.widget.TextView and view.getText() with or without transformation to match: is "News"> during 10000 millis.' action on view view.getRootView() to equal view
12-02 23:12:50.603  1864  2564 I okhttp.OkHttpClient: <-- 200 http://www.981757-ca08998.tmweb.ru:8080/fmh/authentication/login (260ms)
12-02 23:12:50.603  1864  2564 I okhttp.OkHttpClient: Vary: Origin
12-02 23:12:50.603  1864  2564 I okhttp.OkHttpClient: Vary: Access-Control-Request-Method
12-02 23:12:50.603  1864  2564 I okhttp.OkHttpClient: Vary: Access-Control-Request-Headers
12-02 23:12:50.603  1864  2564 I okhttp.OkHttpClient: X-Content-Type-Options: nosniff
12-02 23:12:50.603  1864  2564 I okhttp.OkHttpClient: X-XSS-Protection: 1; mode=block
12-02 23:12:50.603  1864  2564 I okhttp.OkHttpClient: Cache-Control: no-cache, no-store, max-age=0, must-revalidate
12-02 23:12:50.603  1864  2564 I okhttp.OkHttpClient: Pragma: no-cache
12-02 23:12:50.603  1864  2564 I okhttp.OkHttpClient: Expires: 0
12-02 23:12:50.603  1864  2564 I okhttp.OkHttpClient: X-Frame-Options: DENY
12-02 23:12:50.603  1864  2564 I okhttp.OkHttpClient: Content-Type: application/json
12-02 23:12:50.603  1864  2564 I okhttp.OkHttpClient: Transfer-Encoding: chunked
12-02 23:12:50.603  1864  2564 I okhttp.OkHttpClient: Date: Fri, 02 Dec 2022 20:12:51 GMT
12-02 23:12:50.603  1864  2564 I okhttp.OkHttpClient: Keep-Alive: timeout=60
12-02 23:12:50.603  1864  2564 I okhttp.OkHttpClient: Connection: keep-alive
12-02 23:12:50.604  1864  2564 I okhttp.OkHttpClient: {"accessToken":"eyJhbGciOiJIUzUxMiJ9.eyJzdWIiOiJsb2dpbjIiLCJqdGkiOiIyIiwiZXhwIjoxNjcwMDk4MzcxfQ.sskorHhk2exRT0IBPMCGYmxUDNz5jz6au9IUTxT2abVifhhU7qOtHgOBb6dNF6efdPcxftqpNZRbZXAc2n-Ssw","refreshToken":"eyJhbGciOiJIUzUxMiJ9.eyJzdWIiOiJsb2dpbjIiLCJqdGkiOiIyIiwiZXhwIjoxNjcyNjAzOTcxfQ.DwP2MAZgTgq4bTws8-OPypwJnolZWDIap650reaba7dculuHOviGDiw4Bt4v0xm_VB67C468n6sHQO7iQunKTg"}
12-02 23:12:50.604  1864  2564 I okhttp.OkHttpClient: <-- END HTTP (368-byte body)
12-02 23:12:50.607  1864  2052 I okhttp.OkHttpClient: --> GET http://www.981757-ca08998.tmweb.ru:8080/fmh/authentication/userInfo
12-02 23:12:50.607  1864  2052 I okhttp.OkHttpClient: --> END GET
12-02 23:12:50.746  1864  2052 I okhttp.OkHttpClient: <-- 200 http://www.981757-ca08998.tmweb.ru:8080/fmh/authentication/userInfo (139ms)
12-02 23:12:50.747  1864  2052 I okhttp.OkHttpClient: Vary: Origin
12-02 23:12:50.747  1864  2052 I okhttp.OkHttpClient: Vary: Access-Control-Request-Method
12-02 23:12:50.747  1864  2052 I okhttp.OkHttpClient: Vary: Access-Control-Request-Headers
12-02 23:12:50.747  1864  2052 I okhttp.OkHttpClient: X-Content-Type-Options: nosniff
12-02 23:12:50.747  1864  2052 I okhttp.OkHttpClient: X-XSS-Protection: 1; mode=block
12-02 23:12:50.747  1864  2052 I okhttp.OkHttpClient: Cache-Control: no-cache, no-store, max-age=0, must-revalidate
12-02 23:12:50.747  1864  2052 I okhttp.OkHttpClient: Pragma: no-cache
12-02 23:12:50.747  1864  2052 I okhttp.OkHttpClient: Expires: 0
12-02 23:12:50.747  1864  2052 I okhttp.OkHttpClient: X-Frame-Options: DENY
12-02 23:12:50.747  1864  2052 I okhttp.OkHttpClient: Content-Type: application/json
12-02 23:12:50.747  1864  2052 I okhttp.OkHttpClient: Transfer-Encoding: chunked
12-02 23:12:50.747  1864  2052 I okhttp.OkHttpClient: Date: Fri, 02 Dec 2022 20:12:51 GMT
12-02 23:12:50.747  1864  2052 I okhttp.OkHttpClient: Keep-Alive: timeout=60
12-02 23:12:50.747  1864  2052 I okhttp.OkHttpClient: Connection: keep-alive
12-02 23:12:50.748  1864  2052 I okhttp.OkHttpClient: {"id":2,"firstName":"Данил","lastName":"Иванов","middleName":"Данилович","admin":true}
12-02 23:12:50.748  1864  2052 I okhttp.OkHttpClient: <-- END HTTP (106-byte body)
12-02 23:12:50.752  1864  2083 I okhttp.OkHttpClient: --> GET http://www.981757-ca08998.tmweb.ru:8080/fmh/claims
12-02 23:12:50.752  1864  2083 I okhttp.OkHttpClient: --> END GET
12-02 23:12:50.810  1864  1864 I ViewInteraction: Checking 'MatchesViewAssertion{viewMatcher=(view has effective visibility <VISIBLE> and view.getGlobalVisibleRect() to return non-empty rectangle)}' assertion on view an instance of android.widget.TextView and view.getText() with or without transformation to match: is "News"
12-02 23:12:50.813  1864  1864 I ViewInteraction: Performing 'wait for a specific view with <view.getId() is <2131230951>> during 10000 millis.' action on view view.getRootView() to equal view
12-02 23:12:50.818  1864  1864 I ViewInteraction: Checking 'MatchesViewAssertion{viewMatcher=(view has effective visibility <VISIBLE> and view.getGlobalVisibleRect() to return non-empty rectangle)}' assertion on view view.getId() is <2131230951/ru.iteco.fmhandroid:id/container_list_news_include_on_fragment_main>
12-02 23:12:50.820  1864  1864 I ViewInteraction: Performing 'wait for a specific view with <view.getId() is <2131230949>> during 10000 millis.' action on view view.getRootView() to equal view
12-02 23:12:50.938  1864  1864 I ViewInteraction: Checking 'MatchesViewAssertion{viewMatcher=(view has effective visibility <VISIBLE> and view.getGlobalVisibleRect() to return non-empty rectangle)}' assertion on view view.getId() is <2131230949/ru.iteco.fmhandroid:id/container_list_claim_include_on_fragment_main>
12-02 23:12:50.942  1864  1864 I ViewInteraction: Performing 'wait for a specific view with <an instance of android.widget.TextView and view.getText() with or without transformation to match: is "Claims"> during 10000 millis.' action on view view.getRootView() to equal view
12-02 23:12:50.944  1864  1864 I ViewInteraction: Checking 'MatchesViewAssertion{viewMatcher=(view has effective visibility <VISIBLE> and view.getGlobalVisibleRect() to return non-empty rectangle)}' assertion on view an instance of android.widget.TextView and view.getText() with or without transformation to match: is "Claims"
12-02 23:12:50.946  1864  1864 I ViewInteraction: Performing 'wait for a specific view with <view.getId() is <2131231123/ru.iteco.fmhandroid:id/main_menu_image_button>> during 10000 millis.' action on view view.getRootView() to equal view
12-02 23:12:50.950  1864  1864 I ViewInteraction: Performing 'single click' action on view view.getId() is <2131231123/ru.iteco.fmhandroid:id/main_menu_image_button>
12-02 23:12:51.042  1772  1772 D gralloc_ranchu: gralloc_alloc: Creating ashmem region of size 3264512
12-02 23:12:51.045  1772  1772 I chatty  : uid=1000(system) allocator@2.0-s identical 1 line
12-02 23:12:51.047  1772  1772 D gralloc_ranchu: gralloc_alloc: Creating ashmem region of size 3264512
12-02 23:12:51.060  1864  2003 D EGL_emulation: eglMakeCurrent: 0xdb91b3e0: ver 2 0 (tinfo 0xdb98eb00)
12-02 23:12:51.119  1864  2003 I chatty  : uid=10159(ru.iteco.fmhandroid) RenderThread identical 3 lines
12-02 23:12:51.130  1864  2003 D EGL_emulation: eglMakeCurrent: 0xdb91b3e0: ver 2 0 (tinfo 0xdb98eb00)
12-02 23:12:51.355  1864  1864 I ViewInteraction: Performing 'wait for a specific view with <an instance of android.widget.TextView and view.getText() with or without transformation to match: is "Claims"> during 10000 millis.' action on view view.getRootView() to equal view
12-02 23:12:51.357  1864  1864 I ViewInteraction: Performing 'single click' action on view an instance of android.widget.TextView and view.getText() with or without transformation to match: is "Claims"
12-02 23:12:51.487  1864  2061 I okhttp.OkHttpClient: --> GET http://www.981757-ca08998.tmweb.ru:8080/fmh/claims
12-02 23:12:51.487  1864  2061 I okhttp.OkHttpClient: --> END GET
12-02 23:12:51.491  1743  2628 E ResolverController: No valid NAT64 prefix (128, <unspecified>/0)
12-02 23:12:51.517  1864  2003 D EGL_emulation: eglMakeCurrent: 0xdb91b3e0: ver 2 0 (tinfo 0xdb98eb00)
12-02 23:12:51.529  1864  2003 D EGL_emulation: eglMakeCurrent: 0xdb91b3e0: ver 2 0 (tinfo 0xdb98eb00)
12-02 23:12:51.693  1864  1864 I ViewInteraction: Performing 'wait for a specific view with <view.getId() is <2131230849/ru.iteco.fmhandroid:id/add_new_claim_material_button>> during 10000 millis.' action on view view.getRootView() to equal view
12-02 23:12:51.712  1864  1864 I ViewInteraction: Performing 'single click' action on view view.getId() is <2131230849/ru.iteco.fmhandroid:id/add_new_claim_material_button>
12-02 23:12:51.765  1864  2052 I okhttp.OkHttpClient: --> GET http://www.981757-ca08998.tmweb.ru:8080/fmh/users
12-02 23:12:51.766  1864  2052 I okhttp.OkHttpClient: --> END GET
12-02 23:12:51.916  1864  2052 I okhttp.OkHttpClient: <-- 200 http://www.981757-ca08998.tmweb.ru:8080/fmh/users (150ms)
12-02 23:12:51.916  1864  2052 I okhttp.OkHttpClient: Vary: Origin
12-02 23:12:51.916  1864  2052 I okhttp.OkHttpClient: Vary: Access-Control-Request-Method
12-02 23:12:51.917  1864  2052 I okhttp.OkHttpClient: Vary: Access-Control-Request-Headers
12-02 23:12:51.917  1864  2052 I okhttp.OkHttpClient: X-Content-Type-Options: nosniff
12-02 23:12:51.917  1864  2052 I okhttp.OkHttpClient: X-XSS-Protection: 1; mode=block
12-02 23:12:51.917  1864  2052 I okhttp.OkHttpClient: Cache-Control: no-cache, no-store, max-age=0, must-revalidate
12-02 23:12:51.917  1864  2052 I okhttp.OkHttpClient: Pragma: no-cache
12-02 23:12:51.917  1864  2052 I okhttp.OkHttpClient: Expires: 0
12-02 23:12:51.917  1864  2052 I okhttp.OkHttpClient: X-Frame-Options: DENY
12-02 23:12:51.917  1864  2052 I okhttp.OkHttpClient: Content-Type: application/json
12-02 23:12:51.917  1864  2052 I okhttp.OkHttpClient: Transfer-Encoding: chunked
12-02 23:12:51.917  1864  2052 I okhttp.OkHttpClient: Date: Fri, 02 Dec 2022 20:12:52 GMT
12-02 23:12:51.917  1864  2052 I okhttp.OkHttpClient: Keep-Alive: timeout=60
12-02 23:12:51.917  1864  2052 I okhttp.OkHttpClient: Connection: keep-alive
12-02 23:12:51.985  1864  1864 I ViewInteraction: Performing 'wait for a specific view with <(view.getId() is <2131231402/ru.iteco.fmhandroid:id/title_edit_text> and view.getParent() view.getParent() view.getId() is <2131231406/ru.iteco.fmhandroid:id/title_text_input_layout>)> during 10000 millis.' action on view view.getRootView() to equal view
12-02 23:12:52.467  1864  2052 I okhttp.OkHttpClient: [{"id":1,"firstName":"Петр","lastName":"Смирнов","middleName":"Петрович","admin":true},{"id":2,"firstName":"Данил","lastName":"Иванов","middleName":"Данилович","admin":true},{"id":3,"firstName":"Егор","lastName":"Петров","middleName":"Егорович","admin":false},{"id":4,"firstName":"Дмитрий","lastName":"Сидоров","middleName":"Дмитриевич","admin":false},{"id":5,"firstName":"Тест","lastName":"Тестов","middleName":"Тестович","admin":true},{"id":6,"firstName":"Diplom","lastName":"Netology","middleName":"QAMID","admin":true}]
12-02 23:12:52.467  1864  2052 I okhttp.OkHttpClient: <-- END HTTP (622-byte body)
12-02 23:12:52.561  1864  1864 I ViewInteraction: Performing 'replace text(Открытая efbffe0c-1fb7-490e-b2b4-ed0e04edd5e2)' action on view (view.getId() is <2131231402/ru.iteco.fmhandroid:id/title_edit_text> and view.getParent() view.getParent() view.getId() is <2131231406/ru.iteco.fmhandroid:id/title_text_input_layout>)
12-02 23:12:52.594  1864  1864 I ViewInteraction: Performing 'wait for a specific view with <view.getId() is <2131230975/ru.iteco.fmhandroid:id/date_in_plan_text_input_edit_text>> during 10000 millis.' action on view view.getRootView() to equal view
12-02 23:12:52.596  1864  1864 I ViewInteraction: Performing 'single click' action on view view.getId() is <2131230975/ru.iteco.fmhandroid:id/date_in_plan_text_input_edit_text>
12-02 23:12:52.695  1772  1772 D gralloc_ranchu: gralloc_alloc: Creating ashmem region of size 10964992
12-02 23:12:52.701  1772  1772 I chatty  : uid=1000(system) allocator@2.0-s identical 1 line
12-02 23:12:52.702  1772  1772 D gralloc_ranchu: gralloc_alloc: Creating ashmem region of size 10964992
12-02 23:12:52.708  1864  2003 D EGL_emulation: eglMakeCurrent: 0xdb91b3e0: ver 2 0 (tinfo 0xdb98eb00)
12-02 23:12:52.803  1864  2003 I chatty  : uid=10159(ru.iteco.fmhandroid) RenderThread identical 1 line
12-02 23:12:52.823  1864  2003 D EGL_emulation: eglMakeCurrent: 0xdb91b3e0: ver 2 0 (tinfo 0xdb98eb00)
12-02 23:12:53.204  1864  1864 I ViewInteraction: Performing 'wait for a specific view with <is assignable from class <class android.widget.DatePicker>> during 10000 millis.' action on view view.getRootView() to equal view
12-02 23:12:53.207  1864  1864 I ViewInteraction: Checking 'MatchesViewAssertion{viewMatcher=(view has effective visibility <VISIBLE> and view.getGlobalVisibleRect() to return non-empty rectangle)}' assertion on view is assignable from class <class android.widget.DatePicker>
12-02 23:12:53.209  1864  1864 I ViewInteraction: Performing 'wait for a specific view with <is assignable from class <class android.widget.DatePicker>> during 10000 millis.' action on view view.getRootView() to equal view
