--------- beginning of system
12-06 14:00:01.850 12448 12508 E ActivityThread: Failed to find provider info for com.google.android.apps.wellbeing.api
--------- beginning of main
12-06 14:00:01.944 13684 13684 W teco.fmhandroi: ClassLoaderContext classpath size mismatch. expected=0, found=7 (PCL[] | PCL[/system/framework/android.test.runner.jar*3312018701:/system/framework/android.test.mock.jar*3601177991:/data/app/ru.iteco.fmhandroid.test-cxiJ-ou9YPXKIQqHb5IdEw==/base.apk*125722370:/data/app/ru.iteco.fmhandroid.test-cxiJ-ou9YPXKIQqHb5IdEw==/base.apk!classes2.dex*2301094307:/data/app/ru.iteco.fmhandroid.test-cxiJ-ou9YPXKIQqHb5IdEw==/base.apk!classes3.dex*431658989:/data/app/ru.iteco.fmhandroid.test-cxiJ-ou9YPXKIQqHb5IdEw==/base.apk!classes4.dex*1281107758:/data/app/ru.iteco.fmhandroid.test-cxiJ-ou9YPXKIQqHb5IdEw==/base.apk!classes5.dex*4182778598])
12-06 14:00:02.000 13684 13684 W teco.fmhandroi: Found duplicate classes, falling back to extracting from APK : /data/app/ru.iteco.fmhandroid-R0QVQlEGwG1IVzN-H3bqog==/base.apk
12-06 14:00:02.000 13684 13684 W teco.fmhandroi: NOTE: This wastes RAM and hurts startup performance.
12-06 14:00:02.000 13684 13684 W teco.fmhandroi: Found duplicated class when checking oat files: 'Lcom/google/common/util/concurrent/ListenableFuture;' in /data/app/ru.iteco.fmhandroid.test-cxiJ-ou9YPXKIQqHb5IdEw==/base.apk and /data/app/ru.iteco.fmhandroid-R0QVQlEGwG1IVzN-H3bqog==/base.apk
12-06 14:00:02.000 13684 13684 W teco.fmhandroi: 
12-06 14:00:02.781 13684 13684 I teco.fmhandroi: The ClassLoaderContext is a special shared library.
12-06 14:00:02.783 13684 13684 I teco.fmhandroi: The ClassLoaderContext is a special shared library.
12-06 14:00:03.187 13684 13684 W teco.fmhandroi: ClassLoaderContext classpath size mismatch. expected=0, found=7 (PCL[] | PCL[/system/framework/android.test.runner.jar*3312018701:/system/framework/android.test.mock.jar*3601177991:/data/app/ru.iteco.fmhandroid.test-cxiJ-ou9YPXKIQqHb5IdEw==/base.apk*125722370:/data/app/ru.iteco.fmhandroid.test-cxiJ-ou9YPXKIQqHb5IdEw==/base.apk!classes2.dex*2301094307:/data/app/ru.iteco.fmhandroid.test-cxiJ-ou9YPXKIQqHb5IdEw==/base.apk!classes3.dex*431658989:/data/app/ru.iteco.fmhandroid.test-cxiJ-ou9YPXKIQqHb5IdEw==/base.apk!classes4.dex*1281107758:/data/app/ru.iteco.fmhandroid.test-cxiJ-ou9YPXKIQqHb5IdEw==/base.apk!classes5.dex*4182778598];PCL[/system/framework/android.test.runner.jar*3312018701:/system/framework/android.test.mock.jar*3601177991:/data/app/ru.iteco.fmhandroid.test-cxiJ-ou9YPXKIQqHb5IdEw==/base.apk*125722370:/data/app/ru.iteco.fmhandroid.test-cxiJ-ou9YPXKIQqHb5IdEw==/base.apk!classes2.dex*2301094307:/data/app/ru.iteco.fmhandroid.test-cxiJ-ou9YPXKIQqHb5IdEw==/base.apk!classes3.dex*431658989:/data/app/ru.iteco.
12-06 14:00:03.188 13684 13684 W teco.fmhandroi: Found duplicate classes, falling back to extracting from APK : /data/app/ru.iteco.fmhandroid-R0QVQlEGwG1IVzN-H3bqog==/base.apk
12-06 14:00:03.188 13684 13684 W teco.fmhandroi: NOTE: This wastes RAM and hurts startup performance.
12-06 14:00:03.189 13684 13684 W teco.fmhandroi: Found duplicated class when checking oat files: 'Landroid/support/v4/app/INotificationSideChannel$Default;' in /data/app/ru.iteco.fmhandroid-R0QVQlEGwG1IVzN-H3bqog==/base.apk and /data/app/ru.iteco.fmhandroid-R0QVQlEGwG1IVzN-H3bqog==/base.apk
12-06 14:00:03.189 13684 13684 W teco.fmhandroi: 
12-06 14:00:03.640 13684 13684 W teco.fmhandroi: Accessing hidden method Landroid/app/Instrumentation;->execStartActivity(Landroid/content/Context;Landroid/os/IBinder;Landroid/os/IBinder;Landroid/app/Activity;Landroid/content/Intent;ILandroid/os/Bundle;)Landroid/app/Instrumentation$ActivityResult; (greylist, linking, allowed)
12-06 14:00:03.640 13684 13684 W teco.fmhandroi: Accessing hidden method Landroid/app/Instrumentation;->execStartActivity(Landroid/content/Context;Landroid/os/IBinder;Landroid/os/IBinder;Ljava/lang/String;Landroid/content/Intent;ILandroid/os/Bundle;)Landroid/app/Instrumentation$ActivityResult; (greylist, linking, allowed)
12-06 14:00:03.655 13684 13684 I MonitoringInstr: newApplication called!
12-06 14:00:03.711 13684 13684 I FirebaseApp: Device unlocked: initializing all Firebase APIs for app [DEFAULT]
12-06 14:00:03.734  2940  2970 W ocess.gservice: Reducing the number of considered missed Gc histogram windows from 131 to 100
12-06 14:00:03.749 13684 13684 I FirebaseCrashlytics: Initializing Firebase Crashlytics 18.2.6 for ru.iteco.fmhandroid
12-06 14:00:03.766 13684 13716 I DynamiteModule: Considering local module com.google.android.gms.measurement.dynamite:55 and remote module com.google.android.gms.measurement.dynamite:15
12-06 14:00:03.766 13684 13716 I DynamiteModule: Selected local version of com.google.android.gms.measurement.dynamite
12-06 14:00:03.778 13684 13684 W FA      : Failed to register event listener on calling thread. Trying again on the dynamite thread.
12-06 14:00:03.900 13684 13684 I FirebaseInitProvider: FirebaseApp initialization successful
12-06 14:00:03.931 13684 13684 I MonitoringInstr: Instrumentation started!
12-06 14:00:03.938 13684 13684 D ClassesArgTokenizer: input: ru.iteco.fmhandroid.ui.FilterClaimsPageTest#shouldFilterClaimsWithStatusOpen
12-06 14:00:03.939 13684 13684 D ClassesArgTokenizer: result: [ru.iteco.fmhandroid.ui.FilterClaimsPageTest#shouldFilterClaimsWithStatusOpen]
12-06 14:00:03.939 13684 13684 D ClassesArgTokenizer: input: null
12-06 14:00:03.940 13684 13684 D ClassesArgTokenizer: result: []
12-06 14:00:03.944 13684 13684 V TestEventClient: No service name argument was given (testDiscoveryService, testRunEventService or orchestratorService)
12-06 14:00:03.965 13684 13722 V FA      : App measurement collection enabled
12-06 14:00:03.967 13684 13722 V FA      : App measurement enabled for app package, google app id: ru.iteco.fmhandroid, 1:729587742060:android:e7d6f87c783f52b9a42f49
12-06 14:00:03.968 13684 13728 D AndroidJUnitRunner: onStart is called.
12-06 14:00:03.973 13684 13722 I FA      : App measurement initialized, version: 46000
12-06 14:00:03.973 13684 13722 I FA      : To enable debug logging run: adb shell setprop log.tag.FA VERBOSE
12-06 14:00:03.973 13684 13722 I FA      : To enable faster debug mode event logging run:
12-06 14:00:03.973 13684 13722 I FA      :   adb shell setprop debug.firebase.analytics.app ru.iteco.fmhandroid
12-06 14:00:03.973 13684 13722 D FA      : Debug-level message logging enabled
12-06 14:00:03.985 13684 13684 I MonitoringInstr: No JSBridge.
12-06 14:00:04.015 13684 13728 D TestRequestBuilder: Skipping class path scanning and directly running [ru.iteco.fmhandroid.ui.FilterClaimsPageTest]
12-06 14:00:04.031 13684 13728 D ClassesArgTokenizer: input: ru.iteco.fmhandroid.ui.FilterClaimsPageTest#shouldFilterClaimsWithStatusOpen
12-06 14:00:04.032 13684 13728 D ClassesArgTokenizer: result: [ru.iteco.fmhandroid.ui.FilterClaimsPageTest#shouldFilterClaimsWithStatusOpen]
12-06 14:00:04.032 13684 13728 D ClassesArgTokenizer: input: null
12-06 14:00:04.032 13684 13728 D ClassesArgTokenizer: result: []
12-06 14:00:04.058 13684 13722 V FA      : Connecting to remote service
12-06 14:00:04.062 13684 13728 D AndroidJUnitRunner: Use the raw file system for managing file I/O.
12-06 14:00:04.072 13684 13728 D TestExecutor: Adding listener androidx.test.internal.runner.listener.LogRunListener
12-06 14:00:04.074 13684 13728 D TestExecutor: Adding listener androidx.test.internal.runner.listener.InstrumentationResultPrinter
12-06 14:00:04.074 13684 13728 D TestExecutor: Adding listener androidx.test.internal.runner.listener.ActivityFinisherRunListener
12-06 14:00:04.074 13684 13728 D TestExecutor: Adding listener androidx.test.internal.runner.listener.TraceRunListener
12-06 14:00:04.085 13684 13728 I TestRunner: run started: 1 tests
12-06 14:00:04.097 13684 13722 V FA      : Connection attempt already in progress
12-06 14:00:04.108 13684 13722 V FA      : Connection attempt already in progress
12-06 14:00:04.109 13684 13722 D FA      : Connected to remote service
12-06 14:00:04.109 13684 13722 V FA      : Processing queued up service tasks: 3
12-06 14:00:04.168 13684 13728 I TestRunner: started: shouldFilterClaimsWithStatusOpen(ru.iteco.fmhandroid.ui.FilterClaimsPageTest)
12-06 14:00:04.170  2873 13731 V FA-SVC  : Saving default event parameters, appId, data size: ru.iteco.fmhandroid, 2
12-06 14:00:04.185  2962  3348 I MicroDetectionWorker: #startMicroDetector [speakerMode: 0]
12-06 14:00:04.186  2962  3348 W ErrorReporter: reportError [type: 211, code: 393244, bug: 0]: errorCode: 393244, engine: 0
12-06 14:00:04.188  2962  3348 I MicroDetector: Keeping mic open: false
12-06 14:00:04.188  2962  3348 I MicroDetectionWorker: #onError(false)
12-06 14:00:04.188  2962 13175 I DeviceStateChecker: DeviceStateChecker cancelled
12-06 14:00:04.328  1744 13732 E ResolverController: No valid NAT64 prefix (100, <unspecified>/0)
12-06 14:00:04.417 13684 13728 W FileTestStorage: Output properties is not supported.
12-06 14:00:04.418 13684 13728 I Tracing : Tracer added: class androidx.test.platform.tracing.AndroidXTracer
12-06 14:00:04.439 13684 13728 D EventInjectionStrategy: Creating injection strategy with input manager.
12-06 14:00:04.440 13684 13728 W teco.fmhandroi: Accessing hidden method Landroid/hardware/input/InputManager;->getInstance()Landroid/hardware/input/InputManager; (greylist, reflection, allowed)
12-06 14:00:04.441 13684 13728 W teco.fmhandroi: Accessing hidden method Landroid/hardware/input/InputManager;->injectInputEvent(Landroid/view/InputEvent;I)Z (greylist, reflection, allowed)
12-06 14:00:04.442 13684 13728 W teco.fmhandroi: Accessing hidden field Landroid/hardware/input/InputManager;->INJECT_INPUT_EVENT_MODE_WAIT_FOR_FINISH:I (greylist, reflection, allowed)
12-06 14:00:04.584  2018  2018 V SettingsProvider: Notifying for 0: content://settings/secure/accessibility_enabled
12-06 14:00:04.734 13684 13728 W Settings: Setting always_finish_activities has moved from android.provider.Settings.System to android.provider.Settings.Global, returning read-only value.
12-06 14:00:04.752  2018  2693 I ActivityTaskManager: START u0 {act=android.intent.action.MAIN cat=[android.intent.category.LAUNCHER] flg=0x10008000 cmp=ru.iteco.fmhandroid.test/androidx.test.core.app.InstrumentationActivityInvoker$BootstrapActivity (has extras)} from uid 10146
12-06 14:00:04.873  2018  5644 W InputReader: Device has associated, but no associated display id.
12-06 14:00:04.875  2018  5644 I chatty  : uid=1000(system) Binder:2018_14 identical 8 lines
12-06 14:00:04.876  2018  5644 W InputReader: Device has associated, but no associated display id.
12-06 14:00:04.925  1745  1745 D Zygote  : Forked child process 13739
12-06 14:00:04.956 13739 13739 I fmhandroid.tes: Late-enabling -Xcheck:jni
12-06 14:00:04.959  1776  1776 D gralloc_ranchu: gralloc_alloc: Creating ashmem region of size 10108928
12-06 14:00:04.962  2018  2060 W ActivityManager: Slow operation: 63ms so far, now at startProcess: returned from zygote!
12-06 14:00:04.963  2018  2060 W ActivityManager: Slow operation: 64ms so far, now at startProcess: done updating battery stats
12-06 14:00:04.963  2018  2060 W ActivityManager: Slow operation: 64ms so far, now at startProcess: building log message
12-06 14:00:04.963  2018  2060 I ActivityManager: Start proc 13739:ru.iteco.fmhandroid.test/u0a147 for activity {ru.iteco.fmhandroid.test/androidx.test.core.app.InstrumentationActivityInvoker$BootstrapActivity}
12-06 14:00:04.963  2018  2060 W ActivityManager: Slow operation: 64ms so far, now at startProcess: starting to update pids map
12-06 14:00:04.963  2018  2060 W ActivityManager: Slow operation: 64ms so far, now at startProcess: done updating pids map
12-06 14:00:05.187 13739 13739 E fmhandroid.tes: Unknown bits set in runtime_flags: 0x8000
12-06 14:00:05.190 13739 13739 W fmhandroid.tes: Unexpected CPU variant for X86 using defaults: x86
12-06 14:00:05.259  2018  5644 W InputReader: Device has associated, but no associated display id.
12-06 14:00:05.270  2018  5644 I chatty  : uid=1000(system) Binder:2018_14 identical 28 lines
12-06 14:00:05.270  2018  5644 W InputReader: Device has associated, but no associated display id.
12-06 14:00:05.325 13739 13739 I fmhandroid.tes: The ClassLoaderContext is a special shared library.
12-06 14:00:05.329 13739 13739 I fmhandroid.tes: The ClassLoaderContext is a special shared library.
12-06 14:00:05.524  2018  2054 I Choreographer: Skipped 36 frames!  The application may be doing too much work on its main thread.
12-06 14:00:05.528  2018  2054 I Choreographer: Skipped 36 frames!  The application may be doing too much work on its main thread.
12-06 14:00:05.537  2018  2054 W InputReader: Device has associated, but no associated display id.
12-06 14:00:05.537  2018  2054 I chatty  : uid=1000(system) android.anim identical 8 lines
12-06 14:00:05.537  2018  2054 W InputReader: Device has associated, but no associated display id.
12-06 14:00:05.552  1776  1776 D gralloc_ranchu: gralloc_alloc: Creating ashmem region of size 10108928
12-06 14:00:05.592 12448 12488 D EGL_emulation: eglMakeCurrent: 0xe594d140: ver 2 0 (tinfo 0xc539bd10)
12-06 14:00:05.643  2962  3510 D EGL_emulation: eglMakeCurrent: 0xe597d120: ver 2 0 (tinfo 0xbffb2540)
12-06 14:00:05.650  2170  2566 D EGL_emulation: eglMakeCurrent: 0xe594e040: ver 2 0 (tinfo 0xc52450c0)
12-06 14:00:05.788  1793  1999 E SurfaceFlinger: ro.sf.lcd_density must be defined as a build property
12-06 14:00:05.790  1793  1999 E SurfaceFlinger: ro.sf.lcd_density must be defined as a build property
12-06 14:00:05.799 13739 13773 D libEGL  : Emulator has host GPU support, qemu.gles is set to 1.
12-06 14:00:05.799 13739 13773 W libc    : Unable to set property "qemu.gles" to "1": connection failed; errno=13 (Permission denied)
12-06 14:00:05.784 13739 13739 W RenderThread: type=1400 audit(0.0:141): avc: denied { write } for name="property_service" dev="tmpfs" ino=7388 scontext=u:r:untrusted_app:s0:c147,c256,c512,c768 tcontext=u:object_r:property_socket:s0 tclass=sock_file permissive=0 app=ru.iteco.fmhandroid.test
12-06 14:00:05.891 13739 13773 D libEGL  : loaded /vendor/lib/egl/libEGL_emulation.so
12-06 14:00:05.903 13739 13773 D libEGL  : loaded /vendor/lib/egl/libGLESv1_CM_emulation.so
12-06 14:00:05.909 13739 13773 D libEGL  : loaded /vendor/lib/egl/libGLESv2_emulation.so
12-06 14:00:05.929  2018  5644 I ActivityTaskManager: START u0 {act=android.intent.action.MAIN cat=[android.intent.category.LAUNCHER] cmp=ru.iteco.fmhandroid/.ui.AppActivity} from uid 10146
12-06 14:00:05.943  2018  5644 W InputReader: Device has associated, but no associated display id.
12-06 14:00:05.949  2018  5644 I chatty  : uid=1000(system) Binder:2018_14 identical 42 lines
12-06 14:00:05.949  2018  5644 W InputReader: Device has associated, but no associated display id.
12-06 14:00:05.949 13684 13684 W ActivityThread: handleWindowVisibility: no activity for token android.os.BinderProxy@74190a2
12-06 14:00:05.949  2018  5644 W InputReader: Device has associated, but no associated display id.
12-06 14:00:05.952  2018  5644 I chatty  : uid=1000(system) Binder:2018_14 identical 14 lines
12-06 14:00:05.952  2018  5644 W InputReader: Device has associated, but no associated display id.
12-06 14:00:05.961  1793  1999 E SurfaceFlinger: ro.sf.lcd_density must be defined as a build property
12-06 14:00:05.966  1793  1999 E SurfaceFlinger: ro.sf.lcd_density must be defined as a build property
12-06 14:00:05.998 13684 13777 D libEGL  : Emulator has host GPU support, qemu.gles is set to 1.
12-06 14:00:05.999 13684 13777 W libc    : Unable to set property "qemu.gles" to "1": connection failed; errno=13 (Permission denied)
12-06 14:00:05.984 13684 13684 W RenderThread: type=1400 audit(0.0:142): avc: denied { write } for name="property_service" dev="tmpfs" ino=7388 scontext=u:r:untrusted_app:s0:c146,c256,c512,c768 tcontext=u:object_r:property_socket:s0 tclass=sock_file permissive=0 app=ru.iteco.fmhandroid
12-06 14:00:06.068  2018  2054 I Choreographer: Skipped 30 frames!  The application may be doing too much work on its main thread.
12-06 14:00:06.073 13684 13777 D libEGL  : loaded /vendor/lib/egl/libEGL_emulation.so
12-06 14:00:06.077 13684 13777 D libEGL  : loaded /vendor/lib/egl/libGLESv1_CM_emulation.so
12-06 14:00:06.084 13684 13777 D libEGL  : loaded /vendor/lib/egl/libGLESv2_emulation.so
12-06 14:00:06.133 13684 13684 D LifecycleMonitor: Lifecycle status change: ru.iteco.fmhandroid.ui.AppActivity@4d99d8f in: PRE_ON_CREATE
12-06 14:00:06.134 13684 13684 V ActivityScenario: Activity lifecycle changed event received but ignored because the reported transition was not ON_CREATE while the last known transition was PRE_ON_CREATE
12-06 14:00:06.163 13684 13716 V FA      : onActivityCreated
12-06 14:00:06.167  2962 13779 I PBSessionCacheImpl: Deleted sessionId[635178626110] from persistence.
12-06 14:00:06.171 13684 13684 E teco.fmhandroi: Invalid ID 0x00000000.
12-06 14:00:06.213 13684 13684 W teco.fmhandroi: Accessing hidden method Landroid/view/View;->computeFitSystemWindows(Landroid/graphics/Rect;Landroid/graphics/Rect;)Z (greylist, reflection, allowed)
12-06 14:00:06.214 13684 13684 W teco.fmhandroi: Accessing hidden method Landroid/view/ViewGroup;->makeOptionalFitsSystemWindows()V (greylist, reflection, allowed)
12-06 14:00:06.245  2962  3348 W SearchServiceCore: Abort, client detached.
12-06 14:00:06.473 13684 13684 D NetworkSecurityConfig: No Network Security Config specified, using platform default
12-06 14:00:06.497 13684 13684 W teco.fmhandroi: Accessing hidden method Ljava/lang/invoke/MethodHandles$Lookup;-><init>(Ljava/lang/Class;I)V (greylist, reflection, allowed)
12-06 14:00:06.723 13684 13684 D LifecycleMonitor: Lifecycle status change: ru.iteco.fmhandroid.ui.AppActivity@4d99d8f in: CREATED
12-06 14:00:06.724 13684 13684 V ActivityScenario: Update currentActivityStage to CREATED, currentActivity=ru.iteco.fmhandroid.ui.AppActivity@4d99d8f
12-06 14:00:07.208 13684 13684 D LifecycleMonitor: Lifecycle status change: ru.iteco.fmhandroid.ui.AppActivity@4d99d8f in: STARTED
12-06 14:00:07.209 13684 13684 V ActivityScenario: Update currentActivityStage to STARTED, currentActivity=ru.iteco.fmhandroid.ui.AppActivity@4d99d8f
12-06 14:00:07.213 13684 13684 D LifecycleMonitor: Lifecycle status change: ru.iteco.fmhandroid.ui.AppActivity@4d99d8f in: RESUMED
12-06 14:00:07.213 13684 13684 V ActivityScenario: Update currentActivityStage to RESUMED, currentActivity=ru.iteco.fmhandroid.ui.AppActivity@4d99d8f
12-06 14:00:07.216 13684 13722 V FA      : Activity resumed, time: 10413822
12-06 14:00:07.225 13684 13728 W FileTestStorage: Test input args is not supported.
12-06 14:00:07.246 13684 13722 I FA      : Tag Manager is not found and thus will not be used
12-06 14:00:07.254 13684 13728 W teco.fmhandroi: Accessing hidden method Lsun/misc/Unsafe;->getUnsafe()Lsun/misc/Unsafe; (greylist,core-platform-api, linking, allowed)
12-06 14:00:07.255 13684 13728 W teco.fmhandroi: Accessing hidden method Lsun/misc/Unsafe;->objectFieldOffset(Ljava/lang/reflect/Field;)J (greylist,core-platform-api, linking, allowed)
12-06 14:00:07.255 13684 13728 W teco.fmhandroi: Accessing hidden method Lsun/misc/Unsafe;->putObject(Ljava/lang/Object;JLjava/lang/Object;)V (greylist, linking, allowed)
12-06 14:00:07.270 13684 13728 W teco.fmhandroi: Accessing hidden method Lsun/misc/Unsafe;->compareAndSwapObject(Ljava/lang/Object;JLjava/lang/Object;Ljava/lang/Object;)Z (greylist, linking, allowed)
12-06 14:00:07.270 13684 13728 W teco.fmhandroi: Accessing hidden method Lsun/misc/Unsafe;->getObject(Ljava/lang/Object;J)Ljava/lang/Object; (greylist, linking, allowed)
12-06 14:00:07.304 13684 13684 W teco.fmhandroi: Accessing hidden method Landroid/os/MessageQueue;->next()Landroid/os/Message; (greylist, reflection, allowed)
12-06 14:00:07.305 13684 13684 W teco.fmhandroi: Accessing hidden field Landroid/os/MessageQueue;->mMessages:Landroid/os/Message; (greylist, reflection, allowed)
12-06 14:00:07.305 13684 13684 W teco.fmhandroi: Accessing hidden method Landroid/os/Message;->recycleUnchecked()V (greylist, reflection, allowed)
12-06 14:00:07.367  2873 13731 V FA-SVC  : Logging event: origin=auto,name=screen_view(_vs),params=Bundle[{ga_event_origin(_o)=auto, ga_screen_class(_sc)=AppActivity, ga_screen_id(_si)=-2272798256257597935}]
12-06 14:00:07.372 13684 13697 I teco.fmhandroi: NativeAlloc concurrent copying GC freed 40559(3381KB) AllocSpace objects, 14(280KB) LOS objects, 49% free, 3303KB/6607KB, paused 698us total 185.322ms
12-06 14:00:07.424 13684 13774 D HostConnection: HostConnection::get() New Host Connection established 0xdd856d20, tid 13774
12-06 14:00:07.442  2873 13731 V FA-SVC  : Upload scheduled in approximately ms: 351623
12-06 14:00:07.442  2873 13731 V FA-SVC  : Unscheduling upload
12-06 14:00:07.452  2873 13731 V FA-SVC  : Scheduling upload, millis: 351623
12-06 14:00:07.461  2873 13731 V FA-SVC  : Background event processing time, ms: 95
12-06 14:00:07.499 13684 13774 D HostConnection: HostComposition ext ANDROID_EMU_CHECKSUM_HELPER_v1 ANDROID_EMU_dma_v1 ANDROID_EMU_direct_mem ANDROID_EMU_host_composition_v1 ANDROID_EMU_host_composition_v2 ANDROID_EMU_vulkan ANDROID_EMU_deferred_vulkan_commands ANDROID_EMU_vulkan_null_optional_strings ANDROID_EMU_vulkan_create_resources_with_requirements ANDROID_EMU_YUV_Cache ANDROID_EMU_vulkan_ignored_handles ANDROID_EMU_vulkan_free_memory_sync ANDROID_EMU_vulkan_shader_float16_int8 ANDROID_EMU_vulkan_async_queue_submit ANDROID_EMU_sync_buffer_data GL_OES_vertex_array_object GL_KHR_texture_compression_astc_ldr ANDROID_EMU_host_side_tracing ANDROID_EMU_gles_max_version_2 
12-06 14:00:07.510  2656 12806 E SQLiteDatabase: Error inserting flex_time=351000 job_id=-1 period=704000 source=16 requires_charging=0 preferred_network_type=1 target_class=com.google.android.gms.measurement.PackageMeasurementTaskService user_id=0 target_package=com.google.android.gms tag=Measurement.PackageMeasurementTaskService.UPLOAD_TASK_TAG task_type=0 required_idleness_state=0 service_kind=0 source_version=202414000 persistence_level=1 preferred_charging_state=1 required_network_type=0 runtime=1670335207474 retry_strategy={"maximum_backoff_seconds":{"3600":0},"initial_backoff_seconds":{"30":0},"retry_policy":{"0":0}} last_runtime=0
12-06 14:00:07.510  2656 12806 E SQLiteDatabase: android.database.sqlite.SQLiteConstraintException: UNIQUE constraint failed: pending_ops.tag, pending_ops.target_class, pending_ops.target_package, pending_ops.user_id (code 2067 SQLITE_CONSTRAINT_UNIQUE)
12-06 14:00:07.510  2656 12806 E SQLiteDatabase: 	at android.database.sqlite.SQLiteConnection.nativeExecuteForLastInsertedRowId(Native Method)
12-06 14:00:07.510  2656 12806 E SQLiteDatabase: 	at android.database.sqlite.SQLiteConnection.executeForLastInsertedRowId(SQLiteConnection.java:879)
12-06 14:00:07.510  2656 12806 E SQLiteDatabase: 	at android.database.sqlite.SQLiteSession.executeForLastInsertedRowId(SQLiteSession.java:790)
12-06 14:00:07.510  2656 12806 E SQLiteDatabase: 	at android.database.sqlite.SQLiteStatement.executeInsert(SQLiteStatement.java:88)
12-06 14:00:07.510  2656 12806 E SQLiteDatabase: 	at android.database.sqlite.SQLiteDatabase.insertWithOnConflict(SQLiteDatabase.java:1599)
12-06 14:00:07.510  2656 12806 E SQLiteDatabase: 	at android.database.sqlite.SQLiteDatabase.insert(SQLiteDatabase.java:1468)
12-06 14:00:07.510  2656 12806 E SQLiteDatabase: 	at aqui.a(:com.google.android.gms@202414022@20.24.14 (040700-319035315):175)
12-06 14:00:07.510  2656 12806 E SQLiteDatabase: 	at aqtk.a(:com.google.android.gms@202414022@20.24.14 (040700-319035315):182)
12-06 14:00:07.510  2656 12806 E SQLiteDatabase: 	at aqtk.a(:com.google.android.gms@202414022@20.24.14 (040700-319035315):23)
12-06 14:00:07.510  2656 12806 E SQLiteDatabase: 	at aqtk.a(:com.google.android.gms@202414022@20.24.14 (040700-319035315):177)
12-06 14:00:07.510  2656 12806 E SQLiteDatabase: 	at aqpu.run(:com.google.android.gms@202414022@20.24.14 (040700-319035315):9)
12-06 14:00:07.510  2656 12806 E SQLiteDatabase: 	at soy.b(:com.google.android.gms@202414022@20.24.14 (040700-319035315):12)
12-06 14:00:07.510  2656 12806 E SQLiteDatabase: 	at soy.run(:com.google.android.gms@202414022@20.24.14 (040700-319035315):7)
12-06 14:00:07.510  2656 12806 E SQLiteDatabase: 	at java.util.concurrent.ThreadPoolExecutor.runWorker(ThreadPoolExecutor.java:1167)
12-06 14:00:07.510  2656 12806 E SQLiteDatabase: 	at java.util.concurrent.ThreadPoolExecutor$Worker.run(ThreadPoolExecutor.java:641)
12-06 14:00:07.510  2656 12806 E SQLiteDatabase: 	at sux.run(:com.google.android.gms@202414022@20.24.14 (040700-319035315):0)
12-06 14:00:07.510  2656 12806 E SQLiteDatabase: 	at java.lang.Thread.run(Thread.java:919)
12-06 14:00:07.538 13684 13774 W OpenGLRenderer: Failed to choose config with EGL_SWAP_BEHAVIOR_PRESERVED, retrying without...
12-06 14:00:07.661 13684 13774 D EGL_emulation: eglCreateContext: 0xdd81b2c0: maj 2 min 0 rcv 2
12-06 14:00:07.676 13684 13774 D EGL_emulation: eglMakeCurrent: 0xdd81b2c0: ver 2 0 (tinfo 0xc2f92cb0)
12-06 14:00:07.691  1776  1776 D gralloc_ranchu: gralloc_alloc: Creating ashmem region of size 10108928
12-06 14:00:07.698  1648  1648 I hwservicemanager: getTransport: Cannot find entry android.hardware.graphics.mapper@3.0::IMapper/default in either framework or device manifest.
12-06 14:00:07.698 13684 13774 W Gralloc3: mapper 3.x is not supported
12-06 14:00:07.707 13684 13774 D HostConnection: createUnique: call
12-06 14:00:07.707 13684 13774 D HostConnection: HostConnection::get() New Host Connection established 0xdd857040, tid 13774
12-06 14:00:07.708 13684 13774 D HostConnection: HostComposition ext ANDROID_EMU_CHECKSUM_HELPER_v1 ANDROID_EMU_dma_v1 ANDROID_EMU_direct_mem ANDROID_EMU_host_composition_v1 ANDROID_EMU_host_composition_v2 ANDROID_EMU_vulkan ANDROID_EMU_deferred_vulkan_commands ANDROID_EMU_vulkan_null_optional_strings ANDROID_EMU_vulkan_create_resources_with_requirements ANDROID_EMU_YUV_Cache ANDROID_EMU_vulkan_ignored_handles ANDROID_EMU_vulkan_free_memory_sync ANDROID_EMU_vulkan_shader_float16_int8 ANDROID_EMU_vulkan_async_queue_submit ANDROID_EMU_sync_buffer_data GL_OES_vertex_array_object GL_KHR_texture_compression_astc_ldr ANDROID_EMU_host_side_tracing ANDROID_EMU_gles_max_version_2 
12-06 14:00:07.710 13684 13774 D eglCodecCommon: allocate: Ask for block of size 0x1000
12-06 14:00:07.710 13684 13774 D eglCodecCommon: allocate: ioctl allocate returned offset 0x3ffff8000 size 0x2000
12-06 14:00:07.717  1776  1776 D gralloc_ranchu: gralloc_alloc: Creating ashmem region of size 10108928
12-06 14:00:07.720  1776  1776 D gralloc_ranchu: gralloc_alloc: Creating ashmem region of size 10108928
12-06 14:00:07.721 13684 13774 D EGL_emulation: eglMakeCurrent: 0xdd81b2c0: ver 2 0 (tinfo 0xc2f92cb0)
12-06 14:00:07.907 13684 13684 I Choreographer: Skipped 34 frames!  The application may be doing too much work on its main thread.
12-06 14:00:07.981 13684 13684 W teco.fmhandroi: Accessing hidden method Landroid/view/WindowManagerGlobal;->getInstance()Landroid/view/WindowManagerGlobal; (greylist, reflection, allowed)
12-06 14:00:07.981 13684 13684 W teco.fmhandroi: Accessing hidden field Landroid/view/WindowManagerGlobal;->mViews:Ljava/util/ArrayList; (greylist, reflection, allowed)
12-06 14:00:07.981 13684 13684 W teco.fmhandroi: Accessing hidden field Landroid/view/WindowManagerGlobal;->mParams:Ljava/util/ArrayList; (greylist, reflection, allowed)
12-06 14:00:07.981  2018  2058 I ActivityTaskManager: Displayed ru.iteco.fmhandroid/.ui.AppActivity: +3s171ms
12-06 14:00:07.993 13684 13684 I ViewInteraction: Performing 'wait for a specific view with <(an instance of android.widget.TextView and view.getText() with or without transformation to match: is "Authorization" and view.getParent() view.getParent() view.getId() is <2131231186>)> during 10000 millis.' action on view view.getRootView() to equal view
12-06 14:00:08.004  2170  2566 D EGL_emulation: eglMakeCurrent: 0xe594e040: ver 2 0 (tinfo 0xc52450c0)
12-06 14:00:10.210 13684 13684 W teco.fmhandroi: Accessing hidden field Lsun/misc/Unsafe;->theUnsafe:Lsun/misc/Unsafe; (greylist, reflection, allowed)
12-06 14:00:10.211 13684 13684 W teco.fmhandroi: Accessing hidden method Lsun/misc/Unsafe;->allocateInstance(Ljava/lang/Class;)Ljava/lang/Object; (greylist, reflection, allowed)
12-06 14:00:10.235 13684 13792 I okhttp.OkHttpClient: --> GET http://www.981757-ca08998.tmweb.ru:8080/fmh/authentication/userInfo
12-06 14:00:10.235 13684 13792 I okhttp.OkHttpClient: --> END GET
12-06 14:00:11.274  2018  2058 E memtrack: Couldn't load memtrack module
12-06 14:00:11.274  2018  2058 W android.os.Debug: failed to get memory consumption info: -1
12-06 14:00:11.441  2656 13274 I LogUtils: [Places]: ?: Couldn't find platform key file. [CONTEXT service_id=253 ]
12-06 14:00:11.461  2656 13800 I LogUtils: [Places]: ?: Couldn't find platform key file. [CONTEXT service_id=253 ]
12-06 14:00:11.490  2656 13484 I LogUtils: [Places]: ?: PlacesBleScanner stop() [CONTEXT service_id=253 ]
12-06 14:00:11.494  2656  2656 I BeaconBle: Scan : No clients left, canceling alarm. [CONTEXT service_id=111 ]
12-06 14:00:11.495  2656  2656 I BeaconBle: Scan canceled successfully. [CONTEXT service_id=111 ]
12-06 14:00:11.510  2656 13484 I PlacesLogger: [PlaceInferenceEngine]: [anon] Changed inference mode: 0 [CONTEXT service_id=253 ]
12-06 14:00:11.525  2656  3542 W GCoreFlp: No location to return for getLastLocation()
12-06 14:00:11.573  2656 13799 I LogUtils: [Places]: ?: Couldn't find platform key file. [CONTEXT service_id=253 ]
12-06 14:00:11.576  2656 13800 I LogUtils: [Places]: ?: Couldn't find platform key file. [CONTEXT service_id=253 ]
12-06 14:00:11.696  1893  1893 E netmgr  : Failed to open QEMU pipe 'qemud:network': Invalid argument
12-06 14:00:11.709  2656  2656 I GeofencerStateMachine: removeGeofences: removeRequest=RemoveGeofencingRequest[REMOVE_BY_PENDING_INTENT pendingIntent=PendingIntent[creatorPackage=com.google.android.gms], packageName=com.google.android.gms]
12-06 14:00:12.361 13684 13722 V FA      : Inactivity, disconnecting from the service
12-06 14:00:12.803  1905  1905 E wifi_forwarder: RemoteConnection failed to initialize: RemoteConnection failed to open pipe
12-06 14:00:15.718  1744 13793 E ResolverController: No valid NAT64 prefix (100, <unspecified>/0)
12-06 14:00:16.144  2962  3348 I WorkerManager: dispose()
12-06 14:00:16.145  2962  3348 W ThreadPoolDumper: Queue length for executor EventBus is now 11. Perhaps some tasks are too long, or the pool is too small.
12-06 14:00:16.286  2656 13800 W CCTFlatFileLogStore: Excessive logging: 512 events, 118754 bytes from log source ANDROID_GSA last 1393s
12-06 14:00:16.511  2656  2656 I BeaconBle: Scan : No clients left, canceling alarm. [CONTEXT service_id=111 ]
12-06 14:00:16.867 12448 12508 E ActivityThread: Failed to find provider info for com.google.android.apps.wellbeing.api
12-06 14:00:17.165 13684 13792 I okhttp.OkHttpClient: <-- 200 http://www.981757-ca08998.tmweb.ru:8080/fmh/authentication/userInfo (6929ms)
12-06 14:00:17.165 13684 13792 I okhttp.OkHttpClient: Vary: Origin
12-06 14:00:17.165 13684 13792 I okhttp.OkHttpClient: Vary: Access-Control-Request-Method
12-06 14:00:17.165 13684 13792 I okhttp.OkHttpClient: Vary: Access-Control-Request-Headers
12-06 14:00:17.165 13684 13792 I okhttp.OkHttpClient: X-Content-Type-Options: nosniff
12-06 14:00:17.165 13684 13792 I okhttp.OkHttpClient: X-XSS-Protection: 1; mode=block
12-06 14:00:17.165 13684 13792 I okhttp.OkHttpClient: Cache-Control: no-cache, no-store, max-age=0, must-revalidate
12-06 14:00:17.165 13684 13792 I okhttp.OkHttpClient: Pragma: no-cache
12-06 14:00:17.165 13684 13792 I okhttp.OkHttpClient: Expires: 0
12-06 14:00:17.165 13684 13792 I okhttp.OkHttpClient: X-Frame-Options: DENY
12-06 14:00:17.165 13684 13792 I okhttp.OkHttpClient: Content-Type: application/json
12-06 14:00:17.165 13684 13792 I okhttp.OkHttpClient: Transfer-Encoding: chunked
12-06 14:00:17.165 13684 13792 I okhttp.OkHttpClient: Date: Tue, 06 Dec 2022 14:00:18 GMT
12-06 14:00:17.166 13684 13792 I okhttp.OkHttpClient: Keep-Alive: timeout=60
12-06 14:00:17.168 13684 13792 I okhttp.OkHttpClient: Connection: keep-alive
12-06 14:00:17.358 13684 13792 I okhttp.OkHttpClient: {"id":2,"firstName":"Данил","lastName":"Иванов","middleName":"Данилович","admin":true}
12-06 14:00:17.358 13684 13792 I okhttp.OkHttpClient: <-- END HTTP (106-byte body)
12-06 14:00:17.415 13684 13805 I okhttp.OkHttpClient: --> GET http://www.981757-ca08998.tmweb.ru:8080/fmh/claims
12-06 14:00:17.415 13684 13805 I okhttp.OkHttpClient: --> END GET
12-06 14:00:20.243 13684 13684 I Choreographer: Skipped 171 frames!  The application may be doing too much work on its main thread.
12-06 14:00:20.857 13684 13805 I okhttp.OkHttpClient: <-- 200 http://www.981757-ca08998.tmweb.ru:8080/fmh/claims (3441ms)
12-06 14:00:20.857 13684 13805 I okhttp.OkHttpClient: Vary: Origin
12-06 14:00:20.857 13684 13805 I okhttp.OkHttpClient: Vary: Access-Control-Request-Method
12-06 14:00:20.858 13684 13805 I okhttp.OkHttpClient: Vary: Access-Control-Request-Headers
12-06 14:00:20.858 13684 13805 I okhttp.OkHttpClient: X-Content-Type-Options: nosniff
12-06 14:00:20.859 13684 13805 I okhttp.OkHttpClient: X-XSS-Protection: 1; mode=block
12-06 14:00:20.859 13684 13805 I okhttp.OkHttpClient: Cache-Control: no-cache, no-store, max-age=0, must-revalidate
12-06 14:00:20.862 13684 13805 I okhttp.OkHttpClient: Pragma: no-cache
12-06 14:00:20.862 13684 13805 I okhttp.OkHttpClient: Expires: 0
12-06 14:00:20.862 13684 13805 I okhttp.OkHttpClient: X-Frame-Options: DENY
12-06 14:00:20.864 13684 13805 I okhttp.OkHttpClient: Content-Type: application/json
12-06 14:00:20.865 13684 13805 I okhttp.OkHttpClient: Transfer-Encoding: chunked
12-06 14:00:20.866 13684 13805 I okhttp.OkHttpClient: Date: Tue, 06 Dec 2022 14:00:21 GMT
12-06 14:00:20.866 13684 13805 I okhttp.OkHttpClient: Keep-Alive: timeout=60
12-06 14:00:20.867 13684 13805 I okhttp.OkHttpClient: Connection: keep-alive
12-06 14:00:21.108 13684 13774 I OpenGLRenderer: Davey! duration=3715ms; Flags=1, IntendedVsync=10424001100241, Vsync=10426851100127, OldestInputEvent=9223372036854775807, NewestInputEvent=0, HandleInputStart=10426851917020, AnimationStart=10426852005420, PerformTraversalsStart=10426852236520, DrawStart=10426945649920, SyncQueued=10426950469320, SyncStart=10426950762720, IssueDrawCommandsStart=10426951436620, SwapBuffers=10427696813520, FrameCompleted=10427716864720, DequeueBufferDuration=499000, QueueBufferDuration=1524000, 
12-06 14:00:21.144 13684 13684 I Choreographer: Skipped 47 frames!  The application may be doing too much work on its main thread.
12-06 14:00:21.586 13684 13697 I teco.fmhandroi: Background young concurrent copying GC freed 17316(930KB) AllocSpace objects, 1(16KB) LOS objects, 11% free, 5594KB/6344KB, paused 556us total 114.073ms
12-06 14:00:21.845 13684 13697 I teco.fmhandroi: Background concurrent copying GC freed 7805(324KB) AllocSpace objects, 0(0B) LOS objects, 49% free, 5873KB/11MB, paused 1.690ms total 116.015ms
12-06 14:00:21.886 13684 13684 D takeScreenshot: Found 1 global views to redraw
12-06 14:00:21.939  1776  1776 D gralloc_ranchu: gralloc_alloc: Creating ashmem region of size 10108928
12-06 14:00:22.006  1648  1648 I hwservicemanager: getTransport: Cannot find entry android.hardware.graphics.mapper@3.0::IMapper/default in either framework or device manifest.
12-06 14:00:22.006 13663 13683 W Gralloc3: mapper 3.x is not supported
12-06 14:00:22.137 13663 13683 D HostConnection: createUnique: call
12-06 14:00:22.141 13663 13683 D HostConnection: HostConnection::get() New Host Connection established 0xe7a564e0, tid 13683
12-06 14:00:22.202 13663 13683 D HostConnection: HostComposition ext ANDROID_EMU_CHECKSUM_HELPER_v1 ANDROID_EMU_dma_v1 ANDROID_EMU_direct_mem ANDROID_EMU_host_composition_v1 ANDROID_EMU_host_composition_v2 ANDROID_EMU_vulkan ANDROID_EMU_deferred_vulkan_commands ANDROID_EMU_vulkan_null_optional_strings ANDROID_EMU_vulkan_create_resources_with_requirements ANDROID_EMU_YUV_Cache ANDROID_EMU_vulkan_ignored_handles ANDROID_EMU_vulkan_free_memory_sync ANDROID_EMU_vulkan_shader_float16_int8 ANDROID_EMU_vulkan_async_queue_submit ANDROID_EMU_sync_buffer_data GL_OES_vertex_array_object GL_KHR_texture_compression_astc_ldr ANDROID_EMU_host_side_tracing ANDROID_EMU_gles_max_version_2 
12-06 14:00:22.205 13663 13683 D eglCodecCommon: allocate: Ask for block of size 0x1000
12-06 14:00:22.206 13663 13683 D eglCodecCommon: allocate: ioctl allocate returned offset 0x3ffff6000 size 0x2000
12-06 14:00:22.246  1793  2129 E SurfaceFlinger: ro.sf.lcd_density must be defined as a build property
12-06 14:00:22.249  1793  2640 E SurfaceFlinger: ro.sf.lcd_density must be defined as a build property
12-06 14:00:22.257 13663 13813 D libEGL  : Emulator has host GPU support, qemu.gles is set to 1.
12-06 14:00:22.289 13663 13813 W libc    : Unable to set property "qemu.gles" to "1": error code: 0x18
12-06 14:00:22.292 13663 13813 D libEGL  : loaded /vendor/lib/egl/libEGL_emulation.so
12-06 14:00:22.294 13663 13813 D libEGL  : loaded /vendor/lib/egl/libGLESv1_CM_emulation.so
12-06 14:00:22.298 13663 13813 D libEGL  : loaded /vendor/lib/egl/libGLESv2_emulation.so
12-06 14:00:22.313 13663 13813 D HostConnection: HostConnection::get() New Host Connection established 0xe7a563f0, tid 13813
12-06 14:00:22.314 13663 13813 D HostConnection: HostComposition ext ANDROID_EMU_CHECKSUM_HELPER_v1 ANDROID_EMU_dma_v1 ANDROID_EMU_direct_mem ANDROID_EMU_host_composition_v1 ANDROID_EMU_host_composition_v2 ANDROID_EMU_vulkan ANDROID_EMU_deferred_vulkan_commands ANDROID_EMU_vulkan_null_optional_strings ANDROID_EMU_vulkan_create_resources_with_requirements ANDROID_EMU_YUV_Cache ANDROID_EMU_vulkan_ignored_handles ANDROID_EMU_vulkan_free_memory_sync ANDROID_EMU_vulkan_shader_float16_int8 ANDROID_EMU_vulkan_async_queue_submit ANDROID_EMU_sync_buffer_data GL_OES_vertex_array_object GL_KHR_texture_compression_astc_ldr ANDROID_EMU_host_side_tracing ANDROID_EMU_gles_max_version_2 
12-06 14:00:22.330 13663 13813 W OpenGLRenderer: Failed to choose config with EGL_SWAP_BEHAVIOR_PRESERVED, retrying without...
12-06 14:00:22.414 13663 13813 D EGL_emulation: eglCreateContext: 0xd2728360: maj 2 min 0 rcv 2
12-06 14:00:22.425 13663 13813 D EGL_emulation: eglMakeCurrent: 0xd2728360: ver 2 0 (tinfo 0xd270f380)
12-06 14:00:22.792 13684 13728 W DefaultFailureHandler: Failed to take screenshot
12-06 14:00:22.792 13684 13728 W DefaultFailureHandler: java.io.FileNotFoundException: view-op-error-1.png: open failed: EROFS (Read-only file system)
12-06 14:00:22.792 13684 13728 W DefaultFailureHandler: 	at libcore.io.IoBridge.open(IoBridge.java:496)
12-06 14:00:22.792 13684 13728 W DefaultFailureHandler: 	at java.io.FileOutputStream.<init>(FileOutputStream.java:235)
12-06 14:00:22.792 13684 13728 W DefaultFailureHandler: 	at java.io.FileOutputStream.<init>(FileOutputStream.java:125)
12-06 14:00:22.792 13684 13728 W DefaultFailureHandler: 	at androidx.test.platform.io.FileTestStorage.openOutputFile(FileTestStorage.java:60)
12-06 14:00:22.792 13684 13728 W DefaultFailureHandler: 	at androidx.test.core.graphics.BitmapStorage.writeToTestStorage(BitmapStorageExt.kt:49)
12-06 14:00:22.792 13684 13728 W DefaultFailureHandler: 	at androidx.test.espresso.base.DefaultFailureHandler.takeScreenshot(DefaultFailureHandler.java:4)
12-06 14:00:22.792 13684 13728 W DefaultFailureHandler: 	at androidx.test.espresso.base.DefaultFailureHandler.handle(DefaultFailureHandler.java:3)
12-06 14:00:22.792 13684 13728 W DefaultFailureHandler: 	at androidx.test.espresso.ViewInteraction.waitForAndHandleInteractionResults(ViewInteraction.java:8)
12-06 14:00:22.792 13684 13728 W DefaultFailureHandler: 	at androidx.test.espresso.ViewInteraction.desugaredPerform(ViewInteraction.java:11)
12-06 14:00:22.792 13684 13728 W DefaultFailureHandler: 	at androidx.test.espresso.ViewInteraction.perform(ViewInteraction.java:8)
12-06 14:00:22.792 13684 13728 W DefaultFailureHandler: 	at ru.iteco.fmhandroid.ui.data.TestUtils.waitView(TestUtils.java:61)
12-06 14:00:22.792 13684 13728 W DefaultFailureHandler: 	at ru.iteco.fmhandroid.ui.steps.AuthSteps.isAuthScreen(AuthSteps.java:56)
12-06 14:00:22.792 13684 13728 W DefaultFailureHandler: 	at ru.iteco.fmhandroid.ui.FilterClaimsPageTest.logoutCheck(FilterClaimsPageTest.java:47)
12-06 14:00:22.792 13684 13728 W DefaultFailureHandler: 	at java.lang.reflect.Method.invoke(Native Method)
12-06 14:00:22.792 13684 13728 W DefaultFailureHandler: 	at org.junit.runners.model.FrameworkMethod$1.runReflectiveCall(FrameworkMethod.java:59)
12-06 14:00:22.792 13684 13728 W DefaultFailureHandler: 	at org.junit.internal.runners.model.ReflectiveCallable.run(ReflectiveCallable.java:12)
12-06 14:00:22.792 13684 13728 W DefaultFailureHandler: 	at org.junit.runners.model.FrameworkMethod.invokeExplosively(FrameworkMethod.java:56)
12-06 14:00:22.792 13684 13728 W DefaultFailureHandler: 	at androidx.test.internal.runner.junit4.statement.RunBefores.evaluate(RunBefores.java:76)
12-06 14:00:22.792 13684 13728 W DefaultFailureHandler: 	at io.qameta.allure.android.rules.ScreenshotRule$apply$1.evaluate(ScreenshotRule.kt:22)
12-06 14:00:22.792 13684 13728 W DefaultFailureHandler: 	at org.junit.rules.ExternalResource$1.evaluate(ExternalResource.java:54)
12-06 14:00:22.792 13684 13728 W DefaultFailureHandler: 	at io.qameta.allure.android.rules.LogcatRule$apply$1.evaluate(LogcatRule.kt:23)
12-06 14:00:22.792 13684 13728 W DefaultFailureHandler: 	at org.junit.rules.RunRules.evaluate(RunRules.java:20)
12-06 14:00:22.792 13684 13728 W DefaultFailureHandler: 	at org.junit.runners.ParentRunner$3.evaluate(ParentRunner.java:306)
12-06 14:00:22.792 13684 13728 W DefaultFailureHandler: 	at org.junit.runners.BlockJUnit4ClassRunner$1.evaluate(BlockJUnit4ClassRunner.java:100)
12-06 14:00:22.792 13684 13728 W DefaultFailureHandler: 	at org.junit.runners.ParentRunner.runLeaf(ParentRunner.java:366)
12-06 14:00:22.792 13684 13728 W DefaultFailureHandler: 	at org.junit.runners.BlockJUnit4ClassRunner.runChild(BlockJUnit4ClassRunner.java:103)
12-06 14:00:22.792 13684 13728 W DefaultFailureHandler: 	at org.junit.runners.BlockJUnit4ClassRunner.runChild(BlockJUnit4ClassRunner.java:63)
12-06 14:00:22.792 13684 13728 W DefaultFailureHandler: 	at org.junit.runners.ParentRunner$4.run(ParentRunner.java:331)
12-06 14:00:22.792 13684 13728 W DefaultFailureHandler: 	at org.junit.runners.ParentRunner$1.schedule(ParentRunner.java:79)
12-06 14:00:22.792 13684 13728 W DefaultFailureHandler: 	at org.junit.runners.ParentRunner.runChildren(ParentRunner.java:329)
12-06 14:00:22.792 13684 13728 W DefaultFailureHandler: 	at org.junit.runners.ParentRunner.access$100(ParentRunner.java:66)
12-06 14:00:22.792 13684 13728 W DefaultFailureHandler: 	at org.junit.runners.ParentRunner$2.evaluate(ParentRunner.java:293)
12-06 14:00:22.792 13684 13728 W DefaultFailureHandler: 	at org.junit.runners.ParentRunner$3.evaluate(ParentRunner.java:306)
12-06 14:00:22.792 13684 13728 W DefaultFailureHandler: 	at org.junit.runners.ParentRunner.run(ParentRunner.java:413)
12-06 14:00:22.792 13684 13728 W DefaultFailureHandler: 	at androidx.test.ext.junit.runners.AndroidJUnit4.run(AndroidJUnit4.java:162)
12-06 14:00:22.792 13684 13728 W DefaultFailureHandler: 	at io.qameta.allure.android.runners.AllureAndroidJUnit4.run(AllureAndroidJUnitRunners.kt:29)
12-06 14:00:22.792 13684 13728 W DefaultFailureHandler: 	at org.junit.runners.Suite.runChild(Suite.java:128)
12-06 14:00:22.792 13684 13728 W DefaultFailureHandler: 	at org.junit.runners.Suite.runChild(Suite.java:27)
12-06 14:00:22.792 13684 13728 W DefaultFailureHandler: 	at org.junit.runners.ParentRunner$4.run(ParentRunner.java:331)
12-06 14:00:22.792 13684 13728 W DefaultFailureHandler: 	at org.junit.runners.ParentRunner$1.schedule(ParentRunner.java:79)
12-06 14:00:22.792 13684 13728 W DefaultFailureHandler: 	at org.junit.runners.ParentRunner.runChildren(ParentRunner.java:329)
12-06 14:00:22.792 13684 13728 W DefaultFailureHandler: 	at org.junit.runners.ParentRunner.access$100(ParentRunner.java:66)
12-06 14:00:22.792 13684 13728 W DefaultFailureHandler: 	at org.junit.runners.ParentRunner$2.evaluate(ParentRunner.java:293)
12-06 14:00:22.792 13684 13728 W DefaultFailureHandler: 	at org.junit.runners.ParentRunner$3.evaluate(ParentRunner.java:306)
12-06 14:00:22.792 13684 13728 W DefaultFailureHandler: 	at org.junit.runners.ParentRunner.run(ParentRunner.java:413)
12-06 14:00:22.792 13684 13728 W DefaultFailureHandler: 	at org.junit.runner.JUnitCore.run(JUnitCore.java:137)
12-06 14:00:22.792 13684 13728 W DefaultFailureHandler: 	at org.junit.runner.JUnitCore.run(JUnitCore.java:115)
12-06 14:00:22.792 13684 13728 W DefaultFailureHandler: 	at androidx.test.internal.runner.TestExecutor.execute(TestExecutor.java:67)
12-06 14:00:22.792 13684 13728 W DefaultFailureHandler: 	at androidx.test.internal.runner.TestExecutor.execute(TestExecutor.java:58)
12-06 14:00:22.792 13684 13728 W DefaultFailureHandler: 	at androidx.test.runner.AndroidJUnitRunner.onStart(AndroidJUnitRunner.java:438)
12-06 14:00:22.792 13684 13728 W DefaultFailureHandler: 	at android.app.Instrumentation$InstrumentationThread.run(Instrumentation.java:2189)
12-06 14:00:22.792 13684 13728 W DefaultFailureHandler: Caused by: android.system.ErrnoException: open failed: EROFS (Read-only file system)
12-06 14:00:22.793 13684 13728 W DefaultFailureHandler: 	at libcore.io.Linux.open(Native Method)
12-06 14:00:22.793 13684 13728 W DefaultFailureHandler: 	at libcore.io.ForwardingOs.open(ForwardingOs.java:167)
12-06 14:00:22.793 13684 13728 W DefaultFailureHandler: 	at libcore.io.BlockGuardOs.open(BlockGuardOs.java:252)
12-06 14:00:22.793 13684 13728 W DefaultFailureHandler: 	at libcore.io.ForwardingOs.open(ForwardingOs.java:167)
12-06 14:00:22.793 13684 13728 W DefaultFailureHandler: 	at android.app.ActivityThread$AndroidOs.open(ActivityThread.java:7255)
12-06 14:00:22.793 13684 13728 W DefaultFailureHandler: 	at libcore.io.IoBridge.open(IoBridge.java:482)
12-06 14:00:22.793 13684 13728 W DefaultFailureHandler: 	... 50 more
12-06 14:00:22.802 13684 13728 W teco.fmhandroi: Accessing hidden method Lsun/misc/Unsafe;->compareAndSwapObject(Ljava/lang/Object;JLjava/lang/Object;Ljava/lang/Object;)Z (greylist, linking, allowed)
12-06 14:00:22.804 13684 13684 I ViewInteraction: Performing 'wait for a specific view with <view.getId() is <2131230870>> during 10000 millis.' action on view view.getRootView() to equal view
12-06 14:00:22.815 13684 13728 W teco.fmhandroi: Accessing hidden method Lsun/misc/Unsafe;->compareAndSwapObject(Ljava/lang/Object;JLjava/lang/Object;Ljava/lang/Object;)Z (greylist, linking, allowed)
12-06 14:00:22.817 13684 13814 W teco.fmhandroi: Accessing hidden method Lsun/misc/Unsafe;->compareAndSwapObject(Ljava/lang/Object;JLjava/lang/Object;Ljava/lang/Object;)Z (greylist, linking, allowed)
12-06 14:00:22.820 13684 13684 I ViewInteraction: Checking 'MatchesViewAssertion{viewMatcher=(view has effective visibility <VISIBLE> and view.getGlobalVisibleRect() to return non-empty rectangle)}' assertion on view view.getId() is <2131230870/ru.iteco.fmhandroid:id/authorization_image_button>
12-06 14:00:22.831 13684 13728 W teco.fmhandroi: Accessing hidden method Landroid/view/ViewConfiguration;->getDoubleTapMinTime()I (greylist, reflection, allowed)
12-06 14:00:22.838 13684 13728 W teco.fmhandroi: Accessing hidden method Lsun/misc/Unsafe;->compareAndSwapObject(Ljava/lang/Object;JLjava/lang/Object;Ljava/lang/Object;)Z (greylist, linking, allowed)
12-06 14:00:22.844 13684 13684 I ViewInteraction: Performing 'single click' action on view view.getId() is <2131230870/ru.iteco.fmhandroid:id/authorization_image_button>
12-06 14:00:23.036  1764  6994 W audio_hw_generic: Not supplying enough data to HAL, expected position 15345495 , only wrote 15345115
12-06 14:00:23.072  1776  1776 D gralloc_ranchu: gralloc_alloc: Creating ashmem region of size 884736
12-06 14:00:23.080  1776  1776 I chatty  : uid=1000(system) allocator@2.0-s identical 1 line
12-06 14:00:23.083  1776  1776 D gralloc_ranchu: gralloc_alloc: Creating ashmem region of size 884736
12-06 14:00:23.098 13684 13774 D EGL_emulation: eglMakeCurrent: 0xdd81b2c0: ver 2 0 (tinfo 0xc2f92cb0)
12-06 14:00:23.174 13684 13774 I chatty  : uid=10146(ru.iteco.fmhandroid) RenderThread identical 3 lines
12-06 14:00:23.199 13684 13774 D EGL_emulation: eglMakeCurrent: 0xdd81b2c0: ver 2 0 (tinfo 0xc2f92cb0)
12-06 14:00:23.395 13684 13728 W teco.fmhandroi: Accessing hidden method Lsun/misc/Unsafe;->compareAndSwapObject(Ljava/lang/Object;JLjava/lang/Object;Ljava/lang/Object;)Z (greylist, linking, allowed)
12-06 14:00:23.397 13684 13684 I ViewInteraction: Performing 'wait for a specific view with <an instance of android.widget.TextView and view.getText() with or without transformation to match: is "Log out"> during 10000 millis.' action on view view.getRootView() to equal view
12-06 14:00:23.410 13684 13684 I ViewInteraction: Checking 'MatchesViewAssertion{viewMatcher=(view has effective visibility <VISIBLE> and view.getGlobalVisibleRect() to return non-empty rectangle)}' assertion on view an instance of android.widget.TextView and view.getText() with or without transformation to match: is "Log out"
12-06 14:00:23.414 13684 13684 I ViewInteraction: Performing 'single click' action on view an instance of android.widget.TextView and view.getText() with or without transformation to match: is "Log out"
12-06 14:00:23.785 13684 13774 D EGL_emulation: eglMakeCurrent: 0xdd81b2c0: ver 2 0 (tinfo 0xc2f92cb0)
12-06 14:00:23.870 13684 13774 D EGL_emulation: eglMakeCurrent: 0xdd81b2c0: ver 2 0 (tinfo 0xc2f92cb0)
