--------- beginning of main
12-08 02:10:15.471  4130  4177 I QueryController: Matched selector: UiSelector[DESCRIPTION=Airplane mode] <<==>> [android.view.accessibility.AccessibilityNodeInfo@6d966; boundsInParent: Rect(0, 0 - 292, 292); boundsInScreen: Rect(736, 804 - 1028, 1096); packageName: com.android.systemui; className: android.widget.Switch; text: Off; error: null; maxTextLength: -1; contentDescription: Airplane mode; tooltipText: null; viewIdResName: null; checkable: true; checked: false; focusable: true; focused: false; selected: false; clickable: true; longClickable: true; contextClickable: false; enabled: true; password: false; scrollable: false; importantForAccessibility: true; visible: true; actions: [AccessibilityAction: ACTION_FOCUS - null, AccessibilityAction: ACTION_SELECT - null, AccessibilityAction: ACTION_CLEAR_SELECTION - null, AccessibilityAction: ACTION_CLICK - null, AccessibilityAction: ACTION_ACCESSIBILITY_FOCUS - null, AccessibilityAction: ACTION_NEXT_AT_MOVEMENT_GRANULARITY - null, AccessibilityAction: ACTION_PREVIOUS_AT_MOVEMENT_GRANULARITY - null, AccessibilityAction: ACTION_SET_SELECTION - null, AccessibilityAction: ACTION_SHOW_ON_SCREEN - null, AccessibilityAction: ACTION_LONG_CLICK - Open settings]]
--------- beginning of system
12-08 02:10:15.943  2018  2051 D AutofillManagerService: onBackKeyPressed()
12-08 02:10:16.576  2170  2170 V StatusBar: mStatusBarWindow: com.android.systemui.statusbar.phone.StatusBarWindowView{4752fa5 V.E...... ........ 0,0-1080,2340} canPanelBeCollapsed(): true
12-08 02:10:16.588  2170  2170 D StatusBar: disable<e i a s b h r c s > disable2<q i n >
12-08 02:10:16.614  2170  2170 D StatusBar: disable<e i a s b h r c s > disable2<q i n >
12-08 02:10:16.614  1776  1927 D gralloc_ranchu: gralloc_alloc: Creating ashmem region of size 10108928
12-08 02:10:16.645  1764  1764 W audio_hw_generic: Not supplying enough data to HAL, expected position 110495209 , only wrote 109948096
12-08 02:10:16.680  2170  2566 D EGL_emulation: eglMakeCurrent: 0xe594e040: ver 2 0 (tinfo 0xc52450c0)
12-08 02:10:16.685  1776  1927 D gralloc_ranchu: gralloc_alloc: Creating ashmem region of size 286720
12-08 02:10:16.699  2170  2566 D EGL_emulation: eglMakeCurrent: 0xe594e040: ver 2 0 (tinfo 0xc52450c0)
12-08 02:10:16.724  1776  1927 D gralloc_ranchu: gralloc_alloc: Creating ashmem region of size 286720
12-08 02:10:16.750  1776  1927 D gralloc_ranchu: gralloc_alloc: Creating ashmem region of size 286720
12-08 02:10:16.934  4130  4143 I teco.fmhandroi: NativeAlloc concurrent copying GC freed 141087(6835KB) AllocSpace objects, 5(96KB) LOS objects, 29% free, 14MB/20MB, paused 768us total 226.605ms
12-08 02:10:16.575  2018  2051 D AutofillManagerService: onBackKeyPressed()
12-08 02:10:16.938  2018  9359 I ActivityTaskManager: START u0 {act=android.intent.action.MAIN cat=[android.intent.category.LAUNCHER] flg=0x10000000 cmp=ru.iteco.fmhandroid.test/androidx.test.core.app.InstrumentationActivityInvoker$EmptyActivity} from uid 10146
12-08 02:10:16.947  4130  4130 D LifecycleMonitor: Lifecycle status change: ru.iteco.fmhandroid.ui.AppActivity@3e8bfb2 in: PAUSED
12-08 02:10:16.947  4130  4130 V ActivityScenario: Update currentActivityStage to PAUSED, currentActivity=ru.iteco.fmhandroid.ui.AppActivity@3e8bfb2
12-08 02:10:16.949  2018  3061 W InputReader: Device has associated, but no associated display id.
12-08 02:10:16.950  2018  3061 I chatty  : uid=1000(system) Binder:2018_10 identical 38 lines
12-08 02:10:16.950  2018  3061 W InputReader: Device has associated, but no associated display id.
12-08 02:10:16.951  4190  4190 W ActivityThread: handleWindowVisibility: no activity for token android.os.BinderProxy@652eda3
12-08 02:10:16.956  2018  3061 W InputReader: Device has associated, but no associated display id.
12-08 02:10:16.956  2018  3061 I chatty  : uid=1000(system) Binder:2018_10 identical 8 lines
12-08 02:10:16.956  2018  3061 W InputReader: Device has associated, but no associated display id.
12-08 02:10:16.961  4130  4170 V FA      : Recording user engagement, ms: 23068
12-08 02:10:17.010  2018  2127 I ActivityTaskManager: START u0 {act=android.intent.action.MAIN cat=[android.intent.category.LAUNCHER] flg=0x10000000 cmp=ru.iteco.fmhandroid.test/androidx.test.core.app.InstrumentationActivityInvoker$EmptyActivity} from uid 10146
12-08 02:10:17.027  4130  4170 V FA      : Connecting to remote service
12-08 02:10:17.042  1776  1927 D gralloc_ranchu: gralloc_alloc: Creating ashmem region of size 10108928
12-08 02:10:17.047  1776  1927 I chatty  : uid=1000(system) HwBinder:1776_3 identical 1 line
12-08 02:10:17.049  1776  1927 D gralloc_ranchu: gralloc_alloc: Creating ashmem region of size 10108928
12-08 02:10:17.055  4190  4229 D EGL_emulation: eglMakeCurrent: 0xe594cba0: ver 2 0 (tinfo 0xf0c89500)
12-08 02:10:17.057  4130  4170 V FA      : Connection attempt already in progress
12-08 02:10:17.061  4130  4170 V FA      : Activity paused, time: 53709580
12-08 02:10:17.086  2018  9359 W InputReader: Device has associated, but no associated display id.
12-08 02:10:17.092  2018  9359 I chatty  : uid=1000(system) Binder:2018_1D identical 28 lines
12-08 02:10:17.092  2018  9359 W InputReader: Device has associated, but no associated display id.
12-08 02:10:17.092  4130  4170 D FA      : Connected to remote service
12-08 02:10:17.093  2018  9359 W InputReader: Device has associated, but no associated display id.
12-08 02:10:17.093  4130  4170 V FA      : Processing queued up service tasks: 2
12-08 02:10:17.093  2018  9359 W InputReader: Device has associated, but no associated display id.
12-08 02:10:17.096  2018  9359 I chatty  : uid=1000(system) Binder:2018_1D identical 17 lines
12-08 02:10:17.096  2018  9359 W InputReader: Device has associated, but no associated display id.
12-08 02:10:17.114  4190  4190 W ActivityThread: handleWindowVisibility: no activity for token android.os.BinderProxy@c974a82
12-08 02:10:17.135  2873  4181 V FA-SVC  : Logging event: origin=auto,name=user_engagement(_e),params=Bundle[{ga_event_origin(_o)=auto, engagement_time_msec(_et)=23068, ga_screen_class(_sc)=AppActivity, ga_screen_id(_si)=-567753131583216768}]
12-08 02:10:17.145  2018  8910 W ActivityTaskManager: Duplicate finish request for ActivityRecord{71e09e8 u0 ru.iteco.fmhandroid/.ui.AppActivity t234 f}
12-08 02:10:17.175  1776  1927 D gralloc_ranchu: gralloc_alloc: Creating ashmem region of size 10108928
12-08 02:10:17.181  1776  1927 I chatty  : uid=1000(system) HwBinder:1776_3 identical 1 line
12-08 02:10:17.183  1776  1927 D gralloc_ranchu: gralloc_alloc: Creating ashmem region of size 10108928
12-08 02:10:17.185  4190  4229 D EGL_emulation: eglMakeCurrent: 0xe594cba0: ver 2 0 (tinfo 0xf0c89500)
12-08 02:10:17.212  2018  2054 W InputReader: Device has associated, but no associated display id.
12-08 02:10:17.214  2018  2054 I chatty  : uid=1000(system) android.anim identical 18 lines
12-08 02:10:17.214  2018  2054 W InputReader: Device has associated, but no associated display id.
12-08 02:10:17.219  2018  2058 I ActivityTaskManager: Displayed ru.iteco.fmhandroid.test/androidx.test.core.app.InstrumentationActivityInvoker$EmptyActivity: +145ms
12-08 02:10:17.225  4130  4233 D EGL_emulation: eglMakeCurrent: 0xe593d3c0: ver 2 0 (tinfo 0xf0c9ea10)
12-08 02:10:17.231  2873  4181 V FA-SVC  : Upload scheduled in approximately ms: 603046
12-08 02:10:17.231  2873  4181 V FA-SVC  : Unscheduling upload
12-08 02:10:17.242  2873  4181 V FA-SVC  : Scheduling upload, millis: 603046
12-08 02:10:17.245  2018  8910 W InputReader: Device has associated, but no associated display id.
12-08 02:10:17.245  2018  8910 I chatty  : uid=1000(system) Binder:2018_1C identical 8 lines
12-08 02:10:17.245  2018  8910 W InputReader: Device has associated, but no associated display id.
12-08 02:10:17.264  2873  4181 V FA-SVC  : Background event processing time, ms: 129
12-08 02:10:17.285  2018  3061 W InputReader: Device has associated, but no associated display id.
12-08 02:10:17.286  2018  3061 I chatty  : uid=1000(system) Binder:2018_10 identical 8 lines
12-08 02:10:17.286  2018  3061 W InputReader: Device has associated, but no associated display id.
12-08 02:10:17.295  4130  4130 D AutofillManager: onActivityFinishing(): calling cancelLocked()
12-08 02:10:17.297  4130  4130 D LifecycleMonitor: Lifecycle status change: ru.iteco.fmhandroid.ui.AppActivity@3e8bfb2 in: STOPPED
12-08 02:10:17.297  4130  4130 V ActivityScenario: Update currentActivityStage to STOPPED, currentActivity=ru.iteco.fmhandroid.ui.AppActivity@3e8bfb2
12-08 02:10:17.314  1776  1927 D gralloc_ranchu: gralloc_alloc: Creating ashmem region of size 10108928
12-08 02:10:17.326  1776  1927 I chatty  : uid=1000(system) HwBinder:1776_3 identical 1 line
12-08 02:10:17.330  1776  1927 D gralloc_ranchu: gralloc_alloc: Creating ashmem region of size 10108928
12-08 02:10:17.335  4130  4130 W System.err: kotlinx.coroutines.JobCancellationException: Job was cancelled; job=SupervisorJobImpl{Cancelling}@bdc7add
12-08 02:10:17.343  1776  1927 D gralloc_ranchu: gralloc_alloc: Creating ashmem region of size 10108928
12-08 02:10:17.345  2962  3510 D EGL_emulation: eglMakeCurrent: 0xe597d120: ver 2 0 (tinfo 0xbffb2540)
12-08 02:10:17.351  1776  1927 D gralloc_ranchu: gralloc_alloc: Creating ashmem region of size 10108928
12-08 02:10:17.358  4130  4130 W System.err: kotlinx.coroutines.JobCancellationException: Job was cancelled; job=SupervisorJobImpl{Cancelling}@20a5220
12-08 02:10:17.365  1776  1927 D gralloc_ranchu: gralloc_alloc: Creating ashmem region of size 10108928
12-08 02:10:17.367 12448 12488 D EGL_emulation: eglMakeCurrent: 0xe594d140: ver 2 0 (tinfo 0xc539bd10)
12-08 02:10:17.386  4130  4130 D LifecycleMonitor: Lifecycle status change: ru.iteco.fmhandroid.ui.AppActivity@3e8bfb2 in: DESTROYED
12-08 02:10:17.386  4130  4130 V ActivityScenario: Update currentActivityStage to DESTROYED, currentActivity=null
12-08 02:10:17.412  2018  2054 W InputReader: Device has associated, but no associated display id.
12-08 02:10:17.412  2018  2054 I chatty  : uid=1000(system) android.anim identical 8 lines
12-08 02:10:17.412  2018  2054 W InputReader: Device has associated, but no associated display id.
12-08 02:10:17.416  1776  1927 D gralloc_ranchu: gralloc_alloc: Creating ashmem region of size 6471680
12-08 02:10:17.426  2656  4306 E SQLiteDatabase: Error inserting flex_time=603000 job_id=-1 period=1207000 source=16 requires_charging=0 preferred_network_type=1 target_class=com.google.android.gms.measurement.PackageMeasurementTaskService user_id=0 target_package=com.google.android.gms tag=Measurement.PackageMeasurementTaskService.UPLOAD_TASK_TAG task_type=0 required_idleness_state=0 service_kind=0 source_version=202414000 persistence_level=1 preferred_charging_state=1 required_network_type=0 runtime=1670483417283 retry_strategy={"maximum_backoff_seconds":{"3600":0},"initial_backoff_seconds":{"30":0},"retry_policy":{"0":0}} last_runtime=0
12-08 02:10:17.426  2656  4306 E SQLiteDatabase: android.database.sqlite.SQLiteConstraintException: UNIQUE constraint failed: pending_ops.tag, pending_ops.target_class, pending_ops.target_package, pending_ops.user_id (code 2067 SQLITE_CONSTRAINT_UNIQUE)
12-08 02:10:17.426  2656  4306 E SQLiteDatabase: 	at android.database.sqlite.SQLiteConnection.nativeExecuteForLastInsertedRowId(Native Method)
12-08 02:10:17.426  2656  4306 E SQLiteDatabase: 	at android.database.sqlite.SQLiteConnection.executeForLastInsertedRowId(SQLiteConnection.java:879)
12-08 02:10:17.426  2656  4306 E SQLiteDatabase: 	at android.database.sqlite.SQLiteSession.executeForLastInsertedRowId(SQLiteSession.java:790)
12-08 02:10:17.426  2656  4306 E SQLiteDatabase: 	at android.database.sqlite.SQLiteStatement.executeInsert(SQLiteStatement.java:88)
12-08 02:10:17.426  2656  4306 E SQLiteDatabase: 	at android.database.sqlite.SQLiteDatabase.insertWithOnConflict(SQLiteDatabase.java:1599)
12-08 02:10:17.426  2656  4306 E SQLiteDatabase: 	at android.database.sqlite.SQLiteDatabase.insert(SQLiteDatabase.java:1468)
12-08 02:10:17.426  2656  4306 E SQLiteDatabase: 	at aqui.a(:com.google.android.gms@202414022@20.24.14 (040700-319035315):175)
12-08 02:10:17.426  2656  4306 E SQLiteDatabase: 	at aqtk.a(:com.google.android.gms@202414022@20.24.14 (040700-319035315):182)
12-08 02:10:17.426  2656  4306 E SQLiteDatabase: 	at aqtk.a(:com.google.android.gms@202414022@20.24.14 (040700-319035315):23)
12-08 02:10:17.426  2656  4306 E SQLiteDatabase: 	at aqtk.a(:com.google.android.gms@202414022@20.24.14 (040700-319035315):177)
12-08 02:10:17.426  2656  4306 E SQLiteDatabase: 	at aqpu.run(:com.google.android.gms@202414022@20.24.14 (040700-319035315):9)
12-08 02:10:17.426  2656  4306 E SQLiteDatabase: 	at soy.b(:com.google.android.gms@202414022@20.24.14 (040700-319035315):12)
12-08 02:10:17.426  2656  4306 E SQLiteDatabase: 	at soy.run(:com.google.android.gms@202414022@20.24.14 (040700-319035315):7)
12-08 02:10:17.426  2656  4306 E SQLiteDatabase: 	at java.util.concurrent.ThreadPoolExecutor.runWorker(ThreadPoolExecutor.java:1167)
12-08 02:10:17.426  2656  4306 E SQLiteDatabase: 	at java.util.concurrent.ThreadPoolExecutor$Worker.run(ThreadPoolExecutor.java:641)
12-08 02:10:17.426  2656  4306 E SQLiteDatabase: 	at sux.run(:com.google.android.gms@202414022@20.24.14 (040700-319035315):0)
12-08 02:10:17.426  2656  4306 E SQLiteDatabase: 	at java.lang.Thread.run(Thread.java:919)
12-08 02:10:17.427  2170  2566 D EGL_emulation: eglMakeCurrent: 0xe594e040: ver 2 0 (tinfo 0xc52450c0)
12-08 02:10:17.452  2018  2018 W ActivityManager: Unable to start service Intent { act=android.service.appprediction.AppPredictionService cmp=com.google.android.as/com.google.android.apps.miphone.aiai.app.AiAiPredictionService } U=0: not found
12-08 02:10:17.453  2018  2018 W RemoteAppPredictionService: could not bind to Intent { act=android.service.appprediction.AppPredictionService cmp=com.google.android.as/com.google.android.apps.miphone.aiai.app.AiAiPredictionService } using flags 67108865
12-08 02:10:17.450  2170  2566 D EGL_emulation: eglMakeCurrent: 0xe594e040: ver 2 0 (tinfo 0xc52450c0)
12-08 02:10:17.470  1793  1793 E Layer   : [Surface(name=AppWindowToken{47dda77 token=Token{ba91476 ActivityRecord{93b0b11 u0 ru.iteco.fmhandroid.test/androidx.test.core.app.InstrumentationActivityInvoker$EmptyActivity t234}}})/@0x5c8477b - animation-leash#0] No local sync point found
12-08 02:10:17.470  1793  1793 E Layer   : [Surface(name=AppWindowToken{8dcd2e token=Token{a00d3a9 ActivityRecord{4384b30 u0 com.google.android.apps.nexuslauncher/.NexusLauncherActivity t105}}})/@0x3848044 - animation-leash#0] No local sync point found
12-08 02:10:17.483  4190  4229 D EGL_emulation: eglMakeCurrent: 0xe594cba0: ver 2 0 (tinfo 0xf0c89500)
12-08 02:10:17.488  2170  2566 D EGL_emulation: eglMakeCurrent: 0xe594e040: ver 2 0 (tinfo 0xc52450c0)
12-08 02:10:17.501  2018  7392 D HostConnection: HostConnection::get() New Host Connection established 0xb22b1870, tid 7392
12-08 02:10:17.502  2018  7392 D HostConnection: HostComposition ext ANDROID_EMU_CHECKSUM_HELPER_v1 ANDROID_EMU_dma_v1 ANDROID_EMU_direct_mem ANDROID_EMU_host_composition_v1 ANDROID_EMU_host_composition_v2 ANDROID_EMU_vulkan ANDROID_EMU_deferred_vulkan_commands ANDROID_EMU_vulkan_null_optional_strings ANDROID_EMU_vulkan_create_resources_with_requirements ANDROID_EMU_YUV_Cache ANDROID_EMU_vulkan_ignored_handles ANDROID_EMU_vulkan_free_memory_sync ANDROID_EMU_vulkan_shader_float16_int8 ANDROID_EMU_vulkan_async_queue_submit ANDROID_EMU_sync_buffer_data GL_OES_vertex_array_object GL_KHR_texture_compression_astc_ldr ANDROID_EMU_host_side_tracing ANDROID_EMU_gles_max_version_2 
12-08 02:10:17.511  2018  7392 W OpenGLRenderer: Failed to choose config with EGL_SWAP_BEHAVIOR_PRESERVED, retrying without...
12-08 02:10:17.513  2962  2962 W ThreadPoolDumper: Queue length for executor EventBus is now 11. Perhaps some tasks are too long, or the pool is too small.
12-08 02:10:17.559  2018  7392 D EGL_emulation: eglCreateContext: 0xb2357760: maj 2 min 0 rcv 2
12-08 02:10:17.568  2018  7392 D EGL_emulation: eglMakeCurrent: 0xb2357760: ver 2 0 (tinfo 0xc0d1c860)
12-08 02:10:17.578  2962  3348 W SessionLifecycleManager: Handover failed. Creating new session controller.
12-08 02:10:17.700  2962  2322 W LocationOracle: No location history returned by ContextManager
12-08 02:10:17.755  2962  3348 I MicroDetectionWorker: #startMicroDetector [speakerMode: 0]
12-08 02:10:17.757  2962  3348 W ErrorReporter: reportError [type: 211, code: 393244, bug: 0]: errorCode: 393244, engine: 0
12-08 02:10:17.758  2962  3348 I MicroDetector: Keeping mic open: false
12-08 02:10:17.758  2962  3348 I MicroDetectionWorker: #onError(false)
12-08 02:10:17.758  2962  2324 I DeviceStateChecker: DeviceStateChecker cancelled
12-08 02:10:17.789  2656  3542 W GCoreFlp: No location to return for getLastLocation()
12-08 02:10:17.889  2018  2031 I system_server: NativeAlloc concurrent copying GC freed 59450(2499KB) AllocSpace objects, 5(164KB) LOS objects, 26% free, 16MB/22MB, paused 2.776ms total 271.508ms
12-08 02:10:17.910  2656  4306 W ctxmgr  : [AclManager] No 3 for (accnt=account#-517948760#, com.google.android.gms(10112):UserVelocityProducer, vrsn=202414022, 0, 3pPkg = null ,  3pMdlId = null ,  pid = 2656). Was: 3 for 1, account#-517948760# [CONTEXT service_id=47 ]
12-08 02:10:17.934  4130  4177 E TestRunner: failed: shouldChangeNewsTitle(ru.iteco.fmhandroid.ui.ControlPanelTest)
12-08 02:10:17.934  4130  4177 E TestRunner: ----- begin exception -----
12-08 02:10:17.941  4130  4177 E TestRunner: androidx.test.espresso.PerformException: Error performing 'scroll RecyclerView to: holder with view: ((view is an instance of android.view.ViewGroup and has descendant matching an instance of android.widget.TextView and view.getText() with or without transformation to match: is "Заголовок b60b5109-db27-4a08-bf3e-c5dca6180c96 проверка"))' on view 'view.getId() is <2131231230/ru.iteco.fmhandroid:id/news_list_recycler_view>'.
12-08 02:10:17.941  4130  4177 E TestRunner: 	at androidx.test.espresso.PerformException$Builder.build(PerformException.java:1)
12-08 02:10:17.941  4130  4177 E TestRunner: 	at androidx.test.espresso.base.PerformExceptionHandler.handleSafely(PerformExceptionHandler.java:8)
12-08 02:10:17.941  4130  4177 E TestRunner: 	at androidx.test.espresso.base.PerformExceptionHandler.handleSafely(PerformExceptionHandler.java:9)
12-08 02:10:17.941  4130  4177 E TestRunner: 	at androidx.test.espresso.base.DefaultFailureHandler$TypedFailureHandler.handle(DefaultFailureHandler.java:4)
12-08 02:10:17.941  4130  4177 E TestRunner: 	at androidx.test.espresso.base.DefaultFailureHandler.handle(DefaultFailureHandler.java:5)
12-08 02:10:17.941  4130  4177 E TestRunner: 	at androidx.test.espresso.ViewInteraction.waitForAndHandleInteractionResults(ViewInteraction.java:8)
12-08 02:10:17.941  4130  4177 E TestRunner: 	at androidx.test.espresso.ViewInteraction.desugaredPerform(ViewInteraction.java:11)
12-08 02:10:17.941  4130  4177 E TestRunner: 	at androidx.test.espresso.ViewInteraction.perform(ViewInteraction.java:8)
12-08 02:10:17.941  4130  4177 E TestRunner: 	at ru.iteco.fmhandroid.ui.steps.ControlPanelSteps.scrollToElementInRecyclerList(ControlPanelSteps.java:213)
12-08 02:10:17.941  4130  4177 E TestRunner: 	at ru.iteco.fmhandroid.ui.ControlPanelTest.shouldChangeNewsTitle(ControlPanelTest.java:290)
12-08 02:10:17.941  4130  4177 E TestRunner: 	at java.lang.reflect.Method.invoke(Native Method)
12-08 02:10:17.941  4130  4177 E TestRunner: 	at org.junit.runners.model.FrameworkMethod$1.runReflectiveCall(FrameworkMethod.java:59)
12-08 02:10:17.941  4130  4177 E TestRunner: 	at org.junit.internal.runners.model.ReflectiveCallable.run(ReflectiveCallable.java:12)
12-08 02:10:17.941  4130  4177 E TestRunner: 	at org.junit.runners.model.FrameworkMethod.invokeExplosively(FrameworkMethod.java:56)
12-08 02:10:17.941  4130  4177 E TestRunner: 	at org.junit.internal.runners.statements.InvokeMethod.evaluate(InvokeMethod.java:17)
12-08 02:10:17.941  4130  4177 E TestRunner: 	at androidx.test.internal.runner.junit4.statement.RunBefores.evaluate(RunBefores.java:80)
12-08 02:10:17.941  4130  4177 E TestRunner: 	at androidx.test.internal.runner.junit4.statement.RunAfters.evaluate(RunAfters.java:61)
12-08 02:10:17.941  4130  4177 E TestRunner: 	at io.qameta.allure.android.rules.ScreenshotRule$apply$1.evaluate(ScreenshotRule.kt:22)
12-08 02:10:17.941  4130  4177 E TestRunner: 	at org.junit.rules.ExternalResource$1.evaluate(ExternalResource.java:54)
12-08 02:10:17.941  4130  4177 E TestRunner: 	at io.qameta.allure.android.rules.LogcatRule$apply$1.evaluate(LogcatRule.kt:23)
12-08 02:10:17.941  4130  4177 E TestRunner: 	at org.junit.rules.RunRules.evaluate(RunRules.java:20)
12-08 02:10:17.941  4130  4177 E TestRunner: 	at org.junit.runners.ParentRunner$3.evaluate(ParentRunner.java:306)
12-08 02:10:17.941  4130  4177 E TestRunner: 	at org.junit.runners.BlockJUnit4ClassRunner$1.evaluate(BlockJUnit4ClassRunner.java:100)
12-08 02:10:17.941  4130  4177 E TestRunner: 	at org.junit.runners.ParentRunner.runLeaf(ParentRunner.java:366)
12-08 02:10:17.941  4130  4177 E TestRunner: 	at org.junit.runners.BlockJUnit4ClassRunner.runChild(BlockJUnit4ClassRunner.java:103)
12-08 02:10:17.941  4130  4177 E TestRunner: 	at org.junit.runners.BlockJUnit4ClassRunner.runChild(BlockJUnit4ClassRunner.java:63)
12-08 02:10:17.941  4130  4177 E TestRunner: 	at org.junit.runners.ParentRunner$4.run(ParentRunner.java:331)
12-08 02:10:17.941  4130  4177 E TestRunner: 	at org.junit.runners.ParentRunner$1.schedule(ParentRunner.java:79)
12-08 02:10:17.941  4130  4177 E TestRunner: 	at org.junit.runners.ParentRunner.runChildren(ParentRunner.java:329)
12-08 02:10:17.941  4130  4177 E TestRunner: 	at org.junit.runners.ParentRunner.access$100(ParentRunner.java:66)
12-08 02:10:17.941  4130  4177 E TestRunner: 	at org.junit.runners.ParentRunner$2.evaluate(ParentRunner.java:293)
12-08 02:10:17.941  4130  4177 E TestRunner: 	at org.junit.runners.ParentRunner$3.evaluate(ParentRunner.java:306)
12-08 02:10:17.941  4130  4177 E TestRunner: 	at org.junit.runners.ParentRunner.run(ParentRunner.java:413)
12-08 02:10:17.941  4130  4177 E TestRunner: 	at androidx.test.ext.junit.runners.AndroidJUnit4.run(AndroidJUnit4.java:162)
12-08 02:10:17.941  4130  4177 E TestRunner: 	at io.qameta.allure.android.runners.AllureAndroidJUnit4.run(AllureAndroidJUnitRunners.kt:29)
12-08 02:10:17.941  4130  4177 E TestRunner: 	at org.junit.runners.Suite.runChild(Suite.java:128)
12-08 02:10:17.941  4130  4177 E TestRunner: 	at org.junit.runners.Suite.runChild(Suite.java:27)
12-08 02:10:17.941  4130  4177 E TestRunner: 	at org.junit.runners.ParentRunner$4.run(ParentRunner.java:331)
12-08 02:10:17.941  4130  4177 E TestRunner: 	at org.junit.runners.ParentRunner$1.schedule(ParentRunner.java:79)
12-08 02:10:17.941  4130  4177 E TestRunner: 	at org.junit.runners.ParentRunner.runChildren(ParentRunner.java:329)
12-08 02:10:17.941  4130  4177 E TestRunner: 	at org.junit.runners.ParentRunner.access$100(ParentRunner.java:66)
12-08 02:10:17.941  4130  4177 E TestRunner: 	at org.junit.runners.ParentRunner$2.evaluate(ParentRunner.java:293)
12-08 02:10:17.941  4130  4177 E TestRunner: 	at org.junit.runners.ParentRunner$3.evaluate(ParentRunner.java:306)
12-08 02:10:17.941  4130  4177 E TestRunner: 	at org.junit.runners.ParentRunner.run(ParentRunner.java:413)
12-08 02:10:17.941  4130  4177 E TestRunner: 	at org.junit.runner.JUnitCore.run(JUnitCore.java:137)
12-08 02:10:17.941  4130  4177 E TestRunner: 	at org.junit.runner.JUnitCore.run(JUnitCore.java:115)
12-08 02:10:17.941  4130  4177 E TestRunner: 	at androidx.test.internal.runner.TestExecutor.execute(
12-08 02:10:17.941  4130  4177 E TestRunner: ----- end exception -----
12-08 02:10:17.945  4130  4143 I teco.fmhandroi: Background concurrent copying GC freed 92725(7847KB) AllocSpace objects, 1(1456KB) LOS objects, 14% free, 36MB/42MB, paused 926us total 198.746ms
12-08 02:10:17.976  4130  4177 I TestRunner: finished: shouldChangeNewsTitle(ru.iteco.fmhandroid.ui.ControlPanelTest)
12-08 02:10:18.022  2656  4306 I ctxmgr  : [ProducerStatusImpl] updateStateForNewContextData: inactive, contextName=7 [CONTEXT service_id=47 ]
12-08 02:10:18.053  2656  4305 I LogUtils: [Places]: ?: Couldn't find platform key file. [CONTEXT service_id=253 ]
12-08 02:10:18.058  2656  3542 W GCoreFlp: No location to return for getLastLocation()
12-08 02:10:18.104  2656  3542 W GCoreFlp: No location to return for getLastLocation()
12-08 02:10:18.159  2656  4321 I LogUtils: [Places]: ?: Couldn't find platform key file. [CONTEXT service_id=253 ]
12-08 02:10:18.206  2656  2656 I GeofencerStateMachine: removeGeofences: removeRequest=RemoveGeofencingRequest[REMOVE_BY_PENDING_INTENT pendingIntent=PendingIntent[creatorPackage=com.google.android.gms], packageName=com.google.android.gms]
12-08 02:10:18.210  2656  4377 I PlacesLogger: [PlaceInferenceEngine]: [anon] Changed inference mode: 0 [CONTEXT service_id=253 ]
12-08 02:10:18.210  2656  4321 I LogUtils: [Places]: ?: Couldn't find platform key file. [CONTEXT service_id=253 ]
12-08 02:10:18.211  2656  4306 I LogUtils: [Places]: ?: Couldn't find platform key file. [CONTEXT service_id=253 ]
12-08 02:10:18.215  2656  2656 I GeofencerStateMachine: removeGeofences: removeRequest=RemoveGeofencingRequest[REMOVE_BY_PENDING_INTENT pendingIntent=PendingIntent[creatorPackage=com.google.android.gms], packageName=com.google.android.gms]
12-08 02:10:18.253  2656  3542 W GCoreFlp: No location to return for getLastLocation()
12-08 02:10:18.271  2656  4378 I LogUtils: [Places]: ?: Couldn't find platform key file. [CONTEXT service_id=253 ]
12-08 02:10:18.273  2656  4377 I LogUtils: [Places]: ?: PlacesBleScanner start() with priority 2 [CONTEXT service_id=253 ]
12-08 02:10:18.274  2656  4377 I PlacesLogger: [PlaceInferenceEngine]: [anon] Changed inference mode: 1 [CONTEXT service_id=253 ]
12-08 02:10:18.293  2656  2656 E BeaconBle: Missing BluetoothAdapter [CONTEXT service_id=111 ]
12-08 02:10:18.293  2656  2656 I BeaconBle: BLE 'KK+' software access layer enabled [CONTEXT service_id=111 ]
12-08 02:10:18.301  2656  4305 I LogUtils: [Places]: ?: Couldn't find platform key file. [CONTEXT service_id=253 ]
12-08 02:10:18.342  2656  2656 I BeaconBle: Client requested scan, settings=BleSettings [scanMode=ZERO_POWER, callbackType=ALL_MATCHES, reportDelayMillis=0, 1 filters, 0 clients, callingClientName=Places] [CONTEXT service_id=111 ]
12-08 02:10:18.343  2656  2656 I BeaconBle: Scan : No clients left, canceling alarm. [CONTEXT service_id=111 ]
12-08 02:10:18.344  2656  2656 E BeaconBle: Scan couldn't start for Places [CONTEXT service_id=111 ]
12-08 02:10:18.344  2656  2656 W Places  : BLE failure while scanning - code 5
12-08 02:10:18.362  2656  3542 W GCoreFlp: No location to return for getLastLocation()
12-08 02:10:18.470  4130  4177 I TestRunner: started: shouldShowDialogWindowSomethingWrong(ru.iteco.fmhandroid.ui.ControlPanelTest)
12-08 02:10:18.509  4130  4177 W Settings: Setting always_finish_activities has moved from android.provider.Settings.System to android.provider.Settings.Global, returning read-only value.
12-08 02:10:18.520  2018  2130 I ActivityTaskManager: START u0 {act=android.intent.action.MAIN cat=[android.intent.category.LAUNCHER] flg=0x10008000 cmp=ru.iteco.fmhandroid.test/androidx.test.core.app.InstrumentationActivityInvoker$BootstrapActivity (has extras)} from uid 10146
12-08 02:10:18.534  2018  3061 W InputReader: Device has associated, but no associated display id.
12-08 02:10:18.545  2018  3061 I chatty  : uid=1000(system) Binder:2018_10 identical 32 lines
12-08 02:10:18.545  2018  3061 W InputReader: Device has associated, but no associated display id.
12-08 02:10:18.555  4190  4190 W ActivityThread: handleWindowVisibility: no activity for token android.os.BinderProxy@1f9583d
12-08 02:10:18.557  2018  3061 W InputReader: Device has associated, but no associated display id.
12-08 02:10:18.557  2018  3061 I chatty  : uid=1000(system) Binder:2018_10 identical 4 lines
12-08 02:10:18.557  2018  3061 W InputReader: Device has associated, but no associated display id.
12-08 02:10:18.611  1776  1927 D gralloc_ranchu: gralloc_alloc: Creating ashmem region of size 10108928
12-08 02:10:18.614  2018  8910 I ActivityTaskManager: START u0 {act=android.intent.action.MAIN cat=[android.intent.category.LAUNCHER] cmp=ru.iteco.fmhandroid/.ui.AppActivity} from uid 10146
12-08 02:10:18.651  2018  8910 W InputReader: Device has associated, but no associated display id.
12-08 02:10:18.655  2018  8910 I chatty  : uid=1000(system) Binder:2018_1C identical 34 lines
12-08 02:10:18.655  2018  8910 W InputReader: Device has associated, but no associated display id.
12-08 02:10:18.655  4130  4130 W ActivityThread: handleWindowVisibility: no activity for token android.os.BinderProxy@b06124e
12-08 02:10:18.655  2018  8910 W InputReader: Device has associated, but no associated display id.
12-08 02:10:18.658  2018  8910 I chatty  : uid=1000(system) Binder:2018_1C identical 12 lines
12-08 02:10:18.658  2018  8910 W InputReader: Device has associated, but no associated display id.
12-08 02:10:18.696  2018  2054 W InputReader: Device has associated, but no associated display id.
12-08 02:10:18.696  2018  2054 I chatty  : uid=1000(system) android.anim identical 8 lines
12-08 02:10:18.696  2018  2054 W InputReader: Device has associated, but no associated display id.
12-08 02:10:18.705  2962  3510 D EGL_emulation: eglMakeCurrent: 0xe597d120: ver 2 0 (tinfo 0xbffb2540)
12-08 02:10:18.710  4130  4130 D LifecycleMonitor: Lifecycle status change: ru.iteco.fmhandroid.ui.AppActivity@6b5055a in: PRE_ON_CREATE
12-08 02:10:18.710  4130  4130 V ActivityScenario: Activity lifecycle changed event received but ignored because the reported transition was not ON_CREATE while the last known transition was PRE_ON_CREATE
12-08 02:10:18.717 12448 12488 D EGL_emulation: eglMakeCurrent: 0xe594d140: ver 2 0 (tinfo 0xc539bd10)
12-08 02:10:18.722  4130  4163 V FA      : onActivityCreated
12-08 02:10:18.730  2170  2566 D EGL_emulation: eglMakeCurrent: 0xe594e040: ver 2 0 (tinfo 0xc52450c0)
12-08 02:10:18.754  2170  2566 D EGL_emulation: eglMakeCurrent: 0xe594e040: ver 2 0 (tinfo 0xc52450c0)
12-08 02:10:18.766  4130  4130 D LifecycleMonitor: Lifecycle status change: ru.iteco.fmhandroid.ui.AppActivity@6b5055a in: CREATED
12-08 02:10:18.767  4130  4130 V ActivityScenario: Update currentActivityStage to CREATED, currentActivity=ru.iteco.fmhandroid.ui.AppActivity@6b5055a
12-08 02:10:18.820  2018  2130 D WificondControl: Scan result ready event
12-08 02:10:19.069  4130  4130 D LifecycleMonitor: Lifecycle status change: ru.iteco.fmhandroid.ui.AppActivity@6b5055a in: STARTED
12-08 02:10:19.070  4130  4130 V ActivityScenario: Update currentActivityStage to STARTED, currentActivity=ru.iteco.fmhandroid.ui.AppActivity@6b5055a
12-08 02:10:19.072  4130  4130 D LifecycleMonitor: Lifecycle status change: ru.iteco.fmhandroid.ui.AppActivity@6b5055a in: RESUMED
12-08 02:10:19.072  4130  4130 V ActivityScenario: Update currentActivityStage to RESUMED, currentActivity=ru.iteco.fmhandroid.ui.AppActivity@6b5055a
12-08 02:10:19.073  4130  4170 V FA      : Activity resumed, time: 53711704
12-08 02:10:19.120  1776  1927 D gralloc_ranchu: gralloc_alloc: Creating ashmem region of size 10108928
12-08 02:10:19.130  1776  1927 I chatty  : uid=1000(system) HwBinder:1776_3 identical 1 line
12-08 02:10:19.131  1776  1927 D gralloc_ranchu: gralloc_alloc: Creating ashmem region of size 10108928
12-08 02:10:19.136  4130  4233 D EGL_emulation: eglMakeCurrent: 0xe593d3c0: ver 2 0 (tinfo 0xf0c9ea10)
12-08 02:10:19.192  2170  2566 D EGL_emulation: eglMakeCurrent: 0xe594e040: ver 2 0 (tinfo 0xc52450c0)
12-08 02:10:19.216  2018  2058 I ActivityTaskManager: Displayed ru.iteco.fmhandroid/.ui.AppActivity: +661ms
12-08 02:10:19.264  4130  4130 I ViewInteraction: Performing 'wait for a specific view with <(an instance of android.widget.TextView and view.getText() with or without transformation to match: is "Authorization" and view.getParent() view.getParent() view.getId() is <2131231186>)> during 10000 millis.' action on view view.getRootView() to equal view
12-08 02:10:19.326  2962  2309 I PBSessionCacheImpl: Deleted sessionId[635180124800] from persistence.
12-08 02:10:19.333  2962  3348 W SearchServiceCore: Abort, client detached.
12-08 02:10:19.347  2873  4181 V FA-SVC  : Logging event: origin=auto,name=screen_view(_vs),params=Bundle[{ga_event_origin(_o)=auto, ga_previous_class(_pc)=AppActivity, ga_previous_id(_pi)=-567753131583216768, ga_screen_class(_sc)=AppActivity, ga_screen_id(_si)=-567753131583216767}]
12-08 02:10:19.370  2873  4181 V FA-SVC  : Upload scheduled in approximately ms: 600909
12-08 02:10:19.370  2873  4181 V FA-SVC  : Unscheduling upload
12-08 02:10:19.374  2873  4181 V FA-SVC  : Scheduling upload, millis: 600909
12-08 02:10:19.382  2873  4181 V FA-SVC  : Background event processing time, ms: 36
12-08 02:10:19.425  2656  4378 E SQLiteDatabase: Error inserting flex_time=600000 job_id=-1 period=1202000 source=16 requires_charging=0 preferred_network_type=1 target_class=com.google.android.gms.measurement.PackageMeasurementTaskService user_id=0 target_package=com.google.android.gms tag=Measurement.PackageMeasurementTaskService.UPLOAD_TASK_TAG task_type=0 required_idleness_state=0 service_kind=0 source_version=202414000 persistence_level=1 preferred_charging_state=1 required_network_type=0 runtime=1670483419391 retry_strategy={"maximum_backoff_seconds":{"3600":0},"initial_backoff_seconds":{"30":0},"retry_policy":{"0":0}} last_runtime=0
12-08 02:10:19.425  2656  4378 E SQLiteDatabase: android.database.sqlite.SQLiteConstraintException: UNIQUE constraint failed: pending_ops.tag, pending_ops.target_class, pending_ops.target_package, pending_ops.user_id (code 2067 SQLITE_CONSTRAINT_UNIQUE)
12-08 02:10:19.425  2656  4378 E SQLiteDatabase: 	at android.database.sqlite.SQLiteConnection.nativeExecuteForLastInsertedRowId(Native Method)
12-08 02:10:19.425  2656  4378 E SQLiteDatabase: 	at android.database.sqlite.SQLiteConnection.executeForLastInsertedRowId(SQLiteConnection.java:879)
12-08 02:10:19.425  2656  4378 E SQLiteDatabase: 	at android.database.sqlite.SQLiteSession.executeForLastInsertedRowId(SQLiteSession.java:790)
12-08 02:10:19.425  2656  4378 E SQLiteDatabase: 	at android.database.sqlite.SQLiteStatement.executeInsert(SQLiteStatement.java:88)
12-08 02:10:19.425  2656  4378 E SQLiteDatabase: 	at android.database.sqlite.SQLiteDatabase.insertWithOnConflict(SQLiteDatabase.java:1599)
12-08 02:10:19.425  2656  4378 E SQLiteDatabase: 	at android.database.sqlite.SQLiteDatabase.insert(SQLiteDatabase.java:1468)
12-08 02:10:19.425  2656  4378 E SQLiteDatabase: 	at aqui.a(:com.google.android.gms@202414022@20.24.14 (040700-319035315):175)
12-08 02:10:19.425  2656  4378 E SQLiteDatabase: 	at aqtk.a(:com.google.android.gms@202414022@20.24.14 (040700-319035315):182)
12-08 02:10:19.425  2656  4378 E SQLiteDatabase: 	at aqtk.a(:com.google.android.gms@202414022@20.24.14 (040700-319035315):23)
12-08 02:10:19.425  2656  4378 E SQLiteDatabase: 	at aqtk.a(:com.google.android.gms@202414022@20.24.14 (040700-319035315):177)
12-08 02:10:19.425  2656  4378 E SQLiteDatabase: 	at aqpu.run(:com.google.android.gms@202414022@20.24.14 (040700-319035315):9)
12-08 02:10:19.425  2656  4378 E SQLiteDatabase: 	at soy.b(:com.google.android.gms@202414022@20.24.14 (040700-319035315):12)
12-08 02:10:19.425  2656  4378 E SQLiteDatabase: 	at soy.run(:com.google.android.gms@202414022@20.24.14 (040700-319035315):7)
12-08 02:10:19.425  2656  4378 E SQLiteDatabase: 	at java.util.concurrent.ThreadPoolExecutor.runWorker(ThreadPoolExecutor.java:1167)
12-08 02:10:19.425  2656  4378 E SQLiteDatabase: 	at java.util.concurrent.ThreadPoolExecutor$Worker.run(ThreadPoolExecutor.java:641)
12-08 02:10:19.425  2656  4378 E SQLiteDatabase: 	at sux.run(:com.google.android.gms@202414022@20.24.14 (040700-319035315):0)
12-08 02:10:19.425  2656  4378 E SQLiteDatabase: 	at java.lang.Thread.run(Thread.java:919)
12-08 02:10:22.071  4130  4249 I okhttp.OkHttpClient: --> GET http://www.981757-ca08998.tmweb.ru:8080/fmh/authentication/userInfo
12-08 02:10:22.072  4130  4249 I okhttp.OkHttpClient: --> END GET
12-08 02:10:22.297  4130  4249 I okhttp.OkHttpClient: <-- 200 http://www.981757-ca08998.tmweb.ru:8080/fmh/authentication/userInfo (225ms)
12-08 02:10:22.298  4130  4249 I okhttp.OkHttpClient: Vary: Origin
12-08 02:10:22.298  4130  4249 I okhttp.OkHttpClient: Vary: Access-Control-Request-Method
12-08 02:10:22.298  4130  4249 I okhttp.OkHttpClient: Vary: Access-Control-Request-Headers
12-08 02:10:22.298  4130  4249 I okhttp.OkHttpClient: X-Content-Type-Options: nosniff
12-08 02:10:22.298  4130  4249 I okhttp.OkHttpClient: X-XSS-Protection: 1; mode=block
12-08 02:10:22.298  4130  4249 I okhttp.OkHttpClient: Cache-Control: no-cache, no-store, max-age=0, must-revalidate
12-08 02:10:22.299  4130  4249 I okhttp.OkHttpClient: Pragma: no-cache
12-08 02:10:22.299  4130  4249 I okhttp.OkHttpClient: Expires: 0
12-08 02:10:22.299  4130  4249 I okhttp.OkHttpClient: X-Frame-Options: DENY
12-08 02:10:22.299  4130  4249 I okhttp.OkHttpClient: Content-Type: application/json
12-08 02:10:22.299  4130  4249 I okhttp.OkHttpClient: Transfer-Encoding: chunked
12-08 02:10:22.299  4130  4249 I okhttp.OkHttpClient: Date: Thu, 08 Dec 2022 07:10:25 GMT
12-08 02:10:22.299  4130  4249 I okhttp.OkHttpClient: Keep-Alive: timeout=60
12-08 02:10:22.300  4130  4249 I okhttp.OkHttpClient: Connection: keep-alive
12-08 02:10:22.301  4130  4249 I okhttp.OkHttpClient: {"id":2,"firstName":"Данил","lastName":"Иванов","middleName":"Данилович","admin":true}
12-08 02:10:22.301  4130  4249 I okhttp.OkHttpClient: <-- END HTTP (106-byte body)
12-08 02:10:22.309  4130  4256 I okhttp.OkHttpClient: --> GET http://www.981757-ca08998.tmweb.ru:8080/fmh/claims
12-08 02:10:22.310  4130  4256 I okhttp.OkHttpClient: --> END GET
12-08 02:10:23.066  4130  4130 I Choreographer: Skipped 44 frames!  The application may be doing too much work on its main thread.
12-08 02:10:23.130  4130  4143 I teco.fmhandroi: NativeAlloc concurrent copying GC freed 141306(12MB) AllocSpace objects, 149(24MB) LOS objects, 49% free, 5253KB/10MB, paused 841us total 179.963ms
12-08 02:10:23.354  4130  4233 I OpenGLRenderer: Davey! duration=1036ms; Flags=1, IntendedVsync=53714949431505, Vsync=53715682764809, OldestInputEvent=9223372036854775807, NewestInputEvent=0, HandleInputStart=53715699059300, AnimationStart=53715699198500, PerformTraversalsStart=53715699442000, DrawStart=53715745159400, SyncQueued=53715746716100, SyncStart=53715747380800, IssueDrawCommandsStart=53715747563600, SwapBuffers=53715978849500, FrameCompleted=53715986241500, DequeueBufferDuration=156000, QueueBufferDuration=397000, 
12-08 02:10:24.296  4130  4170 V FA      : Inactivity, disconnecting from the service
12-08 02:10:24.438  2656  4321 I LogUtils: [Places]: ?: Couldn't find platform key file. [CONTEXT service_id=253 ]
12-08 02:10:24.450  2656  4386 I LogUtils: [Places]: ?: Couldn't find platform key file. [CONTEXT service_id=253 ]
12-08 02:10:24.464  2656  4377 I LogUtils: [Places]: ?: PlacesBleScanner stop() [CONTEXT service_id=253 ]
12-08 02:10:24.464  2656  2656 I BeaconBle: Scan : No clients left, canceling alarm. [CONTEXT service_id=111 ]
12-08 02:10:24.465  2656  2656 I BeaconBle: Scan canceled successfully. [CONTEXT service_id=111 ]
12-08 02:10:24.475  2656  4377 I PlacesLogger: [PlaceInferenceEngine]: [anon] Changed inference mode: 0 [CONTEXT service_id=253 ]
12-08 02:10:24.501  2656  3542 W GCoreFlp: No location to return for getLastLocation()
12-08 02:10:24.526  2656  4321 I LogUtils: [Places]: ?: Couldn't find platform key file. [CONTEXT service_id=253 ]
12-08 02:10:24.527  2656  4386 I LogUtils: [Places]: ?: Couldn't find platform key file. [CONTEXT service_id=253 ]
12-08 02:10:24.552  4130  4256 I okhttp.OkHttpClient: <-- 200 http://www.981757-ca08998.tmweb.ru:8080/fmh/claims (2241ms)
12-08 02:10:24.552  4130  4256 I okhttp.OkHttpClient: Vary: Origin
12-08 02:10:24.552  4130  4256 I okhttp.OkHttpClient: Vary: Access-Control-Request-Method
12-08 02:10:24.552  4130  4256 I okhttp.OkHttpClient: Vary: Access-Control-Request-Headers
12-08 02:10:24.552  4130  4256 I okhttp.OkHttpClient: X-Content-Type-Options: nosniff
12-08 02:10:24.552  4130  4256 I okhttp.OkHttpClient: X-XSS-Protection: 1; mode=block
12-08 02:10:24.552  4130  4256 I okhttp.OkHttpClient: Cache-Control: no-cache, no-store, max-age=0, must-revalidate
12-08 02:10:24.552  4130  4256 I okhttp.OkHttpClient: Pragma: no-cache
12-08 02:10:24.552  4130  4256 I okhttp.OkHttpClient: Expires: 0
12-08 02:10:24.552  4130  4256 I okhttp.OkHttpClient: X-Frame-Options: DENY
12-08 02:10:24.552  4130  4256 I okhttp.OkHttpClient: Content-Type: application/json
12-08 02:10:24.552  4130  4256 I okhttp.OkHttpClient: Transfer-Encoding: chunked
12-08 02:10:24.552  4130  4256 I okhttp.OkHttpClient: Date: Thu, 08 Dec 2022 07:10:27 GMT
12-08 02:10:24.552  4130  4256 I okhttp.OkHttpClient: Keep-Alive: timeout=60
12-08 02:10:24.553  4130  4256 I okhttp.OkHttpClient: Connection: keep-alive
12-08 02:10:24.606  2656  2656 I GeofencerStateMachine: removeGeofences: removeRequest=RemoveGeofencingRequest[REMOVE_BY_PENDING_INTENT pendingIntent=PendingIntent[creatorPackage=com.google.android.gms], packageName=com.google.android.gms]
12-08 02:10:24.703  3300  3342 I e.process.gapp: Background young concurrent copying GC freed 23316(1009KB) AllocSpace objects, 0(0B) LOS objects, 37% free, 1809KB/2914KB, paused 704us total 106.396ms
12-08 02:10:27.225  4130  4256 I okhttp.OkHttpClient: [{"id":587,"title":"povorot","description":"test","creatorId":2,"executorId":2,"createDate":1661810790,"planExecuteDate":-5352141360,"factExecuteDate":1661943276973,"status":"EXECUTED","creatorName":"Иванов Данил Данилович","executorName":"Иванов Данил Данилович"},{"id":585,"title":"open","description":"open","creatorId":2,"executorId":2,"createDate":1661809054,"planExecuteDate":-2196728640,"factExecuteDate":1661809592908,"status":"EXECUTED","creatorName":"Иванов Данил Данилович","executorName":"Иванов Данил Данилович"},{"id":586,"title":"test qa","description":"test","creatorId":2,"executorId":null,"createDate":1661809706,"planExecuteDate":-2189643180,"factExecuteDate":null,"status":"CANCELLED","creatorName":"Иванов Данил Данилович","executorName":null},{"id":2639,"title":"Заголовок b6991c28-63be-458f-9770-27451ad2c036","description":"Описан��е 9ef5d5f3-7dc5-4eed-a3b5-71a50bf46279","creatorId":2,"executorId":null,"createDate":1670336256,"planExecuteDate":-2116575780,"factExecuteDate":null,"status":"CANCELLED","creatorName":"Иванов Данил Данилович","executorName":null},{"id":2667,"title":"Заголовок af5dc717-69cb-4e70-a1a4-fd9df2fb3d0c","description":"Описание 75962744-919a-4ceb-ae27-7ddfef1067a1","creatorId":2,"executorId":2,"createDate":1670445885,"planExecuteDate":-1958699760,"factExecuteDate":null,"status":"IN_PROGRESS","creatorName":"Иванов Данил Данилович","executorName":"Иванов Данил Данилович"},{"id":2668,"title":"Заголовок 686fea44-3e7b-4702-b050-318adba5aabe","description":"Описание 123c8b13-6e1e-43b8-9a9e-21966a538a01","creatorId":2,"executorId":2,"createDate":1670446016,"planExecuteDate":-1958699640,"factExecuteDate":null,"status":"IN_PROGRESS","creatorName":"Иванов Данил Данилович","executorName":"Иванов Данил ��анилович"},{"id":856,"title":"+10 в карму","description":"Hello!","creatorId":2,"executorId":null,"createDate":1664952246,"planExecuteDate":-1869029400,"factExecuteDate":null,"status":"CANCELLED","creatorName":"Иванов Данил Данилович","executorName":null},{"id":857,"title":"+10 в карму","description":"Hello!","creatorId":2,"executorId":null,"createDate":1664954742,"planExecuteDate":-1869029400,"factExecuteDate":null,"status":"CANCELLED","creatorName":"Иванов Данил Данилович","executorName":null},{"id":858,"title":"+10 в карму","description":"Hello!","creatorId":2,"executorId":null,"createDate":1664961835,"planExecuteDate":-1869029400,"factExecuteDate":null,"status":"CANCELLED","creatorName":"Иванов Данил Данилович","executorName":null},{"id":859,"title":"+10 в карму","description":"Hello!","creatorId":2,"executorId":2,"createDate":1664963522,"planExecuteDate":-1869029400,"factExecuteDate":1664963892158,"status":"EXECUTED","creatorName":"Иванов Данил Данилович","executorName":"Иванов Данил Данилович"},{"id":957,"title":"Внимание!!!","description":"Hello!","creatorId":2,"executorId":null,"createDate":1665452599,"planExecuteDate":-1869029400,"factExecuteDate":null,"status":"CANCELLED","creatorName":"Иванов Данил Данилович","executorName":null},{"id":958,"title":"Внимание!!!","description":"Hello!","creatorId":2,"executorId":null,"createDate":1665453363,"planExecuteDate":-1869029400,"factExecuteDate":null,"status":"CANCELLED","creatorName":"Иванов Данил Данилович","executorName":null},{"id":959,"title":"Внимание!!!","description":"Hello!","creatorId":2,"executorId":null,"createDate":1665453639,"planExecuteDate":-1869029400,"factExecuteDate":null,"status":"CANCELLED","creatorName":"Иванов Данил Данилович","executorName":null},{"id":960,"title":"Внимание!!!","description":"Hello!","creatorId":2,"execut
12-08 02:10:27.226  4130  4256 I okhttp.OkHttpClient: ecutorName":null},{"id":852,"title":"+10 в карму","description":"Hello!","creatorId":2,"executorId":null,"createDate":1664874328,"planExecuteDate":-1869015000,"factExecuteDate":null,"status":"CANCELLED","creatorName":"Иванов Данил Данилович","executorName":null},{"id":853,"title":"+10 в карму","description":"Hello!","creatorId":2,"executorId":null,"createDate":1664875136,"planExecuteDate":-1869015000,"factExecuteDate":null,"status":"CANCELLED","creatorName":"Иванов Данил Данилович","executorName":null},{"id":2628,"title":"Заголовок 61885528-b856-4be5-9b85-2ac2c9f861df","description":"Описание 3d4708c6-781b-4c64-a73c-8fe8f9ef8d0e","creatorId":2,"executorId":null,"createDate":1670281227,"planExecuteDate":-1801011600,"factExecuteDate":null,"status":"CANCELLED","creatorName":"Иванов Данил Данилович","executorName":null},{"id":2623,"title":"Заголовок 69fd5938-0d5f-4424-9632-624c399f3728","description":"Описание 3e15feeb-b44c-43aa-aaa8-662457b67b5c","creatorId":2,"executorId":null,"createDate":1670280613,"planExecuteDate":-1485483000,"factExecuteDate":null,"status":"OPEN","creatorName":"Иванов Данил Данилович","executorName":null},{"id":2621,"title":"Заголовок fdcb00e9-7ccb-41cd-8116-e253d0140b6a","description":"Описание 5740b3ab-dd2e-4859-bf4e-026d37bf0269","creatorId":2,"executorId":2,"createDate":1670279336,"planExecuteDate":-1485480720,"factExecuteDate":1670279340833,"status":"EXECUTED","creatorName":"Иванов Данил Данилович","executorName":"Иванов Данил Данилович"},{"id":2622,"title":"Заголовок 2a02f25c-5723-46b1-8c35-20c5dcbde8d5","description":"Описание 5612b9c3-f663-441b-8ab4-1e40b074ef1b","creatorId":2,"executorId":null,"createDate":1670280524,"planExecuteDate":-1485479520,"factExecuteDate":null,"status":"CANCELLED","creatorName":"Иванов Данил Данилович","executorName":null},{"id":2624,"title":"Заголовок 32ae8368-e50e-49f4-867e-014f375e1635","description":"Описание 81128bea-d5e3-47e9-a451-0ab148edb544","creatorId":2,"executorId":2,"createDate":1670280814,"planExecuteDate":-1485479220,"factExecuteDate":null,"status":"IN_PROGRESS","creatorName":"Иванов Данил Данилович","executorName":"Иванов Данил Данилович"},{"id":2625,"title":"Заголовок 2c1103cd-ee94-4ad4-b9e2-ca7c279bbbb6","description":"Описание 04b258c3-86e9-417b-b918-7b268159bfaa","creatorId":2,"executorId":2,"createDate":1670280965,"planExecuteDate":-1485479100,"factExecuteDate":null,"status":"IN_PROGRESS","creatorName":"Иванов Данил Данилович","executorName":"Иванов Данил Данилович"},{"id":2626,"title":"Заголовок 3a223b2d-c333-4949-af1b-c8109e9c800d","description":"Описание ad2a4a11-b926-4a8d-8dcf-39b1975e9b05","creatorId":2,"executorId":2,"createDate":1670281055,"planExecuteDate":-1485478980,"factExecuteDate":null,"status":"IN_PROGRESS","creatorName":"Иванов Данил Данилович","executorName":"Иванов Данил Данилович"},{"id":2627,"title":"Заголовок 4b40706a-d7d7-44c2-bfb8-68eb2953da00","description":"Описание bd4ba08f-7b3b-4761-9f1a-daf49360b966","creatorId":2,"executorId":2,"createDate":1670281151,"planExecuteDate":-1485478860,"factExecuteDate":null,"status":"IN_PROGRESS","creatorName":"Иванов Да��ил Данилович","executorName":"Иванов Данил Данилович"},{"id":851,"title":"super_claim","description":"description","creatorId":2,"executorId":2,"createDate":1664845815,"planExecuteDate":220975800,"factExecuteDate":1664874131636,"status":"EXECUTED","creatorName":"Иванов Данил Данилович","executorName":"Иванов Данил Данилович"},{"id":874,"title":"Новое название 1","description":"Новое описание","creatorId":2,"executorId":
