12-08 04:49:49.942  8703  8703 I ViewInteraction: Checking 'MatchesViewAssertion{viewMatcher=view.isClickable() is <true>}' assertion on view (view.getId() is <2131231039/ru.iteco.fmhandroid:id/enter_button> and an instance of android.widget.TextView and view.getText() with or without transformation to match: is "SIGN IN" and view.getContentDescription() is "Save" and view.getParent() view.getParent() an instance of android.widget.RelativeLayout)
12-08 04:49:49.952  8703  8703 I ViewInteraction: Performing 'wait for a specific view with <(view.getId() is <2131231039/ru.iteco.fmhandroid:id/enter_button> and an instance of android.widget.TextView and view.getText() with or without transformation to match: is "SIGN IN" and view.getContentDescription() is "Save" and view.getParent() view.getParent() an instance of android.widget.RelativeLayout)> during 10000 millis.' action on view view.getRootView() to equal view
12-08 04:49:49.962  8703  8703 I ViewInteraction: Checking 'MatchesViewAssertion{viewMatcher=view.isClickable() is <true>}' assertion on view (view.getId() is <2131231039/ru.iteco.fmhandroid:id/enter_button> and an instance of android.widget.TextView and view.getText() with or without transformation to match: is "SIGN IN" and view.getContentDescription() is "Save" and view.getParent() view.getParent() an instance of android.widget.RelativeLayout)
12-08 04:49:49.967  8703  8703 I ViewInteraction: Performing 'wait for a specific view with <(view.getId() is <2131231039/ru.iteco.fmhandroid:id/enter_button> and an instance of android.widget.TextView and view.getText() with or without transformation to match: is "SIGN IN" and view.getContentDescription() is "Save" and view.getParent() view.getParent() an instance of android.widget.RelativeLayout)> during 10000 millis.' action on view view.getRootView() to equal view
12-08 04:49:49.972  8703  8703 I ViewInteraction: Performing 'single click' action on view (view.getId() is <2131231039/ru.iteco.fmhandroid:id/enter_button> and an instance of android.widget.TextView and view.getText() with or without transformation to match: is "SIGN IN" and view.getContentDescription() is "Save" and view.getParent() view.getParent() an instance of android.widget.RelativeLayout)
12-08 04:49:50.028  8703  8879 I okhttp.OkHttpClient: --> POST http://www.981757-ca08998.tmweb.ru:8080/fmh/authentication/login
12-08 04:49:50.028  8703  8879 I okhttp.OkHttpClient: Content-Type: application/json; charset=UTF-8
12-08 04:49:50.028  8703  8879 I okhttp.OkHttpClient: Content-Length: 41
12-08 04:49:50.028  8703  8879 I okhttp.OkHttpClient: {"login":"login2","password":"password2"}
12-08 04:49:50.028  8703  8879 I okhttp.OkHttpClient: --> END POST (41-byte body)
12-08 04:49:50.037  1764  6994 W audio_hw_generic: Not supplying enough data to HAL, expected position 132250938 , only wrote 132250897
12-08 04:49:50.270  8703  8703 I ViewInteraction: Performing 'wait for a specific view with <an instance of android.widget.TextView and view.getText() with or without transformation to match: is "News"> during 10000 millis.' action on view view.getRootView() to equal view
12-08 04:49:51.849  8703  8742 V FA      : Inactivity, disconnecting from the service
12-08 04:49:53.171  1764  1891 W audio_hw_generic: Not supplying enough data to HAL, expected position 132525586 , only wrote 132389046
12-08 04:49:55.279  1744  9020 E ResolverController: No valid NAT64 prefix (106, <unspecified>/0)
12-08 04:49:55.779  8703  8879 I okhttp.OkHttpClient: <-- 200 http://www.981757-ca08998.tmweb.ru:8080/fmh/authentication/login (5750ms)
12-08 04:49:55.779  8703  8879 I okhttp.OkHttpClient: Vary: Origin
12-08 04:49:55.779  8703  8879 I okhttp.OkHttpClient: Vary: Access-Control-Request-Method
12-08 04:49:55.779  8703  8879 I okhttp.OkHttpClient: Vary: Access-Control-Request-Headers
12-08 04:49:55.779  8703  8879 I okhttp.OkHttpClient: X-Content-Type-Options: nosniff
12-08 04:49:55.779  8703  8879 I okhttp.OkHttpClient: X-XSS-Protection: 1; mode=block
12-08 04:49:55.779  8703  8879 I okhttp.OkHttpClient: Cache-Control: no-cache, no-store, max-age=0, must-revalidate
12-08 04:49:55.779  8703  8879 I okhttp.OkHttpClient: Pragma: no-cache
12-08 04:49:55.779  8703  8879 I okhttp.OkHttpClient: Expires: 0
12-08 04:49:55.779  8703  8879 I okhttp.OkHttpClient: X-Frame-Options: DENY
12-08 04:49:55.780  8703  8879 I okhttp.OkHttpClient: Content-Type: application/json
12-08 04:49:55.780  8703  8879 I okhttp.OkHttpClient: Transfer-Encoding: chunked
12-08 04:49:55.780  8703  8879 I okhttp.OkHttpClient: Date: Thu, 08 Dec 2022 09:49:58 GMT
12-08 04:49:55.780  8703  8879 I okhttp.OkHttpClient: Keep-Alive: timeout=60
12-08 04:49:55.781  8703  8879 I okhttp.OkHttpClient: Connection: keep-alive
12-08 04:49:56.523  8703  8879 I okhttp.OkHttpClient: {"accessToken":"eyJhbGciOiJIUzUxMiJ9.eyJzdWIiOiJsb2dpbjIiLCJqdGkiOiIyIiwiZXhwIjoxNjcwNTc5Mzk4fQ.ee-pSJpg_kaUOnzEqpDoDEMochkfhsiTE4LqTSvN66XxGah0XhWW6yCOr8OJbtydE4zugVnp9_BLYt98quQHuQ","refreshToken":"eyJhbGciOiJIUzUxMiJ9.eyJzdWIiOiJsb2dpbjIiLCJqdGkiOiIyIiwiZXhwIjoxNjczMDg0OTk4fQ.1lEZFbZicFSb-F0hKRInCsWTtwFhGfw_N9xHJx6KTxOBaccQD7xY26bx36jQ1GO6OiB_XAb2ntnuejW-8IBZpQ"}
12-08 04:49:56.523  8703  8879 I okhttp.OkHttpClient: <-- END HTTP (368-byte body)
12-08 04:49:56.531  8703  8808 I okhttp.OkHttpClient: --> GET http://www.981757-ca08998.tmweb.ru:8080/fmh/authentication/userInfo
12-08 04:49:56.531  8703  8808 I okhttp.OkHttpClient: --> END GET
12-08 04:49:58.561  3300  3342 I e.process.gapp: Background young concurrent copying GC freed 23425(1005KB) AllocSpace objects, 0(0B) LOS objects, 38% free, 1788KB/2922KB, paused 1.792ms total 223.180ms
12-08 04:50:00.007  2170  2170 D KeyguardClockSwitch: Updating clock: 450
12-08 04:50:00.298  8703  8703 D takeScreenshot: Found 1 global views to redraw
12-08 04:50:00.348  1776  1927 D gralloc_ranchu: gralloc_alloc: Creating ashmem region of size 10108928
12-08 04:50:00.412  8703  8748 W DefaultFailureHandler: Failed to take screenshot
12-08 04:50:00.412  8703  8748 W DefaultFailureHandler: java.io.FileNotFoundException: view-op-error-3.png: open failed: EROFS (Read-only file system)
12-08 04:50:00.412  8703  8748 W DefaultFailureHandler: 	at libcore.io.IoBridge.open(IoBridge.java:496)
12-08 04:50:00.412  8703  8748 W DefaultFailureHandler: 	at java.io.FileOutputStream.<init>(FileOutputStream.java:235)
12-08 04:50:00.412  8703  8748 W DefaultFailureHandler: 	at java.io.FileOutputStream.<init>(FileOutputStream.java:125)
12-08 04:50:00.412  8703  8748 W DefaultFailureHandler: 	at androidx.test.platform.io.FileTestStorage.openOutputFile(FileTestStorage.java:60)
12-08 04:50:00.412  8703  8748 W DefaultFailureHandler: 	at androidx.test.core.graphics.BitmapStorage.writeToTestStorage(BitmapStorageExt.kt:49)
12-08 04:50:00.412  8703  8748 W DefaultFailureHandler: 	at androidx.test.espresso.base.DefaultFailureHandler.takeScreenshot(DefaultFailureHandler.java:4)
12-08 04:50:00.412  8703  8748 W DefaultFailureHandler: 	at androidx.test.espresso.base.DefaultFailureHandler.handle(DefaultFailureHandler.java:3)
12-08 04:50:00.412  8703  8748 W DefaultFailureHandler: 	at androidx.test.espresso.ViewInteraction.waitForAndHandleInteractionResults(ViewInteraction.java:8)
12-08 04:50:00.412  8703  8748 W DefaultFailureHandler: 	at androidx.test.espresso.ViewInteraction.desugaredPerform(ViewInteraction.java:11)
12-08 04:50:00.412  8703  8748 W DefaultFailureHandler: 	at androidx.test.espresso.ViewInteraction.perform(ViewInteraction.java:8)
12-08 04:50:00.412  8703  8748 W DefaultFailureHandler: 	at ru.iteco.fmhandroid.ui.data.TestUtils.waitView(TestUtils.java:61)
12-08 04:50:00.412  8703  8748 W DefaultFailureHandler: 	at ru.iteco.fmhandroid.ui.steps.MainPageSteps.isMainPage(MainPageSteps.java:48)
12-08 04:50:00.412  8703  8748 W DefaultFailureHandler: 	at ru.iteco.fmhandroid.ui.AuthPageValidTest.shouldLogInWithValidData(AuthPageValidTest.java:66)
12-08 04:50:00.412  8703  8748 W DefaultFailureHandler: 	at java.lang.reflect.Method.invoke(Native Method)
12-08 04:50:00.412  8703  8748 W DefaultFailureHandler: 	at org.junit.runners.model.FrameworkMethod$1.runReflectiveCall(FrameworkMethod.java:59)
12-08 04:50:00.412  8703  8748 W DefaultFailureHandler: 	at org.junit.internal.runners.model.ReflectiveCallable.run(ReflectiveCallable.java:12)
12-08 04:50:00.412  8703  8748 W DefaultFailureHandler: 	at org.junit.runners.model.FrameworkMethod.invokeExplosively(FrameworkMethod.java:56)
12-08 04:50:00.412  8703  8748 W DefaultFailureHandler: 	at org.junit.internal.runners.statements.InvokeMethod.evaluate(InvokeMethod.java:17)
12-08 04:50:00.412  8703  8748 W DefaultFailureHandler: 	at androidx.test.internal.runner.junit4.statement.RunBefores.evaluate(RunBefores.java:80)
12-08 04:50:00.412  8703  8748 W DefaultFailureHandler: 	at androidx.test.internal.runner.junit4.statement.RunAfters.evaluate(RunAfters.java:61)
12-08 04:50:00.412  8703  8748 W DefaultFailureHandler: 	at io.qameta.allure.android.rules.ScreenshotRule$apply$1.evaluate(ScreenshotRule.kt:22)
12-08 04:50:00.412  8703  8748 W DefaultFailureHandler: 	at org.junit.rules.ExternalResource$1.evaluate(ExternalResource.java:54)
12-08 04:50:00.412  8703  8748 W DefaultFailureHandler: 	at io.qameta.allure.android.rules.LogcatRule$apply$1.evaluate(LogcatRule.kt:23)
12-08 04:50:00.412  8703  8748 W DefaultFailureHandler: 	at org.junit.rules.RunRules.evaluate(RunRules.java:20)
12-08 04:50:00.412  8703  8748 W DefaultFailureHandler: 	at org.junit.runners.ParentRunner$3.evaluate(ParentRunner.java:306)
12-08 04:50:00.412  8703  8748 W DefaultFailureHandler: 	at org.junit.runners.BlockJUnit4ClassRunner$1.evaluate(BlockJUnit4ClassRunner.java:100)
12-08 04:50:00.412  8703  8748 W DefaultFailureHandler: 	at org.junit.runners.ParentRunner.runLeaf(ParentRunner.java:366)
12-08 04:50:00.412  8703  8748 W DefaultFailureHandler: 	at org.junit.runners.BlockJUnit4ClassRunner.runChild(BlockJUnit4ClassRunner.java:103)
12-08 04:50:00.412  8703  8748 W DefaultFailureHandler: 	at org.junit.runners.BlockJUnit4ClassRunner.runChild(BlockJUnit4ClassRunner.java:63)
12-08 04:50:00.412  8703  8748 W DefaultFailureHandler: 	at org.junit.runners.ParentRunner$4.run(ParentRunner.java:331)
12-08 04:50:00.412  8703  8748 W DefaultFailureHandler: 	at org.junit.runners.ParentRunner$1.schedule(ParentRunner.java:79)
12-08 04:50:00.412  8703  8748 W DefaultFailureHandler: 	at org.junit.runners.ParentRunner.runChildren(ParentRunner.java:329)
12-08 04:50:00.412  8703  8748 W DefaultFailureHandler: 	at org.junit.runners.ParentRunner.access$100(ParentRunner.java:66)
12-08 04:50:00.412  8703  8748 W DefaultFailureHandler: 	at org.junit.runners.ParentRunner$2.evaluate(ParentRunner.java:293)
12-08 04:50:00.412  8703  8748 W DefaultFailureHandler: 	at org.junit.runners.ParentRunner$3.evaluate(ParentRunner.java:306)
12-08 04:50:00.412  8703  8748 W DefaultFailureHandler: 	at org.junit.runners.ParentRunner.run(ParentRunner.java:413)
12-08 04:50:00.412  8703  8748 W DefaultFailureHandler: 	at androidx.test.ext.junit.runners.AndroidJUnit4.run(AndroidJUnit4.java:162)
12-08 04:50:00.412  8703  8748 W DefaultFailureHandler: 	at io.qameta.allure.android.runners.AllureAndroidJUnit4.run(AllureAndroidJUnitRunners.kt:29)
12-08 04:50:00.412  8703  8748 W DefaultFailureHandler: 	at org.junit.runners.Suite.runChild(Suite.java:128)
12-08 04:50:00.412  8703  8748 W DefaultFailureHandler: 	at org.junit.runners.Suite.runChild(Suite.java:27)
12-08 04:50:00.412  8703  8748 W DefaultFailureHandler: 	at org.junit.runners.ParentRunner$4.run(ParentRunner.java:331)
12-08 04:50:00.412  8703  8748 W DefaultFailureHandler: 	at org.junit.runners.ParentRunner$1.schedule(ParentRunner.java:79)
12-08 04:50:00.412  8703  8748 W DefaultFailureHandler: 	at org.junit.runners.ParentRunner.runChildren(ParentRunner.java:329)
12-08 04:50:00.412  8703  8748 W DefaultFailureHandler: 	at org.junit.runners.ParentRunner.access$100(ParentRunner.java:66)
12-08 04:50:00.412  8703  8748 W DefaultFailureHandler: 	at org.junit.runners.ParentRunner$2.evaluate(ParentRunner.java:293)
12-08 04:50:00.412  8703  8748 W DefaultFailureHandler: 	at org.junit.runners.ParentRunner$3.evaluate(ParentRunner.java:306)
12-08 04:50:00.412  8703  8748 W DefaultFailureHandler: 	at org.junit.runners.ParentRunner.run(ParentRunner.java:413)
12-08 04:50:00.412  8703  8748 W DefaultFailureHandler: 	at org.junit.runner.JUnitCore.run(JUnitCore.java:137)
12-08 04:50:00.412  8703  8748 W DefaultFailureHandler: 	at org.junit.runner.JUnitCore.run(JUnitCore.java:115)
12-08 04:50:00.412  8703  8748 W DefaultFailureHandler: 	at androidx.test.internal.runner.TestExecutor.execute(TestExecutor.java:67)
12-08 04:50:00.412  8703  8748 W DefaultFailureHandler: 	at androidx.test.internal.runner.TestExecutor.execute(TestExecutor.java:58)
12-08 04:50:00.412  8703  8748 W DefaultFailureHandler: 	at androidx.test.runner.AndroidJUnitRunner.onStart(AndroidJUnitRunner.java:438)
12-08 04:50:00.412  8703  8748 W DefaultFailureHandler: 	at android.app.Instrumentation$InstrumentationThread.run(Instrumentation.java:2189)
12-08 04:50:00.412  8703  8748 W DefaultFailureHandler: Caused by: android.system.ErrnoException: open failed: EROFS (Read-only file system)
12-08 04:50:00.412  8703  8748 W DefaultFailureHandler: 	at libcore.io.Linux.open(Native Method)
12-08 04:50:00.412  8703  8748 W DefaultFailureHandler: 	at libcore.io.ForwardingOs.open(ForwardingOs.java:167)
12-08 04:50:00.412  8703  8748 W DefaultFailureHandler: 	at libcore.io.BlockGuardOs.open(BlockGuardOs.java:252)
12-08 04:50:00.412  8703  8748 W DefaultFailureHandler: 	at libcore.io.ForwardingOs.open(ForwardingOs.java:167)
12-08 04:50:00.412  8703  8748 W DefaultFailureHandler: 	at android.app.ActivityThread$AndroidOs.open(ActivityThread.java:7255)
12-08 04:50:00.412  8703  8748 W DefaultFailureHandler: 	at libcore.io.IoBridge.open(IoBridge.java:482)
12-08 04:50:00.412  8703  8748 W DefaultFailureHandler: 	... 52 more
12-08 04:50:00.614  2170  2170 D StatusBar: disable<e i a s b h r c s > disable2<q i n >
12-08 04:50:00.656  2170  2566 D EGL_emulation: eglMakeCurrent: 0xe594e040: ver 2 0 (tinfo 0xc52450c0)
12-08 04:50:00.664  1776  1927 D gralloc_ranchu: gralloc_alloc: Creating ashmem region of size 10108928
12-08 04:50:00.679  2170  2566 D EGL_emulation: eglMakeCurrent: 0xe594e040: ver 2 0 (tinfo 0xc52450c0)
12-08 04:50:00.717  2170  2170 D StatusBar: disable<e i a s b h r c s > disable2<q i n >
12-08 04:50:00.728  1776  1927 D gralloc_ranchu: gralloc_alloc: Creating ashmem region of size 10108928
12-08 04:50:00.766  1776  1927 D gralloc_ranchu: gralloc_alloc: Creating ashmem region of size 10108928
12-08 04:50:01.652  8703  8748 I QueryController: Matched selector: UiSelector[DESCRIPTION=Airplane mode] <<==>> [android.view.accessibility.AccessibilityNodeInfo@6db63; boundsInParent: Rect(0, 0 - 292, 292); boundsInScreen: Rect(736, 804 - 1028, 1096); packageName: com.android.systemui; className: android.widget.Switch; text: Off; error: null; maxTextLength: -1; contentDescription: Airplane mode; tooltipText: null; viewIdResName: null; checkable: true; checked: false; focusable: true; focused: false; selected: false; clickable: true; longClickable: true; contextClickable: false; enabled: true; password: false; scrollable: false; importantForAccessibility: true; visible: true; actions: [AccessibilityAction: ACTION_FOCUS - null, AccessibilityAction: ACTION_SELECT - null, AccessibilityAction: ACTION_CLEAR_SELECTION - null, AccessibilityAction: ACTION_CLICK - null, AccessibilityAction: ACTION_ACCESSIBILITY_FOCUS - null, AccessibilityAction: ACTION_NEXT_AT_MOVEMENT_GRANULARITY - null, AccessibilityAction: ACTION_PREVIOUS_AT_MOVEMENT_GRANULARITY - null, AccessibilityAction: ACTION_SET_SELECTION - null, AccessibilityAction: ACTION_SHOW_ON_SCREEN - null, AccessibilityAction: ACTION_LONG_CLICK - Open settings]]
12-08 04:50:01.669  2018  2051 D AutofillManagerService: onBackKeyPressed()
12-08 04:50:02.303  2170  2170 V StatusBar: mStatusBarWindow: com.android.systemui.statusbar.phone.StatusBarWindowView{4752fa5 V.E...... ........ 0,0-1080,2340} canPanelBeCollapsed(): true
12-08 04:50:02.307  2170  2170 D StatusBar: disable<e i a s b h r c s > disable2<q i n >
12-08 04:50:02.319  1776  1927 D gralloc_ranchu: gralloc_alloc: Creating ashmem region of size 10108928
12-08 04:50:02.364  2170  2170 D StatusBar: disable<e i a s b h r c s > disable2<q i n >
12-08 04:50:02.409  8686  8697 I app_process: NativeAlloc concurrent copying GC freed 554(366KB) AllocSpace objects, 8(672KB) LOS objects, 91% free, 151KB/1687KB, paused 35.775ms total 60.981ms
12-08 04:50:02.421  2170  2566 D EGL_emulation: eglMakeCurrent: 0xe594e040: ver 2 0 (tinfo 0xc52450c0)
12-08 04:50:02.430  1776  1927 D gralloc_ranchu: gralloc_alloc: Creating ashmem region of size 286720
12-08 04:50:02.442  2170  2566 D EGL_emulation: eglMakeCurrent: 0xe594e040: ver 2 0 (tinfo 0xc52450c0)
12-08 04:50:02.464  1776  1927 D gralloc_ranchu: gralloc_alloc: Creating ashmem region of size 286720
12-08 04:50:02.301  2018  2051 D AutofillManagerService: onBackKeyPressed()
12-08 04:50:02.657  2018  4164 I ActivityTaskManager: START u0 {act=android.intent.action.MAIN cat=[android.intent.category.LAUNCHER] flg=0x10000000 cmp=ru.iteco.fmhandroid.test/androidx.test.core.app.InstrumentationActivityInvoker$EmptyActivity} from uid 10146
12-08 04:50:02.476  1776  1927 D gralloc_ranchu: gralloc_alloc: Creating ashmem region of size 286720
12-08 04:50:02.668  8703  8703 D LifecycleMonitor: Lifecycle status change: ru.iteco.fmhandroid.ui.AppActivity@595ae07 in: PAUSED
12-08 04:50:02.669  8703  8703 V ActivityScenario: Update currentActivityStage to PAUSED, currentActivity=ru.iteco.fmhandroid.ui.AppActivity@595ae07
12-08 04:50:02.670  2018  3060 W InputReader: Device has associated, but no associated display id.
12-08 04:50:02.671  2018  3060 I chatty  : uid=1000(system) Binder:2018_F identical 38 lines
12-08 04:50:02.671  2018  3060 W InputReader: Device has associated, but no associated display id.
12-08 04:50:02.672  8760  8760 W ActivityThread: handleWindowVisibility: no activity for token android.os.BinderProxy@652eda3
12-08 04:50:02.677  2018  3060 W InputReader: Device has associated, but no associated display id.
12-08 04:50:02.677  2018  3060 I chatty  : uid=1000(system) Binder:2018_F identical 8 lines
12-08 04:50:02.677  2018  3060 W InputReader: Device has associated, but no associated display id.
12-08 04:50:02.688  8703  8742 V FA      : Recording user engagement, ms: 16138
12-08 04:50:02.748  1776  1927 D gralloc_ranchu: gralloc_alloc: Creating ashmem region of size 10108928
12-08 04:50:02.754  1776  1927 I chatty  : uid=1000(system) HwBinder:1776_3 identical 1 line
12-08 04:50:02.757  1776  1927 D gralloc_ranchu: gralloc_alloc: Creating ashmem region of size 10108928
12-08 04:50:02.760  8760  8792 D EGL_emulation: eglMakeCurrent: 0xe59eb240: ver 2 0 (tinfo 0xf0c893f0)
12-08 04:50:02.783  2018  2054 W InputReader: Device has associated, but no associated display id.
12-08 04:50:02.784  2018  2054 I chatty  : uid=1000(system) android.anim identical 18 lines
12-08 04:50:02.784  2018  2054 W InputReader: Device has associated, but no associated display id.
12-08 04:50:02.809  2018  2058 I ActivityTaskManager: Displayed ru.iteco.fmhandroid.test/androidx.test.core.app.InstrumentationActivityInvoker$EmptyActivity: +128ms
12-08 04:50:02.822  8703  8742 V FA      : Connecting to remote service
12-08 04:50:02.830  8703  8795 D EGL_emulation: eglMakeCurrent: 0xe593e680: ver 2 0 (tinfo 0xf0cc0150)
12-08 04:50:02.852  8703  8742 V FA      : Connection attempt already in progress
12-08 04:50:02.853  8703  8742 V FA      : Activity paused, time: 56765842
12-08 04:50:02.856  8703  8703 D LifecycleMonitor: Lifecycle status change: ru.iteco.fmhandroid.ui.AppActivity@595ae07 in: STOPPED
12-08 04:50:02.856  8703  8703 V ActivityScenario: Update currentActivityStage to STOPPED, currentActivity=ru.iteco.fmhandroid.ui.AppActivity@595ae07
12-08 04:50:02.865  2018  8910 I ActivityTaskManager: START u0 {act=android.intent.action.MAIN cat=[android.intent.category.LAUNCHER] flg=0x10000000 cmp=ru.iteco.fmhandroid.test/androidx.test.core.app.InstrumentationActivityInvoker$EmptyActivity} from uid 10146
12-08 04:50:02.879  8703  8703 W System.err: ru.iteco.fmhandroid.exceptions.UnknownException
12-08 04:50:02.880  8703  8703 W System.err: 	at ru.iteco.fmhandroid.utils.Utils.makeRequest(Utils.kt:123)
12-08 04:50:02.880  8703  8703 W System.err: 	at ru.iteco.fmhandroid.utils.Utils$makeRequest$1.invokeSuspend(Unknown Source:15)
12-08 04:50:02.880  8703  8703 W System.err: 	at kotlin.coroutines.jvm.internal.BaseContinuationImpl.resumeWith(ContinuationImpl.kt:33)
12-08 04:50:02.880  8703  8703 W System.err: 	at kotlinx.coroutines.DispatchedTaskKt.resume(DispatchedTask.kt:234)
12-08 04:50:02.880  8703  8703 W System.err: 	at kotlinx.coroutines.DispatchedTaskKt.resumeUnconfined(DispatchedTask.kt:190)
12-08 04:50:02.880  8703  8703 W System.err: 	at kotlinx.coroutines.DispatchedTaskKt.dispatch(DispatchedTask.kt:161)
12-08 04:50:02.880  8703  8703 W System.err: 	at kotlinx.coroutines.CancellableContinuationImpl.dispatchResume(CancellableContinuationImpl.kt:397)
12-08 04:50:02.880  8703  8703 W System.err: 	at kotlinx.coroutines.CancellableContinuationImpl.cancel(CancellableContinuationImpl.kt:183)
12-08 04:50:02.881  2018  3060 W InputReader: Device has associated, but no associated display id.
12-08 04:50:02.881  2018  3060 I chatty  : uid=1000(system) Binder:2018_F identical 4 lines
12-08 04:50:02.881  2018  3060 W InputReader: Device has associated, but no associated display id.
12-08 04:50:02.881  8703  8808 I okhttp.OkHttpClient: <-- HTTP FAILED: java.io.IOException: Canceled
12-08 04:50:02.881  2018  3060 W InputReader: Device has associated, but no associated display id.
12-08 04:50:02.881  2018  3060 I chatty  : uid=1000(system) Binder:2018_F identical 2 lines
12-08 04:50:02.881  2018  3060 W InputReader: Device has associated, but no associated display id.
12-08 04:50:02.881  8703  8703 W System.err: 	at kotlinx.coroutines.CancellableContinuationImpl.parentCancelled$kotlinx_coroutines_core(CancellableContinuationImpl.kt:190)
12-08 04:50:02.881  8703  8703 W System.err: 	at kotlinx.coroutines.ChildContinuation.invoke(JobSupport.kt:1474)
12-08 04:50:02.881  8703  8703 W System.err: 	at kotlinx.coroutines.JobSupport.notifyCancelling(JobSupport.kt:1499)
12-08 04:50:02.881  8703  8703 W System.err: 	at kotlinx.coroutines.JobSupport.tryMakeCancelling(JobSupport.kt:795)
12-08 04:50:02.881  2018  3060 W InputReader: Device has associated, but no associated display id.
12-08 04:50:02.882  2018  3060 I chatty  : uid=1000(system) Binder:2018_F identical 8 lines
12-08 04:50:02.882  2018  3060 W InputReader: Device has associated, but no associated display id.
12-08 04:50:02.882  8703  8703 W System.err: 	at kotlinx.coroutines.JobSupport.makeCancelling(JobSupport.kt:755)
12-08 04:50:02.882  8703  8703 W System.err: 	at kotlinx.coroutines.JobSupport.cancelImpl$kotlinx_coroutines_core(JobSupport.kt:671)
12-08 04:50:02.882  8703  8703 W System.err: 	at kotlinx.coroutines.JobSupport.parentCancelled(JobSupport.kt:637)
12-08 04:50:02.882  8703  8703 W System.err: 	at kotlinx.coroutines.ChildHandleNode.invoke(JobSupport.kt:1465)
12-08 04:50:02.882  8703  8703 W System.err: 	at kotlinx.coroutines.JobSupport.notifyCancelling(JobSupport.kt:1499)
12-08 04:50:02.882  2018  3060 W InputReader: Device has associated, but no associated display id.
12-08 04:50:02.882  2018  3060 I chatty  : uid=1000(system) Binder:2018_F identical 8 lines
12-08 04:50:02.882  2018  3060 W InputReader: Device has associated, but no associated display id.
12-08 04:50:02.883  8703  8703 W System.err: 	at kotlinx.coroutines.JobSupport.tryMakeCompletingSlowPath(JobSupport.kt:900)
12-08 04:50:02.883  8703  8703 W System.err: 	at kotlinx.coroutines.JobSupport.tryMakeCompleting(JobSupport.kt:863)
12-08 04:50:02.883  2018  3060 W InputReader: Device has associated, but no associated display id.
12-08 04:50:02.883  2018  3060 W InputReader: Device has associated, but no associated display id.
12-08 04:50:02.883  8703  8703 W System.err: 	at kotlinx.coroutines.JobSupport.cancelMakeCompleting(JobSupport.kt:696)
12-08 04:50:02.883  2018  3060 W InputReader: Device has associated, but no associated display id.
12-08 04:50:02.883  8703  8703 W System.err: 	at kotlinx.coroutines.JobSupport.cancelImpl$kotlinx_coroutines_core(JobSupport.kt:667)
12-08 04:50:02.883  2018  3060 W InputReader: Device has associated, but no associated display id.
12-08 04:50:02.883  2018  3060 I chatty  : uid=1000(system) Binder:2018_F identical 5 lines
12-08 04:50:02.883  2018  3060 W InputReader: Device has associated, but no associated display id.
12-08 04:50:02.883  8703  8703 W System.err: 	at kotlinx.coroutines.JobSupport.cancelInternal(JobSupport.kt:632)
12-08 04:50:02.883  8703  8703 W System.err: 	at kotlinx.coroutines.JobSupport.cancel(JobSupport.kt:617)
12-08 04:50:02.883  8703  8703 W System.err: 	at kotlinx.coroutines.JobKt__JobKt.cancel(Job.kt:561)
12-08 04:50:02.883  8703  8703 W System.err: 	at kotlinx.coroutines.JobKt.cancel(Unknown Source:1)
12-08 04:50:02.883  8703  8703 W System.err: 	at kotlinx.coroutines.JobKt__JobKt.cancel$default(Job.kt:560)
12-08 04:50:02.883  8703  8703 W System.err: 	at kotlinx.coroutines.JobKt.cancel$default(Unknown Source:1)
12-08 04:50:02.883  8703  8703 W System.err: 	at androidx.lifecycle.CloseableCoroutineScope.close(ViewModel.kt:51)
12-08 04:50:02.883  8703  8703 W System.err: 	at androidx.lifecycle.ViewModel.closeWithRuntimeException(ViewModel.java:188)
12-08 04:50:02.883  8703  8703 W System.err: 	at androidx.lifecycle.ViewModel.clear(ViewModel.java:134)
12-08 04:50:02.884  8703  8703 W System.err: 	at androidx.lifecycle.ViewModelStore.clear(ViewModelStore.java:62)
12-08 04:50:02.884  8703  8703 W System.err: 	at androidx.fragment.app.FragmentManagerViewModel.clearNonConfigStateInternal(FragmentManagerViewModel.java:210)
12-08 04:50:02.884  8703  8703 W System.err: 	at androidx.fragment.app.FragmentManagerViewModel.clearNonConfigState(FragmentManagerViewModel.java:190)
12-08 04:50:02.884  8703  8703 W System.err: 	at androidx.fragment.app.FragmentStateManager.destroy(FragmentStateManager.java:778)
12-08 04:50:02.884  8703  8703 W System.err: 	at androidx.fragment.app.FragmentStateManager.moveToExpectedState(FragmentStateManager.java:335)
12-08 04:50:02.884  8703  8703 W System.err: 	at androidx.fragment.app.FragmentStore.moveToExpectedState(FragmentStore.java:121)
12-08 04:50:02.885  8703  8703 W System.err: 	at androidx.fragment.app.FragmentManager.moveToState(FragmentManager.java:1374)
12-08 04:50:02.885  8703  8703 W System.err: 	at androidx.fragment.app.FragmentManager.dispatchStateChange(FragmentManager.java:2841)
12-08 04:50:02.885  8703  8703 W System.err: 	at androidx.fragment.app.FragmentManager.dispatchDestroy(FragmentManager.java:2820)
12-08 04:50:02.885  8703  8703 W System.err: 	at androidx.fragment.app.Fragment.performDestroy(Fragment.java:3246)
12-08 04:50:02.885  8703  8703 W System.err: 	at androidx.fragment.app.FragmentStateManager.destroy(FragmentStateManager.java:780)
12-08 04:50:02.886  8703  8703 W System.err: 	at androidx.fragment.app.FragmentStateManager.moveToExpectedState(FragmentStateManager.java:335)
12-08 04:50:02.886  8703  8703 W System.err: 	at androidx.fragment.app.SpecialEffectsController$FragmentStateManagerOperation.complete(SpecialEffectsController.java:771)
12-08 04:50:02.886  8703  8703 W System.err: 	at androidx.fragment.app.SpecialEffectsController$Operation.cancel(SpecialEffectsController.java:615)
12-08 04:50:02.886  2018  3060 W InputReader: Device has associated, but no associated display id.
12-08 04:50:02.887  2018  3060 I chatty  : uid=1000(system) Binder:2018_F identical 5 lines
12-08 04:50:02.887  2018  3060 W InputReader: Device has associated, but no associated display id.
12-08 04:50:02.887  8703  8703 W System.err: 	at androidx.fragment.app.SpecialEffectsController.forceCompleteAllOperations(SpecialEffectsController.java:350)
12-08 04:50:02.887  8703  8703 W System.err: 	at androidx.fragment.app.FragmentManager.dispatchStateChange(FragmentManager.java:2844)
12-08 04:50:02.887  8703  8703 W System.err: 	at androidx.fragment.app.FragmentManager.dispatchDestroy(FragmentManager.java:2820)
12-08 04:50:02.887  2018  3060 W InputReader: Device has associated, but no associated display id.
12-08 04:50:02.887  2018  3060 I chatty  : uid=1000(system) Binder:2018_F identical 1 line
12-08 04:50:02.887  2018  3060 W InputReader: Device has associated, but no associated display id.
12-08 04:50:02.887  8703  8703 W System.err: 	at androidx.fragment.app.FragmentController.dispatchDestroy(FragmentController.java:345)
12-08 04:50:02.887  8703  8703 W System.err: 	at androidx.fragment.app.FragmentActivity.onDestroy(FragmentActivity.java:306)
12-08 04:50:02.887  8703  8703 W System.err: 	at androidx.appcompat.app.AppCompatActivity.onDestroy(AppCompatActivity.java:278)
12-08 04:50:02.887  8703  8703 W System.err: 	at android.app.Activity.performDestroy(Activity.java:8048)
12-08 04:50:02.888  8703  8703 W System.err: 	at android.app.Instrumentation.callActivityOnDestroy(Instrumentation.java:1334)
12-08 04:50:02.888  8703  8703 W System.err: 	at androidx.test.runner.MonitoringInstrumentation.callActivityOnDestroy(MonitoringInstrumentation.java:766)
12-08 04:50:02.888  8703  8703 W System.err: 	at android.app.ActivityThread.performDestroyActivity(ActivityThread.java:4926)
12-08 04:50:02.889  8703  8703 W System.err: 	at android.app.ActivityThread.handleDestroyActivity(ActivityThread.java:4970)
12-08 04:50:02.889  8703  8703 W System.err: 	at android.app.servertransaction.DestroyActivityItem.execute(DestroyActivityItem.java:44)
12-08 04:50:02.889  8703  8703 W System.err: 	at android.app.servertransaction.TransactionExecutor.executeLifecycleState(TransactionExecutor.java:176)
12-08 04:50:02.889  8703  8703 W System.err: 	at android.app.servertransaction.TransactionExecutor.execute(TransactionExecutor.java:97)
12-08 04:50:02.892  8703  8703 W System.err: 	at android.app.ActivityThread$H.handleMessage(ActivityThread.java:2016)
12-08 04:50:02.892  8703  8703 W System.err: 	at android.os.Handler.dispatchMessage(Handler.java:107)
12-08 04:50:02.892  8703  8703 W System.err: 	at android.os.Looper.loop(Looper.java:214)
12-08 04:50:02.892  8703  8703 W System.err: 	at android.app.ActivityThread.main(ActivityThread.java:7356)
12-08 04:50:02.893  8703  8703 W System.err: 	at java.lang.reflect.Method.invoke(Native Method)
12-08 04:50:02.893  8703  8703 W System.err: 	at com.android.internal.os.RuntimeInit$MethodAndArgsCaller.run(RuntimeInit.java:492)
12-08 04:50:02.893  8703  8703 W System.err: 	at com.android.internal.os.ZygoteInit.main(ZygoteInit.java:930)
12-08 04:50:02.897  8760  8760 W ActivityThread: handleWindowVisibility: no activity for token android.os.BinderProxy@c974a82
12-08 04:50:02.899  8703  8703 D LifecycleMonitor: Lifecycle status change: ru.iteco.fmhandroid.ui.AppActivity@595ae07 in: DESTROYED
12-08 04:50:02.899  8703  8703 V ActivityScenario: Update currentActivityStage to DESTROYED, currentActivity=null
12-08 04:50:02.929  8703  8742 D FA      : Connected to remote service
12-08 04:50:02.930  8703  8742 V FA      : Processing queued up service tasks: 2
12-08 04:50:02.964  1776  1927 D gralloc_ranchu: gralloc_alloc: Creating ashmem region of size 10108928
12-08 04:50:02.969  1776  1927 D gralloc_ranchu: gralloc_alloc: Creating ashmem region of size 10108928
12-08 04:50:02.972  1776  1825 D gralloc_ranchu: gralloc_alloc: Creating ashmem region of size 10108928
12-08 04:50:02.978  8760  8792 D EGL_emulation: eglMakeCurrent: 0xe59eb240: ver 2 0 (tinfo 0xf0c893f0)
