--------- beginning of main
11-21 19:12:02.699  2073  2073 I ViewInteraction: Performing 'wait for a specific view with <view.getId() is <2131231223/ru.iteco.fmhandroid:id/news_item_publish_time_text_input_edit_text>> during 20000 millis.' action on view view.getRootView() to equal view
11-21 19:12:02.702  2073  2073 I ViewInteraction: Performing 'single click' action on view view.getId() is <2131231223/ru.iteco.fmhandroid:id/news_item_publish_time_text_input_edit_text>
11-21 19:12:02.815  1761  8136 D gralloc_ranchu: gralloc_alloc: Creating ashmem region of size 9261056
11-21 19:12:02.818  1761  8136 I chatty  : uid=1000(system) HwBinder:1761_3 identical 1 line
11-21 19:12:02.819  1761  8136 D gralloc_ranchu: gralloc_alloc: Creating ashmem region of size 9261056
11-21 19:12:02.828  2073  2188 D EGL_emulation: eglMakeCurrent: 0xdde1b800: ver 2 0 (tinfo 0xcd76aa70)
11-21 19:12:02.869  2073  2188 D EGL_emulation: eglMakeCurrent: 0xdde1b800: ver 2 0 (tinfo 0xcd76aa70)
11-21 19:12:03.133  2073  2073 I ViewInteraction: Performing 'wait for a specific view with <is assignable from class <class android.widget.TimePicker>> during 20000 millis.' action on view view.getRootView() to equal view
11-21 19:12:03.136  2073  2073 I ViewInteraction: Checking 'MatchesViewAssertion{viewMatcher=(view has effective visibility <VISIBLE> and view.getGlobalVisibleRect() to return non-empty rectangle)}' assertion on view is assignable from class <class android.widget.TimePicker>
11-21 19:12:03.137  2073  2073 I ViewInteraction: Performing 'wait for a specific view with <is assignable from class <class android.widget.TimePicker>> during 20000 millis.' action on view view.getRootView() to equal view
11-21 19:12:03.139  2073  2073 I ViewInteraction: Performing 'set time' action on view is assignable from class <class android.widget.TimePicker>
11-21 19:12:03.155  2073  2188 D EGL_emulation: eglMakeCurrent: 0xdde1b800: ver 2 0 (tinfo 0xcd76aa70)
11-21 19:12:03.158  2073  2073 I ViewInteraction: Performing 'wait for a specific view with <view.getId() is <16908313/android:id/button1>> during 20000 millis.' action on view view.getRootView() to equal view
11-21 19:12:03.161  2073  2073 I ViewInteraction: Performing 'single click' action on view view.getId() is <16908313/android:id/button1>
11-21 19:12:03.233  2073  2188 D EGL_emulation: eglMakeCurrent: 0xdde1b800: ver 2 0 (tinfo 0xcd76aa70)
11-21 19:12:03.238  2006  2899 E InputDispatcher: Window handle Window{44104c8 u0 ru.iteco.fmhandroid/ru.iteco.fmhandroid.ui.AppActivity} has no registered input channel
11-21 19:12:03.249  2073  2188 D EGL_emulation: eglMakeCurrent: 0xdde1b800: ver 2 0 (tinfo 0xcd76aa70)
11-21 19:12:03.253  2006  2024 E InputDispatcher: Window handle Window{44104c8 u0 ru.iteco.fmhandroid/ru.iteco.fmhandroid.ui.AppActivity} has no registered input channel
11-21 19:12:03.502  2073  2073 I ViewInteraction: Performing 'wait for a specific view with <view.getId() is <2131231211/ru.iteco.fmhandroid:id/news_item_description_text_input_edit_text>> during 20000 millis.' action on view view.getRootView() to equal view
11-21 19:12:03.506  2073  2073 I ViewInteraction: Performing 'replace text(Тест новость Объявление c5a1da6f-bbff-4d31-b5f7-1979eefd7e55)' action on view view.getId() is <2131231211/ru.iteco.fmhandroid:id/news_item_description_text_input_edit_text>
11-21 19:12:03.544  2073  2073 I ViewInteraction: Performing 'wait for a specific view with <view.getId() is <2131231291/ru.iteco.fmhandroid:id/save_button>> during 20000 millis.' action on view view.getRootView() to equal view
11-21 19:12:03.549  2073  2073 I ViewInteraction: Performing 'single click' action on view view.getId() is <2131231291/ru.iteco.fmhandroid:id/save_button>
11-21 19:12:03.607  2073  3030 I okhttp.OkHttpClient: --> POST http://www.981757-ca08998.tmweb.ru:8080/fmh/news
11-21 19:12:03.608  2073  3030 I okhttp.OkHttpClient: Content-Type: application/json; charset=UTF-8
11-21 19:12:03.608  2073  3030 I okhttp.OkHttpClient: Content-Length: 369
11-21 19:12:03.608  2073  3030 I okhttp.OkHttpClient: {"createDate":1669047123,"creatorId":2,"creatorName":"Иванов Данил Данилович","description":"Тест новость Объявление c5a1da6f-bbff-4d31-b5f7-1979eefd7e55","isOpen":false,"newsCategoryId":1,"publishDate":1669046220,"publishEnabled":true,"title":"Тест новость Объявление c5a1da6f-bbff-4d31-b5f7-1979eefd7e55"}
11-21 19:12:03.608  2073  3030 I okhttp.OkHttpClient: --> END POST (369-byte body)
11-21 19:12:03.840  2073  2073 I ViewInteraction: Performing 'wait for a specific view with <view.getId() is <2131231230/ru.iteco.fmhandroid:id/news_list_recycler_view>> during 20000 millis.' action on view view.getRootView() to equal view
11-21 19:12:04.203  2073  3030 I okhttp.OkHttpClient: <-- 200 http://www.981757-ca08998.tmweb.ru:8080/fmh/news (595ms)
11-21 19:12:04.204  2073  3030 I okhttp.OkHttpClient: Vary: Origin
11-21 19:12:04.204  2073  3030 I okhttp.OkHttpClient: Vary: Access-Control-Request-Method
11-21 19:12:04.204  2073  3030 I okhttp.OkHttpClient: Vary: Access-Control-Request-Headers
11-21 19:12:04.204  2073  3030 I okhttp.OkHttpClient: X-Content-Type-Options: nosniff
11-21 19:12:04.204  2073  3030 I okhttp.OkHttpClient: X-XSS-Protection: 1; mode=block
11-21 19:12:04.204  2073  3030 I okhttp.OkHttpClient: Cache-Control: no-cache, no-store, max-age=0, must-revalidate
11-21 19:12:04.204  2073  3030 I okhttp.OkHttpClient: Pragma: no-cache
11-21 19:12:04.204  2073  3030 I okhttp.OkHttpClient: Expires: 0
11-21 19:12:04.204  2073  3030 I okhttp.OkHttpClient: X-Frame-Options: DENY
11-21 19:12:04.204  2073  3030 I okhttp.OkHttpClient: Content-Type: application/json
11-21 19:12:04.204  2073  3030 I okhttp.OkHttpClient: Transfer-Encoding: chunked
11-21 19:12:04.204  2073  3030 I okhttp.OkHttpClient: Date: Mon, 21 Nov 2022 16:12:49 GMT
11-21 19:12:04.204  2073  3030 I okhttp.OkHttpClient: Keep-Alive: timeout=60
11-21 19:12:04.204  2073  3030 I okhttp.OkHttpClient: Connection: keep-alive
11-21 19:12:04.205  2073  3030 I okhttp.OkHttpClient: {"id":3759,"newsCategoryId":1,"title":"Тест новость Объявление c5a1da6f-bbff-4d31-b5f7-1979eefd7e55","description":"Тест новость Объявление c5a1da6f-bbff-4d31-b5f7-1979eefd7e55","creatorId":2,"createDate":1669047123,"publishDate":1669046220,"publishEnabled":true,"creatorName":"Иванов Данил Данилович"}
11-21 19:12:04.205  2073  3030 I okhttp.OkHttpClient: <-- END HTTP (364-byte body)
11-21 19:12:04.288  2073  2073 I ViewInteraction: Checking 'MatchesViewAssertion{viewMatcher=(view has effective visibility <VISIBLE> and view.getGlobalVisibleRect() to return non-empty rectangle)}' assertion on view view.getId() is <2131231230/ru.iteco.fmhandroid:id/news_list_recycler_view>
11-21 19:12:04.292  2073  2073 I ViewInteraction: Performing 'scroll RecyclerView to: holder with view: ((view is an instance of android.view.ViewGroup and has descendant matching an instance of android.widget.TextView and view.getText() with or without transformation to match: is "Тест новость Объявление c5a1da6f-bbff-4d31-b5f7-1979eefd7e55"))' action on view view.getId() is <2131231230/ru.iteco.fmhandroid:id/news_list_recycler_view>
11-21 19:12:04.367  2073  2073 I ViewInteraction: Checking 'MatchesViewAssertion{viewMatcher=(view has effective visibility <VISIBLE> and view.getGlobalVisibleRect() to return non-empty rectangle)}' assertion on view view.getId() is <2131231230/ru.iteco.fmhandroid:id/news_list_recycler_view>
11-21 19:12:04.370  2073  2073 I ViewInteraction: Performing 'wait for a specific view with <view.getId() is <2131231230/ru.iteco.fmhandroid:id/news_list_recycler_view>> during 20000 millis.' action on view view.getRootView() to equal view
11-21 19:12:04.373  2073  2073 I ViewInteraction: Checking 'MatchesViewAssertion{viewMatcher=(view has effective visibility <VISIBLE> and view.getGlobalVisibleRect() to return non-empty rectangle)}' assertion on view view.getId() is <2131231230/ru.iteco.fmhandroid:id/news_list_recycler_view>
11-21 19:12:04.376  2073  2073 I ViewInteraction: Performing 'scroll RecyclerView to: holder with view: ((view is an instance of android.view.ViewGroup and has descendant matching an instance of android.widget.TextView and view.getText() with or without transformation to match: is "Тест новость Объявление c5a1da6f-bbff-4d31-b5f7-1979eefd7e55"))' action on view view.getId() is <2131231230/ru.iteco.fmhandroid:id/news_list_recycler_view>
11-21 19:12:04.441  2073  2073 I ViewInteraction: Performing 'wait for a specific view with <(view.getId() is <2131230982> and view.getParent() view.getParent() (view.getId() is <2131231215> and (view is an instance of android.view.ViewGroup and has child matching: (view is an instance of android.view.ViewGroup and has child matching: an instance of android.widget.TextView and view.getText() with or without transformation to match: is "Тест новость Объявление c5a1da6f-bbff-4d31-b5f7-1979eefd7e55"))))> during 20000 millis.' action on view view.getRootView() to equal view
11-21 19:12:04.445  2073  2073 I ViewInteraction: Checking 'MatchesViewAssertion{viewMatcher=(view has effective visibility <VISIBLE> and view.getGlobalVisibleRect() to return non-empty rectangle)}' assertion on view (view.getId() is <2131230982/ru.iteco.fmhandroid:id/delete_news_item_image_view> and view.getParent() view.getParent() (view.getId() is <2131231215/ru.iteco.fmhandroid:id/news_item_material_card_view> and (view is an instance of android.view.ViewGroup and has child matching: (view is an instance of android.view.ViewGroup and has child matching: an instance of android.widget.TextView and view.getText() with or without transformation to match: is "Тест новость Объявление c5a1da6f-bbff-4d31-b5f7-1979eefd7e55"))))
11-21 19:12:04.448  2073  2073 I ViewInteraction: Performing 'single click' action on view (view.getId() is <2131230982/ru.iteco.fmhandroid:id/delete_news_item_image_view> and view.getParent() view.getParent() (view.getId() is <2131231215/ru.iteco.fmhandroid:id/news_item_material_card_view> and (view is an instance of android.view.ViewGroup and has child matching: (view is an instance of android.view.ViewGroup and has child matching: an instance of android.widget.TextView and view.getText() with or without transformation to match: is "Тест новость Объявление c5a1da6f-bbff-4d31-b5f7-1979eefd7e55"))))
11-21 19:12:04.530  1761  8136 D gralloc_ranchu: gralloc_alloc: Creating ashmem region of size 5107712
11-21 19:12:04.534  1761  8136 D gralloc_ranchu: gralloc_alloc: Creating ashmem region of size 5107712
11-21 19:12:04.536  2073  2188 D EGL_emulation: eglMakeCurrent: 0xdde1b800: ver 2 0 (tinfo 0xcd76aa70)
11-21 19:12:04.555  1761  8136 D gralloc_ranchu: gralloc_alloc: Creating ashmem region of size 5107712
11-21 19:12:04.577  2073  2188 D EGL_emulation: eglMakeCurrent: 0xdde1b800: ver 2 0 (tinfo 0xcd76aa70)
11-21 19:12:04.797  2073  2073 I ViewInteraction: Performing 'wait for a specific view with <an instance of android.widget.TextView and view.getText() with or without transformation to match: is "Are you sure you want to permanently delete the document? These changes cannot be reversed in the future."> during 20000 millis.' action on view view.getRootView() to equal view
11-21 19:12:04.800  2073  2073 I ViewInteraction: Checking 'MatchesViewAssertion{viewMatcher=(view has effective visibility <VISIBLE> and view.getGlobalVisibleRect() to return non-empty rectangle)}' assertion on view an instance of android.widget.TextView and view.getText() with or without transformation to match: is "Are you sure you want to permanently delete the document? These changes cannot be reversed in the future."
11-21 19:12:04.802  2073  2073 I ViewInteraction: Performing 'wait for a specific view with <view.getId() is <16908313/android:id/button1>> during 20000 millis.' action on view view.getRootView() to equal view
11-21 19:12:04.805  2073  2073 I ViewInteraction: Performing 'single click' action on view view.getId() is <16908313/android:id/button1>
11-21 19:12:04.855  2073  2188 D EGL_emulation: eglMakeCurrent: 0xdde1b800: ver 2 0 (tinfo 0xcd76aa70)
11-21 19:12:04.859  2073  3030 I okhttp.OkHttpClient: --> DELETE http://www.981757-ca08998.tmweb.ru:8080/fmh/news/3759
11-21 19:12:04.859  2073  3030 I okhttp.OkHttpClient: --> END DELETE
11-21 19:12:04.867  2073  2188 D EGL_emulation: eglMakeCurrent: 0xdde1b800: ver 2 0 (tinfo 0xcd76aa70)
11-21 19:12:04.888  2006  4428 E InputDispatcher: Window handle Window{a080610 u0 ru.iteco.fmhandroid/ru.iteco.fmhandroid.ui.AppActivity} has no registered input channel
11-21 19:12:04.893  2073  2188 D EGL_emulation: eglMakeCurrent: 0xdde1b800: ver 2 0 (tinfo 0xcd76aa70)
11-21 19:12:04.989  2073  3030 I okhttp.OkHttpClient: <-- 200 http://www.981757-ca08998.tmweb.ru:8080/fmh/news/3759 (129ms)
11-21 19:12:04.989  2073  3030 I okhttp.OkHttpClient: Vary: Origin
11-21 19:12:04.990  2073  3030 I okhttp.OkHttpClient: Vary: Access-Control-Request-Method
11-21 19:12:04.990  2073  3030 I okhttp.OkHttpClient: Vary: Access-Control-Request-Headers
11-21 19:12:04.990  2073  3030 I okhttp.OkHttpClient: X-Content-Type-Options: nosniff
11-21 19:12:04.990  2073  3030 I okhttp.OkHttpClient: X-XSS-Protection: 1; mode=block
11-21 19:12:04.990  2073  3030 I okhttp.OkHttpClient: Cache-Control: no-cache, no-store, max-age=0, must-revalidate
11-21 19:12:04.990  2073  3030 I okhttp.OkHttpClient: Pragma: no-cache
11-21 19:12:04.990  2073  3030 I okhttp.OkHttpClient: Expires: 0
11-21 19:12:04.990  2073  3030 I okhttp.OkHttpClient: X-Frame-Options: DENY
11-21 19:12:04.990  2073  3030 I okhttp.OkHttpClient: Content-Length: 0
11-21 19:12:04.990  2073  3030 I okhttp.OkHttpClient: Date: Mon, 21 Nov 2022 16:12:50 GMT
11-21 19:12:04.990  2073  3030 I okhttp.OkHttpClient: Keep-Alive: timeout=60
11-21 19:12:04.990  2073  3030 I okhttp.OkHttpClient: Connection: keep-alive
11-21 19:12:04.990  2073  3030 I okhttp.OkHttpClient: <-- END HTTP (0-byte body)
11-21 19:12:05.126  2006  6495 W InputReader: Device has associated, but no associated display id.
11-21 19:12:05.126  2006  6495 I chatty  : uid=1000(system) Binder:2006_1A identical 8 lines
11-21 19:12:05.126  2006  6495 W InputReader: Device has associated, but no associated display id.
11-21 19:12:05.133  2073  2073 D LifecycleMonitor: Lifecycle status change: ru.iteco.fmhandroid.ui.AppActivity@9405a7d in: PAUSED
11-21 19:12:05.137  2073  3101 V FA      : Recording user engagement, ms: 34448
11-21 19:12:05.137  2006  4428 W InputReader: Device has associated, but no associated display id.
11-21 19:12:05.137  2006  4428 I chatty  : uid=1000(system) Binder:2006_10 identical 8 lines
11-21 19:12:05.137  2006  4428 W InputReader: Device has associated, but no associated display id.
11-21 19:12:05.159  1761  8136 D gralloc_ranchu: gralloc_alloc: Creating ashmem region of size 14749696
11-21 19:12:05.165  2073  2174 I TestRunner: finished: shouldCreateANewsItemWithCategoryAnnouncement(ru.iteco.fmhandroid.ui.NewsCreationFormTest)
11-21 19:12:05.166  1761  8136 D gralloc_ranchu: gralloc_alloc: Creating ashmem region of size 14749696
11-21 19:12:05.167  1761  8136 D gralloc_ranchu: gralloc_alloc: Creating ashmem region of size 14749696
11-21 19:12:05.171  2876  3288 D EGL_emulation: eglMakeCurrent: 0xdde1bb00: ver 2 0 (tinfo 0xdde0ff90)
11-21 19:12:05.181  2073  3101 V FA      : Connecting to remote service
11-21 19:12:05.200  1761  8136 D gralloc_ranchu: gralloc_alloc: Creating ashmem region of size 14749696
11-21 19:12:05.208  1761  8136 I chatty  : uid=1000(system) HwBinder:1761_3 identical 1 line
11-21 19:12:05.209  1761  8136 D gralloc_ranchu: gralloc_alloc: Creating ashmem region of size 14749696
11-21 19:12:05.215  2441  2951 D EGL_emulation: eglMakeCurrent: 0xdde1a480: ver 2 0 (tinfo 0xdde0f530)
--------- beginning of system
11-21 19:12:05.216  2006  2006 W ActivityManager: Unable to start service Intent { act=android.service.appprediction.AppPredictionService cmp=com.google.android.as/com.google.android.apps.miphone.aiai.app.AiAiPredictionService } U=0: not found
11-21 19:12:05.216  2006  2006 W RemoteAppPredictionService: could not bind to Intent { act=android.service.appprediction.AppPredictionService cmp=com.google.android.as/com.google.android.apps.miphone.aiai.app.AiAiPredictionService } using flags 67108865
11-21 19:12:05.258  2073  3101 V FA      : Connection attempt already in progress
11-21 19:12:05.258  2073  3101 V FA      : Activity paused, time: 843159342
11-21 19:12:05.264  2876  2876 W ThreadPoolDumper: Queue length for executor EventBus is now 11. Perhaps some tasks are too long, or the pool is too small.
11-21 19:12:05.265  2006  2032 W InputReader: Device has associated, but no associated display id.
11-21 19:12:05.265  2006  2032 I chatty  : uid=1000(system) android.anim identical 8 lines
11-21 19:12:05.266  2006  2032 W InputReader: Device has associated, but no associated display id.
11-21 19:12:05.271  1761  8136 D gralloc_ranchu: gralloc_alloc: Creating ashmem region of size 9441280
11-21 19:12:05.280  7825  7875 D EGL_emulation: eglMakeCurrent: 0xe5ffa5c0: ver 2 0 (tinfo 0xda8dd010)
11-21 19:12:05.292  7825  7875 D EGL_emulation: eglMakeCurrent: 0xe5ffa5c0: ver 2 0 (tinfo 0xda8dd010)
11-21 19:12:05.313  2876  3118 W SessionLifecycleManager: Handover failed. Creating new session controller.
11-21 19:12:05.320  1775  1775 E Layer   : [Surface(name=AppWindowToken{cf95f47 token=Token{19f6a86 ActivityRecord{5fbaf61 u0 com.google.android.apps.nexuslauncher/.NexusLauncherActivity t1123}}})/@0xb8f158b - animation-leash#0] No local sync point found
11-21 19:12:05.320  1775  1775 E Layer   : [Surface(name=AppWindowToken{ae1a25c token=Token{40328cf ActivityRecord{7c3c52e u0 ru.iteco.fmhandroid/.ui.AppActivity t2541}}})/@0xe029f21 - animation-leash#0] No local sync point found
11-21 19:12:05.340  2073  3101 D FA      : Connected to remote service
11-21 19:12:05.341  2073  3101 V FA      : Processing queued up service tasks: 2
11-21 19:12:05.341  7825  7875 D EGL_emulation: eglMakeCurrent: 0xe5ffa5c0: ver 2 0 (tinfo 0xda8dd010)
11-21 19:12:05.359  2073  2188 D EGL_emulation: eglMakeCurrent: 0xdde1b800: ver 2 0 (tinfo 0xcd76aa70)
11-21 19:12:05.383  2073  2073 D AutofillManager: onActivityFinishing(): calling cancelLocked()
11-21 19:12:05.385  2073  2073 D LifecycleMonitor: Lifecycle status change: ru.iteco.fmhandroid.ui.AppActivity@9405a7d in: STOPPED
11-21 19:12:05.399  2441  2459 I s.nexuslaunche: NativeAlloc concurrent copying GC freed 5147(350KB) AllocSpace objects, 0(0B) LOS objects, 49% free, 2900KB/5800KB, paused 6.210ms total 84.640ms
11-21 19:12:05.401  2073  2073 W System.err: ru.iteco.fmhandroid.exceptions.UnknownException
11-21 19:12:05.401  2441  2461 W System  : A resource failed to call release. 
11-21 19:12:05.401  2073  2073 W System.err: 	at ru.iteco.fmhandroid.utils.Utils.makeRequest(Utils.kt:123)
11-21 19:12:05.401  2441  2461 W System  : A resource failed to call release. 
11-21 19:12:05.402  2073  2073 W System.err: 	at ru.iteco.fmhandroid.utils.Utils$makeRequest$1.invokeSuspend(Unknown Source:15)
11-21 19:12:05.402  2073  2073 W System.err: 	at kotlin.coroutines.jvm.internal.BaseContinuationImpl.resumeWith(ContinuationImpl.kt:33)
11-21 19:12:05.402  2073  2073 W System.err: 	at kotlinx.coroutines.DispatchedTaskKt.resume(DispatchedTask.kt:234)
11-21 19:12:05.402  2073  2073 W System.err: 	at kotlinx.coroutines.DispatchedTaskKt.resumeUnconfined(DispatchedTask.kt:190)
11-21 19:12:05.402  2073  2073 W System.err: 	at kotlinx.coroutines.DispatchedTaskKt.dispatch(DispatchedTask.kt:161)
11-21 19:12:05.402  2073  2073 W System.err: 	at kotlinx.coroutines.CancellableContinuationImpl.dispatchResume(CancellableContinuationImpl.kt:397)
11-21 19:12:05.402  2073  2073 W System.err: 	at kotlinx.coroutines.CancellableContinuationImpl.cancel(CancellableContinuationImpl.kt:183)
11-21 19:12:05.402  2073  2073 W System.err: 	at kotlinx.coroutines.CancellableContinuationImpl.parentCancelled$kotlinx_coroutines_core(CancellableContinuationImpl.kt:190)
11-21 19:12:05.403  2073  2073 W System.err: 	at kotlinx.coroutines.ChildContinuation.invoke(JobSupport.kt:1474)
11-21 19:12:05.404  2073  2073 W System.err: 	at kotlinx.coroutines.JobSupport.notifyCancelling(JobSupport.kt:1499)
11-21 19:12:05.404  2073  2073 W System.err: 	at kotlinx.coroutines.JobSupport.tryMakeCancelling(JobSupport.kt:795)
11-21 19:12:05.404  2073  2073 W System.err: 	at kotlinx.coroutines.JobSupport.makeCancelling(JobSupport.kt:755)
11-21 19:12:05.404  2073  2073 W System.err: 	at kotlinx.coroutines.JobSupport.cancelImpl$kotlinx_coroutines_core(JobSupport.kt:671)
11-21 19:12:05.404  2073  2073 W System.err: 	at kotlinx.coroutines.JobSupport.parentCancelled(JobSupport.kt:637)
11-21 19:12:05.404  2073  2073 W System.err: 	at kotlinx.coroutines.ChildHandleNode.invoke(JobSupport.kt:1465)
11-21 19:12:05.404  2073  2073 W System.err: 	at kotlinx.coroutines.JobSupport.notifyCancelling(JobSupport.kt:1499)
11-21 19:12:05.405  2073  2073 W System.err: 	at kotlinx.coroutines.JobSupport.tryMakeCompletingSlowPath(JobSupport.kt:900)
11-21 19:12:05.405  2073  2073 W System.err: 	at kotlinx.coroutines.JobSupport.tryMakeCompleting(JobSupport.kt:863)
11-21 19:12:05.405  2073  2073 W System.err: 	at kotlinx.coroutines.JobSupport.cancelMakeCompleting(JobSupport.kt:696)
11-21 19:12:05.405  2073  2073 W System.err: 	at kotlinx.coroutines.JobSupport.cancelImpl$kotlinx_coroutines_core(JobSupport.kt:667)
11-21 19:12:05.405  2073  2073 W System.err: 	at kotlinx.coroutines.JobSupport.cancelInternal(JobSupport.kt:632)
11-21 19:12:05.405  2073  2073 W System.err: 	at kotlinx.coroutines.JobSupport.cancel(JobSupport.kt:617)
11-21 19:12:05.405  2073  2073 W System.err: 	at kotlinx.coroutines.JobKt__JobKt.cancel(Job.kt:561)
11-21 19:12:05.405  2073  2073 W System.err: 	at kotlinx.coroutines.JobKt.cancel(Unknown Source:1)
11-21 19:12:05.405  2073  2073 W System.err: 	at kotlinx.coroutines.JobKt__JobKt.cancel$default(Job.kt:560)
11-21 19:12:05.405  2073  2073 W System.err: 	at kotlinx.coroutines.JobKt.cancel$default(Unknown Source:1)
11-21 19:12:05.405  2073  2073 W System.err: 	at androidx.lifecycle.CloseableCoroutineScope.close(ViewModel.kt:51)
11-21 19:12:05.405  2073  2073 W System.err: 	at androidx.lifecycle.ViewModel.closeWithRuntimeException(ViewModel.java:188)
11-21 19:12:05.405  2073  2073 W System.err: 	at androidx.lifecycle.ViewModel.clear(ViewModel.java:134)
11-21 19:12:05.405  2073  2073 W System.err: 	at androidx.lifecycle.ViewModelStore.clear(ViewModelStore.java:62)
11-21 19:12:05.405  2073  2073 W System.err: 	at androidx.fragment.app.FragmentManagerViewModel.clearNonConfigStateInternal(FragmentManagerViewModel.java:210)
11-21 19:12:05.405  2073  2073 W System.err: 	at androidx.fragment.app.FragmentManagerViewModel.clearNonConfigState(FragmentManagerViewModel.java:190)
11-21 19:12:05.405  2073  2073 W System.err: 	at androidx.fragment.app.FragmentStateManager.destroy(FragmentStateManager.java:778)
11-21 19:12:05.405  2073  2073 W System.err: 	at androidx.fragment.app.FragmentStateManager.moveToExpectedState(FragmentStateManager.java:335)
11-21 19:12:05.405  2073  2073 W System.err: 	at androidx.fragment.app.FragmentStore.moveToExpectedState(FragmentStore.java:121)
11-21 19:12:05.405  2073  2073 W System.err: 	at androidx.fragment.app.FragmentManager.moveToState(FragmentManager.java:1374)
11-21 19:12:05.405  2073  2073 W System.err: 	at androidx.fragment.app.FragmentManager.dispatchStateChange(FragmentManager.java:2841)
11-21 19:12:05.405  2073  2073 W System.err: 	at androidx.fragment.app.FragmentManager.dispatchDestroy(FragmentManager.java:2820)
11-21 19:12:05.405  2073  2073 W System.err: 	at androidx.fragment.app.Fragment.performDestroy(Fragment.java:3246)
11-21 19:12:05.405  2073  2073 W System.err: 	at androidx.fragment.app.FragmentStateManager.destroy(FragmentStateManager.java:780)
11-21 19:12:05.405  2073  2073 W System.err: 	at androidx.fragment.app.FragmentStateManager.moveToExpectedState(FragmentStateManager.java:335)
11-21 19:12:05.405  2073  2073 W System.err: 	at androidx.fragment.app.SpecialEffectsController$FragmentStateManagerOperation.complete(SpecialEffectsController.java:771)
11-21 19:12:05.405  2073  2073 W System.err: 	at androidx.fragment.app.SpecialEffectsController$Operation.cancel(SpecialEffectsController.java:615)
11-21 19:12:05.405  2073  2073 W System.err: 	at androidx.fragment.app.SpecialEffectsController.forceCompleteAllOperations(SpecialEffectsController.java:350)
11-21 19:12:05.405  2073  2073 W System.err: 	at androidx.fragment.app.FragmentManager.dispatchStateChange(FragmentManager.java:2844)
11-21 19:12:05.405  2073  2073 W System.err: 	at androidx.fragment.app.FragmentManager.dispatchDestroy(FragmentManager.java:2820)
11-21 19:12:05.406  2073  2073 W System.err: 	at androidx.fragment.app.FragmentController.dispatchDestroy(FragmentController.java:345)
11-21 19:12:05.406  2073  2073 W System.err: 	at androidx.fragment.app.FragmentActivity.onDestroy(FragmentActivity.java:306)
11-21 19:12:05.406  2073  2073 W System.err: 	at androidx.appcompat.app.AppCompatActivity.onDestroy(AppCompatActivity.java:278)
11-21 19:12:05.406  2073  2073 W System.err: 	at android.app.Activity.performDestroy(Activity.java:8048)
11-21 19:12:05.406  2073  2073 W System.err: 	at android.app.Instrumentation.callActivityOnDestroy(Instrumentation.java:1334)
11-21 19:12:05.406  2073  2073 W System.err: 	at androidx.test.runner.MonitoringInstrumentation.callActivityOnDestroy(MonitoringInstrumentation.java:766)
11-21 19:12:05.406  2073  2073 W System.err: 	at android.app.ActivityThread.performDestroyActivity(ActivityThread.java:4926)
11-21 19:12:05.406  2073  2073 W System.err: 	at android.app.ActivityThread.handleDestroyActivity(ActivityThread.java:4970)
11-21 19:12:05.406  2073  2073 W System.err: 	at android.app.servertransaction.DestroyActivityItem.execute(DestroyActivityItem.java:44)
11-21 19:12:05.406  2073  2073 W System.err: 	at android.app.servertransaction.TransactionExecutor.executeLifecycleState(TransactionExecutor.java:176)
11-21 19:12:05.406  2073  2073 W System.err: 	at android.app.servertransaction.TransactionExecutor.execute(TransactionExecutor.java:97)
11-21 19:12:05.406  2073  2073 W System.err: 	at android.app.ActivityThread$H.handleMessage(ActivityThread.java:2016)
11-21 19:12:05.406  2073  2073 W System.err: 	at android.os.Handler.dispatchMessage(Handler.java:107)
11-21 19:12:05.406  2073  2073 W System.err: 	at android.os.Looper.loop(Looper.java:214)
11-21 19:12:05.406  2073  2073 W System.err: 	at android.app.ActivityThread.main(ActivityThread.java:7356)
11-21 19:12:05.406  2073  2073 W System.err: 	at java.lang.reflect.Method.invoke(Native Method)
11-21 19:12:05.406  2073  2073 W System.err: 	at com.android.internal.os.RuntimeInit$MethodAndArgsCaller.run(RuntimeInit.java:492)
11-21 19:12:05.406  2073  2073 W System.err: 	at com.android.internal.os.ZygoteInit.main(ZygoteInit.java:930)
11-21 19:12:05.427  2073  2073 W System.err: ru.iteco.fmhandroid.exceptions.UnknownException
11-21 19:12:05.427  2073  2073 W System.err: 	at ru.iteco.fmhandroid.utils.Utils.makeRequest(Utils.kt:123)
11-21 19:12:05.427  2073  2073 W System.err: 	at ru.iteco.fmhandroid.utils.Utils$makeRequest$1.invokeSuspend(Unknown Source:15)
11-21 19:12:05.427  2073  2073 W System.err: 	at kotlin.coroutines.jvm.internal.BaseContinuationImpl.resumeWith(ContinuationImpl.kt:33)
11-21 19:12:05.427  2073  2073 W System.err: 	at kotlinx.coroutines.DispatchedTaskKt.resume(DispatchedTask.kt:234)
11-21 19:12:05.427  2073  2073 W System.err: 	at kotlinx.coroutines.DispatchedTaskKt.resumeUnconfined(DispatchedTask.kt:190)
11-21 19:12:05.427  2073  2073 W System.err: 	at kotlinx.coroutines.DispatchedTaskKt.dispatch(DispatchedTask.kt:161)
11-21 19:12:05.427  2073  2073 W System.err: 	at kotlinx.coroutines.CancellableContinuationImpl.dispatchResume(CancellableContinuationImpl.kt:397)
11-21 19:12:05.427  2073  2073 W System.err: 	at kotlinx.coroutines.CancellableContinuationImpl.cancel(CancellableContinuationImpl.kt:183)
11-21 19:12:05.427  2073  2073 W System.err: 	at kotlinx.coroutines.CancellableContinuationImpl.parentCancelled$kotlinx_coroutines_core(CancellableContinuationImpl.kt:190)
11-21 19:12:05.427  2073  2073 W System.err: 	at kotlinx.coroutines.ChildContinuation.invoke(JobSupport.kt:1474)
11-21 19:12:05.427  2073  2073 W System.err: 	at kotlinx.coroutines.JobSupport.notifyCancelling(JobSupport.kt:1499)
11-21 19:12:05.427  2073  2073 W System.err: 	at kotlinx.coroutines.JobSupport.tryMakeCancelling(JobSupport.kt:795)
11-21 19:12:05.427  2073  2073 W System.err: 	at kotlinx.coroutines.JobSupport.makeCancelling(JobSupport.kt:755)
11-21 19:12:05.427  2073  2073 W System.err: 	at kotlinx.coroutines.JobSupport.cancelImpl$kotlinx_coroutines_core(JobSupport.kt:671)
11-21 19:12:05.427  2073  2073 W System.err: 	at kotlinx.coroutines.JobSupport.parentCancelled(JobSupport.kt:637)
11-21 19:12:05.427  2073  2073 W System.err: 	at kotlinx.coroutines.ChildHandleNode.invoke(JobSupport.kt:1465)
11-21 19:12:05.427  2073  2073 W System.err: 	at kotlinx.coroutines.JobSupport.notifyCancelling(JobSupport.kt:1499)
11-21 19:12:05.427  2073  2073 W System.err: 	at kotlinx.coroutines.JobSupport.tryMakeCompletingSlowPath(JobSupport.kt:900)
11-21 19:12:05.427  2073  2073 W System.err: 	at kotlinx.coroutines.JobSupport.tryMakeCompleting(JobSupport.kt:863)
11-21 19:12:05.427  2073  2073 W System.err: 	at kotlinx.coroutines.JobSupport.cancelMakeCompleting(JobSupport.kt:696)
11-21 19:12:05.427  2073  2073 W System.err: 	at kotlinx.coroutines.JobSupport.cancelImpl$kotlinx_coroutines_core(JobSupport.kt:667)
11-21 19:12:05.427  2073  2073 W System.err: 	at kotlinx.coroutines.JobSupport.cancelInternal(JobSupport.kt:632)
11-21 19:12:05.427  2073  2073 W System.err: 	at kotlinx.coroutines.JobSupport.cancel(JobSupport.kt:617)
11-21 19:12:05.427  2073  2073 W System.err: 	at kotlinx.coroutines.JobKt__JobKt.cancel(Job.kt:561)
11-21 19:12:05.427  2073  2073 W System.err: 	at kotlinx.coroutines.JobKt.cancel(Unknown Source:1)
11-21 19:12:05.427  2073  2073 W System.err: 	at kotlinx.coroutines.JobKt__JobKt.cancel$default(Job.kt:560)
11-21 19:12:05.427  2073  2073 W System.err: 	at kotlinx.coroutines.JobKt.cancel$default(Unknown Source:1)
11-21 19:12:05.427  2073  2073 W System.err: 	at androidx.lifecycle.CloseableCoroutineScope.close(ViewModel.kt:51)
11-21 19:12:05.428  2073  2073 W System.err: 	at androidx.lifecycle.ViewModel.closeWithRuntimeException(ViewModel.java:188)
11-21 19:12:05.428  2073  2073 W System.err: 	at androidx.lifecycle.ViewModel.clear(ViewModel.java:134)
11-21 19:12:05.428  2073  2073 W System.err: 	at androidx.lifecycle.ViewModelStore.clear(ViewModelStore.java:62)
11-21 19:12:05.428  2073  2073 W System.err: 	at androidx.fragment.app.FragmentManagerViewModel.clearNonConfigStateInternal(FragmentManagerViewModel.java:210)
11-21 19:12:05.428  2073  2073 W System.err: 	at androidx.fragment.app.FragmentManagerViewModel.clearNonConfigState(FragmentManagerViewModel.java:190)
11-21 19:12:05.428  2073  2073 W System.err: 	at androidx.fragment.app.FragmentStateManager.destroy(FragmentStateManager.java:778)
11-21 19:12:05.428  2073  2073 W System.err: 	at androidx.fragment.app.FragmentStateManager.moveToExpectedState(FragmentStateManager.java:335)
11-21 19:12:05.428  2073  2073 W System.err: 	at androidx.fragment.app.FragmentStore.moveToExpectedState(FragmentStore.java:121)
11-21 19:12:05.428  2073  2073 W System.err: 	at androidx.fragment.app.FragmentManager.moveToState(FragmentManager.java:1374)
11-21 19:12:05.428  2073  2073 W System.err: 	at androidx.fragment.app.FragmentManager.dispatchStateChange(FragmentManager.java:2841)
11-21 19:12:05.428  2073  2073 W System.err: 	at androidx.fragment.app.FragmentManager.dispatchDestroy(FragmentManager.java:2820)
11-21 19:12:05.428  2073  2073 W System.err: 	at androidx.fragment.app.Fragment.performDestroy(Fragment.java:3246)
11-21 19:12:05.428  2073  2073 W System.err: 	at androidx.fragment.app.FragmentStateManager.destroy(FragmentStateManager.java:780)
11-21 19:12:05.428  2073  2073 W System.err: 	at androidx.fragment.app.FragmentStateManager.moveToExpectedState(FragmentStateManager.java:335)
11-21 19:12:05.428  2073  2073 W System.err: 	at androidx.fragment.app.SpecialEffectsController$FragmentStateManagerOperation.complete(SpecialEffectsController.java:771)
11-21 19:12:05.428  2073  2073 W System.err: 	at androidx.fragment.app.SpecialEffectsController$Operation.cancel(SpecialEffectsController.java:615)
11-21 19:12:05.428  2073  2073 W System.err: 	at androidx.fragment.app.SpecialEffectsController.forceCompleteAllOperations(SpecialEffectsController.java:350)
11-21 19:12:05.428  2073  2073 W System.err: 	at androidx.fragment.app.FragmentManager.dispatchStateChange(FragmentManager.java:2844)
11-21 19:12:05.428  2073  2073 W System.err: 	at androidx.fragment.app.FragmentManager.dispatchDestroy(FragmentManager.java:2820)
11-21 19:12:05.428  2073  2073 W System.err: 	at androidx.fragment.app.FragmentController.dispatchDestroy(FragmentController.java:345)
11-21 19:12:05.428  2073  2073 W System.err: 	at androidx.fragment.app.FragmentActivity.onDestroy(FragmentActivity.java:306)
11-21 19:12:05.428  2073  2073 W System.err: 	at androidx.appcompat.app.AppCompatActivity.onDestroy(AppCompatActivity.java:278)
11-21 19:12:05.428  2073  2073 W System.err: 	at android.app.Activity.performDestroy(Activity.java:8048)
11-21 19:12:05.428  2073  2073 W System.err: 	at android.app.Instrumentation.callActivityOnDestroy(Instrumentation.java:1334)
11-21 19:12:05.428  2073  2073 W System.err: 	at androidx.test.runner.MonitoringInstrumentation.callActivityOnDestroy(MonitoringInstrumentation.java:766)
11-21 19:12:05.428  2073  2073 W System.err: 	at android.app.ActivityThread.performDestroyActivity(ActivityThread.java:4926)
11-21 19:12:05.428  2073  2073 W System.err: 	at android.app.ActivityThread.handleDestroyActivity(ActivityThread.java:4970)
11-21 19:12:05.428  2073  2073 W System.err: 	at android.app.servertransaction.DestroyActivityItem.execute(DestroyActivityItem.java:44)
11-21 19:12:05.428  2073  2073 W System.err: 	at android.app.servertransaction.TransactionExecutor.executeLifecycleState(TransactionExecutor.java:176)
11-21 19:12:05.428  2073  2073 W System.err: 	at android.app.servertransaction.TransactionExecutor.execute(TransactionExecutor.java:97)
11-21 19:12:05.428  2073  2073 W System.err: 	at android.app.ActivityThread$H.handleMessage(ActivityThread.java:2016)
11-21 19:12:05.428  2073  2073 W System.err: 	at android.os.Handler.dispatchMessage(Handler.java:107)
11-21 19:12:05.428  2073  2073 W System.err: 	at android.os.Looper.loop(Looper.java:214)
11-21 19:12:05.428  2073  2073 W System.err: 	at android.app.ActivityThread.main(ActivityThread.java:7356)
11-21 19:12:05.428  2073  2073 W System.err: 	at java.lang.reflect.Method.invoke(Native Method)
11-21 19:12:05.428  2073  2073 W System.err: 	at com.android.internal.os.RuntimeInit$MethodAndArgsCaller.run(RuntimeInit.java:492)
11-21 19:12:05.428  2073  2073 W System.err: 	at com.android.internal.os.ZygoteInit.main(ZygoteInit.java:930)
11-21 19:12:05.431  2876  2235 W LocationOracle: No location history returned by ContextManager
11-21 19:12:05.434  2757  3186 V FA-SVC  : Logging event: origin=auto,name=user_engagement(_e),params=Bundle[{ga_event_origin(_o)=auto, engagement_time_msec(_et)=34448, ga_screen_class(_sc)=AppActivity, ga_screen_id(_si)=1969996081156450806}]
11-21 19:12:05.446  2073  2073 D LifecycleMonitor: Lifecycle status change: ru.iteco.fmhandroid.ui.AppActivity@9405a7d in: DESTROYED
11-21 19:12:05.447  2876  3118 I MicroDetectionWorker: #startMicroDetector [speakerMode: 0]
11-21 19:12:05.450  2876  3118 W ErrorReporter: reportError [type: 211, code: 393244, bug: 0]: errorCode: 393244, engine: 0
11-21 19:12:05.454  2876  3118 I MicroDetector: Keeping mic open: false
11-21 19:12:05.455  2876  3118 I MicroDetectionWorker: #onError(false)
11-21 19:12:05.461  2073  2174 I TestRunner: started: shouldCreateANewsItemWithPublicationTimeInOneHour(ru.iteco.fmhandroid.ui.NewsCreationFormTest)
11-21 19:12:05.480  2757  3186 V FA-SVC  : Upload scheduled in approximately ms: 2349189
11-21 19:12:05.481  2757  3186 V FA-SVC  : Unscheduling upload
11-21 19:12:05.485  2757  3186 V FA-SVC  : Scheduling upload, millis: 2349189
11-21 19:12:05.493  2073  2174 W ActivityTestRule: getActivityIntent() returned null using default: Intent(Intent.ACTION_MAIN)
11-21 19:12:05.496  2757  3186 V FA-SVC  : Background event processing time, ms: 62
11-21 19:12:05.497  2006  2899 I ActivityTaskManager: START u0 {act=android.intent.action.MAIN flg=0x10000000 cmp=ru.iteco.fmhandroid/.ui.AppActivity} from uid 10153
11-21 19:12:05.515  2006  2899 W InputReader: Device has associated, but no associated display id.
11-21 19:12:05.516  2006  2899 I chatty  : uid=1000(system) Binder:2006_9 identical 18 lines
11-21 19:12:05.516  2006  2899 W InputReader: Device has associated, but no associated display id.
11-21 19:12:05.517  2073  2073 W ActivityThread: handleWindowVisibility: no activity for token android.os.BinderProxy@108b6f7
11-21 19:12:05.517  2006  2899 W InputReader: Device has associated, but no associated display id.
11-21 19:12:05.521  2006  2899 I chatty  : uid=1000(system) Binder:2006_9 identical 18 lines
11-21 19:12:05.521  2006  2899 W InputReader: Device has associated, but no associated display id.
11-21 19:12:05.523  2006  2032 E system_server: Invalid ID 0x00000000.
11-21 19:12:05.536  2073  2073 D LifecycleMonitor: Lifecycle status change: ru.iteco.fmhandroid.ui.AppActivity@687cb93 in: PRE_ON_CREATE
11-21 19:12:05.542  2073  2578 V FA      : onActivityCreated
11-21 19:12:05.542  1761  8136 D gralloc_ranchu: gralloc_alloc: Creating ashmem region of size 14749696
11-21 19:12:05.552  2073  2073 D LifecycleMonitor: Lifecycle status change: ru.iteco.fmhandroid.ui.AppActivity@687cb93 in: CREATED
11-21 19:12:05.569  2580  3051 W ctxmgr  : [AclManager] No 3 for (accnt=account#-517948760#, com.google.android.gms(10114):UserVelocityProducer, vrsn=202414022, 0, 3pPkg = null ,  3pMdlId = null ,  pid = 2580). Was: 3 for 1, account#-517948760# [CONTEXT service_id=47 ]
11-21 19:12:05.591  2073  2073 D LifecycleMonitor: Lifecycle status change: ru.iteco.fmhandroid.ui.AppActivity@687cb93 in: STARTED
11-21 19:12:05.592  2073  2073 D LifecycleMonitor: Lifecycle status change: ru.iteco.fmhandroid.ui.AppActivity@687cb93 in: RESUMED
11-21 19:12:05.593  2073  3101 V FA      : Activity resumed, time: 843159801
11-21 19:12:05.607  2006  2032 W InputReader: Device has associated, but no associated display id.
11-21 19:12:05.607  2006  2032 I chatty  : uid=1000(system) android.anim identical 8 lines
11-21 19:12:05.607  2006  2032 W InputReader: Device has associated, but no associated display id.
11-21 19:12:05.612  2580  3164 E SQLiteDatabase: Error inserting flex_time=2349000 job_id=-1 period=4699000 source=16 requires_charging=0 preferred_network_type=1 target_class=com.google.android.gms.measurement.PackageMeasurementTaskService user_id=0 target_package=com.google.android.gms tag=Measurement.PackageMeasurementTaskService.UPLOAD_TASK_TAG task_type=0 required_idleness_state=0 service_kind=0 source_version=202414000 persistence_level=1 preferred_charging_state=1 required_network_type=0 runtime=1669047125521 retry_strategy={"maximum_backoff_seconds":{"3600":0},"initial_backoff_seconds":{"30":0},"retry_policy":{"0":0}} last_runtime=0
11-21 19:12:05.612  2580  3164 E SQLiteDatabase: android.database.sqlite.SQLiteConstraintException: UNIQUE constraint failed: pending_ops.tag, pending_ops.target_class, pending_ops.target_package, pending_ops.user_id (code 2067 SQLITE_CONSTRAINT_UNIQUE)
11-21 19:12:05.612  2580  3164 E SQLiteDatabase: 	at android.database.sqlite.SQLiteConnection.nativeExecuteForLastInsertedRowId(Native Method)
11-21 19:12:05.612  2580  3164 E SQLiteDatabase: 	at android.database.sqlite.SQLiteConnection.executeForLastInsertedRowId(SQLiteConnection.java:879)
11-21 19:12:05.612  2580  3164 E SQLiteDatabase: 	at android.database.sqlite.SQLiteSession.executeForLastInsertedRowId(SQLiteSession.java:790)
11-21 19:12:05.612  2580  3164 E SQLiteDatabase: 	at android.database.sqlite.SQLiteStatement.executeInsert(SQLiteStatement.java:88)
11-21 19:12:05.612  2580  3164 E SQLiteDatabase: 	at android.database.sqlite.SQLiteDatabase.insertWithOnConflict(SQLiteDatabase.java:1599)
11-21 19:12:05.612  2580  3164 E SQLiteDatabase: 	at android.database.sqlite.SQLiteDatabase.insert(SQLiteDatabase.java:1468)
11-21 19:12:05.612  2580  3164 E SQLiteDatabase: 	at aqui.a(:com.google.android.gms@202414022@20.24.14 (040700-319035315):175)
11-21 19:12:05.612  2580  3164 E SQLiteDatabase: 	at aqtk.a(:com.google.android.gms@202414022@20.24.14 (040700-319035315):182)
11-21 19:12:05.612  2580  3164 E SQLiteDatabase: 	at aqtk.a(:com.google.android.gms@202414022@20.24.14 (040700-319035315):23)
11-21 19:12:05.612  2580  3164 E SQLiteDatabase: 	at aqtk.a(:com.google.android.gms@202414022@20.24.14 (040700-319035315):177)
11-21 19:12:05.612  2580  3164 E SQLiteDatabase: 	at aqpu.run(:com.google.android.gms@202414022@20.24.14 (040700-319035315):9)
11-21 19:12:05.612  2580  3164 E SQLiteDatabase: 	at soy.b(:com.google.android.gms@202414022@20.24.14 (040700-319035315):12)
11-21 19:12:05.612  2580  3164 E SQLiteDatabase: 	at soy.run(:com.google.android.gms@202414022@20.24.14 (040700-319035315):7)
11-21 19:12:05.612  2580  3164 E SQLiteDatabase: 	at java.util.concurrent.ThreadPoolExecutor.runWorker(ThreadPoolExecutor.java:1167)
11-21 19:12:05.612  2580  3164 E SQLiteDatabase: 	at java.util.concurrent.ThreadPoolExecutor$Worker.run(ThreadPoolExecutor.java:641)
11-21 19:12:05.612  2580  3164 E SQLiteDatabase: 	at sux.run(:com.google.android.gms@202414022@20.24.14 (040700-319035315):0)
11-21 19:12:05.612  2580  3164 E SQLiteDatabase: 	at java.lang.Thread.run(Thread.java:919)
11-21 19:12:05.628  7825  7875 D EGL_emulation: eglMakeCurrent: 0xe5ffa5c0: ver 2 0 (tinfo 0xda8dd010)
11-21 19:12:05.639  2441  2951 D EGL_emulation: eglMakeCurrent: 0xdde1a480: ver 2 0 (tinfo 0xdde0f530)
11-21 19:12:05.642  2876  3288 D EGL_emulation: eglMakeCurrent: 0xdde1bb00: ver 2 0 (tinfo 0xdde0ff90)
11-21 19:12:05.648  7825  7875 D EGL_emulation: eglMakeCurrent: 0xe5ffa5c0: ver 2 0 (tinfo 0xda8dd010)
11-21 19:12:05.649  1761  8136 D gralloc_ranchu: gralloc_alloc: Creating ashmem region of size 14749696
11-21 19:12:05.679  1761  1761 D gralloc_ranchu: gralloc_alloc: Creating ashmem region of size 14749696
11-21 19:12:05.680  1761  8136 D gralloc_ranchu: gralloc_alloc: Creating ashmem region of size 14749696
11-21 19:12:05.683  1761  8136 D gralloc_ranchu: gralloc_alloc: Creating ashmem region of size 14749696
11-21 19:12:05.696  2073  2188 D EGL_emulation: eglMakeCurrent: 0xdde1b800: ver 2 0 (tinfo 0xcd76aa70)
11-21 19:12:05.704  7825  7875 D EGL_emulation: eglMakeCurrent: 0xe5ffa5c0: ver 2 0 (tinfo 0xda8dd010)
11-21 19:12:05.779  2006  2036 I ActivityTaskManager: Displayed ru.iteco.fmhandroid/.ui.AppActivity: +259ms
11-21 19:12:05.806  2876  2333 I PBSessionCacheImpl: Deleted sessionId[360287854933] from persistence.
11-21 19:12:05.808  2757  3186 V FA-SVC  : Logging event: origin=auto,name=screen_view(_vs),params=Bundle[{ga_event_origin(_o)=auto, ga_previous_class(_pc)=AppActivity, ga_previous_id(_pi)=1969996081156450806, ga_screen_class(_sc)=AppActivity, ga_screen_id(_si)=1969996081156450807}]
11-21 19:12:05.815  2580  3117 I LogUtils: [Places]: ?: Couldn't find platform key file. [CONTEXT service_id=253 ]
11-21 19:12:05.820  2580  3051 I ctxmgr  : [ProducerStatusImpl] updateStateForNewContextData: inactive, contextName=7 [CONTEXT service_id=47 ]
11-21 19:12:05.820  2876  3118 W SearchServiceCore: Abort, client detached.
11-21 19:12:05.843  2757  3186 V FA-SVC  : Upload scheduled in approximately ms: 2348826
11-21 19:12:05.843  2757  3186 V FA-SVC  : Unscheduling upload
11-21 19:12:05.848  2757  3186 V FA-SVC  : Scheduling upload, millis: 2348826
11-21 19:12:05.855  2757  3186 V FA-SVC  : Background event processing time, ms: 47
11-21 19:12:05.874  2580  3117 I LogUtils: [Places]: ?: Couldn't find platform key file. [CONTEXT service_id=253 ]
11-21 19:12:05.913  2580  2580 I GeofencerStateMachine: removeGeofences: removeRequest=RemoveGeofencingRequest[REMOVE_BY_PENDING_INTENT pendingIntent=PendingIntent[creatorPackage=com.google.android.gms], packageName=com.google.android.gms]
11-21 19:12:05.915  2580  2580 I GeofencerStateMachine: removeGeofences: removeRequest=RemoveGeofencingRequest[REMOVE_BY_PENDING_INTENT pendingIntent=PendingIntent[creatorPackage=com.google.android.gms], packageName=com.google.android.gms]
11-21 19:12:05.929  2580  3051 I LogUtils: [Places]: ?: Couldn't find platform key file. [CONTEXT service_id=253 ]
11-21 19:12:05.930  2580  3195 I PlacesLogger: [PlaceInferenceEngine]: [anon] Changed inference mode: 0 [CONTEXT service_id=253 ]
11-21 19:12:05.933  2580  2965 I LogUtils: [Places]: ?: Couldn't find platform key file. [CONTEXT service_id=253 ]
11-21 19:12:05.957  2580  3195 I LogUtils: [Places]: ?: PlacesBleScanner start() with priority 2 [CONTEXT service_id=253 ]
11-21 19:12:05.958  2580  3195 I PlacesLogger: [PlaceInferenceEngine]: [anon] Changed inference mode: 1 [CONTEXT service_id=253 ]
11-21 19:12:05.977  2580  2580 E BeaconBle: Missing BluetoothAdapter [CONTEXT service_id=111 ]
11-21 19:12:05.977  2580  2580 I BeaconBle: BLE 'KK+' software access layer enabled [CONTEXT service_id=111 ]
11-21 19:12:05.990  2580  2965 I LogUtils: [Places]: ?: Couldn't find platform key file. [CONTEXT service_id=253 ]
11-21 19:12:06.010  2580  3199 E SQLiteDatabase: Error inserting flex_time=2348000 job_id=-1 period=4698000 source=16 requires_charging=0 preferred_network_type=1 target_class=com.google.android.gms.measurement.PackageMeasurementTaskService user_id=0 target_package=com.google.android.gms tag=Measurement.PackageMeasurementTaskService.UPLOAD_TASK_TAG task_type=0 required_idleness_state=0 service_kind=0 source_version=202414000 persistence_level=1 preferred_charging_state=1 required_network_type=0 runtime=1669047125919 retry_strategy={"maximum_backoff_seconds":{"3600":0},"initial_backoff_seconds":{"30":0},"retry_policy":{"0":0}} last_runtime=0
11-21 19:12:06.010  2580  3199 E SQLiteDatabase: android.database.sqlite.SQLiteConstraintException: UNIQUE constraint failed: pending_ops.tag, pending_ops.target_class, pending_ops.target_package, pending_ops.user_id (code 2067 SQLITE_CONSTRAINT_UNIQUE)
11-21 19:12:06.010  2580  3199 E SQLiteDatabase: 	at android.database.sqlite.SQLiteConnection.nativeExecuteForLastInsertedRowId(Native Method)
11-21 19:12:06.010  2580  3199 E SQLiteDatabase: 	at android.database.sqlite.SQLiteConnection.executeForLastInsertedRowId(SQLiteConnection.java:879)
11-21 19:12:06.010  2580  3199 E SQLiteDatabase: 	at android.database.sqlite.SQLiteSession.executeForLastInsertedRowId(SQLiteSession.java:790)
11-21 19:12:06.010  2580  3199 E SQLiteDatabase: 	at android.database.sqlite.SQLiteStatement.executeInsert(SQLiteStatement.java:88)
11-21 19:12:06.010  2580  3199 E SQLiteDatabase: 	at android.database.sqlite.SQLiteDatabase.insertWithOnConflict(SQLiteDatabase.java:1599)
11-21 19:12:06.010  2580  3199 E SQLiteDatabase: 	at android.database.sqlite.SQLiteDatabase.insert(SQLiteDatabase.java:1468)
11-21 19:12:06.010  2580  3199 E SQLiteDatabase: 	at aqui.a(:com.google.android.gms@202414022@20.24.14 (040700-319035315):175)
11-21 19:12:06.010  2580  3199 E SQLiteDatabase: 	at aqtk.a(:com.google.android.gms@202414022@20.24.14 (040700-319035315):182)
11-21 19:12:06.010  2580  3199 E SQLiteDatabase: 	at aqtk.a(:com.google.android.gms@202414022@20.24.14 (040700-319035315):23)
11-21 19:12:06.010  2580  3199 E SQLiteDatabase: 	at aqtk.a(:com.google.android.gms@202414022@20.24.14 (040700-319035315):177)
11-21 19:12:06.010  2580  3199 E SQLiteDatabase: 	at aqpu.run(:com.google.android.gms@202414022@20.24.14 (040700-319035315):9)
11-21 19:12:06.010  2580  3199 E SQLiteDatabase: 	at soy.b(:com.google.android.gms@202414022@20.24.14 (040700-319035315):12)
11-21 19:12:06.010  2580  3199 E SQLiteDatabase: 	at soy.run(:com.google.android.gms@202414022@20.24.14 (040700-319035315):7)
11-21 19:12:06.010  2580  3199 E SQLiteDatabase: 	at java.util.concurrent.ThreadPoolExecutor.runWorker(ThreadPoolExecutor.java:1167)
11-21 19:12:06.010  2580  3199 E SQLiteDatabase: 	at java.util.concurrent.ThreadPoolExecutor$Worker.run(ThreadPoolExecutor.java:641)
11-21 19:12:06.010  2580  3199 E SQLiteDatabase: 	at sux.run(:com.google.android.gms@202414022@20.24.14 (040700-319035315):0)
11-21 19:12:06.010  2580  3199 E SQLiteDatabase: 	at java.lang.Thread.run(Thread.java:919)
11-21 19:12:06.021  2580  2580 I BeaconBle: Client requested scan, settings=BleSettings [scanMode=ZERO_POWER, callbackType=ALL_MATCHES, reportDelayMillis=0, 1 filters, 0 clients, callingClientName=Places] [CONTEXT service_id=111 ]
11-21 19:12:06.021  2580  2580 I BeaconBle: Scan : No clients left, canceling alarm. [CONTEXT service_id=111 ]
11-21 19:12:06.022  2580  2580 E BeaconBle: Scan couldn't start for Places [CONTEXT service_id=111 ]
11-21 19:12:06.022  2580  2580 W Places  : BLE failure while scanning - code 5
11-21 19:12:06.209  2580  2594 I .gms.persisten: Background young concurrent copying GC freed 52335(3421KB) AllocSpace objects, 7(296KB) LOS objects, 15% free, 14MB/16MB, paused 1.173ms total 157.501ms
11-21 19:12:06.210  2580  2965 I LogUtils: [Places]: ?: Couldn't find platform key file. [CONTEXT service_id=253 ]
11-21 19:12:06.281  2073  2073 I ViewInteraction: Performing 'wait for a specific view with <(an instance of android.widget.TextView and view.getText() with or without transformation to match: is "Authorization" and view.getParent() view.getParent() view.getId() is <2131231186>)> during 20000 millis.' action on view view.getRootView() to equal view
