12-08 06:45:22.439 14580 14628 E TestRunner: 	at org.junit.runner.JUnitCore.run(JUnitCore.java:115)
12-08 06:45:22.439 14580 14628 E TestRunner: 	at androidx.test.internal.runner.TestExecutor.execute(TestExecutor.java:67)
12-08 06:45:22.439 14580 14628 E TestRunner: 	at an
12-08 06:45:22.439 14580 14628 E TestRunner: ----- end exception -----
12-08 06:45:22.451 14580 14628 I TestRunner: finished: shouldSaveClaimChanges(ru.iteco.fmhandroid.ui.ClaimEditTest)
12-08 06:45:22.495 14580 14593 I teco.fmhandroi: Background concurrent copying GC freed 140834(10MB) AllocSpace objects, 3(1064KB) LOS objects, 19% free, 24MB/30MB, paused 869us total 168.864ms
12-08 06:45:22.543  2656 14734 W ctxmgr  : [AclManager] No 3 for (accnt=account#-517948760#, com.google.android.gms(10112):UserVelocityProducer, vrsn=202414022, 0, 3pPkg = null ,  3pMdlId = null ,  pid = 2656). Was: 3 for 1, account#-517948760# [CONTEXT service_id=47 ]
12-08 06:45:22.595  2656  3542 W GCoreFlp: No location to return for getLastLocation()
12-08 06:45:22.597  2018  2031 I system_server: NativeAlloc concurrent copying GC freed 48151(2125KB) AllocSpace objects, 5(164KB) LOS objects, 25% free, 17MB/23MB, paused 1.493ms total 245.738ms
12-08 06:45:22.633  2656 14740 I LogUtils: [Places]: ?: Couldn't find platform key file. [CONTEXT service_id=253 ]
12-08 06:45:22.700  2656 14734 I ctxmgr  : [ProducerStatusImpl] updateStateForNewContextData: inactive, contextName=7 [CONTEXT service_id=47 ]
12-08 06:45:22.717  2656  2656 I GeofencerStateMachine: removeGeofences: removeRequest=RemoveGeofencingRequest[REMOVE_BY_PENDING_INTENT pendingIntent=PendingIntent[creatorPackage=com.google.android.gms], packageName=com.google.android.gms]
12-08 06:45:22.719  2656  2656 I GeofencerStateMachine: removeGeofences: removeRequest=RemoveGeofencingRequest[REMOVE_BY_PENDING_INTENT pendingIntent=PendingIntent[creatorPackage=com.google.android.gms], packageName=com.google.android.gms]
12-08 06:45:22.730  2656  3542 W GCoreFlp: No location to return for getLastLocation()
12-08 06:45:22.735  2656 14740 I LogUtils: [Places]: ?: Couldn't find platform key file. [CONTEXT service_id=253 ]
12-08 06:45:22.736  2656 14830 I PlacesLogger: [PlaceInferenceEngine]: [anon] Changed inference mode: 0 [CONTEXT service_id=253 ]
12-08 06:45:22.740  2656 14740 I LogUtils: [Places]: ?: Couldn't find platform key file. [CONTEXT service_id=253 ]
12-08 06:45:22.760 14580 14628 I TestRunner: started: shouldExitTheClaimCardByClickingTheButtonClose(ru.iteco.fmhandroid.ui.ClaimEditTest)
12-08 06:45:22.776  2656  3542 W GCoreFlp: No location to return for getLastLocation()
12-08 06:45:22.802  2656 14734 I LogUtils: [Places]: ?: Couldn't find platform key file. [CONTEXT service_id=253 ]
12-08 06:45:22.831 14580 14628 W Settings: Setting always_finish_activities has moved from android.provider.Settings.System to android.provider.Settings.Global, returning read-only value.
12-08 06:45:22.842  2656 14734 I LogUtils: [Places]: ?: Couldn't find platform key file. [CONTEXT service_id=253 ]
12-08 06:45:22.842  2018  2358 I ActivityTaskManager: START u0 {act=android.intent.action.MAIN cat=[android.intent.category.LAUNCHER] flg=0x10008000 cmp=ru.iteco.fmhandroid.test/androidx.test.core.app.InstrumentationActivityInvoker$BootstrapActivity (has extras)} from uid 10146
12-08 06:45:22.844  2656 14832 I LogUtils: [Places]: ?: Couldn't find platform key file. [CONTEXT service_id=253 ]
12-08 06:45:22.865  2018  9359 W InputReader: Device has associated, but no associated display id.
12-08 06:45:22.867  2018  9359 I chatty  : uid=1000(system) Binder:2018_1D identical 28 lines
12-08 06:45:22.867  2018  9359 W InputReader: Device has associated, but no associated display id.
12-08 06:45:22.868 14639 14639 W ActivityThread: handleWindowVisibility: no activity for token android.os.BinderProxy@990242b
12-08 06:45:22.871  2018  9359 W InputReader: Device has associated, but no associated display id.
12-08 06:45:22.871  2018  9359 I chatty  : uid=1000(system) Binder:2018_1D identical 8 lines
12-08 06:45:22.871  2018  9359 W InputReader: Device has associated, but no associated display id.
12-08 06:45:22.911  1776  1927 D gralloc_ranchu: gralloc_alloc: Creating ashmem region of size 10108928
12-08 06:45:22.946  2018  2358 I ActivityTaskManager: START u0 {act=android.intent.action.MAIN cat=[android.intent.category.LAUNCHER] cmp=ru.iteco.fmhandroid/.ui.AppActivity} from uid 10146
12-08 06:45:22.954  2656 14830 I LogUtils: [Places]: ?: PlacesBleScanner start() with priority 2 [CONTEXT service_id=253 ]
12-08 06:45:22.955  2656 14830 I PlacesLogger: [PlaceInferenceEngine]: [anon] Changed inference mode: 1 [CONTEXT service_id=253 ]
12-08 06:45:22.965  2018  3051 W InputReader: Device has associated, but no associated display id.
12-08 06:45:22.968  2018  3051 I chatty  : uid=1000(system) Binder:2018_E identical 38 lines
12-08 06:45:22.968  2018  3051 W InputReader: Device has associated, but no associated display id.
12-08 06:45:22.969 14580 14580 W ActivityThread: handleWindowVisibility: no activity for token android.os.BinderProxy@15e7e74
12-08 06:45:22.972  2018  3051 W InputReader: Device has associated, but no associated display id.
12-08 06:45:22.972  2018  3051 I chatty  : uid=1000(system) Binder:2018_E identical 8 lines
12-08 06:45:22.973  2018  3051 W InputReader: Device has associated, but no associated display id.
12-08 06:45:22.992  2018  2054 W InputReader: Device has associated, but no associated display id.
12-08 06:45:22.993  2018  2054 I chatty  : uid=1000(system) android.anim identical 8 lines
12-08 06:45:22.993  2018  2054 W InputReader: Device has associated, but no associated display id.
12-08 06:45:23.012  2962  3510 D EGL_emulation: eglMakeCurrent: 0xe597e200: ver 2 0 (tinfo 0xbffb2540)
12-08 06:45:23.019 14580 14580 D LifecycleMonitor: Lifecycle status change: ru.iteco.fmhandroid.ui.AppActivity@d1f0de0 in: PRE_ON_CREATE
12-08 06:45:23.019  2656  2671 I .gms.persisten: Background concurrent copying GC freed 64772(3335KB) AllocSpace objects, 43(3688KB) LOS objects, 35% free, 11MB/17MB, paused 5.147ms total 212.637ms
12-08 06:45:23.019 14580 14580 V ActivityScenario: Activity lifecycle changed event received but ignored because the reported transition was not ON_CREATE while the last known transition was PRE_ON_CREATE
12-08 06:45:23.030 14580 14616 V FA      : onActivityCreated
12-08 06:45:23.054 12448 12488 D EGL_emulation: eglMakeCurrent: 0xe594d140: ver 2 0 (tinfo 0xc539bd10)
12-08 06:45:23.064  2656  2656 E BeaconBle: Missing BluetoothAdapter [CONTEXT service_id=111 ]
12-08 06:45:23.064  2656  2656 I BeaconBle: BLE 'KK+' software access layer enabled [CONTEXT service_id=111 ]
12-08 06:45:23.079 14580 14580 D LifecycleMonitor: Lifecycle status change: ru.iteco.fmhandroid.ui.AppActivity@d1f0de0 in: CREATED
12-08 06:45:23.079 14580 14580 V ActivityScenario: Update currentActivityStage to CREATED, currentActivity=ru.iteco.fmhandroid.ui.AppActivity@d1f0de0
12-08 06:45:23.083  2656  2656 I BeaconBle: Client requested scan, settings=BleSettings [scanMode=ZERO_POWER, callbackType=ALL_MATCHES, reportDelayMillis=0, 1 filters, 0 clients, callingClientName=Places] [CONTEXT service_id=111 ]
12-08 06:45:23.084  2656  2656 I BeaconBle: Scan : No clients left, canceling alarm. [CONTEXT service_id=111 ]
12-08 06:45:23.087  2656  2656 E BeaconBle: Scan couldn't start for Places [CONTEXT service_id=111 ]
12-08 06:45:23.087  2656  2656 W Places  : BLE failure while scanning - code 5
12-08 06:45:23.126  2962 13764 I PBSessionCacheImpl: Deleted sessionId[635180289845] from persistence.
12-08 06:45:23.139  2656  3542 W GCoreFlp: No location to return for getLastLocation()
12-08 06:45:23.147 14580 14580 D LifecycleMonitor: Lifecycle status change: ru.iteco.fmhandroid.ui.AppActivity@d1f0de0 in: STARTED
12-08 06:45:23.148 14580 14580 V ActivityScenario: Update currentActivityStage to STARTED, currentActivity=ru.iteco.fmhandroid.ui.AppActivity@d1f0de0
12-08 06:45:23.150 14580 14580 D LifecycleMonitor: Lifecycle status change: ru.iteco.fmhandroid.ui.AppActivity@d1f0de0 in: RESUMED
12-08 06:45:23.150 14580 14580 V ActivityScenario: Update currentActivityStage to RESUMED, currentActivity=ru.iteco.fmhandroid.ui.AppActivity@d1f0de0
12-08 06:45:23.155 14580 14622 V FA      : Activity resumed, time: 62698894
12-08 06:45:23.155  2962  3348 W SearchServiceCore: Abort, client detached.
12-08 06:45:23.208  1776  1927 D gralloc_ranchu: gralloc_alloc: Creating ashmem region of size 10108928
12-08 06:45:23.218  1776  1927 I chatty  : uid=1000(system) HwBinder:1776_3 identical 1 line
12-08 06:45:23.219  1776  1927 D gralloc_ranchu: gralloc_alloc: Creating ashmem region of size 10108928
12-08 06:45:23.224 14580 14675 D EGL_emulation: eglMakeCurrent: 0xe593f220: ver 2 0 (tinfo 0xf0cc0370)
12-08 06:45:23.303  2170  2566 D EGL_emulation: eglMakeCurrent: 0xe594e040: ver 2 0 (tinfo 0xc52450c0)
12-08 06:45:23.304  2018  2058 I ActivityTaskManager: Displayed ru.iteco.fmhandroid/.ui.AppActivity: +449ms
12-08 06:45:23.327  1764  1891 W audio_hw_generic: Not supplying enough data to HAL, expected position 188864404 , only wrote 188456388
12-08 06:45:23.331  2873 14631 V FA-SVC  : Logging event: origin=auto,name=screen_view(_vs),params=Bundle[{ga_event_origin(_o)=auto, ga_previous_class(_pc)=AppActivity, ga_previous_id(_pi)=5711901681289465901, ga_screen_class(_sc)=AppActivity, ga_screen_id(_si)=5711901681289465902}]
12-08 06:45:23.395  2873 14631 V FA-SVC  : Upload scheduled in approximately ms: 2774234
12-08 06:45:23.395  2873 14631 V FA-SVC  : Unscheduling upload
12-08 06:45:23.422  2873 14631 V FA-SVC  : Scheduling upload, millis: 2774234
12-08 06:45:23.437  2873 14631 V FA-SVC  : Background event processing time, ms: 107
12-08 06:45:23.485  2656 14832 E SQLiteDatabase: Error inserting flex_time=2774000 job_id=-1 period=5549000 source=16 requires_charging=0 preferred_network_type=1 target_class=com.google.android.gms.measurement.PackageMeasurementTaskService user_id=0 target_package=com.google.android.gms tag=Measurement.PackageMeasurementTaskService.UPLOAD_TASK_TAG task_type=0 required_idleness_state=0 service_kind=0 source_version=202414000 persistence_level=1 preferred_charging_state=1 required_network_type=0 runtime=1670499923460 retry_strategy={"maximum_backoff_seconds":{"3600":0},"initial_backoff_seconds":{"30":0},"retry_policy":{"0":0}} last_runtime=0
12-08 06:45:23.485  2656 14832 E SQLiteDatabase: android.database.sqlite.SQLiteConstraintException: UNIQUE constraint failed: pending_ops.tag, pending_ops.target_class, pending_ops.target_package, pending_ops.user_id (code 2067 SQLITE_CONSTRAINT_UNIQUE)
12-08 06:45:23.485  2656 14832 E SQLiteDatabase: 	at android.database.sqlite.SQLiteConnection.nativeExecuteForLastInsertedRowId(Native Method)
12-08 06:45:23.485  2656 14832 E SQLiteDatabase: 	at android.database.sqlite.SQLiteConnection.executeForLastInsertedRowId(SQLiteConnection.java:879)
12-08 06:45:23.485  2656 14832 E SQLiteDatabase: 	at android.database.sqlite.SQLiteSession.executeForLastInsertedRowId(SQLiteSession.java:790)
12-08 06:45:23.485  2656 14832 E SQLiteDatabase: 	at android.database.sqlite.SQLiteStatement.executeInsert(SQLiteStatement.java:88)
12-08 06:45:23.485  2656 14832 E SQLiteDatabase: 	at android.database.sqlite.SQLiteDatabase.insertWithOnConflict(SQLiteDatabase.java:1599)
12-08 06:45:23.485  2656 14832 E SQLiteDatabase: 	at android.database.sqlite.SQLiteDatabase.insert(SQLiteDatabase.java:1468)
12-08 06:45:23.485  2656 14832 E SQLiteDatabase: 	at aqui.a(:com.google.android.gms@202414022@20.24.14 (040700-319035315):175)
12-08 06:45:23.485  2656 14832 E SQLiteDatabase: 	at aqtk.a(:com.google.android.gms@202414022@20.24.14 (040700-319035315):182)
12-08 06:45:23.485  2656 14832 E SQLiteDatabase: 	at aqtk.a(:com.google.android.gms@202414022@20.24.14 (040700-319035315):23)
12-08 06:45:23.485  2656 14832 E SQLiteDatabase: 	at aqtk.a(:com.google.android.gms@202414022@20.24.14 (040700-319035315):177)
12-08 06:45:23.485  2656 14832 E SQLiteDatabase: 	at aqpu.run(:com.google.android.gms@202414022@20.24.14 (040700-319035315):9)
12-08 06:45:23.485  2656 14832 E SQLiteDatabase: 	at soy.b(:com.google.android.gms@202414022@20.24.14 (040700-319035315):12)
12-08 06:45:23.485  2656 14832 E SQLiteDatabase: 	at soy.run(:com.google.android.gms@202414022@20.24.14 (040700-319035315):7)
12-08 06:45:23.485  2656 14832 E SQLiteDatabase: 	at java.util.concurrent.ThreadPoolExecutor.runWorker(ThreadPoolExecutor.java:1167)
12-08 06:45:23.485  2656 14832 E SQLiteDatabase: 	at java.util.concurrent.ThreadPoolExecutor$Worker.run(ThreadPoolExecutor.java:641)
12-08 06:45:23.485  2656 14832 E SQLiteDatabase: 	at sux.run(:com.google.android.gms@202414022@20.24.14 (040700-319035315):0)
12-08 06:45:23.485  2656 14832 E SQLiteDatabase: 	at java.lang.Thread.run(Thread.java:919)
12-08 06:45:23.959 14580 14580 I ViewInteraction: Performing 'wait for a specific view with <(an instance of android.widget.TextView and view.getText() with or without transformation to match: is "Authorization" and view.getParent() view.getParent() view.getId() is <2131231186>)> during 10000 millis.' action on view view.getRootView() to equal view
12-08 06:45:24.276  2018  9359 D WificondControl: Scan result ready event
12-08 06:45:26.146 14580 14688 I okhttp.OkHttpClient: --> GET http://www.981757-ca08998.tmweb.ru:8080/fmh/authentication/userInfo
12-08 06:45:26.146 14580 14688 I okhttp.OkHttpClient: --> END GET
12-08 06:45:26.237 14580 14688 I okhttp.OkHttpClient: <-- 200 http://www.981757-ca08998.tmweb.ru:8080/fmh/authentication/userInfo (90ms)
12-08 06:45:26.237 14580 14688 I okhttp.OkHttpClient: Vary: Origin
12-08 06:45:26.238 14580 14688 I okhttp.OkHttpClient: Vary: Access-Control-Request-Method
12-08 06:45:26.238 14580 14688 I okhttp.OkHttpClient: Vary: Access-Control-Request-Headers
12-08 06:45:26.238 14580 14688 I okhttp.OkHttpClient: X-Content-Type-Options: nosniff
12-08 06:45:26.238 14580 14688 I okhttp.OkHttpClient: X-XSS-Protection: 1; mode=block
12-08 06:45:26.238 14580 14688 I okhttp.OkHttpClient: Cache-Control: no-cache, no-store, max-age=0, must-revalidate
12-08 06:45:26.238 14580 14688 I okhttp.OkHttpClient: Pragma: no-cache
12-08 06:45:26.239 14580 14688 I okhttp.OkHttpClient: Expires: 0
12-08 06:45:26.240 14580 14688 I okhttp.OkHttpClient: X-Frame-Options: DENY
12-08 06:45:26.241 14580 14688 I okhttp.OkHttpClient: Content-Type: application/json
12-08 06:45:26.241 14580 14688 I okhttp.OkHttpClient: Transfer-Encoding: chunked
12-08 06:45:26.242 14580 14688 I okhttp.OkHttpClient: Date: Thu, 08 Dec 2022 11:45:29 GMT
12-08 06:45:26.242 14580 14688 I okhttp.OkHttpClient: Keep-Alive: timeout=60
12-08 06:45:26.243 14580 14688 I okhttp.OkHttpClient: Connection: keep-alive
12-08 06:45:26.244 14580 14688 I okhttp.OkHttpClient: {"id":2,"firstName":"Данил","lastName":"Иванов","middleName":"Данилович","admin":true}
12-08 06:45:26.244 14580 14688 I okhttp.OkHttpClient: <-- END HTTP (106-byte body)
12-08 06:45:26.254 14580 14709 I okhttp.OkHttpClient: --> GET http://www.981757-ca08998.tmweb.ru:8080/fmh/claims
12-08 06:45:26.254 14580 14709 I okhttp.OkHttpClient: --> END GET
12-08 06:45:28.232  2656 14259 I LogUtils: [Places]: ?: Couldn't find platform key file. [CONTEXT service_id=253 ]
12-08 06:45:28.234  2656 14740 I LogUtils: [Places]: ?: Couldn't find platform key file. [CONTEXT service_id=253 ]
12-08 06:45:28.272  2656 14830 I LogUtils: [Places]: ?: PlacesBleScanner stop() [CONTEXT service_id=253 ]
12-08 06:45:28.274  2656  2656 I BeaconBle: Scan : No clients left, canceling alarm. [CONTEXT service_id=111 ]
12-08 06:45:28.276  2656  2656 I BeaconBle: Scan canceled successfully. [CONTEXT service_id=111 ]
12-08 06:45:28.287  2656 14830 I PlacesLogger: [PlaceInferenceEngine]: [anon] Changed inference mode: 0 [CONTEXT service_id=253 ]
12-08 06:45:28.315  2656  3542 W GCoreFlp: No location to return for getLastLocation()
12-08 06:45:28.377  2656 14771 I LogUtils: [Places]: ?: Couldn't find platform key file. [CONTEXT service_id=253 ]
12-08 06:45:28.380  2656 14843 I LogUtils: [Places]: ?: Couldn't find platform key file. [CONTEXT service_id=253 ]
12-08 06:45:28.492 14580 14709 I okhttp.OkHttpClient: <-- 200 http://www.981757-ca08998.tmweb.ru:8080/fmh/claims (2237ms)
12-08 06:45:28.492 14580 14709 I okhttp.OkHttpClient: Vary: Origin
12-08 06:45:28.492 14580 14709 I okhttp.OkHttpClient: Vary: Access-Control-Request-Method
12-08 06:45:28.493 14580 14709 I okhttp.OkHttpClient: Vary: Access-Control-Request-Headers
12-08 06:45:28.493 14580 14709 I okhttp.OkHttpClient: X-Content-Type-Options: nosniff
12-08 06:45:28.493 14580 14709 I okhttp.OkHttpClient: X-XSS-Protection: 1; mode=block
12-08 06:45:28.493 14580 14709 I okhttp.OkHttpClient: Cache-Control: no-cache, no-store, max-age=0, must-revalidate
12-08 06:45:28.493 14580 14709 I okhttp.OkHttpClient: Pragma: no-cache
12-08 06:45:28.493 14580 14709 I okhttp.OkHttpClient: Expires: 0
12-08 06:45:28.494 14580 14709 I okhttp.OkHttpClient: X-Frame-Options: DENY
12-08 06:45:28.494 14580 14709 I okhttp.OkHttpClient: Content-Type: application/json
12-08 06:45:28.494 14580 14709 I okhttp.OkHttpClient: Transfer-Encoding: chunked
12-08 06:45:28.494 14580 14709 I okhttp.OkHttpClient: Date: Thu, 08 Dec 2022 11:45:31 GMT
12-08 06:45:28.494 14580 14709 I okhttp.OkHttpClient: Keep-Alive: timeout=60
12-08 06:45:28.494 14580 14709 I okhttp.OkHttpClient: Connection: keep-alive
12-08 06:45:28.531  2656  2656 I GeofencerStateMachine: removeGeofences: removeRequest=RemoveGeofencingRequest[REMOVE_BY_PENDING_INTENT pendingIntent=PendingIntent[creatorPackage=com.google.android.gms], packageName=com.google.android.gms]
12-08 06:45:29.500  3300  3342 I e.process.gapp: Background concurrent copying GC freed 40110(1415KB) AllocSpace objects, 0(0B) LOS objects, 52% free, 1378KB/2914KB, paused 627us total 179.901ms
12-08 06:45:30.249 14580 14614 I teco.fmhandroi: Waiting for a blocking GC ProfileSaver
12-08 06:45:30.311 14580 14580 I Choreographer: Skipped 243 frames!  The application may be doing too much work on its main thread.
12-08 06:45:30.359 14580 14593 I teco.fmhandroi: NativeAlloc concurrent copying GC freed 115287(7583KB) AllocSpace objects, 17(15MB) LOS objects, 49% free, 5218KB/10MB, paused 751us total 155.594ms
12-08 06:45:30.360 14580 14614 I teco.fmhandroi: WaitForGcToComplete blocked ProfileSaver on HeapTrim for 110.840ms
12-08 06:45:30.442 14580 14622 V FA      : Inactivity, disconnecting from the service
12-08 06:45:30.529 14580 14675 I OpenGLRenderer: Davey! duration=4273ms; Flags=1, IntendedVsync=62701999050166, Vsync=62706049050004, OldestInputEvent=9223372036854775807, NewestInputEvent=0, HandleInputStart=62706055934100, AnimationStart=62706056062800, PerformTraversalsStart=62706056270800, DrawStart=62706139085300, SyncQueued=62706141818300, SyncStart=62706142678700, IssueDrawCommandsStart=62706142813100, SwapBuffers=62706266243500, FrameCompleted=62706273455500, DequeueBufferDuration=429000, QueueBufferDuration=851000, 
12-08 06:45:30.943  2018  2058 E memtrack: Couldn't load memtrack module
12-08 06:45:30.943  2018  2058 W android.os.Debug: failed to get memory consumption info: -1
12-08 06:45:30.976  2018  2058 E memtrack: Couldn't load memtrack module
12-08 06:45:30.976  2018  2058 W android.os.Debug: failed to get memory consumption info: -1
12-08 06:45:33.149  2962  3348 I WorkerManager: dispose()
12-08 06:45:33.150  2962  3348 W ThreadPoolDumper: Queue length for executor EventBus is now 11. Perhaps some tasks are too long, or the pool is too small.
12-08 06:45:33.292  2656  2656 I BeaconBle: Scan : No clients left, canceling alarm. [CONTEXT service_id=111 ]
12-08 06:45:34.014 14580 14580 D takeScreenshot: Found 1 global views to redraw
12-08 06:45:34.070  1776  1927 D gralloc_ranchu: gralloc_alloc: Creating ashmem region of size 10108928
12-08 06:45:34.127 14580 14628 W DefaultFailureHandler: Failed to take screenshot
12-08 06:45:34.127 14580 14628 W DefaultFailureHandler: java.io.FileNotFoundException: view-op-error-7.png: open failed: EROFS (Read-only file system)
12-08 06:45:34.127 14580 14628 W DefaultFailureHandler: 	at libcore.io.IoBridge.open(IoBridge.java:496)
12-08 06:45:34.127 14580 14628 W DefaultFailureHandler: 	at java.io.FileOutputStream.<init>(FileOutputStream.java:235)
12-08 06:45:34.127 14580 14628 W DefaultFailureHandler: 	at java.io.FileOutputStream.<init>(FileOutputStream.java:125)
12-08 06:45:34.127 14580 14628 W DefaultFailureHandler: 	at androidx.test.platform.io.FileTestStorage.openOutputFile(FileTestStorage.java:60)
12-08 06:45:34.127 14580 14628 W DefaultFailureHandler: 	at androidx.test.core.graphics.BitmapStorage.writeToTestStorage(BitmapStorageExt.kt:49)
12-08 06:45:34.127 14580 14628 W DefaultFailureHandler: 	at androidx.test.espresso.base.DefaultFailureHandler.takeScreenshot(DefaultFailureHandler.java:4)
12-08 06:45:34.127 14580 14628 W DefaultFailureHandler: 	at androidx.test.espresso.base.DefaultFailureHandler.handle(DefaultFailureHandler.java:3)
12-08 06:45:34.127 14580 14628 W DefaultFailureHandler: 	at androidx.test.espresso.ViewInteraction.waitForAndHandleInteractionResults(ViewInteraction.java:8)
12-08 06:45:34.127 14580 14628 W DefaultFailureHandler: 	at androidx.test.espresso.ViewInteraction.desugaredPerform(ViewInteraction.java:11)
12-08 06:45:34.127 14580 14628 W DefaultFailureHandler: 	at androidx.test.espresso.ViewInteraction.perform(ViewInteraction.java:8)
12-08 06:45:34.127 14580 14628 W DefaultFailureHandler: 	at ru.iteco.fmhandroid.ui.data.TestUtils.waitView(TestUtils.java:61)
12-08 06:45:34.127 14580 14628 W DefaultFailureHandler: 	at ru.iteco.fmhandroid.ui.steps.AuthSteps.isAuthScreen(AuthSteps.java:56)
12-08 06:45:34.127 14580 14628 W DefaultFailureHandler: 	at ru.iteco.fmhandroid.ui.ClaimEditTest.logoutCheck(ClaimEditTest.java:54)
12-08 06:45:34.127 14580 14628 W DefaultFailureHandler: 	at java.lang.reflect.Method.invoke(Native Method)
12-08 06:45:34.127 14580 14628 W DefaultFailureHandler: 	at org.junit.runners.model.FrameworkMethod$1.runReflectiveCall(FrameworkMethod.java:59)
12-08 06:45:34.127 14580 14628 W DefaultFailureHandler: 	at org.junit.internal.runners.model.ReflectiveCallable.run(ReflectiveCallable.java:12)
12-08 06:45:34.127 14580 14628 W DefaultFailureHandler: 	at org.junit.runners.model.FrameworkMethod.invokeExplosively(FrameworkMethod.java:56)
12-08 06:45:34.127 14580 14628 W DefaultFailureHandler: 	at androidx.test.internal.runner.junit4.statement.RunBefores.evaluate(RunBefores.java:76)
12-08 06:45:34.127 14580 14628 W DefaultFailureHandler: 	at io.qameta.allure.android.rules.ScreenshotRule$apply$1.evaluate(ScreenshotRule.kt:22)
12-08 06:45:34.127 14580 14628 W DefaultFailureHandler: 	at org.junit.rules.ExternalResource$1.evaluate(ExternalResource.java:54)
12-08 06:45:34.127 14580 14628 W DefaultFailureHandler: 	at io.qameta.allure.android.rules.LogcatRule$apply$1.evaluate(LogcatRule.kt:23)
12-08 06:45:34.127 14580 14628 W DefaultFailureHandler: 	at org.junit.rules.RunRules.evaluate(RunRules.java:20)
12-08 06:45:34.127 14580 14628 W DefaultFailureHandler: 	at org.junit.runners.ParentRunner$3.evaluate(ParentRunner.java:306)
12-08 06:45:34.127 14580 14628 W DefaultFailureHandler: 	at org.junit.runners.BlockJUnit4ClassRunner$1.evaluate(BlockJUnit4ClassRunner.java:100)
12-08 06:45:34.127 14580 14628 W DefaultFailureHandler: 	at org.junit.runners.ParentRunner.runLeaf(ParentRunner.java:366)
12-08 06:45:34.127 14580 14628 W DefaultFailureHandler: 	at org.junit.runners.BlockJUnit4ClassRunner.runChild(BlockJUnit4ClassRunner.java:103)
12-08 06:45:34.127 14580 14628 W DefaultFailureHandler: 	at org.junit.runners.BlockJUnit4ClassRunner.runChild(BlockJUnit4ClassRunner.java:63)
12-08 06:45:34.127 14580 14628 W DefaultFailureHandler: 	at org.junit.runners.ParentRunner$4.run(ParentRunner.java:331)
12-08 06:45:34.127 14580 14628 W DefaultFailureHandler: 	at org.junit.runners.ParentRunner$1.schedule(ParentRunner.java:79)
12-08 06:45:34.127 14580 14628 W DefaultFailureHandler: 	at org.junit.runners.ParentRunner.runChildren(ParentRunner.java:329)
12-08 06:45:34.127 14580 14628 W DefaultFailureHandler: 	at org.junit.runners.ParentRunner.access$100(ParentRunner.java:66)
12-08 06:45:34.127 14580 14628 W DefaultFailureHandler: 	at org.junit.runners.ParentRunner$2.evaluate(ParentRunner.java:293)
12-08 06:45:34.127 14580 14628 W DefaultFailureHandler: 	at org.junit.runners.ParentRunner$3.evaluate(ParentRunner.java:306)
12-08 06:45:34.127 14580 14628 W DefaultFailureHandler: 	at org.junit.runners.ParentRunner.run(ParentRunner.java:413)
12-08 06:45:34.127 14580 14628 W DefaultFailureHandler: 	at androidx.test.ext.junit.runners.AndroidJUnit4.run(AndroidJUnit4.java:162)
12-08 06:45:34.127 14580 14628 W DefaultFailureHandler: 	at io.qameta.allure.android.runners.AllureAndroidJUnit4.run(AllureAndroidJUnitRunners.kt:29)
12-08 06:45:34.127 14580 14628 W DefaultFailureHandler: 	at org.junit.runners.Suite.runChild(Suite.java:128)
12-08 06:45:34.127 14580 14628 W DefaultFailureHandler: 	at org.junit.runners.Suite.runChild(Suite.java:27)
12-08 06:45:34.127 14580 14628 W DefaultFailureHandler: 	at org.junit.runners.ParentRunner$4.run(ParentRunner.java:331)
12-08 06:45:34.127 14580 14628 W DefaultFailureHandler: 	at org.junit.runners.ParentRunner$1.schedule(ParentRunner.java:79)
12-08 06:45:34.127 14580 14628 W DefaultFailureHandler: 	at org.junit.runners.ParentRunner.runChildren(ParentRunner.java:329)
12-08 06:45:34.127 14580 14628 W DefaultFailureHandler: 	at org.junit.runners.ParentRunner.access$100(ParentRunner.java:66)
12-08 06:45:34.127 14580 14628 W DefaultFailureHandler: 	at org.junit.runners.ParentRunner$2.evaluate(ParentRunner.java:293)
12-08 06:45:34.127 14580 14628 W DefaultFailureHandler: 	at org.junit.runners.ParentRunner$3.evaluate(ParentRunner.java:306)
12-08 06:45:34.127 14580 14628 W DefaultFailureHandler: 	at org.junit.runners.ParentRunner.run(ParentRunner.java:413)
12-08 06:45:34.127 14580 14628 W DefaultFailureHandler: 	at org.junit.runner.JUnitCore.run(JUnitCore.java:137)
12-08 06:45:34.127 14580 14628 W DefaultFailureHandler: 	at org.junit.runner.JUnitCore.run(JUnitCore.java:115)
12-08 06:45:34.127 14580 14628 W DefaultFailureHandler: 	at androidx.test.internal.runner.TestExecutor.execute(TestExecutor.java:67)
12-08 06:45:34.127 14580 14628 W DefaultFailureHandler: 	at androidx.test.internal.runner.TestExecutor.execute(TestExecutor.java:58)
12-08 06:45:34.127 14580 14628 W DefaultFailureHandler: 	at androidx.test.runner.AndroidJUnitRunner.onStart(AndroidJUnitRunner.java:438)
12-08 06:45:34.127 14580 14628 W DefaultFailureHandler: 	at android.app.Instrumentation$InstrumentationThread.run(Instrumentation.java:2189)
12-08 06:45:34.127 14580 14628 W DefaultFailureHandler: Caused by: android.system.ErrnoException: open failed: EROFS (Read-only file system)
12-08 06:45:34.128 14580 14628 W DefaultFailureHandler: 	at libcore.io.Linux.open(Native Method)
12-08 06:45:34.128 14580 14628 W DefaultFailureHandler: 	at libcore.io.ForwardingOs.open(ForwardingOs.java:167)
12-08 06:45:34.128 14580 14628 W DefaultFailureHandler: 	at libcore.io.BlockGuardOs.open(BlockGuardOs.java:252)
12-08 06:45:34.128 14580 14628 W DefaultFailureHandler: 	at libcore.io.ForwardingOs.open(ForwardingOs.java:167)
12-08 06:45:34.128 14580 14628 W DefaultFailureHandler: 	at android.app.ActivityThread$AndroidOs.open(ActivityThread.java:7255)
12-08 06:45:34.128 14580 14628 W DefaultFailureHandler: 	at libcore.io.IoBridge.open(IoBridge.java:482)
12-08 06:45:34.128 14580 14628 W DefaultFailureHandler: 	... 50 more
12-08 06:45:34.136 14580 14580 I ViewInteraction: Performing 'wait for a specific view with <view.getId() is <2131230870/ru.iteco.fmhandroid:id/authorization_image_button>> during 10000 millis.' action on view view.getRootView() to equal view
12-08 06:45:34.142 14580 14580 I ViewInteraction: Checking 'MatchesViewAssertion{viewMatcher=(view has effective visibility <VISIBLE> and view.getGlobalVisibleRect() to return non-empty rectangle)}' assertion on view view.getId() is <2131230870/ru.iteco.fmhandroid:id/authorization_image_button>
12-08 06:45:34.146 14580 14580 I ViewInteraction: Performing 'single click' action on view view.getId() is <2131230870/ru.iteco.fmhandroid:id/authorization_image_button>
12-08 06:45:34.204  1764  6994 W audio_hw_generic: Not supplying enough data to HAL, expected position 188456508 , only wrote 188456388
12-08 06:45:34.280  1776  1927 D gralloc_ranchu: gralloc_alloc: Creating ashmem region of size 884736
12-08 06:45:34.285  1776  1927 I chatty  : uid=1000(system) HwBinder:1776_3 identical 1 line
12-08 06:45:34.287  1776  1927 D gralloc_ranchu: gralloc_alloc: Creating ashmem region of size 884736
12-08 06:45:34.295 14580 14675 D EGL_emulation: eglMakeCurrent: 0xe593f220: ver 2 0 (tinfo 0xf0cc0370)
12-08 06:45:34.385 14580 14675 I chatty  : uid=10146(ru.iteco.fmhandroid) RenderThread identical 3 lines
12-08 06:45:34.408 14580 14675 D EGL_emulation: eglMakeCurrent: 0xe593f220: ver 2 0 (tinfo 0xf0cc0370)
12-08 06:45:34.638 14580 14580 I ViewInteraction: Performing 'wait for a specific view with <an instance of android.widget.TextView and view.getText() with or without transformation to match: is "Log out"> during 10000 millis.' action on view view.getRootView() to equal view
12-08 06:45:34.644 14580 14580 I ViewInteraction: Checking 'MatchesViewAssertion{viewMatcher=(view has effective visibility <VISIBLE> and view.getGlobalVisibleRect() to return non-empty rectangle)}' assertion on view an instance of android.widget.TextView and view.getText() with or without transformation to match: is "Log out"
12-08 06:45:34.651 14580 14580 I ViewInteraction: Performing 'single click' action on view an instance of android.widget.TextView and view.getText() with or without transformation to match: is "Log out"
12-08 06:45:34.877 14580 14675 D EGL_emulation: eglMakeCurrent: 0xe593f220: ver 2 0 (tinfo 0xf0cc0370)
12-08 06:45:34.938 14580 14675 D EGL_emulation: eglMakeCurrent: 0xe593f220: ver 2 0 (tinfo 0xf0cc0370)
12-08 06:45:35.037 14580 14580 I ViewInteraction: Performing 'wait for a specific view with <(an instance of android.widget.TextView and view.getText() with or without transformation to match: is "Authorization" and view.getParent() view.getParent() view.getId() is <2131231186>)> during 10000 millis.' action on view view.getRootView() to equal view
12-08 06:45:35.043 14580 14580 I ViewInteraction: Checking 'MatchesViewAssertion{viewMatcher=(view has effective visibility <VISIBLE> and view.getGlobalVisibleRect() to return non-empty rectangle)}' assertion on view (an instance of android.widget.TextView and view.getText() with or without transformation to match: is "Authorization" and view.getParent() view.getParent() view.getId() is <2131231186/ru.iteco.fmhandroid:id/nav_host_fragment>)
12-08 06:45:35.049 14580 14580 I ViewInteraction: Performing 'wait for a specific view with <(an instance of android.widget.TextView and view.getHint() matching: is "Login" and view.getParent() view.getParent() view.getId() is <2131231121/ru.iteco.fmhandroid:id/login_text_input_layout>)> during 10000 millis.' action on view view.getRootView() to equal view
12-08 06:45:35.054 14580 14580 I ViewInteraction: Checking 'MatchesViewAssertion{viewMatcher=(view has effective visibility <VISIBLE> and view.getGlobalVisibleRect() to return non-empty rectangle)}' assertion on view (an instance of android.widget.TextView and view.getHint() matching: is "Login" and view.getParent() view.getParent() view.getId() is <2131231121/ru.iteco.fmhandroid:id/login_text_input_layout>)
12-08 06:45:35.061 14580 14580 I ViewInteraction: Performing 'wait for a specific view with <(an instance of android.widget.TextView and view.getHint() matching: is "Password" and view.getParent() view.getParent() view.getId() is <2131231264/ru.iteco.fmhandroid:id/password_text_input_layout>)> during 10000 millis.' action on view view.getRootView() to equal view
12-08 06:45:35.068 14580 14580 I ViewInteraction: Checking 'MatchesViewAssertion{viewMatcher=(view has effective visibility <VISIBLE> and view.getGlobalVisibleRect() to return non-empty rectangle)}' assertion on view (an instance of android.widget.TextView and view.getHint() matching: is "Password" and view.getParent() view.getParent() view.getId() is <2131231264/ru.iteco.fmhandroid:id/password_text_input_layout>)
12-08 06:45:35.074 14580 14580 I ViewInteraction: Performing 'wait for a specific view with <(view.getId() is <2131231039/ru.iteco.fmhandroid:id/enter_button> and an instance of android.widget.TextView and view.getText() with or without transformation to match: is "SIGN IN" and view.getContentDescription() is "Save" and view.getParent() view.getParent() an instance of android.widget.RelativeLayout)> during 10000 millis.' action on view view.getRootView() to equal view
12-08 06:45:35.080 14580 14580 I ViewInteraction: Checking 'MatchesViewAssertion{viewMatcher=(view has effective visibility <VISIBLE> and view.getGlobalVisibleRect() to return non-empty rectangle)}' assertion on view (view.getId() is <2131231039/ru.iteco.fmhandroid:id/enter_button> and an instance of android.widget.TextView and view.getText() with or without transformation to match: is "SIGN IN" and view.getContentDescription() is "Save" and view.getParent() view.getParent() an instance of android.widget.RelativeLayout)
12-08 06:45:35.092 14580 14580 I ViewInteraction: Performing 'wait for a specific view with <(an instance of android.widget.TextView and view.getText() with or without transformation to match: is "Authorization" and view.getParent() view.getParent() view.getId() is <2131231186>)> during 10000 millis.' action on view view.getRootView() to equal view
12-08 06:45:35.101 14580 14580 I ViewInteraction: Checking 'MatchesViewAssertion{viewMatcher=(view has effective visibility <VISIBLE> and view.getGlobalVisibleRect() to return non-empty rectangle)}' assertion on view (an instance of android.widget.TextView and view.getText() with or without transformation to match: is "Authorization" and view.getParent() view.getParent() view.getId() is <2131231186/ru.iteco.fmhandroid:id/nav_host_fragment>)
12-08 06:45:35.104 14580 14580 I ViewInteraction: Performing 'wait for a specific view with <(an instance of android.widget.TextView and view.getHint() matching: is "Login" and view.getParent() view.getParent() view.getId() is <2131231121/ru.iteco.fmhandroid:id/login_text_input_layout>)> during 10000 millis.' action on view view.getRootView() to equal view
12-08 06:45:35.111 14580 14580 I ViewInteraction: Checking 'MatchesViewAssertion{viewMatcher=(view has effective visibility <VISIBLE> and view.getGlobalVisibleRect() to return non-empty rectangle)}' assertion on view (an instance of android.widget.TextView and view.getHint() matching: is "Login" and view.getParent() view.getParent() view.getId() is <2131231121/ru.iteco.fmhandroid:id/login_text_input_layout>)
12-08 06:45:35.115 14580 14580 I ViewInteraction: Performing 'wait for a specific view with <(an instance of android.widget.TextView and view.getHint() matching: is "Password" and view.getParent() view.getParent() view.getId() is <2131231264/ru.iteco.fmhandroid:id/password_text_input_layout>)> during 10000 millis.' action on view view.getRootView() to equal view
12-08 06:45:35.120 14580 14580 I ViewInteraction: Checking 'MatchesViewAssertion{viewMatcher=(view has effective visibility <VISIBLE> and view.getGlobalVisibleRect() to return non-empty rectangle)}' assertion on view (an instance of android.widget.TextView and view.getHint() matching: is "Password" and view.getParent() view.getParent() view.getId() is <2131231264/ru.iteco.fmhandroid:id/password_text_input_layout>)
12-08 06:45:35.124 14580 14580 I ViewInteraction: Performing 'wait for a specific view with <(view.getId() is <2131231039/ru.iteco.fmhandroid:id/enter_button> and an instance of android.widget.TextView and view.getText() with or without transformation to match: is "SIGN IN" and view.getContentDescription() is "Save" and view.getParent() view.getParent() an instance of android.widget.RelativeLayout)> during 10000 millis.' action on view view.getRootView() to equal view
12-08 06:45:35.130 14580 14580 I ViewInteraction: Checking 'MatchesViewAssertion{viewMatcher=(view has effective visibility <VISIBLE> and view.getGlobalVisibleRect() to return non-empty rectangle)}' assertion on view (view.getId() is <2131231039/ru.iteco.fmhandroid:id/enter_button> and an instance of android.widget.TextView and view.getText() with or without transformation to match: is "SIGN IN" and view.getContentDescription() is "Save" and view.getParent() view.getParent() an instance of android.widget.RelativeLayout)
12-08 06:45:35.135 14580 14580 I ViewInteraction: Performing 'wait for a specific view with <(an instance of android.widget.TextView and view.getHint() matching: is "Login" and view.getParent() view.getParent() view.getId() is <2131231121/ru.iteco.fmhandroid:id/login_text_input_layout>)> during 10000 millis.' action on view view.getRootView() to equal view
12-08 06:45:35.140 14580 14580 I ViewInteraction: Performing 'replace text(login2)' action on view (an instance of android.widget.TextView and view.getHint() matching: is "Login" and view.getParent() view.getParent() view.getId() is <2131231121/ru.iteco.fmhandroid:id/login_text_input_layout>)
12-08 06:45:35.171 14580 14580 I ViewInteraction: Performing 'wait for a specific view with <(an instance of android.widget.TextView and view.getHint() matching: is "Password" and view.getParent() view.getParent() view.getId() is <2131231264/ru.iteco.fmhandroid:id/password_text_input_layout>)> during 10000 millis.' action on view view.getRootView() to equal view
12-08 06:45:35.193 14580 14580 I ViewInteraction: Performing 'replace text(password2)' action on view (an instance of android.widget.TextView and view.getHint() matching: is "Password" and view.getParent() view.getParent() view.getId() is <2131231264/ru.iteco.fmhandroid:id/password_text_input_layout>)
12-08 06:45:35.227 14580 14580 I ViewInteraction: Performing 'wait for a specific view with <(view.getId() is <2131231039/ru.iteco.fmhandroid:id/enter_button> and an instance of android.widget.TextView and view.getText() with or without transformation to match: is "SIGN IN" and view.getContentDescription() is "Save" and view.getParent() view.getParent() an instance of android.widget.RelativeLayout)> during 10000 millis.' action on view view.getRootView() to equal view
12-08 06:45:35.230 14580 14580 I ViewInteraction: Checking 'MatchesViewAssertion{viewMatcher=view.isClickable() is <true>}' assertion on view (view.getId() is <2131231039/ru.iteco.fmhandroid:id/enter_button> and an instance of android.widget.TextView and view.getText() with or without transformation to match: is "SIGN IN" and view.getContentDescription() is "Save" and view.getParent() view.getParent() an instance of android.widget.RelativeLayout)
12-08 06:45:35.236 14580 14580 I ViewInteraction: Performing 'wait for a specific view with <(view.getId() is <2131231039/ru.iteco.fmhandroid:id/enter_button> and an instance of android.widget.TextView and view.getText() with or without transformation to match: is "SIGN IN" and view.getContentDescription() is "Save" and view.getParent() view.getParent() an instance of android.widget.RelativeLayout)> during 10000 millis.' action on view view.getRootView() to equal view
12-08 06:45:35.255 14580 14580 I ViewInteraction: Checking 'MatchesViewAssertion{viewMatcher=view.isClickable() is <true>}' assertion on view (view.getId() is <2131231039/ru.iteco.fmhandroid:id/enter_button> and an instance of android.widget.TextView and view.getText() with or without transformation to match: is "SIGN IN" and view.getContentDescription() is "Save" and view.getParent() view.getParent() an instance of android.widget.RelativeLayout)
12-08 06:45:35.263 14580 14580 I ViewInteraction: Performing 'wait for a specific view with <(view.getId() is <2131231039/ru.iteco.fmhandroid:id/enter_button> and an instance of android.widget.TextView and view.getText() with or without transformation to match: is "SIGN IN" and view.getContentDescription() is "Save" and view.getParent() view.getParent() an instance of android.widget.RelativeLayout)> during 10000 millis.' action on view view.getRootView() to equal view
12-08 06:45:35.269 14580 14580 I ViewInteraction: Performing 'single click' action on view (view.getId() is <2131231039/ru.iteco.fmhandroid:id/enter_button> and an instance of android.widget.TextView and view.getText() with or without transformation to match: is "SIGN IN" and view.getContentDescription() is "Save" and view.getParent() view.getParent() an instance of android.widget.RelativeLayout)
12-08 06:45:35.323 14580 14707 I okhttp.OkHttpClient: --> POST http://www.981757-ca08998.tmweb.ru:8080/fmh/authentication/login
12-08 06:45:35.323 14580 14707 I okhttp.OkHttpClient: Content-Type: application/json; charset=UTF-8
12-08 06:45:35.323 14580 14707 I okhttp.OkHttpClient: Content-Length: 41
12-08 06:45:35.324 14580 14707 I okhttp.OkHttpClient: {"login":"login2","password":"password2"}
12-08 06:45:35.324 14580 14707 I okhttp.OkHttpClient: --> END POST (41-byte body)
12-08 06:45:35.553 14580 14707 I okhttp.OkHttpClient: <-- 200 http://www.981757-ca08998.tmweb.ru:8080/fmh/authentication/login (227ms)
12-08 06:45:35.553 14580 14707 I okhttp.OkHttpClient: Vary: Origin
12-08 06:45:35.553 14580 14707 I okhttp.OkHttpClient: Vary: Access-Control-Request-Method
12-08 06:45:35.553 14580 14707 I okhttp.OkHttpClient: Vary: Access-Control-Request-Headers
12-08 06:45:35.553 14580 14707 I okhttp.OkHttpClient: X-Content-Type-Options: nosniff
12-08 06:45:35.553 14580 14707 I okhttp.OkHttpClient: X-XSS-Protection: 1; mode=block
12-08 06:45:35.556 14580 14707 I okhttp.OkHttpClient: Cache-Control: no-cache, no-store, max-age=0, must-revalidate
12-08 06:45:35.557 14580 14707 I okhttp.OkHttpClient: Pragma: no-cache
12-08 06:45:35.557 14580 14707 I okhttp.OkHttpClient: Expires: 0
12-08 06:45:35.558 14580 14707 I okhttp.OkHttpClient: X-Frame-Options: DENY
12-08 06:45:35.560 14580 14707 I okhttp.OkHttpClient: Content-Type: application/json
12-08 06:45:35.561 14580 14707 I okhttp.OkHttpClient: Transfer-Encoding: chunked
12-08 06:45:35.561 14580 14707 I okhttp.OkHttpClient: Date: Thu, 08 Dec 2022 11:45:38 GMT
12-08 06:45:35.562 14580 14707 I okhttp.OkHttpClient: Keep-Alive: timeout=60
12-08 06:45:35.562 14580 14707 I okhttp.OkHttpClient: Connection: keep-alive
12-08 06:45:35.564 14580 14707 I okhttp.OkHttpClient: {"accessToken":"eyJhbGciOiJIUzUxMiJ9.eyJzdWIiOiJsb2dpbjIiLCJqdGkiOiIyIiwiZXhwIjoxNjcwNTg2MzM4fQ.WHsgtk-1Z7cM0KnyHW2jI_9EMYq1pgtY1djK6qZhT1e1eJUu9GncnbVuAwgj_BSCA2mhII4jyFUdnriBAlS5EQ","refreshToken":"eyJhbGciOiJIUzUxMiJ9.eyJzdWIiOiJsb2dpbjIiLCJqdGkiOiIyIiwiZXhwIjoxNjczMDkxOTM4fQ.tASDg4P-C81rXrWdd-7gi31vx-fUV5T2coKgBtl_-idZ0crJlR9AIdTDxjLciPpNSou7vkPYONgKx8mHUEyRUA"}
12-08 06:45:35.564 14580 14580 I ViewInteraction: Performing 'wait for a specific view with <an instance of android.widget.TextView and view.getText() with or without transformation to match: is "News"> during 10000 millis.' action on view view.getRootView() to equal view
12-08 06:45:35.565 14580 14707 I okhttp.OkHttpClient: <-- END HTTP (368-byte body)
12-08 06:45:35.573 14580 14688 I okhttp.OkHttpClient: --> GET http://www.981757-ca08998.tmweb.ru:8080/fmh/authentication/userInfo
12-08 06:45:35.574 14580 14688 I okhttp.OkHttpClient: --> END GET
12-08 06:45:35.716 14580 14688 I okhttp.OkHttpClient: <-- 200 http://www.981757-ca08998.tmweb.ru:8080/fmh/authentication/userInfo (142ms)
12-08 06:45:35.716 14580 14688 I okhttp.OkHttpClient: Vary: Origin
12-08 06:45:35.717 14580 14688 I okhttp.OkHttpClient: Vary: Access-Control-Request-Method
12-08 06:45:35.717 14580 14688 I okhttp.OkHttpClient: Vary: Access-Control-Request-Headers
12-08 06:45:35.718 14580 14688 I okhttp.OkHttpClient: X-Content-Type-Options: nosniff
12-08 06:45:35.719 14580 14688 I okhttp.OkHttpClient: X-XSS-Protection: 1; mode=block
12-08 06:45:35.719 14580 14688 I okhttp.OkHttpClient: Cache-Control: no-cache, no-store, max-age=0, must-revalidate
12-08 06:45:35.720 14580 14688 I okhttp.OkHttpClient: Pragma: no-cache
12-08 06:45:35.723 14580 14688 I okhttp.OkHttpClient: Expires: 0
12-08 06:45:35.723 14580 14688 I okhttp.OkHttpClient: X-Frame-Options: DENY
12-08 06:45:35.724 14580 14688 I okhttp.OkHttpClient: Content-Type: application/json
12-08 06:45:35.725 14580 14688 I okhttp.OkHttpClient: Transfer-Encoding: chunked
12-08 06:45:35.725 14580 14688 I okhttp.OkHttpClient: Date: Thu, 08 Dec 2022 11:45:38 GMT
12-08 06:45:35.725 14580 14688 I okhttp.OkHttpClient: Keep-Alive: timeout=60
12-08 06:45:35.726 14580 14688 I okhttp.OkHttpClient: Connection: keep-alive
12-08 06:45:35.727 14580 14688 I okhttp.OkHttpClient: {"id":2,"firstName":"Данил","lastName":"Иванов","middleName":"Данилович","admin":true}
12-08 06:45:35.728 14580 14688 I okhttp.OkHttpClient: <-- END HTTP (106-byte body)
12-08 06:45:35.740 14580 14710 I okhttp.OkHttpClient: --> GET http://www.981757-ca08998.tmweb.ru:8080/fmh/claims
12-08 06:45:35.740 14580 14710 I okhttp.OkHttpClient: --> END GET
12-08 06:45:35.749  1744 14847 E ResolverController: No valid NAT64 prefix (108, <unspecified>/0)
12-08 06:45:36.154 14580 14580 I ViewInteraction: Checking 'MatchesViewAssertion{viewMatcher=(view has effective visibility <VISIBLE> and view.getGlobalVisibleRect() to return non-empty rectangle)}' assertion on view an instance of android.widget.TextView and view.getText() with or without transformation to match: is "News"
12-08 06:45:36.162 14580 14580 I ViewInteraction: Performing 'wait for a specific view with <view.getId() is <2131230951>> during 10000 millis.' action on view view.getRootView() to equal view
12-08 06:45:36.167 14580 14580 I ViewInteraction: Checking 'MatchesViewAssertion{viewMatcher=(view has effective visibility <VISIBLE> and view.getGlobalVisibleRect() to return non-empty rectangle)}' assertion on view view.getId() is <2131230951/ru.iteco.fmhandroid:id/container_list_news_include_on_fragment_main>
12-08 06:45:36.174 14580 14580 I ViewInteraction: Performing 'wait for a specific view with <view.getId() is <2131230949>> during 10000 millis.' action on view view.getRootView() to equal view
12-08 06:45:36.180 14580 14580 I ViewInteraction: Checking 'MatchesViewAssertion{viewMatcher=(view has effective visibility <VISIBLE> and view.getGlobalVisibleRect() to return non-empty rectangle)}' assertion on view view.getId() is <2131230949/ru.iteco.fmhandroid:id/container_list_claim_include_on_fragment_main>
12-08 06:45:36.184 14580 14580 I ViewInteraction: Performing 'wait for a specific view with <an instance of android.widget.TextView and view.getText() with or without transformation to match: is "Claims"> during 10000 millis.' action on view view.getRootView() to equal view
12-08 06:45:36.191 14580 14580 I ViewInteraction: Checking 'MatchesViewAssertion{viewMatcher=(view has effective visibility <VISIBLE> and view.getGlobalVisibleRect() to return non-empty rectangle)}' assertion on view an instance of android.widget.TextView and view.getText() with or without transformation to match: is "Claims"
12-08 06:45:36.209 14580 14580 I ViewInteraction: Performing 'wait for a specific view with <view.getId() is <2131231123/ru.iteco.fmhandroid:id/main_menu_image_button>> during 10000 millis.' action on view view.getRootView() to equal view
12-08 06:45:36.213 14580 14580 I ViewInteraction: Performing 'single click' action on view view.getId() is <2131231123/ru.iteco.fmhandroid:id/main_menu_image_button>
12-08 06:45:36.319  1776  1927 D gralloc_ranchu: gralloc_alloc: Creating ashmem region of size 2015232
12-08 06:45:36.327  1776  1927 I chatty  : uid=1000(system) HwBinder:1776_3 identical 1 line
12-08 06:45:36.329  1776  1927 D gralloc_ranchu: gralloc_alloc: Creating ashmem region of size 2015232
12-08 06:45:36.353 14580 14675 D EGL_emulation: eglMakeCurrent: 0xe593f220: ver 2 0 (tinfo 0xf0cc0370)
12-08 06:45:36.418 14580 14675 I chatty  : uid=10146(ru.iteco.fmhandroid) RenderThread identical 3 lines
12-08 06:45:36.438 14580 14675 D EGL_emulation: eglMakeCurrent: 0xe593f220: ver 2 0 (tinfo 0xf0cc0370)
12-08 06:45:36.645 14580 14580 I ViewInteraction: Performing 'wait for a specific view with <an instance of android.widget.TextView and view.getText() with or without transformation to match: is "Claims"> during 10000 millis.' action on view view.getRootView() to equal view
12-08 06:45:36.648 14580 14580 I ViewInteraction: Performing 'single click' action on view an instance of android.widget.TextView and view.getText() with or without transformation to match: is "Claims"
12-08 06:45:36.854 14580 14693 I okhttp.OkHttpClient: --> GET http://www.981757-ca08998.tmweb.ru:8080/fmh/claims
12-08 06:45:36.855 14580 14693 I okhttp.OkHttpClient: --> END GET
12-08 06:45:36.874  1788  1978 D AudioFlinger: mixer(0xefb06980) throttle end: throttle time(11)
12-08 06:45:36.907 14580 14675 D EGL_emulation: eglMakeCurrent: 0xe593f220: ver 2 0 (tinfo 0xf0cc0370)
12-08 06:45:36.934 14580 14675 D EGL_emulation: eglMakeCurrent: 0xe593f220: ver 2 0 (tinfo 0xf0cc0370)
12-08 06:45:37.137 14580 14580 I ViewInteraction: Performing 'wait for a specific view with <view.getId() is <2131230849/ru.iteco.fmhandroid:id/add_new_claim_material_button>> during 10000 millis.' action on view view.getRootView() to equal view
12-08 06:45:37.142 14580 14580 I ViewInteraction: Performing 'single click' action on view view.getId() is <2131230849/ru.iteco.fmhandroid:id/add_new_claim_material_button>
12-08 06:45:37.213 14580 14688 I okhttp.OkHttpClient: --> GET http://www.981757-ca08998.tmweb.ru:8080/fmh/users
12-08 06:45:37.214 14580 14688 I okhttp.OkHttpClient: --> END GET
12-08 06:45:37.273  1788  1978 D AF::Track: interceptBuffer: took 258us to intercept 0 tracks
