12-08 10:15:25.872  9674  9783 I okhttp.OkHttpClient: Content-Type: application/json
12-08 10:15:25.872  9674  9783 I okhttp.OkHttpClient: Transfer-Encoding: chunked
12-08 10:15:25.872  9674  9783 I okhttp.OkHttpClient: Date: Thu, 08 Dec 2022 10:16:10 GMT
12-08 10:15:25.872  9674  9783 I okhttp.OkHttpClient: Keep-Alive: timeout=60
12-08 10:15:25.873  9674  9783 I okhttp.OkHttpClient: Connection: keep-alive
12-08 10:15:25.873  9674  9783 I okhttp.OkHttpClient: {"id":2,"firstName":"Данил","lastName":"Иванов","middleName":"Данилович","admin":true}
12-08 10:15:25.873  9674  9783 I okhttp.OkHttpClient: <-- END HTTP (106-byte body)
12-08 10:15:25.895  9674  9804 I okhttp.OkHttpClient: --> GET http://www.981757-ca08998.tmweb.ru:8080/fmh/claims
12-08 10:15:25.895  9674  9804 I okhttp.OkHttpClient: --> END GET
12-08 10:15:25.899  1744 10153 E ResolverController: No valid NAT64 prefix (106, <unspecified>/0)
12-08 10:15:25.978  9674  9674 I ViewInteraction: Checking 'MatchesViewAssertion{viewMatcher=(view has effective visibility <VISIBLE> and view.getGlobalVisibleRect() to return non-empty rectangle)}' assertion on view an instance of android.widget.TextView and view.getText() with or without transformation to match: is "News"
12-08 10:15:25.989  9674  9674 I ViewInteraction: Performing 'wait for a specific view with <view.getId() is <2131230951>> during 10000 millis.' action on view view.getRootView() to equal view
12-08 10:15:25.993  9674  9674 I ViewInteraction: Checking 'MatchesViewAssertion{viewMatcher=(view has effective visibility <VISIBLE> and view.getGlobalVisibleRect() to return non-empty rectangle)}' assertion on view view.getId() is <2131230951/ru.iteco.fmhandroid:id/container_list_news_include_on_fragment_main>
12-08 10:15:25.998  9674  9674 I ViewInteraction: Performing 'wait for a specific view with <view.getId() is <2131230949>> during 10000 millis.' action on view view.getRootView() to equal view
12-08 10:15:26.006  9674  9674 I ViewInteraction: Checking 'MatchesViewAssertion{viewMatcher=(view has effective visibility <VISIBLE> and view.getGlobalVisibleRect() to return non-empty rectangle)}' assertion on view view.getId() is <2131230949/ru.iteco.fmhandroid:id/container_list_claim_include_on_fragment_main>
12-08 10:15:26.009  9674  9674 I ViewInteraction: Performing 'wait for a specific view with <an instance of android.widget.TextView and view.getText() with or without transformation to match: is "Claims"> during 10000 millis.' action on view view.getRootView() to equal view
12-08 10:15:26.016  9674  9674 I ViewInteraction: Checking 'MatchesViewAssertion{viewMatcher=(view has effective visibility <VISIBLE> and view.getGlobalVisibleRect() to return non-empty rectangle)}' assertion on view an instance of android.widget.TextView and view.getText() with or without transformation to match: is "Claims"
12-08 10:15:26.199  9674  9674 I ViewInteraction: Performing 'wait for a specific view with <view.getId() is <2131231123/ru.iteco.fmhandroid:id/main_menu_image_button>> during 10000 millis.' action on view view.getRootView() to equal view
12-08 10:15:26.225  9674  9674 I ViewInteraction: Performing 'single click' action on view view.getId() is <2131231123/ru.iteco.fmhandroid:id/main_menu_image_button>
12-08 10:15:26.338  1776  1927 D gralloc_ranchu: gralloc_alloc: Creating ashmem region of size 2015232
12-08 10:15:26.346  1776  1927 I chatty  : uid=1000(system) HwBinder:1776_3 identical 1 line
12-08 10:15:26.348  1776  1927 D gralloc_ranchu: gralloc_alloc: Creating ashmem region of size 2015232
12-08 10:15:26.371  9674  9770 D EGL_emulation: eglMakeCurrent: 0xdd81b860: ver 2 0 (tinfo 0xc3288080)
12-08 10:15:26.462  9674  9770 I chatty  : uid=10146(ru.iteco.fmhandroid) RenderThread identical 3 lines
12-08 10:15:26.485  9674  9770 D EGL_emulation: eglMakeCurrent: 0xdd81b860: ver 2 0 (tinfo 0xc3288080)
12-08 10:15:26.724  9674  9674 I ViewInteraction: Performing 'wait for a specific view with <an instance of android.widget.TextView and view.getText() with or without transformation to match: is "Claims"> during 10000 millis.' action on view view.getRootView() to equal view
12-08 10:15:26.729  9674  9674 I ViewInteraction: Performing 'single click' action on view an instance of android.widget.TextView and view.getText() with or without transformation to match: is "Claims"
12-08 10:15:26.867  9674  9787 I okhttp.OkHttpClient: --> GET http://www.981757-ca08998.tmweb.ru:8080/fmh/claims
12-08 10:15:26.867  9674  9787 I okhttp.OkHttpClient: --> END GET
12-08 10:15:26.910  9674  9770 D EGL_emulation: eglMakeCurrent: 0xdd81b860: ver 2 0 (tinfo 0xc3288080)
12-08 10:15:26.936  9674  9770 D EGL_emulation: eglMakeCurrent: 0xdd81b860: ver 2 0 (tinfo 0xc3288080)
12-08 10:15:27.113  9674  9674 I ViewInteraction: Performing 'wait for a specific view with <view.getId() is <2131230849/ru.iteco.fmhandroid:id/add_new_claim_material_button>> during 10000 millis.' action on view view.getRootView() to equal view
12-08 10:15:27.138  9674  9674 I ViewInteraction: Performing 'single click' action on view view.getId() is <2131230849/ru.iteco.fmhandroid:id/add_new_claim_material_button>
12-08 10:15:27.206  9674  9783 I okhttp.OkHttpClient: --> GET http://www.981757-ca08998.tmweb.ru:8080/fmh/users
12-08 10:15:27.206  9674  9783 I okhttp.OkHttpClient: --> END GET
12-08 10:15:27.404  9674  9783 I okhttp.OkHttpClient: <-- 200 http://www.981757-ca08998.tmweb.ru:8080/fmh/users (197ms)
12-08 10:15:27.404  9674  9783 I okhttp.OkHttpClient: Vary: Origin
12-08 10:15:27.404  9674  9783 I okhttp.OkHttpClient: Vary: Access-Control-Request-Method
12-08 10:15:27.404  9674  9783 I okhttp.OkHttpClient: Vary: Access-Control-Request-Headers
12-08 10:15:27.404  9674  9783 I okhttp.OkHttpClient: X-Content-Type-Options: nosniff
12-08 10:15:27.404  9674  9783 I okhttp.OkHttpClient: X-XSS-Protection: 1; mode=block
12-08 10:15:27.405  9674  9783 I okhttp.OkHttpClient: Cache-Control: no-cache, no-store, max-age=0, must-revalidate
12-08 10:15:27.405  9674  9783 I okhttp.OkHttpClient: Pragma: no-cache
12-08 10:15:27.405  9674  9783 I okhttp.OkHttpClient: Expires: 0
12-08 10:15:27.405  9674  9783 I okhttp.OkHttpClient: X-Frame-Options: DENY
12-08 10:15:27.405  9674  9783 I okhttp.OkHttpClient: Content-Type: application/json
12-08 10:15:27.405  9674  9783 I okhttp.OkHttpClient: Transfer-Encoding: chunked
12-08 10:15:27.406  9674  9783 I okhttp.OkHttpClient: Date: Thu, 08 Dec 2022 10:16:12 GMT
12-08 10:15:27.406  9674  9783 I okhttp.OkHttpClient: Keep-Alive: timeout=60
12-08 10:15:27.406  9674  9783 I okhttp.OkHttpClient: Connection: keep-alive
12-08 10:15:27.407  9674  9783 I okhttp.OkHttpClient: [{"id":1,"firstName":"Петр","lastName":"Смирнов","middleName":"Петрович","admin":true},{"id":2,"firstName":"Данил","lastName":"Иванов","middleName":"Данилович","admin":true},{"id":3,"firstName":"Егор","lastName":"Петров","middleName":"Егорович","admin":false},{"id":4,"firstName":"Дмитрий","lastName":"Сидоров","middleName":"Дмитриевич","admin":false},{"id":5,"firstName":"Тест","lastName":"Тестов","middleName":"Тестович","admin":true},{"id":6,"firstName":"Diplom","lastName":"Netology","middleName":"QAMID","admin":true}]
12-08 10:15:27.407  9674  9783 I okhttp.OkHttpClient: <-- END HTTP (622-byte body)
12-08 10:15:27.560  9674  9674 I ViewInteraction: Performing 'wait for a specific view with <(view.getId() is <2131231402/ru.iteco.fmhandroid:id/title_edit_text> and view.getParent() view.getParent() view.getId() is <2131231406/ru.iteco.fmhandroid:id/title_text_input_layout>)> during 10000 millis.' action on view view.getRootView() to equal view
12-08 10:15:27.566  9674  9674 I ViewInteraction: Performing 'replace text(Заголовок a8a5c960-2476-48d8-99e8-b80870ca014f)' action on view (view.getId() is <2131231402/ru.iteco.fmhandroid:id/title_edit_text> and view.getParent() view.getParent() view.getId() is <2131231406/ru.iteco.fmhandroid:id/title_text_input_layout>)
12-08 10:15:27.641  9674  9674 I ViewInteraction: Performing 'wait for a specific view with <view.getId() is <2131230975/ru.iteco.fmhandroid:id/date_in_plan_text_input_edit_text>> during 10000 millis.' action on view view.getRootView() to equal view
12-08 10:15:27.655  9674  9674 I ViewInteraction: Performing 'single click' action on view view.getId() is <2131230975/ru.iteco.fmhandroid:id/date_in_plan_text_input_edit_text>
12-08 10:15:27.672  9674  9687 I teco.fmhandroi: Background concurrent copying GC freed 31674(1464KB) AllocSpace objects, 1(16KB) LOS objects, 32% free, 12MB/18MB, paused 739us total 154.488ms
12-08 10:15:27.790  1776  1927 D gralloc_ranchu: gralloc_alloc: Creating ashmem region of size 6778880
12-08 10:15:27.796  1776  1927 I chatty  : uid=1000(system) HwBinder:1776_3 identical 1 line
12-08 10:15:27.800  1776  1927 D gralloc_ranchu: gralloc_alloc: Creating ashmem region of size 6778880
12-08 10:15:27.808  9674  9770 D EGL_emulation: eglMakeCurrent: 0xdd81b860: ver 2 0 (tinfo 0xc3288080)
12-08 10:15:27.905  9674  9770 I chatty  : uid=10146(ru.iteco.fmhandroid) RenderThread identical 3 lines
12-08 10:15:27.926  9674  9770 D EGL_emulation: eglMakeCurrent: 0xdd81b860: ver 2 0 (tinfo 0xc3288080)
12-08 10:15:28.274  9674  9674 I ViewInteraction: Performing 'wait for a specific view with <is assignable from class <class android.widget.DatePicker>> during 10000 millis.' action on view view.getRootView() to equal view
12-08 10:15:28.278  9674  9674 I ViewInteraction: Checking 'MatchesViewAssertion{viewMatcher=(view has effective visibility <VISIBLE> and view.getGlobalVisibleRect() to return non-empty rectangle)}' assertion on view is assignable from class <class android.widget.DatePicker>
12-08 10:15:28.282  9674  9674 I ViewInteraction: Performing 'wait for a specific view with <is assignable from class <class android.widget.DatePicker>> during 10000 millis.' action on view view.getRootView() to equal view
12-08 10:15:28.286  9674  9674 I ViewInteraction: Performing 'set date' action on view is assignable from class <class android.widget.DatePicker>
12-08 10:15:28.321  9674  9674 I ViewInteraction: Performing 'wait for a specific view with <view.getId() is <16908313/android:id/button1>> during 10000 millis.' action on view view.getRootView() to equal view
12-08 10:15:28.327  9674  9674 I ViewInteraction: Performing 'single click' action on view view.getId() is <16908313/android:id/button1>
12-08 10:15:28.440  9674  9770 D EGL_emulation: eglMakeCurrent: 0xdd81b860: ver 2 0 (tinfo 0xc3288080)
12-08 10:15:28.446  2018  2127 E InputDispatcher: Window handle Window{13a2ab1 u0 ru.iteco.fmhandroid/ru.iteco.fmhandroid.ui.AppActivity} has no registered input channel
12-08 10:15:28.465  2018  4164 E InputDispatcher: Window handle Window{13a2ab1 u0 ru.iteco.fmhandroid/ru.iteco.fmhandroid.ui.AppActivity} has no registered input channel
12-08 10:15:28.464  9674  9770 D EGL_emulation: eglMakeCurrent: 0xdd81b860: ver 2 0 (tinfo 0xc3288080)
12-08 10:15:28.729  9674  9674 I ViewInteraction: Performing 'wait for a specific view with <(an instance of android.widget.TextView and view.getHint() matching: is "Time" and view.getParent() view.getParent() view.getId() is <2131231399/ru.iteco.fmhandroid:id/time_in_plan_text_input_layout>)> during 10000 millis.' action on view view.getRootView() to equal view
12-08 10:15:28.735  9674  9674 I ViewInteraction: Performing 'single click' action on view (an instance of android.widget.TextView and view.getHint() matching: is "Time" and view.getParent() view.getParent() view.getId() is <2131231399/ru.iteco.fmhandroid:id/time_in_plan_text_input_layout>)
12-08 10:15:28.920  1776  1927 D gralloc_ranchu: gralloc_alloc: Creating ashmem region of size 5718016
12-08 10:15:28.925  1776  1927 I chatty  : uid=1000(system) HwBinder:1776_3 identical 1 line
12-08 10:15:28.926  1776  1927 D gralloc_ranchu: gralloc_alloc: Creating ashmem region of size 5718016
12-08 10:15:28.940  9674  9770 D EGL_emulation: eglMakeCurrent: 0xdd81b860: ver 2 0 (tinfo 0xc3288080)
12-08 10:15:29.021  9674  9770 I chatty  : uid=10146(ru.iteco.fmhandroid) RenderThread identical 2 lines
12-08 10:15:29.048  9674  9770 D EGL_emulation: eglMakeCurrent: 0xdd81b860: ver 2 0 (tinfo 0xc3288080)
12-08 10:15:29.349  9674  9804 I okhttp.OkHttpClient: <-- 200 http://www.981757-ca08998.tmweb.ru:8080/fmh/claims (3453ms)
12-08 10:15:29.349  9674  9804 I okhttp.OkHttpClient: Vary: Origin
12-08 10:15:29.349  9674  9804 I okhttp.OkHttpClient: Vary: Access-Control-Request-Method
12-08 10:15:29.349  9674  9804 I okhttp.OkHttpClient: Vary: Access-Control-Request-Headers
12-08 10:15:29.350  9674  9804 I okhttp.OkHttpClient: X-Content-Type-Options: nosniff
12-08 10:15:29.350  9674  9804 I okhttp.OkHttpClient: X-XSS-Protection: 1; mode=block
12-08 10:15:29.350  9674  9804 I okhttp.OkHttpClient: Cache-Control: no-cache, no-store, max-age=0, must-revalidate
12-08 10:15:29.350  9674  9804 I okhttp.OkHttpClient: Pragma: no-cache
12-08 10:15:29.350  9674  9804 I okhttp.OkHttpClient: Expires: 0
12-08 10:15:29.350  9674  9804 I okhttp.OkHttpClient: X-Frame-Options: DENY
12-08 10:15:29.350  9674  9804 I okhttp.OkHttpClient: Content-Type: application/json
12-08 10:15:29.350  9674  9804 I okhttp.OkHttpClient: Transfer-Encoding: chunked
12-08 10:15:29.350  9674  9804 I okhttp.OkHttpClient: Date: Thu, 08 Dec 2022 10:16:14 GMT
12-08 10:15:29.350  9674  9804 I okhttp.OkHttpClient: Keep-Alive: timeout=60
12-08 10:15:29.351  9674  9804 I okhttp.OkHttpClient: Connection: keep-alive
12-08 10:15:29.456  9674  9674 I ViewInteraction: Performing 'wait for a specific view with <is assignable from class <class android.widget.TimePicker>> during 10000 millis.' action on view view.getRootView() to equal view
12-08 10:15:29.459  9674  9674 I ViewInteraction: Checking 'MatchesViewAssertion{viewMatcher=(view has effective visibility <VISIBLE> and view.getGlobalVisibleRect() to return non-empty rectangle)}' assertion on view is assignable from class <class android.widget.TimePicker>
12-08 10:15:29.463  9674  9674 I ViewInteraction: Performing 'wait for a specific view with <is assignable from class <class android.widget.TimePicker>> during 10000 millis.' action on view view.getRootView() to equal view
12-08 10:15:29.466  9674  9674 I ViewInteraction: Performing 'set time' action on view is assignable from class <class android.widget.TimePicker>
12-08 10:15:29.470  9674  9674 I ViewInteraction: Performing 'wait for a specific view with <view.getId() is <16908313/android:id/button1>> during 10000 millis.' action on view view.getRootView() to equal view
12-08 10:15:29.473  9674  9674 I ViewInteraction: Performing 'single click' action on view view.getId() is <16908313/android:id/button1>
12-08 10:15:29.534  9674  9770 D EGL_emulation: eglMakeCurrent: 0xdd81b860: ver 2 0 (tinfo 0xc3288080)
12-08 10:15:29.560  9674  9770 D EGL_emulation: eglMakeCurrent: 0xdd81b860: ver 2 0 (tinfo 0xc3288080)
12-08 10:15:29.581  2018  4164 E InputDispatcher: Window handle Window{ecb8534 u0 ru.iteco.fmhandroid/ru.iteco.fmhandroid.ui.AppActivity} has no registered input channel
12-08 10:15:29.590  9674  9770 D EGL_emulation: eglMakeCurrent: 0xdd81b860: ver 2 0 (tinfo 0xc3288080)
12-08 10:15:29.844  9674  9674 I ViewInteraction: Performing 'wait for a specific view with <(an instance of android.widget.TextView and view.getHint() matching: is "Description" and view.getParent() view.getParent() view.getId() is <2131230988/ru.iteco.fmhandroid:id/description_text_input_layout>)> during 10000 millis.' action on view view.getRootView() to equal view
12-08 10:15:29.848  9674  9674 I ViewInteraction: Performing 'replace text(Описание 6dc74e19-37f8-4c11-9859-bdc68fcc2139)' action on view (an instance of android.widget.TextView and view.getHint() matching: is "Description" and view.getParent() view.getParent() view.getId() is <2131230988/ru.iteco.fmhandroid:id/description_text_input_layout>)
12-08 10:15:29.891  9674  9674 I ViewInteraction: Performing 'wait for a specific view with <view.getId() is <2131231291/ru.iteco.fmhandroid:id/save_button>> during 10000 millis.' action on view view.getRootView() to equal view
12-08 10:15:29.897  9674  9674 I ViewInteraction: Performing 'single click' action on view view.getId() is <2131231291/ru.iteco.fmhandroid:id/save_button>
12-08 10:15:29.953  9674  9809 I okhttp.OkHttpClient: --> POST http://www.981757-ca08998.tmweb.ru:8080/fmh/claims
12-08 10:15:29.954  9674  9809 I okhttp.OkHttpClient: Content-Type: application/json; charset=UTF-8
12-08 10:15:29.954  9674  9809 I okhttp.OkHttpClient: Content-Length: 279
12-08 10:15:29.954  9674  9809 I okhttp.OkHttpClient: {"createDate":1670494529,"creatorId":2,"creatorName":"Иванов Данил Данилович","description":"Описание 6dc74e19-37f8-4c11-9859-bdc68fcc2139","planExecuteDate":1693476900,"status":"OPEN","title":"Заголовок a8a5c960-2476-48d8-99e8-b80870ca014f"}
12-08 10:15:29.954  9674  9809 I okhttp.OkHttpClient: --> END POST (279-byte body)
12-08 10:15:29.958  1744 10155 E ResolverController: No valid NAT64 prefix (106, <unspecified>/0)
12-08 10:15:30.182  9674  9674 I ViewInteraction: Performing 'wait for a specific view with <view.getId() is <2131230849/ru.iteco.fmhandroid:id/add_new_claim_material_button>> during 10000 millis.' action on view view.getRootView() to equal view
12-08 10:15:30.373  9674  9809 I okhttp.OkHttpClient: <-- 200 http://www.981757-ca08998.tmweb.ru:8080/fmh/claims (418ms)
12-08 10:15:30.374  9674  9809 I okhttp.OkHttpClient: Vary: Origin
12-08 10:15:30.374  9674  9809 I okhttp.OkHttpClient: Vary: Access-Control-Request-Method
12-08 10:15:30.374  9674  9809 I okhttp.OkHttpClient: Vary: Access-Control-Request-Headers
12-08 10:15:30.374  9674  9809 I okhttp.OkHttpClient: X-Content-Type-Options: nosniff
12-08 10:15:30.374  9674  9809 I okhttp.OkHttpClient: X-XSS-Protection: 1; mode=block
12-08 10:15:30.374  9674  9809 I okhttp.OkHttpClient: Cache-Control: no-cache, no-store, max-age=0, must-revalidate
12-08 10:15:30.374  9674  9809 I okhttp.OkHttpClient: Pragma: no-cache
12-08 10:15:30.374  9674  9809 I okhttp.OkHttpClient: Expires: 0
12-08 10:15:30.374  9674  9809 I okhttp.OkHttpClient: X-Frame-Options: DENY
12-08 10:15:30.375  9674  9809 I okhttp.OkHttpClient: Content-Type: application/json
12-08 10:15:30.375  9674  9809 I okhttp.OkHttpClient: Transfer-Encoding: chunked
12-08 10:15:30.375  9674  9809 I okhttp.OkHttpClient: Date: Thu, 08 Dec 2022 10:16:15 GMT
12-08 10:15:30.375  9674  9809 I okhttp.OkHttpClient: Keep-Alive: timeout=60
12-08 10:15:30.375  9674  9809 I okhttp.OkHttpClient: Connection: keep-alive
12-08 10:15:30.376  9674  9809 I okhttp.OkHttpClient: {"id":2713,"title":"Заголовок a8a5c960-2476-48d8-99e8-b80870ca014f","description":"Описание 6dc74e19-37f8-4c11-9859-bdc68fcc2139","creatorId":2,"executorId":null,"createDate":1670494529,"planExecuteDate":1693476900,"factExecuteDate":null,"status":"OPEN","creatorName":"Иванов Данил Данилович","executorName":null}
12-08 10:15:30.376  9674  9809 I okhttp.OkHttpClient: <-- END HTTP (350-byte body)
12-08 10:15:30.385  9674  9787 I okhttp.OkHttpClient: <-- 200 http://www.981757-ca08998.tmweb.ru:8080/fmh/claims (3518ms)
12-08 10:15:30.385  9674  9787 I okhttp.OkHttpClient: Vary: Origin
12-08 10:15:30.386  9674  9787 I okhttp.OkHttpClient: Vary: Access-Control-Request-Method
12-08 10:15:30.387  9674  9787 I okhttp.OkHttpClient: Vary: Access-Control-Request-Headers
12-08 10:15:30.387  9674  9787 I okhttp.OkHttpClient: X-Content-Type-Options: nosniff
12-08 10:15:30.387  9674  9787 I okhttp.OkHttpClient: X-XSS-Protection: 1; mode=block
12-08 10:15:30.387  9674  9787 I okhttp.OkHttpClient: Cache-Control: no-cache, no-store, max-age=0, must-revalidate
12-08 10:15:30.387  9674  9787 I okhttp.OkHttpClient: Pragma: no-cache
12-08 10:15:30.387  9674  9787 I okhttp.OkHttpClient: Expires: 0
12-08 10:15:30.388  9674  9787 I okhttp.OkHttpClient: X-Frame-Options: DENY
12-08 10:15:30.388  9674  9787 I okhttp.OkHttpClient: Content-Type: application/json
12-08 10:15:30.388  9674  9787 I okhttp.OkHttpClient: Transfer-Encoding: chunked
12-08 10:15:30.388  9674  9787 I okhttp.OkHttpClient: Date: Thu, 08 Dec 2022 10:16:15 GMT
12-08 10:15:30.388  9674  9787 I okhttp.OkHttpClient: Keep-Alive: timeout=60
12-08 10:15:30.388  9674  9787 I okhttp.OkHttpClient: Connection: keep-alive
12-08 10:15:30.456  9674  9674 I ViewInteraction: Performing 'single click' action on view view.getId() is <2131230849/ru.iteco.fmhandroid:id/add_new_claim_material_button>
12-08 10:15:30.525  9674  9783 I okhttp.OkHttpClient: --> GET http://www.981757-ca08998.tmweb.ru:8080/fmh/users
12-08 10:15:30.526  9674  9783 I okhttp.OkHttpClient: --> END GET
12-08 10:15:30.667  9674  9783 I okhttp.OkHttpClient: <-- 200 http://www.981757-ca08998.tmweb.ru:8080/fmh/users (141ms)
12-08 10:15:30.667  9674  9783 I okhttp.OkHttpClient: Vary: Origin
12-08 10:15:30.668  9674  9783 I okhttp.OkHttpClient: Vary: Access-Control-Request-Method
12-08 10:15:30.668  9674  9783 I okhttp.OkHttpClient: Vary: Access-Control-Request-Headers
12-08 10:15:30.668  9674  9783 I okhttp.OkHttpClient: X-Content-Type-Options: nosniff
12-08 10:15:30.668  9674  9783 I okhttp.OkHttpClient: X-XSS-Protection: 1; mode=block
12-08 10:15:30.668  9674  9783 I okhttp.OkHttpClient: Cache-Control: no-cache, no-store, max-age=0, must-revalidate
12-08 10:15:30.668  9674  9783 I okhttp.OkHttpClient: Pragma: no-cache
12-08 10:15:30.669  9674  9783 I okhttp.OkHttpClient: Expires: 0
12-08 10:15:30.669  9674  9783 I okhttp.OkHttpClient: X-Frame-Options: DENY
12-08 10:15:30.669  9674  9783 I okhttp.OkHttpClient: Content-Type: application/json
12-08 10:15:30.669  9674  9783 I okhttp.OkHttpClient: Transfer-Encoding: chunked
12-08 10:15:30.669  9674  9783 I okhttp.OkHttpClient: Date: Thu, 08 Dec 2022 10:16:15 GMT
12-08 10:15:30.669  9674  9783 I okhttp.OkHttpClient: Keep-Alive: timeout=60
12-08 10:15:30.669  9674  9783 I okhttp.OkHttpClient: Connection: keep-alive
12-08 10:15:30.670  9674  9783 I okhttp.OkHttpClient: [{"id":1,"firstName":"Петр","lastName":"Смирнов","middleName":"Петрович","admin":true},{"id":2,"firstName":"Данил","lastName":"Иванов","middleName":"Данилович","admin":true},{"id":3,"firstName":"Егор","lastName":"Петров","middleName":"Егорович","admin":false},{"id":4,"firstName":"Дмитрий","lastName":"Сидоров","middleName":"Дмитриевич","admin":false},{"id":5,"firstName":"Тест","lastName":"Тестов","middleName":"Тестович","admin":true},{"id":6,"firstName":"Diplom","lastName":"Netology","middleName":"QAMID","admin":true}]
12-08 10:15:30.670  9674  9783 I okhttp.OkHttpClient: <-- END HTTP (622-byte body)
12-08 10:15:30.875  9674  9687 I teco.fmhandroi: Background concurrent copying GC freed 73443(3621KB) AllocSpace objects, 2(32KB) LOS objects, 29% free, 14MB/20MB, paused 606us total 100.079ms
12-08 10:15:30.888  9674  9674 I ViewInteraction: Performing 'wait for a specific view with <(view.getId() is <2131231402/ru.iteco.fmhandroid:id/title_edit_text> and view.getParent() view.getParent() view.getId() is <2131231406/ru.iteco.fmhandroid:id/title_text_input_layout>)> during 10000 millis.' action on view view.getRootView() to equal view
12-08 10:15:30.891  9674  9674 I ViewInteraction: Performing 'replace text(Заголовок c8f90033-49c3-4ea7-a8cc-3434a22413ab)' action on view (view.getId() is <2131231402/ru.iteco.fmhandroid:id/title_edit_text> and view.getParent() view.getParent() view.getId() is <2131231406/ru.iteco.fmhandroid:id/title_text_input_layout>)
12-08 10:15:30.924  9674  9674 I ViewInteraction: Performing 'wait for a specific view with <view.getId() is <2131230975/ru.iteco.fmhandroid:id/date_in_plan_text_input_edit_text>> during 10000 millis.' action on view view.getRootView() to equal view
12-08 10:15:30.928  9674  9674 I ViewInteraction: Performing 'single click' action on view view.getId() is <2131230975/ru.iteco.fmhandroid:id/date_in_plan_text_input_edit_text>
12-08 10:15:31.062  1776  1927 D gralloc_ranchu: gralloc_alloc: Creating ashmem region of size 6778880
12-08 10:15:31.073  1776  1927 I chatty  : uid=1000(system) HwBinder:1776_3 identical 1 line
12-08 10:15:31.074  1776  1927 D gralloc_ranchu: gralloc_alloc: Creating ashmem region of size 6778880
12-08 10:15:31.086  9674  9770 D EGL_emulation: eglMakeCurrent: 0xdd81b860: ver 2 0 (tinfo 0xc3288080)
12-08 10:15:31.193  9674  9770 I chatty  : uid=10146(ru.iteco.fmhandroid) RenderThread identical 3 lines
12-08 10:15:31.214  9674  9770 D EGL_emulation: eglMakeCurrent: 0xdd81b860: ver 2 0 (tinfo 0xc3288080)
12-08 10:15:31.558  9674  9674 I ViewInteraction: Performing 'wait for a specific view with <is assignable from class <class android.widget.DatePicker>> during 10000 millis.' action on view view.getRootView() to equal view
12-08 10:15:31.562  9674  9674 I ViewInteraction: Checking 'MatchesViewAssertion{viewMatcher=(view has effective visibility <VISIBLE> and view.getGlobalVisibleRect() to return non-empty rectangle)}' assertion on view is assignable from class <class android.widget.DatePicker>
12-08 10:15:31.566  9674  9674 I ViewInteraction: Performing 'wait for a specific view with <is assignable from class <class android.widget.DatePicker>> during 10000 millis.' action on view view.getRootView() to equal view
12-08 10:15:31.570  9674  9674 I ViewInteraction: Performing 'set date' action on view is assignable from class <class android.widget.DatePicker>
12-08 10:15:31.605  9674  9674 I ViewInteraction: Performing 'wait for a specific view with <view.getId() is <16908313/android:id/button1>> during 10000 millis.' action on view view.getRootView() to equal view
12-08 10:15:31.610  9674  9674 I ViewInteraction: Performing 'single click' action on view view.getId() is <16908313/android:id/button1>
12-08 10:15:31.696  9674  9770 D EGL_emulation: eglMakeCurrent: 0xdd81b860: ver 2 0 (tinfo 0xc3288080)
12-08 10:15:31.715  9674  9770 D EGL_emulation: eglMakeCurrent: 0xdd81b860: ver 2 0 (tinfo 0xc3288080)
12-08 10:15:31.717  2018  4164 E InputDispatcher: Window handle Window{d2a303d u0 ru.iteco.fmhandroid/ru.iteco.fmhandroid.ui.AppActivity} has no registered input channel
12-08 10:15:31.737  2018  2127 E InputDispatcher: Window handle Window{d2a303d u0 ru.iteco.fmhandroid/ru.iteco.fmhandroid.ui.AppActivity} has no registered input channel
12-08 10:15:31.976  9674  9674 I ViewInteraction: Performing 'wait for a specific view with <(an instance of android.widget.TextView and view.getHint() matching: is "Time" and view.getParent() view.getParent() view.getId() is <2131231399/ru.iteco.fmhandroid:id/time_in_plan_text_input_layout>)> during 10000 millis.' action on view view.getRootView() to equal view
12-08 10:15:31.981  9674  9674 I ViewInteraction: Performing 'single click' action on view (an instance of android.widget.TextView and view.getHint() matching: is "Time" and view.getParent() view.getParent() view.getId() is <2131231399/ru.iteco.fmhandroid:id/time_in_plan_text_input_layout>)
12-08 10:15:32.127  1776  1927 D gralloc_ranchu: gralloc_alloc: Creating ashmem region of size 5718016
12-08 10:15:32.141  1776  1927 I chatty  : uid=1000(system) HwBinder:1776_3 identical 1 line
12-08 10:15:32.142  1776  1927 D gralloc_ranchu: gralloc_alloc: Creating ashmem region of size 5718016
12-08 10:15:32.157  9674  9770 D EGL_emulation: eglMakeCurrent: 0xdd81b860: ver 2 0 (tinfo 0xc3288080)
12-08 10:15:32.205  9674  9770 D EGL_emulation: eglMakeCurrent: 0xdd81b860: ver 2 0 (tinfo 0xc3288080)
12-08 10:15:32.723  9674  9674 I ViewInteraction: Performing 'wait for a specific view with <is assignable from class <class android.widget.TimePicker>> during 10000 millis.' action on view view.getRootView() to equal view
12-08 10:15:32.726  9674  9674 I ViewInteraction: Checking 'MatchesViewAssertion{viewMatcher=(view has effective visibility <VISIBLE> and view.getGlobalVisibleRect() to return non-empty rectangle)}' assertion on view is assignable from class <class android.widget.TimePicker>
12-08 10:15:32.732  9674  9674 I ViewInteraction: Performing 'wait for a specific view with <is assignable from class <class android.widget.TimePicker>> during 10000 millis.' action on view view.getRootView() to equal view
12-08 10:15:32.736  9674  9674 I ViewInteraction: Performing 'set time' action on view is assignable from class <class android.widget.TimePicker>
12-08 10:15:32.739  9674  9674 I ViewInteraction: Performing 'wait for a specific view with <view.getId() is <16908313/android:id/button1>> during 10000 millis.' action on view view.getRootView() to equal view
12-08 10:15:32.744  9674  9674 I ViewInteraction: Performing 'single click' action on view view.getId() is <16908313/android:id/button1>
12-08 10:15:32.799  9674  9770 D EGL_emulation: eglMakeCurrent: 0xdd81b860: ver 2 0 (tinfo 0xc3288080)
12-08 10:15:32.822  9674  9770 D EGL_emulation: eglMakeCurrent: 0xdd81b860: ver 2 0 (tinfo 0xc3288080)
12-08 10:15:32.832  2018  4164 E InputDispatcher: Window handle Window{7433830 u0 ru.iteco.fmhandroid/ru.iteco.fmhandroid.ui.AppActivity} has no registered input channel
12-08 10:15:32.846  9674  9770 D EGL_emulation: eglMakeCurrent: 0xdd81b860: ver 2 0 (tinfo 0xc3288080)
12-08 10:15:33.101  9674  9674 I ViewInteraction: Performing 'wait for a specific view with <(an instance of android.widget.TextView and view.getHint() matching: is "Description" and view.getParent() view.getParent() view.getId() is <2131230988/ru.iteco.fmhandroid:id/description_text_input_layout>)> during 10000 millis.' action on view view.getRootView() to equal view
12-08 10:15:33.106  9674  9674 I ViewInteraction: Performing 'replace text(Описание 60c06d08-e36c-44c9-bc0d-1eeb295aec55)' action on view (an instance of android.widget.TextView and view.getHint() matching: is "Description" and view.getParent() view.getParent() view.getId() is <2131230988/ru.iteco.fmhandroid:id/description_text_input_layout>)
12-08 10:15:33.141  9674  9674 I ViewInteraction: Performing 'wait for a specific view with <view.getId() is <2131231291/ru.iteco.fmhandroid:id/save_button>> during 10000 millis.' action on view view.getRootView() to equal view
12-08 10:15:33.145  9674  9674 I ViewInteraction: Performing 'single click' action on view view.getId() is <2131231291/ru.iteco.fmhandroid:id/save_button>
12-08 10:15:33.203  9674  9809 I okhttp.OkHttpClient: --> POST http://www.981757-ca08998.tmweb.ru:8080/fmh/claims
12-08 10:15:33.203  9674  9809 I okhttp.OkHttpClient: Content-Type: application/json; charset=UTF-8
12-08 10:15:33.204  9674  9809 I okhttp.OkHttpClient: Content-Length: 279
12-08 10:15:33.204  9674  9809 I okhttp.OkHttpClient: {"createDate":1670494533,"creatorId":2,"creatorName":"Иванов Данил Данилович","description":"Описание 60c06d08-e36c-44c9-bc0d-1eeb295aec55","planExecuteDate":1680084900,"status":"OPEN","title":"Заголо��ок c8f90033-49c3-4ea7-a8cc-3434a22413ab"}
12-08 10:15:33.204  9674  9809 I okhttp.OkHttpClient: --> END POST (279-byte body)
12-08 10:15:33.346  9674  9809 I okhttp.OkHttpClient: <-- 200 http://www.981757-ca08998.tmweb.ru:8080/fmh/claims (141ms)
12-08 10:15:33.346  9674  9809 I okhttp.OkHttpClient: Vary: Origin
12-08 10:15:33.346  9674  9809 I okhttp.OkHttpClient: Vary: Access-Control-Request-Method
12-08 10:15:33.346  9674  9809 I okhttp.OkHttpClient: Vary: Access-Control-Request-Headers
12-08 10:15:33.346  9674  9809 I okhttp.OkHttpClient: X-Content-Type-Options: nosniff
12-08 10:15:33.346  9674  9809 I okhttp.OkHttpClient: X-XSS-Protection: 1; mode=block
12-08 10:15:33.347  9674  9809 I okhttp.OkHttpClient: Cache-Control: no-cache, no-store, max-age=0, must-revalidate
12-08 10:15:33.347  9674  9809 I okhttp.OkHttpClient: Pragma: no-cache
12-08 10:15:33.347  9674  9809 I okhttp.OkHttpClient: Expires: 0
12-08 10:15:33.347  9674  9809 I okhttp.OkHttpClient: X-Frame-Options: DENY
12-08 10:15:33.347  9674  9809 I okhttp.OkHttpClient: Content-Type: application/json
12-08 10:15:33.347  9674  9809 I okhttp.OkHttpClient: Transfer-Encoding: chunked
12-08 10:15:33.347  9674  9809 I okhttp.OkHttpClient: Date: Thu, 08 Dec 2022 10:16:18 GMT
12-08 10:15:33.347  9674  9809 I okhttp.OkHttpClient: Keep-Alive: timeout=60
12-08 10:15:33.347  9674  9809 I okhttp.OkHttpClient: Connection: keep-alive
12-08 10:15:33.347  9674  9809 I okhttp.OkHttpClient: {"id":2714,"title":"Заголовок c8f90033-49c3-4ea7-a8cc-3434a22413ab","description":"Описание 60c06d08-e36c-44c9-bc0d-1eeb295aec55","creatorId":2,"executorId":null,"createDate":1670494533,"planExecuteDate":1680084900,"factExecuteDate":null,"status":"OPEN","creatorName":"Иванов Данил Данилович","executorName":null}
12-08 10:15:33.347  9674  9809 I okhttp.OkHttpClient: <-- END HTTP (350-byte body)
12-08 10:15:33.495  9674  9674 I ViewInteraction: Performing 'wait for a specific view with <view.getId() is <2131230849/ru.iteco.fmhandroid:id/add_new_claim_material_button>> during 10000 millis.' action on view view.getRootView() to equal view
12-08 10:15:33.503  9674  9674 I ViewInteraction: Performing 'single click' action on view view.getId() is <2131230849/ru.iteco.fmhandroid:id/add_new_claim_material_button>
12-08 10:15:33.625  9674  9783 I okhttp.OkHttpClient: --> GET http://www.981757-ca08998.tmweb.ru:8080/fmh/users
12-08 10:15:33.626  9674  9783 I okhttp.OkHttpClient: --> END GET
12-08 10:15:33.856  9674  9783 I okhttp.OkHttpClient: <-- 200 http://www.981757-ca08998.tmweb.ru:8080/fmh/users (230ms)
12-08 10:15:33.856  9674  9783 I okhttp.OkHttpClient: Vary: Origin
12-08 10:15:33.856  9674  9783 I okhttp.OkHttpClient: Vary: Access-Control-Request-Method
12-08 10:15:33.856  9674  9783 I okhttp.OkHttpClient: Vary: Access-Control-Request-Headers
12-08 10:15:33.856  9674  9783 I okhttp.OkHttpClient: X-Content-Type-Options: nosniff
12-08 10:15:33.856  9674  9783 I okhttp.OkHttpClient: X-XSS-Protection: 1; mode=block
12-08 10:15:33.857  9674  9783 I okhttp.OkHttpClient: Cache-Control: no-cache, no-store, max-age=0, must-revalidate
12-08 10:15:33.857  9674  9783 I okhttp.OkHttpClient: Pragma: no-cache
12-08 10:15:33.857  9674  9783 I okhttp.OkHttpClient: Expires: 0
12-08 10:15:33.857  9674  9783 I okhttp.OkHttpClient: X-Frame-Options: DENY
12-08 10:15:33.857  9674  9783 I okhttp.OkHttpClient: Content-Type: application/json
12-08 10:15:33.857  9674  9783 I okhttp.OkHttpClient: Transfer-Encoding: chunked
12-08 10:15:33.857  9674  9783 I okhttp.OkHttpClient: Date: Thu, 08 Dec 2022 10:16:18 GMT
12-08 10:15:33.857  9674  9783 I okhttp.OkHttpClient: Keep-Alive: timeout=60
12-08 10:15:33.857  9674  9783 I okhttp.OkHttpClient: Connection: keep-alive
12-08 10:15:33.857  9674  9783 I okhttp.OkHttpClient: [{"id":1,"firstName":"Петр","lastName":"Смирнов","middleName":"Петрович","admin":true},{"id":2,"firstName":"Данил","lastName":"Иванов","middleName":"Данилович","admin":true},{"id":3,"firstName":"Егор","lastName":"Петров","middleName":"Егорович","admin":false},{"id":4,"firstName":"Дмитрий","lastName":"Сидоров","middleName":"Дмитриевич","admin":false},{"id":5,"firstName":"Тест","lastName":"Тестов","middleName":"Тестович","admin":true},{"id":6,"firstName":"Diplom","lastName":"Netology","middleName":"QAMID","admin":true}]
12-08 10:15:33.858  9674  9783 I okhttp.OkHttpClient: <-- END HTTP (622-byte body)
12-08 10:15:34.030  9674  9674 I ViewInteraction: Performing 'wait for a specific view with <(view.getId() is <2131231402/ru.iteco.fmhandroid:id/title_edit_text> and view.getParent() view.getParent() view.getId() is <2131231406/ru.iteco.fmhandroid:id/title_text_input_layout>)> during 10000 millis.' action on view view.getRootView() to equal view
12-08 10:15:34.042  9674  9674 I ViewInteraction: Performing 'replace text(Заголовок e4155332-3a60-4800-8198-e24785fae1f4)' action on view (view.getId() is <2131231402/ru.iteco.fmhandroid:id/title_edit_text> and view.getParent() view.getParent() view.getId() is <2131231406/ru.iteco.fmhandroid:id/title_text_input_layout>)
12-08 10:15:34.068  9674  9687 I teco.fmhandroi: Background concurrent copying GC freed 110190(5507KB) AllocSpace objects, 2(32KB) LOS objects, 28% free, 15MB/21MB, paused 1.159ms total 140.825ms
12-08 10:15:34.110  9674  9674 I ViewInteraction: Performing 'wait for a specific view with <view.getId() is <2131230975/ru.iteco.fmhandroid:id/date_in_plan_text_input_edit_text>> during 10000 millis.' action on view view.getRootView() to equal view
12-08 10:15:34.115  9674  9674 I ViewInteraction: Performing 'single click' action on view view.getId() is <2131230975/ru.iteco.fmhandroid:id/date_in_plan_text_input_edit_text>
12-08 10:15:34.244  1776  1927 D gralloc_ranchu: gralloc_alloc: Creating ashmem region of size 6778880
12-08 10:15:34.248  1776  1927 I chatty  : uid=1000(system) HwBinder:1776_3 identical 1 line
12-08 10:15:34.250  1776  1927 D gralloc_ranchu: gralloc_alloc: Creating ashmem region of size 6778880
12-08 10:15:34.259  9674  9770 D EGL_emulation: eglMakeCurrent: 0xdd81b860: ver 2 0 (tinfo 0xc3288080)
12-08 10:15:34.359  9674  9770 I chatty  : uid=10146(ru.iteco.fmhandroid) RenderThread identical 3 lines
12-08 10:15:34.379  9674  9770 D EGL_emulation: eglMakeCurrent: 0xdd81b860: ver 2 0 (tinfo 0xc3288080)
12-08 10:15:34.727  9674  9674 I ViewInteraction: Performing 'wait for a specific view with <is assignable from class <class android.widget.DatePicker>> during 10000 millis.' action on view view.getRootView() to equal view
12-08 10:15:34.728  9674  9674 I ViewInteraction: Checking 'MatchesViewAssertion{viewMatcher=(view has effective visibility <VISIBLE> and view.getGlobalVisibleRect() to return non-empty rectangle)}' assertion on view is assignable from class <class android.widget.DatePicker>
12-08 10:15:34.731  9674  9674 I ViewInteraction: Performing 'wait for a specific view with <is assignable from class <class android.widget.DatePicker>> during 10000 millis.' action on view view.getRootView() to equal view
12-08 10:15:34.735  9674  9674 I ViewInteraction: Performing 'set date' action on view is assignable from class <class android.widget.DatePicker>
12-08 10:15:34.772  9674  9674 I ViewInteraction: Performing 'wait for a specific view with <view.getId() is <16908313/android:id/button1>> during 10000 millis.' action on view view.getRootView() to equal view
12-08 10:15:34.786  9674  9674 I ViewInteraction: Performing 'single click' action on view view.getId() is <16908313/android:id/button1>
12-08 10:15:34.870  9674  9770 D EGL_emulation: eglMakeCurrent: 0xdd81b860: ver 2 0 (tinfo 0xc3288080)
12-08 10:15:34.881  2018  3051 E InputDispatcher: Window handle Window{702c389 u0 ru.iteco.fmhandroid/ru.iteco.fmhandroid.ui.AppActivity} has no registered input channel
12-08 10:15:34.895  9674  9770 D EGL_emulation: eglMakeCurrent: 0xdd81b860: ver 2 0 (tinfo 0xc3288080)
12-08 10:15:35.156  9674  9674 I ViewInteraction: Performing 'wait for a specific view with <(an instance of android.widget.TextView and view.getHint() matching: is "Time" and view.getParent() view.getParent() view.getId() is <2131231399/ru.iteco.fmhandroid:id/time_in_plan_text_input_layout>)> during 10000 millis.' action on view view.getRootView() to equal view
12-08 10:15:35.160  9674  9674 I ViewInteraction: Performing 'single click' action on view (an instance of android.widget.TextView and view.getHint() matching: is "Time" and view.getParent() view.getParent() view.getId() is <2131231399/ru.iteco.fmhandroid:id/time_in_plan_text_input_layout>)
12-08 10:15:35.314  1776  1927 D gralloc_ranchu: gralloc_alloc: Creating ashmem region of size 5718016
12-08 10:15:35.321  1776  1927 I chatty  : uid=1000(system) HwBinder:1776_3 identical 1 line
12-08 10:15:35.323  1776  1927 D gralloc_ranchu: gralloc_alloc: Creating ashmem region of size 5718016
12-08 10:15:35.336  9674  9770 D EGL_emulation: eglMakeCurrent: 0xdd81b860: ver 2 0 (tinfo 0xc3288080)
12-08 10:15:35.388  9674  9770 I chatty  : uid=10146(ru.iteco.fmhandroid) RenderThread identical 2 lines
12-08 10:15:35.412  9674  9770 D EGL_emulation: eglMakeCurrent: 0xdd81b860: ver 2 0 (tinfo 0xc3288080)
12-08 10:15:35.872  9674  9674 I ViewInteraction: Performing 'wait for a specific view with <is assignable from class <class android.widget.TimePicker>> during 10000 millis.' action on view view.getRootView() to equal view
12-08 10:15:35.874  9674  9674 I ViewInteraction: Checking 'MatchesViewAssertion{viewMatcher=(view has effective visibility <VISIBLE> and view.getGlobalVisibleRect() to return non-empty rectangle)}' assertion on view is assignable from class <class android.widget.TimePicker>
12-08 10:15:35.878  9674  9674 I ViewInteraction: Performing 'wait for a specific view with <is assignable from class <class android.widget.TimePicker>> during 10000 millis.' action on view view.getRootView() to equal view
12-08 10:15:35.885  9674  9674 I ViewInteraction: Performing 'set time' action on view is assignable from class <class android.widget.TimePicker>
12-08 10:15:35.890  9674  9674 I ViewInteraction: Performing 'wait for a specific view with <view.getId() is <16908313/android:id/button1>> during 10000 millis.' action on view view.getRootView() to equal view
12-08 10:15:35.893  9674  9674 I ViewInteraction: Performing 'single click' action on view view.getId() is <16908313/android:id/button1>
12-08 10:15:35.952  9674  9770 D EGL_emulation: eglMakeCurrent: 0xdd81b860: ver 2 0 (tinfo 0xc3288080)
12-08 10:15:35.974  9674  9770 D EGL_emulation: eglMakeCurrent: 0xdd81b860: ver 2 0 (tinfo 0xc3288080)
12-08 10:15:35.982  2018  4164 E InputDispatcher: Window handle Window{31fd3ec u0 ru.iteco.fmhandroid/ru.iteco.fmhandroid.ui.AppActivity} has no registered input channel
12-08 10:15:35.998  9674  9770 D EGL_emulation: eglMakeCurrent: 0xdd81b860: ver 2 0 (tinfo 0xc3288080)
12-08 10:15:36.268  9674  9674 I ViewInteraction: Performing 'wait for a specific view with <(an instance of android.widget.TextView and view.getHint() matching: is "Description" and view.getParent() view.getParent() view.getId() is <2131230988/ru.iteco.fmhandroid:id/description_text_input_layout>)> during 10000 millis.' action on view view.getRootView() to equal view
12-08 10:15:36.275  9674  9674 I ViewInteraction: Performing 'replace text(Описание c6201d93-802b-4ed0-b933-b05e566fb069)' action on view (an instance of android.widget.TextView and view.getHint() matching: is "Description" and view.getParent() view.getParent() view.getId() is <2131230988/ru.iteco.fmhandroid:id/description_text_input_layout>)
12-08 10:15:36.309  9674  9674 I ViewInteraction: Performing 'wait for a specific view with <view.getId() is <2131231291/ru.iteco.fmhandroid:id/save_button>> during 10000 millis.' action on view view.getRootView() to equal view
12-08 10:15:36.312  9674  9674 I ViewInteraction: Performing 'single click' action on view view.getId() is <2131231291/ru.iteco.fmhandroid:id/save_button>
12-08 10:15:36.372  9674  9809 I okhttp.OkHttpClient: --> POST http://www.981757-ca08998.tmweb.ru:8080/fmh/claims
12-08 10:15:36.373  9674  9809 I okhttp.OkHttpClient: Content-Type: application/json; charset=UTF-8
12-08 10:15:36.373  9674  9809 I okhttp.OkHttpClient: Content-Length: 279
12-08 10:15:36.373  9674  9809 I okhttp.OkHttpClient: {"createDate":1670494536,"creatorId":2,"creatorName":"Иванов Данил Данилович","description":"Описание c6201d93-802b-4ed0-b933-b05e566fb069","planExecuteDate":1693044900,"status":"OPEN","title":"Заголовок e4155332-3a60-4800-8198-e24785fae1f4"}
12-08 10:15:36.373  9674  9809 I okhttp.OkHttpClient: --> END POST (279-byte body)
12-08 10:15:36.532  9674  9809 I okhttp.OkHttpClient: <-- 200 http://www.981757-ca08998.tmweb.ru:8080/fmh/claims (158ms)
12-08 10:15:36.532  9674  9809 I okhttp.OkHttpClient: Vary: Origin
12-08 10:15:36.532  9674  9809 I okhttp.OkHttpClient: Vary: Access-Control-Request-Method
12-08 10:15:36.532  9674  9809 I okhttp.OkHttpClient: Vary: Access-Control-Request-Headers
12-08 10:15:36.532  9674  9809 I okhttp.OkHttpClient: X-Content-Type-Options: nosniff
12-08 10:15:36.532  9674  9809 I okhttp.OkHttpClient: X-XSS-Protection: 1; mode=block
12-08 10:15:36.532  9674  9809 I okhttp.OkHttpClient: Cache-Control: no-cache, no-store, max-age=0, must-revalidate
12-08 10:15:36.533  9674  9809 I okhttp.OkHttpClient: Pragma: no-cache
12-08 10:15:36.533  9674  9809 I okhttp.OkHttpClient: Expires: 0
12-08 10:15:36.533  9674  9809 I okhttp.OkHttpClient: X-Frame-Options: DENY
12-08 10:15:36.533  9674  9809 I okhttp.OkHttpClient: Content-Type: application/json
12-08 10:15:36.533  9674  9809 I okhttp.OkHttpClient: Transfer-Encoding: chunked
12-08 10:15:36.533  9674  9809 I okhttp.OkHttpClient: Date: Thu, 08 Dec 2022 10:16:21 GMT
12-08 10:15:36.534  9674  9809 I okhttp.OkHttpClient: Keep-Alive: timeout=60
12-08 10:15:36.534  9674  9809 I okhttp.OkHttpClient: Connection: keep-alive
12-08 10:15:36.535  9674  9809 I okhttp.OkHttpClient: {"id":2715,"title":"Заголовок e4155332-3a60-4800-8198-e24785fae1f4","description":"Описание c6201d93-802b-4ed0-b933-b05e566fb069","creatorId":2,"executorId":null,"createDate":1670494536,"planExecuteDate":1693044900,"factExecuteDate":null,"status":"OPEN","creatorName":"Иванов Данил Данилович","executorName":null}
12-08 10:15:36.537  9674  9809 I okhttp.OkHttpClient: <-- END HTTP (350-byte body)
12-08 10:15:36.621  9674  9674 I ViewInteraction: Performing 'wait for a specific view with <view.getId() is <2131230849/ru.iteco.fmhandroid:id/add_new_claim_material_button>> during 10000 millis.' action on view view.getRootView() to equal view
12-08 10:15:36.627  9674  9674 I ViewInteraction: Performing 'single click' action on view view.getId() is <2131230849/ru.iteco.fmhandroid:id/add_new_claim_material_button>
12-08 10:15:36.703  9674  9783 I okhttp.OkHttpClient: --> GET http://www.981757-ca08998.tmweb.ru:8080/fmh/users
12-08 10:15:36.704  9674  9783 I okhttp.OkHttpClient: --> END GET
12-08 10:15:36.886  9674  9783 I okhttp.OkHttpClient: <-- 200 http://www.981757-ca08998.tmweb.ru:8080/fmh/users (182ms)
12-08 10:15:36.886  9674  9783 I okhttp.OkHttpClient: Vary: Origin
12-08 10:15:36.886  9674  9783 I okhttp.OkHttpClient: Vary: Access-Control-Request-Method
12-08 10:15:36.886  9674  9783 I okhttp.OkHttpClient: Vary: Access-Control-Request-Headers
12-08 10:15:36.886  9674  9783 I okhttp.OkHttpClient: X-Content-Type-Options: nosniff
12-08 10:15:36.886  9674  9783 I okhttp.OkHttpClient: X-XSS-Protection: 1; mode=block
12-08 10:15:36.887  9674  9783 I okhttp.OkHttpClient: Cache-Control: no-cache, no-store, max-age=0, must-revalidate
12-08 10:15:36.887  9674  9783 I okhttp.OkHttpClient: Pragma: no-cache
12-08 10:15:36.887  9674  9783 I okhttp.OkHttpClient: Expires: 0
12-08 10:15:36.887  9674  9783 I okhttp.OkHttpClient: X-Frame-Options: DENY
12-08 10:15:36.887  9674  9783 I okhttp.OkHttpClient: Content-Type: application/json
12-08 10:15:36.887  9674  9783 I okhttp.OkHttpClient: Transfer-Encoding: chunked
12-08 10:15:36.887  9674  9783 I okhttp.OkHttpClient: Date: Thu, 08 Dec 2022 10:16:21 GMT
12-08 10:15:36.887  9674  9783 I okhttp.OkHttpClient: Keep-Alive: timeout=60
12-08 10:15:36.888  9674  9783 I okhttp.OkHttpClient: Connection: keep-alive
12-08 10:15:36.890  9674  9783 I okhttp.OkHttpClient: [{"id":1,"firstName":"Петр","lastName":"Смирнов","middleName":"Петрович","admin":true},{"id":2,"firstName":"Данил","lastName":"Иванов","middleName":"Данилович","admin":true},{"id":3,"firstName":"Егор","lastName":"Петров","middleName":"Егорович","admin":false},{"id":4,"firstName":"Дмитрий","lastName":"Сидоров","middleName":"Дмитриевич","admin":false},{"id":5,"firstName":"Тест","lastName":"Тестов","middleName":"Тестович","admin":true},{"id":6,"firstName":"Diplom","lastName":"Netology","middleName":"QAMID","admin":true}]
12-08 10:15:36.890  9674  9783 I okhttp.OkHttpClient: <-- END HTTP (622-byte body)
12-08 10:15:37.038  9674  9674 I ViewInteraction: Performing 'wait for a specific view with <view.getId() is <2131231041/ru.iteco.fmhandroid:id/executor_drop_menu_auto_complete_text_view>> during 10000 millis.' action on view view.getRootView() to equal view
12-08 10:15:37.045  9674  9674 I ViewInteraction: Performing 'single click' action on view view.getId() is <2131231041/ru.iteco.fmhandroid:id/executor_drop_menu_auto_complete_text_view>
12-08 10:15:37.139  9674  9687 I teco.fmhandroi: Background concurrent copying GC freed 122829(5892KB) AllocSpace objects, 2(32KB) LOS objects, 28% free, 15MB/21MB, paused 599us total 129.325ms
12-08 10:15:37.188  1776  1927 D gralloc_ranchu: gralloc_alloc: Creating ashmem region of size 4116480
12-08 10:15:37.191  1776  1927 I chatty  : uid=1000(system) HwBinder:1776_3 identical 1 line
12-08 10:15:37.193  1776  1927 D gralloc_ranchu: gralloc_alloc: Creating ashmem region of size 4116480
12-08 10:15:37.206  9674  9770 D EGL_emulation: eglMakeCurrent: 0xdd81b860: ver 2 0 (tinfo 0xc3288080)
12-08 10:15:37.245  9674  9674 I AssistStructure: Flattened final assist data: 6984 bytes, containing 2 windows, 53 views
12-08 10:15:37.270  2656  2656 W ktk     : Pending fill request while another request in the same session was triggered. [CONTEXT service_id=177 ]
12-08 10:15:37.275  2018  9359 D AutofillSession: Starting partition or augmented request for view id 1073741881@1701588120: STARTED_SESSION
12-08 10:15:37.280  2537  2537 W GInputConnectionWrapper: IPC IC_GET_TEXT_BEFORE_CURSOR_AND_FIX_SELECTION_INDICES took 136 ms
12-08 10:15:37.287  2018  2051 D AutofillUI: destroySaveUiUiThread(): already destroyed
12-08 10:15:37.298  9674  9770 D EGL_emulation: eglMakeCurrent: 0xdd81b860: ver 2 0 (tinfo 0xc3288080)
12-08 10:15:37.311  9674  9674 I AssistStructure: Flattened final assist data: 6984 bytes, containing 2 windows, 53 views
12-08 10:15:37.328  9674  9770 D EGL_emulation: eglMakeCurrent: 0xdd81b860: ver 2 0 (tinfo 0xc3288080)
12-08 10:15:37.340  2537  2537 I KeyboardViewUtil: systemKeyboardHeightRatio:1.000000; userKeyboardHeightRatio:1.000000.
12-08 10:15:37.341  2537  2537 I AndroidIME: LatinIme.onActivate() : EditorInfo = Package = ru.iteco.fmhandroid : Type = Text : Learning = Disable : Suggestion = Show : AutoCorrection = Disable : Microphone = Show : NoPersonalizedLearning = Disable
