12-02 18:57:58.216  2584 27520 E SQLiteDatabase: Error inserting flex_time=1244000 job_id=-1 period=2489000 source=16 requires_charging=0 preferred_network_type=1 target_class=com.google.android.gms.measurement.PackageMeasurementTaskService user_id=0 target_package=com.google.android.gms tag=Measurement.PackageMeasurementTaskService.UPLOAD_TASK_TAG task_type=0 required_idleness_state=0 service_kind=0 source_version=202414000 persistence_level=1 preferred_charging_state=1 required_network_type=0 runtime=1669996678208 retry_strategy={"maximum_backoff_seconds":{"3600":0},"initial_backoff_seconds":{"30":0},"retry_policy":{"0":0}} last_runtime=0
12-02 18:57:58.216  2584 27520 E SQLiteDatabase: android.database.sqlite.SQLiteConstraintException: UNIQUE constraint failed: pending_ops.tag, pending_ops.target_class, pending_ops.target_package, pending_ops.user_id (code 2067 SQLITE_CONSTRAINT_UNIQUE)
12-02 18:57:58.216  2584 27520 E SQLiteDatabase: 	at android.database.sqlite.SQLiteConnection.nativeExecuteForLastInsertedRowId(Native Method)
12-02 18:57:58.216  2584 27520 E SQLiteDatabase: 	at android.database.sqlite.SQLiteConnection.executeForLastInsertedRowId(SQLiteConnection.java:879)
12-02 18:57:58.216  2584 27520 E SQLiteDatabase: 	at android.database.sqlite.SQLiteSession.executeForLastInsertedRowId(SQLiteSession.java:790)
12-02 18:57:58.216  2584 27520 E SQLiteDatabase: 	at android.database.sqlite.SQLiteStatement.executeInsert(SQLiteStatement.java:88)
12-02 18:57:58.216  2584 27520 E SQLiteDatabase: 	at android.database.sqlite.SQLiteDatabase.insertWithOnConflict(SQLiteDatabase.java:1599)
12-02 18:57:58.216  2584 27520 E SQLiteDatabase: 	at android.database.sqlite.SQLiteDatabase.insert(SQLiteDatabase.java:1468)
12-02 18:57:58.216  2584 27520 E SQLiteDatabase: 	at aqui.a(:com.google.android.gms@202414022@20.24.14 (040700-319035315):175)
12-02 18:57:58.216  2584 27520 E SQLiteDatabase: 	at aqtk.a(:com.google.android.gms@202414022@20.24.14 (040700-319035315):182)
12-02 18:57:58.216  2584 27520 E SQLiteDatabase: 	at aqtk.a(:com.google.android.gms@202414022@20.24.14 (040700-319035315):23)
12-02 18:57:58.216  2584 27520 E SQLiteDatabase: 	at aqtk.a(:com.google.android.gms@202414022@20.24.14 (040700-319035315):177)
12-02 18:57:58.216  2584 27520 E SQLiteDatabase: 	at aqpu.run(:com.google.android.gms@202414022@20.24.14 (040700-319035315):9)
12-02 18:57:58.216  2584 27520 E SQLiteDatabase: 	at soy.b(:com.google.android.gms@202414022@20.24.14 (040700-319035315):12)
12-02 18:57:58.216  2584 27520 E SQLiteDatabase: 	at soy.run(:com.google.android.gms@202414022@20.24.14 (040700-319035315):7)
12-02 18:57:58.216  2584 27520 E SQLiteDatabase: 	at java.util.concurrent.ThreadPoolExecutor.runWorker(ThreadPoolExecutor.java:1167)
12-02 18:57:58.216  2584 27520 E SQLiteDatabase: 	at java.util.concurrent.ThreadPoolExecutor$Worker.run(ThreadPoolExecutor.java:641)
12-02 18:57:58.216  2584 27520 E SQLiteDatabase: 	at sux.run(:com.google.android.gms@202414022@20.24.14 (040700-319035315):0)
12-02 18:57:58.216  2584 27520 E SQLiteDatabase: 	at java.lang.Thread.run(Thread.java:919)
12-02 18:57:58.267  2010  2025 I system_server: NativeAlloc concurrent copying GC freed 4851(514KB) AllocSpace objects, 0(0B) LOS objects, 22% free, 20MB/26MB, paused 613us total 167.338ms
12-02 18:58:00.019  2169  2169 D KeyguardClockSwitch: Updating clock: 658
12-02 18:58:00.850 28895 28969 I okhttp.OkHttpClient: --> GET http://www.981757-ca08998.tmweb.ru:8080/fmh/authentication/userInfo
12-02 18:58:00.850 28895 28969 I okhttp.OkHttpClient: --> END GET
12-02 18:58:01.080 28895 28969 I okhttp.OkHttpClient: <-- 200 http://www.981757-ca08998.tmweb.ru:8080/fmh/authentication/userInfo (230ms)
12-02 18:58:01.081 28895 28969 I okhttp.OkHttpClient: Vary: Origin
12-02 18:58:01.081 28895 28969 I okhttp.OkHttpClient: Vary: Access-Control-Request-Method
12-02 18:58:01.081 28895 28969 I okhttp.OkHttpClient: Vary: Access-Control-Request-Headers
12-02 18:58:01.081 28895 28969 I okhttp.OkHttpClient: X-Content-Type-Options: nosniff
12-02 18:58:01.081 28895 28969 I okhttp.OkHttpClient: X-XSS-Protection: 1; mode=block
12-02 18:58:01.081 28895 28969 I okhttp.OkHttpClient: Cache-Control: no-cache, no-store, max-age=0, must-revalidate
12-02 18:58:01.081 28895 28969 I okhttp.OkHttpClient: Pragma: no-cache
12-02 18:58:01.081 28895 28969 I okhttp.OkHttpClient: Expires: 0
12-02 18:58:01.081 28895 28969 I okhttp.OkHttpClient: X-Frame-Options: DENY
12-02 18:58:01.081 28895 28969 I okhttp.OkHttpClient: Content-Type: application/json
12-02 18:58:01.082 28895 28969 I okhttp.OkHttpClient: Transfer-Encoding: chunked
12-02 18:58:01.082 28895 28969 I okhttp.OkHttpClient: Date: Fri, 02 Dec 2022 15:58:02 GMT
12-02 18:58:01.082 28895 28969 I okhttp.OkHttpClient: Keep-Alive: timeout=60
12-02 18:58:01.082 28895 28969 I okhttp.OkHttpClient: Connection: keep-alive
12-02 18:58:01.082 28895 28969 I okhttp.OkHttpClient: {"id":2,"firstName":"","lastName":"","middleName":"","admin":true}
12-02 18:58:01.083 28895 28969 I okhttp.OkHttpClient: <-- END HTTP (106-byte body)
12-02 18:58:01.099 28895 28974 I okhttp.OkHttpClient: --> GET http://www.981757-ca08998.tmweb.ru:8080/fmh/claims
12-02 18:58:01.099 28895 28974 I okhttp.OkHttpClient: --> END GET
12-02 18:58:01.111  1743 29022 E ResolverController: No valid NAT64 prefix (126, <unspecified>/0)
12-02 18:58:01.321 28895 28908 I teco.fmhandroi: NativeAlloc concurrent copying GC freed 93044(5040KB) AllocSpace objects, 8(288KB) LOS objects, 41% free, 8703KB/14MB, paused 880us total 223.697ms
12-02 18:58:03.147 28895 28934 V FA      : Inactivity, disconnecting from the service
12-02 18:58:03.540 28895 28974 I okhttp.OkHttpClient: <-- 200 http://www.981757-ca08998.tmweb.ru:8080/fmh/claims (2440ms)
12-02 18:58:03.540 28895 28974 I okhttp.OkHttpClient: Vary: Origin
12-02 18:58:03.541 28895 28974 I okhttp.OkHttpClient: Vary: Access-Control-Request-Method
12-02 18:58:03.541 28895 28974 I okhttp.OkHttpClient: Vary: Access-Control-Request-Headers
12-02 18:58:03.541 28895 28974 I okhttp.OkHttpClient: X-Content-Type-Options: nosniff
12-02 18:58:03.541 28895 28974 I okhttp.OkHttpClient: X-XSS-Protection: 1; mode=block
12-02 18:58:03.541 28895 28974 I okhttp.OkHttpClient: Cache-Control: no-cache, no-store, max-age=0, must-revalidate
12-02 18:58:03.541 28895 28974 I okhttp.OkHttpClient: Pragma: no-cache
12-02 18:58:03.541 28895 28974 I okhttp.OkHttpClient: Expires: 0
12-02 18:58:03.541 28895 28974 I okhttp.OkHttpClient: X-Frame-Options: DENY
12-02 18:58:03.541 28895 28974 I okhttp.OkHttpClient: Content-Type: application/json
12-02 18:58:03.541 28895 28974 I okhttp.OkHttpClient: Transfer-Encoding: chunked
12-02 18:58:03.541 28895 28974 I okhttp.OkHttpClient: Date: Fri, 02 Dec 2022 15:58:05 GMT
12-02 18:58:03.541 28895 28974 I okhttp.OkHttpClient: Keep-Alive: timeout=60
12-02 18:58:03.541 28895 28974 I okhttp.OkHttpClient: Connection: keep-alive
12-02 18:58:05.752  1881  1881 E netmgr  : Failed to open QEMU pipe 'qemud:network': Invalid argument
12-02 18:58:08.100 28895 28895 D takeScreenshot: Found 1 global views to redraw
12-02 18:58:08.124   543   595 I cr_BindingManager: Release moderate connections: 1
12-02 18:58:08.148  1772  1875 D gralloc_ranchu: gralloc_alloc: Creating ashmem region of size 14749696
12-02 18:58:08.219 28895 28939 W DefaultFailureHandler: Failed to take screenshot
12-02 18:58:08.219 28895 28939 W DefaultFailureHandler: java.io.FileNotFoundException: view-op-error-3.png: open failed: EROFS (Read-only file system)
12-02 18:58:08.219 28895 28939 W DefaultFailureHandler: 	at libcore.io.IoBridge.open(IoBridge.java:496)
12-02 18:58:08.219 28895 28939 W DefaultFailureHandler: 	at java.io.FileOutputStream.<init>(FileOutputStream.java:235)
12-02 18:58:08.219 28895 28939 W DefaultFailureHandler: 	at java.io.FileOutputStream.<init>(FileOutputStream.java:125)
12-02 18:58:08.219 28895 28939 W DefaultFailureHandler: 	at androidx.test.platform.io.FileTestStorage.openOutputFile(FileTestStorage.java:60)
12-02 18:58:08.219 28895 28939 W DefaultFailureHandler: 	at androidx.test.core.graphics.BitmapStorage.writeToTestStorage(BitmapStorageExt.kt:49)
12-02 18:58:08.219 28895 28939 W DefaultFailureHandler: 	at androidx.test.espresso.base.DefaultFailureHandler.takeScreenshot(DefaultFailureHandler.java:4)
12-02 18:58:08.219 28895 28939 W DefaultFailureHandler: 	at androidx.test.espresso.base.DefaultFailureHandler.handle(DefaultFailureHandler.java:3)
12-02 18:58:08.219 28895 28939 W DefaultFailureHandler: 	at androidx.test.espresso.ViewInteraction.waitForAndHandleInteractionResults(ViewInteraction.java:8)
12-02 18:58:08.219 28895 28939 W DefaultFailureHandler: 	at androidx.test.espresso.ViewInteraction.desugaredPerform(ViewInteraction.java:11)
12-02 18:58:08.219 28895 28939 W DefaultFailureHandler: 	at androidx.test.espresso.ViewInteraction.perform(ViewInteraction.java:8)
12-02 18:58:08.219 28895 28939 W DefaultFailureHandler: 	at ru.iteco.fmhandroid.ui.data.TestUtils.waitView(TestUtils.java:61)
12-02 18:58:08.219 28895 28939 W DefaultFailureHandler: 	at ru.iteco.fmhandroid.ui.steps.AuthSteps.isAuthScreen(AuthSteps.java:56)
12-02 18:58:08.219 28895 28939 W DefaultFailureHandler: 	at ru.iteco.fmhandroid.ui.ClaimsCreationFormTest.logoutCheck(ClaimsCreationFormTest.java:56)
12-02 18:58:08.219 28895 28939 W DefaultFailureHandler: 	at java.lang.reflect.Method.invoke(Native Method)
12-02 18:58:08.219 28895 28939 W DefaultFailureHandler: 	at org.junit.runners.model.FrameworkMethod$1.runReflectiveCall(FrameworkMethod.java:59)
12-02 18:58:08.219 28895 28939 W DefaultFailureHandler: 	at org.junit.internal.runners.model.ReflectiveCallable.run(ReflectiveCallable.java:12)
12-02 18:58:08.219 28895 28939 W DefaultFailureHandler: 	at org.junit.runners.model.FrameworkMethod.invokeExplosively(FrameworkMethod.java:56)
12-02 18:58:08.219 28895 28939 W DefaultFailureHandler: 	at androidx.test.internal.runner.junit4.statement.RunBefores.evaluate(RunBefores.java:76)
12-02 18:58:08.219 28895 28939 W DefaultFailureHandler: 	at androidx.test.internal.runner.junit4.statement.RunAfters.evaluate(RunAfters.java:61)
12-02 18:58:08.219 28895 28939 W DefaultFailureHandler: 	at androidx.test.rule.ActivityTestRule$ActivityStatement.evaluate(ActivityTestRule.java:543)
12-02 18:58:08.219 28895 28939 W DefaultFailureHandler: 	at io.qameta.allure.android.rules.LogcatRule$apply$1.evaluate(LogcatRule.kt:23)
12-02 18:58:08.219 28895 28939 W DefaultFailureHandler: 	at io.qameta.allure.android.rules.ScreenshotRule$apply$1.evaluate(ScreenshotRule.kt:22)
12-02 18:58:08.219 28895 28939 W DefaultFailureHandler: 	at io.qameta.allure.android.rules.ScreenshotRule$apply$1.evaluate(ScreenshotRule.kt:22)
12-02 18:58:08.219 28895 28939 W DefaultFailureHandler: 	at org.junit.rules.RunRules.evaluate(RunRules.java:20)
12-02 18:58:08.219 28895 28939 W DefaultFailureHandler: 	at org.junit.runners.ParentRunner$3.evaluate(ParentRunner.java:306)
12-02 18:58:08.219 28895 28939 W DefaultFailureHandler: 	at org.junit.runners.BlockJUnit4ClassRunner$1.evaluate(BlockJUnit4ClassRunner.java:100)
12-02 18:58:08.219 28895 28939 W DefaultFailureHandler: 	at org.junit.runners.ParentRunner.runLeaf(ParentRunner.java:366)
12-02 18:58:08.219 28895 28939 W DefaultFailureHandler: 	at org.junit.runners.BlockJUnit4ClassRunner.runChild(BlockJUnit4ClassRunner.java:103)
12-02 18:58:08.219 28895 28939 W DefaultFailureHandler: 	at org.junit.runners.BlockJUnit4ClassRunner.runChild(BlockJUnit4ClassRunner.java:63)
12-02 18:58:08.219 28895 28939 W DefaultFailureHandler: 	at org.junit.runners.ParentRunner$4.run(ParentRunner.java:331)
12-02 18:58:08.219 28895 28939 W DefaultFailureHandler: 	at org.junit.runners.ParentRunner$1.schedule(ParentRunner.java:79)
12-02 18:58:08.219 28895 28939 W DefaultFailureHandler: 	at org.junit.runners.ParentRunner.runChildren(ParentRunner.java:329)
12-02 18:58:08.219 28895 28939 W DefaultFailureHandler: 	at org.junit.runners.ParentRunner.access$100(ParentRunner.java:66)
12-02 18:58:08.219 28895 28939 W DefaultFailureHandler: 	at org.junit.runners.ParentRunner$2.evaluate(ParentRunner.java:293)
12-02 18:58:08.219 28895 28939 W DefaultFailureHandler: 	at org.junit.runners.ParentRunner$3.evaluate(ParentRunner.java:306)
12-02 18:58:08.219 28895 28939 W DefaultFailureHandler: 	at org.junit.runners.ParentRunner.run(ParentRunner.java:413)
12-02 18:58:08.219 28895 28939 W DefaultFailureHandler: 	at androidx.test.ext.junit.runners.AndroidJUnit4.run(AndroidJUnit4.java:162)
12-02 18:58:08.219 28895 28939 W DefaultFailureHandler: 	at io.qameta.allure.android.runners.AllureAndroidJUnit4.run(AllureAndroidJUnitRunners.kt:29)
12-02 18:58:08.219 28895 28939 W DefaultFailureHandler: 	at org.junit.runners.Suite.runChild(Suite.java:128)
12-02 18:58:08.219 28895 28939 W DefaultFailureHandler: 	at org.junit.runners.Suite.runChild(Suite.java:27)
12-02 18:58:08.219 28895 28939 W DefaultFailureHandler: 	at org.junit.runners.ParentRunner$4.run(ParentRunner.java:331)
12-02 18:58:08.219 28895 28939 W DefaultFailureHandler: 	at org.junit.runners.ParentRunner$1.schedule(ParentRunner.java:79)
12-02 18:58:08.219 28895 28939 W DefaultFailureHandler: 	at org.junit.runners.ParentRunner.runChildren(ParentRunner.java:329)
12-02 18:58:08.219 28895 28939 W DefaultFailureHandler: 	at org.junit.runners.ParentRunner.access$100(ParentRunner.java:66)
12-02 18:58:08.219 28895 28939 W DefaultFailureHandler: 	at org.junit.runners.ParentRunner$2.evaluate(ParentRunner.java:293)
12-02 18:58:08.219 28895 28939 W DefaultFailureHandler: 	at org.junit.runners.ParentRunner$3.evaluate(ParentRunner.java:306)
12-02 18:58:08.219 28895 28939 W DefaultFailureHandler: 	at org.junit.runners.ParentRunner.run(ParentRunner.java:413)
12-02 18:58:08.219 28895 28939 W DefaultFailureHandler: 	at org.junit.runner.JUnitCore.run(JUnitCore.java:137)
12-02 18:58:08.219 28895 28939 W DefaultFailureHandler: 	at org.junit.runner.JUnitCore.run(JUnitCore.java:115)
12-02 18:58:08.219 28895 28939 W DefaultFailureHandler: 	at androidx.test.internal.runner.TestExecutor.execute(TestExecutor.java:67)
12-02 18:58:08.219 28895 28939 W DefaultFailureHandler: 	at androidx.test.internal.runner.TestExecutor.execute(TestExecutor.java:58)
12-02 18:58:08.219 28895 28939 W DefaultFailureHandler: 	at androidx.test.runner.AndroidJUnitRunner.onStart(AndroidJUnitRunner.java:438)
12-02 18:58:08.219 28895 28939 W DefaultFailureHandler: 	at android.app.Instrumentation$InstrumentationThread.run(Instrumentation.java:2189)
12-02 18:58:08.219 28895 28939 W DefaultFailureHandler: Caused by: android.system.ErrnoException: open failed: EROFS (Read-only file system)
12-02 18:58:08.219 28895 28939 W DefaultFailureHandler: 	at libcore.io.Linux.open(Native Method)
12-02 18:58:08.219 28895 28939 W DefaultFailureHandler: 	at libcore.io.ForwardingOs.open(ForwardingOs.java:167)
12-02 18:58:08.219 28895 28939 W DefaultFailureHandler: 	at libcore.io.BlockGuardOs.open(BlockGuardOs.java:252)
12-02 18:58:08.219 28895 28939 W DefaultFailureHandler: 	at libcore.io.ForwardingOs.open(ForwardingOs.java:167)
12-02 18:58:08.219 28895 28939 W DefaultFailureHandler: 	at android.app.ActivityThread$AndroidOs.open(ActivityThread.java:7255)
12-02 18:58:08.219 28895 28939 W DefaultFailureHandler: 	at libcore.io.IoBridge.open(IoBridge.java:482)
12-02 18:58:08.219 28895 28939 W DefaultFailureHandler: 	... 52 more
12-02 18:58:08.230 28895 28895 I ViewInteraction: Performing 'wait for a specific view with <view.getId() is <2131230870/ru.iteco.fmhandroid:id/authorization_image_button>> during 10000 millis.' action on view view.getRootView() to equal view
12-02 18:58:08.239 28895 28895 I ViewInteraction: Checking 'MatchesViewAssertion{viewMatcher=(view has effective visibility <VISIBLE> and view.getGlobalVisibleRect() to return non-empty rectangle)}' assertion on view view.getId() is <2131230870/ru.iteco.fmhandroid:id/authorization_image_button>
12-02 18:58:08.243 28895 28895 I ViewInteraction: Performing 'single click' action on view view.getId() is <2131230870/ru.iteco.fmhandroid:id/authorization_image_button>
12-02 18:58:08.308  1750  3111 W audio_hw_generic: Not supplying enough data to HAL, expected position 389705812 , only wrote 389705770
12-02 18:58:08.368  1772  1875 D gralloc_ranchu: gralloc_alloc: Creating ashmem region of size 1429504
12-02 18:58:08.385  1772  1875 I chatty  : uid=1000(system) HwBinder:1772_2 identical 1 line
12-02 18:58:08.389  1772  1875 D gralloc_ranchu: gralloc_alloc: Creating ashmem region of size 1429504
12-02 18:58:08.390 28895 28955 D EGL_emulation: eglMakeCurrent: 0xe3a07540: ver 2 0 (tinfo 0xe3a93cb0)
12-02 18:58:08.431 28895 28955 I chatty  : uid=10159(ru.iteco.fmhandroid) RenderThread identical 2 lines
12-02 18:58:08.480 28895 28955 D EGL_emulation: eglMakeCurrent: 0xe3a07540: ver 2 0 (tinfo 0xe3a93cb0)
12-02 18:58:08.689 28895 28895 I ViewInteraction: Performing 'wait for a specific view with <an instance of android.widget.TextView and view.getText() with or without transformation to match: is "Log out"> during 10000 millis.' action on view view.getRootView() to equal view
12-02 18:58:08.695 28895 28895 I ViewInteraction: Checking 'MatchesViewAssertion{viewMatcher=(view has effective visibility <VISIBLE> and view.getGlobalVisibleRect() to return non-empty rectangle)}' assertion on view an instance of android.widget.TextView and view.getText() with or without transformation to match: is "Log out"
12-02 18:58:08.703 28895 28895 I ViewInteraction: Performing 'single click' action on view an instance of android.widget.TextView and view.getText() with or without transformation to match: is "Log out"
12-02 18:58:08.760 28895 28955 D EGL_emulation: eglMakeCurrent: 0xe3a07540: ver 2 0 (tinfo 0xe3a93cb0)
12-02 18:58:08.953 28895 28955 I chatty  : uid=10159(ru.iteco.fmhandroid) RenderThread identical 1 line
12-02 18:58:09.013 28895 28955 D EGL_emulation: eglMakeCurrent: 0xe3a07540: ver 2 0 (tinfo 0xe3a93cb0)
12-02 18:58:09.106 28895 28895 I ViewInteraction: Performing 'wait for a specific view with <(an instance of android.widget.TextView and view.getText() with or without transformation to match: is "Authorization" and view.getParent() view.getParent() view.getId() is <2131231186>)> during 10000 millis.' action on view view.getRootView() to equal view
12-02 18:58:09.112 28895 28895 I ViewInteraction: Checking 'MatchesViewAssertion{viewMatcher=(view has effective visibility <VISIBLE> and view.getGlobalVisibleRect() to return non-empty rectangle)}' assertion on view (an instance of android.widget.TextView and view.getText() with or without transformation to match: is "Authorization" and view.getParent() view.getParent() view.getId() is <2131231186/ru.iteco.fmhandroid:id/nav_host_fragment>)
12-02 18:58:09.119 28895 28895 I ViewInteraction: Performing 'wait for a specific view with <(an instance of android.widget.TextView and view.getHint() matching: is "Login" and view.getParent() view.getParent() view.getId() is <2131231121/ru.iteco.fmhandroid:id/login_text_input_layout>)> during 10000 millis.' action on view view.getRootView() to equal view
12-02 18:58:09.127 28895 28895 I ViewInteraction: Checking 'MatchesViewAssertion{viewMatcher=(view has effective visibility <VISIBLE> and view.getGlobalVisibleRect() to return non-empty rectangle)}' assertion on view (an instance of android.widget.TextView and view.getHint() matching: is "Login" and view.getParent() view.getParent() view.getId() is <2131231121/ru.iteco.fmhandroid:id/login_text_input_layout>)
12-02 18:58:09.133 28895 28895 I ViewInteraction: Performing 'wait for a specific view with <(an instance of android.widget.TextView and view.getHint() matching: is "Password" and view.getParent() view.getParent() view.getId() is <2131231264/ru.iteco.fmhandroid:id/password_text_input_layout>)> during 10000 millis.' action on view view.getRootView() to equal view
12-02 18:58:09.139 28895 28895 I ViewInteraction: Checking 'MatchesViewAssertion{viewMatcher=(view has effective visibility <VISIBLE> and view.getGlobalVisibleRect() to return non-empty rectangle)}' assertion on view (an instance of android.widget.TextView and view.getHint() matching: is "Password" and view.getParent() view.getParent() view.getId() is <2131231264/ru.iteco.fmhandroid:id/password_text_input_layout>)
12-02 18:58:09.146 28895 28895 I ViewInteraction: Performing 'wait for a specific view with <(view.getId() is <2131231039/ru.iteco.fmhandroid:id/enter_button> and an instance of android.widget.TextView and view.getText() with or without transformation to match: is "SIGN IN" and view.getContentDescription() is "Save" and view.getParent() view.getParent() an instance of android.widget.RelativeLayout)> during 10000 millis.' action on view view.getRootView() to equal view
12-02 18:58:09.154 28895 28895 I ViewInteraction: Checking 'MatchesViewAssertion{viewMatcher=(view has effective visibility <VISIBLE> and view.getGlobalVisibleRect() to return non-empty rectangle)}' assertion on view (view.getId() is <2131231039/ru.iteco.fmhandroid:id/enter_button> and an instance of android.widget.TextView and view.getText() with or without transformation to match: is "SIGN IN" and view.getContentDescription() is "Save" and view.getParent() view.getParent() an instance of android.widget.RelativeLayout)
12-02 18:58:09.159 28895 28895 I ViewInteraction: Performing 'wait for a specific view with <(an instance of android.widget.TextView and view.getText() with or without transformation to match: is "Authorization" and view.getParent() view.getParent() view.getId() is <2131231186>)> during 10000 millis.' action on view view.getRootView() to equal view
12-02 18:58:09.165 28895 28895 I ViewInteraction: Checking 'MatchesViewAssertion{viewMatcher=(view has effective visibility <VISIBLE> and view.getGlobalVisibleRect() to return non-empty rectangle)}' assertion on view (an instance of android.widget.TextView and view.getText() with or without transformation to match: is "Authorization" and view.getParent() view.getParent() view.getId() is <2131231186/ru.iteco.fmhandroid:id/nav_host_fragment>)
12-02 18:58:09.173 28895 28895 I ViewInteraction: Performing 'wait for a specific view with <(an instance of android.widget.TextView and view.getHint() matching: is "Login" and view.getParent() view.getParent() view.getId() is <2131231121/ru.iteco.fmhandroid:id/login_text_input_layout>)> during 10000 millis.' action on view view.getRootView() to equal view
12-02 18:58:09.181 28895 28895 I ViewInteraction: Checking 'MatchesViewAssertion{viewMatcher=(view has effective visibility <VISIBLE> and view.getGlobalVisibleRect() to return non-empty rectangle)}' assertion on view (an instance of android.widget.TextView and view.getHint() matching: is "Login" and view.getParent() view.getParent() view.getId() is <2131231121/ru.iteco.fmhandroid:id/login_text_input_layout>)
12-02 18:58:09.188 28895 28895 I ViewInteraction: Performing 'wait for a specific view with <(an instance of android.widget.TextView and view.getHint() matching: is "Password" and view.getParent() view.getParent() view.getId() is <2131231264/ru.iteco.fmhandroid:id/password_text_input_layout>)> during 10000 millis.' action on view view.getRootView() to equal view
12-02 18:58:09.195 28895 28895 I ViewInteraction: Checking 'MatchesViewAssertion{viewMatcher=(view has effective visibility <VISIBLE> and view.getGlobalVisibleRect() to return non-empty rectangle)}' assertion on view (an instance of android.widget.TextView and view.getHint() matching: is "Password" and view.getParent() view.getParent() view.getId() is <2131231264/ru.iteco.fmhandroid:id/password_text_input_layout>)
12-02 18:58:09.202 28895 28895 I ViewInteraction: Performing 'wait for a specific view with <(view.getId() is <2131231039/ru.iteco.fmhandroid:id/enter_button> and an instance of android.widget.TextView and view.getText() with or without transformation to match: is "SIGN IN" and view.getContentDescription() is "Save" and view.getParent() view.getParent() an instance of android.widget.RelativeLayout)> during 10000 millis.' action on view view.getRootView() to equal view
12-02 18:58:09.209 28895 28895 I ViewInteraction: Checking 'MatchesViewAssertion{viewMatcher=(view has effective visibility <VISIBLE> and view.getGlobalVisibleRect() to return non-empty rectangle)}' assertion on view (view.getId() is <2131231039/ru.iteco.fmhandroid:id/enter_button> and an instance of android.widget.TextView and view.getText() with or without transformation to match: is "SIGN IN" and view.getContentDescription() is "Save" and view.getParent() view.getParent() an instance of android.widget.RelativeLayout)
12-02 18:58:09.214 28895 28895 I ViewInteraction: Performing 'wait for a specific view with <(an instance of android.widget.TextView and view.getHint() matching: is "Login" and view.getParent() view.getParent() view.getId() is <2131231121/ru.iteco.fmhandroid:id/login_text_input_layout>)> during 10000 millis.' action on view view.getRootView() to equal view
12-02 18:58:09.222 28895 28895 I ViewInteraction: Performing 'replace text(login2)' action on view (an instance of android.widget.TextView and view.getHint() matching: is "Login" and view.getParent() view.getParent() view.getId() is <2131231121/ru.iteco.fmhandroid:id/login_text_input_layout>)
12-02 18:58:09.281 28895 28895 I ViewInteraction: Performing 'wait for a specific view with <(an instance of android.widget.TextView and view.getHint() matching: is "Password" and view.getParent() view.getParent() view.getId() is <2131231264/ru.iteco.fmhandroid:id/password_text_input_layout>)> during 10000 millis.' action on view view.getRootView() to equal view
12-02 18:58:09.291 28895 28895 I ViewInteraction: Performing 'replace text(password2)' action on view (an instance of android.widget.TextView and view.getHint() matching: is "Password" and view.getParent() view.getParent() view.getId() is <2131231264/ru.iteco.fmhandroid:id/password_text_input_layout>)
12-02 18:58:09.348 28895 28895 I ViewInteraction: Performing 'wait for a specific view with <(view.getId() is <2131231039/ru.iteco.fmhandroid:id/enter_button> and an instance of android.widget.TextView and view.getText() with or without transformation to match: is "SIGN IN" and view.getContentDescription() is "Save" and view.getParent() view.getParent() an instance of android.widget.RelativeLayout)> during 10000 millis.' action on view view.getRootView() to equal view
12-02 18:58:09.354 28895 28895 I ViewInteraction: Checking 'MatchesViewAssertion{viewMatcher=view.isClickable() is <true>}' assertion on view (view.getId() is <2131231039/ru.iteco.fmhandroid:id/enter_button> and an instance of android.widget.TextView and view.getText() with or without transformation to match: is "SIGN IN" and view.getContentDescription() is "Save" and view.getParent() view.getParent() an instance of android.widget.RelativeLayout)
12-02 18:58:09.360 28895 28895 I ViewInteraction: Performing 'wait for a specific view with <(view.getId() is <2131231039/ru.iteco.fmhandroid:id/enter_button> and an instance of android.widget.TextView and view.getText() with or without transformation to match: is "SIGN IN" and view.getContentDescription() is "Save" and view.getParent() view.getParent() an instance of android.widget.RelativeLayout)> during 10000 millis.' action on view view.getRootView() to equal view
12-02 18:58:09.367 28895 28895 I ViewInteraction: Checking 'MatchesViewAssertion{viewMatcher=view.isClickable() is <true>}' assertion on view (view.getId() is <2131231039/ru.iteco.fmhandroid:id/enter_button> and an instance of android.widget.TextView and view.getText() with or without transformation to match: is "SIGN IN" and view.getContentDescription() is "Save" and view.getParent() view.getParent() an instance of android.widget.RelativeLayout)
12-02 18:58:09.371 28895 28895 I ViewInteraction: Performing 'wait for a specific view with <(view.getId() is <2131231039/ru.iteco.fmhandroid:id/enter_button> and an instance of android.widget.TextView and view.getText() with or without transformation to match: is "SIGN IN" and view.getContentDescription() is "Save" and view.getParent() view.getParent() an instance of android.widget.RelativeLayout)> during 10000 millis.' action on view view.getRootView() to equal view
12-02 18:58:09.378 28895 28895 I ViewInteraction: Performing 'single click' action on view (view.getId() is <2131231039/ru.iteco.fmhandroid:id/enter_button> and an instance of android.widget.TextView and view.getText() with or without transformation to match: is "SIGN IN" and view.getContentDescription() is "Save" and view.getParent() view.getParent() an instance of android.widget.RelativeLayout)
12-02 18:58:09.427 28895 28988 I okhttp.OkHttpClient: --> POST http://www.981757-ca08998.tmweb.ru:8080/fmh/authentication/login
12-02 18:58:09.428 28895 28988 I okhttp.OkHttpClient: Content-Type: application/json; charset=UTF-8
12-02 18:58:09.428 28895 28988 I okhttp.OkHttpClient: Content-Length: 41
12-02 18:58:09.428 28895 28988 I okhttp.OkHttpClient: {"login":"login2","password":"password2"}
12-02 18:58:09.428 28895 28988 I okhttp.OkHttpClient: --> END POST (41-byte body)
12-02 18:58:09.667 28895 28895 I ViewInteraction: Performing 'wait for a specific view with <an instance of android.widget.TextView and view.getText() with or without transformation to match: is "News"> during 10000 millis.' action on view view.getRootView() to equal view
12-02 18:58:09.784 28895 28988 I okhttp.OkHttpClient: <-- 200 http://www.981757-ca08998.tmweb.ru:8080/fmh/authentication/login (355ms)
12-02 18:58:09.785 28895 28988 I okhttp.OkHttpClient: Vary: Origin
12-02 18:58:09.785 28895 28988 I okhttp.OkHttpClient: Vary: Access-Control-Request-Method
12-02 18:58:09.785 28895 28988 I okhttp.OkHttpClient: Vary: Access-Control-Request-Headers
12-02 18:58:09.785 28895 28988 I okhttp.OkHttpClient: X-Content-Type-Options: nosniff
12-02 18:58:09.785 28895 28988 I okhttp.OkHttpClient: X-XSS-Protection: 1; mode=block
12-02 18:58:09.785 28895 28988 I okhttp.OkHttpClient: Cache-Control: no-cache, no-store, max-age=0, must-revalidate
12-02 18:58:09.785 28895 28988 I okhttp.OkHttpClient: Pragma: no-cache
12-02 18:58:09.785 28895 28988 I okhttp.OkHttpClient: Expires: 0
12-02 18:58:09.785 28895 28988 I okhttp.OkHttpClient: X-Frame-Options: DENY
12-02 18:58:09.786 28895 28988 I okhttp.OkHttpClient: Content-Type: application/json
12-02 18:58:09.786 28895 28988 I okhttp.OkHttpClient: Transfer-Encoding: chunked
12-02 18:58:09.786 28895 28988 I okhttp.OkHttpClient: Date: Fri, 02 Dec 2022 15:58:11 GMT
12-02 18:58:09.786 28895 28988 I okhttp.OkHttpClient: Keep-Alive: timeout=60
12-02 18:58:09.786 28895 28988 I okhttp.OkHttpClient: Connection: keep-alive
12-02 18:58:09.787 28895 28988 I okhttp.OkHttpClient: {"accessToken":"eyJhbGciOiJIUzUxMiJ9.eyJzdWIiOiJsb2dpbjIiLCJqdGkiOiIyIiwiZXhwIjoxNjcwMDgzMDkxfQ.MLaeMC1z2hODZ0v9p3Vx7hoYx_TwscVTppfzwM-K3_t-zcmtV3uiWSrp17F2VEB_3_sy0u8xcCkWcy_6b8nGxA","refreshToken":"eyJhbGciOiJIUzUxMiJ9.eyJzdWIiOiJsb2dpbjIiLCJqdGkiOiIyIiwiZXhwIjoxNjcyNTg4NjkxfQ.tYP47PyJihWs2MJgohf_INop6BOnDRVUm8Icvb0dlgdLGwfz-wRdYBsW2Zm6lg7Zl7G5X4WXHHQbTilMN0-zCw"}
12-02 18:58:09.788 28895 28988 I okhttp.OkHttpClient: <-- END HTTP (368-byte body)
12-02 18:58:09.792 28895 28969 I okhttp.OkHttpClient: --> GET http://www.981757-ca08998.tmweb.ru:8080/fmh/authentication/userInfo
12-02 18:58:09.793 28895 28969 I okhttp.OkHttpClient: --> END GET
12-02 18:58:09.990 28895 28969 I okhttp.OkHttpClient: <-- 200 http://www.981757-ca08998.tmweb.ru:8080/fmh/authentication/userInfo (197ms)
12-02 18:58:09.990 28895 28969 I okhttp.OkHttpClient: Vary: Origin
12-02 18:58:09.990 28895 28969 I okhttp.OkHttpClient: Vary: Access-Control-Request-Method
12-02 18:58:09.991 28895 28969 I okhttp.OkHttpClient: Vary: Access-Control-Request-Headers
12-02 18:58:09.991 28895 28969 I okhttp.OkHttpClient: X-Content-Type-Options: nosniff
12-02 18:58:09.991 28895 28969 I okhttp.OkHttpClient: X-XSS-Protection: 1; mode=block
12-02 18:58:09.991 28895 28969 I okhttp.OkHttpClient: Cache-Control: no-cache, no-store, max-age=0, must-revalidate
12-02 18:58:09.991 28895 28969 I okhttp.OkHttpClient: Pragma: no-cache
12-02 18:58:09.991 28895 28969 I okhttp.OkHttpClient: Expires: 0
12-02 18:58:09.991 28895 28969 I okhttp.OkHttpClient: X-Frame-Options: DENY
12-02 18:58:09.991 28895 28969 I okhttp.OkHttpClient: Content-Type: application/json
12-02 18:58:09.992 28895 28969 I okhttp.OkHttpClient: Transfer-Encoding: chunked
12-02 18:58:09.992 28895 28969 I okhttp.OkHttpClient: Date: Fri, 02 Dec 2022 15:58:11 GMT
12-02 18:58:09.992 28895 28969 I okhttp.OkHttpClient: Keep-Alive: timeout=60
12-02 18:58:09.992 28895 28969 I okhttp.OkHttpClient: Connection: keep-alive
12-02 18:58:09.995 28895 28969 I okhttp.OkHttpClient: {"id":2,"firstName":"","lastName":"","middleName":"","admin":true}
12-02 18:58:09.995 28895 28969 I okhttp.OkHttpClient: <-- END HTTP (106-byte body)
12-02 18:58:10.006 28895 28991 I okhttp.OkHttpClient: --> GET http://www.981757-ca08998.tmweb.ru:8080/fmh/claims
12-02 18:58:10.006 28895 28991 I okhttp.OkHttpClient: --> END GET
12-02 18:58:10.013  1743 29025 E ResolverController: No valid NAT64 prefix (126, <unspecified>/0)
12-02 18:58:10.307 28895 28895 I ViewInteraction: Checking 'MatchesViewAssertion{viewMatcher=(view has effective visibility <VISIBLE> and view.getGlobalVisibleRect() to return non-empty rectangle)}' assertion on view an instance of android.widget.TextView and view.getText() with or without transformation to match: is "News"
12-02 18:58:10.314 28895 28895 I ViewInteraction: Performing 'wait for a specific view with <view.getId() is <2131230951>> during 10000 millis.' action on view view.getRootView() to equal view
12-02 18:58:10.320 28895 28895 I ViewInteraction: Checking 'MatchesViewAssertion{viewMatcher=(view has effective visibility <VISIBLE> and view.getGlobalVisibleRect() to return non-empty rectangle)}' assertion on view view.getId() is <2131230951/ru.iteco.fmhandroid:id/container_list_news_include_on_fragment_main>
12-02 18:58:10.325 28895 28895 I ViewInteraction: Performing 'wait for a specific view with <view.getId() is <2131230949>> during 10000 millis.' action on view view.getRootView() to equal view
12-02 18:58:10.331 28895 28895 I ViewInteraction: Checking 'MatchesViewAssertion{viewMatcher=(view has effective visibility <VISIBLE> and view.getGlobalVisibleRect() to return non-empty rectangle)}' assertion on view view.getId() is <2131230949/ru.iteco.fmhandroid:id/container_list_claim_include_on_fragment_main>
12-02 18:58:10.335 28895 28895 I ViewInteraction: Performing 'wait for a specific view with <an instance of android.widget.TextView and view.getText() with or without transformation to match: is "Claims"> during 10000 millis.' action on view view.getRootView() to equal view
12-02 18:58:10.360 28895 28895 I ViewInteraction: Checking 'MatchesViewAssertion{viewMatcher=(view has effective visibility <VISIBLE> and view.getGlobalVisibleRect() to return non-empty rectangle)}' assertion on view an instance of android.widget.TextView and view.getText() with or without transformation to match: is "Claims"
12-02 18:58:10.365 28895 28895 I ViewInteraction: Performing 'wait for a specific view with <view.getId() is <2131231123/ru.iteco.fmhandroid:id/main_menu_image_button>> during 10000 millis.' action on view view.getRootView() to equal view
12-02 18:58:10.371 28895 28895 I ViewInteraction: Performing 'single click' action on view view.getId() is <2131231123/ru.iteco.fmhandroid:id/main_menu_image_button>
12-02 18:58:10.489  1772  1875 D gralloc_ranchu: gralloc_alloc: Creating ashmem region of size 3264512
12-02 18:58:10.501  1772  1875 I chatty  : uid=1000(system) HwBinder:1772_2 identical 1 line
12-02 18:58:10.502  1772  1875 D gralloc_ranchu: gralloc_alloc: Creating ashmem region of size 3264512
12-02 18:58:10.525 28895 28955 D EGL_emulation: eglMakeCurrent: 0xe3a07540: ver 2 0 (tinfo 0xe3a93cb0)
12-02 18:58:10.596 28895 28955 I chatty  : uid=10159(ru.iteco.fmhandroid) RenderThread identical 3 lines
12-02 18:58:10.613 28895 28955 D EGL_emulation: eglMakeCurrent: 0xe3a07540: ver 2 0 (tinfo 0xe3a93cb0)
12-02 18:58:10.835 28895 28895 I ViewInteraction: Performing 'wait for a specific view with <an instance of android.widget.TextView and view.getText() with or without transformation to match: is "Claims"> during 10000 millis.' action on view view.getRootView() to equal view
12-02 18:58:10.839 28895 28895 I ViewInteraction: Performing 'single click' action on view an instance of android.widget.TextView and view.getText() with or without transformation to match: is "Claims"
12-02 18:58:10.977 28895 28990 I okhttp.OkHttpClient: --> GET http://www.981757-ca08998.tmweb.ru:8080/fmh/claims
12-02 18:58:10.977 28895 28990 I okhttp.OkHttpClient: --> END GET
12-02 18:58:11.042 28895 28955 D EGL_emulation: eglMakeCurrent: 0xe3a07540: ver 2 0 (tinfo 0xe3a93cb0)
12-02 18:58:11.071 28895 28955 D EGL_emulation: eglMakeCurrent: 0xe3a07540: ver 2 0 (tinfo 0xe3a93cb0)
12-02 18:58:11.237 28895 28895 I ViewInteraction: Performing 'wait for a specific view with <view.getId() is <2131230849/ru.iteco.fmhandroid:id/add_new_claim_material_button>> during 10000 millis.' action on view view.getRootView() to equal view
12-02 18:58:11.247 28895 28895 I ViewInteraction: Performing 'single click' action on view view.getId() is <2131230849/ru.iteco.fmhandroid:id/add_new_claim_material_button>
12-02 18:58:11.311 28895 28969 I okhttp.OkHttpClient: --> GET http://www.981757-ca08998.tmweb.ru:8080/fmh/users
12-02 18:58:11.312 28895 28969 I okhttp.OkHttpClient: --> END GET
12-02 18:58:11.538 28895 28895 I ViewInteraction: Performing 'wait for a specific view with <view.getId() is <2131231041>> during 10000 millis.' action on view view.getRootView() to equal view
12-02 18:58:12.139 28895 28969 I okhttp.OkHttpClient: <-- 200 http://www.981757-ca08998.tmweb.ru:8080/fmh/users (825ms)
12-02 18:58:12.139 28895 28969 I okhttp.OkHttpClient: Vary: Origin
12-02 18:58:12.139 28895 28969 I okhttp.OkHttpClient: Vary: Access-Control-Request-Method
12-02 18:58:12.139 28895 28969 I okhttp.OkHttpClient: Vary: Access-Control-Request-Headers
12-02 18:58:12.139 28895 28969 I okhttp.OkHttpClient: X-Content-Type-Options: nosniff
12-02 18:58:12.140 28895 28969 I okhttp.OkHttpClient: X-XSS-Protection: 1; mode=block
12-02 18:58:12.140 28895 28969 I okhttp.OkHttpClient: Cache-Control: no-cache, no-store, max-age=0, must-revalidate
12-02 18:58:12.140 28895 28969 I okhttp.OkHttpClient: Pragma: no-cache
12-02 18:58:12.140 28895 28969 I okhttp.OkHttpClient: Expires: 0
12-02 18:58:12.140 28895 28969 I okhttp.OkHttpClient: X-Frame-Options: DENY
12-02 18:58:12.140 28895 28969 I okhttp.OkHttpClient: Content-Type: application/json
12-02 18:58:12.141 28895 28969 I okhttp.OkHttpClient: Transfer-Encoding: chunked
12-02 18:58:12.141 28895 28969 I okhttp.OkHttpClient: Date: Fri, 02 Dec 2022 15:58:13 GMT
12-02 18:58:12.141 28895 28969 I okhttp.OkHttpClient: Keep-Alive: timeout=60
12-02 18:58:12.141 28895 28969 I okhttp.OkHttpClient: Connection: keep-alive
12-02 18:58:12.143 28895 28969 I okhttp.OkHttpClient: [{"id":1,"firstName":"","lastName":"","middleName":"","admin":true},{"id":2,"firstName":"","lastName":"","middleName":"","admin":true},{"id":3,"firstName":"","lastName":"","middleName":"","admin":false},{"id":4,"firstName":"","lastName":"","middleName":"","admin":false},{"id":5,"firstName":"","lastName":"","middleName":"","admin":true},{"id":6,"firstName":"Diplom","lastName":"Netology","middleName":"QAMID","admin":true}]
12-02 18:58:12.143 28895 28969 I okhttp.OkHttpClient: <-- END HTTP (622-byte body)
12-02 18:58:12.318 28895 28895 I ViewInteraction: Performing 'single click' action on view view.getId() is <2131231041/ru.iteco.fmhandroid:id/executor_drop_menu_auto_complete_text_view>
12-02 18:58:12.464  1743  1944 I netd    : firewallSetUidRule(2, 10145, 1) <3.78ms>
12-02 18:58:12.502  1772  1875 D gralloc_ranchu: gralloc_alloc: Creating ashmem region of size 7032832
12-02 18:58:12.513  1772  1875 I chatty  : uid=1000(system) HwBinder:1772_2 identical 1 line
12-02 18:58:12.515  1772  1875 D gralloc_ranchu: gralloc_alloc: Creating ashmem region of size 7032832
12-02 18:58:12.539 28895 28955 D EGL_emulation: eglMakeCurrent: 0xe3a07540: ver 2 0 (tinfo 0xe3a93cb0)
12-02 18:58:12.615 28895 28895 I AssistStructure: Flattened final assist data: 6984 bytes, containing 2 windows, 53 views
12-02 18:58:12.631  2010  5522 D AutofillSession: Starting partition or augmented request for view id 1073741827@2091210472: STARTED_SESSION
12-02 18:58:12.652  2010  2010 D AutofillSession: cancelCurrentRequest(): id = 1095
12-02 18:58:12.653 28895 28955 D EGL_emulation: eglMakeCurrent: 0xe3a07540: ver 2 0 (tinfo 0xe3a93cb0)
12-02 18:58:12.686 28895 28895 I AssistStructure: Flattened final assist data: 6984 bytes, containing 2 windows, 53 views
12-02 18:58:12.697  2486  2486 W GInputConnectionWrapper: IPC IC_GET_TEXT_BEFORE_CURSOR_AND_FIX_SELECTION_INDICES took 132 ms
12-02 18:58:12.703 28895 28955 D EGL_emulation: eglMakeCurrent: 0xe3a07540: ver 2 0 (tinfo 0xe3a93cb0)
12-02 18:58:12.734  2486  2486 I KeyboardViewUtil: systemKeyboardHeightRatio:1.000000; userKeyboardHeightRatio:1.000000.
12-02 18:58:12.751  2486  2486 I AndroidIME: LatinIme.onActivate() : EditorInfo = Package = ru.iteco.fmhandroid : Type = Text : Learning = Disable : Suggestion = Show : AutoCorrection = Disable : Microphone = Show : NoPersonalizedLearning = Disable
12-02 18:58:12.788  2584  2584 W ktk     : Pending fill request while another request in the same session was triggered. [CONTEXT service_id=177 ]
12-02 18:58:12.876 28895 28955 D EGL_emulation: eglMakeCurrent: 0xe3a07540: ver 2 0 (tinfo 0xe3a93cb0)
12-02 18:58:12.885  2010  2034 D AutofillUI: destroySaveUiUiThread(): already destroyed
12-02 18:58:12.954 28895 28895 I ViewInteraction: Performing 'close keyboard' action on view view.getRootView() to equal view
12-02 18:58:12.966  1743  1944 I netd    : firewallSetUidRule(2, 10145, 2) <0.04ms>
12-02 18:58:13.005  2486  2486 I Conv2QueryExtension: Current locale: en_US, config allows these locales: de,en,es,fr,it,ms,pt,ta
12-02 18:58:13.005  2486  2486 I Conv2QueryExtension: Conv2Query not enabled due to current app [ru.iteco.fmhandroid] not in whitelist
12-02 18:58:13.005  2486  2486 I Conv2QueryExtension: onActivate() : Disabled by unsupported host app
12-02 18:58:13.027  2169  2501 D EGL_emulation: eglMakeCurrent: 0xdb91a600: ver 2 0 (tinfo 0xdb90f8d0)
12-02 18:58:13.167  2486  2486 I Choreographer: Skipped 38 frames!  The application may be doing too much work on its main thread.
12-02 18:58:13.213  1772  1875 D gralloc_ranchu: gralloc_alloc: Creating ashmem region of size 14262272
12-02 18:58:13.238  1772  1875 D gralloc_ranchu: gralloc_alloc: Creating ashmem region of size 14262272
12-02 18:58:13.248  1772  1873 D gralloc_ranchu: gralloc_alloc: Creating ashmem region of size 14262272
12-02 18:58:13.312  1772  1873 D gralloc_ranchu: gralloc_alloc: Creating ashmem region of size 4997120
12-02 18:58:13.323 28895 28955 D EGL_emulation: eglMakeCurrent: 0xe3a07540: ver 2 0 (tinfo 0xe3a93cb0)
12-02 18:58:13.352  1772  1873 D gralloc_ranchu: gralloc_alloc: Creating ashmem region of size 4997120
12-02 18:58:13.359 28895 28955 D EGL_emulation: eglMakeCurrent: 0xe3a07540: ver 2 0 (tinfo 0xe3a93cb0)
12-02 18:58:13.376 28895 28955 D EGL_emulation: eglMakeCurrent: 0xe3a07540: ver 2 0 (tinfo 0xe3a93cb0)
12-02 18:58:13.391  1772  1873 D gralloc_ranchu: gralloc_alloc: Creating ashmem region of size 4997120
12-02 18:58:13.400  2486  6704 D EGL_emulation: eglMakeCurrent: 0xdb91b920: ver 2 0 (tinfo 0xdb90fce0)
12-02 18:58:13.407 28895 28955 D EGL_emulation: eglMakeCurrent: 0xe3a07540: ver 2 0 (tinfo 0xe3a93cb0)
12-02 18:58:13.564  2486  6704 I OpenGLRenderer: Davey! duration=1024ms; Flags=1, IntendedVsync=89128928273967, Vsync=89129561607275, OldestInputEvent=9223372036854775807, NewestInputEvent=0, HandleInputStart=89129575731480, AnimationStart=89129576268280, PerformTraversalsStart=89129576362080, DrawStart=89129658112680, SyncQueued=89129796665980, SyncStart=89129811546180, IssueDrawCommandsStart=89129814992880, SwapBuffers=89129894430080, FrameCompleted=89129968026580, DequeueBufferDuration=659000, QueueBufferDuration=1063000, 
12-02 18:58:13.587  2486  2486 I PhenotypeExpConfig: refreshConfiguration() : Force = false : UpdateAvailable = false : Age = 175 minutes : MaxAge = 720 minutes
12-02 18:58:13.604  2486  2486 I AndroidIME: LatinIme.onDeactivate()
12-02 18:58:13.632  2486  6704 D EGL_emulation: eglMakeCurrent: 0xdb91b920: ver 2 0 (tinfo 0xdb90fce0)
12-02 18:58:13.728  1772  1873 D gralloc_ranchu: gralloc_alloc: Creating ashmem region of size 7032832
12-02 18:58:13.736 28895 28955 D EGL_emulation: eglMakeCurrent: 0xe3a07540: ver 2 0 (tinfo 0xe3a93cb0)
12-02 18:58:13.769  1772  1873 D gralloc_ranchu: gralloc_alloc: Creating ashmem region of size 7032832
12-02 18:58:13.773 28895 28955 D EGL_emulation: eglMakeCurrent: 0xe3a07540: ver 2 0 (tinfo 0xe3a93cb0)
12-02 18:58:13.791 28895 28955 D EGL_emulation: eglMakeCurrent: 0xe3a07540: ver 2 0 (tinfo 0xe3a93cb0)
12-02 18:58:13.805  1772  1873 D gralloc_ranchu: gralloc_alloc: Creating ashmem region of size 7032832
12-02 18:58:13.894 28895 28955 D EGL_emulation: eglMakeCurrent: 0xe3a07540: ver 2 0 (tinfo 0xe3a93cb0)
12-02 18:58:15.434 28895 28955 I chatty  : uid=10159(ru.iteco.fmhandroid) RenderThread identical 2 lines
12-02 18:58:15.455 28895 28955 D EGL_emulation: eglMakeCurrent: 0xe3a07540: ver 2 0 (tinfo 0xe3a93cb0)
12-02 18:58:15.520 28895 28990 I okhttp.OkHttpClient: <-- 200 http://www.981757-ca08998.tmweb.ru:8080/fmh/claims (4542ms)
12-02 18:58:15.520 28895 28990 I okhttp.OkHttpClient: Vary: Origin
12-02 18:58:15.520 28895 28990 I okhttp.OkHttpClient: Vary: Access-Control-Request-Method
12-02 18:58:15.520 28895 28990 I okhttp.OkHttpClient: Vary: Access-Control-Request-Headers
12-02 18:58:15.520 28895 28990 I okhttp.OkHttpClient: X-Content-Type-Options: nosniff
12-02 18:58:15.520 28895 28990 I okhttp.OkHttpClient: X-XSS-Protection: 1; mode=block
12-02 18:58:15.521 28895 28990 I okhttp.OkHttpClient: Cache-Control: no-cache, no-store, max-age=0, must-revalidate
12-02 18:58:15.521 28895 28990 I okhttp.OkHttpClient: Pragma: no-cache
12-02 18:58:15.521 28895 28990 I okhttp.OkHttpClient: Expires: 0
12-02 18:58:15.521 28895 28990 I okhttp.OkHttpClient: X-Frame-Options: DENY
12-02 18:58:15.521 28895 28990 I okhttp.OkHttpClient: Content-Type: application/json
12-02 18:58:15.521 28895 28990 I okhttp.OkHttpClient: Transfer-Encoding: chunked
12-02 18:58:15.521 28895 28990 I okhttp.OkHttpClient: Date: Fri, 02 Dec 2022 15:58:17 GMT
12-02 18:58:15.521 28895 28990 I okhttp.OkHttpClient: Keep-Alive: timeout=60
12-02 18:58:15.521 28895 28990 I okhttp.OkHttpClient: Connection: keep-alive
12-02 18:58:15.620 28895 28991 I okhttp.OkHttpClient: <-- 200 http://www.981757-ca08998.tmweb.ru:8080/fmh/claims (5614ms)
12-02 18:58:15.621 28895 28991 I okhttp.OkHttpClient: Vary: Origin
12-02 18:58:15.621 28895 28991 I okhttp.OkHttpClient: Vary: Access-Control-Request-Method
12-02 18:58:15.621 28895 28991 I okhttp.OkHttpClient: Vary: Access-Control-Request-Headers
12-02 18:58:15.621 28895 28991 I okhttp.OkHttpClient: X-Content-Type-Options: nosniff
12-02 18:58:15.621 28895 28991 I okhttp.OkHttpClient: X-XSS-Protection: 1; mode=block
12-02 18:58:15.621 28895 28991 I okhttp.OkHttpClient: Cache-Control: no-cache, no-store, max-age=0, must-revalidate
12-02 18:58:15.621 28895 28991 I okhttp.OkHttpClient: Pragma: no-cache
12-02 18:58:15.621 28895 28991 I okhttp.OkHttpClient: Expires: 0
12-02 18:58:15.621 28895 28991 I okhttp.OkHttpClient: X-Frame-Options: DENY
12-02 18:58:15.621 28895 28991 I okhttp.OkHttpClient: Content-Type: application/json
12-02 18:58:15.622 28895 28991 I okhttp.OkHttpClient: Transfer-Encoding: chunked
12-02 18:58:15.622 28895 28991 I okhttp.OkHttpClient: Date: Fri, 02 Dec 2022 15:58:17 GMT
12-02 18:58:15.622 28895 28991 I okhttp.OkHttpClient: Keep-Alive: timeout=60
12-02 18:58:15.622 28895 28991 I okhttp.OkHttpClient: Connection: keep-alive
12-02 18:58:15.759  1750  1750 W audio_hw_generic: Not supplying enough data to HAL, expected position 390361176 , only wrote 390034287
12-02 18:58:15.927 28895 28955 D EGL_emulation: eglMakeCurrent: 0xe3a07540: ver 2 0 (tinfo 0xe3a93cb0)
12-02 18:58:17.169 28895 28895 I ViewInteraction: Checking 'MatchesViewAssertion{viewMatcher=(view has effective visibility <VISIBLE> and view.getGlobalVisibleRect() to return non-empty rectangle)}' assertion on view an instance of android.widget.TextView and view.getText() with or without transformation to match: is "  "
12-02 18:58:17.173 28895 28895 I ViewInteraction: Performing 'single click' action on view an instance of android.widget.TextView and view.getText() with or without transformation to match: is "  "
12-02 18:58:17.243 28895 28955 D EGL_emulation: eglMakeCurrent: 0xe3a07540: ver 2 0 (tinfo 0xe3a93cb0)
12-02 18:58:17.305  1750  3111 W audio_hw_generic: Not supplying enough data to HAL, expected position 390034316 , only wrote 390034287
12-02 18:58:17.335 28895 28955 D EGL_emulation: eglMakeCurrent: 0xe3a07540: ver 2 0 (tinfo 0xe3a93cb0)
12-02 18:58:17.360  2010  5522 E InputDispatcher: Window handle Window{47b82f9 u0 PopupWindow:e04dd8} has no registered input channel
12-02 18:58:17.375 28895 28955 D EGL_emulation: eglMakeCurrent: 0xe3a07540: ver 2 0 (tinfo 0xe3a93cb0)
12-02 18:58:17.461 28895 28908 I teco.fmhandroi: NativeAlloc concurrent copying GC freed 29484(1418KB) AllocSpace objects, 0(0B) LOS objects, 37% free, 10MB/16MB, paused 612us total 104.482ms
12-02 18:58:17.500 28895 28895 I ViewInteraction: Performing 'wait for a specific view with <(view.getId() is <2131231402> and view.getParent() view.getParent() view.getId() is <2131231406>)> during 10000 millis.' action on view view.getRootView() to equal view
