--------- beginning of main
12-02 18:57:54.437 28895 28895 I ViewInteraction: Performing 'wait for a specific view with <(view.getId() is <2131231387> and view.getParent() view.getParent() view.getParent() view.getParent() view.getId() is <2131231406>)> during 10000 millis.' action on view view.getRootView() to equal view
12-02 18:57:54.442 28895 28895 I ViewInteraction: Checking 'MatchesViewAssertion{viewMatcher=(view has effective visibility <VISIBLE> and view.getGlobalVisibleRect() to return non-empty rectangle)}' assertion on view (view.getId() is <2131231387/ru.iteco.fmhandroid:id/text_input_end_icon> and view.getParent() view.getParent() view.getParent() view.getParent() view.getId() is <2131231406/ru.iteco.fmhandroid:id/title_text_input_layout>)
12-02 18:57:54.446 28895 28895 I ViewInteraction: Performing 'wait for a specific view with <(view.getId() is <2131231387> and view.getParent() view.getParent() view.getParent() view.getParent() view.getId() is <2131230976>)> during 10000 millis.' action on view view.getRootView() to equal view
12-02 18:57:54.450 28895 28895 I ViewInteraction: Checking 'MatchesViewAssertion{viewMatcher=(view has effective visibility <VISIBLE> and view.getGlobalVisibleRect() to return non-empty rectangle)}' assertion on view (view.getId() is <2131231387/ru.iteco.fmhandroid:id/text_input_end_icon> and view.getParent() view.getParent() view.getParent() view.getParent() view.getId() is <2131230976/ru.iteco.fmhandroid:id/date_in_plan_text_input_layout>)
12-02 18:57:54.454 28895 28895 I ViewInteraction: Performing 'wait for a specific view with <(view.getId() is <2131231387> and view.getParent() view.getParent() view.getParent() view.getParent() view.getId() is <2131231399>)> during 10000 millis.' action on view view.getRootView() to equal view
12-02 18:57:54.459 28895 28895 I ViewInteraction: Checking 'MatchesViewAssertion{viewMatcher=(view has effective visibility <VISIBLE> and view.getGlobalVisibleRect() to return non-empty rectangle)}' assertion on view (view.getId() is <2131231387/ru.iteco.fmhandroid:id/text_input_end_icon> and view.getParent() view.getParent() view.getParent() view.getParent() view.getId() is <2131231399/ru.iteco.fmhandroid:id/time_in_plan_text_input_layout>)
12-02 18:57:54.464 28895 28895 I ViewInteraction: Performing 'wait for a specific view with <(view.getId() is <2131231387> and view.getParent() view.getParent() view.getParent() view.getParent() view.getId() is <2131230988>)> during 10000 millis.' action on view view.getRootView() to equal view
12-02 18:57:54.470 28895 28895 I ViewInteraction: Checking 'MatchesViewAssertion{viewMatcher=(view has effective visibility <VISIBLE> and view.getGlobalVisibleRect() to return non-empty rectangle)}' assertion on view (view.getId() is <2131231387/ru.iteco.fmhandroid:id/text_input_end_icon> and view.getParent() view.getParent() view.getParent() view.getParent() view.getId() is <2131230988/ru.iteco.fmhandroid:id/description_text_input_layout>)
12-02 18:57:54.717  2169  2169 D StatusBar: disable<e i a s b h r c s > disable2<q i n >
12-02 18:57:54.723 28895 28895 W View    : couldn't find view with id 2131231392
12-02 18:57:54.756  2169  2501 D EGL_emulation: eglMakeCurrent: 0xdb91a600: ver 2 0 (tinfo 0xdb90f8d0)
12-02 18:57:54.763  1772  1875 D gralloc_ranchu: gralloc_alloc: Creating ashmem region of size 14749696
12-02 18:57:54.774  2169  2501 D EGL_emulation: eglMakeCurrent: 0xdb91a600: ver 2 0 (tinfo 0xdb90f8d0)
12-02 18:57:54.804  2169  2169 D StatusBar: disable<e i a s b h r c s > disable2<q i n >
12-02 18:57:54.820  1772  1875 D gralloc_ranchu: gralloc_alloc: Creating ashmem region of size 14749696
12-02 18:57:54.859  1772  1875 D gralloc_ranchu: gralloc_alloc: Creating ashmem region of size 14749696
12-02 18:57:55.023 28895 28908 I teco.fmhandroi: Background concurrent copying GC freed 53509(2189KB) AllocSpace objects, 0(0B) LOS objects, 37% free, 10067KB/15MB, paused 1.524ms total 206.762ms
12-02 18:57:55.452 28895 28991 I okhttp.OkHttpClient: <-- 200 http://www.981757-ca08998.tmweb.ru:8080/fmh/claims (2955ms)
12-02 18:57:55.452 28895 28991 I okhttp.OkHttpClient: Vary: Origin
12-02 18:57:55.452 28895 28991 I okhttp.OkHttpClient: Vary: Access-Control-Request-Method
12-02 18:57:55.452 28895 28991 I okhttp.OkHttpClient: Vary: Access-Control-Request-Headers
12-02 18:57:55.452 28895 28991 I okhttp.OkHttpClient: X-Content-Type-Options: nosniff
12-02 18:57:55.452 28895 28991 I okhttp.OkHttpClient: X-XSS-Protection: 1; mode=block
12-02 18:57:55.452 28895 28991 I okhttp.OkHttpClient: Cache-Control: no-cache, no-store, max-age=0, must-revalidate
12-02 18:57:55.452 28895 28991 I okhttp.OkHttpClient: Pragma: no-cache
12-02 18:57:55.453 28895 28991 I okhttp.OkHttpClient: Expires: 0
12-02 18:57:55.453 28895 28991 I okhttp.OkHttpClient: X-Frame-Options: DENY
12-02 18:57:55.453 28895 28991 I okhttp.OkHttpClient: Content-Type: application/json
12-02 18:57:55.453 28895 28991 I okhttp.OkHttpClient: Transfer-Encoding: chunked
12-02 18:57:55.453 28895 28991 I okhttp.OkHttpClient: Date: Fri, 02 Dec 2022 15:57:57 GMT
12-02 18:57:55.453 28895 28991 I okhttp.OkHttpClient: Keep-Alive: timeout=60
12-02 18:57:55.453 28895 28991 I okhttp.OkHttpClient: Connection: keep-alive
12-02 18:57:55.776 28895 28939 I QueryController: Matched selector: UiSelector[DESCRIPTION=Airplane mode] <<==>> [android.view.accessibility.AccessibilityNodeInfo@6e5d2; boundsInParent: Rect(0, 0 - 393, 371); boundsInScreen: Rect(978, 1022 - 1371, 1393); packageName: com.android.systemui; className: android.widget.Switch; text: Off; error: null; maxTextLength: -1; contentDescription: Airplane mode; tooltipText: null; viewIdResName: null; checkable: true; checked: false; focusable: true; focused: false; selected: false; clickable: true; longClickable: true; contextClickable: false; enabled: true; password: false; scrollable: false; importantForAccessibility: true; visible: true; actions: [AccessibilityAction: ACTION_FOCUS - null, AccessibilityAction: ACTION_SELECT - null, AccessibilityAction: ACTION_CLEAR_SELECTION - null, AccessibilityAction: ACTION_CLICK - null, AccessibilityAction: ACTION_ACCESSIBILITY_FOCUS - null, AccessibilityAction: ACTION_NEXT_AT_MOVEMENT_GRANULARITY - null, AccessibilityAction: ACTION_PREVIOUS_AT_MOVEMENT_GRANULARITY - null, AccessibilityAction: ACTION_SET_SELECTION - null, AccessibilityAction: ACTION_SHOW_ON_SCREEN - null, AccessibilityAction: ACTION_LONG_CLICK - Open settings]]
--------- beginning of system
12-02 18:57:55.798  2010  2034 D AutofillManagerService: onBackKeyPressed()
12-02 18:57:56.437  2169  2169 V StatusBar: mStatusBarWindow: com.android.systemui.statusbar.phone.StatusBarWindowView{7aeee74 V.E...... ........ 0,0-1440,2560} canPanelBeCollapsed(): true
12-02 18:57:56.440  2169  2169 D StatusBar: disable<e i a s b h r c s > disable2<q i n >
12-02 18:57:56.493  2010  7377 W InputReader: Device has associated, but no associated display id.
12-02 18:57:56.494  2010  7377 I chatty  : uid=1000(system) Binder:2010_19 identical 8 lines
12-02 18:57:56.494  2010  7377 W InputReader: Device has associated, but no associated display id.
12-02 18:57:56.501 28895 28895 D LifecycleMonitor: Lifecycle status change: ru.iteco.fmhandroid.ui.AppActivity@4e56390 in: PAUSED
12-02 18:57:56.513  2169  2169 D StatusBar: disable<e i a s b h r c s > disable2<q i n >
12-02 18:57:56.517  2010  7377 W InputReader: Device has associated, but no associated display id.
12-02 18:57:56.521  2010  7377 I chatty  : uid=1000(system) Binder:2010_19 identical 28 lines
12-02 18:57:56.521  2010  7377 W InputReader: Device has associated, but no associated display id.
12-02 18:57:56.522 28895 28934 V FA      : Recording user engagement, ms: 17463
12-02 18:57:56.556 28895 28939 I TestRunner: finished: shouldNotCreateEmptyClaim(ru.iteco.fmhandroid.ui.ClaimsCreationFormTest)
12-02 18:57:56.563  2169  2501 D EGL_emulation: eglMakeCurrent: 0xdb91a600: ver 2 0 (tinfo 0xdb90f8d0)
12-02 18:57:56.571  1772  1875 D gralloc_ranchu: gralloc_alloc: Creating ashmem region of size 487424
12-02 18:57:56.435  2010  2034 D AutofillManagerService: onBackKeyPressed()
12-02 18:57:56.583  2010  4313 D ConnectivityService: requestNetwork for uid/pid:10127/543 NetworkRequest [ TRACK_DEFAULT id=223, [ Capabilities: INTERNET&NOT_RESTRICTED&TRUSTED Uid: 10127] ]
12-02 18:57:56.585  2169  2501 D EGL_emulation: eglMakeCurrent: 0xdb91a600: ver 2 0 (tinfo 0xdb90f8d0)
12-02 18:57:56.589  2010  2126 D UntrustedWifiNetworkFactory: got request NetworkRequest [ TRACK_DEFAULT id=223, [ Capabilities: INTERNET&NOT_RESTRICTED&TRUSTED Uid: 10127] ] with score 50 and serial 2
12-02 18:57:56.589  2010  2126 D WifiNetworkFactory: got request NetworkRequest [ TRACK_DEFAULT id=223, [ Capabilities: INTERNET&NOT_RESTRICTED&TRUSTED Uid: 10127] ] with score 50 and serial 2
12-02 18:57:56.591  2352  2352 D PhoneSwitcherNetworkRequstListener: got request NetworkRequest [ TRACK_DEFAULT id=223, [ Capabilities: INTERNET&NOT_RESTRICTED&TRUSTED Uid: 10127] ] with score 50 and serial 2
12-02 18:57:56.610  1772  1875 D gralloc_ranchu: gralloc_alloc: Creating ashmem region of size 487424
12-02 18:57:56.634  1772  1875 D gralloc_ranchu: gralloc_alloc: Creating ashmem region of size 487424
12-02 18:57:56.660  1772  1875 D gralloc_ranchu: gralloc_alloc: Creating ashmem region of size 14749696
12-02 18:57:56.676   543   578 D EGL_emulation: eglMakeCurrent: 0xeec7f2e0: ver 2 0 (tinfo 0xe39facd0)
12-02 18:57:56.686 28880 28889 I app_process: Background young concurrent copying GC freed 546(243KB) AllocSpace objects, 12(1044KB) LOS objects, 24% free, 1283KB/1690KB, paused 6.817ms total 65.530ms
12-02 18:57:56.704 28895 28939 I MonitoringInstr: Unstopped activity count: 1
12-02 18:57:56.705  1772  1875 D gralloc_ranchu: gralloc_alloc: Creating ashmem region of size 14749696
12-02 18:57:56.720 28895 28934 V FA      : Connecting to remote service
12-02 18:57:56.739 28895 28934 V FA      : Connection attempt already in progress
12-02 18:57:56.740 28895 28934 V FA      : Activity paused, time: 89112912
12-02 18:57:56.750 28895 28934 D FA      : Connected to remote service
12-02 18:57:56.751 28895 28934 V FA      : Processing queued up service tasks: 2
12-02 18:57:56.755 28895 28939 I MonitoringInstr: Unstopped activity count: 1
12-02 18:57:56.767   642   672 D EGL_emulation: eglCreateContext: 0xdb91b7a0: maj 2 min 0 rcv 2
12-02 18:57:56.768   642   672 D EGL_emulation: eglMakeCurrent: 0xdb91b7a0: ver 2 0 (tinfo 0xeec89de0)
12-02 18:57:56.785  2881 28946 V FA-SVC  : Logging event: origin=auto,name=user_engagement(_e),params=Bundle[{ga_event_origin(_o)=auto, engagement_time_msec(_et)=17463, ga_screen_class(_sc)=AppActivity, ga_screen_id(_si)=-2112231893253735573}]
12-02 18:57:56.808 28895 28939 I MonitoringInstr: Unstopped activity count: 1
12-02 18:57:56.816   642   672 E chromium: [ERROR:gl_surface_egl.cc(342)] eglChooseConfig failed with error EGL_SUCCESS
12-02 18:57:56.821  1772  1875 D gralloc_ranchu: gralloc_alloc: Creating ashmem region of size 13778944
12-02 18:57:56.822  2881 28946 V FA-SVC  : Upload scheduled in approximately ms: 1245490
12-02 18:57:56.822  2881 28946 V FA-SVC  : Unscheduling upload
12-02 18:57:56.839  2881 28946 V FA-SVC  : Scheduling upload, millis: 1245490
12-02 18:57:56.851  2881 28946 V FA-SVC  : Background event processing time, ms: 65
12-02 18:57:56.860 28895 28939 I MonitoringInstr: Unstopped activity count: 1
12-02 18:57:56.863   642   672 D EGL_emulation: eglCreateContext: 0xdb91b740: maj 2 min 0 rcv 2
12-02 18:57:56.872   642   672 D EGL_emulation: eglMakeCurrent: 0xdb91b740: ver 2 0 (tinfo 0xeec89de0)
12-02 18:57:56.891  1772  1875 D gralloc_ranchu: gralloc_alloc: Creating ashmem region of size 14749696
12-02 18:57:56.912 28895 28939 I MonitoringInstr: Unstopped activity count: 1
12-02 18:57:56.913  2584 26895 E SQLiteDatabase: Error inserting flex_time=1245000 job_id=-1 period=2491000 source=16 requires_charging=0 preferred_network_type=1 target_class=com.google.android.gms.measurement.PackageMeasurementTaskService user_id=0 target_package=com.google.android.gms tag=Measurement.PackageMeasurementTaskService.UPLOAD_TASK_TAG task_type=0 required_idleness_state=0 service_kind=0 source_version=202414000 persistence_level=1 preferred_charging_state=1 required_network_type=0 runtime=1669996676901 retry_strategy={"maximum_backoff_seconds":{"3600":0},"initial_backoff_seconds":{"30":0},"retry_policy":{"0":0}} last_runtime=0
12-02 18:57:56.913  2584 26895 E SQLiteDatabase: android.database.sqlite.SQLiteConstraintException: UNIQUE constraint failed: pending_ops.tag, pending_ops.target_class, pending_ops.target_package, pending_ops.user_id (code 2067 SQLITE_CONSTRAINT_UNIQUE)
12-02 18:57:56.913  2584 26895 E SQLiteDatabase: 	at android.database.sqlite.SQLiteConnection.nativeExecuteForLastInsertedRowId(Native Method)
12-02 18:57:56.913  2584 26895 E SQLiteDatabase: 	at android.database.sqlite.SQLiteConnection.executeForLastInsertedRowId(SQLiteConnection.java:879)
12-02 18:57:56.913  2584 26895 E SQLiteDatabase: 	at android.database.sqlite.SQLiteSession.executeForLastInsertedRowId(SQLiteSession.java:790)
12-02 18:57:56.913  2584 26895 E SQLiteDatabase: 	at android.database.sqlite.SQLiteStatement.executeInsert(SQLiteStatement.java:88)
12-02 18:57:56.913  2584 26895 E SQLiteDatabase: 	at android.database.sqlite.SQLiteDatabase.insertWithOnConflict(SQLiteDatabase.java:1599)
12-02 18:57:56.913  2584 26895 E SQLiteDatabase: 	at android.database.sqlite.SQLiteDatabase.insert(SQLiteDatabase.java:1468)
12-02 18:57:56.913  2584 26895 E SQLiteDatabase: 	at aqui.a(:com.google.android.gms@202414022@20.24.14 (040700-319035315):175)
12-02 18:57:56.913  2584 26895 E SQLiteDatabase: 	at aqtk.a(:com.google.android.gms@202414022@20.24.14 (040700-319035315):182)
12-02 18:57:56.913  2584 26895 E SQLiteDatabase: 	at aqtk.a(:com.google.android.gms@202414022@20.24.14 (040700-319035315):23)
12-02 18:57:56.913  2584 26895 E SQLiteDatabase: 	at aqtk.a(:com.google.android.gms@202414022@20.24.14 (040700-319035315):177)
12-02 18:57:56.913  2584 26895 E SQLiteDatabase: 	at aqpu.run(:com.google.android.gms@202414022@20.24.14 (040700-319035315):9)
12-02 18:57:56.913  2584 26895 E SQLiteDatabase: 	at soy.b(:com.google.android.gms@202414022@20.24.14 (040700-319035315):12)
12-02 18:57:56.913  2584 26895 E SQLiteDatabase: 	at soy.run(:com.google.android.gms@202414022@20.24.14 (040700-319035315):7)
12-02 18:57:56.913  2584 26895 E SQLiteDatabase: 	at java.util.concurrent.ThreadPoolExecutor.runWorker(ThreadPoolExecutor.java:1167)
12-02 18:57:56.913  2584 26895 E SQLiteDatabase: 	at java.util.concurrent.ThreadPoolExecutor$Worker.run(ThreadPoolExecutor.java:641)
12-02 18:57:56.913  2584 26895 E SQLiteDatabase: 	at sux.run(:com.google.android.gms@202414022@20.24.14 (040700-319035315):0)
12-02 18:57:56.913  2584 26895 E SQLiteDatabase: 	at java.lang.Thread.run(Thread.java:919)
12-02 18:57:56.950   642   672 D EGL_emulation: eglMakeCurrent: 0xeec7fbe0: ver 2 0 (tinfo 0xeec89de0)
12-02 18:57:56.965 28895 28939 I MonitoringInstr: Unstopped activity count: 1
12-02 18:57:56.974   642   672 D EGL_emulation: eglMakeCurrent: 0xdb91b740: ver 2 0 (tinfo 0xeec89de0)
12-02 18:57:57.016 28895 28939 I MonitoringInstr: Unstopped activity count: 1
12-02 18:57:57.069 28895 28939 I MonitoringInstr: Unstopped activity count: 1
12-02 18:57:57.076  1772  1875 D gralloc_ranchu: gralloc_alloc: Creating ashmem region of size 13778944
12-02 18:57:57.084   642   672 D EGL_emulation: eglMakeCurrent: 0xeec7fbe0: ver 2 0 (tinfo 0xeec89de0)
12-02 18:57:57.088  2010  2037 W InputReader: Device has associated, but no associated display id.
12-02 18:57:57.093  2010  2037 I chatty  : uid=1000(system) android.anim identical 18 lines
12-02 18:57:57.093  2010  2037 W InputReader: Device has associated, but no associated display id.
12-02 18:57:57.097  1772  1875 D gralloc_ranchu: gralloc_alloc: Creating ashmem region of size 9441280
12-02 18:57:57.103   642   672 D EGL_emulation: eglMakeCurrent: 0xdb91b740: ver 2 0 (tinfo 0xeec89de0)
12-02 18:57:57.110   642   672 D EGL_emulation: eglMakeCurrent: 0xeec7fbe0: ver 2 0 (tinfo 0xeec89de0)
12-02 18:57:57.120 28895 28939 I MonitoringInstr: Unstopped activity count: 1
12-02 18:57:57.126   642   672 D EGL_emulation: eglMakeCurrent: 0xdb91b740: ver 2 0 (tinfo 0xeec89de0)
12-02 18:57:57.145  2169  2501 D EGL_emulation: eglMakeCurrent: 0xdb91a600: ver 2 0 (tinfo 0xdb90f8d0)
12-02 18:57:57.171  1772  1875 D gralloc_ranchu: gralloc_alloc: Creating ashmem region of size 13778944
12-02 18:57:57.172 28895 28939 I MonitoringInstr: Unstopped activity count: 1
12-02 18:57:57.177 28895 28955 D EGL_emulation: eglMakeCurrent: 0xe3a07540: ver 2 0 (tinfo 0xe3a93cb0)
12-02 18:57:57.184   642   672 D EGL_emulation: eglMakeCurrent: 0xeec7fbe0: ver 2 0 (tinfo 0xeec89de0)
12-02 18:57:57.199   642   672 D EGL_emulation: eglMakeCurrent: 0xdb91b740: ver 2 0 (tinfo 0xeec89de0)
12-02 18:57:57.205  2169  2501 D EGL_emulation: eglMakeCurrent: 0xdb91a600: ver 2 0 (tinfo 0xdb90f8d0)
12-02 18:57:57.208   642   672 D EGL_emulation: eglMakeCurrent: 0xeec7fbe0: ver 2 0 (tinfo 0xeec89de0)
12-02 18:57:57.225 28895 28939 I MonitoringInstr: Unstopped activity count: 1
12-02 18:57:57.239  2010  6726 D HostConnection: HostConnection::get() New Host Connection established 0xb4601c80, tid 6726
12-02 18:57:57.243  2010  6726 D HostConnection: HostComposition ext ANDROID_EMU_CHECKSUM_HELPER_v1 ANDROID_EMU_dma_v1 ANDROID_EMU_direct_mem ANDROID_EMU_host_composition_v1 ANDROID_EMU_host_composition_v2 ANDROID_EMU_vulkan ANDROID_EMU_deferred_vulkan_commands ANDROID_EMU_vulkan_null_optional_strings ANDROID_EMU_vulkan_create_resources_with_requirements ANDROID_EMU_YUV_Cache ANDROID_EMU_vulkan_ignored_handles ANDROID_EMU_vulkan_free_memory_sync ANDROID_EMU_vulkan_shader_float16_int8 ANDROID_EMU_vulkan_async_queue_submit ANDROID_EMU_sync_buffer_data GL_OES_vertex_array_object GL_KHR_texture_compression_astc_ldr ANDROID_EMU_host_side_tracing ANDROID_EMU_gles_max_version_2 
12-02 18:57:57.244  2010  6726 W OpenGLRenderer: Failed to choose config with EGL_SWAP_BEHAVIOR_PRESERVED, retrying without...
12-02 18:57:57.251  2448  2466 I s.nexuslaunche: NativeAlloc concurrent copying GC freed 118(48KB) AllocSpace objects, 0(0B) LOS objects, 49% free, 2733KB/5466KB, paused 9.358ms total 127.115ms
12-02 18:57:57.255 28895 28895 D LifecycleMonitor: Lifecycle status change: ru.iteco.fmhandroid.ui.AppActivity@4e56390 in: STOPPED
12-02 18:57:57.264  1750  1750 W audio_hw_generic: Not supplying enough data to HAL, expected position 390043924 , only wrote 389705770
12-02 18:57:57.280 28895 28939 I TestRunner: started: shouldCreateAClaimWithATitleWith49Characters(ru.iteco.fmhandroid.ui.ClaimsCreationFormTest)
12-02 18:57:57.283 28895 28895 W System.err: ru.iteco.fmhandroid.exceptions.UnknownException
12-02 18:57:57.284 28895 28895 W System.err: 	at ru.iteco.fmhandroid.utils.Utils.makeRequest(Utils.kt:123)
12-02 18:57:57.284 28895 28895 W System.err: 	at ru.iteco.fmhandroid.utils.Utils$makeRequest$1.invokeSuspend(Unknown Source:15)
12-02 18:57:57.284 28895 28895 W System.err: 	at kotlin.coroutines.jvm.internal.BaseContinuationImpl.resumeWith(ContinuationImpl.kt:33)
12-02 18:57:57.284 28895 28895 W System.err: 	at kotlinx.coroutines.DispatchedTaskKt.resume(DispatchedTask.kt:234)
12-02 18:57:57.284 28895 28895 W System.err: 	at kotlinx.coroutines.DispatchedTaskKt.resumeUnconfined(DispatchedTask.kt:190)
12-02 18:57:57.284 28895 28895 W System.err: 	at kotlinx.coroutines.DispatchedTaskKt.dispatch(DispatchedTask.kt:161)
12-02 18:57:57.284 28895 28895 W System.err: 	at kotlinx.coroutines.CancellableContinuationImpl.dispatchResume(CancellableContinuationImpl.kt:397)
12-02 18:57:57.284 28895 28895 W System.err: 	at kotlinx.coroutines.CancellableContinuationImpl.cancel(CancellableContinuationImpl.kt:183)
12-02 18:57:57.284 28895 28895 W System.err: 	at kotlinx.coroutines.CancellableContinuationImpl.parentCancelled$kotlinx_coroutines_core(CancellableContinuationImpl.kt:190)
12-02 18:57:57.284 28895 28895 W System.err: 	at kotlinx.coroutines.ChildContinuation.invoke(JobSupport.kt:1474)
12-02 18:57:57.284 28895 28895 W System.err: 	at kotlinx.coroutines.JobSupport.notifyCancelling(JobSupport.kt:1499)
12-02 18:57:57.284 28895 28895 W System.err: 	at kotlinx.coroutines.JobSupport.tryMakeCancelling(JobSupport.kt:795)
12-02 18:57:57.284 28895 28895 W System.err: 	at kotlinx.coroutines.JobSupport.makeCancelling(JobSupport.kt:755)
12-02 18:57:57.284 28895 28895 W System.err: 	at kotlinx.coroutines.JobSupport.cancelImpl$kotlinx_coroutines_core(JobSupport.kt:671)
12-02 18:57:57.284 28895 28895 W System.err: 	at kotlinx.coroutines.JobSupport.parentCancelled(JobSupport.kt:637)
12-02 18:57:57.284 28895 28895 W System.err: 	at kotlinx.coroutines.ChildHandleNode.invoke(JobSupport.kt:1465)
12-02 18:57:57.284 28895 28895 W System.err: 	at kotlinx.coroutines.JobSupport.notifyCancelling(JobSupport.kt:1499)
12-02 18:57:57.284 28895 28895 W System.err: 	at kotlinx.coroutines.JobSupport.tryMakeCompletingSlowPath(JobSupport.kt:900)
12-02 18:57:57.284 28895 28895 W System.err: 	at kotlinx.coroutines.JobSupport.tryMakeCompleting(JobSupport.kt:863)
12-02 18:57:57.284 28895 28895 W System.err: 	at kotlinx.coroutines.JobSupport.cancelMakeCompleting(JobSupport.kt:696)
12-02 18:57:57.285 28895 28895 W System.err: 	at kotlinx.coroutines.JobSupport.cancelImpl$kotlinx_coroutines_core(JobSupport.kt:667)
12-02 18:57:57.285 28895 28895 W System.err: 	at kotlinx.coroutines.JobSupport.cancelInternal(JobSupport.kt:632)
12-02 18:57:57.285 28895 28895 W System.err: 	at kotlinx.coroutines.JobSupport.cancel(JobSupport.kt:617)
12-02 18:57:57.289 28895 28895 W System.err: 	at kotlinx.coroutines.JobKt__JobKt.cancel(Job.kt:561)
12-02 18:57:57.289 28895 28895 W System.err: 	at kotlinx.coroutines.JobKt.cancel(Unknown Source:1)
12-02 18:57:57.289 28895 28895 W System.err: 	at kotlinx.coroutines.JobKt__JobKt.cancel$default(Job.kt:560)
12-02 18:57:57.289 28895 28895 W System.err: 	at kotlinx.coroutines.JobKt.cancel$default(Unknown Source:1)
12-02 18:57:57.289 28895 28895 W System.err: 	at androidx.lifecycle.CloseableCoroutineScope.close(ViewModel.kt:51)
12-02 18:57:57.289 28895 28895 W System.err: 	at androidx.lifecycle.ViewModel.closeWithRuntimeException(ViewModel.java:188)
12-02 18:57:57.289 28895 28895 W System.err: 	at androidx.lifecycle.ViewModel.clear(ViewModel.java:134)
12-02 18:57:57.289 28895 28895 W System.err: 	at androidx.lifecycle.ViewModelStore.clear(ViewModelStore.java:62)
12-02 18:57:57.289 28895 28895 W System.err: 	at androidx.fragment.app.FragmentManagerViewModel.clearNonConfigStateInternal(FragmentManagerViewModel.java:210)
12-02 18:57:57.290 28895 28895 W System.err: 	at androidx.fragment.app.FragmentManagerViewModel.clearNonConfigState(FragmentManagerViewModel.java:190)
12-02 18:57:57.290 28895 28895 W System.err: 	at androidx.fragment.app.FragmentStateManager.destroy(FragmentStateManager.java:778)
12-02 18:57:57.290 28895 28895 W System.err: 	at androidx.fragment.app.FragmentStateManager.moveToExpectedState(FragmentStateManager.java:335)
12-02 18:57:57.290 28895 28895 W System.err: 	at androidx.fragment.app.FragmentStore.moveToExpectedState(FragmentStore.java:121)
12-02 18:57:57.290 28895 28895 W System.err: 	at androidx.fragment.app.FragmentManager.moveToState(FragmentManager.java:1374)
12-02 18:57:57.290 28895 28895 W System.err: 	at androidx.fragment.app.FragmentManager.dispatchStateChange(FragmentManager.java:2841)
12-02 18:57:57.290 28895 28895 W System.err: 	at androidx.fragment.app.FragmentManager.dispatchDestroy(FragmentManager.java:2820)
12-02 18:57:57.290 28895 28895 W System.err: 	at androidx.fragment.app.Fragment.performDestroy(Fragment.java:3246)
12-02 18:57:57.290 28895 28895 W System.err: 	at androidx.fragment.app.FragmentStateManager.destroy(FragmentStateManager.java:780)
12-02 18:57:57.290 28895 28895 W System.err: 	at androidx.fragment.app.FragmentStateManager.moveToExpectedState(FragmentStateManager.java:335)
12-02 18:57:57.290 28895 28895 W System.err: 	at androidx.fragment.app.SpecialEffectsController$FragmentStateManagerOperation.complete(SpecialEffectsController.java:771)
12-02 18:57:57.290 28895 28895 W System.err: 	at androidx.fragment.app.SpecialEffectsController$Operation.cancel(SpecialEffectsController.java:615)
12-02 18:57:57.290 28895 28895 W System.err: 	at androidx.fragment.app.SpecialEffectsController.forceCompleteAllOperations(SpecialEffectsController.java:350)
12-02 18:57:57.290 28895 28895 W System.err: 	at androidx.fragment.app.FragmentManager.dispatchStateChange(FragmentManager.java:2844)
12-02 18:57:57.290 28895 28895 W System.err: 	at androidx.fragment.app.FragmentManager.dispatchDestroy(FragmentManager.java:2820)
12-02 18:57:57.290 28895 28895 W System.err: 	at androidx.fragment.app.FragmentController.dispatchDestroy(FragmentController.java:345)
12-02 18:57:57.290 28895 28895 W System.err: 	at androidx.fragment.app.FragmentActivity.onDestroy(FragmentActivity.java:306)
12-02 18:57:57.290 28895 28895 W System.err: 	at androidx.appcompat.app.AppCompatActivity.onDestroy(AppCompatActivity.java:278)
12-02 18:57:57.290 28895 28895 W System.err: 	at android.app.Activity.performDestroy(Activity.java:8048)
12-02 18:57:57.290 28895 28895 W System.err: 	at android.app.Instrumentation.callActivityOnDestroy(Instrumentation.java:1334)
12-02 18:57:57.290 28895 28895 W System.err: 	at androidx.test.runner.MonitoringInstrumentation.callActivityOnDestroy(MonitoringInstrumentation.java:766)
12-02 18:57:57.290 28895 28895 W System.err: 	at android.app.ActivityThread.performDestroyActivity(ActivityThread.java:4926)
12-02 18:57:57.290 28895 28895 W System.err: 	at android.app.ActivityThread.handleDestroyActivity(ActivityThread.java:4970)
12-02 18:57:57.290 28895 28895 W System.err: 	at android.app.servertransaction.DestroyActivityItem.execute(DestroyActivityItem.java:44)
12-02 18:57:57.290 28895 28895 W System.err: 	at android.app.servertransaction.TransactionExecutor.executeLifecycleState(TransactionExecutor.java:176)
12-02 18:57:57.290 28895 28895 W System.err: 	at android.app.servertransaction.TransactionExecutor.execute(TransactionExecutor.java:97)
12-02 18:57:57.290 28895 28895 W System.err: 	at android.app.ActivityThread$H.handleMessage(ActivityThread.java:2016)
12-02 18:57:57.290 28895 28895 W System.err: 	at android.os.Handler.dispatchMessage(Handler.java:107)
12-02 18:57:57.290 28895 28895 W System.err: 	at android.os.Looper.loop(Looper.java:214)
12-02 18:57:57.290 28895 28895 W System.err: 	at android.app.ActivityThread.main(ActivityThread.java:7356)
12-02 18:57:57.290 28895 28895 W System.err: 	at java.lang.reflect.Method.invoke(Native Method)
12-02 18:57:57.290 28895 28895 W System.err: 	at com.android.internal.os.RuntimeInit$MethodAndArgsCaller.run(RuntimeInit.java:492)
12-02 18:57:57.290 28895 28895 W System.err: 	at com.android.internal.os.ZygoteInit.main(ZygoteInit.java:930)
12-02 18:57:57.310  2010  6726 D EGL_emulation: eglCreateContext: 0xd856c380: maj 2 min 0 rcv 2
12-02 18:57:57.313 28895 28895 W System.err: ru.iteco.fmhandroid.exceptions.UnknownException
12-02 18:57:57.318 28895 28895 W System.err: 	at ru.iteco.fmhandroid.utils.Utils.makeRequest(Utils.kt:123)
12-02 18:57:57.319 28895 28895 W System.err: 	at ru.iteco.fmhandroid.utils.Utils$makeRequest$1.invokeSuspend(Unknown Source:15)
12-02 18:57:57.319 28895 28895 W System.err: 	at kotlin.coroutines.jvm.internal.BaseContinuationImpl.resumeWith(ContinuationImpl.kt:33)
12-02 18:57:57.319 28895 28895 W System.err: 	at kotlinx.coroutines.DispatchedTaskKt.resume(DispatchedTask.kt:234)
12-02 18:57:57.319 28895 28895 W System.err: 	at kotlinx.coroutines.DispatchedTaskKt.resumeUnconfined(DispatchedTask.kt:190)
12-02 18:57:57.319 28895 28895 W System.err: 	at kotlinx.coroutines.DispatchedTaskKt.dispatch(DispatchedTask.kt:161)
12-02 18:57:57.319 28895 28895 W System.err: 	at kotlinx.coroutines.CancellableContinuationImpl.dispatchResume(CancellableContinuationImpl.kt:397)
12-02 18:57:57.319 28895 28895 W System.err: 	at kotlinx.coroutines.CancellableContinuationImpl.cancel(CancellableContinuationImpl.kt:183)
12-02 18:57:57.320 28895 28895 W System.err: 	at kotlinx.coroutines.CancellableContinuationImpl.parentCancelled$kotlinx_coroutines_core(CancellableContinuationImpl.kt:190)
12-02 18:57:57.320 28895 28895 W System.err: 	at kotlinx.coroutines.ChildContinuation.invoke(JobSupport.kt:1474)
12-02 18:57:57.320 28895 28895 W System.err: 	at kotlinx.coroutines.JobSupport.notifyCancelling(JobSupport.kt:1499)
12-02 18:57:57.320 28895 28895 W System.err: 	at kotlinx.coroutines.JobSupport.tryMakeCancelling(JobSupport.kt:795)
12-02 18:57:57.320 28895 28895 W System.err: 	at kotlinx.coroutines.JobSupport.makeCancelling(JobSupport.kt:755)
12-02 18:57:57.320 28895 28895 W System.err: 	at kotlinx.coroutines.JobSupport.cancelImpl$kotlinx_coroutines_core(JobSupport.kt:671)
12-02 18:57:57.320  2010  6726 D EGL_emulation: eglMakeCurrent: 0xd856c380: ver 2 0 (tinfo 0xbf01f330)
12-02 18:57:57.320 28895 28895 W System.err: 	at kotlinx.coroutines.JobSupport.parentCancelled(JobSupport.kt:637)
12-02 18:57:57.323 28895 28895 W System.err: 	at kotlinx.coroutines.ChildHandleNode.invoke(JobSupport.kt:1465)
12-02 18:57:57.323 28895 28895 W System.err: 	at kotlinx.coroutines.JobSupport.notifyCancelling(JobSupport.kt:1499)
12-02 18:57:57.323 28895 28895 W System.err: 	at kotlinx.coroutines.JobSupport.tryMakeCompletingSlowPath(JobSupport.kt:900)
12-02 18:57:57.326 28895 28895 W System.err: 	at kotlinx.coroutines.JobSupport.tryMakeCompleting(JobSupport.kt:863)
12-02 18:57:57.326 28895 28895 W System.err: 	at kotlinx.coroutines.JobSupport.cancelMakeCompleting(JobSupport.kt:696)
12-02 18:57:57.326 28895 28895 W System.err: 	at kotlinx.coroutines.JobSupport.cancelImpl$kotlinx_coroutines_core(JobSupport.kt:667)
12-02 18:57:57.326 28895 28895 W System.err: 	at kotlinx.coroutines.JobSupport.cancelInternal(JobSupport.kt:632)
12-02 18:57:57.326 28895 28895 W System.err: 	at kotlinx.coroutines.JobSupport.cancel(JobSupport.kt:617)
12-02 18:57:57.326 28895 28895 W System.err: 	at kotlinx.coroutines.JobKt__JobKt.cancel(Job.kt:561)
12-02 18:57:57.327 28895 28895 W System.err: 	at kotlinx.coroutines.JobKt.cancel(Unknown Source:1)
12-02 18:57:57.327 28895 28895 W System.err: 	at kotlinx.coroutines.JobKt__JobKt.cancel$default(Job.kt:560)
12-02 18:57:57.327 28895 28895 W System.err: 	at kotlinx.coroutines.JobKt.cancel$default(Unknown Source:1)
12-02 18:57:57.327 28895 28895 W System.err: 	at androidx.lifecycle.CloseableCoroutineScope.close(ViewModel.kt:51)
12-02 18:57:57.327 28895 28895 W System.err: 	at androidx.lifecycle.ViewModel.closeWithRuntimeException(ViewModel.java:188)
12-02 18:57:57.327 28895 28895 W System.err: 	at androidx.lifecycle.ViewModel.clear(ViewModel.java:134)
12-02 18:57:57.327 28895 28895 W System.err: 	at androidx.lifecycle.ViewModelStore.clear(ViewModelStore.java:62)
12-02 18:57:57.327 28895 28895 W System.err: 	at androidx.fragment.app.FragmentManagerViewModel.clearNonConfigStateInternal(FragmentManagerViewModel.java:210)
12-02 18:57:57.328 28895 28895 W System.err: 	at androidx.fragment.app.FragmentManagerViewModel.clearNonConfigState(FragmentManagerViewModel.java:190)
12-02 18:57:57.328 28895 28895 W System.err: 	at androidx.fragment.app.FragmentStateManager.destroy(FragmentStateManager.java:778)
12-02 18:57:57.328 28895 28895 W System.err: 	at androidx.fragment.app.FragmentStateManager.moveToExpectedState(FragmentStateManager.java:335)
12-02 18:57:57.330 28895 28895 W System.err: 	at androidx.fragment.app.FragmentStore.moveToExpectedState(FragmentStore.java:121)
12-02 18:57:57.330 28895 28895 W System.err: 	at androidx.fragment.app.FragmentManager.moveToState(FragmentManager.java:1374)
12-02 18:57:57.330 28895 28895 W System.err: 	at androidx.fragment.app.FragmentManager.dispatchStateChange(FragmentManager.java:2841)
12-02 18:57:57.330 28895 28895 W System.err: 	at androidx.fragment.app.FragmentManager.dispatchDestroy(FragmentManager.java:2820)
12-02 18:57:57.330 28895 28895 W System.err: 	at androidx.fragment.app.Fragment.performDestroy(Fragment.java:3246)
12-02 18:57:57.330 28895 28895 W System.err: 	at androidx.fragment.app.FragmentStateManager.destroy(FragmentStateManager.java:780)
12-02 18:57:57.330 28895 28895 W System.err: 	at androidx.fragment.app.FragmentStateManager.moveToExpectedState(FragmentStateManager.java:335)
12-02 18:57:57.330 28895 28895 W System.err: 	at androidx.fragment.app.SpecialEffectsController$FragmentStateManagerOperation.complete(SpecialEffectsController.java:771)
12-02 18:57:57.330 28895 28895 W System.err: 	at androidx.fragment.app.SpecialEffectsController$Operation.cancel(SpecialEffectsController.java:615)
12-02 18:57:57.330 28895 28895 W System.err: 	at androidx.fragment.app.SpecialEffectsController.forceCompleteAllOperations(SpecialEffectsController.java:350)
12-02 18:57:57.330 28895 28895 W System.err: 	at androidx.fragment.app.FragmentManager.dispatchStateChange(FragmentManager.java:2844)
12-02 18:57:57.330 28895 28895 W System.err: 	at androidx.fragment.app.FragmentManager.dispatchDestroy(FragmentManager.java:2820)
12-02 18:57:57.330 28895 28895 W System.err: 	at androidx.fragment.app.FragmentController.dispatchDestroy(FragmentController.java:345)
12-02 18:57:57.330 28895 28895 W System.err: 	at androidx.fragment.app.FragmentActivity.onDestroy(FragmentActivity.java:306)
12-02 18:57:57.330 28895 28895 W System.err: 	at androidx.appcompat.app.AppCompatActivity.onDestroy(AppCompatActivity.java:278)
12-02 18:57:57.330 28895 28895 W System.err: 	at android.app.Activity.performDestroy(Activity.java:8048)
12-02 18:57:57.330 28895 28895 W System.err: 	at android.app.Instrumentation.callActivityOnDestroy(Instrumentation.java:1334)
12-02 18:57:57.330 28895 28895 W System.err: 	at androidx.test.runner.MonitoringInstrumentation.callActivityOnDestroy(MonitoringInstrumentation.java:766)
12-02 18:57:57.330 28895 28895 W System.err: 	at android.app.ActivityThread.performDestroyActivity(ActivityThread.java:4926)
12-02 18:57:57.331 28895 28895 W System.err: 	at android.app.ActivityThread.handleDestroyActivity(ActivityThread.java:4970)
12-02 18:57:57.332 28895 28895 W System.err: 	at android.app.servertransaction.DestroyActivityItem.execute(DestroyActivityItem.java:44)
12-02 18:57:57.332 28895 28895 W System.err: 	at android.app.servertransaction.TransactionExecutor.executeLifecycleState(TransactionExecutor.java:176)
12-02 18:57:57.332 28895 28895 W System.err: 	at android.app.servertransaction.TransactionExecutor.execute(TransactionExecutor.java:97)
12-02 18:57:57.332 28895 28895 W System.err: 	at android.app.ActivityThread$H.handleMessage(ActivityThread.java:2016)
12-02 18:57:57.334 28895 28895 W System.err: 	at android.os.Handler.dispatchMessage(Handler.java:107)
12-02 18:57:57.335 28895 28895 W System.err: 	at android.os.Looper.loop(Looper.java:214)
12-02 18:57:57.335 28895 28895 W System.err: 	at android.app.ActivityThread.main(ActivityThread.java:7356)
12-02 18:57:57.335 28895 28895 W System.err: 	at java.lang.reflect.Method.invoke(Native Method)
12-02 18:57:57.335 28895 28895 W System.err: 	at com.android.internal.os.RuntimeInit$MethodAndArgsCaller.run(RuntimeInit.java:492)
12-02 18:57:57.335 28895 28895 W System.err: 	at com.android.internal.os.ZygoteInit.main(ZygoteInit.java:930)
12-02 18:57:57.352 28895 28895 W System.err: ru.iteco.fmhandroid.exceptions.UnknownException
12-02 18:57:57.353 28895 28895 W System.err: 	at ru.iteco.fmhandroid.utils.Utils.makeRequest(Utils.kt:123)
12-02 18:57:57.353 28895 28895 W System.err: 	at ru.iteco.fmhandroid.utils.Utils$makeRequest$1.invokeSuspend(Unknown Source:15)
12-02 18:57:57.353 28895 28895 W System.err: 	at kotlin.coroutines.jvm.internal.BaseContinuationImpl.resumeWith(ContinuationImpl.kt:33)
12-02 18:57:57.353 28895 28895 W System.err: 	at kotlinx.coroutines.DispatchedTaskKt.resume(DispatchedTask.kt:234)
12-02 18:57:57.353 28895 28895 W System.err: 	at kotlinx.coroutines.DispatchedTaskKt.resumeUnconfined(DispatchedTask.kt:190)
12-02 18:57:57.353 28895 28895 W System.err: 	at kotlinx.coroutines.DispatchedTaskKt.dispatch(DispatchedTask.kt:161)
12-02 18:57:57.357 28895 28895 W System.err: 	at kotlinx.coroutines.CancellableContinuationImpl.dispatchResume(CancellableContinuationImpl.kt:397)
12-02 18:57:57.357 28895 28895 W System.err: 	at kotlinx.coroutines.CancellableContinuationImpl.cancel(CancellableContinuationImpl.kt:183)
12-02 18:57:57.357 28895 28895 W System.err: 	at kotlinx.coroutines.CancellableContinuationImpl.parentCancelled$kotlinx_coroutines_core(CancellableContinuationImpl.kt:190)
12-02 18:57:57.358 28895 28895 W System.err: 	at kotlinx.coroutines.ChildContinuation.invoke(JobSupport.kt:1474)
12-02 18:57:57.358 28895 28895 W System.err: 	at kotlinx.coroutines.JobSupport.notifyCancelling(JobSupport.kt:1499)
12-02 18:57:57.358 28895 28895 W System.err: 	at kotlinx.coroutines.JobSupport.tryMakeCancelling(JobSupport.kt:795)
12-02 18:57:57.358 28895 28895 W System.err: 	at kotlinx.coroutines.JobSupport.makeCancelling(JobSupport.kt:755)
12-02 18:57:57.358 28895 28895 W System.err: 	at kotlinx.coroutines.JobSupport.cancelImpl$kotlinx_coroutines_core(JobSupport.kt:671)
12-02 18:57:57.358 28895 28895 W System.err: 	at kotlinx.coroutines.JobSupport.parentCancelled(JobSupport.kt:637)
12-02 18:57:57.358 28895 28895 W System.err: 	at kotlinx.coroutines.ChildHandleNode.invoke(JobSupport.kt:1465)
12-02 18:57:57.358 28895 28895 W System.err: 	at kotlinx.coroutines.JobSupport.notifyCancelling(JobSupport.kt:1499)
12-02 18:57:57.358 28895 28895 W System.err: 	at kotlinx.coroutines.JobSupport.tryMakeCompletingSlowPath(JobSupport.kt:900)
12-02 18:57:57.358 28895 28895 W System.err: 	at kotlinx.coroutines.JobSupport.tryMakeCompleting(JobSupport.kt:863)
12-02 18:57:57.358 28895 28895 W System.err: 	at kotlinx.coroutines.JobSupport.cancelMakeCompleting(JobSupport.kt:696)
12-02 18:57:57.358 28895 28895 W System.err: 	at kotlinx.coroutines.JobSupport.cancelImpl$kotlinx_coroutines_core(JobSupport.kt:667)
12-02 18:57:57.358 28895 28895 W System.err: 	at kotlinx.coroutines.JobSupport.cancelInternal(JobSupport.kt:632)
12-02 18:57:57.359 28895 28895 W System.err: 	at kotlinx.coroutines.JobSupport.cancel(JobSupport.kt:617)
12-02 18:57:57.359 28895 28895 W System.err: 	at kotlinx.coroutines.JobKt__JobKt.cancel(Job.kt:561)
12-02 18:57:57.359 28895 28895 W System.err: 	at kotlinx.coroutines.JobKt.cancel(Unknown Source:1)
12-02 18:57:57.359 28895 28895 W System.err: 	at kotlinx.coroutines.JobKt__JobKt.cancel$default(Job.kt:560)
12-02 18:57:57.359 28895 28895 W System.err: 	at kotlinx.coroutines.JobKt.cancel$default(Unknown Source:1)
12-02 18:57:57.359 28895 28895 W System.err: 	at androidx.lifecycle.CloseableCoroutineScope.close(ViewModel.kt:51)
12-02 18:57:57.359 28895 28895 W System.err: 	at androidx.lifecycle.ViewModel.closeWithRuntimeException(ViewModel.java:188)
12-02 18:57:57.360 28895 28895 W System.err: 	at androidx.lifecycle.ViewModel.clear(ViewModel.java:134)
12-02 18:57:57.360 28895 28895 W System.err: 	at androidx.lifecycle.ViewModelStore.clear(ViewModelStore.java:62)
12-02 18:57:57.360 28895 28895 W System.err: 	at androidx.fragment.app.FragmentManagerViewModel.clearNonConfigStateInternal(FragmentManagerViewModel.java:210)
12-02 18:57:57.360 28895 28895 W System.err: 	at androidx.fragment.app.FragmentManagerViewModel.clearNonConfigState(FragmentManagerViewModel.java:190)
12-02 18:57:57.360 28895 28895 W System.err: 	at androidx.fragment.app.FragmentStateManager.destroy(FragmentStateManager.java:778)
12-02 18:57:57.360 28895 28895 W System.err: 	at androidx.fragment.app.FragmentStateManager.moveToExpectedState(FragmentStateManager.java:335)
12-02 18:57:57.363 28895 28895 W System.err: 	at androidx.fragment.app.FragmentStore.moveToExpectedState(FragmentStore.java:121)
12-02 18:57:57.365 28895 28895 W System.err: 	at androidx.fragment.app.FragmentManager.moveToState(FragmentManager.java:1374)
12-02 18:57:57.365 28895 28895 W System.err: 	at androidx.fragment.app.FragmentManager.dispatchStateChange(FragmentManager.java:2841)
12-02 18:57:57.365 28895 28895 W System.err: 	at androidx.fragment.app.FragmentManager.dispatchDestroy(FragmentManager.java:2820)
12-02 18:57:57.365 28895 28895 W System.err: 	at androidx.fragment.app.Fragment.performDestroy(Fragment.java:3246)
12-02 18:57:57.367 28895 28895 W System.err: 	at androidx.fragment.app.FragmentStateManager.destroy(FragmentStateManager.java:780)
12-02 18:57:57.367 28895 28895 W System.err: 	at androidx.fragment.app.FragmentStateManager.moveToExpectedState(FragmentStateManager.java:335)
12-02 18:57:57.367 28895 28895 W System.err: 	at androidx.fragment.app.SpecialEffectsController$FragmentStateManagerOperation.complete(SpecialEffectsController.java:771)
12-02 18:57:57.367 28895 28895 W System.err: 	at androidx.fragment.app.SpecialEffectsController$Operation.cancel(SpecialEffectsController.java:615)
12-02 18:57:57.367 28895 28895 W System.err: 	at androidx.fragment.app.SpecialEffectsController.forceCompleteAllOperations(SpecialEffectsController.java:350)
12-02 18:57:57.367 28895 28895 W System.err: 	at androidx.fragment.app.FragmentManager.dispatchStateChange(FragmentManager.java:2844)
12-02 18:57:57.368 28895 28895 W System.err: 	at androidx.fragment.app.FragmentManager.dispatchDestroy(FragmentManager.java:2820)
12-02 18:57:57.369 28895 28895 W System.err: 	at androidx.fragment.app.FragmentController.dispatchDestroy(FragmentController.java:345)
12-02 18:57:57.369 28895 28895 W System.err: 	at androidx.fragment.app.FragmentActivity.onDestroy(FragmentActivity.java:306)
12-02 18:57:57.369 28895 28895 W System.err: 	at androidx.appcompat.app.AppCompatActivity.onDestroy(AppCompatActivity.java:278)
12-02 18:57:57.370 28895 28895 W System.err: 	at android.app.Activity.performDestroy(Activity.java:8048)
12-02 18:57:57.371 28895 28895 W System.err: 	at android.app.Instrumentation.callActivityOnDestroy(Instrumentation.java:1334)
12-02 18:57:57.371 28895 28895 W System.err: 	at androidx.test.runner.MonitoringInstrumentation.callActivityOnDestroy(MonitoringInstrumentation.java:766)
12-02 18:57:57.371 28895 28895 W System.err: 	at android.app.ActivityThread.performDestroyActivity(ActivityThread.java:4926)
12-02 18:57:57.371 28895 28895 W System.err: 	at android.app.ActivityThread.handleDestroyActivity(ActivityThread.java:4970)
12-02 18:57:57.371 28895 28895 W System.err: 	at android.app.servertransaction.DestroyActivityItem.execute(DestroyActivityItem.java:44)
12-02 18:57:57.371 28895 28895 W System.err: 	at android.app.servertransaction.TransactionExecutor.executeLifecycleState(TransactionExecutor.java:176)
12-02 18:57:57.371 28895 28895 W System.err: 	at android.app.servertransaction.TransactionExecutor.execute(TransactionExecutor.java:97)
12-02 18:57:57.371 28895 28895 W System.err: 	at android.app.ActivityThread$H.handleMessage(ActivityThread.java:2016)
12-02 18:57:57.371 28895 28895 W System.err: 	at android.os.Handler.dispatchMessage(Handler.java:107)
12-02 18:57:57.372 28895 28895 W System.err: 	at android.os.Looper.loop(Looper.java:214)
12-02 18:57:57.372 28895 28895 W System.err: 	at android.app.ActivityThread.main(ActivityThread.java:7356)
12-02 18:57:57.372 28895 28895 W System.err: 	at java.lang.reflect.Method.invoke(Native Method)
12-02 18:57:57.372 28895 28895 W System.err: 	at com.android.internal.os.RuntimeInit$MethodAndArgsCaller.run(RuntimeInit.java:492)
12-02 18:57:57.372 28895 28895 W System.err: 	at com.android.internal.os.ZygoteInit.main(ZygoteInit.java:930)
12-02 18:57:57.374   642   672 D EGL_emulation: eglMakeCurrent: 0xdb91b740: ver 2 0 (tinfo 0xeec89de0)
12-02 18:57:57.404 28895 28895 D LifecycleMonitor: Lifecycle status change: ru.iteco.fmhandroid.ui.AppActivity@4e56390 in: DESTROYED
12-02 18:57:57.513 28895 28939 W ActivityTestRule: getActivityIntent() returned null using default: Intent(Intent.ACTION_MAIN)
12-02 18:57:57.520  2010  7377 I ActivityTaskManager: START u0 {act=android.intent.action.MAIN flg=0x10000000 cmp=ru.iteco.fmhandroid/.ui.AppActivity} from uid 10159
12-02 18:57:57.557  2010  2132 D ConnectivityService: releasing NetworkRequest [ TRACK_DEFAULT id=223, [ Capabilities: INTERNET&NOT_RESTRICTED&TRUSTED Uid: 10127] ] (release request)
12-02 18:57:57.562  2010  2037 E system_server: Invalid ID 0x00000000.
12-02 18:57:57.564  2010  5522 W InputReader: Device has associated, but no associated display id.
12-02 18:57:57.569  2010  5522 I chatty  : uid=1000(system) Binder:2010_14 identical 38 lines
12-02 18:57:57.569  2010  5522 W InputReader: Device has associated, but no associated display id.
12-02 18:57:57.575 28895 28895 W ActivityThread: handleWindowVisibility: no activity for token android.os.BinderProxy@c9d1468
12-02 18:57:57.580  2010  5522 W InputReader: Device has associated, but no associated display id.
12-02 18:57:57.581  2010  5522 I chatty  : uid=1000(system) Binder:2010_14 identical 8 lines
12-02 18:57:57.581  2010  5522 W InputReader: Device has associated, but no associated display id.
12-02 18:57:57.613  1772  1875 D gralloc_ranchu: gralloc_alloc: Creating ashmem region of size 14749696
12-02 18:57:57.630 28895 28895 D LifecycleMonitor: Lifecycle status change: ru.iteco.fmhandroid.ui.AppActivity@4630f14 in: PRE_ON_CREATE
12-02 18:57:57.646 28895 28929 V FA      : onActivityCreated
12-02 18:57:57.697 28895 28895 D LifecycleMonitor: Lifecycle status change: ru.iteco.fmhandroid.ui.AppActivity@4630f14 in: CREATED
12-02 18:57:57.707  2010  2037 W InputReader: Device has associated, but no associated display id.
12-02 18:57:57.711  2010  2037 I chatty  : uid=1000(system) android.anim identical 18 lines
12-02 18:57:57.711  2010  2037 W InputReader: Device has associated, but no associated display id.
12-02 18:57:57.713  1772  1875 D gralloc_ranchu: gralloc_alloc: Creating ashmem region of size 9441280
12-02 18:57:57.735  2010  2025 I system_server: NativeAlloc concurrent copying GC freed 20704(1055KB) AllocSpace objects, 4(208KB) LOS objects, 22% free, 20MB/26MB, paused 3.758ms total 280.406ms
12-02 18:57:57.742  2169  2501 D EGL_emulation: eglMakeCurrent: 0xdb91a600: ver 2 0 (tinfo 0xdb90f8d0)
12-02 18:57:57.766  2169  2501 I chatty  : uid=10111(com.android.systemui) RenderThread identical 1 line
12-02 18:57:57.778  2169  2501 D EGL_emulation: eglMakeCurrent: 0xdb91a600: ver 2 0 (tinfo 0xdb90f8d0)
12-02 18:57:57.813   642   672 D EGL_emulation: eglMakeCurrent: 0xeec7fbe0: ver 2 0 (tinfo 0xeec89de0)
12-02 18:57:57.816   642   672 D EGL_emulation: eglMakeCurrent: 0xdb91b740: ver 2 0 (tinfo 0xeec89de0)
12-02 18:57:57.819   642   672 D EGL_emulation: eglMakeCurrent: 0xeec7fbe0: ver 2 0 (tinfo 0xeec89de0)
12-02 18:57:57.821   642   672 D EGL_emulation: eglMakeCurrent: 0xdb91b740: ver 2 0 (tinfo 0xeec89de0)
12-02 18:57:57.825   642   672 D EGL_emulation: eglMakeCurrent: 0xeec7fbe0: ver 2 0 (tinfo 0xeec89de0)
12-02 18:57:57.828   642   672 D EGL_emulation: eglMakeCurrent: 0xdb91b740: ver 2 0 (tinfo 0xeec89de0)
12-02 18:57:57.849 28895 28895 D LifecycleMonitor: Lifecycle status change: ru.iteco.fmhandroid.ui.AppActivity@4630f14 in: STARTED
12-02 18:57:57.853 28895 28934 V FA      : Activity resumed, time: 89114257
12-02 18:57:57.853 28895 28895 D LifecycleMonitor: Lifecycle status change: ru.iteco.fmhandroid.ui.AppActivity@4630f14 in: RESUMED
12-02 18:57:57.862   642   672 D EGL_emulation: eglMakeCurrent: 0xeec7fbe0: ver 2 0 (tinfo 0xeec89de0)
12-02 18:57:57.868   642   672 D EGL_emulation: eglMakeCurrent: 0xdb91b7a0: ver 2 0 (tinfo 0xeec89de0)
12-02 18:57:57.873   642   672 D EGL_emulation: eglMakeCurrent: 0xeec7fbe0: ver 2 0 (tinfo 0xeec89de0)
12-02 18:57:57.880   642   672 D EGL_emulation: eglMakeCurrent: 0xdb91b7a0: ver 2 0 (tinfo 0xeec89de0)
12-02 18:57:57.884   642   672 D EGL_emulation: eglMakeCurrent: 0xeec7fbe0: ver 2 0 (tinfo 0xeec89de0)
12-02 18:57:57.889   642   672 D EGL_emulation: eglMakeCurrent: 0xdb91b7a0: ver 2 0 (tinfo 0xeec89de0)
12-02 18:57:57.905  1772  1875 D gralloc_ranchu: gralloc_alloc: Creating ashmem region of size 14749696
12-02 18:57:57.934   543   578 D EGL_emulation: eglMakeCurrent: 0xeec7f2e0: ver 2 0 (tinfo 0xe39facd0)
12-02 18:57:57.940   642   672 D EGL_emulation: eglMakeCurrent: 0xeec7fbe0: ver 2 0 (tinfo 0xeec89de0)
12-02 18:57:57.944  1772  1875 D gralloc_ranchu: gralloc_alloc: Creating ashmem region of size 14749696
12-02 18:57:57.955  1772  1875 D gralloc_ranchu: gralloc_alloc: Creating ashmem region of size 14749696
12-02 18:57:57.963 28895 28955 D EGL_emulation: eglMakeCurrent: 0xe3a07540: ver 2 0 (tinfo 0xe3a93cb0)
12-02 18:57:58.001  2169  2501 D EGL_emulation: eglMakeCurrent: 0xdb91a600: ver 2 0 (tinfo 0xdb90f8d0)
12-02 18:57:58.038  2010  2041 I ActivityTaskManager: Displayed ru.iteco.fmhandroid/.ui.AppActivity: +486ms
12-02 18:57:58.084 28895 28895 I ViewInteraction: Performing 'wait for a specific view with <(an instance of android.widget.TextView and view.getText() with or without transformation to match: is "Authorization" and view.getParent() view.getParent() view.getId() is <2131231186>)> during 10000 millis.' action on view view.getRootView() to equal view
12-02 18:57:58.143  2881 28946 V FA-SVC  : Logging event: origin=auto,name=screen_view(_vs),params=Bundle[{ga_event_origin(_o)=auto, ga_previous_class(_pc)=AppActivity, ga_previous_id(_pi)=-2112231893253735573, ga_screen_class(_sc)=AppActivity, ga_screen_id(_si)=-2112231893253735572}]
12-02 18:57:58.151   543   595 I cr_BindingManager: onTrimMemory: level=20, size=1
12-02 18:57:58.181  2881 28946 V FA-SVC  : Upload scheduled in approximately ms: 1244131
12-02 18:57:58.181  2881 28946 V FA-SVC  : Unscheduling upload
12-02 18:57:58.186  2881 28946 V FA-SVC  : Scheduling upload, millis: 1244131
12-02 18:57:58.188  2881 28946 V FA-SVC  : Background event processing time, ms: 45
